
U-Boot SPL 2014.01-00219-gc4d376f (Feb 18 2014 - 19:57:18)


U-Boot 2014.01-00219-gc4d376f (Feb 18 2014 - 19:57:18)

TEGRA30
Board: NVIDIA Beaver
I2C:   ready
DRAM:  2 GiB
MMC:   Tegra SD/MMC: 0, Tegra SD/MMC: 1
In:    serial
Out:   serial
Err:   serial
Net:   Net Initialization Skipped
No ethernet found.
Hit any key to stop autoboot:  2  0 
Tegra30 (Beaver) # 
Tegra30 (Beaver) # usb reset
(Re)start USB...
USB0:   USB EHCI 1.00
scanning bus 0 for devices... 2 USB Device(s) found
       scanning usb for storage devices... 0 Storage Device(s) found
       scanning usb for ethernet devices... 
Warning: asx0 using MAC address from net device
1 Ethernet Device(s) found
Tegra30 (Beaver) # setenv bootargs 'ignore_loglevel console=ttyS0,115200n8 rw root=PARTUUID=edbe1840-3633-c751-7993-b0ac834f81e0 rootwait gpt debug noinitrd earlyprintk init=/bin/bash'
Tegra30 (Beaver) # setenv ipaddr 192.168.100.101; setenv serverip 192.168.100.1; setenv tftpserverip 192.168.100.1
Tegra30 (Beaver) # tftpboot 0x81000000 zImage.tegra_defconfig
Using asx0 device
TFTP from server 192.168.100.1; our IP address is 192.168.100.101
Filename 'zImage.tegra_defconfig'.
Load address: 0x81000000
Loading: *#################################################################
	 #################################################################
	 #################################################################
	 #################################################################
	 #################################################################
	 #################################################################
	 #################################
	 3.2 MiB/s
done
Bytes transferred = 6202176 (5ea340 hex)
Tegra30 (Beaver) # tftpboot 0x82000000 tegra30-beaver.dtb
Using asx0 device
TFTP from server 192.168.100.1; our IP address is 192.168.100.101
Filename 'tegra30-beaver.dtb'.
Load address: 0x82000000
Loading: *####
	 2.6 MiB/s
done
Bytes transferred = 51470 (c90e hex)
Tegra30 (Beaver) # bootz 0x81000000 - 0x82000000
Kernel image @ 0x81000000 [ 0x000000 - 0x5ea340 ]
## Flattened Device Tree blob at 82000000
   Booting using the fdt blob at 0x82000000
   Loading Device Tree to 8fff0000, end 8ffff90d ... OK

Starting kernel ...

[    0.000000] Booting Linux on physical CPU 0x0
[    0.000000] Linux version 4.15.0-rc6-next-20180102-22410-ge0e9981 (jonathanh@kaivo) (gcc version 4.7.3 20130328 (prerelease) (crosstool-NG linaro-1.13.1-4.7-2013.04-20130415 - Linaro GCC 2013.04)) #1 SMP PREEMPT Tue Jan 2 07:15:58 PST 2018
[    0.000000] CPU: ARMv7 Processor [412fc099] revision 9 (ARMv7), cr=10c5387d
[    0.000000] CPU: PIPT / VIPT nonaliasing data cache, VIPT aliasing instruction cache
[    0.000000] OF: fdt: Machine model: NVIDIA Tegra30 Beaver evaluation board
[    0.000000] debug: ignoring loglevel setting.
[    0.000000] bootconsole [earlycon0] enabled
[    0.000000] Memory policy: Data cache writealloc
[    0.000000] cma: Reserved 64 MiB at 0xfbc00000
[    0.000000] On node 0 totalpages: 524032
[    0.000000]   Normal zone: 1536 pages used for memmap
[    0.000000]   Normal zone: 0 pages reserved
[    0.000000]   Normal zone: 196608 pages, LIFO batch:31
[    0.000000]   HighMem zone: 327424 pages, LIFO batch:31
[    0.000000] random: fast init done
[    0.000000] percpu: Embedded 17 pages/cpu @(ptrval) s39104 r8192 d22336 u69632
[    0.000000] pcpu-alloc: s39104 r8192 d22336 u69632 alloc=17*4096
[    0.000000] pcpu-alloc: [0] 0 [0] 1 [0] 2 [0] 3 
[    0.000000] Built 1 zonelists, mobility grouping on.  Total pages: 522496
[    0.000000] Kernel command line: ignore_loglevel console=ttyS0,115200n8 rw root=PARTUUID=edbe1840-3633-c751-7993-b0ac834f81e0 rootwait gpt debug noinitrd earlyprintk init=/bin/bash
[    0.000000] Dentry cache hash table entries: 131072 (order: 7, 524288 bytes)
[    0.000000] Inode-cache hash table entries: 65536 (order: 6, 262144 bytes)
[    0.000000] Memory: 1998528K/2096128K available (9216K kernel code, 780K rwdata, 2576K rodata, 1024K init, 298K bss, 32064K reserved, 65536K cma-reserved, 1244160K highmem)
[    0.000000] Virtual kernel memory layout:
[    0.000000]     vector  : 0xffff0000 - 0xffff1000   (   4 kB)
[    0.000000]     fixmap  : 0xffc00000 - 0xfff00000   (3072 kB)
[    0.000000]     vmalloc : 0xf0800000 - 0xff800000   ( 240 MB)
[    0.000000]     lowmem  : 0xc0000000 - 0xf0000000   ( 768 MB)
[    0.000000]     pkmap   : 0xbfe00000 - 0xc0000000   (   2 MB)
[    0.000000]     modules : 0xbf000000 - 0xbfe00000   (  14 MB)
[    0.000000]       .text : 0x(ptrval) - 0x(ptrval)   (10208 kB)
[    0.000000]       .init : 0x(ptrval) - 0x(ptrval)   (1024 kB)
[    0.000000]       .data : 0x(ptrval) - 0x(ptrval)   ( 781 kB)
[    0.000000]        .bss : 0x(ptrval) - 0x(ptrval)   ( 299 kB)
[    0.000000] Preemptible hierarchical RCU implementation.
[    0.000000] 	Tasks RCU enabled.
[    0.000000] NR_IRQS: 16, nr_irqs: 16, preallocated irqs: 16
[    0.000000] /interrupt-controller@60004000: 160 interrupts forwarded to /interrupt-controller@50041000
[    0.000000] L2C: platform modifies aux control register: 0x02080000 -> 0x3e480001
[    0.000000] L2C: DT/platform modifies aux control register: 0x02080000 -> 0x3e480001
[    0.000000] L2C-310 erratum 769419 enabled
[    0.000000] L2C-310 enabling early BRESP for Cortex-A9
[    0.000000] L2C-310: enabling full line of zeros but not enabled in Cortex-A9
[    0.000000] L2C-310 dynamic clock gating enabled, standby mode enabled
[    0.000000] L2C-310 cache controller enabled, 8 ways, 1024 kB
[    0.000000] L2C-310: CACHE_ID 0x410000c7, AUX_CTRL 0x4e480001
[    0.000013] sched_clock: 32 bits at 1000kHz, resolution 1000ns, wraps every 2147483647500ns
[    0.006450] clocksource: timer_us: mask: 0xffffffff max_cycles: 0xffffffff, max_idle_ns: 1911260446275 ns
[    0.015980] Switching to timer-based delay loop, resolution 1000ns
[    0.022990] Console: colour dummy device 80x30
[    0.026568] Calibrating delay loop (skipped), value calculated using timer frequency.. 2.00 BogoMIPS (lpj=10000)
[    0.036699] pid_max: default: 32768 minimum: 301
[    0.041648] Mount-cache hash table entries: 2048 (order: 1, 8192 bytes)
[    0.047874] Mountpoint-cache hash table entries: 2048 (order: 1, 8192 bytes)
[    0.055603] CPU: Testing write buffer coherency: ok
[    0.060114] CPU0: thread -1, cpu 0, socket 0, mpidr 80000000
[    0.100015] Setting up static identity map for 0x80100000 - 0x801000a0
[    0.104727] Hierarchical SRCU implementation.
[    0.120428] Tegra Revision: A03 SKU: 128 CPU Process: 4 SoC Process: 0
[    0.139972] smp: Bringing up secondary CPUs ...
[    0.200398] CPU1: thread -1, cpu 1, socket 0, mpidr 80000001
[    0.280385] CPU2: thread -1, cpu 2, socket 0, mpidr 80000002
[    0.360383] CPU3: thread -1, cpu 3, socket 0, mpidr 80000003
[    0.360444] smp: Brought up 1 node, 4 CPUs
[    0.379526] SMP: Total of 4 processors activated (8.00 BogoMIPS).
[    0.385601] CPU: All CPU(s) started in SVC mode.
[    0.391292] devtmpfs: initialized
[    0.406967] Built 1 zonelists, mobility grouping on.  Total pages: 516016
[    0.412369] VFP support v0.3: implementor 41 architecture 3 part 30 variant 9 rev 4
[    0.419880] clocksource: jiffies: mask: 0xffffffff max_cycles: 0xffffffff, max_idle_ns: 19112604462750000 ns
[    0.429289] futex hash table entries: 1024 (order: 4, 65536 bytes)
[    0.435684] pinctrl core: initialized pinctrl subsystem
[    0.441810] NET: Registered protocol family 16
[    0.446848] DMA: preallocated 256 KiB pool for atomic coherent allocations
[    0.453041] cpuidle: using governor menu
[    0.469633] No ATAGs?
[    0.469763] hw-breakpoint: found 5 (+1 reserved) breakpoint and 1 watchpoint registers.
[    0.478099] hw-breakpoint: maximum watchpoint size is 4 bytes.
[    0.485353] tegra-mc 7000f000.memory-controller: no memory timings for RAM code 3 registered
[    0.492545] iommu: Adding device 54200000.dc to group 0
[    0.497545] iommu: Adding device 54240000.dc to group 0
[    0.516775] vdd_5v_sata: Failed to request enable GPIO30: -517
[    0.520743] reg-fixed-voltage regulators:regulator@3: Failed to register regulator: -517
[    0.528815] usb1_vbus: Failed to request enable GPIO238: -517
[    0.534502] reg-fixed-voltage regulators:regulator@4: Failed to register regulator: -517
[    0.542615] usb3_vbus: Failed to request enable GPIO236: -517
[    0.548253] reg-fixed-voltage regulators:regulator@5: Failed to register regulator: -517
[    0.556456] sys_3v3_pexs: Failed to request enable GPIO95: -517
[    0.562222] reg-fixed-voltage regulators:regulator@7: Failed to register regulator: -517
[    0.571443] vgaarb: loaded
[    0.573616] SCSI subsystem initialized
[    0.576904] libata version 3.00 loaded.
[    0.580806] usbcore: registered new interface driver usbfs
[    0.586004] usbcore: registered new interface driver hub
[    0.591331] usbcore: registered new device driver usb
[    0.603849] vrtc: supplied by vdd_5v_in
[    0.609118] vio: supplied by vdd_5v_in
[    0.621923] vdd1: supplied by vdd_5v_in
[    0.625221] vddio_ddr_1v2: Bringing 600000uV into 1200000-1200000uV
[    0.641916] vdd2: supplied by vdd_5v_in
[    0.661917] ldo1: supplied by vdd_1v5_gen
[    0.666466] ldo2: supplied by vdd_1v5_gen
[    0.669052] vdd_sata,avdd_plle: Bringing 1200000uV into 1050000-1050000uV
[    0.677613] ldo3: supplied by vdd_5v_in
[    0.681967] ldo4: supplied by vdd_5v_in
[    0.691930] ldo5: supplied by vdd_5v_in
[    0.701915] ldo6: supplied by vdd_1v8_gen
[    0.704510] avdd_dsi_csi,pwrdet_mipi: Bringing 1000000uV into 1200000-1200000uV
[    0.713580] ldo7: supplied by vdd_1v8_gen
[    0.721922] ldo8: supplied by vdd_1v8_gen
[    0.732267] Linux video capture interface: v2.00
[    0.735050] pps_core: LinuxPPS API ver. 1 registered
[    0.739907] pps_core: Software ver. 5.3.6 - Copyright 2005-2007 Rodolfo Giometti <giometti@linux.it>
[    0.749062] PTP clock support registered
[    0.753442] Advanced Linux Sound Architecture Driver Initialized.
[    0.759587] Bluetooth: Core ver 2.22
[    0.762593] NET: Registered protocol family 31
[    0.766946] Bluetooth: HCI device and connection manager initialized
[    0.773289] Bluetooth: HCI socket layer initialized
[    0.778130] Bluetooth: L2CAP socket layer initialized
[    0.783192] Bluetooth: SCO socket layer initialized
[    0.788582] clocksource: Switched to clocksource timer_us
[    0.858998] NET: Registered protocol family 2
[    0.862331] tcp_listen_portaddr_hash hash table entries: 512 (order: 0, 6144 bytes)
[    0.869162] TCP established hash table entries: 8192 (order: 3, 32768 bytes)
[    0.876147] TCP bind hash table entries: 8192 (order: 4, 65536 bytes)
[    0.882607] TCP: Hash tables configured (established 8192 bind 8192)
[    0.889482] UDP hash table entries: 512 (order: 2, 16384 bytes)
[    0.894788] UDP-Lite hash table entries: 512 (order: 2, 16384 bytes)
[    0.901393] NET: Registered protocol family 1
[    0.906078] RPC: Registered named UNIX socket transport module.
[    0.911300] RPC: Registered udp transport module.
[    0.915960] RPC: Registered tcp transport module.
[    0.920649] RPC: Registered tcp NFSv4.1 backchannel transport module.
[    0.927717] PCI: CLS 0 bytes, default 64
[    0.932193] hw perfevents: no interrupt-affinity property for /pmu, guessing.
[    0.938332] hw perfevents: enabled with armv7_cortex_a9 PMU driver, 7 counters available
[    0.947549] Initialise system trusted keyrings
[    0.950737] workingset: timestamp_bits=30 max_order=19 bucket_order=0
[    0.957861] squashfs: version 4.0 (2009/01/31) Phillip Lougher
[    0.963404] NFS: Registering the id_resolver key type
[    0.967800] Key type id_resolver registered
[    0.971971] Key type id_legacy registered
[    0.979862] Key type asymmetric registered
[    0.982046] Asymmetric key parser 'x509' registered
[    0.987172] bounce: pool size: 64 pages
[    0.990802] io scheduler noop registered (default)
[    0.995479] io scheduler mq-deadline registered
[    0.999996] io scheduler kyber registered
[    1.008678] tegra30-pinctrl 70000868.pinmux: invalid group "sdmmc3_dat6_pd3" for function "rsvd1"
[    1.015635] tegra30-pinctrl 70000868.pinmux: invalid group "sdmmc3_dat7_pd4" for function "rsvd1"
[    1.024495] tegra30-pinctrl 70000868.pinmux: invalid group "vi_vsync_pd6" for function "rsvd1"
[    1.033069] tegra30-pinctrl 70000868.pinmux: invalid group "vi_hsync_pd7" for function "rsvd1"
[    1.042153] tegra30-pinctrl 70000868.pinmux: invalid group "hdmi_int_pn7" for function "rsvd1"
[    1.050269] tegra30-pinctrl 70000868.pinmux: invalid group "ulpi_data3_po4" for function "rsvd1"
[    1.059326] tegra30-pinctrl 70000868.pinmux: invalid group "vi_d10_pt2" for function "rsvd1"
[    1.067377] tegra30-pinctrl 70000868.pinmux: invalid group "vi_d11_pt3" for function "rsvd1"
[    1.075797] tegra30-pinctrl 70000868.pinmux: invalid group "vi_d0_pt4" for function "rsvd1"
[    1.084144] tegra30-pinctrl 70000868.pinmux: invalid group "pu0" for function "rsvd1"
[    1.091934] tegra30-pinctrl 70000868.pinmux: invalid group "pu3" for function "rsvd1"
[    1.099734] tegra30-pinctrl 70000868.pinmux: invalid group "pu6" for function "rsvd1"
[    1.107534] tegra30-pinctrl 70000868.pinmux: invalid group "pv3" for function "rsvd1"
[    1.115824] tegra30-pinctrl 70000868.pinmux: invalid group "pbb0" for function "rsvd1"
[    1.123311] tegra30-pinctrl 70000868.pinmux: invalid group "pcc1" for function "rsvd1"
[    1.132925] tegra-pcie 3000.pcie: 2x3 configuration
[    1.136095] tegra-pcie 3000.pcie: Failed to get supply 'hvdd-pex': -517
[    1.146653] tegra-apbdma 6000a000.dma: Tegra20 APB DMA driver register 32 channels
[    1.153206] tegra-pmc 7000e400.pmc: i2c-thermtrip node not found, emergency thermal reset disabled.
[    1.161807] Serial: 8250/16550 driver, 4 ports, IRQ sharing disabled
[    1.169182] console [ttyS0] disabled
[    1.171235] 70006000.serial: ttyS0 at MMIO 0x70006000 (irq = 331, base_baud = 25500000) is a Tegra
[    1.180181] console [ttyS0] enabled
[    1.180181] console [ttyS0] enabled
[    1.186363] bootconsole [earlycon0] disabled
[    1.186363] bootconsole [earlycon0] disabled
[    1.213366] tegra-hdmi 54280000.hdmi: failed to get HDMI regulator
[    1.231262] loop: module loaded
[    1.237249] m25p80 spi0.1: w25q32 (4096 Kbytes)
[    1.243445] libphy: Fixed MDIO Bus: probed
[    1.247533] CAN device driver interface
[    1.251438] igb: Intel(R) Gigabit Ethernet Network Driver - version 5.4.0-k
[    1.258381] igb: Copyright (c) 2007-2014 Intel Corporation.
[    1.264063] pegasus: v0.9.3 (2013/04/25), Pegasus/Pegasus II USB Ethernet driver
[    1.271532] usbcore: registered new interface driver pegasus
[    1.277237] usbcore: registered new interface driver asix
[    1.282698] usbcore: registered new interface driver ax88179_178a
[    1.288835] usbcore: registered new interface driver cdc_ether
[    1.294704] usbcore: registered new interface driver smsc75xx
[    1.300509] usbcore: registered new interface driver smsc95xx
[    1.306283] usbcore: registered new interface driver net1080
[    1.311985] usbcore: registered new interface driver cdc_subset
[    1.317933] usbcore: registered new interface driver zaurus
[    1.323565] usbcore: registered new interface driver cdc_ncm
[    1.329443] tegra-phy 7d000000.usb-phy: no vbus regulator
[    1.336241] ehci_hcd: USB 2.0 'Enhanced' Host Controller (EHCI) Driver
[    1.342767] ehci-pci: EHCI PCI platform driver
[    1.347260] tegra-ehci: Tegra EHCI driver
[    1.351884] usbcore: registered new interface driver cdc_acm
[    1.357529] cdc_acm: USB Abstract Control Model driver for USB modems and ISDN adapters
[    1.365576] usbcore: registered new interface driver cdc_wdm
[    1.371298] usbcore: registered new interface driver usb-storage
[    1.385763] tegra_rtc 7000e000.rtc: rtc core: registered 7000e000.rtc as rtc1
[    1.392961] tegra_rtc 7000e000.rtc: Tegra internal Real Time Clock
[    1.412214] tps65910-rtc tps65910-rtc: rtc core: registered tps65910-rtc as rtc0
[    1.419683] i2c /dev entries driver
[    1.424114] usbcore: registered new interface driver uvcvideo
[    1.429861] USB Video Class driver (1.1.1)
[    1.433944] gspca_main: v2.14.0 registered
[    1.438803] tegra-wdt 60005000.timer: initialized (heartbeat = 120 sec, nowayout = 0)
[    1.447167] sdhci: Secure Digital Host Controller Interface driver
[    1.453348] sdhci: Copyright(c) Pierre Ossman
[    1.457691] sdhci-pltfm: SDHCI platform and OF driver helper
[    1.463591] sdhci-tegra 78000000.sdhci: Got CD GPIO
[    1.468465] sdhci-tegra 78000000.sdhci: Got WP GPIO
[    1.481646] mmc0: Invalid maximum block size, assuming 512 bytes
[    1.519793] mmc0: SDHCI controller on 78000000.sdhci [78000000.sdhci] using ADMA
[    1.534501] mmc1: Invalid maximum block size, assuming 512 bytes
[    1.566978] mmc1: SDHCI controller on 78000600.sdhci [78000600.sdhci] using ADMA
[    1.575427] usbcore: registered new interface driver usbhid
[    1.581022] usbhid: USB HID core driver
[    1.630094] mmc1: new high speed MMC card at address 0001
[    1.641887] mmcblk1: mmc1:0001 SEM16G 14.8 GiB 
[    1.652944] mmcblk1boot0: mmc1:0001 SEM16G partition 1 1.00 MiB
[    1.665377] mmcblk1boot1: mmc1:0001 SEM16G partition 2 1.00 MiB
[    1.672806] mmcblk1rpmb: mmc1:0001 SEM16G partition 3 128 KiB, chardev (247:0)
[    1.683398] Primary GPT is invalid, using alternate GPT.
[    1.688766]  mmcblk1: p1 p2 p3 p4 p5
[    1.702462] mmc0: new ultra high speed DDR50 SDHC card at address aaaa
[    1.715366] mmcblk0: mmc0:aaaa SS04G 3.69 GiB 
[    1.742168]  mmcblk0: p1 p2 p3
[    2.011056] tegra30-i2s 70080400.i2s: DMA channels sourced from device 70080000.ahub
[    2.026811] tegra-snd-rt5640 sound: rt5640-aif1 <-> 70080400.i2s mapping ok
[    2.036969] input: NVIDIA Tegra Beaver Headphones as /devices/soc0/sound/sound/card0/input0
[    2.047115] NET: Registered protocol family 10
[    2.052760] Segment Routing with IPv6
[    2.056559] mip6: Mobile IPv6
[    2.059534] sit: IPv6, IPv4 and MPLS over IPv4 tunneling driver
[    2.066679] NET: Registered protocol family 17
[    2.071141] NET: Registered protocol family 15
[    2.075571] can: controller area network core (rev 20170425 abi 9)
[    2.081928] NET: Registered protocol family 29
[    2.086360] can: raw protocol (rev 20170425)
[    2.090697] can: broadcast manager protocol (rev 20170425 t)
[    2.096348] can: netlink gateway (rev 20170425) max_hops=1
[    2.101981] Bluetooth: RFCOMM socket layer initialized
[    2.107125] Bluetooth: RFCOMM ver 1.11
[    2.110894] Bluetooth: BNEP (Ethernet Emulation) ver 1.3
[    2.116195] Bluetooth: BNEP socket layer initialized
[    2.121157] Bluetooth: HIDP (Human Interface Emulation) ver 1.2
[    2.127068] Bluetooth: HIDP socket layer initialized
[    2.132252] Key type dns_resolver registered
[    2.136885] Registering SWP/SWPB emulation handler
[    2.142330] Loading compiled-in X.509 certificates
[    2.161839] vdd_ddr: supplied by vdd_5v_in
[    2.166741] vdd_5v_sata: supplied by vdd_5v_in
[    2.171532] usb1_vbus: supplied by vdd_5v_in
[    2.176117] usb3_vbus: supplied by vdd_5v_in
[    2.181701] sys_3v3,vdd_3v3_alw: supplied by vdd_5v_in
[    2.187652] sys_3v3_pexs: supplied by sys_3v3,vdd_3v3_alw
[    2.193238] +VDD_5V_HDMI: supplied by sys_3v3,vdd_3v3_alw
[    2.198938] tegra-pcie 3000.pcie: 2x3 configuration
[    2.207187] tegra-pcie 3000.pcie: probing port 0, using 2 lanes
[    2.271400] tegra-pcie 3000.pcie: probing port 2, using 2 lanes
[    2.681217] tegra-pcie 3000.pcie: link 2 down, retrying
[    3.090337] tegra-pcie 3000.pcie: link 2 down, retrying
[    3.499435] tegra-pcie 3000.pcie: link 2 down, retrying
[    3.506657] tegra-pcie 3000.pcie: link 2 down, ignoring
[    3.512026] tegra-pcie 3000.pcie: PCI host bridge to bus 0000:00
[    3.518022] pci_bus 0000:00: root bus resource [io  0x0000-0xffff]
[    3.524202] pci_bus 0000:00: root bus resource [mem 0x20000000-0x27ffffff]
[    3.531071] pci_bus 0000:00: root bus resource [mem 0x28000000-0x3fffffff pref]
[    3.538364] pci_bus 0000:00: root bus resource [bus 00-ff]
[    3.543889] pci 0000:00:01.0: [10de:0e1c] type 01 class 0x060400
[    3.549906] pci_bus 0000:00: 2-byte config write to 0000:00:01.0 offset 0x4 may corrupt adjacent RW1C bits
[    3.559549] pci_bus 0000:00: 2-byte config write to 0000:00:01.0 offset 0x4 may corrupt adjacent RW1C bits
[    3.569204] pci 0000:00:01.0: enabling Extended Tags
[    3.574156] pci_bus 0000:00: 2-byte config write to 0000:00:01.0 offset 0x88 may corrupt adjacent RW1C bits
[    3.583905] pci_bus 0000:00: 2-byte config write to 0000:00:01.0 offset 0x52 may corrupt adjacent RW1C bits
[    3.593652] pci 0000:00:01.0: PME# supported from D0 D1 D2 D3hot D3cold
[    3.600263] pci_bus 0000:00: 2-byte config write to 0000:00:01.0 offset 0x4c may corrupt adjacent RW1C bits
[    3.610166] pci_bus 0000:00: 2-byte config write to 0000:00:01.0 offset 0x3e may corrupt adjacent RW1C bits
[    3.619901] pci_bus 0000:00: 2-byte config write to 0000:00:01.0 offset 0x4 may corrupt adjacent RW1C bits
[    3.629544] pci_bus 0000:00: 1-byte config write to 0000:00:01.0 offset 0xc may corrupt adjacent RW1C bits
[    3.639183] PCI: bus0: Fast back to back transfers disabled
[    3.644744] pci 0000:00:01.0: bridge configuration invalid ([bus 00-00]), reconfiguring
[    3.652738] pci_bus 0000:00: 2-byte config write to 0000:00:01.0 offset 0x3e may corrupt adjacent RW1C bits
[    3.662467] pci_bus 0000:00: 2-byte config write to 0000:00:01.0 offset 0x3e may corrupt adjacent RW1C bits
[    3.672329] pci 0000:01:00.0: [10ec:8168] type 00 class 0x020000
[    3.678345] pci 0000:01:00.0: reg 0x10: [io  0x0000-0x00ff]
[    3.683931] pci 0000:01:00.0: reg 0x18: [mem 0x00000000-0x00000fff 64bit pref]
[    3.691154] pci 0000:01:00.0: reg 0x20: [mem 0x00000000-0x00003fff 64bit pref]
[    3.698438] pci 0000:01:00.0: supports D1 D2
[    3.702705] pci 0000:01:00.0: PME# supported from D0 D1 D2 D3hot D3cold
[    3.738612] PCI: bus1: Fast back to back transfers disabled
[    3.744174] pci_bus 0000:01: busn_res: [bus 01-ff] end is updated to 01
[    3.750813] pci 0000:00:01.0: BAR 9: assigned [mem 0x28000000-0x280fffff 64bit pref]
[    3.758539] pci 0000:00:01.0: BAR 7: assigned [io  0x1000-0x1fff]
[    3.764635] pci 0000:01:00.0: BAR 4: assigned [mem 0x28000000-0x28003fff 64bit pref]
[    3.772379] pci 0000:01:00.0: BAR 2: assigned [mem 0x28004000-0x28004fff 64bit pref]
[    3.780121] pci 0000:01:00.0: BAR 0: assigned [io  0x1000-0x10ff]
[    3.786203] pci 0000:00:01.0: PCI bridge to [bus 01]
[    3.791163] pci 0000:00:01.0:   bridge window [io  0x1000-0x1fff]
[    3.797244] pci 0000:00:01.0:   bridge window [mem 0x28000000-0x280fffff 64bit pref]
[    3.804996] pci 0000:00:01.0: nv_msi_ht_cap_quirk didn't locate host bridge
[    3.812046] pcieport 0000:00:01.0: enabling device (0140 -> 0143)
[    3.818409] pcieport 0000:00:01.0: Signaling PME with IRQ 375
[    3.824442] r8169 Gigabit Ethernet driver 2.3LK-NAPI loaded
[    3.830068] r8169 0000:01:00.0: enabling device (0140 -> 0143)
[    3.837040] r8169 0000:01:00.0 eth0: RTL8168evl/8111evl at 0x5b809638, 02:04:4b:01:60:a6, XID 0c900800 IRQ 376
[    3.847047] r8169 0000:01:00.0 eth0: jumbo features [frames: 9200 bytes, tx checksumming: ko]
[    3.858898] [drm] Supports vblank timestamp caching Rev 2 (21.10.2013).
[    3.865500] [drm] No driver support for vblank timestamp query.
[    3.871476] [drm] Cannot find any crtc or sizes
[    3.876153] [drm] Initialized tegra 0.0.0 20120330 for drm on minor 0
[    3.883678] tegra-ehci 7d004000.usb: EHCI Host Controller
[    3.889107] tegra-ehci 7d004000.usb: new USB bus registered, assigned bus number 1
[    3.896957] tegra-ehci 7d004000.usb: irq 344, io mem 0x7d004000
[    3.902949] [drm] Cannot find any crtc or sizes
[    3.928600] tegra-ehci 7d004000.usb: USB 2.0 started, EHCI 1.00
[    3.935656] hub 1-0:1.0: USB hub found
[    3.939438] hub 1-0:1.0: 1 port detected
[    3.943985] tegra-ehci 7d008000.usb: EHCI Host Controller
[    3.949403] tegra-ehci 7d008000.usb: new USB bus registered, assigned bus number 2
[    3.957218] tegra-ehci 7d008000.usb: irq 345, io mem 0x7d008000
[    3.988596] tegra-ehci 7d008000.usb: USB 2.0 started, EHCI 1.00
[    3.995520] hub 2-0:1.0: USB hub found
[    3.999300] hub 2-0:1.0: 1 port detected
[    4.007316] tps65910-rtc tps65910-rtc: setting system clock to 2000-01-01 00:00:02 UTC (946684802)
[    4.016669] cfg80211: Loading compiled-in X.509 certificates for regulatory database
[    4.028147] cfg80211: Loaded X.509 cert 'sforshee: 00b28ddf47aef9cea7'
[    4.034980] platform regulatory.0: Direct firmware load for regulatory.db failed with error -2
[    4.038893] vdd_sata,avdd_plle: disabling
[    4.044025] usb1_vbus: disabling
[    4.044030] ALSA device list:
[    4.044033]   #0: NVIDIA Tegra Beaver
[    4.057421] cfg80211: failed to load regulatory.db
[    4.064716] EXT4-fs (mmcblk1p1): mounting ext3 file system using the ext4 subsystem
[    4.080778] EXT4-fs (mmcblk1p1): warning: mounting fs with errors, running e2fsck is recommended
[    4.091078] EXT4-fs (mmcblk1p1): recovery complete
[    4.095867] EXT4-fs (mmcblk1p1): mounted filesystem with ordered data mode. Opts: (null)
[    4.104046] VFS: Mounted root (ext3 filesystem) on device 179:1.
[    4.121067] devtmpfs: mounted
[    4.125507] Freeing unused kernel memory: 1024K
bash: cannot set terminal process group (-1): Inappropriate ioctl for device
bash: no job control in this shell
root@(none):/# [    4.378610] usb 2-1: new high-speed USB device number 2 using tegra-ehci
[    5.049400] asix 2-1:1.0 eth1: register 'asix' at usb-7d008000.usb-1, ASIX AX88772 USB 2.0 Ethernet, 00:50:b6:0f:67:60
mount -t sysfs none /sys
root@(none):/# 
root@(none):/# mount -t debugfs none /sys/kernel/debug
root@(none):/# 
root@(none):/# rtcwake -d rtc1 -m mem -s 3
rtcwake: wakeup from "mem" using /dev/rtc1 at Thu Jan  1 00:00:22 1970
[    7.265129] PM: suspend entry (deep)
[    7.268729] PM: Syncing filesystems ... done.
[    7.274700] Freezing user space processes ... (elapsed 0.001 seconds) done.
[    7.282783] OOM killer disabled.
[    7.285999] Freezing remaining freezable tasks ... (elapsed 0.001 seconds) done.
[    7.294530] Suspending console(s) (use no_console_suspend to debug)
[    7.379021] Disabling non-boot CPUs ...
[    7.508852] IRQ17 no longer affine to CPU2
[    7.569660] Entering suspend state LP1
[    7.569687] Enabling non-boot CPUs ...
[    7.571335] CPU1 is up
[    7.572903] CPU2 is up
[    7.574595] CPU3 is up
[    7.575152] pcieport 0000:00:01.0: nv_msi_ht_cap_quirk didn't locate host bridge
[    8.220629] OOM killer enabled.
[    8.223758] Restarting tasks ... done.
[    8.228463] PM: suspend exit
root@(none):/# 
root@(none):/# rtcwake -d rtc1 -m mem -s 3
rtcwake: wakeup from "mem" using /dev/rtc1 at Thu Jan  1 00:00:27 1970
[    9.229238] PM: suspend entry (deep)
[    9.232814] PM: Syncing filesystems ... done.
[    9.237936] Freezing user space processes ... (elapsed 0.001 seconds) done.
[    9.246002] OOM killer disabled.
[    9.249239] Freezing remaining freezable tasks ... (elapsed 0.001 seconds) done.
[    9.257752] Suspending console(s) (use no_console_suspend to debug)
[    9.298784] pci_generic_config_write32: 33 callbacks suppressed
[    9.298796] pci_bus 0000:00: 2-byte config write to 0000:00:01.0 offset 0x9c may corrupt adjacent RW1C bits
[    9.348972] Disabling non-boot CPUs ...
[    9.398934] IRQ17 no longer affine to CPU1
[    9.519245] Entering suspend state LP1
[    9.519281] Enabling non-boot CPUs ...
[    9.521170] CPU1 is up
[    9.522922] CPU2 is up
[    9.524823] CPU3 is up
[    9.525442] pci_bus 0000:00: 2-byte config write to 0000:00:01.0 offset 0x4c may corrupt adjacent RW1C bits
[    9.525455] pci_bus 0000:00: 2-byte config write to 0000:00:01.0 offset 0x88 may corrupt adjacent RW1C bits
[    9.525461] pci_bus 0000:00: 2-byte config write to 0000:00:01.0 offset 0x90 may corrupt adjacent RW1C bits
[    9.525466] pci_bus 0000:00: 2-byte config write to 0000:00:01.0 offset 0x98 may corrupt adjacent RW1C bits
[    9.525470] pci_bus 0000:00: 2-byte config write to 0000:00:01.0 offset 0x9c may corrupt adjacent RW1C bits
[    9.525490] pci_bus 0000:00: 2-byte config write to 0000:00:01.0 offset 0x52 may corrupt adjacent RW1C bits
[    9.525496] pci_bus 0000:00: 2-byte config write to 0000:00:01.0 offset 0x52 may corrupt adjacent RW1C bits
[    9.525502] pci_bus 0000:00: 2-byte config write to 0000:00:01.0 offset 0x5c may corrupt adjacent RW1C bits
[    9.525507] pci_bus 0000:00: 2-byte config write to 0000:00:01.0 offset 0x52 may corrupt adjacent RW1C bits
[    9.525532] pcieport 0000:00:01.0: nv_msi_ht_cap_quirk didn't locate host bridge
[   10.281291] OOM killer enabled.
[   10.284424] Restarting tasks ... done.
[   10.290617] PM: suspend exit
root@(none):/# 
root@(none):/# rtcwake -d rtc1 -m mem -s 3
rtcwake: wakeup from "mem" using /dev/rtc1 at Thu Jan  1 00:00:32 1970
[   11.204581] PM: suspend entry (deep)
[   11.208161] PM: Syncing filesystems ... done.
[   11.213070] Freezing user space processes ... (elapsed 0.001 seconds) done.
[   11.221187] OOM killer disabled.
[   11.224403] Freezing remaining freezable tasks ... (elapsed 0.001 seconds) done.
[   11.232964] Suspending console(s) (use no_console_suspend to debug)
[   11.329067] Disabling non-boot CPUs ...
[   11.498787] IRQ17 no longer affine to CPU3
[   11.499381] Entering suspend state LP1
[   11.499414] Enabling non-boot CPUs ...
[   11.501284] CPU1 is up
[   11.503053] CPU2 is up
[   11.504953] CPU3 is up
[   11.505627] pcieport 0000:00:01.0: nv_msi_ht_cap_quirk didn't locate host bridge
[   12.158294] OOM killer enabled.
[   12.161435] Restarting tasks ... done.
[   12.165818] PM: suspend exit
root@(none):/# 
root@(none):/# rtcwake -d rtc1 -m mem -s 3
rtcwake: wakeup from "mem" using /dev/rtc1 at Thu Jan  1 00:00:37 1970
[   13.170118] PM: suspend entry (deep)
[   13.173700] PM: Syncing filesystems ... done.
[   13.179584] Freezing user space processes ... (elapsed 0.001 seconds) done.
[   13.187679] OOM killer disabled.
[   13.190916] Freezing remaining freezable tasks ... (elapsed 0.001 seconds) done.
[   13.199465] Suspending console(s) (use no_console_suspend to debug)
[   13.289037] Disabling non-boot CPUs ...
[   13.338974] IRQ17 no longer affine to CPU1
[   13.479402] Entering suspend state LP1
[   13.479437] Enabling non-boot CPUs ...
[   13.481330] CPU1 is up
[   13.483100] CPU2 is up
[   13.485015] CPU3 is up
[   13.485663] pcieport 0000:00:01.0: nv_msi_ht_cap_quirk didn't locate host bridge
[   14.138176] OOM killer enabled.
[   14.141319] Restarting tasks ... done.
[   14.145601] PM: suspend exit
root@(none):/# 
root@(none):/# rtcwake -d rtc1 -m mem -s 3
rtcwake: wakeup from "mem" using /dev/rtc1 at Thu Jan  1 00:00:42 1970
[   15.150701] PM: suspend entry (deep)
[   15.154280] PM: Syncing filesystems ... done.
[   15.159167] Freezing user space processes ... (elapsed 0.001 seconds) done.
[   15.167270] OOM killer disabled.
[   15.170504] Freezing remaining freezable tasks ... (elapsed 0.001 seconds) done.
[   15.179044] Suspending console(s) (use no_console_suspend to debug)
[   15.220350] pci_generic_config_write32: 26 callbacks suppressed
[   15.220367] pci_bus 0000:00: 2-byte config write to 0000:00:01.0 offset 0x9c may corrupt adjacent RW1C bits
[   15.268969] Disabling non-boot CPUs ...
[   15.388792] IRQ17 no longer affine to CPU2
[   15.449200] Entering suspend state LP1
[   15.449232] Enabling non-boot CPUs ...
[   15.451127] CPU1 is up
[   15.452896] CPU2 is up
[   15.454809] CPU3 is up
[   15.455400] pci_bus 0000:00: 2-byte config write to 0000:00:01.0 offset 0x4c may corrupt adjacent RW1C bits
[   15.455412] pci_bus 0000:00: 2-byte config write to 0000:00:01.0 offset 0x88 may corrupt adjacent RW1C bits
[   15.455417] pci_bus 0000:00: 2-byte config write to 0000:00:01.0 offset 0x90 may corrupt adjacent RW1C bits
[   15.455422] pci_bus 0000:00: 2-byte config write to 0000:00:01.0 offset 0x98 may corrupt adjacent RW1C bits
[   15.455427] pci_bus 0000:00: 2-byte config write to 0000:00:01.0 offset 0x9c may corrupt adjacent RW1C bits
[   15.455447] pci_bus 0000:00: 2-byte config write to 0000:00:01.0 offset 0x52 may corrupt adjacent RW1C bits
[   15.455455] pci_bus 0000:00: 2-byte config write to 0000:00:01.0 offset 0x52 may corrupt adjacent RW1C bits
[   15.455461] pci_bus 0000:00: 2-byte config write to 0000:00:01.0 offset 0x5c may corrupt adjacent RW1C bits
[   15.455467] pci_bus 0000:00: 2-byte config write to 0000:00:01.0 offset 0x52 may corrupt adjacent RW1C bits
[   15.455491] pcieport 0000:00:01.0: nv_msi_ht_cap_quirk didn't locate host bridge
[   16.206143] OOM killer enabled.
[   16.209281] Restarting tasks ... done.
[   16.213691] PM: suspend exit
root@(none):/# 
root@(none):/# rtcwake -d rtc1 -m mem -s 3
rtcwake: wakeup from "mem" using /dev/rtc1 at Thu Jan  1 00:00:47 1970
[   17.120411] PM: suspend entry (deep)
[   17.123990] PM: Syncing filesystems ... done.
[   17.129884] Freezing user space processes ... (elapsed 0.001 seconds) done.
[   17.137988] OOM killer disabled.
[   17.141225] Freezing remaining freezable tasks ... (elapsed 0.001 seconds) done.
[   17.149794] Suspending console(s) (use no_console_suspend to debug)
[   17.239002] Disabling non-boot CPUs ...
[   17.418708] IRQ17 no longer affine to CPU3
[   17.419254] Entering suspend state LP1
[   17.419290] Enabling non-boot CPUs ...
[   17.421185] CPU1 is up
[   17.422949] CPU2 is up
[   17.424874] CPU3 is up
[   17.425542] pcieport 0000:00:01.0: nv_msi_ht_cap_quirk didn't locate host bridge
[   18.078151] OOM killer enabled.
[   18.081290] Restarting tasks ... done.
[   18.085552] PM: suspend exit
root@(none):/# 
root@(none):/# rtcwake -d rtc1 -m mem -s 3
rtcwake: wakeup from "mem" using /dev/rtc1 at Thu Jan  1 00:00:52 1970
[   19.091182] PM: suspend entry (deep)
[   19.094761] PM: Syncing filesystems ... done.
[   19.100652] Freezing user space processes ... (elapsed 0.001 seconds) done.
[   19.108775] OOM killer disabled.
[   19.111992] Freezing remaining freezable tasks ... (elapsed 0.001 seconds) done.
[   19.120564] Suspending console(s) (use no_console_suspend to debug)
[   19.218963] Disabling non-boot CPUs ...
[   19.328719] IRQ17 no longer affine to CPU2
[   19.389235] Entering suspend state LP1
[   19.389268] Enabling non-boot CPUs ...
[   19.391190] CPU1 is up
[   19.392957] CPU2 is up
[   19.394905] CPU3 is up
[   19.395524] pcieport 0000:00:01.0: nv_msi_ht_cap_quirk didn't locate host bridge
[   20.047638] OOM killer enabled.
[   20.050784] Restarting tasks ... done.
[   20.055052] PM: suspend exit
root@(none):/# 
root@(none):/# rtcwake -d rtc1 -m mem -s 3
rtcwake: wakeup from "mem" using /dev/rtc1 at Thu Jan  1 00:00:57 1970
[   21.054364] PM: suspend entry (deep)
[   21.057944] PM: Syncing filesystems ... done.
[   21.063820] Freezing user space processes ... (elapsed 0.001 seconds) done.
[   21.072050] OOM killer disabled.
[   21.075268] Freezing remaining freezable tasks ... (elapsed 0.001 seconds) done.
[   21.083841] Suspending console(s) (use no_console_suspend to debug)
[   21.129195] pci_generic_config_write32: 26 callbacks suppressed
[   21.129211] pci_bus 0000:00: 2-byte config write to 0000:00:01.0 offset 0x9c may corrupt adjacent RW1C bits
[   21.178914] Disabling non-boot CPUs ...
[   21.218850] IRQ17 no longer affine to CPU1
[   21.339129] Entering suspend state LP1
[   21.339162] Enabling non-boot CPUs ...
[   21.341056] CPU1 is up
[   21.342829] CPU2 is up
[   21.344759] CPU3 is up
[   21.345362] pci_bus 0000:00: 2-byte config write to 0000:00:01.0 offset 0x4c may corrupt adjacent RW1C bits
[   21.345377] pci_bus 0000:00: 2-byte config write to 0000:00:01.0 offset 0x88 may corrupt adjacent RW1C bits
[   21.345382] pci_bus 0000:00: 2-byte config write to 0000:00:01.0 offset 0x90 may corrupt adjacent RW1C bits
[   21.345388] pci_bus 0000:00: 2-byte config write to 0000:00:01.0 offset 0x98 may corrupt adjacent RW1C bits
[   21.345393] pci_bus 0000:00: 2-byte config write to 0000:00:01.0 offset 0x9c may corrupt adjacent RW1C bits
[   21.345413] pci_bus 0000:00: 2-byte config write to 0000:00:01.0 offset 0x52 may corrupt adjacent RW1C bits
[   21.345421] pci_bus 0000:00: 2-byte config write to 0000:00:01.0 offset 0x52 may corrupt adjacent RW1C bits
[   21.345428] pci_bus 0000:00: 2-byte config write to 0000:00:01.0 offset 0x5c may corrupt adjacent RW1C bits
[   21.345433] pci_bus 0000:00: 2-byte config write to 0000:00:01.0 offset 0x52 may corrupt adjacent RW1C bits
[   21.345459] pcieport 0000:00:01.0: nv_msi_ht_cap_quirk didn't locate host bridge
[   22.091557] OOM killer enabled.
[   22.094689] Restarting tasks ... done.
[   22.098978] PM: suspend exit
root@(none):/# 
root@(none):/# rtcwake -d rtc1 -m mem -s 3
rtcwake: wakeup from "mem" using /dev/rtc1 at Thu Jan  1 00:01:02 1970
[   23.020618] PM: suspend entry (deep)
[   23.024197] PM: Syncing filesystems ... done.
[   23.030083] Freezing user space processes ... (elapsed 0.001 seconds) done.
[   23.038184] OOM killer disabled.
[   23.041417] Freezing remaining freezable tasks ... (elapsed 0.001 seconds) done.
[   23.050065] Suspending console(s) (use no_console_suspend to debug)
[   23.138865] Disabling non-boot CPUs ...
[   23.258703] IRQ17 no longer affine to CPU2
[   23.319093] Entering suspend state LP1
[   23.319127] Enabling non-boot CPUs ...
[   23.321035] CPU1 is up
[   23.322818] CPU2 is up
[   23.324744] CPU3 is up
[   23.325432] pcieport 0000:00:01.0: nv_msi_ht_cap_quirk didn't locate host bridge
[   23.968666] OOM killer enabled.
[   23.971801] Restarting tasks ... done.
[   23.976134] PM: suspend exit
root@(none):/# 
root@(none):/# rtcwake -d rtc1 -m mem -s 3
rtcwake: wakeup from "mem" using /dev/rtc1 at Thu Jan  1 00:01:07 1970
[   25.000690] PM: suspend entry (deep)
[   25.004273] PM: Syncing filesystems ... done.
[   25.010173] Freezing user space processes ... (elapsed 0.001 seconds) done.
[   25.018267] OOM killer disabled.
[   25.021502] Freezing remaining freezable tasks ... (elapsed 0.001 seconds) done.
[   25.030044] Suspending console(s) (use no_console_suspend to debug)
[   25.118878] Disabling non-boot CPUs ...
[   25.258650] IRQ17 no longer affine to CPU2
[   25.319104] Entering suspend state LP1
[   25.319140] Enabling non-boot CPUs ...
[   25.321050] CPU1 is up
[   25.322837] CPU2 is up
[   25.324778] CPU3 is up
[   25.325414] pcieport 0000:00:01.0: nv_msi_ht_cap_quirk didn't locate host bridge
[   25.958730] OOM killer enabled.
[   25.961858] Restarting tasks ... done.
[   25.966125] PM: suspend exit
root@(none):/# 
root@(none):/# NVTB SYSTEM SUSPEND TEST COMPLETE
