
U-Boot SPL 2015.04-rc3-00209-ga74ef40 (Mar 16 2015 - 14:43:39)


U-Boot 2015.04-rc3-00209-ga74ef40 (Mar 16 2015 - 14:43:39)

TEGRA20
Model: Compulab TrimSlice board
DRAM:  1 GiB
MMC:   Tegra SD/MMC: 0, Tegra SD/MMC: 1
SF: Detected W25Q80BL with page size 256 Bytes, erase size 4 KiB, total 1 MiB
tegra-pcie: PCI regions:
tegra-pcie:   I/O: 0x82000000-0x82010000
tegra-pcie:   non-prefetchable memory: 0xa0000000-0xa8000000
tegra-pcie:   prefetchable memory: 0xa8000000-0xc0000000
tegra-pcie: dual-mode configuration
tegra-pcie: probing port 0, using 2 lanes
In:    serial
Out:   serial
Err:   serial
Net:   RTL8169#0
Hit any key to stop autoboot:  2  0 
Tegra20 (TrimSlice) # 
Tegra20 (TrimSlice) # usb reset
resetting USB...
USB0:   USB EHCI 1.00
scanning bus 0 for devices... 3 USB Device(s) found
USB1:   USB EHCI 1.00
scanning bus 1 for devices... 1 USB Device(s) found
USB2:   lowlevel init failed
       scanning usb for storage devices... 0 Storage Device(s) found
       scanning usb for ethernet devices... 
Warning: asx0 using MAC address from net device
1 Ethernet Device(s) found
Tegra20 (TrimSlice) # setenv bootargs 'ignore_loglevel console=ttyS0,115200n8 rw root=PARTUUID=11eb23c1-01 rootwait gpt debug noinitrd earlyprintk init=/bin/bash'
Tegra20 (TrimSlice) # setenv ipaddr 192.168.100.103; setenv serverip 192.168.100.1; setenv tftpserverip 192.168.100.1
Tegra20 (TrimSlice) # tftpboot 0x00408000 zImage.multi_v7_defconfig
Using RTL8169#0 device
TFTP from server 192.168.100.1; our IP address is 192.168.100.103
Filename 'zImage.multi_v7_defconfig'.
Load address: 0x408000
Loading: *#################################################################
	 #################################################################
	 #################################################################
	 #################################################################
	 #################################################################
	 #################################################################
	 #################################################################
	 #################################################################
	 #######################
	 4 MiB/s
done
Bytes transferred = 7962016 (797da0 hex)
Tegra20 (TrimSlice) # tftpboot 0x02408000 tegra20-trimslice.dtb
Using RTL8169#0 device
TFTP from server 192.168.100.1; our IP address is 192.168.100.103
Filename 'tegra20-trimslice.dtb'.
Load address: 0x2408000
Loading: *##
	 3.4 MiB/s
done
Bytes transferred = 21454 (53ce hex)
Tegra20 (TrimSlice) # bootz 0x00408000 - 0x02408000
Kernel image @ 0x408000 [ 0x000000 - 0x797da0 ]
## Flattened Device Tree blob at 02408000
   Booting using the fdt blob at 0x2408000
   Using Device Tree in place at 02408000, end 024103cd

Starting kernel ...

[    0.000000] Booting Linux on physical CPU 0x0
[    0.000000] Linux version 4.12.0-rc5-next-20170615-179383-ged34efc (jonathanh@sellafield) (gcc version 4.7.3 20130328 (prerelease) (crosstool-NG linaro-1.13.1-4.7-2013.04-20130415 - Linaro GCC 2013.04) ) #1 SMP Mon Jun 26 08:27:13 PDT 2017
[    0.000000] CPU: ARMv7 Processor [411fc090] revision 0 (ARMv7), cr=10c5387d
[    0.000000] CPU: PIPT / VIPT nonaliasing data cache, VIPT aliasing instruction cache
[    0.000000] OF: fdt: Machine model: Compulab TrimSlice board
[    0.000000] debug: ignoring loglevel setting.
[    0.000000] Memory policy: Data cache writealloc
[    0.000000] efi: Getting EFI parameters from FDT:
[    0.000000] efi: UEFI not found.
[    0.000000] cma: Reserved 64 MiB at 0x3c000000
[    0.000000] On node 0 totalpages: 262144
[    0.000000] free_area_init_node: node 0, pgdat c157e8c0, node_mem_map ef7f8000
[    0.000000]   DMA zone: 1536 pages used for memmap
[    0.000000]   DMA zone: 0 pages reserved
[    0.000000]   DMA zone: 196608 pages, LIFO batch:31
[    0.000000]   HighMem zone: 65536 pages, LIFO batch:15
[    0.000000] percpu: Embedded 17 pages/cpu @ef7c4000 s39296 r8192 d22144 u69632
[    0.000000] pcpu-alloc: s39296 r8192 d22144 u69632 alloc=17*4096
[    0.000000] pcpu-alloc: [0] 0 [0] 1 
[    0.000000] Built 1 zonelists in Zone order, mobility grouping on.  Total pages: 260608
[    0.000000] Kernel command line: ignore_loglevel console=ttyS0,115200n8 rw root=PARTUUID=11eb23c1-01 rootwait gpt debug noinitrd earlyprintk init=/bin/bash
[    0.000000] PID hash table entries: 4096 (order: 2, 16384 bytes)
[    0.000000] Dentry cache hash table entries: 131072 (order: 7, 524288 bytes)
[    0.000000] Inode-cache hash table entries: 65536 (order: 6, 262144 bytes)
[    0.000000] Memory: 954380K/1048576K available (10240K kernel code, 1561K rwdata, 4424K rodata, 2048K init, 402K bss, 28660K reserved, 65536K cma-reserved, 196608K highmem)
[    0.000000] Virtual kernel memory layout:
[    0.000000]     vector  : 0xffff0000 - 0xffff1000   (   4 kB)
[    0.000000]     fixmap  : 0xffc00000 - 0xfff00000   (3072 kB)
[    0.000000]     vmalloc : 0xf0800000 - 0xff800000   ( 240 MB)
[    0.000000]     lowmem  : 0xc0000000 - 0xf0000000   ( 768 MB)
[    0.000000]     pkmap   : 0xbfe00000 - 0xc0000000   (   2 MB)
[    0.000000]     modules : 0xbf000000 - 0xbfe00000   (  14 MB)
[    0.000000]       .text : 0xc0208000 - 0xc0d00000   (11232 kB)
[    0.000000]       .init : 0xc1200000 - 0xc1400000   (2048 kB)
[    0.000000]       .data : 0xc1400000 - 0xc1586530   (1562 kB)
[    0.000000]        .bss : 0xc158fce0 - 0xc15f4514   ( 403 kB)
[    0.000000] SLUB: HWalign=64, Order=0-3, MinObjects=0, CPUs=2, Nodes=1
[    0.000000] Hierarchical RCU implementation.
[    0.000000] 	RCU event tracing is enabled.
[    0.000000] 	RCU restricting CPUs from NR_CPUS=16 to nr_cpu_ids=2.
[    0.000000] RCU: Adjusting geometry for rcu_fanout_leaf=16, nr_cpu_ids=2
[    0.000000] NR_IRQS: 16, nr_irqs: 16, preallocated irqs: 16
[    0.000000] /interrupt-controller@60004000: 128 interrupts forwarded to /interrupt-controller@50041000
[    0.000000] L2C: platform modifies aux control register: 0x02080000 -> 0x3e480001
[    0.000000] L2C: DT/platform modifies aux control register: 0x02080000 -> 0x3e480001
[    0.000000] L2C-310 errata 727915 769419 enabled
[    0.000000] L2C-310 enabling early BRESP for Cortex-A9
[    0.000000] L2C-310: enabling full line of zeros but not enabled in Cortex-A9
[    0.000000] L2C-310 ID prefetch enabled, offset 1 lines
[    0.000000] L2C-310 cache controller enabled, 8 ways, 1024 kB
[    0.000000] L2C-310: CACHE_ID 0x410000c4, AUX_CTRL 0x7e480001
[    0.000010] sched_clock: 32 bits at 1000kHz, resolution 1000ns, wraps every 2147483647500ns
[    0.000026] clocksource: timer_us: mask: 0xffffffff max_cycles: 0xffffffff, max_idle_ns: 1911260446275 ns
[    0.000036] Switching to timer-based delay loop, resolution 1000ns
[    0.001646] Console: colour dummy device 80x30
[    0.001673] Calibrating delay loop (skipped), value calculated using timer frequency.. 2.00 BogoMIPS (lpj=10000)
[    0.001684] pid_max: default: 32768 minimum: 301
[    0.001755] Mount-cache hash table entries: 2048 (order: 1, 8192 bytes)
[    0.001766] Mountpoint-cache hash table entries: 2048 (order: 1, 8192 bytes)
[    0.002187] CPU: Testing write buffer coherency: ok
[    0.002392] CPU0: thread -1, cpu 0, socket 0, mpidr 80000000
[    0.002621] Setting up static identity map for 0x300000 - 0x3000a0
[    0.003244] Hierarchical SRCU implementation.
[    0.004063] Tegra Revision: A03 prime SKU: 8 CPU Process: 1 SoC Process: 2
[    0.004503] EFI services will not be available.
[    0.004671] smp: Bringing up secondary CPUs ...
[    0.005221] CPU1: thread -1, cpu 1, socket 0, mpidr 80000001
[    0.005289] smp: Brought up 1 node, 2 CPUs
[    0.005301] SMP: Total of 2 processors activated (4.00 BogoMIPS).
[    0.005306] CPU: All CPU(s) started in SVC mode.
[    0.005958] devtmpfs: initialized
[    0.009568] VFP support v0.3: implementor 41 architecture 3 part 30 variant 9 rev 1
[    0.009788] clocksource: jiffies: mask: 0xffffffff max_cycles: 0xffffffff, max_idle_ns: 19112604462750000 ns
[    0.009802] futex hash table entries: 512 (order: 3, 32768 bytes)
[    0.012769] pinctrl core: initialized pinctrl subsystem
[    0.013759] DMI not present or invalid.
[    0.013955] random: bucket_table_alloc+0xe8/0x254 get_random_u32 called with crng_init=0
[    0.014022] NET: Registered protocol family 16
[    0.016331] DMA: preallocated 256 KiB pool for atomic coherent allocations
[    0.017755] cpuidle: using governor menu
[    0.034728] No ATAGs?
[    0.034797] hw-breakpoint: found 5 (+1 reserved) breakpoint and 1 watchpoint registers.
[    0.034808] hw-breakpoint: maximum watchpoint size is 4 bytes.
[    0.040271] Serial: AMBA PL011 UART driver
[    0.051975] AT91: Could not find identification node
[    0.052531] usb1_vbus: Failed to request enable GPIO170: -517
[    0.052548] reg-fixed-voltage regulators:regulator@2: Failed to register regulator: -517
[    0.055890] vgaarb: loaded
[    0.056469] SCSI subsystem initialized
[    0.056587] libata version 3.00 loaded.
[    0.056774] usbcore: registered new interface driver usbfs
[    0.056816] usbcore: registered new interface driver hub
[    0.056853] usbcore: registered new device driver usb
[    0.058810] pps_core: LinuxPPS API ver. 1 registered
[    0.058818] pps_core: Software ver. 5.3.6 - Copyright 2005-2007 Rodolfo Giometti <giometti@linux.it>
[    0.058835] PTP clock support registered
[    0.058980] EDAC MC: Ver: 3.0.0
[    0.059248] dmi: Firmware registration failed.
[    0.060792] clocksource: Switched to clocksource timer_us
[    0.100460] NET: Registered protocol family 2
[    0.100515] random: neigh_hash_alloc+0x70/0xb8 get_random_u32 called with crng_init=0
[    0.100939] random: rt_genid_init+0x18/0x28 get_random_u32 called with crng_init=0
[    0.100963] TCP established hash table entries: 8192 (order: 3, 32768 bytes)
[    0.101033] TCP bind hash table entries: 8192 (order: 4, 65536 bytes)
[    0.101146] TCP: Hash tables configured (established 8192 bind 8192)
[    0.101261] UDP hash table entries: 512 (order: 2, 16384 bytes)
[    0.101310] UDP-Lite hash table entries: 512 (order: 2, 16384 bytes)
[    0.101459] NET: Registered protocol family 1
[    0.101754] RPC: Registered named UNIX socket transport module.
[    0.101761] RPC: Registered udp transport module.
[    0.101766] RPC: Registered tcp transport module.
[    0.101771] RPC: Registered tcp NFSv4.1 backchannel transport module.
[    0.101780] PCI: CLS 0 bytes, default 64
[    0.102596] hw perfevents: no interrupt-affinity property for /pmu, guessing.
[    0.102748] hw perfevents: enabled with armv7_cortex_a9 PMU driver, 7 counters available
[    0.103998] workingset: timestamp_bits=30 max_order=18 bucket_order=0
[    0.110420] squashfs: version 4.0 (2009/01/31) Phillip Lougher
[    0.111049] NFS: Registering the id_resolver key type
[    0.111074] random: key_alloc+0x220/0x394 get_random_bytes called with crng_init=0
[    0.111090] Key type id_resolver registered
[    0.111096] Key type id_legacy registered
[    0.111127] ntfs: driver 2.1.32 [Flags: R/O].
[    0.112388] bounce: pool size: 64 pages
[    0.112427] Block layer SCSI generic (bsg) driver version 0.4 loaded (major 248)
[    0.112435] io scheduler noop registered
[    0.112441] io scheduler deadline registered
[    0.112466] io scheduler cfq registered (default)
[    0.112473] io scheduler mq-deadline registered
[    0.112478] io scheduler kyber registered
[    0.123976] tegra-pcie 80003000.pcie: dual-mode configuration
[    0.124673] tegra-pcie 80003000.pcie: probing port 0, using 2 lanes
[    0.206945] tegra-pcie 80003000.pcie: PCI host bridge to bus 0000:00
[    0.206958] pci_bus 0000:00: root bus resource [io  0x0000-0xffff]
[    0.206967] pci_bus 0000:00: root bus resource [mem 0xa0000000-0xa7ffffff]
[    0.206975] pci_bus 0000:00: root bus resource [mem 0xa8000000-0xbfffffff pref]
[    0.206984] pci_bus 0000:00: root bus resource [bus 00-ff]
[    0.207013] pci 0000:00:01.0: [10de:0bf0] type 01 class 0x060000
[    0.207042] pci_bus 0000:00: 2-byte config write to 0000:00:01.0 offset 0x88 may corrupt adjacent RW1C bits
[    0.207068] pci_bus 0000:00: 2-byte config write to 0000:00:01.0 offset 0x52 may corrupt adjacent RW1C bits
[    0.207093] pci 0000:00:01.0: PME# supported from D0 D1 D2 D3hot D3cold
[    0.207104] pci_bus 0000:00: 2-byte config write to 0000:00:01.0 offset 0x4c may corrupt adjacent RW1C bits
[    0.207281] pci_bus 0000:00: 2-byte config write to 0000:00:01.0 offset 0x3e may corrupt adjacent RW1C bits
[    0.207293] pci_bus 0000:00: 2-byte config write to 0000:00:01.0 offset 0x4 may corrupt adjacent RW1C bits
[    0.207303] pci_bus 0000:00: 1-byte config write to 0000:00:01.0 offset 0xc may corrupt adjacent RW1C bits
[    0.207309] PCI: bus0: Fast back to back transfers disabled
[    0.207319] pci 0000:00:01.0: bridge configuration invalid ([bus 00-00]), reconfiguring
[    0.207328] pci_bus 0000:00: 2-byte config write to 0000:00:01.0 offset 0x3e may corrupt adjacent RW1C bits
[    0.207340] pci_bus 0000:00: 2-byte config write to 0000:00:01.0 offset 0x3e may corrupt adjacent RW1C bits
[    0.207351] pci_bus 0000:00: 2-byte config write to 0000:00:01.0 offset 0x3e may corrupt adjacent RW1C bits
[    0.207362] pci_bus 0000:00: 2-byte config write to 0000:00:01.0 offset 0x6 may corrupt adjacent RW1C bits
[    0.207481] pci 0000:01:00.0: [10ec:8168] type 00 class 0x020000
[    0.207509] pci 0000:01:00.0: reg 0x10: [io  0x0000-0x00ff]
[    0.207533] pci 0000:01:00.0: reg 0x18: [mem 0x00000000-0x00000fff 64bit pref]
[    0.207550] pci 0000:01:00.0: reg 0x20: [mem 0x00000000-0x00003fff 64bit pref]
[    0.207564] pci 0000:01:00.0: reg 0x30: [mem 0x00000000-0x0001ffff pref]
[    0.207639] pci 0000:01:00.0: supports D1 D2
[    0.207648] pci 0000:01:00.0: PME# supported from D0 D1 D2 D3hot D3cold
[    0.230833] PCI: bus1: Fast back to back transfers disabled
[    0.230846] pci_bus 0000:01: busn_res: [bus 01-ff] end is updated to 01
[    0.230858] Disabling cpuidle LP2 state, since PCIe IRQs are in use
[    0.230919] pci 0000:00:01.0: BAR 8: assigned [mem 0xa0000000-0xa00fffff]
[    0.230931] pci 0000:00:01.0: BAR 9: assigned [mem 0xa8000000-0xa80fffff 64bit pref]
[    0.230941] pci 0000:00:01.0: BAR 7: assigned [io  0x1000-0x1fff]
[    0.230953] pci 0000:01:00.0: BAR 6: assigned [mem 0xa0000000-0xa001ffff pref]
[    0.230963] pci 0000:01:00.0: BAR 4: assigned [mem 0xa8000000-0xa8003fff 64bit pref]
[    0.230983] pci 0000:01:00.0: BAR 2: assigned [mem 0xa8004000-0xa8004fff 64bit pref]
[    0.231002] pci 0000:01:00.0: BAR 0: assigned [io  0x1000-0x10ff]
[    0.231013] pci 0000:00:01.0: PCI bridge to [bus 01]
[    0.231022] pci 0000:00:01.0:   bridge window [io  0x1000-0x1fff]
[    0.231031] pci 0000:00:01.0:   bridge window [mem 0xa0000000-0xa00fffff]
[    0.231039] pci 0000:00:01.0:   bridge window [mem 0xa8000000-0xa80fffff 64bit pref]
[    0.231062] pci 0000:00:01.0: nv_msi_ht_cap_quirk didn't locate host bridge
[    0.231121] pcieport 0000:00:01.0: enabling device (0140 -> 0143)
[    0.231319] pcieport 0000:00:01.0: Signaling PME with IRQ 295
[    0.237406] tegra-apbdma 6000a000.dma: Tegra20 APB DMA driver register 16 channels
[    0.285809] Serial: 8250/16550 driver, 4 ports, IRQ sharing disabled
[    0.288072] console [ttyS0] disabled
[    0.288110] 70006000.serial: ttyS0 at MMIO 0x70006000 (irq = 279, base_baud = 13500000) is a Tegra
[    1.396507] console [ttyS0] enabled
[    1.400570] SuperH (H)SCI(F) driver initialized
[    1.405812] msm_serial: driver initialized
[    1.410029] STMicroelectronics ASC driver initialized
[    1.419407] tegra-hdmi 54280000.hdmi: 54280000.hdmi supply hdmi not found, using dummy regulator
[    1.430194] [drm] Supports vblank timestamp caching Rev 2 (21.10.2013).
[    1.436809] [drm] No driver support for vblank timestamp query.
[    1.442752] [drm] Cannot find any crtc or sizes - going 1024x768
[    1.464978] Console: switching to colour frame buffer device 128x48
[    1.479656] drm drm: fb0:  frame buffer device
[    1.484150] [drm] Initialized tegra 0.0.0 20120330 for drm on minor 0
[    1.499576] brd: module loaded
[    1.508270] loop: module loaded
[    1.517418] m25p80 spi32766.0: found s25fl008k, expected w25q80bl
[    1.523533] m25p80 spi32766.0: s25fl008k (1024 Kbytes)
[    1.530965] libphy: Fixed MDIO Bus: probed
[    1.535851] CAN device driver interface
[    1.540325] bgmac_bcma: Broadcom 47xx GBit MAC driver loaded
[    1.546931] e1000e: Intel(R) PRO/1000 Network Driver - 3.2.6-k
[    1.552770] e1000e: Copyright(c) 1999 - 2015 Intel Corporation.
[    1.558729] igb: Intel(R) Gigabit Ethernet Network Driver - version 5.4.0-k
[    1.565684] igb: Copyright (c) 2007-2014 Intel Corporation.
[    1.571791] r8169 Gigabit Ethernet driver 2.3LK-NAPI loaded
[    1.577374] r8169 0000:01:00.0: enabling device (0140 -> 0143)
[    1.584025] r8169 0000:01:00.0 eth0: RTL8168d/8111d at 0xf08fc000, 00:01:c0:13:7d:63, XID 081000c0 IRQ 296
[    1.593689] r8169 0000:01:00.0 eth0: jumbo features [frames: 9200 bytes, tx checksumming: ko]
[    1.604466] pegasus: v0.9.3 (2013/04/25), Pegasus/Pegasus II USB Ethernet driver
[    1.611927] usbcore: registered new interface driver pegasus
[    1.617609] usbcore: registered new interface driver asix
[    1.623040] usbcore: registered new interface driver ax88179_178a
[    1.629145] usbcore: registered new interface driver cdc_ether
[    1.635019] usbcore: registered new interface driver smsc75xx
[    1.640807] usbcore: registered new interface driver smsc95xx
[    1.646567] usbcore: registered new interface driver net1080
[    1.652263] usbcore: registered new interface driver cdc_subset
[    1.658195] usbcore: registered new interface driver zaurus
[    1.663789] random: usbnet_init+0x14/0x30 get_random_bytes called with crng_init=0
[    1.671402] usbcore: registered new interface driver cdc_ncm
[    1.677322] tegra-phy c5004000.usb-phy: no vbus regulator
[    1.683826] tegra-phy c5008000.usb-phy: no vbus regulator
[    1.690555] ehci_hcd: USB 2.0 'Enhanced' Host Controller (EHCI) Driver
[    1.697088] ehci-pci: EHCI PCI platform driver
[    1.701568] ehci-platform: EHCI generic platform driver
[    1.706934] ehci-orion: EHCI orion driver
[    1.711072] SPEAr-ehci: EHCI SPEAr driver
[    1.715172] ehci-st: EHCI STMicroelectronics driver
[    1.720136] ehci-exynos: EHCI EXYNOS driver
[    1.724452] ehci-atmel: EHCI Atmel driver
[    1.728552] tegra-ehci: Tegra EHCI driver
[    1.791994] ulpi_phy_power_on: ulpi write failed
[    1.796602] tegra-ehci c5004000.usb: Failed to power on the phy
[    1.802540] tegra-ehci: probe of c5004000.usb failed with error -110
[    1.811517] tegra-ehci c5008000.usb: EHCI Host Controller
[    1.816921] tegra-ehci c5008000.usb: new USB bus registered, assigned bus number 1
[    1.824733] tegra-ehci c5008000.usb: irq 290, io mem 0xc5008000
[    1.850807] tegra-ehci c5008000.usb: USB 2.0 started, EHCI 1.00
[    1.857332] hub 1-0:1.0: USB hub found
[    1.861116] hub 1-0:1.0: 1 port detected
[    1.865337] ohci_hcd: USB 1.1 'Open' Host Controller (OHCI) Driver
[    1.871536] ohci-pci: OHCI PCI platform driver
[    1.876019] ohci-platform: OHCI generic platform driver
[    1.881420] SPEAr-ohci: OHCI SPEAr driver
[    1.885526] ohci-st: OHCI STMicroelectronics driver
[    1.890493] ohci-atmel: OHCI Atmel driver
[    1.895109] usbcore: registered new interface driver usb-storage
[    1.903881] rtc-em3027 2-0056: rtc core: registered rtc-em3027 as rtc0
[    1.911604] tegra_rtc 7000e000.rtc: rtc core: registered 7000e000.rtc as rtc1
[    1.918750] tegra_rtc 7000e000.rtc: Tegra internal Real Time Clock
[    1.925337] i2c /dev entries driver
[    1.938325] sdhci: Secure Digital Host Controller Interface driver
[    1.944524] sdhci: Copyright(c) Pierre Ossman
[    1.950023] Synopsys Designware Multimedia Card Interface Driver
[    1.956986] sdhci-pltfm: SDHCI platform and OF driver helper
[    1.971000] mmc0: Invalid maximum block size, assuming 512 bytes
[    2.030808] mmc0: SDHCI controller on c8000000.sdhci [c8000000.sdhci] using ADMA
[    2.038289] sdhci-tegra c8000600.sdhci: Got CD GPIO
[    2.043187] sdhci-tegra c8000600.sdhci: Got WP GPIO
[    2.056219] mmc1: Invalid maximum block size, assuming 512 bytes
[    2.120890] mmc1: SDHCI controller on c8000600.sdhci [c8000600.sdhci] using ADMA
[    2.129684] ledtrig-cpu: registered to indicate activity on CPUs
[    2.136000] usbcore: registered new interface driver usbhid
[    2.141577] usbhid: USB HID core driver
[    2.148706] NET: Registered protocol family 10
[    2.153339] random: neigh_hash_alloc+0x70/0xb8 get_random_u32 called with crng_init=0
[    2.161689] random: ipv6_regen_rndid+0x1c/0xc4 get_random_bytes called with crng_init=0
[    2.169996] Segment Routing with IPv6
[    2.173721] sit: IPv6, IPv4 and MPLS over IPv4 tunneling driver
[    2.180121] NET: Registered protocol family 17
[    2.184579] can: controller area network core (rev 20170425 abi 9)
[    2.190811] NET: Registered protocol family 29
[    2.195243] can: raw protocol (rev 20170425)
[    2.199499] can: broadcast manager protocol (rev 20170425 t)
[    2.205161] can: netlink gateway (rev 20170425) max_hops=1
[    2.210973] random: key_alloc+0x220/0x394 get_random_bytes called with crng_init=0
[    2.218533] Key type dns_resolver registered
[    2.223181] ThumbEE CPU extension supported.
[    2.227444] Registering SWP/SWPB emulation handler
[    2.232269] random: init_oops_id+0x34/0x40 get_random_bytes called with crng_init=0
[    2.240716] random: key_alloc+0x220/0x394 get_random_bytes called with crng_init=0
[    2.241066] usb 1-1: new high-speed USB device number 2 using tegra-ehci
[    2.255188] random: prandom_seed_full_state+0x24/0xac get_random_bytes called with crng_init=0
[    2.274710] utmi_phy_clk_enable: timeout waiting for phy to stabilize
[    2.281215] tegra-ehci c5000000.usb: EHCI Host Controller
[    2.286633] tegra-ehci c5000000.usb: new USB bus registered, assigned bus number 2
[    2.294637] tegra-ehci c5000000.usb: irq 288, io mem 0xc5000000
[    2.349805] mmc1: new high speed SD card at address b368
[    2.355650] mmcblk1: mmc1:b368 NCard 1.83 GiB (ro)
[    2.363131] mmcblk1: error -5 sending stop command, original cmd response 0x900, card status 0x900
[    2.372111] mmcblk1: error -5 transferring data, sector 3839992, nr 8, cmd response 0x900, card status 0x80000b00
[    2.410830] tegra-ehci c5000000.usb: USB 2.0 started, EHCI 1.00
[    2.417664] hub 2-0:1.0: USB hub found
[    2.421505] hub 2-0:1.0: 1 port detected
[    2.426663] input: gpio-keys as /devices/soc0/gpio-keys/input/input0
[    2.433741] rtc-em3027 2-0056: hctosys: unable to read the hardware clock
[    2.444828] hub 1-1:1.0: USB hub found
[    2.448762] hub 1-1:1.0: 4 ports detected
[    2.484961] mmcblk1: error -5 sending stop command, original cmd response 0x900, card status 0x900
[    2.493933] mmcblk1: error -5 transferring data, sector 3839992, nr 8, cmd response 0x900, card status 0x80000b00
[    2.504213] mmcblk1: retrying using single block read
[    2.511436]  mmcblk1: p1 p2
[    2.515108] Waiting for root device PARTUUID=11eb23c1-01...
[    2.770845] usb 1-1.2: new high-speed USB device number 3 using tegra-ehci
[    3.338714] mmc0: host does not support reading read-only switch, assuming write-enable
[    3.348844] mmc0: new high speed SDHC card at address b368
[    3.355895] mmcblk0: mmc0:b368 NCard 3.70 GiB 
[    3.363774] mmcblk0: error -5 sending stop command, original cmd response 0x900, card status 0x900
[    3.372832] mmcblk0: error -5 transferring data, sector 7759864, nr 8, cmd response 0x900, card status 0x80000b00
[    3.399483] random: ipv6_regen_rndid+0x1c/0xc4 get_random_bytes called with crng_init=0
[    3.408162] asix 1-1.2:1.0 eth1: register 'asix' at usb-c5008000.usb-1.2, ASIX AX88772 USB 2.0 Ethernet, 00:60:6e:60:6c:68
[    3.472361] random: fast init done
[    3.478911] mmcblk0: error -5 sending stop command, original cmd response 0x900, card status 0x900
[    3.487901] mmcblk0: error -5 transferring data, sector 7759864, nr 8, cmd response 0x900, card status 0x80000b00
[    3.498193] mmcblk0: retrying using single block read
[    3.505299]  mmcblk0: p1
[    3.531661] mmcblk0: r/w command failed, status = 0x80000900
[    3.625167] EXT4-fs (mmcblk0p1): mounting ext3 file system using the ext4 subsystem
[    3.863332] EXT4-fs (mmcblk0p1): recovery complete
[    3.941432] EXT4-fs (mmcblk0p1): mounted filesystem with ordered data mode. Opts: (null)
[    3.949580] VFS: Mounted root (ext3 filesystem) on device 179:17.
[    3.965613] devtmpfs: mounted
[    3.973474] Freeing unused kernel memory: 2048K
bash: cannot set terminal process group (-1): Inappropriate ioctl for device
bash: no job control in this shell
root@(none):/#  
root@(none):/# mount -t sysfs none /sys
root@(none):/# 
root@(none):/# mount -t debugfs none /sys/kernel/debug
root@(none):/# 
root@(none):/# rtcwake -d rtc1 -m mem -s 3
rtcwake: assuming RTC uses UTC ...
rtcwake: wakeup from "mem" using /dev/rtc1 at Thu Jan  1 00:00:32 1970
[   15.144169] PM: Syncing filesystems ... done.
[   15.190300] Freezing user space processes ... (elapsed 0.001 seconds) done.
[   15.198704] OOM killer disabled.
[   15.202020] Freezing remaining freezable tasks ... (elapsed 0.001 seconds) done.
[   15.211036] Suspending console(s) (use no_console_suspend to debug)
[   15.257435] pci_generic_config_write32: 38 callbacks suppressed
[   15.257481] pci_bus 0000:00: 2-byte config write to 0000:00:01.0 offset 0x9c may corrupt adjacent RW1C bits
[   15.268879] PM: suspend of devices complete after 49.168 msecs
[   15.273739] PM: late suspend of devices complete after 4.827 msecs
[   15.277675] pci_bus 0000:01: 2-byte config write to 0000:01:00.0 offset 0x44 may corrupt adjacent RW1C bits
[   15.277732] pci_bus 0000:01: 2-byte config write to 0000:01:00.0 offset 0x44 may corrupt adjacent RW1C bits
[   15.301489] PM: noirq suspend of devices complete after 27.718 msecs
[   15.301501] Disabling non-boot CPUs ...
[   15.342284] IRQ294 no longer affine to CPU1
[   15.391070] Entering suspend state LP1
[   15.391070] Suspended for 1.754 seconds
[   15.391116] Enabling non-boot CPUs ...
[   15.420927] CPU1 is up
[   15.421850] pci_bus 0000:00: 2-byte config write to 0000:00:01.0 offset 0x4c may corrupt adjacent RW1C bits
[   15.421897] pci_bus 0000:00: 2-byte config write to 0000:00:01.0 offset 0x88 may corrupt adjacent RW1C bits
[   15.421931] pci_bus 0000:00: 2-byte config write to 0000:00:01.0 offset 0x90 may corrupt adjacent RW1C bits
[   15.421961] pci_bus 0000:00: 2-byte config write to 0000:00:01.0 offset 0x98 may corrupt adjacent RW1C bits
[   15.421989] pci_bus 0000:00: 2-byte config write to 0000:00:01.0 offset 0x9c may corrupt adjacent RW1C bits
[   15.422073] pci_bus 0000:00: 2-byte config write to 0000:00:01.0 offset 0x52 may corrupt adjacent RW1C bits
[   15.422106] pci_bus 0000:00: 2-byte config write to 0000:00:01.0 offset 0x52 may corrupt adjacent RW1C bits
[   15.422184] pcieport 0000:00:01.0: nv_msi_ht_cap_quirk didn't locate host bridge
[   15.451052] PM: noirq resume of devices complete after 30.090 msecs
[   15.454733] PM: early resume of devices complete after 2.920 msecs
[   15.999475] PM: resume of devices complete after 544.708 msecs
[   16.172392] OOM killer enabled.
[   16.175521] Restarting tasks ... done.
root@(none):/# 
root@(none):/# rtcwake -d rtc1 -m mem -s 3
rtcwake: assuming RTC uses UTC ...
rtcwake: wakeup from "mem" using /dev/rtc1 at Thu Jan  1 00:00:37 1970
[   16.936012] PM: Syncing filesystems ... done.
[   16.981330] Freezing user space processes ... (elapsed 0.001 seconds) done.
[   16.989764] OOM killer disabled.
[   16.993098] Freezing remaining freezable tasks ... (elapsed 0.001 seconds) done.
[   17.002161] Suspending console(s) (use no_console_suspend to debug)
[   17.058405] PM: suspend of devices complete after 47.526 msecs
[   17.063340] PM: late suspend of devices complete after 4.901 msecs
[   17.091441] PM: noirq suspend of devices complete after 28.070 msecs
[   17.091454] Disabling non-boot CPUs ...
[   17.142213] IRQ294 no longer affine to CPU1
[   17.189630] Entering suspend state LP1
[   17.189630] Suspended for 3.202 seconds
[   17.189677] Enabling non-boot CPUs ...
[   17.220893] CPU1 is up
[   17.222506] pcieport 0000:00:01.0: nv_msi_ht_cap_quirk didn't locate host bridge
[   17.250991] PM: noirq resume of devices complete after 30.064 msecs
[   17.254712] PM: early resume of devices complete after 2.968 msecs
[   17.799037] PM: resume of devices complete after 544.291 msecs
[   17.868654] OOM killer enabled.
[   17.871793] Restarting tasks ... done.
root@(none):/# 
root@(none):/# rtcwake -d rtc1 -m mem -s 3
rtcwake: assuming RTC uses UTC ...
rtcwake: wakeup from "mem" using /dev/rtc1 at Thu Jan  1 00:00:42 1970
[   18.735958] PM: Syncing filesystems ... done.
[   18.781236] Freezing user space processes ... (elapsed 0.001 seconds) done.
[   18.789680] OOM killer disabled.
[   18.793014] Freezing remaining freezable tasks ... (elapsed 0.001 seconds) done.
[   18.802084] Suspending console(s) (use no_console_suspend to debug)
[   18.858615] PM: suspend of devices complete after 47.817 msecs
[   18.863707] PM: late suspend of devices complete after 5.059 msecs
[   18.891353] PM: noirq suspend of devices complete after 27.614 msecs
[   18.891366] Disabling non-boot CPUs ...
[   18.941984] IRQ294 no longer affine to CPU1
[   18.989546] Entering suspend state LP1
[   18.989546] Suspended for 3.199 seconds
[   18.989592] Enabling non-boot CPUs ...
[   19.020770] CPU1 is up
[   19.021622] pcieport 0000:00:01.0: nv_msi_ht_cap_quirk didn't locate host bridge
[   19.050903] PM: noirq resume of devices complete after 30.099 msecs
[   19.054631] PM: early resume of devices complete after 2.966 msecs
[   19.599847] PM: resume of devices complete after 545.181 msecs
[   19.669459] OOM killer enabled.
[   19.672597] Restarting tasks ... done.
root@(none):/# 
root@(none):/# rtcwake -d rtc1 -m mem -s 3
rtcwake: assuming RTC uses UTC ...
rtcwake: wakeup from "mem" using /dev/rtc1 at Thu Jan  1 00:00:47 1970
[   20.535488] PM: Syncing filesystems ... done.
[   20.580719] Freezing user space processes ... (elapsed 0.001 seconds) done.
[   20.589151] OOM killer disabled.
[   20.592479] Freezing remaining freezable tasks ... (elapsed 0.001 seconds) done.
[   20.601540] Suspending console(s) (use no_console_suspend to debug)
[   20.645919] pci_generic_config_write32: 65 callbacks suppressed
[   20.645966] pci_bus 0000:00: 2-byte config write to 0000:00:01.0 offset 0x9c may corrupt adjacent RW1C bits
[   20.658372] PM: suspend of devices complete after 48.212 msecs
[   20.663012] PM: late suspend of devices complete after 4.607 msecs
[   20.666832] pci_bus 0000:01: 2-byte config write to 0000:01:00.0 offset 0x44 may corrupt adjacent RW1C bits
[   20.666889] pci_bus 0000:01: 2-byte config write to 0000:01:00.0 offset 0x44 may corrupt adjacent RW1C bits
[   20.691290] PM: noirq suspend of devices complete after 28.246 msecs
[   20.691302] Disabling non-boot CPUs ...
[   20.742043] IRQ294 no longer affine to CPU1
[   20.789406] Entering suspend state LP1
[   20.789406] Suspended for 3.200 seconds
[   20.789453] Enabling non-boot CPUs ...
[   20.820686] CPU1 is up
[   20.821753] pci_bus 0000:00: 2-byte config write to 0000:00:01.0 offset 0x4c may corrupt adjacent RW1C bits
[   20.821803] pci_bus 0000:00: 2-byte config write to 0000:00:01.0 offset 0x88 may corrupt adjacent RW1C bits
[   20.821835] pci_bus 0000:00: 2-byte config write to 0000:00:01.0 offset 0x90 may corrupt adjacent RW1C bits
[   20.821865] pci_bus 0000:00: 2-byte config write to 0000:00:01.0 offset 0x98 may corrupt adjacent RW1C bits
[   20.821893] pci_bus 0000:00: 2-byte config write to 0000:00:01.0 offset 0x9c may corrupt adjacent RW1C bits
[   20.821975] pci_bus 0000:00: 2-byte config write to 0000:00:01.0 offset 0x52 may corrupt adjacent RW1C bits
[   20.822009] pci_bus 0000:00: 2-byte config write to 0000:00:01.0 offset 0x52 may corrupt adjacent RW1C bits
[   20.822089] pcieport 0000:00:01.0: nv_msi_ht_cap_quirk didn't locate host bridge
[   20.850814] PM: noirq resume of devices complete after 30.094 msecs
[   20.854527] PM: early resume of devices complete after 2.970 msecs
[   21.405090] PM: resume of devices complete after 550.528 msecs
[   21.577784] OOM killer enabled.
[   21.580922] Restarting tasks ... done.
root@(none):/# 
root@(none):/# rtcwake -d rtc1 -m mem -s 3
rtcwake: assuming RTC uses UTC ...
rtcwake: wakeup from "mem" using /dev/rtc1 at Thu Jan  1 00:00:52 1970
[   22.335290] PM: Syncing filesystems ... done.
[   22.380409] Freezing user space processes ... (elapsed 0.001 seconds) done.
[   22.388926] OOM killer disabled.
[   22.392252] Freezing remaining freezable tasks ... (elapsed 0.001 seconds) done.
[   22.401314] Suspending console(s) (use no_console_suspend to debug)
[   22.458579] PM: suspend of devices complete after 48.641 msecs
[   22.463604] PM: late suspend of devices complete after 4.991 msecs
[   22.491197] PM: noirq suspend of devices complete after 27.560 msecs
[   22.491209] Disabling non-boot CPUs ...
[   22.541969] IRQ294 no longer affine to CPU1
[   22.589246] Entering suspend state LP1
[   22.589246] Suspended for 3.200 seconds
[   22.589294] Enabling non-boot CPUs ...
[   22.620561] CPU1 is up
[   22.621897] pcieport 0000:00:01.0: nv_msi_ht_cap_quirk didn't locate host bridge
[   22.650728] PM: noirq resume of devices complete after 30.132 msecs
[   22.654422] PM: early resume of devices complete after 2.927 msecs
[   23.199134] PM: resume of devices complete after 544.678 msecs
[   23.268794] OOM killer enabled.
[   23.271933] Restarting tasks ... done.
root@(none):/# 
root@(none):/# rtcwake -d rtc1 -m mem -s 3
rtcwake: assuming RTC uses UTC ...
rtcwake: wakeup from "mem" using /dev/rtc1 at Thu Jan  1 00:00:57 1970
[   24.135138] PM: Syncing filesystems ... done.
[   24.180293] Freezing user space processes ... (elapsed 0.001 seconds) done.
[   24.188811] OOM killer disabled.
[   24.192135] Freezing remaining freezable tasks ... (elapsed 0.001 seconds) done.
[   24.201201] Suspending console(s) (use no_console_suspend to debug)
[   24.258080] PM: suspend of devices complete after 48.253 msecs
[   24.262858] PM: late suspend of devices complete after 4.745 msecs
[   24.291049] PM: noirq suspend of devices complete after 28.157 msecs
[   24.291061] Disabling non-boot CPUs ...
[   24.341727] IRQ294 no longer affine to CPU1
[   24.389184] Entering suspend state LP1
[   24.389184] Suspended for 3.199 seconds
[   24.389231] Enabling non-boot CPUs ...
[   24.420508] CPU1 is up
[   24.421770] pcieport 0000:00:01.0: nv_msi_ht_cap_quirk didn't locate host bridge
[   24.450635] PM: noirq resume of devices complete after 30.093 msecs
[   24.454321] PM: early resume of devices complete after 2.922 msecs
[   24.998944] PM: resume of devices complete after 544.589 msecs
[   25.068530] OOM killer enabled.
[   25.071668] Restarting tasks ... done.
root@(none):/# 
root@(none):/# rtcwake -d rtc1 -m mem -s 3
rtcwake: assuming RTC uses UTC ...
rtcwake: wakeup from "mem" using /dev/rtc1 at Thu Jan  1 00:01:02 1970
[   25.935228] PM: Syncing filesystems ... done.
[   25.980533] Freezing user space processes ... (elapsed 0.001 seconds) done.
[   25.988961] OOM killer disabled.
[   25.992297] Freezing remaining freezable tasks ... (elapsed 0.001 seconds) done.
[   26.001343] Suspending console(s) (use no_console_suspend to debug)
[   26.046582] pci_generic_config_write32: 65 callbacks suppressed
[   26.046632] pci_bus 0000:00: 2-byte config write to 0000:00:01.0 offset 0x9c may corrupt adjacent RW1C bits
[   26.058597] PM: suspend of devices complete after 48.630 msecs
[   26.063714] PM: late suspend of devices complete after 5.085 msecs
[   26.067550] pci_bus 0000:01: 2-byte config write to 0000:01:00.0 offset 0x44 may corrupt adjacent RW1C bits
[   26.067606] pci_bus 0000:01: 2-byte config write to 0000:01:00.0 offset 0x44 may corrupt adjacent RW1C bits
[   26.090985] PM: noirq suspend of devices complete after 27.240 msecs
[   26.090998] Disabling non-boot CPUs ...
[   26.131709] IRQ294 no longer affine to CPU1
[   26.189112] Entering suspend state LP1
[   26.189112] Suspended for 3.199 seconds
[   26.189159] Enabling non-boot CPUs ...
[   26.220415] CPU1 is up
[   26.221204] pci_bus 0000:00: 2-byte config write to 0000:00:01.0 offset 0x4c may corrupt adjacent RW1C bits
[   26.221253] pci_bus 0000:00: 2-byte config write to 0000:00:01.0 offset 0x88 may corrupt adjacent RW1C bits
[   26.221284] pci_bus 0000:00: 2-byte config write to 0000:00:01.0 offset 0x90 may corrupt adjacent RW1C bits
[   26.221313] pci_bus 0000:00: 2-byte config write to 0000:00:01.0 offset 0x98 may corrupt adjacent RW1C bits
[   26.221341] pci_bus 0000:00: 2-byte config write to 0000:00:01.0 offset 0x9c may corrupt adjacent RW1C bits
[   26.221422] pci_bus 0000:00: 2-byte config write to 0000:00:01.0 offset 0x52 may corrupt adjacent RW1C bits
[   26.221456] pci_bus 0000:00: 2-byte config write to 0000:00:01.0 offset 0x52 may corrupt adjacent RW1C bits
[   26.221534] pcieport 0000:00:01.0: nv_msi_ht_cap_quirk didn't locate host bridge
[   26.250553] PM: noirq resume of devices complete after 30.104 msecs
[   26.254312] PM: early resume of devices complete after 2.987 msecs
[   26.798795] PM: resume of devices complete after 544.449 msecs
[   26.971568] OOM killer enabled.
[   26.974696] Restarting tasks ... done.
root@(none):/# 
root@(none):/# rtcwake -d rtc1 -m mem -s 3
rtcwake: assuming RTC uses UTC ...
rtcwake: wakeup from "mem" using /dev/rtc1 at Thu Jan  1 00:01:07 1970
[   27.735156] PM: Syncing filesystems ... done.
[   27.780375] Freezing user space processes ... (elapsed 0.001 seconds) done.
[   27.788805] OOM killer disabled.
[   27.792134] Freezing remaining freezable tasks ... (elapsed 0.001 seconds) done.
[   27.801156] Suspending console(s) (use no_console_suspend to debug)
[   27.847826] PM: suspend of devices complete after 39.211 msecs
[   27.852727] PM: late suspend of devices complete after 4.868 msecs
[   27.880881] PM: noirq suspend of devices complete after 28.122 msecs
[   27.880894] Disabling non-boot CPUs ...
[   27.951552] IRQ294 no longer affine to CPU1
[   27.998990] Entering suspend state LP1
[   27.998990] Suspended for 3.190 seconds
[   27.999038] Enabling non-boot CPUs ...
[   28.030335] CPU1 is up
[   28.031900] pcieport 0000:00:01.0: nv_msi_ht_cap_quirk didn't locate host bridge
[   28.060463] PM: noirq resume of devices complete after 30.094 msecs
[   28.064186] PM: early resume of devices complete after 2.951 msecs
[   28.608620] PM: resume of devices complete after 544.400 msecs
[   28.678212] OOM killer enabled.
[   28.681355] Restarting tasks ... done.
root@(none):/# 
root@(none):/# rtcwake -d rtc1 -m mem -s 3
rtcwake: assuming RTC uses UTC ...
rtcwake: wakeup from "mem" using /dev/rtc1 at Thu Jan  1 00:01:12 1970
[   29.544967] PM: Syncing filesystems ... done.
[   29.590178] Freezing user space processes ... (elapsed 0.001 seconds) done.
[   29.598609] OOM killer disabled.
[   29.601965] Freezing remaining freezable tasks ... (elapsed 0.001 seconds) done.
[   29.611028] Suspending console(s) (use no_console_suspend to debug)
[   29.667825] PM: suspend of devices complete after 48.171 msecs
[   29.672754] PM: late suspend of devices complete after 4.896 msecs
[   29.700774] PM: noirq suspend of devices complete after 27.989 msecs
[   29.700787] Disabling non-boot CPUs ...
[   29.751473] IRQ294 no longer affine to CPU1
[   29.798892] Entering suspend state LP1
[   29.798892] Suspended for 3.200 seconds
[   29.798940] Enabling non-boot CPUs ...
[   29.830279] CPU1 is up
[   29.831698] pcieport 0000:00:01.0: nv_msi_ht_cap_quirk didn't locate host bridge
[   29.860375] PM: noirq resume of devices complete after 30.061 msecs
[   29.864119] PM: early resume of devices complete after 2.986 msecs
[   30.408749] PM: resume of devices complete after 544.597 msecs
[   30.478407] OOM killer enabled.
[   30.481545] Restarting tasks ... done.
root@(none):/# 
root@(none):/# rtcwake -d rtc1 -m mem -s 3
rtcwake: assuming RTC uses UTC ...
rtcwake: wakeup from "mem" using /dev/rtc1 at Thu Jan  1 00:01:17 1970
[   31.344991] PM: Syncing filesystems ... done.
[   31.384185] Freezing user space processes ... (elapsed 0.001 seconds) done.
[   31.392550] OOM killer disabled.
[   31.395782] Freezing remaining freezable tasks ... (elapsed 0.001 seconds) done.
[   31.404636] Suspending console(s) (use no_console_suspend to debug)
[   31.445469] pci_generic_config_write32: 65 callbacks suppressed
[   31.445514] pci_bus 0000:00: 2-byte config write to 0000:00:01.0 offset 0x9c may corrupt adjacent RW1C bits
[   31.457960] PM: suspend of devices complete after 45.349 msecs
[   31.462787] PM: late suspend of devices complete after 4.795 msecs
[   31.467334] pci_bus 0000:01: 2-byte config write to 0000:01:00.0 offset 0x44 may corrupt adjacent RW1C bits
[   31.467391] pci_bus 0000:01: 2-byte config write to 0000:01:00.0 offset 0x44 may corrupt adjacent RW1C bits
[   31.490755] PM: noirq suspend of devices complete after 27.937 msecs
[   31.490767] Disabling non-boot CPUs ...
[   31.541361] IRQ294 no longer affine to CPU1
[   31.588881] Entering suspend state LP1
[   31.588881] Suspended for 3.209 seconds
[   31.588929] Enabling non-boot CPUs ...
[   31.620151] CPU1 is up
[   31.621444] pci_bus 0000:00: 2-byte config write to 0000:00:01.0 offset 0x4c may corrupt adjacent RW1C bits
[   31.621492] pci_bus 0000:00: 2-byte config write to 0000:00:01.0 offset 0x88 may corrupt adjacent RW1C bits
[   31.621525] pci_bus 0000:00: 2-byte config write to 0000:00:01.0 offset 0x90 may corrupt adjacent RW1C bits
[   31.621555] pci_bus 0000:00: 2-byte config write to 0000:00:01.0 offset 0x98 may corrupt adjacent RW1C bits
[   31.621583] pci_bus 0000:00: 2-byte config write to 0000:00:01.0 offset 0x9c may corrupt adjacent RW1C bits
[   31.621665] pci_bus 0000:00: 2-byte config write to 0000:00:01.0 offset 0x52 may corrupt adjacent RW1C bits
[   31.621698] pci_bus 0000:00: 2-byte config write to 0000:00:01.0 offset 0x52 may corrupt adjacent RW1C bits
[   31.621774] pcieport 0000:00:01.0: nv_msi_ht_cap_quirk didn't locate host bridge
[   31.650283] PM: noirq resume of devices complete after 30.099 msecs
[   31.654025] PM: early resume of devices complete after 2.994 msecs
[   32.198967] PM: resume of devices complete after 544.908 msecs
[   32.371817] OOM killer enabled.
[   32.374946] Restarting tasks ... done.
root@(none):/# 
root@(none):/# NVTB SYSTEM SUSPEND TEST COMPLETE
