

U-Boot 2015.04-00466-gedec83e90172 (Mar 14 2016 - 10:42:01)

TEGRA124
Model: Acer Chromebook 13 CB5-311
DRAM:  4 GiB
:   Tegra SD/MMC: 0, Tegra SD/MMC: 1, Tegra SD/MMC: 2
MMC init failed
Using default environment

In:    serial
Out:   serial
Err:   serial
Net:   Net Initialization Skipped
No ethernet found.
Hit any key to stop autoboot:  2  0 
Tegra124 (Nyan-big) # 
Tegra124 (Nyan-big) # usb start
starting USB...
USB0:   USB EHCI 1.10
scanning bus 0 for devices... 2 USB Device(s) found
USB1:   USB EHCI 1.10
scanning bus 1 for devices... 2 USB Device(s) found
       scanning usb for storage devices... 1 Storage Device(s) found
       scanning usb for ethernet devices... 
Warning: asx0 using MAC address from net device
1 Ethernet Device(s) found
Tegra124 (Nyan-big) # setenv bootargs 'ignore_loglevel console=ttyS0,115200n8 rw root=PARTUUID=4d36e82a-b3c0-4b4b-bfcd-afe5217ac023 rootwait gpt debug noinitrd earlyprintk init=/bin/bash'
Tegra124 (Nyan-big) # setenv ipaddr 192.168.100.102; setenv serverip 192.168.100.1; setenv tftpserverip 192.168.100.1
Tegra124 (Nyan-big) # tftpboot 0x82000000 zImage.multi_v7_defconfig
Using asx0 device
TFTP from server 192.168.100.1; our IP address is 192.168.100.102
Filename 'zImage.multi_v7_defconfig'.
Load address: 0x82000000
Loading: *#################################################################
	 #################################################################
	 #################################################################
	 #################################################################
	 #################################################################
	 #################################################################
	 #################################################################
	 ##############################
	 2.9 MiB/s
done
Bytes transferred = 7108752 (6c7890 hex)
Tegra124 (Nyan-big) # tftpboot 0x83000000 tegra124-nyan-big.dtb
Using asx0 device
TFTP from server 192.168.100.1; our IP address is 192.168.100.102
Filename 'tegra124-nyan-big.dtb'.
Load address: 0x83000000
Loading: *#####
	 3.2 MiB/s
done
Bytes transferred = 66821 (10505 hex)
Tegra124 (Nyan-big) # bootz 0x82000000 - 0x83000000
Kernel image @ 0x82000000 [ 0x000000 - 0x6c7890 ]
## Flattened Device Tree blob at 83000000
   Booting using the fdt blob at 0x83000000
   Using Device Tree in place at 83000000, end 83013504

Starting kernel ...

[    0.000000] Booting Linux on physical CPU 0x0
[    0.000000] Linux version 4.8.0-rc1-next-20160815-111846-g6442b07 (pwalmsley@sellafield) (gcc version 4.7.3 20130328 (prerelease) (crosstool-NG linaro-1.13.1-4.7-2013.04-20130415 - Linaro GCC 2013.04) ) #1 SMP Sun Aug 14 20:33:39 PDT 2016
[    0.000000] CPU: ARMv7 Processor [413fc0f3] revision 3 (ARMv7), cr=10c5387d
[    0.000000] CPU: div instructions available: patching division code
[    0.000000] CPU: PIPT / VIPT nonaliasing data cache, PIPT instruction cache
[    0.000000] OF: fdt:Machine model: Acer Chromebook 13 CB5-311
[    0.000000] OF: fdt:Ignoring memory range 0x100000000 - 0x17ffff000
[    0.000000] debug: ignoring loglevel setting.
[    0.000000] cma: Reserved 64 MiB at 0xfb800000
[    0.000000] Memory policy: Data cache writealloc
[    0.000000] On node 0 totalpages: 524287
[    0.000000] free_area_init_node: node 0, pgdat c141db80, node_mem_map eeff8000
[    0.000000]   DMA zone: 1536 pages used for memmap
[    0.000000]   DMA zone: 0 pages reserved
[    0.000000]   DMA zone: 196608 pages, LIFO batch:31
[    0.000000]   HighMem zone: 327679 pages, LIFO batch:31
[    0.000000] percpu: Embedded 14 pages/cpu @eef85000 s26112 r8192 d23040 u57344
[    0.000000] pcpu-alloc: s26112 r8192 d23040 u57344 alloc=14*4096
[    0.000000] pcpu-alloc: [0] 0 [0] 1 [0] 2 [0] 3 
[    0.000000] Built 1 zonelists in Zone order, mobility grouping on.  Total pages: 522751
[    0.000000] Kernel command line: ignore_loglevel console=ttyS0,115200n8 rw root=PARTUUID=4d36e82a-b3c0-4b4b-bfcd-afe5217ac023 rootwait gpt debug noinitrd earlyprintk init=/bin/bash
[    0.000000] PID hash table entries: 4096 (order: 2, 16384 bytes)
[    0.000000] Dentry cache hash table entries: 131072 (order: 7, 524288 bytes)
[    0.000000] Inode-cache hash table entries: 65536 (order: 6, 262144 bytes)
[    0.000000] Memory: 1995992K/2097148K available (9216K kernel code, 1150K rwdata, 3980K rodata, 2048K init, 343K bss, 35620K reserved, 65536K cma-reserved, 1245180K highmem)
[    0.000000] Virtual kernel memory layout:
[    0.000000]     vector  : 0xffff0000 - 0xffff1000   (   4 kB)
[    0.000000]     fixmap  : 0xffc00000 - 0xfff00000   (3072 kB)
[    0.000000]     vmalloc : 0xf0800000 - 0xff800000   ( 240 MB)
[    0.000000]     lowmem  : 0xc0000000 - 0xf0000000   ( 768 MB)
[    0.000000]     pkmap   : 0xbfe00000 - 0xc0000000   (   2 MB)
[    0.000000]     modules : 0xbf000000 - 0xbfe00000   (  14 MB)
[    0.000000]       .text : 0xc0208000 - 0xc0c00000   (10208 kB)
[    0.000000]       .init : 0xc1100000 - 0xc1300000   (2048 kB)
[    0.000000]       .data : 0xc1300000 - 0xc141fa20   (1151 kB)
[    0.000000]        .bss : 0xc1421000 - 0xc1476cc8   ( 344 kB)
[    0.000000] SLUB: HWalign=64, Order=0-3, MinObjects=0, CPUs=4, Nodes=1
[    0.000000] Hierarchical RCU implementation.
[    0.000000] 	Build-time adjustment of leaf fanout to 32.
[    0.000000] 	RCU restricting CPUs from NR_CPUS=16 to nr_cpu_ids=4.
[    0.000000] RCU: Adjusting geometry for rcu_fanout_leaf=32, nr_cpu_ids=4
[    0.000000] NR_IRQS:16 nr_irqs:16 16
[    0.000000] /interrupt-controller@60004000: 160 interrupts forwarded to /interrupt-controller@50041000
[    0.000000] Tegra clk 127: register failed with -17
[    0.000003] sched_clock: 32 bits at 1000kHz, resolution 1000ns, wraps every 2147483647500ns
[    0.000012] clocksource: timer_us: mask: 0xffffffff max_cycles: 0xffffffff, max_idle_ns: 1911260446275 ns
[    0.000018] Switching to timer-based delay loop, resolution 1000ns
[    0.001803] arm_arch_timer: Architected cp15 timer(s) running at 12.00MHz (virt).
[    0.001810] clocksource: arch_sys_counter: mask: 0xffffffffffffff max_cycles: 0x2c47f4ee7, max_idle_ns: 440795202497 ns
[    0.001816] sched_clock: 56 bits at 12MHz, resolution 83ns, wraps every 4398046511096ns
[    0.001820] Switching to timer-based delay loop, resolution 83ns
[    0.002022] Console: colour dummy device 80x30
[    0.002036] Calibrating delay loop (skipped), value calculated using timer frequency.. 24.00 BogoMIPS (lpj=60000)
[    0.002042] pid_max: default: 32768 minimum: 301
[    0.002079] Mount-cache hash table entries: 2048 (order: 1, 8192 bytes)
[    0.002084] Mountpoint-cache hash table entries: 2048 (order: 1, 8192 bytes)
[    0.002328] CPU: Testing write buffer coherency: ok
[    0.002441] /cpus/cpu@0 missing clock-frequency property
[    0.002455] /cpus/cpu@1 missing clock-frequency property
[    0.002470] /cpus/cpu@2 missing clock-frequency property
[    0.002484] /cpus/cpu@3 missing clock-frequency property
[    0.002489] CPU0: thread -1, cpu 0, socket 0, mpidr 80000000
[    0.002499] Setting up static identity map for 0x80300000 - 0x80300098
[    0.003811] Tegra Revision: A01 SKU: 131 CPU Process: 1 SoC Process: 1
[    0.004424] CPU1: thread -1, cpu 1, socket 0, mpidr 80000001
[    0.006977] CPU2: thread -1, cpu 2, socket 0, mpidr 80000002
[    0.011973] CPU3: thread -1, cpu 3, socket 0, mpidr 80000003
[    0.016698] Brought up 4 CPUs
[    0.016705] SMP: Total of 4 processors activated (96.00 BogoMIPS).
[    0.016708] CPU: All CPU(s) started in SVC mode.
[    0.017246] devtmpfs: initialized
[    0.024283] VFP support v0.3: implementor 41 architecture 4 part 30 variant f rev 0
[    0.024478] clocksource: jiffies: mask: 0xffffffff max_cycles: 0xffffffff, max_idle_ns: 9556302231375000 ns
[    0.025007] pinctrl core: initialized pinctrl subsystem
[    0.025694] NET: Registered protocol family 16
[    0.026362] DMA: preallocated 256 KiB pool for atomic coherent allocations
[    0.041735] cpuidle: using governor menu
[    0.047918] No ATAGs?
[    0.047930] hw-breakpoint: found 5 (+1 reserved) breakpoint and 4 watchpoint registers.
[    0.047934] hw-breakpoint: maximum watchpoint size is 8 bytes.
[    0.050014] Serial: AMBA PL011 UART driver
[    0.050996] tegra-mc 70019000.memory-controller: no memory timings for RAM code 0 registered
[    0.068498] +5V_SYS: supplied by +VDD_MUX
[    0.068608] +3.3V_SYS: supplied by +VDD_MUX
[    0.068834] +VDD_LED: Failed to request enable GPIO122: -517
[    0.068840] reg-fixed-voltage regulators:regulator@5: Failed to register regulator: -517
[    0.068870] +5V_VDD_TS_SW: Failed to request enable GPIO81: -517
[    0.068874] reg-fixed-voltage regulators:regulator@6: Failed to register regulator: -517
[    0.068903] +5V_USB_HS: Failed to request enable GPIO108: -517
[    0.068907] reg-fixed-voltage regulators:regulator@7: Failed to register regulator: -517
[    0.068936] +5V_USB_SS: Failed to request enable GPIO109: -517
[    0.068940] reg-fixed-voltage regulators:regulator@8: Failed to register regulator: -517
[    0.069018] +1.05V_RUN_AVDD_HDMI_PLL: Failed to request enable GPIO63: -517
[    0.069022] reg-fixed-voltage regulators:regulator@11: Failed to register regulator: -517
[    0.069050] +5V_HDMI_CON: Failed to request enable GPIO86: -517
[    0.069054] reg-fixed-voltage regulators:regulator@12: Failed to register regulator: -517
[    0.070141] vgaarb: loaded
[    0.070435] SCSI subsystem initialized
[    0.070501] libata version 3.00 loaded.
[    0.070607] usbcore: registered new interface driver usbfs
[    0.070631] usbcore: registered new interface driver hub
[    0.070657] usbcore: registered new device driver usb
[    0.071988] pps_core: LinuxPPS API ver. 1 registered
[    0.071992] pps_core: Software ver. 5.3.6 - Copyright 2005-2007 Rodolfo Giometti <giometti@linux.it>
[    0.072001] PTP clock support registered
[    0.072068] EDAC MC: Ver: 3.0.0
[    0.072500] tegra-emc 7001b000.emc: no memory timings for RAM code 0 found in DT
[    0.072509] tegra-emc: probe of 7001b000.emc failed with error -2
[    0.072998] clocksource: Switched to clocksource arch_sys_counter
[    0.076637] NET: Registered protocol family 2
[    0.076845] TCP established hash table entries: 8192 (order: 3, 32768 bytes)
[    0.076878] TCP bind hash table entries: 8192 (order: 4, 65536 bytes)
[    0.076940] TCP: Hash tables configured (established 8192 bind 8192)
[    0.076962] UDP hash table entries: 512 (order: 2, 16384 bytes)
[    0.076976] UDP-Lite hash table entries: 512 (order: 2, 16384 bytes)
[    0.077039] NET: Registered protocol family 1
[    0.077182] RPC: Registered named UNIX socket transport module.
[    0.077185] RPC: Registered udp transport module.
[    0.077187] RPC: Registered tcp transport module.
[    0.077190] RPC: Registered tcp NFSv4.1 backchannel transport module.
[    0.077194] PCI: CLS 0 bytes, default 64
[    0.077632] hw perfevents: enabled with armv7_cortex_a15 PMU driver, 7 counters available
[    0.078189] futex hash table entries: 1024 (order: 4, 65536 bytes)
[    0.078459] workingset: timestamp_bits=30 max_order=19 bucket_order=0
[    0.082256] squashfs: version 4.0 (2009/01/31) Phillip Lougher
[    0.082551] NFS: Registering the id_resolver key type
[    0.082563] Key type id_resolver registered
[    0.082566] Key type id_legacy registered
[    0.082583] ntfs: driver 2.1.32 [Flags: R/O].
[    0.083047] bounce: pool size: 64 pages
[    0.083121] Block layer SCSI generic (bsg) driver version 0.4 loaded (major 248)
[    0.083126] io scheduler noop registered
[    0.083129] io scheduler deadline registered
[    0.083192] io scheduler cfq registered (default)
[    0.085038] tegra-xusb-padctl 7009f000.padctl: failed to setup XUSB ports: -517
[    0.085210] libphy: mdio_driver_register: phy-bcm-ns2-pci
[    0.093776] tegra-apbdma 60020000.dma: Tegra20 APB DMA driver register 32 channels
[    0.094372] tegra-pmc 7000e400.pmc: i2c-thermtrip node not found, emergency thermal reset disabled.
[    0.115738] Serial: 8250/16550 driver, 4 ports, IRQ sharing disabled
[    0.116876] console [ttyS0] disabled
[    0.116903] 70006000.serial: ttyS0 at MMIO 0x70006000 (irq = 331, base_baud = 25500000) is a Tegra
[    0.979150] console [ttyS0] enabled
[    0.982924] SuperH (H)SCI(F) driver initialized
[    0.987791] msm_serial: driver initialized
[    0.991946] STMicroelectronics ASC driver initialized
[    0.998378] [drm] Initialized drm 1.1.0 20060810
[    1.004107] tegra-hdmi 54280000.hdmi: failed to get HDMI regulator
[    1.010641] tegra-dpaux 545c0000.dpaux: failed to get VDD supply: -517
[    1.017871] panel supply power not found, using dummy regulator
[    1.027610] brd: module loaded
[    1.032789] loop: module loaded
[    1.036828] as3722 4-0040: AS3722 with revision 0x1 found
[    1.046541] as3722-sd2: supplied by +5V_SYS
[    1.051000] as3722-sd3: supplied by +5V_SYS
[    1.055337] +1.35V_LP0(sd3): Bringing 0uV into 1350000-1350000uV
[    1.061518] as3722-sd4: supplied by +5V_SYS
[    1.065857] +1.05V_RUN: Bringing 0uV into 1050000-1050000uV
[    1.071604] as3722-sd5: supplied by +5V_SYS
[    1.077192] as3722-ldo0: supplied by +1.35V_LP0(sd2)
[    1.082931] +1.8V_RUN_CAM: Bringing 0uV into 1800000-1800000uV
[    1.088955] as3722-ldo2: supplied by +1.8V_VDDIO
[    1.094576] as3722-ldo3: supplied by +3.3V_SYS
[    1.099031] +1.00V_LP0_VDD_RTC: Bringing 1100000uV into 1000000-1000000uV
[    1.106610] as3722-ldo4: supplied by +3.3V_SYS
[    1.111207] +3.3V_RUN_CAM: Bringing 0uV into 2800000-2800000uV
[    1.117228] as3722-ldo5: supplied by +1.8V_VDDIO
[    1.121999] +1.2V_RUN_CAM_FRONT: Bringing 0uV into 1200000-1200000uV
[    1.128696] +VDDIO_SDMMC3: Bringing 0uV into 1800000-1800000uV
[    1.134737] as3722-ldo7: supplied by +1.8V_VDDIO
[    1.139507] +1.05V_RUN_CAM_REAR: Bringing 0uV into 1050000-1050000uV
[    1.146066] as3722-ldo9: supplied by +5V_SYS
[    1.150631] +2.8V_RUN_TOUCH: Bringing 0uV into 2800000-2800000uV
[    1.156839] as3722-ldo10: supplied by +5V_SYS
[    1.161353] +2.8V_RUN_CAM_AF: Bringing 0uV into 2800000-2800000uV
[    1.167801] +1.8V_RUN_VPP_FUSE: Bringing 0uV into 1800000-1800000uV
[    1.180597] random: fast init done
[    1.186074] m25p80 spi32765.0: w25q32dw (4096 Kbytes)
[    1.192338] libphy: Fixed MDIO Bus: probed
[    1.196718] CAN device driver interface
[    1.201298] igb: Intel(R) Gigabit Ethernet Network Driver - version 5.3.0-k
[    1.208247] igb: Copyright (c) 2007-2014 Intel Corporation.
[    1.214951] pegasus: v0.9.3 (2013/04/25), Pegasus/Pegasus II USB Ethernet driver
[    1.222359] usbcore: registered new interface driver pegasus
[    1.228029] usbcore: registered new interface driver asix
[    1.233435] usbcore: registered new interface driver ax88179_178a
[    1.239530] usbcore: registered new interface driver cdc_ether
[    1.245374] usbcore: registered new interface driver smsc75xx
[    1.251132] usbcore: registered new interface driver smsc95xx
[    1.256882] usbcore: registered new interface driver net1080
[    1.262545] usbcore: registered new interface driver cdc_subset
[    1.268467] usbcore: registered new interface driver zaurus
[    1.274055] usbcore: registered new interface driver cdc_ncm
[    1.280347] ehci_hcd: USB 2.0 'Enhanced' Host Controller (EHCI) Driver
[    1.286864] ehci-pci: EHCI PCI platform driver
[    1.291314] ehci-platform: EHCI generic platform driver
[    1.296603] ehci-orion: EHCI orion driver
[    1.300655] SPEAr-ehci: EHCI SPEAr driver
[    1.304709] ehci-st: EHCI STMicroelectronics driver
[    1.309627] ehci-exynos: EHCI EXYNOS driver
[    1.313859] ehci-atmel: EHCI Atmel driver
[    1.317903] tegra-ehci: Tegra EHCI driver
[    1.321966] ohci_hcd: USB 1.1 'Open' Host Controller (OHCI) Driver
[    1.328138] ohci-pci: OHCI PCI platform driver
[    1.332583] ohci-platform: OHCI generic platform driver
[    1.337857] ohci-omap3: OHCI OMAP3 driver
[    1.341908] SPEAr-ohci: OHCI SPEAr driver
[    1.345960] ohci-st: OHCI STMicroelectronics driver
[    1.350878] ohci-atmel: OHCI Atmel driver
[    1.355144] usbcore: registered new interface driver usb-storage
[    1.361708] mousedev: PS/2 mouse device common for all mice
[    1.367914] 1-0015 supply vcc not found, using dummy regulator
[    1.375119] as3722-rtc as3722-rtc: rtc core: registered as3722-rtc as rtc0
[    1.381984] as3722-rtc as3722-rtc: RTC interrupt 370
[    1.388871] tegra_rtc 7000e000.rtc: rtc core: registered 7000e000.rtc as rtc1
[    1.396010] tegra_rtc 7000e000.rtc: Tegra internal Real Time Clock
[    1.402372] i2c /dev entries driver
[    1.408282] 0-004c supply vcc not found, using dummy regulator
[    1.418214] sdhci: Secure Digital Host Controller Interface driver
[    1.424385] sdhci: Copyright(c) Pierre Ossman
[    1.429274] Synopsys Designware Multimedia Card Interface Driver
[    1.435649] sdhci-pltfm: SDHCI platform and OF driver helper
[    1.441580] sdhci-tegra 700b0000.sdhci: allocated mmc-pwrseq
[    1.447344] sdhci-tegra 700b0400.sdhci: Got CD GPIO
[    1.452219] sdhci-tegra 700b0400.sdhci: Got WP GPIO
[    1.457209] mmc0: Unknown controller version (3). You may experience problems.
[    1.464448] mmc0: Invalid maximum block size, assuming 512 bytes
[    1.513006] mmc0: SDHCI controller on 700b0600.sdhci [700b0600.sdhci] using ADMA 64-bit
[    1.521716] ledtrig-cpu: registered to indicate activity on CPUs
[    1.527854] usbcore: registered new interface driver usbhid
[    1.533477] usbhid: USB HID core driver
[    1.539758] NET: Registered protocol family 10
[    1.544558] sit: IPv6, IPv4 and MPLS over IPv4 tunneling driver
[    1.550816] NET: Registered protocol family 17
[    1.555264] can: controller area network core (rev 20120528 abi 9)
[    1.561471] NET: Registered protocol family 29
[    1.565914] can: raw protocol (rev 20120528)
[    1.570182] can: broadcast manager protocol (rev 20160617 t)
[    1.575838] can: netlink gateway (rev 20130117) max_hops=1
[    1.581480] Key type dns_resolver registered
[    1.586012] ThumbEE CPU extension supported.
[    1.590285] Registering SWP/SWPB emulation handler
[    1.597044] +3.3V_RUN: supplied by +3.3V_SYS
[    1.602034] +3.3V_AVDD_HDMI_AP_GATED: supplied by +3.3V_RUN
[    1.603126] input: Elan Touchpad as /devices/soc0/7000c400.i2c/i2c-1/1-0015/input/input0
[    1.615851] +1.8V_RUN_CAM: supplied by +3.3V_RUN
[    1.620569] +VDDIO_SDMMC3: supplied by +3.3V_RUN
[    1.625313] +1.8V_RUN_VPP_FUSE: supplied by +3.3V_RUN
[    1.630654] +VDD_LED: supplied by +VDD_MUX
[    1.635137] +5V_VDD_TS_SW: supplied by +5V_SYS
[    1.639931] +5V_USB_HS: supplied by +5V_SYS
[    1.644574] +5V_USB_SS: supplied by +5V_SYS
[    1.649542] mmc0: new high speed MMC card at address 0001
[    1.655175] +3.3V_PANEL: supplied by +3.3V_RUN
[    1.655788] mmcblk0: mmc0:0001 MMC16G 14.4 GiB 
[    1.656459] mmcblk0boot0: mmc0:0001 MMC16G partition 1 2.00 MiB
[    1.656846] mmcblk0boot1: mmc0:0001 MMC16G partition 2 2.00 MiB
[    1.657376] mmcblk0rpmb: mmc0:0001 MMC16G partition 3 128 KiB
[    1.661757]  mmcblk0: p1 p2 p3 p4 p5 p6 p7 p8 p9 p10 p11 p12
[    1.688393] +3.3V_LP0: supplied by +3.3V_SYS
[    1.693561] +1.05V_RUN_AVDD_HDMI_PLL: supplied by +1.05V_RUN
[    1.693775] elan_i2c 1-0015: failed to read report data: -121
[    1.705322] +5V_HDMI_CON: supplied by +5V_SYS
[    1.710542] usb3-0 supply vbus not found, using dummy regulator
[    1.716567] usb3-1 supply vbus not found, using dummy regulator
[    1.726038] tegra-sor 54540000.sor: failed to probe output: -517
[    1.732830] panel supply power not found, using dummy regulator
[    1.739800] sdhci-tegra 700b0000.sdhci: allocated mmc-pwrseq
[    1.745533] mmc1: Unknown controller version (3). You may experience problems.
[    1.752865] mmc1: Invalid maximum block size, assuming 512 bytes
[    1.759300] mmc1: Switching to 3.3V signalling voltage failed
[    1.803089] mmc1: SDHCI controller on 700b0000.sdhci [700b0000.sdhci] using ADMA 64-bit
[    1.811824] sdhci-tegra 700b0400.sdhci: Got CD GPIO
[    1.816724] sdhci-tegra 700b0400.sdhci: Got WP GPIO
[    1.821720] mmc2: Unknown controller version (3). You may experience problems.
[    1.829050] mmc2: Invalid maximum block size, assuming 512 bytes
[    1.835206] elan_i2c 1-0015: invalid report id data (ff)
[    1.875122] mmc1: new high speed SDIO card at address 0001
[    1.883260] mmc2: SDHCI controller on 700b0400.sdhci [700b0400.sdhci] using ADMA 64-bit
[    1.990221] [drm] Supports vblank timestamp caching Rev 2 (21.10.2013).
[    1.996840] [drm] No driver support for vblank timestamp query.
[    2.034885] mmc2: new high speed SDHC card at address 0007
[    2.035446] mmcblk2: mmc2:0007 SD08G 7.42 GiB 
[    2.044045] GPT:Primary header alternate_lba != Alt. header my_lba
[    2.044048] GPT:3014591 != 15564799
[    2.044050] GPT:Primary header thinks Alt. header is not at the end of the disk.
[    2.044051] GPT:3014591 != 15564799
[    2.044052] GPT: Use GNU Parted to correct GPT errors.
[    2.044076]  mmcblk2: p1 p2 p3 p4 p5 p6 p7 p8 p9 p10 p11 p12
[    2.057929] Console: switching to colour frame buffer device 170x48
[    2.109244] drm drm: fb0:  frame buffer device
[    2.133078] [drm] Initialized tegra 0.0.0 20120330 on minor 0
[    2.139896] input: gpio-keys as /devices/soc0/gpio-keys/input/input1
[    2.147279] as3722-rtc as3722-rtc: setting system clock to 2000-01-01 00:00:22 UTC (946684822)
[    2.159898] +1.8V_RUN_CAM: disabling
[    2.163699] +3.3V_RUN_CAM: disabling
[    2.167477] +1.2V_RUN_CAM_FRONT: disabling
[    2.171750] +1.05V_RUN_CAM_REAR: disabling
[    2.176074] +2.8V_RUN_TOUCH: disabling
[    2.180001] +2.8V_RUN_CAM_AF: disabling
[    2.184019] +1.8V_RUN_VPP_FUSE: disabling
[    2.188205] +5V_VDD_TS_SW: disabling
[    2.191777] +5V_USB_HS: disabling
[    2.195109] +5V_USB_SS: disabling
[    2.199493] EXT4-fs (mmcblk0p3): couldn't mount as ext3 due to feature incompatibilities
[    2.208133] EXT4-fs (mmcblk0p3): couldn't mount as ext2 due to feature incompatibilities
[    2.635683] EXT4-fs (mmcblk0p3): recovery complete
[    2.641236] EXT4-fs (mmcblk0p3): mounted filesystem with ordered data mode. Opts: (null)
[    2.649362] VFS: Mounted root (ext4 filesystem) on device 179:3.
[    2.655985] devtmpfs: mounted
[    2.659667] Freeing unused kernel memory: 2048K (c1100000 - c1300000)
bash: cannot set terminal process group (-1): Inappropriate ioctl for device
bash: no job control in this shell
root@(none):/# mount -t sysfs none /sys
root@(none):/# 
root@(none):/# mount -t debugfs none /sys/kernel/debug
root@(none):/# 
root@(none):/# rtcwake -d rtc1 -m mem -s 3
rtcwake: assuming RTC uses UTC ...
rtcwake: wakeup from "mem" using /dev/rtc1 at Thu Jan  1 00:00:27 1970
[    5.783322] PM: Syncing filesystems ... done.
[    5.793122] Freezing user space processes ... (elapsed 0.001 seconds) done.
[    5.801262] Double checking all user space processes after OOM killer disable... (elapsed 0.000 seconds) 
[    5.810861] Freezing remaining freezable tasks ... (elapsed 0.001 seconds) done.
[    5.819546] Suspending console(s) (use no_console_suspend to debug)
[    5.874349] PM: suspend of devices complete after 47.999 msecs
[    5.875157] PM: late suspend of devices complete after 0.804 msecs
[    5.875821] PM: noirq suspend of devices complete after 0.661 msecs
[    5.875823] Disabling non-boot CPUs ...
[    5.876082] IRQ17 no longer affine to CPU1
[    5.876247] CPU1: shutdown
[    5.909043] CPU2: shutdown
[    5.938928] CPU3: shutdown
[    5.963456] Entering suspend state LP1
[    5.963470] Enabling non-boot CPUs ...
[    5.978680] CPU1 is up
[    5.998684] CPU2 is up
[    6.018784] CPU3 is up
[    6.019293] PM: noirq resume of devices complete after 0.504 msecs
[    6.020722] PM: early resume of devices complete after 1.126 msecs
[    6.172112] mmc1: Switching to 3.3V signalling voltage failed
[    6.427982] tegra-sor 54540000.sor: failed to attach SOR: -110
[    6.443075] PM: resume of devices complete after 422.348 msecs
[    6.522358] Restarting tasks ... done.
root@(none):/# 
root@(none):/# rtcwake -d rtc1 -m mem -s 3
rtcwake: assuming RTC uses UTC ...
rtcwake: wakeup from "mem" using /dev/rtc1 at Thu Jan  1 00:00:32 1970
[    7.817747] PM: Syncing filesystems ... done.
[    7.827362] Freezing user space processes ... (elapsed 0.001 seconds) done.
[    7.835552] Double checking all user space processes after OOM killer disable... (elapsed 0.000 seconds) 
[    7.845209] Freezing remaining freezable tasks ... (elapsed 0.001 seconds) done.
[    7.853840] Suspending console(s) (use no_console_suspend to debug)
[    7.919507] PM: suspend of devices complete after 58.839 msecs
[    7.920712] PM: late suspend of devices complete after 1.196 msecs
[    7.921456] PM: noirq suspend of devices complete after 0.739 msecs
[    7.921457] Disabling non-boot CPUs ...
[    7.921827] CPU1: shutdown
[    7.948980] CPU2: shutdown
[    7.978868] CPU3: shutdown
[    8.003446] Entering suspend state LP1
[    8.003460] Enabling non-boot CPUs ...
[    8.018666] CPU1 is up
[    8.038667] CPU2 is up
[    8.058765] CPU3 is up
[    8.059277] PM: noirq resume of devices complete after 0.506 msecs
[    8.060602] PM: early resume of devices complete after 1.017 msecs
[    8.212260] mmc1: Switching to 3.3V signalling voltage failed
[    8.468029] tegra-sor 54540000.sor: failed to attach SOR: -110
[    8.483216] PM: resume of devices complete after 422.609 msecs
[    8.558448] Restarting tasks ... done.
root@(none):/# 
root@(none):/# rtcwake -d rtc1 -m mem -s 3
rtcwake: assuming RTC uses UTC ...
rtcwake: wakeup from "mem" using /dev/rtc1 at Thu Jan  1 00:00:37 1970
[    9.857726] PM: Syncing filesystems ... done.
[    9.867126] Freezing user space processes ... (elapsed 0.001 seconds) done.
[    9.875314] Double checking all user space processes after OOM killer disable... (elapsed 0.000 seconds) 
[    9.884969] Freezing remaining freezable tasks ... (elapsed 0.001 seconds) done.
[    9.893602] Suspending console(s) (use no_console_suspend to debug)
[    9.959298] PM: suspend of devices complete after 58.871 msecs
[    9.960104] PM: late suspend of devices complete after 0.803 msecs
[    9.960774] PM: noirq suspend of devices complete after 0.666 msecs
[    9.960776] Disabling non-boot CPUs ...
[    9.961159] CPU1: shutdown
[    9.988960] CPU2: shutdown
[   10.018848] CPU3: shutdown
[   10.043419] Entering suspend state LP1
[   10.043433] Enabling non-boot CPUs ...
[   10.058645] CPU1 is up
[   10.078640] CPU2 is up
[   10.098745] CPU3 is up
[   10.099232] PM: noirq resume of devices complete after 0.481 msecs
[   10.100321] PM: early resume of devices complete after 0.790 msecs
[   10.253150] mmc1: Switching to 3.3V signalling voltage failed
[   10.512970] tegra-sor 54540000.sor: failed to attach SOR: -110
[   10.524252] PM: resume of devices complete after 423.922 msecs
[   10.599499] Restarting tasks ... done.
root@(none):/# 
root@(none):/# rtcwake -d rtc1 -m mem -s 3
rtcwake: assuming RTC uses UTC ...
rtcwake: wakeup from "mem" using /dev/rtc1 at Thu Jan  1 00:00:42 1970
[   11.897641] PM: Syncing filesystems ... done.
[   11.907223] Freezing user space processes ... (elapsed 0.001 seconds) done.
[   11.915429] Double checking all user space processes after OOM killer disable... (elapsed 0.000 seconds) 
[   11.925084] Freezing remaining freezable tasks ... (elapsed 0.001 seconds) done.
[   11.933718] Suspending console(s) (use no_console_suspend to debug)
[   11.999394] PM: suspend of devices complete after 58.849 msecs
[   12.000308] PM: late suspend of devices complete after 0.905 msecs
[   12.001012] PM: noirq suspend of devices complete after 0.701 msecs
[   12.001014] Disabling non-boot CPUs ...
[   12.001409] CPU1: shutdown
[   12.028935] CPU2: shutdown
[   12.058841] CPU3: shutdown
[   12.083397] Entering suspend state LP1
[   12.083411] Enabling non-boot CPUs ...
[   12.098625] CPU1 is up
[   12.118620] CPU2 is up
[   12.138723] CPU3 is up
[   12.139201] PM: noirq resume of devices complete after 0.473 msecs
[   12.140284] PM: early resume of devices complete after 0.778 msecs
[   12.293096] mmc1: Switching to 3.3V signalling voltage failed
[   12.552928] tegra-sor 54540000.sor: failed to attach SOR: -110
[   12.564191] PM: resume of devices complete after 423.898 msecs
[   12.639419] Restarting tasks ... done.
root@(none):/# 
root@(none):/# rtcwake -d rtc1 -m mem -s 3
rtcwake: assuming RTC uses UTC ...
rtcwake: wakeup from "mem" using /dev/rtc1 at Thu Jan  1 00:00:47 1970
[   13.937637] PM: Syncing filesystems ... done.
[   13.947073] Freezing user space processes ... (elapsed 0.001 seconds) done.
[   13.955277] Double checking all user space processes after OOM killer disable... (elapsed 0.000 seconds) 
[   13.964931] Freezing remaining freezable tasks ... (elapsed 0.001 seconds) done.
[   13.973563] Suspending console(s) (use no_console_suspend to debug)
[   14.039225] PM: suspend of devices complete after 58.837 msecs
[   14.040033] PM: late suspend of devices complete after 0.804 msecs
[   14.040697] PM: noirq suspend of devices complete after 0.660 msecs
[   14.040698] Disabling non-boot CPUs ...
[   14.041081] CPU1: shutdown
[   14.068923] CPU2: shutdown
[   14.098805] CPU3: shutdown
[   14.123369] Entering suspend state LP1
[   14.123383] Enabling non-boot CPUs ...
[   14.138599] CPU1 is up
[   14.158598] CPU2 is up
[   14.178697] CPU3 is up
[   14.179180] PM: noirq resume of devices complete after 0.478 msecs
[   14.180352] PM: early resume of devices complete after 0.868 msecs
[   14.333396] mmc1: Switching to 3.3V signalling voltage failed
[   14.592939] tegra-sor 54540000.sor: failed to attach SOR: -110
[   14.604488] PM: resume of devices complete after 424.128 msecs
[   14.679743] Restarting tasks ... done.
root@(none):/# 
root@(none):/# rtcwake -d rtc1 -m mem -s 3
rtcwake: assuming RTC uses UTC ...
rtcwake: wakeup from "mem" using /dev/rtc1 at Thu Jan  1 00:00:52 1970
[   15.982293] PM: Syncing filesystems ... done.
[   15.991559] Freezing user space processes ... (elapsed 0.001 seconds) done.
[   15.999646] Double checking all user space processes after OOM killer disable... (elapsed 0.000 seconds) 
[   16.009302] Freezing remaining freezable tasks ... (elapsed 0.001 seconds) done.
[   16.018010] Suspending console(s) (use no_console_suspend to debug)
[   16.079389] PM: suspend of devices complete after 54.570 msecs
[   16.080204] PM: late suspend of devices complete after 0.810 msecs
[   16.080871] PM: noirq suspend of devices complete after 0.664 msecs
[   16.080873] Disabling non-boot CPUs ...
[   16.081255] CPU1: shutdown
[   16.113702] IRQ17 no longer affine to CPU2
[   16.113894] CPU2: shutdown
[   16.143780] CPU3: shutdown
[   16.168350] Entering suspend state LP1
[   16.168364] Enabling non-boot CPUs ...
[   16.183578] CPU1 is up
[   16.203573] CPU2 is up
[   16.223672] CPU3 is up
[   16.224155] PM: noirq resume of devices complete after 0.478 msecs
[   16.225250] PM: early resume of devices complete after 0.792 msecs
[   16.378409] mmc1: Switching to 3.3V signalling voltage failed
[   16.637901] tegra-sor 54540000.sor: failed to attach SOR: -110
[   16.649504] PM: resume of devices complete after 424.245 msecs
[   16.729378] Restarting tasks ... done.
root@(none):/# 
root@(none):/# rtcwake -d rtc1 -m mem -s 3
rtcwake: assuming RTC uses UTC ...
rtcwake: wakeup from "mem" using /dev/rtc1 at Thu Jan  1 00:00:57 1970
[   18.022596] PM: Syncing filesystems ... done.
[   18.032178] Freezing user space processes ... (elapsed 0.001 seconds) done.
[   18.040381] Double checking all user space processes after OOM killer disable... (elapsed 0.000 seconds) 
[   18.050037] Freezing remaining freezable tasks ... (elapsed 0.001 seconds) done.
[   18.058671] Suspending console(s) (use no_console_suspend to debug)
[   18.124470] PM: suspend of devices complete after 58.973 msecs
[   18.125506] PM: late suspend of devices complete after 1.027 msecs
[   18.126172] PM: noirq suspend of devices complete after 0.662 msecs
[   18.126174] Disabling non-boot CPUs ...
[   18.126551] CPU1: shutdown
[   18.153869] CPU2: shutdown
[   18.183765] CPU3: shutdown
[   18.208337] Entering suspend state LP1
[   18.208351] Enabling non-boot CPUs ...
[   18.223552] CPU1 is up
[   18.243554] CPU2 is up
[   18.263648] CPU3 is up
[   18.264126] PM: noirq resume of devices complete after 0.472 msecs
[   18.265318] PM: early resume of devices complete after 0.872 msecs
[   18.418061] mmc1: Switching to 3.3V signalling voltage failed
[   18.677846] tegra-sor 54540000.sor: failed to attach SOR: -110
[   18.689145] PM: resume of devices complete after 423.819 msecs
[   18.764389] Restarting tasks ... done.
root@(none):/# 
root@(none):/# rtcwake -d rtc1 -m mem -s 3
rtcwake: assuming RTC uses UTC ...
rtcwake: wakeup from "mem" using /dev/rtc1 at Thu Jan  1 00:01:02 1970
[   20.062493] PM: Syncing filesystems ... done.
[   20.071931] Freezing user space processes ... (elapsed 0.001 seconds) done.
[   20.080043] Double checking all user space processes after OOM killer disable... (elapsed 0.000 seconds) 
[   20.089699] Freezing remaining freezable tasks ... (elapsed 0.001 seconds) done.
[   20.098346] Suspending console(s) (use no_console_suspend to debug)
[   20.164159] PM: suspend of devices complete after 58.987 msecs
[   20.164962] PM: late suspend of devices complete after 0.799 msecs
[   20.165624] PM: noirq suspend of devices complete after 0.658 msecs
[   20.165625] Disabling non-boot CPUs ...
[   20.166000] CPU1: shutdown
[   20.193851] CPU2: shutdown
[   20.223740] CPU3: shutdown
[   20.248300] Entering suspend state LP1
[   20.248314] Enabling non-boot CPUs ...
[   20.263536] CPU1 is up
[   20.283532] CPU2 is up
[   20.303622] CPU3 is up
[   20.304100] PM: noirq resume of devices complete after 0.473 msecs
[   20.305197] PM: early resume of devices complete after 0.781 msecs
[   20.457123] mmc1: Switching to 3.3V signalling voltage failed
[   20.712841] tegra-sor 54540000.sor: failed to attach SOR: -110
[   20.728158] PM: resume of devices complete after 422.955 msecs
[   20.803366] Restarting tasks ... done.
root@(none):/# 
root@(none):/# rtcwake -d rtc1 -m mem -s 3
rtcwake: assuming RTC uses UTC ...
rtcwake: wakeup from "mem" using /dev/rtc1 at Thu Jan  1 00:01:07 1970
[   22.102586] PM: Syncing filesystems ... done.
[   22.111957] Freezing user space processes ... (elapsed 0.001 seconds) done.
[   22.120164] Double checking all user space processes after OOM killer disable... (elapsed 0.000 seconds) 
[   22.129820] Freezing remaining freezable tasks ... (elapsed 0.001 seconds) done.
[   22.138454] Suspending console(s) (use no_console_suspend to debug)
[   22.204178] PM: suspend of devices complete after 58.901 msecs
[   22.204985] PM: late suspend of devices complete after 0.803 msecs
[   22.205649] PM: noirq suspend of devices complete after 0.661 msecs
[   22.205651] Disabling non-boot CPUs ...
[   22.206030] CPU1: shutdown
[   22.233823] CPU2: shutdown
[   22.263716] CPU3: shutdown
[   22.288285] Entering suspend state LP1
[   22.288299] Enabling non-boot CPUs ...
[   22.303516] CPU1 is up
[   22.323509] CPU2 is up
[   22.343600] CPU3 is up
[   22.344077] PM: noirq resume of devices complete after 0.471 msecs
[   22.345284] PM: early resume of devices complete after 0.889 msecs
[   22.497097] mmc1: Switching to 3.3V signalling voltage failed
[   22.752808] tegra-sor 54540000.sor: failed to attach SOR: -110
[   22.768074] PM: resume of devices complete after 422.784 msecs
[   22.843277] Restarting tasks ... done.
root@(none):/# 
root@(none):/# rtcwake -d rtc1 -m mem -s 3
rtcwake: assuming RTC uses UTC ...
rtcwake: wakeup from "mem" using /dev/rtc1 at Thu Jan  1 00:01:12 1970
[   24.142567] PM: Syncing filesystems ... done.
[   24.152116] Freezing user space processes ... (elapsed 0.001 seconds) done.
[   24.160306] Double checking all user space processes after OOM killer disable... (elapsed 0.000 seconds) 
[   24.169961] Freezing remaining freezable tasks ... (elapsed 0.001 seconds) done.
[   24.178607] Suspending console(s) (use no_console_suspend to debug)
[   24.244266] PM: suspend of devices complete after 58.833 msecs
[   24.245308] PM: late suspend of devices complete after 1.033 msecs
[   24.246197] PM: noirq suspend of devices complete after 0.881 msecs
[   24.246199] Disabling non-boot CPUs ...
[   24.246586] CPU1: shutdown
[   24.273807] CPU2: shutdown
[   24.303690] CPU3: shutdown
[   24.328259] Entering suspend state LP1
[   24.328273] Enabling non-boot CPUs ...
[   24.343490] CPU1 is up
[   24.363487] CPU2 is up
[   24.383584] CPU3 is up
[   24.384064] PM: noirq resume of devices complete after 0.474 msecs
[   24.385442] PM: early resume of devices complete after 1.050 msecs
[   24.537056] mmc1: Switching to 3.3V signalling voltage failed
[   24.792789] tegra-sor 54540000.sor: failed to attach SOR: -110
[   24.808027] PM: resume of devices complete after 422.580 msecs
[   24.883236] Restarting tasks ... done.
root@(none):/# 
root@(none):/# NVTB SYSTEM SUSPEND TEST COMPLETE
