[0000.743] [TegraBoot] (version 23.00.2015.14-mobile-1ef66670)
[0000.748] Processing in cold boot mode Bootloader 2
[0000.753] A01Q Bootrom Patch rev = 3
[0000.756] Power-up reason: on button
[0000.760] No Battery Present
[0000.763] Platform has Ddr4 type ram
[0000.766] max77620 disabling SD1 Remote Sense
[0000.770] Setting Ddr voltage to 1125mv
[0000.775] Serial Number of Pmic Max77663: 0x40daf
[0000.782] Entering ramdump check
[0000.785] Get RamDumpCarveOut = 0x0
[0000.788] RamDumpCarveOut=0x0,  RamDumperFlag=0xe59ff3f8
[0000.794] Last reboot was clean, booting normally!
[0000.798] Sdram initialization is successful 
[0000.802] SecureOs Carveout Base=0xff800000 Size=0x00800000
[0000.808] GSC1 Carveout Base=0xff700000 Size=0x00100000
[0000.834] GSC2 Carveout Base=0xff600000 Size=0x00100000
[0000.860] GSC3 Carveout Base=0xff500000 Size=0x00100000
[0000.865] GSC4 Carveout Base=0xff400000 Size=0x00100000
[0000.870] GSC5 Carveout Base=0xff300000 Size=0x00100000
[0000.875] BpmpFw Carveout Base=0xff2c0000 Size=0x00040000
[0000.880] Lp0 Carveout Base=0xff2bf000 Size=0x00001000
[0000.896] RamDump Carveout Base=0xff23f000 Size=0x00080000
[0000.901] Platform-DebugCarveout: 0
[0000.904] Nck Carveout Base=0xff03f000 Size=0x00200000
[0000.953] Using GPT Primary to query partitions 
[0000.959] Loading Tboot-CPU binary
[0001.009] Verifying bootloader in OdmNonSecureSBK mode
[0001.019] Bootloader load address is 0xa0000000,                            entry address is 0xa0000258
[0001.028] Bootloader downloaded successfully.
[0001.032] Downloaded Tboot-CPU binary to 0xa0000258
[0001.038] MAX77620_GPIO1 Configured.
[0001.042] MAX77620_GPIO5 Configured.
[0001.045] CPU power rail is up
[0001.048] CPU clock enabled
[0001.052] Performing RAM repair
[0001.055] Updating A64 Warmreset Address to 0xa00002e9
[0001.074] Bootloader DTB Load Address: 0x83000000
[0001.091] Kernel DTB Load Address: 0x83080000
[0001.096] Loading cboot binary
[0001.190] Verifying bootloader in OdmNonSecureSBK mode
[0001.277] Bootloader load address is 0x8010fda8,                            entry address is 0x80110000
[0001.287] Bootloader downloaded successfully.
[0001.291] GPT: Partition NOT found ! 
[0001.294] Find Partition via GPT Failed
[0001.298] function NvTbootGetBinaryOffsets: 0x845208 error
[0001.303] Error in NvTbootLoadBinary: 0x845208 !
[0001.308] GPT: Partition NOT found ! 
[0001.311] No FB partition
[0001.314] Next binary entry address: 0x80110000 
[0001.318] BoardId: 2595
[0001.323] dram memory type is 3
[0001.329] WB0 init successful
[0001.355] Bpmp FW successfully loaded
[0001.359] Set NvDecSticky Bits
[0001.362] GSC1 address : ff700000
[0001.366] GSC2 address : ff600000
[0001.370] GSC3 address : ff500000
[0001.373] GSC4 address : ff400000
[0001.377] GSC5 address : ff300000
[0001.380] GSC MC Settings done
[0001.385] TOS old plaintext Image length 61440
[0001.392] *** Secure OS image signature not verified ***
[0001.397] Loading and Validation of Secure OS Successful
[0001.402] NvTbootPackSdramParams: start. 
[0001.407] NvTbootPackSdramParams: done. 
[0001.411] Tegraboot started after 735828 us
[0001.415] Basic modules init took 349693 us
[0001.419] Sec Bootdevice Read Time = 203 ms, Read Size = 8459 KB
[0001.424] Next stage binary read took 14382 us
[0001.429] Carveout took 252676 us
[0001.432] CPU initialization took 92421 us
[0001.436] Total time taken by TegraBoot 709172 us

[0001.440] Starting CPU & Halting co-processor 

64b[0001.576] LPDDR4 Training: Number of tables = 10
[0001.580] EMC Training (SRC-freq: 204000; DST-freq: 408000)
[0001.586] EMC Training Successful
[0001.589] EMC Training (SRC-freq: 204000; DST-freq: 665600)
[0001.595] EMC Training Successful
[0001.598] EMC Training (SRC-freq: 204000; DST-freq: 800000)
[0001.610] EMC Training Successful
[0001.613] EMC Training (SRC-freq: 204000; DST-freq: 1065600)
[0001.635] EMC Training Successful
[0001.638] EMC Training (SRC-freq: 204000; DST-freq: 1331200)
[0001.660] EMC Training Successful
[0001.663] EMC Training (SRC-freq: 204000; DST-freq: 1600000)
[0001.682] EMC Training Successful
[0001.686] Switching to 800000 KHz Success
[0001.719] LPDDR4 Training: Number of tables = 10


U-Boot 2015.07-rc2-g2ac3917 (Nov 09 2015 - 13:12:08 -0800)

TEGRA210
Model: NVIDIA P2371-0000
DRAM:  3 GiB
MC:   Tegra SD/MMC: 0, Tegra SD/MMC: 1
*** Warning - bad CRC, using default environment

In:    serial
Out:   serial
Err:   serial
Net:   Net Initialization Skipped
No ethernet found.
Hit any key to stop autoboot:  2  0 
Tegra210 (P2371-0000) # 
Tegra210 (P2371-0000) # ums 0 mmc 0
UMS: disk start sector: 0x0, count: 0x1d5a000
|/-\|/-\/-\|/-\/-\|/-\/-\|/-\/-\|/-\/-\|/-\/-\|/-\/-\|/-\/-\CTRL+C - Operation aborted
Tegra210 (P2371-0000) # 
Tegra210 (P2371-0000) # env set fdt_copy_node_names /cpus:/psci
Tegra210 (P2371-0000) # setenv rootpart 1
Tegra210 (P2371-0000) # setenv devtype mmc
Tegra210 (P2371-0000) # setenv devnum 0
Tegra210 (P2371-0000) # part uuid ${devtype} ${devnum}:${rootpart} uuid
Tegra210 (P2371-0000) # setenv bootargs ignore_loglevel console=ttyS0,115200n8 earlycon=uart8250,mmio32,0x70006000 rw root=PARTUUID=00000000-0001-0000-788f-a75600000000 rootwait debug earlyprintk init=/bin/bash
Tegra210 (P2371-0000) # load ${devtype} ${devnum}:${rootpart} ${kernel_addr_r} /boot/Image.defconfig
17052160 bytes read in 847 ms (19.2 MiB/s)
Tegra210 (P2371-0000) # load ${devtype} ${devnum}:${rootpart} ${fdt_addr_r} /boot/tegra210-p2371-0000.dtb
44764 bytes read in 454 ms (95.7 KiB/s)
Tegra210 (P2371-0000) # load ${devtype} ${devnum}:${rootpart} ${ramdisk_addr_r} /boot/tegra-ramdisk.img
1627787 bytes read in 495 ms (3.1 MiB/s)
Tegra210 (P2371-0000) # ramdisk_size=${filesize}
Tegra210 (P2371-0000) # booti ${kernel_addr_r} - ${fdt_addr_r}
## Flattened Device Tree blob at 82000000
   Booting using the fdt blob at 0x82000000
   Using Device Tree in place at 0000000082000000, end 000000008200dedb

Starting kernel ...

[    0.000000] Booting Linux on physical CPU 0x0000000000 [0x411fd071]
[    0.000000] Linux version 4.15.0-rc3-next-20171212-338788-gd20787938ddb (jonathanh@tamien) (gcc version 4.9.2 20140904 (prerelease) (crosstool-NG linaro-1.13.1-4.9-2014.09 - Linaro GCC 4.9-2014.09)) #1 SMP PREEMPT Mon Dec 11 21:53:59 PST 2017
[    0.000000] Machine model: NVIDIA Tegra210 P2371 (P2530/P2595) reference design
[    0.000000] debug: ignoring loglevel setting.
[    0.000000] earlycon: uart8250 at MMIO32 0x0000000070006000 (options '')
[    0.000000] bootconsole [uart8250] enabled
[    0.000000] efi: Getting EFI parameters from FDT:
[    0.000000] efi: UEFI not found.
[    0.000000] cma: Reserved 16 MiB at 0x00000000fe000000
[    0.000000] NUMA: No NUMA configuration found
[    0.000000] NUMA: Faking a node at [mem 0x0000000000000000-0x000000013fffffff]
[    0.000000] NUMA: NODE_DATA [mem 0x13ffb6e00-0x13ffb88ff]
[    0.000000] Zone ranges:
[    0.000000]   DMA      [mem 0x0000000080000000-0x00000000ffffffff]
[    0.000000]   Normal   [mem 0x0000000100000000-0x000000013fffffff]
[    0.000000] Movable zone start for each node
[    0.000000] Early memory node ranges
[    0.000000]   node   0: [mem 0x0000000080000000-0x00000000ff1fffff]
[    0.000000]   node   0: [mem 0x0000000100000000-0x000000013fffffff]
[    0.000000] Initmem setup node 0 [mem 0x0000000080000000-0x000000013fffffff]
[    0.000000] On node 0 totalpages: 782848
[    0.000000]   DMA zone: 8192 pages used for memmap
[    0.000000]   DMA zone: 0 pages reserved
[    0.000000]   DMA zone: 520704 pages, LIFO batch:31
[    0.000000]   Normal zone: 4096 pages used for memmap
[    0.000000]   Normal zone: 262144 pages, LIFO batch:31
[    0.000000] psci: probing for conduit method from DT.
[    0.000000] psci: PSCIv0.2 detected in firmware.
[    0.000000] psci: Using standard PSCI v0.2 function IDs
[    0.000000] psci: MIGRATE_INFO_TYPE not supported.
[    0.000000] random: fast init done
[    0.000000] percpu: Embedded 23 pages/cpu @        (ptrval) s55168 r8192 d30848 u94208
[    0.000000] pcpu-alloc: s55168 r8192 d30848 u94208 alloc=23*4096
[    0.000000] pcpu-alloc: [0] 0 [0] 1 [0] 2 [0] 3 
[    0.000000] Detected PIPT I-cache on CPU0
[    0.000000] CPU features: enabling workaround for ARM erratum 832075
[    0.000000] CPU features: enabling workaround for ARM erratum 834220
[    0.000000] Built 1 zonelists, mobility grouping on.  Total pages: 770560
[    0.000000] Policy zone: Normal
[    0.000000] Kernel command line: ignore_loglevel console=ttyS0,115200n8 earlycon=uart8250,mmio32,0x70006000 rw root=PARTUUID=00000000-0001-0000-788f-a75600000000 rootwait debug earlyprintk init=/bin/bash
[    0.000000] software IO TLB [mem 0xfa000000-0xfe000000] (64MB) mapped at [        (ptrval)-        (ptrval)]
[    0.000000] Memory: 2982088K/3131392K available (9788K kernel code, 1164K rwdata, 4508K rodata, 1152K init, 396K bss, 132920K reserved, 16384K cma-reserved)
[    0.000000] Virtual kernel memory layout:
[    0.000000]     modules : 0xffff000000000000 - 0xffff000008000000   (   128 MB)
[    0.000000]     vmalloc : 0xffff000008000000 - 0xffff7dffbfff0000   (129022 GB)
[    0.000000]       .text : 0x        (ptrval) - 0x        (ptrval)   (  9792 KB)
[    0.000000]     .rodata : 0x        (ptrval) - 0x        (ptrval)   (  4544 KB)
[    0.000000]       .init : 0x        (ptrval) - 0x        (ptrval)   (  1152 KB)
[    0.000000]       .data : 0x        (ptrval) - 0x        (ptrval)   (  1165 KB)
[    0.000000]        .bss : 0x        (ptrval) - 0x        (ptrval)   (   397 KB)
[    0.000000]     fixed   : 0xffff7dfffe7f9000 - 0xffff7dfffec00000   (  4124 KB)
[    0.000000]     PCI I/O : 0xffff7dfffee00000 - 0xffff7dffffe00000   (    16 MB)
[    0.000000]     vmemmap : 0xffff7e0000000000 - 0xffff800000000000   (  2048 GB maximum)
[    0.000000]               0xffff7e0000000000 - 0xffff7e0003000000   (    48 MB actual)
[    0.000000]     memory  : 0xffff800000000000 - 0xffff8000c0000000   (  3072 MB)
[    0.000000] SLUB: HWalign=64, Order=0-3, MinObjects=0, CPUs=4, Nodes=1
[    0.000000] Preemptible hierarchical RCU implementation.
[    0.000000] 	RCU restricting CPUs from NR_CPUS=64 to nr_cpu_ids=4.
[    0.000000] 	Tasks RCU enabled.
[    0.000000] RCU: Adjusting geometry for rcu_fanout_leaf=16, nr_cpu_ids=4
[    0.000000] NR_IRQS: 64, nr_irqs: 64, preallocated irqs: 0
[    0.000000] GIC: Using split EOI/Deactivate mode
[    0.000000] /interrupt-controller@60004000: 192 interrupts forwarded to /interrupt-controller@50041000
[    0.000000] boot misc1 0x0: expected 0x20
[    0.000000]  (comparison mask = 0xffffff)
[    0.000000] PLL_X already enabled. Postponing set full defaults
[    0.000000] arch_timer: cp15 timer(s) running at 19.20MHz (phys).
[    0.000000] clocksource: arch_sys_counter: mask: 0xffffffffffffff max_cycles: 0x46d987e47, max_idle_ns: 440795202767 ns
[    0.000005] sched_clock: 56 bits at 19MHz, resolution 52ns, wraps every 4398046511078ns
[    0.008437] Console: colour dummy device 80x25
[    0.013081] Calibrating delay loop (skipped), value calculated using timer frequency.. 38.40 BogoMIPS (lpj=76800)
[    0.023699] pid_max: default: 32768 minimum: 301
[    0.028533] Security Framework initialized
[    0.034914] Dentry cache hash table entries: 524288 (order: 10, 4194304 bytes)
[    0.043460] Inode-cache hash table entries: 262144 (order: 9, 2097152 bytes)
[    0.050807] Mount-cache hash table entries: 8192 (order: 4, 65536 bytes)
[    0.057774] Mountpoint-cache hash table entries: 8192 (order: 4, 65536 bytes)
[    0.081238] ASID allocator initialised with 32768 entries
[    0.086909] Hierarchical SRCU implementation.
[    0.100451] Speedo Revision 4
[    0.103543] Tegra Revision: A01 SKU: 1 CPU Process: -22 SoC Process: -22
[    0.111389] EFI services will not be available.
[    0.124103] smp: Bringing up secondary CPUs ...
[    0.156931] Detected PIPT I-cache on CPU1
[    0.156976] CPU1: Booted secondary processor 0x0000000001 [0x411fd071]
[    0.184991] Detected PIPT I-cache on CPU2
[    0.185026] CPU2: Booted secondary processor 0x0000000002 [0x411fd071]
[    0.213057] Detected PIPT I-cache on CPU3
[    0.213089] CPU3: Booted secondary processor 0x0000000003 [0x411fd071]
[    0.213167] smp: Brought up 1 node, 4 CPUs
[    0.250077] SMP: Total of 4 processors activated.
[    0.254936] CPU features: detected feature: 32-bit EL0 Support
[    0.261478] CPU: All CPU(s) started at EL2
[    0.265733] alternatives: patching kernel code
[    0.274742] devtmpfs: initialized
[    0.285448] Built 1 zonelists, mobility grouping on.  Total pages: 749618
[    0.292485] Policy zone: Normal
[    0.296903] clocksource: jiffies: mask: 0xffffffff max_cycles: 0xffffffff, max_idle_ns: 7645041785100000 ns
[    0.307037] futex hash table entries: 1024 (order: 5, 131072 bytes)
[    0.313700] pinctrl core: initialized pinctrl subsystem
[    0.320516] DMI not present or invalid.
[    0.324825] NET: Registered protocol family 16
[    0.329776] audit: initializing netlink subsys (disabled)
[    0.335466] audit: type=2000 audit(0.280:1): state=initialized audit_enabled=0 res=1
[    0.343496] cpuidle: using governor menu
[    0.344407] vdso: 2 pages (1 code @ 0000000013997469, 1 data @ 000000005fd97bea)
[    0.344421] hw-breakpoint: found 6 breakpoint and 4 watchpoint registers.
[    0.348593] DMA: preallocated 256 KiB pool for atomic allocations
[    0.350944] Serial: AMBA PL011 UART driver
[    0.376035] HugeTLB registered 2.00 MiB page size, pre-allocated 0 pages
[    0.383370] cryptd: max_cpu_qlen set to 1000
[    0.388479] ACPI: Interpreter disabled.
[    0.393306] vgaarb: loaded
[    0.396350] SCSI subsystem initialized
[    0.400407] libata version 3.00 loaded.
[    0.405070] usbcore: registered new interface driver usbfs
[    0.410806] usbcore: registered new interface driver hub
[    0.416377] usbcore: registered new device driver usb
[    0.422608] pps_core: LinuxPPS API ver. 1 registered
[    0.427760] pps_core: Software ver. 5.3.6 - Copyright 2005-2007 Rodolfo Giometti <giometti@linux.it>
[    0.437252] PTP clock support registered
[    0.441452] EDAC MC: Ver: 3.0.0
[    0.445234] Advanced Linux Sound Architecture Driver Initialized.
[    0.452221] clocksource: Switched to clocksource arch_sys_counter
[    0.458674] VFS: Disk quotas dquot_6.6.0
[    0.462804] VFS: Dquot-cache hash table entries: 512 (order 0, 4096 bytes)
[    0.470060] pnp: PnP ACPI: disabled
[    0.480503] NET: Registered protocol family 2
[    0.485506] tcp_listen_portaddr_hash hash table entries: 2048 (order: 3, 32768 bytes)
[    0.493689] TCP established hash table entries: 32768 (order: 6, 262144 bytes)
[    0.501465] TCP bind hash table entries: 32768 (order: 7, 524288 bytes)
[    0.508616] TCP: Hash tables configured (established 32768 bind 32768)
[    0.515512] UDP hash table entries: 2048 (order: 4, 65536 bytes)
[    0.521790] UDP-Lite hash table entries: 2048 (order: 4, 65536 bytes)
[    0.528624] NET: Registered protocol family 1
[    0.533462] RPC: Registered named UNIX socket transport module.
[    0.539597] RPC: Registered udp transport module.
[    0.544471] RPC: Registered tcp transport module.
[    0.549348] RPC: Registered tcp NFSv4.1 backchannel transport module.
[    0.556018] PCI: CLS 0 bytes, default 128
[    0.560832] kvm [1]: 8-bit VMID
[    0.564079] kvm [1]: IDMAP page: 809f9000
[    0.568236] kvm [1]: HYP VA range: 800000000000:ffffffffffff
[    0.575001] kvm [1]: vgic-v2@50044000
[    0.578903] kvm [1]: vgic interrupt IRQ1
[    0.582983] kvm [1]: virtual timer IRQ4
[    0.587056] kvm [1]: Hyp mode initialized successfully
[    0.595401] Initialise system trusted keyrings
[    0.600129] workingset: timestamp_bits=44 max_order=20 bucket_order=0
[    0.613700] squashfs: version 4.0 (2009/01/31) Phillip Lougher
[    0.620398] NFS: Registering the id_resolver key type
[    0.625647] Key type id_resolver registered
[    0.629983] Key type id_legacy registered
[    0.634139] nfs4filelayout_init: NFSv4 File Layout Driver Registering...
[    0.641248] 9p: Installing v9fs 9p2000 file system support
[    0.649579] Key type asymmetric registered
[    0.653832] Asymmetric key parser 'x509' registered
[    0.659027] Block layer SCSI generic (bsg) driver version 0.4 loaded (major 245)
[    0.666693] io scheduler noop registered
[    0.670944] io scheduler cfq registered (default)
[    0.675821] io scheduler mq-deadline registered
[    0.680512] io scheduler kyber registered
[    0.699258] tegra-apbdma 60020000.dma: Tegra20 APB DMA driver register 32 channels
[    0.708923] tegra-pmc 7000e400.pmc: i2c-thermtrip node not found, emergency thermal reset disabled.
[    0.721991] Serial: 8250/16550 driver, 4 ports, IRQ sharing enabled
[    0.730510] console [ttyS0] disabled
[    0.734280] 70006000.serial: ttyS0 at MMIO 0x70006000 (irq = 313, base_baud = 25500000) is a Tegra
[    0.743587] console [ttyS0] enabled
[    0.743587] console [ttyS0] enabled
[    0.750681] bootconsole [uart8250] disabled
[    0.750681] bootconsole [uart8250] disabled
[    0.759717] SuperH (H)SCI(F) driver initialized
[    0.764526] msm_serial: driver initialized
[    0.769226] cacheinfo: Unable to detect cache hierarchy for CPU 0
[    0.781144] loop: module loaded
[    0.787248] libphy: Fixed MDIO Bus: probed
[    0.791936] tun: Universal TUN/TAP device driver, 1.6
[    0.797588] thunder-xcv, ver 1.0
[    0.800874] thunder-BGX, ver 1.0
[    0.804138] thunder-nic, ver 1.0
[    0.807618] e1000e: Intel(R) PRO/1000 Network Driver - 3.2.6-k
[    0.813458] e1000e: Copyright(c) 1999 - 2015 Intel Corporation.
[    0.819438] igb: Intel(R) Gigabit Ethernet Network Driver - version 5.4.0-k
[    0.826403] igb: Copyright (c) 2007-2014 Intel Corporation.
[    0.832016] igbvf: Intel(R) Gigabit Virtual Function Network Driver - version 2.4.0-k
[    0.839847] igbvf: Copyright (c) 2009 - 2012 Intel Corporation.
[    0.846021] sky2: driver version 1.30
[    0.850085] VFIO - User Level meta-driver version: 0.3
[    0.856108] ehci_hcd: USB 2.0 'Enhanced' Host Controller (EHCI) Driver
[    0.862648] ehci-pci: EHCI PCI platform driver
[    0.867137] ehci-platform: EHCI generic platform driver
[    0.872454] ehci-orion: EHCI orion driver
[    0.876537] ehci-exynos: EHCI EXYNOS driver
[    0.880797] ohci_hcd: USB 1.1 'Open' Host Controller (OHCI) Driver
[    0.886985] ohci-pci: OHCI PCI platform driver
[    0.891496] ohci-platform: OHCI generic platform driver
[    0.896803] ohci-exynos: OHCI EXYNOS driver
[    0.901356] usbcore: registered new interface driver usb-storage
[    0.909644] tegra_rtc 7000e000.rtc: rtc core: registered 7000e000.rtc as rtc1
[    0.916830] tegra_rtc 7000e000.rtc: Tegra internal Real Time Clock
[    0.923161] i2c /dev entries driver
[    0.929336] sdhci: Secure Digital Host Controller Interface driver
[    0.935522] sdhci: Copyright(c) Pierre Ossman
[    0.940057] Synopsys Designware Multimedia Card Interface Driver
[    0.946605] sdhci-pltfm: SDHCI platform and OF driver helper
[    0.960634] mmc0: Unknown controller version (3). You may experience problems.
[    0.996240] mmc0: SDHCI controller on 700b0600.sdhci [700b0600.sdhci] using ADMA 64-bit
[    1.005079] ledtrig-cpu: registered to indicate activity on CPUs
[    1.012164] usbcore: registered new interface driver usbhid
[    1.017744] usbhid: USB HID core driver
[    1.023257] NET: Registered protocol family 17
[    1.027789] 9pnet: Installing 9P2000 support
[    1.032124] Key type dns_resolver registered
[    1.037045] registered taskstats version 1
[    1.041158] Loading compiled-in X.509 certificates
[    1.054999] hctosys: unable to open rtc device (rtc0)
[    1.060601] ALSA device list:
[    1.063563]   No soundcards found.
[    1.067388] Waiting for root device PARTUUID=00000000-0001-0000-788f-a75600000000...
[    1.070145] mmc0: new high speed MMC card at address 0001
[    1.070878] mmcblk0: mmc0:0001 SDW16G 14.7 GiB 
[    1.071448] mmcblk0boot0: mmc0:0001 SDW16G partition 1 4.00 MiB
[    1.072015] mmcblk0boot1: mmc0:0001 SDW16G partition 2 4.00 MiB
[    1.072175] mmcblk0rpmb: mmc0:0001 SDW16G partition 3 4.00 MiB, chardev (240:0)
[    1.073783]  mmcblk0: p1 p2 p3 p4 p5 p6 p7 p8 p9 p10 p11 p12 p13 p14 p15 p16 p17 p18
[    1.114879] EXT4-fs (mmcblk0p1): couldn't mount as ext3 due to feature incompatibilities
[    1.138739] EXT4-fs (mmcblk0p1): mounted filesystem with ordered data mode. Opts: (null)
[    1.146863] VFS: Mounted root (ext4 filesystem) on device 179:1.
[    1.161874] devtmpfs: mounted
[    1.165559] Freeing unused kernel memory: 1152K
bash: cannot set terminal process group (-1): Inappropriate ioctl for device
bash: no job control in this shell
root@(none):/# 