
U-Boot SPL 2013.04-rc2-06423-gf2e8a87-dirty (May 15 2013 - 09:45:39)


U-Boot 2013.04-rc2-06423-gf2e8a87-dirty (May 15 2013 - 09:45:39)

TEGRA30
Board: NVIDIA Beaver
DRAM:  2 GiB
MMC:   Tegra SD/MMC: 0, Tegra SD/MMC: 1
*** Warning - bad CRC, using default environment

In:    serial
Out:   serial
Err:   serial
Hit any key to stop autoboot:  2  0 
Tegra30 (Beaver) # 
Tegra30 (Beaver) # setenv bootargs 'console=ttyS0,230400n8 noinitrd root=/dev/mmcblk0p1 rw rootwait gpt ignore_loglevel debug'
Tegra30 (Beaver) # loady 0x81000000
## Ready for binary (ymodem) download to 0x81000000 at 230400 bps...
CSending: zImage
Sending: 

Transfer complete
yzModem - CRC mode, 4(SOH)/4119(STX)/0(CAN) packets, 3 retries
## Total Size      = 0x00405c90 = 4218000 Bytes
Tegra30 (Beaver) # loady 0x82000000
## Ready for binary (ymodem) download to 0x82000000 at 230400 bps...
CSending: tegra30-beaver.dtb
Sending: 

Transfer complete
yzModem - CRC mode, 2(SOH)/17(STX)/0(CAN) packets, 3 retries
## Total Size      = 0x0000439d = 17309 Bytes
Tegra30 (Beaver) # bootz 0x81000000 - 0x82000000
## Flattened Device Tree blob at 82000000
   Booting using the fdt blob at 0x82000000
   Loading Device Tree to 8fff8000, end 8ffff39c ... OK

Starting kernel ...

[    0.000000] Booting Linux on physical CPU 0x0
[    0.000000] Initializing cgroup subsys cpu
[    0.000000] Initializing cgroup subsys cpuacct
[    0.000000] Linux version 3.11.0-rc3-next-20130802-15220-g466d32e (pwalmsley@tamien) (gcc version 4.5.1 (Sourcery G++ Lite 2010.09-50) ) #1 SMP PREEMPT Fri Aug 2 01:57:41 PDT 2013
[    0.000000] CPU: ARMv7 Processor [412fc099] revision 9 (ARMv7), cr=10c5387d
[    0.000000] CPU: PIPT / VIPT nonaliasing data cache, VIPT aliasing instruction cache
[    0.000000] Machine: NVIDIA Tegra SoC (Flattened Device Tree), model: NVIDIA Tegra30 Beaver evaluation board
[    0.000000] debug: ignoring loglevel setting.
[    0.000000] Memory policy: ECC disabled, Data cache writealloc
[    0.000000] On node 0 totalpages: 524032
[    0.000000] free_area_init_node: node 0, pgdat c07bdc80, node_mem_map c0814000
[    0.000000]   Normal zone: 1520 pages used for memmap
[    0.000000]   Normal zone: 0 pages reserved
[    0.000000]   Normal zone: 194560 pages, LIFO batch:31
[    0.000000]   HighMem zone: 2574 pages used for memmap
[    0.000000]   HighMem zone: 329472 pages, LIFO batch:31
[    0.000000] fuse_speedo_calib: ATE prog ver 3.3
[    0.000000] Tegra30: CPU Speedo ID 5, Soc Speedo ID 2
[    0.000000] Tegra Revision: A03 SKU: 128 CPU Process: 4 Core Process: 0
[    0.000000] L310 cache controller enabled
[    0.000000] l2x0: 8 ways, CACHE_ID 0x410000c7, AUX_CTRL 0x7e480001, Cache size: 1048576 B
[    0.000000] PERCPU: Embedded 8 pages/cpu @c1826000 s9088 r8192 d15488 u32768
[    0.000000] pcpu-alloc: s9088 r8192 d15488 u32768 alloc=8*4096
[    0.000000] pcpu-alloc: [0] 0 [0] 1 [0] 2 [0] 3 
[    0.000000] Built 1 zonelists in Zone order, mobility grouping on.  Total pages: 522512
[    0.000000] Kernel command line: console=ttyS0,230400n8 noinitrd root=/dev/mmcblk0p1 rw rootwait gpt ignore_loglevel debug
[    0.000000] PID hash table entries: 4096 (order: 2, 16384 bytes)
[    0.000000] Dentry cache hash table entries: 131072 (order: 7, 524288 bytes)
[    0.000000] Inode-cache hash table entries: 65536 (order: 6, 262144 bytes)
[    0.000000] Memory: 2070440K/2096128K available (5745K kernel code, 274K rwdata, 1652K rodata, 220K init, 339K bss, 25688K reserved, 1317888K highmem)
[    0.000000] Virtual kernel memory layout:
[    0.000000]     vector  : 0xffff0000 - 0xffff1000   (   4 kB)
[    0.000000]     fixmap  : 0xfff00000 - 0xfffe0000   ( 896 kB)
[    0.000000]     vmalloc : 0xf0000000 - 0xff000000   ( 240 MB)
[    0.000000]     lowmem  : 0xc0000000 - 0xef800000   ( 760 MB)
[    0.000000]     pkmap   : 0xbfe00000 - 0xc0000000   (   2 MB)
[    0.000000]     modules : 0xbf000000 - 0xbfe00000   (  14 MB)
[    0.000000]       .text : 0xc0008000 - 0xc0741a84   (7399 kB)
[    0.000000]       .init : 0xc0742000 - 0xc0779380   ( 221 kB)
[    0.000000]       .data : 0xc077a000 - 0xc07bea00   ( 275 kB)
[    0.000000]        .bss : 0xc07bea00 - 0xc0813888   ( 340 kB)
[    0.000000] Preemptible hierarchical RCU implementation.
[    0.000000] NR_IRQS:16 nr_irqs:16 16
[    0.000000] sched_clock: 32 bits at 1000kHz, resolution 1000ns, wraps every 4294967ms
[    0.000000] Console: colour dummy device 80x30
[    0.000536] Calibrating delay loop... 2793.47 BogoMIPS (lpj=13967360)
[    0.059939] pid_max: default: 32768 minimum: 301
[    0.060272] Mount-cache hash table entries: 512
[    0.068243] Initializing cgroup subsys debug
[    0.068259] Initializing cgroup subsys freezer
[    0.068305] CPU: Testing write buffer coherency: ok
[    0.068676] CPU0: thread -1, cpu 0, socket 0, mpidr 80000000
[    0.068728] Setting up static identity map for 0xc05772c0 - 0xc0577358
[    0.121240] CPU1: Booted secondary processor
[    0.179980] CPU1: thread -1, cpu 1, socket 0, mpidr 80000001
[    0.201211] CPU2: Booted secondary processor
[    0.259979] CPU2: thread -1, cpu 2, socket 0, mpidr 80000002
[    0.281207] CPU3: Booted secondary processor
[    0.339980] CPU3: thread -1, cpu 3, socket 0, mpidr 80000003
[    0.340051] Brought up 4 CPUs
[    0.340068] SMP: Total of 4 processors activated (11173.88 BogoMIPS).
[    0.340074] CPU: All CPU(s) started in SVC mode.
[    0.340854] devtmpfs: initialized
[    0.350590] VFP support v0.3: implementor 41 architecture 3 part 30 variant 9 rev 4
[    0.350877] pinctrl core: initialized pinctrl subsystem
[    0.351276] regulator-dummy: no parameters
[    0.351637] NET: Registered protocol family 16
[    0.352993] DMA: preallocated 256 KiB pool for atomic coherent allocations
[    0.353481] cpuidle: using governor ladder
[    0.353488] cpuidle: using governor menu
[    0.360581] No ATAGs?
[    0.360602] hw-breakpoint: found 5 (+1 reserved) breakpoint and 1 watchpoint registers.
[    0.360608] hw-breakpoint: maximum watchpoint size is 4 bytes.
[    0.368944] bio: create slab <bio-0> at 0
[    0.369976] vdd_5v_in: 5000 mV 
[    0.370092] platform 1.regulator: Driver reg-fixed-voltage requests probe deferral
[    0.370132] platform 2.regulator: Driver reg-fixed-voltage requests probe deferral
[    0.370274] vdd_5v_sata: 5000 mV 
[    0.370318] vdd_5v_sata: supplied by vdd_5v_in
[    0.370530] usb1_vbus: 5000 mV 
[    0.370552] usb1_vbus: supplied by vdd_5v_in
[    0.370751] usb3_vbus: 5000 mV 
[    0.370772] usb3_vbus: supplied by vdd_5v_in
[    0.370876] platform 6.regulator: Driver reg-fixed-voltage requests probe deferral
[    0.371004] sys_3v3_pexs: 3300 mV 
[    0.371028] reg-fixed-voltage 7.regulator: Failed to find supply vin
[    0.371115] reg-fixed-voltage 7.regulator: Failed to register regulator: -517
[    0.371127] platform 7.regulator: Driver reg-fixed-voltage requests probe deferral
[    0.372507] SCSI subsystem initialized
[    0.372821] usbcore: registered new interface driver usbfs
[    0.372886] usbcore: registered new interface driver hub
[    0.373030] usbcore: registered new device driver usb
[    0.376440] tps62361-vout: 500 <--> 1500 mV at 1160 mV 
[    0.376792] tps65910 4-002d: VMBCH-Threshold not specified
[    0.376800] tps65910 4-002d: VMBCH2-Threshold not specified
[    0.382091] vdd_1v8_gen: 1800 mV 
[    0.382132] vdd_1v8_gen: supplied by vdd_5v_in
[    0.385300] vddio_ddr_1v2: 1200 mV 
[    0.385792] vddio_ddr_1v2: supplied by vdd_5v_in
[    0.389143] vdd_1v5_gen: 1500 mV 
[    0.389173] vdd_1v5_gen: supplied by vdd_5v_in
[    0.392560] vdd_cpu,vdd_sys: 1000 mV 
[    0.394987] vdd_pexa,vdd_pexb: 1050 mV 
[    0.395016] vdd_pexa,vdd_pexb: supplied by vdd_1v5_gen
[    0.397803] vdd_sata,avdd_plle: 1050 mV 
[    0.397833] vdd_sata,avdd_plle: supplied by vdd_1v5_gen
[    0.400293] vdd_rtc: 1200 mV 
[    0.400340] vdd_rtc: supplied by vdd_5v_in
[    0.402786] vddio_sdmmc,avdd_vdac: 3300 mV 
[    0.402816] vddio_sdmmc,avdd_vdac: supplied by vdd_5v_in
[    0.405591] avdd_dsi_csi,pwrdet_mipi: 1200 mV 
[    0.405637] avdd_dsi_csi,pwrdet_mipi: supplied by vdd_1v8_gen
[    0.408090] vdd_pllm,x,u,a_p_c_s: 1200 mV 
[    0.408119] vdd_pllm,x,u,a_p_c_s: supplied by vdd_1v8_gen
[    0.410886] vdd_ddr_hs: 1000 mV 
[    0.410931] vdd_ddr_hs: supplied by vdd_1v8_gen
[    0.411253] Linux video capture interface: v2.00
[    0.411726] platform 7000f010.iommu: Driver tegra-smmu requests probe deferral
[    0.411948] Advanced Linux Sound Architecture Driver Initialized.
[    0.412535] Bluetooth: Core ver 2.16
[    0.412592] NET: Registered protocol family 31
[    0.412597] Bluetooth: HCI device and connection manager initialized
[    0.412616] Bluetooth: HCI socket layer initialized
[    0.412631] Bluetooth: L2CAP socket layer initialized
[    0.412671] Bluetooth: SCO socket layer initialized
[    0.413155] cfg80211: Calling CRDA to update world regulatory domain
[    0.413892] Switched to clocksource timer_us
[    0.423003] NET: Registered protocol family 2
[    0.423649] TCP established hash table entries: 8192 (order: 4, 65536 bytes)
[    0.423741] TCP bind hash table entries: 8192 (order: 4, 65536 bytes)
[    0.423814] TCP: Hash tables configured (established 8192 bind 8192)
[    0.424308] TCP: reno registered
[    0.424321] UDP hash table entries: 512 (order: 2, 16384 bytes)
[    0.424386] UDP-Lite hash table entries: 512 (order: 2, 16384 bytes)
[    0.424762] NET: Registered protocol family 1
[    0.425341] RPC: Registered named UNIX socket transport module.
[    0.425349] RPC: Registered udp transport module.
[    0.425352] RPC: Registered tcp transport module.
[    0.425356] RPC: Registered tcp NFSv4.1 backchannel transport module.
[    0.426260] hw perfevents: enabled with ARMv7 Cortex-A9 PMU driver, 7 counters available
[    0.428493] bounce pool size: 64 pages
[    0.429692] squashfs: version 4.0 (2009/01/31) Phillip Lougher
[    0.430326] msgmni has been set to 1469
[    0.431415] io scheduler noop registered (default)
[    0.435251] tegra-apbdma 6000a000.dma: Tegra20 APB DMA driver register 32 channels
[    0.435623] Serial: 8250/16550 driver, 4 ports, IRQ sharing disabled
[    0.436854] 70006000.serial: ttyS0 at MMIO 0x70006000 (irq = 68, base_baud = 25500000) is a Tegra
[    0.835892] console [ttyS0] enabled
[    0.838261] [drm] Initialized drm 1.1.0 20060810
[    0.842255] [drm] Supports vblank timestamp caching Rev 1 (10.10.2010).
[    0.845596] [drm] No driver support for vblank timestamp query.
[    0.848580] tegra-host1x 50000000.host1x: No connectors reported connected with modes
[    0.852511] [drm] Cannot find any crtc or sizes - going 1024x768
[    0.869929] Console: switching to colour frame buffer device 128x48
[    0.879133] tegra-host1x 50000000.host1x: fb0:  frame buffer device
[    0.882277] tegra-host1x 50000000.host1x: registered panic notifier
[    0.885440] [drm] Initialized tegra 0.0.0 20120330 on minor 0
[    0.891647] loop: module loaded
[    0.895649] m25p80 spi32766.1: w25q32 (4096 Kbytes)
[    0.899058] pegasus: v0.9.3 (2013/04/25), Pegasus/Pegasus II USB Ethernet driver
[    0.902845] usbcore: registered new interface driver pegasus
[    0.905765] usbcore: registered new interface driver asix
[    0.908535] usbcore: registered new interface driver ax88179_178a
[    0.911637] usbcore: registered new interface driver cdc_ether
[    0.914621] usbcore: registered new interface driver r815x
[    0.917432] usbcore: registered new interface driver smsc75xx
[    0.920372] usbcore: registered new interface driver smsc95xx
[    0.923299] usbcore: registered new interface driver net1080
[    0.926209] usbcore: registered new interface driver cdc_subset
[    0.929224] usbcore: registered new interface driver zaurus
[    0.932086] usbcore: registered new interface driver cdc_ncm
[    0.934970] ehci_hcd: USB 2.0 'Enhanced' Host Controller (EHCI) Driver
[    0.938243] tegra-ehci: Tegra EHCI driver
[    0.940429] usbcore: registered new interface driver cdc_acm
[    0.943266] cdc_acm: USB Abstract Control Model driver for USB modems and ISDN adapters
[    0.947338] usbcore: registered new interface driver cdc_wdm
[    0.950243] usbcore: registered new interface driver usb-storage
[    0.953681] mousedev: PS/2 mouse device common for all mice
[    0.957439] tegra_rtc 7000e000.rtc: rtc core: registered 7000e000.rtc as rtc0
[    0.961040] tegra_rtc 7000e000.rtc: Tegra internal Real Time Clock
[    0.977021] tps65910-rtc tps65910-rtc: rtc core: registered tps65910-rtc as rtc1
[    0.982025] sdhci: Secure Digital Host Controller Interface driver
[    0.985139] sdhci: Copyright(c) Pierre Ossman
[    0.987325] sdhci-pltfm: SDHCI platform and OF driver helper
[    0.990470] sdhci-tegra 78000000.sdhci: Got CD GPIO #69.
[    0.993147] sdhci-tegra 78000000.sdhci: Got WP GPIO #155.
[    0.996917] mmc0: no vqmmc regulator found
[    0.998973] mmc0: no vmmc regulator found
[    1.000984] mmc0: Invalid maximum block size, assuming 512 bytes
[    1.043905] mmc0: SDHCI controller on 78000000.sdhci [78000000.sdhci] using ADMA
[    1.048709] mmc1: no vqmmc regulator found
[    1.050765] mmc1: no vmmc regulator found
[    1.052775] mmc1: Invalid maximum block size, assuming 512 bytes
[    1.093901] mmc1: SDHCI controller on 78000600.sdhci [78000600.sdhci] using ADMA
[    1.100314] usbcore: registered new interface driver usbhid
[    1.105149] usbhid: USB HID core driver
[    1.252365] mmc1: new high speed MMC card at address 0001
[    1.255499] mmcblk0: mmc1:0001 SEM16G 14.8 GiB 
[    1.258000] mmcblk0boot0: mmc1:0001 SEM16G partition 1 1.00 MiB
[    1.261180] mmcblk0boot1: mmc1:0001 SEM16G partition 2 1.00 MiB
[    1.264367] mmcblk0rpmb: mmc1:0001 SEM16G partition 3 128 KiB
[    1.271376] Primary GPT is invalid, using alternate GPT.
[    1.274077]  mmcblk0: p1 p2 p3 p4 p5
[    1.280002]  mmcblk0boot1: unknown partition table
[    1.285362]  mmcblk0boot0: unknown partition table
[    1.536884] Unable to handle kernel paging request at virtual address 6b6b6bd3
[    1.540512] pgd = c0004000
[    1.541869] [6b6b6bd3] *pgd=00000000
[    1.543670] Internal error: Oops: 5 [#1] PREEMPT SMP ARM
[    1.546334] Modules linked in:
[    1.547873] CPU: 1 PID: 1 Comm: swapper/0 Not tainted 3.11.0-rc3-next-20130802-15220-g466d32e #1
[    1.552279] task: ef064a40 ti: ef074000 task.ti: ef074000
[    1.555000] PC is at dapm_clear_walk_output+0x8/0x70
[    1.557490] LR is at dapm_clear_walk_output+0x5c/0x70
[    1.560024] pc : [<c03eacdc>]    lr : [<c03ead30>]    psr: 20000113
[    1.560024] sp : ef075d00  ip : 00000008  fp : ef075d58
[    1.565778] r10: c07b55d0  r9 : c07b55b8  r8 : c07b54c8
[    1.568397] r7 : ef075d44  r6 : eebd04b8  r5 : 6b6b6bd3  r4 : eebb3970
[    1.571669] r3 : 00000069  r2 : 00000002  r1 : 6b6b6bd3  r0 : eebd04b8
[    1.574944] Flags: nzCv  IRQs on  FIQs on  Mode SVC_32  ISA ARM  Segment kernel
[    1.578608] Control: 10c5387d  Table: 8000404a  DAC: 00000015
[    1.581489] Process swapper/0 (pid: 1, stack limit = 0xef074238)
[    1.584500] Stack: (0xef075d00 to 0xef076000)
[    1.586688] 5d00: eebb3970 eebc31e8 eebd04b8 c03ead30 eebc3180 00000000 00000000 c03ec9d8
[    1.590790] 5d20: c07b55c8 eebc3180 ef075d50 c03ee534 eec643f0 c01dd528 eec2a948 00000000
[    1.594891] 5d40: 00000005 ef075d44 ef075d44 c0574130 ef075d50 ef075d50 ef075d58 ef075d58
[    1.598992] 5d60: ef3140c0 c07b55a4 eebc3f44 000000f0 eebc3f60 00000005 c07b55b8 00000010
[    1.603094] 5d80: c05c54ec c03ee924 c05c54ec 00000000 c07b54c8 c07b5504 00000000 c07b54c8
[    1.607195] 5da0: c07b54c8 eebc5810 eebd0400 00000000 c06d5c28 c07b5678 00000002 c03e7590
[    1.611297] 5dc0: 00000000 00000000 00000000 c07b54c8 eebc5810 00000001 ef0ef4c0 00000000
[    1.615398] 5de0: 00000000 ef0ef7c0 00000002 c03ea398 c07b54d8 c07aac9c 00000000 c07b55d8
[    1.619500] 5e00: 00000000 c07b5678 c07b1fbc c06d0f84 c07b54e8 eebd0400 c07b55c8 c07b55b0
[    1.623601] 5e20: c07b55a0 c07b1f58 eebc7690 c07b53f4 ef188e10 eebc7690 c18234f4 00000000
[    1.627702] 5e40: 000000b0 c07b5408 00000000 c03fdb58 ef188e10 c0806a40 c0806a48 00000000
[    1.631804] 5e60: 00000000 c02c4fe0 c02c4fc8 c02c3c04 ef064a40 ef188e10 c07b5408 ef188e44
[    1.635906] 5e80: 00000000 00000000 c0776b34 c02c3e24 c07b5408 c02c3d98 00000000 c02c239c
[    1.640007] 5ea0: ef06d0e0 ef13fd74 c07b5408 c079c5f8 eeb24e40 c02c343c c06d5bf0 c07b5370
[    1.644109] 5ec0: ef06d080 c07b5408 00000006 ef074000 00000000 00000000 c0776b34 c02c435c
[    1.648210] 5ee0: 00000000 c0762120 00000006 ef074000 00000000 c07421c8 c0776b34 c0008948
[    1.652311] 5f00: 000000bf c057fd30 ef1160c0 c07f8618 c076d200 00000001 c0714918 c07894d8
[    1.656412] 5f20: 60000113 00000000 c05948d8 c0714918 c0715418 c003e130 c003d7a8 00000000
[    1.660513] 5f40: c06bebf8 00000001 00000006 00000006 c07894c8 c076d2b0 00000006 c07bea00
[    1.664613] 5f60: c076d290 c07421c8 000000b0 c0776b34 00000000 c074294c 00000006 00000006
[    1.668714] 5f80: c07421c8 ffffffff 00000000 c05702a8 00000000 00000000 00000000 00000000
[    1.672815] 5fa0: 00000000 c05702b0 00000000 c000ed18 00000000 00000000 00000000 00000000
[    1.676916] 5fc0: 00000000 00000000 00000000 00000000 00000000 00000000 00000000 00000000
[    1.681017] 5fe0: 00000000 00000000 00000000 00000000 00000013 00000000 ffffffff ffffffff
[    1.685130] [<c03eacdc>] (dapm_clear_walk_output+0x8/0x70) from [<c03ead30>] (dapm_clear_walk_output+0x5c/0x70)
[    1.690194] [<c03ead30>] (dapm_clear_walk_output+0x5c/0x70) from [<c03ec9d8>] (dapm_generic_check_power+0x50/0x64)
[    1.695388] [<c03ec9d8>] (dapm_generic_check_power+0x50/0x64) from [<c03ee534>] (dapm_power_widgets+0x68c/0x6c4)
[    1.700494] [<c03ee534>] (dapm_power_widgets+0x68c/0x6c4) from [<c03ee924>] (snd_soc_dapm_new_widgets+0x2f0/0x34c)
[    1.705686] [<c03ee924>] (snd_soc_dapm_new_widgets+0x2f0/0x34c) from [<c03e7590>] (soc_post_component_init+0x40/0x26c)
[    1.711052] [<c03e7590>] (soc_post_component_init+0x40/0x26c) from [<c03ea398>] (snd_soc_register_card+0xe24/0x1614)
[    1.716340] [<c03ea398>] (snd_soc_register_card+0xe24/0x1614) from [<c03fdb58>] (tegra_rt5640_probe+0x10c/0x180)
[    1.721454] [<c03fdb58>] (tegra_rt5640_probe+0x10c/0x180) from [<c02c4fe0>] (platform_drv_probe+0x18/0x1c)
[    1.726301] [<c02c4fe0>] (platform_drv_probe+0x18/0x1c) from [<c02c3c04>] (driver_probe_device+0x98/0x22c)
[    1.731145] [<c02c3c04>] (driver_probe_device+0x98/0x22c) from [<c02c3e24>] (__driver_attach+0x8c/0x90)
[    1.735857] [<c02c3e24>] (__driver_attach+0x8c/0x90) from [<c02c239c>] (bus_for_each_dev+0x64/0x88)
[    1.740396] [<c02c239c>] (bus_for_each_dev+0x64/0x88) from [<c02c343c>] (bus_add_driver+0x228/0x294)
[    1.744977] [<c02c343c>] (bus_add_driver+0x228/0x294) from [<c02c435c>] (driver_register+0x78/0x18c)
[    1.749561] [<c02c435c>] (driver_register+0x78/0x18c) from [<c0008948>] (do_one_initcall+0x34/0x148)
[    1.754158] [<c0008948>] (do_one_initcall+0x34/0x148) from [<c074294c>] (kernel_init_freeable+0x12c/0x1d0)
[    1.759012] [<c074294c>] (kernel_init_freeable+0x12c/0x1d0) from [<c05702b0>] (kernel_init+0x8/0xe8)
[    1.763601] [<c05702b0>] (kernel_init+0x8/0xe8) from [<c000ed18>] (ret_from_fork+0x14/0x3c)
[    1.767792] Code: e1a00003 e8bd8070 e92d4070 e1a05001 (e5914000) 
[    1.770939] ---[ end trace 903c973cc7376140 ]---
[    1.773284] Kernel panic - not syncing: Attempted to kill init! exitcode=0x0000000b
[    1.773284] 
[    1.777868] CPU2: stopping
[    1.779232] CPU: 2 PID: 0 Comm: swapper/2 Tainted: G      D      3.11.0-rc3-next-20130802-15220-g466d32e #1
[    1.784134] [<c0015560>] (unwind_backtrace+0x0/0xf8) from [<c0011ed4>] (show_stack+0x10/0x14)
[    1.788420] [<c0011ed4>] (show_stack+0x10/0x14) from [<c0572264>] (dump_stack+0x7c/0xc0)
[    1.792482] [<c0572264>] (dump_stack+0x7c/0xc0) from [<c0013ee4>] (handle_IPI+0x108/0x118)
[    1.796629] [<c0013ee4>] (handle_IPI+0x108/0x118) from [<c0008724>] (gic_handle_irq+0x58/0x5c)
[    1.800952] [<c0008724>] (gic_handle_irq+0x58/0x5c) from [<c0012a00>] (__irq_svc+0x40/0x70)
[    1.805139] Exception stack(0xef0b3f88 to 0xef0b3fd0)
[    1.807674] 3f80:                   ffffffed 010bf000 c07838b8 00000000 ef0b2000 c07be8a7
[    1.811777] 3fa0: c078244c c0579fcc c07be8a7 412fc099 00000001 00000000 c07e3c68 ef0b3fd0
[    1.815877] 3fc0: c000f880 c000f878 60000113 ffffffff
[    1.818413] [<c0012a00>] (__irq_svc+0x40/0x70) from [<c000f878>] (arch_cpu_idle+0x2c/0x38)
[    1.822571] [<c000f878>] (arch_cpu_idle+0x2c/0x38) from [<c0064454>] (cpu_startup_entry+0xa8/0x130)
[    1.827112] [<c0064454>] (cpu_startup_entry+0xa8/0x130) from [<800087c4>] (0x800087c4)
[    1.831082] CPU0: stopping
[    1.832444] CPU: 0 PID: 0 Comm: swapper/0 Tainted: G      D      3.11.0-rc3-next-20130802-15220-g466d32e #1
[    1.837337] [<c0015560>] (unwind_backtrace+0x0/0xf8) from [<c0011ed4>] (show_stack+0x10/0x14)
[    1.841617] [<c0011ed4>] (show_stack+0x10/0x14) from [<c0572264>] (dump_stack+0x7c/0xc0)
[    1.845678] [<c0572264>] (dump_stack+0x7c/0xc0) from [<c0013ee4>] (handle_IPI+0x108/0x118)
[    1.849824] [<c0013ee4>] (handle_IPI+0x108/0x118) from [<c0008724>] (gic_handle_irq+0x58/0x5c)
[    1.854146] [<c0008724>] (gic_handle_irq+0x58/0x5c) from [<c0012a00>] (__irq_svc+0x40/0x70)
[    1.858333] Exception stack(0xc077bf58 to 0xc077bfa0)
[    1.860866] bf40:                                                       ffffffed 010af000
[    1.864968] bf60: c07838b8 00000000 c077a000 c07be8a7 c078244c c0579fcc c07be8a7 412fc099
[    1.869070] bf80: 00000001 00000000 c07e3c68 c077bfa0 c000f880 c000f878 60000113 ffffffff
[    1.873173] [<c0012a00>] (__irq_svc+0x40/0x70) from [<c000f878>] (arch_cpu_idle+0x2c/0x38)
[    1.877321] [<c000f878>] (arch_cpu_idle+0x2c/0x38) from [<c0064454>] (cpu_startup_entry+0xa8/0x130)
[    1.881863] [<c0064454>] (cpu_startup_entry+0xa8/0x130) from [<c0742814>] (start_kernel+0x308/0x314)
[    1.886446] [<c0742814>] (start_kernel+0x308/0x314) from [<80008074>] (0x80008074)
[    1.890242] CPU3: stopping
[    1.891603] CPU: 3 PID: 0 Comm: swapper/3 Tainted: G      D      3.11.0-rc3-next-20130802-15220-g466d32e #1
[    1.896496] [<c0015560>] (unwind_backtrace+0x0/0xf8) from [<c0011ed4>] (show_stack+0x10/0x14)
[    1.900777] [<c0011ed4>] (show_stack+0x10/0x14) from [<c0572264>] (dump_stack+0x7c/0xc0)
[    1.904837] [<c0572264>] (dump_stack+0x7c/0xc0) from [<c0013ee4>] (handle_IPI+0x108/0x118)
[    1.908984] [<c0013ee4>] (handle_IPI+0x108/0x118) from [<c0008724>] (gic_handle_irq+0x58/0x5c)
[    1.913305] [<c0008724>] (gic_handle_irq+0x58/0x5c) from [<c0012a00>] (__irq_svc+0x40/0x70)
[    1.917492] Exception stack(0xef0b5f88 to 0xef0b5fd0)
[    1.920027] 5f80:                   ffffffed 010c7000 c07838b8 00000000 ef0b4000 c07be8a7
[    1.924128] 5fa0: c078244c c0579fcc c07be8a7 412fc099 00000001 00000000 c07e3c68 ef0b5fd0
[    1.928229] 5fc0: c000f880 c000f878 60000113 ffffffff
[    1.930766] [<c0012a00>] (__irq_svc+0x40/0x70) from [<c000f878>] (arch_cpu_idle+0x2c/0x38)
[    1.934914] [<c000f878>] (arch_cpu_idle+0x2c/0x38) from [<c0064454>] (cpu_startup_entry+0xa8/0x130)
[    1.939452] [<c0064454>] (cpu_startup_entry+0xa8/0x130) from [<800087c4>] (0x800087c4)
[    1.943422] drm_kms_helper: panic occurred, switching back to text console
