
U-Boot SPL 2013.04-rc2-06423-gf2e8a87-dirty (May 15 2013 - 09:45:39)


U-Boot 2013.04-rc2-06423-gf2e8a87-dirty (May 15 2013 - 09:45:39)

TEGRA30
Board: NVIDIA Beaver
DRAM:  2 GiB
MMC:   Tegra SD/MMC: 0, Tegra SD/MMC: 1
*** Warning - bad CRC, using default environment

In:    serial
Out:   serial
Err:   serial
Hit any key to stop autoboot:  2  0 
Tegra30 (Beaver) # 
Tegra30 (Beaver) # setenv bootargs 'console=ttyS0,230400n8 noinitrd root=/dev/mmcblk0p1 rw rootwait gpt ignore_loglevel debug'
Tegra30 (Beaver) # loady 0x81000000
## Ready for binary (ymodem) download to 0x81000000 at 230400 bps...
CSending: zImage
Sending: 

Transfer complete
yzModem - CRC mode, 3(SOH)/4262(STX)/0(CAN) packets, 3 retries
## Total Size      = 0x00429818 = 4364312 Bytes
Tegra30 (Beaver) # loady 0x82000000
## Ready for binary (ymodem) download to 0x82000000 at 230400 bps...
CSending: tegra30-beaver.dtb
Sending: 

Transfer complete
yzModem - CRC mode, 2(SOH)/17(STX)/0(CAN) packets, 3 retries
## Total Size      = 0x0000439d = 17309 Bytes
Tegra30 (Beaver) # bootz 0x81000000 - 0x82000000
## Flattened Device Tree blob at 82000000
   Booting using the fdt blob at 0x82000000
   Loading Device Tree to 8fff8000, end 8ffff39c ... OK

Starting kernel ...

[    0.000000] Booting Linux on physical CPU 0x0
[    0.000000] Initializing cgroup subsys cpu
[    0.000000] Initializing cgroup subsys cpuacct
[    0.000000] Linux version 3.11.0-rc3-next-20130802-15220-g466d32e (pwalmsley@tamien) (gcc version 4.5.1 (Sourcery G++ Lite 2010.09-50) ) #1 SMP PREEMPT Fri Aug 2 01:41:18 PDT 2013
[    0.000000] CPU: ARMv7 Processor [412fc099] revision 9 (ARMv7), cr=10c5387d
[    0.000000] CPU: PIPT / VIPT nonaliasing data cache, VIPT aliasing instruction cache
[    0.000000] Machine: NVIDIA Tegra SoC (Flattened Device Tree), model: NVIDIA Tegra30 Beaver evaluation board
[    0.000000] debug: ignoring loglevel setting.
[    0.000000] Memory policy: ECC disabled, Data cache writealloc
[    0.000000] On node 0 totalpages: 524032
[    0.000000] free_area_init_node: node 0, pgdat c0812340, node_mem_map c086a000
[    0.000000]   Normal zone: 1520 pages used for memmap
[    0.000000]   Normal zone: 0 pages reserved
[    0.000000]   Normal zone: 194560 pages, LIFO batch:31
[    0.000000]   HighMem zone: 2574 pages used for memmap
[    0.000000]   HighMem zone: 329472 pages, LIFO batch:31
[    0.000000] fuse_speedo_calib: ATE prog ver 3.3
[    0.000000] Tegra30: CPU Speedo ID 5, Soc Speedo ID 2
[    0.000000] Tegra Revision: A03 SKU: 128 CPU Process: 4 Core Process: 0
[    0.000000] L310 cache controller enabled
[    0.000000] l2x0: 8 ways, CACHE_ID 0x410000c7, AUX_CTRL 0x7e480001, Cache size: 1048576 B
[    0.000000] PERCPU: Embedded 8 pages/cpu @c187c000 s9152 r8192 d15424 u32768
[    0.000000] pcpu-alloc: s9152 r8192 d15424 u32768 alloc=8*4096
[    0.000000] pcpu-alloc: [0] 0 [0] 1 [0] 2 [0] 3 
[    0.000000] Built 1 zonelists in Zone order, mobility grouping on.  Total pages: 522512
[    0.000000] Kernel command line: console=ttyS0,230400n8 noinitrd root=/dev/mmcblk0p1 rw rootwait gpt ignore_loglevel debug
[    0.000000] PID hash table entries: 4096 (order: 2, 16384 bytes)
[    0.000000] Dentry cache hash table entries: 131072 (order: 7, 524288 bytes)
[    0.000000] Inode-cache hash table entries: 65536 (order: 6, 262144 bytes)
[    0.000000] Memory: 2070096K/2096128K available (5931K kernel code, 302K rwdata, 1756K rodata, 236K init, 342K bss, 26032K reserved, 1317888K highmem)
[    0.000000] Virtual kernel memory layout:
[    0.000000]     vector  : 0xffff0000 - 0xffff1000   (   4 kB)
[    0.000000]     fixmap  : 0xfff00000 - 0xfffe0000   ( 896 kB)
[    0.000000]     vmalloc : 0xf0000000 - 0xff000000   ( 240 MB)
[    0.000000]     lowmem  : 0xc0000000 - 0xef800000   ( 760 MB)
[    0.000000]     pkmap   : 0xbfe00000 - 0xc0000000   (   2 MB)
[    0.000000]     modules : 0xbf000000 - 0xbfe00000   (  14 MB)
[    0.000000]       .text : 0xc0008000 - 0xc078a3a4   (7689 kB)
[    0.000000]       .init : 0xc078b000 - 0xc07c63c0   ( 237 kB)
[    0.000000]       .data : 0xc07c8000 - 0xc0813a40   ( 303 kB)
[    0.000000]        .bss : 0xc0813a40 - 0xc0869248   ( 343 kB)
[    0.000000] Preemptible hierarchical RCU implementation.
[    0.000000] NR_IRQS:16 nr_irqs:16 16
[    0.000000] sched_clock: 32 bits at 1000kHz, resolution 1000ns, wraps every 4294967ms
[    0.000000] Console: colour dummy device 80x30
[    0.000546] Calibrating delay loop... 2793.47 BogoMIPS (lpj=13967360)
[    0.059941] pid_max: default: 32768 minimum: 301
[    0.060298] Mount-cache hash table entries: 512
[    0.069084] Initializing cgroup subsys debug
[    0.069099] Initializing cgroup subsys freezer
[    0.069149] CPU: Testing write buffer coherency: ok
[    0.069514] CPU0: thread -1, cpu 0, socket 0, mpidr 80000000
[    0.069564] Setting up static identity map for 0xc05a4498 - 0xc05a4530
[    0.121291] CPU1: Booted secondary processor
[    0.179984] CPU1: thread -1, cpu 1, socket 0, mpidr 80000001
[    0.201253] CPU2: Booted secondary processor
[    0.259982] CPU2: thread -1, cpu 2, socket 0, mpidr 80000002
[    0.281254] CPU3: Booted secondary processor
[    0.339983] CPU3: thread -1, cpu 3, socket 0, mpidr 80000003
[    0.340051] Brought up 4 CPUs
[    0.340069] SMP: Total of 4 processors activated (11173.88 BogoMIPS).
[    0.340076] CPU: All CPU(s) started in SVC mode.
[    0.340879] devtmpfs: initialized
[    0.351613] VFP support v0.3: implementor 41 architecture 3 part 30 variant 9 rev 4
[    0.351906] pinctrl core: initialized pinctrl subsystem
[    0.352324] regulator-dummy: no parameters
[    0.352709] NET: Registered protocol family 16
[    0.354083] DMA: preallocated 256 KiB pool for atomic coherent allocations
[    0.354700] cpuidle: using governor ladder
[    0.354706] cpuidle: using governor menu
[    0.362089] No ATAGs?
[    0.362111] hw-breakpoint: found 5 (+1 reserved) breakpoint and 1 watchpoint registers.
[    0.362117] hw-breakpoint: maximum watchpoint size is 4 bytes.
[    0.371328] bio: create slab <bio-0> at 0
[    0.372398] vdd_5v_in: 5000 mV 
[    0.372529] platform 1.regulator: Driver reg-fixed-voltage requests probe deferral
[    0.372570] platform 2.regulator: Driver reg-fixed-voltage requests probe deferral
[    0.372717] vdd_5v_sata: 5000 mV 
[    0.372747] vdd_5v_sata: supplied by vdd_5v_in
[    0.372962] usb1_vbus: 5000 mV 
[    0.373000] usb1_vbus: supplied by vdd_5v_in
[    0.373199] usb3_vbus: 5000 mV 
[    0.373220] usb3_vbus: supplied by vdd_5v_in
[    0.373327] platform 6.regulator: Driver reg-fixed-voltage requests probe deferral
[    0.373479] sys_3v3_pexs: 3300 mV 
[    0.373504] reg-fixed-voltage 7.regulator: Failed to find supply vin
[    0.373596] reg-fixed-voltage 7.regulator: Failed to register regulator: -517
[    0.373608] platform 7.regulator: Driver reg-fixed-voltage requests probe deferral
[    0.374393] vgaarb: loaded
[    0.375268] SCSI subsystem initialized
[    0.375581] usbcore: registered new interface driver usbfs
[    0.375665] usbcore: registered new interface driver hub
[    0.375808] usbcore: registered new device driver usb
[    0.379293] tps62361-vout: 500 <--> 1500 mV at 1160 mV 
[    0.379669] tps65910 4-002d: VMBCH-Threshold not specified
[    0.379676] tps65910 4-002d: VMBCH2-Threshold not specified
[    0.385029] vdd_1v8_gen: 1800 mV 
[    0.385073] vdd_1v8_gen: supplied by vdd_5v_in
[    0.388234] vddio_ddr_1v2: 1200 mV 
[    0.388726] vddio_ddr_1v2: supplied by vdd_5v_in
[    0.392099] vdd_1v5_gen: 1500 mV 
[    0.392132] vdd_1v5_gen: supplied by vdd_5v_in
[    0.395527] vdd_cpu,vdd_sys: 1000 mV 
[    0.397967] vdd_pexa,vdd_pexb: 1050 mV 
[    0.398002] vdd_pexa,vdd_pexb: supplied by vdd_1v5_gen
[    0.400810] vdd_sata,avdd_plle: 1050 mV 
[    0.400841] vdd_sata,avdd_plle: supplied by vdd_1v5_gen
[    0.403307] vdd_rtc: 1200 mV 
[    0.403346] vdd_rtc: supplied by vdd_5v_in
[    0.405814] vddio_sdmmc,avdd_vdac: 3300 mV 
[    0.405845] vddio_sdmmc,avdd_vdac: supplied by vdd_5v_in
[    0.408633] avdd_dsi_csi,pwrdet_mipi: 1200 mV 
[    0.408665] avdd_dsi_csi,pwrdet_mipi: supplied by vdd_1v8_gen
[    0.411151] vdd_pllm,x,u,a_p_c_s: 1200 mV 
[    0.411182] vdd_pllm,x,u,a_p_c_s: supplied by vdd_1v8_gen
[    0.413960] vdd_ddr_hs: 1000 mV 
[    0.413992] vdd_ddr_hs: supplied by vdd_1v8_gen
[    0.414348] Linux video capture interface: v2.00
[    0.414939] platform 7000f010.iommu: Driver tegra-smmu requests probe deferral
[    0.415174] Advanced Linux Sound Architecture Driver Initialized.
[    0.415801] Bluetooth: Core ver 2.16
[    0.415862] NET: Registered protocol family 31
[    0.415866] Bluetooth: HCI device and connection manager initialized
[    0.415885] Bluetooth: HCI socket layer initialized
[    0.415900] Bluetooth: L2CAP socket layer initialized
[    0.415940] Bluetooth: SCO socket layer initialized
[    0.416467] cfg80211: Calling CRDA to update world regulatory domain
[    0.417207] Switched to clocksource timer_us
[    0.426980] NET: Registered protocol family 2
[    0.427676] TCP established hash table entries: 8192 (order: 4, 65536 bytes)
[    0.427768] TCP bind hash table entries: 8192 (order: 4, 65536 bytes)
[    0.427846] TCP: Hash tables configured (established 8192 bind 8192)
[    0.428352] TCP: reno registered
[    0.428366] UDP hash table entries: 512 (order: 2, 16384 bytes)
[    0.428432] UDP-Lite hash table entries: 512 (order: 2, 16384 bytes)
[    0.428815] NET: Registered protocol family 1
[    0.429486] RPC: Registered named UNIX socket transport module.
[    0.429495] RPC: Registered udp transport module.
[    0.429499] RPC: Registered tcp transport module.
[    0.429503] RPC: Registered tcp NFSv4.1 backchannel transport module.
[    0.429513] PCI: CLS 0 bytes, default 64
[    0.430491] hw perfevents: enabled with ARMv7 Cortex-A9 PMU driver, 7 counters available
[    0.432966] bounce pool size: 64 pages
[    0.434185] squashfs: version 4.0 (2009/01/31) Phillip Lougher
[    0.434864] msgmni has been set to 1469
[    0.435990] io scheduler noop registered (default)
[    0.440100] tegra-apbdma 6000a000.dma: Tegra20 APB DMA driver register 32 channels
[    0.440505] Serial: 8250/16550 driver, 4 ports, IRQ sharing disabled
[    0.441880] 70006000.serial: ttyS0 at MMIO 0x70006000 (irq = 68, base_baud = 25500000) is a Tegra
[    0.844229] console [ttyS0] enabled
[    0.846612] [drm] Initialized drm 1.1.0 20060810
[    0.850677] [drm] Supports vblank timestamp caching Rev 1 (10.10.2010).
[    0.853998] [drm] No driver support for vblank timestamp query.
[    0.856978] tegra-host1x 50000000.host1x: No connectors reported connected with modes
[    0.860949] [drm] Cannot find any crtc or sizes - going 1024x768
[    0.878522] Console: switching to colour frame buffer device 128x48
[    0.887730] tegra-host1x 50000000.host1x: fb0:  frame buffer device
[    0.890875] tegra-host1x 50000000.host1x: registered panic notifier
[    0.894026] [drm] Initialized tegra 0.0.0 20120330 on minor 0
[    0.900546] loop: module loaded
[    0.904608] m25p80 spi32766.1: w25q32 (4096 Kbytes)
[    0.908174] pegasus: v0.9.3 (2013/04/25), Pegasus/Pegasus II USB Ethernet driver
[    0.911963] usbcore: registered new interface driver pegasus
[    0.914863] usbcore: registered new interface driver asix
[    0.917643] usbcore: registered new interface driver ax88179_178a
[    0.920749] usbcore: registered new interface driver cdc_ether
[    0.923726] usbcore: registered new interface driver r815x
[    0.926555] usbcore: registered new interface driver smsc75xx
[    0.929517] usbcore: registered new interface driver smsc95xx
[    0.932451] usbcore: registered new interface driver net1080
[    0.935340] usbcore: registered new interface driver cdc_subset
[    0.938373] usbcore: registered new interface driver zaurus
[    0.941243] usbcore: registered new interface driver cdc_ncm
[    0.944118] ehci_hcd: USB 2.0 'Enhanced' Host Controller (EHCI) Driver
[    0.947419] ehci-pci: EHCI PCI platform driver
[    0.949708] tegra-ehci: Tegra EHCI driver
[    0.951916] usbcore: registered new interface driver cdc_acm
[    0.954754] cdc_acm: USB Abstract Control Model driver for USB modems and ISDN adapters
[    0.958835] usbcore: registered new interface driver cdc_wdm
[    0.961738] usbcore: registered new interface driver usb-storage
[    0.965200] mousedev: PS/2 mouse device common for all mice
[    0.968984] tegra_rtc 7000e000.rtc: rtc core: registered 7000e000.rtc as rtc0
[    0.972594] tegra_rtc 7000e000.rtc: Tegra internal Real Time Clock
[    0.988534] tps65910-rtc tps65910-rtc: rtc core: registered tps65910-rtc as rtc1
[    0.993552] sdhci: Secure Digital Host Controller Interface driver
[    0.996651] sdhci: Copyright(c) Pierre Ossman
[    0.998852] sdhci-pltfm: SDHCI platform and OF driver helper
[    1.002030] sdhci-tegra 78000000.sdhci: Got CD GPIO #69.
[    1.004708] sdhci-tegra 78000000.sdhci: Got WP GPIO #155.
[    1.007482] mmc0: no vqmmc regulator found
[    1.009540] mmc0: no vmmc regulator found
[    1.011551] mmc0: Invalid maximum block size, assuming 512 bytes
[    1.057220] mmc0: SDHCI controller on 78000000.sdhci [78000000.sdhci] using ADMA
[    1.064049] mmc1: no vqmmc regulator found
[    1.066106] mmc1: no vmmc regulator found
[    1.068127] mmc1: Invalid maximum block size, assuming 512 bytes
[    1.117218] mmc1: SDHCI controller on 78000600.sdhci [78000600.sdhci] using ADMA
[    1.121739] usbcore: registered new interface driver usbhid
[    1.126568] usbhid: USB HID core driver
[    1.265628] mmc1: new high speed MMC card at address 0001
[    1.268782] mmcblk0: mmc1:0001 SEM16G 14.8 GiB 
[    1.271326] mmcblk0boot0: mmc1:0001 SEM16G partition 1 1.00 MiB
[    1.274546] mmcblk0boot1: mmc1:0001 SEM16G partition 2 1.00 MiB
[    1.277748] mmcblk0rpmb: mmc1:0001 SEM16G partition 3 128 KiB
[    1.284761] Primary GPT is invalid, using alternate GPT.
[    1.287460]  mmcblk0: p1 p2 p3 p4 p5
[    1.293371]  mmcblk0boot1: unknown partition table
[    1.298779]  mmcblk0boot0: unknown partition table
[    1.560589] Unable to handle kernel paging request at virtual address 6b6b6bd3
[    1.564217] pgd = c0004000
[    1.565574] [6b6b6bd3] *pgd=00000000
[    1.567400] Internal error: Oops: 5 [#1] PREEMPT SMP ARM
[    1.570066] Modules linked in:
[    1.571606] CPU: 0 PID: 1 Comm: swapper/0 Not tainted 3.11.0-rc3-next-20130802-15220-g466d32e #1
[    1.576012] task: ef064a40 ti: ef074000 task.ti: ef074000
[    1.578735] PC is at dapm_clear_walk_output+0x8/0x70
[    1.581226] LR is at dapm_clear_walk_output+0x5c/0x70
[    1.583760] pc : [<c0415c3c>]    lr : [<c0415c90>]    psr: 20000113
[    1.583760] sp : ef075d00  ip : 00000008  fp : ef075d58
[    1.589515] r10: c0809c90  r9 : c0809c78  r8 : c0809b88
[    1.592135] r7 : ef075d44  r6 : eeb13ab8  r5 : 6b6b6bd3  r4 : eeb2b9f0
[    1.595407] r3 : 00000069  r2 : 00000002  r1 : 6b6b6bd3  r0 : eeb13ab8
[    1.598681] Flags: nzCv  IRQs on  FIQs on  Mode SVC_32  ISA ARM  Segment kernel
[    1.602346] Control: 10c5387d  Table: 8000404a  DAC: 00000015
[    1.605227] Process swapper/0 (pid: 1, stack limit = 0xef074238)
[    1.608239] Stack: (0xef075d00 to 0xef076000)
[    1.610425] 5d00: eeb2b9f0 eeb0c668 eeb13ab8 c0415c90 eeb0c600 00000000 00000000 c0417938
[    1.614527] 5d20: c0809c88 eeb0c600 ef075d50 c0419494 eec66c90 c01dfe14 eec48b68 00000000
[    1.618629] 5d40: 00000005 ef075d44 ef075d44 c05a1308 ef075d50 ef075d50 ef075d58 ef075d58
[    1.622731] 5d60: ef327740 c0809c64 eeb0c4c4 000000f0 eeb0c4e0 00000005 c0809c78 00000010
[    1.626832] 5d80: c05f961c c0419884 c05f961c 00000000 c0809b88 c0809bc4 00000000 c0809b88
[    1.630934] 5da0: c0809b88 ef377010 eeb13a00 00000000 c071a2f0 c0809d38 00000002 c04124f0
[    1.635035] 5dc0: 00000000 00000000 00000000 c0809b88 ef377010 00000001 ef2a5080 00000000
[    1.639137] 5de0: 00000000 ef2a5380 00000002 c04152f8 c0809b98 c07fccfc 00000000 c0809c98
[    1.643238] 5e00: 00000000 c0809d38 c08065d4 c07155a8 c0809ba8 eeb13a00 c0809c88 c0809c70
[    1.647339] 5e20: c0809c60 c0806570 eeb0d690 c0809ab4 ef18ae10 eeb0d690 c18794f4 00000000
[    1.651441] 5e40: 000000b3 c0809ac8 00000000 c0429584 ef18ae10 c085c018 c085c020 00000000
[    1.655542] 5e60: 00000000 c02dfc44 c02dfc2c c02de868 ef064a40 ef18ae10 c0809ac8 ef18ae44
[    1.659644] 5e80: 00000000 00000000 c07c3260 c02dea88 c0809ac8 c02de9fc 00000000 c02dd000
[    1.663745] 5ea0: ef06d0e0 ef181d74 c0809ac8 c07ee520 eeb03ac0 c02de0a0 c071a2b8 c0809a30
[    1.667847] 5ec0: ef06d080 c0809ac8 00000006 ef074000 00000000 00000000 c07c3260 c02defc0
[    1.671948] 5ee0: 00000000 c07ae32c 00000006 ef074000 00000000 c078b1c8 c07c3260 c0008948
[    1.676049] 5f00: 000000bf c05ad598 ef1160c0 c084d798 c07b9400 00000001 c075b9b0 c07d7d98
[    1.680151] 5f20: 60000113 00000000 c05c2158 c075b9b0 c075c4e0 c0040764 c003fddc 00000000
[    1.684252] 5f40: c0702ecc 00000000 00000006 00000006 c07d7d88 c07b94c8 00000006 c0813a40
[    1.688353] 5f60: c07b94a8 c078b1c8 000000b3 c07c3260 00000000 c078b94c 00000006 00000006
[    1.692454] 5f80: c078b1c8 fffbfffa 00000000 c059bd58 00000000 00000000 00000000 00000000
[    1.696555] 5fa0: 00000000 c059bd60 00000000 c000ed18 00000000 00000000 00000000 00000000
[    1.700656] 5fc0: 00000000 00000000 00000000 00000000 00000000 00000000 00000000 00000000
[    1.704758] 5fe0: 00000000 00000000 00000000 00000000 00000013 00000000 fbfffbff fffff5ff
[    1.708871] [<c0415c3c>] (dapm_clear_walk_output+0x8/0x70) from [<c0415c90>] (dapm_clear_walk_output+0x5c/0x70)
[    1.713937] [<c0415c90>] (dapm_clear_walk_output+0x5c/0x70) from [<c0417938>] (dapm_generic_check_power+0x50/0x64)
[    1.719132] [<c0417938>] (dapm_generic_check_power+0x50/0x64) from [<c0419494>] (dapm_power_widgets+0x68c/0x6c4)
[    1.724238] [<c0419494>] (dapm_power_widgets+0x68c/0x6c4) from [<c0419884>] (snd_soc_dapm_new_widgets+0x2f0/0x34c)
[    1.729432] [<c0419884>] (snd_soc_dapm_new_widgets+0x2f0/0x34c) from [<c04124f0>] (soc_post_component_init+0x40/0x26c)
[    1.734799] [<c04124f0>] (soc_post_component_init+0x40/0x26c) from [<c04152f8>] (snd_soc_register_card+0xe24/0x1614)
[    1.740095] [<c04152f8>] (snd_soc_register_card+0xe24/0x1614) from [<c0429584>] (tegra_rt5640_probe+0x10c/0x180)
[    1.745214] [<c0429584>] (tegra_rt5640_probe+0x10c/0x180) from [<c02dfc44>] (platform_drv_probe+0x18/0x1c)
[    1.750060] [<c02dfc44>] (platform_drv_probe+0x18/0x1c) from [<c02de868>] (driver_probe_device+0x98/0x22c)
[    1.754905] [<c02de868>] (driver_probe_device+0x98/0x22c) from [<c02dea88>] (__driver_attach+0x8c/0x90)
[    1.759620] [<c02dea88>] (__driver_attach+0x8c/0x90) from [<c02dd000>] (bus_for_each_dev+0x64/0x88)
[    1.764160] [<c02dd000>] (bus_for_each_dev+0x64/0x88) from [<c02de0a0>] (bus_add_driver+0x228/0x294)
[    1.768742] [<c02de0a0>] (bus_add_driver+0x228/0x294) from [<c02defc0>] (driver_register+0x78/0x18c)
[    1.773328] [<c02defc0>] (driver_register+0x78/0x18c) from [<c0008948>] (do_one_initcall+0x34/0x148)
[    1.777921] [<c0008948>] (do_one_initcall+0x34/0x148) from [<c078b94c>] (kernel_init_freeable+0x12c/0x1d0)
[    1.782779] [<c078b94c>] (kernel_init_freeable+0x12c/0x1d0) from [<c059bd60>] (kernel_init+0x8/0xe8)
[    1.787370] [<c059bd60>] (kernel_init+0x8/0xe8) from [<c000ed18>] (ret_from_fork+0x14/0x3c)
[    1.791560] Code: e1a00003 e8bd8070 e92d4070 e1a05001 (e5914000) 
[    1.794661] ---[ end trace 33bdba79f4fad04a ]---
[    1.797009] Kernel panic - not syncing: Attempted to kill init! exitcode=0x0000000b
[    1.797009] 
[    1.801593] CPU2: stopping
[    1.802956] CPU: 2 PID: 0 Comm: swapper/2 Tainted: G      D      3.11.0-rc3-next-20130802-15220-g466d32e #1
[    1.807859] [<c0016468>] (unwind_backtrace+0x0/0xf8) from [<c0011ed4>] (show_stack+0x10/0x14)
[    1.812144] [<c0011ed4>] (show_stack+0x10/0x14) from [<c059f440>] (dump_stack+0x80/0xc0)
[    1.816206] [<c059f440>] (dump_stack+0x80/0xc0) from [<c0014dcc>] (handle_IPI+0x110/0x120)
[    1.820353] [<c0014dcc>] (handle_IPI+0x110/0x120) from [<c0008724>] (gic_handle_irq+0x58/0x5c)
[    1.824676] [<c0008724>] (gic_handle_irq+0x58/0x5c) from [<c0012a00>] (__irq_svc+0x40/0x70)
[    1.828863] Exception stack(0xef0b3f88 to 0xef0b3fd0)
[    1.831398] 3f80:                   ffffffed 010c8000 c07d1960 00000000 ef0b2000 c08138c7
[    1.835500] 3fa0: c07d044c c05a710c c08138c7 412fc099 00000001 00000000 c0838de8 ef0b3fd0
[    1.839600] 3fc0: c000f880 c000f878 60000113 ffffffff
[    1.842138] [<c0012a00>] (__irq_svc+0x40/0x70) from [<c000f878>] (arch_cpu_idle+0x2c/0x38)
[    1.846297] [<c000f878>] (arch_cpu_idle+0x2c/0x38) from [<c0066aa0>] (cpu_startup_entry+0xa8/0x134)
[    1.850838] [<c0066aa0>] (cpu_startup_entry+0xa8/0x134) from [<800087c4>] (0x800087c4)
[    1.854810] CPU1: stopping
[    1.856171] CPU: 1 PID: 0 Comm: swapper/1 Tainted: G      D      3.11.0-rc3-next-20130802-15220-g466d32e #1
[    1.861064] [<c0016468>] (unwind_backtrace+0x0/0xf8) from [<c0011ed4>] (show_stack+0x10/0x14)
[    1.865344] [<c0011ed4>] (show_stack+0x10/0x14) from [<c059f440>] (dump_stack+0x80/0xc0)
[    1.869405] [<c059f440>] (dump_stack+0x80/0xc0) from [<c0014dcc>] (handle_IPI+0x110/0x120)
[    1.873551] [<c0014dcc>] (handle_IPI+0x110/0x120) from [<c0008724>] (gic_handle_irq+0x58/0x5c)
[    1.877874] [<c0008724>] (gic_handle_irq+0x58/0x5c) from [<c0012a00>] (__irq_svc+0x40/0x70)
[    1.882060] Exception stack(0xef091f88 to 0xef091fd0)
[    1.884595] 1f80:                   ffffffed 010c0000 c07d1960 00000000 ef090000 c08138c7
[    1.888698] 1fa0: c07d044c c05a710c c08138c7 412fc099 00000001 00000000 c0838de8 ef091fd0
[    1.892799] 1fc0: c000f880 c000f878 60000113 ffffffff
[    1.895336] [<c0012a00>] (__irq_svc+0x40/0x70) from [<c000f878>] (arch_cpu_idle+0x2c/0x38)
[    1.899485] [<c000f878>] (arch_cpu_idle+0x2c/0x38) from [<c0066aa0>] (cpu_startup_entry+0xa8/0x134)
[    1.904023] [<c0066aa0>] (cpu_startup_entry+0xa8/0x134) from [<800087c4>] (0x800087c4)
[    1.907994] CPU3: stopping
[    1.909355] CPU: 3 PID: 0 Comm: swapper/3 Tainted: G      D      3.11.0-rc3-next-20130802-15220-g466d32e #1
[    1.914248] [<c0016468>] (unwind_backtrace+0x0/0xf8) from [<c0011ed4>] (show_stack+0x10/0x14)
[    1.918528] [<c0011ed4>] (show_stack+0x10/0x14) from [<c059f440>] (dump_stack+0x80/0xc0)
[    1.922588] [<c059f440>] (dump_stack+0x80/0xc0) from [<c0014dcc>] (handle_IPI+0x110/0x120)
[    1.926735] [<c0014dcc>] (handle_IPI+0x110/0x120) from [<c0008724>] (gic_handle_irq+0x58/0x5c)
[    1.931057] [<c0008724>] (gic_handle_irq+0x58/0x5c) from [<c0012a00>] (__irq_svc+0x40/0x70)
[    1.935243] Exception stack(0xef0b5f88 to 0xef0b5fd0)
[    1.937778] 5f80:                   ffffffed 010d0000 c07d1960 00000000 ef0b4000 c08138c7
[    1.941881] 5fa0: c07d044c c05a710c c08138c7 412fc099 00000001 00000000 c0838de8 ef0b5fd0
[    1.945982] 5fc0: c000f880 c000f878 60000113 ffffffff
[    1.948519] [<c0012a00>] (__irq_svc+0x40/0x70) from [<c000f878>] (arch_cpu_idle+0x2c/0x38)
[    1.952668] [<c000f878>] (arch_cpu_idle+0x2c/0x38) from [<c0066aa0>] (cpu_startup_entry+0xa8/0x134)
[    1.957206] [<c0066aa0>] (cpu_startup_entry+0xa8/0x134) from [<800087c4>] (0x800087c4)
[    1.961177] drm_kms_helper: panic occurred, switching back to text console
