
U-Boot SPL 2015.04-rc3-00209-ga74ef40 (Mar 16 2015 - 14:43:39)


U-Boot 2015.04-rc3-00209-ga74ef40 (Mar 16 2015 - 14:43:39)

TEGRA20
Model: Compulab TrimSlice board
DRAM:  1 GiB
MMC:   Tegra SD/MMC: 0, Tegra SD/MMC: 1
SF: Detected W25Q80BL with page size 256 Bytes, erase size 4 KiB, total 1 MiB
tegra-pcie: PCI regions:
tegra-pcie:   I/O: 0x82000000-0x82010000
tegra-pcie:   non-prefetchable memory: 0xa0000000-0xa8000000
tegra-pcie:   prefetchable memory: 0xa8000000-0xc0000000
tegra-pcie: dual-mode configuration
tegra-pcie: probing port 0, using 2 lanes
In:    serial
Out:   serial
Err:   serial
Net:   RTL8169#0
Hit any key to stop autoboot:  2  0 
Tegra20 (TrimSlice) # 
Tegra20 (TrimSlice) # usb reset
resetting USB...
USB0:   USB EHCI 1.00
scanning bus 0 for devices... 3 USB Device(s) found
USB1:   USB EHCI 1.00
scanning bus 1 for devices... 1 USB Device(s) found
USB2:   lowlevel init failed
       scanning usb for storage devices... 0 Storage Device(s) found
       scanning usb for ethernet devices... 
Warning: asx0 using MAC address from net device
1 Ethernet Device(s) found
Tegra20 (TrimSlice) # setenv bootargs 'ignore_loglevel console=ttyS0,115200n8 rw root=PARTUUID=11eb23c1-01 rootwait gpt debug noinitrd earlyprintk init=/bin/bash'
Tegra20 (TrimSlice) # setenv ipaddr 192.168.100.103; setenv serverip 192.168.100.1; setenv tftpserverip 192.168.100.1
Tegra20 (TrimSlice) # tftpboot 0x00408000 zImage.multi_v7_defconfig
Using RTL8169#0 device
TFTP from server 192.168.100.1; our IP address is 192.168.100.103
Filename 'zImage.multi_v7_defconfig'.
Load address: 0x408000
Loading: *#################################################################
	 #################################################################
	 #################################################################
	 #################################################################
	 #################################################################
	 #################################################################
	 #################################################################
	 ######
	 4.1 MiB/s
done
Bytes transferred = 6763968 (6735c0 hex)
Tegra20 (TrimSlice) # tftpboot 0x02408000 tegra20-trimslice.dtb
Using RTL8169#0 device
TFTP from server 192.168.100.1; our IP address is 192.168.100.103
Filename 'tegra20-trimslice.dtb'.
Load address: 0x2408000
Loading: *##
	 2.5 MiB/s
done
Bytes transferred = 21130 (528a hex)
Tegra20 (TrimSlice) # bootz 0x00408000 - 0x02408000
Kernel image @ 0x408000 [ 0x000000 - 0x6735c0 ]
## Flattened Device Tree blob at 02408000
   Booting using the fdt blob at 0x2408000
   Using Device Tree in place at 02408000, end 02410289

Starting kernel ...

[    0.000000] Booting Linux on physical CPU 0x0
[    0.000000] Linux version 4.4.0-rc8-next-20160111-66728-gbf976ab (pwalmsley@sellafield) (gcc version 4.7.3 20130328 (prerelease) (crosstool-NG linaro-1.13.1-4.7-2013.04-20130415 - Linaro GCC 2013.04) ) #1 SMP Mon Jan 11 04:17:41 PST 2016
[    0.000000] CPU: ARMv7 Processor [411fc090] revision 0 (ARMv7), cr=10c5387d
[    0.000000] CPU: PIPT / VIPT nonaliasing data cache, VIPT aliasing instruction cache
[    0.000000] Machine model: Compulab TrimSlice board
[    0.000000] debug: ignoring loglevel setting.
[    0.000000] cma: Reserved 64 MiB at 0x3c000000
[    0.000000] Memory policy: Data cache writealloc
[    0.000000] On node 0 totalpages: 262144
[    0.000000] free_area_init_node: node 0, pgdat c105dc40, node_mem_map ef7f8000
[    0.000000]   DMA zone: 1536 pages used for memmap
[    0.000000]   DMA zone: 0 pages reserved
[    0.000000]   DMA zone: 196608 pages, LIFO batch:31
[    0.000000]   HighMem zone: 65536 pages, LIFO batch:15
[    0.000000] PERCPU: Embedded 13 pages/cpu @ef7c9000 s23168 r8192 d21888 u53248
[    0.000000] pcpu-alloc: s23168 r8192 d21888 u53248 alloc=13*4096
[    0.000000] pcpu-alloc: [0] 0 [0] 1 
[    0.000000] Built 1 zonelists in Zone order, mobility grouping on.  Total pages: 260608
[    0.000000] Kernel command line: ignore_loglevel console=ttyS0,115200n8 rw root=PARTUUID=11eb23c1-01 rootwait gpt debug noinitrd earlyprintk init=/bin/bash
[    0.000000] PID hash table entries: 4096 (order: 2, 16384 bytes)
[    0.000000] Dentry cache hash table entries: 131072 (order: 7, 524288 bytes)
[    0.000000] Inode-cache hash table entries: 65536 (order: 6, 262144 bytes)
[    0.000000] Memory: 958768K/1048576K available (8495K kernel code, 1110K rwdata, 4024K rodata, 1052K init, 345K bss, 24272K reserved, 65536K cma-reserved, 196608K highmem)
[    0.000000] Virtual kernel memory layout:
[    0.000000]     vector  : 0xffff0000 - 0xffff1000   (   4 kB)
[    0.000000]     fixmap  : 0xffc00000 - 0xfff00000   (3072 kB)
[    0.000000]     vmalloc : 0xf0800000 - 0xff800000   ( 240 MB)
[    0.000000]     lowmem  : 0xc0000000 - 0xf0000000   ( 768 MB)
[    0.000000]     pkmap   : 0xbfe00000 - 0xc0000000   (   2 MB)
[    0.000000]     modules : 0xbf000000 - 0xbfe00000   (  14 MB)
[    0.000000]       .text : 0xc0208000 - 0xc0e42df0   (12524 kB)
[    0.000000]       .init : 0xc0e43000 - 0xc0f4a000   (1052 kB)
[    0.000000]       .data : 0xc0f4a000 - 0xc105fbc0   (1111 kB)
[    0.000000]        .bss : 0xc1062000 - 0xc10b85a0   ( 346 kB)
[    0.000000] SLUB: HWalign=64, Order=0-3, MinObjects=0, CPUs=2, Nodes=1
[    0.000000] Hierarchical RCU implementation.
[    0.000000] 	Build-time adjustment of leaf fanout to 32.
[    0.000000] 	RCU restricting CPUs from NR_CPUS=16 to nr_cpu_ids=2.
[    0.000000] RCU: Adjusting geometry for rcu_fanout_leaf=32, nr_cpu_ids=2
[    0.000000] NR_IRQS:16 nr_irqs:16 16
[    0.000000] /interrupt-controller@60004000: 128 interrupts forwarded to /interrupt-controller@50041000
[    0.000000] L2C: platform modifies aux control register: 0x02080000 -> 0x3e480001
[    0.000000] L2C: DT/platform modifies aux control register: 0x02080000 -> 0x3e480001
[    0.000000] L2C-310 errata 727915 769419 enabled
[    0.000000] L2C-310 enabling early BRESP for Cortex-A9
[    0.000000] L2C-310: enabling full line of zeros but not enabled in Cortex-A9
[    0.000000] L2C-310 ID prefetch enabled, offset 1 lines
[    0.000000] L2C-310 cache controller enabled, 8 ways, 1024 kB
[    0.000000] L2C-310: CACHE_ID 0x410000c4, AUX_CTRL 0x7e480001
[    0.000010] sched_clock: 32 bits at 1000kHz, resolution 1000ns, wraps every 2147483647500ns
[    0.000026] clocksource: timer_us: mask: 0xffffffff max_cycles: 0xffffffff, max_idle_ns: 1911260446275 ns
[    0.000037] Switching to timer-based delay loop, resolution 1000ns
[    0.001570] Console: colour dummy device 80x30
[    0.001593] Calibrating delay loop (skipped), value calculated using timer frequency.. 2.00 BogoMIPS (lpj=5000)
[    0.001603] pid_max: default: 32768 minimum: 301
[    0.001689] Mount-cache hash table entries: 2048 (order: 1, 8192 bytes)
[    0.001698] Mountpoint-cache hash table entries: 2048 (order: 1, 8192 bytes)
[    0.002170] CPU: Testing write buffer coherency: ok
[    0.002353] CPU0: thread -1, cpu 0, socket 0, mpidr 80000000
[    0.002394] Setting up static identity map for 0x209000 - 0x209098
[    0.003793] Tegra Revision: A03 prime SKU: 8 CPU Process: 1 SoC Process: 2
[    0.004764] CPU1: thread -1, cpu 1, socket 0, mpidr 80000001
[    0.004830] Brought up 2 CPUs
[    0.004842] SMP: Total of 2 processors activated (4.00 BogoMIPS).
[    0.004847] CPU: All CPU(s) started in SVC mode.
[    0.005471] devtmpfs: initialized
[    0.009486] VFP support v0.3: implementor 41 architecture 3 part 30 variant 9 rev 1
[    0.009858] clocksource: jiffies: mask: 0xffffffff max_cycles: 0xffffffff, max_idle_ns: 9556302231375000 ns
[    0.012992] pinctrl core: initialized pinctrl subsystem
[    0.014262] NET: Registered protocol family 16
[    0.016419] DMA: preallocated 256 KiB pool for atomic coherent allocations
[    0.029924] cpuidle: using governor ladder
[    0.044922] cpuidle: using governor menu
[    0.055765] No ATAGs?
[    0.055795] hw-breakpoint: found 5 (+1 reserved) breakpoint and 1 watchpoint registers.
[    0.055802] hw-breakpoint: maximum watchpoint size is 4 bytes.
[    0.059361] Serial: AMBA PL011 UART driver
[    0.083496] usb1_vbus: Failed to request enable GPIO170: -517
[    0.083584] reg-fixed-voltage regulators:regulator@2: Failed to register regulator: -517
[    0.087405] vgaarb: loaded
[    0.088189] SCSI subsystem initialized
[    0.088317] libata version 3.00 loaded.
[    0.088546] usbcore: registered new interface driver usbfs
[    0.088594] usbcore: registered new interface driver hub
[    0.088636] usbcore: registered new device driver usb
[    0.090732] pps_core: LinuxPPS API ver. 1 registered
[    0.090739] pps_core: Software ver. 5.3.6 - Copyright 2005-2007 Rodolfo Giometti <giometti@linux.it>
[    0.090761] PTP clock support registered
[    0.090937] EDAC MC: Ver: 3.0.0
[    0.092819] clocksource: Switched to clocksource timer_us
[    0.100894] NET: Registered protocol family 2
[    0.101326] TCP established hash table entries: 8192 (order: 3, 32768 bytes)
[    0.101397] TCP bind hash table entries: 8192 (order: 4, 65536 bytes)
[    0.101511] TCP: Hash tables configured (established 8192 bind 8192)
[    0.101592] UDP hash table entries: 512 (order: 2, 16384 bytes)
[    0.101638] UDP-Lite hash table entries: 512 (order: 2, 16384 bytes)
[    0.101810] NET: Registered protocol family 1
[    0.102057] RPC: Registered named UNIX socket transport module.
[    0.102065] RPC: Registered udp transport module.
[    0.102070] RPC: Registered tcp transport module.
[    0.102075] RPC: Registered tcp NFSv4.1 backchannel transport module.
[    0.102096] PCI: CLS 0 bytes, default 64
[    0.102942] hw perfevents: enabled with armv7_cortex_a9 PMU driver, 7 counters available
[    0.103965] futex hash table entries: 512 (order: 3, 32768 bytes)
[    0.112566] squashfs: version 4.0 (2009/01/31) Phillip Lougher
[    0.113224] NFS: Registering the id_resolver key type
[    0.113253] Key type id_resolver registered
[    0.113259] Key type id_legacy registered
[    0.113319] ntfs: driver 2.1.32 [Flags: R/O].
[    0.114336] bounce: pool size: 64 pages
[    0.114497] Block layer SCSI generic (bsg) driver version 0.4 loaded (major 249)
[    0.114513] io scheduler noop registered
[    0.114524] io scheduler deadline registered
[    0.114553] io scheduler cfq registered (default)
[    0.125536] tegra-pcie 80003000.pcie-controller: dual-mode configuration
[    0.126117] tegra-pcie 80003000.pcie-controller: probing port 0, using 2 lanes
[    0.208260] tegra-pcie 80003000.pcie-controller: PCI host bridge to bus 0000:00
[    0.208273] pci_bus 0000:00: root bus resource [mem 0xa0000000-0xa7ffffff]
[    0.208283] pci_bus 0000:00: root bus resource [mem 0xa8000000-0xbfffffff pref]
[    0.208291] pci_bus 0000:00: root bus resource [bus 00-ff]
[    0.208299] pci_bus 0000:00: root bus resource [io  0x1000-0xffff]
[    0.208325] pci 0000:00:01.0: [10de:0bf0] type 01 class 0x060000
[    0.208385] pci 0000:00:01.0: PME# supported from D0 D1 D2 D3hot D3cold
[    0.208580] PCI: bus0: Fast back to back transfers disabled
[    0.208590] pci 0000:00:01.0: bridge configuration invalid ([bus 00-00]), reconfiguring
[    0.208719] pci 0000:01:00.0: [10ec:8168] type 00 class 0x020000
[    0.208741] pci 0000:01:00.0: reg 0x10: [io  0x0000-0x00ff]
[    0.208763] pci 0000:01:00.0: reg 0x18: [mem 0x00000000-0x00000fff 64bit pref]
[    0.208780] pci 0000:01:00.0: reg 0x20: [mem 0x00000000-0x00003fff 64bit pref]
[    0.208793] pci 0000:01:00.0: reg 0x30: [mem 0x00000000-0x0001ffff pref]
[    0.208867] pci 0000:01:00.0: supports D1 D2
[    0.208876] pci 0000:01:00.0: PME# supported from D0 D1 D2 D3hot D3cold
[    0.217851] PCI: bus1: Fast back to back transfers disabled
[    0.217863] pci_bus 0000:01: busn_res: [bus 01-ff] end is updated to 01
[    0.217876] Disabling cpuidle LP2 state, since PCIe IRQs are in use
[    0.217927] pci 0000:00:01.0: BAR 8: assigned [mem 0xa0000000-0xa00fffff]
[    0.217939] pci 0000:00:01.0: BAR 9: assigned [mem 0xa8000000-0xa80fffff 64bit pref]
[    0.217948] pci 0000:00:01.0: BAR 7: assigned [io  0x1000-0x1fff]
[    0.217960] pci 0000:01:00.0: BAR 6: assigned [mem 0xa0000000-0xa001ffff pref]
[    0.217970] pci 0000:01:00.0: BAR 4: assigned [mem 0xa8000000-0xa8003fff 64bit pref]
[    0.217988] pci 0000:01:00.0: BAR 2: assigned [mem 0xa8004000-0xa8004fff 64bit pref]
[    0.218004] pci 0000:01:00.0: BAR 0: assigned [io  0x1000-0x10ff]
[    0.218015] pci 0000:00:01.0: PCI bridge to [bus 01]
[    0.218023] pci 0000:00:01.0:   bridge window [io  0x1000-0x1fff]
[    0.218032] pci 0000:00:01.0:   bridge window [mem 0xa0000000-0xa00fffff]
[    0.218039] pci 0000:00:01.0:   bridge window [mem 0xa8000000-0xa80fffff 64bit pref]
[    0.218059] pci 0000:00:01.0: nv_msi_ht_cap_quirk didn't locate host bridge
[    0.218123] pcieport 0000:00:01.0: enabling device (0140 -> 0143)
[    0.218275] pcieport 0000:00:01.0: Signaling PME through PCIe PME interrupt
[    0.218284] pci 0000:01:00.0: Signaling PME through PCIe PME interrupt
[    0.218293] pcie_pme 0000:00:01.0:pcie01: service driver pcie_pme loaded
[    0.222288] tegra-apbdma 6000a000.dma: Tegra20 APB DMA driver register 16 channels
[    0.268366] Serial: 8250/16550 driver, 4 ports, IRQ sharing disabled
[    0.270691] console [ttyS0] disabled
[    0.270724] 70006000.serial: ttyS0 at MMIO 0x70006000 (irq = 279, base_baud = 13500000) is a Tegra
[    1.213159] console [ttyS0] enabled
[    1.217237] SuperH (H)SCI(F) driver initialized
[    1.222531] msm_serial: driver initialized
[    1.226784] STMicroelectronics ASC driver initialized
[    1.233628] [drm] Initialized drm 1.1.0 20060810
[    1.239661] 54280000.hdmi supply hdmi not found, using dummy regulator
[    1.249230] [drm] Supports vblank timestamp caching Rev 2 (21.10.2013).
[    1.255846] [drm] No driver support for vblank timestamp query.
[    1.261783] drm drm: No connectors reported connected with modes
[    1.267791] [drm] Cannot find any crtc or sizes - going 1024x768
[    1.289889] Console: switching to colour frame buffer device 128x48
[    1.304601] drm drm: fb0:  frame buffer device
[    1.322828] [drm] Initialized tegra 0.0.0 20120330 on minor 0
[    1.337087] brd: module loaded
[    1.344337] loop: module loaded
[    1.352803] m25p80 spi32766.0: found s25fl008k, expected w25q80bl
[    1.358947] m25p80 spi32766.0: s25fl008k (1024 Kbytes)
[    1.366547] libphy: Fixed MDIO Bus: probed
[    1.371190] CAN device driver interface
[    1.376495] igb: Intel(R) Gigabit Ethernet Network Driver - version 5.3.0-k
[    1.383453] igb: Copyright (c) 2007-2014 Intel Corporation.
[    1.389571] r8169 Gigabit Ethernet driver 2.3LK-NAPI loaded
[    1.395167] r8169 0000:01:00.0: enabling device (0140 -> 0143)
[    1.401751] r8169 0000:01:00.0 eth0: RTL8168d/8111d at 0xf0878000, 00:01:c0:13:7d:63, XID 081000c0 IRQ 296
[    1.411406] r8169 0000:01:00.0 eth0: jumbo features [frames: 9200 bytes, tx checksumming: ko]
[    1.421795] pegasus: v0.9.3 (2013/04/25), Pegasus/Pegasus II USB Ethernet driver
[    1.429246] usbcore: registered new interface driver pegasus
[    1.434960] usbcore: registered new interface driver asix
[    1.440397] usbcore: registered new interface driver ax88179_178a
[    1.446527] usbcore: registered new interface driver cdc_ether
[    1.452409] usbcore: registered new interface driver smsc75xx
[    1.458209] usbcore: registered new interface driver smsc95xx
[    1.463989] usbcore: registered new interface driver net1080
[    1.469684] usbcore: registered new interface driver cdc_subset
[    1.475637] usbcore: registered new interface driver zaurus
[    1.481283] usbcore: registered new interface driver cdc_ncm
[    1.487231] tegra-phy c5004000.usb-phy: no vbus regulator
[    1.493734] tegra-phy c5008000.usb-phy: no vbus regulator
[    1.500377] ehci_hcd: USB 2.0 'Enhanced' Host Controller (EHCI) Driver
[    1.506910] ehci-pci: EHCI PCI platform driver
[    1.511396] ehci-platform: EHCI generic platform driver
[    1.516783] ehci-omap: OMAP-EHCI Host Controller driver
[    1.522124] ehci-orion: EHCI orion driver
[    1.526244] SPEAr-ehci: EHCI SPEAr driver
[    1.530366] ehci-st: EHCI STMicroelectronics driver
[    1.535354] ehci-exynos: EHCI EXYNOS driver
[    1.539665] ehci-atmel: EHCI Atmel driver
[    1.543792] tegra-ehci: Tegra EHCI driver
[    1.569026] ulpi_phy_power_on: ulpi write failed
[    1.573647] tegra-ehci c5004000.usb: Failed to power on the phy
[    1.579576] tegra-ehci: probe of c5004000.usb failed with error -110
[    1.588561] tegra-ehci c5008000.usb: EHCI Host Controller
[    1.593974] tegra-ehci c5008000.usb: new USB bus registered, assigned bus number 1
[    1.601784] tegra-ehci c5008000.usb: irq 290, io mem 0xc5008000
[    1.612836] tegra-ehci c5008000.usb: USB 2.0 started, EHCI 1.00
[    1.619359] hub 1-0:1.0: USB hub found
[    1.623146] hub 1-0:1.0: 1 port detected
[    1.627382] ohci_hcd: USB 1.1 'Open' Host Controller (OHCI) Driver
[    1.633582] ohci-pci: OHCI PCI platform driver
[    1.638081] ohci-platform: OHCI generic platform driver
[    1.643465] ohci-omap3: OHCI OMAP3 driver
[    1.647579] SPEAr-ohci: OHCI SPEAr driver
[    1.651708] ohci-st: OHCI STMicroelectronics driver
[    1.656698] ohci-atmel: OHCI Atmel driver
[    1.661182] usbcore: registered new interface driver usb-storage
[    1.668422] mousedev: PS/2 mouse device common for all mice
[    1.675958] rtc-em3027 2-0056: rtc core: registered rtc-em3027 as rtc0
[    1.683734] tegra_rtc 7000e000.rtc: rtc core: registered 7000e000.rtc as rtc1
[    1.690902] tegra_rtc 7000e000.rtc: Tegra internal Real Time Clock
[    1.697523] i2c /dev entries driver
[    1.708943] sdhci: Secure Digital Host Controller Interface driver
[    1.715125] sdhci: Copyright(c) Pierre Ossman
[    1.720662] Synopsys Designware Multimedia Card Interface Driver
[    1.727518] sdhci-pltfm: SDHCI platform and OF driver helper
[    1.734024] mmc0: Invalid maximum block size, assuming 512 bytes
[    1.767838] mmc0: SDHCI controller on c8000000.sdhci [c8000000.sdhci] using ADMA
[    1.775328] sdhci-tegra c8000600.sdhci: Got CD GPIO
[    1.780219] sdhci-tegra c8000600.sdhci: Got WP GPIO
[    1.785255] mmc1: Invalid maximum block size, assuming 512 bytes
[    1.817917] mmc1: SDHCI controller on c8000600.sdhci [c8000600.sdhci] using ADMA
[    1.826521] ledtrig-cpu: registered to indicate activity on CPUs
[    1.832837] usbcore: registered new interface driver usbhid
[    1.838406] usbhid: USB HID core driver
[    1.846232] NET: Registered protocol family 10
[    1.851411] sit: IPv6 over IPv4 tunneling driver
[    1.856543] NET: Registered protocol family 17
[    1.861007] can: controller area network core (rev 20120528 abi 9)
[    1.867242] NET: Registered protocol family 29
[    1.871695] can: raw protocol (rev 20120528)
[    1.875968] can: broadcast manager protocol (rev 20120528 t)
[    1.881634] can: netlink gateway (rev 20130117) max_hops=1
[    1.887454] Key type dns_resolver registered
[    1.892125] ThumbEE CPU extension supported.
[    1.896412] Registering SWP/SWPB emulation handler
[    1.906077] utmi_phy_clk_enable: timeout waiting for phy to stabilize
[    1.912560] tegra-ehci c5000000.usb: EHCI Host Controller
[    1.918008] tegra-ehci c5000000.usb: new USB bus registered, assigned bus number 2
[    1.925879] tegra-ehci c5000000.usb: irq 288, io mem 0xc5000000
[    1.960162] mmc0: host does not support reading read-only switch, assuming write-enable
[    1.969974] mmc0: new high speed SDHC card at address b368
[    1.975802] mmcblk0: mmc0:b368 NCard 3.70 GiB 
[    1.982167]  mmcblk0: p1
[    2.007839] usb 1-1: new high-speed USB device number 2 using tegra-ehci
[    2.017902] tegra-ehci c5000000.usb: USB 2.0 started, EHCI 1.00
[    2.024873] hub 2-0:1.0: USB hub found
[    2.028744] hub 2-0:1.0: 1 port detected
[    2.034105] input: gpio-keys as /devices/soc0/gpio-keys/input/input0
[    2.040630] mmc1: new high speed SD card at address b368
[    2.045959] rtc-em3027 2-0056: setting system clock to 2014-12-27 06:48:54 UTC (1419662934)
[    2.054878] mmcblk1: mmc1:b368 NCard 1.83 GiB (ro)
[    2.062344]  mmcblk1: p1 p2
[    2.066848] EXT4-fs (mmcblk0p1): mounting ext3 file system using the ext4 subsystem
[    2.154158] hub 1-1:1.0: USB hub found
[    2.158057] hub 1-1:1.0: 4 ports detected
[    2.447904] usb 1-1.2: new high-speed USB device number 3 using tegra-ehci
[    2.599792] EXT4-fs (mmcblk0p1): recovery complete
[    2.673998] EXT4-fs (mmcblk0p1): mounted filesystem with ordered data mode. Opts: (null)
[    2.682213] VFS: Mounted root (ext3 filesystem) on device 179:1.
[    2.691291] devtmpfs: mounted
[    2.696559] Freeing unused kernel memory: 1052K (c0e43000 - c0f4a000)
bash: cannot set terminal process group (-1): Inappropriate ioctl for device
bash: no job control in this shell
root@(none):/# 