[    0.000000] Booting Linux on physical CPU 0x0
[    0.000000] Linux version 4.6.0-next-20160518+ (pwalmsley@tamien) (gcc version 4.9.2 20140904 (prerelease) (crosstool-NG linaro-1.13.1-4.9-2014.09 - Linaro GCC 4.9-2014.09) ) #1 SMP PREEMPT Tue May 17 22:07:23 PDT 2016
[    0.000000] Boot CPU: AArch64 Processor [411fd070]
[    0.000000] Memory limited to 1024MB
[    0.000000] efi: Getting EFI parameters from FDT:
[    0.000000] efi: UEFI not found.
[    0.000000] cma: Reserved 16 MiB at 0x000000007f000000
[    0.000000] psci: probing for conduit method from DT.
[    0.000000] psci: PSCIv0.2 detected in firmware.
[    0.000000] psci: Using standard PSCI v0.2 function IDs
[    0.000000] psci: Trusted OS migration not required
[    0.000000] percpu: Embedded 20 pages/cpu @ffff80003efd0000 s42752 r8192 d30976 u81920
[    0.000000] Detected PIPT I-cache on CPU0
[    0.000000] CPU features: enabling workaround for ARM erratum 832075
[    0.000000] CPU features: enabling workaround for ARM erratum 834220
[    0.000000] Built 1 zonelists in Zone order, mobility grouping on.  Total pages: 258048
[    0.000000] Kernel command line: root=/dev/vda2 rw rootwait mem=1024M console=ttyAMA0,38400n8 init=/bin/bash
[    0.000000] PID hash table entries: 4096 (order: 3, 32768 bytes)
[    0.000000] Dentry cache hash table entries: 131072 (order: 8, 1048576 bytes)
[    0.000000] Inode-cache hash table entries: 65536 (order: 7, 524288 bytes)
[    0.000000] software IO TLB [mem 0x79c00000-0x7dc00000] (64MB) mapped at [ffff800039c00000-ffff80003dbfffff]
[    0.000000] Memory: 935520K/1048576K available (7436K kernel code, 644K rwdata, 3184K rodata, 960K init, 258K bss, 96672K reserved, 16384K cma-reserved)
[    0.000000] Virtual kernel memory layout:
[    0.000000]     modules : 0xffff000000000000 - 0xffff000008000000   (   128 MB)
[    0.000000]     vmalloc : 0xffff000008000000 - 0xffff7dffbfff0000   (129022 GB)
[    0.000000]       .text : 0xffff000008080000 - 0xffff0000087c0000   (  7424 KB)
[    0.000000]     .rodata : 0xffff0000087c0000 - 0xffff000008ae0000   (  3200 KB)
[    0.000000]       .init : 0xffff000008ae0000 - 0xffff000008bd0000   (   960 KB)
[    0.000000]       .data : 0xffff000008bd0000 - 0xffff000008c71000   (   644 KB)
[    0.000000]        .bss : 0xffff000008c71000 - 0xffff000008cb1b40   (   259 KB)
[    0.000000]     fixed   : 0xffff7dfffe7fd000 - 0xffff7dfffec00000   (  4108 KB)
[    0.000000]     PCI I/O : 0xffff7dfffee00000 - 0xffff7dffffe00000   (    16 MB)
[    0.000000]     vmemmap : 0xffff7e0000000000 - 0xffff800000000000   (  2048 GB maximum)
[    0.000000]               0xffff7e0000000000 - 0xffff7e0001000000   (    16 MB actual)
[    0.000000]     memory  : 0xffff800000000000 - 0xffff800040000000   (  1024 MB)
[    0.000000] SLUB: HWalign=64, Order=0-3, MinObjects=0, CPUs=1, Nodes=1
[    0.000000] Preemptible hierarchical RCU implementation.
[    0.000000] 	Build-time adjustment of leaf fanout to 64.
[    0.000000] 	RCU restricting CPUs from NR_CPUS=64 to nr_cpu_ids=1.
[    0.000000] RCU: Adjusting geometry for rcu_fanout_leaf=64, nr_cpu_ids=1
[    0.000000] NR_IRQS:64 nr_irqs:64 0
[    0.000000] GICv2m: range[mem 0x08020000-0x08020fff], SPI[80:143]
[    0.000000] Architected cp15 timer(s) running at 62.50MHz (virt).
[    0.000000] clocksource: arch_sys_counter: mask: 0xffffffffffffff max_cycles: 0x1cd42e208c, max_idle_ns: 881590405314 ns
[    0.000170] sched_clock: 56 bits at 62MHz, resolution 16ns, wraps every 4398046511096ns
[    0.006993] Console: colour dummy device 80x25
[    0.007675] Calibrating delay loop (skipped), value calculated using timer frequency.. 125.00 BogoMIPS (lpj=250000)
[    0.007844] pid_max: default: 32768 minimum: 301
[    0.008743] Security Framework initialized
[    0.009416] Mount-cache hash table entries: 2048 (order: 2, 16384 bytes)
[    0.009474] Mountpoint-cache hash table entries: 2048 (order: 2, 16384 bytes)
[    0.033776] ASID allocator initialised with 65536 entries
[    0.058797] EFI services will not be available.
[    0.065103] Brought up 1 CPUs
[    0.065156] SMP: Total of 1 processors activated.
[    0.065262] CPU features: detected feature: 32-bit EL0 Support
[    0.065472] CPU: All CPU(s) started at EL1
[    0.066169] alternatives: patching kernel code
[    0.080108] devtmpfs: initialized
[    0.092039] DMI not present or invalid.
[    0.093795] clocksource: jiffies: mask: 0xffffffff max_cycles: 0xffffffff, max_idle_ns: 7645041785100000 ns
[    0.097094] pinctrl core: initialized pinctrl subsystem
[    0.129018] NET: Registered protocol family 16
[    0.149564] cpuidle: using governor menu
[    0.150573] vdso: 2 pages (1 code @ ffff0000087c6000, 1 data @ ffff000008bd4000)
[    0.151178] hw-breakpoint: found 6 breakpoint and 4 watchpoint registers.
[    0.158754] DMA: preallocated 256 KiB pool for atomic allocations
[    0.161583] Serial: AMBA PL011 UART driver
[    0.177781] 9000000.pl011: ttyAMA0 at MMIO 0x9000000 (irq = 5, base_baud = 0) is a PL011 rev1
[    0.209590] console [ttyAMA0] enabled
[    0.430006] HugeTLB registered 2 MB page size, pre-allocated 0 pages
[    0.445769] ACPI: Interpreter disabled.
[    0.451516] vgaarb: loaded
[    0.454710] SCSI subsystem initialized
[    0.463374] usbcore: registered new interface driver usbfs
[    0.464425] usbcore: registered new interface driver hub
[    0.465409] usbcore: registered new device driver usb
[    0.471514] pps_core: LinuxPPS API ver. 1 registered
[    0.471751] pps_core: Software ver. 5.3.6 - Copyright 2005-2007 Rodolfo Giometti <giometti@linux.it>
[    0.472496] PTP clock support registered
[    0.474932] dmi: Firmware registration failed.
[    0.479791] Advanced Linux Sound Architecture Driver Initialized.
[    0.496088] clocksource: Switched to clocksource arch_sys_counter
[    0.497115] VFS: Disk quotas dquot_6.6.0
[    0.497588] VFS: Dquot-cache hash table entries: 512 (order 0, 4096 bytes)
[    0.502250] pnp: PnP ACPI: disabled
[    0.585391] NET: Registered protocol family 2
[    0.592419] TCP established hash table entries: 8192 (order: 4, 65536 bytes)
[    0.593040] TCP bind hash table entries: 8192 (order: 5, 131072 bytes)
[    0.593694] TCP: Hash tables configured (established 8192 bind 8192)
[    0.594753] UDP hash table entries: 512 (order: 2, 16384 bytes)
[    0.595244] UDP-Lite hash table entries: 512 (order: 2, 16384 bytes)
[    0.597883] NET: Registered protocol family 1
[    0.605210] RPC: Registered named UNIX socket transport module.
[    0.605528] RPC: Registered udp transport module.
[    0.605775] RPC: Registered tcp transport module.
[    0.606009] RPC: Registered tcp NFSv4.1 backchannel transport module.
[    0.612454] kvm [1]: HYP mode not available
[    0.630783] futex hash table entries: 256 (order: 3, 32768 bytes)
[    0.631786] audit: initializing netlink subsys (disabled)
[    0.634345] audit: type=2000 audit(0.608:1): initialized
[    0.643567] workingset: timestamp_bits=44 max_order=18 bucket_order=0
[    0.725881] squashfs: version 4.0 (2009/01/31) Phillip Lougher
[    0.736998] NFS: Registering the id_resolver key type
[    0.738037] Key type id_resolver registered
[    0.738285] Key type id_legacy registered
[    0.740397] fuse init (API version 7.24)
[    0.744445] 9p: Installing v9fs 9p2000 file system support
[    0.759188] io scheduler noop registered
[    0.760981] io scheduler cfq registered (default)
[    0.788974] pl061_gpio 9030000.pl061: PL061 GPIO chip @0x0000000009030000 registered
[    0.795508] PCI host bridge /pcie@10000000 ranges:
[    0.797163]    IO 0x3eff0000..0x3effffff -> 0x00000000
[    0.797758]   MEM 0x10000000..0x3efeffff -> 0x10000000
[    0.798066]   MEM 0x8000000000..0xffffffffff -> 0x8000000000
[    0.798964] pci-host-generic 3f000000.pcie: ECAM at [mem 0x3f000000-0x3fffffff] for [bus 00-0f]
[    0.801273] pci-host-generic 3f000000.pcie: PCI host bridge to bus 0000:00
[    0.801802] pci_bus 0000:00: root bus resource [bus 00-0f]
[    0.802161] pci_bus 0000:00: root bus resource [io  0x0000-0xffff]
[    0.802469] pci_bus 0000:00: root bus resource [mem 0x10000000-0x3efeffff]
[    0.802804] pci_bus 0000:00: root bus resource [mem 0x8000000000-0xffffffffff]
[    0.837955] xenfs: not registering filesystem on non-xen platform
[    0.873781] Serial: 8250/16550 driver, 4 ports, IRQ sharing disabled
[    0.888608] SuperH (H)SCI(F) driver initialized
[    0.892292] msm_serial: driver initialized
[    0.897320] Unable to detect cache hierarchy from DT for CPU 0
[    0.964914] loop: module loaded
[    0.997002]  vda: vda1 vda2
[    1.030954] tun: Universal TUN/TAP device driver, 1.6
[    1.031265] tun: (C) 1999-2004 Max Krasnyansky <maxk@qualcomm.com>
[    1.047487] e1000e: Intel(R) PRO/1000 Network Driver - 3.2.6-k
[    1.047808] e1000e: Copyright(c) 1999 - 2015 Intel Corporation.
[    1.049329] igb: Intel(R) Gigabit Ethernet Network Driver - version 5.3.0-k
[    1.049678] igb: Copyright (c) 2007-2014 Intel Corporation.
[    1.050595] igbvf: Intel(R) Gigabit Virtual Function Network Driver - version 2.0.2-k
[    1.050997] igbvf: Copyright (c) 2009 - 2012 Intel Corporation.
[    1.052828] sky2: driver version 1.30
[    1.058057] VFIO - User Level meta-driver version: 0.3
[    1.072794] ehci_hcd: USB 2.0 'Enhanced' Host Controller (EHCI) Driver
[    1.073189] ehci-pci: EHCI PCI platform driver
[    1.074377] ehci-platform: EHCI generic platform driver
[    1.075750] ehci-msm: Qualcomm On-Chip EHCI Host Controller
[    1.077267] ohci_hcd: USB 1.1 'Open' Host Controller (OHCI) Driver
[    1.077956] ohci-pci: OHCI PCI platform driver
[    1.079098] ohci-platform: OHCI generic platform driver
[    1.082424] usbcore: registered new interface driver usb-storage
[    1.094236] mousedev: PS/2 mouse device common for all mice
[    1.103373] rtc-pl031 9010000.pl031: rtc core: registered pl031 as rtc0
[    1.106930] i2c /dev entries driver
[    1.127485] sdhci: Secure Digital Host Controller Interface driver
[    1.127811] sdhci: Copyright(c) Pierre Ossman
[    1.129178] Synopsys Designware Multimedia Card Interface Driver
[    1.133923] sdhci-pltfm: SDHCI platform and OF driver helper
[    1.142674] ledtrig-cpu: registered to indicate activity on CPUs
[    1.159975] usbcore: registered new interface driver usbhid
[    1.161987] usbhid: USB HID core driver
[    1.181766] NET: Registered protocol family 17
[    1.183248] 9pnet: Installing 9P2000 support
[    1.185325] Key type dns_resolver registered
[    1.189871] registered taskstats version 1
[    1.203598] input: gpio-keys as /devices/platform/gpio-keys/input/input0
[    1.207618] rtc-pl031 9010000.pl031: setting system clock to 2016-05-18 05:07:58 UTC (1463548078)
[    1.209680] ALSA device list:
[    1.209884]   No soundcards found.
[    1.213951] uart-pl011 9000000.pl011: no DMA platform data
[    1.220477] EXT4-fs (vda2): couldn't mount as ext3 due to feature incompatibilities
[    1.296645] EXT4-fs (vda2): recovery complete
[    1.297358] EXT4-fs (vda2): mounted filesystem with ordered data mode. Opts: (null)
[    1.298001] VFS: Mounted root (ext4 filesystem) on device 254:2.
[    1.301318] devtmpfs: mounted
[    1.342559] Freeing unused kernel memory: 960K (ffff800000ae0000 - ffff800000bd0000)
bash: cannot set terminal process group (-1): Inappropriate ioctl for device
bash: no job control in this shell
bash-4.3# 