
U-Boot SPL 2014.01-00219-gc4d376f (Feb 18 2014 - 19:57:32)


U-Boot 2014.01-00219-gc4d376f (Feb 18 2014 - 19:57:32)

TEGRA114
Board: NVIDIA Dalmore
I2C:   ready
DRAM:  2 GiB
MMC:   Tegra SD/MMC: 0, Tegra SD/MMC: 1
In:    serial
Out:   serial
Err:   serial
Net:   Net Initialization Skipped
No ethernet found.
Hit any key to stop autoboot:  2  0 
Tegra114 (Dalmore) # 
Tegra114 (Dalmore) # usb reset
(Re)start USB...
USB0:   USB EHCI 1.10
scanning bus 0 for devices... 2 USB Device(s) found
       scanning usb for storage devices... 0 Storage Device(s) found
       scanning usb for ethernet devices... 
Warning: asx0 using MAC address from net device
1 Ethernet Device(s) found
Tegra114 (Dalmore) # setenv bootargs 'ignore_loglevel console=ttyS0,115200n8 rw root=/dev/mmcblk0p1 rootwait gpt debug init=/bin/bash'
Tegra114 (Dalmore) # setenv ipaddr 192.168.100.100; setenv serverip 192.168.100.1; setenv tftpserverip 192.168.100.1
Tegra114 (Dalmore) # tftpboot 0x81000000 zImage.multi_v7_defconfig
Using asx0 device
TFTP from server 192.168.100.1; our IP address is 192.168.100.100
Filename 'zImage.multi_v7_defconfig'.
Load address: 0x81000000
Loading: *#################################################################
	 #################################################################
	 #################################################################
	 #################################################################
	 #################################################################
	 #################################################################
	 #######
	 3.4 MiB/s
done
Bytes transferred = 5822848 (58d980 hex)
Tegra114 (Dalmore) # tftpboot 0x82000000 tegra114-dalmore.dtb
Using asx0 device
TFTP from server 192.168.100.1; our IP address is 192.168.100.100
Filename 'tegra114-dalmore.dtb'.
Load address: 0x82000000
Loading: *###
	 2.8 MiB/s
done
Bytes transferred = 34638 (874e hex)
Tegra114 (Dalmore) # bootz 0x81000000 - 0x82000000
Kernel image @ 0x81000000 [ 0x000000 - 0x58d980 ]
## Flattened Device Tree blob at 82000000
   Booting using the fdt blob at 0x82000000
   Loading Device Tree to 8fff4000, end 8ffff74d ... OK

Starting kernel ...

[    0.000000] Booting Linux on physical CPU 0x0
[    0.000000] Linux version 3.19.0-rc6-next-20150130-114439-g827e3bd (pwalmsley@tamien) (gcc version 4.7.3 20130328 (prerelease) (crosstool-NG linaro-1.13.1-4.7-2013.04-20130415 - Linaro GCC 2013.04) ) #1 SMP Thu Jan 29 23:18:53 PST 2015
[    0.000000] CPU: ARMv7 Processor [412fc0f2] revision 2 (ARMv7), cr=10c5387d
[    0.000000] CPU: PIPT / VIPT nonaliasing data cache, PIPT instruction cache
[    0.000000] Machine model: NVIDIA Tegra114 Dalmore evaluation board
[    0.000000] debug: ignoring loglevel setting.
[    0.000000] cma: Reserved 64 MiB at 0xfb800000
[    0.000000] Memory policy: Data cache writealloc
[    0.000000] On node 0 totalpages: 524032
[    0.000000] free_area_init_node: node 0, pgdat c0e31140, node_mem_map ee7f8000
[    0.000000]   DMA zone: 1520 pages used for memmap
[    0.000000]   DMA zone: 0 pages reserved
[    0.000000]   DMA zone: 194560 pages, LIFO batch:31
[    0.000000]   HighMem zone: 329472 pages, LIFO batch:31
[    0.000000] PERCPU: Embedded 11 pages/cpu @ee7a7000 s13056 r8192 d23808 u45056
[    0.000000] pcpu-alloc: s13056 r8192 d23808 u45056 alloc=11*4096
[    0.000000] pcpu-alloc: [0] 0 [0] 1 [0] 2 [0] 3 
[    0.000000] Built 1 zonelists in Zone order, mobility grouping on.  Total pages: 522512
[    0.000000] Kernel command line: ignore_loglevel console=ttyS0,115200n8 rw root=/dev/mmcblk0p1 rootwait gpt debug init=/bin/bash
[    0.000000] PID hash table entries: 4096 (order: 2, 16384 bytes)
[    0.000000] Dentry cache hash table entries: 131072 (order: 7, 524288 bytes)
[    0.000000] Inode-cache hash table entries: 65536 (order: 6, 262144 bytes)
[    0.000000] Memory: 2000252K/2096128K available (7573K kernel code, 964K rwdata, 3140K rodata, 780K init, 307K bss, 30340K reserved, 65536K cma-reserved, 1252352K highmem)
[    0.000000] Virtual kernel memory layout:
[    0.000000]     vector  : 0xffff0000 - 0xffff1000   (   4 kB)
[    0.000000]     fixmap  : 0xffc00000 - 0xfff00000   (3072 kB)
[    0.000000]     vmalloc : 0xf0000000 - 0xff000000   ( 240 MB)
[    0.000000]     lowmem  : 0xc0000000 - 0xef800000   ( 760 MB)
[    0.000000]     pkmap   : 0xbfe00000 - 0xc0000000   (   2 MB)
[    0.000000]     modules : 0xbf000000 - 0xbfe00000   (  14 MB)
[    0.000000]       .text : 0xc0208000 - 0xc0c7e7b4   (10714 kB)
[    0.000000]       .init : 0xc0c7f000 - 0xc0d42000   ( 780 kB)
[    0.000000]       .data : 0xc0d42000 - 0xc0e330a0   ( 965 kB)
[    0.000000]        .bss : 0xc0e330a0 - 0xc0e80068   ( 308 kB)
[    0.000000] SLUB: HWalign=64, Order=0-3, MinObjects=0, CPUs=4, Nodes=1
[    0.000000] Hierarchical RCU implementation.
[    0.000000] 	Additional per-CPU info printed with stalls.
[    0.000000] 	RCU restricting CPUs from NR_CPUS=8 to nr_cpu_ids=4.
[    0.000000] RCU: Adjusting geometry for rcu_fanout_leaf=16, nr_cpu_ids=4
[    0.000000] NR_IRQS:16 nr_irqs:16 16
[    0.000000] L2C: failed to init: -19
[    0.000009] sched_clock: 32 bits at 1000kHz, resolution 1000ns, wraps every 2147483648000ns
[    0.000028] Switching to timer-based delay loop, resolution 1000ns
[    0.002643] Architected cp15 timer(s) running at 12.00MHz (virt).
[    0.002667] sched_clock: 56 bits at 12MHz, resolution 83ns, wraps every 2863311536128ns
[    0.002681] Switching to timer-based delay loop, resolution 83ns
[    0.003020] Console: colour dummy device 80x30
[    0.003043] Calibrating delay loop (skipped), value calculated using timer frequency.. 24.00 BogoMIPS (lpj=60000)
[    0.003058] pid_max: default: 32768 minimum: 301
[    0.003173] Mount-cache hash table entries: 2048 (order: 1, 8192 bytes)
[    0.003185] Mountpoint-cache hash table entries: 2048 (order: 1, 8192 bytes)
[    0.003793] CPU: Testing write buffer coherency: ok
[    0.003999] /cpus/cpu@0 missing clock-frequency property
[    0.004027] /cpus/cpu@1 missing clock-frequency property
[    0.004055] /cpus/cpu@2 missing clock-frequency property
[    0.004083] /cpus/cpu@3 missing clock-frequency property
[    0.004096] CPU0: thread -1, cpu 0, socket 0, mpidr 80000000
[    0.004145] Setting up static identity map for 0x80928880 - 0x80928918
[    0.006261] Tegra Revision: A01 SKU: 0 CPU Process: 1 Core Process: 0
[    0.007347] CPU1: thread -1, cpu 1, socket 0, mpidr 80000001
[    0.007913] CPU2: thread -1, cpu 2, socket 0, mpidr 80000002
[    0.008442] CPU3: thread -1, cpu 3, socket 0, mpidr 80000003
[    0.008510] Brought up 4 CPUs
[    0.008531] SMP: Total of 4 processors activated (96.00 BogoMIPS).
[    0.008540] CPU: All CPU(s) started in SVC mode.
[    0.009075] devtmpfs: initialized
[    0.009945] VFP support v0.3: implementor 41 architecture 4 part 30 variant f rev 0
[    0.011911] pinctrl core: initialized pinctrl subsystem
[    0.023763] NET: Registered protocol family 16
[    0.025973] DMA: preallocated 256 KiB pool for atomic coherent allocations
[    0.042585] cpuidle: using governor ladder
[    0.057573] cpuidle: using governor menu
[    0.071703] No ATAGs?
[    0.071738] hw-breakpoint: found 5 (+1 reserved) breakpoint and 4 watchpoint registers.
[    0.071748] hw-breakpoint: maximum watchpoint size is 8 bytes.
[    0.074901] Serial: AMBA PL011 UART driver
[    0.101425] dvdd_ts: Failed to request enable GPIO61: -517
[    0.101528] reg-fixed-voltage regulators:regulator@1: Failed to register regulator: -517
[    0.101551] platform regulators:regulator@1: Driver reg-fixed-voltage requests probe deferral
[    0.101732] usb1_vbus: Failed to request enable GPIO108: -517
[    0.101828] reg-fixed-voltage regulators:regulator@3: Failed to register regulator: -517
[    0.101848] platform regulators:regulator@3: Driver reg-fixed-voltage requests probe deferral
[    0.102025] usb2_vbus: Failed to request enable GPIO86: -517
[    0.102118] reg-fixed-voltage regulators:regulator@4: Failed to register regulator: -517
[    0.102139] platform regulators:regulator@4: Driver reg-fixed-voltage requests probe deferral
[    0.102348] reg-fixed-voltage regulators:regulator@5: Failed to find supply vin
[    0.102456] reg-fixed-voltage regulators:regulator@5: Failed to register regulator: -517
[    0.102477] platform regulators:regulator@5: Driver reg-fixed-voltage requests probe deferral
[    0.102554] platform regulators:regulator@6: Driver reg-fixed-voltage requests probe deferral
[    0.102752] VDD_5V0_HDMI_CON: Failed to request enable GPIO81: -517
[    0.102843] reg-fixed-voltage regulators:regulator@7: Failed to register regulator: -517
[    0.102865] platform regulators:regulator@7: Driver reg-fixed-voltage requests probe deferral
[    0.105301] vgaarb: loaded
[    0.106012] SCSI subsystem initialized
[    0.106196] libata version 3.00 loaded.
[    0.106549] usbcore: registered new interface driver usbfs
[    0.106619] usbcore: registered new interface driver hub
[    0.106696] usbcore: registered new device driver usb
[    0.109858] tps65090 2-0048: No cache defaults, reading back from HW
[    0.111978] vdd-sys-5v0: supplied by vdd_ac_bat
[    0.113090] vdd-sys-3v3: supplied by vdd_ac_bat
[    0.114152] vdd-ao: supplied by vdd_ac_bat
[    0.114536] vdd-lcd-bl: supplied by vdd_ac_bat
[    0.114922] TPS65090_RAILSFET2: supplied by vdd_ac_bat
[    0.115298] vdd-modem-3v3: supplied by vdd-sys-3v3
[    0.115836] avdd-lcd: supplied by vdd-sys-3v3
[    0.116381] vdd-lvds: supplied by vdd-sys-3v3
[    0.117226] vdd-sd-slot: supplied by vdd-sys-3v3
[    0.117775] vdd-com-3v3: supplied by vdd-sys-3v3
[    0.118322] vdd-sby-5v0: supplied by vdd_ac_bat
[    0.118541] vdd-sby-3v3: supplied by vdd_ac_bat
[    0.119141] genirq: Setting trigger mode 8 for irq 341 failed (gic_set_type+0x0/0x9c)
[    0.119163] palmas 2-0058: Irq flag is 0x00000000
[    0.122373] palmas 2-0058: Muxing GPIO ff, PWM 0, LED 0
[    0.125132] vddio-ddr: supplied by vdd-ao
[    0.126727] vddio-1v8: supplied by vdd-ao
[    0.128515] vdd-core: supplied by vdd-sys-3v3
[    0.131230] avdd-pll: supplied by vdd-sys-3v3
[    0.133194] sdhci-vdd-sd-slot: ramp_delay not set
[    0.133578] sdhci-vdd-sd-slot: supplied by vdd-sys-3v3
[    0.135429] avdd-cam1: supplied by vdd-sys-3v3
[    0.136568] avdd-cam2: supplied by vdd-sys-3v3
[    0.137687] avdd-dsi-csi: supplied by vddio-1v8
[    0.138833] vpp-fuse: supplied by vdd-sys-3v3
[    0.139963] LDO5: supplied by vdd_ac_bat
[    0.141244] vdd-sensor-2v85: supplied by vdd-sys-3v3
[    0.142374] vdd-af-cam1: supplied by vdd-sys-3v3
[    0.147977] vdd-rtc: supplied by vdd-ao
[    0.153143] vddio-sdmmc-2: supplied by sdhci-vdd-sd-slot
[    0.154261] hvdd-usb: supplied by vdd-sys-5v0
[    0.158002] avdd-usb: supplied by vdd-sys-5v0
[    0.161125] Linux video capture interface: v2.00
[    0.161185] pps_core: LinuxPPS API ver. 1 registered
[    0.161194] pps_core: Software ver. 5.3.6 - Copyright 2005-2007 Rodolfo Giometti <giometti@linux.it>
[    0.161228] PTP clock support registered
[    0.161491] EDAC MC: Ver: 3.0.0
[    0.162074] Advanced Linux Sound Architecture Driver Initialized.
[    0.163233] Switched to clocksource arch_sys_counter
[    0.173665] NET: Registered protocol family 2
[    0.174250] TCP established hash table entries: 8192 (order: 3, 32768 bytes)
[    0.174340] TCP bind hash table entries: 8192 (order: 4, 65536 bytes)
[    0.174527] TCP: Hash tables configured (established 8192 bind 8192)
[    0.174574] TCP: reno registered
[    0.174588] UDP hash table entries: 512 (order: 2, 16384 bytes)
[    0.174630] UDP-Lite hash table entries: 512 (order: 2, 16384 bytes)
[    0.174816] NET: Registered protocol family 1
[    0.175078] RPC: Registered named UNIX socket transport module.
[    0.175087] RPC: Registered udp transport module.
[    0.175095] RPC: Registered tcp transport module.
[    0.175103] RPC: Registered tcp NFSv4.1 backchannel transport module.
[    0.175124] PCI: CLS 0 bytes, default 64
[    0.177434] futex hash table entries: 1024 (order: 4, 65536 bytes)
[    0.189983] squashfs: version 4.0 (2009/01/31) Phillip Lougher
[    0.190805] NFS: Registering the id_resolver key type
[    0.190843] Key type id_resolver registered
[    0.190851] Key type id_legacy registered
[    0.190937] ntfs: driver 2.1.31 [Flags: R/O].
[    0.192156] bounce: pool size: 64 pages
[    0.192386] Block layer SCSI generic (bsg) driver version 0.4 loaded (major 249)
[    0.192407] io scheduler noop registered
[    0.192421] io scheduler deadline registered
[    0.192624] io scheduler cfq registered (default)
[    0.215116] tegra-apbdma 6000a000.dma: Tegra20 APB DMA driver register 32 channels
[    0.215838] tegra-pmc 7000e400.pmc: i2c-thermtrip node not found, emergency thermal reset disabled.
[    0.283056] Serial: 8250/16550 driver, 4 ports, IRQ sharing disabled
[    0.285687] msm_serial: driver initialized
[    0.286597] console [ttyS0] disabled
[    0.286634] 70006300.serial: ttyS0 at MMIO 0x70006300 (irq = 329, base_baud = 25500000) is a Tegra
[    1.245782] console [ttyS0] enabled
[    1.249984] STMicroelectronics ASC driver initialized
[    1.257017] [drm] Initialized drm 1.1.0 20060810
[    1.264832] tegra-hdmi 54280000.hdmi: failed to get HDMI regulator
[   28.003222] NMI watchdog: BUG: soft lockup - CPU#0 stuck for 23s! [swapper/0:1]
[   28.010518] Modules linked in:
[   28.013584] CPU: 0 PID: 1 Comm: swapper/0 Not tainted 3.19.0-rc6-next-20150130-114439-g827e3bd #1
[   28.022440] Hardware name: NVIDIA Tegra SoC (Flattened Device Tree)
[   28.028697] task: ed870000 ti: ed85c000 task.ti: ed85c000
[   28.034095] PC is at _calc_rate+0xd8/0x26c
[   28.038186] LR is at clk_pll_round_rate+0x78/0x88
[   28.042884] pc : [<c07ffa14>]    lr : [<c0801004>]    psr: 80000113
[   28.042884] sp : ed85dd78  ip : 0bebc200  fp : 00000000
[   28.054343] r10: c07edb18  r9 : c05c7a74  r8 : ed807680
[   28.059558] r7 : 000f4240  r6 : ed85dda0  r5 : e1b12ace  r4 : 00000000
[   28.066073] r3 : 00b71b00  r2 : 3b9aca00  r1 : ed85dda0  r0 : ed807680
[   28.072590] Flags: Nzcv  IRQs on  FIQs on  Mode SVC_32  ISA ARM  Segment kernel
[   28.079887] Control: 10c5387d  Table: 8020406a  DAC: 00000015
[   28.085626] CPU: 0 PID: 1 Comm: swapper/0 Not tainted 3.19.0-rc6-next-20150130-114439-g827e3bd #1
[   28.094480] Hardware name: NVIDIA Tegra SoC (Flattened Device Tree)
[   28.100757] [<c0215bb8>] (unwind_backtrace) from [<c0211648>] (show_stack+0x10/0x14)
[   28.108499] [<c0211648>] (show_stack) from [<c0923840>] (dump_stack+0x78/0x94)
[   28.115719] [<c0923840>] (dump_stack) from [<c02ab96c>] (watchdog_timer_fn+0x1a0/0x214)
[   28.123718] [<c02ab96c>] (watchdog_timer_fn) from [<c028d078>] (__run_hrtimer.isra.19+0x54/0xe0)
[   28.132496] [<c028d078>] (__run_hrtimer.isra.19) from [<c028d33c>] (hrtimer_interrupt+0xf8/0x280)
[   28.141364] [<c028d33c>] (hrtimer_interrupt) from [<c07d3360>] (arch_timer_handler_virt+0x28/0x30)
[   28.150318] [<c07d3360>] (arch_timer_handler_virt) from [<c0282060>] (handle_percpu_devid_irq+0x68/0x84)
[   28.159790] [<c0282060>] (handle_percpu_devid_irq) from [<c027e684>] (generic_handle_irq+0x20/0x30)
[   28.168827] [<c027e684>] (generic_handle_irq) from [<c027e780>] (__handle_domain_irq+0x54/0xb4)
[   28.177517] [<c027e780>] (__handle_domain_irq) from [<c0208958>] (gic_handle_irq+0x2c/0x68)
[   28.185862] [<c0208958>] (gic_handle_irq) from [<c0212180>] (__irq_svc+0x40/0x54)
[   28.193330] Exception stack(0xed85dd30 to 0xed85dd78)
[   28.198373] dd20:                                     ed807680 ed85dda0 3b9aca00 00b71b00
[   28.206539] dd40: 00000000 e1b12ace ed85dda0 000f4240 ed807680 c05c7a74 c07edb18 00000000
[   28.214702] dd60: 0bebc200 ed85dd78 c0801004 c07ffa14 80000113 ffffffff
[   28.221316] [<c0212180>] (__irq_svc) from [<c07ffa14>] (_calc_rate+0xd8/0x26c)
[   28.228535] [<c07ffa14>] (_calc_rate) from [<c0801004>] (clk_pll_round_rate+0x78/0x88)
[   28.236447] [<c0801004>] (clk_pll_round_rate) from [<c07ea00c>] (clk_core_round_rate_nolock+0x84/0xa4)
[   28.245744] [<c07ea00c>] (clk_core_round_rate_nolock) from [<c07ea074>] (__clk_round_rate+0x38/0x40)
[   28.254866] [<c07ea074>] (__clk_round_rate) from [<c07edb74>] (clk_factor_round_rate+0x5c/0x64)
[   28.263556] [<c07edb74>] (clk_factor_round_rate) from [<c07ebaa0>] (clk_calc_new_rates+0x180/0x1e8)
[   28.272594] [<c07ebaa0>] (clk_calc_new_rates) from [<c07ebffc>] (clk_core_set_rate_nolock+0x48/0xb0)
[   28.281718] [<c07ebffc>] (clk_core_set_rate_nolock) from [<c07ecf9c>] (__clk_put+0x50/0xd8)
[   28.290067] [<c07ecf9c>] (__clk_put) from [<c05c7fbc>] (release_nodes+0x164/0x1d8)
[   28.297631] [<c05c7fbc>] (release_nodes) from [<c05c543c>] (driver_probe_device+0x70/0x22c)
[   28.305973] [<c05c543c>] (driver_probe_device) from [<c05c5684>] (__driver_attach+0x8c/0x90)
[   28.314400] [<c05c5684>] (__driver_attach) from [<c05c3d08>] (bus_for_each_dev+0x54/0x88)
[   28.322569] [<c05c3d08>] (bus_for_each_dev) from [<c05c4cd8>] (bus_add_driver+0xd4/0x1d0)
[   28.330737] [<c05c4cd8>] (bus_add_driver) from [<c05c5cc8>] (driver_register+0x78/0xf4)
[   28.338733] [<c05c5cc8>] (driver_register) from [<c0cc160c>] (host1x_drm_init+0x60/0x10c)
[   28.346902] [<c0cc160c>] (host1x_drm_init) from [<c0208cc4>] (do_one_initcall+0x80/0x1d0)
[   28.355071] [<c0208cc4>] (do_one_initcall) from [<c0c7fd70>] (kernel_init_freeable+0x10c/0x1d8)
[   28.363762] [<c0c7fd70>] (kernel_init_freeable) from [<c091ef34>] (kernel_init+0x8/0xec)
[   28.371845] [<c091ef34>] (kernel_init) from [<c020ea00>] (ret_from_fork+0x14/0x34)
[   56.003221] NMI watchdog: BUG: soft lockup - CPU#0 stuck for 23s! [swapper/0:1]
[   56.010515] Modules linked in:
[   56.013577] CPU: 0 PID: 1 Comm: swapper/0 Tainted: G             L  3.19.0-rc6-next-20150130-114439-g827e3bd #1
[   56.023645] Hardware name: NVIDIA Tegra SoC (Flattened Device Tree)
[   56.029901] task: ed870000 ti: ed85c000 task.ti: ed85c000
[   56.035293] PC is at _calc_rate+0xd8/0x26c
[   56.039383] LR is at clk_pll_round_rate+0x78/0x88
[   56.044079] pc : [<c07ffa14>]    lr : [<c0801004>]    psr: 80000113
[   56.044079] sp : ed85dd78  ip : 0bebc200  fp : 00000000
[   56.055536] r10: c07edb18  r9 : c05c7a74  r8 : ed807680
[   56.060751] r7 : 000f4240  r6 : ed85dda0  r5 : dbfd10f6  r4 : 00000000
[   56.067265] r3 : 00b71b00  r2 : 3b9aca00  r1 : ed85dda0  r0 : ed807680
[   56.073780] Flags: Nzcv  IRQs on  FIQs on  Mode SVC_32  ISA ARM  Segment kernel
[   56.081076] Control: 10c5387d  Table: 8020406a  DAC: 00000015
[   56.086814] CPU: 0 PID: 1 Comm: swapper/0 Tainted: G             L  3.19.0-rc6-next-20150130-114439-g827e3bd #1
[   56.096882] Hardware name: NVIDIA Tegra SoC (Flattened Device Tree)
[   56.103148] [<c0215bb8>] (unwind_backtrace) from [<c0211648>] (show_stack+0x10/0x14)
[   56.110887] [<c0211648>] (show_stack) from [<c0923840>] (dump_stack+0x78/0x94)
[   56.118103] [<c0923840>] (dump_stack) from [<c02ab96c>] (watchdog_timer_fn+0x1a0/0x214)
[   56.126098] [<c02ab96c>] (watchdog_timer_fn) from [<c028d078>] (__run_hrtimer.isra.19+0x54/0xe0)
[   56.134872] [<c028d078>] (__run_hrtimer.isra.19) from [<c028d33c>] (hrtimer_interrupt+0xf8/0x280)
[   56.143737] [<c028d33c>] (hrtimer_interrupt) from [<c07d3360>] (arch_timer_handler_virt+0x28/0x30)
[   56.152687] [<c07d3360>] (arch_timer_handler_virt) from [<c0282060>] (handle_percpu_devid_irq+0x68/0x84)
[   56.162156] [<c0282060>] (handle_percpu_devid_irq) from [<c027e684>] (generic_handle_irq+0x20/0x30)
[   56.171192] [<c027e684>] (generic_handle_irq) from [<c027e780>] (__handle_domain_irq+0x54/0xb4)
[   56.179881] [<c027e780>] (__handle_domain_irq) from [<c0208958>] (gic_handle_irq+0x2c/0x68)
[   56.188223] [<c0208958>] (gic_handle_irq) from [<c0212180>] (__irq_svc+0x40/0x54)
[   56.195691] Exception stack(0xed85dd30 to 0xed85dd78)
[   56.200734] dd20:                                     ed807680 ed85dda0 3b9aca00 00b71b00
[   56.208900] dd40: 00000000 dbfd10f6 ed85dda0 000f4240 ed807680 c05c7a74 c07edb18 00000000
[   56.217063] dd60: 0bebc200 ed85dd78 c0801004 c07ffa14 80000113 ffffffff
[   56.223674] [<c0212180>] (__irq_svc) from [<c07ffa14>] (_calc_rate+0xd8/0x26c)
[   56.230891] [<c07ffa14>] (_calc_rate) from [<c0801004>] (clk_pll_round_rate+0x78/0x88)
[   56.238799] [<c0801004>] (clk_pll_round_rate) from [<c07ea00c>] (clk_core_round_rate_nolock+0x84/0xa4)
[   56.248094] [<c07ea00c>] (clk_core_round_rate_nolock) from [<c07ea074>] (__clk_round_rate+0x38/0x40)
[   56.257216] [<c07ea074>] (__clk_round_rate) from [<c07edb74>] (clk_factor_round_rate+0x5c/0x64)
[   56.265905] [<c07edb74>] (clk_factor_round_rate) from [<c07ebaa0>] (clk_calc_new_rates+0x180/0x1e8)
[   56.274942] [<c07ebaa0>] (clk_calc_new_rates) from [<c07ebffc>] (clk_core_set_rate_nolock+0x48/0xb0)
[   56.284066] [<c07ebffc>] (clk_core_set_rate_nolock) from [<c07ecf9c>] (__clk_put+0x50/0xd8)
[   56.292411] [<c07ecf9c>] (__clk_put) from [<c05c7fbc>] (release_nodes+0x164/0x1d8)
[   56.299972] [<c05c7fbc>] (release_nodes) from [<c05c543c>] (driver_probe_device+0x70/0x22c)
[   56.308312] [<c05c543c>] (driver_probe_device) from [<c05c5684>] (__driver_attach+0x8c/0x90)
[   56.316739] [<c05c5684>] (__driver_attach) from [<c05c3d08>] (bus_for_each_dev+0x54/0x88)
[   56.324905] [<c05c3d08>] (bus_for_each_dev) from [<c05c4cd8>] (bus_add_driver+0xd4/0x1d0)
[   56.333071] [<c05c4cd8>] (bus_add_driver) from [<c05c5cc8>] (driver_register+0x78/0xf4)
[   56.341066] [<c05c5cc8>] (driver_register) from [<c0cc160c>] (host1x_drm_init+0x60/0x10c)
[   56.349233] [<c0cc160c>] (host1x_drm_init) from [<c0208cc4>] (do_one_initcall+0x80/0x1d0)
[   56.357401] [<c0208cc4>] (do_one_initcall) from [<c0c7fd70>] (kernel_init_freeable+0x10c/0x1d8)
[   56.366088] [<c0c7fd70>] (kernel_init_freeable) from [<c091ef34>] (kernel_init+0x8/0xec)
[   56.374171] [<c091ef34>] (kernel_init) from [<c020ea00>] (ret_from_fork+0x14/0x34)
