
U-Boot SPL 2014.07-00097-g772e173 (Jul 25 2014 - 20:02:52)


U-Boot 2014.07-00097-g772e173 (Jul 25 2014 - 20:02:52)

TEGRA124
Board: NVIDIA Jetson TK1
I2C:   ready
DRAM:  2 GiB
MMC:   Tegra SD/MMC: 0, Tegra SD/MMC: 1
In:    serial
Out:   serial
Err:   serial
Net:   Net Initialization Skipped
No ethernet found.
Hit any key to stop autoboot:  2  0 
Tegra124 (Jetson TK1) # 
Tegra124 (Jetson TK1) # usb reset
(Re)start USB...
USB0:   USB EHCI 1.10
scanning bus 0 for devices... 1 USB Device(s) found
USB1:   USB EHCI 1.10
scanning bus 1 for devices... 2 USB Device(s) found
       scanning usb for storage devices... 0 Storage Device(s) found
       scanning usb for ethernet devices... 
Warning: asx0 using MAC address from net device
1 Ethernet Device(s) found
Tegra124 (Jetson TK1) # setenv bootargs 'ignore_loglevel console=ttyS0,115200n8 rw root=/dev/mmcblk0p1 rootwait gpt debug noinitrd earlyprintk init=/bin/bash'
Tegra124 (Jetson TK1) # setenv ipaddr 192.168.100.102; setenv serverip 192.168.100.1; setenv tftpserverip 192.168.100.1
Tegra124 (Jetson TK1) # tftpboot 0x82000000 zImage.multi_v7_defconfig
Using asx0 device
TFTP from server 192.168.100.1; our IP address is 192.168.100.102
Filename 'zImage.multi_v7_defconfig'.
Load address: 0x82000000
Loading: *#################################################################
	 #################################################################
	 #################################################################
	 #################################################################
	 #################################################################
	 #################################################################
	 #################################################################
	 ##########
	 3.2 MiB/s
done
Bytes transferred = 6812144 (67f1f0 hex)
Tegra124 (Jetson TK1) # tftpboot 0x83000000 tegra124-jetson-tk1.dtb
Using asx0 device
TFTP from server 192.168.100.1; our IP address is 192.168.100.102
Filename 'tegra124-jetson-tk1.dtb'.
Load address: 0x83000000
Loading: *#####
	 3.1 MiB/s
done
Bytes transferred = 64218 (fada hex)
Tegra124 (Jetson TK1) # bootz 0x82000000 - 0x83000000
Kernel image @ 0x82000000 [ 0x000000 - 0x67f1f0 ]
## Flattened Device Tree blob at 83000000
   Booting using the fdt blob at 0x83000000
   Using Device Tree in place at 83000000, end 83012ad9

Starting kernel ...

[    0.000000] Booting Linux on physical CPU 0x0
[    0.000000] Linux version 4.5.0-rc3-next-20160212-72564-g64d9a36 (pwalmsley@sellafield) (gcc version 4.7.3 20130328 (prerelease) (crosstool-NG linaro-1.13.1-4.7-2013.04-20130415 - Linaro GCC 2013.04) ) #1 SMP Thu Feb 11 21:49:11 PST 2016
[    0.000000] CPU: ARMv7 Processor [413fc0f3] revision 3 (ARMv7), cr=10c5387d
[    0.000000] CPU: div instructions available: patching division code
[    0.000000] CPU: PIPT / VIPT nonaliasing data cache, PIPT instruction cache
[    0.000000] Machine model: NVIDIA Tegra124 Jetson TK1
[    0.000000] debug: ignoring loglevel setting.
[    0.000000] cma: Reserved 64 MiB at 0xfb800000
[    0.000000] Memory policy: Data cache writealloc
[    0.000000] On node 0 totalpages: 524032
[    0.000000] free_area_init_node: node 0, pgdat c1415780, node_mem_map eeff8000
[    0.000000]   DMA zone: 1536 pages used for memmap
[    0.000000]   DMA zone: 0 pages reserved
[    0.000000]   DMA zone: 196608 pages, LIFO batch:31
[    0.000000]   HighMem zone: 327424 pages, LIFO batch:31
[    0.000000] PERCPU: Embedded 13 pages/cpu @eef8b000 s23296 r8192 d21760 u53248
[    0.000000] pcpu-alloc: s23296 r8192 d21760 u53248 alloc=13*4096
[    0.000000] pcpu-alloc: [0] 0 [0] 1 [0] 2 [0] 3 
[    0.000000] Built 1 zonelists in Zone order, mobility grouping on.  Total pages: 522496
[    0.000000] Kernel command line: ignore_loglevel console=ttyS0,115200n8 rw root=/dev/mmcblk0p1 rootwait gpt debug noinitrd earlyprintk init=/bin/bash
[    0.000000] PID hash table entries: 4096 (order: 2, 16384 bytes)
[    0.000000] Dentry cache hash table entries: 131072 (order: 7, 524288 bytes)
[    0.000000] Inode-cache hash table entries: 65536 (order: 6, 262144 bytes)
[    0.000000] Memory: 1995028K/2096128K available (9516K kernel code, 1117K rwdata, 4064K rodata, 2048K init, 341K bss, 35564K reserved, 65536K cma-reserved, 1244160K highmem)
[    0.000000] Virtual kernel memory layout:
[    0.000000]     vector  : 0xffff0000 - 0xffff1000   (   4 kB)
[    0.000000]     fixmap  : 0xffc00000 - 0xfff00000   (3072 kB)
[    0.000000]     vmalloc : 0xf0800000 - 0xff800000   ( 240 MB)
[    0.000000]     lowmem  : 0xc0000000 - 0xf0000000   ( 768 MB)
[    0.000000]     pkmap   : 0xbfe00000 - 0xc0000000   (   2 MB)
[    0.000000]     modules : 0xbf000000 - 0xbfe00000   (  14 MB)
[    0.000000]       .text : 0xc0208000 - 0xc10431d0   (14573 kB)
[    0.000000]       .init : 0xc1100000 - 0xc1300000   (2048 kB)
[    0.000000]       .data : 0xc1300000 - 0xc1417740   (1118 kB)
[    0.000000]        .bss : 0xc141a000 - 0xc146f6a0   ( 342 kB)
[    0.000000] SLUB: HWalign=64, Order=0-3, MinObjects=0, CPUs=4, Nodes=1
[    0.000000] Hierarchical RCU implementation.
[    0.000000] 	Build-time adjustment of leaf fanout to 32.
[    0.000000] 	RCU restricting CPUs from NR_CPUS=16 to nr_cpu_ids=4.
[    0.000000] RCU: Adjusting geometry for rcu_fanout_leaf=32, nr_cpu_ids=4
[    0.000000] NR_IRQS:16 nr_irqs:16 16
[    0.000000] /interrupt-controller@60004000: 160 interrupts forwarded to /interrupt-controller@0,50041000
[    0.000000] Tegra clk 127: register failed with -17
[    0.000007] sched_clock: 32 bits at 1000kHz, resolution 1000ns, wraps every 2147483647500ns
[    0.000030] clocksource: timer_us: mask: 0xffffffff max_cycles: 0xffffffff, max_idle_ns: 1911260446275 ns
[    0.000044] Switching to timer-based delay loop, resolution 1000ns
[    0.004542] Architected cp15 timer(s) running at 12.00MHz (virt).
[    0.004560] clocksource: arch_sys_counter: mask: 0xffffffffffffff max_cycles: 0x2c47f4ee7, max_idle_ns: 440795202497 ns
[    0.004578] sched_clock: 56 bits at 12MHz, resolution 83ns, wraps every 4398046511096ns
[    0.004591] Switching to timer-based delay loop, resolution 83ns
[    0.005028] Console: colour dummy device 80x30
[    0.005053] Calibrating delay loop (skipped), value calculated using timer frequency.. 24.00 BogoMIPS (lpj=60000)
[    0.005068] pid_max: default: 32768 minimum: 301
[    0.005174] Mount-cache hash table entries: 2048 (order: 1, 8192 bytes)
[    0.005185] Mountpoint-cache hash table entries: 2048 (order: 1, 8192 bytes)
[    0.005766] CPU: Testing write buffer coherency: ok
[    0.005983] /cpus/cpu@0 missing clock-frequency property
[    0.006023] /cpus/cpu@1 missing clock-frequency property
[    0.006061] /cpus/cpu@2 missing clock-frequency property
[    0.006098] /cpus/cpu@3 missing clock-frequency property
[    0.006110] CPU0: thread -1, cpu 0, socket 0, mpidr 80000000
[    0.006157] Setting up static identity map for 0x80300000 - 0x80300098
[    0.009060] Tegra Revision: A01 SKU: 129 CPU Process: 1 SoC Process: 1
[    0.010321] CPU1: thread -1, cpu 1, socket 0, mpidr 80000001
[    0.010846] CPU2: thread -1, cpu 2, socket 0, mpidr 80000002
[    0.011355] CPU3: thread -1, cpu 3, socket 0, mpidr 80000003
[    0.011422] Brought up 4 CPUs
[    0.011441] SMP: Total of 4 processors activated (96.00 BogoMIPS).
[    0.011449] CPU: All CPU(s) started in SVC mode.
[    0.012923] devtmpfs: initialized
[    0.030698] VFP support v0.3: implementor 41 architecture 4 part 30 variant f rev 0
[    0.031438] clocksource: jiffies: mask: 0xffffffff max_cycles: 0xffffffff, max_idle_ns: 9556302231375000 ns
[    0.032970] pinctrl core: initialized pinctrl subsystem
[    0.034728] NET: Registered protocol family 16
[    0.036813] DMA: preallocated 256 KiB pool for atomic coherent allocations
[    0.049672] cpuidle: using governor menu
[    0.067001] No ATAGs?
[    0.067038] hw-breakpoint: found 5 (+1 reserved) breakpoint and 4 watchpoint registers.
[    0.067048] hw-breakpoint: maximum watchpoint size is 8 bytes.
[    0.072874] Serial: AMBA PL011 UART driver
[    0.105575] +USB0_VBUS_SW: Failed to request enable GPIO108: -517
[    0.105691] reg-fixed-voltage regulators:regulator@7: Failed to register regulator: -517
[    0.105900] +5V_USB_HS: Failed to request enable GPIO109: -517
[    0.106007] reg-fixed-voltage regulators:regulator@8: Failed to register regulator: -517
[    0.106289] +1.05V_RUN_AVDD_HDMI_PLL: Failed to request enable GPIO63: -517
[    0.106395] reg-fixed-voltage regulators:regulator@11: Failed to register regulator: -517
[    0.106599] +5V_HDMI_CON: Failed to request enable GPIO86: -517
[    0.106702] reg-fixed-voltage regulators:regulator@12: Failed to register regulator: -517
[    0.106904] +5V_SATA: Failed to request enable GPIO242: -517
[    0.107006] reg-fixed-voltage regulators:regulator@13: Failed to register regulator: -517
[    0.107208] +12V_SATA: Failed to request enable GPIO242: -517
[    0.107311] reg-fixed-voltage regulators:regulator@14: Failed to register regulator: -517
[    0.110813] vgaarb: loaded
[    0.111855] SCSI subsystem initialized
[    0.112028] libata version 3.00 loaded.
[    0.112322] usbcore: registered new interface driver usbfs
[    0.112392] usbcore: registered new interface driver hub
[    0.112457] usbcore: registered new device driver usb
[    0.116174] pps_core: LinuxPPS API ver. 1 registered
[    0.116184] pps_core: Software ver. 5.3.6 - Copyright 2005-2007 Rodolfo Giometti <giometti@linux.it>
[    0.116214] PTP clock support registered
[    0.116446] EDAC MC: Ver: 3.0.0
[    0.119650] clocksource: Switched to clocksource arch_sys_counter
[    0.131220] NET: Registered protocol family 2
[    0.131728] TCP established hash table entries: 8192 (order: 3, 32768 bytes)
[    0.131828] TCP bind hash table entries: 8192 (order: 4, 65536 bytes)
[    0.132015] TCP: Hash tables configured (established 8192 bind 8192)
[    0.132067] UDP hash table entries: 512 (order: 2, 16384 bytes)
[    0.132107] UDP-Lite hash table entries: 512 (order: 2, 16384 bytes)
[    0.132273] NET: Registered protocol family 1
[    0.132523] RPC: Registered named UNIX socket transport module.
[    0.132533] RPC: Registered udp transport module.
[    0.132540] RPC: Registered tcp transport module.
[    0.132548] RPC: Registered tcp NFSv4.1 backchannel transport module.
[    0.132569] PCI: CLS 0 bytes, default 64
[    0.133582] hw perfevents: enabled with armv7_cortex_a15 PMU driver, 7 counters available
[    0.135149] futex hash table entries: 1024 (order: 4, 65536 bytes)
[    0.136024] workingset: timestamp_bits=28 max_order=19 bucket_order=0
[    0.147484] squashfs: version 4.0 (2009/01/31) Phillip Lougher
[    0.148371] NFS: Registering the id_resolver key type
[    0.148411] Key type id_resolver registered
[    0.148419] Key type id_legacy registered
[    0.148490] ntfs: driver 2.1.32 [Flags: R/O].
[    0.149868] bounce: pool size: 64 pages
[    0.150084] Block layer SCSI generic (bsg) driver version 0.4 loaded (major 249)
[    0.150103] io scheduler noop registered
[    0.150119] io scheduler deadline registered
[    0.150160] io scheduler cfq registered (default)
[    0.170126] tegra-pcie 1003000.pcie-controller: 2x1, 1x1 configuration
[    0.170179] tegra-pcie 1003000.pcie-controller: Failed to get supply 'avddio-pex': -517
[    0.177638] tegra-apbdma 60020000.dma: Tegra20 APB DMA driver register 32 channels
[    0.179476] tegra-pmc 7000e400.pmc: emergency thermal reset enabled
[    0.243272] Serial: 8250/16550 driver, 4 ports, IRQ sharing disabled
[    0.246274] console [ttyS0] disabled
[    0.246311] 70006300.serial: ttyS0 at MMIO 0x70006300 (irq = 333, base_baud = 25500000) is a Tegra
[    1.068251] console [ttyS0] enabled
[    1.072636] SuperH (H)SCI(F) driver initialized
[    1.078230] msm_serial: driver initialized
[    1.082551] STMicroelectronics ASC driver initialized
[    1.088520] 70006000.serial: ttyTHS1 at MMIO 0x70006000 (irq = 331, base_baud = 0) is a TEGRA_UART
[    1.097849] 70006040.serial: ttyTHS2 at MMIO 0x70006040 (irq = 332, base_baud = 0) is a TEGRA_UART
[    1.108825] [drm] Initialized drm 1.1.0 20060810
[    1.115491] tegra-hdmi 54280000.hdmi: failed to get HDMI regulator
[    1.134708] brd: module loaded
[    1.143669] loop: module loaded
[    1.147236] at24 0-0056: 256 byte 24c02 EEPROM, writable, 8 bytes/write
[    1.155585] as3722 4-0040: AS3722 with revision 0x1 found
[    1.178631] +5V_SYS: supplied by +VDD_MUX
[    1.182705] +1.05V_RUN: supplied by +5V_SYS
[    1.187024] tegra-ahci 70027000.sata: Failed to get supply 'hvdd': -517
[    1.193696] tegra-ahci 70027000.sata: Failed to get regulators
[    1.205190] m25p80 spi32765.0: w25q32dw (4096 Kbytes)
[    1.213719] libphy: Fixed MDIO Bus: probed
[    1.218560] CAN device driver interface
[    1.224511] igb: Intel(R) Gigabit Ethernet Network Driver - version 5.3.0-k
[    1.231478] igb: Copyright (c) 2007-2014 Intel Corporation.
[    1.240374] pegasus: v0.9.3 (2013/04/25), Pegasus/Pegasus II USB Ethernet driver
[    1.247829] usbcore: registered new interface driver pegasus
[    1.253567] usbcore: registered new interface driver asix
[    1.259025] usbcore: registered new interface driver ax88179_178a
[    1.265173] usbcore: registered new interface driver cdc_ether
[    1.271081] usbcore: registered new interface driver smsc75xx
[    1.276905] usbcore: registered new interface driver smsc95xx
[    1.282708] usbcore: registered new interface driver net1080
[    1.288425] usbcore: registered new interface driver cdc_subset
[    1.294405] usbcore: registered new interface driver zaurus
[    1.300077] usbcore: registered new interface driver cdc_ncm
[    1.305983] tegra-phy 7d004000.usb-phy: no vbus regulator
[    1.313379] ehci_hcd: USB 2.0 'Enhanced' Host Controller (EHCI) Driver
[    1.319922] ehci-pci: EHCI PCI platform driver
[    1.324410] ehci-platform: EHCI generic platform driver
[    1.329865] ehci-omap: OMAP-EHCI Host Controller driver
[    1.335251] ehci-orion: EHCI orion driver
[    1.339404] SPEAr-ehci: EHCI SPEAr driver
[    1.343580] ehci-st: EHCI STMicroelectronics driver
[    1.348622] ehci-exynos: EHCI EXYNOS driver
[    1.352998] ehci-atmel: EHCI Atmel driver
[    1.357173] tegra-ehci: Tegra EHCI driver
[    1.361502] tegra-ehci 7d004000.usb: EHCI Host Controller
[    1.366933] tegra-ehci 7d004000.usb: new USB bus registered, assigned bus number 1
[    1.374692] tegra-ehci 7d004000.usb: irq 350, io mem 0x7d004000
[    1.389671] tegra-ehci 7d004000.usb: USB 2.0 started, EHCI 1.10
[    1.396448] hub 1-0:1.0: USB hub found
[    1.400245] hub 1-0:1.0: 1 port detected
[    1.404794] ohci_hcd: USB 1.1 'Open' Host Controller (OHCI) Driver
[    1.410998] ohci-pci: OHCI PCI platform driver
[    1.415503] ohci-platform: OHCI generic platform driver
[    1.420921] ohci-omap3: OHCI OMAP3 driver
[    1.425094] SPEAr-ohci: OHCI SPEAr driver
[    1.429255] ohci-st: OHCI STMicroelectronics driver
[    1.434301] ohci-atmel: OHCI Atmel driver
[    1.438933] usbcore: registered new interface driver usb-storage
[    1.446619] mousedev: PS/2 mouse device common for all mice
[    1.455743] as3722-rtc as3722-rtc: rtc core: registered as3722-rtc as rtc0
[    1.462629] as3722-rtc as3722-rtc: RTC interrupt 373
[    1.471037] tegra_rtc 7000e000.rtc: rtc core: registered 7000e000.rtc as rtc1
[    1.478229] tegra_rtc 7000e000.rtc: Tegra internal Real Time Clock
[    1.485047] i2c /dev entries driver
[    1.494800] 0-004c supply vcc not found, using dummy regulator
[    1.508716] sdhci: Secure Digital Host Controller Interface driver
[    1.514919] sdhci: Copyright(c) Pierre Ossman
[    1.520978] Synopsys Designware Multimedia Card Interface Driver
[    1.528172] sdhci-pltfm: SDHCI platform and OF driver helper
[    1.534620] sdhci-tegra 700b0400.sdhci: Got CD GPIO
[    1.539533] sdhci-tegra 700b0400.sdhci: Got WP GPIO
[    1.544471] mmc0: Unknown controller version (3). You may experience problems.
[    1.552048] mmc0: Unknown controller version (3). You may experience problems.
[    1.559358] mmc0: Invalid maximum block size, assuming 512 bytes
[    1.599673] mmc0: SDHCI controller on 700b0600.sdhci [700b0600.sdhci] using ADMA 64-bit
[    1.609408] ledtrig-cpu: registered to indicate activity on CPUs
[    1.615796] usbcore: registered new interface driver usbhid
[    1.621378] usbhid: USB HID core driver
[    1.633998] NET: Registered protocol family 10
[    1.639185] sit: IPv6 over IPv4 tunneling driver
[    1.644594] NET: Registered protocol family 17
[    1.649072] can: controller area network core (rev 20120528 abi 9)
[    1.655328] NET: Registered protocol family 29
[    1.659792] can: raw protocol (rev 20120528)
[    1.664064] can: broadcast manager protocol (rev 20120528 t)
[    1.669747] can: netlink gateway (rev 20130117) max_hops=1
[    1.675642] Key type dns_resolver registered
[    1.680568] ThumbEE CPU extension supported.
[    1.684871] Registering SWP/SWPB emulation handler
[    1.704492] tegra-pcie 1003000.pcie-controller: 2x1, 1x1 configuration
[    1.711403] +3.3V_SYS: supplied by +VDD_MUX
[    1.715679] +3.3V_LP0: supplied by +3.3V_SYS
[    1.720404] +1.35V_LP0(sd2): supplied by +5V_SYS
[    1.725130] +1.05V_RUN_AVDD: supplied by +1.35V_LP0(sd2)
[    1.732283] tegra-pcie 1003000.pcie-controller: probing port 0, using 2 lanes
[    1.741503] tegra-pcie 1003000.pcie-controller: Slot present pin change, signature: 00000008
[    1.756717] mmc0: new HS200 MMC card at address 0001
[    1.762660] mmcblk0: mmc0:0001 SEM16G 14.7 GiB 
[    1.767842] mmcblk0boot0: mmc0:0001 SEM16G partition 1 4.00 MiB
[    1.774402] mmcblk0boot1: mmc0:0001 SEM16G partition 2 4.00 MiB
[    1.780967] mmcblk0rpmb: mmc0:0001 SEM16G partition 3 4.00 MiB
[    1.790684] Primary GPT is invalid, using alternate GPT.
[    1.796063]  mmcblk0: p1 p2 p3 p4 p5 p6 p7 p8 p9
[    2.161260] tegra-pcie 1003000.pcie-controller: link 0 down, retrying
[    2.590375] tegra-pcie 1003000.pcie-controller: link 0 down, retrying
[    3.019469] tegra-pcie 1003000.pcie-controller: link 0 down, retrying
[    3.028059] tegra-pcie 1003000.pcie-controller: link 0 down, ignoring
[    3.034551] tegra-pcie 1003000.pcie-controller: probing port 1, using 1 lanes
[    3.043853] tegra-pcie 1003000.pcie-controller: Slot present pin change, signature: 00000000
[    3.056697] tegra-pcie 1003000.pcie-controller: PCI host bridge to bus 0000:00
[    3.063949] pci_bus 0000:00: root bus resource [mem 0x13000000-0x1fffffff]
[    3.070834] pci_bus 0000:00: root bus resource [mem 0x20000000-0x3fffffff pref]
[    3.078147] pci_bus 0000:00: root bus resource [bus 00-ff]
[    3.083640] pci_bus 0000:00: root bus resource [io  0x1000-0xffff]
[    3.089858] pci 0000:00:02.0: [10de:0e13] type 01 class 0x060400
[    3.095971] pci 0000:00:02.0: PME# supported from D0 D1 D2 D3hot D3cold
[    3.102885] PCI: bus0: Fast back to back transfers disabled
[    3.108470] pci 0000:00:02.0: bridge configuration invalid ([bus 00-00]), reconfiguring
[    3.116680] pci 0000:01:00.0: [10ec:8168] type 00 class 0x020000
[    3.122721] pci 0000:01:00.0: reg 0x10: [io  0x0000-0x00ff]
[    3.128329] pci 0000:01:00.0: reg 0x18: [mem 0x00000000-0x00000fff 64bit]
[    3.135141] pci 0000:01:00.0: reg 0x20: [mem 0x00000000-0x00003fff 64bit pref]
[    3.142500] pci 0000:01:00.0: supports D1 D2
[    3.146781] pci 0000:01:00.0: PME# supported from D0 D1 D2 D3hot D3cold
[    3.159791] PCI: bus1: Fast back to back transfers disabled
[    3.165391] pci_bus 0000:01: busn_res: [bus 01-ff] end is updated to 01
[    3.172104] pci 0000:00:02.0: BAR 8: assigned [mem 0x13000000-0x130fffff]
[    3.178904] pci 0000:00:02.0: BAR 9: assigned [mem 0x20000000-0x200fffff 64bit pref]
[    3.186653] pci 0000:00:02.0: BAR 7: assigned [io  0x1000-0x1fff]
[    3.192761] pci 0000:01:00.0: BAR 4: assigned [mem 0x20000000-0x20003fff 64bit pref]
[    3.200528] pci 0000:01:00.0: BAR 2: assigned [mem 0x13000000-0x13000fff 64bit]
[    3.207861] pci 0000:01:00.0: BAR 0: assigned [io  0x1000-0x10ff]
[    3.213966] pci 0000:00:02.0: PCI bridge to [bus 01]
[    3.218941] pci 0000:00:02.0:   bridge window [io  0x1000-0x1fff]
[    3.225043] pci 0000:00:02.0:   bridge window [mem 0x13000000-0x130fffff]
[    3.231837] pci 0000:00:02.0:   bridge window [mem 0x20000000-0x200fffff 64bit pref]
[    3.239608] pci 0000:00:02.0: nv_msi_ht_cap_quirk didn't locate host bridge
[    3.246679] pcieport 0000:00:02.0: enabling device (0140 -> 0143)
[    3.253004] pcieport 0000:00:02.0: Signaling PME through PCIe PME interrupt
[    3.259974] pci 0000:01:00.0: Signaling PME through PCIe PME interrupt
[    3.266510] pcie_pme 0000:00:02.0:pcie01: service driver pcie_pme loaded
[    3.273406] r8169 Gigabit Ethernet driver 2.3LK-NAPI loaded
[    3.279005] r8169 0000:01:00.0: enabling device (0140 -> 0143)
[    3.296461] r8169 0000:01:00.0 eth0: RTL8168g/8111g at 0xf0a1c000, 00:04:4b:25:b3:b4, XID 0c000800 IRQ 390
[    3.306150] r8169 0000:01:00.0 eth0: jumbo features [frames: 9200 bytes, tx checksumming: ko]
[    3.315572] +5V_HDMI_CON: supplied by +5V_SYS
[    3.320106] +1.05V_RUN_AVDD_HDMI_PLL: supplied by +1.05V_RUN
[    3.326043] +3.3V_RUN: supplied by +3.3V_SYS
[    3.330414] +3.3V_AVDD_HDMI_AP_GATED: supplied by +3.3V_RUN
[    3.338787] [drm] Supports vblank timestamp caching Rev 2 (21.10.2013).
[    3.345440] [drm] No driver support for vblank timestamp query.
[    3.450840] tegra-hdmi 54280000.hdmi: cannot set audio to 44100 at 297000000 pclk
[    3.602798] Console: switching to colour frame buffer device 512x135
[    3.697477] drm drm: fb0:  frame buffer device
[    3.714787] [drm] Initialized tegra 0.0.0 20120330 on minor 0
[    3.721802] +5V_SATA: supplied by +5V_SYS
[    3.725958] +12V_SATA: supplied by +VDD_MUX
[    3.730884] tegra-ahci 70027000.sata: AHCI 0001.0301 32 slots 2 ports 3 Gbps 0x1 impl platform mode
[    3.739959] tegra-ahci 70027000.sata: flags: 64bit ncq sntf pm led pio slum part sadm sds apst 
[    3.751242] scsi host0: tegra-ahci
[    3.755867] scsi host1: tegra-ahci
[    3.759606] ata1: SATA max UDMA/133 mmio [mem 0x70027000-0x70028fff] port 0x100 irq 343
[    3.767643] ata2: DUMMY
[    3.771356] +5V_USB_HS: supplied by +5V_SYS
[    3.777286] tegra-ehci 7d008000.usb: EHCI Host Controller
[    3.782746] tegra-ehci 7d008000.usb: new USB bus registered, assigned bus number 2
[    3.790554] tegra-ehci 7d008000.usb: irq 351, io mem 0x7d008000
[    3.804772] tegra-ehci 7d008000.usb: USB 2.0 started, EHCI 1.10
[    3.811549] hub 2-0:1.0: USB hub found
[    3.815373] hub 2-0:1.0: 1 port detected
[    3.820997] cpu: dev_pm_opp_of_cpumask_add_table: couldn't find opp table for cpu:0, -19
[    3.829280] cpufreq: cpufreq_online: CPU0: Running at unlisted freq: 696000 KHz
[    3.836666] cpufreq: cpufreq_online: CPU0: Unlisted initial frequency changed to: 714000 KHz
[    3.845298] Unable to handle kernel NULL pointer dereference at virtual address 00000030
[    3.853415] pgd = c0204000
[    3.856159] [00000030] *pgd=00000000
[    3.859763] Internal error: Oops: 5 [#1] SMP ARM
[    3.864376] Modules linked in:
[    3.867450] CPU: 1 PID: 6 Comm: kworker/u8:0 Not tainted 4.5.0-rc3-next-20160212-72564-g64d9a36 #1
[    3.876401] Hardware name: NVIDIA Tegra SoC (Flattened Device Tree)
[    3.882677] Workqueue: deferwq deferred_probe_work_func
[    3.887915] task: ee071a40 ti: ee09a000 task.ti: ee09a000
[    3.893318] PC is at regulator_set_voltage+0x10/0x54
[    3.898291] LR is at _set_opp_voltage+0x34/0x90
[    3.902824] pc : [<c0678000>]    lr : [<c0760444>]    psr: 08000113
[    3.902824] sp : ee09ba70  ip : ee6bce98  fp : 00120160
[    3.914291] r10: 00120160  r9 : 00000000  r8 : eef8b050
[    3.919515] r7 : 00120160  r6 : 00120160  r5 : 00120160  r4 : 00000000
[    3.926039] r3 : 00120160  r2 : 00120160  r1 : 00120160  r0 : 00000000
[    3.932565] Flags: nzcv  IRQs on  FIQs on  Mode SVC_32  ISA ARM  Segment none
[    3.939699] Control: 10c5387d  Table: 8020406a  DAC: 00000051
[    3.945446] Process kworker/u8:0 (pid: 6, stack limit = 0xee09a220)
[    3.951712] Stack: (0xee09ba70 to 0xee09c000)
[    3.956073] ba60:                                     00000000 00120160 00120160 c0760444
[    3.964249] ba80: c1303dfc 8a500520 ee023a80 2a8ec680 ee69fe80 eef8b050 00000000 00000000
[    3.972426] baa0: 00120160 c0760ee0 00120160 ee0f34d0 ee09bb00 000dbba0 000dbba0 000dbba0
[    3.980603] bac0: 8a500520 2a8ec680 ffffffff ee0f3400 00000000 c145ec84 00000015 ee7f40fc
[    3.988778] bae0: 00000000 00000001 ee09bb00 c09512b0 ee09bafc 00000003 ee0fb140 00000015
[    3.996955] bb00: 00000010 000ae510 00236874 00000021 00000000 0000000a 00000000 00000010
[    4.005131] bb20: ee0fb140 00000064 eef8f598 c1302578 eefb6598 c0955154 00000064 48000113
[    4.013306] bb40: ee0f3400 00000000 000927c0 ee0fb1c0 c120c300 00000000 003a86f3 00000000
[    4.021484] bb60: 00000000 ee0fb140 ee0f3400 c13cbb24 eef8f598 00000000 c1302578 ee0f3408
[    4.029663] bb80: 00000010 c09557d4 e49ef1c8 00000000 00000000 00000001 ee0f3400 ee0f3400
[    4.037839] bba0: 00000000 00000000 c1302578 00000003 ee0f3400 c145ec84 c13cb848 00000000
[    4.046016] bbc0: c1302578 ee0f3408 00000010 c09520b4 ee0f3400 00000000 c145ec84 c0952784
[    4.054192] bbe0: c0c0e018 0000000f 0000ffff 0000000f 00000000 00000000 ee0f7e80 00236874
[    4.062368] bc00: 00031ce0 000493e0 00031ce0 00236874 000ae510 000a9ec0 00000000 00000000
[    4.070543] bc20: 00000000 c13cbac8 00000000 00000000 00000000 00000000 00000000 00000000
[    4.078720] bc40: ffffffe0 ee0f3460 ee0f3460 c095308c 00031ce0 00236874 ee7f4000 c13cb848
[    4.086896] bc60: c13cb848 ee0fb080 ee0f3484 ee0f3484 ee170980 00000000 c13cb8e0 ee0fad70
[    4.095073] bc80: 00000001 00000003 00000000 00000000 ee0f34ac ee0f34ac ffff0001 ee0f34b8
[    4.103250] bca0: ee0f34b8 00000000 00000000 ee071a40 00000000 00010001 00010001 ee0f34d8
[    4.111425] bcc0: ee0f34d8 00000000 ee0fb100 ee0fb040 ee0f3400 c0952a7c c1210590 ee0f34b4
[    4.119602] bce0: 68000113 00000000 00000000 c13cb8b0 c13acc68 c13cb848 c13cbca4 c13cbca4
[    4.122663] ata1: SATA link down (SStatus 0 SControl 300)
[    4.133169] bd00: 00000000 00000015 c1302100 c0751258 c145f344 ee04515c ee1bf934 00000000
[    4.141346] bd20: c1334248 c13cbcec c145ec84 c0951b9c ffffffed eef8b050 ee7e1e00 c0955f48
[    4.149522] bd40: ffffffed ee7e1e10 fffffdfb c075394c c07538fc ee7e1e10 c145a090 c145a098
[    4.157697] bd60: 00000000 c07522bc 00000000 00000000 ee09bda0 c0752574 00000001 c145a06c
[    4.165874] bd80: 00000000 c0750834 ee045070 ee6a5738 ee7e1e10 ee7e1e44 c13aca58 c0752040
[    4.174049] bda0: ee7e1e10 00000001 00000000 ee7e1e10 ee7e1e10 c13aca58 ee6bc610 c07516cc
[    4.182226] bdc0: ee7e1e10 00000000 ee7e1e18 c074fbcc ee024f40 c0583c2c ee09be28 ee7e1e00
[    4.190403] bde0: 00000000 ee7e1e00 ee7e1e10 ee6bc610 ee0f7c80 ee00b400 ee024f40 c0753ae0
[    4.198578] be00: 00000000 ee09be28 ee7e1e00 ee6bc600 ee6bc610 c07542b0 00000001 00000000
[    4.206755] be20: ee0f7b50 c0957510 ee6bc610 00000000 c0eae6cc 00000000 00000000 00000000
[    4.214932] be40: c145ed70 00000001 00000000 00000000 00000000 00000000 ee6bc610 ffffffed
[    4.223108] be60: ee6bc610 fffffdfb c13cc128 c13cc128 00000015 c075394c c07538fc ee6bc610
[    4.231284] be80: c145a090 c145a098 00000000 c07522bc 00000000 00000000 ee09bec8 c0752574
[    4.239460] bea0: 00000001 00000000 00000000 c0750834 ee045070 ee6a59b8 ee6bc610 ee6bc644
[    4.247636] bec0: c13aca58 c0752040 ee6bc610 00000001 00000002 ee6bc610 ee6bc610 c13aca58
[    4.255812] bee0: ee646000 c07516cc ee6bc610 c13ac9e0 c13aca00 c0751b00 ee040480 c13aca14
[    4.263989] bf00: ee00b400 c0355cfc ee00b400 ee040480 ee00b418 ee040480 ee00b418 00000001
[    4.272166] bf20: ee00b400 ee040498 ee00b400 00000088 c1302100 c0355f64 00000000 c1302100
[    4.280343] bf40: 00000000 ee02fb40 00000000 ee040480 c0355f38 00000000 00000000 00000000
[    4.288521] bf60: 00000000 c035b0f0 ee071500 00000000 ffffffff ee040480 00000000 00000000
[    4.296700] bf80: ee09bf80 ee09bf80 00000000 00000000 ee09bf90 ee09bf90 ee09bfac ee02fb40
[    4.304874] bfa0: c035b018 00000000 00000000 c0307e78 00000000 00000000 00000000 00000000
[    4.313050] bfc0: 00000000 00000000 00000000 00000000 00000000 00000000 00000000 00000000
[    4.321228] bfe0: 00000000 00000000 00000000 00000000 00000013 00000000 ffffffff ffffffff
[    4.329419] [<c0678000>] (regulator_set_voltage) from [<c0760444>] (_set_opp_voltage+0x34/0x90)
[    4.338128] [<c0760444>] (_set_opp_voltage) from [<c0760ee0>] (dev_pm_opp_set_rate+0x128/0x288)
[    4.346839] [<c0760ee0>] (dev_pm_opp_set_rate) from [<c09512b0>] (__cpufreq_driver_target+0x178/0x298)
[    4.356154] [<c09512b0>] (__cpufreq_driver_target) from [<c0955154>] (dbs_check_cpu+0x1a0/0x1ec)
[    4.364948] [<c0955154>] (dbs_check_cpu) from [<c09557d4>] (cpufreq_governor_dbs+0x304/0x5bc)
[    4.373482] [<c09557d4>] (cpufreq_governor_dbs) from [<c09520b4>] (__cpufreq_governor+0x20c/0x24c)
[    4.382450] [<c09520b4>] (__cpufreq_governor) from [<c0952784>] (cpufreq_init_policy+0x60/0x8c)
[    4.391158] [<c0952784>] (cpufreq_init_policy) from [<c0952a7c>] (cpufreq_online+0x2cc/0x6d8)
[    4.399698] [<c0952a7c>] (cpufreq_online) from [<c0751258>] (subsys_interface_register+0x80/0xc4)
[    4.408583] [<c0751258>] (subsys_interface_register) from [<c0951b9c>] (cpufreq_register_driver+0x144/0x1a0)
[    4.418417] [<c0951b9c>] (cpufreq_register_driver) from [<c0955f48>] (dt_cpufreq_probe+0x64/0xe8)
[    4.427295] [<c0955f48>] (dt_cpufreq_probe) from [<c075394c>] (platform_drv_probe+0x50/0xb0)
[    4.435744] [<c075394c>] (platform_drv_probe) from [<c07522bc>] (driver_probe_device+0x1f4/0x2b0)
[    4.444626] [<c07522bc>] (driver_probe_device) from [<c0750834>] (bus_for_each_drv+0x44/0x8c)
[    4.453163] [<c0750834>] (bus_for_each_drv) from [<c0752040>] (__device_attach+0x9c/0x100)
[    4.461438] [<c0752040>] (__device_attach) from [<c07516cc>] (bus_probe_device+0x84/0x8c)
[    4.469625] [<c07516cc>] (bus_probe_device) from [<c074fbcc>] (device_add+0x33c/0x524)
[    4.477552] [<c074fbcc>] (device_add) from [<c0753ae0>] (platform_device_add+0xa8/0x208)
[    4.485650] [<c0753ae0>] (platform_device_add) from [<c07542b0>] (platform_device_register_full+0xe0/0x104)
[    4.495397] [<c07542b0>] (platform_device_register_full) from [<c0957510>] (tegra124_cpufreq_probe+0x1ec/0x240)
[    4.505491] [<c0957510>] (tegra124_cpufreq_probe) from [<c075394c>] (platform_drv_probe+0x50/0xb0)
[    4.514460] [<c075394c>] (platform_drv_probe) from [<c07522bc>] (driver_probe_device+0x1f4/0x2b0)
[    4.523340] [<c07522bc>] (driver_probe_device) from [<c0750834>] (bus_for_each_drv+0x44/0x8c)
[    4.531877] [<c0750834>] (bus_for_each_drv) from [<c0752040>] (__device_attach+0x9c/0x100)
[    4.540151] [<c0752040>] (__device_attach) from [<c07516cc>] (bus_probe_device+0x84/0x8c)
[    4.548339] [<c07516cc>] (bus_probe_device) from [<c0751b00>] (deferred_probe_work_func+0x60/0x8c)
[    4.557309] [<c0751b00>] (deferred_probe_work_func) from [<c0355cfc>] (process_one_work+0x134/0x338)
[    4.566447] [<c0355cfc>] (process_one_work) from [<c0355f64>] (worker_thread+0x2c/0x4f0)
[    4.574548] [<c0355f64>] (worker_thread) from [<c035b0f0>] (kthread+0xd8/0xf4)
[    4.581784] [<c035b0f0>] (kthread) from [<c0307e78>] (ret_from_fork+0x14/0x3c)
[    4.589010] Code: e92d4070 e1a04000 e1a05002 e1a06001 (e5900030) 
[    4.595175] ---[ end trace d7eaa6db6ff9ec3b ]---
[    4.599853] Unable to handle kernel paging request at virtual address ffffffec
[    4.607068] pgd = c0204000
[    4.609770] [ffffffec] *pgd=afffd861, *pte=00000000, *ppte=00000000
[    4.616057] Internal error: Oops: 37 [#2] SMP ARM
[    4.620752] Modules linked in:
[    4.623822] CPU: 1 PID: 6 Comm: kworker/u8:0 Tainted: G      D         4.5.0-rc3-next-20160212-72564-g64d9a36 #1
[    4.633978] Hardware name: NVIDIA Tegra SoC (Flattened Device Tree)
[    4.640246] task: ee071a40 ti: ee09a000 task.ti: ee09a000
[    4.645643] PC is at kthread_data+0x4/0xc
[    4.649647] LR is at wq_worker_sleeping+0xc/0xd8
[    4.654255] pc : [<c035b6fc>]    lr : [<c0356ed8>]    psr: 28000193
[    4.654255] sp : ee09b830  ip : 00000800  fp : ee09b87c
[    4.665719] r10: c1302678  r9 : ee071a40  r8 : c12110c0
[    4.670935] r7 : 00000001  r6 : ee071d68  r5 : c12110c0  r4 : 00000001
[    4.677450] r3 : 00000000  r2 : 00000000  r1 : 00000001  r0 : ee071a40
[    4.683966] Flags: nzCv  IRQs off  FIQs on  Mode SVC_32  ISA ARM  Segment none
[    4.691174] Control: 10c5387d  Table: 8020406a  DAC: 00000051
[    4.696910] Process kworker/u8:0 (pid: 6, stack limit = 0xee09a220)
[    4.703163] Stack: (0xee09b830 to 0xee09c000)
[    4.707521] b820:                                     eef9d0c0 c0b03220 00000000 ee07cb40
[    4.715689] b840: c141c794 00000062 ee071a40 c0b035e0 00000000 2dd8c000 00000000 ee09b5cc
[    4.723853] b860: ee070000 ee071ce0 ee09b888 0000000b 00000001 00000001 ee09b884 c0b035e0
[    4.732019] b880: ee071a40 c03443cc ee09b888 ee09b888 00000001 c141a604 ee09ba20 c1307bcc
[    4.740183] b8a0: 68000113 0000000b 00000001 c0678002 c0678004 c030b3c8 ee09a220 0000000b
[    4.748349] b8c0: c143f9d0 c1307bcc 00000000 00000008 65000000 34643239 20303730 30613165
[    4.756523] b8e0: 30303034 61316520 30303530 31652032 30363061 28203130 30393565 30333030
[    4.764691] b900: c0002029 ee09b924 ee6c0b00 00000030 00000005 00000000 ee09ba20 00000030
[    4.772856] b920: 00000000 00120160 00120160 c031c49c 00000005 c03175a4 00000000 00000000
[    4.781021] b940: bf1ca4e0 00000002 c1441d70 c035be74 00000000 00000000 bf1ca4e0 00000005
[    4.789186] b960: c03176e4 00000030 c13084dc ee09ba20 00000000 00120160 00120160 c0301284
[    4.797361] b980: 00000000 003b9aca 00000250 c1441b88 c1441b40 c039876c 14b27577 00000000
[    4.805529] b9a0: 143093ca 00000000 ee071ac0 eef9d0c0 0081e1ad 00000000 ffffffe1 ee071a40
[    4.813694] b9c0: c12110c0 ee071a40 eef9d0c0 02304b22 00000000 00000400 53555555 00000000
[    4.821860] b9e0: ee09ba40 00004c4b 029f85ac 00000000 0000001f 00000008 00000008 00000000
[    4.830024] ba00: eef9d100 00000000 c0678000 08000113 ffffffff ee09ba54 eef8b050 c030ba60
[    4.838197] ba20: 00000000 00120160 00120160 00120160 00000000 00120160 00120160 00120160
[    4.846366] ba40: eef8b050 00000000 00120160 00120160 ee6bce98 ee09ba70 c0760444 c0678000
[    4.854531] ba60: 08000113 ffffffff 00000051 c09b7800 00000000 00120160 00120160 c0760444
[    4.862696] ba80: c1303dfc 8a500520 ee023a80 2a8ec680 ee69fe80 eef8b050 00000000 00000000
[    4.870861] baa0: 00120160 c0760ee0 00120160 ee0f34d0 ee09bb00 000dbba0 000dbba0 000dbba0
[    4.879036] bac0: 8a500520 2a8ec680 ffffffff ee0f3400 00000000 c145ec84 00000015 ee7f40fc
[    4.887202] bae0: 00000000 00000001 ee09bb00 c09512b0 ee09bafc 00000003 ee0fb140 00000015
[    4.895368] bb00: 00000010 000ae510 00236874 00000021 00000000 0000000a 00000000 00000010
[    4.903533] bb20: ee0fb140 00000064 eef8f598 c1302578 eefb6598 c0955154 00000064 48000113
[    4.911699] bb40: ee0f3400 00000000 000927c0 ee0fb1c0 c120c300 00000000 003a86f3 00000000
[    4.919872] bb60: 00000000 ee0fb140 ee0f3400 c13cbb24 eef8f598 00000000 c1302578 ee0f3408
[    4.928039] bb80: 00000010 c09557d4 e49ef1c8 00000000 00000000 00000001 ee0f3400 ee0f3400
[    4.936203] bba0: 00000000 00000000 c1302578 00000003 ee0f3400 c145ec84 c13cb848 00000000
[    4.944368] bbc0: c1302578 ee0f3408 00000010 c09520b4 ee0f3400 00000000 c145ec84 c0952784
[    4.952533] bbe0: c0c0e018 0000000f 0000ffff 0000000f 00000000 00000000 ee0f7e80 00236874
[    4.960706] bc00: 00031ce0 000493e0 00031ce0 00236874 000ae510 000a9ec0 00000000 00000000
[    4.968873] bc20: 00000000 c13cbac8 00000000 00000000 00000000 00000000 00000000 00000000
[    4.977038] bc40: ffffffe0 ee0f3460 ee0f3460 c095308c 00031ce0 00236874 ee7f4000 c13cb848
[    4.985204] bc60: c13cb848 ee0fb080 ee0f3484 ee0f3484 ee170980 00000000 c13cb8e0 ee0fad70
[    4.993369] bc80: 00000001 00000003 00000000 00000000 ee0f34ac ee0f34ac ffff0001 ee0f34b8
[    5.001544] bca0: ee0f34b8 00000000 00000000 ee071a40 00000000 00010001 00010001 ee0f34d8
[    5.009712] bcc0: ee0f34d8 00000000 ee0fb100 ee0fb040 ee0f3400 c0952a7c c1210590 ee0f34b4
[    5.017878] bce0: 68000113 00000000 00000000 c13cb8b0 c13acc68 c13cb848 c13cbca4 c13cbca4
[    5.026042] bd00: 00000000 00000015 c1302100 c0751258 c145f344 ee04515c ee1bf934 00000000
[    5.034206] bd20: c1334248 c13cbcec c145ec84 c0951b9c ffffffed eef8b050 ee7e1e00 c0955f48
[    5.042370] bd40: ffffffed ee7e1e10 fffffdfb c075394c c07538fc ee7e1e10 c145a090 c145a098
[    5.050534] bd60: 00000000 c07522bc 00000000 00000000 ee09bda0 c0752574 00000001 c145a06c
[    5.058699] bd80: 00000000 c0750834 ee045070 ee6a5738 ee7e1e10 ee7e1e44 c13aca58 c0752040
[    5.066863] bda0: ee7e1e10 00000001 00000000 ee7e1e10 ee7e1e10 c13aca58 ee6bc610 c07516cc
[    5.075028] bdc0: ee7e1e10 00000000 ee7e1e18 c074fbcc ee024f40 c0583c2c ee09be28 ee7e1e00
[    5.083194] bde0: 00000000 ee7e1e00 ee7e1e10 ee6bc610 ee0f7c80 ee00b400 ee024f40 c0753ae0
[    5.091358] be00: 00000000 ee09be28 ee7e1e00 ee6bc600 ee6bc610 c07542b0 00000001 00000000
[    5.099522] be20: ee0f7b50 c0957510 ee6bc610 00000000 c0eae6cc 00000000 00000000 00000000
[    5.107686] be40: c145ed70 00000001 00000000 00000000 00000000 00000000 ee6bc610 ffffffed
[    5.115851] be60: ee6bc610 fffffdfb c13cc128 c13cc128 00000015 c075394c c07538fc ee6bc610
[    5.124015] be80: c145a090 c145a098 00000000 c07522bc 00000000 00000000 ee09bec8 c0752574
[    5.132179] bea0: 00000001 00000000 00000000 c0750834 ee045070 ee6a59b8 ee6bc610 ee6bc644
[    5.140343] bec0: c13aca58 c0752040 ee6bc610 00000001 00000002 ee6bc610 ee6bc610 c13aca58
[    5.148508] bee0: ee646000 c07516cc ee6bc610 c13ac9e0 c13aca00 c0751b00 ee040480 c13aca14
[    5.156673] bf00: ee00b400 c0355cfc ee00b400 ee040480 ee00b418 ee040480 ee00b418 00000001
[    5.164837] bf20: ee00b400 ee040498 ee00b400 00000088 c1302100 c0355f64 00000000 c1302100
[    5.173001] bf40: 00000000 ee02fb40 00000000 ee040480 c0355f38 00000000 00000000 00000000
[    5.181166] bf60: 00000000 c035b0f0 ee071500 00000000 ffffffff ee040480 00000000 00000000
[    5.189330] bf80: ee09bf80 ee09bf80 00000001 00010001 ee09bf90 ee09bf90 ee09bfac ee02fb40
[    5.197494] bfa0: c035b018 00000000 00000000 c0307e78 00000000 00000000 00000000 00000000
[    5.205659] bfc0: 00000000 00000000 00000000 00000000 00000000 00000000 00000000 00000000
[    5.213823] bfe0: 00000000 00000000 00000000 00000000 00000013 00000000 ffffffff ffffffff
[    5.222001] [<c035b6fc>] (kthread_data) from [<c0356ed8>] (wq_worker_sleeping+0xc/0xd8)
[    5.230000] [<c0356ed8>] (wq_worker_sleeping) from [<c0b03220>] (__schedule+0x290/0x530)
[    5.238085] [<c0b03220>] (__schedule) from [<c0b035e0>] (schedule+0x38/0x9c)
[    5.245129] [<c0b035e0>] (schedule) from [<c03443cc>] (do_exit+0x654/0x9e4)
[    5.252088] [<c03443cc>] (do_exit) from [<c030b3c8>] (die+0x438/0x480)
[    5.258611] [<c030b3c8>] (die) from [<c031c49c>] (__do_kernel_fault.part.0+0x54/0x1e4)
[    5.266520] [<c031c49c>] (__do_kernel_fault.part.0) from [<c03175a4>] (do_page_fault+0x2a8/0x360)
[    5.275380] [<c03175a4>] (do_page_fault) from [<c0301284>] (do_DataAbort+0x34/0xb8)
[    5.283026] [<c0301284>] (do_DataAbort) from [<c030ba60>] (__dabt_svc+0x40/0x60)
[    5.290406] Exception stack(0xee09ba20 to 0xee09ba68)
[    5.295451] ba20: 00000000 00120160 00120160 00120160 00000000 00120160 00120160 00120160
[    5.303616] ba40: eef8b050 00000000 00120160 00120160 ee6bce98 ee09ba70 c0760444 c0678000
[    5.311778] ba60: 08000113 ffffffff
[    5.315266] [<c030ba60>] (__dabt_svc) from [<c0678000>] (regulator_set_voltage+0x10/0x54)
[    5.323438] [<c0678000>] (regulator_set_voltage) from [<c0760444>] (_set_opp_voltage+0x34/0x90)
[    5.332127] [<c0760444>] (_set_opp_voltage) from [<c0760ee0>] (dev_pm_opp_set_rate+0x128/0x288)
[    5.340816] [<c0760ee0>] (dev_pm_opp_set_rate) from [<c09512b0>] (__cpufreq_driver_target+0x178/0x298)
[    5.350111] [<c09512b0>] (__cpufreq_driver_target) from [<c0955154>] (dbs_check_cpu+0x1a0/0x1ec)
[    5.358886] [<c0955154>] (dbs_check_cpu) from [<c09557d4>] (cpufreq_governor_dbs+0x304/0x5bc)
[    5.367399] [<c09557d4>] (cpufreq_governor_dbs) from [<c09520b4>] (__cpufreq_governor+0x20c/0x24c)
[    5.376347] [<c09520b4>] (__cpufreq_governor) from [<c0952784>] (cpufreq_init_policy+0x60/0x8c)
[    5.385033] [<c0952784>] (cpufreq_init_policy) from [<c0952a7c>] (cpufreq_online+0x2cc/0x6d8)
[    5.393549] [<c0952a7c>] (cpufreq_online) from [<c0751258>] (subsys_interface_register+0x80/0xc4)
[    5.402413] [<c0751258>] (subsys_interface_register) from [<c0951b9c>] (cpufreq_register_driver+0x144/0x1a0)
[    5.412225] [<c0951b9c>] (cpufreq_register_driver) from [<c0955f48>] (dt_cpufreq_probe+0x64/0xe8)
[    5.421084] [<c0955f48>] (dt_cpufreq_probe) from [<c075394c>] (platform_drv_probe+0x50/0xb0)
[    5.429512] [<c075394c>] (platform_drv_probe) from [<c07522bc>] (driver_probe_device+0x1f4/0x2b0)
[    5.438374] [<c07522bc>] (driver_probe_device) from [<c0750834>] (bus_for_each_drv+0x44/0x8c)
[    5.446890] [<c0750834>] (bus_for_each_drv) from [<c0752040>] (__device_attach+0x9c/0x100)
[    5.455145] [<c0752040>] (__device_attach) from [<c07516cc>] (bus_probe_device+0x84/0x8c)
[    5.463313] [<c07516cc>] (bus_probe_device) from [<c074fbcc>] (device_add+0x33c/0x524)
[    5.471220] [<c074fbcc>] (device_add) from [<c0753ae0>] (platform_device_add+0xa8/0x208)
[    5.479299] [<c0753ae0>] (platform_device_add) from [<c07542b0>] (platform_device_register_full+0xe0/0x104)
[    5.489024] [<c07542b0>] (platform_device_register_full) from [<c0957510>] (tegra124_cpufreq_probe+0x1ec/0x240)
[    5.499096] [<c0957510>] (tegra124_cpufreq_probe) from [<c075394c>] (platform_drv_probe+0x50/0xb0)
[    5.508042] [<c075394c>] (platform_drv_probe) from [<c07522bc>] (driver_probe_device+0x1f4/0x2b0)
[    5.516905] [<c07522bc>] (driver_probe_device) from [<c0750834>] (bus_for_each_drv+0x44/0x8c)
[    5.525419] [<c0750834>] (bus_for_each_drv) from [<c0752040>] (__device_attach+0x9c/0x100)
[    5.533673] [<c0752040>] (__device_attach) from [<c07516cc>] (bus_probe_device+0x84/0x8c)
[    5.541842] [<c07516cc>] (bus_probe_device) from [<c0751b00>] (deferred_probe_work_func+0x60/0x8c)
[    5.550791] [<c0751b00>] (deferred_probe_work_func) from [<c0355cfc>] (process_one_work+0x134/0x338)
[    5.559910] [<c0355cfc>] (process_one_work) from [<c0355f64>] (worker_thread+0x2c/0x4f0)
[    5.567990] [<c0355f64>] (worker_thread) from [<c035b0f0>] (kthread+0xd8/0xf4)
[    5.575206] [<c035b0f0>] (kthread) from [<c0307e78>] (ret_from_fork+0x14/0x3c)
[    5.582417] Code: c035ad64 c0ebb0a0 c141d4d4 e59032f8 (e5130014) 
[    5.588501] ---[ end trace d7eaa6db6ff9ec3c ]---
[    5.593109] Fixing recursive fault but reboot is needed!
