
U-Boot SPL 2015.04-rc3-00209-ga74ef40 (Mar 16 2015 - 14:43:39)


U-Boot 2015.04-rc3-00209-ga74ef40 (Mar 16 2015 - 14:43:39)

TEGRA20
Model: Compulab TrimSlice board
DRAM:  1 GiB
MMC:   Tegra SD/MMC: 0, Tegra SD/MMC: 1
SF: Detected W25Q80BL with page size 256 Bytes, erase size 4 KiB, total 1 MiB
tegra-pcie: PCI regions:
tegra-pcie:   I/O: 0x82000000-0x82010000
tegra-pcie:   non-prefetchable memory: 0xa0000000-0xa8000000
tegra-pcie:   prefetchable memory: 0xa8000000-0xc0000000
tegra-pcie: dual-mode configuration
tegra-pcie: probing port 0, using 2 lanes
In:    serial
Out:   serial
Err:   serial
Net:   RTL8169#0
Hit any key to stop autoboot:  2  0 
Tegra20 (TrimSlice) # 
Tegra20 (TrimSlice) # usb reset
resetting USB...
USB0:   USB EHCI 1.00
scanning bus 0 for devices... 3 USB Device(s) found
USB1:   USB EHCI 1.00
scanning bus 1 for devices... 1 USB Device(s) found
USB2:   lowlevel init failed
       scanning usb for storage devices... 0 Storage Device(s) found
       scanning usb for ethernet devices... 
Warning: asx0 using MAC address from net device
1 Ethernet Device(s) found
Tegra20 (TrimSlice) # setenv bootargs 'ignore_loglevel console=ttyS0,115200n8 rw root=PARTUUID=11eb23c1-01 rootwait gpt debug noinitrd earlyprintk init=/bin/bash'
Tegra20 (TrimSlice) # setenv ipaddr 192.168.100.103; setenv serverip 192.168.100.1; setenv tftpserverip 192.168.100.1
Tegra20 (TrimSlice) # tftpboot 0x00408000 zImage.multi_v7_defconfig
Using RTL8169#0 device
TFTP from server 192.168.100.1; our IP address is 192.168.100.103
Filename 'zImage.multi_v7_defconfig'.
Load address: 0x408000
Loading: *#################################################################
	 #################################################################
	 #################################################################
	 #################################################################
	 #################################################################
	 #################################################################
	 #################################################################
	 #################################################################
	 #######################################
	 4 MiB/s
done
Bytes transferred = 8204808 (7d3208 hex)
Tegra20 (TrimSlice) # tftpboot 0x02408000 tegra20-trimslice.dtb
Using RTL8169#0 device
TFTP from server 192.168.100.1; our IP address is 192.168.100.103
Filename 'tegra20-trimslice.dtb'.
Load address: 0x2408000
Loading: *##
	 2.9 MiB/s
done
Bytes transferred = 21454 (53ce hex)
Tegra20 (TrimSlice) # bootz 0x00408000 - 0x02408000
Kernel image @ 0x408000 [ 0x000000 - 0x7d3200 ]
## Flattened Device Tree blob at 02408000
   Booting using the fdt blob at 0x2408000
   Using Device Tree in place at 02408000, end 024103cd

Starting kernel ...

[    0.000000] Booting Linux on physical CPU 0x0
[    0.000000] Linux version 4.14.0-rc4-next-20171013-206181-g3fd49c0 (jonathanh@sellafield) (gcc version 4.7.3 20130328 (prerelease) (crosstool-NG linaro-1.13.1-4.7-2013.04-20130415 - Linaro GCC 2013.04)) #1 SMP Fri Oct 13 14:17:54 PDT 2017
[    0.000000] CPU: ARMv7 Processor [411fc090] revision 0 (ARMv7), cr=10c5387d
[    0.000000] CPU: PIPT / VIPT nonaliasing data cache, VIPT aliasing instruction cache
[    0.000000] OF: fdt: Machine model: Compulab TrimSlice board
[    0.000000] debug: ignoring loglevel setting.
[    0.000000] Memory policy: Data cache writealloc
[    0.000000] efi: Getting EFI parameters from FDT:
[    0.000000] efi: UEFI not found.
[    0.000000] cma: Reserved 64 MiB at 0x3c000000
[    0.000000] On node 0 totalpages: 262144
[    0.000000] free_area_init_node: node 0, pgdat c1684f00, node_mem_map ef7f8000
[    0.000000]   DMA zone: 1536 pages used for memmap
[    0.000000]   DMA zone: 0 pages reserved
[    0.000000]   DMA zone: 196608 pages, LIFO batch:31
[    0.000000]   HighMem zone: 65536 pages, LIFO batch:15
[    0.000000] random: fast init done
[    0.000000] percpu: Embedded 17 pages/cpu @ef7c5000 s39744 r8192 d21696 u69632
[    0.000000] pcpu-alloc: s39744 r8192 d21696 u69632 alloc=17*4096
[    0.000000] pcpu-alloc: [0] 0 [0] 1 
[    0.000000] Built 1 zonelists, mobility grouping on.  Total pages: 260608
[    0.000000] Kernel command line: ignore_loglevel console=ttyS0,115200n8 rw root=PARTUUID=11eb23c1-01 rootwait gpt debug noinitrd earlyprintk init=/bin/bash
[    0.000000] PID hash table entries: 4096 (order: 2, 16384 bytes)
[    0.000000] Dentry cache hash table entries: 131072 (order: 7, 524288 bytes)
[    0.000000] Inode-cache hash table entries: 65536 (order: 6, 262144 bytes)
[    0.000000] Memory: 953340K/1048576K available (11264K kernel code, 1619K rwdata, 4520K rodata, 2048K init, 403K bss, 29700K reserved, 65536K cma-reserved, 196608K highmem)
[    0.000000] Virtual kernel memory layout:
[    0.000000]     vector  : 0xffff0000 - 0xffff1000   (   4 kB)
[    0.000000]     fixmap  : 0xffc00000 - 0xfff00000   (3072 kB)
[    0.000000]     vmalloc : 0xf0800000 - 0xff800000   ( 240 MB)
[    0.000000]     lowmem  : 0xc0000000 - 0xf0000000   ( 768 MB)
[    0.000000]     pkmap   : 0xbfe00000 - 0xc0000000   (   2 MB)
[    0.000000]     modules : 0xbf000000 - 0xbfe00000   (  14 MB)
[    0.000000]       .text : 0xc0208000 - 0xc0e00000   (12256 kB)
[    0.000000]       .init : 0xc1300000 - 0xc1500000   (2048 kB)
[    0.000000]       .data : 0xc1500000 - 0xc1694f48   (1620 kB)
[    0.000000]        .bss : 0xc1694f48 - 0xc16f9dbc   ( 404 kB)
[    0.000000] SLUB: HWalign=64, Order=0-3, MinObjects=0, CPUs=2, Nodes=1
[    0.000000] Hierarchical RCU implementation.
[    0.000000] 	RCU event tracing is enabled.
[    0.000000] 	RCU restricting CPUs from NR_CPUS=16 to nr_cpu_ids=2.
[    0.000000] RCU: Adjusting geometry for rcu_fanout_leaf=16, nr_cpu_ids=2
[    0.000000] NR_IRQS: 16, nr_irqs: 16, preallocated irqs: 16
[    0.000000] /interrupt-controller@60004000: 128 interrupts forwarded to /interrupt-controller@50041000
[    0.000000] L2C: platform modifies aux control register: 0x02080000 -> 0x3e480001
[    0.000000] L2C: DT/platform modifies aux control register: 0x02080000 -> 0x3e480001
[    0.000000] L2C-310 errata 727915 769419 enabled
[    0.000000] L2C-310 enabling early BRESP for Cortex-A9
[    0.000000] L2C-310: enabling full line of zeros but not enabled in Cortex-A9
[    0.000000] L2C-310 ID prefetch enabled, offset 1 lines
[    0.000000] L2C-310 cache controller enabled, 8 ways, 1024 kB
[    0.000000] L2C-310: CACHE_ID 0x410000c4, AUX_CTRL 0x7e480001
[    0.000009] sched_clock: 32 bits at 1000kHz, resolution 1000ns, wraps every 2147483647500ns
[    0.000026] clocksource: timer_us: mask: 0xffffffff max_cycles: 0xffffffff, max_idle_ns: 1911260446275 ns
[    0.000037] Switching to timer-based delay loop, resolution 1000ns
[    0.001620] Console: colour dummy device 80x30
[    0.001647] Calibrating delay loop (skipped), value calculated using timer frequency.. 2.00 BogoMIPS (lpj=10000)
[    0.001658] pid_max: default: 32768 minimum: 301
[    0.001759] Mount-cache hash table entries: 2048 (order: 1, 8192 bytes)
[    0.001770] Mountpoint-cache hash table entries: 2048 (order: 1, 8192 bytes)
[    0.002207] CPU: Testing write buffer coherency: ok
[    0.002422] CPU0: thread -1, cpu 0, socket 0, mpidr 80000000
[    0.002655] Setting up static identity map for 0x300000 - 0x3000a0
[    0.003297] Hierarchical SRCU implementation.
[    0.004134] Tegra Revision: A03 prime SKU: 8 CPU Process: 1 SoC Process: 2
[    0.004585] EFI services will not be available.
[    0.004676] smp: Bringing up secondary CPUs ...
[    0.005199] CPU1: thread -1, cpu 1, socket 0, mpidr 80000001
[    0.005282] smp: Brought up 1 node, 2 CPUs
[    0.005293] SMP: Total of 2 processors activated (4.00 BogoMIPS).
[    0.005299] CPU: All CPU(s) started in SVC mode.
[    0.005952] devtmpfs: initialized
[    0.009512] VFP support v0.3: implementor 41 architecture 3 part 30 variant 9 rev 1
[    0.009723] clocksource: jiffies: mask: 0xffffffff max_cycles: 0xffffffff, max_idle_ns: 19112604462750000 ns
[    0.009737] futex hash table entries: 512 (order: 3, 32768 bytes)
[    0.012768] pinctrl core: initialized pinctrl subsystem
[    0.013688] DMI not present or invalid.
[    0.013951] NET: Registered protocol family 16
[    0.016078] DMA: preallocated 256 KiB pool for atomic coherent allocations
[    0.017398] cpuidle: using governor menu
[    0.032933] No ATAGs?
[    0.033002] hw-breakpoint: found 5 (+1 reserved) breakpoint and 1 watchpoint registers.
[    0.033012] hw-breakpoint: maximum watchpoint size is 4 bytes.
[    0.037745] Serial: AMBA PL011 UART driver
[    0.048024] AT91: Could not find identification node
[    0.048526] usb1_vbus: Failed to request enable GPIO170: -517
[    0.048542] reg-fixed-voltage regulators:regulator@2: Failed to register regulator: -517
[    0.051967] vgaarb: loaded
[    0.052508] SCSI subsystem initialized
[    0.052644] libata version 3.00 loaded.
[    0.052806] usbcore: registered new interface driver usbfs
[    0.052842] usbcore: registered new interface driver hub
[    0.052881] usbcore: registered new device driver usb
[    0.054848] pps_core: LinuxPPS API ver. 1 registered
[    0.054856] pps_core: Software ver. 5.3.6 - Copyright 2005-2007 Rodolfo Giometti <giometti@linux.it>
[    0.054871] PTP clock support registered
[    0.055007] EDAC MC: Ver: 3.0.0
[    0.055253] dmi: Firmware registration failed.
[    0.056674] clocksource: Switched to clocksource timer_us
[    0.095085] NET: Registered protocol family 2
[    0.095513] TCP established hash table entries: 8192 (order: 3, 32768 bytes)
[    0.095583] TCP bind hash table entries: 8192 (order: 4, 65536 bytes)
[    0.095696] TCP: Hash tables configured (established 8192 bind 8192)
[    0.095814] UDP hash table entries: 512 (order: 2, 16384 bytes)
[    0.095865] UDP-Lite hash table entries: 512 (order: 2, 16384 bytes)
[    0.096020] NET: Registered protocol family 1
[    0.096339] RPC: Registered named UNIX socket transport module.
[    0.096347] RPC: Registered udp transport module.
[    0.096352] RPC: Registered tcp transport module.
[    0.096357] RPC: Registered tcp NFSv4.1 backchannel transport module.
[    0.096366] PCI: CLS 0 bytes, default 64
[    0.097257] hw perfevents: no interrupt-affinity property for /pmu, guessing.
[    0.097425] hw perfevents: enabled with armv7_cortex_a9 PMU driver, 7 counters available
[    0.098476] Initialise system trusted keyrings
[    0.098590] workingset: timestamp_bits=30 max_order=18 bucket_order=0
[    0.103467] squashfs: version 4.0 (2009/01/31) Phillip Lougher
[    0.103959] NFS: Registering the id_resolver key type
[    0.103980] Key type id_resolver registered
[    0.103985] Key type id_legacy registered
[    0.104016] ntfs: driver 2.1.32 [Flags: R/O].
[    0.105237] Key type asymmetric registered
[    0.105246] Asymmetric key parser 'x509' registered
[    0.105282] bounce: pool size: 64 pages
[    0.105325] Block layer SCSI generic (bsg) driver version 0.4 loaded (major 247)
[    0.105333] io scheduler noop registered
[    0.105338] io scheduler deadline registered
[    0.105514] io scheduler cfq registered (default)
[    0.105521] io scheduler mq-deadline registered
[    0.105527] io scheduler kyber registered
[    0.117333] tegra-pcie 80003000.pcie: dual-mode configuration
[    0.118038] tegra-pcie 80003000.pcie: probing port 0, using 2 lanes
[    0.200514] tegra-pcie 80003000.pcie: PCI host bridge to bus 0000:00
[    0.200526] pci_bus 0000:00: root bus resource [io  0x0000-0xffff]
[    0.200535] pci_bus 0000:00: root bus resource [mem 0xa0000000-0xa7ffffff]
[    0.200543] pci_bus 0000:00: root bus resource [mem 0xa8000000-0xbfffffff pref]
[    0.200551] pci_bus 0000:00: root bus resource [bus 00-ff]
[    0.200579] pci 0000:00:01.0: [10de:0bf0] type 01 class 0x060000
[    0.200598] pci_bus 0000:00: 2-byte config write to 0000:00:01.0 offset 0x4 may corrupt adjacent RW1C bits
[    0.200609] pci_bus 0000:00: 2-byte config write to 0000:00:01.0 offset 0x4 may corrupt adjacent RW1C bits
[    0.200627] pci 0000:00:01.0: enabling Extended Tags
[    0.200637] pci_bus 0000:00: 2-byte config write to 0000:00:01.0 offset 0x88 may corrupt adjacent RW1C bits
[    0.200663] pci_bus 0000:00: 2-byte config write to 0000:00:01.0 offset 0x52 may corrupt adjacent RW1C bits
[    0.200687] pci 0000:00:01.0: PME# supported from D0 D1 D2 D3hot D3cold
[    0.200697] pci_bus 0000:00: 2-byte config write to 0000:00:01.0 offset 0x4c may corrupt adjacent RW1C bits
[    0.200854] pci_bus 0000:00: 2-byte config write to 0000:00:01.0 offset 0x3e may corrupt adjacent RW1C bits
[    0.200865] pci_bus 0000:00: 2-byte config write to 0000:00:01.0 offset 0x4 may corrupt adjacent RW1C bits
[    0.200874] pci_bus 0000:00: 1-byte config write to 0000:00:01.0 offset 0xc may corrupt adjacent RW1C bits
[    0.200880] PCI: bus0: Fast back to back transfers disabled
[    0.200890] pci 0000:00:01.0: bridge configuration invalid ([bus 00-00]), reconfiguring
[    0.200899] pci_bus 0000:00: 2-byte config write to 0000:00:01.0 offset 0x3e may corrupt adjacent RW1C bits
[    0.200910] pci_bus 0000:00: 2-byte config write to 0000:00:01.0 offset 0x3e may corrupt adjacent RW1C bits
[    0.201016] pci 0000:01:00.0: [10ec:8168] type 00 class 0x020000
[    0.201050] pci 0000:01:00.0: reg 0x10: [io  0x0000-0x00ff]
[    0.201075] pci 0000:01:00.0: reg 0x18: [mem 0x00000000-0x00000fff 64bit pref]
[    0.201093] pci 0000:01:00.0: reg 0x20: [mem 0x00000000-0x00003fff 64bit pref]
[    0.201106] pci 0000:01:00.0: reg 0x30: [mem 0x00000000-0x0001ffff pref]
[    0.201181] pci 0000:01:00.0: supports D1 D2
[    0.201189] pci 0000:01:00.0: PME# supported from D0 D1 D2 D3hot D3cold
[    0.226724] PCI: bus1: Fast back to back transfers disabled
[    0.226738] pci_bus 0000:01: busn_res: [bus 01-ff] end is updated to 01
[    0.226766] pci 0000:00:01.0: BAR 8: assigned [mem 0xa0000000-0xa00fffff]
[    0.226777] pci 0000:00:01.0: BAR 9: assigned [mem 0xa8000000-0xa80fffff 64bit pref]
[    0.226786] pci 0000:00:01.0: BAR 7: assigned [io  0x1000-0x1fff]
[    0.226797] pci 0000:01:00.0: BAR 6: assigned [mem 0xa0000000-0xa001ffff pref]
[    0.226806] pci 0000:01:00.0: BAR 4: assigned [mem 0xa8000000-0xa8003fff 64bit pref]
[    0.226826] pci 0000:01:00.0: BAR 2: assigned [mem 0xa8004000-0xa8004fff 64bit pref]
[    0.226845] pci 0000:01:00.0: BAR 0: assigned [io  0x1000-0x10ff]
[    0.226856] pci 0000:00:01.0: PCI bridge to [bus 01]
[    0.226864] pci 0000:00:01.0:   bridge window [io  0x1000-0x1fff]
[    0.226872] pci 0000:00:01.0:   bridge window [mem 0xa0000000-0xa00fffff]
[    0.226880] pci 0000:00:01.0:   bridge window [mem 0xa8000000-0xa80fffff 64bit pref]
[    0.226902] pci 0000:00:01.0: nv_msi_ht_cap_quirk didn't locate host bridge
[    0.226953] Disabling cpuidle LP2 state, since PCIe IRQs are in use
[    0.226988] pcieport 0000:00:01.0: enabling device (0140 -> 0143)
[    0.227159] pcieport 0000:00:01.0: Signaling PME with IRQ 295
[    0.233158] tegra-apbdma 6000a000.dma: Tegra20 APB DMA driver register 16 channels
[    0.276792] Serial: 8250/16550 driver, 4 ports, IRQ sharing disabled
[    0.278950] console [ttyS0] disabled
[    0.278989] 70006000.serial: ttyS0 at MMIO 0x70006000 (irq = 279, base_baud = 13500000) is a Tegra
[    1.376683] console [ttyS0] enabled
[    1.380756] SuperH (H)SCI(F) driver initialized
[    1.386025] msm_serial: driver initialized
[    1.390262] STMicroelectronics ASC driver initialized
[    1.399548] tegra-hdmi 54280000.hdmi: 54280000.hdmi supply hdmi not found, using dummy regulator
[    1.410615] [drm] Supports vblank timestamp caching Rev 2 (21.10.2013).
[    1.417232] [drm] No driver support for vblank timestamp query.
[    1.423167] [drm] Cannot find any crtc or sizes
[    1.427716] [drm] Initialized tegra 0.0.0 20120330 for drm on minor 0
[    1.435695] [drm] Cannot find any crtc or sizes
[    1.445822] brd: module loaded
[    1.454031] loop: module loaded
[    1.463144] m25p80 spi0.0: found s25fl008k, expected w25q80bl
[    1.468977] m25p80 spi0.0: s25fl008k (1024 Kbytes)
[    1.475654] libphy: Fixed MDIO Bus: probed
[    1.480489] CAN device driver interface
[    1.484967] bgmac_bcma: Broadcom 47xx GBit MAC driver loaded
[    1.491634] e1000e: Intel(R) PRO/1000 Network Driver - 3.2.6-k
[    1.497466] e1000e: Copyright(c) 1999 - 2015 Intel Corporation.
[    1.503423] igb: Intel(R) Gigabit Ethernet Network Driver - version 5.4.0-k
[    1.510381] igb: Copyright (c) 2007-2014 Intel Corporation.
[    1.516492] r8169 Gigabit Ethernet driver 2.3LK-NAPI loaded
[    1.522088] r8169 0000:01:00.0: enabling device (0140 -> 0143)
[    1.528576] r8169 0000:01:00.0 eth0: RTL8168d/8111d at 0xf0a5c000, 00:01:c0:13:7d:63, XID 081000c0 IRQ 296
[    1.538232] r8169 0000:01:00.0 eth0: jumbo features [frames: 9200 bytes, tx checksumming: ko]
[    1.548934] pegasus: v0.9.3 (2013/04/25), Pegasus/Pegasus II USB Ethernet driver
[    1.556360] usbcore: registered new interface driver pegasus
[    1.562063] usbcore: registered new interface driver asix
[    1.567490] usbcore: registered new interface driver ax88179_178a
[    1.573589] usbcore: registered new interface driver cdc_ether
[    1.579455] usbcore: registered new interface driver smsc75xx
[    1.585216] usbcore: registered new interface driver smsc95xx
[    1.590989] usbcore: registered new interface driver net1080
[    1.596683] usbcore: registered new interface driver cdc_subset
[    1.602611] usbcore: registered new interface driver zaurus
[    1.608222] usbcore: registered new interface driver cdc_ncm
[    1.614137] tegra-phy c5004000.usb-phy: no vbus regulator
[    1.620651] tegra-phy c5008000.usb-phy: no vbus regulator
[    1.627413] ehci_hcd: USB 2.0 'Enhanced' Host Controller (EHCI) Driver
[    1.633925] ehci-pci: EHCI PCI platform driver
[    1.638403] ehci-platform: EHCI generic platform driver
[    1.643771] ehci-orion: EHCI orion driver
[    1.647903] SPEAr-ehci: EHCI SPEAr driver
[    1.651997] ehci-st: EHCI STMicroelectronics driver
[    1.656977] ehci-exynos: EHCI EXYNOS driver
[    1.661257] ehci-atmel: EHCI Atmel driver
[    1.665348] tegra-ehci: Tegra EHCI driver
[    1.727878] ulpi_phy_power_on: ulpi write failed
[    1.732486] tegra-ehci c5004000.usb: Failed to power on the phy
[    1.738425] tegra-ehci: probe of c5004000.usb failed with error -110
[    1.747402] tegra-ehci c5008000.usb: EHCI Host Controller
[    1.752804] tegra-ehci c5008000.usb: new USB bus registered, assigned bus number 1
[    1.760522] tegra-ehci c5008000.usb: irq 290, io mem 0xc5008000
[    1.786691] tegra-ehci c5008000.usb: USB 2.0 started, EHCI 1.00
[    1.793133] hub 1-0:1.0: USB hub found
[    1.796917] hub 1-0:1.0: 1 port detected
[    1.801141] ohci_hcd: USB 1.1 'Open' Host Controller (OHCI) Driver
[    1.807347] ohci-pci: OHCI PCI platform driver
[    1.811817] ohci-platform: OHCI generic platform driver
[    1.817210] SPEAr-ohci: OHCI SPEAr driver
[    1.821310] ohci-st: OHCI STMicroelectronics driver
[    1.826277] ohci-atmel: OHCI Atmel driver
[    1.830860] usbcore: registered new interface driver usb-storage
[    1.840022] rtc-em3027 2-0056: rtc core: registered rtc-em3027 as rtc0
[    1.847662] tegra_rtc 7000e000.rtc: rtc core: registered 7000e000.rtc as rtc1
[    1.854818] tegra_rtc 7000e000.rtc: Tegra internal Real Time Clock
[    1.861412] i2c /dev entries driver
[    1.874283] sdhci: Secure Digital Host Controller Interface driver
[    1.880480] sdhci: Copyright(c) Pierre Ossman
[    1.885990] Synopsys Designware Multimedia Card Interface Driver
[    1.893056] sdhci-pltfm: SDHCI platform and OF driver helper
[    1.906816] mmc0: Invalid maximum block size, assuming 512 bytes
[    1.966851] mmc0: SDHCI controller on c8000000.sdhci [c8000000.sdhci] using ADMA
[    1.974731] sdhci-tegra c8000600.sdhci: Got CD GPIO
[    1.979795] sdhci-tegra c8000600.sdhci: Got WP GPIO
[    1.993175] mmc1: Invalid maximum block size, assuming 512 bytes
[    2.057225] mmc1: SDHCI controller on c8000600.sdhci [c8000600.sdhci] using ADMA
[    2.068167] ledtrig-cpu: registered to indicate activity on CPUs
[    2.074431] usbcore: registered new interface driver usbhid
[    2.080012] usbhid: USB HID core driver
[    2.087103] NET: Registered protocol family 10
[    2.092398] Segment Routing with IPv6
[    2.096099] sit: IPv6, IPv4 and MPLS over IPv4 tunneling driver
[    2.102431] NET: Registered protocol family 17
[    2.106894] can: controller area network core (rev 20170425 abi 9)
[    2.113110] NET: Registered protocol family 29
[    2.117559] can: raw protocol (rev 20170425)
[    2.121816] can: broadcast manager protocol (rev 20170425 t)
[    2.127474] can: netlink gateway (rev 20170425) max_hops=1
[    2.133234] Key type dns_resolver registered
[    2.137875] ThumbEE CPU extension supported.
[    2.142137] Registering SWP/SWPB emulation handler
[    2.147349] Loading compiled-in X.509 certificates
[    2.161274] utmi_phy_clk_enable: timeout waiting for phy to stabilize
[    2.167753] tegra-ehci c5000000.usb: EHCI Host Controller
[    2.173155] tegra-ehci c5000000.usb: new USB bus registered, assigned bus number 2
[    2.176689] usb 1-1: new high-speed USB device number 2 using tegra-ehci
[    2.187733] tegra-ehci c5000000.usb: irq 288, io mem 0xc5000000
[    2.205775] mmc1: new high speed SD card at address b368
[    2.212151] mmcblk1: mmc1:b368 NCard 1.83 GiB (ro)
[    2.220393]  mmcblk1: p1 p2
[    2.346844] tegra-ehci c5000000.usb: USB 2.0 started, EHCI 1.00
[    2.355065] hub 2-0:1.0: USB hub found
[    2.359100] hub 2-0:1.0: 1 port detected
[    2.366276] input: gpio-keys as /devices/soc0/gpio-keys/input/input0
[    2.374175] rtc-em3027 2-0056: hctosys: unable to read the hardware clock
[   2.381419] hub 1-1:1.0: USB hub found
[    2.385661] hub 1-1:1.0: 4 ports detected
[    2.390732] Waiting for root device PARTUUID=11eb23c1-01...
[    2.706826] usb 1-1.2: new high-speed USB device number 3 using tegra-ehci
[    3.274627] mmc0: host does not support reading read-only switch, assuming write-enable
[    3.284575] mmc0: new high speed SDHC card at address b368
[    3.290390] mmcblk0: mmc0:b368 NCard 3.70 GiB 
[    3.297043]  mmcblk0: p1
[    3.329940] asix 1-1.2:1.0 eth1: register 'asix' at usb-c5008000.usb-1.2, ASIX AX88772 USB 2.0 Ethernet, 00:60:6e:60:6c:68
[    3.347655] EXT4-fs (mmcblk0p1): mounting ext3 file system using the ext4 subsystem
[    4.706262] EXT4-fs (mmcblk0p1): recovery complete
[    4.782748] EXT4-fs (mmcblk0p1): mounted filesystem with ordered data mode. Opts: (null)
[    4.791024] VFS: Mounted root (ext3 filesystem) on device 179:17.
[    4.805819] devtmpfs: mounted
[    4.812436] Freeing unused kernel memory: 2048K
bash: cannot set terminal process group (-1): Inappropriate ioctl for device
bash: no job control in this shell
root@(none):/#  
root@(none):/# 