Diff for ./qemu-vexpress64/__internal/defconfig_log.txt
--- /tmp/fooa	2015-11-02 20:23:50.740500812 -0800
+++ /tmp/foob	2015-11-02 20:23:50.744500809 -0800
@@ -1,6 +1,6 @@
 Booting Linux on physical CPU 0x0
 Initializing cgroup subsys cpu
-Linux version 4.3.0-rc7-next-20151102+ (pwalmsley@tamien) (gcc version 4.9.2 20140904 (prerelease) (crosstool-NG linaro-1.13.1-4.9-2014.09 - Linaro GCC 4.9-2014.09) ) #1 SMP PREEMPT Sun Nov 1 21:19:12 PST 2015
+Linux version 4.3.0-next-20151103+ (pwalmsley@tamien) (gcc version 4.9.2 20140904 (prerelease) (crosstool-NG linaro-1.13.1-4.9-2014.09 - Linaro GCC 4.9-2014.09) ) #1 SMP PREEMPT Mon Nov 2 20:19:08 PST 2015
 Boot CPU: AArch64 Processor [411fd070]
 Memory limited to 1024MB
 efi: Getting EFI parameters from FDT:
@@ -88,7 +88,7 @@
 kvm [1]: HYP mode not available
 futex hash table entries: 256 (order: 3, 32768 bytes)
 audit: initializing netlink subsys (disabled)
-audit: type=2000 audit(0.548:1): initialized
+audit: type=2000 audit(0.536:1): initialized
 HugeTLB registered 2 MB page size, pre-allocated 0 pages
 VFS: Disk quotas dquot_6.6.0
 VFS: Dquot-cache hash table entries: 512 (order 0, 4096 bytes)
Diff for ./tegra114-dalmore-a04/tegra114-dalmore/multi_v7_defconfig_log.txt
--- /tmp/fooa	2015-11-02 20:23:50.748500805 -0800
+++ /tmp/foob	2015-11-02 20:23:50.752500800 -0800
@@ -38,20 +38,20 @@
 	 #################################################################
 	 #################################################################
 	 #########################################################
-	 3.4 MiB/s
+	 3.3 MiB/s
 done
-Bytes transferred = 6551416 (63f778 hex)
+Bytes transferred = 6551624 (63f848 hex)
 Tegra114 (Dalmore) # tftpboot 0x82000000 tegra114-dalmore.dtb
 Using asx0 device
 TFTP from server 192.168.100.1; our IP address is 192.168.100.100
 Filename 'tegra114-dalmore.dtb'.
 Load address: 0x82000000
 Loading: *###
-	 3 MiB/s
+	 2.8 MiB/s
 done
 Bytes transferred = 34894 (884e hex)
 Tegra114 (Dalmore) # bootz 0x81000000 - 0x82000000
-Kernel image @ 0x81000000 [ 0x000000 - 0x63f778 ]
+Kernel image @ 0x81000000 [ 0x000000 - 0x63f848 ]
 ## Flattened Device Tree blob at 82000000
    Booting using the fdt blob at 0x82000000
    Loading Device Tree to 8fff4000, end 8ffff84d ... OK
@@ -59,7 +59,7 @@
 Starting kernel ...
 
 Booting Linux on physical CPU 0x0
-Linux version 4.3.0-rc7-next-20151102-53617-g10822ed (pwalmsley@sellafield) (gcc version 4.7.3 20130328 (prerelease) (crosstool-NG linaro-1.13.1-4.7-2013.04-20130415 - Linaro GCC 2013.04) ) #1 SMP Sun Nov 1 21:17:43 PST 2015
+Linux version 4.3.0-next-20151103-53646-g3aa8307 (pwalmsley@sellafield) (gcc version 4.7.3 20130328 (prerelease) (crosstool-NG linaro-1.13.1-4.7-2013.04-20130415 - Linaro GCC 2013.04) ) #1 SMP Mon Nov 2 20:17:46 PST 2015
 CPU: ARMv7 Processor [412fc0f2] revision 2 (ARMv7), cr=10c5387d
 CPU: PIPT / VIPT nonaliasing data cache, PIPT instruction cache
 Machine model: NVIDIA Tegra114 Dalmore evaluation board
@@ -88,7 +88,7 @@
     lowmem  : 0xc0000000 - 0xf0000000   ( 768 MB)
     pkmap   : 0xbfe00000 - 0xc0000000   (   2 MB)
     modules : 0xbf000000 - 0xbfe00000   (  14 MB)
-      .text : 0xc0208000 - 0xc0dc2e78   (12012 kB)
+      .text : 0xc0208000 - 0xc0dc2e58   (12012 kB)
       .init : 0xc0dc3000 - 0xc0eca000   (1052 kB)
       .data : 0xc0eca000 - 0xc0fce020   (1041 kB)
        .bss : 0xc0fd1000 - 0xc1026468   ( 342 kB)
@@ -298,7 +298,7 @@
 hub 1-0:1.0: USB hub found
 hub 1-0:1.0: 1 port detected
 input: gpio-keys as /devices/soc0/gpio-keys/input/input0
-palmas-rtc 7000d000.i2c:tps65913@58:rtc: setting system clock to 2000-05-14 14:14:57 UTC (958313697)
+palmas-rtc 7000d000.i2c:tps65913@58:rtc: setting system clock to 2000-05-15 13:15:06 UTC (958396506)
 dvdd_ts: disabling
 usb1_vbus: disabling
 vdd_cam_1v8_reg: disabling
@@ -310,4 +310,4 @@
 Freeing unused kernel memory: 1052K (c0dc3000 - c0eca000)
 bash: cannot set terminal process group (-1): Inappropriate ioctl for device
 bash: no job control in this shell
-root@(none):/# [    2.248956] usb 1-1: new high-speed USB device number 2 using tegra-ehci
+root@(none):/# [    2.253947] usb 1-1: new high-speed USB device number 2 using tegra-ehci
Diff for ./tegra114-dalmore-a04/tegra114-dalmore/tegra_defconfig_log.txt
--- /tmp/fooa	2015-11-02 20:23:50.756500796 -0800
+++ /tmp/foob	2015-11-02 20:23:50.760500794 -0800
@@ -37,9 +37,9 @@
 	 #################################################################
 	 #################################################################
 	 ##############################
-	 3.3 MiB/s
+	 3.2 MiB/s
 done
-Bytes transferred = 5211320 (4f84b8 hex)
+Bytes transferred = 5210568 (4f81c8 hex)
 Tegra114 (Dalmore) # tftpboot 0x82000000 tegra114-dalmore.dtb
 Using asx0 device
 TFTP from server 192.168.100.1; our IP address is 192.168.100.100
@@ -50,7 +50,7 @@
 done
 Bytes transferred = 34894 (884e hex)
 Tegra114 (Dalmore) # bootz 0x81000000 - 0x82000000
-Kernel image @ 0x81000000 [ 0x000000 - 0x4f84b8 ]
+Kernel image @ 0x81000000 [ 0x000000 - 0x4f81c8 ]
 ## Flattened Device Tree blob at 82000000
    Booting using the fdt blob at 0x82000000
    Loading Device Tree to 8fff4000, end 8ffff84d ... OK
@@ -61,7 +61,7 @@
 Booting Linux on physical CPU 0x0
 Initializing cgroup subsys cpu
 Initializing cgroup subsys cpuacct
-Linux version 4.3.0-rc7-next-20151102-53617-g10822ed (pwalmsley@kaivo) (gcc version 4.7.3 20130328 (prerelease) (crosstool-NG linaro-1.13.1-4.7-2013.04-20130415 - Linaro GCC 2013.04) ) #1 SMP PREEMPT Sun Nov 1 21:18:01 PST 2015
+Linux version 4.3.0-next-20151103-53646-g3aa8307 (pwalmsley@kaivo) (gcc version 4.7.3 20130328 (prerelease) (crosstool-NG linaro-1.13.1-4.7-2013.04-20130415 - Linaro GCC 2013.04) ) #1 SMP PREEMPT Mon Nov 2 20:18:04 PST 2015
 CPU: ARMv7 Processor [412fc0f2] revision 2 (ARMv7), cr=10c5387d
 CPU: PIPT / VIPT nonaliasing data cache, PIPT instruction cache
 Machine model: NVIDIA Tegra114 Dalmore evaluation board
@@ -69,7 +69,7 @@
 cma: Reserved 64 MiB at 0xfbc00000
 Memory policy: Data cache writealloc
 On node 0 totalpages: 524032
-free_area_init_node: node 0, pgdat c0a165c0, node_mem_map eeff7000
+free_area_init_node: node 0, pgdat c0a145c0, node_mem_map eeff7000
   Normal zone: 1536 pages used for memmap
   Normal zone: 0 pages reserved
   Normal zone: 196608 pages, LIFO batch:31
@@ -82,7 +82,7 @@
 PID hash table entries: 4096 (order: 2, 16384 bytes)
 Dentry cache hash table entries: 131072 (order: 7, 524288 bytes)
 Inode-cache hash table entries: 65536 (order: 6, 262144 bytes)
-Memory: 2002320K/2096128K available (7155K kernel code, 352K rwdata, 2452K rodata, 340K init, 364K bss, 28272K reserved, 65536K cma-reserved, 1244160K highmem)
+Memory: 2002328K/2096128K available (7151K kernel code, 352K rwdata, 2452K rodata, 336K init, 364K bss, 28264K reserved, 65536K cma-reserved, 1244160K highmem)
 Virtual kernel memory layout:
     vector  : 0xffff0000 - 0xffff1000   (   4 kB)
     fixmap  : 0xffc00000 - 0xfff00000   (3072 kB)
@@ -90,10 +90,10 @@
     lowmem  : 0xc0000000 - 0xf0000000   ( 768 MB)
     pkmap   : 0xbfe00000 - 0xc0000000   (   2 MB)
     modules : 0xbf000000 - 0xbfe00000   (  14 MB)
-      .text : 0xc0008000 - 0xc096a178   (9609 kB)
-      .init : 0xc096b000 - 0xc09c0000   ( 340 kB)
-      .data : 0xc09c0000 - 0xc0a180e0   ( 353 kB)
-       .bss : 0xc0a1b000 - 0xc0a76190   ( 365 kB)
+      .text : 0xc0008000 - 0xc096915c   (9605 kB)
+      .init : 0xc096a000 - 0xc09be000   ( 336 kB)
+      .data : 0xc09be000 - 0xc0a160e0   ( 353 kB)
+       .bss : 0xc0a19000 - 0xc0a74190   ( 365 kB)
 Preemptible hierarchical RCU implementation.
 	Build-time adjustment of leaf fanout to 32.
 NR_IRQS:16 nr_irqs:16 16
@@ -297,7 +297,7 @@
 hub 1-0:1.0: USB hub found
 hub 1-0:1.0: 1 port detected
 input: gpio-keys as /devices/soc0/gpio-keys/input/input1
-palmas-rtc 7000d000.i2c:tps65913@58:rtc: setting system clock to 2000-05-14 14:15:32 UTC (958313732)
+palmas-rtc 7000d000.i2c:tps65913@58:rtc: setting system clock to 2000-05-15 13:15:34 UTC (958396534)
 dvdd_ts: disabling
 usb1_vbus: disabling
 vdd_cam_1v8_reg: disabling
@@ -308,7 +308,7 @@
 EXT4-fs (mmcblk0p1): mounted filesystem with ordered data mode. Opts: (null)
 VFS: Mounted root (ext3 filesystem) on device 179:1.
 devtmpfs: mounted
-Freeing unused kernel memory: 340K (c096b000 - c09c0000)
+Freeing unused kernel memory: 336K (c096a000 - c09be000)
 bash: cannot set terminal process group (-1): Inappropriate ioctl for device
 bash: no job control in this shell
-root@(none):/# [    2.910175] usb 1-1: new high-speed USB device number 2 using tegra-ehci
+root@(none):/# [    2.890241] usb 1-1: new high-speed USB device number 2 using tegra-ehci
Diff for ./tegra124-jetson-tk1/tegra124-jetson-tk1/multi_v7_defconfig_log.txt
--- /tmp/fooa	2015-11-02 20:23:50.764500791 -0800
+++ /tmp/foob	2015-11-02 20:23:50.768500787 -0800
@@ -42,7 +42,7 @@
 	 #########################################################
 	 3.2 MiB/s
 done
-Bytes transferred = 6551416 (63f778 hex)
+Bytes transferred = 6551624 (63f848 hex)
 Tegra124 (Jetson TK1) # tftpboot 0x82000000 tegra124-jetson-tk1.dtb
 Using asx0 device
 TFTP from server 192.168.100.1; our IP address is 192.168.100.102
@@ -53,7 +53,7 @@
 done
 Bytes transferred = 64138 (fa8a hex)
 Tegra124 (Jetson TK1) # bootz 0x81000000 - 0x82000000
-Kernel image @ 0x81000000 [ 0x000000 - 0x63f778 ]
+Kernel image @ 0x81000000 [ 0x000000 - 0x63f848 ]
 ## Flattened Device Tree blob at 82000000
    Booting using the fdt blob at 0x82000000
    Using Device Tree in place at 82000000, end 82012a89
@@ -61,7 +61,7 @@
 Starting kernel ...
 
 Booting Linux on physical CPU 0x0
-Linux version 4.3.0-rc7-next-20151102-53617-g10822ed (pwalmsley@sellafield) (gcc version 4.7.3 20130328 (prerelease) (crosstool-NG linaro-1.13.1-4.7-2013.04-20130415 - Linaro GCC 2013.04) ) #1 SMP Sun Nov 1 21:17:43 PST 2015
+Linux version 4.3.0-next-20151103-53646-g3aa8307 (pwalmsley@sellafield) (gcc version 4.7.3 20130328 (prerelease) (crosstool-NG linaro-1.13.1-4.7-2013.04-20130415 - Linaro GCC 2013.04) ) #1 SMP Mon Nov 2 20:17:46 PST 2015
 CPU: ARMv7 Processor [413fc0f3] revision 3 (ARMv7), cr=10c5387d
 CPU: PIPT / VIPT nonaliasing data cache, PIPT instruction cache
 Machine model: NVIDIA Tegra124 Jetson TK1
@@ -90,7 +90,7 @@
     lowmem  : 0xc0000000 - 0xf0000000   ( 768 MB)
     pkmap   : 0xbfe00000 - 0xc0000000   (   2 MB)
     modules : 0xbf000000 - 0xbfe00000   (  14 MB)
-      .text : 0xc0208000 - 0xc0dc2e78   (12012 kB)
+      .text : 0xc0208000 - 0xc0dc2e58   (12012 kB)
       .init : 0xc0dc3000 - 0xc0eca000   (1052 kB)
       .data : 0xc0eca000 - 0xc0fce020   (1041 kB)
        .bss : 0xc0fd1000 - 0xc1026468   ( 342 kB)
@@ -289,13 +289,13 @@
 +1.35V_LP0(sd2): supplied by +5V_SYS
 mmc0: MAN_BKOPS_EN bit is not set
 mmc0: new high speed MMC card at address 0001
++1.05V_RUN_AVDD: supplied by +1.35V_LP0(sd2)
 mmcblk0: mmc0:0001 SEM16G 14.6 GiB 
 mmcblk0boot0: mmc0:0001 SEM16G partition 1 4.00 MiB
 mmcblk0boot1: mmc0:0001 SEM16G partition 2 4.00 MiB
 mmcblk0rpmb: mmc0:0001 SEM16G partition 3 4.00 MiB
 Primary GPT is invalid, using alternate GPT.
  mmcblk0: p1 p2 p3 p4 p5 p6 p7 p8 p9
-+1.05V_RUN_AVDD: supplied by +1.35V_LP0(sd2)
 tegra-pcie 1003000.pcie-controller: probing port 0, using 2 lanes
 tegra-pcie 1003000.pcie-controller: Slot present pin change, signature: 00000008
 tegra-pcie 1003000.pcie-controller: link 0 down, retrying
Diff for ./tegra124-jetson-tk1/tegra124-jetson-tk1/tegra_defconfig_log.txt
--- /tmp/fooa	2015-11-02 20:23:50.772500783 -0800
+++ /tmp/foob	2015-11-02 20:23:50.772500783 -0800
@@ -39,20 +39,20 @@
 	 #################################################################
 	 #################################################################
 	 ##############################
-	 3.2 MiB/s
+	 3.1 MiB/s
 done
-Bytes transferred = 5211320 (4f84b8 hex)
+Bytes transferred = 5210568 (4f81c8 hex)
 Tegra124 (Jetson TK1) # tftpboot 0x82000000 tegra124-jetson-tk1.dtb
 Using asx0 device
 TFTP from server 192.168.100.1; our IP address is 192.168.100.102
 Filename 'tegra124-jetson-tk1.dtb'.
 Load address: 0x82000000
 Loading: *#####
-	 2.8 MiB/s
+	 2.9 MiB/s
 done
 Bytes transferred = 64138 (fa8a hex)
 Tegra124 (Jetson TK1) # bootz 0x81000000 - 0x82000000
-Kernel image @ 0x81000000 [ 0x000000 - 0x4f84b8 ]
+Kernel image @ 0x81000000 [ 0x000000 - 0x4f81c8 ]
 ## Flattened Device Tree blob at 82000000
    Booting using the fdt blob at 0x82000000
    Using Device Tree in place at 82000000, end 82012a89
@@ -63,7 +63,7 @@
 Booting Linux on physical CPU 0x0
 Initializing cgroup subsys cpu
 Initializing cgroup subsys cpuacct
-Linux version 4.3.0-rc7-next-20151102-53617-g10822ed (pwalmsley@kaivo) (gcc version 4.7.3 20130328 (prerelease) (crosstool-NG linaro-1.13.1-4.7-2013.04-20130415 - Linaro GCC 2013.04) ) #1 SMP PREEMPT Sun Nov 1 21:18:01 PST 2015
+Linux version 4.3.0-next-20151103-53646-g3aa8307 (pwalmsley@kaivo) (gcc version 4.7.3 20130328 (prerelease) (crosstool-NG linaro-1.13.1-4.7-2013.04-20130415 - Linaro GCC 2013.04) ) #1 SMP PREEMPT Mon Nov 2 20:18:04 PST 2015
 CPU: ARMv7 Processor [413fc0f3] revision 3 (ARMv7), cr=10c5387d
 CPU: PIPT / VIPT nonaliasing data cache, PIPT instruction cache
 Machine model: NVIDIA Tegra124 Jetson TK1
@@ -71,7 +71,7 @@
 cma: Reserved 64 MiB at 0xfbc00000
 Memory policy: Data cache writealloc
 On node 0 totalpages: 524032
-free_area_init_node: node 0, pgdat c0a165c0, node_mem_map eeff7000
+free_area_init_node: node 0, pgdat c0a145c0, node_mem_map eeff7000
   Normal zone: 1536 pages used for memmap
   Normal zone: 0 pages reserved
   Normal zone: 196608 pages, LIFO batch:31
@@ -84,7 +84,7 @@
 PID hash table entries: 4096 (order: 2, 16384 bytes)
 Dentry cache hash table entries: 131072 (order: 7, 524288 bytes)
 Inode-cache hash table entries: 65536 (order: 6, 262144 bytes)
-Memory: 2002212K/2096128K available (7155K kernel code, 352K rwdata, 2452K rodata, 340K init, 364K bss, 28380K reserved, 65536K cma-reserved, 1244160K highmem)
+Memory: 2002220K/2096128K available (7151K kernel code, 352K rwdata, 2452K rodata, 336K init, 364K bss, 28372K reserved, 65536K cma-reserved, 1244160K highmem)
 Virtual kernel memory layout:
     vector  : 0xffff0000 - 0xffff1000   (   4 kB)
     fixmap  : 0xffc00000 - 0xfff00000   (3072 kB)
@@ -92,10 +92,10 @@
     lowmem  : 0xc0000000 - 0xf0000000   ( 768 MB)
     pkmap   : 0xbfe00000 - 0xc0000000   (   2 MB)
     modules : 0xbf000000 - 0xbfe00000   (  14 MB)
-      .text : 0xc0008000 - 0xc096a178   (9609 kB)
-      .init : 0xc096b000 - 0xc09c0000   ( 340 kB)
-      .data : 0xc09c0000 - 0xc0a180e0   ( 353 kB)
-       .bss : 0xc0a1b000 - 0xc0a76190   ( 365 kB)
+      .text : 0xc0008000 - 0xc096915c   (9605 kB)
+      .init : 0xc096a000 - 0xc09be000   ( 336 kB)
+      .data : 0xc09be000 - 0xc0a160e0   ( 353 kB)
+       .bss : 0xc0a19000 - 0xc0a74190   ( 365 kB)
 Preemptible hierarchical RCU implementation.
 	Build-time adjustment of leaf fanout to 32.
 NR_IRQS:16 nr_irqs:16 16
@@ -350,7 +350,7 @@
 mmc1: Invalid maximum block size, assuming 512 bytes
 mmc1: SDHCI controller on 700b0400.sdhci [700b0400.sdhci] using ADMA 64-bit
 input: gpio-keys as /devices/soc0/gpio-keys/input/input2
-as3722-rtc as3722-rtc: setting system clock to 2000-01-01 00:00:54 UTC (946684854)
+as3722-rtc as3722-rtc: setting system clock to 2000-01-01 00:00:52 UTC (946684852)
 +1.8V_RUN_CAM: disabling
 +2.8V_RUN_CAM: disabling
 +1.2V_RUN_CAM_FRONT: disabling
@@ -364,12 +364,12 @@
   #1: NVIDIA Tegra Jetson TK1
 ata1: SATA link down (SStatus 0 SControl 300)
 EXT4-fs (mmcblk0p1): couldn't mount as ext3 due to feature incompatibilities
-usb 2-1: new high-speed USB device number 2 using tegra-ehci
 EXT4-fs (mmcblk0p1): recovery complete
 EXT4-fs (mmcblk0p1): mounted filesystem with ordered data mode. Opts: (null)
+usb 2-1: new high-speed USB device number 2 using tegra-ehci
 VFS: Mounted root (ext4 filesystem) on device 179:1.
 devtmpfs: mounted
-Freeing unused kernel memory: 340K (c096b000 - c09c0000)
+Freeing unused kernel memory: 336K (c096a000 - c09be000)
 bash: cannot set terminal process group (-1): Inappropriate ioctl for device
 bash: no job control in this shell
-root@(none):/# [    6.876130] asix 2-1:1.0 eth0: register 'asix' at usb-7d008000.usb-1, ASIX AX88772 USB 2.0 Ethernet, 00:50:b6:11:31:3b
+root@(none):/# [    6.883359] asix 2-1:1.0 eth0: register 'asix' at usb-7d008000.usb-1, ASIX AX88772 USB 2.0 Ethernet, 00:50:b6:11:31:3b
Diff for ./tegra20-trimslice/tegra20-trimslice/multi_v7_defconfig_log.txt
--- /tmp/fooa	2015-11-02 20:23:50.780500774 -0800
+++ /tmp/foob	2015-11-02 20:23:50.780500774 -0800
@@ -48,18 +48,18 @@
 	 #########################################################
 	 4.1 MiB/s
 done
-Bytes transferred = 6551416 (63f778 hex)
+Bytes transferred = 6551624 (63f848 hex)
 Tegra20 (TrimSlice) # tftpboot 0x02408000 tegra20-trimslice.dtb
 Using RTL8169#0 device
 TFTP from server 192.168.100.1; our IP address is 192.168.100.103
 Filename 'tegra20-trimslice.dtb'.
 Load address: 0x2408000
 Loading: *##
-	 4 MiB/s
+	 3.4 MiB/s
 done
 Bytes transferred = 21130 (528a hex)
 Tegra20 (TrimSlice) # bootz 0x00408000 - 0x02408000
-Kernel image @ 0x408000 [ 0x000000 - 0x63f778 ]
+Kernel image @ 0x408000 [ 0x000000 - 0x63f848 ]
 ## Flattened Device Tree blob at 02408000
    Booting using the fdt blob at 0x2408000
    Using Device Tree in place at 02408000, end 02410289
@@ -67,7 +67,7 @@
 Starting kernel ...
 
 Booting Linux on physical CPU 0x0
-Linux version 4.3.0-rc7-next-20151102-53617-g10822ed (pwalmsley@sellafield) (gcc version 4.7.3 20130328 (prerelease) (crosstool-NG linaro-1.13.1-4.7-2013.04-20130415 - Linaro GCC 2013.04) ) #1 SMP Sun Nov 1 21:17:43 PST 2015
+Linux version 4.3.0-next-20151103-53646-g3aa8307 (pwalmsley@sellafield) (gcc version 4.7.3 20130328 (prerelease) (crosstool-NG linaro-1.13.1-4.7-2013.04-20130415 - Linaro GCC 2013.04) ) #1 SMP Mon Nov 2 20:17:46 PST 2015
 CPU: ARMv7 Processor [411fc090] revision 0 (ARMv7), cr=10c5387d
 CPU: PIPT / VIPT nonaliasing data cache, VIPT aliasing instruction cache
 Machine model: Compulab TrimSlice board
@@ -96,7 +96,7 @@
     lowmem  : 0xc0000000 - 0xf0000000   ( 768 MB)
     pkmap   : 0xbfe00000 - 0xc0000000   (   2 MB)
     modules : 0xbf000000 - 0xbfe00000   (  14 MB)
-      .text : 0xc0208000 - 0xc0dc2e78   (12012 kB)
+      .text : 0xc0208000 - 0xc0dc2e58   (12012 kB)
       .init : 0xc0dc3000 - 0xc0eca000   (1052 kB)
       .data : 0xc0eca000 - 0xc0fce020   (1041 kB)
        .bss : 0xc0fd1000 - 0xc1026468   ( 342 kB)
@@ -331,7 +331,7 @@
 hub 2-0:1.0: 1 port detected
 mmcblk0: mmc0:b368 NCard 3.70 GiB 
 input: gpio-keys as /devices/soc0/gpio-keys/input/input0
-rtc-em3027 2-0056: setting system clock to 2014-12-26 23:16:34 UTC (1419635794)
+rtc-em3027 2-0056: setting system clock to 2014-12-26 23:17:10 UTC (1419635830)
  mmcblk0: p1
 EXT4-fs (mmcblk0p1): mounting ext3 file system using the ext4 subsystem
 hub 1-1:1.0: USB hub found
@@ -339,10 +339,10 @@
 EXT4-fs (mmcblk0p1): recovery complete
 EXT4-fs (mmcblk0p1): mounted filesystem with ordered data mode. Opts: (null)
 VFS: Mounted root (ext3 filesystem) on device 179:1.
-devtmpfs: mounted
-Freeing unused kernel memory: 1052K (c0dc3000 - c0eca000)
 mmc1: new high speed SD card at address b368
+devtmpfs: mounted
 mmcblk1: mmc1:b368 NCard 1.83 GiB (ro)
+Freeing unused kernel memory: 1052K (c0dc3000 - c0eca000)
  mmcblk1: p1 p2
 bash: cannot set terminal process group (-1): Inappropriate ioctl for device
 bash: no job control in this shell
Diff for ./tegra20-trimslice/tegra20-trimslice/tegra_defconfig_log.txt
--- /tmp/fooa	2015-11-02 20:23:50.788500769 -0800
+++ /tmp/foob	2015-11-02 20:23:50.788500769 -0800
@@ -47,7 +47,7 @@
 	 ##############################
 	 4.1 MiB/s
 done
-Bytes transferred = 5211320 (4f84b8 hex)
+Bytes transferred = 5210568 (4f81c8 hex)
 Tegra20 (TrimSlice) # tftpboot 0x02408000 tegra20-trimslice.dtb
 Using RTL8169#0 device
 TFTP from server 192.168.100.1; our IP address is 192.168.100.103
@@ -58,7 +58,7 @@
 done
 Bytes transferred = 21130 (528a hex)
 Tegra20 (TrimSlice) # bootz 0x00408000 - 0x02408000
-Kernel image @ 0x408000 [ 0x000000 - 0x4f84b8 ]
+Kernel image @ 0x408000 [ 0x000000 - 0x4f81c8 ]
 ## Flattened Device Tree blob at 02408000
    Booting using the fdt blob at 0x2408000
    Using Device Tree in place at 02408000, end 02410289
@@ -69,7 +69,7 @@
 Booting Linux on physical CPU 0x0
 Initializing cgroup subsys cpu
 Initializing cgroup subsys cpuacct
-Linux version 4.3.0-rc7-next-20151102-53617-g10822ed (pwalmsley@kaivo) (gcc version 4.7.3 20130328 (prerelease) (crosstool-NG linaro-1.13.1-4.7-2013.04-20130415 - Linaro GCC 2013.04) ) #1 SMP PREEMPT Sun Nov 1 21:18:01 PST 2015
+Linux version 4.3.0-next-20151103-53646-g3aa8307 (pwalmsley@kaivo) (gcc version 4.7.3 20130328 (prerelease) (crosstool-NG linaro-1.13.1-4.7-2013.04-20130415 - Linaro GCC 2013.04) ) #1 SMP PREEMPT Mon Nov 2 20:18:04 PST 2015
 CPU: ARMv7 Processor [411fc090] revision 0 (ARMv7), cr=10c5387d
 CPU: PIPT / VIPT nonaliasing data cache, VIPT aliasing instruction cache
 Machine model: Compulab TrimSlice board
@@ -78,7 +78,7 @@
 cma: Reserved 64 MiB at 0x3c000000
 Memory policy: Data cache writealloc
 On node 0 totalpages: 262144
-free_area_init_node: node 0, pgdat c0a165c0, node_mem_map ef7f7000
+free_area_init_node: node 0, pgdat c0a145c0, node_mem_map ef7f7000
   Normal zone: 1536 pages used for memmap
   Normal zone: 0 pages reserved
   Normal zone: 196608 pages, LIFO batch:31
@@ -91,7 +91,7 @@
 PID hash table entries: 4096 (order: 2, 16384 bytes)
 Dentry cache hash table entries: 131072 (order: 7, 524288 bytes)
 Inode-cache hash table entries: 65536 (order: 6, 262144 bytes)
-Memory: 963128K/1048576K available (7155K kernel code, 352K rwdata, 2452K rodata, 340K init, 364K bss, 19912K reserved, 65536K cma-reserved, 196608K highmem)
+Memory: 963136K/1048576K available (7151K kernel code, 352K rwdata, 2452K rodata, 336K init, 364K bss, 19904K reserved, 65536K cma-reserved, 196608K highmem)
 Virtual kernel memory layout:
     vector  : 0xffff0000 - 0xffff1000   (   4 kB)
     fixmap  : 0xffc00000 - 0xfff00000   (3072 kB)
@@ -99,10 +99,10 @@
     lowmem  : 0xc0000000 - 0xf0000000   ( 768 MB)
     pkmap   : 0xbfe00000 - 0xc0000000   (   2 MB)
     modules : 0xbf000000 - 0xbfe00000   (  14 MB)
-      .text : 0xc0008000 - 0xc096a178   (9609 kB)
-      .init : 0xc096b000 - 0xc09c0000   ( 340 kB)
-      .data : 0xc09c0000 - 0xc0a180e0   ( 353 kB)
-       .bss : 0xc0a1b000 - 0xc0a76190   ( 365 kB)
+      .text : 0xc0008000 - 0xc096915c   (9605 kB)
+      .init : 0xc096a000 - 0xc09be000   ( 336 kB)
+      .data : 0xc09be000 - 0xc0a160e0   ( 353 kB)
+       .bss : 0xc0a19000 - 0xc0a74190   ( 365 kB)
 Preemptible hierarchical RCU implementation.
 	Build-time adjustment of leaf fanout to 32.
 	RCU restricting CPUs from NR_CPUS=4 to nr_cpu_ids=2.
@@ -349,7 +349,7 @@
 hub 2-0:1.0: USB hub found
 hub 2-0:1.0: 1 port detected
 input: gpio-keys as /devices/soc0/gpio-keys/input/input0
-rtc-em3027 2-0056: setting system clock to 2014-12-26 23:16:53 UTC (1419635813)
+rtc-em3027 2-0056: setting system clock to 2014-12-26 23:17:30 UTC (1419635850)
 ALSA device list:
   #0: tegra-trimslice
 EXT4-fs (mmcblk0p1): mounting ext3 file system using the ext4 subsystem
@@ -357,7 +357,7 @@
 EXT4-fs (mmcblk0p1): mounted filesystem with ordered data mode. Opts: (null)
 VFS: Mounted root (ext3 filesystem) on device 179:1.
 devtmpfs: mounted
-Freeing unused kernel memory: 340K (c096b000 - c09c0000)
+Freeing unused kernel memory: 336K (c096a000 - c09be000)
 usb 1-1.2: new high-speed USB device number 3 using tegra-ehci
 bash: cannot set terminal process group (-1): Inappropriate ioctl for device
 bash: no job control in this shell
Diff for ./tegra30-beaver/tegra30-beaver/multi_v7_defconfig_log.txt
--- /tmp/fooa	2015-11-02 20:23:50.792500765 -0800
+++ /tmp/foob	2015-11-02 20:23:50.796500761 -0800
@@ -38,20 +38,20 @@
 	 #################################################################
 	 #################################################################
 	 #########################################################
-	 3.3 MiB/s
+	 3.2 MiB/s
 done
-Bytes transferred = 6551416 (63f778 hex)
+Bytes transferred = 6551624 (63f848 hex)
 Tegra30 (Beaver) # tftpboot 0x82000000 tegra30-beaver.dtb
 Using asx0 device
 TFTP from server 192.168.100.1; our IP address is 192.168.100.101
 Filename 'tegra30-beaver.dtb'.
 Load address: 0x82000000
 Loading: *####
-	 2.9 MiB/s
+	 3.3 MiB/s
 done
 Bytes transferred = 51467 (c90b hex)
 Tegra30 (Beaver) # bootz 0x81000000 - 0x82000000
-Kernel image @ 0x81000000 [ 0x000000 - 0x63f778 ]
+Kernel image @ 0x81000000 [ 0x000000 - 0x63f848 ]
 ## Flattened Device Tree blob at 82000000
    Booting using the fdt blob at 0x82000000
    Loading Device Tree to 8fff0000, end 8ffff90a ... OK
@@ -59,7 +59,7 @@
 Starting kernel ...
 
 Booting Linux on physical CPU 0x0
-Linux version 4.3.0-rc7-next-20151102-53617-g10822ed (pwalmsley@sellafield) (gcc version 4.7.3 20130328 (prerelease) (crosstool-NG linaro-1.13.1-4.7-2013.04-20130415 - Linaro GCC 2013.04) ) #1 SMP Sun Nov 1 21:17:43 PST 2015
+Linux version 4.3.0-next-20151103-53646-g3aa8307 (pwalmsley@sellafield) (gcc version 4.7.3 20130328 (prerelease) (crosstool-NG linaro-1.13.1-4.7-2013.04-20130415 - Linaro GCC 2013.04) ) #1 SMP Mon Nov 2 20:17:46 PST 2015
 CPU: ARMv7 Processor [412fc099] revision 9 (ARMv7), cr=10c5387d
 CPU: PIPT / VIPT nonaliasing data cache, VIPT aliasing instruction cache
 Machine model: NVIDIA Tegra30 Beaver evaluation board
@@ -88,7 +88,7 @@
     lowmem  : 0xc0000000 - 0xf0000000   ( 768 MB)
     pkmap   : 0xbfe00000 - 0xc0000000   (   2 MB)
     modules : 0xbf000000 - 0xbfe00000   (  14 MB)
-      .text : 0xc0208000 - 0xc0dc2e78   (12012 kB)
+      .text : 0xc0208000 - 0xc0dc2e58   (12012 kB)
       .init : 0xc0dc3000 - 0xc0eca000   (1052 kB)
       .data : 0xc0eca000 - 0xc0fce020   (1041 kB)
        .bss : 0xc0fd1000 - 0xc1026468   ( 342 kB)
@@ -288,8 +288,8 @@
 mmcblk0: mmc1:0001 SEM16G 14.8 GiB 
 mmcblk0boot0: mmc1:0001 SEM16G partition 1 1.00 MiB
 mmcblk0boot1: mmc1:0001 SEM16G partition 2 1.00 MiB
-mmcblk0rpmb: mmc1:0001 SEM16G partition 3 128 KiB
 tegra-pcie 3000.pcie-controller: probing port 2, using 2 lanes
+mmcblk0rpmb: mmc1:0001 SEM16G partition 3 128 KiB
 Primary GPT is invalid, using alternate GPT.
  mmcblk0: p1 p2 p3 p4 p5
 tegra-pcie 3000.pcie-controller: link 2 down, retrying
@@ -365,4 +365,4 @@
 Freeing unused kernel memory: 1052K (c0dc3000 - c0eca000)
 bash: cannot set terminal process group (-1): Inappropriate ioctl for device
 bash: no job control in this shell
-root@(none):/# [    3.783792] usb 2-1: new high-speed USB device number 2 using tegra-ehci
+root@(none):/# [    3.753407] usb 2-1: new high-speed USB device number 2 using tegra-ehci
Diff for ./tegra30-beaver/tegra30-beaver/tegra_defconfig_log.txt
--- /tmp/fooa	2015-11-02 20:23:50.800500756 -0800
+++ /tmp/foob	2015-11-02 20:23:50.804500752 -0800
@@ -39,7 +39,7 @@
 	 ##############################
 	 3.3 MiB/s
 done
-Bytes transferred = 5211320 (4f84b8 hex)
+Bytes transferred = 5210568 (4f81c8 hex)
 Tegra30 (Beaver) # tftpboot 0x82000000 tegra30-beaver.dtb
 Using asx0 device
 TFTP from server 192.168.100.1; our IP address is 192.168.100.101
@@ -50,7 +50,7 @@
 done
 Bytes transferred = 51467 (c90b hex)
 Tegra30 (Beaver) # bootz 0x81000000 - 0x82000000
-Kernel image @ 0x81000000 [ 0x000000 - 0x4f84b8 ]
+Kernel image @ 0x81000000 [ 0x000000 - 0x4f81c8 ]
 ## Flattened Device Tree blob at 82000000
    Booting using the fdt blob at 0x82000000
    Loading Device Tree to 8fff0000, end 8ffff90a ... OK
@@ -61,7 +61,7 @@
 Booting Linux on physical CPU 0x0
 Initializing cgroup subsys cpu
 Initializing cgroup subsys cpuacct
-Linux version 4.3.0-rc7-next-20151102-53617-g10822ed (pwalmsley@kaivo) (gcc version 4.7.3 20130328 (prerelease) (crosstool-NG linaro-1.13.1-4.7-2013.04-20130415 - Linaro GCC 2013.04) ) #1 SMP PREEMPT Sun Nov 1 21:18:01 PST 2015
+Linux version 4.3.0-next-20151103-53646-g3aa8307 (pwalmsley@kaivo) (gcc version 4.7.3 20130328 (prerelease) (crosstool-NG linaro-1.13.1-4.7-2013.04-20130415 - Linaro GCC 2013.04) ) #1 SMP PREEMPT Mon Nov 2 20:18:04 PST 2015
 CPU: ARMv7 Processor [412fc099] revision 9 (ARMv7), cr=10c5387d
 CPU: PIPT / VIPT nonaliasing data cache, VIPT aliasing instruction cache
 Machine model: NVIDIA Tegra30 Beaver evaluation board
@@ -69,7 +69,7 @@
 cma: Reserved 64 MiB at 0xfbc00000
 Memory policy: Data cache writealloc
 On node 0 totalpages: 524032
-free_area_init_node: node 0, pgdat c0a165c0, node_mem_map eeff7000
+free_area_init_node: node 0, pgdat c0a145c0, node_mem_map eeff7000
   Normal zone: 1536 pages used for memmap
   Normal zone: 0 pages reserved
   Normal zone: 196608 pages, LIFO batch:31
@@ -82,7 +82,7 @@
 PID hash table entries: 4096 (order: 2, 16384 bytes)
 Dentry cache hash table entries: 131072 (order: 7, 524288 bytes)
 Inode-cache hash table entries: 65536 (order: 6, 262144 bytes)
-Memory: 2002240K/2096128K available (7155K kernel code, 352K rwdata, 2452K rodata, 340K init, 364K bss, 28352K reserved, 65536K cma-reserved, 1244160K highmem)
+Memory: 2002248K/2096128K available (7151K kernel code, 352K rwdata, 2452K rodata, 336K init, 364K bss, 28344K reserved, 65536K cma-reserved, 1244160K highmem)
 Virtual kernel memory layout:
     vector  : 0xffff0000 - 0xffff1000   (   4 kB)
     fixmap  : 0xffc00000 - 0xfff00000   (3072 kB)
@@ -90,10 +90,10 @@
     lowmem  : 0xc0000000 - 0xf0000000   ( 768 MB)
     pkmap   : 0xbfe00000 - 0xc0000000   (   2 MB)
     modules : 0xbf000000 - 0xbfe00000   (  14 MB)
-      .text : 0xc0008000 - 0xc096a178   (9609 kB)
-      .init : 0xc096b000 - 0xc09c0000   ( 340 kB)
-      .data : 0xc09c0000 - 0xc0a180e0   ( 353 kB)
-       .bss : 0xc0a1b000 - 0xc0a76190   ( 365 kB)
+      .text : 0xc0008000 - 0xc096915c   (9605 kB)
+      .init : 0xc096a000 - 0xc09be000   ( 336 kB)
+      .data : 0xc09be000 - 0xc0a160e0   ( 353 kB)
+       .bss : 0xc0a19000 - 0xc0a74190   ( 365 kB)
 Preemptible hierarchical RCU implementation.
 	Build-time adjustment of leaf fanout to 32.
 NR_IRQS:16 nr_irqs:16 16
@@ -364,7 +364,7 @@
 EXT4-fs (mmcblk0p1): mounted filesystem with ordered data mode. Opts: (null)
 VFS: Mounted root (ext3 filesystem) on device 179:1.
 devtmpfs: mounted
-Freeing unused kernel memory: 340K (c096b000 - c09c0000)
+Freeing unused kernel memory: 336K (c096a000 - c09be000)
 bash: cannot set terminal process group (-1): Inappropriate ioctl for device
 bash: no job control in this shell
-root@(none):/# [    4.536443] usb 2-1: new high-speed USB device number 2 using tegra-ehci
+root@(none):/# [    4.546426] usb 2-1: new high-speed USB device number 2 using tegra-ehci
