
U-Boot SPL 2016.05-rc2 (Apr 21 2016 - 16:23:00)
Trying to boot from RAM


U-Boot 2016.05-rc2 (Apr 21 2016 - 16:23:00 -0700)

TEGRA124
Model: NVIDIA Jetson TK1
Board: NVIDIA Jetson TK1
DRAM:  2 GiB
MC:   Tegra SD/MMC: 0, Tegra SD/MMC: 1
In:    serial
Out:   serial
Err:   serial
Net:   No ethernet found.
Hit any key to stop autoboot:  2  0 
Tegra124 (Jetson TK1) # 
Tegra124 (Jetson TK1) # pci enum
Tegra124 (Jetson TK1) # setenv bootargs 'ignore_loglevel console=ttyS0,115200n8 rw root=PARTUUID=b1791faa-84e8-4e27-83a1-9fb0a77e8803 rootwait gpt debug noinitrd earlyprintk init=/bin/bash'
Tegra124 (Jetson TK1) # setenv ipaddr 192.168.100.102; setenv serverip 192.168.100.1; setenv tftpserverip 192.168.100.1
Tegra124 (Jetson TK1) # tftpboot 0x82000000 zImage.multi_v7_defconfig

Warning: eth_rtl8169 using MAC address from ROM
Using eth_rtl8169 device
TFTP from server 192.168.100.1; our IP address is 192.168.100.102
Filename 'zImage.multi_v7_defconfig'.
Load address: 0x82000000
Loading: *#################################################################
	 #################################################################
	 #################################################################
	 #################################################################
	 #################################################################
	 #################################################################
	 #################################################################
	 #################################################################
	 ####################
	 4 MiB/s
done
Bytes transferred = 7918400 (78d340 hex)
Tegra124 (Jetson TK1) # tftpboot 0x83000000 tegra124-jetson-tk1.dtb
Using eth_rtl8169 device
TFTP from server 192.168.100.1; our IP address is 192.168.100.102
Filename 'tegra124-jetson-tk1.dtb'.
Load address: 0x83000000
Loading: *#####
	 3 MiB/s
done
Bytes transferred = 67133 (1063d hex)
Tegra124 (Jetson TK1) # bootz 0x82000000 - 0x83000000
Kernel image @ 0x82000000 [ 0x000000 - 0x78d340 ]
## Flattened Device Tree blob at 83000000
   Booting using the fdt blob at 0x83000000
   Using Device Tree in place at 83000000, end 8301363c

Starting kernel ...

[    0.000000] Booting Linux on physical CPU 0x0
[    0.000000] Linux version 4.11.0-next-20170510-171173-g5cbfaeb (jonathanh@sellafield) (gcc version 4.7.3 20130328 (prerelease) (crosstool-NG linaro-1.13.1-4.7-2013.04-20130415 - Linaro GCC 2013.04) ) #1 SMP Tue May 9 21:35:51 PDT 2017
[    0.000000] CPU: ARMv7 Processor [413fc0f3] revision 3 (ARMv7), cr=10c5387d
[    0.000000] CPU: div instructions available: patching division code
[    0.000000] CPU: PIPT / VIPT nonaliasing data cache, PIPT instruction cache
[    0.000000] OF: fdt: Machine model: NVIDIA Tegra124 Jetson TK1
[    0.000000] debug: ignoring loglevel setting.
[    0.000000] Memory policy: Data cache writealloc
[    0.000000] efi: Getting EFI parameters from FDT:
[    0.000000] efi: UEFI not found.
[    0.000000] cma: Reserved 64 MiB at 0xfb800000
[    0.000000] On node 0 totalpages: 524032
[    0.000000] free_area_init_node: node 0, pgdat c157fe40, node_mem_map eeff8000
[    0.000000]   DMA zone: 1536 pages used for memmap
[    0.000000]   DMA zone: 0 pages reserved
[    0.000000]   DMA zone: 196608 pages, LIFO batch:31
[    0.000000]   HighMem zone: 327424 pages, LIFO batch:31
[    0.000000] percpu: Embedded 17 pages/cpu @eef82000 s39488 r8192 d21952 u69632
[    0.000000] pcpu-alloc: s39488 r8192 d21952 u69632 alloc=17*4096
[    0.000000] pcpu-alloc: [0] 0 [0] 1 [0] 2 [0] 3 
[    0.000000] Built 1 zonelists in Zone order, mobility grouping on.  Total pages: 522496
[    0.000000] Kernel command line: ignore_loglevel console=ttyS0,115200n8 rw root=PARTUUID=b1791faa-84e8-4e27-83a1-9fb0a77e8803 rootwait gpt debug noinitrd earlyprintk init=/bin/bash
[    0.000000] PID hash table entries: 4096 (order: 2, 16384 bytes)
[    0.000000] Dentry cache hash table entries: 131072 (order: 7, 524288 bytes)
[    0.000000] Inode-cache hash table entries: 65536 (order: 6, 262144 bytes)
[    0.000000] Memory: 1993416K/2096128K available (10240K kernel code, 1566K rwdata, 4388K rodata, 2048K init, 413K bss, 37176K reserved, 65536K cma-reserved, 1244160K highmem)
[    0.000000] Virtual kernel memory layout:
[    0.000000]     vector  : 0xffff0000 - 0xffff1000   (   4 kB)
[    0.000000]     fixmap  : 0xffc00000 - 0xfff00000   (3072 kB)
[    0.000000]     vmalloc : 0xf0800000 - 0xff800000   ( 240 MB)
[    0.000000]     lowmem  : 0xc0000000 - 0xf0000000   ( 768 MB)
[    0.000000]     pkmap   : 0xbfe00000 - 0xc0000000   (   2 MB)
[    0.000000]     modules : 0xbf000000 - 0xbfe00000   (  14 MB)
[    0.000000]       .text : 0xc0208000 - 0xc0d00000   (11232 kB)
[    0.000000]       .init : 0xc1200000 - 0xc1400000   (2048 kB)
[    0.000000]       .data : 0xc1400000 - 0xc1587ab0   (1567 kB)
[    0.000000]        .bss : 0xc1590d04 - 0xc15f84d8   ( 414 kB)
[    0.000000] SLUB: HWalign=64, Order=0-3, MinObjects=0, CPUs=4, Nodes=1
[    0.000000] Hierarchical RCU implementation.
[    0.000000] 	RCU debugfs-based tracing is enabled.
[    0.000000] 	RCU restricting CPUs from NR_CPUS=16 to nr_cpu_ids=4.
[    0.000000] RCU: Adjusting geometry for rcu_fanout_leaf=16, nr_cpu_ids=4
[    0.000000] NR_IRQS:16 nr_irqs:16 16
[    0.000000] /interrupt-controller@60004000: 160 interrupts forwarded to /interrupt-controller@50041000
[    0.000000] Tegra clk 127: register failed with -17
[    0.000009] sched_clock: 32 bits at 1000kHz, resolution 1000ns, wraps every 2147483647500ns
[    0.000028] clocksource: timer_us: mask: 0xffffffff max_cycles: 0xffffffff, max_idle_ns: 1911260446275 ns
[    0.000044] Switching to timer-based delay loop, resolution 1000ns
[    0.004936] arch_timer: cp15 timer(s) running at 12.00MHz (virt).
[    0.004955] clocksource: arch_sys_counter: mask: 0xffffffffffffff max_cycles: 0x2c47f4ee7, max_idle_ns: 440795202497 ns
[    0.004974] sched_clock: 56 bits at 12MHz, resolution 83ns, wraps every 4398046511096ns
[    0.004988] Switching to timer-based delay loop, resolution 83ns
[    0.005457] Console: colour dummy device 80x30
[    0.005486] Calibrating delay loop (skipped), value calculated using timer frequency.. 24.00 BogoMIPS (lpj=120000)
[    0.005504] pid_max: default: 32768 minimum: 301
[    0.005591] Mount-cache hash table entries: 2048 (order: 1, 8192 bytes)
[    0.005606] Mountpoint-cache hash table entries: 2048 (order: 1, 8192 bytes)
[    0.006087] CPU: Testing write buffer coherency: ok
[    0.006338] /cpus/cpu@0 missing clock-frequency property
[    0.006381] /cpus/cpu@1 missing clock-frequency property
[    0.006423] /cpus/cpu@2 missing clock-frequency property
[    0.006466] /cpus/cpu@3 missing clock-frequency property
[    0.006479] CPU0: thread -1, cpu 0, socket 0, mpidr 80000000
[    0.006764] Setting up static identity map for 0x80300000 - 0x803000a0
[    0.010436] Tegra Revision: A01 SKU: 129 CPU Process: 1 SoC Process: 1
[    0.011161] EFI services will not be available.
[    0.011385] smp: Bringing up secondary CPUs ...
[    0.011982] CPU1: thread -1, cpu 1, socket 0, mpidr 80000001
[    0.015411] CPU2: thread -1, cpu 2, socket 0, mpidr 80000002
[    0.025441] CPU3: thread -1, cpu 3, socket 0, mpidr 80000003
[    0.034859] smp: Brought up 1 node, 4 CPUs
[    0.034880] SMP: Total of 4 processors activated (96.00 BogoMIPS).
[    0.034889] CPU: All CPU(s) started in SVC mode.
[    0.036373] devtmpfs: initialized
[    0.053124] VFP support v0.3: implementor 41 architecture 4 part 30 variant f rev 0
[    0.053523] clocksource: jiffies: mask: 0xffffffff max_cycles: 0xffffffff, max_idle_ns: 19112604462750000 ns
[    0.053542] futex hash table entries: 1024 (order: 4, 65536 bytes)
[    0.055047] pinctrl core: initialized pinctrl subsystem
[    0.056937] NET: Registered protocol family 16
[    0.059036] DMA: preallocated 256 KiB pool for atomic coherent allocations
[    0.061492] cpuidle: using governor menu
[    0.088248] No ATAGs?
[    0.088374] hw-breakpoint: found 5 (+1 reserved) breakpoint and 4 watchpoint registers.
[    0.088390] hw-breakpoint: maximum watchpoint size is 8 bytes.
[    0.095705] Serial: AMBA PL011 UART driver
[    0.112249] AT91: Could not find identification node
[    0.112802] +5V_SYS: supplied by +VDD_MUX
[    0.113086] +3.3V_SYS: supplied by +VDD_MUX
[    0.113706] +USB0_VBUS_SW: Failed to request enable GPIO108: -517
[    0.113723] reg-fixed-voltage regulators:regulator@7: Failed to register regulator: -517
[    0.113823] +5V_USB_HS: Failed to request enable GPIO109: -517
[    0.113838] reg-fixed-voltage regulators:regulator@8: Failed to register regulator: -517
[    0.114021] +1.05V_RUN_AVDD_HDMI_PLL: Failed to request enable GPIO63: -517
[    0.114035] reg-fixed-voltage regulators:regulator@11: Failed to register regulator: -517
[    0.114131] +5V_HDMI_CON: Failed to request enable GPIO86: -517
[    0.114144] reg-fixed-voltage regulators:regulator@12: Failed to register regulator: -517
[    0.114240] +5V_SATA: Failed to request enable GPIO242: -517
[    0.114253] reg-fixed-voltage regulators:regulator@13: Failed to register regulator: -517
[    0.114349] +12V_SATA: Failed to request enable GPIO242: -517
[    0.114363] reg-fixed-voltage regulators:regulator@14: Failed to register regulator: -517
[    0.117346] vgaarb: loaded
[    0.118161] SCSI subsystem initialized
[    0.118327] libata version 3.00 loaded.
[    0.118574] usbcore: registered new interface driver usbfs
[    0.118634] usbcore: registered new interface driver hub
[    0.118694] usbcore: registered new device driver usb
[    0.122163] pps_core: LinuxPPS API ver. 1 registered
[    0.122174] pps_core: Software ver. 5.3.6 - Copyright 2005-2007 Rodolfo Giometti <giometti@linux.it>
[    0.122199] PTP clock support registered
[    0.122388] EDAC MC: Ver: 3.0.0
[    0.125267] clocksource: Switched to clocksource arch_sys_counter
[    0.180310] NET: Registered protocol family 2
[    0.180813] TCP established hash table entries: 8192 (order: 3, 32768 bytes)
[    0.180914] TCP bind hash table entries: 8192 (order: 4, 65536 bytes)
[    0.181102] TCP: Hash tables configured (established 8192 bind 8192)
[    0.181185] UDP hash table entries: 512 (order: 2, 16384 bytes)
[    0.181229] UDP-Lite hash table entries: 512 (order: 2, 16384 bytes)
[    0.181376] NET: Registered protocol family 1
[    0.181683] RPC: Registered named UNIX socket transport module.
[    0.181694] RPC: Registered udp transport module.
[    0.181703] RPC: Registered tcp transport module.
[    0.181711] RPC: Registered tcp NFSv4.1 backchannel transport module.
[    0.181724] PCI: CLS 0 bytes, default 64
[    0.183148] hw perfevents: enabled with armv7_cortex_a15 PMU driver, 7 counters available
[    0.184982] workingset: timestamp_bits=30 max_order=19 bucket_order=0
[    0.193836] squashfs: version 4.0 (2009/01/31) Phillip Lougher
[    0.194558] NFS: Registering the id_resolver key type
[    0.194585] Key type id_resolver registered
[    0.194595] Key type id_legacy registered
[    0.194639] ntfs: driver 2.1.32 [Flags: R/O].
[    0.196301] bounce: pool size: 64 pages
[    0.196343] Block layer SCSI generic (bsg) driver version 0.4 loaded (major 247)
[    0.196355] io scheduler noop registered
[    0.196365] io scheduler deadline registered
[    0.196394] io scheduler cfq registered (default)
[    0.196403] io scheduler mq-deadline registered
[    0.196412] io scheduler kyber registered
[    0.201858]  usb2-0: usb2-0 supply vbus not found, using dummy regulator
[    0.201983]  usb2-1: usb2-1 supply vbus not found, using dummy regulator
[    0.202449] tegra-xusb-padctl 7009f000.padctl: failed to setup XUSB ports: -517
[    0.218606] tegra-pcie 1003000.pcie-controller: 2x1, 1x1 configuration
[    0.218662] tegra-pcie 1003000.pcie-controller: Failed to get supply 'avddio-pex': -517
[    0.224889] tegra124-dfll 70110000.clock: couldn't get vdd_cpu regulator
[    0.232708] tegra-apbdma 60020000.dma: Tegra20 APB DMA driver register 32 channels
[    0.235543] tegra-pmc 7000e400.pmc: emergency thermal reset enabled
[    0.289017] Serial: 8250/16550 driver, 4 ports, IRQ sharing disabled
[    0.291624] console [ttyS0] disabled
[    0.291664] 70006300.serial: ttyS0 at MMIO 0x70006300 (irq = 335, base_baud = 25500000) is a Tegra
[    1.183009] console [ttyS0] enabled
[    1.187341] SuperH (H)SCI(F) driver initialized
[    1.192855] msm_serial: driver initialized
[    1.197159] STMicroelectronics ASC driver initialized
[    1.203056] 70006000.serial: ttyTHS1 at MMIO 0x70006000 (irq = 333, base_baud = 0) is a TEGRA_UART
[    1.212326] 70006040.serial: ttyTHS2 at MMIO 0x70006040 (irq = 334, base_baud = 0) is a TEGRA_UART
[    1.226413] tegra-hdmi 54280000.hdmi: failed to get HDMI regulator
[    1.245921] brd: module loaded
[    1.256199] loop: module loaded
[    1.260544] at24 0-0056: 256 byte 24c02 EEPROM, writable, 8 bytes/write
[    1.268893] as3722 4-0040: AS3722 with revision 0x1 found
[    1.280805] as3722-sd2: supplied by +5V_SYS
[    1.285533] as3722-sd3: supplied by +5V_SYS
[    1.289921] +1.35V_LP0(sd3): Bringing 0uV into 1350000-1350000uV
[    1.296295] as3722-sd4: supplied by +5V_SYS
[    1.300906] as3722-sd5: supplied by +5V_SYS
[    1.306921] as3722-ldo0: supplied by +1.35V_LP0(sd2)
[    1.312976] +1.8V_RUN_CAM: Bringing 0uV into 1800000-1800000uV
[    1.319187] as3722-ldo2: supplied by +1.8V_VDDIO
[    1.325055] as3722-ldo3: supplied by +3.3V_SYS
[    1.329565] +1.05V_LP0_VDD_RTC: Bringing 1100000uV into 1000000-1000000uV
[    1.337332] as3722-ldo4: supplied by +3.3V_SYS
[    1.341983] +2.8V_RUN_CAM: Bringing 0uV into 2800000-2800000uV
[    1.348192] as3722-ldo5: supplied by +1.8V_VDDIO
[    1.353019] +1.2V_RUN_CAM_FRONT: Bringing 0uV into 1200000-1200000uV
[    1.359945] +VDDIO_SDMMC3: bypassed regulator has no supply!
[    1.365618] +VDDIO_SDMMC3: failed to get the current voltage(-517)
[    1.371796] as3722-regulator as3722-regulator: regulator 13 register failed -517
[    1.384902] tegra-ahci 70027000.sata: couldn't get PHY in node sata: -517
[    1.404764] random: fast init done
[    1.408327] m25p80 spi32765.0: w25q32dw (4096 Kbytes)
[    1.416158] libphy: Fixed MDIO Bus: probed
[    1.421342] CAN device driver interface
[    1.426124] bgmac_bcma: Broadcom 47xx GBit MAC driver loaded
[    1.433141] e1000e: Intel(R) PRO/1000 Network Driver - 3.2.6-k
[    1.439070] e1000e: Copyright(c) 1999 - 2015 Intel Corporation.
[    1.445046] igb: Intel(R) Gigabit Ethernet Network Driver - version 5.4.0-k
[    1.452012] igb: Copyright (c) 2007-2014 Intel Corporation.
[    1.461220] pegasus: v0.9.3 (2013/04/25), Pegasus/Pegasus II USB Ethernet driver
[    1.468670] usbcore: registered new interface driver pegasus
[    1.474371] usbcore: registered new interface driver asix
[    1.479827] usbcore: registered new interface driver ax88179_178a
[    1.485964] usbcore: registered new interface driver cdc_ether
[    1.491840] usbcore: registered new interface driver smsc75xx
[    1.497650] usbcore: registered new interface driver smsc95xx
[    1.503424] usbcore: registered new interface driver net1080
[    1.509127] usbcore: registered new interface driver cdc_subset
[    1.515073] usbcore: registered new interface driver zaurus
[    1.520717] usbcore: registered new interface driver cdc_ncm
[    1.526606] tegra-phy 7d004000.usb-phy: no vbus regulator
[    1.534025] ehci_hcd: USB 2.0 'Enhanced' Host Controller (EHCI) Driver
[    1.540563] ehci-pci: EHCI PCI platform driver
[    1.545044] ehci-platform: EHCI generic platform driver
[    1.550486] ehci-orion: EHCI orion driver
[    1.554650] SPEAr-ehci: EHCI SPEAr driver
[    1.558814] ehci-st: EHCI STMicroelectronics driver
[    1.563829] ehci-exynos: EHCI EXYNOS driver
[    1.568183] ehci-atmel: EHCI Atmel driver
[    1.572325] tegra-ehci: Tegra EHCI driver
[    1.579179] tegra-ehci 7d004000.usb: EHCI Host Controller
[    1.584593] tegra-ehci 7d004000.usb: new USB bus registered, assigned bus number 1
[    1.592385] tegra-ehci 7d004000.usb: irq 354, io mem 0x7d004000
[    1.625286] tegra-ehci 7d004000.usb: USB 2.0 started, EHCI 1.10
[    1.632005] hub 1-0:1.0: USB hub found
[    1.635822] hub 1-0:1.0: 1 port detected
[    1.640286] ohci_hcd: USB 1.1 'Open' Host Controller (OHCI) Driver
[    1.646507] ohci-pci: OHCI PCI platform driver
[    1.650986] ohci-platform: OHCI generic platform driver
[    1.656400] ohci-omap3: OHCI OMAP3 driver
[    1.660538] SPEAr-ohci: OHCI SPEAr driver
[    1.664682] ohci-st: OHCI STMicroelectronics driver
[    1.669709] ohci-atmel: OHCI Atmel driver
[    1.674483] usbcore: registered new interface driver usb-storage
[    1.684825] as3722-rtc as3722-rtc: rtc core: registered as3722-rtc as rtc0
[    1.691714] as3722-rtc as3722-rtc: RTC interrupt 377
[    1.699944] tegra_rtc 7000e000.rtc: rtc core: registered 7000e000.rtc as rtc1
[    1.707127] tegra_rtc 7000e000.rtc: Tegra internal Real Time Clock
[    1.713827] i2c /dev entries driver
[    1.724084] lm90 0-004c: 0-004c supply vcc not found, using dummy regulator
[    1.741278] sdhci: Secure Digital Host Controller Interface driver
[    1.747476] sdhci: Copyright(c) Pierre Ossman
[    1.753436] Synopsys Designware Multimedia Card Interface Driver
[    1.760761] sdhci-pltfm: SDHCI platform and OF driver helper
[    1.767209] sdhci-tegra 700b0400.sdhci: Got CD GPIO
[    1.772097] sdhci-tegra 700b0400.sdhci: Got WP GPIO
[    1.793369] mmc0: Unknown controller version (3). You may experience problems.
[    1.800643] mmc0: Invalid maximum block size, assuming 512 bytes
[    1.865288] mmc0: SDHCI controller on 700b0600.sdhci [700b0600.sdhci] using ADMA
[    1.874608] ledtrig-cpu: registered to indicate activity on CPUs
[    1.881027] usbcore: registered new interface driver usbhid
[    1.886690] usbhid: USB HID core driver
[    1.894895] NET: Registered protocol family 10
[    1.900302] Segment Routing with IPv6
[    1.904091] sit: IPv6, IPv4 and MPLS over IPv4 tunneling driver
[    1.910608] NET: Registered protocol family 17
[    1.915052] can: controller area network core (rev 20170425 abi 9)
[    1.921292] NET: Registered protocol family 29
[    1.925749] can: raw protocol (rev 20170425)
[    1.930014] can: broadcast manager protocol (rev 20170425 t)
[    1.935685] can: netlink gateway (rev 20170425) max_hops=1
[    1.941463] Key type dns_resolver registered
[    1.946290] ThumbEE CPU extension supported.
[    1.950561] Registering SWP/SWPB emulation handler
[    1.968174] +3.3V_RUN: supplied by +3.3V_SYS
[    1.973169] +USB0_VBUS_SW: supplied by +5V_SYS
[    1.977827] +3.3V_AVDD_HDMI_AP_GATED: supplied by +3.3V_RUN
[    1.983750] +5V_USB_HS: supplied by +5V_SYS
[    1.989191] +3.3V_LP0: supplied by +3.3V_SYS
[    1.995111] +5V_HDMI_CON: supplied by +5V_SYS
[    2.000024] +5V_SATA: supplied by +5V_SYS
[    2.004527] +12V_SATA: supplied by +VDD_MUX
[    2.011008]  usb2-0: usb2-0 supply vbus not found, using dummy regulator
[    2.017983]  usb2-1: usb2-1 supply vbus not found, using dummy regulator
[    2.025105]  usb3-0: usb3-0 supply vbus not found, using dummy regulator
[    2.033091] mmc0: new high speed MMC card at address 0001
[    2.033305] tegra-pcie 1003000.pcie-controller: 2x1, 1x1 configuration
[    2.033383] tegra-pcie 1003000.pcie-controller: Failed to get supply 'avddio-pex': -517
[    2.037417] tegra124-dfll 70110000.clock: couldn't get vdd_cpu regulator
[    2.043117] tegra-hdmi 54280000.hdmi: failed to get PLL regulator
[    2.046745] as3722-sd2: supplied by +5V_SYS
[    2.047058] as3722-sd3: supplied by +5V_SYS
[    2.047355] as3722-sd4: supplied by +5V_SYS
[    2.047663] as3722-sd5: supplied by +5V_SYS
[    2.049128] as3722-ldo0: supplied by +1.35V_LP0(sd2)
[    2.049645] as3722-ldo1: supplied by +3.3V_RUN
[    2.049974] as3722-ldo2: supplied by +1.8V_VDDIO
[    2.050914] as3722-ldo3: supplied by +3.3V_SYS
[    2.051864] as3722-ldo4: supplied by +3.3V_SYS
[    2.052183] as3722-ldo5: supplied by +1.8V_VDDIO
[    2.052499] as3722-ldo6: supplied by +3.3V_RUN
[    2.052803] as3722-ldo7: supplied by +1.8V_VDDIO
[    2.053046] +1.05V_RUN_CAM_REAR: Bringing 0uV into 1050000-1050000uV
[    2.053432] as3722-ldo9: supplied by +5V_SYS
[    2.053848] +3.3V_RUN_TOUCH: Bringing 0uV into 2800000-2800000uV
[    2.054226] as3722-ldo10: supplied by +5V_SYS
[    2.054453] +2.8V_RUN_CAM_AF: Bringing 0uV into 2800000-2800000uV
[    2.054838] as3722-ldo11: supplied by +3.3V_RUN
[    2.055074] +1.8V_RUN_VPP_FUSE: Bringing 0uV into 1800000-1800000uV
[    2.058538] tegra-ahci 70027000.sata: AHCI 0001.0301 32 slots 2 ports 3 Gbps 0x1 impl platform mode
[    2.058551] tegra-ahci 70027000.sata: flags: 64bit ncq sntf pm led pio slum part sadm sds apst 
[    2.060329] scsi host0: tegra-ahci
[    2.061332] scsi host1: tegra-ahci
[    2.061684] ata1: SATA max UDMA/133 mmio [mem 0x70027000-0x70028fff] port 0x100 irq 345
[    2.061690] ata2: DUMMY
[    2.065514] tegra-ehci 7d008000.usb: EHCI Host Controller
[    2.065545] tegra-ehci 7d008000.usb: new USB bus registered, assigned bus number 2
[    2.065801] tegra-ehci 7d008000.usb: irq 355, io mem 0x7d008000
[    2.095391] tegra-ehci 7d008000.usb: USB 2.0 started, EHCI 1.10
[    2.096736] hub 2-0:1.0: USB hub found
[    2.096782] hub 2-0:1.0: 1 port detected
[    2.099658] sdhci-tegra 700b0400.sdhci: Got CD GPIO
[    2.099680] sdhci-tegra 700b0400.sdhci: Got WP GPIO
[    2.108172] mmc1: Unknown controller version (3). You may experience problems.
[    2.108267] mmc1: Invalid maximum block size, assuming 512 bytes
[    2.166007] mmc1: SDHCI controller on 700b0400.sdhci [700b0400.sdhci] using ADMA
[    2.166864] tegra-pcie 1003000.pcie-controller: 2x1, 1x1 configuration
[    2.172512] tegra-pcie 1003000.pcie-controller: probing port 0, using 2 lanes
[    2.174549] tegra-pcie 1003000.pcie-controller: Slot present pin change, signature: 00000008
[    2.205448] tegra-pcie 1003000.pcie-controller: probing port 1, using 1 lanes
[    2.207516] tegra-pcie 1003000.pcie-controller: Slot present pin change, signature: 00000000
[    2.221823] tegra-pcie 1003000.pcie-controller: PCI host bridge to bus 0000:00
[    2.221833] pci_bus 0000:00: root bus resource [io  0x0000-0xffff]
[    2.221840] pci_bus 0000:00: root bus resource [mem 0x13000000-0x1fffffff]
[    2.221848] pci_bus 0000:00: root bus resource [mem 0x20000000-0x3fffffff pref]
[    2.221856] pci_bus 0000:00: root bus resource [bus 00-ff]
[    2.221900] pci 0000:00:01.0: [10de:0e12] type 01 class 0x060400
[    2.221954] pci_bus 0000:00: 2-byte config write to 0000:00:01.0 offset 0x88 may corrupt adjacent RW1C bits
[    2.221989] pci_bus 0000:00: 2-byte config write to 0000:00:01.0 offset 0x52 may corrupt adjacent RW1C bits
[    2.222041] pci 0000:00:01.0: PME# supported from D0 D1 D2 D3hot D3cold
[    2.222053] pci_bus 0000:00: 2-byte config write to 0000:00:01.0 offset 0x4c may corrupt adjacent RW1C bits
[    2.222336] pci 0000:00:02.0: [10de:0e13] type 01 class 0x060400
[    2.222386] pci_bus 0000:00: 2-byte config write to 0000:00:02.0 offset 0x88 may corrupt adjacent RW1C bits
[    2.222418] pci_bus 0000:00: 2-byte config write to 0000:00:02.0 offset 0x52 may corrupt adjacent RW1C bits
[    2.222466] pci 0000:00:02.0: PME# supported from D0 D1 D2 D3hot D3cold
[    2.222477] pci_bus 0000:00: 2-byte config write to 0000:00:02.0 offset 0x4c may corrupt adjacent RW1C bits
[    2.222761] pci_bus 0000:00: 2-byte config write to 0000:00:01.0 offset 0x3e may corrupt adjacent RW1C bits
[    2.222774] pci_bus 0000:00: 2-byte config write to 0000:00:02.0 offset 0x3e may corrupt adjacent RW1C bits
[    2.222785] pci_bus 0000:00: 2-byte config write to 0000:00:01.0 offset 0x4 may corrupt adjacent RW1C bits
[    2.222796] pci_bus 0000:00: 1-byte config write to 0000:00:01.0 offset 0xc may corrupt adjacent RW1C bits
[    2.222809] PCI: bus0: Fast back to back transfers disabled
[    2.222820] pci 0000:00:01.0: bridge configuration invalid ([bus 00-00]), reconfiguring
[    2.222839] pci 0000:00:02.0: bridge configuration invalid ([bus 00-00]), reconfiguring
[    2.223076] pci 0000:01:00.0: [8086:4232] type 00 class 0x028000
[    2.223138] pci 0000:01:00.0: reg 0x10: [mem 0x00000000-0x00001fff 64bit]
[    2.223358] pci 0000:01:00.0: PME# supported from D0 D3hot D3cold
[    2.245488] PCI: bus1: Fast back to back transfers disabled
[    2.245504] pci_bus 0000:01: busn_res: [bus 01-ff] end is updated to 01
[    2.245807] pci 0000:02:00.0: [10ec:8168] type 00 class 0x020000
[    2.245853] pci 0000:02:00.0: reg 0x10: [io  0x0000-0x00ff]
[    2.245897] pci 0000:02:00.0: reg 0x18: [mem 0x00000000-0x00000fff 64bit]
[    2.245926] pci 0000:02:00.0: reg 0x20: [mem 0x00000000-0x00003fff 64bit pref]
[    2.246095] pci 0000:02:00.0: supports D1 D2
[    2.246102] pci 0000:02:00.0: PME# supported from D0 D1 D2 D3hot D3cold
[    2.275474] PCI: bus2: Fast back to back transfers disabled
[    2.275489] pci_bus 0000:02: busn_res: [bus 02-ff] end is updated to 02
[    2.275710] pci 0000:00:01.0: BAR 8: assigned [mem 0x13000000-0x130fffff]
[    2.275720] pci 0000:00:02.0: BAR 8: assigned [mem 0x13100000-0x131fffff]
[    2.275730] pci 0000:00:02.0: BAR 9: assigned [mem 0x20000000-0x200fffff 64bit pref]
[    2.275739] pci 0000:00:02.0: BAR 7: assigned [io  0x1000-0x1fff]
[    2.275752] pci 0000:01:00.0: BAR 0: assigned [mem 0x13000000-0x13001fff 64bit]
[    2.275789] pci 0000:00:01.0: PCI bridge to [bus 01]
[    2.275801] pci 0000:00:01.0:   bridge window [mem 0x13000000-0x130fffff]
[    2.275822] pci 0000:02:00.0: BAR 4: assigned [mem 0x20000000-0x20003fff 64bit pref]
[    2.275852] pci 0000:02:00.0: BAR 2: assigned [mem 0x13100000-0x13100fff 64bit]
[    2.275882] pci 0000:02:00.0: BAR 0: assigned [io  0x1000-0x10ff]
[    2.275895] pci 0000:00:02.0: PCI bridge to [bus 02]
[    2.275903] pci 0000:00:02.0:   bridge window [io  0x1000-0x1fff]
[    2.275915] pci 0000:00:02.0:   bridge window [mem 0x13100000-0x131fffff]
[    2.275924] pci 0000:00:02.0:   bridge window [mem 0x20000000-0x200fffff 64bit pref]
[    2.275967] pci 0000:00:01.0: nv_msi_ht_cap_quirk didn't locate host bridge
[    2.276093] pcieport 0000:00:01.0: enabling device (0140 -> 0142)
[    2.276413] pcieport 0000:00:01.0: Signaling PME with IRQ 393
[    2.276540] pci 0000:00:02.0: nv_msi_ht_cap_quirk didn't locate host bridge
[    2.276630] pcieport 0000:00:02.0: enabling device (0140 -> 0143)
[    2.276891] pcieport 0000:00:02.0: Signaling PME with IRQ 394
[    2.277232] r8169 Gigabit Ethernet driver 2.3LK-NAPI loaded
[    2.277259] r8169 0000:02:00.0: enabling device (0140 -> 0143)
[    2.307186] r8169 0000:02:00.0 eth0: RTL8168g/8111g at 0xf0b5f000, 00:04:4b:3a:d9:81, XID 0c000800 IRQ 395
[    2.307196] r8169 0000:02:00.0 eth0: jumbo features [frames: 9200 bytes, tx checksumming: ko]
[    2.313139] +1.05V_RUN_AVDD_HDMI_PLL: supplied by +1.05V_RUN
[    2.315841] of: dev_pm_opp_of_cpumask_add_table: couldn't find opp table for cpu:0, -19
[    2.315940] cpufreq: cpufreq_online: CPU0: Running at unlisted freq: 696000 KHz
[    2.315967] cpufreq: cpufreq_online: CPU0: Unlisted initial frequency changed to: 714000 KHz
[    2.317063] input: gpio-keys as /devices/soc0/gpio-keys/input/input0
[    2.320308] as3722-rtc as3722-rtc: setting system clock to 2000-01-01 00:00:46 UTC (946684846)
[    2.320645] +3.3V_AVDD_HDMI_AP_GATED: disabling
[    2.320649] +USB0_VBUS_SW: disabling
[    2.320652] +1.05V_RUN_AVDD_HDMI_PLL: disabling
[    2.320654] +5V_HDMI_CON: disabling
[    2.320665] +1.8V_RUN_CAM: disabling
[    2.320896] +2.8V_RUN_CAM: disabling
[    2.321111] +1.2V_RUN_CAM_FRONT: disabling
[    2.321224] +1.05V_RUN_CAM_REAR: disabling
[    2.321388] +3.3V_RUN_TOUCH: disabling
[    2.321517] +2.8V_RUN_CAM_AF: disabling
[    2.321630] +1.8V_RUN_VPP_FUSE: disabling
[    2.398060] ata1: SATA link down (SStatus 0 SControl 300)
[    2.428191] mmc1: new high speed SDHC card at address aaaa
[    2.428850] mmcblk1: mmc1:aaaa SD04G 3.69 GiB 
[    2.438329]  mmcblk1: p1 p2 p3
[    2.816064] mmcblk0: mmc0:0001 SEM16G 14.7 GiB 
[    2.821101] mmcblk0boot0: mmc0:0001 SEM16G partition 1 4.00 MiB
[    2.827563] mmcblk0boot1: mmc0:0001 SEM16G partition 2 4.00 MiB
[    2.833745] mmcblk0rpmb: mmc0:0001 SEM16G partition 3 4.00 MiB
[    2.841149]  mmcblk0: p1
[    2.844762] EXT4-fs (mmcblk0p1): mounting ext3 file system using the ext4 subsystem
[    2.866285] EXT4-fs (mmcblk0p1): recovery complete
[    2.871071] EXT4-fs (mmcblk0p1): mounted filesystem with ordered data mode. Opts: (null)
[    2.879206] VFS: Mounted root (ext3 filesystem) on device 179:17.
[    2.888502] devtmpfs: mounted
[    2.892105] Freeing unused kernel memory: 2048K
bash: cannot set terminal process group (-1): Inappropriate ioctl for device
bash: no job control in this shell
root@(none):/# mount -t sysfs none /sys
root@(none):/# 
root@(none):/# mount -t debugfs none /sys/kernel/debug
root@(none):/# 
root@(none):/# rtcwake -d rtc1 -m mem -s 3
rtcwake: assuming RTC uses UTC ...
rtcwake: wakeup from "mem" using /dev/rtc1 at Thu Jan  1 00:00:20 1970
[    6.484805] PM: Syncing filesystems ... done.
[    6.493113] Freezing user space processes ... (elapsed 0.001 seconds) done.
[    6.501698] OOM killer disabled.
[    6.504936] Freezing remaining freezable tasks ... (elapsed 0.001 seconds) done.
[    6.514029] Suspending console(s) (use no_console_suspend to debug)
[    6.608825] PM: suspend of devices complete after 86.026 msecs
[    6.617249] PM: late suspend of devices complete after 8.385 msecs
[    6.650772] PM: noirq suspend of devices complete after 33.492 msecs
[    6.650787] Disabling non-boot CPUs ...
[    6.652752] IRQ357 no longer affine to CPU1
[    6.722122] IRQ358 no longer affine to CPU2
[    6.798712] IRQ17 no longer affine to CPU3
[    6.799259] IRQ359 no longer affine to CPU3
[    6.867912] Entering suspend state LP1
[    6.867912] Suspended for 3.011 seconds
[    6.867924] Enabling non-boot CPUs ...
[    6.887194] CPU1 is up
[    6.927097] CPU2 is up
[    6.967397] CPU3 is up
[    6.968066] pcieport 0000:00:01.0: nv_msi_ht_cap_quirk didn't locate host bridge
[    6.968234] pcieport 0000:00:02.0: nv_msi_ht_cap_quirk didn't locate host bridge
[    6.995350] PM: noirq resume of devices complete after 27.947 msecs
[    6.997167] PM: early resume of devices complete after 1.483 msecs
[    7.025587] PM: resume of devices complete after 28.410 msecs
[    7.116560] OOM killer enabled.
[    7.119690] Restarting tasks ... done.
root@(none):/# 
root@(none):/# [    7.327810] ata1: SATA link down (SStatus 0 SControl 300)
rtcwake -d rtc1 -m mem -s 3
rtcwake: assuming RTC uses UTC ...
rtcwake: wakeup from "mem" using /dev/rtc1 at Thu Jan  1 00:00:24 1970
[    7.485883] PM: Syncing filesystems ... done.
[    7.491130] Freezing user space processes ... (elapsed 0.001 seconds) done.
[    7.499258] OOM killer disabled.
[    7.502477] Freezing remaining freezable tasks ... (elapsed 0.001 seconds) done.
[    7.511136] Suspending console(s) (use no_console_suspend to debug)
[    7.518357] pci_generic_config_write32: 118 callbacks suppressed
[    7.518365] pci_bus 0000:00: 2-byte config write to 0000:00:02.0 offset 0x9c may corrupt adjacent RW1C bits
[    7.518375] pci_bus 0000:00: 2-byte config write to 0000:00:01.0 offset 0x9c may corrupt adjacent RW1C bits
[    7.597300] PM: suspend of devices complete after 79.185 msecs
[    7.599618] PM: late suspend of devices complete after 2.304 msecs
[    7.600182] pci_bus 0000:02: 2-byte config write to 0000:02:00.0 offset 0x44 may corrupt adjacent RW1C bits
[    7.600201] pci_bus 0000:02: 2-byte config write to 0000:02:00.0 offset 0x44 may corrupt adjacent RW1C bits
[    7.626676] PM: noirq suspend of devices complete after 27.049 msecs
[    7.626680] Disabling non-boot CPUs ...
[    7.627212] IRQ357 no longer affine to CPU1
[    7.669268] IRQ17 no longer affine to CPU2
[    7.669446] IRQ358 no longer affine to CPU2
[    7.729125] IRQ359 no longer affine to CPU3
[    7.758034] Entering suspend state LP1
[    7.758034] Suspended for 3.109 seconds
[    7.758046] Enabling non-boot CPUs ...
[    7.787412] CPU1 is up
[    7.827087] CPU2 is up
[    7.867365] CPU3 is up
[    7.867952] pci_bus 0000:00: 2-byte config write to 0000:00:02.0 offset 0x4c may corrupt adjacent RW1C bits
[    7.867961] pci_bus 0000:00: 2-byte config write to 0000:00:01.0 offset 0x4c may corrupt adjacent RW1C bits
[    7.867973] pci_bus 0000:00: 2-byte config write to 0000:00:02.0 offset 0x88 may corrupt adjacent RW1C bits
[    7.867979] pci_bus 0000:00: 2-byte config write to 0000:00:01.0 offset 0x88 may corrupt adjacent RW1C bits
[    7.867985] pci_bus 0000:00: 2-byte config write to 0000:00:02.0 offset 0x90 may corrupt adjacent RW1C bits
[    7.867991] pci_bus 0000:00: 2-byte config write to 0000:00:01.0 offset 0x90 may corrupt adjacent RW1C bits
[    7.868096] pcieport 0000:00:02.0: nv_msi_ht_cap_quirk didn't locate host bridge
[    7.868098] pcieport 0000:00:01.0: nv_msi_ht_cap_quirk didn't locate host bridge
[    7.895322] PM: noirq resume of devices complete after 27.951 msecs
[    7.897313] PM: early resume of devices complete after 1.649 msecs
[    7.935508] PM: resume of devices complete after 38.184 msecs
[    8.129781] OOM killer enabled.
[    8.132917] Restarting tasks ... done.
root@(none):/# 
root@(none):/# [    8.227820] ata1: SATA link down (SStatus 0 SControl 300)
rtcwake -d rtc1 -m mem -s 3
rtcwake: assuming RTC uses UTC ...
rtcwake: wakeup from "mem" using /dev/rtc1 at Thu Jan  1 00:00:29 1970
[    9.374582] PM: Syncing filesystems ... done.
[    9.379665] Freezing user space processes ... (elapsed 0.001 seconds) done.
[    9.387818] OOM killer disabled.
[    9.391034] Freezing remaining freezable tasks ... (elapsed 0.001 seconds) done.
[    9.399635] Suspending console(s) (use no_console_suspend to debug)
[    9.486752] PM: suspend of devices complete after 80.394 msecs
[    9.488300] PM: late suspend of devices complete after 1.539 msecs
[    9.515760] PM: noirq suspend of devices complete after 27.456 msecs
[    9.515762] Disabling non-boot CPUs ...
[    9.515954] IRQ17 no longer affine to CPU1
[    9.516006] IRQ357 no longer affine to CPU1
[    9.696742] Entering suspend state LP1
[    9.696742] Suspended for 3.061 seconds
[    9.696752] Enabling non-boot CPUs ...
[    9.726615] CPU1 is up
[    9.766469] CPU2 is up
[    9.806664] CPU3 is up
[    9.807210] pcieport 0000:00:01.0: nv_msi_ht_cap_quirk didn't locate host bridge
[    9.807211] pcieport 0000:00:02.0: nv_msi_ht_cap_quirk didn't locate host bridge
[    9.835281] PM: noirq resume of devices complete after 28.612 msecs
[    9.836608] PM: early resume of devices complete after 1.036 msecs
[    9.865477] PM: resume of devices complete after 28.860 msecs
[    9.947859] OOM killer enabled.
[    9.950988] Restarting tasks ... done.
root@(none):/# 
root@(none):/# [   10.167821] ata1: SATA link down (SStatus 0 SControl 300)
rtcwake -d rtc1 -m mem -s 3
rtcwake: assuming RTC uses UTC ...
rtcwake: wakeup from "mem" using /dev/rtc1 at Thu Jan  1 00:00:33 1970
[   10.316179] PM: Syncing filesystems ... done.
[   10.321472] Freezing user space processes ... (elapsed 0.001 seconds) done.
[   10.329596] OOM killer disabled.
[   10.332813] Freezing remaining freezable tasks ... (elapsed 0.001 seconds) done.
[   10.341473] Suspending console(s) (use no_console_suspend to debug)
[   10.427093] PM: suspend of devices complete after 78.637 msecs
[   10.430353] PM: late suspend of devices complete after 3.245 msecs
[   10.456622] PM: noirq suspend of devices complete after 26.260 msecs
[   10.456626] Disabling non-boot CPUs ...
[   10.617984] Entering suspend state LP1
[   10.617984] Suspended for 3.078 seconds
[   10.617996] Enabling non-boot CPUs ...
[   10.647338] CPU1 is up
[   10.687019] CPU2 is up
[   10.727311] CPU3 is up
[   10.728008] pcieport 0000:00:02.0: nv_msi_ht_cap_quirk didn't locate host bridge
[   10.728010] pcieport 0000:00:01.0: nv_msi_ht_cap_quirk didn't locate host bridge
[   10.755262] PM: noirq resume of devices complete after 27.945 msecs
[   10.757120] PM: early resume of devices complete after 1.537 msecs
[   10.785438] PM: resume of devices complete after 28.307 msecs
[   10.859850] OOM killer enabled.
[   10.862979] Restarting tasks ... done.
root@(none):/# 
root@(none):/# [   11.087772] ata1: SATA link down (SStatus 0 SControl 300)
rtcwake -d rtc1 -m mem -s 3
rtcwake: assuming RTC uses UTC ...
rtcwake: wakeup from "mem" using /dev/rtc1 at Thu Jan  1 00:00:37 1970
[   11.241866] PM: Syncing filesystems ... done.
[   11.247554] Freezing user space processes ... (elapsed 0.001 seconds) done.
[   11.255790] OOM killer disabled.
[   11.259009] Freezing remaining freezable tasks ... (elapsed 0.001 seconds) done.
[   11.267700] Suspending console(s) (use no_console_suspend to debug)
[   11.357009] PM: suspend of devices complete after 82.256 msecs
[   11.359642] PM: late suspend of devices complete after 2.619 msecs
[   11.386737] PM: noirq suspend of devices complete after 27.086 msecs
[   11.386742] Disabling non-boot CPUs ...
[   11.548470] Entering suspend state LP1
[   11.548470] Suspended for 3.069 seconds
[   11.548482] Enabling non-boot CPUs ...
[   11.577084] CPU1 is up
[   11.616998] CPU2 is up
[   11.657290] CPU3 is up
[   11.657971] pcieport 0000:00:02.0: nv_msi_ht_cap_quirk didn't locate host bridge
[   11.657973] pcieport 0000:00:01.0: nv_msi_ht_cap_quirk didn't locate host bridge
[   11.685237] PM: noirq resume of devices complete after 27.941 msecs
[   11.686824] PM: early resume of devices complete after 1.243 msecs
[   11.725423] PM: resume of devices complete after 38.588 msecs
[   11.799832] OOM killer enabled.
[   11.802961] Restarting tasks ... done.
root@(none):/# 
root@(none):/# [   12.017728] ata1: SATA link down (SStatus 0 SControl 300)
rtcwake -d rtc1 -m mem -s 3
rtcwake: assuming RTC uses UTC ...
rtcwake: wakeup from "mem" using /dev/rtc1 at Thu Jan  1 00:00:41 1970
[   12.166782] PM: Syncing filesystems ... done.
[   12.172230] Freezing user space processes ... (elapsed 0.001 seconds) done.
[   12.180486] OOM killer disabled.
[   12.183706] Freezing remaining freezable tasks ... (elapsed 0.001 seconds) done.
[   12.192428] Suspending console(s) (use no_console_suspend to debug)
[   12.276936] PM: suspend of devices complete after 77.330 msecs
[   12.279915] PM: late suspend of devices complete after 2.963 msecs
[   12.306957] PM: noirq suspend of devices complete after 27.032 msecs
[   12.306962] Disabling non-boot CPUs ...
[   12.307653] migrate_irqs: 10 callbacks suppressed
[   12.307659] IRQ357 no longer affine to CPU1
[   12.360577] IRQ358 no longer affine to CPU2
[   12.420103] IRQ359 no longer affine to CPU3
[   12.478714] Entering suspend state LP1
[   12.478714] Suspended for 3.069 seconds
[   12.478726] Enabling non-boot CPUs ...
[   12.507308] CPU1 is up
[   12.546968] CPU2 is up
[   12.587250] CPU3 is up
[   12.587821] pci_generic_config_write32: 162 callbacks suppressed
[   12.587828] pci_bus 0000:00: 2-byte config write to 0000:00:02.0 offset 0x4c may corrupt adjacent RW1C bits
[   12.587838] pci_bus 0000:00: 2-byte config write to 0000:00:02.0 offset 0x88 may corrupt adjacent RW1C bits
[   12.587844] pci_bus 0000:00: 2-byte config write to 0000:00:02.0 offset 0x90 may corrupt adjacent RW1C bits
[   12.587849] pci_bus 0000:00: 2-byte config write to 0000:00:02.0 offset 0x98 may corrupt adjacent RW1C bits
[   12.587855] pci_bus 0000:00: 2-byte config write to 0000:00:02.0 offset 0x9c may corrupt adjacent RW1C bits
[   12.587861] pci_bus 0000:00: 2-byte config write to 0000:00:02.0 offset 0xa8 may corrupt adjacent RW1C bits
[   12.587866] pci_bus 0000:00: 2-byte config write to 0000:00:02.0 offset 0xb0 may corrupt adjacent RW1C bits
[   12.587895] pci_bus 0000:00: 2-byte config write to 0000:00:02.0 offset 0x52 may corrupt adjacent RW1C bits
[   12.587902] pci_bus 0000:00: 2-byte config write to 0000:00:02.0 offset 0x52 may corrupt adjacent RW1C bits
[   12.587908] pci_bus 0000:00: 2-byte config write to 0000:00:02.0 offset 0x5c may corrupt adjacent RW1C bits
[   12.587931] pcieport 0000:00:02.0: nv_msi_ht_cap_quirk didn't locate host bridge
[   12.588042] pcieport 0000:00:01.0: nv_msi_ht_cap_quirk didn't locate host bridge
[   12.615207] PM: noirq resume of devices complete after 27.950 msecs
[   12.617212] PM: early resume of devices complete after 1.692 msecs
[   12.645435] PM: resume of devices complete after 28.212 msecs
[   12.840187] OOM killer enabled.
[   12.843321] Restarting tasks ... done.
root@(none):/# 
root@(none):/# [   12.947650] ata1: SATA link down (SStatus 0 SControl 300)
rtcwake -d rtc1 -m mem -s 3
rtcwake: assuming RTC uses UTC ...
rtcwake: wakeup from "mem" using /dev/rtc1 at Thu Jan  1 00:00:46 1970
[   14.114936] PM: Syncing filesystems ... done.
[   14.122316] Freezing user space processes ... (elapsed 0.001 seconds) done.
[   14.130947] OOM killer disabled.
[   14.134183] Freezing remaining freezable tasks ... (elapsed 0.001 seconds) done.
[   14.143282] Suspending console(s) (use no_console_suspend to debug)
[   14.238687] PM: suspend of devices complete after 86.648 msecs
[   14.247459] PM: late suspend of devices complete after 8.733 msecs
[   14.280489] PM: noirq suspend of devices complete after 32.999 msecs
[   14.280503] Disabling non-boot CPUs ...
[   14.282437] IRQ357 no longer affine to CPU1
[   14.350562] IRQ358 no longer affine to CPU2
[   14.428354] IRQ359 no longer affine to CPU3
[   14.465295] Entering suspend state LP1
[   14.465295] Suspended for 3.013 seconds
[   14.465307] Enabling non-boot CPUs ...
[   14.487263] CPU1 is up
[   14.526932] CPU2 is up
[   14.567208] CPU3 is up
[   14.567894] pcieport 0000:00:01.0: nv_msi_ht_cap_quirk didn't locate host bridge
[   14.567896] pcieport 0000:00:02.0: nv_msi_ht_cap_quirk didn't locate host bridge
[   14.605283] PM: noirq resume of devices complete after 38.069 msecs
[   14.607093] PM: early resume of devices complete after 1.479 msecs
[   14.635368] PM: resume of devices complete after 28.264 msecs
[   14.722280] OOM killer enabled.
[   14.725411] Restarting tasks ... done.
root@(none):/# 
root@(none):/# [   14.937606] ata1: SATA link down (SStatus 0 SControl 300)
rtcwake -d rtc1 -m mem -s 3
rtcwake: assuming RTC uses UTC ...
rtcwake: wakeup from "mem" using /dev/rtc1 at Thu Jan  1 00:00:50 1970
[   15.086709] PM: Syncing filesystems ... done.
[   15.092023] Freezing user space processes ... (elapsed 0.001 seconds) done.
[   15.100172] OOM killer disabled.
[   15.103392] Freezing remaining freezable tasks ... (elapsed 0.001 seconds) done.
[   15.112073] Suspending console(s) (use no_console_suspend to debug)
[   15.196921] PM: suspend of devices complete after 77.787 msecs
[   15.199430] PM: late suspend of devices complete after 2.496 msecs
[   15.226568] PM: noirq suspend of devices complete after 27.127 msecs
[   15.226572] Disabling non-boot CPUs ...
[   15.227133] IRQ357 no longer affine to CPU1
[   15.289706] IRQ358 no longer affine to CPU2
[   15.349613] IRQ359 no longer affine to CPU3
[   15.398375] Entering suspend state LP1
[   15.398375] Suspended for 3.066 seconds
[   15.398388] Enabling non-boot CPUs ...
[   15.426990] CPU1 is up
[   15.466919] CPU2 is up
[   15.507199] CPU3 is up
[   15.507885] pcieport 0000:00:02.0: nv_msi_ht_cap_quirk didn't locate host bridge
[   15.507887] pcieport 0000:00:01.0: nv_msi_ht_cap_quirk didn't locate host bridge
[   15.535140] PM: noirq resume of devices complete after 27.935 msecs
[   15.537135] PM: early resume of devices complete after 1.649 msecs
[   15.565369] PM: resume of devices complete after 28.224 msecs
[   15.652246] OOM killer enabled.
[   15.655378] Restarting tasks ... done.
root@(none):/# 
root@(none):/# [   15.867612] ata1: SATA link down (SStatus 0 SControl 300)
rtcwake -d rtc1 -m mem -s 3
rtcwake: assuming RTC uses UTC ...
rtcwake: wakeup from "mem" using /dev/rtc1 at Thu Jan  1 00:00:54 1970
[   16.026241] PM: Syncing filesystems ... done.
[   16.031796] Freezing user space processes ... (elapsed 0.001 seconds) done.
[   16.040023] OOM killer disabled.
[   16.043242] Freezing remaining freezable tasks ... (elapsed 0.001 seconds) done.
[   16.051913] Suspending console(s) (use no_console_suspend to debug)
[   16.136847] PM: suspend of devices complete after 77.958 msecs
[   16.139150] PM: late suspend of devices complete after 2.290 msecs
[   16.166404] PM: noirq suspend of devices complete after 27.244 msecs
[   16.166408] Disabling non-boot CPUs ...
[   16.166783] IRQ17 no longer affine to CPU1
[   16.337983] Entering suspend state LP1
[   16.337983] Suspended for 3.060 seconds
[   16.337996] Enabling non-boot CPUs ...
[   16.366964] CPU1 is up
[   16.406876] CPU2 is up
[   16.447173] CPU3 is up
[   16.447812] pcieport 0000:00:02.0: nv_msi_ht_cap_quirk didn't locate host bridge
[   16.447916] pcieport 0000:00:01.0: nv_msi_ht_cap_quirk didn't locate host bridge
[   16.485220] PM: noirq resume of devices complete after 38.041 msecs
[   16.487194] PM: early resume of devices complete after 1.631 msecs
[   16.515301] PM: resume of devices complete after 28.096 msecs
[   16.593810] OOM killer enabled.
[   16.596943] Restarting tasks ... done.
root@(none):/# 
root@(none):/# [   16.817634] ata1: SATA link down (SStatus 0 SControl 300)
rtcwake -d rtc1 -m mem -s 3
rtcwake: assuming RTC uses UTC ...
rtcwake: wakeup from "mem" using /dev/rtc1 at Thu Jan  1 00:00:58 1970
[   16.965920] PM: Syncing filesystems ... done.
[   16.971383] Freezing user space processes ... (elapsed 0.001 seconds) done.
[   16.979542] OOM killer disabled.
[   16.982761] Freezing remaining freezable tasks ... (elapsed 0.001 seconds) done.
[   16.991449] Suspending console(s) (use no_console_suspend to debug)
[   17.076877] PM: suspend of devices complete after 78.365 msecs
[   17.079313] PM: late suspend of devices complete after 2.426 msecs
[   17.106509] PM: noirq suspend of devices complete after 27.187 msecs
[   17.106514] Disabling non-boot CPUs ...
[   17.258794] Entering suspend state LP1
[   17.258794] Suspended for 3.079 seconds
[   17.258806] Enabling non-boot CPUs ...
[   17.286920] CPU1 is up
[   17.326842] CPU2 is up
[   17.367121] CPU3 is up
[   17.367814] pcieport 0000:00:02.0: nv_msi_ht_cap_quirk didn't locate host bridge
[   17.367816] pcieport 0000:00:01.0: nv_msi_ht_cap_quirk didn't locate host bridge
[   17.395079] PM: noirq resume of devices complete after 27.952 msecs
[   17.397052] PM: early resume of devices complete after 1.634 msecs
[   17.435266] PM: resume of devices complete after 38.203 msecs
[   17.509686] OOM killer enabled.
[   17.512815] Restarting tasks ... done.
root@(none):/# 
roNVTB SYSTEM SUSPEND TEST COMPLETE
ot@(none):/# [   17.727598] ata1: SATA link down (SStatus 0 SControl 300)
