
U-Boot SPL 2015.04-rc3-00209-ga74ef40 (Mar 16 2015 - 14:43:39)


U-Boot 2015.04-rc3-00209-ga74ef40 (Mar 16 2015 - 14:43:39)

TEGRA20
Model: Compulab TrimSlice board
DRAM:  1 GiB
MMC:   Tegra SD/MMC: 0, Tegra SD/MMC: 1
SF: Detected W25Q80BL with page size 256 Bytes, erase size 4 KiB, total 1 MiB
tegra-pcie: PCI regions:
tegra-pcie:   I/O: 0x82000000-0x82010000
tegra-pcie:   non-prefetchable memory: 0xa0000000-0xa8000000
tegra-pcie:   prefetchable memory: 0xa8000000-0xc0000000
tegra-pcie: dual-mode configuration
tegra-pcie: probing port 0, using 2 lanes
In:    serial
Out:   serial
Err:   serial
Net:   RTL8169#0
Hit any key to stop autoboot:  2  0 
Tegra20 (TrimSlice) # 
Tegra20 (TrimSlice) # usb reset
resetting USB...
USB0:   USB EHCI 1.00
scanning bus 0 for devices... 3 USB Device(s) found
USB1:   USB EHCI 1.00
scanning bus 1 for devices... 1 USB Device(s) found
USB2:   lowlevel init failed
       scanning usb for storage devices... 0 Storage Device(s) found
       scanning usb for ethernet devices... 
Warning: asx0 using MAC address from net device
1 Ethernet Device(s) found
Tegra20 (TrimSlice) # setenv bootargs 'ignore_loglevel console=ttyS0,115200n8 rw root=PARTUUID=11eb23c1-01 rootwait gpt debug noinitrd earlyprintk init=/bin/bash'
Tegra20 (TrimSlice) # setenv ipaddr 192.168.100.103; setenv serverip 192.168.100.1; setenv tftpserverip 192.168.100.1
Tegra20 (TrimSlice) # tftpboot 0x00408000 zImage.multi_v7_defconfig
Using RTL8169#0 device
TFTP from server 192.168.100.1; our IP address is 192.168.100.103
Filename 'zImage.multi_v7_defconfig'.
Load address: 0x408000
Loading: *#################################################################
	 #################################################################
	 #################################################################
	 #################################################################
	 #################################################################
	 #################################################################
	 #################################################################
	 #################################################################
	 ################
	 3.5 MiB/s
done
Bytes transferred = 7858208 (77e820 hex)
Tegra20 (TrimSlice) # tftpboot 0x02408000 tegra20-trimslice.dtb
Using RTL8169#0 device
TFTP from server 192.168.100.1; our IP address is 192.168.100.103
Filename 'tegra20-trimslice.dtb'.
Load address: 0x2408000
Loading: *##
	 3.4 MiB/s
done
Bytes transferred = 21426 (53b2 hex)
Tegra20 (TrimSlice) # bootz 0x00408000 - 0x02408000
Kernel image @ 0x408000 [ 0x000000 - 0x77e820 ]
## Flattened Device Tree blob at 02408000
   Booting using the fdt blob at 0x2408000
   Using Device Tree in place at 02408000, end 024103b1

Starting kernel ...

[    0.000000] Booting Linux on physical CPU 0x0
[    0.000000] Linux version 4.11.0-rc4-next-20170330-162498-g6fd3fc1 (jonathanh@sellafield) (gcc version 4.7.3 20130328 (prerelease) (crosstool-NG linaro-1.13.1-4.7-2013.04-20130415 - Linaro GCC 2013.04) ) #1 SMP Wed Mar 29 23:04:11 PDT 2017
[    0.000000] CPU: ARMv7 Processor [411fc090] revision 0 (ARMv7), cr=10c5387d
[    0.000000] CPU: PIPT / VIPT nonaliasing data cache, VIPT aliasing instruction cache
[    0.000000] OF: fdt: Machine model: Compulab TrimSlice board
[    0.000000] debug: ignoring loglevel setting.
[    0.000000] efi: Getting EFI parameters from FDT:
[    0.000000] efi: UEFI not found.
[    0.000000] cma: Reserved 64 MiB at 0x3c000000
[    0.000000] Memory policy: Data cache writealloc
[    0.000000] On node 0 totalpages: 262144
[    0.000000] free_area_init_node: node 0, pgdat c157d240, node_mem_map ef7f8000
[    0.000000]   DMA zone: 1536 pages used for memmap
[    0.000000]   DMA zone: 0 pages reserved
[    0.000000]   DMA zone: 196608 pages, LIFO batch:31
[    0.000000]   HighMem zone: 65536 pages, LIFO batch:15
[    0.000000] percpu: Embedded 17 pages/cpu @ef7c4000 s38528 r8192 d22912 u69632
[    0.000000] pcpu-alloc: s38528 r8192 d22912 u69632 alloc=17*4096
[    0.000000] pcpu-alloc: [0] 0 [0] 1 
[    0.000000] Built 1 zonelists in Zone order, mobility grouping on.  Total pages: 260608
[    0.000000] Kernel command line: ignore_loglevel console=ttyS0,115200n8 rw root=PARTUUID=11eb23c1-01 rootwait gpt debug noinitrd earlyprintk init=/bin/bash
[    0.000000] PID hash table entries: 4096 (order: 2, 16384 bytes)
[    0.000000] Dentry cache hash table entries: 131072 (order: 7, 524288 bytes)
[    0.000000] Inode-cache hash table entries: 65536 (order: 6, 262144 bytes)
[    0.000000] Memory: 954404K/1048576K available (10240K kernel code, 1555K rwdata, 4384K rodata, 2048K init, 417K bss, 28636K reserved, 65536K cma-reserved, 196608K highmem)
[    0.000000] Virtual kernel memory layout:
[    0.000000]     vector  : 0xffff0000 - 0xffff1000   (   4 kB)
[    0.000000]     fixmap  : 0xffc00000 - 0xfff00000   (3072 kB)
[    0.000000]     vmalloc : 0xf0800000 - 0xff800000   ( 240 MB)
[    0.000000]     lowmem  : 0xc0000000 - 0xf0000000   ( 768 MB)
[    0.000000]     pkmap   : 0xbfe00000 - 0xc0000000   (   2 MB)
[    0.000000]     modules : 0xbf000000 - 0xbfe00000   (  14 MB)
[    0.000000]       .text : 0xc0208000 - 0xc0d00000   (11232 kB)
[    0.000000]       .init : 0xc1200000 - 0xc1400000   (2048 kB)
[    0.000000]       .data : 0xc1400000 - 0xc1584c90   (1556 kB)
[    0.000000]        .bss : 0xc1586000 - 0xc15ee588   ( 418 kB)
[    0.000000] SLUB: HWalign=64, Order=0-3, MinObjects=0, CPUs=2, Nodes=1
[    0.000000] Hierarchical RCU implementation.
[    0.000000] 	RCU debugfs-based tracing is enabled.
[    0.000000] 	RCU restricting CPUs from NR_CPUS=16 to nr_cpu_ids=2.
[    0.000000] RCU: Adjusting geometry for rcu_fanout_leaf=16, nr_cpu_ids=2
[    0.000000] NR_IRQS:16 nr_irqs:16 16
[    0.000000] /interrupt-controller@60004000: 128 interrupts forwarded to /interrupt-controller@50041000
[    0.000000] L2C: platform modifies aux control register: 0x02080000 -> 0x3e480001
[    0.000000] L2C: DT/platform modifies aux control register: 0x02080000 -> 0x3e480001
[    0.000000] L2C-310 errata 727915 769419 enabled
[    0.000000] L2C-310 enabling early BRESP for Cortex-A9
[    0.000000] L2C-310: enabling full line of zeros but not enabled in Cortex-A9
[    0.000000] L2C-310 ID prefetch enabled, offset 1 lines
[    0.000000] L2C-310 cache controller enabled, 8 ways, 1024 kB
[    0.000000] L2C-310: CACHE_ID 0x410000c4, AUX_CTRL 0x7e480001
[    0.000009] sched_clock: 32 bits at 1000kHz, resolution 1000ns, wraps every 2147483647500ns
[    0.000025] clocksource: timer_us: mask: 0xffffffff max_cycles: 0xffffffff, max_idle_ns: 1911260446275 ns
[    0.000036] Switching to timer-based delay loop, resolution 1000ns
[    0.001658] Console: colour dummy device 80x30
[    0.001682] Calibrating delay loop (skipped), value calculated using timer frequency.. 2.00 BogoMIPS (lpj=10000)
[    0.001694] pid_max: default: 32768 minimum: 301
[    0.001773] Mount-cache hash table entries: 2048 (order: 1, 8192 bytes)
[    0.001784] Mountpoint-cache hash table entries: 2048 (order: 1, 8192 bytes)
[    0.002212] CPU: Testing write buffer coherency: ok
[    0.002420] CPU0: thread -1, cpu 0, socket 0, mpidr 80000000
[    0.002647] Setting up static identity map for 0x300000 - 0x300098
[    0.004079] Tegra Revision: A03 prime SKU: 8 CPU Process: 1 SoC Process: 2
[    0.004465] EFI services will not be available.
[    0.004632] smp: Bringing up secondary CPUs ...
[    0.005177] CPU1: thread -1, cpu 1, socket 0, mpidr 80000001
[    0.005241] smp: Brought up 1 node, 2 CPUs
[    0.005252] SMP: Total of 2 processors activated (4.00 BogoMIPS).
[    0.005258] CPU: All CPU(s) started in SVC mode.
[    0.005906] devtmpfs: initialized
[    0.009616] VFP support v0.3: implementor 41 architecture 3 part 30 variant 9 rev 1
[    0.009832] clocksource: jiffies: mask: 0xffffffff max_cycles: 0xffffffff, max_idle_ns: 19112604462750000 ns
[    0.009848] futex hash table entries: 512 (order: 3, 32768 bytes)
[    0.012838] pinctrl core: initialized pinctrl subsystem
[    0.014078] NET: Registered protocol family 16
[    0.016096] DMA: preallocated 256 KiB pool for atomic coherent allocations
[    0.017544] cpuidle: using governor menu
[    0.034980] No ATAGs?
[    0.035047] hw-breakpoint: found 5 (+1 reserved) breakpoint and 1 watchpoint registers.
[    0.035059] hw-breakpoint: maximum watchpoint size is 4 bytes.
[    0.040236] Serial: AMBA PL011 UART driver
[    0.051472] AT91: Could not find identification node
[    0.052001] usb1_vbus: Failed to request enable GPIO170: -517
[    0.052017] reg-fixed-voltage regulators:regulator@2: Failed to register regulator: -517
[    0.055385] vgaarb: loaded
[    0.055954] SCSI subsystem initialized
[    0.056079] libata version 3.00 loaded.
[    0.056265] usbcore: registered new interface driver usbfs
[    0.056308] usbcore: registered new interface driver hub
[    0.056346] usbcore: registered new device driver usb
[    0.058300] pps_core: LinuxPPS API ver. 1 registered
[    0.058308] pps_core: Software ver. 5.3.6 - Copyright 2005-2007 Rodolfo Giometti <giometti@linux.it>
[    0.058324] PTP clock support registered
[    0.058461] EDAC MC: Ver: 3.0.0
[    0.060239] clocksource: Switched to clocksource timer_us
[    0.099369] NET: Registered protocol family 2
[    0.099804] TCP established hash table entries: 8192 (order: 3, 32768 bytes)
[    0.099875] TCP bind hash table entries: 8192 (order: 4, 65536 bytes)
[    0.099988] TCP: Hash tables configured (established 8192 bind 8192)
[    0.100100] UDP hash table entries: 512 (order: 2, 16384 bytes)
[    0.100152] UDP-Lite hash table entries: 512 (order: 2, 16384 bytes)
[    0.100363] NET: Registered protocol family 1
[    0.100649] RPC: Registered named UNIX socket transport module.
[    0.100657] RPC: Registered udp transport module.
[    0.100663] RPC: Registered tcp transport module.
[    0.100668] RPC: Registered tcp NFSv4.1 backchannel transport module.
[    0.100676] PCI: CLS 0 bytes, default 64
[    0.101493] hw perfevents: enabled with armv7_cortex_a9 PMU driver, 7 counters available
[    0.102884] workingset: timestamp_bits=30 max_order=18 bucket_order=0
[    0.109659] squashfs: version 4.0 (2009/01/31) Phillip Lougher
[    0.110309] NFS: Registering the id_resolver key type
[    0.110332] Key type id_resolver registered
[    0.110339] Key type id_legacy registered
[    0.110376] ntfs: driver 2.1.32 [Flags: R/O].
[    0.111581] bounce: pool size: 64 pages
[    0.111620] Block layer SCSI generic (bsg) driver version 0.4 loaded (major 248)
[    0.111628] io scheduler noop registered
[    0.111634] io scheduler deadline registered
[    0.111786] io scheduler cfq registered (default)
[    0.111793] io scheduler mq-deadline registered
[    0.122658] tegra-pcie 80003000.pcie-controller: dual-mode configuration
[    0.123360] tegra-pcie 80003000.pcie-controller: probing port 0, using 2 lanes
[    0.205839] tegra-pcie 80003000.pcie-controller: PCI host bridge to bus 0000:00
[    0.205851] pci_bus 0000:00: root bus resource [io  0x0000-0xffff]
[    0.205859] pci_bus 0000:00: root bus resource [mem 0xa0000000-0xa7ffffff]
[    0.205868] pci_bus 0000:00: root bus resource [mem 0xa8000000-0xbfffffff pref]
[    0.205876] pci_bus 0000:00: root bus resource [bus 00-ff]
[    0.205905] pci 0000:00:01.0: [10de:0bf0] type 01 class 0x060000
[    0.205933] pci_bus 0000:00: 2-byte config write to 0000:00:01.0 offset 0x88 may corrupt adjacent RW1C bits
[    0.205968] pci_bus 0000:00: 2-byte config write to 0000:00:01.0 offset 0x52 may corrupt adjacent RW1C bits
[    0.205991] pci 0000:00:01.0: PME# supported from D0 D1 D2 D3hot D3cold
[    0.206002] pci_bus 0000:00: 2-byte config write to 0000:00:01.0 offset 0x4c may corrupt adjacent RW1C bits
[    0.206178] pci_bus 0000:00: 2-byte config write to 0000:00:01.0 offset 0x3e may corrupt adjacent RW1C bits
[    0.206190] pci_bus 0000:00: 2-byte config write to 0000:00:01.0 offset 0x4 may corrupt adjacent RW1C bits
[    0.206201] pci_bus 0000:00: 1-byte config write to 0000:00:01.0 offset 0xc may corrupt adjacent RW1C bits
[    0.206207] PCI: bus0: Fast back to back transfers disabled
[    0.206216] pci 0000:00:01.0: bridge configuration invalid ([bus 00-00]), reconfiguring
[    0.206226] pci_bus 0000:00: 2-byte config write to 0000:00:01.0 offset 0x3e may corrupt adjacent RW1C bits
[    0.206237] pci_bus 0000:00: 2-byte config write to 0000:00:01.0 offset 0x3e may corrupt adjacent RW1C bits
[    0.206248] pci_bus 0000:00: 2-byte config write to 0000:00:01.0 offset 0x3e may corrupt adjacent RW1C bits
[    0.206257] pci_bus 0000:00: 2-byte config write to 0000:00:01.0 offset 0x6 may corrupt adjacent RW1C bits
[    0.206384] pci 0000:01:00.0: [10ec:8168] type 00 class 0x020000
[    0.206408] pci 0000:01:00.0: reg 0x10: [io  0x0000-0x00ff]
[    0.206432] pci 0000:01:00.0: reg 0x18: [mem 0x00000000-0x00000fff 64bit pref]
[    0.206450] pci 0000:01:00.0: reg 0x20: [mem 0x00000000-0x00003fff 64bit pref]
[    0.206463] pci 0000:01:00.0: reg 0x30: [mem 0x00000000-0x0001ffff pref]
[    0.206543] pci 0000:01:00.0: supports D1 D2
[    0.206552] pci 0000:01:00.0: PME# supported from D0 D1 D2 D3hot D3cold
[    0.230279] PCI: bus1: Fast back to back transfers disabled
[    0.230292] pci_bus 0000:01: busn_res: [bus 01-ff] end is updated to 01
[    0.230305] Disabling cpuidle LP2 state, since PCIe IRQs are in use
[    0.230365] pci 0000:00:01.0: BAR 8: assigned [mem 0xa0000000-0xa00fffff]
[    0.230377] pci 0000:00:01.0: BAR 9: assigned [mem 0xa8000000-0xa80fffff 64bit pref]
[    0.230386] pci 0000:00:01.0: BAR 7: assigned [io  0x1000-0x1fff]
[    0.230398] pci 0000:01:00.0: BAR 6: assigned [mem 0xa0000000-0xa001ffff pref]
[    0.230407] pci 0000:01:00.0: BAR 4: assigned [mem 0xa8000000-0xa8003fff 64bit pref]
[    0.230427] pci 0000:01:00.0: BAR 2: assigned [mem 0xa8004000-0xa8004fff 64bit pref]
[    0.230445] pci 0000:01:00.0: BAR 0: assigned [io  0x1000-0x10ff]
[    0.230456] pci 0000:00:01.0: PCI bridge to [bus 01]
[    0.230465] pci 0000:00:01.0:   bridge window [io  0x1000-0x1fff]
[    0.230474] pci 0000:00:01.0:   bridge window [mem 0xa0000000-0xa00fffff]
[    0.230482] pci 0000:00:01.0:   bridge window [mem 0xa8000000-0xa80fffff 64bit pref]
[    0.230505] pci 0000:00:01.0: nv_msi_ht_cap_quirk didn't locate host bridge
[    0.230555] pcieport 0000:00:01.0: enabling device (0140 -> 0143)
[    0.230752] pcieport 0000:00:01.0: Signaling PME with IRQ 295
[    0.236660] tegra-apbdma 6000a000.dma: Tegra20 APB DMA driver register 16 channels
[    0.285839] Serial: 8250/16550 driver, 4 ports, IRQ sharing disabled
[    0.288052] console [ttyS0] disabled
[    0.288088] 70006000.serial: ttyS0 at MMIO 0x70006000 (irq = 279, base_baud = 13500000) is a Tegra
[    1.343373] console [ttyS0] enabled
[    1.347451] SuperH (H)SCI(F) driver initialized
[    1.352693] msm_serial: driver initialized
[    1.356906] STMicroelectronics ASC driver initialized
[    1.366192] tegra-hdmi 54280000.hdmi: 54280000.hdmi supply hdmi not found, using dummy regulator
[    1.376943] [drm] Supports vblank timestamp caching Rev 2 (21.10.2013).
[    1.383566] [drm] No driver support for vblank timestamp query.
[    1.389506] [drm] Cannot find any crtc or sizes - going 1024x768
[    1.411744] Console: switching to colour frame buffer device 128x48
[    1.426418] drm drm: fb0:  frame buffer device
[    1.430914] [drm] Initialized tegra 0.0.0 20120330 for drm on minor 0
[    1.446327] brd: module loaded
[    1.455093] loop: module loaded
[    1.464150] m25p80 spi32766.0: found s25fl008k, expected w25q80bl
[    1.470264] m25p80 spi32766.0: s25fl008k (1024 Kbytes)
[    1.477575] libphy: Fixed MDIO Bus: probed
[    1.482531] CAN device driver interface
[    1.487024] bgmac_bcma: Broadcom 47xx GBit MAC driver loaded
[    1.493596] e1000e: Intel(R) PRO/1000 Network Driver - 3.2.6-k
[    1.499413] e1000e: Copyright(c) 1999 - 2015 Intel Corporation.
[    1.505394] igb: Intel(R) Gigabit Ethernet Network Driver - version 5.4.0-k
[    1.512349] igb: Copyright (c) 2007-2014 Intel Corporation.
[    1.518418] r8169 Gigabit Ethernet driver 2.3LK-NAPI loaded
[    1.524017] r8169 0000:01:00.0: enabling device (0140 -> 0143)
[    1.530675] r8169 0000:01:00.0 eth0: RTL8168d/8111d at 0xf08fc000, 00:01:c0:13:7d:63, XID 081000c0 IRQ 296
[    1.540331] r8169 0000:01:00.0 eth0: jumbo features [frames: 9200 bytes, tx checksumming: ko]
[    1.550998] pegasus: v0.9.3 (2013/04/25), Pegasus/Pegasus II USB Ethernet driver
[    1.558431] usbcore: registered new interface driver pegasus
[    1.564146] usbcore: registered new interface driver asix
[    1.569560] usbcore: registered new interface driver ax88179_178a
[    1.575684] usbcore: registered new interface driver cdc_ether
[    1.581561] usbcore: registered new interface driver smsc75xx
[    1.587332] usbcore: registered new interface driver smsc95xx
[    1.593108] usbcore: registered new interface driver net1080
[    1.598779] usbcore: registered new interface driver cdc_subset
[    1.604725] usbcore: registered new interface driver zaurus
[    1.610354] usbcore: registered new interface driver cdc_ncm
[    1.616264] tegra-phy c5004000.usb-phy: no vbus regulator
[    1.622756] tegra-phy c5008000.usb-phy: no vbus regulator
[    1.629403] ehci_hcd: USB 2.0 'Enhanced' Host Controller (EHCI) Driver
[    1.635936] ehci-pci: EHCI PCI platform driver
[    1.640415] ehci-platform: EHCI generic platform driver
[    1.645778] ehci-orion: EHCI orion driver
[    1.649890] SPEAr-ehci: EHCI SPEAr driver
[    1.654007] ehci-st: EHCI STMicroelectronics driver
[    1.658968] ehci-exynos: EHCI EXYNOS driver
[    1.663271] ehci-atmel: EHCI Atmel driver
[    1.667365] tegra-ehci: Tegra EHCI driver
[    1.731440] ulpi_phy_power_on: ulpi write failed
[    1.736049] tegra-ehci c5004000.usb: Failed to power on the phy
[    1.741983] tegra-ehci: probe of c5004000.usb failed with error -110
[    1.750954] tegra-ehci c5008000.usb: EHCI Host Controller
[    1.756358] tegra-ehci c5008000.usb: new USB bus registered, assigned bus number 1
[    1.764171] tegra-ehci c5008000.usb: irq 290, io mem 0xc5008000
[    1.790255] tegra-ehci c5008000.usb: USB 2.0 started, EHCI 1.00
[    1.796804] hub 1-0:1.0: USB hub found
[    1.800587] hub 1-0:1.0: 1 port detected
[    1.804819] ohci_hcd: USB 1.1 'Open' Host Controller (OHCI) Driver
[    1.811011] ohci-pci: OHCI PCI platform driver
[    1.815491] ohci-platform: OHCI generic platform driver
[    1.820878] ohci-omap3: OHCI OMAP3 driver
[    1.824980] SPEAr-ohci: OHCI SPEAr driver
[    1.829077] ohci-st: OHCI STMicroelectronics driver
[    1.834060] ohci-atmel: OHCI Atmel driver
[    1.838653] usbcore: registered new interface driver usb-storage
[    1.847226] rtc-em3027 2-0056: rtc core: registered rtc-em3027 as rtc0
[    1.854889] tegra_rtc 7000e000.rtc: rtc core: registered 7000e000.rtc as rtc1
[    1.862051] tegra_rtc 7000e000.rtc: Tegra internal Real Time Clock
[    1.868605] i2c /dev entries driver
[    1.881279] sdhci: Secure Digital Host Controller Interface driver
[    1.887445] sdhci: Copyright(c) Pierre Ossman
[    1.892953] Synopsys Designware Multimedia Card Interface Driver
[    1.899857] sdhci-pltfm: SDHCI platform and OF driver helper
[    1.914330] mmc0: Invalid maximum block size, assuming 512 bytes
[    1.980256] mmc0: SDHCI controller on c8000000.sdhci [c8000000.sdhci] using ADMA
[    1.987737] sdhci-tegra c8000600.sdhci: Got CD GPIO
[    1.992637] sdhci-tegra c8000600.sdhci: Got WP GPIO
[    2.005679] mmc1: Invalid maximum block size, assuming 512 bytes
[    2.070355] mmc1: SDHCI controller on c8000600.sdhci [c8000600.sdhci] using ADMA
[    2.079146] ledtrig-cpu: registered to indicate activity on CPUs
[    2.085435] usbcore: registered new interface driver usbhid
[    2.091010] usbhid: USB HID core driver
[    2.097948] NET: Registered protocol family 10
[    2.103405] Segment Routing with IPv6
[    2.107108] sit: IPv6, IPv4 and MPLS over IPv4 tunneling driver
[    2.113546] NET: Registered protocol family 17
[    2.117983] can: controller area network core (rev 20120528 abi 9)
[    2.124207] NET: Registered protocol family 29
[    2.128639] can: raw protocol (rev 20120528)
[    2.132911] can: broadcast manager protocol (rev 20161123 t)
[    2.138558] can: netlink gateway (rev 20130117) max_hops=1
[    2.144363] Key type dns_resolver registered
[    2.149013] ThumbEE CPU extension supported.
[    2.153299] Registering SWP/SWPB emulation handler
[    2.166084] utmi_phy_clk_enable: timeout waiting for phy to stabilize
[    2.170271] usb 1-1: new high-speed USB device number 2 using tegra-ehci
[    2.179245] tegra-ehci c5000000.usb: EHCI Host Controller
[    2.184660] tegra-ehci c5000000.usb: new USB bus registered, assigned bus number 2
[    2.192523] tegra-ehci c5000000.usb: irq 288, io mem 0xc5000000
[    2.289249] mmc1: new high speed SD card at address b368
[    2.295112] mmcblk1: mmc1:b368 NCard 1.83 GiB (ro)
[    2.302483]  mmcblk1: p1 p2
[    2.340269] tegra-ehci c5000000.usb: USB 2.0 started, EHCI 1.00
[    2.347046] hub 2-0:1.0: USB hub found
[    2.350898] hub 2-0:1.0: 1 port detected
[    2.356088] input: gpio-keys as /devices/soc0/gpio-keys/input/input0
[    2.363184] hub 1-1:1.0: USB hub found
[    2.363200] rtc-em3027 2-0056: hctosys: unable to read the hardware clock
[   2.373830] hub 1-1:1.0: 4 ports detected
[    2.379257] Waiting for root device PARTUUID=11eb23c1-01...
[    2.690323] usb 1-1.2: new high-speed USB device number 3 using tegra-ehci
[    3.258132] mmc0: host does not support reading read-only switch, assuming write-enable
[    3.268271] mmc0: new high speed SDHC card at address b368
[    3.275254] mmcblk0: mmc0:b368 NCard 3.70 GiB 
[    3.283233]  mmcblk0: p1
[    3.315373] asix 1-1.2:1.0 eth1: register 'asix' at usb-c5008000.usb-1.2, ASIX AX88772 USB 2.0 Ethernet, 00:60:6e:60:6c:68
[    3.341762] EXT4-fs (mmcblk0p1): mounting ext3 file system using the ext4 subsystem
[    3.581387] EXT4-fs (mmcblk0p1): recovery complete
[    3.653310] random: fast init done
[    3.656987] EXT4-fs (mmcblk0p1): mounted filesystem with ordered data mode. Opts: (null)
[    3.665200] VFS: Mounted root (ext3 filesystem) on device 179:17.
[    3.681174] devtmpfs: mounted
[    3.688935] Freeing unused kernel memory: 2048K
bash: cannot set terminal process group (-1): Inappropriate ioctl for device
bash: no job control in this shell
root@(none):/#  
root@(none):/# mount -t sysfs none /sys
root@(none):/# 
root@(none):/# mount -t debugfs none /sys/kernel/debug
root@(none):/# 
root@(none):/# rtcwake -d rtc1 -m mem -s 3
rtcwake: assuming RTC uses UTC ...
rtcwake: wakeup from "mem" using /dev/rtc1 at Thu Jan  1 00:00:32 1970
[   15.082517] PM: Syncing filesystems ... done.
[   15.128643] Freezing user space processes ... (elapsed 0.001 seconds) done.
[   15.137102] Freezing remaining freezable tasks ... (elapsed 0.001 seconds) done.
[   15.146106] Suspending console(s) (use no_console_suspend to debug)
[   15.185834] pci_generic_config_write32: 38 callbacks suppressed
[   15.185880] pci_bus 0000:00: 2-byte config write to 0000:00:01.0 offset 0x9c may corrupt adjacent RW1C bits
[   15.198295] PM: suspend of devices complete after 43.414 msecs
[   15.203138] PM: late suspend of devices complete after 4.810 msecs
[   15.207635] pci_bus 0000:01: 2-byte config write to 0000:01:00.0 offset 0x44 may corrupt adjacent RW1C bits
[   15.207694] pci_bus 0000:01: 2-byte config write to 0000:01:00.0 offset 0x44 may corrupt adjacent RW1C bits
[   15.230948] PM: noirq suspend of devices complete after 27.779 msecs
[   15.230962] Disabling non-boot CPUs ...
[   15.300104] Entering suspend state LP1
[   15.300104] Suspended for 1.982 seconds
[   15.300204] Enabling non-boot CPUs ...
[   15.330125] CPU1 is up
[   15.331178] pci_bus 0000:00: 2-byte config write to 0000:00:01.0 offset 0x4c may corrupt adjacent RW1C bits
[   15.331226] pci_bus 0000:00: 2-byte config write to 0000:00:01.0 offset 0x88 may corrupt adjacent RW1C bits
[   15.331259] pci_bus 0000:00: 2-byte config write to 0000:00:01.0 offset 0x90 may corrupt adjacent RW1C bits
[   15.331288] pci_bus 0000:00: 2-byte config write to 0000:00:01.0 offset 0x98 may corrupt adjacent RW1C bits
[   15.331317] pci_bus 0000:00: 2-byte config write to 0000:00:01.0 offset 0x9c may corrupt adjacent RW1C bits
[   15.331400] pci_bus 0000:00: 2-byte config write to 0000:00:01.0 offset 0x52 may corrupt adjacent RW1C bits
[   15.331435] pci_bus 0000:00: 2-byte config write to 0000:00:01.0 offset 0x52 may corrupt adjacent RW1C bits
[   15.331512] pcieport 0000:00:01.0: nv_msi_ht_cap_quirk didn't locate host bridge
[   15.360640] PM: noirq resume of devices complete after 30.368 msecs
[   15.364205] PM: early resume of devices complete after 2.946 msecs
[   15.914526] PM: resume of devices complete after 550.288 msecs
[   16.082974] Restarting tasks ... done.
root@(none):/# 
root@(none):/# rtcwake -d rtc1 -m mem -s 3
rtcwake: assuming RTC uses UTC ...
rtcwake: wakeup from "mem" using /dev/rtc1 at Thu Jan  1 00:00:37 1970
[   16.684835] PM: Syncing filesystems ... done.
[   16.729935] Freezing user space processes ... (elapsed 0.001 seconds) done.
[   16.738440] Freezing remaining freezable tasks ... (elapsed 0.001 seconds) done.
[   16.747477] Suspending console(s) (use no_console_suspend to debug)
[   16.798296] PM: suspend of devices complete after 42.066 msecs
[   16.803146] PM: late suspend of devices complete after 4.816 msecs
[   16.830817] PM: noirq suspend of devices complete after 27.639 msecs
[   16.830830] Disabling non-boot CPUs ...
[   16.868977] Entering suspend state LP1
[   16.868977] Suspended for 3.431 seconds
[   16.869025] Enabling non-boot CPUs ...
[   16.900235] CPU1 is up
[   16.901191] pcieport 0000:00:01.0: nv_msi_ht_cap_quirk didn't locate host bridge
[   16.930413] PM: noirq resume of devices complete after 30.144 msecs
[   16.934295] PM: early resume of devices complete after 3.078 msecs
[   17.479133] PM: resume of devices complete after 544.805 msecs
[   17.544470] Restarting tasks ... done.
root@(none):/# 
root@(none):/# rtcwake -d rtc1 -m mem -s 3
rtcwake: assuming RTC uses UTC ...
rtcwake: wakeup from "mem" using /dev/rtc1 at Thu Jan  1 00:00:42 1970
[   18.254791] PM: Syncing filesystems ... done.
[   18.299842] Freezing user space processes ... (elapsed 0.001 seconds) done.
[   18.308362] Freezing remaining freezable tasks ... (elapsed 0.001 seconds) done.
[   18.317416] Suspending console(s) (use no_console_suspend to debug)
[   18.367072] PM: suspend of devices complete after 40.918 msecs
[   18.371877] PM: late suspend of devices complete after 4.771 msecs
[   18.400777] PM: noirq suspend of devices complete after 28.868 msecs
[   18.400790] Disabling non-boot CPUs ...
[   18.468783] Entering suspend state LP1
[   18.468783] Suspended for 3.400 seconds
[   18.468831] Enabling non-boot CPUs ...
[   18.500123] CPU1 is up
[   18.501262] pcieport 0000:00:01.0: nv_msi_ht_cap_quirk didn't locate host bridge
[   18.530335] PM: noirq resume of devices complete after 30.178 msecs
[   18.534080] PM: early resume of devices complete after 2.961 msecs
[   19.084922] PM: resume of devices complete after 550.807 msecs
[   19.150241] Restarting tasks ... done.
root@(none):/# 
root@(none):/# rtcwake -d rtc1 -m mem -s 3
rtcwake: assuming RTC uses UTC ...
rtcwake: wakeup from "mem" using /dev/rtc1 at Thu Jan  1 00:00:47 1970
[   19.854574] PM: Syncing filesystems ... done.
[   19.899676] Freezing user space processes ... (elapsed 0.001 seconds) done.
[   19.908109] Freezing remaining freezable tasks ... (elapsed 0.001 seconds) done.
[   19.917165] Suspending console(s) (use no_console_suspend to debug)
[   19.967600] PM: suspend of devices complete after 41.765 msecs
[   19.972441] PM: late suspend of devices complete after 4.808 msecs
[   20.000702] PM: noirq suspend of devices complete after 28.229 msecs
[   20.000716] Disabling non-boot CPUs ...
[   20.068693] Entering suspend state LP1
[   20.068693] Suspended for 3.400 seconds
[   20.068742] Enabling non-boot CPUs ...
[   20.100114] CPU1 is up
[   20.101476] pcieport 0000:00:01.0: nv_msi_ht_cap_quirk didn't locate host bridge
[   20.130247] PM: noirq resume of devices complete after 30.099 msecs
[   20.133991] PM: early resume of devices complete after 2.935 msecs
[   20.678810] PM: resume of devices complete after 544.785 msecs
[   20.744186] Restarting tasks ... done.
root@(none):/# 
root@(none):/# rtcwake -d rtc1 -m mem -s 3
rtcwake: assuming RTC uses UTC ...
rtcwake: wakeup from "mem" using /dev/rtc1 at Thu Jan  1 00:00:52 1970
[   21.454728] PM: Syncing filesystems ... done.
[   21.499801] Freezing user space processes ... (elapsed 0.001 seconds) done.
[   21.508313] Freezing remaining freezable tasks ... (elapsed 0.001 seconds) done.
[   21.517368] Suspending console(s) (use no_console_suspend to debug)
[   21.556019] pci_generic_config_write32: 90 callbacks suppressed
[   21.556067] pci_bus 0000:00: 2-byte config write to 0000:00:01.0 offset 0x9c may corrupt adjacent RW1C bits
[   21.567880] PM: suspend of devices complete after 41.778 msecs
[   21.572915] PM: late suspend of devices complete after 5.002 msecs
[   21.577548] pci_bus 0000:01: 2-byte config write to 0000:01:00.0 offset 0x44 may corrupt adjacent RW1C bits
[   21.577606] pci_bus 0000:01: 2-byte config write to 0000:01:00.0 offset 0x44 may corrupt adjacent RW1C bits
[   21.600606] PM: noirq suspend of devices complete after 27.660 msecs
[   21.600620] Disabling non-boot CPUs ...
[   21.668607] Entering suspend state LP1
[   21.668607] Suspended for 3.399 seconds
[   21.668654] Enabling non-boot CPUs ...
[   21.699958] CPU1 is up
[   21.702425] pci_bus 0000:00: 2-byte config write to 0000:00:01.0 offset 0x4c may corrupt adjacent RW1C bits
[   21.702499] pci_bus 0000:00: 2-byte config write to 0000:00:01.0 offset 0x88 may corrupt adjacent RW1C bits
[   21.702551] pci_bus 0000:00: 2-byte config write to 0000:00:01.0 offset 0x90 may corrupt adjacent RW1C bits
[   21.702582] pci_bus 0000:00: 2-byte config write to 0000:00:01.0 offset 0x98 may corrupt adjacent RW1C bits
[   21.702613] pci_bus 0000:00: 2-byte config write to 0000:00:01.0 offset 0x9c may corrupt adjacent RW1C bits
[   21.702695] pci_bus 0000:00: 2-byte config write to 0000:00:01.0 offset 0x52 may corrupt adjacent RW1C bits
[   21.702731] pci_bus 0000:00: 2-byte config write to 0000:00:01.0 offset 0x52 may corrupt adjacent RW1C bits
[   21.702808] pcieport 0000:00:01.0: nv_msi_ht_cap_quirk didn't locate host bridge
[   21.730143] PM: noirq resume of devices complete after 30.151 msecs
[   21.733670] PM: early resume of devices complete after 2.922 msecs
[   22.268771] PM: resume of devices complete after 535.065 msecs
[   22.437317] Restarting tasks ... done.
root@(none):/# 
root@(none):/# rtcwake -d rtc1 -m mem -s 3
rtcwake: assuming RTC uses UTC ...
rtcwake: wakeup from "mem" using /dev/rtc1 at Thu Jan  1 00:00:57 1970
[   23.054591] PM: Syncing filesystems ... done.
[   23.099651] Freezing user space processes ... (elapsed 0.001 seconds) done.
[   23.108164] Freezing remaining freezable tasks ... (elapsed 0.001 seconds) done.
[   23.117250] Suspending console(s) (use no_console_suspend to debug)
[   23.166757] PM: suspend of devices complete after 40.812 msecs
[   23.171537] PM: late suspend of devices complete after 4.747 msecs
[   23.200464] PM: noirq suspend of devices complete after 28.894 msecs
[   23.200477] Disabling non-boot CPUs ...
[   23.268501] Entering suspend state LP1
[   23.268501] Suspended for 3.400 seconds
[   23.268548] Enabling non-boot CPUs ...
[   23.299892] CPU1 is up
[   23.301305] pcieport 0000:00:01.0: nv_msi_ht_cap_quirk didn't locate host bridge
[   23.340054] PM: noirq resume of devices complete after 40.128 msecs
[   23.343575] PM: early resume of devices complete after 2.914 msecs
[   23.878446] PM: resume of devices complete after 534.837 msecs
[   23.943800] Restarting tasks ... done.
root@(none):/# 
root@(none):/# rtcwake -d rtc1 -m mem -s 3
rtcwake: assuming RTC uses UTC ...
rtcwake: wakeup from "mem" using /dev/rtc1 at Thu Jan  1 00:01:02 1970
[   24.654395] PM: Syncing filesystems ... done.
[   24.699535] Freezing user space processes ... (elapsed 0.001 seconds) done.
[   24.708074] Freezing remaining freezable tasks ... (elapsed 0.001 seconds) done.
[   24.717152] Suspending console(s) (use no_console_suspend to debug)
[   24.767028] PM: suspend of devices complete after 41.179 msecs
[   24.771997] PM: late suspend of devices complete after 4.935 msecs
[   24.800430] PM: noirq suspend of devices complete after 28.401 msecs
[   24.800443] Disabling non-boot CPUs ...
[   24.868471] Entering suspend state LP1
[   24.868471] Suspended for 3.399 seconds
[   24.868518] Enabling non-boot CPUs ...
[   24.899723] CPU1 is up
[   24.900685] pcieport 0000:00:01.0: nv_msi_ht_cap_quirk didn't locate host bridge
[   24.929973] PM: noirq resume of devices complete after 30.216 msecs
[   24.933468] PM: early resume of devices complete after 2.888 msecs
[   25.468688] PM: resume of devices complete after 535.186 msecs
[   25.533989] Restarting tasks ... done.
root@(none):/# 
root@(none):/# rtcwake -d rtc1 -m mem -s 3
rtcwake: assuming RTC uses UTC ...
rtcwake: wakeup from "mem" using /dev/rtc1 at Thu Jan  1 00:01:07 1970
[   26.254226] PM: Syncing filesystems ... done.
[   26.299304] Freezing user space processes ... (elapsed 0.001 seconds) done.
[   26.307736] Freezing remaining freezable tasks ... (elapsed 0.001 seconds) done.
[   26.316800] Suspending console(s) (use no_console_suspend to debug)
[   26.366550] PM: suspend of devices complete after 41.005 msecs
[   26.371279] PM: late suspend of devices complete after 4.697 msecs
[   26.400278] PM: noirq suspend of devices complete after 28.966 msecs
[   26.400291] Disabling non-boot CPUs ...
[   26.468312] Entering suspend state LP1
[   26.468312] Suspended for 3.400 seconds
[   26.468359] Enabling non-boot CPUs ...
[   26.499708] CPU1 is up
[   26.501124] pcieport 0000:00:01.0: nv_msi_ht_cap_quirk didn't locate host bridge
[   26.529896] PM: noirq resume of devices complete after 30.153 msecs
[   26.533632] PM: early resume of devices complete after 2.926 msecs
[   27.078534] PM: resume of devices complete after 544.868 msecs
[   27.143849] Restarting tasks ... done.
root@(none):/# 
root@(none):/# rtcwake -d rtc1 -m mem -s 3
rtcwake: assuming RTC uses UTC ...
rtcwake: wakeup from "mem" using /dev/rtc1 at Thu Jan  1 00:01:12 1970
[   27.854437] PM: Syncing filesystems ... done.
[   27.899611] Freezing user space processes ... (elapsed 0.001 seconds) done.
[   27.908040] Freezing remaining freezable tasks ... (elapsed 0.001 seconds) done.
[   27.917096] Suspending console(s) (use no_console_suspend to debug)
[   27.955186] pci_generic_config_write32: 90 callbacks suppressed
[   27.955236] pci_bus 0000:00: 2-byte config write to 0000:00:01.0 offset 0x9c may corrupt adjacent RW1C bits
[   27.967124] PM: suspend of devices complete after 41.370 msecs
[   27.972122] PM: late suspend of devices complete after 4.965 msecs
[   27.976580] pci_bus 0000:01: 2-byte config write to 0000:01:00.0 offset 0x44 may corrupt adjacent RW1C bits
[   27.976639] pci_bus 0000:01: 2-byte config write to 0000:01:00.0 offset 0x44 may corrupt adjacent RW1C bits
[   28.000250] PM: noirq suspend of devices complete after 28.097 msecs
[   28.000263] Disabling non-boot CPUs ...
[   28.068247] Entering suspend state LP1
[   28.068247] Suspended for 3.399 seconds
[   28.068295] Enabling non-boot CPUs ...
[   28.099550] CPU1 is up
[   28.100749] pci_bus 0000:00: 2-byte config write to 0000:00:01.0 offset 0x4c may corrupt adjacent RW1C bits
[   28.100799] pci_bus 0000:00: 2-byte config write to 0000:00:01.0 offset 0x88 may corrupt adjacent RW1C bits
[   28.100831] pci_bus 0000:00: 2-byte config write to 0000:00:01.0 offset 0x90 may corrupt adjacent RW1C bits
[   28.100861] pci_bus 0000:00: 2-byte config write to 0000:00:01.0 offset 0x98 may corrupt adjacent RW1C bits
[   28.100890] pci_bus 0000:00: 2-byte config write to 0000:00:01.0 offset 0x9c may corrupt adjacent RW1C bits
[   28.100973] pci_bus 0000:00: 2-byte config write to 0000:00:01.0 offset 0x52 may corrupt adjacent RW1C bits
[   28.101009] pci_bus 0000:00: 2-byte config write to 0000:00:01.0 offset 0x52 may corrupt adjacent RW1C bits
[   28.101085] pcieport 0000:00:01.0: nv_msi_ht_cap_quirk didn't locate host bridge
[   28.129929] PM: noirq resume of devices complete after 30.344 msecs
[   28.133428] PM: early resume of devices complete after 2.888 msecs
[   28.678326] PM: resume of devices complete after 544.864 msecs
[   28.846859] Restarting tasks ... done.
root@(none):/# 
root@(none):/# rtcwake -d rtc1 -m mem -s 3
rtcwake: assuming RTC uses UTC ...
rtcwake: wakeup from "mem" using /dev/rtc1 at Thu Jan  1 00:01:17 1970
[   29.454241] PM: Syncing filesystems ... done.
[   29.499306] Freezing user space processes ... (elapsed 0.001 seconds) done.
[   29.507821] Freezing remaining freezable tasks ... (elapsed 0.001 seconds) done.
[   29.516879] Suspending console(s) (use no_console_suspend to debug)
[   29.567623] PM: suspend of devices complete after 42.006 msecs
[   29.572851] PM: late suspend of devices complete after 5.194 msecs
[   29.600142] PM: noirq suspend of devices complete after 27.260 msecs
[   29.600156] Disabling non-boot CPUs ...
[   29.668198] Entering suspend state LP1
[   29.668198] Suspended for 3.399 seconds
[   29.668246] Enabling non-boot CPUs ...
[   29.699512] CPU1 is up
[   29.700482] pcieport 0000:00:01.0: nv_msi_ht_cap_quirk didn't locate host bridge
[   29.729718] PM: noirq resume of devices complete after 30.172 msecs
[   29.733416] PM: early resume of devices complete after 2.917 msecs
[   30.278538] PM: resume of devices complete after 545.090 msecs
[   30.343837] Restarting tasks ... done.
root@(none):/# 
root@(none):/# NVTB SYSTEM SUSPEND TEST COMPLETE
