
U-Boot SPL 2014.01-00219-gc4d376f (Feb 18 2014 - 19:57:18)


U-Boot 2014.01-00219-gc4d376f (Feb 18 2014 - 19:57:18)

TEGRA30
Board: NVIDIA Beaver
I2C:   ready
DRAM:  2 GiB
MMC:   Tegra SD/MMC: 0, Tegra SD/MMC: 1
In:    serial
Out:   serial
Err:   serial
Net:   Net Initialization Skipped
No ethernet found.
Hit any key to stop autoboot:  2  0 
Tegra30 (Beaver) # 
Tegra30 (Beaver) # usb reset
(Re)start USB...
USB0:   USB EHCI 1.00
scanning bus 0 for devices... 2 USB Device(s) found
       scanning usb for storage devices... 0 Storage Device(s) found
       scanning usb for ethernet devices... 
Warning: asx0 using MAC address from net device
1 Ethernet Device(s) found
Tegra30 (Beaver) # setenv bootargs 'ignore_loglevel console=ttyS0,115200n8 rw root=PARTUUID=edbe1840-3633-c751-7993-b0ac834f81e0 rootwait gpt debug noinitrd earlyprintk init=/bin/bash'
Tegra30 (Beaver) # setenv ipaddr 192.168.100.101; setenv serverip 192.168.100.1; setenv tftpserverip 192.168.100.1
Tegra30 (Beaver) # tftpboot 0x81000000 zImage.multi_v7_defconfig
Waiting for Ethernet connection... done.
Using asx0 device
TFTP from server 192.168.100.1; our IP address is 192.168.100.101
Filename 'zImage.multi_v7_defconfig'.
Load address: 0x81000000
Loading: *#################################################################
	 #################################################################
	 #################################################################
	 #################################################################
	 #################################################################
	 #################################################################
	 #################################################################
	 ###########################################################
	 3.2 MiB/s
done
Bytes transferred = 7536984 (730158 hex)
Tegra30 (Beaver) # tftpboot 0x82000000 tegra30-beaver.dtb
Using asx0 device
TFTP from server 192.168.100.1; our IP address is 192.168.100.101
Filename 'tegra30-beaver.dtb'.
Load address: 0x82000000
Loading: *####
	 2.9 MiB/s
done
Bytes transferred = 51804 (ca5c hex)
Tegra30 (Beaver) # bootz 0x81000000 - 0x82000000
Kernel image @ 0x81000000 [ 0x000000 - 0x730158 ]
## Flattened Device Tree blob at 82000000
   Booting using the fdt blob at 0x82000000
   Loading Device Tree to 8fff0000, end 8ffffa5b ... OK

Starting kernel ...

[    0.000000] Booting Linux on physical CPU 0x0
[    0.000000] Linux version 4.11.0-rc1-next-20170306-155797-g9d51244 (pwalmsley@sellafield) (gcc version 4.7.3 20130328 (prerelease) (crosstool-NG linaro-1.13.1-4.7-2013.04-20130415 - Linaro GCC 2013.04) ) #1 SMP Sun Mar 5 17:33:59 PST 2017
[    0.000000] CPU: ARMv7 Processor [412fc099] revision 9 (ARMv7), cr=10c5387d
[    0.000000] CPU: PIPT / VIPT nonaliasing data cache, VIPT aliasing instruction cache
[    0.000000] OF: fdt: Machine model: NVIDIA Tegra30 Beaver evaluation board
[    0.000000] debug: ignoring loglevel setting.
[    0.000000] efi: Getting EFI parameters from FDT:
[    0.000000] efi: UEFI not found.
[    0.000000] cma: Reserved 64 MiB at 0xfb800000
[    0.000000] Memory policy: Data cache writealloc
[    0.000000] On node 0 totalpages: 524032
[    0.000000] free_area_init_node: node 0, pgdat c1538200, node_mem_map eeff8000
[    0.000000]   DMA zone: 1536 pages used for memmap
[    0.000000]   DMA zone: 0 pages reserved
[    0.000000]   DMA zone: 196608 pages, LIFO batch:31
[    0.000000]   HighMem zone: 327424 pages, LIFO batch:31
[    0.000000] percpu: Embedded 16 pages/cpu @eef8c000 s34432 r8192 d22912 u65536
[    0.000000] pcpu-alloc: s34432 r8192 d22912 u65536 alloc=16*4096
[    0.000000] pcpu-alloc: [0] 0 [0] 1 [0] 2 [0] 3 
[    0.000000] Built 1 zonelists in Zone order, mobility grouping on.  Total pages: 522496
[    0.000000] Kernel command line: ignore_loglevel console=ttyS0,115200n8 rw root=PARTUUID=edbe1840-3633-c751-7993-b0ac834f81e0 rootwait gpt debug noinitrd earlyprintk init=/bin/bash
[    0.000000] PID hash table entries: 4096 (order: 2, 16384 bytes)
[    0.000000] Dentry cache hash table entries: 131072 (order: 7, 524288 bytes)
[    0.000000] Inode-cache hash table entries: 65536 (order: 6, 262144 bytes)
[    0.000000] Memory: 1993692K/2096128K available (10240K kernel code, 1254K rwdata, 4216K rodata, 2048K init, 536K bss, 36900K reserved, 65536K cma-reserved, 1244160K highmem)
[    0.000000] Virtual kernel memory layout:
[    0.000000]     vector  : 0xffff0000 - 0xffff1000   (   4 kB)
[    0.000000]     fixmap  : 0xffc00000 - 0xfff00000   (3072 kB)
[    0.000000]     vmalloc : 0xf0800000 - 0xff800000   ( 240 MB)
[    0.000000]     lowmem  : 0xc0000000 - 0xf0000000   ( 768 MB)
[    0.000000]     pkmap   : 0xbfe00000 - 0xc0000000   (   2 MB)
[    0.000000]     modules : 0xbf000000 - 0xbfe00000   (  14 MB)
[    0.000000]       .text : 0xc0208000 - 0xc0d00000   (11232 kB)
[    0.000000]       .init : 0xc1200000 - 0xc1400000   (2048 kB)
[    0.000000]       .data : 0xc1400000 - 0xc1539b20   (1255 kB)
[    0.000000]        .bss : 0xc153b000 - 0xc15c12b8   ( 537 kB)
[    0.000000] SLUB: HWalign=64, Order=0-3, MinObjects=0, CPUs=4, Nodes=1
[    0.000000] Hierarchical RCU implementation.
[    0.000000] 	RCU debugfs-based tracing is enabled.
[    0.000000] 	Build-time adjustment of leaf fanout to 32.
[    0.000000] 	RCU restricting CPUs from NR_CPUS=16 to nr_cpu_ids=4.
[    0.000000] RCU: Adjusting geometry for rcu_fanout_leaf=32, nr_cpu_ids=4
[    0.000000] NR_IRQS:16 nr_irqs:16 16
[    0.000000] /interrupt-controller@60004000: 160 interrupts forwarded to /interrupt-controller@50041000
[    0.000000] L2C: platform modifies aux control register: 0x02080000 -> 0x3e480001
[    0.000000] L2C: DT/platform modifies aux control register: 0x02080000 -> 0x3e480001
[    0.000000] L2C-310 erratum 769419 enabled
[    0.000000] L2C-310 enabling early BRESP for Cortex-A9
[    0.000000] L2C-310: enabling full line of zeros but not enabled in Cortex-A9
[    0.000000] L2C-310 dynamic clock gating enabled, standby mode enabled
[    0.000000] L2C-310 cache controller enabled, 8 ways, 1024 kB
[    0.000000] L2C-310: CACHE_ID 0x410000c7, AUX_CTRL 0x4e480001
[    0.000013] sched_clock: 32 bits at 1000kHz, resolution 1000ns, wraps every 2147483647500ns
[    0.000030] clocksource: timer_us: mask: 0xffffffff max_cycles: 0xffffffff, max_idle_ns: 1911260446275 ns
[    0.000039] Switching to timer-based delay loop, resolution 1000ns
[    0.002890] Console: colour dummy device 80x30
[    0.002917] Calibrating delay loop (skipped), value calculated using timer frequency.. 2.00 BogoMIPS (lpj=10000)
[    0.002927] pid_max: default: 32768 minimum: 301
[    0.002999] Mount-cache hash table entries: 2048 (order: 1, 8192 bytes)
[    0.003006] Mountpoint-cache hash table entries: 2048 (order: 1, 8192 bytes)
[    0.003396] CPU: Testing write buffer coherency: ok
[    0.003712] CPU0: thread -1, cpu 0, socket 0, mpidr 80000000
[    0.003865] Setting up static identity map for 0x80300000 - 0x80300098
[    0.006485] Tegra Revision: A03 SKU: 128 CPU Process: 4 SoC Process: 0
[    0.006981] EFI services will not be available.
[    0.007131] smp: Bringing up secondary CPUs ...
[    0.010364] CPU1: thread -1, cpu 1, socket 0, mpidr 80000001
[    0.020325] CPU2: thread -1, cpu 2, socket 0, mpidr 80000002
[    0.030324] CPU3: thread -1, cpu 3, socket 0, mpidr 80000003
[    0.030367] smp: Brought up 1 node, 4 CPUs
[    0.030380] SMP: Total of 4 processors activated (8.00 BogoMIPS).
[    0.030386] CPU: All CPU(s) started in SVC mode.
[    0.031062] devtmpfs: initialized
[    0.039324] VFP support v0.3: implementor 41 architecture 3 part 30 variant 9 rev 4
[    0.039726] clocksource: jiffies: mask: 0xffffffff max_cycles: 0xffffffff, max_idle_ns: 19112604462750000 ns
[    0.039745] futex hash table entries: 1024 (order: 4, 65536 bytes)
[    0.043126] pinctrl core: initialized pinctrl subsystem
[    0.044885] NET: Registered protocol family 16
[    0.047162] DMA: preallocated 256 KiB pool for atomic coherent allocations
[    0.048825] cpuidle: using governor menu
[    0.063142] No ATAGs?
[    0.063247] hw-breakpoint: found 5 (+1 reserved) breakpoint and 1 watchpoint registers.
[    0.063259] hw-breakpoint: maximum watchpoint size is 4 bytes.
[    0.067099] Serial: AMBA PL011 UART driver
[    0.067557] tegra-mc 7000f000.memory-controller: no memory timings for RAM code 3 registered
[    0.076448] AT91: Could not find identification node
[    0.076901] vdd_5v_sata: Failed to request enable GPIO30: -517
[    0.076916] reg-fixed-voltage regulators:regulator@3: Failed to register regulator: -517
[    0.076960] usb1_vbus: Failed to request enable GPIO238: -517
[    0.076968] reg-fixed-voltage regulators:regulator@4: Failed to register regulator: -517
[    0.077012] usb3_vbus: Failed to request enable GPIO236: -517
[    0.077019] reg-fixed-voltage regulators:regulator@5: Failed to register regulator: -517
[    0.077109] sys_3v3_pexs: Failed to request enable GPIO95: -517
[    0.077116] reg-fixed-voltage regulators:regulator@7: Failed to register regulator: -517
[    0.078969] vgaarb: loaded
[    0.079413] SCSI subsystem initialized
[    0.079545] libata version 3.00 loaded.
[    0.079691] usbcore: registered new interface driver usbfs
[    0.079723] usbcore: registered new interface driver hub
[    0.079762] usbcore: registered new device driver usb
[    0.086815] vrtc: supplied by vdd_5v_in
[    0.090091] vio: supplied by vdd_5v_in
[    0.101810] vdd1: supplied by vdd_5v_in
[    0.103162] vddio_ddr_1v2: Bringing 600000uV into 1200000-1200000uV
[    0.111816] vdd2: supplied by vdd_5v_in
[    0.131800] ldo1: supplied by vdd_1v5_gen
[    0.134179] ldo2: supplied by vdd_1v5_gen
[    0.134648] vdd_sata,avdd_plle: Bringing 1200000uV into 1050000-1050000uV
[    0.136871] ldo3: supplied by vdd_5v_in
[    0.139224] ldo4: supplied by vdd_5v_in
[    0.141806] ldo5: supplied by vdd_5v_in
[    0.151799] ldo6: supplied by vdd_1v8_gen
[    0.152268] avdd_dsi_csi,pwrdet_mipi: Bringing 1000000uV into 1200000-1200000uV
[    0.154516] ldo7: supplied by vdd_1v8_gen
[    0.161812] ldo8: supplied by vdd_1v8_gen
[    0.171890] pps_core: LinuxPPS API ver. 1 registered
[    0.171896] pps_core: Software ver. 5.3.6 - Copyright 2005-2007 Rodolfo Giometti <giometti@linux.it>
[    0.171909] PTP clock support registered
[    0.172047] EDAC MC: Ver: 3.0.0
[    0.173543] clocksource: Switched to clocksource timer_us
[    0.178729] NET: Registered protocol family 2
[    0.179102] TCP established hash table entries: 8192 (order: 3, 32768 bytes)
[    0.179158] TCP bind hash table entries: 8192 (order: 4, 65536 bytes)
[    0.179241] TCP: Hash tables configured (established 8192 bind 8192)
[    0.179359] UDP hash table entries: 512 (order: 2, 16384 bytes)
[    0.179420] UDP-Lite hash table entries: 512 (order: 2, 16384 bytes)
[    0.179587] NET: Registered protocol family 1
[    0.179824] RPC: Registered named UNIX socket transport module.
[    0.179832] RPC: Registered udp transport module.
[    0.179836] RPC: Registered tcp transport module.
[    0.179840] RPC: Registered tcp NFSv4.1 backchannel transport module.
[    0.179849] PCI: CLS 0 bytes, default 64
[    0.180674] hw perfevents: enabled with armv7_cortex_a9 PMU driver, 7 counters available
[    0.181896] workingset: timestamp_bits=30 max_order=19 bucket_order=0
[    0.186595] squashfs: version 4.0 (2009/01/31) Phillip Lougher
[    0.187004] NFS: Registering the id_resolver key type
[    0.187030] Key type id_resolver registered
[    0.187035] Key type id_legacy registered
[    0.187063] ntfs: driver 2.1.32 [Flags: R/O].
[    0.188080] bounce: pool size: 64 pages
[    0.188118] Block layer SCSI generic (bsg) driver version 0.4 loaded (major 248)
[    0.188126] io scheduler noop registered
[    0.188130] io scheduler deadline registered
[    0.188226] io scheduler cfq registered (default)
[    0.188232] io scheduler mq-deadline registered
[    0.194234] tegra30-pinctrl 70000868.pinmux: invalid group "sdmmc3_dat6_pd3" for function "rsvd1"
[    0.194247] tegra30-pinctrl 70000868.pinmux: invalid group "sdmmc3_dat7_pd4" for function "rsvd1"
[    0.194261] tegra30-pinctrl 70000868.pinmux: invalid group "vi_vsync_pd6" for function "rsvd1"
[    0.194271] tegra30-pinctrl 70000868.pinmux: invalid group "vi_hsync_pd7" for function "rsvd1"
[    0.194709] tegra30-pinctrl 70000868.pinmux: invalid group "hdmi_int_pn7" for function "rsvd1"
[    0.194753] tegra30-pinctrl 70000868.pinmux: invalid group "ulpi_data3_po4" for function "rsvd1"
[    0.195076] tegra30-pinctrl 70000868.pinmux: invalid group "vi_d10_pt2" for function "rsvd1"
[    0.195088] tegra30-pinctrl 70000868.pinmux: invalid group "vi_d11_pt3" for function "rsvd1"
[    0.195100] tegra30-pinctrl 70000868.pinmux: invalid group "vi_d0_pt4" for function "rsvd1"
[    0.195147] tegra30-pinctrl 70000868.pinmux: invalid group "pu0" for function "rsvd1"
[    0.195177] tegra30-pinctrl 70000868.pinmux: invalid group "pu3" for function "rsvd1"
[    0.195207] tegra30-pinctrl 70000868.pinmux: invalid group "pu6" for function "rsvd1"
[    0.195247] tegra30-pinctrl 70000868.pinmux: invalid group "pv3" for function "rsvd1"
[    0.195730] tegra30-pinctrl 70000868.pinmux: invalid group "pbb0" for function "rsvd1"
[    0.195842] tegra30-pinctrl 70000868.pinmux: invalid group "pcc1" for function "rsvd1"
[    0.200896] tegra-pcie 3000.pcie-controller: 2x3 configuration
[    0.201037] tegra-pcie 3000.pcie-controller: Failed to get supply 'hvdd-pex': -517
[    0.206335] tegra-apbdma 6000a000.dma: Tegra20 APB DMA driver register 32 channels
[    0.207472] tegra-pmc 7000e400.pmc: i2c-thermtrip node not found, emergency thermal reset disabled.
[    0.238917] Serial: 8250/16550 driver, 4 ports, IRQ sharing disabled
[    0.241015] console [ttyS0] disabled
[    0.241055] 70006000.serial: ttyS0 at MMIO 0x70006000 (irq = 331, base_baud = 25500000) is a Tegra
[    1.256557] console [ttyS0] enabled
[    1.260578] SuperH (H)SCI(F) driver initialized
[    1.265664] msm_serial: driver initialized
[    1.269848] STMicroelectronics ASC driver initialized
[    1.279000] tegra-hdmi 54280000.hdmi: failed to get HDMI regulator
[    1.293184] brd: module loaded
[    1.301966] loop: module loaded
[    1.310240] m25p80 spi32766.1: w25q32 (4096 Kbytes)
[    1.316974] libphy: Fixed MDIO Bus: probed
[    1.321710] CAN device driver interface
[    1.326152] bgmac_bcma: Broadcom 47xx GBit MAC driver loaded
[    1.332519] e1000e: Intel(R) PRO/1000 Network Driver - 3.2.6-k
[    1.338347] e1000e: Copyright(c) 1999 - 2015 Intel Corporation.
[    1.344299] igb: Intel(R) Gigabit Ethernet Network Driver - version 5.4.0-k
[    1.351241] igb: Copyright (c) 2007-2014 Intel Corporation.
[    1.358681] pegasus: v0.9.3 (2013/04/25), Pegasus/Pegasus II USB Ethernet driver
[    1.366135] usbcore: registered new interface driver pegasus
[    1.371804] usbcore: registered new interface driver asix
[    1.377216] usbcore: registered new interface driver ax88179_178a
[    1.383310] usbcore: registered new interface driver cdc_ether
[    1.389162] usbcore: registered new interface driver smsc75xx
[    1.394925] usbcore: registered new interface driver smsc95xx
[    1.400671] usbcore: registered new interface driver net1080
[    1.406348] usbcore: registered new interface driver cdc_subset
[    1.412270] usbcore: registered new interface driver zaurus
[    1.417866] usbcore: registered new interface driver cdc_ncm
[    1.424863] ehci_hcd: USB 2.0 'Enhanced' Host Controller (EHCI) Driver
[    1.431375] ehci-pci: EHCI PCI platform driver
[    1.435840] ehci-platform: EHCI generic platform driver
[    1.441166] ehci-orion: EHCI orion driver
[    1.445251] SPEAr-ehci: EHCI SPEAr driver
[    1.449321] ehci-st: EHCI STMicroelectronics driver
[    1.454270] ehci-exynos: EHCI EXYNOS driver
[    1.458525] ehci-atmel: EHCI Atmel driver
[    1.462592] tegra-ehci: Tegra EHCI driver
[    1.466892] ohci_hcd: USB 1.1 'Open' Host Controller (OHCI) Driver
[    1.473066] ohci-pci: OHCI PCI platform driver
[    1.477535] ohci-platform: OHCI generic platform driver
[    1.482843] ohci-omap3: OHCI OMAP3 driver
[    1.486926] SPEAr-ohci: OHCI SPEAr driver
[    1.490996] ohci-st: OHCI STMicroelectronics driver
[    1.495943] ohci-atmel: OHCI Atmel driver
[    1.500356] usbcore: registered new interface driver usb-storage
[    1.508711] tegra_rtc 7000e000.rtc: rtc core: registered 7000e000.rtc as rtc1
[    1.515883] tegra_rtc 7000e000.rtc: Tegra internal Real Time Clock
[    1.524731] random: fast init done
[    1.538036] tps65910-rtc tps65910-rtc: rtc core: registered tps65910-rtc as rtc0
[    1.545627] i2c /dev entries driver
[    1.556978] sdhci: Secure Digital Host Controller Interface driver
[    1.563145] sdhci: Copyright(c) Pierre Ossman
[    1.568394] Synopsys Designware Multimedia Card Interface Driver
[    1.575043] sdhci-pltfm: SDHCI platform and OF driver helper
[    1.581178] sdhci-tegra 78000000.sdhci: Got CD GPIO
[    1.586069] sdhci-tegra 78000000.sdhci: Got WP GPIO
[    1.592174] mmc0: Invalid maximum block size, assuming 512 bytes
[    1.663633] mmc0: SDHCI controller on 78000000.sdhci [78000000.sdhci] using ADMA
[    1.672220] mmc1: Invalid maximum block size, assuming 512 bytes
[    1.733550] mmc1: SDHCI controller on 78000600.sdhci [78000600.sdhci] using ADMA
[    1.742202] ledtrig-cpu: registered to indicate activity on CPUs
[    1.752477] usbcore: registered new interface driver usbhid
[    1.758057] usbhid: USB HID core driver
[    1.766303] NET: Registered protocol family 10
[    1.775418] Segment Routing with IPv6
[    1.779117] sit: IPv6, IPv4 and MPLS over IPv4 tunneling driver
[    1.785441] NET: Registered protocol family 17
[    1.789878] can: controller area network core (rev 20120528 abi 9)
[    1.796175] NET: Registered protocol family 29
[    1.800607] can: raw protocol (rev 20120528)
[    1.804874] can: broadcast manager protocol (rev 20161123 t)
[    1.810521] can: netlink gateway (rev 20130117) max_hops=1
[    1.816274] Key type dns_resolver registered
[    1.820918] ThumbEE CPU extension supported.
[    1.825195] Registering SWP/SWPB emulation handler
[    1.851286] vdd_ddr: supplied by vdd_5v_in
[    1.856237] vdd_5v_sata: supplied by vdd_5v_in
[    1.860989] usb1_vbus: supplied by vdd_5v_in
[    1.865584] usb3_vbus: supplied by vdd_5v_in
[    1.871054] sys_3v3,vdd_3v3_alw: supplied by vdd_5v_in
[    1.876983] sys_3v3_pexs: supplied by sys_3v3,vdd_3v3_alw
[    1.882520] +VDD_5V_HDMI: supplied by sys_3v3,vdd_3v3_alw
[    1.888530] tegra-pcie 3000.pcie-controller: 2x3 configuration
[    1.897566] tegra-pcie 3000.pcie-controller: probing port 0, using 2 lanes
[    1.911264] mmc1: new high speed MMC card at address 0001
[    1.918248] mmcblk1: mmc1:0001 SEM16G 14.8 GiB 
[    1.924124] mmcblk1boot0: mmc1:0001 SEM16G partition 1 1.00 MiB
[    1.931403] mmcblk1boot1: mmc1:0001 SEM16G partition 2 1.00 MiB
[    1.938428] mmcblk1rpmb: mmc1:0001 SEM16G partition 3 128 KiB
[    1.948487] Primary GPT is invalid, using alternate GPT.
[    1.953818]  mmcblk1: p1 p2 p3 p4 p5
[    1.962487] tegra-pcie 3000.pcie-controller: probing port 2, using 2 lanes
[    1.969769] mmc0: new ultra high speed DDR50 SDHC card at address aaaa
[    1.977857] mmcblk0: mmc0:aaaa SS04G 3.69 GiB 
[    2.004153]  mmcblk0: p1 p2 p3
[    2.373235] tegra-pcie 3000.pcie-controller: link 2 down, retrying
[    2.783224] tegra-pcie 3000.pcie-controller: link 2 down, retrying
[    3.193188] tegra-pcie 3000.pcie-controller: link 2 down, retrying
[    3.201374] tegra-pcie 3000.pcie-controller: link 2 down, ignoring
[    3.207663] tegra-pcie 3000.pcie-controller: PCI host bridge to bus 0000:00
[    3.214624] pci_bus 0000:00: root bus resource [io  0x0000-0xffff]
[    3.220789] pci_bus 0000:00: root bus resource [mem 0x20000000-0x27ffffff]
[    3.227654] pci_bus 0000:00: root bus resource [mem 0x28000000-0x3fffffff pref]
[    3.234955] pci_bus 0000:00: root bus resource [bus 00-ff]
[    3.240451] pci 0000:00:01.0: [10de:0e1c] type 01 class 0x060400
[    3.246475] pci_bus 0000:00: 2-byte config write to 0000:00:01.0 offset 0x88 may corrupt adjacent RW1C bits
[    3.256232] pci_bus 0000:00: 2-byte config write to 0000:00:01.0 offset 0x52 may corrupt adjacent RW1C bits
[    3.265976] pci 0000:00:01.0: PME# supported from D0 D1 D2 D3hot D3cold
[    3.272575] pci_bus 0000:00: 2-byte config write to 0000:00:01.0 offset 0x4c may corrupt adjacent RW1C bits
[    3.282460] pci_bus 0000:00: 2-byte config write to 0000:00:01.0 offset 0x3e may corrupt adjacent RW1C bits
[    3.292193] pci_bus 0000:00: 2-byte config write to 0000:00:01.0 offset 0x4 may corrupt adjacent RW1C bits
[    3.301833] pci_bus 0000:00: 1-byte config write to 0000:00:01.0 offset 0xc may corrupt adjacent RW1C bits
[    3.311470] PCI: bus0: Fast back to back transfers disabled
[    3.317036] pci 0000:00:01.0: bridge configuration invalid ([bus 00-00]), reconfiguring
[    3.325029] pci_bus 0000:00: 2-byte config write to 0000:00:01.0 offset 0x3e may corrupt adjacent RW1C bits
[    3.334756] pci_bus 0000:00: 2-byte config write to 0000:00:01.0 offset 0x3e may corrupt adjacent RW1C bits
[    3.344482] pci_bus 0000:00: 2-byte config write to 0000:00:01.0 offset 0x3e may corrupt adjacent RW1C bits
[    3.354209] pci_bus 0000:00: 2-byte config write to 0000:00:01.0 offset 0x6 may corrupt adjacent RW1C bits
[    3.363939] pci 0000:01:00.0: [10ec:8168] type 00 class 0x020000
[    3.369945] pci 0000:01:00.0: reg 0x10: [io  0x0000-0x00ff]
[    3.375529] pci 0000:01:00.0: reg 0x18: [mem 0x00000000-0x00000fff 64bit pref]
[    3.382743] pci 0000:01:00.0: reg 0x20: [mem 0x00000000-0x00003fff 64bit pref]
[    3.390035] pci 0000:01:00.0: supports D1 D2
[    3.394302] pci 0000:01:00.0: PME# supported from D0 D1 D2 D3hot D3cold
[    3.423571] PCI: bus1: Fast back to back transfers disabled
[    3.429133] pci_bus 0000:01: busn_res: [bus 01-ff] end is updated to 01
[    3.435805] pci 0000:00:01.0: BAR 9: assigned [mem 0x28000000-0x280fffff 64bit pref]
[    3.443543] pci 0000:00:01.0: BAR 7: assigned [io  0x1000-0x1fff]
[    3.449624] pci 0000:01:00.0: BAR 4: assigned [mem 0x28000000-0x28003fff 64bit pref]
[    3.457370] pci 0000:01:00.0: BAR 2: assigned [mem 0x28004000-0x28004fff 64bit pref]
[    3.465113] pci 0000:01:00.0: BAR 0: assigned [io  0x1000-0x10ff]
[    3.471194] pci 0000:00:01.0: PCI bridge to [bus 01]
[    3.476154] pci 0000:00:01.0:   bridge window [io  0x1000-0x1fff]
[    3.482232] pci 0000:00:01.0:   bridge window [mem 0x28000000-0x280fffff 64bit pref]
[    3.489981] pci 0000:00:01.0: nv_msi_ht_cap_quirk didn't locate host bridge
[    3.496996] pcieport 0000:00:01.0: enabling device (0140 -> 0143)
[    3.503264] pcieport 0000:00:01.0: Signaling PME with IRQ 374
[    3.509202] r8169 Gigabit Ethernet driver 2.3LK-NAPI loaded
[    3.514791] r8169 0000:01:00.0: enabling device (0140 -> 0143)
[    3.521564] r8169 0000:01:00.0 eth0: RTL8168evl/8111evl at 0xf0afe000, 02:04:4b:01:60:a6, XID 0c900800 IRQ 375
[    3.531566] r8169 0000:01:00.0 eth0: jumbo features [frames: 9200 bytes, tx checksumming: ko]
[    3.543059] [drm] Supports vblank timestamp caching Rev 2 (21.10.2013).
[    3.549678] [drm] No driver support for vblank timestamp query.
[    3.555628] [drm] Cannot find any crtc or sizes - going 1024x768
[    3.580434] Console: switching to colour frame buffer device 128x48
[    3.592943] drm drm: fb0:  frame buffer device
[    3.597443] [drm] Initialized tegra 0.0.0 20120330 for drm on minor 0
[    3.609318] utmi_phy_clk_enable: timeout waiting for phy to stabilize
[    3.615802] tegra-ehci 7d004000.usb: EHCI Host Controller
[    3.621207] tegra-ehci 7d004000.usb: new USB bus registered, assigned bus number 1
[    3.629029] tegra-ehci 7d004000.usb: irq 343, io mem 0x7d004000
[    3.663561] tegra-ehci 7d004000.usb: USB 2.0 started, EHCI 1.00
[    3.670472] hub 1-0:1.0: USB hub found
[    3.674249] hub 1-0:1.0: 1 port detected
[    3.679335] tegra-ehci 7d008000.usb: EHCI Host Controller
[    3.684750] tegra-ehci 7d008000.usb: new USB bus registered, assigned bus number 2
[    3.692481] tegra-ehci 7d008000.usb: irq 344, io mem 0x7d008000
[    3.723555] tegra-ehci 7d008000.usb: USB 2.0 started, EHCI 1.00
[    3.730345] hub 2-0:1.0: USB hub found
[    3.734117] hub 2-0:1.0: 1 port detected
[    3.742584] tps65910-rtc tps65910-rtc: setting system clock to 2000-01-01 00:00:02 UTC (946684802)
[    3.752198] vdd_sata,avdd_plle: disabling
[    3.756567] usb1_vbus: disabling
[    3.761392] EXT4-fs (mmcblk1p1): mounting ext3 file system using the ext4 subsystem
[    3.776324] EXT4-fs (mmcblk1p1): warning: mounting fs with errors, running e2fsck is recommended
[    3.786542] EXT4-fs (mmcblk1p1): recovery complete
[    3.791329] EXT4-fs (mmcblk1p1): mounted filesystem with ordered data mode. Opts: (null)
[    3.799446] VFS: Mounted root (ext3 filesystem) on device 179:1.
[    3.815825] devtmpfs: mounted
[    3.821300] Freeing unused kernel memory: 2048K
bash: cannot set terminal process group (-1): Inappropriate ioctl for device
bash: no job control in this shell
root@(none):/# [    4.093564] usb 2-1: new high-speed USB device number 2 using tegra-ehci
[    4.753192] asix 2-1:1.0 eth1: register 'asix' at usb-7d008000.usb-1, ASIX AX88772 USB 2.0 Ethernet, 00:50:b6:0f:67:60
mount -t sysfs none /sys
root@(none):/# 
root@(none):/# mount -t debugfs none /sys/kernel/debug
root@(none):/# 
root@(none):/# rtcwake -d rtc1 -m mem -s 3
rtcwake: wakeup from "mem" using /dev/rtc1 at Thu Jan  1 00:00:23 1970
[    7.544732] PM: Syncing filesystems ... done.
[    7.557318] Freezing user space processes ... (elapsed 0.001 seconds) done.
[    7.565416] Freezing remaining freezable tasks ... (elapsed 0.001 seconds) done.
[    7.574040] Suspending console(s) (use no_console_suspend to debug)
[    7.658346] PM: suspend of devices complete after 77.209 msecs
[    7.661617] PM: late suspend of devices complete after 3.263 msecs
[    7.684262] PM: noirq suspend of devices complete after 22.638 msecs
[    7.684266] Disabling non-boot CPUs ...
[    7.785894] IRQ17 no longer affine to CPU3
[    7.835397] Entering suspend state LP1
[    7.835397] Suspended for 3.076 seconds
[    7.835413] Enabling non-boot CPUs ...
[    7.865420] CPU1 is up
[    7.905565] CPU2 is up
[    7.945809] CPU3 is up
[    7.946558] pcieport 0000:00:01.0: nv_msi_ht_cap_quirk didn't locate host bridge
[    7.973601] PM: noirq resume of devices complete after 27.781 msecs
[    7.975488] PM: early resume of devices complete after 1.458 msecs
[    8.530964] PM: resume of devices complete after 555.464 msecs
[    8.602186] Restarting tasks ... done.
root@(none):/# 
root@(none):/# rtcwake -d rtc1 -m mem -s 3
rtcwake: wakeup from "mem" using /dev/rtc1 at Thu Jan  1 00:00:28 1970
[    9.536416] PM: Syncing filesystems ... done.
[    9.548305] Freezing user space processes ... (elapsed 0.001 seconds) done.
[    9.556416] Freezing remaining freezable tasks ... (elapsed 0.001 seconds) done.
[    9.565022] Suspending console(s) (use no_console_suspend to debug)
[    9.604072] pci_generic_config_write32: 63 callbacks suppressed
[    9.604084] pci_bus 0000:00: 2-byte config write to 0000:00:01.0 offset 0x9c may corrupt adjacent RW1C bits
[    9.647505] PM: suspend of devices complete after 75.465 msecs
[    9.650787] PM: late suspend of devices complete after 3.275 msecs
[    9.651187] pci_bus 0000:01: 2-byte config write to 0000:01:00.0 offset 0x44 may corrupt adjacent RW1C bits
[    9.651202] pci_bus 0000:01: 2-byte config write to 0000:01:00.0 offset 0x44 may corrupt adjacent RW1C bits
[    9.674189] PM: noirq suspend of devices complete after 23.395 msecs
[    9.674192] Disabling non-boot CPUs ...
[    9.674547] IRQ17 no longer affine to CPU1
[    9.835313] Entering suspend state LP1
[    9.835313] Suspended for 3.000 seconds
[    9.835334] Enabling non-boot CPUs ...
[    9.865881] CPU1 is up
[    9.905958] CPU2 is up
[    9.946145] CPU3 is up
[    9.947013] pci_bus 0000:00: 2-byte config write to 0000:00:01.0 offset 0x4c may corrupt adjacent RW1C bits
[    9.947031] pci_bus 0000:00: 2-byte config write to 0000:00:01.0 offset 0x88 may corrupt adjacent RW1C bits
[    9.947037] pci_bus 0000:00: 2-byte config write to 0000:00:01.0 offset 0x90 may corrupt adjacent RW1C bits
[    9.947043] pci_bus 0000:00: 2-byte config write to 0000:00:01.0 offset 0x98 may corrupt adjacent RW1C bits
[    9.947048] pci_bus 0000:00: 2-byte config write to 0000:00:01.0 offset 0x9c may corrupt adjacent RW1C bits
[    9.947073] pci_bus 0000:00: 2-byte config write to 0000:00:01.0 offset 0x52 may corrupt adjacent RW1C bits
[    9.947082] pci_bus 0000:00: 2-byte config write to 0000:00:01.0 offset 0x52 may corrupt adjacent RW1C bits
[    9.947112] pcieport 0000:00:01.0: nv_msi_ht_cap_quirk didn't locate host bridge
[    9.973577] PM: noirq resume of devices complete after 27.421 msecs
[    9.976464] PM: early resume of devices complete after 2.378 msecs
[   10.535467] PM: resume of devices complete after 558.989 msecs
[   10.710071] Restarting tasks ... done.
root@(none):/# 
root@(none):/# rtcwake -d rtc1 -m mem -s 3
rtcwake: wakeup from "mem" using /dev/rtc1 at Thu Jan  1 00:00:33 1970
[   11.542039] PM: Syncing filesystems ... done.
[   11.556130] Freezing user space processes ... (elapsed 0.001 seconds) done.
[   11.564281] Freezing remaining freezable tasks ... (elapsed 0.001 seconds) done.
[   11.572947] Suspending console(s) (use no_console_suspend to debug)
[   11.658528] PM: suspend of devices complete after 78.321 msecs
[   11.659777] PM: late suspend of devices complete after 1.239 msecs
[   11.684325] PM: noirq suspend of devices complete after 24.538 msecs
[   11.684329] Disabling non-boot CPUs ...
[   11.737465] IRQ17 no longer affine to CPU2
[   11.825544] Entering suspend state LP1
[   11.825544] Suspended for 3.009 seconds
[   11.825561] Enabling non-boot CPUs ...
[   11.856188] CPU1 is up
[   11.896011] CPU2 is up
[   11.936180] CPU3 is up
[   11.937087] pcieport 0000:00:01.0: nv_msi_ht_cap_quirk didn't locate host bridge
[   11.963552] PM: noirq resume of devices complete after 27.359 msecs
[   11.964934] PM: early resume of devices complete after 0.857 msecs
[   12.520746] PM: resume of devices complete after 555.797 msecs
[   12.592286] Restarting tasks ... done.
root@(none):/# 
root@(none):/# rtcwake -d rtc1 -m mem -s 3
rtcwake: wakeup from "mem" using /dev/rtc1 at Thu Jan  1 00:00:38 1970
[   13.529402] PM: Syncing filesystems ... done.
[   13.543495] Freezing user space processes ... (elapsed 0.001 seconds) done.
[   13.551622] Freezing remaining freezable tasks ... (elapsed 0.001 seconds) done.
[   13.560301] Suspending console(s) (use no_console_suspend to debug)
[   13.649491] PM: suspend of devices complete after 81.926 msecs
[   13.652682] PM: late suspend of devices complete after 3.182 msecs
[   13.674258] PM: noirq suspend of devices complete after 21.564 msecs
[   13.674263] Disabling non-boot CPUs ...
[   13.674704] IRQ17 no longer affine to CPU1
[   13.835716] Entering suspend state LP1
[   13.835716] Suspended for 2.989 seconds
[   13.835733] Enabling non-boot CPUs ...
[   13.865728] CPU1 is up
[   13.905909] CPU2 is up
[   13.946103] CPU3 is up
[   13.947008] pcieport 0000:00:01.0: nv_msi_ht_cap_quirk didn't locate host bridge
[   13.973513] PM: noirq resume of devices complete after 27.397 msecs
[   13.976356] PM: early resume of devices complete after 2.331 msecs
[   14.540235] PM: resume of devices complete after 563.867 msecs
[   14.611776] Restarting tasks ... done.
root@(none):/# 
root@(none):/# rtcwake -d rtc1 -m mem -s 3
rtcwake: wakeup from "mem" using /dev/rtc1 at Thu Jan  1 00:00:43 1970
[   15.541921] PM: Syncing filesystems ... done.
[   15.556546] Freezing user space processes ... (elapsed 0.001 seconds) done.
[   15.564704] Freezing remaining freezable tasks ... (elapsed 0.001 seconds) done.
[   15.573367] Suspending console(s) (use no_console_suspend to debug)
[   15.614143] pci_generic_config_write32: 65 callbacks suppressed
[   15.614160] pci_bus 0000:00: 2-byte config write to 0000:00:01.0 offset 0x9c may corrupt adjacent RW1C bits
[   15.658965] PM: suspend of devices complete after 78.323 msecs
[   15.660116] PM: late suspend of devices complete after 1.142 msecs
[   15.660643] pci_bus 0000:01: 2-byte config write to 0000:01:00.0 offset 0x44 may corrupt adjacent RW1C bits
[   15.660662] pci_bus 0000:01: 2-byte config write to 0000:01:00.0 offset 0x44 may corrupt adjacent RW1C bits
[   15.684249] PM: noirq suspend of devices complete after 24.121 msecs
[   15.684254] Disabling non-boot CPUs ...
[   15.684696] IRQ17 no longer affine to CPU1
[   15.815435] Entering suspend state LP1
[   15.815435] Suspended for 3.020 seconds
[   15.815453] Enabling non-boot CPUs ...
[   15.846114] CPU1 is up
[   15.885919] CPU2 is up
[   15.926128] CPU3 is up
[   15.926975] pci_bus 0000:00: 2-byte config write to 0000:00:01.0 offset 0x4c may corrupt adjacent RW1C bits
[   15.926989] pci_bus 0000:00: 2-byte config write to 0000:00:01.0 offset 0x88 may corrupt adjacent RW1C bits
[   15.926996] pci_bus 0000:00: 2-byte config write to 0000:00:01.0 offset 0x90 may corrupt adjacent RW1C bits
[   15.927001] pci_bus 0000:00: 2-byte config write to 0000:00:01.0 offset 0x98 may corrupt adjacent RW1C bits
[   15.927007] pci_bus 0000:00: 2-byte config write to 0000:00:01.0 offset 0x9c may corrupt adjacent RW1C bits
[   15.927033] pci_bus 0000:00: 2-byte config write to 0000:00:01.0 offset 0x52 may corrupt adjacent RW1C bits
[   15.927041] pci_bus 0000:00: 2-byte config write to 0000:00:01.0 offset 0x52 may corrupt adjacent RW1C bits
[   15.927070] pcieport 0000:00:01.0: nv_msi_ht_cap_quirk didn't locate host bridge
[   15.953474] PM: noirq resume of devices complete after 27.333 msecs
[   15.955869] PM: early resume of devices complete after 1.880 msecs
[   16.511688] PM: resume of devices complete after 555.806 msecs
[   16.686372] Restarting tasks ... done.
root@(none):/# 
root@(none):/# rtcwake -d rtc1 -m mem -s 3
rtcwake: wakeup from "mem" using /dev/rtc1 at Thu Jan  1 00:00:48 1970
[   17.511917] PM: Syncing filesystems ... done.
[   17.525993] Freezing user space processes ... (elapsed 0.001 seconds) done.
[   17.534155] Freezing remaining freezable tasks ... (elapsed 0.001 seconds) done.
[   17.542809] Suspending console(s) (use no_console_suspend to debug)
[   17.628408] PM: suspend of devices complete after 78.332 msecs
[   17.631580] PM: late suspend of devices complete after 3.163 msecs
[   17.654191] PM: noirq suspend of devices complete after 22.600 msecs
[   17.654196] Disabling non-boot CPUs ...
[   17.727349] IRQ17 no longer affine to CPU2
[   17.835658] Entering suspend state LP1
[   17.835658] Suspended for 2.979 seconds
[   17.835676] Enabling non-boot CPUs ...
[   17.865699] CPU1 is up
[   17.905844] CPU2 is up
[   17.946051] CPU3 is up
[   17.946962] pcieport 0000:00:01.0: nv_msi_ht_cap_quirk didn't locate host bridge
[   17.973433] PM: noirq resume of devices complete after 27.369 msecs
[   17.975988] PM: early resume of devices complete after 2.020 msecs
[   18.528578] PM: resume of devices complete after 552.576 msecs
[   18.600108] Restarting tasks ... done.
root@(none):/# 
root@(none):/# rtcwake -d rtc1 -m mem -s 3
rtcwake: wakeup from "mem" using /dev/rtc1 at Thu Jan  1 00:00:53 1970
[   19.540892] PM: Syncing filesystems ... done.
[   19.555522] Freezing user space processes ... (elapsed 0.001 seconds) done.
[   19.563678] Freezing remaining freezable tasks ... (elapsed 0.001 seconds) done.
[   19.572341] Suspending console(s) (use no_console_suspend to debug)
[   19.659380] PM: suspend of devices complete after 79.764 msecs
[   19.662071] PM: late suspend of devices complete after 2.683 msecs
[   19.684163] PM: noirq suspend of devices complete after 22.083 msecs
[   19.684166] Disabling non-boot CPUs ...
[   19.684616] IRQ17 no longer affine to CPU1
[   19.855400] Entering suspend state LP1
[   19.855400] Suspended for 2.980 seconds
[   19.855420] Enabling non-boot CPUs ...
[   19.885994] CPU1 is up
[   19.925822] CPU2 is up
[   19.966071] CPU3 is up
[   19.966955] pcieport 0000:00:01.0: nv_msi_ht_cap_quirk didn't locate host bridge
[   19.993394] PM: noirq resume of devices complete after 27.309 msecs
[   19.995796] PM: early resume of devices complete after 1.872 msecs
[   20.555272] PM: resume of devices complete after 559.461 msecs
[   20.626800] Restarting tasks ... done.
root@(none):/# 
root@(none):/# rtcwake -d rtc1 -m mem -s 3
rtcwake: wakeup from "mem" using /dev/rtc1 at Thu Jan  1 00:00:58 1970
[   21.552833] PM: Syncing filesystems ... done.
[   21.566900] Freezing user space processes ... (elapsed 0.001 seconds) done.
[   21.575046] Freezing remaining freezable tasks ... (elapsed 0.001 seconds) done.
[   21.583736] Suspending console(s) (use no_console_suspend to debug)
[   21.623985] pci_generic_config_write32: 65 callbacks suppressed
[   21.624003] pci_bus 0000:00: 2-byte config write to 0000:00:01.0 offset 0x9c may corrupt adjacent RW1C bits
[   21.668838] PM: suspend of devices complete after 77.854 msecs
[   21.671051] PM: late suspend of devices complete after 2.205 msecs
[   21.671558] pci_bus 0000:01: 2-byte config write to 0000:01:00.0 offset 0x44 may corrupt adjacent RW1C bits
[   21.671577] pci_bus 0000:01: 2-byte config write to 0000:01:00.0 offset 0x44 may corrupt adjacent RW1C bits
[   21.694133] PM: noirq suspend of devices complete after 23.075 msecs
[   21.694137] Disabling non-boot CPUs ...
[   21.694589] IRQ17 no longer affine to CPU1
[   21.875594] Entering suspend state LP1
[   21.875594] Suspended for 2.979 seconds
[   21.875614] Enabling non-boot CPUs ...
[   21.905696] CPU1 is up
[   21.945809] CPU2 is up
[   21.985999] CPU3 is up
[   21.986843] pci_bus 0000:00: 2-byte config write to 0000:00:01.0 offset 0x4c may corrupt adjacent RW1C bits
[   21.986856] pci_bus 0000:00: 2-byte config write to 0000:00:01.0 offset 0x88 may corrupt adjacent RW1C bits
[   21.986862] pci_bus 0000:00: 2-byte config write to 0000:00:01.0 offset 0x90 may corrupt adjacent RW1C bits
[   21.986867] pci_bus 0000:00: 2-byte config write to 0000:00:01.0 offset 0x98 may corrupt adjacent RW1C bits
[   21.986871] pci_bus 0000:00: 2-byte config write to 0000:00:01.0 offset 0x9c may corrupt adjacent RW1C bits
[   21.986897] pci_bus 0000:00: 2-byte config write to 0000:00:01.0 offset 0x52 may corrupt adjacent RW1C bits
[   21.986906] pci_bus 0000:00: 2-byte config write to 0000:00:01.0 offset 0x52 may corrupt adjacent RW1C bits
[   21.986938] pcieport 0000:00:01.0: nv_msi_ht_cap_quirk didn't locate host bridge
[   22.013368] PM: noirq resume of devices complete after 27.357 msecs
[   22.015225] PM: early resume of devices complete after 1.349 msecs
[   22.576181] PM: resume of devices complete after 560.943 msecs
[   22.750783] Restarting tasks ... done.
root@(none):/# 
root@(none):/# rtcwake -d rtc1 -m mem -s 3
rtcwake: wakeup from "mem" using /dev/rtc1 at Thu Jan  1 00:01:03 1970
[   23.572772] PM: Syncing filesystems ... done.
[   23.586840] Freezing user space processes ... (elapsed 0.001 seconds) done.
[   23.595003] Freezing remaining freezable tasks ... (elapsed 0.001 seconds) done.
[   23.603675] Suspending console(s) (use no_console_suspend to debug)
[   23.688365] PM: suspend of devices complete after 77.440 msecs
[   23.692549] PM: late suspend of devices complete after 4.174 msecs
[   23.714096] PM: noirq suspend of devices complete after 21.538 msecs
[   23.714102] Disabling non-boot CPUs ...
[   23.714544] IRQ17 no longer affine to CPU1
[   23.875537] Entering suspend state LP1
[   23.875537] Suspended for 3.000 seconds
[   23.875555] Enabling non-boot CPUs ...
[   23.905606] CPU1 is up
[   23.945706] CPU2 is up
[   23.985939] CPU3 is up
[   23.986846] pcieport 0000:00:01.0: nv_msi_ht_cap_quirk didn't locate host bridge
[   24.013333] PM: noirq resume of devices complete after 27.382 msecs
[   24.015728] PM: early resume of devices complete after 1.883 msecs
[   24.569338] PM: resume of devices complete after 553.599 msecs
[   24.640919] Restarting tasks ... done.
root@(none):/# 
root@(none):/# rtcwake -d rtc1 -m mem -s 3
rtcwake: wakeup from "mem" using /dev/rtc1 at Thu Jan  1 00:01:08 1970
[   25.571731] PM: Syncing filesystems ... done.
[   25.584808] Freezing user space processes ... (elapsed 0.001 seconds) done.
[   25.592956] Freezing remaining freezable tasks ... (elapsed 0.001 seconds) done.
[   25.601618] Suspending console(s) (use no_console_suspend to debug)
[   25.688278] PM: suspend of devices complete after 79.384 msecs
[   25.691465] PM: late suspend of devices complete after 3.177 msecs
[   25.714036] PM: noirq suspend of devices complete after 22.560 msecs
[   25.714041] Disabling non-boot CPUs ...
[   25.714491] IRQ17 no longer affine to CPU1
[   25.895450] Entering suspend state LP1
[   25.895450] Suspended for 2.980 seconds
[   25.895466] Enabling non-boot CPUs ...
[   25.925506] CPU1 is up
[   25.965668] CPU2 is up
[   26.005915] CPU3 is up
[   26.006840] pcieport 0000:00:01.0: nv_msi_ht_cap_quirk didn't locate host bridge
[   26.033285] PM: noirq resume of devices complete after 27.357 msecs
[   26.035262] PM: early resume of devices complete after 1.443 msecs
[   26.588800] PM: resume of devices complete after 553.524 msecs
[   26.660327] Restarting tasks ... done.
root@(none):/# 
root@(none):/# NVTB SYSTEM SUSPEND TEST COMPLETE
