
U-Boot SPL 2014.07-00097-g772e173 (Jul 25 2014 - 20:02:52)


U-Boot 2014.07-00097-g772e173 (Jul 25 2014 - 20:02:52)

TEGRA124
Board: NVIDIA Jetson TK1
I2C:   ready
DRAM:  2 GiB
MMC:   Tegra SD/MMC: 0, Tegra SD/MMC: 1
In:    serial
Out:   serial
Err:   serial
Net:   Net Initialization Skipped
No ethernet found.
Hit any key to stop autoboot:  2  0 
Tegra124 (Jetson TK1) # 
Tegra124 (Jetson TK1) # usb reset
(Re)start USB...
USB0:   USB EHCI 1.10
scanning bus 0 for devices... 1 USB Device(s) found
USB1:   USB EHCI 1.10
scanning bus 1 for devices... 2 USB Device(s) found
       scanning usb for storage devices... 0 Storage Device(s) found
       scanning usb for ethernet devices... 
Warning: asx0 using MAC address from net device
1 Ethernet Device(s) found
Tegra124 (Jetson TK1) # setenv bootargs 'ignore_loglevel console=ttyS0,115200n8 rw root=/dev/mmcblk0p1 rootwait gpt debug init=/bin/bash noinitrd'
Tegra124 (Jetson TK1) # setenv ipaddr 192.168.100.102; setenv serverip 192.168.100.1; setenv tftpserverip 192.168.100.1
Tegra124 (Jetson TK1) # tftpboot 0x81000000 zImage.tegra_defconfig%tegra124_mergeconfig
Using asx0 device
TFTP from server 192.168.100.1; our IP address is 192.168.100.102
Filename 'zImage.tegra_defconfig%tegra124_mergeconfig'.
Load address: 0x81000000
Loading: *#################################################################
	 #################################################################
	 #################################################################
	 #################################################################
	 #################################################################
	 ###
	 3.3 MiB/s
done
Bytes transferred = 4806536 (495788 hex)
Tegra124 (Jetson TK1) # tftpboot 0x82000000 tegra124-jetson-tk1.dtb
Using asx0 device
TFTP from server 192.168.100.1; our IP address is 192.168.100.102
Filename 'tegra124-jetson-tk1.dtb'.
Load address: 0x82000000
Loading: *####
	 2.9 MiB/s
done
Bytes transferred = 48099 (bbe3 hex)
Tegra124 (Jetson TK1) # bootz 0x81000000 - 0x82000000
Kernel image @ 0x81000000 [ 0x000000 - 0x495788 ]
## Flattened Device Tree blob at 82000000
   Booting using the fdt blob at 0x82000000
   Using Device Tree in place at 82000000, end 8200ebe2

Starting kernel ...

Uncompressing Linux... done, booting the kernel.
[    0.000000] Booting Linux on physical CPU 0x0
[    0.000000] Initializing cgroup subsys cpu
[    0.000000] Initializing cgroup subsys cpuacct
[    0.000000] Linux version 4.0.0-rc3-next-20150313-83900-ga68b04c (pwalmsley@kaivo) (gcc version 4.7.3 20130328 (prerelease) (crosstool-NG linaro-1.13.1-4.7-2013.04-20130415 - Linaro GCC 2013.04) ) #1 SMP PREEMPT Fri Mar 13 00:28:54 PDT 2015
[    0.000000] CPU: ARMv7 Processor [413fc0f3] revision 3 (ARMv7), cr=10c5387d
[    0.000000] CPU: PIPT / VIPT nonaliasing data cache, PIPT instruction cache
[    0.000000] Machine model: NVIDIA Tegra124 Jetson TK1
[    0.000000] debug: ignoring loglevel setting.
[    0.000000] cma: Reserved 64 MiB at 0xfbc00000
[    0.000000] Memory policy: Data cache writealloc
[    0.000000] On node 0 totalpages: 524032
[    0.000000] free_area_init_node: node 0, pgdat c092e300, node_mem_map ee7f7000
[    0.000000]   Normal zone: 1520 pages used for memmap
[    0.000000]   Normal zone: 0 pages reserved
[    0.000000]   Normal zone: 194560 pages, LIFO batch:31
[    0.000000]   HighMem zone: 329472 pages, LIFO batch:31
[    0.000000] PERCPU: Embedded 11 pages/cpu @ee79a000 s12864 r8192 d24000 u45056
[    0.000000] pcpu-alloc: s12864 r8192 d24000 u45056 alloc=11*4096
[    0.000000] pcpu-alloc: [0] 0 [0] 1 [0] 2 [0] 3 
[    0.000000] Built 1 zonelists in Zone order, mobility grouping on.  Total pages: 522512
[    0.000000] Kernel command line: ignore_loglevel console=ttyS0,115200n8 rw root=/dev/mmcblk0p1 rootwait gpt debug init=/bin/bash noinitrd
[    0.000000] PID hash table entries: 4096 (order: 2, 16384 bytes)
[    0.000000] Dentry cache hash table entries: 131072 (order: 7, 524288 bytes)
[    0.000000] Inode-cache hash table entries: 65536 (order: 6, 262144 bytes)
[    0.000000] Memory: 2003232K/2096128K available (6609K kernel code, 303K rwdata, 2176K rodata, 284K init, 350K bss, 27360K reserved, 65536K cma-reserved, 1252352K highmem)
[    0.000000] Virtual kernel memory layout:
[    0.000000]     vector  : 0xffff0000 - 0xffff1000   (   4 kB)
[    0.000000]     fixmap  : 0xffc00000 - 0xfff00000   (3072 kB)
[    0.000000]     vmalloc : 0xf0000000 - 0xff000000   ( 240 MB)
[    0.000000]     lowmem  : 0xc0000000 - 0xef800000   ( 760 MB)
[    0.000000]     pkmap   : 0xbfe00000 - 0xc0000000   (   2 MB)
[    0.000000]     modules : 0xbf000000 - 0xbfe00000   (  14 MB)
[    0.000000]       .text : 0xc0008000 - 0xc089cb80   (8787 kB)
[    0.000000]       .init : 0xc089d000 - 0xc08e4000   ( 284 kB)
[    0.000000]       .data : 0xc08e4000 - 0xc092fe40   ( 304 kB)
[    0.000000]        .bss : 0xc092fe40 - 0xc0987a2c   ( 351 kB)
[    0.000000] Preemptible hierarchical RCU implementation.
[    0.000000] 	Additional per-CPU info printed with stalls.
[    0.000000] NR_IRQS:16 nr_irqs:16 16
[    0.000000] L2C: failed to init: -19
[    0.000009] sched_clock: 32 bits at 1000kHz, resolution 1000ns, wraps every 2147483648000ns
[    0.000032] Switching to timer-based delay loop, resolution 1000ns
[    0.001105] Architected cp15 timer(s) running at 12.00MHz (virt).
[    0.001129] sched_clock: 56 bits at 12MHz, resolution 83ns, wraps every 2863311536128ns
[    0.001141] Switching to timer-based delay loop, resolution 83ns
[    0.001546] Console: colour dummy device 80x30
[    0.001571] Calibrating delay loop (skipped), value calculated using timer frequency.. 24.00 BogoMIPS (lpj=120000)
[    0.001585] pid_max: default: 32768 minimum: 301
[    0.001982] Mount-cache hash table entries: 2048 (order: 1, 8192 bytes)
[    0.001995] Mountpoint-cache hash table entries: 2048 (order: 1, 8192 bytes)
[    0.003355] Initializing cgroup subsys freezer
[    0.003381] Initializing cgroup subsys debug
[    0.003435] CPU: Testing write buffer coherency: ok
[    0.003736] /cpus/cpu@0 missing clock-frequency property
[    0.003769] /cpus/cpu@1 missing clock-frequency property
[    0.003803] /cpus/cpu@2 missing clock-frequency property
[    0.003838] /cpus/cpu@3 missing clock-frequency property
[    0.003850] CPU0: thread -1, cpu 0, socket 0, mpidr 80000000
[    0.003896] Setting up static identity map for 0x80643118 - 0x806431b0
[    0.041275] Tegra Revision: A01 SKU: 129 CPU Process: 1 Core Process: 1
[    0.061794] CPU1: thread -1, cpu 1, socket 0, mpidr 80000001
[    0.081805] CPU2: thread -1, cpu 2, socket 0, mpidr 80000002
[    0.101812] CPU3: thread -1, cpu 3, socket 0, mpidr 80000003
[    0.101893] Brought up 4 CPUs
[    0.101914] SMP: Total of 4 processors activated (96.00 BogoMIPS).
[    0.101921] CPU: All CPU(s) started in SVC mode.
[    0.102794] devtmpfs: initialized
[    0.104434] VFP support v0.3: implementor 41 architecture 4 part 30 variant f rev 0
[    0.106610] pinctrl core: initialized pinctrl subsystem
[    0.148260] NET: Registered protocol family 16
[    0.149517] DMA: preallocated 256 KiB pool for atomic coherent allocations
[    0.181054] cpuidle: using governor ladder
[    0.211078] cpuidle: using governor menu
[    0.231054] No ATAGs?
[    0.231109] hw-breakpoint: found 5 (+1 reserved) breakpoint and 4 watchpoint registers.
[    0.231120] hw-breakpoint: maximum watchpoint size is 8 bytes.
[    0.284490] +5V_SYS: supplied by +VDD_MUX
[    0.285045] +3.3V_SYS: supplied by +VDD_MUX
[    0.285299] platform regulators:regulator@3: Driver reg-fixed-voltage requests probe deferral
[    0.285760] reg-fixed-voltage regulators:regulator@4: Failed to find supply vin
[    0.285977] reg-fixed-voltage regulators:regulator@4: Failed to register regulator: -517
[    0.286004] platform regulators:regulator@4: Driver reg-fixed-voltage requests probe deferral
[    0.286430] +USB0_VBUS_SW: Failed to request enable GPIO108: -517
[    0.286634] reg-fixed-voltage regulators:regulator@7: Failed to register regulator: -517
[    0.286661] platform regulators:regulator@7: Driver reg-fixed-voltage requests probe deferral
[    0.287082] +5V_USB_HS: Failed to request enable GPIO109: -517
[    0.287285] reg-fixed-voltage regulators:regulator@8: Failed to register regulator: -517
[    0.287311] platform regulators:regulator@8: Driver reg-fixed-voltage requests probe deferral
[    0.287427] platform regulators:regulator@10: Driver reg-fixed-voltage requests probe deferral
[    0.287846] +1.05V_RUN_AVDD_HDMI_PLL: Failed to request enable GPIO63: -517
[    0.288051] reg-fixed-voltage regulators:regulator@11: Failed to register regulator: -517
[    0.288077] platform regulators:regulator@11: Driver reg-fixed-voltage requests probe deferral
[    0.288494] +5V_HDMI_CON: Failed to request enable GPIO86: -517
[    0.288697] reg-fixed-voltage regulators:regulator@12: Failed to register regulator: -517
[    0.288723] platform regulators:regulator@12: Driver reg-fixed-voltage requests probe deferral
[    0.289139] +5V_SATA: Failed to request enable GPIO242: -517
[    0.289341] reg-fixed-voltage regulators:regulator@13: Failed to register regulator: -517
[    0.289366] platform regulators:regulator@13: Driver reg-fixed-voltage requests probe deferral
[    0.289784] +12V_SATA: Failed to request enable GPIO242: -517
[    0.289987] reg-fixed-voltage regulators:regulator@14: Failed to register regulator: -517
[    0.290013] platform regulators:regulator@14: Driver reg-fixed-voltage requests probe deferral
[    0.291834] vgaarb: loaded
[    0.293222] SCSI subsystem initialized
[    0.293542] libata version 3.00 loaded.
[    0.294239] usbcore: registered new interface driver usbfs
[    0.294400] usbcore: registered new interface driver hub
[    0.294560] usbcore: registered new device driver usb
[    0.298457] Linux video capture interface: v2.00
[    0.298581] pps_core: LinuxPPS API ver. 1 registered
[    0.298590] pps_core: Software ver. 5.3.6 - Copyright 2005-2007 Rodolfo Giometti <giometti@linux.it>
[    0.298657] PTP clock support registered
[    0.299514] Advanced Linux Sound Architecture Driver Initialized.
[    0.300903] Bluetooth: Core ver 2.20
[    0.300982] NET: Registered protocol family 31
[    0.300990] Bluetooth: HCI device and connection manager initialized
[    0.301012] Bluetooth: HCI socket layer initialized
[    0.301032] Bluetooth: L2CAP socket layer initialized
[    0.301085] Bluetooth: SCO socket layer initialized
[    0.301838] cfg80211: Calling CRDA to update world regulatory domain
[    0.302643] Switched to clocksource arch_sys_counter
[    0.326871] NET: Registered protocol family 2
[    0.328152] TCP established hash table entries: 8192 (order: 3, 32768 bytes)
[    0.328260] TCP bind hash table entries: 8192 (order: 4, 65536 bytes)
[    0.328446] TCP: Hash tables configured (established 8192 bind 8192)
[    0.328865] UDP hash table entries: 512 (order: 2, 16384 bytes)
[    0.328907] UDP-Lite hash table entries: 512 (order: 2, 16384 bytes)
[    0.329271] NET: Registered protocol family 1
[    0.329947] RPC: Registered named UNIX socket transport module.
[    0.329958] RPC: Registered udp transport module.
[    0.329966] RPC: Registered tcp transport module.
[    0.329973] RPC: Registered tcp NFSv4.1 backchannel transport module.
[    0.329996] PCI: CLS 0 bytes, default 64
[    0.334221] futex hash table entries: 1024 (order: 4, 65536 bytes)
[    0.336635] squashfs: version 4.0 (2009/01/31) Phillip Lougher
[    0.339793] bounce: pool size: 64 pages
[    0.339812] io scheduler noop registered (default)
[    0.349879] tegra-pcie 1003000.pcie-controller: 2x1, 1x1 configuration
[    0.349931] tegra-pcie 1003000.pcie-controller: Failed to get supply 'avddio-pex': -517
[    0.349972] platform 1003000.pcie-controller: Driver tegra-pcie requests probe deferral
[    0.361206] tegra-apbdma 60020000.dma: Tegra20 APB DMA driver register 32 channels
[    0.361706] tegra-pmc 7000e400.pmc: emergency thermal reset enabled
[    0.362450] Serial: 8250/16550 driver, 4 ports, IRQ sharing disabled
[    0.366162] console [ttyS0] disabled
[    0.366214] 70006300.serial: ttyS0 at MMIO 0x70006300 (irq = 330, base_baud = 25500000) is a Tegra
[    1.242142] console [ttyS0] enabled
[    1.248466] [drm] Initialized drm 1.1.0 20060810
[    1.254715] tegra-hdmi 54280000.hdmi: failed to get HDMI regulator
[    1.260911] platform 54280000.hdmi: Driver tegra-hdmi requests probe deferral
[    1.270786] Unable to handle kernel NULL pointer dereference at virtual address 00000000
[    1.278898] pgd = c0004000
[    1.281601] [00000000] *pgd=00000000
[    1.285207] Internal error: Oops: 80000005 [#1] PREEMPT SMP ARM
[    1.291116] Modules linked in:
[    1.294179] CPU: 1 PID: 1 Comm: swapper/0 Not tainted 4.0.0-rc3-next-20150313-83900-ga68b04c #1
[    1.302861] Hardware name: NVIDIA Tegra SoC (Flattened Device Tree)
[    1.309118] task: ee057840 ti: ee058000 task.ti: ee058000
[    1.314507] PC is at 0x0
[    1.317042] LR is at percpu_ref_kill_and_confirm+0xe4/0x134
[    1.322607] pc : [<00000000>]    lr : [<c0228e44>]    psr: 60000113
[    1.322607] sp : ee059e28  ip : c031279c  fp : ee0eac00
[    1.334065] r10: 00000001  r9 : ee0ead50  r8 : ee0e2554
[    1.339280] r7 : ee2e7b4c  r6 : ee0e256c  r5 : 00000000  r4 : ee2e7b24
[    1.345795] r3 : 00000000  r2 : 00000000  r1 : 00000000  r0 : ee2e7b24
[    1.352312] Flags: nZCv  IRQs on  FIQs on  Mode SVC_32  ISA ARM  Segment kernel
[    1.359609] Control: 10c5387d  Table: 8000406a  DAC: 00000015
[    1.365344] Process swapper/0 (pid: 1, stack limit = 0xee058210)
[    1.371340] Stack: (0xee059e28 to 0xee05a000)
[    1.375691] 9e20:                   ee000280 c0202530 ee2e76e0 00000000 ee0e256c c0208ebc
[    1.383857] 9e40: ee0e256c ee2e76e0 ee2e7b4c c0209018 ee2e76e0 c020904c ee0e256c c08f6a8c
[    1.392022] 9e60: ee0e252c ee2e76e0 ee2e7b4c c0209704 00000000 c0971f9c 00000080 d0f1a300
[    1.400186] 9e80: ee0e4cc0 ee0e4d00 ee2e7b70 ee0e252c ee2e7b70 00000000 ee0e252c ee059ef4
[    1.408350] 9ea0: c08d268c 00000001 00000000 c02097f4 00000005 ee0e2400 00000000 c0313d38
[    1.416515] 9ec0: 000000d0 00100000 00000008 00000001 00100000 c092fe40 c08b9510 c08d268c
[    1.424680] 9ee0: 00000000 c08b9604 00000000 00000000 c08e9ed8 ee0e4fc0 c08e9ed8 c08e9ed8
[    1.432845] 9f00: ee0e4fc0 c0008b24 c06476e4 00000014 00000000 00000000 00000000 c012bee4
[    1.441008] 9f20: 00000000 c08ed3fc 60000113 00000001 ef7fcca0 c0663cc0 000000dd c003b5ec
[    1.449173] 9f40: c086377c 00000006 ef7fcca8 00000006 c08ed3c4 ef7fcc40 c08df5e4 00000006
[    1.457337] 9f60: c08d2680 c092fe40 000000dd c08d268c c089d598 c089dd80 00000006 00000006
[    1.465501] 9f80: c089d598 ffffffff 00000000 c0637be0 00000000 00000000 00000000 00000000
[    1.473666] 9fa0: 00000000 c0637be8 00000000 c000ea00 00000000 00000000 00000000 00000000
[    1.481829] 9fc0: 00000000 00000000 00000000 00000000 00000000 00000000 00000000 00000000
[    1.489993] 9fe0: 00000000 00000000 00000000 00000000 00000013 00000000 ffffffff ffffffff
[    1.498171] [<c0228e44>] (percpu_ref_kill_and_confirm) from [<c0208ebc>] (blk_mq_freeze_queue_start+0x3c/0x4c)
[    1.508162] [<c0208ebc>] (blk_mq_freeze_queue_start) from [<c0209018>] (blk_mq_freeze_queue+0xc/0x18)
[    1.517372] [<c0209018>] (blk_mq_freeze_queue) from [<c020904c>] (blk_mq_update_tag_set_depth+0x28/0xa0)
[    1.526842] [<c020904c>] (blk_mq_update_tag_set_depth) from [<c0209704>] (blk_mq_init_allocated_queue+0x640/0x704)
[    1.537177] [<c0209704>] (blk_mq_init_allocated_queue) from [<c02097f4>] (blk_mq_init_queue+0x2c/0x4c)
[    1.546475] [<c02097f4>] (blk_mq_init_queue) from [<c0313d38>] (loop_add+0xbc/0x224)
[    1.554211] [<c0313d38>] (loop_add) from [<c08b9604>] (loop_init+0xf4/0x158)
[    1.561254] [<c08b9604>] (loop_init) from [<c0008b24>] (do_one_initcall+0x80/0x1d0)
[    1.568904] [<c0008b24>] (do_one_initcall) from [<c089dd80>] (kernel_init_freeable+0x108/0x1d4)
[    1.577597] [<c089dd80>] (kernel_init_freeable) from [<c0637be8>] (kernel_init+0x8/0xec)
[    1.585681] [<c0637be8>] (kernel_init) from [<c000ea00>] (ret_from_fork+0x14/0x34)
[    1.593239] Code: bad PC value
[    1.596333] ---[ end trace 4a3b41486956fbd4 ]---
[    1.600944] note: swapper/0[1] exited with preempt_count 1
[    1.606458] Kernel panic - not syncing: Attempted to kill init! exitcode=0x0000000b
[    1.606458] 
[    1.615581] CPU0: stopping
[    1.618290] CPU: 0 PID: 0 Comm: swapper/0 Tainted: G      D         4.0.0-rc3-next-20150313-83900-ga68b04c #1
[    1.628186] Hardware name: NVIDIA Tegra SoC (Flattened Device Tree)
[    1.634461] [<c0015ab0>] (unwind_backtrace) from [<c00114c8>] (show_stack+0x10/0x14)
[    1.642204] [<c00114c8>] (show_stack) from [<c063bd04>] (dump_stack+0x80/0xcc)
[    1.649423] [<c063bd04>] (dump_stack) from [<c00142f8>] (handle_IPI+0x130/0x15c)
[    1.656811] [<c00142f8>] (handle_IPI) from [<c00087f0>] (gic_handle_irq+0x54/0x5c)
[    1.664373] [<c00087f0>] (gic_handle_irq) from [<c0012040>] (__irq_svc+0x40/0x74)
[    1.671841] Exception stack(0xc08e5f50 to 0xc08e5f98)
[    1.676884] 5f40:                                     00000001 00000000 00000000 c001ee80
[    1.685050] 5f60: c08e6494 00000000 00000000 c08e1d90 c08e64f8 c08e6500 00000001 00000000
[    1.693214] 5f80: c08e5fa0 c08e5f98 c000f4cc c000f4d0 60000113 ffffffff
[    1.699825] [<c0012040>] (__irq_svc) from [<c000f4d0>] (arch_cpu_idle+0x30/0x3c)
[    1.707216] [<c000f4d0>] (arch_cpu_idle) from [<c005544c>] (cpu_startup_entry+0x2a0/0x34c)
[    1.715473] [<c005544c>] (cpu_startup_entry) from [<c089dc0c>] (start_kernel+0x360/0x3cc)
[    1.723639] [<c089dc0c>] (start_kernel) from [<80008074>] (0x80008074)
[    1.730157] CPU3: stopping
[    1.732867] CPU: 3 PID: 0 Comm: swapper/3 Tainted: G      D         4.0.0-rc3-next-20150313-83900-ga68b04c #1
[    1.742763] Hardware name: NVIDIA Tegra SoC (Flattened Device Tree)
[    1.749035] [<c0015ab0>] (unwind_backtrace) from [<c00114c8>] (show_stack+0x10/0x14)
[    1.756777] [<c00114c8>] (show_stack) from [<c063bd04>] (dump_stack+0x80/0xcc)
[    1.763993] [<c063bd04>] (dump_stack) from [<c00142f8>] (handle_IPI+0x130/0x15c)
[    1.771380] [<c00142f8>] (handle_IPI) from [<c00087f0>] (gic_handle_irq+0x54/0x5c)
[    1.778942] [<c00087f0>] (gic_handle_irq) from [<c0012040>] (__irq_svc+0x40/0x74)
[    1.786411] Exception stack(0xee09df88 to 0xee09dfd0)
[    1.791456] df80:                   00000001 00000000 00000000 c001ee80 c08e6494 00000000
[    1.799621] dfa0: 00000000 c08e1d90 c08e64f8 c08e6500 00000001 00000000 ee09dfd8 ee09dfd0
[    1.807784] dfc0: c000f4cc c000f4d0 60000113 ffffffff
[    1.812834] [<c0012040>] (__irq_svc) from [<c000f4d0>] (arch_cpu_idle+0x30/0x3c)
[    1.820224] [<c000f4d0>] (arch_cpu_idle) from [<c005544c>] (cpu_startup_entry+0x2a0/0x34c)
[    1.828478] [<c005544c>] (cpu_startup_entry) from [<80008884>] (0x80008884)
[    1.835428] CPU2: stopping
[    1.838137] CPU: 2 PID: 0 Comm: swapper/2 Tainted: G      D         4.0.0-rc3-next-20150313-83900-ga68b04c #1
[    1.848033] Hardware name: NVIDIA Tegra SoC (Flattened Device Tree)
[    1.854303] [<c0015ab0>] (unwind_backtrace) from [<c00114c8>] (show_stack+0x10/0x14)
[    1.862043] [<c00114c8>] (show_stack) from [<c063bd04>] (dump_stack+0x80/0xcc)
[    1.869260] [<c063bd04>] (dump_stack) from [<c00142f8>] (handle_IPI+0x130/0x15c)
[    1.876647] [<c00142f8>] (handle_IPI) from [<c00087f0>] (gic_handle_irq+0x54/0x5c)
[    1.884209] [<c00087f0>] (gic_handle_irq) from [<c0012040>] (__irq_svc+0x40/0x74)
[    1.891676] Exception stack(0xee09bf88 to 0xee09bfd0)
[    1.896721] bf80:                   00000001 00000000 00000000 c001ee80 c08e6494 00000000
[    1.904886] bfa0: 00000000 c08e1d90 c08e64f8 c08e6500 00000001 00000000 ee09bfd8 ee09bfd0
[    1.913049] bfc0: c000f4cc c000f4d0 60000113 ffffffff
[    1.918100] [<c0012040>] (__irq_svc) from [<c000f4d0>] (arch_cpu_idle+0x30/0x3c)
[    1.925489] [<c000f4d0>] (arch_cpu_idle) from [<c005544c>] (cpu_startup_entry+0x2a0/0x34c)
[    1.933741] [<c005544c>] (cpu_startup_entry) from [<80008884>] (0x80008884)
[    1.940695] ---[ end Kernel panic - not syncing: Attempted to kill init! exitcode=0x0000000b
[    1.940695] 
