[    0.000000] Booting Linux on physical CPU 0x0
[    0.000000] Linux version 4.6.0-rc1-next-20160401+ (pwalmsley@tamien) (gcc version 4.9.2 20140904 (prerelease) (crosstool-NG linaro-1.13.1-4.9-2014.09 - Linaro GCC 4.9-2014.09) ) #1 SMP PREEMPT Thu Mar 31 21:50:17 PDT 2016
[    0.000000] Boot CPU: AArch64 Processor [411fd070]
[    0.000000] Memory limited to 1024MB
[    0.000000] efi: Getting EFI parameters from FDT:
[    0.000000] efi: UEFI not found.
[    0.000000] cma: Reserved 16 MiB at 0x000000007f000000
[    0.000000] psci: probing for conduit method from DT.
[    0.000000] psci: PSCIv0.2 detected in firmware.
[    0.000000] psci: Using standard PSCI v0.2 function IDs
[    0.000000] psci: Trusted OS migration not required
[    0.000000] percpu: Embedded 20 pages/cpu @ffffffc03efd3000 s42624 r8192 d31104 u81920
[    0.000000] Detected PIPT I-cache on CPU0
[    0.000000] CPU features: enabling workaround for ARM erratum 832075
[    0.000000] CPU features: enabling workaround for ARM erratum 834220
[    0.000000] Built 1 zonelists in Zone order, mobility grouping on.  Total pages: 258048
[    0.000000] Kernel command line: root=/dev/vda2 rw rootwait mem=1024M console=ttyAMA0,38400n8 init=/bin/bash
[    0.000000] PID hash table entries: 4096 (order: 3, 32768 bytes)
[    0.000000] Dentry cache hash table entries: 131072 (order: 8, 1048576 bytes)
[    0.000000] Inode-cache hash table entries: 65536 (order: 7, 524288 bytes)
[    0.000000] software IO TLB [mem 0x79c00000-0x7dc00000] (64MB) mapped at [ffffffc039c00000-ffffffc03dbfffff]
[    0.000000] Memory: 936552K/1048576K available (6848K kernel code, 626K rwdata, 2896K rodata, 848K init, 243K bss, 95640K reserved, 16384K cma-reserved)
[    0.000000] Virtual kernel memory layout:
[    0.000000]     modules : 0xffffff8000000000 - 0xffffff8008000000   (   128 MB)
[    0.000000]     vmalloc : 0xffffff8008000000 - 0xffffffbdbfff0000   (   246 GB)
[    0.000000]       .text : 0xffffff8008080000 - 0xffffff800872e000   (  6840 KB)
[    0.000000]     .rodata : 0xffffff800872e000 - 0xffffff8008a06000   (  2912 KB)
[    0.000000]       .init : 0xffffff8008a06000 - 0xffffff8008ada000   (   848 KB)
[    0.000000]       .data : 0xffffff8008ada000 - 0xffffff8008b76800   (   626 KB)
[    0.000000]     vmemmap : 0xffffffbdc0000000 - 0xffffffbfc0000000   (     8 GB maximum)
[    0.000000]               0xffffffbdc0000000 - 0xffffffbdc1000000   (    16 MB actual)
[    0.000000]     fixed   : 0xffffffbffe7fd000 - 0xffffffbffec00000   (  4108 KB)
[    0.000000]     PCI I/O : 0xffffffbffee00000 - 0xffffffbfffe00000   (    16 MB)
[    0.000000]     memory  : 0xffffffc000000000 - 0xffffffc040000000   (  1024 MB)
[    0.000000] SLUB: HWalign=64, Order=0-3, MinObjects=0, CPUs=1, Nodes=1
[    0.000000] Preemptible hierarchical RCU implementation.
[    0.000000] 	Build-time adjustment of leaf fanout to 64.
[    0.000000] 	RCU restricting CPUs from NR_CPUS=64 to nr_cpu_ids=1.
[    0.000000] RCU: Adjusting geometry for rcu_fanout_leaf=64, nr_cpu_ids=1
[    0.000000] NR_IRQS:64 nr_irqs:64 0
[    0.000000] GICv2m: range[mem 0x08020000-0x08020fff], SPI[80:143]
[    0.000000] Architected cp15 timer(s) running at 62.50MHz (virt).
[    0.000000] clocksource: arch_sys_counter: mask: 0xffffffffffffff max_cycles: 0x1cd42e208c, max_idle_ns: 881590405314 ns
[    0.000167] sched_clock: 56 bits at 62MHz, resolution 16ns, wraps every 4398046511096ns
[    0.007184] Console: colour dummy device 80x25
[    0.007907] Calibrating delay loop (skipped), value calculated using timer frequency.. 125.00 BogoMIPS (lpj=250000)
[    0.008073] pid_max: default: 32768 minimum: 301
[    0.009288] Security Framework initialized
[    0.009862] Mount-cache hash table entries: 2048 (order: 2, 16384 bytes)
[    0.009911] Mountpoint-cache hash table entries: 2048 (order: 2, 16384 bytes)
[    0.035009] ASID allocator initialised with 65536 entries
[    0.045858] EFI services will not be available.
[    0.048872] Brought up 1 CPUs
[    0.048985] SMP: Total of 1 processors activated.
[    0.049291] CPU: All CPU(s) started at EL1
[    0.050130] alternatives: patching kernel code
[    0.063398] devtmpfs: initialized
[    0.074373] DMI not present or invalid.
[    0.076030] clocksource: jiffies: mask: 0xffffffff max_cycles: 0xffffffff, max_idle_ns: 7645041785100000 ns
[    0.078587] pinctrl core: initialized pinctrl subsystem
[    0.104834] NET: Registered protocol family 16
[    0.128733] cpuidle: using governor menu
[    0.129527] vdso: 2 pages (1 code @ ffffff8008734000, 1 data @ ffffff8008ae0000)
[    0.129809] hw-breakpoint: found 6 breakpoint and 4 watchpoint registers.
[    0.137665] DMA: preallocated 256 KiB pool for atomic allocations
[    0.139861] Serial: AMBA PL011 UART driver
[    0.196941] 9000000.pl011: ttyAMA0 at MMIO 0x9000000 (irq = 39, base_baud = 0) is a PL011 rev1
[    0.234664] console [ttyAMA0] enabled
[    0.365318] HugeTLB registered 2 MB page size, pre-allocated 0 pages
[    0.391329] vgaarb: loaded
[    0.394450] SCSI subsystem initialized
[    0.401770] usbcore: registered new interface driver usbfs
[    0.404602] usbcore: registered new interface driver hub
[    0.405368] usbcore: registered new device driver usb
[    0.407708] pps_core: LinuxPPS API ver. 1 registered
[    0.407923] pps_core: Software ver. 5.3.6 - Copyright 2005-2007 Rodolfo Giometti <giometti@linux.it>
[    0.408542] PTP clock support registered
[    0.412907] dmi: Firmware registration failed.
[    0.416761] Advanced Linux Sound Architecture Driver Initialized.
[    0.427379] clocksource: Switched to clocksource arch_sys_counter
[    0.429582] VFS: Disk quotas dquot_6.6.0
[    0.430025] VFS: Dquot-cache hash table entries: 512 (order 0, 4096 bytes)
[    0.517721] NET: Registered protocol family 2
[    0.525473] TCP established hash table entries: 8192 (order: 4, 65536 bytes)
[    0.526495] TCP bind hash table entries: 8192 (order: 5, 131072 bytes)
[    0.527982] TCP: Hash tables configured (established 8192 bind 8192)
[    0.529414] UDP hash table entries: 512 (order: 2, 16384 bytes)
[    0.530166] UDP-Lite hash table entries: 512 (order: 2, 16384 bytes)
[    0.533215] NET: Registered protocol family 1
[    0.536592] RPC: Registered named UNIX socket transport module.
[    0.537174] RPC: Registered udp transport module.
[    0.537604] RPC: Registered tcp transport module.
[    0.538009] RPC: Registered tcp NFSv4.1 backchannel transport module.
[    0.544968] kvm [1]: HYP mode not available
[    0.564956] futex hash table entries: 256 (order: 3, 32768 bytes)
[    0.566541] audit: initializing netlink subsys (disabled)
[    0.568953] audit: type=2000 audit(0.540:1): initialized
[    0.574693] workingset: timestamp_bits=44 max_order=18 bucket_order=0
[    0.657493] squashfs: version 4.0 (2009/01/31) Phillip Lougher
[    0.664881] NFS: Registering the id_resolver key type
[    0.666192] Key type id_resolver registered
[    0.666591] Key type id_legacy registered
[    0.669232] fuse init (API version 7.24)
[    0.673899] 9p: Installing v9fs 9p2000 file system support
[    0.689714] io scheduler noop registered
[    0.691608] io scheduler cfq registered (default)
[    0.713972] pl061_gpio 9030000.pl061: PL061 GPIO chip @0x0000000009030000 registered
[    0.720753] PCI host bridge /pcie@10000000 ranges:
[    0.721660]    IO 0x3eff0000..0x3effffff -> 0x00000000
[    0.722454]   MEM 0x10000000..0x3efeffff -> 0x10000000
[    0.724440]   MEM 0x8000000000..0xffffffffff -> 0x8000000000
[    0.727797] pci-host-generic 3f000000.pcie: PCI host bridge to bus 0000:00
[    0.728659] pci_bus 0000:00: root bus resource [bus 00-0f]
[    0.729254] pci_bus 0000:00: root bus resource [io  0x0000-0xffff]
[    0.729805] pci_bus 0000:00: root bus resource [mem 0x10000000-0x3efeffff]
[    0.730381] pci_bus 0000:00: root bus resource [mem 0x8000000000-0xffffffffff]
[    0.761160] xenfs: not registering filesystem on non-xen platform
[    0.796362] Serial: 8250/16550 driver, 4 ports, IRQ sharing disabled
[    0.810595] SuperH (H)SCI(F) driver initialized
[    0.813448] msm_serial: driver initialized
[    0.818354] Unable to detect cache hierarchy from DT for CPU 0
[    0.852157] loop: module loaded
[    0.879951]  vda: vda1 vda2
[    0.913809] tun: Universal TUN/TAP device driver, 1.6
[    0.914209] tun: (C) 1999-2004 Max Krasnyansky <maxk@qualcomm.com>
[    0.929637] e1000e: Intel(R) PRO/1000 Network Driver - 3.2.6-k
[    0.929974] e1000e: Copyright(c) 1999 - 2015 Intel Corporation.
[    0.931302] igb: Intel(R) Gigabit Ethernet Network Driver - version 5.3.0-k
[    0.931639] igb: Copyright (c) 2007-2014 Intel Corporation.
[    0.932822] igbvf: Intel(R) Gigabit Virtual Function Network Driver - version 2.0.2-k
[    0.933209] igbvf: Copyright (c) 2009 - 2012 Intel Corporation.
[    0.934204] sky2: driver version 1.30
[    0.940187] VFIO - User Level meta-driver version: 0.3
[    0.948583] ehci_hcd: USB 2.0 'Enhanced' Host Controller (EHCI) Driver
[    0.948993] ehci-pci: EHCI PCI platform driver
[    0.950222] ehci-platform: EHCI generic platform driver
[    0.951869] ehci-msm: Qualcomm On-Chip EHCI Host Controller
[    0.952788] ohci_hcd: USB 1.1 'Open' Host Controller (OHCI) Driver
[    0.953258] ohci-pci: OHCI PCI platform driver
[    0.953999] ohci-platform: OHCI generic platform driver
[    0.958388] usbcore: registered new interface driver usb-storage
[    0.969612] mousedev: PS/2 mouse device common for all mice
[    0.977809] rtc-pl031 9010000.pl031: rtc core: registered pl031 as rtc0
[    0.981573] i2c /dev entries driver
[    0.996882] sdhci: Secure Digital Host Controller Interface driver
[    0.997224] sdhci: Copyright(c) Pierre Ossman
[    0.997796] Synopsys Designware Multimedia Card Interface Driver
[    1.002123] sdhci-pltfm: SDHCI platform and OF driver helper
[    1.006328] ledtrig-cpu: registered to indicate activity on CPUs
[    1.014860] usbcore: registered new interface driver usbhid
[    1.017156] usbhid: USB HID core driver
[    1.032695] NET: Registered protocol family 17
[    1.034183] 9pnet: Installing 9P2000 support
[    1.035585] Key type dns_resolver registered
[    1.040172] registered taskstats version 1
[    1.049504] input: gpio-keys as /devices/platform/gpio-keys/input/input0
[    1.053733] rtc-pl031 9010000.pl031: setting system clock to 2016-04-01 04:50:49 UTC (1459486249)
[    1.056239] ALSA device list:
[    1.056441]   No soundcards found.
[    1.060209] uart-pl011 9000000.pl011: no DMA platform data
[    1.066600] EXT4-fs (vda2): couldn't mount as ext3 due to feature incompatibilities
[    1.127262] EXT4-fs (vda2): recovery complete
[    1.128013] EXT4-fs (vda2): mounted filesystem with ordered data mode. Opts: (null)
[    1.128634] VFS: Mounted root (ext4 filesystem) on device 254:2.
[    1.131618] devtmpfs: mounted
[    1.170445] Freeing unused kernel memory: 848K (ffffff8008a06000 - ffffff8008ada000)
bash: cannot set terminal process group (-1): Inappropriate ioctl for device
bash: no job control in this shell
bash-4.3# 