
U-Boot SPL 2014.01-00219-gc4d376f (Feb 18 2014 - 19:57:32)


U-Boot 2014.01-00219-gc4d376f (Feb 18 2014 - 19:57:32)

TEGRA114
Board: NVIDIA Dalmore
I2C:   ready
DRAM:  2 GiB
MMC:   Tegra SD/MMC: 0, Tegra SD/MMC: 1
In:    serial
Out:   serial
Err:   serial
Net:   Net Initialization Skipped
No ethernet found.
Hit any key to stop autoboot:  2  0 
Tegra114 (Dalmore) # 
Tegra114 (Dalmore) # usb reset
(Re)start USB...
USB0:   USB EHCI 1.10
scanning bus 0 for devices... 2 USB Device(s) found
       scanning usb for storage devices... 0 Storage Device(s) found
       scanning usb for ethernet devices... 
Warning: asx0 using MAC address from net device
1 Ethernet Device(s) found
Tegra114 (Dalmore) # setenv bootargs 'ignore_loglevel console=ttyS0,115200n8 rw root=PARTUUID=7369c667-ff51-ec4a-29cd-baabf2fbe346 rootwait gpt debug earlyprintk init=/bin/bash'
Tegra114 (Dalmore) # setenv ipaddr 192.168.100.100; setenv serverip 192.168.100.1; setenv tftpserverip 192.168.100.1
Tegra114 (Dalmore) # tftpboot 0x81000000 zImage.multi_v7_defconfig
Using asx0 device
TFTP from server 192.168.100.1; our IP address is 192.168.100.100
Filename 'zImage.multi_v7_defconfig'.
Load address: 0x81000000
Loading: *#################################################################
	 #################################################################
	 #################################################################
	 #################################################################
	 #################################################################
	 #################################################################
	 #################################################################
	 #################################################################
	 ################
	 3.2 MiB/s
done
Bytes transferred = 7860992 (77f300 hex)
Tegra114 (Dalmore) # tftpboot 0x82000000 tegra114-dalmore.dtb
Using asx0 device
TFTP from server 192.168.100.1; our IP address is 192.168.100.100
Filename 'tegra114-dalmore.dtb'.
Load address: 0x82000000
Loading: *###
	 2.8 MiB/s
done
Bytes transferred = 35044 (88e4 hex)
Tegra114 (Dalmore) # bootz 0x81000000 - 0x82000000
Kernel image @ 0x81000000 [ 0x000000 - 0x77f300 ]
## Flattened Device Tree blob at 82000000
   Booting using the fdt blob at 0x82000000
   Loading Device Tree to 8fff4000, end 8ffff8e3 ... OK

Starting kernel ...

[    0.000000] Booting Linux on physical CPU 0x0
[    0.000000] Linux version 4.11.0-rc5-next-20170405-164049-g4c3c5cd (jonathanh@sellafield) (gcc version 4.7.3 20130328 (prerelease) (crosstool-NG linaro-1.13.1-4.7-2013.04-20130415 - Linaro GCC 2013.04) ) #1 SMP Wed Apr 5 02:18:33 PDT 2017
[    0.000000] CPU: ARMv7 Processor [412fc0f2] revision 2 (ARMv7), cr=10c5387d
[    0.000000] CPU: div instructions available: patching division code
[    0.000000] CPU: PIPT / VIPT nonaliasing data cache, PIPT instruction cache
[    0.000000] OF: fdt: Machine model: NVIDIA Tegra114 Dalmore evaluation board
[    0.000000] debug: ignoring loglevel setting.
[    0.000000] Memory policy: Data cache writealloc
[    0.000000] efi: Getting EFI parameters from FDT:
[    0.000000] efi: UEFI not found.
[    0.000000] cma: Reserved 64 MiB at 0xfb800000
[    0.000000] On node 0 totalpages: 524032
[    0.000000] free_area_init_node: node 0, pgdat c157d9c0, node_mem_map eeff8000
[    0.000000]   DMA zone: 1536 pages used for memmap
[    0.000000]   DMA zone: 0 pages reserved
[    0.000000]   DMA zone: 196608 pages, LIFO batch:31
[    0.000000]   HighMem zone: 327424 pages, LIFO batch:31
[    0.000000] percpu: Embedded 17 pages/cpu @eef98000 s38528 r8192 d22912 u69632
[    0.000000] pcpu-alloc: s38528 r8192 d22912 u69632 alloc=17*4096
[    0.000000] pcpu-alloc: [0] 0 [0] 1 [0] 2 [0] 3 
[    0.000000] Built 1 zonelists in Zone order, mobility grouping on.  Total pages: 522496
[    0.000000] Kernel command line: ignore_loglevel console=ttyS0,115200n8 rw root=PARTUUID=7369c667-ff51-ec4a-29cd-baabf2fbe346 rootwait gpt debug earlyprintk init=/bin/bash
[    0.000000] PID hash table entries: 4096 (order: 2, 16384 bytes)
[    0.000000] Dentry cache hash table entries: 131072 (order: 7, 524288 bytes)
[    0.000000] Inode-cache hash table entries: 65536 (order: 6, 262144 bytes)
[    0.000000] Memory: 1993540K/2096128K available (10240K kernel code, 1557K rwdata, 4356K rodata, 2048K init, 417K bss, 37052K reserved, 65536K cma-reserved, 1244160K highmem)
[    0.000000] Virtual kernel memory layout:
[    0.000000]     vector  : 0xffff0000 - 0xffff1000   (   4 kB)
[    0.000000]     fixmap  : 0xffc00000 - 0xfff00000   (3072 kB)
[    0.000000]     vmalloc : 0xf0800000 - 0xff800000   ( 240 MB)
[    0.000000]     lowmem  : 0xc0000000 - 0xf0000000   ( 768 MB)
[    0.000000]     pkmap   : 0xbfe00000 - 0xc0000000   (   2 MB)
[    0.000000]     modules : 0xbf000000 - 0xbfe00000   (  14 MB)
[    0.000000]       .text : 0xc0208000 - 0xc0d00000   (11232 kB)
[    0.000000]       .init : 0xc1200000 - 0xc1400000   (2048 kB)
[    0.000000]       .data : 0xc1400000 - 0xc1585410   (1558 kB)
[    0.000000]        .bss : 0xc158ed94 - 0xc15f7408   ( 418 kB)
[    0.000000] SLUB: HWalign=64, Order=0-3, MinObjects=0, CPUs=4, Nodes=1
[    0.000000] Hierarchical RCU implementation.
[    0.000000] 	RCU debugfs-based tracing is enabled.
[    0.000000] 	RCU restricting CPUs from NR_CPUS=16 to nr_cpu_ids=4.
[    0.000000] RCU: Adjusting geometry for rcu_fanout_leaf=16, nr_cpu_ids=4
[    0.000000] NR_IRQS:16 nr_irqs:16 16
[    0.000000] /interrupt-controller@60004000: 160 interrupts forwarded to /interrupt-controller@50041000
[    0.000000] Tegra clk 127: register failed with -17
[    0.000008] sched_clock: 32 bits at 1000kHz, resolution 1000ns, wraps every 2147483647500ns
[    0.000028] clocksource: timer_us: mask: 0xffffffff max_cycles: 0xffffffff, max_idle_ns: 1911260446275 ns
[    0.000044] Switching to timer-based delay loop, resolution 1000ns
[    0.003323] arm_arch_timer: Architected cp15 timer(s) running at 12.00MHz (virt).
[    0.003342] clocksource: arch_sys_counter: mask: 0xffffffffffffff max_cycles: 0x2c47f4ee7, max_idle_ns: 440795202497 ns
[    0.003361] sched_clock: 56 bits at 12MHz, resolution 83ns, wraps every 4398046511096ns
[    0.003375] Switching to timer-based delay loop, resolution 83ns
[    0.003787] Console: colour dummy device 80x30
[    0.003817] Calibrating delay loop (skipped), value calculated using timer frequency.. 24.00 BogoMIPS (lpj=120000)
[    0.003837] pid_max: default: 32768 minimum: 301
[    0.003934] Mount-cache hash table entries: 2048 (order: 1, 8192 bytes)
[    0.003950] Mountpoint-cache hash table entries: 2048 (order: 1, 8192 bytes)
[    0.004455] CPU: Testing write buffer coherency: ok
[    0.004691] /cpus/cpu@0 missing clock-frequency property
[    0.004722] /cpus/cpu@1 missing clock-frequency property
[    0.004753] /cpus/cpu@2 missing clock-frequency property
[    0.004786] /cpus/cpu@3 missing clock-frequency property
[    0.004799] CPU0: thread -1, cpu 0, socket 0, mpidr 80000000
[    0.005104] Setting up static identity map for 0x80300000 - 0x80300098
[    0.007641] Tegra Revision: A01 SKU: 0 CPU Process: 1 SoC Process: 0
[    0.008269] EFI services will not be available.
[    0.008503] smp: Bringing up secondary CPUs ...
[    0.009143] CPU1: thread -1, cpu 1, socket 0, mpidr 80000001
[    0.009857] CPU2: thread -1, cpu 2, socket 0, mpidr 80000002
[    0.010563] CPU3: thread -1, cpu 3, socket 0, mpidr 80000003
[    0.010652] smp: Brought up 1 node, 4 CPUs
[    0.010675] SMP: Total of 4 processors activated (96.00 BogoMIPS).
[    0.010684] CPU: All CPU(s) started in SVC mode.
[    0.012152] devtmpfs: initialized
[    0.021067] VFP support v0.3: implementor 41 architecture 4 part 30 variant f rev 0
[    0.021404] clocksource: jiffies: mask: 0xffffffff max_cycles: 0xffffffff, max_idle_ns: 19112604462750000 ns
[    0.021423] futex hash table entries: 1024 (order: 4, 65536 bytes)
[    0.022859] pinctrl core: initialized pinctrl subsystem
[    0.024594] NET: Registered protocol family 16
[    0.026829] DMA: preallocated 256 KiB pool for atomic coherent allocations
[    0.028927] cpuidle: using governor menu
[    0.051820] No ATAGs?
[    0.051952] hw-breakpoint: found 5 (+1 reserved) breakpoint and 4 watchpoint registers.
[    0.051968] hw-breakpoint: maximum watchpoint size is 8 bytes.
[    0.057461] Serial: AMBA PL011 UART driver
[    0.058185] tegra-mc 70019000.memory-controller: no memory timings for RAM code 3 registered
[    0.072625] AT91: Could not find identification node
[    0.073087] dvdd_ts: Failed to request enable GPIO61: -517
[    0.073108] reg-fixed-voltage regulators:regulator@1: Failed to register regulator: -517
[    0.073202] usb1_vbus: Failed to request enable GPIO108: -517
[    0.073240] reg-fixed-voltage regulators:regulator@3: Failed to register regulator: -517
[    0.073336] usb2_vbus: Failed to request enable GPIO86: -517
[    0.073351] reg-fixed-voltage regulators:regulator@4: Failed to register regulator: -517
[    0.073742] VDD_5V0_HDMI_CON: Failed to request enable GPIO81: -517
[    0.073757] reg-fixed-voltage regulators:regulator@7: Failed to register regulator: -517
[    0.076155] vgaarb: loaded
[    0.076891] SCSI subsystem initialized
[    0.077056] libata version 3.00 loaded.
[    0.077277] usbcore: registered new interface driver usbfs
[    0.077330] usbcore: registered new interface driver hub
[    0.077390] usbcore: registered new device driver usb
[    0.080520] tps65090 2-0048: No cache defaults, reading back from HW
[    0.082399] TPS65090_RAILSDCDC1: supplied by vdd_ac_bat
[    0.083474] TPS65090_RAILSDCDC2: supplied by vdd_ac_bat
[    0.084544] TPS65090_RAILSDCDC3: supplied by vdd_ac_bat
[    0.085068] TPS65090_RAILSFET1: supplied by vdd_ac_bat
[    0.085447] TPS65090_RAILSFET2: supplied by vdd_ac_bat
[    0.085803] TPS65090_RAILSFET3: supplied by vdd-sys-3v3
[    0.086322] TPS65090_RAILSFET4: supplied by vdd-sys-3v3
[    0.086851] TPS65090_RAILSFET5: supplied by vdd-sys-3v3
[    0.087369] TPS65090_RAILSFET6: supplied by vdd-sys-3v3
[    0.088208] TPS65090_RAILSFET7: supplied by vdd-sys-3v3
[    0.088735] TPS65090_RAILSLDO1: supplied by vdd_ac_bat
[    0.088942] TPS65090_RAILSLDO2: supplied by vdd_ac_bat
[    0.089836] palmas 2-0058: Irq flag is 0x00000004
[    0.091793] palmas 2-0058: Muxing GPIO ff, PWM 0, LED 0
[    0.094248] SMPS12: supplied by vdd-ao
[    0.095270] vdd_hdmi_5v0: supplied by vdd-sys-5v0
[    0.096087] SMPS3: supplied by vdd-ao
[    0.097826] SMPS457: supplied by vdd-sys-3v3
[    0.100696] SMPS8: supplied by vdd-sys-3v3
[    0.101561] random: fast init done
[    0.102316] SMPS9: supplied by vdd-sys-3v3
[    0.102838] sdhci-vdd-sd-slot: Bringing 2840000uV into 2800000-2800000uV
[    0.105624] LDO1: supplied by vdd-sys-3v3
[    0.106796] LDO2: supplied by vdd-sys-3v3
[    0.107985] LDO3: supplied by vddio-1v8
[    0.109158] LDO4: supplied by vdd-sys-3v3
[    0.110345] LDO5: supplied by vdd_ac_bat
[    0.111099] LDO6: supplied by vdd-sys-3v3
[    0.111612] vdd-sensor-2v85: Bringing 2900000uV into 2850000-2850000uV
[    0.113018] LDO7: supplied by vdd-sys-3v3
[    0.114740] LDO8: supplied by vdd-ao
[    0.115254] vdd-rtc: Bringing 675000uV into 900000-900000uV
[    0.123995] LDO9: supplied by sdhci-vdd-sd-slot
[    0.134337] LDOLN: supplied by vdd-sys-5v0
[    0.135527] LDOUSB: supplied by vdd-sys-5v0
[    0.147015] pps_core: LinuxPPS API ver. 1 registered
[    0.147026] pps_core: Software ver. 5.3.6 - Copyright 2005-2007 Rodolfo Giometti <giometti@linux.it>
[    0.147049] PTP clock support registered
[    0.147228] EDAC MC: Ver: 3.0.0
[    0.149309] clocksource: Switched to clocksource arch_sys_counter
[    0.205569] NET: Registered protocol family 2
[    0.206088] TCP established hash table entries: 8192 (order: 3, 32768 bytes)
[    0.206188] TCP bind hash table entries: 8192 (order: 4, 65536 bytes)
[    0.206376] TCP: Hash tables configured (established 8192 bind 8192)
[    0.206466] UDP hash table entries: 512 (order: 2, 16384 bytes)
[    0.206511] UDP-Lite hash table entries: 512 (order: 2, 16384 bytes)
[    0.206669] NET: Registered protocol family 1
[    0.206998] RPC: Registered named UNIX socket transport module.
[    0.207010] RPC: Registered udp transport module.
[    0.207019] RPC: Registered tcp transport module.
[    0.207029] RPC: Registered tcp NFSv4.1 backchannel transport module.
[    0.207042] PCI: CLS 0 bytes, default 64
[    0.209490] workingset: timestamp_bits=30 max_order=19 bucket_order=0
[    0.217832] squashfs: version 4.0 (2009/01/31) Phillip Lougher
[    0.218530] NFS: Registering the id_resolver key type
[    0.218556] Key type id_resolver registered
[    0.218566] Key type id_legacy registered
[    0.218610] ntfs: driver 2.1.32 [Flags: R/O].
[    0.220217] bounce: pool size: 64 pages
[    0.220261] Block layer SCSI generic (bsg) driver version 0.4 loaded (major 248)
[    0.220273] io scheduler noop registered
[    0.220283] io scheduler deadline registered
[    0.220452] io scheduler cfq registered (default)
[    0.220464] io scheduler mq-deadline registered
[    0.250026] tegra-apbdma 6000a000.dma: Tegra20 APB DMA driver register 32 channels
[    0.252288] tegra-pmc 7000e400.pmc: i2c-thermtrip node not found, emergency thermal reset disabled.
[    0.307812] Serial: 8250/16550 driver, 4 ports, IRQ sharing disabled
[    0.310459] console [ttyS0] disabled
[    0.310500] 70006300.serial: ttyS0 at MMIO 0x70006300 (irq = 329, base_baud = 25500000) is a Tegra
[    1.292511] console [ttyS0] enabled
[    1.296720] SuperH (H)SCI(F) driver initialized
[    1.302150] msm_serial: driver initialized
[    1.306416] STMicroelectronics ASC driver initialized
[    1.316850] tegra-hdmi 54280000.hdmi: failed to get HDMI regulator
[    1.340637] brd: module loaded
[    1.351075] loop: module loaded
[    1.370719] m25p80 spi32766.0: w25q32dw (4096 Kbytes)
[    1.378643] libphy: Fixed MDIO Bus: probed
[    1.383806] CAN device driver interface
[    1.388426] bgmac_bcma: Broadcom 47xx GBit MAC driver loaded
[    1.395280] e1000e: Intel(R) PRO/1000 Network Driver - 3.2.6-k
[    1.401119] e1000e: Copyright(c) 1999 - 2015 Intel Corporation.
[    1.407080] igb: Intel(R) Gigabit Ethernet Network Driver - version 5.4.0-k
[    1.414048] igb: Copyright (c) 2007-2014 Intel Corporation.
[    1.422746] pegasus: v0.9.3 (2013/04/25), Pegasus/Pegasus II USB Ethernet driver
[    1.430196] usbcore: registered new interface driver pegasus
[    1.435895] usbcore: registered new interface driver asix
[    1.441335] usbcore: registered new interface driver ax88179_178a
[    1.447451] usbcore: registered new interface driver cdc_ether
[    1.453341] usbcore: registered new interface driver smsc75xx
[    1.459125] usbcore: registered new interface driver smsc95xx
[    1.464910] usbcore: registered new interface driver net1080
[    1.470612] usbcore: registered new interface driver cdc_subset
[    1.476554] usbcore: registered new interface driver zaurus
[    1.482187] usbcore: registered new interface driver cdc_ncm
[    1.489672] ehci_hcd: USB 2.0 'Enhanced' Host Controller (EHCI) Driver
[    1.496193] ehci-pci: EHCI PCI platform driver
[    1.500684] ehci-platform: EHCI generic platform driver
[    1.506079] ehci-orion: EHCI orion driver
[    1.510242] SPEAr-ehci: EHCI SPEAr driver
[    1.514372] ehci-st: EHCI STMicroelectronics driver
[    1.519383] ehci-exynos: EHCI EXYNOS driver
[    1.523700] ehci-atmel: EHCI Atmel driver
[    1.527823] tegra-ehci: Tegra EHCI driver
[    1.532128] ohci_hcd: USB 1.1 'Open' Host Controller (OHCI) Driver
[    1.538309] ohci-pci: OHCI PCI platform driver
[    1.542801] ohci-platform: OHCI generic platform driver
[    1.548166] ohci-omap3: OHCI OMAP3 driver
[    1.552311] SPEAr-ohci: OHCI SPEAr driver
[    1.556440] ohci-st: OHCI STMicroelectronics driver
[    1.561449] ohci-atmel: OHCI Atmel driver
[    1.566109] usbcore: registered new interface driver usb-storage
[    1.577705] palmas-rtc 7000d000.i2c:tps65913@58:rtc: rtc core: registered 7000d000.i2c:tps659 as rtc0
[    1.588728] tegra_rtc 7000e000.rtc: rtc core: registered 7000e000.rtc as rtc1
[    1.595921] tegra_rtc 7000e000.rtc: Tegra internal Real Time Clock
[    1.602598] i2c /dev entries driver
[    1.612256] sbs-battery 0-000b: sbs_probe: Failed to get device status
[    1.618790] sbs-battery: probe of 0-000b failed with error -121
[    1.634754] sdhci: Secure Digital Host Controller Interface driver
[    1.640950] sdhci: Copyright(c) Pierre Ossman
[    1.646672] Synopsys Designware Multimedia Card Interface Driver
[    1.653820] sdhci-pltfm: SDHCI platform and OF driver helper
[    1.660175] sdhci-tegra 78000400.sdhci: Got CD GPIO
[    1.665064] sdhci-tegra 78000400.sdhci: Got WP GPIO
[    1.678191] mmc0: Invalid maximum block size, assuming 512 bytes
[    1.749454] mmc0: SDHCI controller on 78000400.sdhci [78000400.sdhci] using ADMA
[    1.766111] mmc1: Invalid maximum block size, assuming 512 bytes
[    1.829355] mmc1: SDHCI controller on 78000600.sdhci [78000600.sdhci] using ADMA
[    1.838498] ledtrig-cpu: registered to indicate activity on CPUs
[    1.844884] usbcore: registered new interface driver usbhid
[    1.850470] usbhid: USB HID core driver
[    1.857869] NET: Registered protocol family 10
[    1.863266] Segment Routing with IPv6
[    1.866981] sit: IPv6, IPv4 and MPLS over IPv4 tunneling driver
[    1.873525] NET: Registered protocol family 17
[    1.877971] can: controller area network core (rev 20120528 abi 9)
[    1.884211] NET: Registered protocol family 29
[    1.888650] can: raw protocol (rev 20120528)
[    1.892937] can: broadcast manager protocol (rev 20161123 t)
[    1.898593] can: netlink gateway (rev 20130117) max_hops=1
[    1.904400] Key type dns_resolver registered
[    1.909232] ThumbEE CPU extension supported.
[    1.913526] Registering SWP/SWPB emulation handler
[    1.931773] usb1_vbus: supplied by vdd-sys-5v0
[    1.934960] mmc0: new high speed SDHC card at address aaaa
[    1.935536] mmcblk0: mmc0:aaaa SL16G 14.8 GiB 
[    1.947256] usb2_vbus: supplied by vdd-sys-5v0
[    1.955569] VDD_5V0_HDMI_CON: supplied by vdd-sys-5v0
[    1.962618]  mmcblk0: p1 p2 p3
[    1.968200] [drm] Supports vblank timestamp caching Rev 2 (21.10.2013).
[    1.974859] [drm] No driver support for vblank timestamp query.
[    1.985482] mmc1: new high speed MMC card at address 0001
[    1.992019] mmcblk1: mmc1:0001 SEM32G 29.1 GiB 
[    1.996937] mmcblk1boot0: mmc1:0001 SEM32G partition 1 4.00 MiB
[    2.003460] mmcblk1boot1: mmc1:0001 SEM32G partition 2 4.00 MiB
[    2.004068] mmcblk1rpmb: mmc1:0001 SEM32G partition 3 4.00 MiB
[    2.007616]  mmcblk1: p1 p2 p3 p4 p5 p6 p7 p8
[    2.076318] Console: switching to colour frame buffer device 240x75
[    2.132122] drm drm: fb0:  frame buffer device
[    2.136682] [drm] Initialized tegra 0.0.0 20120330 for drm on minor 0
[    2.148859] tegra-ehci 7d008000.usb: EHCI Host Controller
[    2.154297] tegra-ehci 7d008000.usb: new USB bus registered, assigned bus number 1
[    2.162159] tegra-ehci 7d008000.usb: irq 339, io mem 0x7d008000
[    2.189437] tegra-ehci 7d008000.usb: USB 2.0 started, EHCI 1.10
[    2.196492] hub 1-0:1.0: USB hub found
[    2.200360] hub 1-0:1.0: 1 port detected
[    2.205827] input: gpio-keys as /devices/soc0/gpio-keys/input/input0
[    2.214595] palmas-rtc 7000d000.i2c:tps65913@58:rtc: setting system clock to 2001-01-27 20:53:17 UTC (980628797)
[    2.230839] dvdd_ts: disabling
[    2.233901] usb1_vbus: disabling
[    2.237126] vdd_cam_1v8_reg: disabling
[    2.242455] EXT4-fs (mmcblk1p1): mounting ext3 file system using the ext4 subsystem
[    2.264424] EXT4-fs (mmcblk1p1): recovery complete
[    2.269228] EXT4-fs (mmcblk1p1): mounted filesystem with ordered data mode. Opts: (null)
[    2.277416] VFS: Mounted root (ext3 filesystem) on device 179:17.
[    2.285935] devtmpfs: mounted
[    2.290843] Freeing unused kernel memory: 2048K
bash: cannot set terminal process group (-1): Inappropriate ioctl for device
bash: no job control in this shell
root@(none):/# [    2.559440] usb 1-1: new high-speed USB device number 2 using tegra-ehci
[    3.233025] asix 1-1:1.0 eth0: register 'asix' at usb-7d008000.usb-1, ASIX AX88772 USB 2.0 Ethernet, 00:50:b6:0d:b5:16
mount -t sysfs none /sys
root@(none):/# 
root@(none):/# mount -t debugfs none /sys/kernel/debug
root@(none):/# 
root@(none):/# rtcwake -d rtc1 -m mem -s 3
rtcwake: assuming RTC uses UTC ...
rtcwake: wakeup from "mem" using /dev/rtc1 at Thu Jan  1 00:00:20 1970
[    5.388934] PM: Syncing filesystems ... done.
[    5.424873] Freezing user space processes ... (elapsed 0.001 seconds) done.
[    5.433215] OOM killer disabled.
[    5.436460] Freezing remaining freezable tasks ... (elapsed 0.001 seconds) done.
[    5.445299] Suspending console(s) (use no_console_suspend to debug)
[    5.511610] PM: suspend of devices complete after 58.769 msecs
[    5.514966] PM: late suspend of devices complete after 3.340 msecs
[    5.517403] PM: noirq suspend of devices complete after 2.424 msecs
[    5.517408] Disabling non-boot CPUs ...
[    5.555229] IRQ17 no longer affine to CPU2
[    5.663734] Entering suspend state LP1
[    5.663734] Suspended for 7.890 seconds
[    5.663754] Enabling non-boot CPUs ...
[    5.693542] CPU1 is up
[    5.733671] CPU2 is up
[    5.774330] CPU3 is up
[    5.775504] PM: noirq resume of devices complete after 1.163 msecs
[    5.778347] PM: early resume of devices complete after 2.396 msecs
[    6.370352] PM: resume of devices complete after 591.987 msecs
[    6.434691] OOM killer enabled.
[    6.437827] Restarting tasks ... done.
root@(none):/# 
root@(none):/# rtcwake -d rtc1 -m mem -s 3
rtcwake: assuming RTC uses UTC ...
rtcwake: wakeup from "mem" using /dev/rtc1 at Thu Jan  1 00:00:29 1970
[    7.508307] PM: Syncing filesystems ... done.
[    7.538254] Freezing user space processes ... (elapsed 0.001 seconds) done.
[    7.546587] OOM killer disabled.
[    7.549859] Freezing remaining freezable tasks ... (elapsed 0.001 seconds) done.
[    7.558683] Suspending console(s) (use no_console_suspend to debug)
[    7.621356] PM: suspend of devices complete after 55.132 msecs
[    7.624463] PM: late suspend of devices complete after 3.090 msecs
[    7.626933] PM: noirq suspend of devices complete after 2.457 msecs
[    7.626938] Disabling non-boot CPUs ...
[    7.773505] Entering suspend state LP1
[    7.773505] Suspended for 8.473 seconds
[    7.773525] Enabling non-boot CPUs ...
[    7.803498] CPU1 is up
[    7.843632] CPU2 is up
[    7.884294] CPU3 is up
[    7.885427] PM: noirq resume of devices complete after 1.122 msecs
[    7.888245] PM: early resume of devices complete after 2.373 msecs
[    8.479371] PM: resume of devices complete after 591.108 msecs
[    8.539621] OOM killer enabled.
[    8.542756] Restarting tasks ... done.
root@(none):/# 
root@(none):/# rtcwake -d rtc1 -m mem -s 3
rtcwake: assuming RTC uses UTC ...
rtcwake: wakeup from "mem" using /dev/rtc1 at Thu Jan  1 00:00:39 1970
[    9.027974] PM: Syncing filesystems ... done.
[    9.064979] Freezing user space processes ... (elapsed 0.001 seconds) done.
[    9.073345] OOM killer disabled.
[    9.076570] Freezing remaining freezable tasks ... (elapsed 0.001 seconds) done.
[    9.085470] Suspending console(s) (use no_console_suspend to debug)
[    9.151630] PM: suspend of devices complete after 58.639 msecs
[    9.154753] PM: late suspend of devices complete after 3.106 msecs
[    9.157227] PM: noirq suspend of devices complete after 2.461 msecs
[    9.157232] Disabling non-boot CPUs ...
[    9.157732] IRQ17 no longer affine to CPU1
[    9.304017] Entering suspend state LP1
[    9.304017] Suspended for 6.886 seconds
[    9.304037] Enabling non-boot CPUs ...
[    9.333448] CPU1 is up
[    9.373574] CPU2 is up
[    9.414229] CPU3 is up
[    9.415380] PM: noirq resume of devices complete after 1.140 msecs
[    9.417829] PM: early resume of devices complete after 1.996 msecs
[   10.010917] PM: resume of devices complete after 593.070 msecs
[   10.075295] OOM killer enabled.
[   10.078431] Restarting tasks ... done.
root@(none):/# 
root@(none):/# rtcwake -d rtc1 -m mem -s 3
rtcwake: assuming RTC uses UTC ...
rtcwake: wakeup from "mem" using /dev/rtc1 at Thu Jan  1 00:00:48 1970
[   11.149042] PM: Syncing filesystems ... done.
[   11.177454] Freezing user space processes ... (elapsed 0.001 seconds) done.
[   11.185815] OOM killer disabled.
[   11.189060] Freezing remaining freezable tasks ... (elapsed 0.001 seconds) done.
[   11.197908] Suspending console(s) (use no_console_suspend to debug)
[   11.261577] PM: suspend of devices complete after 56.123 msecs
[   11.264707] PM: late suspend of devices complete after 3.113 msecs
[   11.267190] PM: noirq suspend of devices complete after 2.471 msecs
[   11.267195] Disabling non-boot CPUs ...
[   11.267701] IRQ17 no longer affine to CPU1
[   11.413425] Entering suspend state LP1
[   11.413425] Suspended for 8.474 seconds
[   11.413445] Enabling non-boot CPUs ...
[   11.443422] CPU1 is up
[   11.483540] CPU2 is up
[   11.524211] CPU3 is up
[   11.525348] PM: noirq resume of devices complete after 1.126 msecs
[   11.527799] PM: early resume of devices complete after 2.011 msecs
[   12.120174] PM: resume of devices complete after 592.356 msecs
[   12.184547] OOM killer enabled.
[   12.187682] Restarting tasks ... done.
root@(none):/# 
root@(none):/# rtcwake -d rtc1 -m mem -s 3
rtcwake: assuming RTC uses UTC ...
rtcwake: wakeup from "mem" using /dev/rtc1 at Thu Jan  1 00:00:58 1970
[   12.683263] PM: Syncing filesystems ... done.
[   12.721430] Freezing user space processes ... (elapsed 0.001 seconds) done.
[   12.729800] OOM killer disabled.
[   12.733026] Freezing remaining freezable tasks ... (elapsed 0.001 seconds) done.
[   12.741951] Suspending console(s) (use no_console_suspend to debug)
[   12.800877] PM: suspend of devices complete after 51.407 msecs
[   12.803769] PM: late suspend of devices complete after 2.876 msecs
[   12.806412] PM: noirq suspend of devices complete after 2.629 msecs
[   12.806418] Disabling non-boot CPUs ...
[   12.953372] Entering suspend state LP1
[   12.953372] Suspended for 6.877 seconds
[   12.953392] Enabling non-boot CPUs ...
[   12.983391] CPU1 is up
[   13.023506] CPU2 is up
[   13.064165] CPU3 is up
[   13.065317] PM: noirq resume of devices complete after 1.141 msecs
[   13.067819] PM: early resume of devices complete after 2.056 msecs
[   13.660640] PM: resume of devices complete after 592.803 msecs
[   13.720920] OOM killer enabled.
[   13.724064] Restarting tasks ... done.
root@(none):/# 
root@(none):/# rtcwake -d rtc1 -m mem -s 3
rtcwake: assuming RTC uses UTC ...
rtcwake: wakeup from "mem" using /dev/rtc1 at Thu Jan  1 00:01:07 1970
[   14.800465] PM: Syncing filesystems ... done.
[   14.843556] Freezing user space processes ... (elapsed 0.001 seconds) done.
[   14.851908] OOM killer disabled.
[   14.855131] Freezing remaining freezable tasks ... (elapsed 0.001 seconds) done.
[   14.864016] Suspending console(s) (use no_console_suspend to debug)
[   14.921456] PM: suspend of devices complete after 49.924 msecs
[   14.924492] PM: late suspend of devices complete after 3.020 msecs
[   14.926956] PM: noirq suspend of devices complete after 2.452 msecs
[   14.926962] Disabling non-boot CPUs ...
[   14.927472] IRQ17 no longer affine to CPU1
[   15.073296] Entering suspend state LP1
[   15.073296] Suspended for 8.463 seconds
[   15.073316] Enabling non-boot CPUs ...
[   15.103292] CPU1 is up
[   15.143417] CPU2 is up
[   15.184098] CPU3 is up
[   15.185289] PM: noirq resume of devices complete after 1.178 msecs
[   15.187777] PM: early resume of devices complete after 2.043 msecs
[   15.781426] PM: resume of devices complete after 593.629 msecs
[   15.845755] OOM killer enabled.
[   15.848889] Restarting tasks ... done.
root@(none):/# 
root@(none):/# rtcwake -d rtc1 -m mem -s 3
rtcwake: assuming RTC uses UTC ...
rtcwake: wakeup from "mem" using /dev/rtc1 at Thu Jan  1 00:01:17 1970
[   16.327533] PM: Syncing filesystems ... done.
[   16.365014] Freezing user space processes ... (elapsed 0.001 seconds) done.
[   16.373383] OOM killer disabled.
[   16.376607] Freezing remaining freezable tasks ... (elapsed 0.001 seconds) done.
[   16.385478] Suspending console(s) (use no_console_suspend to debug)
[   16.450791] PM: suspend of devices complete after 57.786 msecs
[   16.453812] PM: late suspend of devices complete after 3.004 msecs
[   16.456234] PM: noirq suspend of devices complete after 2.409 msecs
[   16.456239] Disabling non-boot CPUs ...
[   16.456702] IRQ17 no longer affine to CPU1
[   16.603251] Entering suspend state LP1
[   16.603251] Suspended for 6.886 seconds
[   16.603271] Enabling non-boot CPUs ...
[   16.633279] CPU1 is up
[   16.673414] CPU2 is up
[   16.714059] CPU3 is up
[   16.715206] PM: noirq resume of devices complete after 1.136 msecs
[   16.717670] PM: early resume of devices complete after 2.028 msecs
[   17.309473] PM: resume of devices complete after 591.785 msecs
[   17.373865] OOM killer enabled.
[   17.377002] Restarting tasks ... done.
root@(none):/# 
root@(none):/# rtcwake -d rtc1 -m mem -s 3
rtcwake: assuming RTC uses UTC ...
rtcwake: wakeup from "mem" using /dev/rtc1 at Thu Jan  1 00:01:27 1970
[   18.450425] PM: Syncing filesystems ... done.
[   18.493599] Freezing user space processes ... (elapsed 0.001 seconds) done.
[   18.501960] OOM killer disabled.
[   18.505204] Freezing remaining freezable tasks ... (elapsed 0.001 seconds) done.
[   18.514080] Suspending console(s) (use no_console_suspend to debug)
[   18.571273] PM: suspend of devices complete after 49.669 msecs
[   18.574435] PM: late suspend of devices complete after 3.145 msecs
[   18.576893] PM: noirq suspend of devices complete after 2.446 msecs
[   18.576898] Disabling non-boot CPUs ...
[   18.577403] IRQ17 no longer affine to CPU1
[   18.723221] Entering suspend state LP1
[   18.723221] Suspended for 8.463 seconds
[   18.723241] Enabling non-boot CPUs ...
[   18.753239] CPU1 is up
[   18.793350] CPU2 is up
[   18.834117] CPU3 is up
[   18.835258] PM: noirq resume of devices complete after 1.130 msecs
[   18.838059] PM: early resume of devices complete after 2.354 msecs
[   19.435920] PM: resume of devices complete after 597.842 msecs
[   19.500351] OOM killer enabled.
[   19.503487] Restarting tasks ... done.
root@(none):/# 
root@(none):/# rtcwake -d rtc1 -m mem -s 3
rtcwake: assuming RTC uses UTC ...
rtcwake: wakeup from "mem" using /dev/rtc1 at Thu Jan  1 00:01:36 1970
[   19.979642] PM: Syncing filesystems ... done.
[   20.015011] Freezing user space processes ... (elapsed 0.001 seconds) done.
[   20.023384] OOM killer disabled.
[   20.026607] Freezing remaining freezable tasks ... (elapsed 0.001 seconds) done.
[   20.035497] Suspending console(s) (use no_console_suspend to debug)
[   20.101218] PM: suspend of devices complete after 58.202 msecs
[   20.104117] PM: late suspend of devices complete after 2.882 msecs
[   20.106733] PM: noirq suspend of devices complete after 2.603 msecs
[   20.106739] Disabling non-boot CPUs ...
[   20.107246] IRQ17 no longer affine to CPU1
[   20.253755] Entering suspend state LP1
[   20.253755] Suspended for 6.886 seconds
[   20.253775] Enabling non-boot CPUs ...
[   20.283181] CPU1 is up
[   20.323299] CPU2 is up
[   20.363941] CPU3 is up
[   20.365082] PM: noirq resume of devices complete after 1.129 msecs
[   20.367649] PM: early resume of devices complete after 2.115 msecs
[   20.958668] PM: resume of devices complete after 591.001 msecs
[   21.022992] OOM killer enabled.
[   21.026127] Restarting tasks ... done.
root@(none):/# 
root@(none):/# rtcwake -d rtc1 -m mem -s 3
rtcwake: assuming RTC uses UTC ...
rtcwake: wakeup from "mem" using /dev/rtc1 at Thu Jan  1 00:01:45 1970
[   22.068624] PM: Syncing filesystems ... done.
[   22.110361] Freezing user space processes ... (elapsed 0.001 seconds) done.
[   22.118685] OOM killer disabled.
[   22.121961] Freezing remaining freezable tasks ... (elapsed 0.001 seconds) done.
[   22.130842] Suspending console(s) (use no_console_suspend to debug)
[   22.190671] PM: suspend of devices complete after 52.319 msecs
[   22.193503] PM: late suspend of devices complete after 2.816 msecs
[   22.195937] PM: noirq suspend of devices complete after 2.422 msecs
[   22.195942] Disabling non-boot CPUs ...
[   22.196438] IRQ17 no longer affine to CPU1
[   22.343129] Entering suspend state LP1
[   22.343129] Suspended for 6.910 seconds
[   22.343149] Enabling non-boot CPUs ...
[   22.373135] CPU1 is up
[   22.413265] CPU2 is up
[   22.453930] CPU3 is up
[   22.455068] PM: noirq resume of devices complete after 1.127 msecs
[   22.457513] PM: early resume of devices complete after 1.994 msecs
[   23.047237] PM: resume of devices complete after 589.707 msecs
[   23.111598] OOM killer enabled.
[   23.114743] Restarting tasks ... done.
root@(none):/# 
root@(none):/# NVTB SYSTEM SUSPEND TEST COMPLETE
