
U-Boot SPL 2014.01-00219-gc4d376f (Feb 18 2014 - 19:57:18)


U-Boot 2014.01-00219-gc4d376f (Feb 18 2014 - 19:57:18)

TEGRA30
Board: NVIDIA Beaver
I2C:   ready
DRAM:  2 GiB
MMC:   Tegra SD/MMC: 0, Tegra SD/MMC: 1
In:    serial
Out:   serial
Err:   serial
Net:   Net Initialization Skipped
No ethernet found.
Hit any key to stop autoboot:  2  0 
Tegra30 (Beaver) # 
Tegra30 (Beaver) # usb reset
(Re)start USB...
USB0:   USB EHCI 1.00
scanning bus 0 for devices... 2 USB Device(s) found
       scanning usb for storage devices... 0 Storage Device(s) found
       scanning usb for ethernet devices... 
Warning: asx0 using MAC address from net device
1 Ethernet Device(s) found
Tegra30 (Beaver) # setenv bootargs 'ignore_loglevel console=ttyS0,115200n8 rw root=PARTUUID=edbe1840-3633-c751-7993-b0ac834f81e0 rootwait gpt debug noinitrd earlyprintk init=/bin/bash'
Tegra30 (Beaver) # setenv ipaddr 192.168.100.101; setenv serverip 192.168.100.1; setenv tftpserverip 192.168.100.1
Tegra30 (Beaver) # tftpboot 0x81000000 zImage.multi_v7_defconfig
Using asx0 device
TFTP from server 192.168.100.1; our IP address is 192.168.100.101
Filename 'zImage.multi_v7_defconfig'.
Load address: 0x81000000
Loading: *#################################################################
	 #################################################################
	 #################################################################
	 #################################################################
	 #################################################################
	 #################################################################
	 #################################################################
	 #######################
	 2.9 MiB/s
done
Bytes transferred = 7013328 (6b03d0 hex)
Tegra30 (Beaver) # tftpboot 0x82000000 tegra30-beaver.dtb
Using asx0 device
TFTP from server 192.168.100.1; our IP address is 192.168.100.101
Filename 'tegra30-beaver.dtb'.
Load address: 0x82000000
Loading: *####
	 2.6 MiB/s
done
Bytes transferred = 51511 (c937 hex)
Tegra30 (Beaver) # bootz 0x81000000 - 0x82000000
Kernel image @ 0x81000000 [ 0x000000 - 0x6b03d0 ]
## Flattened Device Tree blob at 82000000
   Booting using the fdt blob at 0x82000000
   Loading Device Tree to 8fff0000, end 8ffff936 ... OK

Starting kernel ...

[    0.000000] Booting Linux on physical CPU 0x0
[    0.000000] Linux version 4.6.0-rc3-next-20160415-87276-gaec98d5 (pwalmsley@sellafield) (gcc version 4.7.3 20130328 (prerelease) (crosstool-NG linaro-1.13.1-4.7-2013.04-20130415 - Linaro GCC 2013.04) ) #1 SMP Thu Apr 14 22:23:29 PDT 2016
[    0.000000] CPU: ARMv7 Processor [412fc099] revision 9 (ARMv7), cr=10c5387d
[    0.000000] CPU: PIPT / VIPT nonaliasing data cache, VIPT aliasing instruction cache
[    0.000000] Machine model: NVIDIA Tegra30 Beaver evaluation board
[    0.000000] debug: ignoring loglevel setting.
[    0.000000] cma: Reserved 64 MiB at 0xfb800000
[    0.000000] Memory policy: Data cache writealloc
[    0.000000] On node 0 totalpages: 524032
[    0.000000] free_area_init_node: node 0, pgdat c1418280, node_mem_map eeff8000
[    0.000000]   DMA zone: 1536 pages used for memmap
[    0.000000]   DMA zone: 0 pages reserved
[    0.000000]   DMA zone: 196608 pages, LIFO batch:31
[    0.000000]   HighMem zone: 327424 pages, LIFO batch:31
[    0.000000] percpu: Embedded 12 pages/cpu @eef93000 s19648 r8192 d21312 u49152
[    0.000000] pcpu-alloc: s19648 r8192 d21312 u49152 alloc=12*4096
[    0.000000] pcpu-alloc: [0] 0 [0] 1 [0] 2 [0] 3 
[    0.000000] Built 1 zonelists in Zone order, mobility grouping on.  Total pages: 522496
[    0.000000] Kernel command line: ignore_loglevel console=ttyS0,115200n8 rw root=PARTUUID=edbe1840-3633-c751-7993-b0ac834f81e0 rootwait gpt debug noinitrd earlyprintk init=/bin/bash
[    0.000000] PID hash table entries: 4096 (order: 2, 16384 bytes)
[    0.000000] Dentry cache hash table entries: 131072 (order: 7, 524288 bytes)
[    0.000000] Inode-cache hash table entries: 65536 (order: 6, 262144 bytes)
[    0.000000] Memory: 1995068K/2096128K available (9526K kernel code, 1128K rwdata, 4152K rodata, 2048K init, 338K bss, 35524K reserved, 65536K cma-reserved, 1244160K highmem)
[    0.000000] Virtual kernel memory layout:
[    0.000000]     vector  : 0xffff0000 - 0xffff1000   (   4 kB)
[    0.000000]     fixmap  : 0xffc00000 - 0xfff00000   (3072 kB)
[    0.000000]     vmalloc : 0xf0800000 - 0xff800000   ( 240 MB)
[    0.000000]     lowmem  : 0xc0000000 - 0xf0000000   ( 768 MB)
[    0.000000]     pkmap   : 0xbfe00000 - 0xc0000000   (   2 MB)
[    0.000000]     modules : 0xbf000000 - 0xbfe00000   (  14 MB)
[    0.000000]       .text : 0xc0208000 - 0xc105ba14   (14671 kB)
[    0.000000]       .init : 0xc1100000 - 0xc1300000   (2048 kB)
[    0.000000]       .data : 0xc1300000 - 0xc141a2c0   (1129 kB)
[    0.000000]        .bss : 0xc141c000 - 0xc1470ad8   ( 339 kB)
[    0.000000] SLUB: HWalign=64, Order=0-3, MinObjects=0, CPUs=4, Nodes=1
[    0.000000] Hierarchical RCU implementation.
[    0.000000] 	Build-time adjustment of leaf fanout to 32.
[    0.000000] 	RCU restricting CPUs from NR_CPUS=16 to nr_cpu_ids=4.
[    0.000000] RCU: Adjusting geometry for rcu_fanout_leaf=32, nr_cpu_ids=4
[    0.000000] NR_IRQS:16 nr_irqs:16 16
[    0.000000] /interrupt-controller@60004000: 160 interrupts forwarded to /interrupt-controller@50041000
[    0.000000] L2C: platform modifies aux control register: 0x02080000 -> 0x3e480001
[    0.000000] L2C: DT/platform modifies aux control register: 0x02080000 -> 0x3e480001
[    0.000000] L2C-310 erratum 769419 enabled
[    0.000000] L2C-310 enabling early BRESP for Cortex-A9
[    0.000000] L2C-310: enabling full line of zeros but not enabled in Cortex-A9
[    0.000000] L2C-310 dynamic clock gating enabled, standby mode enabled
[    0.000000] L2C-310 cache controller enabled, 8 ways, 1024 kB
[    0.000000] L2C-310: CACHE_ID 0x410000c7, AUX_CTRL 0x4e480001
[    0.000014] sched_clock: 32 bits at 1000kHz, resolution 1000ns, wraps every 2147483647500ns
[    0.000031] clocksource: timer_us: mask: 0xffffffff max_cycles: 0xffffffff, max_idle_ns: 1911260446275 ns
[    0.000041] Switching to timer-based delay loop, resolution 1000ns
[    0.002781] Console: colour dummy device 80x30
[    0.002807] Calibrating delay loop (skipped), value calculated using timer frequency.. 2.00 BogoMIPS (lpj=5000)
[    0.002816] pid_max: default: 32768 minimum: 301
[    0.002901] Mount-cache hash table entries: 2048 (order: 1, 8192 bytes)
[    0.002908] Mountpoint-cache hash table entries: 2048 (order: 1, 8192 bytes)
[    0.003339] CPU: Testing write buffer coherency: ok
[    0.003624] CPU0: thread -1, cpu 0, socket 0, mpidr 80000000
[    0.003666] Setting up static identity map for 0x80300000 - 0x80300098
[    0.004821] ------------[ cut here ]------------
[    0.004845] WARNING: CPU: 0 PID: 1 at arch/arm/mach-omap2/id.c:49 omap_rev+0x3c/0x50
[    0.004849] Modules linked in:
[    0.004858] CPU: 0 PID: 1 Comm: swapper/0 Not tainted 4.6.0-rc3-next-20160415-87276-gaec98d5 #1
[    0.004863] Hardware name: NVIDIA Tegra SoC (Flattened Device Tree)
[    0.004904] [<c030f9a8>] (unwind_backtrace) from [<c030b088>] (show_stack+0x10/0x14)
[    0.004917] [<c030b088>] (show_stack) from [<c05833a8>] (dump_stack+0x84/0xa4)
[    0.004934] [<c05833a8>] (dump_stack) from [<c0341c24>] (__warn+0xd4/0x100)
[    0.004944] [<c0341c24>] (__warn) from [<c0341c70>] (warn_slowpath_null+0x20/0x28)
[    0.004951] [<c0341c70>] (warn_slowpath_null) from [<c03243fc>] (omap_rev+0x3c/0x50)
[    0.004965] [<c03243fc>] (omap_rev) from [<c1114acc>] (__omap4_sar_ram_init+0x8/0x88)
[    0.004975] [<c1114acc>] (__omap4_sar_ram_init) from [<c0301e5c>] (do_one_initcall+0x3c/0x16c)
[    0.004989] [<c0301e5c>] (do_one_initcall) from [<c1100ccc>] (kernel_init_freeable+0x70/0x1ec)
[    0.005004] [<c1100ccc>] (kernel_init_freeable) from [<c0b477c0>] (kernel_init+0x8/0x118)
[    0.005015] [<c0b477c0>] (kernel_init) from [<c0307f78>] (ret_from_fork+0x14/0x3c)
[    0.005079] ---[ end trace cb88537fdc8fa200 ]---
[    0.006065] Tegra Revision: A03 SKU: 128 CPU Process: 4 SoC Process: 0
[    0.010350] CPU1: thread -1, cpu 1, socket 0, mpidr 80000001
[    0.015334] CPU2: thread -1, cpu 2, socket 0, mpidr 80000002
[    0.020332] CPU3: thread -1, cpu 3, socket 0, mpidr 80000003
[    0.020377] Brought up 4 CPUs
[    0.020391] SMP: Total of 4 processors activated (8.00 BogoMIPS).
[    0.020396] CPU: All CPU(s) started in SVC mode.
[    0.021073] devtmpfs: initialized
[    0.029309] VFP support v0.3: implementor 41 architecture 3 part 30 variant 9 rev 4
[    0.029965] clocksource: jiffies: mask: 0xffffffff max_cycles: 0xffffffff, max_idle_ns: 9556302231375000 ns
[    0.033289] pinctrl core: initialized pinctrl subsystem
[    0.034749] NET: Registered protocol family 16
[    0.037304] DMA: preallocated 256 KiB pool for atomic coherent allocations
[    0.049927] cpuidle: using governor menu
[    0.058867] No ATAGs?
[    0.058894] hw-breakpoint: found 5 (+1 reserved) breakpoint and 1 watchpoint registers.
[    0.058900] hw-breakpoint: maximum watchpoint size is 4 bytes.
[    0.061888] Serial: AMBA PL011 UART driver
[    0.063096] tegra-mc 7000f000.memory-controller: no memory timings for RAM code 3 registered
[    0.082820] vdd_5v_sata: Failed to request enable GPIO30: -517
[    0.082833] reg-fixed-voltage regulators:regulator@3: Failed to register regulator: -517
[    0.082878] usb1_vbus: Failed to request enable GPIO238: -517
[    0.082886] reg-fixed-voltage regulators:regulator@4: Failed to register regulator: -517
[    0.082930] usb3_vbus: Failed to request enable GPIO236: -517
[    0.082937] reg-fixed-voltage regulators:regulator@5: Failed to register regulator: -517
[    0.083022] sys_3v3_pexs: Failed to request enable GPIO95: -517
[    0.083029] reg-fixed-voltage regulators:regulator@7: Failed to register regulator: -517
[    0.085042] vgaarb: loaded
[    0.085587] SCSI subsystem initialized
[    0.085698] libata version 3.00 loaded.
[    0.085872] usbcore: registered new interface driver usbfs
[    0.085908] usbcore: registered new interface driver hub
[    0.085942] usbcore: registered new device driver usb
[    0.103147] vddio_ddr_1v2: Bringing 600000uV into 1200000-1200000uV
[    0.119573] vdd_sata,avdd_plle: Bringing 1200000uV into 1050000-1050000uV
[    0.132255] avdd_dsi_csi,pwrdet_mipi: Bringing 1000000uV into 1200000-1200000uV
[    0.146847] pps_core: LinuxPPS API ver. 1 registered
[    0.146853] pps_core: Software ver. 5.3.6 - Copyright 2005-2007 Rodolfo Giometti <giometti@linux.it>
[    0.146865] PTP clock support registered
[    0.146996] EDAC MC: Ver: 3.0.0
[    0.148509] clocksource: Switched to clocksource timer_us
[    0.154381] NET: Registered protocol family 2
[    0.154788] TCP established hash table entries: 8192 (order: 3, 32768 bytes)
[    0.154841] TCP bind hash table entries: 8192 (order: 4, 65536 bytes)
[    0.154924] TCP: Hash tables configured (established 8192 bind 8192)
[    0.155011] UDP hash table entries: 512 (order: 2, 16384 bytes)
[    0.155072] UDP-Lite hash table entries: 512 (order: 2, 16384 bytes)
[    0.155268] NET: Registered protocol family 1
[    0.155529] RPC: Registered named UNIX socket transport module.
[    0.155536] RPC: Registered udp transport module.
[    0.155540] RPC: Registered tcp transport module.
[    0.155544] RPC: Registered tcp NFSv4.1 backchannel transport module.
[    0.155553] PCI: CLS 0 bytes, default 64
[    0.156304] hw perfevents: enabled with armv7_cortex_a9 PMU driver, 7 counters available
[    0.157204] futex hash table entries: 1024 (order: 4, 65536 bytes)
[    0.157762] workingset: timestamp_bits=28 max_order=19 bucket_order=0
[    0.163245] squashfs: version 4.0 (2009/01/31) Phillip Lougher
[    0.163735] NFS: Registering the id_resolver key type
[    0.163771] Key type id_resolver registered
[    0.163776] Key type id_legacy registered
[    0.163807] ntfs: driver 2.1.32 [Flags: R/O].
[    0.164630] bounce: pool size: 64 pages
[    0.164746] Block layer SCSI generic (bsg) driver version 0.4 loaded (major 248)
[    0.164754] io scheduler noop registered
[    0.164759] io scheduler deadline registered
[    0.164777] io scheduler cfq registered (default)
[    0.170255] tegra30-pinctrl 70000868.pinmux: invalid group "sdmmc3_dat6_pd3" for function "rsvd1"
[    0.170270] tegra30-pinctrl 70000868.pinmux: invalid group "sdmmc3_dat7_pd4" for function "rsvd1"
[    0.170292] tegra30-pinctrl 70000868.pinmux: invalid group "vi_vsync_pd6" for function "rsvd1"
[    0.170302] tegra30-pinctrl 70000868.pinmux: invalid group "vi_hsync_pd7" for function "rsvd1"
[    0.170747] tegra30-pinctrl 70000868.pinmux: invalid group "hdmi_int_pn7" for function "rsvd1"
[    0.170790] tegra30-pinctrl 70000868.pinmux: invalid group "ulpi_data3_po4" for function "rsvd1"
[    0.171113] tegra30-pinctrl 70000868.pinmux: invalid group "vi_d10_pt2" for function "rsvd1"
[    0.171126] tegra30-pinctrl 70000868.pinmux: invalid group "vi_d11_pt3" for function "rsvd1"
[    0.171137] tegra30-pinctrl 70000868.pinmux: invalid group "vi_d0_pt4" for function "rsvd1"
[    0.171177] tegra30-pinctrl 70000868.pinmux: invalid group "pu0" for function "rsvd1"
[    0.171207] tegra30-pinctrl 70000868.pinmux: invalid group "pu3" for function "rsvd1"
[    0.171236] tegra30-pinctrl 70000868.pinmux: invalid group "pu6" for function "rsvd1"
[    0.171282] tegra30-pinctrl 70000868.pinmux: invalid group "pv3" for function "rsvd1"
[    0.171762] tegra30-pinctrl 70000868.pinmux: invalid group "pbb0" for function "rsvd1"
[    0.171873] tegra30-pinctrl 70000868.pinmux: invalid group "pcc1" for function "rsvd1"
[    0.177118] tegra-pcie 3000.pcie-controller: 2x3 configuration
[    0.177236] vdd_1v5_gen: supplied by vdd_5v_in
[    0.177284] vdd_pexa,vdd_pexb: supplied by vdd_1v5_gen
[    0.177383] tegra-pcie 3000.pcie-controller: Failed to get supply 'hvdd-pex': -517
[    0.181174] tegra-apbdma 6000a000.dma: Tegra20 APB DMA driver register 32 channels
[    0.182291] tegra-pmc 7000e400.pmc: i2c-thermtrip node not found, emergency thermal reset disabled.
[    0.214450] Serial: 8250/16550 driver, 4 ports, IRQ sharing disabled
[    0.216585] console [ttyS0] disabled
[    0.216625] 70006000.serial: ttyS0 at MMIO 0x70006000 (irq = 331, base_baud = 25500000) is a Tegra
[    1.274647] console [ttyS0] enabled
[    1.278648] SuperH (H)SCI(F) driver initialized
[    1.283782] msm_serial: driver initialized
[    1.287982] STMicroelectronics ASC driver initialized
[    1.295253] [drm] Initialized drm 1.1.0 20060810
[    1.301817] tegra-hdmi 54280000.hdmi: failed to get HDMI regulator
[    1.315791] brd: module loaded
[    1.322708] loop: module loaded
[    1.330710] m25p80 spi32766.1: w25q32 (4096 Kbytes)
[    1.337554] libphy: Fixed MDIO Bus: probed
[    1.342060] CAN device driver interface
[    1.347012] igb: Intel(R) Gigabit Ethernet Network Driver - version 5.3.0-k
[    1.353968] igb: Copyright (c) 2007-2014 Intel Corporation.
[    1.361336] pegasus: v0.9.3 (2013/04/25), Pegasus/Pegasus II USB Ethernet driver
[    1.368779] usbcore: registered new interface driver pegasus
[    1.374471] usbcore: registered new interface driver asix
[    1.379889] usbcore: registered new interface driver ax88179_178a
[    1.385997] usbcore: registered new interface driver cdc_ether
[    1.391855] usbcore: registered new interface driver smsc75xx
[    1.397626] usbcore: registered new interface driver smsc95xx
[    1.403387] usbcore: registered new interface driver net1080
[    1.409063] usbcore: registered new interface driver cdc_subset
[    1.415003] usbcore: registered new interface driver zaurus
[    1.420621] usbcore: registered new interface driver cdc_ncm
[    1.427747] ehci_hcd: USB 2.0 'Enhanced' Host Controller (EHCI) Driver
[    1.434276] ehci-pci: EHCI PCI platform driver
[    1.438740] ehci-platform: EHCI generic platform driver
[    1.444086] ehci-omap: OMAP-EHCI Host Controller driver
[    1.449385] ehci-orion: EHCI orion driver
[    1.453455] SPEAr-ehci: EHCI SPEAr driver
[    1.457538] ehci-st: EHCI STMicroelectronics driver
[    1.462487] ehci-exynos: EHCI EXYNOS driver
[    1.466763] ehci-atmel: EHCI Atmel driver
[    1.470848] tegra-ehci: Tegra EHCI driver
[    1.475035] ------------[ cut here ]------------
[    1.479671] WARNING: CPU: 3 PID: 1 at drivers/reset/core.c:187 __of_reset_control_get+0x1bc/0x228
[    1.488536] Modules linked in:
[    1.491591] CPU: 3 PID: 1 Comm: swapper/0 Tainted: G        W       4.6.0-rc3-next-20160415-87276-gaec98d5 #1
[    1.501480] Hardware name: NVIDIA Tegra SoC (Flattened Device Tree)
[    1.507765] [<c030f9a8>] (unwind_backtrace) from [<c030b088>] (show_stack+0x10/0x14)
[    1.515496] [<c030b088>] (show_stack) from [<c05833a8>] (dump_stack+0x84/0xa4)
[    1.522712] [<c05833a8>] (dump_stack) from [<c0341c24>] (__warn+0xd4/0x100)
[    1.529659] [<c0341c24>] (__warn) from [<c0341c70>] (warn_slowpath_null+0x20/0x28)
[    1.537211] [<c0341c70>] (warn_slowpath_null) from [<c06957c8>] (__of_reset_control_get+0x1bc/0x228)
[    1.546333] [<c06957c8>] (__of_reset_control_get) from [<c0903658>] (tegra_ehci_probe+0x2d0/0x51c)
[    1.555279] [<c0903658>] (tegra_ehci_probe) from [<c076e2c8>] (platform_drv_probe+0x50/0xb0)
[    1.563710] [<c076e2c8>] (platform_drv_probe) from [<c076cc2c>] (driver_probe_device+0x1f4/0x2b0)
[    1.572564] [<c076cc2c>] (driver_probe_device) from [<c076cd94>] (__driver_attach+0xac/0xb0)
[    1.580983] [<c076cd94>] (__driver_attach) from [<c076b240>] (bus_for_each_dev+0x54/0x88)
[    1.589142] [<c076b240>] (bus_for_each_dev) from [<c076c220>] (bus_add_driver+0xe8/0x1f4)
[    1.597302] [<c076c220>] (bus_add_driver) from [<c076d5b0>] (driver_register+0x78/0xf4)
[    1.605288] [<c076d5b0>] (driver_register) from [<c0301e5c>] (do_one_initcall+0x3c/0x16c)
[    1.613455] [<c0301e5c>] (do_one_initcall) from [<c1100d7c>] (kernel_init_freeable+0x120/0x1ec)
[    1.622143] [<c1100d7c>] (kernel_init_freeable) from [<c0b477c0>] (kernel_init+0x8/0x118)
[    1.630304] [<c0b477c0>] (kernel_init) from [<c0307f78>] (ret_from_fork+0x14/0x3c)
[    1.637875] ---[ end trace cb88537fdc8fa201 ]---
[    1.642491] tegra-ehci 7d004000.usb: can't get utmi-pads reset from the PHY
[    1.649443] tegra-ehci 7d004000.usb: continuing, but please update your DT
[    1.656483] ohci_hcd: USB 1.1 'Open' Host Controller (OHCI) Driver
[    1.662671] ohci-pci: OHCI PCI platform driver
[    1.667142] ohci-platform: OHCI generic platform driver
[    1.672474] ohci-omap3: OHCI OMAP3 driver
[    1.676559] SPEAr-ohci: OHCI SPEAr driver
[    1.680643] ohci-st: OHCI STMicroelectronics driver
[    1.685594] ohci-atmel: OHCI Atmel driver
[    1.690039] usbcore: registered new interface driver usb-storage
[    1.697034] mousedev: PS/2 mouse device common for all mice
[    1.704541] tegra_rtc 7000e000.rtc: rtc core: registered 7000e000.rtc as rtc1
[    1.711710] tegra_rtc 7000e000.rtc: Tegra internal Real Time Clock
[    1.730391] tps65910-rtc tps65910-rtc: rtc core: registered tps65910-rtc as rtc0
[    1.737968] i2c /dev entries driver
[    1.748551] sdhci: Secure Digital Host Controller Interface driver
[    1.754725] sdhci: Copyright(c) Pierre Ossman
[    1.759998] Synopsys Designware Multimedia Card Interface Driver
[    1.766632] sdhci-pltfm: SDHCI platform and OF driver helper
[    1.772838] sdhci-tegra 78000000.sdhci: Got CD GPIO
[    1.777726] sdhci-tegra 78000000.sdhci: Got WP GPIO
[    1.783753] mmc0: Invalid maximum block size, assuming 512 bytes
[    1.823591] mmc0: SDHCI controller on 78000000.sdhci [78000000.sdhci] using ADMA
[    1.834217] mmc1: Invalid maximum block size, assuming 512 bytes
[    1.873516] mmc1: SDHCI controller on 78000600.sdhci [78000600.sdhci] using ADMA
[    1.882022] ledtrig-cpu: registered to indicate activity on CPUs
[    1.888315] usbcore: registered new interface driver usbhid
[    1.893886] usbhid: USB HID core driver
[    1.900781] NET: Registered protocol family 10
[    1.905763] sit: IPv6 over IPv4 tunneling driver
[    1.910819] NET: Registered protocol family 17
[    1.915274] can: controller area network core (rev 20120528 abi 9)
[    1.921490] NET: Registered protocol family 29
[    1.925930] can: raw protocol (rev 20120528)
[    1.930195] can: broadcast manager protocol (rev 20120528 t)
[    1.935849] can: netlink gateway (rev 20130117) max_hops=1
[    1.941612] Key type dns_resolver registered
[    1.946273] ThumbEE CPU extension supported.
[    1.950552] Registering SWP/SWPB emulation handler
[    1.984794] sys_3v3,vdd_3v3_alw: supplied by vdd_5v_in
[    1.989975] +VDD_5V_HDMI: supplied by sys_3v3,vdd_3v3_alw
[    1.995409] vrtc: supplied by vdd_5v_in
[    2.000517] vdd_1v8_gen: supplied by vdd_5v_in
[    2.004997] vddio_ddr_1v2: supplied by vdd_5v_in
[    2.009646] vdd_sata,avdd_plle: supplied by vdd_1v5_gen
[    2.014907] ldo3: supplied by vdd_5v_in
[    2.018791] vdd_rtc: supplied by vdd_5v_in
[    2.022907] vddio_sdmmc,avdd_vdac: supplied by vdd_5v_in
[    2.028249] avdd_dsi_csi,pwrdet_mipi: supplied by vdd_1v8_gen
[    2.034025] vdd_pllm,x,u,a_p_c_s: supplied by vdd_1v8_gen
[    2.039451] vdd_ddr_hs: supplied by vdd_1v8_gen
[    2.044013] vdd_ddr: supplied by vdd_5v_in
[    2.047360] mmc1: new high speed MMC card at address 0001
[    2.049285] mmcblk1: mmc1:0001 SEM16G 14.8 GiB 
[    2.050974] mmcblk1boot0: mmc1:0001 SEM16G partition 1 1.00 MiB
[    2.052631] mmcblk1boot1: mmc1:0001 SEM16G partition 2 1.00 MiB
[    2.053556] mmcblk1rpmb: mmc1:0001 SEM16G partition 3 128 KiB
[    2.068996] Primary GPT is invalid, using alternate GPT.
[    2.069012]  mmcblk1: p1 p2 p3 p4 p5
[    2.084557] vdd_5v_sata: supplied by vdd_5v_in
[    2.089048] usb1_vbus: supplied by vdd_5v_in
[    2.093338] usb3_vbus: supplied by vdd_5v_in
[    2.098083] sys_3v3_pexs: supplied by sys_3v3,vdd_3v3_alw
[    2.104117] tegra-pcie 3000.pcie-controller: 2x3 configuration
[    2.113467] tegra-pcie 3000.pcie-controller: probing port 0, using 2 lanes
[    2.178604] tegra-pcie 3000.pcie-controller: probing port 2, using 2 lanes
[    2.589299] tegra-pcie 3000.pcie-controller: link 2 down, retrying
[    2.999298] tegra-pcie 3000.pcie-controller: link 2 down, retrying
[    3.409301] tegra-pcie 3000.pcie-controller: link 2 down, retrying
[    3.417491] tegra-pcie 3000.pcie-controller: link 2 down, ignoring
[    3.423796] tegra-pcie 3000.pcie-controller: PCI host bridge to bus 0000:00
[    3.430756] pci_bus 0000:00: root bus resource [io  0x0000-0xffff]
[    3.436928] pci_bus 0000:00: root bus resource [mem 0x20000000-0x27ffffff]
[    3.443793] pci_bus 0000:00: root bus resource [mem 0x28000000-0x3fffffff pref]
[    3.451091] pci_bus 0000:00: root bus resource [bus 00-ff]
[    3.456589] pci 0000:00:01.0: [10de:0e1c] type 01 class 0x060400
[    3.462650] pci 0000:00:01.0: PME# supported from D0 D1 D2 D3hot D3cold
[    3.469403] PCI: bus0: Fast back to back transfers disabled
[    3.474974] pci 0000:00:01.0: bridge configuration invalid ([bus 00-00]), reconfiguring
[    3.483068] pci 0000:01:00.0: [10ec:8168] type 00 class 0x020000
[    3.489084] pci 0000:01:00.0: reg 0x10: [io  0x0000-0x00ff]
[    3.494663] pci 0000:01:00.0: reg 0x18: [mem 0x00000000-0x00000fff 64bit pref]
[    3.501883] pci 0000:01:00.0: reg 0x20: [mem 0x00000000-0x00003fff 64bit pref]
[    3.509168] pci 0000:01:00.0: supports D1 D2
[    3.513426] pci 0000:01:00.0: PME# supported from D0 D1 D2 D3hot D3cold
[    3.528535] PCI: bus1: Fast back to back transfers disabled
[    3.534106] pci_bus 0000:01: busn_res: [bus 01-ff] end is updated to 01
[    3.540771] pci 0000:00:01.0: BAR 9: assigned [mem 0x28000000-0x280fffff 64bit pref]
[    3.548507] pci 0000:00:01.0: BAR 7: assigned [io  0x1000-0x1fff]
[    3.554595] pci 0000:01:00.0: BAR 4: assigned [mem 0x28000000-0x28003fff 64bit pref]
[    3.562337] pci 0000:01:00.0: BAR 2: assigned [mem 0x28004000-0x28004fff 64bit pref]
[    3.570076] pci 0000:01:00.0: BAR 0: assigned [io  0x1000-0x10ff]
[    3.576164] pci 0000:00:01.0: PCI bridge to [bus 01]
[    3.581122] pci 0000:00:01.0:   bridge window [io  0x1000-0x1fff]
[    3.587208] pci 0000:00:01.0:   bridge window [mem 0x28000000-0x280fffff 64bit pref]
[    3.594952] pci 0000:00:01.0: nv_msi_ht_cap_quirk didn't locate host bridge
[    3.601999] pcieport 0000:00:01.0: enabling device (0140 -> 0143)
[    3.608225] pcieport 0000:00:01.0: Signaling PME through PCIe PME interrupt
[    3.615182] pci 0000:01:00.0: Signaling PME through PCIe PME interrupt
[    3.621702] pcie_pme 0000:00:01.0:pcie01: service driver pcie_pme loaded
[    3.628586] r8169 Gigabit Ethernet driver 2.3LK-NAPI loaded
[    3.634171] r8169 0000:01:00.0: enabling device (0140 -> 0143)
[    3.641296] r8169 0000:01:00.0 eth0: RTL8168evl/8111evl at 0xf09f2000, 02:04:4b:01:60:a6, XID 0c900800 IRQ 375
[    3.651295] r8169 0000:01:00.0 eth0: jumbo features [frames: 9200 bytes, tx checksumming: ko]
[    3.664524] [drm] Supports vblank timestamp caching Rev 2 (21.10.2013).
[    3.671139] [drm] No driver support for vblank timestamp query.
[    3.677081] drm drm: No connectors reported connected with modes
[    3.683089] [drm] Cannot find any crtc or sizes - going 1024x768
[    3.710466] Console: switching to colour frame buffer device 128x48
[    3.722784] drm drm: fb0:  frame buffer device
[    3.738905] [drm] Initialized tegra 0.0.0 20120330 on minor 0
[    3.749951] utmi_phy_clk_enable: timeout waiting for phy to stabilize
[    3.756414] tegra-ehci 7d004000.usb: EHCI Host Controller
[    3.761824] tegra-ehci 7d004000.usb: new USB bus registered, assigned bus number 1
[    3.769665] tegra-ehci 7d004000.usb: irq 343, io mem 0x7d004000
[    3.783918] tegra-ehci 7d004000.usb: USB 2.0 started, EHCI 1.00
[    3.790777] hub 1-0:1.0: USB hub found
[    3.794550] hub 1-0:1.0: 1 port detected
[    3.799577] tegra-ehci 7d008000.usb: EHCI Host Controller
[    3.804990] tegra-ehci 7d008000.usb: new USB bus registered, assigned bus number 2
[    3.812736] tegra-ehci 7d008000.usb: irq 344, io mem 0x7d008000
[    3.828908] tegra-ehci 7d008000.usb: USB 2.0 started, EHCI 1.00
[    3.836071] hub 2-0:1.0: USB hub found
[    3.839845] hub 2-0:1.0: 1 port detected
[    3.850170] tps65910-rtc tps65910-rtc: setting system clock to 2000-01-01 00:00:02 UTC (946684802)
[    3.863775] vdd_sata,avdd_plle: disabling
[    3.868559] usb1_vbus: disabling
[    3.874454] EXT4-fs (mmcblk1p1): mounting ext3 file system using the ext4 subsystem
[    3.891530] EXT4-fs (mmcblk1p1): warning: mounting fs with errors, running e2fsck is recommended
[    3.903017] EXT4-fs (mmcblk1p1): recovery complete
[    3.907825] EXT4-fs (mmcblk1p1): mounted filesystem with ordered data mode. Opts: (null)
[    3.915934] VFS: Mounted root (ext3 filesystem) on device 179:1.
[    3.933613] devtmpfs: mounted
[    3.939280] Freeing unused kernel memory: 2048K (c1100000 - c1300000)
bash: cannot set terminal process group (-1): Inappropriate ioctl for device
bash: no job control in this shell
root@(none):/# [    4.153924] usb 2-1: new high-speed USB device number 2 using tegra-ehci
mount -t sysfs none /sys
root@(none):/# 
root@(none):/# mount -t debugfs none /sys/kernel/debug
root@(none):/# 
root@(none):/# rtcwake -d rtc1 -m mem -s 3
rtcwake: wakeup from "mem" using /dev/rtc1 at Thu Jan  1 00:00:22 1970
[    7.437740] PM: Syncing filesystems ... done.
[    7.450512] Freezing user space processes ... (elapsed 0.001 seconds) done.
[    7.458636] Freezing remaining freezable tasks ... (elapsed 0.001 seconds) done.
[    7.467268] Suspending console(s) (use no_console_suspend to debug)
[    7.507886] PM: suspend of devices complete after 33.334 msecs
[    7.508607] PM: late suspend of devices complete after 0.713 msecs
[    7.524003] PM: noirq suspend of devices complete after 15.390 msecs
[    7.524006] Disabling non-boot CPUs ...
[    7.524676] CPU1: shutdown
[    7.539744] IRQ17 no longer affine to CPU2
[    7.539974] CPU2: shutdown
[    7.554543] CPU3: shutdown
[    7.569005] Entering suspend state LP1
[    7.569017] Enabling non-boot CPUs ...
[    7.594532] CPU1 is up
[    7.619633] CPU2 is up
[    7.644769] CPU3 is up
[    7.645427] pcieport 0000:00:01.0: nv_msi_ht_cap_quirk didn't locate host bridge
[    7.658592] PM: noirq resume of devices complete after 13.815 msecs
[    7.660045] PM: early resume of devices complete after 1.068 msecs
[    7.725665] PM: resume of devices complete after 65.611 msecs
[    7.800901] Restarting tasks ... done.
root@(none):/# 
root@(none):/# rtcwake -d rtc1 -m mem -s 3
rtcwake: wakeup from "mem" using /dev/rtc1 at Thu Jan  1 00:00:27 1970
[    9.149917] PM: Syncing filesystems ... done.
[    9.161171] Freezing user space processes ... (elapsed 0.001 seconds) done.
[    9.169299] Freezing remaining freezable tasks ... (elapsed 0.001 seconds) done.
[    9.177914] Suspending console(s) (use no_console_suspend to debug)
[    9.216084] PM: suspend of devices complete after 30.973 msecs
[    9.216777] PM: late suspend of devices complete after 0.686 msecs
[    9.228985] PM: noirq suspend of devices complete after 12.203 msecs
[    9.228988] Disabling non-boot CPUs ...
[    9.229372] IRQ17 no longer affine to CPU1
[    9.229686] CPU1: shutdown
[    9.244898] CPU2: shutdown
[    9.259468] CPU3: shutdown
[    9.273988] Entering suspend state LP1
[    9.274004] Enabling non-boot CPUs ...
[    9.299683] CPU1 is up
[    9.324772] CPU2 is up
[    9.349896] CPU3 is up
[    9.350686] pcieport 0000:00:01.0: nv_msi_ht_cap_quirk didn't locate host bridge
[    9.363565] PM: noirq resume of devices complete after 13.659 msecs
[    9.365771] PM: early resume of devices complete after 1.767 msecs
[    9.436922] PM: resume of devices complete after 71.139 msecs
[    9.512411] Restarting tasks ... done.
root@(none):/# 
root@(none):/# rtcwake -d rtc1 -m mem -s 3
rtcwake: wakeup from "mem" using /dev/rtc1 at Thu Jan  1 00:00:32 1970
[   10.843943] PM: Syncing filesystems ... done.
[   10.857702] Freezing user space processes ... (elapsed 0.001 seconds) done.
[   10.865888] Freezing remaining freezable tasks ... (elapsed 0.001 seconds) done.
[   10.874573] Suspending console(s) (use no_console_suspend to debug)
[   10.911992] PM: suspend of devices complete after 29.930 msecs
[   10.912840] PM: late suspend of devices complete after 0.837 msecs
[   10.924067] PM: noirq suspend of devices complete after 11.219 msecs
[   10.924072] Disabling non-boot CPUs ...
[   10.924516] IRQ17 no longer affine to CPU1
[   10.924906] CPU1: shutdown
[   10.940166] CPU2: shutdown
[   10.954631] CPU3: shutdown
[   10.969003] Entering suspend state LP1
[   10.969016] Enabling non-boot CPUs ...
[   10.994657] CPU1 is up
[   11.019738] CPU2 is up
[   11.044871] CPU3 is up
[   11.045668] pcieport 0000:00:01.0: nv_msi_ht_cap_quirk didn't locate host bridge
[   11.058553] PM: noirq resume of devices complete after 13.673 msecs
[   11.060323] PM: early resume of devices complete after 1.328 msecs
[   11.126089] PM: resume of devices complete after 65.754 msecs
[   11.201548] Restarting tasks ... done.
root@(none):/# 
root@(none):/# rtcwake -d rtc1 -m mem -s 3
rtcwake: wakeup from "mem" using /dev/rtc1 at Thu Jan  1 00:00:37 1970
[   12.539384] PM: Syncing filesystems ... done.
[   12.554648] Freezing user space processes ... (elapsed 0.001 seconds) done.
[   12.562809] Freezing remaining freezable tasks ... (elapsed 0.001 seconds) done.
[   12.571485] Suspending console(s) (use no_console_suspend to debug)
[   12.613539] PM: suspend of devices complete after 34.560 msecs
[   12.614329] PM: late suspend of devices complete after 0.783 msecs
[   12.629028] PM: noirq suspend of devices complete after 14.690 msecs
[   12.629030] Disabling non-boot CPUs ...
[   12.629468] IRQ17 no longer affine to CPU1
[   12.629872] CPU1: shutdown
[   12.645107] CPU2: shutdown
[   12.659583] CPU3: shutdown
[   12.673962] Entering suspend state LP1
[   12.673974] Enabling non-boot CPUs ...
[   12.699620] CPU1 is up
[   12.724711] CPU2 is up
[   12.749842] CPU3 is up
[   12.750618] pcieport 0000:00:01.0: nv_msi_ht_cap_quirk didn't locate host bridge
[   12.763515] PM: noirq resume of devices complete after 13.663 msecs
[   12.766226] PM: early resume of devices complete after 2.270 msecs
[   12.836824] PM: resume of devices complete after 70.587 msecs
[   12.912315] Restarting tasks ... done.
root@(none):/# 
root@(none):/# rtcwake -d rtc1 -m mem -s 3
rtcwake: wakeup from "mem" using /dev/rtc1 at Thu Jan  1 00:00:42 1970
[   14.244832] PM: Syncing filesystems ... done.
[   14.259595] Freezing user space processes ... (elapsed 0.001 seconds) done.
[   14.267757] Freezing remaining freezable tasks ... (elapsed 0.001 seconds) done.
[   14.276434] Suspending console(s) (use no_console_suspend to debug)
[   14.318512] PM: suspend of devices complete after 34.582 msecs
[   14.322388] PM: late suspend of devices complete after 3.867 msecs
[   14.333996] PM: noirq suspend of devices complete after 11.602 msecs
[   14.334001] Disabling non-boot CPUs ...
[   14.334447] IRQ17 no longer affine to CPU1
[   14.334835] CPU1: shutdown
[   14.360089] CPU2: shutdown
[   14.374566] CPU3: shutdown
[   14.388936] Entering suspend state LP1
[   14.388950] Enabling non-boot CPUs ...
[   14.414601] CPU1 is up
[   14.439700] CPU2 is up
[   14.464827] CPU3 is up
[   14.465603] pcieport 0000:00:01.0: nv_msi_ht_cap_quirk didn't locate host bridge
[   14.478493] PM: noirq resume of devices complete after 13.659 msecs
[   14.480221] PM: early resume of devices complete after 1.287 msecs
[   14.546847] PM: resume of devices complete after 66.616 msecs
[   14.622323] Restarting tasks ... done.
root@(none):/# 
root@(none):/# rtcwake -d rtc1 -m mem -s 3
rtcwake: wakeup from "mem" using /dev/rtc1 at Thu Jan  1 00:00:47 1970
[   15.959903] PM: Syncing filesystems ... done.
[   15.974186] Freezing user space processes ... (elapsed 0.001 seconds) done.
[   15.982340] Freezing remaining freezable tasks ... (elapsed 0.001 seconds) done.
[   15.991032] Suspending console(s) (use no_console_suspend to debug)
[   16.033475] PM: suspend of devices complete after 34.956 msecs
[   16.034305] PM: late suspend of devices complete after 0.820 msecs
[   16.048989] PM: noirq suspend of devices complete after 14.676 msecs
[   16.048992] Disabling non-boot CPUs ...
[   16.049442] IRQ17 no longer affine to CPU1
[   16.049834] CPU1: shutdown
[   16.065062] CPU2: shutdown
[   16.079569] CPU3: shutdown
[   16.093929] Entering suspend state LP1
[   16.093942] Enabling non-boot CPUs ...
[   16.119593] CPU1 is up
[   16.144663] CPU2 is up
[   16.169808] CPU3 is up
[   16.170586] pcieport 0000:00:01.0: nv_msi_ht_cap_quirk didn't locate host bridge
[   16.183477] PM: noirq resume of devices complete after 13.662 msecs
[   16.185672] PM: early resume of devices complete after 1.752 msecs
[   16.256543] PM: resume of devices complete after 70.858 msecs
[   16.332014] Restarting tasks ... done.
root@(none):/# 
root@(none):/# rtcwake -d rtc1 -m mem -s 3
rtcwake: wakeup from "mem" using /dev/rtc1 at Thu Jan  1 00:00:52 1970
[   17.663242] PM: Syncing filesystems ... done.
[   17.678005] Freezing user space processes ... (elapsed 0.001 seconds) done.
[   17.686166] Freezing remaining freezable tasks ... (elapsed 0.001 seconds) done.
[   17.694846] Suspending console(s) (use no_console_suspend to debug)
[   17.738475] PM: suspend of devices complete after 36.157 msecs
[   17.739290] PM: late suspend of devices complete after 0.806 msecs
[   17.753970] PM: noirq suspend of devices complete after 14.672 msecs
[   17.753973] Disabling non-boot CPUs ...
[   17.754404] IRQ17 no longer affine to CPU1
[   17.754784] CPU1: shutdown
[   17.780006] CPU2: shutdown
[   17.794549] CPU3: shutdown
[   17.808885] Entering suspend state LP1
[   17.808898] Enabling non-boot CPUs ...
[   17.834560] CPU1 is up
[   17.859658] CPU2 is up
[   17.884779] CPU3 is up
[   17.885578] pcieport 0000:00:01.0: nv_msi_ht_cap_quirk didn't locate host bridge
[   17.898449] PM: noirq resume of devices complete after 13.660 msecs
[   17.900695] PM: early resume of devices complete after 1.817 msecs
[   17.970302] PM: resume of devices complete after 69.595 msecs
[   18.045774] Restarting tasks ... done.
root@(none):/# 
root@(none):/# rtcwake -d rtc1 -m mem -s 3
rtcwake: wakeup from "mem" using /dev/rtc1 at Thu Jan  1 00:00:57 1970
[   19.378262] PM: Syncing filesystems ... done.
[   19.393017] Freezing user space processes ... (elapsed 0.001 seconds) done.
[   19.401174] Freezing remaining freezable tasks ... (elapsed 0.001 seconds) done.
[   19.409852] Suspending console(s) (use no_console_suspend to debug)
[   19.451380] PM: suspend of devices complete after 34.066 msecs
[   19.453259] PM: late suspend of devices complete after 1.870 msecs
[   19.468932] PM: noirq suspend of devices complete after 15.664 msecs
[   19.468935] Disabling non-boot CPUs ...
[   19.469381] IRQ17 no longer affine to CPU1
[   19.469775] CPU1: shutdown
[   19.484988] CPU2: shutdown
[   19.499530] CPU3: shutdown
[   19.513880] Entering suspend state LP1
[   19.513894] Enabling non-boot CPUs ...
[   19.539549] CPU1 is up
[   19.564633] CPU2 is up
[   19.589766] CPU3 is up
[   19.590559] pcieport 0000:00:01.0: nv_msi_ht_cap_quirk didn't locate host bridge
[   19.603424] PM: noirq resume of devices complete after 13.649 msecs
[   19.604617] PM: early resume of devices complete after 0.775 msecs
[   19.671755] PM: resume of devices complete after 67.126 msecs
[   19.747247] Restarting tasks ... done.
root@(none):/# 
root@(none):/# rtcwake -d rtc1 -m mem -s 3
rtcwake: wakeup from "mem" using /dev/rtc1 at Thu Jan  1 00:01:02 1970
[   21.082740] PM: Syncing filesystems ... done.
[   21.096491] Freezing user space processes ... (elapsed 0.001 seconds) done.
[   21.104667] Freezing remaining freezable tasks ... (elapsed 0.001 seconds) done.
[   21.113346] Suspending console(s) (use no_console_suspend to debug)
[   21.151883] PM: suspend of devices complete after 31.064 msecs
[   21.152719] PM: late suspend of devices complete after 0.829 msecs
[   21.163936] PM: noirq suspend of devices complete after 11.209 msecs
[   21.163941] Disabling non-boot CPUs ...
[   21.164404] IRQ17 no longer affine to CPU1
[   21.164784] CPU1: shutdown
[   21.179957] CPU2: shutdown
[   21.194502] CPU3: shutdown
[   21.208864] Entering suspend state LP1
[   21.208876] Enabling non-boot CPUs ...
[   21.234517] CPU1 is up
[   21.259603] CPU2 is up
[   21.284744] CPU3 is up
[   21.285528] pcieport 0000:00:01.0: nv_msi_ht_cap_quirk didn't locate host bridge
[   21.298403] PM: noirq resume of devices complete after 13.651 msecs
[   21.301227] PM: early resume of devices complete after 2.399 msecs
[   21.370978] PM: resume of devices complete after 69.736 msecs
[   21.446439] Restarting tasks ... done.
root@(none):/# 
root@(none):/# rtcwake -d rtc1 -m mem -s 3
rtcwake: wakeup from "mem" using /dev/rtc1 at Thu Jan  1 00:01:07 1970
[   22.779236] PM: Syncing filesystems ... done.
[   22.793967] Freezing user space processes ... (elapsed 0.001 seconds) done.
[   22.802125] Freezing remaining freezable tasks ... (elapsed 0.001 seconds) done.
[   22.810810] Suspending console(s) (use no_console_suspend to debug)
[   22.853412] PM: suspend of devices complete after 35.121 msecs
[   22.854243] PM: late suspend of devices complete after 0.823 msecs
[   22.868892] PM: noirq suspend of devices complete after 14.641 msecs
[   22.868895] Disabling non-boot CPUs ...
[   22.869342] IRQ17 no longer affine to CPU1
[   22.869719] CPU1: shutdown
[   22.884939] CPU2: shutdown
[   22.899478] CPU3: shutdown
[   22.913842] Entering suspend state LP1
[   22.913858] Enabling non-boot CPUs ...
[   22.939502] CPU1 is up
[   22.964589] CPU2 is up
[   22.989725] CPU3 is up
[   22.990487] pcieport 0000:00:01.0: nv_msi_ht_cap_quirk didn't locate host bridge
[   23.003387] PM: noirq resume of devices complete after 13.653 msecs
[   23.006130] PM: early resume of devices complete after 2.321 msecs
[   23.076770] PM: resume of devices complete after 70.630 msecs
[   23.152226] Restarting tasks ... done.
root@(none):/# 
root@(none):/# NVTB SYSTEM SUSPEND TEST COMPLETE
