

U-Boot 2011.03 (Jun 11 2013 - 06:07:37)

T114
Board: NVIDIA Dalmore
DRAM:  2 GiB
MMC:   Tegra2 SD/MMC: 0, Tegra2 SD/MMC: 1
In:    serial
Out:   serial
Err:   serial
Net:   Net Initialization Skipped
No ethernet found.
Hit any key to stop autoboot:  2  1  0 
Dalmore #
Dalmore #usb reset
(Re)start USB...
USB:   Register 10011 NbrPorts 1
USB EHCI 1.10
scanning bus for devices... 2 USB Device(s) found
       scanning bus for storage devices... 0 Storage Device(s) found
       scanning bus for ethernet devices... 1 Ethernet Device(s) found
Dalmore #setenv bootargs 'ignore_loglevel console=ttyS0,115200n8 rw root=/dev/mmcblk0p1 rootwait gpt init=/bin/bash'
Dalmore #setenv ipaddr 192.168.100.100; setenv serverip 192.168.100.1; setenv tftpserverip 192.168.100.1
Dalmore #tftpboot 0x81000000 zImage.tegra_defconfig%tegra30,114_mergeconfig
Waiting for Ethernet connection... done.
Using asx0 device
TFTP from server 192.168.100.1; our IP address is 192.168.100.100
Filename 'zImage.tegra_defconfig%tegra30,114_mergeconfig'.
Load address: 0x81000000
Loading: *#################################################  2.8 MiB/s
done
Bytes transferred = 4217344 (405a00 hex)
Dalmore #tftpboot 0x82000000 tegra114-dalmore.dtb
Using asx0 device
TFTP from server 192.168.100.1; our IP address is 192.168.100.100
Filename 'tegra114-dalmore.dtb'.
Load address: 0x82000000
Loading: *#################################################  2.6 MiB/s
done
Bytes transferred = 27540 (6b94 hex)
Dalmore #bootz 0x81000000 - 0x82000000
## Flattened Device Tree blob at 82000000
   Booting using the fdt blob at 0x82000000
   Loading Device Tree to 81ff6000, end 81fffb93 ... OK

Starting kernel ...

Timer summary in microseconds:
       Mark    Elapsed  Stage
          0          0  awake
  3,072,226  3,072,226  usb_start
  7,077,355  4,005,129  eth_start
  7,077,352         -3  tftp start
 10,948,598  3,871,246  tftp done
 13,087,397  2,138,799  start_kernel
[    0.000000] Booting Linux on physical CPU 0x0
[    0.000000] Initializing cgroup subsys cpu
[    0.000000] Initializing cgroup subsys cpuacct
[    0.000000] Linux version 3.11.0-rc4-next-20130806-04499-ga221389 (pwalmsley@tamien) (gcc version 4.5.1 (Sourcery G++ Lite 2010.09-50) ) #1 SMP PREEMPT Tue Aug 6 12:32:06 PDT 2013
[    0.000000] CPU: ARMv7 Processor [412fc0f2] revision 2 (ARMv7), cr=10c5387d
[    0.000000] CPU: PIPT / VIPT nonaliasing data cache, PIPT instruction cache
[    0.000000] Machine: NVIDIA Tegra SoC (Flattened Device Tree), model: NVIDIA Tegra114 Dalmore evaluation board
[    0.000000] debug: ignoring loglevel setting.
[    0.000000] Memory policy: ECC disabled, Data cache writealloc
[    0.000000] On node 0 totalpages: 524032
[    0.000000] free_area_init_node: node 0, pgdat c07bdcc0, node_mem_map c0814000
[    0.000000]   Normal zone: 1520 pages used for memmap
[    0.000000]   Normal zone: 0 pages reserved
[    0.000000]   Normal zone: 194560 pages, LIFO batch:31
[    0.000000]   HighMem zone: 2574 pages used for memmap
[    0.000000]   HighMem zone: 329472 pages, LIFO batch:31
[    0.000000] Tegra Revision: A01 SKU: 0 CPU Process: 1 Core Process: 1
[    0.000000] PERCPU: Embedded 8 pages/cpu @c182b000 s9088 r8192 d15488 u32768
[    0.000000] pcpu-alloc: s9088 r8192 d15488 u32768 alloc=8*4096
[    0.000000] pcpu-alloc: [0] 0 [0] 1 [0] 2 [0] 3 
[    0.000000] Built 1 zonelists in Zone order, mobility grouping on.  Total pages: 522512
[    0.000000] Kernel command line: ignore_loglevel console=ttyS0,115200n8 rw root=/dev/mmcblk0p1 rootwait gpt init=/bin/bash
[    0.000000] PID hash table entries: 4096 (order: 2, 16384 bytes)
[    0.000000] Dentry cache hash table entries: 131072 (order: 7, 524288 bytes)
[    0.000000] Inode-cache hash table entries: 65536 (order: 6, 262144 bytes)
[    0.000000] Memory: 2070408K/2096128K available (5745K kernel code, 274K rwdata, 1652K rodata, 220K init, 339K bss, 25720K reserved, 1317888K highmem)
[    0.000000] Virtual kernel memory layout:
[    0.000000]     vector  : 0xffff0000 - 0xffff1000   (   4 kB)
[    0.000000]     fixmap  : 0xfff00000 - 0xfffe0000   ( 896 kB)
[    0.000000]     vmalloc : 0xf0000000 - 0xff000000   ( 240 MB)
[    0.000000]     lowmem  : 0xc0000000 - 0xef800000   ( 760 MB)
[    0.000000]     pkmap   : 0xbfe00000 - 0xc0000000   (   2 MB)
[    0.000000]     modules : 0xbf000000 - 0xbfe00000   (  14 MB)
[    0.000000]       .text : 0xc0008000 - 0xc0741aec   (7399 kB)
[    0.000000]       .init : 0xc0742000 - 0xc0779380   ( 221 kB)
[    0.000000]       .data : 0xc077a000 - 0xc07bea40   ( 275 kB)
[    0.000000]        .bss : 0xc07bea40 - 0xc08138c8   ( 340 kB)
[    0.000000] Preemptible hierarchical RCU implementation.
[    0.000000] NR_IRQS:16 nr_irqs:16 16
[    0.000000] sched_clock: 32 bits at 1000kHz, resolution 1000ns, wraps every 4294967ms
[    0.000000] Architected local timer running at 12.00MHz (virt).
[    0.000000] Switching to timer-based delay loop
[    0.000000] sched_clock: ARM arch timer >56 bits at 12000kHz, resolution 83ns
[    0.000000] Console: colour dummy device 80x30
[   13.086140] Calibrating delay loop (skipped), value calculated using timer frequency.. 24.00 BogoMIPS (lpj=120000)
[   13.086156] pid_max: default: 32768 minimum: 301
[   13.086598] Mount-cache hash table entries: 512
[   13.104250] Initializing cgroup subsys debug
[   13.104267] Initializing cgroup subsys freezer
[   13.104328] CPU: Testing write buffer coherency: ok
[   13.104659] /cpus/cpu@0 missing clock-frequency property
[   13.104672] /cpus/cpu@1 missing clock-frequency property
[   13.104682] /cpus/cpu@2 missing clock-frequency property
[   13.104691] /cpus/cpu@3 missing clock-frequency property
[   13.104706] CPU0: thread -1, cpu 0, socket 0, mpidr 80000000
[   13.104733] Setting up static identity map for 0xc05779a8 - 0xc0577a40
[   13.156377] CPU1: Booted secondary processor
[   13.156406] CPU1: thread -1, cpu 1, socket 0, mpidr 80000001
[   13.176317] CPU2: Booted secondary processor
[   13.176341] CPU2: thread -1, cpu 2, socket 0, mpidr 80000002
[   13.196277] CPU3: Booted secondary processor
[   13.196301] CPU3: thread -1, cpu 3, socket 0, mpidr 80000003
[   13.196404] Brought up 4 CPUs
[   13.196432] SMP: Total of 4 processors activated (96.00 BogoMIPS).
[   13.196441] CPU: All CPU(s) started in SVC mode.
[   13.197460] devtmpfs: initialized
[   13.210411] VFP support v0.3: implementor 41 architecture 4 part 30 variant f rev 0
[   13.210787] pinctrl core: initialized pinctrl subsystem
[   13.211315] regulator-dummy: no parameters
[   13.211800] NET: Registered protocol family 16
[   13.212060] DMA: preallocated 256 KiB pool for atomic coherent allocations
[   13.212706] cpuidle: using governor ladder
[   13.212716] cpuidle: using governor menu
[   13.222976] No ATAGs?
[   13.223006] hw-breakpoint: found 5 (+1 reserved) breakpoint and 4 watchpoint registers.
[   13.223015] hw-breakpoint: maximum watchpoint size is 8 bytes.
[   13.233645] bio: create slab <bio-0> at 0
[   13.234964] vdd_ac_bat: 5000 mV 
[   13.235283] dvdd_ts: Failed to request enable GPIO61: -517
[   13.235440] reg-fixed-voltage 1.regulator: Failed to register regulator: -517
[   13.235463] platform 1.regulator: Driver reg-fixed-voltage requests probe deferral
[   13.235655] lcd_bl_en: Failed to request enable GPIO58: -517
[   13.235797] reg-fixed-voltage 2.regulator: Failed to register regulator: -517
[   13.235818] platform 2.regulator: Driver reg-fixed-voltage requests probe deferral
[   13.236010] usb1_vbus: Failed to request enable GPIO108: -517
[   13.236150] reg-fixed-voltage 3.regulator: Failed to register regulator: -517
[   13.236171] platform 3.regulator: Driver reg-fixed-voltage requests probe deferral
[   13.236361] usb2_vbus: Failed to request enable GPIO86: -517
[   13.236500] reg-fixed-voltage 4.regulator: Failed to register regulator: -517
[   13.236520] platform 4.regulator: Driver reg-fixed-voltage requests probe deferral
[   13.236709] vdd_hdmi_5v0: Failed to request enable GPIO81: -517
[   13.236847] reg-fixed-voltage 5.regulator: Failed to register regulator: -517
[   13.236867] platform 5.regulator: Driver reg-fixed-voltage requests probe deferral
[   13.236950] platform 6.regulator: Driver reg-fixed-voltage requests probe deferral
[   13.238932] SCSI subsystem initialized
[   13.239302] usbcore: registered new interface driver usbfs
[   13.239393] usbcore: registered new interface driver hub
[   13.239556] usbcore: registered new device driver usb
[   13.243437] vdd-cpu: 500 <--> 1520 mV at 1100 mV 
[   13.244087] tps65090 1-0048: No cache defaults, reading back from HW
[   13.250433] vdd-sys-5v0: no parameters
[   13.250480] vdd-sys-5v0: supplied by vdd_ac_bat
[   13.251916] vdd-sys-3v3: no parameters
[   13.251955] vdd-sys-3v3: supplied by vdd_ac_bat
[   13.253382] vdd-ao: no parameters
[   13.253431] vdd-ao: supplied by vdd_ac_bat
[   13.253683] vdd-lcd-bl: no parameters
[   13.253719] vdd-lcd-bl: supplied by vdd_ac_bat
[   13.253979] TPS65090_RAILSFET2: no parameters
[   13.254015] TPS65090_RAILSFET2: supplied by vdd_ac_bat
[   13.254265] vdd-modem-3v3: no parameters
[   13.254298] vdd-modem-3v3: supplied by vdd-sys-3v3
[   13.254556] avdd-lcd: no parameters
[   13.254591] avdd-lcd: supplied by vdd-sys-3v3
[   13.254843] vdd-lvds: no parameters
[   13.254876] vdd-lvds: supplied by vdd-sys-3v3
[   13.255122] vdd-sd-slot: no parameters
[   13.255155] vdd-sd-slot: supplied by vdd-sys-3v3
[   13.255437] vdd-com-3v3: no parameters
[   13.255483] vdd-com-3v3: supplied by vdd-sys-3v3
[   13.255728] vdd-sby-5v0: no parameters
[   13.255760] vdd-sby-5v0: supplied by vdd_ac_bat
[   13.256000] vdd-sby-3v3: no parameters
[   13.256033] vdd-sby-3v3: supplied by vdd_ac_bat
[   13.256410] genirq: Setting trigger mode 8 for irq 118 failed (gic_set_type+0x0/0xf0)
[   13.256829] palmas 1-0058: Irq flag is 0x00000000
[   13.271118] palmas 1-0058: Muxing GPIO ff, PWM 0, LED 0
[   13.280031] vddio-ddr: 1350 mV 
[   13.280873] vddio-ddr: supplied by vdd-ao
[   13.287812] vddio-1v8: 1800 mV 
[   13.288654] vddio-1v8: supplied by vdd-ao
[   13.295600] vdd-core: 900 <--> 1400 mV at 1100 mV 
[   13.296439] vdd-core: supplied by vdd-sys-3v3
[   13.300620] SMPS6: no parameters
[   13.308333] avdd-pll: 1050 mV 
[   13.309174] avdd-pll: supplied by vdd-sys-3v3
[   13.317484] sdhci-vdd-sd-slot: 2800 mV 
[   13.318325] sdhci-vdd-sd-slot: supplied by vdd-sys-3v3
[   13.320164] SMPS10: at 5000 mV 
[   13.322747] avdd-cam1: 2800 mV 
[   13.323584] avdd-cam1: supplied by vdd-sys-3v3
[   13.327595] avdd-cam2: 2800 mV 
[   13.328434] avdd-cam2: supplied by vdd-sys-3v3
[   13.333222] avdd-dsi-csi: 1200 mV 
[   13.334061] avdd-dsi-csi: supplied by vddio-1v8
[   13.338864] vpp-fuse: 1800 mV 
[   13.339699] vpp-fuse: supplied by vdd-sys-3v3
[   13.342907] LDO5: at 1200 mV 
[   13.343747] LDO5: supplied by vdd_ac_bat
[   13.346368] vdd-sensor-2v85: 2850 mV 
[   13.347204] vdd-sensor-2v85: supplied by vdd-sys-3v3
[   13.351203] vdd-af-cam1: 2800 mV 
[   13.352039] vdd-af-cam1: supplied by vdd-sys-3v3
[   13.360142] vdd-rtc: 900 mV 
[   13.360980] vdd-rtc: supplied by vdd-ao
[   13.364971] vddio-sdmmc-2: 1800 <--> 3300 mV at 3300 mV 
[   13.365810] vddio-sdmmc-2: supplied by sdhci-vdd-sd-slot
[   13.370615] hvdd-usb: 3300 mV 
[   13.371452] hvdd-usb: supplied by vdd-sys-5v0
[   13.376237] avdd-usb: 3300 mV 
[   13.377074] avdd-usb: supplied by vdd-sys-5v0
[   13.380285] rail-3v3: no parameters
[   13.382672] rail-5v0: no parameters
[   13.384243] REGEN3: no parameters
[   13.384465] SYSEN1: no parameters
[   13.384672] SYSEN2: no parameters
[   13.385223] Linux video capture interface: v2.00
[   13.385792] platform 7000f010.iommu: Driver tegra-smmu requests probe deferral
[   13.386094] Advanced Linux Sound Architecture Driver Initialized.
[   13.386867] Bluetooth: Core ver 2.16
[   13.386949] NET: Registered protocol family 31
[   13.386957] Bluetooth: HCI device and connection manager initialized
[   13.386982] Bluetooth: HCI socket layer initialized
[   13.387003] Bluetooth: L2CAP socket layer initialized
[   13.387058] Bluetooth: SCO socket layer initialized
[   13.387778] cfg80211: Calling CRDA to update world regulatory domain
[   13.388892] Switched to clocksource arch_sys_counter
[   13.402654] NET: Registered protocol family 2
[   13.403559] TCP established hash table entries: 8192 (order: 4, 65536 bytes)
[   13.403757] TCP bind hash table entries: 8192 (order: 4, 65536 bytes)
[   13.403934] TCP: Hash tables configured (established 8192 bind 8192)
[   13.404378] TCP: reno registered
[   13.404395] UDP hash table entries: 512 (order: 2, 16384 bytes)
[   13.404437] UDP-Lite hash table entries: 512 (order: 2, 16384 bytes)
[   13.404837] NET: Registered protocol family 1
[   13.405531] RPC: Registered named UNIX socket transport module.
[   13.405542] RPC: Registered udp transport module.
[   13.405549] RPC: Registered tcp transport module.
[   13.405557] RPC: Registered tcp NFSv4.1 backchannel transport module.
[   13.409196] bounce pool size: 64 pages
[   13.410849] squashfs: version 4.0 (2009/01/31) Phillip Lougher
[   13.411669] msgmni has been set to 1469
[   13.413288] io scheduler noop registered (default)
[   13.424471] tegra-apbdma 6000a000.dma: Tegra20 APB DMA driver register 32 channels
[   13.424965] Serial: 8250/16550 driver, 4 ports, IRQ sharing disabled
[   13.426901] 70006300.serial: ttyS0 at MMIO 0x70006300 (irq = 122, base_baud = 25500000) is a Tegra
[   14.441188] console [ttyS0] enabled
[   14.445555] [drm] Initialized drm 1.1.0 20060810
[   14.456001] loop: module loaded
[   14.461743] m25p80 spi32766.0: w25q32dw (4096 Kbytes)
[   14.468497] pegasus: v0.9.3 (2013/04/25), Pegasus/Pegasus II USB Ethernet driver
[   14.475960] usbcore: registered new interface driver pegasus
[   14.481674] usbcore: registered new interface driver asix
[   14.487130] usbcore: registered new interface driver ax88179_178a
[   14.493255] usbcore: registered new interface driver cdc_ether
[   14.499137] usbcore: registered new interface driver r815x
[   14.504725] usbcore: registered new interface driver smsc75xx
[   14.510523] usbcore: registered new interface driver smsc95xx
[   14.516320] usbcore: registered new interface driver net1080
[   14.522010] usbcore: registered new interface driver cdc_subset
[   14.527983] usbcore: registered new interface driver zaurus
[   14.533632] usbcore: registered new interface driver cdc_ncm
[   14.539314] ehci_hcd: USB 2.0 'Enhanced' Host Controller (EHCI) Driver
[   14.545818] tegra-ehci: Tegra EHCI driver
[   14.550036] usbcore: registered new interface driver cdc_acm
[   14.555677] cdc_acm: USB Abstract Control Model driver for USB modems and ISDN adapters
[   14.563700] usbcore: registered new interface driver cdc_wdm
[   14.569432] usbcore: registered new interface driver usb-storage
[   14.576004] mousedev: PS/2 mouse device common for all mice
[   14.593562] palmas-rtc rtc.7: rtc core: registered rtc.7 as rtc0
[   14.603950] tegra_rtc 7000e000.rtc: rtc core: registered 7000e000.rtc as rtc1
[   14.611096] tegra_rtc 7000e000.rtc: Tegra internal Real Time Clock
[   14.618639] sbs-battery 0-000b: sbs_probe: Failed to get device status
[   14.625163] sbs-battery: probe of 0-000b failed with error -121
[   14.634709] sdhci: Secure Digital Host Controller Interface driver
[   14.640853] sdhci: Copyright(c) Pierre Ossman
[   14.645202] sdhci-pltfm: SDHCI platform and OF driver helper
[   14.651241] sdhci-tegra 78000400.sdhci: Got CD GPIO #170.
[   14.657687] mmc0: no vqmmc regulator found
[   14.661765] mmc0: no vmmc regulator found
[   14.665768] mmc0: Invalid maximum block size, assuming 512 bytes
[   14.713592] mmc0: SDHCI controller on 78000400.sdhci [78000400.sdhci] using ADMA
[   14.723147] mmc1: no vqmmc regulator found
[   14.727243] mmc1: no vmmc regulator found
[   14.731230] mmc1: Invalid maximum block size, assuming 512 bytes
[   14.773349] mmc1: SDHCI controller on 78000600.sdhci [78000600.sdhci] using ADMA
[   14.781389] usbcore: registered new interface driver usbhid
[   14.788990] usbhid: USB HID core driver
[   14.905124] mmc1: BKOPS_EN bit is not set
[   14.935529] mmc1: new HS200 MMC card at address 0001
[   14.941037] mmcblk0: mmc1:0001 SEM32G 29.1 GiB 
[   14.945909] mmcblk0boot0: mmc1:0001 SEM32G partition 1 4.00 MiB
[   14.952096] mmcblk0boot1: mmc1:0001 SEM32G partition 2 4.00 MiB
[   14.958274] mmcblk0rpmb: mmc1:0001 SEM32G partition 3 4.00 MiB
[   14.966594] Primary GPT is invalid, using alternate GPT.
[   14.971899]  mmcblk0: p1 p2 p3 p4 p5
[   14.978796]  mmcblk0boot1: unknown partition table
[   14.985225]  mmcblk0boot0: unknown partition table
[   15.242288] tegra-snd-rt5640 sound.4:  rt5640-aif1 <-> 70080400.i2s mapping ok
[   15.250817] input: NVIDIA Tegra Dalmore Headphones as /devices/soc0/sound.4/sound/card0/input0
[   15.260969] TCP: cubic registered
[   15.264565] NET: Registered protocol family 10
[   15.270338] mip6: Mobile IPv6
[   15.273315] sit: IPv6 over IPv4 tunneling driver
[   15.279533] NET: Registered protocol family 17
[   15.284014] NET: Registered protocol family 15
[   15.288589] Bluetooth: RFCOMM socket layer initialized
[   15.293718] Bluetooth: RFCOMM ver 1.11
[   15.297446] Bluetooth: BNEP (Ethernet Emulation) ver 1.3
[   15.302756] Bluetooth: BNEP socket layer initialized
[   15.307692] Bluetooth: HIDP (Human Interface Emulation) ver 1.2
[   15.313604] Bluetooth: HIDP socket layer initialized
[   15.319159] Registering SWP/SWPB emulation handler
[   15.328871] hvdd-usb: disabling
[   15.334644] vdd-af-cam1: disabling
[   15.340704] vdd-sensor-2v85: disabling
[   15.346967] LDO5: disabling
[   15.352437] vpp-fuse: disabling
[   15.358058] avdd-cam2: disabling
[   15.363981] avdd-cam1: disabling
[   15.370193] vdd-com-3v3: disabling
[   15.374203] vdd-lvds: disabling
[   15.377920] avdd-lcd: disabling
[   15.381660] vdd-lcd-bl: disabling
[   15.386179] dvdd_ts: 1800 mV 
[   15.389752] lcd_bl_en: 5000 mV 
[   15.393490] usb1_vbus: 5000 mV 
[   15.396685] usb1_vbus: supplied by vdd-sys-5v0
[   15.401535] usb2_vbus: 5000 mV 
[   15.404688] usb2_vbus: supplied by vdd-sys-5v0
[   15.409477] vdd_hdmi_5v0: 5000 mV 
[   15.412909] vdd_hdmi_5v0: supplied by vdd-sys-5v0
[   15.420376] vdd_cam_1v8_reg: 1800 mV 
[   15.425594] input: gpio-keys.2 as /devices/soc0/gpio-keys.2/input/input1
[   15.436407] palmas-rtc rtc.7: setting system clock to 2000-01-01 02:38:09 UTC (946694289)
[   15.445041] ALSA device list:
[   15.448002]   #0: NVIDIA Tegra Dalmore
[   15.472509] kjournald starting.  Commit interval 5 seconds
[   15.479232] EXT3-fs (mmcblk0p1): using internal journal
[   15.484547] EXT3-fs (mmcblk0p1): recovery complete
[   15.489327] EXT3-fs (mmcblk0p1): mounted filesystem with writeback data mode
[   15.496477] VFS: Mounted root (ext3 filesystem) on device 179:1.
[   15.503993] devtmpfs: mounted
[   15.507215] Freeing unused kernel memory: 220K (c0742000 - c0779000)
bash: cannot set terminal process group (-1): Inappropriate ioctl for device
bash: no job control in this shell
I have no name!@(none):/# 