ed 16 MiB at 0x00000000f5400000
[    0.000000] earlycon: uart0 at MMIO 0x0000000070006000 (options '115200n8')
[    0.000000] bootconsole [uart0] enabled
[    0.000000] NUMA: No NUMA configuration found
[    0.000000] NUMA: Faking a node at [mem 0x0000000000000000-0x000000013fffffff]
[    0.000000] NUMA: Adding memblock [0x80000000 - 0xf65fffff] on node 0
[    0.000000] NUMA: Adding memblock [0x100000000 - 0x13fffffff] on node 0
[    0.000000] NUMA: Initmem setup node 0 [mem 0x80000000-0x13fffffff]
[    0.000000] NUMA: NODE_DATA [mem 0x13ffa0d00-0x13ffa27ff]
[    0.000000] Zone ranges:
[    0.000000]   DMA      [mem 0x0000000080000000-0x00000000ffffffff]
[    0.000000]   Normal   [mem 0x0000000100000000-0x000000013fffffff]
[    0.000000] Movable zone start for each node
[    0.000000] Early memory node ranges
[    0.000000]   node   0: [mem 0x0000000080000000-0x00000000f65fffff]
[    0.000000]   node   0: [mem 0x0000000100000000-0x000000013fffffff]
[    0.000000] Initmem setup node 0 [mem 0x0000000080000000-0x000000013fffffff]
[    0.000000] psci: probing for conduit method from DT.
[    0.000000] psci: PSCIv1.0 detected in firmware.
[    0.000000] psci: Using standard PSCI v0.2 function IDs
[    0.000000] psci: MIGRATE_INFO_UP_CPU reported invalid physical ID (0x80000000)
[    0.000000] percpu: Embedded 23 pages/cpu @ffff8000bff41000 s56832 r8192 d29184 u94208
[    0.000000] Detected PIPT I-cache on CPU0
[    0.000000] CPU features: enabling workaround for ARM erratum 832075
[    0.000000] CPU features: enabling workaround for ARM erratum 834220
[    0.000000] Built 1 zonelists in Node order, mobility grouping on.  Total pages: 735336
[    0.000000] Policy zone: Normal
[    0.000000] Kernel command line: cros_secure vpr=0x08000000@0xf6800000 earlycon
[    0.000000] PID hash table entries: 4096 (order: 3, 32768 bytes)
[    0.000000] software IO TLB [mem 0xf1400000-0xf5400000] (64MB) mapped at [ffff800071400000-ffff8000753fffff]
[    0.000000] Memory: 2837716K/2988032K available (8764K kernel code, 1078K rwdata, 4184K rodata, 1088K init, 394K bss, 133932K reserved, 16384K cma-reserved)
[    0.000000] Virtual kernel memory layout:
[    0.000000]     modules : 0xffff000000000000 - 0xffff000008000000   (   128 MB)
[    0.000000]     vmalloc : 0xffff000008000000 - 0xffff7dffbfff0000   (129022 GB)
[    0.000000]       .text : 0xffff000008080000 - 0xffff000008910000   (  8768 KB)
[    0.000000]     .rodata : 0xffff000008910000 - 0xffff000008d30000   (  4224 KB)
[    0.000000]       .init : 0xffff000008d30000 - 0xffff000008e40000   (  1088 KB)
[    0.000000]       .data : 0xffff000008e40000 - 0xffff000008f4da00   (  1079 KB)
[    0.000000]        .bss : 0xffff000008f4da00 - 0xffff000008fb05b8   (   395 KB)
[    0.000000]     fixed   : 0xffff7dfffe7fd000 - 0xffff7dfffec00000   (  4108 KB)
[    0.000000]     PCI I/O : 0xffff7dfffee00000 - 0xffff7dffffe00000   (    16 MB)
[    0.000000]     vmemmap : 0xffff7e0000000000 - 0xffff800000000000   (  2048 GB maximum)
[    0.000000]               0xffff7e0000000000 - 0xffff7e0003000000   (    48 MB actual)
[    0.000000]     memory  : 0xffff800000000000 - 0xffff8000c0000000   (  3072 MB)
[    0.000000] SLUB: HWalign=64, Order=0-3, MinObjects=0, CPUs=4, Nodes=1
[    0.000000] Preemptible hierarchical RCU implementation.
[    0.000000] 	RCU restricting CPUs from NR_CPUS=64 to nr_cpu_ids=4.
[    0.000000] RCU: Adjusting geometry for rcu_fanout_leaf=16, nr_cpu_ids=4
[    0.000000] NR_IRQS:64 nr_irqs:64 0
[    0.000000] GIC: Using split EOI/Deactivate mode
[    0.000000] /interrupt-controller@60004000: 192 interrupts forwarded to /interrupt-controller@50041000
[    0.000000] boot misc0 0x0: expected 0x80000
[    0.000000]  (comparison mask = 0x400ffffb)
[    0.000000] boot misc2 0x1f720005: expected 0x1f720f05
[    0.000000]  (comparison mask = 0xffffff17)
[    0.000000] PLL_C already enabled. Postponing set full defaults
[    0.000000] PLL_DP already enabled. Postponing set full defaults
[    0.000000] boot misc0 0x0: expected 0x20
[    0.000000]  (comparison mask = 0x7ffffff)
[    0.000000] boot misc1 0x90000000: expected 0xc0000000
[    0.000000]  (comparison mask = 0xf8000000)
[    0.000000] boot misc2 0x0: expected 0xf400f0da
[    0.000000]  (comparison mask = 0xffffffff)
[    0.000000] boot misc3 0x8c6: expected 0x2004f400
[    0.000000]  (comparison mask = 0xffffffff)
[    0.000000] boot misc1 0x0: expected 0x20
[    0.000000]  (comparison mask = 0xffffff)
[    0.000000] PLL_X already enabled. Postponing set full defaults
[    0.000000] arm_arch_timer: Architected cp15 timer(s) running at 19.20MHz (phys).
[    0.000000] clocksource: arch_sys_counter: mask: 0xffffffffffffff max_cycles: 0x46d987e47, max_idle_ns: 440795202767 ns
[    0.000003] sched_clock: 56 bits at 19MHz, resolution 52ns, wraps every 4398046511078ns
[    0.008354] Console: colour dummy device 80x25
[    0.012922] console [tty0] enabled
[    0.016416] bootconsole [uart0] disabled
[    0.000000] Booting Linux on physical CPU 0x0
[    0.000000] Linux version 4.11.0-rc5-next-20170405-282290-g4c3c5cd (jonathanh@tamien) (gcc version 4.9.2 20140904 (prerelease) (crosstool-NG linaro-1.13.1-4.9-2014.09 - Linaro GCC 4.9-2014.09) ) #1 SMP PREEMPT Wed Apr 5 02:23:10 PDT 2017
[    0.000000] Boot CPU: AArch64 Processor [411fd071]
[    0.000000] efi: Getting EFI parameters from FDT:
[    0.000000] efi: UEFI not found.
[    0.000000] cma: Reserved 16 MiB at 0x00000000f5400000
[    0.000000] earlycon: uart0 at MMIO 0x0000000070006000 (options '115200n8')
[    0.000000] bootconsole [uart0] enabled
[    0.000000] NUMA: No NUMA configuration found
[    0.000000] NUMA: Faking a node at [mem 0x0000000000000000-0x000000013fffffff]
[    0.000000] NUMA: Adding memblock [0x80000000 - 0xf65fffff] on node 0
[    0.000000] NUMA: Adding memblock [0x100000000 - 0x13fffffff] on node 0
[    0.000000] NUMA: Initmem setup node 0 [mem 0x80000000-0x13fffffff]
[    0.000000] NUMA: NODE_DATA [mem 0x13ffa0d00-0x13ffa27ff]
[    0.000000] Zone ranges:
[    0.000000]   DMA      [mem 0x0000000080000000-0x00000000ffffffff]
[    0.000000]   Normal   [mem 0x0000000100000000-0x000000013fffffff]
[    0.000000] Movable zone start for each node
[    0.000000] Early memory node ranges
[    0.000000]   node   0: [mem 0x0000000080000000-0x00000000f65fffff]
[    0.000000]   node   0: [mem 0x0000000100000000-0x000000013fffffff]
[    0.000000] Initmem setup node 0 [mem 0x0000000080000000-0x000000013fffffff]
[    0.000000] psci: probing for conduit method from DT.
[    0.000000] psci: PSCIv1.0 detected in firmware.
[    0.000000] psci: Using standard PSCI v0.2 function IDs
[    0.000000] psci: MIGRATE_INFO_UP_CPU reported invalid physical ID (0x80000000)
[    0.000000] percpu: Embedded 23 pages/cpu @ffff8000bff41000 s56832 r8192 d29184 u94208
[    0.000000] Detected PIPT I-cache on CPU0
[    0.000000] CPU features: enabling workaround for ARM erratum 832075
[    0.000000] CPU features: enabling workaround for ARM erratum 834220
[    0.000000] Built 1 zonelists in Node order, mobility grouping on.  Total pages: 735336
[    0.000000] Policy zone: Normal
[    0.000000] Kernel command line: cros_secure vpr=0x08000000@0xf6800000 earlycon
[    0.000000] PID hash table entries: 4096 (order: 3, 32768 bytes)
[    0.000000] software IO TLB [mem 0xf1400000-0xf5400000] (64MB) mapped at [ffff800071400000-ffff8000753fffff]
[    0.000000] Memory: 2837716K/2988032K available (8764K kernel code, 1078K rwdata, 4184K rodata, 1088K init, 394K bss, 133932K reserved, 16384K cma-reserved)
[    0.000000] Virtual kernel memory layout:
[    0.000000]     modules : 0xffff000000000000 - 0xffff000008000000   (   128 MB)
[    0.000000]     vmalloc : 0xffff000008000000 - 0xffff7dffbfff0000   (129022 GB)
[    0.000000]       .text : 0xffff000008080000 - 0xffff000008910000   (  8768 KB)
[    0.000000]     .rodata : 0xffff000008910000 - 0xffff000008d30000   (  4224 KB)
[    0.000000]       .init : 0xffff000008d30000 - 0xffff000008e40000   (  1088 KB)
[    0.000000]       .data : 0xffff000008e40000 - 0xffff000008f4da00   (  1079 KB)
[    0.000000]        .bss : 0xffff000008f4da00 - 0xffff000008fb05b8   (   395 KB)
[    0.000000]     fixed   : 0xffff7dfffe7fd000 - 0xffff7dfffec00000   (  4108 KB)
[    0.000000]     PCI I/O : 0xffff7dfffee00000 - 0xffff7dffffe00000   (    16 MB)
[    0.000000]     vmemmap : 0xffff7e0000000000 - 0xffff800000000000   (  2048 GB maximum)
[    0.000000]               0xffff7e0000000000 - 0xffff7e0003000000   (    48 MB actual)
[    0.000000]     memory  : 0xffff800000000000 - 0xffff8000c0000000   (  3072 MB)
[    0.000000] SLUB: HWalign=64, Order=0-3, MinObjects=0, CPUs=4, Nodes=1
[    0.000000] Preemptible hierarchical RCU implementation.
[    0.000000] 	RCU restricting CPUs from NR_CPUS=64 to nr_cpu_ids=4.
[    0.000000] RCU: Adjusting geometry for rcu_fanout_leaf=16, nr_cpu_ids=4
[    0.000000] NR_IRQS:64 nr_irqs:64 0
[    0.000000] GIC: Using split EOI/Deactivate mode
[    0.000000] /interrupt-controller@60004000: 192 interrupts forwarded to /interrupt-controller@50041000
[    0.000000] boot misc0 0x0: expected 0x80000
[    0.000000]  (comparison mask = 0x400ffffb)
[    0.000000] boot misc2 0x1f720005: expected 0x1f720f05
[    0.000000]  (comparison mask = 0xffffff17)
[    0.000000] PLL_C already enabled. Postponing set full defaults
[    0.000000] PLL_DP already enabled. Postponing set full defaults
[    0.000000] boot misc0 0x0: expected 0x20
[    0.000000]  (comparison mask = 0x7ffffff)
[    0.000000] boot misc1 0x90000000: expected 0xc0000000
[    0.000000]  (comparison mask = 0xf8000000)
[    0.000000] boot misc2 0x0: expected 0xf400f0da
[    0.000000]  (comparison mask = 0xffffffff)
[    0.000000] boot misc3 0x8c6: expected 0x2004f400
[    0.000000]  (comparison mask = 0xffffffff)
[    0.000000] boot misc1 0x0: expected 0x20
[    0.000000]  (comparison mask = 0xffffff)
[    0.000000] PLL_X already enabled. Postponing set full defaults
[    0.000000] arm_arch_timer: Architected cp15 timer(s) running at 19.20MHz (phys).
[    0.000000] clocksource: arch_sys_counter: mask: 0xffffffffffffff max_cycles: 0x46d987e47, max_idle_ns: 440795202767 ns
[    0.000003] sched_clock: 56 bits at 19MHz, resolution 52ns, wraps every 4398046511078ns
[    0.008354] Console: colour dummy device 80x25
[    0.012922] console [tty0] enabled
[    0.016416] bootconsole [uart0] disabled
[    0.020480] Calibrating delay loop (skipped), value calculated using timer frequency.. 38.40 BogoMIPS (lpj=76800)
[    0.020495] pid_max: default: 32768 minimum: 301
[    0.020546] Security Framework initialized
[    0.022067] Dentry cache hash table entries: 524288 (order: 10, 4194304 bytes)
[    0.022839] Inode-cache hash table entries: 262144 (order: 9, 2097152 bytes)
[    0.022883] Mount-cache hash table entries: 8192 (order: 4, 65536 bytes)
[    0.022915] Mountpoint-cache hash table entries: 8192 (order: 4, 65536 bytes)
[    0.036507] ASID allocator initialised with 65536 entries
[    0.053253] Speedo Revision 4
[    0.053271] Tegra Revision: A02 SKU: 19 CPU Process: 0 SoC Process: 0
[    0.100648] EFI services will not be available.
[    0.116590] smp: Bringing up secondary CPUs ...
[    0.148724] Detected PIPT I-cache on CPU1
[    0.148751] CPU1: Booted secondary processor [411fd071]
[    0.180751] Detected PIPT I-cache on CPU2
[    0.180769] CPU2: Booted secondary processor [411fd071]
[    0.212791] Detected PIPT I-cache on CPU3
[    0.212808] CPU3: Booted secondary processor [411fd071]
[    0.212844] smp: Brought up 1 node, 4 CPUs
[    0.212876] SMP: Total of 4 processors activated.
[    0.212885] CPU features: detected feature: 32-bit EL0 Support
[    0.212925] CPU: All CPU(s) started at EL2
[    0.212946] alternatives: patching kernel code
[    0.215551] devtmpfs: initialized
[    0.220550] DMI not present or invalid.
[    0.220688] clocksource: jiffies: mask: 0xffffffff max_cycles: 0xffffffff, max_idle_ns: 7645041785100000 ns
[    0.220730] futex hash table entries: 1024 (order: 5, 131072 bytes)
[    0.221013] pinctrl core: initialized pinctrl subsystem
[    0.222311] NET: Registered protocol family 16
[    0.223349] cpuidle: using governor menu
[    0.223834] vdso: 2 pages (1 code @ ffff000008917000, 1 data @ ffff000008e45000)
[    0.223857] hw-breakpoint: found 6 breakpoint and 4 watchpoint registers.
[    0.224417] DMA: preallocated 256 KiB pool for atomic allocations
[    0.225468] Serial: AMBA PL011 UART driver
[    0.241123] HugeTLB registered 2 MB page size, pre-allocated 0 pages
[    0.241682] ACPI: Interpreter disabled.
[    0.242059] PPLCD_VDD: Failed to request enable GPIO172: -517
[    0.242077] reg-fixed-voltage regulators:regulator@1: Failed to register regulator: -517
[    0.242388] PP1800_LCDIO: Failed to request enable GPIO171: -517
[    0.242404] reg-fixed-voltage regulators:regulator@5: Failed to register regulator: -517
[    0.242450] PP1800_CAM: Failed to request enable GPIO83: -517
[    0.242463] reg-fixed-voltage regulators:regulator@6: Failed to register regulator: -517
[    0.242800] vgaarb: loaded
[    0.242942] SCSI subsystem initialized
[    0.243175] usbcore: registered new interface driver usbfs
[    0.243209] usbcore: registered new interface driver hub
[    0.243246] usbcore: registered new device driver usb
[    0.243979] tegra-i2c 7000d100.i2c: could not find pctldev for node /host1x@50000000/dpaux@545c0000/pinmux-i2c, deferring probe
[    0.244059] pps_core: LinuxPPS API ver. 1 registered
[    0.244070] pps_core: Software ver. 5.3.6 - Copyright 2005-2007 Rodolfo Giometti <giometti@linux.it>
[    0.244094] PTP clock support registered
[    0.244164] dmi: Firmware registration failed.
[    0.244631] Advanced Linux Sound Architecture Driver Initialized.
[    0.245483] clocksource: Switched to clocksource arch_sys_counter
[    0.245564] VFS: Disk quotas dquot_6.6.0
[    0.245604] VFS: Dquot-cache hash table entries: 512 (order 0, 4096 bytes)
[    0.245728] pnp: PnP ACPI: disabled
[    0.249606] NET: Registered protocol family 2
[    0.249919] TCP established hash table entries: 32768 (order: 6, 262144 bytes)
[    0.250096] TCP bind hash table entries: 32768 (order: 7, 524288 bytes)
[    0.250296] TCP: Hash tables configured (established 32768 bind 32768)
[    0.250386] UDP hash table entries: 2048 (order: 4, 65536 bytes)
[    0.250428] UDP-Lite hash table entries: 2048 (order: 4, 65536 bytes)
[    0.250531] NET: Registered protocol family 1
[    0.250746] RPC: Registered named UNIX socket transport module.
[    0.250759] RPC: Registered udp transport module.
[    0.250770] RPC: Registered tcp transport module.
[    0.250780] RPC: Registered tcp NFSv4.1 backchannel transport module.
[    0.250910] Unpacking initramfs...
[    0.339531] Freeing initrd memory: 2364K
[    0.339878] kvm [1]: 8-bit VMID
[    0.339891] kvm [1]: IDMAP page: 80904000
[    0.339902] kvm [1]: HYP VA range: 800000000000:ffffffffffff
[    0.340475] kvm [1]: Hyp mode initialized successfully
[    0.340520] kvm [1]: vgic-v2@50044000
[    0.340588] kvm [1]: vgic interrupt IRQ1
[    0.340605] kvm [1]: virtual timer IRQ4
[    0.341980] audit: initializing netlink subsys (disabled)
[    0.342219] workingset: timestamp_bits=44 max_order=20 bucket_order=0
[    0.345988] squashfs: version 4.0 (2009/01/31) Phillip Lougher
[    0.346347] NFS: Registering the id_resolver key type
[    0.346372] Key type id_resolver registered
[    0.346382] Key type id_legacy registered
[    0.346398] nfs4filelayout_init: NFSv4 File Layout Driver Registering...
[    0.346498] 9p: Installing v9fs 9p2000 file system support
[    0.347778] Block layer SCSI generic (bsg) driver version 0.4 loaded (major 247)
[    0.347797] io scheduler noop registered
[    0.347914] io scheduler cfq registered (default)
[    0.347925] io scheduler mq-deadline registered
[    0.349188]  usb3-0: usb3-0 supply vbus not found, using dummy regulator
[    0.356995] tegra-apbdma 60020000.dma: Tegra20 APB DMA driver register 32 channels
[    0.357954] tegra-pmc 7000e400.pmc: i2c-thermtrip node not found, emergency thermal reset disabled.
[    0.358160] xenfs: not registering filesystem on non-xen platform
[    0.360120] Serial: 8250/16550 driver, 4 ports, IRQ sharing enabled
[    0.361134] 70006000.serial: ttyS0 at MMIO 0x70006000 (irq = 314, base_baud = 25500000) is a Tegra
[    1.364599] console [ttyS0] enabled
[    1.368393] SuperH (H)SCI(F) driver initialized
[    1.373123] msm_serial: driver initialized
[    1.377452] cacheinfo: Unable to detect cache hierarchy for CPU 0
[    1.387126] loop: module loaded
[    1.394106] cros-ec-i2c 0-001e: Chrome EC device registered
[    1.400311] max77620 1-003c: PMIC Version OTP:0x35 and ES:0x8
[    1.413304] PP1200_RCAM: Bringing 1050000uV into 1200000-1200000uV
[    1.420466] PP2800L_RCAM: Bringing 3100000uV into 2800000-2800000uV
[    1.427210] PP1100_SOC_RTC: Bringing 1000000uV into 850000-850000uV
[    1.434052] PP2800L_FCAM: Bringing 3100000uV into 2800000-2800000uV
[    1.440634] random: fast init done
[    1.444119] PP_LDO6: Bringing 2800000uV into 1800000-1800000uV
[    1.453011] hisi_sas: driver version v1.6
[    1.458435] libphy: Fixed MDIO Bus: probed
[    1.462732] tun: Universal TUN/TAP device driver, 1.6
[    1.468348] e1000e: Intel(R) PRO/1000 Network Driver - 3.2.6-k
[    1.474183] e1000e: Copyright(c) 1999 - 2015 Intel Corporation.
[    1.480126] igb: Intel(R) Gigabit Ethernet Network Driver - version 5.4.0-k
[    1.487083] igb: Copyright (c) 2007-2014 Intel Corporation.
[    1.492673] igbvf: Intel(R) Gigabit Virtual Function Network Driver - version 2.4.0-k
[    1.500502] igbvf: Copyright (c) 2009 - 2012 Intel Corporation.
[    1.506602] sky2: driver version 1.30
[    1.510537] VFIO - User Level meta-driver version: 0.3
[    1.516298] ehci_hcd: USB 2.0 'Enhanced' Host Controller (EHCI) Driver
[    1.522828] ehci-pci: EHCI PCI platform driver
[    1.527290] ehci-platform: EHCI generic platform driver
[    1.532583] ehci-orion: EHCI orion driver
[    1.536645] ehci-exynos: EHCI EXYNOS driver
[    1.540883] ehci-msm: Qualcomm On-Chip EHCI Host Controller
[    1.546499] ohci_hcd: USB 1.1 'Open' Host Controller (OHCI) Driver
[    1.552684] ohci-pci: OHCI PCI platform driver
[    1.557146] ohci-platform: OHCI generic platform driver
[    1.562424] ohci-exynos: OHCI EXYNOS driver
[    1.626128] tegra-xusb 70090000.usb: Firmware timestamp: 2015-08-10 09:47:54 UTC
[    1.633537] tegra-xusb 70090000.usb: xHCI Host Controller
[    1.638948] tegra-xusb 70090000.usb: new USB bus registered, assigned bus number 1
[    1.647485] tegra-xusb 70090000.usb: hcc params 0x0184f525 hci version 0x100 quirks 0x00010010
[    1.656122] tegra-xusb 70090000.usb: irq 320, io mem 0x70090000
[    1.662395] hub 1-0:1.0: USB hub found
[    1.666166] hub 1-0:1.0: 5 ports detected
[    1.670439] tegra-xusb 70090000.usb: xHCI Host Controller
[    1.675841] tegra-xusb 70090000.usb: new USB bus registered, assigned bus number 2
[    1.683455] usb usb2: We don't know the algorithms for LPM for this host, disabling LPM.
[    1.691799] hub 2-0:1.0: USB hub found
[    1.695565] hub 2-0:1.0: 4 ports detected
[    1.700009] usbcore: registered new interface driver usb-storage
[    1.834172] max77686-rtc max77620-rtc: rtc core: registered max77620-rtc as rtc0
[    1.842112] tegra_rtc 7000e000.rtc: rtc core: registered 7000e000.rtc as rtc1
[    1.849269] tegra_rtc 7000e000.rtc: Tegra internal Real Time Clock
[    1.855531] i2c /dev entries driver
[    1.860373] (NULL device *): hwmon_device_register() is deprecated. Please convert the driver to use hwmon_device_register_with_info().
[    1.872589] bq27xxx-battery 2-0055: support ver. 1.2.0 enabled
[    1.894883] sdhci: Secure Digital Host Controller Interface driver
[    1.901089] sdhci: Copyright(c) Pierre Ossman
[    1.905637] Synopsys Designware Multimedia Card Interface Driver
[    1.912096] sdhci-pltfm: SDHCI platform and OF driver helper
[    1.925520] mmc0: Unknown controller version (3). You may experience problems.
[    1.977524] mmc0: SDHCI controller on 700b0600.sdhci [700b0600.sdhci] using ADMA 64-bit
[    1.989328] ledtrig-cpu: registered to indicate activity on CPUs
[    1.996182] usbcore: registered new interface driver usbhid
[    2.001839] usbhid: USB HID core driver
[    2.007125] NET: Registered protocol family 17
[    2.011709] 9pnet: Installing 9P2000 support
[    2.016147] Key type dns_resolver registered
[    2.023919] registered taskstats version 1
[    2.033411] tegra-i2c 7000d100.i2c: could not find pctldev for node /host1x@50000000/dpaux@545c0000/pinmux-i2c, deferring probe
[    2.045964] input: gpio-keys as /devices/platform/gpio-keys/input/input0
[    2.052894] tegra-i2c 7000d100.i2c: could not find pctldev for node /host1x@50000000/dpaux@545c0000/pinmux-i2c, deferring probe
[    2.059980] mmc0: new high speed MMC card at address 0001
[    2.060225] mmcblk0: mmc0:0001 BGND3R 29.1 GiB 
[    2.064340] mmcblk0boot0: mmc0:0001 BGND3R partition 1 4.00 MiB
[    2.064441] mmcblk0boot1: mmc0:0001 BGND3R partition 2 4.00 MiB
[    2.068547] mmcblk0rpmb: mmc0:0001 BGND3R partition 3 4.00 MiB
[    2.070958]  mmcblk0: p1 p2 p3 p4 p5 p6 p7 p8 p9 p10 p11
[    2.086144] max77686-rtc max77620-rtc: setting system clock to 2001-01-14 14:50:10 UTC (979483810)
[    2.086689] PP1200_AVDD: disabling
[    2.086745] PP1200_RCAM: disabling
[    2.086796] PP2800L_RCAM: disabling
[    2.086846] PP2800L_FCAM: disabling
[    2.086897] PP_LDO6: disabling
[    2.086946] PPLCD_VDD: disabling
[    2.086949] PP1800_LCDIO: disabling
[    2.086951] PP1800_CAM: disabling
[    2.086954] ALSA device list:
[    2.086955]   No soundcards found.
[    2.139915] Freeing unused kernel memory: 1088K
[    2.139951] tegra-i2c 7000d100.i2c: could not find pctldev for node /host1x@50000000/dpaux@545c0000/pinmux-i2c, deferring probe

System initialization...

Mounting /proc :[SUCCESS]
Mounting /sys :[SUCCESS]
Mounting /dev :[SUCCESS]
Mounting /dev/pts :[SUCCESS]
Mounting /sys/kernel/debug :[SUCCESS]
Mounting other filesystems :[SUCCESS]
Enabling hot-plug :[SUCCESS]
Populating /dev :[SUCCESS]
Starting syslogd :[SUCCESS]
Starting telnetd :[SUCCESS]

System initialization complete.

Please press Enter to activate this console. 