

U-Boot 2011.03 (Jun 11 2013 - 06:07:37)

T114
Board: NVIDIA Dalmore
DRAM:  2 GiB
MMC:   Tegra2 SD/MMC: 0, Tegra2 SD/MMC: 1
In:    serial
Out:   serial
Err:   serial
Net:   Net Initialization Skipped
No ethernet found.
Hit any key to stop autoboot:  2  0 
Dalmore #
Dalmore #usb reset
(Re)start USB...
USB:   Register 10011 NbrPorts 1
USB EHCI 1.10
scanning bus for devices... 2 USB Device(s) found
       scanning bus for storage devices... 0 Storage Device(s) found
       scanning bus for ethernet devices... 1 Ethernet Device(s) found
Dalmore #setenv bootargs 'ignore_loglevel console=ttyS0,115200n8 rw root=/dev/mmcblk0p1 rootwait gpt init=/bin/bash'
Dalmore #setenv ipaddr 192.168.100.100; setenv serverip 192.168.100.1; setenv tftpserverip 192.168.100.1
Dalmore #tftpboot 0x81000000 zImage.tegra_defconfig%tegra30,114_mergeconfig
Waiting for Ethernet connection... done.
Using asx0 device
TFTP from server 192.168.100.1; our IP address is 192.168.100.100
Filename 'zImage.tegra_defconfig%tegra30,114_mergeconfig'.
Load address: 0x81000000
Loading: *#################################################  2.8 MiB/s
done
Bytes transferred = 4479856 (445b70 hex)
Dalmore #tftpboot 0x82000000 tegra114-dalmore.dtb
Using asx0 device
TFTP from server 192.168.100.1; our IP address is 192.168.100.100
Filename 'tegra114-dalmore.dtb'.
Load address: 0x82000000
Loading: *#################################################  2.5 MiB/s
done
Bytes transferred = 29265 (7251 hex)
Dalmore #bootz 0x81000000 - 0x82000000
## Flattened Device Tree blob at 82000000
   Booting using the fdt blob at 0x82000000
   Loading Device Tree to 81ff5000, end 81fff250 ... OK

Starting kernel ...

Timer summary in microseconds:
       Mark    Elapsed  Stage
          0          0  awake
  2,458,690  2,458,690  usb_start
  6,464,088  4,005,398  eth_start
  6,464,086         -2  tftp start
 10,487,566  4,023,480  tftp done
 12,474,216  1,986,650  start_kernel
Uncompressing Linux... done, booting the kernel.
[    0.000000] Booting Linux on physical CPU 0x0
[    0.000000] Initializing cgroup subsys cpu
[    0.000000] Initializing cgroup subsys cpuacct
[    0.000000] Linux version 3.12.0-rc1-next-20130920-13152-g6435963 (pwalmsley@tamien) (gcc version 4.5.1 (Sourcery G++ Lite 2010.09-50) ) #1 SMP PREEMPT Thu Sep 19 22:35:36 PDT 2013
[    0.000000] CPU: ARMv7 Processor [412fc0f2] revision 2 (ARMv7), cr=10c5387d
[    0.000000] CPU: PIPT / VIPT nonaliasing data cache, PIPT instruction cache
[    0.000000] Machine: NVIDIA Tegra SoC (Flattened Device Tree), model: NVIDIA Tegra114 Dalmore evaluation board
[    0.000000] debug: ignoring loglevel setting.
[    0.000000] cma: CMA: reserved 16 MiB at ae800000
[    0.000000] Memory policy: ECC disabled, Data cache writealloc
[    0.000000] On node 0 totalpages: 524032
[    0.000000] free_area_init_node: node 0, pgdat c0844640, node_mem_map c089c000
[    0.000000]   Normal zone: 1520 pages used for memmap
[    0.000000]   Normal zone: 0 pages reserved
[    0.000000]   Normal zone: 194560 pages, LIFO batch:31
[    0.000000]   HighMem zone: 2574 pages used for memmap
[    0.000000]   HighMem zone: 329472 pages, LIFO batch:31
[    0.000000] Tegra Revision: A01 SKU: 0 CPU Process: 1 Core Process: 1
[    0.000000] PERCPU: Embedded 8 pages/cpu @c18b4000 s9024 r8192 d15552 u32768
[    0.000000] pcpu-alloc: s9024 r8192 d15552 u32768 alloc=8*4096
[    0.000000] pcpu-alloc: [0] 0 [0] 1 [0] 2 [0] 3 
[    0.000000] Built 1 zonelists in Zone order, mobility grouping on.  Total pages: 522512
[    0.000000] Kernel command line: ignore_loglevel console=ttyS0,115200n8 rw root=/dev/mmcblk0p1 rootwait gpt init=/bin/bash
[    0.000000] PID hash table entries: 4096 (order: 2, 16384 bytes)
[    0.000000] Dentry cache hash table entries: 131072 (order: 7, 524288 bytes)
[    0.000000] Inode-cache hash table entries: 65536 (order: 6, 262144 bytes)
[    0.000000] Memory: 2053440K/2096128K available (6108K kernel code, 295K rwdata, 1800K rodata, 228K init, 342K bss, 42688K reserved, 1317888K highmem)
[    0.000000] Virtual kernel memory layout:
[    0.000000]     vector  : 0xffff0000 - 0xffff1000   (   4 kB)
[    0.000000]     fixmap  : 0xfff00000 - 0xfffe0000   ( 896 kB)
[    0.000000]     vmalloc : 0xf0000000 - 0xff000000   ( 240 MB)
[    0.000000]     lowmem  : 0xc0000000 - 0xef800000   ( 760 MB)
[    0.000000]     pkmap   : 0xbfe00000 - 0xc0000000   (   2 MB)
[    0.000000]     modules : 0xbf000000 - 0xbfe00000   (  14 MB)
[    0.000000]       .text : 0xc0008000 - 0xc07c1488   (7910 kB)
[    0.000000]       .init : 0xc07c2000 - 0xc07fb340   ( 229 kB)
[    0.000000]       .data : 0xc07fc000 - 0xc0845c80   ( 296 kB)
[    0.000000]        .bss : 0xc0845c8c - 0xc089b79c   ( 343 kB)
[    0.000000] Preemptible hierarchical RCU implementation.
[    0.000000] NR_IRQS:16 nr_irqs:16 16
[    0.000000] sched_clock: 32 bits at 1MHz, resolution 1000ns, wraps every 4294967ms
[    0.000000] Architected cp15 timer(s) running at 12.00MHz (virt).
[    0.000000] Switching to timer-based delay loop
[    0.000000] sched_clock: ARM arch timer >56 bits at 12000kHz, resolution 83ns
[    0.000000] Console: colour dummy device 80x30
[   12.499799] Calibrating delay loop (skipped), value calculated using timer frequency.. 24.00 BogoMIPS (lpj=120000)
[   12.499816] pid_max: default: 32768 minimum: 301
[   12.500248] Mount-cache hash table entries: 512
[   12.518864] Initializing cgroup subsys debug
[   12.518884] Initializing cgroup subsys freezer
[   12.518942] CPU: Testing write buffer coherency: ok
[   12.519307] /cpus/cpu@0 missing clock-frequency property
[   12.519334] /cpus/cpu@1 missing clock-frequency property
[   12.519360] /cpus/cpu@2 missing clock-frequency property
[   12.519386] /cpus/cpu@3 missing clock-frequency property
[   12.519398] CPU0: thread -1, cpu 0, socket 0, mpidr 80000000
[   12.519427] Setting up static identity map for 0xc05cfe00 - 0xc05cfe98
[   12.579721] CPU1: Booted secondary processor
[   12.579751] CPU1: thread -1, cpu 1, socket 0, mpidr 80000001
[   12.599652] CPU2: Booted secondary processor
[   12.599678] CPU2: thread -1, cpu 2, socket 0, mpidr 80000002
[   12.619586] CPU3: Booted secondary processor
[   12.619611] CPU3: thread -1, cpu 3, socket 0, mpidr 80000003
[   12.619722] Brought up 4 CPUs
[   12.619749] SMP: Total of 4 processors activated.
[   12.619757] CPU: All CPU(s) started in SVC mode.
[   12.620751] devtmpfs: initialized
[   12.633665] VFP support v0.3: implementor 41 architecture 4 part 30 variant f rev 0
[   12.634052] pinctrl core: initialized pinctrl subsystem
[   12.634578] regulator-dummy: no parameters
[   12.637607] NET: Registered protocol family 16
[   12.638948] DMA: preallocated 256 KiB pool for atomic coherent allocations
[   12.639716] cpuidle: using governor ladder
[   12.639727] cpuidle: using governor menu
[   12.650747] No ATAGs?
[   12.650778] hw-breakpoint: found 5 (+1 reserved) breakpoint and 4 watchpoint registers.
[   12.650789] hw-breakpoint: maximum watchpoint size is 8 bytes.
[   12.661859] bio: create slab <bio-0> at 0
[   12.663230] vdd_ac_bat: 5000 mV 
[   12.663636] dvdd_ts: Failed to request enable GPIO61: -517
[   12.663794] reg-fixed-voltage 1.regulator: Failed to register regulator: -517
[   12.663818] platform 1.regulator: Driver reg-fixed-voltage requests probe deferral
[   12.664019] lcd_bl_en: Failed to request enable GPIO58: -517
[   12.664162] reg-fixed-voltage 2.regulator: Failed to register regulator: -517
[   12.664185] platform 2.regulator: Driver reg-fixed-voltage requests probe deferral
[   12.664384] usb1_vbus: Failed to request enable GPIO108: -517
[   12.664526] reg-fixed-voltage 3.regulator: Failed to register regulator: -517
[   12.664548] platform 3.regulator: Driver reg-fixed-voltage requests probe deferral
[   12.664747] usb2_vbus: Failed to request enable GPIO86: -517
[   12.664887] reg-fixed-voltage 4.regulator: Failed to register regulator: -517
[   12.664908] platform 4.regulator: Driver reg-fixed-voltage requests probe deferral
[   12.665106] vdd_hdmi_5v0: Failed to request enable GPIO81: -517
[   12.665248] reg-fixed-voltage 5.regulator: Failed to register regulator: -517
[   12.665269] platform 5.regulator: Driver reg-fixed-voltage requests probe deferral
[   12.665347] platform 6.regulator: Driver reg-fixed-voltage requests probe deferral
[   12.666376] vgaarb: loaded
[   12.667461] SCSI subsystem initialized
[   12.667840] usbcore: registered new interface driver usbfs
[   12.667942] usbcore: registered new interface driver hub
[   12.668102] usbcore: registered new device driver usb
[   12.672059] vdd-cpu: 500 <--> 1520 mV at 1100 mV 
[   12.672693] tps65090 1-0048: No cache defaults, reading back from HW
[   12.679075] vdd-sys-5v0: no parameters
[   12.679126] vdd-sys-5v0: supplied by vdd_ac_bat
[   12.680575] vdd-sys-3v3: no parameters
[   12.680614] vdd-sys-3v3: supplied by vdd_ac_bat
[   12.682056] vdd-ao: no parameters
[   12.682093] vdd-ao: supplied by vdd_ac_bat
[   12.682350] vdd-lcd-bl: no parameters
[   12.682388] vdd-lcd-bl: supplied by vdd_ac_bat
[   12.682639] TPS65090_RAILSFET2: no parameters
[   12.682676] TPS65090_RAILSFET2: supplied by vdd_ac_bat
[   12.682923] vdd-modem-3v3: no parameters
[   12.682956] vdd-modem-3v3: supplied by vdd-sys-3v3
[   12.683217] avdd-lcd: no parameters
[   12.683262] avdd-lcd: supplied by vdd-sys-3v3
[   12.683508] vdd-lvds: no parameters
[   12.683542] vdd-lvds: supplied by vdd-sys-3v3
[   12.683791] vdd-sd-slot: no parameters
[   12.683825] vdd-sd-slot: supplied by vdd-sys-3v3
[   12.684093] vdd-com-3v3: no parameters
[   12.684127] vdd-com-3v3: supplied by vdd-sys-3v3
[   12.684368] vdd-sby-5v0: no parameters
[   12.684403] vdd-sby-5v0: supplied by vdd_ac_bat
[   12.684656] vdd-sby-3v3: no parameters
[   12.684689] vdd-sby-3v3: supplied by vdd_ac_bat
[   12.685068] genirq: Setting trigger mode 8 for irq 118 failed (gic_set_type+0x0/0xf0)
[   12.685506] palmas 1-0058: Irq flag is 0x00000000
[   12.699785] palmas 1-0058: Muxing GPIO ff, PWM 0, LED 0
[   12.708726] vddio-ddr: 1350 mV 
[   12.709574] vddio-ddr: supplied by vdd-ao
[   12.716518] vddio-1v8: 1800 mV 
[   12.717368] vddio-1v8: supplied by vdd-ao
[   12.724298] vdd-core: 900 <--> 1400 mV at 1100 mV 
[   12.725141] vdd-core: supplied by vdd-sys-3v3
[   12.729348] SMPS6: no parameters
[   12.737066] avdd-pll: 1050 mV 
[   12.737907] avdd-pll: supplied by vdd-sys-3v3
[   12.746217] sdhci-vdd-sd-slot: 2800 mV 
[   12.747069] sdhci-vdd-sd-slot: supplied by vdd-sys-3v3
[   12.748904] SMPS10_OUT2: at 5000 mV 
[   12.750709] SMPS10_OUT1: at 5000 mV 
[   12.753336] avdd-cam1: 2800 mV 
[   12.754172] avdd-cam1: supplied by vdd-sys-3v3
[   12.758175] avdd-cam2: 2800 mV 
[   12.759035] avdd-cam2: supplied by vdd-sys-3v3
[   12.763805] avdd-dsi-csi: 1200 mV 
[   12.764642] avdd-dsi-csi: supplied by vddio-1v8
[   12.769437] vpp-fuse: 1800 mV 
[   12.770289] vpp-fuse: supplied by vdd-sys-3v3
[   12.773516] LDO5: at 1200 mV 
[   12.774360] LDO5: supplied by vdd_ac_bat
[   12.776992] vdd-sensor-2v85: 2850 mV 
[   12.777841] vdd-sensor-2v85: supplied by vdd-sys-3v3
[   12.781867] vdd-af-cam1: 2800 mV 
[   12.782706] vdd-af-cam1: supplied by vdd-sys-3v3
[   12.790787] vdd-rtc: 900 mV 
[   12.791636] vdd-rtc: supplied by vdd-ao
[   12.795634] vddio-sdmmc-2: 1800 <--> 3300 mV at 3300 mV 
[   12.796470] vddio-sdmmc-2: supplied by sdhci-vdd-sd-slot
[   12.801270] hvdd-usb: 3300 mV 
[   12.802121] hvdd-usb: supplied by vdd-sys-5v0
[   12.806900] avdd-usb: 3300 mV 
[   12.807735] avdd-usb: supplied by vdd-sys-5v0
[   12.810941] rail-3v3: no parameters
[   12.813396] rail-5v0: no parameters
[   12.814987] REGEN3: no parameters
[   12.815199] SYSEN1: no parameters
[   12.815399] SYSEN2: no parameters
[   12.816038] Linux video capture interface: v2.00
[   12.816610] platform 7000f010.iommu: Driver tegra-smmu requests probe deferral
[   12.816918] Advanced Linux Sound Architecture Driver Initialized.
[   12.817697] Bluetooth: Core ver 2.16
[   12.817770] NET: Registered protocol family 31
[   12.817779] Bluetooth: HCI device and connection manager initialized
[   12.817805] Bluetooth: HCI socket layer initialized
[   12.817827] Bluetooth: L2CAP socket layer initialized
[   12.817873] Bluetooth: SCO socket layer initialized
[   12.818614] cfg80211: Calling CRDA to update world regulatory domain
[   12.819729] Switched to clocksource arch_sys_counter
[   12.833688] NET: Registered protocol family 2
[   12.834625] TCP established hash table entries: 8192 (order: 4, 65536 bytes)
[   12.834827] TCP bind hash table entries: 8192 (order: 4, 65536 bytes)
[   12.835004] TCP: Hash tables configured (established 8192 bind 8192)
[   12.835449] TCP: reno registered
[   12.835467] UDP hash table entries: 512 (order: 2, 16384 bytes)
[   12.835508] UDP-Lite hash table entries: 512 (order: 2, 16384 bytes)
[   12.835913] NET: Registered protocol family 1
[   12.836649] RPC: Registered named UNIX socket transport module.
[   12.836660] RPC: Registered udp transport module.
[   12.836668] RPC: Registered tcp transport module.
[   12.836676] RPC: Registered tcp NFSv4.1 backchannel transport module.
[   12.836688] PCI: CLS 0 bytes, default 64
[   12.840346] bounce pool size: 64 pages
[   12.842034] squashfs: version 4.0 (2009/01/31) Phillip Lougher
[   12.842848] msgmni has been set to 1468
[   12.844491] io scheduler noop registered (default)
[   12.868018] tegra-apbdma 6000a000.dma: Tegra20 APB DMA driver register 32 channels
[   12.868591] Serial: 8250/16550 driver, 4 ports, IRQ sharing disabled
[   12.870728] 70006300.serial: ttyS0 at MMIO 0x70006300 (irq = 122, base_baud = 25500000) is a Tegra
[   13.898750] console [ttyS0] enabled
[   13.903116] [drm] Initialized drm 1.1.0 20060810
[   13.913542] loop: module loaded
[   13.919547] m25p80 spi32766.0: w25q32dw (4096 Kbytes)
[   13.926503] pegasus: v0.9.3 (2013/04/25), Pegasus/Pegasus II USB Ethernet driver
[   13.933936] usbcore: registered new interface driver pegasus
[   13.939674] usbcore: registered new interface driver asix
[   13.945111] usbcore: registered new interface driver ax88179_178a
[   13.951270] usbcore: registered new interface driver cdc_ether
[   13.957157] usbcore: registered new interface driver r815x
[   13.962709] usbcore: registered new interface driver smsc75xx
[   13.968526] usbcore: registered new interface driver smsc95xx
[   13.974304] usbcore: registered new interface driver net1080
[   13.980023] usbcore: registered new interface driver cdc_subset
[   13.985997] usbcore: registered new interface driver zaurus
[   13.991650] usbcore: registered new interface driver cdc_ncm
[   13.997335] ehci_hcd: USB 2.0 'Enhanced' Host Controller (EHCI) Driver
[   14.003826] ehci-pci: EHCI PCI platform driver
[   14.008331] tegra-ehci: Tegra EHCI driver
[   14.012522] platform 7d008000.usb: Driver tegra-ehci requests probe deferral
[   14.019825] usbcore: registered new interface driver cdc_acm
[   14.025468] cdc_acm: USB Abstract Control Model driver for USB modems and ISDN adapters
[   14.033495] usbcore: registered new interface driver cdc_wdm
[   14.039240] usbcore: registered new interface driver usb-storage
[   14.045450] tegra-phy 7d008000.usb-phy: dummy supplies not allowed
[   14.051619] platform 7d008000.usb-phy: Driver tegra-phy requests probe deferral
[   14.059493] mousedev: PS/2 mouse device common for all mice
[   14.077200] palmas-rtc rtc.7: rtc core: registered rtc.7 as rtc0
[   14.087533] tegra_rtc 7000e000.rtc: rtc core: registered 7000e000.rtc as rtc1
[   14.094693] tegra_rtc 7000e000.rtc: Tegra internal Real Time Clock
[   14.102252] sbs-battery 0-000b: sbs_probe: Failed to get device status
[   14.108775] sbs-battery: probe of 0-000b failed with error -121
[   14.118384] sdhci: Secure Digital Host Controller Interface driver
[   14.124549] sdhci: Copyright(c) Pierre Ossman
[   14.128880] sdhci-pltfm: SDHCI platform and OF driver helper
[   14.134942] sdhci-tegra 78000400.sdhci: Got CD GPIO #170.
[   14.141373] sdhci-tegra 78000400.sdhci: dummy supplies not allowed
[   14.147537] mmc0: no vqmmc regulator found
[   14.151618] sdhci-tegra 78000400.sdhci: dummy supplies not allowed
[   14.157774] mmc0: no vmmc regulator found
[   14.161762] mmc0: Invalid maximum block size, assuming 512 bytes
[   14.214151] mmc0: SDHCI controller on 78000400.sdhci [78000400.sdhci] using ADMA
[   14.223703] sdhci-tegra 78000600.sdhci: dummy supplies not allowed
[   14.229867] mmc1: no vqmmc regulator found
[   14.233948] sdhci-tegra 78000600.sdhci: dummy supplies not allowed
[   14.240103] mmc1: no vmmc regulator found
[   14.244101] mmc1: Invalid maximum block size, assuming 512 bytes
[   14.293829] mmc1: SDHCI controller on 78000600.sdhci [78000600.sdhci] using ADMA
[   14.301903] usbcore: registered new interface driver usbhid
[   14.309504] usbhid: USB HID core driver
[   14.425567] mmc1: BKOPS_EN bit is not set
[   14.456062] mmc1: new HS200 MMC card at address 0001
[   14.461590] mmcblk0: mmc1:0001 SEM32G 29.1 GiB 
[   14.466444] mmcblk0boot0: mmc1:0001 SEM32G partition 1 4.00 MiB
[   14.472651] mmcblk0boot1: mmc1:0001 SEM32G partition 2 4.00 MiB
[   14.478825] mmcblk0rpmb: mmc1:0001 SEM32G partition 3 4.00 MiB
[   14.487153] Primary GPT is invalid, using alternate GPT.
[   14.492459]  mmcblk0: p1 p2 p3 p4 p5
[   14.499375]  mmcblk0boot1: unknown partition table
[   14.505839]  mmcblk0boot0: unknown partition table
[   14.753145] tegra-snd-rt5640 sound.4:  rt5640-aif1 <-> 70080400.i2s mapping ok
[   14.765086] input: NVIDIA Tegra Dalmore Headphones as /devices/soc0/sound.4/sound/card0/input0
[   14.775314] TCP: cubic registered
[   14.778897] NET: Registered protocol family 10
[   14.784751] mip6: Mobile IPv6
[   14.787704] sit: IPv6 over IPv4 tunneling driver
[   14.794110] NET: Registered protocol family 17
[   14.798575] NET: Registered protocol family 15
[   14.803193] Bluetooth: RFCOMM socket layer initialized
[   14.808305] Bluetooth: RFCOMM ver 1.11
[   14.812050] Bluetooth: BNEP (Ethernet Emulation) ver 1.3
[   14.817347] Bluetooth: BNEP socket layer initialized
[   14.822297] Bluetooth: HIDP (Human Interface Emulation) ver 1.2
[   14.828199] Bluetooth: HIDP socket layer initialized
[   14.833771] Registering SWP/SWPB emulation handler
[   14.843196] hvdd-usb: disabling
[   14.848716] vdd-af-cam1: disabling
[   14.854819] vdd-sensor-2v85: disabling
[   14.861058] LDO5: disabling
[   14.866557] vpp-fuse: disabling
[   14.872199] avdd-cam2: disabling
[   14.878098] avdd-cam1: disabling
[   14.885813] vdd-com-3v3: disabling
[   14.889926] vdd-lvds: disabling
[   14.893696] avdd-lcd: disabling
[   14.897422] vdd-lcd-bl: disabling
[   14.901989] dvdd_ts: 1800 mV 
[   14.905531] lcd_bl_en: 5000 mV 
[   14.909072] usb1_vbus: 5000 mV 
[   14.912331] usb1_vbus: supplied by vdd-sys-5v0
[   14.917255] usb2_vbus: 5000 mV 
[   14.920432] usb2_vbus: supplied by vdd-sys-5v0
[   14.925249] vdd_hdmi_5v0: 5000 mV 
[   14.928663] vdd_hdmi_5v0: supplied by vdd-sys-5v0
[   14.935739] vdd_cam_1v8_reg: 1800 mV 
[   14.939934] platform 7d008000.usb: Driver tegra-ehci requests probe deferral
[   14.947686] tegra-ehci 7d008000.usb: EHCI Host Controller
[   14.953105] tegra-ehci 7d008000.usb: new USB bus registered, assigned bus number 1
[   14.961614] tegra-ehci 7d008000.usb: irq 129, io mem 0x7d008000
[   14.981197] tegra-ehci 7d008000.usb: USB 2.0 started, EHCI 1.10
[   14.988539] hub 1-0:1.0: USB hub found
[   14.992386] hub 1-0:1.0: 1 port detected
[   14.997814] input: gpio-keys.2 as /devices/soc0/gpio-keys.2/input/input1
[   15.009099] palmas-rtc rtc.7: setting system clock to 2000-02-14 12:42:54 UTC (950532174)
[   15.032352] ALSA device list:
[   15.035312]   #0: NVIDIA Tegra Dalmore
[   15.065300] kjournald starting.  Commit interval 5 seconds
[   15.072190] EXT3-fs (mmcblk0p1): using internal journal
[   15.077410] EXT3-fs (mmcblk0p1): recovery complete
[   15.082207] EXT3-fs (mmcblk0p1): mounted filesystem with writeback data mode
[   15.089293] VFS: Mounted root (ext3 filesystem) on device 179:1.
[   15.096906] devtmpfs: mounted
[   15.100134] Freeing unused kernel memory: 228K (c07c2000 - c07fb000)
bash: cannot set terminal process group (-1): Inappropriate ioctl for device
bash: no job control in this shell
I have no name!@(none):/# [   15.310007] usb 1-1: new high-speed USB device number 2 using tegra-ehci
