
U-Boot SPL 2015.04-rc3-00209-ga74ef40 (Mar 16 2015 - 14:43:39)


U-Boot 2015.04-rc3-00209-ga74ef40 (Mar 16 2015 - 14:43:39)

TEGRA20
Model: Compulab TrimSlice board
DRAM:  1 GiB
MMC:   Tegra SD/MMC: 0, Tegra SD/MMC: 1
SF: Detected W25Q80BL with page size 256 Bytes, erase size 4 KiB, total 1 MiB
tegra-pcie: PCI regions:
tegra-pcie:   I/O: 0x82000000-0x82010000
tegra-pcie:   non-prefetchable memory: 0xa0000000-0xa8000000
tegra-pcie:   prefetchable memory: 0xa8000000-0xc0000000
tegra-pcie: dual-mode configuration
tegra-pcie: probing port 0, using 2 lanes
In:    serial
Out:   serial
Err:   serial
Net:   RTL8169#0
Hit any key to stop autoboot:  2  0 
Tegra20 (TrimSlice) # 
Tegra20 (TrimSlice) # usb reset
resetting USB...
USB0:   USB EHCI 1.00
scanning bus 0 for devices... 3 USB Device(s) found
USB1:   USB EHCI 1.00
scanning bus 1 for devices... 1 USB Device(s) found
USB2:   lowlevel init failed
       scanning usb for storage devices... 0 Storage Device(s) found
       scanning usb for ethernet devices... 
Warning: asx0 using MAC address from net device
1 Ethernet Device(s) found
Tegra20 (TrimSlice) # setenv bootargs 'ignore_loglevel console=ttyS0,115200n8 rw root=PARTUUID=11eb23c1-01 rootwait gpt debug noinitrd earlyprintk init=/bin/bash'
Tegra20 (TrimSlice) # setenv ipaddr 192.168.100.103; setenv serverip 192.168.100.1; setenv tftpserverip 192.168.100.1
Tegra20 (TrimSlice) # tftpboot 0x00408000 zImage.multi_v7_defconfig
Using RTL8169#0 device
TFTP from server 192.168.100.1; our IP address is 192.168.100.103
Filename 'zImage.multi_v7_defconfig'.
Load address: 0x408000
Loading: *#################################################################
	 #################################################################
	 #################################################################
	 #################################################################
	 #################################################################
	 #################################################################
	 #################################################################
	 #################################################################
	 ############################
	 4.1 MiB/s
done
Bytes transferred = 8036232 (7a9f88 hex)
Tegra20 (TrimSlice) # tftpboot 0x02408000 tegra20-trimslice.dtb
Using RTL8169#0 device
TFTP from server 192.168.100.1; our IP address is 192.168.100.103
Filename 'tegra20-trimslice.dtb'.
Load address: 0x2408000
Loading: *##
	 3.4 MiB/s
done
Bytes transferred = 21454 (53ce hex)
Tegra20 (TrimSlice) # bootz 0x00408000 - 0x02408000
Kernel image @ 0x408000 [ 0x000000 - 0x7a9f88 ]
## Flattened Device Tree blob at 02408000
   Booting using the fdt blob at 0x2408000
   Using Device Tree in place at 02408000, end 024103cd

Starting kernel ...

[    0.000000] Booting Linux on physical CPU 0x0
[    0.000000] Linux version 4.13.0-rc4-next-20170811-192377-g91dfed7 (jonathanh@sellafield) (gcc version 4.7.3 20130328 (prerelease) (crosstool-NG linaro-1.13.1-4.7-2013.04-20130415 - Linaro GCC 2013.04)) #1 SMP Fri Aug 11 01:49:59 PDT 2017
[    0.000000] CPU: ARMv7 Processor [411fc090] revision 0 (ARMv7), cr=10c5387d
[    0.000000] CPU: PIPT / VIPT nonaliasing data cache, VIPT aliasing instruction cache
[    0.000000] OF: fdt: Machine model: Compulab TrimSlice board
[    0.000000] debug: ignoring loglevel setting.
[    0.000000] Memory policy: Data cache writealloc
[    0.000000] efi: Getting EFI parameters from FDT:
[    0.000000] efi: UEFI not found.
[    0.000000] cma: Reserved 64 MiB at 0x3c000000
[    0.000000] On node 0 totalpages: 262144
[    0.000000] free_area_init_node: node 0, pgdat c157c740, node_mem_map ef7f8000
[    0.000000]   DMA zone: 1536 pages used for memmap
[    0.000000]   DMA zone: 0 pages reserved
[    0.000000]   DMA zone: 196608 pages, LIFO batch:31
[    0.000000]   HighMem zone: 65536 pages, LIFO batch:15
[    0.000000] percpu: Embedded 17 pages/cpu @ef7c4000 s39424 r8192 d22016 u69632
[    0.000000] pcpu-alloc: s39424 r8192 d22016 u69632 alloc=17*4096
[    0.000000] pcpu-alloc: [0] 0 [0] 1 
[    0.000000] Built 1 zonelists, mobility grouping on.  Total pages: 260608
[    0.000000] Kernel command line: ignore_loglevel console=ttyS0,115200n8 rw root=PARTUUID=11eb23c1-01 rootwait gpt debug noinitrd earlyprintk init=/bin/bash
[    0.000000] PID hash table entries: 4096 (order: 2, 16384 bytes)
[    0.000000] Dentry cache hash table entries: 131072 (order: 7, 524288 bytes)
[    0.000000] Inode-cache hash table entries: 65536 (order: 6, 262144 bytes)
[    0.000000] Memory: 954384K/1048576K available (10240K kernel code, 1554K rwdata, 4448K rodata, 2048K init, 405K bss, 28656K reserved, 65536K cma-reserved, 196608K highmem)
[    0.000000] Virtual kernel memory layout:
[    0.000000]     vector  : 0xffff0000 - 0xffff1000   (   4 kB)
[    0.000000]     fixmap  : 0xffc00000 - 0xfff00000   (3072 kB)
[    0.000000]     vmalloc : 0xf0800000 - 0xff800000   ( 240 MB)
[    0.000000]     lowmem  : 0xc0000000 - 0xf0000000   ( 768 MB)
[    0.000000]     pkmap   : 0xbfe00000 - 0xc0000000   (   2 MB)
[    0.000000]     modules : 0xbf000000 - 0xbfe00000   (  14 MB)
[    0.000000]       .text : 0xc0208000 - 0xc0d00000   (11232 kB)
[    0.000000]       .init : 0xc1200000 - 0xc1400000   (2048 kB)
[    0.000000]       .data : 0xc1400000 - 0xc15848e0   (1555 kB)
[    0.000000]        .bss : 0xc158dc08 - 0xc15f32bc   ( 406 kB)
[    0.000000] SLUB: HWalign=64, Order=0-3, MinObjects=0, CPUs=2, Nodes=1
[    0.000000] Hierarchical RCU implementation.
[    0.000000] 	RCU event tracing is enabled.
[    0.000000] 	RCU restricting CPUs from NR_CPUS=16 to nr_cpu_ids=2.
[    0.000000] RCU: Adjusting geometry for rcu_fanout_leaf=16, nr_cpu_ids=2
[    0.000000] NR_IRQS: 16, nr_irqs: 16, preallocated irqs: 16
[    0.000000] /interrupt-controller@60004000: 128 interrupts forwarded to /interrupt-controller@50041000
[    0.000000] L2C: platform modifies aux control register: 0x02080000 -> 0x3e480001
[    0.000000] L2C: DT/platform modifies aux control register: 0x02080000 -> 0x3e480001
[    0.000000] L2C-310 errata 727915 769419 enabled
[    0.000000] L2C-310 enabling early BRESP for Cortex-A9
[    0.000000] L2C-310: enabling full line of zeros but not enabled in Cortex-A9
[    0.000000] L2C-310 ID prefetch enabled, offset 1 lines
[    0.000000] L2C-310 cache controller enabled, 8 ways, 1024 kB
[    0.000000] L2C-310: CACHE_ID 0x410000c4, AUX_CTRL 0x7e480001
[    0.000010] sched_clock: 32 bits at 1000kHz, resolution 1000ns, wraps every 2147483647500ns
[    0.000026] clocksource: timer_us: mask: 0xffffffff max_cycles: 0xffffffff, max_idle_ns: 1911260446275 ns
[    0.000036] Switching to timer-based delay loop, resolution 1000ns
[    0.001676] Console: colour dummy device 80x30
[    0.001706] Calibrating delay loop (skipped), value calculated using timer frequency.. 2.00 BogoMIPS (lpj=10000)
[    0.001717] pid_max: default: 32768 minimum: 301
[    0.001806] Mount-cache hash table entries: 2048 (order: 1, 8192 bytes)
[    0.001817] Mountpoint-cache hash table entries: 2048 (order: 1, 8192 bytes)
[    0.002257] CPU: Testing write buffer coherency: ok
[    0.002465] CPU0: thread -1, cpu 0, socket 0, mpidr 80000000
[    0.002700] Setting up static identity map for 0x300000 - 0x3000a0
[    0.003346] Hierarchical SRCU implementation.
[    0.004201] Tegra Revision: A03 prime SKU: 8 CPU Process: 1 SoC Process: 2
[    0.004650] EFI services will not be available.
[    0.004741] smp: Bringing up secondary CPUs ...
[    0.005261] CPU1: thread -1, cpu 1, socket 0, mpidr 80000001
[    0.005334] smp: Brought up 1 node, 2 CPUs
[    0.005346] SMP: Total of 2 processors activated (4.00 BogoMIPS).
[    0.005351] CPU: All CPU(s) started in SVC mode.
[    0.006009] devtmpfs: initialized
[    0.009581] VFP support v0.3: implementor 41 architecture 3 part 30 variant 9 rev 1
[    0.009790] clocksource: jiffies: mask: 0xffffffff max_cycles: 0xffffffff, max_idle_ns: 19112604462750000 ns
[    0.009805] futex hash table entries: 512 (order: 3, 32768 bytes)
[    0.012837] pinctrl core: initialized pinctrl subsystem
[    0.013757] DMI not present or invalid.
[    0.013953] random: get_random_u32 called from bucket_table_alloc+0xe8/0x254 with crng_init=0
[    0.014020] NET: Registered protocol family 16
[    0.016222] DMA: preallocated 256 KiB pool for atomic coherent allocations
[    0.017524] cpuidle: using governor menu
[    0.032832] No ATAGs?
[    0.032913] hw-breakpoint: found 5 (+1 reserved) breakpoint and 1 watchpoint registers.
[    0.032924] hw-breakpoint: maximum watchpoint size is 4 bytes.
[    0.038151] Serial: AMBA PL011 UART driver
[    0.048249] AT91: Could not find identification node
[    0.048744] usb1_vbus: Failed to request enable GPIO170: -517
[    0.048759] reg-fixed-voltage regulators:regulator@2: Failed to register regulator: -517
[    0.052102] vgaarb: loaded
[    0.052639] SCSI subsystem initialized
[    0.052770] libata version 3.00 loaded.
[    0.052930] usbcore: registered new interface driver usbfs
[    0.052967] usbcore: registered new interface driver hub
[    0.053006] usbcore: registered new device driver usb
[    0.054934] pps_core: LinuxPPS API ver. 1 registered
[    0.054942] pps_core: Software ver. 5.3.6 - Copyright 2005-2007 Rodolfo Giometti <giometti@linux.it>
[    0.054957] PTP clock support registered
[    0.055090] EDAC MC: Ver: 3.0.0
[    0.055330] dmi: Firmware registration failed.
[    0.056753] clocksource: Switched to clocksource timer_us
[    0.094669] NET: Registered protocol family 2
[    0.095083] TCP established hash table entries: 8192 (order: 3, 32768 bytes)
[    0.095153] TCP bind hash table entries: 8192 (order: 4, 65536 bytes)
[    0.095259] TCP: Hash tables configured (established 8192 bind 8192)
[    0.095340] UDP hash table entries: 512 (order: 2, 16384 bytes)
[    0.095390] UDP-Lite hash table entries: 512 (order: 2, 16384 bytes)
[    0.095555] NET: Registered protocol family 1
[    0.095857] RPC: Registered named UNIX socket transport module.
[    0.095865] RPC: Registered udp transport module.
[    0.095870] RPC: Registered tcp transport module.
[    0.095875] RPC: Registered tcp NFSv4.1 backchannel transport module.
[    0.095885] PCI: CLS 0 bytes, default 64
[    0.096673] hw perfevents: no interrupt-affinity property for /pmu, guessing.
[    0.096895] hw perfevents: enabled with armv7_cortex_a9 PMU driver, 7 counters available
[    0.098014] workingset: timestamp_bits=30 max_order=18 bucket_order=0
[    0.102214] squashfs: version 4.0 (2009/01/31) Phillip Lougher
[    0.102671] NFS: Registering the id_resolver key type
[    0.102696] Key type id_resolver registered
[    0.102702] Key type id_legacy registered
[    0.102734] ntfs: driver 2.1.32 [Flags: R/O].
[    0.103336] random: fast init done
[    0.103837] bounce: pool size: 64 pages
[    0.103879] Block layer SCSI generic (bsg) driver version 0.4 loaded (major 248)
[    0.103888] io scheduler noop registered
[    0.103894] io scheduler deadline registered
[    0.104067] io scheduler cfq registered (default)
[    0.104075] io scheduler mq-deadline registered
[    0.104081] io scheduler kyber registered
[    0.115140] tegra-pcie 80003000.pcie: dual-mode configuration
[    0.115835] tegra-pcie 80003000.pcie: probing port 0, using 2 lanes
[    0.198334] tegra-pcie 80003000.pcie: PCI host bridge to bus 0000:00
[    0.198347] pci_bus 0000:00: root bus resource [io  0x0000-0xffff]
[    0.198356] pci_bus 0000:00: root bus resource [mem 0xa0000000-0xa7ffffff]
[    0.198364] pci_bus 0000:00: root bus resource [mem 0xa8000000-0xbfffffff pref]
[    0.198373] pci_bus 0000:00: root bus resource [bus 00-ff]
[    0.198402] pci 0000:00:01.0: [10de:0bf0] type 01 class 0x060000
[    0.198420] pci_bus 0000:00: 2-byte config write to 0000:00:01.0 offset 0x4 may corrupt adjacent RW1C bits
[    0.198431] pci_bus 0000:00: 2-byte config write to 0000:00:01.0 offset 0x4 may corrupt adjacent RW1C bits
[    0.198449] pci 0000:00:01.0: enabling Extended Tags
[    0.198460] pci_bus 0000:00: 2-byte config write to 0000:00:01.0 offset 0x88 may corrupt adjacent RW1C bits
[    0.198484] pci_bus 0000:00: 2-byte config write to 0000:00:01.0 offset 0x52 may corrupt adjacent RW1C bits
[    0.198508] pci 0000:00:01.0: PME# supported from D0 D1 D2 D3hot D3cold
[    0.198519] pci_bus 0000:00: 2-byte config write to 0000:00:01.0 offset 0x4c may corrupt adjacent RW1C bits
[    0.198667] pci_bus 0000:00: 2-byte config write to 0000:00:01.0 offset 0x3e may corrupt adjacent RW1C bits
[    0.198679] pci_bus 0000:00: 2-byte config write to 0000:00:01.0 offset 0x4 may corrupt adjacent RW1C bits
[    0.198689] pci_bus 0000:00: 1-byte config write to 0000:00:01.0 offset 0xc may corrupt adjacent RW1C bits
[    0.198695] PCI: bus0: Fast back to back transfers disabled
[    0.198705] pci 0000:00:01.0: bridge configuration invalid ([bus 00-00]), reconfiguring
[    0.198715] pci_bus 0000:00: 2-byte config write to 0000:00:01.0 offset 0x3e may corrupt adjacent RW1C bits
[    0.198726] pci_bus 0000:00: 2-byte config write to 0000:00:01.0 offset 0x3e may corrupt adjacent RW1C bits
[    0.198838] pci 0000:01:00.0: [10ec:8168] type 00 class 0x020000
[    0.198872] pci 0000:01:00.0: reg 0x10: [io  0x0000-0x00ff]
[    0.198896] pci 0000:01:00.0: reg 0x18: [mem 0x00000000-0x00000fff 64bit pref]
[    0.198915] pci 0000:01:00.0: reg 0x20: [mem 0x00000000-0x00003fff 64bit pref]
[    0.198928] pci 0000:01:00.0: reg 0x30: [mem 0x00000000-0x0001ffff pref]
[    0.199001] pci 0000:01:00.0: supports D1 D2
[    0.199009] pci 0000:01:00.0: PME# supported from D0 D1 D2 D3hot D3cold
[    0.226804] PCI: bus1: Fast back to back transfers disabled
[    0.226817] pci_bus 0000:01: busn_res: [bus 01-ff] end is updated to 01
[    0.226853] pci 0000:00:01.0: BAR 8: assigned [mem 0xa0000000-0xa00fffff]
[    0.226865] pci 0000:00:01.0: BAR 9: assigned [mem 0xa8000000-0xa80fffff 64bit pref]
[    0.226875] pci 0000:00:01.0: BAR 7: assigned [io  0x1000-0x1fff]
[    0.226888] pci 0000:01:00.0: BAR 6: assigned [mem 0xa0000000-0xa001ffff pref]
[    0.226898] pci 0000:01:00.0: BAR 4: assigned [mem 0xa8000000-0xa8003fff 64bit pref]
[    0.226917] pci 0000:01:00.0: BAR 2: assigned [mem 0xa8004000-0xa8004fff 64bit pref]
[    0.226936] pci 0000:01:00.0: BAR 0: assigned [io  0x1000-0x10ff]
[    0.226947] pci 0000:00:01.0: PCI bridge to [bus 01]
[    0.226955] pci 0000:00:01.0:   bridge window [io  0x1000-0x1fff]
[    0.226964] pci 0000:00:01.0:   bridge window [mem 0xa0000000-0xa00fffff]
[    0.226972] pci 0000:00:01.0:   bridge window [mem 0xa8000000-0xa80fffff 64bit pref]
[    0.226995] pci 0000:00:01.0: nv_msi_ht_cap_quirk didn't locate host bridge
[    0.227047] Disabling cpuidle LP2 state, since PCIe IRQs are in use
[    0.227083] pcieport 0000:00:01.0: enabling device (0140 -> 0143)
[    0.227249] pcieport 0000:00:01.0: Signaling PME with IRQ 295
[    0.232927] tegra-apbdma 6000a000.dma: Tegra20 APB DMA driver register 16 channels
[    0.276243] Serial: 8250/16550 driver, 4 ports, IRQ sharing disabled
[    0.278399] console [ttyS0] disabled
[    0.278436] 70006000.serial: ttyS0 at MMIO 0x70006000 (irq = 279, base_baud = 13500000) is a Tegra
[    1.371295] console [ttyS0] enabled
[    1.375336] SuperH (H)SCI(F) driver initialized
[    1.380621] msm_serial: driver initialized
[    1.384831] STMicroelectronics ASC driver initialized
[    1.394177] tegra-hdmi 54280000.hdmi: 54280000.hdmi supply hdmi not found, using dummy regulator
[    1.405086] [drm] Supports vblank timestamp caching Rev 2 (21.10.2013).
[    1.411702] [drm] No driver support for vblank timestamp query.
[    1.417659] [drm] Cannot find any crtc or sizes
[    1.422197] [drm] Initialized tegra 0.0.0 20120330 for drm on minor 0
[    1.430150] [drm] Cannot find any crtc or sizes
[    1.440217] brd: module loaded
[    1.447978] loop: module loaded
[    1.456965] m25p80 spi32766.0: found s25fl008k, expected w25q80bl
[    1.463143] m25p80 spi32766.0: s25fl008k (1024 Kbytes)
[    1.470190] libphy: Fixed MDIO Bus: probed
[    1.474960] CAN device driver interface
[    1.479457] bgmac_bcma: Broadcom 47xx GBit MAC driver loaded
[    1.486002] e1000e: Intel(R) PRO/1000 Network Driver - 3.2.6-k
[    1.491884] e1000e: Copyright(c) 1999 - 2015 Intel Corporation.
[    1.497858] igb: Intel(R) Gigabit Ethernet Network Driver - version 5.4.0-k
[    1.504801] igb: Copyright (c) 2007-2014 Intel Corporation.
[    1.510946] r8169 Gigabit Ethernet driver 2.3LK-NAPI loaded
[    1.516528] r8169 0000:01:00.0: enabling device (0140 -> 0143)
[    1.523002] r8169 0000:01:00.0 eth0: RTL8168d/8111d at 0xf0a5c000, 00:01:c0:13:7d:63, XID 081000c0 IRQ 296
[    1.532663] r8169 0000:01:00.0 eth0: jumbo features [frames: 9200 bytes, tx checksumming: ko]
[    1.543374] pegasus: v0.9.3 (2013/04/25), Pegasus/Pegasus II USB Ethernet driver
[    1.550827] usbcore: registered new interface driver pegasus
[    1.556500] usbcore: registered new interface driver asix
[    1.561925] usbcore: registered new interface driver ax88179_178a
[    1.568042] usbcore: registered new interface driver cdc_ether
[    1.573896] usbcore: registered new interface driver smsc75xx
[    1.579677] usbcore: registered new interface driver smsc95xx
[    1.585429] usbcore: registered new interface driver net1080
[    1.591111] usbcore: registered new interface driver cdc_subset
[    1.597052] usbcore: registered new interface driver zaurus
[    1.602645] usbcore: registered new interface driver cdc_ncm
[    1.608569] tegra-phy c5004000.usb-phy: no vbus regulator
[    1.615069] tegra-phy c5008000.usb-phy: no vbus regulator
[    1.621757] ehci_hcd: USB 2.0 'Enhanced' Host Controller (EHCI) Driver
[    1.628288] ehci-pci: EHCI PCI platform driver
[    1.632748] ehci-platform: EHCI generic platform driver
[    1.638124] ehci-orion: EHCI orion driver
[    1.642231] SPEAr-ehci: EHCI SPEAr driver
[    1.646321] ehci-st: EHCI STMicroelectronics driver
[    1.651299] ehci-exynos: EHCI EXYNOS driver
[    1.655578] ehci-atmel: EHCI Atmel driver
[    1.659687] tegra-ehci: Tegra EHCI driver
[    1.717958] ulpi_phy_power_on: ulpi write failed
[    1.722567] tegra-ehci c5004000.usb: Failed to power on the phy
[    1.728503] tegra-ehci: probe of c5004000.usb failed with error -110
[    1.737477] tegra-ehci c5008000.usb: EHCI Host Controller
[    1.742879] tegra-ehci c5008000.usb: new USB bus registered, assigned bus number 1
[    1.750603] tegra-ehci c5008000.usb: irq 290, io mem 0xc5008000
[    1.776773] tegra-ehci c5008000.usb: USB 2.0 started, EHCI 1.00
[    1.783199] hub 1-0:1.0: USB hub found
[    1.786983] hub 1-0:1.0: 1 port detected
[    1.791199] ohci_hcd: USB 1.1 'Open' Host Controller (OHCI) Driver
[    1.797391] ohci-pci: OHCI PCI platform driver
[    1.801867] ohci-platform: OHCI generic platform driver
[    1.807256] SPEAr-ohci: OHCI SPEAr driver
[    1.811354] ohci-st: OHCI STMicroelectronics driver
[    1.816312] ohci-atmel: OHCI Atmel driver
[    1.820878] usbcore: registered new interface driver usb-storage
[    1.829734] rtc-em3027 2-0056: rtc core: registered rtc-em3027 as rtc0
[    1.837353] tegra_rtc 7000e000.rtc: rtc core: registered 7000e000.rtc as rtc1
[    1.844505] tegra_rtc 7000e000.rtc: Tegra internal Real Time Clock
[    1.851085] i2c /dev entries driver
[    1.863739] sdhci: Secure Digital Host Controller Interface driver
[    1.869940] sdhci: Copyright(c) Pierre Ossman
[    1.875397] Synopsys Designware Multimedia Card Interface Driver
[    1.882331] sdhci-pltfm: SDHCI platform and OF driver helper
[    1.896733] mmc0: Invalid maximum block size, assuming 512 bytes
[    1.956774] mmc0: SDHCI controller on c8000000.sdhci [c8000000.sdhci] using ADMA
[    1.964278] sdhci-tegra c8000600.sdhci: Got CD GPIO
[    1.969179] sdhci-tegra c8000600.sdhci: Got WP GPIO
[    1.982165] mmc1: Invalid maximum block size, assuming 512 bytes
[    2.046859] mmc1: SDHCI controller on c8000600.sdhci [c8000600.sdhci] using ADMA
[    2.055569] ledtrig-cpu: registered to indicate activity on CPUs
[    2.061848] usbcore: registered new interface driver usbhid
[    2.067464] usbhid: USB HID core driver
[    2.074322] NET: Registered protocol family 10
[    2.079745] Segment Routing with IPv6
[    2.083463] sit: IPv6, IPv4 and MPLS over IPv4 tunneling driver
[    2.089826] NET: Registered protocol family 17
[    2.094263] can: controller area network core (rev 20170425 abi 9)
[    2.100496] NET: Registered protocol family 29
[    2.104928] can: raw protocol (rev 20170425)
[    2.109200] can: broadcast manager protocol (rev 20170425 t)
[    2.114848] can: netlink gateway (rev 20170425) max_hops=1
[    2.120589] Key type dns_resolver registered
[    2.125199] ThumbEE CPU extension supported.
[    2.129485] Registering SWP/SWPB emulation handler
[    2.145608] utmi_phy_clk_enable: timeout waiting for phy to stabilize
[    2.152130] tegra-ehci c5000000.usb: EHCI Host Controller
[    2.157560] tegra-ehci c5000000.usb: new USB bus registered, assigned bus number 2
[    2.165160] usb 1-1: new high-speed USB device number 2 using tegra-ehci
[    2.172108] tegra-ehci c5000000.usb: irq 288, io mem 0xc5000000
[    2.186501] mmc1: new high speed SD card at address b368
[    2.192245] mmcblk1: mmc1:b368 NCard 1.83 GiB (ro)
[    2.199702] mmcblk1: error -5 sending stop command, original cmd response 0x900, card status 0x900
[    2.206805] tegra-ehci c5000000.usb: USB 2.0 started, EHCI 1.00
[    2.214585] mmcblk1: error -5 transferring data, sector 3839992, nr 8, cmd response 0x900, card status 0x80000b00
[    2.225241] hub 2-0:1.0: USB hub found
[    2.229064] hub 2-0:1.0: 1 port detected
[    2.234215] input: gpio-keys as /devices/soc0/gpio-keys/input/input0
[    2.241278] rtc-em3027 2-0056: hctosys: unable to read the hardware clock
[    2.330939] mmcblk1: error -5 sending stop command, original cmd response 0x900, card status 0x900
[    2.339911] mmcblk1: error -5 transferring data, sector 3839992, nr 8, cmd response 0x900, card status 0x80000b00
[    2.350178] mmcblk1: retrying using single block read
[    2.357426]  mmcblk1: p1 p2
[    2.360982] Waiting for root device PARTUUID=11eb23c1-01...
[    2.397904] hub 1-1:1.0: USB hub found
[    2.401749] hub 1-1:1.0: 4 ports detected
[    2.726835] usb 1-1.2: new high-speed USB device number 3 using tegra-ehci
[    3.274696] mmc0: host does not support reading read-only switch, assuming write-enable
[    3.284894] mmc0: new high speed SDHC card at address b368
[    3.291492] mmcblk0: mmc0:b368 NCard 3.70 GiB 
[    3.299166] mmcblk0: error -5 sending stop command, original cmd response 0x900, card status 0x900
[    3.308225] mmcblk0: error -5 transferring data, sector 7759864, nr 8, cmd response 0x900, card status 0x80000b00
[    3.351354] asix 1-1.2:1.0 eth1: register 'asix' at usb-c5008000.usb-1.2, ASIX AX88772 USB 2.0 Ethernet, 00:60:6e:60:6c:68
[    3.411328] mmcblk0: error -5 sending stop command, original cmd response 0x900, card status 0x900
[    3.420361] mmcblk0: error -5 transferring data, sector 7759864, nr 8, cmd response 0x900, card status 0x80000b00
[    3.430684] mmcblk0: retrying using single block read
[    3.438023]  mmcblk0: p1
[    3.457818] mmcblk0: r/w command failed, status = 0x80000900
[    3.551351] EXT4-fs (mmcblk0p1): mounting ext3 file system using the ext4 subsystem
[    3.798185] EXT4-fs (mmcblk0p1): recovery complete
[    3.872316] EXT4-fs (mmcblk0p1): mounted filesystem with ordered data mode. Opts: (null)
[    3.880528] VFS: Mounted root (ext3 filesystem) on device 179:17.
[    3.896551] devtmpfs: mounted
[    3.904535] Freeing unused kernel memory: 2048K
bash: cannot set terminal process group (-1): Inappropriate ioctl for device
bash: no job control in this shell
root@(none):/#  
root@(none):/# mount -t sysfs none /sys
root@(none):/# 
root@(none):/# mount -t debugfs none /sys[   12.703065] random: crng init done
/kernel/debug
root@(none):/# 
root@(none):/# rtcwake -d rtc1 -m mem[   14.585839] irq 279: nobody cared (try booting with the "irqpoll" option)
[   14.592665] CPU: 0 PID: 1 Comm: bash Not tainted 4.13.0-rc4-next-20170811-192377-g91dfed7 #1
[   14.601106] Hardware name: NVIDIA Tegra SoC (Flattened Device Tree)
[   14.607448] [<c0311868>] (unwind_backtrace) from [<c030c948>] (show_stack+0x10/0x14)
[   14.615240] [<c030c948>] (show_stack) from [<c0ca6330>] (dump_stack+0x84/0xa4)
[   14.622507] [<c0ca6330>] (dump_stack) from [<c038f1cc>] (__report_bad_irq+0x24/0xc0)
[   14.630280] [<c038f1cc>] (__report_bad_irq) from [<c038f5b0>] (note_interrupt+0x260/0x2bc)
[   14.638569] [<c038f5b0>] (note_interrupt) from [<c038cb48>] (handle_irq_event_percpu+0x48/0x58)
[   14.647288] [<c038cb48>] (handle_irq_event_percpu) from [<c038cb9c>] (handle_irq_event+0x44/0x68)
[   14.656183] [<c038cb9c>] (handle_irq_event) from [<c03901c4>] (handle_fasteoi_irq+0x90/0x130)
[   14.664731] [<c03901c4>] (handle_fasteoi_irq) from [<c038c114>] (generic_handle_irq+0x18/0x28)
[   14.673363] [<c038c114>] (generic_handle_irq) from [<c038c21c>] (__handle_domain_irq+0x54/0xb4)
[   14.682082] [<c038c21c>] (__handle_domain_irq) from [<c0301750>] (gic_handle_irq+0x50/0x9c)
[   14.690451] [<c0301750>] (gic_handle_irq) from [<c030d50c>] (__irq_svc+0x6c/0x90)
[   14.697938] Exception stack(0xee8a7d18 to 0xee8a7d60)
[   14.703003] 7d00:                                                       c1590500 c1590500
[   14.711201] 7d20: 00000000 00000000 00000010 c134cb90 00000082 c1580f68 ee820000 fe441100
[   14.719397] 7d40: ee8a7de8 00000000 c031098c ee8a7d68 c0348720 c0301c04 60070113 ffffffff
[   14.727597] [<c030d50c>] (__irq_svc) from [<c0301c04>] (__do_softirq+0x7c/0x348)
[   14.735021] [<c0301c04>] (__do_softirq) from [<c0348720>] (irq_exit+0xd4/0x13c)
[   14.742354] [<c0348720>] (irq_exit) from [<c038c220>] (__handle_domain_irq+0x58/0xb4)
[   14.750203] [<c038c220>] (__handle_domain_irq) from [<c0301750>] (gic_handle_irq+0x50/0x9c)
[   14.758569] [<c0301750>] (gic_handle_irq) from [<c030d50c>] (__irq_svc+0x6c/0x90)
[   14.766055] Exception stack(0xee8a7de8 to 0xee8a7e30)
[   14.771127] 7de0:                   00000000 eeada8e4 eeada800 00000001 00000000 eeada800
[   14.779323] 7e00: 00000001 eef62e00 c15cecd8 eefcc401 a0070013 00000000 00000000 ee8a7e38
[   14.787508] 7e20: c079743c c0797464 60070013 ffffffff
[   14.792597] [<c030d50c>] (__irq_svc) from [<c0797464>] (uart_write+0x118/0x170)
[   14.799944] [<c0797464>] (uart_write) from [<c077dbc4>] (n_tty_write+0x194/0x468)
[   14.807454] [<c077dbc4>] (n_tty_write) from [<c077aecc>] (tty_write+0x184/0x284)
[   14.814876] [<c077aecc>] (tty_write) from [<c0458c6c>] (__vfs_write+0x2c/0x124)
[   14.822209] [<c0458c6c>] (__vfs_write) from [<c045a2ec>] (vfs_write+0xa4/0x164)
[   14.829540] [<c045a2ec>] (vfs_write) from [<c045a58c>] (SyS_write+0x40/0x8c)
[   14.836625] [<c045a58c>] (SyS_write) from [<c03081e0>] (ret_fast_syscall+0x0/0x44)
[   14.844194] handlers:
[   14.846492] [<c07994f4>] serial8250_interrupt
[   14.850868] Disabling IRQ #279
 -s 3
rtcwake: assuming RTC uses UTC .[   15.497071] PM: suspend entry (deep)
[   15.500660] PM: Syncing filesystems ... done.
..
rtcw[   15.506838] Freezing user space processes ... (elapsed 0.001 seconds) done.
[   15.515010] OOM killer disabled.
[   15.518287] Freezing remaining freezable tasks ... (elapsed 0.001 seconds) done.
[   15.526988] Suspending console(s) (use no_console_suspend to debug)
ake: wakeup from "mem" using /dev/rtc1 at Thu Jan  1 00:00:33 1970
[   15.572564] pci_generic_config_write32: 43 callbacks suppressed
[   15.572608] pci_bus 0000:00: 2-byte config write to 0000:00:01.0 offset 0x9c may corrupt adjacent RW1C bits
[   15.593510] pci_bus 0000:01: 2-byte config write to 0000:01:00.0 offset 0x44 may corrupt adjacent RW1C bits
[   15.593568] pci_bus 0000:01: 2-byte config write to 0000:01:00.0 offset 0x44 may corrupt adjacent RW1C bits
[   15.617568] Disabling non-boot CPUs ...
[   15.670294] Entering suspend state LP1
[   15.670342] Enabling non-boot CPUs ...
[   15.671832] CPU1 is up
[   15.674200] pci_bus 0000:00: 2-byte config write to 0000:00:01.0 offset 0x4c may corrupt adjacent RW1C bits
[   15.674246] pci_bus 0000:00: 2-byte config write to 0000:00:01.0 offset 0x88 may corrupt adjacent RW1C bits
[   15.674277] pci_bus 0000:00: 2-byte config write to 0000:00:01.0 offset 0x90 may corrupt adjacent RW1C bits
[   15.674304] pci_bus 0000:00: 2-byte config write to 0000:00:01.0 offset 0x98 may corrupt adjacent RW1C bits
[   15.674331] pci_bus 0000:00: 2-byte config write to 0000:00:01.0 offset 0x9c may corrupt adjacent RW1C bits
[   15.674412] pci_bus 0000:00: 2-byte config write to 0000:00:01.0 offset 0x52 may corrupt adjacent RW1C bits
[   15.674444] pci_bus 0000:00: 2-byte config write to 0000:00:01.0 offset 0x52 may corrupt adjacent RW1C bits
[   15.674521] pcieport 0000:00:01.0: nv_msi_ht_cap_quirk didn't locate host bridge
[   16.374085] OOM killer enabled.
[   16.377225] Restarting tasks ... done.
[   16.381647] PM: suspend exit
root@(none):/# 
root@(none):/# rtcwake -d rtc1 -m mem -s 3
rtcwake: assuming RTC uses UTC ...
rtcwake: wakeup from "mem" using /dev/rtc1 at Thu Jan  1 00:00:38 1970
[   17.141832] PM: suspend entry (deep)
[   17.145431] PM: Syncing filesystems ... done.
[   17.151427] Freezing user space processes ... (elapsed 0.001 seconds) done.
[   17.159954] OOM killer disabled.
[   17.163198] Freezing remaining freezable tasks ... (elapsed 0.001 seconds) done.
[   17.172049] Suspending console(s) (use no_console_suspend to debug)
[   17.257366] Disabling non-boot CPUs ...
[   17.299423] Entering suspend state LP1
[   17.299471] Enabling non-boot CPUs ...
[   17.300988] CPU1 is up
[   17.303475] pcieport 0000:00:01.0: nv_msi_ht_cap_quirk didn't locate host bridge
[   17.890336] OOM killer enabled.
[   17.893466] Restarting tasks ... done.
[   17.898285] PM: suspend exit
root@(none):/# 
root@(none):/# rtcwake -d rtc1 -m mem -s 3
rtcwake: assuming RTC uses UTC ...
rtcwake: wakeup from "mem" using /dev/rtc1 at Thu Jan  1 00:00:43 1970
[   18.771462] PM: suspend entry (deep)
[   18.775062] PM: Syncing filesystems ... done.
[   18.781020] Freezing user space processes ... (elapsed 0.001 seconds) done.
[   18.789407] OOM killer disabled.
[   18.792647] Freezing remaining freezable tasks ... (elapsed 0.001 seconds) done.
[   18.801511] Suspending console(s) (use no_console_suspend to debug)
[   18.887322] Disabling non-boot CPUs ...
[   18.929461] Entering suspend state LP1
[   18.929509] Enabling non-boot CPUs ...
[   18.931042] CPU1 is up
[   18.933518] pcieport 0000:00:01.0: nv_msi_ht_cap_quirk didn't locate host bridge
[   19.530823] OOM killer enabled.
[   19.533960] Restarting tasks ... done.
[   19.538624] PM: suspend exit
root@(none):/# 
root@(none):/# rtcwake -d rtc1 -m mem -s 3
rtcwake: assuming RTC uses UTC ...
rtcwake: wakeup from "mem" using /dev/rtc1 at Thu Jan  1 00:00:48 1970
[   20.401630] PM: suspend entry (deep)
[   20.405229] PM: Syncing filesystems ... done.
[   20.411224] Freezing user space processes ... (elapsed 0.001 seconds) done.
[   20.419642] OOM killer disabled.
[   20.422883] Freezing remaining freezable tasks ... (elapsed 0.001 seconds) done.
[   20.431754] Suspending console(s) (use no_console_suspend to debug)
[   20.517228] Disabling non-boot CPUs ...
[   20.569416] Entering suspend state LP1
[   20.569465] Enabling non-boot CPUs ...
[   20.571018] CPU1 is up
[   20.572393] pcieport 0000:00:01.0: nv_msi_ht_cap_quirk didn't locate host bridge
[   20.596605] pci_generic_config_write32: 85 callbacks suppressed
[   20.596645] pci_bus 0000:01: 2-byte config write to 0000:01:00.0 offset 0x78 may corrupt adjacent RW1C bits
[   20.596681] pci_bus 0000:01: 2-byte config write to 0000:01:00.0 offset 0x80 may corrupt adjacent RW1C bits
[   20.596713] pci_bus 0000:01: 2-byte config write to 0000:01:00.0 offset 0x98 may corrupt adjacent RW1C bits
[   20.596743] pci_bus 0000:01: 2-byte config write to 0000:01:00.0 offset 0xa0 may corrupt adjacent RW1C bits
[   20.596797] pci_bus 0000:01: 2-byte config write to 0000:01:00.0 offset 0x14c may corrupt adjacent RW1C bits
[   20.596923] pci_bus 0000:01: 2-byte config write to 0000:01:00.0 offset 0x52 may corrupt adjacent RW1C bits
[   20.596959] pci_bus 0000:01: 2-byte config write to 0000:01:00.0 offset 0x52 may corrupt adjacent RW1C bits
[   20.596996] pci_bus 0000:01: 2-byte config write to 0000:01:00.0 offset 0x5c may corrupt adjacent RW1C bits
[   20.597030] pci_bus 0000:01: 2-byte config write to 0000:01:00.0 offset 0x52 may corrupt adjacent RW1C bits
[   20.597065] pci_bus 0000:01: 2-byte config write to 0000:01:00.0 offset 0x44 may corrupt adjacent RW1C bits
[   21.271950] OOM killer enabled.
[   21.275079] Restarting tasks ... done.
[   21.279965] PM: suspend exit
root@(none):/# 
root@(none):/# rtcwake -d rtc1 -m mem -s 3
rtcwake: assuming RTC uses UTC ...
rtcwake: wakeup from "mem" using /dev/rtc1 at Thu Jan  1 00:00:53 1970
[   22.041642] PM: suspend entry (deep)
[   22.045242] PM: Syncing filesystems ... done.
[   22.051240] Freezing user space processes ... (elapsed 0.001 seconds) done.
[   22.059654] OOM killer disabled.
[   22.062897] Freezing remaining freezable tasks ... (elapsed 0.001 seconds) done.
[   22.071771] Suspending console(s) (use no_console_suspend to debug)
[   22.157210] Disabling non-boot CPUs ...
[   22.199272] Entering suspend state LP1
[   22.199320] Enabling non-boot CPUs ...
[   22.200877] CPU1 is up
[   22.201668] pcieport 0000:00:01.0: nv_msi_ht_cap_quirk didn't locate host bridge
[   22.800584] OOM killer enabled.
[   22.803718] Restarting tasks ... done.
[   22.808172] PM: suspend exit
root@(none):/# 
root@(none):/# rtcwake -d rtc1 -m mem -s 3
rtcwake: assuming RTC uses UTC ...
rtcwake: wakeup from "mem" using /dev/rtc1 at Thu Jan  1 00:00:58 1970
[   23.671819] PM: suspend entry (deep)
[   23.675419] PM: Syncing filesystems ... done.
[   23.681413] Freezing user space processes ... (elapsed 0.001 seconds) done.
[   23.689836] OOM killer disabled.
[   23.693078] Freezing remaining freezable tasks ... (elapsed 0.001 seconds) done.
[   23.701956] Suspending console(s) (use no_console_suspend to debug)
[   23.787145] Disabling non-boot CPUs ...
[   23.839180] Entering suspend state LP1
[   23.839228] Enabling non-boot CPUs ...
[   23.840777] CPU1 is up
[   23.841568] pcieport 0000:00:01.0: nv_msi_ht_cap_quirk didn't locate host bridge
[   24.440590] OOM killer enabled.
[   24.443724] Restarting tasks ... done.
[   24.448454] PM: suspend exit
root@(none):/# 
root@(none):/# rtcwake -d rtc1 -m mem -s 3
rtcwake: assuming RTC uses UTC ...
rtcwake: wakeup from "mem" using /dev/rtc1 at Thu Jan  1 00:01:03 1970
[   25.311666] PM: suspend entry (deep)
[   25.315268] PM: Syncing filesystems ... done.
[   25.321267] Freezing user space processes ... (elapsed 0.001 seconds) done.
[   25.329680] OOM killer disabled.
[   25.332921] Freezing remaining freezable tasks ... (elapsed 0.001 seconds) done.
[   25.341798] Suspending console(s) (use no_console_suspend to debug)
[   25.427081] Disabling non-boot CPUs ...
[   25.479098] Entering suspend state LP1
[   25.479147] Enabling non-boot CPUs ...
[   25.480700] CPU1 is up
[   25.481488] pcieport 0000:00:01.0: nv_msi_ht_cap_quirk didn't locate host bridge
[   26.080532] OOM killer enabled.
[   26.083667] Restarting tasks ... done.
[   26.087764] PM: suspend exit
root@(none):/# 
root@(none):/# rtcwake -d rtc1 -m mem -s 3
rtcwake: assuming RTC uses UTC ...
rtcwake: wakeup from "mem" using /dev/rtc1 at Thu Jan  1 00:01:08 1970
[   26.951545] PM: suspend entry (deep)
[   26.955144] PM: Syncing filesystems ... done.
[   26.961290] Freezing user space processes ... (elapsed 0.001 seconds) done.
[   26.969718] OOM killer disabled.
[   26.972959] Freezing remaining freezable tasks ... (elapsed 0.001 seconds) done.
[   26.981838] Suspending console(s) (use no_console_suspend to debug)
[   27.021408] pci_generic_config_write32: 84 callbacks suppressed
[   27.021453] pci_bus 0000:00: 2-byte config write to 0000:00:01.0 offset 0x9c may corrupt adjacent RW1C bits
[   27.042907] pci_bus 0000:01: 2-byte config write to 0000:01:00.0 offset 0x44 may corrupt adjacent RW1C bits
[   27.042966] pci_bus 0000:01: 2-byte config write to 0000:01:00.0 offset 0x44 may corrupt adjacent RW1C bits
[   27.067155] Disabling non-boot CPUs ...
[   27.119033] Entering suspend state LP1
[   27.119081] Enabling non-boot CPUs ...
[   27.120639] CPU1 is up
[   27.121304] pci_bus 0000:00: 2-byte config write to 0000:00:01.0 offset 0x4c may corrupt adjacent RW1C bits
[   27.121351] pci_bus 0000:00: 2-byte config write to 0000:00:01.0 offset 0x88 may corrupt adjacent RW1C bits
[   27.121383] pci_bus 0000:00: 2-byte config write to 0000:00:01.0 offset 0x90 may corrupt adjacent RW1C bits
[   27.121413] pci_bus 0000:00: 2-byte config write to 0000:00:01.0 offset 0x98 may corrupt adjacent RW1C bits
[   27.121440] pci_bus 0000:00: 2-byte config write to 0000:00:01.0 offset 0x9c may corrupt adjacent RW1C bits
[   27.121521] pci_bus 0000:00: 2-byte config write to 0000:00:01.0 offset 0x52 may corrupt adjacent RW1C bits
[   27.121554] pci_bus 0000:00: 2-byte config write to 0000:00:01.0 offset 0x52 may corrupt adjacent RW1C bits
[   27.121631] pcieport 0000:00:01.0: nv_msi_ht_cap_quirk didn't locate host bridge
[   27.823445] OOM killer enabled.
[   27.826582] Restarting tasks ... done.
[   27.831023] PM: suspend exit
root@(none):/# 
root@(none):/# rtcwake -d rtc1 -m mem -s 3
rtcwake: assuming RTC uses UTC ...
rtcwake: wakeup from "mem" using /dev/rtc1 at Thu Jan  1 00:01:13 1970
[   28.591259] PM: suspend entry (deep)
[   28.594859] PM: Syncing filesystems ... done.
[   28.600857] Freezing user space processes ... (elapsed 0.001 seconds) done.
[   28.609424] OOM killer disabled.
[   28.612667] Freezing remaining freezable tasks ... (elapsed 0.001 seconds) done.
[   28.621552] Suspending console(s) (use no_console_suspend to debug)
[   28.706922] Disabling non-boot CPUs ...
[   28.749012] Entering suspend state LP1
[   28.749060] Enabling non-boot CPUs ...
[   28.750625] CPU1 is up
[   28.751982] pcieport 0000:00:01.0: nv_msi_ht_cap_quirk didn't locate host bridge
[   29.349810] OOM killer enabled.
[   29.352944] Restarting tasks ... done.
[   29.357428] PM: suspend exit
root@(none):/# 
root@(none):/# rtcwake -d rtc1 -m mem -s 3
rtcwake: assuming RTC uses UTC ...
rtcwake: wakeup from "mem" using /dev/rtc1 at Thu Jan  1 00:01:18 1970
[   30.221238] PM: suspend entry (deep)
[   30.224839] PM: Syncing filesystems ... done.
[   30.230832] Freezing user space processes ... (elapsed 0.001 seconds) done.
[   30.239249] OOM killer disabled.
[   30.242489] Freezing remaining freezable tasks ... (elapsed 0.001 seconds) done.
[   30.251369] Suspending console(s) (use no_console_suspend to debug)
[   30.336854] Disabling non-boot CPUs ...
[   30.378979] Entering suspend state LP1
[   30.379028] Enabling non-boot CPUs ...
[   30.380599] CPU1 is up
[   30.381918] pcieport 0000:00:01.0: nv_msi_ht_cap_quirk didn't locate host bridge
[   30.986203] OOM killer enabled.
[   30.989337] Restarting tasks ... done.
[   30.993745] PM: suspend exit
root@(none):/# 
root@(none):/# NVTB SYSTEM SUSPEND TEST COMPLETE
