
U-Boot SPL 2014.01-00219-gc4d376f (Feb 18 2014 - 19:57:18)


U-Boot 2014.01-00219-gc4d376f (Feb 18 2014 - 19:57:18)

TEGRA30
Board: NVIDIA Beaver
I2C:   ready
DRAM:  2 GiB
MMC:   Tegra SD/MMC: 0, Tegra SD/MMC: 1
In:    serial
Out:   serial
Err:   serial
Net:   Net Initialization Skipped
No ethernet found.
Hit any key to stop autoboot:  2  0 
Tegra30 (Beaver) # 
Tegra30 (Beaver) # usb reset
(Re)start USB...
USB0:   USB EHCI 1.00
scanning bus 0 for devices... 2 USB Device(s) found
       scanning usb for storage devices... 0 Storage Device(s) found
       scanning usb for ethernet devices... 
Warning: asx0 using MAC address from net device
1 Ethernet Device(s) found
Tegra30 (Beaver) # setenv bootargs 'ignore_loglevel console=ttyS0,115200n8 rw root=/dev/mmcblk0p1 rootwait gpt debug init=/bin/bash noinitrd'
Tegra30 (Beaver) # setenv ipaddr 192.168.100.101; setenv serverip 192.168.100.1; setenv tftpserverip 192.168.100.1
Tegra30 (Beaver) # tftpboot 0x81000000 zImage.tegra_defconfig%tegra20,30_mergeconfig
Using asx0 device
TFTP from server 192.168.100.1; our IP address is 192.168.100.101
Filename 'zImage.tegra_defconfig%tegra20,30_mergeconfig'.
Load address: 0x81000000
Loading: *#################################################################
	 #################################################################
	 #################################################################
	 #################################################################
	 #################################################################
	 #####
	 3.4 MiB/s
done
Bytes transferred = 4832376 (49bc78 hex)
Tegra30 (Beaver) # tftpboot 0x82000000 tegra30-beaver.dtb
Using asx0 device
TFTP from server 192.168.100.1; our IP address is 192.168.100.101
Filename 'tegra30-beaver.dtb'.
Load address: 0x82000000
Loading: *##
	 2.9 MiB/s
done
Bytes transferred = 24641 (6041 hex)
Tegra30 (Beaver) # bootz 0x81000000 - 0x82000000
Kernel image @ 0x81000000 [ 0x000000 - 0x49bc78 ]
## Flattened Device Tree blob at 82000000
   Booting using the fdt blob at 0x82000000
   Loading Device Tree to 8fff6000, end 8ffff040 ... OK

Starting kernel ...

Uncompressing Linux... done, booting the kernel.
[    0.000000] Booting Linux on physical CPU 0x0
[    0.000000] Initializing cgroup subsys cpu
[    0.000000] Initializing cgroup subsys cpuacct
[    0.000000] Linux version 4.0.0-rc3-next-20150313-83900-ga68b04c (pwalmsley@kaivo) (gcc version 4.7.3 20130328 (prerelease) (crosstool-NG linaro-1.13.1-4.7-2013.04-20130415 - Linaro GCC 2013.04) ) #1 SMP PREEMPT Fri Mar 13 00:26:10 PDT 2015
[    0.000000] CPU: ARMv7 Processor [412fc099] revision 9 (ARMv7), cr=10c5387d
[    0.000000] CPU: PIPT / VIPT nonaliasing data cache, VIPT aliasing instruction cache
[    0.000000] Machine model: NVIDIA Tegra30 Beaver evaluation board
[    0.000000] debug: ignoring loglevel setting.
[    0.000000] cma: Reserved 64 MiB at 0xfbc00000
[    0.000000] Memory policy: Data cache writealloc
[    0.000000] On node 0 totalpages: 524032
[    0.000000] free_area_init_node: node 0, pgdat c09410c0, node_mem_map ee7f7000
[    0.000000]   Normal zone: 1520 pages used for memmap
[    0.000000]   Normal zone: 0 pages reserved
[    0.000000]   Normal zone: 194560 pages, LIFO batch:31
[    0.000000]   HighMem zone: 329472 pages, LIFO batch:31
[    0.000000] PERCPU: Embedded 11 pages/cpu @ee7b0000 s12928 r8192 d23936 u45056
[    0.000000] pcpu-alloc: s12928 r8192 d23936 u45056 alloc=11*4096
[    0.000000] pcpu-alloc: [0] 0 [0] 1 [0] 2 [0] 3 
[    0.000000] Built 1 zonelists in Zone order, mobility grouping on.  Total pages: 522512
[    0.000000] Kernel command line: ignore_loglevel console=ttyS0,115200n8 rw root=/dev/mmcblk0p1 rootwait gpt debug init=/bin/bash noinitrd
[    0.000000] PID hash table entries: 4096 (order: 2, 16384 bytes)
[    0.000000] Dentry cache hash table entries: 131072 (order: 7, 524288 bytes)
[    0.000000] Inode-cache hash table entries: 65536 (order: 6, 262144 bytes)
[    0.000000] Memory: 2003264K/2096128K available (6626K kernel code, 315K rwdata, 2212K rodata, 296K init, 351K bss, 27328K reserved, 65536K cma-reserved, 1252352K highmem)
[    0.000000] Virtual kernel memory layout:
[    0.000000]     vector  : 0xffff0000 - 0xffff1000   (   4 kB)
[    0.000000]     fixmap  : 0xffc00000 - 0xfff00000   (3072 kB)
[    0.000000]     vmalloc : 0xf0000000 - 0xff000000   ( 240 MB)
[    0.000000]     lowmem  : 0xc0000000 - 0xef800000   ( 760 MB)
[    0.000000]     pkmap   : 0xbfe00000 - 0xc0000000   (   2 MB)
[    0.000000]     modules : 0xbf000000 - 0xbfe00000   (  14 MB)
[    0.000000]       .text : 0xc0008000 - 0xc08a9e84   (8840 kB)
[    0.000000]       .init : 0xc08aa000 - 0xc08f4000   ( 296 kB)
[    0.000000]       .data : 0xc08f4000 - 0xc0942c00   ( 315 kB)
[    0.000000]        .bss : 0xc0942c00 - 0xc099a82c   ( 352 kB)
[    0.000000] Preemptible hierarchical RCU implementation.
[    0.000000] 	Additional per-CPU info printed with stalls.
[    0.000000] NR_IRQS:16 nr_irqs:16 16
[    0.000000] L2C: platform modifies aux control register: 0x02080000 -> 0x3e480001
[    0.000000] L2C: DT/platform modifies aux control register: 0x02080000 -> 0x3e480001
[    0.000000] L2C-310 erratum 769419 enabled
[    0.000000] L2C-310 enabling early BRESP for Cortex-A9
[    0.000000] L2C-310: enabling full line of zeros but not enabled in Cortex-A9
[    0.000000] L2C-310 ID prefetch enabled, offset 1 lines
[    0.000000] L2C-310 dynamic clock gating enabled, standby mode enabled
[    0.000000] L2C-310 cache controller enabled, 8 ways, 1024 kB
[    0.000000] L2C-310: CACHE_ID 0x410000c7, AUX_CTRL 0x7e480001
[    0.000013] sched_clock: 32 bits at 1000kHz, resolution 1000ns, wraps every 2147483648000ns
[    0.000032] Switching to timer-based delay loop, resolution 1000ns
[    0.000550] Console: colour dummy device 80x30
[    0.000569] Calibrating delay loop (skipped), value calculated using timer frequency.. 2.00 BogoMIPS (lpj=10000)
[    0.000578] pid_max: default: 32768 minimum: 301
[    0.000885] Mount-cache hash table entries: 2048 (order: 1, 8192 bytes)
[    0.000894] Mountpoint-cache hash table entries: 2048 (order: 1, 8192 bytes)
[    0.002059] Initializing cgroup subsys freezer
[    0.002080] Initializing cgroup subsys debug
[    0.002122] CPU: Testing write buffer coherency: ok
[    0.002407] CPU0: thread -1, cpu 0, socket 0, mpidr 80000000
[    0.002472] Setting up static identity map for 0x806478a8 - 0x80647940
[    0.040212] Tegra Revision: A03 SKU: 128 CPU Process: 4 Core Process: 0
[    0.061350] CPU1: thread -1, cpu 1, socket 0, mpidr 80000001
[    0.081329] CPU2: thread -1, cpu 2, socket 0, mpidr 80000002
[    0.101320] CPU3: thread -1, cpu 3, socket 0, mpidr 80000003
[    0.101366] Brought up 4 CPUs
[    0.101380] SMP: Total of 4 processors activated (8.00 BogoMIPS).
[    0.101385] CPU: All CPU(s) started in SVC mode.
[    0.102114] devtmpfs: initialized
[    0.103268] VFP support v0.3: implementor 41 architecture 3 part 30 variant 9 rev 4
[    0.106926] pinctrl core: initialized pinctrl subsystem
[    0.120843] NET: Registered protocol family 16
[    0.123240] DMA: preallocated 256 KiB pool for atomic coherent allocations
[    0.149990] cpuidle: using governor ladder
[    0.179986] cpuidle: using governor menu
[    0.193862] No ATAGs?
[    0.193891] hw-breakpoint: found 5 (+1 reserved) breakpoint and 1 watchpoint registers.
[    0.193898] hw-breakpoint: maximum watchpoint size is 4 bytes.
[    0.242337] platform regulators:regulator@1: Driver reg-fixed-voltage requests probe deferral
[    0.242404] platform regulators:regulator@2: Driver reg-fixed-voltage requests probe deferral
[    0.242718] vdd_5v_sata: Failed to request enable GPIO30: -517
[    0.242826] reg-fixed-voltage regulators:regulator@3: Failed to register regulator: -517
[    0.242839] platform regulators:regulator@3: Driver reg-fixed-voltage requests probe deferral
[    0.243143] usb1_vbus: Failed to request enable GPIO238: -517
[    0.243241] reg-fixed-voltage regulators:regulator@4: Failed to register regulator: -517
[    0.243254] platform regulators:regulator@4: Driver reg-fixed-voltage requests probe deferral
[    0.243556] usb3_vbus: Failed to request enable GPIO236: -517
[    0.243653] reg-fixed-voltage regulators:regulator@5: Failed to register regulator: -517
[    0.243666] platform regulators:regulator@5: Driver reg-fixed-voltage requests probe deferral
[    0.243731] platform regulators:regulator@6: Driver reg-fixed-voltage requests probe deferral
[    0.244035] sys_3v3_pexs: Failed to request enable GPIO95: -517
[    0.244132] reg-fixed-voltage regulators:regulator@7: Failed to register regulator: -517
[    0.244144] platform regulators:regulator@7: Driver reg-fixed-voltage requests probe deferral
[    0.244461] reg-fixed-voltage regulators:regulator@8: Failed to find supply vin
[    0.244559] reg-fixed-voltage regulators:regulator@8: Failed to register regulator: -517
[    0.244572] platform regulators:regulator@8: Driver reg-fixed-voltage requests probe deferral
[    0.246034] vgaarb: loaded
[    0.247221] SCSI subsystem initialized
[    0.247499] libata version 3.00 loaded.
[    0.248094] usbcore: registered new interface driver usbfs
[    0.248223] usbcore: registered new interface driver hub
[    0.248338] usbcore: registered new device driver usb
[    0.257381] vrtc: supplied by vdd_5v_in
[    0.269993] vdd_1v8_gen: supplied by vdd_5v_in
[    0.279988] vddio_ddr_1v2: supplied by vdd_5v_in
[    0.289990] vdd_1v5_gen: supplied by vdd_5v_in
[    0.302544] vdd_pexa,vdd_pexb: supplied by vdd_1v5_gen
[    0.305519] vdd_sata,avdd_plle: supplied by vdd_1v5_gen
[    0.308142] ldo3: supplied by vdd_5v_in
[    0.319991] vdd_rtc: supplied by vdd_5v_in
[    0.329990] vddio_sdmmc,avdd_vdac: supplied by vdd_5v_in
[    0.332966] avdd_dsi_csi,pwrdet_mipi: supplied by vdd_1v8_gen
[    0.339988] vdd_pllm,x,u,a_p_c_s: supplied by vdd_1v8_gen
[    0.349987] vdd_ddr_hs: supplied by vdd_1v8_gen
[    0.352489] Linux video capture interface: v2.00
[    0.352604] pps_core: LinuxPPS API ver. 1 registered
[    0.352609] pps_core: Software ver. 5.3.6 - Copyright 2005-2007 Rodolfo Giometti <giometti@linux.it>
[    0.352664] PTP clock support registered
[    0.353376] Advanced Linux Sound Architecture Driver Initialized.
[    0.354540] Bluetooth: Core ver 2.20
[    0.354609] NET: Registered protocol family 31
[    0.354614] Bluetooth: HCI device and connection manager initialized
[    0.354632] Bluetooth: HCI socket layer initialized
[    0.354654] Bluetooth: L2CAP socket layer initialized
[    0.354698] Bluetooth: SCO socket layer initialized
[    0.355375] cfg80211: Calling CRDA to update world regulatory domain
[    0.356034] Switched to clocksource timer_us
[    0.375379] NET: Registered protocol family 2
[    0.376496] TCP established hash table entries: 8192 (order: 3, 32768 bytes)
[    0.376558] TCP bind hash table entries: 8192 (order: 4, 65536 bytes)
[    0.376641] TCP: Hash tables configured (established 8192 bind 8192)
[    0.377175] UDP hash table entries: 512 (order: 2, 16384 bytes)
[    0.377236] UDP-Lite hash table entries: 512 (order: 2, 16384 bytes)
[    0.377598] NET: Registered protocol family 1
[    0.378278] RPC: Registered named UNIX socket transport module.
[    0.378285] RPC: Registered udp transport module.
[    0.378289] RPC: Registered tcp transport module.
[    0.378293] RPC: Registered tcp NFSv4.1 backchannel transport module.
[    0.378313] PCI: CLS 0 bytes, default 64
[    0.380197] hw perfevents: enabled with armv7_cortex_a9 PMU driver, 7 counters available
[    0.382273] futex hash table entries: 1024 (order: 4, 65536 bytes)
[    0.384713] squashfs: version 4.0 (2009/01/31) Phillip Lougher
[    0.387177] bounce: pool size: 64 pages
[    0.387192] io scheduler noop registered (default)
[    0.390355] tegra-pcie 3000.pcie-controller: 2x3 configuration
[    0.390483] tegra-pcie 3000.pcie-controller: Failed to get supply 'hvdd-pex': -517
[    0.390553] platform 3000.pcie-controller: Driver tegra-pcie requests probe deferral
[    0.399504] tegra-apbdma 6000a000.dma: Tegra20 APB DMA driver register 32 channels
[    0.399872] tegra-pmc 7000e400.pmc: i2c-thermtrip node not found, emergency thermal reset disabled.
[    0.400466] Serial: 8250/16550 driver, 4 ports, IRQ sharing disabled
[    0.403274] console [ttyS0] disabled
[    0.403324] 70006000.serial: ttyS0 at MMIO 0x70006000 (irq = 331, base_baud = 25500000) is a Tegra
[    1.308372] console [ttyS0] enabled
[    1.313935] [drm] Initialized drm 1.1.0 20060810
[    1.319705] tegra-hdmi 54280000.hdmi: failed to get HDMI regulator
[    1.325885] platform 54280000.hdmi: Driver tegra-hdmi requests probe deferral
[    1.335448] Unable to handle kernel NULL pointer dereference at virtual address 00000000
[    1.343552] pgd = c0004000
[    1.346260] [00000000] *pgd=00000000
[    1.349836] Internal error: Oops: 80000005 [#1] PREEMPT SMP ARM
[    1.355739] Modules linked in:
[    1.358789] CPU: 1 PID: 1 Comm: swapper/0 Not tainted 4.0.0-rc3-next-20150313-83900-ga68b04c #1
[    1.367464] Hardware name: NVIDIA Tegra SoC (Flattened Device Tree)
[    1.373714] task: ee053840 ti: ee054000 task.ti: ee054000
[    1.379096] PC is at 0x0
[    1.381625] LR is at percpu_ref_kill_and_confirm+0xe4/0x134
[    1.387182] pc : [<00000000>]    lr : [<c0229a94>]    psr: 60000113
[    1.387182] sp : ee055e28  ip : c0313a28  fp : ee0e9c00
[    1.398632] r10: 00000001  r9 : ee0e9d50  r8 : ee0df554
[    1.403840] r7 : ee2cbb4c  r6 : ee0df56c  r5 : 00000000  r4 : ee2cbb24
[    1.410348] r3 : 00000000  r2 : 00000000  r1 : 00000000  r0 : ee2cbb24
[    1.416857] Flags: nZCv  IRQs on  FIQs on  Mode SVC_32  ISA ARM  Segment kernel
[    1.424146] Control: 10c5387d  Table: 8000404a  DAC: 00000015
[    1.429873] Process swapper/0 (pid: 1, stack limit = 0xee054210)
[    1.435861] Stack: (0xee055e28 to 0xee056000)
[    1.440204] 5e20:                   ee000280 c020317c ee2cb6e0 00000000 ee0df56c c0209b10
[    1.448362] 5e40: ee0df56c ee2cb6e0 ee2cbb4c c0209c6c ee2cb6e0 c0209ca0 ee0df56c c090730c
[    1.456519] 5e60: ee0df52c ee2cb6e0 ee2cbb4c c020a358 00000000 c0984d5c 00000080 d0f14600
[    1.464675] 5e80: ee0e4500 ee0e4540 ee2cbb70 ee0df52c ee2cbb70 00000000 ee0df52c ee055ef4
[    1.472832] 5ea0: c08e081c 00000001 00000000 c020a448 00000005 ee0df400 00000000 c0314fc0
[    1.480989] 5ec0: 000000d0 00100000 00000008 00000001 00100000 c0942c00 c08c6bcc c08e081c
[    1.489146] 5ee0: 00000000 c08c6cc0 00000000 00000000 c08f9ed8 ee0e4080 c08f9ed8 c08f9ed8
[    1.497302] 5f00: ee0e4080 c0008b24 c064b6e4 00000011 00000000 00000000 00000000 c012cb44
[    1.505459] 5f20: 00000000 c08fdc7c 60000113 00000001 ef7fcca0 c0667cc0 000000dd c003c1dc
[    1.513616] 5f40: c0871098 00000006 ef7fcca8 00000006 c08fdc44 ef7fcc40 c08eedb4 00000006
[    1.521772] 5f60: c08e0810 c0942c00 000000dd c08e081c c08aa598 c08aad80 00000006 00000006
[    1.529929] 5f80: c08aa598 ffffffff 00000000 c063c360 00000000 00000000 00000000 00000000
[    1.538085] 5fa0: 00000000 c063c368 00000000 c000ea00 00000000 00000000 00000000 00000000
[    1.546241] 5fc0: 00000000 00000000 00000000 00000000 00000000 00000000 00000000 00000000
[    1.554397] 5fe0: 00000000 00000000 00000000 00000000 00000013 00000000 ffffffff ffffffff
[    1.562578] [<c0229a94>] (percpu_ref_kill_and_confirm) from [<c0209b10>] (blk_mq_freeze_queue_start+0x3c/0x4c)
[    1.572559] [<c0209b10>] (blk_mq_freeze_queue_start) from [<c0209c6c>] (blk_mq_freeze_queue+0xc/0x18)
[    1.581759] [<c0209c6c>] (blk_mq_freeze_queue) from [<c0209ca0>] (blk_mq_update_tag_set_depth+0x28/0xa0)
[    1.591218] [<c0209ca0>] (blk_mq_update_tag_set_depth) from [<c020a358>] (blk_mq_init_allocated_queue+0x640/0x704)
[    1.601543] [<c020a358>] (blk_mq_init_allocated_queue) from [<c020a448>] (blk_mq_init_queue+0x2c/0x4c)
[    1.610835] [<c020a448>] (blk_mq_init_queue) from [<c0314fc0>] (loop_add+0xbc/0x224)
[    1.618565] [<c0314fc0>] (loop_add) from [<c08c6cc0>] (loop_init+0xf4/0x158)
[    1.625600] [<c08c6cc0>] (loop_init) from [<c0008b24>] (do_one_initcall+0x80/0x1d0)
[    1.633253] [<c0008b24>] (do_one_initcall) from [<c08aad80>] (kernel_init_freeable+0x108/0x1d4)
[    1.641946] [<c08aad80>] (kernel_init_freeable) from [<c063c368>] (kernel_init+0x8/0xec)
[    1.650025] [<c063c368>] (kernel_init) from [<c000ea00>] (ret_from_fork+0x14/0x34)
[    1.657576] Code: bad PC value
[    1.660665] ---[ end trace bc40e55e90061516 ]---
[    1.665271] note: swapper/0[1] exited with preempt_count 1
[    1.670768] Kernel panic - not syncing: Attempted to kill init! exitcode=0x0000000b
[    1.670768] 
[    1.679881] CPU0: stopping
[    1.682581] CPU: 0 PID: 0 Comm: swapper/0 Tainted: G      D         4.0.0-rc3-next-20150313-83900-ga68b04c #1
[    1.692469] Hardware name: NVIDIA Tegra SoC (Flattened Device Tree)
[    1.698736] [<c0015908>] (unwind_backtrace) from [<c00114e8>] (show_stack+0x10/0x14)
[    1.706468] [<c00114e8>] (show_stack) from [<c0640490>] (dump_stack+0x84/0xd0)
[    1.713675] [<c0640490>] (dump_stack) from [<c00142fc>] (handle_IPI+0x134/0x160)
[    1.721053] [<c00142fc>] (handle_IPI) from [<c00087f0>] (gic_handle_irq+0x54/0x5c)
[    1.728605] [<c00087f0>] (gic_handle_irq) from [<c0012040>] (__irq_svc+0x40/0x74)
[    1.736067] Exception stack(0xc08f5f50 to 0xc08f5f98)
[    1.741103] 5f40:                                     00000001 00000000 00000000 c001ec80
[    1.749260] 5f60: c08f6494 00000000 00000000 c08f1d90 c08f64f8 c08f6500 00000001 00000000
[    1.757416] 5f80: c08f5fa0 c08f5f98 c000f4cc c000f4d0 60000113 ffffffff
[    1.764016] [<c0012040>] (__irq_svc) from [<c000f4d0>] (arch_cpu_idle+0x30/0x3c)
[    1.771397] [<c000f4d0>] (arch_cpu_idle) from [<c005606c>] (cpu_startup_entry+0x2a4/0x350)
[    1.779646] [<c005606c>] (cpu_startup_entry) from [<c08aac0c>] (start_kernel+0x360/0x3cc)
[    1.787804] [<c08aac0c>] (start_kernel) from [<80008074>] (0x80008074)
[    1.794313] CPU2: stopping
[    1.797013] CPU: 2 PID: 0 Comm: swapper/2 Tainted: G      D         4.0.0-rc3-next-20150313-83900-ga68b04c #1
[    1.806902] Hardware name: NVIDIA Tegra SoC (Flattened Device Tree)
[    1.813160] [<c0015908>] (unwind_backtrace) from [<c00114e8>] (show_stack+0x10/0x14)
[    1.820887] [<c00114e8>] (show_stack) from [<c0640490>] (dump_stack+0x84/0xd0)
[    1.828092] [<c0640490>] (dump_stack) from [<c00142fc>] (handle_IPI+0x134/0x160)
[    1.835470] [<c00142fc>] (handle_IPI) from [<c00087f0>] (gic_handle_irq+0x54/0x5c)
[    1.843021] [<c00087f0>] (gic_handle_irq) from [<c0012040>] (__irq_svc+0x40/0x74)
[    1.850483] Exception stack(0xee099f88 to 0xee099fd0)
[    1.855520] 9f80:                   00000001 00000000 00000000 c001ec80 c08f6494 00000000
[    1.863676] 9fa0: 00000000 c08f1d90 c08f64f8 c08f6500 00000001 00000000 ee099fd8 ee099fd0
[    1.871832] 9fc0: c000f4cc c000f4d0 60000113 ffffffff
[    1.876872] [<c0012040>] (__irq_svc) from [<c000f4d0>] (arch_cpu_idle+0x30/0x3c)
[    1.884250] [<c000f4d0>] (arch_cpu_idle) from [<c005606c>] (cpu_startup_entry+0x2a4/0x350)
[    1.892494] [<c005606c>] (cpu_startup_entry) from [<80008884>] (0x80008884)
[    1.899436] CPU3: stopping
[    1.902135] CPU: 3 PID: 0 Comm: swapper/3 Tainted: G      D         4.0.0-rc3-next-20150313-83900-ga68b04c #1
[    1.912023] Hardware name: NVIDIA Tegra SoC (Flattened Device Tree)
[    1.918279] [<c0015908>] (unwind_backtrace) from [<c00114e8>] (show_stack+0x10/0x14)
[    1.926006] [<c00114e8>] (show_stack) from [<c0640490>] (dump_stack+0x84/0xd0)
[    1.933211] [<c0640490>] (dump_stack) from [<c00142fc>] (handle_IPI+0x134/0x160)
[    1.940589] [<c00142fc>] (handle_IPI) from [<c00087f0>] (gic_handle_irq+0x54/0x5c)
[    1.948141] [<c00087f0>] (gic_handle_irq) from [<c0012040>] (__irq_svc+0x40/0x74)
[    1.955602] Exception stack(0xee09bf88 to 0xee09bfd0)
[    1.960638] bf80:                   00000001 00000000 00000000 c001ec80 c08f6494 00000000
[    1.968795] bfa0: 00000000 c08f1d90 c08f64f8 c08f6500 00000001 00000000 ee09bfd8 ee09bfd0
[    1.976951] bfc0: c000f4cc c000f4d0 60000113 ffffffff
[    1.981990] [<c0012040>] (__irq_svc) from [<c000f4d0>] (arch_cpu_idle+0x30/0x3c)
[    1.989369] [<c000f4d0>] (arch_cpu_idle) from [<c005606c>] (cpu_startup_entry+0x2a4/0x350)
[    1.997613] [<c005606c>] (cpu_startup_entry) from [<80008884>] (0x80008884)
[    2.004558] ---[ end Kernel panic - not syncing: Attempted to kill init! exitcode=0x0000000b
[    2.004558] 
