
U-Boot SPL 2016.05-rc2 (Apr 21 2016 - 16:23:00)
Trying to boot from RAM


U-Boot 2016.05-rc2 (Apr 21 2016 - 16:23:00 -0700)

TEGRA124
Model: NVIDIA Jetson TK1
Board: NVIDIA Jetson TK1
DRAM:  2 GiB
C:   Tegra SD/MMC: 0, Tegra SD/MMC: 1
In:    serial
Out:   serial
Err:   serial
Net:   No ethernet found.
Hit any key to stop autoboot:  2  0 
Tegra124 (Jetson TK1) # 
Tegra124 (Jetson TK1) # pci enum
Tegra124 (Jetson TK1) # setenv bootargs 'ignore_loglevel console=ttyS0,115200n8 rw root=PARTUUID=b1791faa-84e8-4e27-83a1-9fb0a77e8803 rootwait gpt debug noinitrd earlyprintk init=/bin/bash'
Tegra124 (Jetson TK1) # setenv ipaddr 192.168.100.102; setenv serverip 192.168.100.1; setenv tftpserverip 192.168.100.1
Tegra124 (Jetson TK1) # tftpboot 0x82000000 zImage.multi_v7_defconfig

Warning: eth_rtl8169 using MAC address from ROM
Using eth_rtl8169 device
TFTP from server 192.168.100.1; our IP address is 192.168.100.102
Filename 'zImage.multi_v7_defconfig'.
Load address: 0x82000000
Loading: *#################################################################
	 #################################################################
	 #################################################################
	 #################################################################
	 #################################################################
	 #################################################################
	 #################################################################
	 #################################
	 3.8 MiB/s
done
Bytes transferred = 7157112 (6d3578 hex)
Tegra124 (Jetson TK1) # tftpboot 0x83000000 tegra124-jetson-tk1.dtb
Using eth_rtl8169 device
TFTP from server 192.168.100.1; our IP address is 192.168.100.102
Filename 'tegra124-jetson-tk1.dtb'.
Load address: 0x83000000
Loading: *#####
	 3.7 MiB/s
done
Bytes transferred = 66405 (10365 hex)
Tegra124 (Jetson TK1) # bootz 0x82000000 - 0x83000000
Kernel image @ 0x82000000 [ 0x000000 - 0x6d3578 ]
## Flattened Device Tree blob at 83000000
   Booting using the fdt blob at 0x83000000
   Using Device Tree in place at 83000000, end 83013364

Starting kernel ...

[    0.000000] Booting Linux on physical CPU 0x0
[    0.000000] Linux version 4.8.0-rc5-next-20160912-118064-ga2c9e2e (pwalmsley@sellafield) (gcc version 4.7.3 20130328 (prerelease) (crosstool-NG linaro-1.13.1-4.7-2013.04-20130415 - Linaro GCC 2013.04) ) #1 SMP Sun Sep 11 23:04:06 PDT 2016
[    0.000000] CPU: ARMv7 Processor [413fc0f3] revision 3 (ARMv7), cr=10c5387d
[    0.000000] CPU: div instructions available: patching division code
[    0.000000] CPU: PIPT / VIPT nonaliasing data cache, PIPT instruction cache
[    0.000000] OF: fdt:Machine model: NVIDIA Tegra124 Jetson TK1
[    0.000000] debug: ignoring loglevel setting.
[    0.000000] cma: Reserved 64 MiB at 0xfb800000
[    0.000000] Memory policy: Data cache writealloc
[    0.000000] On node 0 totalpages: 524032
[    0.000000] free_area_init_node: node 0, pgdat c1425980, node_mem_map eeff8000
[    0.000000]   DMA zone: 1536 pages used for memmap
[    0.000000]   DMA zone: 0 pages reserved
[    0.000000]   DMA zone: 196608 pages, LIFO batch:31
[    0.000000]   HighMem zone: 327424 pages, LIFO batch:31
[    0.000000] percpu: Embedded 14 pages/cpu @eef85000 s26624 r8192 d22528 u57344
[    0.000000] pcpu-alloc: s26624 r8192 d22528 u57344 alloc=14*4096
[    0.000000] pcpu-alloc: [0] 0 [0] 1 [0] 2 [0] 3 
[    0.000000] Built 1 zonelists in Zone order, mobility grouping on.  Total pages: 522496
[    0.000000] Kernel command line: ignore_loglevel console=ttyS0,115200n8 rw root=PARTUUID=b1791faa-84e8-4e27-83a1-9fb0a77e8803 rootwait gpt debug noinitrd earlyprintk init=/bin/bash
[    0.000000] PID hash table entries: 4096 (order: 2, 16384 bytes)
[    0.000000] Dentry cache hash table entries: 131072 (order: 7, 524288 bytes)
[    0.000000] Inode-cache hash table entries: 65536 (order: 6, 262144 bytes)
[    0.000000] Memory: 1994940K/2096128K available (9216K kernel code, 1181K rwdata, 4032K rodata, 2048K init, 342K bss, 35652K reserved, 65536K cma-reserved, 1244160K highmem)
[    0.000000] Virtual kernel memory layout:
[    0.000000]     vector  : 0xffff0000 - 0xffff1000   (   4 kB)
[    0.000000]     fixmap  : 0xffc00000 - 0xfff00000   (3072 kB)
[    0.000000]     vmalloc : 0xf0800000 - 0xff800000   ( 240 MB)
[    0.000000]     lowmem  : 0xc0000000 - 0xf0000000   ( 768 MB)
[    0.000000]     pkmap   : 0xbfe00000 - 0xc0000000   (   2 MB)
[    0.000000]     modules : 0xbf000000 - 0xbfe00000   (  14 MB)
[    0.000000]       .text : 0xc0208000 - 0xc0c00000   (10208 kB)
[    0.000000]       .init : 0xc1100000 - 0xc1300000   (2048 kB)
[    0.000000]       .data : 0xc1300000 - 0xc1427480   (1182 kB)
[    0.000000]        .bss : 0xc1429000 - 0xc147eac8   ( 343 kB)
[    0.000000] SLUB: HWalign=64, Order=0-3, MinObjects=0, CPUs=4, Nodes=1
[    0.000000] Hierarchical RCU implementation.
[    0.000000] 	Build-time adjustment of leaf fanout to 32.
[    0.000000] 	RCU restricting CPUs from NR_CPUS=16 to nr_cpu_ids=4.
[    0.000000] RCU: Adjusting geometry for rcu_fanout_leaf=32, nr_cpu_ids=4
[    0.000000] NR_IRQS:16 nr_irqs:16 16
[    0.000000] /interrupt-controller@60004000: 160 interrupts forwarded to /interrupt-controller@50041000
[    0.000000] Tegra clk 127: register failed with -17
[    0.000008] sched_clock: 32 bits at 1000kHz, resolution 1000ns, wraps every 2147483647500ns
[    0.000030] clocksource: timer_us: mask: 0xffffffff max_cycles: 0xffffffff, max_idle_ns: 1911260446275 ns
[    0.000045] Switching to timer-based delay loop, resolution 1000ns
[    0.005448] arm_arch_timer: Architected cp15 timer(s) running at 12.00MHz (virt).
[    0.005466] clocksource: arch_sys_counter: mask: 0xffffffffffffff max_cycles: 0x2c47f4ee7, max_idle_ns: 440795202497 ns
[    0.005484] sched_clock: 56 bits at 12MHz, resolution 83ns, wraps every 4398046511096ns
[    0.005497] Switching to timer-based delay loop, resolution 83ns
[    0.005950] Console: colour dummy device 80x30
[    0.005977] Calibrating delay loop (skipped), value calculated using timer frequency.. 24.00 BogoMIPS (lpj=60000)
[    0.005992] pid_max: default: 32768 minimum: 301
[    0.006088] Mount-cache hash table entries: 2048 (order: 1, 8192 bytes)
[    0.006099] Mountpoint-cache hash table entries: 2048 (order: 1, 8192 bytes)
[    0.006700] CPU: Testing write buffer coherency: ok
[    0.006921] /cpus/cpu@0 missing clock-frequency property
[    0.006962] /cpus/cpu@1 missing clock-frequency property
[    0.007004] /cpus/cpu@2 missing clock-frequency property
[    0.007047] /cpus/cpu@3 missing clock-frequency property
[    0.007059] CPU0: thread -1, cpu 0, socket 0, mpidr 80000000
[    0.007080] Setting up static identity map for 0x80300000 - 0x80300098
[    0.010766] Tegra Revision: A01 SKU: 129 CPU Process: 1 SoC Process: 1
[    0.012161] CPU1: thread -1, cpu 1, socket 0, mpidr 80000001
[    0.015842] CPU2: thread -1, cpu 2, socket 0, mpidr 80000002
[    0.020846] CPU3: thread -1, cpu 3, socket 0, mpidr 80000003
[    0.025361] Brought up 4 CPUs
[    0.025381] SMP: Total of 4 processors activated (96.00 BogoMIPS).
[    0.025388] CPU: All CPU(s) started in SVC mode.
[    0.025443] span: 0-3 (max cpu_capacity = 1024)
[    0.026874] devtmpfs: initialized
[    0.047471] VFP support v0.3: implementor 41 architecture 4 part 30 variant f rev 0
[    0.047908] clocksource: jiffies: mask: 0xffffffff max_cycles: 0xffffffff, max_idle_ns: 9556302231375000 ns
[    0.049275] pinctrl core: initialized pinctrl subsystem
[    0.051037] NET: Registered protocol family 16
[    0.052956] DMA: preallocated 256 KiB pool for atomic coherent allocations
[    0.065558] cpuidle: using governor menu
[    0.084200] No ATAGs?
[    0.084227] hw-breakpoint: found 5 (+1 reserved) breakpoint and 4 watchpoint registers.
[    0.084237] hw-breakpoint: maximum watchpoint size is 8 bytes.
[    0.090356] Serial: AMBA PL011 UART driver
[    0.125579] +5V_SYS: supplied by +VDD_MUX
[    0.125920] +3.3V_SYS: supplied by +VDD_MUX
[    0.126553] +USB0_VBUS_SW: Failed to request enable GPIO108: -517
[    0.126568] reg-fixed-voltage regulators:regulator@7: Failed to register regulator: -517
[    0.126656] +5V_USB_HS: Failed to request enable GPIO109: -517
[    0.126668] reg-fixed-voltage regulators:regulator@8: Failed to register regulator: -517
[    0.126829] +1.05V_RUN_AVDD_HDMI_PLL: Failed to request enable GPIO63: -517
[    0.126841] reg-fixed-voltage regulators:regulator@11: Failed to register regulator: -517
[    0.126925] +5V_HDMI_CON: Failed to request enable GPIO86: -517
[    0.126936] reg-fixed-voltage regulators:regulator@12: Failed to register regulator: -517
[    0.127019] +5V_SATA: Failed to request enable GPIO242: -517
[    0.127031] reg-fixed-voltage regulators:regulator@13: Failed to register regulator: -517
[    0.127113] +12V_SATA: Failed to request enable GPIO242: -517
[    0.127124] reg-fixed-voltage regulators:regulator@14: Failed to register regulator: -517
[    0.130290] vgaarb: loaded
[    0.131159] SCSI subsystem initialized
[    0.131324] libata version 3.00 loaded.
[    0.131597] usbcore: registered new interface driver usbfs
[    0.131674] usbcore: registered new interface driver hub
[    0.131737] usbcore: registered new device driver usb
[    0.135316] pps_core: LinuxPPS API ver. 1 registered
[    0.135325] pps_core: Software ver. 5.3.6 - Copyright 2005-2007 Rodolfo Giometti <giometti@linux.it>
[    0.135348] PTP clock support registered
[    0.135543] EDAC MC: Ver: 3.0.0
[    0.138762] clocksource: Switched to clocksource arch_sys_counter
[    0.149907] NET: Registered protocol family 2
[    0.150431] TCP established hash table entries: 8192 (order: 3, 32768 bytes)
[    0.150530] TCP bind hash table entries: 8192 (order: 4, 65536 bytes)
[    0.150717] TCP: Hash tables configured (established 8192 bind 8192)
[    0.150769] UDP hash table entries: 512 (order: 2, 16384 bytes)
[    0.150810] UDP-Lite hash table entries: 512 (order: 2, 16384 bytes)
[    0.150965] NET: Registered protocol family 1
[    0.151290] RPC: Registered named UNIX socket transport module.
[    0.151299] RPC: Registered udp transport module.
[    0.151306] RPC: Registered tcp transport module.
[    0.151314] RPC: Registered tcp NFSv4.1 backchannel transport module.
[    0.151324] PCI: CLS 0 bytes, default 64
[    0.152523] hw perfevents: enabled with armv7_cortex_a15 PMU driver, 7 counters available
[    0.154010] futex hash table entries: 1024 (order: 4, 65536 bytes)
[    0.154743] workingset: timestamp_bits=30 max_order=19 bucket_order=0
[    0.165843] squashfs: version 4.0 (2009/01/31) Phillip Lougher
[    0.166689] NFS: Registering the id_resolver key type
[    0.166714] Key type id_resolver registered
[    0.166722] Key type id_legacy registered
[    0.166765] ntfs: driver 2.1.32 [Flags: R/O].
[    0.168019] bounce: pool size: 64 pages
[    0.168226] Block layer SCSI generic (bsg) driver version 0.4 loaded (major 248)
[    0.168237] io scheduler noop registered
[    0.168245] io scheduler deadline registered
[    0.168431] io scheduler cfq registered (default)
[    0.174050] usb2-0 supply vbus not found, using dummy regulator
[    0.174175] usb2-1 supply vbus not found, using dummy regulator
[    0.174571] tegra-xusb-padctl 7009f000.padctl: failed to setup XUSB ports: -517
[    0.175258] libphy: mdio_driver_register: phy-bcm-ns2-pci
[    0.191236] tegra-pcie 1003000.pcie-controller: 2x1, 1x1 configuration
[    0.191290] tegra-pcie 1003000.pcie-controller: Failed to get supply 'avddio-pex': -517
[    0.198429] tegra-apbdma 60020000.dma: Tegra20 APB DMA driver register 32 channels
[    0.200386] tegra-pmc 7000e400.pmc: emergency thermal reset enabled
[    0.266163] Serial: 8250/16550 driver, 4 ports, IRQ sharing disabled
[    0.269141] console [ttyS0] disabled
[    0.269176] 70006300.serial: ttyS0 at MMIO 0x70006300 (irq = 335, base_baud = 25500000) is a Tegra
[    1.133016] console [ttyS0] enabled
[    1.137418] SuperH (H)SCI(F) driver initialized
[    1.143003] msm_serial: driver initialized
[    1.147309] STMicroelectronics ASC driver initialized
[    1.153224] 70006000.serial: ttyTHS1 at MMIO 0x70006000 (irq = 333, base_baud = 0) is a TEGRA_UART
[    1.162529] 70006040.serial: ttyTHS2 at MMIO 0x70006040 (irq = 334, base_baud = 0) is a TEGRA_UART
[    1.174896] [drm] Initialized drm 1.1.0 20060810
[    1.182694] tegra-hdmi 54280000.hdmi: failed to get HDMI regulator
[    1.202377] brd: module loaded
[    1.211524] loop: module loaded
[    1.215979] at24 0-0056: 256 byte 24c02 EEPROM, writable, 8 bytes/write
[    1.224302] as3722 4-0040: AS3722 with revision 0x1 found
[    1.235351] as3722-sd2: supplied by +5V_SYS
[    1.240049] as3722-sd3: supplied by +5V_SYS
[    1.244465] +1.35V_LP0(sd3): Bringing 0uV into 1350000-1350000uV
[    1.250861] as3722-sd4: supplied by +5V_SYS
[    1.255521] as3722-sd5: supplied by +5V_SYS
[    1.261594] as3722-ldo0: supplied by +1.35V_LP0(sd2)
[    1.267690] +1.8V_RUN_CAM: Bringing 0uV into 1800000-1800000uV
[    1.273968] as3722-ldo2: supplied by +1.8V_VDDIO
[    1.279880] as3722-ldo3: supplied by +3.3V_SYS
[    1.284387] +1.05V_LP0_VDD_RTC: Bringing 1100000uV into 1000000-1000000uV
[    1.292204] as3722-ldo4: supplied by +3.3V_SYS
[    1.296876] +2.8V_RUN_CAM: Bringing 0uV into 2800000-2800000uV
[    1.303126] as3722-ldo5: supplied by +1.8V_VDDIO
[    1.307971] +1.2V_RUN_CAM_FRONT: Bringing 0uV into 1200000-1200000uV
[    1.314950] +VDDIO_SDMMC3: bypassed regulator has no supply!
[    1.320621] +VDDIO_SDMMC3: failed to get the current voltage(-517)
[    1.326812] as3722-regulator as3722-regulator: regulator 13 register failed -517
[    1.339436] tegra-ahci 70027000.sata: couldn't get PHY in node sata: -517
[    1.359306] random: fast init done
[    1.362832] m25p80 spi32765.0: w25q32dw (4096 Kbytes)
[    1.370990] libphy: Fixed MDIO Bus: probed
[    1.376280] CAN device driver interface
[    1.382350] igb: Intel(R) Gigabit Ethernet Network Driver - version 5.3.0-k
[    1.389318] igb: Copyright (c) 2007-2014 Intel Corporation.
[    1.398331] pegasus: v0.9.3 (2013/04/25), Pegasus/Pegasus II USB Ethernet driver
[    1.405788] usbcore: registered new interface driver pegasus
[    1.411518] usbcore: registered new interface driver asix
[    1.416970] usbcore: registered new interface driver ax88179_178a
[    1.423113] usbcore: registered new interface driver cdc_ether
[    1.429019] usbcore: registered new interface driver smsc75xx
[    1.434834] usbcore: registered new interface driver smsc95xx
[    1.440629] usbcore: registered new interface driver net1080
[    1.446336] usbcore: registered new interface driver cdc_subset
[    1.452304] usbcore: registered new interface driver zaurus
[    1.457952] usbcore: registered new interface driver cdc_ncm
[    1.463853] tegra-phy 7d004000.usb-phy: no vbus regulator
[    1.471274] ehci_hcd: USB 2.0 'Enhanced' Host Controller (EHCI) Driver
[    1.477811] ehci-pci: EHCI PCI platform driver
[    1.482307] ehci-platform: EHCI generic platform driver
[    1.487757] ehci-orion: EHCI orion driver
[    1.491928] SPEAr-ehci: EHCI SPEAr driver
[    1.496108] ehci-st: EHCI STMicroelectronics driver
[    1.501147] ehci-exynos: EHCI EXYNOS driver
[    1.505510] ehci-atmel: EHCI Atmel driver
[    1.509677] tegra-ehci: Tegra EHCI driver
[    1.516529] tegra-ehci 7d004000.usb: EHCI Host Controller
[    1.521961] tegra-ehci 7d004000.usb: new USB bus registered, assigned bus number 1
[    1.529704] tegra-ehci 7d004000.usb: irq 354, io mem 0x7d004000
[    1.548786] tegra-ehci 7d004000.usb: USB 2.0 started, EHCI 1.10
[    1.555546] hub 1-0:1.0: USB hub found
[    1.559351] hub 1-0:1.0: 1 port detected
[    1.563897] ohci_hcd: USB 1.1 'Open' Host Controller (OHCI) Driver
[    1.570100] ohci-pci: OHCI PCI platform driver
[    1.574602] ohci-platform: OHCI generic platform driver
[    1.580014] ohci-omap3: OHCI OMAP3 driver
[    1.584186] SPEAr-ohci: OHCI SPEAr driver
[    1.588341] ohci-st: OHCI STMicroelectronics driver
[    1.593380] ohci-atmel: OHCI Atmel driver
[    1.598200] usbcore: registered new interface driver usb-storage
[    1.606024] mousedev: PS/2 mouse device common for all mice
[    1.614813] as3722-rtc as3722-rtc: rtc core: registered as3722-rtc as rtc0
[    1.621702] as3722-rtc as3722-rtc: RTC interrupt 377
[    1.630106] tegra_rtc 7000e000.rtc: rtc core: registered 7000e000.rtc as rtc1
[    1.637300] tegra_rtc 7000e000.rtc: Tegra internal Real Time Clock
[    1.644082] i2c /dev entries driver
[    1.654730] 0-004c supply vcc not found, using dummy regulator
[    1.670697] sdhci: Secure Digital Host Controller Interface driver
[    1.676891] sdhci: Copyright(c) Pierre Ossman
[    1.682911] Synopsys Designware Multimedia Card Interface Driver
[    1.690125] sdhci-pltfm: SDHCI platform and OF driver helper
[    1.696566] sdhci-tegra 700b0400.sdhci: Got CD GPIO
[    1.701476] sdhci-tegra 700b0400.sdhci: Got WP GPIO
[    1.706612] mmc0: Unknown controller version (3). You may experience problems.
[    1.713921] mmc0: Invalid maximum block size, assuming 512 bytes
[    1.763785] mmc0: SDHCI controller on 700b0600.sdhci [700b0600.sdhci] using ADMA
[    1.773164] ledtrig-cpu: registered to indicate activity on CPUs
[    1.779529] usbcore: registered new interface driver usbhid
[    1.785114] usbhid: USB HID core driver
[    1.794107] tegra124-dfll 70110000.clock: couldn't get vdd_cpu regulator
[    1.811396] NET: Registered protocol family 10
[    1.816780] sit: IPv6, IPv4 and MPLS over IPv4 tunneling driver
[    1.823390] NET: Registered protocol family 17
[    1.827879] can: controller area network core (rev 20120528 abi 9)
[    1.834138] NET: Registered protocol family 29
[    1.838577] can: raw protocol (rev 20120528)
[    1.842868] can: broadcast manager protocol (rev 20160617 t)
[    1.848546] can: netlink gateway (rev 20130117) max_hops=1
[    1.854407] Key type dns_resolver registered
[    1.859321] ThumbEE CPU extension supported.
[    1.863592] Registering SWP/SWPB emulation handler
[    1.871291] +3.3V_RUN: supplied by +3.3V_SYS
[    1.876743] +3.3V_AVDD_HDMI_AP_GATED: supplied by +3.3V_RUN
[    1.882857] +USB0_VBUS_SW: supplied by +5V_SYS
[    1.887975] +5V_USB_HS: supplied by +5V_SYS
[    1.893612] +3.3V_LP0: supplied by +3.3V_SYS
[    1.899742] +5V_HDMI_CON: supplied by +5V_SYS
[    1.904803] +5V_SATA: supplied by +5V_SYS
[    1.909659] +12V_SATA: supplied by +VDD_MUX
[    1.915204] mmc0: new high speed MMC card at address 0001
[    1.916211] usb2-0 supply vbus not found, using dummy regulator
[    1.916373] usb2-1 supply vbus not found, using dummy regulator
[    1.916752] usb3-0 supply vbus not found, using dummy regulator
[    1.918130] tegra-pcie 1003000.pcie-controller: 2x1, 1x1 configuration
[    1.918184] tegra-pcie 1003000.pcie-controller: Failed to get supply 'avddio-pex': -517
[    1.920664] tegra-hdmi 54280000.hdmi: failed to get PLL regulator
[    1.926819] as3722-sd2: supplied by +5V_SYS
[    1.927279] as3722-sd3: supplied by +5V_SYS
[    1.927640] as3722-sd4: supplied by +5V_SYS
[    1.927951] +1.05V_RUN_AVDD_HDMI_PLL: supplied by +1.05V_RUN
[    1.928044] as3722-sd5: supplied by +5V_SYS
[    1.930013] as3722-ldo0: supplied by +1.35V_LP0(sd2)
[    1.930908] as3722-ldo1: supplied by +3.3V_RUN
[    1.931354] as3722-ldo2: supplied by +1.8V_VDDIO
[    1.932368] as3722-ldo3: supplied by +3.3V_SYS
[    1.933305] as3722-ldo4: supplied by +3.3V_SYS
[    1.933638] as3722-ldo5: supplied by +1.8V_VDDIO
[    1.934006] as3722-ldo6: supplied by +3.3V_RUN
[    1.934361] as3722-ldo7: supplied by +1.8V_VDDIO
[    1.934948] +1.05V_RUN_CAM_REAR: Bringing 0uV into 1050000-1050000uV
[    1.935702] as3722-ldo9: supplied by +5V_SYS
[    1.936938] +3.3V_RUN_TOUCH: Bringing 0uV into 2800000-2800000uV
[    1.937441] as3722-ldo10: supplied by +5V_SYS
[    1.937672] +2.8V_RUN_CAM_AF: Bringing 0uV into 2800000-2800000uV
[    1.938413] as3722-ldo11: supplied by +3.3V_RUN
[    1.939060] +1.8V_RUN_VPP_FUSE: Bringing 0uV into 1800000-1800000uV
[    1.942989] tegra-ahci 70027000.sata: AHCI 0001.0301 32 slots 2 ports 3 Gbps 0x1 impl platform mode
[    1.943001] tegra-ahci 70027000.sata: flags: 64bit ncq sntf pm led pio slum part sadm sds apst 
[    1.944791] scsi host0: tegra-ahci
[    1.945971] scsi host1: tegra-ahci
[    1.946433] ata1: SATA max UDMA/133 mmio [mem 0x70027000-0x70028fff] port 0x100 irq 345
[    1.946438] ata2: DUMMY
[    1.950230] tegra-ehci 7d008000.usb: EHCI Host Controller
[    1.950260] tegra-ehci 7d008000.usb: new USB bus registered, assigned bus number 2
[    1.950477] tegra-ehci 7d008000.usb: irq 355, io mem 0x7d008000
[    1.963891] tegra-ehci 7d008000.usb: USB 2.0 started, EHCI 1.10
[    1.964915] hub 2-0:1.0: USB hub found
[    1.964960] hub 2-0:1.0: 1 port detected
[    1.967995] sdhci-tegra 700b0400.sdhci: Got CD GPIO
[    1.968016] sdhci-tegra 700b0400.sdhci: Got WP GPIO
[    1.968236] mmc1: Unknown controller version (3). You may experience problems.
[    1.968334] mmc1: Invalid maximum block size, assuming 512 bytes
[    2.014421] mmc1: SDHCI controller on 700b0400.sdhci [700b0400.sdhci] using ADMA
[    2.020547] tegra-pcie 1003000.pcie-controller: 2x1, 1x1 configuration
[    2.022868] tegra-pcie 1003000.pcie-controller: probing port 0, using 2 lanes
[    2.025028] tegra-pcie 1003000.pcie-controller: Slot present pin change, signature: 00000008
[    2.055167] tegra-pcie 1003000.pcie-controller: probing port 1, using 1 lanes
[    2.057333] tegra-pcie 1003000.pcie-controller: Slot present pin change, signature: 00000000
[    2.071211] tegra-pcie 1003000.pcie-controller: PCI host bridge to bus 0000:00
[    2.071221] pci_bus 0000:00: root bus resource [io  0x0000-0xffff]
[    2.071229] pci_bus 0000:00: root bus resource [mem 0x13000000-0x1fffffff]
[    2.071241] pci_bus 0000:00: root bus resource [mem 0x20000000-0x3fffffff pref]
[    2.071248] pci_bus 0000:00: root bus resource [bus 00-ff]
[    2.071291] pci 0000:00:01.0: [10de:0e12] type 01 class 0x060400
[    2.071416] pci 0000:00:01.0: PME# supported from D0 D1 D2 D3hot D3cold
[    2.071763] pci 0000:00:02.0: [10de:0e13] type 01 class 0x060400
[    2.071882] pci 0000:00:02.0: PME# supported from D0 D1 D2 D3hot D3cold
[    2.072235] PCI: bus0: Fast back to back transfers disabled
[    2.072245] pci 0000:00:01.0: bridge configuration invalid ([bus 00-00]), reconfiguring
[    2.072263] pci 0000:00:02.0: bridge configuration invalid ([bus 00-00]), reconfiguring
[    2.072512] pci 0000:01:00.0: [8086:4232] type 00 class 0x028000
[    2.072566] pci 0000:01:00.0: reg 0x10: [mem 0x00000000-0x00001fff 64bit]
[    2.072791] pci 0000:01:00.0: PME# supported from D0 D3hot D3cold
[    2.083919] PCI: bus1: Fast back to back transfers disabled
[    2.083933] pci_bus 0000:01: busn_res: [bus 01-ff] end is updated to 01
[    2.084216] pci 0000:02:00.0: [10ec:8168] type 00 class 0x020000
[    2.084253] pci 0000:02:00.0: reg 0x10: [io  0x0000-0x00ff]
[    2.084294] pci 0000:02:00.0: reg 0x18: [mem 0x00000000-0x00000fff 64bit]
[    2.084322] pci 0000:02:00.0: reg 0x20: [mem 0x00000000-0x00003fff 64bit pref]
[    2.084496] pci 0000:02:00.0: supports D1 D2
[    2.084502] pci 0000:02:00.0: PME# supported from D0 D1 D2 D3hot D3cold
[    2.098942] PCI: bus2: Fast back to back transfers disabled
[    2.098959] pci_bus 0000:02: busn_res: [bus 02-ff] end is updated to 02
[    2.099150] pci 0000:00:01.0: BAR 8: assigned [mem 0x13000000-0x130fffff]
[    2.099159] pci 0000:00:02.0: BAR 8: assigned [mem 0x13100000-0x131fffff]
[    2.099173] pci 0000:00:02.0: BAR 9: assigned [mem 0x20000000-0x200fffff 64bit pref]
[    2.099184] pci 0000:00:02.0: BAR 7: assigned [io  0x1000-0x1fff]
[    2.099201] pci 0000:01:00.0: BAR 0: assigned [mem 0x13000000-0x13001fff 64bit]
[    2.099240] pci 0000:00:01.0: PCI bridge to [bus 01]
[    2.099253] pci 0000:00:01.0:   bridge window [mem 0x13000000-0x130fffff]
[    2.099274] pci 0000:02:00.0: BAR 4: assigned [mem 0x20000000-0x20003fff 64bit pref]
[    2.099302] pci 0000:02:00.0: BAR 2: assigned [mem 0x13100000-0x13100fff 64bit]
[    2.099329] pci 0000:02:00.0: BAR 0: assigned [io  0x1000-0x10ff]
[    2.099342] pci 0000:00:02.0: PCI bridge to [bus 02]
[    2.099350] pci 0000:00:02.0:   bridge window [io  0x1000-0x1fff]
[    2.099361] pci 0000:00:02.0:   bridge window [mem 0x13100000-0x131fffff]
[    2.099370] pci 0000:00:02.0:   bridge window [mem 0x20000000-0x200fffff 64bit pref]
[    2.099417] pci 0000:00:01.0: nv_msi_ht_cap_quirk didn't locate host bridge
[    2.099536] pcieport 0000:00:01.0: enabling device (0140 -> 0142)
[    2.099819] pcieport 0000:00:01.0: Signaling PME through PCIe PME interrupt
[    2.099825] pci 0000:01:00.0: Signaling PME through PCIe PME interrupt
[    2.099836] pcie_pme 0000:00:01.0:pcie001: service driver pcie_pme loaded
[    2.099955] pci 0000:00:02.0: nv_msi_ht_cap_quirk didn't locate host bridge
[    2.100041] pcieport 0000:00:02.0: enabling device (0140 -> 0143)
[    2.100287] pcieport 0000:00:02.0: Signaling PME through PCIe PME interrupt
[    2.100292] pci 0000:02:00.0: Signaling PME through PCIe PME interrupt
[    2.100302] pcie_pme 0000:00:02.0:pcie001: service driver pcie_pme loaded
[    2.100650] r8169 Gigabit Ethernet driver 2.3LK-NAPI loaded
[    2.100675] r8169 0000:02:00.0: enabling device (0140 -> 0143)
[    2.115823] r8169 0000:02:00.0 eth0: RTL8168g/8111g at 0xf0a43000, 00:04:4b:3a:d9:81, XID 0c000800 IRQ 395
[    2.115832] r8169 0000:02:00.0 eth0: jumbo features [frames: 9200 bytes, tx checksumming: ko]
[    2.119245] [drm] Supports vblank timestamp caching Rev 2 (21.10.2013).
[    2.119249] [drm] No driver support for vblank timestamp query.
[    2.119284] drm drm: No connectors reported connected with modes
[    2.119293] [drm] Cannot find any crtc or sizes - going 1024x768
[    2.262044] ata1: SATA link down (SStatus 0 SControl 300)
[    2.269269] mmc1: new high speed SDHC card at address aaaa
[    2.270349] mmcblk1: mmc1:aaaa SD04G 3.69 GiB 
[    2.284240]  mmcblk1: p1 p2 p3
[    2.589619] mmcblk0: mmc0:0001 SEM16G 14.7 GiB 
[    2.590768] mmcblk0boot0: mmc0:0001 SEM16G partition 1 4.00 MiB
[    2.591892] mmcblk0boot1: mmc0:0001 SEM16G partition 2 4.00 MiB
[    2.592618] mmcblk0rpmb: mmc0:0001 SEM16G partition 3 4.00 MiB
[    2.593120] Console: switching to colour frame buffer device 128x48
[    2.594693]  mmcblk0: p1
[    2.631851] drm drm: fb0:  frame buffer device
[    2.653872] [drm] Initialized tegra 0.0.0 20120330 on minor 0
[    2.661322] of: dev_pm_opp_of_cpumask_add_table: couldn't find opp table for cpu:0, -19
[    2.669395] cpufreq: cpufreq_online: CPU0: Running at unlisted freq: 696000 KHz
[    2.676729] cpufreq: cpufreq_online: CPU0: Unlisted initial frequency changed to: 714000 KHz
[    2.685980] input: gpio-keys as /devices/soc0/gpio-keys/input/input0
[    2.693250] as3722-rtc as3722-rtc: setting system clock to 2000-01-01 00:02:32 UTC (946684952)
[    2.706428] +USB0_VBUS_SW: disabling
[    2.710042] +1.8V_RUN_CAM: disabling
[    2.713835] +2.8V_RUN_CAM: disabling
[    2.717619] +1.2V_RUN_CAM_FRONT: disabling
[    2.721964] +1.05V_RUN_CAM_REAR: disabling
[    2.726241] +3.3V_RUN_TOUCH: disabling
[    2.730230] +2.8V_RUN_CAM_AF: disabling
[    2.734245] +1.8V_RUN_VPP_FUSE: disabling
[    2.739601] EXT4-fs (mmcblk0p1): mounting ext3 file system using the ext4 subsystem
[    2.781369] EXT4-fs (mmcblk0p1): recovery complete
[    2.787048] EXT4-fs (mmcblk0p1): mounted filesystem with ordered data mode. Opts: (null)
[    2.795196] VFS: Mounted root (ext3 filesystem) on device 179:17.
[    2.805479] devtmpfs: mounted
[    2.809273] Freeing unused kernel memory: 2048K (c1100000 - c1300000)
bash: cannot set terminal process group (-1): Inappropriate ioctl for device
bash: no job control in this shell
root@(none):/# 