
U-Boot SPL 2014.01-00219-gc4d376f (Feb 18 2014 - 19:57:32)


U-Boot 2014.01-00219-gc4d376f (Feb 18 2014 - 19:57:32)

TEGRA114
Board: NVIDIA Dalmore
I2C:   ready
DRAM:  2 GiB
MMC:   Tegra SD/MMC: 0, Tegra SD/MMC: 1
In:    serial
Out:   serial
Err:   serial
Net:   Net Initialization Skipped
No ethernet found.
Hit any key to stop autoboot:  2  0 
Tegra114 (Dalmore) # 
Tegra114 (Dalmore) # usb reset
(Re)start USB...
USB0:   USB EHCI 1.10
scanning bus 0 for devices... 2 USB Device(s) found
       scanning usb for storage devices... 0 Storage Device(s) found
       scanning usb for ethernet devices... 
Warning: asx0 using MAC address from net device
1 Ethernet Device(s) found
Tegra114 (Dalmore) # setenv bootargs 'ignore_loglevel console=ttyS0,115200n8 rw root=PARTUUID=7369c667-ff51-ec4a-29cd-baabf2fbe346 rootwait gpt debug earlyprintk init=/bin/bash'
Tegra114 (Dalmore) # setenv ipaddr 192.168.100.100; setenv serverip 192.168.100.1; setenv tftpserverip 192.168.100.1
Tegra114 (Dalmore) # tftpboot 0x81000000 zImage.multi_v7_defconfig
Using asx0 device
TFTP from server 192.168.100.1; our IP address is 192.168.100.100
Filename 'zImage.multi_v7_defconfig'.
Load address: 0x81000000
Loading: *#################################################################
	 #################################################################
	 #################################################################
	 #################################################################
	 #################################################################
	 #################################################################
	 #################################################################
	 #################################################################
	 ###############################
	 3.1 MiB/s
done
Bytes transferred = 8086016 (7b6200 hex)
Tegra114 (Dalmore) # tftpboot 0x82000000 tegra114-dalmore.dtb
Using asx0 device
TFTP from server 192.168.100.1; our IP address is 192.168.100.100
Filename 'tegra114-dalmore.dtb'.
Load address: 0x82000000
Loading: *###
	 801.8 KiB/s
done
Bytes transferred = 34502 (86c6 hex)
Tegra114 (Dalmore) # bootz 0x81000000 - 0x82000000
Kernel image @ 0x81000000 [ 0x000000 - 0x7b6200 ]
## Flattened Device Tree blob at 82000000
   Booting using the fdt blob at 0x82000000
   Loading Device Tree to 8fff4000, end 8ffff6c5 ... OK

Starting kernel ...

[    0.000000] Booting Linux on physical CPU 0x0
[    0.000000] Linux version 4.14.0-next-20171124-334250-g6fc478f80f68 (jonathanh@tamien) (gcc version 4.7.3 20130328 (prerelease) (crosstool-NG linaro-1.13.1-4.7-2013.04-20130415 - Linaro GCC 2013.04)) #1 SMP Thu Nov 23 19:04:53 PST 2017
[    0.000000] CPU: ARMv7 Processor [412fc0f2] revision 2 (ARMv7), cr=10c5387d
[    0.000000] CPU: div instructions available: patching division code
[    0.000000] CPU: PIPT / VIPT nonaliasing data cache, PIPT instruction cache
[    0.000000] OF: fdt: Machine model: NVIDIA Tegra114 Dalmore evaluation board
[    0.000000] debug: ignoring loglevel setting.
[    0.000000] Memory policy: Data cache writealloc
[    0.000000] efi: Getting EFI parameters from FDT:
[    0.000000] efi: UEFI not found.
[    0.000000] cma: Reserved 64 MiB at 0xfb800000
[    0.000000] On node 0 totalpages: 524032
[    0.000000]   DMA zone: 1536 pages used for memmap
[    0.000000]   DMA zone: 0 pages reserved
[    0.000000]   DMA zone: 196608 pages, LIFO batch:31
[    0.000000]   HighMem zone: 327424 pages, LIFO batch:31
[    0.000000] random: fast init done
[    0.000000] percpu: Embedded 17 pages/cpu @eef9b000 s39168 r8192 d22272 u69632
[    0.000000] pcpu-alloc: s39168 r8192 d22272 u69632 alloc=17*4096
[    0.000000] pcpu-alloc: [0] 0 [0] 1 [0] 2 [0] 3 
[    0.000000] Built 1 zonelists, mobility grouping on.  Total pages: 522496
[    0.000000] Kernel command line: ignore_loglevel console=ttyS0,115200n8 rw root=PARTUUID=7369c667-ff51-ec4a-29cd-baabf2fbe346 rootwait gpt debug earlyprintk init=/bin/bash
[    0.000000] Dentry cache hash table entries: 131072 (order: 7, 524288 bytes)
[    0.000000] Inode-cache hash table entries: 65536 (order: 6, 262144 bytes)
[    0.000000] Memory: 1992548K/2096128K available (11264K kernel code, 1602K rwdata, 4296K rodata, 2048K init, 404K bss, 38044K reserved, 65536K cma-reserved, 1244160K highmem)
[    0.000000] Virtual kernel memory layout:
[    0.000000]     vector  : 0xffff0000 - 0xffff1000   (   4 kB)
[    0.000000]     fixmap  : 0xffc00000 - 0xfff00000   (3072 kB)
[    0.000000]     vmalloc : 0xf0800000 - 0xff800000   ( 240 MB)
[    0.000000]     lowmem  : 0xc0000000 - 0xf0000000   ( 768 MB)
[    0.000000]     pkmap   : 0xbfe00000 - 0xc0000000   (   2 MB)
[    0.000000]     modules : 0xbf000000 - 0xbfe00000   (  14 MB)
[    0.000000]       .text : 0xc0208000 - 0xc0e00000   (12256 kB)
[    0.000000]       .init : 0xc1300000 - 0xc1500000   (2048 kB)
[    0.000000]       .data : 0xc1500000 - 0xc16908e0   (1603 kB)
[    0.000000]        .bss : 0xc16908e0 - 0xc16f5cb4   ( 405 kB)
[    0.000000] SLUB: HWalign=64, Order=0-3, MinObjects=0, CPUs=4, Nodes=1
[    0.000000] Hierarchical RCU implementation.
[    0.000000] 	RCU event tracing is enabled.
[    0.000000] 	RCU restricting CPUs from NR_CPUS=16 to nr_cpu_ids=4.
[    0.000000] RCU: Adjusting geometry for rcu_fanout_leaf=16, nr_cpu_ids=4
[    0.000000] NR_IRQS: 16, nr_irqs: 16, preallocated irqs: 16
[    0.000000] /interrupt-controller@60004000: 160 interrupts forwarded to /interrupt-controller@50041000
[    0.000000] Tegra clk 127: register failed with -17
[    0.000009] sched_clock: 32 bits at 1000kHz, resolution 1000ns, wraps every 2147483647500ns
[    0.000029] clocksource: timer_us: mask: 0xffffffff max_cycles: 0xffffffff, max_idle_ns: 1911260446275 ns
[    0.000046] Switching to timer-based delay loop, resolution 1000ns
[    0.003214] arch_timer: cp15 timer(s) running at 12.00MHz (virt).
[    0.003232] clocksource: arch_sys_counter: mask: 0xffffffffffffff max_cycles: 0x2c47f4ee7, max_idle_ns: 440795202497 ns
[    0.003251] sched_clock: 56 bits at 12MHz, resolution 83ns, wraps every 4398046511096ns
[    0.003267] Switching to timer-based delay loop, resolution 83ns
[    0.003690] Console: colour dummy device 80x30
[    0.003725] Calibrating delay loop (skipped), value calculated using timer frequency.. 24.00 BogoMIPS (lpj=120000)
[    0.003745] pid_max: default: 32768 minimum: 301
[    0.003864] Mount-cache hash table entries: 2048 (order: 1, 8192 bytes)
[    0.003880] Mountpoint-cache hash table entries: 2048 (order: 1, 8192 bytes)
[    0.004397] CPU: Testing write buffer coherency: ok
[    0.004656] /cpus/cpu@0 missing clock-frequency property
[    0.004689] /cpus/cpu@1 missing clock-frequency property
[    0.004722] /cpus/cpu@2 missing clock-frequency property
[    0.004755] /cpus/cpu@3 missing clock-frequency property
[    0.004770] CPU0: thread -1, cpu 0, socket 0, mpidr 80000000
[    0.005085] Setting up static identity map for 0x80300000 - 0x803000a0
[    0.006334] Hierarchical SRCU implementation.
[    0.007715] Tegra Revision: A01 SKU: 0 CPU Process: 1 SoC Process: 0
[    0.008374] EFI services will not be available.
[    0.008534] smp: Bringing up secondary CPUs ...
[    0.009151] CPU1: thread -1, cpu 1, socket 0, mpidr 80000001
[    0.009864] CPU2: thread -1, cpu 2, socket 0, mpidr 80000002
[    0.010547] CPU3: thread -1, cpu 3, socket 0, mpidr 80000003
[    0.010653] smp: Brought up 1 node, 4 CPUs
[    0.010676] SMP: Total of 4 processors activated (96.00 BogoMIPS).
[    0.010686] CPU: All CPU(s) started in SVC mode.
[    0.012202] devtmpfs: initialized
[    0.020159] VFP support v0.3: implementor 41 architecture 4 part 30 variant f rev 0
[    0.020461] clocksource: jiffies: mask: 0xffffffff max_cycles: 0xffffffff, max_idle_ns: 19112604462750000 ns
[    0.020481] futex hash table entries: 1024 (order: 4, 65536 bytes)
[    0.021971] pinctrl core: initialized pinctrl subsystem
[    0.023313] DMI not present or invalid.
[    0.023576] NET: Registered protocol family 16
[    0.025791] DMA: preallocated 256 KiB pool for atomic coherent allocations
[    0.027749] cpuidle: using governor menu
[    0.049055] No ATAGs?
[    0.049188] hw-breakpoint: found 5 (+1 reserved) breakpoint and 4 watchpoint registers.
[    0.049204] hw-breakpoint: maximum watchpoint size is 8 bytes.
[    0.054777] Serial: AMBA PL011 UART driver
[    0.055694] tegra-mc 70019000.memory-controller: no memory timings for RAM code 3 registered
[    0.055827] iommu: Adding device reg-dummy to group 0
[    0.055863] iommu: Adding device 50000000.host1x to group 1
[    0.055903] iommu: Adding device 54140000.gr2d to group 2
[    0.055937] iommu: Adding device 54180000.gr3d to group 3
[    0.056006] iommu: Adding device 54200000.dc to group 4
[    0.056076] iommu: Adding device 54240000.dc to group 5
[    0.056110] iommu: Adding device 54280000.hdmi to group 6
[    0.056142] iommu: Adding device 54300000.dsi to group 7
[    0.056175] iommu: Adding device 60005000.timer to group 8
[    0.056207] iommu: Adding device 60007000.flow-controller to group 9
[    0.056241] iommu: Adding device 6000a000.dma to group 10
[    0.056273] iommu: Adding device 6000c000.ahb to group 11
[    0.056304] iommu: Adding device 6000d000.gpio to group 12
[    0.056342] iommu: Adding device 70000800.apbmisc to group 13
[    0.056384] iommu: Adding device 70000868.pinmux to group 14
[    0.056417] iommu: Adding device 70006300.serial to group 15
[    0.056448] iommu: Adding device 7000a000.pwm to group 16
[    0.056480] iommu: Adding device 7000c000.i2c to group 17
[    0.056511] iommu: Adding device 7000c700.i2c to group 18
[    0.056543] iommu: Adding device 7000d000.i2c to group 19
[    0.056576] iommu: Adding device 7000da00.spi to group 20
[    0.056611] iommu: Adding device 7000e000.rtc to group 21
[    0.056647] iommu: Adding device 7000e400.pmc to group 22
[    0.056684] iommu: Adding device 7000f800.fuse to group 23
[    0.056717] iommu: Adding device 70019000.memory-controller to group 24
[    0.056748] iommu: Adding device 70080000.ahub to group 25
[    0.056780] iommu: Adding device 700e3000.mipi to group 26
[    0.056813] iommu: Adding device 78000400.sdhci to group 27
[    0.056844] iommu: Adding device 78000600.sdhci to group 28
[    0.056877] iommu: Adding device 7d000000.usb to group 29
[    0.056910] iommu: Adding device 7d000000.usb-phy to group 30
[    0.056945] iommu: Adding device 7d008000.usb to group 31
[    0.056977] iommu: Adding device 7d008000.usb-phy to group 32
[    0.057009] iommu: Adding device timer to group 33
[    0.057044] iommu: Adding device backlight to group 34
[    0.057076] iommu: Adding device clocks to group 35
[    0.057108] iommu: Adding device gpio-keys to group 36
[    0.057140] iommu: Adding device regulators to group 37
[    0.057172] iommu: Adding device regulators:regulator@0 to group 38
[    0.057208] iommu: Adding device regulators:regulator@1 to group 39
[    0.057241] iommu: Adding device regulators:regulator@3 to group 40
[    0.057273] iommu: Adding device regulators:regulator@4 to group 41
[    0.057304] iommu: Adding device regulators:regulator@5 to group 42
[    0.057336] iommu: Adding device regulators:regulator@6 to group 43
[    0.057368] iommu: Adding device regulators:regulator@7 to group 44
[    0.057404] iommu: Adding device sound to group 45
[    0.071310] AT91: Could not find identification node
[    0.071805] dvdd_ts: Failed to request enable GPIO61: -517
[    0.071827] reg-fixed-voltage regulators:regulator@1: Failed to register regulator: -517
[    0.071939] usb1_vbus: Failed to request enable GPIO108: -517
[    0.071954] reg-fixed-voltage regulators:regulator@3: Failed to register regulator: -517
[    0.072063] usb2_vbus: Failed to request enable GPIO86: -517
[    0.072078] reg-fixed-voltage regulators:regulator@4: Failed to register regulator: -517
[    0.072510] VDD_5V0_HDMI_CON: Failed to request enable GPIO81: -517
[    0.072525] reg-fixed-voltage regulators:regulator@7: Failed to register regulator: -517
[    0.074969] vgaarb: loaded
[    0.075686] SCSI subsystem initialized
[    0.075864] libata version 3.00 loaded.
[    0.076064] usbcore: registered new interface driver usbfs
[    0.076114] usbcore: registered new interface driver hub
[    0.076176] usbcore: registered new device driver usb
[    0.079424] tps65090 2-0048: No cache defaults, reading back from HW
[    0.080429] iommu: Adding device tps65090-pmic to group 46
[    0.081388] TPS65090_RAILSDCDC1: supplied by vdd_ac_bat
[    0.082446] TPS65090_RAILSDCDC2: supplied by vdd_ac_bat
[    0.083516] TPS65090_RAILSDCDC3: supplied by vdd_ac_bat
[    0.084024] TPS65090_RAILSFET1: supplied by vdd_ac_bat
[    0.084381] TPS65090_RAILSFET2: supplied by vdd_ac_bat
[    0.084728] TPS65090_RAILSFET3: supplied by vdd-sys-3v3
[    0.085232] TPS65090_RAILSFET4: supplied by vdd-sys-3v3
[    0.085748] TPS65090_RAILSFET5: supplied by vdd-sys-3v3
[    0.086249] TPS65090_RAILSFET6: supplied by vdd-sys-3v3
[    0.087079] TPS65090_RAILSFET7: supplied by vdd-sys-3v3
[    0.087585] TPS65090_RAILSLDO1: supplied by vdd_ac_bat
[    0.087772] TPS65090_RAILSLDO2: supplied by vdd_ac_bat
[    0.088093] iommu: Adding device tps65090-charger to group 47
[    0.088693] palmas 2-0058: Irq flag is 0x00000004
[    0.090641] palmas 2-0058: Muxing GPIO ff, PWM 0, LED 0
[    0.090871] iommu: Adding device 7000d000.i2c:tps65913@58:gpio to group 48
[    0.091411] iommu: Adding device 7000d000.i2c:tps65913@58:pmic to group 49
[    0.093246] SMPS12: supplied by vdd-ao
[    0.094267] vdd_hdmi_5v0: supplied by vdd-sys-5v0
[    0.095080] SMPS3: supplied by vdd-ao
[    0.096793] SMPS457: supplied by vdd-sys-3v3
[    0.098411] SMPS6: supplied by regulator-dummy
[    0.099796] SMPS8: supplied by vdd-sys-3v3
[    0.101370] SMPS9: supplied by vdd-sys-3v3
[    0.101882] sdhci-vdd-sd-slot: Bringing 2840000uV into 2800000-2800000uV
[    0.103248] SMPS10_OUT2: supplied by regulator-dummy
[    0.104121] SMPS10_OUT1: supplied by regulator-dummy
[    0.104948] LDO1: supplied by vdd-sys-3v3
[    0.106045] LDO2: supplied by vdd-sys-3v3
[    0.107153] LDO3: supplied by vddio-1v8
[    0.108240] LDO4: supplied by vdd-sys-3v3
[    0.109335] LDO5: supplied by vdd_ac_bat
[    0.110003] LDO6: supplied by vdd-sys-3v3
[    0.110516] vdd-sensor-2v85: Bringing 2900000uV into 2850000-2850000uV
[    0.111828] LDO7: supplied by vdd-sys-3v3
[    0.113462] LDO8: supplied by vdd-ao
[    0.113993] vdd-rtc: Bringing 675000uV into 900000-900000uV
[    0.124045] LDO9: supplied by sdhci-vdd-sd-slot
[    0.134366] LDOLN: supplied by vdd-sys-5v0
[    0.135467] LDOUSB: supplied by vdd-sys-5v0
[    0.145777] iommu: Adding device 7000d000.i2c:tps65913@58:rtc to group 50
[    0.146187] iommu: Adding device 7000d000.i2c:tps65913@58:pinmux to group 51
[    0.146756] pps_core: LinuxPPS API ver. 1 registered
[    0.146767] pps_core: Software ver. 5.3.6 - Copyright 2005-2007 Rodolfo Giometti <giometti@linux.it>
[    0.146790] PTP clock support registered
[    0.146980] EDAC MC: Ver: 3.0.0
[    0.149037] clocksource: Switched to clocksource arch_sys_counter
[    0.201387] NET: Registered protocol family 2
[    0.201900] TCP established hash table entries: 8192 (order: 3, 32768 bytes)
[    0.202001] TCP bind hash table entries: 8192 (order: 4, 65536 bytes)
[    0.202190] TCP: Hash tables configured (established 8192 bind 8192)
[    0.202276] UDP hash table entries: 512 (order: 2, 16384 bytes)
[    0.202321] UDP-Lite hash table entries: 512 (order: 2, 16384 bytes)
[    0.202474] NET: Registered protocol family 1
[    0.202866] RPC: Registered named UNIX socket transport module.
[    0.202877] RPC: Registered udp transport module.
[    0.202887] RPC: Registered tcp transport module.
[    0.202896] RPC: Registered tcp NFSv4.1 backchannel transport module.
[    0.202910] PCI: CLS 0 bytes, default 64
[    0.204349] iommu: Adding device alarmtimer to group 52
[    0.205063] Initialise system trusted keyrings
[    0.205213] workingset: timestamp_bits=30 max_order=19 bucket_order=0
[    0.211861] squashfs: version 4.0 (2009/01/31) Phillip Lougher
[    0.212462] NFS: Registering the id_resolver key type
[    0.212494] Key type id_resolver registered
[    0.212505] Key type id_legacy registered
[    0.212550] ntfs: driver 2.1.32 [Flags: R/O].
[    0.214113] Key type asymmetric registered
[    0.214126] Asymmetric key parser 'x509' registered
[    0.214180] bounce: pool size: 64 pages
[    0.214230] Block layer SCSI generic (bsg) driver version 0.4 loaded (major 247)
[    0.214242] io scheduler noop registered
[    0.214252] io scheduler deadline registered
[    0.214474] io scheduler cfq registered (default)
[    0.214486] io scheduler mq-deadline registered
[    0.214496] io scheduler kyber registered
[    0.246525] tegra-apbdma 6000a000.dma: Tegra20 APB DMA driver register 32 channels
[    0.249471] tegra-pmc 7000e400.pmc: i2c-thermtrip node not found, emergency thermal reset disabled.
[    0.301384] Serial: 8250/16550 driver, 4 ports, IRQ sharing disabled
[    0.301489] iommu: Adding device serial8250 to group 53
[    0.304093] console [ttyS0] disabled
[    0.304134] 70006300.serial: ttyS0 at MMIO 0x70006300 (irq = 329, base_baud = 25500000) is a Tegra
[    1.615979] console [ttyS0] enabled
[    1.620267] SuperH (H)SCI(F) driver initialized
[    1.625770] msm_serial: driver initialized
[    1.630067] STMicroelectronics ASC driver initialized
[    1.657066] tegra-hdmi 54280000.hdmi: failed to get HDMI regulator
[    1.679062] brd: module loaded
[    1.688723] loop: module loaded
[    1.709145] m25p80 spi0.0: w25q32dw (4096 Kbytes)
[    1.716010] iommu: Adding device Fixed MDIO bus.0 to group 54
[    1.722215] libphy: Fixed MDIO Bus: probed
[    1.727258] CAN device driver interface
[    1.732039] bgmac_bcma: Broadcom 47xx GBit MAC driver loaded
[    1.738904] e1000e: Intel(R) PRO/1000 Network Driver - 3.2.6-k
[    1.744743] e1000e: Copyright(c) 1999 - 2015 Intel Corporation.
[    1.750717] igb: Intel(R) Gigabit Ethernet Network Driver - version 5.4.0-k
[    1.757667] igb: Copyright (c) 2007-2014 Intel Corporation.
[    1.766770] pegasus: v0.9.3 (2013/04/25), Pegasus/Pegasus II USB Ethernet driver
[    1.774219] usbcore: registered new interface driver pegasus
[    1.779925] usbcore: registered new interface driver asix
[    1.785346] usbcore: registered new interface driver ax88179_178a
[    1.791481] usbcore: registered new interface driver cdc_ether
[    1.797347] usbcore: registered new interface driver smsc75xx
[    1.803146] usbcore: registered new interface driver smsc95xx
[    1.808911] usbcore: registered new interface driver net1080
[    1.814611] usbcore: registered new interface driver cdc_subset
[    1.820565] usbcore: registered new interface driver zaurus
[    1.826177] usbcore: registered new interface driver cdc_ncm
[    1.832075] tegra-phy 7d000000.usb-phy: no vbus regulator
[    1.839510] ehci_hcd: USB 2.0 'Enhanced' Host Controller (EHCI) Driver
[    1.846029] ehci-pci: EHCI PCI platform driver
[    1.850520] ehci-platform: EHCI generic platform driver
[    1.855924] ehci-orion: EHCI orion driver
[    1.860090] SPEAr-ehci: EHCI SPEAr driver
[    1.864222] ehci-st: EHCI STMicroelectronics driver
[    1.869240] ehci-exynos: EHCI EXYNOS driver
[    1.873569] ehci-atmel: EHCI Atmel driver
[    1.877697] tegra-ehci: Tegra EHCI driver
[    1.882016] ohci_hcd: USB 1.1 'Open' Host Controller (OHCI) Driver
[    1.888198] ohci-pci: OHCI PCI platform driver
[    1.892690] ohci-platform: OHCI generic platform driver
[    1.898073] SPEAr-ohci: OHCI SPEAr driver
[    1.902219] ohci-st: OHCI STMicroelectronics driver
[    1.907218] ohci-atmel: OHCI Atmel driver
[    1.911938] usbcore: registered new interface driver usb-storage
[    1.922047] iommu: Adding device ci_hdrc.0 to group 55
[    1.935852] palmas-rtc 7000d000.i2c:tps65913@58:rtc: rtc core: registered 7000d000.i2c:tps65913@58:rtc as rtc0
[    1.947692] tegra_rtc 7000e000.rtc: rtc core: registered 7000e000.rtc as rtc1
[    1.954889] tegra_rtc 7000e000.rtc: Tegra internal Real Time Clock
[    1.961595] i2c /dev entries driver
[    1.971503] sbs-battery 0-000b: sbs_probe: Failed to get device status
[    1.978037] sbs-battery: probe of 0-000b failed with error -121
[    1.994385] sdhci: Secure Digital Host Controller Interface driver
[    2.000584] sdhci: Copyright(c) Pierre Ossman
[    2.006476] Synopsys Designware Multimedia Card Interface Driver
[    2.013847] sdhci-pltfm: SDHCI platform and OF driver helper
[    2.020258] sdhci-tegra 78000400.sdhci: Got CD GPIO
[    2.025147] sdhci-tegra 78000400.sdhci: Got WP GPIO
[    2.038272] mmc0: Invalid maximum block size, assuming 512 bytes
[    2.109184] mmc0: SDHCI controller on 78000400.sdhci [78000400.sdhci] using ADMA
[    2.125874] mmc1: Invalid maximum block size, assuming 512 bytes
[    2.189081] mmc1: SDHCI controller on 78000600.sdhci [78000600.sdhci] using ADMA
[    2.198531] ledtrig-cpu: registered to indicate activity on CPUs
[    2.204830] usbcore: registered new interface driver usbhid
[    2.210416] usbhid: USB HID core driver
[    2.218202] NET: Registered protocol family 10
[    2.223478] Segment Routing with IPv6
[    2.227207] sit: IPv6, IPv4 and MPLS over IPv4 tunneling driver
[    2.233671] NET: Registered protocol family 17
[    2.238116] can: controller area network core (rev 20170425 abi 9)
[    2.244368] NET: Registered protocol family 29
[    2.248808] can: raw protocol (rev 20170425)
[    2.253097] can: broadcast manager protocol (rev 20170425 t)
[    2.258755] can: netlink gateway (rev 20170425) max_hops=1
[    2.264535] Key type dns_resolver registered
[    2.269317] ThumbEE CPU extension supported.
[    2.273588] Registering SWP/SWPB emulation handler
[    2.279409] Loading compiled-in X.509 certificates
[    2.295658] mmc0: new high speed SDHC card at address aaaa
[    2.298654] usb1_vbus: supplied by vdd-sys-5v0
[    2.299846] usb2_vbus: supplied by vdd-sys-5v0
[    2.303277] VDD_5V0_HDMI_CON: supplied by vdd-sys-5v0
[    2.308637] [drm] Supports vblank timestamp caching Rev 2 (21.10.2013).
[    2.308641] [drm] No driver support for vblank timestamp query.
[    2.328525] mmcblk0: mmc0:aaaa SL16G 14.8 GiB 
[    2.351926] mmc1: new high speed MMC card at address 0001
[    2.352739] mmcblk1: mmc1:0001 SEM32G 29.1 GiB 
[    2.353354] mmcblk1boot0: mmc1:0001 SEM32G partition 1 4.00 MiB
[    2.353693] mmcblk1boot1: mmc1:0001 SEM32G partition 2 4.00 MiB
[    2.354285] mmcblk1rpmb: mmc1:0001 SEM32G partition 3 4.00 MiB, chardev (237:0)
[    2.354882]  mmcblk0: p1 p2 p3
[    2.358420]  mmcblk1: p1 p2 p3 p4 p5 p6 p7 p8
[    2.404838] Console: switching to colour frame buffer device 240x75
[    2.481007] drm drm: fb0:  frame buffer device
[    2.485559] [drm] Initialized tegra 0.0.0 20120330 for drm on minor 0
[    2.495550] tegra-ehci 7d008000.usb: EHCI Host Controller
[    2.501026] tegra-ehci 7d008000.usb: new USB bus registered, assigned bus number 1
[    2.509312] tegra-ehci 7d008000.usb: irq 340, io mem 0x7d008000
[    2.539171] tegra-ehci 7d008000.usb: USB 2.0 started, EHCI 1.10
[    2.545894] hub 1-0:1.0: USB hub found
[    2.549727] hub 1-0:1.0: 1 port detected
[    2.555102] input: gpio-keys as /devices/soc0/gpio-keys/input/input0
[    2.563734] palmas-rtc 7000d000.i2c:tps65913@58:rtc: setting system clock to 2000-04-16 10:08:07 UTC (955879687)
[    2.578847] dvdd_ts: disabling
[    2.581954] usb1_vbus: disabling
[    2.585181] vdd_cam_1v8_reg: disabling
[    2.590664] EXT4-fs (mmcblk1p1): mounting ext3 file system using the ext4 subsystem
[    2.613047] EXT4-fs (mmcblk1p1): recovery complete
[    2.617863] EXT4-fs (mmcblk1p1): mounted filesystem with ordered data mode. Opts: (null)
[    2.626062] VFS: Mounted root (ext3 filesystem) on device 179:17.
[    2.634963] devtmpfs: mounted
[    2.639934] Freeing unused kernel memory: 2048K
bash: cannot set terminal process group (-1): Inappropriate ioctl for device
bash: no job control in this shell
root@(none):/# mount -t sysfs none /sys
root@(none):/# 
root@(none):/# [    3.603525] asix 1-1:1.0 eth0: register 'asix' at usb-7d008000.usb-1, ASIX AX88772 USB 2.0 Ethernet, 00:50:b6:0d:b5:16
mount -t debugfs none /sys/kernel/debug
root@(none):/# 
root@(none):/# rtcwake -d rtc1 -m mem -s 3
rtcwake: assuming RTC uses UTC ...
rtcwake: wakeup from "mem" using /dev/rtc1 at Thu Jan  1 00:00:20 1970
[    5.472561] PM: suspend entry (deep)
[    5.476144] PM: Syncing filesystems ... done.
[    5.520340] Freezing user space processes ... (elapsed 0.001 seconds) done.
[    5.528564] OOM killer disabled.
[    5.531821] Freezing remaining freezable tasks ... (elapsed 0.001 seconds) done.
[    5.540568] Suspending console(s) (use no_console_suspend to debug)
[    5.607665] Disabling non-boot CPUs ...
[    5.689463] IRQ17 no longer affine to CPU2
[    5.750743] Entering suspend state LP1
[    5.750767] Enabling non-boot CPUs ...
[    5.751432] CPU1 is up
[    5.752061] CPU2 is up
[    5.752795] CPU3 is up
[    6.391439] OOM killer enabled.
[    6.394580] Restarting tasks ... done.
[    6.428546] PM: suspend exit
root@(none):/# 
root@(none):/# rtcwake -d rtc1 -m mem -s 3
rtcwake: assuming RTC uses UTC ...
rtcwake: wakeup from "mem" using /dev/rtc1 at Thu Jan  1 00:00:30 1970
[    7.658111] PM: suspend entry (deep)
[    7.661733] PM: Syncing filesystems ... done.
[    7.695133] Freezing user space processes ... (elapsed 0.001 seconds) done.
[    7.703434] OOM killer disabled.
[    7.706658] Freezing remaining freezable tasks ... (elapsed 0.001 seconds) done.
[    7.715411] Suspending console(s) (use no_console_suspend to debug)
[    7.787543] Disabling non-boot CPUs ...
[    7.950450] Entering suspend state LP1
[    7.950474] Enabling non-boot CPUs ...
[    7.951160] CPU1 is up
[    7.951798] CPU2 is up
[    7.952538] CPU3 is up
[    8.580371] OOM killer enabled.
[    8.583505] Restarting tasks ... done.
[    8.611988] PM: suspend exit
root@(none):/# 
root@(none):/# rtcwake -d rtc1 -m mem -s 3
rtcwake: assuming RTC uses UTC ...
rtcwake: wakeup from "mem" using /dev/rtc1 at Thu Jan  1 00:00:40 1970
[    9.277421] PM: suspend entry (deep)
[    9.281041] PM: Syncing filesystems ... done.
[    9.311757] Freezing user space processes ... (elapsed 0.001 seconds) done.
[    9.320056] OOM killer disabled.
[    9.323279] Freezing remaining freezable tasks ... (elapsed 0.001 seconds) done.
[    9.332049] Suspending console(s) (use no_console_suspend to debug)
[    9.397477] Disabling non-boot CPUs ...
[    9.560405] Entering suspend state LP1
[    9.560428] Enabling non-boot CPUs ...
[    9.561119] CPU1 is up
[    9.561755] CPU2 is up
[    9.562493] CPU3 is up
[   10.189125] OOM killer enabled.
[   10.192260] Restarting tasks ... done.
[   10.222047] PM: suspend exit
root@(none):/# 
root@(none):/# rtcwake -d rtc1 -m mem -s 3
rtcwake: assuming RTC uses UTC ...
rtcwake: wakeup from "mem" using /dev/rtc1 at Thu Jan  1 00:00:50 1970
[   11.466015] PM: suspend entry (deep)
[   11.469632] PM: Syncing filesystems ... done.
[   11.504789] Freezing user space processes ... (elapsed 0.001 seconds) done.
[   11.513091] OOM killer disabled.
[   11.516314] Freezing remaining freezable tasks ... (elapsed 0.001 seconds) done.
[   11.525082] Suspending console(s) (use no_console_suspend to debug)
[   11.597456] Disabling non-boot CPUs ...
[   11.750296] Entering suspend state LP1
[   11.750319] Enabling non-boot CPUs ...
[   11.751003] CPU1 is up
[   11.751629] CPU2 is up
[   11.752370] CPU3 is up
[   12.380315] OOM killer enabled.
[   12.383450] Restarting tasks ... done.
[   12.410737] PM: suspend exit
root@(none):/# 
root@(none):/# rtcwake -d rtc1 -m mem -s 3
rtcwake: assuming RTC uses UTC ...
rtcwake: wakeup from "mem" using /dev/rtc1 at Thu Jan  1 00:01:00 1970
[   13.090097] PM: suspend entry (deep)
[   13.093675] PM: Syncing filesystems ... done.
[   13.127076] Freezing user space processes ... (elapsed 0.001 seconds) done.
[   13.135372] OOM killer disabled.
[   13.138595] Freezing remaining freezable tasks ... (elapsed 0.001 seconds) done.
[   13.147344] Suspending console(s) (use no_console_suspend to debug)
[   13.216487] Disabling non-boot CPUs ...
[   13.379213] IRQ17 no longer affine to CPU3
[   13.380143] Entering suspend state LP1
[   13.380167] Enabling non-boot CPUs ...
[   13.380852] CPU1 is up
[   13.381478] CPU2 is up
[   13.382221] CPU3 is up
[   14.025043] OOM killer enabled.
[   14.028179] Restarting tasks ... done.
[   14.058668] PM: suspend exit
root@(none):/# 
root@(none):/# rtcwake -d rtc1 -m mem -s 3
rtcwake: assuming RTC uses UTC ...
rtcwake: wakeup from "mem" using /dev/rtc1 at Thu Jan  1 00:01:10 1970
[   15.288308] PM: suspend entry (deep)
[   15.291949] PM: Syncing filesystems ... done.
[   15.325232] Freezing user space processes ... (elapsed 0.001 seconds) done.
[   15.333535] OOM killer disabled.
[   15.336758] Freezing remaining freezable tasks ... (elapsed 0.001 seconds) done.
[   15.345518] Suspending console(s) (use no_console_suspend to debug)
[   15.417182] Disabling non-boot CPUs ...
[   15.580247] Entering suspend state LP1
[   15.580270] Enabling non-boot CPUs ...
[   15.580953] CPU1 is up
[   15.581585] CPU2 is up
[   15.582317] CPU3 is up
[   16.206639] OOM killer enabled.
[   16.209792] Restarting tasks ... done.
[   16.241514] PM: suspend exit
root@(none):/# 
root@(none):/# rtcwake -d rtc1 -m mem -s 3
rtcwake: assuming RTC uses UTC ...
rtcwake: wakeup from "mem" using /dev/rtc1 at Thu Jan  1 00:01:20 1970
[   16.906086] PM: suspend entry (deep)
[   16.909707] PM: Syncing filesystems ... done.
[   16.941806] Freezing user space processes ... (elapsed 0.001 seconds) done.
[   16.950108] OOM killer disabled.
[   16.953332] Freezing remaining freezable tasks ... (elapsed 0.001 seconds) done.
[   16.962106] Suspending console(s) (use no_console_suspend to debug)
[   17.027410] Disabling non-boot CPUs ...
[   17.180225] Entering suspend state LP1
[   17.180248] Enabling non-boot CPUs ...
[   17.180939] CPU1 is up
[   17.181575] CPU2 is up
[   17.182316] CPU3 is up
[   17.805624] OOM killer enabled.
[   17.808775] Restarting tasks ... done.
[   17.839821] PM: suspend exit
root@(none):/# 
root@(none):/# rtcwake -d rtc1 -m mem -s 3
rtcwake: assuming RTC uses UTC ...
rtcwake: wakeup from "mem" using /dev/rtc1 at Thu Jan  1 00:01:30 1970
[   19.068677] PM: suspend entry (deep)
[   19.072318] PM: Syncing filesystems ... done.
[   19.106338] Freezing user space processes ... (elapsed 0.001 seconds) done.
[   19.114639] OOM killer disabled.
[   19.117862] Freezing remaining freezable tasks ... (elapsed 0.001 seconds) done.
[   19.126582] Suspending console(s) (use no_console_suspend to debug)
[   19.197244] Disabling non-boot CPUs ...
[   19.349985] Entering suspend state LP1
[   19.350009] Enabling non-boot CPUs ...
[   19.350694] CPU1 is up
[   19.351327] CPU2 is up
[   19.352061] CPU3 is up
[   19.979265] OOM killer enabled.
[   19.982399] Restarting tasks ... done.
[   20.010386] PM: suspend exit
root@(none):/# 
root@(none):/# rtcwake -d rtc1 -m mem -s 3
rtcwake: assuming RTC uses UTC ...
rtcwake: wakeup from "mem" using /dev/rtc1 at Thu Jan  1 00:01:40 1970
[   20.677799] PM: suspend entry (deep)
[   20.681414] PM: Syncing filesystems ... done.
[   20.710157] Freezing user space processes ... (elapsed 0.001 seconds) done.
[   20.718418] OOM killer disabled.
[   20.721674] Freezing remaining freezable tasks ... (elapsed 0.001 seconds) done.
[   20.730441] Suspending console(s) (use no_console_suspend to debug)
[   20.797325] Disabling non-boot CPUs ...
[   20.950158] Entering suspend state LP1
[   20.950181] Enabling non-boot CPUs ...
[   20.950865] CPU1 is up
[   20.951492] CPU2 is up
[   20.952223] CPU3 is up
[   21.579427] OOM killer enabled.
[   21.582563] Restarting tasks ... done.
[   21.610490] PM: suspend exit
root@(none):/# 
root@(none):/# rtcwake -d rtc1 -m mem -s 3
rtcwake: assuming RTC uses UTC ...
rtcwake: wakeup from "mem" using /dev/rtc1 at Thu Jan  1 00:01:50 1970
[   22.859994] PM: suspend entry (deep)
[   22.863577] PM: Syncing filesystems ... done.
[   22.893208] Freezing user space processes ... (elapsed 0.001 seconds) done.
[   22.901508] OOM killer disabled.
[   22.904732] Freezing remaining freezable tasks ... (elapsed 0.001 seconds) done.
[   22.913487] Suspending console(s) (use no_console_suspend to debug)
[   22.977373] Disabling non-boot CPUs ...
[   23.140095] Entering suspend state LP1
[   23.140119] Enabling non-boot CPUs ...
[   23.140872] CPU1 is up
[   23.141501] CPU2 is up
[   23.142233] CPU3 is up
[   23.768980] OOM killer enabled.
[   23.772115] Restarting tasks ... done.
[   23.801773] PM: suspend exit
root@(none):/# 
root@(none):/# NVTB SYSTEM SUSPEND TEST COMPLETE
