
U-Boot SPL 2015.04-rc3-00209-ga74ef40 (Mar 16 2015 - 14:43:39)


U-Boot 2015.04-rc3-00209-ga74ef40 (Mar 16 2015 - 14:43:39)

TEGRA20
Model: Compulab TrimSlice board
DRAM:  1 GiB
MMC:   Tegra SD/MMC: 0, Tegra SD/MMC: 1
SF: Detected W25Q80BL with page size 256 Bytes, erase size 4 KiB, total 1 MiB
tegra-pcie: PCI regions:
tegra-pcie:   I/O: 0x82000000-0x82010000
tegra-pcie:   non-prefetchable memory: 0xa0000000-0xa8000000
tegra-pcie:   prefetchable memory: 0xa8000000-0xc0000000
tegra-pcie: dual-mode configuration
tegra-pcie: probing port 0, using 2 lanes
In:    serial
Out:   serial
Err:   serial
Net:   RTL8169#0
Hit any key to stop autoboot:  2  0 
Tegra20 (TrimSlice) # 
Tegra20 (TrimSlice) # usb reset
resetting USB...
USB0:   USB EHCI 1.00
scanning bus 0 for devices... 3 USB Device(s) found
USB1:   USB EHCI 1.00
scanning bus 1 for devices... 1 USB Device(s) found
USB2:   lowlevel init failed
       scanning usb for storage devices... 0 Storage Device(s) found
       scanning usb for ethernet devices... 
Warning: asx0 using MAC address from net device
1 Ethernet Device(s) found
Tegra20 (TrimSlice) # setenv bootargs 'ignore_loglevel console=ttyS0,115200n8 rw root=PARTUUID=11eb23c1-01 rootwait gpt debug noinitrd earlyprintk init=/bin/bash'
Tegra20 (TrimSlice) # setenv ipaddr 192.168.100.103; setenv serverip 192.168.100.1; setenv tftpserverip 192.168.100.1
Tegra20 (TrimSlice) # tftpboot 0x00408000 zImage.multi_v7_defconfig
Using RTL8169#0 device
TFTP from server 192.168.100.1; our IP address is 192.168.100.103
Filename 'zImage.multi_v7_defconfig'.
Load address: 0x408000
Loading: *#################################################################
	 #################################################################
	 #################################################################
	 #################################################################
	 #################################################################
	 #################################################################
	 #################################################################
	 #######################################################
	 3.5 MiB/s
done
Bytes transferred = 7474944 (720f00 hex)
Tegra20 (TrimSlice) # tftpboot 0x02408000 tegra20-trimslice.dtb
Using RTL8169#0 device
TFTP from server 192.168.100.1; our IP address is 192.168.100.103
Filename 'tegra20-trimslice.dtb'.
Load address: 0x2408000
Loading: *##
	 2.9 MiB/s
done
Bytes transferred = 21426 (53b2 hex)
Tegra20 (TrimSlice) # bootz 0x00408000 - 0x02408000
Kernel image @ 0x408000 [ 0x000000 - 0x720f00 ]
## Flattened Device Tree blob at 02408000
   Booting using the fdt blob at 0x2408000
   Using Device Tree in place at 02408000, end 024103b1

Starting kernel ...

[    0.000000] Booting Linux on physical CPU 0x0
[    0.000000] Linux version 4.10.0-rc6-next-20170130-149078-g14dcd7e (pwalmsley@sellafield) (gcc version 4.7.3 20130328 (prerelease) (crosstool-NG linaro-1.13.1-4.7-2013.04-20130415 - Linaro GCC 2013.04) ) #1 SMP Sun Jan 29 23:19:27 PST 2017
[    0.000000] CPU: ARMv7 Processor [411fc090] revision 0 (ARMv7), cr=10c5387d
[    0.000000] CPU: PIPT / VIPT nonaliasing data cache, VIPT aliasing instruction cache
[    0.000000] OF: fdt:Machine model: Compulab TrimSlice board
[    0.000000] debug: ignoring loglevel setting.
[    0.000000] efi: Getting EFI parameters from FDT:
[    0.000000] efi: UEFI not found.
[    0.000000] cma: Reserved 64 MiB at 0x3c000000
[    0.000000] Memory policy: Data cache writealloc
[    0.000000] On node 0 totalpages: 262144
[    0.000000] free_area_init_node: node 0, pgdat c1436c40, node_mem_map ef7f8000
[    0.000000]   DMA zone: 1536 pages used for memmap
[    0.000000]   DMA zone: 0 pages reserved
[    0.000000]   DMA zone: 196608 pages, LIFO batch:31
[    0.000000]   HighMem zone: 65536 pages, LIFO batch:15
[    0.000000] percpu: Embedded 16 pages/cpu @ef7c6000 s34304 r8192 d23040 u65536
[    0.000000] pcpu-alloc: s34304 r8192 d23040 u65536 alloc=16*4096
[    0.000000] pcpu-alloc: [0] 0 [0] 1 
[    0.000000] Built 1 zonelists in Zone order, mobility grouping on.  Total pages: 260608
[    0.000000] Kernel command line: ignore_loglevel console=ttyS0,115200n8 rw root=PARTUUID=11eb23c1-01 rootwait gpt debug noinitrd earlyprintk init=/bin/bash
[    0.000000] PID hash table entries: 4096 (order: 2, 16384 bytes)
[    0.000000] Dentry cache hash table entries: 131072 (order: 7, 524288 bytes)
[    0.000000] Inode-cache hash table entries: 65536 (order: 6, 262144 bytes)
[    0.000000] Memory: 955624K/1048576K available (9216K kernel code, 1249K rwdata, 4184K rodata, 2048K init, 534K bss, 27416K reserved, 65536K cma-reserved, 196608K highmem)
[    0.000000] Virtual kernel memory layout:
[    0.000000]     vector  : 0xffff0000 - 0xffff1000   (   4 kB)
[    0.000000]     fixmap  : 0xffc00000 - 0xfff00000   (3072 kB)
[    0.000000]     vmalloc : 0xf0800000 - 0xff800000   ( 240 MB)
[    0.000000]     lowmem  : 0xc0000000 - 0xf0000000   ( 768 MB)
[    0.000000]     pkmap   : 0xbfe00000 - 0xc0000000   (   2 MB)
[    0.000000]     modules : 0xbf000000 - 0xbfe00000   (  14 MB)
[    0.000000]       .text : 0xc0208000 - 0xc0c00000   (10208 kB)
[    0.000000]       .init : 0xc1100000 - 0xc1300000   (2048 kB)
[    0.000000]       .data : 0xc1300000 - 0xc1438740   (1250 kB)
[    0.000000]        .bss : 0xc143a000 - 0xc14bfa70   ( 535 kB)
[    0.000000] SLUB: HWalign=64, Order=0-3, MinObjects=0, CPUs=2, Nodes=1
[    0.000000] Hierarchical RCU implementation.
[    0.000000] 	RCU debugfs-based tracing is enabled.
[    0.000000] 	Build-time adjustment of leaf fanout to 32.
[    0.000000] 	RCU restricting CPUs from NR_CPUS=16 to nr_cpu_ids=2.
[    0.000000] RCU: Adjusting geometry for rcu_fanout_leaf=32, nr_cpu_ids=2
[    0.000000] NR_IRQS:16 nr_irqs:16 16
[    0.000000] /interrupt-controller@60004000: 128 interrupts forwarded to /interrupt-controller@50041000
[    0.000000] L2C: platform modifies aux control register: 0x02080000 -> 0x3e480001
[    0.000000] L2C: DT/platform modifies aux control register: 0x02080000 -> 0x3e480001
[    0.000000] L2C-310 errata 727915 769419 enabled
[    0.000000] L2C-310 enabling early BRESP for Cortex-A9
[    0.000000] L2C-310: enabling full line of zeros but not enabled in Cortex-A9
[    0.000000] L2C-310 ID prefetch enabled, offset 1 lines
[    0.000000] L2C-310 cache controller enabled, 8 ways, 1024 kB
[    0.000000] L2C-310: CACHE_ID 0x410000c4, AUX_CTRL 0x7e480001
[    0.000009] sched_clock: 32 bits at 1000kHz, resolution 1000ns, wraps every 2147483647500ns
[    0.000025] clocksource: timer_us: mask: 0xffffffff max_cycles: 0xffffffff, max_idle_ns: 1911260446275 ns
[    0.000036] Switching to timer-based delay loop, resolution 1000ns
[    0.001624] Console: colour dummy device 80x30
[    0.001648] Calibrating delay loop (skipped), value calculated using timer frequency.. 2.00 BogoMIPS (lpj=10000)
[    0.001659] pid_max: default: 32768 minimum: 301
[    0.001742] Mount-cache hash table entries: 2048 (order: 1, 8192 bytes)
[    0.001751] Mountpoint-cache hash table entries: 2048 (order: 1, 8192 bytes)
[    0.002177] CPU: Testing write buffer coherency: ok
[    0.002379] CPU0: thread -1, cpu 0, socket 0, mpidr 80000000
[    0.002534] Setting up static identity map for 0x300000 - 0x300098
[    0.003975] Tegra Revision: A03 prime SKU: 8 CPU Process: 1 SoC Process: 2
[    0.004348] EFI services will not be available.
[    0.004508] smp: Bringing up secondary CPUs ...
[    0.005042] CPU1: thread -1, cpu 1, socket 0, mpidr 80000001
[    0.005102] smp: Brought up 1 node, 2 CPUs
[    0.005113] SMP: Total of 2 processors activated (4.00 BogoMIPS).
[    0.005119] CPU: All CPU(s) started in SVC mode.
[    0.005760] devtmpfs: initialized
[    0.009365] VFP support v0.3: implementor 41 architecture 3 part 30 variant 9 rev 1
[    0.009570] clocksource: jiffies: mask: 0xffffffff max_cycles: 0xffffffff, max_idle_ns: 19112604462750000 ns
[    0.012481] pinctrl core: initialized pinctrl subsystem
[    0.013724] NET: Registered protocol family 16
[    0.015790] DMA: preallocated 256 KiB pool for atomic coherent allocations
[    0.017247] cpuidle: using governor menu
[    0.034685] No ATAGs?
[    0.034755] hw-breakpoint: found 5 (+1 reserved) breakpoint and 1 watchpoint registers.
[    0.034766] hw-breakpoint: maximum watchpoint size is 4 bytes.
[    0.040033] Serial: AMBA PL011 UART driver
[    0.051348] usb1_vbus: Failed to request enable GPIO170: -517
[    0.051363] reg-fixed-voltage regulators:regulator@2: Failed to register regulator: -517
[    0.054887] vgaarb: loaded
[    0.055447] SCSI subsystem initialized
[    0.055588] libata version 3.00 loaded.
[    0.055762] usbcore: registered new interface driver usbfs
[    0.055815] usbcore: registered new interface driver hub
[    0.055855] usbcore: registered new device driver usb
[    0.057802] pps_core: LinuxPPS API ver. 1 registered
[    0.057811] pps_core: Software ver. 5.3.6 - Copyright 2005-2007 Rodolfo Giometti <giometti@linux.it>
[    0.057827] PTP clock support registered
[    0.057968] EDAC MC: Ver: 3.0.0
[    0.059691] clocksource: Switched to clocksource timer_us
[    0.067113] NET: Registered protocol family 2
[    0.067515] TCP established hash table entries: 8192 (order: 3, 32768 bytes)
[    0.067586] TCP bind hash table entries: 8192 (order: 4, 65536 bytes)
[    0.067699] TCP: Hash tables configured (established 8192 bind 8192)
[    0.067793] UDP hash table entries: 512 (order: 2, 16384 bytes)
[    0.067838] UDP-Lite hash table entries: 512 (order: 2, 16384 bytes)
[    0.067982] NET: Registered protocol family 1
[    0.068242] RPC: Registered named UNIX socket transport module.
[    0.068250] RPC: Registered udp transport module.
[    0.068255] RPC: Registered tcp transport module.
[    0.068260] RPC: Registered tcp NFSv4.1 backchannel transport module.
[    0.068269] PCI: CLS 0 bytes, default 64
[    0.069064] hw perfevents: enabled with armv7_cortex_a9 PMU driver, 7 counters available
[    0.070035] futex hash table entries: 512 (order: 3, 32768 bytes)
[    0.070554] workingset: timestamp_bits=30 max_order=18 bucket_order=0
[    0.077321] squashfs: version 4.0 (2009/01/31) Phillip Lougher
[    0.077922] NFS: Registering the id_resolver key type
[    0.077942] Key type id_resolver registered
[    0.077948] Key type id_legacy registered
[    0.077978] ntfs: driver 2.1.32 [Flags: R/O].
[    0.079125] bounce: pool size: 64 pages
[    0.079290] Block layer SCSI generic (bsg) driver version 0.4 loaded (major 248)
[    0.079299] io scheduler noop registered
[    0.079305] io scheduler deadline registered
[    0.079447] io scheduler cfq registered (default)
[    0.079455] io scheduler mq-deadline registered
[    0.090493] tegra-pcie 80003000.pcie-controller: dual-mode configuration
[    0.091192] tegra-pcie 80003000.pcie-controller: probing port 0, using 2 lanes
[    0.173681] tegra-pcie 80003000.pcie-controller: PCI host bridge to bus 0000:00
[    0.173693] pci_bus 0000:00: root bus resource [io  0x0000-0xffff]
[    0.173702] pci_bus 0000:00: root bus resource [mem 0xa0000000-0xa7ffffff]
[    0.173711] pci_bus 0000:00: root bus resource [mem 0xa8000000-0xbfffffff pref]
[    0.173720] pci_bus 0000:00: root bus resource [bus 00-ff]
[    0.173747] pci 0000:00:01.0: [10de:0bf0] type 01 class 0x060000
[    0.173795] pci_bus 0000:00: 2-byte config write to 0000:00:01.0 offset 0x52 may corrupt adjacent RW1C bits
[    0.173819] pci 0000:00:01.0: PME# supported from D0 D1 D2 D3hot D3cold
[    0.173830] pci_bus 0000:00: 2-byte config write to 0000:00:01.0 offset 0x4c may corrupt adjacent RW1C bits
[    0.174010] pci_bus 0000:00: 2-byte config write to 0000:00:01.0 offset 0x3e may corrupt adjacent RW1C bits
[    0.174022] pci_bus 0000:00: 2-byte config write to 0000:00:01.0 offset 0x4 may corrupt adjacent RW1C bits
[    0.174033] pci_bus 0000:00: 1-byte config write to 0000:00:01.0 offset 0xc may corrupt adjacent RW1C bits
[    0.174039] PCI: bus0: Fast back to back transfers disabled
[    0.174049] pci 0000:00:01.0: bridge configuration invalid ([bus 00-00]), reconfiguring
[    0.174058] pci_bus 0000:00: 2-byte config write to 0000:00:01.0 offset 0x3e may corrupt adjacent RW1C bits
[    0.174069] pci_bus 0000:00: 2-byte config write to 0000:00:01.0 offset 0x3e may corrupt adjacent RW1C bits
[    0.174080] pci_bus 0000:00: 2-byte config write to 0000:00:01.0 offset 0x3e may corrupt adjacent RW1C bits
[    0.174090] pci_bus 0000:00: 2-byte config write to 0000:00:01.0 offset 0x6 may corrupt adjacent RW1C bits
[    0.174213] pci 0000:01:00.0: [10ec:8168] type 00 class 0x020000
[    0.174236] pci 0000:01:00.0: reg 0x10: [io  0x0000-0x00ff]
[    0.174261] pci 0000:01:00.0: reg 0x18: [mem 0x00000000-0x00000fff 64bit pref]
[    0.174279] pci 0000:01:00.0: reg 0x20: [mem 0x00000000-0x00003fff 64bit pref]
[    0.174292] pci 0000:01:00.0: reg 0x30: [mem 0x00000000-0x0001ffff pref]
[    0.174332] pci_bus 0000:01: 2-byte config write to 0000:01:00.0 offset 0x52 may corrupt adjacent RW1C bits
[    0.174383] pci 0000:01:00.0: supports D1 D2
[    0.174392] pci 0000:01:00.0: PME# supported from D0 D1 D2 D3hot D3cold
[    0.199725] PCI: bus1: Fast back to back transfers disabled
[    0.199738] pci_bus 0000:01: busn_res: [bus 01-ff] end is updated to 01
[    0.199750] Disabling cpuidle LP2 state, since PCIe IRQs are in use
[    0.199809] pci 0000:00:01.0: BAR 8: assigned [mem 0xa0000000-0xa00fffff]
[    0.199821] pci 0000:00:01.0: BAR 9: assigned [mem 0xa8000000-0xa80fffff 64bit pref]
[    0.199830] pci 0000:00:01.0: BAR 7: assigned [io  0x1000-0x1fff]
[    0.199851] pci 0000:01:00.0: BAR 6: assigned [mem 0xa0000000-0xa001ffff pref]
[    0.199862] pci 0000:01:00.0: BAR 4: assigned [mem 0xa8000000-0xa8003fff 64bit pref]
[    0.199882] pci 0000:01:00.0: BAR 2: assigned [mem 0xa8004000-0xa8004fff 64bit pref]
[    0.199901] pci 0000:01:00.0: BAR 0: assigned [io  0x1000-0x10ff]
[    0.199914] pci 0000:00:01.0: PCI bridge to [bus 01]
[    0.199922] pci 0000:00:01.0:   bridge window [io  0x1000-0x1fff]
[    0.199931] pci 0000:00:01.0:   bridge window [mem 0xa0000000-0xa00fffff]
[    0.199939] pci 0000:00:01.0:   bridge window [mem 0xa8000000-0xa80fffff 64bit pref]
[    0.199961] pci 0000:00:01.0: nv_msi_ht_cap_quirk didn't locate host bridge
[    0.200010] pcieport 0000:00:01.0: enabling device (0140 -> 0143)
[    0.200197] pcieport 0000:00:01.0: Signaling PME with IRQ 295
[    0.205947] tegra-apbdma 6000a000.dma: Tegra20 APB DMA driver register 16 channels
[    0.255149] Serial: 8250/16550 driver, 4 ports, IRQ sharing disabled
[    0.257363] console [ttyS0] disabled
[    0.257399] 70006000.serial: ttyS0 at MMIO 0x70006000 (irq = 279, base_baud = 13500000) is a Tegra
[    1.312907] console [ttyS0] enabled
[    1.316970] SuperH (H)SCI(F) driver initialized
[    1.322230] msm_serial: driver initialized
[    1.326446] STMicroelectronics ASC driver initialized
[    1.336407] 54280000.hdmi supply hdmi not found, using dummy regulator
[    1.344857] [drm] Supports vblank timestamp caching Rev 2 (21.10.2013).
[    1.351478] [drm] No driver support for vblank timestamp query.
[    1.357418] [drm] Cannot find any crtc or sizes - going 1024x768
[    1.379535] Console: switching to colour frame buffer device 128x48
[    1.394230] drm drm: fb0:  frame buffer device
[    1.398711] [drm] Initialized tegra 0.0.0 20120330 for drm on minor 0
[    1.414060] brd: module loaded
[    1.421414] loop: module loaded
[    1.430268] m25p80 spi32766.0: found s25fl008k, expected w25q80bl
[    1.436353] m25p80 spi32766.0: s25fl008k (1024 Kbytes)
[    1.443708] libphy: Fixed MDIO Bus: probed
[    1.448556] CAN device driver interface
[    1.453081] bgmac_bcma: Broadcom 47xx GBit MAC driver loaded
[    1.459664] e1000e: Intel(R) PRO/1000 Network Driver - 3.2.6-k
[    1.465535] e1000e: Copyright(c) 1999 - 2015 Intel Corporation.
[    1.471515] igb: Intel(R) Gigabit Ethernet Network Driver - version 5.4.0-k
[    1.478459] igb: Copyright (c) 2007-2014 Intel Corporation.
[    1.484563] r8169 Gigabit Ethernet driver 2.3LK-NAPI loaded
[    1.490162] r8169 0000:01:00.0: enabling device (0140 -> 0143)
[    1.496804] r8169 0000:01:00.0 eth0: RTL8168d/8111d at 0xf08fc000, 00:01:c0:13:7d:63, XID 081000c0 IRQ 296
[    1.506466] r8169 0000:01:00.0 eth0: jumbo features [frames: 9200 bytes, tx checksumming: ko]
[    1.517088] pegasus: v0.9.3 (2013/04/25), Pegasus/Pegasus II USB Ethernet driver
[    1.524545] usbcore: registered new interface driver pegasus
[    1.530246] usbcore: registered new interface driver asix
[    1.535660] usbcore: registered new interface driver ax88179_178a
[    1.541788] usbcore: registered new interface driver cdc_ether
[    1.547647] usbcore: registered new interface driver smsc75xx
[    1.553436] usbcore: registered new interface driver smsc95xx
[    1.559195] usbcore: registered new interface driver net1080
[    1.564883] usbcore: registered new interface driver cdc_subset
[    1.570829] usbcore: registered new interface driver zaurus
[    1.576429] usbcore: registered new interface driver cdc_ncm
[    1.582351] tegra-phy c5004000.usb-phy: no vbus regulator
[    1.588830] tegra-phy c5008000.usb-phy: no vbus regulator
[    1.595536] ehci_hcd: USB 2.0 'Enhanced' Host Controller (EHCI) Driver
[    1.602065] ehci-pci: EHCI PCI platform driver
[    1.606532] ehci-platform: EHCI generic platform driver
[    1.611912] ehci-orion: EHCI orion driver
[    1.616011] SPEAr-ehci: EHCI SPEAr driver
[    1.620128] ehci-st: EHCI STMicroelectronics driver
[    1.625094] ehci-exynos: EHCI EXYNOS driver
[    1.629380] ehci-atmel: EHCI Atmel driver
[    1.633495] tegra-ehci: Tegra EHCI driver
[    1.690892] ulpi_phy_power_on: ulpi write failed
[    1.695500] tegra-ehci c5004000.usb: Failed to power on the phy
[    1.701436] tegra-ehci: probe of c5004000.usb failed with error -110
[    1.710406] tegra-ehci c5008000.usb: EHCI Host Controller
[    1.715811] tegra-ehci c5008000.usb: new USB bus registered, assigned bus number 1
[    1.723632] tegra-ehci c5008000.usb: irq 290, io mem 0xc5008000
[    1.749708] tegra-ehci c5008000.usb: USB 2.0 started, EHCI 1.00
[    1.756232] hub 1-0:1.0: USB hub found
[    1.760013] hub 1-0:1.0: 1 port detected
[    1.764241] ohci_hcd: USB 1.1 'Open' Host Controller (OHCI) Driver
[    1.770432] ohci-pci: OHCI PCI platform driver
[    1.774910] ohci-platform: OHCI generic platform driver
[    1.780288] ohci-omap3: OHCI OMAP3 driver
[    1.784391] SPEAr-ohci: OHCI SPEAr driver
[    1.788491] ohci-st: OHCI STMicroelectronics driver
[    1.793481] ohci-atmel: OHCI Atmel driver
[    1.798075] usbcore: registered new interface driver usb-storage
[    1.805269] mousedev: PS/2 mouse device common for all mice
[    1.812412] rtc-em3027 2-0056: rtc core: registered rtc-em3027 as rtc0
[    1.820109] tegra_rtc 7000e000.rtc: rtc core: registered 7000e000.rtc as rtc1
[    1.827255] tegra_rtc 7000e000.rtc: Tegra internal Real Time Clock
[    1.833841] i2c /dev entries driver
[    1.846386] sdhci: Secure Digital Host Controller Interface driver
[    1.852584] sdhci: Copyright(c) Pierre Ossman
[    1.858091] Synopsys Designware Multimedia Card Interface Driver
[    1.864939] sdhci-pltfm: SDHCI platform and OF driver helper
[    1.871437] mmc0: Invalid maximum block size, assuming 512 bytes
[    1.929707] mmc0: SDHCI controller on c8000000.sdhci [c8000000.sdhci] using ADMA
[    1.937179] sdhci-tegra c8000600.sdhci: Got CD GPIO
[    1.942076] sdhci-tegra c8000600.sdhci: Got WP GPIO
[    1.947108] mmc1: Invalid maximum block size, assuming 512 bytes
[    2.009771] mmc1: SDHCI controller on c8000600.sdhci [c8000600.sdhci] using ADMA
[    2.018534] ledtrig-cpu: registered to indicate activity on CPUs
[    2.024820] usbcore: registered new interface driver usbhid
[    2.030395] usbhid: USB HID core driver
[    2.037343] NET: Registered protocol family 10
[    2.042684] Segment Routing with IPv6
[    2.046387] sit: IPv6, IPv4 and MPLS over IPv4 tunneling driver
[    2.052825] NET: Registered protocol family 17
[    2.057263] can: controller area network core (rev 20120528 abi 9)
[    2.063495] NET: Registered protocol family 29
[    2.067927] can: raw protocol (rev 20120528)
[    2.072200] can: broadcast manager protocol (rev 20161123 t)
[    2.077848] can: netlink gateway (rev 20130117) max_hops=1
[    2.083648] Key type dns_resolver registered
[    2.088290] ThumbEE CPU extension supported.
[    2.092580] Registering SWP/SWPB emulation handler
[    2.105288] utmi_phy_clk_enable: timeout waiting for phy to stabilize
[    2.108487] mmc0: host does not support reading read-only switch, assuming write-enable
[    2.110316] mmc0: new high speed SDHC card at address b368
[    2.119920] mmcblk0: mmc0:b368 NCard 3.70 GiB 
[    2.129669] tegra-ehci c5000000.usb: EHCI Host Controller
[    2.131460]  mmcblk0: p1
[    2.137608] tegra-ehci c5000000.usb: new USB bus registered, assigned bus number 2
[    2.145488] tegra-ehci c5000000.usb: irq 288, io mem 0xc5000000
[    2.159736] usb 1-1: new high-speed USB device number 2 using tegra-ehci
[    2.189733] tegra-ehci c5000000.usb: USB 2.0 started, EHCI 1.00
[    2.196531] hub 2-0:1.0: USB hub found
[    2.200348] hub 2-0:1.0: 1 port detected
[    2.205535] input: gpio-keys as /devices/soc0/gpio-keys/input/input0
[    2.212603] rtc-em3027 2-0056: setting system clock to 2015-02-07 05:04:22 UTC (1423285462)
[    2.222865] EXT4-fs (mmcblk0p1): mounting ext3 file system using the ext4 subsystem
[    2.228687] mmc1: new high speed SD card at address b368
[    2.229187] mmcblk1: mmc1:b368 NCard 1.83 GiB (ro)
[    2.231821]  mmcblk1: p1 p2
[    2.380874] hub 1-1:1.0: USB hub found
[    2.384786] hub 1-1:1.0: 4 ports detected
[    2.473767] EXT4-fs (mmcblk0p1): recovery complete
[    2.550216] EXT4-fs (mmcblk0p1): mounted filesystem with ordered data mode. Opts: (null)
[    2.558359] VFS: Mounted root (ext3 filesystem) on device 179:1.
[    2.568563] devtmpfs: mounted
[    2.577280] Freeing unused kernel memory: 2048K
[    2.621431] random: fast init done
[    2.709843] usb 1-1.2: new high-speed USB device number 3 using tegra-ehci
bash: cannot set terminal process group (-1): Inappropriate ioctl for device
bash: no job control in this shell
root@(none):/# [    3.352731] asix 1-1.2:1.0 eth1: register 'asix' at usb-c5008000.usb-1.2, ASIX AX88772 USB 2.0 Ethernet, 00:60:6e:60:6c:68
 
root@(none):/# mount -t sysfs none /sys
root@(none):/# 
root@(none):/# mount -t debugfs none /sys/kernel/debug
root@(none):/# 
root@(none):/# rtcwake -d rtc1 -m mem -s 3
rtcwake: assuming RTC uses UTC ...
rtcwake: wakeup from "mem" using /dev/rtc1 at Thu Jan  1 00:00:31 1970
[   15.334160] PM: Syncing filesystems ... done.
[   15.380277] Freezing user space processes ... (elapsed 0.001 seconds) done.
[   15.388673] Freezing remaining freezable tasks ... (elapsed 0.001 seconds) done.
[   15.397663] Suspending console(s) (use no_console_suspend to debug)
[   15.434767] pci_generic_config_write32: 37 callbacks suppressed
[   15.434813] pci_bus 0000:00: 2-byte config write to 0000:00:01.0 offset 0x9c may corrupt adjacent RW1C bits
[   15.447125] PM: suspend of devices complete after 40.651 msecs
[   15.451974] PM: late suspend of devices complete after 4.816 msecs
[   15.455790] pci_bus 0000:01: 2-byte config write to 0000:01:00.0 offset 0x44 may corrupt adjacent RW1C bits
[   15.455849] pci_bus 0000:01: 2-byte config write to 0000:01:00.0 offset 0x44 may corrupt adjacent RW1C bits
[   15.480360] PM: noirq suspend of devices complete after 28.354 msecs
[   15.480373] Disabling non-boot CPUs ...
[   15.482356] CPU1: shutdown
[   15.544140] Entering suspend state LP1
[   15.544140] Suspended for 1.305 seconds
[   15.544183] Enabling non-boot CPUs ...
[   15.574054] CPU1 is up
[   15.574876] pci_bus 0000:00: 2-byte config write to 0000:00:01.0 offset 0x4c may corrupt adjacent RW1C bits
[   15.574924] pci_bus 0000:00: 2-byte config write to 0000:00:01.0 offset 0x88 may corrupt adjacent RW1C bits
[   15.574957] pci_bus 0000:00: 2-byte config write to 0000:00:01.0 offset 0x90 may corrupt adjacent RW1C bits
[   15.574985] pci_bus 0000:00: 2-byte config write to 0000:00:01.0 offset 0x98 may corrupt adjacent RW1C bits
[   15.575011] pci_bus 0000:00: 2-byte config write to 0000:00:01.0 offset 0x9c may corrupt adjacent RW1C bits
[   15.575092] pci_bus 0000:00: 2-byte config write to 0000:00:01.0 offset 0x52 may corrupt adjacent RW1C bits
[   15.575123] pci_bus 0000:00: 2-byte config write to 0000:00:01.0 offset 0x52 may corrupt adjacent RW1C bits
[   15.575195] pcieport 0000:00:01.0: nv_msi_ht_cap_quirk didn't locate host bridge
[   15.599964] PM: noirq resume of devices complete after 25.876 msecs
[   15.603625] PM: early resume of devices complete after 2.926 msecs
[   16.147865] PM: resume of devices complete after 544.205 msecs
[   16.318975] Restarting tasks ... done.
root@(none):/# 
root@(none):/# rtcwake -d rtc1 -m mem -s 3
rtcwake: assuming RTC uses UTC ...
rtcwake: wakeup from "mem" using /dev/rtc1 at Thu Jan  1 00:00:36 1970
[   17.364366] PM: Syncing filesystems ... done.
[   17.409475] Freezing user space processes ... (elapsed 0.001 seconds) done.
[   17.418012] Freezing remaining freezable tasks ... (elapsed 0.001 seconds) done.
[   17.427095] Suspending console(s) (use no_console_suspend to debug)
[   17.476989] PM: suspend of devices complete after 41.130 msecs
[   17.481764] PM: late suspend of devices complete after 4.742 msecs
[   17.510351] PM: noirq suspend of devices complete after 28.556 msecs
[   17.510365] Disabling non-boot CPUs ...
[   17.512191] CPU1: shutdown
[   17.573041] Entering suspend state LP1
[   17.573041] Suspended for 2.971 seconds
[   17.573083] Enabling non-boot CPUs ...
[   17.604000] CPU1 is up
[   17.605526] pcieport 0000:00:01.0: nv_msi_ht_cap_quirk didn't locate host bridge
[   17.629884] PM: noirq resume of devices complete after 25.850 msecs
[   17.633576] PM: early resume of devices complete after 2.965 msecs
[   18.177992] PM: resume of devices complete after 544.382 msecs
[   18.245935] Restarting tasks ... done.
root@(none):/# 
root@(none):/# rtcwake -d rtc1 -m mem -s 3
rtcwake: assuming RTC uses UTC ...
rtcwake: wakeup from "mem" using /dev/rtc1 at Thu Jan  1 00:00:41 1970
[   19.394407] PM: Syncing filesystems ... done.
[   19.439592] Freezing user space processes ... (elapsed 0.001 seconds) done.
[   19.447966] Freezing remaining freezable tasks ... (elapsed 0.001 seconds) done.
[   19.456842] Suspending console(s) (use no_console_suspend to debug)
[   19.506885] PM: suspend of devices complete after 41.998 msecs
[   19.511542] PM: late suspend of devices complete after 4.624 msecs
[   19.540235] PM: noirq suspend of devices complete after 28.660 msecs
[   19.540247] Disabling non-boot CPUs ...
[   19.542181] CPU1: shutdown
[   19.602945] Entering suspend state LP1
[   19.602945] Suspended for 2.970 seconds
[   19.602986] Enabling non-boot CPUs ...
[   19.633947] CPU1 is up
[   19.636553] pcieport 0000:00:01.0: nv_msi_ht_cap_quirk didn't locate host bridge
[   19.659773] PM: noirq resume of devices complete after 25.791 msecs
[   19.663275] PM: early resume of devices complete after 2.951 msecs
[   20.198608] PM: resume of devices complete after 535.299 msecs
[   20.266594] Restarting tasks ... done.
root@(none):/# 
root@(none):/# rtcwake -d rtc1 -m mem -s 3
rtcwake: assuming RTC uses UTC ...
rtcwake: wakeup from "mem" using /dev/rtc1 at Thu Jan  1 00:00:46 1970
[   21.424305] PM: Syncing filesystems ... done.
[   21.469390] Freezing user space processes ... (elapsed 0.001 seconds) done.
[   21.477908] Freezing remaining freezable tasks ... (elapsed 0.001 seconds) done.
[   21.486989] Suspending console(s) (use no_console_suspend to debug)
[   21.525654] pci_generic_config_write32: 65 callbacks suppressed
[   21.525703] pci_bus 0000:00: 2-byte config write to 0000:00:01.0 offset 0x9c may corrupt adjacent RW1C bits
[   21.537679] PM: suspend of devices complete after 41.931 msecs
[   21.542626] PM: late suspend of devices complete after 4.915 msecs
[   21.547011] pci_bus 0000:01: 2-byte config write to 0000:01:00.0 offset 0x44 may corrupt adjacent RW1C bits
[   21.547070] pci_bus 0000:01: 2-byte config write to 0000:01:00.0 offset 0x44 may corrupt adjacent RW1C bits
[   21.570153] PM: noirq suspend of devices complete after 27.495 msecs
[   21.570165] Disabling non-boot CPUs ...
[   21.572112] CPU1: shutdown
[   21.632904] Entering suspend state LP1
[   21.632904] Suspended for 2.969 seconds
[   21.632947] Enabling non-boot CPUs ...
[   21.663817] CPU1 is up
[   21.664891] pci_bus 0000:00: 2-byte config write to 0000:00:01.0 offset 0x4c may corrupt adjacent RW1C bits
[   21.664941] pci_bus 0000:00: 2-byte config write to 0000:00:01.0 offset 0x88 may corrupt adjacent RW1C bits
[   21.664972] pci_bus 0000:00: 2-byte config write to 0000:00:01.0 offset 0x90 may corrupt adjacent RW1C bits
[   21.665000] pci_bus 0000:00: 2-byte config write to 0000:00:01.0 offset 0x98 may corrupt adjacent RW1C bits
[   21.665028] pci_bus 0000:00: 2-byte config write to 0000:00:01.0 offset 0x9c may corrupt adjacent RW1C bits
[   21.665109] pci_bus 0000:00: 2-byte config write to 0000:00:01.0 offset 0x52 may corrupt adjacent RW1C bits
[   21.665140] pci_bus 0000:00: 2-byte config write to 0000:00:01.0 offset 0x52 may corrupt adjacent RW1C bits
[   21.665211] pcieport 0000:00:01.0: nv_msi_ht_cap_quirk didn't locate host bridge
[   21.689700] PM: noirq resume of devices complete after 25.851 msecs
[   21.693426] PM: early resume of devices complete after 2.980 msecs
[   22.237879] PM: resume of devices complete after 544.420 msecs
[   22.408967] Restarting tasks ... done.
root@(none):/# 
root@(none):/# rtcwake -d rtc1 -m mem -s 3
rtcwake: assuming RTC uses UTC ...
rtcwake: wakeup from "mem" using /dev/rtc1 at Thu Jan  1 00:00:51 1970
[   23.454113] PM: Syncing filesystems ... done.
[   23.499208] Freezing user space processes ... (elapsed 0.001 seconds) done.
[   23.507742] Freezing remaining freezable tasks ... (elapsed 0.001 seconds) done.
[   23.516822] Suspending console(s) (use no_console_suspend to debug)
[   23.566530] PM: suspend of devices complete after 40.947 msecs
[   23.571457] PM: late suspend of devices complete after 4.894 msecs
[   23.599999] PM: noirq suspend of devices complete after 28.510 msecs
[   23.600012] Disabling non-boot CPUs ...
[   23.601830] CPU1: shutdown
[   23.662840] Entering suspend state LP1
[   23.662840] Suspended for 2.969 seconds
[   23.662882] Enabling non-boot CPUs ...
[   23.693778] CPU1 is up
[   23.694574] pcieport 0000:00:01.0: nv_msi_ht_cap_quirk didn't locate host bridge
[   23.719614] PM: noirq resume of devices complete after 25.803 msecs
[   23.723348] PM: early resume of devices complete after 2.998 msecs
[   24.268139] PM: resume of devices complete after 544.757 msecs
[   24.336133] Restarting tasks ... done.
root@(none):/# 
root@(none):/# rtcwake -d rtc1 -m mem -s 3
rtcwake: assuming RTC uses UTC ...
rtcwake: wakeup from "mem" using /dev/rtc1 at Thu Jan  1 00:00:56 1970
[   25.484148] PM: Syncing filesystems ... done.
[   25.529336] Freezing user space processes ... (elapsed 0.001 seconds) done.
[   25.537786] Freezing remaining freezable tasks ... (elapsed 0.001 seconds) done.
[   25.546867] Suspending console(s) (use no_console_suspend to debug)
[   25.596814] PM: suspend of devices complete after 41.193 msecs
[   25.601471] PM: late suspend of devices complete after 4.624 msecs
[   25.629917] PM: noirq suspend of devices complete after 28.415 msecs
[   25.629931] Disabling non-boot CPUs ...
[   25.631760] CPU1: shutdown
[   25.692649] Entering suspend state LP1
[   25.692649] Suspended for 2.970 seconds
[   25.692691] Enabling non-boot CPUs ...
[   25.723644] CPU1 is up
[   25.725017] pcieport 0000:00:01.0: nv_msi_ht_cap_quirk didn't locate host bridge
[   25.749529] PM: noirq resume of devices complete after 25.852 msecs
[   25.753287] PM: early resume of devices complete after 3.004 msecs
[   26.297964] PM: resume of devices complete after 544.643 msecs
[   26.365947] Restarting tasks ... done.
root@(none):/# 
root@(none):/# rtcwake -d rtc1 -m mem -s 3
rtcwake: assuming RTC uses UTC ...
rtcwake: wakeup from "mem" using /dev/rtc1 at Thu Jan  1 00:01:01 1970
[   27.513858] PM: Syncing filesystems ... done.
[   27.558972] Freezing user space processes ... (elapsed 0.001 seconds) done.
[   27.567509] Freezing remaining freezable tasks ... (elapsed 0.001 seconds) done.
[   27.576591] Suspending console(s) (use no_console_suspend to debug)
[   27.614571] pci_generic_config_write32: 65 callbacks suppressed
[   27.614617] pci_bus 0000:00: 2-byte config write to 0000:00:01.0 offset 0x9c may corrupt adjacent RW1C bits
[   27.627043] PM: suspend of devices complete after 41.650 msecs
[   27.631985] PM: late suspend of devices complete after 4.911 msecs
[   27.636430] pci_bus 0000:01: 2-byte config write to 0000:01:00.0 offset 0x44 may corrupt adjacent RW1C bits
[   27.636490] pci_bus 0000:01: 2-byte config write to 0000:01:00.0 offset 0x44 may corrupt adjacent RW1C bits
[   27.659876] PM: noirq suspend of devices complete after 27.859 msecs
[   27.659889] Disabling non-boot CPUs ...
[   27.661825] CPU1: shutdown
[   27.722596] Entering suspend state LP1
[   27.722596] Suspended for 2.969 seconds
[   27.722637] Enabling non-boot CPUs ...
[   27.753605] CPU1 is up
[   27.756077] pci_bus 0000:00: 2-byte config write to 0000:00:01.0 offset 0x4c may corrupt adjacent RW1C bits
[   27.756149] pci_bus 0000:00: 2-byte config write to 0000:00:01.0 offset 0x88 may corrupt adjacent RW1C bits
[   27.756198] pci_bus 0000:00: 2-byte config write to 0000:00:01.0 offset 0x90 may corrupt adjacent RW1C bits
[   27.756228] pci_bus 0000:00: 2-byte config write to 0000:00:01.0 offset 0x98 may corrupt adjacent RW1C bits
[   27.756255] pci_bus 0000:00: 2-byte config write to 0000:00:01.0 offset 0x9c may corrupt adjacent RW1C bits
[   27.756337] pci_bus 0000:00: 2-byte config write to 0000:00:01.0 offset 0x52 may corrupt adjacent RW1C bits
[   27.756368] pci_bus 0000:00: 2-byte config write to 0000:00:01.0 offset 0x52 may corrupt adjacent RW1C bits
[   27.756440] pcieport 0000:00:01.0: nv_msi_ht_cap_quirk didn't locate host bridge
[   27.779424] PM: noirq resume of devices complete after 25.785 msecs
[   27.782952] PM: early resume of devices complete after 2.977 msecs
[   28.328295] PM: resume of devices complete after 545.309 msecs
[   28.499343] Restarting tasks ... done.
root@(none):/# 
root@(none):/# rtcwake -d rtc1 -m mem -s 3
rtcwake: assuming RTC uses UTC ...
rtcwake: wakeup from "mem" using /dev/rtc1 at Thu Jan  1 00:01:06 1970
[   29.543767] PM: Syncing filesystems ... done.
[   29.588873] Freezing user space processes ... (elapsed 0.001 seconds) done.
[   29.597425] Freezing remaining freezable tasks ... (elapsed 0.001 seconds) done.
[   29.606514] Suspending console(s) (use no_console_suspend to debug)
[   29.656555] PM: suspend of devices complete after 41.253 msecs
[   29.661287] PM: late suspend of devices complete after 4.700 msecs
[   29.689791] PM: noirq suspend of devices complete after 28.472 msecs
[   29.689803] Disabling non-boot CPUs ...
[   29.691810] CPU1: shutdown
[   29.752628] Entering suspend state LP1
[   29.752628] Suspended for 2.969 seconds
[   29.752672] Enabling non-boot CPUs ...
[   29.783482] CPU1 is up
[   29.784453] pcieport 0000:00:01.0: nv_msi_ht_cap_quirk didn't locate host bridge
[   29.809357] PM: noirq resume of devices complete after 25.841 msecs
[   29.813172] PM: early resume of devices complete after 3.062 msecs
[   30.358254] PM: resume of devices complete after 545.050 msecs
[   30.424263] Restarting tasks ... done.
root@(none):/# 
root@(none):/# rtcwake -d rtc1 -m mem -s 3
rtcwake: assuming RTC uses UTC ...
rtcwake: wakeup from "mem" using /dev/rtc1 at Thu Jan  1 00:01:11 1970
[   31.573687] PM: Syncing filesystems ... done.
[   31.618781] Freezing user space processes ... (elapsed 0.001 seconds) done.
[   31.627319] Freezing remaining freezable tasks ... (elapsed 0.001 seconds) done.
[   31.636408] Suspending console(s) (use no_console_suspend to debug)
[   31.687272] PM: suspend of devices complete after 42.101 msecs
[   31.691938] PM: late suspend of devices complete after 4.633 msecs
[   31.719643] PM: noirq suspend of devices complete after 27.673 msecs
[   31.719656] Disabling non-boot CPUs ...
[   31.721486] CPU1: shutdown
[   31.782479] Entering suspend state LP1
[   31.782479] Suspended for 2.970 seconds
[   31.782522] Enabling non-boot CPUs ...
[   31.813430] CPU1 is up
[   31.814807] pcieport 0000:00:01.0: nv_msi_ht_cap_quirk didn't locate host bridge
[   31.839262] PM: noirq resume of devices complete after 25.797 msecs
[   31.842968] PM: early resume of devices complete after 2.979 msecs
[   32.388170] PM: resume of devices complete after 545.169 msecs
[   32.456175] Restarting tasks ... done.
root@(none):/# 
root@(none):/# rtcwake -d rtc1 -m mem -s 3
rtcwake: assuming RTC uses UTC ...
rtcwake: wakeup from "mem" using /dev/rtc1 at Thu Jan  1 00:01:16 1970
[   33.603596] PM: Syncing filesystems ... done.
[   33.648681] Freezing user space processes ... (elapsed 0.001 seconds) done.
[   33.657220] Freezing remaining freezable tasks ... (elapsed 0.001 seconds) done.
[   33.666299] Suspending console(s) (use no_console_suspend to debug)
[   33.704473] pci_generic_config_write32: 65 callbacks suppressed
[   33.704521] pci_bus 0000:00: 2-byte config write to 0000:00:01.0 offset 0x9c may corrupt adjacent RW1C bits
[   33.716923] PM: suspend of devices complete after 41.835 msecs
[   33.721602] PM: late suspend of devices complete after 4.647 msecs
[   33.725955] pci_bus 0000:01: 2-byte config write to 0000:01:00.0 offset 0x44 may corrupt adjacent RW1C bits
[   33.726013] pci_bus 0000:01: 2-byte config write to 0000:01:00.0 offset 0x44 may corrupt adjacent RW1C bits
[   33.749621] PM: noirq suspend of devices complete after 27.987 msecs
[   33.749634] Disabling non-boot CPUs ...
[   33.751576] CPU1: shutdown
[   33.812366] Entering suspend state LP1
[   33.812366] Suspended for 2.970 seconds
[   33.812407] Enabling non-boot CPUs ...
[   33.843315] CPU1 is up
[   33.845788] pci_bus 0000:00: 2-byte config write to 0000:00:01.0 offset 0x4c may corrupt adjacent RW1C bits
[   33.845840] pci_bus 0000:00: 2-byte config write to 0000:00:01.0 offset 0x88 may corrupt adjacent RW1C bits
[   33.845892] pci_bus 0000:00: 2-byte config write to 0000:00:01.0 offset 0x90 may corrupt adjacent RW1C bits
[   33.845923] pci_bus 0000:00: 2-byte config write to 0000:00:01.0 offset 0x98 may corrupt adjacent RW1C bits
[   33.845951] pci_bus 0000:00: 2-byte config write to 0000:00:01.0 offset 0x9c may corrupt adjacent RW1C bits
[   33.846032] pci_bus 0000:00: 2-byte config write to 0000:00:01.0 offset 0x52 may corrupt adjacent RW1C bits
[   33.846063] pci_bus 0000:00: 2-byte config write to 0000:00:01.0 offset 0x52 may corrupt adjacent RW1C bits
[   33.846138] pcieport 0000:00:01.0: nv_msi_ht_cap_quirk didn't locate host bridge
[   33.869157] PM: noirq resume of devices complete after 25.809 msecs
[   33.872674] PM: early resume of devices complete after 2.966 msecs
[   34.408041] PM: resume of devices complete after 535.334 msecs
[   34.579162] Restarting tasks ... done.
root@(none):/# 
root@(none):/# NVTB SYSTEM SUSPEND TEST COMPLETE
