[    0.000000] Booting Linux on physical CPU 0x0
[    0.000000] Linux version 4.9.0-rc6-next-20161125-161852-g09bfc75 (pwalmsley@tamien) (gcc version 4.9.2 20140904 (prerelease) (crosstool-NG linaro-1.13.1-4.9-2014.09 - Linaro GCC 4.9-2014.09) ) #1 SMP PREEMPT Mon Nov 28 01:36:53 PST 2016
[    0.000000] Boot CPU: AArch64 Processor [411fd070]
[    0.000000] Memory limited to 1024MB
[    0.000000] efi: Getting EFI parameters from FDT:
[    0.000000] efi: UEFI not found.
[    0.000000] cma: Reserved 16 MiB at 0x000000007f000000
[    0.000000] psci: probing for conduit method from DT.
[    0.000000] psci: PSCIv0.2 detected in firmware.
[    0.000000] psci: Using standard PSCI v0.2 function IDs
[    0.000000] psci: Trusted OS migration not required
[    0.000000] percpu: Embedded 21 pages/cpu @ffff80003efd5000 s48128 r8192 d29696 u86016
[    0.000000] Detected PIPT I-cache on CPU0
[    0.000000] CPU features: enabling workaround for ARM erratum 832075
[    0.000000] CPU features: enabling workaround for ARM erratum 834220
[    0.000000] Built 1 zonelists in Zone order, mobility grouping on.  Total pages: 258048
[    0.000000] Kernel command line: root=/dev/vda2 rw rootwait mem=1024M console=ttyAMA0,38400n8 init=/bin/bash
[    0.000000] PID hash table entries: 4096 (order: 3, 32768 bytes)
[    0.000000] Dentry cache hash table entries: 131072 (order: 8, 1048576 bytes)
[    0.000000] Inode-cache hash table entries: 65536 (order: 7, 524288 bytes)
[    0.000000] Memory: 999204K/1048576K available (8444K kernel code, 920K rwdata, 4076K rodata, 1024K init, 284K bss, 32988K reserved, 16384K cma-reserved)
[    0.000000] Virtual kernel memory layout:
[    0.000000]     modules : 0xffff000000000000 - 0xffff000008000000   (   128 MB)
[    0.000000]     vmalloc : 0xffff000008000000 - 0xffff7dffbfff0000   (129022 GB)
[    0.000000]       .text : 0xffff000008080000 - 0xffff0000088c0000   (  8448 KB)
[    0.000000]     .rodata : 0xffff0000088c0000 - 0xffff000008cc0000   (  4096 KB)
[    0.000000]       .init : 0xffff000008cc0000 - 0xffff000008dc0000   (  1024 KB)
[    0.000000]       .data : 0xffff000008dc0000 - 0xffff000008ea6200   (   921 KB)
[    0.000000]        .bss : 0xffff000008ea6200 - 0xffff000008eed2c0   (   285 KB)
[    0.000000]     fixed   : 0xffff7dfffe7fd000 - 0xffff7dfffec00000   (  4108 KB)
[    0.000000]     PCI I/O : 0xffff7dfffee00000 - 0xffff7dffffe00000   (    16 MB)
[    0.000000]     vmemmap : 0xffff7e0000000000 - 0xffff800000000000   (  2048 GB maximum)
[    0.000000]               0xffff7e0000000000 - 0xffff7e0001000000   (    16 MB actual)
[    0.000000]     memory  : 0xffff800000000000 - 0xffff800040000000   (  1024 MB)
[    0.000000] SLUB: HWalign=64, Order=0-3, MinObjects=0, CPUs=1, Nodes=1
[    0.000000] Preemptible hierarchical RCU implementation.
[    0.000000] 	Build-time adjustment of leaf fanout to 64.
[    0.000000] 	RCU restricting CPUs from NR_CPUS=64 to nr_cpu_ids=1.
[    0.000000] RCU: Adjusting geometry for rcu_fanout_leaf=64, nr_cpu_ids=1
[    0.000000] NR_IRQS:64 nr_irqs:64 0
[    0.000000] GICv2m: range[mem 0x08020000-0x08020fff], SPI[80:143]
[    0.000000] arm_arch_timer: WARNING: Invalid trigger for IRQ3, assuming level low
[    0.000000] arm_arch_timer: WARNING: Please fix your firmware
[    0.000000] arm_arch_timer: Architected cp15 timer(s) running at 62.50MHz (virt).
[    0.000000] clocksource: arch_sys_counter: mask: 0xffffffffffffff max_cycles: 0x1cd42e208c, max_idle_ns: 881590405314 ns
[    0.000260] sched_clock: 56 bits at 62MHz, resolution 16ns, wraps every 4398046511096ns
[    0.013305] Console: colour dummy device 80x25
[    0.014559] Calibrating delay loop (skipped), value calculated using timer frequency.. 125.00 BogoMIPS (lpj=250000)
[    0.015292] pid_max: default: 32768 minimum: 301
[    0.016651] Security Framework initialized
[    0.017564] Mount-cache hash table entries: 2048 (order: 2, 16384 bytes)
[    0.017647] Mountpoint-cache hash table entries: 2048 (order: 2, 16384 bytes)
[    0.101052] ASID allocator initialised with 65536 entries
[    0.131014] EFI services will not be available.
[    0.136507] smp: Bringing up secondary CPUs ...
[    0.136671] smp: Brought up 1 node, 1 CPU
[    0.136737] SMP: Total of 1 processors activated.
[    0.136899] CPU features: detected feature: 32-bit EL0 Support
[    0.137761] CPU: All CPU(s) started at EL1
[    0.138813] alternatives: patching kernel code
[    0.165475] devtmpfs: initialized
[    0.191933] DMI not present or invalid.
[    0.196299] clocksource: jiffies: mask: 0xffffffff max_cycles: 0xffffffff, max_idle_ns: 7645041785100000 ns
[    0.203799] pinctrl core: initialized pinctrl subsystem
[    0.273861] NET: Registered protocol family 16
[    0.323721] cpuidle: using governor menu
[    0.328068] vdso: 2 pages (1 code @ ffff0000088c7000, 1 data @ ffff000008dc5000)
[    0.328531] hw-breakpoint: found 6 breakpoint and 4 watchpoint registers.
[    0.340272] DMA: preallocated 256 KiB pool for atomic allocations
[    0.352366] Serial: AMBA PL011 UART driver
[    0.453317] 9000000.pl011: ttyAMA0 at MMIO 0x9000000 (irq = 39, base_baud = 0) is a PL011 rev1
[    0.487202] console [ttyAMA0] enabled
[    0.501847] irq: type mismatch, failed to map hwirq-27 for /intc!
[    0.818844] HugeTLB registered 2 MB page size, pre-allocated 0 pages
[    0.854662] ACPI: Interpreter disabled.
[    0.888246] vgaarb: loaded
[    0.895517] SCSI subsystem initialized
[    0.913656] usbcore: registered new interface driver usbfs
[    0.916932] usbcore: registered new interface driver hub
[    0.918674] usbcore: registered new device driver usb
[    0.931659] pps_core: LinuxPPS API ver. 1 registered
[    0.933517] pps_core: Software ver. 5.3.6 - Copyright 2005-2007 Rodolfo Giometti <giometti@linux.it>
[    0.935470] PTP clock support registered
[    0.941599] dmi: Firmware registration failed.
[    0.957162] Advanced Linux Sound Architecture Driver Initialized.
[    1.013476] clocksource: Switched to clocksource arch_sys_counter
[    1.020999] VFS: Disk quotas dquot_6.6.0
[    1.023817] VFS: Dquot-cache hash table entries: 512 (order 0, 4096 bytes)
[    1.032005] pnp: PnP ACPI: disabled
[    1.203712] NET: Registered protocol family 2
[    1.217910] TCP established hash table entries: 8192 (order: 4, 65536 bytes)
[    1.218935] TCP bind hash table entries: 8192 (order: 5, 131072 bytes)
[    1.219927] TCP: Hash tables configured (established 8192 bind 8192)
[    1.222356] UDP hash table entries: 512 (order: 2, 16384 bytes)
[    1.223079] UDP-Lite hash table entries: 512 (order: 2, 16384 bytes)
[    1.226742] NET: Registered protocol family 1
[    1.241007] RPC: Registered named UNIX socket transport module.
[    1.241868] RPC: Registered udp transport module.
[    1.242237] RPC: Registered tcp transport module.
[    1.242592] RPC: Registered tcp NFSv4.1 backchannel transport module.
[    1.255446] kvm [1]: HYP mode not available
[    1.291592] futex hash table entries: 256 (order: 3, 32768 bytes)
[    1.295336] audit: initializing netlink subsys (disabled)
[    1.297216] audit: type=2000 audit(1.108:1): initialized
[    1.308591] workingset: timestamp_bits=46 max_order=18 bucket_order=0
[    1.484534] squashfs: version 4.0 (2009/01/31) Phillip Lougher
[    1.506806] NFS: Registering the id_resolver key type
[    1.508461] Key type id_resolver registered
[    1.511222] Key type id_legacy registered
[    1.514094] nfs4filelayout_init: NFSv4 File Layout Driver Registering...
[    1.519923] 9p: Installing v9fs 9p2000 file system support
[    1.560617] Block layer SCSI generic (bsg) driver version 0.4 loaded (major 247)
[    1.565876] io scheduler noop registered
[    1.569913] io scheduler cfq registered (default)
[    1.652438] pl061_gpio 9030000.pl061: PL061 GPIO chip @0x0000000009030000 registered
[    1.679132] OF: PCI: host bridge /pcie@10000000 ranges:
[    1.680270] OF: PCI:    IO 0x3eff0000..0x3effffff -> 0x00000000
[    1.681945] OF: PCI:   MEM 0x10000000..0x3efeffff -> 0x10000000
[    1.682477] OF: PCI:   MEM 0x8000000000..0xffffffffff -> 0x8000000000
[    1.684032] pci-host-generic 3f000000.pcie: ECAM at [mem 0x3f000000-0x3fffffff] for [bus 00-0f]
[    1.687779] pci-host-generic 3f000000.pcie: PCI host bridge to bus 0000:00
[    1.688588] pci_bus 0000:00: root bus resource [bus 00-0f]
[    1.689097] pci_bus 0000:00: root bus resource [io  0x0000-0xffff]
[    1.690602] pci_bus 0000:00: root bus resource [mem 0x10000000-0x3efeffff]
[    1.691073] pci_bus 0000:00: root bus resource [mem 0x8000000000-0xffffffffff]
[    1.794848] xenfs: not registering filesystem on non-xen platform
[    1.874710] Serial: 8250/16550 driver, 4 ports, IRQ sharing disabled
[    1.904925] SuperH (H)SCI(F) driver initialized
[    1.918121] msm_serial: driver initialized
[    1.927626] cacheinfo: Unable to detect cache hierarchy for CPU 0
[    2.047072] loop: module loaded
[    2.106449]  vda: vda1 vda2
[    2.142953] hisi_sas: driver version v1.6
[    2.203993] libphy: Fixed MDIO Bus: probed
[    2.220472] tun: Universal TUN/TAP device driver, 1.6
[    2.220918] tun: (C) 1999-2004 Max Krasnyansky <maxk@qualcomm.com>
[    2.260471] e1000e: Intel(R) PRO/1000 Network Driver - 3.2.6-k
[    2.260938] e1000e: Copyright(c) 1999 - 2015 Intel Corporation.
[    2.263497] igb: Intel(R) Gigabit Ethernet Network Driver - version 5.4.0-k
[    2.264166] igb: Copyright (c) 2007-2014 Intel Corporation.
[    2.267142] igbvf: Intel(R) Gigabit Virtual Function Network Driver - version 2.4.0-k
[    2.267881] igbvf: Copyright (c) 2009 - 2012 Intel Corporation.
[    2.270618] sky2: driver version 1.30
[    2.283935] VFIO - User Level meta-driver version: 0.3
[    2.319524] ehci_hcd: USB 2.0 'Enhanced' Host Controller (EHCI) Driver
[    2.320215] ehci-pci: EHCI PCI platform driver
[    2.323057] ehci-platform: EHCI generic platform driver
[    2.326567] ehci-exynos: EHCI EXYNOS driver
[    2.328975] ehci-msm: Qualcomm On-Chip EHCI Host Controller
[    2.332160] ohci_hcd: USB 1.1 'Open' Host Controller (OHCI) Driver
[    2.332921] ohci-pci: OHCI PCI platform driver
[    2.335686] ohci-platform: OHCI generic platform driver
[    2.338765] ohci-exynos: OHCI EXYNOS driver
[    2.350761] usbcore: registered new interface driver usb-storage
[    2.379500] mousedev: PS/2 mouse device common for all mice
[    2.404266] rtc-pl031 9010000.pl031: rtc core: registered pl031 as rtc0
[    2.419609] i2c /dev entries driver
[    2.483183] sdhci: Secure Digital Host Controller Interface driver
[    2.483787] sdhci: Copyright(c) Pierre Ossman
[    2.492549] Synopsys Designware Multimedia Card Interface Driver
[    2.507760] sdhci-pltfm: SDHCI platform and OF driver helper
[    2.524791] ledtrig-cpu: registered to indicate activity on CPUs
[    2.554689] usbcore: registered new interface driver usbhid
[    2.555286] usbhid: USB HID core driver
[    2.587307] NET: Registered protocol family 17
[    2.588862] 9pnet: Installing 9P2000 support
[    2.590381] Key type dns_resolver registered
[    2.596095] registered taskstats version 1
[    2.608916] input: gpio-keys as /devices/platform/gpio-keys/input/input0
[    2.613853] rtc-pl031 9010000.pl031: setting system clock to 2016-11-28 09:37:51 UTC (1480325871)
[    2.615317] ALSA device list:
[    2.615520]   No soundcards found.
[    2.619981] uart-pl011 9000000.pl011: no DMA platform data
[    2.627237] EXT4-fs (vda2): couldn't mount as ext3 due to feature incompatibilities
[    2.692613] EXT4-fs (vda2): recovery complete
[    2.693905] EXT4-fs (vda2): mounted filesystem with ordered data mode. Opts: (null)
[    2.696797] VFS: Mounted root (ext4 filesystem) on device 254:2.
[    2.705767] devtmpfs: mounted
[    2.783502] Freeing unused kernel memory: 1024K
bash: cannot set terminal process group (-1): Inappropriate ioctl for device
bash: no job control in this shell
bash-4.3# 