

U-Boot 2011.03 (Jun 11 2013 - 06:07:37)

T114
Board: NVIDIA Dalmore
DRAM:  2 GiB
MMC:   Tegra2 SD/MMC: 0, Tegra2 SD/MMC: 1
In:    serial
Out:   serial
Err:   serial
Net:   Net Initialization Skipped
No ethernet found.
Hit any key to stop autoboot:  2  0 
Dalmore #
Dalmore #usb reset
(Re)start USB...
USB:   Register 10011 NbrPorts 1
USB EHCI 1.10
scanning bus for devices... 2 USB Device(s) found
       scanning bus for storage devices... 0 Storage Device(s) found
       scanning bus for ethernet devices... 1 Ethernet Device(s) found
Dalmore #setenv bootargs 'ignore_loglevel console=ttyS0,115200n8 rw root=/dev/mmcblk0p1 rootwait gpt debug init=/bin/bash'
Dalmore #setenv ipaddr 192.168.100.100; setenv serverip 192.168.100.1; setenv tftpserverip 192.168.100.1
Dalmore #tftpboot 0x81000000 zImage.tegra_defconfig%tegra20,114_mergeconfig
Waiting for Ethernet connection... done.
Using asx0 device
TFTP from server 192.168.100.1; our IP address is 192.168.100.100
Filename 'zImage.tegra_defconfig%tegra20,114_mergeconfig'.
Load address: 0x81000000
Loading: *#################################################  2.8 MiB/s
done
Bytes transferred = 4226096 (407c30 hex)
Dalmore #tftpboot 0x82000000 tegra114-dalmore.dtb
Using asx0 device
TFTP from server 192.168.100.1; our IP address is 192.168.100.100
Filename 'tegra114-dalmore.dtb'.
Load address: 0x82000000
Loading: *#################################################  2.5 MiB/s
done
Bytes transferred = 34015 (84df hex)
Dalmore #bootz 0x81000000 - 0x82000000
## Flattened Device Tree blob at 82000000
   Booting using the fdt blob at 0x82000000
   Loading Device Tree to 81ff4000, end 81fff4de ... OK

Starting kernel ...

Timer summary in microseconds:
       Mark    Elapsed  Stage
          0          0  awake
  2,140,947  2,140,947  usb_start
  6,146,302  4,005,355  eth_start
  6,146,299         -3  tftp start
 10,028,194  3,881,895  tftp done
 12,156,358  2,128,164  start_kernel
Uncompressing Linux... done, booting the kernel.
[    0.000000] Booting Linux on physical CPU 0x0
[    0.000000] Initializing cgroup subsys cpu
[    0.000000] Initializing cgroup subsys cpuacct
[    0.000000] Linux version 3.14.0-rc1-next-20140204-39115-gcdd263f (pwalmsley@tamien) (gcc version 4.7.3 20130328 (prerelease) (crosstool-NG linaro-1.13.1-4.7-2013.04-20130415 - Linaro GCC 2013.04) ) #1 SMP PREEMPT Mon Feb 3 21:23:47 PST 2014
[    0.000000] CPU: ARMv7 Processor [412fc0f2] revision 2 (ARMv7), cr=10c5387d
[    0.000000] CPU: PIPT / VIPT nonaliasing data cache, PIPT instruction cache
[    0.000000] Machine model: NVIDIA Tegra114 Dalmore evaluation board
[    0.000000] debug: ignoring loglevel setting.
[    0.000000] cma: CMA: reserved 16 MiB at ae800000
[    0.000000] Memory policy: Data cache writealloc
[    0.000000] On node 0 totalpages: 524032
[    0.000000] free_area_init_node: node 0, pgdat c080f940, node_mem_map ed7f0000
[    0.000000]   Normal zone: 1520 pages used for memmap
[    0.000000]   Normal zone: 0 pages reserved
[    0.000000]   Normal zone: 194560 pages, LIFO batch:31
[    0.000000]   HighMem zone: 2574 pages used for memmap
[    0.000000]   HighMem zone: 329472 pages, LIFO batch:31
[    0.000000] Tegra Revision: A01 SKU: 0 CPU Process: 1 Core Process: 1
[    0.000000] PERCPU: Embedded 8 pages/cpu @ed7b7000 s9152 r8192 d15424 u32768
[    0.000000] pcpu-alloc: s9152 r8192 d15424 u32768 alloc=8*4096
[    0.000000] pcpu-alloc: [0] 0 [0] 1 [0] 2 [0] 3 
[    0.000000] Built 1 zonelists in Zone order, mobility grouping on.  Total pages: 522512
[    0.000000] Kernel command line: ignore_loglevel console=ttyS0,115200n8 rw root=/dev/mmcblk0p1 rootwait gpt debug init=/bin/bash
[    0.000000] PID hash table entries: 4096 (order: 2, 16384 bytes)
[    0.000000] Dentry cache hash table entries: 131072 (order: 7, 524288 bytes)
[    0.000000] Inode-cache hash table entries: 65536 (order: 6, 262144 bytes)
[    0.000000] Memory: 2053656K/2096128K available (5759K kernel code, 316K rwdata, 1900K rodata, 240K init, 340K bss, 42472K reserved, 1317888K highmem)
[    0.000000] Virtual kernel memory layout:
[    0.000000]     vector  : 0xffff0000 - 0xffff1000   (   4 kB)
[    0.000000]     fixmap  : 0xfff00000 - 0xfffe0000   ( 896 kB)
[    0.000000]     vmalloc : 0xf0000000 - 0xff000000   ( 240 MB)
[    0.000000]     lowmem  : 0xc0000000 - 0xef800000   ( 760 MB)
[    0.000000]     pkmap   : 0xbfe00000 - 0xc0000000   (   2 MB)
[    0.000000]     modules : 0xbf000000 - 0xbfe00000   (  14 MB)
[    0.000000]       .text : 0xc0008000 - 0xc0783224   (7661 kB)
[    0.000000]       .init : 0xc0784000 - 0xc07c03c0   ( 241 kB)
[    0.000000]       .data : 0xc07c2000 - 0xc08110a0   ( 317 kB)
[    0.000000]        .bss : 0xc08110ac - 0xc0866458   ( 341 kB)
[    0.000000] Preemptible hierarchical RCU implementation.
[    0.000000] NR_IRQS:16 nr_irqs:16 16
[   12.940933] sched_clock: 32 bits at 1000kHz, resolution 1000ns, wraps every 2147483648000ns
[    0.000400] Architected cp15 timer(s) running at 12.00MHz (virt).
[   11.046641] sched_clock: 56 bits at 12MHz, resolution 83ns, wraps every 2863311536128ns
[    0.000003] Switching to timer-based delay loop
[    0.000426] Console: colour dummy device 80x30
[    0.000460] Calibrating delay loop (skipped), value calculated using timer frequency.. 24.00 BogoMIPS (lpj=120000)
[    0.000477] pid_max: default: 32768 minimum: 301
[    0.000905] Mount-cache hash table entries: 512
[    0.021924] Initializing cgroup subsys debug
[    0.021941] Initializing cgroup subsys freezer
[    0.022006] CPU: Testing write buffer coherency: ok
[    0.022344] /cpus/cpu@0 missing clock-frequency property
[    0.022369] /cpus/cpu@1 missing clock-frequency property
[    0.022392] /cpus/cpu@2 missing clock-frequency property
[    0.022416] /cpus/cpu@3 missing clock-frequency property
[    0.022429] CPU0: thread -1, cpu 0, socket 0, mpidr 80000000
[    0.022457] Setting up static identity map for 0x80575350 - 0x805753e8
[    0.080785] CPU1: Booted secondary processor
[    0.080814] CPU1: thread -1, cpu 1, socket 0, mpidr 80000001
[    0.100809] CPU2: Booted secondary processor
[    0.100834] CPU2: thread -1, cpu 2, socket 0, mpidr 80000002
[    0.120775] CPU3: Booted secondary processor
[    0.120800] CPU3: thread -1, cpu 3, socket 0, mpidr 80000003
[    0.120980] Brought up 4 CPUs
[    0.121009] SMP: Total of 4 processors activated.
[    0.121018] CPU: All CPU(s) started in SVC mode.
[    0.122070] devtmpfs: initialized
[    0.135452] VFP support v0.3: implementor 41 architecture 4 part 30 variant f rev 0
[    0.136192] pinctrl core: initialized pinctrl subsystem
[    0.136937] regulator-dummy: no parameters
[    0.137868] NET: Registered protocol family 16
[    0.139187] DMA: preallocated 256 KiB pool for atomic coherent allocations
[    0.140491] cpuidle: using governor ladder
[    0.140503] cpuidle: using governor menu
[    0.157636] No ATAGs?
[    0.157666] hw-breakpoint: found 5 (+1 reserved) breakpoint and 4 watchpoint registers.
[    0.157678] hw-breakpoint: maximum watchpoint size is 8 bytes.
[    0.175699] bio: create slab <bio-0> at 0
[    0.177320] vdd_ac_bat: 5000 mV 
[    0.177804] dvdd_ts: Failed to request enable GPIO61: -517
[    0.177970] reg-fixed-voltage 1.regulator: Failed to register regulator: -517
[    0.177995] platform 1.regulator: Driver reg-fixed-voltage requests probe deferral
[    0.178334] usb1_vbus: Failed to request enable GPIO108: -517
[    0.178487] reg-fixed-voltage 3.regulator: Failed to register regulator: -517
[    0.178510] platform 3.regulator: Driver reg-fixed-voltage requests probe deferral
[    0.178848] usb2_vbus: Failed to request enable GPIO86: -517
[    0.178996] reg-fixed-voltage 4.regulator: Failed to register regulator: -517
[    0.179020] platform 4.regulator: Driver reg-fixed-voltage requests probe deferral
[    0.179354] vdd_hdmi_5v0: Failed to request enable GPIO81: -517
[    0.179502] reg-fixed-voltage 5.regulator: Failed to register regulator: -517
[    0.179525] platform 5.regulator: Driver reg-fixed-voltage requests probe deferral
[    0.179623] platform 6.regulator: Driver reg-fixed-voltage requests probe deferral
[    0.181078] vgaarb: loaded
[    0.182352] SCSI subsystem initialized
[    0.182999] usbcore: registered new interface driver usbfs
[    0.183166] usbcore: registered new interface driver hub
[    0.183355] usbcore: registered new device driver usb
[    0.188879] vdd-cpu: 500 <--> 1520 mV at 1100 mV 
[    0.189644] tps65090 2-0048: No cache defaults, reading back from HW
[    0.196265] vdd-sys-5v0: no parameters
[    0.196349] vdd-sys-5v0: supplied by vdd_ac_bat
[    0.197917] vdd-sys-3v3: no parameters
[    0.197988] vdd-sys-3v3: supplied by vdd_ac_bat
[    0.199548] vdd-ao: no parameters
[    0.199619] vdd-ao: supplied by vdd_ac_bat
[    0.199989] vdd-lcd-bl: no parameters
[    0.200060] vdd-lcd-bl: supplied by vdd_ac_bat
[    0.200478] TPS65090_RAILSFET2: no parameters
[    0.200549] TPS65090_RAILSFET2: supplied by vdd_ac_bat
[    0.200918] vdd-modem-3v3: no parameters
[    0.200985] vdd-modem-3v3: supplied by vdd-sys-3v3
[    0.201357] avdd-lcd: no parameters
[    0.201423] avdd-lcd: supplied by vdd-sys-3v3
[    0.201800] vdd-lvds: no parameters
[    0.201865] vdd-lvds: supplied by vdd-sys-3v3
[    0.202253] vdd-sd-slot: no parameters
[    0.202318] vdd-sd-slot: supplied by vdd-sys-3v3
[    0.202679] vdd-com-3v3: no parameters
[    0.202744] vdd-com-3v3: supplied by vdd-sys-3v3
[    0.203138] vdd-sby-5v0: no parameters
[    0.203197] vdd-sby-5v0: supplied by vdd_ac_bat
[    0.203560] vdd-sby-3v3: no parameters
[    0.203618] vdd-sby-3v3: supplied by vdd_ac_bat
[    0.204069] genirq: Setting trigger mode 8 for irq 118 failed (gic_set_type+0x0/0xf0)
[    0.204627] palmas 2-0058: Irq flag is 0x00000000
[    0.219180] palmas 2-0058: Muxing GPIO ff, PWM 0, LED 0
[    0.228524] vddio-ddr: 1350 mV 
[    0.229447] vddio-ddr: supplied by vdd-ao
[    0.236547] vddio-1v8: 1800 mV 
[    0.237457] vddio-1v8: supplied by vdd-ao
[    0.244561] vdd-core: 900 <--> 1400 mV at 1100 mV 
[    0.245468] vdd-core: supplied by vdd-sys-3v3
[    0.249786] SMPS6: no parameters
[    0.257706] avdd-pll: 1050 mV 
[    0.258617] avdd-pll: supplied by vdd-sys-3v3
[    0.267060] sdhci-vdd-sd-slot: 2800 mV 
[    0.267979] sdhci-vdd-sd-slot: supplied by vdd-sys-3v3
[    0.269937] SMPS10_OUT2: at 5000 mV 
[    0.271920] SMPS10_OUT1: at 5000 mV 
[    0.274728] avdd-cam1: 2800 mV 
[    0.275624] avdd-cam1: supplied by vdd-sys-3v3
[    0.279772] avdd-cam2: 2800 mV 
[    0.280682] avdd-cam2: supplied by vdd-sys-3v3
[    0.285595] avdd-dsi-csi: 1200 mV 
[    0.286491] avdd-dsi-csi: supplied by vddio-1v8
[    0.291410] vpp-fuse: 1800 mV 
[    0.292306] vpp-fuse: supplied by vdd-sys-3v3
[    0.295654] LDO5: at 1200 mV 
[    0.296553] LDO5: supplied by vdd_ac_bat
[    0.299299] vdd-sensor-2v85: 2850 mV 
[    0.300209] vdd-sensor-2v85: supplied by vdd-sys-3v3
[    0.304341] vdd-af-cam1: 2800 mV 
[    0.305235] vdd-af-cam1: supplied by vdd-sys-3v3
[    0.313489] vdd-rtc: 900 mV 
[    0.314383] vdd-rtc: supplied by vdd-ao
[    0.318521] vddio-sdmmc-2: 1800 <--> 3300 mV at 3300 mV 
[    0.319428] vddio-sdmmc-2: supplied by sdhci-vdd-sd-slot
[    0.324326] hvdd-usb: 3300 mV 
[    0.325219] hvdd-usb: supplied by vdd-sys-5v0
[    0.330146] avdd-usb: 3300 mV 
[    0.331042] avdd-usb: supplied by vdd-sys-5v0
[    0.334369] rail-3v3: no parameters
[    0.336898] rail-5v0: no parameters
[    0.338625] REGEN3: no parameters
[    0.338973] SYSEN1: no parameters
[    0.339326] SYSEN2: no parameters
[    0.340173] Linux video capture interface: v2.00
[    0.341128] platform 70019010.iommu: Driver tegra-smmu requests probe deferral
[    0.341508] Advanced Linux Sound Architecture Driver Initialized.
[    0.342798] Bluetooth: Core ver 2.18
[    0.342878] NET: Registered protocol family 31
[    0.342887] Bluetooth: HCI device and connection manager initialized
[    0.342911] Bluetooth: HCI socket layer initialized
[    0.342933] Bluetooth: L2CAP socket layer initialized
[    0.342993] Bluetooth: SCO socket layer initialized
[    0.343677] cfg80211: Calling CRDA to update world regulatory domain
[    0.344411] Switched to clocksource arch_sys_counter
[    0.366222] NET: Registered protocol family 2
[    0.367153] TCP established hash table entries: 8192 (order: 3, 32768 bytes)
[    0.367262] TCP bind hash table entries: 8192 (order: 4, 65536 bytes)
[    0.367449] TCP: Hash tables configured (established 8192 bind 8192)
[    0.367864] TCP: reno registered
[    0.367881] UDP hash table entries: 512 (order: 2, 16384 bytes)
[    0.367925] UDP-Lite hash table entries: 512 (order: 2, 16384 bytes)
[    0.368359] NET: Registered protocol family 1
[    0.369085] RPC: Registered named UNIX socket transport module.
[    0.369095] RPC: Registered udp transport module.
[    0.369103] RPC: Registered tcp transport module.
[    0.369111] RPC: Registered tcp NFSv4.1 backchannel transport module.
[    0.369124] PCI: CLS 0 bytes, default 64
[    0.373164] futex hash table entries: 1024 (order: 4, 65536 bytes)
[    0.374329] bounce pool size: 64 pages
[    0.375914] squashfs: version 4.0 (2009/01/31) Phillip Lougher
[    0.376710] msgmni has been set to 1469
[    0.378400] io scheduler noop registered (default)
[    0.407428] tegra-apbdma 6000a000.dma: Tegra20 APB DMA driver register 32 channels
[    0.408305] Serial: 8250/16550 driver, 4 ports, IRQ sharing disabled
[    0.411649] 70006300.serial: ttyS0 at MMIO 0x70006300 (irq = 122, base_baud = 25500000) is a Tegra
[    1.432210] console [ttyS0] enabled
[    1.436826] [drm] Initialized drm 1.1.0 20060810
[    1.441566] tegra-dc 54200000.dc: missing "nvidia,head" property
[    1.447961] tegra-dc 54240000.dc: missing "nvidia,head" property
[    1.454610] platform 54300000.dsi: Driver tegra-dsi requests probe deferral
[    1.462141] tegra-hdmi 54280000.hdmi: failed to get VDD regulator
[    1.468278] platform 54280000.hdmi: Driver tegra-hdmi requests probe deferral
[    1.487602] loop: module loaded
[    1.494856] m25p80 spi32766.0: w25q32dw (4096 Kbytes)
[    1.502771] pegasus: v0.9.3 (2013/04/25), Pegasus/Pegasus II USB Ethernet driver
[    1.510302] usbcore: registered new interface driver pegasus
[    1.516144] usbcore: registered new interface driver asix
[    1.521644] usbcore: registered new interface driver ax88179_178a
[    1.527856] usbcore: registered new interface driver cdc_ether
[    1.533786] usbcore: registered new interface driver r815x
[    1.539449] usbcore: registered new interface driver smsc75xx
[    1.545371] usbcore: registered new interface driver smsc95xx
[    1.551217] usbcore: registered new interface driver net1080
[    1.557000] usbcore: registered new interface driver cdc_subset
[    1.563019] usbcore: registered new interface driver zaurus
[    1.568765] usbcore: registered new interface driver cdc_ncm
[    1.574483] ehci_hcd: USB 2.0 'Enhanced' Host Controller (EHCI) Driver
[    1.580999] ehci-pci: EHCI PCI platform driver
[    1.585564] tegra-ehci: Tegra EHCI driver
[    1.589808] platform 7d008000.usb: Driver tegra-ehci requests probe deferral
[    1.597282] usbcore: registered new interface driver cdc_acm
[    1.602931] cdc_acm: USB Abstract Control Model driver for USB modems and ISDN adapters
[    1.611050] usbcore: registered new interface driver cdc_wdm
[    1.616871] usbcore: registered new interface driver usb-storage
[    1.623110] platform 7d008000.usb-phy: Driver tegra-phy requests probe deferral
[    1.631220] mousedev: PS/2 mouse device common for all mice
[    1.649728] palmas-rtc rtc.8: rtc core: registered rtc.8 as rtc0
[    1.660448] tegra_rtc 7000e000.rtc: rtc core: registered 7000e000.rtc as rtc1
[    1.667620] tegra_rtc 7000e000.rtc: Tegra internal Real Time Clock
[    1.675386] sbs-battery 0-000b: sbs_probe: Failed to get device status
[    1.681918] sbs-battery: probe of 0-000b failed with error -121
[    1.706966] sdhci: Secure Digital Host Controller Interface driver
[    1.713147] sdhci: Copyright(c) Pierre Ossman
[    1.717524] sdhci-pltfm: SDHCI platform and OF driver helper
[    1.723679] sdhci-tegra 78000400.sdhci: Got CD GPIO #170.
[    1.730164] mmc0: no vqmmc regulator found
[    1.734275] mmc0: no vmmc regulator found
[    1.738304] mmc0: Invalid maximum block size, assuming 512 bytes
[    1.784453] mmc0: SDHCI controller on 78000400.sdhci [78000400.sdhci] using ADMA
[    1.794085] mmc1: no vqmmc regulator found
[    1.798217] mmc1: no vmmc regulator found
[    1.802233] mmc1: Invalid maximum block size, assuming 512 bytes
[    1.844486] mmc1: SDHCI controller on 78000600.sdhci [78000600.sdhci] using ADMA
[    1.854990] usbcore: registered new interface driver usbhid
[    1.864437] usbhid: USB HID core driver
[    1.976724] mmc1: BKOPS_EN bit is not set
[    2.007392] mmc1: new HS200 MMC card at address 0001
[    2.013121] isa bounce pool size: 16 pages
[    2.017404] mmcblk0: mmc1:0001 SEM32G 29.1 GiB 
[    2.022303] mmcblk0boot0: mmc1:0001 SEM32G partition 1 4.00 MiB
[    2.028567] mmcblk0boot1: mmc1:0001 SEM32G partition 2 4.00 MiB
[    2.034819] mmcblk0rpmb: mmc1:0001 SEM32G partition 3 4.00 MiB
[    2.043615] Primary GPT is invalid, using alternate GPT.
[    2.048994]  mmcblk0: p1 p2 p3 p4 p5
[    2.057959]  mmcblk0boot1: unknown partition table
[    2.064986]  mmcblk0boot0: unknown partition table
[    2.309034] tegra-snd-rt5640 sound.5: ASoC: CPU DAI (null) not registered
[    2.315999] tegra-snd-rt5640 sound.5: snd_soc_register_card failed (-517)
[    2.322814] platform sound.5: Driver tegra-snd-rt5640 requests probe deferral
[    2.331419] TCP: cubic registered
[    2.335073] NET: Registered protocol family 10
[    2.341022] mip6: Mobile IPv6
[    2.344004] sit: IPv6 over IPv4 tunneling driver
[    2.351582] NET: Registered protocol family 17
[    2.356119] NET: Registered protocol family 15
[    2.360703] Bluetooth: RFCOMM socket layer initialized
[    2.365910] Bluetooth: RFCOMM ver 1.11
[    2.369684] Bluetooth: BNEP (Ethernet Emulation) ver 1.3
[    2.375047] Bluetooth: BNEP socket layer initialized
[    2.380015] Bluetooth: HIDP (Human Interface Emulation) ver 1.2
[    2.385984] Bluetooth: HIDP socket layer initialized
[    2.392265] Registering SWP/SWPB emulation handler
[    2.402424] hvdd-usb: disabling
[    2.408461] vdd-af-cam1: disabling
[    2.414576] LDO5: disabling
[    2.420251] vpp-fuse: disabling
[    2.426363] avdd-cam2: disabling
[    2.432887] avdd-cam1: disabling
[    2.440362] vdd-com-3v3: disabling
[    2.444377] vdd-lvds: disabling
[    2.448149] avdd-lcd: disabling
[    2.453454] dvdd_ts: 1800 mV 
[    2.457275] usb1_vbus: 5000 mV 
[    2.460543] usb1_vbus: supplied by vdd-sys-5v0
[    2.465830] usb2_vbus: 5000 mV 
[    2.469112] usb2_vbus: supplied by vdd-sys-5v0
[    2.474348] vdd_hdmi_5v0: 5000 mV 
[    2.477928] vdd_hdmi_5v0: supplied by vdd-sys-5v0
[    2.485610] vdd_cam_1v8_reg: 1800 mV 
[    2.496521] [drm] Supports vblank timestamp caching Rev 2 (21.10.2013).
[    2.503140] [drm] No driver support for vblank timestamp query.
[    2.561851] Console: switching to colour frame buffer device 240x75
[    2.590252] host1x drm: fb0:  frame buffer device
[    2.594976] host1x drm: registered panic notifier
[    2.599696] [drm] Initialized tegra 0.0.0 20120330 on minor 0
[    2.606037] platform 7d008000.usb: Driver tegra-ehci requests probe deferral
[    2.614885] tegra-snd-rt5640 sound.5: ASoC: CPU DAI (null) not registered
[    2.621814] tegra-snd-rt5640 sound.5: snd_soc_register_card failed (-517)
[    2.628780] platform sound.5: Driver tegra-snd-rt5640 requests probe deferral
[    2.636657] tegra-ehci 7d008000.usb: EHCI Host Controller
[    2.642195] tegra-ehci 7d008000.usb: new USB bus registered, assigned bus number 1
[    2.650973] tegra-ehci 7d008000.usb: irq 129, io mem 0x7d008000
[    2.674487] tegra-ehci 7d008000.usb: USB 2.0 started, EHCI 1.10
[    2.682682] hub 1-0:1.0: USB hub found
[    2.686648] hub 1-0:1.0: 1 port detected
[    2.692357] tegra-snd-rt5640 sound.5: ASoC: CPU DAI (null) not registered
[    2.699294] tegra-snd-rt5640 sound.5: snd_soc_register_card failed (-517)
[    2.706278] platform sound.5: Driver tegra-snd-rt5640 requests probe deferral
[    2.715605] input: gpio-keys.3 as /devices/soc0/gpio-keys.3/input/input0
[    2.724032] tegra-snd-rt5640 sound.5: ASoC: CPU DAI (null) not registered
[    2.730882] palmas-rtc rtc.8: setting system clock to 2000-04-30 07:51:58 UTC (957081118)
[    2.730981] tegra-snd-rt5640 sound.5: snd_soc_register_card failed (-517)
[    2.731034] platform sound.5: Driver tegra-snd-rt5640 requests probe deferral
[    2.770394] ALSA device list:
[    2.773401]   No soundcards found.
[    2.787636] kjournald starting.  Commit interval 5 seconds
[    2.793267] EXT3-fs (mmcblk0p1): using internal journal
[    2.798595] EXT3-fs (mmcblk0p1): recovery complete
[    2.803428] EXT3-fs (mmcblk0p1): mounted filesystem with writeback data mode
[    2.810723] VFS: Mounted root (ext3 filesystem) on device 179:1.
[    2.818795] devtmpfs: mounted
[    2.822140] Freeing unused kernel memory: 240K (c0784000 - c07c0000)
bash: cannot set terminal process group (-1): Inappropriate ioctl for device
bash: no job control in this shell
I have no name!@(none):/# 