

U-Boot 2015.04-00466-gedec83e90172 (Mar 14 2016 - 10:42:01)

TEGRA124
Model: Acer Chromebook 13 CB5-311
DRAM:  4 GiB
:   Tegra SD/MMC: 0, Tegra SD/MMC: 1, Tegra SD/MMC: 2
MMC init failed
Using default environment

In:    serial
Out:   serial
Err:   serial
Net:   Net Initialization Skipped
No ethernet found.
Hit any key to stop autoboot:  2  0 
Tegra124 (Nyan-big) # 
Tegra124 (Nyan-big) # usb start
starting USB...
USB0:   USB EHCI 1.10
scanning bus 0 for devices... 2 USB Device(s) found
USB1:   USB EHCI 1.10
scanning bus 1 for devices... 2 USB Device(s) found
       scanning usb for storage devices... 1 Storage Device(s) found
       scanning usb for ethernet devices... 
Warning: asx0 using MAC address from net device
1 Ethernet Device(s) found
Tegra124 (Nyan-big) # setenv bootargs 'ignore_loglevel console=ttyS0,115200n8 rw root=PARTUUID=4d36e82a-b3c0-4b4b-bfcd-afe5217ac023 rootwait gpt debug noinitrd earlyprintk init=/bin/bash'
Tegra124 (Nyan-big) # setenv ipaddr 192.168.100.102; setenv serverip 192.168.100.1; setenv tftpserverip 192.168.100.1
Tegra124 (Nyan-big) # tftpboot 0x82000000 zImage.tegra_defconfig
Using asx0 device
TFTP from server 192.168.100.1; our IP address is 192.168.100.102
Filename 'zImage.tegra_defconfig'.
Load address: 0x82000000
Loading: *#################################################################
	 #################################################################
	 #################################################################
	 #################################################################
	 #################################################################
	 #############################################
	 3.5 MiB/s
done
Bytes transferred = 5419272 (52b108 hex)
Tegra124 (Nyan-big) # tftpboot 0x83000000 tegra124-nyan-big.dtb
Using asx0 device
TFTP from server 192.168.100.1; our IP address is 192.168.100.102
Filename 'tegra124-nyan-big.dtb'.
Load address: 0x83000000
Loading: *#####
	 3.2 MiB/s
done
Bytes transferred = 66821 (10505 hex)
Tegra124 (Nyan-big) # bootz 0x82000000 - 0x83000000
Kernel image @ 0x82000000 [ 0x000000 - 0x52b108 ]
## Flattened Device Tree blob at 83000000
   Booting using the fdt blob at 0x83000000
   Using Device Tree in place at 83000000, end 83013504

Starting kernel ...

[    3.245563] console [ttyS0] enabled
[    3.249039] bootconsole [earlycon0] disabled
[    3.254290] [drm] Initialized drm 1.1.0 20060810
[    3.259316] tegra-hdmi 54280000.hdmi: failed to get HDMI regulator
[    3.265902] tegra-dpaux 545c0000.dpaux: failed to get VDD supply: -517
[    3.273207] panel supply power not found, using dummy regulator
[    3.284540] loop: module loaded
[    3.288316] as3722 4-0040: AS3722 with revision 0x1 found
[    3.298432] as3722-sd2: supplied by +5V_SYS
[    3.302939] as3722-sd3: supplied by +5V_SYS
[    3.307295] +1.35V_LP0(sd3): Bringing 0uV into 1350000-1350000uV
[    3.313551] as3722-sd4: supplied by +5V_SYS
[    3.317897] +1.05V_RUN: Bringing 0uV into 1050000-1050000uV
[    3.323720] as3722-sd5: supplied by +5V_SYS
[    3.329520] as3722-ldo0: supplied by +1.35V_LP0(sd2)
[    3.335358] +1.8V_RUN_CAM: Bringing 0uV into 1800000-1800000uV
[    3.341466] as3722-ldo2: supplied by +1.8V_VDDIO
[    3.347205] as3722-ldo3: supplied by +3.3V_SYS
[    3.351657] +1.00V_LP0_VDD_RTC: Bringing 1100000uV into 1000000-1000000uV
[    3.359325] as3722-ldo4: supplied by +3.3V_SYS
[    3.363928] +3.3V_RUN_CAM: Bringing 0uV into 2800000-2800000uV
[    3.370040] as3722-ldo5: supplied by +1.8V_VDDIO
[    3.374824] +1.2V_RUN_CAM_FRONT: Bringing 0uV into 1200000-1200000uV
[    3.381605] +VDDIO_SDMMC3: Bringing 0uV into 1800000-1800000uV
[    3.387741] as3722-ldo7: supplied by +1.8V_VDDIO
[    3.392515] +1.05V_RUN_CAM_REAR: Bringing 0uV into 1050000-1050000uV
[    3.399161] as3722-ldo9: supplied by +5V_SYS
[    3.403733] +2.8V_RUN_TOUCH: Bringing 0uV into 2800000-2800000uV
[    3.410037] as3722-ldo10: supplied by +5V_SYS
[    3.414546] +2.8V_RUN_CAM_AF: Bringing 0uV into 2800000-2800000uV
[    3.421093] +1.8V_RUN_VPP_FUSE: Bringing 0uV into 1800000-1800000uV
[    3.471690] cros-ec-spi spi32766.0: Chrome EC device registered
[    3.481824] random: fast init done
[    3.487116] m25p80 spi32765.0: w25q32dw (4096 Kbytes)
[    3.493496] libphy: Fixed MDIO Bus: probed
[    3.497600] CAN device driver interface
[    3.501462] igb: Intel(R) Gigabit Ethernet Network Driver - version 5.3.0-k
[    3.508410] igb: Copyright (c) 2007-2014 Intel Corporation.
[    3.514079] pegasus: v0.9.3 (2013/04/25), Pegasus/Pegasus II USB Ethernet driver
[    3.521517] usbcore: registered new interface driver pegasus
[    3.527225] usbcore: registered new interface driver asix
[    3.532651] usbcore: registered new interface driver ax88179_178a
[    3.538784] usbcore: registered new interface driver cdc_ether
[    3.544663] usbcore: registered new interface driver smsc75xx
[    3.550447] usbcore: registered new interface driver smsc95xx
[    3.556232] usbcore: registered new interface driver net1080
[    3.561914] usbcore: registered new interface driver cdc_subset
[    3.567869] usbcore: registered new interface driver zaurus
[    3.573482] usbcore: registered new interface driver cdc_ncm
[    3.579241] ehci_hcd: USB 2.0 'Enhanced' Host Controller (EHCI) Driver
[    3.585758] ehci-pci: EHCI PCI platform driver
[    3.590228] tegra-ehci: Tegra EHCI driver
[    3.594562] usbcore: registered new interface driver cdc_acm
[    3.600213] cdc_acm: USB Abstract Control Model driver for USB modems and ISDN adapters
[    3.608243] usbcore: registered new interface driver cdc_wdm
[    3.613941] usbcore: registered new interface driver usb-storage
[    3.620210] mousedev: PS/2 mouse device common for all mice
[    3.626087] input: cros_ec as /devices/soc0/7000d400.spi/spi_master/spi32766/spi32766.0/7000d400.spi:cros-ec@0:keyboard-controller/input/input0
[    3.641113] as3722-rtc as3722-rtc: rtc core: registered as3722-rtc as rtc0
[    3.647980] as3722-rtc as3722-rtc: RTC interrupt 370
[    3.654795] tegra_rtc 7000e000.rtc: rtc core: registered 7000e000.rtc as rtc1
[    3.661943] tegra_rtc 7000e000.rtc: Tegra internal Real Time Clock
[    3.668250] i2c /dev entries driver
[    3.672494] usbcore: registered new interface driver uvcvideo
[    3.678234] USB Video Class driver (1.1.1)
[    3.682316] gspca_main: v2.14.0 registered
[    3.686695] 0-004c supply vcc not found, using dummy regulator
[    3.694465] tegra-wdt 60005000.timer: initialized (heartbeat = 120 sec, nowayout = 0)
[    3.702871] sdhci: Secure Digital Host Controller Interface driver
[    3.709047] sdhci: Copyright(c) Pierre Ossman
[    3.713390] sdhci-pltfm: SDHCI platform and OF driver helper
[    3.719184] sdhci-tegra 700b0000.sdhci: allocated mmc-pwrseq
[    3.724986] sdhci-tegra 700b0400.sdhci: Got CD GPIO
[    3.729856] sdhci-tegra 700b0400.sdhci: Got WP GPIO
[    3.734880] mmc0: Unknown controller version (3). You may experience problems.
[    3.742113] mmc0: Invalid maximum block size, assuming 512 bytes
[    3.804695] mmc0: SDHCI controller on 700b0600.sdhci [700b0600.sdhci] using ADMA 64-bit
[    3.815135] usbcore: registered new interface driver usbhid
[    3.823615] usbhid: USB HID core driver
[    3.834843] tegra30-i2s 70301100.i2s: DMA channels sourced from device 70300000.ahub
[    3.875147] max98090 0-0010: MAX98090 REVID=0x43
[    3.882434] max98090 0-0010: use default 2.8v micbias
[    3.885106] mmc0: new high speed MMC card at address 0001
[    3.885576] mmcblk0: mmc0:0001 MMC16G 14.4 GiB 
[    3.885768] mmcblk0boot0: mmc0:0001 MMC16G partition 1 2.00 MiB
[    3.885948] mmcblk0boot1: mmc0:0001 MMC16G partition 2 2.00 MiB
[    3.886110] mmcblk0rpmb: mmc0:0001 MMC16G partition 3 128 KiB
[    3.889287]  mmcblk0: p1 p2 p3 p4 p5 p6 p7 p8 p9 p10 p11 p12
[    3.923220] tegra-snd-max98090 sound: HiFi <-> 70301100.i2s mapping ok
[    3.931026] input: GoogleNyanBig Headphones as /devices/soc0/sound/sound/card1/input1
[    3.939138] input: GoogleNyanBig Mic Jack as /devices/soc0/sound/sound/card1/input2
[    4.224663] NET: Registered protocol family 10
[    4.384677] mip6: Mobile IPv6
[    4.387637] sit: IPv6, IPv4 and MPLS over IPv4 tunneling driver
[    4.394593] NET: Registered protocol family 17
[    4.399049] NET: Registered protocol family 15
[    4.403480] can: controller area network core (rev 20120528 abi 9)
[    4.444708] NET: Registered protocol family 29
[    4.449140] can: raw protocol (rev 20120528)
[    4.453396] can: broadcast manager protocol (rev 20160617 t)
[    4.459054] can: netlink gateway (rev 20130117) max_hops=1
[    4.504718] Bluetooth: RFCOMM socket layer initialized
[    4.509850] Bluetooth: RFCOMM ver 1.11
[    4.513591] Bluetooth: BNEP (Ethernet Emulation) ver 1.3
[    4.518901] Bluetooth: BNEP socket layer initialized
[    4.523851] Bluetooth: HIDP (Human Interface Emulation) ver 1.2
[    4.529766] Bluetooth: HIDP socket layer initialized
[    4.534877] Key type dns_resolver registered
[    4.539591] Registering SWP/SWPB emulation handler
[    4.545804] +3.3V_RUN: supplied by +3.3V_SYS
[    4.550592] +3.3V_AVDD_HDMI_AP_GATED: supplied by +3.3V_RUN
[    4.556242] +1.8V_RUN_CAM: supplied by +3.3V_RUN
[    4.560886] +VDDIO_SDMMC3: supplied by +3.3V_RUN
[    4.565620] +1.8V_RUN_VPP_FUSE: supplied by +3.3V_RUN
[    4.570801] +VDD_LED: supplied by +VDD_MUX
[    4.575249] +5V_VDD_TS_SW: supplied by +5V_SYS
[    4.579902] +5V_USB_HS: supplied by +5V_SYS
[    4.584282] +5V_USB_SS: supplied by +5V_SYS
[    4.589488] +3.3V_PANEL: supplied by +3.3V_RUN
[    4.594897] +3.3V_LP0: supplied by +3.3V_SYS
[    4.599946] +1.05V_RUN_AVDD_HDMI_PLL: supplied by +1.05V_RUN
[    4.606159] +5V_HDMI_CON: supplied by +5V_SYS
[    4.606507] input: tegra-hda HDMI/DP,pcm=3 as /devices/soc0/70030000.hda/sound/card0/input3
[    4.620164] usb3-0 supply vbus not found, using dummy regulator
[    4.626162] usb3-1 supply vbus not found, using dummy regulator
[    4.634413] tegra-sor 54540000.sor: failed to probe output: -517
[    4.640583] panel supply power not found, using dummy regulator
[    4.715380] tegra-xusb 70090000.usb: Firmware timestamp: 2014-09-16 02:10:07 UTC
[    4.722792] tegra-xusb 70090000.usb: xHCI Host Controller
[    4.728235] tegra-xusb 70090000.usb: new USB bus registered, assigned bus number 1
[    4.737816] tegra-xusb 70090000.usb: hcc params 0x0184f525 hci version 0x100 quirks 0x00010010
[    4.746454] tegra-xusb 70090000.usb: irq 342, io mem 0x70090000
[    4.752996] hub 1-0:1.0: USB hub found
[    4.756818] hub 1-0:1.0: 6 ports detected
[    4.761549] tegra-xusb 70090000.usb: xHCI Host Controller
[    4.766970] tegra-xusb 70090000.usb: new USB bus registered, assigned bus number 2
[    4.774634] usb usb2: We don't know the algorithms for LPM for this host, disabling LPM.
[    4.783434] hub 2-0:1.0: USB hub found
[    4.787242] hub 2-0:1.0: 2 ports detected
[    4.792358] sdhci-tegra 700b0000.sdhci: allocated mmc-pwrseq
[    4.798243] mmc1: Unknown controller version (3). You may experience problems.
[    4.805536] mmc1: Invalid maximum block size, assuming 512 bytes
[    4.812090] mmc1: Switching to 3.3V signalling voltage failed
[    4.874782] mmc1: SDHCI controller on 700b0000.sdhci [700b0000.sdhci] using ADMA 64-bit
[    4.883027] sdhci-tegra 700b0400.sdhci: Got CD GPIO
[    4.889956] sdhci-tegra 700b0400.sdhci: Got WP GPIO
[    4.898332] mmc2: Unknown controller version (3). You may experience problems.
[    4.905693] mmc2: Invalid maximum block size, assuming 512 bytes
[    4.946834] mmc1: new high speed SDIO card at address 0001
[    4.974835] mmc2: SDHCI controller on 700b0400.sdhci [700b0400.sdhci] using ADMA 64-bit
[    5.082955] [drm] Supports vblank timestamp caching Rev 2 (21.10.2013).
[    5.089587] [drm] No driver support for vblank timestamp query.
[    5.124691] usb 1-2: new high-speed USB device number 2 using tegra-xusb
[    5.126916] mmc2: new high speed SDHC card at address 0007
[    5.127704] mmcblk2: mmc2:0007 SD08G 7.42 GiB 
[    5.136302] GPT:Primary header alternate_lba != Alt. header my_lba
[    5.136305] GPT:3014591 != 15564799
[    5.136307] GPT:Primary header thinks Alt. header is not at the end of the disk.
[    5.136308] GPT:3014591 != 15564799
[    5.136309] GPT: Use GNU Parted to correct GPT errors.
[    5.136335]  mmcblk2: p1 p2 p3 p4 p5 p6 p7 p8 p9 p10 p11 p12
[    5.151151] Console: switching to colour frame buffer device 170x48
[    5.209218] drm drm: fb0:  frame buffer device
[    5.244749] [drm] Initialized tegra 0.0.0 20120330 on minor 0
[    5.251222] input: gpio-keys as /devices/soc0/gpio-keys/input/input4
[    5.258743] as3722-rtc as3722-rtc: setting system clock to 2000-01-01 00:00:24 UTC (946684824)
[    5.273022] +1.8V_RUN_CAM: disabling
[    5.276823] +1.2V_RUN_CAM_FRONT: disabling
[    5.281120] +1.05V_RUN_CAM_REAR: disabling
[    5.285474] +2.8V_RUN_TOUCH: disabling
[    5.289382] +2.8V_RUN_CAM_AF: disabling
[    5.293376] +1.8V_RUN_VPP_FUSE: disabling
[    5.297567] +5V_VDD_TS_SW: disabling
[    5.301325] ALSA device list:
[    5.304284]   #0: tegra-hda at 0x70038000 irq 341
[    5.309039]   #1: GoogleNyanBig
[    5.312987] EXT4-fs (mmcblk0p3): couldn't mount as ext3 due to feature incompatibilities
[    5.445483] uvcvideo: Found UVC 1.00 device HD WebCam (1bcf:2c67)
[    5.460537] input: HD WebCam as /devices/soc0/70090000.usb/usb1/1-2/1-2:1.0/input/input5
[    5.504999] EXT4-fs (mmcblk0p3): recovery complete
[    5.510566] EXT4-fs (mmcblk0p3): mounted filesystem with ordered data mode. Opts: (null)
[    5.518736] VFS: Mounted root (ext4 filesystem) on device 179:3.
[    5.525953] devtmpfs: mounted
[    5.529359] Freeing unused kernel memory: 1024K (c0c00000 - c0d00000)
bash: cannot set terminal process group (-1): Inappropriate ioctl for device
bash: no job control in this shell
root@(none):/# [    5.804773] usb 1-3: new high-speed USB device number 3 using tegra-xusb
[    6.878719] asix 1-3:1.0 eth0: register 'asix' at usb-70090000.usb-3, ASIX AX88772 USB 2.0 Ethernet, c8:d7:19:90:fa:65
[    7.224746] usb 1-1: new high-speed USB device number 4 using tegra-xusb
[    7.403359] usb-storage 1-1:1.0: USB Mass Storage device detected
[    7.410399] scsi host0: usb-storage 1-1:1.0
[    8.566660] scsi 0:0:0:0: Direct-Access     SanDisk  SDDR-113         9412 PQ: 0 ANSI: 0
[    8.739806] sd 0:0:0:0: [sda] 15523840 512-byte logical blocks: (7.95 GB/7.40 GiB)
[    8.748635] sd 0:0:0:0: [sda] Write Protect is off
[    8.753419] sd 0:0:0:0: [sda] Mode Sense: 03 00 00 00
[    8.759838] sd 0:0:0:0: [sda] No Caching mode page found
[    8.765209] sd 0:0:0:0: [sda] Assuming drive cache: write through
[    8.792582]  sda: sda1 sda2 sda3 sda4 sda5 sda6 sda7 sda8 sda9 sda10 sda11 sda12 sda13
[    8.806328] sd 0:0:0:0: [sda] Attached SCSI removable disk
mount -t sysfs none /sys
root@(none):/# 
root@(none):/# mount -t debugfs none /sys/kernel/debug
root@(none):/# 
root@(none):/# rtcwake -d rtc1 -m mem -s 3
rtcwake: assuming RTC uses UTC ...
rtcwake: wakeup from "mem" using /dev/rtc1 at Thu Jan  1 00:00:52 1970
[   31.865874] PM: Syncing filesystems ... done.
[   31.875152] Freezing user space processes ... [   31.876420] Double checking all user space processes after OOM killer disable... (elapsed 0.000 seconds) 
[   31.876455] Freezing remaining freezable tasks ... (elapsed 0.007 seconds) done.
[   31.884001] Suspending console(s) (use no_console_suspend to debug)
(elapsed 0.001 seconds) done.
[   32.126060] PM: suspend of devices complete after 222.312 msecs
[   32.126977] PM: late suspend of devices complete after 0.912 msecs
[   32.127827] PM: noirq suspend of devices complete after 0.847 msecs
[   32.127829] Disabling non-boot CPUs ...
[   32.185015] CPU1: shutdown
[   32.305071] CPU2: shutdown
[   32.384872] IRQ17 no longer affine to CPU3
[   32.385039] CPU3: shutdown
[   32.435480] Entering suspend state LP1
[   32.435494] Enabling non-boot CPUs ...
[   32.465920] CPU1 is up
[   32.506027] CPU2 is up
[   32.546285] CPU3 is up
[   32.546821] PM: noirq resume of devices complete after 0.531 msecs
[   32.548489] PM: early resume of devices complete after 1.176 msecs
[   32.597763] mmc1: Switching to 3.3V signalling voltage failed
[   32.774989] usb 1-1: reset high-speed USB device number 4 using tegra-xusb
[   32.844720] tegra-sor 54540000.sor: failed to attach SOR: -110
[   32.951300] PM: resume of devices complete after 402.802 msecs
[   33.040302] Restarting tasks ... done.
root@(none):/# 
root@(none):/# rtcwake -d rtc1 -m mem -s 3
rtcwake: assuming RTC uses UTC ...
rtcwake: wakeup from "mem" using /dev/rtc1 at Thu Jan  1 00:00:57 1970
[   34.174442] PM: Syncing filesystems ... done.
[   34.183946] Freezing user space processes ... (elapsed 0.001 seconds) done.
[   34.192153] Double checking all user space processes after OOM killer disable... (elapsed 0.000 seconds) 
[   34.201816] Freezing remaining freezable tasks ... (elapsed 0.001 seconds) done.
[   34.210483] Suspending console(s) (use no_console_suspend to debug)
[   34.426103] PM: suspend of devices complete after 208.762 msecs
[   34.427811] PM: late suspend of devices complete after 1.699 msecs
[   34.428728] PM: noirq suspend of devices complete after 0.912 msecs
[   34.428730] Disabling non-boot CPUs ...
[   34.464991] CPU1: shutdown
[   34.564987] CPU2: shutdown
[   34.664957] CPU3: shutdown
[   34.715459] Entering suspend state LP1
[   34.715485] Enabling non-boot CPUs ...
[   34.745891] CPU1 is up
[   34.786022] CPU2 is up
[   34.826255] CPU3 is up
[   34.826835] PM: noirq resume of devices complete after 0.575 msecs
[   34.828633] PM: early resume of devices complete after 1.285 msecs
[   34.869697] mmc1: Switching to 3.3V signalling voltage failed
[   35.124659] tegra-sor 54540000.sor: failed to attach SOR: -110
[   35.140827] PM: resume of devices complete after 312.185 msecs
[   35.216148] Restarting tasks ... done.
root@(none):/# 
root@(none):/# rtcwake -d rtc1 -m mem -s 3
rtcwake: assuming RTC uses UTC ...
rtcwake: wakeup from "mem" using /dev/rtc1 at Thu Jan  1 00:01:02 1970
[   36.454439] PM: Syncing filesystems ... done.
[   36.463803] Freezing user space processes ... (elapsed 0.001 seconds) done.
[   36.472016] Double checking all user space processes after OOM killer disable... (elapsed 0.000 seconds) 
[   36.481681] Freezing remaining freezable tasks ... (elapsed 0.001 seconds) done.
[   36.490332] Suspending console(s) (use no_console_suspend to debug)
[   36.706010] PM: suspend of devices complete after 208.818 msecs
[   36.706926] PM: late suspend of devices complete after 0.912 msecs
[   36.707767] PM: noirq suspend of devices complete after 0.838 msecs
[   36.707769] Disabling non-boot CPUs ...
[   36.744976] CPU1: shutdown
[   36.844962] CPU2: shutdown
[   36.944932] CPU3: shutdown
[   36.995425] Entering suspend state LP1
[   36.995452] Enabling non-boot CPUs ...
[   37.025884] CPU1 is up
[   37.066008] CPU2 is up
[   37.106230] CPU3 is up
[   37.106805] PM: noirq resume of devices complete after 0.571 msecs
[   37.108629] PM: early resume of devices complete after 1.317 msecs
[   37.150284] mmc1: Switching to 3.3V signalling voltage failed
[   37.334961] usb 1-1: reset high-speed USB device number 4 using tegra-xusb
[   37.404612] tegra-sor 54540000.sor: failed to attach SOR: -110
[   37.511246] PM: resume of devices complete after 402.607 msecs
[   37.593494] Restarting tasks ... done.
root@(none):/# 
root@(none):/# rtcwake -d rtc1 -m mem -s 3
rtcwake: assuming RTC uses UTC ...
rtcwake: wakeup from "mem" using /dev/rtc1 at Thu Jan  1 00:01:07 1970
[   38.734391] PM: Syncing filesystems ... done.
[   38.743914] Freezing user space processes ... (elapsed 0.001 seconds) done.
[   38.752131] Double checking all user space processes after OOM killer disable... (elapsed 0.000 seconds) 
[   38.761802] Freezing remaining freezable tasks ... (elapsed 0.001 seconds) done.
[   38.770454] Suspending console(s) (use no_console_suspend to debug)
[   38.986038] PM: suspend of devices complete after 208.722 msecs
[   38.987460] PM: late suspend of devices complete after 1.413 msecs
[   38.988330] PM: noirq suspend of devices complete after 0.865 msecs
[   38.988332] Disabling non-boot CPUs ...
[   39.024948] CPU1: shutdown
[   39.124943] CPU2: shutdown
[   39.234902] CPU3: shutdown
[   39.285404] Entering suspend state LP1
[   39.285431] Enabling non-boot CPUs ...
[   39.315866] CPU1 is up
[   39.355977] CPU2 is up
[   39.396208] CPU3 is up
[   39.396735] PM: noirq resume of devices complete after 0.522 msecs
[   39.398657] PM: early resume of devices complete after 1.427 msecs
[   39.439375] mmc1: Switching to 3.3V signalling voltage failed
[   39.694655] tegra-sor 54540000.sor: failed to attach SOR: -110
[   39.710652] PM: resume of devices complete after 311.989 msecs
[   39.785978] Restarting tasks ... done.
root@(none):/# 
root@(none):/# rtcwake -d rtc1 -m mem -s 3
rtcwake: assuming RTC uses UTC ...
rtcwake: wakeup from "mem" using /dev/rtc1 at Thu Jan  1 00:01:12 1970
[   41.024237] PM: Syncing filesystems ... done.
[   41.033603] Freezing user space processes ... (elapsed 0.001 seconds) done.
[   41.041827] Double checking all user space processes after OOM killer disable... (elapsed 0.000 seconds) 
[   41.051553] Freezing remaining freezable tasks ... (elapsed 0.001 seconds) done.
[   41.060198] Suspending console(s) (use no_console_suspend to debug)
[   41.275957] PM: suspend of devices complete after 208.899 msecs
[   41.276874] PM: late suspend of devices complete after 0.912 msecs
[   41.277705] PM: noirq suspend of devices complete after 0.827 msecs
[   41.277707] Disabling non-boot CPUs ...
[   41.314930] CPU1: shutdown
[   41.414916] CPU2: shutdown
[   41.524882] CPU3: shutdown
[   41.575376] Entering suspend state LP1
[   41.575402] Enabling non-boot CPUs ...
[   41.605839] CPU1 is up
[   41.645949] CPU2 is up
[   41.686177] CPU3 is up
[   41.686726] PM: noirq resume of devices complete after 0.545 msecs
[   41.688829] PM: early resume of devices complete after 1.601 msecs
[   41.729692] mmc1: Switching to 3.3V signalling voltage failed
[   41.914907] usb 1-1: reset high-speed USB device number 4 using tegra-xusb
[   41.984553] tegra-sor 54540000.sor: failed to attach SOR: -110
[   42.091283] PM: resume of devices complete after 402.444 msecs
[   42.173544] Restarting tasks ... done.
root@(none):/# 
root@(none):/# rtcwake -d rtc1 -m mem -s 3
rtcwake: assuming RTC uses UTC ...
rtcwake: wakeup from "mem" using /dev/rtc1 at Thu Jan  1 00:01:17 1970
[   43.314347] PM: Syncing filesystems ... done.
[   43.323866] Freezing user space processes ... (elapsed 0.001 seconds) done.
[   43.332089] Double checking all user space processes after OOM killer disable... (elapsed 0.000 seconds) 
[   43.341758] Freezing remaining freezable tasks ... (elapsed 0.001 seconds) done.
[   43.350469] Suspending console(s) (use no_console_suspend to debug)
[   43.565932] PM: suspend of devices complete after 208.604 msecs
[   43.566848] PM: late suspend of devices complete after 0.912 msecs
[   43.567683] PM: noirq suspend of devices complete after 0.831 msecs
[   43.567685] Disabling non-boot CPUs ...
[   43.604905] CPU1: shutdown
[   43.704892] CPU2: shutdown
[   43.804854] CPU3: shutdown
[   43.855352] Entering suspend state LP1
[   43.855378] Enabling non-boot CPUs ...
[   43.885819] CPU1 is up
[   43.925922] CPU2 is up
[   43.966150] CPU3 is up
[   43.966690] PM: noirq resume of devices complete after 0.535 msecs
[   43.968669] PM: early resume of devices complete after 1.463 msecs
[   44.009633] mmc1: Switching to 3.3V signalling voltage failed
[   44.194883] usb 1-1: reset high-speed USB device number 4 using tegra-xusb
[   44.264573] tegra-sor 54540000.sor: failed to attach SOR: -110
[   44.371388] PM: resume of devices complete after 402.709 msecs
[   44.453604] Restarting tasks ... done.
root@(none):/# 
root@(none):/# rtcwake -d rtc1 -m mem -s 3
rtcwake: assuming RTC uses UTC ...
rtcwake: wakeup from "mem" using /dev/rtc1 at Thu Jan  1 00:01:22 1970
[   45.594324] PM: Syncing filesystems ... done.
[   45.603701] Freezing user space processes ... (elapsed 0.001 seconds) done.
[   45.611834] Double checking all user space processes after OOM killer disable... (elapsed 0.000 seconds) 
[   45.621501] Freezing remaining freezable tasks ... (elapsed 0.001 seconds) done.
[   45.630140] Suspending console(s) (use no_console_suspend to debug)
[   45.845905] PM: suspend of devices complete after 208.906 msecs
[   45.846823] PM: late suspend of devices complete after 0.913 msecs
[   45.847660] PM: noirq suspend of devices complete after 0.834 msecs
[   45.847662] Disabling non-boot CPUs ...
[   45.884876] CPU1: shutdown
[   45.984865] CPU2: shutdown
[   46.094826] CPU3: shutdown
[   46.145341] Entering suspend state LP1
[   46.145367] Enabling non-boot CPUs ...
[   46.175787] CPU1 is up
[   46.215899] CPU2 is up
[   46.256125] CPU3 is up
[   46.256666] PM: noirq resume of devices complete after 0.537 msecs
[   46.258522] PM: early resume of devices complete after 1.358 msecs
[   46.299790] mmc1: Switching to 3.3V signalling voltage failed
[   46.554495] tegra-sor 54540000.sor: failed to attach SOR: -110
[   46.570908] PM: resume of devices complete after 312.380 msecs
[   46.646216] Restarting tasks ... done.
root@(none):/# 
root@(none):/# rtcwake -d rtc1 -m mem -s 3
rtcwake: assuming RTC uses UTC ...
rtcwake: wakeup from "mem" using /dev/rtc1 at Thu Jan  1 00:01:27 1970
[   47.884283] PM: Syncing filesystems ... done.
[   47.893646] Freezing user space processes ... (elapsed 0.001 seconds) done.
[   47.901871] Double checking all user space processes after OOM killer disable... (elapsed 0.000 seconds) 
[   47.911540] Freezing remaining freezable tasks ... (elapsed 0.001 seconds) done.
[   47.920186] Suspending console(s) (use no_console_suspend to debug)
[   48.135882] PM: suspend of devices complete after 208.836 msecs
[   48.136796] PM: late suspend of devices complete after 0.910 msecs
[   48.137638] PM: noirq suspend of devices complete after 0.839 msecs
[   48.137640] Disabling non-boot CPUs ...
[   48.174854] CPU1: shutdown
[   48.274837] CPU2: shutdown
[   48.374804] CPU3: shutdown
[   48.425308] Entering suspend state LP1
[   48.425334] Enabling non-boot CPUs ...
[   48.455771] CPU1 is up
[   48.495866] CPU2 is up
[   48.536104] CPU3 is up
[   48.536628] PM: noirq resume of devices complete after 0.520 msecs
[   48.538513] PM: early resume of devices complete after 1.375 msecs
[   48.579620] mmc1: Switching to 3.3V signalling voltage failed
[   48.764757] usb 1-1: reset high-speed USB device number 4 using tegra-xusb
[   48.834514] tegra-sor 54540000.sor: failed to attach SOR: -110
[   48.960756] PM: resume of devices complete after 422.233 msecs
[   49.043035] Restarting tasks ... done.
root@(none):/# 
root@(none):/# rtcwake -d rtc1 -m mem -s 3
rtcwake: assuming RTC uses UTC ...
rtcwake: wakeup from "mem" using /dev/rtc1 at Thu Jan  1 00:01:32 1970
[   50.174221] PM: Syncing filesystems ... done.
[   50.183775] Freezing user space processes ... (elapsed 0.001 seconds) done.
[   50.191997] Double checking all user space processes after OOM killer disable... (elapsed 0.000 seconds) 
[   50.201668] Freezing remaining freezable tasks ... (elapsed 0.001 seconds) done.
[   50.210315] Suspending console(s) (use no_console_suspend to debug)
[   50.435888] PM: suspend of devices complete after 218.701 msecs
[   50.437475] PM: late suspend of devices complete after 1.578 msecs
[   50.438285] PM: noirq suspend of devices complete after 0.806 msecs
[   50.438287] Disabling non-boot CPUs ...
[   50.474819] CPU1: shutdown
[   50.574811] CPU2: shutdown
[   50.674610] IRQ17 no longer affine to CPU3
[   50.674785] CPU3: shutdown
[   50.725276] Entering suspend state LP1
[   50.725302] Enabling non-boot CPUs ...
[   50.755738] CPU1 is up
[   50.795853] CPU2 is up
[   50.836074] CPU3 is up
[   50.836608] PM: noirq resume of devices complete after 0.529 msecs
[   50.838247] PM: early resume of devices complete after 1.143 msecs
[   50.879660] mmc1: Switching to 3.3V signalling voltage failed
[   51.074829] usb 1-1: reset high-speed USB device number 4 using tegra-xusb
[   51.134463] tegra-sor 54540000.sor: failed to attach SOR: -110
[   51.251272] PM: resume of devices complete after 413.015 msecs
[   51.337586] Restarting tasks ... done.
root@(none):/# 
root@(none):/# rtcwake -d rtc1 -m mem -s 3
rtcwake: assuming RTC uses UTC ...
rtcwake: wakeup from "mem" using /dev/rtc1 at Thu Jan  1 00:01:37 1970
[   52.464226] PM: Syncing filesystems ... done.
[   52.473596] Freezing user space processes ... (elapsed 0.001 seconds) done.
[   52.481822] Double checking all user space processes after OOM killer disable... (elapsed 0.000 seconds) 
[   52.491492] Freezing remaining freezable tasks ... (elapsed 0.001 seconds) done.
[   52.500139] Suspending console(s) (use no_console_suspend to debug)
[   52.715830] PM: suspend of devices complete after 208.832 msecs
[   52.716745] PM: late suspend of devices complete after 0.910 msecs
[   52.717576] PM: noirq suspend of devices complete after 0.828 msecs
[   52.717578] Disabling non-boot CPUs ...
[   52.754802] CPU1: shutdown
[   52.854785] CPU2: shutdown
[   52.954755] CPU3: shutdown
[   53.005254] Entering suspend state LP1
[   53.005280] Enabling non-boot CPUs ...
[   53.035724] CPU1 is up
[   53.075823] CPU2 is up
[   53.116050] CPU3 is up
[   53.116578] PM: noirq resume of devices complete after 0.523 msecs
[   53.118098] PM: early resume of devices complete after 1.024 msecs
[   53.159497] mmc1: Switching to 3.3V signalling voltage failed
[   53.414434] tegra-sor 54540000.sor: failed to attach SOR: -110
[   53.430885] PM: resume of devices complete after 312.781 msecs
[   53.506217] Restarting tasks ... done.
root@(none):/# 
root@(none):/# NVTB SYSTEM SUSPEND TEST COMPLETE
