
U-Boot SPL 2014.01-00219-gc4d376f (Feb 18 2014 - 19:57:32)


U-Boot 2014.01-00219-gc4d376f (Feb 18 2014 - 19:57:32)

TEGRA114
Board: NVIDIA Dalmore
I2C:   ready
DRAM:  2 GiB
MMC:   Tegra SD/MMC: 0, Tegra SD/MMC: 1
In:    serial
Out:   serial
Err:   serial
Net:   Net Initialization Skipped
No ethernet found.
Hit any key to stop autoboot:  2  0 
Tegra114 (Dalmore) # 
Tegra114 (Dalmore) # usb reset
(Re)start USB...
USB0:   USB EHCI 1.10
scanning bus 0 for devices... 2 USB Device(s) found
       scanning usb for storage devices... 0 Storage Device(s) found
       scanning usb for ethernet devices... 
Warning: asx0 using MAC address from net device
1 Ethernet Device(s) found
Tegra114 (Dalmore) # setenv bootargs 'ignore_loglevel console=ttyS0,115200n8 rw root=/dev/mmcblk0p1 rootwait gpt debug earlyprintk init=/bin/bash'
Tegra114 (Dalmore) # setenv ipaddr 192.168.100.100; setenv serverip 192.168.100.1; setenv tftpserverip 192.168.100.1
Tegra114 (Dalmore) # tftpboot 0x81000000 zImage.multi_v7_defconfig
Using asx0 device
TFTP from server 192.168.100.1; our IP address is 192.168.100.100
Filename 'zImage.multi_v7_defconfig'.
Load address: 0x81000000
Loading: *#################################################################
	 #################################################################
	 #################################################################
	 #################################################################
	 #################################################################
	 #################################################################
	 #################################################################
	 ########
	 3.2 MiB/s
done
Bytes transferred = 6787472 (679190 hex)
Tegra114 (Dalmore) # tftpboot 0x82000000 tegra114-dalmore.dtb
Using asx0 device
TFTP from server 192.168.100.1; our IP address is 192.168.100.100
Filename 'tegra114-dalmore.dtb'.
Load address: 0x82000000
Loading: *###
	 2.6 MiB/s
done
Bytes transferred = 34894 (884e hex)
Tegra114 (Dalmore) # bootz 0x81000000 - 0x82000000
Kernel image @ 0x81000000 [ 0x000000 - 0x679190 ]
## Flattened Device Tree blob at 82000000
   Booting using the fdt blob at 0x82000000
   Loading Device Tree to 8fff4000, end 8ffff84d ... OK

Starting kernel ...

[    0.000000] Booting Linux on physical CPU 0x0
[    0.000000] Linux version 4.5.0-rc2-next-20160202-69716-g65df5e9 (pwalmsley@sellafield) (gcc version 4.7.3 20130328 (prerelease) (crosstool-NG linaro-1.13.1-4.7-2013.04-20130415 - Linaro GCC 2013.04) ) #1 SMP Mon Feb 1 20:47:53 PST 2016
[    0.000000] CPU: ARMv7 Processor [412fc0f2] revision 2 (ARMv7), cr=10c5387d
[    0.000000] CPU: div instructions available: patching division code
[    0.000000] CPU: PIPT / VIPT nonaliasing data cache, PIPT instruction cache
[    0.000000] Machine model: NVIDIA Tegra114 Dalmore evaluation board
[    0.000000] debug: ignoring loglevel setting.
[    0.000000] cma: Reserved 64 MiB at 0xfb800000
[    0.000000] Memory policy: Data cache writealloc
[    0.000000] On node 0 totalpages: 524032
[    0.000000] free_area_init_node: node 0, pgdat c1074600, node_mem_map eeff8000
[    0.000000]   DMA zone: 1536 pages used for memmap
[    0.000000]   DMA zone: 0 pages reserved
[    0.000000]   DMA zone: 196608 pages, LIFO batch:31
[    0.000000]   HighMem zone: 327424 pages, LIFO batch:31
[    0.000000] PERCPU: Embedded 13 pages/cpu @eef9f000 s22976 r8192 d22080 u53248
[    0.000000] pcpu-alloc: s22976 r8192 d22080 u53248 alloc=13*4096
[    0.000000] pcpu-alloc: [0] 0 [0] 1 [0] 2 [0] 3 
[    0.000000] Built 1 zonelists in Zone order, mobility grouping on.  Total pages: 522496
[    0.000000] Kernel command line: ignore_loglevel console=ttyS0,115200n8 rw root=/dev/mmcblk0p1 rootwait gpt debug earlyprintk init=/bin/bash
[    0.000000] PID hash table entries: 4096 (order: 2, 16384 bytes)
[    0.000000] Dentry cache hash table entries: 131072 (order: 7, 524288 bytes)
[    0.000000] Inode-cache hash table entries: 65536 (order: 6, 262144 bytes)
[    0.000000] Memory: 1997860K/2096128K available (8503K kernel code, 1113K rwdata, 4052K rodata, 1104K init, 345K bss, 32732K reserved, 65536K cma-reserved, 1244160K highmem)
[    0.000000] Virtual kernel memory layout:
[    0.000000]     vector  : 0xffff0000 - 0xffff1000   (   4 kB)
[    0.000000]     fixmap  : 0xffc00000 - 0xfff00000   (3072 kB)
[    0.000000]     vmalloc : 0xf0800000 - 0xff800000   ( 240 MB)
[    0.000000]     lowmem  : 0xc0000000 - 0xf0000000   ( 768 MB)
[    0.000000]     pkmap   : 0xbfe00000 - 0xc0000000   (   2 MB)
[    0.000000]     modules : 0xbf000000 - 0xbfe00000   (  14 MB)
[    0.000000]       .text : 0xc0208000 - 0xc0e4beec   (12560 kB)
[    0.000000]       .init : 0xc0e4c000 - 0xc0f60000   (1104 kB)
[    0.000000]       .data : 0xc0f60000 - 0xc10765c0   (1114 kB)
[    0.000000]        .bss : 0xc1079000 - 0xc10cf620   ( 346 kB)
[    0.000000] SLUB: HWalign=64, Order=0-3, MinObjects=0, CPUs=4, Nodes=1
[    0.000000] Hierarchical RCU implementation.
[    0.000000] 	Build-time adjustment of leaf fanout to 32.
[    0.000000] 	RCU restricting CPUs from NR_CPUS=16 to nr_cpu_ids=4.
[    0.000000] RCU: Adjusting geometry for rcu_fanout_leaf=32, nr_cpu_ids=4
[    0.000000] NR_IRQS:16 nr_irqs:16 16
[    0.000000] /interrupt-controller@60004000: 160 interrupts forwarded to /interrupt-controller@50041000
[    0.000000] Tegra clk 127: register failed with -17
[    0.000009] sched_clock: 32 bits at 1000kHz, resolution 1000ns, wraps every 2147483647500ns
[    0.000028] clocksource: timer_us: mask: 0xffffffff max_cycles: 0xffffffff, max_idle_ns: 1911260446275 ns
[    0.000043] Switching to timer-based delay loop, resolution 1000ns
[    0.003043] Architected cp15 timer(s) running at 12.00MHz (virt).
[    0.003061] clocksource: arch_sys_counter: mask: 0xffffffffffffff max_cycles: 0x2c47f4ee7, max_idle_ns: 440795202497 ns
[    0.003081] sched_clock: 56 bits at 12MHz, resolution 83ns, wraps every 4398046511096ns
[    0.003094] Switching to timer-based delay loop, resolution 83ns
[    0.003473] Console: colour dummy device 80x30
[    0.003500] Calibrating delay loop (skipped), value calculated using timer frequency.. 24.00 BogoMIPS (lpj=60000)
[    0.003515] pid_max: default: 32768 minimum: 301
[    0.003623] Mount-cache hash table entries: 2048 (order: 1, 8192 bytes)
[    0.003636] Mountpoint-cache hash table entries: 2048 (order: 1, 8192 bytes)
[    0.004246] CPU: Testing write buffer coherency: ok
[    0.004460] /cpus/cpu@0 missing clock-frequency property
[    0.004489] /cpus/cpu@1 missing clock-frequency property
[    0.004518] /cpus/cpu@2 missing clock-frequency property
[    0.004548] /cpus/cpu@3 missing clock-frequency property
[    0.004561] CPU0: thread -1, cpu 0, socket 0, mpidr 80000000
[    0.004608] Setting up static identity map for 0x80209000 - 0x80209098
[    0.006917] Tegra Revision: A01 SKU: 0 CPU Process: 1 SoC Process: 0
[    0.008222] CPU1: thread -1, cpu 1, socket 0, mpidr 80000001
[    0.008863] CPU2: thread -1, cpu 2, socket 0, mpidr 80000002
[    0.009499] CPU3: thread -1, cpu 3, socket 0, mpidr 80000003
[    0.009569] Brought up 4 CPUs
[    0.009589] SMP: Total of 4 processors activated (96.00 BogoMIPS).
[    0.009597] CPU: All CPU(s) started in SVC mode.
[    0.010998] devtmpfs: initialized
[    0.021454] VFP support v0.3: implementor 41 architecture 4 part 30 variant f rev 0
[    0.022070] clocksource: jiffies: mask: 0xffffffff max_cycles: 0xffffffff, max_idle_ns: 9556302231375000 ns
[    0.023653] pinctrl core: initialized pinctrl subsystem
[    0.025331] NET: Registered protocol family 16
[    0.027506] DMA: preallocated 256 KiB pool for atomic coherent allocations
[    0.042969] cpuidle: using governor menu
[    0.057522] No ATAGs?
[    0.057558] hw-breakpoint: found 5 (+1 reserved) breakpoint and 4 watchpoint registers.
[    0.057568] hw-breakpoint: maximum watchpoint size is 8 bytes.
[    0.062652] Serial: AMBA PL011 UART driver
[    0.063962] tegra-mc 70019000.memory-controller: no memory timings for RAM code 3 registered
[    0.092867] dvdd_ts: Failed to request enable GPIO61: -517
[    0.092987] reg-fixed-voltage regulators:regulator@1: Failed to register regulator: -517
[    0.093208] usb1_vbus: Failed to request enable GPIO108: -517
[    0.093341] reg-fixed-voltage regulators:regulator@3: Failed to register regulator: -517
[    0.093558] usb2_vbus: Failed to request enable GPIO86: -517
[    0.093665] reg-fixed-voltage regulators:regulator@4: Failed to register regulator: -517
[    0.094179] VDD_5V0_HDMI_CON: Failed to request enable GPIO81: -517
[    0.094289] reg-fixed-voltage regulators:regulator@7: Failed to register regulator: -517
[    0.097314] vgaarb: loaded
[    0.098341] SCSI subsystem initialized
[    0.098522] libata version 3.00 loaded.
[    0.098822] usbcore: registered new interface driver usbfs
[    0.098890] usbcore: registered new interface driver hub
[    0.098972] usbcore: registered new device driver usb
[    0.102694] tps65090 2-0048: No cache defaults, reading back from HW
[    0.108863] genirq: Setting trigger mode 8 for irq 341 failed (irq_chip_set_type_parent+0x0/0x28)
[    0.108887] palmas 2-0058: Irq flag is 0x00000000
[    0.111472] palmas 2-0058: Muxing GPIO ff, PWM 0, LED 0
[    0.121728] sdhci-vdd-sd-slot: ramp_delay not set
[    0.146339] pps_core: LinuxPPS API ver. 1 registered
[    0.146350] pps_core: Software ver. 5.3.6 - Copyright 2005-2007 Rodolfo Giometti <giometti@linux.it>
[    0.146379] PTP clock support registered
[    0.146602] EDAC MC: Ver: 3.0.0
[    0.149143] clocksource: Switched to clocksource arch_sys_counter
[    0.160042] NET: Registered protocol family 2
[    0.160562] TCP established hash table entries: 8192 (order: 3, 32768 bytes)
[    0.160661] TCP bind hash table entries: 8192 (order: 4, 65536 bytes)
[    0.160849] TCP: Hash tables configured (established 8192 bind 8192)
[    0.160907] UDP hash table entries: 512 (order: 2, 16384 bytes)
[    0.160949] UDP-Lite hash table entries: 512 (order: 2, 16384 bytes)
[    0.161120] NET: Registered protocol family 1
[    0.161387] RPC: Registered named UNIX socket transport module.
[    0.161397] RPC: Registered udp transport module.
[    0.161406] RPC: Registered tcp transport module.
[    0.161413] RPC: Registered tcp NFSv4.1 backchannel transport module.
[    0.161438] PCI: CLS 0 bytes, default 64
[    0.163715] futex hash table entries: 1024 (order: 4, 65536 bytes)
[    0.176399] squashfs: version 4.0 (2009/01/31) Phillip Lougher
[    0.177337] NFS: Registering the id_resolver key type
[    0.177372] Key type id_resolver registered
[    0.177380] Key type id_legacy registered
[    0.177467] ntfs: driver 2.1.32 [Flags: R/O].
[    0.178926] bounce: pool size: 64 pages
[    0.179182] Block layer SCSI generic (bsg) driver version 0.4 loaded (major 249)
[    0.179205] io scheduler noop registered
[    0.179225] io scheduler deadline registered
[    0.179267] io scheduler cfq registered (default)
[    0.201059] vdd-lcd-bl: supplied by vdd_ac_bat
[    0.207764] tegra-apbdma 6000a000.dma: Tegra20 APB DMA driver register 32 channels
[    0.209513] tegra-pmc 7000e400.pmc: i2c-thermtrip node not found, emergency thermal reset disabled.
[    0.276014] Serial: 8250/16550 driver, 4 ports, IRQ sharing disabled
[    0.279105] console [ttyS0] disabled
[    0.279165] 70006300.serial: ttyS0 at MMIO 0x70006300 (irq = 329, base_baud = 25500000) is a Tegra
[    1.087795] console [ttyS0] enabled
[    1.092106] SuperH (H)SCI(F) driver initialized
[    1.097638] msm_serial: driver initialized
[    1.101957] STMicroelectronics ASC driver initialized
[    1.109428] [drm] Initialized drm 1.1.0 20060810
[    1.116054] tegra-hdmi 54280000.hdmi: failed to get HDMI regulator
[    1.122802] vdd-ao: supplied by vdd_ac_bat
[    1.127143] vddio-1v8: supplied by vdd-ao
[    1.131541] avdd-dsi-csi: supplied by vddio-1v8
[    1.139862] vdd-sys-3v3: supplied by vdd_ac_bat
[    1.144631] avdd-lcd: supplied by vdd-sys-3v3
[    1.160553] brd: module loaded
[    1.169795] loop: module loaded
[    1.180123] m25p80 spi32766.0: w25q32dw (4096 Kbytes)
[    1.188719] libphy: Fixed MDIO Bus: probed
[    1.193578] CAN device driver interface
[    1.199387] igb: Intel(R) Gigabit Ethernet Network Driver - version 5.3.0-k
[    1.206356] igb: Copyright (c) 2007-2014 Intel Corporation.
[    1.215036] pegasus: v0.9.3 (2013/04/25), Pegasus/Pegasus II USB Ethernet driver
[    1.222493] usbcore: registered new interface driver pegasus
[    1.228233] usbcore: registered new interface driver asix
[    1.233691] usbcore: registered new interface driver ax88179_178a
[    1.239842] usbcore: registered new interface driver cdc_ether
[    1.245751] usbcore: registered new interface driver smsc75xx
[    1.251573] usbcore: registered new interface driver smsc95xx
[    1.257377] usbcore: registered new interface driver net1080
[    1.263094] usbcore: registered new interface driver cdc_subset
[    1.269076] usbcore: registered new interface driver zaurus
[    1.274746] usbcore: registered new interface driver cdc_ncm
[    1.282359] ehci_hcd: USB 2.0 'Enhanced' Host Controller (EHCI) Driver
[    1.288906] ehci-pci: EHCI PCI platform driver
[    1.293412] ehci-platform: EHCI generic platform driver
[    1.298852] ehci-omap: OMAP-EHCI Host Controller driver
[    1.304241] ehci-orion: EHCI orion driver
[    1.308387] SPEAr-ehci: EHCI SPEAr driver
[    1.312555] ehci-st: EHCI STMicroelectronics driver
[    1.317588] ehci-exynos: EHCI EXYNOS driver
[    1.321941] ehci-atmel: EHCI Atmel driver
[    1.326110] tegra-ehci: Tegra EHCI driver
[    1.330457] ohci_hcd: USB 1.1 'Open' Host Controller (OHCI) Driver
[    1.336666] ohci-pci: OHCI PCI platform driver
[    1.341175] ohci-platform: OHCI generic platform driver
[    1.346570] ohci-omap3: OHCI OMAP3 driver
[    1.350736] SPEAr-ohci: OHCI SPEAr driver
[    1.354903] ohci-st: OHCI STMicroelectronics driver
[    1.359937] ohci-atmel: OHCI Atmel driver
[    1.364512] usbcore: registered new interface driver usb-storage
[    1.372133] mousedev: PS/2 mouse device common for all mice
[    1.382909] palmas-rtc 7000d000.i2c:tps65913@58:rtc: rtc core: registered 7000d000.i2c:tps659 as rtc0
[    1.394067] tegra_rtc 7000e000.rtc: rtc core: registered 7000e000.rtc as rtc1
[    1.401259] tegra_rtc 7000e000.rtc: Tegra internal Real Time Clock
[    1.408028] i2c /dev entries driver
[    1.415504] sbs-battery 0-000b: sbs_probe: Failed to get device status
[    1.422065] sbs-battery: probe of 0-000b failed with error -121
[    1.431115] vdd-sensor-2v85: supplied by vdd-sys-3v3
[    1.444078] sdhci: Secure Digital Host Controller Interface driver
[    1.450273] sdhci: Copyright(c) Pierre Ossman
[    1.456189] Synopsys Designware Multimedia Card Interface Driver
[    1.463306] sdhci-pltfm: SDHCI platform and OF driver helper
[    1.469754] sdhci-tegra 78000400.sdhci: Got CD GPIO
[    1.474659] sdhci-tegra 78000400.sdhci: Got WP GPIO
[    1.480718] mmc0: Invalid maximum block size, assuming 512 bytes
[    1.519375] mmc0: SDHCI controller on 78000400.sdhci [78000400.sdhci] using ADMA
[    1.529108] mmc1: Invalid maximum block size, assuming 512 bytes
[    1.569163] mmc1: SDHCI controller on 78000600.sdhci [78000600.sdhci] using ADMA
[    1.578158] ledtrig-cpu: registered to indicate activity on CPUs
[    1.584553] usbcore: registered new interface driver usbhid
[    1.590134] usbhid: USB HID core driver
[    1.599057] NET: Registered protocol family 10
[    1.606318] sit: IPv6 over IPv4 tunneling driver
[    1.611620] NET: Registered protocol family 17
[    1.616098] can: controller area network core (rev 20120528 abi 9)
[    1.622354] NET: Registered protocol family 29
[    1.626821] can: raw protocol (rev 20120528)
[    1.631109] can: broadcast manager protocol (rev 20120528 t)
[    1.636790] can: netlink gateway (rev 20130117) max_hops=1
[    1.642690] Key type dns_resolver registered
[    1.647630] ThumbEE CPU extension supported.
[    1.651933] Registering SWP/SWPB emulation handler
[    1.677778] vdd-sys-5v0: supplied by vdd_ac_bat
[    1.682650] VDD_5V0_HDMI_CON: supplied by vdd-sys-5v0
[    1.692488] vdd_hdmi_5v0: supplied by vdd-sys-5v0
[    1.706722] [drm] Supports vblank timestamp caching Rev 2 (21.10.2013).
[    1.713386] [drm] No driver support for vblank timestamp query.
[    1.741500] mmc1: new HS200 MMC card at address 0001
[    1.742753] mmcblk0: mmc1:0001 SEM32G 29.1 GiB 
[    1.743517] mmcblk0boot0: mmc1:0001 SEM32G partition 1 4.00 MiB
[    1.744712] mmcblk0boot1: mmc1:0001 SEM32G partition 2 4.00 MiB
[    1.745459] mmcblk0rpmb: mmc1:0001 SEM32G partition 3 4.00 MiB
[    1.750331]  mmcblk0: p1 p2 p3 p4 p5 p6 p7 p8
[    1.777787] Console: switching to colour frame buffer device 240x75
[    1.836999] drm drm: fb0:  frame buffer device
[    1.854254] [drm] Initialized tegra 0.0.0 20120330 on minor 0
[    1.861344] usb2_vbus: supplied by vdd-sys-5v0
[    1.868158] tegra-ehci 7d008000.usb: EHCI Host Controller
[    1.873638] tegra-ehci 7d008000.usb: new USB bus registered, assigned bus number 1
[    1.881565] tegra-ehci 7d008000.usb: irq 339, io mem 0x7d008000
[    1.894270] tegra-ehci 7d008000.usb: USB 2.0 started, EHCI 1.10
[    1.901441] hub 1-0:1.0: USB hub found
[    1.905304] hub 1-0:1.0: 1 port detected
[    1.911321] input: gpio-keys as /devices/soc0/gpio-keys/input/input0
[    1.920024] palmas-rtc 7000d000.i2c:tps65913@58:rtc: setting system clock to 2000-01-13 09:58:19 UTC (947757499)
[    1.946020] dvdd_ts: disabling
[    1.949079] usb1_vbus: disabling
[    1.952341] vdd_cam_1v8_reg: disabling
[    1.957921] EXT4-fs (mmcblk0p1): mounting ext3 file system using the ext4 subsystem
[    1.978675] EXT4-fs (mmcblk0p1): recovery complete
[    1.983561] EXT4-fs (mmcblk0p1): mounted filesystem with ordered data mode. Opts: (null)
[    1.991720] VFS: Mounted root (ext3 filesystem) on device 179:1.
[    2.000910] devtmpfs: mounted
[    2.004864] Freeing unused kernel memory: 1104K (c0e4c000 - c0f60000)
bash: cannot set terminal process group (-1): Inappropriate ioctl for device
bash: no job control in this shell
root@(none):/# [    2.219270] usb 1-1: new high-speed USB device number 2 using tegra-ehci
[    3.172574] asix 1-1:1.0 eth0: register 'asix' at usb-7d008000.usb-1, ASIX AX88772 USB 2.0 Ethernet, 00:50:b6:0d:b5:16
mount -t sysfs none /sys
root@(none):/# 
root@(none):/# mount -t debugfs none /sys/kernel/debug
root@(none):/# 
root@(none):/# rtcwake -d rtc1 -m mem -s 3
rtcwake: assuming RTC uses UTC ...
rtcwake: wakeup from "mem" using /dev/rtc1 at Thu Jan  1 00:00:20 1970
[    5.339929] PM: Syncing filesystems ... done.
[    5.367749] Freezing user space processes ... (elapsed 0.001 seconds) done.
[    5.376116] Freezing remaining freezable tasks ... (elapsed 0.001 seconds) done.
[    5.384933] Suspending console(s) (use no_console_suspend to debug)
[    5.430645] PM: suspend of devices complete after 38.058 msecs
[    5.433044] PM: late suspend of devices complete after 2.387 msecs
[    5.435206] PM: noirq suspend of devices complete after 2.149 msecs
[    5.435211] Disabling non-boot CPUs ...
[    5.436043] CPU1: shutdown
[    5.461723] CPU2: shutdown
[    5.486530] CPU3: shutdown
[    5.500327] Entering suspend state LP1
[    5.500352] Enabling non-boot CPUs ...
[    5.525771] CPU1 is up
[    5.551013] CPU2 is up
[    5.576309] CPU3 is up
[    5.577614] PM: noirq resume of devices complete after 1.294 msecs
[    5.580764] PM: early resume of devices complete after 2.701 msecs
[    5.676214] PM: resume of devices complete after 95.433 msecs
[    5.740846] Restarting tasks ... done.
root@(none):/# 
root@(none):/# rtcwake -d rtc1 -m mem -s 3
rtcwake: assuming RTC uses UTC ...
rtcwake: wakeup from "mem" using /dev/rtc1 at Thu Jan  1 00:00:29 1970
[    6.528602] PM: Syncing filesystems ... done.
[    6.555669] Freezing user space processes ... (elapsed 0.001 seconds) done.
[    6.563987] Freezing remaining freezable tasks ... (elapsed 0.001 seconds) done.
[    6.572868] Suspending console(s) (use no_console_suspend to debug)
[    6.616419] PM: suspend of devices complete after 35.915 msecs
[    6.618957] PM: late suspend of devices complete after 2.521 msecs
[    6.621021] PM: noirq suspend of devices complete after 2.054 msecs
[    6.621026] Disabling non-boot CPUs ...
[    6.621442] IRQ16 no longer affine to CPU1
[    6.621835] CPU1: shutdown
[    6.651728] CPU2: shutdown
[    6.676376] CPU3: shutdown
[    6.690299] Entering suspend state LP1
[    6.690324] Enabling non-boot CPUs ...
[    6.715735] CPU1 is up
[    6.740977] CPU2 is up
[    6.766269] CPU3 is up
[    6.767526] PM: noirq resume of devices complete after 1.246 msecs
[    6.770522] PM: early resume of devices complete after 2.546 msecs
[    6.866242] PM: resume of devices complete after 95.701 msecs
[    6.934956] Restarting tasks ... done.
root@(none):/# 
root@(none):/# rtcwake -d rtc1 -m mem -s 3
rtcwake: assuming RTC uses UTC ...
rtcwake: wakeup from "mem" using /dev/rtc1 at Thu Jan  1 00:00:38 1970
[    7.696434] PM: Syncing filesystems ... done.
[    7.723103] Freezing user space processes ... (elapsed 0.001 seconds) done.
[    7.731477] Freezing remaining freezable tasks ... (elapsed 0.001 seconds) done.
[    7.740290] Suspending console(s) (use no_console_suspend to debug)
[    7.786288] PM: suspend of devices complete after 38.356 msecs
[    7.788846] PM: late suspend of devices complete after 2.542 msecs
[    7.791036] PM: noirq suspend of devices complete after 2.177 msecs
[    7.791041] Disabling non-boot CPUs ...
[    7.791450] IRQ16 no longer affine to CPU1
[    7.791866] CPU1: shutdown
[    7.816706] CPU2: shutdown
[    7.841318] CPU3: shutdown
[    7.855246] Entering suspend state LP1
[    7.855271] Enabling non-boot CPUs ...
[    7.880694] CPU1 is up
[    7.905913] CPU2 is up
[    7.931226] CPU3 is up
[    7.932487] PM: noirq resume of devices complete after 1.251 msecs
[    7.935470] PM: early resume of devices complete after 2.546 msecs
[    8.031196] PM: resume of devices complete after 95.707 msecs
[    8.099922] Restarting tasks ... done.
root@(none):/# 
root@(none):/# rtcwake -d rtc1 -m mem -s 3
rtcwake: assuming RTC uses UTC ...
rtcwake: wakeup from "mem" using /dev/rtc1 at Thu Jan  1 00:00:47 1970
[    8.865409] PM: Syncing filesystems ... done.
[    8.892054] Freezing user space processes ... (elapsed 0.001 seconds) done.
[    8.900421] Freezing remaining freezable tasks ... (elapsed 0.001 seconds) done.
[    8.909309] Suspending console(s) (use no_console_suspend to debug)
[    8.950996] PM: suspend of devices complete after 34.069 msecs
[    8.953550] PM: late suspend of devices complete after 2.537 msecs
[    8.955534] PM: noirq suspend of devices complete after 1.974 msecs
[    8.955538] Disabling non-boot CPUs ...
[    8.956338] CPU1: shutdown
[    8.981264] IRQ16 no longer affine to CPU2
[    8.981683] CPU2: shutdown
[    9.006289] CPU3: shutdown
[    9.020218] Entering suspend state LP1
[    9.020242] Enabling non-boot CPUs ...
[    9.045666] CPU1 is up
[    9.070889] CPU2 is up
[    9.096190] CPU3 is up
[    9.097464] PM: noirq resume of devices complete after 1.263 msecs
[    9.100511] PM: early resume of devices complete after 2.588 msecs
[    9.196194] PM: resume of devices complete after 95.667 msecs
[    9.264909] Restarting tasks ... done.
root@(none):/# 
root@(none):/# rtcwake -d rtc1 -m mem -s 3
rtcwake: assuming RTC uses UTC ...
rtcwake: wakeup from "mem" using /dev/rtc1 at Thu Jan  1 00:00:56 1970
[   10.029947] PM: Syncing filesystems ... done.
[   10.056501] Freezing user space processes ... (elapsed 0.001 seconds) done.
[   10.064875] Freezing remaining freezable tasks ... (elapsed 0.001 seconds) done.
[   10.073685] Suspending console(s) (use no_console_suspend to debug)
[   10.116263] PM: suspend of devices complete after 34.925 msecs
[   10.118649] PM: late suspend of devices complete after 2.375 msecs
[   10.120594] PM: noirq suspend of devices complete after 1.936 msecs
[   10.120598] Disabling non-boot CPUs ...
[   10.121391] CPU1: shutdown
[   10.151556] CPU2: shutdown
[   10.175859] IRQ16 no longer affine to CPU3
[   10.176264] CPU3: shutdown
[   10.190172] Entering suspend state LP1
[   10.190196] Enabling non-boot CPUs ...
[   10.215632] CPU1 is up
[   10.240877] CPU2 is up
[   10.266175] CPU3 is up
[   10.267444] PM: noirq resume of devices complete after 1.258 msecs
[   10.270435] PM: early resume of devices complete after 2.542 msecs
[   10.365789] PM: resume of devices complete after 95.337 msecs
[   10.434548] Restarting tasks ... done.
root@(none):/# 
root@(none):/# NVTB SYSTEM SUSPEND TEST COMPLETE
