
U-Boot SPL 2016.05-rc2 (Apr 21 2016 - 16:23:00)
Trying to boot from RAM


U-Boot 2016.05-rc2 (Apr 21 2016 - 16:23:00 -0700)

TEGRA124
Model: NVIDIA Jetson TK1
Board: NVIDIA Jetson TK1
DRAM:  2 GiB
MMC:   Tegra SD/MMC: 0, Tegra SD/MMC: 1
In:    serial
Out:   serial
Err:   serial
Net:   No ethernet found.
Hit any key to stop autoboot:  2  0 
Tegra124 (Jetson TK1) # 
Tegra124 (Jetson TK1) # pci enum
Tegra124 (Jetson TK1) # setenv bootargs 'ignore_loglevel console=ttyS0,115200n8 rw root=PARTUUID=b1791faa-84e8-4e27-83a1-9fb0a77e8803 rootwait gpt debug noinitrd earlyprintk init=/bin/bash'
Tegra124 (Jetson TK1) # setenv ipaddr 192.168.100.102; setenv serverip 192.168.100.1; setenv tftpserverip 192.168.100.1
Tegra124 (Jetson TK1) # tftpboot 0x82000000 zImage.multi_v7_defconfig

Warning: eth_rtl8169 using MAC address from ROM
Using eth_rtl8169 device
TFTP from server 192.168.100.1; our IP address is 192.168.100.102
Filename 'zImage.multi_v7_defconfig'.
Load address: 0x82000000
Loading: *#################################################################
	 #################################################################
	 #################################################################
	 #################################################################
	 #################################################################
	 #################################################################
	 #################################################################
	 ##########################
	 4 MiB/s
done
Bytes transferred = 7055656 (6ba928 hex)
Tegra124 (Jetson TK1) # tftpboot 0x83000000 tegra124-jetson-tk1.dtb
Using eth_rtl8169 device
TFTP from server 192.168.100.1; our IP address is 192.168.100.102
Filename 'tegra124-jetson-tk1.dtb'.
Load address: 0x83000000
Loading: *#####
	 3.7 MiB/s
done
Bytes transferred = 66737 (104b1 hex)
Tegra124 (Jetson TK1) # bootz 0x82000000 - 0x83000000
Kernel image @ 0x82000000 [ 0x000000 - 0x6ba928 ]
## Flattened Device Tree blob at 83000000
   Booting using the fdt blob at 0x83000000
   Using Device Tree in place at 83000000, end 830134b0

Starting kernel ...

[    0.000000] Booting Linux on physical CPU 0x0
[    0.000000] Linux version 4.6.0-rc6-next-20160505-92543-ge3c95c2 (pwalmsley@sellafield) (gcc version 4.7.3 20130328 (prerelease) (crosstool-NG linaro-1.13.1-4.7-2013.04-20130415 - Linaro GCC 2013.04) ) #1 SMP Wed May 4 23:48:59 PDT 2016
[    0.000000] CPU: ARMv7 Processor [413fc0f3] revision 3 (ARMv7), cr=10c5387d
[    0.000000] CPU: div instructions available: patching division code
[    0.000000] CPU: PIPT / VIPT nonaliasing data cache, PIPT instruction cache
[    0.000000] Machine model: NVIDIA Tegra124 Jetson TK1
[    0.000000] debug: ignoring loglevel setting.
[    0.000000] cma: Reserved 64 MiB at 0xfb800000
[    0.000000] Memory policy: Data cache writealloc
[    0.000000] On node 0 totalpages: 524032
[    0.000000] free_area_init_node: node 0, pgdat c1417fc0, node_mem_map eeff8000
[    0.000000]   DMA zone: 1536 pages used for memmap
[    0.000000]   DMA zone: 0 pages reserved
[    0.000000]   DMA zone: 196608 pages, LIFO batch:31
[    0.000000]   HighMem zone: 327424 pages, LIFO batch:31
[    0.000000] percpu: Embedded 13 pages/cpu @eef89000 s23808 r8192 d21248 u53248
[    0.000000] pcpu-alloc: s23808 r8192 d21248 u53248 alloc=13*4096
[    0.000000] pcpu-alloc: [0] 0 [0] 1 [0] 2 [0] 3 
[    0.000000] Built 1 zonelists in Zone order, mobility grouping on.  Total pages: 522496
[    0.000000] Kernel command line: ignore_loglevel console=ttyS0,115200n8 rw root=PARTUUID=b1791faa-84e8-4e27-83a1-9fb0a77e8803 rootwait gpt debug noinitrd earlyprintk init=/bin/bash
[    0.000000] PID hash table entries: 4096 (order: 2, 16384 bytes)
[    0.000000] Dentry cache hash table entries: 131072 (order: 7, 524288 bytes)
[    0.000000] Inode-cache hash table entries: 65536 (order: 6, 262144 bytes)
[    0.000000] Memory: 1995008K/2096128K available (9528K kernel code, 1128K rwdata, 4188K rodata, 2048K init, 343K bss, 35584K reserved, 65536K cma-reserved, 1244160K highmem)
[    0.000000] Virtual kernel memory layout:
[    0.000000]     vector  : 0xffff0000 - 0xffff1000   (   4 kB)
[    0.000000]     fixmap  : 0xffc00000 - 0xfff00000   (3072 kB)
[    0.000000]     vmalloc : 0xf0800000 - 0xff800000   ( 240 MB)
[    0.000000]     lowmem  : 0xc0000000 - 0xf0000000   ( 768 MB)
[    0.000000]     pkmap   : 0xbfe00000 - 0xc0000000   (   2 MB)
[    0.000000]     modules : 0xbf000000 - 0xbfe00000   (  14 MB)
[    0.000000]       .text : 0xc0208000 - 0xc1065268   (14709 kB)
[    0.000000]       .init : 0xc1100000 - 0xc1300000   (2048 kB)
[    0.000000]       .data : 0xc1300000 - 0xc141a020   (1129 kB)
[    0.000000]        .bss : 0xc141c000 - 0xc1471c58   ( 344 kB)
[    0.000000] SLUB: HWalign=64, Order=0-3, MinObjects=0, CPUs=4, Nodes=1
[    0.000000] Hierarchical RCU implementation.
[    0.000000] 	Build-time adjustment of leaf fanout to 32.
[    0.000000] 	RCU restricting CPUs from NR_CPUS=16 to nr_cpu_ids=4.
[    0.000000] RCU: Adjusting geometry for rcu_fanout_leaf=32, nr_cpu_ids=4
[    0.000000] NR_IRQS:16 nr_irqs:16 16
[    0.000000] /interrupt-controller@60004000: 160 interrupts forwarded to /interrupt-controller@0,50041000
[    0.000000] Tegra clk 127: register failed with -17
[    0.000009] sched_clock: 32 bits at 1000kHz, resolution 1000ns, wraps every 2147483647500ns
[    0.000031] clocksource: timer_us: mask: 0xffffffff max_cycles: 0xffffffff, max_idle_ns: 1911260446275 ns
[    0.000045] Switching to timer-based delay loop, resolution 1000ns
[    0.005372] Architected cp15 timer(s) running at 12.00MHz (virt).
[    0.005390] clocksource: arch_sys_counter: mask: 0xffffffffffffff max_cycles: 0x2c47f4ee7, max_idle_ns: 440795202497 ns
[    0.005408] sched_clock: 56 bits at 12MHz, resolution 83ns, wraps every 4398046511096ns
[    0.005421] Switching to timer-based delay loop, resolution 83ns
[    0.005931] Console: colour dummy device 80x30
[    0.005958] Calibrating delay loop (skipped), value calculated using timer frequency.. 24.00 BogoMIPS (lpj=60000)
[    0.005972] pid_max: default: 32768 minimum: 301
[    0.006066] Mount-cache hash table entries: 2048 (order: 1, 8192 bytes)
[    0.006078] Mountpoint-cache hash table entries: 2048 (order: 1, 8192 bytes)
[    0.006665] CPU: Testing write buffer coherency: ok
[    0.006886] /cpus/cpu@0 missing clock-frequency property
[    0.006929] /cpus/cpu@1 missing clock-frequency property
[    0.006970] /cpus/cpu@2 missing clock-frequency property
[    0.007013] /cpus/cpu@3 missing clock-frequency property
[    0.007024] CPU0: thread -1, cpu 0, socket 0, mpidr 80000000
[    0.007046] Setting up static identity map for 0x80300000 - 0x80300098
[    0.010626] Tegra Revision: A01 SKU: 129 CPU Process: 1 SoC Process: 1
[    0.012006] CPU1: thread -1, cpu 1, socket 0, mpidr 80000001
[    0.015687] CPU2: thread -1, cpu 2, socket 0, mpidr 80000002
[    0.020685] CPU3: thread -1, cpu 3, socket 0, mpidr 80000003
[    0.025212] Brought up 4 CPUs
[    0.025232] SMP: Total of 4 processors activated (96.00 BogoMIPS).
[    0.025239] CPU: All CPU(s) started in SVC mode.
[    0.026700] devtmpfs: initialized
[    0.045280] VFP support v0.3: implementor 41 architecture 4 part 30 variant f rev 0
[    0.045977] clocksource: jiffies: mask: 0xffffffff max_cycles: 0xffffffff, max_idle_ns: 9556302231375000 ns
[    0.047362] pinctrl core: initialized pinctrl subsystem
[    0.048987] NET: Registered protocol family 16
[    0.050942] DMA: preallocated 256 KiB pool for atomic coherent allocations
[    0.065347] cpuidle: using governor menu
[    0.084485] No ATAGs?
[    0.084513] hw-breakpoint: found 5 (+1 reserved) breakpoint and 4 watchpoint registers.
[    0.084523] hw-breakpoint: maximum watchpoint size is 8 bytes.
[    0.090699] Serial: AMBA PL011 UART driver
[    0.120411] +5V_SYS: supplied by +VDD_MUX
[    0.120743] +3.3V_SYS: supplied by +VDD_MUX
[    0.121385] +USB0_VBUS_SW: Failed to request enable GPIO108: -517
[    0.121400] reg-fixed-voltage regulators:regulator@7: Failed to register regulator: -517
[    0.121489] +5V_USB_HS: Failed to request enable GPIO109: -517
[    0.121503] reg-fixed-voltage regulators:regulator@8: Failed to register regulator: -517
[    0.121669] +1.05V_RUN_AVDD_HDMI_PLL: Failed to request enable GPIO63: -517
[    0.121681] reg-fixed-voltage regulators:regulator@11: Failed to register regulator: -517
[    0.121768] +5V_HDMI_CON: Failed to request enable GPIO86: -517
[    0.121780] reg-fixed-voltage regulators:regulator@12: Failed to register regulator: -517
[    0.121865] +5V_SATA: Failed to request enable GPIO242: -517
[    0.121877] reg-fixed-voltage regulators:regulator@13: Failed to register regulator: -517
[    0.121962] +12V_SATA: Failed to request enable GPIO242: -517
[    0.121974] reg-fixed-voltage regulators:regulator@14: Failed to register regulator: -517
[    0.125312] vgaarb: loaded
[    0.126140] SCSI subsystem initialized
[    0.126306] libata version 3.00 loaded.
[    0.126582] usbcore: registered new interface driver usbfs
[    0.126648] usbcore: registered new interface driver hub
[    0.126725] usbcore: registered new device driver usb
[    0.130481] pps_core: LinuxPPS API ver. 1 registered
[    0.130491] pps_core: Software ver. 5.3.6 - Copyright 2005-2007 Rodolfo Giometti <giometti@linux.it>
[    0.130515] PTP clock support registered
[    0.130747] EDAC MC: Ver: 3.0.0
[    0.133911] clocksource: Switched to clocksource arch_sys_counter
[    0.144938] NET: Registered protocol family 2
[    0.145447] TCP established hash table entries: 8192 (order: 3, 32768 bytes)
[    0.145545] TCP bind hash table entries: 8192 (order: 4, 65536 bytes)
[    0.145732] TCP: Hash tables configured (established 8192 bind 8192)
[    0.145783] UDP hash table entries: 512 (order: 2, 16384 bytes)
[    0.145824] UDP-Lite hash table entries: 512 (order: 2, 16384 bytes)
[    0.145979] NET: Registered protocol family 1
[    0.146209] RPC: Registered named UNIX socket transport module.
[    0.146218] RPC: Registered udp transport module.
[    0.146226] RPC: Registered tcp transport module.
[    0.146233] RPC: Registered tcp NFSv4.1 backchannel transport module.
[    0.146243] PCI: CLS 0 bytes, default 64
[    0.147449] hw perfevents: enabled with armv7_cortex_a15 PMU driver, 7 counters available
[    0.148980] futex hash table entries: 1024 (order: 4, 65536 bytes)
[    0.149685] workingset: timestamp_bits=28 max_order=19 bucket_order=0
[    0.161105] squashfs: version 4.0 (2009/01/31) Phillip Lougher
[    0.161965] NFS: Registering the id_resolver key type
[    0.161993] Key type id_resolver registered
[    0.162001] Key type id_legacy registered
[    0.162045] ntfs: driver 2.1.32 [Flags: R/O].
[    0.163318] bounce: pool size: 64 pages
[    0.163522] Block layer SCSI generic (bsg) driver version 0.4 loaded (major 248)
[    0.163533] io scheduler noop registered
[    0.163541] io scheduler deadline registered
[    0.163572] io scheduler cfq registered (default)
[    0.169213] usb2-0 supply vbus not found, using dummy regulator
[    0.169338] usb2-1 supply vbus not found, using dummy regulator
[    0.169721] tegra-xusb-padctl 7009f000.padctl: failed to setup XUSB ports: -517
[    0.186564] tegra-pcie 1003000.pcie-controller: 2x1, 1x1 configuration
[    0.186619] tegra-pcie 1003000.pcie-controller: Failed to get supply 'avddio-pex': -517
[    0.193909] tegra-apbdma 60020000.dma: Tegra20 APB DMA driver register 32 channels
[    0.195907] tegra-pmc 7000e400.pmc: emergency thermal reset enabled
[    0.258572] Serial: 8250/16550 driver, 4 ports, IRQ sharing disabled
[    0.261527] console [ttyS0] disabled
[    0.261561] 70006300.serial: ttyS0 at MMIO 0x70006300 (irq = 333, base_baud = 25500000) is a Tegra
[    1.113512] console [ttyS0] enabled
[    1.117928] SuperH (H)SCI(F) driver initialized
[    1.123554] msm_serial: driver initialized
[    1.127873] STMicroelectronics ASC driver initialized
[    1.133869] serial-tegra serial@70006000: failed to get alias id, errno -19
[    1.140893] serial-tegra serial@70006040: failed to get alias id, errno -19
[    1.150990] [drm] Initialized drm 1.1.0 20060810
[    1.159152] tegra-hdmi 54280000.hdmi: failed to get HDMI regulator
[    1.178772] brd: module loaded
[    1.187896] loop: module loaded
[    1.191487] at24 0-0056: 256 byte 24c02 EEPROM, writable, 8 bytes/write
[    1.199882] as3722 4-0040: AS3722 with revision 0x1 found
[    1.211052] as3722-sd2: supplied by +5V_SYS
[    1.215721] as3722-sd3: supplied by +5V_SYS
[    1.220135] +1.35V_LP0(sd3): Bringing 0uV into 1350000-1350000uV
[    1.226523] as3722-sd4: supplied by +5V_SYS
[    1.231180] as3722-sd5: supplied by +5V_SYS
[    1.237247] as3722-ldo0: supplied by +1.35V_LP0(sd2)
[    1.243337] +1.8V_RUN_CAM: Bringing 0uV into 1800000-1800000uV
[    1.249594] as3722-ldo2: supplied by +1.8V_VDDIO
[    1.255521] as3722-ldo3: supplied by +3.3V_SYS
[    1.260017] +1.05V_LP0_VDD_RTC: Bringing 1100000uV into 1000000-1000000uV
[    1.267833] as3722-ldo4: supplied by +3.3V_SYS
[    1.272512] +2.8V_RUN_CAM: Bringing 0uV into 2800000-2800000uV
[    1.278762] as3722-ldo5: supplied by +1.8V_VDDIO
[    1.283606] +1.2V_RUN_CAM_FRONT: Bringing 0uV into 1200000-1200000uV
[    1.290570] +VDDIO_SDMMC3: bypassed regulator has no supply!
[    1.296241] +VDDIO_SDMMC3: failed to get the current voltage(-517)
[    1.302433] as3722-regulator as3722-regulator: regulator 13 register failed -517
[    1.314704] tegra-ahci 70027000.sata: couldn't get PHY in node sata: -517
[    1.336536] m25p80 spi32765.0: w25q32dw (4096 Kbytes)
[    1.345072] libphy: Fixed MDIO Bus: probed
[    1.349866] CAN device driver interface
[    1.355840] igb: Intel(R) Gigabit Ethernet Network Driver - version 5.3.0-k
[    1.362807] igb: Copyright (c) 2007-2014 Intel Corporation.
[    1.371882] pegasus: v0.9.3 (2013/04/25), Pegasus/Pegasus II USB Ethernet driver
[    1.379338] usbcore: registered new interface driver pegasus
[    1.385062] usbcore: registered new interface driver asix
[    1.390510] usbcore: registered new interface driver ax88179_178a
[    1.396657] usbcore: registered new interface driver cdc_ether
[    1.402556] usbcore: registered new interface driver smsc75xx
[    1.408368] usbcore: registered new interface driver smsc95xx
[    1.414162] usbcore: registered new interface driver net1080
[    1.419872] usbcore: registered new interface driver cdc_subset
[    1.425839] usbcore: registered new interface driver zaurus
[    1.431489] usbcore: registered new interface driver cdc_ncm
[    1.437412] tegra-phy 7d004000.usb-phy: no vbus regulator
[    1.445083] ehci_hcd: USB 2.0 'Enhanced' Host Controller (EHCI) Driver
[    1.451619] ehci-pci: EHCI PCI platform driver
[    1.456113] ehci-platform: EHCI generic platform driver
[    1.461573] ehci-omap: OMAP-EHCI Host Controller driver
[    1.466959] ehci-orion: EHCI orion driver
[    1.471132] SPEAr-ehci: EHCI SPEAr driver
[    1.475309] ehci-st: EHCI STMicroelectronics driver
[    1.480352] ehci-exynos: EHCI EXYNOS driver
[    1.484729] ehci-atmel: EHCI Atmel driver
[    1.488903] tegra-ehci: Tegra EHCI driver
[    1.493153] ------------[ cut here ]------------
[    1.497792] WARNING: CPU: 0 PID: 1 at drivers/reset/core.c:187 __of_reset_control_get+0x1bc/0x228
[    1.506662] Modules linked in:
[    1.509741] CPU: 0 PID: 1 Comm: swapper/0 Not tainted 4.6.0-rc6-next-20160505-92543-ge3c95c2 #1
[    1.518424] Hardware name: NVIDIA Tegra SoC (Flattened Device Tree)
[    1.524701] [<c030f9a0>] (unwind_backtrace) from [<c030b090>] (show_stack+0x10/0x14)
[    1.532441] [<c030b090>] (show_stack) from [<c0585868>] (dump_stack+0x84/0xa4)
[    1.539659] [<c0585868>] (dump_stack) from [<c0341b6c>] (__warn+0xd4/0x100)
[    1.546616] [<c0341b6c>] (__warn) from [<c0341bb8>] (warn_slowpath_null+0x20/0x28)
[    1.554179] [<c0341bb8>] (warn_slowpath_null) from [<c069dfa0>] (__of_reset_control_get+0x1bc/0x228)
[    1.563304] [<c069dfa0>] (__of_reset_control_get) from [<c090e780>] (tegra_ehci_probe+0x2d0/0x51c)
[    1.572258] [<c090e780>] (tegra_ehci_probe) from [<c0776798>] (platform_drv_probe+0x50/0xb0)
[    1.580690] [<c0776798>] (platform_drv_probe) from [<c07750fc>] (driver_probe_device+0x1f4/0x2b0)
[    1.589554] [<c07750fc>] (driver_probe_device) from [<c0775264>] (__driver_attach+0xac/0xb0)
[    1.597984] [<c0775264>] (__driver_attach) from [<c0773710>] (bus_for_each_dev+0x54/0x88)
[    1.606154] [<c0773710>] (bus_for_each_dev) from [<c07746f0>] (bus_add_driver+0xe8/0x1f4)
[    1.614323] [<c07746f0>] (bus_add_driver) from [<c0775a80>] (driver_register+0x78/0xf4)
[    1.622319] [<c0775a80>] (driver_register) from [<c0301e5c>] (do_one_initcall+0x3c/0x16c)
[    1.630491] [<c0301e5c>] (do_one_initcall) from [<c1100d80>] (kernel_init_freeable+0x120/0x1ec)
[    1.639183] [<c1100d80>] (kernel_init_freeable) from [<c0b57138>] (kernel_init+0x8/0x118)
[    1.647353] [<c0b57138>] (kernel_init) from [<c0307f78>] (ret_from_fork+0x14/0x3c)
[    1.654945] ---[ end trace 9aa60dead74c2757 ]---
[    1.659577] tegra-ehci 7d004000.usb: can't get utmi-pads reset from the PHY
[    1.666548] tegra-ehci 7d004000.usb: continuing, but please update your DT
[    1.673530] tegra-ehci 7d004000.usb: EHCI Host Controller
[    1.678969] tegra-ehci 7d004000.usb: new USB bus registered, assigned bus number 1
[    1.686780] tegra-ehci 7d004000.usb: irq 352, io mem 0x7d004000
[    1.698927] tegra-ehci 7d004000.usb: USB 2.0 started, EHCI 1.10
[    1.705711] hub 1-0:1.0: USB hub found
[    1.709511] hub 1-0:1.0: 1 port detected
[    1.714092] ohci_hcd: USB 1.1 'Open' Host Controller (OHCI) Driver
[    1.720306] ohci-pci: OHCI PCI platform driver
[    1.724813] ohci-platform: OHCI generic platform driver
[    1.730248] ohci-omap3: OHCI OMAP3 driver
[    1.734424] SPEAr-ohci: OHCI SPEAr driver
[    1.738584] ohci-st: OHCI STMicroelectronics driver
[    1.743629] ohci-atmel: OHCI Atmel driver
[    1.748495] usbcore: registered new interface driver usb-storage
[    1.756291] mousedev: PS/2 mouse device common for all mice
[    1.765389] as3722-rtc as3722-rtc: rtc core: registered as3722-rtc as rtc0
[    1.772283] as3722-rtc as3722-rtc: RTC interrupt 375
[    1.780628] tegra_rtc 7000e000.rtc: rtc core: registered 7000e000.rtc as rtc1
[    1.787821] tegra_rtc 7000e000.rtc: Tegra internal Real Time Clock
[    1.794609] i2c /dev entries driver
[    1.805157] 0-004c supply vcc not found, using dummy regulator
[    1.820471] sdhci: Secure Digital Host Controller Interface driver
[    1.826664] sdhci: Copyright(c) Pierre Ossman
[    1.832705] Synopsys Designware Multimedia Card Interface Driver
[    1.839952] sdhci-pltfm: SDHCI platform and OF driver helper
[    1.846441] sdhci-tegra 700b0400.sdhci: Got CD GPIO
[    1.851348] sdhci-tegra 700b0400.sdhci: Got WP GPIO
[    1.856290] mmc0: Unknown controller version (3). You may experience problems.
[    1.863764] mmc0: Unknown controller version (3). You may experience problems.
[    1.871054] mmc0: Invalid maximum block size, assuming 512 bytes
[    1.908927] mmc0: SDHCI controller on 700b0600.sdhci [700b0600.sdhci] using ADMA 64-bit
[    1.918653] ledtrig-cpu: registered to indicate activity on CPUs
[    1.925174] usbcore: registered new interface driver usbhid
[    1.930756] usbhid: USB HID core driver
[    1.939168] tegra124-dfll 70110000.clock: couldn't get vdd_cpu regulator
[    1.950808] NET: Registered protocol family 10
[    1.955954] sit: IPv6 over IPv4 tunneling driver
[    1.961270] NET: Registered protocol family 17
[    1.965759] can: controller area network core (rev 20120528 abi 9)
[    1.972022] NET: Registered protocol family 29
[    1.976498] can: raw protocol (rev 20120528)
[    1.980788] can: broadcast manager protocol (rev 20120528 t)
[    1.986470] can: netlink gateway (rev 20130117) max_hops=1
[    1.992349] Key type dns_resolver registered
[    1.997279] ThumbEE CPU extension supported.
[    2.001578] Registering SWP/SWPB emulation handler
[    2.012350] +3.3V_RUN: supplied by +3.3V_SYS
[    2.017357] +3.3V_AVDD_HDMI_AP_GATED: supplied by +3.3V_RUN
[    2.023540] +USB0_VBUS_SW: supplied by +5V_SYS
[    2.028667] +5V_USB_HS: supplied by +5V_SYS
[    2.034792] +3.3V_LP0: supplied by +3.3V_SYS
[    2.041445] +5V_HDMI_CON: supplied by +5V_SYS
[    2.046537] +5V_SATA: supplied by +5V_SYS
[    2.051079] +12V_SATA: supplied by +VDD_MUX
[    2.057358] usb2-0 supply vbus not found, using dummy regulator
[    2.060890] mmc0: new high speed MMC card at address 0001
[    2.062345] mmcblk0: mmc0:0001 SEM16G 14.7 GiB 
[    2.063084] mmcblk0boot0: mmc0:0001 SEM16G partition 1 4.00 MiB
[    2.063471] mmcblk0boot1: mmc0:0001 SEM16G partition 2 4.00 MiB
[    2.064002] mmcblk0rpmb: mmc0:0001 SEM16G partition 3 4.00 MiB
[    2.091246] usb2-1 supply vbus not found, using dummy regulator
[    2.093274]  mmcblk0: p1
[    2.100178] usb3-0 supply vbus not found, using dummy regulator
[    2.107402] tegra-pcie 1003000.pcie-controller: 2x1, 1x1 configuration
[    2.114064] tegra-pcie 1003000.pcie-controller: Failed to get supply 'avddio-pex': -517
[    2.123940] tegra-hdmi 54280000.hdmi: failed to get PLL regulator
[    2.134816] as3722-sd2: supplied by +5V_SYS
[    2.139492] as3722-sd3: supplied by +5V_SYS
[    2.144075] as3722-sd4: supplied by +5V_SYS
[    2.148573] +1.05V_RUN_AVDD_HDMI_PLL: supplied by +1.05V_RUN
[    2.154397] as3722-sd5: supplied by +5V_SYS
[    2.160376] as3722-ldo0: supplied by +1.35V_LP0(sd2)
[    2.166442] as3722-ldo1: supplied by +3.3V_RUN
[    2.171280] as3722-ldo2: supplied by +1.8V_VDDIO
[    2.176837] as3722-ldo3: supplied by +3.3V_SYS
[    2.182168] as3722-ldo4: supplied by +3.3V_SYS
[    2.186888] as3722-ldo5: supplied by +1.8V_VDDIO
[    2.191785] as3722-ldo6: supplied by +3.3V_RUN
[    2.196516] as3722-ldo7: supplied by +1.8V_VDDIO
[    2.201882] +1.05V_RUN_CAM_REAR: Bringing 0uV into 1050000-1050000uV
[    2.209035] as3722-ldo9: supplied by +5V_SYS
[    2.214494] +3.3V_RUN_TOUCH: Bringing 0uV into 2800000-2800000uV
[    2.221101] as3722-ldo10: supplied by +5V_SYS
[    2.226000] +2.8V_RUN_CAM_AF: Bringing 0uV into 2800000-2800000uV
[    2.232679] as3722-ldo11: supplied by +3.3V_RUN
[    2.237757] +1.8V_RUN_VPP_FUSE: Bringing 0uV into 1800000-1800000uV
[    2.247492] tegra-ahci 70027000.sata: AHCI 0001.0301 32 slots 2 ports 3 Gbps 0x1 impl platform mode
[    2.256573] tegra-ahci 70027000.sata: flags: 64bit ncq sntf pm led pio slum part sadm sds apst 
[    2.267384] scsi host0: tegra-ahci
[    2.271979] scsi host1: tegra-ahci
[    2.275834] ata1: SATA max UDMA/133 mmio [mem 0x70027000-0x70028fff] port 0x100 irq 343
[    2.283871] ata2: DUMMY
[    2.289522] tegra-ehci 7d008000.usb: EHCI Host Controller
[    2.294959] tegra-ehci 7d008000.usb: new USB bus registered, assigned bus number 2
[    2.302723] tegra-ehci 7d008000.usb: irq 353, io mem 0x7d008000
[    2.313939] tegra-ehci 7d008000.usb: USB 2.0 started, EHCI 1.10
[    2.321087] hub 2-0:1.0: USB hub found
[    2.324938] hub 2-0:1.0: 1 port detected
[    2.331391] sdhci-tegra 700b0400.sdhci: Got CD GPIO
[    2.336341] sdhci-tegra 700b0400.sdhci: Got WP GPIO
[    2.341325] mmc1: Unknown controller version (3). You may experience problems.
[    2.348806] mmc1: Invalid maximum block size, assuming 512 bytes
[    2.389506] mmc1: SDHCI controller on 700b0400.sdhci [700b0400.sdhci] using ADMA 64-bit
[    2.402088] tegra-pcie 1003000.pcie-controller: 2x1, 1x1 configuration
[    2.410755] tegra-pcie 1003000.pcie-controller: probing port 0, using 2 lanes
[    2.420149] tegra-pcie 1003000.pcie-controller: Slot present pin change, signature: 00000008
[    2.444627] tegra-pcie 1003000.pcie-controller: probing port 1, using 1 lanes
[    2.453860] tegra-pcie 1003000.pcie-controller: Slot present pin change, signature: 00000000
[    2.468684] tegra-pcie 1003000.pcie-controller: PCI host bridge to bus 0000:00
[    2.475950] pci_bus 0000:00: root bus resource [io  0x0000-0xffff]
[    2.482144] pci_bus 0000:00: root bus resource [mem 0x13000000-0x1fffffff]
[    2.489058] pci_bus 0000:00: root bus resource [mem 0x20000000-0x3fffffff pref]
[    2.496405] pci_bus 0000:00: root bus resource [bus 00-ff]
[    2.501970] pci 0000:00:01.0: [10de:0e12] type 01 class 0x060400
[    2.508141] pci 0000:00:01.0: PME# supported from D0 D1 D2 D3hot D3cold
[    2.515184] pci 0000:00:02.0: [10de:0e13] type 01 class 0x060400
[    2.521363] pci 0000:00:02.0: PME# supported from D0 D1 D2 D3hot D3cold
[    2.528378] PCI: bus0: Fast back to back transfers disabled
[    2.533999] pci 0000:00:01.0: bridge configuration invalid ([bus 00-00]), reconfiguring
[    2.542049] pci 0000:00:02.0: bridge configuration invalid ([bus 00-00]), reconfiguring
[    2.550349] pci 0000:01:00.0: [8086:4232] type 00 class 0x028000
[    2.556432] pci 0000:01:00.0: reg 0x10: [mem 0x00000000-0x00001fff 64bit]
[    2.563472] pci 0000:01:00.0: PME# supported from D0 D3hot D3cold
[    2.579063] PCI: bus1: Fast back to back transfers disabled
[    2.584700] pci_bus 0000:01: busn_res: [bus 01-ff] end is updated to 01
[    2.591633] pci 0000:02:00.0: [10ec:8168] type 00 class 0x020000
[    2.597638] ata1: SATA link down (SStatus 0 SControl 300)
[    2.603135] pci 0000:02:00.0: reg 0x10: [io  0x0000-0x00ff]
[    2.608791] pci 0000:02:00.0: reg 0x18: [mem 0x00000000-0x00000fff 64bit]
[    2.615646] pci 0000:02:00.0: reg 0x20: [mem 0x00000000-0x00003fff 64bit pref]
[    2.623075] pci 0000:02:00.0: supports D1 D2
[    2.627388] pci 0000:02:00.0: PME# supported from D0 D1 D2 D3hot D3cold
[    2.644055] PCI: bus2: Fast back to back transfers disabled
[    2.649663] pci_bus 0000:02: busn_res: [bus 02-ff] end is updated to 02
[    2.656461] pci 0000:00:01.0: BAR 8: assigned [mem 0x13000000-0x130fffff]
[    2.663298] pci 0000:00:02.0: BAR 8: assigned [mem 0x13100000-0x131fffff]
[    2.670139] pci 0000:00:02.0: BAR 9: assigned [mem 0x20000000-0x200fffff 64bit pref]
[    2.677930] pci 0000:00:02.0: BAR 7: assigned [io  0x1000-0x1fff]
[    2.684080] pci 0000:01:00.0: BAR 0: assigned [mem 0x13000000-0x13001fff 64bit]
[    2.691462] pci 0000:00:01.0: PCI bridge to [bus 01]
[    2.696482] pci 0000:00:01.0:   bridge window [mem 0x13000000-0x130fffff]
[    2.703337] pci 0000:02:00.0: BAR 4: assigned [mem 0x20000000-0x20003fff 64bit pref]
[    2.711151] pci 0000:02:00.0: BAR 2: assigned [mem 0x13100000-0x13100fff 64bit]
[    2.718527] pci 0000:02:00.0: BAR 0: assigned [io  0x1000-0x10ff]
[    2.724675] pci 0000:00:02.0: PCI bridge to [bus 02]
[    2.729689] pci 0000:00:02.0:   bridge window [io  0x1000-0x1fff]
[    2.735836] pci 0000:00:02.0:   bridge window [mem 0x13100000-0x131fffff]
[    2.742673] pci 0000:00:02.0:   bridge window [mem 0x20000000-0x200fffff 64bit pref]
[    2.750500] pci 0000:00:01.0: nv_msi_ht_cap_quirk didn't locate host bridge
[    2.757635] pcieport 0000:00:01.0: enabling device (0140 -> 0142)
[    2.764081] pcieport 0000:00:01.0: Signaling PME through PCIe PME interrupt
[    2.771089] pci 0000:01:00.0: Signaling PME through PCIe PME interrupt
[    2.777669] pcie_pme 0000:00:01.0:pcie001: service driver pcie_pme loaded
[    2.784606] pci 0000:00:02.0: nv_msi_ht_cap_quirk didn't locate host bridge
[    2.791735] pcieport 0000:00:02.0: enabling device (0140 -> 0143)
[    2.798140] pcieport 0000:00:02.0: Signaling PME through PCIe PME interrupt
[    2.805145] pci 0000:02:00.0: Signaling PME through PCIe PME interrupt
[    2.811724] pcie_pme 0000:00:02.0:pcie001: service driver pcie_pme loaded
[    2.818918] r8169 Gigabit Ethernet driver 2.3LK-NAPI loaded
[    2.824563] r8169 0000:02:00.0: enabling device (0140 -> 0143)
[    2.840757] r8169 0000:02:00.0 eth0: RTL8168g/8111g at 0xf0a52000, 00:04:4b:3a:d9:81, XID 0c000800 IRQ 393
[    2.850476] r8169 0000:02:00.0 eth0: jumbo features [frames: 9200 bytes, tx checksumming: ko]
[    2.862702] [drm] Supports vblank timestamp caching Rev 2 (21.10.2013).
[    2.869372] [drm] No driver support for vblank timestamp query.
[    2.877273] mmc1: new high speed SDHC card at address aaaa
[    2.884081] mmcblk1: mmc1:aaaa SD04G 3.69 GiB 
[    2.902263]  mmcblk1: p1 p2 p3
[    2.994181] tegra-hdmi 54280000.hdmi: cannot set audio to 44100 at 297000000 pclk
[    3.164786] Console: switching to colour frame buffer device 512x135
[    3.260254] drm drm: fb0:  frame buffer device
[    3.279035] [drm] Initialized tegra 0.0.0 20120330 on minor 0
[    3.286508] cpu: dev_pm_opp_of_cpumask_add_table: couldn't find opp table for cpu:0, -19
[    3.294649] cpu cpu0: dev_pm_opp_get_max_volt_latency: Invalid regulator (-6)
[    3.301790] cpufreq: cpufreq_online: CPU0: Running at unlisted freq: 696000 KHz
[    3.309115] cpufreq: cpufreq_online: CPU0: Unlisted initial frequency changed to: 714000 KHz
[    3.317714] cpu cpu1: cpufreq_init: failed to get clk: -2
[    3.323195] cpu cpu2: cpufreq_init: failed to get clk: -2
[    3.328670] cpu cpu3: cpufreq_init: failed to get clk: -2
[    3.335073] input: gpio-keys as /devices/soc0/gpio-keys/input/input0
[    3.342668] as3722-rtc as3722-rtc: setting system clock to 2000-01-01 00:00:43 UTC (946684843)
[    3.357236] +USB0_VBUS_SW: disabling
[    3.360828] +1.8V_RUN_CAM: disabling
[    3.364801] +2.8V_RUN_CAM: disabling
[    3.368734] +1.2V_RUN_CAM_FRONT: disabling
[    3.373067] +1.05V_RUN_CAM_REAR: disabling
[    3.377395] +3.3V_RUN_TOUCH: disabling
[    3.381374] +2.8V_RUN_CAM_AF: disabling
[    3.385439] +1.8V_RUN_VPP_FUSE: disabling
[    3.391457] EXT4-fs (mmcblk0p1): mounting ext3 file system using the ext4 subsystem
[    3.423365] EXT4-fs (mmcblk0p1): recovery complete
[    3.428311] EXT4-fs (mmcblk0p1): mounted filesystem with ordered data mode. Opts: (null)
[    3.436545] VFS: Mounted root (ext3 filesystem) on device 179:1.
[    3.449738] devtmpfs: mounted
[    3.458327] Freeing unused kernel memory: 2048K (c1100000 - c1300000)
bash: cannot set terminal process group (-1): Inappropriate ioctl for device
bash: no job control in this shell
root@(none):/# mount -t sysfs none /sys
root@(none):/# 
root@(none):/# mount -t debugfs none /sys/kernel/debug
root@(none):/# 
root@(none):/# rtcwake -d rtc1 -m mem -s 3
rtcwake: assuming RTC uses UTC ...
rtcwake: wakeup from "mem" using /dev/rtc1 at Thu Jan  1 00:00:19 1970
[    6.449525] PM: Syncing filesystems ... done.
[    6.630339] Freezing user space processes ... (elapsed 0.001 seconds) done.
[    6.639026] Freezing remaining freezable tasks ... (elapsed 0.001 seconds) done.
[    6.648137] Suspending console(s) (use no_console_suspend to debug)
[    6.747089] PM: suspend of devices complete after 89.960 msecs
[    6.752205] PM: late suspend of devices complete after 5.090 msecs
[    6.767507] PM: noirq suspend of devices complete after 15.283 msecs
[    6.767515] Disabling non-boot CPUs ...
[    6.768439] IRQ17 no longer affine to CPU1
[    6.769239] CPU1: shutdown
[    6.794204] CPU2: shutdown
[    6.813482] CPU3: shutdown
[    6.831322] Entering suspend state LP1
[    6.831338] Enabling non-boot CPUs ...
[    6.854723] cpu cpu1: cpufreq_init: failed to get clk: -2
[    6.854748] CPU1 is up
[    6.879778] cpu cpu2: cpufreq_init: failed to get clk: -2
[    6.879802] CPU2 is up
[    6.904922] cpu cpu3: cpufreq_init: failed to get clk: -2
[    6.904947] CPU3 is up
[    6.905714] pcieport 0000:00:01.0: nv_msi_ht_cap_quirk didn't locate host bridge
[    6.905716] pcieport 0000:00:02.0: nv_msi_ht_cap_quirk didn't locate host bridge
[    6.919000] PM: noirq resume of devices complete after 14.047 msecs
[    6.920677] PM: early resume of devices complete after 1.360 msecs
[    6.923408] tegra-hdmi 54280000.hdmi: cannot set audio to 44100 at 297000000 pclk
[    7.003689] PM: resume of devices complete after 83.001 msecs
[    7.110072] Restarting tasks ... done.
root@(none):/# 
root@(none):/# [    7.236353] ata1: SATA link down (SStatus 0 SControl 300)
rtcwake -d rtc1 -m mem -s 3
rtcwake: assuming RTC uses UTC ...
rtcwake: wakeup from "mem" using /dev/rtc1 at Thu Jan  1 00:00:24 1970
[    8.322174] PM: Syncing filesystems ... done.
[    8.585375] Freezing user space processes ... (elapsed 0.001 seconds) done.
[    8.594301] Freezing remaining freezable tasks ... (elapsed 0.001 seconds) done.
[    8.603862] Suspending console(s) (use no_console_suspend to debug)
[    8.717480] PM: suspend of devices complete after 103.296 msecs
[    8.728307] PM: late suspend of devices complete after 10.787 msecs
[    8.749322] PM: noirq suspend of devices complete after 20.986 msecs
[    8.749333] Disabling non-boot CPUs ...
[    8.751719] CPU1: shutdown
[    8.771560] CPU2: shutdown
[    8.790344] CPU3: shutdown
[    8.817432] Entering suspend state LP1
[    8.817447] Enabling non-boot CPUs ...
[    8.839687] cpu cpu1: cpufreq_init: failed to get clk: -2
[    8.839710] CPU1 is up
[    8.864732] cpu cpu2: cpufreq_init: failed to get clk: -2
[    8.864754] CPU2 is up
[    8.889887] cpu cpu3: cpufreq_init: failed to get clk: -2
[    8.889910] CPU3 is up
[    8.890667] pcieport 0000:00:01.0: nv_msi_ht_cap_quirk didn't locate host bridge
[    8.890669] pcieport 0000:00:02.0: nv_msi_ht_cap_quirk didn't locate host bridge
[    8.903968] PM: noirq resume of devices complete after 14.053 msecs
[    8.905515] PM: early resume of devices complete after 1.225 msecs
[    8.908826] tegra-hdmi 54280000.hdmi: cannot set audio to 44100 at 297000000 pclk
[    8.989092] PM: resume of devices complete after 83.566 msecs
[    9.091502] Restarting tasks ... done.
root@(none):/# 
root@(none):/# [    9.236650] ata1: SATA link down (SStatus 0 SControl 300)
rtcwake -d rtc1 -m mem -s 3
rtcwake: assuming RTC uses UTC ...
rtcwake: wakeup from "mem" using /dev/rtc1 at Thu Jan  1 00:00:29 1970
[   10.280938] PM: Syncing filesystems ... done.
[   10.323356] Freezing user space processes ... (elapsed 0.001 seconds) done.
[   10.331565] Freezing remaining freezable tasks ... (elapsed 0.001 seconds) done.
[   10.340299] Suspending console(s) (use no_console_suspend to debug)
[   10.440247] PM: suspend of devices complete after 93.004 msecs
[   10.441990] PM: late suspend of devices complete after 1.734 msecs
[   10.454650] PM: noirq suspend of devices complete after 12.654 msecs
[   10.454652] Disabling non-boot CPUs ...
[   10.455104] CPU1: shutdown
[   10.470159] CPU2: shutdown
[   10.484722] IRQ17 no longer affine to CPU3
[   10.484953] CPU3: shutdown
[   10.499408] Entering suspend state LP1
[   10.499423] Enabling non-boot CPUs ...
[   10.524661] cpu cpu1: cpufreq_init: failed to get clk: -2
[   10.524684] CPU1 is up
[   10.549722] cpu cpu2: cpufreq_init: failed to get clk: -2
[   10.549747] CPU2 is up
[   10.574860] cpu cpu3: cpufreq_init: failed to get clk: -2
[   10.574886] CPU3 is up
[   10.575626] pcieport 0000:00:02.0: nv_msi_ht_cap_quirk didn't locate host bridge
[   10.575628] pcieport 0000:00:01.0: nv_msi_ht_cap_quirk didn't locate host bridge
[   10.588945] PM: noirq resume of devices complete after 14.053 msecs
[   10.590567] PM: early resume of devices complete after 1.314 msecs
[   10.593256] tegra-hdmi 54280000.hdmi: cannot set audio to 44100 at 297000000 pclk
[   10.673482] PM: resume of devices complete after 82.904 msecs
[   10.779872] Restarting tasks ... done.
root@(none):/# 
root@(none):/# [   10.906399] ata1: SATA link down (SStatus 0 SControl 300)
rtcwake -d rtc1 -m mem -s 3
rtcwake: assuming RTC uses UTC ...
rtcwake: wakeup from "mem" using /dev/rtc1 at Thu Jan  1 00:00:34 1970
[   11.988240] PM: Syncing filesystems ... done.
[   12.252737] Freezing user space processes ... (elapsed 0.001 seconds) done.
[   12.261690] Freezing remaining freezable tasks ... (elapsed 0.001 seconds) done.
[   12.271229] Suspending console(s) (use no_console_suspend to debug)
[   12.387268] PM: suspend of devices complete after 105.808 msecs
[   12.395511] PM: late suspend of devices complete after 8.203 msecs
[   12.414213] PM: noirq suspend of devices complete after 18.673 msecs
[   12.414224] Disabling non-boot CPUs ...
[   12.416639] CPU1: shutdown
[   12.440695] IRQ17 no longer affine to CPU2
[   12.441806] CPU2: shutdown
[   12.460415] CPU3: shutdown
[   12.487410] Entering suspend state LP1
[   12.487425] Enabling non-boot CPUs ...
[   12.509637] cpu cpu1: cpufreq_init: failed to get clk: -2
[   12.509661] CPU1 is up
[   12.534691] cpu cpu2: cpufreq_init: failed to get clk: -2
[   12.534717] CPU2 is up
[   12.559829] cpu cpu3: cpufreq_init: failed to get clk: -2
[   12.559853] CPU3 is up
[   12.560621] pcieport 0000:00:02.0: nv_msi_ht_cap_quirk didn't locate host bridge
[   12.560623] pcieport 0000:00:01.0: nv_msi_ht_cap_quirk didn't locate host bridge
[   12.573912] PM: noirq resume of devices complete after 14.053 msecs
[   12.575645] PM: early resume of devices complete after 1.408 msecs
[   12.578245] tegra-hdmi 54280000.hdmi: cannot set audio to 44100 at 297000000 pclk
[   12.658457] PM: resume of devices complete after 82.802 msecs
[   12.764924] Restarting tasks ... done.
root@(none):/# 
root@(none):/# [   12.891421] ata1: SATA link down (SStatus 0 SControl 300)
rtcwake -d rtc1 -m mem -s 3
rtcwake: assuming RTC uses UTC ...
rtcwake: wakeup from "mem" using /dev/rtc1 at Thu Jan  1 00:00:39 1970
[   13.978948] PM: Syncing filesystems ... done.
[   14.241810] Freezing user space processes ... (elapsed 0.001 seconds) done.
[   14.250787] Freezing remaining freezable tasks ... (elapsed 0.001 seconds) done.
[   14.260434] Suspending console(s) (use no_console_suspend to debug)
[   14.371514] PM: suspend of devices complete after 100.847 msecs
[   14.378759] PM: late suspend of devices complete after 7.209 msecs
[   14.399068] PM: noirq suspend of devices complete after 20.282 msecs
[   14.399079] Disabling non-boot CPUs ...
[   14.400421] IRQ17 no longer affine to CPU1
[   14.401487] CPU1: shutdown
[   14.431495] CPU2: shutdown
[   14.450263] CPU3: shutdown
[   14.477362] Entering suspend state LP1
[   14.477377] Enabling non-boot CPUs ...
[   14.499598] cpu cpu1: cpufreq_init: failed to get clk: -2
[   14.499622] CPU1 is up
[   14.524655] cpu cpu2: cpufreq_init: failed to get clk: -2
[   14.524677] CPU2 is up
[   14.549787] cpu cpu3: cpufreq_init: failed to get clk: -2
[   14.549811] CPU3 is up
[   14.550503] pcieport 0000:00:01.0: nv_msi_ht_cap_quirk didn't locate host bridge
[   14.550659] pcieport 0000:00:02.0: nv_msi_ht_cap_quirk didn't locate host bridge
[   14.563880] PM: noirq resume of devices complete after 14.063 msecs
[   14.565585] PM: early resume of devices complete after 1.365 msecs
[   14.568509] tegra-hdmi 54280000.hdmi: cannot set audio to 44100 at 297000000 pclk
[   14.647967] PM: resume of devices complete after 82.370 msecs
[   14.754990] Restarting tasks ... done.
[   14.883446] ata1: SATA link down (SStatus 0 SControl 300)
root@(none):/# 
root@(none):/# rtcwake -d rtc1 -m mem -s 3
rtcwake: assuming RTC uses UTC ...
rtcwake: wakeup from "mem" using /dev/rtc1 at Thu Jan  1 00:00:44 1970
[   15.964734] PM: Syncing filesystems ... done.
[   16.222736] Freezing user space processes ... (elapsed 0.001 seconds) done.
[   16.231691] Freezing remaining freezable tasks ... (elapsed 0.001 seconds) done.
[   16.241220] Suspending console(s) (use no_console_suspend to debug)
[   16.357430] PM: suspend of devices complete after 106.032 msecs
[   16.367519] PM: late suspend of devices complete after 10.049 msecs
[   16.389108] PM: noirq suspend of devices complete after 21.561 msecs
[   16.389119] Disabling non-boot CPUs ...
[   16.391550] CPU1: shutdown
[   16.415489] IRQ17 no longer affine to CPU2
[   16.416525] CPU2: shutdown
[   16.435231] CPU3: shutdown
[   16.462325] Entering suspend state LP1
[   16.462340] Enabling non-boot CPUs ...
[   16.484573] cpu cpu1: cpufreq_init: failed to get clk: -2
[   16.484596] CPU1 is up
[   16.509627] cpu cpu2: cpufreq_init: failed to get clk: -2
[   16.509650] CPU2 is up
[   16.534765] cpu cpu3: cpufreq_init: failed to get clk: -2
[   16.534789] CPU3 is up
[   16.535527] pcieport 0000:00:02.0: nv_msi_ht_cap_quirk didn't locate host bridge
[   16.535529] pcieport 0000:00:01.0: nv_msi_ht_cap_quirk didn't locate host bridge
[   16.548847] PM: noirq resume of devices complete after 14.052 msecs
[   16.550615] PM: early resume of devices complete after 1.432 msecs
[   16.553335] tegra-hdmi 54280000.hdmi: cannot set audio to 44100 at 297000000 pclk
[   16.632766] PM: resume of devices complete after 82.142 msecs
[   16.739281] Restarting tasks ... done.
root@(none):/# 
root@(none):/# [   16.866335] ata1: SATA link down (SStatus 0 SControl 300)
rtcwake -d rtc1 -m mem -s 3
rtcwake: assuming RTC uses UTC ...
rtcwake: wakeup from "mem" using /dev/rtc1 at Thu Jan  1 00:00:49 1970
[   17.948687] PM: Syncing filesystems ... done.
[   18.206197] Freezing user space processes ... (elapsed 0.001 seconds) done.
[   18.215157] Freezing remaining freezable tasks ... (elapsed 0.001 seconds) done.
[   18.224691] Suspending console(s) (use no_console_suspend to debug)
[   18.352398] PM: suspend of devices complete after 117.517 msecs
[   18.362090] PM: late suspend of devices complete after 9.654 msecs
[   18.379006] PM: noirq suspend of devices complete after 16.888 msecs
[   18.379017] Disabling non-boot CPUs ...
[   18.380364] IRQ17 no longer affine to CPU1
[   18.381485] CPU1: shutdown
[   18.401515] CPU2: shutdown
[   18.420193] CPU3: shutdown
[   18.447278] Entering suspend state LP1
[   18.447293] Enabling non-boot CPUs ...
[   18.469540] cpu cpu1: cpufreq_init: failed to get clk: -2
[   18.469563] CPU1 is up
[   18.494587] cpu cpu2: cpufreq_init: failed to get clk: -2
[   18.494609] CPU2 is up
[   18.519724] cpu cpu3: cpufreq_init: failed to get clk: -2
[   18.519745] CPU3 is up
[   18.520482] pcieport 0000:00:01.0: nv_msi_ht_cap_quirk didn't locate host bridge
[   18.520484] pcieport 0000:00:02.0: nv_msi_ht_cap_quirk didn't locate host bridge
[   18.533815] PM: noirq resume of devices complete after 14.064 msecs
[   18.535523] PM: early resume of devices complete after 1.385 msecs
[   18.538337] tegra-hdmi 54280000.hdmi: cannot set audio to 44100 at 297000000 pclk
[   18.618649] PM: resume of devices complete after 83.115 msecs
[   18.725122] Restarting tasks ... done.
root@(none):/# 
root@(none):/# [   18.851195] ata1: SATA link down (SStatus 0 SControl 300)
rtcwake -d rtc1 -m mem -s 3
rtcwake: assuming RTC uses UTC ...
rtcwake: wakeup from "mem" using /dev/rtc1 at Thu Jan  1 00:00:54 1970
[   19.934131] PM: Syncing filesystems ... done.
[   20.197085] Freezing user space processes ... (elapsed 0.001 seconds) done.
[   20.206060] Freezing remaining freezable tasks ... (elapsed 0.001 seconds) done.
[   20.215638] Suspending console(s) (use no_console_suspend to debug)
[   20.332111] PM: suspend of devices complete after 106.236 msecs
[   20.340256] PM: late suspend of devices complete after 8.106 msecs
[   20.359036] PM: noirq suspend of devices complete after 18.751 msecs
[   20.359046] Disabling non-boot CPUs ...
[   20.361504] CPU1: shutdown
[   20.390495] IRQ17 no longer affine to CPU2
[   20.391527] CPU2: shutdown
[   20.410184] CPU3: shutdown
[   20.437276] Entering suspend state LP1
[   20.437291] Enabling non-boot CPUs ...
[   20.459504] cpu cpu1: cpufreq_init: failed to get clk: -2
[   20.459528] CPU1 is up
[   20.484565] cpu cpu2: cpufreq_init: failed to get clk: -2
[   20.484589] CPU2 is up
[   20.509698] cpu cpu3: cpufreq_init: failed to get clk: -2
[   20.509719] CPU3 is up
[   20.510459] pcieport 0000:00:01.0: nv_msi_ht_cap_quirk didn't locate host bridge
[   20.510461] pcieport 0000:00:02.0: nv_msi_ht_cap_quirk didn't locate host bridge
[   20.523782] PM: noirq resume of devices complete after 14.057 msecs
[   20.525446] PM: early resume of devices complete after 1.345 msecs
[   20.528041] tegra-hdmi 54280000.hdmi: cannot set audio to 44100 at 297000000 pclk
[   20.608312] PM: resume of devices complete after 82.856 msecs
[   20.714788] Restarting tasks ... done.
root@(none):/# 
root@(none):/# [   20.841293] ata1: SATA link down (SStatus 0 SControl 300)
rtcwake -d rtc1 -m mem -s 3
rtcwake: assuming RTC uses UTC ...
rtcwake: wakeup from "mem" using /dev/rtc1 at Thu Jan  1 00:00:59 1970
[   21.923747] PM: Syncing filesystems ... done.
[   22.186543] Freezing user space processes ... (elapsed 0.001 seconds) done.
[   22.195541] Freezing remaining freezable tasks ... (elapsed 0.001 seconds) done.
[   22.205150] Suspending console(s) (use no_console_suspend to debug)
[   22.326387] PM: suspend of devices complete after 110.990 msecs
[   22.333575] PM: late suspend of devices complete after 7.153 msecs
[   22.353860] PM: noirq suspend of devices complete after 20.257 msecs
[   22.353870] Disabling non-boot CPUs ...
[   22.356304] CPU1: shutdown
[   22.376411] CPU2: shutdown
[   22.394230] IRQ17 no longer affine to CPU3
[   22.395345] CPU3: shutdown
[   22.422238] Entering suspend state LP1
[   22.422253] Enabling non-boot CPUs ...
[   22.444475] cpu cpu1: cpufreq_init: failed to get clk: -2
[   22.444498] CPU1 is up
[   22.469526] cpu cpu2: cpufreq_init: failed to get clk: -2
[   22.469548] CPU2 is up
[   22.494665] cpu cpu3: cpufreq_init: failed to get clk: -2
[   22.494686] CPU3 is up
[   22.495427] pcieport 0000:00:01.0: nv_msi_ht_cap_quirk didn't locate host bridge
[   22.495429] pcieport 0000:00:02.0: nv_msi_ht_cap_quirk didn't locate host bridge
[   22.508750] PM: noirq resume of devices complete after 14.058 msecs
[   22.510689] PM: early resume of devices complete after 1.621 msecs
[   22.513221] tegra-hdmi 54280000.hdmi: cannot set audio to 44100 at 297000000 pclk
[   22.592639] PM: resume of devices complete after 81.939 msecs
[   22.699061] Restarting tasks ... done.
root@(none):/# 
root@(none):/# [   22.826285] ata1: SATA link down (SStatus 0 SControl 300)
rtcwake -d rtc1 -m mem -s 3
rtcwake: assuming RTC uses UTC ...
rtcwake: wakeup from "mem" using /dev/rtc1 at Thu Jan  1 00:01:04 1970
[   23.913211] PM: Syncing filesystems ... done.
[   24.170118] Freezing user space processes ... (elapsed 0.001 seconds) done.
[   24.179106] Freezing remaining freezable tasks ... (elapsed 0.001 seconds) done.
[   24.188557] Suspending console(s) (use no_console_suspend to debug)
[   24.307745] PM: suspend of devices complete after 108.984 msecs
[   24.315343] PM: late suspend of devices complete after 7.560 msecs
[   24.333981] PM: noirq suspend of devices complete after 18.611 msecs
[   24.333993] Disabling non-boot CPUs ...
[   24.336452] CPU1: shutdown
[   24.355375] IRQ17 no longer affine to CPU2
[   24.356416] CPU2: shutdown
[   24.375100] CPU3: shutdown
[   24.402199] Entering suspend state LP1
[   24.402214] Enabling non-boot CPUs ...
[   24.424441] cpu cpu1: cpufreq_init: failed to get clk: -2
[   24.424464] CPU1 is up
[   24.449491] cpu cpu2: cpufreq_init: failed to get clk: -2
[   24.449514] CPU2 is up
[   24.474631] cpu cpu3: cpufreq_init: failed to get clk: -2
[   24.474653] CPU3 is up
[   24.475390] pcieport 0000:00:02.0: nv_msi_ht_cap_quirk didn't locate host bridge
[   24.475392] pcieport 0000:00:01.0: nv_msi_ht_cap_quirk didn't locate host bridge
[   24.488718] PM: noirq resume of devices complete after 14.060 msecs
[   24.490624] PM: early resume of devices complete after 1.569 msecs
[   24.493580] tegra-hdmi 54280000.hdmi: cannot set audio to 44100 at 297000000 pclk
[   24.573813] PM: resume of devices complete after 83.180 msecs
[   24.680244] Restarting tasks ... done.
root@(none):/# 
root@(none):/# [   24.806417] ata1: SATA link down (SStatus 0 SControl 300)
NVTB SYSTEM SUSPEND TEST COMPLETE
