
U-Boot SPL 2015.04-rc3-00209-ga74ef40 (Mar 16 2015 - 14:43:39)


U-Boot 2015.04-rc3-00209-ga74ef40 (Mar 16 2015 - 14:43:39)

TEGRA20
Model: Compulab TrimSlice board
DRAM:  1 GiB
MMC:   Tegra SD/MMC: 0, Tegra SD/MMC: 1
SF: Detected W25Q80BL with page size 256 Bytes, erase size 4 KiB, total 1 MiB
tegra-pcie: PCI regions:
tegra-pcie:   I/O: 0x82000000-0x82010000
tegra-pcie:   non-prefetchable memory: 0xa0000000-0xa8000000
tegra-pcie:   prefetchable memory: 0xa8000000-0xc0000000
tegra-pcie: dual-mode configuration
tegra-pcie: probing port 0, using 2 lanes
In:    serial
Out:   serial
Err:   serial
Net:   RTL8169#0
Hit any key to stop autoboot:  2  0 
Tegra20 (TrimSlice) # 
Tegra20 (TrimSlice) # usb reset
resetting USB...
USB0:   USB EHCI 1.00
scanning bus 0 for devices... 3 USB Device(s) found
USB1:   USB EHCI 1.00
scanning bus 1 for devices... 1 USB Device(s) found
USB2:   lowlevel init failed
       scanning usb for storage devices... 0 Storage Device(s) found
       scanning usb for ethernet devices... 
Warning: asx0 using MAC address from net device
1 Ethernet Device(s) found
Tegra20 (TrimSlice) # setenv bootargs 'ignore_loglevel console=ttyS0,115200n8 rw root=PARTUUID=11eb23c1-01 rootwait gpt debug noinitrd earlyprintk init=/bin/bash'
Tegra20 (TrimSlice) # setenv ipaddr 192.168.100.103; setenv serverip 192.168.100.1; setenv tftpserverip 192.168.100.1
Tegra20 (TrimSlice) # tftpboot 0x00408000 zImage.multi_v7_defconfig
Using RTL8169#0 device
TFTP from server 192.168.100.1; our IP address is 192.168.100.103
Filename 'zImage.multi_v7_defconfig'.
Load address: 0x408000
Loading: *#################################################################
	 #################################################################
	 #################################################################
	 #################################################################
	 #################################################################
	 #################################################################
	 #################################################################
	 ######################
	 3.6 MiB/s
done
Bytes transferred = 6999736 (6aceb8 hex)
Tegra20 (TrimSlice) # tftpboot 0x02408000 tegra20-trimslice.dtb
Using RTL8169#0 device
TFTP from server 192.168.100.1; our IP address is 192.168.100.103
Filename 'tegra20-trimslice.dtb'.
Load address: 0x2408000
Loading: *##
	 4 MiB/s
done
Bytes transferred = 21172 (52b4 hex)
Tegra20 (TrimSlice) # bootz 0x00408000 - 0x02408000
Kernel image @ 0x408000 [ 0x000000 - 0x6aceb8 ]
## Flattened Device Tree blob at 02408000
   Booting using the fdt blob at 0x2408000
   Using Device Tree in place at 02408000, end 024102b3

Starting kernel ...

[    0.000000] Booting Linux on physical CPU 0x0
[    0.000000] Linux version 4.6.0-rc3-next-20160413-86423-g54ea972 (pwalmsley@sellafield) (gcc version 4.7.3 20130328 (prerelease) (crosstool-NG linaro-1.13.1-4.7-2013.04-20130415 - Linaro GCC 2013.04) ) #1 SMP Tue Apr 12 22:19:15 PDT 2016
[    0.000000] CPU: ARMv7 Processor [411fc090] revision 0 (ARMv7), cr=10c5387d
[    0.000000] CPU: PIPT / VIPT nonaliasing data cache, VIPT aliasing instruction cache
[    0.000000] Machine model: Compulab TrimSlice board
[    0.000000] debug: ignoring loglevel setting.
[    0.000000] cma: Reserved 64 MiB at 0x3c000000
[    0.000000] Memory policy: Data cache writealloc
[    0.000000] On node 0 totalpages: 262144
[    0.000000] free_area_init_node: node 0, pgdat c141d480, node_mem_map ef7f8000
[    0.000000]   DMA zone: 1536 pages used for memmap
[    0.000000]   DMA zone: 0 pages reserved
[    0.000000]   DMA zone: 196608 pages, LIFO batch:31
[    0.000000]   HighMem zone: 65536 pages, LIFO batch:15
[    0.000000] percpu: Embedded 12 pages/cpu @ef7cb000 s19648 r8192 d21312 u49152
[    0.000000] pcpu-alloc: s19648 r8192 d21312 u49152 alloc=12*4096
[    0.000000] pcpu-alloc: [0] 0 [0] 1 
[    0.000000] Built 1 zonelists in Zone order, mobility grouping on.  Total pages: 260608
[    0.000000] Kernel command line: ignore_loglevel console=ttyS0,115200n8 rw root=PARTUUID=11eb23c1-01 rootwait gpt debug noinitrd earlyprintk init=/bin/bash
[    0.000000] PID hash table entries: 4096 (order: 2, 16384 bytes)
[    0.000000] Dentry cache hash table entries: 131072 (order: 7, 524288 bytes)
[    0.000000] Inode-cache hash table entries: 65536 (order: 6, 262144 bytes)
[    0.000000] Memory: 955932K/1048576K available (9525K kernel code, 1149K rwdata, 4152K rodata, 2048K init, 341K bss, 27108K reserved, 65536K cma-reserved, 196608K highmem)
[    0.000000] Virtual kernel memory layout:
[    0.000000]     vector  : 0xffff0000 - 0xffff1000   (   4 kB)
[    0.000000]     fixmap  : 0xffc00000 - 0xfff00000   (3072 kB)
[    0.000000]     vmalloc : 0xf0800000 - 0xff800000   ( 240 MB)
[    0.000000]     lowmem  : 0xc0000000 - 0xf0000000   ( 768 MB)
[    0.000000]     pkmap   : 0xbfe00000 - 0xc0000000   (   2 MB)
[    0.000000]     modules : 0xbf000000 - 0xbfe00000   (  14 MB)
[    0.000000]       .text : 0xc0208000 - 0xc105b654   (14670 kB)
[    0.000000]       .init : 0xc1100000 - 0xc1300000   (2048 kB)
[    0.000000]       .data : 0xc1300000 - 0xc141f4c0   (1150 kB)
[    0.000000]        .bss : 0xc1421000 - 0xc1476598   ( 342 kB)
[    0.000000] SLUB: HWalign=64, Order=0-3, MinObjects=0, CPUs=2, Nodes=1
[    0.000000] Hierarchical RCU implementation.
[    0.000000] 	Build-time adjustment of leaf fanout to 32.
[    0.000000] 	RCU restricting CPUs from NR_CPUS=16 to nr_cpu_ids=2.
[    0.000000] RCU: Adjusting geometry for rcu_fanout_leaf=32, nr_cpu_ids=2
[    0.000000] NR_IRQS:16 nr_irqs:16 16
[    0.000000] /interrupt-controller@60004000: 128 interrupts forwarded to /interrupt-controller@50041000
[    0.000000] L2C: platform modifies aux control register: 0x02080000 -> 0x3e480001
[    0.000000] L2C: DT/platform modifies aux control register: 0x02080000 -> 0x3e480001
[    0.000000] L2C-310 errata 727915 769419 enabled
[    0.000000] L2C-310 enabling early BRESP for Cortex-A9
[    0.000000] L2C-310: enabling full line of zeros but not enabled in Cortex-A9
[    0.000000] L2C-310 ID prefetch enabled, offset 1 lines
[    0.000000] L2C-310 cache controller enabled, 8 ways, 1024 kB
[    0.000000] L2C-310: CACHE_ID 0x410000c4, AUX_CTRL 0x7e480001
[    0.000010] sched_clock: 32 bits at 1000kHz, resolution 1000ns, wraps every 2147483647500ns
[    0.000027] clocksource: timer_us: mask: 0xffffffff max_cycles: 0xffffffff, max_idle_ns: 1911260446275 ns
[    0.000038] Switching to timer-based delay loop, resolution 1000ns
[    0.001651] Console: colour dummy device 80x30
[    0.001672] Calibrating delay loop (skipped), value calculated using timer frequency.. 2.00 BogoMIPS (lpj=5000)
[    0.001682] pid_max: default: 32768 minimum: 301
[    0.001756] Mount-cache hash table entries: 2048 (order: 1, 8192 bytes)
[    0.001764] Mountpoint-cache hash table entries: 2048 (order: 1, 8192 bytes)
[    0.002244] CPU: Testing write buffer coherency: ok
[    0.002427] CPU0: thread -1, cpu 0, socket 0, mpidr 80000000
[    0.002449] Setting up static identity map for 0x300000 - 0x300098
[    0.002985] ------------[ cut here ]------------
[    0.003006] WARNING: CPU: 0 PID: 1 at arch/arm/mach-omap2/id.c:49 omap_rev+0x3c/0x50
[    0.003010] Modules linked in:
[    0.003021] CPU: 0 PID: 1 Comm: swapper/0 Not tainted 4.6.0-rc3-next-20160413-86423-g54ea972 #1
[    0.003026] Hardware name: NVIDIA Tegra SoC (Flattened Device Tree)
[    0.003057] [<c030f9a8>] (unwind_backtrace) from [<c030b088>] (show_stack+0x10/0x14)
[    0.003078] [<c030b088>] (show_stack) from [<c0582708>] (dump_stack+0x84/0xa4)
[    0.003095] [<c0582708>] (dump_stack) from [<c0341bf8>] (__warn+0xd4/0x100)
[    0.003107] [<c0341bf8>] (__warn) from [<c0341c44>] (warn_slowpath_null+0x20/0x28)
[    0.003118] [<c0341c44>] (warn_slowpath_null) from [<c03243fc>] (omap_rev+0x3c/0x50)
[    0.003133] [<c03243fc>] (omap_rev) from [<c1114acc>] (__omap4_sar_ram_init+0x8/0x88)
[    0.003145] [<c1114acc>] (__omap4_sar_ram_init) from [<c0301e5c>] (do_one_initcall+0x3c/0x16c)
[    0.003160] [<c0301e5c>] (do_one_initcall) from [<c1100ccc>] (kernel_init_freeable+0x70/0x1ec)
[    0.003179] [<c1100ccc>] (kernel_init_freeable) from [<c0b42a44>] (kernel_init+0x8/0x118)
[    0.003192] [<c0b42a44>] (kernel_init) from [<c0307f78>] (ret_from_fork+0x14/0x3c)
[    0.003211] ---[ end trace cb88537fdc8fa200 ]---
[    0.003985] Tegra Revision: A03 prime SKU: 8 CPU Process: 1 SoC Process: 2
[    0.005025] CPU1: thread -1, cpu 1, socket 0, mpidr 80000001
[    0.005088] Brought up 2 CPUs
[    0.005100] SMP: Total of 2 processors activated (4.00 BogoMIPS).
[    0.005106] CPU: All CPU(s) started in SVC mode.
[    0.005757] devtmpfs: initialized
[    0.009660] VFP support v0.3: implementor 41 architecture 3 part 30 variant 9 rev 1
[    0.009993] clocksource: jiffies: mask: 0xffffffff max_cycles: 0xffffffff, max_idle_ns: 9556302231375000 ns
[    0.012997] pinctrl core: initialized pinctrl subsystem
[    0.014153] NET: Registered protocol family 16
[    0.016189] DMA: preallocated 256 KiB pool for atomic coherent allocations
[    0.029925] cpuidle: using governor menu
[    0.041371] No ATAGs?
[    0.041391] hw-breakpoint: found 5 (+1 reserved) breakpoint and 1 watchpoint registers.
[    0.041398] hw-breakpoint: maximum watchpoint size is 4 bytes.
[    0.044752] Serial: AMBA PL011 UART driver
[    0.068288] usb1_vbus: Failed to request enable GPIO170: -517
[    0.068304] reg-fixed-voltage regulators:regulator@2: Failed to register regulator: -517
[    0.071975] vgaarb: loaded
[    0.072638] SCSI subsystem initialized
[    0.072754] libata version 3.00 loaded.
[    0.072947] usbcore: registered new interface driver usbfs
[    0.073002] usbcore: registered new interface driver hub
[    0.073042] usbcore: registered new device driver usb
[    0.075189] pps_core: LinuxPPS API ver. 1 registered
[    0.075197] pps_core: Software ver. 5.3.6 - Copyright 2005-2007 Rodolfo Giometti <giometti@linux.it>
[    0.075213] PTP clock support registered
[    0.075361] EDAC MC: Ver: 3.0.0
[    0.077143] clocksource: Switched to clocksource timer_us
[    0.084865] NET: Registered protocol family 2
[    0.085300] TCP established hash table entries: 8192 (order: 3, 32768 bytes)
[    0.085374] TCP bind hash table entries: 8192 (order: 4, 65536 bytes)
[    0.085479] TCP: Hash tables configured (established 8192 bind 8192)
[    0.085552] UDP hash table entries: 512 (order: 2, 16384 bytes)
[    0.085595] UDP-Lite hash table entries: 512 (order: 2, 16384 bytes)
[    0.085746] NET: Registered protocol family 1
[    0.085977] RPC: Registered named UNIX socket transport module.
[    0.085984] RPC: Registered udp transport module.
[    0.085989] RPC: Registered tcp transport module.
[    0.085994] RPC: Registered tcp NFSv4.1 backchannel transport module.
[    0.086003] PCI: CLS 0 bytes, default 64
[    0.086792] hw perfevents: enabled with armv7_cortex_a9 PMU driver, 7 counters available
[    0.087771] futex hash table entries: 512 (order: 3, 32768 bytes)
[    0.088355] workingset: timestamp_bits=28 max_order=18 bucket_order=0
[    0.096279] squashfs: version 4.0 (2009/01/31) Phillip Lougher
[    0.096874] NFS: Registering the id_resolver key type
[    0.096905] Key type id_resolver registered
[    0.096911] Key type id_legacy registered
[    0.096944] ntfs: driver 2.1.32 [Flags: R/O].
[    0.097899] bounce: pool size: 64 pages
[    0.098058] Block layer SCSI generic (bsg) driver version 0.4 loaded (major 248)
[    0.098067] io scheduler noop registered
[    0.098073] io scheduler deadline registered
[    0.098098] io scheduler cfq registered (default)
[    0.108832] tegra-pcie 80003000.pcie-controller: dual-mode configuration
[    0.109432] tegra-pcie 80003000.pcie-controller: probing port 0, using 2 lanes
[    0.191545] tegra-pcie 80003000.pcie-controller: PCI host bridge to bus 0000:00
[    0.191557] pci_bus 0000:00: root bus resource [io  0x0000-0xffff]
[    0.191566] pci_bus 0000:00: root bus resource [mem 0xa0000000-0xa7ffffff]
[    0.191575] pci_bus 0000:00: root bus resource [mem 0xa8000000-0xbfffffff pref]
[    0.191583] pci_bus 0000:00: root bus resource [bus 00-ff]
[    0.191611] pci 0000:00:01.0: [10de:0bf0] type 01 class 0x060000
[    0.191670] pci 0000:00:01.0: PME# supported from D0 D1 D2 D3hot D3cold
[    0.191858] PCI: bus0: Fast back to back transfers disabled
[    0.191869] pci 0000:00:01.0: bridge configuration invalid ([bus 00-00]), reconfiguring
[    0.192009] pci 0000:01:00.0: [10ec:8168] type 00 class 0x020000
[    0.192031] pci 0000:01:00.0: reg 0x10: [io  0x0000-0x00ff]
[    0.192053] pci 0000:01:00.0: reg 0x18: [mem 0x00000000-0x00000fff 64bit pref]
[    0.192069] pci 0000:01:00.0: reg 0x20: [mem 0x00000000-0x00003fff 64bit pref]
[    0.192082] pci 0000:01:00.0: reg 0x30: [mem 0x00000000-0x0001ffff pref]
[    0.192179] pci 0000:01:00.0: supports D1 D2
[    0.192189] pci 0000:01:00.0: PME# supported from D0 D1 D2 D3hot D3cold
[    0.202172] PCI: bus1: Fast back to back transfers disabled
[    0.202184] pci_bus 0000:01: busn_res: [bus 01-ff] end is updated to 01
[    0.202196] Disabling cpuidle LP2 state, since PCIe IRQs are in use
[    0.202253] pci 0000:00:01.0: BAR 8: assigned [mem 0xa0000000-0xa00fffff]
[    0.202264] pci 0000:00:01.0: BAR 9: assigned [mem 0xa8000000-0xa80fffff 64bit pref]
[    0.202273] pci 0000:00:01.0: BAR 7: assigned [io  0x1000-0x1fff]
[    0.202286] pci 0000:01:00.0: BAR 6: assigned [mem 0xa0000000-0xa001ffff pref]
[    0.202295] pci 0000:01:00.0: BAR 4: assigned [mem 0xa8000000-0xa8003fff 64bit pref]
[    0.202312] pci 0000:01:00.0: BAR 2: assigned [mem 0xa8004000-0xa8004fff 64bit pref]
[    0.202327] pci 0000:01:00.0: BAR 0: assigned [io  0x1000-0x10ff]
[    0.202339] pci 0000:00:01.0: PCI bridge to [bus 01]
[    0.202347] pci 0000:00:01.0:   bridge window [io  0x1000-0x1fff]
[    0.202356] pci 0000:00:01.0:   bridge window [mem 0xa0000000-0xa00fffff]
[    0.202364] pci 0000:00:01.0:   bridge window [mem 0xa8000000-0xa80fffff 64bit pref]
[    0.202384] pci 0000:00:01.0: nv_msi_ht_cap_quirk didn't locate host bridge
[    0.202449] pcieport 0000:00:01.0: enabling device (0140 -> 0143)
[    0.202617] pcieport 0000:00:01.0: Signaling PME through PCIe PME interrupt
[    0.202626] pci 0000:01:00.0: Signaling PME through PCIe PME interrupt
[    0.202635] pcie_pme 0000:00:01.0:pcie01: service driver pcie_pme loaded
[    0.206328] tegra-apbdma 6000a000.dma: Tegra20 APB DMA driver register 16 channels
[    0.256209] Serial: 8250/16550 driver, 4 ports, IRQ sharing disabled
[    0.258628] console [ttyS0] disabled
[    0.258664] 70006000.serial: ttyS0 at MMIO 0x70006000 (irq = 279, base_baud = 13500000) is a Tegra
[    1.316262] console [ttyS0] enabled
[    1.320370] SuperH (H)SCI(F) driver initialized
[    1.325654] msm_serial: driver initialized
[    1.329899] STMicroelectronics ASC driver initialized
[    1.336687] [drm] Initialized drm 1.1.0 20060810
[    1.343599] 54280000.hdmi supply hdmi not found, using dummy regulator
[    1.353191] [drm] Supports vblank timestamp caching Rev 2 (21.10.2013).
[    1.359802] [drm] No driver support for vblank timestamp query.
[    1.365745] drm drm: No connectors reported connected with modes
[    1.371752] [drm] Cannot find any crtc or sizes - going 1024x768
[    1.393826] Console: switching to colour frame buffer device 128x48
[    1.408511] drm drm: fb0:  frame buffer device
[    1.427149] [drm] Initialized tegra 0.0.0 20120330 on minor 0
[    1.441700] brd: module loaded
[    1.449044] loop: module loaded
[    1.457480] m25p80 spi32766.0: found s25fl008k, expected w25q80bl
[    1.463615] m25p80 spi32766.0: s25fl008k (1024 Kbytes)
[    1.471116] libphy: Fixed MDIO Bus: probed
[    1.475732] CAN device driver interface
[    1.481016] igb: Intel(R) Gigabit Ethernet Network Driver - version 5.3.0-k
[    1.487976] igb: Copyright (c) 2007-2014 Intel Corporation.
[    1.494065] r8169 Gigabit Ethernet driver 2.3LK-NAPI loaded
[    1.499663] r8169 0000:01:00.0: enabling device (0140 -> 0143)
[    1.506270] r8169 0000:01:00.0 eth0: RTL8168d/8111d at 0xf0878000, 00:01:c0:13:7d:63, XID 081000c0 IRQ 296
[    1.515926] r8169 0000:01:00.0 eth0: jumbo features [frames: 9200 bytes, tx checksumming: ko]
[    1.526379] pegasus: v0.9.3 (2013/04/25), Pegasus/Pegasus II USB Ethernet driver
[    1.533833] usbcore: registered new interface driver pegasus
[    1.539535] usbcore: registered new interface driver asix
[    1.544966] usbcore: registered new interface driver ax88179_178a
[    1.551091] usbcore: registered new interface driver cdc_ether
[    1.556966] usbcore: registered new interface driver smsc75xx
[    1.562768] usbcore: registered new interface driver smsc95xx
[    1.568546] usbcore: registered new interface driver net1080
[    1.574235] usbcore: registered new interface driver cdc_subset
[    1.580183] usbcore: registered new interface driver zaurus
[    1.585815] usbcore: registered new interface driver cdc_ncm
[    1.591756] tegra-phy c5004000.usb-phy: no vbus regulator
[    1.598251] tegra-phy c5008000.usb-phy: no vbus regulator
[    1.605040] ehci_hcd: USB 2.0 'Enhanced' Host Controller (EHCI) Driver
[    1.611569] ehci-pci: EHCI PCI platform driver
[    1.616056] ehci-platform: EHCI generic platform driver
[    1.621443] ehci-omap: OMAP-EHCI Host Controller driver
[    1.626773] ehci-orion: EHCI orion driver
[    1.630888] SPEAr-ehci: EHCI SPEAr driver
[    1.635004] ehci-st: EHCI STMicroelectronics driver
[    1.639987] ehci-exynos: EHCI EXYNOS driver
[    1.644298] ehci-atmel: EHCI Atmel driver
[    1.648414] tegra-ehci: Tegra EHCI driver
[    1.673347] ulpi_phy_power_on: ulpi write failed
[    1.677970] tegra-ehci c5004000.usb: Failed to power on the phy
[    1.683900] tegra-ehci: probe of c5004000.usb failed with error -110
[    1.692890] tegra-ehci c5008000.usb: EHCI Host Controller
[    1.698305] tegra-ehci c5008000.usb: new USB bus registered, assigned bus number 1
[    1.706123] tegra-ehci c5008000.usb: irq 290, io mem 0xc5008000
[    1.717159] tegra-ehci c5008000.usb: USB 2.0 started, EHCI 1.00
[    1.723725] hub 1-0:1.0: USB hub found
[    1.727506] hub 1-0:1.0: 1 port detected
[    1.731743] ohci_hcd: USB 1.1 'Open' Host Controller (OHCI) Driver
[    1.737933] ohci-pci: OHCI PCI platform driver
[    1.742419] ohci-platform: OHCI generic platform driver
[    1.747800] ohci-omap3: OHCI OMAP3 driver
[    1.751904] SPEAr-ohci: OHCI SPEAr driver
[    1.756020] ohci-st: OHCI STMicroelectronics driver
[    1.760999] ohci-atmel: OHCI Atmel driver
[    1.765622] usbcore: registered new interface driver usb-storage
[    1.772862] mousedev: PS/2 mouse device common for all mice
[    1.780299] rtc-em3027 2-0056: rtc core: registered rtc-em3027 as rtc0
[    1.787993] tegra_rtc 7000e000.rtc: rtc core: registered 7000e000.rtc as rtc1
[    1.795160] tegra_rtc 7000e000.rtc: Tegra internal Real Time Clock
[    1.801739] i2c /dev entries driver
[    1.813581] sdhci: Secure Digital Host Controller Interface driver
[    1.819773] sdhci: Copyright(c) Pierre Ossman
[    1.825321] Synopsys Designware Multimedia Card Interface Driver
[    1.832168] sdhci-pltfm: SDHCI platform and OF driver helper
[    1.838648] mmc0: Invalid maximum block size, assuming 512 bytes
[    1.872160] mmc0: SDHCI controller on c8000000.sdhci [c8000000.sdhci] using ADMA
[    1.879668] sdhci-tegra c8000600.sdhci: Got CD GPIO
[    1.884561] sdhci-tegra c8000600.sdhci: Got WP GPIO
[    1.889595] mmc1: Invalid maximum block size, assuming 512 bytes
[    1.922227] mmc1: SDHCI controller on c8000600.sdhci [c8000600.sdhci] using ADMA
[    1.930793] ledtrig-cpu: registered to indicate activity on CPUs
[    1.937202] usbcore: registered new interface driver usbhid
[    1.942774] usbhid: USB HID core driver
[    1.950806] NET: Registered protocol family 10
[    1.955919] sit: IPv6 over IPv4 tunneling driver
[    1.961029] NET: Registered protocol family 17
[    1.965488] can: controller area network core (rev 20120528 abi 9)
[    1.971713] NET: Registered protocol family 29
[    1.976157] can: raw protocol (rev 20120528)
[    1.980425] can: broadcast manager protocol (rev 20120528 t)
[    1.986083] can: netlink gateway (rev 20130117) max_hops=1
[    1.991885] Key type dns_resolver registered
[    1.996511] ThumbEE CPU extension supported.
[    2.000791] Registering SWP/SWPB emulation handler
[    2.011299] utmi_phy_clk_enable: timeout waiting for phy to stabilize
[    2.017804] tegra-ehci c5000000.usb: EHCI Host Controller
[    2.023251] tegra-ehci c5000000.usb: new USB bus registered, assigned bus number 2
[    2.031136] tegra-ehci c5000000.usb: irq 288, io mem 0xc5000000
[    2.047164] usb 1-1: new high-speed USB device number 2 using tegra-ehci
[    2.060613] mmc0: host does not support reading read-only switch, assuming write-enable
[    2.068657] tegra-ehci c5000000.usb: USB 2.0 started, EHCI 1.00
[    2.074710] mmc0: new high speed SDHC card at address b368
[    2.081027] hub 2-0:1.0: USB hub found
[    2.084822] hub 2-0:1.0: 1 port detected
[    2.088798] mmcblk0: mmc0:b368 NCard 3.70 GiB 
[    2.094439] input: gpio-keys as /devices/soc0/gpio-keys/input/input0
[    2.101386] rtc-em3027 2-0056: setting system clock to 2014-12-28 16:18:39 UTC (1419783519)
[    2.109834]  mmcblk0: p1
[    2.114394] EXT4-fs (mmcblk0p1): mounting ext3 file system using the ext4 subsystem
[    2.128960] mmc1: new high speed SD card at address b368
[    2.135163] mmcblk1: mmc1:b368 NCard 1.83 GiB (ro)
[    2.142692]  mmcblk1: p1 p2
[    2.198483] hub 1-1:1.0: USB hub found
[    2.202393] hub 1-1:1.0: 4 ports detected
[    2.492265] usb 1-1.2: new high-speed USB device number 3 using tegra-ehci
[    2.644201] EXT4-fs (mmcblk0p1): recovery complete
[    2.718421] EXT4-fs (mmcblk0p1): mounted filesystem with ordered data mode. Opts: (null)
[    2.726700] VFS: Mounted root (ext3 filesystem) on device 179:1.
[    2.743142] devtmpfs: mounted
[    2.751121] Freeing unused kernel memory: 2048K (c1100000 - c1300000)
bash: cannot set terminal process group (-1): Inappropriate ioctl for device
bash: no job control in this shell
root@(none):/# 