
U-Boot SPL 2015.04-rc3-00209-ga74ef40 (Mar 16 2015 - 14:43:39)


U-Boot 2015.04-rc3-00209-ga74ef40 (Mar 16 2015 - 14:43:39)

TEGRA20
Model: Compulab TrimSlice board
DRAM:  1 GiB
MMC:   Tegra SD/MMC: 0, Tegra SD/MMC: 1
SF: Detected W25Q80BL with page size 256 Bytes, erase size 4 KiB, total 1 MiB
tegra-pcie: PCI regions:
tegra-pcie:   I/O: 0x82000000-0x82010000
tegra-pcie:   non-prefetchable memory: 0xa0000000-0xa8000000
tegra-pcie:   prefetchable memory: 0xa8000000-0xc0000000
tegra-pcie: dual-mode configuration
tegra-pcie: probing port 0, using 2 lanes
In:    serial
Out:   serial
Err:   serial
Net:   RTL8169#0
Hit any key to stop autoboot:  2  0 
Tegra20 (TrimSlice) # 
Tegra20 (TrimSlice) # usb reset
resetting USB...
USB0:   USB EHCI 1.00
scanning bus 0 for devices... 3 USB Device(s) found
USB1:   USB EHCI 1.00
scanning bus 1 for devices... 1 USB Device(s) found
USB2:   lowlevel init failed
       scanning usb for storage devices... 0 Storage Device(s) found
       scanning usb for ethernet devices... 
Warning: asx0 using MAC address from net device
1 Ethernet Device(s) found
Tegra20 (TrimSlice) # setenv bootargs 'ignore_loglevel console=ttyS0,115200n8 rw root=PARTUUID=11eb23c1-01 rootwait gpt debug noinitrd earlyprintk init=/bin/bash'
Tegra20 (TrimSlice) # setenv ipaddr 192.168.100.103; setenv serverip 192.168.100.1; setenv tftpserverip 192.168.100.1
Tegra20 (TrimSlice) # tftpboot 0x00408000 zImage.multi_v7_defconfig
Using RTL8169#0 device
TFTP from server 192.168.100.1; our IP address is 192.168.100.103
Filename 'zImage.multi_v7_defconfig'.
Load address: 0x408000
Loading: *#################################################################
	 #################################################################
	 #################################################################
	 #################################################################
	 #################################################################
	 #################################################################
	 #################################################################
	 #########
	 4.1 MiB/s
done
Bytes transferred = 6798184 (67bb68 hex)
Tegra20 (TrimSlice) # tftpboot 0x02408000 tegra20-trimslice.dtb
Using RTL8169#0 device
TFTP from server 192.168.100.1; our IP address is 192.168.100.103
Filename 'tegra20-trimslice.dtb'.
Load address: 0x2408000
Loading: *##
	 3.4 MiB/s
done
Bytes transferred = 21130 (528a hex)
Tegra20 (TrimSlice) # bootz 0x00408000 - 0x02408000
Kernel image @ 0x408000 [ 0x000000 - 0x67bb68 ]
## Flattened Device Tree blob at 02408000
   Booting using the fdt blob at 0x2408000
   Using Device Tree in place at 02408000, end 02410289

Starting kernel ...

[    0.000000] Booting Linux on physical CPU 0x0
[    0.000000] Linux version 4.5.0-rc4-next-20160216-73311-gdfd481f (pwalmsley@sellafield) (gcc version 4.7.3 20130328 (prerelease) (crosstool-NG linaro-1.13.1-4.7-2013.04-20130415 - Linaro GCC 2013.04) ) #1 SMP Mon Feb 15 22:23:38 PST 2016
[    0.000000] CPU: ARMv7 Processor [411fc090] revision 0 (ARMv7), cr=10c5387d
[    0.000000] CPU: PIPT / VIPT nonaliasing data cache, VIPT aliasing instruction cache
[    0.000000] Machine model: Compulab TrimSlice board
[    0.000000] debug: ignoring loglevel setting.
[    0.000000] cma: Reserved 64 MiB at 0x3c000000
[    0.000000] Memory policy: Data cache writealloc
[    0.000000] On node 0 totalpages: 262144
[    0.000000] free_area_init_node: node 0, pgdat c1414800, node_mem_map ef7f8000
[    0.000000]   DMA zone: 1536 pages used for memmap
[    0.000000]   DMA zone: 0 pages reserved
[    0.000000]   DMA zone: 196608 pages, LIFO batch:31
[    0.000000]   HighMem zone: 65536 pages, LIFO batch:15
[    0.000000] PERCPU: Embedded 13 pages/cpu @ef7c9000 s23296 r8192 d21760 u53248
[    0.000000] pcpu-alloc: s23296 r8192 d21760 u53248 alloc=13*4096
[    0.000000] pcpu-alloc: [0] 0 [0] 1 
[    0.000000] Built 1 zonelists in Zone order, mobility grouping on.  Total pages: 260608
[    0.000000] Kernel command line: ignore_loglevel console=ttyS0,115200n8 rw root=PARTUUID=11eb23c1-01 rootwait gpt debug noinitrd earlyprintk init=/bin/bash
[    0.000000] PID hash table entries: 4096 (order: 2, 16384 bytes)
[    0.000000] Dentry cache hash table entries: 131072 (order: 7, 524288 bytes)
[    0.000000] Inode-cache hash table entries: 65536 (order: 6, 262144 bytes)
[    0.000000] Memory: 955956K/1048576K available (9516K kernel code, 1113K rwdata, 4036K rodata, 2048K init, 341K bss, 27084K reserved, 65536K cma-reserved, 196608K highmem)
[    0.000000] Virtual kernel memory layout:
[    0.000000]     vector  : 0xffff0000 - 0xffff1000   (   4 kB)
[    0.000000]     fixmap  : 0xffc00000 - 0xfff00000   (3072 kB)
[    0.000000]     vmalloc : 0xf0800000 - 0xff800000   ( 240 MB)
[    0.000000]     lowmem  : 0xc0000000 - 0xf0000000   ( 768 MB)
[    0.000000]     pkmap   : 0xbfe00000 - 0xc0000000   (   2 MB)
[    0.000000]     modules : 0xbf000000 - 0xbfe00000   (  14 MB)
[    0.000000]       .text : 0xc0208000 - 0xc103c2b4   (14545 kB)
[    0.000000]       .init : 0xc1100000 - 0xc1300000   (2048 kB)
[    0.000000]       .data : 0xc1300000 - 0xc14167c0   (1114 kB)
[    0.000000]        .bss : 0xc1419000 - 0xc146e6e0   ( 342 kB)
[    0.000000] SLUB: HWalign=64, Order=0-3, MinObjects=0, CPUs=2, Nodes=1
[    0.000000] Hierarchical RCU implementation.
[    0.000000] 	Build-time adjustment of leaf fanout to 32.
[    0.000000] 	RCU restricting CPUs from NR_CPUS=16 to nr_cpu_ids=2.
[    0.000000] RCU: Adjusting geometry for rcu_fanout_leaf=32, nr_cpu_ids=2
[    0.000000] NR_IRQS:16 nr_irqs:16 16
[    0.000000] /interrupt-controller@60004000: 128 interrupts forwarded to /interrupt-controller@50041000
[    0.000000] L2C: platform modifies aux control register: 0x02080000 -> 0x3e480001
[    0.000000] L2C: DT/platform modifies aux control register: 0x02080000 -> 0x3e480001
[    0.000000] L2C-310 errata 727915 769419 enabled
[    0.000000] L2C-310 enabling early BRESP for Cortex-A9
[    0.000000] L2C-310: enabling full line of zeros but not enabled in Cortex-A9
[    0.000000] L2C-310 ID prefetch enabled, offset 1 lines
[    0.000000] L2C-310 cache controller enabled, 8 ways, 1024 kB
[    0.000000] L2C-310: CACHE_ID 0x410000c4, AUX_CTRL 0x7e480001
[    0.000000] __clk_core_init: audio_2x would create circular parent
[    0.000000] Tegra clk 89: register failed with -22
[    0.000007] sched_clock: 32 bits at 1000kHz, resolution 1000ns, wraps every 2147483647500ns
[    0.000021] clocksource: timer_us: mask: 0xffffffff max_cycles: 0xffffffff, max_idle_ns: 1911260446275 ns
[    0.000031] Switching to timer-based delay loop, resolution 1000ns
[    0.001513] Console: colour dummy device 80x30
[    0.001534] Calibrating delay loop (skipped), value calculated using timer frequency.. 2.00 BogoMIPS (lpj=5000)
[    0.001545] pid_max: default: 32768 minimum: 301
[    0.001630] Mount-cache hash table entries: 2048 (order: 1, 8192 bytes)
[    0.001640] Mountpoint-cache hash table entries: 2048 (order: 1, 8192 bytes)
[    0.002106] CPU: Testing write buffer coherency: ok
[    0.002288] CPU0: thread -1, cpu 0, socket 0, mpidr 80000000
[    0.002335] Setting up static identity map for 0x300000 - 0x300098
[    0.003716] Tegra Revision: A03 prime SKU: 8 CPU Process: 1 SoC Process: 2
[    0.004679] CPU1: thread -1, cpu 1, socket 0, mpidr 80000001
[    0.004739] Brought up 2 CPUs
[    0.004751] SMP: Total of 2 processors activated (4.00 BogoMIPS).
[    0.004757] CPU: All CPU(s) started in SVC mode.
[    0.005422] devtmpfs: initialized
[    0.009439] VFP support v0.3: implementor 41 architecture 3 part 30 variant 9 rev 1
[    0.009809] clocksource: jiffies: mask: 0xffffffff max_cycles: 0xffffffff, max_idle_ns: 9556302231375000 ns
[    0.012886] pinctrl core: initialized pinctrl subsystem
[    0.014163] NET: Registered protocol family 16
[    0.016198] DMA: preallocated 256 KiB pool for atomic coherent allocations
[    0.029924] cpuidle: using governor menu
[    0.040765] No ATAGs?
[    0.040794] hw-breakpoint: found 5 (+1 reserved) breakpoint and 1 watchpoint registers.
[    0.040801] hw-breakpoint: maximum watchpoint size is 4 bytes.
[    0.044371] Serial: AMBA PL011 UART driver
[    0.068529] usb1_vbus: Failed to request enable GPIO170: -517
[    0.068614] reg-fixed-voltage regulators:regulator@2: Failed to register regulator: -517
[    0.072513] vgaarb: loaded
[    0.073278] SCSI subsystem initialized
[    0.073410] libata version 3.00 loaded.
[    0.073637] usbcore: registered new interface driver usbfs
[    0.073685] usbcore: registered new interface driver hub
[    0.073726] usbcore: registered new device driver usb
[    0.075839] pps_core: LinuxPPS API ver. 1 registered
[    0.075847] pps_core: Software ver. 5.3.6 - Copyright 2005-2007 Rodolfo Giometti <giometti@linux.it>
[    0.075868] PTP clock support registered
[    0.076047] EDAC MC: Ver: 3.0.0
[    0.077935] clocksource: Switched to clocksource timer_us
[    0.086001] NET: Registered protocol family 2
[    0.086434] TCP established hash table entries: 8192 (order: 3, 32768 bytes)
[    0.086505] TCP bind hash table entries: 8192 (order: 4, 65536 bytes)
[    0.086619] TCP: Hash tables configured (established 8192 bind 8192)
[    0.086699] UDP hash table entries: 512 (order: 2, 16384 bytes)
[    0.086749] UDP-Lite hash table entries: 512 (order: 2, 16384 bytes)
[    0.086912] NET: Registered protocol family 1
[    0.087148] RPC: Registered named UNIX socket transport module.
[    0.087155] RPC: Registered udp transport module.
[    0.087161] RPC: Registered tcp transport module.
[    0.087166] RPC: Registered tcp NFSv4.1 backchannel transport module.
[    0.087186] PCI: CLS 0 bytes, default 64
[    0.088039] hw perfevents: enabled with armv7_cortex_a9 PMU driver, 7 counters available
[    0.089055] futex hash table entries: 512 (order: 3, 32768 bytes)
[    0.089760] workingset: timestamp_bits=28 max_order=18 bucket_order=0
[    0.097618] squashfs: version 4.0 (2009/01/31) Phillip Lougher
[    0.098323] NFS: Registering the id_resolver key type
[    0.098360] Key type id_resolver registered
[    0.098366] Key type id_legacy registered
[    0.098418] ntfs: driver 2.1.32 [Flags: R/O].
[    0.099459] bounce: pool size: 64 pages
[    0.099618] Block layer SCSI generic (bsg) driver version 0.4 loaded (major 249)
[    0.099633] io scheduler noop registered
[    0.099643] io scheduler deadline registered
[    0.099673] io scheduler cfq registered (default)
[    0.110872] tegra-pcie 80003000.pcie-controller: dual-mode configuration
[    0.111437] tegra-pcie 80003000.pcie-controller: probing port 0, using 2 lanes
[    0.193411] tegra-pcie 80003000.pcie-controller: PCI host bridge to bus 0000:00
[    0.193423] pci_bus 0000:00: root bus resource [mem 0xa0000000-0xa7ffffff]
[    0.193433] pci_bus 0000:00: root bus resource [mem 0xa8000000-0xbfffffff pref]
[    0.193441] pci_bus 0000:00: root bus resource [bus 00-ff]
[    0.193449] pci_bus 0000:00: root bus resource [io  0x1000-0xffff]
[    0.193475] pci 0000:00:01.0: [10de:0bf0] type 01 class 0x060000
[    0.193534] pci 0000:00:01.0: PME# supported from D0 D1 D2 D3hot D3cold
[    0.193727] PCI: bus0: Fast back to back transfers disabled
[    0.193738] pci 0000:00:01.0: bridge configuration invalid ([bus 00-00]), reconfiguring
[    0.193870] pci 0000:01:00.0: [10ec:8168] type 00 class 0x020000
[    0.193894] pci 0000:01:00.0: reg 0x10: [io  0x0000-0x00ff]
[    0.193916] pci 0000:01:00.0: reg 0x18: [mem 0x00000000-0x00000fff 64bit pref]
[    0.193933] pci 0000:01:00.0: reg 0x20: [mem 0x00000000-0x00003fff 64bit pref]
[    0.193946] pci 0000:01:00.0: reg 0x30: [mem 0x00000000-0x0001ffff pref]
[    0.194022] pci 0000:01:00.0: supports D1 D2
[    0.194031] pci 0000:01:00.0: PME# supported from D0 D1 D2 D3hot D3cold
[    0.202964] PCI: bus1: Fast back to back transfers disabled
[    0.202977] pci_bus 0000:01: busn_res: [bus 01-ff] end is updated to 01
[    0.202989] Disabling cpuidle LP2 state, since PCIe IRQs are in use
[    0.203043] pci 0000:00:01.0: BAR 8: assigned [mem 0xa0000000-0xa00fffff]
[    0.203054] pci 0000:00:01.0: BAR 9: assigned [mem 0xa8000000-0xa80fffff 64bit pref]
[    0.203064] pci 0000:00:01.0: BAR 7: assigned [io  0x1000-0x1fff]
[    0.203076] pci 0000:01:00.0: BAR 6: assigned [mem 0xa0000000-0xa001ffff pref]
[    0.203086] pci 0000:01:00.0: BAR 4: assigned [mem 0xa8000000-0xa8003fff 64bit pref]
[    0.203103] pci 0000:01:00.0: BAR 2: assigned [mem 0xa8004000-0xa8004fff 64bit pref]
[    0.203119] pci 0000:01:00.0: BAR 0: assigned [io  0x1000-0x10ff]
[    0.203130] pci 0000:00:01.0: PCI bridge to [bus 01]
[    0.203138] pci 0000:00:01.0:   bridge window [io  0x1000-0x1fff]
[    0.203146] pci 0000:00:01.0:   bridge window [mem 0xa0000000-0xa00fffff]
[    0.203154] pci 0000:00:01.0:   bridge window [mem 0xa8000000-0xa80fffff 64bit pref]
[    0.203174] pci 0000:00:01.0: nv_msi_ht_cap_quirk didn't locate host bridge
[    0.203240] pcieport 0000:00:01.0: enabling device (0140 -> 0143)
[    0.203397] pcieport 0000:00:01.0: Signaling PME through PCIe PME interrupt
[    0.203406] pci 0000:01:00.0: Signaling PME through PCIe PME interrupt
[    0.203415] pcie_pme 0000:00:01.0:pcie01: service driver pcie_pme loaded
[    0.207386] tegra-apbdma 6000a000.dma: Tegra20 APB DMA driver register 16 channels
[    0.253567] Serial: 8250/16550 driver, 4 ports, IRQ sharing disabled
[    0.255890] console [ttyS0] disabled
[    0.255925] 70006000.serial: ttyS0 at MMIO 0x70006000 (irq = 279, base_baud = 13500000) is a Tegra
[    1.211642] console [ttyS0] enabled
[    1.215734] SuperH (H)SCI(F) driver initialized
[    1.221033] msm_serial: driver initialized
[    1.225294] STMicroelectronics ASC driver initialized
[    1.232124] [drm] Initialized drm 1.1.0 20060810
[    1.238200] 54280000.hdmi supply hdmi not found, using dummy regulator
[    1.247752] [drm] Supports vblank timestamp caching Rev 2 (21.10.2013).
[    1.254379] [drm] No driver support for vblank timestamp query.
[    1.260323] drm drm: No connectors reported connected with modes
[    1.266331] [drm] Cannot find any crtc or sizes - going 1024x768
[    1.288474] Console: switching to colour frame buffer device 128x48
[    1.303178] drm drm: fb0:  frame buffer device
[    1.317944] [drm] Initialized tegra 0.0.0 20120330 on minor 0
[    1.332233] brd: module loaded
[    1.339476] loop: module loaded
[    1.348055] m25p80 spi32766.0: found s25fl008k, expected w25q80bl
[    1.354154] m25p80 spi32766.0: s25fl008k (1024 Kbytes)
[    1.361788] libphy: Fixed MDIO Bus: probed
[    1.366434] CAN device driver interface
[    1.371739] igb: Intel(R) Gigabit Ethernet Network Driver - version 5.3.0-k
[    1.378698] igb: Copyright (c) 2007-2014 Intel Corporation.
[    1.384812] r8169 Gigabit Ethernet driver 2.3LK-NAPI loaded
[    1.390408] r8169 0000:01:00.0: enabling device (0140 -> 0143)
[    1.396991] r8169 0000:01:00.0 eth0: RTL8168d/8111d at 0xf0878000, 00:01:c0:13:7d:63, XID 081000c0 IRQ 296
[    1.406647] r8169 0000:01:00.0 eth0: jumbo features [frames: 9200 bytes, tx checksumming: ko]
[    1.417039] pegasus: v0.9.3 (2013/04/25), Pegasus/Pegasus II USB Ethernet driver
[    1.424493] usbcore: registered new interface driver pegasus
[    1.430200] usbcore: registered new interface driver asix
[    1.435636] usbcore: registered new interface driver ax88179_178a
[    1.441766] usbcore: registered new interface driver cdc_ether
[    1.447653] usbcore: registered new interface driver smsc75xx
[    1.453454] usbcore: registered new interface driver smsc95xx
[    1.459236] usbcore: registered new interface driver net1080
[    1.464929] usbcore: registered new interface driver cdc_subset
[    1.470882] usbcore: registered new interface driver zaurus
[    1.476517] usbcore: registered new interface driver cdc_ncm
[    1.482461] tegra-phy c5004000.usb-phy: no vbus regulator
[    1.488970] tegra-phy c5008000.usb-phy: no vbus regulator
[    1.495642] ehci_hcd: USB 2.0 'Enhanced' Host Controller (EHCI) Driver
[    1.502176] ehci-pci: EHCI PCI platform driver
[    1.506662] ehci-platform: EHCI generic platform driver
[    1.512051] ehci-omap: OMAP-EHCI Host Controller driver
[    1.517386] ehci-orion: EHCI orion driver
[    1.521505] SPEAr-ehci: EHCI SPEAr driver
[    1.525626] ehci-st: EHCI STMicroelectronics driver
[    1.530615] ehci-exynos: EHCI EXYNOS driver
[    1.534924] ehci-atmel: EHCI Atmel driver
[    1.539043] tegra-ehci: Tegra EHCI driver
[    1.564139] ulpi_phy_power_on: ulpi write failed
[    1.568760] tegra-ehci c5004000.usb: Failed to power on the phy
[    1.574688] tegra-ehci: probe of c5004000.usb failed with error -110
[    1.583674] tegra-ehci c5008000.usb: EHCI Host Controller
[    1.589088] tegra-ehci c5008000.usb: new USB bus registered, assigned bus number 1
[    1.596893] tegra-ehci c5008000.usb: irq 290, io mem 0xc5008000
[    1.607950] tegra-ehci c5008000.usb: USB 2.0 started, EHCI 1.00
[    1.614492] hub 1-0:1.0: USB hub found
[    1.618279] hub 1-0:1.0: 1 port detected
[    1.622515] ohci_hcd: USB 1.1 'Open' Host Controller (OHCI) Driver
[    1.628714] ohci-pci: OHCI PCI platform driver
[    1.633210] ohci-platform: OHCI generic platform driver
[    1.638596] ohci-omap3: OHCI OMAP3 driver
[    1.642704] SPEAr-ohci: OHCI SPEAr driver
[    1.646833] ohci-st: OHCI STMicroelectronics driver
[    1.651824] ohci-atmel: OHCI Atmel driver
[    1.656305] usbcore: registered new interface driver usb-storage
[    1.663566] mousedev: PS/2 mouse device common for all mice
[    1.671109] rtc-em3027 2-0056: rtc core: registered rtc-em3027 as rtc0
[    1.678859] tegra_rtc 7000e000.rtc: rtc core: registered 7000e000.rtc as rtc1
[    1.686041] tegra_rtc 7000e000.rtc: Tegra internal Real Time Clock
[    1.692656] i2c /dev entries driver
[    1.704277] sdhci: Secure Digital Host Controller Interface driver
[    1.710469] sdhci: Copyright(c) Pierre Ossman
[    1.716060] Synopsys Designware Multimedia Card Interface Driver
[    1.722935] sdhci-pltfm: SDHCI platform and OF driver helper
[    1.729415] mmc0: Invalid maximum block size, assuming 512 bytes
[    1.762953] mmc0: SDHCI controller on c8000000.sdhci [c8000000.sdhci] using ADMA
[    1.770454] sdhci-tegra c8000600.sdhci: Got CD GPIO
[    1.775346] sdhci-tegra c8000600.sdhci: Got WP GPIO
[    1.780380] mmc1: Invalid maximum block size, assuming 512 bytes
[    1.813017] mmc1: SDHCI controller on c8000600.sdhci [c8000600.sdhci] using ADMA
[    1.821641] ledtrig-cpu: registered to indicate activity on CPUs
[    1.827965] usbcore: registered new interface driver usbhid
[    1.833536] usbhid: USB HID core driver
[    1.841486] NET: Registered protocol family 10
[    1.846667] sit: IPv6 over IPv4 tunneling driver
[    1.851808] NET: Registered protocol family 17
[    1.856272] can: controller area network core (rev 20120528 abi 9)
[    1.862495] NET: Registered protocol family 29
[    1.866948] can: raw protocol (rev 20120528)
[    1.871221] can: broadcast manager protocol (rev 20120528 t)
[    1.876885] can: netlink gateway (rev 20130117) max_hops=1
[    1.882711] Key type dns_resolver registered
[    1.887364] ThumbEE CPU extension supported.
[    1.891653] Registering SWP/SWPB emulation handler
[    1.901225] utmi_phy_clk_enable: timeout waiting for phy to stabilize
[    1.907690] tegra-ehci c5000000.usb: EHCI Host Controller
[    1.913104] tegra-ehci c5000000.usb: new USB bus registered, assigned bus number 2
[    1.920944] tegra-ehci c5000000.usb: irq 288, io mem 0xc5000000
[    1.937962] usb 1-1: new high-speed USB device number 2 using tegra-ehci
[    1.947970] tegra-ehci c5000000.usb: USB 2.0 started, EHCI 1.00
[    1.954596] hub 2-0:1.0: USB hub found
[    1.958408] hub 2-0:1.0: 1 port detected
[    1.963230] input: gpio-keys as /devices/soc0/gpio-keys/input/input0
[    1.970119] rtc-em3027 2-0056: setting system clock to 2014-12-28 08:22:17 UTC (1419754937)
[    1.982495] Waiting for root device PARTUUID=11eb23c1-01...
[    1.989955] mmc0: host does not support reading read-only switch, assuming write-enable
[    1.999763] mmc0: new high speed SDHC card at address b368
[    2.006191] mmcblk0: mmc0:b368 NCard 3.70 GiB 
[    2.012856]  mmcblk0: p1
[    2.019095] mmc1: new high speed SD card at address b368
[    2.024770] mmcblk1: mmc1:b368 NCard 1.83 GiB (ro)
[    2.031967]  mmcblk1: p1 p2
[    2.079064] hub 1-1:1.0: USB hub found
[    2.082901] hub 1-1:1.0: 4 ports detected
[    2.093722] EXT4-fs (mmcblk0p1): mounting ext3 file system using the ext4 subsystem
[    2.182157] EXT4-fs (mmcblk0p1): recovery complete
[    2.186967] EXT4-fs (mmcblk0p1): mounted filesystem with ordered data mode. Opts: (null)
[    2.195081] VFS: Mounted root (ext3 filesystem) on device 179:1.
[    2.209170] devtmpfs: mounted
[    2.214082] Freeing unused kernel memory: 2048K (c1100000 - c1300000)
[    2.383033] usb 1-1.2: new high-speed USB device number 3 using tegra-ehci
bash: cannot set terminal process group (-1): Inappropriate ioctl for device
bash: no job control in this shell
root@(none):/# mount -t sysfs none /sys
root@(none):/# 
root@(none):/# mount -t debugfs none /sys/kernel/debug
root@(none):/# 
root@(none):/# rtcwake -d rtc1 -m mem -s 3
rtcwake: assuming RTC uses UTC ...
rtcwake: wakeup from "mem" using /dev/rtc1 at Thu Jan  1 00:00:22 1970
[    7.366151] PM: Syncing filesystems ... done.
[    7.412584] Freezing user space processes ... (elapsed 0.001 seconds) done.
[    7.421101] Freezing remaining freezable tasks ... (elapsed 0.001 seconds) done.
[    7.429982] Suspending console(s) (use no_console_suspend to debug)
[    7.465202] PM: suspend of devices complete after 27.898 msecs
[    7.468850] PM: late suspend of devices complete after 3.615 msecs
[    7.483630] PM: noirq suspend of devices complete after 14.748 msecs
[    7.483642] Disabling non-boot CPUs ...
[    7.485369] CPU1: shutdown
[    7.501117] Entering suspend state LP1
[    7.501166] Enabling non-boot CPUs ...
[    7.527193] CPU1 is up
[    7.528122] pcieport 0000:00:01.0: nv_msi_ht_cap_quirk didn't locate host bridge
[    7.543206] PM: noirq resume of devices complete after 15.979 msecs
[    7.546825] PM: early resume of devices complete after 2.901 msecs
[    7.611483] PM: resume of devices complete after 64.625 msecs
[    7.673120] Restarting tasks ... done.
root@(none):/# 
root@(none):/# rtcwake -d rtc1 -m mem -s 3
rtcwake: assuming RTC uses UTC ...
rtcwake: wakeup from "mem" using /dev/rtc1 at Thu Jan  1 00:00:26 1970
[    8.352618] PM: Syncing filesystems ... done.
[    8.398155] Freezing user space processes ... (elapsed 0.001 seconds) done.
[    8.406624] Freezing remaining freezable tasks ... (elapsed 0.001 seconds) done.
[    8.415723] Suspending console(s) (use no_console_suspend to debug)
[    8.450394] PM: suspend of devices complete after 25.745 msecs
[    8.454221] PM: late suspend of devices complete after 3.795 msecs
[    8.468568] PM: noirq suspend of devices complete after 14.315 msecs
[    8.468580] Disabling non-boot CPUs ...
[    8.470398] CPU1: shutdown
[    8.486092] Entering suspend state LP1
[    8.486142] Enabling non-boot CPUs ...
[    8.512110] CPU1 is up
[    8.514646] pcieport 0000:00:01.0: nv_msi_ht_cap_quirk didn't locate host bridge
[    8.528123] PM: noirq resume of devices complete after 15.981 msecs
[    8.531919] PM: early resume of devices complete after 3.077 msecs
[    8.596369] PM: resume of devices complete after 64.417 msecs
[    8.658000] Restarting tasks ... done.
root@(none):/# 
root@(none):/# rtcwake -d rtc1 -m mem -s 3
rtcwake: assuming RTC uses UTC ...
rtcwake: wakeup from "mem" using /dev/rtc1 at Thu Jan  1 00:00:30 1970
[    9.337796] PM: Syncing filesystems ... done.
[    9.383336] Freezing user space processes ... (elapsed 0.001 seconds) done.
[    9.391858] Freezing remaining freezable tasks ... (elapsed 0.001 seconds) done.
[    9.400919] Suspending console(s) (use no_console_suspend to debug)
[    9.435348] PM: suspend of devices complete after 25.511 msecs
[    9.439036] PM: late suspend of devices complete after 3.657 msecs
[    9.453444] PM: noirq suspend of devices complete after 14.374 msecs
[    9.453456] Disabling non-boot CPUs ...
[    9.455182] CPU1: shutdown
[    9.480976] Entering suspend state LP1
[    9.481025] Enabling non-boot CPUs ...
[    9.507037] CPU1 is up
[    9.508396] pcieport 0000:00:01.0: nv_msi_ht_cap_quirk didn't locate host bridge
[    9.523095] PM: noirq resume of devices complete after 16.025 msecs
[    9.526740] PM: early resume of devices complete after 2.927 msecs
[    9.591135] PM: resume of devices complete after 64.363 msecs
[    9.652759] Restarting tasks ... done.
root@(none):/# 
root@(none):/# rtcwake -d rtc1 -m mem -s 3
rtcwake: assuming RTC uses UTC ...
rtcwake: wakeup from "mem" using /dev/rtc1 at Thu Jan  1 00:00:34 1970
[   10.332933] PM: Syncing filesystems ... done.
[   10.378411] Freezing user space processes ... (elapsed 0.001 seconds) done.
[   10.386925] Freezing remaining freezable tasks ... (elapsed 0.001 seconds) done.
[   10.395986] Suspending console(s) (use no_console_suspend to debug)
[   10.429261] PM: suspend of devices complete after 24.338 msecs
[   10.432982] PM: late suspend of devices complete after 3.689 msecs
[   10.448402] PM: noirq suspend of devices complete after 15.389 msecs
[   10.448413] Disabling non-boot CPUs ...
[   10.450167] CPU1: shutdown
[   10.475930] Entering suspend state LP1
[   10.475978] Enabling non-boot CPUs ...
[   10.501972] CPU1 is up
[   10.503026] pcieport 0000:00:01.0: nv_msi_ht_cap_quirk didn't locate host bridge
[   10.518051] PM: noirq resume of devices complete after 16.046 msecs
[   10.521696] PM: early resume of devices complete after 2.921 msecs
[   10.591257] PM: resume of devices complete after 69.529 msecs
[   10.652890] Restarting tasks ... done.
root@(none):/# 
root@(none):/# rtcwake -d rtc1 -m mem -s 3
rtcwake: assuming RTC uses UTC ...
rtcwake: wakeup from "mem" using /dev/rtc1 at Thu Jan  1 00:00:38 1970
[   11.327558] PM: Syncing filesystems ... done.
[   11.373101] Freezing user space processes ... (elapsed 0.001 seconds) done.
[   11.381559] Freezing remaining freezable tasks ... (elapsed 0.001 seconds) done.
[   11.390620] Suspending console(s) (use no_console_suspend to debug)
[   11.424498] PM: suspend of devices complete after 24.949 msecs
[   11.428456] PM: late suspend of devices complete after 3.927 msecs
[   11.443346] PM: noirq suspend of devices complete after 14.860 msecs
[   11.443358] Disabling non-boot CPUs ...
[   11.445105] CPU1: shutdown
[   11.470928] Entering suspend state LP1
[   11.470977] Enabling non-boot CPUs ...
[   11.496949] CPU1 is up
[   11.497744] pcieport 0000:00:01.0: nv_msi_ht_cap_quirk didn't locate host bridge
[   11.512963] PM: noirq resume of devices complete after 15.980 msecs
[   11.516618] PM: early resume of devices complete after 2.940 msecs
[   11.581257] PM: resume of devices complete after 64.607 msecs
[   11.642916] Restarting tasks ... done.
root@(none):/# 
root@(none):/# NVTB SYSTEM SUSPEND TEST COMPLETE
