
U-Boot SPL 2014.01-00219-gc4d376f (Feb 18 2014 - 19:57:32)


U-Boot 2014.01-00219-gc4d376f (Feb 18 2014 - 19:57:32)

TEGRA114
Board: NVIDIA Dalmore
I2C:   ready
DRAM:  2 GiB
MMC:   Tegra SD/MMC: 0, Tegra SD/MMC: 1
In:    serial
Out:   serial
Err:   serial
Net:   Net Initialization Skipped
No ethernet found.
Hit any key to stop autoboot:  2  0 
Tegra114 (Dalmore) # 
Tegra114 (Dalmore) # usb reset
(Re)start USB...
USB0:   USB EHCI 1.10
scanning bus 0 for devices... 2 USB Device(s) found
       scanning usb for storage devices... 0 Storage Device(s) found
       scanning usb for ethernet devices... 
Warning: asx0 using MAC address from net device
1 Ethernet Device(s) found
Tegra114 (Dalmore) # setenv bootargs 'ignore_loglevel console=ttyS0,115200n8 rw root=/dev/mmcblk0p1 rootwait gpt debug init=/bin/bash'
Tegra114 (Dalmore) # setenv ipaddr 192.168.100.100; setenv serverip 192.168.100.1; setenv tftpserverip 192.168.100.1
Tegra114 (Dalmore) # tftpboot 0x81000000 zImage.tegra_defconfig%tegra20,114_mergeconfig
Using asx0 device
TFTP from server 192.168.100.1; our IP address is 192.168.100.100
Filename 'zImage.tegra_defconfig%tegra20,114_mergeconfig'.
Load address: 0x81000000
Loading: *#################################################################
	 #################################################################
	 #################################################################
	 #################################################################
	 #############################################################
	 3.3 MiB/s
done
Bytes transferred = 4702912 (47c2c0 hex)
Tegra114 (Dalmore) # tftpboot 0x82000000 tegra114-dalmore.dtb
Using asx0 device
TFTP from server 192.168.100.1; our IP address is 192.168.100.100
Filename 'tegra114-dalmore.dtb'.
Load address: 0x82000000
Loading: *###
	 2.8 MiB/s
done
Bytes transferred = 34770 (87d2 hex)
Tegra114 (Dalmore) # bootz 0x81000000 - 0x82000000
Kernel image @ 0x81000000 [ 0x000000 - 0x47c2c0 ]
## Flattened Device Tree blob at 82000000
   Booting using the fdt blob at 0x82000000
   Loading Device Tree to 8fff4000, end 8ffff7d1 ... OK

Starting kernel ...

Uncompressing Linux... done, booting the kernel.
[    0.000000] Booting Linux on physical CPU 0x0
[    0.000000] Initializing cgroup subsys cpu
[    0.000000] Initializing cgroup subsys cpuacct
[    0.000000] Linux version 3.17.0-next-20141015-92952-g75caa3e (pwalmsley@tamien) (gcc version 4.7.3 20130328 (prerelease) (crosstool-NG linaro-1.13.1-4.7-2013.04-20130415 - Linaro GCC 2013.04) ) #1 SMP PREEMPT Tue Oct 14 21:54:19 PDT 2014
[    0.000000] CPU: ARMv7 Processor [412fc0f2] revision 2 (ARMv7), cr=10c5387d
[    0.000000] CPU: PIPT / VIPT nonaliasing data cache, PIPT instruction cache
[    0.000000] Machine model: NVIDIA Tegra114 Dalmore evaluation board
[    0.000000] debug: ignoring loglevel setting.
[    0.000000] cma: Reserved 64 MiB at fbc00000
[    0.000000] Memory policy: Data cache writealloc
[    0.000000] On node 0 totalpages: 524032
[    0.000000] free_area_init_node: node 0, pgdat c0900f40, node_mem_map ee7f7000
[    0.000000]   Normal zone: 1520 pages used for memmap
[    0.000000]   Normal zone: 0 pages reserved
[    0.000000]   Normal zone: 194560 pages, LIFO batch:31
[    0.000000]   HighMem zone: 2574 pages used for memmap
[    0.000000]   HighMem zone: 329472 pages, LIFO batch:31
[    0.000000] PERCPU: Embedded 10 pages/cpu @ee7aa000 s8896 r8192 d23872 u40960
[    0.000000] pcpu-alloc: s8896 r8192 d23872 u40960 alloc=10*4096
[    0.000000] pcpu-alloc: [0] 0 [0] 1 [0] 2 [0] 3 
[    0.000000] Built 1 zonelists in Zone order, mobility grouping on.  Total pages: 522512
[    0.000000] Kernel command line: ignore_loglevel console=ttyS0,115200n8 rw root=/dev/mmcblk0p1 rootwait gpt debug init=/bin/bash
[    0.000000] PID hash table entries: 4096 (order: 2, 16384 bytes)
[    0.000000] Dentry cache hash table entries: 131072 (order: 7, 524288 bytes)
[    0.000000] Inode-cache hash table entries: 65536 (order: 6, 262144 bytes)
[    0.000000] Memory: 2003476K/2096128K available (6463K kernel code, 338K rwdata, 2104K rodata, 284K init, 362K bss, 92652K reserved, 1252352K highmem)
[    0.000000] Virtual kernel memory layout:
[    0.000000]     vector  : 0xffff0000 - 0xffff1000   (   4 kB)
[    0.000000]     fixmap  : 0xffc00000 - 0xffe00000   (2048 kB)
[    0.000000]     vmalloc : 0xf0000000 - 0xff000000   ( 240 MB)
[    0.000000]     lowmem  : 0xc0000000 - 0xef800000   ( 760 MB)
[    0.000000]     pkmap   : 0xbfe00000 - 0xc0000000   (   2 MB)
[    0.000000]     modules : 0xbf000000 - 0xbfe00000   (  14 MB)
[    0.000000]       .text : 0xc0008000 - 0xc0866368   (8569 kB)
[    0.000000]       .init : 0xc0867000 - 0xc08ae000   ( 284 kB)
[    0.000000]       .data : 0xc08ae000 - 0xc09029e0   ( 339 kB)
[    0.000000]        .bss : 0xc09029e0 - 0xc095d49c   ( 363 kB)
[    0.000000] Preemptible hierarchical RCU implementation.
[    0.000000] NR_IRQS:16 nr_irqs:16 16
[    0.000000] L2C: failed to init: -19
[    0.000008] sched_clock: 32 bits at 1000kHz, resolution 1000ns, wraps every 2147483648000ns
[    0.000033] Switching to timer-based delay loop, resolution 1000ns
[    0.001098] Console: colour dummy device 80x30
[    0.001126] Calibrating delay loop (skipped), value calculated using timer frequency.. 2.00 BogoMIPS (lpj=10000)
[    0.001141] pid_max: default: 32768 minimum: 301
[    0.001619] Mount-cache hash table entries: 2048 (order: 1, 8192 bytes)
[    0.001631] Mountpoint-cache hash table entries: 2048 (order: 1, 8192 bytes)
[    0.003046] Initializing cgroup subsys freezer
[    0.003074] Initializing cgroup subsys debug
[    0.003131] CPU: Testing write buffer coherency: ok
[    0.003443] /cpus/cpu@0 missing clock-frequency property
[    0.003467] /cpus/cpu@1 missing clock-frequency property
[    0.003492] /cpus/cpu@2 missing clock-frequency property
[    0.003517] /cpus/cpu@3 missing clock-frequency property
[    0.003530] CPU0: thread -1, cpu 0, socket 0, mpidr 80000000
[    0.003577] Setting up static identity map for 0x80620db0 - 0x80620e48
[    0.041009] Tegra Revision: A01 SKU: 0 CPU Process: 1 Core Process: 0
[    0.061595] CPU1: Booted secondary processor
[    0.061622] CPU1: thread -1, cpu 1, socket 0, mpidr 80000001
[    0.081616] CPU2: Booted secondary processor
[    0.081641] CPU2: thread -1, cpu 2, socket 0, mpidr 80000002
[    0.101616] CPU3: Booted secondary processor
[    0.101640] CPU3: thread -1, cpu 3, socket 0, mpidr 80000003
[    0.101724] Brought up 4 CPUs
[    0.101751] SMP: Total of 4 processors activated.
[    0.101759] CPU: All CPU(s) started in SVC mode.
[    0.102698] devtmpfs: initialized
[    0.115885] VFP support v0.3: implementor 41 architecture 4 part 30 variant f rev 0
[    0.118062] pinctrl core: initialized pinctrl subsystem
[    0.118858] regulator-dummy: no parameters
[    0.146737] NET: Registered protocol family 16
[    0.148049] DMA: preallocated 256 KiB pool for atomic coherent allocations
[    0.170844] cpuidle: using governor ladder
[    0.200868] cpuidle: using governor menu
[    0.219422] No ATAGs?
[    0.219457] hw-breakpoint: found 5 (+1 reserved) breakpoint and 4 watchpoint registers.
[    0.219468] hw-breakpoint: maximum watchpoint size is 8 bytes.
[    0.274176] vdd_ac_bat: 5000 mV 
[    0.274691] dvdd_ts: Failed to request enable GPIO61: -517
[    0.274878] reg-fixed-voltage regulators:regulator@1: Failed to register regulator: -517
[    0.274908] platform regulators:regulator@1: Driver reg-fixed-voltage requests probe deferral
[    0.275285] usb1_vbus: Failed to request enable GPIO108: -517
[    0.275459] reg-fixed-voltage regulators:regulator@3: Failed to register regulator: -517
[    0.275488] platform regulators:regulator@3: Driver reg-fixed-voltage requests probe deferral
[    0.275857] usb2_vbus: Failed to request enable GPIO86: -517
[    0.276030] reg-fixed-voltage regulators:regulator@4: Failed to register regulator: -517
[    0.276057] platform regulators:regulator@4: Driver reg-fixed-voltage requests probe deferral
[    0.276423] vdd_hdmi_5v0: 5000 mV 
[    0.276514] reg-fixed-voltage regulators:regulator@5: Failed to find supply vin
[    0.276705] reg-fixed-voltage regulators:regulator@5: Failed to register regulator: -517
[    0.276733] platform regulators:regulator@5: Driver reg-fixed-voltage requests probe deferral
[    0.276842] platform regulators:regulator@6: Driver reg-fixed-voltage requests probe deferral
[    0.277215] VDD_5V0_HDMI_CON: Failed to request enable GPIO81: -517
[    0.277386] reg-fixed-voltage regulators:regulator@7: Failed to register regulator: -517
[    0.277412] platform regulators:regulator@7: Driver reg-fixed-voltage requests probe deferral
[    0.279114] vgaarb: loaded
[    0.280571] SCSI subsystem initialized
[    0.280895] libata version 3.00 loaded.
[    0.281669] usbcore: registered new interface driver usbfs
[    0.281847] usbcore: registered new interface driver hub
[    0.282019] usbcore: registered new device driver usb
[    0.286831] vdd-cpu: 500 <--> 1520 mV at 1100 mV 
[    0.287595] tps65090 2-0048: No cache defaults, reading back from HW
[    0.290153] vdd-sys-5v0: at 5000 mV 
[    0.290254] vdd-sys-5v0: supplied by vdd_ac_bat
[    0.291541] vdd-sys-3v3: at 3300 mV 
[    0.291635] vdd-sys-3v3: supplied by vdd_ac_bat
[    0.292915] vdd-ao: no parameters
[    0.292997] vdd-ao: supplied by vdd_ac_bat
[    0.293581] vdd-lcd-bl: no parameters
[    0.293660] vdd-lcd-bl: supplied by vdd_ac_bat
[    0.294228] TPS65090_RAILSFET2: no parameters
[    0.294307] TPS65090_RAILSFET2: supplied by vdd_ac_bat
[    0.294869] vdd-modem-3v3: no parameters
[    0.294943] vdd-modem-3v3: supplied by vdd-sys-3v3
[    0.295669] avdd-lcd: no parameters
[    0.295755] avdd-lcd: supplied by vdd-sys-3v3
[    0.296487] vdd-lvds: no parameters
[    0.296561] vdd-lvds: supplied by vdd-sys-3v3
[    0.297613] vdd-sd-slot: no parameters
[    0.297702] vdd-sd-slot: supplied by vdd-sys-3v3
[    0.298433] vdd-com-3v3: no parameters
[    0.298509] vdd-com-3v3: supplied by vdd-sys-3v3
[    0.299228] vdd-sby-5v0: at 5000 mV 
[    0.299321] vdd-sby-5v0: supplied by vdd_ac_bat
[    0.299720] vdd-sby-3v3: at 3300 mV 
[    0.299799] vdd-sby-3v3: supplied by vdd_ac_bat
[    0.300280] genirq: Setting trigger mode 8 for irq 118 failed (gic_set_type+0x0/0x84)
[    0.300888] palmas 2-0058: Irq flag is 0x00000000
[    0.304715] palmas 2-0058: Muxing GPIO ff, PWM 0, LED 0
[    0.307545] vddio-ddr: 1350 mV 
[    0.307847] vddio-ddr: supplied by vdd-ao
[    0.309524] vddio-1v8: 1800 mV 
[    0.309819] vddio-1v8: supplied by vdd-ao
[    0.311656] vdd-core: 900 <--> 1400 mV at 1100 mV 
[    0.311953] vdd-core: supplied by vdd-sys-3v3
[    0.313325] SMPS6: no parameters
[    0.315043] avdd-pll: 1050 mV 
[    0.315337] avdd-pll: supplied by vdd-sys-3v3
[    0.317581] sdhci-vdd-sd-slot: ramp_delay not set
[    0.317764] sdhci-vdd-sd-slot: 2800 mV 
[    0.318071] sdhci-vdd-sd-slot: supplied by vdd-sys-3v3
[    0.318958] SMPS10_OUT2: at 5000 mV 
[    0.319743] SMPS10_OUT1: at 5000 mV 
[    0.320535] avdd-cam1: 2800 mV 
[    0.320818] avdd-cam1: supplied by vdd-sys-3v3
[    0.322030] avdd-cam2: 2800 mV 
[    0.322315] avdd-cam2: supplied by vdd-sys-3v3
[    0.323484] avdd-dsi-csi: 1200 mV 
[    0.323766] avdd-dsi-csi: supplied by vddio-1v8
[    0.324951] vpp-fuse: 1800 mV 
[    0.325234] vpp-fuse: supplied by vdd-sys-3v3
[    0.326395] LDO5: no parameters
[    0.326695] LDO5: supplied by vdd_ac_bat
[    0.328023] vdd-sensor-2v85: 2850 mV 
[    0.328307] vdd-sensor-2v85: supplied by vdd-sys-3v3
[    0.329493] vdd-af-cam1: 2800 mV 
[    0.329775] vdd-af-cam1: supplied by vdd-sys-3v3
[    0.341036] vdd-rtc: 900 mV 
[    0.341320] vdd-rtc: supplied by vdd-ao
[    0.351219] vddio-sdmmc-2: 1800 <--> 3300 mV at 3300 mV 
[    0.351504] vddio-sdmmc-2: supplied by sdhci-vdd-sd-slot
[    0.352666] hvdd-usb: 3300 mV 
[    0.352955] hvdd-usb: supplied by vdd-sys-5v0
[    0.361070] avdd-usb: 3300 mV 
[    0.361351] avdd-usb: supplied by vdd-sys-5v0
[    0.362533] rail-3v3: no parameters
[    0.363362] rail-5v0: no parameters
[    0.364017] REGEN3: no parameters
[    0.364402] SYSEN1: no parameters
[    0.364774] SYSEN2: no parameters
[    0.365794] Linux video capture interface: v2.00
[    0.365919] pps_core: LinuxPPS API ver. 1 registered
[    0.365927] pps_core: Software ver. 5.3.6 - Copyright 2005-2007 Rodolfo Giometti <giometti@linux.it>
[    0.365993] PTP clock support registered
[    0.366987] platform 70019010.iommu: Driver tegra-smmu requests probe deferral
[    0.367447] Advanced Linux Sound Architecture Driver Initialized.
[    0.368898] Bluetooth: Core ver 2.19
[    0.368979] NET: Registered protocol family 31
[    0.368987] Bluetooth: HCI device and connection manager initialized
[    0.369011] Bluetooth: HCI socket layer initialized
[    0.369032] Bluetooth: L2CAP socket layer initialized
[    0.369088] Bluetooth: SCO socket layer initialized
[    0.369841] cfg80211: Calling CRDA to update world regulatory domain
[    0.370632] Switched to clocksource timer_us
[    0.394707] NET: Registered protocol family 2
[    0.395926] TCP established hash table entries: 8192 (order: 3, 32768 bytes)
[    0.396032] TCP bind hash table entries: 8192 (order: 4, 65536 bytes)
[    0.396219] TCP: Hash tables configured (established 8192 bind 8192)
[    0.396647] TCP: reno registered
[    0.396662] UDP hash table entries: 512 (order: 2, 16384 bytes)
[    0.396703] UDP-Lite hash table entries: 512 (order: 2, 16384 bytes)
[    0.397089] NET: Registered protocol family 1
[    0.397794] RPC: Registered named UNIX socket transport module.
[    0.397804] RPC: Registered udp transport module.
[    0.397812] RPC: Registered tcp transport module.
[    0.397820] RPC: Registered tcp NFSv4.1 backchannel transport module.
[    0.397840] PCI: CLS 0 bytes, default 64
[    0.402227] futex hash table entries: 1024 (order: 4, 65536 bytes)
[    0.404831] squashfs: version 4.0 (2009/01/31) Phillip Lougher
[    0.405728] msgmni has been set to 1467
[    0.407659] bounce: pool size: 64 pages
[    0.407683] io scheduler noop registered (default)
[    0.429748] tegra-apbdma 6000a000.dma: Tegra20 APB DMA driver register 32 channels
[    0.430988] Serial: 8250/16550 driver, 4 ports, IRQ sharing disabled
[    0.434747] console [ttyS0] disabled
[    0.434808] of_serial 70006300.serial: ttyS0 at MMIO 0x70006300 (irq = 122, base_baud = 25500000) is a Tegra
[    1.517053] console [ttyS0] enabled
[    1.521921] [drm] Initialized drm 1.1.0 20060810
[    1.528720] platform 54300000.dsi: Driver tegra-dsi requests probe deferral
[    1.536250] tegra-hdmi 54280000.hdmi: failed to get HDMI regulator
[    1.542464] platform 54280000.hdmi: Driver tegra-hdmi requests probe deferral
[    1.563040] loop: module loaded
[    1.570955] m25p80 spi32766.0: w25q32dw (4096 Kbytes)
[    1.579097] CAN device driver interface
[    1.583075] igb: Intel(R) Gigabit Ethernet Network Driver - version 5.2.15-k
[    1.590113] igb: Copyright (c) 2007-2014 Intel Corporation.
[    1.596070] pegasus: v0.9.3 (2013/04/25), Pegasus/Pegasus II USB Ethernet driver
[    1.603601] usbcore: registered new interface driver pegasus
[    1.609431] usbcore: registered new interface driver asix
[    1.614971] usbcore: registered new interface driver ax88179_178a
[    1.621203] usbcore: registered new interface driver cdc_ether
[    1.627221] usbcore: registered new interface driver smsc75xx
[    1.633168] usbcore: registered new interface driver smsc95xx
[    1.639036] usbcore: registered new interface driver net1080
[    1.644835] usbcore: registered new interface driver cdc_subset
[    1.650892] usbcore: registered new interface driver zaurus
[    1.656655] usbcore: registered new interface driver cdc_ncm
[    1.662524] ehci_hcd: USB 2.0 'Enhanced' Host Controller (EHCI) Driver
[    1.669050] ehci-pci: EHCI PCI platform driver
[    1.673636] tegra-ehci: Tegra EHCI driver
[    1.677921] platform 7d008000.usb: Driver tegra-ehci requests probe deferral
[    1.685278] usbcore: registered new interface driver cdc_acm
[    1.690947] cdc_acm: USB Abstract Control Model driver for USB modems and ISDN adapters
[    1.699071] usbcore: registered new interface driver cdc_wdm
[    1.704927] usbcore: registered new interface driver usb-storage
[    1.711260] platform 7d008000.usb-phy: Driver tegra-phy requests probe deferral
[    1.719418] mousedev: PS/2 mouse device common for all mice
[    1.730206] palmas-rtc 7000d000.i2c:tps65913@58:rtc: rtc core: registered 7000d000.i2c:tps659 as rtc0
[    1.741275] tegra_rtc 7000e000.rtc: rtc core: registered 7000e000.rtc as rtc1
[    1.748426] tegra_rtc 7000e000.rtc: Tegra internal Real Time Clock
[    1.755049] i2c /dev entries driver
[    1.760151] usbcore: registered new interface driver uvcvideo
[    1.765910] USB Video Class driver (1.1.1)
[    1.770005] gspca_main: v2.14.0 registered
[    1.774848] sbs-battery 0-000b: sbs_probe: Failed to get device status
[    1.781408] sbs-battery: probe of 0-000b failed with error -121
[    1.793195] sdhci: Secure Digital Host Controller Interface driver
[    1.799365] sdhci: Copyright(c) Pierre Ossman
[    1.803743] sdhci-pltfm: SDHCI platform and OF driver helper
[    1.809712] sdhci-tegra 78000400.sdhci: Got CD GPIO
[    1.814627] sdhci-tegra 78000400.sdhci: Got WP GPIO
[    1.820676] sdhci-tegra 78000400.sdhci: No vmmc regulator found
[    1.826589] sdhci-tegra 78000400.sdhci: No vqmmc regulator found
[    1.832612] mmc0: Invalid maximum block size, assuming 512 bytes
[    1.880867] mmc0: SDHCI controller on 78000400.sdhci [78000400.sdhci] using ADMA
[    1.890553] sdhci-tegra 78000600.sdhci: No vmmc regulator found
[    1.896488] sdhci-tegra 78000600.sdhci: No vqmmc regulator found
[    1.902503] mmc1: Invalid maximum block size, assuming 512 bytes
[    1.950662] mmc1: SDHCI controller on 78000600.sdhci [78000600.sdhci] using ADMA
[    1.970412] usbcore: registered new interface driver usbhid
[    1.978035] usbhid: USB HID core driver
[    2.034625] mmc1: BKOPS_EN bit is not set
[    2.041622] mmc1: new high speed MMC card at address 0001
[    2.047833] mmcblk0: mmc1:0001 SEM32G 29.1 GiB 
[    2.052713] mmcblk0boot0: mmc1:0001 SEM32G partition 1 4.00 MiB
[    2.058891] mmcblk0boot1: mmc1:0001 SEM32G partition 2 4.00 MiB
[    2.065059] mmcblk0rpmb: mmc1:0001 SEM32G partition 3 4.00 MiB
[    2.074080]  mmcblk0: p1 p2 p3 p4 p5 p6 p7 p8
[    2.412162] tegra-snd-rt5640 sound: ASoC: CPU DAI (null) not registered
[    2.418797] tegra-snd-rt5640 sound: snd_soc_register_card failed (-517)
[    2.425471] platform sound: Driver tegra-snd-rt5640 requests probe deferral
[    2.433864] TCP: cubic registered
[    2.437435] NET: Registered protocol family 10
[    2.443469] mip6: Mobile IPv6
[    2.446443] sit: IPv6 over IPv4 tunneling driver
[    2.454062] NET: Registered protocol family 17
[    2.458555] NET: Registered protocol family 15
[    2.463024] can: controller area network core (rev 20120528 abi 9)
[    2.469355] NET: Registered protocol family 29
[    2.473823] can: raw protocol (rev 20120528)
[    2.478094] can: broadcast manager protocol (rev 20120528 t)
[    2.483784] can: netlink gateway (rev 20130117) max_hops=1
[    2.489450] Bluetooth: RFCOMM socket layer initialized
[    2.494621] Bluetooth: RFCOMM ver 1.11
[    2.498385] Bluetooth: BNEP (Ethernet Emulation) ver 1.3
[    2.503721] Bluetooth: BNEP socket layer initialized
[    2.508685] Bluetooth: HIDP (Human Interface Emulation) ver 1.2
[    2.514623] Bluetooth: HIDP socket layer initialized
[    2.521082] Registering SWP/SWPB emulation handler
[    2.527603] dvdd_ts: 1800 mV 
[    2.531165] usb1_vbus: 5000 mV 
[    2.534391] usb1_vbus: supplied by vdd-sys-5v0
[    2.539580] usb2_vbus: 5000 mV 
[    2.542828] usb2_vbus: supplied by vdd-sys-5v0
[    2.547982] vdd_hdmi_5v0: 5000 mV 
[    2.551471] vdd_hdmi_5v0: supplied by vdd-sys-5v0
[    2.557307] vdd_cam_1v8_reg: 1800 mV 
[    2.561553] VDD_5V0_HDMI_CON: 5000 mV 
[    2.565376] VDD_5V0_HDMI_CON: supplied by vdd-sys-5v0
[    2.575088] [drm] Supports vblank timestamp caching Rev 2 (21.10.2013).
[    2.581747] [drm] No driver support for vblank timestamp query.
[    2.638059] Console: switching to colour frame buffer device 240x75
[    2.664198] host1x drm: fb0:  frame buffer device
[    2.668904] host1x drm: registered panic notifier
[    2.700743] [drm] Initialized tegra 0.0.0 20120330 on minor 0
[    2.706902] platform 7d008000.usb: Driver tegra-ehci requests probe deferral
[    2.714945] tegra-snd-rt5640 sound: ASoC: CPU DAI (null) not registered
[    2.721612] tegra-snd-rt5640 sound: snd_soc_register_card failed (-517)
[    2.728239] platform sound: Driver tegra-snd-rt5640 requests probe deferral
[    2.735589] tegra-ehci 7d008000.usb: EHCI Host Controller
[    2.741073] tegra-ehci 7d008000.usb: new USB bus registered, assigned bus number 1
[    2.748991] tegra-ehci 7d008000.usb: irq 129, io mem 0x7d008000
[    2.770712] tegra-ehci 7d008000.usb: USB 2.0 started, EHCI 1.10
[    2.778499] hub 1-0:1.0: USB hub found
[    2.782371] hub 1-0:1.0: 1 port detected
[    2.787857] tegra-snd-rt5640 sound: ASoC: CPU DAI (null) not registered
[    2.794570] tegra-snd-rt5640 sound: snd_soc_register_card failed (-517)
[    2.801268] platform sound: Driver tegra-snd-rt5640 requests probe deferral
[    2.809656] input: gpio-keys as /devices/soc0/gpio-keys/input/input0
[    2.817540] tegra-snd-rt5640 sound: ASoC: CPU DAI (null) not registered
[    2.824198] palmas-rtc 7000d000.i2c:tps65913@58:rtc: setting system clock to 2000-03-22 00:09:51 UTC (953683791)
[    2.834499] tegra-snd-rt5640 sound: snd_soc_register_card failed (-517)
[    2.841179] platform sound: Driver tegra-snd-rt5640 requests probe deferral
[    2.852119] vdd_cam_1v8_reg: disabling
[    2.856058] vdd_hdmi_5v0: disabling
[    2.859552] usb1_vbus: disabling
[    2.862886] dvdd_ts: disabling
[    2.867581] ALSA device list:
[    2.870544]   No soundcards found.
[    2.891312] kjournald starting.  Commit interval 5 seconds
[    2.893200] EXT3-fs (mmcblk0p1): using internal journal
[    2.893222] EXT3-fs (mmcblk0p1): recovery complete
[    2.893228] EXT3-fs (mmcblk0p1): mounted filesystem with writeback data mode
[    2.893301] VFS: Mounted root (ext3 filesystem) on device 179:1.
[    2.894459] devtmpfs: mounted
[    2.894796] Freeing unused kernel memory: 284K (c0867000 - c08ae000)
bash: cannot set terminal process group (-1): Inappropriate ioctl for device
bash: no job control in this shell
root@(none):/# 