
U-Boot SPL 2015.04-rc3-00209-ga74ef40 (Mar 16 2015 - 14:43:39)


U-Boot 2015.04-rc3-00209-ga74ef40 (Mar 16 2015 - 14:43:39)

TEGRA20
Model: Compulab TrimSlice board
DRAM:  1 GiB
MMC:   Tegra SD/MMC: 0, Tegra SD/MMC: 1
SF: Detected W25Q80BL with page size 256 Bytes, erase size 4 KiB, total 1 MiB
tegra-pcie: PCI regions:
tegra-pcie:   I/O: 0x82000000-0x82010000
tegra-pcie:   non-prefetchable memory: 0xa0000000-0xa8000000
tegra-pcie:   prefetchable memory: 0xa8000000-0xc0000000
tegra-pcie: dual-mode configuration
tegra-pcie: probing port 0, using 2 lanes
In:    serial
Out:   serial
Err:   serial
Net:   RTL8169#0
Hit any key to stop autoboot:  2  1  0 
Tegra20 (TrimSlice) # 
Tegra20 (TrimSlice) # usb reset
resetting USB...
USB0:   USB EHCI 1.00
scanning bus 0 for devices... 3 USB Device(s) found
USB1:   USB EHCI 1.00
scanning bus 1 for devices... 1 USB Device(s) found
USB2:   lowlevel init failed
       scanning usb for storage devices... 0 Storage Device(s) found
       scanning usb for ethernet devices... 
Warning: asx0 using MAC address from net device
1 Ethernet Device(s) found
Tegra20 (TrimSlice) # setenv bootargs 'ignore_loglevel console=ttyS0,115200n8 rw root=PARTUUID=11eb23c1-01 rootwait gpt debug noinitrd earlyprintk init=/bin/bash'
Tegra20 (TrimSlice) # setenv ipaddr 192.168.100.103; setenv serverip 192.168.100.1; setenv tftpserverip 192.168.100.1
Tegra20 (TrimSlice) # tftpboot 0x00408000 zImage.multi_v7_defconfig
Using RTL8169#0 device
TFTP from server 192.168.100.1; our IP address is 192.168.100.103
Filename 'zImage.multi_v7_defconfig'.
Load address: 0x408000
Loading: *#################################################################
	 #################################################################
	 #################################################################
	 #################################################################
	 #################################################################
	 #################################################################
	 #################################################################
	 ##################################################
	 4 MiB/s
done
Bytes transferred = 7411608 (711798 hex)
Tegra20 (TrimSlice) # tftpboot 0x02408000 tegra20-trimslice.dtb
Using RTL8169#0 device
TFTP from server 192.168.100.1; our IP address is 192.168.100.103
Filename 'tegra20-trimslice.dtb'.
Load address: 0x2408000
Loading: *##
	 3.4 MiB/s
done
Bytes transferred = 21404 (539c hex)
Tegra20 (TrimSlice) # bootz 0x00408000 - 0x02408000
Kernel image @ 0x408000 [ 0x000000 - 0x711798 ]
## Flattened Device Tree blob at 02408000
   Booting using the fdt blob at 0x2408000
   Using Device Tree in place at 02408000, end 0241039b

Starting kernel ...

[    0.000000] Booting Linux on physical CPU 0x0
[    0.000000] Linux version 4.10.0-rc2-next-20170105-143855-ged93c11 (pwalmsley@sellafield) (gcc version 4.7.3 20130328 (prerelease) (crosstool-NG linaro-1.13.1-4.7-2013.04-20130415 - Linaro GCC 2013.04) ) #1 SMP Wed Jan 4 20:34:45 PST 2017
[    0.000000] CPU: ARMv7 Processor [411fc090] revision 0 (ARMv7), cr=10c5387d
[    0.000000] CPU: PIPT / VIPT nonaliasing data cache, VIPT aliasing instruction cache
[    0.000000] OF: fdt:Machine model: Compulab TrimSlice board
[    0.000000] debug: ignoring loglevel setting.
[    0.000000] efi: Getting EFI parameters from FDT:
[    0.000000] efi: UEFI not found.
[    0.000000] cma: Reserved 64 MiB at 0x3c000000
[    0.000000] Memory policy: Data cache writealloc
[    0.000000] On node 0 totalpages: 262144
[    0.000000] free_area_init_node: node 0, pgdat c142b300, node_mem_map ef7f8000
[    0.000000]   DMA zone: 1536 pages used for memmap
[    0.000000]   DMA zone: 0 pages reserved
[    0.000000]   DMA zone: 196608 pages, LIFO batch:31
[    0.000000]   HighMem zone: 65536 pages, LIFO batch:15
[    0.000000] percpu: Embedded 14 pages/cpu @ef7ca000 s26048 r8192 d23104 u57344
[    0.000000] pcpu-alloc: s26048 r8192 d23104 u57344 alloc=14*4096
[    0.000000] pcpu-alloc: [0] 0 [0] 1 
[    0.000000] Built 1 zonelists in Zone order, mobility grouping on.  Total pages: 260608
[    0.000000] Kernel command line: ignore_loglevel console=ttyS0,115200n8 rw root=PARTUUID=11eb23c1-01 rootwait gpt debug noinitrd earlyprintk init=/bin/bash
[    0.000000] PID hash table entries: 4096 (order: 2, 16384 bytes)
[    0.000000] Dentry cache hash table entries: 131072 (order: 7, 524288 bytes)
[    0.000000] Inode-cache hash table entries: 65536 (order: 6, 262144 bytes)
[    0.000000] Memory: 955752K/1048576K available (9216K kernel code, 1203K rwdata, 4148K rodata, 2048K init, 471K bss, 27288K reserved, 65536K cma-reserved, 196608K highmem)
[    0.000000] Virtual kernel memory layout:
[    0.000000]     vector  : 0xffff0000 - 0xffff1000   (   4 kB)
[    0.000000]     fixmap  : 0xffc00000 - 0xfff00000   (3072 kB)
[    0.000000]     vmalloc : 0xf0800000 - 0xff800000   ( 240 MB)
[    0.000000]     lowmem  : 0xc0000000 - 0xf0000000   ( 768 MB)
[    0.000000]     pkmap   : 0xbfe00000 - 0xc0000000   (   2 MB)
[    0.000000]     modules : 0xbf000000 - 0xbfe00000   (  14 MB)
[    0.000000]       .text : 0xc0208000 - 0xc0c00000   (10208 kB)
[    0.000000]       .init : 0xc1100000 - 0xc1300000   (2048 kB)
[    0.000000]       .data : 0xc1300000 - 0xc142ce00   (1204 kB)
[    0.000000]        .bss : 0xc142e000 - 0xc14a3c30   ( 472 kB)
[    0.000000] SLUB: HWalign=64, Order=0-3, MinObjects=0, CPUs=2, Nodes=1
[    0.000000] Hierarchical RCU implementation.
[    0.000000] 	RCU debugfs-based tracing is enabled.
[    0.000000] 	Build-time adjustment of leaf fanout to 32.
[    0.000000] 	RCU restricting CPUs from NR_CPUS=16 to nr_cpu_ids=2.
[    0.000000] RCU: Adjusting geometry for rcu_fanout_leaf=32, nr_cpu_ids=2
[    0.000000] NR_IRQS:16 nr_irqs:16 16
[    0.000000] /interrupt-controller@60004000: 128 interrupts forwarded to /interrupt-controller@50041000
[    0.000000] L2C: platform modifies aux control register: 0x02080000 -> 0x3e480001
[    0.000000] L2C: DT/platform modifies aux control register: 0x02080000 -> 0x3e480001
[    0.000000] L2C-310 errata 727915 769419 enabled
[    0.000000] L2C-310 enabling early BRESP for Cortex-A9
[    0.000000] L2C-310: enabling full line of zeros but not enabled in Cortex-A9
[    0.000000] L2C-310 ID prefetch enabled, offset 1 lines
[    0.000000] L2C-310 cache controller enabled, 8 ways, 1024 kB
[    0.000000] L2C-310: CACHE_ID 0x410000c4, AUX_CTRL 0x7e480001
[    0.000010] sched_clock: 32 bits at 1000kHz, resolution 1000ns, wraps every 2147483647500ns
[    0.000026] clocksource: timer_us: mask: 0xffffffff max_cycles: 0xffffffff, max_idle_ns: 1911260446275 ns
[    0.000036] Switching to timer-based delay loop, resolution 1000ns
[    0.001620] Console: colour dummy device 80x30
[    0.001643] Calibrating delay loop (skipped), value calculated using timer frequency.. 2.00 BogoMIPS (lpj=10000)
[    0.001654] pid_max: default: 32768 minimum: 301
[    0.001739] Mount-cache hash table entries: 2048 (order: 1, 8192 bytes)
[    0.001747] Mountpoint-cache hash table entries: 2048 (order: 1, 8192 bytes)
[    0.002180] CPU: Testing write buffer coherency: ok
[    0.002381] CPU0: thread -1, cpu 0, socket 0, mpidr 80000000
[    0.002534] Setting up static identity map for 0x300000 - 0x300098
[    0.003979] Tegra Revision: A03 prime SKU: 8 CPU Process: 1 SoC Process: 2
[    0.004353] EFI services will not be available.
[    0.004509] smp: Bringing up secondary CPUs ...
[    0.005035] CPU1: thread -1, cpu 1, socket 0, mpidr 80000001
[    0.005094] smp: Brought up 1 node, 2 CPUs
[    0.005104] SMP: Total of 2 processors activated (4.00 BogoMIPS).
[    0.005109] CPU: All CPU(s) started in SVC mode.
[    0.005736] devtmpfs: initialized
[    0.009263] VFP support v0.3: implementor 41 architecture 3 part 30 variant 9 rev 1
[    0.009473] clocksource: jiffies: mask: 0xffffffff max_cycles: 0xffffffff, max_idle_ns: 19112604462750000 ns
[    0.012384] pinctrl core: initialized pinctrl subsystem
[    0.013518] NET: Registered protocol family 16
[    0.015511] DMA: preallocated 256 KiB pool for atomic coherent allocations
[    0.016908] cpuidle: using governor menu
[    0.034211] No ATAGs?
[    0.034279] hw-breakpoint: found 5 (+1 reserved) breakpoint and 1 watchpoint registers.
[    0.034290] hw-breakpoint: maximum watchpoint size is 4 bytes.
[    0.039392] Serial: AMBA PL011 UART driver
[    0.050513] usb1_vbus: Failed to request enable GPIO170: -517
[    0.050526] reg-fixed-voltage regulators:regulator@2: Failed to register regulator: -517
[    0.053973] vgaarb: loaded
[    0.054522] SCSI subsystem initialized
[    0.054638] libata version 3.00 loaded.
[    0.054822] usbcore: registered new interface driver usbfs
[    0.054870] usbcore: registered new interface driver hub
[    0.054913] usbcore: registered new device driver usb
[    0.056862] pps_core: LinuxPPS API ver. 1 registered
[    0.056870] pps_core: Software ver. 5.3.6 - Copyright 2005-2007 Rodolfo Giometti <giometti@linux.it>
[    0.056886] PTP clock support registered
[    0.057031] EDAC MC: Ver: 3.0.0
[    0.058774] clocksource: Switched to clocksource timer_us
[    0.066219] NET: Registered protocol family 2
[    0.066625] TCP established hash table entries: 8192 (order: 3, 32768 bytes)
[    0.066696] TCP bind hash table entries: 8192 (order: 4, 65536 bytes)
[    0.066808] TCP: Hash tables configured (established 8192 bind 8192)
[    0.066907] UDP hash table entries: 512 (order: 2, 16384 bytes)
[    0.066955] UDP-Lite hash table entries: 512 (order: 2, 16384 bytes)
[    0.067107] NET: Registered protocol family 1
[    0.067366] RPC: Registered named UNIX socket transport module.
[    0.067374] RPC: Registered udp transport module.
[    0.067379] RPC: Registered tcp transport module.
[    0.067383] RPC: Registered tcp NFSv4.1 backchannel transport module.
[    0.067392] PCI: CLS 0 bytes, default 64
[    0.068216] hw perfevents: enabled with armv7_cortex_a9 PMU driver, 7 counters available
[    0.069219] futex hash table entries: 512 (order: 3, 32768 bytes)
[    0.069770] workingset: timestamp_bits=30 max_order=18 bucket_order=0
[    0.076513] squashfs: version 4.0 (2009/01/31) Phillip Lougher
[    0.077139] NFS: Registering the id_resolver key type
[    0.077159] Key type id_resolver registered
[    0.077164] Key type id_legacy registered
[    0.077194] ntfs: driver 2.1.32 [Flags: R/O].
[    0.078255] bounce: pool size: 64 pages
[    0.078389] Block layer SCSI generic (bsg) driver version 0.4 loaded (major 248)
[    0.078398] io scheduler noop registered
[    0.078403] io scheduler deadline registered
[    0.078516] io scheduler cfq registered (default)
[    0.087820] tegra-pcie 80003000.pcie-controller: dual-mode configuration
[    0.089195] tegra-pcie 80003000.pcie-controller: probing port 0, using 2 lanes
[    0.172937] tegra-pcie 80003000.pcie-controller: PCI host bridge to bus 0000:00
[    0.172949] pci_bus 0000:00: root bus resource [io  0x0000-0xffff]
[    0.172957] pci_bus 0000:00: root bus resource [mem 0xa0000000-0xa7ffffff]
[    0.172965] pci_bus 0000:00: root bus resource [mem 0xa8000000-0xbfffffff pref]
[    0.172973] pci_bus 0000:00: root bus resource [bus 00-ff]
[    0.173001] pci 0000:00:01.0: [10de:0bf0] type 01 class 0x060000
[    0.173048] pci_bus 0000:00: 2-byte config write to 0000:00:01.0 offset 0x52 may corrupt adjacent RW1C bits
[    0.173072] pci 0000:00:01.0: PME# supported from D0 D1 D2 D3hot D3cold
[    0.173082] pci_bus 0000:00: 2-byte config write to 0000:00:01.0 offset 0x4c may corrupt adjacent RW1C bits
[    0.173269] pci_bus 0000:00: 2-byte config write to 0000:00:01.0 offset 0x3e may corrupt adjacent RW1C bits
[    0.173281] pci_bus 0000:00: 2-byte config write to 0000:00:01.0 offset 0x4 may corrupt adjacent RW1C bits
[    0.173290] pci_bus 0000:00: 1-byte config write to 0000:00:01.0 offset 0xc may corrupt adjacent RW1C bits
[    0.173296] PCI: bus0: Fast back to back transfers disabled
[    0.173305] pci 0000:00:01.0: bridge configuration invalid ([bus 00-00]), reconfiguring
[    0.173314] pci_bus 0000:00: 2-byte config write to 0000:00:01.0 offset 0x3e may corrupt adjacent RW1C bits
[    0.173323] pci_bus 0000:00: 2-byte config write to 0000:00:01.0 offset 0x3e may corrupt adjacent RW1C bits
[    0.173333] pci_bus 0000:00: 2-byte config write to 0000:00:01.0 offset 0x3e may corrupt adjacent RW1C bits
[    0.173342] pci_bus 0000:00: 2-byte config write to 0000:00:01.0 offset 0x6 may corrupt adjacent RW1C bits
[    0.173463] pci 0000:01:00.0: [10ec:8168] type 00 class 0x020000
[    0.173486] pci 0000:01:00.0: reg 0x10: [io  0x0000-0x00ff]
[    0.173509] pci 0000:01:00.0: reg 0x18: [mem 0x00000000-0x00000fff 64bit pref]
[    0.173527] pci 0000:01:00.0: reg 0x20: [mem 0x00000000-0x00003fff 64bit pref]
[    0.173540] pci 0000:01:00.0: reg 0x30: [mem 0x00000000-0x0001ffff pref]
[    0.173578] pci_bus 0000:01: 2-byte config write to 0000:01:00.0 offset 0x52 may corrupt adjacent RW1C bits
[    0.173629] pci 0000:01:00.0: supports D1 D2
[    0.173636] pci 0000:01:00.0: PME# supported from D0 D1 D2 D3hot D3cold
[    0.198801] PCI: bus1: Fast back to back transfers disabled
[    0.198813] pci_bus 0000:01: busn_res: [bus 01-ff] end is updated to 01
[    0.198825] Disabling cpuidle LP2 state, since PCIe IRQs are in use
[    0.198884] pci 0000:00:01.0: BAR 8: assigned [mem 0xa0000000-0xa00fffff]
[    0.198895] pci 0000:00:01.0: BAR 9: assigned [mem 0xa8000000-0xa80fffff 64bit pref]
[    0.198904] pci 0000:00:01.0: BAR 7: assigned [io  0x1000-0x1fff]
[    0.198916] pci 0000:01:00.0: BAR 6: assigned [mem 0xa0000000-0xa001ffff pref]
[    0.198925] pci 0000:01:00.0: BAR 4: assigned [mem 0xa8000000-0xa8003fff 64bit pref]
[    0.198944] pci 0000:01:00.0: BAR 2: assigned [mem 0xa8004000-0xa8004fff 64bit pref]
[    0.198962] pci 0000:01:00.0: BAR 0: assigned [io  0x1000-0x10ff]
[    0.198972] pci 0000:00:01.0: PCI bridge to [bus 01]
[    0.198980] pci 0000:00:01.0:   bridge window [io  0x1000-0x1fff]
[    0.198988] pci 0000:00:01.0:   bridge window [mem 0xa0000000-0xa00fffff]
[    0.198995] pci 0000:00:01.0:   bridge window [mem 0xa8000000-0xa80fffff 64bit pref]
[    0.199016] pci 0000:00:01.0: nv_msi_ht_cap_quirk didn't locate host bridge
[    0.199067] pcieport 0000:00:01.0: enabling device (0140 -> 0143)
[    0.199262] pcieport 0000:00:01.0: Signaling PME with IRQ 295
[    0.204949] tegra-apbdma 6000a000.dma: Tegra20 APB DMA driver register 16 channels
[    0.250488] Serial: 8250/16550 driver, 4 ports, IRQ sharing disabled
[    0.252783] console [ttyS0] disabled
[    0.252817] 70006000.serial: ttyS0 at MMIO 0x70006000 (irq = 279, base_baud = 13500000) is a Tegra
[    1.303494] console [ttyS0] enabled
[    1.307558] SuperH (H)SCI(F) driver initialized
[    1.312819] msm_serial: driver initialized
[    1.317034] STMicroelectronics ASC driver initialized
[    1.326816] 54280000.hdmi supply hdmi not found, using dummy regulator
[    1.335269] [drm] Supports vblank timestamp caching Rev 2 (21.10.2013).
[    1.341897] [drm] No driver support for vblank timestamp query.
[    1.347836] [drm] Cannot find any crtc or sizes - going 1024x768
[    1.369917] Console: switching to colour frame buffer device 128x48
[    1.384587] drm drm: fb0:  frame buffer device
[    1.389079] [drm] Initialized tegra 0.0.0 20120330 for drm on minor 0
[    1.404338] brd: module loaded
[    1.411717] loop: module loaded
[    1.420313] m25p80 spi32766.0: found s25fl008k, expected w25q80bl
[    1.426397] m25p80 spi32766.0: s25fl008k (1024 Kbytes)
[    1.433730] libphy: Fixed MDIO Bus: probed
[    1.438664] CAN device driver interface
[    1.443205] bgmac_bcma: Broadcom 47xx GBit MAC driver loaded
[    1.449785] e1000e: Intel(R) PRO/1000 Network Driver - 3.2.6-k
[    1.455600] e1000e: Copyright(c) 1999 - 2015 Intel Corporation.
[    1.461567] igb: Intel(R) Gigabit Ethernet Network Driver - version 5.4.0-k
[    1.468509] igb: Copyright (c) 2007-2014 Intel Corporation.
[    1.474581] r8169 Gigabit Ethernet driver 2.3LK-NAPI loaded
[    1.480183] r8169 0000:01:00.0: enabling device (0140 -> 0143)
[    1.486805] r8169 0000:01:00.0 eth0: RTL8168d/8111d at 0xf08fc000, 00:01:c0:13:7d:63, XID 081000c0 IRQ 296
[    1.496468] r8169 0000:01:00.0 eth0: jumbo features [frames: 9200 bytes, tx checksumming: ko]
[    1.507023] pegasus: v0.9.3 (2013/04/25), Pegasus/Pegasus II USB Ethernet driver
[    1.514473] usbcore: registered new interface driver pegasus
[    1.520167] usbcore: registered new interface driver asix
[    1.525577] usbcore: registered new interface driver ax88179_178a
[    1.531695] usbcore: registered new interface driver cdc_ether
[    1.537547] usbcore: registered new interface driver smsc75xx
[    1.543345] usbcore: registered new interface driver smsc95xx
[    1.549117] usbcore: registered new interface driver net1080
[    1.554785] usbcore: registered new interface driver cdc_subset
[    1.560728] usbcore: registered new interface driver zaurus
[    1.566325] usbcore: registered new interface driver cdc_ncm
[    1.572238] tegra-phy c5004000.usb-phy: no vbus regulator
[    1.578704] tegra-phy c5008000.usb-phy: no vbus regulator
[    1.585360] ehci_hcd: USB 2.0 'Enhanced' Host Controller (EHCI) Driver
[    1.591889] ehci-pci: EHCI PCI platform driver
[    1.596353] ehci-platform: EHCI generic platform driver
[    1.601728] ehci-orion: EHCI orion driver
[    1.605828] SPEAr-ehci: EHCI SPEAr driver
[    1.609948] ehci-st: EHCI STMicroelectronics driver
[    1.614909] ehci-exynos: EHCI EXYNOS driver
[    1.619208] ehci-atmel: EHCI Atmel driver
[    1.623300] tegra-ehci: Tegra EHCI driver
[    1.679980] ulpi_phy_power_on: ulpi write failed
[    1.684587] tegra-ehci c5004000.usb: Failed to power on the phy
[    1.690520] tegra-ehci: probe of c5004000.usb failed with error -110
[    1.699489] tegra-ehci c5008000.usb: EHCI Host Controller
[    1.704893] tegra-ehci c5008000.usb: new USB bus registered, assigned bus number 1
[    1.712709] tegra-ehci c5008000.usb: irq 290, io mem 0xc5008000
[    1.738794] tegra-ehci c5008000.usb: USB 2.0 started, EHCI 1.00
[    1.745287] hub 1-0:1.0: USB hub found
[    1.749067] hub 1-0:1.0: 1 port detected
[    1.753279] ohci_hcd: USB 1.1 'Open' Host Controller (OHCI) Driver
[    1.759470] ohci-pci: OHCI PCI platform driver
[    1.763951] ohci-platform: OHCI generic platform driver
[    1.769328] ohci-omap3: OHCI OMAP3 driver
[    1.773425] SPEAr-ohci: OHCI SPEAr driver
[    1.777521] ohci-st: OHCI STMicroelectronics driver
[    1.782500] ohci-atmel: OHCI Atmel driver
[    1.787066] usbcore: registered new interface driver usb-storage
[    1.794219] mousedev: PS/2 mouse device common for all mice
[    1.801369] rtc-em3027 2-0056: rtc core: registered rtc-em3027 as rtc0
[    1.809027] tegra_rtc 7000e000.rtc: rtc core: registered 7000e000.rtc as rtc1
[    1.816177] tegra_rtc 7000e000.rtc: Tegra internal Real Time Clock
[    1.822765] i2c /dev entries driver
[    1.835181] sdhci: Secure Digital Host Controller Interface driver
[    1.841376] sdhci: Copyright(c) Pierre Ossman
[    1.846843] Synopsys Designware Multimedia Card Interface Driver
[    1.853650] sdhci-pltfm: SDHCI platform and OF driver helper
[    1.860115] mmc0: Invalid maximum block size, assuming 512 bytes
[    1.918791] mmc0: SDHCI controller on c8000000.sdhci [c8000000.sdhci] using ADMA
[    1.926271] sdhci-tegra c8000600.sdhci: Got CD GPIO
[    1.931167] sdhci-tegra c8000600.sdhci: Got WP GPIO
[    1.936193] mmc1: Invalid maximum block size, assuming 512 bytes
[    1.998865] mmc1: SDHCI controller on c8000600.sdhci [c8000600.sdhci] using ADMA
[    2.007608] ledtrig-cpu: registered to indicate activity on CPUs
[    2.013891] usbcore: registered new interface driver usbhid
[    2.019464] usbhid: USB HID core driver
[    2.026187] NET: Registered protocol family 10
[    2.031485] Segment Routing with IPv6
[    2.035178] sit: IPv6, IPv4 and MPLS over IPv4 tunneling driver
[    2.041594] NET: Registered protocol family 17
[    2.046034] can: controller area network core (rev 20120528 abi 9)
[    2.052261] NET: Registered protocol family 29
[    2.056692] can: raw protocol (rev 20120528)
[    2.060963] can: broadcast manager protocol (rev 20161123 t)
[    2.066610] can: netlink gateway (rev 20130117) max_hops=1
[    2.072402] Key type dns_resolver registered
[    2.077033] ThumbEE CPU extension supported.
[    2.081319] Registering SWP/SWPB emulation handler
[    2.094003] utmi_phy_clk_enable: timeout waiting for phy to stabilize
[    2.100486] tegra-ehci c5000000.usb: EHCI Host Controller
[    2.105889] tegra-ehci c5000000.usb: new USB bus registered, assigned bus number 2
[    2.113745] tegra-ehci c5000000.usb: irq 288, io mem 0xc5000000
[    2.115800] mmc0: host does not support reading read-only switch, assuming write-enable
[    2.117609] mmc0: new high speed SDHC card at address b368
[    2.119854] mmcblk0: mmc0:b368 NCard 3.70 GiB 
[    2.134872]  mmcblk0: p1
[    2.148823] usb 1-1: new high-speed USB device number 2 using tegra-ehci
[    2.178812] tegra-ehci c5000000.usb: USB 2.0 started, EHCI 1.00
[    2.185601] hub 2-0:1.0: USB hub found
[    2.189442] hub 2-0:1.0: 1 port detected
[    2.194618] input: gpio-keys as /devices/soc0/gpio-keys/input/input0
[    2.201689] rtc-em3027 2-0056: setting system clock to 2015-02-06 03:02:47 UTC (1423191767)
[    2.211940] EXT4-fs (mmcblk0p1): mounting ext3 file system using the ext4 subsystem
[    2.227856] mmc1: new high speed SD card at address b368
[    2.233802] mmcblk1: mmc1:b368 NCard 1.83 GiB (ro)
[    2.241425]  mmcblk1: p1 p2
[    2.306680] EXT4-fs (mmcblk0p1): recovery complete
[    2.311507] EXT4-fs (mmcblk0p1): mounted filesystem with ordered data mode. Opts: (null)
[    2.319626] VFS: Mounted root (ext3 filesystem) on device 179:1.
[    2.328821] devtmpfs: mounted
[    2.334288] Freeing unused kernel memory: 2048K
[    2.380222] hub 1-1:1.0: USB hub found
[    2.384182] hub 1-1:1.0: 4 ports detected
[    2.407842] random: fast init done
bash: cannot set terminal process group (-1): Inappropriate ioctl for device
bash: no job control in this shell
root@(none):/# [    2.718832] usb 1-1.2: new high-speed USB device number 3 using tegra-ehci
mount -t sysfs none /sys
root@(none):/# 
root@(none):/# mount -t debugfs none /sys/kernel/debug
root@(none):/# 
root@(none):/# rtcwake -d rtc1 -m mem -s 3
rtcwake: assuming RTC uses UTC ...
rtcwake: wakeup from "mem" using /dev/rtc1 at Thu Jan  1 00:00:23 1970
[    8.083318] PM: Syncing filesystems ... done.
[    8.129538] Freezing user space processes ... (elapsed 0.001 seconds) done.
[    8.137925] Freezing remaining freezable tasks ... (elapsed 0.001 seconds) done.
[    8.146875] Suspending console(s) (use no_console_suspend to debug)
[    8.184153] pci_generic_config_write32: 37 callbacks suppressed
[    8.184196] pci_bus 0000:00: 2-byte config write to 0000:00:01.0 offset 0x9c may corrupt adjacent RW1C bits
[    8.196521] PM: suspend of devices complete after 40.764 msecs
[    8.201337] PM: late suspend of devices complete after 4.785 msecs
[    8.206122] pci_bus 0000:01: 2-byte config write to 0000:01:00.0 offset 0x44 may corrupt adjacent RW1C bits
[    8.206180] pci_bus 0000:01: 2-byte config write to 0000:01:00.0 offset 0x44 may corrupt adjacent RW1C bits
[    8.229500] PM: noirq suspend of devices complete after 28.134 msecs
[    8.229511] Disabling non-boot CPUs ...
[    8.231460] CPU1: shutdown
[    8.263210] Entering suspend state LP1
[    8.263210] Suspended for 0.797 seconds
[    8.263255] Enabling non-boot CPUs ...
[    8.293117] CPU1 is up
[    8.293993] pci_bus 0000:00: 2-byte config write to 0000:00:01.0 offset 0x4c may corrupt adjacent RW1C bits
[    8.294041] pci_bus 0000:00: 2-byte config write to 0000:00:01.0 offset 0x88 may corrupt adjacent RW1C bits
[    8.294069] pci_bus 0000:00: 2-byte config write to 0000:00:01.0 offset 0x90 may corrupt adjacent RW1C bits
[    8.294095] pci_bus 0000:00: 2-byte config write to 0000:00:01.0 offset 0x98 may corrupt adjacent RW1C bits
[    8.294121] pci_bus 0000:00: 2-byte config write to 0000:00:01.0 offset 0x9c may corrupt adjacent RW1C bits
[    8.294197] pci_bus 0000:00: 2-byte config write to 0000:00:01.0 offset 0x52 may corrupt adjacent RW1C bits
[    8.294226] pci_bus 0000:00: 2-byte config write to 0000:00:01.0 offset 0x52 may corrupt adjacent RW1C bits
[    8.294295] pcieport 0000:00:01.0: nv_msi_ht_cap_quirk didn't locate host bridge
[    8.319047] PM: noirq resume of devices complete after 25.897 msecs
[    8.322975] PM: early resume of devices complete after 3.172 msecs
[    8.867890] PM: resume of devices complete after 544.881 msecs
[    9.037068] Restarting tasks ... done.
root@(none):/# 
root@(none):/# rtcwake -d rtc1 -m mem -s 3
rtcwake: assuming RTC uses UTC ...
rtcwake: wakeup from "mem" using /dev/rtc1 at Thu Jan  1 00:00:28 1970
[    9.903741] PM: Syncing filesystems ... done.
[    9.948849] Freezing user space processes ... (elapsed 0.001 seconds) done.
[    9.957272] Freezing remaining freezable tasks ... (elapsed 0.001 seconds) done.
[    9.966326] Suspending console(s) (use no_console_suspend to debug)
[   10.016916] PM: suspend of devices complete after 41.794 msecs
[   10.021741] PM: late suspend of devices complete after 4.796 msecs
[   10.049359] PM: noirq suspend of devices complete after 27.588 msecs
[   10.049370] Disabling non-boot CPUs ...
[   10.051170] CPU1: shutdown
[   10.112134] Entering suspend state LP1
[   10.112134] Suspended for 3.150 seconds
[   10.112178] Enabling non-boot CPUs ...
[   10.143084] CPU1 is up
[   10.144546] pcieport 0000:00:01.0: nv_msi_ht_cap_quirk didn't locate host bridge
[   10.168979] PM: noirq resume of devices complete after 25.863 msecs
[   10.172931] PM: early resume of devices complete after 3.204 msecs
[   10.717754] PM: resume of devices complete after 544.791 msecs
[   10.785742] Restarting tasks ... done.
root@(none):/# 
root@(none):/# rtcwake -d rtc1 -m mem -s 3
rtcwake: assuming RTC uses UTC ...
rtcwake: wakeup from "mem" using /dev/rtc1 at Thu Jan  1 00:00:33 1970
[   11.753459] PM: Syncing filesystems ... done.
[   11.798527] Freezing user space processes ... (elapsed 0.001 seconds) done.
[   11.807034] Freezing remaining freezable tasks ... (elapsed 0.001 seconds) done.
[   11.816091] Suspending console(s) (use no_console_suspend to debug)
[   11.866046] PM: suspend of devices complete after 41.188 msecs
[   11.871167] PM: late suspend of devices complete after 5.089 msecs
[   11.899290] PM: noirq suspend of devices complete after 28.093 msecs
[   11.899301] Disabling non-boot CPUs ...
[   11.901088] CPU1: shutdown
[   11.962076] Entering suspend state LP1
[   11.962076] Suspended for 3.149 seconds
[   11.962120] Enabling non-boot CPUs ...
[   11.992929] CPU1 is up
[   11.994152] pcieport 0000:00:01.0: nv_msi_ht_cap_quirk didn't locate host bridge
[   12.018902] PM: noirq resume of devices complete after 25.941 msecs
[   12.022612] PM: early resume of devices complete after 3.161 msecs
[   12.566582] PM: resume of devices complete after 543.940 msecs
[   12.634552] Restarting tasks ... done.
root@(none):/# 
root@(none):/# rtcwake -d rtc1 -m mem -s 3
rtcwake: assuming RTC uses UTC ...
rtcwake: wakeup from "mem" using /dev/rtc1 at Thu Jan  1 00:00:38 1970
[   13.603486] PM: Syncing filesystems ... done.
[   13.648710] Freezing user space processes ... (elapsed 0.001 seconds) done.
[   13.657063] Freezing remaining freezable tasks ... (elapsed 0.001 seconds) done.
[   13.665934] Suspending console(s) (use no_console_suspend to debug)
[   13.703871] pci_generic_config_write32: 65 callbacks suppressed
[   13.703915] pci_bus 0000:00: 2-byte config write to 0000:00:01.0 offset 0x9c may corrupt adjacent RW1C bits
[   13.716283] PM: suspend of devices complete after 42.234 msecs
[   13.721206] PM: late suspend of devices complete after 4.893 msecs
[   13.725170] pci_bus 0000:01: 2-byte config write to 0000:01:00.0 offset 0x44 may corrupt adjacent RW1C bits
[   13.725225] pci_bus 0000:01: 2-byte config write to 0000:01:00.0 offset 0x44 may corrupt adjacent RW1C bits
[   13.749205] PM: noirq suspend of devices complete after 27.969 msecs
[   13.749216] Disabling non-boot CPUs ...
[   13.751109] CPU1: shutdown
[   13.781991] Entering suspend state LP1
[   13.781991] Suspended for 3.179 seconds
[   13.782034] Enabling non-boot CPUs ...
[   13.812885] CPU1 is up
[   13.814025] pci_bus 0000:00: 2-byte config write to 0000:00:01.0 offset 0x4c may corrupt adjacent RW1C bits
[   13.814074] pci_bus 0000:00: 2-byte config write to 0000:00:01.0 offset 0x88 may corrupt adjacent RW1C bits
[   13.814104] pci_bus 0000:00: 2-byte config write to 0000:00:01.0 offset 0x90 may corrupt adjacent RW1C bits
[   13.814129] pci_bus 0000:00: 2-byte config write to 0000:00:01.0 offset 0x98 may corrupt adjacent RW1C bits
[   13.814154] pci_bus 0000:00: 2-byte config write to 0000:00:01.0 offset 0x9c may corrupt adjacent RW1C bits
[   13.814233] pci_bus 0000:00: 2-byte config write to 0000:00:01.0 offset 0x52 may corrupt adjacent RW1C bits
[   13.814262] pci_bus 0000:00: 2-byte config write to 0000:00:01.0 offset 0x52 may corrupt adjacent RW1C bits
[   13.814333] pcieport 0000:00:01.0: nv_msi_ht_cap_quirk didn't locate host bridge
[   13.838818] PM: noirq resume of devices complete after 25.901 msecs
[   13.842819] PM: early resume of devices complete after 3.253 msecs
[   14.386485] PM: resume of devices complete after 543.633 msecs
[   14.557541] Restarting tasks ... done.
root@(none):/# 
root@(none):/# rtcwake -d rtc1 -m mem -s 3
rtcwake: assuming RTC uses UTC ...
rtcwake: wakeup from "mem" using /dev/rtc1 at Thu Jan  1 00:00:43 1970
[   15.423516] PM: Syncing filesystems ... done.
[   15.468664] Freezing user space processes ... (elapsed 0.001 seconds) done.
[   15.477100] Freezing remaining freezable tasks ... (elapsed 0.001 seconds) done.
[   15.486157] Suspending console(s) (use no_console_suspend to debug)
[   15.535591] PM: suspend of devices complete after 40.637 msecs
[   15.540646] PM: late suspend of devices complete after 5.024 msecs
[   15.569124] PM: noirq suspend of devices complete after 28.447 msecs
[   15.569135] Disabling non-boot CPUs ...
[   15.570940] CPU1: shutdown
[   15.632003] Entering suspend state LP1
[   15.632003] Suspended for 3.149 seconds
[   15.632047] Enabling non-boot CPUs ...
[   15.662812] CPU1 is up
[   15.664399] pcieport 0000:00:01.0: nv_msi_ht_cap_quirk didn't locate host bridge
[   15.688736] PM: noirq resume of devices complete after 25.892 msecs
[   15.692688] PM: early resume of devices complete after 3.200 msecs
[   16.236604] PM: resume of devices complete after 543.882 msecs
[   16.304538] Restarting tasks ... done.
root@(none):/# 
root@(none):/# rtcwake -d rtc1 -m mem -s 3
rtcwake: assuming RTC uses UTC ...
rtcwake: wakeup from "mem" using /dev/rtc1 at Thu Jan  1 00:00:48 1970
[   17.273370] PM: Syncing filesystems ... done.
[   17.318464] Freezing user space processes ... (elapsed 0.001 seconds) done.
[   17.326902] Freezing remaining freezable tasks ... (elapsed 0.001 seconds) done.
[   17.335992] Suspending console(s) (use no_console_suspend to debug)
[   17.385923] PM: suspend of devices complete after 41.103 msecs
[   17.390810] PM: late suspend of devices complete after 4.858 msecs
[   17.419030] PM: noirq suspend of devices complete after 28.190 msecs
[   17.419041] Disabling non-boot CPUs ...
[   17.420924] CPU1: shutdown
[   17.451902] Entering suspend state LP1
[   17.451902] Suspended for 3.180 seconds
[   17.451945] Enabling non-boot CPUs ...
[   17.482704] CPU1 is up
[   17.484173] pcieport 0000:00:01.0: nv_msi_ht_cap_quirk didn't locate host bridge
[   17.508631] PM: noirq resume of devices complete after 25.896 msecs
[   17.512294] PM: early resume of devices complete after 3.109 msecs
[   18.056292] PM: resume of devices complete after 543.966 msecs
[   18.124311] Restarting tasks ... done.
root@(none):/# 
root@(none):/# rtcwake -d rtc1 -m mem -s 3
rtcwake: assuming RTC uses UTC ...
rtcwake: wakeup from "mem" using /dev/rtc1 at Thu Jan  1 00:00:53 1970
[   19.093309] PM: Syncing filesystems ... done.
[   19.138536] Freezing user space processes ... (elapsed 0.001 seconds) done.
[   19.146896] Freezing remaining freezable tasks ... (elapsed 0.001 seconds) done.
[   19.155760] Suspending console(s) (use no_console_suspend to debug)
[   19.193817] pci_generic_config_write32: 65 callbacks suppressed
[   19.193860] pci_bus 0000:00: 2-byte config write to 0000:00:01.0 offset 0x9c may corrupt adjacent RW1C bits
[   19.206194] PM: suspend of devices complete after 42.373 msecs
[   19.211006] PM: late suspend of devices complete after 4.782 msecs
[   19.214884] pci_bus 0000:01: 2-byte config write to 0000:01:00.0 offset 0x44 may corrupt adjacent RW1C bits
[   19.214940] pci_bus 0000:01: 2-byte config write to 0000:01:00.0 offset 0x44 may corrupt adjacent RW1C bits
[   19.238957] PM: noirq suspend of devices complete after 27.922 msecs
[   19.238968] Disabling non-boot CPUs ...
[   19.240925] CPU1: shutdown
[   19.301765] Entering suspend state LP1
[   19.301765] Suspended for 3.150 seconds
[   19.301809] Enabling non-boot CPUs ...
[   19.332630] CPU1 is up
[   19.333528] pci_bus 0000:00: 2-byte config write to 0000:00:01.0 offset 0x4c may corrupt adjacent RW1C bits
[   19.333576] pci_bus 0000:00: 2-byte config write to 0000:00:01.0 offset 0x88 may corrupt adjacent RW1C bits
[   19.333604] pci_bus 0000:00: 2-byte config write to 0000:00:01.0 offset 0x90 may corrupt adjacent RW1C bits
[   19.333630] pci_bus 0000:00: 2-byte config write to 0000:00:01.0 offset 0x98 may corrupt adjacent RW1C bits
[   19.333655] pci_bus 0000:00: 2-byte config write to 0000:00:01.0 offset 0x9c may corrupt adjacent RW1C bits
[   19.333733] pci_bus 0000:00: 2-byte config write to 0000:00:01.0 offset 0x52 may corrupt adjacent RW1C bits
[   19.333762] pci_bus 0000:00: 2-byte config write to 0000:00:01.0 offset 0x52 may corrupt adjacent RW1C bits
[   19.333830] pcieport 0000:00:01.0: nv_msi_ht_cap_quirk didn't locate host bridge
[   19.358557] PM: noirq resume of devices complete after 25.895 msecs
[   19.362505] PM: early resume of devices complete after 3.199 msecs
[   19.907395] PM: resume of devices complete after 544.857 msecs
[   20.078526] Restarting tasks ... done.
root@(none):/# 
root@(none):/# rtcwake -d rtc1 -m mem -s 3
rtcwake: assuming RTC uses UTC ...
rtcwake: wakeup from "mem" using /dev/rtc1 at Thu Jan  1 00:00:58 1970
[   20.943288] PM: Syncing filesystems ... done.
[   20.988421] Freezing user space processes ... (elapsed 0.001 seconds) done.
[   20.996851] Freezing remaining freezable tasks ... (elapsed 0.001 seconds) done.
[   21.005897] Suspending console(s) (use no_console_suspend to debug)
[   21.055475] PM: suspend of devices complete after 40.781 msecs
[   21.060543] PM: late suspend of devices complete after 5.037 msecs
[   21.088852] PM: noirq suspend of devices complete after 28.278 msecs
[   21.088864] Disabling non-boot CPUs ...
[   21.090647] CPU1: shutdown
[   21.151662] Entering suspend state LP1
[   21.151662] Suspended for 3.150 seconds
[   21.151706] Enabling non-boot CPUs ...
[   21.182567] CPU1 is up
[   21.183884] pcieport 0000:00:01.0: nv_msi_ht_cap_quirk didn't locate host bridge
[   21.208494] PM: noirq resume of devices complete after 25.895 msecs
[   21.212384] PM: early resume of devices complete after 3.158 msecs
[   21.756161] PM: resume of devices complete after 543.745 msecs
[   21.824096] Restarting tasks ... done.
root@(none):/# 
root@(none):/# rtcwake -d rtc1 -m mem -s 3
rtcwake: assuming RTC uses UTC ...
rtcwake: wakeup from "mem" using /dev/rtc1 at Thu Jan  1 00:01:03 1970
[   22.793119] PM: Syncing filesystems ... done.
[   22.838197] Freezing user space processes ... (elapsed 0.001 seconds) done.
[   22.846637] Freezing remaining freezable tasks ... (elapsed 0.001 seconds) done.
[   22.855708] Suspending console(s) (use no_console_suspend to debug)
[   22.906339] PM: suspend of devices complete after 41.868 msecs
[   22.911349] PM: late suspend of devices complete after 4.978 msecs
[   22.938805] PM: noirq suspend of devices complete after 27.425 msecs
[   22.938817] Disabling non-boot CPUs ...
[   22.940615] CPU1: shutdown
[   23.001674] Entering suspend state LP1
[   23.001674] Suspended for 3.149 seconds
[   23.001718] Enabling non-boot CPUs ...
[   23.032482] CPU1 is up
[   23.035102] pcieport 0000:00:01.0: nv_msi_ht_cap_quirk didn't locate host bridge
[   23.058457] PM: noirq resume of devices complete after 25.943 msecs
[   23.062567] PM: early resume of devices complete after 3.385 msecs
[   23.606482] PM: resume of devices complete after 543.883 msecs
[   23.674385] Restarting tasks ... done.
root@(none):/# 
root@(none):/# rtcwake -d rtc1 -m mem -s 3
rtcwake: assuming RTC uses UTC ...
rtcwake: wakeup from "mem" using /dev/rtc1 at Thu Jan  1 00:01:08 1970
[   24.642853] PM: Syncing filesystems ... done.
[   24.687938] Freezing user space processes ... (elapsed 0.001 seconds) done.
[   24.696479] Freezing remaining freezable tasks ... (elapsed 0.001 seconds) done.
[   24.705547] Suspending console(s) (use no_console_suspend to debug)
[   24.743937] pci_generic_config_write32: 65 callbacks suppressed
[   24.743980] pci_bus 0000:00: 2-byte config write to 0000:00:01.0 offset 0x9c may corrupt adjacent RW1C bits
[   24.755724] PM: suspend of devices complete after 41.340 msecs
[   24.760872] PM: late suspend of devices complete after 5.118 msecs
[   24.765564] pci_bus 0000:01: 2-byte config write to 0000:01:00.0 offset 0x44 may corrupt adjacent RW1C bits
[   24.765620] pci_bus 0000:01: 2-byte config write to 0000:01:00.0 offset 0x44 may corrupt adjacent RW1C bits
[   24.788732] PM: noirq suspend of devices complete after 27.831 msecs
[   24.788742] Disabling non-boot CPUs ...
[   24.790694] CPU1: shutdown
[   24.821551] Entering suspend state LP1
[   24.821551] Suspended for 3.180 seconds
[   24.821594] Enabling non-boot CPUs ...
[   24.852395] CPU1 is up
[   24.853611] pci_bus 0000:00: 2-byte config write to 0000:00:01.0 offset 0x4c may corrupt adjacent RW1C bits
[   24.853660] pci_bus 0000:00: 2-byte config write to 0000:00:01.0 offset 0x88 may corrupt adjacent RW1C bits
[   24.853689] pci_bus 0000:00: 2-byte config write to 0000:00:01.0 offset 0x90 may corrupt adjacent RW1C bits
[   24.853716] pci_bus 0000:00: 2-byte config write to 0000:00:01.0 offset 0x98 may corrupt adjacent RW1C bits
[   24.853742] pci_bus 0000:00: 2-byte config write to 0000:00:01.0 offset 0x9c may corrupt adjacent RW1C bits
[   24.853820] pci_bus 0000:00: 2-byte config write to 0000:00:01.0 offset 0x52 may corrupt adjacent RW1C bits
[   24.853849] pci_bus 0000:00: 2-byte config write to 0000:00:01.0 offset 0x52 may corrupt adjacent RW1C bits
[   24.853920] pcieport 0000:00:01.0: nv_msi_ht_cap_quirk didn't locate host bridge
[   24.878303] PM: noirq resume of devices complete after 25.875 msecs
[   24.881991] PM: early resume of devices complete after 3.138 msecs
[   25.427091] PM: resume of devices complete after 545.069 msecs
[   25.598209] Restarting tasks ... done.
root@(none):/# 
root@(none):/# NVTB SYSTEM SUSPEND TEST COMPLETE
