
U-Boot SPL 2016.05-rc2 (Apr 21 2016 - 16:23:00)
Trying to boot from RAM


U-Boot 2016.05-rc2 (Apr 21 2016 - 16:23:00 -0700)

TEGRA124
Model: NVIDIA Jetson TK1
Board: NVIDIA Jetson TK1
DRAM:  2 GiB
C:   Tegra SD/MMC: 0, Tegra SD/MMC: 1
In:    serial
Out:   serial
Err:   serial
Net:   No ethernet found.
Hit any key to stop autoboot:  2  0 
Tegra124 (Jetson TK1) # 
Tegra124 (Jetson TK1) # pci enum
Tegra124 (Jetson TK1) # setenv bootargs 'ignore_loglevel console=ttyS0,115200n8 rw root=PARTUUID=b1791faa-84e8-4e27-83a1-9fb0a77e8803 rootwait gpt debug noinitrd earlyprintk init=/bin/bash'
Tegra124 (Jetson TK1) # setenv ipaddr 192.168.100.102; setenv serverip 192.168.100.1; setenv tftpserverip 192.168.100.1
Tegra124 (Jetson TK1) # tftpboot 0x82000000 zImage.tegra_defconfig%tegra-fw

Warning: eth_rtl8169 using MAC address from ROM
Using eth_rtl8169 device
TFTP from server 192.168.100.1; our IP address is 192.168.100.102
Filename 'zImage.tegra_defconfig%tegra-fw'.
Load address: 0x82000000
Loading: *#################################################################
	 #################################################################
	 #################################################################
	 #################################################################
	 #################################################################
	 #################################################################
	 ###########################################
	 3.8 MiB/s
done
Bytes transferred = 6347664 (60db90 hex)
Tegra124 (Jetson TK1) # tftpboot 0x83000000 tegra124-jetson-tk1.dtb
Using eth_rtl8169 device
TFTP from server 192.168.100.1; our IP address is 192.168.100.102
Filename 'tegra124-jetson-tk1.dtb'.
Load address: 0x83000000
Loading: *#####
	 3.5 MiB/s
done
Bytes transferred = 66544 (103f0 hex)
Tegra124 (Jetson TK1) # bootz 0x82000000 - 0x83000000
Kernel image @ 0x82000000 [ 0x000000 - 0x60db90 ]
## Flattened Device Tree blob at 83000000
   Booting using the fdt blob at 0x83000000
   Using Device Tree in place at 83000000, end 830133ef

Starting kernel ...

[    0.000000] Booting Linux on physical CPU 0x0
[    0.000000] Linux version 4.15.0-rc3-next-20171213-220778-g41d8c16 (jonathanh@sellafield) (gcc version 4.7.3 20130328 (prerelease) (crosstool-NG linaro-1.13.1-4.7-2013.04-20130415 - Linaro GCC 2013.04)) #1 SMP PREEMPT Tue Dec 12 21:47:28 PST 2017
[    0.000000] CPU: ARMv7 Processor [413fc0f3] revision 3 (ARMv7), cr=10c5387d
[    0.000000] CPU: div instructions available: patching division code
[    0.000000] CPU: PIPT / VIPT nonaliasing data cache, PIPT instruction cache
[    0.000000] OF: fdt: Machine model: NVIDIA Tegra124 Jetson TK1
[    0.000000] debug: ignoring loglevel setting.
[    0.000000] bootconsole [earlycon0] enabled
[    0.000000] Memory policy: Data cache writealloc
[    0.000000] cma: Reserved 64 MiB at 0xfbc00000
[    0.000000] On node 0 totalpages: 524032
[    0.000000]   Normal zone: 1536 pages used for memmap
[    0.000000]   Normal zone: 0 pages reserved
[    0.000000]   Normal zone: 196608 pages, LIFO batch:31
[    0.000000]   HighMem zone: 327424 pages, LIFO batch:31
[    0.000000] random: fast init done
[    0.000000] percpu: Embedded 17 pages/cpu @(ptrval) s39104 r8192 d22336 u69632
[    0.000000] pcpu-alloc: s39104 r8192 d22336 u69632 alloc=17*4096
[    0.000000] pcpu-alloc: [0] 0 [0] 1 [0] 2 [0] 3 
[    0.000000] Built 1 zonelists, mobility grouping on.  Total pages: 522496
[    0.000000] Kernel command line: ignore_loglevel console=ttyS0,115200n8 rw root=PARTUUID=b1791faa-84e8-4e27-83a1-9fb0a77e8803 rootwait gpt debug noinitrd earlyprintk init=/bin/bash
[    0.000000] Dentry cache hash table entries: 131072 (order: 7, 524288 bytes)
[    0.000000] Inode-cache hash table entries: 65536 (order: 6, 262144 bytes)
[    0.000000] Memory: 1997476K/2096128K available (9216K kernel code, 771K rwdata, 2816K rodata, 1024K init, 298K bss, 33116K reserved, 65536K cma-reserved, 1244160K highmem)
[    0.000000] Virtual kernel memory layout:
[    0.000000]     vector  : 0xffff0000 - 0xffff1000   (   4 kB)
[    0.000000]     fixmap  : 0xffc00000 - 0xfff00000   (3072 kB)
[    0.000000]     vmalloc : 0xf0800000 - 0xff800000   ( 240 MB)
[    0.000000]     lowmem  : 0xc0000000 - 0xf0000000   ( 768 MB)
[    0.000000]     pkmap   : 0xbfe00000 - 0xc0000000   (   2 MB)
[    0.000000]     modules : 0xbf000000 - 0xbfe00000   (  14 MB)
[    0.000000]       .text : 0x(ptrval) - 0x(ptrval)   (10208 kB)
[    0.000000]       .init : 0x(ptrval) - 0x(ptrval)   (1024 kB)
[    0.000000]       .data : 0x(ptrval) - 0x(ptrval)   ( 772 kB)
[    0.000000]        .bss : 0x(ptrval) - 0x(ptrval)   ( 299 kB)
[    0.000000] Preemptible hierarchical RCU implementation.
[    0.000000] 	Tasks RCU enabled.
[    0.000000] NR_IRQS: 16, nr_irqs: 16, preallocated irqs: 16
[    0.000000] /interrupt-controller@60004000: 160 interrupts forwarded to /interrupt-controller@50041000
[    0.000000] Tegra clk 127: register failed with -17
[    0.000008] sched_clock: 32 bits at 1000kHz, resolution 1000ns, wraps every 2147483647500ns
[    0.007652] clocksource: timer_us: mask: 0xffffffff max_cycles: 0xffffffff, max_idle_ns: 1911260446275 ns
[    0.017182] Switching to timer-based delay loop, resolution 1000ns
[    0.024355] arch_timer: cp15 timer(s) running at 12.00MHz (virt).
[    0.029405] clocksource: arch_sys_counter: mask: 0xffffffffffffff max_cycles: 0x2c47f4ee7, max_idle_ns: 440795202497 ns
[    0.040152] sched_clock: 56 bits at 12MHz, resolution 83ns, wraps every 4398046511096ns
[    0.048121] Switching to timer-based delay loop, resolution 83ns
[    0.054461] Console: colour dummy device 80x30
[    0.058536] Calibrating delay loop (skipped), value calculated using timer frequency.. 24.00 BogoMIPS (lpj=120000)
[    0.068845] pid_max: default: 32768 minimum: 301
[    0.073571] Mount-cache hash table entries: 2048 (order: 1, 8192 bytes)
[    0.080029] Mountpoint-cache hash table entries: 2048 (order: 1, 8192 bytes)
[    0.087561] CPU: Testing write buffer coherency: ok
[    0.092120] /cpus/cpu@0 missing clock-frequency property
[    0.097204] /cpus/cpu@1 missing clock-frequency property
[    0.102512] /cpus/cpu@2 missing clock-frequency property
[    0.107778] /cpus/cpu@3 missing clock-frequency property
[    0.113049] CPU0: thread -1, cpu 0, socket 0, mpidr 80000000
[    0.153156] Setting up static identity map for 0x80100000 - 0x801000a0
[    0.157889] Hierarchical SRCU implementation.
[    0.173675] Tegra Revision: A01 SKU: 129 CPU Process: 1 SoC Process: 1
[    0.193188] smp: Bringing up secondary CPUs ...
[    0.243603] CPU1: thread -1, cpu 1, socket 0, mpidr 80000001
[    0.323716] CPU2: thread -1, cpu 2, socket 0, mpidr 80000002
[    0.403838] CPU3: thread -1, cpu 3, socket 0, mpidr 80000003
[    0.413617] smp: Brought up 1 node, 4 CPUs
[    0.432705] SMP: Total of 4 processors activated (96.00 BogoMIPS).
[    0.438873] CPU: All CPU(s) started in SVC mode.
[    0.445038] devtmpfs: initialized
[    0.460393] Built 1 zonelists, mobility grouping on.  Total pages: 515753
[    0.465620] VFP support v0.3: implementor 41 architecture 4 part 30 variant f rev 0
[    0.473186] clocksource: jiffies: mask: 0xffffffff max_cycles: 0xffffffff, max_idle_ns: 19112604462750000 ns
[    0.482695] futex hash table entries: 1024 (order: 4, 65536 bytes)
[    0.489037] pinctrl core: initialized pinctrl subsystem
[    0.494682] NET: Registered protocol family 16
[    0.499637] DMA: preallocated 256 KiB pool for atomic coherent allocations
[    0.506175] cpuidle: using governor menu
[    0.527575] No ATAGs?
[    0.527709] hw-breakpoint: found 5 (+1 reserved) breakpoint and 4 watchpoint registers.
[    0.536070] hw-breakpoint: maximum watchpoint size is 8 bytes.
[    0.543648] iommu: Adding device reg-dummy to group 0
[    0.546932] iommu: Adding device 1003000.pcie to group 1
[    0.552235] iommu: Adding device 50000000.host1x to group 2
[    0.557798] iommu: Adding device 54200000.dc to group 3
[    0.562973] iommu: Adding device 54240000.dc to group 4
[    0.568160] iommu: Adding device 54280000.hdmi to group 5
[    0.573550] iommu: Adding device 57000000.gpu to group 6
[    0.578815] iommu: Adding device 60005000.timer to group 7
[    0.584255] iommu: Adding device 60007000.flow-controller to group 8
[    0.590600] iommu: Adding device 6000c800.actmon to group 9
[    0.596130] iommu: Adding device 6000d000.gpio to group 10
[    0.601609] iommu: Adding device 60020000.dma to group 11
[    0.606964] iommu: Adding device 70000800.apbmisc to group 12
[    0.612705] iommu: Adding device 70000868.pinmux to group 13
[    0.618316] iommu: Adding device 70006000.serial to group 14
[    0.623971] iommu: Adding device 70006040.serial to group 15
[    0.629582] iommu: Adding device 70006300.serial to group 16
[    0.635233] iommu: Adding device 7000c000.i2c to group 17
[    0.640589] iommu: Adding device 7000c400.i2c to group 18
[    0.645980] iommu: Adding device 7000c500.i2c to group 19
[    0.651335] iommu: Adding device 7000c700.i2c to group 20
[    0.656727] iommu: Adding device 7000d000.i2c to group 21
[    0.662082] iommu: Adding device 7000d400.spi to group 22
[    0.667473] iommu: Adding device 7000da00.spi to group 23
[    0.672836] iommu: Adding device 7000e000.rtc to group 24
[    0.678220] iommu: Adding device 7000e400.pmc to group 25
[    0.683575] iommu: Adding device 7000f800.fuse to group 26
[    0.689052] iommu: Adding device 70019000.memory-controller to group 27
[    0.695621] iommu: Adding device 7001b000.emc to group 28
[    0.701014] iommu: Adding device 70027000.sata to group 29
[    0.706457] iommu: Adding device 70030000.hda to group 30
[    0.711847] iommu: Adding device 70090000.usb to group 31
[    0.717202] iommu: Adding device 7009f000.padctl to group 32
[    0.722857] iommu: Adding device 700b0400.sdhci to group 33
[    0.728387] iommu: Adding device 700b0600.sdhci to group 34
[    0.733955] iommu: Adding device 70015000.cec to group 35
[    0.739306] iommu: Adding device 700e2000.thermal-sensor to group 36
[    0.745650] iommu: Adding device 70110000.clock to group 37
[    0.751177] iommu: Adding device 70300000.ahub to group 38
[    0.756653] iommu: Adding device 7d000000.usb to group 39
[    0.762010] iommu: Adding device 7d000000.usb-phy to group 40
[    0.767747] iommu: Adding device 7d004000.usb to group 41
[    0.773103] iommu: Adding device 7d004000.usb-phy to group 42
[    0.778842] iommu: Adding device 7d008000.usb to group 43
[    0.784197] iommu: Adding device 7d008000.usb-phy to group 44
[    0.789938] iommu: Adding device pmu to group 45
[    0.794509] iommu: Adding device timer to group 46
[    0.799275] iommu: Adding device clocks to group 47
[    0.804146] iommu: Adding device gpio-keys to group 48
[    0.809242] iommu: Adding device regulators to group 49
[    0.814461] iommu: Adding device regulators:regulator@0 to group 50
[    0.820683] iommu: Adding device regulators:regulator@1 to group 51
[    0.826944] iommu: Adding device regulators:regulator@2 to group 52
[    0.833162] iommu: Adding device regulators:regulator@3 to group 53
[    0.839420] iommu: Adding device regulators:regulator@4 to group 54
[    0.845644] iommu: Adding device regulators:regulator@7 to group 55
[    0.851904] iommu: Adding device regulators:regulator@8 to group 56
[    0.858122] iommu: Adding device regulators:regulator@10 to group 57
[    0.864466] iommu: Adding device regulators:regulator@11 to group 58
[    0.870775] iommu: Adding device regulators:regulator@12 to group 59
[    0.877119] iommu: Adding device regulators:regulator@13 to group 60
[    0.883431] iommu: Adding device regulators:regulator@14 to group 61
[    0.889772] iommu: Adding device sound to group 62
[    0.904176] +5V_SYS: supplied by +VDD_MUX
[    0.906543] +3.3V_SYS: supplied by +VDD_MUX
[    0.911053] +USB0_VBUS_SW: Failed to request enable GPIO108: -517
[    0.916507] reg-fixed-voltage regulators:regulator@7: Failed to register regulator: -517
[    0.924687] +5V_USB_HS: Failed to request enable GPIO109: -517
[    0.930372] reg-fixed-voltage regulators:regulator@8: Failed to register regulator: -517
[    0.938621] +1.05V_RUN_AVDD_HDMI_PLL: Failed to request enable GPIO63: -517
[    0.945365] reg-fixed-voltage regulators:regulator@11: Failed to register regulator: -517
[    0.953629] +5V_HDMI_CON: Failed to request enable GPIO86: -517
[    0.959405] reg-fixed-voltage regulators:regulator@12: Failed to register regulator: -517
[    0.967660] +5V_SATA: Failed to request enable GPIO242: -517
[    0.973185] reg-fixed-voltage regulators:regulator@13: Failed to register regulator: -517
[    0.981432] +12V_SATA: Failed to request enable GPIO242: -517
[    0.987052] reg-fixed-voltage regulators:regulator@14: Failed to register regulator: -517
[    0.996189] vgaarb: loaded
[    0.998250] SCSI subsystem initialized
[    1.001757] libata version 3.00 loaded.
[    1.005605] usbcore: registered new interface driver usbfs
[    1.010918] usbcore: registered new interface driver hub
[    1.016262] usbcore: registered new device driver usb
[    1.023764] Linux video capture interface: v2.00
[    1.026517] pps_core: LinuxPPS API ver. 1 registered
[    1.031409] pps_core: Software ver. 5.3.6 - Copyright 2005-2007 Rodolfo Giometti <giometti@linux.it>
[    1.040538] PTP clock support registered
[    1.045474] Advanced Linux Sound Architecture Driver Initialized.
[    1.050909] Bluetooth: Core ver 2.22
[    1.054051] NET: Registered protocol family 31
[    1.058448] Bluetooth: HCI device and connection manager initialized
[    1.064800] Bluetooth: HCI socket layer initialized
[    1.069632] Bluetooth: L2CAP socket layer initialized
[    1.074678] Bluetooth: SCO socket layer initialized
[    1.080033] clocksource: Switched to clocksource arch_sys_counter
[    1.147554] NET: Registered protocol family 2
[    1.150544] tcp_listen_portaddr_hash hash table entries: 512 (order: 0, 6144 bytes)
[    1.157650] TCP established hash table entries: 8192 (order: 3, 32768 bytes)
[    1.164773] TCP bind hash table entries: 8192 (order: 4, 65536 bytes)
[    1.171262] TCP: Hash tables configured (established 8192 bind 8192)
[    1.177462] UDP hash table entries: 512 (order: 2, 16384 bytes)
[    1.183340] UDP-Lite hash table entries: 512 (order: 2, 16384 bytes)
[    1.189755] NET: Registered protocol family 1
[    1.194379] RPC: Registered named UNIX socket transport module.
[    1.199835] RPC: Registered udp transport module.
[    1.204542] RPC: Registered tcp transport module.
[    1.209193] RPC: Registered tcp NFSv4.1 backchannel transport module.
[    1.215849] iommu: Adding device regulatory.0 to group 63
[    1.221159] PCI: CLS 0 bytes, default 64
[    1.226167] hw perfevents: enabled with armv7_cortex_a15 PMU driver, 7 counters available
[    1.233536] iommu: Adding device alarmtimer to group 64
[    1.238902] Initialise system trusted keyrings
[    1.242810] workingset: timestamp_bits=30 max_order=19 bucket_order=0
[    1.249501] squashfs: version 4.0 (2009/01/31) Phillip Lougher
[    1.255170] NFS: Registering the id_resolver key type
[    1.259913] Key type id_resolver registered
[    1.264085] Key type id_legacy registered
[    1.271842] Key type asymmetric registered
[    1.274029] Asymmetric key parser 'x509' registered
[    1.278928] bounce: pool size: 64 pages
[    1.282732] io scheduler noop registered (default)
[    1.287462] io scheduler mq-deadline registered
[    1.291991] io scheduler kyber registered
[    1.297122]  usb2-0: usb2-0 supply vbus not found, using dummy regulator
[    1.302749]  usb2-1: usb2-1 supply vbus not found, using dummy regulator
[    1.309665] tegra-xusb-padctl 7009f000.padctl: failed to setup XUSB ports: -517
[    1.324264] tegra-pcie 1003000.pcie: 2x1, 1x1 configuration
[    1.327970] tegra-pcie 1003000.pcie: Failed to get supply 'avddio-pex': -517
[    1.337094] tegra124-dfll 70110000.clock: couldn't get vdd_cpu regulator
[    1.346276] tegra-apbdma 60020000.dma: Tegra20 APB DMA driver register 32 channels
[    1.353088] tegra-pmc 7000e400.pmc: emergency thermal reset enabled
[    1.358623] Serial: 8250/16550 driver, 4 ports, IRQ sharing disabled
[    1.364603] iommu: Adding device serial8250 to group 65
[    1.371042] console [ttyS0] disabled
[    1.373291] 70006300.serial: ttyS0 at MMIO 0x70006300 (irq = 335, base_baud = 25500000) is a Tegra
[    1.382460] console [ttyS0] enabled
[    1.382460] console [ttyS0] enabled
[    1.388421] bootconsole [earlycon0] disabled
[    1.388421] bootconsole [earlycon0] disabled
[    1.397669] 70006000.serial: ttyTHS1 at MMIO 0x70006000 (irq = 333, base_baud = 0) is a TEGRA_UART
[    1.408744] 70006040.serial: ttyTHS2 at MMIO 0x70006040 (irq = 334, base_baud = 0) is a TEGRA_UART
[    1.436349] tegra-hdmi 54280000.hdmi: failed to get HDMI regulator
[    1.452267] loop: module loaded
[    1.456654] at24 0-0056: 256 byte 24c02 EEPROM, writable, 8 bytes/write
[    1.463982] as3722 4-0040: AS3722 with revision 0x1 found
[    1.471387] iommu: Adding device as3722-pinctrl to group 66
[    1.478385] iommu: Adding device as3722-regulator to group 67
[    1.486848] as3722-sd2: supplied by +5V_SYS
[    1.491464] as3722-sd3: supplied by +5V_SYS
[    1.495866] +1.35V_LP0(sd3): Bringing 0uV into 1350000-1350000uV
[    1.502204] as3722-sd4: supplied by +5V_SYS
[    1.506782] as3722-sd5: supplied by +5V_SYS
[    1.512747] as3722-ldo0: supplied by +1.35V_LP0(sd2)
[    1.518769] +1.8V_RUN_CAM: Bringing 0uV into 1800000-1800000uV
[    1.524963] as3722-ldo2: supplied by +1.8V_VDDIO
[    1.530849] as3722-ldo3: supplied by +3.3V_SYS
[    1.535331] +1.05V_LP0_VDD_RTC: Bringing 1100000uV into 1000000-1000000uV
[    1.543094] as3722-ldo4: supplied by +3.3V_SYS
[    1.547756] +2.8V_RUN_CAM: Bringing 0uV into 2800000-2800000uV
[    1.553955] as3722-ldo5: supplied by +1.8V_VDDIO
[    1.558777] +1.2V_RUN_CAM_FRONT: Bringing 0uV into 1200000-1200000uV
[    1.565697] +VDDIO_SDMMC3: bypassed regulator has no supply!
[    1.571376] +VDDIO_SDMMC3: failed to get the current voltage(-517)
[    1.577551] as3722-regulator as3722-regulator: regulator 13 register failed -517
[    1.587279] iommu: Adding device as3722-rtc to group 68
[    1.592651] iommu: Adding device as3722-adc to group 69
[    1.597978] iommu: Adding device as3722-power-off to group 70
[    1.603854] iommu: Adding device as3722-wdt to group 71
[    1.609545] tegra-ahci 70027000.sata: couldn't get PHY in node sata: -517
[    1.627335] m25p80 spi1.0: w25q32dw (4096 Kbytes)
[    1.633540] iommu: Adding device Fixed MDIO bus.0 to group 72
[    1.639403] libphy: Fixed MDIO Bus: probed
[    1.643533] CAN device driver interface
[    1.647397] igb: Intel(R) Gigabit Ethernet Network Driver - version 5.4.0-k
[    1.654373] igb: Copyright (c) 2007-2014 Intel Corporation.
[    1.660017] pegasus: v0.9.3 (2013/04/25), Pegasus/Pegasus II USB Ethernet driver
[    1.667457] usbcore: registered new interface driver pegasus
[    1.673182] usbcore: registered new interface driver asix
[    1.678601] usbcore: registered new interface driver ax88179_178a
[    1.684742] usbcore: registered new interface driver cdc_ether
[    1.690629] usbcore: registered new interface driver smsc75xx
[    1.696403] usbcore: registered new interface driver smsc95xx
[    1.702192] usbcore: registered new interface driver net1080
[    1.707869] usbcore: registered new interface driver cdc_subset
[    1.713833] usbcore: registered new interface driver zaurus
[    1.719437] usbcore: registered new interface driver cdc_ncm
[    1.725325] tegra-phy 7d000000.usb-phy: no vbus regulator
[    1.730939] tegra-phy 7d004000.usb-phy: no vbus regulator
[    1.736569] ehci_hcd: USB 2.0 'Enhanced' Host Controller (EHCI) Driver
[    1.743110] ehci-pci: EHCI PCI platform driver
[    1.747580] tegra-ehci: Tegra EHCI driver
[    1.754433] tegra-ehci 7d004000.usb: EHCI Host Controller
[    1.759845] tegra-ehci 7d004000.usb: new USB bus registered, assigned bus number 1
[    1.767586] tegra-ehci 7d004000.usb: irq 356, io mem 0x7d004000
[    1.800063] tegra-ehci 7d004000.usb: USB 2.0 started, EHCI 1.10
[    1.806614] hub 1-0:1.0: USB hub found
[    1.810416] hub 1-0:1.0: 1 port detected
[    1.815303] usbcore: registered new interface driver cdc_acm
[    1.820979] cdc_acm: USB Abstract Control Model driver for USB modems and ISDN adapters
[    1.829004] usbcore: registered new interface driver cdc_wdm
[    1.834735] usbcore: registered new interface driver usb-storage
[    1.842196] iommu: Adding device ci_hdrc.0 to group 73
[    1.853130] as3722-rtc as3722-rtc: rtc core: registered as3722-rtc as rtc0
[    1.859999] as3722-rtc as3722-rtc: RTC interrupt 379
[    1.867561] tegra_rtc 7000e000.rtc: rtc core: registered 7000e000.rtc as rtc1
[    1.874756] tegra_rtc 7000e000.rtc: Tegra internal Real Time Clock
[    1.881193] i2c /dev entries driver
[    1.885507] usbcore: registered new interface driver uvcvideo
[    1.891269] USB Video Class driver (1.1.1)
[    1.895360] gspca_main: v2.14.0 registered
[    1.899964] lm90 0-004c: 0-004c supply vcc not found, using dummy regulator
[    1.909941] tegra-wdt 60005000.timer: initialized (heartbeat = 120 sec, nowayout = 0)
[    1.918205] iommu: Adding device cpufreq-tegra124 to group 74
[    1.924529] sdhci: Secure Digital Host Controller Interface driver
[    1.930722] sdhci: Copyright(c) Pierre Ossman
[    1.935071] sdhci-pltfm: SDHCI platform and OF driver helper
[    1.941039] sdhci-tegra 700b0400.sdhci: Got CD GPIO
[    1.945928] sdhci-tegra 700b0400.sdhci: Got WP GPIO
[    1.967180] mmc0: Unknown controller version (3). You may experience problems.
[    1.974454] mmc0: Invalid maximum block size, assuming 512 bytes
[    2.011460] mmc0: SDHCI controller on 700b0600.sdhci [700b0600.sdhci] using ADMA
[    2.019640] usbcore: registered new interface driver usbhid
[    2.025268] usbhid: USB HID core driver
[    2.030876] iommu: Adding device snd-soc-dummy to group 75
[    2.073840] mmc0: new high speed MMC card at address 0001
[    2.080226] mmcblk0: mmc0:0001 SEM16G 14.7 GiB 
[    2.085550] mmcblk0boot0: mmc0:0001 SEM16G partition 1 4.00 MiB
[    2.092345] mmcblk0boot1: mmc0:0001 SEM16G partition 2 4.00 MiB
[    2.098428] mmcblk0rpmb: mmc0:0001 SEM16G partition 3 4.00 MiB, chardev (247:0)
[    2.107419]  mmcblk0: p1
[    2.470140] iommu: Adding device 70301100.i2s to group 76
[    2.476303] tegra30-i2s 70301100.i2s: DMA channels sourced from device 70300000.ahub
[    2.495908] tegra-snd-rt5640 sound: rt5640-aif1 <-> 70301100.i2s mapping ok
[    2.505694] input: NVIDIA Tegra Jetson TK1 Headphones as /devices/soc0/sound/sound/card1/input0
[    2.516178] NET: Registered protocol family 10
[    2.521503] Segment Routing with IPv6
[    2.525240] mip6: Mobile IPv6
[    2.528206] sit: IPv6, IPv4 and MPLS over IPv4 tunneling driver
[    2.535154] NET: Registered protocol family 17
[    2.539608] NET: Registered protocol family 15
[    2.544108] can: controller area network core (rev 20170425 abi 9)
[    2.550358] NET: Registered protocol family 29
[    2.554798] can: raw protocol (rev 20170425)
[    2.559063] can: broadcast manager protocol (rev 20170425 t)
[    2.564739] can: netlink gateway (rev 20170425) max_hops=1
[    2.570391] Bluetooth: RFCOMM socket layer initialized
[    2.575533] Bluetooth: RFCOMM ver 1.11
[    2.579285] Bluetooth: BNEP (Ethernet Emulation) ver 1.3
[    2.584615] Bluetooth: BNEP socket layer initialized
[    2.589572] Bluetooth: HIDP (Human Interface Emulation) ver 1.2
[    2.595507] Bluetooth: HIDP socket layer initialized
[    2.600684] Key type dns_resolver registered
[    2.605376] Registering SWP/SWPB emulation handler
[    2.610693] Loading compiled-in X.509 certificates
[    2.626650] +3.3V_RUN: supplied by +3.3V_SYS
[    2.631568] +USB0_VBUS_SW: supplied by +5V_SYS
[    2.636186] +3.3V_AVDD_HDMI_AP_GATED: supplied by +3.3V_RUN
[    2.642136] +5V_USB_HS: supplied by +5V_SYS
[    2.647058] +3.3V_LP0: supplied by +3.3V_SYS
[    2.652203] +5V_HDMI_CON: supplied by +5V_SYS
[    2.656871] +5V_SATA: supplied by +5V_SYS
[    2.661517] +12V_SATA: supplied by +VDD_MUX
[    2.666746]  usb2-0: usb2-0 supply vbus not found, using dummy regulator
[    2.673579]  usb2-1: usb2-1 supply vbus not found, using dummy regulator
[    2.680627]  usb3-0: usb3-0 supply vbus not found, using dummy regulator
[    2.688053] tegra-pcie 1003000.pcie: 2x1, 1x1 configuration
[    2.693751] tegra-pcie 1003000.pcie: Failed to get supply 'avddio-pex': -517
[    2.702235] tegra124-dfll 70110000.clock: couldn't get vdd_cpu regulator
[    2.711156] tegra-hdmi 54280000.hdmi: failed to get PLL regulator
[    2.719314] as3722-sd2: supplied by +5V_SYS
[    2.724018] as3722-sd3: supplied by +5V_SYS
[    2.728423] as3722-sd4: supplied by +5V_SYS
[    2.733022] as3722-sd5: supplied by +5V_SYS
[    2.738593] as3722-ldo0: supplied by +1.35V_LP0(sd2)
[    2.744215] as3722-ldo1: supplied by +3.3V_RUN
[    2.748883] as3722-ldo2: supplied by +1.8V_VDDIO
[    2.754683] as3722-ldo3: supplied by +3.3V_SYS
[    2.759969] as3722-ldo4: supplied by +3.3V_SYS
[    2.764669] as3722-ldo5: supplied by +1.8V_VDDIO
[    2.769513] as3722-ldo6: supplied by +3.3V_RUN
[    2.774325] as3722-ldo7: supplied by +1.8V_VDDIO
[    2.779180] +1.05V_RUN_CAM_REAR: Bringing 0uV into 1050000-1050000uV
[    2.786652] input: tegra-hda HDMI/DP,pcm=3 as /devices/soc0/70030000.hda/sound/card0/input1
[    2.795409] as3722-ldo9: supplied by +5V_SYS
[    2.801230] +3.3V_RUN_TOUCH: Bringing 0uV into 2800000-2800000uV
[    2.807907] as3722-ldo10: supplied by +5V_SYS
[    2.813030] +2.8V_RUN_CAM_AF: Bringing 0uV into 2800000-2800000uV
[    2.819559] as3722-ldo11: supplied by +3.3V_RUN
[    2.824834] +1.8V_RUN_VPP_FUSE: Bringing 0uV into 1800000-1800000uV
[    2.833709] tegra-ahci 70027000.sata: AHCI 0001.0301 32 slots 2 ports 3 Gbps 0x1 impl platform mode
[    2.842785] tegra-ahci 70027000.sata: flags: 64bit ncq sntf pm led pio slum part sadm sds apst 
[    2.853196] scsi host0: tegra-ahci
[    2.867726] scsi host1: tegra-ahci
[    2.871393] ata1: SATA max UDMA/133 mmio [mem 0x70027000-0x70028fff] port 0x100 irq 345
[    2.879394] ata2: DUMMY
[    2.883239] tegra-ehci 7d008000.usb: EHCI Host Controller
[    2.888669] tegra-ehci 7d008000.usb: new USB bus registered, assigned bus number 2
[    2.896469] tegra-ehci 7d008000.usb: irq 357, io mem 0x7d008000
[    2.930164] tegra-ehci 7d008000.usb: USB 2.0 started, EHCI 1.10
[    2.936865] hub 2-0:1.0: USB hub found
[    2.940726] hub 2-0:1.0: 1 port detected
[    3.020835] tegra-xusb 70090000.usb: Firmware timestamp: 2014-09-16 02:10:07 UTC
[    3.028237] tegra-xusb 70090000.usb: xHCI Host Controller
[    3.033678] tegra-xusb 70090000.usb: new USB bus registered, assigned bus number 3
[    3.042091] tegra-xusb 70090000.usb: hcc params 0x0184f525 hci version 0x100 quirks 0x00010010
[    3.050766] tegra-xusb 70090000.usb: irq 347, io mem 0x70090000
[    3.057603] hub 3-0:1.0: USB hub found
[    3.061484] hub 3-0:1.0: 6 ports detected
[    3.066162] tegra-xusb 70090000.usb: xHCI Host Controller
[    3.071634] tegra-xusb 70090000.usb: new USB bus registered, assigned bus number 4
[    3.079311] usb usb4: We don't know the algorithms for LPM for this host, disabling LPM.
[    3.088456] hub 4-0:1.0: USB hub found
[    3.092332] hub 4-0:1.0: 2 ports detected
[    3.098260] sdhci-tegra 700b0400.sdhci: Got CD GPIO
[    3.103231] sdhci-tegra 700b0400.sdhci: Got WP GPIO
[    3.116522] mmc1: Unknown controller version (3). You may experience problems.
[    3.123875] mmc1: Invalid maximum block size, assuming 512 bytes
[    3.160648] mmc1: SDHCI controller on 700b0400.sdhci [700b0400.sdhci] using ADMA
[    3.168313] tegra-pcie 1003000.pcie: 2x1, 1x1 configuration
[    3.175867] tegra-pcie 1003000.pcie: probing port 0, using 2 lanes
[    3.183870] tegra-pcie 1003000.pcie: Slot present pin change, signature: 00000008
[    3.208432] tegra-pcie 1003000.pcie: probing port 1, using 1 lanes
[    3.212052] ata1: SATA link down (SStatus 0 SControl 300)
[    3.222335] tegra-pcie 1003000.pcie: Slot present pin change, signature: 00000000
[    3.236259] tegra-pcie 1003000.pcie: PCI host bridge to bus 0000:00
[    3.242564] pci_bus 0000:00: root bus resource [io  0x0000-0xffff]
[    3.248792] pci_bus 0000:00: root bus resource [mem 0x13000000-0x1fffffff]
[    3.255738] pci_bus 0000:00: root bus resource [mem 0x20000000-0x3fffffff pref]
[    3.263100] pci_bus 0000:00: root bus resource [bus 00-ff]
[    3.268616] pci 0000:00:01.0: [10de:0e12] type 01 class 0x060400
[    3.274689] pci_bus 0000:00: 2-byte config write to 0000:00:01.0 offset 0x4 may corrupt adjacent RW1C bits
[    3.284407] pci_bus 0000:00: 2-byte config write to 0000:00:01.0 offset 0x4 may corrupt adjacent RW1C bits
[    3.294135] pci 0000:00:01.0: enabling Extended Tags
[    3.299099] pci_bus 0000:00: 2-byte config write to 0000:00:01.0 offset 0x88 may corrupt adjacent RW1C bits
[    3.308906] pci_bus 0000:00: 2-byte config write to 0000:00:01.0 offset 0x52 may corrupt adjacent RW1C bits
[    3.318742] pci 0000:00:01.0: PME# supported from D0 D1 D2 D3hot D3cold
[    3.325412] pci_bus 0000:00: 2-byte config write to 0000:00:01.0 offset 0x4c may corrupt adjacent RW1C bits
[    3.335365] pci 0000:00:02.0: [10de:0e13] type 01 class 0x060400
[    3.341442] pci_bus 0000:00: 2-byte config write to 0000:00:02.0 offset 0x4 may corrupt adjacent RW1C bits
[    3.351231] pci_bus 0000:00: 2-byte config write to 0000:00:02.0 offset 0x4 may corrupt adjacent RW1C bits
[    3.360968] pci 0000:00:02.0: enabling Extended Tags
[    3.365933] pci_bus 0000:00: 2-byte config write to 0000:00:02.0 offset 0x88 may corrupt adjacent RW1C bits
[    3.375741] pci_bus 0000:00: 2-byte config write to 0000:00:02.0 offset 0x52 may corrupt adjacent RW1C bits
[    3.385581] pci 0000:00:02.0: PME# supported from D0 D1 D2 D3hot D3cold
[    3.392252] pci_bus 0000:00: 2-byte config write to 0000:00:02.0 offset 0x4c may corrupt adjacent RW1C bits
[    3.402251] PCI: bus0: Fast back to back transfers disabled
[    3.407867] pci 0000:00:01.0: bridge configuration invalid ([bus 00-00]), reconfiguring
[    3.415945] pci 0000:00:02.0: bridge configuration invalid ([bus 00-00]), reconfiguring
[    3.424175] pci 0000:01:00.0: [8086:4232] type 00 class 0x028000
[    3.430308] pci 0000:01:00.0: reg 0x10: [mem 0x00000000-0x00001fff 64bit]
[    3.437376] PCI: bus1: Fast back to back transfers disabled
[    3.443031] pci_bus 0000:01: busn_res: [bus 01-ff] end is updated to 01
[    3.449847] pci 0000:02:00.0: [10ec:8168] type 00 class 0x020000
[    3.455962] pci 0000:02:00.0: reg 0x10: [io  0x0000-0x00ff]
[    3.461646] pci 0000:02:00.0: reg 0x18: [mem 0x00000000-0x00000fff 64bit]
[    3.468508] pci 0000:02:00.0: reg 0x20: [mem 0x00000000-0x00003fff 64bit pref]
[    3.476080] PCI: bus2: Fast back to back transfers disabled
[    3.481744] pci_bus 0000:02: busn_res: [bus 02-ff] end is updated to 02
[    3.488548] mmc1: new high speed SDHC card at address aaaa
[    3.489485] mmcblk1: mmc1:aaaa SD04G 3.69 GiB 
[    3.500248] pci 0000:00:01.0: BAR 8: assigned [mem 0x13000000-0x130fffff]
[    3.507272] pci 0000:00:02.0: BAR 8: assigned [mem 0x13100000-0x131fffff]
[    3.514240] pci 0000:00:02.0: BAR 9: assigned [mem 0x20000000-0x200fffff 64bit pref]
[    3.522140] pci 0000:00:02.0: BAR 7: assigned [io  0x1000-0x1fff]
[    3.528458] pci 0000:01:00.0: BAR 0: assigned [mem 0x13000000-0x13001fff 64bit]
[    3.535945] pci 0000:00:01.0: PCI bridge to [bus 01]
[    3.541065] pci 0000:00:01.0:   bridge window [mem 0x13000000-0x130fffff]
[    3.547999] pci 0000:02:00.0: BAR 4: assigned [mem 0x20000000-0x20003fff 64bit pref]
[    3.555921] pci 0000:02:00.0: BAR 2: assigned [mem 0x13100000-0x13100fff 64bit]
[    3.563419]  mmcblk1: p1 p2 p3
[    3.566805] pci 0000:02:00.0: BAR 0: assigned [io  0x1000-0x10ff]
[    3.573152] pci 0000:00:02.0: PCI bridge to [bus 02]
[    3.578850] pci 0000:00:02.0:   bridge window [io  0x1000-0x1fff]
[    3.584991] pci 0000:00:02.0:   bridge window [mem 0x13100000-0x131fffff]
[    3.591843] pci 0000:00:02.0:   bridge window [mem 0x20000000-0x200fffff 64bit pref]
[    3.599634] pci 0000:00:01.0: nv_msi_ht_cap_quirk didn't locate host bridge
[    3.606785] pcieport 0000:00:01.0: enabling device (0140 -> 0142)
[    3.613232] pcieport 0000:00:01.0: Signaling PME with IRQ 395
[    3.619183] pci 0000:00:02.0: nv_msi_ht_cap_quirk didn't locate host bridge
[    3.626314] pcieport 0000:00:02.0: enabling device (0140 -> 0143)
[    3.632759] pcieport 0000:00:02.0: Signaling PME with IRQ 396
[    3.638877] r8169 Gigabit Ethernet driver 2.3LK-NAPI loaded
[    3.644518] r8169 0000:02:00.0: enabling device (0140 -> 0143)
[    3.650432] r8169 0000:02:00.0 (unnamed net_device) (uninitialized): not PCI Express
[    3.681585] r8169 0000:02:00.0 eth0: RTL8168g/8111g at 0xa9e46e9b, 00:04:4b:3a:d9:81, XID 0c000800 IRQ 22
[    3.691174] r8169 0000:02:00.0 eth0: jumbo features [frames: 9200 bytes, tx checksumming: ko]
[    3.702529] +1.05V_RUN_AVDD_HDMI_PLL: supplied by +1.05V_RUN
[    3.710962] [drm] Supports vblank timestamp caching Rev 2 (21.10.2013).
[    3.717589] [drm] No driver support for vblank timestamp query.
[    3.853782] tegra-hdmi 54280000.hdmi: cannot set audio to 48000 Hz at 297000000 Hz pixel clock
[    4.016940] Console: switching to colour frame buffer device 512x135
[    4.112929] drm drm: fb0:  frame buffer device
[    4.117455] [drm] Initialized tegra 0.0.0 20120330 for drm on minor 0
[    4.124755] iommu: Adding device cpufreq-dt.0 to group 77
[    4.130377] cpufreq: cpufreq_online: CPU0: Running at unlisted freq: 696000 KHz
[    4.137702] cpufreq: cpufreq_online: CPU0: Unlisted initial frequency changed to: 714000 KHz
[    4.146628] input: gpio-keys as /devices/soc0/gpio-keys/input/input2
[    4.153967] as3722-rtc as3722-rtc: setting system clock to 2000-01-01 00:00:46 UTC (946684846)
[    4.162725] cfg80211: Loading compiled-in X.509 certificates for regulatory database
[    4.172318] cfg80211: Loaded X.509 cert 'sforshee: 00b28ddf47aef9cea7'
[    4.178888] platform regulatory.0: Direct firmware load for regulatory.db failed with error -2
[    4.180321] +USB0_VBUS_SW: disabling
[    4.180336] +1.8V_RUN_CAM: disabling
[    4.187544] +2.8V_RUN_CAM: disabling
[    4.191255] +1.2V_RUN_CAM_FRONT: disabling
[    4.194855] +1.05V_RUN_CAM_REAR: disabling
[    4.198435] +3.3V_RUN_TOUCH: disabling
[    4.202557] +2.8V_RUN_CAM_AF: disabling
[    4.206666] +1.8V_RUN_VPP_FUSE: disabling
[    4.210451] ALSA device list:
[    4.210455]   #0: tegra-hda at 0x70038000 irq 346
[    4.210457]   #1: NVIDIA Tegra Jetson TK1
[    4.229925] cfg80211: failed to load regulatory.db
[    4.235501] EXT4-fs (mmcblk0p1): mounting ext3 file system using the ext4 subsystem
[    4.257391] EXT4-fs (mmcblk0p1): recovery complete
[    4.262307] EXT4-fs (mmcblk0p1): mounted filesystem with ordered data mode. Opts: (null)
[    4.270495] VFS: Mounted root (ext3 filesystem) on device 179:1.
[    4.281149] devtmpfs: mounted
[    4.284484] Freeing unused kernel memory: 1024K
bash: cannot set terminal process group (-1): Inappropriate ioctl for device
bash: no job control in this shell
root@(none):/# mount -t sysfs none /sys
root@(none):/# 
root@(none):/# mount -t debugfs none /sys/kernel/debug
root@(none):/# 
root@(none):/# rtcwake -d rtc1 -m mem -s 3
rtcwake: assuming RTC uses UTC ...
rtcwake: wakeup from "mem" using /dev/rtc1 at Thu Jan  1 00:00:20 1970
[    7.240271] PM: suspend entry (deep)
[    7.243857] PM: Syncing filesystems ... done.
[    7.249974] Freezing user space processes ... (elapsed 0.001 seconds) done.
[    7.251210] OOM killer disabled.
[    7.251213] Freezing remaining freezable tasks ... (elapsed 0.001 seconds) done.
[    7.252411] Suspending console(s) (use no_console_suspend to debug)
[    7.574008] Disabling non-boot CPUs ...
[    7.750650] Entering suspend state LP1
[    7.750674] Enabling non-boot CPUs ...
[    7.751092] CPU1 is up
[    7.751454] CPU2 is up
[    7.751850] CPU3 is up
[    7.752368] pcieport 0000:00:01.0: nv_msi_ht_cap_quirk didn't locate host bridge
[    7.752370] pcieport 0000:00:02.0: nv_msi_ht_cap_quirk didn't locate host bridge
[    7.800476] tegra-hdmi 54280000.hdmi: cannot set audio to 48000 Hz at 297000000 Hz pixel clock
[    8.102775] ata1: SATA link down (SStatus 0 SControl 300)
[   10.767822] OOM killer enabled.
[   10.770974] Restarting tasks ... done.
root@(none):/# 
[   11.066177] PM: suspend exit
root@(none):/# rtcwake -d rtc1 -m mem -s 3
rtcwake: assuming RTC uses UTC ...
rtcwake: wakeup from "mem" using /dev/rtc1 at Thu Jan  1 00:00:27 1970
[   11.450457] PM: suspend entry (deep)
[   11.454043] PM: Syncing filesystems ... done.
[   11.459389] Freezing user space processes ... (elapsed 0.001 seconds) done.
[   11.460601] OOM killer disabled.
[   11.460603] Freezing remaining freezable tasks ... (elapsed 0.001 seconds) done.
[   11.461756] Suspending console(s) (use no_console_suspend to debug)
[   11.564320] pci_generic_config_write32: 78 callbacks suppressed
[   11.564330] pci_bus 0000:00: 2-byte config write to 0000:00:02.0 offset 0x9c may corrupt adjacent RW1C bits
[   11.564373] pci_bus 0000:00: 2-byte config write to 0000:00:01.0 offset 0x9c may corrupt adjacent RW1C bits
[   11.775301] Disabling non-boot CPUs ...
[   11.960197] IRQ17 no longer affine to CPU3
[   11.960820] Entering suspend state LP1
[   11.960847] Enabling non-boot CPUs ...
[   11.961373] CPU1 is up
[   11.961829] CPU2 is up
[   11.962324] CPU3 is up
[   11.962866] pci_bus 0000:00: 2-byte config write to 0000:00:02.0 offset 0x4c may corrupt adjacent RW1C bits
[   11.962876] pci_bus 0000:00: 2-byte config write to 0000:00:01.0 offset 0x4c may corrupt adjacent RW1C bits
[   11.962889] pci_bus 0000:00: 2-byte config write to 0000:00:02.0 offset 0x88 may corrupt adjacent RW1C bits
[   11.962896] pci_bus 0000:00: 2-byte config write to 0000:00:01.0 offset 0x88 may corrupt adjacent RW1C bits
[   11.962902] pci_bus 0000:00: 2-byte config write to 0000:00:02.0 offset 0x90 may corrupt adjacent RW1C bits
[   11.962907] pci_bus 0000:00: 2-byte config write to 0000:00:01.0 offset 0x90 may corrupt adjacent RW1C bits
[   11.962913] pci_bus 0000:00: 2-byte config write to 0000:00:02.0 offset 0x98 may corrupt adjacent RW1C bits
[   11.962919] pci_bus 0000:00: 2-byte config write to 0000:00:01.0 offset 0x98 may corrupt adjacent RW1C bits
[   11.963026] pcieport 0000:00:02.0: nv_msi_ht_cap_quirk didn't locate host bridge
[   11.963028] pcieport 0000:00:01.0: nv_msi_ht_cap_quirk didn't locate host bridge
[   12.020435] tegra-hdmi 54280000.hdmi: cannot set audio to 48000 Hz at 297000000 Hz pixel clock
[   12.312894] ata1: SATA link down (SStatus 0 SControl 300)
[   15.085273] OOM killer enabled.
[   15.088402] Restarting tasks ... done.
root@(none):/# 
root@(none):/# [   15.092656] PM: suspend exit
rtcwake -d rtc1 -m mem -s 3
rtcwake: assuming RTC uses UTC ...
rtcwake: wakeup from "mem" using /dev/rtc1 at Thu Jan  1 00:00:34 1970
[   15.661421] PM: suspend entry (deep)
[   15.664997] PM: Syncing filesystems ... done.
[   15.670406] Freezing user space processes ... (elapsed 0.001 seconds) done.
[   15.671608] OOM killer disabled.
[   15.671610] Freezing remaining freezable tasks ... (elapsed 0.001 seconds) done.
[   15.672814] Suspending console(s) (use no_console_suspend to debug)
[   15.993771] Disabling non-boot CPUs ...
[   16.030175] IRQ17 no longer affine to CPU1
[   16.140668] Entering suspend state LP1
[   16.140680] Enabling non-boot CPUs ...
[   16.141216] CPU1 is up
[   16.141650] CPU2 is up
[   16.142140] CPU3 is up
[   16.142839] pcieport 0000:00:02.0: nv_msi_ht_cap_quirk didn't locate host bridge
[   16.142841] pcieport 0000:00:01.0: nv_msi_ht_cap_quirk didn't locate host bridge
[   16.190440] tegra-hdmi 54280000.hdmi: cannot set audio to 48000 Hz at 297000000 Hz pixel clock
[   16.492837] ata1: SATA link down (SStatus 0 SControl 300)
[   19.171983] OOM killer enabled.
[   19.175111] Restarting tasks ... done.
[   19.456047] PM: suspend exit
root@(none):/# 
root@(none):/# rtcwake -d rtc1 -m mem -s 3
rtcwake: assuming RTC uses UTC ...
rtcwake: wakeup from "mem" using /dev/rtc1 at Thu Jan  1 00:00:41 1970
[   19.826548] PM: suspend entry (deep)
[   19.830222] PM: Syncing filesystems ... done.
[   19.835579] Freezing user space processes ... (elapsed 0.001 seconds) done.
[   19.836812] OOM killer disabled.
[   19.836815] Freezing remaining freezable tasks ... (elapsed 0.001 seconds) done.
[   19.838046] Suspending console(s) (use no_console_suspend to debug)
[   19.954247] pci_generic_config_write32: 46 callbacks suppressed
[   19.954255] pci_bus 0000:00: 2-byte config write to 0000:00:02.0 offset 0x9c may corrupt adjacent RW1C bits
[   19.954278] pci_bus 0000:00: 2-byte config write to 0000:00:01.0 offset 0x9c may corrupt adjacent RW1C bits
[   20.165106] Disabling non-boot CPUs ...
[   20.340759] Entering suspend state LP1
[   20.340771] Enabling non-boot CPUs ...
[   20.341322] CPU1 is up
[   20.341773] CPU2 is up
[   20.342283] CPU3 is up
[   20.342836] pci_bus 0000:00: 2-byte config write to 0000:00:01.0 offset 0x4c may corrupt adjacent RW1C bits
[   20.342845] pci_bus 0000:00: 2-byte config write to 0000:00:02.0 offset 0x4c may corrupt adjacent RW1C bits
[   20.342860] pci_bus 0000:00: 2-byte config write to 0000:00:01.0 offset 0x88 may corrupt adjacent RW1C bits
[   20.342866] pci_bus 0000:00: 2-byte config write to 0000:00:01.0 offset 0x90 may corrupt adjacent RW1C bits
[   20.342873] pci_bus 0000:00: 2-byte config write to 0000:00:02.0 offset 0x88 may corrupt adjacent RW1C bits
[   20.342878] pci_bus 0000:00: 2-byte config write to 0000:00:01.0 offset 0x98 may corrupt adjacent RW1C bits
[   20.342884] pci_bus 0000:00: 2-byte config write to 0000:00:02.0 offset 0x90 may corrupt adjacent RW1C bits
[   20.342889] pci_bus 0000:00: 2-byte config write to 0000:00:01.0 offset 0x9c may corrupt adjacent RW1C bits
[   20.342997] pcieport 0000:00:02.0: nv_msi_ht_cap_quirk didn't locate host bridge
[   20.342998] pcieport 0000:00:01.0: nv_msi_ht_cap_quirk didn't locate host bridge
[   20.390402] tegra-hdmi 54280000.hdmi: cannot set audio to 48000 Hz at 297000000 Hz pixel clock
[   20.692718] ata1: SATA link down (SStatus 0 SControl 300)
[   23.471049] OOM killer enabled.
[   23.474180] Restarting tasks ... done.
root@(none):/# 
root@(none):/# [   23.478530] PM: suspend exit
rtcwake -d rtc1 -m mem -s 3
rtcwake: assuming RTC uses UTC ...
rtcwake: wakeup from "mem" using /dev/rtc1 at Thu Jan  1 00:00:48 1970
[   24.046834] PM: suspend entry (deep)
[   24.050461] PM: Syncing filesystems ... done.
[   24.056420] Freezing user space processes ... (elapsed 0.001 seconds) done.
[   24.057727] OOM killer disabled.
[   24.057729] Freezing remaining freezable tasks ... (elapsed 0.001 seconds) done.
[   24.058911] Suspending console(s) (use no_console_suspend to debug)
[   24.362936] Disabling non-boot CPUs ...
[   24.420080] IRQ17 no longer affine to CPU1
[   24.530496] Entering suspend state LP1
[   24.530507] Enabling non-boot CPUs ...
[   24.530961] CPU1 is up
[   24.531311] CPU2 is up
[   24.531706] CPU3 is up
[   24.532255] pcieport 0000:00:02.0: nv_msi_ht_cap_quirk didn't locate host bridge
[   24.532257] pcieport 0000:00:01.0: nv_msi_ht_cap_quirk didn't locate host bridge
[   24.580356] tegra-hdmi 54280000.hdmi: cannot set audio to 48000 Hz at 297000000 Hz pixel clock
[   24.882629] ata1: SATA link down (SStatus 0 SControl 300)
[   27.551784] OOM killer enabled.
[   27.554916] Restarting tasks ... done.
[   27.846122] PM: suspend exit
root@(none):/# 
root@(none):/# rtcwake -d rtc1 -m mem -s 3
rtcwake: assuming RTC uses UTC ...
rtcwake: wakeup from "mem" using /dev/rtc1 at Thu Jan  1 00:00:55 1970
[   28.229025] PM: suspend entry (deep)
[   28.232744] PM: Syncing filesystems ... done.
[   28.237771] Freezing user space processes ... (elapsed 0.001 seconds) done.
[   28.238981] OOM killer disabled.
[   28.238982] Freezing remaining freezable tasks ... (elapsed 0.001 seconds) done.
[   28.240182] Suspending console(s) (use no_console_suspend to debug)
[   28.344157] pci_generic_config_write32: 46 callbacks suppressed
[   28.344164] pci_bus 0000:00: 2-byte config write to 0000:00:02.0 offset 0x9c may corrupt adjacent RW1C bits
[   28.344181] pci_bus 0000:00: 2-byte config write to 0000:00:01.0 offset 0x9c may corrupt adjacent RW1C bits
[   28.554154] Disabling non-boot CPUs ...
[   28.730527] Entering suspend state LP1
[   28.730538] Enabling non-boot CPUs ...
[   28.731027] CPU1 is up
[   28.731410] CPU2 is up
[   28.731843] CPU3 is up
[   28.732327] pci_bus 0000:00: 2-byte config write to 0000:00:02.0 offset 0x4c may corrupt adjacent RW1C bits
[   28.732334] pci_bus 0000:00: 2-byte config write to 0000:00:01.0 offset 0x4c may corrupt adjacent RW1C bits
[   28.732345] pci_bus 0000:00: 2-byte config write to 0000:00:02.0 offset 0x88 may corrupt adjacent RW1C bits
[   28.732350] pci_bus 0000:00: 2-byte config write to 0000:00:01.0 offset 0x88 may corrupt adjacent RW1C bits
[   28.732355] pci_bus 0000:00: 2-byte config write to 0000:00:02.0 offset 0x90 may corrupt adjacent RW1C bits
[   28.732360] pci_bus 0000:00: 2-byte config write to 0000:00:01.0 offset 0x90 may corrupt adjacent RW1C bits
[   28.732365] pci_bus 0000:00: 2-byte config write to 0000:00:02.0 offset 0x98 may corrupt adjacent RW1C bits
[   28.732369] pci_bus 0000:00: 2-byte config write to 0000:00:01.0 offset 0x98 may corrupt adjacent RW1C bits
[   28.732469] pcieport 0000:00:01.0: nv_msi_ht_cap_quirk didn't locate host bridge
[   28.732470] pcieport 0000:00:02.0: nv_msi_ht_cap_quirk didn't locate host bridge
[   28.780340] tegra-hdmi 54280000.hdmi: cannot set audio to 48000 Hz at 297000000 Hz pixel clock
[   29.082661] ata1: SATA link down (SStatus 0 SControl 300)
[   31.860963] OOM killer enabled.
[   31.864092] Restarting tasks ... done.
root@(none):/# 
root@(none):/# [   31.868300] PM: suspend exit
rtcwake -d rtc1 -m mem -s 3
rtcwake: assuming RTC uses UTC ...
rtcwake: wakeup from "mem" using /dev/rtc1 at Thu Jan  1 00:01:02 1970
[   32.430277] PM: suspend entry (deep)
[   32.433856] PM: Syncing filesystems ... done.
[   32.439604] Freezing user space processes ... (elapsed 0.001 seconds) done.
[   32.440816] OOM killer disabled.
[   32.440818] Freezing remaining freezable tasks ... (elapsed 0.001 seconds) done.
[   32.442016] Suspending console(s) (use no_console_suspend to debug)
[   32.753844] Disabling non-boot CPUs ...
[   32.910580] Entering suspend state LP1
[   32.910605] Enabling non-boot CPUs ...
[   32.911107] CPU1 is up
[   32.911506] CPU2 is up
[   32.911956] CPU3 is up
[   32.912528] pcieport 0000:00:02.0: nv_msi_ht_cap_quirk didn't locate host bridge
[   32.912625] pcieport 0000:00:01.0: nv_msi_ht_cap_quirk didn't locate host bridge
[   32.960311] tegra-hdmi 54280000.hdmi: cannot set audio to 48000 Hz at 297000000 Hz pixel clock
[   33.262684] ata1: SATA link down (SStatus 0 SControl 300)
[   35.927686] OOM killer enabled.
[   35.930839] Restarting tasks ... done.
root@(none):/# 
root@(none):/# [   35.935138] PM: suspend exit
rtcwake -d rtc1 -m mem -s 3
rtcwake: assuming RTC uses UTC ...
rtcwake: wakeup from "mem" using /dev/rtc1 at Thu Jan  1 00:01:09 1970
[   36.597854] PM: suspend entry (deep)
[   36.601558] PM: Syncing filesystems ... done.
[   36.606592] Freezing user space processes ... (elapsed 0.001 seconds) done.
[   36.607852] OOM killer disabled.
[   36.607855] Freezing remaining freezable tasks ... (elapsed 0.001 seconds) done.
[   36.609111] Suspending console(s) (use no_console_suspend to debug)
[   36.723884] pci_generic_config_write32: 46 callbacks suppressed
[   36.723893] pci_bus 0000:00: 2-byte config write to 0000:00:02.0 offset 0x9c may corrupt adjacent RW1C bits
[   36.723905] pci_bus 0000:00: 2-byte config write to 0000:00:01.0 offset 0x9c may corrupt adjacent RW1C bits
[   36.934066] Disabling non-boot CPUs ...
[   37.100461] Entering suspend state LP1
[   37.100472] Enabling non-boot CPUs ...
[   37.100960] CPU1 is up
[   37.101336] CPU2 is up
[   37.101760] CPU3 is up
[   37.102234] pci_bus 0000:00: 2-byte config write to 0000:00:01.0 offset 0x4c may corrupt adjacent RW1C bits
[   37.102241] pci_bus 0000:00: 2-byte config write to 0000:00:02.0 offset 0x4c may corrupt adjacent RW1C bits
[   37.102251] pci_bus 0000:00: 2-byte config write to 0000:00:01.0 offset 0x88 may corrupt adjacent RW1C bits
[   37.102256] pci_bus 0000:00: 2-byte config write to 0000:00:01.0 offset 0x90 may corrupt adjacent RW1C bits
[   37.102261] pci_bus 0000:00: 2-byte config write to 0000:00:01.0 offset 0x98 may corrupt adjacent RW1C bits
[   37.102266] pci_bus 0000:00: 2-byte config write to 0000:00:02.0 offset 0x88 may corrupt adjacent RW1C bits
[   37.102271] pci_bus 0000:00: 2-byte config write to 0000:00:01.0 offset 0x9c may corrupt adjacent RW1C bits
[   37.102276] pci_bus 0000:00: 2-byte config write to 0000:00:02.0 offset 0x90 may corrupt adjacent RW1C bits
[   37.102372] pcieport 0000:00:01.0: nv_msi_ht_cap_quirk didn't locate host bridge
[   37.102374] pcieport 0000:00:02.0: nv_msi_ht_cap_quirk didn't locate host bridge
[   37.150311] tegra-hdmi 54280000.hdmi: cannot set audio to 48000 Hz at 297000000 Hz pixel clock
[   37.452555] ata1: SATA link down (SStatus 0 SControl 300)
[   40.220838] OOM killer enabled.
[   40.223967] Restarting tasks ... done.
root@(none):/# 
root@(none):/# [   40.228215] PM: suspend exit
rtcwake -d rtc1 -m mem -s 3
rtcwake: assuming RTC uses UTC ...
rtcwake: wakeup from "mem" using /dev/rtc1 at Thu Jan  1 00:01:16 1970
[   40.800470] PM: suspend entry (deep)
[   40.804048] PM: Syncing filesystems ... done.
[   40.809144] Freezing user space processes ... (elapsed 0.001 seconds) done.
[   40.810373] OOM killer disabled.
[   40.810375] Freezing remaining freezable tasks ... (elapsed 0.001 seconds) done.
[   40.811589] Suspending console(s) (use no_console_suspend to debug)
[   41.123765] Disabling non-boot CPUs ...
[   41.290418] Entering suspend state LP1
[   41.290429] Enabling non-boot CPUs ...
[   41.290907] CPU1 is up
[   41.291251] CPU2 is up
[   41.291636] CPU3 is up
[   41.292205] pcieport 0000:00:01.0: nv_msi_ht_cap_quirk didn't locate host bridge
[   41.292206] pcieport 0000:00:02.0: nv_msi_ht_cap_quirk didn't locate host bridge
[   41.350315] tegra-hdmi 54280000.hdmi: cannot set audio to 48000 Hz at 297000000 Hz pixel clock
[   41.642481] ata1: SATA link down (SStatus 0 SControl 300)
[   44.307598] OOM killer enabled.
[   44.310731] Restarting tasks ... done.
root@(none):/# 
root@(none):/# [   44.315022] PM: suspend exit
rtcwake -d rtc1 -m mem -s 3
rtcwake: assuming RTC uses UTC ...
rtcwake: wakeup from "mem" using /dev/rtc1 at Thu Jan  1 00:01:23 1970
[   44.991311] PM: suspend entry (deep)
[   44.994889] PM: Syncing filesystems ... done.
[   45.000572] Freezing user space processes ... (elapsed 0.001 seconds) done.
[   45.001824] OOM killer disabled.
[   45.001826] Freezing remaining freezable tasks ... (elapsed 0.001 seconds) done.
[   45.003078] Suspending console(s) (use no_console_suspend to debug)
[   45.114039] pci_generic_config_write32: 46 callbacks suppressed
[   45.114048] pci_bus 0000:00: 2-byte config write to 0000:00:02.0 offset 0x9c may corrupt adjacent RW1C bits
[   45.114061] pci_bus 0000:00: 2-byte config write to 0000:00:01.0 offset 0x9c may corrupt adjacent RW1C bits
[   45.323709] Disabling non-boot CPUs ...
[   45.500414] Entering suspend state LP1
[   45.500437] Enabling non-boot CPUs ...
[   45.500890] CPU1 is up
[   45.501234] CPU2 is up
[   45.501621] CPU3 is up
[   45.502077] pci_bus 0000:00: 2-byte config write to 0000:00:01.0 offset 0x4c may corrupt adjacent RW1C bits
[   45.502085] pci_bus 0000:00: 2-byte config write to 0000:00:01.0 offset 0x88 may corrupt adjacent RW1C bits
[   45.502091] pci_bus 0000:00: 2-byte config write to 0000:00:01.0 offset 0x90 may corrupt adjacent RW1C bits
[   45.502097] pci_bus 0000:00: 2-byte config write to 0000:00:02.0 offset 0x4c may corrupt adjacent RW1C bits
[   45.502101] pci_bus 0000:00: 2-byte config write to 0000:00:01.0 offset 0x98 may corrupt adjacent RW1C bits
[   45.502105] pci_bus 0000:00: 2-byte config write to 0000:00:01.0 offset 0x9c may corrupt adjacent RW1C bits
[   45.502110] pci_bus 0000:00: 2-byte config write to 0000:00:01.0 offset 0xa8 may corrupt adjacent RW1C bits
[   45.502115] pci_bus 0000:00: 2-byte config write to 0000:00:01.0 offset 0xb0 may corrupt adjacent RW1C bits
[   45.502208] pcieport 0000:00:01.0: nv_msi_ht_cap_quirk didn't locate host bridge
[   45.502209] pcieport 0000:00:02.0: nv_msi_ht_cap_quirk didn't locate host bridge
[   45.550239] tegra-hdmi 54280000.hdmi: cannot set audio to 48000 Hz at 297000000 Hz pixel clock
[   45.852511] ata1: SATA link down (SStatus 0 SControl 300)
[   48.620688] OOM killer enabled.
[   48.623816] Restarting tasks ... done.
root@(none):/# 
root@(none):/# [   48.628344] PM: suspend exit
NVTB SYSTEM SUSPEND TEST COMPLETE
