

U-Boot 2015.04-00466-gedec83e90172 (Mar 14 2016 - 10:42:01)

TEGRA124
Model: Acer Chromebook 13 CB5-311
DRAM:  4 GiB
:   Tegra SD/MMC: 0, Tegra SD/MMC: 1, Tegra SD/MMC: 2
MMC init failed
Using default environment

In:    serial
Out:   serial
Err:   serial
Net:   Net Initialization Skipped
No ethernet found.
Hit any key to stop autoboot:  2  0 
Tegra124 (Nyan-big) # 
Tegra124 (Nyan-big) # usb start
starting USB...
USB0:   USB EHCI 1.10
scanning bus 0 for devices... 2 USB Device(s) found
USB1:   USB EHCI 1.10
scanning bus 1 for devices... 2 USB Device(s) found
       scanning usb for storage devices... 1 Storage Device(s) found
       scanning usb for ethernet devices... 
Warning: asx0 using MAC address from net device
1 Ethernet Device(s) found
Tegra124 (Nyan-big) # mw 0x7000e4a0 0x00080000
Tegra124 (Nyan-big) # setenv bootargs 'ignore_loglevel console=ttyS0,115200n8 rw root=PARTUUID=4d36e82a-b3c0-4b4b-bfcd-afe5217ac023 rootwait gpt debug noinitrd earlyprintk init=/bin/bash'
Tegra124 (Nyan-big) # setenv ipaddr 192.168.100.102; setenv serverip 192.168.100.1; setenv tftpserverip 192.168.100.1
Tegra124 (Nyan-big) # tftpboot 0x82000000 zImage.multi_v7_defconfig
Using asx0 device
TFTP from server 192.168.100.1; our IP address is 192.168.100.102
Filename 'zImage.multi_v7_defconfig'.
Load address: 0x82000000
Loading: *#################################################################
	 #################################################################
	 #################################################################
	 #################################################################
	 #################################################################
	 #################################################################
	 #################################################################
	 #####################################################
	 3.5 MiB/s
done
Bytes transferred = 7450648 (71b018 hex)
Tegra124 (Nyan-big) # tftpboot 0x83000000 tegra124-nyan-big.dtb
Using asx0 device
TFTP from server 192.168.100.1; our IP address is 192.168.100.102
Filename 'tegra124-nyan-big.dtb'.
Load address: 0x83000000
Loading: *#####
	 3.4 MiB/s
done
Bytes transferred = 67943 (10967 hex)
Tegra124 (Nyan-big) # bootz 0x82000000 - 0x83000000
Kernel image @ 0x82000000 [ 0x000000 - 0x71b018 ]
## Flattened Device Tree blob at 83000000
   Booting using the fdt blob at 0x83000000
   Using Device Tree in place at 83000000, end 83013966

Starting kernel ...

[    0.000000] Booting Linux on physical CPU 0x0
[    0.000000] Linux version 4.10.0-rc3-next-20170116-145877-g38e4a8f (pwalmsley@sellafield) (gcc version 4.7.3 20130328 (prerelease) (crosstool-NG linaro-1.13.1-4.7-2013.04-20130415 - Linaro GCC 2013.04) ) #1 SMP Sun Jan 15 20:49:06 PST 2017
[    0.000000] CPU: ARMv7 Processor [413fc0f3] revision 3 (ARMv7), cr=10c5387d
[    0.000000] CPU: div instructions available: patching division code
[    0.000000] CPU: PIPT / VIPT nonaliasing data cache, PIPT instruction cache
[    0.000000] OF: fdt:Machine model: Acer Chromebook 13 CB5-311
[    0.000000] OF: fdt:Ignoring memory range 0x100000000 - 0x17ffff000
[    0.000000] debug: ignoring loglevel setting.
[    0.000000] efi: Getting EFI parameters from FDT:
[    0.000000] efi: UEFI not found.
[    0.000000] cma: Reserved 64 MiB at 0xfb800000
[    0.000000] Memory policy: Data cache writealloc
[    0.000000] On node 0 totalpages: 524287
[    0.000000] free_area_init_node: node 0, pgdat c1432080, node_mem_map eeff8000
[    0.000000]   DMA zone: 1536 pages used for memmap
[    0.000000]   DMA zone: 0 pages reserved
[    0.000000]   DMA zone: 196608 pages, LIFO batch:31
[    0.000000]   HighMem zone: 327679 pages, LIFO batch:31
[    0.000000] percpu: Embedded 16 pages/cpu @eef85000 s34304 r8192 d23040 u65536
[    0.000000] pcpu-alloc: s34304 r8192 d23040 u65536 alloc=16*4096
[    0.000000] pcpu-alloc: [0] 0 [0] 1 [0] 2 [0] 3 
[    0.000000] Built 1 zonelists in Zone order, mobility grouping on.  Total pages: 522751
[    0.000000] Kernel command line: ignore_loglevel console=ttyS0,115200n8 rw root=PARTUUID=4d36e82a-b3c0-4b4b-bfcd-afe5217ac023 rootwait gpt debug noinitrd earlyprintk init=/bin/bash
[    0.000000] PID hash table entries: 4096 (order: 2, 16384 bytes)
[    0.000000] Dentry cache hash table entries: 131072 (order: 7, 524288 bytes)
[    0.000000] Inode-cache hash table entries: 65536 (order: 6, 262144 bytes)
[    0.000000] Memory: 1995788K/2097148K available (9216K kernel code, 1230K rwdata, 4172K rodata, 2048K init, 467K bss, 35824K reserved, 65536K cma-reserved, 1245180K highmem)
[    0.000000] Virtual kernel memory layout:
[    0.000000]     vector  : 0xffff0000 - 0xffff1000   (   4 kB)
[    0.000000]     fixmap  : 0xffc00000 - 0xfff00000   (3072 kB)
[    0.000000]     vmalloc : 0xf0800000 - 0xff800000   ( 240 MB)
[    0.000000]     lowmem  : 0xc0000000 - 0xf0000000   ( 768 MB)
[    0.000000]     pkmap   : 0xbfe00000 - 0xc0000000   (   2 MB)
[    0.000000]     modules : 0xbf000000 - 0xbfe00000   (  14 MB)
[    0.000000]       .text : 0xc0208000 - 0xc0c00000   (10208 kB)
[    0.000000]       .init : 0xc1100000 - 0xc1300000   (2048 kB)
[    0.000000]       .data : 0xc1300000 - 0xc1433b80   (1231 kB)
[    0.000000]        .bss : 0xc1435000 - 0xc14a9d28   ( 468 kB)
[    0.000000] SLUB: HWalign=64, Order=0-3, MinObjects=0, CPUs=4, Nodes=1
[    0.000000] Hierarchical RCU implementation.
[    0.000000] 	RCU debugfs-based tracing is enabled.
[    0.000000] 	Build-time adjustment of leaf fanout to 32.
[    0.000000] 	RCU restricting CPUs from NR_CPUS=16 to nr_cpu_ids=4.
[    0.000000] RCU: Adjusting geometry for rcu_fanout_leaf=32, nr_cpu_ids=4
[    0.000000] NR_IRQS:16 nr_irqs:16 16
[    0.000000] /interrupt-controller@60004000: 160 interrupts forwarded to /interrupt-controller@50041000
[    0.000000] Tegra clk 127: register failed with -17
[    0.000004] sched_clock: 32 bits at 1000kHz, resolution 1000ns, wraps every 2147483647500ns
[    0.000013] clocksource: timer_us: mask: 0xffffffff max_cycles: 0xffffffff, max_idle_ns: 1911260446275 ns
[    0.000019] Switching to timer-based delay loop, resolution 1000ns
[    0.001851] arm_arch_timer: Architected cp15 timer(s) running at 12.00MHz (virt).
[    0.001858] clocksource: arch_sys_counter: mask: 0xffffffffffffff max_cycles: 0x2c47f4ee7, max_idle_ns: 440795202497 ns
[    0.001865] sched_clock: 56 bits at 12MHz, resolution 83ns, wraps every 4398046511096ns
[    0.001870] Switching to timer-based delay loop, resolution 83ns
[    0.002078] Console: colour dummy device 80x30
[    0.002093] Calibrating delay loop (skipped), value calculated using timer frequency.. 24.00 BogoMIPS (lpj=120000)
[    0.002100] pid_max: default: 32768 minimum: 301
[    0.002141] Mount-cache hash table entries: 2048 (order: 1, 8192 bytes)
[    0.002145] Mountpoint-cache hash table entries: 2048 (order: 1, 8192 bytes)
[    0.002342] CPU: Testing write buffer coherency: ok
[    0.002466] /cpus/cpu@0 missing clock-frequency property
[    0.002482] /cpus/cpu@1 missing clock-frequency property
[    0.002497] /cpus/cpu@2 missing clock-frequency property
[    0.002513] /cpus/cpu@3 missing clock-frequency property
[    0.002518] CPU0: thread -1, cpu 0, socket 0, mpidr 80000000
[    0.002600] Setting up static identity map for 0x80300000 - 0x80300098
[    0.003964] Tegra Revision: A01 SKU: 131 CPU Process: 1 SoC Process: 1
[    0.004196] EFI services will not be available.
[    0.004293] smp: Bringing up secondary CPUs ...
[    0.004578] CPU1: thread -1, cpu 1, socket 0, mpidr 80000001
[    0.012012] CPU2: thread -1, cpu 2, socket 0, mpidr 80000002
[    0.022012] CPU3: thread -1, cpu 3, socket 0, mpidr 80000003
[    0.031744] smp: Brought up 1 node, 4 CPUs
[    0.031752] SMP: Total of 4 processors activated (96.00 BogoMIPS).
[    0.031756] CPU: All CPU(s) started in SVC mode.
[    0.032294] devtmpfs: initialized
[    0.037841] VFP support v0.3: implementor 41 architecture 4 part 30 variant f rev 0
[    0.038034] clocksource: jiffies: mask: 0xffffffff max_cycles: 0xffffffff, max_idle_ns: 19112604462750000 ns
[    0.038559] pinctrl core: initialized pinctrl subsystem
[    0.039251] NET: Registered protocol family 16
[    0.039920] DMA: preallocated 256 KiB pool for atomic coherent allocations
[    0.040856] cpuidle: using governor menu
[    0.049958] No ATAGs?
[    0.050014] hw-breakpoint: found 5 (+1 reserved) breakpoint and 4 watchpoint registers.
[    0.050021] hw-breakpoint: maximum watchpoint size is 8 bytes.
[    0.052600] Serial: AMBA PL011 UART driver
[    0.052940] tegra-mc 70019000.memory-controller: no memory timings for RAM code 0 registered
[    0.058094] +5V_SYS: supplied by +VDD_MUX
[    0.058190] +3.3V_SYS: supplied by +VDD_MUX
[    0.058394] +VDD_LED: Failed to request enable GPIO122: -517
[    0.058399] reg-fixed-voltage regulators:regulator@5: Failed to register regulator: -517
[    0.058429] +5V_VDD_TS_SW: Failed to request enable GPIO81: -517
[    0.058434] reg-fixed-voltage regulators:regulator@6: Failed to register regulator: -517
[    0.058463] +5V_USB_HS: Failed to request enable GPIO108: -517
[    0.058468] reg-fixed-voltage regulators:regulator@7: Failed to register regulator: -517
[    0.058496] +5V_USB_SS: Failed to request enable GPIO109: -517
[    0.058501] reg-fixed-voltage regulators:regulator@8: Failed to register regulator: -517
[    0.058578] +1.05V_RUN_AVDD_HDMI_PLL: Failed to request enable GPIO63: -517
[    0.058582] reg-fixed-voltage regulators:regulator@11: Failed to register regulator: -517
[    0.058611] +5V_HDMI_CON: Failed to request enable GPIO86: -517
[    0.058616] reg-fixed-voltage regulators:regulator@12: Failed to register regulator: -517
[    0.059691] vgaarb: loaded
[    0.059965] SCSI subsystem initialized
[    0.060029] libata version 3.00 loaded.
[    0.060113] usbcore: registered new interface driver usbfs
[    0.060133] usbcore: registered new interface driver hub
[    0.060154] usbcore: registered new device driver usb
[    0.061446] pps_core: LinuxPPS API ver. 1 registered
[    0.061451] pps_core: Software ver. 5.3.6 - Copyright 2005-2007 Rodolfo Giometti <giometti@linux.it>
[    0.061459] PTP clock support registered
[    0.061527] EDAC MC: Ver: 3.0.0
[    0.061947] tegra-emc 7001b000.emc: no memory timings for RAM code 0 found in DT
[    0.061957] tegra-emc: probe of 7001b000.emc failed with error -2
[    0.062382] clocksource: Switched to clocksource arch_sys_counter
[    0.065544] NET: Registered protocol family 2
[    0.065730] TCP established hash table entries: 8192 (order: 3, 32768 bytes)
[    0.065763] TCP bind hash table entries: 8192 (order: 4, 65536 bytes)
[    0.065825] TCP: Hash tables configured (established 8192 bind 8192)
[    0.065860] UDP hash table entries: 512 (order: 2, 16384 bytes)
[    0.065875] UDP-Lite hash table entries: 512 (order: 2, 16384 bytes)
[    0.065933] NET: Registered protocol family 1
[    0.066048] RPC: Registered named UNIX socket transport module.
[    0.066052] RPC: Registered udp transport module.
[    0.066055] RPC: Registered tcp transport module.
[    0.066058] RPC: Registered tcp NFSv4.1 backchannel transport module.
[    0.066062] PCI: CLS 0 bytes, default 64
[    0.066494] hw perfevents: enabled with armv7_cortex_a15 PMU driver, 7 counters available
[    0.066986] futex hash table entries: 1024 (order: 4, 65536 bytes)
[    0.067232] workingset: timestamp_bits=30 max_order=19 bucket_order=0
[    0.069945] squashfs: version 4.0 (2009/01/31) Phillip Lougher
[    0.070183] NFS: Registering the id_resolver key type
[    0.070195] Key type id_resolver registered
[    0.070198] Key type id_legacy registered
[    0.070215] ntfs: driver 2.1.32 [Flags: R/O].
[    0.070800] bounce: pool size: 64 pages
[    0.070862] Block layer SCSI generic (bsg) driver version 0.4 loaded (major 248)
[    0.070867] io scheduler noop registered
[    0.070870] io scheduler deadline registered
[    0.070927] io scheduler cfq registered (default)
[    0.072681] tegra-xusb-padctl 7009f000.padctl: failed to setup XUSB ports: -517
[    0.079595] tegra-apbdma 60020000.dma: Tegra20 APB DMA driver register 32 channels
[    0.080294] tegra-pmc 7000e400.pmc: i2c-thermtrip node not found, emergency thermal reset disabled.
[    0.100678] Serial: 8250/16550 driver, 4 ports, IRQ sharing disabled
[    0.101777] console [ttyS0] disabled
[    0.101794] 70006000.serial: ttyS0 at MMIO 0x70006000 (irq = 333, base_baud = 25500000) is a Tegra
[    0.981578] console [ttyS0] enabled
[    0.985352] SuperH (H)SCI(F) driver initialized
[    0.990214] msm_serial: driver initialized
[    0.994371] STMicroelectronics ASC driver initialized
[    1.001913] tegra-hdmi 54280000.hdmi: failed to get HDMI regulator
[    1.008452] tegra-dpaux 545c0000.dpaux: failed to get VDD supply: -517
[    1.015741] panel supply power not found, using dummy regulator
[    1.025105] brd: module loaded
[    1.029981] loop: module loaded
[    1.034016] as3722 4-0040: AS3722 with revision 0x1 found
[    1.040792] gpio gpiochip1: (as3722-gpio): could not create pin range
[    1.047230] as3722-pinctrl as3722-pinctrl: Couldn't add pin range, -517
[    1.057238] as3722-sd2: supplied by +5V_SYS
[    1.061646] as3722-sd3: supplied by +5V_SYS
[    1.065988] +1.35V_LP0(sd3): Bringing 0uV into 1350000-1350000uV
[    1.072154] as3722-sd4: supplied by +5V_SYS
[    1.076519] +1.05V_RUN: Bringing 0uV into 1050000-1050000uV
[    1.082252] as3722-sd5: supplied by +5V_SYS
[    1.087828] as3722-ldo0: supplied by +1.35V_LP0(sd2)
[    1.093562] +1.8V_RUN_CAM: Bringing 0uV into 1800000-1800000uV
[    1.099567] as3722-ldo2: supplied by +1.8V_VDDIO
[    1.105181] as3722-ldo3: supplied by +3.3V_SYS
[    1.109630] +1.00V_LP0_VDD_RTC: Bringing 1100000uV into 1000000-1000000uV
[    1.117200] as3722-ldo4: supplied by +3.3V_SYS
[    1.121787] +3.3V_RUN_CAM: Bringing 0uV into 2800000-2800000uV
[    1.127795] as3722-ldo5: supplied by +1.8V_VDDIO
[    1.132565] +1.2V_RUN_CAM_FRONT: Bringing 0uV into 1200000-1200000uV
[    1.139243] +VDDIO_SDMMC3: Bringing 0uV into 1800000-1800000uV
[    1.145261] as3722-ldo7: supplied by +1.8V_VDDIO
[    1.150024] +1.05V_RUN_CAM_REAR: Bringing 0uV into 1050000-1050000uV
[    1.156566] as3722-ldo9: supplied by +5V_SYS
[    1.161125] +2.8V_RUN_TOUCH: Bringing 0uV into 2800000-2800000uV
[    1.167324] as3722-ldo10: supplied by +5V_SYS
[    1.171825] +2.8V_RUN_CAM_AF: Bringing 0uV into 2800000-2800000uV
[    1.178257] +1.8V_RUN_VPP_FUSE: Bringing 0uV into 1800000-1800000uV
[    1.190961] random: fast init done
[    1.196596] m25p80 spi32765.0: w25q32dw (4096 Kbytes)
[    1.202697] libphy: Fixed MDIO Bus: probed
[    1.207142] CAN device driver interface
[    1.211286] bgmac_bcma: Broadcom 47xx GBit MAC driver loaded
[    1.217406] e1000e: Intel(R) PRO/1000 Network Driver - 3.2.6-k
[    1.223228] e1000e: Copyright(c) 1999 - 2015 Intel Corporation.
[    1.229149] igb: Intel(R) Gigabit Ethernet Network Driver - version 5.4.0-k
[    1.236097] igb: Copyright (c) 2007-2014 Intel Corporation.
[    1.242879] pegasus: v0.9.3 (2013/04/25), Pegasus/Pegasus II USB Ethernet driver
[    1.250276] usbcore: registered new interface driver pegasus
[    1.255946] usbcore: registered new interface driver asix
[    1.261341] usbcore: registered new interface driver ax88179_178a
[    1.267433] usbcore: registered new interface driver cdc_ether
[    1.273271] usbcore: registered new interface driver smsc75xx
[    1.279016] usbcore: registered new interface driver smsc95xx
[    1.284762] usbcore: registered new interface driver net1080
[    1.290415] usbcore: registered new interface driver cdc_subset
[    1.296335] usbcore: registered new interface driver zaurus
[    1.301909] usbcore: registered new interface driver cdc_ncm
[    1.308212] ehci_hcd: USB 2.0 'Enhanced' Host Controller (EHCI) Driver
[    1.314729] ehci-pci: EHCI PCI platform driver
[    1.319171] ehci-platform: EHCI generic platform driver
[    1.324456] ehci-orion: EHCI orion driver
[    1.328500] SPEAr-ehci: EHCI SPEAr driver
[    1.332551] ehci-st: EHCI STMicroelectronics driver
[    1.337462] ehci-exynos: EHCI EXYNOS driver
[    1.341685] ehci-atmel: EHCI Atmel driver
[    1.345735] tegra-ehci: Tegra EHCI driver
[    1.349795] ohci_hcd: USB 1.1 'Open' Host Controller (OHCI) Driver
[    1.355967] ohci-pci: OHCI PCI platform driver
[    1.360416] ohci-platform: OHCI generic platform driver
[    1.365691] ohci-omap3: OHCI OMAP3 driver
[    1.369735] SPEAr-ohci: OHCI SPEAr driver
[    1.373787] ohci-st: OHCI STMicroelectronics driver
[    1.378699] ohci-atmel: OHCI Atmel driver
[    1.382959] usbcore: registered new interface driver usb-storage
[    1.389495] mousedev: PS/2 mouse device common for all mice
[    1.395649] 1-0015 supply vcc not found, using dummy regulator
[    1.402833] as3722-rtc as3722-rtc: rtc core: registered as3722-rtc as rtc0
[    1.409692] as3722-rtc as3722-rtc: RTC interrupt 372
[    1.416589] tegra_rtc 7000e000.rtc: rtc core: registered 7000e000.rtc as rtc1
[    1.423725] tegra_rtc 7000e000.rtc: Tegra internal Real Time Clock
[    1.430078] i2c /dev entries driver
[    1.435953] 0-004c supply vcc not found, using dummy regulator
[    1.445944] sdhci: Secure Digital Host Controller Interface driver
[    1.452110] sdhci: Copyright(c) Pierre Ossman
[    1.457011] Synopsys Designware Multimedia Card Interface Driver
[    1.463403] sdhci-pltfm: SDHCI platform and OF driver helper
[    1.469315] sdhci-tegra 700b0000.sdhci: allocated mmc-pwrseq
[    1.475074] sdhci-tegra 700b0400.sdhci: Got CD GPIO
[    1.479945] sdhci-tegra 700b0400.sdhci: Got WP GPIO
[    1.484931] mmc0: Unknown controller version (3). You may experience problems.
[    1.492164] mmc0: Invalid maximum block size, assuming 512 bytes
[    1.562390] mmc0: SDHCI controller on 700b0600.sdhci [700b0600.sdhci] using ADMA
[    1.570451] ledtrig-cpu: registered to indicate activity on CPUs
[    1.576559] usbcore: registered new interface driver usbhid
[    1.576624] elan_i2c 1-0015: Elan Touchpad: Module ID: 0x002a, Firmware: 0x0005, Sample: 0x0007, IAP: 0x0009
[    1.576793] input: Elan Touchpad as /devices/soc0/7000c400.i2c/i2c-1/1-0015/input/input0
[    1.599998] usbhid: USB HID core driver
[    1.605191] NET: Registered protocol family 10
[    1.609939] Segment Routing with IPv6
[    1.613624] sit: IPv6, IPv4 and MPLS over IPv4 tunneling driver
[    1.619733] NET: Registered protocol family 17
[    1.624173] can: controller area network core (rev 20120528 abi 9)
[    1.630355] NET: Registered protocol family 29
[    1.634791] can: raw protocol (rev 20120528)
[    1.639048] can: broadcast manager protocol (rev 20161123 t)
[    1.644699] can: netlink gateway (rev 20130117) max_hops=1
[    1.650295] Key type dns_resolver registered
[    1.654765] ThumbEE CPU extension supported.
[    1.659025] Registering SWP/SWPB emulation handler
[    1.674357] +VDD_LED: supplied by +VDD_MUX
[    1.678705] +5V_VDD_TS_SW: supplied by +5V_SYS
[    1.683595] +5V_USB_HS: supplied by +5V_SYS
[    1.688016] +5V_USB_SS: supplied by +5V_SYS
[    1.693692] +1.05V_RUN_AVDD_HDMI_PLL: supplied by +1.05V_RUN
[    1.699618] +5V_HDMI_CON: supplied by +5V_SYS
[    1.704666] usb3-0 supply vbus not found, using dummy regulator
[    1.710609] usb3-1 supply vbus not found, using dummy regulator
[    1.718676] tegra-hdmi 54280000.hdmi: failed to get VDD regulator
[    1.725941] tegra-dpaux 545c0000.dpaux: failed to get VDD supply: -517
[    1.733741] panel supply power not found, using dummy regulator
[    1.740025] ------------[ cut here ]------------
[    1.744683] WARNING: CPU: 2 PID: 98 at drivers/base/dd.c:349 driver_probe_device+0x288/0x2c0
[    1.753131] Modules linked in:
[    1.756183] CPU: 2 PID: 98 Comm: kworker/2:2 Not tainted 4.10.0-rc3-next-20170116-145877-g38e4a8f #1
[    1.765298] Hardware name: NVIDIA Tegra SoC (Flattened Device Tree)
[    1.771558] Workqueue: events deferred_probe_work_func
[    1.776695] [<c030faf8>] (unwind_backtrace) from [<c030b158>] (show_stack+0x10/0x14)
[    1.784439] [<c030b158>] (show_stack) from [<c059c634>] (dump_stack+0x84/0xa4)
[    1.791649] [<c059c634>] (dump_stack) from [<c0341b94>] (__warn+0xd4/0x100)
[    1.798597] [<c0341b94>] (__warn) from [<c0341be0>] (warn_slowpath_null+0x20/0x28)
[    1.806164] [<c0341be0>] (warn_slowpath_null) from [<c07e187c>] (driver_probe_device+0x288/0x2c0)
[    1.815020] [<c07e187c>] (driver_probe_device) from [<c07dfdbc>] (bus_for_each_drv+0x44/0x8c)
[    1.823538] [<c07dfdbc>] (bus_for_each_drv) from [<c07e156c>] (__device_attach+0x9c/0x100)
[    1.831785] [<c07e156c>] (__device_attach) from [<c07e0c54>] (bus_probe_device+0x84/0x8c)
[    1.839943] [<c07e0c54>] (bus_probe_device) from [<c07e1088>] (deferred_probe_work_func+0x60/0x8c)
[    1.848896] [<c07e1088>] (deferred_probe_work_func) from [<c0357084>] (process_one_work+0x134/0x33c)
[    1.858011] [<c0357084>] (process_one_work) from [<c03572b4>] (process_scheduled_works+0x28/0x38)
[    1.866876] [<c03572b4>] (process_scheduled_works) from [<c03574dc>] (worker_thread+0x218/0x4f0)
[    1.875645] [<c03574dc>] (worker_thread) from [<c035c854>] (kthread+0xfc/0x134)
[    1.882954] [<c035c854>] (kthread) from [<c0307f78>] (ret_from_fork+0x14/0x3c)
[    1.890183] ---[ end trace 1e5eb2f03e788347 ]---
[    1.896691] sdhci-tegra 700b0000.sdhci: allocated mmc-pwrseq
[    1.904455] sdhci-tegra 700b0400.sdhci: Got CD GPIO
[    1.909329] sdhci-tegra 700b0400.sdhci: Got WP GPIO
[    1.921176] +3.3V_RUN: supplied by +3.3V_SYS
[    1.927012] +3.3V_PANEL: supplied by +3.3V_RUN
[    1.931608] +3.3V_AVDD_HDMI_AP_GATED: supplied by +3.3V_RUN
[    1.937238] +1.8V_RUN_CAM: supplied by +3.3V_RUN
[    1.941874] +VDDIO_SDMMC3: supplied by +3.3V_RUN
[    1.946597] +1.8V_RUN_VPP_FUSE: supplied by +3.3V_RUN
[    1.952403] +3.3V_LP0: supplied by +3.3V_SYS
[    1.957716] elan_i2c 1-0015: failed to read report data: -121
[    1.965393] tegra-sor 54540000.sor: failed to probe output: -517
[    1.971929] panel supply power not found, using dummy regulator
[    1.979121] sdhci-tegra 700b0000.sdhci: allocated mmc-pwrseq
[    1.984964] mmc1: Unknown controller version (3). You may experience problems.
[    1.992253] mmc1: Invalid maximum block size, assuming 512 bytes
[    1.998723] mmc1: Switching to 3.3V signalling voltage failed
[    2.009311] mmc0: new high speed MMC card at address 0001
[    2.015400] mmcblk0: mmc0:0001 MMC16G 14.4 GiB 
[    2.020455] mmcblk0boot0: mmc0:0001 MMC16G partition 1 2.00 MiB
[    2.026708] mmcblk0boot1: mmc0:0001 MMC16G partition 2 2.00 MiB
[    2.034896] mmcblk0rpmb: mmc0:0001 MMC16G partition 3 128 KiB
[    2.045314]  mmcblk0: p1 p2 p3 p4 p5 p6 p7 p8 p9 p10 p11 p12
[    2.062434] mmc1: SDHCI controller on 700b0000.sdhci [700b0000.sdhci] using ADMA
[    2.070585] sdhci-tegra 700b0400.sdhci: Got CD GPIO
[    2.075494] sdhci-tegra 700b0400.sdhci: Got WP GPIO
[    2.080493] mmc2: Unknown controller version (3). You may experience problems.
[    2.087773] mmc2: Invalid maximum block size, assuming 512 bytes
[    2.097781] elan_i2c 1-0015: invalid report id data (ff)
[    2.136613] mmc1: new high speed SDIO card at address 0001
[    2.152504] mmc2: SDHCI controller on 700b0400.sdhci [700b0400.sdhci] using ADMA
[    2.257198] [drm] Supports vblank timestamp caching Rev 2 (21.10.2013).
[    2.263823] [drm] No driver support for vblank timestamp query.
[    2.305110] mmc2: new high speed SDHC card at address 0007
[    2.305658] mmcblk2: mmc2:0007 SD08G 7.42 GiB 
[    2.315591] GPT:Primary header alternate_lba != Alt. header my_lba
[    2.315595] GPT:3014591 != 15564799
[    2.315597] GPT:Primary header thinks Alt. header is not at the end of the disk.
[    2.315598] GPT:3014591 != 15564799
[    2.315599] GPT: Use GNU Parted to correct GPT errors.
[    2.315629]  mmcblk2: p1 p2 p3 p4 p5 p6 p7 p8 p9 p10 p11 p12
[    2.352506] Console: switching to colour frame buffer device 170x48
[    2.416611] drm drm: fb0:  frame buffer device
[    2.421096] [drm] Initialized tegra 0.0.0 20120330 for drm on minor 0
[    2.428558] input: gpio-keys as /devices/soc0/gpio-keys/input/input1
[    2.436233] as3722-rtc as3722-rtc: setting system clock to 2000-01-01 00:00:23 UTC (946684823)
[    2.445371] +1.8V_RUN_CAM: disabling
[    2.449104] +3.3V_RUN_CAM: disabling
[    2.452948] +1.2V_RUN_CAM_FRONT: disabling
[    2.457243] +1.05V_RUN_CAM_REAR: disabling
[    2.461498] +2.8V_RUN_TOUCH: disabling
[    2.465477] +2.8V_RUN_CAM_AF: disabling
[    2.469469] +1.8V_RUN_VPP_FUSE: disabling
[    2.473723] +5V_VDD_TS_SW: disabling
[    2.477296] +5V_USB_HS: disabling
[    2.480601] +5V_USB_SS: disabling
[    2.484838] EXT4-fs (mmcblk0p3): couldn't mount as ext3 due to feature incompatibilities
[    2.493457] EXT4-fs (mmcblk0p3): couldn't mount as ext2 due to feature incompatibilities
[    2.575600] EXT4-fs (mmcblk0p3): recovery complete
[    2.580388] EXT4-fs (mmcblk0p3): mounted filesystem with ordered data mode. Opts: (null)
[    2.588516] VFS: Mounted root (ext4 filesystem) on device 179:3.
[    2.595722] devtmpfs: mounted
[    2.599393] Freeing unused kernel memory: 2048K
bash: cannot set terminal process group (-1): Inappropriate ioctl for device
bash: no job control in this shell
root@(none):/# 