

U-Boot 2011.03 (Jun 11 2013 - 06:07:37)

T114
Board: NVIDIA Dalmore
DRAM:  2 GiB
MMC:   Tegra2 SD/MMC: 0, Tegra2 SD/MMC: 1
In:    serial
Out:   serial
Err:   serial
Net:   Net Initialization Skipped
No ethernet found.
Hit any key to stop autoboot:  2  0 
Dalmore #
Dalmore #usb reset
(Re)start USB...
USB:   Register 10011 NbrPorts 1
USB EHCI 1.10
scanning bus for devices... 2 USB Device(s) found
       scanning bus for storage devices... 0 Storage Device(s) found
       scanning bus for ethernet devices... 1 Ethernet Device(s) found
Dalmore #setenv bootargs 'ignore_loglevel console=ttyS0,115200n8 rw root=/dev/mmcblk0p1 rootwait gpt debug init=/bin/bash'
Dalmore #setenv ipaddr 192.168.100.100; setenv serverip 192.168.100.1; setenv tftpserverip 192.168.100.1
Dalmore #tftpboot 0x81000000 zImage.tegra_defconfig%tegra20,114_mergeconfig
Waiting for Ethernet connection... done.
Using asx0 device
TFTP from server 192.168.100.1; our IP address is 192.168.100.100
Filename 'zImage.tegra_defconfig%tegra20,114_mergeconfig'.
Load address: 0x81000000
Loading: *#################################################  2.8 MiB/s
done
Bytes transferred = 4221056 (406880 hex)
Dalmore #tftpboot 0x82000000 tegra114-dalmore.dtb
Using asx0 device
TFTP from server 192.168.100.1; our IP address is 192.168.100.100
Filename 'tegra114-dalmore.dtb'.
Load address: 0x82000000
Loading: *#################################################  2.5 MiB/s
done
Bytes transferred = 34015 (84df hex)
Dalmore #bootz 0x81000000 - 0x82000000
## Flattened Device Tree blob at 82000000
   Booting using the fdt blob at 0x82000000
   Loading Device Tree to 81ff4000, end 81fff4de ... OK

Starting kernel ...

Timer summary in microseconds:
       Mark    Elapsed  Stage
          0          0  awake
  2,145,966  2,145,966  usb_start
  6,151,226  4,005,260  eth_start
  6,151,223         -3  tftp start
 10,026,463  3,875,240  tftp done
 12,161,370  2,134,907  start_kernel
Uncompressing Linux... done, booting the kernel.
[    0.000000] Booting Linux on physical CPU 0x0
[    0.000000] Initializing cgroup subsys cpu
[    0.000000] Initializing cgroup subsys cpuacct
[    0.000000] Linux version 3.13.0-next-20140203-38930-g01ed8c4 (pwalmsley@tamien) (gcc version 4.7.3 20130328 (prerelease) (crosstool-NG linaro-1.13.1-4.7-2013.04-20130415 - Linaro GCC 2013.04) ) #1 SMP PREEMPT Sun Feb 2 19:53:48 PST 2014
[    0.000000] CPU: ARMv7 Processor [412fc0f2] revision 2 (ARMv7), cr=10c5387d
[    0.000000] CPU: PIPT / VIPT nonaliasing data cache, PIPT instruction cache
[    0.000000] Machine model: NVIDIA Tegra114 Dalmore evaluation board
[    0.000000] debug: ignoring loglevel setting.
[    0.000000] cma: CMA: reserved 16 MiB at ae800000
[    0.000000] Memory policy: Data cache writealloc
[    0.000000] On node 0 totalpages: 524032
[    0.000000] free_area_init_node: node 0, pgdat c080d300, node_mem_map ed7f0000
[    0.000000]   Normal zone: 1520 pages used for memmap
[    0.000000]   Normal zone: 0 pages reserved
[    0.000000]   Normal zone: 194560 pages, LIFO batch:31
[    0.000000]   HighMem zone: 2574 pages used for memmap
[    0.000000]   HighMem zone: 329472 pages, LIFO batch:31
[    0.000000] Tegra Revision: A01 SKU: 0 CPU Process: 1 Core Process: 1
[    0.000000] PERCPU: Embedded 8 pages/cpu @ed7b7000 s9152 r8192 d15424 u32768
[    0.000000] pcpu-alloc: s9152 r8192 d15424 u32768 alloc=8*4096
[    0.000000] pcpu-alloc: [0] 0 [0] 1 [0] 2 [0] 3 
[    0.000000] Built 1 zonelists in Zone order, mobility grouping on.  Total pages: 522512
[    0.000000] Kernel command line: ignore_loglevel console=ttyS0,115200n8 rw root=/dev/mmcblk0p1 rootwait gpt debug init=/bin/bash
[    0.000000] PID hash table entries: 4096 (order: 2, 16384 bytes)
[    0.000000] Dentry cache hash table entries: 131072 (order: 7, 524288 bytes)
[    0.000000] Inode-cache hash table entries: 65536 (order: 6, 262144 bytes)
[    0.000000] Memory: 2053668K/2096128K available (5755K kernel code, 314K rwdata, 1896K rodata, 240K init, 340K bss, 42460K reserved, 1317888K highmem)
[    0.000000] Virtual kernel memory layout:
[    0.000000]     vector  : 0xffff0000 - 0xffff1000   (   4 kB)
[    0.000000]     fixmap  : 0xfff00000 - 0xfffe0000   ( 896 kB)
[    0.000000]     vmalloc : 0xf0000000 - 0xff000000   ( 240 MB)
[    0.000000]     lowmem  : 0xc0000000 - 0xef800000   ( 760 MB)
[    0.000000]     pkmap   : 0xbfe00000 - 0xc0000000   (   2 MB)
[    0.000000]     modules : 0xbf000000 - 0xbfe00000   (  14 MB)
[    0.000000]       .text : 0xc0008000 - 0xc07811f4   (7653 kB)
[    0.000000]       .init : 0xc0782000 - 0xc07be3c0   ( 241 kB)
[    0.000000]       .data : 0xc07c0000 - 0xc080ea60   ( 315 kB)
[    0.000000]        .bss : 0xc080ea6c - 0xc0863e18   ( 341 kB)
[    0.000000] Preemptible hierarchical RCU implementation.
[    0.000000] NR_IRQS:16 nr_irqs:16 16
[   12.944538] sched_clock: 32 bits at 1000kHz, resolution 1000ns, wraps every 2147483648000ns
[    0.000405] Architected cp15 timer(s) running at 12.00MHz (virt).
[   11.049955] sched_clock: 56 bits at 12MHz, resolution 83ns, wraps every 2863311536128ns
[    0.000003] Switching to timer-based delay loop
[    0.000447] Console: colour dummy device 80x30
[    0.000480] Calibrating delay loop (skipped), value calculated using timer frequency.. 24.00 BogoMIPS (lpj=120000)
[    0.000496] pid_max: default: 32768 minimum: 301
[    0.000923] Mount-cache hash table entries: 512
[    0.021869] Initializing cgroup subsys debug
[    0.021887] Initializing cgroup subsys freezer
[    0.021952] CPU: Testing write buffer coherency: ok
[    0.022297] /cpus/cpu@0 missing clock-frequency property
[    0.022322] /cpus/cpu@1 missing clock-frequency property
[    0.022345] /cpus/cpu@2 missing clock-frequency property
[    0.022370] /cpus/cpu@3 missing clock-frequency property
[    0.022383] CPU0: thread -1, cpu 0, socket 0, mpidr 80000000
[    0.022411] Setting up static identity map for 0x805749f8 - 0x80574a90
[    0.080777] CPU1: Booted secondary processor
[    0.080806] CPU1: thread -1, cpu 1, socket 0, mpidr 80000001
[    0.100806] CPU2: Booted secondary processor
[    0.100832] CPU2: thread -1, cpu 2, socket 0, mpidr 80000002
[    0.120782] CPU3: Booted secondary processor
[    0.120808] CPU3: thread -1, cpu 3, socket 0, mpidr 80000003
[    0.120977] Brought up 4 CPUs
[    0.121005] SMP: Total of 4 processors activated.
[    0.121014] CPU: All CPU(s) started in SVC mode.
[    0.122063] devtmpfs: initialized
[    0.135367] VFP support v0.3: implementor 41 architecture 4 part 30 variant f rev 0
[    0.136094] pinctrl core: initialized pinctrl subsystem
[    0.136831] regulator-dummy: no parameters
[    0.137762] NET: Registered protocol family 16
[    0.139086] DMA: preallocated 256 KiB pool for atomic coherent allocations
[    0.140394] cpuidle: using governor ladder
[    0.140406] cpuidle: using governor menu
[    0.157495] No ATAGs?
[    0.157525] hw-breakpoint: found 5 (+1 reserved) breakpoint and 4 watchpoint registers.
[    0.157536] hw-breakpoint: maximum watchpoint size is 8 bytes.
[    0.175628] bio: create slab <bio-0> at 0
[    0.177254] vdd_ac_bat: 5000 mV 
[    0.177735] dvdd_ts: Failed to request enable GPIO61: -517
[    0.177901] reg-fixed-voltage 1.regulator: Failed to register regulator: -517
[    0.177927] platform 1.regulator: Driver reg-fixed-voltage requests probe deferral
[    0.178266] usb1_vbus: Failed to request enable GPIO108: -517
[    0.178419] reg-fixed-voltage 3.regulator: Failed to register regulator: -517
[    0.178443] platform 3.regulator: Driver reg-fixed-voltage requests probe deferral
[    0.178780] usb2_vbus: Failed to request enable GPIO86: -517
[    0.178930] reg-fixed-voltage 4.regulator: Failed to register regulator: -517
[    0.178954] platform 4.regulator: Driver reg-fixed-voltage requests probe deferral
[    0.179290] vdd_hdmi_5v0: Failed to request enable GPIO81: -517
[    0.179442] reg-fixed-voltage 5.regulator: Failed to register regulator: -517
[    0.179466] platform 5.regulator: Driver reg-fixed-voltage requests probe deferral
[    0.179564] platform 6.regulator: Driver reg-fixed-voltage requests probe deferral
[    0.181029] vgaarb: loaded
[    0.182316] SCSI subsystem initialized
[    0.182968] usbcore: registered new interface driver usbfs
[    0.183137] usbcore: registered new interface driver hub
[    0.183329] usbcore: registered new device driver usb
[    0.188868] vdd-cpu: 500 <--> 1520 mV at 1100 mV 
[    0.189635] tps65090 2-0048: No cache defaults, reading back from HW
[    0.196258] vdd-sys-5v0: no parameters
[    0.196343] vdd-sys-5v0: supplied by vdd_ac_bat
[    0.197915] vdd-sys-3v3: no parameters
[    0.197986] vdd-sys-3v3: supplied by vdd_ac_bat
[    0.199549] vdd-ao: no parameters
[    0.199621] vdd-ao: supplied by vdd_ac_bat
[    0.199992] vdd-lcd-bl: no parameters
[    0.200063] vdd-lcd-bl: supplied by vdd_ac_bat
[    0.200480] TPS65090_RAILSFET2: no parameters
[    0.200551] TPS65090_RAILSFET2: supplied by vdd_ac_bat
[    0.200922] vdd-modem-3v3: no parameters
[    0.200990] vdd-modem-3v3: supplied by vdd-sys-3v3
[    0.201360] avdd-lcd: no parameters
[    0.201427] avdd-lcd: supplied by vdd-sys-3v3
[    0.201802] vdd-lvds: no parameters
[    0.201869] vdd-lvds: supplied by vdd-sys-3v3
[    0.202255] vdd-sd-slot: no parameters
[    0.202322] vdd-sd-slot: supplied by vdd-sys-3v3
[    0.202679] vdd-com-3v3: no parameters
[    0.202745] vdd-com-3v3: supplied by vdd-sys-3v3
[    0.203140] vdd-sby-5v0: no parameters
[    0.203199] vdd-sby-5v0: supplied by vdd_ac_bat
[    0.203564] vdd-sby-3v3: no parameters
[    0.203621] vdd-sby-3v3: supplied by vdd_ac_bat
[    0.204069] genirq: Setting trigger mode 8 for irq 118 failed (gic_set_type+0x0/0xf0)
[    0.204637] palmas 2-0058: Irq flag is 0x00000000
[    0.219225] palmas 2-0058: Muxing GPIO ff, PWM 0, LED 0
[    0.228578] vddio-ddr: 1350 mV 
[    0.229505] vddio-ddr: supplied by vdd-ao
[    0.236617] vddio-1v8: 1800 mV 
[    0.237526] vddio-1v8: supplied by vdd-ao
[    0.244638] vdd-core: 900 <--> 1400 mV at 1100 mV 
[    0.245548] vdd-core: supplied by vdd-sys-3v3
[    0.249869] SMPS6: no parameters
[    0.257802] avdd-pll: 1050 mV 
[    0.258715] avdd-pll: supplied by vdd-sys-3v3
[    0.267172] sdhci-vdd-sd-slot: 2800 mV 
[    0.268096] sdhci-vdd-sd-slot: supplied by vdd-sys-3v3
[    0.270057] SMPS10_OUT2: at 5000 mV 
[    0.272043] SMPS10_OUT1: at 5000 mV 
[    0.274856] avdd-cam1: 2800 mV 
[    0.275755] avdd-cam1: supplied by vdd-sys-3v3
[    0.279913] avdd-cam2: 2800 mV 
[    0.280814] avdd-cam2: supplied by vdd-sys-3v3
[    0.285735] avdd-dsi-csi: 1200 mV 
[    0.286632] avdd-dsi-csi: supplied by vddio-1v8
[    0.291565] vpp-fuse: 1800 mV 
[    0.292464] vpp-fuse: supplied by vdd-sys-3v3
[    0.295820] LDO5: at 1200 mV 
[    0.296721] LDO5: supplied by vdd_ac_bat
[    0.299471] vdd-sensor-2v85: 2850 mV 
[    0.300370] vdd-sensor-2v85: supplied by vdd-sys-3v3
[    0.304509] vdd-af-cam1: 2800 mV 
[    0.305402] vdd-af-cam1: supplied by vdd-sys-3v3
[    0.313678] vdd-rtc: 900 mV 
[    0.314575] vdd-rtc: supplied by vdd-ao
[    0.318719] vddio-sdmmc-2: 1800 <--> 3300 mV at 3300 mV 
[    0.319628] vddio-sdmmc-2: supplied by sdhci-vdd-sd-slot
[    0.324534] hvdd-usb: 3300 mV 
[    0.325430] hvdd-usb: supplied by vdd-sys-5v0
[    0.330366] avdd-usb: 3300 mV 
[    0.331261] avdd-usb: supplied by vdd-sys-5v0
[    0.334594] rail-3v3: no parameters
[    0.337126] rail-5v0: no parameters
[    0.338853] REGEN3: no parameters
[    0.339197] SYSEN1: no parameters
[    0.339550] SYSEN2: no parameters
[    0.340416] Linux video capture interface: v2.00
[    0.341357] platform 70019010.iommu: Driver tegra-smmu requests probe deferral
[    0.341738] Advanced Linux Sound Architecture Driver Initialized.
[    0.343032] Bluetooth: Core ver 2.18
[    0.343113] NET: Registered protocol family 31
[    0.343123] Bluetooth: HCI device and connection manager initialized
[    0.343147] Bluetooth: HCI socket layer initialized
[    0.343169] Bluetooth: L2CAP socket layer initialized
[    0.343230] Bluetooth: SCO socket layer initialized
[    0.343923] cfg80211: Calling CRDA to update world regulatory domain
[    0.344641] Switched to clocksource arch_sys_counter
[    0.366528] NET: Registered protocol family 2
[    0.367464] TCP established hash table entries: 8192 (order: 3, 32768 bytes)
[    0.367575] TCP bind hash table entries: 8192 (order: 4, 65536 bytes)
[    0.367763] TCP: Hash tables configured (established 8192 bind 8192)
[    0.368180] TCP: reno registered
[    0.368197] UDP hash table entries: 512 (order: 2, 16384 bytes)
[    0.368240] UDP-Lite hash table entries: 512 (order: 2, 16384 bytes)
[    0.368677] NET: Registered protocol family 1
[    0.369398] RPC: Registered named UNIX socket transport module.
[    0.369409] RPC: Registered udp transport module.
[    0.369417] RPC: Registered tcp transport module.
[    0.369426] RPC: Registered tcp NFSv4.1 backchannel transport module.
[    0.369438] PCI: CLS 0 bytes, default 64
[    0.373494] futex hash table entries: 1024 (order: 4, 65536 bytes)
[    0.374696] bounce pool size: 64 pages
[    0.376236] squashfs: version 4.0 (2009/01/31) Phillip Lougher
[    0.377041] msgmni has been set to 1469
[    0.378769] io scheduler noop registered (default)
[    0.407763] tegra-apbdma 6000a000.dma: Tegra20 APB DMA driver register 32 channels
[    0.408644] Serial: 8250/16550 driver, 4 ports, IRQ sharing disabled
[    0.411994] 70006300.serial: ttyS0 at MMIO 0x70006300 (irq = 122, base_baud = 25500000) is a Tegra
[    1.432153] console [ttyS0] enabled
[    1.436771] [drm] Initialized drm 1.1.0 20060810
[    1.441506] tegra-dc 54200000.dc: missing "nvidia,head" property
[    1.447900] tegra-dc 54240000.dc: missing "nvidia,head" property
[    1.454531] platform 54300000.dsi: Driver tegra-dsi requests probe deferral
[    1.462077] tegra-hdmi 54280000.hdmi: failed to get VDD regulator
[    1.468198] platform 54280000.hdmi: Driver tegra-hdmi requests probe deferral
[    1.487547] loop: module loaded
[    1.494796] m25p80 spi32766.0: w25q32dw (4096 Kbytes)
[    1.502717] pegasus: v0.9.3 (2013/04/25), Pegasus/Pegasus II USB Ethernet driver
[    1.510250] usbcore: registered new interface driver pegasus
[    1.516093] usbcore: registered new interface driver asix
[    1.521595] usbcore: registered new interface driver ax88179_178a
[    1.527807] usbcore: registered new interface driver cdc_ether
[    1.533740] usbcore: registered new interface driver r815x
[    1.539402] usbcore: registered new interface driver smsc75xx
[    1.545323] usbcore: registered new interface driver smsc95xx
[    1.551168] usbcore: registered new interface driver net1080
[    1.556953] usbcore: registered new interface driver cdc_subset
[    1.562972] usbcore: registered new interface driver zaurus
[    1.568717] usbcore: registered new interface driver cdc_ncm
[    1.574404] ehci_hcd: USB 2.0 'Enhanced' Host Controller (EHCI) Driver
[    1.580942] ehci-pci: EHCI PCI platform driver
[    1.585506] tegra-ehci: Tegra EHCI driver
[    1.589749] platform 7d008000.usb: Driver tegra-ehci requests probe deferral
[    1.597218] usbcore: registered new interface driver cdc_acm
[    1.602867] cdc_acm: USB Abstract Control Model driver for USB modems and ISDN adapters
[    1.610988] usbcore: registered new interface driver cdc_wdm
[    1.616812] usbcore: registered new interface driver usb-storage
[    1.623051] platform 7d008000.usb-phy: Driver tegra-phy requests probe deferral
[    1.631165] mousedev: PS/2 mouse device common for all mice
[    1.649697] palmas-rtc rtc.8: rtc core: registered rtc.8 as rtc0
[    1.660418] tegra_rtc 7000e000.rtc: rtc core: registered 7000e000.rtc as rtc1
[    1.667590] tegra_rtc 7000e000.rtc: Tegra internal Real Time Clock
[    1.675344] sbs-battery 0-000b: sbs_probe: Failed to get device status
[    1.681878] sbs-battery: probe of 0-000b failed with error -121
[    1.707001] sdhci: Secure Digital Host Controller Interface driver
[    1.713183] sdhci: Copyright(c) Pierre Ossman
[    1.717558] sdhci-pltfm: SDHCI platform and OF driver helper
[    1.723716] sdhci-tegra 78000400.sdhci: Got CD GPIO #170.
[    1.730198] mmc0: no vqmmc regulator found
[    1.734306] mmc0: no vmmc regulator found
[    1.738335] mmc0: Invalid maximum block size, assuming 512 bytes
[    1.786733] mmc0: SDHCI controller on 78000400.sdhci [78000400.sdhci] using ADMA
[    1.794307] mmc1: no vqmmc regulator found
[    1.798436] mmc1: no vmmc regulator found
[    1.802451] mmc1: Invalid maximum block size, assuming 512 bytes
[    1.854675] mmc1: SDHCI controller on 78000600.sdhci [78000600.sdhci] using ADMA
[    1.863116] usbcore: registered new interface driver usbhid
[    1.870796] usbhid: USB HID core driver
[    1.986935] mmc1: BKOPS_EN bit is not set
[    2.017576] mmc1: new HS200 MMC card at address 0001
[    2.023303] isa bounce pool size: 16 pages
[    2.027603] mmcblk0: mmc1:0001 SEM32G 29.1 GiB 
[    2.032474] mmcblk0boot0: mmc1:0001 SEM32G partition 1 4.00 MiB
[    2.038768] mmcblk0boot1: mmc1:0001 SEM32G partition 2 4.00 MiB
[    2.045107] mmcblk0rpmb: mmc1:0001 SEM32G partition 3 4.00 MiB
[    2.053861] Primary GPT is invalid, using alternate GPT.
[    2.059244]  mmcblk0: p1 p2 p3 p4 p5
[    2.068211]  mmcblk0boot1: unknown partition table
[    2.075279]  mmcblk0boot0: unknown partition table
[    2.319130] tegra-snd-rt5640 sound.5: ASoC: CPU DAI (null) not registered
[    2.326012] tegra-snd-rt5640 sound.5: snd_soc_register_card failed (-517)
[    2.332827] platform sound.5: Driver tegra-snd-rt5640 requests probe deferral
[    2.341428] TCP: cubic registered
[    2.345075] NET: Registered protocol family 10
[    2.351041] mip6: Mobile IPv6
[    2.354023] sit: IPv6 over IPv4 tunneling driver
[    2.361609] NET: Registered protocol family 17
[    2.366149] NET: Registered protocol family 15
[    2.370737] Bluetooth: RFCOMM socket layer initialized
[    2.375919] Bluetooth: RFCOMM ver 1.11
[    2.379690] Bluetooth: BNEP (Ethernet Emulation) ver 1.3
[    2.385041] Bluetooth: BNEP socket layer initialized
[    2.390009] Bluetooth: HIDP (Human Interface Emulation) ver 1.2
[    2.395960] Bluetooth: HIDP socket layer initialized
[    2.402245] Registering SWP/SWPB emulation handler
[    2.412411] hvdd-usb: disabling
[    2.418490] vdd-af-cam1: disabling
[    2.424685] LDO5: disabling
[    2.430357] vpp-fuse: disabling
[    2.436940] avdd-cam2: disabling
[    2.443637] avdd-cam1: disabling
[    2.450867] vdd-com-3v3: disabling
[    2.454879] vdd-lvds: disabling
[    2.458623] avdd-lcd: disabling
[    2.463565] dvdd_ts: 1800 mV 
[    2.467370] usb1_vbus: 5000 mV 
[    2.470664] usb1_vbus: supplied by vdd-sys-5v0
[    2.475962] usb2_vbus: 5000 mV 
[    2.479272] usb2_vbus: supplied by vdd-sys-5v0
[    2.484548] vdd_hdmi_5v0: 5000 mV 
[    2.488153] vdd_hdmi_5v0: supplied by vdd-sys-5v0
[    2.495774] vdd_cam_1v8_reg: 1800 mV 
[    2.506679] [drm] Supports vblank timestamp caching Rev 2 (21.10.2013).
[    2.513299] [drm] No driver support for vblank timestamp query.
[    2.571868] Console: switching to colour frame buffer device 240x75
[    2.600269] host1x drm: fb0:  frame buffer device
[    2.604993] host1x drm: registered panic notifier
[    2.609711] [drm] Initialized tegra 0.0.0 20120330 on minor 0
[    2.616063] platform 7d008000.usb: Driver tegra-ehci requests probe deferral
[    2.624928] tegra-snd-rt5640 sound.5: ASoC: CPU DAI (null) not registered
[    2.631857] tegra-snd-rt5640 sound.5: snd_soc_register_card failed (-517)
[    2.638821] platform sound.5: Driver tegra-snd-rt5640 requests probe deferral
[    2.646691] tegra-ehci 7d008000.usb: EHCI Host Controller
[    2.652301] tegra-ehci 7d008000.usb: new USB bus registered, assigned bus number 1
[    2.661192] tegra-ehci 7d008000.usb: irq 129, io mem 0x7d008000
[    2.684730] tegra-ehci 7d008000.usb: USB 2.0 started, EHCI 1.10
[    2.692970] hub 1-0:1.0: USB hub found
[    2.696958] hub 1-0:1.0: 1 port detected
[    2.702786] tegra-snd-rt5640 sound.5: ASoC: CPU DAI (null) not registered
[    2.709738] tegra-snd-rt5640 sound.5: snd_soc_register_card failed (-517)
[    2.716680] platform sound.5: Driver tegra-snd-rt5640 requests probe deferral
[    2.725759] input: gpio-keys.3 as /devices/soc0/gpio-keys.3/input/input0
[    2.734204] tegra-snd-rt5640 sound.5: ASoC: CPU DAI (null) not registered
[    2.741035] palmas-rtc rtc.8: setting system clock to 2000-04-29 06:21:57 UTC (956989317)
[    2.741165] tegra-snd-rt5640 sound.5: snd_soc_register_card failed (-517)
[    2.741219] platform sound.5: Driver tegra-snd-rt5640 requests probe deferral
[    2.780320] ALSA device list:
[    2.783323]   No soundcards found.
[    2.797533] kjournald starting.  Commit interval 5 seconds
[    2.803209] EXT3-fs (mmcblk0p1): using internal journal
[    2.808518] EXT3-fs (mmcblk0p1): recovery complete
[    2.813349] EXT3-fs (mmcblk0p1): mounted filesystem with writeback data mode
[    2.820646] VFS: Mounted root (ext3 filesystem) on device 179:1.
[    2.829852] devtmpfs: mounted
[    2.833205] Freeing unused kernel memory: 240K (c0782000 - c07be000)
bash: cannot set terminal process group (-1): Inappropriate ioctl for device
bash: no job control in this shell
I have no name!@(none):/# [    3.014900] usb 1-1: new high-speed USB device number 2 using tegra-ehci
[    3.485677] random: nonblocking pool is initialized
[    3.510041] asix 1-1:1.0 eth0: register 'asix' at usb-7d008000.usb-1, ASIX AX88772 USB 2.0 Ethernet, 00:50:b6:0d:b5:16
[    3.521557] tegra-snd-rt5640 sound.5: ASoC: CPU DAI (null) not registered
[    3.528564] tegra-snd-rt5640 sound.5: snd_soc_register_card failed (-517)
[    3.535543] platform sound.5: Driver tegra-snd-rt5640 requests probe deferral
