
U-Boot SPL 2016.05-rc2 (Apr 21 2016 - 16:23:00)
Trying to boot from RAM


U-Boot 2016.05-rc2 (Apr 21 2016 - 16:23:00 -0700)

TEGRA124
Model: NVIDIA Jetson TK1
Board: NVIDIA Jetson TK1
DRAM:  2 GiB
MC:   Tegra SD/MMC: 0, Tegra SD/MMC: 1
In:    serial
Out:   serial
Err:   serial
Net:   No ethernet found.
Hit any key to stop autoboot:  2  0 
Tegra124 (Jetson TK1) # 
Tegra124 (Jetson TK1) # pci enum
Tegra124 (Jetson TK1) # setenv bootargs 'ignore_loglevel console=ttyS0,115200n8 rw root=PARTUUID=b1791faa-84e8-4e27-83a1-9fb0a77e8803 rootwait gpt debug noinitrd earlyprintk init=/bin/bash'
Tegra124 (Jetson TK1) # setenv ipaddr 192.168.100.102; setenv serverip 192.168.100.1; setenv tftpserverip 192.168.100.1
Tegra124 (Jetson TK1) # tftpboot 0x82000000 zImage.multi_v7_defconfig

Warning: eth_rtl8169 using MAC address from ROM
Using eth_rtl8169 device
TFTP from server 192.168.100.1; our IP address is 192.168.100.102
Filename 'zImage.multi_v7_defconfig'.
Load address: 0x82000000
Loading: *#################################################################
	 #################################################################
	 #################################################################
	 #################################################################
	 #################################################################
	 #################################################################
	 #################################################################
	 ##########################################
	 3.5 MiB/s
done
Bytes transferred = 7281296 (6f1a90 hex)
Tegra124 (Jetson TK1) # tftpboot 0x83000000 tegra124-jetson-tk1.dtb
Using eth_rtl8169 device
TFTP from server 192.168.100.1; our IP address is 192.168.100.102
Filename 'tegra124-jetson-tk1.dtb'.
Load address: 0x83000000
Loading: *#####
	 4 MiB/s
done
Bytes transferred = 66737 (104b1 hex)
Tegra124 (Jetson TK1) # bootz 0x82000000 - 0x83000000
Kernel image @ 0x82000000 [ 0x000000 - 0x6f1a90 ]
## Flattened Device Tree blob at 83000000
   Booting using the fdt blob at 0x83000000
   Using Device Tree in place at 83000000, end 830134b0

Starting kernel ...

[    0.000000] Booting Linux on physical CPU 0x0
[    0.000000] Linux version 4.7.0-rc4-next-20160622-101798-ga37b237 (pwalmsley@sellafield) (gcc version 4.7.3 20130328 (prerelease) (crosstool-NG linaro-1.13.1-4.7-2013.04-20130415 - Linaro GCC 2013.04) ) #1 SMP Tue Jun 21 23:19:19 PDT 2016
[    0.000000] CPU: ARMv7 Processor [413fc0f3] revision 3 (ARMv7), cr=10c5387d
[    0.000000] CPU: div instructions available: patching division code
[    0.000000] CPU: PIPT / VIPT nonaliasing data cache, PIPT instruction cache
[    0.000000] Machine model: NVIDIA Tegra124 Jetson TK1
[    0.000000] debug: ignoring loglevel setting.
[    0.000000] cma: Reserved 64 MiB at 0xfb800000
[    0.000000] Memory policy: Data cache writealloc
[    0.000000] On node 0 totalpages: 524032
[    0.000000] free_area_init_node: node 0, pgdat c141b4c0, node_mem_map eeffa000
[    0.000000]   DMA zone: 1536 pages used for memmap
[    0.000000]   DMA zone: 0 pages reserved
[    0.000000]   DMA zone: 196608 pages, LIFO batch:31
[    0.000000]   HighMem zone: 327424 pages, LIFO batch:31
[    0.000000] percpu: Embedded 14 pages/cpu @eef87000 s26048 r8192 d23104 u57344
[    0.000000] pcpu-alloc: s26048 r8192 d23104 u57344 alloc=14*4096
[    0.000000] pcpu-alloc: [0] 0 [0] 1 [0] 2 [0] 3 
[    0.000000] Built 1 zonelists in Zone order, mobility grouping on.  Total pages: 522496
[    0.000000] Kernel command line: ignore_loglevel console=ttyS0,115200n8 rw root=PARTUUID=b1791faa-84e8-4e27-83a1-9fb0a77e8803 rootwait gpt debug noinitrd earlyprintk init=/bin/bash
[    0.000000] PID hash table entries: 4096 (order: 2, 16384 bytes)
[    0.000000] Dentry cache hash table entries: 131072 (order: 7, 524288 bytes)
[    0.000000] Inode-cache hash table entries: 65536 (order: 6, 262144 bytes)
[    0.000000] Memory: 1994988K/2096128K available (9531K kernel code, 1141K rwdata, 4516K rodata, 2048K init, 342K bss, 35604K reserved, 65536K cma-reserved, 1244160K highmem)
[    0.000000] Virtual kernel memory layout:
[    0.000000]     vector  : 0xffff0000 - 0xffff1000   (   4 kB)
[    0.000000]     fixmap  : 0xffc00000 - 0xfff00000   (3072 kB)
[    0.000000]     vmalloc : 0xf0800000 - 0xff800000   ( 240 MB)
[    0.000000]     lowmem  : 0xc0000000 - 0xf0000000   ( 768 MB)
[    0.000000]     pkmap   : 0xbfe00000 - 0xc0000000   (   2 MB)
[    0.000000]     modules : 0xbf000000 - 0xbfe00000   (  14 MB)
[    0.000000]       .text : 0xc0208000 - 0xc10b7c58   (15040 kB)
[    0.000000]       .init : 0xc1100000 - 0xc1300000   (2048 kB)
[    0.000000]       .data : 0xc1300000 - 0xc141d520   (1142 kB)
[    0.000000]        .bss : 0xc141f000 - 0xc1474b48   ( 343 kB)
[    0.000000] SLUB: HWalign=64, Order=0-3, MinObjects=0, CPUs=4, Nodes=1
[    0.000000] Hierarchical RCU implementation.
[    0.000000] 	Build-time adjustment of leaf fanout to 32.
[    0.000000] 	RCU restricting CPUs from NR_CPUS=16 to nr_cpu_ids=4.
[    0.000000] RCU: Adjusting geometry for rcu_fanout_leaf=32, nr_cpu_ids=4
[    0.000000] NR_IRQS:16 nr_irqs:16 16
[    0.000000] /interrupt-controller@60004000: 160 interrupts forwarded to /interrupt-controller@0,50041000
[    0.000000] Tegra clk 127: register failed with -17
[    0.000009] sched_clock: 32 bits at 1000kHz, resolution 1000ns, wraps every 2147483647500ns
[    0.000032] clocksource: timer_us: mask: 0xffffffff max_cycles: 0xffffffff, max_idle_ns: 1911260446275 ns
[    0.000046] Switching to timer-based delay loop, resolution 1000ns
[    0.005498] Architected cp15 timer(s) running at 12.00MHz (virt).
[    0.005516] clocksource: arch_sys_counter: mask: 0xffffffffffffff max_cycles: 0x2c47f4ee7, max_idle_ns: 440795202497 ns
[    0.005535] sched_clock: 56 bits at 12MHz, resolution 83ns, wraps every 4398046511096ns
[    0.005547] Switching to timer-based delay loop, resolution 83ns
[    0.006070] Console: colour dummy device 80x30
[    0.006097] Calibrating delay loop (skipped), value calculated using timer frequency.. 24.00 BogoMIPS (lpj=60000)
[    0.006113] pid_max: default: 32768 minimum: 301
[    0.006206] Mount-cache hash table entries: 2048 (order: 1, 8192 bytes)
[    0.006218] Mountpoint-cache hash table entries: 2048 (order: 1, 8192 bytes)
[    0.006818] CPU: Testing write buffer coherency: ok
[    0.007038] /cpus/cpu@0 missing clock-frequency property
[    0.007081] /cpus/cpu@1 missing clock-frequency property
[    0.007123] /cpus/cpu@2 missing clock-frequency property
[    0.007166] /cpus/cpu@3 missing clock-frequency property
[    0.007178] CPU0: thread -1, cpu 0, socket 0, mpidr 80000000
[    0.007199] Setting up static identity map for 0x80300000 - 0x80300098
[    0.010932] Tegra Revision: A01 SKU: 129 CPU Process: 1 SoC Process: 1
[    0.012303] CPU1: thread -1, cpu 1, socket 0, mpidr 80000001
[    0.015988] CPU2: thread -1, cpu 2, socket 0, mpidr 80000002
[    0.020985] CPU3: thread -1, cpu 3, socket 0, mpidr 80000003
[    0.025516] Brought up 4 CPUs
[    0.025536] SMP: Total of 4 processors activated (96.00 BogoMIPS).
[    0.025543] CPU: All CPU(s) started in SVC mode.
[    0.026998] devtmpfs: initialized
[    0.045319] VFP support v0.3: implementor 41 architecture 4 part 30 variant f rev 0
[    0.045754] clocksource: jiffies: mask: 0xffffffff max_cycles: 0xffffffff, max_idle_ns: 9556302231375000 ns
[    0.047139] pinctrl core: initialized pinctrl subsystem
[    0.048973] NET: Registered protocol family 16
[    0.050902] DMA: preallocated 256 KiB pool for atomic coherent allocations
[    0.065633] cpuidle: using governor menu
[    0.084849] No ATAGs?
[    0.084876] hw-breakpoint: found 5 (+1 reserved) breakpoint and 4 watchpoint registers.
[    0.084887] hw-breakpoint: maximum watchpoint size is 8 bytes.
[    0.091188] Serial: AMBA PL011 UART driver
[    0.125766] +5V_SYS: supplied by +VDD_MUX
[    0.126102] +3.3V_SYS: supplied by +VDD_MUX
[    0.126751] +USB0_VBUS_SW: Failed to request enable GPIO108: -517
[    0.126766] reg-fixed-voltage regulators:regulator@7: Failed to register regulator: -517
[    0.126856] +5V_USB_HS: Failed to request enable GPIO109: -517
[    0.126869] reg-fixed-voltage regulators:regulator@8: Failed to register regulator: -517
[    0.127034] +1.05V_RUN_AVDD_HDMI_PLL: Failed to request enable GPIO63: -517
[    0.127047] reg-fixed-voltage regulators:regulator@11: Failed to register regulator: -517
[    0.127132] +5V_HDMI_CON: Failed to request enable GPIO86: -517
[    0.127144] reg-fixed-voltage regulators:regulator@12: Failed to register regulator: -517
[    0.127231] +5V_SATA: Failed to request enable GPIO242: -517
[    0.127242] reg-fixed-voltage regulators:regulator@13: Failed to register regulator: -517
[    0.127329] +12V_SATA: Failed to request enable GPIO242: -517
[    0.127340] reg-fixed-voltage regulators:regulator@14: Failed to register regulator: -517
[    0.130686] vgaarb: loaded
[    0.131511] SCSI subsystem initialized
[    0.131673] libata version 3.00 loaded.
[    0.131955] usbcore: registered new interface driver usbfs
[    0.132022] usbcore: registered new interface driver hub
[    0.132095] usbcore: registered new device driver usb
[    0.135758] pps_core: LinuxPPS API ver. 1 registered
[    0.135768] pps_core: Software ver. 5.3.6 - Copyright 2005-2007 Rodolfo Giometti <giometti@linux.it>
[    0.135791] PTP clock support registered
[    0.136020] EDAC MC: Ver: 3.0.0
[    0.139173] clocksource: Switched to clocksource arch_sys_counter
[    0.150137] NET: Registered protocol family 2
[    0.150651] TCP established hash table entries: 8192 (order: 3, 32768 bytes)
[    0.150750] TCP bind hash table entries: 8192 (order: 4, 65536 bytes)
[    0.150937] TCP: Hash tables configured (established 8192 bind 8192)
[    0.150988] UDP hash table entries: 512 (order: 2, 16384 bytes)
[    0.151030] UDP-Lite hash table entries: 512 (order: 2, 16384 bytes)
[    0.151192] NET: Registered protocol family 1
[    0.151502] RPC: Registered named UNIX socket transport module.
[    0.151511] RPC: Registered udp transport module.
[    0.151519] RPC: Registered tcp transport module.
[    0.151526] RPC: Registered tcp NFSv4.1 backchannel transport module.
[    0.151537] PCI: CLS 0 bytes, default 64
[    0.152725] hw perfevents: enabled with armv7_cortex_a15 PMU driver, 7 counters available
[    0.154229] futex hash table entries: 1024 (order: 4, 65536 bytes)
[    0.154928] workingset: timestamp_bits=28 max_order=19 bucket_order=0
[    0.166175] squashfs: version 4.0 (2009/01/31) Phillip Lougher
[    0.167014] NFS: Registering the id_resolver key type
[    0.167046] Key type id_resolver registered
[    0.167055] Key type id_legacy registered
[    0.167095] ntfs: driver 2.1.32 [Flags: R/O].
[    0.168339] bounce: pool size: 64 pages
[    0.168549] Block layer SCSI generic (bsg) driver version 0.4 loaded (major 248)
[    0.168560] io scheduler noop registered
[    0.168567] io scheduler deadline registered
[    0.168759] io scheduler cfq registered (default)
[    0.174544] usb2-0 supply vbus not found, using dummy regulator
[    0.174665] usb2-1 supply vbus not found, using dummy regulator
[    0.175060] tegra-xusb-padctl 7009f000.padctl: failed to setup XUSB ports: -517
[    0.175757] libphy: mdio_driver_register: phy-bcm-ns2-pci
[    0.191882] tegra-pcie 1003000.pcie-controller: 2x1, 1x1 configuration
[    0.191935] tegra-pcie 1003000.pcie-controller: Failed to get supply 'avddio-pex': -517
[    0.199249] tegra-apbdma 60020000.dma: Tegra20 APB DMA driver register 32 channels
[    0.201290] tegra-pmc 7000e400.pmc: emergency thermal reset enabled
[    0.263814] Serial: 8250/16550 driver, 4 ports, IRQ sharing disabled
[    0.266774] console [ttyS0] disabled
[    0.266810] 70006300.serial: ttyS0 at MMIO 0x70006300 (irq = 333, base_baud = 25500000) is a Tegra
[    1.123824] console [ttyS0] enabled
[    1.128248] SuperH (H)SCI(F) driver initialized
[    1.133849] msm_serial: driver initialized
[    1.138167] STMicroelectronics ASC driver initialized
[    1.144171] serial-tegra serial@70006000: failed to get alias id, errno -19
[    1.151190] serial-tegra serial@70006040: failed to get alias id, errno -19
[    1.161437] [drm] Initialized drm 1.1.0 20060810
[    1.169619] tegra-hdmi 54280000.hdmi: failed to get HDMI regulator
[    1.189050] brd: module loaded
[    1.198020] loop: module loaded
[    1.201635] at24 0-0056: 256 byte 24c02 EEPROM, writable, 8 bytes/write
[    1.209965] as3722 4-0040: AS3722 with revision 0x1 found
[    1.221202] as3722-sd2: supplied by +5V_SYS
[    1.225874] as3722-sd3: supplied by +5V_SYS
[    1.230281] +1.35V_LP0(sd3): Bringing 0uV into 1350000-1350000uV
[    1.236656] as3722-sd4: supplied by +5V_SYS
[    1.241308] as3722-sd5: supplied by +5V_SYS
[    1.247369] as3722-ldo0: supplied by +1.35V_LP0(sd2)
[    1.253454] +1.8V_RUN_CAM: Bringing 0uV into 1800000-1800000uV
[    1.259712] as3722-ldo2: supplied by +1.8V_VDDIO
[    1.265646] as3722-ldo3: supplied by +3.3V_SYS
[    1.270137] +1.05V_LP0_VDD_RTC: Bringing 1100000uV into 1000000-1000000uV
[    1.277948] as3722-ldo4: supplied by +3.3V_SYS
[    1.282625] +2.8V_RUN_CAM: Bringing 0uV into 2800000-2800000uV
[    1.288876] as3722-ldo5: supplied by +1.8V_VDDIO
[    1.293717] +1.2V_RUN_CAM_FRONT: Bringing 0uV into 1200000-1200000uV
[    1.300679] +VDDIO_SDMMC3: bypassed regulator has no supply!
[    1.306345] +VDDIO_SDMMC3: failed to get the current voltage(-517)
[    1.312531] as3722-regulator as3722-regulator: regulator 13 register failed -517
[    1.325011] tegra-ahci 70027000.sata: couldn't get PHY in node sata: -517
[    1.346912] m25p80 spi32765.0: w25q32dw (4096 Kbytes)
[    1.355436] libphy: Fixed MDIO Bus: probed
[    1.360381] CAN device driver interface
[    1.366371] igb: Intel(R) Gigabit Ethernet Network Driver - version 5.3.0-k
[    1.373334] igb: Copyright (c) 2007-2014 Intel Corporation.
[    1.382428] pegasus: v0.9.3 (2013/04/25), Pegasus/Pegasus II USB Ethernet driver
[    1.389879] usbcore: registered new interface driver pegasus
[    1.395598] usbcore: registered new interface driver asix
[    1.401041] usbcore: registered new interface driver ax88179_178a
[    1.407177] usbcore: registered new interface driver cdc_ether
[    1.413072] usbcore: registered new interface driver smsc75xx
[    1.418884] usbcore: registered new interface driver smsc95xx
[    1.424674] usbcore: registered new interface driver net1080
[    1.430377] usbcore: registered new interface driver cdc_subset
[    1.436339] usbcore: registered new interface driver zaurus
[    1.441984] usbcore: registered new interface driver cdc_ncm
[    1.447878] tegra-phy 7d004000.usb-phy: no vbus regulator
[    1.455361] ehci_hcd: USB 2.0 'Enhanced' Host Controller (EHCI) Driver
[    1.461891] ehci-pci: EHCI PCI platform driver
[    1.466382] ehci-platform: EHCI generic platform driver
[    1.471844] ehci-orion: EHCI orion driver
[    1.476010] SPEAr-ehci: EHCI SPEAr driver
[    1.480189] ehci-st: EHCI STMicroelectronics driver
[    1.485226] ehci-exynos: EHCI EXYNOS driver
[    1.489589] ehci-atmel: EHCI Atmel driver
[    1.493744] tegra-ehci: Tegra EHCI driver
[    1.500611] tegra-ehci 7d004000.usb: EHCI Host Controller
[    1.506034] tegra-ehci 7d004000.usb: new USB bus registered, assigned bus number 1
[    1.513773] tegra-ehci 7d004000.usb: irq 352, io mem 0x7d004000
[    1.534195] tegra-ehci 7d004000.usb: USB 2.0 started, EHCI 1.10
[    1.540942] hub 1-0:1.0: USB hub found
[    1.544745] hub 1-0:1.0: 1 port detected
[    1.549301] ohci_hcd: USB 1.1 'Open' Host Controller (OHCI) Driver
[    1.555498] ohci-pci: OHCI PCI platform driver
[    1.560001] ohci-platform: OHCI generic platform driver
[    1.565421] ohci-omap3: OHCI OMAP3 driver
[    1.569598] SPEAr-ohci: OHCI SPEAr driver
[    1.573757] ohci-st: OHCI STMicroelectronics driver
[    1.578799] ohci-atmel: OHCI Atmel driver
[    1.583655] usbcore: registered new interface driver usb-storage
[    1.591389] mousedev: PS/2 mouse device common for all mice
[    1.600285] as3722-rtc as3722-rtc: rtc core: registered as3722-rtc as rtc0
[    1.607174] as3722-rtc as3722-rtc: RTC interrupt 375
[    1.615558] tegra_rtc 7000e000.rtc: rtc core: registered 7000e000.rtc as rtc1
[    1.622746] tegra_rtc 7000e000.rtc: Tegra internal Real Time Clock
[    1.629549] i2c /dev entries driver
[    1.640348] 0-004c supply vcc not found, using dummy regulator
[    1.656086] sdhci: Secure Digital Host Controller Interface driver
[    1.662275] sdhci: Copyright(c) Pierre Ossman
[    1.668360] Synopsys Designware Multimedia Card Interface Driver
[    1.675576] sdhci-pltfm: SDHCI platform and OF driver helper
[    1.682059] sdhci-tegra 700b0400.sdhci: Got CD GPIO
[    1.686962] sdhci-tegra 700b0400.sdhci: Got WP GPIO
[    1.691901] mmc0: Unknown controller version (3). You may experience problems.
[    1.699458] mmc0: Unknown controller version (3). You may experience problems.
[    1.706765] mmc0: Invalid maximum block size, assuming 512 bytes
[    1.754195] mmc0: SDHCI controller on 700b0600.sdhci [700b0600.sdhci] using ADMA 64-bit
[    1.763936] ledtrig-cpu: registered to indicate activity on CPUs
[    1.770283] usbcore: registered new interface driver usbhid
[    1.775861] usbhid: USB HID core driver
[    1.784288] tegra124-dfll 70110000.clock: couldn't get vdd_cpu regulator
[    1.796238] NET: Registered protocol family 10
[    1.801625] sit: IPv6 over IPv4 tunneling driver
[    1.806922] NET: Registered protocol family 17
[    1.811409] can: controller area network core (rev 20120528 abi 9)
[    1.817668] NET: Registered protocol family 29
[    1.822136] can: raw protocol (rev 20120528)
[    1.826422] can: broadcast manager protocol (rev 20160617 t)
[    1.832108] can: netlink gateway (rev 20130117) max_hops=1
[    1.837972] Key type dns_resolver registered
[    1.842878] ThumbEE CPU extension supported.
[    1.847174] Registering SWP/SWPB emulation handler
[    1.855145] +3.3V_RUN: supplied by +3.3V_SYS
[    1.860790] +3.3V_AVDD_HDMI_AP_GATED: supplied by +3.3V_RUN
[    1.867170] +USB0_VBUS_SW: supplied by +5V_SYS
[    1.872596] +5V_USB_HS: supplied by +5V_SYS
[    1.878613] +3.3V_LP0: supplied by +3.3V_SYS
[    1.884967] +5V_HDMI_CON: supplied by +5V_SYS
[    1.890155] +5V_SATA: supplied by +5V_SYS
[    1.895004] +12V_SATA: supplied by +VDD_MUX
[    1.901082] usb2-0 supply vbus not found, using dummy regulator
[    1.907207] usb2-1 supply vbus not found, using dummy regulator
[    1.913517] usb3-0 supply vbus not found, using dummy regulator
[    1.920983] tegra-pcie 1003000.pcie-controller: 2x1, 1x1 configuration
[    1.927717] tegra-pcie 1003000.pcie-controller: Failed to get supply 'avddio-pex': -517
[    1.937769] tegra-hdmi 54280000.hdmi: failed to get PLL regulator
[    1.948363] as3722-sd2: supplied by +5V_SYS
[    1.953205] as3722-sd3: supplied by +5V_SYS
[    1.957973] as3722-sd4: supplied by +5V_SYS
[    1.962651] +1.05V_RUN_AVDD_HDMI_PLL: supplied by +1.05V_RUN
[    1.968584] as3722-sd5: supplied by +5V_SYS
[    1.968892] mmc0: new high speed MMC card at address 0001
[    1.970304] mmcblk0: mmc0:0001 SEM16G 14.7 GiB 
[    1.971086] mmcblk0boot0: mmc0:0001 SEM16G partition 1 4.00 MiB
[    1.972297] mmcblk0boot1: mmc0:0001 SEM16G partition 2 4.00 MiB
[    1.972704] mmcblk0rpmb: mmc0:0001 SEM16G partition 3 4.00 MiB
[    1.995021]  mmcblk0: p1
[    2.004763] as3722-ldo0: supplied by +1.35V_LP0(sd2)
[    2.010339] as3722-ldo1: supplied by +3.3V_RUN
[    2.015232] as3722-ldo2: supplied by +1.8V_VDDIO
[    2.020920] as3722-ldo3: supplied by +3.3V_SYS
[    2.026443] as3722-ldo4: supplied by +3.3V_SYS
[    2.031290] as3722-ldo5: supplied by +1.8V_VDDIO
[    2.036318] as3722-ldo6: supplied by +3.3V_RUN
[    2.041066] as3722-ldo7: supplied by +1.8V_VDDIO
[    2.046439] +1.05V_RUN_CAM_REAR: Bringing 0uV into 1050000-1050000uV
[    2.053553] as3722-ldo9: supplied by +5V_SYS
[    2.059009] +3.3V_RUN_TOUCH: Bringing 0uV into 2800000-2800000uV
[    2.065724] as3722-ldo10: supplied by +5V_SYS
[    2.070811] +2.8V_RUN_CAM_AF: Bringing 0uV into 2800000-2800000uV
[    2.077620] as3722-ldo11: supplied by +3.3V_RUN
[    2.082893] +1.8V_RUN_VPP_FUSE: Bringing 0uV into 1800000-1800000uV
[    2.092781] tegra-ahci 70027000.sata: AHCI 0001.0301 32 slots 2 ports 3 Gbps 0x1 impl platform mode
[    2.101860] tegra-ahci 70027000.sata: flags: 64bit ncq sntf pm led pio slum part sadm sds apst 
[    2.112725] scsi host0: tegra-ahci
[    2.117445] scsi host1: tegra-ahci
[    2.121243] ata1: SATA max UDMA/133 mmio [mem 0x70027000-0x70028fff] port 0x100 irq 343
[    2.129257] ata2: DUMMY
[    2.134882] tegra-ehci 7d008000.usb: EHCI Host Controller
[    2.140321] tegra-ehci 7d008000.usb: new USB bus registered, assigned bus number 2
[    2.148081] tegra-ehci 7d008000.usb: irq 353, io mem 0x7d008000
[    2.164293] tegra-ehci 7d008000.usb: USB 2.0 started, EHCI 1.10
[    2.171435] hub 2-0:1.0: USB hub found
[    2.175291] hub 2-0:1.0: 1 port detected
[    2.181812] sdhci-tegra 700b0400.sdhci: Got CD GPIO
[    2.186769] sdhci-tegra 700b0400.sdhci: Got WP GPIO
[    2.191764] mmc1: Unknown controller version (3). You may experience problems.
[    2.199276] mmc1: Invalid maximum block size, assuming 512 bytes
[    2.249771] mmc1: SDHCI controller on 700b0400.sdhci [700b0400.sdhci] using ADMA 64-bit
[    2.262370] tegra-pcie 1003000.pcie-controller: 2x1, 1x1 configuration
[    2.276227] tegra-pcie 1003000.pcie-controller: probing port 0, using 2 lanes
[    2.285469] tegra-pcie 1003000.pcie-controller: Slot present pin change, signature: 00000008
[    2.309795] tegra-pcie 1003000.pcie-controller: probing port 1, using 1 lanes
[    2.319082] tegra-pcie 1003000.pcie-controller: Slot present pin change, signature: 00000000
[    2.334071] tegra-pcie 1003000.pcie-controller: PCI host bridge to bus 0000:00
[    2.341341] pci_bus 0000:00: root bus resource [io  0x0000-0xffff]
[    2.347555] pci_bus 0000:00: root bus resource [mem 0x13000000-0x1fffffff]
[    2.354472] pci_bus 0000:00: root bus resource [mem 0x20000000-0x3fffffff pref]
[    2.361812] pci_bus 0000:00: root bus resource [bus 00-ff]
[    2.367375] pci 0000:00:01.0: [10de:0e12] type 01 class 0x060400
[    2.373522] pci 0000:00:01.0: PME# supported from D0 D1 D2 D3hot D3cold
[    2.380512] pci 0000:00:02.0: [10de:0e13] type 01 class 0x060400
[    2.386661] pci 0000:00:02.0: PME# supported from D0 D1 D2 D3hot D3cold
[    2.393641] PCI: bus0: Fast back to back transfers disabled
[    2.399261] pci 0000:00:01.0: bridge configuration invalid ([bus 00-00]), reconfiguring
[    2.407304] pci 0000:00:02.0: bridge configuration invalid ([bus 00-00]), reconfiguring
[    2.415588] pci 0000:01:00.0: [8086:4232] type 00 class 0x028000
[    2.421682] pci 0000:01:00.0: reg 0x10: [mem 0x00000000-0x00001fff 64bit]
[    2.428705] pci 0000:01:00.0: PME# supported from D0 D3hot D3cold
[    2.447691] ata1: SATA link down (SStatus 0 SControl 300)
[    2.449311] PCI: bus1: Fast back to back transfers disabled
[    2.449329] pci_bus 0000:01: busn_res: [bus 01-ff] end is updated to 01
[    2.449666] pci 0000:02:00.0: [10ec:8168] type 00 class 0x020000
[    2.449712] pci 0000:02:00.0: reg 0x10: [io  0x0000-0x00ff]
[    2.449763] pci 0000:02:00.0: reg 0x18: [mem 0x00000000-0x00000fff 64bit]
[    2.449795] pci 0000:02:00.0: reg 0x20: [mem 0x00000000-0x00003fff 64bit pref]
[    2.449986] pci 0000:02:00.0: supports D1 D2
[    2.449991] pci 0000:02:00.0: PME# supported from D0 D1 D2 D3hot D3cold
[    2.464318] PCI: bus2: Fast back to back transfers disabled
[    2.464332] pci_bus 0000:02: busn_res: [bus 02-ff] end is updated to 02
[    2.464520] pci 0000:00:01.0: BAR 8: assigned [mem 0x13000000-0x130fffff]
[    2.464529] pci 0000:00:02.0: BAR 8: assigned [mem 0x13100000-0x131fffff]
[    2.464538] pci 0000:00:02.0: BAR 9: assigned [mem 0x20000000-0x200fffff 64bit pref]
[    2.464545] pci 0000:00:02.0: BAR 7: assigned [io  0x1000-0x1fff]
[    2.464556] pci 0000:01:00.0: BAR 0: assigned [mem 0x13000000-0x13001fff 64bit]
[    2.464590] pci 0000:00:01.0: PCI bridge to [bus 01]
[    2.464602] pci 0000:00:01.0:   bridge window [mem 0x13000000-0x130fffff]
[    2.464620] pci 0000:02:00.0: BAR 4: assigned [mem 0x20000000-0x20003fff 64bit pref]
[    2.464649] pci 0000:02:00.0: BAR 2: assigned [mem 0x13100000-0x13100fff 64bit]
[    2.464676] pci 0000:02:00.0: BAR 0: assigned [io  0x1000-0x10ff]
[    2.464689] pci 0000:00:02.0: PCI bridge to [bus 02]
[    2.464696] pci 0000:00:02.0:   bridge window [io  0x1000-0x1fff]
[    2.464707] pci 0000:00:02.0:   bridge window [mem 0x13100000-0x131fffff]
[    2.464717] pci 0000:00:02.0:   bridge window [mem 0x20000000-0x200fffff 64bit pref]
[    2.464759] pci 0000:00:01.0: nv_msi_ht_cap_quirk didn't locate host bridge
[    2.464887] pcieport 0000:00:01.0: enabling device (0140 -> 0142)
[    2.465171] pcieport 0000:00:01.0: Signaling PME through PCIe PME interrupt
[    2.465176] pci 0000:01:00.0: Signaling PME through PCIe PME interrupt
[    2.465187] pcie_pme 0000:00:01.0:pcie001: service driver pcie_pme loaded
[    2.465305] pci 0000:00:02.0: nv_msi_ht_cap_quirk didn't locate host bridge
[    2.465410] pcieport 0000:00:02.0: enabling device (0140 -> 0143)
[    2.465648] pcieport 0000:00:02.0: Signaling PME through PCIe PME interrupt
[    2.465654] pci 0000:02:00.0: Signaling PME through PCIe PME interrupt
[    2.465664] pcie_pme 0000:00:02.0:pcie001: service driver pcie_pme loaded
[    2.466002] r8169 Gigabit Ethernet driver 2.3LK-NAPI loaded
[    2.466029] r8169 0000:02:00.0: enabling device (0140 -> 0143)
[    2.480972] r8169 0000:02:00.0 eth0: RTL8168g/8111g at 0xf0a52000, 00:04:4b:3a:d9:81, XID 0c000800 IRQ 393
[    2.480980] r8169 0000:02:00.0 eth0: jumbo features [frames: 9200 bytes, tx checksumming: ko]
[    2.491088] [drm] Supports vblank timestamp caching Rev 2 (21.10.2013).
[    2.491093] [drm] No driver support for vblank timestamp query.
[    2.491133] drm drm: No connectors reported connected with modes
[    2.491143] [drm] Cannot find any crtc or sizes - going 1024x768
[    2.527740] mmc1: new high speed SDHC card at address aaaa
[    2.528630] mmcblk1: mmc1:aaaa SD04G 3.69 GiB 
[    2.539068]  mmcblk1: p1 p2 p3
[    2.749915] Console: switching to colour frame buffer device 128x48
[    2.763666] drm drm: fb0:  frame buffer device
[    2.784315] [drm] Initialized tegra 0.0.0 20120330 on minor 0
[    2.791626] of: dev_pm_opp_of_cpumask_add_table: couldn't find opp table for cpu:0, -19
[    2.799678] cpufreq: cpufreq_online: CPU0: Running at unlisted freq: 696000 KHz
[    2.807038] cpufreq: cpufreq_online: CPU0: Unlisted initial frequency changed to: 714000 KHz
[    2.816401] input: gpio-keys as /devices/soc0/gpio-keys/input/input0
[    2.823702] as3722-rtc as3722-rtc: setting system clock to 2000-01-01 00:01:40 UTC (946684900)
[    2.835556] +USB0_VBUS_SW: disabling
[    2.839129] +1.8V_RUN_CAM: disabling
[    2.842931] +2.8V_RUN_CAM: disabling
[    2.846745] +1.2V_RUN_CAM_FRONT: disabling
[    2.851033] +1.05V_RUN_CAM_REAR: disabling
[    2.855314] +3.3V_RUN_TOUCH: disabling
[    2.859229] +2.8V_RUN_CAM_AF: disabling
[    2.863228] +1.8V_RUN_VPP_FUSE: disabling
[    2.868572] EXT4-fs (mmcblk0p1): mounting ext3 file system using the ext4 subsystem
[    2.909556] EXT4-fs (mmcblk0p1): recovery complete
[    2.915211] EXT4-fs (mmcblk0p1): mounted filesystem with ordered data mode. Opts: (null)
[    2.923344] VFS: Mounted root (ext3 filesystem) on device 179:1.
[    2.933496] devtmpfs: mounted
[    2.937364] Freeing unused kernel memory: 2048K (c1100000 - c1300000)
bash: cannot set terminal process group (-1): Inappropriate ioctl for device
bash: no job control in this shell
root@(none):/# 