
U-Boot SPL 2013.04-rc2-06423-gf2e8a87-dirty (May 15 2013 - 09:45:39)


U-Boot 2013.04-rc2-06423-gf2e8a87-dirty (May 15 2013 - 09:45:39)

TEGRA30
Board: NVIDIA Beaver
DRAM:  2 GiB
MMC:   Tegra SD/MMC: 0, Tegra SD/MMC: 1
*** Warning - bad CRC, using default environment

In:    serial
Out:   serial
Err:   serial
Hit any key to stop autoboot:  2  0 
Tegra30 (Beaver) # 
Tegra30 (Beaver) # setenv bootargs 'console=ttyS0,230400n8 noinitrd root=/dev/mmcblk0p1 rw rootwait gpt ignore_loglevel debug'
Tegra30 (Beaver) # loady 0x81000000
## Ready for binary (ymodem) download to 0x81000000 at 230400 bps...
CSending: zImage
Sending: 

Transfer complete
yzModem - CRC mode, 3(SOH)/4247(STX)/0(CAN) packets, 3 retries
## Total Size      = 0x00425c40 = 4348992 Bytes
Tegra30 (Beaver) # loady 0x82000000
## Ready for binary (ymodem) download to 0x82000000 at 230400 bps...
CSending: tegra30-beaver.dtb
Sending: 

Transfer complete
yzModem - CRC mode, 2(SOH)/17(STX)/0(CAN) packets, 3 retries
## Total Size      = 0x0000439d = 17309 Bytes
Tegra30 (Beaver) # bootz 0x81000000 - 0x82000000
## Flattened Device Tree blob at 82000000
   Booting using the fdt blob at 0x82000000
   Loading Device Tree to 8fff8000, end 8ffff39c ... OK

Starting kernel ...

[    0.000000] Booting Linux on physical CPU 0x0
[    0.000000] Initializing cgroup subsys cpu
[    0.000000] Initializing cgroup subsys cpuacct
[    0.000000] Linux version 3.11.0-rc4-next-20130807-04601-g5114d2f (pwalmsley@tamien) (gcc version 4.5.1 (Sourcery G++ Lite 2010.09-50) ) #1 SMP PREEMPT Tue Aug 6 23:32:13 PDT 2013
[    0.000000] CPU: ARMv7 Processor [412fc099] revision 9 (ARMv7), cr=10c5387d
[    0.000000] CPU: PIPT / VIPT nonaliasing data cache, VIPT aliasing instruction cache
[    0.000000] Machine: NVIDIA Tegra SoC (Flattened Device Tree), model: NVIDIA Tegra30 Beaver evaluation board
[    0.000000] debug: ignoring loglevel setting.
[    0.000000] Memory policy: ECC disabled, Data cache writealloc
[    0.000000] On node 0 totalpages: 524032
[    0.000000] free_area_init_node: node 0, pgdat c0802800, node_mem_map c0859000
[    0.000000]   Normal zone: 1520 pages used for memmap
[    0.000000]   Normal zone: 0 pages reserved
[    0.000000]   Normal zone: 194560 pages, LIFO batch:31
[    0.000000]   HighMem zone: 2574 pages used for memmap
[    0.000000]   HighMem zone: 329472 pages, LIFO batch:31
[    0.000000] fuse_speedo_calib: ATE prog ver 3.3
[    0.000000] Tegra30: CPU Speedo ID 5, Soc Speedo ID 2
[    0.000000] Tegra Revision: A03 SKU: 128 CPU Process: 4 Core Process: 0
[    0.000000] L310 cache controller enabled
[    0.000000] l2x0: 8 ways, CACHE_ID 0x410000c7, AUX_CTRL 0x7e480001, Cache size: 1048576 B
[    0.000000] PERCPU: Embedded 8 pages/cpu @c186b000 s9152 r8192 d15424 u32768
[    0.000000] pcpu-alloc: s9152 r8192 d15424 u32768 alloc=8*4096
[    0.000000] pcpu-alloc: [0] 0 [0] 1 [0] 2 [0] 3 
[    0.000000] Built 1 zonelists in Zone order, mobility grouping on.  Total pages: 522512
[    0.000000] Kernel command line: console=ttyS0,230400n8 noinitrd root=/dev/mmcblk0p1 rw rootwait gpt ignore_loglevel debug
[    0.000000] PID hash table entries: 4096 (order: 2, 16384 bytes)
[    0.000000] Dentry cache hash table entries: 131072 (order: 7, 524288 bytes)
[    0.000000] Inode-cache hash table entries: 65536 (order: 6, 262144 bytes)
[    0.000000] Memory: 2070160K/2096128K available (5927K kernel code, 287K rwdata, 1724K rodata, 224K init, 339K bss, 25968K reserved, 1317888K highmem)
[    0.000000] Virtual kernel memory layout:
[    0.000000]     vector  : 0xffff0000 - 0xffff1000   (   4 kB)
[    0.000000]     fixmap  : 0xfff00000 - 0xfffe0000   ( 896 kB)
[    0.000000]     vmalloc : 0xf0000000 - 0xff000000   ( 240 MB)
[    0.000000]     lowmem  : 0xc0000000 - 0xef800000   ( 760 MB)
[    0.000000]     pkmap   : 0xbfe00000 - 0xc0000000   (   2 MB)
[    0.000000]     modules : 0xbf000000 - 0xbfe00000   (  14 MB)
[    0.000000]       .text : 0xc0008000 - 0xc0781254   (7653 kB)
[    0.000000]       .init : 0xc0782000 - 0xc07ba3c0   ( 225 kB)
[    0.000000]       .data : 0xc07bc000 - 0xc0803f00   ( 288 kB)
[    0.000000]        .bss : 0xc0803f00 - 0xc0858ec8   ( 340 kB)
[    0.000000] Preemptible hierarchical RCU implementation.
[    0.000000] NR_IRQS:16 nr_irqs:16 16
[    0.000000] sched_clock: 32 bits at 1000kHz, resolution 1000ns, wraps every 4294967ms
[    0.000000] Console: colour dummy device 80x30
[    0.000526] Calibrating delay loop... 2793.47 BogoMIPS (lpj=13967360)
[    0.059943] pid_max: default: 32768 minimum: 301
[    0.060299] Mount-cache hash table entries: 512
[    0.069008] Initializing cgroup subsys debug
[    0.069024] Initializing cgroup subsys freezer
[    0.069073] CPU: Testing write buffer coherency: ok
[    0.069444] CPU0: thread -1, cpu 0, socket 0, mpidr 80000000
[    0.069494] Setting up static identity map for 0xc05a3820 - 0xc05a38b8
[    0.121291] CPU1: Booted secondary processor
[    0.179984] CPU1: thread -1, cpu 1, socket 0, mpidr 80000001
[    0.201256] CPU2: Booted secondary processor
[    0.259983] CPU2: thread -1, cpu 2, socket 0, mpidr 80000002
[    0.281256] CPU3: Booted secondary processor
[    0.339983] CPU3: thread -1, cpu 3, socket 0, mpidr 80000003
[    0.340053] Brought up 4 CPUs
[    0.340071] SMP: Total of 4 processors activated (11173.88 BogoMIPS).
[    0.340078] CPU: All CPU(s) started in SVC mode.
[    0.340882] devtmpfs: initialized
[    0.351509] VFP support v0.3: implementor 41 architecture 3 part 30 variant 9 rev 4
[    0.351803] pinctrl core: initialized pinctrl subsystem
[    0.352218] regulator-dummy: no parameters
[    0.352604] NET: Registered protocol family 16
[    0.353959] DMA: preallocated 256 KiB pool for atomic coherent allocations
[    0.354568] cpuidle: using governor ladder
[    0.354575] cpuidle: using governor menu
[    0.361834] No ATAGs?
[    0.361855] hw-breakpoint: found 5 (+1 reserved) breakpoint and 1 watchpoint registers.
[    0.361863] hw-breakpoint: maximum watchpoint size is 4 bytes.
[    0.371087] bio: create slab <bio-0> at 0
[    0.372148] vdd_5v_in: 5000 mV 
[    0.372279] platform 1.regulator: Driver reg-fixed-voltage requests probe deferral
[    0.372318] platform 2.regulator: Driver reg-fixed-voltage requests probe deferral
[    0.372467] vdd_5v_sata: 5000 mV 
[    0.372496] vdd_5v_sata: supplied by vdd_5v_in
[    0.372713] usb1_vbus: 5000 mV 
[    0.372750] usb1_vbus: supplied by vdd_5v_in
[    0.372947] usb3_vbus: 5000 mV 
[    0.372968] usb3_vbus: supplied by vdd_5v_in
[    0.373076] platform 6.regulator: Driver reg-fixed-voltage requests probe deferral
[    0.373226] sys_3v3_pexs: 3300 mV 
[    0.373250] reg-fixed-voltage 7.regulator: Failed to find supply vin
[    0.373342] reg-fixed-voltage 7.regulator: Failed to register regulator: -517
[    0.373353] platform 7.regulator: Driver reg-fixed-voltage requests probe deferral
[    0.374126] vgaarb: loaded
[    0.374990] SCSI subsystem initialized
[    0.375299] usbcore: registered new interface driver usbfs
[    0.375383] usbcore: registered new interface driver hub
[    0.375523] usbcore: registered new device driver usb
[    0.379001] tps62361-vout: 500 <--> 1500 mV at 1160 mV 
[    0.379371] tps65910 4-002d: VMBCH-Threshold not specified
[    0.379378] tps65910 4-002d: VMBCH2-Threshold not specified
[    0.384703] vdd_1v8_gen: 1800 mV 
[    0.384745] vdd_1v8_gen: supplied by vdd_5v_in
[    0.387901] vddio_ddr_1v2: 1200 mV 
[    0.388389] vddio_ddr_1v2: supplied by vdd_5v_in
[    0.391759] vdd_1v5_gen: 1500 mV 
[    0.391791] vdd_1v5_gen: supplied by vdd_5v_in
[    0.395175] vdd_cpu,vdd_sys: 1000 mV 
[    0.397613] vdd_pexa,vdd_pexb: 1050 mV 
[    0.397645] vdd_pexa,vdd_pexb: supplied by vdd_1v5_gen
[    0.400438] vdd_sata,avdd_plle: 1050 mV 
[    0.400468] vdd_sata,avdd_plle: supplied by vdd_1v5_gen
[    0.402926] vdd_rtc: 1200 mV 
[    0.402960] vdd_rtc: supplied by vdd_5v_in
[    0.405427] vddio_sdmmc,avdd_vdac: 3300 mV 
[    0.405459] vddio_sdmmc,avdd_vdac: supplied by vdd_5v_in
[    0.408243] avdd_dsi_csi,pwrdet_mipi: 1200 mV 
[    0.408274] avdd_dsi_csi,pwrdet_mipi: supplied by vdd_1v8_gen
[    0.410754] vdd_pllm,x,u,a_p_c_s: 1200 mV 
[    0.410786] vdd_pllm,x,u,a_p_c_s: supplied by vdd_1v8_gen
[    0.413561] vdd_ddr_hs: 1000 mV 
[    0.413592] vdd_ddr_hs: supplied by vdd_1v8_gen
[    0.413949] Linux video capture interface: v2.00
[    0.414529] platform 7000f010.iommu: Driver tegra-smmu requests probe deferral
[    0.414757] Advanced Linux Sound Architecture Driver Initialized.
[    0.415375] Bluetooth: Core ver 2.16
[    0.415437] NET: Registered protocol family 31
[    0.415442] Bluetooth: HCI device and connection manager initialized
[    0.415461] Bluetooth: HCI socket layer initialized
[    0.415476] Bluetooth: L2CAP socket layer initialized
[    0.415515] Bluetooth: SCO socket layer initialized
[    0.416032] cfg80211: Calling CRDA to update world regulatory domain
[    0.416780] Switched to clocksource timer_us
[    0.426471] NET: Registered protocol family 2
[    0.427161] TCP established hash table entries: 8192 (order: 4, 65536 bytes)
[    0.427255] TCP bind hash table entries: 8192 (order: 4, 65536 bytes)
[    0.427331] TCP: Hash tables configured (established 8192 bind 8192)
[    0.427842] TCP: reno registered
[    0.427855] UDP hash table entries: 512 (order: 2, 16384 bytes)
[    0.427918] UDP-Lite hash table entries: 512 (order: 2, 16384 bytes)
[    0.428301] NET: Registered protocol family 1
[    0.428968] RPC: Registered named UNIX socket transport module.
[    0.428977] RPC: Registered udp transport module.
[    0.428981] RPC: Registered tcp transport module.
[    0.428985] RPC: Registered tcp NFSv4.1 backchannel transport module.
[    0.428995] PCI: CLS 0 bytes, default 64
[    0.429965] hw perfevents: enabled with ARMv7 Cortex-A9 PMU driver, 7 counters available
[    0.432437] bounce pool size: 64 pages
[    0.433658] squashfs: version 4.0 (2009/01/31) Phillip Lougher
[    0.434335] msgmni has been set to 1469
[    0.435460] io scheduler noop registered (default)
[    0.439412] tegra-apbdma 6000a000.dma: Tegra20 APB DMA driver register 32 channels
[    0.439827] Serial: 8250/16550 driver, 4 ports, IRQ sharing disabled
[    0.441173] 70006000.serial: ttyS0 at MMIO 0x70006000 (irq = 68, base_baud = 25500000) is a Tegra
[    0.843531] console [ttyS0] enabled
[    0.845921] [drm] Initialized drm 1.1.0 20060810
[    0.849997] [drm] Supports vblank timestamp caching Rev 1 (10.10.2010).
[    0.853318] [drm] No driver support for vblank timestamp query.
[    0.856298] tegra-host1x 50000000.host1x: No connectors reported connected with modes
[    0.860271] [drm] Cannot find any crtc or sizes - going 1024x768
[    0.877727] Console: switching to colour frame buffer device 128x48
[    0.886933] tegra-host1x 50000000.host1x: fb0:  frame buffer device
[    0.890077] tegra-host1x 50000000.host1x: registered panic notifier
[    0.893227] [drm] Initialized tegra 0.0.0 20120330 on minor 0
[    0.899594] loop: module loaded
[    0.903776] m25p80 spi32766.1: w25q32 (4096 Kbytes)
[    0.907346] pegasus: v0.9.3 (2013/04/25), Pegasus/Pegasus II USB Ethernet driver
[    0.911135] usbcore: registered new interface driver pegasus
[    0.914034] usbcore: registered new interface driver asix
[    0.916809] usbcore: registered new interface driver ax88179_178a
[    0.919916] usbcore: registered new interface driver cdc_ether
[    0.922903] usbcore: registered new interface driver r815x
[    0.925716] usbcore: registered new interface driver smsc75xx
[    0.928675] usbcore: registered new interface driver smsc95xx
[    0.931613] usbcore: registered new interface driver net1080
[    0.934501] usbcore: registered new interface driver cdc_subset
[    0.937533] usbcore: registered new interface driver zaurus
[    0.940413] usbcore: registered new interface driver cdc_ncm
[    0.943290] ehci_hcd: USB 2.0 'Enhanced' Host Controller (EHCI) Driver
[    0.946562] ehci-pci: EHCI PCI platform driver
[    0.948856] tegra-ehci: Tegra EHCI driver
[    0.951048] usbcore: registered new interface driver cdc_acm
[    0.953885] cdc_acm: USB Abstract Control Model driver for USB modems and ISDN adapters
[    0.957966] usbcore: registered new interface driver cdc_wdm
[    0.960868] usbcore: registered new interface driver usb-storage
[    0.964330] mousedev: PS/2 mouse device common for all mice
[    0.968138] tegra_rtc 7000e000.rtc: rtc core: registered 7000e000.rtc as rtc0
[    0.971744] tegra_rtc 7000e000.rtc: Tegra internal Real Time Clock
[    0.987736] tps65910-rtc tps65910-rtc: rtc core: registered tps65910-rtc as rtc1
[    0.992742] sdhci: Secure Digital Host Controller Interface driver
[    0.995841] sdhci: Copyright(c) Pierre Ossman
[    0.998039] sdhci-pltfm: SDHCI platform and OF driver helper
[    1.001231] sdhci-tegra 78000000.sdhci: Got CD GPIO #69.
[    1.003909] sdhci-tegra 78000000.sdhci: Got WP GPIO #155.
[    1.006668] mmc0: no vqmmc regulator found
[    1.008738] mmc0: no vmmc regulator found
[    1.010750] mmc0: Invalid maximum block size, assuming 512 bytes
[    1.056793] mmc0: SDHCI controller on 78000000.sdhci [78000000.sdhci] using ADMA
[    1.061616] mmc1: no vqmmc regulator found
[    1.063674] mmc1: no vmmc regulator found
[    1.065684] mmc1: Invalid maximum block size, assuming 512 bytes
[    1.106791] mmc1: SDHCI controller on 78000600.sdhci [78000600.sdhci] using ADMA
[    1.113243] usbcore: registered new interface driver usbhid
[    1.118079] usbhid: USB HID core driver
[    1.265252] mmc1: new high speed MMC card at address 0001
[    1.268407] mmcblk0: mmc1:0001 SEM16G 14.8 GiB 
[    1.270934] mmcblk0boot0: mmc1:0001 SEM16G partition 1 1.00 MiB
[    1.274157] mmcblk0boot1: mmc1:0001 SEM16G partition 2 1.00 MiB
[    1.277365] mmcblk0rpmb: mmc1:0001 SEM16G partition 3 128 KiB
[    1.284385] Primary GPT is invalid, using alternate GPT.
[    1.287087]  mmcblk0: p1 p2 p3 p4 p5
[    1.293045]  mmcblk0boot1: unknown partition table
[    1.298444]  mmcblk0boot0: unknown partition table
[    1.551477] tegra-snd-rt5640 sound.4:  rt5640-aif1 <-> 70080400.i2s mapping ok
[    1.555978] input: NVIDIA Tegra Beaver Headphones as /devices/soc0/sound.4/sound/card0/input0
[    1.561492] TCP: cubic registered
[    1.563350] NET: Registered protocol family 10
[    1.566627] mip6: Mobile IPv6
[    1.568149] sit: IPv6 over IPv4 tunneling driver
[    1.571632] NET: Registered protocol family 17
[    1.573894] NET: Registered protocol family 15
[    1.576283] Bluetooth: RFCOMM socket layer initialized
[    1.578880] Bluetooth: RFCOMM ver 1.11
[    1.580762] Bluetooth: BNEP (Ethernet Emulation) ver 1.3
[    1.583439] Bluetooth: BNEP socket layer initialized
[    1.585928] Bluetooth: HIDP (Human Interface Emulation) ver 1.2
[    1.588917] Bluetooth: HIDP socket layer initialized
[    1.591841] Registering SWP/SWPB emulation handler
[    1.594723] vdd_sata,avdd_plle: disabling
[    1.599177] chargepump_5v: 5000 mV 
[    1.604394] vdd_ddr: 1500 mV 
[    1.605921] vdd_ddr: supplied by vdd_5v_in
[    1.609166] sys_3v3,vdd_3v3_alw: 3300 mV 
[    1.611212] sys_3v3,vdd_3v3_alw: supplied by vdd_5v_in
[    1.614008] sys_3v3_pexs: 3300 mV 
[    1.615806] sys_3v3_pexs: supplied by sys_3v3,vdd_3v3_alw
[    1.619303] tegra_rtc 7000e000.rtc: setting system clock to 1970-01-01 00:03:42 UTC (222)
[    1.623647] ALSA device list:
[    1.625138]   #0: NVIDIA Tegra Beaver
[    1.791127] kjournald starting.  Commit interval 5 seconds
[    1.792839] EXT3-fs (mmcblk0p1): using internal journal
[    1.794336] EXT3-fs (mmcblk0p1): recovery complete
[    1.794339] EXT3-fs (mmcblk0p1): mounted filesystem with writeback data mode
[    1.794416] VFS: Mounted root (ext3 filesystem) on device 179:1.
[    1.796738] devtmpfs: mounted
[    1.797004] Freeing unused kernel memory: 224K (c0782000 - c07ba000)
 
INIT: version 2.88 booting
[info] Using makefile-style concurrent boot in runlevel S.
[....] Starting the hotplug events dispatcher: udevd[    2.694019] udevd[178]: starting version 175
[ ok .
[....] Synthesizing the initial hotplug events...[ ok done.
[....] Waiting for /dev to be fully populated...[ ok done.
[....] Activating swap...[ ok done.
[....] Cleaning up temporary files... /tmp[ ok .
[....] Activating lvm and md swap...[ ok done.
[....] Checking file systems...fsck from util-linux 2.20.1
[ ok done.
[....] Mounting local filesystems...[ ok done.
[....] Activating swapfile swap...[ ok done.
[....] Cleaning up temporary files...[ ok .
[....] Setting kernel variables ...[ ok done.
[....] Configuring network interfaces...[ ok done.
[....] Starting rpcbind daemon...[ ok .
[....] Starting NFS common utilities: statd idmapd[FAIL failed!
[....] Cleaning up temporary files...[ ok .
[....] Starting network benchmark server[ ok .
[....] startpar: service(s) returned failure: nfs-common ...[FAIL failed!
INIT: Entering runlevel: 2
[info] Using makefile-style concurrent boot in runlevel 2.
[....] Starting network benchmark server[FAIL failed!
[....] Starting rpcbind daemon...[....] Already running.[ ok .
[....] Starting system message bus: dbus[ ok .
[....] Starting NFS common utilities: statd idmapd[FAIL failed!
[....] startpar: service(s) returned failure: nfs-common ...[FAIL failed!

Debian GNU/Linux wheezy/sid armel ttyS0

armel login: 