
U-Boot SPL 2014.01-00219-gc4d376f (Feb 18 2014 - 19:57:32)


U-Boot 2014.01-00219-gc4d376f (Feb 18 2014 - 19:57:32)

TEGRA114
Board: NVIDIA Dalmore
I2C:   ready
DRAM:  2 GiB
MMC:   Tegra SD/MMC: 0, Tegra SD/MMC: 1
In:    serial
Out:   serial
Err:   serial
Net:   Net Initialization Skipped
No ethernet found.
Hit any key to stop autoboot:  2  0 
Tegra114 (Dalmore) # 
Tegra114 (Dalmore) # usb reset
(Re)start USB...
USB0:   USB EHCI 1.10
scanning bus 0 for devices... 2 USB Device(s) found
       scanning usb for storage devices... 0 Storage Device(s) found
       scanning usb for ethernet devices... 
Warning: asx0 using MAC address from net device
1 Ethernet Device(s) found
Tegra114 (Dalmore) # setenv bootargs 'ignore_loglevel console=ttyS0,115200n8 rw root=/dev/mmcblk0p1 rootwait gpt debug init=/bin/bash'
Tegra114 (Dalmore) # setenv ipaddr 192.168.100.100; setenv serverip 192.168.100.1; setenv tftpserverip 192.168.100.1
Tegra114 (Dalmore) # tftpboot 0x81000000 zImage.multi_v7_defconfig
Using asx0 device
TFTP from server 192.168.100.1; our IP address is 192.168.100.100
Filename 'zImage.multi_v7_defconfig'.
Load address: 0x81000000
Loading: *#################################################################
	 #################################################################
	 #################################################################
	 #################################################################
	 ##################################################
	 3.5 MiB/s
done
Bytes transferred = 4540608 (4548c0 hex)
Tegra114 (Dalmore) # tftpboot 0x82000000 tegra114-dalmore.dtb
Using asx0 device
TFTP from server 192.168.100.1; our IP address is 192.168.100.100
Filename 'tegra114-dalmore.dtb'.
Load address: 0x82000000
Loading: *###
	 3.2 MiB/s
done
Bytes transferred = 34059 (850b hex)
Tegra114 (Dalmore) # bootz 0x81000000 - 0x82000000
Kernel image @ 0x81000000 [ 0x000000 - 0x4548c0 ]
## Flattened Device Tree blob at 82000000
   Booting using the fdt blob at 0x82000000
   Loading Device Tree to 8fff4000, end 8ffff50a ... OK

Starting kernel ...

[    0.000000] Booting Linux on physical CPU 0x0
[    0.000000] Linux version 3.14.0-rc4-next-20140225-04901-g7b8d52f (pwalmsley@kaivo) (gcc version 4.7.3 20130328 (prerelease) (crosstool-NG linaro-1.13.1-4.7-2013.04-20130415 - Linaro GCC 2013.04) ) #1 SMP Thu Feb 27 09:21:36 PST 2014
[    0.000000] CPU: ARMv7 Processor [412fc0f2] revision 2 (ARMv7), cr=10c5387d
[    0.000000] CPU: PIPT / VIPT nonaliasing data cache, PIPT instruction cache
[    0.000000] Machine model: NVIDIA Tegra114 Dalmore evaluation board
[    0.000000] debug: ignoring loglevel setting.
[    0.000000] cma: CMA: reserved 16 MiB at ae800000
[    0.000000] Memory policy: Data cache writealloc
[    0.000000] On node 0 totalpages: 524032
[    0.000000] free_area_init_node: node 0, pgdat c094c740, node_mem_map ed7f1000
[    0.000000]   DMA zone: 1520 pages used for memmap
[    0.000000]   DMA zone: 0 pages reserved
[    0.000000]   DMA zone: 194560 pages, LIFO batch:31
[    0.000000]   HighMem zone: 2574 pages used for memmap
[    0.000000]   HighMem zone: 329472 pages, LIFO batch:31
[    0.000000] Tegra Revision: A01 SKU: 0 CPU Process: 1 Core Process: 1
[    0.000000] PERCPU: Embedded 7 pages/cpu @ed7b8000 s8192 r8192 d12288 u32768
[    0.000000] pcpu-alloc: s8192 r8192 d12288 u32768 alloc=8*4096
[    0.000000] pcpu-alloc: [0] 0 [0] 1 [0] 2 [0] 3 
[    0.000000] Built 1 zonelists in Zone order, mobility grouping on.  Total pages: 522512
[    0.000000] Kernel command line: ignore_loglevel console=ttyS0,115200n8 rw root=/dev/mmcblk0p1 rootwait gpt debug init=/bin/bash
[    0.000000] PID hash table entries: 4096 (order: 2, 16384 bytes)
[    0.000000] Dentry cache hash table entries: 131072 (order: 7, 524288 bytes)
[    0.000000] Inode-cache hash table entries: 65536 (order: 6, 262144 bytes)
[    0.000000] Memory: 2052472K/2096128K available (5885K kernel code, 728K rwdata, 2360K rodata, 516K init, 288K bss, 43656K reserved, 1317888K highmem)
[    0.000000] Virtual kernel memory layout:
[    0.000000]     vector  : 0xffff0000 - 0xffff1000   (   4 kB)
[    0.000000]     fixmap  : 0xfff00000 - 0xfffe0000   ( 896 kB)
[    0.000000]     vmalloc : 0xf0000000 - 0xff000000   ( 240 MB)
[    0.000000]     lowmem  : 0xc0000000 - 0xef800000   ( 760 MB)
[    0.000000]     pkmap   : 0xbfe00000 - 0xc0000000   (   2 MB)
[    0.000000]     modules : 0xbf000000 - 0xbfe00000   (  14 MB)
[    0.000000]       .text : 0xc0008000 - 0xc08157b0   (8246 kB)
[    0.000000]       .init : 0xc0816000 - 0xc0897000   ( 516 kB)
[    0.000000]       .data : 0xc0898000 - 0xc094e3e0   ( 729 kB)
[    0.000000]        .bss : 0xc094e3e8 - 0xc0996778   ( 289 kB)
[    0.000000] SLUB: HWalign=64, Order=0-3, MinObjects=0, CPUs=4, Nodes=1
[    0.000000] Hierarchical RCU implementation.
[    0.000000] NR_IRQS:16 nr_irqs:16 16
[    0.000009] sched_clock: 32 bits at 1000kHz, resolution 1000ns, wraps every 2147483648000ns
[    0.001563] Architected cp15 timer(s) running at 12.00MHz (virt).
[    0.001586] sched_clock: 56 bits at 12MHz, resolution 83ns, wraps every 2863311536128ns
[    0.001595] Switching to timer-based delay loop
[    0.001797] Console: colour dummy device 80x30
[    0.001827] Calibrating delay loop (skipped), value calculated using timer frequency.. 24.00 BogoMIPS (lpj=120000)
[    0.001841] pid_max: default: 32768 minimum: 301
[    0.002011] Mount-cache hash table entries: 512
[    0.010879] CPU: Testing write buffer coherency: ok
[    0.011089] /cpus/cpu@0 missing clock-frequency property
[    0.011112] /cpus/cpu@1 missing clock-frequency property
[    0.011136] /cpus/cpu@2 missing clock-frequency property
[    0.011159] /cpus/cpu@3 missing clock-frequency property
[    0.011171] CPU0: thread -1, cpu 0, socket 0, mpidr 80000000
[    0.011195] Setting up static identity map for 0x8058f6f8 - 0x8058f790
[    0.011454] unable to find compatible sirf rstc node in dtb
[    0.012861] CPU1: Booted secondary processor
[    0.012887] CPU1: thread -1, cpu 1, socket 0, mpidr 80000001
[    0.013441] CPU2: Booted secondary processor
[    0.013464] CPU2: thread -1, cpu 2, socket 0, mpidr 80000002
[    0.014032] CPU3: Booted secondary processor
[    0.014055] CPU3: thread -1, cpu 3, socket 0, mpidr 80000003
[    0.014220] Brought up 4 CPUs
[    0.014247] SMP: Total of 4 processors activated.
[    0.014255] CPU: All CPU(s) started in SVC mode.
[    0.014894] devtmpfs: initialized
[    0.020551] VFP support v0.3: implementor 41 architecture 4 part 30 variant f rev 0
[    0.021054] pinctrl core: initialized pinctrl subsystem
[    0.021505] regulator-dummy: no parameters
[    0.022267] NET: Registered protocol family 16
[    0.024552] DMA: preallocated 256 KiB pool for atomic coherent allocations
[    0.025469] cpuidle: using governor ladder
[    0.025479] cpuidle: using governor menu
[    0.037596] No ATAGs?
[    0.039556] Serial: AMBA PL011 UART driver
[    0.050763] edma-dma-engine edma-dma-engine.0: Can't allocate PaRAM dummy slot
[    0.050787] edma-dma-engine: probe of edma-dma-engine.0 failed with error -5
[    0.051316] vdd_ac_bat: failed to enable
[    0.051423] reg-fixed-voltage 0.regulator: Failed to register regulator: -22
[    0.051443] reg-fixed-voltage: probe of 0.regulator failed with error -22
[    0.051636] dvdd_ts: Failed to request enable GPIO61: -517
[    0.051728] reg-fixed-voltage 1.regulator: Failed to register regulator: -517
[    0.051749] platform 1.regulator: Driver reg-fixed-voltage requests probe deferral
[    0.051922] usb1_vbus: Failed to request enable GPIO108: -517
[    0.052013] reg-fixed-voltage 3.regulator: Failed to register regulator: -517
[    0.052033] platform 3.regulator: Driver reg-fixed-voltage requests probe deferral
[    0.052204] usb2_vbus: Failed to request enable GPIO86: -517
[    0.052294] reg-fixed-voltage 4.regulator: Failed to register regulator: -517
[    0.052314] platform 4.regulator: Driver reg-fixed-voltage requests probe deferral
[    0.052482] vdd_hdmi_5v0: Failed to request enable GPIO81: -517
[    0.052571] reg-fixed-voltage 5.regulator: Failed to register regulator: -517
[    0.052591] platform 5.regulator: Driver reg-fixed-voltage requests probe deferral
[    0.052658] platform 6.regulator: Driver reg-fixed-voltage requests probe deferral
[    0.054458] vgaarb: loaded
[    0.054983] SCSI subsystem initialized
[    0.055160] libata version 3.00 loaded.
[    0.055484] usbcore: registered new interface driver usbfs
[    0.055555] usbcore: registered new interface driver hub
[    0.055655] usbcore: registered new device driver usb
[    0.058736] vdd-cpu: failed to enable
[    0.058841] tps51632 2-0043: regulator register failed
[    0.058938] tps51632: probe of 2-0043 failed with error -22
[    0.059265] tps65090 2-0048: No cache defaults, reading back from HW
[    0.060808] vdd-sys-5v0: no parameters
[    0.060860] tps65090 2-0048: Failed to find supply vsys1
[    0.060963] tps65090-pmic tps65090-pmic: failed to register regulator TPS65090_RAILSDCDC1
[    0.060990] platform tps65090-pmic: Driver tps65090-pmic requests probe deferral
[    0.061307] genirq: Setting trigger mode 8 for irq 118 failed (gic_set_type+0x0/0xfc)
[    0.061636] palmas 2-0058: Irq flag is 0x00000000
[    0.063852] palmas 2-0058: Muxing GPIO ff, PWM 0, LED 0
[    0.067433] vddio-ddr: 1350 mV 
[    0.067655] palmas-pmic pmic.7: Failed to find supply smps1-in
[    0.067775] palmas-pmic pmic.7: failed to register pmic.7 regulator
[    0.067809] platform pmic.7: Driver palmas-pmic requests probe deferral
[    0.068503] Linux video capture interface: v2.00
[    0.068549] pps_core: LinuxPPS API ver. 1 registered
[    0.068558] pps_core: Software ver. 5.3.6 - Copyright 2005-2007 Rodolfo Giometti <giometti@linux.it>
[    0.068590] PTP clock support registered
[    0.068650] EDAC MC: Ver: 3.0.0
[    0.069318] platform 70019010.iommu: Driver tegra-smmu requests probe deferral
[    0.069507] Advanced Linux Sound Architecture Driver Initialized.
[    0.070501] Switched to clocksource arch_sys_counter
[    0.081239] NET: Registered protocol family 2
[    0.081747] TCP established hash table entries: 8192 (order: 3, 32768 bytes)
[    0.081836] TCP bind hash table entries: 8192 (order: 4, 65536 bytes)
[    0.082024] TCP: Hash tables configured (established 8192 bind 8192)
[    0.082069] TCP: reno registered
[    0.082083] UDP hash table entries: 512 (order: 2, 16384 bytes)
[    0.082124] UDP-Lite hash table entries: 512 (order: 2, 16384 bytes)
[    0.082360] NET: Registered protocol family 1
[    0.082611] RPC: Registered named UNIX socket transport module.
[    0.082621] RPC: Registered udp transport module.
[    0.082629] RPC: Registered tcp transport module.
[    0.082636] RPC: Registered tcp NFSv4.1 backchannel transport module.
[    0.082647] PCI: CLS 0 bytes, default 64
[    0.084485] futex hash table entries: 1024 (order: 4, 65536 bytes)
[    0.084944] bounce pool size: 64 pages
[    0.096906] squashfs: version 4.0 (2009/01/31) Phillip Lougher
[    0.097680] NFS: Registering the id_resolver key type
[    0.097710] Key type id_resolver registered
[    0.097720] Key type id_legacy registered
[    0.097766] msgmni has been set to 1466
[    0.098411] Block layer SCSI generic (bsg) driver version 0.4 loaded (major 249)
[    0.098422] io scheduler noop registered
[    0.098430] io scheduler deadline registered
[    0.098641] io scheduler cfq registered (default)
[    0.108499] platform backlight.1: Driver pwm-backlight requests probe deferral
[    0.113382] tegra-apbdma 6000a000.dma: Tegra20 APB DMA driver register 32 channels
[    0.180864] Serial: 8250/16550 driver, 4 ports, IRQ sharing disabled
[    0.182449] Serial: IMX driver
[    0.183498] 70006300.serial: ttyS0 at MMIO 0x70006300 (irq = 122, base_baud = 25500000) is a Tegra
[    1.043692] console [ttyS0] enabled
[    1.047860] STMicroelectronics ASC driver initialized
[    1.053650] serial: Freescale lpuart driver
[    1.058023] [drm] Initialized drm 1.1.0 20060810
[    1.063324] platform 54300000.dsi: Driver tegra-dsi requests probe deferral
[    1.070783] tegra-hdmi 54280000.hdmi: failed to get VDD regulator
[    1.076881] platform 54280000.hdmi: Driver tegra-hdmi requests probe deferral
[    1.090582] loop: module loaded
[    1.097080] m25p80 spi32766.0: w25q32dw (4096 Kbytes)
[    1.105090] pegasus: v0.9.3 (2013/04/25), Pegasus/Pegasus II USB Ethernet driver
[    1.112549] usbcore: registered new interface driver pegasus
[    1.118268] usbcore: registered new interface driver asix
[    1.123714] usbcore: registered new interface driver ax88179_178a
[    1.129839] usbcore: registered new interface driver cdc_ether
[    1.135718] usbcore: registered new interface driver r815x
[    1.141271] usbcore: registered new interface driver smsc75xx
[    1.147072] usbcore: registered new interface driver smsc95xx
[    1.152862] usbcore: registered new interface driver net1080
[    1.158559] usbcore: registered new interface driver cdc_subset
[    1.164522] usbcore: registered new interface driver zaurus
[    1.170163] usbcore: registered new interface driver cdc_ncm
[    1.175838] ehci_hcd: USB 2.0 'Enhanced' Host Controller (EHCI) Driver
[    1.182364] ehci-pci: EHCI PCI platform driver
[    1.186847] ehci-platform: EHCI generic platform driver
[    1.192233] ehci-omap: OMAP-EHCI Host Controller driver
[    1.197563] ehci-orion: EHCI orion driver
[    1.201694] SPEAr-ehci: EHCI SPEAr driver
[    1.205814] tegra-ehci: Tegra EHCI driver
[    1.210023] platform 7d008000.usb: Driver tegra-ehci requests probe deferral
[    1.217584] usbcore: registered new interface driver usb-storage
[    1.224229] platform 7d008000.usb-phy: Driver tegra-phy requests probe deferral
[    1.232611] mousedev: PS/2 mouse device common for all mice
[    1.241998] palmas-rtc rtc.8: rtc core: registered rtc.8 as rtc0
[    1.249369] tegra_rtc 7000e000.rtc: rtc core: registered 7000e000.rtc as rtc1
[    1.256544] tegra_rtc 7000e000.rtc: Tegra internal Real Time Clock
[    1.263201] i2c /dev entries driver
[    1.268394] sbs-battery 0-000b: sbs_probe: Failed to get device status
[    1.274946] sbs-battery: probe of 0-000b failed with error -121
[    1.282236] i2c 0-004c: Driver lm90 requests probe deferral
[    1.289427] sdhci: Secure Digital Host Controller Interface driver
[    1.295615] sdhci: Copyright(c) Pierre Ossman
[    1.300635] sdhci-pltfm: SDHCI platform and OF driver helper
[    1.306893] sdhci-tegra 78000400.sdhci: Got CD GPIO #170.
[    1.313342] mmc0: no vqmmc regulator found
[    1.317432] mmc0: no vmmc regulator found
[    1.321448] mmc0: Invalid maximum block size, assuming 512 bytes
[    1.370519] mmc0: SDHCI controller on 78000400.sdhci [78000400.sdhci] using ADMA
[    1.378024] mmc1: no vqmmc regulator found
[    1.382129] mmc1: no vmmc regulator found
[    1.386132] mmc1: Invalid maximum block size, assuming 512 bytes
[    1.430515] mmc1: SDHCI controller on 78000600.sdhci [78000600.sdhci] using ADMA
[    1.440517] usbcore: registered new interface driver usbhid
[    1.448102] usbhid: USB HID core driver
[    1.565983] mmc1: BKOPS_EN bit is not set
[    1.597447] mmc1: new HS200 MMC card at address 0001
[    1.602872] mmcblk0: mmc1:0001 SEM32G 29.1 GiB 
[    1.607595] mmcblk0boot0: mmc1:0001 SEM32G partition 1 4.00 MiB
[    1.613708] mmcblk0boot1: mmc1:0001 SEM32G partition 2 4.00 MiB
[    1.619810] mmcblk0rpmb: mmc1:0001 SEM32G partition 3 4.00 MiB
[    1.637528]  mmcblk0: p1 p2 p3 p4 p5 p6 p7 p8
[    1.645535]  mmcblk0boot1: unknown partition table
[    1.651950]  mmcblk0boot0: unknown partition table
[    1.872622] tegra30-i2s 70080400.i2s: DMA channels sourced from device 70080000.ahub
[    1.888691] tegra-snd-rt5640 sound.5: rt5640-aif1 <-> 70080400.i2s mapping ok
[    1.899463] input: NVIDIA Tegra Dalmore Headphones as /devices/soc0/sound.5/sound/card0/input0
[    1.909409] TCP: cubic registered
[    1.912741] NET: Registered protocol family 17
[    1.917344] Key type dns_resolver registered
[    1.922188] Registering SWP/SWPB emulation handler
[    1.927506] regulator-dummy: disabling
[    1.931665] dvdd_ts: 1800 mV 
[    1.934967] usb1_vbus: 5000 mV 
[    1.938146] reg-fixed-voltage 3.regulator: Failed to find supply vin
[    1.944627] reg-fixed-voltage 3.regulator: Failed to register regulator: -517
[    1.951779] platform 3.regulator: Driver reg-fixed-voltage requests probe deferral
[    1.959944] usb2_vbus: 5000 mV 
[    1.963191] reg-fixed-voltage 4.regulator: Failed to find supply vin
[    1.969668] reg-fixed-voltage 4.regulator: Failed to register regulator: -517
[    1.976818] platform 4.regulator: Driver reg-fixed-voltage requests probe deferral
[    1.985087] vdd_hdmi_5v0: 5000 mV 
[    1.988521] reg-fixed-voltage 5.regulator: Failed to find supply vin
[    1.994978] reg-fixed-voltage 5.regulator: Failed to register regulator: -517
[    2.002124] platform 5.regulator: Driver reg-fixed-voltage requests probe deferral
[    2.010880] vdd_cam_1v8_reg: 1800 mV 
[    2.015026] vdd-sys-5v0: no parameters
[    2.018826] tps65090 2-0048: Failed to find supply vsys1
[    2.024279] tps65090-pmic tps65090-pmic: failed to register regulator TPS65090_RAILSDCDC1
[    2.032524] platform tps65090-pmic: Driver tps65090-pmic requests probe deferral
[    2.046360] vddio-ddr: 1350 mV 
[    2.050039] palmas-pmic pmic.7: Failed to find supply smps1-in
[    2.056040] palmas-pmic pmic.7: failed to register pmic.7 regulator
[    2.062344] platform pmic.7: Driver palmas-pmic requests probe deferral
[    2.069973] platform backlight.1: Driver pwm-backlight requests probe deferral
[    2.077922] mipi-dsi 54300000.dsi.0: Driver panel-simple-dsi requests probe deferral
[    2.085974] tegra-hdmi 54280000.hdmi: failed to get VDD regulator
[    2.092085] platform 54280000.hdmi: Driver tegra-hdmi requests probe deferral
[    2.099799] platform 7d008000.usb: Driver tegra-ehci requests probe deferral
[    2.107388] platform 7d008000.usb-phy: Driver tegra-phy requests probe deferral
[    2.114905] i2c 0-004c: Driver lm90 requests probe deferral
[    2.120768] usb1_vbus: 5000 mV 
[    2.123946] reg-fixed-voltage 3.regulator: Failed to find supply vin
[    2.130395] reg-fixed-voltage 3.regulator: Failed to register regulator: -517
[    2.137545] platform 3.regulator: Driver reg-fixed-voltage requests probe deferral
[    2.145672] usb2_vbus: 5000 mV 
[    2.148846] reg-fixed-voltage 4.regulator: Failed to find supply vin
[    2.155304] reg-fixed-voltage 4.regulator: Failed to register regulator: -517
[    2.162451] platform 4.regulator: Driver reg-fixed-voltage requests probe deferral
[    2.170572] vdd_hdmi_5v0: 5000 mV 
[    2.174006] reg-fixed-voltage 5.regulator: Failed to find supply vin
[    2.180450] reg-fixed-voltage 5.regulator: Failed to register regulator: -517
[    2.187598] platform 5.regulator: Driver reg-fixed-voltage requests probe deferral
[    2.195798] vdd-sys-5v0: no parameters
[    2.199577] tps65090 2-0048: Failed to find supply vsys1
[    2.204990] tps65090-pmic tps65090-pmic: failed to register regulator TPS65090_RAILSDCDC1
[    2.213180] platform tps65090-pmic: Driver tps65090-pmic requests probe deferral
[    2.226185] vddio-ddr: 1350 mV 
[    2.229578] palmas-pmic pmic.7: Failed to find supply smps1-in
[    2.235572] palmas-pmic pmic.7: failed to register pmic.7 regulator
[    2.241891] platform pmic.7: Driver palmas-pmic requests probe deferral
[    2.249279] platform backlight.1: Driver pwm-backlight requests probe deferral
[    2.256889] mipi-dsi 54300000.dsi.0: Driver panel-simple-dsi requests probe deferral
[    2.265899] input: gpio-keys.3 as /devices/soc0/gpio-keys.3/input/input1
[    2.273370] tegra-hdmi 54280000.hdmi: failed to get VDD regulator
[    2.279500] palmas-rtc rtc.8: setting system clock to 2000-01-13 08:33:03 UTC (947752383)
[    2.279512] platform 54280000.hdmi: Driver tegra-hdmi requests probe deferral
[    2.280389] platform 7d008000.usb: Driver tegra-ehci requests probe deferral
[    2.281079] platform 7d008000.usb-phy: Driver tegra-phy requests probe deferral
[    2.281328] i2c 0-004c: Driver lm90 requests probe deferral
[    2.281680] usb1_vbus: 5000 mV 
[    2.281732] reg-fixed-voltage 3.regulator: Failed to find supply vin
[    2.281866] reg-fixed-voltage 3.regulator: Failed to register regulator: -517
[    2.281884] platform 3.regulator: Driver reg-fixed-voltage requests probe deferral
[    2.282532] usb2_vbus: 5000 mV 
[    2.282581] reg-fixed-voltage 4.regulator: Failed to find supply vin
[    2.282703] reg-fixed-voltage 4.regulator: Failed to register regulator: -517
[    2.282720] platform 4.regulator: Driver reg-fixed-voltage requests probe deferral
[    2.283375] vdd_hdmi_5v0: 5000 mV 
[    2.283422] reg-fixed-voltage 5.regulator: Failed to find supply vin
[    2.283546] reg-fixed-voltage 5.regulator: Failed to register regulator: -517
[    2.283563] platform 5.regulator: Driver reg-fixed-voltage requests probe deferral
[    2.284310] vdd-sys-5v0: no parameters
[    2.284355] tps65090 2-0048: Failed to find supply vsys1
[    2.284472] tps65090-pmic tps65090-pmic: failed to register regulator TPS65090_RAILSDCDC1
[    2.284497] platform tps65090-pmic: Driver tps65090-pmic requests probe deferral
[    2.411904] spear_cpufreq: Invalid cpufreq_tbl
[    2.425993] ALSA device list:
[    2.429178]   #0: NVIDIA Tegra Dalmore
[    2.434970] vddio-ddr: 1350 mV 
[    2.438345] palmas-pmic pmic.7: Failed to find supply smps1-in
[    2.444355] palmas-pmic pmic.7: failed to register pmic.7 regulator
[    2.450725] platform pmic.7: Driver palmas-pmic requests probe deferral
[    2.458147] platform backlight.1: Driver pwm-backlight requests probe deferral
[    2.465820] mipi-dsi 54300000.dsi.0: Driver panel-simple-dsi requests probe deferral
[    2.474281] EXT4-fs (mmcblk0p1): mounting ext3 file system using the ext4 subsystem
[    2.494845] EXT4-fs (mmcblk0p1): recovery complete
[    2.499649] EXT4-fs (mmcblk0p1): mounted filesystem with ordered data mode. Opts: (null)
[    2.507810] VFS: Mounted root (ext3 filesystem) on device 179:1.
[    2.520698] devtmpfs: mounted
[    2.524104] Freeing unused kernel memory: 516K (c0816000 - c0897000)
bash: cannot set terminal process group (-1): Inappropriate ioctl for device
bash: no job control in this shell
root@(none):/# 