

U-Boot 2015.04-00466-gedec83e90172 (Mar 14 2016 - 10:42:01)

TEGRA124
Model: Acer Chromebook 13 CB5-311
DRAM:  4 GiB
C:   Tegra SD/MMC: 0, Tegra SD/MMC: 1, Tegra SD/MMC: 2
MMC init failed
Using default environment

In:    serial
Out:   serial
Err:   serial
Net:   Net Initialization Skipped
No ethernet found.
Hit any key to stop autoboot:  2  0 
Tegra124 (Nyan-big) # 
Tegra124 (Nyan-big) # usb start
starting USB...
USB0:   USB EHCI 1.10
scanning bus 0 for devices... 2 USB Device(s) found
USB1:   USB EHCI 1.10
scanning bus 1 for devices... 2 USB Device(s) found
       scanning usb for storage devices... 1 Storage Device(s) found
       scanning usb for ethernet devices... 
Warning: asx0 using MAC address from net device
1 Ethernet Device(s) found
Tegra124 (Nyan-big) # setenv bootargs 'ignore_loglevel console=ttyS0,115200n8 rw root=PARTUUID=4d36e82a-b3c0-4b4b-bfcd-afe5217ac023 rootwait gpt debug noinitrd earlyprintk init=/bin/bash'
Tegra124 (Nyan-big) # setenv ipaddr 192.168.100.102; setenv serverip 192.168.100.1; setenv tftpserverip 192.168.100.1
Tegra124 (Nyan-big) # tftpboot 0x82000000 zImage.multi_v7_defconfig
Using asx0 device
TFTP from server 192.168.100.1; our IP address is 192.168.100.102
Filename 'zImage.multi_v7_defconfig'.
Load address: 0x82000000
Loading: *#################################################################
	 #################################################################
	 #################################################################
	 #################################################################
	 #################################################################
	 #################################################################
	 #################################################################
	 ##########################################
	 3.6 MiB/s
done
Bytes transferred = 7291168 (6f4120 hex)
Tegra124 (Nyan-big) # tftpboot 0x83000000 tegra124-nyan-big.dtb
Using asx0 device
TFTP from server 192.168.100.1; our IP address is 192.168.100.102
Filename 'tegra124-nyan-big.dtb'.
Load address: 0x83000000
Loading: *#####
	 3.4 MiB/s
done
Bytes transferred = 66901 (10555 hex)
Tegra124 (Nyan-big) # bootz 0x82000000 - 0x83000000
Kernel image @ 0x82000000 [ 0x000000 - 0x6f4120 ]
## Flattened Device Tree blob at 83000000
   Booting using the fdt blob at 0x83000000
   Using Device Tree in place at 83000000, end 83013554

Starting kernel ...

[    0.000000] Booting Linux on physical CPU 0x0
[    0.000000] Linux version 4.7.0-rc5-next-20160701-103769-gd936b5e (pwalmsley@sellafield) (gcc version 4.7.3 20130328 (prerelease) (crosstool-NG linaro-1.13.1-4.7-2013.04-20130415 - Linaro GCC 2013.04) ) #1 SMP Tue Jul 12 03:48:28 PDT 2016
[    0.000000] CPU: ARMv7 Processor [413fc0f3] revision 3 (ARMv7), cr=10c5387d
[    0.000000] CPU: div instructions available: patching division code
[    0.000000] CPU: PIPT / VIPT nonaliasing data cache, PIPT instruction cache
[    0.000000] Machine model: Acer Chromebook 13 CB5-311
[    0.000000] Ignoring memory range 0x100000000 - 0x17ffff000
[    0.000000] debug: ignoring loglevel setting.
[    0.000000] cma: Reserved 64 MiB at 0xfb800000
[    0.000000] Memory policy: Data cache writealloc
[    0.000000] On node 0 totalpages: 524287
[    0.000000] free_area_init_node: node 0, pgdat c141b500, node_mem_map eeffa000
[    0.000000]   DMA zone: 1536 pages used for memmap
[    0.000000]   DMA zone: 0 pages reserved
[    0.000000]   DMA zone: 196608 pages, LIFO batch:31
[    0.000000]   HighMem zone: 327679 pages, LIFO batch:31
[    0.000000] percpu: Embedded 13 pages/cpu @eef8b000 s23808 r8192 d21248 u53248
[    0.000000] pcpu-alloc: s23808 r8192 d21248 u53248 alloc=13*4096
[    0.000000] pcpu-alloc: [0] 0 [0] 1 [0] 2 [0] 3 
[    0.000000] Built 1 zonelists in Zone order, mobility grouping on.  Total pages: 522751
[    0.000000] Kernel command line: ignore_loglevel console=ttyS0,115200n8 rw root=PARTUUID=4d36e82a-b3c0-4b4b-bfcd-afe5217ac023 rootwait gpt debug noinitrd earlyprintk init=/bin/bash
[    0.000000] PID hash table entries: 4096 (order: 2, 16384 bytes)
[    0.000000] Dentry cache hash table entries: 131072 (order: 7, 524288 bytes)
[    0.000000] Inode-cache hash table entries: 65536 (order: 6, 262144 bytes)
[    0.000000] Memory: 1996024K/2097148K available (9531K kernel code, 1141K rwdata, 4516K rodata, 2048K init, 343K bss, 35588K reserved, 65536K cma-reserved, 1245180K highmem)
[    0.000000] Virtual kernel memory layout:
[    0.000000]     vector  : 0xffff0000 - 0xffff1000   (   4 kB)
[    0.000000]     fixmap  : 0xffc00000 - 0xfff00000   (3072 kB)
[    0.000000]     vmalloc : 0xf0800000 - 0xff800000   ( 240 MB)
[    0.000000]     lowmem  : 0xc0000000 - 0xf0000000   ( 768 MB)
[    0.000000]     pkmap   : 0xbfe00000 - 0xc0000000   (   2 MB)
[    0.000000]     modules : 0xbf000000 - 0xbfe00000   (  14 MB)
[    0.000000]       .text : 0xc0208000 - 0xc10b7f54   (15040 kB)
[    0.000000]       .init : 0xc1100000 - 0xc1300000   (2048 kB)
[    0.000000]       .data : 0xc1300000 - 0xc141d580   (1142 kB)
[    0.000000]        .bss : 0xc141f000 - 0xc1474d20   ( 344 kB)
[    0.000000] SLUB: HWalign=64, Order=0-3, MinObjects=0, CPUs=4, Nodes=1
[    0.000000] Hierarchical RCU implementation.
[    0.000000] 	Build-time adjustment of leaf fanout to 32.
[    0.000000] 	RCU restricting CPUs from NR_CPUS=16 to nr_cpu_ids=4.
[    0.000000] RCU: Adjusting geometry for rcu_fanout_leaf=32, nr_cpu_ids=4
[    0.000000] NR_IRQS:16 nr_irqs:16 16
[    0.000000] /interrupt-controller@60004000: 160 interrupts forwarded to /interrupt-controller@0,50041000
[    0.000000] Tegra clk 127: register failed with -17
[    0.000003] sched_clock: 32 bits at 1000kHz, resolution 1000ns, wraps every 2147483647500ns
[    0.000013] clocksource: timer_us: mask: 0xffffffff max_cycles: 0xffffffff, max_idle_ns: 1911260446275 ns
[    0.000019] Switching to timer-based delay loop, resolution 1000ns
[    0.001639] Architected cp15 timer(s) running at 12.00MHz (virt).
[    0.001646] clocksource: arch_sys_counter: mask: 0xffffffffffffff max_cycles: 0x2c47f4ee7, max_idle_ns: 440795202497 ns
[    0.001652] sched_clock: 56 bits at 12MHz, resolution 83ns, wraps every 4398046511096ns
[    0.001656] Switching to timer-based delay loop, resolution 83ns
[    0.001859] Console: colour dummy device 80x30
[    0.001873] Calibrating delay loop (skipped), value calculated using timer frequency.. 24.00 BogoMIPS (lpj=60000)
[    0.001878] pid_max: default: 32768 minimum: 301
[    0.001916] Mount-cache hash table entries: 2048 (order: 1, 8192 bytes)
[    0.001920] Mountpoint-cache hash table entries: 2048 (order: 1, 8192 bytes)
[    0.002164] CPU: Testing write buffer coherency: ok
[    0.002276] /cpus/cpu@0 missing clock-frequency property
[    0.002291] /cpus/cpu@1 missing clock-frequency property
[    0.002304] /cpus/cpu@2 missing clock-frequency property
[    0.002319] /cpus/cpu@3 missing clock-frequency property
[    0.002323] CPU0: thread -1, cpu 0, socket 0, mpidr 80000000
[    0.002333] Setting up static identity map for 0x80300000 - 0x80300098
[    0.003583] Tegra Revision: A01 SKU: 131 CPU Process: 1 SoC Process: 1
[    0.004124] CPU1: thread -1, cpu 1, socket 0, mpidr 80000001
[    0.006771] CPU2: thread -1, cpu 2, socket 0, mpidr 80000002
[    0.011765] CPU3: thread -1, cpu 3, socket 0, mpidr 80000003
[    0.016544] Brought up 4 CPUs
[    0.016551] SMP: Total of 4 processors activated (96.00 BogoMIPS).
[    0.016554] CPU: All CPU(s) started in SVC mode.
[    0.017095] devtmpfs: initialized
[    0.024134] VFP support v0.3: implementor 41 architecture 4 part 30 variant f rev 0
[    0.024331] clocksource: jiffies: mask: 0xffffffff max_cycles: 0xffffffff, max_idle_ns: 9556302231375000 ns
[    0.024866] pinctrl core: initialized pinctrl subsystem
[    0.025589] NET: Registered protocol family 16
[    0.026259] DMA: preallocated 256 KiB pool for atomic coherent allocations
[    0.041586] cpuidle: using governor menu
[    0.047774] No ATAGs?hw-breakpoint: found 5 (+1 reserved) breakpoint and 4 watchpoint registers.
[    0.047789] hw-breakpoint: maximum watchpoint size is 8 bytes.
[    0.049840] Serial: AMBA PL011 UART driver
[    0.050808] tegra-mc 70019000.memory-controller: no memory timings for RAM code 0 registered
[    0.068299] +5V_SYS: supplied by +VDD_MUX
[    0.068404] +3.3V_SYS: supplied by +VDD_MUX
[    0.068625] +VDD_LED: Failed to request enable GPIO122: -517
[    0.068630] reg-fixed-voltage regulators:regulator@5: Failed to register regulator: -517
[    0.068661] +5V_VDD_TS_SW: Failed to request enable GPIO81: -517
[    0.068665] reg-fixed-voltage regulators:regulator@6: Failed to register regulator: -517
[    0.068695] +5V_USB_HS: Failed to request enable GPIO108: -517
[    0.068699] reg-fixed-voltage regulators:regulator@7: Failed to register regulator: -517
[    0.068728] +5V_USB_SS: Failed to request enable GPIO109: -517
[    0.068732] reg-fixed-voltage regulators:regulator@8: Failed to register regulator: -517
[    0.068807] +1.05V_RUN_AVDD_HDMI_PLL: Failed to request enable GPIO63: -517
[    0.068812] reg-fixed-voltage regulators:regulator@11: Failed to register regulator: -517
[    0.068841] +5V_HDMI_CON: Failed to request enable GPIO86: -517
[    0.068845] reg-fixed-voltage regulators:regulator@12: Failed to register regulator: -517
[    0.069927] vgaarb: loaded
[    0.070215] SCSI subsystem initialized
[    0.070283] libata version 3.00 loaded.
[    0.070381] usbcore: registered new interface driver usbfs
[    0.070405] usbcore: registered new interface driver hub
[    0.070430] usbcore: registered new device driver usb
[    0.071768] pps_core: LinuxPPS API ver. 1 registered
[    0.071772] pps_core: Software ver. 5.3.6 - Copyright 2005-2007 Rodolfo Giometti <giometti@linux.it>
[    0.071780] PTP clock support registered
[    0.071849] EDAC MC: Ver: 3.0.0
[    0.072269] tegra-emc 7001b000.emc: no memory timings for RAM code 0 found in DT
[    0.072278] tegra-emc: probe of 7001b000.emc failed with error -2
[    0.072763] clocksource: Switched to clocksource arch_sys_counter
[    0.076428] NET: Registered protocol family 2
[    0.076642] TCP established hash table entries: 8192 (order: 3, 32768 bytes)
[    0.076675] TCP bind hash table entries: 8192 (order: 4, 65536 bytes)
[    0.076737] TCP: Hash tables configured (established 8192 bind 8192)
[    0.076758] UDP hash table entries: 512 (order: 2, 16384 bytes)
[    0.076773] UDP-Lite hash table entries: 512 (order: 2, 16384 bytes)
[    0.076833] NET: Registered protocol family 1
[    0.076977] RPC: Registered named UNIX socket transport module.
[    0.076981] RPC: Registered udp transport module.
[    0.076983] RPC: Registered tcp transport module.
[    0.076986] RPC: Registered tcp NFSv4.1 backchannel transport module.
[    0.076990] PCI: CLS 0 bytes, default 64
[    0.077429] hw perfevents: enabled with armv7_cortex_a15 PMU driver, 7 counters available
[    0.077986] futex hash table entries: 1024 (order: 4, 65536 bytes)
[    0.078263] workingset: timestamp_bits=28 max_order=19 bucket_order=0
[    0.082016] squashfs: version 4.0 (2009/01/31) Phillip Lougher
[    0.082317] NFS: Registering the id_resolver key type
[    0.082331] Key type id_resolver registered
[    0.082334] Key type id_legacy registered
[    0.082350] ntfs: driver 2.1.32 [Flags: R/O].
[    0.082838] bounce: pool size: 64 pages
[    0.082911] Block layer SCSI generic (bsg) driver version 0.4 loaded (major 248)
[    0.082916] io scheduler noop registered
[    0.082918] io scheduler deadline registered
[    0.082986] io scheduler cfq registered (default)
[    0.084858] tegra-xusb-padctl 7009f000.padctl: failed to setup XUSB ports: -517
[    0.085030] libphy: mdio_driver_register: phy-bcm-ns2-pci
[    0.093630] tegra-apbdma 60020000.dma: Tegra20 APB DMA driver register 32 channels
[    0.094293] tegra-pmc 7000e400.pmc: i2c-thermtrip node not found, emergency thermal reset disabled.
[    0.115578] Serial: 8250/16550 driver, 4 ports, IRQ sharing disabled
[    0.116714] console [ttyS0] disabled
[    0.116743] 70006000.serial: ttyS0 at MMIO 0x70006000 (irq = 331, base_baud = 25500000) is a Tegra
[    0.974948] console [ttyS0] enabled
[    0.978743] SuperH (H)SCI(F) driver initialized
[    0.983611] msm_serial: driver initialized
[    0.987767] STMicroelectronics ASC driver initialized
[    0.994201] [drm] Initialized drm 1.1.0 20060810
[    0.999892] tegra-hdmi 54280000.hdmi: failed to get HDMI regulator
[    1.006432] tegra-dpaux 545c0000.dpaux: failed to get VDD supply: -517
[    1.013624] panel supply power not found, using dummy regulator
[    1.023372] brd: module loaded
[    1.028547] loop: module loaded
[    1.032569] as3722 4-0040: AS3722 with revision 0x1 found
[    1.042284] as3722-sd2: supplied by +5V_SYS
[    1.046712] as3722-sd3: supplied by +5V_SYS
[    1.051051] +1.35V_LP0(sd3): Bringing 0uV into 1350000-1350000uV
[    1.057232] as3722-sd4: supplied by +5V_SYS
[    1.061574] +1.05V_RUN: Bringing 0uV into 1050000-1050000uV
[    1.067321] as3722-sd5: supplied by +5V_SYS
[    1.072911] as3722-ldo0: supplied by +1.35V_LP0(sd2)
[    1.078649] +1.8V_RUN_CAM: Bringing 0uV into 1800000-1800000uV
[    1.084673] as3722-ldo2: supplied by +1.8V_VDDIO
[    1.090292] as3722-ldo3: supplied by +3.3V_SYS
[    1.094748] +1.00V_LP0_VDD_RTC: Bringing 1100000uV into 1000000-1000000uV
[    1.102327] as3722-ldo4: supplied by +3.3V_SYS
[    1.106924] +3.3V_RUN_CAM: Bringing 0uV into 2800000-2800000uV
[    1.112944] as3722-ldo5: supplied by +1.8V_VDDIO
[    1.117705] +1.2V_RUN_CAM_FRONT: Bringing 0uV into 1200000-1200000uV
[    1.124403] +VDDIO_SDMMC3: Bringing 0uV into 1800000-1800000uV
[    1.130443] as3722-ldo7: supplied by +1.8V_VDDIO
[    1.135213] +1.05V_RUN_CAM_REAR: Bringing 0uV into 1050000-1050000uV
[    1.141770] as3722-ldo9: supplied by +5V_SYS
[    1.146336] +2.8V_RUN_TOUCH: Bringing 0uV into 2800000-2800000uV
[    1.152544] as3722-ldo10: supplied by +5V_SYS
[    1.157056] +2.8V_RUN_CAM_AF: Bringing 0uV into 2800000-2800000uV
[    1.163506] +1.8V_RUN_VPP_FUSE: Bringing 0uV into 1800000-1800000uV
[    1.181823] m25p80 spi32765.0: w25q32dw (4096 Kbytes)
[    1.188094] libphy: Fixed MDIO Bus: probed
[    1.192471] CAN device driver interface
[    1.197004] igb: Intel(R) Gigabit Ethernet Network Driver - version 5.3.0-k
[    1.203952] igb: Copyright (c) 2007-2014 Intel Corporation.
[    1.210669] pegasus: v0.9.3 (2013/04/25), Pegasus/Pegasus II USB Ethernet driver
[    1.218077] usbcore: registered new interface driver pegasus
[    1.223747] usbcore: registered new interface driver asix
[    1.229151] usbcore: registered new interface driver ax88179_178a
[    1.235251] usbcore: registered new interface driver cdc_ether
[    1.241095] usbcore: registered new interface driver smsc75xx
[    1.246855] usbcore: registered new interface driver smsc95xx
[    1.252606] usbcore: registered new interface driver net1080
[    1.258269] usbcore: registered new interface driver cdc_subset
[    1.264192] usbcore: registered new interface driver zaurus
[    1.269781] usbcore: registered new interface driver cdc_ncm
[    1.276088] ehci_hcd: USB 2.0 'Enhanced' Host Controller (EHCI) Driver
[    1.282604] ehci-pci: EHCI PCI platform driver
[    1.287056] ehci-platform: EHCI generic platform driver
[    1.292344] ehci-orion: EHCI orion driver
[    1.296397] SPEAr-ehci: EHCI SPEAr driver
[    1.300451] ehci-st: EHCI STMicroelectronics driver
[    1.305370] ehci-exynos: EHCI EXYNOS driver
[    1.309604] ehci-atmel: EHCI Atmel driver
[    1.313656] tegra-ehci: Tegra EHCI driver
[    1.317718] ohci_hcd: USB 1.1 'Open' Host Controller (OHCI) Driver
[    1.323889] ohci-pci: OHCI PCI platform driver
[    1.328342] ohci-platform: OHCI generic platform driver
[    1.333619] ohci-omap3: OHCI OMAP3 driver
[    1.337663] SPEAr-ohci: OHCI SPEAr driver
[    1.341715] ohci-st: OHCI STMicroelectronics driver
[    1.346633] ohci-atmel: OHCI Atmel driver
[    1.350902] usbcore: registered new interface driver usb-storage
[    1.357466] mousedev: PS/2 mouse device common for all mice
[    1.363410] 1-0015 supply vcc not found, using dummy regulator
[    1.369304] as3722-rtc as3722-rtc: rtc core: registered as3722-rtc as rtc0
[    1.376176] as3722-rtc as3722-rtc: RTC interrupt 370
[    1.383069] tegra_rtc 7000e000.rtc: rtc core: registered 7000e000.rtc as rtc1
[    1.390208] tegra_rtc 7000e000.rtc: Tegra internal Real Time Clock
[    1.396570] i2c /dev entries driver
[    1.402466] 0-004c supply vcc not found, using dummy regulator
[    1.412343] sdhci: Secure Digital Host Controller Interface driver
[    1.418522] sdhci: Copyright(c) Pierre Ossman
[    1.423421] Synopsys Designware Multimedia Card Interface Driver
[    1.429808] sdhci-pltfm: SDHCI platform and OF driver helper
[    1.435739] sdhci-tegra 700b0000.sdhci: allocated mmc-pwrseq
[    1.441404] mmc0: Unknown controller version (3). You may experience problems.
[    1.448753] sdhci-tegra 700b0400.sdhci: Got CD GPIO
[    1.453632] sdhci-tegra 700b0400.sdhci: Got WP GPIO
[    1.458522] mmc0: Unknown controller version (3). You may experience problems.
[    1.465837] mmc0: Unknown controller version (3). You may experience problems.
[    1.473077] mmc0: Invalid maximum block size, assuming 512 bytes
[    1.512773] mmc0: SDHCI controller on 700b0600.sdhci [700b0600.sdhci] using ADMA 64-bit
[    1.521393] ledtrig-cpu: registered to indicate activity on CPUs
[    1.525289] input: Elan Touchpad as /devices/soc0/7000c400.i2c/i2c-1/1-0015/input/input0
[    1.535598] usbcore: registered new interface driver usbhid
[    1.541161] usbhid: USB HID core driver
[    1.547174] NET: Registered protocol family 10
[    1.551898] sit: IPv6 over IPv4 tunneling driver
[    1.556753] NET: Registered protocol family 17
[    1.561196] can: controller area network core (rev 20120528 abi 9)
[    1.567388] NET: Registered protocol family 29
[    1.571826] can: raw protocol (rev 20120528)
[    1.576087] can: broadcast manager protocol (rev 20160617 t)
[    1.581739] can: netlink gateway (rev 20130117) max_hops=1
[    1.587361] Key type dns_resolver registered
[    1.591857] ThumbEE CPU extension supported.
[    1.596123] Registering SWP/SWPB emulation handler
[    1.604249] +3.3V_RUN: supplied by +3.3V_SYS
[    1.609157] +3.3V_AVDD_HDMI_AP_GATED: supplied by +3.3V_RUN
[    1.614828] +1.8V_RUN_CAM: supplied by +3.3V_RUN
[    1.619542] +VDDIO_SDMMC3: supplied by +3.3V_RUN
[    1.624253] +1.8V_RUN_VPP_FUSE: supplied by +3.3V_RUN
[    1.629627] +VDD_LED: supplied by +VDD_MUX
[    1.634188] +5V_VDD_TS_SW: supplied by +5V_SYS
[    1.638978] +5V_USB_HS: supplied by +5V_SYS
[    1.643508] +5V_USB_SS: supplied by +5V_SYS
[    1.648626] +3.3V_PANEL: supplied by +3.3V_RUN
[    1.654110] +3.3V_LP0: supplied by +3.3V_SYS
[    1.655196] mmc0: new high speed MMC card at address 0001
[    1.655595] mmcblk0: mmc0:0001 MMC16G 14.4 GiB 
[    1.655817] mmcblk0boot0: mmc0:0001 MMC16G partition 1 2.00 MiB
[    1.656030] mmcblk0boot1: mmc0:0001 MMC16G partition 2 2.00 MiB
[    1.656192] mmcblk0rpmb: mmc0:0001 MMC16G partition 3 128 KiB
[    1.663526]  mmcblk0: p1 p2 p3 p4 p5 p6 p7 p8 p9 p10 p11 p12
[    1.692516] +1.05V_RUN_AVDD_HDMI_PLL: supplied by +1.05V_RUN
[    1.692749] elan_i2c 1-0015: failed to read report data: -121
[    1.693193] elan_i2c 1-0015: failed to read report data: -121
[    1.710031] +5V_HDMI_CON: supplied by +5V_SYS
[    1.715260] usb3-0 supply vbus not found, using dummy regulator
[    1.721288] usb3-1 supply vbus not found, using dummy regulator
[    1.730743] panel supply power not found, using dummy regulator
[    1.737469] sdhci-tegra 700b0000.sdhci: allocated mmc-pwrseq
[    1.743144] mmc1: Unknown controller version (3). You may experience problems.
[    1.750600] mmc1: Invalid maximum block size, assuming 512 bytes
[    1.756959] +1.8V_VDDIO: voltage operation not allowed
[    1.762126] mmc1: Switching to 3.3V signalling voltage failed
[    1.797855] mmc1: SDHCI controller on 700b0000.sdhci [700b0000.sdhci] using ADMA 64-bit
[    1.806595] sdhci-tegra 700b0400.sdhci: Got CD GPIO
[    1.811495] sdhci-tegra 700b0400.sdhci: Got WP GPIO
[    1.816406] mmc2: Unknown controller version (3). You may experience problems.
[    1.823845] mmc2: Invalid maximum block size, assuming 512 bytes
[    1.851298] elan_i2c 1-0015: invalid report id data (ff)
[    1.863090] mmc2: SDHCI controller on 700b0400.sdhci [700b0400.sdhci] using ADMA 64-bit
[    1.872243] input: gpio-keys as /devices/soc0/gpio-keys/input/input1
[    1.886205] as3722-rtc as3722-rtc: setting system clock to 2000-01-01 00:00:21 UTC (946684821)
[    1.898869] +3.3V_AVDD_HDMI_AP_GATED: disabling
[    1.903436] +1.05V_RUN: disabling
[    1.906909] +1.8V_RUN_CAM: disabling
[    1.910794] +3.3V_RUN_CAM: disabling
[    1.914664] +1.2V_RUN_CAM_FRONT: disabling
[    1.919042] +1.05V_RUN_CAM_REAR: disabling
[    1.923410] +2.8V_RUN_TOUCH: disabling
[    1.927400] +2.8V_RUN_CAM_AF: disabling
[    1.932883] +1.8V_RUN_VPP_FUSE: disabling
[    1.937151] +VDD_LED: disabling
[    1.940315] +5V_VDD_TS_SW: disabling
[    1.943912] +5V_USB_HS: disabling
[    1.947228] +5V_USB_SS: disabling
[    1.950564] +3.3V_PANEL: disabling
[    1.953982] +1.05V_RUN_AVDD_HDMI_PLL: disabling
[    1.958517] +5V_HDMI_CON: disabling
[    1.961931] mmc1: new high speed SDIO card at address 0001
[    1.968316] EXT4-fs (mmcblk0p3): couldn't mount as ext3 due to feature incompatibilities
[    1.976927] EXT4-fs (mmcblk0p3): couldn't mount as ext2 due to feature incompatibilities
[    2.060491] mmc2: new high speed SDHC card at address 0007
[    2.066648] mmcblk2: mmc2:0007 SD08G 7.42 GiB 
[    2.081210] GPT:Primary header alternate_lba != Alt. header my_lba
[    2.087412] GPT:3014591 != 15564799
[    2.090913] GPT:Primary header thinks Alt. header is not at the end of the disk.
[    2.098301] GPT:3014591 != 15564799
[    2.101776] GPT: Use GNU Parted to correct GPT errors.
[    2.106926]  mmcblk2: p1 p2 p3 p4 p5 p6 p7 p8 p9 p10 p11 p12
[    2.282743] EXT4-fs (mmcblk0p3): recovery complete
[    2.288286] EXT4-fs (mmcblk0p3): mounted filesystem with ordered data mode. Opts: (null)
[    2.296414] VFS: Mounted root (ext4 filesystem) on device 179:3.
[    2.303540] devtmpfs: mounted
[    2.307190] Freeing unused kernel memory: 2048K (c1100000 - c1300000)
bash: cannot set terminal process group (-1): Inappropriate ioctl for device
bash: no job control in this shell
root@(none):/# 