
U-Boot SPL 2014.01-00219-gc4d376f (Feb 18 2014 - 19:57:32)


U-Boot 2014.01-00219-gc4d376f (Feb 18 2014 - 19:57:32)

TEGRA114
Board: NVIDIA Dalmore
I2C:   ready
DRAM:  2 GiB
MMC:   Tegra SD/MMC: 0, Tegra SD/MMC: 1
In:    serial
Out:   serial
Err:   serial
Net:   Net Initialization Skipped
No ethernet found.
Hit any key to stop autoboot:  2  0 
Tegra114 (Dalmore) # 
Tegra114 (Dalmore) # usb reset
(Re)start USB...
USB0:   USB EHCI 1.10
scanning bus 0 for devices... 2 USB Device(s) found
       scanning usb for storage devices... 0 Storage Device(s) found
       scanning usb for ethernet devices... 
Warning: asx0 using MAC address from net device
1 Ethernet Device(s) found
Tegra114 (Dalmore) # setenv bootargs 'ignore_loglevel console=ttyS0,115200n8 rw root=PARTUUID=7369c667-ff51-ec4a-29cd-baabf2fbe346 rootwait gpt debug earlyprintk init=/bin/bash'
Tegra114 (Dalmore) # setenv ipaddr 192.168.100.100; setenv serverip 192.168.100.1; setenv tftpserverip 192.168.100.1
Tegra114 (Dalmore) # tftpboot 0x81000000 zImage.multi_v7_defconfig
Waiting for Ethernet connection... done.
Using asx0 device
TFTP from server 192.168.100.1; our IP address is 192.168.100.100
Filename 'zImage.multi_v7_defconfig'.
Load address: 0x81000000
Loading: *#################################################################
	 #################################################################
	 #################################################################
	 #################################################################
	 #################################################################
	 #################################################################
	 #################################################################
	 #################################################################
	 ################
	 3 MiB/s
done
Bytes transferred = 7855592 (77dde8 hex)
Tegra114 (Dalmore) # tftpboot 0x82000000 tegra114-dalmore.dtb
Using asx0 device
TFTP from server 192.168.100.1; our IP address is 192.168.100.100
Filename 'tegra114-dalmore.dtb'.
Load address: 0x82000000
Loading: *###
	 2.6 MiB/s
done
Bytes transferred = 35044 (88e4 hex)
Tegra114 (Dalmore) # bootz 0x81000000 - 0x82000000
Kernel image @ 0x81000000 [ 0x000000 - 0x77dde8 ]
## Flattened Device Tree blob at 82000000
   Booting using the fdt blob at 0x82000000
   Loading Device Tree to 8fff4000, end 8ffff8e3 ... OK

Starting kernel ...

[    0.000000] Booting Linux on physical CPU 0x0
[    0.000000] Linux version 4.11.0-rc3-next-20170323-160636-g6ec9c2f (jonathanh@sellafield) (gcc version 4.7.3 20130328 (prerelease) (crosstool-NG linaro-1.13.1-4.7-2013.04-20130415 - Linaro GCC 2013.04) ) #1 SMP Thu Mar 23 02:18:40 PDT 2017
[    0.000000] CPU: ARMv7 Processor [412fc0f2] revision 2 (ARMv7), cr=10c5387d
[    0.000000] CPU: div instructions available: patching division code
[    0.000000] CPU: PIPT / VIPT nonaliasing data cache, PIPT instruction cache
[    0.000000] OF: fdt: Machine model: NVIDIA Tegra114 Dalmore evaluation board
[    0.000000] debug: ignoring loglevel setting.
[    0.000000] efi: Getting EFI parameters from FDT:
[    0.000000] efi: UEFI not found.
[    0.000000] cma: Reserved 64 MiB at 0xfb800000
[    0.000000] Memory policy: Data cache writealloc
[    0.000000] On node 0 totalpages: 524032
[    0.000000] free_area_init_node: node 0, pgdat c157bd40, node_mem_map eeff8000
[    0.000000]   DMA zone: 1536 pages used for memmap
[    0.000000]   DMA zone: 0 pages reserved
[    0.000000]   DMA zone: 196608 pages, LIFO batch:31
[    0.000000]   HighMem zone: 327424 pages, LIFO batch:31
[    0.000000] percpu: Embedded 17 pages/cpu @eef98000 s38528 r8192 d22912 u69632
[    0.000000] pcpu-alloc: s38528 r8192 d22912 u69632 alloc=17*4096
[    0.000000] pcpu-alloc: [0] 0 [0] 1 [0] 2 [0] 3 
[    0.000000] Built 1 zonelists in Zone order, mobility grouping on.  Total pages: 522496
[    0.000000] Kernel command line: ignore_loglevel console=ttyS0,115200n8 rw root=PARTUUID=7369c667-ff51-ec4a-29cd-baabf2fbe346 rootwait gpt debug earlyprintk init=/bin/bash
[    0.000000] PID hash table entries: 4096 (order: 2, 16384 bytes)
[    0.000000] Dentry cache hash table entries: 131072 (order: 7, 524288 bytes)
[    0.000000] Inode-cache hash table entries: 65536 (order: 6, 262144 bytes)
[    0.000000] Memory: 1993580K/2096128K available (10240K kernel code, 1549K rwdata, 4388K rodata, 2048K init, 417K bss, 37012K reserved, 65536K cma-reserved, 1244160K highmem)
[    0.000000] Virtual kernel memory layout:
[    0.000000]     vector  : 0xffff0000 - 0xffff1000   (   4 kB)
[    0.000000]     fixmap  : 0xffc00000 - 0xfff00000   (3072 kB)
[    0.000000]     vmalloc : 0xf0800000 - 0xff800000   ( 240 MB)
[    0.000000]     lowmem  : 0xc0000000 - 0xf0000000   ( 768 MB)
[    0.000000]     pkmap   : 0xbfe00000 - 0xc0000000   (   2 MB)
[    0.000000]     modules : 0xbf000000 - 0xbfe00000   (  14 MB)
[    0.000000]       .text : 0xc0208000 - 0xc0d00000   (11232 kB)
[    0.000000]       .init : 0xc1200000 - 0xc1400000   (2048 kB)
[    0.000000]       .data : 0xc1400000 - 0xc1583790   (1550 kB)
[    0.000000]        .bss : 0xc1585000 - 0xc15ed608   ( 418 kB)
[    0.000000] SLUB: HWalign=64, Order=0-3, MinObjects=0, CPUs=4, Nodes=1
[    0.000000] Hierarchical RCU implementation.
[    0.000000] 	RCU debugfs-based tracing is enabled.
[    0.000000] 	RCU restricting CPUs from NR_CPUS=16 to nr_cpu_ids=4.
[    0.000000] RCU: Adjusting geometry for rcu_fanout_leaf=16, nr_cpu_ids=4
[    0.000000] NR_IRQS:16 nr_irqs:16 16
[    0.000000] /interrupt-controller@60004000: 160 interrupts forwarded to /interrupt-controller@50041000
[    0.000000] Tegra clk 127: register failed with -17
[    0.000008] sched_clock: 32 bits at 1000kHz, resolution 1000ns, wraps every 2147483647500ns
[    0.000027] clocksource: timer_us: mask: 0xffffffff max_cycles: 0xffffffff, max_idle_ns: 1911260446275 ns
[    0.000043] Switching to timer-based delay loop, resolution 1000ns
[    0.003239] arm_arch_timer: Architected cp15 timer(s) running at 12.00MHz (virt).
[    0.003259] clocksource: arch_sys_counter: mask: 0xffffffffffffff max_cycles: 0x2c47f4ee7, max_idle_ns: 440795202497 ns
[    0.003279] sched_clock: 56 bits at 12MHz, resolution 83ns, wraps every 4398046511096ns
[    0.003293] Switching to timer-based delay loop, resolution 83ns
[    0.003701] Console: colour dummy device 80x30
[    0.003733] Calibrating delay loop (skipped), value calculated using timer frequency.. 24.00 BogoMIPS (lpj=120000)
[    0.003752] pid_max: default: 32768 minimum: 301
[    0.003849] Mount-cache hash table entries: 2048 (order: 1, 8192 bytes)
[    0.003865] Mountpoint-cache hash table entries: 2048 (order: 1, 8192 bytes)
[    0.004371] CPU: Testing write buffer coherency: ok
[    0.004609] /cpus/cpu@0 missing clock-frequency property
[    0.004641] /cpus/cpu@1 missing clock-frequency property
[    0.004672] /cpus/cpu@2 missing clock-frequency property
[    0.004704] /cpus/cpu@3 missing clock-frequency property
[    0.004719] CPU0: thread -1, cpu 0, socket 0, mpidr 80000000
[    0.005018] Setting up static identity map for 0x80300000 - 0x80300098
[    0.007536] Tegra Revision: A01 SKU: 0 CPU Process: 1 SoC Process: 0
[    0.008082] EFI services will not be available.
[    0.008322] smp: Bringing up secondary CPUs ...
[    0.008958] CPU1: thread -1, cpu 1, socket 0, mpidr 80000001
[    0.009675] CPU2: thread -1, cpu 2, socket 0, mpidr 80000002
[    0.010378] CPU3: thread -1, cpu 3, socket 0, mpidr 80000003
[    0.010467] smp: Brought up 1 node, 4 CPUs
[    0.010489] SMP: Total of 4 processors activated (96.00 BogoMIPS).
[    0.010499] CPU: All CPU(s) started in SVC mode.
[    0.011965] devtmpfs: initialized
[    0.020903] VFP support v0.3: implementor 41 architecture 4 part 30 variant f rev 0
[    0.021242] clocksource: jiffies: mask: 0xffffffff max_cycles: 0xffffffff, max_idle_ns: 19112604462750000 ns
[    0.021261] futex hash table entries: 1024 (order: 4, 65536 bytes)
[    0.022726] pinctrl core: initialized pinctrl subsystem
[    0.024472] NET: Registered protocol family 16
[    0.026682] DMA: preallocated 256 KiB pool for atomic coherent allocations
[    0.028854] cpuidle: using governor menu
[    0.051839] No ATAGs?
[    0.051968] hw-breakpoint: found 5 (+1 reserved) breakpoint and 4 watchpoint registers.
[    0.051985] hw-breakpoint: maximum watchpoint size is 8 bytes.
[    0.056978] Serial: AMBA PL011 UART driver
[    0.057715] tegra-mc 70019000.memory-controller: no memory timings for RAM code 3 registered
[    0.072037] AT91: Could not find identification node
[    0.072499] dvdd_ts: Failed to request enable GPIO61: -517
[    0.072520] reg-fixed-voltage regulators:regulator@1: Failed to register regulator: -517
[    0.072616] usb1_vbus: Failed to request enable GPIO108: -517
[    0.072630] reg-fixed-voltage regulators:regulator@3: Failed to register regulator: -517
[    0.072724] usb2_vbus: Failed to request enable GPIO86: -517
[    0.072738] reg-fixed-voltage regulators:regulator@4: Failed to register regulator: -517
[    0.073156] VDD_5V0_HDMI_CON: Failed to request enable GPIO81: -517
[    0.073170] reg-fixed-voltage regulators:regulator@7: Failed to register regulator: -517
[    0.075734] vgaarb: loaded
[    0.076470] SCSI subsystem initialized
[    0.076637] libata version 3.00 loaded.
[    0.076861] usbcore: registered new interface driver usbfs
[    0.076917] usbcore: registered new interface driver hub
[    0.076977] usbcore: registered new device driver usb
[    0.080125] tps65090 2-0048: No cache defaults, reading back from HW
[    0.082011] TPS65090_RAILSDCDC1: supplied by vdd_ac_bat
[    0.083068] TPS65090_RAILSDCDC2: supplied by vdd_ac_bat
[    0.084138] TPS65090_RAILSDCDC3: supplied by vdd_ac_bat
[    0.084659] TPS65090_RAILSFET1: supplied by vdd_ac_bat
[    0.085042] TPS65090_RAILSFET2: supplied by vdd_ac_bat
[    0.085402] TPS65090_RAILSFET3: supplied by vdd-sys-3v3
[    0.085919] TPS65090_RAILSFET4: supplied by vdd-sys-3v3
[    0.086450] TPS65090_RAILSFET5: supplied by vdd-sys-3v3
[    0.086965] TPS65090_RAILSFET6: supplied by vdd-sys-3v3
[    0.087801] TPS65090_RAILSFET7: supplied by vdd-sys-3v3
[    0.088333] TPS65090_RAILSLDO1: supplied by vdd_ac_bat
[    0.088536] TPS65090_RAILSLDO2: supplied by vdd_ac_bat
[    0.089432] palmas 2-0058: Irq flag is 0x00000004
[    0.091390] palmas 2-0058: Muxing GPIO ff, PWM 0, LED 0
[    0.093868] SMPS12: supplied by vdd-ao
[    0.094882] vdd_hdmi_5v0: supplied by vdd-sys-5v0
[    0.095699] SMPS3: supplied by vdd-ao
[    0.097439] SMPS457: supplied by vdd-sys-3v3
[    0.100302] SMPS8: supplied by vdd-sys-3v3
[    0.101380] random: fast init done
[    0.101918] SMPS9: supplied by vdd-sys-3v3
[    0.102438] sdhci-vdd-sd-slot: Bringing 2840000uV into 2800000-2800000uV
[    0.105231] LDO1: supplied by vdd-sys-3v3
[    0.106406] LDO2: supplied by vdd-sys-3v3
[    0.107590] LDO3: supplied by vddio-1v8
[    0.108761] LDO4: supplied by vdd-sys-3v3
[    0.109951] LDO5: supplied by vdd_ac_bat
[    0.110695] LDO6: supplied by vdd-sys-3v3
[    0.111206] vdd-sensor-2v85: Bringing 2900000uV into 2850000-2850000uV
[    0.112618] LDO7: supplied by vdd-sys-3v3
[    0.114338] LDO8: supplied by vdd-ao
[    0.114851] vdd-rtc: Bringing 675000uV into 900000-900000uV
[    0.123930] LDO9: supplied by sdhci-vdd-sd-slot
[    0.134264] LDOLN: supplied by vdd-sys-5v0
[    0.135453] LDOUSB: supplied by vdd-sys-5v0
[    0.146936] pps_core: LinuxPPS API ver. 1 registered
[    0.146947] pps_core: Software ver. 5.3.6 - Copyright 2005-2007 Rodolfo Giometti <giometti@linux.it>
[    0.146971] PTP clock support registered
[    0.147158] EDAC MC: Ver: 3.0.0
[    0.149258] clocksource: Switched to clocksource arch_sys_counter
[    0.206157] NET: Registered protocol family 2
[    0.206672] TCP established hash table entries: 8192 (order: 3, 32768 bytes)
[    0.206773] TCP bind hash table entries: 8192 (order: 4, 65536 bytes)
[    0.206961] TCP: Hash tables configured (established 8192 bind 8192)
[    0.207050] UDP hash table entries: 512 (order: 2, 16384 bytes)
[    0.207094] UDP-Lite hash table entries: 512 (order: 2, 16384 bytes)
[    0.207253] NET: Registered protocol family 1
[    0.207575] RPC: Registered named UNIX socket transport module.
[    0.207586] RPC: Registered udp transport module.
[    0.207595] RPC: Registered tcp transport module.
[    0.207605] RPC: Registered tcp NFSv4.1 backchannel transport module.
[    0.207619] PCI: CLS 0 bytes, default 64
[    0.210068] workingset: timestamp_bits=30 max_order=19 bucket_order=0
[    0.218611] squashfs: version 4.0 (2009/01/31) Phillip Lougher
[    0.219353] NFS: Registering the id_resolver key type
[    0.219380] Key type id_resolver registered
[    0.219390] Key type id_legacy registered
[    0.219434] ntfs: driver 2.1.32 [Flags: R/O].
[    0.221017] bounce: pool size: 64 pages
[    0.221062] Block layer SCSI generic (bsg) driver version 0.4 loaded (major 248)
[    0.221073] io scheduler noop registered
[    0.221083] io scheduler deadline registered
[    0.221255] io scheduler cfq registered (default)
[    0.221266] io scheduler mq-deadline registered
[    0.250839] tegra-apbdma 6000a000.dma: Tegra20 APB DMA driver register 32 channels
[    0.252842] tegra-pmc 7000e400.pmc: i2c-thermtrip node not found, emergency thermal reset disabled.
[    0.308063] Serial: 8250/16550 driver, 4 ports, IRQ sharing disabled
[    0.310717] console [ttyS0] disabled
[    0.310758] 70006300.serial: ttyS0 at MMIO 0x70006300 (irq = 329, base_baud = 25500000) is a Tegra
[    1.292899] console [ttyS0] enabled
[    1.297108] SuperH (H)SCI(F) driver initialized
[    1.302535] msm_serial: driver initialized
[    1.306794] STMicroelectronics ASC driver initialized
[    1.317228] tegra-hdmi 54280000.hdmi: failed to get HDMI regulator
[    1.341022] brd: module loaded
[    1.351453] loop: module loaded
[    1.370885] m25p80 spi32766.0: w25q32dw (4096 Kbytes)
[    1.378811] libphy: Fixed MDIO Bus: probed
[    1.383987] CAN device driver interface
[    1.388609] bgmac_bcma: Broadcom 47xx GBit MAC driver loaded
[    1.395519] e1000e: Intel(R) PRO/1000 Network Driver - 3.2.6-k
[    1.401357] e1000e: Copyright(c) 1999 - 2015 Intel Corporation.
[    1.407320] igb: Intel(R) Gigabit Ethernet Network Driver - version 5.4.0-k
[    1.414287] igb: Copyright (c) 2007-2014 Intel Corporation.
[    1.422999] pegasus: v0.9.3 (2013/04/25), Pegasus/Pegasus II USB Ethernet driver
[    1.430453] usbcore: registered new interface driver pegasus
[    1.436153] usbcore: registered new interface driver asix
[    1.441591] usbcore: registered new interface driver ax88179_178a
[    1.447707] usbcore: registered new interface driver cdc_ether
[    1.453598] usbcore: registered new interface driver smsc75xx
[    1.459398] usbcore: registered new interface driver smsc95xx
[    1.465167] usbcore: registered new interface driver net1080
[    1.470868] usbcore: registered new interface driver cdc_subset
[    1.476814] usbcore: registered new interface driver zaurus
[    1.482444] usbcore: registered new interface driver cdc_ncm
[    1.489938] ehci_hcd: USB 2.0 'Enhanced' Host Controller (EHCI) Driver
[    1.496457] ehci-pci: EHCI PCI platform driver
[    1.500946] ehci-platform: EHCI generic platform driver
[    1.506339] ehci-orion: EHCI orion driver
[    1.510502] SPEAr-ehci: EHCI SPEAr driver
[    1.514629] ehci-st: EHCI STMicroelectronics driver
[    1.519637] ehci-exynos: EHCI EXYNOS driver
[    1.523954] ehci-atmel: EHCI Atmel driver
[    1.528077] tegra-ehci: Tegra EHCI driver
[    1.532377] ohci_hcd: USB 1.1 'Open' Host Controller (OHCI) Driver
[    1.538560] ohci-pci: OHCI PCI platform driver
[    1.543057] ohci-platform: OHCI generic platform driver
[    1.548417] ohci-omap3: OHCI OMAP3 driver
[    1.552560] SPEAr-ohci: OHCI SPEAr driver
[    1.556689] ohci-st: OHCI STMicroelectronics driver
[    1.561699] ohci-atmel: OHCI Atmel driver
[    1.566356] usbcore: registered new interface driver usb-storage
[    1.577945] palmas-rtc 7000d000.i2c:tps65913@58:rtc: rtc core: registered 7000d000.i2c:tps659 as rtc0
[    1.588993] tegra_rtc 7000e000.rtc: rtc core: registered 7000e000.rtc as rtc1
[    1.596189] tegra_rtc 7000e000.rtc: Tegra internal Real Time Clock
[    1.602858] i2c /dev entries driver
[    1.612513] sbs-battery 0-000b: sbs_probe: Failed to get device status
[    1.619045] sbs-battery: probe of 0-000b failed with error -121
[    1.635013] sdhci: Secure Digital Host Controller Interface driver
[    1.641213] sdhci: Copyright(c) Pierre Ossman
[    1.646923] Synopsys Designware Multimedia Card Interface Driver
[    1.654063] sdhci-pltfm: SDHCI platform and OF driver helper
[    1.660418] sdhci-tegra 78000400.sdhci: Got CD GPIO
[    1.665305] sdhci-tegra 78000400.sdhci: Got WP GPIO
[    1.678430] mmc0: Invalid maximum block size, assuming 512 bytes
[    1.749397] mmc0: SDHCI controller on 78000400.sdhci [78000400.sdhci] using ADMA
[    1.766037] mmc1: Invalid maximum block size, assuming 512 bytes
[    1.829299] mmc1: SDHCI controller on 78000600.sdhci [78000600.sdhci] using ADMA
[    1.838436] ledtrig-cpu: registered to indicate activity on CPUs
[    1.844820] usbcore: registered new interface driver usbhid
[    1.850406] usbhid: USB HID core driver
[    1.857822] NET: Registered protocol family 10
[    1.863220] Segment Routing with IPv6
[    1.866932] sit: IPv6, IPv4 and MPLS over IPv4 tunneling driver
[    1.873480] NET: Registered protocol family 17
[    1.877926] can: controller area network core (rev 20120528 abi 9)
[    1.884167] NET: Registered protocol family 29
[    1.888608] can: raw protocol (rev 20120528)
[    1.892897] can: broadcast manager protocol (rev 20161123 t)
[    1.898554] can: netlink gateway (rev 20130117) max_hops=1
[    1.904364] Key type dns_resolver registered
[    1.909187] ThumbEE CPU extension supported.
[    1.913480] Registering SWP/SWPB emulation handler
[    1.931498] usb1_vbus: supplied by vdd-sys-5v0
[    1.934871] mmc0: new high speed SDHC card at address aaaa
[    1.936143] mmcblk0: mmc0:aaaa SL16G 14.8 GiB 
[    1.947264] usb2_vbus: supplied by vdd-sys-5v0
[    1.955525] VDD_5V0_HDMI_CON: supplied by vdd-sys-5v0
[    1.962458]  mmcblk0: p1 p2 p3
[    1.967922] [drm] Supports vblank timestamp caching Rev 2 (21.10.2013).
[    1.974608] [drm] No driver support for vblank timestamp query.
[    1.985381] mmc1: new high speed MMC card at address 0001
[    1.991954] mmcblk1: mmc1:0001 SEM32G 29.1 GiB 
[    1.997119] mmcblk1boot0: mmc1:0001 SEM32G partition 1 4.00 MiB
[    2.003758] mmcblk1boot1: mmc1:0001 SEM32G partition 2 4.00 MiB
[    2.004393] mmcblk1rpmb: mmc1:0001 SEM32G partition 3 4.00 MiB
[    2.007526]  mmcblk1: p1 p2 p3 p4 p5 p6 p7 p8
[    2.075967] Console: switching to colour frame buffer device 240x75
[    2.131740] drm drm: fb0:  frame buffer device
[    2.136297] [drm] Initialized tegra 0.0.0 20120330 for drm on minor 0
[    2.148431] tegra-ehci 7d008000.usb: EHCI Host Controller
[    2.153876] tegra-ehci 7d008000.usb: new USB bus registered, assigned bus number 1
[    2.161735] tegra-ehci 7d008000.usb: irq 339, io mem 0x7d008000
[    2.189388] tegra-ehci 7d008000.usb: USB 2.0 started, EHCI 1.10
[    2.196446] hub 1-0:1.0: USB hub found
[    2.200313] hub 1-0:1.0: 1 port detected
[    2.205989] input: gpio-keys as /devices/soc0/gpio-keys/input/input0
[    2.214904] palmas-rtc 7000d000.i2c:tps65913@58:rtc: setting system clock to 2001-01-14 20:55:50 UTC (979505750)
[    2.231063] dvdd_ts: disabling
[    2.234124] usb1_vbus: disabling
[    2.237349] vdd_cam_1v8_reg: disabling
[    2.242764] EXT4-fs (mmcblk1p1): mounting ext3 file system using the ext4 subsystem
[    2.264707] EXT4-fs (mmcblk1p1): recovery complete
[    2.269579] EXT4-fs (mmcblk1p1): mounted filesystem with ordered data mode. Opts: (null)
[    2.277709] VFS: Mounted root (ext3 filesystem) on device 179:17.
[    2.286228] devtmpfs: mounted
[    2.291022] Freeing unused kernel memory: 2048K
bash: cannot set terminal process group (-1): Inappropriate ioctl for device
bash: no job control in this shell
root@(none):/# [    2.559391] usb 1-1: new high-speed USB device number 2 using tegra-ehci
mount -t sysfs none /sys
[    3.241070] asix 1-1:1.0 eth0: register 'asix' at usb-7d008000.usb-1, ASIX AX88772 USB 2.0 Ethernet, 00:50:b6:0d:b5:16
root@(none):/# 
root@(none):/# mount -t debugfs none /sys/kernel/debug
root@(none):/# 
root@(none):/# rtcwake -d rtc1 -m mem -s 3
rtcwake: assuming RTC uses UTC ...
rtcwake: wakeup from "mem" using /dev/rtc1 at Thu Jan  1 00:00:20 1970
[    5.340841] PM: Syncing filesystems ... done.
[    5.374543] Freezing user space processes ... (elapsed 0.001 seconds) done.
[    5.382893] Freezing remaining freezable tasks ... (elapsed 0.001 seconds) done.
[    5.391838] Suspending console(s) (use no_console_suspend to debug)
[    5.451392] PM: suspend of devices complete after 52.014 msecs
[    5.454316] PM: late suspend of devices complete after 2.907 msecs
[    5.456776] PM: noirq suspend of devices complete after 2.448 msecs
[    5.456781] Disabling non-boot CPUs ...
[    5.457288] IRQ17 no longer affine to CPU1
[    5.603857] Entering suspend state LP1
[    5.603857] Suspended for 7.713 seconds
[    5.603878] Enabling non-boot CPUs ...
[    5.633466] CPU1 is up
[    5.673617] CPU2 is up
[    5.714259] CPU3 is up
[    5.715407] PM: noirq resume of devices complete after 1.137 msecs
[    5.718015] PM: early resume of devices complete after 2.135 msecs
[    6.310146] PM: resume of devices complete after 592.115 msecs
[    6.374464] Restarting tasks ... done.
root@(none):/# 
root@(none):/# rtcwake -d rtc1 -m mem -s 3
rtcwake: assuming RTC uses UTC ...
rtcwake: wakeup from "mem" using /dev/rtc1 at Thu Jan  1 00:00:30 1970
[    7.639051] PM: Syncing filesystems ... done.
[    7.677603] Freezing user space processes ... (elapsed 0.001 seconds) done.
[    7.685959] Freezing remaining freezable tasks ... (elapsed 0.001 seconds) done.
[    7.694852] Suspending console(s) (use no_console_suspend to debug)
[    7.761155] PM: suspend of devices complete after 58.755 msecs
[    7.764402] PM: late suspend of devices complete after 3.231 msecs
[    7.766827] PM: noirq suspend of devices complete after 2.413 msecs
[    7.766832] Disabling non-boot CPUs ...
[    7.864346] IRQ17 no longer affine to CPU3
[    7.913385] Entering suspend state LP1
[    7.913385] Suspended for 8.274 seconds
[    7.913406] Enabling non-boot CPUs ...
[    7.943425] CPU1 is up
[    7.983545] CPU2 is up
[    8.024218] CPU3 is up
[    8.025363] PM: noirq resume of devices complete after 1.133 msecs
[    8.027912] PM: early resume of devices complete after 2.075 msecs
[    8.618416] PM: resume of devices complete after 590.483 msecs
[    8.682838] Restarting tasks ... done.
root@(none):/# 
root@(none):/# rtcwake -d rtc1 -m mem -s 3
rtcwake: assuming RTC uses UTC ...
rtcwake: wakeup from "mem" using /dev/rtc1 at Thu Jan  1 00:00:40 1970
[    9.357666] PM: Syncing filesystems ... done.
[    9.387855] Freezing user space processes ... (elapsed 0.001 seconds) done.
[    9.396218] Freezing remaining freezable tasks ... (elapsed 0.001 seconds) done.
[    9.405085] Suspending console(s) (use no_console_suspend to debug)
[    9.471472] PM: suspend of devices complete after 58.849 msecs
[    9.474319] PM: late suspend of devices complete after 2.832 msecs
[    9.476824] PM: noirq suspend of devices complete after 2.495 msecs
[    9.476830] Disabling non-boot CPUs ...
[    9.477333] IRQ17 no longer affine to CPU1
[    9.623834] Entering suspend state LP1
[    9.623834] Suspended for 7.706 seconds
[    9.623855] Enabling non-boot CPUs ...
[    9.653362] CPU1 is up
[    9.693499] CPU2 is up
[    9.734144] CPU3 is up
[    9.735329] PM: noirq resume of devices complete after 1.174 msecs
[    9.737841] PM: early resume of devices complete after 2.049 msecs
[   10.330420] PM: resume of devices complete after 592.562 msecs
[   10.394742] Restarting tasks ... done.
root@(none):/# 
root@(none):/# rtcwake -d rtc1 -m mem -s 3
rtcwake: assuming RTC uses UTC ...
rtcwake: wakeup from "mem" using /dev/rtc1 at Thu Jan  1 00:00:50 1970
[   11.659506] PM: Syncing filesystems ... done.
[   11.697351] Freezing user space processes ... (elapsed 0.001 seconds) done.
[   11.705719] Freezing remaining freezable tasks ... (elapsed 0.001 seconds) done.
[   11.714587] Suspending console(s) (use no_console_suspend to debug)
[   11.771443] PM: suspend of devices complete after 49.324 msecs
[   11.774643] PM: late suspend of devices complete after 3.184 msecs
[   11.777112] PM: noirq suspend of devices complete after 2.458 msecs
[   11.777118] Disabling non-boot CPUs ...
[   11.777620] IRQ17 no longer affine to CPU1
[   11.923864] Entering suspend state LP1
[   11.923864] Suspended for 8.283 seconds
[   11.923884] Enabling non-boot CPUs ...
[   11.953354] CPU1 is up
[   11.993458] CPU2 is up
[   12.034138] CPU3 is up
[   12.035320] PM: noirq resume of devices complete after 1.170 msecs
[   12.037803] PM: early resume of devices complete after 2.040 msecs
[   12.628321] PM: resume of devices complete after 590.499 msecs
[   12.692690] Restarting tasks ... done.
root@(none):/# 
root@(none):/# rtcwake -d rtc1 -m mem -s 3
rtcwake: assuming RTC uses UTC ...
rtcwake: wakeup from "mem" using /dev/rtc1 at Thu Jan  1 00:01:00 1970
[   13.383819] PM: Syncing filesystems ... done.
[   13.414192] Freezing user space processes ... (elapsed 0.001 seconds) done.
[   13.422558] Freezing remaining freezable tasks ... (elapsed 0.001 seconds) done.
[   13.431433] Suspending console(s) (use no_console_suspend to debug)
[   13.491425] PM: suspend of devices complete after 52.472 msecs
[   13.494306] PM: late suspend of devices complete after 2.865 msecs
[   13.496942] PM: noirq suspend of devices complete after 2.622 msecs
[   13.496948] Disabling non-boot CPUs ...
[   13.497467] IRQ17 no longer affine to CPU1
[   13.643781] Entering suspend state LP1
[   13.643781] Suspended for 7.697 seconds
[   13.643802] Enabling non-boot CPUs ...
[   13.673296] CPU1 is up
[   13.713393] CPU2 is up
[   13.754031] CPU3 is up
[   13.755214] PM: noirq resume of devices complete after 1.171 msecs
[   13.757747] PM: early resume of devices complete after 2.064 msecs
[   14.349001] PM: resume of devices complete after 591.236 msecs
[   14.413384] Restarting tasks ... done.
root@(none):/# 
root@(none):/# rtcwake -d rtc1 -m mem -s 3
rtcwake: assuming RTC uses UTC ...
rtcwake: wakeup from "mem" using /dev/rtc1 at Thu Jan  1 00:01:10 1970
[   15.680623] PM: Syncing filesystems ... done.
[   15.716255] Freezing user space processes ... (elapsed 0.001 seconds) done.
[   15.724626] Freezing remaining freezable tasks ... (elapsed 0.001 seconds) done.
[   15.733492] Suspending console(s) (use no_console_suspend to debug)
[   15.791378] PM: suspend of devices complete after 50.338 msecs
[   15.794203] PM: late suspend of devices complete after 2.810 msecs
[   15.796880] PM: noirq suspend of devices complete after 2.661 msecs
[   15.796886] Disabling non-boot CPUs ...
[   15.894270] IRQ17 no longer affine to CPU3
[   15.952705] Entering suspend state LP1
[   15.952705] Suspended for 8.274 seconds
[   15.952726] Enabling non-boot CPUs ...
[   15.983738] CPU1 is up
[   16.023409] CPU2 is up
[   16.064002] CPU3 is up
[   16.065166] PM: noirq resume of devices complete after 1.153 msecs
[   16.067653] PM: early resume of devices complete after 2.046 msecs
[   16.659878] PM: resume of devices complete after 592.208 msecs
[   16.724227] Restarting tasks ... done.
root@(none):/# 
root@(none):/# rtcwake -d rtc1 -m mem -s 3
rtcwake: assuming RTC uses UTC ...
rtcwake: wakeup from "mem" using /dev/rtc1 at Thu Jan  1 00:01:20 1970
[   17.396709] PM: Syncing filesystems ... done.
[   17.426190] Freezing user space processes ... (elapsed 0.001 seconds) done.
[   17.434562] Freezing remaining freezable tasks ... (elapsed 0.001 seconds) done.
[   17.443434] Suspending console(s) (use no_console_suspend to debug)
[   17.501322] PM: suspend of devices complete after 50.360 msecs
[   17.504124] PM: late suspend of devices complete after 2.786 msecs
[   17.506537] PM: noirq suspend of devices complete after 2.403 msecs
[   17.506542] Disabling non-boot CPUs ...
[   17.603852] IRQ17 no longer affine to CPU3
[   17.653657] Entering suspend state LP1
[   17.653657] Suspended for 7.716 seconds
[   17.653677] Enabling non-boot CPUs ...
[   17.683212] CPU1 is up
[   17.723311] CPU2 is up
[   17.763981] CPU3 is up
[   17.765135] PM: noirq resume of devices complete after 1.142 msecs
[   17.767661] PM: early resume of devices complete after 2.074 msecs
[   18.359815] PM: resume of devices complete after 592.135 msecs
[   18.424271] Restarting tasks ... done.
root@(none):/# 
root@(none):/# rtcwake -d rtc1 -m mem -s 3
rtcwake: assuming RTC uses UTC ...
rtcwake: wakeup from "mem" using /dev/rtc1 at Thu Jan  1 00:01:30 1970
[   19.690568] PM: Syncing filesystems ... done.
[   19.726314] Freezing user space processes ... (elapsed 0.001 seconds) done.
[   19.734683] Freezing remaining freezable tasks ... (elapsed 0.001 seconds) done.
[   19.743547] Suspending console(s) (use no_console_suspend to debug)
[   19.801331] PM: suspend of devices complete after 50.233 msecs
[   19.804463] PM: late suspend of devices complete after 3.117 msecs
[   19.806889] PM: noirq suspend of devices complete after 2.415 msecs
[   19.806895] Disabling non-boot CPUs ...
[   19.903777] IRQ17 no longer affine to CPU3
[   19.953663] Entering suspend state LP1
[   19.953663] Suspended for 8.283 seconds
[   19.953684] Enabling non-boot CPUs ...
[   19.983176] CPU1 is up
[   20.023285] CPU2 is up
[   20.063931] CPU3 is up
[   20.065103] PM: noirq resume of devices complete after 1.161 msecs
[   20.067724] PM: early resume of devices complete after 2.162 msecs
[   20.659826] PM: resume of devices complete after 592.081 msecs
[   20.724232] Restarting tasks ... done.
root@(none):/# 
root@(none):/# rtcwake -d rtc1 -m mem -s 3
rtcwake: assuming RTC uses UTC ...
rtcwake: wakeup from "mem" using /dev/rtc1 at Thu Jan  1 00:01:40 1970
[   21.408669] PM: Syncing filesystems ... done.
[   21.443256] Freezing user space processes ... (elapsed 0.001 seconds) done.
[   21.451623] Freezing remaining freezable tasks ... (elapsed 0.001 seconds) done.
[   21.460491] Suspending console(s) (use no_console_suspend to debug)
[   21.521147] PM: suspend of devices complete after 53.137 msecs
[   21.524277] PM: late suspend of devices complete after 3.114 msecs
[   21.526760] PM: noirq suspend of devices complete after 2.471 msecs
[   21.526766] Disabling non-boot CPUs ...
[   21.527271] IRQ17 no longer affine to CPU1
[   21.673564] Entering suspend state LP1
[   21.673564] Suspended for 7.697 seconds
[   21.673585] Enabling non-boot CPUs ...
[   21.703086] CPU1 is up
[   21.743208] CPU2 is up
[   21.783944] CPU3 is up
[   21.785095] PM: noirq resume of devices complete after 1.140 msecs
[   21.787641] PM: early resume of devices complete after 2.085 msecs
[   22.380092] PM: resume of devices complete after 592.434 msecs
[   22.444432] Restarting tasks ... done.
root@(none):/# 
root@(none):/# rtcwake -d rtc1 -m mem -s 3
rtcwake: assuming RTC uses UTC ...
rtcwake: wakeup from "mem" using /dev/rtc1 at Thu Jan  1 00:01:50 1970
[   23.708776] PM: Syncing filesystems ... done.
[   23.746842] Freezing user space processes ... (elapsed 0.001 seconds) done.
[   23.755213] Freezing remaining freezable tasks ... (elapsed 0.001 seconds) done.
[   23.764093] Suspending console(s) (use no_console_suspend to debug)
[   23.831291] PM: suspend of devices complete after 59.654 msecs
[   23.834433] PM: late suspend of devices complete after 3.126 msecs
[   23.836854] PM: noirq suspend of devices complete after 2.410 msecs
[   23.836859] Disabling non-boot CPUs ...
[   23.993604] Entering suspend state LP1
[   23.993604] Suspended for 8.263 seconds
[   23.993625] Enabling non-boot CPUs ...
[   24.023056] CPU1 is up
[   24.063171] CPU2 is up
[   24.103826] CPU3 is up
[   24.104987] PM: noirq resume of devices complete after 1.150 msecs
[   24.107794] PM: early resume of devices complete after 2.350 msecs
[   24.697855] PM: resume of devices complete after 590.044 msecs
[   24.758171] Restarting tasks ... done.
root@(none):/# 
root@(none):/# NVTB SYSTEM SUSPEND TEST COMPLETE
