
U-Boot SPL 2014.07-00097-g772e173 (Jul 25 2014 - 20:02:52)


U-Boot 2014.07-00097-g772e173 (Jul 25 2014 - 20:02:52)

TEGRA124
Board: NVIDIA Jetson TK1
I2C:   ready
DRAM:  2 GiB
MMC:   Tegra SD/MMC: 0, Tegra SD/MMC: 1
In:    serial
Out:   serial
Err:   serial
Net:   Net Initialization Skipped
No ethernet found.
Hit any key to stop autoboot:  2  0 
Tegra124 (Jetson TK1) # 
Tegra124 (Jetson TK1) # usb reset
(Re)start USB...
USB0:   USB EHCI 1.10
scanning bus 0 for devices... 1 USB Device(s) found
USB1:   USB EHCI 1.10
scanning bus 1 for devices... 2 USB Device(s) found
       scanning usb for storage devices... 0 Storage Device(s) found
       scanning usb for ethernet devices... 
Warning: asx0 using MAC address from net device
1 Ethernet Device(s) found
Tegra124 (Jetson TK1) # setenv bootargs 'ignore_loglevel console=ttyS0,115200n8 rw root=/dev/mmcblk0p1 rootwait gpt debug init=/bin/bash noinitrd'
Tegra124 (Jetson TK1) # setenv ipaddr 192.168.100.102; setenv serverip 192.168.100.1; setenv tftpserverip 192.168.100.1
Tegra124 (Jetson TK1) # tftpboot 0x81000000 zImage.multi_v7_defconfig
Using asx0 device
TFTP from server 192.168.100.1; our IP address is 192.168.100.102
Filename 'zImage.multi_v7_defconfig'.
Load address: 0x81000000
Loading: *#################################################################
	 #################################################################
	 #################################################################
	 #################################################################
	 #################################################################
	 #################################################################
	 ###
	 2.8 MiB/s
done
Bytes transferred = 5766152 (57fc08 hex)
Tegra124 (Jetson TK1) # tftpboot 0x82000000 tegra124-jetson-tk1.dtb
Using asx0 device
TFTP from server 192.168.100.1; our IP address is 192.168.100.102
Filename 'tegra124-jetson-tk1.dtb'.
Load address: 0x82000000
Loading: *####
	 2.6 MiB/s
done
Bytes transferred = 48898 (bf02 hex)
Tegra124 (Jetson TK1) # bootz 0x81000000 - 0x82000000
Kernel image @ 0x81000000 [ 0x000000 - 0x57fc08 ]
## Flattened Device Tree blob at 82000000
   Booting using the fdt blob at 0x82000000
   Using Device Tree in place at 82000000, end 8200ef01

Starting kernel ...

[    0.000000] Booting Linux on physical CPU 0x0
[    0.000000] Linux version 3.19.0-rc4-next-20150114-110010-gceb5635 (pwalmsley@tamien) (gcc version 4.7.3 20130328 (prerelease) (crosstool-NG linaro-1.13.1-4.7-2013.04-20130415 - Linaro GCC 2013.04) ) #1 SMP Tue Jan 13 22:48:46 PST 2015
[    0.000000] CPU: ARMv7 Processor [413fc0f3] revision 3 (ARMv7), cr=10c5387d
[    0.000000] CPU: PIPT / VIPT nonaliasing data cache, PIPT instruction cache
[    0.000000] Machine model: NVIDIA Tegra124 Jetson TK1
[    0.000000] debug: ignoring loglevel setting.
[    0.000000] cma: Reserved 64 MiB at 0xfb800000
[    0.000000] Memory policy: Data cache writealloc
[    0.000000] On node 0 totalpages: 524032
[    0.000000] free_area_init_node: node 0, pgdat c0e0bc40, node_mem_map ee7f8000
[    0.000000]   DMA zone: 1520 pages used for memmap
[    0.000000]   DMA zone: 0 pages reserved
[    0.000000]   DMA zone: 194560 pages, LIFO batch:31
[    0.000000]   HighMem zone: 329472 pages, LIFO batch:31
[    0.000000] PERCPU: Embedded 11 pages/cpu @ee79a000 s12736 r8192 d24128 u45056
[    0.000000] pcpu-alloc: s12736 r8192 d24128 u45056 alloc=11*4096
[    0.000000] pcpu-alloc: [0] 0 [0] 1 [0] 2 [0] 3 
[    0.000000] Built 1 zonelists in Zone order, mobility grouping on.  Total pages: 522512
[    0.000000] Kernel command line: ignore_loglevel console=ttyS0,115200n8 rw root=/dev/mmcblk0p1 rootwait gpt debug init=/bin/bash noinitrd
[    0.000000] PID hash table entries: 4096 (order: 2, 16384 bytes)
[    0.000000] Dentry cache hash table entries: 131072 (order: 7, 524288 bytes)
[    0.000000] Inode-cache hash table entries: 65536 (order: 6, 262144 bytes)
[    0.000000] Memory: 2000340K/2096128K available (7502K kernel code, 942K rwdata, 3092K rodata, 772K init, 306K bss, 30252K reserved, 65536K cma-reserved, 1252352K highmem)
[    0.000000] Virtual kernel memory layout:
[    0.000000]     vector  : 0xffff0000 - 0xffff1000   (   4 kB)
[    0.000000]     fixmap  : 0xffc00000 - 0xfff00000   (3072 kB)
[    0.000000]     vmalloc : 0xf0000000 - 0xff000000   ( 240 MB)
[    0.000000]     lowmem  : 0xc0000000 - 0xef800000   ( 760 MB)
[    0.000000]     pkmap   : 0xbfe00000 - 0xc0000000   (   2 MB)
[    0.000000]     modules : 0xbf000000 - 0xbfe00000   (  14 MB)
[    0.000000]       .text : 0xc0208000 - 0xc0c60b84   (10595 kB)
[    0.000000]       .init : 0xc0c61000 - 0xc0d22000   ( 772 kB)
[    0.000000]       .data : 0xc0d22000 - 0xc0e0db40   ( 943 kB)
[    0.000000]        .bss : 0xc0e0db40 - 0xc0e5a668   ( 307 kB)
[    0.000000] SLUB: HWalign=64, Order=0-3, MinObjects=0, CPUs=4, Nodes=1
[    0.000000] Hierarchical RCU implementation.
[    0.000000] 	Additional per-CPU info printed with stalls.
[    0.000000] 	RCU restricting CPUs from NR_CPUS=8 to nr_cpu_ids=4.
[    0.000000] RCU: Adjusting geometry for rcu_fanout_leaf=16, nr_cpu_ids=4
[    0.000000] NR_IRQS:16 nr_irqs:16 16
[    0.000000] L2C: failed to init: -19
[    0.000008] sched_clock: 32 bits at 1000kHz, resolution 1000ns, wraps every 2147483648000ns
[    0.000028] Switching to timer-based delay loop, resolution 1000ns
[    0.003721] Architected cp15 timer(s) running at 12.00MHz (virt).
[    0.003742] sched_clock: 56 bits at 12MHz, resolution 83ns, wraps every 2863311536128ns
[    0.003755] Switching to timer-based delay loop, resolution 83ns
[    0.004130] Console: colour dummy device 80x30
[    0.004154] Calibrating delay loop (skipped), value calculated using timer frequency.. 24.00 BogoMIPS (lpj=60000)
[    0.004169] pid_max: default: 32768 minimum: 301
[    0.004283] Mount-cache hash table entries: 2048 (order: 1, 8192 bytes)
[    0.004296] Mountpoint-cache hash table entries: 2048 (order: 1, 8192 bytes)
[    0.004909] CPU: Testing write buffer coherency: ok
[    0.005115] /cpus/cpu@0 missing clock-frequency property
[    0.005149] /cpus/cpu@1 missing clock-frequency property
[    0.005182] /cpus/cpu@2 missing clock-frequency property
[    0.005216] /cpus/cpu@3 missing clock-frequency property
[    0.005228] CPU0: thread -1, cpu 0, socket 0, mpidr 80000000
[    0.005272] Setting up static identity map for 0x809179c0 - 0x80917a58
[    0.007556] Tegra Revision: A01 SKU: 129 CPU Process: 1 Core Process: 1
[    0.008695] CPU1: thread -1, cpu 1, socket 0, mpidr 80000001
[    0.009199] CPU2: thread -1, cpu 2, socket 0, mpidr 80000002
[    0.009695] CPU3: thread -1, cpu 3, socket 0, mpidr 80000003
[    0.009759] Brought up 4 CPUs
[    0.009779] SMP: Total of 4 processors activated (96.00 BogoMIPS).
[    0.009786] CPU: All CPU(s) started in SVC mode.
[    0.010311] devtmpfs: initialized
[    0.011164] VFP support v0.3: implementor 41 architecture 4 part 30 variant f rev 0
[    0.013026] pinctrl core: initialized pinctrl subsystem
[    0.028773] NET: Registered protocol family 16
[    0.030873] DMA: preallocated 256 KiB pool for atomic coherent allocations
[    0.043588] cpuidle: using governor ladder
[    0.058551] cpuidle: using governor menu
[    0.073845] No ATAGs?
[    0.073878] hw-breakpoint: found 5 (+1 reserved) breakpoint and 4 watchpoint registers.
[    0.073889] hw-breakpoint: maximum watchpoint size is 8 bytes.
[    0.077427] Serial: AMBA PL011 UART driver
[    0.102736] +5V_SYS: supplied by +VDD_MUX
[    0.103018] +3.3V_SYS: supplied by +VDD_MUX
[    0.103166] platform regulators:regulator@3: Driver reg-fixed-voltage requests probe deferral
[    0.103374] reg-fixed-voltage regulators:regulator@4: Failed to find supply vin
[    0.103484] reg-fixed-voltage regulators:regulator@4: Failed to register regulator: -517
[    0.103507] platform regulators:regulator@4: Driver reg-fixed-voltage requests probe deferral
[    0.103703] +USB0_VBUS_SW: Failed to request enable GPIO108: -517
[    0.103794] reg-fixed-voltage regulators:regulator@7: Failed to register regulator: -517
[    0.103814] platform regulators:regulator@7: Driver reg-fixed-voltage requests probe deferral
[    0.103986] +5V_USB_HS: Failed to request enable GPIO109: -517
[    0.104075] reg-fixed-voltage regulators:regulator@8: Failed to register regulator: -517
[    0.104096] platform regulators:regulator@8: Driver reg-fixed-voltage requests probe deferral
[    0.104177] platform regulators:regulator@10: Driver reg-fixed-voltage requests probe deferral
[    0.104346] +1.05V_RUN_AVDD_HDMI_PLL: Failed to request enable GPIO63: -517
[    0.104436] reg-fixed-voltage regulators:regulator@11: Failed to register regulator: -517
[    0.104456] platform regulators:regulator@11: Driver reg-fixed-voltage requests probe deferral
[    0.104624] +5V_HDMI_CON: Failed to request enable GPIO86: -517
[    0.104714] reg-fixed-voltage regulators:regulator@12: Failed to register regulator: -517
[    0.104733] platform regulators:regulator@12: Driver reg-fixed-voltage requests probe deferral
[    0.104901] +5V_SATA: Failed to request enable GPIO242: -517
[    0.104990] reg-fixed-voltage regulators:regulator@13: Failed to register regulator: -517
[    0.105009] platform regulators:regulator@13: Driver reg-fixed-voltage requests probe deferral
[    0.105179] +12V_SATA: Failed to request enable GPIO242: -517
[    0.105267] reg-fixed-voltage regulators:regulator@14: Failed to register regulator: -517
[    0.105286] platform regulators:regulator@14: Driver reg-fixed-voltage requests probe deferral
[    0.107893] vgaarb: loaded
[    0.108562] SCSI subsystem initialized
[    0.108735] libata version 3.00 loaded.
[    0.109062] usbcore: registered new interface driver usbfs
[    0.109129] usbcore: registered new interface driver hub
[    0.109203] usbcore: registered new device driver usb
[    0.112793] Linux video capture interface: v2.00
[    0.112842] pps_core: LinuxPPS API ver. 1 registered
[    0.112852] pps_core: Software ver. 5.3.6 - Copyright 2005-2007 Rodolfo Giometti <giometti@linux.it>
[    0.112881] PTP clock support registered
[    0.113101] EDAC MC: Ver: 3.0.0
[    0.113696] Advanced Linux Sound Architecture Driver Initialized.
[    0.114789] Switched to clocksource arch_sys_counter
[    0.125654] NET: Registered protocol family 2
[    0.126227] TCP established hash table entries: 8192 (order: 3, 32768 bytes)
[    0.126317] TCP bind hash table entries: 8192 (order: 4, 65536 bytes)
[    0.126504] TCP: Hash tables configured (established 8192 bind 8192)
[    0.126549] TCP: reno registered
[    0.126563] UDP hash table entries: 512 (order: 2, 16384 bytes)
[    0.126604] UDP-Lite hash table entries: 512 (order: 2, 16384 bytes)
[    0.126782] NET: Registered protocol family 1
[    0.127019] RPC: Registered named UNIX socket transport module.
[    0.127028] RPC: Registered udp transport module.
[    0.127036] RPC: Registered tcp transport module.
[    0.127043] RPC: Registered tcp NFSv4.1 backchannel transport module.
[    0.127063] PCI: CLS 0 bytes, default 64
[    0.129335] futex hash table entries: 1024 (order: 4, 65536 bytes)
[    0.141516] squashfs: version 4.0 (2009/01/31) Phillip Lougher
[    0.142333] NFS: Registering the id_resolver key type
[    0.142364] Key type id_resolver registered
[    0.142372] Key type id_legacy registered
[    0.142450] ntfs: driver 2.1.31 [Flags: R/O].
[    0.143561] bounce: pool size: 64 pages
[    0.143783] Block layer SCSI generic (bsg) driver version 0.4 loaded (major 249)
[    0.143802] io scheduler noop registered
[    0.143818] io scheduler deadline registered
[    0.144024] io scheduler cfq registered (default)
[    0.158312] tegra-pcie 1003000.pcie-controller: 2x1, 1x1 configuration
[    0.158359] tegra-pcie 1003000.pcie-controller: Failed to get supply 'avddio-pex': -517
[    0.158392] platform 1003000.pcie-controller: Driver tegra-pcie requests probe deferral
[    0.163736] tegra-apbdma 60020000.dma: Tegra20 APB DMA driver register 32 channels
[    0.226823] Serial: 8250/16550 driver, 4 ports, IRQ sharing disabled
[    0.229248] msm_serial: driver initialized
[    0.230104] console [ttyS0] disabled
[    0.230140] 70006300.serial: ttyS0 at MMIO 0x70006300 (irq = 330, base_baud = 25500000) is a Tegra
[    1.111761] console [ttyS0] enabled
[    1.116021] STMicroelectronics ASC driver initialized
[    1.122143] [drm] Initialized drm 1.1.0 20060810
[    1.128274] tegra-hdmi 54280000.hdmi: failed to get HDMI regulator
[    1.134479] platform 54280000.hdmi: Driver tegra-hdmi requests probe deferral
[    1.149416] loop: module loaded
[    1.152882] at24 0-0056: 256 byte 24c02 EEPROM, writable, 8 bytes/write
[    1.160819] as3722 4-0040: AS3722 with revision 0x1 found
[    1.171805] +1.35V_LP0(sd2): supplied by +5V_SYS
[    1.176993] +1.35V_LP0(sd3): supplied by +5V_SYS
[    1.182147] +1.05V_RUN: supplied by +5V_SYS
[    1.186764] +1.8V_VDDIO: supplied by +5V_SYS
[    1.192845] +1.05V_RUN_AVDD: supplied by +1.35V_LP0(sd2)
[    1.199168] as3722-regulator as3722-regulator: Failed to find supply vin-ldo1-6
[    1.206593] as3722-regulator as3722-regulator: regulator 8 register failed -517
[    1.215146] platform as3722-regulator: Driver as3722-regulator requests probe deferral
[    1.225210] tegra-ahci 70027000.sata: Failed to get supply 'avdd': -517
[    1.231835] tegra-ahci 70027000.sata: Failed to get regulators
[    1.237702] platform 70027000.sata: Driver tegra-ahci requests probe deferral
[    1.248289] m25p80 spi32765.0: w25q32dw (4096 Kbytes)
[    1.256161] CAN device driver interface
[    1.261178] igb: Intel(R) Gigabit Ethernet Network Driver - version 5.2.15-k
[    1.268225] igb: Copyright (c) 2007-2014 Intel Corporation.
[    1.275607] pegasus: v0.9.3 (2013/04/25), Pegasus/Pegasus II USB Ethernet driver
[    1.283054] usbcore: registered new interface driver pegasus
[    1.288787] usbcore: registered new interface driver asix
[    1.294240] usbcore: registered new interface driver ax88179_178a
[    1.300387] usbcore: registered new interface driver cdc_ether
[    1.306299] usbcore: registered new interface driver smsc75xx
[    1.312122] usbcore: registered new interface driver smsc95xx
[    1.317924] usbcore: registered new interface driver net1080
[    1.323638] usbcore: registered new interface driver cdc_subset
[    1.329612] usbcore: registered new interface driver zaurus
[    1.335283] usbcore: registered new interface driver cdc_ncm
[    1.341287] ehci_hcd: USB 2.0 'Enhanced' Host Controller (EHCI) Driver
[    1.347823] ehci-pci: EHCI PCI platform driver
[    1.352326] ehci-platform: EHCI generic platform driver
[    1.357756] ehci-omap: OMAP-EHCI Host Controller driver
[    1.363121] ehci-orion: EHCI orion driver
[    1.367275] SPEAr-ehci: EHCI SPEAr driver
[    1.371430] ehci-st: EHCI STMicroelectronics driver
[    1.376462] ehci-exynos: EHCI EXYNOS driver
[    1.380811] tegra-ehci: Tegra EHCI driver
[    1.385090] platform 7d004000.usb: Driver tegra-ehci requests probe deferral
[    1.392282] platform 7d008000.usb: Driver tegra-ehci requests probe deferral
[    1.399411] ohci_hcd: USB 1.1 'Open' Host Controller (OHCI) Driver
[    1.405611] ohci-pci: OHCI PCI platform driver
[    1.410116] ohci-platform: OHCI generic platform driver
[    1.415508] ohci-omap3: OHCI OMAP3 driver
[    1.419648] SPEAr-ohci: OHCI SPEAr driver
[    1.423810] ohci-st: OHCI STMicroelectronics driver
[    1.429236] usbcore: registered new interface driver usb-storage
[    1.435465] tegra-phy 7d004000.usb-phy: no vbus regulator
[    1.441159] platform 7d008000.usb-phy: Driver tegra-phy requests probe deferral
[    1.450081] mousedev: PS/2 mouse device common for all mice
[    1.459191] as3722-rtc as3722-rtc: rtc core: registered as3722-rtc as rtc0
[    1.466086] as3722-rtc as3722-rtc: RTC interrupt 364
[    1.474188] tegra_rtc 7000e000.rtc: rtc core: registered 7000e000.rtc as rtc1
[    1.481380] tegra_rtc 7000e000.rtc: Tegra internal Real Time Clock
[    1.488136] i2c /dev entries driver
[    1.493805] usbcore: registered new interface driver uvcvideo
[    1.499566] USB Video Class driver (1.1.1)
[    1.503673] gspca_main: v2.14.0 registered
[    1.508943] 0-004c supply vcc not found, using dummy regulator
[    1.519382] Driver 'mmcblk' needs updating - please use bus_type methods
[    1.526177] sdhci: Secure Digital Host Controller Interface driver
[    1.532360] sdhci: Copyright(c) Pierre Ossman
[    1.537720] Synopsys Designware Multimedia Card Interface Driver
[    1.544647] sdhci-pltfm: SDHCI platform and OF driver helper
[    1.550973] sdhci-tegra 700b0400.sdhci: Got CD GPIO
[    1.555874] sdhci-tegra 700b0400.sdhci: Got WP GPIO
[    1.560795] mmc0: Unknown controller version (3). You may experience problems.
[    1.568100] sdhci-tegra 700b0400.sdhci: No vmmc regulator found
[    1.574058] platform 700b0400.sdhci: Driver sdhci-tegra requests probe deferral
[    1.581493] mmc0: Unknown controller version (3). You may experience problems.
[    1.588778] sdhci-tegra 700b0600.sdhci: No vmmc regulator found
[    1.594710] sdhci-tegra 700b0600.sdhci: No vqmmc regulator found
[    1.600721] mmc0: Invalid maximum block size, assuming 512 bytes
[    1.639811] mmc0: SDHCI controller on 700b0600.sdhci [700b0600.sdhci] using ADMA 64-bit
[    1.648894] ledtrig-cpu: registered to indicate activity on CPUs
[    1.655153] usbcore: registered new interface driver usbhid
[    1.660740] usbhid: USB HID core driver
[    1.669013] usbcore: registered new interface driver snd-usb-audio
[    1.708784] mmc0: BKOPS_EN bit is not set
[    1.716038] mmc0: new high speed MMC card at address 0001
[    1.721794] mmcblk0: mmc0:0001 SEM16G 14.6 GiB 
[    1.726446] mmcblk0boot0: mmc0:0001 SEM16G partition 1 4.00 MiB
[    1.732485] mmcblk0boot1: mmc0:0001 SEM16G partition 2 4.00 MiB
[    1.738511] mmcblk0rpmb: mmc0:0001 SEM16G partition 3 4.00 MiB
[    1.746336] Primary GPT is invalid, using alternate GPT.
[    1.751685]  mmcblk0: p1 p2 p3 p4 p5 p6 p7 p8 p9
[    2.092641] tegra30-i2s 70301100.i2s: DMA channels sourced from device 70300000.ahub
[    2.108998] tegra-snd-rt5640 sound: rt5640-aif1 <-> 70301100.i2s mapping ok
[    2.118931] input: NVIDIA Tegra Jetson TK1 Headphones as /devices/soc0/sound/sound/card0/input0
[    2.129022] TCP: cubic registered
[    2.132365] NET: Registered protocol family 17
[    2.136832] can: controller area network core (rev 20120528 abi 9)
[    2.143077] NET: Registered protocol family 29
[    2.147536] can: raw protocol (rev 20120528)
[    2.151817] can: broadcast manager protocol (rev 20120528 t)
[    2.157492] can: netlink gateway (rev 20130117) max_hops=1
[    2.163374] Key type dns_resolver registered
[    2.168267] ThumbEE CPU extension supported.
[    2.172558] Registering SWP/SWPB emulation handler
[    2.179694] +3.3V_RUN: supplied by +3.3V_SYS
[    2.184393] +3.3V_AVDD_HDMI_AP_GATED: supplied by +3.3V_RUN
[    2.190613] +USB0_VBUS_SW: supplied by +5V_SYS
[    2.195687] +5V_USB_HS: supplied by +5V_SYS
[    2.201176] +3.3V_LP0: supplied by +3.3V_SYS
[    2.206057] reg-fixed-voltage regulators:regulator@11: Failed to find supply vin
[    2.213633] reg-fixed-voltage regulators:regulator@11: Failed to register regulator: -517
[    2.221866] platform regulators:regulator@11: Driver reg-fixed-voltage requests probe deferral
[    2.231638] +5V_HDMI_CON: supplied by +5V_SYS
[    2.236588] +5V_SATA: supplied by +5V_SYS
[    2.241194] +12V_SATA: supplied by +VDD_MUX
[    2.246057] tegra-pcie 1003000.pcie-controller: 2x1, 1x1 configuration
[    2.252675] tegra-pcie 1003000.pcie-controller: Failed to get supply 'avddio-pex': -517
[    2.260763] platform 1003000.pcie-controller: Driver tegra-pcie requests probe deferral
[    2.269940] tegra-hdmi 54280000.hdmi: failed to get PLL regulator
[    2.276175] platform 54280000.hdmi: Driver tegra-hdmi requests probe deferral
[    2.287621] +1.35V_LP0(sd2): supplied by +5V_SYS
[    2.292598] +1.35V_LP0(sd3): supplied by +5V_SYS
[    2.297551] +1.05V_RUN: supplied by +5V_SYS
[    2.302087] +1.8V_VDDIO: supplied by +5V_SYS
[    2.308112] +1.05V_RUN_AVDD: supplied by +1.35V_LP0(sd2)
[    2.314486] +1.8V_RUN_CAM: supplied by +3.3V_RUN
[    2.320787] +1.2V_GEN_AVDD: supplied by +1.8V_VDDIO
[    2.327530] +1.05V_LP0_VDD_RTC: supplied by +3.3V_SYS
[    2.334024] +2.8V_RUN_CAM: supplied by +3.3V_SYS
[    2.340049] +1.2V_RUN_CAM_FRONT: supplied by +1.8V_VDDIO
[    2.346181] +VDDIO_SDMMC3: supplied by +3.3V_RUN
[    2.352248] +1.05V_RUN_CAM_REAR: supplied by +1.8V_VDDIO
[    2.359451] +3.3V_RUN_TOUCH: supplied by +5V_SYS
[    2.365393] +2.8V_RUN_CAM_AF: supplied by +5V_SYS
[    2.371451] +1.8V_RUN_VPP_FUSE: supplied by +3.3V_RUN
[    2.378613] tegra-ahci 70027000.sata: AHCI 0001.0301 32 slots 2 ports 3 Gbps 0x1 impl platform mode
[    2.387670] tegra-ahci 70027000.sata: flags: 64bit ncq sntf pm led pio slum part sadm sds apst 
[    2.398480] scsi host0: ahci_platform
[    2.403068] scsi host1: ahci_platform
[    2.407124] ata1: SATA max UDMA/133 mmio [mem 0x70027000-0x70028fff] port 0x100 irq 340
[    2.415134] ata2: DUMMY
[    2.421078] tegra-ehci 7d004000.usb: EHCI Host Controller
[    2.426526] tegra-ehci 7d004000.usb: new USB bus registered, assigned bus number 1
[    2.434317] tegra-ehci 7d004000.usb: irq 345, io mem 0x7d004000
[    2.449821] tegra-ehci 7d004000.usb: USB 2.0 started, EHCI 1.10
[    2.456598] hub 1-0:1.0: USB hub found
[    2.460411] hub 1-0:1.0: 1 port detected
[    2.465766] platform 7d008000.usb: Driver tegra-ehci requests probe deferral
[    2.474800] sdhci-tegra 700b0400.sdhci: Got CD GPIO
[    2.479712] sdhci-tegra 700b0400.sdhci: Got WP GPIO
[    2.484671] mmc1: Unknown controller version (3). You may experience problems.
[    2.492075] sdhci-tegra 700b0400.sdhci: No vmmc regulator found
[    2.498058] mmc1: Invalid maximum block size, assuming 512 bytes
[    2.535359] mmc1: SDHCI controller on 700b0400.sdhci [700b0400.sdhci] using ADMA 64-bit
[    2.543876] +1.05V_RUN_AVDD_HDMI_PLL: supplied by +1.05V_RUN
[    2.550233] tegra-pcie 1003000.pcie-controller: 2x1, 1x1 configuration
[    2.558057] tegra-pcie 1003000.pcie-controller: probing port 0, using 2 lanes
[    2.567296] tegra-pcie 1003000.pcie-controller: Slot present pin change, signature: 00000008
[    2.744958] ata1: SATA link down (SStatus 0 SControl 300)
[    2.994814] tegra-pcie 1003000.pcie-controller: link 0 down, retrying
[    3.422689] tegra-pcie 1003000.pcie-controller: link 0 down, retrying
[    3.851021] tegra-pcie 1003000.pcie-controller: link 0 down, retrying
[    3.859589] tegra-pcie 1003000.pcie-controller: link 0 down, ignoring
[    3.866079] tegra-pcie 1003000.pcie-controller: probing port 1, using 1 lanes
[    3.875334] tegra-pcie 1003000.pcie-controller: Slot present pin change, signature: 00000000
[    4.302794] tegra-pcie 1003000.pcie-controller: link 1 down, retrying
[    4.730936] tegra-pcie 1003000.pcie-controller: link 1 down, retrying
[    5.159087] tegra-pcie 1003000.pcie-controller: link 1 down, retrying
[    5.167671] tegra-pcie 1003000.pcie-controller: link 1 down, ignoring
[    5.174365] tegra-pcie 1003000.pcie-controller: PCI host bridge to bus 0000:00
[    5.181600] pci_bus 0000:00: root bus resource [mem 0x13000000-0x1fffffff]
[    5.188479] pci_bus 0000:00: root bus resource [mem 0x20000000-0x3fffffff pref]
[    5.195790] pci_bus 0000:00: root bus resource [bus 00-ff]
[    5.201280] pci_bus 0000:00: root bus resource [io  0x1000-0xffff]
[    5.207490] PCI: bus0: Fast back to back transfers enabled
[    5.215448] [drm] Supports vblank timestamp caching Rev 2 (21.10.2013).
[    5.222099] [drm] No driver support for vblank timestamp query.
[    5.228066] host1x drm: No connectors reported connected with modes
[    5.234367] [drm] Cannot find any crtc or sizes - going 1024x768
[    5.254868] Console: switching to colour frame buffer device 128x48
[    5.268516] host1x drm: fb0:  frame buffer device
[    5.273252] host1x drm: registered panic notifier
[    5.294939] [drm] Initialized tegra 0.0.0 20120330 on minor 0
[    5.301707] tegra-ehci 7d008000.usb: EHCI Host Controller
[    5.307172] tegra-ehci 7d008000.usb: new USB bus registered, assigned bus number 2
[    5.315069] tegra-ehci 7d008000.usb: irq 346, io mem 0x7d008000
[    5.329939] tegra-ehci 7d008000.usb: USB 2.0 started, EHCI 1.10
[    5.336739] hub 2-0:1.0: USB hub found
[    5.340557] hub 2-0:1.0: 1 port detected
[    5.345992] input: gpio-keys as /devices/soc0/gpio-keys/input/input1
[    5.353356] as3722-rtc as3722-rtc: setting system clock to 2000-02-01 00:00:19 UTC (949363219)
[    5.373659] +1.05V_RUN_AVDD_HDMI_PLL: disabling
[    5.378235] +1.8V_RUN_VPP_FUSE: disabling
[    5.382689] +2.8V_RUN_CAM_AF: disabling
[    5.386915] +3.3V_RUN_TOUCH: disabling
[    5.391079] +1.05V_RUN_CAM_REAR: disabling
[    5.395544] +1.2V_RUN_CAM_FRONT: disabling
[    5.399990] +2.8V_RUN_CAM: disabling
[    5.403691] +1.8V_RUN_CAM: disabling
[    5.407619] +USB0_VBUS_SW: disabling
[    5.411225] +3.3V_AVDD_HDMI_AP_GATED: disabling
[    5.416094] ALSA device list:
[    5.419056]   #0: NVIDIA Tegra Jetson TK1
[    5.424317] EXT4-fs (mmcblk0p1): couldn't mount as ext3 due to feature incompatibilities
[    5.433115] EXT4-fs (mmcblk0p1): couldn't mount as ext2 due to feature incompatibilities
[    5.447571] EXT4-fs (mmcblk0p1): recovery complete
[    5.452412] EXT4-fs (mmcblk0p1): mounted filesystem with ordered data mode. Opts: (null)
[    5.460540] VFS: Mounted root (ext4 filesystem) on device 179:1.
[    5.471098] devtmpfs: mounted
[    5.474655] Freeing unused kernel memory: 772K (c0c61000 - c0d22000)
bash: cannot set terminal process group (-1): Inappropriate ioctl for device
bash: no job control in this shell
root@(none):/# [    5.649998] usb 2-1: new high-speed USB device number 2 using tegra-ehci
