

U-Boot 2015.04-00466-gedec83e90172 (Mar 14 2016 - 10:42:01)

TEGRA124
Model: Acer Chromebook 13 CB5-311
DRAM:  4 GiB
:   Tegra SD/MMC: 0, Tegra SD/MMC: 1, Tegra SD/MMC: 2
MMC init failed
Using default environment

In:    serial
Out:   serial
Err:   serial
Net:   Net Initialization Skipped
No ethernet found.
Hit any key to stop autoboot:  2  0 
Tegra124 (Nyan-big) # 
Tegra124 (Nyan-big) # usb start
starting USB...
USB0:   USB EHCI 1.10
scanning bus 0 for devices... 2 USB Device(s) found
USB1:   USB EHCI 1.10
scanning bus 1 for devices... 2 USB Device(s) found
       scanning usb for storage devices... 1 Storage Device(s) found
       scanning usb for ethernet devices... 
Warning: asx0 using MAC address from net device
1 Ethernet Device(s) found
Tegra124 (Nyan-big) # setenv bootargs 'ignore_loglevel console=ttyS0,115200n8 rw root=PARTUUID=4d36e82a-b3c0-4b4b-bfcd-afe5217ac023 rootwait gpt debug noinitrd earlyprintk init=/bin/bash'
Tegra124 (Nyan-big) # setenv ipaddr 192.168.100.102; setenv serverip 192.168.100.1; setenv tftpserverip 192.168.100.1
Tegra124 (Nyan-big) # tftpboot 0x82000000 zImage.tegra_defconfig
Using asx0 device
TFTP from server 192.168.100.1; our IP address is 192.168.100.102
Filename 'zImage.tegra_defconfig'.
Load address: 0x82000000
Loading: *#################################################################
	 #################################################################
	 #################################################################
	 #################################################################
	 #################################################################
	 ###########################################
	 3.6 MiB/s
done
Bytes transferred = 5398304 (525f20 hex)
Tegra124 (Nyan-big) # tftpboot 0x83000000 tegra124-nyan-big.dtb
Using asx0 device
TFTP from server 192.168.100.1; our IP address is 192.168.100.102
Filename 'tegra124-nyan-big.dtb'.
Load address: 0x83000000
Loading: *#####
	 3.4 MiB/s
done
Bytes transferred = 66821 (10505 hex)
Tegra124 (Nyan-big) # bootz 0x82000000 - 0x83000000
Kernel image @ 0x82000000 [ 0x000000 - 0x525f20 ]
## Flattened Device Tree blob at 83000000
   Booting using the fdt blob at 0x83000000
   Using Device Tree in place at 83000000, end 83013504

Starting kernel ...

[    2.525622] console [ttyS0] enabled
[    2.529099] bootconsole [earlycon0] disabled
[    2.534358] [drm] Initialized drm 1.1.0 20060810
[    2.539395] tegra-hdmi 54280000.hdmi: failed to get HDMI regulator
[    2.545992] tegra-dpaux 545c0000.dpaux: failed to get VDD supply: -517
[    2.553271] panel supply power not found, using dummy regulator
[    2.564626] loop: module loaded
[    2.568402] as3722 4-0040: AS3722 with revision 0x1 found
[    2.578504] as3722-sd2: supplied by +5V_SYS
[    2.583005] as3722-sd3: supplied by +5V_SYS
[    2.587364] +1.35V_LP0(sd3): Bringing 0uV into 1350000-1350000uV
[    2.593628] as3722-sd4: supplied by +5V_SYS
[    2.597971] +1.05V_RUN: Bringing 0uV into 1050000-1050000uV
[    2.603793] as3722-sd5: supplied by +5V_SYS
[    2.609586] as3722-ldo0: supplied by +1.35V_LP0(sd2)
[    2.615407] +1.8V_RUN_CAM: Bringing 0uV into 1800000-1800000uV
[    2.621524] as3722-ldo2: supplied by +1.8V_VDDIO
[    2.627251] as3722-ldo3: supplied by +3.3V_SYS
[    2.631700] +1.00V_LP0_VDD_RTC: Bringing 1100000uV into 1000000-1000000uV
[    2.639368] as3722-ldo4: supplied by +3.3V_SYS
[    2.643966] +3.3V_RUN_CAM: Bringing 0uV into 2800000-2800000uV
[    2.650082] as3722-ldo5: supplied by +1.8V_VDDIO
[    2.654865] +1.2V_RUN_CAM_FRONT: Bringing 0uV into 1200000-1200000uV
[    2.661642] +VDDIO_SDMMC3: Bringing 0uV into 1800000-1800000uV
[    2.667780] as3722-ldo7: supplied by +1.8V_VDDIO
[    2.672553] +1.05V_RUN_CAM_REAR: Bringing 0uV into 1050000-1050000uV
[    2.679204] as3722-ldo9: supplied by +5V_SYS
[    2.683775] +2.8V_RUN_TOUCH: Bringing 0uV into 2800000-2800000uV
[    2.690075] as3722-ldo10: supplied by +5V_SYS
[    2.694582] +2.8V_RUN_CAM_AF: Bringing 0uV into 2800000-2800000uV
[    2.701131] +1.8V_RUN_VPP_FUSE: Bringing 0uV into 1800000-1800000uV
[    2.741689] cros-ec-spi spi32766.0: Chrome EC device registered
[    2.757009] m25p80 spi32765.0: w25q32dw (4096 Kbytes)
[    2.763405] libphy: Fixed MDIO Bus: probed
[    2.767508] CAN device driver interface
[    2.771367] igb: Intel(R) Gigabit Ethernet Network Driver - version 5.3.0-k
[    2.778325] igb: Copyright (c) 2007-2014 Intel Corporation.
[    2.783995] pegasus: v0.9.3 (2013/04/25), Pegasus/Pegasus II USB Ethernet driver
[    2.791441] usbcore: registered new interface driver pegasus
[    2.797156] usbcore: registered new interface driver asix
[    2.802579] usbcore: registered new interface driver ax88179_178a
[    2.808710] usbcore: registered new interface driver cdc_ether
[    2.814584] usbcore: registered new interface driver smsc75xx
[    2.820380] usbcore: registered new interface driver smsc95xx
[    2.826155] usbcore: registered new interface driver net1080
[    2.831837] usbcore: registered new interface driver cdc_subset
[    2.837785] usbcore: registered new interface driver zaurus
[    2.843399] usbcore: registered new interface driver cdc_ncm
[    2.849150] ehci_hcd: USB 2.0 'Enhanced' Host Controller (EHCI) Driver
[    2.855666] ehci-pci: EHCI PCI platform driver
[    2.860139] tegra-ehci: Tegra EHCI driver
[    2.864467] usbcore: registered new interface driver cdc_acm
[    2.870116] cdc_acm: USB Abstract Control Model driver for USB modems and ISDN adapters
[    2.878145] usbcore: registered new interface driver cdc_wdm
[    2.883843] usbcore: registered new interface driver usb-storage
[    2.890112] mousedev: PS/2 mouse device common for all mice
[    2.895992] input: cros_ec as /devices/soc0/7000d400.spi/spi_master/spi32766/spi32766.0/7000d400.spi:cros-ec@0:keyboard-controller/input/input0
[    2.910912] as3722-rtc as3722-rtc: rtc core: registered as3722-rtc as rtc0
[    2.917786] as3722-rtc as3722-rtc: RTC interrupt 370
[    2.924599] tegra_rtc 7000e000.rtc: rtc core: registered 7000e000.rtc as rtc1
[    2.931757] tegra_rtc 7000e000.rtc: Tegra internal Real Time Clock
[    2.938070] i2c /dev entries driver
[    2.942321] usbcore: registered new interface driver uvcvideo
[    2.948059] USB Video Class driver (1.1.1)
[    2.952142] gspca_main: v2.14.0 registered
[    2.956526] 0-004c supply vcc not found, using dummy regulator
[    2.964286] tegra-wdt 60005000.timer: initialized (heartbeat = 120 sec, nowayout = 0)
[    2.972702] sdhci: Secure Digital Host Controller Interface driver
[    2.978884] sdhci: Copyright(c) Pierre Ossman
[    2.983227] sdhci-pltfm: SDHCI platform and OF driver helper
[    2.989032] sdhci-tegra 700b0000.sdhci: allocated mmc-pwrseq
[    2.994715] mmc0: Unknown controller version (3). You may experience problems.
[    3.002091] sdhci-tegra 700b0400.sdhci: Got CD GPIO
[    3.006979] sdhci-tegra 700b0400.sdhci: Got WP GPIO
[    3.011867] mmc0: Unknown controller version (3). You may experience problems.
[    3.019223] mmc0: Unknown controller version (3). You may experience problems.
[    3.026486] mmc0: Invalid maximum block size, assuming 512 bytes
[    3.074653] mmc0: SDHCI controller on 700b0600.sdhci [700b0600.sdhci] using ADMA 64-bit
[    3.085130] usbcore: registered new interface driver usbhid
[    3.093613] usbhid: USB HID core driver
[    3.104979] tegra30-i2s 70301100.i2s: DMA channels sourced from device 70300000.ahub
[    3.145132] max98090 0-0010: MAX98090 REVID=0x43
[    3.152394] max98090 0-0010: use default 2.8v micbias
[    3.155073] mmc0: new high speed MMC card at address 0001
[    3.155524] mmcblk0: mmc0:0001 MMC16G 14.4 GiB 
[    3.155720] mmcblk0boot0: mmc0:0001 MMC16G partition 1 2.00 MiB
[    3.155915] mmcblk0boot1: mmc0:0001 MMC16G partition 2 2.00 MiB
[    3.156085] mmcblk0rpmb: mmc0:0001 MMC16G partition 3 128 KiB
[    3.159238]  mmcblk0: p1 p2 p3 p4 p5 p6 p7 p8 p9 p10 p11 p12
[    3.193193] tegra-snd-max98090 sound: HiFi <-> 70301100.i2s mapping ok
[    3.201018] input: GoogleNyanBig Headphones as /devices/soc0/sound/sound/card1/input1
[    3.209119] input: GoogleNyanBig Mic Jack as /devices/soc0/sound/sound/card1/input2
[    3.424658] NET: Registered protocol family 10
[    3.544666] mip6: Mobile IPv6
[    3.547625] sit: IPv6 over IPv4 tunneling driver
[    3.553285] NET: Registered protocol family 17
[    3.557757] NET: Registered protocol family 15
[    3.562196] can: controller area network core (rev 20120528 abi 9)
[    3.594714] NET: Registered protocol family 29
[    3.599153] can: raw protocol (rev 20120528)
[    3.603410] can: broadcast manager protocol (rev 20160617 t)
[    3.609067] can: netlink gateway (rev 20130117) max_hops=1
[    3.615280] input: tegra-hda HDMI/DP,pcm=3 as /devices/soc0/70030000.hda/sound/card0/input3
[    3.634704] Bluetooth: RFCOMM socket layer initialized
[    3.639833] Bluetooth: RFCOMM ver 1.11
[    3.643574] Bluetooth: BNEP (Ethernet Emulation) ver 1.3
[    3.648886] Bluetooth: BNEP socket layer initialized
[    3.653835] Bluetooth: HIDP (Human Interface Emulation) ver 1.2
[    3.659749] Bluetooth: HIDP socket layer initialized
[    3.664844] Key type dns_resolver registered
[    3.669561] Registering SWP/SWPB emulation handler
[    3.675518] +3.3V_RUN: supplied by +3.3V_SYS
[    3.680379] +3.3V_AVDD_HDMI_AP_GATED: supplied by +3.3V_RUN
[    3.686119] +1.8V_RUN_CAM: supplied by +3.3V_RUN
[    3.690826] +VDDIO_SDMMC3: supplied by +3.3V_RUN
[    3.695590] +1.8V_RUN_VPP_FUSE: supplied by +3.3V_RUN
[    3.700770] +VDD_LED: supplied by +VDD_MUX
[    3.705231] +5V_VDD_TS_SW: supplied by +5V_SYS
[    3.709876] +5V_USB_HS: supplied by +5V_SYS
[    3.714260] +5V_USB_SS: supplied by +5V_SYS
[    3.719417] +3.3V_PANEL: supplied by +3.3V_RUN
[    3.724601] +3.3V_LP0: supplied by +3.3V_SYS
[    3.729580] +1.05V_RUN_AVDD_HDMI_PLL: supplied by +1.05V_RUN
[    3.735483] +5V_HDMI_CON: supplied by +5V_SYS
[    3.740962] usb3-0 supply vbus not found, using dummy regulator
[    3.747025] usb3-1 supply vbus not found, using dummy regulator
[    3.755619] tegra-sor 54540000.sor: failed to probe output: -517
[    3.761767] panel supply power not found, using dummy regulator
[    3.825400] tegra-xusb 70090000.usb: Firmware timestamp: 2014-09-16 02:10:07 UTC
[    3.832810] tegra-xusb 70090000.usb: xHCI Host Controller
[    3.838239] tegra-xusb 70090000.usb: new USB bus registered, assigned bus number 1
[    3.847808] tegra-xusb 70090000.usb: hcc params 0x0184f525 hci version 0x100 quirks 0x00010010
[    3.856446] tegra-xusb 70090000.usb: irq 342, io mem 0x70090000
[    3.863193] hub 1-0:1.0: USB hub found
[    3.867036] hub 1-0:1.0: 6 ports detected
[    3.871761] tegra-xusb 70090000.usb: xHCI Host Controller
[    3.877217] tegra-xusb 70090000.usb: new USB bus registered, assigned bus number 2
[    3.884924] usb usb2: We don't know the algorithms for LPM for this host, disabling LPM.
[    3.893834] hub 2-0:1.0: USB hub found
[    3.897672] hub 2-0:1.0: 2 ports detected
[    3.902825] sdhci-tegra 700b0000.sdhci: allocated mmc-pwrseq
[    3.908563] mmc1: Unknown controller version (3). You may experience problems.
[    3.916007] mmc1: Invalid maximum block size, assuming 512 bytes
[    3.922521] +1.8V_VDDIO: voltage operation not allowed
[    3.927703] mmc1: Switching to 3.3V signalling voltage failed
[    3.964798] mmc1: SDHCI controller on 700b0000.sdhci [700b0000.sdhci] using ADMA 64-bit
[    3.973158] sdhci-tegra 700b0400.sdhci: Got CD GPIO
[    3.980153] sdhci-tegra 700b0400.sdhci: Got WP GPIO
[    3.988066] mmc2: Unknown controller version (3). You may experience problems.
[    3.995622] mmc2: Invalid maximum block size, assuming 512 bytes
[    4.033367] mmc1: new high speed SDIO card at address 0001
[    4.044948] mmc2: SDHCI controller on 700b0400.sdhci [700b0400.sdhci] using ADMA 64-bit
[    4.152318] [drm] Supports vblank timestamp caching Rev 2 (21.10.2013).
[    4.158974] [drm] No driver support for vblank timestamp query.
[    4.184711] usb 1-2: new high-speed USB device number 2 using tegra-xusb
[    4.196425] mmc2: new high speed SDHC card at address 0007
[    4.197228] mmcblk2: mmc2:0007 SD08G 7.42 GiB 
[    4.207436] GPT:Primary header alternate_lba != Alt. header my_lba
[    4.207439] GPT:3014591 != 15564799
[    4.207441] GPT:Primary header thinks Alt. header is not at the end of the disk.
[    4.207442] GPT:3014591 != 15564799
[    4.207443] GPT: Use GNU Parted to correct GPT errors.
[    4.207470]  mmcblk2: p1 p2 p3 p4 p5 p6 p7 p8 p9 p10 p11 p12
[    4.220076] Console: switching to colour frame buffer device 170x48
[    4.278223] drm drm: fb0:  frame buffer device
[    4.304747] [drm] Initialized tegra 0.0.0 20120330 on minor 0
[    4.311396] input: gpio-keys as /devices/soc0/gpio-keys/input/input4
[    4.318918] as3722-rtc as3722-rtc: setting system clock to 2000-01-01 00:43:49 UTC (946687429)
[    4.333155] +1.8V_RUN_CAM: disabling
[    4.337010] +1.2V_RUN_CAM_FRONT: disabling
[    4.341235] +1.05V_RUN_CAM_REAR: disabling
[    4.345499] +2.8V_RUN_TOUCH: disabling
[    4.349342] +2.8V_RUN_CAM_AF: disabling
[    4.353267] +1.8V_RUN_VPP_FUSE: disabling
[    4.357431] +5V_VDD_TS_SW: disabling
[    4.361202] ALSA device list:
[    4.364159]   #0: tegra-hda at 0x70038000 irq 341
[    4.368882]   #1: GoogleNyanBig
[    4.372653] EXT4-fs (mmcblk0p3): couldn't mount as ext3 due to feature incompatibilities
[    4.477315] uvcvideo: Found UVC 1.00 device HD WebCam (1bcf:2c67)
[    4.492268] input: HD WebCam as /devices/soc0/70090000.usb/usb1/1-2/1-2:1.0/input/input5
[    4.774747] usb 1-3: new high-speed USB device number 3 using tegra-xusb
[    4.775064] EXT4-fs (mmcblk0p3): recovery complete
[    4.775736] EXT4-fs (mmcblk0p3): mounted filesystem with ordered data mode. Opts: (null)
[    4.775768] VFS: Mounted root (ext4 filesystem) on device 179:3.
[    4.776162] devtmpfs: mounted
[    4.781813] Freeing unused kernel memory: 1024K (c0c00000 - c0d00000)
bash: cannot set terminal process group (-1): Inappropriate ioctl for device
bash: no job control in this shell
root@(none):/# [    5.787992] asix 1-3:1.0 eth0: register 'asix' at usb-70090000.usb-3, ASIX AX88772 USB 2.0 Ethernet, c8:d7:19:90:fa:65
[    6.074735] usb 1-1: new high-speed USB device number 4 using tegra-xusb
[    6.223481] usb-storage 1-1:1.0: USB Mass Storage device detected
[    6.230492] scsi host0: usb-storage 1-1:1.0
[    6.304858] scsi host0: runtime PM trying to activate child device host0 but parent (1-1:1.0) is not active
[    7.316759] scsi 0:0:0:0: Direct-Access     SanDisk  SDDR-113         9412 PQ: 0 ANSI: 0
[    7.489518] sd 0:0:0:0: [sda] 15523840 512-byte logical blocks: (7.95 GB/7.40 GiB)
[    7.498474] sd 0:0:0:0: [sda] Write Protect is off
[    7.503268] sd 0:0:0:0: [sda] Mode Sense: 03 00 00 00
[    7.509641] sd 0:0:0:0: [sda] No Caching mode page found
[    7.515021] sd 0:0:0:0: [sda] Assuming drive cache: write through
[    7.540007]  sda: sda1 sda2 sda3 sda4 sda5 sda6 sda7 sda8 sda9 sda10 sda11 sda12 sda13
[    7.553563] sd 0:0:0:0: [sda] Attached SCSI removable disk
