
U-Boot SPL 2014.01-00219-gc4d376f (Feb 18 2014 - 19:57:32)


U-Boot 2014.01-00219-gc4d376f (Feb 18 2014 - 19:57:32)

TEGRA114
Board: NVIDIA Dalmore
I2C:   ready
DRAM:  2 GiB
MMC:   Tegra SD/MMC: 0, Tegra SD/MMC: 1
In:    serial
Out:   serial
Err:   serial
Net:   Net Initialization Skipped
No ethernet found.
Hit any key to stop autoboot:  2  0 
Tegra114 (Dalmore) # 
Tegra114 (Dalmore) # usb reset
(Re)start USB...
USB0:   USB EHCI 1.10
scanning bus 0 for devices... 2 USB Device(s) found
       scanning usb for storage devices... 0 Storage Device(s) found
       scanning usb for ethernet devices... 
Warning: asx0 using MAC address from net device
1 Ethernet Device(s) found
Tegra114 (Dalmore) # setenv bootargs 'ignore_loglevel console=ttyS0,115200n8 rw root=PARTUUID=7369c667-ff51-ec4a-29cd-baabf2fbe346 rootwait gpt debug earlyprintk init=/bin/bash'
Tegra114 (Dalmore) # setenv ipaddr 192.168.100.100; setenv serverip 192.168.100.1; setenv tftpserverip 192.168.100.1
Tegra114 (Dalmore) # tftpboot 0x81000000 zImage.multi_v7_defconfig
Using asx0 device
TFTP from server 192.168.100.1; our IP address is 192.168.100.100
Filename 'zImage.multi_v7_defconfig'.
Load address: 0x81000000
Loading: *#################################################################
	 #################################################################
	 #################################################################
	 #################################################################
	 #################################################################
	 #################################################################
	 #################################################################
	 #################################################################
	 #####################################
	 2.9 MiB/s
done
Bytes transferred = 8167936 (7ca200 hex)
Tegra114 (Dalmore) # tftpboot 0x82000000 tegra114-dalmore.dtb
Using asx0 device
TFTP from server 192.168.100.1; our IP address is 192.168.100.100
Filename 'tegra114-dalmore.dtb'.
Load address: 0x82000000
Loading: *###
	 3 MiB/s
done
Bytes transferred = 34502 (86c6 hex)
Tegra114 (Dalmore) # bootz 0x81000000 - 0x82000000
Kernel image @ 0x81000000 [ 0x000000 - 0x7ca200 ]
## Flattened Device Tree blob at 82000000
   Booting using the fdt blob at 0x82000000
   Loading Device Tree to 8fff4000, end 8ffff6c5 ... OK

Starting kernel ...

[    0.000000] Booting Linux on physical CPU 0x0
[    0.000000] Linux version 4.15.0-next-20180207-349288-g5d1c98967100 (jonathanh@tamien) (gcc version 4.7.3 20130328 (prerelease) (crosstool-NG linaro-1.13.1-4.7-2013.04-20130415 - Linaro GCC 2013.04)) #1 SMP Tue Feb 6 20:18:02 PST 2018
[    0.000000] CPU: ARMv7 Processor [412fc0f2] revision 2 (ARMv7), cr=10c5387d
[    0.000000] CPU: div instructions available: patching division code
[    0.000000] CPU: PIPT / VIPT nonaliasing data cache, PIPT instruction cache
[    0.000000] OF: fdt: Machine model: NVIDIA Tegra114 Dalmore evaluation board
[    0.000000] debug: ignoring loglevel setting.
[    0.000000] Memory policy: Data cache writealloc
[    0.000000] efi: Getting EFI parameters from FDT:
[    0.000000] efi: UEFI not found.
[    0.000000] cma: Reserved 64 MiB at 0xfb800000
[    0.000000] On node 0 totalpages: 524032
[    0.000000]   DMA zone: 1536 pages used for memmap
[    0.000000]   DMA zone: 0 pages reserved
[    0.000000]   DMA zone: 196608 pages, LIFO batch:31
[    0.000000]   HighMem zone: 327424 pages, LIFO batch:31
[    0.000000] random: fast init done
[    0.000000] percpu: Embedded 17 pages/cpu @(ptrval) s39232 r8192 d22208 u69632
[    0.000000] pcpu-alloc: s39232 r8192 d22208 u69632 alloc=17*4096
[    0.000000] pcpu-alloc: [0] 0 [0] 1 [0] 2 [0] 3 
[    0.000000] Built 1 zonelists, mobility grouping on.  Total pages: 522496
[    0.000000] Kernel command line: ignore_loglevel console=ttyS0,115200n8 rw root=PARTUUID=7369c667-ff51-ec4a-29cd-baabf2fbe346 rootwait gpt debug earlyprintk init=/bin/bash
[    0.000000] Dentry cache hash table entries: 131072 (order: 7, 524288 bytes)
[    0.000000] Inode-cache hash table entries: 65536 (order: 6, 262144 bytes)
[    0.000000] Memory: 1992580K/2096128K available (11264K kernel code, 1570K rwdata, 4352K rodata, 2048K init, 405K bss, 38012K reserved, 65536K cma-reserved, 1244160K highmem)
[    0.000000] Virtual kernel memory layout:
[    0.000000]     vector  : 0xffff0000 - 0xffff1000   (   4 kB)
[    0.000000]     fixmap  : 0xffc00000 - 0xfff00000   (3072 kB)
[    0.000000]     vmalloc : 0xf0800000 - 0xff800000   ( 240 MB)
[    0.000000]     lowmem  : 0xc0000000 - 0xf0000000   ( 768 MB)
[    0.000000]     pkmap   : 0xbfe00000 - 0xc0000000   (   2 MB)
[    0.000000]     modules : 0xbf000000 - 0xbfe00000   (  14 MB)
[    0.000000]       .text : 0x(ptrval) - 0x(ptrval)   (12256 kB)
[    0.000000]       .init : 0x(ptrval) - 0x(ptrval)   (2048 kB)
[    0.000000]       .data : 0x(ptrval) - 0x(ptrval)   (1571 kB)
[    0.000000]        .bss : 0x(ptrval) - 0x(ptrval)   ( 406 kB)
[    0.000000] SLUB: HWalign=64, Order=0-3, MinObjects=0, CPUs=4, Nodes=1
[    0.000000] Hierarchical RCU implementation.
[    0.000000] 	RCU event tracing is enabled.
[    0.000000] 	RCU restricting CPUs from NR_CPUS=16 to nr_cpu_ids=4.
[    0.000000] RCU: Adjusting geometry for rcu_fanout_leaf=16, nr_cpu_ids=4
[    0.000000] NR_IRQS: 16, nr_irqs: 16, preallocated irqs: 16
[    0.000000] /interrupt-controller@60004000: 160 interrupts forwarded to /interrupt-controller@50041000
[    0.000000] Tegra clk 127: register failed with -17
[    0.000008] sched_clock: 32 bits at 1000kHz, resolution 1000ns, wraps every 2147483647500ns
[    0.000029] clocksource: timer_us: mask: 0xffffffff max_cycles: 0xffffffff, max_idle_ns: 1911260446275 ns
[    0.000045] Switching to timer-based delay loop, resolution 1000ns
[    0.003215] arch_timer: cp15 timer(s) running at 12.00MHz (virt).
[    0.003235] clocksource: arch_sys_counter: mask: 0xffffffffffffff max_cycles: 0x2c47f4ee7, max_idle_ns: 440795202497 ns
[    0.003256] sched_clock: 56 bits at 12MHz, resolution 83ns, wraps every 4398046511096ns
[    0.003271] Switching to timer-based delay loop, resolution 83ns
[    0.003699] Console: colour dummy device 80x30
[    0.003734] Calibrating delay loop (skipped), value calculated using timer frequency.. 24.00 BogoMIPS (lpj=120000)
[    0.003754] pid_max: default: 32768 minimum: 301
[    0.003872] Mount-cache hash table entries: 2048 (order: 1, 8192 bytes)
[    0.003888] Mountpoint-cache hash table entries: 2048 (order: 1, 8192 bytes)
[    0.004401] CPU: Testing write buffer coherency: ok
[    0.004655] /cpus/cpu@0 missing clock-frequency property
[    0.004689] /cpus/cpu@1 missing clock-frequency property
[    0.004721] /cpus/cpu@2 missing clock-frequency property
[    0.004754] /cpus/cpu@3 missing clock-frequency property
[    0.004769] CPU0: thread -1, cpu 0, socket 0, mpidr 80000000
[    0.005076] Setting up static identity map for 0x80300000 - 0x803000a0
[    0.006319] Hierarchical SRCU implementation.
[    0.008391] Tegra Revision: A01 SKU: 0 CPU Process: 1 SoC Process: 0
[    0.009101] EFI services will not be available.
[    0.009266] smp: Bringing up secondary CPUs ...
[    0.009783] CPU1: thread -1, cpu 1, socket 0, mpidr 80000001
[    0.010386] CPU2: thread -1, cpu 2, socket 0, mpidr 80000002
[    0.010984] CPU3: thread -1, cpu 3, socket 0, mpidr 80000003
[    0.011089] smp: Brought up 1 node, 4 CPUs
[    0.011114] SMP: Total of 4 processors activated (96.00 BogoMIPS).
[    0.011124] CPU: All CPU(s) started in SVC mode.
[    0.012638] devtmpfs: initialized
[    0.021621] Built 1 zonelists, mobility grouping on.  Total pages: 514529
[    0.021968] VFP support v0.3: implementor 41 architecture 4 part 30 variant f rev 0
[    0.022299] clocksource: jiffies: mask: 0xffffffff max_cycles: 0xffffffff, max_idle_ns: 19112604462750000 ns
[    0.022319] futex hash table entries: 1024 (order: 4, 65536 bytes)
[    0.022515] pinctrl core: initialized pinctrl subsystem
[    0.023832] DMI not present or invalid.
[    0.024094] NET: Registered protocol family 16
[    0.026167] DMA: preallocated 256 KiB pool for atomic coherent allocations
[    0.028250] cpuidle: using governor menu
[    0.049939] No ATAGs?
[    0.050070] hw-breakpoint: found 5 (+1 reserved) breakpoint and 4 watchpoint registers.
[    0.050088] hw-breakpoint: maximum watchpoint size is 8 bytes.
[    0.055724] Serial: AMBA PL011 UART driver
[    0.056635] tegra-mc 70019000.memory-controller: no memory timings for RAM code 3 registered
[    0.056817] iommu: Adding device 54200000.dc to group 0
[    0.056873] iommu: Adding device 54240000.dc to group 0
[    0.070843] AT91: Could not find identification node
[    0.071331] dvdd_ts: Failed to request enable GPIO61: -517
[    0.071354] reg-fixed-voltage regulators:regulator@1: Failed to register regulator: -517
[    0.071461] usb1_vbus: Failed to request enable GPIO108: -517
[    0.071476] reg-fixed-voltage regulators:regulator@3: Failed to register regulator: -517
[    0.071578] usb2_vbus: Failed to request enable GPIO86: -517
[    0.071593] reg-fixed-voltage regulators:regulator@4: Failed to register regulator: -517
[    0.072008] VDD_5V0_HDMI_CON: Failed to request enable GPIO81: -517
[    0.072024] reg-fixed-voltage regulators:regulator@7: Failed to register regulator: -517
[    0.074442] vgaarb: loaded
[    0.075152] SCSI subsystem initialized
[    0.075325] libata version 3.00 loaded.
[    0.075518] usbcore: registered new interface driver usbfs
[    0.075574] usbcore: registered new interface driver hub
[    0.075635] usbcore: registered new device driver usb
[    0.078853] tps65090 2-0048: No cache defaults, reading back from HW
[    0.080755] TPS65090_RAILSDCDC1: supplied by vdd_ac_bat
[    0.081805] TPS65090_RAILSDCDC2: supplied by vdd_ac_bat
[    0.082859] TPS65090_RAILSDCDC3: supplied by vdd_ac_bat
[    0.083402] TPS65090_RAILSFET1: supplied by vdd_ac_bat
[    0.083767] TPS65090_RAILSFET2: supplied by vdd_ac_bat
[    0.084107] TPS65090_RAILSFET3: supplied by vdd-sys-3v3
[    0.084613] TPS65090_RAILSFET4: supplied by vdd-sys-3v3
[    0.085129] TPS65090_RAILSFET5: supplied by vdd-sys-3v3
[    0.085632] TPS65090_RAILSFET6: supplied by vdd-sys-3v3
[    0.086452] TPS65090_RAILSFET7: supplied by vdd-sys-3v3
[    0.086971] TPS65090_RAILSLDO1: supplied by vdd_ac_bat
[    0.087158] TPS65090_RAILSLDO2: supplied by vdd_ac_bat
[    0.088053] palmas 2-0058: Irq flag is 0x00000004
[    0.089995] palmas 2-0058: Muxing GPIO ff, PWM 0, LED 0
[    0.092497] SMPS12: supplied by vdd-ao
[    0.093513] vdd_hdmi_5v0: supplied by vdd-sys-5v0
[    0.094320] SMPS3: supplied by vdd-ao
[    0.096024] SMPS457: supplied by vdd-sys-3v3
[    0.097640] SMPS6: supplied by regulator-dummy
[    0.099016] SMPS8: supplied by vdd-sys-3v3
[    0.100588] SMPS9: supplied by vdd-sys-3v3
[    0.101105] sdhci-vdd-sd-slot: Bringing 2840000uV into 2800000-2800000uV
[    0.102471] SMPS10_OUT2: supplied by regulator-dummy
[    0.103283] SMPS10_OUT1: supplied by regulator-dummy
[    0.104185] LDO1: supplied by vdd-sys-3v3
[    0.105272] LDO2: supplied by vdd-sys-3v3
[    0.106380] LDO3: supplied by vddio-1v8
[    0.107461] LDO4: supplied by vdd-sys-3v3
[    0.108562] LDO5: supplied by vdd_ac_bat
[    0.109230] LDO6: supplied by vdd-sys-3v3
[    0.109746] vdd-sensor-2v85: Bringing 2900000uV into 2850000-2850000uV
[    0.111053] LDO7: supplied by vdd-sys-3v3
[    0.112666] LDO8: supplied by vdd-ao
[    0.113180] vdd-rtc: Bringing 675000uV into 900000-900000uV
[    0.124048] LDO9: supplied by sdhci-vdd-sd-slot
[    0.134357] LDOLN: supplied by vdd-sys-5v0
[    0.135460] LDOUSB: supplied by vdd-sys-5v0
[    0.146713] pps_core: LinuxPPS API ver. 1 registered
[    0.146726] pps_core: Software ver. 5.3.6 - Copyright 2005-2007 Rodolfo Giometti <giometti@linux.it>
[    0.146749] PTP clock support registered
[    0.146933] EDAC MC: Ver: 3.0.0
[    0.149135] clocksource: Switched to clocksource arch_sys_counter
[    0.202695] NET: Registered protocol family 2
[    0.203218] tcp_listen_portaddr_hash hash table entries: 512 (order: 0, 6144 bytes)
[    0.203252] TCP established hash table entries: 8192 (order: 3, 32768 bytes)
[    0.203355] TCP bind hash table entries: 8192 (order: 4, 65536 bytes)
[    0.203543] TCP: Hash tables configured (established 8192 bind 8192)
[    0.203630] UDP hash table entries: 512 (order: 2, 16384 bytes)
[    0.203675] UDP-Lite hash table entries: 512 (order: 2, 16384 bytes)
[    0.203835] NET: Registered protocol family 1
[    0.204172] RPC: Registered named UNIX socket transport module.
[    0.204185] RPC: Registered udp transport module.
[    0.204195] RPC: Registered tcp transport module.
[    0.204205] RPC: Registered tcp NFSv4.1 backchannel transport module.
[    0.204221] PCI: CLS 0 bytes, default 64
[    0.206356] Initialise system trusted keyrings
[    0.206492] workingset: timestamp_bits=30 max_order=19 bucket_order=0
[    0.213428] squashfs: version 4.0 (2009/01/31) Phillip Lougher
[    0.214025] NFS: Registering the id_resolver key type
[    0.214049] Key type id_resolver registered
[    0.214060] Key type id_legacy registered
[    0.214104] ntfs: driver 2.1.32 [Flags: R/O].
[    0.215663] Key type asymmetric registered
[    0.215676] Asymmetric key parser 'x509' registered
[    0.215730] bounce: pool size: 64 pages
[    0.215778] Block layer SCSI generic (bsg) driver version 0.4 loaded (major 246)
[    0.215791] io scheduler noop registered
[    0.215801] io scheduler deadline registered
[    0.216029] io scheduler cfq registered (default)
[    0.216041] io scheduler mq-deadline registered
[    0.216052] io scheduler kyber registered
[    0.248159] tegra-apbdma 6000a000.dma: Tegra20 APB DMA driver register 32 channels
[    0.251132] tegra-pmc 7000e400.pmc: i2c-thermtrip node not found, emergency thermal reset disabled.
[    0.303048] Serial: 8250/16550 driver, 4 ports, IRQ sharing disabled
[    0.305684] console [ttyS0] disabled
[    0.305728] 70006300.serial: ttyS0 at MMIO 0x70006300 (irq = 329, base_baud = 25500000) is a Tegra
[    1.337944] console [ttyS0] enabled
[    1.342215] SuperH (H)SCI(F) driver initialized
[    1.347721] msm_serial: driver initialized
[    1.352020] STMicroelectronics ASC driver initialized
[    1.362430] Failed to attached device 54200000.dc to IOMMU_mapping
[    1.376814] Failed to attached device 54240000.dc to IOMMU_mapping
[    1.391683] tegra-hdmi 54280000.hdmi: failed to get HDMI regulator
[    1.413860] brd: module loaded
[    1.423660] loop: module loaded
[    1.443930] m25p80 spi0.0: w25q32dw (4096 Kbytes)
[    1.451271] libphy: Fixed MDIO Bus: probed
[    1.456353] CAN device driver interface
[    1.461100] bgmac_bcma: Broadcom 47xx GBit MAC driver loaded
[    1.467944] e1000e: Intel(R) PRO/1000 Network Driver - 3.2.6-k
[    1.473784] e1000e: Copyright(c) 1999 - 2015 Intel Corporation.
[    1.479764] igb: Intel(R) Gigabit Ethernet Network Driver - version 5.4.0-k
[    1.486715] igb: Copyright (c) 2007-2014 Intel Corporation.
[    1.495767] pegasus: v0.9.3 (2013/04/25), Pegasus/Pegasus II USB Ethernet driver
[    1.503216] usbcore: registered new interface driver pegasus
[    1.508905] usbcore: registered new interface driver asix
[    1.514342] usbcore: registered new interface driver ax88179_178a
[    1.520480] usbcore: registered new interface driver cdc_ether
[    1.526345] usbcore: registered new interface driver smsc75xx
[    1.532142] usbcore: registered new interface driver smsc95xx
[    1.537908] usbcore: registered new interface driver net1080
[    1.543608] usbcore: registered new interface driver cdc_subset
[    1.549562] usbcore: registered new interface driver zaurus
[    1.555175] usbcore: registered new interface driver cdc_ncm
[    1.561066] tegra-phy 7d000000.usb-phy: no vbus regulator
[    1.568468] ehci_hcd: USB 2.0 'Enhanced' Host Controller (EHCI) Driver
[    1.575005] ehci-pci: EHCI PCI platform driver
[    1.579494] ehci-platform: EHCI generic platform driver
[    1.584895] ehci-orion: EHCI orion driver
[    1.589042] SPEAr-ehci: EHCI SPEAr driver
[    1.593194] ehci-st: EHCI STMicroelectronics driver
[    1.598190] ehci-exynos: EHCI EXYNOS driver
[    1.602538] ehci-atmel: EHCI Atmel driver
[    1.606665] tegra-ehci: Tegra EHCI driver
[    1.610984] ohci_hcd: USB 1.1 'Open' Host Controller (OHCI) Driver
[    1.617167] ohci-pci: OHCI PCI platform driver
[    1.621660] ohci-platform: OHCI generic platform driver
[    1.627045] SPEAr-ohci: OHCI SPEAr driver
[    1.631195] ohci-st: OHCI STMicroelectronics driver
[    1.636191] ohci-atmel: OHCI Atmel driver
[    1.640889] usbcore: registered new interface driver usb-storage
[    1.659508] palmas-rtc 7000d000.i2c:tps65913@58:rtc: rtc core: registered 7000d000.i2c:tps65913@58:rtc as rtc0
[    1.671314] tegra_rtc 7000e000.rtc: rtc core: registered 7000e000.rtc as rtc1
[    1.678481] tegra_rtc 7000e000.rtc: Tegra internal Real Time Clock
[    1.685191] i2c /dev entries driver
[    1.695090] sbs-battery 0-000b: sbs_probe: Failed to get device status
[    1.701651] sbs-battery: probe of 0-000b failed with error -121
[    1.717898] sdhci: Secure Digital Host Controller Interface driver
[    1.724105] sdhci: Copyright(c) Pierre Ossman
[    1.730011] Synopsys Designware Multimedia Card Interface Driver
[    1.737343] sdhci-pltfm: SDHCI platform and OF driver helper
[    1.743746] sdhci-tegra 78000400.sdhci: Got CD GPIO
[    1.748637] sdhci-tegra 78000400.sdhci: Got WP GPIO
[    1.761756] mmc0: Invalid maximum block size, assuming 512 bytes
[    1.798844] mmc0: SDHCI controller on 78000400.sdhci [78000400.sdhci] using ADMA
[    1.811490] mmc1: Invalid maximum block size, assuming 512 bytes
[    1.848479] mmc1: SDHCI controller on 78000600.sdhci [78000600.sdhci] using ADMA
[    1.857898] ledtrig-cpu: registered to indicate activity on CPUs
[    1.864288] usbcore: registered new interface driver usbhid
[    1.869875] usbhid: USB HID core driver
[    1.877598] NET: Registered protocol family 10
[    1.882971] Segment Routing with IPv6
[    1.886694] sit: IPv6, IPv4 and MPLS over IPv4 tunneling driver
[    1.893178] NET: Registered protocol family 17
[    1.897627] can: controller area network core (rev 20170425 abi 9)
[    1.903885] NET: Registered protocol family 29
[    1.908326] can: raw protocol (rev 20170425)
[    1.912607] can: broadcast manager protocol (rev 20170425 t)
[    1.918266] can: netlink gateway (rev 20170425) max_hops=1
[    1.924051] Key type dns_resolver registered
[    1.928829] ThumbEE CPU extension supported.
[    1.933118] Registering SWP/SWPB emulation handler
[    1.938465] Loading compiled-in X.509 certificates
[    1.950291] mmc0: new high speed SDHC card at address aaaa
[    1.956496] mmcblk0: mmc0:aaaa SL16G 14.8 GiB 
[    1.958350] usb1_vbus: supplied by vdd-sys-5v0
[    1.966525] usb2_vbus: supplied by vdd-sys-5v0
[    1.974096] VDD_5V0_HDMI_CON: supplied by vdd-sys-5v0
[    1.982529]  mmcblk0: p1 p2 p3
[    1.986108] [drm] Supports vblank timestamp caching Rev 2 (21.10.2013).
[    1.991622] mmc1: new high speed MMC card at address 0001
[    1.992783] [drm] No driver support for vblank timestamp query.
[    1.998842] mmcblk1: mmc1:0001 SEM32G 29.1 GiB 
[    2.009044] mmcblk1boot0: mmc1:0001 SEM32G partition 1 4.00 MiB
[    2.015581] mmcblk1boot1: mmc1:0001 SEM32G partition 2 4.00 MiB
[    2.021762] mmcblk1rpmb: mmc1:0001 SEM32G partition 3 4.00 MiB, chardev (236:0)
[    2.032267]  mmcblk1: p1 p2 p3 p4 p5 p6 p7 p8
[    2.101569] Console: switching to colour frame buffer device 240x75
[    2.145568] drm drm: fb0:  frame buffer device
[    2.150208] [drm] Initialized tegra 0.0.0 20120330 for drm on minor 0
[    2.160024] tegra-ehci 7d008000.usb: EHCI Host Controller
[    2.165460] tegra-ehci 7d008000.usb: new USB bus registered, assigned bus number 1
[    2.173332] alloc_contig_range: [fb84b, fb84c) PFNs busy
[    2.178828] alloc_contig_range: [fb850, fb851) PFNs busy
[    2.184423] alloc_contig_range: [fb851, fb852) PFNs busy
[    2.189941] alloc_contig_range: [fb852, fb853) PFNs busy
[    2.195431] alloc_contig_range: [fb853, fb854) PFNs busy
[    2.201028] alloc_contig_range: [fb854, fb855) PFNs busy
[    2.206521] alloc_contig_range: [fb855, fb856) PFNs busy
[    2.212031] alloc_contig_range: [fb856, fb857) PFNs busy
[    2.217588] alloc_contig_range: [fb857, fb858) PFNs busy
[    2.223121] alloc_contig_range: [fb858, fb859) PFNs busy
[    3.314337] tegra-ehci 7d008000.usb: irq 340, io mem 0x7d008000
[    3.349261] tegra-ehci 7d008000.usb: USB 2.0 started, EHCI 1.10
[    3.356280] hub 1-0:1.0: USB hub found
[    3.360152] hub 1-0:1.0: 1 port detected
[    3.365945] input: gpio-keys as /devices/soc0/gpio-keys/input/input0
[    3.374933] palmas-rtc 7000d000.i2c:tps65913@58:rtc: setting system clock to 2000-06-30 11:24:12 UTC (962364252)
[    3.390991] dvdd_ts: disabling
[    3.394051] usb1_vbus: disabling
[    3.397276] vdd_cam_1v8_reg: disabling
[    3.402923] EXT4-fs (mmcblk1p1): mounting ext3 file system using the ext4 subsystem
[    3.424935] EXT4-fs (mmcblk1p1): recovery complete
[    3.429814] EXT4-fs (mmcblk1p1): mounted filesystem with ordered data mode. Opts: (null)
[    3.437936] VFS: Mounted root (ext3 filesystem) on device 179:17.
[    3.448750] devtmpfs: mounted
[    3.453666] Freeing unused kernel memory: 2048K
bash: cannot set terminal process group (-1): Inappropriate ioctl for device
bash: no job control in this shell
root@(none):/# [    3.729266] usb 1-1: new high-speed USB device number 2 using tegra-ehci
mount -t sysfs none /sys
root@(none):/# 
[    4.411269] asix 1-1:1.0 eth0: register 'asix' at usb-7d008000.usb-1, ASIX AX88772 USB 2.0 Ethernet, 00:50:b6:0d:b5:16
root@(none):/# mount -t debugfs none /sys/kernel/debug
root@(none):/# 
root@(none):/# rtcwake -d rtc1 -m mem -s 3
rtcwake: assuming RTC uses UTC ...
rtcwake: wakeup from "mem" using /dev/rtc1 at Thu Jan  1 00:00:21 1970
[    6.345809] PM: suspend entry (deep)
[    6.349442] PM: Syncing filesystems ... done.
[    6.382896] Freezing user space processes ... (elapsed 0.001 seconds) done.
[    6.391153] OOM killer disabled.
[    6.394396] Freezing remaining freezable tasks ... (elapsed 0.001 seconds) done.
[    6.403128] Suspending console(s) (use no_console_suspend to debug)
[    6.469859] Disabling non-boot CPUs ...
[    6.639445] IRQ17 no longer affine to CPU3
[    6.640701] Entering suspend state LP1
[    6.640724] Enabling non-boot CPUs ...
[    6.641300] CPU1 is up
[    6.641834] CPU2 is up
[    6.642480] CPU3 is up
[    7.284249] OOM killer enabled.
[    7.287392] Restarting tasks ... done.
[    7.321424] PM: suspend exit
root@(none):/# 
root@(none):/# rtcwake -d rtc1 -m mem -s 3
rtcwake: assuming RTC uses UTC ...
rtcwake: wakeup from "mem" using /dev/rtc1 at Thu Jan  1 00:00:30 1970
[    7.682693] PM: suspend entry (deep)
[    7.686271] PM: Syncing filesystems ... done.
[    7.721755] Freezing user space processes ... (elapsed 0.001 seconds) done.
[    7.730037] OOM killer disabled.
[    7.733262] Freezing remaining freezable tasks ... (elapsed 0.001 seconds) done.
[    7.742029] Suspending console(s) (use no_console_suspend to debug)
[    7.809992] Disabling non-boot CPUs ...
[    8.000491] Entering suspend state LP1
[    8.000515] Enabling non-boot CPUs ...
[    8.001109] CPU1 is up
[    8.001639] CPU2 is up
[    8.002278] CPU3 is up
[    8.641467] OOM killer enabled.
[    8.644609] Restarting tasks ... done.
[    8.680511] PM: suspend exit
root@(none):/# 
root@(none):/# rtcwake -d rtc1 -m mem -s 3
rtcwake: assuming RTC uses UTC ...
rtcwake: wakeup from "mem" using /dev/rtc1 at Thu Jan  1 00:00:39 1970
[    9.044444] PM: suspend entry (deep)
[    9.048021] PM: Syncing filesystems ... done.
[    9.080763] Freezing user space processes ... (elapsed 0.001 seconds) done.
[    9.089014] OOM killer disabled.
[    9.092269] Freezing remaining freezable tasks ... (elapsed 0.001 seconds) done.
[    9.101015] Suspending console(s) (use no_console_suspend to debug)
[    9.170123] Disabling non-boot CPUs ...
[    9.340383] Entering suspend state LP1
[    9.340407] Enabling non-boot CPUs ...
[    9.341007] CPU1 is up
[    9.341536] CPU2 is up
[    9.342187] CPU3 is up
[    9.981279] OOM killer enabled.
[    9.984425] Restarting tasks ... done.
[   10.021113] PM: suspend exit
root@(none):/# 
root@(none):/# rtcwake -d rtc1 -m mem -s 3
rtcwake: assuming RTC uses UTC ...
rtcwake: wakeup from "mem" using /dev/rtc1 at Thu Jan  1 00:00:48 1970
[   10.381472] PM: suspend entry (deep)
[   10.385052] PM: Syncing filesystems ... done.
[   10.421359] Freezing user space processes ... (elapsed 0.001 seconds) done.
[   10.429662] OOM killer disabled.
[   10.432890] Freezing remaining freezable tasks ... (elapsed 0.001 seconds) done.
[   10.441707] Suspending console(s) (use no_console_suspend to debug)
[   10.510098] Disabling non-boot CPUs ...
[   10.699327] IRQ17 no longer affine to CPU3
[   10.700384] Entering suspend state LP1
[   10.700407] Enabling non-boot CPUs ...
[   10.701004] CPU1 is up
[   10.701540] CPU2 is up
[   10.702194] CPU3 is up
[   11.341810] OOM killer enabled.
[   11.344953] Restarting tasks ... done.
[   11.380274] PM: suspend exit
root@(none):/# 
root@(none):/# rtcwake -d rtc1 -m mem -s 3
rtcwake: assuming RTC uses UTC ...
rtcwake: wakeup from "mem" using /dev/rtc1 at Thu Jan  1 00:00:57 1970
[   11.729751] PM: suspend entry (deep)
[   11.733330] PM: Syncing filesystems ... done.
[   11.763847] Freezing user space processes ... (elapsed 0.001 seconds) done.
[   11.772139] OOM killer disabled.
[   11.775363] Freezing remaining freezable tasks ... (elapsed 0.001 seconds) done.
[   11.784111] Suspending console(s) (use no_console_suspend to debug)
[   11.849999] Disabling non-boot CPUs ...
[   12.030177] Entering suspend state LP1
[   12.030200] Enabling non-boot CPUs ...
[   12.030801] CPU1 is up
[   12.031335] CPU2 is up
[   12.031985] CPU3 is up
[   12.667693] OOM killer enabled.
[   12.670846] Restarting tasks ... done.
[   12.710315] PM: suspend exit
root@(none):/# 
root@(none):/# rtcwake -d rtc1 -m mem -s 3
rtcwake: assuming RTC uses UTC ...
rtcwake: wakeup from "mem" using /dev/rtc1 at Thu Jan  1 00:01:06 1970
[   13.047496] PM: suspend entry (deep)
[   13.051117] PM: Syncing filesystems ... done.
[   13.093941] Freezing user space processes ... (elapsed 0.001 seconds) done.
[   13.102233] OOM killer disabled.
[   13.105459] Freezing remaining freezable tasks ... (elapsed 0.001 seconds) done.
[   13.114256] Suspending console(s) (use no_console_suspend to debug)
[   13.179731] Disabling non-boot CPUs ...
[   13.360144] Entering suspend state LP1
[   13.360168] Enabling non-boot CPUs ...
[   13.360769] CPU1 is up
[   13.361304] CPU2 is up
[   13.361948] CPU3 is up
[   13.998397] OOM killer enabled.
[   14.001561] Restarting tasks ... done.
[   14.040357] PM: suspend exit
root@(none):/# 
root@(none):/# rtcwake -d rtc1 -m mem -s 3
rtcwake: assuming RTC uses UTC ...
rtcwake: wakeup from "mem" using /dev/rtc1 at Thu Jan  1 00:01:15 1970
[   14.399590] PM: suspend entry (deep)
[   14.403168] PM: Syncing filesystems ... done.
[   14.440642] Freezing user space processes ... (elapsed 0.001 seconds) done.
[   14.448934] OOM killer disabled.
[   14.452161] Freezing remaining freezable tasks ... (elapsed 0.001 seconds) done.
[   14.460951] Suspending console(s) (use no_console_suspend to debug)
[   14.530103] Disabling non-boot CPUs ...
[   14.700126] Entering suspend state LP1
[   14.700149] Enabling non-boot CPUs ...
[   14.700751] CPU1 is up
[   14.701288] CPU2 is up
[   14.701930] CPU3 is up
[   15.338865] OOM killer enabled.
[   15.342001] Restarting tasks ... done.
[   15.380254] PM: suspend exit
root@(none):/# 
root@(none):/# rtcwake -d rtc1 -m mem -s 3
rtcwake: assuming RTC uses UTC ...
rtcwake: wakeup from "mem" using /dev/rtc1 at Thu Jan  1 00:01:24 1970
[   15.743335] PM: suspend entry (deep)
[   15.746914] PM: Syncing filesystems ... done.
[   15.780417] Freezing user space processes ... (elapsed 0.001 seconds) done.
[   15.788674] OOM killer disabled.
[   15.791931] Freezing remaining freezable tasks ... (elapsed 0.001 seconds) done.
[   15.800689] Suspending console(s) (use no_console_suspend to debug)
[   15.869991] Disabling non-boot CPUs ...
[   16.040201] Entering suspend state LP1
[   16.040224] Enabling non-boot CPUs ...
[   16.040823] CPU1 is up
[   16.041359] CPU2 is up
[   16.042002] CPU3 is up
[   16.678073] OOM killer enabled.
[   16.681228] Restarting tasks ... done.
[   16.720149] PM: suspend exit
root@(none):/# 
root@(none):/# rtcwake -d rtc1 -m mem -s 3
rtcwake: assuming RTC uses UTC ...
rtcwake: wakeup from "mem" using /dev/rtc1 at Thu Jan  1 00:01:33 1970
[   17.081881] PM: suspend entry (deep)
[   17.085458] PM: Syncing filesystems ... done.
[   17.120414] Freezing user space processes ... (elapsed 0.001 seconds) done.
[   17.128680] OOM killer disabled.
[   17.131934] Freezing remaining freezable tasks ... (elapsed 0.001 seconds) done.
[   17.140696] Suspending console(s) (use no_console_suspend to debug)
[   17.209922] Disabling non-boot CPUs ...
[   17.399976] Entering suspend state LP1
[   17.400000] Enabling non-boot CPUs ...
[   17.400601] CPU1 is up
[   17.401145] CPU2 is up
[   17.401786] CPU3 is up
[   18.038893] OOM killer enabled.
[   18.042037] Restarting tasks ... done.
[   18.079868] PM: suspend exit
root@(none):/# 
root@(none):/# rtcwake -d rtc1 -m mem -s 3
rtcwake: assuming RTC uses UTC ...
rtcwake: wakeup from "mem" using /dev/rtc1 at Thu Jan  1 00:01:42 1970
[   18.442266] PM: suspend entry (deep)
[   18.445844] PM: Syncing filesystems ... done.
[   18.480097] Freezing user space processes ... (elapsed 0.001 seconds) done.
[   18.488356] OOM killer disabled.
[   18.491607] Freezing remaining freezable tasks ... (elapsed 0.001 seconds) done.
[   18.500357] Suspending console(s) (use no_console_suspend to debug)
[   18.569824] Disabling non-boot CPUs ...
[   18.740122] Entering suspend state LP1
[   18.740146] Enabling non-boot CPUs ...
[   18.740747] CPU1 is up
[   18.741290] CPU2 is up
[   18.741947] CPU3 is up
[   19.377534] OOM killer enabled.
[   19.380689] Restarting tasks ... done.
[   19.420266] PM: suspend exit
root@(none):/# 
root@(none):/# NVTB SYSTEM SUSPEND TEST COMPLETE
