
U-Boot SPL 2014.01-00219-gc4d376f (Feb 18 2014 - 19:57:18)


U-Boot 2014.01-00219-gc4d376f (Feb 18 2014 - 19:57:18)

TEGRA30
Board: NVIDIA Beaver
I2C:   ready
DRAM:  2 GiB
MMC:   Tegra SD/MMC: 0, Tegra SD/MMC: 1
In:    serial
Out:   serial
Err:   serial
Net:   Net Initialization Skipped
No ethernet found.
Hit any key to stop autoboot:  2  0 
Tegra30 (Beaver) # 
Tegra30 (Beaver) # usb reset
(Re)start USB...
USB0:   USB EHCI 1.00
scanning bus 0 for devices... 2 USB Device(s) found
       scanning usb for storage devices... 0 Storage Device(s) found
       scanning usb for ethernet devices... 
Warning: asx0 using MAC address from net device
1 Ethernet Device(s) found
Tegra30 (Beaver) # setenv bootargs 'ignore_loglevel console=ttyS0,115200n8 rw root=PARTUUID=edbe1840-3633-c751-7993-b0ac834f81e0 rootwait gpt debug noinitrd earlyprintk init=/bin/bash'
Tegra30 (Beaver) # setenv ipaddr 192.168.100.101; setenv serverip 192.168.100.1; setenv tftpserverip 192.168.100.1
Tegra30 (Beaver) # tftpboot 0x81000000 zImage.multi_v7_defconfig
Using asx0 device
TFTP from server 192.168.100.1; our IP address is 192.168.100.101
Filename 'zImage.multi_v7_defconfig'.
Load address: 0x81000000
Loading: *#################################################################
	 #################################################################
	 #################################################################
	 #################################################################
	 #################################################################
	 #################################################################
	 #################################################################
	 #########################################
	 3.2 MiB/s
done
Bytes transferred = 7279344 (6f12f0 hex)
Tegra30 (Beaver) # tftpboot 0x82000000 tegra30-beaver.dtb
Using asx0 device
TFTP from server 192.168.100.1; our IP address is 192.168.100.101
Filename 'tegra30-beaver.dtb'.
Load address: 0x82000000
Loading: *####
	 3.1 MiB/s
done
Bytes transferred = 51511 (c937 hex)
Tegra30 (Beaver) # bootz 0x81000000 - 0x82000000
Kernel image @ 0x81000000 [ 0x000000 - 0x6f12f0 ]
## Flattened Device Tree blob at 82000000
   Booting using the fdt blob at 0x82000000
   Loading Device Tree to 8fff0000, end 8ffff936 ... OK

Starting kernel ...

[    0.000000] Booting Linux on physical CPU 0x0
[    0.000000] Linux version 4.7.0-rc4-next-20160621-101370-g10698aa (pwalmsley@sellafield) (gcc version 4.7.3 20130328 (prerelease) (crosstool-NG linaro-1.13.1-4.7-2013.04-20130415 - Linaro GCC 2013.04) ) #1 SMP Mon Jun 20 23:19:35 PDT 2016
[    0.000000] CPU: ARMv7 Processor [412fc099] revision 9 (ARMv7), cr=10c5387d
[    0.000000] CPU: PIPT / VIPT nonaliasing data cache, VIPT aliasing instruction cache
[    0.000000] Machine model: NVIDIA Tegra30 Beaver evaluation board
[    0.000000] debug: ignoring loglevel setting.
[    0.000000] cma: Reserved 64 MiB at 0xfb800000
[    0.000000] Memory policy: Data cache writealloc
[    0.000000] On node 0 totalpages: 524032
[    0.000000] free_area_init_node: node 0, pgdat c141b840, node_mem_map eeffa000
[    0.000000]   DMA zone: 1536 pages used for memmap
[    0.000000]   DMA zone: 0 pages reserved
[    0.000000]   DMA zone: 196608 pages, LIFO batch:31
[    0.000000]   HighMem zone: 327424 pages, LIFO batch:31
[    0.000000] percpu: Embedded 14 pages/cpu @eef8d000 s26048 r8192 d23104 u57344
[    0.000000] pcpu-alloc: s26048 r8192 d23104 u57344 alloc=14*4096
[    0.000000] pcpu-alloc: [0] 0 [0] 1 [0] 2 [0] 3 
[    0.000000] Built 1 zonelists in Zone order, mobility grouping on.  Total pages: 522496
[    0.000000] Kernel command line: ignore_loglevel console=ttyS0,115200n8 rw root=PARTUUID=edbe1840-3633-c751-7993-b0ac834f81e0 rootwait gpt debug noinitrd earlyprintk init=/bin/bash
[    0.000000] PID hash table entries: 4096 (order: 2, 16384 bytes)
[    0.000000] Dentry cache hash table entries: 131072 (order: 7, 524288 bytes)
[    0.000000] Inode-cache hash table entries: 65536 (order: 6, 262144 bytes)
[    0.000000] Memory: 1995028K/2096128K available (9530K kernel code, 1142K rwdata, 4516K rodata, 2048K init, 342K bss, 35564K reserved, 65536K cma-reserved, 1244160K highmem)
[    0.000000] Virtual kernel memory layout:
[    0.000000]     vector  : 0xffff0000 - 0xffff1000   (   4 kB)
[    0.000000]     fixmap  : 0xffc00000 - 0xfff00000   (3072 kB)
[    0.000000]     vmalloc : 0xf0800000 - 0xff800000   ( 240 MB)
[    0.000000]     lowmem  : 0xc0000000 - 0xf0000000   ( 768 MB)
[    0.000000]     pkmap   : 0xbfe00000 - 0xc0000000   (   2 MB)
[    0.000000]     modules : 0xbf000000 - 0xbfe00000   (  14 MB)
[    0.000000]       .text : 0xc0208000 - 0xc10b7b40   (15039 kB)
[    0.000000]       .init : 0xc1100000 - 0xc1300000   (2048 kB)
[    0.000000]       .data : 0xc1300000 - 0xc141d8a0   (1143 kB)
[    0.000000]        .bss : 0xc141f000 - 0xc1474a48   ( 343 kB)
[    0.000000] SLUB: HWalign=64, Order=0-3, MinObjects=0, CPUs=4, Nodes=1
[    0.000000] Hierarchical RCU implementation.
[    0.000000] 	Build-time adjustment of leaf fanout to 32.
[    0.000000] 	RCU restricting CPUs from NR_CPUS=16 to nr_cpu_ids=4.
[    0.000000] RCU: Adjusting geometry for rcu_fanout_leaf=32, nr_cpu_ids=4
[    0.000000] NR_IRQS:16 nr_irqs:16 16
[    0.000000] /interrupt-controller@60004000: 160 interrupts forwarded to /interrupt-controller@50041000
[    0.000000] L2C: platform modifies aux control register: 0x02080000 -> 0x3e480001
[    0.000000] L2C: DT/platform modifies aux control register: 0x02080000 -> 0x3e480001
[    0.000000] L2C-310 erratum 769419 enabled
[    0.000000] L2C-310 enabling early BRESP for Cortex-A9
[    0.000000] L2C-310: enabling full line of zeros but not enabled in Cortex-A9
[    0.000000] L2C-310 dynamic clock gating enabled, standby mode enabled
[    0.000000] L2C-310 cache controller enabled, 8 ways, 1024 kB
[    0.000000] L2C-310: CACHE_ID 0x410000c7, AUX_CTRL 0x4e480001
[    0.000016] sched_clock: 32 bits at 1000kHz, resolution 1000ns, wraps every 2147483647500ns
[    0.000033] clocksource: timer_us: mask: 0xffffffff max_cycles: 0xffffffff, max_idle_ns: 1911260446275 ns
[    0.000043] Switching to timer-based delay loop, resolution 1000ns
[    0.002794] Console: colour dummy device 80x30
[    0.002822] Calibrating delay loop (skipped), value calculated using timer frequency.. 2.00 BogoMIPS (lpj=5000)
[    0.002831] pid_max: default: 32768 minimum: 301
[    0.002920] Mount-cache hash table entries: 2048 (order: 1, 8192 bytes)
[    0.002927] Mountpoint-cache hash table entries: 2048 (order: 1, 8192 bytes)
[    0.003360] CPU: Testing write buffer coherency: ok
[    0.003647] CPU0: thread -1, cpu 0, socket 0, mpidr 80000000
[    0.003690] Setting up static identity map for 0x80300000 - 0x80300098
[    0.006183] Tegra Revision: A03 SKU: 128 CPU Process: 4 SoC Process: 0
[    0.010352] CPU1: thread -1, cpu 1, socket 0, mpidr 80000001
[    0.015331] CPU2: thread -1, cpu 2, socket 0, mpidr 80000002
[    0.020332] CPU3: thread -1, cpu 3, socket 0, mpidr 80000003
[    0.020378] Brought up 4 CPUs
[    0.020392] SMP: Total of 4 processors activated (8.00 BogoMIPS).
[    0.020397] CPU: All CPU(s) started in SVC mode.
[    0.021084] devtmpfs: initialized
[    0.029393] VFP support v0.3: implementor 41 architecture 3 part 30 variant 9 rev 4
[    0.029802] clocksource: jiffies: mask: 0xffffffff max_cycles: 0xffffffff, max_idle_ns: 9556302231375000 ns
[    0.033074] pinctrl core: initialized pinctrl subsystem
[    0.034723] NET: Registered protocol family 16
[    0.036870] DMA: preallocated 256 KiB pool for atomic coherent allocations
[    0.049922] cpuidle: using governor menu
[    0.058893] No ATAGs?
[    0.058919] hw-breakpoint: found 5 (+1 reserved) breakpoint and 1 watchpoint registers.
[    0.058925] hw-breakpoint: maximum watchpoint size is 4 bytes.
[    0.062027] Serial: AMBA PL011 UART driver
[    0.063361] tegra-mc 7000f000.memory-controller: no memory timings for RAM code 3 registered
[    0.082768] vdd_5v_sata: Failed to request enable GPIO30: -517
[    0.082782] reg-fixed-voltage regulators:regulator@3: Failed to register regulator: -517
[    0.082827] usb1_vbus: Failed to request enable GPIO238: -517
[    0.082835] reg-fixed-voltage regulators:regulator@4: Failed to register regulator: -517
[    0.082878] usb3_vbus: Failed to request enable GPIO236: -517
[    0.082885] reg-fixed-voltage regulators:regulator@5: Failed to register regulator: -517
[    0.082973] sys_3v3_pexs: Failed to request enable GPIO95: -517
[    0.082981] reg-fixed-voltage regulators:regulator@7: Failed to register regulator: -517
[    0.084945] vgaarb: loaded
[    0.085426] SCSI subsystem initialized
[    0.085533] libata version 3.00 loaded.
[    0.085708] usbcore: registered new interface driver usbfs
[    0.085747] usbcore: registered new interface driver hub
[    0.085782] usbcore: registered new device driver usb
[    0.092515] vrtc: supplied by vdd_5v_in
[    0.095833] vio: supplied by vdd_5v_in
[    0.101827] vdd1: supplied by vdd_5v_in
[    0.103191] vddio_ddr_1v2: Bringing 600000uV into 1200000-1200000uV
[    0.106825] vdd2: supplied by vdd_5v_in
[    0.116821] ldo1: supplied by vdd_1v5_gen
[    0.119207] ldo2: supplied by vdd_1v5_gen
[    0.119696] vdd_sata,avdd_plle: Bringing 1200000uV into 1050000-1050000uV
[    0.121946] ldo3: supplied by vdd_5v_in
[    0.124323] ldo4: supplied by vdd_5v_in
[    0.126839] ldo5: supplied by vdd_5v_in
[    0.131832] ldo6: supplied by vdd_1v8_gen
[    0.132304] avdd_dsi_csi,pwrdet_mipi: Bringing 1000000uV into 1200000-1200000uV
[    0.134543] ldo7: supplied by vdd_1v8_gen
[    0.141848] ldo8: supplied by vdd_1v8_gen
[    0.146878] pps_core: LinuxPPS API ver. 1 registered
[    0.146885] pps_core: Software ver. 5.3.6 - Copyright 2005-2007 Rodolfo Giometti <giometti@linux.it>
[    0.146898] PTP clock support registered
[    0.147028] EDAC MC: Ver: 3.0.0
[    0.148528] clocksource: Switched to clocksource timer_us
[    0.154448] NET: Registered protocol family 2
[    0.154857] TCP established hash table entries: 8192 (order: 3, 32768 bytes)
[    0.154911] TCP bind hash table entries: 8192 (order: 4, 65536 bytes)
[    0.154994] TCP: Hash tables configured (established 8192 bind 8192)
[    0.155083] UDP hash table entries: 512 (order: 2, 16384 bytes)
[    0.155141] UDP-Lite hash table entries: 512 (order: 2, 16384 bytes)
[    0.155308] NET: Registered protocol family 1
[    0.155615] RPC: Registered named UNIX socket transport module.
[    0.155621] RPC: Registered udp transport module.
[    0.155625] RPC: Registered tcp transport module.
[    0.155629] RPC: Registered tcp NFSv4.1 backchannel transport module.
[    0.155638] PCI: CLS 0 bytes, default 64
[    0.156395] hw perfevents: enabled with armv7_cortex_a9 PMU driver, 7 counters available
[    0.157284] futex hash table entries: 1024 (order: 4, 65536 bytes)
[    0.157765] workingset: timestamp_bits=28 max_order=19 bucket_order=0
[    0.163204] squashfs: version 4.0 (2009/01/31) Phillip Lougher
[    0.163692] NFS: Registering the id_resolver key type
[    0.163733] Key type id_resolver registered
[    0.163738] Key type id_legacy registered
[    0.163767] ntfs: driver 2.1.32 [Flags: R/O].
[    0.164555] bounce: pool size: 64 pages
[    0.164672] Block layer SCSI generic (bsg) driver version 0.4 loaded (major 248)
[    0.164681] io scheduler noop registered
[    0.164686] io scheduler deadline registered
[    0.164784] io scheduler cfq registered (default)
[    0.167036] libphy: mdio_driver_register: phy-bcm-ns2-pci
[    0.170485] tegra30-pinctrl 70000868.pinmux: invalid group "sdmmc3_dat6_pd3" for function "rsvd1"
[    0.170500] tegra30-pinctrl 70000868.pinmux: invalid group "sdmmc3_dat7_pd4" for function "rsvd1"
[    0.170515] tegra30-pinctrl 70000868.pinmux: invalid group "vi_vsync_pd6" for function "rsvd1"
[    0.170524] tegra30-pinctrl 70000868.pinmux: invalid group "vi_hsync_pd7" for function "rsvd1"
[    0.170977] tegra30-pinctrl 70000868.pinmux: invalid group "hdmi_int_pn7" for function "rsvd1"
[    0.171028] tegra30-pinctrl 70000868.pinmux: invalid group "ulpi_data3_po4" for function "rsvd1"
[    0.171357] tegra30-pinctrl 70000868.pinmux: invalid group "vi_d10_pt2" for function "rsvd1"
[    0.171369] tegra30-pinctrl 70000868.pinmux: invalid group "vi_d11_pt3" for function "rsvd1"
[    0.171381] tegra30-pinctrl 70000868.pinmux: invalid group "vi_d0_pt4" for function "rsvd1"
[    0.171422] tegra30-pinctrl 70000868.pinmux: invalid group "pu0" for function "rsvd1"
[    0.171451] tegra30-pinctrl 70000868.pinmux: invalid group "pu3" for function "rsvd1"
[    0.171481] tegra30-pinctrl 70000868.pinmux: invalid group "pu6" for function "rsvd1"
[    0.171521] tegra30-pinctrl 70000868.pinmux: invalid group "pv3" for function "rsvd1"
[    0.172013] tegra30-pinctrl 70000868.pinmux: invalid group "pbb0" for function "rsvd1"
[    0.172141] tegra30-pinctrl 70000868.pinmux: invalid group "pcc1" for function "rsvd1"
[    0.177319] tegra-pcie 3000.pcie-controller: 2x3 configuration
[    0.177463] tegra-pcie 3000.pcie-controller: Failed to get supply 'hvdd-pex': -517
[    0.181241] tegra-apbdma 6000a000.dma: Tegra20 APB DMA driver register 32 channels
[    0.182371] tegra-pmc 7000e400.pmc: i2c-thermtrip node not found, emergency thermal reset disabled.
[    0.215499] Serial: 8250/16550 driver, 4 ports, IRQ sharing disabled
[    0.217617] console [ttyS0] disabled
[    0.217652] 70006000.serial: ttyS0 at MMIO 0x70006000 (irq = 331, base_baud = 25500000) is a Tegra
[    1.205240] console [ttyS0] enabled
[    1.209245] SuperH (H)SCI(F) driver initialized
[    1.214333] msm_serial: driver initialized
[    1.218534] STMicroelectronics ASC driver initialized
[    1.225847] [drm] Initialized drm 1.1.0 20060810
[    1.232353] tegra-hdmi 54280000.hdmi: failed to get HDMI regulator
[    1.246549] brd: module loaded
[    1.253452] loop: module loaded
[    1.261628] m25p80 spi32766.1: w25q32 (4096 Kbytes)
[    1.268566] libphy: Fixed MDIO Bus: probed
[    1.273120] CAN device driver interface
[    1.278035] igb: Intel(R) Gigabit Ethernet Network Driver - version 5.3.0-k
[    1.284989] igb: Copyright (c) 2007-2014 Intel Corporation.
[    1.292310] pegasus: v0.9.3 (2013/04/25), Pegasus/Pegasus II USB Ethernet driver
[    1.299748] usbcore: registered new interface driver pegasus
[    1.305429] usbcore: registered new interface driver asix
[    1.310842] usbcore: registered new interface driver ax88179_178a
[    1.316946] usbcore: registered new interface driver cdc_ether
[    1.322806] usbcore: registered new interface driver smsc75xx
[    1.328575] usbcore: registered new interface driver smsc95xx
[    1.334333] usbcore: registered new interface driver net1080
[    1.340004] usbcore: registered new interface driver cdc_subset
[    1.345935] usbcore: registered new interface driver zaurus
[    1.351550] usbcore: registered new interface driver cdc_ncm
[    1.358667] ehci_hcd: USB 2.0 'Enhanced' Host Controller (EHCI) Driver
[    1.365187] ehci-pci: EHCI PCI platform driver
[    1.369649] ehci-platform: EHCI generic platform driver
[    1.374987] ehci-omap: OMAP-EHCI Host Controller driver
[    1.380280] ehci-orion: EHCI orion driver
[    1.384360] SPEAr-ehci: EHCI SPEAr driver
[    1.388429] ehci-st: EHCI STMicroelectronics driver
[    1.393376] ehci-exynos: EHCI EXYNOS driver
[    1.397646] ehci-atmel: EHCI Atmel driver
[    1.401725] tegra-ehci: Tegra EHCI driver
[    1.406061] ohci_hcd: USB 1.1 'Open' Host Controller (OHCI) Driver
[    1.412244] ohci-pci: OHCI PCI platform driver
[    1.416711] ohci-platform: OHCI generic platform driver
[    1.422036] ohci-omap3: OHCI OMAP3 driver
[    1.426115] SPEAr-ohci: OHCI SPEAr driver
[    1.430196] ohci-st: OHCI STMicroelectronics driver
[    1.435141] ohci-atmel: OHCI Atmel driver
[    1.439566] usbcore: registered new interface driver usb-storage
[    1.446537] mousedev: PS/2 mouse device common for all mice
[    1.453978] tegra_rtc 7000e000.rtc: rtc core: registered 7000e000.rtc as rtc1
[    1.461141] tegra_rtc 7000e000.rtc: Tegra internal Real Time Clock
[    1.479826] tps65910-rtc tps65910-rtc: rtc core: registered tps65910-rtc as rtc0
[    1.487405] i2c /dev entries driver
[    1.498281] sdhci: Secure Digital Host Controller Interface driver
[    1.504464] sdhci: Copyright(c) Pierre Ossman
[    1.509692] Synopsys Designware Multimedia Card Interface Driver
[    1.516295] sdhci-pltfm: SDHCI platform and OF driver helper
[    1.522484] sdhci-tegra 78000000.sdhci: Got CD GPIO
[    1.527372] sdhci-tegra 78000000.sdhci: Got WP GPIO
[    1.533353] mmc0: Invalid maximum block size, assuming 512 bytes
[    1.583609] mmc0: SDHCI controller on 78000000.sdhci [78000000.sdhci] using ADMA
[    1.592197] mmc1: Invalid maximum block size, assuming 512 bytes
[    1.643530] mmc1: SDHCI controller on 78000600.sdhci [78000600.sdhci] using ADMA
[    1.652029] ledtrig-cpu: registered to indicate activity on CPUs
[    1.658227] usbcore: registered new interface driver usbhid
[    1.663797] usbhid: USB HID core driver
[    1.670954] NET: Registered protocol family 10
[    1.676040] sit: IPv6 over IPv4 tunneling driver
[    1.681110] NET: Registered protocol family 17
[    1.685560] can: controller area network core (rev 20120528 abi 9)
[    1.691780] NET: Registered protocol family 29
[    1.696220] can: raw protocol (rev 20120528)
[    1.700483] can: broadcast manager protocol (rev 20160617 t)
[    1.706135] can: netlink gateway (rev 20130117) max_hops=1
[    1.711911] Key type dns_resolver registered
[    1.716579] ThumbEE CPU extension supported.
[    1.720853] Registering SWP/SWPB emulation handler
[    1.746716] vdd_ddr: supplied by vdd_5v_in
[    1.754362] vdd_5v_sata: supplied by vdd_5v_in
[    1.759159] usb1_vbus: supplied by vdd_5v_in
[    1.763748] usb3_vbus: supplied by vdd_5v_in
[    1.772903] sys_3v3,vdd_3v3_alw: supplied by vdd_5v_in
[    1.792988] +VDD_5V_HDMI: supplied by sys_3v3,vdd_3v3_alw
[    1.798622] sys_3v3_pexs: supplied by sys_3v3,vdd_3v3_alw
[    1.804685] tegra-pcie 3000.pcie-controller: 2x3 configuration
[    1.814841] tegra-pcie 3000.pcie-controller: probing port 0, using 2 lanes
[    1.859084] mmc1: new high speed MMC card at address 0001
[    1.871192] mmcblk1: mmc1:0001 SEM16G 14.8 GiB 
[    1.877785] mmcblk1boot0: mmc1:0001 SEM16G partition 1 1.00 MiB
[    1.883740] tegra-pcie 3000.pcie-controller: probing port 2, using 2 lanes
[    1.892544] mmc0: error -110 whilst initialising SD card
[    1.902109] mmcblk1boot1: mmc1:0001 SEM16G partition 2 1.00 MiB
[    1.908555] mmcblk1rpmb: mmc1:0001 SEM16G partition 3 128 KiB
[    1.918948] Primary GPT is invalid, using alternate GPT.
[    1.924278]  mmcblk1: p1 p2 p3 p4 p5
[    2.299555] tegra-pcie 3000.pcie-controller: link 2 down, retrying
[    2.707540] tegra-pcie 3000.pcie-controller: link 2 down, retrying
[    3.115533] tegra-pcie 3000.pcie-controller: link 2 down, retrying
[    3.123529] tegra-pcie 3000.pcie-controller: link 2 down, ignoring
[    3.129856] tegra-pcie 3000.pcie-controller: PCI host bridge to bus 0000:00
[    3.136817] pci_bus 0000:00: root bus resource [io  0x0000-0xffff]
[    3.142993] pci_bus 0000:00: root bus resource [mem 0x20000000-0x27ffffff]
[    3.149862] pci_bus 0000:00: root bus resource [mem 0x28000000-0x3fffffff pref]
[    3.157165] pci_bus 0000:00: root bus resource [bus 00-ff]
[    3.162674] pci 0000:00:01.0: [10de:0e1c] type 01 class 0x060400
[    3.168743] pci 0000:00:01.0: PME# supported from D0 D1 D2 D3hot D3cold
[    3.175508] PCI: bus0: Fast back to back transfers disabled
[    3.181079] pci 0000:00:01.0: bridge configuration invalid ([bus 00-00]), reconfiguring
[    3.189175] pci 0000:01:00.0: [10ec:8168] type 00 class 0x020000
[    3.195191] pci 0000:01:00.0: reg 0x10: [io  0x0000-0x00ff]
[    3.200774] pci 0000:01:00.0: reg 0x18: [mem 0x00000000-0x00000fff 64bit pref]
[    3.207998] pci 0000:01:00.0: reg 0x20: [mem 0x00000000-0x00003fff 64bit pref]
[    3.215288] pci 0000:01:00.0: supports D1 D2
[    3.219556] pci 0000:01:00.0: PME# supported from D0 D1 D2 D3hot D3cold
[    3.238937] PCI: bus1: Fast back to back transfers disabled
[    3.244508] pci_bus 0000:01: busn_res: [bus 01-ff] end is updated to 01
[    3.251186] pci 0000:00:01.0: BAR 9: assigned [mem 0x28000000-0x280fffff 64bit pref]
[    3.258921] pci 0000:00:01.0: BAR 7: assigned [io  0x1000-0x1fff]
[    3.265014] pci 0000:01:00.0: BAR 4: assigned [mem 0x28000000-0x28003fff 64bit pref]
[    3.272758] pci 0000:01:00.0: BAR 2: assigned [mem 0x28004000-0x28004fff 64bit pref]
[    3.280500] pci 0000:01:00.0: BAR 0: assigned [io  0x1000-0x10ff]
[    3.286591] pci 0000:00:01.0: PCI bridge to [bus 01]
[    3.291552] pci 0000:00:01.0:   bridge window [io  0x1000-0x1fff]
[    3.297641] pci 0000:00:01.0:   bridge window [mem 0x28000000-0x280fffff 64bit pref]
[    3.305390] pci 0000:00:01.0: nv_msi_ht_cap_quirk didn't locate host bridge
[    3.312436] pcieport 0000:00:01.0: enabling device (0140 -> 0143)
[    3.318668] pcieport 0000:00:01.0: Signaling PME through PCIe PME interrupt
[    3.325622] pci 0000:01:00.0: Signaling PME through PCIe PME interrupt
[    3.332144] pcie_pme 0000:00:01.0:pcie001: service driver pcie_pme loaded
[    3.339109] r8169 Gigabit Ethernet driver 2.3LK-NAPI loaded
[    3.344696] r8169 0000:01:00.0: enabling device (0140 -> 0143)
[    3.351821] r8169 0000:01:00.0 eth0: RTL8168evl/8111evl at 0xf09f2000, 02:04:4b:01:60:a6, XID 0c900800 IRQ 375
[    3.361813] r8169 0000:01:00.0 eth0: jumbo features [frames: 9200 bytes, tx checksumming: ko]
[    3.375112] [drm] Supports vblank timestamp caching Rev 2 (21.10.2013).
[    3.381729] [drm] No driver support for vblank timestamp query.
[    3.387669] drm drm: No connectors reported connected with modes
[    3.393676] [drm] Cannot find any crtc or sizes - going 1024x768
[    3.428807] Console: switching to colour frame buffer device 128x48
[    3.441823] drm drm: fb0:  frame buffer device
[    3.544298] [drm] Initialized tegra 0.0.0 20120330 on minor 0
[    3.555260] utmi_phy_clk_enable: timeout waiting for phy to stabilize
[    3.561728] tegra-ehci 7d004000.usb: EHCI Host Controller
[    3.567142] tegra-ehci 7d004000.usb: new USB bus registered, assigned bus number 1
[    3.574996] tegra-ehci 7d004000.usb: irq 343, io mem 0x7d004000
[    3.593921] tegra-ehci 7d004000.usb: USB 2.0 started, EHCI 1.00
[    3.601156] hub 1-0:1.0: USB hub found
[    3.604928] hub 1-0:1.0: 1 port detected
[    3.609973] tegra-ehci 7d008000.usb: EHCI Host Controller
[    3.615385] tegra-ehci 7d008000.usb: new USB bus registered, assigned bus number 2
[    3.623149] tegra-ehci 7d008000.usb: irq 344, io mem 0x7d008000
[    3.643921] tegra-ehci 7d008000.usb: USB 2.0 started, EHCI 1.00
[    3.651077] hub 2-0:1.0: USB hub found
[    3.654848] hub 2-0:1.0: 1 port detected
[    3.663200] tps65910-rtc tps65910-rtc: setting system clock to 2000-01-01 00:00:02 UTC (946684802)
[    3.676961] vdd_sata,avdd_plle: disabling
[    3.681365] usb1_vbus: disabling
[    3.687267] EXT4-fs (mmcblk1p1): mounting ext3 file system using the ext4 subsystem
[    3.758578] EXT4-fs (mmcblk1p1): warning: mounting fs with errors, running e2fsck is recommended
[    3.768829] EXT4-fs (mmcblk1p1): recovery complete
[    3.774808] EXT4-fs (mmcblk1p1): mounted filesystem with ordered data mode. Opts: (null)
[    3.782926] VFS: Mounted root (ext3 filesystem) on device 179:1.
[    3.792717] devtmpfs: mounted
[    3.798241] Freeing unused kernel memory: 2048K (c1100000 - c1300000)
bash: cannot set terminal process group (-1): Inappropriate ioctl for device
bash: no job control in this shell
[    3.988988] usb 2-1: new high-speed USB device number 2 using tegra-ehci
root@(none):/# 