Diff for ./tegra114-dalmore-a04/tegra114-dalmore/multi_v7_defconfig_log.txt
--- /tmp/fooa	2014-10-02 16:08:07.475065103 -0700
+++ /tmp/foob	2014-10-02 16:08:07.479065101 -0700
@@ -37,9 +37,9 @@
 	 #################################################################
 	 #################################################################
 	 ###################################
-	 3 MiB/s
+	 3.4 MiB/s
 done
-Bytes transferred = 5283040 (509ce0 hex)
+Bytes transferred = 5283480 (509e98 hex)
 Tegra114 (Dalmore) # tftpboot 0x82000000 tegra114-dalmore.dtb
 Using asx0 device
 TFTP from server 192.168.100.1; our IP address is 192.168.100.100
@@ -50,7 +50,7 @@
 done
 Bytes transferred = 34770 (87d2 hex)
 Tegra114 (Dalmore) # bootz 0x81000000 - 0x82000000
-Kernel image @ 0x81000000 [ 0x000000 - 0x509ce0 ]
+Kernel image @ 0x81000000 [ 0x000000 - 0x509e98 ]
 ## Flattened Device Tree blob at 82000000
    Booting using the fdt blob at 0x82000000
    Loading Device Tree to 8fff4000, end 8ffff7d1 ... OK
@@ -58,7 +58,7 @@
 Starting kernel ...
 
 Booting Linux on physical CPU 0x0
-Linux version 3.17.0-rc7-next-20141001-91454-g8953338 (pwalmsley@tamien) (gcc version 4.7.3 20130328 (prerelease) (crosstool-NG linaro-1.13.1-4.7-2013.04-20130415 - Linaro GCC 2013.04) ) #1 SMP Wed Oct 1 10:37:03 PDT 2014
+Linux version 3.17.0-rc7-next-20141002-91612-g7f76a81 (pwalmsley@tamien) (gcc version 4.7.3 20130328 (prerelease) (crosstool-NG linaro-1.13.1-4.7-2013.04-20130415 - Linaro GCC 2013.04) ) #1 SMP Thu Oct 2 15:53:57 PDT 2014
 CPU: ARMv7 Processor [412fc0f2] revision 2 (ARMv7), cr=10c5387d
 CPU: PIPT / VIPT nonaliasing data cache, PIPT instruction cache
 Machine model: NVIDIA Tegra114 Dalmore evaluation board
@@ -66,7 +66,7 @@
 cma: Reserved 64 MiB at fb800000
 Memory policy: Data cache writealloc
 On node 0 totalpages: 524032
-free_area_init_node: node 0, pgdat c0d0c6c0, node_mem_map ee7f8000
+free_area_init_node: node 0, pgdat c0d0e6c0, node_mem_map ee7f8000
   DMA zone: 1520 pages used for memmap
   DMA zone: 0 pages reserved
   DMA zone: 194560 pages, LIFO batch:31
@@ -80,7 +80,7 @@
 PID hash table entries: 4096 (order: 2, 16384 bytes)
 Dentry cache hash table entries: 131072 (order: 7, 524288 bytes)
 Inode-cache hash table entries: 65536 (order: 6, 262144 bytes)
-Memory: 2001440K/2096128K available (6854K kernel code, 937K rwdata, 2776K rodata, 716K init, 308K bss, 94688K reserved, 1252352K highmem)
+Memory: 2001432K/2096128K available (6858K kernel code, 937K rwdata, 2776K rodata, 716K init, 308K bss, 94696K reserved, 1252352K highmem)
 Virtual kernel memory layout:
     vector  : 0xffff0000 - 0xffff1000   (   4 kB)
     fixmap  : 0xffc00000 - 0xffe00000   (2048 kB)
@@ -88,10 +88,10 @@
     lowmem  : 0xc0000000 - 0xef800000   ( 760 MB)
     pkmap   : 0xbfe00000 - 0xc0000000   (   2 MB)
     modules : 0xbf000000 - 0xbfe00000   (  14 MB)
-      .text : 0xc0208000 - 0xc0b6fca4   (9632 kB)
-      .init : 0xc0b70000 - 0xc0c23140   ( 717 kB)
-      .data : 0xc0c24000 - 0xc0d0e540   ( 938 kB)
-       .bss : 0xc0d0e540 - 0xc0d5b7e8   ( 309 kB)
+      .text : 0xc0208000 - 0xc0b70cf4   (9636 kB)
+      .init : 0xc0b71000 - 0xc0c24140   ( 717 kB)
+      .data : 0xc0c26000 - 0xc0d10540   ( 938 kB)
+       .bss : 0xc0d10540 - 0xc0d5d7e8   ( 309 kB)
 SLUB: HWalign=64, Order=0-3, MinObjects=0, CPUs=4, Nodes=1
 Hierarchical RCU implementation.
 	RCU restricting CPUs from NR_CPUS=8 to nr_cpu_ids=4.
@@ -114,7 +114,7 @@
 /cpus/cpu@2 missing clock-frequency property
 /cpus/cpu@3 missing clock-frequency property
 CPU0: thread -1, cpu 0, socket 0, mpidr 80000000
-Setting up static identity map for 0x80879ce8 - 0x80879d80
+Setting up static identity map for 0x8087a238 - 0x8087a2d0
 Tegra Revision: A01 SKU: 0 CPU Process: 1 Core Process: 0
 CPU1: Booted secondary processor
 CPU1: thread -1, cpu 1, socket 0, mpidr 80000001
@@ -381,7 +381,7 @@
 hub 1-0:1.0: USB hub found
 hub 1-0:1.0: 1 port detected
 input: gpio-keys as /devices/soc0/gpio-keys/input/input1
-palmas-rtc 7000d000.i2c:tps65913@58:rtc: setting system clock to 2000-03-08 12:51:51 UTC (952519911)
+palmas-rtc 7000d000.i2c:tps65913@58:rtc: setting system clock to 2000-03-09 18:08:54 UTC (952625334)
 vdd_cam_1v8_reg: disabling
 vdd_hdmi_5v0: disabling
 usb1_vbus: disabling
@@ -393,8 +393,8 @@
 EXT4-fs (mmcblk0p1): mounted filesystem with ordered data mode. Opts: (null)
 VFS: Mounted root (ext3 filesystem) on device 179:1.
 devtmpfs: mounted
-Freeing unused kernel memory: 716K (c0b70000 - c0c23000)
-bash: cannot set terminal process group (-1): Inappropriate ioctl for device
+Freeing unused kernel memory: 716K (c0b71000 - c0c24000)
+bash: cannot set terminal process group [    2.928520] usb 1-1: new high-speed USB device number 2 using tegra-ehci
+(-1): Inappropriate ioctl for device
 bash: no job control in this shell
-usb 1-1: new high-speed USB device number 2 using tegra-ehci
 root@(none):/# 
\ No newline at end of file
Diff for ./tegra114-dalmore-a04/tegra114-dalmore/tegra_defconfig_log.txt
--- /tmp/fooa	2014-10-02 16:08:07.507065091 -0700
+++ /tmp/foob	2014-10-02 16:08:07.507065091 -0700
@@ -35,21 +35,21 @@
 	 #################################################################
 	 #################################################################
 	 #################################################################
-	 #############################################################
-	 3 MiB/s
+	 ##############################################################
+	 3.2 MiB/s
 done
-Bytes transferred = 4710528 (47e080 hex)
+Bytes transferred = 4713360 (47eb90 hex)
 Tegra114 (Dalmore) # tftpboot 0x82000000 tegra114-dalmore.dtb
 Using asx0 device
 TFTP from server 192.168.100.1; our IP address is 192.168.100.100
 Filename 'tegra114-dalmore.dtb'.
 Load address: 0x82000000
 Loading: *###
-	 2.8 MiB/s
+	 2.6 MiB/s
 done
 Bytes transferred = 34770 (87d2 hex)
 Tegra114 (Dalmore) # bootz 0x81000000 - 0x82000000
-Kernel image @ 0x81000000 [ 0x000000 - 0x47e080 ]
+Kernel image @ 0x81000000 [ 0x000000 - 0x47eb90 ]
 ## Flattened Device Tree blob at 82000000
    Booting using the fdt blob at 0x82000000
    Loading Device Tree to 8fff4000, end 8ffff7d1 ... OK
@@ -60,7 +60,7 @@
 Booting Linux on physical CPU 0x0
 Initializing cgroup subsys cpu
 Initializing cgroup subsys cpuacct
-Linux version 3.17.0-rc7-next-20141001-52684-g8953338 (pwalmsley@kaivo) (gcc version 4.7.3 20130328 (prerelease) (crosstool-NG linaro-1.13.1-4.7-2013.04-20130415 - Linaro GCC 2013.04) ) #1 SMP PREEMPT Wed Oct 1 10:35:05 PDT 2014
+Linux version 3.17.0-rc7-next-20141002-52842-g7f76a81 (pwalmsley@kaivo) (gcc version 4.7.3 20130328 (prerelease) (crosstool-NG linaro-1.13.1-4.7-2013.04-20130415 - Linaro GCC 2013.04) ) #1 SMP PREEMPT Thu Oct 2 15:53:06 PDT 2014
 CPU: ARMv7 Processor [412fc0f2] revision 2 (ARMv7), cr=10c5387d
 CPU: PIPT / VIPT nonaliasing data cache, PIPT instruction cache
 Machine model: NVIDIA Tegra114 Dalmore evaluation board
@@ -82,7 +82,7 @@
 PID hash table entries: 4096 (order: 2, 16384 bytes)
 Dentry cache hash table entries: 131072 (order: 7, 524288 bytes)
 Inode-cache hash table entries: 65536 (order: 6, 262144 bytes)
-Memory: 2003440K/2096128K available (6459K kernel code, 345K rwdata, 2132K rodata, 284K init, 362K bss, 92688K reserved, 1252352K highmem)
+Memory: 2003440K/2096128K available (6463K kernel code, 345K rwdata, 2132K rodata, 284K init, 362K bss, 92688K reserved, 1252352K highmem)
 Virtual kernel memory layout:
     vector  : 0xffff0000 - 0xffff1000   (   4 kB)
     fixmap  : 0xffc00000 - 0xffe00000   (2048 kB)
@@ -90,8 +90,8 @@
     lowmem  : 0xc0000000 - 0xef800000   ( 760 MB)
     pkmap   : 0xbfe00000 - 0xc0000000   (   2 MB)
     modules : 0xbf000000 - 0xbfe00000   (  14 MB)
-      .text : 0xc0008000 - 0xc086c38c   (8593 kB)
-      .init : 0xc086d000 - 0xc08b4300   ( 285 kB)
+      .text : 0xc0008000 - 0xc086d3dc   (8597 kB)
+      .init : 0xc086e000 - 0xc08b5300   ( 285 kB)
       .data : 0xc08b6000 - 0xc090c520   ( 346 kB)
        .bss : 0xc090c520 - 0xc0966ea0   ( 363 kB)
 Preemptible hierarchical RCU implementation.
@@ -115,7 +115,7 @@
 /cpus/cpu@2 missing clock-frequency property
 /cpus/cpu@3 missing clock-frequency property
 CPU0: thread -1, cpu 0, socket 0, mpidr 80000000
-Setting up static identity map for 0x8061fdc8 - 0x8061fe60
+Setting up static identity map for 0x806202d0 - 0x80620368
 Tegra Revision: A01 SKU: 0 CPU Process: 1 Core Process: 0
 CPU1: Booted secondary processor
 CPU1: thread -1, cpu 1, socket 0, mpidr 80000001
@@ -374,7 +374,7 @@
 hub 1-0:1.0: USB hub found
 hub 1-0:1.0: 1 port detected
 input: gpio-keys as /devices/soc0/gpio-keys/input/input1
-palmas-rtc 7000d000.i2c:tps65913@58:rtc: setting system clock to 2000-03-08 12:50:06 UTC (952519806)
+palmas-rtc 7000d000.i2c:tps65913@58:rtc: setting system clock to 2000-03-09 18:08:23 UTC (952625303)
 vdd_cam_1v8_reg: disabling
 vdd_hdmi_5v0: disabling
 usb1_vbus: disabling
@@ -387,7 +387,7 @@
 EXT3-fs (mmcblk0p1): mounted filesystem with writeback data mode
 VFS: Mounted root (ext3 filesystem) on device 179:1.
 devtmpfs: mounted
-Freeing unused kernel memory: 284K (c086d000 - c08b4000)
+Freeing unused kernel memory: 284K (c086e000 - c08b5000)
 bash: cannot set terminal process group (-1): Inappropriate ioctl for device
 bash: no job control in this shell
 root@(none):/# 
\ No newline at end of file
Diff for ./tegra114-dalmore-a04/tegra114-dalmore/tegra_defconfig%tegra114_mergeconfig_log.txt
--- /tmp/fooa	2014-10-02 16:08:07.523065084 -0700
+++ /tmp/foob	2014-10-02 16:08:07.527065082 -0700
@@ -36,9 +36,9 @@
 	 #################################################################
 	 #################################################################
 	 ###########################################################
-	 3 MiB/s
+	 3.2 MiB/s
 done
-Bytes transferred = 4675208 (475688 hex)
+Bytes transferred = 4680280 (476a58 hex)
 Tegra114 (Dalmore) # tftpboot 0x82000000 tegra114-dalmore.dtb
 Using asx0 device
 TFTP from server 192.168.100.1; our IP address is 192.168.100.100
@@ -49,7 +49,7 @@
 done
 Bytes transferred = 34770 (87d2 hex)
 Tegra114 (Dalmore) # bootz 0x81000000 - 0x82000000
-Kernel image @ 0x81000000 [ 0x000000 - 0x475688 ]
+Kernel image @ 0x81000000 [ 0x000000 - 0x476a58 ]
 ## Flattened Device Tree blob at 82000000
    Booting using the fdt blob at 0x82000000
    Loading Device Tree to 8fff4000, end 8ffff7d1 ... OK
@@ -60,7 +60,7 @@
 Booting Linux on physical CPU 0x0
 Initializing cgroup subsys cpu
 Initializing cgroup subsys cpuacct
-Linux version 3.17.0-rc7-next-20141001-52684-g8953338 (pwalmsley@kaivo) (gcc version 4.7.3 20130328 (prerelease) (crosstool-NG linaro-1.13.1-4.7-2013.04-20130415 - Linaro GCC 2013.04) ) #1 SMP PREEMPT Wed Oct 1 10:41:22 PDT 2014
+Linux version 3.17.0-rc7-next-20141002-52842-g7f76a81 (pwalmsley@kaivo) (gcc version 4.7.3 20130328 (prerelease) (crosstool-NG linaro-1.13.1-4.7-2013.04-20130415 - Linaro GCC 2013.04) ) #1 SMP PREEMPT Thu Oct 2 15:58:21 PDT 2014
 CPU: ARMv7 Processor [412fc0f2] revision 2 (ARMv7), cr=10c5387d
 CPU: PIPT / VIPT nonaliasing data cache, PIPT instruction cache
 Machine model: NVIDIA Tegra114 Dalmore evaluation board
@@ -90,8 +90,8 @@
     lowmem  : 0xc0000000 - 0xef800000   ( 760 MB)
     pkmap   : 0xbfe00000 - 0xc0000000   (   2 MB)
     modules : 0xbf000000 - 0xbfe00000   (  14 MB)
-      .text : 0xc0008000 - 0xc0858fc8   (8516 kB)
-      .init : 0xc0859000 - 0xc089c300   ( 269 kB)
+      .text : 0xc0008000 - 0xc0859018   (8517 kB)
+      .init : 0xc085a000 - 0xc089d300   ( 269 kB)
       .data : 0xc089e000 - 0xc08f09e0   ( 331 kB)
        .bss : 0xc08f09e0 - 0xc094b2a0   ( 363 kB)
 Preemptible hierarchical RCU implementation.
@@ -115,7 +115,7 @@
 /cpus/cpu@2 missing clock-frequency property
 /cpus/cpu@3 missing clock-frequency property
 CPU0: thread -1, cpu 0, socket 0, mpidr 80000000
-Setting up static identity map for 0x8061a7d0 - 0x8061a868
+Setting up static identity map for 0x8061acd8 - 0x8061ad70
 Tegra Revision: A01 SKU: 0 CPU Process: 1 Core Process: 0
 CPU1: Booted secondary processor
 CPU1: thread -1, cpu 1, socket 0, mpidr 80000001
@@ -383,7 +383,7 @@
 tegra-snd-rt5640 sound: ASoC: CPU DAI (null) not registered
 tegra-snd-rt5640 sound: snd_soc_register_card failed (-517)
 platform sound: Driver tegra-snd-rt5640 requests probe deferral
-palmas-rtc 7000d000.i2c:tps65913@58:rtc: setting system clock to 2000-03-08 12:56:20 UTC (952520180)
+palmas-rtc 7000d000.i2c:tps65913@58:rtc: setting system clock to 2000-03-09 18:13:11 UTC (952625591)
 vdd_cam_1v8_reg: disabling
 vdd_hdmi_5v0: disabling
 usb1_vbus: disabling
@@ -396,10 +396,10 @@
 EXT3-fs (mmcblk0p1): mounted filesystem with writeback data mode
 VFS: Mounted root (ext3 filesystem) on device 179:1.
 devtmpfs: mounted
-Freeing unused kernel memory: 268K (c0859000 - c089c000)
+Freeing unused kernel memory: 268K (c085a000 - c089d000)
 bash: cannot set terminal process group (-1): Inappropriate ioctl for device
 bash: no job control in this shell
-root@(none):/# [    3.120571] usb 1-1: new high-speed USB device number 2 using tegra-ehci
+root@(none):/# [    3.110587] usb 1-1: new high-speed USB device number 2 using tegra-ehci
 asix 1-1:1.0 eth0: register 'asix' at usb-7d008000.usb-1, ASIX AX88772 USB 2.0 Ethernet, 00:50:b6:0d:b5:16
 tegra-snd-rt5640 sound: ASoC: CPU DAI (null) not registered
 tegra-snd-rt5640 sound: snd_soc_register_card failed (-517)
Diff for ./tegra114-dalmore-a04/tegra114-dalmore/tegra_defconfig%tegra20,114_mergeconfig_log.txt
--- /tmp/fooa	2014-10-02 16:08:07.531065081 -0700
+++ /tmp/foob	2014-10-02 16:08:07.535065080 -0700
@@ -36,20 +36,20 @@
 	 #################################################################
 	 #################################################################
 	 ############################################################
-	 2.9 MiB/s
+	 3 MiB/s
 done
-Bytes transferred = 4693744 (479ef0 hex)
+Bytes transferred = 4695728 (47a6b0 hex)
 Tegra114 (Dalmore) # tftpboot 0x82000000 tegra114-dalmore.dtb
 Using asx0 device
 TFTP from server 192.168.100.1; our IP address is 192.168.100.100
 Filename 'tegra114-dalmore.dtb'.
 Load address: 0x82000000
 Loading: *###
-	 3 MiB/s
+	 2.6 MiB/s
 done
 Bytes transferred = 34770 (87d2 hex)
 Tegra114 (Dalmore) # bootz 0x81000000 - 0x82000000
-Kernel image @ 0x81000000 [ 0x000000 - 0x479ef0 ]
+Kernel image @ 0x81000000 [ 0x000000 - 0x47a6b0 ]
 ## Flattened Device Tree blob at 82000000
    Booting using the fdt blob at 0x82000000
    Loading Device Tree to 8fff4000, end 8ffff7d1 ... OK
@@ -60,7 +60,7 @@
 Booting Linux on physical CPU 0x0
 Initializing cgroup subsys cpu
 Initializing cgroup subsys cpuacct
-Linux version 3.17.0-rc7-next-20141001-91454-g8953338 (pwalmsley@tamien) (gcc version 4.7.3 20130328 (prerelease) (crosstool-NG linaro-1.13.1-4.7-2013.04-20130415 - Linaro GCC 2013.04) ) #1 SMP PREEMPT Wed Oct 1 10:44:06 PDT 2014
+Linux version 3.17.0-rc7-next-20141002-91612-g7f76a81 (pwalmsley@tamien) (gcc version 4.7.3 20130328 (prerelease) (crosstool-NG linaro-1.13.1-4.7-2013.04-20130415 - Linaro GCC 2013.04) ) #1 SMP PREEMPT Thu Oct 2 15:59:43 PDT 2014
 CPU: ARMv7 Processor [412fc0f2] revision 2 (ARMv7), cr=10c5387d
 CPU: PIPT / VIPT nonaliasing data cache, PIPT instruction cache
 Machine model: NVIDIA Tegra114 Dalmore evaluation board
@@ -90,7 +90,7 @@
     lowmem  : 0xc0000000 - 0xef800000   ( 760 MB)
     pkmap   : 0xbfe00000 - 0xc0000000   (   2 MB)
     modules : 0xbf000000 - 0xbfe00000   (  14 MB)
-      .text : 0xc0008000 - 0xc0863244   (8557 kB)
+      .text : 0xc0008000 - 0xc0863294   (8557 kB)
       .init : 0xc0864000 - 0xc08a9300   ( 277 kB)
       .data : 0xc08aa000 - 0xc08fe8e0   ( 339 kB)
        .bss : 0xc08fe8e0 - 0xc0959220   ( 363 kB)
@@ -115,7 +115,7 @@
 /cpus/cpu@2 missing clock-frequency property
 /cpus/cpu@3 missing clock-frequency property
 CPU0: thread -1, cpu 0, socket 0, mpidr 80000000
-Setting up static identity map for 0x8061d7a8 - 0x8061d840
+Setting up static identity map for 0x8061dcb0 - 0x8061dd48
 Tegra Revision: A01 SKU: 0 CPU Process: 1 Core Process: 0
 CPU1: Booted secondary processor
 CPU1: thread -1, cpu 1, socket 0, mpidr 80000001
@@ -381,9 +381,9 @@
 platform sound: Driver tegra-snd-rt5640 requests probe deferral
 input: gpio-keys as /devices/soc0/gpio-keys/input/input0
 tegra-snd-rt5640 sound: ASoC: CPU DAI (null) not registered
+palmas-rtc 7000d000.i2c:tps65913@58:rtc: setting system clock to 2000-03-09 18:14:38 UTC (952625678)
 tegra-snd-rt5640 sound: snd_soc_register_card failed (-517)
 platform sound: Driver tegra-snd-rt5640 requests probe deferral
-palmas-rtc 7000d000.i2c:tps65913@58:rtc: setting system clock to 2000-03-08 12:58:56 UTC (952520336)
 vdd_cam_1v8_reg: disabling
 vdd_hdmi_5v0: disabling
 usb1_vbus: disabling
@@ -399,7 +399,7 @@
 Freeing unused kernel memory: 276K (c0864000 - c08a9000)
 bash: cannot set terminal process group (-1): Inappropriate ioctl for device
 bash: no job control in this shell
-root@(none):/# [    3.130746] usb 1-1: new high-speed USB device number 2 using tegra-ehci
+root@(none):/# [    3.110760] usb 1-1: new high-speed USB device number 2 using tegra-ehci
 asix 1-1:1.0 eth0: register 'asix' at usb-7d008000.usb-1, ASIX AX88772 USB 2.0 Ethernet, 00:50:b6:0d:b5:16
 tegra-snd-rt5640 sound: ASoC: CPU DAI (null) not registered
 tegra-snd-rt5640 sound: snd_soc_register_card failed (-517)
Diff for ./tegra114-dalmore-a04/tegra114-dalmore/tegra_defconfig%tegra30,114_mergeconfig_log.txt
--- /tmp/fooa	2014-10-02 16:08:07.539065078 -0700
+++ /tmp/foob	2014-10-02 16:08:07.543065076 -0700
@@ -38,18 +38,18 @@
 	 ############################################################
 	 3.4 MiB/s
 done
-Bytes transferred = 4694072 (47a038 hex)
+Bytes transferred = 4696792 (47aad8 hex)
 Tegra114 (Dalmore) # tftpboot 0x82000000 tegra114-dalmore.dtb
 Using asx0 device
 TFTP from server 192.168.100.1; our IP address is 192.168.100.100
 Filename 'tegra114-dalmore.dtb'.
 Load address: 0x82000000
 Loading: *###
-	 2.6 MiB/s
+	 2.8 MiB/s
 done
 Bytes transferred = 34770 (87d2 hex)
 Tegra114 (Dalmore) # bootz 0x81000000 - 0x82000000
-Kernel image @ 0x81000000 [ 0x000000 - 0x47a038 ]
+Kernel image @ 0x81000000 [ 0x000000 - 0x47aad8 ]
 ## Flattened Device Tree blob at 82000000
    Booting using the fdt blob at 0x82000000
    Loading Device Tree to 8fff4000, end 8ffff7d1 ... OK
@@ -60,7 +60,7 @@
 Booting Linux on physical CPU 0x0
 Initializing cgroup subsys cpu
 Initializing cgroup subsys cpuacct
-Linux version 3.17.0-rc7-next-20141001-91454-g8953338 (pwalmsley@tamien) (gcc version 4.7.3 20130328 (prerelease) (crosstool-NG linaro-1.13.1-4.7-2013.04-20130415 - Linaro GCC 2013.04) ) #1 SMP PREEMPT Wed Oct 1 10:47:14 PDT 2014
+Linux version 3.17.0-rc7-next-20141002-91612-g7f76a81 (pwalmsley@tamien) (gcc version 4.7.3 20130328 (prerelease) (crosstool-NG linaro-1.13.1-4.7-2013.04-20130415 - Linaro GCC 2013.04) ) #1 SMP PREEMPT Thu Oct 2 16:02:43 PDT 2014
 CPU: ARMv7 Processor [412fc0f2] revision 2 (ARMv7), cr=10c5387d
 CPU: PIPT / VIPT nonaliasing data cache, PIPT instruction cache
 Machine model: NVIDIA Tegra114 Dalmore evaluation board
@@ -68,7 +68,7 @@
 cma: Reserved 64 MiB at fbc00000
 Memory policy: Data cache writealloc
 On node 0 totalpages: 524032
-free_area_init_node: node 0, pgdat c08fcb80, node_mem_map ee7f7000
+free_area_init_node: node 0, pgdat c08feb80, node_mem_map ee7f7000
   Normal zone: 1520 pages used for memmap
   Normal zone: 0 pages reserved
   Normal zone: 194560 pages, LIFO batch:31
@@ -82,7 +82,7 @@
 PID hash table entries: 4096 (order: 2, 16384 bytes)
 Dentry cache hash table entries: 131072 (order: 7, 524288 bytes)
 Inode-cache hash table entries: 65536 (order: 6, 262144 bytes)
-Memory: 2003496K/2096128K available (6447K kernel code, 337K rwdata, 2108K rodata, 276K init, 362K bss, 92632K reserved, 1252352K highmem)
+Memory: 2003488K/2096128K available (6451K kernel code, 337K rwdata, 2108K rodata, 276K init, 362K bss, 92640K reserved, 1252352K highmem)
 Virtual kernel memory layout:
     vector  : 0xffff0000 - 0xffff1000   (   4 kB)
     fixmap  : 0xffc00000 - 0xffe00000   (2048 kB)
@@ -90,10 +90,10 @@
     lowmem  : 0xc0000000 - 0xef800000   ( 760 MB)
     pkmap   : 0xbfe00000 - 0xc0000000   (   2 MB)
     modules : 0xbf000000 - 0xbfe00000   (  14 MB)
-      .text : 0xc0008000 - 0xc0863128   (8557 kB)
-      .init : 0xc0864000 - 0xc08a9300   ( 277 kB)
-      .data : 0xc08aa000 - 0xc08fe620   ( 338 kB)
-       .bss : 0xc08fe620 - 0xc0958f20   ( 363 kB)
+      .text : 0xc0008000 - 0xc0864178   (8561 kB)
+      .init : 0xc0865000 - 0xc08aa300   ( 277 kB)
+      .data : 0xc08ac000 - 0xc0900620   ( 338 kB)
+       .bss : 0xc0900620 - 0xc095af20   ( 363 kB)
 Preemptible hierarchical RCU implementation.
 NR_IRQS:16 nr_irqs:16 16
 L2C: failed to init: -19
@@ -115,7 +115,7 @@
 /cpus/cpu@2 missing clock-frequency property
 /cpus/cpu@3 missing clock-frequency property
 CPU0: thread -1, cpu 0, socket 0, mpidr 80000000
-Setting up static identity map for 0x8061cec8 - 0x8061cf60
+Setting up static identity map for 0x8061d3d0 - 0x8061d468
 Tegra Revision: A01 SKU: 0 CPU Process: 1 Core Process: 0
 CPU1: Booted secondary processor
 CPU1: thread -1, cpu 1, socket 0, mpidr 80000001
@@ -374,7 +374,7 @@
 hub 1-0:1.0: USB hub found
 hub 1-0:1.0: 1 port detected
 input: gpio-keys as /devices/soc0/gpio-keys/input/input1
-palmas-rtc 7000d000.i2c:tps65913@58:rtc: setting system clock to 2000-03-08 13:02:10 UTC (952520530)
+palmas-rtc 7000d000.i2c:tps65913@58:rtc: setting system clock to 2000-03-09 18:17:37 UTC (952625857)
 vdd_cam_1v8_reg: disabling
 vdd_hdmi_5v0: disabling
 usb1_vbus: disabling
@@ -387,7 +387,8 @@
 EXT3-fs (mmcblk0p1): mounted filesystem with writeback data mode
 VFS: Mounted root (ext3 filesystem) on device 179:1.
 devtmpfs: mounted
-Freeing unused kernel memory: 276K (c0864000 - c08a9000)
+Freeing unused kernel memory: 276K (c0865000 - c08aa000)
 bash: cannot set terminal process group (-1): Inappropriate ioctl for device
 bash: no job control in this shell
-root@(none):/# 
\ No newline at end of file
+root@(none):/# [    3.120607] usb 1-1: new high-speed USB device number 2 using tegra-ehci
+asix 1-1:1.0 eth0: register 'asix' at usb-7d008000.usb-1, ASIX AX88772 USB 2.0 Ethernet, 00:50:b6:0d:b5:16
Diff for ./tegra124-jetson-tk1/tegra124-jetson-tk1/multi_v7_defconfig_log.txt
--- /tmp/fooa	2014-10-02 16:08:07.551065073 -0700
+++ /tmp/foob	2014-10-02 16:08:07.551065073 -0700
@@ -39,9 +39,9 @@
 	 #################################################################
 	 #################################################################
 	 ###################################
-	 2.9 MiB/s
+	 3.3 MiB/s
 done
-Bytes transferred = 5283040 (509ce0 hex)
+Bytes transferred = 5283480 (509e98 hex)
 Tegra124 (Jetson TK1) # tftpboot 0x82000000 tegra124-jetson-tk1.dtb
 Using asx0 device
 TFTP from server 192.168.100.1; our IP address is 192.168.100.102
@@ -52,7 +52,7 @@
 done
 Bytes transferred = 47577 (b9d9 hex)
 Tegra124 (Jetson TK1) # bootz 0x81000000 - 0x82000000
-Kernel image @ 0x81000000 [ 0x000000 - 0x509ce0 ]
+Kernel image @ 0x81000000 [ 0x000000 - 0x509e98 ]
 ## Flattened Device Tree blob at 82000000
    Booting using the fdt blob at 0x82000000
    Using Device Tree in place at 82000000, end 8200e9d8
@@ -60,7 +60,7 @@
 Starting kernel ...
 
 Booting Linux on physical CPU 0x0
-Linux version 3.17.0-rc7-next-20141001-91454-g8953338 (pwalmsley@tamien) (gcc version 4.7.3 20130328 (prerelease) (crosstool-NG linaro-1.13.1-4.7-2013.04-20130415 - Linaro GCC 2013.04) ) #1 SMP Wed Oct 1 10:37:03 PDT 2014
+Linux version 3.17.0-rc7-next-20141002-91612-g7f76a81 (pwalmsley@tamien) (gcc version 4.7.3 20130328 (prerelease) (crosstool-NG linaro-1.13.1-4.7-2013.04-20130415 - Linaro GCC 2013.04) ) #1 SMP Thu Oct 2 15:53:57 PDT 2014
 CPU: ARMv7 Processor [413fc0f3] revision 3 (ARMv7), cr=10c5387d
 CPU: PIPT / VIPT nonaliasing data cache, PIPT instruction cache
 Machine model: NVIDIA Tegra124 Jetson TK1
@@ -68,7 +68,7 @@
 cma: Reserved 64 MiB at fb800000
 Memory policy: Data cache writealloc
 On node 0 totalpages: 524032
-free_area_init_node: node 0, pgdat c0d0c6c0, node_mem_map ee7f8000
+free_area_init_node: node 0, pgdat c0d0e6c0, node_mem_map ee7f8000
   DMA zone: 1520 pages used for memmap
   DMA zone: 0 pages reserved
   DMA zone: 194560 pages, LIFO batch:31
@@ -82,7 +82,7 @@
 PID hash table entries: 4096 (order: 2, 16384 bytes)
 Dentry cache hash table entries: 131072 (order: 7, 524288 bytes)
 Inode-cache hash table entries: 65536 (order: 6, 262144 bytes)
-Memory: 2001380K/2096128K available (6854K kernel code, 937K rwdata, 2776K rodata, 716K init, 308K bss, 94748K reserved, 1252352K highmem)
+Memory: 2001372K/2096128K available (6858K kernel code, 937K rwdata, 2776K rodata, 716K init, 308K bss, 94756K reserved, 1252352K highmem)
 Virtual kernel memory layout:
     vector  : 0xffff0000 - 0xffff1000   (   4 kB)
     fixmap  : 0xffc00000 - 0xffe00000   (2048 kB)
@@ -90,10 +90,10 @@
     lowmem  : 0xc0000000 - 0xef800000   ( 760 MB)
     pkmap   : 0xbfe00000 - 0xc0000000   (   2 MB)
     modules : 0xbf000000 - 0xbfe00000   (  14 MB)
-      .text : 0xc0208000 - 0xc0b6fca4   (9632 kB)
-      .init : 0xc0b70000 - 0xc0c23140   ( 717 kB)
-      .data : 0xc0c24000 - 0xc0d0e540   ( 938 kB)
-       .bss : 0xc0d0e540 - 0xc0d5b7e8   ( 309 kB)
+      .text : 0xc0208000 - 0xc0b70cf4   (9636 kB)
+      .init : 0xc0b71000 - 0xc0c24140   ( 717 kB)
+      .data : 0xc0c26000 - 0xc0d10540   ( 938 kB)
+       .bss : 0xc0d10540 - 0xc0d5d7e8   ( 309 kB)
 SLUB: HWalign=64, Order=0-3, MinObjects=0, CPUs=4, Nodes=1
 Hierarchical RCU implementation.
 	RCU restricting CPUs from NR_CPUS=8 to nr_cpu_ids=4.
@@ -116,7 +116,7 @@
 /cpus/cpu@2 missing clock-frequency property
 /cpus/cpu@3 missing clock-frequency property
 CPU0: thread -1, cpu 0, socket 0, mpidr 80000000
-Setting up static identity map for 0x80879ce8 - 0x80879d80
+Setting up static identity map for 0x8087a238 - 0x8087a2d0
 Tegra Revision: A01 SKU: 129 CPU Process: 1 Core Process: 1
 CPU1: Booted secondary processor
 CPU1: thread -1, cpu 1, socket 0, mpidr 80000001
@@ -440,7 +440,7 @@
 hub 2-0:1.0: USB hub found
 hub 2-0:1.0: 1 port detected
 input: gpio-keys as /devices/soc0/gpio-keys/input/input1
-as3722-rtc as3722-rtc: setting system clock to 2000-02-01 00:00:18 UTC (949363218)
+as3722-rtc as3722-rtc: setting system clock to 2000-02-01 00:00:19 UTC (949363219)
 +1.05V_RUN_AVDD_HDMI_PLL: disabling
 +1.8V_RUN_VPP_FUSE: disabling
 +2.8V_RUN_CAM_AF: disabling
@@ -459,7 +459,7 @@
 EXT4-fs (mmcblk0p1): mounted filesystem with ordered data mode. Opts: (null)
 VFS: Mounted root (ext4 filesystem) on device 179:1.
 devtmpfs: mounted
-Freeing unused kernel memory: 716K (c0b70000 - c0c23000)
+Freeing unused kernel memory: 716K (c0b71000 - c0c24000)
 usb 2-1: new high-speed USB device number 2 using tegra-ehci
 bash: cannot set terminal process group (-1): Inappropriate ioctl for device
 bash: no job control in this shell
Diff for ./tegra124-jetson-tk1/tegra124-jetson-tk1/tegra_defconfig_log.txt
--- /tmp/fooa	2014-10-02 16:08:07.559065069 -0700
+++ /tmp/foob	2014-10-02 16:08:07.563065068 -0700
@@ -37,10 +37,10 @@
 	 #################################################################
 	 #################################################################
 	 #################################################################
-	 #############################################################
-	 2.8 MiB/s
+	 ##############################################################
+	 2.9 MiB/s
 done
-Bytes transferred = 4710528 (47e080 hex)
+Bytes transferred = 4713360 (47eb90 hex)
 Tegra124 (Jetson TK1) # tftpboot 0x82000000 tegra124-jetson-tk1.dtb
 Using asx0 device
 TFTP from server 192.168.100.1; our IP address is 192.168.100.102
@@ -51,7 +51,7 @@
 done
 Bytes transferred = 47577 (b9d9 hex)
 Tegra124 (Jetson TK1) # bootz 0x81000000 - 0x82000000
-Kernel image @ 0x81000000 [ 0x000000 - 0x47e080 ]
+Kernel image @ 0x81000000 [ 0x000000 - 0x47eb90 ]
 ## Flattened Device Tree blob at 82000000
    Booting using the fdt blob at 0x82000000
    Using Device Tree in place at 82000000, end 8200e9d8
@@ -62,7 +62,7 @@
 Booting Linux on physical CPU 0x0
 Initializing cgroup subsys cpu
 Initializing cgroup subsys cpuacct
-Linux version 3.17.0-rc7-next-20141001-52684-g8953338 (pwalmsley@kaivo) (gcc version 4.7.3 20130328 (prerelease) (crosstool-NG linaro-1.13.1-4.7-2013.04-20130415 - Linaro GCC 2013.04) ) #1 SMP PREEMPT Wed Oct 1 10:35:05 PDT 2014
+Linux version 3.17.0-rc7-next-20141002-52842-g7f76a81 (pwalmsley@kaivo) (gcc version 4.7.3 20130328 (prerelease) (crosstool-NG linaro-1.13.1-4.7-2013.04-20130415 - Linaro GCC 2013.04) ) #1 SMP PREEMPT Thu Oct 2 15:53:06 PDT 2014
 CPU: ARMv7 Processor [413fc0f3] revision 3 (ARMv7), cr=10c5387d
 CPU: PIPT / VIPT nonaliasing data cache, PIPT instruction cache
 Machine model: NVIDIA Tegra124 Jetson TK1
@@ -84,7 +84,7 @@
 PID hash table entries: 4096 (order: 2, 16384 bytes)
 Dentry cache hash table entries: 131072 (order: 7, 524288 bytes)
 Inode-cache hash table entries: 65536 (order: 6, 262144 bytes)
-Memory: 2003380K/2096128K available (6459K kernel code, 345K rwdata, 2132K rodata, 284K init, 362K bss, 92748K reserved, 1252352K highmem)
+Memory: 2003380K/2096128K available (6463K kernel code, 345K rwdata, 2132K rodata, 284K init, 362K bss, 92748K reserved, 1252352K highmem)
 Virtual kernel memory layout:
     vector  : 0xffff0000 - 0xffff1000   (   4 kB)
     fixmap  : 0xffc00000 - 0xffe00000   (2048 kB)
@@ -92,8 +92,8 @@
     lowmem  : 0xc0000000 - 0xef800000   ( 760 MB)
     pkmap   : 0xbfe00000 - 0xc0000000   (   2 MB)
     modules : 0xbf000000 - 0xbfe00000   (  14 MB)
-      .text : 0xc0008000 - 0xc086c38c   (8593 kB)
-      .init : 0xc086d000 - 0xc08b4300   ( 285 kB)
+      .text : 0xc0008000 - 0xc086d3dc   (8597 kB)
+      .init : 0xc086e000 - 0xc08b5300   ( 285 kB)
       .data : 0xc08b6000 - 0xc090c520   ( 346 kB)
        .bss : 0xc090c520 - 0xc0966ea0   ( 363 kB)
 Preemptible hierarchical RCU implementation.
@@ -117,7 +117,7 @@
 /cpus/cpu@2 missing clock-frequency property
 /cpus/cpu@3 missing clock-frequency property
 CPU0: thread -1, cpu 0, socket 0, mpidr 80000000
-Setting up static identity map for 0x8061fdc8 - 0x8061fe60
+Setting up static identity map for 0x806202d0 - 0x80620368
 Tegra Revision: A01 SKU: 129 CPU Process: 1 Core Process: 1
 CPU1: Booted secondary processor
 CPU1: thread -1, cpu 1, socket 0, mpidr 80000001
@@ -433,7 +433,7 @@
 hub 2-0:1.0: USB hub found
 hub 2-0:1.0: 1 port detected
 input: gpio-keys as /devices/soc0/gpio-keys/input/input1
-as3722-rtc as3722-rtc: setting system clock to 2000-02-01 00:00:18 UTC (949363218)
+as3722-rtc as3722-rtc: setting system clock to 2000-02-01 00:08:42 UTC (949363722)
 +1.05V_RUN_AVDD_HDMI_PLL: disabling
 +1.8V_RUN_VPP_FUSE: disabling
 +2.8V_RUN_CAM_AF: disabling
@@ -452,8 +452,8 @@
 EXT4-fs (mmcblk0p1): mounted filesystem with ordered data mode. Opts: (null)
 VFS: Mounted root (ext4 filesystem) on device 179:1.
 devtmpfs: mounted
-Freeing unused kernel memory: 284K (c086d000 - c08b4000)
+Freeing unused kernel memory: 284K (c086e000 - c08b5000)
 usb 2-1: new high-speed USB device number 2 using tegra-ehci
 bash: cannot set terminal process group (-1): Inappropriate ioctl for device
 bash: no job control in this shell
-root@(none):/# [    6.488484] asix 2-1:1.0 eth0: register 'asix' at usb-7d008000.usb-1, ASIX AX88772 USB 2.0 Ethernet, 00:50:b6:11:31:3b
+root@(none):/# [    6.488365] asix 2-1:1.0 eth0: register 'asix' at usb-7d008000.usb-1, ASIX AX88772 USB 2.0 Ethernet, 00:50:b6:11:31:3b
Diff for ./tegra124-jetson-tk1/tegra124-jetson-tk1/tegra_defconfig%tegra124_mergeconfig_log.txt
--- /tmp/fooa	2014-10-02 16:08:07.571065064 -0700
+++ /tmp/foob	2014-10-02 16:08:07.575065063 -0700
@@ -38,21 +38,20 @@
 	 #################################################################
 	 #################################################################
 	 ###########################################################
-	 702.1 KiB/s
+	 3.2 MiB/s
 done
-Bytes transferred = 4675208 (475688 hex)
+Bytes transferred = 4680280 (476a58 hex)
 Tegra124 (Jetson TK1) # tftpboot 0x82000000 tegra124-jetson-tk1.dtb
-Waiting for Ethernet connection... done.
 Using asx0 device
 TFTP from server 192.168.100.1; our IP address is 192.168.100.102
 Filename 'tegra124-jetson-tk1.dtb'.
 Load address: 0x82000000
 Loading: *####
-	 2.7 MiB/s
+	 3 MiB/s
 done
 Bytes transferred = 47577 (b9d9 hex)
 Tegra124 (Jetson TK1) # bootz 0x81000000 - 0x82000000
-Kernel image @ 0x81000000 [ 0x000000 - 0x475688 ]
+Kernel image @ 0x81000000 [ 0x000000 - 0x476a58 ]
 ## Flattened Device Tree blob at 82000000
    Booting using the fdt blob at 0x82000000
    Using Device Tree in place at 82000000, end 8200e9d8
@@ -63,7 +62,7 @@
 Booting Linux on physical CPU 0x0
 Initializing cgroup subsys cpu
 Initializing cgroup subsys cpuacct
-Linux version 3.17.0-rc7-next-20141001-52684-g8953338 (pwalmsley@kaivo) (gcc version 4.7.3 20130328 (prerelease) (crosstool-NG linaro-1.13.1-4.7-2013.04-20130415 - Linaro GCC 2013.04) ) #1 SMP PREEMPT Wed Oct 1 10:47:35 PDT 2014
+Linux version 3.17.0-rc7-next-20141002-52842-g7f76a81 (pwalmsley@kaivo) (gcc version 4.7.3 20130328 (prerelease) (crosstool-NG linaro-1.13.1-4.7-2013.04-20130415 - Linaro GCC 2013.04) ) #1 SMP PREEMPT Thu Oct 2 16:03:26 PDT 2014
 CPU: ARMv7 Processor [413fc0f3] revision 3 (ARMv7), cr=10c5387d
 CPU: PIPT / VIPT nonaliasing data cache, PIPT instruction cache
 Machine model: NVIDIA Tegra124 Jetson TK1
@@ -93,8 +92,8 @@
     lowmem  : 0xc0000000 - 0xef800000   ( 760 MB)
     pkmap   : 0xbfe00000 - 0xc0000000   (   2 MB)
     modules : 0xbf000000 - 0xbfe00000   (  14 MB)
-      .text : 0xc0008000 - 0xc0858fc8   (8516 kB)
-      .init : 0xc0859000 - 0xc089c300   ( 269 kB)
+      .text : 0xc0008000 - 0xc0859018   (8517 kB)
+      .init : 0xc085a000 - 0xc089d300   ( 269 kB)
       .data : 0xc089e000 - 0xc08f09e0   ( 331 kB)
        .bss : 0xc08f09e0 - 0xc094b2a0   ( 363 kB)
 Preemptible hierarchical RCU implementation.
@@ -118,7 +117,7 @@
 /cpus/cpu@2 missing clock-frequency property
 /cpus/cpu@3 missing clock-frequency property
 CPU0: thread -1, cpu 0, socket 0, mpidr 80000000
-Setting up static identity map for 0x8061a7d0 - 0x8061a868
+Setting up static identity map for 0x8061acd8 - 0x8061ad70
 Tegra Revision: A01 SKU: 129 CPU Process: 1 Core Process: 1
 CPU1: Booted secondary processor
 CPU1: thread -1, cpu 1, socket 0, mpidr 80000001
@@ -441,8 +440,8 @@
 platform sound: Driver tegra-snd-rt5640 requests probe deferral
 input: gpio-keys as /devices/soc0/gpio-keys/input/input0
 tegra-snd-rt5640 sound: ASoC: CPU DAI (null) not registered
-as3722-rtc as3722-rtc: setting system clock to 2000-02-01 00:00:23 UTC (949363223)
 tegra-snd-rt5640 sound: snd_soc_register_card failed (-517)
+as3722-rtc as3722-rtc: setting system clock to 2000-02-01 00:00:18 UTC (949363218)
 platform sound: Driver tegra-snd-rt5640 requests probe deferral
 +1.05V_RUN_AVDD_HDMI_PLL: disabling
 +1.8V_RUN_VPP_FUSE: disabling
@@ -462,14 +461,11 @@
 EXT4-fs (mmcblk0p1): mounted filesystem with ordered data mode. Opts: (null)
 VFS: Mounted root (ext4 filesystem) on device 179:1.
 devtmpfs: mounted
-Freeing unused kernel memory: 268K (c0859000 - c089c000)
+Freeing unused kernel memory: 268K (c085a000 - c089d000)
 usb 2-1: new high-speed USB device number 2 using tegra-ehci
 bash: cannot set terminal process group (-1): Inappropriate ioctl for device
 bash: no job control in this shell
-root@(none):/# [    6.498428] asix 2-1:1.0 eth0: register 'asix' at usb-7d008000.usb-1, ASIX AX88772 USB 2.0 Ethernet, 00:50:b6:11:31:3b
-tegra-snd-rt5640 sound: ASoC: CPU DAI (null) not registered
-tegra-snd-rt5640 sound: snd_soc_register_card failed (-517)
-platform sound: Driver tegra-snd-rt5640 requests probe deferral
+root@(none):/# [    6.488322] asix 2-1:1.0 eth0: register 'asix' at usb-7d008000.usb-1, ASIX AX88772 USB 2.0 Ethernet, 00:50:b6:11:31:3b
 tegra-snd-rt5640 sound: ASoC: CPU DAI (null) not registered
 tegra-snd-rt5640 sound: snd_soc_register_card failed (-517)
 platform sound: Driver tegra-snd-rt5640 requests probe deferral
Diff for ./tegra30-beaver/tegra30-beaver/multi_v7_defconfig_log.txt
--- /tmp/fooa	2014-10-02 16:08:07.579065062 -0700
+++ /tmp/foob	2014-10-02 16:08:07.583065060 -0700
@@ -37,20 +37,20 @@
 	 #################################################################
 	 #################################################################
 	 ###################################
-	 2.9 MiB/s
+	 3.4 MiB/s
 done
-Bytes transferred = 5283040 (509ce0 hex)
+Bytes transferred = 5283480 (509e98 hex)
 Tegra30 (Beaver) # tftpboot 0x82000000 tegra30-beaver.dtb
 Using asx0 device
 TFTP from server 192.168.100.1; our IP address is 192.168.100.101
 Filename 'tegra30-beaver.dtb'.
 Load address: 0x82000000
 Loading: *##
-	 3.4 MiB/s
+	 2 MiB/s
 done
 Bytes transferred = 24893 (613d hex)
 Tegra30 (Beaver) # bootz 0x81000000 - 0x82000000
-Kernel image @ 0x81000000 [ 0x000000 - 0x509ce0 ]
+Kernel image @ 0x81000000 [ 0x000000 - 0x509e98 ]
 ## Flattened Device Tree blob at 82000000
    Booting using the fdt blob at 0x82000000
    Loading Device Tree to 8fff6000, end 8ffff13c ... OK
@@ -58,7 +58,7 @@
 Starting kernel ...
 
 Booting Linux on physical CPU 0x0
-Linux version 3.17.0-rc7-next-20141001-91454-g8953338 (pwalmsley@tamien) (gcc version 4.7.3 20130328 (prerelease) (crosstool-NG linaro-1.13.1-4.7-2013.04-20130415 - Linaro GCC 2013.04) ) #1 SMP Wed Oct 1 10:37:03 PDT 2014
+Linux version 3.17.0-rc7-next-20141002-91612-g7f76a81 (pwalmsley@tamien) (gcc version 4.7.3 20130328 (prerelease) (crosstool-NG linaro-1.13.1-4.7-2013.04-20130415 - Linaro GCC 2013.04) ) #1 SMP Thu Oct 2 15:53:57 PDT 2014
 CPU: ARMv7 Processor [412fc099] revision 9 (ARMv7), cr=10c5387d
 CPU: PIPT / VIPT nonaliasing data cache, VIPT aliasing instruction cache
 Machine model: NVIDIA Tegra30 Beaver evaluation board
@@ -66,7 +66,7 @@
 cma: Reserved 64 MiB at fb800000
 Memory policy: Data cache writealloc
 On node 0 totalpages: 524032
-free_area_init_node: node 0, pgdat c0d0c6c0, node_mem_map ee7f8000
+free_area_init_node: node 0, pgdat c0d0e6c0, node_mem_map ee7f8000
   DMA zone: 1520 pages used for memmap
   DMA zone: 0 pages reserved
   DMA zone: 194560 pages, LIFO batch:31
@@ -80,7 +80,7 @@
 PID hash table entries: 4096 (order: 2, 16384 bytes)
 Dentry cache hash table entries: 131072 (order: 7, 524288 bytes)
 Inode-cache hash table entries: 65536 (order: 6, 262144 bytes)
-Memory: 2001484K/2096128K available (6854K kernel code, 937K rwdata, 2776K rodata, 716K init, 308K bss, 94644K reserved, 1252352K highmem)
+Memory: 2001476K/2096128K available (6858K kernel code, 937K rwdata, 2776K rodata, 716K init, 308K bss, 94652K reserved, 1252352K highmem)
 Virtual kernel memory layout:
     vector  : 0xffff0000 - 0xffff1000   (   4 kB)
     fixmap  : 0xffc00000 - 0xffe00000   (2048 kB)
@@ -88,10 +88,10 @@
     lowmem  : 0xc0000000 - 0xef800000   ( 760 MB)
     pkmap   : 0xbfe00000 - 0xc0000000   (   2 MB)
     modules : 0xbf000000 - 0xbfe00000   (  14 MB)
-      .text : 0xc0208000 - 0xc0b6fca4   (9632 kB)
-      .init : 0xc0b70000 - 0xc0c23140   ( 717 kB)
-      .data : 0xc0c24000 - 0xc0d0e540   ( 938 kB)
-       .bss : 0xc0d0e540 - 0xc0d5b7e8   ( 309 kB)
+      .text : 0xc0208000 - 0xc0b70cf4   (9636 kB)
+      .init : 0xc0b71000 - 0xc0c24140   ( 717 kB)
+      .data : 0xc0c26000 - 0xc0d10540   ( 938 kB)
+       .bss : 0xc0d10540 - 0xc0d5d7e8   ( 309 kB)
 SLUB: HWalign=64, Order=0-3, MinObjects=0, CPUs=4, Nodes=1
 Hierarchical RCU implementation.
 	RCU restricting CPUs from NR_CPUS=8 to nr_cpu_ids=4.
@@ -115,7 +115,7 @@
 Mountpoint-cache hash table entries: 2048 (order: 1, 8192 bytes)
 CPU: Testing write buffer coherency: ok
 CPU0: thread -1, cpu 0, socket 0, mpidr 80000000
-Setting up static identity map for 0x80879ce8 - 0x80879d80
+Setting up static identity map for 0x8087a238 - 0x8087a2d0
 Tegra Revision: A03 SKU: 128 CPU Process: 4 Core Process: 0
 CPU1: Booted secondary processor
 CPU1: thread -1, cpu 1, socket 0, mpidr 80000001
@@ -408,8 +408,8 @@
 EXT4-fs (mmcblk0p1): mounted filesystem with ordered data mode. Opts: (null)
 VFS: Mounted root (ext3 filesystem) on device 179:1.
 devtmpfs: mounted
-Freeing unused kernel memory: 716K (c0b70000 - c0c23000)
+Freeing unused kernel memory: 716K (c0b71000 - c0c24000)
 usb 2-1: new high-speed USB device number 2 using tegra-ehci
 bash: cannot set terminal process group (-1): Inappropriate ioctl for device
 bash: no job control in this shell
-root@(none):/# [    4.754804] asix 2-1:1.0 eth1: register 'asix' at usb-7d008000.usb-1, ASIX AX88772 USB 2.0 Ethernet, 00:50:b6:0f:68:6d
+root@(none):/# [    4.753002] asix 2-1:1.0 eth1: register 'asix' at usb-7d008000.usb-1, ASIX AX88772 USB 2.0 Ethernet, 00:50:b6:0f:68:6d
Diff for ./tegra30-beaver/tegra30-beaver/tegra_defconfig_log.txt
--- /tmp/fooa	2014-10-02 16:08:07.591065056 -0700
+++ /tmp/foob	2014-10-02 16:08:07.591065056 -0700
@@ -35,10 +35,10 @@
 	 #################################################################
 	 #################################################################
 	 #################################################################
-	 #############################################################
+	 ##############################################################
 	 2.9 MiB/s
 done
-Bytes transferred = 4710528 (47e080 hex)
+Bytes transferred = 4713360 (47eb90 hex)
 Tegra30 (Beaver) # tftpboot 0x82000000 tegra30-beaver.dtb
 Using asx0 device
 TFTP from server 192.168.100.1; our IP address is 192.168.100.101
@@ -49,7 +49,7 @@
 done
 Bytes transferred = 24893 (613d hex)
 Tegra30 (Beaver) # bootz 0x81000000 - 0x82000000
-Kernel image @ 0x81000000 [ 0x000000 - 0x47e080 ]
+Kernel image @ 0x81000000 [ 0x000000 - 0x47eb90 ]
 ## Flattened Device Tree blob at 82000000
    Booting using the fdt blob at 0x82000000
    Loading Device Tree to 8fff6000, end 8ffff13c ... OK
@@ -60,7 +60,7 @@
 Booting Linux on physical CPU 0x0
 Initializing cgroup subsys cpu
 Initializing cgroup subsys cpuacct
-Linux version 3.17.0-rc7-next-20141001-52684-g8953338 (pwalmsley@kaivo) (gcc version 4.7.3 20130328 (prerelease) (crosstool-NG linaro-1.13.1-4.7-2013.04-20130415 - Linaro GCC 2013.04) ) #1 SMP PREEMPT Wed Oct 1 10:35:05 PDT 2014
+Linux version 3.17.0-rc7-next-20141002-52842-g7f76a81 (pwalmsley@kaivo) (gcc version 4.7.3 20130328 (prerelease) (crosstool-NG linaro-1.13.1-4.7-2013.04-20130415 - Linaro GCC 2013.04) ) #1 SMP PREEMPT Thu Oct 2 15:53:06 PDT 2014
 CPU: ARMv7 Processor [412fc099] revision 9 (ARMv7), cr=10c5387d
 CPU: PIPT / VIPT nonaliasing data cache, VIPT aliasing instruction cache
 Machine model: NVIDIA Tegra30 Beaver evaluation board
@@ -82,7 +82,7 @@
 PID hash table entries: 4096 (order: 2, 16384 bytes)
 Dentry cache hash table entries: 131072 (order: 7, 524288 bytes)
 Inode-cache hash table entries: 65536 (order: 6, 262144 bytes)
-Memory: 2003484K/2096128K available (6459K kernel code, 345K rwdata, 2132K rodata, 284K init, 362K bss, 92644K reserved, 1252352K highmem)
+Memory: 2003484K/2096128K available (6463K kernel code, 345K rwdata, 2132K rodata, 284K init, 362K bss, 92644K reserved, 1252352K highmem)
 Virtual kernel memory layout:
     vector  : 0xffff0000 - 0xffff1000   (   4 kB)
     fixmap  : 0xffc00000 - 0xffe00000   (2048 kB)
@@ -90,8 +90,8 @@
     lowmem  : 0xc0000000 - 0xef800000   ( 760 MB)
     pkmap   : 0xbfe00000 - 0xc0000000   (   2 MB)
     modules : 0xbf000000 - 0xbfe00000   (  14 MB)
-      .text : 0xc0008000 - 0xc086c38c   (8593 kB)
-      .init : 0xc086d000 - 0xc08b4300   ( 285 kB)
+      .text : 0xc0008000 - 0xc086d3dc   (8597 kB)
+      .init : 0xc086e000 - 0xc08b5300   ( 285 kB)
       .data : 0xc08b6000 - 0xc090c520   ( 346 kB)
        .bss : 0xc090c520 - 0xc0966ea0   ( 363 kB)
 Preemptible hierarchical RCU implementation.
@@ -116,7 +116,7 @@
 Initializing cgroup subsys debug
 CPU: Testing write buffer coherency: ok
 CPU0: thread -1, cpu 0, socket 0, mpidr 80000000
-Setting up static identity map for 0x8061fdc8 - 0x8061fe60
+Setting up static identity map for 0x806202d0 - 0x80620368
 Tegra Revision: A03 SKU: 128 CPU Process: 4 Core Process: 0
 CPU1: Booted secondary processor
 CPU1: thread -1, cpu 1, socket 0, mpidr 80000001
@@ -402,8 +402,8 @@
 EXT3-fs (mmcblk0p1): mounted filesystem with writeback data mode
 VFS: Mounted root (ext3 filesystem) on device 179:1.
 devtmpfs: mounted
-Freeing unused kernel memory: 284K (c086d000 - c08b4000)
+Freeing unused kernel memory: 284K (c086e000 - c08b5000)
 bash: cannot set terminal process group (-1): Inappropriate ioctl for device
 bash: no job control in this shell
-root@(none):/# [    4.567235] usb 2-1: new high-speed USB device number 2 using tegra-ehci
+root@(none):/# [    4.567214] usb 2-1: new high-speed USB device number 2 using tegra-ehci
 asix 2-1:1.0 eth1: register 'asix' at usb-7d008000.usb-1, ASIX AX88772 USB 2.0 Ethernet, 00:50:b6:0f:68:6d
Diff for ./tegra30-beaver/tegra30-beaver/tegra_defconfig%tegra20,30_mergeconfig_log.txt
--- /tmp/fooa	2014-10-02 16:08:07.599065054 -0700
+++ /tmp/foob	2014-10-02 16:08:07.603065052 -0700
@@ -36,20 +36,20 @@
 	 #################################################################
 	 #################################################################
 	 #############################################################
-	 2.8 MiB/s
+	 3.4 MiB/s
 done
-Bytes transferred = 4705632 (47cd60 hex)
+Bytes transferred = 4707872 (47d620 hex)
 Tegra30 (Beaver) # tftpboot 0x82000000 tegra30-beaver.dtb
 Using asx0 device
 TFTP from server 192.168.100.1; our IP address is 192.168.100.101
 Filename 'tegra30-beaver.dtb'.
 Load address: 0x82000000
 Loading: *##
-	 2.6 MiB/s
+	 3 MiB/s
 done
 Bytes transferred = 24893 (613d hex)
 Tegra30 (Beaver) # bootz 0x81000000 - 0x82000000
-Kernel image @ 0x81000000 [ 0x000000 - 0x47cd60 ]
+Kernel image @ 0x81000000 [ 0x000000 - 0x47d620 ]
 ## Flattened Device Tree blob at 82000000
    Booting using the fdt blob at 0x82000000
    Loading Device Tree to 8fff6000, end 8ffff13c ... OK
@@ -60,7 +60,7 @@
 Booting Linux on physical CPU 0x0
 Initializing cgroup subsys cpu
 Initializing cgroup subsys cpuacct
-Linux version 3.17.0-rc7-next-20141001-52684-g8953338 (pwalmsley@kaivo) (gcc version 4.7.3 20130328 (prerelease) (crosstool-NG linaro-1.13.1-4.7-2013.04-20130415 - Linaro GCC 2013.04) ) #1 SMP PREEMPT Wed Oct 1 10:44:29 PDT 2014
+Linux version 3.17.0-rc7-next-20141002-52842-g7f76a81 (pwalmsley@kaivo) (gcc version 4.7.3 20130328 (prerelease) (crosstool-NG linaro-1.13.1-4.7-2013.04-20130415 - Linaro GCC 2013.04) ) #1 SMP PREEMPT Thu Oct 2 16:00:54 PDT 2014
 CPU: ARMv7 Processor [412fc099] revision 9 (ARMv7), cr=10c5387d
 CPU: PIPT / VIPT nonaliasing data cache, VIPT aliasing instruction cache
 Machine model: NVIDIA Tegra30 Beaver evaluation board
@@ -90,7 +90,7 @@
     lowmem  : 0xc0000000 - 0xef800000   ( 760 MB)
     pkmap   : 0xbfe00000 - 0xc0000000   (   2 MB)
     modules : 0xbf000000 - 0xbfe00000   (  14 MB)
-      .text : 0xc0008000 - 0xc0868314   (8577 kB)
+      .text : 0xc0008000 - 0xc0868364   (8577 kB)
       .init : 0xc0869000 - 0xc08ae300   ( 277 kB)
       .data : 0xc08b0000 - 0xc0905620   ( 342 kB)
        .bss : 0xc0905620 - 0xc095ff60   ( 363 kB)
@@ -116,7 +116,7 @@
 Initializing cgroup subsys debug
 CPU: Testing write buffer coherency: ok
 CPU0: thread -1, cpu 0, socket 0, mpidr 80000000
-Setting up static identity map for 0x8061f9a8 - 0x8061fa40
+Setting up static identity map for 0x8061feb0 - 0x8061ff48
 Tegra Revision: A03 SKU: 128 CPU Process: 4 Core Process: 0
 CPU1: Booted secondary processor
 CPU1: thread -1, cpu 1, socket 0, mpidr 80000001
@@ -405,5 +405,5 @@
 Freeing unused kernel memory: 276K (c0869000 - c08ae000)
 bash: cannot set terminal process group (-1): Inappropriate ioctl for device
 bash: no job control in this shell
-root@(none):/# [    4.567205] usb 2-1: new high-speed USB device number 2 using tegra-ehci
+root@(none):/# [    4.567217] usb 2-1: new high-speed USB device number 2 using tegra-ehci
 asix 2-1:1.0 eth1: register 'asix' at usb-7d008000.usb-1, ASIX AX88772 USB 2.0 Ethernet, 00:50:b6:0f:68:6d
Diff for ./tegra30-beaver/tegra30-beaver/tegra_defconfig%tegra30,114_mergeconfig_log.txt
--- /tmp/fooa	2014-10-02 16:08:07.607065050 -0700
+++ /tmp/foob	2014-10-02 16:08:07.611065048 -0700
@@ -36,9 +36,9 @@
 	 #################################################################
 	 #################################################################
 	 ############################################################
-	 3.1 MiB/s
+	 3 MiB/s
 done
-Bytes transferred = 4694072 (47a038 hex)
+Bytes transferred = 4696792 (47aad8 hex)
 Tegra30 (Beaver) # tftpboot 0x82000000 tegra30-beaver.dtb
 Using asx0 device
 TFTP from server 192.168.100.1; our IP address is 192.168.100.101
@@ -49,7 +49,7 @@
 done
 Bytes transferred = 24893 (613d hex)
 Tegra30 (Beaver) # bootz 0x81000000 - 0x82000000
-Kernel image @ 0x81000000 [ 0x000000 - 0x47a038 ]
+Kernel image @ 0x81000000 [ 0x000000 - 0x47aad8 ]
 ## Flattened Device Tree blob at 82000000
    Booting using the fdt blob at 0x82000000
    Loading Device Tree to 8fff6000, end 8ffff13c ... OK
@@ -60,7 +60,7 @@
 Booting Linux on physical CPU 0x0
 Initializing cgroup subsys cpu
 Initializing cgroup subsys cpuacct
-Linux version 3.17.0-rc7-next-20141001-91454-g8953338 (pwalmsley@tamien) (gcc version 4.7.3 20130328 (prerelease) (crosstool-NG linaro-1.13.1-4.7-2013.04-20130415 - Linaro GCC 2013.04) ) #1 SMP PREEMPT Wed Oct 1 10:47:14 PDT 2014
+Linux version 3.17.0-rc7-next-20141002-91612-g7f76a81 (pwalmsley@tamien) (gcc version 4.7.3 20130328 (prerelease) (crosstool-NG linaro-1.13.1-4.7-2013.04-20130415 - Linaro GCC 2013.04) ) #1 SMP PREEMPT Thu Oct 2 16:02:43 PDT 2014
 CPU: ARMv7 Processor [412fc099] revision 9 (ARMv7), cr=10c5387d
 CPU: PIPT / VIPT nonaliasing data cache, VIPT aliasing instruction cache
 Machine model: NVIDIA Tegra30 Beaver evaluation board
@@ -68,7 +68,7 @@
 cma: Reserved 64 MiB at fbc00000
 Memory policy: Data cache writealloc
 On node 0 totalpages: 524032
-free_area_init_node: node 0, pgdat c08fcb80, node_mem_map ee7f7000
+free_area_init_node: node 0, pgdat c08feb80, node_mem_map ee7f7000
   Normal zone: 1520 pages used for memmap
   Normal zone: 0 pages reserved
   Normal zone: 194560 pages, LIFO batch:31
@@ -82,7 +82,7 @@
 PID hash table entries: 4096 (order: 2, 16384 bytes)
 Dentry cache hash table entries: 131072 (order: 7, 524288 bytes)
 Inode-cache hash table entries: 65536 (order: 6, 262144 bytes)
-Memory: 2003540K/2096128K available (6447K kernel code, 337K rwdata, 2108K rodata, 276K init, 362K bss, 92588K reserved, 1252352K highmem)
+Memory: 2003532K/2096128K available (6451K kernel code, 337K rwdata, 2108K rodata, 276K init, 362K bss, 92596K reserved, 1252352K highmem)
 Virtual kernel memory layout:
     vector  : 0xffff0000 - 0xffff1000   (   4 kB)
     fixmap  : 0xffc00000 - 0xffe00000   (2048 kB)
@@ -90,10 +90,10 @@
     lowmem  : 0xc0000000 - 0xef800000   ( 760 MB)
     pkmap   : 0xbfe00000 - 0xc0000000   (   2 MB)
     modules : 0xbf000000 - 0xbfe00000   (  14 MB)
-      .text : 0xc0008000 - 0xc0863128   (8557 kB)
-      .init : 0xc0864000 - 0xc08a9300   ( 277 kB)
-      .data : 0xc08aa000 - 0xc08fe620   ( 338 kB)
-       .bss : 0xc08fe620 - 0xc0958f20   ( 363 kB)
+      .text : 0xc0008000 - 0xc0864178   (8561 kB)
+      .init : 0xc0865000 - 0xc08aa300   ( 277 kB)
+      .data : 0xc08ac000 - 0xc0900620   ( 338 kB)
+       .bss : 0xc0900620 - 0xc095af20   ( 363 kB)
 Preemptible hierarchical RCU implementation.
 NR_IRQS:16 nr_irqs:16 16
 L2C: platform modifies aux control register: 0x02080000 -> 0x3e480001
@@ -116,7 +116,7 @@
 Initializing cgroup subsys debug
 CPU: Testing write buffer coherency: ok
 CPU0: thread -1, cpu 0, socket 0, mpidr 80000000
-Setting up static identity map for 0x8061cec8 - 0x8061cf60
+Setting up static identity map for 0x8061d3d0 - 0x8061d468
 Tegra Revision: A03 SKU: 128 CPU Process: 4 Core Process: 0
 CPU1: Booted secondary processor
 CPU1: thread -1, cpu 1, socket 0, mpidr 80000001
@@ -402,8 +402,8 @@
 EXT3-fs (mmcblk0p1): mounted filesystem with writeback data mode
 VFS: Mounted root (ext3 filesystem) on device 179:1.
 devtmpfs: mounted
-Freeing unused kernel memory: 276K (c0864000 - c08a9000)
+Freeing unused kernel memory: 276K (c0865000 - c08aa000)
 bash: cannot set terminal process group (-1): Inappropriate ioctl for device
 bash: no job control in this shell
-root@(none):/# [    4.567097] usb 2-1: new high-speed USB device number 2 using tegra-ehci
+root@(none):/# [    4.567100] usb 2-1: new high-speed USB device number 2 using tegra-ehci
 asix 2-1:1.0 eth1: register 'asix' at usb-7d008000.usb-1, ASIX AX88772 USB 2.0 Ethernet, 00:50:b6:0f:68:6d
Diff for ./tegra30-beaver/tegra30-beaver/tegra_defconfig%tegra30_mergeconfig_log.txt
--- /tmp/fooa	2014-10-02 16:08:07.615065047 -0700
+++ /tmp/foob	2014-10-02 16:08:07.619065046 -0700
@@ -36,20 +36,20 @@
 	 #################################################################
 	 #################################################################
 	 ############################################################
-	 2.9 MiB/s
+	 3.1 MiB/s
 done
-Bytes transferred = 4690504 (479248 hex)
+Bytes transferred = 4691096 (479498 hex)
 Tegra30 (Beaver) # tftpboot 0x82000000 tegra30-beaver.dtb
 Using asx0 device
 TFTP from server 192.168.100.1; our IP address is 192.168.100.101
 Filename 'tegra30-beaver.dtb'.
 Load address: 0x82000000
 Loading: *##
-	 3 MiB/s
+	 2.6 MiB/s
 done
 Bytes transferred = 24893 (613d hex)
 Tegra30 (Beaver) # bootz 0x81000000 - 0x82000000
-Kernel image @ 0x81000000 [ 0x000000 - 0x479248 ]
+Kernel image @ 0x81000000 [ 0x000000 - 0x479498 ]
 ## Flattened Device Tree blob at 82000000
    Booting using the fdt blob at 0x82000000
    Loading Device Tree to 8fff6000, end 8ffff13c ... OK
@@ -60,7 +60,7 @@
 Booting Linux on physical CPU 0x0
 Initializing cgroup subsys cpu
 Initializing cgroup subsys cpuacct
-Linux version 3.17.0-rc7-next-20141001-91454-g8953338 (pwalmsley@tamien) (gcc version 4.7.3 20130328 (prerelease) (crosstool-NG linaro-1.13.1-4.7-2013.04-20130415 - Linaro GCC 2013.04) ) #1 SMP PREEMPT Wed Oct 1 10:40:58 PDT 2014
+Linux version 3.17.0-rc7-next-20141002-91612-g7f76a81 (pwalmsley@tamien) (gcc version 4.7.3 20130328 (prerelease) (crosstool-NG linaro-1.13.1-4.7-2013.04-20130415 - Linaro GCC 2013.04) ) #1 SMP PREEMPT Thu Oct 2 15:56:46 PDT 2014
 CPU: ARMv7 Processor [412fc099] revision 9 (ARMv7), cr=10c5387d
 CPU: PIPT / VIPT nonaliasing data cache, VIPT aliasing instruction cache
 Machine model: NVIDIA Tegra30 Beaver evaluation board
@@ -90,7 +90,7 @@
     lowmem  : 0xc0000000 - 0xef800000   ( 760 MB)
     pkmap   : 0xbfe00000 - 0xc0000000   (   2 MB)
     modules : 0xbf000000 - 0xbfe00000   (  14 MB)
-      .text : 0xc0008000 - 0xc085f0b0   (8541 kB)
+      .text : 0xc0008000 - 0xc085f100   (8541 kB)
       .init : 0xc0860000 - 0xc08a3300   ( 269 kB)
       .data : 0xc08a4000 - 0xc08f7720   ( 334 kB)
        .bss : 0xc08f7720 - 0xc0951fe0   ( 363 kB)
@@ -116,7 +116,7 @@
 Initializing cgroup subsys debug
 CPU: Testing write buffer coherency: ok
 CPU0: thread -1, cpu 0, socket 0, mpidr 80000000
-Setting up static identity map for 0x8061ca90 - 0x8061cb28
+Setting up static identity map for 0x8061cf98 - 0x8061d030
 Tegra Revision: A03 SKU: 128 CPU Process: 4 Core Process: 0
 CPU1: Booted secondary processor
 CPU1: thread -1, cpu 1, socket 0, mpidr 80000001
@@ -405,5 +405,5 @@
 Freeing unused kernel memory: 268K (c0860000 - c08a3000)
 bash: cannot set terminal process group (-1): Inappropriate ioctl for device
 bash: no job control in this shell
-root@(none):/# [    4.567096] usb 2-1: new high-speed USB device number 2 using tegra-ehci
+root@(none):/# [    4.567091] usb 2-1: new high-speed USB device number 2 using tegra-ehci
 asix 2-1:1.0 eth1: register 'asix' at usb-7d008000.usb-1, ASIX AX88772 USB 2.0 Ethernet, 00:50:b6:0f:68:6d
