
U-Boot SPL 2014.01-00219-gc4d376f (Feb 18 2014 - 19:57:32)


U-Boot 2014.01-00219-gc4d376f (Feb 18 2014 - 19:57:32)

TEGRA114
Board: NVIDIA Dalmore
I2C:   ready
DRAM:  2 GiB
MMC:   Tegra SD/MMC: 0, Tegra SD/MMC: 1
In:    serial
Out:   serial
Err:   serial
Net:   Net Initialization Skipped
No ethernet found.
Hit any key to stop autoboot:  2  0 
Tegra114 (Dalmore) # 
Tegra114 (Dalmore) # usb reset
(Re)start USB...
USB0:   USB EHCI 1.10
scanning bus 0 for devices... 2 USB Device(s) found
       scanning usb for storage devices... 0 Storage Device(s) found
       scanning usb for ethernet devices... 
Warning: asx0 using MAC address from net device
1 Ethernet Device(s) found
Tegra114 (Dalmore) # setenv bootargs 'ignore_loglevel console=ttyS0,115200n8 rw root=PARTUUID=7369c667-ff51-ec4a-29cd-baabf2fbe346 rootwait gpt debug earlyprintk init=/bin/bash'
Tegra114 (Dalmore) # setenv ipaddr 192.168.100.100; setenv serverip 192.168.100.1; setenv tftpserverip 192.168.100.1
Tegra114 (Dalmore) # tftpboot 0x81000000 zImage.multi_v7_defconfig
Using asx0 device
TFTP from server 192.168.100.1; our IP address is 192.168.100.100
Filename 'zImage.multi_v7_defconfig'.
Load address: 0x81000000
Loading: *#################################################################
	 #################################################################
	 #################################################################
	 #################################################################
	 #################################################################
	 #################################################################
	 #################################################################
	 #################################################################
	 ################################
	 3.2 MiB/s
done
Bytes transferred = 8098304 (7b9200 hex)
Tegra114 (Dalmore) # tftpboot 0x82000000 tegra114-dalmore.dtb
Using asx0 device
TFTP from server 192.168.100.1; our IP address is 192.168.100.100
Filename 'tegra114-dalmore.dtb'.
Load address: 0x82000000
Loading: *###
	 2.5 MiB/s
done
Bytes transferred = 34502 (86c6 hex)
Tegra114 (Dalmore) # bootz 0x81000000 - 0x82000000
Kernel image @ 0x81000000 [ 0x000000 - 0x7b9200 ]
## Flattened Device Tree blob at 82000000
   Booting using the fdt blob at 0x82000000
   Loading Device Tree to 8fff4000, end 8ffff6c5 ... OK

Starting kernel ...

[    0.000000] Booting Linux on physical CPU 0x0
[    0.000000] Linux version 4.15.0-rc7-next-20180109-344141-g06d41862286a (jonathanh@tamien) (gcc version 4.7.3 20130328 (prerelease) (crosstool-NG linaro-1.13.1-4.7-2013.04-20130415 - Linaro GCC 2013.04)) #1 SMP Mon Jan 8 21:50:00 PST 2018
[    0.000000] CPU: ARMv7 Processor [412fc0f2] revision 2 (ARMv7), cr=10c5387d
[    0.000000] CPU: div instructions available: patching division code
[    0.000000] CPU: PIPT / VIPT nonaliasing data cache, PIPT instruction cache
[    0.000000] OF: fdt: Machine model: NVIDIA Tegra114 Dalmore evaluation board
[    0.000000] debug: ignoring loglevel setting.
[    0.000000] Memory policy: Data cache writealloc
[    0.000000] efi: Getting EFI parameters from FDT:
[    0.000000] efi: UEFI not found.
[    0.000000] cma: Reserved 64 MiB at 0xfb800000
[    0.000000] On node 0 totalpages: 524032
[    0.000000]   DMA zone: 1536 pages used for memmap
[    0.000000]   DMA zone: 0 pages reserved
[    0.000000]   DMA zone: 196608 pages, LIFO batch:31
[    0.000000]   HighMem zone: 327424 pages, LIFO batch:31
[    0.000000] random: fast init done
[    0.000000] percpu: Embedded 17 pages/cpu @(ptrval) s39040 r8192 d22400 u69632
[    0.000000] pcpu-alloc: s39040 r8192 d22400 u69632 alloc=17*4096
[    0.000000] pcpu-alloc: [0] 0 [0] 1 [0] 2 [0] 3 
[    0.000000] Built 1 zonelists, mobility grouping on.  Total pages: 522496
[    0.000000] Kernel command line: ignore_loglevel console=ttyS0,115200n8 rw root=PARTUUID=7369c667-ff51-ec4a-29cd-baabf2fbe346 rootwait gpt debug earlyprintk init=/bin/bash
[    0.000000] Dentry cache hash table entries: 131072 (order: 7, 524288 bytes)
[    0.000000] Inode-cache hash table entries: 65536 (order: 6, 262144 bytes)
[    0.000000] Memory: 1992584K/2096128K available (11264K kernel code, 1563K rwdata, 4328K rodata, 2048K init, 405K bss, 38008K reserved, 65536K cma-reserved, 1244160K highmem)
[    0.000000] Virtual kernel memory layout:
[    0.000000]     vector  : 0xffff0000 - 0xffff1000   (   4 kB)
[    0.000000]     fixmap  : 0xffc00000 - 0xfff00000   (3072 kB)
[    0.000000]     vmalloc : 0xf0800000 - 0xff800000   ( 240 MB)
[    0.000000]     lowmem  : 0xc0000000 - 0xf0000000   ( 768 MB)
[    0.000000]     pkmap   : 0xbfe00000 - 0xc0000000   (   2 MB)
[    0.000000]     modules : 0xbf000000 - 0xbfe00000   (  14 MB)
[    0.000000]       .text : 0x(ptrval) - 0x(ptrval)   (12256 kB)
[    0.000000]       .init : 0x(ptrval) - 0x(ptrval)   (2048 kB)
[    0.000000]       .data : 0x(ptrval) - 0x(ptrval)   (1564 kB)
[    0.000000]        .bss : 0x(ptrval) - 0x(ptrval)   ( 406 kB)
[    0.000000] SLUB: HWalign=64, Order=0-3, MinObjects=0, CPUs=4, Nodes=1
[    0.000000] Hierarchical RCU implementation.
[    0.000000] 	RCU event tracing is enabled.
[    0.000000] 	RCU restricting CPUs from NR_CPUS=16 to nr_cpu_ids=4.
[    0.000000] RCU: Adjusting geometry for rcu_fanout_leaf=16, nr_cpu_ids=4
[    0.000000] NR_IRQS: 16, nr_irqs: 16, preallocated irqs: 16
[    0.000000] /interrupt-controller@60004000: 160 interrupts forwarded to /interrupt-controller@50041000
[    0.000000] Tegra clk 127: register failed with -17
[    0.000008] sched_clock: 32 bits at 1000kHz, resolution 1000ns, wraps every 2147483647500ns
[    0.000028] clocksource: timer_us: mask: 0xffffffff max_cycles: 0xffffffff, max_idle_ns: 1911260446275 ns
[    0.000044] Switching to timer-based delay loop, resolution 1000ns
[    0.003302] arch_timer: cp15 timer(s) running at 12.00MHz (virt).
[    0.003322] clocksource: arch_sys_counter: mask: 0xffffffffffffff max_cycles: 0x2c47f4ee7, max_idle_ns: 440795202497 ns
[    0.003341] sched_clock: 56 bits at 12MHz, resolution 83ns, wraps every 4398046511096ns
[    0.003355] Switching to timer-based delay loop, resolution 83ns
[    0.003759] Console: colour dummy device 80x30
[    0.003795] Calibrating delay loop (skipped), value calculated using timer frequency.. 24.00 BogoMIPS (lpj=120000)
[    0.003815] pid_max: default: 32768 minimum: 301
[    0.003936] Mount-cache hash table entries: 2048 (order: 1, 8192 bytes)
[    0.003952] Mountpoint-cache hash table entries: 2048 (order: 1, 8192 bytes)
[    0.004469] CPU: Testing write buffer coherency: ok
[    0.004728] /cpus/cpu@0 missing clock-frequency property
[    0.004761] /cpus/cpu@1 missing clock-frequency property
[    0.004792] /cpus/cpu@2 missing clock-frequency property
[    0.004824] /cpus/cpu@3 missing clock-frequency property
[    0.004838] CPU0: thread -1, cpu 0, socket 0, mpidr 80000000
[    0.005150] Setting up static identity map for 0x80300000 - 0x803000a0
[    0.006406] Hierarchical SRCU implementation.
[    0.007571] brcmstb: biuctrl: missing BIU control node
[    0.007581] brcmstb: biuctrl: MCP: Unable to disable write pairing!
[    0.008516] Tegra Revision: A01 SKU: 0 CPU Process: 1 SoC Process: 0
[    0.009229] EFI services will not be available.
[    0.009392] smp: Bringing up secondary CPUs ...
[    0.009993] CPU1: thread -1, cpu 1, socket 0, mpidr 80000001
[    0.010677] CPU2: thread -1, cpu 2, socket 0, mpidr 80000002
[    0.011355] CPU3: thread -1, cpu 3, socket 0, mpidr 80000003
[    0.011460] smp: Brought up 1 node, 4 CPUs
[    0.011483] SMP: Total of 4 processors activated (96.00 BogoMIPS).
[    0.011492] CPU: All CPU(s) started in SVC mode.
[    0.013009] devtmpfs: initialized
[    0.021997] Built 1 zonelists, mobility grouping on.  Total pages: 514530
[    0.022325] VFP support v0.3: implementor 41 architecture 4 part 30 variant f rev 0
[    0.022649] clocksource: jiffies: mask: 0xffffffff max_cycles: 0xffffffff, max_idle_ns: 19112604462750000 ns
[    0.022670] futex hash table entries: 1024 (order: 4, 65536 bytes)
[    0.022863] pinctrl core: initialized pinctrl subsystem
[    0.024163] DMI not present or invalid.
[    0.024425] NET: Registered protocol family 16
[    0.026496] DMA: preallocated 256 KiB pool for atomic coherent allocations
[    0.028563] cpuidle: using governor menu
[    0.050045] No ATAGs?
[    0.050179] hw-breakpoint: found 5 (+1 reserved) breakpoint and 4 watchpoint registers.
[    0.050196] hw-breakpoint: maximum watchpoint size is 8 bytes.
[    0.055297] Serial: AMBA PL011 UART driver
[    0.056217] tegra-mc 70019000.memory-controller: no memory timings for RAM code 3 registered
[    0.056397] iommu: Adding device 54200000.dc to group 0
[    0.056455] iommu: Adding device 54240000.dc to group 0
[    0.070386] AT91: Could not find identification node
[    0.070870] dvdd_ts: Failed to request enable GPIO61: -517
[    0.070893] reg-fixed-voltage regulators:regulator@1: Failed to register regulator: -517
[    0.071001] usb1_vbus: Failed to request enable GPIO108: -517
[    0.071017] reg-fixed-voltage regulators:regulator@3: Failed to register regulator: -517
[    0.071121] usb2_vbus: Failed to request enable GPIO86: -517
[    0.071136] reg-fixed-voltage regulators:regulator@4: Failed to register regulator: -517
[    0.071559] VDD_5V0_HDMI_CON: Failed to request enable GPIO81: -517
[    0.071574] reg-fixed-voltage regulators:regulator@7: Failed to register regulator: -517
[    0.074052] vgaarb: loaded
[    0.074751] SCSI subsystem initialized
[    0.074934] libata version 3.00 loaded.
[    0.075136] usbcore: registered new interface driver usbfs
[    0.075186] usbcore: registered new interface driver hub
[    0.075262] usbcore: registered new device driver usb
[    0.078515] tps65090 2-0048: No cache defaults, reading back from HW
[    0.080429] TPS65090_RAILSDCDC1: supplied by vdd_ac_bat
[    0.081484] TPS65090_RAILSDCDC2: supplied by vdd_ac_bat
[    0.082543] TPS65090_RAILSDCDC3: supplied by vdd_ac_bat
[    0.083061] TPS65090_RAILSFET1: supplied by vdd_ac_bat
[    0.083463] TPS65090_RAILSFET2: supplied by vdd_ac_bat
[    0.083807] TPS65090_RAILSFET3: supplied by vdd-sys-3v3
[    0.084323] TPS65090_RAILSFET4: supplied by vdd-sys-3v3
[    0.084843] TPS65090_RAILSFET5: supplied by vdd-sys-3v3
[    0.085356] TPS65090_RAILSFET6: supplied by vdd-sys-3v3
[    0.086185] TPS65090_RAILSFET7: supplied by vdd-sys-3v3
[    0.086698] TPS65090_RAILSLDO1: supplied by vdd_ac_bat
[    0.086894] TPS65090_RAILSLDO2: supplied by vdd_ac_bat
[    0.087805] palmas 2-0058: Irq flag is 0x00000004
[    0.089771] palmas 2-0058: Muxing GPIO ff, PWM 0, LED 0
[    0.092259] SMPS12: supplied by vdd-ao
[    0.093265] vdd_hdmi_5v0: supplied by vdd-sys-5v0
[    0.094119] SMPS3: supplied by vdd-ao
[    0.095853] SMPS457: supplied by vdd-sys-3v3
[    0.097485] SMPS6: supplied by regulator-dummy
[    0.098880] SMPS8: supplied by vdd-sys-3v3
[    0.100464] SMPS9: supplied by vdd-sys-3v3
[    0.100985] sdhci-vdd-sd-slot: Bringing 2840000uV into 2800000-2800000uV
[    0.102366] SMPS10_OUT2: supplied by regulator-dummy
[    0.103194] SMPS10_OUT1: supplied by regulator-dummy
[    0.104091] LDO1: supplied by vdd-sys-3v3
[    0.105197] LDO2: supplied by vdd-sys-3v3
[    0.106313] LDO3: supplied by vddio-1v8
[    0.107415] LDO4: supplied by vdd-sys-3v3
[    0.108531] LDO5: supplied by vdd_ac_bat
[    0.109217] LDO6: supplied by vdd-sys-3v3
[    0.109734] vdd-sensor-2v85: Bringing 2900000uV into 2850000-2850000uV
[    0.111065] LDO7: supplied by vdd-sys-3v3
[    0.112707] LDO8: supplied by vdd-ao
[    0.113228] vdd-rtc: Bringing 675000uV into 900000-900000uV
[    0.124051] LDO9: supplied by sdhci-vdd-sd-slot
[    0.134366] LDOLN: supplied by vdd-sys-5v0
[    0.135484] LDOUSB: supplied by vdd-sys-5v0
[    0.146767] pps_core: LinuxPPS API ver. 1 registered
[    0.146779] pps_core: Software ver. 5.3.6 - Copyright 2005-2007 Rodolfo Giometti <giometti@linux.it>
[    0.146802] PTP clock support registered
[    0.146988] EDAC MC: Ver: 3.0.0
[    0.149191] clocksource: Switched to clocksource arch_sys_counter
[    0.201900] NET: Registered protocol family 2
[    0.202423] tcp_listen_portaddr_hash hash table entries: 512 (order: 0, 6144 bytes)
[    0.202455] TCP established hash table entries: 8192 (order: 3, 32768 bytes)
[    0.202554] TCP bind hash table entries: 8192 (order: 4, 65536 bytes)
[    0.202741] TCP: Hash tables configured (established 8192 bind 8192)
[    0.202829] UDP hash table entries: 512 (order: 2, 16384 bytes)
[    0.202874] UDP-Lite hash table entries: 512 (order: 2, 16384 bytes)
[    0.203025] NET: Registered protocol family 1
[    0.203364] RPC: Registered named UNIX socket transport module.
[    0.203374] RPC: Registered udp transport module.
[    0.203383] RPC: Registered tcp transport module.
[    0.203393] RPC: Registered tcp NFSv4.1 backchannel transport module.
[    0.203406] PCI: CLS 0 bytes, default 64
[    0.205585] Initialise system trusted keyrings
[    0.205723] workingset: timestamp_bits=30 max_order=19 bucket_order=0
[    0.212506] squashfs: version 4.0 (2009/01/31) Phillip Lougher
[    0.213099] NFS: Registering the id_resolver key type
[    0.213121] Key type id_resolver registered
[    0.213131] Key type id_legacy registered
[    0.213174] ntfs: driver 2.1.32 [Flags: R/O].
[    0.214851] Key type asymmetric registered
[    0.214863] Asymmetric key parser 'x509' registered
[    0.214917] bounce: pool size: 64 pages
[    0.214965] Block layer SCSI generic (bsg) driver version 0.4 loaded (major 246)
[    0.214976] io scheduler noop registered
[    0.214987] io scheduler deadline registered
[    0.215213] io scheduler cfq registered (default)
[    0.215225] io scheduler mq-deadline registered
[    0.215236] io scheduler kyber registered
[    0.247690] tegra-apbdma 6000a000.dma: Tegra20 APB DMA driver register 32 channels
[    0.250707] tegra-pmc 7000e400.pmc: i2c-thermtrip node not found, emergency thermal reset disabled.
[    0.302778] Serial: 8250/16550 driver, 4 ports, IRQ sharing disabled
[    0.305463] console [ttyS0] disabled
[    0.305506] 70006300.serial: ttyS0 at MMIO 0x70006300 (irq = 329, base_baud = 25500000) is a Tegra
[    1.349264] console [ttyS0] enabled
[    1.353530] SuperH (H)SCI(F) driver initialized
[    1.359049] msm_serial: driver initialized
[    1.363344] STMicroelectronics ASC driver initialized
[    1.373731] Failed to attached device 54200000.dc to IOMMU_mapping
[    1.388132] Failed to attached device 54240000.dc to IOMMU_mapping
[    1.403019] tegra-hdmi 54280000.hdmi: failed to get HDMI regulator
[    1.425388] brd: module loaded
[    1.435152] loop: module loaded
[    1.455321] m25p80 spi0.0: w25q32dw (4096 Kbytes)
[    1.462680] libphy: Fixed MDIO Bus: probed
[    1.467738] CAN device driver interface
[    1.472514] bgmac_bcma: Broadcom 47xx GBit MAC driver loaded
[    1.479398] e1000e: Intel(R) PRO/1000 Network Driver - 3.2.6-k
[    1.485221] e1000e: Copyright(c) 1999 - 2015 Intel Corporation.
[    1.491198] igb: Intel(R) Gigabit Ethernet Network Driver - version 5.4.0-k
[    1.498147] igb: Copyright (c) 2007-2014 Intel Corporation.
[    1.507256] pegasus: v0.9.3 (2013/04/25), Pegasus/Pegasus II USB Ethernet driver
[    1.514706] usbcore: registered new interface driver pegasus
[    1.520412] usbcore: registered new interface driver asix
[    1.525832] usbcore: registered new interface driver ax88179_178a
[    1.531969] usbcore: registered new interface driver cdc_ether
[    1.537839] usbcore: registered new interface driver smsc75xx
[    1.543634] usbcore: registered new interface driver smsc95xx
[    1.549420] usbcore: registered new interface driver net1080
[    1.555099] usbcore: registered new interface driver cdc_subset
[    1.561053] usbcore: registered new interface driver zaurus
[    1.566665] usbcore: registered new interface driver cdc_ncm
[    1.572558] tegra-phy 7d000000.usb-phy: no vbus regulator
[    1.579998] ehci_hcd: USB 2.0 'Enhanced' Host Controller (EHCI) Driver
[    1.586519] ehci-pci: EHCI PCI platform driver
[    1.591008] ehci-platform: EHCI generic platform driver
[    1.596410] ehci-orion: EHCI orion driver
[    1.600576] SPEAr-ehci: EHCI SPEAr driver
[    1.604709] ehci-st: EHCI STMicroelectronics driver
[    1.609727] ehci-exynos: EHCI EXYNOS driver
[    1.614055] ehci-atmel: EHCI Atmel driver
[    1.618183] tegra-ehci: Tegra EHCI driver
[    1.622503] ohci_hcd: USB 1.1 'Open' Host Controller (OHCI) Driver
[    1.628685] ohci-pci: OHCI PCI platform driver
[    1.633179] ohci-platform: OHCI generic platform driver
[    1.638562] SPEAr-ohci: OHCI SPEAr driver
[    1.642710] ohci-st: OHCI STMicroelectronics driver
[    1.647708] ohci-atmel: OHCI Atmel driver
[    1.652411] usbcore: registered new interface driver usb-storage
[    1.671153] palmas-rtc 7000d000.i2c:tps65913@58:rtc: rtc core: registered 7000d000.i2c:tps65913@58:rtc as rtc0
[    1.682951] tegra_rtc 7000e000.rtc: rtc core: registered 7000e000.rtc as rtc1
[    1.690142] tegra_rtc 7000e000.rtc: Tegra internal Real Time Clock
[    1.696830] i2c /dev entries driver
[    1.706827] sbs-battery 0-000b: sbs_probe: Failed to get device status
[    1.713389] sbs-battery: probe of 0-000b failed with error -121
[    1.729842] sdhci: Secure Digital Host Controller Interface driver
[    1.736013] sdhci: Copyright(c) Pierre Ossman
[    1.741933] Synopsys Designware Multimedia Card Interface Driver
[    1.749315] sdhci-pltfm: SDHCI platform and OF driver helper
[    1.755697] sdhci-tegra 78000400.sdhci: Got CD GPIO
[    1.760611] sdhci-tegra 78000400.sdhci: Got WP GPIO
[    1.773720] mmc0: Invalid maximum block size, assuming 512 bytes
[    1.810824] mmc0: SDHCI controller on 78000400.sdhci [78000400.sdhci] using ADMA
[    1.823434] mmc1: Invalid maximum block size, assuming 512 bytes
[    1.860447] mmc1: SDHCI controller on 78000600.sdhci [78000600.sdhci] using ADMA
[    1.869888] ledtrig-cpu: registered to indicate activity on CPUs
[    1.876262] usbcore: registered new interface driver usbhid
[    1.881846] usbhid: USB HID core driver
[    1.889625] NET: Registered protocol family 10
[    1.894985] Segment Routing with IPv6
[    1.898706] sit: IPv6, IPv4 and MPLS over IPv4 tunneling driver
[    1.905182] NET: Registered protocol family 17
[    1.909657] can: controller area network core (rev 20170425 abi 9)
[    1.915886] NET: Registered protocol family 29
[    1.920341] can: raw protocol (rev 20170425)
[    1.924606] can: broadcast manager protocol (rev 20170425 t)
[    1.930280] can: netlink gateway (rev 20170425) max_hops=1
[    1.936048] Key type dns_resolver registered
[    1.940845] ThumbEE CPU extension supported.
[    1.945116] Registering SWP/SWPB emulation handler
[    1.950472] Loading compiled-in X.509 certificates
[    1.962230] mmc0: new high speed SDHC card at address aaaa
[    1.968435] mmcblk0: mmc0:aaaa SL16G 14.8 GiB 
[    1.970366] usb1_vbus: supplied by vdd-sys-5v0
[    1.978203] usb2_vbus: supplied by vdd-sys-5v0
[    1.985912] VDD_5V0_HDMI_CON: supplied by vdd-sys-5v0
[    1.997518]  mmcblk0: p1 p2 p3
[    2.001188] [drm] Supports vblank timestamp caching Rev 2 (21.10.2013).
[    2.007764] mmc1: new high speed MMC card at address 0001
[    2.008491] mmcblk1: mmc1:0001 SEM32G 29.1 GiB 
[    2.008930] mmcblk1boot0: mmc1:0001 SEM32G partition 1 4.00 MiB
[    2.009479] mmcblk1boot1: mmc1:0001 SEM32G partition 2 4.00 MiB
[    2.009844] mmcblk1rpmb: mmc1:0001 SEM32G partition 3 4.00 MiB, chardev (236:0)
[    2.012699]  mmcblk1: p1 p2 p3 p4 p5 p6 p7 p8
[    2.041331] [drm] No driver support for vblank timestamp query.
[    2.142402] Console: switching to colour frame buffer device 240x75
[    2.182052] drm drm: fb0:  frame buffer device
[    2.186646] [drm] Initialized tegra 0.0.0 20120330 for drm on minor 0
[    2.196592] tegra-ehci 7d008000.usb: EHCI Host Controller
[    2.202043] tegra-ehci 7d008000.usb: new USB bus registered, assigned bus number 1
[    2.209927] alloc_contig_range: [fb84b, fb84c) PFNs busy
[    2.215427] alloc_contig_range: [fb850, fb851) PFNs busy
[    2.220964] alloc_contig_range: [fb851, fb852) PFNs busy
[    2.226528] alloc_contig_range: [fb852, fb853) PFNs busy
[    2.232062] alloc_contig_range: [fb853, fb854) PFNs busy
[    2.237555] alloc_contig_range: [fb854, fb855) PFNs busy
[    2.243154] alloc_contig_range: [fb855, fb856) PFNs busy
[    2.248647] alloc_contig_range: [fb856, fb857) PFNs busy
[    2.254160] alloc_contig_range: [fb857, fb858) PFNs busy
[    2.259756] alloc_contig_range: [fb858, fb859) PFNs busy
[    3.375797] tegra-ehci 7d008000.usb: irq 340, io mem 0x7d008000
[    3.409318] tegra-ehci 7d008000.usb: USB 2.0 started, EHCI 1.10
[    3.416346] hub 1-0:1.0: USB hub found
[    3.420220] hub 1-0:1.0: 1 port detected
[    3.426000] input: gpio-keys as /devices/soc0/gpio-keys/input/input0
[    3.435025] palmas-rtc 7000d000.i2c:tps65913@58:rtc: setting system clock to 2000-06-01 12:56:50 UTC (959864210)
[    3.451382] dvdd_ts: disabling
[    3.454442] usb1_vbus: disabling
[    3.457668] vdd_cam_1v8_reg: disabling
[    3.463318] EXT4-fs (mmcblk1p1): mounting ext3 file system using the ext4 subsystem
[    3.493961] print_req_error: I/O error, dev mmcblk1, sector 8179832
[    3.500426] print_req_error: I/O error, dev mmcblk1, sector 8180008
[    3.506778] JBD2: Failed to read block at offset 34
[    3.511797] JBD2: recovery failed
[    3.515114] EXT4-fs (mmcblk1p1): error loading journal
[    3.520871] VFS: Cannot open root device "PARTUUID=7369c667-ff51-ec4a-29cd-baabf2fbe346" or unknown-block(179,17): error -5
[    3.532057] Please append a correct "root=" boot option; here are the available partitions:
[    3.540451] 0100           65536 ram0 
[    3.540458]  (driver?)
[    3.546573] 0101           65536 ram1 
[    3.546579]  (driver?)
[    3.552733] 0102           65536 ram2 
[    3.552739]  (driver?)
[    3.558849] 0103           65536 ram3 
[    3.558856]  (driver?)
[    3.565010] 0104           65536 ram4 
[    3.565017]  (driver?)
[    3.571165] 0105           65536 ram5 
[    3.571173]  (driver?)
[    3.577294] 0106           65536 ram6 
[    3.577301]  (driver?)
[    3.583457] 0107           65536 ram7 
[    3.583464]  (driver?)
[    3.589624] 0108           65536 ram8 
[    3.589633]  (driver?)
[    3.595742] 0109           65536 ram9 
[    3.595749]  (driver?)
[    3.601882] 010a           65536 ram10 
[    3.601889]  (driver?)
[    3.608085] 010b           65536 ram11 
[    3.608092]  (driver?)
[    3.614332] 010c           65536 ram12 
[    3.614339]  (driver?)
[    3.620573] 010d           65536 ram13 
[    3.620580]  (driver?)
[    3.626778] 010e           65536 ram14 
[    3.626784]  (driver?)
[    3.633025] 010f           65536 ram15 
[    3.633031]  (driver?)
[    3.639282] 1f00            4096 mtdblock0 
[    3.639291]  (driver?)
[    3.645837] b300        15558144 mmcblk0 
[    3.645844]  driver: mmcblk
[    3.652689]   b301         1048576 mmcblk0p1 0813406d-6d90-4cda-823f-f65051837ddc
[    3.652695] 
[    3.661708]   b302         1048576 mmcblk0p2 e9704032-2b24-46e3-a164-30a5a88fa943
[    3.661714] 
[    3.670730]   b303            9216 mmcblk0p3 2e107c2e-03e7-4808-9055-306f4ac8aa07
[    3.670736] 
[    3.679747] b310        30535680 mmcblk1 
[    3.679756]  driver: mmcblk
[    3.686561]   b311         8388608 mmcblk1p1 7369c667-ff51-ec4a-29cd-baabf2fbe346
[    3.686568] 
[    3.695586]   b312            4096 mmcblk1p2 f854c27c-e81b-8de7-765a-2e63339fc99a
[    3.695592] 
[    3.704611]   b313           65536 mmcblk1p3 b70d3266-5831-5aa3-255d-051758e95ed4
[    3.704617] 
[    3.713631]   b314            4096 mmcblk1p4 c6cdb2ab-b49b-1154-0e82-7441213ddc87
[    3.713638] 
[    3.722652]   b315            4096 mmcblk1p5 a13ee970-e141-67fc-3e01-7e97eadc6b96
[    3.722659] 
[    3.731674]   b316            4096 mmcblk1p6 2a5c388f-b0ec-fb3b-32af-3c54ec18db5c
[    3.731680] 
[    3.740699]   b317            4096 mmcblk1p7 43fe1a02-fafb-3aaa-fb29-d1e6053c7c94
[    3.740708] 
[    3.749725]   b318        22034432 mmcblk1p8 61bed875-f989-bb5c-a899-0f95b1ebf1b3
[    3.749733] 
[    3.758709] b330            4096 mmcblk1boot1 
[    3.758716]  (driver?)
[    3.765561] b320            4096 mmcblk1boot0 
[    3.765568]  (driver?)
[    3.772421] Kernel panic - not syncing: VFS: Unable to mount root fs on unknown-block(179,17)
[    3.780949] CPU: 1 PID: 1 Comm: swapper/0 Not tainted 4.15.0-rc7-next-20180109-344141-g06d41862286a #1
[    3.790250] Hardware name: NVIDIA Tegra SoC (Flattened Device Tree)
[    3.796534] [<c0311070>] (unwind_backtrace) from [<c030c714>] (show_stack+0x10/0x14)
[    3.804292] [<c030c714>] (show_stack) from [<c0cf9d24>] (dump_stack+0x84/0xa4)
[    3.811518] [<c0cf9d24>] (dump_stack) from [<c0343268>] (panic+0xd0/0x274)
[    3.818395] [<c0343268>] (panic) from [<c13011a0>] (mount_block_root+0x180/0x288)
[    3.825893] [<c13011a0>] (mount_block_root) from [<c13014c4>] (mount_root+0x108/0x12c)
[    3.833807] [<c13014c4>] (mount_root) from [<c130164c>] (prepare_namespace+0x164/0x1c4)
[    3.841826] [<c130164c>] (prepare_namespace) from [<c1300e48>] (kernel_init_freeable+0x18c/0x1d0)
[    3.850695] [<c1300e48>] (kernel_init_freeable) from [<c0d0d954>] (kernel_init+0x8/0x114)
[    3.858887] [<c0d0d954>] (kernel_init) from [<c03010e8>] (ret_from_fork+0x14/0x2c)
[    3.866455] Exception stack(0xee0b9fb0 to 0xee0b9ff8)
[    3.871513] 9fa0:                                     00000000 00000000 00000000 00000000
[    3.879692] 9fc0: 00000000 00000000 00000000 00000000 00000000 00000000 00000000 00000000
[    3.887870] 9fe0: 00000000 00000000 00000000 00000000 00000013 00000000
[    3.894554] CPU3: stopping
[    3.897267] CPU: 3 PID: 0 Comm: swapper/3 Not tainted 4.15.0-rc7-next-20180109-344141-g06d41862286a #1
[    3.906558] Hardware name: NVIDIA Tegra SoC (Flattened Device Tree)
[    3.912835] [<c0311070>] (unwind_backtrace) from [<c030c714>] (show_stack+0x10/0x14)
[    3.920574] [<c030c714>] (show_stack) from [<c0cf9d24>] (dump_stack+0x84/0xa4)
[    3.927793] [<c0cf9d24>] (dump_stack) from [<c030f62c>] (handle_IPI+0x190/0x2b0)
[    3.935184] [<c030f62c>] (handle_IPI) from [<c064c630>] (gic_handle_irq+0x94/0xa0)
[    3.942747] [<c064c630>] (gic_handle_irq) from [<c0301a0c>] (__irq_svc+0x6c/0x90)
[    3.950217] Exception stack(0xee0e1f38 to 0xee0e1f80)
[    3.955260] 1f20:                                                       00000000 00000005
[    3.963427] 1f40: 000002c4 00000008 00000001 c15301d8 00000003 00000001 c167c050 c1452178
[    3.971594] 1f60: eefd6180 00000001 c0b8c8f0 ee0e1f88 c0b39920 c0b39a0c 60000113 ffffffff
[    3.979766] [<c0301a0c>] (__irq_svc) from [<c0b39a0c>] (cpuidle_enter_state+0x1b4/0x32c)
[    3.987853] [<c0b39a0c>] (cpuidle_enter_state) from [<c037d608>] (do_idle+0x184/0x204)
[    3.995761] [<c037d608>] (do_idle) from [<c037d8e0>] (cpu_startup_entry+0x18/0x1c)
[    4.003322] [<c037d8e0>] (cpu_startup_entry) from [<803024ec>] (0x803024ec)
[    4.010274] CPU2: stopping
[    4.012984] CPU: 2 PID: 0 Comm: swapper/2 Not tainted 4.15.0-rc7-next-20180109-344141-g06d41862286a #1
[    4.022274] Hardware name: NVIDIA Tegra SoC (Flattened Device Tree)
[    4.028544] [<c0311070>] (unwind_backtrace) from [<c030c714>] (show_stack+0x10/0x14)
[    4.036282] [<c030c714>] (show_stack) from [<c0cf9d24>] (dump_stack+0x84/0xa4)
[    4.043498] [<c0cf9d24>] (dump_stack) from [<c030f62c>] (handle_IPI+0x190/0x2b0)
[    4.050889] [<c030f62c>] (handle_IPI) from [<c064c630>] (gic_handle_irq+0x94/0xa0)
[    4.058451] [<c064c630>] (gic_handle_irq) from [<c0301a0c>] (__irq_svc+0x6c/0x90)
[    4.065921] Exception stack(0xee0dff38 to 0xee0dff80)
[    4.070965] ff20:                                                       00000000 00000005
[    4.079133] ff40: 000002c5 00000008 00000001 c15301d8 00000002 00000001 c167c050 c1452178
[    4.087300] ff60: eefc5180 00000001 00000000 ee0dff88 c0b39920 c0b39a0c 60000113 ffffffff
[    4.095472] [<c0301a0c>] (__irq_svc) from [<c0b39a0c>] (cpuidle_enter_state+0x1b4/0x32c)
[    4.103556] [<c0b39a0c>] (cpuidle_enter_state) from [<c037d608>] (do_idle+0x184/0x204)
[    4.111464] [<c037d608>] (do_idle) from [<c037d8e0>] (cpu_startup_entry+0x18/0x1c)
[    4.119024] [<c037d8e0>] (cpu_startup_entry) from [<803024ec>] (0x803024ec)
[    4.125975] CPU0: stopping
[    4.128685] CPU: 0 PID: 0 Comm: swapper/0 Not tainted 4.15.0-rc7-next-20180109-344141-g06d41862286a #1
[    4.137975] Hardware name: NVIDIA Tegra SoC (Flattened Device Tree)
[    4.144244] [<c0311070>] (unwind_backtrace) from [<c030c714>] (show_stack+0x10/0x14)
[    4.151981] [<c030c714>] (show_stack) from [<c0cf9d24>] (dump_stack+0x84/0xa4)
[    4.159196] [<c0cf9d24>] (dump_stack) from [<c030f62c>] (handle_IPI+0x190/0x2b0)
[    4.166586] [<c030f62c>] (handle_IPI) from [<c064c630>] (gic_handle_irq+0x94/0xa0)
[    4.174149] [<c064c630>] (gic_handle_irq) from [<c0301a0c>] (__irq_svc+0x6c/0x90)
[    4.181618] Exception stack(0xc1501f00 to 0xc1501f48)
[    4.186667] 1f00: 00000000 00000005 000002c3 00000008 00000001 c15301d8 00000000 00000001
[    4.194835] 1f20: c167c050 c1452178 eefa3180 00000001 c0b8c8f0 c1501f50 c0b39920 c0b39a0c
[    4.202998] 1f40: 60000113 ffffffff
[    4.206488] [<c0301a0c>] (__irq_svc) from [<c0b39a0c>] (cpuidle_enter_state+0x1b4/0x32c)
[    4.214570] [<c0b39a0c>] (cpuidle_enter_state) from [<c037d608>] (do_idle+0x184/0x204)
[    4.222478] [<c037d608>] (do_idle) from [<c037d8e0>] (cpu_startup_entry+0x18/0x1c)
[    4.230047] [<c037d8e0>] (cpu_startup_entry) from [<c1300c4c>] (start_kernel+0x388/0x3f8)
[    4.238216] [<c1300c4c>] (start_kernel) from [<00000000>] (  (null))
[    4.244580] ---[ end Kernel panic - not syncing: VFS: Unable to mount root fs on unknown-block(179,17)
