Diff for ./tegra30-beaver/tegra30-beaver/tegra_defconfig%tegra30,114_mergeconfig_log.txt
--- /tmp/fooa	2013-07-29 00:31:58.802053064 -0700
+++ /tmp/foob	2013-07-29 00:31:58.806053065 -0700
@@ -22,8 +22,8 @@
 Sending: 
 
 Transfer complete
-yzModem - CRC mode, 7(SOH)/4112(STX)/0(CAN) packets, 3 retries
-## Total Size      = 0x00404238 = 4211256 Bytes
+yzModem - CRC mode, 6(SOH)/4112(STX)/0(CAN) packets, 3 retries
+## Total Size      = 0x004041d8 = 4211160 Bytes
 Tegra30 (Beaver) # loady 0x82000000
 ## Ready for binary (ymodem) download to 0x82000000 at 230400 bps...
 CSending: tegra30-beaver.dtb
@@ -42,14 +42,14 @@
 Booting Linux on physical CPU 0x0
 Initializing cgroup subsys cpu
 Initializing cgroup subsys cpuacct
-Linux version 3.11.0-rc2-next-20130726-13687-g7fd38f2 (pwalmsley@tamien) (gcc version 4.5.1 (Sourcery G++ Lite 2010.09-50) ) #1 SMP PREEMPT Fri Jul 26 04:42:02 PDT 2013
+Linux version 3.11.0-rc2-next-20130729-13889-ga54a4d5 (pwalmsley@tamien) (gcc version 4.5.1 (Sourcery G++ Lite 2010.09-50) ) #1 SMP PREEMPT Mon Jul 29 00:24:58 PDT 2013
 CPU: ARMv7 Processor [412fc099] revision 9 (ARMv7), cr=10c5387d
 CPU: PIPT / VIPT nonaliasing data cache, VIPT aliasing instruction cache
 Machine: NVIDIA Tegra SoC (Flattened Device Tree), model: NVIDIA Tegra30 Beaver evaluation board
 debug: ignoring loglevel setting.
 Memory policy: ECC disabled, Data cache writealloc
 On node 0 totalpages: 524032
-free_area_init_node: node 0, pgdat c07bb800, node_mem_map c0812000
+free_area_init_node: node 0, pgdat c07bb880, node_mem_map c0812000
   Normal zone: 1520 pages used for memmap
   Normal zone: 0 pages reserved
   Normal zone: 194560 pages, LIFO batch:31
@@ -68,7 +68,7 @@
 PID hash table entries: 4096 (order: 2, 16384 bytes)
 Dentry cache hash table entries: 131072 (order: 7, 524288 bytes)
 Inode-cache hash table entries: 65536 (order: 6, 262144 bytes)
-Memory: 2070448K/2096128K available (5737K kernel code, 273K rwdata, 1648K rodata, 221K init, 339K bss, 25680K reserved, 1317888K highmem)
+Memory: 2070448K/2096128K available (5733K kernel code, 273K rwdata, 1652K rodata, 221K init, 339K bss, 25680K reserved, 1317888K highmem)
 Virtual kernel memory layout:
     vector  : 0xffff0000 - 0xffff1000   (   4 kB)
     fixmap  : 0xfff00000 - 0xfffe0000   ( 896 kB)
@@ -76,10 +76,10 @@
     lowmem  : 0xc0000000 - 0xef800000   ( 760 MB)
     pkmap   : 0xbfe00000 - 0xc0000000   (   2 MB)
     modules : 0xbf000000 - 0xbfe00000   (  14 MB)
-      .text : 0xc0008000 - 0xc073e9e4   (7387 kB)
+      .text : 0xc0008000 - 0xc073ea00   (7387 kB)
       .init : 0xc073f000 - 0xc0776400   ( 221 kB)
-      .data : 0xc0778000 - 0xc07bc580   ( 274 kB)
-       .bss : 0xc07bc580 - 0xc0811408   ( 340 kB)
+      .data : 0xc0778000 - 0xc07bc600   ( 274 kB)
+       .bss : 0xc07bc600 - 0xc0811488   ( 340 kB)
 Preemptible hierarchical RCU implementation.
 NR_IRQS:16 nr_irqs:16 16
 sched_clock: 32 bits at 1000kHz, resolution 1000ns, wraps every 4294967ms
@@ -91,7 +91,7 @@
 Initializing cgroup subsys freezer
 CPU: Testing write buffer coherency: ok
 CPU0: thread -1, cpu 0, socket 0, mpidr 80000000
-Setting up static identity map for 0xc0575250 - 0xc05752e8
+Setting up static identity map for 0xc0574ff0 - 0xc0575088
 CPU1: Booted secondary processor
 CPU1: thread -1, cpu 1, socket 0, mpidr 80000001
 CPU2: Booted secondary processor
@@ -185,7 +185,7 @@
 io scheduler noop registered (default)
 tegra-apbdma 6000a000.dma: Tegra20 APB DMA driver register 32 channels
 Serial: 8250/16550 driver, 4 ports, IRQ sharing disabled
-70006000.serial: ttyS0 at MMIO 0x70006000 (irq = 68) is a Tegra
+70006000.serial: ttyS0 at MMIO 0x70006000 (irq = 68, base_baud = 25500000) is a Tegra
 console [ttyS0] enabled
 [drm] Initialized drm 1.1.0 20060810
 [drm] Supports vblank timestamp caching Rev 1 (10.10.2010).
@@ -279,7 +279,7 @@
 Freeing unused kernel memory: 220K (c073f000 - c0776000)
 INIT: version 2.88 booting
 Using makefile-style concurrent boot in runlevel S.
-Starting the hotplug events dispatcher: udevd[    2.704126] udevd[179]: starting version 175
+Starting the hotplug events dispatcher: udevd[    2.715038] udevd[179]: starting version 175
 [ ok .
 Synthesizing the initial hotplug events...[ ok done.
 Waiting for /dev to be fully populated...[ ok done.
@@ -293,8 +293,7 @@
 Cleaning up temporary files...[ ok .
 Setting kernel variables ...[ ok done.
 Configuring network interfaces...[ ok done.
-Starting rpcbind daemon...[ ok .
-Starting NFS common utilities: statd idmapd[FAIL failed!
+Starting rpcbind daemon...[ ok [....] Starting NFS common utilities: statd idmapd[FAIL failed!
 Cleaning up temporary files...[ ok .
 Starting network benchmark server[ ok .
 startpar: service(s) returned failure: nfs-common ...[FAIL failed!
Diff for ./tegra30-beaver/tegra30-beaver/tegra_defconfig_log.txt
--- /tmp/fooa	2013-07-29 00:31:58.810053065 -0700
+++ /tmp/foob	2013-07-29 00:31:58.814053069 -0700
@@ -22,8 +22,8 @@
 Sending: 
 
 Transfer complete
-yzModem - CRC mode, 7(SOH)/4254(STX)/0(CAN) packets, 3 retries
-## Total Size      = 0x00427a30 = 4356656 Bytes
+yzModem - CRC mode, 4(SOH)/4255(STX)/0(CAN) packets, 3 retries
+## Total Size      = 0x00427ca0 = 4357280 Bytes
 Tegra30 (Beaver) # loady 0x82000000
 ## Ready for binary (ymodem) download to 0x82000000 at 230400 bps...
 CSending: tegra30-beaver.dtb
@@ -42,14 +42,14 @@
 Booting Linux on physical CPU 0x0
 Initializing cgroup subsys cpu
 Initializing cgroup subsys cpuacct
-Linux version 3.11.0-rc2-next-20130726-13687-g7fd38f2 (pwalmsley@tamien) (gcc version 4.5.1 (Sourcery G++ Lite 2010.09-50) ) #1 SMP PREEMPT Fri Jul 26 04:23:51 PDT 2013
+Linux version 3.11.0-rc2-next-20130729-13889-ga54a4d5 (pwalmsley@tamien) (gcc version 4.5.1 (Sourcery G++ Lite 2010.09-50) ) #1 SMP PREEMPT Mon Jul 29 00:08:08 PDT 2013
 CPU: ARMv7 Processor [412fc099] revision 9 (ARMv7), cr=10c5387d
 CPU: PIPT / VIPT nonaliasing data cache, VIPT aliasing instruction cache
 Machine: NVIDIA Tegra SoC (Flattened Device Tree), model: NVIDIA Tegra30 Beaver evaluation board
 debug: ignoring loglevel setting.
 Memory policy: ECC disabled, Data cache writealloc
 On node 0 totalpages: 524032
-free_area_init_node: node 0, pgdat c080dec0, node_mem_map c0865000
+free_area_init_node: node 0, pgdat c080ff00, node_mem_map c0867000
   Normal zone: 1520 pages used for memmap
   Normal zone: 0 pages reserved
   Normal zone: 194560 pages, LIFO batch:31
@@ -60,7 +60,7 @@
 Tegra Revision: A03 SKU: 128 CPU Process: 4 Core Process: 0
 L310 cache controller enabled
 l2x0: 8 ways, CACHE_ID 0x410000c7, AUX_CTRL 0x7e480001, Cache size: 1048576 B
-PERCPU: Embedded 8 pages/cpu @c1877000 s9216 r8192 d15360 u32768
+PERCPU: Embedded 8 pages/cpu @c1879000 s9216 r8192 d15360 u32768
 pcpu-alloc: s9216 r8192 d15360 u32768 alloc=8*4096
 pcpu-alloc: [0] 0 [0] 1 [0] 2 [0] 3 
 Built 1 zonelists in Zone order, mobility grouping on.  Total pages: 522512
@@ -68,7 +68,7 @@
 PID hash table entries: 4096 (order: 2, 16384 bytes)
 Dentry cache hash table entries: 131072 (order: 7, 524288 bytes)
 Inode-cache hash table entries: 65536 (order: 6, 262144 bytes)
-Memory: 2070116K/2096128K available (5923K kernel code, 301K rwdata, 1752K rodata, 237K init, 342K bss, 26012K reserved, 1317888K highmem)
+Memory: 2070108K/2096128K available (5923K kernel code, 301K rwdata, 1756K rodata, 237K init, 342K bss, 26020K reserved, 1317888K highmem)
 Virtual kernel memory layout:
     vector  : 0xffff0000 - 0xffff1000   (   4 kB)
     fixmap  : 0xfff00000 - 0xfffe0000   ( 896 kB)
@@ -76,10 +76,10 @@
     lowmem  : 0xc0000000 - 0xef800000   ( 760 MB)
     pkmap   : 0xbfe00000 - 0xc0000000   (   2 MB)
     modules : 0xbf000000 - 0xbfe00000   (  14 MB)
-      .text : 0xc0008000 - 0xc07872ec   (7677 kB)
-      .init : 0xc0788000 - 0xc07c3400   ( 237 kB)
-      .data : 0xc07c4000 - 0xc080f5a0   ( 302 kB)
-       .bss : 0xc080f5a0 - 0xc0864e08   ( 343 kB)
+      .text : 0xc0008000 - 0xc0788310   (7681 kB)
+      .init : 0xc0789000 - 0xc07c4400   ( 237 kB)
+      .data : 0xc07c6000 - 0xc08115e0   ( 302 kB)
+       .bss : 0xc08115e0 - 0xc0866e08   ( 343 kB)
 Preemptible hierarchical RCU implementation.
 NR_IRQS:16 nr_irqs:16 16
 sched_clock: 32 bits at 1000kHz, resolution 1000ns, wraps every 4294967ms
@@ -91,7 +91,7 @@
 Initializing cgroup subsys freezer
 CPU: Testing write buffer coherency: ok
 CPU0: thread -1, cpu 0, socket 0, mpidr 80000000
-Setting up static identity map for 0xc05a2238 - 0xc05a22d0
+Setting up static identity map for 0xc05a20f8 - 0xc05a2190
 CPU1: Booted secondary processor
 CPU1: thread -1, cpu 1, socket 0, mpidr 80000001
 CPU2: Booted secondary processor
@@ -187,7 +187,7 @@
 io scheduler noop registered (default)
 tegra-apbdma 6000a000.dma: Tegra20 APB DMA driver register 32 channels
 Serial: 8250/16550 driver, 4 ports, IRQ sharing disabled
-70006000.serial: ttyS0 at MMIO 0x70006000 (irq = 68) is a Tegra
+70006000.serial: ttyS0 at MMIO 0x70006000 (irq = 68, base_baud = 25500000) is a Tegra
 console [ttyS0] enabled
 [drm] Initialized drm 1.1.0 20060810
 [drm] Supports vblank timestamp caching Rev 1 (10.10.2010).
@@ -279,10 +279,10 @@
 EXT3-fs (mmcblk0p1): mounted filesystem with writeback data mode
 VFS: Mounted root (ext3 filesystem) on device 179:1.
 devtmpfs: mounted
-Freeing unused kernel memory: 236K (c0788000 - c07c3000)
+Freeing unused kernel memory: 236K (c0789000 - c07c4000)
 INIT: version 2.88 booting
 Using makefile-style concurrent boot in runlevel S.
-Starting the hotplug events dispatcher: udevd[    2.715772] udevd[178]: starting version 175
+Starting the hotplug events dispatcher: udevd[    2.715313] udevd[178]: starting version 175
 [ ok .
 Synthesizing the initial hotplug events...[ ok done.
 Waiting for /dev to be fully populated...[ ok done.
@@ -295,16 +295,17 @@
 Activating swapfile swap...[ ok done.
 Cleaning up temporary files...[ ok .
 Setting kernel variables ...[ ok [....] Configuring network interfaces...[ ok done.
-Starting rpcbind daemon...[ ok [....] Starting NFS common utilities: statd idmapd[FAIL failed!
+Starting rpcbind daemon...[ ok .
+Starting NFS common utilities: statd idmapd[FAIL failed!
 Cleaning up temporary files...[ ok .
 Starting network benchmark server[ ok .
 startpar: service(s) returned failure: nfs-common ...[FAIL failed!
 INIT: Entering runlevel: 2
 Using makefile-style concurrent boot in runlevel 2.
 Starting network benchmark server[FAIL failed!
-Starting rpcbind daemon...[....] Already running.[ ok .
-Starting NFS common utilities: statd idmapd[FAIL failed!
-Starting system message bus: dbus[ ok [....] startpar: service(s) returned failure: nfs-common ...[FAIL failed!
+Starting rpcbind daemon...[....] Already running.[ ok [....] Starting NFS common utilities: statd idmapd[FAIL failed!
+Starting system message bus: dbus[ ok .
+startpar: service(s) returned failure: nfs-common ...[FAIL failed!
 
 Debian GNU/Linux wheezy/sid armel ttyS0
 
Diff for ./tegra30-beaver/tegra30-beaver/tegra_defconfig%tegra30_mergeconfig_log.txt
--- /tmp/fooa	2013-07-29 00:31:58.822053082 -0700
+++ /tmp/foob	2013-07-29 00:31:58.826053088 -0700
@@ -22,8 +22,8 @@
 Sending: 
 
 Transfer complete
-yzModem - CRC mode, 9(SOH)/4090(STX)/0(CAN) packets, 3 retries
-## Total Size      = 0x003feb30 = 4188976 Bytes
+zModem - CRC mode, 2(SOH)/4091(STX)/0(CAN) packets, 3 retries
+## Total Size      = 0x003febc0 = 4189120 Bytes
 Tegra30 (Beaver) # loady 0x82000000
 ## Ready for binary (ymodem) download to 0x82000000 at 230400 bps...
 CSending: tegra30-beaver.dtb
@@ -42,14 +42,14 @@
 Booting Linux on physical CPU 0x0
 Initializing cgroup subsys cpu
 Initializing cgroup subsys cpuacct
-Linux version 3.11.0-rc2-next-20130726-13687-g7fd38f2 (pwalmsley@tamien) (gcc version 4.5.1 (Sourcery G++ Lite 2010.09-50) ) #1 SMP PREEMPT Fri Jul 26 04:31:48 PDT 2013
+Linux version 3.11.0-rc2-next-20130729-13889-ga54a4d5 (pwalmsley@tamien) (gcc version 4.5.1 (Sourcery G++ Lite 2010.09-50) ) #1 SMP PREEMPT Mon Jul 29 00:15:36 PDT 2013
 CPU: ARMv7 Processor [412fc099] revision 9 (ARMv7), cr=10c5387d
 CPU: PIPT / VIPT nonaliasing data cache, VIPT aliasing instruction cache
 Machine: NVIDIA Tegra SoC (Flattened Device Tree), model: NVIDIA Tegra30 Beaver evaluation board
 debug: ignoring loglevel setting.
 Memory policy: ECC disabled, Data cache writealloc
 On node 0 totalpages: 524032
-free_area_init_node: node 0, pgdat c07a9cc0, node_mem_map c0800000
+free_area_init_node: node 0, pgdat c07abd00, node_mem_map c0802000
   Normal zone: 1520 pages used for memmap
   Normal zone: 0 pages reserved
   Normal zone: 194560 pages, LIFO batch:31
@@ -60,7 +60,7 @@
 Tegra Revision: A03 SKU: 128 CPU Process: 4 Core Process: 0
 L310 cache controller enabled
 l2x0: 8 ways, CACHE_ID 0x410000c7, AUX_CTRL 0x7e480001, Cache size: 1048576 B
-PERCPU: Embedded 8 pages/cpu @c1812000 s9216 r8192 d15360 u32768
+PERCPU: Embedded 8 pages/cpu @c1814000 s9216 r8192 d15360 u32768
 pcpu-alloc: s9216 r8192 d15360 u32768 alloc=8*4096
 pcpu-alloc: [0] 0 [0] 1 [0] 2 [0] 3 
 Built 1 zonelists in Zone order, mobility grouping on.  Total pages: 522512
@@ -68,7 +68,7 @@
 PID hash table entries: 4096 (order: 2, 16384 bytes)
 Dentry cache hash table entries: 131072 (order: 7, 524288 bytes)
 Inode-cache hash table entries: 65536 (order: 6, 262144 bytes)
-Memory: 2070520K/2096128K available (5728K kernel code, 258K rwdata, 1616K rodata, 209K init, 337K bss, 25608K reserved, 1317888K highmem)
+Memory: 2070512K/2096128K available (5728K kernel code, 258K rwdata, 1620K rodata, 209K init, 337K bss, 25616K reserved, 1317888K highmem)
 Virtual kernel memory layout:
     vector  : 0xffff0000 - 0xffff1000   (   4 kB)
     fixmap  : 0xfff00000 - 0xfffe0000   ( 896 kB)
@@ -76,22 +76,22 @@
     lowmem  : 0xc0000000 - 0xef800000   ( 760 MB)
     pkmap   : 0xbfe00000 - 0xc0000000   (   2 MB)
     modules : 0xbf000000 - 0xbfe00000   (  14 MB)
-      .text : 0xc0008000 - 0xc0734824   (7347 kB)
-      .init : 0xc0735000 - 0xc0769400   ( 209 kB)
-      .data : 0xc076a000 - 0xc07aaa40   ( 259 kB)
-       .bss : 0xc07aaa40 - 0xc07ff088   ( 338 kB)
+      .text : 0xc0008000 - 0xc0735840   (7351 kB)
+      .init : 0xc0736000 - 0xc076a400   ( 209 kB)
+      .data : 0xc076c000 - 0xc07aca80   ( 259 kB)
+       .bss : 0xc07aca80 - 0xc08010c8   ( 338 kB)
 Preemptible hierarchical RCU implementation.
 NR_IRQS:16 nr_irqs:16 16
 sched_clock: 32 bits at 1000kHz, resolution 1000ns, wraps every 4294967ms
 Console: colour dummy device 80x30
-Calibrating delay loop... 2793.47 BogoMIPS (lpj=13967360)
+Calibrating delay loop... 2786.91 BogoMIPS (lpj=13934592)
 pid_max: default: 32768 minimum: 301
 Mount-cache hash table entries: 512
 Initializing cgroup subsys debug
 Initializing cgroup subsys freezer
 CPU: Testing write buffer coherency: ok
 CPU0: thread -1, cpu 0, socket 0, mpidr 80000000
-Setting up static identity map for 0xc0573770 - 0xc0573808
+Setting up static identity map for 0xc0573510 - 0xc05735a8
 CPU1: Booted secondary processor
 CPU1: thread -1, cpu 1, socket 0, mpidr 80000001
 CPU2: Booted secondary processor
@@ -99,7 +99,7 @@
 CPU3: Booted secondary processor
 CPU3: thread -1, cpu 3, socket 0, mpidr 80000003
 Brought up 4 CPUs
-SMP: Total of 4 processors activated (11173.88 BogoMIPS).
+SMP: Total of 4 processors activated (11167.33 BogoMIPS).
 CPU: All CPU(s) started in SVC mode.
 devtmpfs: initialized
 VFP support v0.3: implementor 41 architecture 3 part 30 variant 9 rev 4
@@ -185,7 +185,7 @@
 io scheduler noop registered (default)
 tegra-apbdma 6000a000.dma: Tegra20 APB DMA driver register 32 channels
 Serial: 8250/16550 driver, 4 ports, IRQ sharing disabled
-70006000.serial: ttyS0 at MMIO 0x70006000 (irq = 68) is a Tegra
+70006000.serial: ttyS0 at MMIO 0x70006000 (irq = 68, base_baud = 25500000) is a Tegra
 console [ttyS0] enabled
 [drm] Initialized drm 1.1.0 20060810
 [drm] Supports vblank timestamp caching Rev 1 (10.10.2010).
@@ -276,10 +276,10 @@
 EXT3-fs (mmcblk0p1): mounted filesystem with writeback data mode
 VFS: Mounted root (ext3 filesystem) on device 179:1.
 devtmpfs: mounted
-Freeing unused kernel memory: 208K (c0735000 - c0769000)
+Freeing unused kernel memory: 208K (c0736000 - c076a000)
 INIT: version 2.88 booting
 Using makefile-style concurrent boot in runlevel S.
-Starting the hotplug events dispatcher: udevd[    2.622532] udevd[179]: starting version 175
+Starting the hotplug events dispatcher: udevd[    2.707645] udevd[179]: starting version 175
 [ ok .
 Synthesizing the initial hotplug events...[ ok done.
 Waiting for /dev to be fully populated...[ ok done.
@@ -291,8 +291,7 @@
 Mounting local filesystems...[ ok done.
 Activating swapfile swap...[ ok done.
 Cleaning up temporary files...[ ok .
-Setting kernel variables ...[ ok done.
-Configuring network interfaces...[ ok done.
+Setting kernel variables ...[ ok [....] Configuring network interfaces...[ ok done.
 Starting rpcbind daemon...[ ok .
 Starting NFS common utilities: statd idmapd[FAIL failed!
 Cleaning up temporary files...[ ok .
@@ -301,8 +300,9 @@
 INIT: Entering runlevel: 2
 Using makefile-style concurrent boot in runlevel 2.
 Starting network benchmark server[FAIL failed!
-Starting rpcbind daemon...[....] Already running.[ ok .
-Starting NFS common utilities: statd idmapd[FAIL failed!
+Starting rpcbind daemon...[....] Already running.[ ok [....] Starting NFS common utilities: statd idmapd[FAIL failed!
 Starting system message bus: dbus[ ok [....] startpar: service(s) returned failure: nfs-common ...[FAIL failed!
 
-De
\ No newline at end of file
+Debian GNU/Linux wheezy/sid armel ttyS0
+
+armel login: 
\ No newline at end of file
Diff for ./tegra30-beaver/tegra30-beaver/multi_v7_defconfig_log.txt
--- /tmp/fooa	2013-07-29 00:31:58.830053094 -0700
+++ /tmp/foob	2013-07-29 00:31:58.834053099 -0700
@@ -22,8 +22,8 @@
 Sending: 
 
 Transfer complete
-yzModem - CRC mode, 2(SOH)/3876(STX)/0(CAN) packets, 3 retries
-## Total Size      = 0x003c8fe8 = 3969000 Bytes
+yzModem - CRC mode, 4(SOH)/3880(STX)/0(CAN) packets, 3 retries
+## Total Size      = 0x003ca0b8 = 3973304 Bytes
 Tegra30 (Beaver) # loady 0x82000000
 ## Ready for binary (ymodem) download to 0x82000000 at 230400 bps...
 CSending: tegra30-beaver.dtb
@@ -40,14 +40,14 @@
 Starting kernel ...
 
 Booting Linux on physical CPU 0x0
-Linux version 3.11.0-rc2-next-20130726-13687-g7fd38f2 (pwalmsley@tamien) (gcc version 4.5.1 (Sourcery G++ Lite 2010.09-50) ) #1 SMP Fri Jul 26 04:26:50 PDT 2013
+Linux version 3.11.0-rc2-next-20130729-13889-ga54a4d5 (pwalmsley@tamien) (gcc version 4.5.1 (Sourcery G++ Lite 2010.09-50) ) #1 SMP Mon Jul 29 00:10:47 PDT 2013
 CPU: ARMv7 Processor [412fc099] revision 9 (ARMv7), cr=10c5387d
 CPU: PIPT / VIPT nonaliasing data cache, VIPT aliasing instruction cache
 Machine: NVIDIA Tegra SoC (Flattened Device Tree), model: NVIDIA Tegra30 Beaver evaluation board
 debug: ignoring loglevel setting.
 Memory policy: ECC disabled, Data cache writealloc
 On node 0 totalpages: 524032
-free_area_init_node: node 0, pgdat c07b6c00, node_mem_map c07ff000
+free_area_init_node: node 0, pgdat c07b8d40, node_mem_map c0801000
   DMA zone: 1520 pages used for memmap
   DMA zone: 0 pages reserved
   DMA zone: 194560 pages, LIFO batch:31
@@ -58,7 +58,7 @@
 Tegra Revision: A03 SKU: 128 CPU Process: 4 Core Process: 0
 L310 cache controller enabled
 l2x0: 8 ways, CACHE_ID 0x410000c7, AUX_CTRL 0x7e480001, Cache size: 1048576 B
-PERCPU: Embedded 5 pages/cpu @c1811000 s6976 r0 d13504 u32768
+PERCPU: Embedded 5 pages/cpu @c1813000 s6976 r0 d13504 u32768
 pcpu-alloc: s6976 r0 d13504 u32768 alloc=8*4096
 pcpu-alloc: [0] 0 [0] 1 [0] 2 [0] 3 
 Built 1 zonelists in Zone order, mobility grouping on.  Total pages: 522512
@@ -66,17 +66,17 @@
 PID hash table entries: 4096 (order: 2, 16384 bytes)
 Dentry cache hash table entries: 131072 (order: 7, 524288 bytes)
 Inode-cache hash table entries: 65536 (order: 6, 262144 bytes)
-Memory: 2070572K/2096128K available (5387K kernel code, 584K rwdata, 1416K rodata, 478K init, 279K bss, 25556K reserved, 1317888K highmem)
+Memory: 2070564K/2096128K available (5391K kernel code, 585K rwdata, 1416K rodata, 478K init, 279K bss, 25564K reserved, 1317888K highmem)
 Virtual kernel memory layout:
     vector  : 0xffff0000 - 0xffff1000   (   4 kB)
     fixmap  : 0xfff00000 - 0xfffe0000   ( 896 kB)
     vmalloc : 0xf0000000 - 0xff000000   ( 240 MB)
     lowmem  : 0xc0000000 - 0xef800000   ( 760 MB)
     pkmap   : 0xbfe00000 - 0xc0000000   (   2 MB)
-      .text : 0xc0008000 - 0xc06ad218   (6805 kB)
-      .init : 0xc06ae000 - 0xc0725b40   ( 479 kB)
-      .data : 0xc0726000 - 0xc07b8340   ( 585 kB)
-       .bss : 0xc07b8340 - 0xc07fe0d4   ( 280 kB)
+      .text : 0xc0008000 - 0xc06ae250   (6809 kB)
+      .init : 0xc06af000 - 0xc0726b40   ( 479 kB)
+      .data : 0xc0728000 - 0xc07ba480   ( 586 kB)
+       .bss : 0xc07ba480 - 0xc08001d4   ( 280 kB)
 SLUB: HWalign=64, Order=0-3, MinObjects=0, CPUs=4, Nodes=1
 Hierarchical RCU implementation.
 NR_IRQS:16 nr_irqs:16 16
@@ -87,16 +87,15 @@
 Mount-cache hash table entries: 512
 CPU: Testing write buffer coherency: ok
 CPU0: thread -1, cpu 0, socket 0, mpidr 80000000
-Setting up static identity map for 0xc051d6f0 - 0xc051d788
+Setting up static identity map for 0xc051e700 - 0xc051e798
 unable to find compatible sirf rstc node in dtb
-CPU1: Booted secondary processor
-CPU1: thread -1, cpu 1, socket 0, mpidr 80000001
+CPU1: failed to boot: -110
 CPU2: Booted secondary processor
 CPU2: thread -1, cpu 2, socket 0, mpidr 80000002
 CPU3: Booted secondary processor
 CPU3: thread -1, cpu 3, socket 0, mpidr 80000003
-Brought up 4 CPUs
-SMP: Total of 4 processors activated (5590.22 BogoMIPS).
+Brought up 3 CPUs
+SMP: Total of 3 processors activated (4192.66 BogoMIPS).
 CPU: All CPU(s) started in SVC mode.
 devtmpfs: initialized
 VFP support v0.3: implementor 41 architecture 3 part 30 variant 9 rev 4
@@ -159,7 +158,7 @@
 tegra-apbdma 6000a000.dma: Tegra20 APB DMA driver register 32 channels
 Serial: 8250/16550 driver, 4 ports, IRQ sharing disabled
 Serial: IMX driver
-70006000.serial: ttyS0 at MMIO 0x70006000 (irq = 68) is a Tegra
+70006000.serial: ttyS0 at MMIO 0x70006000 (irq = 68, base_baud = 25500000) is a Tegra
 console [ttyS0] enabled
 serial: Freescale lpuart driver
 [drm] Initialized drm 1.1.0 20060810
@@ -209,7 +208,7 @@
 reg-fixed-voltage 7.regulator: Failed to find supply vin
 reg-fixed-voltage 7.regulator: Failed to register regulator: -517
 platform 7.regulator: Driver reg-fixed-voltage requests probe deferral
-tegra_rtc 7000e000.rtc: setting system clock to 1970-01-01 00:03:24 UTC (204)
+tegra_rtc 7000e000.rtc: setting system clock to 1970-01-01 00:03:25 UTC (205)
 Waiting for root device /dev/mmcblk0p1...
 mmc1: new high speed MMC card at address 0001
 mmcblk0: mmc1:0001 SEM16G 14.8 GiB 
@@ -232,10 +231,10 @@
 EXT4-fs (mmcblk0p1): mounted filesystem with ordered data mode. Opts: (null)
 VFS: Mounted root (ext3 filesystem) on device 179:1.
 devtmpfs: mounted
-Freeing unused kernel memory: 476K (c06ae000 - c0725000)
+Freeing unused kernel memory: 476K (c06af000 - c0726000)
 INIT: version 2.88 booting
 Using makefile-style concurrent boot in runlevel S.
-Starting the hotplug events dispatcher: udevd[    2.129073] udevd[159]: starting version 175
+Starting the hotplug events dispatcher: udevd[    2.195519] udevd[158]: starting version 175
 [ ok .
 Synthesizing the initial hotplug events...[ ok done.
 Waiting for /dev to be fully populated...[ ok done.
Diff for ./tegra30-beaver/tegra30-beaver/tegra_defconfig%tegra20,30_mergeconfig_log.txt
--- /tmp/fooa	2013-07-29 00:31:58.838053103 -0700
+++ /tmp/foob	2013-07-29 00:31:58.842053105 -0700
@@ -22,8 +22,8 @@
 Sending: 
 
 Transfer complete
-yzModem - CRC mode, 2(SOH)/4237(STX)/0(CAN) packets, 3 retries
-## Total Size      = 0x00423398 = 4338584 Bytes
+yzModem - CRC mode, 2(SOH)/4235(STX)/0(CAN) packets, 3 retries
+## Total Size      = 0x00422bb0 = 4336560 Bytes
 Tegra30 (Beaver) # loady 0x82000000
 ## Ready for binary (ymodem) download to 0x82000000 at 230400 bps...
 CSending: tegra30-beaver.dtb
@@ -42,14 +42,14 @@
 Booting Linux on physical CPU 0x0
 Initializing cgroup subsys cpu
 Initializing cgroup subsys cpuacct
-Linux version 3.11.0-rc2-next-20130726-13687-g7fd38f2 (pwalmsley@tamien) (gcc version 4.5.1 (Sourcery G++ Lite 2010.09-50) ) #1 SMP PREEMPT Fri Jul 26 04:39:27 PDT 2013
+Linux version 3.11.0-rc2-next-20130729-13889-ga54a4d5 (pwalmsley@tamien) (gcc version 4.5.1 (Sourcery G++ Lite 2010.09-50) ) #1 SMP PREEMPT Mon Jul 29 00:22:37 PDT 2013
 CPU: ARMv7 Processor [412fc099] revision 9 (ARMv7), cr=10c5387d
 CPU: PIPT / VIPT nonaliasing data cache, VIPT aliasing instruction cache
 Machine: NVIDIA Tegra SoC (Flattened Device Tree), model: NVIDIA Tegra30 Beaver evaluation board
 debug: ignoring loglevel setting.
 Memory policy: ECC disabled, Data cache writealloc
 On node 0 totalpages: 524032
-free_area_init_node: node 0, pgdat c07fe380, node_mem_map c0855000
+free_area_init_node: node 0, pgdat c07fe3c0, node_mem_map c0855000
   Normal zone: 1520 pages used for memmap
   Normal zone: 0 pages reserved
   Normal zone: 194560 pages, LIFO batch:31
@@ -68,7 +68,7 @@
 PID hash table entries: 4096 (order: 2, 16384 bytes)
 Dentry cache hash table entries: 131072 (order: 7, 524288 bytes)
 Inode-cache hash table entries: 65536 (order: 6, 262144 bytes)
-Memory: 2070180K/2096128K available (5915K kernel code, 286K rwdata, 1724K rodata, 225K init, 340K bss, 25948K reserved, 1317888K highmem)
+Memory: 2070180K/2096128K available (5915K kernel code, 286K rwdata, 1724K rodata, 225K init, 339K bss, 25948K reserved, 1317888K highmem)
 Virtual kernel memory layout:
     vector  : 0xffff0000 - 0xffff1000   (   4 kB)
     fixmap  : 0xfff00000 - 0xfffe0000   ( 896 kB)
@@ -76,22 +76,22 @@
     lowmem  : 0xc0000000 - 0xef800000   ( 760 MB)
     pkmap   : 0xbfe00000 - 0xc0000000   (   2 MB)
     modules : 0xbf000000 - 0xbfe00000   (  14 MB)
-      .text : 0xc0008000 - 0xc077e124   (7641 kB)
+      .text : 0xc0008000 - 0xc077e148   (7641 kB)
       .init : 0xc077f000 - 0xc07b7400   ( 225 kB)
-      .data : 0xc07b8000 - 0xc07ffa60   ( 287 kB)
-       .bss : 0xc07ffa60 - 0xc0854a88   ( 341 kB)
+      .data : 0xc07b8000 - 0xc07ffaa0   ( 287 kB)
+       .bss : 0xc07ffaa0 - 0xc0854a88   ( 340 kB)
 Preemptible hierarchical RCU implementation.
 NR_IRQS:16 nr_irqs:16 16
 sched_clock: 32 bits at 1000kHz, resolution 1000ns, wraps every 4294967ms
 Console: colour dummy device 80x30
-Calibrating delay loop... 2786.91 BogoMIPS (lpj=13934592)
+Calibrating delay loop... 2793.47 BogoMIPS (lpj=13967360)
 pid_max: default: 32768 minimum: 301
 Mount-cache hash table entries: 512
 Initializing cgroup subsys debug
 Initializing cgroup subsys freezer
 CPU: Testing write buffer coherency: ok
 CPU0: thread -1, cpu 0, socket 0, mpidr 80000000
-Setting up static identity map for 0xc05a0798 - 0xc05a0830
+Setting up static identity map for 0xc05a0658 - 0xc05a06f0
 CPU1: Booted secondary processor
 CPU1: thread -1, cpu 1, socket 0, mpidr 80000001
 CPU2: Booted secondary processor
@@ -99,7 +99,7 @@
 CPU3: Booted secondary processor
 CPU3: thread -1, cpu 3, socket 0, mpidr 80000003
 Brought up 4 CPUs
-SMP: Total of 4 processors activated (11167.33 BogoMIPS).
+SMP: Total of 4 processors activated (11173.88 BogoMIPS).
 CPU: All CPU(s) started in SVC mode.
 devtmpfs: initialized
 VFP support v0.3: implementor 41 architecture 3 part 30 variant 9 rev 4
@@ -187,7 +187,7 @@
 io scheduler noop registered (default)
 tegra-apbdma 6000a000.dma: Tegra20 APB DMA driver register 32 channels
 Serial: 8250/16550 driver, 4 ports, IRQ sharing disabled
-70006000.serial: ttyS0 at MMIO 0x70006000 (irq = 68) is a Tegra
+70006000.serial: ttyS0 at MMIO 0x70006000 (irq = 68, base_baud = 25500000) is a Tegra
 console [ttyS0] enabled
 [drm] Initialized drm 1.1.0 20060810
 [drm] Supports vblank timestamp caching Rev 1 (10.10.2010).
@@ -282,7 +282,7 @@
 Freeing unused kernel memory: 224K (c077f000 - c07b7000)
 INIT: version 2.88 booting
 Using makefile-style concurrent boot in runlevel S.
-Starting the hotplug events dispatcher: udevd[    2.699964] udevd[179]: starting version 175
+Starting the hotplug events dispatcher: udevd[    2.719489] udevd[179]: starting version 175
 [ ok .
 Synthesizing the initial hotplug events...[ ok done.
 Waiting for /dev to be fully populated...[ ok done.
@@ -304,9 +304,8 @@
 INIT: Entering runlevel: 2
 Using makefile-style concurrent boot in runlevel 2.
 Starting network benchmark server[FAIL failed!
-Starting rpcbind daemon...[....] Already running.[ ok .
-Starting NFS common utilities: statd idmapd[FAIL failed!
-Starting system message bus: dbus[ ok [....] startpar: service(s) returned failure: nfs-common ...[FAIL failed!
+Starting rpcbind daemon...[....] Already running.[ ok [....] Starting system message bus: dbus[ ok [....] Starting NFS common utilities: statd idmapd[FAIL failed!
+startpar: service(s) returned failure: nfs-common ...[FAIL failed!
 
 Debian GNU/Linux wheezy/sid armel ttyS0
 
Diff for ./tegra114-dalmore-headless/tegra114-dalmore/tegra_defconfig%tegra30,114_mergeconfig_log.txt
--- /tmp/fooa	2013-07-29 00:31:58.850053111 -0700
+++ /tmp/foob	2013-07-29 00:31:58.850053111 -0700
@@ -11,7 +11,7 @@
 Err:   serial
 Net:   Net Initialization Skipped
 No ethernet found.
-Hit any key to stop autoboot:  2  0 
+Hit any key to stop autoboot:  2  1  0 
 Dalmore #
 Dalmore #usb reset
 (Re)start USB...
@@ -30,13 +30,13 @@
 Load address: 0x81000000
 Loading: *#################################################  2.8 MiB/s
 done
-Bytes transferred = 4211256 (404238 hex)
+Bytes transferred = 4211160 (4041d8 hex)
 Dalmore #tftpboot 0x82000000 tegra114-dalmore.dtb
 Using asx0 device
 TFTP from server 192.168.100.1; our IP address is 192.168.100.100
 Filename 'tegra114-dalmore.dtb'.
 Load address: 0x82000000
-Loading: *#################################################  2.4 MiB/s
+Loading: *#################################################  2.6 MiB/s
 done
 Bytes transferred = 27540 (6b94 hex)
 Dalmore #bootz 0x81000000 - 0x82000000
@@ -49,22 +49,22 @@
 Timer summary in microseconds:
        Mark    Elapsed  Stage
           0          0  awake
-  2,281,012  2,281,012  usb_start
-  6,286,358  4,005,346  eth_start
-  6,286,356         -2  tftp start
- 10,148,635  3,862,279  tftp done
- 12,296,779  2,148,144  start_kernel
+  3,082,279  3,082,279  usb_start
+  7,087,608  4,005,329  eth_start
+  7,087,606         -2  tftp start
+ 10,953,903  3,866,297  tftp done
+ 13,097,812  2,143,909  start_kernel
 Booting Linux on physical CPU 0x0
 Initializing cgroup subsys cpu
 Initializing cgroup subsys cpuacct
-Linux version 3.11.0-rc2-next-20130726-13687-g7fd38f2 (pwalmsley@tamien) (gcc version 4.5.1 (Sourcery G++ Lite 2010.09-50) ) #1 SMP PREEMPT Fri Jul 26 04:42:02 PDT 2013
+Linux version 3.11.0-rc2-next-20130729-13889-ga54a4d5 (pwalmsley@tamien) (gcc version 4.5.1 (Sourcery G++ Lite 2010.09-50) ) #1 SMP PREEMPT Mon Jul 29 00:24:58 PDT 2013
 CPU: ARMv7 Processor [412fc0f2] revision 2 (ARMv7), cr=10c5387d
 CPU: PIPT / VIPT nonaliasing data cache, PIPT instruction cache
 Machine: NVIDIA Tegra SoC (Flattened Device Tree), model: NVIDIA Tegra114 Dalmore evaluation board
 debug: ignoring loglevel setting.
 Memory policy: ECC disabled, Data cache writealloc
 On node 0 totalpages: 524032
-free_area_init_node: node 0, pgdat c07bb800, node_mem_map c0812000
+free_area_init_node: node 0, pgdat c07bb880, node_mem_map c0812000
   Normal zone: 1520 pages used for memmap
   Normal zone: 0 pages reserved
   Normal zone: 194560 pages, LIFO batch:31
@@ -79,7 +79,7 @@
 PID hash table entries: 4096 (order: 2, 16384 bytes)
 Dentry cache hash table entries: 131072 (order: 7, 524288 bytes)
 Inode-cache hash table entries: 65536 (order: 6, 262144 bytes)
-Memory: 2070420K/2096128K available (5737K kernel code, 273K rwdata, 1648K rodata, 221K init, 339K bss, 25708K reserved, 1317888K highmem)
+Memory: 2070420K/2096128K available (5733K kernel code, 273K rwdata, 1652K rodata, 221K init, 339K bss, 25708K reserved, 1317888K highmem)
 Virtual kernel memory layout:
     vector  : 0xffff0000 - 0xffff1000   (   4 kB)
     fixmap  : 0xfff00000 - 0xfffe0000   ( 896 kB)
@@ -87,10 +87,10 @@
     lowmem  : 0xc0000000 - 0xef800000   ( 760 MB)
     pkmap   : 0xbfe00000 - 0xc0000000   (   2 MB)
     modules : 0xbf000000 - 0xbfe00000   (  14 MB)
-      .text : 0xc0008000 - 0xc073e9e4   (7387 kB)
+      .text : 0xc0008000 - 0xc073ea00   (7387 kB)
       .init : 0xc073f000 - 0xc0776400   ( 221 kB)
-      .data : 0xc0778000 - 0xc07bc580   ( 274 kB)
-       .bss : 0xc07bc580 - 0xc0811408   ( 340 kB)
+      .data : 0xc0778000 - 0xc07bc600   ( 274 kB)
+       .bss : 0xc07bc600 - 0xc0811488   ( 340 kB)
 Preemptible hierarchical RCU implementation.
 NR_IRQS:16 nr_irqs:16 16
 sched_clock: 32 bits at 1000kHz, resolution 1000ns, wraps every 4294967ms
@@ -109,7 +109,7 @@
 /cpus/cpu@2 missing clock-frequency property
 /cpus/cpu@3 missing clock-frequency property
 CPU0: thread -1, cpu 0, socket 0, mpidr 80000000
-Setting up static identity map for 0xc0575250 - 0xc05752e8
+Setting up static identity map for 0xc0574ff0 - 0xc0575088
 CPU1: Booted secondary processor
 CPU1: thread -1, cpu 1, socket 0, mpidr 80000001
 CPU2: Booted secondary processor
@@ -248,7 +248,7 @@
 io scheduler noop registered (default)
 tegra-apbdma 6000a000.dma: Tegra20 APB DMA driver register 32 channels
 Serial: 8250/16550 driver, 4 ports, IRQ sharing disabled
-70006300.serial: ttyS0 at MMIO 0x70006300 (irq = 122) is a Tegra
+70006300.serial: ttyS0 at MMIO 0x70006300 (irq = 122, base_baud = 25500000) is a Tegra
 console [ttyS0] enabled
 [drm] Initialized drm 1.1.0 20060810
 loop: module loaded
@@ -339,7 +339,7 @@
 platform 6.regulator: Driver reg-fixed-voltage requests probe deferral
 input: gpio-keys.2 as /devices/soc0/gpio-keys.2/input/input1
 platform 6.regulator: Driver reg-fixed-voltage requests probe deferral
-palmas-rtc rtc.7: setting system clock to 2000-01-05 07:03:11 UTC (947055791)
+palmas-rtc rtc.7: setting system clock to 2000-01-08 02:46:16 UTC (947299576)
 ALSA device list:
   #0: NVIDIA Tegra Dalmore
  
Diff for ./tegra114-dalmore-headless/tegra114-dalmore/tegra_defconfig%tegra20,114_mergeconfig_log.txt
--- /tmp/fooa	2013-07-29 00:31:58.858053125 -0700
+++ /tmp/foob	2013-07-29 00:31:58.862053132 -0700
@@ -30,7 +30,7 @@
 Load address: 0x81000000
 Loading: *#################################################  2.8 MiB/s
 done
-Bytes transferred = 4332384 (421b60 hex)
+Bytes transferred = 4332664 (421c78 hex)
 Dalmore #tftpboot 0x82000000 tegra114-dalmore.dtb
 Using asx0 device
 TFTP from server 192.168.100.1; our IP address is 192.168.100.100
@@ -49,22 +49,22 @@
 Timer summary in microseconds:
        Mark    Elapsed  Stage
           0          0  awake
-  3,080,020  3,080,020  usb_start
-  7,085,269  4,005,249  eth_start
-  7,085,267         -2  tftp start
- 11,049,521  3,964,254  tftp done
- 13,095,145  2,045,624  start_kernel
+  3,039,943  3,039,943  usb_start
+  7,045,073  4,005,130  eth_start
+  7,045,070         -3  tftp start
+ 11,018,695  3,973,625  tftp done
+ 13,055,053  2,036,358  start_kernel
 Booting Linux on physical CPU 0x0
 Initializing cgroup subsys cpu
 Initializing cgroup subsys cpuacct
-Linux version 3.11.0-rc2-next-20130726-13687-g7fd38f2 (pwalmsley@tamien) (gcc version 4.5.1 (Sourcery G++ Lite 2010.09-50) ) #1 SMP PREEMPT Fri Jul 26 04:36:47 PDT 2013
+Linux version 3.11.0-rc2-next-20130729-13889-ga54a4d5 (pwalmsley@tamien) (gcc version 4.5.1 (Sourcery G++ Lite 2010.09-50) ) #1 SMP PREEMPT Mon Jul 29 00:20:16 PDT 2013
 CPU: ARMv7 Processor [412fc0f2] revision 2 (ARMv7), cr=10c5387d
 CPU: PIPT / VIPT nonaliasing data cache, PIPT instruction cache
 Machine: NVIDIA Tegra SoC (Flattened Device Tree), model: NVIDIA Tegra114 Dalmore evaluation board
 debug: ignoring loglevel setting.
 Memory policy: ECC disabled, Data cache writealloc
 On node 0 totalpages: 524032
-free_area_init_node: node 0, pgdat c07fa580, node_mem_map c0851000
+free_area_init_node: node 0, pgdat c07fa5c0, node_mem_map c0851000
   Normal zone: 1520 pages used for memmap
   Normal zone: 0 pages reserved
   Normal zone: 194560 pages, LIFO batch:31
@@ -79,7 +79,7 @@
 PID hash table entries: 4096 (order: 2, 16384 bytes)
 Dentry cache hash table entries: 131072 (order: 7, 524288 bytes)
 Inode-cache hash table entries: 65536 (order: 6, 262144 bytes)
-Memory: 2070168K/2096128K available (5911K kernel code, 287K rwdata, 1708K rodata, 225K init, 340K bss, 25960K reserved, 1317888K highmem)
+Memory: 2070168K/2096128K available (5911K kernel code, 287K rwdata, 1712K rodata, 225K init, 340K bss, 25960K reserved, 1317888K highmem)
 Virtual kernel memory layout:
     vector  : 0xffff0000 - 0xffff1000   (   4 kB)
     fixmap  : 0xfff00000 - 0xfffe0000   ( 896 kB)
@@ -87,10 +87,10 @@
     lowmem  : 0xc0000000 - 0xef800000   ( 760 MB)
     pkmap   : 0xbfe00000 - 0xc0000000   (   2 MB)
     modules : 0xbf000000 - 0xbfe00000   (  14 MB)
-      .text : 0xc0008000 - 0xc0779190   (7621 kB)
-      .init : 0xc077a000 - 0xc07b2400   ( 225 kB)
-      .data : 0xc07b4000 - 0xc07fbc60   ( 288 kB)
-       .bss : 0xc07fbc60 - 0xc0850d88   ( 341 kB)
+      .text : 0xc0008000 - 0xc077a1b4   (7625 kB)
+      .init : 0xc077b000 - 0xc07b3400   ( 225 kB)
+      .data : 0xc07b4000 - 0xc07fbca0   ( 288 kB)
+       .bss : 0xc07fbca0 - 0xc0850d88   ( 341 kB)
 Preemptible hierarchical RCU implementation.
 NR_IRQS:16 nr_irqs:16 16
 sched_clock: 32 bits at 1000kHz, resolution 1000ns, wraps every 4294967ms
@@ -109,7 +109,7 @@
 /cpus/cpu@2 missing clock-frequency property
 /cpus/cpu@3 missing clock-frequency property
 CPU0: thread -1, cpu 0, socket 0, mpidr 80000000
-Setting up static identity map for 0xc059f1e8 - 0xc059f280
+Setting up static identity map for 0xc059f0a8 - 0xc059f140
 CPU1: Booted secondary processor
 CPU1: thread -1, cpu 1, socket 0, mpidr 80000001
 CPU2: Booted secondary processor
@@ -250,7 +250,7 @@
 io scheduler noop registered (default)
 tegra-apbdma 6000a000.dma: Tegra20 APB DMA driver register 32 channels
 Serial: 8250/16550 driver, 4 ports, IRQ sharing disabled
-70006300.serial: ttyS0 at MMIO 0x70006300 (irq = 122) is a Tegra
+70006300.serial: ttyS0 at MMIO 0x70006300 (irq = 122, base_baud = 25500000) is a Tegra
 console [ttyS0] enabled
 [drm] Initialized drm 1.1.0 20060810
 loop: module loaded
@@ -346,10 +346,10 @@
 platform 6.regulator: Driver reg-fixed-voltage requests probe deferral
 input: gpio-keys.2 as /devices/soc0/gpio-keys.2/input/input0
 tegra-snd-rt5640 sound.4: ASoC: CPU DAI (null) not registered
-palmas-rtc rtc.7: setting system clock to 2000-01-05 06:58:18 UTC (947055498)
 tegra-snd-rt5640 sound.4: snd_soc_register_card failed (-517)
 platform sound.4: Driver tegra-snd-rt5640 requests probe deferral
 platform 6.regulator: Driver reg-fixed-voltage requests probe deferral
+palmas-rtc rtc.7: setting system clock to 2000-01-08 02:41:44 UTC (947299304)
 ALSA device list:
   No soundcards found.
  
@@ -359,7 +359,7 @@
 EXT3-fs (mmcblk0p1): mounted filesystem with writeback data mode
 VFS: Mounted root (ext3 filesystem) on device 179:1.
 devtmpfs: mounted
-Freeing unused kernel memory: 224K (c077a000 - c07b2000)
+Freeing unused kernel memory: 224K (c077b000 - c07b3000)
 bash: cannot set terminal process group (-1): Inappropriate ioctl for device
 bash: no job control in this shell
 I have no name!@(none):/#  
Diff for ./tegra114-dalmore-headless/tegra114-dalmore/tegra_defconfig_log.txt
--- /tmp/fooa	2013-07-29 00:31:58.866053137 -0700
+++ /tmp/foob	2013-07-29 00:31:58.870053140 -0700
@@ -28,9 +28,9 @@
 TFTP from server 192.168.100.1; our IP address is 192.168.100.100
 Filename 'zImage.tegra_defconfig'.
 Load address: 0x81000000
-Loading: *#################################################  2.6 MiB/s
+Loading: *#################################################  2.8 MiB/s
 done
-Bytes transferred = 4356656 (427a30 hex)
+Bytes transferred = 4357280 (427ca0 hex)
 Dalmore #tftpboot 0x82000000 tegra114-dalmore.dtb
 Using asx0 device
 TFTP from server 192.168.100.1; our IP address is 192.168.100.100
@@ -49,29 +49,29 @@
 Timer summary in microseconds:
        Mark    Elapsed  Stage
           0          0  awake
-  2,979,696  2,979,696  usb_start
-  6,982,740  4,003,044  eth_start
-  6,982,737         -3  tftp start
- 11,031,816  4,049,079  tftp done
- 12,994,883  1,963,067  start_kernel
+  3,001,630  3,001,630  usb_start
+  7,004,682  4,003,052  eth_start
+  7,004,680         -2  tftp start
+ 10,928,629  3,923,949  tftp done
+ 13,016,766  2,088,137  start_kernel
 Booting Linux on physical CPU 0x0
 Initializing cgroup subsys cpu
 Initializing cgroup subsys cpuacct
-Linux version 3.11.0-rc2-next-20130726-13687-g7fd38f2 (pwalmsley@tamien) (gcc version 4.5.1 (Sourcery G++ Lite 2010.09-50) ) #1 SMP PREEMPT Fri Jul 26 04:23:51 PDT 2013
+Linux version 3.11.0-rc2-next-20130729-13889-ga54a4d5 (pwalmsley@tamien) (gcc version 4.5.1 (Sourcery G++ Lite 2010.09-50) ) #1 SMP PREEMPT Mon Jul 29 00:08:08 PDT 2013
 CPU: ARMv7 Processor [412fc0f2] revision 2 (ARMv7), cr=10c5387d
 CPU: PIPT / VIPT nonaliasing data cache, PIPT instruction cache
 Machine: NVIDIA Tegra SoC (Flattened Device Tree), model: NVIDIA Tegra114 Dalmore evaluation board
 debug: ignoring loglevel setting.
 Memory policy: ECC disabled, Data cache writealloc
 On node 0 totalpages: 524032
-free_area_init_node: node 0, pgdat c080dec0, node_mem_map c0865000
+free_area_init_node: node 0, pgdat c080ff00, node_mem_map c0867000
   Normal zone: 1520 pages used for memmap
   Normal zone: 0 pages reserved
   Normal zone: 194560 pages, LIFO batch:31
   HighMem zone: 2574 pages used for memmap
   HighMem zone: 329472 pages, LIFO batch:31
 Tegra Revision: A01 SKU: 0 CPU Process: 1 Core Process: 1
-PERCPU: Embedded 8 pages/cpu @c187c000 s9216 r8192 d15360 u32768
+PERCPU: Embedded 8 pages/cpu @c187e000 s9216 r8192 d15360 u32768
 pcpu-alloc: s9216 r8192 d15360 u32768 alloc=8*4096
 pcpu-alloc: [0] 0 [0] 1 [0] 2 [0] 3 
 Built 1 zonelists in Zone order, mobility grouping on.  Total pages: 522512
@@ -79,7 +79,7 @@
 PID hash table entries: 4096 (order: 2, 16384 bytes)
 Dentry cache hash table entries: 131072 (order: 7, 524288 bytes)
 Inode-cache hash table entries: 65536 (order: 6, 262144 bytes)
-Memory: 2070088K/2096128K available (5923K kernel code, 301K rwdata, 1752K rodata, 237K init, 342K bss, 26040K reserved, 1317888K highmem)
+Memory: 2070080K/2096128K available (5923K kernel code, 301K rwdata, 1756K rodata, 237K init, 342K bss, 26048K reserved, 1317888K highmem)
 Virtual kernel memory layout:
     vector  : 0xffff0000 - 0xffff1000   (   4 kB)
     fixmap  : 0xfff00000 - 0xfffe0000   ( 896 kB)
@@ -87,10 +87,10 @@
     lowmem  : 0xc0000000 - 0xef800000   ( 760 MB)
     pkmap   : 0xbfe00000 - 0xc0000000   (   2 MB)
     modules : 0xbf000000 - 0xbfe00000   (  14 MB)
-      .text : 0xc0008000 - 0xc07872ec   (7677 kB)
-      .init : 0xc0788000 - 0xc07c3400   ( 237 kB)
-      .data : 0xc07c4000 - 0xc080f5a0   ( 302 kB)
-       .bss : 0xc080f5a0 - 0xc0864e08   ( 343 kB)
+      .text : 0xc0008000 - 0xc0788310   (7681 kB)
+      .init : 0xc0789000 - 0xc07c4400   ( 237 kB)
+      .data : 0xc07c6000 - 0xc08115e0   ( 302 kB)
+       .bss : 0xc08115e0 - 0xc0866e08   ( 343 kB)
 Preemptible hierarchical RCU implementation.
 NR_IRQS:16 nr_irqs:16 16
 sched_clock: 32 bits at 1000kHz, resolution 1000ns, wraps every 4294967ms
@@ -109,7 +109,7 @@
 /cpus/cpu@2 missing clock-frequency property
 /cpus/cpu@3 missing clock-frequency property
 CPU0: thread -1, cpu 0, socket 0, mpidr 80000000
-Setting up static identity map for 0xc05a2238 - 0xc05a22d0
+Setting up static identity map for 0xc05a20f8 - 0xc05a2190
 CPU1: Booted secondary processor
 CPU1: thread -1, cpu 1, socket 0, mpidr 80000001
 CPU2: Booted secondary processor
@@ -250,7 +250,7 @@
 io scheduler noop registered (default)
 tegra-apbdma 6000a000.dma: Tegra20 APB DMA driver register 32 channels
 Serial: 8250/16550 driver, 4 ports, IRQ sharing disabled
-70006300.serial: ttyS0 at MMIO 0x70006300 (irq = 122) is a Tegra
+70006300.serial: ttyS0 at MMIO 0x70006300 (irq = 122, base_baud = 25500000) is a Tegra
 console [ttyS0] enabled
 [drm] Initialized drm 1.1.0 20060810
 loop: module loaded
@@ -342,7 +342,7 @@
 platform 6.regulator: Driver reg-fixed-voltage requests probe deferral
 input: gpio-keys.2 as /devices/soc0/gpio-keys.2/input/input1
 platform 6.regulator: Driver reg-fixed-voltage requests probe deferral
-palmas-rtc rtc.7: setting system clock to 2000-01-05 06:46:13 UTC (947054773)
+palmas-rtc rtc.7: setting system clock to 2000-01-08 02:30:39 UTC (947298639)
 ALSA device list:
   #0: NVIDIA Tegra Dalmore
  
@@ -352,7 +352,7 @@
 EXT3-fs (mmcblk0p1): mounted filesystem with writeback data mode
 VFS: Mounted root (ext3 filesystem) on device 179:1.
 devtmpfs: mounted
-Freeing unused kernel memory: 236K (c0788000 - c07c3000)
+Freeing unused kernel memory: 236K (c0789000 - c07c4000)
 bash: cannot set terminal process group (-1): Inappropriate ioctl for device
 bash: no job control in this shell
 I have no name!@(none):/#  
Diff for ./tegra114-dalmore-headless/tegra114-dalmore/multi_v7_defconfig_log.txt
--- /tmp/fooa	2013-07-29 00:31:58.878053149 -0700
+++ /tmp/foob	2013-07-29 00:31:58.878053149 -0700
@@ -28,9 +28,9 @@
 TFTP from server 192.168.100.1; our IP address is 192.168.100.100
 Filename 'zImage.multi_v7_defconfig'.
 Load address: 0x81000000
-Loading: *#################################################  2.9 MiB/s
+Loading: *#################################################  2.8 MiB/s
 done
-Bytes transferred = 3969000 (3c8fe8 hex)
+Bytes transferred = 3973304 (3ca0b8 hex)
 Dalmore #tftpboot 0x82000000 tegra114-dalmore.dtb
 Using asx0 device
 TFTP from server 192.168.100.1; our IP address is 192.168.100.100
@@ -49,27 +49,27 @@
 Timer summary in microseconds:
        Mark    Elapsed  Stage
           0          0  awake
-  3,083,636  3,083,636  usb_start
-  7,086,932  4,003,296  eth_start
-  7,086,929         -3  tftp start
- 10,824,254  3,737,325  tftp done
- 12,099,065  1,274,811  start_kernel
+  3,038,755  3,038,755  usb_start
+  7,042,061  4,003,306  eth_start
+  7,042,058         -3  tftp start
+ 10,871,624  3,829,566  tftp done
+ 13,053,881  2,182,257  start_kernel
 Booting Linux on physical CPU 0x0
-Linux version 3.11.0-rc2-next-20130726-13687-g7fd38f2 (pwalmsley@tamien) (gcc version 4.5.1 (Sourcery G++ Lite 2010.09-50) ) #1 SMP Fri Jul 26 04:26:50 PDT 2013
+Linux version 3.11.0-rc2-next-20130729-13889-ga54a4d5 (pwalmsley@tamien) (gcc version 4.5.1 (Sourcery G++ Lite 2010.09-50) ) #1 SMP Mon Jul 29 00:10:47 PDT 2013
 CPU: ARMv7 Processor [412fc0f2] revision 2 (ARMv7), cr=10c5387d
 CPU: PIPT / VIPT nonaliasing data cache, PIPT instruction cache
 Machine: NVIDIA Tegra SoC (Flattened Device Tree), model: NVIDIA Tegra114 Dalmore evaluation board
 debug: ignoring loglevel setting.
 Memory policy: ECC disabled, Data cache writealloc
 On node 0 totalpages: 524032
-free_area_init_node: node 0, pgdat c07b6c00, node_mem_map c07ff000
+free_area_init_node: node 0, pgdat c07b8d40, node_mem_map c0801000
   DMA zone: 1520 pages used for memmap
   DMA zone: 0 pages reserved
   DMA zone: 194560 pages, LIFO batch:31
   HighMem zone: 2574 pages used for memmap
   HighMem zone: 329472 pages, LIFO batch:31
 Tegra Revision: A01 SKU: 0 CPU Process: 1 Core Process: 1
-PERCPU: Embedded 5 pages/cpu @c1816000 s6976 r0 d13504 u32768
+PERCPU: Embedded 5 pages/cpu @c1818000 s6976 r0 d13504 u32768
 pcpu-alloc: s6976 r0 d13504 u32768 alloc=8*4096
 pcpu-alloc: [0] 0 [0] 1 [0] 2 [0] 3 
 Built 1 zonelists in Zone order, mobility grouping on.  Total pages: 522512
@@ -77,17 +77,17 @@
 PID hash table entries: 4096 (order: 2, 16384 bytes)
 Dentry cache hash table entries: 131072 (order: 7, 524288 bytes)
 Inode-cache hash table entries: 65536 (order: 6, 262144 bytes)
-Memory: 2070544K/2096128K available (5387K kernel code, 584K rwdata, 1416K rodata, 478K init, 279K bss, 25584K reserved, 1317888K highmem)
+Memory: 2070536K/2096128K available (5391K kernel code, 585K rwdata, 1416K rodata, 478K init, 279K bss, 25592K reserved, 1317888K highmem)
 Virtual kernel memory layout:
     vector  : 0xffff0000 - 0xffff1000   (   4 kB)
     fixmap  : 0xfff00000 - 0xfffe0000   ( 896 kB)
     vmalloc : 0xf0000000 - 0xff000000   ( 240 MB)
     lowmem  : 0xc0000000 - 0xef800000   ( 760 MB)
     pkmap   : 0xbfe00000 - 0xc0000000   (   2 MB)
-      .text : 0xc0008000 - 0xc06ad218   (6805 kB)
-      .init : 0xc06ae000 - 0xc0725b40   ( 479 kB)
-      .data : 0xc0726000 - 0xc07b8340   ( 585 kB)
-       .bss : 0xc07b8340 - 0xc07fe0d4   ( 280 kB)
+      .text : 0xc0008000 - 0xc06ae250   (6809 kB)
+      .init : 0xc06af000 - 0xc0726b40   ( 479 kB)
+      .data : 0xc0728000 - 0xc07ba480   ( 586 kB)
+       .bss : 0xc07ba480 - 0xc08001d4   ( 280 kB)
 SLUB: HWalign=64, Order=0-3, MinObjects=0, CPUs=4, Nodes=1
 Hierarchical RCU implementation.
 NR_IRQS:16 nr_irqs:16 16
@@ -105,7 +105,7 @@
 /cpus/cpu@2 missing clock-frequency property
 /cpus/cpu@3 missing clock-frequency property
 CPU0: thread -1, cpu 0, socket 0, mpidr 80000000
-Setting up static identity map for 0xc051d6f0 - 0xc051d788
+Setting up static identity map for 0xc051e700 - 0xc051e798
 unable to find compatible sirf rstc node in dtb
 CPU1: Booted secondary processor
 CPU1: thread -1, cpu 1, socket 0, mpidr 80000001
@@ -180,7 +180,7 @@
 tegra-apbdma 6000a000.dma: Tegra20 APB DMA driver register 32 channels
 Serial: 8250/16550 driver, 4 ports, IRQ sharing disabled
 Serial: IMX driver
-70006300.serial: ttyS0 at MMIO 0x70006300 (irq = 122) is a Tegra
+70006300.serial: ttyS0 at MMIO 0x70006300 (irq = 122, base_baud = 25500000) is a Tegra
 console [ttyS0] enabled
 serial: Freescale lpuart driver
 [drm] Initialized drm 1.1.0 20060810
@@ -230,7 +230,7 @@
 platform 5.regulator: Driver reg-fixed-voltage requests probe deferral
 mmc1: BKOPS_EN bit is not set
 platform 6.regulator: Driver reg-fixed-voltage requests probe deferral
-tegra_rtc 7000e000.rtc: setting system clock to 1970-01-01 00:00:14 UTC (14)
+tegra_rtc 7000e000.rtc: setting system clock to 1970-01-01 00:00:15 UTC (15)
 Waiting for root device /dev/mmcblk0p1...
 mmc1: new HS200 MMC card at address 0001
 mmcblk0: mmc1:0001 SEM32G 29.1 GiB 
@@ -260,7 +260,7 @@
 EXT4-fs (mmcblk0p1): mounted filesystem with ordered data mode. Opts: (null)
 VFS: Mounted root (ext3 filesystem) on device 179:1.
 devtmpfs: mounted
-Freeing unused kernel memory: 476K (c06ae000 - c0725000)
+Freeing unused kernel memory: 476K (c06af000 - c0726000)
 bash: cannot set terminal process group (-1): Inappropriate ioctl for device
 bash: no job control in this shell
 I have no name!@(none):/#  
Diff for ./tegra114-dalmore-headless/tegra114-dalmore/tegra_defconfig%tegra114_mergeconfig_log.txt
--- /tmp/fooa	2013-07-29 00:31:58.886053156 -0700
+++ /tmp/foob	2013-07-29 00:31:58.886053156 -0700
@@ -1 +0,0 @@
-script "/home/pwalmsley/test_build/test/testscripts/tegra114-dalmore-headless_te
\ No newline at end of file
