
U-Boot SPL 2014.01-00219-gc4d376f (Feb 18 2014 - 19:57:18)


U-Boot 2014.01-00219-gc4d376f (Feb 18 2014 - 19:57:18)

TEGRA30
Board: NVIDIA Beaver
I2C:   ready
DRAM:  2 GiB
MMC:   Tegra SD/MMC: 0, Tegra SD/MMC: 1
In:    serial
Out:   serial
Err:   serial
Net:   Net Initialization Skipped
No ethernet found.
Hit any key to stop autoboot:  2  0 
Tegra30 (Beaver) # 
Tegra30 (Beaver) # usb reset
(Re)start USB...
USB0:   USB EHCI 1.00
scanning bus 0 for devices... 2 USB Device(s) found
       scanning usb for storage devices... 0 Storage Device(s) found
       scanning usb for ethernet devices... 
Warning: asx0 using MAC address from net device
1 Ethernet Device(s) found
Tegra30 (Beaver) # setenv bootargs 'ignore_loglevel console=ttyS0,115200n8 rw root=PARTUUID=edbe1840-3633-c751-7993-b0ac834f81e0 rootwait gpt debug noinitrd earlyprintk init=/bin/bash'
Tegra30 (Beaver) # setenv ipaddr 192.168.100.101; setenv serverip 192.168.100.1; setenv tftpserverip 192.168.100.1
Tegra30 (Beaver) # tftpboot 0x81000000 zImage.multi_v7_defconfig
Using asx0 device
TFTP from server 192.168.100.1; our IP address is 192.168.100.101
Filename 'zImage.multi_v7_defconfig'.
Load address: 0x81000000
Loading: *#################################################################
	 #################################################################
	 #################################################################
	 #################################################################
	 #################################################################
	 #################################################################
	 #################################################################
	 ###################################################
	 3.2 MiB/s
done
Bytes transferred = 7426376 (715148 hex)
Tegra30 (Beaver) # tftpboot 0x82000000 tegra30-beaver.dtb
Using asx0 device
TFTP from server 192.168.100.1; our IP address is 192.168.100.101
Filename 'tegra30-beaver.dtb'.
Load address: 0x82000000
Loading: *####
	 3.1 MiB/s
done
Bytes transferred = 51804 (ca5c hex)
Tegra30 (Beaver) # bootz 0x81000000 - 0x82000000
Kernel image @ 0x81000000 [ 0x000000 - 0x715148 ]
## Flattened Device Tree blob at 82000000
   Booting using the fdt blob at 0x82000000
   Loading Device Tree to 8fff0000, end 8ffffa5b ... OK

Starting kernel ...

[    0.000000] Booting Linux on physical CPU 0x0
[    0.000000] Linux version 4.10.0-rc3-next-20170110-144577-g7a399e4 (pwalmsley@sellafield) (gcc version 4.7.3 20130328 (prerelease) (crosstool-NG linaro-1.13.1-4.7-2013.04-20130415 - Linaro GCC 2013.04) ) #1 SMP Mon Jan 9 20:05:53 PST 2017
[    0.000000] CPU: ARMv7 Processor [412fc099] revision 9 (ARMv7), cr=10c5387d
[    0.000000] CPU: PIPT / VIPT nonaliasing data cache, VIPT aliasing instruction cache
[    0.000000] OF: fdt:Machine model: NVIDIA Tegra30 Beaver evaluation board
[    0.000000] debug: ignoring loglevel setting.
[    0.000000] efi: Getting EFI parameters from FDT:
[    0.000000] efi: UEFI not found.
[    0.000000] cma: Reserved 64 MiB at 0xfb800000
[    0.000000] Memory policy: Data cache writealloc
[    0.000000] On node 0 totalpages: 524032
[    0.000000] free_area_init_node: node 0, pgdat c142c180, node_mem_map eeff8000
[    0.000000]   DMA zone: 1536 pages used for memmap
[    0.000000]   DMA zone: 0 pages reserved
[    0.000000]   DMA zone: 196608 pages, LIFO batch:31
[    0.000000]   HighMem zone: 327424 pages, LIFO batch:31
[    0.000000] percpu: Embedded 16 pages/cpu @eef8c000 s34240 r8192 d23104 u65536
[    0.000000] pcpu-alloc: s34240 r8192 d23104 u65536 alloc=16*4096
[    0.000000] pcpu-alloc: [0] 0 [0] 1 [0] 2 [0] 3 
[    0.000000] Built 1 zonelists in Zone order, mobility grouping on.  Total pages: 522496
[    0.000000] Kernel command line: ignore_loglevel console=ttyS0,115200n8 rw root=PARTUUID=edbe1840-3633-c751-7993-b0ac834f81e0 rootwait gpt debug noinitrd earlyprintk init=/bin/bash
[    0.000000] PID hash table entries: 4096 (order: 2, 16384 bytes)
[    0.000000] Dentry cache hash table entries: 131072 (order: 7, 524288 bytes)
[    0.000000] Inode-cache hash table entries: 65536 (order: 6, 262144 bytes)
[    0.000000] Memory: 1994832K/2096128K available (9216K kernel code, 1207K rwdata, 4152K rodata, 2048K init, 470K bss, 35760K reserved, 65536K cma-reserved, 1244160K highmem)
[    0.000000] Virtual kernel memory layout:
[    0.000000]     vector  : 0xffff0000 - 0xffff1000   (   4 kB)
[    0.000000]     fixmap  : 0xffc00000 - 0xfff00000   (3072 kB)
[    0.000000]     vmalloc : 0xf0800000 - 0xff800000   ( 240 MB)
[    0.000000]     lowmem  : 0xc0000000 - 0xf0000000   ( 768 MB)
[    0.000000]     pkmap   : 0xbfe00000 - 0xc0000000   (   2 MB)
[    0.000000]     modules : 0xbf000000 - 0xbfe00000   (  14 MB)
[    0.000000]       .text : 0xc0208000 - 0xc0c00000   (10208 kB)
[    0.000000]       .init : 0xc1100000 - 0xc1300000   (2048 kB)
[    0.000000]       .data : 0xc1300000 - 0xc142dc80   (1208 kB)
[    0.000000]        .bss : 0xc142f000 - 0xc14a4ba8   ( 471 kB)
[    0.000000] SLUB: HWalign=64, Order=0-3, MinObjects=0, CPUs=4, Nodes=1
[    0.000000] Hierarchical RCU implementation.
[    0.000000] 	RCU debugfs-based tracing is enabled.
[    0.000000] 	Build-time adjustment of leaf fanout to 32.
[    0.000000] 	RCU restricting CPUs from NR_CPUS=16 to nr_cpu_ids=4.
[    0.000000] RCU: Adjusting geometry for rcu_fanout_leaf=32, nr_cpu_ids=4
[    0.000000] NR_IRQS:16 nr_irqs:16 16
[    0.000000] /interrupt-controller@60004000: 160 interrupts forwarded to /interrupt-controller@50041000
[    0.000000] L2C: platform modifies aux control register: 0x02080000 -> 0x3e480001
[    0.000000] L2C: DT/platform modifies aux control register: 0x02080000 -> 0x3e480001
[    0.000000] L2C-310 erratum 769419 enabled
[    0.000000] L2C-310 enabling early BRESP for Cortex-A9
[    0.000000] L2C-310: enabling full line of zeros but not enabled in Cortex-A9
[    0.000000] L2C-310 dynamic clock gating enabled, standby mode enabled
[    0.000000] L2C-310 cache controller enabled, 8 ways, 1024 kB
[    0.000000] L2C-310: CACHE_ID 0x410000c7, AUX_CTRL 0x4e480001
[    0.000013] sched_clock: 32 bits at 1000kHz, resolution 1000ns, wraps every 2147483647500ns
[    0.000030] clocksource: timer_us: mask: 0xffffffff max_cycles: 0xffffffff, max_idle_ns: 1911260446275 ns
[    0.000039] Switching to timer-based delay loop, resolution 1000ns
[    0.002617] Console: colour dummy device 80x30
[    0.002645] Calibrating delay loop (skipped), value calculated using timer frequency.. 2.00 BogoMIPS (lpj=10000)
[    0.002655] pid_max: default: 32768 minimum: 301
[    0.002729] Mount-cache hash table entries: 2048 (order: 1, 8192 bytes)
[    0.002736] Mountpoint-cache hash table entries: 2048 (order: 1, 8192 bytes)
[    0.003136] CPU: Testing write buffer coherency: ok
[    0.003438] CPU0: thread -1, cpu 0, socket 0, mpidr 80000000
[    0.003592] Setting up static identity map for 0x80300000 - 0x80300098
[    0.006138] Tegra Revision: A03 SKU: 128 CPU Process: 4 SoC Process: 0
[    0.006617] EFI services will not be available.
[    0.006768] smp: Bringing up secondary CPUs ...
[    0.010368] CPU1: thread -1, cpu 1, socket 0, mpidr 80000001
[    0.020329] CPU2: thread -1, cpu 2, socket 0, mpidr 80000002
[    0.030326] CPU3: thread -1, cpu 3, socket 0, mpidr 80000003
[    0.030368] smp: Brought up 1 node, 4 CPUs
[    0.030381] SMP: Total of 4 processors activated (8.00 BogoMIPS).
[    0.030387] CPU: All CPU(s) started in SVC mode.
[    0.031082] devtmpfs: initialized
[    0.039207] VFP support v0.3: implementor 41 architecture 3 part 30 variant 9 rev 4
[    0.039614] clocksource: jiffies: mask: 0xffffffff max_cycles: 0xffffffff, max_idle_ns: 19112604462750000 ns
[    0.042905] pinctrl core: initialized pinctrl subsystem
[    0.044525] NET: Registered protocol family 16
[    0.046652] DMA: preallocated 256 KiB pool for atomic coherent allocations
[    0.048400] cpuidle: using governor menu
[    0.062347] No ATAGs?
[    0.062455] hw-breakpoint: found 5 (+1 reserved) breakpoint and 1 watchpoint registers.
[    0.062466] hw-breakpoint: maximum watchpoint size is 4 bytes.
[    0.066184] Serial: AMBA PL011 UART driver
[    0.066613] tegra-mc 7000f000.memory-controller: no memory timings for RAM code 3 registered
[    0.075279] vdd_5v_sata: Failed to request enable GPIO30: -517
[    0.075292] reg-fixed-voltage regulators:regulator@3: Failed to register regulator: -517
[    0.075338] usb1_vbus: Failed to request enable GPIO238: -517
[    0.075345] reg-fixed-voltage regulators:regulator@4: Failed to register regulator: -517
[    0.075388] usb3_vbus: Failed to request enable GPIO236: -517
[    0.075395] reg-fixed-voltage regulators:regulator@5: Failed to register regulator: -517
[    0.075484] sys_3v3_pexs: Failed to request enable GPIO95: -517
[    0.075491] reg-fixed-voltage regulators:regulator@7: Failed to register regulator: -517
[    0.077310] vgaarb: loaded
[    0.077769] SCSI subsystem initialized
[    0.077900] libata version 3.00 loaded.
[    0.078040] usbcore: registered new interface driver usbfs
[    0.078073] usbcore: registered new interface driver hub
[    0.078106] usbcore: registered new device driver usb
[    0.085059] vrtc: supplied by vdd_5v_in
[    0.088344] vio: supplied by vdd_5v_in
[    0.091826] vdd1: supplied by vdd_5v_in
[    0.093182] vddio_ddr_1v2: Bringing 600000uV into 1200000-1200000uV
[    0.101837] vdd2: supplied by vdd_5v_in
[    0.121809] ldo1: supplied by vdd_1v5_gen
[    0.124195] ldo2: supplied by vdd_1v5_gen
[    0.124664] vdd_sata,avdd_plle: Bringing 1200000uV into 1050000-1050000uV
[    0.126898] ldo3: supplied by vdd_5v_in
[    0.129268] ldo4: supplied by vdd_5v_in
[    0.131817] ldo5: supplied by vdd_5v_in
[    0.141812] ldo6: supplied by vdd_1v8_gen
[    0.142282] avdd_dsi_csi,pwrdet_mipi: Bringing 1000000uV into 1200000-1200000uV
[    0.144542] ldo7: supplied by vdd_1v8_gen
[    0.151818] ldo8: supplied by vdd_1v8_gen
[    0.161904] pps_core: LinuxPPS API ver. 1 registered
[    0.161911] pps_core: Software ver. 5.3.6 - Copyright 2005-2007 Rodolfo Giometti <giometti@linux.it>
[    0.161923] PTP clock support registered
[    0.162055] EDAC MC: Ver: 3.0.0
[    0.163508] clocksource: Switched to clocksource timer_us
[    0.168811] NET: Registered protocol family 2
[    0.169196] TCP established hash table entries: 8192 (order: 3, 32768 bytes)
[    0.169250] TCP bind hash table entries: 8192 (order: 4, 65536 bytes)
[    0.169333] TCP: Hash tables configured (established 8192 bind 8192)
[    0.169454] UDP hash table entries: 512 (order: 2, 16384 bytes)
[    0.169517] UDP-Lite hash table entries: 512 (order: 2, 16384 bytes)
[    0.169684] NET: Registered protocol family 1
[    0.169969] RPC: Registered named UNIX socket transport module.
[    0.169977] RPC: Registered udp transport module.
[    0.169981] RPC: Registered tcp transport module.
[    0.169985] RPC: Registered tcp NFSv4.1 backchannel transport module.
[    0.169995] PCI: CLS 0 bytes, default 64
[    0.170762] hw perfevents: enabled with armv7_cortex_a9 PMU driver, 7 counters available
[    0.171646] futex hash table entries: 1024 (order: 4, 65536 bytes)
[    0.172124] workingset: timestamp_bits=30 max_order=19 bucket_order=0
[    0.176794] squashfs: version 4.0 (2009/01/31) Phillip Lougher
[    0.177221] NFS: Registering the id_resolver key type
[    0.177247] Key type id_resolver registered
[    0.177252] Key type id_legacy registered
[    0.177281] ntfs: driver 2.1.32 [Flags: R/O].
[    0.178310] bounce: pool size: 64 pages
[    0.178437] Block layer SCSI generic (bsg) driver version 0.4 loaded (major 248)
[    0.178446] io scheduler noop registered
[    0.178451] io scheduler deadline registered
[    0.178548] io scheduler cfq registered (default)
[    0.185979] tegra-pcie 3000.pcie-controller: 2x3 configuration
[    0.186174] tegra-pcie 3000.pcie-controller: Failed to get supply 'hvdd-pex': -517
[    0.188295] tegra30-pinctrl 70000868.pinmux: invalid group "sdmmc3_dat6_pd3" for function "rsvd1"
[    0.188308] tegra30-pinctrl 70000868.pinmux: invalid group "sdmmc3_dat7_pd4" for function "rsvd1"
[    0.188322] tegra30-pinctrl 70000868.pinmux: invalid group "vi_vsync_pd6" for function "rsvd1"
[    0.188331] tegra30-pinctrl 70000868.pinmux: invalid group "vi_hsync_pd7" for function "rsvd1"
[    0.188761] tegra30-pinctrl 70000868.pinmux: invalid group "hdmi_int_pn7" for function "rsvd1"
[    0.188804] tegra30-pinctrl 70000868.pinmux: invalid group "ulpi_data3_po4" for function "rsvd1"
[    0.189123] tegra30-pinctrl 70000868.pinmux: invalid group "vi_d10_pt2" for function "rsvd1"
[    0.189135] tegra30-pinctrl 70000868.pinmux: invalid group "vi_d11_pt3" for function "rsvd1"
[    0.189147] tegra30-pinctrl 70000868.pinmux: invalid group "vi_d0_pt4" for function "rsvd1"
[    0.189186] tegra30-pinctrl 70000868.pinmux: invalid group "pu0" for function "rsvd1"
[    0.189214] tegra30-pinctrl 70000868.pinmux: invalid group "pu3" for function "rsvd1"
[    0.189242] tegra30-pinctrl 70000868.pinmux: invalid group "pu6" for function "rsvd1"
[    0.189280] tegra30-pinctrl 70000868.pinmux: invalid group "pv3" for function "rsvd1"
[    0.189743] tegra30-pinctrl 70000868.pinmux: invalid group "pbb0" for function "rsvd1"
[    0.189856] tegra30-pinctrl 70000868.pinmux: invalid group "pcc1" for function "rsvd1"
[    0.195882] tegra-apbdma 6000a000.dma: Tegra20 APB DMA driver register 32 channels
[    0.196990] tegra-pmc 7000e400.pmc: i2c-thermtrip node not found, emergency thermal reset disabled.
[    0.229212] Serial: 8250/16550 driver, 4 ports, IRQ sharing disabled
[    0.231368] console [ttyS0] disabled
[    0.231408] 70006000.serial: ttyS0 at MMIO 0x70006000 (irq = 331, base_baud = 25500000) is a Tegra
[    1.237367] console [ttyS0] enabled
[    1.241371] SuperH (H)SCI(F) driver initialized
[    1.246469] msm_serial: driver initialized
[    1.250654] STMicroelectronics ASC driver initialized
[    1.259723] tegra-hdmi 54280000.hdmi: failed to get HDMI regulator
[    1.273974] brd: module loaded
[    1.280972] loop: module loaded
[    1.289035] m25p80 spi32766.1: w25q32 (4096 Kbytes)
[    1.295671] libphy: Fixed MDIO Bus: probed
[    1.300344] CAN device driver interface
[    1.304772] bgmac_bcma: Broadcom 47xx GBit MAC driver loaded
[    1.311121] e1000e: Intel(R) PRO/1000 Network Driver - 3.2.6-k
[    1.316947] e1000e: Copyright(c) 1999 - 2015 Intel Corporation.
[    1.322889] igb: Intel(R) Gigabit Ethernet Network Driver - version 5.4.0-k
[    1.329841] igb: Copyright (c) 2007-2014 Intel Corporation.
[    1.337289] pegasus: v0.9.3 (2013/04/25), Pegasus/Pegasus II USB Ethernet driver
[    1.344732] usbcore: registered new interface driver pegasus
[    1.350413] usbcore: registered new interface driver asix
[    1.355827] usbcore: registered new interface driver ax88179_178a
[    1.361925] usbcore: registered new interface driver cdc_ether
[    1.367782] usbcore: registered new interface driver smsc75xx
[    1.373551] usbcore: registered new interface driver smsc95xx
[    1.379300] usbcore: registered new interface driver net1080
[    1.384974] usbcore: registered new interface driver cdc_subset
[    1.390903] usbcore: registered new interface driver zaurus
[    1.396503] usbcore: registered new interface driver cdc_ncm
[    1.403476] ehci_hcd: USB 2.0 'Enhanced' Host Controller (EHCI) Driver
[    1.410004] ehci-pci: EHCI PCI platform driver
[    1.414468] ehci-platform: EHCI generic platform driver
[    1.419794] ehci-orion: EHCI orion driver
[    1.423875] SPEAr-ehci: EHCI SPEAr driver
[    1.427942] ehci-st: EHCI STMicroelectronics driver
[    1.432874] ehci-exynos: EHCI EXYNOS driver
[    1.437136] ehci-atmel: EHCI Atmel driver
[    1.441201] tegra-ehci: Tegra EHCI driver
[    1.445488] ohci_hcd: USB 1.1 'Open' Host Controller (OHCI) Driver
[    1.451661] ohci-pci: OHCI PCI platform driver
[    1.456142] ohci-platform: OHCI generic platform driver
[    1.461451] ohci-omap3: OHCI OMAP3 driver
[    1.465530] SPEAr-ohci: OHCI SPEAr driver
[    1.469598] ohci-st: OHCI STMicroelectronics driver
[    1.474542] ohci-atmel: OHCI Atmel driver
[    1.478945] usbcore: registered new interface driver usb-storage
[    1.485833] mousedev: PS/2 mouse device common for all mice
[    1.492982] tegra_rtc 7000e000.rtc: rtc core: registered 7000e000.rtc as rtc1
[    1.500150] tegra_rtc 7000e000.rtc: Tegra internal Real Time Clock
[    1.509003] random: fast init done
[    1.522277] tps65910-rtc tps65910-rtc: rtc core: registered tps65910-rtc as rtc0
[    1.529857] i2c /dev entries driver
[    1.540564] sdhci: Secure Digital Host Controller Interface driver
[    1.546756] sdhci: Copyright(c) Pierre Ossman
[    1.551967] Synopsys Designware Multimedia Card Interface Driver
[    1.558580] sdhci-pltfm: SDHCI platform and OF driver helper
[    1.564727] sdhci-tegra 78000000.sdhci: Got CD GPIO
[    1.569601] sdhci-tegra 78000000.sdhci: Got WP GPIO
[    1.575718] mmc0: Invalid maximum block size, assuming 512 bytes
[    1.643595] mmc0: SDHCI controller on 78000000.sdhci [78000000.sdhci] using ADMA
[    1.652179] mmc1: Invalid maximum block size, assuming 512 bytes
[    1.713513] mmc1: SDHCI controller on 78000600.sdhci [78000600.sdhci] using ADMA
[    1.722176] ledtrig-cpu: registered to indicate activity on CPUs
[    1.732456] usbcore: registered new interface driver usbhid
[    1.738036] usbhid: USB HID core driver
[    1.746086] NET: Registered protocol family 10
[    1.755171] Segment Routing with IPv6
[    1.758876] sit: IPv6, IPv4 and MPLS over IPv4 tunneling driver
[    1.765189] NET: Registered protocol family 17
[    1.769627] can: controller area network core (rev 20120528 abi 9)
[    1.775851] NET: Registered protocol family 29
[    1.780282] can: raw protocol (rev 20120528)
[    1.784549] can: broadcast manager protocol (rev 20161123 t)
[    1.790195] can: netlink gateway (rev 20130117) max_hops=1
[    1.795935] Key type dns_resolver registered
[    1.800568] ThumbEE CPU extension supported.
[    1.804844] Registering SWP/SWPB emulation handler
[    1.830900] vdd_ddr: supplied by vdd_5v_in
[    1.835873] vdd_5v_sata: supplied by vdd_5v_in
[    1.840606] usb1_vbus: supplied by vdd_5v_in
[    1.845209] usb3_vbus: supplied by vdd_5v_in
[    1.850670] sys_3v3,vdd_3v3_alw: supplied by vdd_5v_in
[    1.856410] +VDD_5V_HDMI: supplied by sys_3v3,vdd_3v3_alw
[    1.862054] sys_3v3_pexs: supplied by sys_3v3,vdd_3v3_alw
[    1.868191] tegra-pcie 3000.pcie-controller: 2x3 configuration
[    1.876501] tegra-pcie 3000.pcie-controller: probing port 0, using 2 lanes
[    1.889385] mmc1: new high speed MMC card at address 0001
[    1.896389] mmcblk1: mmc1:0001 SEM16G 14.8 GiB 
[    1.903653] mmcblk1boot0: mmc1:0001 SEM16G partition 1 1.00 MiB
[    1.910614] mmcblk1boot1: mmc1:0001 SEM16G partition 2 1.00 MiB
[    1.917667] mmcblk1rpmb: mmc1:0001 SEM16G partition 3 128 KiB
[    1.927346] Primary GPT is invalid, using alternate GPT.
[    1.932661]  mmcblk1: p1 p2 p3 p4 p5
[    1.940911] mmc0: new ultra high speed DDR50 SDHC card at address aaaa
[    1.941725] tegra-pcie 3000.pcie-controller: probing port 2, using 2 lanes
[    1.954950] mmcblk0: mmc0:aaaa SS04G 3.69 GiB 
[    1.981196]  mmcblk0: p1 p2 p3
[    2.345593] tegra-pcie 3000.pcie-controller: link 2 down, retrying
[    2.755563] tegra-pcie 3000.pcie-controller: link 2 down, retrying
[    3.165526] tegra-pcie 3000.pcie-controller: link 2 down, retrying
[    3.173704] tegra-pcie 3000.pcie-controller: link 2 down, ignoring
[    3.179990] tegra-pcie 3000.pcie-controller: PCI host bridge to bus 0000:00
[    3.186956] pci_bus 0000:00: root bus resource [io  0x0000-0xffff]
[    3.193122] pci_bus 0000:00: root bus resource [mem 0x20000000-0x27ffffff]
[    3.199988] pci_bus 0000:00: root bus resource [mem 0x28000000-0x3fffffff pref]
[    3.207288] pci_bus 0000:00: root bus resource [bus 00-ff]
[    3.212782] pci 0000:00:01.0: [10de:0e1c] type 01 class 0x060400
[    3.218833] pci_bus 0000:00: 2-byte config write to 0000:00:01.0 offset 0x52 may corrupt adjacent RW1C bits
[    3.228576] pci 0000:00:01.0: PME# supported from D0 D1 D2 D3hot D3cold
[    3.235185] pci_bus 0000:00: 2-byte config write to 0000:00:01.0 offset 0x4c may corrupt adjacent RW1C bits
[    3.245052] pci_bus 0000:00: 2-byte config write to 0000:00:01.0 offset 0x3e may corrupt adjacent RW1C bits
[    3.254784] pci_bus 0000:00: 2-byte config write to 0000:00:01.0 offset 0x4 may corrupt adjacent RW1C bits
[    3.264424] pci_bus 0000:00: 1-byte config write to 0000:00:01.0 offset 0xc may corrupt adjacent RW1C bits
[    3.274061] PCI: bus0: Fast back to back transfers disabled
[    3.279621] pci 0000:00:01.0: bridge configuration invalid ([bus 00-00]), reconfiguring
[    3.287613] pci_bus 0000:00: 2-byte config write to 0000:00:01.0 offset 0x3e may corrupt adjacent RW1C bits
[    3.297340] pci_bus 0000:00: 2-byte config write to 0000:00:01.0 offset 0x3e may corrupt adjacent RW1C bits
[    3.307066] pci_bus 0000:00: 2-byte config write to 0000:00:01.0 offset 0x3e may corrupt adjacent RW1C bits
[    3.316792] pci_bus 0000:00: 2-byte config write to 0000:00:01.0 offset 0x6 may corrupt adjacent RW1C bits
[    3.326522] pci 0000:01:00.0: [10ec:8168] type 00 class 0x020000
[    3.332527] pci 0000:01:00.0: reg 0x10: [io  0x0000-0x00ff]
[    3.338111] pci 0000:01:00.0: reg 0x18: [mem 0x00000000-0x00000fff 64bit pref]
[    3.345333] pci 0000:01:00.0: reg 0x20: [mem 0x00000000-0x00003fff 64bit pref]
[    3.352571] pci_bus 0000:01: 2-byte config write to 0000:01:00.0 offset 0x52 may corrupt adjacent RW1C bits
[    3.362339] pci 0000:01:00.0: supports D1 D2
[    3.366604] pci 0000:01:00.0: PME# supported from D0 D1 D2 D3hot D3cold
[    3.393535] PCI: bus1: Fast back to back transfers disabled
[    3.399096] pci_bus 0000:01: busn_res: [bus 01-ff] end is updated to 01
[    3.405769] pci 0000:00:01.0: BAR 9: assigned [mem 0x28000000-0x280fffff 64bit pref]
[    3.413506] pci 0000:00:01.0: BAR 7: assigned [io  0x1000-0x1fff]
[    3.419588] pci 0000:01:00.0: BAR 4: assigned [mem 0x28000000-0x28003fff 64bit pref]
[    3.427332] pci 0000:01:00.0: BAR 2: assigned [mem 0x28004000-0x28004fff 64bit pref]
[    3.435075] pci 0000:01:00.0: BAR 0: assigned [io  0x1000-0x10ff]
[    3.441156] pci 0000:00:01.0: PCI bridge to [bus 01]
[    3.446114] pci 0000:00:01.0:   bridge window [io  0x1000-0x1fff]
[    3.452193] pci 0000:00:01.0:   bridge window [mem 0x28000000-0x280fffff 64bit pref]
[    3.459940] pci 0000:00:01.0: nv_msi_ht_cap_quirk didn't locate host bridge
[    3.466954] pcieport 0000:00:01.0: enabling device (0140 -> 0143)
[    3.473217] pcieport 0000:00:01.0: Signaling PME with IRQ 374
[    3.479151] r8169 Gigabit Ethernet driver 2.3LK-NAPI loaded
[    3.484741] r8169 0000:01:00.0: enabling device (0140 -> 0143)
[    3.491926] r8169 0000:01:00.0 eth0: RTL8168evl/8111evl at 0xf0afe000, 02:04:4b:01:60:a6, XID 0c900800 IRQ 375
[    3.501932] r8169 0000:01:00.0 eth0: jumbo features [frames: 9200 bytes, tx checksumming: ko]
[    3.513466] [drm] Supports vblank timestamp caching Rev 2 (21.10.2013).
[    3.520083] [drm] No driver support for vblank timestamp query.
[    3.526022] [drm] Cannot find any crtc or sizes - going 1024x768
[    3.551202] Console: switching to colour frame buffer device 128x48
[    3.563927] drm drm: fb0:  frame buffer device
[    3.568417] [drm] Initialized tegra 0.0.0 20120330 for drm on minor 0
[    3.580261] utmi_phy_clk_enable: timeout waiting for phy to stabilize
[    3.586754] tegra-ehci 7d004000.usb: EHCI Host Controller
[    3.592157] tegra-ehci 7d004000.usb: new USB bus registered, assigned bus number 1
[    3.599986] tegra-ehci 7d004000.usb: irq 343, io mem 0x7d004000
[    3.633526] tegra-ehci 7d004000.usb: USB 2.0 started, EHCI 1.00
[    3.640433] hub 1-0:1.0: USB hub found
[    3.644208] hub 1-0:1.0: 1 port detected
[    3.649302] tegra-ehci 7d008000.usb: EHCI Host Controller
[    3.654719] tegra-ehci 7d008000.usb: new USB bus registered, assigned bus number 2
[    3.662451] tegra-ehci 7d008000.usb: irq 344, io mem 0x7d008000
[    3.693520] tegra-ehci 7d008000.usb: USB 2.0 started, EHCI 1.00
[    3.700288] hub 2-0:1.0: USB hub found
[    3.704058] hub 2-0:1.0: 1 port detected
[    3.712548] tps65910-rtc tps65910-rtc: setting system clock to 2000-01-01 00:00:02 UTC (946684802)
[    3.722156] vdd_sata,avdd_plle: disabling
[    3.726526] usb1_vbus: disabling
[    3.731361] EXT4-fs (mmcblk1p1): mounting ext3 file system using the ext4 subsystem
[    3.746446] EXT4-fs (mmcblk1p1): warning: mounting fs with errors, running e2fsck is recommended
[    3.756704] EXT4-fs (mmcblk1p1): recovery complete
[    3.761490] EXT4-fs (mmcblk1p1): mounted filesystem with ordered data mode. Opts: (null)
[    3.769613] VFS: Mounted root (ext3 filesystem) on device 179:1.
[    3.786004] devtmpfs: mounted
[    3.791423] Freeing unused kernel memory: 2048K
bash: cannot set terminal process group (-1): Inappropriate ioctl for device
bash: no job control in this shell
root@(none):/# mount -t sysfs none /sys
root@(none):/# 
root@(none):/# [    4.723211] asix 2-1:1.0 eth1: register 'asix' at usb-7d008000.usb-1, ASIX AX88772 USB 2.0 Ethernet, 00:50:b6:0f:67:60
mount -t debugfs none /sys/kernel/debug
root@(none):/# 
root@(none):/# rtcwake -d rtc1 -m mem -s 3
rtcwake: wakeup from "mem" using /dev/rtc1 at Thu Jan  1 00:00:21 1970
[    6.529490] PM: Syncing filesystems ... done.
[    6.541639] Freezing user space processes ... (elapsed 0.001 seconds) done.
[    6.549739] Freezing remaining freezable tasks ... (elapsed 0.001 seconds) done.
[    6.558365] Suspending console(s) (use no_console_suspend to debug)
[    6.638616] PM: suspend of devices complete after 73.128 msecs
[    6.640354] PM: late suspend of devices complete after 1.729 msecs
[    6.664228] PM: noirq suspend of devices complete after 23.867 msecs
[    6.664232] Disabling non-boot CPUs ...
[    6.664592] IRQ17 no longer affine to CPU1
[    6.664911] CPU1: shutdown
[    6.735013] CPU2: shutdown
[    6.794781] CPU3: shutdown
[    6.844044] Entering suspend state LP1
[    6.844044] Suspended for 3.071 seconds
[    6.844056] Enabling non-boot CPUs ...
[    6.874506] CPU1 is up
[    6.914599] CPU2 is up
[    6.954717] CPU3 is up
[    6.955312] pcieport 0000:00:01.0: nv_msi_ht_cap_quirk didn't locate host bridge
[    6.983578] PM: noirq resume of devices complete after 28.853 msecs
[    6.985004] PM: early resume of devices complete after 1.030 msecs
[    7.540583] PM: resume of devices complete after 555.570 msecs
[    7.619814] Restarting tasks ... done.
root@(none):/# 
root@(none):/# rtcwake -d rtc1 -m mem -s 3
rtcwake: wakeup from "mem" using /dev/rtc1 at Thu Jan  1 00:00:26 1970
[    8.577329] PM: Syncing filesystems ... done.
[    8.590000] Freezing user space processes ... (elapsed 0.001 seconds) done.
[    8.598101] Freezing remaining freezable tasks ... (elapsed 0.001 seconds) done.
[    8.606706] Suspending console(s) (use no_console_suspend to debug)
[    8.644786] pci_generic_config_write32: 62 callbacks suppressed
[    8.644797] pci_bus 0000:00: 2-byte config write to 0000:00:01.0 offset 0x9c may corrupt adjacent RW1C bits
[    8.688194] PM: suspend of devices complete after 74.446 msecs
[    8.689934] PM: late suspend of devices complete after 1.731 msecs
[    8.690366] pci_bus 0000:01: 2-byte config write to 0000:01:00.0 offset 0x44 may corrupt adjacent RW1C bits
[    8.690383] pci_bus 0000:01: 2-byte config write to 0000:01:00.0 offset 0x44 may corrupt adjacent RW1C bits
[    8.714208] PM: noirq suspend of devices complete after 24.268 msecs
[    8.714211] Disabling non-boot CPUs ...
[    8.714887] CPU1: shutdown
[    8.754928] CPU2: shutdown
[    8.824410] IRQ17 no longer affine to CPU3
[    8.824610] CPU3: shutdown
[    8.874015] Entering suspend state LP1
[    8.874015] Suspended for 2.970 seconds
[    8.874029] Enabling non-boot CPUs ...
[    8.904656] CPU1 is up
[    8.944731] CPU2 is up
[    8.984860] CPU3 is up
[    8.985575] pci_bus 0000:00: 2-byte config write to 0000:00:01.0 offset 0x4c may corrupt adjacent RW1C bits
[    8.985595] pci_bus 0000:00: 2-byte config write to 0000:00:01.0 offset 0x88 may corrupt adjacent RW1C bits
[    8.985603] pci_bus 0000:00: 2-byte config write to 0000:00:01.0 offset 0x90 may corrupt adjacent RW1C bits
[    8.985608] pci_bus 0000:00: 2-byte config write to 0000:00:01.0 offset 0x98 may corrupt adjacent RW1C bits
[    8.985613] pci_bus 0000:00: 2-byte config write to 0000:00:01.0 offset 0x9c may corrupt adjacent RW1C bits
[    8.985634] pci_bus 0000:00: 2-byte config write to 0000:00:01.0 offset 0x52 may corrupt adjacent RW1C bits
[    8.985642] pci_bus 0000:00: 2-byte config write to 0000:00:01.0 offset 0x52 may corrupt adjacent RW1C bits
[    8.985668] pcieport 0000:00:01.0: nv_msi_ht_cap_quirk didn't locate host bridge
[    9.023562] PM: noirq resume of devices complete after 38.692 msecs
[    9.026335] PM: early resume of devices complete after 2.337 msecs
[    9.585401] PM: resume of devices complete after 559.055 msecs
[    9.768067] Restarting tasks ... done.
root@(none):/# 
root@(none):/# rtcwake -d rtc1 -m mem -s 3
rtcwake: wakeup from "mem" using /dev/rtc1 at Thu Jan  1 00:00:31 1970
[   10.562941] PM: Syncing filesystems ... done.
[   10.577021] Freezing user space processes ... (elapsed 0.001 seconds) done.
[   10.585180] Freezing remaining freezable tasks ... (elapsed 0.001 seconds) done.
[   10.593848] Suspending console(s) (use no_console_suspend to debug)
[   10.678544] PM: suspend of devices complete after 77.428 msecs
[   10.682806] PM: late suspend of devices complete after 4.253 msecs
[   10.704357] PM: noirq suspend of devices complete after 21.542 msecs
[   10.704361] Disabling non-boot CPUs ...
[   10.704815] IRQ17 no longer affine to CPU1
[   10.705224] CPU1: shutdown
[   10.755157] CPU2: shutdown
[   10.814798] CPU3: shutdown
[   10.863999] Entering suspend state LP1
[   10.863999] Suspended for 3.009 seconds
[   10.864014] Enabling non-boot CPUs ...
[   10.894648] CPU1 is up
[   10.934705] CPU2 is up
[   10.974811] CPU3 is up
[   10.975567] pcieport 0000:00:01.0: nv_msi_ht_cap_quirk didn't locate host bridge
[   11.003538] PM: noirq resume of devices complete after 28.718 msecs
[   11.004772] PM: early resume of devices complete after 0.798 msecs
[   11.565463] PM: resume of devices complete after 560.679 msecs
[   11.644964] Restarting tasks ... done.
root@(none):/# 
root@(none):/# rtcwake -d rtc1 -m mem -s 3
rtcwake: wakeup from "mem" using /dev/rtc1 at Thu Jan  1 00:00:36 1970
[   12.573560] PM: Syncing filesystems ... done.
[   12.587134] Freezing user space processes ... (elapsed 0.001 seconds) done.
[   12.595279] Freezing remaining freezable tasks ... (elapsed 0.001 seconds) done.
[   12.603941] Suspending console(s) (use no_console_suspend to debug)
[   12.688496] PM: suspend of devices complete after 77.287 msecs
[   12.690745] PM: late suspend of devices complete after 2.237 msecs
[   12.714318] PM: noirq suspend of devices complete after 23.566 msecs
[   12.714324] Disabling non-boot CPUs ...
[   12.715180] CPU1: shutdown
[   12.764912] IRQ17 no longer affine to CPU2
[   12.765191] CPU2: shutdown
[   12.824562] CPU3: shutdown
[   12.854088] Entering suspend state LP1
[   12.854088] Suspended for 3.009 seconds
[   12.854101] Enabling non-boot CPUs ...
[   12.884639] CPU1 is up
[   12.924698] CPU2 is up
[   12.964796] CPU3 is up
[   12.965557] pcieport 0000:00:01.0: nv_msi_ht_cap_quirk didn't locate host bridge
[   12.993497] PM: noirq resume of devices complete after 28.690 msecs
[   12.995240] PM: early resume of devices complete after 1.304 msecs
[   13.550708] PM: resume of devices complete after 555.455 msecs
[   13.630242] Restarting tasks ... done.
root@(none):/# 
root@(none):/# rtcwake -d rtc1 -m mem -s 3
rtcwake: wakeup from "mem" using /dev/rtc1 at Thu Jan  1 00:00:41 1970
[   14.533485] PM: Syncing filesystems ... done.
[   14.547559] Freezing user space processes ... (elapsed 0.001 seconds) done.
[   14.555718] Freezing remaining freezable tasks ... (elapsed 0.001 seconds) done.
[   14.564382] Suspending console(s) (use no_console_suspend to debug)
[   14.604136] pci_generic_config_write32: 65 callbacks suppressed
[   14.604150] pci_bus 0000:00: 2-byte config write to 0000:00:01.0 offset 0x9c may corrupt adjacent RW1C bits
[   14.647473] PM: suspend of devices complete after 75.828 msecs
[   14.651745] PM: late suspend of devices complete after 4.258 msecs
[   14.652496] pci_bus 0000:01: 2-byte config write to 0000:01:00.0 offset 0x44 may corrupt adjacent RW1C bits
[   14.652512] pci_bus 0000:01: 2-byte config write to 0000:01:00.0 offset 0x44 may corrupt adjacent RW1C bits
[   14.674301] PM: noirq suspend of devices complete after 22.547 msecs
[   14.674305] Disabling non-boot CPUs ...
[   14.674768] IRQ17 no longer affine to CPU1
[   14.675184] CPU1: shutdown
[   14.725126] CPU2: shutdown
[   14.784726] CPU3: shutdown
[   14.833938] Entering suspend state LP1
[   14.833938] Suspended for 3.020 seconds
[   14.833952] Enabling non-boot CPUs ...
[   14.864580] CPU1 is up
[   14.904653] CPU2 is up
[   14.944774] CPU3 is up
[   14.945481] pci_bus 0000:00: 2-byte config write to 0000:00:01.0 offset 0x4c may corrupt adjacent RW1C bits
[   14.945495] pci_bus 0000:00: 2-byte config write to 0000:00:01.0 offset 0x88 may corrupt adjacent RW1C bits
[   14.945502] pci_bus 0000:00: 2-byte config write to 0000:00:01.0 offset 0x90 may corrupt adjacent RW1C bits
[   14.945507] pci_bus 0000:00: 2-byte config write to 0000:00:01.0 offset 0x98 may corrupt adjacent RW1C bits
[   14.945512] pci_bus 0000:00: 2-byte config write to 0000:00:01.0 offset 0x9c may corrupt adjacent RW1C bits
[   14.945533] pci_bus 0000:00: 2-byte config write to 0000:00:01.0 offset 0x52 may corrupt adjacent RW1C bits
[   14.945541] pci_bus 0000:00: 2-byte config write to 0000:00:01.0 offset 0x52 may corrupt adjacent RW1C bits
[   14.945568] pcieport 0000:00:01.0: nv_msi_ht_cap_quirk didn't locate host bridge
[   14.973470] PM: noirq resume of devices complete after 28.686 msecs
[   14.975136] PM: early resume of devices complete after 1.225 msecs
[   15.529534] PM: resume of devices complete after 554.389 msecs
[   15.712153] Restarting tasks ... done.
root@(none):/# 
root@(none):/# rtcwake -d rtc1 -m mem -s 3
rtcwake: wakeup from "mem" using /dev/rtc1 at Thu Jan  1 00:00:46 1970
[   16.586685] PM: Syncing filesystems ... done.
[   16.600754] Freezing user space processes ... (elapsed 0.001 seconds) done.
[   16.608907] Freezing remaining freezable tasks ... (elapsed 0.001 seconds) done.
[   16.617580] Suspending console(s) (use no_console_suspend to debug)
[   16.707454] PM: suspend of devices complete after 82.590 msecs
[   16.708681] PM: late suspend of devices complete after 1.217 msecs
[   16.734264] PM: noirq suspend of devices complete after 25.574 msecs
[   16.734268] Disabling non-boot CPUs ...
[   16.734716] IRQ17 no longer affine to CPU1
[   16.735124] CPU1: shutdown
[   16.775125] CPU2: shutdown
[   16.834518] CPU3: shutdown
[   16.864035] Entering suspend state LP1
[   16.864035] Suspended for 2.969 seconds
[   16.864050] Enabling non-boot CPUs ...
[   16.894584] CPU1 is up
[   16.934621] CPU2 is up
[   16.974716] CPU3 is up
[   16.975477] pcieport 0000:00:01.0: nv_msi_ht_cap_quirk didn't locate host bridge
[   17.003437] PM: noirq resume of devices complete after 28.711 msecs
[   17.005164] PM: early resume of devices complete after 1.281 msecs
[   17.560542] PM: resume of devices complete after 555.367 msecs
[   17.640069] Restarting tasks ... done.
root@(none):/# 
root@(none):/# rtcwake -d rtc1 -m mem -s 3
rtcwake: wakeup from "mem" using /dev/rtc1 at Thu Jan  1 00:00:51 1970
[   18.543938] PM: Syncing filesystems ... done.
[   18.558022] Freezing user space processes ... (elapsed 0.001 seconds) done.
[   18.566181] Freezing remaining freezable tasks ... (elapsed 0.001 seconds) done.
[   18.574846] Suspending console(s) (use no_console_suspend to debug)
[   18.657416] PM: suspend of devices complete after 75.296 msecs
[   18.661661] PM: late suspend of devices complete after 4.232 msecs
[   18.684238] PM: noirq suspend of devices complete after 22.566 msecs
[   18.684241] Disabling non-boot CPUs ...
[   18.684702] IRQ17 no longer affine to CPU1
[   18.685117] CPU1: shutdown
[   18.735057] CPU2: shutdown
[   18.794646] CPU3: shutdown
[   18.843904] Entering suspend state LP1
[   18.843904] Suspended for 3.020 seconds
[   18.843918] Enabling non-boot CPUs ...
[   18.874543] CPU1 is up
[   18.914621] CPU2 is up
[   18.954728] CPU3 is up
[   18.955489] pcieport 0000:00:01.0: nv_msi_ht_cap_quirk didn't locate host bridge
[   18.983411] PM: noirq resume of devices complete after 28.675 msecs
[   18.985146] PM: early resume of devices complete after 1.295 msecs
[   19.538992] PM: resume of devices complete after 553.835 msecs
[   19.618487] Restarting tasks ... done.
root@(none):/# 
root@(none):/# rtcwake -d rtc1 -m mem -s 3
rtcwake: wakeup from "mem" using /dev/rtc1 at Thu Jan  1 00:00:56 1970
[   20.524067] PM: Syncing filesystems ... done.
[   20.538151] Freezing user space processes ... (elapsed 0.001 seconds) done.
[   20.546315] Freezing remaining freezable tasks ... (elapsed 0.001 seconds) done.
[   20.554979] Suspending console(s) (use no_console_suspend to debug)
[   20.595035] pci_generic_config_write32: 65 callbacks suppressed
[   20.595050] pci_bus 0000:00: 2-byte config write to 0000:00:01.0 offset 0x9c may corrupt adjacent RW1C bits
[   20.637874] PM: suspend of devices complete after 75.632 msecs
[   20.639111] PM: late suspend of devices complete after 1.224 msecs
[   20.639650] pci_bus 0000:01: 2-byte config write to 0000:01:00.0 offset 0x44 may corrupt adjacent RW1C bits
[   20.639670] pci_bus 0000:01: 2-byte config write to 0000:01:00.0 offset 0x44 may corrupt adjacent RW1C bits
[   20.664222] PM: noirq suspend of devices complete after 25.103 msecs
[   20.664228] Disabling non-boot CPUs ...
[   20.664704] IRQ17 no longer affine to CPU1
[   20.665124] CPU1: shutdown
[   20.705047] CPU2: shutdown
[   20.764641] CPU3: shutdown
[   20.813899] Entering suspend state LP1
[   20.813899] Suspended for 3.029 seconds
[   20.813914] Enabling non-boot CPUs ...
[   20.844504] CPU1 is up
[   20.884563] CPU2 is up
[   20.924694] CPU3 is up
[   20.925399] pci_bus 0000:00: 2-byte config write to 0000:00:01.0 offset 0x4c may corrupt adjacent RW1C bits
[   20.925415] pci_bus 0000:00: 2-byte config write to 0000:00:01.0 offset 0x88 may corrupt adjacent RW1C bits
[   20.925423] pci_bus 0000:00: 2-byte config write to 0000:00:01.0 offset 0x90 may corrupt adjacent RW1C bits
[   20.925428] pci_bus 0000:00: 2-byte config write to 0000:00:01.0 offset 0x98 may corrupt adjacent RW1C bits
[   20.925433] pci_bus 0000:00: 2-byte config write to 0000:00:01.0 offset 0x9c may corrupt adjacent RW1C bits
[   20.925455] pci_bus 0000:00: 2-byte config write to 0000:00:01.0 offset 0x52 may corrupt adjacent RW1C bits
[   20.925462] pci_bus 0000:00: 2-byte config write to 0000:00:01.0 offset 0x52 may corrupt adjacent RW1C bits
[   20.925489] pcieport 0000:00:01.0: nv_msi_ht_cap_quirk didn't locate host bridge
[   20.953376] PM: noirq resume of devices complete after 28.673 msecs
[   20.955597] PM: early resume of devices complete after 1.784 msecs
[   21.515308] PM: resume of devices complete after 559.698 msecs
[   21.697952] Restarting tasks ... done.
root@(none):/# 
root@(none):/# rtcwake -d rtc1 -m mem -s 3
rtcwake: wakeup from "mem" using /dev/rtc1 at Thu Jan  1 00:01:01 1970
[   22.493879] PM: Syncing filesystems ... done.
[   22.507936] Freezing user space processes ... (elapsed 0.001 seconds) done.
[   22.516090] Freezing remaining freezable tasks ... (elapsed 0.001 seconds) done.
[   22.524762] Suspending console(s) (use no_console_suspend to debug)
[   22.607345] PM: suspend of devices complete after 75.324 msecs
[   22.611598] PM: late suspend of devices complete after 4.241 msecs
[   22.634185] PM: noirq suspend of devices complete after 22.577 msecs
[   22.634190] Disabling non-boot CPUs ...
[   22.634643] IRQ17 no longer affine to CPU1
[   22.635057] CPU1: shutdown
[   22.685010] CPU2: shutdown
[   22.744605] CPU3: shutdown
[   22.793818] Entering suspend state LP1
[   22.793818] Suspended for 3.020 seconds
[   22.793830] Enabling non-boot CPUs ...
[   22.824479] CPU1 is up
[   22.864558] CPU2 is up
[   22.904663] CPU3 is up
[   22.905411] pcieport 0000:00:01.0: nv_msi_ht_cap_quirk didn't locate host bridge
[   22.933351] PM: noirq resume of devices complete after 28.679 msecs
[   22.935106] PM: early resume of devices complete after 1.313 msecs
[   23.490953] PM: resume of devices complete after 555.835 msecs
[   23.570482] Restarting tasks ... done.
root@(none):/# 
root@(none):/# rtcwake -d rtc1 -m mem -s 3
rtcwake: wakeup from "mem" using /dev/rtc1 at Thu Jan  1 00:01:06 1970
[   24.473996] PM: Syncing filesystems ... done.
[   24.488094] Freezing user space processes ... (elapsed 0.001 seconds) done.
[   24.496248] Freezing remaining freezable tasks ... (elapsed 0.001 seconds) done.
[   24.504923] Suspending console(s) (use no_console_suspend to debug)
[   24.587834] PM: suspend of devices complete after 75.632 msecs
[   24.592124] PM: late suspend of devices complete after 4.278 msecs
[   24.614151] PM: noirq suspend of devices complete after 22.018 msecs
[   24.614156] Disabling non-boot CPUs ...
[   24.614610] IRQ17 no longer affine to CPU1
[   24.615020] CPU1: shutdown
[   24.684975] CPU2: shutdown
[   24.744568] CPU3: shutdown
[   24.793819] Entering suspend state LP1
[   24.793819] Suspended for 2.999 seconds
[   24.793834] Enabling non-boot CPUs ...
[   24.824442] CPU1 is up
[   24.864507] CPU2 is up
[   24.904615] CPU3 is up
[   24.905347] pcieport 0000:00:01.0: nv_msi_ht_cap_quirk didn't locate host bridge
[   24.933323] PM: noirq resume of devices complete after 28.699 msecs
[   24.935547] PM: early resume of devices complete after 1.784 msecs
[   25.488872] PM: resume of devices complete after 553.311 msecs
[   25.568386] Restarting tasks ... done.
root@(none):/# 
root@(none):/# NVTB SYSTEM SUSPEND TEST COMPLETE
