Diff for ./tegra114-dalmore-a04/tegra114-dalmore/multi_v7_defconfig_log.txt
--- /tmp/fooa	2015-03-09 23:49:46.072332182 -0700
+++ /tmp/foob	2015-03-09 23:49:46.072332182 -0700
@@ -38,9 +38,9 @@
 	 #################################################################
 	 #################################################################
 	 ############################
-	 3.3 MiB/s
+	 3.2 MiB/s
 done
-Bytes transferred = 6124576 (5d7420 hex)
+Bytes transferred = 6134184 (5d99a8 hex)
 Tegra114 (Dalmore) # tftpboot 0x82000000 tegra114-dalmore.dtb
 Using asx0 device
 TFTP from server 192.168.100.1; our IP address is 192.168.100.100
@@ -51,7 +51,7 @@
 done
 Bytes transferred = 34638 (874e hex)
 Tegra114 (Dalmore) # bootz 0x81000000 - 0x82000000
-Kernel image @ 0x81000000 [ 0x000000 - 0x5d7420 ]
+Kernel image @ 0x81000000 [ 0x000000 - 0x5d99a8 ]
 ## Flattened Device Tree blob at 82000000
    Booting using the fdt blob at 0x82000000
    Loading Device Tree to 8fff4000, end 8ffff74d ... OK
@@ -59,7 +59,7 @@
 Starting kernel ...
 
 Booting Linux on physical CPU 0x0
-Linux version 4.0.0-rc2-next-20150306-120828-g2885500 (pwalmsley@tamien) (gcc version 4.7.3 20130328 (prerelease) (crosstool-NG linaro-1.13.1-4.7-2013.04-20130415 - Linaro GCC 2013.04) ) #1 SMP Thu Mar 5 21:19:14 PST 2015
+Linux version 4.0.0-rc3-next-20150310-121717-gd4b69f0 (pwalmsley@tamien) (gcc version 4.7.3 20130328 (prerelease) (crosstool-NG linaro-1.13.1-4.7-2013.04-20130415 - Linaro GCC 2013.04) ) #1 SMP Mon Mar 9 23:34:23 PDT 2015
 CPU: ARMv7 Processor [412fc0f2] revision 2 (ARMv7), cr=10c5387d
 CPU: PIPT / VIPT nonaliasing data cache, PIPT instruction cache
 Machine model: NVIDIA Tegra114 Dalmore evaluation board
@@ -67,7 +67,7 @@
 cma: Reserved 64 MiB at 0xfb800000
 Memory policy: Data cache writealloc
 On node 0 totalpages: 524032
-free_area_init_node: node 0, pgdat c0ee6440, node_mem_map ee7f8000
+free_area_init_node: node 0, pgdat c0eeac00, node_mem_map ee7f8000
   DMA zone: 1520 pages used for memmap
   DMA zone: 0 pages reserved
   DMA zone: 194560 pages, LIFO batch:31
@@ -80,7 +80,7 @@
 PID hash table entries: 4096 (order: 2, 16384 bytes)
 Dentry cache hash table entries: 131072 (order: 7, 524288 bytes)
 Inode-cache hash table entries: 65536 (order: 6, 262144 bytes)
-Memory: 1999524K/2096128K available (7863K kernel code, 1056K rwdata, 3456K rodata, 804K init, 316K bss, 31068K reserved, 65536K cma-reserved, 1252352K highmem)
+Memory: 1999508K/2096128K available (7872K kernel code, 1058K rwdata, 3464K rodata, 800K init, 316K bss, 31084K reserved, 65536K cma-reserved, 1252352K highmem)
 Virtual kernel memory layout:
     vector  : 0xffff0000 - 0xffff1000   (   4 kB)
     fixmap  : 0xffc00000 - 0xfff00000   (3072 kB)
@@ -88,10 +88,10 @@
     lowmem  : 0xc0000000 - 0xef800000   ( 760 MB)
     pkmap   : 0xbfe00000 - 0xc0000000   (   2 MB)
     modules : 0xbf000000 - 0xbfe00000   (  14 MB)
-      .text : 0xc0208000 - 0xc0d16fc4   (11324 kB)
-      .init : 0xc0d17000 - 0xc0de0000   ( 804 kB)
-      .data : 0xc0de0000 - 0xc0ee83c0   (1057 kB)
-       .bss : 0xc0ee83c0 - 0xc0f37528   ( 317 kB)
+      .text : 0xc0208000 - 0xc0d1b10c   (11341 kB)
+      .init : 0xc0d1c000 - 0xc0de4000   ( 800 kB)
+      .data : 0xc0de4000 - 0xc0eecba0   (1059 kB)
+       .bss : 0xc0eecba0 - 0xc0f3bda8   ( 317 kB)
 SLUB: HWalign=64, Order=0-3, MinObjects=0, CPUs=4, Nodes=1
 Hierarchical RCU implementation.
 	Additional per-CPU info printed with stalls.
@@ -115,7 +115,7 @@
 /cpus/cpu@2 missing clock-frequency property
 /cpus/cpu@3 missing clock-frequency property
 CPU0: thread -1, cpu 0, socket 0, mpidr 80000000
-Setting up static identity map for 0x8096fbc8 - 0x8096fc60
+Setting up static identity map for 0x809719f8 - 0x80971a90
 Tegra Revision: A01 SKU: 0 CPU Process: 1 Core Process: 0
 CPU1: thread -1, cpu 1, socket 0, mpidr 80000001
 CPU2: thread -1, cpu 2, socket 0, mpidr 80000002
@@ -169,7 +169,7 @@
 vdd-com-3v3: supplied by vdd-sys-3v3
 vdd-sby-5v0: supplied by vdd_ac_bat
 vdd-sby-3v3: supplied by vdd_ac_bat
-genirq: Setting trigger mode 8 for irq 341 failed (gic_set_type+0x0/0x9c)
+genirq: Setting trigger mode 8 for irq 341 failed (gic_set_type+0x0/0xa4)
 palmas 2-0058: Irq flag is 0x00000000
 palmas 2-0058: Muxing GPIO ff, PWM 0, LED 0
 vddio-ddr: supplied by vdd-ao
@@ -332,7 +332,7 @@
 hub 1-0:1.0: USB hub found
 hub 1-0:1.0: 1 port detected
 input: gpio-keys as /devices/soc0/gpio-keys/input/input1
-palmas-rtc 7000d000.i2c:tps65913@58:rtc: setting system clock to 2000-08-11 00:41:08 UTC (965954468)
+palmas-rtc 7000d000.i2c:tps65913@58:rtc: setting system clock to 2000-08-15 01:56:29 UTC (966304589)
 vdd_cam_1v8_reg: disabling
 usb1_vbus: disabling
 dvdd_ts: disabling
@@ -343,7 +343,7 @@
 EXT4-fs (mmcblk0p1): mounted filesystem with ordered data mode. Opts: (null)
 VFS: Mounted root (ext3 filesystem) on device 179:1.
 devtmpfs: mounted
-Freeing unused kernel memory: 804K (c0d17000 - c0de0000)
+Freeing unused kernel memory: 800K (c0d1c000 - c0de4000)
 bash: cannot set terminal process group (-1): Inappropriate ioctl for device
 bash: no job control in this shell
-root@(none):/# [    2.778878] usb 1-1: new high-speed USB device number 2 using tegra-ehci
+root@(none):/# [    2.778779] usb 1-1: new high-speed USB device number 2 using tegra-ehci
Diff for ./tegra114-dalmore-a04/tegra114-dalmore/tegra_defconfig_log.txt
--- /tmp/fooa	2015-03-09 23:49:46.100332181 -0700
+++ /tmp/foob	2015-03-09 23:49:46.104332181 -0700
@@ -37,9 +37,9 @@
 	 #################################################################
 	 #################################################################
 	 #####
-	 3.1 MiB/s
+	 3.3 MiB/s
 done
-Bytes transferred = 4832944 (49beb0 hex)
+Bytes transferred = 4835248 (49c7b0 hex)
 Tegra114 (Dalmore) # tftpboot 0x82000000 tegra114-dalmore.dtb
 Using asx0 device
 TFTP from server 192.168.100.1; our IP address is 192.168.100.100
@@ -50,7 +50,7 @@
 done
 Bytes transferred = 34638 (874e hex)
 Tegra114 (Dalmore) # bootz 0x81000000 - 0x82000000
-Kernel image @ 0x81000000 [ 0x000000 - 0x49beb0 ]
+Kernel image @ 0x81000000 [ 0x000000 - 0x49c7b0 ]
 ## Flattened Device Tree blob at 82000000
    Booting using the fdt blob at 0x82000000
    Loading Device Tree to 8fff4000, end 8ffff74d ... OK
@@ -61,7 +61,7 @@
 Booting Linux on physical CPU 0x0
 Initializing cgroup subsys cpu
 Initializing cgroup subsys cpuacct
-Linux version 4.0.0-rc2-next-20150306-82058-g2885500 (pwalmsley@kaivo) (gcc version 4.7.3 20130328 (prerelease) (crosstool-NG linaro-1.13.1-4.7-2013.04-20130415 - Linaro GCC 2013.04) ) #1 SMP PREEMPT Thu Mar 5 21:17:53 PST 2015
+Linux version 4.0.0-rc3-next-20150310-82947-gd4b69f0 (pwalmsley@kaivo) (gcc version 4.7.3 20130328 (prerelease) (crosstool-NG linaro-1.13.1-4.7-2013.04-20130415 - Linaro GCC 2013.04) ) #1 SMP PREEMPT Mon Mar 9 23:33:05 PDT 2015
 CPU: ARMv7 Processor [412fc0f2] revision 2 (ARMv7), cr=10c5387d
 CPU: PIPT / VIPT nonaliasing data cache, PIPT instruction cache
 Machine model: NVIDIA Tegra114 Dalmore evaluation board
@@ -69,7 +69,7 @@
 cma: Reserved 64 MiB at 0xfbc00000
 Memory policy: Data cache writealloc
 On node 0 totalpages: 524032
-free_area_init_node: node 0, pgdat c0947f00, node_mem_map ee7f7000
+free_area_init_node: node 0, pgdat c0947f80, node_mem_map ee7f7000
   Normal zone: 1520 pages used for memmap
   Normal zone: 0 pages reserved
   Normal zone: 194560 pages, LIFO batch:31
@@ -82,7 +82,7 @@
 PID hash table entries: 4096 (order: 2, 16384 bytes)
 Dentry cache hash table entries: 131072 (order: 7, 524288 bytes)
 Inode-cache hash table entries: 65536 (order: 6, 262144 bytes)
-Memory: 2003188K/2096128K available (6622K kernel code, 318K rwdata, 2232K rodata, 304K init, 351K bss, 27404K reserved, 65536K cma-reserved, 1252352K highmem)
+Memory: 2003188K/2096128K available (6626K kernel code, 318K rwdata, 2232K rodata, 300K init, 351K bss, 27404K reserved, 65536K cma-reserved, 1252352K highmem)
 Virtual kernel memory layout:
     vector  : 0xffff0000 - 0xffff1000   (   4 kB)
     fixmap  : 0xffc00000 - 0xfff00000   (3072 kB)
@@ -90,10 +90,10 @@
     lowmem  : 0xc0000000 - 0xef800000   ( 760 MB)
     pkmap   : 0xbfe00000 - 0xc0000000   (   2 MB)
     modules : 0xbf000000 - 0xbfe00000   (  14 MB)
-      .text : 0xc0008000 - 0xc08addb4   (8856 kB)
-      .init : 0xc08ae000 - 0xc08fa000   ( 304 kB)
-      .data : 0xc08fa000 - 0xc0949a20   ( 319 kB)
-       .bss : 0xc0949a20 - 0xc09a166c   ( 352 kB)
+      .text : 0xc0008000 - 0xc08aeea0   (8860 kB)
+      .init : 0xc08af000 - 0xc08fa000   ( 300 kB)
+      .data : 0xc08fa000 - 0xc0949ac0   ( 319 kB)
+       .bss : 0xc0949ac0 - 0xc09a172c   ( 352 kB)
 Preemptible hierarchical RCU implementation.
 	Additional per-CPU info printed with stalls.
 NR_IRQS:16 nr_irqs:16 16
@@ -116,7 +116,7 @@
 /cpus/cpu@2 missing clock-frequency property
 /cpus/cpu@3 missing clock-frequency property
 CPU0: thread -1, cpu 0, socket 0, mpidr 80000000
-Setting up static identity map for 0x80646398 - 0x80646430
+Setting up static identity map for 0x806474e0 - 0x80647578
 Tegra Revision: A01 SKU: 0 CPU Process: 1 Core Process: 0
 CPU1: thread -1, cpu 1, socket 0, mpidr 80000001
 CPU2: thread -1, cpu 2, socket 0, mpidr 80000002
@@ -169,7 +169,7 @@
 vdd-com-3v3: supplied by vdd-sys-3v3
 vdd-sby-5v0: supplied by vdd_ac_bat
 vdd-sby-3v3: supplied by vdd_ac_bat
-genirq: Setting trigger mode 8 for irq 341 failed (gic_set_type+0x0/0x94)
+genirq: Setting trigger mode 8 for irq 341 failed (gic_set_type+0x0/0x9c)
 palmas 2-0058: Irq flag is 0x00000000
 palmas 2-0058: Muxing GPIO ff, PWM 0, LED 0
 vddio-ddr: supplied by vdd-ao
@@ -323,7 +323,7 @@
 hub 1-0:1.0: USB hub found
 hub 1-0:1.0: 1 port detected
 input: gpio-keys as /devices/soc0/gpio-keys/input/input1
-palmas-rtc 7000d000.i2c:tps65913@58:rtc: setting system clock to 2000-08-11 00:40:12 UTC (965954412)
+palmas-rtc 7000d000.i2c:tps65913@58:rtc: setting system clock to 2000-08-15 01:55:32 UTC (966304532)
 vdd_cam_1v8_reg: disabling
 usb1_vbus: disabling
 dvdd_ts: disabling
@@ -335,7 +335,7 @@
 EXT3-fs (mmcblk0p1): mounted filesystem with writeback data mode
 VFS: Mounted root (ext3 filesystem) on device 179:1.
 devtmpfs: mounted
-Freeing unused kernel memory: 304K (c08ae000 - c08fa000)
+Freeing unused kernel memory: 300K (c08af000 - c08fa000)
 bash: cannot set terminal process group (-1): Inappropriate ioctl for device
 bash: no job control in this shell
-root@(none):/# [    2.939980] usb 1-1: new high-speed USB device number 2 using tegra-ehci
+root@(none):/# [    2.939974] usb 1-1: new high-speed USB device number 2 using tegra-ehci
Diff for ./tegra114-dalmore-a04/tegra114-dalmore/tegra_defconfig%tegra114_mergeconfig_log.txt
--- /tmp/fooa	2015-03-09 23:49:46.108332181 -0700
+++ /tmp/foob	2015-03-09 23:49:46.112332181 -0700
@@ -37,20 +37,20 @@
 	 #################################################################
 	 #################################################################
 	 ###
-	 3.2 MiB/s
+	 3.5 MiB/s
 done
-Bytes transferred = 4802232 (4946b8 hex)
+Bytes transferred = 4804720 (495070 hex)
 Tegra114 (Dalmore) # tftpboot 0x82000000 tegra114-dalmore.dtb
 Using asx0 device
 TFTP from server 192.168.100.1; our IP address is 192.168.100.100
 Filename 'tegra114-dalmore.dtb'.
 Load address: 0x82000000
 Loading: *###
-	 3 MiB/s
+	 2.8 MiB/s
 done
 Bytes transferred = 34638 (874e hex)
 Tegra114 (Dalmore) # bootz 0x81000000 - 0x82000000
-Kernel image @ 0x81000000 [ 0x000000 - 0x4946b8 ]
+Kernel image @ 0x81000000 [ 0x000000 - 0x495070 ]
 ## Flattened Device Tree blob at 82000000
    Booting using the fdt blob at 0x82000000
    Loading Device Tree to 8fff4000, end 8ffff74d ... OK
@@ -61,7 +61,7 @@
 Booting Linux on physical CPU 0x0
 Initializing cgroup subsys cpu
 Initializing cgroup subsys cpuacct
-Linux version 4.0.0-rc2-next-20150306-82058-g2885500 (pwalmsley@kaivo) (gcc version 4.7.3 20130328 (prerelease) (crosstool-NG linaro-1.13.1-4.7-2013.04-20130415 - Linaro GCC 2013.04) ) #1 SMP PREEMPT Thu Mar 5 21:23:25 PST 2015
+Linux version 4.0.0-rc3-next-20150310-82947-gd4b69f0 (pwalmsley@kaivo) (gcc version 4.7.3 20130328 (prerelease) (crosstool-NG linaro-1.13.1-4.7-2013.04-20130415 - Linaro GCC 2013.04) ) #1 SMP PREEMPT Mon Mar 9 23:38:37 PDT 2015
 CPU: ARMv7 Processor [412fc0f2] revision 2 (ARMv7), cr=10c5387d
 CPU: PIPT / VIPT nonaliasing data cache, PIPT instruction cache
 Machine model: NVIDIA Tegra114 Dalmore evaluation board
@@ -69,7 +69,7 @@
 cma: Reserved 64 MiB at 0xfbc00000
 Memory policy: Data cache writealloc
 On node 0 totalpages: 524032
-free_area_init_node: node 0, pgdat c092c240, node_mem_map ee7f7000
+free_area_init_node: node 0, pgdat c092c300, node_mem_map ee7f7000
   Normal zone: 1520 pages used for memmap
   Normal zone: 0 pages reserved
   Normal zone: 194560 pages, LIFO batch:31
@@ -82,7 +82,7 @@
 PID hash table entries: 4096 (order: 2, 16384 bytes)
 Dentry cache hash table entries: 131072 (order: 7, 524288 bytes)
 Inode-cache hash table entries: 65536 (order: 6, 262144 bytes)
-Memory: 2003300K/2096128K available (6601K kernel code, 303K rwdata, 2172K rodata, 288K init, 350K bss, 27292K reserved, 65536K cma-reserved, 1252352K highmem)
+Memory: 2003300K/2096128K available (6605K kernel code, 303K rwdata, 2172K rodata, 284K init, 350K bss, 27292K reserved, 65536K cma-reserved, 1252352K highmem)
 Virtual kernel memory layout:
     vector  : 0xffff0000 - 0xffff1000   (   4 kB)
     fixmap  : 0xffc00000 - 0xfff00000   (3072 kB)
@@ -90,10 +90,10 @@
     lowmem  : 0xc0000000 - 0xef800000   ( 760 MB)
     pkmap   : 0xbfe00000 - 0xc0000000   (   2 MB)
     modules : 0xbf000000 - 0xbfe00000   (  14 MB)
-      .text : 0xc0008000 - 0xc0899a40   (8775 kB)
-      .init : 0xc089a000 - 0xc08e2000   ( 288 kB)
-      .data : 0xc08e2000 - 0xc092dd60   ( 304 kB)
-       .bss : 0xc092dd60 - 0xc098592c   ( 351 kB)
+      .text : 0xc0008000 - 0xc089ab2c   (8779 kB)
+      .init : 0xc089b000 - 0xc08e2000   ( 284 kB)
+      .data : 0xc08e2000 - 0xc092de40   ( 304 kB)
+       .bss : 0xc092de40 - 0xc0985a2c   ( 351 kB)
 Preemptible hierarchical RCU implementation.
 	Additional per-CPU info printed with stalls.
 NR_IRQS:16 nr_irqs:16 16
@@ -116,7 +116,7 @@
 /cpus/cpu@2 missing clock-frequency property
 /cpus/cpu@3 missing clock-frequency property
 CPU0: thread -1, cpu 0, socket 0, mpidr 80000000
-Setting up static identity map for 0x806417c8 - 0x80641860
+Setting up static identity map for 0x80642908 - 0x806429a0
 Tegra Revision: A01 SKU: 0 CPU Process: 1 Core Process: 0
 CPU1: thread -1, cpu 1, socket 0, mpidr 80000001
 CPU2: thread -1, cpu 2, socket 0, mpidr 80000002
@@ -169,7 +169,7 @@
 vdd-com-3v3: supplied by vdd-sys-3v3
 vdd-sby-5v0: supplied by vdd_ac_bat
 vdd-sby-3v3: supplied by vdd_ac_bat
-genirq: Setting trigger mode 8 for irq 341 failed (gic_set_type+0x0/0x94)
+genirq: Setting trigger mode 8 for irq 341 failed (gic_set_type+0x0/0x9c)
 palmas 2-0058: Irq flag is 0x00000000
 palmas 2-0058: Muxing GPIO ff, PWM 0, LED 0
 vddio-ddr: supplied by vdd-ao
@@ -330,8 +330,8 @@
 platform sound: Driver tegra-snd-rt5640 requests probe deferral
 input: gpio-keys as /devices/soc0/gpio-keys/input/input0
 tegra-snd-rt5640 sound: ASoC: CPU DAI (null) not registered
+palmas-rtc 7000d000.i2c:tps65913@58:rtc: setting system clock to 2000-08-15 02:00:41 UTC (966304841)
 tegra-snd-rt5640 sound: snd_soc_register_card failed (-517)
-palmas-rtc 7000d000.i2c:tps65913@58:rtc: setting system clock to 2000-08-11 00:45:17 UTC (965954717)
 platform sound: Driver tegra-snd-rt5640 requests probe deferral
 vdd_cam_1v8_reg: disabling
 usb1_vbus: disabling
@@ -344,7 +344,7 @@
 EXT3-fs (mmcblk0p1): mounted filesystem with writeback data mode
 VFS: Mounted root (ext3 filesystem) on device 179:1.
 devtmpfs: mounted
-Freeing unused kernel memory: 288K (c089a000 - c08e2000)
+Freeing unused kernel memory: 284K (c089b000 - c08e2000)
 bash: cannot set terminal process group (-1): Inappropriate ioctl for device
 bash: no job control in this shell
-root@(none):/# [    2.969939] usb 1-1: new high-speed USB device number 2 using tegra-ehci
+root@(none):/# [    2.939985] usb 1-1: new high-speed USB device number 2 using tegra-ehci
Diff for ./tegra114-dalmore-a04/tegra114-dalmore/tegra_defconfig%tegra20,114_mergeconfig_log.txt
--- /tmp/fooa	2015-03-09 23:49:46.124332178 -0700
+++ /tmp/foob	2015-03-09 23:49:46.124332178 -0700
@@ -37,20 +37,20 @@
 	 #################################################################
 	 #################################################################
 	 ####
-	 2.9 MiB/s
+	 3.3 MiB/s
 done
-Bytes transferred = 4818704 (498710 hex)
+Bytes transferred = 4822728 (4996c8 hex)
 Tegra114 (Dalmore) # tftpboot 0x82000000 tegra114-dalmore.dtb
 Using asx0 device
 TFTP from server 192.168.100.1; our IP address is 192.168.100.100
 Filename 'tegra114-dalmore.dtb'.
 Load address: 0x82000000
 Loading: *###
-	 2.5 MiB/s
+	 3 MiB/s
 done
 Bytes transferred = 34638 (874e hex)
 Tegra114 (Dalmore) # bootz 0x81000000 - 0x82000000
-Kernel image @ 0x81000000 [ 0x000000 - 0x498710 ]
+Kernel image @ 0x81000000 [ 0x000000 - 0x4996c8 ]
 ## Flattened Device Tree blob at 82000000
    Booting using the fdt blob at 0x82000000
    Loading Device Tree to 8fff4000, end 8ffff74d ... OK
@@ -61,7 +61,7 @@
 Booting Linux on physical CPU 0x0
 Initializing cgroup subsys cpu
 Initializing cgroup subsys cpuacct
-Linux version 4.0.0-rc2-next-20150306-120828-g2885500 (pwalmsley@tamien) (gcc version 4.7.3 20130328 (prerelease) (crosstool-NG linaro-1.13.1-4.7-2013.04-20130415 - Linaro GCC 2013.04) ) #1 SMP PREEMPT Thu Mar 5 21:25:22 PST 2015
+Linux version 4.0.0-rc3-next-20150310-121717-gd4b69f0 (pwalmsley@tamien) (gcc version 4.7.3 20130328 (prerelease) (crosstool-NG linaro-1.13.1-4.7-2013.04-20130415 - Linaro GCC 2013.04) ) #1 SMP PREEMPT Mon Mar 9 23:40:36 PDT 2015
 CPU: ARMv7 Processor [412fc0f2] revision 2 (ARMv7), cr=10c5387d
 CPU: PIPT / VIPT nonaliasing data cache, PIPT instruction cache
 Machine model: NVIDIA Tegra114 Dalmore evaluation board
@@ -69,7 +69,7 @@
 cma: Reserved 64 MiB at 0xfbc00000
 Memory policy: Data cache writealloc
 On node 0 totalpages: 524032
-free_area_init_node: node 0, pgdat c0938240, node_mem_map ee7f7000
+free_area_init_node: node 0, pgdat c093a300, node_mem_map ee7f7000
   Normal zone: 1520 pages used for memmap
   Normal zone: 0 pages reserved
   Normal zone: 194560 pages, LIFO batch:31
@@ -82,7 +82,7 @@
 PID hash table entries: 4096 (order: 2, 16384 bytes)
 Dentry cache hash table entries: 131072 (order: 7, 524288 bytes)
 Inode-cache hash table entries: 65536 (order: 6, 262144 bytes)
-Memory: 2003252K/2096128K available (6614K kernel code, 311K rwdata, 2196K rodata, 292K init, 351K bss, 27340K reserved, 65536K cma-reserved, 1252352K highmem)
+Memory: 2003244K/2096128K available (6618K kernel code, 311K rwdata, 2200K rodata, 292K init, 351K bss, 27348K reserved, 65536K cma-reserved, 1252352K highmem)
 Virtual kernel memory layout:
     vector  : 0xffff0000 - 0xffff1000   (   4 kB)
     fixmap  : 0xffc00000 - 0xfff00000   (3072 kB)
@@ -90,10 +90,10 @@
     lowmem  : 0xc0000000 - 0xef800000   ( 760 MB)
     pkmap   : 0xbfe00000 - 0xc0000000   (   2 MB)
     modules : 0xbf000000 - 0xbfe00000   (  14 MB)
-      .text : 0xc0008000 - 0xc08a2c8c   (8812 kB)
-      .init : 0xc08a3000 - 0xc08ec000   ( 292 kB)
-      .data : 0xc08ec000 - 0xc0939d60   ( 312 kB)
-       .bss : 0xc0939d60 - 0xc099196c   ( 352 kB)
+      .text : 0xc0008000 - 0xc08a4d78   (8820 kB)
+      .init : 0xc08a5000 - 0xc08ee000   ( 292 kB)
+      .data : 0xc08ee000 - 0xc093be40   ( 312 kB)
+       .bss : 0xc093be40 - 0xc0993a6c   ( 352 kB)
 Preemptible hierarchical RCU implementation.
 	Additional per-CPU info printed with stalls.
 NR_IRQS:16 nr_irqs:16 16
@@ -116,7 +116,7 @@
 /cpus/cpu@2 missing clock-frequency property
 /cpus/cpu@3 missing clock-frequency property
 CPU0: thread -1, cpu 0, socket 0, mpidr 80000000
-Setting up static identity map for 0x80644260 - 0x806442f8
+Setting up static identity map for 0x806453a0 - 0x80645438
 Tegra Revision: A01 SKU: 0 CPU Process: 1 Core Process: 0
 CPU1: thread -1, cpu 1, socket 0, mpidr 80000001
 CPU2: thread -1, cpu 2, socket 0, mpidr 80000002
@@ -169,7 +169,7 @@
 vdd-com-3v3: supplied by vdd-sys-3v3
 vdd-sby-5v0: supplied by vdd_ac_bat
 vdd-sby-3v3: supplied by vdd_ac_bat
-genirq: Setting trigger mode 8 for irq 341 failed (gic_set_type+0x0/0x94)
+genirq: Setting trigger mode 8 for irq 341 failed (gic_set_type+0x0/0x9c)
 palmas 2-0058: Irq flag is 0x00000000
 palmas 2-0058: Muxing GPIO ff, PWM 0, LED 0
 vddio-ddr: supplied by vdd-ao
@@ -330,8 +330,8 @@
 platform sound: Driver tegra-snd-rt5640 requests probe deferral
 input: gpio-keys as /devices/soc0/gpio-keys/input/input0
 tegra-snd-rt5640 sound: ASoC: CPU DAI (null) not registered
+palmas-rtc 7000d000.i2c:tps65913@58:rtc: setting system clock to 2000-08-15 02:02:43 UTC (966304963)
 tegra-snd-rt5640 sound: snd_soc_register_card failed (-517)
-palmas-rtc 7000d000.i2c:tps65913@58:rtc: setting system clock to 2000-08-11 00:47:17 UTC (965954837)
 platform sound: Driver tegra-snd-rt5640 requests probe deferral
 vdd_cam_1v8_reg: disabling
 usb1_vbus: disabling
@@ -344,7 +344,7 @@
 EXT3-fs (mmcblk0p1): mounted filesystem with writeback data mode
 VFS: Mounted root (ext3 filesystem) on device 179:1.
 devtmpfs: mounted
-Freeing unused kernel memory: 292K (c08a3000 - c08ec000)
+Freeing unused kernel memory: 292K (c08a5000 - c08ee000)
 bash: cannot set terminal process group (-1): Inappropriate ioctl for device
 bash: no job control in this shell
-root@(none):/# [    2.969965] usb 1-1: new high-speed USB device number 2 using tegra-ehci
+root@(none):/# [    2.939946] usb 1-1: new high-speed USB device number 2 using tegra-ehci
Diff for ./tegra114-dalmore-a04/tegra114-dalmore/tegra_defconfig%tegra30,114_mergeconfig_log.txt
--- /tmp/fooa	2015-03-09 23:49:46.132332180 -0700
+++ /tmp/foob	2015-03-09 23:49:46.136332179 -0700
@@ -37,9 +37,9 @@
 	 #################################################################
 	 #################################################################
 	 ####
-	 3.2 MiB/s
+	 2.9 MiB/s
 done
-Bytes transferred = 4818448 (498610 hex)
+Bytes transferred = 4822600 (499648 hex)
 Tegra114 (Dalmore) # tftpboot 0x82000000 tegra114-dalmore.dtb
 Using asx0 device
 TFTP from server 192.168.100.1; our IP address is 192.168.100.100
@@ -50,7 +50,7 @@
 done
 Bytes transferred = 34638 (874e hex)
 Tegra114 (Dalmore) # bootz 0x81000000 - 0x82000000
-Kernel image @ 0x81000000 [ 0x000000 - 0x498610 ]
+Kernel image @ 0x81000000 [ 0x000000 - 0x499648 ]
 ## Flattened Device Tree blob at 82000000
    Booting using the fdt blob at 0x82000000
    Loading Device Tree to 8fff4000, end 8ffff74d ... OK
@@ -61,7 +61,7 @@
 Booting Linux on physical CPU 0x0
 Initializing cgroup subsys cpu
 Initializing cgroup subsys cpuacct
-Linux version 4.0.0-rc2-next-20150306-120828-g2885500 (pwalmsley@tamien) (gcc version 4.7.3 20130328 (prerelease) (crosstool-NG linaro-1.13.1-4.7-2013.04-20130415 - Linaro GCC 2013.04) ) #1 SMP PREEMPT Thu Mar 5 21:28:30 PST 2015
+Linux version 4.0.0-rc3-next-20150310-121717-gd4b69f0 (pwalmsley@tamien) (gcc version 4.7.3 20130328 (prerelease) (crosstool-NG linaro-1.13.1-4.7-2013.04-20130415 - Linaro GCC 2013.04) ) #1 SMP PREEMPT Mon Mar 9 23:43:44 PDT 2015
 CPU: ARMv7 Processor [412fc0f2] revision 2 (ARMv7), cr=10c5387d
 CPU: PIPT / VIPT nonaliasing data cache, PIPT instruction cache
 Machine model: NVIDIA Tegra114 Dalmore evaluation board
@@ -69,7 +69,7 @@
 cma: Reserved 64 MiB at 0xfbc00000
 Memory policy: Data cache writealloc
 On node 0 totalpages: 524032
-free_area_init_node: node 0, pgdat c0939ec0, node_mem_map ee7f7000
+free_area_init_node: node 0, pgdat c093bf80, node_mem_map ee7f7000
   Normal zone: 1520 pages used for memmap
   Normal zone: 0 pages reserved
   Normal zone: 194560 pages, LIFO batch:31
@@ -82,7 +82,7 @@
 PID hash table entries: 4096 (order: 2, 16384 bytes)
 Dentry cache hash table entries: 131072 (order: 7, 524288 bytes)
 Inode-cache hash table entries: 65536 (order: 6, 262144 bytes)
-Memory: 2003244K/2096128K available (6609K kernel code, 310K rwdata, 2204K rodata, 296K init, 350K bss, 27348K reserved, 65536K cma-reserved, 1252352K highmem)
+Memory: 2003236K/2096128K available (6614K kernel code, 310K rwdata, 2208K rodata, 296K init, 350K bss, 27356K reserved, 65536K cma-reserved, 1252352K highmem)
 Virtual kernel memory layout:
     vector  : 0xffff0000 - 0xffff1000   (   4 kB)
     fixmap  : 0xffc00000 - 0xfff00000   (3072 kB)
@@ -90,10 +90,10 @@
     lowmem  : 0xc0000000 - 0xef800000   ( 760 MB)
     pkmap   : 0xbfe00000 - 0xc0000000   (   2 MB)
     modules : 0xbf000000 - 0xbfe00000   (  14 MB)
-      .text : 0xc0008000 - 0xc08a3b80   (8815 kB)
-      .init : 0xc08a4000 - 0xc08ee000   ( 296 kB)
-      .data : 0xc08ee000 - 0xc093b9e0   ( 311 kB)
-       .bss : 0xc093b9e0 - 0xc09935ac   ( 351 kB)
+      .text : 0xc0008000 - 0xc08a5c6c   (8824 kB)
+      .init : 0xc08a6000 - 0xc08f0000   ( 296 kB)
+      .data : 0xc08f0000 - 0xc093dac0   ( 311 kB)
+       .bss : 0xc093dac0 - 0xc09956ac   ( 351 kB)
 Preemptible hierarchical RCU implementation.
 	Additional per-CPU info printed with stalls.
 NR_IRQS:16 nr_irqs:16 16
@@ -116,7 +116,7 @@
 /cpus/cpu@2 missing clock-frequency property
 /cpus/cpu@3 missing clock-frequency property
 CPU0: thread -1, cpu 0, socket 0, mpidr 80000000
-Setting up static identity map for 0x806439e0 - 0x80643a78
+Setting up static identity map for 0x80644b00 - 0x80644b98
 Tegra Revision: A01 SKU: 0 CPU Process: 1 Core Process: 0
 CPU1: thread -1, cpu 1, socket 0, mpidr 80000001
 CPU2: thread -1, cpu 2, socket 0, mpidr 80000002
@@ -169,7 +169,7 @@
 vdd-com-3v3: supplied by vdd-sys-3v3
 vdd-sby-5v0: supplied by vdd_ac_bat
 vdd-sby-3v3: supplied by vdd_ac_bat
-genirq: Setting trigger mode 8 for irq 341 failed (gic_set_type+0x0/0x94)
+genirq: Setting trigger mode 8 for irq 341 failed (gic_set_type+0x0/0x9c)
 palmas 2-0058: Irq flag is 0x00000000
 palmas 2-0058: Muxing GPIO ff, PWM 0, LED 0
 vddio-ddr: supplied by vdd-ao
@@ -323,7 +323,7 @@
 hub 1-0:1.0: USB hub found
 hub 1-0:1.0: 1 port detected
 input: gpio-keys as /devices/soc0/gpio-keys/input/input1
-palmas-rtc 7000d000.i2c:tps65913@58:rtc: setting system clock to 2000-08-11 00:50:26 UTC (965955026)
+palmas-rtc 7000d000.i2c:tps65913@58:rtc: setting system clock to 2000-08-15 02:05:51 UTC (966305151)
 vdd_cam_1v8_reg: disabling
 usb1_vbus: disabling
 dvdd_ts: disabling
@@ -335,7 +335,7 @@
 EXT3-fs (mmcblk0p1): mounted filesystem with writeback data mode
 VFS: Mounted root (ext3 filesystem) on device 179:1.
 devtmpfs: mounted
-Freeing unused kernel memory: 296K (c08a4000 - c08ee000)
+Freeing unused kernel memory: 296K (c08a6000 - c08f0000)
 bash: cannot set terminal process group (-1): Inappropriate ioctl for device
 bash: no job control in this shell
-root@(none):/# [    2.929877] usb 1-1: new high-speed USB device number 2 using tegra-ehci
+root@(none):/# [    2.929858] usb 1-1: new high-speed USB device number 2 using tegra-ehci
Diff for ./tegra124-jetson-tk1/tegra124-jetson-tk1/multi_v7_defconfig_log.txt
--- /tmp/fooa	2015-03-09 23:49:46.140332178 -0700
+++ /tmp/foob	2015-03-09 23:49:46.144332177 -0700
@@ -40,20 +40,20 @@
 	 #################################################################
 	 #################################################################
 	 ############################
-	 3.2 MiB/s
+	 3 MiB/s
 done
-Bytes transferred = 6124576 (5d7420 hex)
+Bytes transferred = 6134184 (5d99a8 hex)
 Tegra124 (Jetson TK1) # tftpboot 0x82000000 tegra124-jetson-tk1.dtb
 Using asx0 device
 TFTP from server 192.168.100.1; our IP address is 192.168.100.102
 Filename 'tegra124-jetson-tk1.dtb'.
 Load address: 0x82000000
 Loading: *####
-	 2.8 MiB/s
+	 3.1 MiB/s
 done
 Bytes transferred = 49059 (bfa3 hex)
 Tegra124 (Jetson TK1) # bootz 0x81000000 - 0x82000000
-Kernel image @ 0x81000000 [ 0x000000 - 0x5d7420 ]
+Kernel image @ 0x81000000 [ 0x000000 - 0x5d99a8 ]
 ## Flattened Device Tree blob at 82000000
    Booting using the fdt blob at 0x82000000
    Using Device Tree in place at 82000000, end 8200efa2
@@ -61,7 +61,7 @@
 Starting kernel ...
 
 Booting Linux on physical CPU 0x0
-Linux version 4.0.0-rc2-next-20150306-120828-g2885500 (pwalmsley@tamien) (gcc version 4.7.3 20130328 (prerelease) (crosstool-NG linaro-1.13.1-4.7-2013.04-20130415 - Linaro GCC 2013.04) ) #1 SMP Thu Mar 5 21:19:14 PST 2015
+Linux version 4.0.0-rc3-next-20150310-121717-gd4b69f0 (pwalmsley@tamien) (gcc version 4.7.3 20130328 (prerelease) (crosstool-NG linaro-1.13.1-4.7-2013.04-20130415 - Linaro GCC 2013.04) ) #1 SMP Mon Mar 9 23:34:23 PDT 2015
 CPU: ARMv7 Processor [413fc0f3] revision 3 (ARMv7), cr=10c5387d
 CPU: PIPT / VIPT nonaliasing data cache, PIPT instruction cache
 Machine model: NVIDIA Tegra124 Jetson TK1
@@ -69,7 +69,7 @@
 cma: Reserved 64 MiB at 0xfb800000
 Memory policy: Data cache writealloc
 On node 0 totalpages: 524032
-free_area_init_node: node 0, pgdat c0ee6440, node_mem_map ee7f8000
+free_area_init_node: node 0, pgdat c0eeac00, node_mem_map ee7f8000
   DMA zone: 1520 pages used for memmap
   DMA zone: 0 pages reserved
   DMA zone: 194560 pages, LIFO batch:31
@@ -82,7 +82,7 @@
 PID hash table entries: 4096 (order: 2, 16384 bytes)
 Dentry cache hash table entries: 131072 (order: 7, 524288 bytes)
 Inode-cache hash table entries: 65536 (order: 6, 262144 bytes)
-Memory: 1999456K/2096128K available (7863K kernel code, 1056K rwdata, 3456K rodata, 804K init, 316K bss, 31136K reserved, 65536K cma-reserved, 1252352K highmem)
+Memory: 1999440K/2096128K available (7872K kernel code, 1058K rwdata, 3464K rodata, 800K init, 316K bss, 31152K reserved, 65536K cma-reserved, 1252352K highmem)
 Virtual kernel memory layout:
     vector  : 0xffff0000 - 0xffff1000   (   4 kB)
     fixmap  : 0xffc00000 - 0xfff00000   (3072 kB)
@@ -90,10 +90,10 @@
     lowmem  : 0xc0000000 - 0xef800000   ( 760 MB)
     pkmap   : 0xbfe00000 - 0xc0000000   (   2 MB)
     modules : 0xbf000000 - 0xbfe00000   (  14 MB)
-      .text : 0xc0208000 - 0xc0d16fc4   (11324 kB)
-      .init : 0xc0d17000 - 0xc0de0000   ( 804 kB)
-      .data : 0xc0de0000 - 0xc0ee83c0   (1057 kB)
-       .bss : 0xc0ee83c0 - 0xc0f37528   ( 317 kB)
+      .text : 0xc0208000 - 0xc0d1b10c   (11341 kB)
+      .init : 0xc0d1c000 - 0xc0de4000   ( 800 kB)
+      .data : 0xc0de4000 - 0xc0eecba0   (1059 kB)
+       .bss : 0xc0eecba0 - 0xc0f3bda8   ( 317 kB)
 SLUB: HWalign=64, Order=0-3, MinObjects=0, CPUs=4, Nodes=1
 Hierarchical RCU implementation.
 	Additional per-CPU info printed with stalls.
@@ -117,7 +117,7 @@
 /cpus/cpu@2 missing clock-frequency property
 /cpus/cpu@3 missing clock-frequency property
 CPU0: thread -1, cpu 0, socket 0, mpidr 80000000
-Setting up static identity map for 0x8096fbc8 - 0x8096fc60
+Setting up static identity map for 0x809719f8 - 0x80971a90
 Tegra Revision: A01 SKU: 129 CPU Process: 1 Core Process: 1
 CPU1: thread -1, cpu 1, socket 0, mpidr 80000001
 CPU2: thread -1, cpu 2, socket 0, mpidr 80000002
@@ -397,7 +397,7 @@
 hub 2-0:1.0: USB hub found
 hub 2-0:1.0: 1 port detected
 input: gpio-keys as /devices/soc0/gpio-keys/input/input1
-as3722-rtc as3722-rtc: setting system clock to 2000-02-01 00:00:19 UTC (949363219)
+as3722-rtc as3722-rtc: setting system clock to 2000-02-01 00:00:18 UTC (949363218)
 +1.8V_RUN_VPP_FUSE: disabling
 +2.8V_RUN_CAM_AF: disabling
 +3.3V_RUN_TOUCH: disabling
@@ -414,7 +414,7 @@
 EXT4-fs (mmcblk0p1): mounted filesystem with ordered data mode. Opts: (null)
 VFS: Mounted root (ext4 filesystem) on device 179:1.
 devtmpfs: mounted
-Freeing unused kernel memory: 804K (c0d17000 - c0de0000)
+Freeing unused kernel memory: 800K (c0d1c000 - c0de4000)
 bash: cannot set terminal process group (-1): Inappropriate ioctl for device
 bash: no job control in this shell
-root@(none):/# [    5.675795] usb 2-1: new high-speed USB device number 2 using tegra-ehci
+root@(none):/# [    5.660806] usb 2-1: new high-speed USB device number 2 using tegra-ehci
Diff for ./tegra124-jetson-tk1/tegra124-jetson-tk1/tegra_defconfig_log.txt
--- /tmp/fooa	2015-03-09 23:49:46.264332181 -0700
+++ /tmp/foob	2015-03-09 23:49:46.264332181 -0700
@@ -39,9 +39,9 @@
 	 #################################################################
 	 #################################################################
 	 #####
-	 3.2 MiB/s
+	 3.3 MiB/s
 done
-Bytes transferred = 4832944 (49beb0 hex)
+Bytes transferred = 4835248 (49c7b0 hex)
 Tegra124 (Jetson TK1) # tftpboot 0x82000000 tegra124-jetson-tk1.dtb
 Using asx0 device
 TFTP from server 192.168.100.1; our IP address is 192.168.100.102
@@ -52,7 +52,7 @@
 done
 Bytes transferred = 49059 (bfa3 hex)
 Tegra124 (Jetson TK1) # bootz 0x81000000 - 0x82000000
-Kernel image @ 0x81000000 [ 0x000000 - 0x49beb0 ]
+Kernel image @ 0x81000000 [ 0x000000 - 0x49c7b0 ]
 ## Flattened Device Tree blob at 82000000
    Booting using the fdt blob at 0x82000000
    Using Device Tree in place at 82000000, end 8200efa2
@@ -63,7 +63,7 @@
 Booting Linux on physical CPU 0x0
 Initializing cgroup subsys cpu
 Initializing cgroup subsys cpuacct
-Linux version 4.0.0-rc2-next-20150306-82058-g2885500 (pwalmsley@kaivo) (gcc version 4.7.3 20130328 (prerelease) (crosstool-NG linaro-1.13.1-4.7-2013.04-20130415 - Linaro GCC 2013.04) ) #1 SMP PREEMPT Thu Mar 5 21:17:53 PST 2015
+Linux version 4.0.0-rc3-next-20150310-82947-gd4b69f0 (pwalmsley@kaivo) (gcc version 4.7.3 20130328 (prerelease) (crosstool-NG linaro-1.13.1-4.7-2013.04-20130415 - Linaro GCC 2013.04) ) #1 SMP PREEMPT Mon Mar 9 23:33:05 PDT 2015
 CPU: ARMv7 Processor [413fc0f3] revision 3 (ARMv7), cr=10c5387d
 CPU: PIPT / VIPT nonaliasing data cache, PIPT instruction cache
 Machine model: NVIDIA Tegra124 Jetson TK1
@@ -71,7 +71,7 @@
 cma: Reserved 64 MiB at 0xfbc00000
 Memory policy: Data cache writealloc
 On node 0 totalpages: 524032
-free_area_init_node: node 0, pgdat c0947f00, node_mem_map ee7f7000
+free_area_init_node: node 0, pgdat c0947f80, node_mem_map ee7f7000
   Normal zone: 1520 pages used for memmap
   Normal zone: 0 pages reserved
   Normal zone: 194560 pages, LIFO batch:31
@@ -84,7 +84,7 @@
 PID hash table entries: 4096 (order: 2, 16384 bytes)
 Dentry cache hash table entries: 131072 (order: 7, 524288 bytes)
 Inode-cache hash table entries: 65536 (order: 6, 262144 bytes)
-Memory: 2003120K/2096128K available (6622K kernel code, 318K rwdata, 2232K rodata, 304K init, 351K bss, 27472K reserved, 65536K cma-reserved, 1252352K highmem)
+Memory: 2003120K/2096128K available (6626K kernel code, 318K rwdata, 2232K rodata, 300K init, 351K bss, 27472K reserved, 65536K cma-reserved, 1252352K highmem)
 Virtual kernel memory layout:
     vector  : 0xffff0000 - 0xffff1000   (   4 kB)
     fixmap  : 0xffc00000 - 0xfff00000   (3072 kB)
@@ -92,10 +92,10 @@
     lowmem  : 0xc0000000 - 0xef800000   ( 760 MB)
     pkmap   : 0xbfe00000 - 0xc0000000   (   2 MB)
     modules : 0xbf000000 - 0xbfe00000   (  14 MB)
-      .text : 0xc0008000 - 0xc08addb4   (8856 kB)
-      .init : 0xc08ae000 - 0xc08fa000   ( 304 kB)
-      .data : 0xc08fa000 - 0xc0949a20   ( 319 kB)
-       .bss : 0xc0949a20 - 0xc09a166c   ( 352 kB)
+      .text : 0xc0008000 - 0xc08aeea0   (8860 kB)
+      .init : 0xc08af000 - 0xc08fa000   ( 300 kB)
+      .data : 0xc08fa000 - 0xc0949ac0   ( 319 kB)
+       .bss : 0xc0949ac0 - 0xc09a172c   ( 352 kB)
 Preemptible hierarchical RCU implementation.
 	Additional per-CPU info printed with stalls.
 NR_IRQS:16 nr_irqs:16 16
@@ -118,7 +118,7 @@
 /cpus/cpu@2 missing clock-frequency property
 /cpus/cpu@3 missing clock-frequency property
 CPU0: thread -1, cpu 0, socket 0, mpidr 80000000
-Setting up static identity map for 0x80646398 - 0x80646430
+Setting up static identity map for 0x806474e0 - 0x80647578
 Tegra Revision: A01 SKU: 129 CPU Process: 1 Core Process: 1
 CPU1: thread -1, cpu 1, socket 0, mpidr 80000001
 CPU2: thread -1, cpu 2, socket 0, mpidr 80000002
@@ -388,7 +388,7 @@
 hub 2-0:1.0: USB hub found
 hub 2-0:1.0: 1 port detected
 input: gpio-keys as /devices/soc0/gpio-keys/input/input1
-as3722-rtc as3722-rtc: setting system clock to 2000-02-01 00:00:17 UTC (949363217)
+as3722-rtc as3722-rtc: setting system clock to 2000-02-01 00:00:18 UTC (949363218)
 +1.8V_RUN_VPP_FUSE: disabling
 +2.8V_RUN_CAM_AF: disabling
 +3.3V_RUN_TOUCH: disabling
@@ -405,7 +405,7 @@
 EXT4-fs (mmcblk0p1): mounted filesystem with ordered data mode. Opts: (null)
 VFS: Mounted root (ext4 filesystem) on device 179:1.
 devtmpfs: mounted
-Freeing unused kernel memory: 304K (c08ae000 - c08fa000)
+Freeing unused kernel memory: 300K (c08af000 - c08fa000)
 bash: cannot set terminal process group (-1): Inappropriate ioctl for device
 bash: no job control in this shell
 usb 2-1: new high-speed USB device number 2 using tegra-ehci
Diff for ./tegra124-jetson-tk1/tegra124-jetson-tk1/tegra_defconfig%tegra124_mergeconfig_log.txt
--- /tmp/fooa	2015-03-09 23:49:46.300332170 -0700
+++ /tmp/foob	2015-03-09 23:49:46.300332170 -0700
@@ -33,16 +33,389 @@
 TFTP from server 192.168.100.1; our IP address is 192.168.100.102
 Filename 'zImage.tegra_defconfig%tegra124_mergeconfig'.
 Load address: 0x81000000
-Loading: *#EHCI timed out on TD - token=0x88008d80
-T EHCI timed out on TD - token=0x8008d80
-T EHCI timed out on TD - token=0x88008d80
-T EHCI timed out on TD - token=0x88008d80
-T EHCI timed out on TD - token=0x88008d80
-T EHCI timed out on TD - token=0x88008d80
-T #EHCI timed out on TD - token=0x88008d80
-T EHCI timed out on TD - token=0x8008d80
-T EHCI timed out on TD - token=0x88008d80
-T EHCI timed out on TD - token=0x88008d80
-T EHCI timed out on TD - token=0x88008d80
+Loading: *#################################################################
+	 #################################################################
+	 #################################################################
+	 #################################################################
+	 #################################################################
+	 ###
+	 3.3 MiB/s
+done
+Bytes transferred = 4804720 (495070 hex)
+Tegra124 (Jetson TK1) # tftpboot 0x82000000 tegra124-jetson-tk1.dtb
+Using asx0 device
+TFTP from server 192.168.100.1; our IP address is 192.168.100.102
+Filename 'tegra124-jetson-tk1.dtb'.
+Load address: 0x82000000
+Loading: *####
+	 2.9 MiB/s
+done
+Bytes transferred = 49059 (bfa3 hex)
+Tegra124 (Jetson TK1) # bootz 0x81000000 - 0x82000000
+Kernel image @ 0x81000000 [ 0x000000 - 0x495070 ]
+## Flattened Device Tree blob at 82000000
+   Booting using the fdt blob at 0x82000000
+   Using Device Tree in place at 82000000, end 8200efa2
+
+Starting kernel ...
 
-Retry count exceeded; starting again
+Uncompressing Linux... done, booting the kernel.
+Booting Linux on physical CPU 0x0
+Initializing cgroup subsys cpu
+Initializing cgroup subsys cpuacct
+Linux version 4.0.0-rc3-next-20150310-82947-gd4b69f0 (pwalmsley@kaivo) (gcc version 4.7.3 20130328 (prerelease) (crosstool-NG linaro-1.13.1-4.7-2013.04-20130415 - Linaro GCC 2013.04) ) #1 SMP PREEMPT Mon Mar 9 23:44:00 PDT 2015
+CPU: ARMv7 Processor [413fc0f3] revision 3 (ARMv7), cr=10c5387d
+CPU: PIPT / VIPT nonaliasing data cache, PIPT instruction cache
+Machine model: NVIDIA Tegra124 Jetson TK1
+debug: ignoring loglevel setting.
+cma: Reserved 64 MiB at 0xfbc00000
+Memory policy: Data cache writealloc
+On node 0 totalpages: 524032
+free_area_init_node: node 0, pgdat c092c300, node_mem_map ee7f7000
+  Normal zone: 1520 pages used for memmap
+  Normal zone: 0 pages reserved
+  Normal zone: 194560 pages, LIFO batch:31
+  HighMem zone: 329472 pages, LIFO batch:31
+PERCPU: Embedded 11 pages/cpu @ee799000 s12736 r8192 d24128 u45056
+pcpu-alloc: s12736 r8192 d24128 u45056 alloc=11*4096
+pcpu-alloc: [0] 0 [0] 1 [0] 2 [0] 3 
+Built 1 zonelists in Zone order, mobility grouping on.  Total pages: 522512
+Kernel command line: ignore_loglevel console=ttyS0,115200n8 rw root=/dev/mmcblk0p1 rootwait gpt debug init=/bin/bash noinitrd
+PID hash table entries: 4096 (order: 2, 16384 bytes)
+Dentry cache hash table entries: 131072 (order: 7, 524288 bytes)
+Inode-cache hash table entries: 65536 (order: 6, 262144 bytes)
+Memory: 2003232K/2096128K available (6605K kernel code, 303K rwdata, 2172K rodata, 284K init, 350K bss, 27360K reserved, 65536K cma-reserved, 1252352K highmem)
+Virtual kernel memory layout:
+    vector  : 0xffff0000 - 0xffff1000   (   4 kB)
+    fixmap  : 0xffc00000 - 0xfff00000   (3072 kB)
+    vmalloc : 0xf0000000 - 0xff000000   ( 240 MB)
+    lowmem  : 0xc0000000 - 0xef800000   ( 760 MB)
+    pkmap   : 0xbfe00000 - 0xc0000000   (   2 MB)
+    modules : 0xbf000000 - 0xbfe00000   (  14 MB)
+      .text : 0xc0008000 - 0xc089ab2c   (8779 kB)
+      .init : 0xc089b000 - 0xc08e2000   ( 284 kB)
+      .data : 0xc08e2000 - 0xc092de40   ( 304 kB)
+       .bss : 0xc092de40 - 0xc0985a2c   ( 351 kB)
+Preemptible hierarchical RCU implementation.
+	Additional per-CPU info printed with stalls.
+NR_IRQS:16 nr_irqs:16 16
+L2C: failed to init: -19
+sched_clock: 32 bits at 1000kHz, resolution 1000ns, wraps every 2147483648000ns
+Switching to timer-based delay loop, resolution 1000ns
+Architected cp15 timer(s) running at 12.00MHz (virt).
+sched_clock: 56 bits at 12MHz, resolution 83ns, wraps every 2863311536128ns
+Switching to timer-based delay loop, resolution 83ns
+Console: colour dummy device 80x30
+Calibrating delay loop (skipped), value calculated using timer frequency.. 24.00 BogoMIPS (lpj=120000)
+pid_max: default: 32768 minimum: 301
+Mount-cache hash table entries: 2048 (order: 1, 8192 bytes)
+Mountpoint-cache hash table entries: 2048 (order: 1, 8192 bytes)
+Initializing cgroup subsys freezer
+Initializing cgroup subsys debug
+CPU: Testing write buffer coherency: ok
+/cpus/cpu@0 missing clock-frequency property
+/cpus/cpu@1 missing clock-frequency property
+/cpus/cpu@2 missing clock-frequency property
+/cpus/cpu@3 missing clock-frequency property
+CPU0: thread -1, cpu 0, socket 0, mpidr 80000000
+Setting up static identity map for 0x80642908 - 0x806429a0
+Tegra Revision: A01 SKU: 129 CPU Process: 1 Core Process: 1
+CPU1: thread -1, cpu 1, socket 0, mpidr 80000001
+CPU2: thread -1, cpu 2, socket 0, mpidr 80000002
+CPU3: thread -1, cpu 3, socket 0, mpidr 80000003
+Brought up 4 CPUs
+SMP: Total of 4 processors activated (96.00 BogoMIPS).
+CPU: All CPU(s) started in SVC mode.
+devtmpfs: initialized
+VFP support v0.3: implementor 41 architecture 4 part 30 variant f rev 0
+pinctrl core: initialized pinctrl subsystem
+NET: Registered protocol family 16
+DMA: preallocated 256 KiB pool for atomic coherent allocations
+cpuidle: using governor ladder
+cpuidle: using governor menu
+No ATAGs?
+hw-breakpoint: found 5 (+1 reserved) breakpoint and 4 watchpoint registers.
+hw-breakpoint: maximum watchpoint size is 8 bytes.
++5V_SYS: supplied by +VDD_MUX
++3.3V_SYS: supplied by +VDD_MUX
+platform regulators:regulator@3: Driver reg-fixed-voltage requests probe deferral
+reg-fixed-voltage regulators:regulator@4: Failed to find supply vin
+reg-fixed-voltage regulators:regulator@4: Failed to register regulator: -517
+platform regulators:regulator@4: Driver reg-fixed-voltage requests probe deferral
++USB0_VBUS_SW: Failed to request enable GPIO108: -517
+reg-fixed-voltage regulators:regulator@7: Failed to register regulator: -517
+platform regulators:regulator@7: Driver reg-fixed-voltage requests probe deferral
++5V_USB_HS: Failed to request enable GPIO109: -517
+reg-fixed-voltage regulators:regulator@8: Failed to register regulator: -517
+platform regulators:regulator@8: Driver reg-fixed-voltage requests probe deferral
+platform regulators:regulator@10: Driver reg-fixed-voltage requests probe deferral
++1.05V_RUN_AVDD_HDMI_PLL: Failed to request enable GPIO63: -517
+reg-fixed-voltage regulators:regulator@11: Failed to register regulator: -517
+platform regulators:regulator@11: Driver reg-fixed-voltage requests probe deferral
++5V_HDMI_CON: Failed to request enable GPIO86: -517
+reg-fixed-voltage regulators:regulator@12: Failed to register regulator: -517
+platform regulators:regulator@12: Driver reg-fixed-voltage requests probe deferral
++5V_SATA: Failed to request enable GPIO242: -517
+reg-fixed-voltage regulators:regulator@13: Failed to register regulator: -517
+platform regulators:regulator@13: Driver reg-fixed-voltage requests probe deferral
++12V_SATA: Failed to request enable GPIO242: -517
+reg-fixed-voltage regulators:regulator@14: Failed to register regulator: -517
+platform regulators:regulator@14: Driver reg-fixed-voltage requests probe deferral
+vgaarb: loaded
+SCSI subsystem initialized
+libata version 3.00 loaded.
+usbcore: registered new interface driver usbfs
+usbcore: registered new interface driver hub
+usbcore: registered new device driver usb
+Linux video capture interface: v2.00
+pps_core: LinuxPPS API ver. 1 registered
+pps_core: Software ver. 5.3.6 - Copyright 2005-2007 Rodolfo Giometti <giometti@linux.it>
+PTP clock support registered
+Advanced Linux Sound Architecture Driver Initialized.
+Bluetooth: Core ver 2.20
+NET: Registered protocol family 31
+Bluetooth: HCI device and connection manager initialized
+Bluetooth: HCI socket layer initialized
+Bluetooth: L2CAP socket layer initialized
+Bluetooth: SCO socket layer initialized
+cfg80211: Calling CRDA to update world regulatory domain
+Switched to clocksource arch_sys_counter
+NET: Registered protocol family 2
+TCP established hash table entries: 8192 (order: 3, 32768 bytes)
+TCP bind hash table entries: 8192 (order: 4, 65536 bytes)
+TCP: Hash tables configured (established 8192 bind 8192)
+UDP hash table entries: 512 (order: 2, 16384 bytes)
+UDP-Lite hash table entries: 512 (order: 2, 16384 bytes)
+NET: Registered protocol family 1
+RPC: Registered named UNIX socket transport module.
+RPC: Registered udp transport module.
+RPC: Registered tcp transport module.
+RPC: Registered tcp NFSv4.1 backchannel transport module.
+PCI: CLS 0 bytes, default 64
+futex hash table entries: 1024 (order: 4, 65536 bytes)
+squashfs: version 4.0 (2009/01/31) Phillip Lougher
+bounce: pool size: 64 pages
+io scheduler noop registered (default)
+tegra-pcie 1003000.pcie-controller: 2x1, 1x1 configuration
+tegra-pcie 1003000.pcie-controller: Failed to get supply 'avddio-pex': -517
+platform 1003000.pcie-controller: Driver tegra-pcie requests probe deferral
+tegra-apbdma 60020000.dma: Tegra20 APB DMA driver register 32 channels
+tegra-pmc 7000e400.pmc: emergency thermal reset enabled
+Serial: 8250/16550 driver, 4 ports, IRQ sharing disabled
+console [ttyS0] disabled
+70006300.serial: ttyS0 at MMIO 0x70006300 (irq = 330, base_baud = 25500000) is a Tegra
+console [ttyS0] enabled
+[drm] Initialized drm 1.1.0 20060810
+tegra-hdmi 54280000.hdmi: failed to get HDMI regulator
+platform 54280000.hdmi: Driver tegra-hdmi requests probe deferral
+loop: module loaded
+at24 0-0056: 256 byte 24c02 EEPROM, writable, 8 bytes/write
+as3722 4-0040: AS3722 with revision 0x1 found
++1.35V_LP0(sd2): supplied by +5V_SYS
++1.35V_LP0(sd3): supplied by +5V_SYS
++1.05V_RUN: supplied by +5V_SYS
++1.8V_VDDIO: supplied by +5V_SYS
++1.05V_RUN_AVDD: supplied by +1.35V_LP0(sd2)
+as3722-regulator as3722-regulator: Failed to find supply vin-ldo1-6
+as3722-regulator as3722-regulator: regulator 8 register failed -517
+platform as3722-regulator: Driver as3722-regulator requests probe deferral
+tegra-ahci 70027000.sata: Failed to get supply 'avdd': -517
+tegra-ahci 70027000.sata: Failed to get regulators
+platform 70027000.sata: Driver tegra-ahci requests probe deferral
+m25p80 spi32765.0: w25q32dw (4096 Kbytes)
+CAN device driver interface
+igb: Intel(R) Gigabit Ethernet Network Driver - version 5.2.15-k
+igb: Copyright (c) 2007-2014 Intel Corporation.
+pegasus: v0.9.3 (2013/04/25), Pegasus/Pegasus II USB Ethernet driver
+usbcore: registered new interface driver pegasus
+usbcore: registered new interface driver asix
+usbcore: registered new interface driver ax88179_178a
+usbcore: registered new interface driver cdc_ether
+usbcore: registered new interface driver smsc75xx
+usbcore: registered new interface driver smsc95xx
+usbcore: registered new interface driver net1080
+usbcore: registered new interface driver cdc_subset
+usbcore: registered new interface driver zaurus
+usbcore: registered new interface driver cdc_ncm
+ehci_hcd: USB 2.0 'Enhanced' Host Controller (EHCI) Driver
+ehci-pci: EHCI PCI platform driver
+tegra-ehci: Tegra EHCI driver
+platform 7d004000.usb: Driver tegra-ehci requests probe deferral
+platform 7d008000.usb: Driver tegra-ehci requests probe deferral
+usbcore: registered new interface driver cdc_acm
+cdc_acm: USB Abstract Control Model driver for USB modems and ISDN adapters
+usbcore: registered new interface driver cdc_wdm
+usbcore: registered new interface driver usb-storage
+tegra-phy 7d004000.usb-phy: no vbus regulator
+platform 7d008000.usb-phy: Driver tegra-phy requests probe deferral
+mousedev: PS/2 mouse device common for all mice
+as3722-rtc as3722-rtc: rtc core: registered as3722-rtc as rtc0
+as3722-rtc as3722-rtc: RTC interrupt 364
+tegra_rtc 7000e000.rtc: rtc core: registered 7000e000.rtc as rtc1
+tegra_rtc 7000e000.rtc: Tegra internal Real Time Clock
+i2c /dev entries driver
+usbcore: registered new interface driver uvcvideo
+USB Video Class driver (1.1.1)
+gspca_main: v2.14.0 registered
+0-004c supply vcc not found, using dummy regulator
+Driver 'mmcblk' needs updating - please use bus_type methods
+sdhci: Secure Digital Host Controller Interface driver
+sdhci: Copyright(c) Pierre Ossman
+sdhci-pltfm: SDHCI platform and OF driver helper
+sdhci-tegra 700b0400.sdhci: Got CD GPIO
+sdhci-tegra 700b0400.sdhci: Got WP GPIO
+mmc0: Unknown controller version (3). You may experience problems.
+sdhci-tegra 700b0400.sdhci: No vmmc regulator found
+platform 700b0400.sdhci: Driver sdhci-tegra requests probe deferral
+mmc0: Unknown controller version (3). You may experience problems.
+sdhci-tegra 700b0600.sdhci: No vmmc regulator found
+sdhci-tegra 700b0600.sdhci: No vqmmc regulator found
+mmc0: Invalid maximum block size, assuming 512 bytes
+mmc0: SDHCI controller on 700b0600.sdhci [700b0600.sdhci] using ADMA 64-bit
+usbcore: registered new interface driver usbhid
+usbhid: USB HID core driver
+mmc0: MAN_BKOPS_EN bit is not set
+mmc0: new high speed MMC card at address 0001
+mmcblk0: mmc0:0001 SEM16G 14.6 GiB 
+mmcblk0boot0: mmc0:0001 SEM16G partition 1 4.00 MiB
+mmcblk0boot1: mmc0:0001 SEM16G partition 2 4.00 MiB
+mmcblk0rpmb: mmc0:0001 SEM16G partition 3 4.00 MiB
+Primary GPT is invalid, using alternate GPT.
+ mmcblk0: p1 p2 p3 p4 p5 p6 p7 p8 p9
+tegra-snd-rt5640 sound: ASoC: CPU DAI (null) not registered
+tegra-snd-rt5640 sound: snd_soc_register_card failed (-517)
+platform sound: Driver tegra-snd-rt5640 requests probe deferral
+NET: Registered protocol family 10
+mip6: Mobile IPv6
+sit: IPv6 over IPv4 tunneling driver
+NET: Registered protocol family 17
+NET: Registered protocol family 15
+can: controller area network core (rev 20120528 abi 9)
+NET: Registered protocol family 29
+can: raw protocol (rev 20120528)
+can: broadcast manager protocol (rev 20120528 t)
+can: netlink gateway (rev 20130117) max_hops=1
+Bluetooth: RFCOMM socket layer initialized
+Bluetooth: RFCOMM ver 1.11
+Bluetooth: BNEP (Ethernet Emulation) ver 1.3
+Bluetooth: BNEP socket layer initialized
+Bluetooth: HIDP (Human Interface Emulation) ver 1.2
+Bluetooth: HIDP socket layer initialized
+Registering SWP/SWPB emulation handler
++3.3V_RUN: supplied by +3.3V_SYS
++3.3V_AVDD_HDMI_AP_GATED: supplied by +3.3V_RUN
++USB0_VBUS_SW: supplied by +5V_SYS
++5V_USB_HS: supplied by +5V_SYS
++3.3V_LP0: supplied by +3.3V_SYS
+reg-fixed-voltage regulators:regulator@11: Failed to find supply vin
+reg-fixed-voltage regulators:regulator@11: Failed to register regulator: -517
+platform regulators:regulator@11: Driver reg-fixed-voltage requests probe deferral
++5V_HDMI_CON: supplied by +5V_SYS
++5V_SATA: supplied by +5V_SYS
++12V_SATA: supplied by +VDD_MUX
+tegra-pcie 1003000.pcie-controller: 2x1, 1x1 configuration
+tegra-pcie 1003000.pcie-controller: Failed to get supply 'avddio-pex': -517
+platform 1003000.pcie-controller: Driver tegra-pcie requests probe deferral
+tegra-hdmi 54280000.hdmi: failed to get PLL regulator
+platform 54280000.hdmi: Driver tegra-hdmi requests probe deferral
++1.35V_LP0(sd2): supplied by +5V_SYS
++1.35V_LP0(sd3): supplied by +5V_SYS
++1.05V_RUN: supplied by +5V_SYS
++1.8V_VDDIO: supplied by +5V_SYS
++1.05V_RUN_AVDD: supplied by +1.35V_LP0(sd2)
++1.8V_RUN_CAM: supplied by +3.3V_RUN
++1.2V_GEN_AVDD: supplied by +1.8V_VDDIO
++1.05V_LP0_VDD_RTC: supplied by +3.3V_SYS
++2.8V_RUN_CAM: supplied by +3.3V_SYS
++1.2V_RUN_CAM_FRONT: supplied by +1.8V_VDDIO
++VDDIO_SDMMC3: supplied by +3.3V_RUN
++1.05V_RUN_CAM_REAR: supplied by +1.8V_VDDIO
++3.3V_RUN_TOUCH: supplied by +5V_SYS
++2.8V_RUN_CAM_AF: supplied by +5V_SYS
++1.8V_RUN_VPP_FUSE: supplied by +3.3V_RUN
+tegra-ahci 70027000.sata: AHCI 0001.0301 32 slots 2 ports 3 Gbps 0x1 impl platform mode
+tegra-ahci 70027000.sata: flags: 64bit ncq sntf pm led pio slum part sadm sds apst 
+scsi host0: tegra-ahci
+scsi host1: tegra-ahci
+ata1: SATA max UDMA/133 mmio [mem 0x70027000-0x70028fff] port 0x100 irq 340
+ata2: DUMMY
+tegra-ehci 7d004000.usb: EHCI Host Controller
+tegra-ehci 7d004000.usb: new USB bus registered, assigned bus number 1
+tegra-ehci 7d004000.usb: irq 345, io mem 0x7d004000
+tegra-ehci 7d004000.usb: USB 2.0 started, EHCI 1.10
+hub 1-0:1.0: USB hub found
+hub 1-0:1.0: 1 port detected
+platform 7d008000.usb: Driver tegra-ehci requests probe deferral
+sdhci-tegra 700b0400.sdhci: Got CD GPIO
+sdhci-tegra 700b0400.sdhci: Got WP GPIO
+mmc1: Unknown controller version (3). You may experience problems.
+sdhci-tegra 700b0400.sdhci: No vmmc regulator found
+mmc1: Invalid maximum block size, assuming 512 bytes
+mmc1: SDHCI controller on 700b0400.sdhci [700b0400.sdhci] using ADMA 64-bit
+tegra-snd-rt5640 sound: ASoC: CPU DAI (null) not registered
+tegra-snd-rt5640 sound: snd_soc_register_card failed (-517)
+platform sound: Driver tegra-snd-rt5640 requests probe deferral
++1.05V_RUN_AVDD_HDMI_PLL: supplied by +1.05V_RUN
+tegra-pcie 1003000.pcie-controller: 2x1, 1x1 configuration
+tegra-pcie 1003000.pcie-controller: probing port 0, using 2 lanes
+tegra-pcie 1003000.pcie-controller: Slot present pin change, signature: 00000008
+ata1: SATA link down (SStatus 0 SControl 300)
+tegra-pcie 1003000.pcie-controller: link 0 down, retrying
+tegra-pcie 1003000.pcie-controller: link 0 down, retrying
+tegra-pcie 1003000.pcie-controller: link 0 down, retrying
+tegra-pcie 1003000.pcie-controller: link 0 down, ignoring
+tegra-pcie 1003000.pcie-controller: probing port 1, using 1 lanes
+tegra-pcie 1003000.pcie-controller: Slot present pin change, signature: 00000000
+tegra-pcie 1003000.pcie-controller: link 1 down, retrying
+tegra-pcie 1003000.pcie-controller: link 1 down, retrying
+tegra-pcie 1003000.pcie-controller: link 1 down, retrying
+tegra-pcie 1003000.pcie-controller: link 1 down, ignoring
+tegra-pcie 1003000.pcie-controller: PCI host bridge to bus 0000:00
+pci_bus 0000:00: root bus resource [mem 0x13000000-0x1fffffff]
+pci_bus 0000:00: root bus resource [mem 0x20000000-0x3fffffff pref]
+pci_bus 0000:00: root bus resource [bus 00-ff]
+pci_bus 0000:00: root bus resource [io  0x1000-0xffff]
+PCI: bus0: Fast back to back transfers enabled
+[drm] Supports vblank timestamp caching Rev 2 (21.10.2013).
+[drm] No driver support for vblank timestamp query.
+drm drm: No connectors reported connected with modes
+[drm] Cannot find any crtc or sizes - going 1024x768
+Console: switching to colour frame buffer device 128x48
+drm drm: fb0:  frame buffer device
+drm drm: registered panic notifier
+[drm] Initialized tegra 0.0.0 20120330 on minor 0
+tegra-ehci 7d008000.usb: EHCI Host Controller
+tegra-ehci 7d008000.usb: new USB bus registered, assigned bus number 2
+tegra-ehci 7d008000.usb: irq 346, io mem 0x7d008000
+tegra-ehci 7d008000.usb: USB 2.0 started, EHCI 1.10
+hub 2-0:1.0: USB hub found
+hub 2-0:1.0: 1 port detected
+tegra-snd-rt5640 sound: ASoC: CPU DAI (null) not registered
+tegra-snd-rt5640 sound: snd_soc_register_card failed (-517)
+platform sound: Driver tegra-snd-rt5640 requests probe deferral
+input: gpio-keys as /devices/soc0/gpio-keys/input/input0
+tegra-snd-rt5640 sound: ASoC: CPU DAI (null) not registered
+as3722-rtc as3722-rtc: setting system clock to 2000-02-01 00:00:18 UTC (949363218)
+tegra-snd-rt5640 sound: snd_soc_register_card failed (-517)
+platform sound: Driver tegra-snd-rt5640 requests probe deferral
++1.8V_RUN_VPP_FUSE: disabling
++2.8V_RUN_CAM_AF: disabling
++3.3V_RUN_TOUCH: disabling
++1.05V_RUN_CAM_REAR: disabling
++1.2V_RUN_CAM_FRONT: disabling
++2.8V_RUN_CAM: disabling
++1.8V_RUN_CAM: disabling
++USB0_VBUS_SW: disabling
+ALSA device list:
+  No soundcards found.
+EXT3-fs (mmcblk0p1): error: couldn't mount because of unsupported optional features (240)
+EXT2-fs (mmcblk0p1): error: couldn't mount because of unsupported optional features (244)
+EXT4-fs (mmcblk0p1): recovery complete
+EXT4-fs (mmcblk0p1): mounted filesystem with ordered data mode. Opts: (null)
+VFS: Mounted root (ext4 filesystem) on device 179:1.
+devtmpfs: mounted
+Freeing unused kernel memory: 284K (c089b000 - c08e2000)
+bash: cannot set terminal process group (-1): Inappropriate ioctl for device
+bash: no job control in this shell
+usb 2-1: new high-speed USB device number 2 using tegra-ehci
+root@(none):/# 
\ No newline at end of file
Diff for ./tegra30-beaver/tegra30-beaver/multi_v7_defconfig_log.txt
--- /tmp/fooa	2015-03-09 23:49:46.312332166 -0700
+++ /tmp/foob	2015-03-09 23:49:46.312332166 -0700
@@ -38,20 +38,20 @@
 	 #################################################################
 	 #################################################################
 	 ############################
-	 3.1 MiB/s
+	 2.8 MiB/s
 done
-Bytes transferred = 6124576 (5d7420 hex)
+Bytes transferred = 6134184 (5d99a8 hex)
 Tegra30 (Beaver) # tftpboot 0x82000000 tegra30-beaver.dtb
 Using asx0 device
 TFTP from server 192.168.100.1; our IP address is 192.168.100.101
 Filename 'tegra30-beaver.dtb'.
 Load address: 0x82000000
 Loading: *##
-	 2.6 MiB/s
+	 2.9 MiB/s
 done
 Bytes transferred = 24641 (6041 hex)
 Tegra30 (Beaver) # bootz 0x81000000 - 0x82000000
-Kernel image @ 0x81000000 [ 0x000000 - 0x5d7420 ]
+Kernel image @ 0x81000000 [ 0x000000 - 0x5d99a8 ]
 ## Flattened Device Tree blob at 82000000
    Booting using the fdt blob at 0x82000000
    Loading Device Tree to 8fff6000, end 8ffff040 ... OK
@@ -59,7 +59,7 @@
 Starting kernel ...
 
 Booting Linux on physical CPU 0x0
-Linux version 4.0.0-rc2-next-20150306-120828-g2885500 (pwalmsley@tamien) (gcc version 4.7.3 20130328 (prerelease) (crosstool-NG linaro-1.13.1-4.7-2013.04-20130415 - Linaro GCC 2013.04) ) #1 SMP Thu Mar 5 21:19:14 PST 2015
+Linux version 4.0.0-rc3-next-20150310-121717-gd4b69f0 (pwalmsley@tamien) (gcc version 4.7.3 20130328 (prerelease) (crosstool-NG linaro-1.13.1-4.7-2013.04-20130415 - Linaro GCC 2013.04) ) #1 SMP Mon Mar 9 23:34:23 PDT 2015
 CPU: ARMv7 Processor [412fc099] revision 9 (ARMv7), cr=10c5387d
 CPU: PIPT / VIPT nonaliasing data cache, VIPT aliasing instruction cache
 Machine model: NVIDIA Tegra30 Beaver evaluation board
@@ -67,7 +67,7 @@
 cma: Reserved 64 MiB at 0xfb800000
 Memory policy: Data cache writealloc
 On node 0 totalpages: 524032
-free_area_init_node: node 0, pgdat c0ee6440, node_mem_map ee7f8000
+free_area_init_node: node 0, pgdat c0eeac00, node_mem_map ee7f8000
   DMA zone: 1520 pages used for memmap
   DMA zone: 0 pages reserved
   DMA zone: 194560 pages, LIFO batch:31
@@ -80,7 +80,7 @@
 PID hash table entries: 4096 (order: 2, 16384 bytes)
 Dentry cache hash table entries: 131072 (order: 7, 524288 bytes)
 Inode-cache hash table entries: 65536 (order: 6, 262144 bytes)
-Memory: 1999572K/2096128K available (7863K kernel code, 1056K rwdata, 3456K rodata, 804K init, 316K bss, 31020K reserved, 65536K cma-reserved, 1252352K highmem)
+Memory: 1999556K/2096128K available (7872K kernel code, 1058K rwdata, 3464K rodata, 800K init, 316K bss, 31036K reserved, 65536K cma-reserved, 1252352K highmem)
 Virtual kernel memory layout:
     vector  : 0xffff0000 - 0xffff1000   (   4 kB)
     fixmap  : 0xffc00000 - 0xfff00000   (3072 kB)
@@ -88,10 +88,10 @@
     lowmem  : 0xc0000000 - 0xef800000   ( 760 MB)
     pkmap   : 0xbfe00000 - 0xc0000000   (   2 MB)
     modules : 0xbf000000 - 0xbfe00000   (  14 MB)
-      .text : 0xc0208000 - 0xc0d16fc4   (11324 kB)
-      .init : 0xc0d17000 - 0xc0de0000   ( 804 kB)
-      .data : 0xc0de0000 - 0xc0ee83c0   (1057 kB)
-       .bss : 0xc0ee83c0 - 0xc0f37528   ( 317 kB)
+      .text : 0xc0208000 - 0xc0d1b10c   (11341 kB)
+      .init : 0xc0d1c000 - 0xc0de4000   ( 800 kB)
+      .data : 0xc0de4000 - 0xc0eecba0   (1059 kB)
+       .bss : 0xc0eecba0 - 0xc0f3bda8   ( 317 kB)
 SLUB: HWalign=64, Order=0-3, MinObjects=0, CPUs=4, Nodes=1
 Hierarchical RCU implementation.
 	Additional per-CPU info printed with stalls.
@@ -116,7 +116,7 @@
 Mountpoint-cache hash table entries: 2048 (order: 1, 8192 bytes)
 CPU: Testing write buffer coherency: ok
 CPU0: thread -1, cpu 0, socket 0, mpidr 80000000
-Setting up static identity map for 0x8096fbc8 - 0x8096fc60
+Setting up static identity map for 0x809719f8 - 0x80971a90
 Tegra Revision: A03 SKU: 128 CPU Process: 4 Core Process: 0
 CPU1: thread -1, cpu 1, socket 0, mpidr 80000001
 CPU2: thread -1, cpu 2, socket 0, mpidr 80000002
@@ -382,7 +382,7 @@
 EXT4-fs (mmcblk0p1): mounted filesystem with ordered data mode. Opts: (null)
 VFS: Mounted root (ext3 filesystem) on device 179:1.
 devtmpfs: mounted
-Freeing unused kernel memory: 804K (c0d17000 - c0de0000)
+Freeing unused kernel memory: 800K (c0d1c000 - c0de4000)
 bash: cannot set terminal process group (-1): Inappropriate ioctl for device
 bash: no job control in this shell
-root@(none):/# [    4.208475] usb 2-1: new high-speed USB device number 2 using tegra-ehci
+root@(none):/# [    4.203865] usb 2-1: new high-speed USB device number 2 using tegra-ehci
Diff for ./tegra30-beaver/tegra30-beaver/tegra_defconfig_log.txt
--- /tmp/fooa	2015-03-09 23:49:46.328332167 -0700
+++ /tmp/foob	2015-03-09 23:49:46.332332167 -0700
@@ -27,6 +27,7 @@
 Tegra30 (Beaver) # setenv bootargs 'ignore_loglevel console=ttyS0,115200n8 rw root=/dev/mmcblk0p1 rootwait gpt debug init=/bin/bash noinitrd'
 Tegra30 (Beaver) # setenv ipaddr 192.168.100.101; setenv serverip 192.168.100.1; setenv tftpserverip 192.168.100.1
 Tegra30 (Beaver) # tftpboot 0x81000000 zImage.tegra_defconfig
+Waiting for Ethernet connection... done.
 Using asx0 device
 TFTP from server 192.168.100.1; our IP address is 192.168.100.101
 Filename 'zImage.tegra_defconfig'.
@@ -39,18 +40,18 @@
 	 #####
 	 3.4 MiB/s
 done
-Bytes transferred = 4832944 (49beb0 hex)
+Bytes transferred = 4835248 (49c7b0 hex)
 Tegra30 (Beaver) # tftpboot 0x82000000 tegra30-beaver.dtb
 Using asx0 device
 TFTP from server 192.168.100.1; our IP address is 192.168.100.101
 Filename 'tegra30-beaver.dtb'.
 Load address: 0x82000000
 Loading: *##
-	 3.4 MiB/s
+	 2.9 MiB/s
 done
 Bytes transferred = 24641 (6041 hex)
 Tegra30 (Beaver) # bootz 0x81000000 - 0x82000000
-Kernel image @ 0x81000000 [ 0x000000 - 0x49beb0 ]
+Kernel image @ 0x81000000 [ 0x000000 - 0x49c7b0 ]
 ## Flattened Device Tree blob at 82000000
    Booting using the fdt blob at 0x82000000
    Loading Device Tree to 8fff6000, end 8ffff040 ... OK
@@ -61,7 +62,7 @@
 Booting Linux on physical CPU 0x0
 Initializing cgroup subsys cpu
 Initializing cgroup subsys cpuacct
-Linux version 4.0.0-rc2-next-20150306-82058-g2885500 (pwalmsley@kaivo) (gcc version 4.7.3 20130328 (prerelease) (crosstool-NG linaro-1.13.1-4.7-2013.04-20130415 - Linaro GCC 2013.04) ) #1 SMP PREEMPT Thu Mar 5 21:17:53 PST 2015
+Linux version 4.0.0-rc3-next-20150310-82947-gd4b69f0 (pwalmsley@kaivo) (gcc version 4.7.3 20130328 (prerelease) (crosstool-NG linaro-1.13.1-4.7-2013.04-20130415 - Linaro GCC 2013.04) ) #1 SMP PREEMPT Mon Mar 9 23:33:05 PDT 2015
 CPU: ARMv7 Processor [412fc099] revision 9 (ARMv7), cr=10c5387d
 CPU: PIPT / VIPT nonaliasing data cache, VIPT aliasing instruction cache
 Machine model: NVIDIA Tegra30 Beaver evaluation board
@@ -69,7 +70,7 @@
 cma: Reserved 64 MiB at 0xfbc00000
 Memory policy: Data cache writealloc
 On node 0 totalpages: 524032
-free_area_init_node: node 0, pgdat c0947f00, node_mem_map ee7f7000
+free_area_init_node: node 0, pgdat c0947f80, node_mem_map ee7f7000
   Normal zone: 1520 pages used for memmap
   Normal zone: 0 pages reserved
   Normal zone: 194560 pages, LIFO batch:31
@@ -82,7 +83,7 @@
 PID hash table entries: 4096 (order: 2, 16384 bytes)
 Dentry cache hash table entries: 131072 (order: 7, 524288 bytes)
 Inode-cache hash table entries: 65536 (order: 6, 262144 bytes)
-Memory: 2003236K/2096128K available (6622K kernel code, 318K rwdata, 2232K rodata, 304K init, 351K bss, 27356K reserved, 65536K cma-reserved, 1252352K highmem)
+Memory: 2003236K/2096128K available (6626K kernel code, 318K rwdata, 2232K rodata, 300K init, 351K bss, 27356K reserved, 65536K cma-reserved, 1252352K highmem)
 Virtual kernel memory layout:
     vector  : 0xffff0000 - 0xffff1000   (   4 kB)
     fixmap  : 0xffc00000 - 0xfff00000   (3072 kB)
@@ -90,10 +91,10 @@
     lowmem  : 0xc0000000 - 0xef800000   ( 760 MB)
     pkmap   : 0xbfe00000 - 0xc0000000   (   2 MB)
     modules : 0xbf000000 - 0xbfe00000   (  14 MB)
-      .text : 0xc0008000 - 0xc08addb4   (8856 kB)
-      .init : 0xc08ae000 - 0xc08fa000   ( 304 kB)
-      .data : 0xc08fa000 - 0xc0949a20   ( 319 kB)
-       .bss : 0xc0949a20 - 0xc09a166c   ( 352 kB)
+      .text : 0xc0008000 - 0xc08aeea0   (8860 kB)
+      .init : 0xc08af000 - 0xc08fa000   ( 300 kB)
+      .data : 0xc08fa000 - 0xc0949ac0   ( 319 kB)
+       .bss : 0xc0949ac0 - 0xc09a172c   ( 352 kB)
 Preemptible hierarchical RCU implementation.
 	Additional per-CPU info printed with stalls.
 NR_IRQS:16 nr_irqs:16 16
@@ -117,7 +118,7 @@
 Initializing cgroup subsys debug
 CPU: Testing write buffer coherency: ok
 CPU0: thread -1, cpu 0, socket 0, mpidr 80000000
-Setting up static identity map for 0x80646398 - 0x80646430
+Setting up static identity map for 0x806474e0 - 0x80647578
 Tegra Revision: A03 SKU: 128 CPU Process: 4 Core Process: 0
 CPU1: thread -1, cpu 1, socket 0, mpidr 80000001
 CPU2: thread -1, cpu 2, socket 0, mpidr 80000002
@@ -374,7 +375,7 @@
 EXT3-fs (mmcblk0p1): mounted filesystem with writeback data mode
 VFS: Mounted root (ext3 filesystem) on device 179:1.
 devtmpfs: mounted
-Freeing unused kernel memory: 304K (c08ae000 - c08fa000)
+Freeing unused kernel memory: 300K (c08af000 - c08fa000)
 bash: cannot set terminal process group (-1): Inappropriate ioctl for device
 bash: no job control in this shell
-root@(none):/# [    4.446206] usb 2-1: new high-speed USB device number 2 using tegra-ehci
+root@(none):/# [    4.456187] usb 2-1: new high-speed USB device number 2 using tegra-ehci
Diff for ./tegra30-beaver/tegra30-beaver/tegra_defconfig%tegra20,30_mergeconfig_log.txt
--- /tmp/fooa	2015-03-09 23:49:46.380332159 -0700
+++ /tmp/foob	2015-03-09 23:49:46.384332157 -0700
@@ -36,10 +36,10 @@
 	 #################################################################
 	 #################################################################
 	 #################################################################
-	 ####
+	 #####
 	 3.4 MiB/s
 done
-Bytes transferred = 4826928 (49a730 hex)
+Bytes transferred = 4830216 (49b408 hex)
 Tegra30 (Beaver) # tftpboot 0x82000000 tegra30-beaver.dtb
 Using asx0 device
 TFTP from server 192.168.100.1; our IP address is 192.168.100.101
@@ -50,7 +50,7 @@
 done
 Bytes transferred = 24641 (6041 hex)
 Tegra30 (Beaver) # bootz 0x81000000 - 0x82000000
-Kernel image @ 0x81000000 [ 0x000000 - 0x49a730 ]
+Kernel image @ 0x81000000 [ 0x000000 - 0x49b408 ]
 ## Flattened Device Tree blob at 82000000
    Booting using the fdt blob at 0x82000000
    Loading Device Tree to 8fff6000, end 8ffff040 ... OK
@@ -61,7 +61,7 @@
 Booting Linux on physical CPU 0x0
 Initializing cgroup subsys cpu
 Initializing cgroup subsys cpuacct
-Linux version 4.0.0-rc2-next-20150306-82058-g2885500 (pwalmsley@kaivo) (gcc version 4.7.3 20130328 (prerelease) (crosstool-NG linaro-1.13.1-4.7-2013.04-20130415 - Linaro GCC 2013.04) ) #1 SMP PREEMPT Thu Mar 5 21:26:06 PST 2015
+Linux version 4.0.0-rc3-next-20150310-82947-gd4b69f0 (pwalmsley@kaivo) (gcc version 4.7.3 20130328 (prerelease) (crosstool-NG linaro-1.13.1-4.7-2013.04-20130415 - Linaro GCC 2013.04) ) #1 SMP PREEMPT Mon Mar 9 23:41:19 PDT 2015
 CPU: ARMv7 Processor [412fc099] revision 9 (ARMv7), cr=10c5387d
 CPU: PIPT / VIPT nonaliasing data cache, VIPT aliasing instruction cache
 Machine model: NVIDIA Tegra30 Beaver evaluation board
@@ -69,7 +69,7 @@
 cma: Reserved 64 MiB at 0xfbc00000
 Memory policy: Data cache writealloc
 On node 0 totalpages: 524032
-free_area_init_node: node 0, pgdat c093f000, node_mem_map ee7f7000
+free_area_init_node: node 0, pgdat c09410c0, node_mem_map ee7f7000
   Normal zone: 1520 pages used for memmap
   Normal zone: 0 pages reserved
   Normal zone: 194560 pages, LIFO batch:31
@@ -82,7 +82,7 @@
 PID hash table entries: 4096 (order: 2, 16384 bytes)
 Dentry cache hash table entries: 131072 (order: 7, 524288 bytes)
 Inode-cache hash table entries: 65536 (order: 6, 262144 bytes)
-Memory: 2003272K/2096128K available (6618K kernel code, 314K rwdata, 2212K rodata, 296K init, 351K bss, 27320K reserved, 65536K cma-reserved, 1252352K highmem)
+Memory: 2003264K/2096128K available (6622K kernel code, 315K rwdata, 2212K rodata, 300K init, 351K bss, 27328K reserved, 65536K cma-reserved, 1252352K highmem)
 Virtual kernel memory layout:
     vector  : 0xffff0000 - 0xffff1000   (   4 kB)
     fixmap  : 0xffc00000 - 0xfff00000   (3072 kB)
@@ -90,10 +90,10 @@
     lowmem  : 0xc0000000 - 0xef800000   ( 760 MB)
     pkmap   : 0xbfe00000 - 0xc0000000   (   2 MB)
     modules : 0xbf000000 - 0xbfe00000   (  14 MB)
-      .text : 0xc0008000 - 0xc08a7d44   (8832 kB)
-      .init : 0xc08a8000 - 0xc08f2000   ( 296 kB)
-      .data : 0xc08f2000 - 0xc0940b20   ( 315 kB)
-       .bss : 0xc0940b20 - 0xc099872c   ( 352 kB)
+      .text : 0xc0008000 - 0xc08a8e30   (8836 kB)
+      .init : 0xc08a9000 - 0xc08f4000   ( 300 kB)
+      .data : 0xc08f4000 - 0xc0942c00   ( 315 kB)
+       .bss : 0xc0942c00 - 0xc099a82c   ( 352 kB)
 Preemptible hierarchical RCU implementation.
 	Additional per-CPU info printed with stalls.
 NR_IRQS:16 nr_irqs:16 16
@@ -117,7 +117,7 @@
 Initializing cgroup subsys debug
 CPU: Testing write buffer coherency: ok
 CPU0: thread -1, cpu 0, socket 0, mpidr 80000000
-Setting up static identity map for 0x80645f18 - 0x80645fb0
+Setting up static identity map for 0x80647040 - 0x806470d8
 Tegra Revision: A03 SKU: 128 CPU Process: 4 Core Process: 0
 CPU1: thread -1, cpu 1, socket 0, mpidr 80000001
 CPU2: thread -1, cpu 2, socket 0, mpidr 80000002
@@ -367,14 +367,14 @@
 vdd_sata,avdd_plle: disabling
 ALSA device list:
   #0: NVIDIA Tegra Beaver
-kjournald starting.  Commit interval 5 seconds
 EXT3-fs (mmcblk0p1): warning: mounting fs with errors, running e2fsck is recommended
+kjournald starting.  Commit interval 5 seconds
 EXT3-fs (mmcblk0p1): using internal journal
 EXT3-fs (mmcblk0p1): recovery complete
 EXT3-fs (mmcblk0p1): mounted filesystem with writeback data mode
 VFS: Mounted root (ext3 filesystem) on device 179:1.
 devtmpfs: mounted
-Freeing unused kernel memory: 296K (c08a8000 - c08f2000)
+Freeing unused kernel memory: 300K (c08a9000 - c08f4000)
 bash: cannot set terminal process group (-1): Inappropriate ioctl for device
 bash: no job control in this shell
-root@(none):/# [    4.466482] usb 2-1: new high-speed USB device number 2 using tegra-ehci
+root@(none):/# [    4.466510] usb 2-1: new high-speed USB device number 2 using tegra-ehci
Diff for ./tegra30-beaver/tegra30-beaver/tegra_defconfig%tegra30,114_mergeconfig_log.txt
--- /tmp/fooa	2015-03-09 23:49:46.416332157 -0700
+++ /tmp/foob	2015-03-09 23:49:46.416332157 -0700
@@ -37,20 +37,20 @@
 	 #################################################################
 	 #################################################################
 	 ####
-	 2.9 MiB/s
+	 2.8 MiB/s
 done
-Bytes transferred = 4818448 (498610 hex)
+Bytes transferred = 4822600 (499648 hex)
 Tegra30 (Beaver) # tftpboot 0x82000000 tegra30-beaver.dtb
 Using asx0 device
 TFTP from server 192.168.100.1; our IP address is 192.168.100.101
 Filename 'tegra30-beaver.dtb'.
 Load address: 0x82000000
 Loading: *##
-	 2.6 MiB/s
+	 2.3 MiB/s
 done
 Bytes transferred = 24641 (6041 hex)
 Tegra30 (Beaver) # bootz 0x81000000 - 0x82000000
-Kernel image @ 0x81000000 [ 0x000000 - 0x498610 ]
+Kernel image @ 0x81000000 [ 0x000000 - 0x499648 ]
 ## Flattened Device Tree blob at 82000000
    Booting using the fdt blob at 0x82000000
    Loading Device Tree to 8fff6000, end 8ffff040 ... OK
@@ -61,7 +61,7 @@
 Booting Linux on physical CPU 0x0
 Initializing cgroup subsys cpu
 Initializing cgroup subsys cpuacct
-Linux version 4.0.0-rc2-next-20150306-120828-g2885500 (pwalmsley@tamien) (gcc version 4.7.3 20130328 (prerelease) (crosstool-NG linaro-1.13.1-4.7-2013.04-20130415 - Linaro GCC 2013.04) ) #1 SMP PREEMPT Thu Mar 5 21:28:30 PST 2015
+Linux version 4.0.0-rc3-next-20150310-121717-gd4b69f0 (pwalmsley@tamien) (gcc version 4.7.3 20130328 (prerelease) (crosstool-NG linaro-1.13.1-4.7-2013.04-20130415 - Linaro GCC 2013.04) ) #1 SMP PREEMPT Mon Mar 9 23:43:44 PDT 2015
 CPU: ARMv7 Processor [412fc099] revision 9 (ARMv7), cr=10c5387d
 CPU: PIPT / VIPT nonaliasing data cache, VIPT aliasing instruction cache
 Machine model: NVIDIA Tegra30 Beaver evaluation board
@@ -69,7 +69,7 @@
 cma: Reserved 64 MiB at 0xfbc00000
 Memory policy: Data cache writealloc
 On node 0 totalpages: 524032
-free_area_init_node: node 0, pgdat c0939ec0, node_mem_map ee7f7000
+free_area_init_node: node 0, pgdat c093bf80, node_mem_map ee7f7000
   Normal zone: 1520 pages used for memmap
   Normal zone: 0 pages reserved
   Normal zone: 194560 pages, LIFO batch:31
@@ -82,7 +82,7 @@
 PID hash table entries: 4096 (order: 2, 16384 bytes)
 Dentry cache hash table entries: 131072 (order: 7, 524288 bytes)
 Inode-cache hash table entries: 65536 (order: 6, 262144 bytes)
-Memory: 2003292K/2096128K available (6609K kernel code, 310K rwdata, 2204K rodata, 296K init, 350K bss, 27300K reserved, 65536K cma-reserved, 1252352K highmem)
+Memory: 2003284K/2096128K available (6614K kernel code, 310K rwdata, 2208K rodata, 296K init, 350K bss, 27308K reserved, 65536K cma-reserved, 1252352K highmem)
 Virtual kernel memory layout:
     vector  : 0xffff0000 - 0xffff1000   (   4 kB)
     fixmap  : 0xffc00000 - 0xfff00000   (3072 kB)
@@ -90,10 +90,10 @@
     lowmem  : 0xc0000000 - 0xef800000   ( 760 MB)
     pkmap   : 0xbfe00000 - 0xc0000000   (   2 MB)
     modules : 0xbf000000 - 0xbfe00000   (  14 MB)
-      .text : 0xc0008000 - 0xc08a3b80   (8815 kB)
-      .init : 0xc08a4000 - 0xc08ee000   ( 296 kB)
-      .data : 0xc08ee000 - 0xc093b9e0   ( 311 kB)
-       .bss : 0xc093b9e0 - 0xc09935ac   ( 351 kB)
+      .text : 0xc0008000 - 0xc08a5c6c   (8824 kB)
+      .init : 0xc08a6000 - 0xc08f0000   ( 296 kB)
+      .data : 0xc08f0000 - 0xc093dac0   ( 311 kB)
+       .bss : 0xc093dac0 - 0xc09956ac   ( 351 kB)
 Preemptible hierarchical RCU implementation.
 	Additional per-CPU info printed with stalls.
 NR_IRQS:16 nr_irqs:16 16
@@ -117,7 +117,7 @@
 Initializing cgroup subsys debug
 CPU: Testing write buffer coherency: ok
 CPU0: thread -1, cpu 0, socket 0, mpidr 80000000
-Setting up static identity map for 0x806439e0 - 0x80643a78
+Setting up static identity map for 0x80644b00 - 0x80644b98
 Tegra Revision: A03 SKU: 128 CPU Process: 4 Core Process: 0
 CPU1: thread -1, cpu 1, socket 0, mpidr 80000001
 CPU2: thread -1, cpu 2, socket 0, mpidr 80000002
@@ -374,7 +374,7 @@
 EXT3-fs (mmcblk0p1): mounted filesystem with writeback data mode
 VFS: Mounted root (ext3 filesystem) on device 179:1.
 devtmpfs: mounted
-Freeing unused kernel memory: 296K (c08a4000 - c08ee000)
+Freeing unused kernel memory: 296K (c08a6000 - c08f0000)
 bash: cannot set terminal process group (-1): Inappropriate ioctl for device
 bash: no job control in this shell
-root@(none):/# [    4.466478] usb 2-1: new high-speed USB device number 2 using tegra-ehci
+root@(none):/# [    4.466495] usb 2-1: new high-speed USB device number 2 using tegra-ehci
Diff for ./tegra30-beaver/tegra30-beaver/tegra_defconfig%tegra30_mergeconfig_log.txt
--- /tmp/fooa	2015-03-09 23:49:46.456332154 -0700
+++ /tmp/foob	2015-03-09 23:49:46.456332154 -0700
@@ -36,21 +36,21 @@
 	 #################################################################
 	 #################################################################
 	 #################################################################
-	 ###
-	 2.8 MiB/s
+	 ####
+	 3.4 MiB/s
 done
-Bytes transferred = 4812952 (497098 hex)
+Bytes transferred = 4816072 (497cc8 hex)
 Tegra30 (Beaver) # tftpboot 0x82000000 tegra30-beaver.dtb
 Using asx0 device
 TFTP from server 192.168.100.1; our IP address is 192.168.100.101
 Filename 'tegra30-beaver.dtb'.
 Load address: 0x82000000
 Loading: *##
-	 2.3 MiB/s
+	 3.4 MiB/s
 done
 Bytes transferred = 24641 (6041 hex)
 Tegra30 (Beaver) # bootz 0x81000000 - 0x82000000
-Kernel image @ 0x81000000 [ 0x000000 - 0x497098 ]
+Kernel image @ 0x81000000 [ 0x000000 - 0x497cc8 ]
 ## Flattened Device Tree blob at 82000000
    Booting using the fdt blob at 0x82000000
    Loading Device Tree to 8fff6000, end 8ffff040 ... OK
@@ -61,7 +61,7 @@
 Booting Linux on physical CPU 0x0
 Initializing cgroup subsys cpu
 Initializing cgroup subsys cpuacct
-Linux version 4.0.0-rc2-next-20150306-120828-g2885500 (pwalmsley@tamien) (gcc version 4.7.3 20130328 (prerelease) (crosstool-NG linaro-1.13.1-4.7-2013.04-20130415 - Linaro GCC 2013.04) ) #1 SMP PREEMPT Thu Mar 5 21:22:15 PST 2015
+Linux version 4.0.0-rc3-next-20150310-121717-gd4b69f0 (pwalmsley@tamien) (gcc version 4.7.3 20130328 (prerelease) (crosstool-NG linaro-1.13.1-4.7-2013.04-20130415 - Linaro GCC 2013.04) ) #1 SMP PREEMPT Mon Mar 9 23:37:26 PDT 2015
 CPU: ARMv7 Processor [412fc099] revision 9 (ARMv7), cr=10c5387d
 CPU: PIPT / VIPT nonaliasing data cache, VIPT aliasing instruction cache
 Machine model: NVIDIA Tegra30 Beaver evaluation board
@@ -69,7 +69,7 @@
 cma: Reserved 64 MiB at 0xfbc00000
 Memory policy: Data cache writealloc
 On node 0 totalpages: 524032
-free_area_init_node: node 0, pgdat c0933000, node_mem_map ee7f7000
+free_area_init_node: node 0, pgdat c0935080, node_mem_map ee7f7000
   Normal zone: 1520 pages used for memmap
   Normal zone: 0 pages reserved
   Normal zone: 194560 pages, LIFO batch:31
@@ -82,7 +82,7 @@
 PID hash table entries: 4096 (order: 2, 16384 bytes)
 Dentry cache hash table entries: 131072 (order: 7, 524288 bytes)
 Inode-cache hash table entries: 65536 (order: 6, 262144 bytes)
-Memory: 2003320K/2096128K available (6609K kernel code, 306K rwdata, 2184K rodata, 292K init, 350K bss, 27272K reserved, 65536K cma-reserved, 1252352K highmem)
+Memory: 2003312K/2096128K available (6613K kernel code, 306K rwdata, 2188K rodata, 292K init, 350K bss, 27280K reserved, 65536K cma-reserved, 1252352K highmem)
 Virtual kernel memory layout:
     vector  : 0xffff0000 - 0xffff1000   (   4 kB)
     fixmap  : 0xffc00000 - 0xfff00000   (3072 kB)
@@ -90,10 +90,10 @@
     lowmem  : 0xc0000000 - 0xef800000   ( 760 MB)
     pkmap   : 0xbfe00000 - 0xc0000000   (   2 MB)
     modules : 0xbf000000 - 0xbfe00000   (  14 MB)
-      .text : 0xc0008000 - 0xc089eb10   (8795 kB)
-      .init : 0xc089f000 - 0xc08e8000   ( 292 kB)
-      .data : 0xc08e8000 - 0xc0934b20   ( 307 kB)
-       .bss : 0xc0934b20 - 0xc098c6ac   ( 351 kB)
+      .text : 0xc0008000 - 0xc08a0bfc   (8803 kB)
+      .init : 0xc08a1000 - 0xc08ea000   ( 292 kB)
+      .data : 0xc08ea000 - 0xc0936bc0   ( 307 kB)
+       .bss : 0xc0936bc0 - 0xc098e76c   ( 351 kB)
 Preemptible hierarchical RCU implementation.
 	Additional per-CPU info printed with stalls.
 NR_IRQS:16 nr_irqs:16 16
@@ -117,7 +117,7 @@
 Initializing cgroup subsys debug
 CPU: Testing write buffer coherency: ok
 CPU0: thread -1, cpu 0, socket 0, mpidr 80000000
-Setting up static identity map for 0x80643500 - 0x80643598
+Setting up static identity map for 0x80644648 - 0x806446e0
 Tegra Revision: A03 SKU: 128 CPU Process: 4 Core Process: 0
 CPU1: thread -1, cpu 1, socket 0, mpidr 80000001
 CPU2: thread -1, cpu 2, socket 0, mpidr 80000002
@@ -374,7 +374,7 @@
 EXT3-fs (mmcblk0p1): mounted filesystem with writeback data mode
 VFS: Mounted root (ext3 filesystem) on device 179:1.
 devtmpfs: mounted
-Freeing unused kernel memory: 292K (c089f000 - c08e8000)
+Freeing unused kernel memory: 292K (c08a1000 - c08ea000)
 bash: cannot set terminal process group (-1): Inappropriate ioctl for device
 bash: no job control in this shell
-root@(none):/# [    4.466479] usb 2-1: new high-speed USB device number 2 using tegra-ehci
+root@(none):/# [    4.466473] usb 2-1: new high-speed USB device number 2 using tegra-ehci
