
U-Boot SPL 2014.01-00219-gc4d376f (Feb 18 2014 - 19:57:32)


U-Boot 2014.01-00219-gc4d376f (Feb 18 2014 - 19:57:32)

TEGRA114
Board: NVIDIA Dalmore
I2C:   ready
DRAM:  2 GiB
MMC:   Tegra SD/MMC: 0, Tegra SD/MMC: 1
In:    serial
Out:   serial
Err:   serial
Net:   Net Initialization Skipped
No ethernet found.
Hit any key to stop autoboot:  2  0 
Tegra114 (Dalmore) # 
Tegra114 (Dalmore) # usb reset
(Re)start USB...
USB0:   USB EHCI 1.10
scanning bus 0 for devices... 2 USB Device(s) found
       scanning usb for storage devices... 0 Storage Device(s) found
       scanning usb for ethernet devices... 
Warning: asx0 using MAC address from net device
1 Ethernet Device(s) found
Tegra114 (Dalmore) # setenv bootargs 'ignore_loglevel console=ttyS0,115200n8 rw root=PARTUUID=7369c667-ff51-ec4a-29cd-baabf2fbe346 rootwait gpt debug earlyprintk init=/bin/bash'
Tegra114 (Dalmore) # setenv ipaddr 192.168.100.100; setenv serverip 192.168.100.1; setenv tftpserverip 192.168.100.1
Tegra114 (Dalmore) # tftpboot 0x81000000 zImage.multi_v7_defconfig
Using asx0 device
TFTP from server 192.168.100.1; our IP address is 192.168.100.100
Filename 'zImage.multi_v7_defconfig'.
Load address: 0x81000000
Loading: *#################################################################
	 #################################################################
	 #################################################################
	 #################################################################
	 #################################################################
	 #################################################################
	 #################################################################
	 #################################################################
	 #####################################
	 2.9 MiB/s
done
Bytes transferred = 8163840 (7c9200 hex)
Tegra114 (Dalmore) # tftpboot 0x82000000 tegra114-dalmore.dtb
Using asx0 device
TFTP from server 192.168.100.1; our IP address is 192.168.100.100
Filename 'tegra114-dalmore.dtb'.
Load address: 0x82000000
Loading: *###
	 2.5 MiB/s
done
Bytes transferred = 34502 (86c6 hex)
Tegra114 (Dalmore) # bootz 0x81000000 - 0x82000000
Kernel image @ 0x81000000 [ 0x000000 - 0x7c9200 ]
## Flattened Device Tree blob at 82000000
   Booting using the fdt blob at 0x82000000
   Loading Device Tree to 8fff4000, end 8ffff6c5 ... OK

Starting kernel ...

[    0.000000] Booting Linux on physical CPU 0x0
[    0.000000] Linux version 4.15.0-next-20180205-349066-ga352043b4094 (jonathanh@tamien) (gcc version 4.7.3 20130328 (prerelease) (crosstool-NG linaro-1.13.1-4.7-2013.04-20130415 - Linaro GCC 2013.04)) #1 SMP Tue Feb 6 03:16:18 PST 2018
[    0.000000] CPU: ARMv7 Processor [412fc0f2] revision 2 (ARMv7), cr=10c5387d
[    0.000000] CPU: div instructions available: patching division code
[    0.000000] CPU: PIPT / VIPT nonaliasing data cache, PIPT instruction cache
[    0.000000] OF: fdt: Machine model: NVIDIA Tegra114 Dalmore evaluation board
[    0.000000] debug: ignoring loglevel setting.
[    0.000000] Memory policy: Data cache writealloc
[    0.000000] efi: Getting EFI parameters from FDT:
[    0.000000] efi: UEFI not found.
[    0.000000] cma: Reserved 64 MiB at 0xfb800000
[    0.000000] On node 0 totalpages: 524032
[    0.000000]   DMA zone: 1536 pages used for memmap
[    0.000000]   DMA zone: 0 pages reserved
[    0.000000]   DMA zone: 196608 pages, LIFO batch:31
[    0.000000]   HighMem zone: 327424 pages, LIFO batch:31
[    0.000000] random: fast init done
[    0.000000] percpu: Embedded 17 pages/cpu @(ptrval) s39232 r8192 d22208 u69632
[    0.000000] pcpu-alloc: s39232 r8192 d22208 u69632 alloc=17*4096
[    0.000000] pcpu-alloc: [0] 0 [0] 1 [0] 2 [0] 3 
[    0.000000] Built 1 zonelists, mobility grouping on.  Total pages: 522496
[    0.000000] Kernel command line: ignore_loglevel console=ttyS0,115200n8 rw root=PARTUUID=7369c667-ff51-ec4a-29cd-baabf2fbe346 rootwait gpt debug earlyprintk init=/bin/bash
[    0.000000] Dentry cache hash table entries: 131072 (order: 7, 524288 bytes)
[    0.000000] Inode-cache hash table entries: 65536 (order: 6, 262144 bytes)
[    0.000000] Memory: 1992580K/2096128K available (11264K kernel code, 1570K rwdata, 4352K rodata, 2048K init, 405K bss, 38012K reserved, 65536K cma-reserved, 1244160K highmem)
[    0.000000] Virtual kernel memory layout:
[    0.000000]     vector  : 0xffff0000 - 0xffff1000   (   4 kB)
[    0.000000]     fixmap  : 0xffc00000 - 0xfff00000   (3072 kB)
[    0.000000]     vmalloc : 0xf0800000 - 0xff800000   ( 240 MB)
[    0.000000]     lowmem  : 0xc0000000 - 0xf0000000   ( 768 MB)
[    0.000000]     pkmap   : 0xbfe00000 - 0xc0000000   (   2 MB)
[    0.000000]     modules : 0xbf000000 - 0xbfe00000   (  14 MB)
[    0.000000]       .text : 0x(ptrval) - 0x(ptrval)   (12256 kB)
[    0.000000]       .init : 0x(ptrval) - 0x(ptrval)   (2048 kB)
[    0.000000]       .data : 0x(ptrval) - 0x(ptrval)   (1571 kB)
[    0.000000]        .bss : 0x(ptrval) - 0x(ptrval)   ( 406 kB)
[    0.000000] SLUB: HWalign=64, Order=0-3, MinObjects=0, CPUs=4, Nodes=1
[    0.000000] Hierarchical RCU implementation.
[    0.000000] 	RCU event tracing is enabled.
[    0.000000] 	RCU restricting CPUs from NR_CPUS=16 to nr_cpu_ids=4.
[    0.000000] RCU: Adjusting geometry for rcu_fanout_leaf=16, nr_cpu_ids=4
[    0.000000] NR_IRQS: 16, nr_irqs: 16, preallocated irqs: 16
[    0.000000] /interrupt-controller@60004000: 160 interrupts forwarded to /interrupt-controller@50041000
[    0.000000] Tegra clk 127: register failed with -17
[    0.000008] sched_clock: 32 bits at 1000kHz, resolution 1000ns, wraps every 2147483647500ns
[    0.000028] clocksource: timer_us: mask: 0xffffffff max_cycles: 0xffffffff, max_idle_ns: 1911260446275 ns
[    0.000044] Switching to timer-based delay loop, resolution 1000ns
[    0.003284] arch_timer: cp15 timer(s) running at 12.00MHz (virt).
[    0.003303] clocksource: arch_sys_counter: mask: 0xffffffffffffff max_cycles: 0x2c47f4ee7, max_idle_ns: 440795202497 ns
[    0.003324] sched_clock: 56 bits at 12MHz, resolution 83ns, wraps every 4398046511096ns
[    0.003339] Switching to timer-based delay loop, resolution 83ns
[    0.003763] Console: colour dummy device 80x30
[    0.003800] Calibrating delay loop (skipped), value calculated using timer frequency.. 24.00 BogoMIPS (lpj=120000)
[    0.003820] pid_max: default: 32768 minimum: 301
[    0.003941] Mount-cache hash table entries: 2048 (order: 1, 8192 bytes)
[    0.003957] Mountpoint-cache hash table entries: 2048 (order: 1, 8192 bytes)
[    0.004474] CPU: Testing write buffer coherency: ok
[    0.004731] /cpus/cpu@0 missing clock-frequency property
[    0.004764] /cpus/cpu@1 missing clock-frequency property
[    0.004797] /cpus/cpu@2 missing clock-frequency property
[    0.004829] /cpus/cpu@3 missing clock-frequency property
[    0.004844] CPU0: thread -1, cpu 0, socket 0, mpidr 80000000
[    0.005155] Setting up static identity map for 0x80300000 - 0x803000a0
[    0.006401] Hierarchical SRCU implementation.
[    0.008493] Tegra Revision: A01 SKU: 0 CPU Process: 1 SoC Process: 0
[    0.009202] EFI services will not be available.
[    0.009368] smp: Bringing up secondary CPUs ...
[    0.009887] CPU1: thread -1, cpu 1, socket 0, mpidr 80000001
[    0.010496] CPU2: thread -1, cpu 2, socket 0, mpidr 80000002
[    0.011097] CPU3: thread -1, cpu 3, socket 0, mpidr 80000003
[    0.011203] smp: Brought up 1 node, 4 CPUs
[    0.011228] SMP: Total of 4 processors activated (96.00 BogoMIPS).
[    0.011238] CPU: All CPU(s) started in SVC mode.
[    0.012760] devtmpfs: initialized
[    0.021688] Built 1 zonelists, mobility grouping on.  Total pages: 514529
[    0.022039] VFP support v0.3: implementor 41 architecture 4 part 30 variant f rev 0
[    0.022378] clocksource: jiffies: mask: 0xffffffff max_cycles: 0xffffffff, max_idle_ns: 19112604462750000 ns
[    0.022398] futex hash table entries: 1024 (order: 4, 65536 bytes)
[    0.022594] pinctrl core: initialized pinctrl subsystem
[    0.023920] DMI not present or invalid.
[    0.024184] NET: Registered protocol family 16
[    0.026276] DMA: preallocated 256 KiB pool for atomic coherent allocations
[    0.028373] cpuidle: using governor menu
[    0.049818] No ATAGs?
[    0.049951] hw-breakpoint: found 5 (+1 reserved) breakpoint and 4 watchpoint registers.
[    0.049968] hw-breakpoint: maximum watchpoint size is 8 bytes.
[    0.055615] Serial: AMBA PL011 UART driver
[    0.056529] tegra-mc 70019000.memory-controller: no memory timings for RAM code 3 registered
[    0.056712] iommu: Adding device 54200000.dc to group 0
[    0.056769] iommu: Adding device 54240000.dc to group 0
[    0.070771] AT91: Could not find identification node
[    0.071259] dvdd_ts: Failed to request enable GPIO61: -517
[    0.071282] reg-fixed-voltage regulators:regulator@1: Failed to register regulator: -517
[    0.071390] usb1_vbus: Failed to request enable GPIO108: -517
[    0.071405] reg-fixed-voltage regulators:regulator@3: Failed to register regulator: -517
[    0.071511] usb2_vbus: Failed to request enable GPIO86: -517
[    0.071526] reg-fixed-voltage regulators:regulator@4: Failed to register regulator: -517
[    0.071943] VDD_5V0_HDMI_CON: Failed to request enable GPIO81: -517
[    0.071959] reg-fixed-voltage regulators:regulator@7: Failed to register regulator: -517
[    0.074401] vgaarb: loaded
[    0.075107] SCSI subsystem initialized
[    0.075282] libata version 3.00 loaded.
[    0.075480] usbcore: registered new interface driver usbfs
[    0.075537] usbcore: registered new interface driver hub
[    0.075599] usbcore: registered new device driver usb
[    0.078822] tps65090 2-0048: No cache defaults, reading back from HW
[    0.080731] TPS65090_RAILSDCDC1: supplied by vdd_ac_bat
[    0.081790] TPS65090_RAILSDCDC2: supplied by vdd_ac_bat
[    0.082848] TPS65090_RAILSDCDC3: supplied by vdd_ac_bat
[    0.083359] TPS65090_RAILSFET1: supplied by vdd_ac_bat
[    0.083730] TPS65090_RAILSFET2: supplied by vdd_ac_bat
[    0.084070] TPS65090_RAILSFET3: supplied by vdd-sys-3v3
[    0.084578] TPS65090_RAILSFET4: supplied by vdd-sys-3v3
[    0.085098] TPS65090_RAILSFET5: supplied by vdd-sys-3v3
[    0.085603] TPS65090_RAILSFET6: supplied by vdd-sys-3v3
[    0.086429] TPS65090_RAILSFET7: supplied by vdd-sys-3v3
[    0.086951] TPS65090_RAILSLDO1: supplied by vdd_ac_bat
[    0.087136] TPS65090_RAILSLDO2: supplied by vdd_ac_bat
[    0.088029] palmas 2-0058: Irq flag is 0x00000004
[    0.089982] palmas 2-0058: Muxing GPIO ff, PWM 0, LED 0
[    0.092481] SMPS12: supplied by vdd-ao
[    0.093509] vdd_hdmi_5v0: supplied by vdd-sys-5v0
[    0.094326] SMPS3: supplied by vdd-ao
[    0.096045] SMPS457: supplied by vdd-sys-3v3
[    0.097665] SMPS6: supplied by regulator-dummy
[    0.099051] SMPS8: supplied by vdd-sys-3v3
[    0.100625] SMPS9: supplied by vdd-sys-3v3
[    0.101146] sdhci-vdd-sd-slot: Bringing 2840000uV into 2800000-2800000uV
[    0.102523] SMPS10_OUT2: supplied by regulator-dummy
[    0.103354] SMPS10_OUT1: supplied by regulator-dummy
[    0.104269] LDO1: supplied by vdd-sys-3v3
[    0.105365] LDO2: supplied by vdd-sys-3v3
[    0.106479] LDO3: supplied by vddio-1v8
[    0.107564] LDO4: supplied by vdd-sys-3v3
[    0.108674] LDO5: supplied by vdd_ac_bat
[    0.109346] LDO6: supplied by vdd-sys-3v3
[    0.109867] vdd-sensor-2v85: Bringing 2900000uV into 2850000-2850000uV
[    0.111185] LDO7: supplied by vdd-sys-3v3
[    0.112814] LDO8: supplied by vdd-ao
[    0.113334] vdd-rtc: Bringing 675000uV into 900000-900000uV
[    0.124131] LDO9: supplied by sdhci-vdd-sd-slot
[    0.134444] LDOLN: supplied by vdd-sys-5v0
[    0.135554] LDOUSB: supplied by vdd-sys-5v0
[    0.146796] pps_core: LinuxPPS API ver. 1 registered
[    0.146807] pps_core: Software ver. 5.3.6 - Copyright 2005-2007 Rodolfo Giometti <giometti@linux.it>
[    0.146832] PTP clock support registered
[    0.147018] EDAC MC: Ver: 3.0.0
[    0.149217] clocksource: Switched to clocksource arch_sys_counter
[    0.202495] NET: Registered protocol family 2
[    0.203010] tcp_listen_portaddr_hash hash table entries: 512 (order: 0, 6144 bytes)
[    0.203044] TCP established hash table entries: 8192 (order: 3, 32768 bytes)
[    0.203148] TCP bind hash table entries: 8192 (order: 4, 65536 bytes)
[    0.203336] TCP: Hash tables configured (established 8192 bind 8192)
[    0.203427] UDP hash table entries: 512 (order: 2, 16384 bytes)
[    0.203471] UDP-Lite hash table entries: 512 (order: 2, 16384 bytes)
[    0.203629] NET: Registered protocol family 1
[    0.203964] RPC: Registered named UNIX socket transport module.
[    0.203976] RPC: Registered udp transport module.
[    0.203985] RPC: Registered tcp transport module.
[    0.203995] RPC: Registered tcp NFSv4.1 backchannel transport module.
[    0.204010] PCI: CLS 0 bytes, default 64
[    0.206124] Initialise system trusted keyrings
[    0.206261] workingset: timestamp_bits=30 max_order=19 bucket_order=0
[    0.213117] squashfs: version 4.0 (2009/01/31) Phillip Lougher
[    0.213710] NFS: Registering the id_resolver key type
[    0.213734] Key type id_resolver registered
[    0.213744] Key type id_legacy registered
[    0.213793] ntfs: driver 2.1.32 [Flags: R/O].
[    0.215375] Key type asymmetric registered
[    0.215388] Asymmetric key parser 'x509' registered
[    0.215442] bounce: pool size: 64 pages
[    0.215493] Block layer SCSI generic (bsg) driver version 0.4 loaded (major 246)
[    0.215506] io scheduler noop registered
[    0.215516] io scheduler deadline registered
[    0.215738] io scheduler cfq registered (default)
[    0.215750] io scheduler mq-deadline registered
[    0.215761] io scheduler kyber registered
[    0.247939] tegra-apbdma 6000a000.dma: Tegra20 APB DMA driver register 32 channels
[    0.250914] tegra-pmc 7000e400.pmc: i2c-thermtrip node not found, emergency thermal reset disabled.
[    0.303961] Serial: 8250/16550 driver, 4 ports, IRQ sharing disabled
[    0.306583] console [ttyS0] disabled
[    0.306624] 70006300.serial: ttyS0 at MMIO 0x70006300 (irq = 329, base_baud = 25500000) is a Tegra
[    1.338817] console [ttyS0] enabled
[    1.343082] SuperH (H)SCI(F) driver initialized
[    1.348582] msm_serial: driver initialized
[    1.352878] STMicroelectronics ASC driver initialized
[    1.363283] Failed to attached device 54200000.dc to IOMMU_mapping
[    1.377691] Failed to attached device 54240000.dc to IOMMU_mapping
[    1.392567] tegra-hdmi 54280000.hdmi: failed to get HDMI regulator
[    1.414810] brd: module loaded
[    1.424573] loop: module loaded
[    1.444788] m25p80 spi0.0: w25q32dw (4096 Kbytes)
[    1.452207] libphy: Fixed MDIO Bus: probed
[    1.457280] CAN device driver interface
[    1.461954] bgmac_bcma: Broadcom 47xx GBit MAC driver loaded
[    1.468817] e1000e: Intel(R) PRO/1000 Network Driver - 3.2.6-k
[    1.474660] e1000e: Copyright(c) 1999 - 2015 Intel Corporation.
[    1.480642] igb: Intel(R) Gigabit Ethernet Network Driver - version 5.4.0-k
[    1.487595] igb: Copyright (c) 2007-2014 Intel Corporation.
[    1.496664] pegasus: v0.9.3 (2013/04/25), Pegasus/Pegasus II USB Ethernet driver
[    1.504115] usbcore: registered new interface driver pegasus
[    1.509824] usbcore: registered new interface driver asix
[    1.515245] usbcore: registered new interface driver ax88179_178a
[    1.521378] usbcore: registered new interface driver cdc_ether
[    1.527248] usbcore: registered new interface driver smsc75xx
[    1.533046] usbcore: registered new interface driver smsc95xx
[    1.538812] usbcore: registered new interface driver net1080
[    1.544513] usbcore: registered new interface driver cdc_subset
[    1.550471] usbcore: registered new interface driver zaurus
[    1.556080] usbcore: registered new interface driver cdc_ncm
[    1.561975] tegra-phy 7d000000.usb-phy: no vbus regulator
[    1.569393] ehci_hcd: USB 2.0 'Enhanced' Host Controller (EHCI) Driver
[    1.575912] ehci-pci: EHCI PCI platform driver
[    1.580401] ehci-platform: EHCI generic platform driver
[    1.585803] ehci-orion: EHCI orion driver
[    1.589969] SPEAr-ehci: EHCI SPEAr driver
[    1.594102] ehci-st: EHCI STMicroelectronics driver
[    1.599099] ehci-exynos: EHCI EXYNOS driver
[    1.603435] ehci-atmel: EHCI Atmel driver
[    1.607567] tegra-ehci: Tegra EHCI driver
[    1.611888] ohci_hcd: USB 1.1 'Open' Host Controller (OHCI) Driver
[    1.618070] ohci-pci: OHCI PCI platform driver
[    1.622567] ohci-platform: OHCI generic platform driver
[    1.627955] SPEAr-ohci: OHCI SPEAr driver
[    1.632109] ohci-st: OHCI STMicroelectronics driver
[    1.637106] ohci-atmel: OHCI Atmel driver
[    1.641809] usbcore: registered new interface driver usb-storage
[    1.660470] palmas-rtc 7000d000.i2c:tps65913@58:rtc: rtc core: registered 7000d000.i2c:tps65913@58:rtc as rtc0
[    1.672268] tegra_rtc 7000e000.rtc: rtc core: registered 7000e000.rtc as rtc1
[    1.679458] tegra_rtc 7000e000.rtc: Tegra internal Real Time Clock
[    1.686136] i2c /dev entries driver
[    1.696032] sbs-battery 0-000b: sbs_probe: Failed to get device status
[    1.702594] sbs-battery: probe of 0-000b failed with error -121
[    1.718803] sdhci: Secure Digital Host Controller Interface driver
[    1.725007] sdhci: Copyright(c) Pierre Ossman
[    1.730903] Synopsys Designware Multimedia Card Interface Driver
[    1.738238] sdhci-pltfm: SDHCI platform and OF driver helper
[    1.744634] sdhci-tegra 78000400.sdhci: Got CD GPIO
[    1.749551] sdhci-tegra 78000400.sdhci: Got WP GPIO
[    1.762661] mmc0: Invalid maximum block size, assuming 512 bytes
[    1.799754] mmc0: SDHCI controller on 78000400.sdhci [78000400.sdhci] using ADMA
[    1.812376] mmc1: Invalid maximum block size, assuming 512 bytes
[    1.849371] mmc1: SDHCI controller on 78000600.sdhci [78000600.sdhci] using ADMA
[    1.858759] ledtrig-cpu: registered to indicate activity on CPUs
[    1.865142] usbcore: registered new interface driver usbhid
[    1.870729] usbhid: USB HID core driver
[    1.878451] NET: Registered protocol family 10
[    1.883837] Segment Routing with IPv6
[    1.887557] sit: IPv6, IPv4 and MPLS over IPv4 tunneling driver
[    1.894045] NET: Registered protocol family 17
[    1.898492] can: controller area network core (rev 20170425 abi 9)
[    1.904751] NET: Registered protocol family 29
[    1.909211] can: raw protocol (rev 20170425)
[    1.913476] can: broadcast manager protocol (rev 20170425 t)
[    1.919133] can: netlink gateway (rev 20170425) max_hops=1
[    1.924914] Key type dns_resolver registered
[    1.929715] ThumbEE CPU extension supported.
[    1.933987] Registering SWP/SWPB emulation handler
[    1.939337] Loading compiled-in X.509 certificates
[    1.950820] mmc0: new high speed SDHC card at address aaaa
[    1.957046] mmcblk0: mmc0:aaaa SL16G 14.8 GiB 
[    1.959586] usb1_vbus: supplied by vdd-sys-5v0
[    1.966997] usb2_vbus: supplied by vdd-sys-5v0
[    1.973587] VDD_5V0_HDMI_CON: supplied by vdd-sys-5v0
[    1.983785] [drm] Supports vblank timestamp caching Rev 2 (21.10.2013).
[    1.988673]  mmcblk0: p1 p2 p3
[    1.990452] [drm] No driver support for vblank timestamp query.
[    2.003861] mmc1: new high speed MMC card at address 0001
[    2.010086] mmcblk1: mmc1:0001 SEM32G 29.1 GiB 
[    2.015064] mmcblk1boot0: mmc1:0001 SEM32G partition 1 4.00 MiB
[    2.021645] mmcblk1boot1: mmc1:0001 SEM32G partition 2 4.00 MiB
[    2.021919] mmcblk1rpmb: mmc1:0001 SEM32G partition 3 4.00 MiB, chardev (236:0)
[    2.024806]  mmcblk1: p1 p2 p3 p4 p5 p6 p7 p8
[    2.088227] Console: switching to colour frame buffer device 240x75
[    2.145447] drm drm: fb0:  frame buffer device
[    2.150058] [drm] Initialized tegra 0.0.0 20120330 for drm on minor 0
[    2.159950] tegra-ehci 7d008000.usb: EHCI Host Controller
[    2.165366] tegra-ehci 7d008000.usb: new USB bus registered, assigned bus number 1
[    2.173248] alloc_contig_range: [fb84b, fb84c) PFNs busy
[    2.178747] alloc_contig_range: [fb850, fb851) PFNs busy
[    2.184342] alloc_contig_range: [fb851, fb852) PFNs busy
[    2.189861] alloc_contig_range: [fb852, fb853) PFNs busy
[    2.195352] alloc_contig_range: [fb853, fb854) PFNs busy
[    2.200942] alloc_contig_range: [fb854, fb855) PFNs busy
[    2.206436] alloc_contig_range: [fb855, fb856) PFNs busy
[    2.211953] alloc_contig_range: [fb856, fb857) PFNs busy
[    2.217514] alloc_contig_range: [fb857, fb858) PFNs busy
[    2.223050] alloc_contig_range: [fb858, fb859) PFNs busy
[    3.312550] tegra-ehci 7d008000.usb: irq 340, io mem 0x7d008000
[    3.339346] tegra-ehci 7d008000.usb: USB 2.0 started, EHCI 1.10
[    3.346019] hub 1-0:1.0: USB hub found
[    3.349851] hub 1-0:1.0: 1 port detected
[    3.355238] input: gpio-keys as /devices/soc0/gpio-keys/input/input0
[    3.364271] palmas-rtc 7000d000.i2c:tps65913@58:rtc: setting system clock to 2000-06-29 18:23:14 UTC (962302994)
[    3.379274] dvdd_ts: disabling
[    3.382333] usb1_vbus: disabling
[    3.385570] vdd_cam_1v8_reg: disabling
[    3.391449] EXT4-fs (mmcblk1p1): mounting ext3 file system using the ext4 subsystem
[    3.413149] EXT4-fs (mmcblk1p1): recovery complete
[    3.417966] EXT4-fs (mmcblk1p1): mounted filesystem with ordered data mode. Opts: (null)
[    3.426160] VFS: Mounted root (ext3 filesystem) on device 179:17.
[    3.436990] devtmpfs: mounted
[    3.441901] Freeing unused kernel memory: 2048K
bash: cannot set terminal process group (-1): Inappropriate ioctl for device
bash: no job control in this shell
root@(none):/# [    3.719376] usb 1-1: new high-speed USB device number 2 using tegra-ehci
mount -t sysfs none /sys
[    4.405350] asix 1-1:1.0 eth0: register 'asix' at usb-7d008000.usb-1, ASIX AX88772 USB 2.0 Ethernet, 00:50:b6:0d:b5:16
root@(none):/# 
root@(none):/# mount -t debugfs none /sys/kernel/debug
root@(none):/# 
root@(none):/# rtcwake -d rtc1 -m mem -s 3
rtcwake: assuming RTC uses UTC ...
rtcwake: wakeup from "mem" using /dev/rtc1 at Thu Jan  1 00:00:21 1970
[    6.371517] PM: suspend entry (deep)
[    6.375097] PM: Syncing filesystems ... done.
[    6.419755] Freezing user space processes ... (elapsed 0.001 seconds) done.
[    6.427988] OOM killer disabled.
[    6.431259] Freezing remaining freezable tasks ... (elapsed 0.001 seconds) done.
[    6.440015] Suspending console(s) (use no_console_suspend to debug)
[    6.510509] Disabling non-boot CPUs ...
[    6.679525] IRQ17 no longer affine to CPU3
[    6.680814] Entering suspend state LP1
[    6.680838] Enabling non-boot CPUs ...
[    6.681418] CPU1 is up
[    6.681959] CPU2 is up
[    6.682605] CPU3 is up
[    7.320144] OOM killer enabled.
[    7.323288] Restarting tasks ... done.
[    7.359987] PM: suspend exit
root@(none):/# 
root@(none):/# rtcwake -d rtc1 -m mem -s 3
rtcwake: assuming RTC uses UTC ...
rtcwake: wakeup from "mem" using /dev/rtc1 at Thu Jan  1 00:00:30 1970
[    7.753578] PM: suspend entry (deep)
[    7.757155] PM: Syncing filesystems ... done.
[    7.793531] Freezing user space processes ... (elapsed 0.001 seconds) done.
[    7.801809] OOM killer disabled.
[    7.805032] Freezing remaining freezable tasks ... (elapsed 0.001 seconds) done.
[    7.813794] Suspending console(s) (use no_console_suspend to debug)
[    7.880065] Disabling non-boot CPUs ...
[    7.929588] IRQ17 no longer affine to CPU1
[    8.050518] Entering suspend state LP1
[    8.050542] Enabling non-boot CPUs ...
[    8.051136] CPU1 is up
[    8.051678] CPU2 is up
[    8.052330] CPU3 is up
[    8.693542] OOM killer enabled.
[    8.696685] Restarting tasks ... done.
[    8.730354] PM: suspend exit
root@(none):/# 
root@(none):/# rtcwake -d rtc1 -m mem -s 3
rtcwake: assuming RTC uses UTC ...
rtcwake: wakeup from "mem" using /dev/rtc1 at Thu Jan  1 00:00:39 1970
[    9.123929] PM: suspend entry (deep)
[    9.127524] PM: Syncing filesystems ... done.
[    9.163831] Freezing user space processes ... (elapsed 0.001 seconds) done.
[    9.172145] OOM killer disabled.
[    9.175368] Freezing remaining freezable tasks ... (elapsed 0.001 seconds) done.
[    9.184142] Suspending console(s) (use no_console_suspend to debug)
[    9.249383] Disabling non-boot CPUs ...
[    9.359503] IRQ17 no longer affine to CPU2
[    9.420466] Entering suspend state LP1
[    9.420490] Enabling non-boot CPUs ...
[    9.421088] CPU1 is up
[    9.421632] CPU2 is up
[    9.422288] CPU3 is up
[   10.062005] OOM killer enabled.
[   10.065155] Restarting tasks ... done.
[   10.101279] PM: suspend exit
root@(none):/# 
root@(none):/# rtcwake -d rtc1 -m mem -s 3
rtcwake: assuming RTC uses UTC ...
rtcwake: wakeup from "mem" using /dev/rtc1 at Thu Jan  1 00:00:48 1970
[   10.490425] PM: suspend entry (deep)
[   10.494003] PM: Syncing filesystems ... done.
[   10.534851] Freezing user space processes ... (elapsed 0.001 seconds) done.
[   10.543143] OOM killer disabled.
[   10.546368] Freezing remaining freezable tasks ... (elapsed 0.001 seconds) done.
[   10.555158] Suspending console(s) (use no_console_suspend to debug)
[   10.630245] Disabling non-boot CPUs ...
[   10.800443] Entering suspend state LP1
[   10.800466] Enabling non-boot CPUs ...
[   10.801068] CPU1 is up
[   10.801616] CPU2 is up
[   10.802277] CPU3 is up
[   11.437548] OOM killer enabled.
[   11.440737] Restarting tasks ... done.
[   11.480561] PM: suspend exit
root@(none):/# 
root@(none):/# rtcwake -d rtc1 -m mem -s 3
rtcwake: assuming RTC uses UTC ...
rtcwake: wakeup from "mem" using /dev/rtc1 at Thu Jan  1 00:00:57 1970
[   11.884795] PM: suspend entry (deep)
[   11.888374] PM: Syncing filesystems ... done.
[   11.930783] Freezing user space processes ... (elapsed 0.001 seconds) done.
[   11.939072] OOM killer disabled.
[   11.942300] Freezing remaining freezable tasks ... (elapsed 0.001 seconds) done.
[   11.951070] Suspending console(s) (use no_console_suspend to debug)
[   12.019954] Disabling non-boot CPUs ...
[   12.180395] Entering suspend state LP1
[   12.180418] Enabling non-boot CPUs ...
[   12.181017] CPU1 is up
[   12.181566] CPU2 is up
[   12.182222] CPU3 is up
[   12.819950] OOM killer enabled.
[   12.823094] Restarting tasks ... done.
[   12.860454] PM: suspend exit
root@(none):/# 
root@(none):/# rtcwake -d rtc1 -m mem -s 3
rtcwake: assuming RTC uses UTC ...
rtcwake: wakeup from "mem" using /dev/rtc1 at Thu Jan  1 00:01:06 1970
[   13.252364] PM: suspend entry (deep)
[   13.255944] PM: Syncing filesystems ... done.
[   13.294020] Freezing user space processes ... (elapsed 0.001 seconds) done.
[   13.302321] OOM killer disabled.
[   13.305548] Freezing remaining freezable tasks ... (elapsed 0.001 seconds) done.
[   13.314315] Suspending console(s) (use no_console_suspend to debug)
[   13.379505] Disabling non-boot CPUs ...
[   13.550360] Entering suspend state LP1
[   13.550384] Enabling non-boot CPUs ...
[   13.550985] CPU1 is up
[   13.551533] CPU2 is up
[   13.552179] CPU3 is up
[   14.190311] OOM killer enabled.
[   14.193456] Restarting tasks ... done.
[   14.230134] PM: suspend exit
root@(none):/# 
root@(none):/# rtcwake -d rtc1 -m mem -s 3
rtcwake: assuming RTC uses UTC ...
rtcwake: wakeup from "mem" using /dev/rtc1 at Thu Jan  1 00:01:15 1970
[   14.620777] PM: suspend entry (deep)
[   14.624356] PM: Syncing filesystems ... done.
[   14.663661] Freezing user space processes ... (elapsed 0.001 seconds) done.
[   14.671957] OOM killer disabled.
[   14.675180] Freezing remaining freezable tasks ... (elapsed 0.001 seconds) done.
[   14.683956] Suspending console(s) (use no_console_suspend to debug)
[   14.749975] Disabling non-boot CPUs ...
[   14.920294] Entering suspend state LP1
[   14.920318] Enabling non-boot CPUs ...
[   14.920916] CPU1 is up
[   14.921464] CPU2 is up
[   14.922112] CPU3 is up
[   15.559821] OOM killer enabled.
[   15.562964] Restarting tasks ... done.
[   15.600451] PM: suspend exit
root@(none):/# 
root@(none):/# rtcwake -d rtc1 -m mem -s 3
rtcwake: assuming RTC uses UTC ...
rtcwake: wakeup from "mem" using /dev/rtc1 at Thu Jan  1 00:01:24 1970
[   15.993808] PM: suspend entry (deep)
[   15.997405] PM: Syncing filesystems ... done.
[   16.033942] Freezing user space processes ... (elapsed 0.001 seconds) done.
[   16.042232] OOM killer disabled.
[   16.045455] Freezing remaining freezable tasks ... (elapsed 0.001 seconds) done.
[   16.054234] Suspending console(s) (use no_console_suspend to debug)
[   16.119524] Disabling non-boot CPUs ...
[   16.290287] Entering suspend state LP1
[   16.290310] Enabling non-boot CPUs ...
[   16.290911] CPU1 is up
[   16.291456] CPU2 is up
[   16.292100] CPU3 is up
[   16.927350] OOM killer enabled.
[   16.930508] Restarting tasks ... done.
[   16.970245] PM: suspend exit
root@(none):/# 
root@(none):/# rtcwake -d rtc1 -m mem -s 3
rtcwake: assuming RTC uses UTC ...
rtcwake: wakeup from "mem" using /dev/rtc1 at Thu Jan  1 00:01:33 1970
[   17.371402] PM: suspend entry (deep)
[   17.374985] PM: Syncing filesystems ... done.
[   17.403864] Freezing user space processes ... (elapsed 0.001 seconds) done.
[   17.412160] OOM killer disabled.
[   17.415387] Freezing remaining freezable tasks ... (elapsed 0.001 seconds) done.
[   17.424156] Suspending console(s) (use no_console_suspend to debug)
[   17.489964] Disabling non-boot CPUs ...
[   17.660202] Entering suspend state LP1
[   17.660225] Enabling non-boot CPUs ...
[   17.660829] CPU1 is up
[   17.661373] CPU2 is up
[   17.662029] CPU3 is up
[   18.299130] OOM killer enabled.
[   18.302274] Restarting tasks ... done.
[   18.339819] PM: suspend exit
root@(none):/# 
root@(none):/# rtcwake -d rtc1 -m mem -s 3
rtcwake: assuming RTC uses UTC ...
rtcwake: wakeup from "mem" using /dev/rtc1 at Thu Jan  1 00:01:42 1970
[   18.732854] PM: suspend entry (deep)
[   18.736450] PM: Syncing filesystems ... done.
[   18.773240] Freezing user space processes ... (elapsed 0.001 seconds) done.
[   18.781532] OOM killer disabled.
[   18.784755] Freezing remaining freezable tasks ... (elapsed 0.001 seconds) done.
[   18.793536] Suspending console(s) (use no_console_suspend to debug)
[   18.859334] Disabling non-boot CPUs ...
[   19.030169] Entering suspend state LP1
[   19.030193] Enabling non-boot CPUs ...
[   19.030789] CPU1 is up
[   19.031332] CPU2 is up
[   19.031986] CPU3 is up
[   19.669346] OOM killer enabled.
[   19.672481] Restarting tasks ... done.
[   19.710705] PM: suspend exit
root@(none):/# 
root@(none):/# NVTB SYSTEM SUSPEND TEST COMPLETE
