

U-Boot 2015.04-00466-gedec83e90172 (Mar 14 2016 - 10:42:01)

TEGRA124
Model: Acer Chromebook 13 CB5-311
DRAM:  4 GiB
:   Tegra SD/MMC: 0, Tegra SD/MMC: 1, Tegra SD/MMC: 2
MMC init failed
Using default environment

In:    serial
Out:   serial
Err:   serial
Net:   Net Initialization Skipped
No ethernet found.
Hit any key to stop autoboot:  2  0 
Tegra124 (Nyan-big) # 
Tegra124 (Nyan-big) # usb start
starting USB...
USB0:   USB EHCI 1.10
scanning bus 0 for devices... 2 USB Device(s) found
USB1:   USB EHCI 1.10
scanning bus 1 for devices... 2 USB Device(s) found
       scanning usb for storage devices... 1 Storage Device(s) found
       scanning usb for ethernet devices... 
Warning: asx0 using MAC address from net device
1 Ethernet Device(s) found
Tegra124 (Nyan-big) # mw 0x7000e4a0 0x00080000
Tegra124 (Nyan-big) # setenv bootargs 'ignore_loglevel console=ttyS0,115200n8 rw root=PARTUUID=4d36e82a-b3c0-4b4b-bfcd-afe5217ac023 rootwait gpt debug noinitrd earlyprintk init=/bin/bash'
Tegra124 (Nyan-big) # setenv ipaddr 192.168.100.102; setenv serverip 192.168.100.1; setenv tftpserverip 192.168.100.1
Tegra124 (Nyan-big) # tftpboot 0x82000000 zImage.multi_v7_defconfig
Using asx0 device
TFTP from server 192.168.100.1; our IP address is 192.168.100.102
Filename 'zImage.multi_v7_defconfig'.
Load address: 0x82000000
Loading: *#################################################################
	 #################################################################
	 #################################################################
	 #################################################################
	 #################################################################
	 #################################################################
	 #################################################################
	 ####################################################
	 3.6 MiB/s
done
Bytes transferred = 7441752 (718d58 hex)
Tegra124 (Nyan-big) # tftpboot 0x83000000 tegra124-nyan-big.dtb
Using asx0 device
TFTP from server 192.168.100.1; our IP address is 192.168.100.102
Filename 'tegra124-nyan-big.dtb'.
Load address: 0x83000000
Loading: *#####
	 3.2 MiB/s
done
Bytes transferred = 67943 (10967 hex)
Tegra124 (Nyan-big) # bootz 0x82000000 - 0x83000000
Kernel image @ 0x82000000 [ 0x000000 - 0x718d58 ]
## Flattened Device Tree blob at 83000000
   Booting using the fdt blob at 0x83000000
   Using Device Tree in place at 83000000, end 83013966

Starting kernel ...

[    0.000000] Booting Linux on physical CPU 0x0
[    0.000000] Linux version 4.10.0-rc3-next-20170111-144933-g4301f6c (pwalmsley@sellafield) (gcc version 4.7.3 20130328 (prerelease) (crosstool-NG linaro-1.13.1-4.7-2013.04-20130415 - Linaro GCC 2013.04) ) #1 SMP Tue Jan 10 19:35:03 PST 2017
[    0.000000] CPU: ARMv7 Processor [413fc0f3] revision 3 (ARMv7), cr=10c5387d
[    0.000000] CPU: div instructions available: patching division code
[    0.000000] CPU: PIPT / VIPT nonaliasing data cache, PIPT instruction cache
[    0.000000] OF: fdt:Machine model: Acer Chromebook 13 CB5-311
[    0.000000] OF: fdt:Ignoring memory range 0x100000000 - 0x17ffff000
[    0.000000] debug: ignoring loglevel setting.
[    0.000000] efi: Getting EFI parameters from FDT:
[    0.000000] efi: UEFI not found.
[    0.000000] cma: Reserved 64 MiB at 0xfb800000
[    0.000000] Memory policy: Data cache writealloc
[    0.000000] On node 0 totalpages: 524287
[    0.000000] free_area_init_node: node 0, pgdat c142c880, node_mem_map eeff8000
[    0.000000]   DMA zone: 1536 pages used for memmap
[    0.000000]   DMA zone: 0 pages reserved
[    0.000000]   DMA zone: 196608 pages, LIFO batch:31
[    0.000000]   HighMem zone: 327679 pages, LIFO batch:31
[    0.000000] percpu: Embedded 16 pages/cpu @eef85000 s34240 r8192 d23104 u65536
[    0.000000] pcpu-alloc: s34240 r8192 d23104 u65536 alloc=16*4096
[    0.000000] pcpu-alloc: [0] 0 [0] 1 [0] 2 [0] 3 
[    0.000000] Built 1 zonelists in Zone order, mobility grouping on.  Total pages: 522751
[    0.000000] Kernel command line: ignore_loglevel console=ttyS0,115200n8 rw root=PARTUUID=4d36e82a-b3c0-4b4b-bfcd-afe5217ac023 rootwait gpt debug noinitrd earlyprintk init=/bin/bash
[    0.000000] PID hash table entries: 4096 (order: 2, 16384 bytes)
[    0.000000] Dentry cache hash table entries: 131072 (order: 7, 524288 bytes)
[    0.000000] Inode-cache hash table entries: 65536 (order: 6, 262144 bytes)
[    0.000000] Memory: 1995808K/2097148K available (9216K kernel code, 1208K rwdata, 4164K rodata, 2048K init, 467K bss, 35804K reserved, 65536K cma-reserved, 1245180K highmem)
[    0.000000] Virtual kernel memory layout:
[    0.000000]     vector  : 0xffff0000 - 0xffff1000   (   4 kB)
[    0.000000]     fixmap  : 0xffc00000 - 0xfff00000   (3072 kB)
[    0.000000]     vmalloc : 0xf0800000 - 0xff800000   ( 240 MB)
[    0.000000]     lowmem  : 0xc0000000 - 0xf0000000   ( 768 MB)
[    0.000000]     pkmap   : 0xbfe00000 - 0xc0000000   (   2 MB)
[    0.000000]     modules : 0xbf000000 - 0xbfe00000   (  14 MB)
[    0.000000]       .text : 0xc0208000 - 0xc0c00000   (10208 kB)
[    0.000000]       .init : 0xc1100000 - 0xc1300000   (2048 kB)
[    0.000000]       .data : 0xc1300000 - 0xc142e380   (1209 kB)
[    0.000000]        .bss : 0xc1430000 - 0xc14a4c28   ( 468 kB)
[    0.000000] SLUB: HWalign=64, Order=0-3, MinObjects=0, CPUs=4, Nodes=1
[    0.000000] Hierarchical RCU implementation.
[    0.000000] 	RCU debugfs-based tracing is enabled.
[    0.000000] 	Build-time adjustment of leaf fanout to 32.
[    0.000000] 	RCU restricting CPUs from NR_CPUS=16 to nr_cpu_ids=4.
[    0.000000] RCU: Adjusting geometry for rcu_fanout_leaf=32, nr_cpu_ids=4
[    0.000000] NR_IRQS:16 nr_irqs:16 16
[    0.000000] /interrupt-controller@60004000: 160 interrupts forwarded to /interrupt-controller@50041000
[    0.000000] Tegra clk 127: register failed with -17
[    0.000003] sched_clock: 32 bits at 1000kHz, resolution 1000ns, wraps every 2147483647500ns
[    0.000012] clocksource: timer_us: mask: 0xffffffff max_cycles: 0xffffffff, max_idle_ns: 1911260446275 ns
[    0.000018] Switching to timer-based delay loop, resolution 1000ns
[    0.001672] arm_arch_timer: Architected cp15 timer(s) running at 12.00MHz (virt).
[    0.001679] clocksource: arch_sys_counter: mask: 0xffffffffffffff max_cycles: 0x2c47f4ee7, max_idle_ns: 440795202497 ns
[    0.001686] sched_clock: 56 bits at 12MHz, resolution 83ns, wraps every 4398046511096ns
[    0.001690] Switching to timer-based delay loop, resolution 83ns
[    0.001885] Console: colour dummy device 80x30
[    0.001901] Calibrating delay loop (skipped), value calculated using timer frequency.. 24.00 BogoMIPS (lpj=120000)
[    0.001907] pid_max: default: 32768 minimum: 301
[    0.001949] Mount-cache hash table entries: 2048 (order: 1, 8192 bytes)
[    0.001953] Mountpoint-cache hash table entries: 2048 (order: 1, 8192 bytes)
[    0.002148] CPU: Testing write buffer coherency: ok
[    0.002271] /cpus/cpu@0 missing clock-frequency property
[    0.002286] /cpus/cpu@1 missing clock-frequency property
[    0.002301] /cpus/cpu@2 missing clock-frequency property
[    0.002317] /cpus/cpu@3 missing clock-frequency property
[    0.002323] CPU0: thread -1, cpu 0, socket 0, mpidr 80000000
[    0.002404] Setting up static identity map for 0x80300000 - 0x80300098
[    0.003707] Tegra Revision: A01 SKU: 131 CPU Process: 1 SoC Process: 1
[    0.003927] EFI services will not be available.
[    0.004023] smp: Bringing up secondary CPUs ...
[    0.004257] CPU1: thread -1, cpu 1, socket 0, mpidr 80000001
[    0.011786] CPU2: thread -1, cpu 2, socket 0, mpidr 80000002
[    0.021782] CPU3: thread -1, cpu 3, socket 0, mpidr 80000003
[    0.031570] smp: Brought up 1 node, 4 CPUs
[    0.031578] SMP: Total of 4 processors activated (96.00 BogoMIPS).
[    0.031582] CPU: All CPU(s) started in SVC mode.
[    0.032122] devtmpfs: initialized
[    0.037612] VFP support v0.3: implementor 41 architecture 4 part 30 variant f rev 0
[    0.037805] clocksource: jiffies: mask: 0xffffffff max_cycles: 0xffffffff, max_idle_ns: 19112604462750000 ns
[    0.038332] pinctrl core: initialized pinctrl subsystem
[    0.039016] NET: Registered protocol family 16
[    0.039687] DMA: preallocated 256 KiB pool for atomic coherent allocations
[    0.040608] cpuidle: using governor menu
[    0.049629] No ATAGs?
[    0.049683] hw-breakpoint: found 5 (+1 reserved) breakpoint and 4 watchpoint registers.
[    0.049688] hw-breakpoint: maximum watchpoint size is 8 bytes.
[    0.052251] Serial: AMBA PL011 UART driver
[    0.052587] tegra-mc 70019000.memory-controller: no memory timings for RAM code 0 registered
[    0.057739] +5V_SYS: supplied by +VDD_MUX
[    0.057833] +3.3V_SYS: supplied by +VDD_MUX
[    0.058038] +VDD_LED: Failed to request enable GPIO122: -517
[    0.058044] reg-fixed-voltage regulators:regulator@5: Failed to register regulator: -517
[    0.058074] +5V_VDD_TS_SW: Failed to request enable GPIO81: -517
[    0.058078] reg-fixed-voltage regulators:regulator@6: Failed to register regulator: -517
[    0.058107] +5V_USB_HS: Failed to request enable GPIO108: -517
[    0.058112] reg-fixed-voltage regulators:regulator@7: Failed to register regulator: -517
[    0.058140] +5V_USB_SS: Failed to request enable GPIO109: -517
[    0.058145] reg-fixed-voltage regulators:regulator@8: Failed to register regulator: -517
[    0.058221] +1.05V_RUN_AVDD_HDMI_PLL: Failed to request enable GPIO63: -517
[    0.058226] reg-fixed-voltage regulators:regulator@11: Failed to register regulator: -517
[    0.058254] +5V_HDMI_CON: Failed to request enable GPIO86: -517
[    0.058258] reg-fixed-voltage regulators:regulator@12: Failed to register regulator: -517
[    0.059323] vgaarb: loaded
[    0.059595] SCSI subsystem initialized
[    0.059663] libata version 3.00 loaded.
[    0.059747] usbcore: registered new interface driver usbfs
[    0.059767] usbcore: registered new interface driver hub
[    0.059792] usbcore: registered new device driver usb
[    0.061068] pps_core: LinuxPPS API ver. 1 registered
[    0.061072] pps_core: Software ver. 5.3.6 - Copyright 2005-2007 Rodolfo Giometti <giometti@linux.it>
[    0.061080] PTP clock support registered
[    0.061147] EDAC MC: Ver: 3.0.0
[    0.061550] tegra-emc 7001b000.emc: no memory timings for RAM code 0 found in DT
[    0.061559] tegra-emc: probe of 7001b000.emc failed with error -2
[    0.062009] clocksource: Switched to clocksource arch_sys_counter
[    0.065250] NET: Registered protocol family 2
[    0.065432] TCP established hash table entries: 8192 (order: 3, 32768 bytes)
[    0.065465] TCP bind hash table entries: 8192 (order: 4, 65536 bytes)
[    0.065527] TCP: Hash tables configured (established 8192 bind 8192)
[    0.065561] UDP hash table entries: 512 (order: 2, 16384 bytes)
[    0.065576] UDP-Lite hash table entries: 512 (order: 2, 16384 bytes)
[    0.065634] NET: Registered protocol family 1
[    0.065752] RPC: Registered named UNIX socket transport module.
[    0.065756] RPC: Registered udp transport module.
[    0.065759] RPC: Registered tcp transport module.
[    0.065761] RPC: Registered tcp NFSv4.1 backchannel transport module.
[    0.065766] PCI: CLS 0 bytes, default 64
[    0.066198] hw perfevents: enabled with armv7_cortex_a15 PMU driver, 7 counters available
[    0.066702] futex hash table entries: 1024 (order: 4, 65536 bytes)
[    0.066950] workingset: timestamp_bits=30 max_order=19 bucket_order=0
[    0.069752] squashfs: version 4.0 (2009/01/31) Phillip Lougher
[    0.070002] NFS: Registering the id_resolver key type
[    0.070012] Key type id_resolver registered
[    0.070016] Key type id_legacy registered
[    0.070032] ntfs: driver 2.1.32 [Flags: R/O].
[    0.070613] bounce: pool size: 64 pages
[    0.070678] Block layer SCSI generic (bsg) driver version 0.4 loaded (major 248)
[    0.070683] io scheduler noop registered
[    0.070686] io scheduler deadline registered
[    0.070745] io scheduler cfq registered (default)
[    0.072414] tegra-xusb-padctl 7009f000.padctl: failed to setup XUSB ports: -517
[    0.079363] tegra-apbdma 60020000.dma: Tegra20 APB DMA driver register 32 channels
[    0.080049] tegra-pmc 7000e400.pmc: i2c-thermtrip node not found, emergency thermal reset disabled.
[    0.099940] Serial: 8250/16550 driver, 4 ports, IRQ sharing disabled
[    0.101079] console [ttyS0] disabled
[    0.101096] 70006000.serial: ttyS0 at MMIO 0x70006000 (irq = 333, base_baud = 25500000) is a Tegra
[    0.980888] console [ttyS0] enabled
[    0.984666] SuperH (H)SCI(F) driver initialized
[    0.989529] msm_serial: driver initialized
[    0.993686] STMicroelectronics ASC driver initialized
[    1.001226] tegra-hdmi 54280000.hdmi: failed to get HDMI regulator
[    1.007762] tegra-dpaux 545c0000.dpaux: failed to get VDD supply: -517
[    1.015041] panel supply power not found, using dummy regulator
[    1.024420] brd: module loaded
[    1.029359] loop: module loaded
[    1.033385] as3722 4-0040: AS3722 with revision 0x1 found
[    1.040132] gpio gpiochip1: (as3722-gpio): could not create pin range
[    1.046571] as3722-pinctrl as3722-pinctrl: Couldn't add pin range, -517
[    1.056565] as3722-sd2: supplied by +5V_SYS
[    1.060969] as3722-sd3: supplied by +5V_SYS
[    1.065339] +1.35V_LP0(sd3): Bringing 0uV into 1350000-1350000uV
[    1.071504] as3722-sd4: supplied by +5V_SYS
[    1.075839] +1.05V_RUN: Bringing 0uV into 1050000-1050000uV
[    1.081568] as3722-sd5: supplied by +5V_SYS
[    1.087138] as3722-ldo0: supplied by +1.35V_LP0(sd2)
[    1.092848] +1.8V_RUN_CAM: Bringing 0uV into 1800000-1800000uV
[    1.098852] as3722-ldo2: supplied by +1.8V_VDDIO
[    1.104470] as3722-ldo3: supplied by +3.3V_SYS
[    1.108918] +1.00V_LP0_VDD_RTC: Bringing 1100000uV into 1000000-1000000uV
[    1.116492] as3722-ldo4: supplied by +3.3V_SYS
[    1.121081] +3.3V_RUN_CAM: Bringing 0uV into 2800000-2800000uV
[    1.127091] as3722-ldo5: supplied by +1.8V_VDDIO
[    1.131852] +1.2V_RUN_CAM_FRONT: Bringing 0uV into 1200000-1200000uV
[    1.138544] +VDDIO_SDMMC3: Bringing 0uV into 1800000-1800000uV
[    1.144572] as3722-ldo7: supplied by +1.8V_VDDIO
[    1.149335] +1.05V_RUN_CAM_REAR: Bringing 0uV into 1050000-1050000uV
[    1.155882] as3722-ldo9: supplied by +5V_SYS
[    1.160440] +2.8V_RUN_TOUCH: Bringing 0uV into 2800000-2800000uV
[    1.166647] as3722-ldo10: supplied by +5V_SYS
[    1.171148] +2.8V_RUN_CAM_AF: Bringing 0uV into 2800000-2800000uV
[    1.177591] +1.8V_RUN_VPP_FUSE: Bringing 0uV into 1800000-1800000uV
[    1.190268] random: fast init done
[    1.195894] m25p80 spi32765.0: w25q32dw (4096 Kbytes)
[    1.201963] libphy: Fixed MDIO Bus: probed
[    1.206400] CAN device driver interface
[    1.210542] bgmac_bcma: Broadcom 47xx GBit MAC driver loaded
[    1.216662] e1000e: Intel(R) PRO/1000 Network Driver - 3.2.6-k
[    1.222485] e1000e: Copyright(c) 1999 - 2015 Intel Corporation.
[    1.228408] igb: Intel(R) Gigabit Ethernet Network Driver - version 5.4.0-k
[    1.235357] igb: Copyright (c) 2007-2014 Intel Corporation.
[    1.242155] pegasus: v0.9.3 (2013/04/25), Pegasus/Pegasus II USB Ethernet driver
[    1.249553] usbcore: registered new interface driver pegasus
[    1.255224] usbcore: registered new interface driver asix
[    1.260622] usbcore: registered new interface driver ax88179_178a
[    1.266716] usbcore: registered new interface driver cdc_ether
[    1.272556] usbcore: registered new interface driver smsc75xx
[    1.278303] usbcore: registered new interface driver smsc95xx
[    1.284050] usbcore: registered new interface driver net1080
[    1.289703] usbcore: registered new interface driver cdc_subset
[    1.295621] usbcore: registered new interface driver zaurus
[    1.301197] usbcore: registered new interface driver cdc_ncm
[    1.307487] ehci_hcd: USB 2.0 'Enhanced' Host Controller (EHCI) Driver
[    1.314004] ehci-pci: EHCI PCI platform driver
[    1.318446] ehci-platform: EHCI generic platform driver
[    1.323731] ehci-orion: EHCI orion driver
[    1.327774] SPEAr-ehci: EHCI SPEAr driver
[    1.331819] ehci-st: EHCI STMicroelectronics driver
[    1.336736] ehci-exynos: EHCI EXYNOS driver
[    1.340960] ehci-atmel: EHCI Atmel driver
[    1.345010] tegra-ehci: Tegra EHCI driver
[    1.349067] ohci_hcd: USB 1.1 'Open' Host Controller (OHCI) Driver
[    1.355241] ohci-pci: OHCI PCI platform driver
[    1.359687] ohci-platform: OHCI generic platform driver
[    1.364960] ohci-omap3: OHCI OMAP3 driver
[    1.369006] SPEAr-ohci: OHCI SPEAr driver
[    1.373058] ohci-st: OHCI STMicroelectronics driver
[    1.377968] ohci-atmel: OHCI Atmel driver
[    1.382224] usbcore: registered new interface driver usb-storage
[    1.388755] mousedev: PS/2 mouse device common for all mice
[    1.394676] 1-0015 supply vcc not found, using dummy regulator
[    1.396400] as3722-rtc as3722-rtc: rtc core: registered as3722-rtc as rtc0
[    1.396403] as3722-rtc as3722-rtc: RTC interrupt 372
[    1.398650] tegra_rtc 7000e000.rtc: rtc core: registered 7000e000.rtc as rtc1
[    1.398669] tegra_rtc 7000e000.rtc: Tegra internal Real Time Clock
[    1.398934] i2c /dev entries driver
[    1.402212] 0-004c supply vcc not found, using dummy regulator
[    1.407281] sdhci: Secure Digital Host Controller Interface driver
[    1.407282] sdhci: Copyright(c) Pierre Ossman
[    1.408009] Synopsys Designware Multimedia Card Interface Driver
[    1.408544] sdhci-pltfm: SDHCI platform and OF driver helper
[    1.408879] sdhci-tegra 700b0000.sdhci: allocated mmc-pwrseq
[    1.409033] sdhci-tegra 700b0400.sdhci: Got CD GPIO
[    1.409042] sdhci-tegra 700b0400.sdhci: Got WP GPIO
[    1.409205] mmc0: Unknown controller version (3). You may experience problems.
[    1.409245] mmc0: Invalid maximum block size, assuming 512 bytes
[    1.512015] mmc0: SDHCI controller on 700b0600.sdhci [700b0600.sdhci] using ADMA
[    1.520077] ledtrig-cpu: registered to indicate activity on CPUs
[    1.526193] usbcore: registered new interface driver usbhid
[    1.531750] usbhid: USB HID core driver
[    1.536923] NET: Registered protocol family 10
[    1.541674] Segment Routing with IPv6
[    1.545354] sit: IPv6, IPv4 and MPLS over IPv4 tunneling driver
[    1.551457] NET: Registered protocol family 17
[    1.555900] can: controller area network core (rev 20120528 abi 9)
[    1.562089] NET: Registered protocol family 29
[    1.566521] can: raw protocol (rev 20120528)
[    1.570777] can: broadcast manager protocol (rev 20161123 t)
[    1.576429] can: netlink gateway (rev 20130117) max_hops=1
[    1.582030] Key type dns_resolver registered
[    1.586485] ThumbEE CPU extension supported.
[    1.590744] Registering SWP/SWPB emulation handler
[    1.606379] +VDD_LED: supplied by +VDD_MUX
[    1.610886] +5V_VDD_TS_SW: supplied by +5V_SYS
[    1.615807] +5V_USB_HS: supplied by +5V_SYS
[    1.620382] +5V_USB_SS: supplied by +5V_SYS
[    1.626728] +1.05V_RUN_AVDD_HDMI_PLL: supplied by +1.05V_RUN
[    1.632822] +5V_HDMI_CON: supplied by +5V_SYS
[    1.638249] usb3-0 supply vbus not found, using dummy regulator
[    1.644279] usb3-1 supply vbus not found, using dummy regulator
[    1.650079] elan_i2c 1-0015: Elan Touchpad: Module ID: 0x002a, Firmware: 0x0005, Sample: 0x0007, IAP: 0x0009
[    1.650476] input: Elan Touchpad as /devices/soc0/7000c400.i2c/i2c-1/1-0015/input/input0
[    1.670277] tegra-hdmi 54280000.hdmi: failed to get VDD regulator
[    1.677544] tegra-dpaux 545c0000.dpaux: failed to get VDD supply: -517
[    1.685338] panel supply power not found, using dummy regulator
[    1.691616] ------------[ cut here ]------------
[    1.696268] WARNING: CPU: 2 PID: 97 at drivers/base/dd.c:362 driver_probe_device+0x288/0x2c0
[    1.704716] Modules linked in:
[    1.707778] CPU: 2 PID: 97 Comm: kworker/2:2 Not tainted 4.10.0-rc3-next-20170111-144933-g4301f6c #1
[    1.716895] Hardware name: NVIDIA Tegra SoC (Flattened Device Tree)
[    1.723154] Workqueue: events deferred_probe_work_func
[    1.728289] [<c030faf8>] (unwind_backtrace) from [<c030b158>] (show_stack+0x10/0x14)
[    1.736031] [<c030b158>] (show_stack) from [<c059af30>] (dump_stack+0x84/0xa4)
[    1.743241] [<c059af30>] (dump_stack) from [<c0341b8c>] (__warn+0xd4/0x100)
[    1.750188] [<c0341b8c>] (__warn) from [<c0341bd8>] (warn_slowpath_null+0x20/0x28)
[    1.757755] [<c0341bd8>] (warn_slowpath_null) from [<c07dfba0>] (driver_probe_device+0x288/0x2c0)
[    1.766612] [<c07dfba0>] (driver_probe_device) from [<c07de094>] (bus_for_each_drv+0x44/0x8c)
[    1.775131] [<c07de094>] (bus_for_each_drv) from [<c07df890>] (__device_attach+0x9c/0x100)
[    1.783377] [<c07df890>] (__device_attach) from [<c07def2c>] (bus_probe_device+0x84/0x8c)
[    1.791535] [<c07def2c>] (bus_probe_device) from [<c07df360>] (deferred_probe_work_func+0x60/0x8c)
[    1.800489] [<c07df360>] (deferred_probe_work_func) from [<c0356fc4>] (process_one_work+0x134/0x33c)
[    1.809603] [<c0356fc4>] (process_one_work) from [<c03571f4>] (process_scheduled_works+0x28/0x38)
[    1.818469] [<c03571f4>] (process_scheduled_works) from [<c035741c>] (worker_thread+0x218/0x4f0)
[    1.827238] [<c035741c>] (worker_thread) from [<c035c794>] (kthread+0xfc/0x134)
[    1.834545] [<c035c794>] (kthread) from [<c0307f78>] (ret_from_fork+0x14/0x3c)
[    1.841782] ---[ end trace 6d3d81f3d3b27f69 ]---
[    1.848278] sdhci-tegra 700b0000.sdhci: allocated mmc-pwrseq
[    1.856032] sdhci-tegra 700b0400.sdhci: Got CD GPIO
[    1.860905] sdhci-tegra 700b0400.sdhci: Got WP GPIO
[    1.872717] +3.3V_RUN: supplied by +3.3V_SYS
[    1.877537] +3.3V_AVDD_HDMI_AP_GATED: supplied by +3.3V_RUN
[    1.883221] +1.8V_RUN_CAM: supplied by +3.3V_RUN
[    1.887860] +VDDIO_SDMMC3: supplied by +3.3V_RUN
[    1.892503] +1.8V_RUN_VPP_FUSE: supplied by +3.3V_RUN
[    1.898488] +3.3V_PANEL: supplied by +3.3V_RUN
[    1.904067] +3.3V_LP0: supplied by +3.3V_SYS
[    1.909356] elan_i2c 1-0015: failed to read report data: -121
[    1.917195] tegra-sor 54540000.sor: failed to probe output: -517
[    1.924036] panel supply power not found, using dummy regulator
[    1.931070] sdhci-tegra 700b0000.sdhci: allocated mmc-pwrseq
[    1.936913] mmc1: Unknown controller version (3). You may experience problems.
[    1.944221] mmc1: Invalid maximum block size, assuming 512 bytes
[    1.950580] mmc1: Switching to 3.3V signalling voltage failed
[    1.960969] mmc0: new high speed MMC card at address 0001
[    1.966939] mmcblk0: mmc0:0001 MMC16G 14.4 GiB 
[    1.971794] mmcblk0boot0: mmc0:0001 MMC16G partition 1 2.00 MiB
[    1.978174] mmcblk0boot1: mmc0:0001 MMC16G partition 2 2.00 MiB
[    1.986360] mmcblk0rpmb: mmc0:0001 MMC16G partition 3 128 KiB
[    1.996377]  mmcblk0: p1 p2 p3 p4 p5 p6 p7 p8 p9 p10 p11 p12
[    2.012059] mmc1: SDHCI controller on 700b0000.sdhci [700b0000.sdhci] using ADMA
[    2.020211] sdhci-tegra 700b0400.sdhci: Got CD GPIO
[    2.025110] sdhci-tegra 700b0400.sdhci: Got WP GPIO
[    2.030070] mmc2: Unknown controller version (3). You may experience problems.
[    2.037351] mmc2: Invalid maximum block size, assuming 512 bytes
[    2.050522] elan_i2c 1-0015: invalid report id data (ff)
[    2.089492] mmc1: new high speed SDIO card at address 0001
[    2.102091] mmc2: SDHCI controller on 700b0400.sdhci [700b0400.sdhci] using ADMA
[    2.206830] [drm] Supports vblank timestamp caching Rev 2 (21.10.2013).
[    2.213457] [drm] No driver support for vblank timestamp query.
[    2.253582] mmc2: new high speed SDHC card at address 0007
[    2.253954] mmcblk2: mmc2:0007 SD08G 7.42 GiB 
[    2.262049] GPT:Primary header alternate_lba != Alt. header my_lba
[    2.262052] GPT:3014591 != 15564799
[    2.262054] GPT:Primary header thinks Alt. header is not at the end of the disk.
[    2.262055] GPT:3014591 != 15564799
[    2.262056] GPT: Use GNU Parted to correct GPT errors.
[    2.262080]  mmcblk2: p1 p2 p3 p4 p5 p6 p7 p8 p9 p10 p11 p12
[    2.301810] Console: switching to colour frame buffer device 170x48
[    2.365857] drm drm: fb0:  frame buffer device
[    2.370348] [drm] Initialized tegra 0.0.0 20120330 for drm on minor 0
[    2.377816] input: gpio-keys as /devices/soc0/gpio-keys/input/input1
[    2.385496] as3722-rtc as3722-rtc: setting system clock to 2000-01-01 00:00:23 UTC (946684823)
[    2.394634] +1.8V_RUN_CAM: disabling
[    2.398410] +3.3V_RUN_CAM: disabling
[    2.402230] +1.2V_RUN_CAM_FRONT: disabling
[    2.406526] +1.05V_RUN_CAM_REAR: disabling
[    2.410778] +2.8V_RUN_TOUCH: disabling
[    2.414770] +2.8V_RUN_CAM_AF: disabling
[    2.418759] +1.8V_RUN_VPP_FUSE: disabling
[    2.423006] +5V_VDD_TS_SW: disabling
[    2.426578] +5V_USB_HS: disabling
[    2.429883] +5V_USB_SS: disabling
[    2.434129] EXT4-fs (mmcblk0p3): couldn't mount as ext3 due to feature incompatibilities
[    2.442784] EXT4-fs (mmcblk0p3): couldn't mount as ext2 due to feature incompatibilities
[    2.853902] EXT4-fs (mmcblk0p3): recovery complete
[    2.859426] EXT4-fs (mmcblk0p3): mounted filesystem with ordered data mode. Opts: (null)
[    2.867552] VFS: Mounted root (ext4 filesystem) on device 179:3.
[    2.874255] devtmpfs: mounted
[    2.877919] Freeing unused kernel memory: 2048K
bash: cannot set terminal process group (-1): Inappropriate ioctl for device
bash: no job control in this shell
root@(none):/# 