Diff for ./qemu-vexpress64/__internal/defconfig_log.txt
--- /tmp/fooa	2017-07-04 23:11:18.032096975 -0700
+++ /tmp/foob	2017-07-04 23:11:18.036096992 -0700
@@ -1,5 +1,5 @@
 Booting Linux on physical CPU 0x0
-Linux version 4.12.0-next-20170704-184482-g84fae2c (jonathanh@sellafield) (gcc version 4.9.2 20140904 (prerelease) (crosstool-NG linaro-1.13.1-4.9-2014.09 - Linaro GCC 4.9-2014.09)) #1 SMP PREEMPT Tue Jul 4 08:38:06 PDT 2017
+Linux version 4.12.0-next-20170705-302917-g0c5f031 (jonathanh@tamien) (gcc version 4.9.2 20140904 (prerelease) (crosstool-NG linaro-1.13.1-4.9-2014.09 - Linaro GCC 4.9-2014.09)) #1 SMP PREEMPT Tue Jul 4 23:09:15 PDT 2017
 Boot CPU: AArch64 Processor [411fd070]
 Machine model: linux,dummy-virt
 Memory limited to 1024MB
@@ -30,15 +30,15 @@
 Policy zone: DMA
 Kernel command line: root=/dev/vda2 rw rootwait mem=1024M console=ttyAMA0,38400n8 init=/bin/bash
 PID hash table entries: 4096 (order: 3, 32768 bytes)
-Memory: 999304K/1048576K available (9084K kernel code, 1118K rwdata, 4408K rodata, 1088K init, 401K bss, 32888K reserved, 16384K cma-reserved)
+Memory: 999304K/1048576K available (9084K kernel code, 1116K rwdata, 4408K rodata, 1088K init, 403K bss, 32888K reserved, 16384K cma-reserved)
 Virtual kernel memory layout:
     modules : 0xffff000000000000 - 0xffff000008000000   (   128 MB)
     vmalloc : 0xffff000008000000 - 0xffff7dffbfff0000   (129022 GB)
       .text : 0xffff000008080000 - 0xffff000008960000   (  9088 KB)
     .rodata : 0xffff000008960000 - 0xffff000008dc0000   (  4480 KB)
       .init : 0xffff000008dc0000 - 0xffff000008ed0000   (  1088 KB)
-      .data : 0xffff000008ed0000 - 0xffff000008fe7a00   (  1119 KB)
-       .bss : 0xffff000008fe7a00 - 0xffff00000904c0f0   (   402 KB)
+      .data : 0xffff000008ed0000 - 0xffff000008fe7200   (  1117 KB)
+       .bss : 0xffff000008fe7200 - 0xffff00000904c0f0   (   404 KB)
     fixed   : 0xffff7dfffe7fd000 - 0xffff7dfffec00000   (  4108 KB)
     PCI I/O : 0xffff7dfffee00000 - 0xffff7dffffe00000   (    16 MB)
     vmemmap : 0xffff7e0000000000 - 0xffff800000000000   (  2048 GB maximum)
@@ -117,7 +117,7 @@
 hw perfevents: enabled with armv8_pmuv3 PMU driver, 1 counters available
 kvm [1]: HYP mode not available
 audit: initializing netlink subsys (disabled)
-audit: type=2000 audit(0.787:1): state=initialized audit_enabled=0 res=1
+audit: type=2000 audit(0.750:1): state=initialized audit_enabled=0 res=1
 workingset: timestamp_bits=44 max_order=18 bucket_order=0
 squashfs: version 4.0 (2009/01/31) Phillip Lougher
 NFS: Registering the id_resolver key type
@@ -184,7 +184,7 @@
 Key type dns_resolver registered
 registered taskstats version 1
 input: gpio-keys as /devices/platform/gpio-keys/input/input0
-rtc-pl031 9010000.pl031: setting system clock to 2017-07-04 15:38:45 UTC (1499182725)
+rtc-pl031 9010000.pl031: setting system clock to 2017-07-05 06:10:14 UTC (1499235014)
 ALSA device list:
   No soundcards found.
 uart-pl011 9000000.pl011: no DMA platform data
Diff for ./tegra114-dalmore-a04/tegra114-dalmore/multi_v7_defconfig_log.txt
--- /tmp/fooa	2017-07-04 23:11:18.072097142 -0700
+++ /tmp/foob	2017-07-04 23:11:18.076097158 -0700
@@ -40,20 +40,20 @@
 	 #################################################################
 	 #################################################################
 	 ###########################
-	 3 MiB/s
+	 3.3 MiB/s
 done
-Bytes transferred = 8016488 (7a5268 hex)
+Bytes transferred = 8015848 (7a4fe8 hex)
 Tegra114 (Dalmore) # tftpboot 0x82000000 tegra114-dalmore.dtb
 Using asx0 device
 TFTP from server 192.168.100.1; our IP address is 192.168.100.100
 Filename 'tegra114-dalmore.dtb'.
 Load address: 0x82000000
 Loading: *###
-	 2.8 MiB/s
+	 3 MiB/s
 done
 Bytes transferred = 35044 (88e4 hex)
 Tegra114 (Dalmore) # bootz 0x81000000 - 0x82000000
-Kernel image @ 0x81000000 [ 0x000000 - 0x7a5268 ]
+Kernel image @ 0x81000000 [ 0x000000 - 0x7a4fe8 ]
 ## Flattened Device Tree blob at 82000000
    Booting using the fdt blob at 0x82000000
    Loading Device Tree to 8fff4000, end 8ffff8e3 ... OK
@@ -61,7 +61,7 @@
 Starting kernel ...
 
 Booting Linux on physical CPU 0x0
-Linux version 4.12.0-next-20170704-184482-g84fae2c (jonathanh@kaivo) (gcc version 4.7.3 20130328 (prerelease) (crosstool-NG linaro-1.13.1-4.7-2013.04-20130415 - Linaro GCC 2013.04)) #1 SMP Tue Jul 4 08:37:39 PDT 2017
+Linux version 4.12.0-next-20170705-184676-g0c5f031 (jonathanh@sellafield) (gcc version 4.7.3 20130328 (prerelease) (crosstool-NG linaro-1.13.1-4.7-2013.04-20130415 - Linaro GCC 2013.04)) #1 SMP Tue Jul 4 23:04:35 PDT 2017
 CPU: ARMv7 Processor [412fc0f2] revision 2 (ARMv7), cr=10c5387d
 CPU: div instructions available: patching division code
 CPU: PIPT / VIPT nonaliasing data cache, PIPT instruction cache
@@ -72,13 +72,13 @@
 efi: UEFI not found.
 cma: Reserved 64 MiB at 0xfb800000
 On node 0 totalpages: 524032
-free_area_init_node: node 0, pgdat c157dd00, node_mem_map eeff8000
+free_area_init_node: node 0, pgdat c157dc80, node_mem_map eeff8000
   DMA zone: 1536 pages used for memmap
   DMA zone: 0 pages reserved
   DMA zone: 196608 pages, LIFO batch:31
   HighMem zone: 327424 pages, LIFO batch:31
-percpu: Embedded 17 pages/cpu @eef98000 s39488 r8192 d21952 u69632
-pcpu-alloc: s39488 r8192 d21952 u69632 alloc=17*4096
+percpu: Embedded 17 pages/cpu @eef98000 s39360 r8192 d22080 u69632
+pcpu-alloc: s39360 r8192 d22080 u69632 alloc=17*4096
 pcpu-alloc: [0] 0 [0] 1 [0] 2 [0] 3 
 Built 1 zonelists in Zone order, mobility grouping on.  Total pages: 522496
 Kernel command line: ignore_loglevel console=ttyS0,115200n8 rw root=PARTUUID=7369c667-ff51-ec4a-29cd-baabf2fbe346 rootwait gpt debug earlyprintk init=/bin/bash
@@ -95,8 +95,8 @@
     modules : 0xbf000000 - 0xbfe00000   (  14 MB)
       .text : 0xc0208000 - 0xc0d00000   (11232 kB)
       .init : 0xc1200000 - 0xc1400000   (2048 kB)
-      .data : 0xc1400000 - 0xc1585ab0   (1559 kB)
-       .bss : 0xc158ecc8 - 0xc15f383c   ( 403 kB)
+      .data : 0xc1400000 - 0xc1585a58   (1559 kB)
+       .bss : 0xc158ecbc - 0xc15f37fc   ( 403 kB)
 SLUB: HWalign=64, Order=0-3, MinObjects=0, CPUs=4, Nodes=1
 Hierarchical RCU implementation.
 	RCU event tracing is enabled.
@@ -314,29 +314,29 @@
 Registering SWP/SWPB emulation handler
 usb1_vbus: supplied by vdd-sys-5v0
 mmc0: new high speed SDHC card at address aaaa
+mmcblk0: mmc0:aaaa SL16G 14.8 GiB 
 usb2_vbus: supplied by vdd-sys-5v0
 VDD_5V0_HDMI_CON: supplied by vdd-sys-5v0
-mmcblk0: mmc0:aaaa SL16G 14.8 GiB 
+ mmcblk0: p1 p2 p3
 tegra-ehci 7d008000.usb: EHCI Host Controller
 tegra-ehci 7d008000.usb: new USB bus registered, assigned bus number 1
-tegra-ehci 7d008000.usb: irq 339, io mem 0x7d008000
- mmcblk0: p1 p2 p3
 mmc1: new high speed MMC card at address 0001
 mmcblk1: mmc1:0001 SEM32G 29.1 GiB 
 mmcblk1boot0: mmc1:0001 SEM32G partition 1 4.00 MiB
+mmcblk1boot1: mmc1:0001 SEM32G partition 2 4.00 MiB
+mmcblk1rpmb: mmc1:0001 SEM32G partition 3 4.00 MiB
+ mmcblk1: p1 p2 p3 p4 p5 p6 p7 p8
+tegra-ehci 7d008000.usb: irq 339, io mem 0x7d008000
 tegra-ehci 7d008000.usb: USB 2.0 started, EHCI 1.10
 hub 1-0:1.0: USB hub found
 hub 1-0:1.0: 1 port detected
 input: gpio-keys as /devices/soc0/gpio-keys/input/input0
-palmas-rtc 7000d000.i2c:tps65913@58:rtc: setting system clock to 2001-04-28 03:16:35 UTC (988427795)
+palmas-rtc 7000d000.i2c:tps65913@58:rtc: setting system clock to 2001-04-28 17:43:04 UTC (988479784)
 vdd_hdmi_5v0: disabling
 dvdd_ts: disabling
 usb1_vbus: disabling
 vdd_cam_1v8_reg: disabling
 VDD_5V0_HDMI_CON: disabling
-[ c1:0001 SEM32G partition 2 4.00 MiB
-mmcblk1rpmb: mmc1:0001 SEM32G partition 3 4.00 MiB
- mmcblk1: p1 p2 p3 p4 p5 p6 p7 p8
 EXT4-fs (mmcblk1p1): mounting ext3 file system using the ext4 subsystem
 EXT4-fs (mmcblk1p1): recovery complete
 EXT4-fs (mmcblk1p1): mounted filesystem with ordered data mode. Opts: (null)
@@ -345,4 +345,4 @@
 Freeing unused kernel memory: 2048K
 bash: cannot set terminal process group (-1): Inappropriate ioctl for device
 bash: no job control in this shell
-root@(none):/# [    2.419279] usb 1-1: new high-speed USB device number 2 using tegra-ehci
+root@(none):/# [    2.459222] usb 1-1: new high-speed USB device number 2 using tegra-ehci
Diff for ./tegra114-dalmore-a04/tegra114-dalmore/tegra_defconfig_log.txt
--- /tmp/fooa	2017-07-04 23:11:18.080097174 -0700
+++ /tmp/foob	2017-07-04 23:11:18.084097192 -0700
@@ -14,7 +14,7 @@
 Err:   serial
 Net:   Net Initialization Skipped
 No ethernet found.
-Hit any key to stop autoboot:  2  1  0 
+Hit any key to stop autoboot:  2  0 
 Tegra114 (Dalmore) # 
 Tegra114 (Dalmore) # usb reset
 (Re)start USB...
@@ -40,18 +40,18 @@
 	 ##############################
 	 3.1 MiB/s
 done
-Bytes transferred = 6151016 (5ddb68 hex)
+Bytes transferred = 6151056 (5ddb90 hex)
 Tegra114 (Dalmore) # tftpboot 0x82000000 tegra114-dalmore.dtb
 Using asx0 device
 TFTP from server 192.168.100.1; our IP address is 192.168.100.100
 Filename 'tegra114-dalmore.dtb'.
 Load address: 0x82000000
 Loading: *###
-	 3 MiB/s
+	 2.6 MiB/s
 done
 Bytes transferred = 35044 (88e4 hex)
 Tegra114 (Dalmore) # bootz 0x81000000 - 0x82000000
-Kernel image @ 0x81000000 [ 0x000000 - 0x5ddb68 ]
+Kernel image @ 0x81000000 [ 0x000000 - 0x5ddb90 ]
 ## Flattened Device Tree blob at 82000000
    Booting using the fdt blob at 0x82000000
    Loading Device Tree to 8fff4000, end 8ffff8e3 ... OK
@@ -60,7 +60,7 @@
 
 Uncompressing Linux... done, booting the kernel.
 Booting Linux on physical CPU 0x0
-Linux version 4.12.0-next-20170704-184482-g84fae2c (jonathanh@sellafield) (gcc version 4.7.3 20130328 (prerelease) (crosstool-NG linaro-1.13.1-4.7-2013.04-20130415 - Linaro GCC 2013.04)) #1 SMP PREEMPT Tue Jul 4 08:35:11 PDT 2017
+Linux version 4.12.0-next-20170705-184676-g0c5f031 (jonathanh@kaivo) (gcc version 4.7.3 20130328 (prerelease) (crosstool-NG linaro-1.13.1-4.7-2013.04-20130415 - Linaro GCC 2013.04)) #1 SMP PREEMPT Tue Jul 4 23:04:56 PDT 2017
 CPU: ARMv7 Processor [412fc0f2] revision 2 (ARMv7), cr=10c5387d
 CPU: div instructions available: patching division code
 CPU: PIPT / VIPT nonaliasing data cache, PIPT instruction cache
@@ -70,13 +70,13 @@
 Memory policy: Data cache writealloc
 cma: Reserved 64 MiB at 0xfbc00000
 On node 0 totalpages: 524032
-free_area_init_node: node 0, pgdat c0eaeac0, node_mem_map eeff7000
+free_area_init_node: node 0, pgdat c0eaea00, node_mem_map eeff7000
   Normal zone: 1536 pages used for memmap
   Normal zone: 0 pages reserved
   Normal zone: 196608 pages, LIFO batch:31
   HighMem zone: 327424 pages, LIFO batch:31
-percpu: Embedded 17 pages/cpu @eef97000 s39616 r8192 d21824 u69632
-pcpu-alloc: s39616 r8192 d21824 u69632 alloc=17*4096
+percpu: Embedded 17 pages/cpu @eef97000 s39424 r8192 d22016 u69632
+pcpu-alloc: s39424 r8192 d22016 u69632 alloc=17*4096
 pcpu-alloc: [0] 0 [0] 1 [0] 2 [0] 3 
 Built 1 zonelists in Zone order, mobility grouping on.  Total pages: 522496
 Kernel command line: ignore_loglevel console=ttyS0,115200n8 rw root=PARTUUID=7369c667-ff51-ec4a-29cd-baabf2fbe346 rootwait gpt debug earlyprintk init=/bin/bash
@@ -93,8 +93,8 @@
     modules : 0xbf000000 - 0xbfe00000   (  14 MB)
       .text : 0xc0008000 - 0xc0a00000   (10208 kB)
       .init : 0xc0d00000 - 0xc0e00000   (1024 kB)
-      .data : 0xc0e00000 - 0xc0eb9278   ( 741 kB)
-       .bss : 0xc0ec3628 - 0xc0f0e43c   ( 300 kB)
+      .data : 0xc0e00000 - 0xc0eb91b8   ( 741 kB)
+       .bss : 0xc0ec361c - 0xc0f0e43c   ( 300 kB)
 Preemptible hierarchical RCU implementation.
 	Tasks RCU enabled.
 NR_IRQS: 16, nr_irqs: 16, preallocated irqs: 16
@@ -323,7 +323,7 @@
 hub 1-0:1.0: USB hub found
 hub 1-0:1.0: 1 port detected
 input: gpio-keys as /devices/soc0/gpio-keys/input/input1
-palmas-rtc 7000d000.i2c:tps65913@58:rtc: setting system clock to 2001-04-28 03:13:47 UTC (988427627)
+palmas-rtc 7000d000.i2c:tps65913@58:rtc: setting system clock to 2001-04-28 17:45:41 UTC (988479941)
 vdd_hdmi_5v0: disabling
 dvdd_ts: disabling
 usb1_vbus: disabling
@@ -339,4 +339,4 @@
 Freeing unused kernel memory: 1024K
 bash: cannot set terminal process group (-1): Inappropriate ioctl for device
 bash: no job control in this shell
-root@(none):/# [    2.669139] usb 1-1: new high-speed USB device number 2 using tegra-ehci
+root@(none):/# [    2.658948] usb 1-1: new high-speed USB device number 2 using tegra-ehci
Diff for ./tegra124-jetson-tk1/tegra124-jetson-tk1/multi_v7_defconfig_log.txt
--- /tmp/fooa	2017-07-04 23:11:18.092097225 -0700
+++ /tmp/foob	2017-07-04 23:11:18.092097225 -0700
@@ -35,20 +35,20 @@
 	 #################################################################
 	 #################################################################
 	 ###########################
-	 3.4 MiB/s
+	 3.1 MiB/s
 done
-Bytes transferred = 8016488 (7a5268 hex)
+Bytes transferred = 8015848 (7a4fe8 hex)
 Tegra124 (Jetson TK1) # tftpboot 0x83000000 tegra124-jetson-tk1.dtb
 Using eth_rtl8169 device
 TFTP from server 192.168.100.1; our IP address is 192.168.100.102
 Filename 'tegra124-jetson-tk1.dtb'.
 Load address: 0x83000000
 Loading: *#####
-	 3.2 MiB/s
+	 4 MiB/s
 done
 Bytes transferred = 67161 (10659 hex)
 Tegra124 (Jetson TK1) # bootz 0x82000000 - 0x83000000
-Kernel image @ 0x82000000 [ 0x000000 - 0x7a5268 ]
+Kernel image @ 0x82000000 [ 0x000000 - 0x7a4fe8 ]
 ## Flattened Device Tree blob at 83000000
    Booting using the fdt blob at 0x83000000
    Using Device Tree in place at 83000000, end 83013658
@@ -56,7 +56,7 @@
 Starting kernel ...
 
 Booting Linux on physical CPU 0x0
-Linux version 4.12.0-next-20170704-184482-g84fae2c (jonathanh@kaivo) (gcc version 4.7.3 20130328 (prerelease) (crosstool-NG linaro-1.13.1-4.7-2013.04-20130415 - Linaro GCC 2013.04)) #1 SMP Tue Jul 4 08:37:39 PDT 2017
+Linux version 4.12.0-next-20170705-184676-g0c5f031 (jonathanh@sellafield) (gcc version 4.7.3 20130328 (prerelease) (crosstool-NG linaro-1.13.1-4.7-2013.04-20130415 - Linaro GCC 2013.04)) #1 SMP Tue Jul 4 23:04:35 PDT 2017
 CPU: ARMv7 Processor [413fc0f3] revision 3 (ARMv7), cr=10c5387d
 CPU: div instructions available: patching division code
 CPU: PIPT / VIPT nonaliasing data cache, PIPT instruction cache
@@ -67,13 +67,13 @@
 efi: UEFI not found.
 cma: Reserved 64 MiB at 0xfb800000
 On node 0 totalpages: 524032
-free_area_init_node: node 0, pgdat c157dd00, node_mem_map eeff8000
+free_area_init_node: node 0, pgdat c157dc80, node_mem_map eeff8000
   DMA zone: 1536 pages used for memmap
   DMA zone: 0 pages reserved
   DMA zone: 196608 pages, LIFO batch:31
   HighMem zone: 327424 pages, LIFO batch:31
-percpu: Embedded 17 pages/cpu @eef81000 s39488 r8192 d21952 u69632
-pcpu-alloc: s39488 r8192 d21952 u69632 alloc=17*4096
+percpu: Embedded 17 pages/cpu @eef81000 s39360 r8192 d22080 u69632
+pcpu-alloc: s39360 r8192 d22080 u69632 alloc=17*4096
 pcpu-alloc: [0] 0 [0] 1 [0] 2 [0] 3 
 Built 1 zonelists in Zone order, mobility grouping on.  Total pages: 522496
 Kernel command line: ignore_loglevel console=ttyS0,115200n8 rw root=PARTUUID=b1791faa-84e8-4e27-83a1-9fb0a77e8803 rootwait gpt debug noinitrd earlyprintk init=/bin/bash
@@ -90,8 +90,8 @@
     modules : 0xbf000000 - 0xbfe00000   (  14 MB)
       .text : 0xc0208000 - 0xc0d00000   (11232 kB)
       .init : 0xc1200000 - 0xc1400000   (2048 kB)
-      .data : 0xc1400000 - 0xc1585ab0   (1559 kB)
-       .bss : 0xc158ecc8 - 0xc15f383c   ( 403 kB)
+      .data : 0xc1400000 - 0xc1585a58   (1559 kB)
+       .bss : 0xc158ecbc - 0xc15f37fc   ( 403 kB)
 SLUB: HWalign=64, Order=0-3, MinObjects=0, CPUs=4, Nodes=1
 Hierarchical RCU implementation.
 	RCU event tracing is enabled.
@@ -425,9 +425,6 @@
 pci 0000:00:02.0:   bridge window [io  0x1000-0x1fff]
 pci 0000:00:02.0:   bridge window [mem 0x13100000-0x131fffff]
 pci 0000:00:02.0:   bridge window [mem 0x20000000-0x200fffff 64bit pref]
-mmcblk1: error -5 sending stop command, original cmd response 0x900, card status 0x900
-mmcblk1: error -5 transferring data, sector 7744504, nr 8, cmd response 0x900, card status 0x80000b00
-mmcblk1: retrying using single block read
 pci 0000:00:01.0: nv_msi_ht_cap_quirk didn't locate host bridge
 pcieport 0000:00:01.0: enabling device (0140 -> 0142)
 pcieport 0000:00:01.0: Signaling PME with IRQ 393
@@ -444,7 +441,7 @@
 cpufreq: cpufreq_online: CPU0: Running at unlisted freq: 696000 KHz
 cpufreq: cpufreq_online: CPU0: Unlisted initial frequency changed to: 714000 KHz
 input: gpio-keys as /devices/soc0/gpio-keys/input/input0
-as3722-rtc as3722-rtc: setting system clock to 2000-01-01 00:00:14 UTC (946684814)
+as3722-rtc as3722-rtc: setting system clock to 2000-01-01 00:00:13 UTC (946684813)
 +3.3V_AVDD_HDMI_AP_GATED: disabling
 +USB0_VBUS_SW: disabling
 +1.05V_RUN_AVDD_HDMI_PLL: disabling
Diff for ./tegra124-jetson-tk1/tegra124-jetson-tk1/tegra_defconfig_log.txt
--- /tmp/fooa	2017-07-04 23:11:18.096097242 -0700
+++ /tmp/foob	2017-07-04 23:11:18.100097258 -0700
@@ -33,20 +33,20 @@
 	 #################################################################
 	 #################################################################
 	 ##############################
-	 3.9 MiB/s
+	 940.4 KiB/s
 done
-Bytes transferred = 6151016 (5ddb68 hex)
+Bytes transferred = 6151056 (5ddb90 hex)
 Tegra124 (Jetson TK1) # tftpboot 0x83000000 tegra124-jetson-tk1.dtb
 Using eth_rtl8169 device
 TFTP from server 192.168.100.1; our IP address is 192.168.100.102
 Filename 'tegra124-jetson-tk1.dtb'.
 Load address: 0x83000000
 Loading: *#####
-	 3.6 MiB/s
+	 922.9 KiB/s
 done
 Bytes transferred = 67161 (10659 hex)
 Tegra124 (Jetson TK1) # bootz 0x82000000 - 0x83000000
-Kernel image @ 0x82000000 [ 0x000000 - 0x5ddb68 ]
+Kernel image @ 0x82000000 [ 0x000000 - 0x5ddb90 ]
 ## Flattened Device Tree blob at 83000000
    Booting using the fdt blob at 0x83000000
    Using Device Tree in place at 83000000, end 83013658
@@ -55,7 +55,7 @@
 
 Uncompressing Linux... done, booting the kernel.
 Booting Linux on physical CPU 0x0
-Linux version 4.12.0-next-20170704-184482-g84fae2c (jonathanh@sellafield) (gcc version 4.7.3 20130328 (prerelease) (crosstool-NG linaro-1.13.1-4.7-2013.04-20130415 - Linaro GCC 2013.04)) #1 SMP PREEMPT Tue Jul 4 08:35:11 PDT 2017
+Linux version 4.12.0-next-20170705-184676-g0c5f031 (jonathanh@kaivo) (gcc version 4.7.3 20130328 (prerelease) (crosstool-NG linaro-1.13.1-4.7-2013.04-20130415 - Linaro GCC 2013.04)) #1 SMP PREEMPT Tue Jul 4 23:04:56 PDT 2017
 CPU: ARMv7 Processor [413fc0f3] revision 3 (ARMv7), cr=10c5387d
 CPU: div instructions available: patching division code
 CPU: PIPT / VIPT nonaliasing data cache, PIPT instruction cache
@@ -65,13 +65,13 @@
 Memory policy: Data cache writealloc
 cma: Reserved 64 MiB at 0xfbc00000
 On node 0 totalpages: 524032
-free_area_init_node: node 0, pgdat c0eaeac0, node_mem_map eeff7000
+free_area_init_node: node 0, pgdat c0eaea00, node_mem_map eeff7000
   Normal zone: 1536 pages used for memmap
   Normal zone: 0 pages reserved
   Normal zone: 196608 pages, LIFO batch:31
   HighMem zone: 327424 pages, LIFO batch:31
-percpu: Embedded 17 pages/cpu @eef80000 s39616 r8192 d21824 u69632
-pcpu-alloc: s39616 r8192 d21824 u69632 alloc=17*4096
+percpu: Embedded 17 pages/cpu @eef80000 s39424 r8192 d22016 u69632
+pcpu-alloc: s39424 r8192 d22016 u69632 alloc=17*4096
 pcpu-alloc: [0] 0 [0] 1 [0] 2 [0] 3 
 Built 1 zonelists in Zone order, mobility grouping on.  Total pages: 522496
 Kernel command line: ignore_loglevel console=ttyS0,115200n8 rw root=PARTUUID=b1791faa-84e8-4e27-83a1-9fb0a77e8803 rootwait gpt debug noinitrd earlyprintk init=/bin/bash
@@ -88,8 +88,8 @@
     modules : 0xbf000000 - 0xbfe00000   (  14 MB)
       .text : 0xc0008000 - 0xc0a00000   (10208 kB)
       .init : 0xc0d00000 - 0xc0e00000   (1024 kB)
-      .data : 0xc0e00000 - 0xc0eb9278   ( 741 kB)
-       .bss : 0xc0ec3628 - 0xc0f0e43c   ( 300 kB)
+      .data : 0xc0e00000 - 0xc0eb91b8   ( 741 kB)
+       .bss : 0xc0ec361c - 0xc0f0e43c   ( 300 kB)
 Preemptible hierarchical RCU implementation.
 	Tasks RCU enabled.
 NR_IRQS: 16, nr_irqs: 16, preallocated irqs: 16
@@ -419,17 +419,14 @@
 pci 0000:00:01.0: BAR 8: assigned [mem 0x13000000-0x130fffff]
 pci 0000:00:02.0: BAR 8: assigned [mem 0x13100000-0x131fffff]
 pci 0000:00:02.0: BAR 9: assigned [mem 0x20000000-0x200fffff 64bit pref]
-mmcblk1: error -5 sending stop command, original cmd response 0x900, card status 0x900
-mmcblk1: error -5 transferring data, sector 7744504, nr 8, cmd response 0x900, card status 0x80000b00
-mmcblk1: retrying using single block read
 pci 0000:00:02.0: BAR 7: assigned [io  0x1000-0x1fff]
 pci 0000:01:00.0: BAR 0: assigned [mem 0x13000000-0x13001fff 64bit]
 pci 0000:00:01.0: PCI bridge to [bus 01]
- mmcblk1: p1 p2 p3
 pci 0000:00:01.0:   bridge window [mem 0x13000000-0x130fffff]
 pci 0000:02:00.0: BAR 4: assigned [mem 0x20000000-0x20003fff 64bit pref]
 pci 0000:02:00.0: BAR 2: assigned [mem 0x13100000-0x13100fff 64bit]
 pci 0000:02:00.0: BAR 0: assigned [io  0x1000-0x10ff]
+ mmcblk1: p1 p2 p3
 pci 0000:00:02.0: PCI bridge to [bus 02]
 pci 0000:00:02.0:   bridge window [io  0x1000-0x1fff]
 pci 0000:00:02.0:   bridge window [mem 0x13100000-0x131fffff]
@@ -449,7 +446,7 @@
 cpufreq: cpufreq_online: CPU0: Running at unlisted freq: 696000 KHz
 cpufreq: cpufreq_online: CPU0: Unlisted initial frequency changed to: 714000 KHz
 input: gpio-keys as /devices/soc0/gpio-keys/input/input2
-as3722-rtc as3722-rtc: setting system clock to 2000-01-01 00:00:13 UTC (946684813)
+as3722-rtc as3722-rtc: setting system clock to 2000-01-01 00:01:31 UTC (946684891)
 +3.3V_AVDD_HDMI_AP_GATED: disabling
 +USB0_VBUS_SW: disabling
 +1.05V_RUN_AVDD_HDMI_PLL: disabling
Diff for ./tegra124-nyan-big/tegra124-nyan-big/multi_v7_defconfig_log.txt
--- /tmp/fooa	2017-07-04 23:11:18.104097275 -0700
+++ /tmp/foob	2017-07-04 23:11:18.108097291 -0700
@@ -5,7 +5,7 @@
 TEGRA124
 Model: Acer Chromebook 13 CB5-311
 DRAM:  4 GiB
-:   Tegra SD/MMC: 0, Tegra SD/MMC: 1, Tegra SD/MMC: 2
+C:   Tegra SD/MMC: 0, Tegra SD/MMC: 1, Tegra SD/MMC: 2
 MMC init failed
 Using default environment
 
@@ -43,20 +43,20 @@
 	 #################################################################
 	 #################################################################
 	 ###########################
-	 3 MiB/s
+	 3.5 MiB/s
 done
-Bytes transferred = 8016488 (7a5268 hex)
+Bytes transferred = 8015848 (7a4fe8 hex)
 Tegra124 (Nyan-big) # tftpboot 0x83000000 tegra124-nyan-big.dtb
 Using asx0 device
 TFTP from server 192.168.100.1; our IP address is 192.168.100.102
 Filename 'tegra124-nyan-big.dtb'.
 Load address: 0x83000000
 Loading: *#####
-	 2.8 MiB/s
+	 3.3 MiB/s
 done
 Bytes transferred = 68183 (10a57 hex)
 Tegra124 (Nyan-big) # bootz 0x82000000 - 0x83000000
-Kernel image @ 0x82000000 [ 0x000000 - 0x7a5268 ]
+Kernel image @ 0x82000000 [ 0x000000 - 0x7a4fe8 ]
 ## Flattened Device Tree blob at 83000000
    Booting using the fdt blob at 0x83000000
    Using Device Tree in place at 83000000, end 83013a56
@@ -64,7 +64,7 @@
 Starting kernel ...
 
 Booting Linux on physical CPU 0x0
-Linux version 4.12.0-next-20170704-184482-g84fae2c (jonathanh@kaivo) (gcc version 4.7.3 20130328 (prerelease) (crosstool-NG linaro-1.13.1-4.7-2013.04-20130415 - Linaro GCC 2013.04)) #1 SMP Tue Jul 4 08:37:39 PDT 2017
+Linux version 4.12.0-next-20170705-184676-g0c5f031 (jonathanh@sellafield) (gcc version 4.7.3 20130328 (prerelease) (crosstool-NG linaro-1.13.1-4.7-2013.04-20130415 - Linaro GCC 2013.04)) #1 SMP Tue Jul 4 23:04:35 PDT 2017
 CPU: ARMv7 Processor [413fc0f3] revision 3 (ARMv7), cr=10c5387d
 CPU: div instructions available: patching division code
 CPU: PIPT / VIPT nonaliasing data cache, PIPT instruction cache
@@ -76,13 +76,13 @@
 efi: UEFI not found.
 cma: Reserved 64 MiB at 0xfb800000
 On node 0 totalpages: 524287
-free_area_init_node: node 0, pgdat c157dd00, node_mem_map eeff8000
+free_area_init_node: node 0, pgdat c157dc80, node_mem_map eeff8000
   DMA zone: 1536 pages used for memmap
   DMA zone: 0 pages reserved
   DMA zone: 196608 pages, LIFO batch:31
   HighMem zone: 327679 pages, LIFO batch:31
-percpu: Embedded 17 pages/cpu @eef81000 s39488 r8192 d21952 u69632
-pcpu-alloc: s39488 r8192 d21952 u69632 alloc=17*4096
+percpu: Embedded 17 pages/cpu @eef81000 s39360 r8192 d22080 u69632
+pcpu-alloc: s39360 r8192 d22080 u69632 alloc=17*4096
 pcpu-alloc: [0] 0 [0] 1 [0] 2 [0] 3 
 Built 1 zonelists in Zone order, mobility grouping on.  Total pages: 522751
 Kernel command line: ignore_loglevel console=ttyS0,115200n8 rw root=PARTUUID=4d36e82a-b3c0-4b4b-bfcd-afe5217ac023 rootwait gpt debug noinitrd earlyprintk init=/bin/bash
@@ -99,8 +99,8 @@
     modules : 0xbf000000 - 0xbfe00000   (  14 MB)
       .text : 0xc0208000 - 0xc0d00000   (11232 kB)
       .init : 0xc1200000 - 0xc1400000   (2048 kB)
-      .data : 0xc1400000 - 0xc1585ab0   (1559 kB)
-       .bss : 0xc158ecc8 - 0xc15f383c   ( 403 kB)
+      .data : 0xc1400000 - 0xc1585a58   (1559 kB)
+       .bss : 0xc158ecbc - 0xc15f37fc   ( 403 kB)
 SLUB: HWalign=64, Order=0-3, MinObjects=0, CPUs=4, Nodes=1
 Hierarchical RCU implementation.
 	RCU event tracing is enabled.
@@ -301,8 +301,8 @@
 mmc0: Invalid maximum block size, assuming 512 bytes
 elan_i2c 1-0015: Elan Touchpad: Module ID: 0x002a, Firmware: 0x0005, Sample: 0x0007, IAP: 0x0009
 mmc0: SDHCI controller on 700b0600.sdhci [700b0600.sdhci] using ADMA
-ledtrig-cpu: registered to indicate activity on CPUs
 input: Elan Touchpad as /devices/soc0/7000c400.i2c/i2c-1/1-0015/input/input0
+ledtrig-cpu: registered to indicate activity on CPUs
 usbcore: registered new interface driver usbhid
 usbhid: USB HID core driver
 NET: Registered protocol family 10
@@ -327,34 +327,34 @@
 +5V_USB_HS: supplied by +5V_SYS
 +5V_USB_SS: supplied by +5V_SYS
 +3.3V_PANEL: supplied by +3.3V_RUN
+mmc0: new high speed MMC card at address 0001
 +3.3V_LP0: supplied by +3.3V_SYS
+mmcblk0: mmc0:0001 MMC16G 14.4 GiB 
 +1.05V_RUN_AVDD_HDMI_PLL: supplied by +1.05V_RUN
-elan_i2c 1-0015: failed to read report data: -121
 +5V_HDMI_CON: supplied by +5V_SYS
  usb3-0: usb3-0 supply vbus not found, using dummy regulator
  usb3-1: usb3-1 supply vbus not found, using dummy regulator
+elan_i2c 1-0015: failed to read report data: -121
 tegra-sor 54540000.sor: failed to probe output: -517
 panel-simple panel: panel supply power not found, using dummy regulator
 sdhci-tegra 700b0000.sdhci: allocated mmc-pwrseq
+elan_i2c 1-0015: failed to read report data: -121
 mmc1: Unknown controller version (3). You may experience problems.
 mmc1: Invalid maximum block size, assuming 512 bytes
 mmc1: Switching to 3.3V signalling voltage failed
-mmc0: new high speed MMC card at address 0001
-mmcblk0: mmc0:0001 MMC16G 14.4 GiB 
 mmcblk0boot0: mmc0:0001 MMC16G partition 1 2.00 MiB
-mmcblk0boot1: mmc0:0001 MMC16G partition 2 2.00 MiB
-mmcblk0rpmb: mmc0:0001 MMC16G partition 3 128 KiB
- mmcblk0: p1 p2 p3 p4 p5 p6 p7 p8 p9 p10 p11 p12
 mmc1: SDHCI controller on 700b0000.sdhci [700b0000.sdhci] using ADMA
-elan_i2c 1-0015: invalid report id data (ff)
 sdhci-tegra 700b0400.sdhci: Got CD GPIO
 sdhci-tegra 700b0400.sdhci: Got WP GPIO
 mmc2: Unknown controller version (3). You may experience problems.
 mmc2: Invalid maximum block size, assuming 512 bytes
-mmc1: new high speed SDIO card at address 0001
+mmcblk0boot1: mmc0:0001 MMC16G partition 2 2.00 MiB
+mmcblk0rpmb: mmc0:0001 MMC16G partition 3 128 KiB
+ mmcblk0: p1 p2 p3 p4 p5 p6 p7 p8 p9 p10 p11 p12
+elan_i2c 1-0015: invalid report id data (ff)
 mmc2: SDHCI controller on 700b0400.sdhci [700b0400.sdhci] using ADMA
 input: gpio-keys as /devices/soc0/gpio-keys/input/input1
-as3722-rtc as3722-rtc: setting system clock to 2000-01-01 00:05:11 UTC (946685111)
+as3722-rtc as3722-rtc: setting system clock to 2000-01-01 00:00:23 UTC (946684823)
 +3.3V_AVDD_HDMI_AP_GATED: disabling
 +1.05V_RUN: disabling
 +1.8V_RUN_CAM: disabling
@@ -373,6 +373,7 @@
 +5V_HDMI_CON: disabling
 EXT4-fs (mmcblk0p3): couldn't mount as ext3 due to feature incompatibilities
 EXT4-fs (mmcblk0p3): couldn't mount as ext2 due to feature incompatibilities
+mmc1: new high speed SDIO card at address 0001
 mmc2: new high speed SDHC card at address 0007
 mmcblk2: mmc2:0007 SD08G 7.42 GiB 
 GPT:Primary header alternate_lba != Alt. header my_lba
Diff for ./tegra124-nyan-big/tegra124-nyan-big/tegra_defconfig_log.txt
--- /tmp/fooa	2017-07-04 23:11:18.112097309 -0700
+++ /tmp/foob	2017-07-04 23:11:18.116097325 -0700
@@ -37,24 +37,25 @@
 Loading: *#################################################################
 	 #################################################################
 	 #################################################################
-	 #################################################################
+	 #######T EHCI timed out on TD - token=0x8008d80
+T ##########################################################
 	 #################################################################
 	 #################################################################
 	 ##############################
-	 3.1 MiB/s
+	 457 KiB/s
 done
-Bytes transferred = 6151016 (5ddb68 hex)
+Bytes transferred = 6151056 (5ddb90 hex)
 Tegra124 (Nyan-big) # tftpboot 0x83000000 tegra124-nyan-big.dtb
 Using asx0 device
 TFTP from server 192.168.100.1; our IP address is 192.168.100.102
 Filename 'tegra124-nyan-big.dtb'.
 Load address: 0x83000000
 Loading: *#####
-	 2.7 MiB/s
+	 3.4 MiB/s
 done
 Bytes transferred = 68183 (10a57 hex)
 Tegra124 (Nyan-big) # bootz 0x82000000 - 0x83000000
-Kernel image @ 0x82000000 [ 0x000000 - 0x5ddb68 ]
+Kernel image @ 0x82000000 [ 0x000000 - 0x5ddb90 ]
 ## Flattened Device Tree blob at 83000000
    Booting using the fdt blob at 0x83000000
    Using Device Tree in place at 83000000, end 83013a56
@@ -63,7 +64,7 @@
 
 Uncompressing Linux... done, booting the kernel.
 Booting Linux on physical CPU 0x0
-Linux version 4.12.0-next-20170704-184482-g84fae2c (jonathanh@sellafield) (gcc version 4.7.3 20130328 (prerelease) (crosstool-NG linaro-1.13.1-4.7-2013.04-20130415 - Linaro GCC 2013.04)) #1 SMP PREEMPT Tue Jul 4 08:35:11 PDT 2017
+Linux version 4.12.0-next-20170705-184676-g0c5f031 (jonathanh@kaivo) (gcc version 4.7.3 20130328 (prerelease) (crosstool-NG linaro-1.13.1-4.7-2013.04-20130415 - Linaro GCC 2013.04)) #1 SMP PREEMPT Tue Jul 4 23:04:56 PDT 2017
 CPU: ARMv7 Processor [413fc0f3] revision 3 (ARMv7), cr=10c5387d
 CPU: div instructions available: patching division code
 CPU: PIPT / VIPT nonaliasing data cache, PIPT instruction cache
@@ -74,13 +75,13 @@
 Memory policy: Data cache writealloc
 cma: Reserved 64 MiB at 0xfbc00000
 On node 0 totalpages: 524287
-free_area_init_node: node 0, pgdat c0eaeac0, node_mem_map eeff7000
+free_area_init_node: node 0, pgdat c0eaea00, node_mem_map eeff7000
   Normal zone: 1536 pages used for memmap
   Normal zone: 0 pages reserved
   Normal zone: 196608 pages, LIFO batch:31
   HighMem zone: 327679 pages, LIFO batch:31
-percpu: Embedded 17 pages/cpu @eef80000 s39616 r8192 d21824 u69632
-pcpu-alloc: s39616 r8192 d21824 u69632 alloc=17*4096
+percpu: Embedded 17 pages/cpu @eef80000 s39424 r8192 d22016 u69632
+pcpu-alloc: s39424 r8192 d22016 u69632 alloc=17*4096
 pcpu-alloc: [0] 0 [0] 1 [0] 2 [0] 3 
 Built 1 zonelists in Zone order, mobility grouping on.  Total pages: 522751
 Kernel command line: ignore_loglevel console=ttyS0,115200n8 rw root=PARTUUID=4d36e82a-b3c0-4b4b-bfcd-afe5217ac023 rootwait gpt debug noinitrd earlyprintk init=/bin/bash
@@ -97,8 +98,8 @@
     modules : 0xbf000000 - 0xbfe00000   (  14 MB)
       .text : 0xc0008000 - 0xc0a00000   (10208 kB)
       .init : 0xc0d00000 - 0xc0e00000   (1024 kB)
-      .data : 0xc0e00000 - 0xc0eb9278   ( 741 kB)
-       .bss : 0xc0ec3628 - 0xc0f0e43c   ( 300 kB)
+      .data : 0xc0e00000 - 0xc0eb91b8   ( 741 kB)
+       .bss : 0xc0ec361c - 0xc0f0e43c   ( 300 kB)
 Preemptible hierarchical RCU implementation.
 	Tasks RCU enabled.
 NR_IRQS: 16, nr_irqs: 16, preallocated irqs: 16
@@ -294,6 +295,7 @@
 mmc0: new high speed MMC card at address 0001
 mmcblk0: mmc0:0001 MMC16G 14.4 GiB 
 mmcblk0boot0: mmc0:0001 MMC16G partition 1 2.00 MiB
+mmcblk0boot1: mmc0:0001 MMC16G partition 2 2.00 MiB
 input: GoogleNyanBig Headphones as /devices/soc0/sound/sound/card1/input1
 input: GoogleNyanBig Mic Jack as /devices/soc0/sound/sound/card1/input2
 NET: Registered protocol family 10
@@ -356,7 +358,7 @@
 mmc1: new high speed SDIO card at address 0001
 mmc2: SDHCI controller on 700b0400.sdhci [700b0400.sdhci] using ADMA
 input: gpio-keys as /devices/soc0/gpio-keys/input/input3
-as3722-rtc as3722-rtc: setting system clock to 2000-01-01 00:02:20 UTC (946684940)
+as3722-rtc as3722-rtc: setting system clock to 2000-01-01 00:00:34 UTC (946684834)
 +3.3V_AVDD_HDMI_AP_GATED: disabling
 +1.8V_RUN_CAM: disabling
 +1.2V_RUN_CAM_FRONT: disabling
@@ -371,28 +373,27 @@
 +5V_HDMI_CON: disabling
 ALSA device list:
   #1: GoogleNyanBig
-mmcblk0boot1: mmc0:0001 MMC16G partition 2 2.00 MiB
-mmcblk0rpmb: mmc0:0001 MMC16G partition 3 128 KiB
 mmc2: new high speed SDHC card at address 0007
- mmcblk0: p1 p2 p3 p4 p5 p6 p7 p8 p9 p10 p11 p12
 mmcblk2: mmc2:0007 SD08G 7.42 GiB 
 GPT:Primary header alternate_lba != Alt. header my_lba
 GPT:3014591 != 15564799
 GPT:Primary header thinks Alt. header is not at the end of the disk.
-usb 1-2: new high-speed USB device number 2 using tegra-xusb
 GPT:3014591 != 15564799
 GPT: Use GNU Parted to correct GPT errors.
  mmcblk2: p1 p2 p3 p4 p5 p6 p7 p8 p9 p10 p11 p12
-input: tegra-hda HDMI/DP,pcm=3 as /devices/soc0/70030000.hda/sound/card0/input4
+mmcblk0rpmb: mmc0:0001 MMC16G partition 3 128 KiB
+ mmcblk0: p1 p2 p3 p4 p5 p6 p7 p8 p9 p10 p11 p12
+usb 1-2: new high-speed USB device number 2 using tegra-xusb
 EXT4-fs (mmcblk0p3): couldn't mount as ext3 due to feature incompatibilities
+input: tegra-hda HDMI/DP,pcm=3 as /devices/soc0/70030000.hda/sound/card0/input4
 uvcvideo: Found UVC 1.00 device HD WebCam (1bcf:2c67)
 input: HD WebCam: HD WebCam as /devices/soc0/70090000.usb/usb1/1-2/1-2:1.0/input/input5
+usb 1-3: new high-speed USB device number 3 using tegra-xusb
 EXT4-fs (mmcblk0p3): recovery complete
 EXT4-fs (mmcblk0p3): mounted filesystem with ordered data mode. Opts: (null)
 VFS: Mounted root (ext4 filesystem) on device 179:3.
 devtmpfs: mounted
 Freeing unused kernel memory: 1024K
-bash: cannot set terminal process group (-1): Inappropriate ioctl for de[    2.758675] usb 1-3: new high-speed USB device number 3 using tegra-xusb
-vice
+bash: cannot set terminal process group (-1): Inappropriate ioctl for device
 bash: no job control in this shell
 root@(none):/# 
\ No newline at end of file
Diff for ./tegra132-norrin/tegra132-norrin/defconfig_log.txt
--- /tmp/fooa	2017-07-04 23:11:18.120097342 -0700
+++ /tmp/foob	2017-07-04 23:11:18.124097358 -0700
@@ -31,7 +31,7 @@
 MSENC clock is set to  79200 KHz
 Vde clock is set to 204000 KHz
 
-Bootloader-Cpu Init at (time stamp): 1801621 us
+Bootloader-Cpu Init at (time stamp): 1802082 us
 
 Pinmux changes applied in kernel way
 
@@ -62,22 +62,22 @@
 Board Id Read Time: 3 us
 Power Rail enable Time: 1 us
 
-Miscellaneous avp time: 1801595  us
-Bootloader (AosInit) time: 733511 us
-Bootloader Main Init time: 180141 us
-BlockDevMgrInit time: 157549 us
+Miscellaneous avp time: 1802056  us
+Bootloader (AosInit) time: 734256 us
+Bootloader Main Init time: 180095 us
+BlockDevMgrInit time: 157532 us
 PartMgrInit time: 8 us
 StorMgrInit time: 30 us
 FsMgrInit time: 2 us
-Partition Table load: 77081 us 
-Display init time: 574482 us
-Kernel read time: 1319 msec
-Load Kernel Size:   17473536 Bytes
-Bl Kernel ReadSpeed: 13247000 Bytes/sec
-Pre-Kernel Jump time: 3771232 us
-Clearing 32 Bit State and Warm resetting to 64bit mode: 8710321 us
+Partition Table load: 76748 us 
+Display init time: 574682 us
+Kernel read time: 1318 msec
+Load Kernel Size:   17471488 Bytes
+Bl Kernel ReadSpeed: 13256000 Bytes/sec
+Pre-Kernel Jump time: 3773469 us
+Clearing 32 Bit State and Warm resetting to 64bit mode: 8711466 us
 Booting Linux on physical CPU 0x0
-Linux version 4.12.0-next-20170704-184482-g84fae2c (jonathanh@sellafield) (gcc version 4.9.2 20140904 (prerelease) (crosstool-NG linaro-1.13.1-4.9-2014.09 - Linaro GCC 4.9-2014.09)) #1 SMP PREEMPT Tue Jul 4 08:38:06 PDT 2017
+Linux version 4.12.0-next-20170705-302917-g0c5f031 (jonathanh@tamien) (gcc version 4.9.2 20140904 (prerelease) (crosstool-NG linaro-1.13.1-4.9-2014.09 - Linaro GCC 4.9-2014.09)) #1 SMP PREEMPT Tue Jul 4 23:09:15 PDT 2017
 Boot CPU: AArch64 Processor [4e0f0000]
 Machine model: NVIDIA Tegra132 Norrin
 Memory limited to 1734MB
@@ -103,15 +103,15 @@
 Policy zone: DMA
 Kernel command line: tegraid=13.1.3.0.0 mem=1734M@2048M memtype=255 vpr=151M@3817M ddr_die=2048M@2048M section=256M commchip_id=0 usb_port_owner_info=0 lane_owner_info=0 emc_max_dvfs=0 touch_id=0@0 video=tegrafb no_console_suspend=1 console=ttyS0,115200n8 debug_uartport=lsport,0 earlyprintk=uart8250-32bit,0x70006000 usbcore.old_scheme_first=1 lp0_vec=0@0x0 tegra_fbmem=32899072@0xad012000 core_edp_mv=1150 core_edp_ma=4000 pmuboard=0x0176:0x0001:0x01:0x43:0x00 displayboard=0x0162:0x0001:0x00:0x42:0x00 power_supply=Adapter audio_codec=rt5640 board_info=0x0176:0x0001:0x01:0x43:0x00 tegraboot=sdmmc gpt gpt_sector=192511 modem_id=0 android.kerneltype=normal
 PID hash table entries: 4096 (order: 3, 32768 bytes)
-Memory: 1708524K/1775616K available (9084K kernel code, 1118K rwdata, 4408K rodata, 1088K init, 401K bss, 50708K reserved, 16384K cma-reserved)
+Memory: 1708524K/1775616K available (9084K kernel code, 1116K rwdata, 4408K rodata, 1088K init, 403K bss, 50708K reserved, 16384K cma-reserved)
 Virtual kernel memory layout:
     modules : 0xffff000000000000 - 0xffff000008000000   (   128 MB)
     vmalloc : 0xffff000008000000 - 0xffff7dffbfff0000   (129022 GB)
       .text : 0xffff000008080000 - 0xffff000008960000   (  9088 KB)
     .rodata : 0xffff000008960000 - 0xffff000008dc0000   (  4480 KB)
       .init : 0xffff000008dc0000 - 0xffff000008ed0000   (  1088 KB)
-      .data : 0xffff000008ed0000 - 0xffff000008fe7a00   (  1119 KB)
-       .bss : 0xffff000008fe7a00 - 0xffff00000904c0f0   (   402 KB)
+      .data : 0xffff000008ed0000 - 0xffff000008fe7200   (  1117 KB)
+       .bss : 0xffff000008fe7200 - 0xffff00000904c0f0   (   404 KB)
     fixed   : 0xffff7dfffe7fd000 - 0xffff7dfffec00000   (  4108 KB)
     PCI I/O : 0xffff7dfffee00000 - 0xffff7dffffe00000   (    16 MB)
     vmemmap : 0xffff7e0000000000 - 0xffff800000000000   (  2048 GB maximum)
@@ -203,7 +203,7 @@
 Freeing initrd memory: 1284K
 kvm [1]: HYP mode not available
 audit: initializing netlink subsys (disabled)
-audit: type=2000 audit(0.927:1): state=initialized audit_enabled=0 res=1
+audit: type=2000 audit(0.930:1): state=initialized audit_enabled=0 res=1
 workingset: timestamp_bits=44 max_order=19 bucket_order=0
 squashfs: version 4.0 (2009/01/31) Phillip Lougher
 NFS: Registering the id_resolver key type
@@ -268,16 +268,16 @@
 usbcore: registered new interface driver usbhid
 usbhid: USB HID core driver
 mmc0: new high speed MMC card at address 0001
-mmcblk0: mmc0:0001 SEM16G 14.7 GiB 
 NET: Registered protocol family 17
-9pnet: Installing 9P2000 support
-Key type dns_resolver registered
-registered taskstats version 1
+mmcblk0: mmc0:0001 SEM16G 14.7 GiB 
 mmcblk0boot0: mmc0:0001 SEM16G partition 1 4.00 MiB
 mmcblk0boot1: mmc0:0001 SEM16G partition 2 4.00 MiB
 mmcblk0rpmb: mmc0:0001 SEM16G partition 3 4.00 MiB
-+VDD_LED: supplied by +VDD_MUX
+9pnet: Installing 9P2000 support
+Key type dns_resolver registered
  mmcblk0: p1 p2 p3 p4 p5 p6 p7 p8
+registered taskstats version 1
++VDD_LED: supplied by +VDD_MUX
 +5V_USB_HS: supplied by +5V_SYS
 +5V_USB_SS: supplied by +5V_SYS
 +5V_HDMI_CON: supplied by +5V_SYS
Diff for ./tegra20-trimslice/tegra20-trimslice/multi_v7_defconfig_log.txt
--- /tmp/fooa	2017-07-04 23:11:18.128097375 -0700
+++ /tmp/foob	2017-07-04 23:11:18.132097392 -0700
@@ -48,20 +48,20 @@
 	 #################################################################
 	 #################################################################
 	 ###########################
-	 3.3 MiB/s
+	 4.1 MiB/s
 done
-Bytes transferred = 8016488 (7a5268 hex)
+Bytes transferred = 8015848 (7a4fe8 hex)
 Tegra20 (TrimSlice) # tftpboot 0x02408000 tegra20-trimslice.dtb
 Using RTL8169#0 device
 TFTP from server 192.168.100.1; our IP address is 192.168.100.103
 Filename 'tegra20-trimslice.dtb'.
 Load address: 0x2408000
 Loading: *##
-	 2.9 MiB/s
+	 3.4 MiB/s
 done
 Bytes transferred = 21454 (53ce hex)
 Tegra20 (TrimSlice) # bootz 0x00408000 - 0x02408000
-Kernel image @ 0x408000 [ 0x000000 - 0x7a5268 ]
+Kernel image @ 0x408000 [ 0x000000 - 0x7a4fe8 ]
 ## Flattened Device Tree blob at 02408000
    Booting using the fdt blob at 0x2408000
    Using Device Tree in place at 02408000, end 024103cd
@@ -69,7 +69,7 @@
 Starting kernel ...
 
 Booting Linux on physical CPU 0x0
-Linux version 4.12.0-next-20170704-184482-g84fae2c (jonathanh@kaivo) (gcc version 4.7.3 20130328 (prerelease) (crosstool-NG linaro-1.13.1-4.7-2013.04-20130415 - Linaro GCC 2013.04)) #1 SMP Tue Jul 4 08:37:39 PDT 2017
+Linux version 4.12.0-next-20170705-184676-g0c5f031 (jonathanh@sellafield) (gcc version 4.7.3 20130328 (prerelease) (crosstool-NG linaro-1.13.1-4.7-2013.04-20130415 - Linaro GCC 2013.04)) #1 SMP Tue Jul 4 23:04:35 PDT 2017
 CPU: ARMv7 Processor [411fc090] revision 0 (ARMv7), cr=10c5387d
 CPU: PIPT / VIPT nonaliasing data cache, VIPT aliasing instruction cache
 OF: fdt: Machine model: Compulab TrimSlice board
@@ -79,13 +79,13 @@
 efi: UEFI not found.
 cma: Reserved 64 MiB at 0x3c000000
 On node 0 totalpages: 262144
-free_area_init_node: node 0, pgdat c157dd00, node_mem_map ef7f8000
+free_area_init_node: node 0, pgdat c157dc80, node_mem_map ef7f8000
   DMA zone: 1536 pages used for memmap
   DMA zone: 0 pages reserved
   DMA zone: 196608 pages, LIFO batch:31
   HighMem zone: 65536 pages, LIFO batch:15
-percpu: Embedded 17 pages/cpu @ef7c4000 s39488 r8192 d21952 u69632
-pcpu-alloc: s39488 r8192 d21952 u69632 alloc=17*4096
+percpu: Embedded 17 pages/cpu @ef7c4000 s39360 r8192 d22080 u69632
+pcpu-alloc: s39360 r8192 d22080 u69632 alloc=17*4096
 pcpu-alloc: [0] 0 [0] 1 
 Built 1 zonelists in Zone order, mobility grouping on.  Total pages: 260608
 Kernel command line: ignore_loglevel console=ttyS0,115200n8 rw root=PARTUUID=11eb23c1-01 rootwait gpt debug noinitrd earlyprintk init=/bin/bash
@@ -102,8 +102,8 @@
     modules : 0xbf000000 - 0xbfe00000   (  14 MB)
       .text : 0xc0208000 - 0xc0d00000   (11232 kB)
       .init : 0xc1200000 - 0xc1400000   (2048 kB)
-      .data : 0xc1400000 - 0xc1585ab0   (1559 kB)
-       .bss : 0xc158ecc8 - 0xc15f383c   ( 403 kB)
+      .data : 0xc1400000 - 0xc1585a58   (1559 kB)
+       .bss : 0xc158ecbc - 0xc15f37fc   ( 403 kB)
 SLUB: HWalign=64, Order=0-3, MinObjects=0, CPUs=2, Nodes=1
 Hierarchical RCU implementation.
 	RCU event tracing is enabled.
@@ -350,8 +350,8 @@
 hub 2-0:1.0: USB hub found
 hub 2-0:1.0: 1 port detected
 input: gpio-keys as /devices/soc0/gpio-keys/input/input0
-hub 1-1:1.0: USB hub found
 rtc-em3027 2-0056: hctosys: unable to read the hardware clock
+hub 1-1:1.0: USB hub found
 hub 1-1:1.0: 4 ports detected
 mmcblk1: error -5 sending stop command, original cmd response 0x900, card status 0x900
 mmcblk1: error -5 transferring data, sector 3839992, nr 8, cmd response 0x900, card status 0x80000b00
Diff for ./tegra20-trimslice/tegra20-trimslice/tegra_defconfig_log.txt
--- /tmp/fooa	2017-07-04 23:11:18.136097408 -0700
+++ /tmp/foob	2017-07-04 23:11:18.136097408 -0700
@@ -19,7 +19,7 @@
 Out:   serial
 Err:   serial
 Net:   RTL8169#0
-Hit any key to stop autoboot:  2  0 
+Hit any key to stop autoboot:  2  1  0 
 Tegra20 (TrimSlice) # 
 Tegra20 (TrimSlice) # usb reset
 resetting USB...
@@ -48,7 +48,7 @@
 	 ##############################
 	 4 MiB/s
 done
-Bytes transferred = 6151016 (5ddb68 hex)
+Bytes transferred = 6151056 (5ddb90 hex)
 Tegra20 (TrimSlice) # tftpboot 0x02408000 tegra20-trimslice.dtb
 Using RTL8169#0 device
 TFTP from server 192.168.100.1; our IP address is 192.168.100.103
@@ -59,7 +59,7 @@
 done
 Bytes transferred = 21454 (53ce hex)
 Tegra20 (TrimSlice) # bootz 0x00408000 - 0x02408000
-Kernel image @ 0x408000 [ 0x000000 - 0x5ddb68 ]
+Kernel image @ 0x408000 [ 0x000000 - 0x5ddb90 ]
 ## Flattened Device Tree blob at 02408000
    Booting using the fdt blob at 0x2408000
    Using Device Tree in place at 02408000, end 024103cd
@@ -68,7 +68,7 @@
 
 Uncompressing Linux... done, booting the kernel.
 Booting Linux on physical CPU 0x0
-Linux version 4.12.0-next-20170704-184482-g84fae2c (jonathanh@sellafield) (gcc version 4.7.3 20130328 (prerelease) (crosstool-NG linaro-1.13.1-4.7-2013.04-20130415 - Linaro GCC 2013.04)) #1 SMP PREEMPT Tue Jul 4 08:35:11 PDT 2017
+Linux version 4.12.0-next-20170705-184676-g0c5f031 (jonathanh@kaivo) (gcc version 4.7.3 20130328 (prerelease) (crosstool-NG linaro-1.13.1-4.7-2013.04-20130415 - Linaro GCC 2013.04)) #1 SMP PREEMPT Tue Jul 4 23:04:56 PDT 2017
 CPU: ARMv7 Processor [411fc090] revision 0 (ARMv7), cr=10c5387d
 CPU: PIPT / VIPT nonaliasing data cache, VIPT aliasing instruction cache
 OF: fdt: Machine model: Compulab TrimSlice board
@@ -77,13 +77,13 @@
 Memory policy: Data cache writealloc
 cma: Reserved 64 MiB at 0x3c000000
 On node 0 totalpages: 262144
-free_area_init_node: node 0, pgdat c0eaeac0, node_mem_map ef7f7000
+free_area_init_node: node 0, pgdat c0eaea00, node_mem_map ef7f7000
   Normal zone: 1536 pages used for memmap
   Normal zone: 0 pages reserved
   Normal zone: 196608 pages, LIFO batch:31
   HighMem zone: 65536 pages, LIFO batch:15
-percpu: Embedded 17 pages/cpu @ef7c3000 s39616 r8192 d21824 u69632
-pcpu-alloc: s39616 r8192 d21824 u69632 alloc=17*4096
+percpu: Embedded 17 pages/cpu @ef7c3000 s39424 r8192 d22016 u69632
+pcpu-alloc: s39424 r8192 d22016 u69632 alloc=17*4096
 pcpu-alloc: [0] 0 [0] 1 
 Built 1 zonelists in Zone order, mobility grouping on.  Total pages: 260608
 Kernel command line: ignore_loglevel console=ttyS0,115200n8 rw root=PARTUUID=11eb23c1-01 rootwait gpt debug noinitrd earlyprintk init=/bin/bash
@@ -100,8 +100,8 @@
     modules : 0xbf000000 - 0xbfe00000   (  14 MB)
       .text : 0xc0008000 - 0xc0a00000   (10208 kB)
       .init : 0xc0d00000 - 0xc0e00000   (1024 kB)
-      .data : 0xc0e00000 - 0xc0eb9278   ( 741 kB)
-       .bss : 0xc0ec3628 - 0xc0f0e43c   ( 300 kB)
+      .data : 0xc0e00000 - 0xc0eb91b8   ( 741 kB)
+       .bss : 0xc0ec361c - 0xc0f0e43c   ( 300 kB)
 Preemptible hierarchical RCU implementation.
 	RCU restricting CPUs from NR_CPUS=4 to nr_cpu_ids=2.
 	Tasks RCU enabled.
@@ -333,22 +333,22 @@
 mmcblk1: mmc1:b368 NCard 1.83 GiB (ro)
 utmi_phy_clk_enable: timeout waiting for phy to stabilize
 tegra-ehci c5000000.usb: EHCI Host Controller
-tegra-ehci c5000000.usb: new USB bus registered, assigned bus number 2
 mmcblk1: error -5 sending stop command, original cmd response 0x900, card status 0x900
 mmcblk1: error -5 transferring data, sector 3839992, nr 8, cmd response 0x900, card status 0x80000b00
+tegra-ehci c5000000.usb: new USB bus registered, assigned bus number 2
 tegra-ehci c5000000.usb: irq 288, io mem 0xc5000000
+mmcblk1: error -5 sending stop command, original cmd response 0x900, card status 0x900
 tegra-ehci c5000000.usb: USB 2.0 started, EHCI 1.00
 hub 2-0:1.0: USB hub found
 hub 2-0:1.0: 1 port detected
 input: gpio-keys as /devices/soc0/gpio-keys/input/input0
-hub 1-1:1.0: USB hub found
-hub 1-1:1.0: 4 ports detected
 rtc-em3027 2-0056: hctosys: unable to read the hardware clock
 ALSA device list:
   #0: tegra-trimslice
-mmcblk1: error -5 sending stop command, original cmd response 0x900, card status 0x900
 mmcblk1: error -5 transferring data, sector 3839992, nr 8, cmd response 0x900, card status 0x80000b00
 mmcblk1: retrying using single block read
+hub 1-1:1.0: USB hub found
+hub 1-1:1.0: 4 ports detected
  mmcblk1: p1 p2
 Waiting for root device PARTUUID=11eb23c1-01...
 usb 1-1.2: new high-speed USB device number 3 using tegra-ehci
@@ -357,11 +357,11 @@
 mmcblk0: mmc0:b368 NCard 3.70 GiB 
 mmcblk0: error -5 sending stop command, original cmd response 0x900, card status 0x900
 mmcblk0: error -5 transferring data, sector 7759864, nr 8, cmd response 0x900, card status 0x80000b00
-asix 1-1.2:1.0 eth1: register 'asix' at usb-c5008000.usb-1.2, ASIX AX88772 USB 2.0 Ethernet, 00:60:6e:60:6c:68
 mmcblk0: error -5 sending stop command, original cmd response 0x900, card status 0x900
 mmcblk0: error -5 transferring data, sector 7759864, nr 8, cmd response 0x900, card status 0x80000b00
 mmcblk0: retrying using single block read
  mmcblk0: p1
+asix 1-1.2:1.0 eth1: register 'asix' at usb-c5008000.usb-1.2, ASIX AX88772 USB 2.0 Ethernet, 00:60:6e:60:6c:68
 mmcblk0: r/w command failed, status = 0x80000900
 EXT4-fs (mmcblk0p1): mounting ext3 file system using the ext4 subsystem
 EXT4-fs (mmcblk0p1): recovery complete
Diff for ./tegra210-p2371-0000/tegra210-p2371-0000/defconfig_log.txt
--- /tmp/fooa	2017-07-04 23:11:18.144097442 -0700
+++ /tmp/foob	2017-07-04 23:11:18.144097442 -0700
@@ -1,7 +1,7 @@
 [TegraBoot] (version 23.00.2015.14-mobile-1ef66670)
 Processing in cold boot mode Bootloader 2
 A01Q Bootrom Patch rev = 3
-Power-up reason: on button
+Power-up reason: pmu watchdog
 No Battery Present
 Platform has Ddr4 type ram
 max77620 disabling SD1 Remote Sense
@@ -64,17 +64,17 @@
 Loading and Validation of Secure OS Successful
 NvTbootPackSdramParams: start. 
 NvTbootPackSdramParams: done. 
-Tegraboot started after 838135 us
-Basic modules init took 348452 us
+Tegraboot started after 752420 us
+Basic modules init took 348641 us
 Sec Bootdevice Read Time = 202 ms, Read Size = 8459 KB
-Next stage binary read took 14372 us
-Carveout took 252727 us
-CPU initialization took 92325 us
-Total time taken by TegraBoot 707876 us
+Next stage binary read took 14370 us
+Carveout took 252709 us
+CPU initialization took 92327 us
+Total time taken by TegraBoot 708047 us
 
 Starting CPU & Halting co-processor 
 
-64b[0001.674] LPDDR4 Training: Number of tables = 10
+64b[0001.591] LPDDR4 Training: Number of tables = 10
 EMC Training (SRC-freq: 204000; DST-freq: 408000)
 EMC Training Successful
 EMC Training (SRC-freq: 204000; DST-freq: 665600)
@@ -108,7 +108,7 @@
 Tegra210 (P2371-0000) # 
 Tegra210 (P2371-0000) # ums 0 mmc 0
 UMS: disk start sector: 0x0, count: 0x1d5a000
-|/-\|/-\/-\|/-\/-\|/-\/-\|/-\/-\|/-\/-\|/-\/-\|/-\/-\|/-\/-\|/-\/-\|/-\/-\|/-\/-\|/-\/-\|/-\/-\|/-\/-\|/-\/-\|/-\/-\|/-\/-\|/-\/-\|/-\/-\|/-\/-\|/-\/-\|/-\/-\|/-\/-\|/-\/-\|/-\/-\|CTRL+C - Operation aborted
+|/-\|/-\/-\|/-\/-\|/-\/-\|/-\/-\|/-\/-\|/-\/-\|/-\/-\|/-\/-\|/-\/-\|/-\/-\|/-\/-CTRL+C - Operation aborted
 Tegra210 (P2371-0000) # 
 Tegra210 (P2371-0000) # env set fdt_copy_node_names /cpus:/psci
 Tegra210 (P2371-0000) # setenv rootpart 1
@@ -117,11 +117,11 @@
 Tegra210 (P2371-0000) # part uuid ${devtype} ${devnum}:${rootpart} uuid
 Tegra210 (P2371-0000) # setenv bootargs ignore_loglevel console=ttyS0,115200n8 earlycon=uart8250,mmio32,0x70006000 rw root=PARTUUID=00000000-0001-0000-788f-a75600000000 rootwait debug earlyprintk init=/bin/bash
 Tegra210 (P2371-0000) # load ${devtype} ${devnum}:${rootpart} ${kernel_addr_r} /boot/Image.defconfig
-16153088 bytes read in 827 ms (18.6 MiB/s)
+16151040 bytes read in 817 ms (18.9 MiB/s)
 Tegra210 (P2371-0000) # load ${devtype} ${devnum}:${rootpart} ${fdt_addr_r} /boot/tegra210-p2371-0000.dtb
-45170 bytes read in 454 ms (96.7 KiB/s)
+45170 bytes read in 460 ms (95.7 KiB/s)
 Tegra210 (P2371-0000) # load ${devtype} ${devnum}:${rootpart} ${ramdisk_addr_r} /boot/tegra-ramdisk.img
-1627787 bytes read in 494 ms (3.1 MiB/s)
+1627787 bytes read in 495 ms (3.1 MiB/s)
 Tegra210 (P2371-0000) # ramdisk_size=${filesize}
 Tegra210 (P2371-0000) # booti ${kernel_addr_r} - ${fdt_addr_r}
 ## Flattened Device Tree blob at 82000000
@@ -131,7 +131,7 @@
 Starting kernel ...
 
 Booting Linux on physical CPU 0x0
-Linux version 4.12.0-next-20170704-184482-g84fae2c (jonathanh@sellafield) (gcc version 4.9.2 20140904 (prerelease) (crosstool-NG linaro-1.13.1-4.9-2014.09 - Linaro GCC 4.9-2014.09)) #1 SMP PREEMPT Tue Jul 4 08:38:06 PDT 2017
+Linux version 4.12.0-next-20170705-302917-g0c5f031 (jonathanh@tamien) (gcc version 4.9.2 20140904 (prerelease) (crosstool-NG linaro-1.13.1-4.9-2014.09 - Linaro GCC 4.9-2014.09)) #1 SMP PREEMPT Tue Jul 4 23:09:15 PDT 2017
 Boot CPU: AArch64 Processor [411fd071]
 Machine model: NVIDIA Tegra210 P2371 (P2530/P2595) reference design
 debug: ignoring loglevel setting.
@@ -175,15 +175,15 @@
 Kernel command line: ignore_loglevel console=ttyS0,115200n8 earlycon=uart8250,mmio32,0x70006000 rw root=PARTUUID=00000000-0001-0000-788f-a75600000000 rootwait debug earlyprintk init=/bin/bash
 PID hash table entries: 4096 (order: 3, 32768 bytes)
 software IO TLB [mem 0xfa000000-0xfe000000] (64MB) mapped at [ffff80007a000000-ffff80007dffffff]
-Memory: 2982856K/3131392K available (9084K kernel code, 1118K rwdata, 4408K rodata, 1088K init, 401K bss, 132152K reserved, 16384K cma-reserved)
+Memory: 2982856K/3131392K available (9084K kernel code, 1116K rwdata, 4408K rodata, 1088K init, 403K bss, 132152K reserved, 16384K cma-reserved)
 Virtual kernel memory layout:
     modules : 0xffff000000000000 - 0xffff000008000000   (   128 MB)
     vmalloc : 0xffff000008000000 - 0xffff7dffbfff0000   (129022 GB)
       .text : 0xffff000008080000 - 0xffff000008960000   (  9088 KB)
     .rodata : 0xffff000008960000 - 0xffff000008dc0000   (  4480 KB)
       .init : 0xffff000008dc0000 - 0xffff000008ed0000   (  1088 KB)
-      .data : 0xffff000008ed0000 - 0xffff000008fe7a00   (  1119 KB)
-       .bss : 0xffff000008fe7a00 - 0xffff00000904c0f0   (   402 KB)
+      .data : 0xffff000008ed0000 - 0xffff000008fe7200   (  1117 KB)
+       .bss : 0xffff000008fe7200 - 0xffff00000904c0f0   (   404 KB)
     fixed   : 0xffff7dfffe7fd000 - 0xffff7dfffec00000   (  4108 KB)
     PCI I/O : 0xffff7dfffee00000 - 0xffff7dffffe00000   (    16 MB)
     vmemmap : 0xffff7e0000000000 - 0xffff800000000000   (  2048 GB maximum)
@@ -272,14 +272,14 @@
 RPC: Registered tcp NFSv4.1 backchannel transport module.
 PCI: CLS 0 bytes, default 128
 kvm [1]: 8-bit VMID
-kvm [1]: IDMAP page: 80947000
+kvm [1]: IDMAP page: 80946000
 kvm [1]: HYP VA range: 800000000000:ffffffffffff
 kvm [1]: Hyp mode initialized successfully
 kvm [1]: vgic-v2@50044000
 kvm [1]: vgic interrupt IRQ1
 kvm [1]: virtual timer IRQ4
 audit: initializing netlink subsys (disabled)
-audit: type=2000 audit(0.523:1): state=initialized audit_enabled=0 res=1
+audit: type=2000 audit(0.527:1): state=initialized audit_enabled=0 res=1
 workingset: timestamp_bits=44 max_order=20 bucket_order=0
 squashfs: version 4.0 (2009/01/31) Phillip Lougher
 NFS: Registering the id_resolver key type
Diff for ./tegra210-smaug/tegra210-smaug/defconfig_log.txt
--- /tmp/fooa	2017-07-04 23:11:18.152097475 -0700
+++ /tmp/foob	2017-07-04 23:11:18.152097475 -0700
@@ -1,4 +1,5 @@
-rom FDT:
+
+efi: Getting EFI parameters from FDT:
 efi: UEFI not found.
 cma: Reserved 16 MiB at 0x00000000f5400000
 earlycon: uart0 at MMIO 0x0000000070006000 (options '115200n8')
@@ -30,15 +31,15 @@
 Kernel command line: cros_secure vpr=0x08000000@0xf6800000 earlycon
 PID hash table entries: 4096 (order: 3, 32768 bytes)
 software IO TLB [mem 0xf1400000-0xf5400000] (64MB) mapped at [ffff800071400000-ffff8000753fffff]
-Memory: 2838120K/2988032K available (9084K kernel code, 1118K rwdata, 4408K rodata, 1088K init, 401K bss, 133528K reserved, 16384K cma-reserved)
+Memory: 2838124K/2988032K available (9084K kernel code, 1116K rwdata, 4408K rodata, 1088K init, 403K bss, 133524K reserved, 16384K cma-reserved)
 Virtual kernel memory layout:
     modules : 0xffff000000000000 - 0xffff000008000000   (   128 MB)
     vmalloc : 0xffff000008000000 - 0xffff7dffbfff0000   (129022 GB)
       .text : 0xffff000008080000 - 0xffff000008960000   (  9088 KB)
     .rodata : 0xffff000008960000 - 0xffff000008dc0000   (  4480 KB)
       .init : 0xffff000008dc0000 - 0xffff000008ed0000   (  1088 KB)
-      .data : 0xffff000008ed0000 - 0xffff000008fe7a00   (  1119 KB)
-       .bss : 0xffff000008fe7a00 - 0xffff00000904c0f0   (   402 KB)
+      .data : 0xffff000008ed0000 - 0xffff000008fe7200   (  1117 KB)
+       .bss : 0xffff000008fe7200 - 0xffff00000904c0f0   (   404 KB)
     fixed   : 0xffff7dfffe7fd000 - 0xffff7dfffec00000   (  4108 KB)
     PCI I/O : 0xffff7dfffee00000 - 0xffff7dffffe00000   (    16 MB)
     vmemmap : 0xffff7e0000000000 - 0xffff800000000000   (  2048 GB maximum)
@@ -76,7 +77,7 @@
 console [tty0] enabled
 bootconsole [uart0] disabled
 Booting Linux on physical CPU 0x0
-Linux version 4.12.0-next-20170704-184482-g84fae2c (jonathanh@sellafield) (gcc version 4.9.2 20140904 (prerelease) (crosstool-NG linaro-1.13.1-4.9-2014.09 - Linaro GCC 4.9-2014.09)) #1 SMP PREEMPT Tue Jul 4 08:38:06 PDT 2017
+Linux version 4.12.0-next-20170705-302917-g0c5f031 (jonathanh@tamien) (gcc version 4.9.2 20140904 (prerelease) (crosstool-NG linaro-1.13.1-4.9-2014.09 - Linaro GCC 4.9-2014.09)) #1 SMP PREEMPT Tue Jul 4 23:09:15 PDT 2017
 Boot CPU: AArch64 Processor [411fd071]
 Machine model: Google Pixel C
 efi: Getting EFI parameters from FDT:
@@ -111,15 +112,15 @@
 Kernel command line: cros_secure vpr=0x08000000@0xf6800000 earlycon
 PID hash table entries: 4096 (order: 3, 32768 bytes)
 software IO TLB [mem 0xf1400000-0xf5400000] (64MB) mapped at [ffff800071400000-ffff8000753fffff]
-Memory: 2838120K/2988032K available (9084K kernel code, 1118K rwdata, 4408K rodata, 1088K init, 401K bss, 133528K reserved, 16384K cma-reserved)
+Memory: 2838124K/2988032K available (9084K kernel code, 1116K rwdata, 4408K rodata, 1088K init, 403K bss, 133524K reserved, 16384K cma-reserved)
 Virtual kernel memory layout:
     modules : 0xffff000000000000 - 0xffff000008000000   (   128 MB)
     vmalloc : 0xffff000008000000 - 0xffff7dffbfff0000   (129022 GB)
       .text : 0xffff000008080000 - 0xffff000008960000   (  9088 KB)
     .rodata : 0xffff000008960000 - 0xffff000008dc0000   (  4480 KB)
       .init : 0xffff000008dc0000 - 0xffff000008ed0000   (  1088 KB)
-      .data : 0xffff000008ed0000 - 0xffff000008fe7a00   (  1119 KB)
-       .bss : 0xffff000008fe7a00 - 0xffff00000904c0f0   (   402 KB)
+      .data : 0xffff000008ed0000 - 0xffff000008fe7200   (  1117 KB)
+       .bss : 0xffff000008fe7200 - 0xffff00000904c0f0   (   404 KB)
     fixed   : 0xffff7dfffe7fd000 - 0xffff7dfffec00000   (  4108 KB)
     PCI I/O : 0xffff7dfffee00000 - 0xffff7dffffe00000   (    16 MB)
     vmemmap : 0xffff7e0000000000 - 0xffff800000000000   (  2048 GB maximum)
@@ -229,9 +230,9 @@
 RPC: Registered tcp transport module.
 RPC: Registered tcp NFSv4.1 backchannel transport module.
 Unpacking initramfs...
-Freeing initrd memory: 1284K
+Freeing initrd memory: 1280K
 kvm [1]: 8-bit VMID
-kvm [1]: IDMAP page: 80947000
+kvm [1]: IDMAP page: 80946000
 kvm [1]: HYP VA range: 800000000000:ffffffffffff
 kvm [1]: Hyp mode initialized successfully
 kvm [1]: vgic-v2@50044000
@@ -335,12 +336,12 @@
 9pnet: Installing 9P2000 support
 Key type dns_resolver registered
 registered taskstats version 1
+mmc0: new high speed MMC card at address 0001
 tegra-i2c 7000d100.i2c: could not find pctldev for node /host1x@50000000/dpaux@545c0000/pinmux-i2c, deferring probe
 input: gpio-keys as /devices/platform/gpio-keys/input/input0
 tegra-i2c 7000d100.i2c: could not find pctldev for node /host1x@50000000/dpaux@545c0000/pinmux-i2c, deferring probe
-mmc0: new high speed MMC card at address 0001
+max77686-rtc max77620-rtc: setting system clock to 2001-04-15 11:34:51 UTC (987334491)
 mmcblk0: mmc0:0001 BGND3R 29.1 GiB 
-max77686-rtc max77620-rtc: setting system clock to 2001-04-14 21:03:36 UTC (987282216)
 mmcblk0boot0: mmc0:0001 BGND3R partition 1 4.00 MiB
 mmcblk0boot1: mmc0:0001 BGND3R partition 2 4.00 MiB
 mmcblk0rpmb: mmc0:0001 BGND3R partition 3 4.00 MiB
Diff for ./tegra30-beaver/tegra30-beaver/multi_v7_defconfig_log.txt
--- /tmp/fooa	2017-07-04 23:11:18.156097492 -0700
+++ /tmp/foob	2017-07-04 23:11:18.160097508 -0700
@@ -40,20 +40,20 @@
 	 #################################################################
 	 #################################################################
 	 ###########################
-	 2.8 MiB/s
+	 3.2 MiB/s
 done
-Bytes transferred = 8016488 (7a5268 hex)
+Bytes transferred = 8015848 (7a4fe8 hex)
 Tegra30 (Beaver) # tftpboot 0x82000000 tegra30-beaver.dtb
 Using asx0 device
 TFTP from server 192.168.100.1; our IP address is 192.168.100.101
 Filename 'tegra30-beaver.dtb'.
 Load address: 0x82000000
 Loading: *####
-	 2.6 MiB/s
+	 2.9 MiB/s
 done
 Bytes transferred = 51848 (ca88 hex)
 Tegra30 (Beaver) # bootz 0x81000000 - 0x82000000
-Kernel image @ 0x81000000 [ 0x000000 - 0x7a5268 ]
+Kernel image @ 0x81000000 [ 0x000000 - 0x7a4fe8 ]
 ## Flattened Device Tree blob at 82000000
    Booting using the fdt blob at 0x82000000
    Loading Device Tree to 8fff0000, end 8ffffa87 ... OK
@@ -61,7 +61,7 @@
 Starting kernel ...
 
 Booting Linux on physical CPU 0x0
-Linux version 4.12.0-next-20170704-184482-g84fae2c (jonathanh@kaivo) (gcc version 4.7.3 20130328 (prerelease) (crosstool-NG linaro-1.13.1-4.7-2013.04-20130415 - Linaro GCC 2013.04)) #1 SMP Tue Jul 4 08:37:39 PDT 2017
+Linux version 4.12.0-next-20170705-184676-g0c5f031 (jonathanh@sellafield) (gcc version 4.7.3 20130328 (prerelease) (crosstool-NG linaro-1.13.1-4.7-2013.04-20130415 - Linaro GCC 2013.04)) #1 SMP Tue Jul 4 23:04:35 PDT 2017
 CPU: ARMv7 Processor [412fc099] revision 9 (ARMv7), cr=10c5387d
 CPU: PIPT / VIPT nonaliasing data cache, VIPT aliasing instruction cache
 OF: fdt: Machine model: NVIDIA Tegra30 Beaver evaluation board
@@ -71,13 +71,13 @@
 efi: UEFI not found.
 cma: Reserved 64 MiB at 0xfb800000
 On node 0 totalpages: 524032
-free_area_init_node: node 0, pgdat c157dd00, node_mem_map eeff8000
+free_area_init_node: node 0, pgdat c157dc80, node_mem_map eeff8000
   DMA zone: 1536 pages used for memmap
   DMA zone: 0 pages reserved
   DMA zone: 196608 pages, LIFO batch:31
   HighMem zone: 327424 pages, LIFO batch:31
-percpu: Embedded 17 pages/cpu @eef87000 s39488 r8192 d21952 u69632
-pcpu-alloc: s39488 r8192 d21952 u69632 alloc=17*4096
+percpu: Embedded 17 pages/cpu @eef87000 s39360 r8192 d22080 u69632
+pcpu-alloc: s39360 r8192 d22080 u69632 alloc=17*4096
 pcpu-alloc: [0] 0 [0] 1 [0] 2 [0] 3 
 Built 1 zonelists in Zone order, mobility grouping on.  Total pages: 522496
 Kernel command line: ignore_loglevel console=ttyS0,115200n8 rw root=PARTUUID=edbe1840-3633-c751-7993-b0ac834f81e0 rootwait gpt debug noinitrd earlyprintk init=/bin/bash
@@ -94,8 +94,8 @@
     modules : 0xbf000000 - 0xbfe00000   (  14 MB)
       .text : 0xc0208000 - 0xc0d00000   (11232 kB)
       .init : 0xc1200000 - 0xc1400000   (2048 kB)
-      .data : 0xc1400000 - 0xc1585ab0   (1559 kB)
-       .bss : 0xc158ecc8 - 0xc15f383c   ( 403 kB)
+      .data : 0xc1400000 - 0xc1585a58   (1559 kB)
+       .bss : 0xc158ecbc - 0xc15f37fc   ( 403 kB)
 SLUB: HWalign=64, Order=0-3, MinObjects=0, CPUs=4, Nodes=1
 Hierarchical RCU implementation.
 	RCU event tracing is enabled.
@@ -306,6 +306,13 @@
 Registering SWP/SWPB emulation handler
 vdd_ddr: supplied by vdd_5v_in
 vdd_5v_sata: supplied by vdd_5v_in
+usb1_vbus: supplied by vdd_5v_in
+usb3_vbus: supplied by vdd_5v_in
+sys_3v3,vdd_3v3_alw: supplied by vdd_5v_in
+sys_3v3_pexs: supplied by sys_3v3,vdd_3v3_alw
++VDD_5V_HDMI: supplied by sys_3v3,vdd_3v3_alw
+tegra-pcie 3000.pcie: 2x3 configuration
+tegra-pcie 3000.pcie: probing port 0, using 2 lanes
 mmc1: new high speed MMC card at address 0001
 mmcblk1: mmc1:0001 SEM16G 14.8 GiB 
 mmcblk1boot0: mmc1:0001 SEM16G partition 1 1.00 MiB
@@ -315,15 +322,8 @@
  mmcblk1: p1 p2 p3 p4 p5
 mmc0: new ultra high speed DDR50 SDHC card at address aaaa
 mmcblk0: mmc0:aaaa SS04G 3.69 GiB 
-usb1_vbus: supplied by vdd_5v_in
-usb3_vbus: supplied by vdd_5v_in
- mmcblk0: p1 p2 p3
-sys_3v3,vdd_3v3_alw: supplied by vdd_5v_in
-sys_3v3_pexs: supplied by sys_3v3,vdd_3v3_alw
-+VDD_5V_HDMI: supplied by sys_3v3,vdd_3v3_alw
-tegra-pcie 3000.pcie: 2x3 configuration
-tegra-pcie 3000.pcie: probing port 0, using 2 lanes
 tegra-pcie 3000.pcie: probing port 2, using 2 lanes
+ mmcblk0: p1 p2 p3
 tegra-pcie 3000.pcie: link 2 down, retrying
 tegra-pcie 3000.pcie: link 2 down, retrying
 tegra-pcie 3000.pcie: link 2 down, retrying
@@ -395,5 +395,5 @@
 Freeing unused kernel memory: 2048K
 bash: cannot set terminal process group (-1): Inappropriate ioctl for device
 bash: no job control in this shell
-root@(none):/# [    4.134076] usb 2-1: new high-speed USB device number 2 using tegra-ehci
+root@(none):/# [    4.054041] usb 2-1: new high-speed USB device number 2 using tegra-ehci
 asix 2-1:1.0 eth1: register 'asix' at usb-7d008000.usb-1, ASIX AX88772 USB 2.0 Ethernet, 00:50:b6:0f:67:60
Diff for ./tegra30-beaver/tegra30-beaver/tegra_defconfig_log.txt
--- /tmp/fooa	2017-07-04 23:11:18.164097524 -0700
+++ /tmp/foob	2017-07-04 23:11:18.168097542 -0700
@@ -40,7 +40,7 @@
 	 ##############################
 	 3.2 MiB/s
 done
-Bytes transferred = 6151016 (5ddb68 hex)
+Bytes transferred = 6151056 (5ddb90 hex)
 Tegra30 (Beaver) # tftpboot 0x82000000 tegra30-beaver.dtb
 Using asx0 device
 TFTP from server 192.168.100.1; our IP address is 192.168.100.101
@@ -51,7 +51,7 @@
 done
 Bytes transferred = 51848 (ca88 hex)
 Tegra30 (Beaver) # bootz 0x81000000 - 0x82000000
-Kernel image @ 0x81000000 [ 0x000000 - 0x5ddb68 ]
+Kernel image @ 0x81000000 [ 0x000000 - 0x5ddb90 ]
 ## Flattened Device Tree blob at 82000000
    Booting using the fdt blob at 0x82000000
    Loading Device Tree to 8fff0000, end 8ffffa87 ... OK
@@ -60,7 +60,7 @@
 
 Uncompressing Linux... done, booting the kernel.
 Booting Linux on physical CPU 0x0
-Linux version 4.12.0-next-20170704-184482-g84fae2c (jonathanh@sellafield) (gcc version 4.7.3 20130328 (prerelease) (crosstool-NG linaro-1.13.1-4.7-2013.04-20130415 - Linaro GCC 2013.04)) #1 SMP PREEMPT Tue Jul 4 08:35:11 PDT 2017
+Linux version 4.12.0-next-20170705-184676-g0c5f031 (jonathanh@kaivo) (gcc version 4.7.3 20130328 (prerelease) (crosstool-NG linaro-1.13.1-4.7-2013.04-20130415 - Linaro GCC 2013.04)) #1 SMP PREEMPT Tue Jul 4 23:04:56 PDT 2017
 CPU: ARMv7 Processor [412fc099] revision 9 (ARMv7), cr=10c5387d
 CPU: PIPT / VIPT nonaliasing data cache, VIPT aliasing instruction cache
 OF: fdt: Machine model: NVIDIA Tegra30 Beaver evaluation board
@@ -69,13 +69,13 @@
 Memory policy: Data cache writealloc
 cma: Reserved 64 MiB at 0xfbc00000
 On node 0 totalpages: 524032
-free_area_init_node: node 0, pgdat c0eaeac0, node_mem_map eeff7000
+free_area_init_node: node 0, pgdat c0eaea00, node_mem_map eeff7000
   Normal zone: 1536 pages used for memmap
   Normal zone: 0 pages reserved
   Normal zone: 196608 pages, LIFO batch:31
   HighMem zone: 327424 pages, LIFO batch:31
-percpu: Embedded 17 pages/cpu @eef86000 s39616 r8192 d21824 u69632
-pcpu-alloc: s39616 r8192 d21824 u69632 alloc=17*4096
+percpu: Embedded 17 pages/cpu @eef86000 s39424 r8192 d22016 u69632
+pcpu-alloc: s39424 r8192 d22016 u69632 alloc=17*4096
 pcpu-alloc: [0] 0 [0] 1 [0] 2 [0] 3 
 Built 1 zonelists in Zone order, mobility grouping on.  Total pages: 522496
 Kernel command line: ignore_loglevel console=ttyS0,115200n8 rw root=PARTUUID=edbe1840-3633-c751-7993-b0ac834f81e0 rootwait gpt debug noinitrd earlyprintk init=/bin/bash
@@ -92,8 +92,8 @@
     modules : 0xbf000000 - 0xbfe00000   (  14 MB)
       .text : 0xc0008000 - 0xc0a00000   (10208 kB)
       .init : 0xc0d00000 - 0xc0e00000   (1024 kB)
-      .data : 0xc0e00000 - 0xc0eb9278   ( 741 kB)
-       .bss : 0xc0ec3628 - 0xc0f0e43c   ( 300 kB)
+      .data : 0xc0e00000 - 0xc0eb91b8   ( 741 kB)
+       .bss : 0xc0ec361c - 0xc0f0e43c   ( 300 kB)
 Preemptible hierarchical RCU implementation.
 	Tasks RCU enabled.
 NR_IRQS: 16, nr_irqs: 16, preallocated irqs: 16
@@ -389,4 +389,4 @@
 Freeing unused kernel memory: 1024K
 bash: cannot set terminal process group (-1): Inappropriate ioctl for device
 bash: no job control in this shell
-root@(none):/# [    4.340160] usb 2-1: new high-speed USB device number 2 using tegra-ehci
+root@(none):/# [    4.350160] usb 2-1: new high-speed USB device number 2 using tegra-ehci
