
U-Boot SPL 2014.01-00219-gc4d376f (Feb 18 2014 - 19:57:32)


U-Boot 2014.01-00219-gc4d376f (Feb 18 2014 - 19:57:32)

TEGRA114
Board: NVIDIA Dalmore
I2C:   ready
DRAM:  2 GiB
MMC:   Tegra SD/MMC: 0, Tegra SD/MMC: 1
In:    serial
Out:   serial
Err:   serial
Net:   Net Initialization Skipped
No ethernet found.
Hit any key to stop autoboot:  2  0 
Tegra114 (Dalmore) # 
Tegra114 (Dalmore) # usb reset
(Re)start USB...
USB0:   USB EHCI 1.10
scanning bus 0 for devices... 2 USB Device(s) found
       scanning usb for storage devices... 0 Storage Device(s) found
       scanning usb for ethernet devices... 
Warning: asx0 using MAC address from net device
1 Ethernet Device(s) found
Tegra114 (Dalmore) # setenv bootargs 'ignore_loglevel console=ttyS0,115200n8 rw root=PARTUUID=7369c667-ff51-ec4a-29cd-baabf2fbe346 rootwait gpt debug earlyprintk init=/bin/bash'
Tegra114 (Dalmore) # setenv ipaddr 192.168.100.100; setenv serverip 192.168.100.1; setenv tftpserverip 192.168.100.1
Tegra114 (Dalmore) # tftpboot 0x81000000 zImage.tegra_defconfig
Using asx0 device
TFTP from server 192.168.100.1; our IP address is 192.168.100.100
Filename 'zImage.tegra_defconfig'.
Load address: 0x81000000
Loading: *#################################################################
	 #################################################################
	 #################################################################
	 #################################################################
	 #################################################################
	 ####################################################
	 3 MiB/s
done
Bytes transferred = 5524408 (544bb8 hex)
Tegra114 (Dalmore) # tftpboot 0x82000000 tegra114-dalmore.dtb
Using asx0 device
TFTP from server 192.168.100.1; our IP address is 192.168.100.100
Filename 'tegra114-dalmore.dtb'.
Load address: 0x82000000
Loading: *###
	 3 MiB/s
done
Bytes transferred = 35044 (88e4 hex)
Tegra114 (Dalmore) # bootz 0x81000000 - 0x82000000
Kernel image @ 0x81000000 [ 0x000000 - 0x544bb8 ]
## Flattened Device Tree blob at 82000000
   Booting using the fdt blob at 0x82000000
   Loading Device Tree to 8fff4000, end 8ffff8e3 ... OK

Starting kernel ...

Uncompressing Linux... done, booting the kernel.
[    0.000000] Booting Linux on physical CPU 0x0
[    0.000000] Linux version 4.10.0-rc3-next-20170113-145599-g41ca03c (pwalmsley@kaivo) (gcc version 4.7.3 20130328 (prerelease) (crosstool-NG linaro-1.13.1-4.7-2013.04-20130415 - Linaro GCC 2013.04) ) #1 SMP PREEMPT Fri Jan 13 01:33:16 PST 2017
[    0.000000] CPU: ARMv7 Processor [412fc0f2] revision 2 (ARMv7), cr=10c5387d
[    0.000000] CPU: div instructions available: patching division code
[    0.000000] CPU: PIPT / VIPT nonaliasing data cache, PIPT instruction cache
[    0.000000] OF: fdt:Machine model: NVIDIA Tegra114 Dalmore evaluation board
[    0.000000] debug: ignoring loglevel setting.
[    0.000000] bootconsole [earlycon0] enabled
[    0.000000] cma: Reserved 64 MiB at 0xfbc00000
[    0.000000] Memory policy: Data cache writealloc
[    0.000000] On node 0 totalpages: 524032
[    0.000000] free_area_init_node: node 0, pgdat c0d5ea40, node_mem_map eeff7000
[    0.000000]   Normal zone: 1536 pages used for memmap
[    0.000000]   Normal zone: 0 pages reserved
[    0.000000]   Normal zone: 196608 pages, LIFO batch:31
[    0.000000]   HighMem zone: 327424 pages, LIFO batch:31
[    0.000000] percpu: Embedded 16 pages/cpu @eef9b000 s34496 r8192 d22848 u65536
[    0.000000] pcpu-alloc: s34496 r8192 d22848 u65536 alloc=16*4096
[    0.000000] pcpu-alloc: [0] 0 [0] 1 [0] 2 [0] 3 
[    0.000000] Built 1 zonelists in Zone order, mobility grouping on.  Total pages: 522496
[    0.000000] Kernel command line: ignore_loglevel console=ttyS0,115200n8 rw root=PARTUUID=7369c667-ff51-ec4a-29cd-baabf2fbe346 rootwait gpt debug earlyprintk init=/bin/bash
[    0.000000] PID hash table entries: 4096 (order: 2, 16384 bytes)
[    0.000000] Dentry cache hash table entries: 131072 (order: 7, 524288 bytes)
[    0.000000] Inode-cache hash table entries: 65536 (order: 6, 262144 bytes)
[    0.000000] Memory: 1999928K/2096128K available (8192K kernel code, 384K rwdata, 2480K rodata, 1024K init, 364K bss, 30664K reserved, 65536K cma-reserved, 1244160K highmem)
[    0.000000] Virtual kernel memory layout:
[    0.000000]     vector  : 0xffff0000 - 0xffff1000   (   4 kB)
[    0.000000]     fixmap  : 0xffc00000 - 0xfff00000   (3072 kB)
[    0.000000]     vmalloc : 0xf0800000 - 0xff800000   ( 240 MB)
[    0.000000]     lowmem  : 0xc0000000 - 0xf0000000   ( 768 MB)
[    0.000000]     pkmap   : 0xbfe00000 - 0xc0000000   (   2 MB)
[    0.000000]     modules : 0xbf000000 - 0xbfe00000   (  14 MB)
[    0.000000]       .text : 0xc0008000 - 0xc0900000   (9184 kB)
[    0.000000]       .init : 0xc0c00000 - 0xc0d00000   (1024 kB)
[    0.000000]       .data : 0xc0d00000 - 0xc0d60100   ( 385 kB)
[    0.000000]        .bss : 0xc0d62000 - 0xc0dbd340   ( 365 kB)
[    0.000000] Preemptible hierarchical RCU implementation.
[    0.000000] 	Build-time adjustment of leaf fanout to 32.
[    0.000000] NR_IRQS:16 nr_irqs:16 16
[    0.000000] /interrupt-controller@60004000: 160 interrupts forwarded to /interrupt-controller@50041000
[    0.000000] Tegra clk 127: register failed with -17
[    0.000008] sched_clock: 32 bits at 1000kHz, resolution 1000ns, wraps every 2147483647500ns
[    0.007785] clocksource: timer_us: mask: 0xffffffff max_cycles: 0xffffffff, max_idle_ns: 1911260446275 ns
[    0.017400] Switching to timer-based delay loop, resolution 1000ns
[    0.024455] arm_arch_timer: Architected cp15 timer(s) running at 12.00MHz (virt).
[    0.031182] clocksource: arch_sys_counter: mask: 0xffffffffffffff max_cycles: 0x2c47f4ee7, max_idle_ns: 440795202497 ns
[    0.042017] sched_clock: 56 bits at 12MHz, resolution 83ns, wraps every 4398046511096ns
[    0.050072] Switching to timer-based delay loop, resolution 83ns
[    0.056579] Console: colour dummy device 80x30
[    0.060659] Calibrating delay loop (skipped), value calculated using timer frequency.. 24.00 BogoMIPS (lpj=120000)
[    0.071057] pid_max: default: 32768 minimum: 301
[    0.076226] Mount-cache hash table entries: 2048 (order: 1, 8192 bytes)
[    0.082414] Mountpoint-cache hash table entries: 2048 (order: 1, 8192 bytes)
[    0.090321] CPU: Testing write buffer coherency: ok
[    0.094746] /cpus/cpu@0 missing clock-frequency property
[    0.099835] /cpus/cpu@1 missing clock-frequency property
[    0.105230] /cpus/cpu@2 missing clock-frequency property
[    0.110583] /cpus/cpu@3 missing clock-frequency property
[    0.115952] CPU0: thread -1, cpu 0, socket 0, mpidr 80000000
[    0.146028] Setting up static identity map for 0x80100000 - 0x80100098
[    0.176458] Tegra Revision: A01 SKU: 0 CPU Process: 1 SoC Process: 0
[    0.181778] smp: Bringing up secondary CPUs ...
[    0.246732] CPU1: thread -1, cpu 1, socket 0, mpidr 80000001
[    0.316823] CPU2: thread -1, cpu 2, socket 0, mpidr 80000002
[    0.386932] CPU3: thread -1, cpu 3, socket 0, mpidr 80000003
[    0.387021] smp: Brought up 1 node, 4 CPUs
[    0.406457] SMP: Total of 4 processors activated (96.00 BogoMIPS).
[    0.412706] CPU: All CPU(s) started in SVC mode.
[    0.419201] devtmpfs: initialized
[    0.433583] VFP support v0.3: implementor 41 architecture 4 part 30 variant f rev 0
[    0.440056] clocksource: jiffies: mask: 0xffffffff max_cycles: 0xffffffff, max_idle_ns: 19112604462750000 ns
[    0.450550] pinctrl core: initialized pinctrl subsystem
[    0.455938] NET: Registered protocol family 16
[    0.460409] DMA: preallocated 256 KiB pool for atomic coherent allocations
[    0.467800] cpuidle: using governor menu
[    0.493063] No ATAGs?
[    0.493212] hw-breakpoint: found 5 (+1 reserved) breakpoint and 4 watchpoint registers.
[    0.501747] hw-breakpoint: maximum watchpoint size is 8 bytes.
[    0.508618] tegra-mc 70019000.memory-controller: no memory timings for RAM code 3 registered
[    0.533650] dvdd_ts: Failed to request enable GPIO61: -517
[    0.537343] reg-fixed-voltage regulators:regulator@1: Failed to register regulator: -517
[    0.545563] usb1_vbus: Failed to request enable GPIO108: -517
[    0.551287] reg-fixed-voltage regulators:regulator@3: Failed to register regulator: -517
[    0.559516] usb2_vbus: Failed to request enable GPIO86: -517
[    0.565153] reg-fixed-voltage regulators:regulator@4: Failed to register regulator: -517
[    0.573769] VDD_5V0_HDMI_CON: Failed to request enable GPIO81: -517
[    0.579628] reg-fixed-voltage regulators:regulator@7: Failed to register regulator: -517
[    0.589018] vgaarb: loaded
[    0.591338] SCSI subsystem initialized
[    0.594597] libata version 3.00 loaded.
[    0.598628] usbcore: registered new interface driver usbfs
[    0.603888] usbcore: registered new interface driver hub
[    0.609276] usbcore: registered new device driver usb
[    0.617441] tps65090 2-0048: No cache defaults, reading back from HW
[    0.623952] TPS65090_RAILSDCDC1: supplied by vdd_ac_bat
[    0.628562] TPS65090_RAILSDCDC2: supplied by vdd_ac_bat
[    0.633803] TPS65090_RAILSDCDC3: supplied by vdd_ac_bat
[    0.638566] TPS65090_RAILSFET1: supplied by vdd_ac_bat
[    0.643611] TPS65090_RAILSFET2: supplied by vdd_ac_bat
[    0.648800] TPS65090_RAILSFET3: supplied by vdd-sys-3v3
[    0.654245] TPS65090_RAILSFET4: supplied by vdd-sys-3v3
[    0.659543] TPS65090_RAILSFET5: supplied by vdd-sys-3v3
[    0.664817] TPS65090_RAILSFET6: supplied by vdd-sys-3v3
[    0.670439] TPS65090_RAILSFET7: supplied by vdd-sys-3v3
[    0.675391] TPS65090_RAILSLDO1: supplied by vdd_ac_bat
[    0.680279] TPS65090_RAILSLDO2: supplied by vdd_ac_bat
[    0.686030] palmas 2-0058: Irq flag is 0x00000004
[    0.692136] palmas 2-0058: Muxing GPIO ff, PWM 0, LED 0
[    0.697961] SMPS12: supplied by vdd-ao
[    0.701004] vdd_hdmi_5v0: supplied by vdd-sys-5v0
[    0.705504] SMPS3: supplied by vdd-ao
[    0.710237] SMPS457: supplied by vdd-sys-3v3
[    0.715805] SMPS8: supplied by vdd-sys-3v3
[    0.719739] random: fast init done
[    0.721615] SMPS9: supplied by vdd-sys-3v3
[    0.726237] sdhci-vdd-sd-slot: Bringing 2840000uV into 2800000-2800000uV
[    0.735549] LDO1: supplied by vdd-sys-3v3
[    0.739012] LDO2: supplied by vdd-sys-3v3
[    0.743122] LDO3: supplied by vddio-1v8
[    0.746997] LDO4: supplied by vdd-sys-3v3
[    0.751080] LDO5: supplied by vdd_ac_bat
[    0.754638] LDO6: supplied by vdd-sys-3v3
[    0.758375] vdd-sensor-2v85: Bringing 2900000uV into 2850000-2850000uV
[    0.765949] LDO7: supplied by vdd-sys-3v3
[    0.770338] LDO8: supplied by vdd-ao
[    0.772689] vdd-rtc: Bringing 675000uV into 900000-900000uV
[    0.788594] LDO9: supplied by sdhci-vdd-sd-slot
[    0.798917] LDOLN: supplied by vdd-sys-5v0
[    0.802488] LDOUSB: supplied by vdd-sys-5v0
[    0.811775] Linux video capture interface: v2.00
[    0.814651] pps_core: LinuxPPS API ver. 1 registered
[    0.819617] pps_core: Software ver. 5.3.6 - Copyright 2005-2007 Rodolfo Giometti <giometti@linux.it>
[    0.828822] PTP clock support registered
[    0.833466] Advanced Linux Sound Architecture Driver Initialized.
[    0.839734] Bluetooth: Core ver 2.22
[    0.842615] NET: Registered protocol family 31
[    0.847088] Bluetooth: HCI device and connection manager initialized
[    0.853487] Bluetooth: HCI socket layer initialized
[    0.858439] Bluetooth: L2CAP socket layer initialized
[    0.863569] Bluetooth: SCO socket layer initialized
[    0.869817] clocksource: Switched to clocksource arch_sys_counter
[    0.890129] NET: Registered protocol family 2
[    0.893834] TCP established hash table entries: 8192 (order: 3, 32768 bytes)
[    0.899886] TCP bind hash table entries: 8192 (order: 4, 65536 bytes)
[    0.906445] TCP: Hash tables configured (established 8192 bind 8192)
[    0.913188] UDP hash table entries: 512 (order: 2, 16384 bytes)
[    0.918697] UDP-Lite hash table entries: 512 (order: 2, 16384 bytes)
[    0.925427] NET: Registered protocol family 1
[    0.930209] RPC: Registered named UNIX socket transport module.
[    0.935475] RPC: Registered udp transport module.
[    0.940263] RPC: Registered tcp transport module.
[    0.945007] RPC: Registered tcp NFSv4.1 backchannel transport module.
[    0.951527] PCI: CLS 0 bytes, default 64
[    0.958595] futex hash table entries: 1024 (order: 4, 65536 bytes)
[    0.963729] workingset: timestamp_bits=30 max_order=19 bucket_order=0
[    0.971093] squashfs: version 4.0 (2009/01/31) Phillip Lougher
[    0.976124] NFS: Registering the id_resolver key type
[    0.980544] Key type id_resolver registered
[    0.984701] Key type id_legacy registered
[    0.993489] bounce: pool size: 64 pages
[    0.995505] io scheduler noop registered (default)
[    1.017567] tegra-apbdma 6000a000.dma: Tegra20 APB DMA driver register 32 channels
[    1.024047] tegra-pmc 7000e400.pmc: i2c-thermtrip node not found, emergency thermal reset disabled.
[    1.032989] Serial: 8250/16550 driver, 4 ports, IRQ sharing disabled
[    1.040993] console [ttyS0] disabled
[    1.042792] 70006300.serial: ttyS0 at MMIO 0x70006300 (irq = 329, base_baud = 25500000) is a Tegra
[    1.051827] console [ttyS0] enabled
[    1.051827] console [ttyS0] enabled
[    1.058092] bootconsole [earlycon0] disabled
[    1.058092] bootconsole [earlycon0] disabled
[    1.069438] tegra-hdmi 54280000.hdmi: failed to get HDMI regulator
[    1.092081] loop: module loaded
[    1.106883] m25p80 spi32766.0: w25q32dw (4096 Kbytes)
[    1.114274] libphy: Fixed MDIO Bus: probed
[    1.118368] CAN device driver interface
[    1.122281] igb: Intel(R) Gigabit Ethernet Network Driver - version 5.4.0-k
[    1.129233] igb: Copyright (c) 2007-2014 Intel Corporation.
[    1.134987] pegasus: v0.9.3 (2013/04/25), Pegasus/Pegasus II USB Ethernet driver
[    1.142465] usbcore: registered new interface driver pegasus
[    1.148191] usbcore: registered new interface driver asix
[    1.153662] usbcore: registered new interface driver ax88179_178a
[    1.159821] usbcore: registered new interface driver cdc_ether
[    1.165743] usbcore: registered new interface driver smsc75xx
[    1.171578] usbcore: registered new interface driver smsc95xx
[    1.177375] usbcore: registered new interface driver net1080
[    1.183109] usbcore: registered new interface driver cdc_subset
[    1.189077] usbcore: registered new interface driver zaurus
[    1.194752] usbcore: registered new interface driver cdc_ncm
[    1.200807] ehci_hcd: USB 2.0 'Enhanced' Host Controller (EHCI) Driver
[    1.207326] ehci-pci: EHCI PCI platform driver
[    1.211853] tegra-ehci: Tegra EHCI driver
[    1.216510] usbcore: registered new interface driver cdc_acm
[    1.222183] cdc_acm: USB Abstract Control Model driver for USB modems and ISDN adapters
[    1.230256] usbcore: registered new interface driver cdc_wdm
[    1.235999] usbcore: registered new interface driver usb-storage
[    1.242498] mousedev: PS/2 mouse device common for all mice
[    1.252352] palmas-rtc 7000d000.i2c:tps65913@58:rtc: rtc core: registered 7000d000.i2c:tps659 as rtc0
[    1.263030] tegra_rtc 7000e000.rtc: rtc core: registered 7000e000.rtc as rtc1
[    1.270228] tegra_rtc 7000e000.rtc: Tegra internal Real Time Clock
[    1.276684] i2c /dev entries driver
[    1.281234] usbcore: registered new interface driver uvcvideo
[    1.286972] USB Video Class driver (1.1.1)
[    1.291090] gspca_main: v2.14.0 registered
[    1.296115] sbs-battery 0-000b: sbs_probe: Failed to get device status
[    1.302680] sbs-battery: probe of 0-000b failed with error -121
[    1.313725] tegra-wdt 60005000.timer: initialized (heartbeat = 120 sec, nowayout = 0)
[    1.322257] sdhci: Secure Digital Host Controller Interface driver
[    1.328427] sdhci: Copyright(c) Pierre Ossman
[    1.332799] sdhci-pltfm: SDHCI platform and OF driver helper
[    1.338716] sdhci-tegra 78000400.sdhci: Got CD GPIO
[    1.343629] sdhci-tegra 78000400.sdhci: Got WP GPIO
[    1.349692] mmc0: Invalid maximum block size, assuming 512 bytes
[    1.420032] mmc0: SDHCI controller on 78000400.sdhci [78000400.sdhci] using ADMA
[    1.427721] mmc1: Invalid maximum block size, assuming 512 bytes
[    1.499878] mmc1: SDHCI controller on 78000600.sdhci [78000600.sdhci] using ADMA
[    1.507960] usbcore: registered new interface driver usbhid
[    1.515635] usbhid: USB HID core driver
[    1.562831] mmc0: new high speed SDHC card at address aaaa
[    1.569006] mmcblk0: mmc0:aaaa SL16G 14.8 GiB 
[    1.590246]  mmcblk0: p1 p2 p3
[    1.596980] mmc1: new high speed MMC card at address 0001
[    1.603111] mmcblk1: mmc1:0001 SEM32G 29.1 GiB 
[    1.608067] mmcblk1boot0: mmc1:0001 SEM32G partition 1 4.00 MiB
[    1.624439] mmcblk1boot1: mmc1:0001 SEM32G partition 2 4.00 MiB
[    1.630786] mmcblk1rpmb: mmc1:0001 SEM32G partition 3 4.00 MiB
[    1.639329]  mmcblk1: p1 p2 p3 p4 p5 p6 p7 p8
[    1.953435] tegra30-i2s 70080400.i2s: DMA channels sourced from device 70080000.ahub
[    1.969903] tegra-snd-rt5640 sound: rt5640-aif1 <-> 70080400.i2s mapping ok
[    1.981528] input: NVIDIA Tegra Dalmore Headphones as /devices/soc0/sound/sound/card0/input0
[    1.992275] NET: Registered protocol family 10
[    1.998056] Segment Routing with IPv6
[    2.001910] mip6: Mobile IPv6
[    2.004878] sit: IPv6, IPv4 and MPLS over IPv4 tunneling driver
[    2.012542] NET: Registered protocol family 17
[    2.016998] NET: Registered protocol family 15
[    2.021462] can: controller area network core (rev 20120528 abi 9)
[    2.027751] NET: Registered protocol family 29
[    2.032213] can: raw protocol (rev 20120528)
[    2.036478] can: broadcast manager protocol (rev 20161123 t)
[    2.042154] can: netlink gateway (rev 20130117) max_hops=1
[    2.047810] Bluetooth: RFCOMM socket layer initialized
[    2.052986] Bluetooth: RFCOMM ver 1.11
[    2.056749] Bluetooth: BNEP (Ethernet Emulation) ver 1.3
[    2.062081] Bluetooth: BNEP socket layer initialized
[    2.067040] Bluetooth: HIDP (Human Interface Emulation) ver 1.2
[    2.072974] Bluetooth: HIDP socket layer initialized
[    2.078144] Key type dns_resolver registered
[    2.083066] Registering SWP/SWPB emulation handler
[    2.104986] usb1_vbus: supplied by vdd-sys-5v0
[    2.110489] usb2_vbus: supplied by vdd-sys-5v0
[    2.117758] VDD_5V0_HDMI_CON: supplied by vdd-sys-5v0
[    2.127820] [drm] Supports vblank timestamp caching Rev 2 (21.10.2013).
[    2.134494] [drm] No driver support for vblank timestamp query.
[    2.234405] Console: switching to colour frame buffer device 240x75
[    2.274052] drm drm: fb0:  frame buffer device
[    2.278606] [drm] Initialized tegra 0.0.0 20120330 for drm on minor 0
[    2.288745] tegra-ehci 7d008000.usb: EHCI Host Controller
[    2.294196] tegra-ehci 7d008000.usb: new USB bus registered, assigned bus number 1
[    2.302170] tegra-ehci 7d008000.usb: irq 339, io mem 0x7d008000
[    2.329932] tegra-ehci 7d008000.usb: USB 2.0 started, EHCI 1.10
[    2.337287] hub 1-0:1.0: USB hub found
[    2.341169] hub 1-0:1.0: 1 port detected
[    2.346365] input: gpio-keys as /devices/soc0/gpio-keys/input/input1
[    2.355481] palmas-rtc 7000d000.i2c:tps65913@58:rtc: setting system clock to 2000-11-06 21:06:58 UTC (973544818)
[    2.369088] dvdd_ts: disabling
[    2.372250] usb1_vbus: disabling
[    2.375480] vdd_cam_1v8_reg: disabling
[    2.379227] ALSA device list:
[    2.382207]   #0: NVIDIA Tegra Dalmore
[    2.387202] EXT4-fs (mmcblk1p1): mounting ext3 file system using the ext4 subsystem
[    2.414319] EXT4-fs (mmcblk1p1): recovery complete
[    2.419125] EXT4-fs (mmcblk1p1): mounted filesystem with ordered data mode. Opts: (null)
[    2.427341] VFS: Mounted root (ext3 filesystem) on device 179:17.
[    2.439281] devtmpfs: mounted
[    2.443393] Freeing unused kernel memory: 1024K
bash: cannot set terminal process group (-1): Inappropriate ioctl for device
bash: no job control in this shell
root@(none):/# [    2.699979] usb 1-1: new high-speed USB device number 2 using tegra-ehci
mount -t sysfs none /sys
root@(none):/# 
root@(none):/# [    3.375662] asix 1-1:1.0 eth0: register 'asix' at usb-7d008000.usb-1, ASIX AX88772 USB 2.0 Ethernet, 00:50:b6:0d:b5:16
mount -t debugfs none /sys/kernel/debug
root@(none):/# 
root@(none):/# rtcwake -d rtc1 -m mem -s 3
rtcwake: assuming RTC uses UTC ...
rtcwake: wakeup from "mem" using /dev/rtc1 at Thu Jan  1 00:00:18 1970
[    5.183773] PM: Syncing filesystems ... done.
[    5.191129] Freezing user space processes ... (elapsed 0.001 seconds) done.
[    5.192469] Freezing remaining freezable tasks ... (elapsed 0.001 seconds) done.
[    5.193845] Suspending console(s) (use no_console_suspend to debug)
[    5.322307] PM: suspend of devices complete after 84.970 msecs
[    5.324195] PM: late suspend of devices complete after 1.871 msecs
[    5.325745] PM: noirq suspend of devices complete after 1.538 msecs
[    5.325750] Disabling non-boot CPUs ...
[    5.360325] IRQ17 no longer affine to CPU1
[    5.360687] CPU1: shutdown
[    5.460655] CPU2: shutdown
[    5.560566] CPU3: shutdown
[    5.611436] Entering suspend state LP1
[    5.611436] Suspended for 6.770 seconds
[    5.611481] Enabling non-boot CPUs ...
[    5.641588] CPU1 is up
[    5.681764] CPU2 is up
[    5.722097] CPU3 is up
[    5.723002] PM: noirq resume of devices complete after 0.893 msecs
[    5.724902] PM: early resume of devices complete after 1.266 msecs
[    6.323263] PM: resume of devices complete after 598.340 msecs
[    6.395451] Restarting tasks ... done.
root@(none):/# 
root@(none):/# rtcwake -d rtc1 -m mem -s 3
rtcwake: assuming RTC uses UTC ...
rtcwake: wakeup from "mem" using /dev/rtc1 at Thu Jan  1 00:00:27 1970
[    7.457496] PM: Syncing filesystems ... done.
[    7.463016] Freezing user space processes ... (elapsed 0.001 seconds) done.
[    7.464365] Freezing remaining freezable tasks ... (elapsed 0.001 seconds) done.
[    7.465753] Suspending console(s) (use no_console_suspend to debug)
[    7.612215] PM: suspend of devices complete after 92.527 msecs
[    7.613907] PM: late suspend of devices complete after 1.675 msecs
[    7.615444] PM: noirq suspend of devices complete after 1.527 msecs
[    7.615450] Disabling non-boot CPUs ...
[    7.650563] CPU1: shutdown
[    7.750224] IRQ17 no longer affine to CPU2
[    7.750618] CPU2: shutdown
[    7.850516] CPU3: shutdown
[    7.901112] Entering suspend state LP1
[    7.901112] Suspended for 8.293 seconds
[    7.901157] Enabling non-boot CPUs ...
[    7.931551] CPU1 is up
[    7.971718] CPU2 is up
[    8.012040] CPU3 is up
[    8.012780] PM: noirq resume of devices complete after 0.729 msecs
[    8.014978] PM: early resume of devices complete after 1.538 msecs
[    8.612922] PM: resume of devices complete after 597.925 msecs
[    8.684765] Restarting tasks ... done.
root@(none):/# 
root@(none):/# rtcwake -d rtc1 -m mem -s 3
rtcwake: assuming RTC uses UTC ...
rtcwake: wakeup from "mem" using /dev/rtc1 at Thu Jan  1 00:00:37 1970
[    9.148108] PM: Syncing filesystems ... done.
[    9.153691] Freezing user space processes ... (elapsed 0.001 seconds) done.
[    9.155033] Freezing remaining freezable tasks ... (elapsed 0.001 seconds) done.
[    9.156415] Suspending console(s) (use no_console_suspend to debug)
[    9.302202] PM: suspend of devices complete after 91.761 msecs
[    9.304097] PM: late suspend of devices complete after 1.877 msecs
[    9.305614] PM: noirq suspend of devices complete after 1.506 msecs
[    9.305620] Disabling non-boot CPUs ...
[    9.340227] IRQ17 no longer affine to CPU1
[    9.340564] CPU1: shutdown
[    9.440566] CPU2: shutdown
[    9.550453] CPU3: shutdown
[    9.601087] Entering suspend state LP1
[    9.601087] Suspended for 6.716 seconds
[    9.601133] Enabling non-boot CPUs ...
[    9.631505] CPU1 is up
[    9.671664] CPU2 is up
[    9.711986] CPU3 is up
[    9.712755] PM: noirq resume of devices complete after 0.757 msecs
[    9.714814] PM: early resume of devices complete after 1.400 msecs
[   10.312518] PM: resume of devices complete after 597.685 msecs
[   10.384285] Restarting tasks ... done.
root@(none):/# 
root@(none):/# rtcwake -d rtc1 -m mem -s 3
rtcwake: assuming RTC uses UTC ...
rtcwake: wakeup from "mem" using /dev/rtc1 at Thu Jan  1 00:00:46 1970
[   11.435957] PM: Syncing filesystems ... done.
[   11.441377] Freezing user space processes ... (elapsed 0.001 seconds) done.
[   11.442707] Freezing remaining freezable tasks ... (elapsed 0.001 seconds) done.
[   11.444082] Suspending console(s) (use no_console_suspend to debug)
[   11.581984] PM: suspend of devices complete after 89.090 msecs
[   11.583629] PM: late suspend of devices complete after 1.629 msecs
[   11.585221] PM: noirq suspend of devices complete after 1.581 msecs
[   11.585226] Disabling non-boot CPUs ...
[   11.620172] IRQ17 no longer affine to CPU1
[   11.620517] CPU1: shutdown
[   11.720511] CPU2: shutdown
[   11.820410] CPU3: shutdown
[   11.870963] Entering suspend state LP1
[   11.870963] Suspended for 8.313 seconds
[   11.871007] Enabling non-boot CPUs ...
[   11.901452] CPU1 is up
[   11.941598] CPU2 is up
[   11.981931] CPU3 is up
[   11.982713] PM: noirq resume of devices complete after 0.770 msecs
[   11.984625] PM: early resume of devices complete after 1.272 msecs
[   12.582692] PM: resume of devices complete after 598.049 msecs
[   12.654507] Restarting tasks ... done.
root@(none):/# 
root@(none):/# rtcwake -d rtc1 -m mem -s 3
rtcwake: assuming RTC uses UTC ...
rtcwake: wakeup from "mem" using /dev/rtc1 at Thu Jan  1 00:00:56 1970
[   13.122702] PM: Syncing filesystems ... done.
[   13.128358] Freezing user space processes ... (elapsed 0.001 seconds) done.
[   13.129734] Freezing remaining freezable tasks ... (elapsed 0.001 seconds) done.
[   13.131029] Suspending console(s) (use no_console_suspend to debug)
[   13.271749] PM: suspend of devices complete after 91.604 msecs
[   13.273657] PM: late suspend of devices complete after 1.892 msecs
[   13.275267] PM: noirq suspend of devices complete after 1.599 msecs
[   13.275272] Disabling non-boot CPUs ...
[   13.310066] IRQ17 no longer affine to CPU1
[   13.310433] CPU1: shutdown
[   13.410454] CPU2: shutdown
[   13.510351] CPU3: shutdown
[   13.560979] Entering suspend state LP1
[   13.560979] Suspended for 6.726 seconds
[   13.561023] Enabling non-boot CPUs ...
[   13.591397] CPU1 is up
[   13.631635] CPU2 is up
[   13.671891] CPU3 is up
[   13.672558] PM: noirq resume of devices complete after 0.656 msecs
[   13.674651] PM: early resume of devices complete after 1.437 msecs
[   14.272396] PM: resume of devices complete after 597.728 msecs
[   14.344206] Restarting tasks ... done.
root@(none):/# 
root@(none):/# rtcwake -d rtc1 -m mem -s 3
rtcwake: assuming RTC uses UTC ...
rtcwake: wakeup from "mem" using /dev/rtc1 at Thu Jan  1 00:01:05 1970
[   15.407132] PM: Syncing filesystems ... done.
[   15.412628] Freezing user space processes ... (elapsed 0.001 seconds) done.
[   15.413975] Freezing remaining freezable tasks ... (elapsed 0.001 seconds) done.
[   15.415366] Suspending console(s) (use no_console_suspend to debug)
[   15.541606] PM: suspend of devices complete after 72.153 msecs
[   15.543243] PM: late suspend of devices complete after 1.620 msecs
[   15.544771] PM: noirq suspend of devices complete after 1.518 msecs
[   15.544777] Disabling non-boot CPUs ...
[   15.580036] IRQ17 no longer affine to CPU1
[   15.580373] CPU1: shutdown
[   15.690403] CPU2: shutdown
[   15.790311] CPU3: shutdown
[   15.841133] Entering suspend state LP1
[   15.841133] Suspended for 8.303 seconds
[   15.841177] Enabling non-boot CPUs ...
[   15.871350] CPU1 is up
[   15.911502] CPU2 is up
[   15.951827] CPU3 is up
[   15.952481] PM: noirq resume of devices complete after 0.643 msecs
[   15.954587] PM: early resume of devices complete after 1.461 msecs
[   16.552644] PM: resume of devices complete after 598.039 msecs
[   16.624489] Restarting tasks ... done.
root@(none):/# 
root@(none):/# rtcwake -d rtc1 -m mem -s 3
rtcwake: assuming RTC uses UTC ...
rtcwake: wakeup from "mem" using /dev/rtc1 at Thu Jan  1 00:01:15 1970
[   17.095052] PM: Syncing filesystems ... done.
[   17.100908] Freezing user space processes ... (elapsed 0.001 seconds) done.
[   17.102255] Freezing remaining freezable tasks ... (elapsed 0.001 seconds) done.
[   17.103644] Suspending console(s) (use no_console_suspend to debug)
[   17.241740] PM: suspend of devices complete after 91.854 msecs
[   17.243617] PM: late suspend of devices complete after 1.860 msecs
[   17.245121] PM: noirq suspend of devices complete after 1.493 msecs
[   17.245127] Disabling non-boot CPUs ...
[   17.279989] IRQ17 no longer affine to CPU1
[   17.280331] CPU1: shutdown
[   17.380337] CPU2: shutdown
[   17.480247] CPU3: shutdown
[   17.531016] Entering suspend state LP1
[   17.531016] Suspended for 6.727 seconds
[   17.531060] Enabling non-boot CPUs ...
[   17.561307] CPU1 is up
[   17.601444] CPU2 is up
[   17.641783] CPU3 is up
[   17.642447] PM: noirq resume of devices complete after 0.653 msecs
[   17.644879] PM: early resume of devices complete after 1.795 msecs
[   18.242304] PM: resume of devices complete after 597.408 msecs
[   18.314178] Restarting tasks ... done.
root@(none):/# 
root@(none):/# rtcwake -d rtc1 -m mem -s 3
rtcwake: assuming RTC uses UTC ...
rtcwake: wakeup from "mem" using /dev/rtc1 at Thu Jan  1 00:01:24 1970
[   19.367940] PM: Syncing filesystems ... done.
[   19.373664] Freezing user space processes ... (elapsed 0.001 seconds) done.
[   19.375012] Freezing remaining freezable tasks ... (elapsed 0.001 seconds) done.
[   19.376406] Suspending console(s) (use no_console_suspend to debug)
[   19.511827] PM: suspend of devices complete after 88.723 msecs
[   19.513727] PM: late suspend of devices complete after 1.883 msecs
[   19.515214] PM: noirq suspend of devices complete after 1.474 msecs
[   19.515219] Disabling non-boot CPUs ...
[   19.549958] IRQ17 no longer affine to CPU1
[   19.550303] CPU1: shutdown
[   19.650298] CPU2: shutdown
[   19.760194] CPU3: shutdown
[   19.810781] Entering suspend state LP1
[   19.810781] Suspended for 8.303 seconds
[   19.810826] Enabling non-boot CPUs ...
[   19.841256] CPU1 is up
[   19.881405] CPU2 is up
[   19.921730] CPU3 is up
[   19.922391] PM: noirq resume of devices complete after 0.649 msecs
[   19.924489] PM: early resume of devices complete after 1.443 msecs
[   20.529485] PM: resume of devices complete after 604.978 msecs
[   20.601320] Restarting tasks ... done.
root@(none):/# 
root@(none):/# rtcwake -d rtc1 -m mem -s 3
rtcwake: assuming RTC uses UTC ...
rtcwake: wakeup from "mem" using /dev/rtc1 at Thu Jan  1 00:01:34 1970
[   21.067913] PM: Syncing filesystems ... done.
[   21.073760] Freezing user space processes ... (elapsed 0.001 seconds) done.
[   21.075017] Freezing remaining freezable tasks ... (elapsed 0.001 seconds) done.
[   21.076386] Suspending console(s) (use no_console_suspend to debug)
[   21.211484] PM: suspend of devices complete after 91.763 msecs
[   21.213324] PM: late suspend of devices complete after 1.823 msecs
[   21.214863] PM: noirq suspend of devices complete after 1.528 msecs
[   21.214869] Disabling non-boot CPUs ...
[   21.250219] CPU1: shutdown
[   21.349848] IRQ17 no longer affine to CPU2
[   21.350250] CPU2: shutdown
[   21.450147] CPU3: shutdown
[   21.500899] Entering suspend state LP1
[   21.500899] Suspended for 6.726 seconds
[   21.500943] Enabling non-boot CPUs ...
[   21.531201] CPU1 is up
[   21.571339] CPU2 is up
[   21.611672] CPU3 is up
[   21.612335] PM: noirq resume of devices complete after 0.652 msecs
[   21.614446] PM: early resume of devices complete after 1.466 msecs
[   22.212913] PM: resume of devices complete after 598.450 msecs
[   22.284767] Restarting tasks ... done.
root@(none):/# 
root@(none):/# rtcwake -d rtc1 -m mem -s 3
rtcwake: assuming RTC uses UTC ...
rtcwake: wakeup from "mem" using /dev/rtc1 at Thu Jan  1 00:01:43 1970
[   23.336826] PM: Syncing filesystems ... done.
[   23.342548] Freezing user space processes ... (elapsed 0.001 seconds) done.
[   23.343895] Freezing remaining freezable tasks ... (elapsed 0.001 seconds) done.
[   23.345291] Suspending console(s) (use no_console_suspend to debug)
[   23.481152] PM: suspend of devices complete after 88.599 msecs
[   23.482820] PM: late suspend of devices complete after 1.651 msecs
[   23.484414] PM: noirq suspend of devices complete after 1.583 msecs
[   23.484419] Disabling non-boot CPUs ...
[   23.520168] CPU1: shutdown
[   23.619792] IRQ17 no longer affine to CPU2
[   23.620193] CPU2: shutdown
[   23.720083] CPU3: shutdown
[   23.770670] Entering suspend state LP1
[   23.770670] Suspended for 8.313 seconds
[   23.770714] Enabling non-boot CPUs ...
[   23.801142] CPU1 is up
[   23.841320] CPU2 is up
[   23.881614] CPU3 is up
[   23.882288] PM: noirq resume of devices complete after 0.663 msecs
[   23.884419] PM: early resume of devices complete after 1.485 msecs
[   24.481483] PM: resume of devices complete after 597.047 msecs
[   24.553302] Restarting tasks ... done.
root@(none):/# 
root@(none):/# NVTB SYSTEM SUSPEND TEST COMPLETE
