

U-Boot 2011.03 (Jun 11 2013 - 06:07:37)

T114
Board: NVIDIA Dalmore
DRAM:  2 GiB
MMC:   Tegra2 SD/MMC: 0, Tegra2 SD/MMC: 1
In:    serial
Out:   serial
Err:   serial
Net:   Net Initialization Skipped
No ethernet found.
Hit any key to stop autoboot:  2  0 
Dalmore #
Dalmore #usb reset
(Re)start USB...
USB:   Register 10011 NbrPorts 1
USB EHCI 1.10
scanning bus for devices... 2 USB Device(s) found
       scanning bus for storage devices... 0 Storage Device(s) found
       scanning bus for ethernet devices... 1 Ethernet Device(s) found
Dalmore #setenv bootargs 'ignore_loglevel console=ttyS0,115200n8 rw root=/dev/mmcblk0p1 rootwait gpt init=/bin/bash'
Dalmore #setenv ipaddr 192.168.100.100; setenv serverip 192.168.100.1; setenv tftpserverip 192.168.100.1
Dalmore #tftpboot 0x81000000 zImage.tegra_defconfig%tegra30,114_mergeconfig
Waiting for Ethernet connection... done.
Using asx0 device
TFTP from server 192.168.100.1; our IP address is 192.168.100.100
Filename 'zImage.tegra_defconfig%tegra30,114_mergeconfig'.
Load address: 0x81000000
Loading: *#################################################  2.8 MiB/s
done
Bytes transferred = 4127384 (3efa98 hex)
Dalmore #tftpboot 0x82000000 tegra114-dalmore.dtb
Using asx0 device
TFTP from server 192.168.100.1; our IP address is 192.168.100.100
Filename 'tegra114-dalmore.dtb'.
Load address: 0x82000000
Loading: *#################################################  2.6 MiB/s
done
Bytes transferred = 29436 (72fc hex)
Dalmore #bootz 0x81000000 - 0x82000000
## Flattened Device Tree blob at 82000000
   Booting using the fdt blob at 0x82000000
   Loading Device Tree to 81ff5000, end 81fff2fb ... OK

Starting kernel ...

Timer summary in microseconds:
       Mark    Elapsed  Stage
          0          0  awake
  2,134,603  2,134,603  usb_start
  6,140,096  4,005,493  eth_start
  6,140,093         -3  tftp start
  9,969,350  3,829,257  tftp done
 12,150,543  2,181,193  start_kernel
Uncompressing Linux... done, booting the kernel.
[    0.000000] Booting Linux on physical CPU 0x0
[    0.000000] Initializing cgroup subsys cpu
[    0.000000] Initializing cgroup subsys cpuacct
[    0.000000] Linux version 3.12.0-next-20131111-23895-gedea089 (pwalmsley@kaivo) (gcc version 4.7.3 20130328 (prerelease) (crosstool-NG linaro-1.13.1-4.7-2013.04-20130415 - Linaro GCC 2013.04) ) #1 SMP PREEMPT Sun Nov 10 23:24:42 PST 2013
[    0.000000] CPU: ARMv7 Processor [412fc0f2] revision 2 (ARMv7), cr=10c5387d
[    0.000000] CPU: PIPT / VIPT nonaliasing data cache, PIPT instruction cache
[    0.000000] Machine model: NVIDIA Tegra114 Dalmore evaluation board
[    0.000000] debug: ignoring loglevel setting.
[    0.000000] cma: CMA: reserved 16 MiB at ae800000
[    0.000000] Memory policy: ECC disabled, Data cache writealloc
[    0.000000] On node 0 totalpages: 524032
[    0.000000] free_area_init_node: node 0, pgdat c07d5a80, node_mem_map c082e000
[    0.000000]   Normal zone: 1520 pages used for memmap
[    0.000000]   Normal zone: 0 pages reserved
[    0.000000]   Normal zone: 194560 pages, LIFO batch:31
[    0.000000]   HighMem zone: 2574 pages used for memmap
[    0.000000]   HighMem zone: 329472 pages, LIFO batch:31
[    0.000000] Tegra Revision: A01 SKU: 0 CPU Process: 1 Core Process: 1
[    0.000000] PERCPU: Embedded 8 pages/cpu @c1846000 s8896 r8192 d15680 u32768
[    0.000000] pcpu-alloc: s8896 r8192 d15680 u32768 alloc=8*4096
[    0.000000] pcpu-alloc: [0] 0 [0] 1 [0] 2 [0] 3 
[    0.000000] Built 1 zonelists in Zone order, mobility grouping on.  Total pages: 522512
[    0.000000] Kernel command line: ignore_loglevel console=ttyS0,115200n8 rw root=/dev/mmcblk0p1 rootwait gpt init=/bin/bash
[    0.000000] PID hash table entries: 4096 (order: 2, 16384 bytes)
[    0.000000] Dentry cache hash table entries: 131072 (order: 7, 524288 bytes)
[    0.000000] Inode-cache hash table entries: 65536 (order: 6, 262144 bytes)
[    0.000000] Memory: 2053880K/2096128K available (5619K kernel code, 300K rwdata, 1828K rodata, 236K init, 346K bss, 42248K reserved, 1317888K highmem)
[    0.000000] Virtual kernel memory layout:
[    0.000000]     vector  : 0xffff0000 - 0xffff1000   (   4 kB)
[    0.000000]     fixmap  : 0xfff00000 - 0xfffe0000   ( 896 kB)
[    0.000000]     vmalloc : 0xf0000000 - 0xff000000   ( 240 MB)
[    0.000000]     lowmem  : 0xc0000000 - 0xef800000   ( 760 MB)
[    0.000000]     pkmap   : 0xbfe00000 - 0xc0000000   (   2 MB)
[    0.000000]     modules : 0xbf000000 - 0xbfe00000   (  14 MB)
[    0.000000]       .text : 0xc0008000 - 0xc074e0a8   (7449 kB)
[    0.000000]       .init : 0xc074f000 - 0xc078a2c0   ( 237 kB)
[    0.000000]       .data : 0xc078c000 - 0xc07d71c0   ( 301 kB)
[    0.000000]        .bss : 0xc07d71cc - 0xc082dbf0   ( 347 kB)
[    0.000000] Preemptible hierarchical RCU implementation.
[    0.000000] NR_IRQS:16 nr_irqs:16 16
[    0.000000] sched_clock: 32 bits at 1000kHz, resolution 1000ns, wraps every 2147483648000ns
[    0.000000] Architected cp15 timer(s) running at 12.00MHz (virt).
[    0.000000] sched_clock: 56 bits at 12MHz, resolution 83ns, wraps every 2863311536128ns
[    0.000000] Switching to timer-based delay loop
[    0.000000] Console: colour dummy device 80x30
[    0.000489] Calibrating delay loop (skipped), value calculated using timer frequency.. 24.00 BogoMIPS (lpj=120000)
[    0.000505] pid_max: default: 32768 minimum: 301
[    0.000933] Mount-cache hash table entries: 512
[    0.019337] Initializing cgroup subsys debug
[    0.019356] Initializing cgroup subsys freezer
[    0.019422] CPU: Testing write buffer coherency: ok
[    0.019754] /cpus/cpu@0 missing clock-frequency property
[    0.019777] /cpus/cpu@1 missing clock-frequency property
[    0.019798] /cpus/cpu@2 missing clock-frequency property
[    0.019821] /cpus/cpu@3 missing clock-frequency property
[    0.019855] CPU0: thread -1, cpu 0, socket 0, mpidr 80000000
[    0.019884] Setting up static identity map for 0x805532e8 - 0x80553380
[    0.080759] CPU1: Booted secondary processor
[    0.080788] CPU1: thread -1, cpu 1, socket 0, mpidr 80000001
[    0.100756] CPU2: Booted secondary processor
[    0.100781] CPU2: thread -1, cpu 2, socket 0, mpidr 80000002
[    0.120793] CPU3: Booted secondary processor
[    0.120818] CPU3: thread -1, cpu 3, socket 0, mpidr 80000003
[    0.120931] Brought up 4 CPUs
[    0.120957] SMP: Total of 4 processors activated.
[    0.120965] CPU: All CPU(s) started in SVC mode.
[    0.121968] devtmpfs: initialized
[    0.134661] VFP support v0.3: implementor 41 architecture 4 part 30 variant f rev 0
[    0.135034] pinctrl core: initialized pinctrl subsystem
[    0.135545] regulator-dummy: no parameters
[    0.136336] NET: Registered protocol family 16
[    0.137655] DMA: preallocated 256 KiB pool for atomic coherent allocations
[    0.138420] cpuidle: using governor ladder
[    0.138432] cpuidle: using governor menu
[    0.149901] No ATAGs?
[    0.149929] hw-breakpoint: found 5 (+1 reserved) breakpoint and 4 watchpoint registers.
[    0.149940] hw-breakpoint: maximum watchpoint size is 8 bytes.
[    0.160787] bio: create slab <bio-0> at 0
[    0.162147] vdd_ac_bat: 5000 mV 
[    0.162554] dvdd_ts: Failed to request enable GPIO61: -517
[    0.162712] reg-fixed-voltage 1.regulator: Failed to register regulator: -517
[    0.162738] platform 1.regulator: Driver reg-fixed-voltage requests probe deferral
[    0.162938] lcd_bl_en: Failed to request enable GPIO58: -517
[    0.163081] reg-fixed-voltage 2.regulator: Failed to register regulator: -517
[    0.163105] platform 2.regulator: Driver reg-fixed-voltage requests probe deferral
[    0.163304] usb1_vbus: Failed to request enable GPIO108: -517
[    0.163445] reg-fixed-voltage 3.regulator: Failed to register regulator: -517
[    0.163468] platform 3.regulator: Driver reg-fixed-voltage requests probe deferral
[    0.163668] usb2_vbus: Failed to request enable GPIO86: -517
[    0.163808] reg-fixed-voltage 4.regulator: Failed to register regulator: -517
[    0.163831] platform 4.regulator: Driver reg-fixed-voltage requests probe deferral
[    0.164029] vdd_hdmi_5v0: Failed to request enable GPIO81: -517
[    0.164170] reg-fixed-voltage 5.regulator: Failed to register regulator: -517
[    0.164193] platform 5.regulator: Driver reg-fixed-voltage requests probe deferral
[    0.164275] platform 6.regulator: Driver reg-fixed-voltage requests probe deferral
[    0.165285] vgaarb: loaded
[    0.166334] SCSI subsystem initialized
[    0.166706] usbcore: registered new interface driver usbfs
[    0.166795] usbcore: registered new interface driver hub
[    0.166963] usbcore: registered new device driver usb
[    0.171204] vdd-cpu: 500 <--> 1520 mV at 1100 mV 
[    0.171823] tps65090 1-0048: No cache defaults, reading back from HW
[    0.178192] vdd-sys-5v0: no parameters
[    0.178239] vdd-sys-5v0: supplied by vdd_ac_bat
[    0.179691] vdd-sys-3v3: no parameters
[    0.179740] vdd-sys-3v3: supplied by vdd_ac_bat
[    0.181167] vdd-ao: no parameters
[    0.181205] vdd-ao: supplied by vdd_ac_bat
[    0.181461] vdd-lcd-bl: no parameters
[    0.181499] vdd-lcd-bl: supplied by vdd_ac_bat
[    0.181747] TPS65090_RAILSFET2: no parameters
[    0.181785] TPS65090_RAILSFET2: supplied by vdd_ac_bat
[    0.182046] vdd-modem-3v3: no parameters
[    0.182080] vdd-modem-3v3: supplied by vdd-sys-3v3
[    0.182335] avdd-lcd: no parameters
[    0.182369] avdd-lcd: supplied by vdd-sys-3v3
[    0.182615] vdd-lvds: no parameters
[    0.182649] vdd-lvds: supplied by vdd-sys-3v3
[    0.182899] vdd-sd-slot: no parameters
[    0.182944] vdd-sd-slot: supplied by vdd-sys-3v3
[    0.183203] vdd-com-3v3: no parameters
[    0.183237] vdd-com-3v3: supplied by vdd-sys-3v3
[    0.183474] vdd-sby-5v0: no parameters
[    0.183508] vdd-sby-5v0: supplied by vdd_ac_bat
[    0.183765] vdd-sby-3v3: no parameters
[    0.183800] vdd-sby-3v3: supplied by vdd_ac_bat
[    0.184167] genirq: Setting trigger mode 8 for irq 118 failed (gic_set_type+0x0/0xf0)
[    0.184581] palmas 1-0058: Irq flag is 0x00000000
[    0.198887] palmas 1-0058: Muxing GPIO ff, PWM 0, LED 0
[    0.207876] vddio-ddr: 1350 mV 
[    0.208721] vddio-ddr: supplied by vdd-ao
[    0.215705] vddio-1v8: 1800 mV 
[    0.216547] vddio-1v8: supplied by vdd-ao
[    0.223503] vdd-core: 900 <--> 1400 mV at 1100 mV 
[    0.224345] vdd-core: supplied by vdd-sys-3v3
[    0.228549] SMPS6: no parameters
[    0.236273] avdd-pll: 1050 mV 
[    0.237117] avdd-pll: supplied by vdd-sys-3v3
[    0.245443] sdhci-vdd-sd-slot: 2800 mV 
[    0.246285] sdhci-vdd-sd-slot: supplied by vdd-sys-3v3
[    0.248119] SMPS10_OUT2: at 5000 mV 
[    0.249931] SMPS10_OUT1: at 5000 mV 
[    0.252549] avdd-cam1: 2800 mV 
[    0.253388] avdd-cam1: supplied by vdd-sys-3v3
[    0.257412] avdd-cam2: 2800 mV 
[    0.258250] avdd-cam2: supplied by vdd-sys-3v3
[    0.263039] avdd-dsi-csi: 1200 mV 
[    0.263878] avdd-dsi-csi: supplied by vddio-1v8
[    0.268680] vpp-fuse: 1800 mV 
[    0.269521] vpp-fuse: supplied by vdd-sys-3v3
[    0.272726] LDO5: at 1200 mV 
[    0.273571] LDO5: supplied by vdd_ac_bat
[    0.276205] vdd-sensor-2v85: 2850 mV 
[    0.277044] vdd-sensor-2v85: supplied by vdd-sys-3v3
[    0.281067] vdd-af-cam1: 2800 mV 
[    0.281907] vdd-af-cam1: supplied by vdd-sys-3v3
[    0.290042] vdd-rtc: 900 mV 
[    0.290881] vdd-rtc: supplied by vdd-ao
[    0.294884] vddio-sdmmc-2: 1800 <--> 3300 mV at 3300 mV 
[    0.295725] vddio-sdmmc-2: supplied by sdhci-vdd-sd-slot
[    0.300527] hvdd-usb: 3300 mV 
[    0.301369] hvdd-usb: supplied by vdd-sys-5v0
[    0.306154] avdd-usb: 3300 mV 
[    0.306994] avdd-usb: supplied by vdd-sys-5v0
[    0.310283] rail-3v3: no parameters
[    0.312660] rail-5v0: no parameters
[    0.314255] REGEN3: no parameters
[    0.314461] SYSEN1: no parameters
[    0.314654] SYSEN2: no parameters
[    0.315275] Linux video capture interface: v2.00
[    0.315841] platform 70019010.iommu: Driver tegra-smmu requests probe deferral
[    0.316150] Advanced Linux Sound Architecture Driver Initialized.
[    0.316864] Bluetooth: Core ver 2.17
[    0.316932] NET: Registered protocol family 31
[    0.316941] Bluetooth: HCI device and connection manager initialized
[    0.316965] Bluetooth: HCI socket layer initialized
[    0.316987] Bluetooth: L2CAP socket layer initialized
[    0.317023] Bluetooth: SCO socket layer initialized
[    0.317753] cfg80211: Calling CRDA to update world regulatory domain
[    0.318764] Switched to clocksource arch_sys_counter
[    0.332946] NET: Registered protocol family 2
[    0.333854] TCP established hash table entries: 8192 (order: 3, 32768 bytes)
[    0.333958] TCP bind hash table entries: 8192 (order: 4, 65536 bytes)
[    0.334145] TCP: Hash tables configured (established 8192 bind 8192)
[    0.334563] TCP: reno registered
[    0.334579] UDP hash table entries: 512 (order: 2, 16384 bytes)
[    0.334622] UDP-Lite hash table entries: 512 (order: 2, 16384 bytes)
[    0.335044] NET: Registered protocol family 1
[    0.335761] RPC: Registered named UNIX socket transport module.
[    0.335773] RPC: Registered udp transport module.
[    0.335781] RPC: Registered tcp transport module.
[    0.335789] RPC: Registered tcp NFSv4.1 backchannel transport module.
[    0.335802] PCI: CLS 0 bytes, default 64
[    0.340024] bounce pool size: 64 pages
[    0.341730] squashfs: version 4.0 (2009/01/31) Phillip Lougher
[    0.342510] msgmni has been set to 1469
[    0.344143] io scheduler noop registered (default)
[    0.367566] tegra-apbdma 6000a000.dma: Tegra20 APB DMA driver register 32 channels
[    0.368117] Serial: 8250/16550 driver, 4 ports, IRQ sharing disabled
[    0.370261] 70006300.serial: ttyS0 at MMIO 0x70006300 (irq = 122, base_baud = 25500000) is a Tegra
[    1.405212] console [ttyS0] enabled
[    1.409527] [drm] Initialized drm 1.1.0 20060810
[    1.420428] loop: module loaded
[    1.426463] m25p80 spi32766.0: w25q32dw (4096 Kbytes)
[    1.433306] pegasus: v0.9.3 (2013/04/25), Pegasus/Pegasus II USB Ethernet driver
[    1.440803] usbcore: registered new interface driver pegasus
[    1.446540] usbcore: registered new interface driver asix
[    1.452013] usbcore: registered new interface driver ax88179_178a
[    1.458158] usbcore: registered new interface driver cdc_ether
[    1.464068] usbcore: registered new interface driver r815x
[    1.469649] usbcore: registered new interface driver smsc75xx
[    1.475481] usbcore: registered new interface driver smsc95xx
[    1.481303] usbcore: registered new interface driver net1080
[    1.487030] usbcore: registered new interface driver cdc_subset
[    1.493022] usbcore: registered new interface driver zaurus
[    1.498679] usbcore: registered new interface driver cdc_ncm
[    1.504387] ehci_hcd: USB 2.0 'Enhanced' Host Controller (EHCI) Driver
[    1.510917] ehci-pci: EHCI PCI platform driver
[    1.515421] tegra-ehci: Tegra EHCI driver
[    1.519624] platform 7d008000.usb: Driver tegra-ehci requests probe deferral
[    1.526941] usbcore: registered new interface driver cdc_acm
[    1.532606] cdc_acm: USB Abstract Control Model driver for USB modems and ISDN adapters
[    1.540674] usbcore: registered new interface driver cdc_wdm
[    1.546409] usbcore: registered new interface driver usb-storage
[    1.552637] platform 7d008000.usb-phy: Driver tegra-phy requests probe deferral
[    1.560523] mousedev: PS/2 mouse device common for all mice
[    1.578213] palmas-rtc rtc.7: rtc core: registered rtc.7 as rtc0
[    1.588618] tegra_rtc 7000e000.rtc: rtc core: registered 7000e000.rtc as rtc1
[    1.595789] tegra_rtc 7000e000.rtc: Tegra internal Real Time Clock
[    1.603367] sbs-battery 0-000b: sbs_probe: Failed to get device status
[    1.609918] sbs-battery: probe of 0-000b failed with error -121
[    1.633227] sdhci: Secure Digital Host Controller Interface driver
[    1.639429] sdhci: Copyright(c) Pierre Ossman
[    1.643790] sdhci-pltfm: SDHCI platform and OF driver helper
[    1.649884] sdhci-tegra 78000400.sdhci: Got CD GPIO #170.
[    1.656371] sdhci-tegra 78000400.sdhci: dummy supplies not allowed
[    1.662572] mmc0: no vqmmc regulator found
[    1.666684] sdhci-tegra 78000400.sdhci: dummy supplies not allowed
[    1.672879] mmc0: no vmmc regulator found
[    1.676894] mmc0: Invalid maximum block size, assuming 512 bytes
[    1.728789] mmc0: SDHCI controller on 78000400.sdhci [78000400.sdhci] using ADMA
[    1.738381] sdhci-tegra 78000600.sdhci: dummy supplies not allowed
[    1.744582] mmc1: no vqmmc regulator found
[    1.748693] sdhci-tegra 78000600.sdhci: dummy supplies not allowed
[    1.754889] mmc1: no vmmc regulator found
[    1.758915] mmc1: Invalid maximum block size, assuming 512 bytes
[    1.808786] mmc1: SDHCI controller on 78000600.sdhci [78000600.sdhci] using ADMA
[    1.816934] usbcore: registered new interface driver usbhid
[    1.824609] usbhid: USB HID core driver
[    1.941093] mmc1: BKOPS_EN bit is not set
[    1.971701] mmc1: new HS200 MMC card at address 0001
[    1.977163] isa bounce pool size: 16 pages
[    1.981468] mmcblk0: mmc1:0001 SEM32G 29.1 GiB 
[    1.986385] mmcblk0boot0: mmc1:0001 SEM32G partition 1 4.00 MiB
[    1.992659] mmcblk0boot1: mmc1:0001 SEM32G partition 2 4.00 MiB
[    1.998933] mmcblk0rpmb: mmc1:0001 SEM32G partition 3 4.00 MiB
[    2.007383] Primary GPT is invalid, using alternate GPT.
[    2.012795]  mmcblk0: p1 p2 p3 p4 p5
[    2.020090]  mmcblk0boot1: unknown partition table
[    2.026613]  mmcblk0boot0: unknown partition table
[    2.306049] tegra-snd-rt5640 sound.4: rt5640-aif1 <-> 70080400.i2s mapping ok
[    2.318322] input: NVIDIA Tegra Dalmore Headphones as /devices/soc0/sound.4/sound/card0/input0
[    2.328792] TCP: cubic registered
[    2.332409] NET: Registered protocol family 10
[    2.338404] mip6: Mobile IPv6
[    2.341434] sit: IPv6 over IPv4 tunneling driver
[    2.347801] NET: Registered protocol family 17
[    2.352360] NET: Registered protocol family 15
[    2.356948] Bluetooth: RFCOMM socket layer initialized
[    2.362135] Bluetooth: RFCOMM ver 1.11
[    2.365892] Bluetooth: BNEP (Ethernet Emulation) ver 1.3
[    2.371224] Bluetooth: BNEP socket layer initialized
[    2.376178] Bluetooth: HIDP (Human Interface Emulation) ver 1.2
[    2.382114] Bluetooth: HIDP socket layer initialized
[    2.387683] Registering SWP/SWPB emulation handler
[    2.398337] hvdd-usb: disabling
[    2.404298] vdd-af-cam1: disabling
[    2.410761] vdd-sensor-2v85: disabling
[    2.416627] lm90 0-004c: Register 0x2 read failed (-121)
[    2.417375] LDO5: disabling
[    2.419816] vpp-fuse: disabling
[    2.422584] avdd-cam2: disabling
[    2.424825] avdd-cam1: disabling
[    2.428691] vdd-com-3v3: disabling
[    2.429310] vdd-lvds: disabling
[    2.429919] avdd-lcd: disabling
[    2.430534] vdd-lcd-bl: disabling
[    2.448005] lm90 0-004c: Register 0x2 read failed (-121)
[    2.453399] dvdd_ts: 1800 mV 
[    2.456807] lm90 0-004c: Register 0x2 read failed (-121)
[    2.462533] lcd_bl_en: 5000 mV 
[    2.465787] lm90 0-004c: Register 0x2 read failed (-121)
[    2.471764] lm90 0-004c: Register 0x2 read failed (-121)
[    2.477283] usb1_vbus: 5000 mV 
[    2.480589] lm90 0-004c: Register 0x2 read failed (-121)
[    2.480680] usb1_vbus: supplied by vdd-sys-5v0
[    2.481252] usb2_vbus: 5000 mV 
[    2.481294] usb2_vbus: supplied by vdd-sys-5v0
[    2.481707] vdd_hdmi_5v0: 5000 mV 
[    2.481758] vdd_hdmi_5v0: supplied by vdd-sys-5v0
[    2.484207] vdd_cam_1v8_reg: 1800 mV 
[    2.484821] platform 7d008000.usb: Driver tegra-ehci requests probe deferral
[    2.485635] tegra-ehci 7d008000.usb: EHCI Host Controller
[    2.485674] tegra-ehci 7d008000.usb: new USB bus registered, assigned bus number 1
[    2.530260] lm90 0-004c: Register 0x2 read failed (-121)
[    2.530308] tegra-ehci 7d008000.usb: irq 129, io mem 0x7d008000
[    2.542461] lm90 0-004c: Register 0x2 read failed (-121)
[    2.548549] lm90 0-004c: Register 0x2 read failed (-121)
[    2.548851] tegra-ehci 7d008000.usb: USB 2.0 started, EHCI 1.10
[    2.560493] lm90 0-004c: Register 0x2 read failed (-121)
[    2.561171] hub 1-0:1.0: USB hub found
[    2.561224] hub 1-0:1.0: 1 port detected
[    2.562827] input: gpio-keys.2 as /devices/soc0/gpio-keys.2/input/input1
[    2.580199] palmas-rtc rtc.7: setting system clock to 2000-02-05 09:49:19 UTC (949744159)
[    2.603283] ALSA device list:
[    2.603435] lm90 0-004c: Register 0x2 read failed (-121)
[    2.611647]   #0: NVIDIA Tegra Dalmore
[ ster 0x2 read failed (-121)
[    2.618911] lm90 0-004c: Register 0x2 read failed (-121)
[    2.624841] lm90 0-004c: Register 0x2 read failed (-121)
[    2.628082] kjournald starting.  Commit interval 5 seconds
[    2.629564] EXT3-fs (mmcblk0p1): using internal journal
[    2.629583] EXT3-fs (mmcblk0p1): recovery complete
[    2.629589] EXT3-fs (mmcblk0p1): mounted filesystem with writeback data mode
[    2.629664] VFS: Mounted root (ext3 filesystem) on device 179:1.
[    2.630846] devtmpfs: mounted
[    2.631127] Freeing unused kernel memory: 236K (c074f000 - c078a000)
[    2.668834] lm90 0-004c: Register 0x2 read failed (-121)
[    2.674784] lm90 0-004c: Register 0x2 read failed (-121)
[    2.680816] lm90 0-004c: Register 0x2 read failed (-121)
[    2.686942] lm90 0-004c: Register 0x2 read failed (-121)
[    2.692948] lm90 0-004c: Register 0x2 read failed (-121)
[    2.698887] lm90 0-004c: Register 0x2 read failed (-121)
[    2.704729] lm90 0-004c: Register 0x2 read failed (-121)
[    2.710786] lm90 0-004c: Register 0x2 read failed (-121)
[    2.716693] lm90 0-004c: Register 0x2 read failed (-121)
[    2.722544] lm90 0-004c: Register 0x2 read failed (-121)
[    2.728444] lm90 0-004c: Register 0x2 read failed (-121)
[    2.734352] lm90 0-004c: Register 0x2 read failed (-121)
[    2.740045] lm90 0-004c: Register 0x2 read failed (-121)
[    2.745688] lm90 0-004c: Register 0x2 read failed (-121)
[    2.751606] lm90 0-004c: Register 0x2 read failed (-121)
[    2.757362] lm90 0-004c: Register 0x2 read failed (-121)
[    2.763395] lm90 0-004c: Register 0x2 read failed (-121)
[    2.769341] lm90 0-004c: Register 0x2 read failed (-121)
[    2.775577] lm90 0-004c: Register 0x2 read failed (-121)
[    2.781848] lm90 0-004c: Register 0x2 read failed (-121)
[    2.787988] lm90 0-004c: Register 0x2 read failed (-121)
[    2.793937] lm90 0-004c: Register 0x2 read failed (-121)
[    2.800195] lm90 0-004c: Register 0x2 read failed (-121)
[    2.806437] lm90 0-004c: Register 0x2 read failed (-121)
[    2.812717] lm90 0-004c: Register 0x2 read failed (-121)
[    2.818870] lm90 0-004c: Register 0x2 read failed (-121)
[    2.824971] lm90 0-004c: Register 0x2 read failed (-121)
[    2.830702] lm90 0-004c: Register 0x2 read failed (-121)
[    2.836775] lm90 0-004c: Register 0x2 read failed (-121)
bash: cannot set terminal proces[    2.842871] lm90 0-004c: Register 0x2 read failed (-121)
s group (-1): Inappropriate ioctl for de[    2.851437] lm90 0-004c: Register 0x2 read failed (-121)
vice
bash: no job control in this shell[    2.860626] lm90 0-004c: Register 0x2 read failed (-121)

[    2.869313] lm90 0-004c: Register 0x2 read failed (-121)
[    2.874995] lm90 0-004c: Register 0x2 read failed (-121)
[    2.879085] usb 1-1: new high-speed USB device number 2 using tegra-ehci
[    2.887575] lm90 0-004c: Register 0x2 read failed (-121)
I have no name!@(none):/# [    2.893671] lm90 0-004c: Register 0x2 read failed (-121)
[    2.902028] lm90 0-004c: Register 0x2 read failed (-121)
[    2.907908] lm90 0-004c: Register 0x2 read failed (-121)
[    2.914178] lm90 0-004c: Register 0x2 read failed (-121)
[    2.920445] lm90 0-004c: Register 0x2 read failed (-121)
[    2.926678] lm90 0-004c: Register 0x2 read failed (-121)
[    2.932850] lm90 0-004c: Register 0x2 read failed (-121)
[    2.938805] lm90 0-004c: Re