
U-Boot SPL 2014.07-00097-g772e173 (Jul 25 2014 - 20:02:52)


U-Boot 2014.07-00097-g772e173 (Jul 25 2014 - 20:02:52)

TEGRA124
Board: NVIDIA Jetson TK1
I2C:   ready
DRAM:  2 GiB
MMC:   Tegra SD/MMC: 0, Tegra SD/MMC: 1
In:    serial
Out:   serial
Err:   serial
Net:   Net Initialization Skipped
No ethernet found.
Hit any key to stop autoboot:  2  0 
Tegra124 (Jetson TK1) # 
Tegra124 (Jetson TK1) # usb reset
(Re)start USB...
USB0:   USB EHCI 1.10
scanning bus 0 for devices... 1 USB Device(s) found
USB1:   USB EHCI 1.10
scanning bus 1 for devices... 2 USB Device(s) found
       scanning usb for storage devices... 0 Storage Device(s) found
       scanning usb for ethernet devices... 
Warning: asx0 using MAC address from net device
1 Ethernet Device(s) found
Tegra124 (Jetson TK1) # setenv bootargs 'ignore_loglevel console=ttyS0,115200n8 rw root=/dev/mmcblk0p1 rootwait gpt debug init=/bin/bash noinitrd'
Tegra124 (Jetson TK1) # setenv ipaddr 192.168.100.102; setenv serverip 192.168.100.1; setenv tftpserverip 192.168.100.1
Tegra124 (Jetson TK1) # tftpboot 0x81000000 zImage.multi_v7_defconfig
Using asx0 device
TFTP from server 192.168.100.1; our IP address is 192.168.100.102
Filename 'zImage.multi_v7_defconfig'.
Load address: 0x81000000
Loading: *#################################################################
	 #################################################################
	 #################################################################
	 #################################################################
	 #################################################################
	 #################################################################
	 #######
	 3.3 MiB/s
done
Bytes transferred = 5819912 (58ce08 hex)
Tegra124 (Jetson TK1) # tftpboot 0x82000000 tegra124-jetson-tk1.dtb
Using asx0 device
TFTP from server 192.168.100.1; our IP address is 192.168.100.102
Filename 'tegra124-jetson-tk1.dtb'.
Load address: 0x82000000
Loading: *####
	 3.1 MiB/s
done
Bytes transferred = 49059 (bfa3 hex)
Tegra124 (Jetson TK1) # bootz 0x81000000 - 0x82000000
Kernel image @ 0x81000000 [ 0x000000 - 0x58ce08 ]
## Flattened Device Tree blob at 82000000
   Booting using the fdt blob at 0x82000000
   Using Device Tree in place at 82000000, end 8200efa2

Starting kernel ...

[    0.000000] Booting Linux on physical CPU 0x0
[    0.000000] Linux version 3.19.0-rc6-next-20150128-113769-g30720bb (pwalmsley@tamien) (gcc version 4.7.3 20130328 (prerelease) (crosstool-NG linaro-1.13.1-4.7-2013.04-20130415 - Linaro GCC 2013.04) ) #1 SMP Tue Jan 27 22:48:58 PST 2015
[    0.000000] CPU: ARMv7 Processor [413fc0f3] revision 3 (ARMv7), cr=10c5387d
[    0.000000] CPU: PIPT / VIPT nonaliasing data cache, PIPT instruction cache
[    0.000000] Machine model: NVIDIA Tegra124 Jetson TK1
[    0.000000] debug: ignoring loglevel setting.
[    0.000000] cma: Reserved 64 MiB at 0xfb800000
[    0.000000] Memory policy: Data cache writealloc
[    0.000000] On node 0 totalpages: 524032
[    0.000000] free_area_init_node: node 0, pgdat c0e2aa80, node_mem_map ee7f8000
[    0.000000]   DMA zone: 1520 pages used for memmap
[    0.000000]   DMA zone: 0 pages reserved
[    0.000000]   DMA zone: 194560 pages, LIFO batch:31
[    0.000000]   HighMem zone: 329472 pages, LIFO batch:31
[    0.000000] PERCPU: Embedded 11 pages/cpu @ee79a000 s13056 r8192 d23808 u45056
[    0.000000] pcpu-alloc: s13056 r8192 d23808 u45056 alloc=11*4096
[    0.000000] pcpu-alloc: [0] 0 [0] 1 [0] 2 [0] 3 
[    0.000000] Built 1 zonelists in Zone order, mobility grouping on.  Total pages: 522512
[    0.000000] Kernel command line: ignore_loglevel console=ttyS0,115200n8 rw root=/dev/mmcblk0p1 rootwait gpt debug init=/bin/bash noinitrd
[    0.000000] PID hash table entries: 4096 (order: 2, 16384 bytes)
[    0.000000] Dentry cache hash table entries: 131072 (order: 7, 524288 bytes)
[    0.000000] Inode-cache hash table entries: 65536 (order: 6, 262144 bytes)
[    0.000000] Memory: 2000212K/2096128K available (7573K kernel code, 946K rwdata, 3136K rodata, 776K init, 307K bss, 30380K reserved, 65536K cma-reserved, 1252352K highmem)
[    0.000000] Virtual kernel memory layout:
[    0.000000]     vector  : 0xffff0000 - 0xffff1000   (   4 kB)
[    0.000000]     fixmap  : 0xffc00000 - 0xfff00000   (3072 kB)
[    0.000000]     vmalloc : 0xf0000000 - 0xff000000   ( 240 MB)
[    0.000000]     lowmem  : 0xc0000000 - 0xef800000   ( 760 MB)
[    0.000000]     pkmap   : 0xbfe00000 - 0xc0000000   (   2 MB)
[    0.000000]     modules : 0xbf000000 - 0xbfe00000   (  14 MB)
[    0.000000]       .text : 0xc0208000 - 0xc0c7d6ac   (10710 kB)
[    0.000000]       .init : 0xc0c7e000 - 0xc0d40000   ( 776 kB)
[    0.000000]       .data : 0xc0d40000 - 0xc0e2c9e0   ( 947 kB)
[    0.000000]        .bss : 0xc0e2c9e0 - 0xc0e79928   ( 308 kB)
[    0.000000] SLUB: HWalign=64, Order=0-3, MinObjects=0, CPUs=4, Nodes=1
[    0.000000] Hierarchical RCU implementation.
[    0.000000] 	Additional per-CPU info printed with stalls.
[    0.000000] 	RCU restricting CPUs from NR_CPUS=8 to nr_cpu_ids=4.
[    0.000000] RCU: Adjusting geometry for rcu_fanout_leaf=16, nr_cpu_ids=4
[    0.000000] NR_IRQS:16 nr_irqs:16 16
[    0.000000] L2C: failed to init: -19
[    0.000009] sched_clock: 32 bits at 1000kHz, resolution 1000ns, wraps every 2147483648000ns
[    0.000027] Switching to timer-based delay loop, resolution 1000ns
[    0.003824] Architected cp15 timer(s) running at 12.00MHz (virt).
[    0.003846] sched_clock: 56 bits at 12MHz, resolution 83ns, wraps every 2863311536128ns
[    0.003859] Switching to timer-based delay loop, resolution 83ns
[    0.004238] Console: colour dummy device 80x30
[    0.004261] Calibrating delay loop (skipped), value calculated using timer frequency.. 24.00 BogoMIPS (lpj=60000)
[    0.004274] pid_max: default: 32768 minimum: 301
[    0.004384] Mount-cache hash table entries: 2048 (order: 1, 8192 bytes)
[    0.004396] Mountpoint-cache hash table entries: 2048 (order: 1, 8192 bytes)
[    0.004980] CPU: Testing write buffer coherency: ok
[    0.005182] /cpus/cpu@0 missing clock-frequency property
[    0.005215] /cpus/cpu@1 missing clock-frequency property
[    0.005248] /cpus/cpu@2 missing clock-frequency property
[    0.005282] /cpus/cpu@3 missing clock-frequency property
[    0.005293] CPU0: thread -1, cpu 0, socket 0, mpidr 80000000
[    0.005340] Setting up static identity map for 0x80928da8 - 0x80928e40
[    0.007606] Tegra Revision: A01 SKU: 129 CPU Process: 1 Core Process: 1
[    0.008760] CPU1: thread -1, cpu 1, socket 0, mpidr 80000001
[    0.009266] CPU2: thread -1, cpu 2, socket 0, mpidr 80000002
[    0.009764] CPU3: thread -1, cpu 3, socket 0, mpidr 80000003
[    0.009827] Brought up 4 CPUs
[    0.009847] SMP: Total of 4 processors activated (96.00 BogoMIPS).
[    0.009854] CPU: All CPU(s) started in SVC mode.
[    0.010369] devtmpfs: initialized
[    0.011248] VFP support v0.3: implementor 41 architecture 4 part 30 variant f rev 0
[    0.013075] pinctrl core: initialized pinctrl subsystem
[    0.030019] NET: Registered protocol family 16
[    0.032101] DMA: preallocated 256 KiB pool for atomic coherent allocations
[    0.048652] cpuidle: using governor ladder
[    0.063643] cpuidle: using governor menu
[    0.078788] No ATAGs?
[    0.078821] hw-breakpoint: found 5 (+1 reserved) breakpoint and 4 watchpoint registers.
[    0.078831] hw-breakpoint: maximum watchpoint size is 8 bytes.
[    0.082348] Serial: AMBA PL011 UART driver
[    0.107596] +5V_SYS: supplied by +VDD_MUX
[    0.107880] +3.3V_SYS: supplied by +VDD_MUX
[    0.108027] platform regulators:regulator@3: Driver reg-fixed-voltage requests probe deferral
[    0.108235] reg-fixed-voltage regulators:regulator@4: Failed to find supply vin
[    0.108345] reg-fixed-voltage regulators:regulator@4: Failed to register regulator: -517
[    0.108365] platform regulators:regulator@4: Driver reg-fixed-voltage requests probe deferral
[    0.108540] +USB0_VBUS_SW: Failed to request enable GPIO108: -517
[    0.108631] reg-fixed-voltage regulators:regulator@7: Failed to register regulator: -517
[    0.108652] platform regulators:regulator@7: Driver reg-fixed-voltage requests probe deferral
[    0.108843] +5V_USB_HS: Failed to request enable GPIO109: -517
[    0.108932] reg-fixed-voltage regulators:regulator@8: Failed to register regulator: -517
[    0.108953] platform regulators:regulator@8: Driver reg-fixed-voltage requests probe deferral
[    0.109033] platform regulators:regulator@10: Driver reg-fixed-voltage requests probe deferral
[    0.109202] +1.05V_RUN_AVDD_HDMI_PLL: Failed to request enable GPIO63: -517
[    0.109292] reg-fixed-voltage regulators:regulator@11: Failed to register regulator: -517
[    0.109312] platform regulators:regulator@11: Driver reg-fixed-voltage requests probe deferral
[    0.109481] +5V_HDMI_CON: Failed to request enable GPIO86: -517
[    0.109569] reg-fixed-voltage regulators:regulator@12: Failed to register regulator: -517
[    0.109589] platform regulators:regulator@12: Driver reg-fixed-voltage requests probe deferral
[    0.109757] +5V_SATA: Failed to request enable GPIO242: -517
[    0.109845] reg-fixed-voltage regulators:regulator@13: Failed to register regulator: -517
[    0.109865] platform regulators:regulator@13: Driver reg-fixed-voltage requests probe deferral
[    0.110032] +12V_SATA: Failed to request enable GPIO242: -517
[    0.110120] reg-fixed-voltage regulators:regulator@14: Failed to register regulator: -517
[    0.110139] platform regulators:regulator@14: Driver reg-fixed-voltage requests probe deferral
[    0.112739] vgaarb: loaded
[    0.113400] SCSI subsystem initialized
[    0.113575] libata version 3.00 loaded.
[    0.113923] usbcore: registered new interface driver usbfs
[    0.113993] usbcore: registered new interface driver hub
[    0.114067] usbcore: registered new device driver usb
[    0.117051] Linux video capture interface: v2.00
[    0.117099] pps_core: LinuxPPS API ver. 1 registered
[    0.117107] pps_core: Software ver. 5.3.6 - Copyright 2005-2007 Rodolfo Giometti <giometti@linux.it>
[    0.117135] PTP clock support registered
[    0.117371] EDAC MC: Ver: 3.0.0
[    0.117921] Advanced Linux Sound Architecture Driver Initialized.
[    0.119016] Switched to clocksource arch_sys_counter
[    0.129451] NET: Registered protocol family 2
[    0.130017] TCP established hash table entries: 8192 (order: 3, 32768 bytes)
[    0.130107] TCP bind hash table entries: 8192 (order: 4, 65536 bytes)
[    0.130293] TCP: Hash tables configured (established 8192 bind 8192)
[    0.130340] TCP: reno registered
[    0.130353] UDP hash table entries: 512 (order: 2, 16384 bytes)
[    0.130394] UDP-Lite hash table entries: 512 (order: 2, 16384 bytes)
[    0.130572] NET: Registered protocol family 1
[    0.130852] RPC: Registered named UNIX socket transport module.
[    0.130861] RPC: Registered udp transport module.
[    0.130869] RPC: Registered tcp transport module.
[    0.130876] RPC: Registered tcp NFSv4.1 backchannel transport module.
[    0.130895] PCI: CLS 0 bytes, default 64
[    0.133163] futex hash table entries: 1024 (order: 4, 65536 bytes)
[    0.145042] squashfs: version 4.0 (2009/01/31) Phillip Lougher
[    0.145805] NFS: Registering the id_resolver key type
[    0.145833] Key type id_resolver registered
[    0.145841] Key type id_legacy registered
[    0.145915] ntfs: driver 2.1.31 [Flags: R/O].
[    0.147061] bounce: pool size: 64 pages
[    0.147282] Block layer SCSI generic (bsg) driver version 0.4 loaded (major 249)
[    0.147300] io scheduler noop registered
[    0.147317] io scheduler deadline registered
[    0.147524] io scheduler cfq registered (default)
[    0.162384] tegra-pcie 1003000.pcie-controller: 2x1, 1x1 configuration
[    0.162434] tegra-pcie 1003000.pcie-controller: Failed to get supply 'avddio-pex': -517
[    0.162468] platform 1003000.pcie-controller: Driver tegra-pcie requests probe deferral
[    0.167862] tegra-apbdma 60020000.dma: Tegra20 APB DMA driver register 32 channels
[    0.168563] tegra-pmc 7000e400.pmc: emergency thermal reset enabled
[    0.226458] Serial: 8250/16550 driver, 4 ports, IRQ sharing disabled
[    0.228990] msm_serial: driver initialized
[    0.229820] console [ttyS0] disabled
[    0.229854] 70006300.serial: ttyS0 at MMIO 0x70006300 (irq = 330, base_baud = 25500000) is a Tegra
[    1.118330] console [ttyS0] enabled
[    1.122623] STMicroelectronics ASC driver initialized
[    1.129802] [drm] Initialized drm 1.1.0 20060810
[    1.135988] tegra-hdmi 54280000.hdmi: failed to get HDMI regulator
[    1.142194] platform 54280000.hdmi: Driver tegra-hdmi requests probe deferral
[    1.156030] loop: module loaded
[    1.159495] at24 0-0056: 256 byte 24c02 EEPROM, writable, 8 bytes/write
[    1.167415] as3722 4-0040: AS3722 with revision 0x1 found
[    1.178461] +1.35V_LP0(sd2): supplied by +5V_SYS
[    1.183633] +1.35V_LP0(sd3): supplied by +5V_SYS
[    1.188798] +1.05V_RUN: supplied by +5V_SYS
[    1.193411] +1.8V_VDDIO: supplied by +5V_SYS
[    1.199487] +1.05V_RUN_AVDD: supplied by +1.35V_LP0(sd2)
[    1.205815] as3722-regulator as3722-regulator: Failed to find supply vin-ldo1-6
[    1.213238] as3722-regulator as3722-regulator: regulator 8 register failed -517
[    1.221752] platform as3722-regulator: Driver as3722-regulator requests probe deferral
[    1.231813] tegra-ahci 70027000.sata: Failed to get supply 'avdd': -517
[    1.238441] tegra-ahci 70027000.sata: Failed to get regulators
[    1.244314] platform 70027000.sata: Driver tegra-ahci requests probe deferral
[    1.255022] m25p80 spi32765.0: w25q32dw (4096 Kbytes)
[    1.262781] CAN device driver interface
[    1.267785] igb: Intel(R) Gigabit Ethernet Network Driver - version 5.2.15-k
[    1.274834] igb: Copyright (c) 2007-2014 Intel Corporation.
[    1.282175] pegasus: v0.9.3 (2013/04/25), Pegasus/Pegasus II USB Ethernet driver
[    1.289623] usbcore: registered new interface driver pegasus
[    1.295361] usbcore: registered new interface driver asix
[    1.300815] usbcore: registered new interface driver ax88179_178a
[    1.306961] usbcore: registered new interface driver cdc_ether
[    1.312866] usbcore: registered new interface driver smsc75xx
[    1.318687] usbcore: registered new interface driver smsc95xx
[    1.324487] usbcore: registered new interface driver net1080
[    1.330200] usbcore: registered new interface driver cdc_subset
[    1.336182] usbcore: registered new interface driver zaurus
[    1.341846] usbcore: registered new interface driver cdc_ncm
[    1.348613] ehci_hcd: USB 2.0 'Enhanced' Host Controller (EHCI) Driver
[    1.355147] ehci-pci: EHCI PCI platform driver
[    1.359652] ehci-platform: EHCI generic platform driver
[    1.365087] ehci-omap: OMAP-EHCI Host Controller driver
[    1.370453] ehci-orion: EHCI orion driver
[    1.374605] SPEAr-ehci: EHCI SPEAr driver
[    1.378747] ehci-st: EHCI STMicroelectronics driver
[    1.383768] ehci-exynos: EHCI EXYNOS driver
[    1.388114] tegra-ehci: Tegra EHCI driver
[    1.392400] platform 7d004000.usb: Driver tegra-ehci requests probe deferral
[    1.399592] platform 7d008000.usb: Driver tegra-ehci requests probe deferral
[    1.406720] ohci_hcd: USB 1.1 'Open' Host Controller (OHCI) Driver
[    1.412918] ohci-pci: OHCI PCI platform driver
[    1.417420] ohci-platform: OHCI generic platform driver
[    1.422810] ohci-omap3: OHCI OMAP3 driver
[    1.426961] SPEAr-ohci: OHCI SPEAr driver
[    1.431117] ohci-st: OHCI STMicroelectronics driver
[    1.436545] usbcore: registered new interface driver usb-storage
[    1.442785] tegra-phy 7d004000.usb-phy: no vbus regulator
[    1.448474] platform 7d008000.usb-phy: Driver tegra-phy requests probe deferral
[    1.457502] mousedev: PS/2 mouse device common for all mice
[    1.466670] as3722-rtc as3722-rtc: rtc core: registered as3722-rtc as rtc0
[    1.473563] as3722-rtc as3722-rtc: RTC interrupt 364
[    1.481760] tegra_rtc 7000e000.rtc: rtc core: registered 7000e000.rtc as rtc1
[    1.488946] tegra_rtc 7000e000.rtc: Tegra internal Real Time Clock
[    1.495701] i2c /dev entries driver
[    1.501453] usbcore: registered new interface driver uvcvideo
[    1.507203] USB Video Class driver (1.1.1)
[    1.511313] gspca_main: v2.14.0 registered
[    1.516551] 0-004c supply vcc not found, using dummy regulator
[    1.526991] Driver 'mmcblk' needs updating - please use bus_type methods
[    1.533774] sdhci: Secure Digital Host Controller Interface driver
[    1.539954] sdhci: Copyright(c) Pierre Ossman
[    1.545317] Synopsys Designware Multimedia Card Interface Driver
[    1.552243] sdhci-pltfm: SDHCI platform and OF driver helper
[    1.558565] sdhci-tegra 700b0400.sdhci: Got CD GPIO
[    1.563462] sdhci-tegra 700b0400.sdhci: Got WP GPIO
[    1.568380] mmc0: Unknown controller version (3). You may experience problems.
[    1.575687] sdhci-tegra 700b0400.sdhci: No vmmc regulator found
[    1.581646] platform 700b0400.sdhci: Driver sdhci-tegra requests probe deferral
[    1.589095] mmc0: Unknown controller version (3). You may experience problems.
[    1.596361] sdhci-tegra 700b0600.sdhci: No vmmc regulator found
[    1.602286] sdhci-tegra 700b0600.sdhci: No vqmmc regulator found
[    1.608295] mmc0: Invalid maximum block size, assuming 512 bytes
[    1.649040] mmc0: SDHCI controller on 700b0600.sdhci [700b0600.sdhci] using ADMA 64-bit
[    1.658132] ledtrig-cpu: registered to indicate activity on CPUs
[    1.664384] usbcore: registered new interface driver usbhid
[    1.669971] usbhid: USB HID core driver
[    1.677824] usbcore: registered new interface driver snd-usb-audio
[    1.713030] mmc0: BKOPS_EN bit is not set
[    1.720298] mmc0: new high speed MMC card at address 0001
[    1.726046] mmcblk0: mmc0:0001 SEM16G 14.6 GiB 
[    1.730696] mmcblk0boot0: mmc0:0001 SEM16G partition 1 4.00 MiB
[    1.736732] mmcblk0boot1: mmc0:0001 SEM16G partition 2 4.00 MiB
[    1.742762] mmcblk0rpmb: mmc0:0001 SEM16G partition 3 4.00 MiB
[    1.750600] Primary GPT is invalid, using alternate GPT.
[    1.755948]  mmcblk0: p1 p2 p3 p4 p5 p6 p7 p8 p9
[    2.101884] tegra30-i2s 70301100.i2s: DMA channels sourced from device 70300000.ahub
[    2.118342] tegra-snd-rt5640 sound: rt5640-aif1 <-> 70301100.i2s mapping ok
[    2.128271] input: NVIDIA Tegra Jetson TK1 Headphones as /devices/soc0/sound/sound/card0/input0
[    2.138393] TCP: cubic registered
[    2.141733] NET: Registered protocol family 17
[    2.146206] can: controller area network core (rev 20120528 abi 9)
[    2.152460] NET: Registered protocol family 29
[    2.156920] can: raw protocol (rev 20120528)
[    2.161204] can: broadcast manager protocol (rev 20120528 t)
[    2.166880] can: netlink gateway (rev 20130117) max_hops=1
[    2.172756] Key type dns_resolver registered
[    2.177655] ThumbEE CPU extension supported.
[    2.181947] Registering SWP/SWPB emulation handler
[    2.189118] +3.3V_RUN: supplied by +3.3V_SYS
[    2.193797] +3.3V_AVDD_HDMI_AP_GATED: supplied by +3.3V_RUN
[    2.199974] +USB0_VBUS_SW: supplied by +5V_SYS
[    2.205016] +5V_USB_HS: supplied by +5V_SYS
[    2.210552] +3.3V_LP0: supplied by +3.3V_SYS
[    2.215472] reg-fixed-voltage regulators:regulator@11: Failed to find supply vin
[    2.223058] reg-fixed-voltage regulators:regulator@11: Failed to register regulator: -517
[    2.231300] platform regulators:regulator@11: Driver reg-fixed-voltage requests probe deferral
[    2.241160] +5V_HDMI_CON: supplied by +5V_SYS
[    2.246155] +5V_SATA: supplied by +5V_SYS
[    2.250815] +12V_SATA: supplied by +VDD_MUX
[    2.255713] tegra-pcie 1003000.pcie-controller: 2x1, 1x1 configuration
[    2.262337] tegra-pcie 1003000.pcie-controller: Failed to get supply 'avddio-pex': -517
[    2.270425] platform 1003000.pcie-controller: Driver tegra-pcie requests probe deferral
[    2.279759] tegra-hdmi 54280000.hdmi: failed to get PLL regulator
[    2.285984] platform 54280000.hdmi: Driver tegra-hdmi requests probe deferral
[    2.297476] +1.35V_LP0(sd2): supplied by +5V_SYS
[    2.302451] +1.35V_LP0(sd3): supplied by +5V_SYS
[    2.307412] +1.05V_RUN: supplied by +5V_SYS
[    2.311945] +1.8V_VDDIO: supplied by +5V_SYS
[    2.318189] +1.05V_RUN_AVDD: supplied by +1.35V_LP0(sd2)
[    2.324600] +1.8V_RUN_CAM: supplied by +3.3V_RUN
[    2.330882] +1.2V_GEN_AVDD: supplied by +1.8V_VDDIO
[    2.337640] +1.05V_LP0_VDD_RTC: supplied by +3.3V_SYS
[    2.344160] +2.8V_RUN_CAM: supplied by +3.3V_SYS
[    2.349983] +1.2V_RUN_CAM_FRONT: supplied by +1.8V_VDDIO
[    2.356320] +VDDIO_SDMMC3: supplied by +3.3V_RUN
[    2.362355] +1.05V_RUN_CAM_REAR: supplied by +1.8V_VDDIO
[    2.369579] +3.3V_RUN_TOUCH: supplied by +5V_SYS
[    2.375356] +2.8V_RUN_CAM_AF: supplied by +5V_SYS
[    2.381194] +1.8V_RUN_VPP_FUSE: supplied by +3.3V_RUN
[    2.388530] tegra-ahci 70027000.sata: AHCI 0001.0301 32 slots 2 ports 3 Gbps 0x1 impl platform mode
[    2.397598] tegra-ahci 70027000.sata: flags: 64bit ncq sntf pm led pio slum part sadm sds apst 
[    2.408430] scsi host0: ahci_platform
[    2.413331] scsi host1: ahci_platform
[    2.417413] ata1: SATA max UDMA/133 mmio [mem 0x70027000-0x70028fff] port 0x100 irq 340
[    2.425430] ata2: DUMMY
[    2.431492] tegra-ehci 7d004000.usb: EHCI Host Controller
[    2.436950] tegra-ehci 7d004000.usb: new USB bus registered, assigned bus number 1
[    2.444725] tegra-ehci 7d004000.usb: irq 345, io mem 0x7d004000
[    2.459049] tegra-ehci 7d004000.usb: USB 2.0 started, EHCI 1.10
[    2.465856] hub 1-0:1.0: USB hub found
[    2.469666] hub 1-0:1.0: 1 port detected
[    2.475183] platform 7d008000.usb: Driver tegra-ehci requests probe deferral
[    2.484376] sdhci-tegra 700b0400.sdhci: Got CD GPIO
[    2.489305] sdhci-tegra 700b0400.sdhci: Got WP GPIO
[    2.494258] mmc1: Unknown controller version (3). You may experience problems.
[    2.501664] sdhci-tegra 700b0400.sdhci: No vmmc regulator found
[    2.507655] mmc1: Invalid maximum block size, assuming 512 bytes
[    2.549554] mmc1: SDHCI controller on 700b0400.sdhci [700b0400.sdhci] using ADMA 64-bit
[    2.558078] +1.05V_RUN_AVDD_HDMI_PLL: supplied by +1.05V_RUN
[    2.564336] tegra-pcie 1003000.pcie-controller: 2x1, 1x1 configuration
[    2.572239] tegra-pcie 1003000.pcie-controller: probing port 0, using 2 lanes
[    2.581428] tegra-pcie 1003000.pcie-controller: Slot present pin change, signature: 00000008
[    2.749328] ata1: SATA link down (SStatus 0 SControl 300)
[    3.008234] tegra-pcie 1003000.pcie-controller: link 0 down, retrying
[    3.436676] tegra-pcie 1003000.pcie-controller: link 0 down, retrying
[    3.864862] tegra-pcie 1003000.pcie-controller: link 0 down, retrying
[    3.873439] tegra-pcie 1003000.pcie-controller: link 0 down, ignoring
[    3.879927] tegra-pcie 1003000.pcie-controller: probing port 1, using 1 lanes
[    3.889184] tegra-pcie 1003000.pcie-controller: Slot present pin change, signature: 00000000
[    4.316856] tegra-pcie 1003000.pcie-controller: link 1 down, retrying
[    4.745104] tegra-pcie 1003000.pcie-controller: link 1 down, retrying
[    5.173361] tegra-pcie 1003000.pcie-controller: link 1 down, retrying
[    5.181945] tegra-pcie 1003000.pcie-controller: link 1 down, ignoring
[    5.188643] tegra-pcie 1003000.pcie-controller: PCI host bridge to bus 0000:00
[    5.195876] pci_bus 0000:00: root bus resource [mem 0x13000000-0x1fffffff]
[    5.202756] pci_bus 0000:00: root bus resource [mem 0x20000000-0x3fffffff pref]
[    5.210067] pci_bus 0000:00: root bus resource [bus 00-ff]
[    5.215556] pci_bus 0000:00: root bus resource [io  0x1000-0xffff]
[    5.221765] PCI: bus0: Fast back to back transfers enabled
[    5.229978] [drm] Supports vblank timestamp caching Rev 2 (21.10.2013).
[    5.236623] [drm] No driver support for vblank timestamp query.
[    5.242593] drm drm: No connectors reported connected with modes
[    5.248632] [drm] Cannot find any crtc or sizes - going 1024x768
[    5.269295] Console: switching to colour frame buffer device 128x48
[    5.282935] drm drm: fb0:  frame buffer device
[    5.287407] drm drm: registered panic notifier
[    5.304171] [drm] Initialized tegra 0.0.0 20120330 on minor 0
[    5.310997] tegra-ehci 7d008000.usb: EHCI Host Controller
[    5.316465] tegra-ehci 7d008000.usb: new USB bus registered, assigned bus number 2
[    5.324351] tegra-ehci 7d008000.usb: irq 346, io mem 0x7d008000
[    5.339170] tegra-ehci 7d008000.usb: USB 2.0 started, EHCI 1.10
[    5.346129] hub 2-0:1.0: USB hub found
[    5.349961] hub 2-0:1.0: 1 port detected
[    5.355710] input: gpio-keys as /devices/soc0/gpio-keys/input/input1
[    5.363545] as3722-rtc as3722-rtc: setting system clock to 2000-02-01 00:00:18 UTC (949363218)
[    5.382974] +1.8V_RUN_VPP_FUSE: disabling
[    5.387395] +2.8V_RUN_CAM_AF: disabling
[    5.391384] +3.3V_RUN_TOUCH: disabling
[    5.395473] +1.05V_RUN_CAM_REAR: disabling
[    5.399937] +1.2V_RUN_CAM_FRONT: disabling
[    5.404187] +2.8V_RUN_CAM: disabling
[    5.407878] +1.8V_RUN_CAM: disabling
[    5.411588] +USB0_VBUS_SW: disabling
[    5.415511] ALSA device list:
[    5.418475]   #0: NVIDIA Tegra Jetson TK1
[    5.423730] EXT4-fs (mmcblk0p1): couldn't mount as ext3 due to feature incompatibilities
[    5.432545] EXT4-fs (mmcblk0p1): couldn't mount as ext2 due to feature incompatibilities
[    5.446729] EXT4-fs (mmcblk0p1): recovery complete
[    5.451578] EXT4-fs (mmcblk0p1): mounted filesystem with ordered data mode. Opts: (null)
[    5.459757] VFS: Mounted root (ext4 filesystem) on device 179:1.
[    5.470352] devtmpfs: mounted
[    5.473920] Freeing unused kernel memory: 776K (c0c7e000 - c0d40000)
bash: cannot set terminal process group (-1): Inappropriate ioctl for device
bash: no job control in this shell
root@(none):/# [    5.669215] usb 2-1: new high-speed USB device number 2 using tegra-ehci
