
U-Boot SPL 2014.01-00219-gc4d376f (Feb 18 2014 - 19:57:32)


U-Boot 2014.01-00219-gc4d376f (Feb 18 2014 - 19:57:32)

TEGRA114
Board: NVIDIA Dalmore
I2C:   ready
DRAM:  2 GiB
MMC:   Tegra SD/MMC: 0, Tegra SD/MMC: 1
In:    serial
Out:   serial
Err:   serial
Net:   Net Initialization Skipped
No ethernet found.
Hit any key to stop autoboot:  2  0 
Tegra114 (Dalmore) # 
Tegra114 (Dalmore) # usb reset
(Re)start USB...
USB0:   USB EHCI 1.10
scanning bus 0 for devices... 2 USB Device(s) found
       scanning usb for storage devices... 0 Storage Device(s) found
       scanning usb for ethernet devices... 
Warning: asx0 using MAC address from net device
1 Ethernet Device(s) found
Tegra114 (Dalmore) # setenv bootargs 'ignore_loglevel console=ttyS0,115200n8 rw root=PARTUUID=7369c667-ff51-ec4a-29cd-baabf2fbe346 rootwait gpt debug earlyprintk init=/bin/bash'
Tegra114 (Dalmore) # setenv ipaddr 192.168.100.100; setenv serverip 192.168.100.1; setenv tftpserverip 192.168.100.1
Tegra114 (Dalmore) # tftpboot 0x81000000 zImage.multi_v7_defconfig
Using asx0 device
TFTP from server 192.168.100.1; our IP address is 192.168.100.100
Filename 'zImage.multi_v7_defconfig'.
Load address: 0x81000000
Loading: *#################################################################
	 #################################################################
	 #################################################################
	 #################################################################
	 #################################################################
	 #################################################################
	 #################################################################
	 #####################################################
	 3.1 MiB/s
done
Bytes transferred = 7446616 (71a058 hex)
Tegra114 (Dalmore) # tftpboot 0x82000000 tegra114-dalmore.dtb
Using asx0 device
TFTP from server 192.168.100.1; our IP address is 192.168.100.100
Filename 'tegra114-dalmore.dtb'.
Load address: 0x82000000
Loading: *###
	 3 MiB/s
done
Bytes transferred = 35044 (88e4 hex)
Tegra114 (Dalmore) # bootz 0x81000000 - 0x82000000
Kernel image @ 0x81000000 [ 0x000000 - 0x71a058 ]
## Flattened Device Tree blob at 82000000
   Booting using the fdt blob at 0x82000000
   Loading Device Tree to 8fff4000, end 8ffff8e3 ... OK

Starting kernel ...

[    0.000000] Booting Linux on physical CPU 0x0
[    0.000000] Linux version 4.10.0-rc3-next-20170112-145329-geec0d3d (pwalmsley@sellafield) (gcc version 4.7.3 20130328 (prerelease) (crosstool-NG linaro-1.13.1-4.7-2013.04-20130415 - Linaro GCC 2013.04) ) #1 SMP Wed Jan 11 20:20:17 PST 2017
[    0.000000] CPU: ARMv7 Processor [412fc0f2] revision 2 (ARMv7), cr=10c5387d
[    0.000000] CPU: div instructions available: patching division code
[    0.000000] CPU: PIPT / VIPT nonaliasing data cache, PIPT instruction cache
[    0.000000] OF: fdt:Machine model: NVIDIA Tegra114 Dalmore evaluation board
[    0.000000] debug: ignoring loglevel setting.
[    0.000000] efi: Getting EFI parameters from FDT:
[    0.000000] efi: UEFI not found.
[    0.000000] cma: Reserved 64 MiB at 0xfb800000
[    0.000000] Memory policy: Data cache writealloc
[    0.000000] On node 0 totalpages: 524032
[    0.000000] free_area_init_node: node 0, pgdat c1432080, node_mem_map eeff8000
[    0.000000]   DMA zone: 1536 pages used for memmap
[    0.000000]   DMA zone: 0 pages reserved
[    0.000000]   DMA zone: 196608 pages, LIFO batch:31
[    0.000000]   HighMem zone: 327424 pages, LIFO batch:31
[    0.000000] percpu: Embedded 16 pages/cpu @eef9c000 s34304 r8192 d23040 u65536
[    0.000000] pcpu-alloc: s34304 r8192 d23040 u65536 alloc=16*4096
[    0.000000] pcpu-alloc: [0] 0 [0] 1 [0] 2 [0] 3 
[    0.000000] Built 1 zonelists in Zone order, mobility grouping on.  Total pages: 522496
[    0.000000] Kernel command line: ignore_loglevel console=ttyS0,115200n8 rw root=PARTUUID=7369c667-ff51-ec4a-29cd-baabf2fbe346 rootwait gpt debug earlyprintk init=/bin/bash
[    0.000000] PID hash table entries: 4096 (order: 2, 16384 bytes)
[    0.000000] Dentry cache hash table entries: 131072 (order: 7, 524288 bytes)
[    0.000000] Inode-cache hash table entries: 65536 (order: 6, 262144 bytes)
[    0.000000] Memory: 1994892K/2096128K available (9216K kernel code, 1230K rwdata, 4168K rodata, 2048K init, 467K bss, 35700K reserved, 65536K cma-reserved, 1244160K highmem)
[    0.000000] Virtual kernel memory layout:
[    0.000000]     vector  : 0xffff0000 - 0xffff1000   (   4 kB)
[    0.000000]     fixmap  : 0xffc00000 - 0xfff00000   (3072 kB)
[    0.000000]     vmalloc : 0xf0800000 - 0xff800000   ( 240 MB)
[    0.000000]     lowmem  : 0xc0000000 - 0xf0000000   ( 768 MB)
[    0.000000]     pkmap   : 0xbfe00000 - 0xc0000000   (   2 MB)
[    0.000000]     modules : 0xbf000000 - 0xbfe00000   (  14 MB)
[    0.000000]       .text : 0xc0208000 - 0xc0c00000   (10208 kB)
[    0.000000]       .init : 0xc1100000 - 0xc1300000   (2048 kB)
[    0.000000]       .data : 0xc1300000 - 0xc1433b80   (1231 kB)
[    0.000000]        .bss : 0xc1435000 - 0xc14a9d28   ( 468 kB)
[    0.000000] SLUB: HWalign=64, Order=0-3, MinObjects=0, CPUs=4, Nodes=1
[    0.000000] Hierarchical RCU implementation.
[    0.000000] 	RCU debugfs-based tracing is enabled.
[    0.000000] 	Build-time adjustment of leaf fanout to 32.
[    0.000000] 	RCU restricting CPUs from NR_CPUS=16 to nr_cpu_ids=4.
[    0.000000] RCU: Adjusting geometry for rcu_fanout_leaf=32, nr_cpu_ids=4
[    0.000000] NR_IRQS:16 nr_irqs:16 16
[    0.000000] /interrupt-controller@60004000: 160 interrupts forwarded to /interrupt-controller@50041000
[    0.000000] Tegra clk 127: register failed with -17
[    0.000007] sched_clock: 32 bits at 1000kHz, resolution 1000ns, wraps every 2147483647500ns
[    0.000027] clocksource: timer_us: mask: 0xffffffff max_cycles: 0xffffffff, max_idle_ns: 1911260446275 ns
[    0.000043] Switching to timer-based delay loop, resolution 1000ns
[    0.003283] arm_arch_timer: Architected cp15 timer(s) running at 12.00MHz (virt).
[    0.003303] clocksource: arch_sys_counter: mask: 0xffffffffffffff max_cycles: 0x2c47f4ee7, max_idle_ns: 440795202497 ns
[    0.003322] sched_clock: 56 bits at 12MHz, resolution 83ns, wraps every 4398046511096ns
[    0.003336] Switching to timer-based delay loop, resolution 83ns
[    0.003736] Console: colour dummy device 80x30
[    0.003770] Calibrating delay loop (skipped), value calculated using timer frequency.. 24.00 BogoMIPS (lpj=120000)
[    0.003789] pid_max: default: 32768 minimum: 301
[    0.003892] Mount-cache hash table entries: 2048 (order: 1, 8192 bytes)
[    0.003905] Mountpoint-cache hash table entries: 2048 (order: 1, 8192 bytes)
[    0.004401] CPU: Testing write buffer coherency: ok
[    0.004644] /cpus/cpu@0 missing clock-frequency property
[    0.004675] /cpus/cpu@1 missing clock-frequency property
[    0.004705] /cpus/cpu@2 missing clock-frequency property
[    0.004737] /cpus/cpu@3 missing clock-frequency property
[    0.004751] CPU0: thread -1, cpu 0, socket 0, mpidr 80000000
[    0.004954] Setting up static identity map for 0x80300000 - 0x80300098
[    0.007523] Tegra Revision: A01 SKU: 0 CPU Process: 1 SoC Process: 0
[    0.008072] EFI services will not be available.
[    0.008321] smp: Bringing up secondary CPUs ...
[    0.008844] CPU1: thread -1, cpu 1, socket 0, mpidr 80000001
[    0.009446] CPU2: thread -1, cpu 2, socket 0, mpidr 80000002
[    0.010032] CPU3: thread -1, cpu 3, socket 0, mpidr 80000003
[    0.010117] smp: Brought up 1 node, 4 CPUs
[    0.010141] SMP: Total of 4 processors activated (96.00 BogoMIPS).
[    0.010150] CPU: All CPU(s) started in SVC mode.
[    0.011615] devtmpfs: initialized
[    0.020387] VFP support v0.3: implementor 41 architecture 4 part 30 variant f rev 0
[    0.020729] clocksource: jiffies: mask: 0xffffffff max_cycles: 0xffffffff, max_idle_ns: 19112604462750000 ns
[    0.022119] pinctrl core: initialized pinctrl subsystem
[    0.023753] NET: Registered protocol family 16
[    0.025755] DMA: preallocated 256 KiB pool for atomic coherent allocations
[    0.027997] cpuidle: using governor menu
[    0.051275] No ATAGs?
[    0.051403] hw-breakpoint: found 5 (+1 reserved) breakpoint and 4 watchpoint registers.
[    0.051420] hw-breakpoint: maximum watchpoint size is 8 bytes.
[    0.056394] Serial: AMBA PL011 UART driver
[    0.057095] tegra-mc 70019000.memory-controller: no memory timings for RAM code 3 registered
[    0.071510] dvdd_ts: Failed to request enable GPIO61: -517
[    0.071527] reg-fixed-voltage regulators:regulator@1: Failed to register regulator: -517
[    0.071623] usb1_vbus: Failed to request enable GPIO108: -517
[    0.071639] reg-fixed-voltage regulators:regulator@3: Failed to register regulator: -517
[    0.071731] usb2_vbus: Failed to request enable GPIO86: -517
[    0.071747] reg-fixed-voltage regulators:regulator@4: Failed to register regulator: -517
[    0.072142] VDD_5V0_HDMI_CON: Failed to request enable GPIO81: -517
[    0.072157] reg-fixed-voltage regulators:regulator@7: Failed to register regulator: -517
[    0.074821] vgaarb: loaded
[    0.075538] SCSI subsystem initialized
[    0.075707] libata version 3.00 loaded.
[    0.075925] usbcore: registered new interface driver usbfs
[    0.075978] usbcore: registered new interface driver hub
[    0.076038] usbcore: registered new device driver usb
[    0.079250] tps65090 2-0048: No cache defaults, reading back from HW
[    0.081143] TPS65090_RAILSDCDC1: supplied by vdd_ac_bat
[    0.081658] vdd_hdmi_5v0: supplied by vdd-sys-5v0
[    0.082428] TPS65090_RAILSDCDC2: supplied by vdd_ac_bat
[    0.083502] TPS65090_RAILSDCDC3: supplied by vdd_ac_bat
[    0.084015] TPS65090_RAILSFET1: supplied by vdd_ac_bat
[    0.084379] TPS65090_RAILSFET2: supplied by vdd_ac_bat
[    0.084731] TPS65090_RAILSFET3: supplied by vdd-sys-3v3
[    0.085252] TPS65090_RAILSFET4: supplied by vdd-sys-3v3
[    0.085768] TPS65090_RAILSFET5: supplied by vdd-sys-3v3
[    0.086274] TPS65090_RAILSFET6: supplied by vdd-sys-3v3
[    0.087106] TPS65090_RAILSFET7: supplied by vdd-sys-3v3
[    0.087629] TPS65090_RAILSLDO1: supplied by vdd_ac_bat
[    0.087840] TPS65090_RAILSLDO2: supplied by vdd_ac_bat
[    0.088751] palmas 2-0058: Irq flag is 0x00000004
[    0.090734] palmas 2-0058: Muxing GPIO ff, PWM 0, LED 0
[    0.093206] SMPS12: supplied by vdd-ao
[    0.094829] SMPS3: supplied by vdd-ao
[    0.096573] SMPS457: supplied by vdd-sys-3v3
[    0.099462] SMPS8: supplied by vdd-sys-3v3
[    0.100329] random: fast init done
[    0.101085] SMPS9: supplied by vdd-sys-3v3
[    0.101610] sdhci-vdd-sd-slot: Bringing 2840000uV into 2800000-2800000uV
[    0.104432] LDO1: supplied by vdd-sys-3v3
[    0.105610] LDO2: supplied by vdd-sys-3v3
[    0.106817] LDO3: supplied by vddio-1v8
[    0.108009] LDO4: supplied by vdd-sys-3v3
[    0.109204] LDO5: supplied by vdd_ac_bat
[    0.109966] LDO6: supplied by vdd-sys-3v3
[    0.110479] vdd-sensor-2v85: Bringing 2900000uV into 2850000-2850000uV
[    0.111897] LDO7: supplied by vdd-sys-3v3
[    0.113653] LDO8: supplied by vdd-ao
[    0.114172] vdd-rtc: Bringing 675000uV into 900000-900000uV
[    0.123980] LDO9: supplied by sdhci-vdd-sd-slot
[    0.134298] LDOLN: supplied by vdd-sys-5v0
[    0.135480] LDOUSB: supplied by vdd-sys-5v0
[    0.147082] pps_core: LinuxPPS API ver. 1 registered
[    0.147093] pps_core: Software ver. 5.3.6 - Copyright 2005-2007 Rodolfo Giometti <giometti@linux.it>
[    0.147116] PTP clock support registered
[    0.147307] EDAC MC: Ver: 3.0.0
[    0.149432] clocksource: Switched to clocksource arch_sys_counter
[    0.158630] NET: Registered protocol family 2
[    0.159129] TCP established hash table entries: 8192 (order: 3, 32768 bytes)
[    0.159228] TCP bind hash table entries: 8192 (order: 4, 65536 bytes)
[    0.159440] TCP: Hash tables configured (established 8192 bind 8192)
[    0.159525] UDP hash table entries: 512 (order: 2, 16384 bytes)
[    0.159569] UDP-Lite hash table entries: 512 (order: 2, 16384 bytes)
[    0.159717] NET: Registered protocol family 1
[    0.160022] RPC: Registered named UNIX socket transport module.
[    0.160033] RPC: Registered udp transport module.
[    0.160043] RPC: Registered tcp transport module.
[    0.160052] RPC: Registered tcp NFSv4.1 backchannel transport module.
[    0.160065] PCI: CLS 0 bytes, default 64
[    0.162166] futex hash table entries: 1024 (order: 4, 65536 bytes)
[    0.162636] workingset: timestamp_bits=30 max_order=19 bucket_order=0
[    0.171064] squashfs: version 4.0 (2009/01/31) Phillip Lougher
[    0.171780] NFS: Registering the id_resolver key type
[    0.171806] Key type id_resolver registered
[    0.171816] Key type id_legacy registered
[    0.171859] ntfs: driver 2.1.32 [Flags: R/O].
[    0.173579] bounce: pool size: 64 pages
[    0.173757] Block layer SCSI generic (bsg) driver version 0.4 loaded (major 248)
[    0.173769] io scheduler noop registered
[    0.173779] io scheduler deadline registered
[    0.173946] io scheduler cfq registered (default)
[    0.198571] tegra-apbdma 6000a000.dma: Tegra20 APB DMA driver register 32 channels
[    0.200418] tegra-pmc 7000e400.pmc: i2c-thermtrip node not found, emergency thermal reset disabled.
[    0.256006] Serial: 8250/16550 driver, 4 ports, IRQ sharing disabled
[    0.258914] console [ttyS0] disabled
[    0.258952] 70006300.serial: ttyS0 at MMIO 0x70006300 (irq = 329, base_baud = 25500000) is a Tegra
[    1.236832] console [ttyS0] enabled
[    1.241098] SuperH (H)SCI(F) driver initialized
[    1.246550] msm_serial: driver initialized
[    1.250841] STMicroelectronics ASC driver initialized
[    1.262295] tegra-hdmi 54280000.hdmi: failed to get HDMI regulator
[    1.285986] brd: module loaded
[    1.294586] loop: module loaded
[    1.313975] m25p80 spi32766.0: w25q32dw (4096 Kbytes)
[    1.322007] libphy: Fixed MDIO Bus: probed
[    1.327184] CAN device driver interface
[    1.331901] bgmac_bcma: Broadcom 47xx GBit MAC driver loaded
[    1.338769] e1000e: Intel(R) PRO/1000 Network Driver - 3.2.6-k
[    1.344607] e1000e: Copyright(c) 1999 - 2015 Intel Corporation.
[    1.350597] igb: Intel(R) Gigabit Ethernet Network Driver - version 5.4.0-k
[    1.357547] igb: Copyright (c) 2007-2014 Intel Corporation.
[    1.366279] pegasus: v0.9.3 (2013/04/25), Pegasus/Pegasus II USB Ethernet driver
[    1.373731] usbcore: registered new interface driver pegasus
[    1.379448] usbcore: registered new interface driver asix
[    1.384872] usbcore: registered new interface driver ax88179_178a
[    1.391009] usbcore: registered new interface driver cdc_ether
[    1.396877] usbcore: registered new interface driver smsc75xx
[    1.402674] usbcore: registered new interface driver smsc95xx
[    1.408442] usbcore: registered new interface driver net1080
[    1.414144] usbcore: registered new interface driver cdc_subset
[    1.420105] usbcore: registered new interface driver zaurus
[    1.425720] usbcore: registered new interface driver cdc_ncm
[    1.433229] ehci_hcd: USB 2.0 'Enhanced' Host Controller (EHCI) Driver
[    1.439762] ehci-pci: EHCI PCI platform driver
[    1.444236] ehci-platform: EHCI generic platform driver
[    1.449655] ehci-orion: EHCI orion driver
[    1.453786] SPEAr-ehci: EHCI SPEAr driver
[    1.457918] ehci-st: EHCI STMicroelectronics driver
[    1.462932] ehci-exynos: EHCI EXYNOS driver
[    1.467250] ehci-atmel: EHCI Atmel driver
[    1.471398] tegra-ehci: Tegra EHCI driver
[    1.475682] ohci_hcd: USB 1.1 'Open' Host Controller (OHCI) Driver
[    1.481878] ohci-pci: OHCI PCI platform driver
[    1.486358] ohci-platform: OHCI generic platform driver
[    1.491743] ohci-omap3: OHCI OMAP3 driver
[    1.495872] SPEAr-ohci: OHCI SPEAr driver
[    1.500020] ohci-st: OHCI STMicroelectronics driver
[    1.505020] ohci-atmel: OHCI Atmel driver
[    1.509713] usbcore: registered new interface driver usb-storage
[    1.517123] mousedev: PS/2 mouse device common for all mice
[    1.527079] palmas-rtc 7000d000.i2c:tps65913@58:rtc: rtc core: registered 7000d000.i2c:tps659 as rtc0
[    1.538088] tegra_rtc 7000e000.rtc: rtc core: registered 7000e000.rtc as rtc1
[    1.545275] tegra_rtc 7000e000.rtc: Tegra internal Real Time Clock
[    1.551963] i2c /dev entries driver
[    1.561703] sbs-battery 0-000b: sbs_probe: Failed to get device status
[    1.568234] sbs-battery: probe of 0-000b failed with error -121
[    1.583922] sdhci: Secure Digital Host Controller Interface driver
[    1.590122] sdhci: Copyright(c) Pierre Ossman
[    1.595912] Synopsys Designware Multimedia Card Interface Driver
[    1.602950] sdhci-pltfm: SDHCI platform and OF driver helper
[    1.609284] sdhci-tegra 78000400.sdhci: Got CD GPIO
[    1.614202] sdhci-tegra 78000400.sdhci: Got WP GPIO
[    1.620288] mmc0: Invalid maximum block size, assuming 512 bytes
[    1.689568] mmc0: SDHCI controller on 78000400.sdhci [78000400.sdhci] using ADMA
[    1.697242] mmc1: Invalid maximum block size, assuming 512 bytes
[    1.769452] mmc1: SDHCI controller on 78000600.sdhci [78000600.sdhci] using ADMA
[    1.778590] ledtrig-cpu: registered to indicate activity on CPUs
[    1.786994] usbcore: registered new interface driver usbhid
[    1.794610] usbhid: USB HID core driver
[    1.804143] NET: Registered protocol family 10
[    1.815467] Segment Routing with IPv6
[    1.821249] sit: IPv6, IPv4 and MPLS over IPv4 tunneling driver
[    1.827746] NET: Registered protocol family 17
[    1.832214] can: controller area network core (rev 20120528 abi 9)
[    1.838433] NET: Registered protocol family 29
[    1.842890] can: raw protocol (rev 20120528)
[    1.847154] can: broadcast manager protocol (rev 20161123 t)
[    1.852823] can: netlink gateway (rev 20130117) max_hops=1
[    1.858607] Key type dns_resolver registered
[    1.863406] ThumbEE CPU extension supported.
[    1.867677] Registering SWP/SWPB emulation handler
[    1.893301] mmc0: new high speed SDHC card at address aaaa
[    1.894242] usb1_vbus: supplied by vdd-sys-5v0
[    1.895158] usb2_vbus: supplied by vdd-sys-5v0
[    1.897112] VDD_5V0_HDMI_CON: supplied by vdd-sys-5v0
[    1.911417] [drm] Supports vblank timestamp caching Rev 2 (21.10.2013).
[    1.911422] [drm] No driver support for vblank timestamp query.
[    1.911465] [drm] Cannot find any crtc or sizes - going 1024x768
[    1.932780] mmcblk0: mmc0:aaaa SL16G 14.8 GiB 
[    1.939644] Console: switching to colour frame buffer device 128x48
[    1.958460] drm drm: fb0:  frame buffer device
[    1.963227] [drm] Initialized tegra 0.0.0 20120330 for drm on minor 0
[    1.971215] mmc1: new high speed MMC card at address 0001
[    1.977871]  mmcblk0: p1 p2 p3
[    1.981202] mmcblk1: mmc1:0001 SEM32G 29.1 GiB 
[    1.982122] tegra-ehci 7d008000.usb: EHCI Host Controller
[    1.982159] tegra-ehci 7d008000.usb: new USB bus registered, assigned bus number 1
[    1.999588] tegra-ehci 7d008000.usb: irq 339, io mem 0x7d008000
[    1.999652] mmcblk1boot0: mmc1:0001 SEM32G partition 1 4.00 MiB
[    2.000906] mmcblk1boot1: mmc1:0001 SEM32G partition 2 4.00 MiB
[    2.001933] mmcblk1rpmb: mmc1:0001 SEM32G partition 3 4.00 MiB
[    2.026208]  mmcblk1: p1 p2 p3 p4 p5 p6 p7 p8
[    2.049558] tegra-ehci 7d008000.usb: USB 2.0 started, EHCI 1.10
[    2.056675] hub 1-0:1.0: USB hub found
[    2.060543] hub 1-0:1.0: 1 port detected
[    2.066135] input: gpio-keys as /devices/soc0/gpio-keys/input/input0
[    2.074779] palmas-rtc 7000d000.i2c:tps65913@58:rtc: setting system clock to 2000-11-05 15:53:10 UTC (973439590)
[    2.088901] dvdd_ts: disabling
[    2.092018] usb1_vbus: disabling
[    2.095262] vdd_cam_1v8_reg: disabling
[    2.100762] EXT4-fs (mmcblk1p1): mounting ext3 file system using the ext4 subsystem
[    2.181985] EXT4-fs (mmcblk1p1): recovery complete
[    2.188037] EXT4-fs (mmcblk1p1): mounted filesystem with ordered data mode. Opts: (null)
[    2.196207] VFS: Mounted root (ext3 filesystem) on device 179:17.
[    2.206957] devtmpfs: mounted
[    2.211761] Freeing unused kernel memory: 2048K
bash: cannot set terminal process group (-1): Inappropriate ioctl for device
bash: no job control in this shell
root@(none):/# [    2.419570] usb 1-1: new high-speed USB device number 2 using tegra-ehci
