
U-Boot SPL 2015.04-rc3-00209-ga74ef40 (Mar 16 2015 - 14:43:39)


U-Boot 2015.04-rc3-00209-ga74ef40 (Mar 16 2015 - 14:43:39)

TEGRA20
Model: Compulab TrimSlice board
DRAM:  1 GiB
MMC:   Tegra SD/MMC: 0, Tegra SD/MMC: 1
SF: Detected W25Q80BL with page size 256 Bytes, erase size 4 KiB, total 1 MiB
tegra-pcie: PCI regions:
tegra-pcie:   I/O: 0x82000000-0x82010000
tegra-pcie:   non-prefetchable memory: 0xa0000000-0xa8000000
tegra-pcie:   prefetchable memory: 0xa8000000-0xc0000000
tegra-pcie: dual-mode configuration
tegra-pcie: probing port 0, using 2 lanes
In:    serial
Out:   serial
Err:   serial
Net:   RTL8169#0
Hit any key to stop autoboot:  2  0 
Tegra20 (TrimSlice) # 
Tegra20 (TrimSlice) # usb reset
resetting USB...
USB0:   USB EHCI 1.00
scanning bus 0 for devices... 3 USB Device(s) found
USB1:   USB EHCI 1.00
scanning bus 1 for devices... 1 USB Device(s) found
USB2:   lowlevel init failed
       scanning usb for storage devices... 0 Storage Device(s) found
       scanning usb for ethernet devices... 
Warning: asx0 using MAC address from net device
1 Ethernet Device(s) found
Tegra20 (TrimSlice) # setenv bootargs 'ignore_loglevel console=ttyS0,115200n8 rw root=PARTUUID=11eb23c1-01 rootwait gpt debug noinitrd earlyprintk init=/bin/bash'
Tegra20 (TrimSlice) # setenv ipaddr 192.168.100.103; setenv serverip 192.168.100.1; setenv tftpserverip 192.168.100.1
Tegra20 (TrimSlice) # tftpboot 0x00408000 zImage.multi_v7_defconfig
Using RTL8169#0 device
TFTP from server 192.168.100.1; our IP address is 192.168.100.103
Filename 'zImage.multi_v7_defconfig'.
Load address: 0x408000
Loading: *#################################################################
	 #################################################################
	 #################################################################
	 #################################################################
	 #################################################################
	 #################################################################
	 #################################################################
	 ###########################################################
	 4.1 MiB/s
done
Bytes transferred = 7536528 (72ff90 hex)
Tegra20 (TrimSlice) # tftpboot 0x02408000 tegra20-trimslice.dtb
Using RTL8169#0 device
TFTP from server 192.168.100.1; our IP address is 192.168.100.103
Filename 'tegra20-trimslice.dtb'.
Load address: 0x2408000
Loading: *##
	 3.4 MiB/s
done
Bytes transferred = 21426 (53b2 hex)
Tegra20 (TrimSlice) # bootz 0x00408000 - 0x02408000
Kernel image @ 0x408000 [ 0x000000 - 0x72ff90 ]
## Flattened Device Tree blob at 02408000
   Booting using the fdt blob at 0x2408000
   Using Device Tree in place at 02408000, end 024103b1

Starting kernel ...

[    0.000000] Booting Linux on physical CPU 0x0
[    0.000000] Linux version 4.10.0-next-20170303-155459-gc0b7b2b (pwalmsley@sellafield) (gcc version 4.7.3 20130328 (prerelease) (crosstool-NG linaro-1.13.1-4.7-2013.04-20130415 - Linaro GCC 2013.04) ) #1 SMP Thu Mar 2 18:34:48 PST 2017
[    0.000000] CPU: ARMv7 Processor [411fc090] revision 0 (ARMv7), cr=10c5387d
[    0.000000] CPU: PIPT / VIPT nonaliasing data cache, VIPT aliasing instruction cache
[    0.000000] OF: fdt: Machine model: Compulab TrimSlice board
[    0.000000] debug: ignoring loglevel setting.
[    0.000000] efi: Getting EFI parameters from FDT:
[    0.000000] efi: UEFI not found.
[    0.000000] cma: Reserved 64 MiB at 0x3c000000
[    0.000000] Memory policy: Data cache writealloc
[    0.000000] On node 0 totalpages: 262144
[    0.000000] free_area_init_node: node 0, pgdat c1538200, node_mem_map ef7f8000
[    0.000000]   DMA zone: 1536 pages used for memmap
[    0.000000]   DMA zone: 0 pages reserved
[    0.000000]   DMA zone: 196608 pages, LIFO batch:31
[    0.000000]   HighMem zone: 65536 pages, LIFO batch:15
[    0.000000] percpu: Embedded 16 pages/cpu @ef7c6000 s34432 r8192 d22912 u65536
[    0.000000] pcpu-alloc: s34432 r8192 d22912 u65536 alloc=16*4096
[    0.000000] pcpu-alloc: [0] 0 [0] 1 
[    0.000000] Built 1 zonelists in Zone order, mobility grouping on.  Total pages: 260608
[    0.000000] Kernel command line: ignore_loglevel console=ttyS0,115200n8 rw root=PARTUUID=11eb23c1-01 rootwait gpt debug noinitrd earlyprintk init=/bin/bash
[    0.000000] PID hash table entries: 4096 (order: 2, 16384 bytes)
[    0.000000] Dentry cache hash table entries: 131072 (order: 7, 524288 bytes)
[    0.000000] Inode-cache hash table entries: 65536 (order: 6, 262144 bytes)
[    0.000000] Memory: 954592K/1048576K available (10240K kernel code, 1254K rwdata, 4212K rodata, 2048K init, 536K bss, 28448K reserved, 65536K cma-reserved, 196608K highmem)
[    0.000000] Virtual kernel memory layout:
[    0.000000]     vector  : 0xffff0000 - 0xffff1000   (   4 kB)
[    0.000000]     fixmap  : 0xffc00000 - 0xfff00000   (3072 kB)
[    0.000000]     vmalloc : 0xf0800000 - 0xff800000   ( 240 MB)
[    0.000000]     lowmem  : 0xc0000000 - 0xf0000000   ( 768 MB)
[    0.000000]     pkmap   : 0xbfe00000 - 0xc0000000   (   2 MB)
[    0.000000]     modules : 0xbf000000 - 0xbfe00000   (  14 MB)
[    0.000000]       .text : 0xc0208000 - 0xc0d00000   (11232 kB)
[    0.000000]       .init : 0xc1200000 - 0xc1400000   (2048 kB)
[    0.000000]       .data : 0xc1400000 - 0xc1539b20   (1255 kB)
[    0.000000]        .bss : 0xc153b000 - 0xc15c12b8   ( 537 kB)
[    0.000000] SLUB: HWalign=64, Order=0-3, MinObjects=0, CPUs=2, Nodes=1
[    0.000000] Hierarchical RCU implementation.
[    0.000000] 	RCU debugfs-based tracing is enabled.
[    0.000000] 	Build-time adjustment of leaf fanout to 32.
[    0.000000] 	RCU restricting CPUs from NR_CPUS=16 to nr_cpu_ids=2.
[    0.000000] RCU: Adjusting geometry for rcu_fanout_leaf=32, nr_cpu_ids=2
[    0.000000] NR_IRQS:16 nr_irqs:16 16
[    0.000000] /interrupt-controller@60004000: 128 interrupts forwarded to /interrupt-controller@50041000
[    0.000000] L2C: platform modifies aux control register: 0x02080000 -> 0x3e480001
[    0.000000] L2C: DT/platform modifies aux control register: 0x02080000 -> 0x3e480001
[    0.000000] L2C-310 errata 727915 769419 enabled
[    0.000000] L2C-310 enabling early BRESP for Cortex-A9
[    0.000000] L2C-310: enabling full line of zeros but not enabled in Cortex-A9
[    0.000000] L2C-310 ID prefetch enabled, offset 1 lines
[    0.000000] L2C-310 cache controller enabled, 8 ways, 1024 kB
[    0.000000] L2C-310: CACHE_ID 0x410000c4, AUX_CTRL 0x7e480001
[    0.000009] sched_clock: 32 bits at 1000kHz, resolution 1000ns, wraps every 2147483647500ns
[    0.000025] clocksource: timer_us: mask: 0xffffffff max_cycles: 0xffffffff, max_idle_ns: 1911260446275 ns
[    0.000035] Switching to timer-based delay loop, resolution 1000ns
[    0.001618] Console: colour dummy device 80x30
[    0.001642] Calibrating delay loop (skipped), value calculated using timer frequency.. 2.00 BogoMIPS (lpj=10000)
[    0.001654] pid_max: default: 32768 minimum: 301
[    0.001736] Mount-cache hash table entries: 2048 (order: 1, 8192 bytes)
[    0.001745] Mountpoint-cache hash table entries: 2048 (order: 1, 8192 bytes)
[    0.002172] CPU: Testing write buffer coherency: ok
[    0.002375] CPU0: thread -1, cpu 0, socket 0, mpidr 80000000
[    0.002532] Setting up static identity map for 0x300000 - 0x300098
[    0.003965] Tegra Revision: A03 prime SKU: 8 CPU Process: 1 SoC Process: 2
[    0.004337] EFI services will not be available.
[    0.004492] smp: Bringing up secondary CPUs ...
[    0.005018] CPU1: thread -1, cpu 1, socket 0, mpidr 80000001
[    0.005079] smp: Brought up 1 node, 2 CPUs
[    0.005090] SMP: Total of 2 processors activated (4.00 BogoMIPS).
[    0.005097] CPU: All CPU(s) started in SVC mode.
[    0.005731] devtmpfs: initialized
[    0.009382] VFP support v0.3: implementor 41 architecture 3 part 30 variant 9 rev 1
[    0.009588] clocksource: jiffies: mask: 0xffffffff max_cycles: 0xffffffff, max_idle_ns: 19112604462750000 ns
[    0.009602] futex hash table entries: 512 (order: 3, 32768 bytes)
[    0.012587] pinctrl core: initialized pinctrl subsystem
[    0.013815] NET: Registered protocol family 16
[    0.015873] DMA: preallocated 256 KiB pool for atomic coherent allocations
[    0.017303] cpuidle: using governor menu
[    0.034300] No ATAGs?
[    0.034367] hw-breakpoint: found 5 (+1 reserved) breakpoint and 1 watchpoint registers.
[    0.034379] hw-breakpoint: maximum watchpoint size is 4 bytes.
[    0.039512] Serial: AMBA PL011 UART driver
[    0.050336] AT91: Could not find identification node
[    0.050855] usb1_vbus: Failed to request enable GPIO170: -517
[    0.050871] reg-fixed-voltage regulators:regulator@2: Failed to register regulator: -517
[    0.054313] vgaarb: loaded
[    0.054859] SCSI subsystem initialized
[    0.054984] libata version 3.00 loaded.
[    0.055160] usbcore: registered new interface driver usbfs
[    0.055201] usbcore: registered new interface driver hub
[    0.055240] usbcore: registered new device driver usb
[    0.057165] pps_core: LinuxPPS API ver. 1 registered
[    0.057173] pps_core: Software ver. 5.3.6 - Copyright 2005-2007 Rodolfo Giometti <giometti@linux.it>
[    0.057190] PTP clock support registered
[    0.057326] EDAC MC: Ver: 3.0.0
[    0.059040] clocksource: Switched to clocksource timer_us
[    0.066156] NET: Registered protocol family 2
[    0.066563] TCP established hash table entries: 8192 (order: 3, 32768 bytes)
[    0.066633] TCP bind hash table entries: 8192 (order: 4, 65536 bytes)
[    0.066747] TCP: Hash tables configured (established 8192 bind 8192)
[    0.066848] UDP hash table entries: 512 (order: 2, 16384 bytes)
[    0.066893] UDP-Lite hash table entries: 512 (order: 2, 16384 bytes)
[    0.067042] NET: Registered protocol family 1
[    0.067304] RPC: Registered named UNIX socket transport module.
[    0.067312] RPC: Registered udp transport module.
[    0.067318] RPC: Registered tcp transport module.
[    0.067323] RPC: Registered tcp NFSv4.1 backchannel transport module.
[    0.067332] PCI: CLS 0 bytes, default 64
[    0.068119] hw perfevents: enabled with armv7_cortex_a9 PMU driver, 7 counters available
[    0.069508] workingset: timestamp_bits=30 max_order=18 bucket_order=0
[    0.075831] squashfs: version 4.0 (2009/01/31) Phillip Lougher
[    0.076405] NFS: Registering the id_resolver key type
[    0.076426] Key type id_resolver registered
[    0.076433] Key type id_legacy registered
[    0.076463] ntfs: driver 2.1.32 [Flags: R/O].
[    0.077595] bounce: pool size: 64 pages
[    0.077633] Block layer SCSI generic (bsg) driver version 0.4 loaded (major 248)
[    0.077641] io scheduler noop registered
[    0.077648] io scheduler deadline registered
[    0.077790] io scheduler cfq registered (default)
[    0.077798] io scheduler mq-deadline registered
[    0.088539] tegra-pcie 80003000.pcie-controller: dual-mode configuration
[    0.089255] tegra-pcie 80003000.pcie-controller: probing port 0, using 2 lanes
[    0.173196] tegra-pcie 80003000.pcie-controller: PCI host bridge to bus 0000:00
[    0.173209] pci_bus 0000:00: root bus resource [io  0x0000-0xffff]
[    0.173219] pci_bus 0000:00: root bus resource [mem 0xa0000000-0xa7ffffff]
[    0.173228] pci_bus 0000:00: root bus resource [mem 0xa8000000-0xbfffffff pref]
[    0.173237] pci_bus 0000:00: root bus resource [bus 00-ff]
[    0.173265] pci 0000:00:01.0: [10de:0bf0] type 01 class 0x060000
[    0.173292] pci_bus 0000:00: 2-byte config write to 0000:00:01.0 offset 0x88 may corrupt adjacent RW1C bits
[    0.173326] pci_bus 0000:00: 2-byte config write to 0000:00:01.0 offset 0x52 may corrupt adjacent RW1C bits
[    0.173349] pci 0000:00:01.0: PME# supported from D0 D1 D2 D3hot D3cold
[    0.173361] pci_bus 0000:00: 2-byte config write to 0000:00:01.0 offset 0x4c may corrupt adjacent RW1C bits
[    0.173536] pci_bus 0000:00: 2-byte config write to 0000:00:01.0 offset 0x3e may corrupt adjacent RW1C bits
[    0.173548] pci_bus 0000:00: 2-byte config write to 0000:00:01.0 offset 0x4 may corrupt adjacent RW1C bits
[    0.173558] pci_bus 0000:00: 1-byte config write to 0000:00:01.0 offset 0xc may corrupt adjacent RW1C bits
[    0.173565] PCI: bus0: Fast back to back transfers disabled
[    0.173575] pci 0000:00:01.0: bridge configuration invalid ([bus 00-00]), reconfiguring
[    0.173585] pci_bus 0000:00: 2-byte config write to 0000:00:01.0 offset 0x3e may corrupt adjacent RW1C bits
[    0.173595] pci_bus 0000:00: 2-byte config write to 0000:00:01.0 offset 0x3e may corrupt adjacent RW1C bits
[    0.173606] pci_bus 0000:00: 2-byte config write to 0000:00:01.0 offset 0x3e may corrupt adjacent RW1C bits
[    0.173616] pci_bus 0000:00: 2-byte config write to 0000:00:01.0 offset 0x6 may corrupt adjacent RW1C bits
[    0.173739] pci 0000:01:00.0: [10ec:8168] type 00 class 0x020000
[    0.173763] pci 0000:01:00.0: reg 0x10: [io  0x0000-0x00ff]
[    0.173788] pci 0000:01:00.0: reg 0x18: [mem 0x00000000-0x00000fff 64bit pref]
[    0.173806] pci 0000:01:00.0: reg 0x20: [mem 0x00000000-0x00003fff 64bit pref]
[    0.173820] pci 0000:01:00.0: reg 0x30: [mem 0x00000000-0x0001ffff pref]
[    0.173900] pci 0000:01:00.0: supports D1 D2
[    0.173908] pci 0000:01:00.0: PME# supported from D0 D1 D2 D3hot D3cold
[    0.199081] PCI: bus1: Fast back to back transfers disabled
[    0.199094] pci_bus 0000:01: busn_res: [bus 01-ff] end is updated to 01
[    0.199106] Disabling cpuidle LP2 state, since PCIe IRQs are in use
[    0.199166] pci 0000:00:01.0: BAR 8: assigned [mem 0xa0000000-0xa00fffff]
[    0.199178] pci 0000:00:01.0: BAR 9: assigned [mem 0xa8000000-0xa80fffff 64bit pref]
[    0.199187] pci 0000:00:01.0: BAR 7: assigned [io  0x1000-0x1fff]
[    0.199200] pci 0000:01:00.0: BAR 6: assigned [mem 0xa0000000-0xa001ffff pref]
[    0.199210] pci 0000:01:00.0: BAR 4: assigned [mem 0xa8000000-0xa8003fff 64bit pref]
[    0.199230] pci 0000:01:00.0: BAR 2: assigned [mem 0xa8004000-0xa8004fff 64bit pref]
[    0.199249] pci 0000:01:00.0: BAR 0: assigned [io  0x1000-0x10ff]
[    0.199261] pci 0000:00:01.0: PCI bridge to [bus 01]
[    0.199269] pci 0000:00:01.0:   bridge window [io  0x1000-0x1fff]
[    0.199278] pci 0000:00:01.0:   bridge window [mem 0xa0000000-0xa00fffff]
[    0.199286] pci 0000:00:01.0:   bridge window [mem 0xa8000000-0xa80fffff 64bit pref]
[    0.199308] pci 0000:00:01.0: nv_msi_ht_cap_quirk didn't locate host bridge
[    0.199357] pcieport 0000:00:01.0: enabling device (0140 -> 0143)
[    0.199533] pcieport 0000:00:01.0: Signaling PME with IRQ 295
[    0.205345] tegra-apbdma 6000a000.dma: Tegra20 APB DMA driver register 16 channels
[    0.253033] Serial: 8250/16550 driver, 4 ports, IRQ sharing disabled
[    0.255176] console [ttyS0] disabled
[    0.255211] 70006000.serial: ttyS0 at MMIO 0x70006000 (irq = 279, base_baud = 13500000) is a Tegra
[    1.315266] console [ttyS0] enabled
[    1.319344] SuperH (H)SCI(F) driver initialized
[    1.324569] msm_serial: driver initialized
[    1.328783] STMicroelectronics ASC driver initialized
[    1.338692] tegra-hdmi 54280000.hdmi: 54280000.hdmi supply hdmi not found, using dummy regulator
[    1.349382] [drm] Supports vblank timestamp caching Rev 2 (21.10.2013).
[    1.355981] [drm] No driver support for vblank timestamp query.
[    1.361932] [drm] Cannot find any crtc or sizes - going 1024x768
[    1.383987] Console: switching to colour frame buffer device 128x48
[    1.398668] drm drm: fb0:  frame buffer device
[    1.403158] [drm] Initialized tegra 0.0.0 20120330 for drm on minor 0
[    1.418392] brd: module loaded
[    1.427007] loop: module loaded
[    1.435692] m25p80 spi32766.0: found s25fl008k, expected w25q80bl
[    1.441805] m25p80 spi32766.0: s25fl008k (1024 Kbytes)
[    1.449177] libphy: Fixed MDIO Bus: probed
[    1.454003] CAN device driver interface
[    1.458490] bgmac_bcma: Broadcom 47xx GBit MAC driver loaded
[    1.465071] e1000e: Intel(R) PRO/1000 Network Driver - 3.2.6-k
[    1.470903] e1000e: Copyright(c) 1999 - 2015 Intel Corporation.
[    1.476860] igb: Intel(R) Gigabit Ethernet Network Driver - version 5.4.0-k
[    1.483819] igb: Copyright (c) 2007-2014 Intel Corporation.
[    1.489902] r8169 Gigabit Ethernet driver 2.3LK-NAPI loaded
[    1.495485] r8169 0000:01:00.0: enabling device (0140 -> 0143)
[    1.502128] r8169 0000:01:00.0 eth0: RTL8168d/8111d at 0xf08fc000, 00:01:c0:13:7d:63, XID 081000c0 IRQ 296
[    1.511790] r8169 0000:01:00.0 eth0: jumbo features [frames: 9200 bytes, tx checksumming: ko]
[    1.522355] pegasus: v0.9.3 (2013/04/25), Pegasus/Pegasus II USB Ethernet driver
[    1.529807] usbcore: registered new interface driver pegasus
[    1.535487] usbcore: registered new interface driver asix
[    1.540916] usbcore: registered new interface driver ax88179_178a
[    1.547026] usbcore: registered new interface driver cdc_ether
[    1.552899] usbcore: registered new interface driver smsc75xx
[    1.558667] usbcore: registered new interface driver smsc95xx
[    1.564443] usbcore: registered new interface driver net1080
[    1.570131] usbcore: registered new interface driver cdc_subset
[    1.576060] usbcore: registered new interface driver zaurus
[    1.581681] usbcore: registered new interface driver cdc_ncm
[    1.587584] tegra-phy c5004000.usb-phy: no vbus regulator
[    1.594075] tegra-phy c5008000.usb-phy: no vbus regulator
[    1.600729] ehci_hcd: USB 2.0 'Enhanced' Host Controller (EHCI) Driver
[    1.607241] ehci-pci: EHCI PCI platform driver
[    1.611732] ehci-platform: EHCI generic platform driver
[    1.617094] ehci-orion: EHCI orion driver
[    1.621210] SPEAr-ehci: EHCI SPEAr driver
[    1.625306] ehci-st: EHCI STMicroelectronics driver
[    1.630286] ehci-exynos: EHCI EXYNOS driver
[    1.634568] ehci-atmel: EHCI Atmel driver
[    1.638659] tegra-ehci: Tegra EHCI driver
[    1.700243] ulpi_phy_power_on: ulpi write failed
[    1.704851] tegra-ehci c5004000.usb: Failed to power on the phy
[    1.710788] tegra-ehci: probe of c5004000.usb failed with error -110
[    1.719762] tegra-ehci c5008000.usb: EHCI Host Controller
[    1.725165] tegra-ehci c5008000.usb: new USB bus registered, assigned bus number 1
[    1.732975] tegra-ehci c5008000.usb: irq 290, io mem 0xc5008000
[    1.759059] tegra-ehci c5008000.usb: USB 2.0 started, EHCI 1.00
[    1.765578] hub 1-0:1.0: USB hub found
[    1.769360] hub 1-0:1.0: 1 port detected
[    1.773580] ohci_hcd: USB 1.1 'Open' Host Controller (OHCI) Driver
[    1.779771] ohci-pci: OHCI PCI platform driver
[    1.784248] ohci-platform: OHCI generic platform driver
[    1.789634] ohci-omap3: OHCI OMAP3 driver
[    1.793734] SPEAr-ohci: OHCI SPEAr driver
[    1.797831] ohci-st: OHCI STMicroelectronics driver
[    1.802812] ohci-atmel: OHCI Atmel driver
[    1.807397] usbcore: registered new interface driver usb-storage
[    1.815810] rtc-em3027 2-0056: rtc core: registered rtc-em3027 as rtc0
[    1.823484] tegra_rtc 7000e000.rtc: rtc core: registered 7000e000.rtc as rtc1
[    1.830647] tegra_rtc 7000e000.rtc: Tegra internal Real Time Clock
[    1.837202] i2c /dev entries driver
[    1.849724] sdhci: Secure Digital Host Controller Interface driver
[    1.855889] sdhci: Copyright(c) Pierre Ossman
[    1.861358] Synopsys Designware Multimedia Card Interface Driver
[    1.868162] sdhci-pltfm: SDHCI platform and OF driver helper
[    1.874573] mmc0: Invalid maximum block size, assuming 512 bytes
[    1.939058] mmc0: SDHCI controller on c8000000.sdhci [c8000000.sdhci] using ADMA
[    1.946540] sdhci-tegra c8000600.sdhci: Got CD GPIO
[    1.951438] sdhci-tegra c8000600.sdhci: Got WP GPIO
[    1.956473] mmc1: Invalid maximum block size, assuming 512 bytes
[    2.019137] mmc1: SDHCI controller on c8000600.sdhci [c8000600.sdhci] using ADMA
[    2.027837] ledtrig-cpu: registered to indicate activity on CPUs
[    2.034117] usbcore: registered new interface driver usbhid
[    2.039692] usbhid: USB HID core driver
[    2.046691] NET: Registered protocol family 10
[    2.051934] Segment Routing with IPv6
[    2.055629] sit: IPv6, IPv4 and MPLS over IPv4 tunneling driver
[    2.062054] NET: Registered protocol family 17
[    2.066491] can: controller area network core (rev 20120528 abi 9)
[    2.072845] NET: Registered protocol family 29
[    2.077278] can: raw protocol (rev 20120528)
[    2.081551] can: broadcast manager protocol (rev 20161123 t)
[    2.087199] can: netlink gateway (rev 20130117) max_hops=1
[    2.093004] Key type dns_resolver registered
[    2.097640] ThumbEE CPU extension supported.
[    2.101923] Registering SWP/SWPB emulation handler
[    2.116743] utmi_phy_clk_enable: timeout waiting for phy to stabilize
[    2.123246] mmc0: host does not support reading read-only switch, assuming write-enable
[    2.123255] tegra-ehci c5000000.usb: EHCI Host Controller
[    2.123285] tegra-ehci c5000000.usb: new USB bus registered, assigned bus number 2
[    2.123617] tegra-ehci c5000000.usb: irq 288, io mem 0xc5000000
[    2.129073] usb 1-1: new high-speed USB device number 2 using tegra-ehci
[    2.159052] tegra-ehci c5000000.usb: USB 2.0 started, EHCI 1.00
[    2.159636] hub 2-0:1.0: USB hub found
[    2.159664] hub 2-0:1.0: 1 port detected
[    2.160472] input: gpio-keys as /devices/soc0/gpio-keys/input/input0
[    2.161005] rtc-em3027 2-0056: hctosys: unable to read the hardware clock
[    2.186528] Waiting for root device PARTUUID=11eb23c1-01...
[    2.192264] mmc0: new high speed SDHC card at address b368
[    2.198197] mmcblk0: mmc0:b368 NCard 3.70 GiB 
[    2.204638]  mmcblk0: p1
[    2.219763] EXT4-fs (mmcblk0p1): mounting ext3 file system using the ext4 subsystem
[    2.237923] mmc1: new high speed SD card at address b368
[    2.243650] mmcblk1: mmc1:b368 NCard 1.83 GiB (ro)
[    2.250817]  mmcblk1: p1 p2
[    2.350157] hub 1-1:1.0: USB hub found
[    2.353997] hub 1-1:1.0: 4 ports detected
[    2.457064] EXT4-fs (mmcblk0p1): recovery complete
[    2.530046] EXT4-fs (mmcblk0p1): mounted filesystem with ordered data mode. Opts: (null)
[    2.538191] VFS: Mounted root (ext3 filesystem) on device 179:1.
[    2.554064] devtmpfs: mounted
[    2.561899] Freeing unused kernel memory: 2048K
[    2.653368] random: fast init done
[    2.679141] usb 1-1.2: new high-speed USB device number 3 using tegra-ehci
bash: cannot set terminal process group (-1): Inappropriate ioctl for device
bash: no job control in this shell
root@(none):/# [    3.311865] asix 1-1.2:1.0 eth1: register 'asix' at usb-c5008000.usb-1.2, ASIX AX88772 USB 2.0 Ethernet, 00:60:6e:60:6c:68
 
root@(none):/# mount -t sysfs none /sys
root@(none):/# 
root@(none):/# mount -t debugfs none /sys/kernel/debug
root@(none):/# 
root@(none):/# rtcwake -d rtc1 -m mem -s 3
rtcwake: assuming RTC uses UTC ...
rtcwake: wakeup from "mem" using /dev/rtc1 at Thu Jan  1 00:00:31 1970
[   15.462022] PM: Syncing filesystems ... done.
[   15.508093] Freezing user space processes ... (elapsed 0.001 seconds) done.
[   15.516503] Freezing remaining freezable tasks ... (elapsed 0.001 seconds) done.
[   15.525526] Suspending console(s) (use no_console_suspend to debug)
[   15.565993] pci_generic_config_write32: 38 callbacks suppressed
[   15.566037] pci_bus 0000:00: 2-byte config write to 0000:00:01.0 offset 0x9c may corrupt adjacent RW1C bits
[   15.577641] PM: suspend of devices complete after 43.428 msecs
[   15.582437] PM: late suspend of devices complete after 4.765 msecs
[   15.587032] pci_bus 0000:01: 2-byte config write to 0000:01:00.0 offset 0x44 may corrupt adjacent RW1C bits
[   15.587093] pci_bus 0000:01: 2-byte config write to 0000:01:00.0 offset 0x44 may corrupt adjacent RW1C bits
[   15.609693] PM: noirq suspend of devices complete after 27.226 msecs
[   15.609705] Disabling non-boot CPUs ...
[   15.648427] Entering suspend state LP1
[   15.648427] Suspended for 1.507 seconds
[   15.648472] Enabling non-boot CPUs ...
[   15.678072] CPU1 is up
[   15.678954] pci_bus 0000:00: 2-byte config write to 0000:00:01.0 offset 0x4c may corrupt adjacent RW1C bits
[   15.679118] pci_bus 0000:00: 2-byte config write to 0000:00:01.0 offset 0x88 may corrupt adjacent RW1C bits
[   15.679152] pci_bus 0000:00: 2-byte config write to 0000:00:01.0 offset 0x90 may corrupt adjacent RW1C bits
[   15.679184] pci_bus 0000:00: 2-byte config write to 0000:00:01.0 offset 0x98 may corrupt adjacent RW1C bits
[   15.679213] pci_bus 0000:00: 2-byte config write to 0000:00:01.0 offset 0x9c may corrupt adjacent RW1C bits
[   15.679294] pci_bus 0000:00: 2-byte config write to 0000:00:01.0 offset 0x52 may corrupt adjacent RW1C bits
[   15.679327] pci_bus 0000:00: 2-byte config write to 0000:00:01.0 offset 0x52 may corrupt adjacent RW1C bits
[   15.679400] pcieport 0000:00:01.0: nv_msi_ht_cap_quirk didn't locate host bridge
[   15.709428] PM: noirq resume of devices complete after 31.324 msecs
[   15.712946] PM: early resume of devices complete after 2.934 msecs
[   16.264585] PM: resume of devices complete after 551.607 msecs
[   16.432829] Restarting tasks ... done.
root@(none):/# 
root@(none):/# rtcwake -d rtc1 -m mem -s [   17.216519] random: crng init done
3
rtcwake: assuming RTC uses UTC ...
rtcwake: wakeup from "mem" using /dev/rtc1 at Thu Jan  1 00:00:36 1970
[   17.273838] PM: Syncing filesystems ... done.
[   17.319071] Freezing user space processes ... (elapsed 0.001 seconds) done.
[   17.327504] Freezing remaining freezable tasks ... (elapsed 0.001 seconds) done.
[   17.336583] Suspending console(s) (use no_console_suspend to debug)
[   17.386521] PM: suspend of devices complete after 41.302 msecs
[   17.391354] PM: late suspend of devices complete after 4.802 msecs
[   17.419654] PM: noirq suspend of devices complete after 28.268 msecs
[   17.419667] Disabling non-boot CPUs ...
[   17.487084] Entering suspend state LP1
[   17.487084] Suspended for 3.161 seconds
[   17.487127] Enabling non-boot CPUs ...
[   17.518087] CPU1 is up
[   17.519063] pcieport 0000:00:01.0: nv_msi_ht_cap_quirk didn't locate host bridge
[   17.549348] PM: noirq resume of devices complete after 31.227 msecs
[   17.552850] PM: early resume of devices complete after 2.924 msecs
[   18.098093] PM: resume of devices complete after 545.210 msecs
[   18.163273] Restarting tasks ... done.
root@(none):/# 
root@(none):/# rtcwake -d rtc1 -m mem -s 3
rtcwake: assuming RTC uses UTC ...
rtcwake: wakeup from "mem" using /dev/rtc1 at Thu Jan  1 00:00:41 1970
[   19.053729] PM: Syncing filesystems ... done.
[   19.098830] Freezing user space processes ... (elapsed 0.001 seconds) done.
[   19.107293] Freezing remaining freezable tasks ... (elapsed 0.001 seconds) done.
[   19.116163] Suspending console(s) (use no_console_suspend to debug)
[   19.166145] PM: suspend of devices complete after 42.010 msecs
[   19.171221] PM: late suspend of devices complete after 5.045 msecs
[   19.199511] PM: noirq suspend of devices complete after 28.259 msecs
[   19.199524] Disabling non-boot CPUs ...
[   19.266997] Entering suspend state LP1
[   19.266997] Suspended for 3.219 seconds
[   19.267041] Enabling non-boot CPUs ...
[   19.297965] CPU1 is up
[   19.299232] pcieport 0000:00:01.0: nv_msi_ht_cap_quirk didn't locate host bridge
[   19.329254] PM: noirq resume of devices complete after 31.254 msecs
[   19.332740] PM: early resume of devices complete after 2.907 msecs
[   19.877400] PM: resume of devices complete after 544.628 msecs
[   19.942549] Restarting tasks ... done.
root@(none):/# 
root@(none):/# rtcwake -d rtc1 -m mem [   21.246029] irq 279: nobody cared (try booting with the "irqpoll" option)
[   21.252853] CPU: 0 PID: 1 Comm: bash Not tainted 4.10.0-next-20170303-155459-gc0b7b2b #1
[   21.260952] Hardware name: NVIDIA Tegra SoC (Flattened Device Tree)
[   21.267310] [<c030fbd8>] (unwind_backtrace) from [<c030b170>] (show_stack+0x10/0x14)
[   21.275101] [<c030b170>] (show_stack) from [<c05a6b94>] (dump_stack+0x84/0xa4)
[   21.282371] [<c05a6b94>] (dump_stack) from [<c038aad8>] (__report_bad_irq+0x24/0xc0)
[   21.290148] [<c038aad8>] (__report_bad_irq) from [<c038aebc>] (note_interrupt+0x260/0x2bc)
[   21.298445] [<c038aebc>] (note_interrupt) from [<c03884dc>] (handle_irq_event_percpu+0x48/0x58)
[   21.307171] [<c03884dc>] (handle_irq_event_percpu) from [<c0388530>] (handle_irq_event+0x44/0x68)
[   21.316072] [<c0388530>] (handle_irq_event) from [<c038b860>] (handle_fasteoi_irq+0xb0/0x194)
[   21.324624] [<c038b860>] (handle_fasteoi_irq) from [<c0387bd4>] (generic_handle_irq+0x18/0x28)
[   21.333261] [<c0387bd4>] (generic_handle_irq) from [<c0387cd0>] (__handle_domain_irq+0x54/0xb4)
[   21.341983] [<c0387cd0>] (__handle_domain_irq) from [<c0301754>] (gic_handle_irq+0x50/0x9c)
[   21.350353] [<c0301754>] (gic_handle_irq) from [<c030bd0c>] (__irq_svc+0x6c/0x90)
[   21.357840] Exception stack(0xee84dd20 to 0xee84dd68)
[   21.362919] dd20: c153d840 00000000 00000000 00000000 00000002 c131ee58 00000000 c13193a0
[   21.371115] dd40: c1402080 fe441100 ee84ddf0 00000000 0000000a ee84dd70 c03465e0 c0346134
[   21.379299] dd60: 60070113 ffffffff
[   21.382839] [<c030bd0c>] (__irq_svc) from [<c0346134>] (__do_softirq+0x80/0x23c)
[   21.390272] [<c0346134>] (__do_softirq) from [<c03465e0>] (irq_exit+0xd4/0x13c)
[   21.397612] [<c03465e0>] (irq_exit) from [<c0387cd4>] (__handle_domain_irq+0x58/0xb4)
[   21.405466] [<c0387cd4>] (__handle_domain_irq) from [<c0301754>] (gic_handle_irq+0x50/0x9c)
[   21.413835] [<c0301754>] (gic_handle_irq) from [<c030bd0c>] (__irq_svc+0x6c/0x90)
[   21.421322] Exception stack(0xee84ddf0 to 0xee84de38)
[   21.426389] dde0:                                     00000000 eea920e4 eea92000 00000001
[   21.434585] de00: 00000000 eea92000 00000001 eee87a00 c157b7ec eee8bc01 a0070013 00000000
[   21.442777] de20: 00000000 ee84de40 c073104c c0731074 60070013 ffffffff
[   21.449418] [<c030bd0c>] (__irq_svc) from [<c0731074>] (uart_write+0x118/0x170)
[   21.456754] [<c0731074>] (uart_write) from [<c07189e8>] (n_tty_write+0x194/0x468)
[   21.464283] [<c07189e8>] (n_tty_write) from [<c07149bc>] (tty_write+0x184/0x284)
[   21.471723] [<c07149bc>] (tty_write) from [<c041b7b8>] (__vfs_write+0x2c/0x114)
[   21.479064] [<c041b7b8>] (__vfs_write) from [<c041cd78>] (vfs_write+0xa4/0x164)
[   21.486405] [<c041cd78>] (vfs_write) from [<c041d018>] (SyS_write+0x40/0x8c)
[   21.493490] [<c041d018>] (SyS_write) from [<c0307ec0>] (ret_fast_syscall+0x0/0x3c)
[   21.501061] handlers:
[   21.503354] [<c07330f4>] serial8250_interrupt
[   21.507728] Disabling IRQ #279
-s 3
[   21.652677] PM: Syncing filesystems ... done.
[   21.665954] Freezing user space processes ... (elapsed 0.001 seconds) done.
[   21.674066] Freezing remaining freezable tasks ... (elapsed 0.001 seconds) done.
[   21.682613] Suspending console(s) (use no_console_suspend to debug)
rtcwake: assuming RTC uses UTC ...
rtcwake: wakeup from "mem" using /dev/rtc1 at Thu Jan  1 00:00:47 1970
[   21.724054] pci_generic_config_write32: 65 callbacks suppressed
[   21.724099] pci_bus 0000:00: 2-byte config write to 0000:00:01.0 offset 0x9c may corrupt adjacent RW1C bits
[   21.736498] PM: suspend of devices complete after 46.960 msecs
[   21.741563] PM: late suspend of devices complete after 5.035 msecs
[   21.746132] pci_bus 0000:01: 2-byte config write to 0000:01:00.0 offset 0x44 may corrupt adjacent RW1C bits
[   21.746193] pci_bus 0000:01: 2-byte config write to 0000:01:00.0 offset 0x44 may corrupt adjacent RW1C bits
[   21.769475] PM: noirq suspend of devices complete after 27.881 msecs
[   21.769488] Disabling non-boot CPUs ...
[   21.837033] Entering suspend state LP1
[   21.837033] Suspended for 3.429 seconds
[   21.837076] Enabling non-boot CPUs ...
[   21.867820] CPU1 is up
[   21.868984] pci_bus 0000:00: 2-byte config write to 0000:00:01.0 offset 0x4c may corrupt adjacent RW1C bits
[   21.869034] pci_bus 0000:00: 2-byte config write to 0000:00:01.0 offset 0x88 may corrupt adjacent RW1C bits
[   21.869066] pci_bus 0000:00: 2-byte config write to 0000:00:01.0 offset 0x90 may corrupt adjacent RW1C bits
[   21.869095] pci_bus 0000:00: 2-byte config write to 0000:00:01.0 offset 0x98 may corrupt adjacent RW1C bits
[   21.869122] pci_bus 0000:00: 2-byte config write to 0000:00:01.0 offset 0x9c may corrupt adjacent RW1C bits
[   21.869203] pci_bus 0000:00: 2-byte config write to 0000:00:01.0 offset 0x52 may corrupt adjacent RW1C bits
[   21.869237] pci_bus 0000:00: 2-byte config write to 0000:00:01.0 offset 0x52 may corrupt adjacent RW1C bits
[   21.869310] pcieport 0000:00:01.0: nv_msi_ht_cap_quirk didn't locate host bridge
[   21.899166] PM: noirq resume of devices complete after 31.313 msecs
[   21.902645] PM: early resume of devices complete after 2.902 msecs
[   22.447293] PM: resume of devices complete after 544.615 msecs
[   22.615521] Restarting tasks ... done.
root@(none):/# 
root@(none):/# rtcwake -d rtc1 -m mem -s 3
rtcwake: assuming RTC uses UTC ...
rtcwake: wakeup from "mem" using /dev/rtc1 at Thu Jan  1 00:00:52 1970
[   23.403309] PM: Syncing filesystems ... done.
[   23.442544] Freezing user space processes ... (elapsed 0.001 seconds) done.
[   23.450901] Freezing remaining freezable tasks ... (elapsed 0.001 seconds) done.
[   23.459760] Suspending console(s) (use no_console_suspend to debug)
[   23.488589] PM: suspend of devices complete after 20.910 msecs
[   23.493462] PM: late suspend of devices complete after 4.841 msecs
[   23.519394] PM: noirq suspend of devices complete after 25.901 msecs
[   23.519407] Disabling non-boot CPUs ...
[   23.586811] Entering suspend state LP1
[   23.586811] Suspended for 3.250 seconds
[   23.586854] Enabling non-boot CPUs ...
[   23.617770] CPU1 is up
[   23.619239] pcieport 0000:00:01.0: nv_msi_ht_cap_quirk didn't locate host bridge
[   23.648952] PM: noirq resume of devices complete after 31.148 msecs
[   23.652394] PM: early resume of devices complete after 2.876 msecs
[   24.187804] PM: resume of devices complete after 535.377 msecs
[   24.253046] Restarting tasks ... done.
root@(none):/# 
root@(none):/# rtcwake -d rtc1 -m mem -s 3
rtcwake: assuming RTC uses UTC ...
rtcwake: wakeup from "mem" using /dev/rtc1 at Thu Jan  1 00:00:57 1970
[   25.153480] PM: Syncing filesystems ... done.
[   25.198563] Freezing user space processes ... (elapsed 0.001 seconds) done.
[   25.207086] Freezing remaining freezable tasks ... (elapsed 0.001 seconds) done.
[   25.216142] Suspending console(s) (use no_console_suspend to debug)
[   25.266168] PM: suspend of devices complete after 41.381 msecs
[   25.270962] PM: late suspend of devices complete after 4.762 msecs
[   25.299307] PM: noirq suspend of devices complete after 28.315 msecs
[   25.299320] Disabling non-boot CPUs ...
[   25.366809] Entering suspend state LP1
[   25.366809] Suspended for 3.219 seconds
[   25.366851] Enabling non-boot CPUs ...
[   25.397692] CPU1 is up
[   25.398899] pcieport 0000:00:01.0: nv_msi_ht_cap_quirk didn't locate host bridge
[   25.429008] PM: noirq resume of devices complete after 31.283 msecs
[   25.432529] PM: early resume of devices complete after 2.942 msecs
[   25.967649] PM: resume of devices complete after 535.088 msecs
[   26.032898] Restarting tasks ... done.
root@(none):/# 
root@(none):/# rtcwake -d rtc1 -m mem -s 3
rtcwake: assuming RTC uses UTC ...
rtcwake: wakeup from "mem" using /dev/rtc1 at Thu Jan  1 00:01:02 1970
[   26.933223] PM: Syncing filesystems ... done.
[   26.978331] Freezing user space processes ... (elapsed 0.001 seconds) done.
[   26.986894] Freezing remaining freezable tasks ... (elapsed 0.001 seconds) done.
[   26.995870] Suspending console(s) (use no_console_suspend to debug)
[   27.033994] pci_generic_config_write32: 65 callbacks suppressed
[   27.034041] pci_bus 0000:00: 2-byte config write to 0000:00:01.0 offset 0x9c may corrupt adjacent RW1C bits
[   27.045865] PM: suspend of devices complete after 42.029 msecs
[   27.050835] PM: late suspend of devices complete after 4.938 msecs
[   27.054830] pci_bus 0000:01: 2-byte config write to 0000:01:00.0 offset 0x44 may corrupt adjacent RW1C bits
[   27.054890] pci_bus 0000:01: 2-byte config write to 0000:01:00.0 offset 0x44 may corrupt adjacent RW1C bits
[   27.079173] PM: noirq suspend of devices complete after 28.308 msecs
[   27.079186] Disabling non-boot CPUs ...
[   27.146634] Entering suspend state LP1
[   27.146634] Suspended for 3.220 seconds
[   27.146676] Enabling non-boot CPUs ...
[   27.177647] CPU1 is up
[   27.179075] pci_bus 0000:00: 2-byte config write to 0000:00:01.0 offset 0x4c may corrupt adjacent RW1C bits
[   27.179124] pci_bus 0000:00: 2-byte config write to 0000:00:01.0 offset 0x88 may corrupt adjacent RW1C bits
[   27.179158] pci_bus 0000:00: 2-byte config write to 0000:00:01.0 offset 0x90 may corrupt adjacent RW1C bits
[   27.179186] pci_bus 0000:00: 2-byte config write to 0000:00:01.0 offset 0x98 may corrupt adjacent RW1C bits
[   27.179213] pci_bus 0000:00: 2-byte config write to 0000:00:01.0 offset 0x9c may corrupt adjacent RW1C bits
[   27.179296] pci_bus 0000:00: 2-byte config write to 0000:00:01.0 offset 0x52 may corrupt adjacent RW1C bits
[   27.179329] pci_bus 0000:00: 2-byte config write to 0000:00:01.0 offset 0x52 may corrupt adjacent RW1C bits
[   27.179403] pcieport 0000:00:01.0: nv_msi_ht_cap_quirk didn't locate host bridge
[   27.208934] PM: noirq resume of devices complete after 31.254 msecs
[   27.212444] PM: early resume of devices complete after 2.932 msecs
[   27.756324] PM: resume of devices complete after 543.849 msecs
[   27.924553] Restarting tasks ... done.
root@(none):/# 
root@(none):/# rtcwake -d rtc1 -m mem -s 3
rtcwake: assuming RTC uses UTC ...
rtcwake: wakeup from "mem" using /dev/rtc1 at Thu Jan  1 00:01:07 1970
[   28.713146] PM: Syncing filesystems ... done.
[   28.758254] Freezing user space processes ... (elapsed 0.001 seconds) done.
[   28.766709] Freezing remaining freezable tasks ... (elapsed 0.001 seconds) done.
[   28.775567] Suspending console(s) (use no_console_suspend to debug)
[   28.825635] PM: suspend of devices complete after 42.104 msecs
[   28.830758] PM: late suspend of devices complete after 5.090 msecs
[   28.859149] PM: noirq suspend of devices complete after 28.360 msecs
[   28.859162] Disabling non-boot CPUs ...
[   28.926578] Entering suspend state LP1
[   28.926578] Suspended for 3.219 seconds
[   28.926622] Enabling non-boot CPUs ...
[   28.957558] CPU1 is up
[   28.960159] pcieport 0000:00:01.0: nv_msi_ht_cap_quirk didn't locate host bridge
[   28.998724] PM: noirq resume of devices complete after 41.133 msecs
[   29.002627] PM: early resume of devices complete after 3.160 msecs
[   29.546777] PM: resume of devices complete after 544.118 msecs
[   29.611966] Restarting tasks ... done.
root@(none):/# 
root@(none):/# rtcwake -d rtc1 -m mem -s 3
rtcwake: assuming RTC uses UTC ...
rtcwake: wakeup from "mem" using /dev/rtc1 at Thu Jan  1 00:01:12 1970
[   30.493043] PM: Syncing filesystems ... done.
[   30.538092] Freezing user space processes ... (elapsed 0.001 seconds) done.
[   30.546454] Freezing remaining freezable tasks ... (elapsed 0.001 seconds) done.
[   30.555314] Suspending console(s) (use no_console_suspend to debug)
[   30.606563] PM: suspend of devices complete after 43.295 msecs
[   30.611422] PM: late suspend of devices complete after 4.828 msecs
[   30.639186] PM: noirq suspend of devices complete after 27.734 msecs
[   30.639199] Disabling non-boot CPUs ...
[   30.696420] Entering suspend state LP1
[   30.696420] Suspended for 3.230 seconds
[   30.696463] Enabling non-boot CPUs ...
[   30.727446] CPU1 is up
[   30.728945] pcieport 0000:00:01.0: nv_msi_ht_cap_quirk didn't locate host bridge
[   30.758752] PM: noirq resume of devices complete after 31.272 msecs
[   30.762264] PM: early resume of devices complete after 2.952 msecs
[   31.307606] PM: resume of devices complete after 545.309 msecs
[   31.372752] Restarting tasks ... done.
root@(none):/# 
root@(none):/# rtcwake -d rtc1 -m mem -s 3
rtcwake: assuming RTC uses UTC ...
rtcwake: wakeup from "mem" using /dev/rtc1 at Thu Jan  1 00:01:17 1970
[   32.263570] PM: Syncing filesystems ... done.
[   32.308888] Freezing user space processes ... (elapsed 0.001 seconds) done.
[   32.317328] Freezing remaining freezable tasks ... (elapsed 0.001 seconds) done.
[   32.325985] Suspending console(s) (use no_console_suspend to debug)
[   32.364025] pci_generic_config_write32: 65 callbacks suppressed
[   32.364070] pci_bus 0000:00: 2-byte config write to 0000:00:01.0 offset 0x9c may corrupt adjacent RW1C bits
[   32.375796] PM: suspend of devices complete after 41.163 msecs
[   32.380660] PM: late suspend of devices complete after 4.834 msecs
[   32.384700] pci_bus 0000:01: 2-byte config write to 0000:01:00.0 offset 0x44 may corrupt adjacent RW1C bits
[   32.384758] pci_bus 0000:01: 2-byte config write to 0000:01:00.0 offset 0x44 may corrupt adjacent RW1C bits
[   32.408951] PM: noirq suspend of devices complete after 28.260 msecs
[   32.408964] Disabling non-boot CPUs ...
[   32.446328] Entering suspend state LP1
[   32.446328] Suspended for 3.250 seconds
[   32.446372] Enabling non-boot CPUs ...
[   32.477356] CPU1 is up
[   32.478807] pci_bus 0000:00: 2-byte config write to 0000:00:01.0 offset 0x4c may corrupt adjacent RW1C bits
[   32.478858] pci_bus 0000:00: 2-byte config write to 0000:00:01.0 offset 0x88 may corrupt adjacent RW1C bits
[   32.478892] pci_bus 0000:00: 2-byte config write to 0000:00:01.0 offset 0x90 may corrupt adjacent RW1C bits
[   32.478920] pci_bus 0000:00: 2-byte config write to 0000:00:01.0 offset 0x98 may corrupt adjacent RW1C bits
[   32.478947] pci_bus 0000:00: 2-byte config write to 0000:00:01.0 offset 0x9c may corrupt adjacent RW1C bits
[   32.479029] pci_bus 0000:00: 2-byte config write to 0000:00:01.0 offset 0x52 may corrupt adjacent RW1C bits
[   32.479063] pci_bus 0000:00: 2-byte config write to 0000:00:01.0 offset 0x52 may corrupt adjacent RW1C bits
[   32.479135] pcieport 0000:00:01.0: nv_msi_ht_cap_quirk didn't locate host bridge
[   32.508672] PM: noirq resume of devices complete after 31.281 msecs
[   32.512166] PM: early resume of devices complete after 2.935 msecs
[   33.056427] PM: resume of devices complete after 544.229 msecs
[   33.224671] Restarting tasks ... done.
root@(none):/# 
root@(none):/# NVTB SYSTEM SUSPEND TEST COMPLETE
