
U-Boot SPL 2015.04-rc3-00209-ga74ef40 (Mar 16 2015 - 14:43:39)


U-Boot 2015.04-rc3-00209-ga74ef40 (Mar 16 2015 - 14:43:39)

TEGRA20
Model: Compulab TrimSlice board
DRAM:  1 GiB
MMC:   Tegra SD/MMC: 0, Tegra SD/MMC: 1
SF: Detected W25Q80BL with page size 256 Bytes, erase size 4 KiB, total 1 MiB
tegra-pcie: PCI regions:
tegra-pcie:   I/O: 0x82000000-0x82010000
tegra-pcie:   non-prefetchable memory: 0xa0000000-0xa8000000
tegra-pcie:   prefetchable memory: 0xa8000000-0xc0000000
tegra-pcie: dual-mode configuration
tegra-pcie: probing port 0, using 2 lanes
In:    serial
Out:   serial
Err:   serial
Net:   RTL8169#0
Hit any key to stop autoboot:  2  0 
Tegra20 (TrimSlice) # 
Tegra20 (TrimSlice) # usb reset
resetting USB...
USB0:   USB EHCI 1.00
scanning bus 0 for devices... 3 USB Device(s) found
USB1:   USB EHCI 1.00
scanning bus 1 for devices... 1 USB Device(s) found
USB2:   lowlevel init failed
       scanning usb for storage devices... 0 Storage Device(s) found
       scanning usb for ethernet devices... 
Warning: asx0 using MAC address from net device
1 Ethernet Device(s) found
Tegra20 (TrimSlice) # setenv bootargs 'ignore_loglevel console=ttyS0,115200n8 rw root=PARTUUID=11eb23c1-01 rootwait gpt debug noinitrd earlyprintk init=/bin/bash'
Tegra20 (TrimSlice) # setenv ipaddr 192.168.100.103; setenv serverip 192.168.100.1; setenv tftpserverip 192.168.100.1
Tegra20 (TrimSlice) # tftpboot 0x00408000 zImage.multi_v7_defconfig
Using RTL8169#0 device
TFTP from server 192.168.100.1; our IP address is 192.168.100.103
Filename 'zImage.multi_v7_defconfig'.
Load address: 0x408000
Loading: *#################################################################
	 #################################################################
	 #################################################################
	 #################################################################
	 #################################################################
	 #################################################################
	 #################################################################
	 #################################################################
	 ###################
	 4 MiB/s
done
Bytes transferred = 7909912 (78b218 hex)
Tegra20 (TrimSlice) # tftpboot 0x02408000 tegra20-trimslice.dtb
Using RTL8169#0 device
TFTP from server 192.168.100.1; our IP address is 192.168.100.103
Filename 'tegra20-trimslice.dtb'.
Load address: 0x2408000
Loading: *##
	 3.4 MiB/s
done
Bytes transferred = 21426 (53b2 hex)
Tegra20 (TrimSlice) # bootz 0x00408000 - 0x02408000
Kernel image @ 0x408000 [ 0x000000 - 0x78b218 ]
## Flattened Device Tree blob at 02408000
   Booting using the fdt blob at 0x2408000
   Using Device Tree in place at 02408000, end 024103b1

Starting kernel ...

[    0.000000] Booting Linux on physical CPU 0x0
[    0.000000] Linux version 4.12.0-rc3-next-20170601-175584-g3ab334e (jonathanh@sellafield) (gcc version 4.7.3 20130328 (prerelease) (crosstool-NG linaro-1.13.1-4.7-2013.04-20130415 - Linaro GCC 2013.04) ) #1 SMP Wed May 31 22:50:13 PDT 2017
[    0.000000] CPU: ARMv7 Processor [411fc090] revision 0 (ARMv7), cr=10c5387d
[    0.000000] CPU: PIPT / VIPT nonaliasing data cache, VIPT aliasing instruction cache
[    0.000000] OF: fdt: Machine model: Compulab TrimSlice board
[    0.000000] debug: ignoring loglevel setting.
[    0.000000] Memory policy: Data cache writealloc
[    0.000000] efi: Getting EFI parameters from FDT:
[    0.000000] efi: UEFI not found.
[    0.000000] cma: Reserved 64 MiB at 0x3c000000
[    0.000000] On node 0 totalpages: 262144
[    0.000000] free_area_init_node: node 0, pgdat c157c3c0, node_mem_map ef7f8000
[    0.000000]   DMA zone: 1536 pages used for memmap
[    0.000000]   DMA zone: 0 pages reserved
[    0.000000]   DMA zone: 196608 pages, LIFO batch:31
[    0.000000]   HighMem zone: 65536 pages, LIFO batch:15
[    0.000000] percpu: Embedded 17 pages/cpu @ef7c4000 s39232 r8192 d22208 u69632
[    0.000000] pcpu-alloc: s39232 r8192 d22208 u69632 alloc=17*4096
[    0.000000] pcpu-alloc: [0] 0 [0] 1 
[    0.000000] Built 1 zonelists in Zone order, mobility grouping on.  Total pages: 260608
[    0.000000] Kernel command line: ignore_loglevel console=ttyS0,115200n8 rw root=PARTUUID=11eb23c1-01 rootwait gpt debug noinitrd earlyprintk init=/bin/bash
[    0.000000] PID hash table entries: 4096 (order: 2, 16384 bytes)
[    0.000000] Dentry cache hash table entries: 131072 (order: 7, 524288 bytes)
[    0.000000] Inode-cache hash table entries: 65536 (order: 6, 262144 bytes)
[    0.000000] Memory: 954388K/1048576K available (10240K kernel code, 1552K rwdata, 4380K rodata, 2048K init, 401K bss, 28652K reserved, 65536K cma-reserved, 196608K highmem)
[    0.000000] Virtual kernel memory layout:
[    0.000000]     vector  : 0xffff0000 - 0xffff1000   (   4 kB)
[    0.000000]     fixmap  : 0xffc00000 - 0xfff00000   (3072 kB)
[    0.000000]     vmalloc : 0xf0800000 - 0xff800000   ( 240 MB)
[    0.000000]     lowmem  : 0xc0000000 - 0xf0000000   ( 768 MB)
[    0.000000]     pkmap   : 0xbfe00000 - 0xc0000000   (   2 MB)
[    0.000000]     modules : 0xbf000000 - 0xbfe00000   (  14 MB)
[    0.000000]       .text : 0xc0208000 - 0xc0d00000   (11232 kB)
[    0.000000]       .init : 0xc1200000 - 0xc1400000   (2048 kB)
[    0.000000]       .data : 0xc1400000 - 0xc1584030   (1553 kB)
[    0.000000]        .bss : 0xc158dcd4 - 0xc15f2198   ( 402 kB)
[    0.000000] SLUB: HWalign=64, Order=0-3, MinObjects=0, CPUs=2, Nodes=1
[    0.000000] Hierarchical RCU implementation.
[    0.000000] 	RCU event tracing is enabled.
[    0.000000] 	RCU restricting CPUs from NR_CPUS=16 to nr_cpu_ids=2.
[    0.000000] RCU: Adjusting geometry for rcu_fanout_leaf=16, nr_cpu_ids=2
[    0.000000] NR_IRQS: 16, nr_irqs: 16, preallocated irqs: 16
[    0.000000] /interrupt-controller@60004000: 128 interrupts forwarded to /interrupt-controller@50041000
[    0.000000] L2C: platform modifies aux control register: 0x02080000 -> 0x3e480001
[    0.000000] L2C: DT/platform modifies aux control register: 0x02080000 -> 0x3e480001
[    0.000000] L2C-310 errata 727915 769419 enabled
[    0.000000] L2C-310 enabling early BRESP for Cortex-A9
[    0.000000] L2C-310: enabling full line of zeros but not enabled in Cortex-A9
[    0.000000] L2C-310 ID prefetch enabled, offset 1 lines
[    0.000000] L2C-310 cache controller enabled, 8 ways, 1024 kB
[    0.000000] L2C-310: CACHE_ID 0x410000c4, AUX_CTRL 0x7e480001
[    0.000010] sched_clock: 32 bits at 1000kHz, resolution 1000ns, wraps every 2147483647500ns
[    0.000026] clocksource: timer_us: mask: 0xffffffff max_cycles: 0xffffffff, max_idle_ns: 1911260446275 ns
[    0.000037] Switching to timer-based delay loop, resolution 1000ns
[    0.001665] Console: colour dummy device 80x30
[    0.001692] Calibrating delay loop (skipped), value calculated using timer frequency.. 2.00 BogoMIPS (lpj=10000)
[    0.001704] pid_max: default: 32768 minimum: 301
[    0.001777] Mount-cache hash table entries: 2048 (order: 1, 8192 bytes)
[    0.001787] Mountpoint-cache hash table entries: 2048 (order: 1, 8192 bytes)
[    0.002207] CPU: Testing write buffer coherency: ok
[    0.002409] CPU0: thread -1, cpu 0, socket 0, mpidr 80000000
[    0.002639] Setting up static identity map for 0x300000 - 0x3000a0
[    0.003268] Hierarchical SRCU implementation.
[    0.004091] Tegra Revision: A03 prime SKU: 8 CPU Process: 1 SoC Process: 2
[    0.004537] EFI services will not be available.
[    0.004700] smp: Bringing up secondary CPUs ...
[    0.005251] CPU1: thread -1, cpu 1, socket 0, mpidr 80000001
[    0.005317] smp: Brought up 1 node, 2 CPUs
[    0.005329] SMP: Total of 2 processors activated (4.00 BogoMIPS).
[    0.005334] CPU: All CPU(s) started in SVC mode.
[    0.005985] devtmpfs: initialized
[    0.009827] VFP support v0.3: implementor 41 architecture 3 part 30 variant 9 rev 1
[    0.010088] clocksource: jiffies: mask: 0xffffffff max_cycles: 0xffffffff, max_idle_ns: 19112604462750000 ns
[    0.010104] futex hash table entries: 512 (order: 3, 32768 bytes)
[    0.013065] pinctrl core: initialized pinctrl subsystem
[    0.014314] NET: Registered protocol family 16
[    0.016353] DMA: preallocated 256 KiB pool for atomic coherent allocations
[    0.017848] cpuidle: using governor menu
[    0.035293] No ATAGs?
[    0.035357] hw-breakpoint: found 5 (+1 reserved) breakpoint and 1 watchpoint registers.
[    0.035368] hw-breakpoint: maximum watchpoint size is 4 bytes.
[    0.040881] Serial: AMBA PL011 UART driver
[    0.052475] AT91: Could not find identification node
[    0.053035] usb1_vbus: Failed to request enable GPIO170: -517
[    0.053051] reg-fixed-voltage regulators:regulator@2: Failed to register regulator: -517
[    0.056469] vgaarb: loaded
[    0.057051] SCSI subsystem initialized
[    0.057171] libata version 3.00 loaded.
[    0.057365] usbcore: registered new interface driver usbfs
[    0.057408] usbcore: registered new interface driver hub
[    0.057447] usbcore: registered new device driver usb
[    0.059444] pps_core: LinuxPPS API ver. 1 registered
[    0.059452] pps_core: Software ver. 5.3.6 - Copyright 2005-2007 Rodolfo Giometti <giometti@linux.it>
[    0.059468] PTP clock support registered
[    0.059615] EDAC MC: Ver: 3.0.0
[    0.061433] clocksource: Switched to clocksource timer_us
[    0.100335] NET: Registered protocol family 2
[    0.100763] TCP established hash table entries: 8192 (order: 3, 32768 bytes)
[    0.100834] TCP bind hash table entries: 8192 (order: 4, 65536 bytes)
[    0.100947] TCP: Hash tables configured (established 8192 bind 8192)
[    0.101060] UDP hash table entries: 512 (order: 2, 16384 bytes)
[    0.101109] UDP-Lite hash table entries: 512 (order: 2, 16384 bytes)
[    0.101263] NET: Registered protocol family 1
[    0.101592] RPC: Registered named UNIX socket transport module.
[    0.101600] RPC: Registered udp transport module.
[    0.101606] RPC: Registered tcp transport module.
[    0.101611] RPC: Registered tcp NFSv4.1 backchannel transport module.
[    0.101620] PCI: CLS 0 bytes, default 64
[    0.102415] hw perfevents: no interrupt-affinity property for /pmu, guessing.
[    0.102565] hw perfevents: enabled with armv7_cortex_a9 PMU driver, 7 counters available
[    0.103877] workingset: timestamp_bits=30 max_order=18 bucket_order=0
[    0.110733] squashfs: version 4.0 (2009/01/31) Phillip Lougher
[    0.111345] NFS: Registering the id_resolver key type
[    0.111365] Key type id_resolver registered
[    0.111371] Key type id_legacy registered
[    0.111403] ntfs: driver 2.1.32 [Flags: R/O].
[    0.112693] bounce: pool size: 64 pages
[    0.112731] Block layer SCSI generic (bsg) driver version 0.4 loaded (major 248)
[    0.112740] io scheduler noop registered
[    0.112745] io scheduler deadline registered
[    0.112771] io scheduler cfq registered (default)
[    0.112778] io scheduler mq-deadline registered
[    0.112783] io scheduler kyber registered
[    0.124126] tegra-pcie 80003000.pcie-controller: dual-mode configuration
[    0.124831] tegra-pcie 80003000.pcie-controller: probing port 0, using 2 lanes
[    0.207326] tegra-pcie 80003000.pcie-controller: PCI host bridge to bus 0000:00
[    0.207338] pci_bus 0000:00: root bus resource [io  0x0000-0xffff]
[    0.207347] pci_bus 0000:00: root bus resource [mem 0xa0000000-0xa7ffffff]
[    0.207355] pci_bus 0000:00: root bus resource [mem 0xa8000000-0xbfffffff pref]
[    0.207363] pci_bus 0000:00: root bus resource [bus 00-ff]
[    0.207393] pci 0000:00:01.0: [10de:0bf0] type 01 class 0x060000
[    0.207422] pci_bus 0000:00: 2-byte config write to 0000:00:01.0 offset 0x88 may corrupt adjacent RW1C bits
[    0.207448] pci_bus 0000:00: 2-byte config write to 0000:00:01.0 offset 0x52 may corrupt adjacent RW1C bits
[    0.207471] pci 0000:00:01.0: PME# supported from D0 D1 D2 D3hot D3cold
[    0.207482] pci_bus 0000:00: 2-byte config write to 0000:00:01.0 offset 0x4c may corrupt adjacent RW1C bits
[    0.207651] pci_bus 0000:00: 2-byte config write to 0000:00:01.0 offset 0x3e may corrupt adjacent RW1C bits
[    0.207663] pci_bus 0000:00: 2-byte config write to 0000:00:01.0 offset 0x4 may corrupt adjacent RW1C bits
[    0.207673] pci_bus 0000:00: 1-byte config write to 0000:00:01.0 offset 0xc may corrupt adjacent RW1C bits
[    0.207679] PCI: bus0: Fast back to back transfers disabled
[    0.207688] pci 0000:00:01.0: bridge configuration invalid ([bus 00-00]), reconfiguring
[    0.207698] pci_bus 0000:00: 2-byte config write to 0000:00:01.0 offset 0x3e may corrupt adjacent RW1C bits
[    0.207708] pci_bus 0000:00: 2-byte config write to 0000:00:01.0 offset 0x3e may corrupt adjacent RW1C bits
[    0.207719] pci_bus 0000:00: 2-byte config write to 0000:00:01.0 offset 0x3e may corrupt adjacent RW1C bits
[    0.207728] pci_bus 0000:00: 2-byte config write to 0000:00:01.0 offset 0x6 may corrupt adjacent RW1C bits
[    0.207855] pci 0000:01:00.0: [10ec:8168] type 00 class 0x020000
[    0.207882] pci 0000:01:00.0: reg 0x10: [io  0x0000-0x00ff]
[    0.207906] pci 0000:01:00.0: reg 0x18: [mem 0x00000000-0x00000fff 64bit pref]
[    0.207924] pci 0000:01:00.0: reg 0x20: [mem 0x00000000-0x00003fff 64bit pref]
[    0.207938] pci 0000:01:00.0: reg 0x30: [mem 0x00000000-0x0001ffff pref]
[    0.208012] pci 0000:01:00.0: supports D1 D2
[    0.208020] pci 0000:01:00.0: PME# supported from D0 D1 D2 D3hot D3cold
[    0.231459] PCI: bus1: Fast back to back transfers disabled
[    0.231472] pci_bus 0000:01: busn_res: [bus 01-ff] end is updated to 01
[    0.231485] Disabling cpuidle LP2 state, since PCIe IRQs are in use
[    0.231544] pci 0000:00:01.0: BAR 8: assigned [mem 0xa0000000-0xa00fffff]
[    0.231556] pci 0000:00:01.0: BAR 9: assigned [mem 0xa8000000-0xa80fffff 64bit pref]
[    0.231566] pci 0000:00:01.0: BAR 7: assigned [io  0x1000-0x1fff]
[    0.231578] pci 0000:01:00.0: BAR 6: assigned [mem 0xa0000000-0xa001ffff pref]
[    0.231588] pci 0000:01:00.0: BAR 4: assigned [mem 0xa8000000-0xa8003fff 64bit pref]
[    0.231608] pci 0000:01:00.0: BAR 2: assigned [mem 0xa8004000-0xa8004fff 64bit pref]
[    0.231626] pci 0000:01:00.0: BAR 0: assigned [io  0x1000-0x10ff]
[    0.231637] pci 0000:00:01.0: PCI bridge to [bus 01]
[    0.231645] pci 0000:00:01.0:   bridge window [io  0x1000-0x1fff]
[    0.231655] pci 0000:00:01.0:   bridge window [mem 0xa0000000-0xa00fffff]
[    0.231664] pci 0000:00:01.0:   bridge window [mem 0xa8000000-0xa80fffff 64bit pref]
[    0.231686] pci 0000:00:01.0: nv_msi_ht_cap_quirk didn't locate host bridge
[    0.231747] pcieport 0000:00:01.0: enabling device (0140 -> 0143)
[    0.231954] pcieport 0000:00:01.0: Signaling PME with IRQ 295
[    0.238121] tegra-apbdma 6000a000.dma: Tegra20 APB DMA driver register 16 channels
[    0.287405] Serial: 8250/16550 driver, 4 ports, IRQ sharing disabled
[    0.289695] console [ttyS0] disabled
[    0.289731] 70006000.serial: ttyS0 at MMIO 0x70006000 (irq = 279, base_baud = 13500000) is a Tegra
[    1.361731] console [ttyS0] enabled
[    1.365793] SuperH (H)SCI(F) driver initialized
[    1.371010] msm_serial: driver initialized
[    1.375256] STMicroelectronics ASC driver initialized
[    1.384689] tegra-hdmi 54280000.hdmi: 54280000.hdmi supply hdmi not found, using dummy regulator
[    1.395461] [drm] Supports vblank timestamp caching Rev 2 (21.10.2013).
[    1.402077] [drm] No driver support for vblank timestamp query.
[    1.408020] [drm] Cannot find any crtc or sizes - going 1024x768
[    1.430179] Console: switching to colour frame buffer device 128x48
[    1.444876] drm drm: fb0:  frame buffer device
[    1.449357] [drm] Initialized tegra 0.0.0 20120330 for drm on minor 0
[    1.465059] brd: module loaded
[    1.473766] loop: module loaded
[    1.482972] m25p80 spi32766.0: found s25fl008k, expected w25q80bl
[    1.489057] m25p80 spi32766.0: s25fl008k (1024 Kbytes)
[    1.496463] libphy: Fixed MDIO Bus: probed
[    1.501381] CAN device driver interface
[    1.505958] bgmac_bcma: Broadcom 47xx GBit MAC driver loaded
[    1.512571] e1000e: Intel(R) PRO/1000 Network Driver - 3.2.6-k
[    1.518388] e1000e: Copyright(c) 1999 - 2015 Intel Corporation.
[    1.524361] igb: Intel(R) Gigabit Ethernet Network Driver - version 5.4.0-k
[    1.531304] igb: Copyright (c) 2007-2014 Intel Corporation.
[    1.537425] r8169 Gigabit Ethernet driver 2.3LK-NAPI loaded
[    1.543025] r8169 0000:01:00.0: enabling device (0140 -> 0143)
[    1.549673] r8169 0000:01:00.0 eth0: RTL8168d/8111d at 0xf08fc000, 00:01:c0:13:7d:63, XID 081000c0 IRQ 296
[    1.559331] r8169 0000:01:00.0 eth0: jumbo features [frames: 9200 bytes, tx checksumming: ko]
[    1.570010] pegasus: v0.9.3 (2013/04/25), Pegasus/Pegasus II USB Ethernet driver
[    1.577467] usbcore: registered new interface driver pegasus
[    1.583168] usbcore: registered new interface driver asix
[    1.588589] usbcore: registered new interface driver ax88179_178a
[    1.594714] usbcore: registered new interface driver cdc_ether
[    1.600572] usbcore: registered new interface driver smsc75xx
[    1.606363] usbcore: registered new interface driver smsc95xx
[    1.612138] usbcore: registered new interface driver net1080
[    1.617815] usbcore: registered new interface driver cdc_subset
[    1.623764] usbcore: registered new interface driver zaurus
[    1.629372] usbcore: registered new interface driver cdc_ncm
[    1.635314] tegra-phy c5004000.usb-phy: no vbus regulator
[    1.641813] tegra-phy c5008000.usb-phy: no vbus regulator
[    1.648533] ehci_hcd: USB 2.0 'Enhanced' Host Controller (EHCI) Driver
[    1.655066] ehci-pci: EHCI PCI platform driver
[    1.659533] ehci-platform: EHCI generic platform driver
[    1.664914] ehci-orion: EHCI orion driver
[    1.669029] SPEAr-ehci: EHCI SPEAr driver
[    1.673151] ehci-st: EHCI STMicroelectronics driver
[    1.678118] ehci-exynos: EHCI EXYNOS driver
[    1.682424] ehci-atmel: EHCI Atmel driver
[    1.686521] tegra-ehci: Tegra EHCI driver
[    1.742637] ulpi_phy_power_on: ulpi write failed
[    1.747244] tegra-ehci c5004000.usb: Failed to power on the phy
[    1.753179] tegra-ehci: probe of c5004000.usb failed with error -110
[    1.762156] tegra-ehci c5008000.usb: EHCI Host Controller
[    1.767561] tegra-ehci c5008000.usb: new USB bus registered, assigned bus number 1
[    1.775392] tegra-ehci c5008000.usb: irq 290, io mem 0xc5008000
[    1.801450] tegra-ehci c5008000.usb: USB 2.0 started, EHCI 1.00
[    1.807984] hub 1-0:1.0: USB hub found
[    1.811767] hub 1-0:1.0: 1 port detected
[    1.815990] ohci_hcd: USB 1.1 'Open' Host Controller (OHCI) Driver
[    1.822182] ohci-pci: OHCI PCI platform driver
[    1.826660] ohci-platform: OHCI generic platform driver
[    1.832038] ohci-omap3: OHCI OMAP3 driver
[    1.836140] SPEAr-ohci: OHCI SPEAr driver
[    1.840241] ohci-st: OHCI STMicroelectronics driver
[    1.845234] ohci-atmel: OHCI Atmel driver
[    1.849831] usbcore: registered new interface driver usb-storage
[    1.858487] rtc-em3027 2-0056: rtc core: registered rtc-em3027 as rtc0
[    1.866198] tegra_rtc 7000e000.rtc: rtc core: registered 7000e000.rtc as rtc1
[    1.873369] tegra_rtc 7000e000.rtc: Tegra internal Real Time Clock
[    1.879940] i2c /dev entries driver
[    1.893041] sdhci: Secure Digital Host Controller Interface driver
[    1.899207] sdhci: Copyright(c) Pierre Ossman
[    1.904748] Synopsys Designware Multimedia Card Interface Driver
[    1.911718] sdhci-pltfm: SDHCI platform and OF driver helper
[    1.925661] mmc0: Invalid maximum block size, assuming 512 bytes
[    1.991452] mmc0: SDHCI controller on c8000000.sdhci [c8000000.sdhci] using ADMA
[    1.998935] sdhci-tegra c8000600.sdhci: Got CD GPIO
[    2.003843] sdhci-tegra c8000600.sdhci: Got WP GPIO
[    2.016881] mmc1: Invalid maximum block size, assuming 512 bytes
[    2.081550] mmc1: SDHCI controller on c8000600.sdhci [c8000600.sdhci] using ADMA
[    2.090392] ledtrig-cpu: registered to indicate activity on CPUs
[    2.096691] usbcore: registered new interface driver usbhid
[    2.102267] usbhid: USB HID core driver
[    2.109432] NET: Registered protocol family 10
[    2.114862] Segment Routing with IPv6
[    2.118564] sit: IPv6, IPv4 and MPLS over IPv4 tunneling driver
[    2.124996] NET: Registered protocol family 17
[    2.129437] can: controller area network core (rev 20170425 abi 9)
[    2.135666] NET: Registered protocol family 29
[    2.140098] can: raw protocol (rev 20170425)
[    2.144369] can: broadcast manager protocol (rev 20170425 t)
[    2.150017] can: netlink gateway (rev 20170425) max_hops=1
[    2.155827] Key type dns_resolver registered
[    2.160473] ThumbEE CPU extension supported.
[    2.164758] Registering SWP/SWPB emulation handler
[    2.177732] utmi_phy_clk_enable: timeout waiting for phy to stabilize
[    2.181470] usb 1-1: new high-speed USB device number 2 using tegra-ehci
[    2.190894] tegra-ehci c5000000.usb: EHCI Host Controller
[    2.196309] tegra-ehci c5000000.usb: new USB bus registered, assigned bus number 2
[    2.204179] tegra-ehci c5000000.usb: irq 288, io mem 0xc5000000
[    2.300449] mmc1: new high speed SD card at address b368
[    2.306316] mmcblk1: mmc1:b368 NCard 1.83 GiB (ro)
[    2.313815]  mmcblk1: p1 p2
[    2.351474] tegra-ehci c5000000.usb: USB 2.0 started, EHCI 1.00
[    2.358260] hub 2-0:1.0: USB hub found
[    2.362083] hub 2-0:1.0: 1 port detected
[    2.367279] input: gpio-keys as /devices/soc0/gpio-keys/input/input0
[    2.374384] rtc-em3027 2-0056: hctosys: unable to read the hardware clock
[    2.374389] hub 1-1:1.0: USB hub found
[    2.374543] hub 1-1:1.0: 4 ports detected
[    2.389843] Waiting for root device PARTUUID=11eb23c1-01...
[    2.691507] usb 1-1.2: new high-speed USB device number 3 using tegra-ehci
[    3.259213] mmc0: host does not support reading read-only switch, assuming write-enable
[    3.269373] mmc0: new high speed SDHC card at address b368
[    3.276345] mmcblk0: mmc0:b368 NCard 3.70 GiB 
[    3.284265]  mmcblk0: p1
[    3.316687] asix 1-1.2:1.0 eth1: register 'asix' at usb-c5008000.usb-1.2, ASIX AX88772 USB 2.0 Ethernet, 00:60:6e:60:6c:68
[    3.329862] EXT4-fs (mmcblk0p1): mounting ext3 file system using the ext4 subsystem
[    3.574136] EXT4-fs (mmcblk0p1): recovery complete
[    3.645164] random: fast init done
[    3.650868] EXT4-fs (mmcblk0p1): mounted filesystem with ordered data mode. Opts: (null)
[    3.659076] VFS: Mounted root (ext3 filesystem) on device 179:17.
[    3.675074] devtmpfs: mounted
[    3.682979] Freeing unused kernel memory: 2048K
bash: cannot set terminal process group (-1): Inappropriate ioctl for device
bash: no job control in this shell
root@(none):/#  
root@(none):/# mount -t sysfs none /sys
root@(none):/# 
root@(none):/# mount -t debugfs none /sys/kernel/debug
root@(none):/# 
root@(none):/# rtcwake -d rtc1 -m mem -s 3
rtcwake: assuming RTC uses UTC ...
rtcwake: wakeup from "mem" using /dev/rtc1 at Thu Jan  1 00:00:33 1970
[   15.369333] PM: Syncing filesystems ... done.
[   15.415504] Freezing user space processes ... (elapsed 0.001 seconds) done.
[   15.423966] OOM killer disabled.
[   15.427206] Freezing remaining freezable tasks ... (elapsed 0.001 seconds) done.
[   15.436240] Suspending console(s) (use no_console_suspend to debug)
[   15.477683] pci_generic_config_write32: 38 callbacks suppressed
[   15.477729] pci_bus 0000:00: 2-byte config write to 0000:00:01.0 offset 0x9c may corrupt adjacent RW1C bits
[   15.489391] PM: suspend of devices complete after 44.452 msecs
[   15.494248] PM: late suspend of devices complete after 4.824 msecs
[   15.497682] pci_bus 0000:01: 2-byte config write to 0000:01:00.0 offset 0x44 may corrupt adjacent RW1C bits
[   15.497740] pci_bus 0000:01: 2-byte config write to 0000:01:00.0 offset 0x44 may corrupt adjacent RW1C bits
[   15.522091] PM: noirq suspend of devices complete after 27.812 msecs
[   15.522104] Disabling non-boot CPUs ...
[   15.562938] IRQ294 no longer affine to CPU1
[   15.611040] Entering suspend state LP1
[   15.611040] Suspended for 2.472 seconds
[   15.611087] Enabling non-boot CPUs ...
[   15.640952] CPU1 is up
[   15.641942] pci_bus 0000:00: 2-byte config write to 0000:00:01.0 offset 0x4c may corrupt adjacent RW1C bits
[   15.641990] pci_bus 0000:00: 2-byte config write to 0000:00:01.0 offset 0x88 may corrupt adjacent RW1C bits
[   15.642022] pci_bus 0000:00: 2-byte config write to 0000:00:01.0 offset 0x90 may corrupt adjacent RW1C bits
[   15.642052] pci_bus 0000:00: 2-byte config write to 0000:00:01.0 offset 0x98 may corrupt adjacent RW1C bits
[   15.642080] pci_bus 0000:00: 2-byte config write to 0000:00:01.0 offset 0x9c may corrupt adjacent RW1C bits
[   15.642160] pci_bus 0000:00: 2-byte config write to 0000:00:01.0 offset 0x52 may corrupt adjacent RW1C bits
[   15.642192] pci_bus 0000:00: 2-byte config write to 0000:00:01.0 offset 0x52 may corrupt adjacent RW1C bits
[   15.642267] pcieport 0000:00:01.0: nv_msi_ht_cap_quirk didn't locate host bridge
[   15.671846] PM: noirq resume of devices complete after 30.860 msecs
[   15.675458] PM: early resume of devices complete after 3.028 msecs
[   16.220592] PM: resume of devices complete after 545.100 msecs
[   16.393344] OOM killer enabled.
[   16.396472] Restarting tasks ... done.
root@(none):/# 
root@(none):/# rtcwake -d rtc1 -m mem -s 3
rtcwake: assuming RTC uses UTC ...
rtcwake: wakeup from "mem" using /dev/rtc1 at Thu Jan  1 00:00:38 1970
[   17.436694] PM: Syncing filesystems ... done.
[   17.481906] Freezing user space processes ... (elapsed 0.001 seconds) done.
[   17.490323] OOM killer disabled.
[   17.493652] Freezing remaining freezable tasks ... (elapsed 0.001 seconds) done.
[   17.502722] Suspending console(s) (use no_console_suspend to debug)
[   17.559268] PM: suspend of devices complete after 47.787 msecs
[   17.564218] PM: late suspend of devices complete after 4.916 msecs
[   17.591985] PM: noirq suspend of devices complete after 27.735 msecs
[   17.591998] Disabling non-boot CPUs ...
[   17.632829] IRQ294 no longer affine to CPU1
[   17.669894] Entering suspend state LP1
[   17.669894] Suspended for 2.941 seconds
[   17.669942] Enabling non-boot CPUs ...
[   17.700904] CPU1 is up
[   17.702125] pcieport 0000:00:01.0: nv_msi_ht_cap_quirk didn't locate host bridge
[   17.731759] PM: noirq resume of devices complete after 30.821 msecs
[   17.735252] PM: early resume of devices complete after 2.914 msecs
[   18.270527] PM: resume of devices complete after 535.243 msecs
[   18.338038] OOM killer enabled.
[   18.341165] Restarting tasks ... done.
root@(none):/# 
root@(none):/# rtcwake -d rtc1 -m mem -s 3
rtcwake: assuming RTC uses UTC ...
rtcwake: wakeup from "mem" using /dev/rtc1 at Thu Jan  1 00:00:43 1970
[   19.496099] PM: Syncing filesystems ... done.
[   19.541217] Freezing user space processes ... (elapsed 0.001 seconds) done.
[   19.549709] OOM killer disabled.
[   19.553034] Freezing remaining freezable tasks ... (elapsed 0.001 seconds) done.
[   19.562091] Suspending console(s) (use no_console_suspend to debug)
[   19.618744] PM: suspend of devices complete after 48.026 msecs
[   19.623587] PM: late suspend of devices complete after 4.810 msecs
[   19.651955] PM: noirq suspend of devices complete after 28.335 msecs
[   19.651968] Disabling non-boot CPUs ...
[   19.692593] IRQ294 no longer affine to CPU1
[   19.749760] Entering suspend state LP1
[   19.749760] Suspended for 2.920 seconds
[   19.749806] Enabling non-boot CPUs ...
[   19.780848] CPU1 is up
[   19.782391] pcieport 0000:00:01.0: nv_msi_ht_cap_quirk didn't locate host bridge
[   19.811668] PM: noirq resume of devices complete after 30.786 msecs
[   19.815198] PM: early resume of devices complete after 2.947 msecs
[   20.360378] PM: resume of devices complete after 545.147 msecs
[   20.427932] OOM killer enabled.
[   20.431060] Restarting tasks ... done.
root@(none):/# 
root@(none):/# rtcwake -d rtc1 -m mem -s 3
rtcwake: assuming RTC uses UTC ...
rtcwake: wakeup from "mem" using /dev/rtc1 at Thu Jan  1 00:00:48 1970
[   21.576124] PM: Syncing filesystems ... done.
[   21.621426] Freezing user space processes ... (elapsed 0.001 seconds) done.
[   21.629853] OOM killer disabled.
[   21.633185] Freezing remaining freezable tasks ... (elapsed 0.001 seconds) done.
[   21.642255] Suspending console(s) (use no_console_suspend to debug)
[   21.687236] pci_generic_config_write32: 65 callbacks suppressed
[   21.687282] pci_bus 0000:00: 2-byte config write to 0000:00:01.0 offset 0x9c may corrupt adjacent RW1C bits
[   21.699279] PM: suspend of devices complete after 48.399 msecs
[   21.704265] PM: late suspend of devices complete after 4.954 msecs
[   21.708155] pci_bus 0000:01: 2-byte config write to 0000:01:00.0 offset 0x44 may corrupt adjacent RW1C bits
[   21.708213] pci_bus 0000:01: 2-byte config write to 0000:01:00.0 offset 0x44 may corrupt adjacent RW1C bits
[   21.731847] PM: noirq suspend of devices complete after 27.550 msecs
[   21.731860] Disabling non-boot CPUs ...
[   21.772518] IRQ294 no longer affine to CPU1
[   21.819756] Entering suspend state LP1
[   21.819756] Suspended for 2.929 seconds
[   21.819803] Enabling non-boot CPUs ...
[   21.850801] CPU1 is up
[   21.852222] pci_bus 0000:00: 2-byte config write to 0000:00:01.0 offset 0x4c may corrupt adjacent RW1C bits
[   21.852271] pci_bus 0000:00: 2-byte config write to 0000:00:01.0 offset 0x88 may corrupt adjacent RW1C bits
[   21.852302] pci_bus 0000:00: 2-byte config write to 0000:00:01.0 offset 0x90 may corrupt adjacent RW1C bits
[   21.852330] pci_bus 0000:00: 2-byte config write to 0000:00:01.0 offset 0x98 may corrupt adjacent RW1C bits
[   21.852357] pci_bus 0000:00: 2-byte config write to 0000:00:01.0 offset 0x9c may corrupt adjacent RW1C bits
[   21.852439] pci_bus 0000:00: 2-byte config write to 0000:00:01.0 offset 0x52 may corrupt adjacent RW1C bits
[   21.852472] pci_bus 0000:00: 2-byte config write to 0000:00:01.0 offset 0x52 may corrupt adjacent RW1C bits
[   21.852548] pcieport 0000:00:01.0: nv_msi_ht_cap_quirk didn't locate host bridge
[   21.881742] PM: noirq resume of devices complete after 30.908 msecs
[   21.885496] PM: early resume of devices complete after 2.978 msecs
[   22.429637] PM: resume of devices complete after 544.107 msecs
[   22.602266] OOM killer enabled.
[   22.605394] Restarting tasks ... done.
root@(none):/# 
root@(none):/# rtcwake -d rtc1 -m mem -s 3
rtcwake: assuming RTC uses UTC ...
rtcwake: wakeup from "mem" using /dev/rtc1 at Thu Jan  1 00:00:53 1970
[   23.646156] PM: Syncing filesystems ... done.
[   23.691422] Freezing user space processes ... (elapsed 0.001 seconds) done.
[   23.699884] OOM killer disabled.
[   23.703213] Freezing remaining freezable tasks ... (elapsed 0.001 seconds) done.
[   23.712268] Suspending console(s) (use no_console_suspend to debug)
[   23.768605] PM: suspend of devices complete after 47.712 msecs
[   23.773635] PM: late suspend of devices complete after 4.998 msecs
[   23.801778] PM: noirq suspend of devices complete after 28.112 msecs
[   23.801792] Disabling non-boot CPUs ...
[   23.872586] IRQ294 no longer affine to CPU1
[   23.919588] Entering suspend state LP1
[   23.919588] Suspended for 2.900 seconds
[   23.919635] Enabling non-boot CPUs ...
[   23.950676] CPU1 is up
[   23.952121] pcieport 0000:00:01.0: nv_msi_ht_cap_quirk didn't locate host bridge
[   23.981493] PM: noirq resume of devices complete after 30.783 msecs
[   23.984987] PM: early resume of devices complete after 2.909 msecs
[   24.519851] PM: resume of devices complete after 534.831 msecs
[   24.589256] OOM killer enabled.
[   24.592393] Restarting tasks ... done.
root@(none):/# 
root@(none):/# rtcwake -d rtc1 -m mem -s 3
rtcwake: assuming RTC uses UTC ...
rtcwake: wakeup from "mem" using /dev/rtc1 at Thu Jan  1 00:00:58 1970
[   25.745806] PM: Syncing filesystems ... done.
[   25.790944] Freezing user space processes ... (elapsed 0.001 seconds) done.
[   25.799471] OOM killer disabled.
[   25.802799] Freezing remaining freezable tasks ... (elapsed 0.001 seconds) done.
[   25.811871] Suspending console(s) (use no_console_suspend to debug)
[   25.868343] PM: suspend of devices complete after 47.848 msecs
[   25.873199] PM: late suspend of devices complete after 4.824 msecs
[   25.901669] PM: noirq suspend of devices complete after 28.437 msecs
[   25.901683] Disabling non-boot CPUs ...
[   25.942343] IRQ294 no longer affine to CPU1
[   25.989543] Entering suspend state LP1
[   25.989543] Suspended for 2.929 seconds
[   25.989589] Enabling non-boot CPUs ...
[   26.020641] CPU1 is up
[   26.021629] pcieport 0000:00:01.0: nv_msi_ht_cap_quirk didn't locate host bridge
[   26.051414] PM: noirq resume of devices complete after 30.737 msecs
[   26.054973] PM: early resume of devices complete after 2.981 msecs
[   26.599722] PM: resume of devices complete after 544.716 msecs
[   26.669135] OOM killer enabled.
[   26.672273] Restarting tasks ... done.
root@(none):/# 
root@(none):/# rtcwake -d rtc1 -m mem -s 3
rtcwake: assuming RTC uses UTC ...
rtcwake: wakeup from "mem" using /dev/rtc1 at Thu Jan  1 00:01:03 1970
[   27.815603] PM: Syncing filesystems ... done.
[   27.860766] Freezing user space processes ... (elapsed 0.001 seconds) done.
[   27.869292] OOM killer disabled.
[   27.872617] Freezing remaining freezable tasks ... (elapsed 0.001 seconds) done.
[   27.881688] Suspending console(s) (use no_console_suspend to debug)
[   27.927225] pci_generic_config_write32: 65 callbacks suppressed
[   27.927270] pci_bus 0000:00: 2-byte config write to 0000:00:01.0 offset 0x9c may corrupt adjacent RW1C bits
[   27.939140] PM: suspend of devices complete after 48.764 msecs
[   27.943956] PM: late suspend of devices complete after 4.784 msecs
[   27.947832] pci_bus 0000:01: 2-byte config write to 0000:01:00.0 offset 0x44 may corrupt adjacent RW1C bits
[   27.947890] pci_bus 0000:01: 2-byte config write to 0000:01:00.0 offset 0x44 may corrupt adjacent RW1C bits
[   27.981555] PM: noirq suspend of devices complete after 37.568 msecs
[   27.981568] Disabling non-boot CPUs ...
[   28.032266] IRQ294 no longer affine to CPU1
[   28.079556] Entering suspend state LP1
[   28.079556] Suspended for 2.909 seconds
[   28.079602] Enabling non-boot CPUs ...
[   28.110572] CPU1 is up
[   28.113106] pci_bus 0000:00: 2-byte config write to 0000:00:01.0 offset 0x4c may corrupt adjacent RW1C bits
[   28.113178] pci_bus 0000:00: 2-byte config write to 0000:00:01.0 offset 0x88 may corrupt adjacent RW1C bits
[   28.113229] pci_bus 0000:00: 2-byte config write to 0000:00:01.0 offset 0x90 may corrupt adjacent RW1C bits
[   28.113259] pci_bus 0000:00: 2-byte config write to 0000:00:01.0 offset 0x98 may corrupt adjacent RW1C bits
[   28.113288] pci_bus 0000:00: 2-byte config write to 0000:00:01.0 offset 0x9c may corrupt adjacent RW1C bits
[   28.113368] pci_bus 0000:00: 2-byte config write to 0000:00:01.0 offset 0x52 may corrupt adjacent RW1C bits
[   28.113401] pci_bus 0000:00: 2-byte config write to 0000:00:01.0 offset 0x52 may corrupt adjacent RW1C bits
[   28.113478] pcieport 0000:00:01.0: nv_msi_ht_cap_quirk didn't locate host bridge
[   28.141202] PM: noirq resume of devices complete after 30.595 msecs
[   28.144762] PM: early resume of devices complete after 2.984 msecs
[   28.680153] PM: resume of devices complete after 535.357 msecs
[   28.852684] OOM killer enabled.
[   28.855812] Restarting tasks ... done.
root@(none):/# 
root@(none):/# rtcwake -d rtc1 -m mem -s 3
rtcwake: assuming RTC uses UTC ...
rtcwake: wakeup from "mem" using /dev/rtc1 at Thu Jan  1 00:01:08 1970
[   29.905643] PM: Syncing filesystems ... done.
[   29.950728] Freezing user space processes ... (elapsed 0.001 seconds) done.
[   29.959248] OOM killer disabled.
[   29.962573] Freezing remaining freezable tasks ... (elapsed 0.001 seconds) done.
[   29.971649] Suspending console(s) (use no_console_suspend to debug)
[   30.028443] PM: suspend of devices complete after 48.174 msecs
[   30.033490] PM: late suspend of devices complete after 5.014 msecs
[   30.061519] PM: noirq suspend of devices complete after 27.995 msecs
[   30.061532] Disabling non-boot CPUs ...
[   30.102190] IRQ294 no longer affine to CPU1
[   30.149426] Entering suspend state LP1
[   30.149426] Suspended for 2.930 seconds
[   30.149474] Enabling non-boot CPUs ...
[   30.180486] CPU1 is up
[   30.183122] pcieport 0000:00:01.0: nv_msi_ht_cap_quirk didn't locate host bridge
[   30.211742] PM: noirq resume of devices complete after 31.221 msecs
[   30.215222] PM: early resume of devices complete after 2.905 msecs
[   30.759094] PM: resume of devices complete after 543.839 msecs
[   30.828479] OOM killer enabled.
[   30.831615] Restarting tasks ... done.
root@(none):/# 
root@(none):/# rtcwake -d rtc1 -m mem -s 3
rtcwake: assuming RTC uses UTC ...
rtcwake: wakeup from "mem" using /dev/rtc1 at Thu Jan  1 00:01:13 1970
[   31.975587] PM: Syncing filesystems ... done.
[   32.020943] Freezing user space processes ... (elapsed 0.001 seconds) done.
[   32.029372] OOM killer disabled.
[   32.032698] Freezing remaining freezable tasks ... (elapsed 0.001 seconds) done.
[   32.041772] Suspending console(s) (use no_console_suspend to debug)
[   32.098568] PM: suspend of devices complete after 48.098 msecs
[   32.103466] PM: late suspend of devices complete after 4.866 msecs
[   32.131449] PM: noirq suspend of devices complete after 27.950 msecs
[   32.131462] Disabling non-boot CPUs ...
[   32.182132] IRQ294 no longer affine to CPU1
[   32.229330] Entering suspend state LP1
[   32.229330] Suspended for 2.920 seconds
[   32.229377] Enabling non-boot CPUs ...
[   32.260414] CPU1 is up
[   32.261819] pcieport 0000:00:01.0: nv_msi_ht_cap_quirk didn't locate host bridge
[   32.291351] PM: noirq resume of devices complete after 30.902 msecs
[   32.295105] PM: early resume of devices complete after 2.982 msecs
[   32.839619] PM: resume of devices complete after 544.481 msecs
[   32.909120] OOM killer enabled.
[   32.912258] Restarting tasks ... done.
root@(none):/# 
root@(none):/# rtcwake -d rtc1 -m mem -s 3
rtcwake: assuming RTC uses UTC ...
rtcwake: wakeup from "mem" using /dev/rtc1 at Thu Jan  1 00:01:18 1970
[   34.055574] PM: Syncing filesystems ... done.
[   34.100840] Freezing user space processes ... (elapsed 0.001 seconds) done.
[   34.109199] OOM killer disabled.
[   34.112490] Freezing remaining freezable tasks ... (elapsed 0.001 seconds) done.
[   34.121357] Suspending console(s) (use no_console_suspend to debug)
[   34.157059] pci_generic_config_write32: 65 callbacks suppressed
[   34.157104] pci_bus 0000:00: 2-byte config write to 0000:00:01.0 offset 0x9c may corrupt adjacent RW1C bits
[   34.168940] PM: suspend of devices complete after 39.635 msecs
[   34.173753] PM: late suspend of devices complete after 4.780 msecs
[   34.177645] pci_bus 0000:01: 2-byte config write to 0000:01:00.0 offset 0x44 may corrupt adjacent RW1C bits
[   34.177703] pci_bus 0000:01: 2-byte config write to 0000:01:00.0 offset 0x44 may corrupt adjacent RW1C bits
[   34.211337] PM: noirq suspend of devices complete after 37.554 msecs
[   34.211350] Disabling non-boot CPUs ...
[   34.262015] IRQ294 no longer affine to CPU1
[   34.319165] Entering suspend state LP1
[   34.319165] Suspended for 2.910 seconds
[   34.319213] Enabling non-boot CPUs ...
[   34.350307] CPU1 is up
[   34.352837] pci_bus 0000:00: 2-byte config write to 0000:00:01.0 offset 0x4c may corrupt adjacent RW1C bits
[   34.352908] pci_bus 0000:00: 2-byte config write to 0000:00:01.0 offset 0x88 may corrupt adjacent RW1C bits
[   34.352940] pci_bus 0000:00: 2-byte config write to 0000:00:01.0 offset 0x90 may corrupt adjacent RW1C bits
[   34.352969] pci_bus 0000:00: 2-byte config write to 0000:00:01.0 offset 0x98 may corrupt adjacent RW1C bits
[   34.352996] pci_bus 0000:00: 2-byte config write to 0000:00:01.0 offset 0x9c may corrupt adjacent RW1C bits
[   34.353078] pci_bus 0000:00: 2-byte config write to 0000:00:01.0 offset 0x52 may corrupt adjacent RW1C bits
[   34.353110] pci_bus 0000:00: 2-byte config write to 0000:00:01.0 offset 0x52 may corrupt adjacent RW1C bits
[   34.353187] pcieport 0000:00:01.0: nv_msi_ht_cap_quirk didn't locate host bridge
[   34.380961] PM: noirq resume of devices complete after 30.620 msecs
[   34.384462] PM: early resume of devices complete after 2.925 msecs
[   34.929587] PM: resume of devices complete after 545.092 msecs
[   35.102114] OOM killer enabled.
[   35.105243] Restarting tasks ... done.
root@(none):/# 
root@(none):/# NVTB SYSTEM SUSPEND TEST COMPLETE
