
U-Boot SPL 2014.01-00219-gc4d376f (Feb 18 2014 - 19:57:18)


U-Boot 2014.01-00219-gc4d376f (Feb 18 2014 - 19:57:18)

TEGRA30
Board: NVIDIA Beaver
I2C:   ready
DRAM:  2 GiB
MMC:   Tegra SD/MMC: 0, Tegra SD/MMC: 1
In:    serial
Out:   serial
Err:   serial
Net:   Net Initialization Skipped
No ethernet found.
Hit any key to stop autoboot:  2  0 
Tegra30 (Beaver) # 
Tegra30 (Beaver) # usb reset
(Re)start USB...
USB0:   USB EHCI 1.00
scanning bus 0 for devices... 2 USB Device(s) found
       scanning usb for storage devices... 0 Storage Device(s) found
       scanning usb for ethernet devices... 
Warning: asx0 using MAC address from net device
1 Ethernet Device(s) found
Tegra30 (Beaver) # setenv bootargs 'ignore_loglevel console=ttyS0,115200n8 rw root=/dev/mmcblk0p1 rootwait gpt debug noinitrd earlyprintk init=/bin/bash'
Tegra30 (Beaver) # setenv ipaddr 192.168.100.101; setenv serverip 192.168.100.1; setenv tftpserverip 192.168.100.1
Tegra30 (Beaver) # tftpboot 0x81000000 zImage.multi_v7_defconfig
Using asx0 device
TFTP from server 192.168.100.1; our IP address is 192.168.100.101
Filename 'zImage.multi_v7_defconfig'.
Load address: 0x81000000
Loading: *#################################################################
	 #################################################################
	 #################################################################
	 #################################################################
	 #################################################################
	 #################################################################
	 #################################################################
	 ######
	 3.5 MiB/s
done
Bytes transferred = 6760680 (6728e8 hex)
Tegra30 (Beaver) # tftpboot 0x82000000 tegra30-beaver.dtb
Using asx0 device
TFTP from server 192.168.100.1; our IP address is 192.168.100.101
Filename 'tegra30-beaver.dtb'.
Load address: 0x82000000
Loading: *####
	 3.3 MiB/s
done
Bytes transferred = 51467 (c90b hex)
Tegra30 (Beaver) # bootz 0x81000000 - 0x82000000
Kernel image @ 0x81000000 [ 0x000000 - 0x6728e8 ]
## Flattened Device Tree blob at 82000000
   Booting using the fdt blob at 0x82000000
   Loading Device Tree to 8fff0000, end 8ffff90a ... OK

Starting kernel ...

[    0.000000] Booting Linux on physical CPU 0x0
[    0.000000] Linux version 4.4.0-next-20160121-67729-g8771b78 (pwalmsley@sellafield) (gcc version 4.7.3 20130328 (prerelease) (crosstool-NG linaro-1.13.1-4.7-2013.04-20130415 - Linaro GCC 2013.04) ) #1 SMP Wed Jan 20 19:22:43 PST 2016
[    0.000000] CPU: ARMv7 Processor [412fc099] revision 9 (ARMv7), cr=10c5387d
[    0.000000] CPU: PIPT / VIPT nonaliasing data cache, VIPT aliasing instruction cache
[    0.000000] Machine model: NVIDIA Tegra30 Beaver evaluation board
[    0.000000] debug: ignoring loglevel setting.
[    0.000000] cma: Reserved 64 MiB at 0xfb800000
[    0.000000] Memory policy: Data cache writealloc
[    0.000000] On node 0 totalpages: 524032
[    0.000000] free_area_init_node: node 0, pgdat c105dcc0, node_mem_map eeff8000
[    0.000000]   DMA zone: 1536 pages used for memmap
[    0.000000]   DMA zone: 0 pages reserved
[    0.000000]   DMA zone: 196608 pages, LIFO batch:31
[    0.000000]   HighMem zone: 327424 pages, LIFO batch:31
[    0.000000] PERCPU: Embedded 13 pages/cpu @eef8f000 s22912 r8192 d22144 u53248
[    0.000000] pcpu-alloc: s22912 r8192 d22144 u53248 alloc=13*4096
[    0.000000] pcpu-alloc: [0] 0 [0] 1 [0] 2 [0] 3 
[    0.000000] Built 1 zonelists in Zone order, mobility grouping on.  Total pages: 522496
[    0.000000] Kernel command line: ignore_loglevel console=ttyS0,115200n8 rw root=/dev/mmcblk0p1 rootwait gpt debug noinitrd earlyprintk init=/bin/bash
[    0.000000] PID hash table entries: 4096 (order: 2, 16384 bytes)
[    0.000000] Dentry cache hash table entries: 131072 (order: 7, 524288 bytes)
[    0.000000] Inode-cache hash table entries: 65536 (order: 6, 262144 bytes)
[    0.000000] Memory: 1997872K/2096128K available (8495K kernel code, 1111K rwdata, 4020K rodata, 1056K init, 345K bss, 32720K reserved, 65536K cma-reserved, 1244160K highmem)
[    0.000000] Virtual kernel memory layout:
[    0.000000]     vector  : 0xffff0000 - 0xffff1000   (   4 kB)
[    0.000000]     fixmap  : 0xffc00000 - 0xfff00000   (3072 kB)
[    0.000000]     vmalloc : 0xf0800000 - 0xff800000   ( 240 MB)
[    0.000000]     lowmem  : 0xc0000000 - 0xf0000000   ( 768 MB)
[    0.000000]     pkmap   : 0xbfe00000 - 0xc0000000   (   2 MB)
[    0.000000]     modules : 0xbf000000 - 0xbfe00000   (  14 MB)
[    0.000000]       .text : 0xc0208000 - 0xc0e41de4   (12520 kB)
[    0.000000]       .init : 0xc0e42000 - 0xc0f4a000   (1056 kB)
[    0.000000]       .data : 0xc0f4a000 - 0xc105fc40   (1112 kB)
[    0.000000]        .bss : 0xc1062000 - 0xc10b85a0   ( 346 kB)
[    0.000000] SLUB: HWalign=64, Order=0-3, MinObjects=0, CPUs=4, Nodes=1
[    0.000000] Hierarchical RCU implementation.
[    0.000000] 	Build-time adjustment of leaf fanout to 32.
[    0.000000] 	RCU restricting CPUs from NR_CPUS=16 to nr_cpu_ids=4.
[    0.000000] RCU: Adjusting geometry for rcu_fanout_leaf=32, nr_cpu_ids=4
[    0.000000] NR_IRQS:16 nr_irqs:16 16
[    0.000000] /interrupt-controller@60004000: 160 interrupts forwarded to /interrupt-controller@50041000
[    0.000000] L2C: platform modifies aux control register: 0x02080000 -> 0x3e480001
[    0.000000] L2C: DT/platform modifies aux control register: 0x02080000 -> 0x3e480001
[    0.000000] L2C-310 erratum 769419 enabled
[    0.000000] L2C-310 enabling early BRESP for Cortex-A9
[    0.000000] L2C-310: enabling full line of zeros but not enabled in Cortex-A9
[    0.000000] L2C-310 dynamic clock gating enabled, standby mode enabled
[    0.000000] L2C-310 cache controller enabled, 8 ways, 1024 kB
[    0.000000] L2C-310: CACHE_ID 0x410000c7, AUX_CTRL 0x4e480001
[    0.000015] sched_clock: 32 bits at 1000kHz, resolution 1000ns, wraps every 2147483647500ns
[    0.000032] clocksource: timer_us: mask: 0xffffffff max_cycles: 0xffffffff, max_idle_ns: 1911260446275 ns
[    0.000042] Switching to timer-based delay loop, resolution 1000ns
[    0.002689] Console: colour dummy device 80x30
[    0.002713] Calibrating delay loop (skipped), value calculated using timer frequency.. 2.00 BogoMIPS (lpj=5000)
[    0.002722] pid_max: default: 32768 minimum: 301
[    0.002808] Mount-cache hash table entries: 2048 (order: 1, 8192 bytes)
[    0.002815] Mountpoint-cache hash table entries: 2048 (order: 1, 8192 bytes)
[    0.003239] CPU: Testing write buffer coherency: ok
[    0.003524] CPU0: thread -1, cpu 0, socket 0, mpidr 80000000
[    0.003597] Setting up static identity map for 0x80209000 - 0x80209098
[    0.005885] Tegra Revision: A03 SKU: 128 CPU Process: 4 SoC Process: 0
[    0.007117] CPU1: thread -1, cpu 1, socket 0, mpidr 80000001
[    0.007764] CPU2: thread -1, cpu 2, socket 0, mpidr 80000002
[    0.008407] CPU3: thread -1, cpu 3, socket 0, mpidr 80000003
[    0.008447] Brought up 4 CPUs
[    0.008461] SMP: Total of 4 processors activated (8.00 BogoMIPS).
[    0.008465] CPU: All CPU(s) started in SVC mode.
[    0.009043] devtmpfs: initialized
[    0.017108] VFP support v0.3: implementor 41 architecture 3 part 30 variant 9 rev 4
[    0.017786] clocksource: jiffies: mask: 0xffffffff max_cycles: 0xffffffff, max_idle_ns: 9556302231375000 ns
[    0.021296] pinctrl core: initialized pinctrl subsystem
[    0.022862] NET: Registered protocol family 16
[    0.025384] DMA: preallocated 256 KiB pool for atomic coherent allocations
[    0.039937] cpuidle: using governor menu
[    0.048452] No ATAGs?
[    0.048487] hw-breakpoint: found 5 (+1 reserved) breakpoint and 1 watchpoint registers.
[    0.048494] hw-breakpoint: maximum watchpoint size is 4 bytes.
[    0.051715] Serial: AMBA PL011 UART driver
[    0.052881] tegra-mc 7000f000.memory-controller: no memory timings for RAM code 3 registered
[    0.073097] vdd_5v_sata: Failed to request enable GPIO30: -517
[    0.073166] reg-fixed-voltage regulators:regulator@3: Failed to register regulator: -517
[    0.073278] usb1_vbus: Failed to request enable GPIO238: -517
[    0.073328] reg-fixed-voltage regulators:regulator@4: Failed to register regulator: -517
[    0.073435] usb3_vbus: Failed to request enable GPIO236: -517
[    0.073483] reg-fixed-voltage regulators:regulator@5: Failed to register regulator: -517
[    0.073637] sys_3v3_pexs: Failed to request enable GPIO95: -517
[    0.073686] reg-fixed-voltage regulators:regulator@7: Failed to register regulator: -517
[    0.075841] vgaarb: loaded
[    0.076468] SCSI subsystem initialized
[    0.076623] libata version 3.00 loaded.
[    0.076808] usbcore: registered new interface driver usbfs
[    0.076853] usbcore: registered new interface driver hub
[    0.076890] usbcore: registered new device driver usb
[    0.131737] pps_core: LinuxPPS API ver. 1 registered
[    0.131746] pps_core: Software ver. 5.3.6 - Copyright 2005-2007 Rodolfo Giometti <giometti@linux.it>
[    0.131763] PTP clock support registered
[    0.131919] EDAC MC: Ver: 3.0.0
[    0.133494] clocksource: Switched to clocksource timer_us
[    0.139502] NET: Registered protocol family 2
[    0.139901] TCP established hash table entries: 8192 (order: 3, 32768 bytes)
[    0.139955] TCP bind hash table entries: 8192 (order: 4, 65536 bytes)
[    0.140038] TCP: Hash tables configured (established 8192 bind 8192)
[    0.140129] UDP hash table entries: 512 (order: 2, 16384 bytes)
[    0.140187] UDP-Lite hash table entries: 512 (order: 2, 16384 bytes)
[    0.140360] NET: Registered protocol family 1
[    0.140594] RPC: Registered named UNIX socket transport module.
[    0.140601] RPC: Registered udp transport module.
[    0.140605] RPC: Registered tcp transport module.
[    0.140610] RPC: Registered tcp NFSv4.1 backchannel transport module.
[    0.140631] PCI: CLS 0 bytes, default 64
[    0.141404] hw perfevents: enabled with armv7_cortex_a9 PMU driver, 7 counters available
[    0.142356] futex hash table entries: 1024 (order: 4, 65536 bytes)
[    0.148551] squashfs: version 4.0 (2009/01/31) Phillip Lougher
[    0.149052] NFS: Registering the id_resolver key type
[    0.149093] Key type id_resolver registered
[    0.149098] Key type id_legacy registered
[    0.149147] ntfs: driver 2.1.32 [Flags: R/O].
[    0.149993] bounce: pool size: 64 pages
[    0.150121] Block layer SCSI generic (bsg) driver version 0.4 loaded (major 249)
[    0.150135] io scheduler noop registered
[    0.150143] io scheduler deadline registered
[    0.150164] io scheduler cfq registered (default)
[    0.155609] tegra30-pinctrl 70000868.pinmux: invalid group "sdmmc3_dat6_pd3" for function "rsvd1"
[    0.155624] tegra30-pinctrl 70000868.pinmux: invalid group "sdmmc3_dat7_pd4" for function "rsvd1"
[    0.155639] tegra30-pinctrl 70000868.pinmux: invalid group "vi_vsync_pd6" for function "rsvd1"
[    0.155649] tegra30-pinctrl 70000868.pinmux: invalid group "vi_hsync_pd7" for function "rsvd1"
[    0.156101] tegra30-pinctrl 70000868.pinmux: invalid group "hdmi_int_pn7" for function "rsvd1"
[    0.156152] tegra30-pinctrl 70000868.pinmux: invalid group "ulpi_data3_po4" for function "rsvd1"
[    0.156477] tegra30-pinctrl 70000868.pinmux: invalid group "vi_d10_pt2" for function "rsvd1"
[    0.156489] tegra30-pinctrl 70000868.pinmux: invalid group "vi_d11_pt3" for function "rsvd1"
[    0.156502] tegra30-pinctrl 70000868.pinmux: invalid group "vi_d0_pt4" for function "rsvd1"
[    0.156542] tegra30-pinctrl 70000868.pinmux: invalid group "pu0" for function "rsvd1"
[    0.156573] tegra30-pinctrl 70000868.pinmux: invalid group "pu3" for function "rsvd1"
[    0.156603] tegra30-pinctrl 70000868.pinmux: invalid group "pu6" for function "rsvd1"
[    0.156644] tegra30-pinctrl 70000868.pinmux: invalid group "pv3" for function "rsvd1"
[    0.157127] tegra30-pinctrl 70000868.pinmux: invalid group "pbb0" for function "rsvd1"
[    0.157248] tegra30-pinctrl 70000868.pinmux: invalid group "pcc1" for function "rsvd1"
[    0.162537] tegra-pcie 3000.pcie-controller: 2x3 configuration
[    0.162656] vdd_1v5_gen: supplied by vdd_5v_in
[    0.162702] vdd_pexa,vdd_pexb: supplied by vdd_1v5_gen
[    0.162805] tegra-pcie 3000.pcie-controller: Failed to get supply 'hvdd-pex': -517
[    0.166874] tegra-apbdma 6000a000.dma: Tegra20 APB DMA driver register 32 channels
[    0.167891] tegra-pmc 7000e400.pmc: i2c-thermtrip node not found, emergency thermal reset disabled.
[    0.201159] Serial: 8250/16550 driver, 4 ports, IRQ sharing disabled
[    0.203298] console [ttyS0] disabled
[    0.203335] 70006000.serial: ttyS0 at MMIO 0x70006000 (irq = 331, base_baud = 25500000) is a Tegra
[    1.118816] console [ttyS0] enabled
[    1.122798] SuperH (H)SCI(F) driver initialized
[    1.127926] msm_serial: driver initialized
[    1.132143] STMicroelectronics ASC driver initialized
[    1.138866] [drm] Initialized drm 1.1.0 20060810
[    1.144779] tegra-hdmi 54280000.hdmi: failed to get HDMI regulator
[    1.158764] brd: module loaded
[    1.165667] loop: module loaded
[    1.173819] m25p80 spi32766.1: w25q32 (4096 Kbytes)
[    1.180678] libphy: Fixed MDIO Bus: probed
[    1.185202] CAN device driver interface
[    1.190174] igb: Intel(R) Gigabit Ethernet Network Driver - version 5.3.0-k
[    1.197129] igb: Copyright (c) 2007-2014 Intel Corporation.
[    1.204478] pegasus: v0.9.3 (2013/04/25), Pegasus/Pegasus II USB Ethernet driver
[    1.211920] usbcore: registered new interface driver pegasus
[    1.217608] usbcore: registered new interface driver asix
[    1.223031] usbcore: registered new interface driver ax88179_178a
[    1.229144] usbcore: registered new interface driver cdc_ether
[    1.235007] usbcore: registered new interface driver smsc75xx
[    1.240788] usbcore: registered new interface driver smsc95xx
[    1.246555] usbcore: registered new interface driver net1080
[    1.252233] usbcore: registered new interface driver cdc_subset
[    1.258171] usbcore: registered new interface driver zaurus
[    1.263798] usbcore: registered new interface driver cdc_ncm
[    1.270827] ehci_hcd: USB 2.0 'Enhanced' Host Controller (EHCI) Driver
[    1.277358] ehci-pci: EHCI PCI platform driver
[    1.281827] ehci-platform: EHCI generic platform driver
[    1.287180] ehci-omap: OMAP-EHCI Host Controller driver
[    1.292489] ehci-orion: EHCI orion driver
[    1.296577] SPEAr-ehci: EHCI SPEAr driver
[    1.300664] ehci-st: EHCI STMicroelectronics driver
[    1.305619] ehci-exynos: EHCI EXYNOS driver
[    1.309893] ehci-atmel: EHCI Atmel driver
[    1.313982] tegra-ehci: Tegra EHCI driver
[    1.318314] ohci_hcd: USB 1.1 'Open' Host Controller (OHCI) Driver
[    1.324503] ohci-pci: OHCI PCI platform driver
[    1.328980] ohci-platform: OHCI generic platform driver
[    1.334309] ohci-omap3: OHCI OMAP3 driver
[    1.338386] SPEAr-ohci: OHCI SPEAr driver
[    1.342474] ohci-st: OHCI STMicroelectronics driver
[    1.347437] ohci-atmel: OHCI Atmel driver
[    1.351776] usbcore: registered new interface driver usb-storage
[    1.358779] mousedev: PS/2 mouse device common for all mice
[    1.366461] tegra_rtc 7000e000.rtc: rtc core: registered 7000e000.rtc as rtc1
[    1.373633] tegra_rtc 7000e000.rtc: Tegra internal Real Time Clock
[    1.392364] tps65910-rtc tps65910-rtc: rtc core: registered tps65910-rtc as rtc0
[    1.399960] i2c /dev entries driver
[    1.410061] sdhci: Secure Digital Host Controller Interface driver
[    1.416244] sdhci: Copyright(c) Pierre Ossman
[    1.421518] Synopsys Designware Multimedia Card Interface Driver
[    1.428157] sdhci-pltfm: SDHCI platform and OF driver helper
[    1.434355] sdhci-tegra 78000000.sdhci: Got CD GPIO
[    1.439242] sdhci-tegra 78000000.sdhci: Got WP GPIO
[    1.445264] mmc0: Invalid maximum block size, assuming 512 bytes
[    1.483580] mmc0: SDHCI controller on 78000000.sdhci [78000000.sdhci] using ADMA
[    1.494204] mmc1: Invalid maximum block size, assuming 512 bytes
[    1.533532] mmc1: SDHCI controller on 78000600.sdhci [78000600.sdhci] using ADMA
[    1.542082] ledtrig-cpu: registered to indicate activity on CPUs
[    1.548327] usbcore: registered new interface driver usbhid
[    1.553896] usbhid: USB HID core driver
[    1.560713] NET: Registered protocol family 10
[    1.565748] sit: IPv6 over IPv4 tunneling driver
[    1.572857] NET: Registered protocol family 17
[    1.577316] can: controller area network core (rev 20120528 abi 9)
[    1.583529] NET: Registered protocol family 29
[    1.587966] can: raw protocol (rev 20120528)
[    1.592236] can: broadcast manager protocol (rev 20120528 t)
[    1.597894] can: netlink gateway (rev 20130117) max_hops=1
[    1.603667] Key type dns_resolver registered
[    1.608332] ThumbEE CPU extension supported.
[    1.612617] Registering SWP/SWPB emulation handler
[    1.648431] tegra-pcie 3000.pcie-controller: 2x3 configuration
[    1.654419] sys_3v3,vdd_3v3_alw: supplied by vdd_5v_in
[    1.659579] sys_3v3_pexs: supplied by sys_3v3,vdd_3v3_alw
[    1.668811] tegra-pcie 3000.pcie-controller: probing port 0, using 2 lanes
[    1.697954] mmc1: new high speed MMC card at address 0001
[    1.704076] mmcblk0: mmc1:0001 SEM16G 14.8 GiB 
[    1.709101] mmcblk0boot0: mmc1:0001 SEM16G partition 1 1.00 MiB
[    1.715898] mmcblk0boot1: mmc1:0001 SEM16G partition 2 1.00 MiB
[    1.722266] mmcblk0rpmb: mmc1:0001 SEM16G partition 3 128 KiB
[    1.731124] Primary GPT is invalid, using alternate GPT.
[    1.734001] tegra-pcie 3000.pcie-controller: probing port 2, using 2 lanes
[    1.743307]  mmcblk0: p1 p2 p3 p4 p5
[    2.137165] tegra-pcie 3000.pcie-controller: link 2 down, retrying
[    2.546834] tegra-pcie 3000.pcie-controller: link 2 down, retrying
[    2.956873] tegra-pcie 3000.pcie-controller: link 2 down, retrying
[    2.965064] tegra-pcie 3000.pcie-controller: link 2 down, ignoring
[    2.971376] tegra-pcie 3000.pcie-controller: PCI host bridge to bus 0000:00
[    2.978336] pci_bus 0000:00: root bus resource [mem 0x20000000-0x27ffffff]
[    2.985202] pci_bus 0000:00: root bus resource [mem 0x28000000-0x3fffffff pref]
[    2.992501] pci_bus 0000:00: root bus resource [bus 00-ff]
[    2.997979] pci_bus 0000:00: root bus resource [io  0x1000-0xffff]
[    3.004172] pci 0000:00:01.0: [10de:0e1c] type 01 class 0x060400
[    3.010233] pci 0000:00:01.0: PME# supported from D0 D1 D2 D3hot D3cold
[    3.017004] PCI: bus0: Fast back to back transfers disabled
[    3.022575] pci 0000:00:01.0: bridge configuration invalid ([bus 00-00]), reconfiguring
[    3.030666] pci 0000:01:00.0: [10ec:8168] type 00 class 0x020000
[    3.036681] pci 0000:01:00.0: reg 0x10: [io  0x0000-0x00ff]
[    3.042260] pci 0000:01:00.0: reg 0x18: [mem 0x00000000-0x00000fff 64bit pref]
[    3.049481] pci 0000:01:00.0: reg 0x20: [mem 0x00000000-0x00003fff 64bit pref]
[    3.056761] pci 0000:01:00.0: supports D1 D2
[    3.061026] pci 0000:01:00.0: PME# supported from D0 D1 D2 D3hot D3cold
[    3.073518] PCI: bus1: Fast back to back transfers disabled
[    3.079090] pci_bus 0000:01: busn_res: [bus 01-ff] end is updated to 01
[    3.085757] pci 0000:00:01.0: BAR 9: assigned [mem 0x28000000-0x280fffff 64bit pref]
[    3.093494] pci 0000:00:01.0: BAR 7: assigned [io  0x1000-0x1fff]
[    3.099582] pci 0000:01:00.0: BAR 4: assigned [mem 0x28000000-0x28003fff 64bit pref]
[    3.107324] pci 0000:01:00.0: BAR 2: assigned [mem 0x28004000-0x28004fff 64bit pref]
[    3.115064] pci 0000:01:00.0: BAR 0: assigned [io  0x1000-0x10ff]
[    3.121152] pci 0000:00:01.0: PCI bridge to [bus 01]
[    3.126110] pci 0000:00:01.0:   bridge window [io  0x1000-0x1fff]
[    3.132195] pci 0000:00:01.0:   bridge window [mem 0x28000000-0x280fffff 64bit pref]
[    3.139940] pci 0000:00:01.0: nv_msi_ht_cap_quirk didn't locate host bridge
[    3.146996] pcieport 0000:00:01.0: enabling device (0140 -> 0143)
[    3.153229] pcieport 0000:00:01.0: Signaling PME through PCIe PME interrupt
[    3.160185] pci 0000:01:00.0: Signaling PME through PCIe PME interrupt
[    3.166705] pcie_pme 0000:00:01.0:pcie01: service driver pcie_pme loaded
[    3.173586] r8169 Gigabit Ethernet driver 2.3LK-NAPI loaded
[    3.179172] r8169 0000:01:00.0: enabling device (0140 -> 0143)
[    3.186280] r8169 0000:01:00.0 eth0: RTL8168evl/8111evl at 0xf09f2000, 02:04:4b:01:60:a6, XID 0c900800 IRQ 375
[    3.196282] r8169 0000:01:00.0 eth0: jumbo features [frames: 9200 bytes, tx checksumming: ko]
[    3.205711] +VDD_5V_HDMI: supplied by sys_3v3,vdd_3v3_alw
[    3.211226] vdd_1v8_gen: supplied by vdd_5v_in
[    3.218433] [drm] Supports vblank timestamp caching Rev 2 (21.10.2013).
[    3.225054] [drm] No driver support for vblank timestamp query.
[    3.230993] drm drm: No connectors reported connected with modes
[    3.236998] [drm] Cannot find any crtc or sizes - going 1024x768
[    3.265289] Console: switching to colour frame buffer device 128x48
[    3.277836] drm drm: fb0:  frame buffer device
[    3.293889] [drm] Initialized tegra 0.0.0 20120330 on minor 0
[    3.302567] usb3_vbus: supplied by vdd_5v_in
[    3.309029] utmi_phy_clk_enable: timeout waiting for phy to stabilize
[    3.315489] tegra-ehci 7d004000.usb: EHCI Host Controller
[    3.320898] tegra-ehci 7d004000.usb: new USB bus registered, assigned bus number 1
[    3.328528] ------------[ cut here ]------------
[    3.333147] WARNING: CPU: 3 PID: 6 at kernel/workqueue.c:2361 check_flush_dependency+0xc8/0x124()
[    3.342024] workqueue: WQ_MEM_RECLAIM deferwq:deferred_probe_work_func is flushing !WQ_MEM_RECLAIM events:lru_add_drain_per_cpu
[    3.353299] Modules linked in:
[    3.356528] CPU: 3 PID: 6 Comm: kworker/u8:0 Not tainted 4.4.0-next-20160121-67729-g8771b78 #1
[    3.365117] Hardware name: NVIDIA Tegra SoC (Flattened Device Tree)
[    3.371369] Workqueue: deferwq deferred_probe_work_func
[    3.376615] [<c02188b8>] (unwind_backtrace) from [<c0213f94>] (show_stack+0x10/0x14)
[    3.384352] [<c0213f94>] (show_stack) from [<c04893ec>] (dump_stack+0x78/0x94)
[    3.391568] [<c04893ec>] (dump_stack) from [<c024ab38>] (warn_slowpath_common+0x74/0xb0)
[    3.399643] [<c024ab38>] (warn_slowpath_common) from [<c024ac08>] (warn_slowpath_fmt+0x30/0x40)
[    3.408324] [<c024ac08>] (warn_slowpath_fmt) from [<c025dc5c>] (check_flush_dependency+0xc8/0x124)
[    3.417264] [<c025dc5c>] (check_flush_dependency) from [<c025dd70>] (flush_work+0x54/0x144)
[    3.425598] [<c025dd70>] (flush_work) from [<c02dab88>] (lru_add_drain_all+0x124/0x180)
[    3.433589] [<c02dab88>] (lru_add_drain_all) from [<c030c6c0>] (migrate_prep+0x8/0x10)
[    3.441491] [<c030c6c0>] (migrate_prep) from [<c02d5ba0>] (alloc_contig_range+0xc4/0x2f8)
[    3.449652] [<c02d5ba0>] (alloc_contig_range) from [<c030dfec>] (cma_alloc+0xd8/0x1a0)
[    3.457554] [<c030dfec>] (cma_alloc) from [<c021e39c>] (__alloc_from_contiguous+0x38/0xdc)
[    3.465803] [<c021e39c>] (__alloc_from_contiguous) from [<c021ff8c>] (__dma_alloc+0x21c/0x250)
[    3.474395] [<c021ff8c>] (__dma_alloc) from [<c0220044>] (arm_dma_alloc+0x48/0x54)
[    3.481955] [<c0220044>] (arm_dma_alloc) from [<c0306c10>] (dma_pool_alloc+0x1dc/0x210)
[    3.489943] [<c0306c10>] (dma_pool_alloc) from [<c07c7084>] (ehci_qh_alloc+0x3c/0xb4)
[    3.497759] [<c07c7084>] (ehci_qh_alloc) from [<c07cb67c>] (ehci_setup+0x154/0x478)
[    3.505400] [<c07cb67c>] (ehci_setup) from [<c07d1734>] (tegra_ehci_reset+0xc/0x50)
[    3.513049] [<c07d1734>] (tegra_ehci_reset) from [<c07a1afc>] (usb_add_hcd+0x300/0x830)
[    3.521038] [<c07a1afc>] (usb_add_hcd) from [<c07d10ac>] (tegra_ehci_probe+0x3b8/0x504)
[    3.529032] [<c07d10ac>] (tegra_ehci_probe) from [<c0659218>] (platform_drv_probe+0x50/0xac)
[    3.537453] [<c0659218>] (platform_drv_probe) from [<c0657b84>] (driver_probe_device+0x1f4/0x2b0)
[    3.546306] [<c0657b84>] (driver_probe_device) from [<c0656114>] (bus_for_each_drv+0x44/0x8c)
[    3.554812] [<c0656114>] (bus_for_each_drv) from [<c0657908>] (__device_attach+0x9c/0x100)
[    3.563058] [<c0657908>] (__device_attach) from [<c0656f94>] (bus_probe_device+0x84/0x8c)
[    3.571217] [<c0656f94>] (bus_probe_device) from [<c06573c8>] (deferred_probe_work_func+0x60/0x8c)
[    3.580158] [<c06573c8>] (deferred_probe_work_func) from [<c025ebb8>] (process_one_work+0x134/0x338)
[    3.589269] [<c025ebb8>] (process_one_work) from [<c025ee20>] (worker_thread+0x2c/0x4f0)
[    3.597348] [<c025ee20>] (worker_thread) from [<c0263fac>] (kthread+0xd8/0xf4)
[    3.604557] [<c0263fac>] (kthread) from [<c0210e78>] (ret_from_fork+0x14/0x3c)
[    3.611760] ---[ end trace f5cad7005d88ec50 ]---
[    3.616623] tegra-ehci 7d004000.usb: irq 343, io mem 0x7d004000
[    3.628895] tegra-ehci 7d004000.usb: USB 2.0 started, EHCI 1.00
[    3.636126] hub 1-0:1.0: USB hub found
[    3.639908] hub 1-0:1.0: 1 port detected
[    3.644911] tegra-ehci 7d008000.usb: EHCI Host Controller
[    3.650325] tegra-ehci 7d008000.usb: new USB bus registered, assigned bus number 2
[    3.658068] tegra-ehci 7d008000.usb: irq 344, io mem 0x7d008000
[    3.673890] tegra-ehci 7d008000.usb: USB 2.0 started, EHCI 1.00
[    3.681044] hub 2-0:1.0: USB hub found
[    3.684812] hub 2-0:1.0: 1 port detected
[    3.693570] tps65910-rtc tps65910-rtc: setting system clock to 2000-01-01 00:00:02 UTC (946684802)
[    3.707492] vdd_sata,avdd_plle: disabling
[    3.712301] usb1_vbus: disabling
[    3.718263] EXT4-fs (mmcblk0p1): mounting ext3 file system using the ext4 subsystem
[    3.778737] EXT4-fs (mmcblk0p1): warning: mounting fs with errors, running e2fsck is recommended
[    3.789805] EXT4-fs (mmcblk0p1): recovery complete
[    3.796173] EXT4-fs (mmcblk0p1): mounted filesystem with ordered data mode. Opts: (null)
[    3.804286] VFS: Mounted root (ext3 filesystem) on device 179:1.
[    3.813262] devtmpfs: mounted
[    3.817224] Freeing unused kernel memory: 1056K (c0e42000 - c0f4a000)
bash: cannot set terminal process group (-1): Inappropriate ioctl for device
bash: no job control in this shell
root@(none):/# [    3.998532] usb 2-1: new high-speed USB device number 2 using tegra-ehci
