

U-Boot 2015.04-00466-gedec83e90172 (Mar 14 2016 - 10:42:01)

TEGRA124
Model: Acer Chromebook 13 CB5-311
DRAM:  4 GiB
:   Tegra SD/MMC: 0, Tegra SD/MMC: 1, Tegra SD/MMC: 2
MMC init failed
Using default environment

In:    serial
Out:   serial
Err:   serial
Net:   Net Initialization Skipped
No ethernet found.
Hit any key to stop autoboot:  2  1  0 
Tegra124 (Nyan-big) # 
Tegra124 (Nyan-big) # usb start
starting USB...
USB0:   USB EHCI 1.10
scanning bus 0 for devices... 2 USB Device(s) found
USB1:   USB EHCI 1.10
scanning bus 1 for devices... 2 USB Device(s) found
       scanning usb for storage devices... 1 Storage Device(s) found
       scanning usb for ethernet devices... 
Warning: asx0 using MAC address from net device
1 Ethernet Device(s) found
Tegra124 (Nyan-big) # mw 0x7000e4a0 0x00080000
Tegra124 (Nyan-big) # setenv bootargs 'ignore_loglevel console=ttyS0,115200n8 rw root=PARTUUID=4d36e82a-b3c0-4b4b-bfcd-afe5217ac023 rootwait gpt debug noinitrd earlyprintk init=/bin/bash'
Tegra124 (Nyan-big) # setenv ipaddr 192.168.100.104; setenv serverip 192.168.100.1; setenv tftpserverip 192.168.100.1
Tegra124 (Nyan-big) # tftpboot 0x82000000 zImage.multi_v7_defconfig
Using asx0 device
TFTP from server 192.168.100.1; our IP address is 192.168.100.104
Filename 'zImage.multi_v7_defconfig'.
Load address: 0x82000000
Loading: *#################################################################
	 #################################################################
	 #################################################################
	 #################################################################
	 #################################################################
	 #################################################################
	 #################################################################
	 #################################################################
	 ################################
	 3 MiB/s
done
Bytes transferred = 8098304 (7b9200 hex)
Tegra124 (Nyan-big) # tftpboot 0x83000000 tegra124-nyan-big.dtb
Using asx0 device
TFTP from server 192.168.100.1; our IP address is 192.168.100.104
Filename 'tegra124-nyan-big.dtb'.
Load address: 0x83000000
Loading: *#####
	 2.8 MiB/s
done
Bytes transferred = 67482 (1079a hex)
Tegra124 (Nyan-big) # bootz 0x82000000 - 0x83000000
Kernel image @ 0x82000000 [ 0x000000 - 0x7b9200 ]
## Flattened Device Tree blob at 83000000
   Booting using the fdt blob at 0x83000000
   Using Device Tree in place at 83000000, end 83013799

Starting kernel ...

[    0.000000] Booting Linux on physical CPU 0x0
[    0.000000] Linux version 4.15.0-rc6-next-20180108-343700-g895c0dde3985 (jonathanh@tamien) (gcc version 4.7.3 20130328 (prerelease) (crosstool-NG linaro-1.13.1-4.7-2013.04-20130415 - Linaro GCC 2013.04)) #1 SMP Sun Jan 7 21:32:59 PST 2018
[    0.000000] CPU: ARMv7 Processor [413fc0f3] revision 3 (ARMv7), cr=10c5387d
[    0.000000] CPU: div instructions available: patching division code
[    0.000000] CPU: PIPT / VIPT nonaliasing data cache, PIPT instruction cache
[    0.000000] OF: fdt: Machine model: Acer Chromebook 13 CB5-311
[    0.000000] OF: fdt: Ignoring memory range 0x100000000 - 0x17ffff000
[    0.000000] debug: ignoring loglevel setting.
[    0.000000] Memory policy: Data cache writealloc
[    0.000000] efi: Getting EFI parameters from FDT:
[    0.000000] efi: UEFI not found.
[    0.000000] cma: Reserved 64 MiB at 0xfb800000
[    0.000000] On node 0 totalpages: 524287
[    0.000000]   DMA zone: 1536 pages used for memmap
[    0.000000]   DMA zone: 0 pages reserved
[    0.000000]   DMA zone: 196608 pages, LIFO batch:31
[    0.000000]   HighMem zone: 327679 pages, LIFO batch:31
[    0.000000] random: fast init done
[    0.000000] percpu: Embedded 17 pages/cpu @(ptrval) s39040 r8192 d22400 u69632
[    0.000000] pcpu-alloc: s39040 r8192 d22400 u69632 alloc=17*4096
[    0.000000] pcpu-alloc: [0] 0 [0] 1 [0] 2 [0] 3 
[    0.000000] Built 1 zonelists, mobility grouping on.  Total pages: 522751
[    0.000000] Kernel command line: ignore_loglevel console=ttyS0,115200n8 rw root=PARTUUID=4d36e82a-b3c0-4b4b-bfcd-afe5217ac023 rootwait gpt debug noinitrd earlyprintk init=/bin/bash
[    0.000000] Dentry cache hash table entries: 131072 (order: 7, 524288 bytes)
[    0.000000] Inode-cache hash table entries: 65536 (order: 6, 262144 bytes)
[    0.000000] Memory: 1993492K/2097148K available (11264K kernel code, 1563K rwdata, 4328K rodata, 2048K init, 405K bss, 38120K reserved, 65536K cma-reserved, 1245180K highmem)
[    0.000000] Virtual kernel memory layout:
[    0.000000]     vector  : 0xffff0000 - 0xffff1000   (   4 kB)
[    0.000000]     fixmap  : 0xffc00000 - 0xfff00000   (3072 kB)
[    0.000000]     vmalloc : 0xf0800000 - 0xff800000   ( 240 MB)
[    0.000000]     lowmem  : 0xc0000000 - 0xf0000000   ( 768 MB)
[    0.000000]     pkmap   : 0xbfe00000 - 0xc0000000   (   2 MB)
[    0.000000]     modules : 0xbf000000 - 0xbfe00000   (  14 MB)
[    0.000000]       .text : 0x(ptrval) - 0x(ptrval)   (12256 kB)
[    0.000000]       .init : 0x(ptrval) - 0x(ptrval)   (2048 kB)
[    0.000000]       .data : 0x(ptrval) - 0x(ptrval)   (1564 kB)
[    0.000000]        .bss : 0x(ptrval) - 0x(ptrval)   ( 406 kB)
[    0.000000] SLUB: HWalign=64, Order=0-3, MinObjects=0, CPUs=4, Nodes=1
[    0.000000] Hierarchical RCU implementation.
[    0.000000] 	RCU event tracing is enabled.
[    0.000000] 	RCU restricting CPUs from NR_CPUS=16 to nr_cpu_ids=4.
[    0.000000] RCU: Adjusting geometry for rcu_fanout_leaf=16, nr_cpu_ids=4
[    0.000000] NR_IRQS: 16, nr_irqs: 16, preallocated irqs: 16
[    0.000000] /interrupt-controller@60004000: 160 interrupts forwarded to /interrupt-controller@50041000
[    0.000000] Tegra clk 127: register failed with -17
[    0.000004] sched_clock: 32 bits at 1000kHz, resolution 1000ns, wraps every 2147483647500ns
[    0.000011] clocksource: timer_us: mask: 0xffffffff max_cycles: 0xffffffff, max_idle_ns: 1911260446275 ns
[    0.000017] Switching to timer-based delay loop, resolution 1000ns
[    0.001871] arch_timer: cp15 timer(s) running at 12.00MHz (virt).
[    0.001878] clocksource: arch_sys_counter: mask: 0xffffffffffffff max_cycles: 0x2c47f4ee7, max_idle_ns: 440795202497 ns
[    0.001885] sched_clock: 56 bits at 12MHz, resolution 83ns, wraps every 4398046511096ns
[    0.001890] Switching to timer-based delay loop, resolution 83ns
[    0.002108] Console: colour dummy device 80x30
[    0.002124] Calibrating delay loop (skipped), value calculated using timer frequency.. 24.00 BogoMIPS (lpj=120000)
[    0.002131] pid_max: default: 32768 minimum: 301
[    0.002176] Mount-cache hash table entries: 2048 (order: 1, 8192 bytes)
[    0.002181] Mountpoint-cache hash table entries: 2048 (order: 1, 8192 bytes)
[    0.002385] CPU: Testing write buffer coherency: ok
[    0.002518] /cpus/cpu@0 missing clock-frequency property
[    0.002533] /cpus/cpu@1 missing clock-frequency property
[    0.002549] /cpus/cpu@2 missing clock-frequency property
[    0.002565] /cpus/cpu@3 missing clock-frequency property
[    0.002570] CPU0: thread -1, cpu 0, socket 0, mpidr 80000000
[    0.002688] Setting up static identity map for 0x80300000 - 0x803000a0
[    0.003409] Hierarchical SRCU implementation.
[    0.004031] brcmstb: biuctrl: missing BIU control node
[    0.004035] brcmstb: biuctrl: MCP: Unable to disable write pairing!
[    0.004517] Tegra Revision: A01 SKU: 131 CPU Process: 1 SoC Process: 1
[    0.004824] EFI services will not be available.
[    0.004886] smp: Bringing up secondary CPUs ...
[    0.005180] CPU1: thread -1, cpu 1, socket 0, mpidr 80000001
[    0.012146] CPU2: thread -1, cpu 2, socket 0, mpidr 80000002
[    0.022148] CPU3: thread -1, cpu 3, socket 0, mpidr 80000003
[    0.031873] smp: Brought up 1 node, 4 CPUs
[    0.031880] SMP: Total of 4 processors activated (96.00 BogoMIPS).
[    0.031884] CPU: All CPU(s) started in SVC mode.
[    0.032443] devtmpfs: initialized
[    0.037593] Built 1 zonelists, mobility grouping on.  Total pages: 514757
[    0.037754] VFP support v0.3: implementor 41 architecture 4 part 30 variant f rev 0
[    0.037983] clocksource: jiffies: mask: 0xffffffff max_cycles: 0xffffffff, max_idle_ns: 19112604462750000 ns
[    0.037992] futex hash table entries: 1024 (order: 4, 65536 bytes)
[    0.038089] pinctrl core: initialized pinctrl subsystem
[    0.038662] DMI not present or invalid.
[    0.038769] NET: Registered protocol family 16
[    0.039466] DMA: preallocated 256 KiB pool for atomic coherent allocations
[    0.040388] cpuidle: using governor menu
[    0.048606] No ATAGs?
[    0.048662] hw-breakpoint: found 5 (+1 reserved) breakpoint and 4 watchpoint registers.
[    0.048668] hw-breakpoint: maximum watchpoint size is 8 bytes.
[    0.051165] Serial: AMBA PL011 UART driver
[    0.051582] tegra-mc 70019000.memory-controller: no memory timings for RAM code 0 registered
[    0.051722] iommu: Adding device 50000000.host1x to group 0
[    0.051748] iommu: Adding device 54200000.dc to group 1
[    0.051775] iommu: Adding device 54240000.dc to group 1
[    0.051803] iommu: Adding device 57000000.gpu to group 2
[    0.056907] AT91: Could not find identification node
[    0.057113] +5V_SYS: supplied by +VDD_MUX
[    0.057212] +3.3V_SYS: supplied by +VDD_MUX
[    0.057423] +VDD_LED: Failed to request enable GPIO122: -517
[    0.057429] reg-fixed-voltage regulators:regulator@5: Failed to register regulator: -517
[    0.057462] +5V_VDD_TS_SW: Failed to request enable GPIO81: -517
[    0.057466] reg-fixed-voltage regulators:regulator@6: Failed to register regulator: -517
[    0.057499] +5V_USB_HS: Failed to request enable GPIO108: -517
[    0.057503] reg-fixed-voltage regulators:regulator@7: Failed to register regulator: -517
[    0.057535] +5V_USB_SS: Failed to request enable GPIO109: -517
[    0.057539] reg-fixed-voltage regulators:regulator@8: Failed to register regulator: -517
[    0.057624] +1.05V_RUN_AVDD_HDMI_PLL: Failed to request enable GPIO63: -517
[    0.057628] reg-fixed-voltage regulators:regulator@11: Failed to register regulator: -517
[    0.057659] +5V_HDMI_CON: Failed to request enable GPIO86: -517
[    0.057664] reg-fixed-voltage regulators:regulator@12: Failed to register regulator: -517
[    0.058637] vgaarb: loaded
[    0.058902] SCSI subsystem initialized
[    0.058971] libata version 3.00 loaded.
[    0.059045] usbcore: registered new interface driver usbfs
[    0.059062] usbcore: registered new interface driver hub
[    0.059087] usbcore: registered new device driver usb
[    0.060349] pps_core: LinuxPPS API ver. 1 registered
[    0.060352] pps_core: Software ver. 5.3.6 - Copyright 2005-2007 Rodolfo Giometti <giometti@linux.it>
[    0.060360] PTP clock support registered
[    0.060427] EDAC MC: Ver: 3.0.0
[    0.060879] tegra-emc 7001b000.emc: no memory timings for RAM code 0 found in DT
[    0.060889] tegra-emc: probe of 7001b000.emc failed with error -2
[    0.061305] clocksource: Switched to clocksource arch_sys_counter
[    0.079596] NET: Registered protocol family 2
[    0.079797] tcp_listen_portaddr_hash hash table entries: 512 (order: 0, 6144 bytes)
[    0.079809] TCP established hash table entries: 8192 (order: 3, 32768 bytes)
[    0.079842] TCP bind hash table entries: 8192 (order: 4, 65536 bytes)
[    0.079904] TCP: Hash tables configured (established 8192 bind 8192)
[    0.079939] UDP hash table entries: 512 (order: 2, 16384 bytes)
[    0.079954] UDP-Lite hash table entries: 512 (order: 2, 16384 bytes)
[    0.080011] NET: Registered protocol family 1
[    0.080167] RPC: Registered named UNIX socket transport module.
[    0.080171] RPC: Registered udp transport module.
[    0.080175] RPC: Registered tcp transport module.
[    0.080178] RPC: Registered tcp NFSv4.1 backchannel transport module.
[    0.080183] PCI: CLS 0 bytes, default 64
[    0.080751] hw perfevents: enabled with armv7_cortex_a15 PMU driver, 7 counters available
[    0.081367] Initialise system trusted keyrings
[    0.081430] workingset: timestamp_bits=30 max_order=19 bucket_order=0
[    0.083750] squashfs: version 4.0 (2009/01/31) Phillip Lougher
[    0.083973] NFS: Registering the id_resolver key type
[    0.083981] Key type id_resolver registered
[    0.083985] Key type id_legacy registered
[    0.084001] ntfs: driver 2.1.32 [Flags: R/O].
[    0.084548] Key type asymmetric registered
[    0.084552] Asymmetric key parser 'x509' registered
[    0.084572] bounce: pool size: 64 pages
[    0.084594] Block layer SCSI generic (bsg) driver version 0.4 loaded (major 246)
[    0.084599] io scheduler noop registered
[    0.084603] io scheduler deadline registered
[    0.084680] io scheduler cfq registered (default)
[    0.084684] io scheduler mq-deadline registered
[    0.084688] io scheduler kyber registered
[    0.086063] tegra-xusb-padctl 7009f000.padctl: failed to setup XUSB ports: -517
[    0.096775] tegra-apbdma 60020000.dma: Tegra20 APB DMA driver register 32 channels
[    0.097950] tegra-pmc 7000e400.pmc: i2c-thermtrip node not found, emergency thermal reset disabled.
[    0.114997] Serial: 8250/16550 driver, 4 ports, IRQ sharing disabled
[    0.116052] console [ttyS0] disabled
[    0.116071] 70006000.serial: ttyS0 at MMIO 0x70006000 (irq = 333, base_baud = 25500000) is a Tegra
[    1.061664] console [ttyS0] enabled
[    1.065439] SuperH (H)SCI(F) driver initialized
[    1.070321] msm_serial: driver initialized
[    1.074478] STMicroelectronics ASC driver initialized
[    1.081648] Failed to attached device 54200000.dc to IOMMU_mapping
[    1.095959] Failed to attached device 54240000.dc to IOMMU_mapping
[    1.110410] tegra-hdmi 54280000.hdmi: failed to get HDMI regulator
[    1.116887] tegra-dpaux 545c0000.dpaux: failed to get VDD supply: -517
[    1.124389] panel-simple panel: panel supply power not found, using dummy regulator
[    1.134786] brd: module loaded
[    1.140270] loop: module loaded
[    1.144329] as3722 4-0040: AS3722 with revision 0x1 found
[    1.154278] as3722-sd2: supplied by +5V_SYS
[    1.158674] as3722-sd3: supplied by +5V_SYS
[    1.163018] +1.35V_LP0(sd3): Bringing 0uV into 1350000-1350000uV
[    1.169178] as3722-sd4: supplied by +5V_SYS
[    1.173565] +1.05V_RUN: Bringing 0uV into 1050000-1050000uV
[    1.179294] as3722-sd5: supplied by +5V_SYS
[    1.184853] as3722-ldo0: supplied by +1.35V_LP0(sd2)
[    1.190568] +1.8V_RUN_CAM: Bringing 0uV into 1800000-1800000uV
[    1.196571] as3722-ldo2: supplied by +1.8V_VDDIO
[    1.202174] as3722-ldo3: supplied by +3.3V_SYS
[    1.206624] +1.00V_LP0_VDD_RTC: Bringing 1100000uV into 1000000-1000000uV
[    1.214186] as3722-ldo4: supplied by +3.3V_SYS
[    1.218776] +3.3V_RUN_CAM: Bringing 0uV into 2800000-2800000uV
[    1.224780] as3722-ldo5: supplied by +1.8V_VDDIO
[    1.229543] +1.2V_RUN_CAM_FRONT: Bringing 0uV into 1200000-1200000uV
[    1.236223] +VDDIO_SDMMC3: Bringing 0uV into 1800000-1800000uV
[    1.242241] as3722-ldo7: supplied by +1.8V_VDDIO
[    1.247005] +1.05V_RUN_CAM_REAR: Bringing 0uV into 1050000-1050000uV
[    1.253542] as3722-ldo9: supplied by +5V_SYS
[    1.258101] +2.8V_RUN_TOUCH: Bringing 0uV into 2800000-2800000uV
[    1.264297] as3722-ldo10: supplied by +5V_SYS
[    1.268800] +2.8V_RUN_CAM_AF: Bringing 0uV into 2800000-2800000uV
[    1.275230] +1.8V_RUN_VPP_FUSE: Bringing 0uV into 1800000-1800000uV
[    1.293611] m25p80 spi1.0: w25q32dw (4096 Kbytes)
[    1.299278] libphy: Fixed MDIO Bus: probed
[    1.303697] CAN device driver interface
[    1.307835] bgmac_bcma: Broadcom 47xx GBit MAC driver loaded
[    1.313950] e1000e: Intel(R) PRO/1000 Network Driver - 3.2.6-k
[    1.319766] e1000e: Copyright(c) 1999 - 2015 Intel Corporation.
[    1.325694] igb: Intel(R) Gigabit Ethernet Network Driver - version 5.4.0-k
[    1.332643] igb: Copyright (c) 2007-2014 Intel Corporation.
[    1.339536] pegasus: v0.9.3 (2013/04/25), Pegasus/Pegasus II USB Ethernet driver
[    1.346941] usbcore: registered new interface driver pegasus
[    1.352605] usbcore: registered new interface driver asix
[    1.358000] usbcore: registered new interface driver ax88179_178a
[    1.364092] usbcore: registered new interface driver cdc_ether
[    1.369922] usbcore: registered new interface driver smsc75xx
[    1.375671] usbcore: registered new interface driver smsc95xx
[    1.381416] usbcore: registered new interface driver net1080
[    1.387068] usbcore: registered new interface driver cdc_subset
[    1.392988] usbcore: registered new interface driver zaurus
[    1.398562] usbcore: registered new interface driver cdc_ncm
[    1.404896] ehci_hcd: USB 2.0 'Enhanced' Host Controller (EHCI) Driver
[    1.411414] ehci-pci: EHCI PCI platform driver
[    1.415856] ehci-platform: EHCI generic platform driver
[    1.421136] ehci-orion: EHCI orion driver
[    1.425193] SPEAr-ehci: EHCI SPEAr driver
[    1.429236] ehci-st: EHCI STMicroelectronics driver
[    1.434154] ehci-exynos: EHCI EXYNOS driver
[    1.438379] ehci-atmel: EHCI Atmel driver
[    1.442428] tegra-ehci: Tegra EHCI driver
[    1.446488] ohci_hcd: USB 1.1 'Open' Host Controller (OHCI) Driver
[    1.452662] ohci-pci: OHCI PCI platform driver
[    1.457102] ohci-platform: OHCI generic platform driver
[    1.462381] SPEAr-ohci: OHCI SPEAr driver
[    1.466424] ohci-st: OHCI STMicroelectronics driver
[    1.471343] ohci-atmel: OHCI Atmel driver
[    1.475603] usbcore: registered new interface driver usb-storage
[    1.482963] elan_i2c 1-0015: 1-0015 supply vcc not found, using dummy regulator
[    1.490322] as3722-rtc as3722-rtc: rtc core: registered as3722-rtc as rtc0
[    1.497195] as3722-rtc as3722-rtc: RTC interrupt 372
[    1.504153] tegra_rtc 7000e000.rtc: rtc core: registered 7000e000.rtc as rtc1
[    1.511285] tegra_rtc 7000e000.rtc: Tegra internal Real Time Clock
[    1.517644] i2c /dev entries driver
[    1.523535] lm90 0-004c: 0-004c supply vcc not found, using dummy regulator
[    1.534943] sdhci: Secure Digital Host Controller Interface driver
[    1.541108] sdhci: Copyright(c) Pierre Ossman
[    1.546048] Synopsys Designware Multimedia Card Interface Driver
[    1.552554] sdhci-pltfm: SDHCI platform and OF driver helper
[    1.558478] sdhci-tegra 700b0000.sdhci: allocated mmc-pwrseq
[    1.571419] sdhci-tegra 700b0400.sdhci: Got CD GPIO
[    1.576289] sdhci-tegra 700b0400.sdhci: Got WP GPIO
[    1.595334] mmc0: Unknown controller version (3). You may experience problems.
[    1.602576] mmc0: Invalid maximum block size, assuming 512 bytes
[    1.639280] mmc0: SDHCI controller on 700b0600.sdhci [700b0600.sdhci] using ADMA
[    1.647433] ledtrig-cpu: registered to indicate activity on CPUs
[    1.653610] usbcore: registered new interface driver usbhid
[    1.659174] usbhid: USB HID core driver
[    1.664481] NET: Registered protocol family 10
[    1.669256] Segment Routing with IPv6
[    1.672972] sit: IPv6, IPv4 and MPLS over IPv4 tunneling driver
[    1.679086] NET: Registered protocol family 17
[    1.683534] can: controller area network core (rev 20170425 abi 9)
[    1.689731] NET: Registered protocol family 29
[    1.694173] can: raw protocol (rev 20170425)
[    1.698435] can: broadcast manager protocol (rev 20170425 t)
[    1.704092] can: netlink gateway (rev 20170425) max_hops=1
[    1.709696] Key type dns_resolver registered
[    1.714167] ThumbEE CPU extension supported.
[    1.718432] Registering SWP/SWPB emulation handler
[    1.723526] Loading compiled-in X.509 certificates
[    1.734641] +3.3V_RUN: supplied by +3.3V_SYS
[    1.737888] elan_i2c 1-0015: Elan Touchpad: Module ID: 0x002a, Firmware: 0x0005, Sample: 0x0007, IAP: 0x0009
[    1.749094] input: Elan Touchpad as /devices/soc0/7000c400.i2c/i2c-1/1-0015/input/input0
[    1.749614] +VDD_LED: supplied by +VDD_MUX
[    1.749745] +3.3V_AVDD_HDMI_AP_GATED: supplied by +3.3V_RUN
[    1.749788] +1.8V_RUN_CAM: supplied by +3.3V_RUN
[    1.749830] +VDDIO_SDMMC3: supplied by +3.3V_RUN
[    1.749869] +1.8V_RUN_VPP_FUSE: supplied by +3.3V_RUN
[    1.750057] +5V_VDD_TS_SW: supplied by +5V_SYS
[    1.750306] +5V_USB_HS: supplied by +5V_SYS
[    1.750545] +5V_USB_SS: supplied by +5V_SYS
[    1.771710] +3.3V_PANEL: supplied by +3.3V_RUN
[    1.790075] +3.3V_LP0: supplied by +3.3V_SYS
[    1.803035] elan_i2c 1-0015: failed to read report data: -121
[    1.803591] +1.05V_RUN_AVDD_HDMI_PLL: supplied by +1.05V_RUN
[    1.804069] +5V_HDMI_CON: supplied by +5V_SYS
[    1.805436]  usb3-0: usb3-0 supply vbus not found, using dummy regulator
[    1.805556]  usb3-1: usb3-1 supply vbus not found, using dummy regulator
[    1.814290] tegra-sor 54540000.sor: failed to probe output: -517
[    1.815177] panel-simple panel: panel supply power not found, using dummy regulator
[    1.816424] sdhci-tegra 700b0000.sdhci: allocated mmc-pwrseq
[    1.823679] mmc0: new high speed MMC card at address 0001
[    1.824020] mmcblk0: mmc0:0001 MMC16G 14.4 GiB 
[    1.824203] mmcblk0boot0: mmc0:0001 MMC16G partition 1 2.00 MiB
[    1.824394] mmcblk0boot1: mmc0:0001 MMC16G partition 2 2.00 MiB
[    1.824476] mmcblk0rpmb: mmc0:0001 MMC16G partition 3 128 KiB, chardev (236:0)
[    1.824840] mmc1: Unknown controller version (3). You may experience problems.
[    1.825233] mmc1: Invalid maximum block size, assuming 512 bytes
[    1.825773] mmc1: Switching to 3.3V signalling voltage failed
[    1.828079]  mmcblk0: p1 p2 p3 p4 p5 p6 p7 p8 p9 p10 p11 p12
[    1.851000] mmc1: SDHCI controller on 700b0000.sdhci [700b0000.sdhci] using ADMA
[    1.852165] sdhci-tegra 700b0400.sdhci: Got CD GPIO
[    1.852175] sdhci-tegra 700b0400.sdhci: Got WP GPIO
[    1.857663] mmc2: Unknown controller version (3). You may experience problems.
[    1.857723] mmc2: Invalid maximum block size, assuming 512 bytes
[    1.889523] mmc2: SDHCI controller on 700b0400.sdhci [700b0400.sdhci] using ADMA
[    1.890328] tegra-sor 54540000.sor: failed to probe output: -517
[    1.891241] panel-simple panel: panel supply power not found, using dummy regulator
[    1.893134] input: gpio-keys as /devices/soc0/gpio-keys/input/input1
[    1.893945] tegra-sor 54540000.sor: failed to probe output: -517
[    1.894573] panel-simple panel: panel supply power not found, using dummy regulator
[    1.895202] mmc1: new high speed SDIO card at address 0001
[    1.899427] as3722-rtc as3722-rtc: setting system clock to 2000-01-01 06:33:48 UTC (946708428)
[    1.899838] +3.3V_AVDD_HDMI_AP_GATED: disabling
[    1.899847] +1.05V_RUN: disabling
[    1.900022] +1.8V_RUN_CAM: disabling
[    1.900134] +3.3V_RUN_CAM: disabling
[    1.900242] +1.2V_RUN_CAM_FRONT: disabling
[    1.900353] +1.05V_RUN_CAM_REAR: disabling
[    1.900461] +2.8V_RUN_TOUCH: disabling
[    1.900569] +2.8V_RUN_CAM_AF: disabling
[    1.900678] +1.8V_RUN_VPP_FUSE: disabling
[    1.900787] +VDD_LED: disabling
[    1.900790] +5V_VDD_TS_SW: disabling
[    1.900794] +5V_USB_HS: disabling
[    1.900797] +5V_USB_SS: disabling
[    1.900799] +3.3V_PANEL: disabling
[    1.900802] +1.05V_RUN_AVDD_HDMI_PLL: disabling
[    1.900805] +5V_HDMI_CON: disabling
[    2.043340] mmc2: new high speed SDHC card at address 0007
[    2.043679] mmcblk2: mmc2:0007 SD08G 7.42 GiB 
[    2.051943] GPT:Primary header alternate_lba != Alt. header my_lba
[    2.051947] GPT:3014591 != 15564799
[    2.051950] GPT:Primary header thinks Alt. header is not at the end of the disk.
[    2.051951] GPT:3014591 != 15564799
[    2.051953] GPT: Use GNU Parted to correct GPT errors.
[    2.051979]  mmcblk2: p1 p2 p3 p4 p5 p6 p7 p8 p9 p10 p11 p12
[    2.054899] tegra-sor 54540000.sor: failed to probe output: -517
[    2.055730] panel-simple panel: panel supply power not found, using dummy regulator
[    2.105771] EXT4-fs (mmcblk0p3): couldn't mount as ext3 due to feature incompatibilities
[    2.110901] elan_i2c 1-0015: invalid report id data (ff)
[    2.119629] EXT4-fs (mmcblk0p3): couldn't mount as ext2 due to feature incompatibilities
[    2.133237] print_req_error: I/O error, dev mmcblk0, sector 6574088
[    2.139520] JBD2: Failed to read block at offset 1
[    2.145313] JBD2: recovery failed
[    2.148626] EXT4-fs (mmcblk0p3): error loading journal
[    2.154001] VFS: Cannot open root device "PARTUUID=4d36e82a-b3c0-4b4b-bfcd-afe5217ac023" or unknown-block(179,3): error -5
[    2.165087] Please append a correct "root=" boot option; here are the available partitions:
[    2.173450] 0100           65536 ram0 
[    2.173454]  (driver?)
[    2.179552] 0101           65536 ram1 
[    2.179555]  (driver?)
[    2.185676] 0102           65536 ram2 
[    2.185678]  (driver?)
[    2.191798] 0103           65536 ram3 
[    2.191802]  (driver?)
[    2.197899] 0104           65536 ram4 
[    2.197902]  (driver?)
[    2.204021] 0105           65536 ram5 
[    2.204024]  (driver?)
[    2.210110] 0106           65536 ram6 
[    2.210112]  (driver?)
[    2.216236] 0107           65536 ram7 
[    2.216238]  (driver?)
[    2.222349] 0108           65536 ram8 
[    2.222351]  (driver?)
[    2.228457] 0109           65536 ram9 
[    2.228461]  (driver?)
[    2.234583] 010a           65536 ram10 
[    2.234586]  (driver?)
[    2.240759] 010b           65536 ram11 
[    2.240761]  (driver?)
[    2.246965] 010c           65536 ram12 
[    2.246968]  (driver?)
[    2.253175] 010d           65536 ram13 
[    2.253179]  (driver?)
[    2.259362] 010e           65536 ram14 
[    2.259365]  (driver?)
[    2.265570] 010f           65536 ram15 
[    2.265572]  (driver?)
[    2.271788] 1f00            4096 mtdblock0 
[    2.271792]  (driver?)
[    2.278324] b300        15106048 mmcblk0 
[    2.278327]  driver: mmcblk
[    2.285138]   b301        10754048 mmcblk0p1 6de0a9b2-3b4d-ea48-98e6-e84b4d7e27bd
[    2.285141] 
[    2.294124]   b302           16384 mmcblk0p2 648bfb8a-5242-9341-a148-02b4091bbf16
[    2.294126] 
[    2.303106]   b303         2097152 mmcblk0p3 4d36e82a-b3c0-4b4b-bfcd-afe5217ac023
[    2.303108] 
[    2.312085]   b304           16384 mmcblk0p4 5cd147a0-2849-2d42-967d-f0563ec4d208
[    2.312090] 
[    2.321047]   b305         2097152 mmcblk0p5 25e4d2cd-4e2d-6e43-8940-e628e90d55ea
[    2.321050] 
[    2.330027]   b306               0 mmcblk0p6 118ed6ef-02a1-9c4f-9112-9ed7136c600c
[    2.330030] 
[    2.339012]   b307               0 mmcblk0p7 d569c114-cc73-1849-8c61-1a0f3fe44787
[    2.339014] 
[    2.347993]   b308           16384 mmcblk0p8 5e7211c9-35fb-3f4c-aa3f-70cd8f9913a3
[    2.347996] 
[    2.356978]   b309               0 mmcblk0p9 6c6caaf2-e6d7-2a4e-81e6-8d5bc10054c3
[    2.356980] 
[    2.365959]   b30a               0 mmcblk0p10 747f26b6-9640-1f4c-a341-a575699aea37
[    2.365961] 
[    2.375031]   b30b            8192 mmcblk0p11 27ae4b76-8bc0-8143-85a3-bec263a9417f
[    2.375034] 
[    2.384098]   b30c           16384 mmcblk0p12 8647d5e5-1168-fb46-901c-75561e7da298
[    2.384101] 
[    2.393181] b320            2048 mmcblk0boot1 
[    2.393184]  (driver?)
[    2.399964] b310            2048 mmcblk0boot0 
[    2.399965]  (driver?)
[    2.406778] b330         7782400 mmcblk2 
[    2.406781]  driver: mmcblk
[    2.413592]   b331           26624 mmcblk2p1 e6ca9518-3a24-9e4a-a6ee-eb53b622852e
[    2.413596] 
[    2.422580]   b332           16384 mmcblk2p2 b6afc240-4668-264d-b13d-f265c83ac8bc
[    2.422586] 
[    2.431566]   b333         1320960 mmcblk2p3 b5bcfa36-91c7-0c49-b610-1b3d59c4777a
[    2.431571] 
[    2.440528]   b334           16384 mmcblk2p4 403405b3-a62e-d04b-9e15-8ca09ba1e673
[    2.440531] 
[    2.449509]   b335            2048 mmcblk2p5 3bb25e6c-66bf-bc4c-ba2f-ce002f318a29
[    2.449512] 
[    2.458496]   b336               0 mmcblk2p6 15a8d6b9-5d66-9641-8336-5841f805c5e8
[    2.458499] 
[    2.467478]   b337               0 mmcblk2p7 88d38aff-066c-1a43-a034-7a1a1f19dec7
[    2.467480] 
[    2.476464]   b338           16384 mmcblk2p8 e0d8a6d3-30a6-a744-b663-c05f8c54684f
[    2.476466] 
[    2.485446]   b339               0 mmcblk2p9 f0a6d8b7-f744-4646-9493-224c616f5534
[    2.485448] 
[    2.494431]   b33a               0 mmcblk2p10 99d8e959-2ba1-6448-b461-c97d30ff89ab
[    2.494434] 
[    2.503500]   b33b            8192 mmcblk2p11 cecfff93-e4a4-0c40-828d-5870a499aa04
[    2.503502] 
[    2.512566]   b33c           16384 mmcblk2p12 3e6cbd87-a5fd-974f-ba0e-cb8ba29749de
[    2.512570] 
[    2.521653] Kernel panic - not syncing: VFS: Unable to mount root fs on unknown-block(179,3)
[    2.530078] CPU: 1 PID: 1 Comm: swapper/0 Not tainted 4.15.0-rc6-next-20180108-343700-g895c0dde3985 #1
[    2.539368] Hardware name: NVIDIA Tegra SoC (Flattened Device Tree)
[    2.545634] [<c0311070>] (unwind_backtrace) from [<c030c714>] (show_stack+0x10/0x14)
[    2.553374] [<c030c714>] (show_stack) from [<c0cf9504>] (dump_stack+0x84/0xa4)
[    2.560585] [<c0cf9504>] (dump_stack) from [<c0343268>] (panic+0xd0/0x274)
[    2.567448] [<c0343268>] (panic) from [<c13011a0>] (mount_block_root+0x180/0x288)
[    2.574927] [<c13011a0>] (mount_block_root) from [<c13014c4>] (mount_root+0x108/0x12c)
[    2.582828] [<c13014c4>] (mount_root) from [<c130164c>] (prepare_namespace+0x164/0x1c4)
[    2.590815] [<c130164c>] (prepare_namespace) from [<c1300e48>] (kernel_init_freeable+0x18c/0x1d0)
[    2.599681] [<c1300e48>] (kernel_init_freeable) from [<c0d0d134>] (kernel_init+0x8/0x114)
[    2.607845] [<c0d0d134>] (kernel_init) from [<c03010e8>] (ret_from_fork+0x14/0x2c)
[    2.615400] Exception stack(0xee0abfb0 to 0xee0abff8)
[    2.620441] bfa0:                                     00000000 00000000 00000000 00000000
[    2.628599] bfc0: 00000000 00000000 00000000 00000000 00000000 00000000 00000000 00000000
[    2.636762] bfe0: 00000000 00000000 00000000 00000000 00000013 00000000
[    2.643426] CPU0: stopping
[    2.646127] CPU: 0 PID: 0 Comm: swapper/0 Not tainted 4.15.0-rc6-next-20180108-343700-g895c0dde3985 #1
[    2.655411] Hardware name: NVIDIA Tegra SoC (Flattened Device Tree)
[    2.661672] [<c0311070>] (unwind_backtrace) from [<c030c714>] (show_stack+0x10/0x14)
[    2.669399] [<c030c714>] (show_stack) from [<c0cf9504>] (dump_stack+0x84/0xa4)
[    2.676607] [<c0cf9504>] (dump_stack) from [<c030f62c>] (handle_IPI+0x190/0x2b0)
[    2.683987] [<c030f62c>] (handle_IPI) from [<c064c57c>] (gic_handle_irq+0x94/0xa0)
[    2.691540] [<c064c57c>] (gic_handle_irq) from [<c0301a0c>] (__irq_svc+0x6c/0x90)
[    2.699003] Exception stack(0xc1501f00 to 0xc1501f48)
[    2.704040] 1f00: 00000000 00000005 00000298 00000008 00000001 c15301d8 00000000 00000001
[    2.712196] 1f20: c167bfd0 c1452178 eef8e180 00000001 c0b8c468 c1501f50 c0b394a4 c0b39590
[    2.720352] 1f40: 60000113 ffffffff
[    2.723832] [<c0301a0c>] (__irq_svc) from [<c0b39590>] (cpuidle_enter_state+0x1b4/0x32c)
[    2.731905] [<c0b39590>] (cpuidle_enter_state) from [<c037d5a8>] (do_idle+0x184/0x204)
[    2.739804] [<c037d5a8>] (do_idle) from [<c037d880>] (cpu_startup_entry+0x18/0x1c)
[    2.747357] [<c037d880>] (cpu_startup_entry) from [<c1300c4c>] (start_kernel+0x388/0x3f8)
[    2.755516] [<c1300c4c>] (start_kernel) from [<00000000>] (  (null))
[    2.761854] CPU2: stopping
[    2.764552] CPU: 2 PID: 0 Comm: swapper/2 Not tainted 4.15.0-rc6-next-20180108-343700-g895c0dde3985 #1
[    2.773835] Hardware name: NVIDIA Tegra SoC (Flattened Device Tree)
[    2.780089] [<c0311070>] (unwind_backtrace) from [<c030c714>] (show_stack+0x10/0x14)
[    2.787815] [<c030c714>] (show_stack) from [<c0cf9504>] (dump_stack+0x84/0xa4)
[    2.795021] [<c0cf9504>] (dump_stack) from [<c030f62c>] (handle_IPI+0x190/0x2b0)
[    2.802399] [<c030f62c>] (handle_IPI) from [<c064c57c>] (gic_handle_irq+0x94/0xa0)
[    2.809950] [<c064c57c>] (gic_handle_irq) from [<c0301a0c>] (__irq_svc+0x6c/0x90)
[    2.817413] Exception stack(0xee0e1f38 to 0xee0e1f80)
[    2.822449] 1f20:                                                       00000000 00000005
[    2.830607] 1f40: 00000299 00000008 00000001 c15301d8 00000002 00000001 c167bfd0 c1452178
[    2.838764] 1f60: eefb0180 00000001 00000000 ee0e1f88 c0b394a4 c0b39590 60000113 ffffffff
[    2.846924] [<c0301a0c>] (__irq_svc) from [<c0b39590>] (cpuidle_enter_state+0x1b4/0x32c)
[    2.854996] [<c0b39590>] (cpuidle_enter_state) from [<c037d5a8>] (do_idle+0x184/0x204)
[    2.862894] [<c037d5a8>] (do_idle) from [<c037d880>] (cpu_startup_entry+0x18/0x1c)
[    2.870445] [<c037d880>] (cpu_startup_entry) from [<803024ec>] (0x803024ec)
[    2.877388] CPU3: stopping
[    2.880086] CPU: 3 PID: 0 Comm: swapper/3 Not tainted 4.15.0-rc6-next-20180108-343700-g895c0dde3985 #1
[    2.889368] Hardware name: NVIDIA Tegra SoC (Flattened Device Tree)
[    2.895622] [<c0311070>] (unwind_backtrace) from [<c030c714>] (show_stack+0x10/0x14)
[    2.903346] [<c030c714>] (show_stack) from [<c0cf9504>] (dump_stack+0x84/0xa4)
[    2.910552] [<c0cf9504>] (dump_stack) from [<c030f62c>] (handle_IPI+0x190/0x2b0)
[    2.917929] [<c030f62c>] (handle_IPI) from [<c064c57c>] (gic_handle_irq+0x94/0xa0)
[    2.925481] [<c064c57c>] (gic_handle_irq) from [<c0301a0c>] (__irq_svc+0x6c/0x90)
[    2.932943] Exception stack(0xee0e3f38 to 0xee0e3f80)
[    2.937979] 3f20:                                                       00000000 00000005
[    2.946137] 3f40: 00000297 00000008 00000001 c15301d8 00000003 00000001 c167bfd0 c1452178
[    2.954295] 3f60: eefc1180 00000001 00000000 ee0e3f88 c0b394a4 c0b39590 60000113 ffffffff
[    2.962454] [<c0301a0c>] (__irq_svc) from [<c0b39590>] (cpuidle_enter_state+0x1b4/0x32c)
[    2.970526] [<c0b39590>] (cpuidle_enter_state) from [<c037d5a8>] (do_idle+0x184/0x204)
[    2.978424] [<c037d5a8>] (do_idle) from [<c037d880>] (cpu_startup_entry+0x18/0x1c)
[    2.985975] [<c037d880>] (cpu_startup_entry) from [<803024ec>] (0x803024ec)
[    2.992928] ---[ end Kernel panic - not syncing: VFS: Unable to mount root fs on unknown-block(179,3)
