
U-Boot SPL 2014.07-00097-g772e173 (Jul 25 2014 - 20:02:52)


U-Boot 2014.07-00097-g772e173 (Jul 25 2014 - 20:02:52)

TEGRA124
Board: NVIDIA Jetson TK1
I2C:   ready
DRAM:  2 GiB
MMC:   Tegra SD/MMC: 0, Tegra SD/MMC: 1
In:    serial
Out:   serial
Err:   serial
Net:   Net Initialization Skipped
No ethernet found.
Hit any key to stop autoboot:  2  0 
Tegra124 (Jetson TK1) # 
Tegra124 (Jetson TK1) # usb reset
(Re)start USB...
USB0:   USB EHCI 1.10
scanning bus 0 for devices... 1 USB Device(s) found
USB1:   USB EHCI 1.10
scanning bus 1 for devices... 2 USB Device(s) found
       scanning usb for storage devices... 0 Storage Device(s) found
       scanning usb for ethernet devices... 
Warning: asx0 using MAC address from net device
1 Ethernet Device(s) found
Tegra124 (Jetson TK1) # setenv bootargs 'ignore_loglevel console=ttyS0,115200n8 rw root=/dev/mmcblk0p1 rootwait gpt debug noinitrd earlyprintk init=/bin/bash'
Tegra124 (Jetson TK1) # setenv ipaddr 192.168.100.102; setenv serverip 192.168.100.1; setenv tftpserverip 192.168.100.1
Tegra124 (Jetson TK1) # tftpboot 0x82000000 zImage.multi_v7_defconfig
Using asx0 device
TFTP from server 192.168.100.1; our IP address is 192.168.100.102
Filename 'zImage.multi_v7_defconfig'.
Load address: 0x82000000
Loading: *#################################################################
	 #################################################################
	 #################################################################
	 #################################################################
	 #################################################################
	 #################################################################
	 #################################################################
	 ######################
	 3.2 MiB/s
done
Bytes transferred = 6995840 (6abf80 hex)
Tegra124 (Jetson TK1) # tftpboot 0x83000000 tegra124-jetson-tk1.dtb
Using asx0 device
TFTP from server 192.168.100.1; our IP address is 192.168.100.102
Filename 'tegra124-jetson-tk1.dtb'.
Load address: 0x83000000
Loading: *#####
	 3.1 MiB/s
done
Bytes transferred = 64236 (faec hex)
Tegra124 (Jetson TK1) # bootz 0x82000000 - 0x83000000
Kernel image @ 0x82000000 [ 0x000000 - 0x6abf80 ]
## Flattened Device Tree blob at 83000000
   Booting using the fdt blob at 0x83000000
   Using Device Tree in place at 83000000, end 83012aeb

Starting kernel ...

[    0.000000] Booting Linux on physical CPU 0x0
[    0.000000] Linux version 4.6.0-rc2-next-20160405-84844-gaa36efa (pwalmsley@sellafield) (gcc version 4.7.3 20130328 (prerelease) (crosstool-NG linaro-1.13.1-4.7-2013.04-20130415 - Linaro GCC 2013.04) ) #1 SMP Mon Apr 4 22:19:20 PDT 2016
[    0.000000] CPU: ARMv7 Processor [413fc0f3] revision 3 (ARMv7), cr=10c5387d
[    0.000000] CPU: div instructions available: patching division code
[    0.000000] CPU: PIPT / VIPT nonaliasing data cache, PIPT instruction cache
[    0.000000] Machine model: NVIDIA Tegra124 Jetson TK1
[    0.000000] debug: ignoring loglevel setting.
[    0.000000] cma: Reserved 64 MiB at 0xfb800000
[    0.000000] Memory policy: Data cache writealloc
[    0.000000] On node 0 totalpages: 524032
[    0.000000] free_area_init_node: node 0, pgdat c141cf40, node_mem_map eeff8000
[    0.000000]   DMA zone: 1536 pages used for memmap
[    0.000000]   DMA zone: 0 pages reserved
[    0.000000]   DMA zone: 196608 pages, LIFO batch:31
[    0.000000]   HighMem zone: 327424 pages, LIFO batch:31
[    0.000000] percpu: Embedded 12 pages/cpu @eef8f000 s19648 r8192 d21312 u49152
[    0.000000] pcpu-alloc: s19648 r8192 d21312 u49152 alloc=12*4096
[    0.000000] pcpu-alloc: [0] 0 [0] 1 [0] 2 [0] 3 
[    0.000000] Built 1 zonelists in Zone order, mobility grouping on.  Total pages: 522496
[    0.000000] Kernel command line: ignore_loglevel console=ttyS0,115200n8 rw root=/dev/mmcblk0p1 rootwait gpt debug noinitrd earlyprintk init=/bin/bash
[    0.000000] PID hash table entries: 4096 (order: 2, 16384 bytes)
[    0.000000] Dentry cache hash table entries: 131072 (order: 7, 524288 bytes)
[    0.000000] Inode-cache hash table entries: 65536 (order: 6, 262144 bytes)
[    0.000000] Memory: 1995020K/2096128K available (9525K kernel code, 1147K rwdata, 4148K rodata, 2048K init, 341K bss, 35572K reserved, 65536K cma-reserved, 1244160K highmem)
[    0.000000] Virtual kernel memory layout:
[    0.000000]     vector  : 0xffff0000 - 0xffff1000   (   4 kB)
[    0.000000]     fixmap  : 0xffc00000 - 0xfff00000   (3072 kB)
[    0.000000]     vmalloc : 0xf0800000 - 0xff800000   ( 240 MB)
[    0.000000]     lowmem  : 0xc0000000 - 0xf0000000   ( 768 MB)
[    0.000000]     pkmap   : 0xbfe00000 - 0xc0000000   (   2 MB)
[    0.000000]     modules : 0xbf000000 - 0xbfe00000   (  14 MB)
[    0.000000]       .text : 0xc0208000 - 0xc105a58c   (14666 kB)
[    0.000000]       .init : 0xc1100000 - 0xc1300000   (2048 kB)
[    0.000000]       .data : 0xc1300000 - 0xc141efa0   (1148 kB)
[    0.000000]        .bss : 0xc1420000 - 0xc1475558   ( 342 kB)
[    0.000000] SLUB: HWalign=64, Order=0-3, MinObjects=0, CPUs=4, Nodes=1
[    0.000000] Hierarchical RCU implementation.
[    0.000000] 	Build-time adjustment of leaf fanout to 32.
[    0.000000] 	RCU restricting CPUs from NR_CPUS=16 to nr_cpu_ids=4.
[    0.000000] RCU: Adjusting geometry for rcu_fanout_leaf=32, nr_cpu_ids=4
[    0.000000] NR_IRQS:16 nr_irqs:16 16
[    0.000000] /interrupt-controller@60004000: 160 interrupts forwarded to /interrupt-controller@0,50041000
[    0.000000] Tegra clk 127: register failed with -17
[    0.000009] sched_clock: 32 bits at 1000kHz, resolution 1000ns, wraps every 2147483647500ns
[    0.000032] clocksource: timer_us: mask: 0xffffffff max_cycles: 0xffffffff, max_idle_ns: 1911260446275 ns
[    0.000046] Switching to timer-based delay loop, resolution 1000ns
[    0.005072] Architected cp15 timer(s) running at 12.00MHz (virt).
[    0.005090] clocksource: arch_sys_counter: mask: 0xffffffffffffff max_cycles: 0x2c47f4ee7, max_idle_ns: 440795202497 ns
[    0.005107] sched_clock: 56 bits at 12MHz, resolution 83ns, wraps every 4398046511096ns
[    0.005120] Switching to timer-based delay loop, resolution 83ns
[    0.005559] Console: colour dummy device 80x30
[    0.005584] Calibrating delay loop (skipped), value calculated using timer frequency.. 24.00 BogoMIPS (lpj=60000)
[    0.005599] pid_max: default: 32768 minimum: 301
[    0.005694] Mount-cache hash table entries: 2048 (order: 1, 8192 bytes)
[    0.005705] Mountpoint-cache hash table entries: 2048 (order: 1, 8192 bytes)
[    0.006303] CPU: Testing write buffer coherency: ok
[    0.006521] /cpus/cpu@0 missing clock-frequency property
[    0.006560] /cpus/cpu@1 missing clock-frequency property
[    0.006598] /cpus/cpu@2 missing clock-frequency property
[    0.006638] /cpus/cpu@3 missing clock-frequency property
[    0.006650] CPU0: thread -1, cpu 0, socket 0, mpidr 80000000
[    0.006671] Setting up static identity map for 0x80300000 - 0x80300098
[    0.009565] Tegra Revision: A01 SKU: 129 CPU Process: 1 SoC Process: 1
[    0.010960] CPU1: thread -1, cpu 1, socket 0, mpidr 80000001
[    0.015606] CPU2: thread -1, cpu 2, socket 0, mpidr 80000002
[    0.020607] CPU3: thread -1, cpu 3, socket 0, mpidr 80000003
[    0.025123] Brought up 4 CPUs
[    0.025144] SMP: Total of 4 processors activated (96.00 BogoMIPS).
[    0.025151] CPU: All CPU(s) started in SVC mode.
[    0.026624] devtmpfs: initialized
[    0.044546] VFP support v0.3: implementor 41 architecture 4 part 30 variant f rev 0
[    0.045235] clocksource: jiffies: mask: 0xffffffff max_cycles: 0xffffffff, max_idle_ns: 9556302231375000 ns
[    0.046721] pinctrl core: initialized pinctrl subsystem
[    0.048308] NET: Registered protocol family 16
[    0.050404] DMA: preallocated 256 KiB pool for atomic coherent allocations
[    0.065260] cpuidle: using governor menu
[    0.083924] No ATAGs?
[    0.083951] hw-breakpoint: found 5 (+1 reserved) breakpoint and 4 watchpoint registers.
[    0.083962] hw-breakpoint: maximum watchpoint size is 8 bytes.
[    0.089745] Serial: AMBA PL011 UART driver
[    0.120426] +5V_SYS: supplied by +VDD_MUX
[    0.120724] +3.3V_SYS: supplied by +VDD_MUX
[    0.121176] +USB0_VBUS_SW: Failed to request enable GPIO108: -517
[    0.121192] reg-fixed-voltage regulators:regulator@7: Failed to register regulator: -517
[    0.121282] +5V_USB_HS: Failed to request enable GPIO109: -517
[    0.121295] reg-fixed-voltage regulators:regulator@8: Failed to register regulator: -517
[    0.121463] +1.05V_RUN_AVDD_HDMI_PLL: Failed to request enable GPIO63: -517
[    0.121476] reg-fixed-voltage regulators:regulator@11: Failed to register regulator: -517
[    0.121563] +5V_HDMI_CON: Failed to request enable GPIO86: -517
[    0.121575] reg-fixed-voltage regulators:regulator@12: Failed to register regulator: -517
[    0.121662] +5V_SATA: Failed to request enable GPIO242: -517
[    0.121674] reg-fixed-voltage regulators:regulator@13: Failed to register regulator: -517
[    0.121758] +12V_SATA: Failed to request enable GPIO242: -517
[    0.121770] reg-fixed-voltage regulators:regulator@14: Failed to register regulator: -517
[    0.125176] vgaarb: loaded
[    0.126116] SCSI subsystem initialized
[    0.126282] libata version 3.00 loaded.
[    0.126561] usbcore: registered new interface driver usbfs
[    0.126629] usbcore: registered new interface driver hub
[    0.126703] usbcore: registered new device driver usb
[    0.130335] pps_core: LinuxPPS API ver. 1 registered
[    0.130345] pps_core: Software ver. 5.3.6 - Copyright 2005-2007 Rodolfo Giometti <giometti@linux.it>
[    0.130367] PTP clock support registered
[    0.130599] EDAC MC: Ver: 3.0.0
[    0.133738] clocksource: Switched to clocksource arch_sys_counter
[    0.144960] NET: Registered protocol family 2
[    0.145482] TCP established hash table entries: 8192 (order: 3, 32768 bytes)
[    0.145581] TCP bind hash table entries: 8192 (order: 4, 65536 bytes)
[    0.145767] TCP: Hash tables configured (established 8192 bind 8192)
[    0.145821] UDP hash table entries: 512 (order: 2, 16384 bytes)
[    0.145863] UDP-Lite hash table entries: 512 (order: 2, 16384 bytes)
[    0.146018] NET: Registered protocol family 1
[    0.146251] RPC: Registered named UNIX socket transport module.
[    0.146260] RPC: Registered udp transport module.
[    0.146268] RPC: Registered tcp transport module.
[    0.146275] RPC: Registered tcp NFSv4.1 backchannel transport module.
[    0.146286] PCI: CLS 0 bytes, default 64
[    0.147295] hw perfevents: enabled with armv7_cortex_a15 PMU driver, 7 counters available
[    0.148834] futex hash table entries: 1024 (order: 4, 65536 bytes)
[    0.149572] workingset: timestamp_bits=28 max_order=19 bucket_order=0
[    0.161256] squashfs: version 4.0 (2009/01/31) Phillip Lougher
[    0.162105] NFS: Registering the id_resolver key type
[    0.162133] Key type id_resolver registered
[    0.162141] Key type id_legacy registered
[    0.162183] ntfs: driver 2.1.32 [Flags: R/O].
[    0.163464] bounce: pool size: 64 pages
[    0.163671] Block layer SCSI generic (bsg) driver version 0.4 loaded (major 248)
[    0.163681] io scheduler noop registered
[    0.163689] io scheduler deadline registered
[    0.163750] io scheduler cfq registered (default)
[    0.183737] tegra-pcie 1003000.pcie-controller: 2x1, 1x1 configuration
[    0.183792] tegra-pcie 1003000.pcie-controller: Failed to get supply 'avddio-pex': -517
[    0.190973] tegra-apbdma 60020000.dma: Tegra20 APB DMA driver register 32 channels
[    0.192930] tegra-pmc 7000e400.pmc: emergency thermal reset enabled
[    0.255666] Serial: 8250/16550 driver, 4 ports, IRQ sharing disabled
[    0.258650] console [ttyS0] disabled
[    0.258685] 70006300.serial: ttyS0 at MMIO 0x70006300 (irq = 333, base_baud = 25500000) is a Tegra
[    1.088840] console [ttyS0] enabled
[    1.093217] SuperH (H)SCI(F) driver initialized
[    1.098828] msm_serial: driver initialized
[    1.103122] STMicroelectronics ASC driver initialized
[    1.109091] 70006000.serial: ttyTHS1 at MMIO 0x70006000 (irq = 331, base_baud = 0) is a TEGRA_UART
[    1.118409] 70006040.serial: ttyTHS2 at MMIO 0x70006040 (irq = 332, base_baud = 0) is a TEGRA_UART
[    1.129394] [drm] Initialized drm 1.1.0 20060810
[    1.137244] tegra-hdmi 54280000.hdmi: failed to get HDMI regulator
[    1.156727] brd: module loaded
[    1.165810] loop: module loaded
[    1.169439] at24 0-0056: 256 byte 24c02 EEPROM, writable, 8 bytes/write
[    1.177675] as3722 4-0040: AS3722 with revision 0x1 found
[    1.189597] +1.35V_LP0(sd3): Bringing 0uV into 1350000-1350000uV
[    1.196138] +1.05V_RUN: Bringing 0uV into 1050000-1050000uV
[    1.204950] +1.8V_RUN_CAM: Bringing 0uV into 1800000-1800000uV
[    1.212343] +1.05V_LP0_VDD_RTC: Bringing 1100000uV into 1000000-1000000uV
[    1.220286] +2.8V_RUN_CAM: Bringing 0uV into 2800000-2800000uV
[    1.226675] +1.2V_RUN_CAM_FRONT: Bringing 0uV into 1200000-1200000uV
[    1.233565] +VDDIO_SDMMC3: failed to get the current voltage(-22)
[    1.239791] as3722-regulator as3722-regulator: regulator 13 register failed -22
[    1.248957] as3722-regulator: probe of as3722-regulator failed with error -22
[    1.258745] tegra-ahci 70027000.sata: Failed to get supply 'avdd': -517
[    1.265366] tegra-ahci 70027000.sata: Failed to get regulators
[    1.285698] m25p80 spi32765.0: w25q32dw (4096 Kbytes)
[    1.294299] libphy: Fixed MDIO Bus: probed
[    1.299117] CAN device driver interface
[    1.305060] igb: Intel(R) Gigabit Ethernet Network Driver - version 5.3.0-k
[    1.312028] igb: Copyright (c) 2007-2014 Intel Corporation.
[    1.321026] pegasus: v0.9.3 (2013/04/25), Pegasus/Pegasus II USB Ethernet driver
[    1.328478] usbcore: registered new interface driver pegasus
[    1.334204] usbcore: registered new interface driver asix
[    1.339652] usbcore: registered new interface driver ax88179_178a
[    1.345795] usbcore: registered new interface driver cdc_ether
[    1.351701] usbcore: registered new interface driver smsc75xx
[    1.357515] usbcore: registered new interface driver smsc95xx
[    1.363310] usbcore: registered new interface driver net1080
[    1.369019] usbcore: registered new interface driver cdc_subset
[    1.374987] usbcore: registered new interface driver zaurus
[    1.380638] usbcore: registered new interface driver cdc_ncm
[    1.386558] tegra-phy 7d004000.usb-phy: no vbus regulator
[    1.394208] ehci_hcd: USB 2.0 'Enhanced' Host Controller (EHCI) Driver
[    1.400743] ehci-pci: EHCI PCI platform driver
[    1.405243] ehci-platform: EHCI generic platform driver
[    1.410698] ehci-omap: OMAP-EHCI Host Controller driver
[    1.416079] ehci-orion: EHCI orion driver
[    1.420247] SPEAr-ehci: EHCI SPEAr driver
[    1.424420] ehci-st: EHCI STMicroelectronics driver
[    1.429459] ehci-exynos: EHCI EXYNOS driver
[    1.433824] ehci-atmel: EHCI Atmel driver
[    1.437981] tegra-ehci: Tegra EHCI driver
[    1.442341] tegra-ehci 7d004000.usb: EHCI Host Controller
[    1.447772] tegra-ehci 7d004000.usb: new USB bus registered, assigned bus number 1
[    1.455528] tegra-ehci 7d004000.usb: irq 350, io mem 0x7d004000
[    1.468757] tegra-ehci 7d004000.usb: USB 2.0 started, EHCI 1.10
[    1.475532] hub 1-0:1.0: USB hub found
[    1.479331] hub 1-0:1.0: 1 port detected
[    1.483878] ohci_hcd: USB 1.1 'Open' Host Controller (OHCI) Driver
[    1.490074] ohci-pci: OHCI PCI platform driver
[    1.494572] ohci-platform: OHCI generic platform driver
[    1.499986] ohci-omap3: OHCI OMAP3 driver
[    1.504151] SPEAr-ohci: OHCI SPEAr driver
[    1.508306] ohci-st: OHCI STMicroelectronics driver
[    1.513339] ohci-atmel: OHCI Atmel driver
[    1.518182] usbcore: registered new interface driver usb-storage
[    1.525914] mousedev: PS/2 mouse device common for all mice
[    1.535063] as3722-rtc as3722-rtc: rtc core: registered as3722-rtc as rtc0
[    1.541956] as3722-rtc as3722-rtc: RTC interrupt 373
[    1.550351] tegra_rtc 7000e000.rtc: rtc core: registered 7000e000.rtc as rtc1
[    1.557543] tegra_rtc 7000e000.rtc: Tegra internal Real Time Clock
[    1.564315] i2c /dev entries driver
[    1.574413] 0-004c supply vcc not found, using dummy regulator
[    1.588397] sdhci: Secure Digital Host Controller Interface driver
[    1.594591] sdhci: Copyright(c) Pierre Ossman
[    1.600644] Synopsys Designware Multimedia Card Interface Driver
[    1.607846] sdhci-pltfm: SDHCI platform and OF driver helper
[    1.614324] sdhci-tegra 700b0400.sdhci: Got CD GPIO
[    1.619229] sdhci-tegra 700b0400.sdhci: Got WP GPIO
[    1.624172] mmc0: Unknown controller version (3). You may experience problems.
[    1.631636] mmc0: Unknown controller version (3). You may experience problems.
[    1.638929] mmc0: Invalid maximum block size, assuming 512 bytes
[    1.678756] mmc0: SDHCI controller on 700b0600.sdhci [700b0600.sdhci] using ADMA 64-bit
[    1.688440] ledtrig-cpu: registered to indicate activity on CPUs
[    1.694941] usbcore: registered new interface driver usbhid
[    1.700523] usbhid: USB HID core driver
[    1.708697] tegra124-dfll 70110000.clock: couldn't get vdd_cpu regulator
[    1.718436] NET: Registered protocol family 10
[    1.723597] sit: IPv6 over IPv4 tunneling driver
[    1.729092] NET: Registered protocol family 17
[    1.733538] can: controller area network core (rev 20120528 abi 9)
[    1.739799] NET: Registered protocol family 29
[    1.744255] can: raw protocol (rev 20120528)
[    1.748522] can: broadcast manager protocol (rev 20120528 t)
[    1.754195] can: netlink gateway (rev 20130117) max_hops=1
[    1.760106] Key type dns_resolver registered
[    1.765103] ThumbEE CPU extension supported.
[    1.769394] Registering SWP/SWPB emulation handler
[    1.781454] +3.3V_RUN: supplied by +3.3V_SYS
[    1.785926] +3.3V_AVDD_HDMI_AP_GATED: supplied by +3.3V_RUN
[    1.792275] +USB0_VBUS_SW: supplied by +5V_SYS
[    1.797476] +5V_USB_HS: supplied by +5V_SYS
[    1.803025] +3.3V_LP0: supplied by +3.3V_SYS
[    1.810269] tegra-pcie 1003000.pcie-controller: 2x1, 1x1 configuration
[    1.816887] tegra-pcie 1003000.pcie-controller: Failed to get supply 'avddio-pex': -517
[    1.826675] +5V_HDMI_CON: supplied by +5V_SYS
[    1.831204] tegra-hdmi 54280000.hdmi: failed to get PLL regulator
[    1.839093] tegra-ahci 70027000.sata: Failed to get supply 'avdd': -517
[    1.845766] tegra-ahci 70027000.sata: Failed to get regulators
[    1.855145] tegra-ehci 7d008000.usb: EHCI Host Controller
[    1.860631] tegra-ehci 7d008000.usb: new USB bus registered, assigned bus number 2
[    1.868510] tegra-ehci 7d008000.usb: irq 351, io mem 0x7d008000
[    1.883799] tegra-ehci 7d008000.usb: USB 2.0 started, EHCI 1.10
[    1.890759] hub 2-0:1.0: USB hub found
[    1.894591] hub 2-0:1.0: 1 port detected
[    1.900899] sdhci-tegra 700b0400.sdhci: Got CD GPIO
[    1.905856] sdhci-tegra 700b0400.sdhci: Got WP GPIO
[    1.910834] mmc1: Unknown controller version (3). You may experience problems.
[    1.920047] cpu cpu0: _opp_add: duplicate OPPs detected. Existing: freq: 204000000, volt: 900000, enabled: 1. New: freq: 204000000, volt: 900000, enabled: 1
[    1.922710] mmc0: new HS200 MMC card at address 0001
[    1.923363] mmcblk0: mmc0:0001 SEM16G 14.7 GiB 
[    1.923656] mmcblk0boot0: mmc0:0001 SEM16G partition 1 4.00 MiB
[    1.924022] mmcblk0boot1: mmc0:0001 SEM16G partition 2 4.00 MiB
[    1.924778] mmcblk0rpmb: mmc0:0001 SEM16G partition 3 4.00 MiB
[    1.928776] Primary GPT is invalid, using alternate GPT.
[    1.928808]  mmcblk0: p1 p2 p3 p4 p5 p6 p7 p8 p9
[    1.971368] cpu cpu0: _opp_add: duplicate OPPs detected. Existing: freq: 306000000, volt: 900000, enabled: 1. New: freq: 306000000, volt: 900000, enabled: 1
[    1.985400] cpu cpu0: _opp_add: duplicate OPPs detected. Existing: freq: 408000000, volt: 900000, enabled: 1. New: freq: 408000000, volt: 900000, enabled: 1
[    1.999440] cpu cpu0: _opp_add: duplicate OPPs detected. Existing: freq: 510000000, volt: 900000, enabled: 1. New: freq: 510000000, volt: 900000, enabled: 1
[    2.013472] cpu cpu0: _opp_add: duplicate OPPs detected. Existing: freq: 612000000, volt: 900000, enabled: 1. New: freq: 612000000, volt: 900000, enabled: 1
[    2.027504] cpu cpu0: _opp_add: duplicate OPPs detected. Existing: freq: 714000000, volt: 900000, enabled: 1. New: freq: 714000000, volt: 900000, enabled: 1
[    2.041537] cpu cpu0: _opp_add: duplicate OPPs detected. Existing: freq: 816000000, volt: 900000, enabled: 1. New: freq: 816000000, volt: 900000, enabled: 1
[    2.055568] cpu cpu0: _opp_add: duplicate OPPs detected. Existing: freq: 918000000, volt: 900000, enabled: 1. New: freq: 918000000, volt: 900000, enabled: 1
[    2.069600] cpu cpu0: _opp_add: duplicate OPPs detected. Existing: freq: 1020000000, volt: 900000, enabled: 1. New: freq: 1020000000, volt: 900000, enabled: 1
[    2.083812] cpu cpu0: _opp_add: duplicate OPPs detected. Existing: freq: 1122000000, volt: 900000, enabled: 1. New: freq: 1122000000, volt: 900000, enabled: 1
[    2.098018] cpu cpu0: _opp_add: duplicate OPPs detected. Existing: freq: 1224000000, volt: 900000, enabled: 1. New: freq: 1224000000, volt: 900000, enabled: 1
[    2.112222] cpu cpu0: _opp_add: duplicate OPPs detected. Existing: freq: 1326000000, volt: 900000, enabled: 1. New: freq: 1326000000, volt: 900000, enabled: 1
[    2.126428] cpu cpu0: _opp_add: duplicate OPPs detected. Existing: freq: 1428000000, volt: 900000, enabled: 1. New: freq: 1428000000, volt: 900000, enabled: 1
[    2.140634] cpu cpu0: _opp_add: duplicate OPPs detected. Existing: freq: 1530000000, volt: 900000, enabled: 1. New: freq: 1530000000, volt: 900000, enabled: 1
[    2.154849] cpu cpu0: _opp_add: duplicate OPPs detected. Existing: freq: 1632000000, volt: 920000, enabled: 1. New: freq: 1632000000, volt: 920000, enabled: 1
[    2.169043] cpu cpu0: _opp_add: duplicate OPPs detected. Existing: freq: 1734000000, volt: 960000, enabled: 1. New: freq: 1734000000, volt: 960000, enabled: 1
[    2.183250] cpu cpu0: _opp_add: duplicate OPPs detected. Existing: freq: 1836000000, volt: 990000, enabled: 1. New: freq: 1836000000, volt: 990000, enabled: 1
[    2.197454] cpu cpu0: _opp_add: duplicate OPPs detected. Existing: freq: 1938000000, volt: 1030000, enabled: 1. New: freq: 1938000000, volt: 1030000, enabled: 1
[    2.211831] cpu cpu0: _opp_add: duplicate OPPs detected. Existing: freq: 2014500000, volt: 1060000, enabled: 1. New: freq: 2014500000, volt: 1060000, enabled: 1
[    2.226209] cpu cpu0: _opp_add: duplicate OPPs detected. Existing: freq: 2116500000, volt: 1100000, enabled: 1. New: freq: 2116500000, volt: 1100000, enabled: 1
[    2.240588] cpu cpu0: _opp_add: duplicate OPPs detected. Existing: freq: 2218500000, volt: 1140000, enabled: 1. New: freq: 2218500000, volt: 1140000, enabled: 1
[    2.254965] cpu cpu0: _opp_add: duplicate OPPs detected. Existing: freq: 2320500000, volt: 1180000, enabled: 1. New: freq: 2320500000, volt: 1180000, enabled: 1
[    2.269409] tegra124-dfll 70110000.clock: couldn't get vdd_cpu regulator
[    2.276918] tegra-pcie 1003000.pcie-controller: 2x1, 1x1 configuration
[    2.283571] tegra-pcie 1003000.pcie-controller: Failed to get supply 'avddio-pex': -517
[    2.293448] tegra-hdmi 54280000.hdmi: failed to get PLL regulator
[    2.301299] tegra-ahci 70027000.sata: Failed to get supply 'avdd': -517
[    2.307957] tegra-ahci 70027000.sata: Failed to get regulators
[    2.316197] sdhci-tegra 700b0400.sdhci: Got CD GPIO
[    2.321156] sdhci-tegra 700b0400.sdhci: Got WP GPIO
[    2.326160] mmc1: Unknown controller version (3). You may experience problems.
[    2.335304] cpu cpu0: _opp_add: duplicate OPPs detected. Existing: freq: 204000000, volt: 900000, enabled: 1. New: freq: 204000000, volt: 900000, enabled: 1
[    2.349335] cpu cpu0: _opp_add: duplicate OPPs detected. Existing: freq: 306000000, volt: 900000, enabled: 1. New: freq: 306000000, volt: 900000, enabled: 1
[    2.363354] cpu cpu0: _opp_add: duplicate OPPs detected. Existing: freq: 408000000, volt: 900000, enabled: 1. New: freq: 408000000, volt: 900000, enabled: 1
[    2.377371] cpu cpu0: _opp_add: duplicate OPPs detected. Existing: freq: 510000000, volt: 900000, enabled: 1. New: freq: 510000000, volt: 900000, enabled: 1
[    2.391391] cpu cpu0: _opp_add: duplicate OPPs detected. Existing: freq: 612000000, volt: 900000, enabled: 1. New: freq: 612000000, volt: 900000, enabled: 1
[    2.405409] cpu cpu0: _opp_add: duplicate OPPs detected. Existing: freq: 714000000, volt: 900000, enabled: 1. New: freq: 714000000, volt: 900000, enabled: 1
[    2.419427] cpu cpu0: _opp_add: duplicate OPPs detected. Existing: freq: 816000000, volt: 900000, enabled: 1. New: freq: 816000000, volt: 900000, enabled: 1
[    2.433443] cpu cpu0: _opp_add: duplicate OPPs detected. Existing: freq: 918000000, volt: 900000, enabled: 1. New: freq: 918000000, volt: 900000, enabled: 1
[    2.447459] cpu cpu0: _opp_add: duplicate OPPs detected. Existing: freq: 1020000000, volt: 900000, enabled: 1. New: freq: 1020000000, volt: 900000, enabled: 1
[    2.461661] cpu cpu0: _opp_add: duplicate OPPs detected. Existing: freq: 1122000000, volt: 900000, enabled: 1. New: freq: 1122000000, volt: 900000, enabled: 1
[    2.475851] cpu cpu0: _opp_add: duplicate OPPs detected. Existing: freq: 1224000000, volt: 900000, enabled: 1. New: freq: 1224000000, volt: 900000, enabled: 1
[    2.490053] cpu cpu0: _opp_add: duplicate OPPs detected. Existing: freq: 1326000000, volt: 900000, enabled: 1. New: freq: 1326000000, volt: 900000, enabled: 1
[    2.504248] cpu cpu0: _opp_add: duplicate OPPs detected. Existing: freq: 1428000000, volt: 900000, enabled: 1. New: freq: 1428000000, volt: 900000, enabled: 1
[    2.518447] cpu cpu0: _opp_add: duplicate OPPs detected. Existing: freq: 1530000000, volt: 900000, enabled: 1. New: freq: 1530000000, volt: 900000, enabled: 1
[    2.532642] cpu cpu0: _opp_add: duplicate OPPs detected. Existing: freq: 1632000000, volt: 920000, enabled: 1. New: freq: 1632000000, volt: 920000, enabled: 1
[    2.538920] usb 2-1: new high-speed USB device number 2 using tegra-ehci
[    2.553569] cpu cpu0: _opp_add: duplicate OPPs detected. Existing: freq: 1734000000, volt: 960000, enabled: 1. New: freq: 1734000000, volt: 960000, enabled: 1
[    2.567772] cpu cpu0: _opp_add: duplicate OPPs detected. Existing: freq: 1836000000, volt: 990000, enabled: 1. New: freq: 1836000000, volt: 990000, enabled: 1
[    2.581974] cpu cpu0: _opp_add: duplicate OPPs detected. Existing: freq: 1938000000, volt: 1030000, enabled: 1. New: freq: 1938000000, volt: 1030000, enabled: 1
[    2.596344] cpu cpu0: _opp_add: duplicate OPPs detected. Existing: freq: 2014500000, volt: 1060000, enabled: 1. New: freq: 2014500000, volt: 1060000, enabled: 1
[    2.610712] cpu cpu0: _opp_add: duplicate OPPs detected. Existing: freq: 2116500000, volt: 1100000, enabled: 1. New: freq: 2116500000, volt: 1100000, enabled: 1
[    2.625081] cpu cpu0: _opp_add: duplicate OPPs detected. Existing: freq: 2218500000, volt: 1140000, enabled: 1. New: freq: 2218500000, volt: 1140000, enabled: 1
[    2.639456] cpu cpu0: _opp_add: duplicate OPPs detected. Existing: freq: 2320500000, volt: 1180000, enabled: 1. New: freq: 2320500000, volt: 1180000, enabled: 1
[    2.653912] tegra124-dfll 70110000.clock: couldn't get vdd_cpu regulator
[    2.661838] input: gpio-keys as /devices/soc0/gpio-keys/input/input0
[    2.669510] tegra-pcie 1003000.pcie-controller: 2x1, 1x1 configuration
[    2.676062] as3722-rtc as3722-rtc: setting system clock to 2000-01-01 00:00:16 UTC (946684816)
[    2.684880] tegra-pcie 1003000.pcie-controller: Failed to get supply 'avddio-pex': -517
[    2.690102] +3.3V_AVDD_HDMI_AP_GATED: disabling
[    2.690110] +USB0_VBUS_SW: disabling
[    2.690118] +1.05V_RUN_AVDD_HDMI_PLL: disabling
[    2.690123] +5V_HDMI_CON: disabling
[    2.690128] +5V_SATA: disabling
[    2.690132] +12V_SATA: disabling
[    2.717749] tegra-hdmi 54280000.hdmi: failed to get PLL regulator
[    2.725994] tegra-ahci 70027000.sata: Failed to get supply 'avdd': -517
[    2.732694] tegra-ahci 70027000.sata: Failed to get regulators
[    2.741201] sdhci-tegra 700b0400.sdhci: Got CD GPIO
[    2.746178] sdhci-tegra 700b0400.sdhci: Got WP GPIO
[    2.751213] mmc1: Unknown controller version (3). You may experience problems.
[    2.760339] cpu cpu0: _opp_add: duplicate OPPs detected. Existing: freq: 204000000, volt: 900000, enabled: 1. New: freq: 204000000, volt: 900000, enabled: 1
[    2.774386] cpu cpu0: _opp_add: duplicate OPPs detected. Existing: freq: 306000000, volt: 900000, enabled: 1. New: freq: 306000000, volt: 900000, enabled: 1
[    2.788450] cpu cpu0: _opp_add: duplicate OPPs detected. Existing: freq: 408000000, volt: 900000, enabled: 1. New: freq: 408000000, volt: 900000, enabled: 1
[    2.802490] cpu cpu0: _opp_add: duplicate OPPs detected. Existing: freq: 510000000, volt: 900000, enabled: 1. New: freq: 510000000, volt: 900000, enabled: 1
[    2.816529] cpu cpu0: _opp_add: duplicate OPPs detected. Existing: freq: 612000000, volt: 900000, enabled: 1. New: freq: 612000000, volt: 900000, enabled: 1
[    2.830564] cpu cpu0: _opp_add: duplicate OPPs detected. Existing: freq: 714000000, volt: 900000, enabled: 1. New: freq: 714000000, volt: 900000, enabled: 1
[    2.844602] cpu cpu0: _opp_add: duplicate OPPs detected. Existing: freq: 816000000, volt: 900000, enabled: 1. New: freq: 816000000, volt: 900000, enabled: 1
[    2.858639] cpu cpu0: _opp_add: duplicate OPPs detected. Existing: freq: 918000000, volt: 900000, enabled: 1. New: freq: 918000000, volt: 900000, enabled: 1
[    2.872678] cpu cpu0: _opp_add: duplicate OPPs detected. Existing: freq: 1020000000, volt: 900000, enabled: 1. New: freq: 1020000000, volt: 900000, enabled: 1
[    2.886887] cpu cpu0: _opp_add: duplicate OPPs detected. Existing: freq: 1122000000, volt: 900000, enabled: 1. New: freq: 1122000000, volt: 900000, enabled: 1
[    2.901095] cpu cpu0: _opp_add: duplicate OPPs detected. Existing: freq: 1224000000, volt: 900000, enabled: 1. New: freq: 1224000000, volt: 900000, enabled: 1
[    2.915326] cpu cpu0: _opp_add: duplicate OPPs detected. Existing: freq: 1326000000, volt: 900000, enabled: 1. New: freq: 1326000000, volt: 900000, enabled: 1
[    2.929588] cpu cpu0: _opp_add: duplicate OPPs detected. Existing: freq: 1428000000, volt: 900000, enabled: 1. New: freq: 1428000000, volt: 900000, enabled: 1
[    2.943807] cpu cpu0: _opp_add: duplicate OPPs detected. Existing: freq: 1530000000, volt: 900000, enabled: 1. New: freq: 1530000000, volt: 900000, enabled: 1
[    2.958022] cpu cpu0: _opp_add: duplicate OPPs detected. Existing: freq: 1632000000, volt: 920000, enabled: 1. New: freq: 1632000000, volt: 920000, enabled: 1
[    2.972230] cpu cpu0: _opp_add: duplicate OPPs detected. Existing: freq: 1734000000, volt: 960000, enabled: 1. New: freq: 1734000000, volt: 960000, enabled: 1
[    2.986441] cpu cpu0: _opp_add: duplicate OPPs detected. Existing: freq: 1836000000, volt: 990000, enabled: 1. New: freq: 1836000000, volt: 990000, enabled: 1
[    3.000650] cpu cpu0: _opp_add: duplicate OPPs detected. Existing: freq: 1938000000, volt: 1030000, enabled: 1. New: freq: 1938000000, volt: 1030000, enabled: 1
[    3.015037] cpu cpu0: _opp_add: duplicate OPPs detected. Existing: freq: 2014500000, volt: 1060000, enabled: 1. New: freq: 2014500000, volt: 1060000, enabled: 1
[    3.029419] cpu cpu0: _opp_add: duplicate OPPs detected. Existing: freq: 2116500000, volt: 1100000, enabled: 1. New: freq: 2116500000, volt: 1100000, enabled: 1
[    3.043806] cpu cpu0: _opp_add: duplicate OPPs detected. Existing: freq: 2218500000, volt: 1140000, enabled: 1. New: freq: 2218500000, volt: 1140000, enabled: 1
[    3.058189] cpu cpu0: _opp_add: duplicate OPPs detected. Existing: freq: 2320500000, volt: 1180000, enabled: 1. New: freq: 2320500000, volt: 1180000, enabled: 1
[    3.072627] tegra124-dfll 70110000.clock: couldn't get vdd_cpu regulator
[    3.556491] asix 2-1:1.0 eth0: register 'asix' at usb-7d008000.usb-1, ASIX AX88772 USB 2.0 Ethernet, 00:50:b6:11:31:3b
[    3.568081] tegra-pcie 1003000.pcie-controller: 2x1, 1x1 configuration
[    3.574761] tegra-pcie 1003000.pcie-controller: Failed to get supply 'avddio-pex': -517
[    3.584651] tegra-hdmi 54280000.hdmi: failed to get PLL regulator
[    3.592297] tegra-ahci 70027000.sata: Failed to get supply 'avdd': -517
[    3.598942] tegra-ahci 70027000.sata: Failed to get regulators
[    3.607102] sdhci-tegra 700b0400.sdhci: Got CD GPIO
[    3.612017] sdhci-tegra 700b0400.sdhci: Got WP GPIO
[    3.617005] mmc1: Unknown controller version (3). You may experience problems.
[    3.625939] cpu cpu0: _opp_add: duplicate OPPs detected. Existing: freq: 204000000, volt: 900000, enabled: 1. New: freq: 204000000, volt: 900000, enabled: 1
[    3.639979] cpu cpu0: _opp_add: duplicate OPPs detected. Existing: freq: 306000000, volt: 900000, enabled: 1. New: freq: 306000000, volt: 900000, enabled: 1
[    3.654003] cpu cpu0: _opp_add: duplicate OPPs detected. Existing: freq: 408000000, volt: 900000, enabled: 1. New: freq: 408000000, volt: 900000, enabled: 1
[    3.668041] cpu cpu0: _opp_add: duplicate OPPs detected. Existing: freq: 510000000, volt: 900000, enabled: 1. New: freq: 510000000, volt: 900000, enabled: 1
[    3.682069] cpu cpu0: _opp_add: duplicate OPPs detected. Existing: freq: 612000000, volt: 900000, enabled: 1. New: freq: 612000000, volt: 900000, enabled: 1
[    3.696096] cpu cpu0: _opp_add: duplicate OPPs detected. Existing: freq: 714000000, volt: 900000, enabled: 1. New: freq: 714000000, volt: 900000, enabled: 1
[    3.710124] cpu cpu0: _opp_add: duplicate OPPs detected. Existing: freq: 816000000, volt: 900000, enabled: 1. New: freq: 816000000, volt: 900000, enabled: 1
[    3.724150] cpu cpu0: _opp_add: duplicate OPPs detected. Existing: freq: 918000000, volt: 900000, enabled: 1. New: freq: 918000000, volt: 900000, enabled: 1
[    3.738176] cpu cpu0: _opp_add: duplicate OPPs detected. Existing: freq: 1020000000, volt: 900000, enabled: 1. New: freq: 1020000000, volt: 900000, enabled: 1
[    3.752375] cpu cpu0: _opp_add: duplicate OPPs detected. Existing: freq: 1122000000, volt: 900000, enabled: 1. New: freq: 1122000000, volt: 900000, enabled: 1
[    3.766574] cpu cpu0: _opp_add: duplicate OPPs detected. Existing: freq: 1224000000, volt: 900000, enabled: 1. New: freq: 1224000000, volt: 900000, enabled: 1
[    3.780775] cpu cpu0: _opp_add: duplicate OPPs detected. Existing: freq: 1326000000, volt: 900000, enabled: 1. New: freq: 1326000000, volt: 900000, enabled: 1
[    3.794973] cpu cpu0: _opp_add: duplicate OPPs detected. Existing: freq: 1428000000, volt: 900000, enabled: 1. New: freq: 1428000000, volt: 900000, enabled: 1
[    3.809173] cpu cpu0: _opp_add: duplicate OPPs detected. Existing: freq: 1530000000, volt: 900000, enabled: 1. New: freq: 1530000000, volt: 900000, enabled: 1
[    3.823373] cpu cpu0: _opp_add: duplicate OPPs detected. Existing: freq: 1632000000, volt: 920000, enabled: 1. New: freq: 1632000000, volt: 920000, enabled: 1
[    3.837581] cpu cpu0: _opp_add: duplicate OPPs detected. Existing: freq: 1734000000, volt: 960000, enabled: 1. New: freq: 1734000000, volt: 960000, enabled: 1
[    3.851783] cpu cpu0: _opp_add: duplicate OPPs detected. Existing: freq: 1836000000, volt: 990000, enabled: 1. New: freq: 1836000000, volt: 990000, enabled: 1
[    3.865983] cpu cpu0: _opp_add: duplicate OPPs detected. Existing: freq: 1938000000, volt: 1030000, enabled: 1. New: freq: 1938000000, volt: 1030000, enabled: 1
[    3.880358] cpu cpu0: _opp_add: duplicate OPPs detected. Existing: freq: 2014500000, volt: 1060000, enabled: 1. New: freq: 2014500000, volt: 1060000, enabled: 1
[    3.894733] cpu cpu0: _opp_add: duplicate OPPs detected. Existing: freq: 2116500000, volt: 1100000, enabled: 1. New: freq: 2116500000, volt: 1100000, enabled: 1
[    3.909108] cpu cpu0: _opp_add: duplicate OPPs detected. Existing: freq: 2218500000, volt: 1140000, enabled: 1. New: freq: 2218500000, volt: 1140000, enabled: 1
[    3.923480] cpu cpu0: _opp_add: duplicate OPPs detected. Existing: freq: 2320500000, volt: 1180000, enabled: 1. New: freq: 2320500000, volt: 1180000, enabled: 1
[    3.937901] tegra124-dfll 70110000.clock: couldn't get vdd_cpu regulator
[    3.945644] EXT4-fs (mmcblk0p1): couldn't mount as ext3 due to feature incompatibilities
[    3.954570] EXT4-fs (mmcblk0p1): couldn't mount as ext2 due to feature incompatibilities
[    3.991927] EXT4-fs (mmcblk0p1): warning: mounting fs with errors, running e2fsck is recommended
[    4.003378] EXT4-fs (mmcblk0p1): recovery complete
[    4.009376] EXT4-fs (mmcblk0p1): mounted filesystem with ordered data mode. Opts: (null)
[    4.017534] VFS: Mounted root (ext4 filesystem) on device 179:1.
[    4.027907] devtmpfs: mounted
[    4.032733] Freeing unused kernel memory: 2048K (c1100000 - c1300000)
bash: cannot set terminal process group (-1): Inappropriate ioctl for device
bash: no job control in this shell
root@(none):/# 