
U-Boot SPL 2015.04-rc3-00209-ga74ef40 (Mar 16 2015 - 14:43:39)


U-Boot 2015.04-rc3-00209-ga74ef40 (Mar 16 2015 - 14:43:39)

TEGRA20
Model: Compulab TrimSlice board
DRAM:  1 GiB
MMC:   Tegra SD/MMC: 0, Tegra SD/MMC: 1
SF: Detected W25Q80BL with page size 256 Bytes, erase size 4 KiB, total 1 MiB
tegra-pcie: PCI regions:
tegra-pcie:   I/O: 0x82000000-0x82010000
tegra-pcie:   non-prefetchable memory: 0xa0000000-0xa8000000
tegra-pcie:   prefetchable memory: 0xa8000000-0xc0000000
tegra-pcie: dual-mode configuration
tegra-pcie: probing port 0, using 2 lanes
In:    serial
Out:   serial
Err:   serial
Net:   RTL8169#0
Hit any key to stop autoboot:  2  0 
Tegra20 (TrimSlice) # 
Tegra20 (TrimSlice) # usb reset
resetting USB...
USB0:   USB EHCI 1.00
scanning bus 0 for devices... 3 USB Device(s) found
USB1:   USB EHCI 1.00
scanning bus 1 for devices... 1 USB Device(s) found
USB2:   lowlevel init failed
       scanning usb for storage devices... 0 Storage Device(s) found
       scanning usb for ethernet devices... 
Warning: asx0 using MAC address from net device
1 Ethernet Device(s) found
Tegra20 (TrimSlice) # setenv bootargs 'ignore_loglevel console=ttyS0,115200n8 rw root=PARTUUID=11eb23c1-01 rootwait gpt debug noinitrd earlyprintk init=/bin/bash'
Tegra20 (TrimSlice) # setenv ipaddr 192.168.100.103; setenv serverip 192.168.100.1; setenv tftpserverip 192.168.100.1
Tegra20 (TrimSlice) # tftpboot 0x00408000 zImage.multi_v7_defconfig
Using RTL8169#0 device
TFTP from server 192.168.100.1; our IP address is 192.168.100.103
Filename 'zImage.multi_v7_defconfig'.
Load address: 0x408000
Loading: *#################################################################
	 #################################################################
	 #################################################################
	 #################################################################
	 #################################################################
	 #################################################################
	 #################################################################
	 #########################################################
	 4 MiB/s
done
Bytes transferred = 7511728 (729eb0 hex)
Tegra20 (TrimSlice) # tftpboot 0x02408000 tegra20-trimslice.dtb
Using RTL8169#0 device
TFTP from server 192.168.100.1; our IP address is 192.168.100.103
Filename 'tegra20-trimslice.dtb'.
Load address: 0x2408000
Loading: *##
	 3.4 MiB/s
done
Bytes transferred = 21426 (53b2 hex)
Tegra20 (TrimSlice) # bootz 0x00408000 - 0x02408000
Kernel image @ 0x408000 [ 0x000000 - 0x729eb0 ]
## Flattened Device Tree blob at 02408000
   Booting using the fdt blob at 0x2408000
   Using Device Tree in place at 02408000, end 024103b1

Starting kernel ...

[    0.000000] Booting Linux on physical CPU 0x0
[    0.000000] Linux version 4.10.0-rc7-next-20170208-151978-ge3e6c5f (pwalmsley@sellafield) (gcc version 4.7.3 20130328 (prerelease) (crosstool-NG linaro-1.13.1-4.7-2013.04-20130415 - Linaro GCC 2013.04) ) #1 SMP Tue Feb 7 23:50:02 PST 2017
[    0.000000] CPU: ARMv7 Processor [411fc090] revision 0 (ARMv7), cr=10c5387d
[    0.000000] CPU: PIPT / VIPT nonaliasing data cache, VIPT aliasing instruction cache
[    0.000000] OF: fdt:Machine model: Compulab TrimSlice board
[    0.000000] debug: ignoring loglevel setting.
[    0.000000] efi: Getting EFI parameters from FDT:
[    0.000000] efi: UEFI not found.
[    0.000000] cma: Reserved 64 MiB at 0x3c000000
[    0.000000] Memory policy: Data cache writealloc
[    0.000000] On node 0 totalpages: 262144
[    0.000000] free_area_init_node: node 0, pgdat c153a7c0, node_mem_map ef7f8000
[    0.000000]   DMA zone: 1536 pages used for memmap
[    0.000000]   DMA zone: 0 pages reserved
[    0.000000]   DMA zone: 196608 pages, LIFO batch:31
[    0.000000]   HighMem zone: 65536 pages, LIFO batch:15
[    0.000000] percpu: Embedded 16 pages/cpu @ef7c6000 s34432 r8192 d22912 u65536
[    0.000000] pcpu-alloc: s34432 r8192 d22912 u65536 alloc=16*4096
[    0.000000] pcpu-alloc: [0] 0 [0] 1 
[    0.000000] Built 1 zonelists in Zone order, mobility grouping on.  Total pages: 260608
[    0.000000] Kernel command line: ignore_loglevel console=ttyS0,115200n8 rw root=PARTUUID=11eb23c1-01 rootwait gpt debug noinitrd earlyprintk init=/bin/bash
[    0.000000] PID hash table entries: 4096 (order: 2, 16384 bytes)
[    0.000000] Dentry cache hash table entries: 131072 (order: 7, 524288 bytes)
[    0.000000] Inode-cache hash table entries: 65536 (order: 6, 262144 bytes)
[    0.000000] Memory: 954580K/1048576K available (10240K kernel code, 1264K rwdata, 4204K rodata, 2048K init, 536K bss, 28460K reserved, 65536K cma-reserved, 196608K highmem)
[    0.000000] Virtual kernel memory layout:
[    0.000000]     vector  : 0xffff0000 - 0xffff1000   (   4 kB)
[    0.000000]     fixmap  : 0xffc00000 - 0xfff00000   (3072 kB)
[    0.000000]     vmalloc : 0xf0800000 - 0xff800000   ( 240 MB)
[    0.000000]     lowmem  : 0xc0000000 - 0xf0000000   ( 768 MB)
[    0.000000]     pkmap   : 0xbfe00000 - 0xc0000000   (   2 MB)
[    0.000000]     modules : 0xbf000000 - 0xbfe00000   (  14 MB)
[    0.000000]       .text : 0xc0208000 - 0xc0d00000   (11232 kB)
[    0.000000]       .init : 0xc1200000 - 0xc1400000   (2048 kB)
[    0.000000]       .data : 0xc1400000 - 0xc153c160   (1265 kB)
[    0.000000]        .bss : 0xc153e000 - 0xc15c4178   ( 537 kB)
[    0.000000] SLUB: HWalign=64, Order=0-3, MinObjects=0, CPUs=2, Nodes=1
[    0.000000] Hierarchical RCU implementation.
[    0.000000] 	RCU debugfs-based tracing is enabled.
[    0.000000] 	RCU restricting CPUs from NR_CPUS=16 to nr_cpu_ids=2.
[    0.000000] RCU: Adjusting geometry for rcu_fanout_leaf=16, nr_cpu_ids=2
[    0.000000] NR_IRQS:16 nr_irqs:16 16
[    0.000000] /interrupt-controller@60004000: 128 interrupts forwarded to /interrupt-controller@50041000
[    0.000000] L2C: platform modifies aux control register: 0x02080000 -> 0x3e480001
[    0.000000] L2C: DT/platform modifies aux control register: 0x02080000 -> 0x3e480001
[    0.000000] L2C-310 errata 727915 769419 enabled
[    0.000000] L2C-310 enabling early BRESP for Cortex-A9
[    0.000000] L2C-310: enabling full line of zeros but not enabled in Cortex-A9
[    0.000000] L2C-310 ID prefetch enabled, offset 1 lines
[    0.000000] L2C-310 cache controller enabled, 8 ways, 1024 kB
[    0.000000] L2C-310: CACHE_ID 0x410000c4, AUX_CTRL 0x7e480001
[    0.000010] sched_clock: 32 bits at 1000kHz, resolution 1000ns, wraps every 2147483647500ns
[    0.000026] clocksource: timer_us: mask: 0xffffffff max_cycles: 0xffffffff, max_idle_ns: 1911260446275 ns
[    0.000037] Switching to timer-based delay loop, resolution 1000ns
[    0.001557] Console: colour dummy device 80x30
[    0.001581] Calibrating delay loop (skipped), value calculated using timer frequency.. 2.00 BogoMIPS (lpj=10000)
[    0.001593] pid_max: default: 32768 minimum: 301
[    0.001677] Mount-cache hash table entries: 2048 (order: 1, 8192 bytes)
[    0.001686] Mountpoint-cache hash table entries: 2048 (order: 1, 8192 bytes)
[    0.002119] CPU: Testing write buffer coherency: ok
[    0.002319] CPU0: thread -1, cpu 0, socket 0, mpidr 80000000
[    0.002475] Setting up static identity map for 0x300000 - 0x300098
[    0.003914] Tegra Revision: A03 prime SKU: 8 CPU Process: 1 SoC Process: 2
[    0.004289] EFI services will not be available.
[    0.004446] smp: Bringing up secondary CPUs ...
[    0.004973] CPU1: thread -1, cpu 1, socket 0, mpidr 80000001
[    0.005031] smp: Brought up 1 node, 2 CPUs
[    0.005043] SMP: Total of 2 processors activated (4.00 BogoMIPS).
[    0.005050] CPU: All CPU(s) started in SVC mode.
[    0.005687] devtmpfs: initialized
[    0.009358] VFP support v0.3: implementor 41 architecture 3 part 30 variant 9 rev 1
[    0.009563] clocksource: jiffies: mask: 0xffffffff max_cycles: 0xffffffff, max_idle_ns: 19112604462750000 ns
[    0.012472] pinctrl core: initialized pinctrl subsystem
[    0.013722] NET: Registered protocol family 16
[    0.015726] DMA: preallocated 256 KiB pool for atomic coherent allocations
[    0.017201] cpuidle: using governor menu
[    0.034846] No ATAGs?
[    0.034913] hw-breakpoint: found 5 (+1 reserved) breakpoint and 1 watchpoint registers.
[    0.034924] hw-breakpoint: maximum watchpoint size is 4 bytes.
[    0.040270] Serial: AMBA PL011 UART driver
[    0.051613] usb1_vbus: Failed to request enable GPIO170: -517
[    0.051627] reg-fixed-voltage regulators:regulator@2: Failed to register regulator: -517
[    0.055158] vgaarb: loaded
[    0.055708] SCSI subsystem initialized
[    0.055846] libata version 3.00 loaded.
[    0.056020] usbcore: registered new interface driver usbfs
[    0.056069] usbcore: registered new interface driver hub
[    0.056107] usbcore: registered new device driver usb
[    0.058061] pps_core: LinuxPPS API ver. 1 registered
[    0.058069] pps_core: Software ver. 5.3.6 - Copyright 2005-2007 Rodolfo Giometti <giometti@linux.it>
[    0.058085] PTP clock support registered
[    0.058225] EDAC MC: Ver: 3.0.0
[    0.059952] clocksource: Switched to clocksource timer_us
[    0.066951] NET: Registered protocol family 2
[    0.067362] TCP established hash table entries: 8192 (order: 3, 32768 bytes)
[    0.067433] TCP bind hash table entries: 8192 (order: 4, 65536 bytes)
[    0.067538] TCP: Hash tables configured (established 8192 bind 8192)
[    0.067640] UDP hash table entries: 512 (order: 2, 16384 bytes)
[    0.067684] UDP-Lite hash table entries: 512 (order: 2, 16384 bytes)
[    0.067826] NET: Registered protocol family 1
[    0.068074] RPC: Registered named UNIX socket transport module.
[    0.068083] RPC: Registered udp transport module.
[    0.068088] RPC: Registered tcp transport module.
[    0.068093] RPC: Registered tcp NFSv4.1 backchannel transport module.
[    0.068102] PCI: CLS 0 bytes, default 64
[    0.068888] hw perfevents: enabled with armv7_cortex_a9 PMU driver, 7 counters available
[    0.069812] futex hash table entries: 512 (order: 3, 32768 bytes)
[    0.070405] workingset: timestamp_bits=30 max_order=18 bucket_order=0
[    0.077147] squashfs: version 4.0 (2009/01/31) Phillip Lougher
[    0.077734] NFS: Registering the id_resolver key type
[    0.077754] Key type id_resolver registered
[    0.077760] Key type id_legacy registered
[    0.077791] ntfs: driver 2.1.32 [Flags: R/O].
[    0.078966] bounce: pool size: 64 pages
[    0.079004] Block layer SCSI generic (bsg) driver version 0.4 loaded (major 248)
[    0.079012] io scheduler noop registered
[    0.079018] io scheduler deadline registered
[    0.079168] io scheduler cfq registered (default)
[    0.079175] io scheduler mq-deadline registered
[    0.090596] tegra-pcie 80003000.pcie-controller: dual-mode configuration
[    0.091296] tegra-pcie 80003000.pcie-controller: probing port 0, using 2 lanes
[    0.173776] tegra-pcie 80003000.pcie-controller: PCI host bridge to bus 0000:00
[    0.173788] pci_bus 0000:00: root bus resource [io  0x0000-0xffff]
[    0.173797] pci_bus 0000:00: root bus resource [mem 0xa0000000-0xa7ffffff]
[    0.173806] pci_bus 0000:00: root bus resource [mem 0xa8000000-0xbfffffff pref]
[    0.173815] pci_bus 0000:00: root bus resource [bus 00-ff]
[    0.173843] pci 0000:00:01.0: [10de:0bf0] type 01 class 0x060000
[    0.173891] pci_bus 0000:00: 2-byte config write to 0000:00:01.0 offset 0x52 may corrupt adjacent RW1C bits
[    0.173915] pci 0000:00:01.0: PME# supported from D0 D1 D2 D3hot D3cold
[    0.173927] pci_bus 0000:00: 2-byte config write to 0000:00:01.0 offset 0x4c may corrupt adjacent RW1C bits
[    0.174108] pci_bus 0000:00: 2-byte config write to 0000:00:01.0 offset 0x3e may corrupt adjacent RW1C bits
[    0.174120] pci_bus 0000:00: 2-byte config write to 0000:00:01.0 offset 0x4 may corrupt adjacent RW1C bits
[    0.174130] pci_bus 0000:00: 1-byte config write to 0000:00:01.0 offset 0xc may corrupt adjacent RW1C bits
[    0.174137] PCI: bus0: Fast back to back transfers disabled
[    0.174147] pci 0000:00:01.0: bridge configuration invalid ([bus 00-00]), reconfiguring
[    0.174157] pci_bus 0000:00: 2-byte config write to 0000:00:01.0 offset 0x3e may corrupt adjacent RW1C bits
[    0.174168] pci_bus 0000:00: 2-byte config write to 0000:00:01.0 offset 0x3e may corrupt adjacent RW1C bits
[    0.174179] pci_bus 0000:00: 2-byte config write to 0000:00:01.0 offset 0x3e may corrupt adjacent RW1C bits
[    0.174189] pci_bus 0000:00: 2-byte config write to 0000:00:01.0 offset 0x6 may corrupt adjacent RW1C bits
[    0.174313] pci 0000:01:00.0: [10ec:8168] type 00 class 0x020000
[    0.174337] pci 0000:01:00.0: reg 0x10: [io  0x0000-0x00ff]
[    0.174361] pci 0000:01:00.0: reg 0x18: [mem 0x00000000-0x00000fff 64bit pref]
[    0.174379] pci 0000:01:00.0: reg 0x20: [mem 0x00000000-0x00003fff 64bit pref]
[    0.174393] pci 0000:01:00.0: reg 0x30: [mem 0x00000000-0x0001ffff pref]
[    0.174433] pci_bus 0000:01: 2-byte config write to 0000:01:00.0 offset 0x52 may corrupt adjacent RW1C bits
[    0.174484] pci 0000:01:00.0: supports D1 D2
[    0.174492] pci 0000:01:00.0: PME# supported from D0 D1 D2 D3hot D3cold
[    0.199993] PCI: bus1: Fast back to back transfers disabled
[    0.200006] pci_bus 0000:01: busn_res: [bus 01-ff] end is updated to 01
[    0.200018] Disabling cpuidle LP2 state, since PCIe IRQs are in use
[    0.200078] pci 0000:00:01.0: BAR 8: assigned [mem 0xa0000000-0xa00fffff]
[    0.200090] pci 0000:00:01.0: BAR 9: assigned [mem 0xa8000000-0xa80fffff 64bit pref]
[    0.200100] pci 0000:00:01.0: BAR 7: assigned [io  0x1000-0x1fff]
[    0.200113] pci 0000:01:00.0: BAR 6: assigned [mem 0xa0000000-0xa001ffff pref]
[    0.200123] pci 0000:01:00.0: BAR 4: assigned [mem 0xa8000000-0xa8003fff 64bit pref]
[    0.200143] pci 0000:01:00.0: BAR 2: assigned [mem 0xa8004000-0xa8004fff 64bit pref]
[    0.200161] pci 0000:01:00.0: BAR 0: assigned [io  0x1000-0x10ff]
[    0.200173] pci 0000:00:01.0: PCI bridge to [bus 01]
[    0.200182] pci 0000:00:01.0:   bridge window [io  0x1000-0x1fff]
[    0.200192] pci 0000:00:01.0:   bridge window [mem 0xa0000000-0xa00fffff]
[    0.200201] pci 0000:00:01.0:   bridge window [mem 0xa8000000-0xa80fffff 64bit pref]
[    0.200223] pci 0000:00:01.0: nv_msi_ht_cap_quirk didn't locate host bridge
[    0.200273] pcieport 0000:00:01.0: enabling device (0140 -> 0143)
[    0.200467] pcieport 0000:00:01.0: Signaling PME with IRQ 295
[    0.206506] tegra-apbdma 6000a000.dma: Tegra20 APB DMA driver register 16 channels
[    0.255002] Serial: 8250/16550 driver, 4 ports, IRQ sharing disabled
[    0.257250] console [ttyS0] disabled
[    0.257285] 70006000.serial: ttyS0 at MMIO 0x70006000 (irq = 279, base_baud = 13500000) is a Tegra
[    1.307452] console [ttyS0] enabled
[    1.311520] SuperH (H)SCI(F) driver initialized
[    1.316754] msm_serial: driver initialized
[    1.320995] STMicroelectronics ASC driver initialized
[    1.331090] 54280000.hdmi supply hdmi not found, using dummy regulator
[    1.339528] [drm] Supports vblank timestamp caching Rev 2 (21.10.2013).
[    1.346149] [drm] No driver support for vblank timestamp query.
[    1.352091] [drm] Cannot find any crtc or sizes - going 1024x768
[    1.374183] Console: switching to colour frame buffer device 128x48
[    1.388858] drm drm: fb0:  frame buffer device
[    1.393354] [drm] Initialized tegra 0.0.0 20120330 for drm on minor 0
[    1.408680] brd: module loaded
[    1.416557] loop: module loaded
[    1.425377] m25p80 spi32766.0: found s25fl008k, expected w25q80bl
[    1.431482] m25p80 spi32766.0: s25fl008k (1024 Kbytes)
[    1.438866] libphy: Fixed MDIO Bus: probed
[    1.443802] CAN device driver interface
[    1.448304] bgmac_bcma: Broadcom 47xx GBit MAC driver loaded
[    1.454906] e1000e: Intel(R) PRO/1000 Network Driver - 3.2.6-k
[    1.460738] e1000e: Copyright(c) 1999 - 2015 Intel Corporation.
[    1.466703] igb: Intel(R) Gigabit Ethernet Network Driver - version 5.4.0-k
[    1.473658] igb: Copyright (c) 2007-2014 Intel Corporation.
[    1.479747] r8169 Gigabit Ethernet driver 2.3LK-NAPI loaded
[    1.485345] r8169 0000:01:00.0: enabling device (0140 -> 0143)
[    1.491978] r8169 0000:01:00.0 eth0: RTL8168d/8111d at 0xf08fc000, 00:01:c0:13:7d:63, XID 081000c0 IRQ 296
[    1.501640] r8169 0000:01:00.0 eth0: jumbo features [frames: 9200 bytes, tx checksumming: ko]
[    1.512256] pegasus: v0.9.3 (2013/04/25), Pegasus/Pegasus II USB Ethernet driver
[    1.519686] usbcore: registered new interface driver pegasus
[    1.525403] usbcore: registered new interface driver asix
[    1.530834] usbcore: registered new interface driver ax88179_178a
[    1.536938] usbcore: registered new interface driver cdc_ether
[    1.542809] usbcore: registered new interface driver smsc75xx
[    1.548578] usbcore: registered new interface driver smsc95xx
[    1.554354] usbcore: registered new interface driver net1080
[    1.560040] usbcore: registered new interface driver cdc_subset
[    1.565975] usbcore: registered new interface driver zaurus
[    1.571602] usbcore: registered new interface driver cdc_ncm
[    1.577507] tegra-phy c5004000.usb-phy: no vbus regulator
[    1.583995] tegra-phy c5008000.usb-phy: no vbus regulator
[    1.590697] ehci_hcd: USB 2.0 'Enhanced' Host Controller (EHCI) Driver
[    1.597209] ehci-pci: EHCI PCI platform driver
[    1.601691] ehci-platform: EHCI generic platform driver
[    1.607053] ehci-orion: EHCI orion driver
[    1.611172] SPEAr-ehci: EHCI SPEAr driver
[    1.615271] ehci-st: EHCI STMicroelectronics driver
[    1.620255] ehci-exynos: EHCI EXYNOS driver
[    1.624542] ehci-atmel: EHCI Atmel driver
[    1.628637] tegra-ehci: Tegra EHCI driver
[    1.691158] ulpi_phy_power_on: ulpi write failed
[    1.695766] tegra-ehci c5004000.usb: Failed to power on the phy
[    1.701699] tegra-ehci: probe of c5004000.usb failed with error -110
[    1.710670] tegra-ehci c5008000.usb: EHCI Host Controller
[    1.716074] tegra-ehci c5008000.usb: new USB bus registered, assigned bus number 1
[    1.723887] tegra-ehci c5008000.usb: irq 290, io mem 0xc5008000
[    1.749970] tegra-ehci c5008000.usb: USB 2.0 started, EHCI 1.00
[    1.756484] hub 1-0:1.0: USB hub found
[    1.760265] hub 1-0:1.0: 1 port detected
[    1.764485] ohci_hcd: USB 1.1 'Open' Host Controller (OHCI) Driver
[    1.770676] ohci-pci: OHCI PCI platform driver
[    1.775153] ohci-platform: OHCI generic platform driver
[    1.780539] ohci-omap3: OHCI OMAP3 driver
[    1.784641] SPEAr-ohci: OHCI SPEAr driver
[    1.788742] ohci-st: OHCI STMicroelectronics driver
[    1.793727] ohci-atmel: OHCI Atmel driver
[    1.798319] usbcore: registered new interface driver usb-storage
[    1.806830] rtc-em3027 2-0056: rtc core: registered rtc-em3027 as rtc0
[    1.814518] tegra_rtc 7000e000.rtc: rtc core: registered 7000e000.rtc as rtc1
[    1.821688] tegra_rtc 7000e000.rtc: Tegra internal Real Time Clock
[    1.828271] i2c /dev entries driver
[    1.840961] sdhci: Secure Digital Host Controller Interface driver
[    1.847126] sdhci: Copyright(c) Pierre Ossman
[    1.852659] Synopsys Designware Multimedia Card Interface Driver
[    1.859487] sdhci-pltfm: SDHCI platform and OF driver helper
[    1.865931] mmc0: Invalid maximum block size, assuming 512 bytes
[    1.929971] mmc0: SDHCI controller on c8000000.sdhci [c8000000.sdhci] using ADMA
[    1.937442] sdhci-tegra c8000600.sdhci: Got CD GPIO
[    1.942339] sdhci-tegra c8000600.sdhci: Got WP GPIO
[    1.947369] mmc1: Invalid maximum block size, assuming 512 bytes
[    2.010039] mmc1: SDHCI controller on c8000600.sdhci [c8000600.sdhci] using ADMA
[    2.018803] ledtrig-cpu: registered to indicate activity on CPUs
[    2.025090] usbcore: registered new interface driver usbhid
[    2.030664] usbhid: USB HID core driver
[    2.037769] NET: Registered protocol family 10
[    2.043107] Segment Routing with IPv6
[    2.046802] sit: IPv6, IPv4 and MPLS over IPv4 tunneling driver
[    2.053236] NET: Registered protocol family 17
[    2.057674] can: controller area network core (rev 20120528 abi 9)
[    2.064025] NET: Registered protocol family 29
[    2.068456] can: raw protocol (rev 20120528)
[    2.072733] can: broadcast manager protocol (rev 20161123 t)
[    2.078381] can: netlink gateway (rev 20130117) max_hops=1
[    2.084179] Key type dns_resolver registered
[    2.088814] ThumbEE CPU extension supported.
[    2.093096] Registering SWP/SWPB emulation handler
[    2.105916] utmi_phy_clk_enable: timeout waiting for phy to stabilize
[    2.112399] tegra-ehci c5000000.usb: EHCI Host Controller
[    2.117802] tegra-ehci c5000000.usb: new USB bus registered, assigned bus number 2
[    2.125665] tegra-ehci c5000000.usb: irq 288, io mem 0xc5000000
[    2.126977] mmc0: host does not support reading read-only switch, assuming write-enable
[    2.128790] mmc0: new high speed SDHC card at address b368
[    2.131770] mmcblk0: mmc0:b368 NCard 3.70 GiB 
[    2.146777]  mmcblk0: p1
[    2.160027] usb 1-1: new high-speed USB device number 2 using tegra-ehci
[    2.189988] tegra-ehci c5000000.usb: USB 2.0 started, EHCI 1.00
[    2.196756] hub 2-0:1.0: USB hub found
[    2.200592] hub 2-0:1.0: 1 port detected
[    2.205772] input: gpio-keys as /devices/soc0/gpio-keys/input/input0
[    2.208919] mmc1: new high speed SD card at address b368
[    2.209408] mmcblk1: mmc1:b368 NCard 1.83 GiB (ro)
[    2.212047]  mmcblk1: p1 p2
[    2.225763] rtc-em3027 2-0056: setting system clock to 2015-02-07 05:40:27 UTC (1423287627)
[    2.236029] EXT4-fs (mmcblk0p1): mounting ext3 file system using the ext4 subsystem
[    2.381105] hub 1-1:1.0: USB hub found
[    2.385035] hub 1-1:1.0: 4 ports detected
[    2.471262] EXT4-fs (mmcblk0p1): recovery complete
[    2.544843] EXT4-fs (mmcblk0p1): mounted filesystem with ordered data mode. Opts: (null)
[    2.553051] VFS: Mounted root (ext3 filesystem) on device 179:1.
[    2.563213] devtmpfs: mounted
[    2.571842] Freeing unused kernel memory: 2048K
[    2.615351] random: fast init done
[    2.710042] usb 1-1.2: new high-speed USB device number 3 using tegra-ehci
bash: cannot set terminal process group (-1): Inappropriate ioctl for device
bash: no job control in this shell
root@(none):/# [    3.342480] asix 1-1.2:1.0 eth1: register 'asix' at usb-c5008000.usb-1.2, ASIX AX88772 USB 2.0 Ethernet, 00:60:6e:60:6c:68
 
root@(none):/# mount -t sysfs none /sys
root@(none):/# 
root@(none):/# mount -t debugfs none /sys/kernel/debug
root@(none):/# 
root@(none):/# rtcwake -d rtc1 -m mem -s 3
rtcwake: assuming RTC uses UTC ...
rtcwake: wakeup from "mem" using /dev/rtc1 at Thu Jan  1 00:00:32 1970
[   15.430332] PM: Syncing filesystems ... done.
[   15.476466] Freezing user space processes ... (elapsed 0.001 seconds) done.
[   15.484932] Freezing remaining freezable tasks ... (elapsed 0.001 seconds) done.
[   15.493941] Suspending console(s) (use no_console_suspend to debug)
[   15.535105] pci_generic_config_write32: 37 callbacks suppressed
[   15.535152] pci_bus 0000:00: 2-byte config write to 0000:00:01.0 offset 0x9c may corrupt adjacent RW1C bits
[   15.547553] PM: suspend of devices complete after 44.817 msecs
[   15.552472] PM: late suspend of devices complete after 4.886 msecs
[   15.556359] pci_bus 0000:01: 2-byte config write to 0000:01:00.0 offset 0x44 may corrupt adjacent RW1C bits
[   15.556417] pci_bus 0000:01: 2-byte config write to 0000:01:00.0 offset 0x44 may corrupt adjacent RW1C bits
[   15.580629] PM: noirq suspend of devices complete after 28.126 msecs
[   15.580643] Disabling non-boot CPUs ...
[   15.649219] Entering suspend state LP1
[   15.649219] Suspended for 1.462 seconds
[   15.649264] Enabling non-boot CPUs ...
[   15.678995] CPU1 is up
[   15.679826] pci_bus 0000:00: 2-byte config write to 0000:00:01.0 offset 0x4c may corrupt adjacent RW1C bits
[   15.679875] pci_bus 0000:00: 2-byte config write to 0000:00:01.0 offset 0x88 may corrupt adjacent RW1C bits
[   15.680016] pci_bus 0000:00: 2-byte config write to 0000:00:01.0 offset 0x90 may corrupt adjacent RW1C bits
[   15.680050] pci_bus 0000:00: 2-byte config write to 0000:00:01.0 offset 0x98 may corrupt adjacent RW1C bits
[   15.680082] pci_bus 0000:00: 2-byte config write to 0000:00:01.0 offset 0x9c may corrupt adjacent RW1C bits
[   15.680164] pci_bus 0000:00: 2-byte config write to 0000:00:01.0 offset 0x52 may corrupt adjacent RW1C bits
[   15.680198] pci_bus 0000:00: 2-byte config write to 0000:00:01.0 offset 0x52 may corrupt adjacent RW1C bits
[   15.680271] pcieport 0000:00:01.0: nv_msi_ht_cap_quirk didn't locate host bridge
[   15.710217] PM: noirq resume of devices complete after 31.187 msecs
[   15.713739] PM: early resume of devices complete after 2.950 msecs
[   16.259134] PM: resume of devices complete after 545.361 msecs
[   16.427524] Restarting tasks ... done.
root@(none):/# 
root@(none):/# rtcwake -d rtc1 -m mem -s 3
rtcwake: assuming RTC uses UTC ...
rtcwake: wakeup from "mem" using /dev/rtc1 at Thu Jan  1 00:00:37 1970
[   17.294613] PM: Syncing filesystems ... done.
[   17.339720] Freezing user space processes ... (elapsed 0.001 seconds) done.
[   17.348260] Freezing remaining freezable tasks ... (elapsed 0.001 seconds) done.
[   17.357357] Suspending console(s) (use no_console_suspend to debug)
[   17.406950] PM: suspend of devices complete after 40.807 msecs
[   17.412011] PM: late suspend of devices complete after 5.029 msecs
[   17.440583] PM: noirq suspend of devices complete after 28.540 msecs
[   17.440597] Disabling non-boot CPUs ...
[   17.507946] Entering suspend state LP1
[   17.507946] Suspended for 3.141 seconds
[   17.507991] Enabling non-boot CPUs ...
[   17.538974] CPU1 is up
[   17.540367] pcieport 0000:00:01.0: nv_msi_ht_cap_quirk didn't locate host bridge
[   17.580182] PM: noirq resume of devices complete after 41.172 msecs
[   17.583984] PM: early resume of devices complete after 3.059 msecs
[   18.128125] PM: resume of devices complete after 544.108 msecs
[   18.193424] Restarting tasks ... done.
root@(none):/# 
root@(none):/# rtcwake -d rtc1 -m mem -s 3
rtcwake: assuming RTC uses UTC ...
rtcwake: wakeup from "mem" using /dev/rtc1 at Thu Jan  1 00:00:42 1970
[   19.144910] PM: Syncing filesystems ... done.
[   19.190103] Freezing user space processes ... (elapsed 0.001 seconds) done.
[   19.198548] Freezing remaining freezable tasks ... (elapsed 0.001 seconds) done.
[   19.207483] Suspending console(s) (use no_console_suspend to debug)
[   19.256930] PM: suspend of devices complete after 40.651 msecs
[   19.261793] PM: late suspend of devices complete after 4.832 msecs
[   19.290492] PM: noirq suspend of devices complete after 28.668 msecs
[   19.290505] Disabling non-boot CPUs ...
[   19.357766] Entering suspend state LP1
[   19.357766] Suspended for 3.150 seconds
[   19.357812] Enabling non-boot CPUs ...
[   19.388813] CPU1 is up
[   19.390159] pcieport 0000:00:01.0: nv_msi_ht_cap_quirk didn't locate host bridge
[   19.420039] PM: noirq resume of devices complete after 31.191 msecs
[   19.423576] PM: early resume of devices complete after 2.964 msecs
[   19.968960] PM: resume of devices complete after 545.350 msecs
[   20.034226] Restarting tasks ... done.
root@(none):/# 
root@(none):/# rtcwake -d rtc1 -m mem -s 3
rtcwake: assuming RTC uses UTC ...
rtcwake: wakeup from "mem" using /dev/rtc1 at Thu Jan  1 00:00:47 1970
[   20.994550] PM: Syncing filesystems ... done.
[   21.033734] Freezing user space processes ... (elapsed 0.001 seconds) done.
[   21.042099] Freezing remaining freezable tasks ... (elapsed 0.001 seconds) done.
[   21.050965] Suspending console(s) (use no_console_suspend to debug)
[   21.094781] pci_generic_config_write32: 65 callbacks suppressed
[   21.094826] pci_bus 0000:00: 2-byte config write to 0000:00:01.0 offset 0x9c may corrupt adjacent RW1C bits
[   21.107183] PM: suspend of devices complete after 48.200 msecs
[   21.112322] PM: late suspend of devices complete after 5.107 msecs
[   21.116343] pci_bus 0000:01: 2-byte config write to 0000:01:00.0 offset 0x44 may corrupt adjacent RW1C bits
[   21.116399] pci_bus 0000:01: 2-byte config write to 0000:01:00.0 offset 0x44 may corrupt adjacent RW1C bits
[   21.140443] PM: noirq suspend of devices complete after 28.091 msecs
[   21.140457] Disabling non-boot CPUs ...
[   21.207719] Entering suspend state LP1
[   21.207719] Suspended for 3.149 seconds
[   21.207764] Enabling non-boot CPUs ...
[   21.238801] CPU1 is up
[   21.239867] pci_bus 0000:00: 2-byte config write to 0000:00:01.0 offset 0x4c may corrupt adjacent RW1C bits
[   21.239915] pci_bus 0000:00: 2-byte config write to 0000:00:01.0 offset 0x88 may corrupt adjacent RW1C bits
[   21.239949] pci_bus 0000:00: 2-byte config write to 0000:00:01.0 offset 0x90 may corrupt adjacent RW1C bits
[   21.239980] pci_bus 0000:00: 2-byte config write to 0000:00:01.0 offset 0x98 may corrupt adjacent RW1C bits
[   21.240009] pci_bus 0000:00: 2-byte config write to 0000:00:01.0 offset 0x9c may corrupt adjacent RW1C bits
[   21.240091] pci_bus 0000:00: 2-byte config write to 0000:00:01.0 offset 0x52 may corrupt adjacent RW1C bits
[   21.240127] pci_bus 0000:00: 2-byte config write to 0000:00:01.0 offset 0x52 may corrupt adjacent RW1C bits
[   21.240200] pcieport 0000:00:01.0: nv_msi_ht_cap_quirk didn't locate host bridge
[   21.270079] PM: noirq resume of devices complete after 31.245 msecs
[   21.273654] PM: early resume of devices complete after 3.008 msecs
[   21.818171] PM: resume of devices complete after 544.485 msecs
[   21.986512] Restarting tasks ... done.
root@(none):/# 
root@(none):/# rtcwake -d rtc1 -m mem -s 3
rtcwake: assuming RTC uses UTC ...
rtcwake: wakeup from "mem" using /dev/rtc1 at Thu Jan  1 00:00:52 1970
[   22.854268] PM: Syncing filesystems ... done.
[   22.899318] Freezing user space processes ... (elapsed 0.001 seconds) done.
[   22.907763] Freezing remaining freezable tasks ... (elapsed 0.001 seconds) done.
[   22.916859] Suspending console(s) (use no_console_suspend to debug)
[   22.948350] PM: suspend of devices complete after 22.715 msecs
[   22.953208] PM: late suspend of devices complete after 4.828 msecs
[   22.980332] PM: noirq suspend of devices complete after 27.094 msecs
[   22.980345] Disabling non-boot CPUs ...
[   23.017671] Entering suspend state LP1
[   23.017671] Suspended for 3.189 seconds
[   23.017716] Enabling non-boot CPUs ...
[   23.048614] CPU1 is up
[   23.049435] pcieport 0000:00:01.0: nv_msi_ht_cap_quirk didn't locate host bridge
[   23.079860] PM: noirq resume of devices complete after 31.211 msecs
[   23.083418] PM: early resume of devices complete after 2.989 msecs
[   23.618073] PM: resume of devices complete after 534.623 msecs
[   23.683320] Restarting tasks ... done.
root@(none):/# 
root@(none):/# rtcwake -d rtc1 -m mem -s 3
rtcwake: assuming RTC uses UTC ...
rtcwake: wakeup from "mem" using /dev/rtc1 at Thu Jan  1 00:00:57 1970
[   24.664352] PM: Syncing filesystems ... done.
[   24.709406] Freezing user space processes ... (elapsed 0.001 seconds) done.
[   24.717953] Freezing remaining freezable tasks ... (elapsed 0.001 seconds) done.
[   24.727018] Suspending console(s) (use no_console_suspend to debug)
[   24.776871] PM: suspend of devices complete after 41.092 msecs
[   24.781741] PM: late suspend of devices complete after 4.838 msecs
[   24.810186] PM: noirq suspend of devices complete after 28.414 msecs
[   24.810200] Disabling non-boot CPUs ...
[   24.857581] Entering suspend state LP1
[   24.857581] Suspended for 3.160 seconds
[   24.857624] Enabling non-boot CPUs ...
[   24.888559] CPU1 is up
[   24.889714] pcieport 0000:00:01.0: nv_msi_ht_cap_quirk didn't locate host bridge
[   24.919852] PM: noirq resume of devices complete after 31.260 msecs
[   24.923392] PM: early resume of devices complete after 2.968 msecs
[   25.468650] PM: resume of devices complete after 545.225 msecs
[   25.533914] Restarting tasks ... done.
root@(none):/# 
root@(none):/# rtcwake -d rtc1 -m mem -s 3
rtcwake: assuming RTC uses UTC ...
rtcwake: wakeup from "mem" using /dev/rtc1 at Thu Jan  1 00:01:02 1970
[   26.504285] PM: Syncing filesystems ... done.
[   26.549340] Freezing user space processes ... (elapsed 0.001 seconds) done.
[   26.557867] Freezing remaining freezable tasks ... (elapsed 0.001 seconds) done.
[   26.566937] Suspending console(s) (use no_console_suspend to debug)
[   26.604756] pci_generic_config_write32: 65 callbacks suppressed
[   26.604802] pci_bus 0000:00: 2-byte config write to 0000:00:01.0 offset 0x9c may corrupt adjacent RW1C bits
[   26.617132] PM: suspend of devices complete after 41.431 msecs
[   26.622078] PM: late suspend of devices complete after 4.915 msecs
[   26.626598] pci_bus 0000:01: 2-byte config write to 0000:01:00.0 offset 0x44 may corrupt adjacent RW1C bits
[   26.626658] pci_bus 0000:01: 2-byte config write to 0000:01:00.0 offset 0x44 may corrupt adjacent RW1C bits
[   26.650126] PM: noirq suspend of devices complete after 28.017 msecs
[   26.650140] Disabling non-boot CPUs ...
[   26.687436] Entering suspend state LP1
[   26.687436] Suspended for 3.170 seconds
[   26.687481] Enabling non-boot CPUs ...
[   26.718480] CPU1 is up
[   26.719246] pci_bus 0000:00: 2-byte config write to 0000:00:01.0 offset 0x4c may corrupt adjacent RW1C bits
[   26.719294] pci_bus 0000:00: 2-byte config write to 0000:00:01.0 offset 0x88 may corrupt adjacent RW1C bits
[   26.719329] pci_bus 0000:00: 2-byte config write to 0000:00:01.0 offset 0x90 may corrupt adjacent RW1C bits
[   26.719472] pci_bus 0000:00: 2-byte config write to 0000:00:01.0 offset 0x98 may corrupt adjacent RW1C bits
[   26.719506] pci_bus 0000:00: 2-byte config write to 0000:00:01.0 offset 0x9c may corrupt adjacent RW1C bits
[   26.719590] pci_bus 0000:00: 2-byte config write to 0000:00:01.0 offset 0x52 may corrupt adjacent RW1C bits
[   26.719625] pci_bus 0000:00: 2-byte config write to 0000:00:01.0 offset 0x52 may corrupt adjacent RW1C bits
[   26.719696] pcieport 0000:00:01.0: nv_msi_ht_cap_quirk didn't locate host bridge
[   26.749689] PM: noirq resume of devices complete after 31.174 msecs
[   26.753220] PM: early resume of devices complete after 2.959 msecs
[   27.287860] PM: resume of devices complete after 534.607 msecs
[   27.456209] Restarting tasks ... done.
root@(none):/# 
root@(none):/# rtcwake -d rtc1 -m mem -s 3
rtcwake: assuming RTC uses UTC ...
rtcwake: wakeup from "mem" using /dev/rtc1 at Thu Jan  1 00:01:07 1970
[   28.334047] PM: Syncing filesystems ... done.
[   28.379098] Freezing user space processes ... (elapsed 0.001 seconds) done.
[   28.387625] Freezing remaining freezable tasks ... (elapsed 0.001 seconds) done.
[   28.396694] Suspending console(s) (use no_console_suspend to debug)
[   28.447021] PM: suspend of devices complete after 41.560 msecs
[   28.451993] PM: late suspend of devices complete after 4.940 msecs
[   28.480033] PM: noirq suspend of devices complete after 28.008 msecs
[   28.480046] Disabling non-boot CPUs ...
[   28.517398] Entering suspend state LP1
[   28.517398] Suspended for 3.169 seconds
[   28.517441] Enabling non-boot CPUs ...
[   28.548374] CPU1 is up
[   28.549233] pcieport 0000:00:01.0: nv_msi_ht_cap_quirk didn't locate host bridge
[   28.579591] PM: noirq resume of devices complete after 31.182 msecs
[   28.583113] PM: early resume of devices complete after 2.953 msecs
[   29.117644] PM: resume of devices complete after 534.499 msecs
[   29.182880] Restarting tasks ... done.
root@(none):/# 
root@(none):/# rtcwake -d rtc1 -m mem -s 3
rtcwake: assuming RTC uses UTC ...
rtcwake: wakeup from "mem" using /dev/rtc1 at Thu Jan  1 00:01:12 1970
[   30.164145] PM: Syncing filesystems ... done.
[   30.209215] Freezing user space processes ... (elapsed 0.001 seconds) done.
[   30.217743] Freezing remaining freezable tasks ... (elapsed 0.001 seconds) done.
[   30.226816] Suspending console(s) (use no_console_suspend to debug)
[   30.277330] PM: suspend of devices complete after 41.754 msecs
[   30.282318] PM: late suspend of devices complete after 4.956 msecs
[   30.309920] PM: noirq suspend of devices complete after 27.570 msecs
[   30.309933] Disabling non-boot CPUs ...
[   30.357298] Entering suspend state LP1
[   30.357298] Suspended for 3.160 seconds
[   30.357343] Enabling non-boot CPUs ...
[   30.388363] CPU1 is up
[   30.389479] pcieport 0000:00:01.0: nv_msi_ht_cap_quirk didn't locate host bridge
[   30.419509] PM: noirq resume of devices complete after 31.111 msecs
[   30.423043] PM: early resume of devices complete after 2.965 msecs
[   30.958426] PM: resume of devices complete after 535.351 msecs
[   31.023701] Restarting tasks ... done.
root@(none):/# 
root@(none):/# rtcwake -d rtc1 -m mem -s 3
rtcwake: assuming RTC uses UTC ...
rtcwake: wakeup from "mem" using /dev/rtc1 at Thu Jan  1 00:01:17 1970
[   32.003879] PM: Syncing filesystems ... done.
[   32.048932] Freezing user space processes ... (elapsed 0.001 seconds) done.
[   32.057462] Freezing remaining freezable tasks ... (elapsed 0.001 seconds) done.
[   32.066560] Suspending console(s) (use no_console_suspend to debug)
[   32.105846] pci_generic_config_write32: 65 callbacks suppressed
[   32.105892] pci_bus 0000:00: 2-byte config write to 0000:00:01.0 offset 0x9c may corrupt adjacent RW1C bits
[   32.117635] PM: suspend of devices complete after 42.287 msecs
[   32.122633] PM: late suspend of devices complete after 4.966 msecs
[   32.127219] pci_bus 0000:01: 2-byte config write to 0000:01:00.0 offset 0x44 may corrupt adjacent RW1C bits
[   32.127277] pci_bus 0000:01: 2-byte config write to 0000:01:00.0 offset 0x44 may corrupt adjacent RW1C bits
[   32.149828] PM: noirq suspend of devices complete after 27.164 msecs
[   32.149841] Disabling non-boot CPUs ...
[   32.197221] Entering suspend state LP1
[   32.197221] Suspended for 3.159 seconds
[   32.197265] Enabling non-boot CPUs ...
[   32.228172] CPU1 is up
[   32.230760] pci_bus 0000:00: 2-byte config write to 0000:00:01.0 offset 0x4c may corrupt adjacent RW1C bits
[   32.230808] pci_bus 0000:00: 2-byte config write to 0000:00:01.0 offset 0x88 may corrupt adjacent RW1C bits
[   32.230842] pci_bus 0000:00: 2-byte config write to 0000:00:01.0 offset 0x90 may corrupt adjacent RW1C bits
[   32.230873] pci_bus 0000:00: 2-byte config write to 0000:00:01.0 offset 0x98 may corrupt adjacent RW1C bits
[   32.230903] pci_bus 0000:00: 2-byte config write to 0000:00:01.0 offset 0x9c may corrupt adjacent RW1C bits
[   32.230985] pci_bus 0000:00: 2-byte config write to 0000:00:01.0 offset 0x52 may corrupt adjacent RW1C bits
[   32.231020] pci_bus 0000:00: 2-byte config write to 0000:00:01.0 offset 0x52 may corrupt adjacent RW1C bits
[   32.231091] pcieport 0000:00:01.0: nv_msi_ht_cap_quirk didn't locate host bridge
[   32.260000] PM: noirq resume of devices complete after 31.793 msecs
[   32.263909] PM: early resume of devices complete after 3.170 msecs
[   32.807388] PM: resume of devices complete after 543.447 msecs
[   32.975747] Restarting tasks ... done.
root@(none):/# 
root@(none):/# NVTB SYSTEM SUSPEND TEST COMPLETE
