
U-Boot SPL 2014.01-00219-gc4d376f (Feb 18 2014 - 19:57:32)


U-Boot 2014.01-00219-gc4d376f (Feb 18 2014 - 19:57:32)

TEGRA114
Board: NVIDIA Dalmore
I2C:   ready
DRAM:  2 GiB
MMC:   Tegra SD/MMC: 0, Tegra SD/MMC: 1
In:    serial
Out:   serial
Err:   serial
Net:   Net Initialization Skipped
No ethernet found.
Hit any key to stop autoboot:  2  0 
Tegra114 (Dalmore) # 
Tegra114 (Dalmore) # usb reset
(Re)start USB...
USB0:   USB EHCI 1.10
scanning bus 0 for devices... 2 USB Device(s) found
       scanning usb for storage devices... 0 Storage Device(s) found
       scanning usb for ethernet devices... 
Warning: asx0 using MAC address from net device
1 Ethernet Device(s) found
Tegra114 (Dalmore) # setenv bootargs 'ignore_loglevel console=ttyS0,115200n8 rw root=PARTUUID=7369c667-ff51-ec4a-29cd-baabf2fbe346 rootwait gpt debug earlyprintk init=/bin/bash'
Tegra114 (Dalmore) # setenv ipaddr 192.168.100.100; setenv serverip 192.168.100.1; setenv tftpserverip 192.168.100.1
Tegra114 (Dalmore) # tftpboot 0x81000000 zImage.multi_v7_defconfig
Using asx0 device
TFTP from server 192.168.100.1; our IP address is 192.168.100.100
Filename 'zImage.multi_v7_defconfig'.
Load address: 0x81000000
Loading: *#################################################################
	 #################################################################
	 #################################################################
	 #################################################################
	 #################################################################
	 #################################################################
	 #################################################################
	 ##################
	 3.2 MiB/s
done
Bytes transferred = 6936680 (69d868 hex)
Tegra114 (Dalmore) # tftpboot 0x82000000 tegra114-dalmore.dtb
Using asx0 device
TFTP from server 192.168.100.1; our IP address is 192.168.100.100
Filename 'tegra114-dalmore.dtb'.
Load address: 0x82000000
Loading: *###
	 2.8 MiB/s
done
Bytes transferred = 34912 (8860 hex)
Tegra114 (Dalmore) # bootz 0x81000000 - 0x82000000
Kernel image @ 0x81000000 [ 0x000000 - 0x69d868 ]
## Flattened Device Tree blob at 82000000
   Booting using the fdt blob at 0x82000000
   Loading Device Tree to 8fff4000, end 8ffff85f ... OK

Starting kernel ...

[    0.000000] Booting Linux on physical CPU 0x0
[    0.000000] Linux version 4.6.0-rc1-next-20160401-84376-g7d2277f (pwalmsley@sellafield) (gcc version 4.7.3 20130328 (prerelease) (crosstool-NG linaro-1.13.1-4.7-2013.04-20130415 - Linaro GCC 2013.04) ) #1 SMP Thu Mar 31 21:48:44 PDT 2016
[    0.000000] CPU: ARMv7 Processor [412fc0f2] revision 2 (ARMv7), cr=10c5387d
[    0.000000] CPU: div instructions available: patching division code
[    0.000000] CPU: PIPT / VIPT nonaliasing data cache, PIPT instruction cache
[    0.000000] Machine model: NVIDIA Tegra114 Dalmore evaluation board
[    0.000000] debug: ignoring loglevel setting.
[    0.000000] cma: Reserved 64 MiB at 0xfb800000
[    0.000000] Memory policy: Data cache writealloc
[    0.000000] On node 0 totalpages: 524032
[    0.000000] free_area_init_node: node 0, pgdat c141c6c0, node_mem_map eeff8000
[    0.000000]   DMA zone: 1536 pages used for memmap
[    0.000000]   DMA zone: 0 pages reserved
[    0.000000]   DMA zone: 196608 pages, LIFO batch:31
[    0.000000]   HighMem zone: 327424 pages, LIFO batch:31
[    0.000000] percpu: Embedded 12 pages/cpu @eefa3000 s19648 r8192 d21312 u49152
[    0.000000] pcpu-alloc: s19648 r8192 d21312 u49152 alloc=12*4096
[    0.000000] pcpu-alloc: [0] 0 [0] 1 [0] 2 [0] 3 
[    0.000000] Built 1 zonelists in Zone order, mobility grouping on.  Total pages: 522496
[    0.000000] Kernel command line: ignore_loglevel console=ttyS0,115200n8 rw root=PARTUUID=7369c667-ff51-ec4a-29cd-baabf2fbe346 rootwait gpt debug earlyprintk init=/bin/bash
[    0.000000] PID hash table entries: 4096 (order: 2, 16384 bytes)
[    0.000000] Dentry cache hash table entries: 131072 (order: 7, 524288 bytes)
[    0.000000] Inode-cache hash table entries: 65536 (order: 6, 262144 bytes)
[    0.000000] Memory: 1995128K/2096128K available (9523K kernel code, 1145K rwdata, 4120K rodata, 2048K init, 341K bss, 35464K reserved, 65536K cma-reserved, 1244160K highmem)
[    0.000000] Virtual kernel memory layout:
[    0.000000]     vector  : 0xffff0000 - 0xffff1000   (   4 kB)
[    0.000000]     fixmap  : 0xffc00000 - 0xfff00000   (3072 kB)
[    0.000000]     vmalloc : 0xf0800000 - 0xff800000   ( 240 MB)
[    0.000000]     lowmem  : 0xc0000000 - 0xf0000000   ( 768 MB)
[    0.000000]     pkmap   : 0xbfe00000 - 0xc0000000   (   2 MB)
[    0.000000]     modules : 0xbf000000 - 0xbfe00000   (  14 MB)
[    0.000000]       .text : 0xc0208000 - 0xc1052ca4   (14636 kB)
[    0.000000]       .init : 0xc1100000 - 0xc1300000   (2048 kB)
[    0.000000]       .data : 0xc1300000 - 0xc141e700   (1146 kB)
[    0.000000]        .bss : 0xc1420000 - 0xc1475558   ( 342 kB)
[    0.000000] SLUB: HWalign=64, Order=0-3, MinObjects=0, CPUs=4, Nodes=1
[    0.000000] Hierarchical RCU implementation.
[    0.000000] 	Build-time adjustment of leaf fanout to 32.
[    0.000000] 	RCU restricting CPUs from NR_CPUS=16 to nr_cpu_ids=4.
[    0.000000] RCU: Adjusting geometry for rcu_fanout_leaf=32, nr_cpu_ids=4
[    0.000000] NR_IRQS:16 nr_irqs:16 16
[    0.000000] /interrupt-controller@60004000: 160 interrupts forwarded to /interrupt-controller@50041000
[    0.000000] Tegra clk 127: register failed with -17
[    0.000008] sched_clock: 32 bits at 1000kHz, resolution 1000ns, wraps every 2147483647500ns
[    0.000027] clocksource: timer_us: mask: 0xffffffff max_cycles: 0xffffffff, max_idle_ns: 1911260446275 ns
[    0.000042] Switching to timer-based delay loop, resolution 1000ns
[    0.003145] Architected cp15 timer(s) running at 12.00MHz (virt).
[    0.003163] clocksource: arch_sys_counter: mask: 0xffffffffffffff max_cycles: 0x2c47f4ee7, max_idle_ns: 440795202497 ns
[    0.003181] sched_clock: 56 bits at 12MHz, resolution 83ns, wraps every 4398046511096ns
[    0.003194] Switching to timer-based delay loop, resolution 83ns
[    0.003579] Console: colour dummy device 80x30
[    0.003605] Calibrating delay loop (skipped), value calculated using timer frequency.. 24.00 BogoMIPS (lpj=60000)
[    0.003620] pid_max: default: 32768 minimum: 301
[    0.003720] Mount-cache hash table entries: 2048 (order: 1, 8192 bytes)
[    0.003732] Mountpoint-cache hash table entries: 2048 (order: 1, 8192 bytes)
[    0.004362] CPU: Testing write buffer coherency: ok
[    0.004577] /cpus/cpu@0 missing clock-frequency property
[    0.004608] /cpus/cpu@1 missing clock-frequency property
[    0.004637] /cpus/cpu@2 missing clock-frequency property
[    0.004668] /cpus/cpu@3 missing clock-frequency property
[    0.004681] CPU0: thread -1, cpu 0, socket 0, mpidr 80000000
[    0.004705] Setting up static identity map for 0x80300000 - 0x80300098
[    0.006848] Tegra Revision: A01 SKU: 0 CPU Process: 1 SoC Process: 0
[    0.008164] CPU1: thread -1, cpu 1, socket 0, mpidr 80000001
[    0.008790] CPU2: thread -1, cpu 2, socket 0, mpidr 80000002
[    0.009392] CPU3: thread -1, cpu 3, socket 0, mpidr 80000003
[    0.009478] Brought up 4 CPUs
[    0.009499] SMP: Total of 4 processors activated (96.00 BogoMIPS).
[    0.009507] CPU: All CPU(s) started in SVC mode.
[    0.010972] devtmpfs: initialized
[    0.021500] VFP support v0.3: implementor 41 architecture 4 part 30 variant f rev 0
[    0.022030] clocksource: jiffies: mask: 0xffffffff max_cycles: 0xffffffff, max_idle_ns: 9556302231375000 ns
[    0.023522] pinctrl core: initialized pinctrl subsystem
[    0.025069] NET: Registered protocol family 16
[    0.027242] DMA: preallocated 256 KiB pool for atomic coherent allocations
[    0.043071] cpuidle: using governor menu
[    0.058567] No ATAGs?
[    0.058595] hw-breakpoint: found 5 (+1 reserved) breakpoint and 4 watchpoint registers.
[    0.058606] hw-breakpoint: maximum watchpoint size is 8 bytes.
[    0.063459] Serial: AMBA PL011 UART driver
[    0.064836] tegra-mc 70019000.memory-controller: no memory timings for RAM code 3 registered
[    0.092505] dvdd_ts: Failed to request enable GPIO61: -517
[    0.092522] reg-fixed-voltage regulators:regulator@1: Failed to register regulator: -517
[    0.092619] usb1_vbus: Failed to request enable GPIO108: -517
[    0.092632] reg-fixed-voltage regulators:regulator@3: Failed to register regulator: -517
[    0.092728] usb2_vbus: Failed to request enable GPIO86: -517
[    0.092741] reg-fixed-voltage regulators:regulator@4: Failed to register regulator: -517
[    0.093195] VDD_5V0_HDMI_CON: Failed to request enable GPIO81: -517
[    0.093212] reg-fixed-voltage regulators:regulator@7: Failed to register regulator: -517
[    0.096116] vgaarb: loaded
[    0.097027] SCSI subsystem initialized
[    0.097197] libata version 3.00 loaded.
[    0.097488] usbcore: registered new interface driver usbfs
[    0.097556] usbcore: registered new interface driver hub
[    0.097636] usbcore: registered new device driver usb
[    0.101295] tps65090 2-0048: No cache defaults, reading back from HW
[    0.103566] vdd-sys-5v0: supplied by vdd_ac_bat
[    0.103773] vdd_hdmi_5v0: supplied by vdd-sys-5v0
[    0.104865] vdd-sys-3v3: supplied by vdd_ac_bat
[    0.105925] vdd-ao: supplied by vdd_ac_bat
[    0.106305] vdd-lcd-bl: supplied by vdd_ac_bat
[    0.106684] TPS65090_RAILSFET2: supplied by vdd_ac_bat
[    0.107059] vdd-modem-3v3: supplied by vdd-sys-3v3
[    0.107590] avdd-lcd: supplied by vdd-sys-3v3
[    0.108138] vdd-lvds: supplied by vdd-sys-3v3
[    0.108989] vdd-sd-slot: supplied by vdd-sys-3v3
[    0.109523] vdd-com-3v3: supplied by vdd-sys-3v3
[    0.110076] vdd-sby-5v0: supplied by vdd_ac_bat
[    0.110293] vdd-sby-3v3: supplied by vdd_ac_bat
[    0.110989] genirq: Setting trigger mode 8 for irq 341 failed (irq_chip_set_type_parent+0x0/0x28)
[    0.111012] palmas 2-0058: Irq flag is 0x00000000
[    0.114220] palmas 2-0058: Muxing GPIO ff, PWM 0, LED 0
[    0.117444] vddio-ddr: supplied by vdd-ao
[    0.119068] vddio-1v8: supplied by vdd-ao
[    0.120992] vdd-core: supplied by vdd-sys-3v3
[    0.123777] avdd-pll: supplied by vdd-sys-3v3
[    0.125177] sdhci-vdd-sd-slot: Bringing 2840000uV into 2800000-2800000uV
[    0.125917] sdhci-vdd-sd-slot: ramp_delay not set
[    0.126164] sdhci-vdd-sd-slot: supplied by vdd-sys-3v3
[    0.128210] avdd-cam1: supplied by vdd-sys-3v3
[    0.129413] avdd-cam2: supplied by vdd-sys-3v3
[    0.130637] avdd-dsi-csi: supplied by vddio-1v8
[    0.131836] vpp-fuse: supplied by vdd-sys-3v3
[    0.133034] LDO5: supplied by vdd_ac_bat
[    0.133731] vdd-sensor-2v85: Bringing 2900000uV into 2850000-2850000uV
[    0.134444] vdd-sensor-2v85: supplied by vdd-sys-3v3
[    0.135648] vdd-af-cam1: supplied by vdd-sys-3v3
[    0.137257] vdd-rtc: Bringing 675000uV into 900000-900000uV
[    0.138467] vdd-rtc: supplied by vdd-ao
[    0.143657] vddio-sdmmc-2: supplied by sdhci-vdd-sd-slot
[    0.144903] hvdd-usb: supplied by vdd-sys-5v0
[    0.148508] avdd-usb: supplied by vdd-sys-5v0
[    0.152350] pps_core: LinuxPPS API ver. 1 registered
[    0.152360] pps_core: Software ver. 5.3.6 - Copyright 2005-2007 Rodolfo Giometti <giometti@linux.it>
[    0.152384] PTP clock support registered
[    0.152583] EDAC MC: Ver: 3.0.0
[    0.155022] clocksource: Switched to clocksource arch_sys_counter
[    0.165724] NET: Registered protocol family 2
[    0.166256] TCP established hash table entries: 8192 (order: 3, 32768 bytes)
[    0.166356] TCP bind hash table entries: 8192 (order: 4, 65536 bytes)
[    0.166543] TCP: Hash tables configured (established 8192 bind 8192)
[    0.166595] UDP hash table entries: 512 (order: 2, 16384 bytes)
[    0.166636] UDP-Lite hash table entries: 512 (order: 2, 16384 bytes)
[    0.166795] NET: Registered protocol family 1
[    0.167048] RPC: Registered named UNIX socket transport module.
[    0.167058] RPC: Registered udp transport module.
[    0.167066] RPC: Registered tcp transport module.
[    0.167074] RPC: Registered tcp NFSv4.1 backchannel transport module.
[    0.167086] PCI: CLS 0 bytes, default 64
[    0.169249] futex hash table entries: 1024 (order: 4, 65536 bytes)
[    0.169763] workingset: timestamp_bits=28 max_order=19 bucket_order=0
[    0.181867] squashfs: version 4.0 (2009/01/31) Phillip Lougher
[    0.182766] NFS: Registering the id_resolver key type
[    0.182799] Key type id_resolver registered
[    0.182807] Key type id_legacy registered
[    0.182854] ntfs: driver 2.1.32 [Flags: R/O].
[    0.184210] bounce: pool size: 64 pages
[    0.184427] Block layer SCSI generic (bsg) driver version 0.4 loaded (major 248)
[    0.184438] io scheduler noop registered
[    0.184447] io scheduler deadline registered
[    0.184481] io scheduler cfq registered (default)
[    0.212204] tegra-apbdma 6000a000.dma: Tegra20 APB DMA driver register 32 channels
[    0.214050] tegra-pmc 7000e400.pmc: i2c-thermtrip node not found, emergency thermal reset disabled.
[    0.280561] Serial: 8250/16550 driver, 4 ports, IRQ sharing disabled
[    0.283624] console [ttyS0] disabled
[    0.283663] 70006300.serial: ttyS0 at MMIO 0x70006300 (irq = 329, base_baud = 25500000) is a Tegra
[    1.246203] console [ttyS0] enabled
[    1.250507] SuperH (H)SCI(F) driver initialized
[    1.256016] msm_serial: driver initialized
[    1.260314] STMicroelectronics ASC driver initialized
[    1.267668] [drm] Initialized drm 1.1.0 20060810
[    1.275344] tegra-hdmi 54280000.hdmi: failed to get HDMI regulator
[    1.296854] brd: module loaded
[    1.306165] loop: module loaded
[    1.325487] m25p80 spi32766.0: w25q32dw (4096 Kbytes)
[    1.334047] libphy: Fixed MDIO Bus: probed
[    1.338843] CAN device driver interface
[    1.344543] igb: Intel(R) Gigabit Ethernet Network Driver - version 5.3.0-k
[    1.351513] igb: Copyright (c) 2007-2014 Intel Corporation.
[    1.360178] pegasus: v0.9.3 (2013/04/25), Pegasus/Pegasus II USB Ethernet driver
[    1.367635] usbcore: registered new interface driver pegasus
[    1.373365] usbcore: registered new interface driver asix
[    1.378817] usbcore: registered new interface driver ax88179_178a
[    1.384959] usbcore: registered new interface driver cdc_ether
[    1.390863] usbcore: registered new interface driver smsc75xx
[    1.396684] usbcore: registered new interface driver smsc95xx
[    1.402481] usbcore: registered new interface driver net1080
[    1.408191] usbcore: registered new interface driver cdc_subset
[    1.414160] usbcore: registered new interface driver zaurus
[    1.419812] usbcore: registered new interface driver cdc_ncm
[    1.427316] ehci_hcd: USB 2.0 'Enhanced' Host Controller (EHCI) Driver
[    1.433856] ehci-pci: EHCI PCI platform driver
[    1.438359] ehci-platform: EHCI generic platform driver
[    1.443795] ehci-omap: OMAP-EHCI Host Controller driver
[    1.449165] ehci-orion: EHCI orion driver
[    1.453320] SPEAr-ehci: EHCI SPEAr driver
[    1.457479] ehci-st: EHCI STMicroelectronics driver
[    1.462507] ehci-exynos: EHCI EXYNOS driver
[    1.466855] ehci-atmel: EHCI Atmel driver
[    1.471013] tegra-ehci: Tegra EHCI driver
[    1.475358] ohci_hcd: USB 1.1 'Open' Host Controller (OHCI) Driver
[    1.481559] ohci-pci: OHCI PCI platform driver
[    1.486059] ohci-platform: OHCI generic platform driver
[    1.491450] ohci-omap3: OHCI OMAP3 driver
[    1.495606] SPEAr-ohci: OHCI SPEAr driver
[    1.499747] ohci-st: OHCI STMicroelectronics driver
[    1.504778] ohci-atmel: OHCI Atmel driver
[    1.509512] usbcore: registered new interface driver usb-storage
[    1.517155] mousedev: PS/2 mouse device common for all mice
[    1.527691] palmas-rtc 7000d000.i2c:tps65913@58:rtc: rtc core: registered 7000d000.i2c:tps659 as rtc0
[    1.538827] tegra_rtc 7000e000.rtc: rtc core: registered 7000e000.rtc as rtc1
[    1.546023] tegra_rtc 7000e000.rtc: Tegra internal Real Time Clock
[    1.552749] i2c /dev entries driver
[    1.560440] sbs-battery 0-000b: sbs_probe: Failed to get device status
[    1.566992] sbs-battery: probe of 0-000b failed with error -121
[    1.583820] sdhci: Secure Digital Host Controller Interface driver
[    1.590020] sdhci: Copyright(c) Pierre Ossman
[    1.595895] Synopsys Designware Multimedia Card Interface Driver
[    1.602961] sdhci-pltfm: SDHCI platform and OF driver helper
[    1.609382] sdhci-tegra 78000400.sdhci: Got CD GPIO
[    1.614292] sdhci-tegra 78000400.sdhci: Got WP GPIO
[    1.620390] mmc0: Invalid maximum block size, assuming 512 bytes
[    1.660156] mmc0: SDHCI controller on 78000400.sdhci [78000400.sdhci] using ADMA
[    1.667898] mmc1: Invalid maximum block size, assuming 512 bytes
[    1.710043] mmc1: SDHCI controller on 78000600.sdhci [78000600.sdhci] using ADMA
[    1.719094] ledtrig-cpu: registered to indicate activity on CPUs
[    1.725578] usbcore: registered new interface driver usbhid
[    1.731160] usbhid: USB HID core driver
[    1.740395] NET: Registered protocol family 10
[    1.745567] sit: IPv6 over IPv4 tunneling driver
[    1.750894] NET: Registered protocol family 17
[    1.755364] can: controller area network core (rev 20120528 abi 9)
[    1.761617] NET: Registered protocol family 29
[    1.766073] can: raw protocol (rev 20120528)
[    1.770355] can: broadcast manager protocol (rev 20120528 t)
[    1.776029] can: netlink gateway (rev 20130117) max_hops=1
[    1.781910] Key type dns_resolver registered
[    1.786845] ThumbEE CPU extension supported.
[    1.791137] Registering SWP/SWPB emulation handler
[    1.798508] usb1_vbus: supplied by vdd-sys-5v0
[    1.804518] usb2_vbus: supplied by vdd-sys-5v0
[    1.817345] VDD_5V0_HDMI_CON: supplied by vdd-sys-5v0
[    1.829324] [drm] Supports vblank timestamp caching Rev 2 (21.10.2013).
[    1.836018] [drm] No driver support for vblank timestamp query.
[    1.836423] mmc0: new high speed SDHC card at address aaaa
[    1.846134] mmcblk0: mmc0:aaaa SL16G 14.8 GiB 
[    1.869073]  mmcblk0: p1 p2 p3
[    1.874792] mmc1: new high speed MMC card at address 0001
[    1.875879] mmcblk1: mmc1:0001 SEM32G 29.1 GiB 
[    1.876591] mmcblk1boot0: mmc1:0001 SEM32G partition 1 4.00 MiB
[    1.877122] mmcblk1boot1: mmc1:0001 SEM32G partition 2 4.00 MiB
[    1.877465] mmcblk1rpmb: mmc1:0001 SEM32G partition 3 4.00 MiB
[    1.881870]  mmcblk1: p1 p2 p3 p4 p5 p6 p7 p8
[    1.912393] Console: switching to colour frame buffer device 240x75
[    1.972063] drm drm: fb0:  frame buffer device
[    1.990137] [drm] Initialized tegra 0.0.0 20120330 on minor 0
[    1.998584] tegra-ehci 7d008000.usb: EHCI Host Controller
[    2.004066] tegra-ehci 7d008000.usb: new USB bus registered, assigned bus number 1
[    2.012053] tegra-ehci 7d008000.usb: irq 339, io mem 0x7d008000
[    2.025148] tegra-ehci 7d008000.usb: USB 2.0 started, EHCI 1.10
[    2.032354] hub 1-0:1.0: USB hub found
[    2.036221] hub 1-0:1.0: 1 port detected
[    2.041962] input: gpio-keys as /devices/soc0/gpio-keys/input/input0
[    2.050883] palmas-rtc 7000d000.i2c:tps65913@58:rtc: setting system clock to 2000-01-24 16:07:52 UTC (948730072)
[    2.075852] dvdd_ts: disabling
[    2.078909] usb1_vbus: disabling
[    2.082177] vdd_cam_1v8_reg: disabling
[    2.087786] EXT4-fs (mmcblk1p1): mounting ext3 file system using the ext4 subsystem
[    2.111026] EXT4-fs (mmcblk1p1): recovery complete
[    2.115877] EXT4-fs (mmcblk1p1): mounted filesystem with ordered data mode. Opts: (null)
[    2.124028] VFS: Mounted root (ext3 filesystem) on device 179:17.
[    2.134864] devtmpfs: mounted
[    2.139751] Freeing unused kernel memory: 2048K (c1100000 - c1300000)
bash: cannot set terminal process group (-1): Inappropriate ioctl for device
bash: no job control in this shell
root@(none):/# [    2.350153] usb 1-1: new high-speed USB device number 2 using tegra-ehci
mount -t sysfs none /sys
[    3.296459] asix 1-1:1.0 eth0: register 'asix' at usb-7d008000.usb-1, ASIX AX88772 USB 2.0 Ethernet, 00:50:b6:0d:b5:16
root@(none):/# 
root@(none):/# mount -t debugfs none /sys/kernel/debug
root@(none):/# 
root@(none):/# rtcwake -d rtc1 -m mem -s 3
rtcwake: assuming RTC uses UTC ...
rtcwake: wakeup from "mem" using /dev/rtc1 at Thu Jan  1 00:00:20 1970
[    5.341246] PM: Syncing filesystems ... done.
[    5.369474] Freezing user space processes ... (elapsed 0.001 seconds) done.
[    5.377862] Freezing remaining freezable tasks ... (elapsed 0.001 seconds) done.
[    5.386731] Suspending console(s) (use no_console_suspend to debug)
[    5.432367] PM: suspend of devices complete after 37.956 msecs
[    5.434814] PM: late suspend of devices complete after 2.432 msecs
[    5.436773] PM: noirq suspend of devices complete after 1.950 msecs
[    5.436777] Disabling non-boot CPUs ...
[    5.437636] CPU1: shutdown
[    5.462694] CPU2: shutdown
[    5.486977] IRQ16 no longer affine to CPU3
[    5.487372] CPU3: shutdown
[    5.501245] Entering suspend state LP1
[    5.501269] Enabling non-boot CPUs ...
[    5.526629] CPU1 is up
[    5.551867] CPU2 is up
[    5.577160] CPU3 is up
[    5.578458] PM: noirq resume of devices complete after 1.286 msecs
[    5.581178] PM: early resume of devices complete after 2.443 msecs
[    5.676818] PM: resume of devices complete after 95.623 msecs
[    5.745750] Restarting tasks ... done.
root@(none):/# 
root@(none):/# rtcwake -d rtc1 -m mem -s 3
rtcwake: assuming RTC uses UTC ...
rtcwake: wakeup from "mem" using /dev/rtc1 at Thu Jan  1 00:00:29 1970
[    6.404724] PM: Syncing filesystems ... done.
[    6.431637] Freezing user space processes ... (elapsed 0.001 seconds) done.
[    6.440062] Freezing remaining freezable tasks ... (elapsed 0.001 seconds) done.
[    6.448910] Suspending console(s) (use no_console_suspend to debug)
[    6.491709] PM: suspend of devices complete after 35.130 msecs
[    6.494183] PM: late suspend of devices complete after 2.458 msecs
[    6.496375] PM: noirq suspend of devices complete after 2.180 msecs
[    6.496380] Disabling non-boot CPUs ...
[    6.497262] CPU1: shutdown
[    6.527676] CPU2: shutdown
[    6.552360] CPU3: shutdown
[    6.566209] Entering suspend state LP1
[    6.566233] Enabling non-boot CPUs ...
[    6.591605] CPU1 is up
[    6.616843] CPU2 is up
[    6.642156] CPU3 is up
[    6.643444] PM: noirq resume of devices complete after 1.278 msecs
[    6.646284] PM: early resume of devices complete after 2.389 msecs
[    6.742140] PM: resume of devices complete after 95.838 msecs
[    6.806982] Restarting tasks ... done.
root@(none):/# 
root@(none):/# rtcwake -d rtc1 -m mem -s 3
rtcwake: assuming RTC uses UTC ...
rtcwake: wakeup from "mem" using /dev/rtc1 at Thu Jan  1 00:00:38 1970
[    7.462162] PM: Syncing filesystems ... done.
[    7.489180] Freezing user space processes ... (elapsed 0.001 seconds) done.
[    7.497576] Freezing remaining freezable tasks ... (elapsed 0.001 seconds) done.
[    7.506520] Suspending console(s) (use no_console_suspend to debug)
[    7.552329] PM: suspend of devices complete after 38.164 msecs
[    7.555160] PM: late suspend of devices complete after 2.816 msecs
[    7.557352] PM: noirq suspend of devices complete after 2.178 msecs
[    7.557357] Disabling non-boot CPUs ...
[    7.558244] CPU1: shutdown
[    7.582631] CPU2: shutdown
[    7.612238] CPU3: shutdown
[    7.626203] Entering suspend state LP1
[    7.626227] Enabling non-boot CPUs ...
[    7.651594] CPU1 is up
[    7.676830] CPU2 is up
[    7.702154] CPU3 is up
[    7.703430] PM: noirq resume of devices complete after 1.266 msecs
[    7.706607] PM: early resume of devices complete after 2.728 msecs
[    7.802104] PM: resume of devices complete after 95.480 msecs
[    7.866985] Restarting tasks ... done.
root@(none):/# 
root@(none):/# rtcwake -d rtc1 -m mem -s 3
rtcwake: assuming RTC uses UTC ...
rtcwake: wakeup from "mem" using /dev/rtc1 at Thu Jan  1 00:00:47 1970
[    8.518807] PM: Syncing filesystems ... done.
[    8.545815] Freezing user space processes ... (elapsed 0.001 seconds) done.
[    8.554180] Freezing remaining freezable tasks ... (elapsed 0.001 seconds) done.
[    8.563031] Suspending console(s) (use no_console_suspend to debug)
[    8.607171] PM: suspend of devices complete after 36.453 msecs
[    8.609893] PM: late suspend of devices complete after 2.706 msecs
[    8.611871] PM: noirq suspend of devices complete after 1.968 msecs
[    8.611876] Disabling non-boot CPUs ...
[    8.612724] CPU1: shutdown
[    8.642581] CPU2: shutdown
[    8.667307] CPU3: shutdown
[    8.681137] Entering suspend state LP1
[    8.681161] Enabling non-boot CPUs ...
[    8.706526] CPU1 is up
[    8.731769] CPU2 is up
[    8.757083] CPU3 is up
[    8.758357] PM: noirq resume of devices complete after 1.265 msecs
[    8.761278] PM: early resume of devices complete after 2.470 msecs
[    8.857010] PM: resume of devices complete after 95.714 msecs
[    8.921880] Restarting tasks ... done.
root@(none):/# 
root@(none):/# rtcwake -d rtc1 -m mem -s 3
rtcwake: assuming RTC uses UTC ...
rtcwake: wakeup from "mem" using /dev/rtc1 at Thu Jan  1 00:00:56 1970
[    9.571594] PM: Syncing filesystems ... done.
[    9.598527] Freezing user space processes ... (elapsed 0.001 seconds) done.
[    9.606957] Freezing remaining freezable tasks ... (elapsed 0.001 seconds) done.
[    9.615820] Suspending console(s) (use no_console_suspend to debug)
[    9.662183] PM: suspend of devices complete after 38.697 msecs
[    9.664452] PM: late suspend of devices complete after 2.259 msecs
[    9.666410] PM: noirq suspend of devices complete after 1.949 msecs
[    9.666413] Disabling non-boot CPUs ...
[    9.666912] IRQ16 no longer affine to CPU1
[    9.667302] CPU1: shutdown
[    9.692540] CPU2: shutdown
[    9.717265] CPU3: shutdown
[    9.731100] Entering suspend state LP1
[    9.731124] Enabling non-boot CPUs ...
[    9.756493] CPU1 is up
[    9.781733] CPU2 is up
[    9.807032] CPU3 is up
[    9.808309] PM: noirq resume of devices complete after 1.267 msecs
[    9.811352] PM: early resume of devices complete after 2.579 msecs
[    9.906954] PM: resume of devices complete after 95.584 msecs
[    9.975898] Restarting tasks ... done.
root@(none):/# 
root@(none):/# rtcwake -d rtc1 -m mem -s 3
rtcwake: assuming RTC uses UTC ...
rtcwake: wakeup from "mem" using /dev/rtc1 at Thu Jan  1 00:01:05 1970
[   10.620123] PM: Syncing filesystems ... done.
[   10.647297] Freezing user space processes ... (elapsed 0.001 seconds) done.
[   10.655718] Freezing remaining freezable tasks ... (elapsed 0.001 seconds) done.
[   10.664552] Suspending console(s) (use no_console_suspend to debug)
[   10.707269] PM: suspend of devices complete after 35.033 msecs
[   10.710181] PM: late suspend of devices complete after 2.894 msecs
[   10.712337] PM: noirq suspend of devices complete after 2.143 msecs
[   10.712342] Disabling non-boot CPUs ...
[   10.713236] CPU1: shutdown
[   10.737535] CPU2: shutdown
[   10.762127] CPU3: shutdown
[   10.776081] Entering suspend state LP1
[   10.776105] Enabling non-boot CPUs ...
[   10.801455] CPU1 is up
[   10.826691] CPU2 is up
[   10.852000] CPU3 is up
[   10.853270] PM: noirq resume of devices complete after 1.260 msecs
[   10.856033] PM: early resume of devices complete after 2.312 msecs
[   10.951908] PM: resume of devices complete after 95.858 msecs
[   11.016781] Restarting tasks ... done.
root@(none):/# 
root@(none):/# rtcwake -d rtc1 -m mem -s 3
rtcwake: assuming RTC uses UTC ...
rtcwake: wakeup from "mem" using /dev/rtc1 at Thu Jan  1 00:01:14 1970
[   11.663458] PM: Syncing filesystems ... done.
[   11.690673] Freezing user space processes ... (elapsed 0.001 seconds) done.
[   11.699067] Freezing remaining freezable tasks ... (elapsed 0.001 seconds) done.
[   11.707923] Suspending console(s) (use no_console_suspend to debug)
[   11.752305] PM: suspend of devices complete after 36.693 msecs
[   11.755045] PM: late suspend of devices complete after 2.725 msecs
[   11.757219] PM: noirq suspend of devices complete after 2.161 msecs
[   11.757224] Disabling non-boot CPUs ...
[   11.758149] CPU1: shutdown
[   11.782478] CPU2: shutdown
[   11.807138] CPU3: shutdown
[   11.821022] Entering suspend state LP1
[   11.821046] Enabling non-boot CPUs ...
[   11.846415] CPU1 is up
[   11.871664] CPU2 is up
[   11.896968] CPU3 is up
[   11.898254] PM: noirq resume of devices complete after 1.276 msecs
[   11.901185] PM: early resume of devices complete after 2.491 msecs
[   11.996836] PM: resume of devices complete after 95.633 msecs
[   12.061790] Restarting tasks ... done.
root@(none):/# 
root@(none):/# rtcwake -d rtc1 -m mem -s 3
rtcwake: assuming RTC uses UTC ...
rtcwake: wakeup from "mem" using /dev/rtc1 at Thu Jan  1 00:01:23 1970
[   12.708021] PM: Syncing filesystems ... done.
[   12.734987] Freezing user space processes ... (elapsed 0.001 seconds) done.
[   12.743342] Freezing remaining freezable tasks ... (elapsed 0.001 seconds) done.
[   12.752225] Suspending console(s) (use no_console_suspend to debug)
[   12.797009] PM: suspend of devices complete after 37.102 msecs
[   12.799265] PM: late suspend of devices complete after 2.247 msecs
[   12.801213] PM: noirq suspend of devices complete after 1.939 msecs
[   12.801217] Disabling non-boot CPUs ...
[   12.802110] CPU1: shutdown
[   12.827418] CPU2: shutdown
[   12.852101] CPU3: shutdown
[   12.865980] Entering suspend state LP1
[   12.866004] Enabling non-boot CPUs ...
[   12.891378] CPU1 is up
[   12.916614] CPU2 is up
[   12.941929] CPU3 is up
[   12.943207] PM: noirq resume of devices complete after 1.267 msecs
[   12.945901] PM: early resume of devices complete after 2.247 msecs
[   13.041668] PM: resume of devices complete after 95.749 msecs
[   13.106568] Restarting tasks ... done.
root@(none):/# 
root@(none):/# rtcwake -d rtc1 -m mem -s 3
rtcwake: assuming RTC uses UTC ...
rtcwake: wakeup from "mem" using /dev/rtc1 at Thu Jan  1 00:01:32 1970
[   13.755311] PM: Syncing filesystems ... done.
[   13.782465] Freezing user space processes ... (elapsed 0.001 seconds) done.
[   13.790891] Freezing remaining freezable tasks ... (elapsed 0.001 seconds) done.
[   13.799764] Suspending console(s) (use no_console_suspend to debug)
[   13.842128] PM: suspend of devices complete after 34.689 msecs
[   13.844989] PM: late suspend of devices complete after 2.844 msecs
[   13.847148] PM: noirq suspend of devices complete after 2.145 msecs
[   13.847152] Disabling non-boot CPUs ...
[   13.847655] IRQ16 no longer affine to CPU1
[   13.848067] CPU1: shutdown
[   13.872451] CPU2: shutdown
[   13.897007] CPU3: shutdown
[   13.910971] Entering suspend state LP1
[   13.910995] Enabling non-boot CPUs ...
[   13.936346] CPU1 is up
[   13.961561] CPU2 is up
[   13.986887] CPU3 is up
[   13.988140] PM: noirq resume of devices complete after 1.242 msecs
[   13.990840] PM: early resume of devices complete after 2.421 msecs
[   14.086554] PM: resume of devices complete after 95.696 msecs
[   14.155526] Restarting tasks ... done.
root@(none):/# 
root@(none):/# rtcwake -d rtc1 -m mem -s 3
rtcwake: assuming RTC uses UTC ...
rtcwake: wakeup from "mem" using /dev/rtc1 at Thu Jan  1 00:01:41 1970
[   14.800393] PM: Syncing filesystems ... done.
[   14.827311] Freezing user space processes ... (elapsed 0.001 seconds) done.
[   14.835732] Freezing remaining freezable tasks ... (elapsed 0.001 seconds) done.
[   14.844569] Suspending console(s) (use no_console_suspend to debug)
[   14.886461] PM: suspend of devices complete after 34.209 msecs
[   14.888904] PM: late suspend of devices complete after 2.427 msecs
[   14.891111] PM: noirq suspend of devices complete after 2.195 msecs
[   14.891115] Disabling non-boot CPUs ...
[   14.891988] CPU1: shutdown
[   14.922350] CPU2: shutdown
[   14.946692] IRQ16 no longer affine to CPU3
[   14.947106] CPU3: shutdown
[   14.960914] Entering suspend state LP1
[   14.960937] Enabling non-boot CPUs ...
[   14.986305] CPU1 is up
[   15.011554] CPU2 is up
[   15.036861] CPU3 is up
[   15.038147] PM: noirq resume of devices complete after 1.276 msecs
[   15.041075] PM: early resume of devices complete after 2.488 msecs
[   15.136775] PM: resume of devices complete after 95.682 msecs
[   15.205707] Restarting tasks ... done.
root@(none):/# 
root@(none):/# NVTB SYSTEM SUSPEND TEST COMPLETE
