
U-Boot SPL 2014.01-00219-gc4d376f (Feb 18 2014 - 19:57:32)


U-Boot 2014.01-00219-gc4d376f (Feb 18 2014 - 19:57:32)

TEGRA114
Board: NVIDIA Dalmore
I2C:   ready
DRAM:  2 GiB
MMC:   Tegra SD/MMC: 0, Tegra SD/MMC: 1
In:    serial
Out:   serial
Err:   serial
Net:   Net Initialization Skipped
No ethernet found.
Hit any key to stop autoboot:  2  0 
Tegra114 (Dalmore) # 
Tegra114 (Dalmore) # usb reset
(Re)start USB...
USB0:   USB EHCI 1.10
scanning bus 0 for devices... 2 USB Device(s) found
       scanning usb for storage devices... 0 Storage Device(s) found
       scanning usb for ethernet devices... 
Warning: asx0 using MAC address from net device
1 Ethernet Device(s) found
Tegra114 (Dalmore) # setenv bootargs 'ignore_loglevel console=ttyS0,115200n8 rw root=/dev/mmcblk0p1 rootwait gpt debug init=/bin/bash'
Tegra114 (Dalmore) # setenv ipaddr 192.168.100.100; setenv serverip 192.168.100.1; setenv tftpserverip 192.168.100.1
Tegra114 (Dalmore) # tftpboot 0x81000000 zImage.multi_v7_defconfig
Using asx0 device
TFTP from server 192.168.100.1; our IP address is 192.168.100.100
Filename 'zImage.multi_v7_defconfig'.
Load address: 0x81000000
Loading: *#################################################################
	 #################################################################
	 #################################################################
	 #################################################################
	 ############################################################
	 3.5 MiB/s
done
Bytes transferred = 4696656 (47aa50 hex)
Tegra114 (Dalmore) # tftpboot 0x82000000 tegra114-dalmore.dtb
Using asx0 device
TFTP from server 192.168.100.1; our IP address is 192.168.100.100
Filename 'tegra114-dalmore.dtb'.
Load address: 0x82000000
Loading: *###
	 3.3 MiB/s
done
Bytes transferred = 34244 (85c4 hex)
Tegra114 (Dalmore) # bootz 0x81000000 - 0x82000000
Kernel image @ 0x81000000 [ 0x000000 - 0x47aa50 ]
## Flattened Device Tree blob at 82000000
   Booting using the fdt blob at 0x82000000
   Loading Device Tree to 8fff4000, end 8ffff5c3 ... OK

Starting kernel ...

[    0.000000] Booting Linux on physical CPU 0x0
[    0.000000] Linux version 3.15.0-rc5-next-20140516-21427-g4151fa6 (pwalmsley@kaivo) (gcc version 4.7.3 20130328 (prerelease) (crosstool-NG linaro-1.13.1-4.7-2013.04-20130415 - Linaro GCC 2013.04) ) #1 SMP Tue Jun 3 13:32:51 PDT 2014
[    0.000000] CPU: ARMv7 Processor [412fc0f2] revision 2 (ARMv7), cr=10c5387d
[    0.000000] CPU: PIPT / VIPT nonaliasing data cache, PIPT instruction cache
[    0.000000] Machine model: NVIDIA Tegra114 Dalmore evaluation board
[    0.000000] debug: ignoring loglevel setting.
[    0.000000] cma: CMA: reserved 64 MiB at ab800000
[    0.000000] Memory policy: Data cache writealloc
[    0.000000] On node 0 totalpages: 524032
[    0.000000] free_area_init_node: node 0, pgdat c0b9ff00, node_mem_map ea7d8000
[    0.000000]   DMA zone: 1520 pages used for memmap
[    0.000000]   DMA zone: 0 pages reserved
[    0.000000]   DMA zone: 194560 pages, LIFO batch:31
[    0.000000]   HighMem zone: 2574 pages used for memmap
[    0.000000]   HighMem zone: 329472 pages, LIFO batch:31
[    0.000000] Tegra Revision: A01 SKU: 0 CPU Process: 1 Core Process: 1
[    0.000000] PERCPU: Embedded 7 pages/cpu @ea793000 s7744 r8192 d12736 u32768
[    0.000000] pcpu-alloc: s7744 r8192 d12736 u32768 alloc=8*4096
[    0.000000] pcpu-alloc: [0] 0 [0] 1 [0] 2 [0] 3 
[    0.000000] Built 1 zonelists in Zone order, mobility grouping on.  Total pages: 522512
[    0.000000] Kernel command line: ignore_loglevel console=ttyS0,115200n8 rw root=/dev/mmcblk0p1 rootwait gpt debug init=/bin/bash
[    0.000000] PID hash table entries: 4096 (order: 2, 16384 bytes)
[    0.000000] Dentry cache hash table entries: 131072 (order: 7, 524288 bytes)
[    0.000000] Inode-cache hash table entries: 65536 (order: 6, 262144 bytes)
[    0.000000] Memory: 2002836K/2096128K available (6084K kernel code, 774K rwdata, 2408K rodata, 559K init, 289K bss, 93292K reserved, 1317888K highmem)
[    0.000000] Virtual kernel memory layout:
[    0.000000]     vector  : 0xffff0000 - 0xffff1000   (   4 kB)
[    0.000000]     fixmap  : 0xffc00000 - 0xffe00000   (2048 kB)
[    0.000000]     vmalloc : 0xf0000000 - 0xff000000   ( 240 MB)
[    0.000000]     lowmem  : 0xc0000000 - 0xef800000   ( 760 MB)
[    0.000000]     pkmap   : 0xbfe00000 - 0xc0000000   (   2 MB)
[    0.000000]     modules : 0xbf000000 - 0xbfe00000   (  14 MB)
[    0.000000]       .text : 0xc0208000 - 0xc0a532d0   (8493 kB)
[    0.000000]       .init : 0xc0a54000 - 0xc0adfe40   ( 560 kB)
[    0.000000]       .data : 0xc0ae0000 - 0xc0ba1ba0   ( 775 kB)
[    0.000000]        .bss : 0xc0ba1ba8 - 0xc0bea310   ( 290 kB)
[    0.000000] SLUB: HWalign=64, Order=0-3, MinObjects=0, CPUs=4, Nodes=1
[    0.000000] Hierarchical RCU implementation.
[    0.000000] NR_IRQS:16 nr_irqs:16 16
[    0.000010] sched_clock: 32 bits at 1000kHz, resolution 1000ns, wraps every 2147483648000ns
[    0.001764] Architected cp15 timer(s) running at 12.00MHz (virt).
[    0.001788] sched_clock: 56 bits at 12MHz, resolution 83ns, wraps every 2863311536128ns
[    0.001797] Switching to timer-based delay loop
[    0.002012] Console: colour dummy device 80x30
[    0.002035] Calibrating delay loop (skipped), value calculated using timer frequency.. 24.00 BogoMIPS (lpj=120000)
[    0.002050] pid_max: default: 32768 minimum: 301
[    0.002179] Mount-cache hash table entries: 2048 (order: 1, 8192 bytes)
[    0.002191] Mountpoint-cache hash table entries: 2048 (order: 1, 8192 bytes)
[    0.002731] CPU: Testing write buffer coherency: ok
[    0.002920] /cpus/cpu@0 missing clock-frequency property
[    0.002943] /cpus/cpu@1 missing clock-frequency property
[    0.002968] /cpus/cpu@2 missing clock-frequency property
[    0.002993] /cpus/cpu@3 missing clock-frequency property
[    0.003005] CPU0: thread -1, cpu 0, socket 0, mpidr 80000000
[    0.003050] Setting up static identity map for 0x807bfa90 - 0x807bfb28
[    0.005357] CPU1: Booted secondary processor
[    0.005382] CPU1: thread -1, cpu 1, socket 0, mpidr 80000001
[    0.005948] CPU2: Booted secondary processor
[    0.005972] CPU2: thread -1, cpu 2, socket 0, mpidr 80000002
[    0.006517] CPU3: Booted secondary processor
[    0.006541] CPU3: thread -1, cpu 3, socket 0, mpidr 80000003
[    0.006702] Brought up 4 CPUs
[    0.006730] SMP: Total of 4 processors activated.
[    0.006738] CPU: All CPU(s) started in SVC mode.
[    0.007280] devtmpfs: initialized
[    0.013058] VFP support v0.3: implementor 41 architecture 4 part 30 variant f rev 0
[    0.013511] pinctrl core: initialized pinctrl subsystem
[    0.013954] regulator-dummy: no parameters
[    0.025493] NET: Registered protocol family 16
[    0.027581] DMA: preallocated 256 KiB pool for atomic coherent allocations
[    0.028942] cpuidle: using governor ladder
[    0.028959] cpuidle: using governor menu
[    0.040271] No ATAGs?
[    0.042287] Serial: AMBA PL011 UART driver
[    0.084682] edma-dma-engine edma-dma-engine.0: Can't allocate PaRAM dummy slot
[    0.084706] edma-dma-engine: probe of edma-dma-engine.0 failed with error -5
[    0.085262] vdd_ac_bat: 5000 mV 
[    0.085504] dvdd_ts: Failed to request enable GPIO61: -517
[    0.085611] reg-fixed-voltage regulator.7: Failed to register regulator: -517
[    0.085635] platform regulator.7: Driver reg-fixed-voltage requests probe deferral
[    0.085811] usb1_vbus: Failed to request enable GPIO108: -517
[    0.085903] reg-fixed-voltage regulator.8: Failed to register regulator: -517
[    0.085924] platform regulator.8: Driver reg-fixed-voltage requests probe deferral
[    0.086095] usb2_vbus: Failed to request enable GPIO86: -517
[    0.086185] reg-fixed-voltage regulator.9: Failed to register regulator: -517
[    0.086206] platform regulator.9: Driver reg-fixed-voltage requests probe deferral
[    0.086369] vdd_hdmi_5v0: 5000 mV 
[    0.086411] reg-fixed-voltage regulator.10: Failed to find supply vin
[    0.086510] reg-fixed-voltage regulator.10: Failed to register regulator: -517
[    0.086531] platform regulator.10: Driver reg-fixed-voltage requests probe deferral
[    0.086600] platform regulator.11: Driver reg-fixed-voltage requests probe deferral
[    0.086767] VDD_5V0_HDMI_CON: Failed to request enable GPIO81: -517
[    0.086856] reg-fixed-voltage regulator.12: Failed to register regulator: -517
[    0.086876] platform regulator.12: Driver reg-fixed-voltage requests probe deferral
[    0.088827] vgaarb: loaded
[    0.089432] SCSI subsystem initialized
[    0.089606] libata version 3.00 loaded.
[    0.089952] usbcore: registered new interface driver usbfs
[    0.090021] usbcore: registered new interface driver hub
[    0.090119] usbcore: registered new device driver usb
[    0.093261] vdd-cpu: 500 <--> 1520 mV at 1100 mV 
[    0.093647] tps65090 2-0048: No cache defaults, reading back from HW
[    0.095685] vdd-sys-5v0: no parameters
[    0.095743] vdd-sys-5v0: supplied by vdd_ac_bat
[    0.096778] vdd-sys-3v3: no parameters
[    0.096821] vdd-sys-3v3: supplied by vdd_ac_bat
[    0.097850] vdd-ao: no parameters
[    0.097894] vdd-ao: supplied by vdd_ac_bat
[    0.098243] vdd-lcd-bl: no parameters
[    0.098290] vdd-lcd-bl: supplied by vdd_ac_bat
[    0.098625] TPS65090_RAILSFET2: no parameters
[    0.098668] TPS65090_RAILSFET2: supplied by vdd_ac_bat
[    0.099009] vdd-modem-3v3: no parameters
[    0.099049] vdd-modem-3v3: supplied by vdd-sys-3v3
[    0.099563] avdd-lcd: no parameters
[    0.099608] avdd-lcd: supplied by vdd-sys-3v3
[    0.100102] vdd-lvds: no parameters
[    0.100141] vdd-lvds: supplied by vdd-sys-3v3
[    0.100944] vdd-sd-slot: no parameters
[    0.100985] vdd-sd-slot: supplied by vdd-sys-3v3
[    0.101498] vdd-com-3v3: no parameters
[    0.101538] vdd-com-3v3: supplied by vdd-sys-3v3
[    0.102052] vdd-sby-5v0: no parameters
[    0.102090] vdd-sby-5v0: supplied by vdd_ac_bat
[    0.102263] vdd-sby-3v3: no parameters
[    0.102300] vdd-sby-3v3: supplied by vdd_ac_bat
[    0.102679] genirq: Setting trigger mode 8 for irq 118 failed (gic_set_type+0x0/0xfc)
[    0.103003] palmas 2-0058: Irq flag is 0x00000000
[    0.105550] palmas 2-0058: Muxing GPIO ff, PWM 0, LED 0
[    0.108798] vddio-ddr: 1350 mV 
[    0.109019] vddio-ddr: supplied by vdd-ao
[    0.110694] vddio-1v8: 1800 mV 
[    0.110911] vddio-1v8: supplied by vdd-ao
[    0.112567] vdd-core: 900 <--> 1400 mV at 1100 mV 
[    0.112784] vdd-core: supplied by vdd-sys-3v3
[    0.113900] SMPS6: no parameters
[    0.115586] avdd-pll: 1050 mV 
[    0.115805] avdd-pll: supplied by vdd-sys-3v3
[    0.117728] sdhci-vdd-sd-slot: 2800 mV 
[    0.117947] sdhci-vdd-sd-slot: supplied by vdd-sys-3v3
[    0.118611] SMPS10_OUT2: at 5000 mV 
[    0.119119] SMPS10_OUT1: at 5000 mV 
[    0.119800] avdd-cam1: 2800 mV 
[    0.120019] avdd-cam1: supplied by vdd-sys-3v3
[    0.121099] avdd-cam2: 2800 mV 
[    0.121313] avdd-cam2: supplied by vdd-sys-3v3
[    0.122405] avdd-dsi-csi: 1200 mV 
[    0.122618] avdd-dsi-csi: supplied by vddio-1v8
[    0.123710] vpp-fuse: 1800 mV 
[    0.123922] vpp-fuse: supplied by vdd-sys-3v3
[    0.124842] LDO5: no parameters
[    0.125057] LDO5: supplied by vdd_ac_bat
[    0.125816] vdd-sensor-2v85: 2850 mV 
[    0.126034] vdd-sensor-2v85: supplied by vdd-sys-3v3
[    0.127130] vdd-af-cam1: 2800 mV 
[    0.127340] vdd-af-cam1: supplied by vdd-sys-3v3
[    0.131720] vdd-rtc: 900 mV 
[    0.131932] vdd-rtc: supplied by vdd-ao
[    0.141888] vddio-sdmmc-2: 1800 <--> 3300 mV at 3300 mV 
[    0.142101] vddio-sdmmc-2: supplied by sdhci-vdd-sd-slot
[    0.143187] hvdd-usb: 3300 mV 
[    0.143399] hvdd-usb: supplied by vdd-sys-5v0
[    0.151742] avdd-usb: 3300 mV 
[    0.151956] avdd-usb: supplied by vdd-sys-5v0
[    0.152885] rail-3v3: no parameters
[    0.153483] rail-5v0: no parameters
[    0.153905] REGEN3: no parameters
[    0.154069] SYSEN1: no parameters
[    0.154222] SYSEN2: no parameters
[    0.154973] Linux video capture interface: v2.00
[    0.155027] pps_core: LinuxPPS API ver. 1 registered
[    0.155036] pps_core: Software ver. 5.3.6 - Copyright 2005-2007 Rodolfo Giometti <giometti@linux.it>
[    0.155067] PTP clock support registered
[    0.155161] EDAC MC: Ver: 3.0.0
[    0.155869] platform 70019010.iommu: Driver tegra-smmu requests probe deferral
[    0.156098] Advanced Linux Sound Architecture Driver Initialized.
[    0.157176] Switched to clocksource arch_sys_counter
[    0.167891] NET: Registered protocol family 2
[    0.168319] TCP established hash table entries: 8192 (order: 3, 32768 bytes)
[    0.168409] TCP bind hash table entries: 8192 (order: 4, 65536 bytes)
[    0.168596] TCP: Hash tables configured (established 8192 bind 8192)
[    0.168642] TCP: reno registered
[    0.168657] UDP hash table entries: 512 (order: 2, 16384 bytes)
[    0.168698] UDP-Lite hash table entries: 512 (order: 2, 16384 bytes)
[    0.168869] NET: Registered protocol family 1
[    0.169112] RPC: Registered named UNIX socket transport module.
[    0.169123] RPC: Registered udp transport module.
[    0.169130] RPC: Registered tcp transport module.
[    0.169138] RPC: Registered tcp NFSv4.1 backchannel transport module.
[    0.169157] PCI: CLS 0 bytes, default 64
[    0.171053] futex hash table entries: 1024 (order: 4, 65536 bytes)
[    0.171538] bounce: pool size: 64 pages
[    0.183458] squashfs: version 4.0 (2009/01/31) Phillip Lougher
[    0.184253] NFS: Registering the id_resolver key type
[    0.184295] Key type id_resolver registered
[    0.184304] Key type id_legacy registered
[    0.184364] msgmni has been set to 1465
[    0.185016] Block layer SCSI generic (bsg) driver version 0.4 loaded (major 249)
[    0.185037] io scheduler noop registered
[    0.185055] io scheduler deadline registered
[    0.185281] io scheduler cfq registered (default)
[    0.201828] tegra-apbdma 6000a000.dma: Tegra20 APB DMA driver register 32 channels
[    0.269655] Serial: 8250/16550 driver, 4 ports, IRQ sharing disabled
[    0.271376] Serial: IMX driver
[    0.271752] msm_serial: driver initialized
[    0.272633] console [ttyS0] disabled
[    0.272660] 70006300.serial: ttyS0 at MMIO 0x70006300 (irq = 122, base_baud = 25500000) is a Tegra
[    1.343580] console [ttyS0] enabled
[    1.347805] STMicroelectronics ASC driver initialized
[    1.353662] serial: Freescale lpuart driver
[    1.358065] [drm] Initialized drm 1.1.0 20060810
[    1.364570] platform 54300000.dsi: Driver tegra-dsi requests probe deferral
[    1.371929] tegra-hdmi 54280000.hdmi: failed to get HDMI regulator
[    1.378136] platform 54280000.hdmi: Driver tegra-hdmi requests probe deferral
[    1.391434] loop: module loaded
[    1.400713] pegasus: v0.9.3 (2013/04/25), Pegasus/Pegasus II USB Ethernet driver
[    1.408172] usbcore: registered new interface driver pegasus
[    1.413900] usbcore: registered new interface driver asix
[    1.419359] usbcore: registered new interface driver ax88179_178a
[    1.425495] usbcore: registered new interface driver cdc_ether
[    1.431407] usbcore: registered new interface driver smsc75xx
[    1.437236] usbcore: registered new interface driver smsc95xx
[    1.443023] usbcore: registered new interface driver net1080
[    1.448740] usbcore: registered new interface driver cdc_subset
[    1.454710] usbcore: registered new interface driver zaurus
[    1.460385] usbcore: registered new interface driver cdc_ncm
[    1.466059] ehci_hcd: USB 2.0 'Enhanced' Host Controller (EHCI) Driver
[    1.472591] ehci-pci: EHCI PCI platform driver
[    1.477082] ehci-platform: EHCI generic platform driver
[    1.482482] ehci-omap: OMAP-EHCI Host Controller driver
[    1.487837] ehci-orion: EHCI orion driver
[    1.491965] SPEAr-ehci: EHCI SPEAr driver
[    1.496093] tegra-ehci: Tegra EHCI driver
[    1.500316] platform 7d008000.usb: Driver tegra-ehci requests probe deferral
[    1.507902] usbcore: registered new interface driver usb-storage
[    1.514451] platform 7d008000.usb-phy: Driver tegra-phy requests probe deferral
[    1.523135] mousedev: PS/2 mouse device common for all mice
[    1.532650] palmas-rtc rtc.16: rtc core: registered rtc.16 as rtc0
[    1.540288] tegra_rtc 7000e000.rtc: rtc core: registered 7000e000.rtc as rtc1
[    1.547453] tegra_rtc 7000e000.rtc: Tegra internal Real Time Clock
[    1.554141] i2c /dev entries driver
[    1.558907] usbcore: registered new interface driver uvcvideo
[    1.564643] USB Video Class driver (1.1.1)
[    1.568759] gspca_main: v2.14.0 registered
[    1.573547] sbs-battery 0-000b: sbs_probe: Failed to get device status
[    1.580088] sbs-battery: probe of 0-000b failed with error -121
[    1.586390] tps65090-charger tps65090-charger: Unable to get charger irq = -22
[    1.593781] tps65090-charger: probe of tps65090-charger failed with error -22
[    1.606138] sdhci: Secure Digital Host Controller Interface driver
[    1.612325] sdhci: Copyright(c) Pierre Ossman
[    1.617566] sdhci-pltfm: SDHCI platform and OF driver helper
[    1.623833] sdhci-tegra 78000400.sdhci: Got CD GPIO #170.
[    1.629257] sdhci-tegra 78000400.sdhci: Got WP GPIO #132.
[    1.635689] mmc0: no vqmmc regulator found
[    1.639800] mmc0: no vmmc regulator found
[    1.643801] mmc0: Invalid maximum block size, assuming 512 bytes
[    1.687195] mmc0: SDHCI controller on 78000400.sdhci [78000400.sdhci] using ADMA
[    1.694726] mmc1: no vqmmc regulator found
[    1.698841] mmc1: no vmmc regulator found
[    1.702842] mmc1: Invalid maximum block size, assuming 512 bytes
[    1.747192] mmc1: SDHCI controller on 78000600.sdhci [78000600.sdhci] using ADMA
[    1.757078] usbcore: registered new interface driver usbhid
[    1.764679] usbhid: USB HID core driver
[    1.882622] mmc1: BKOPS_EN bit is not set
[    1.913142] mmc1: new HS200 MMC card at address 0001
[    1.918481] mmcblk0: mmc1:0001 SEM32G 29.1 GiB 
[    1.923115] mmcblk0boot0: mmc1:0001 SEM32G partition 1 4.00 MiB
[    1.929143] mmcblk0boot1: mmc1:0001 SEM32G partition 2 4.00 MiB
[    1.935147] mmcblk0rpmb: mmc1:0001 SEM32G partition 3 4.00 MiB
[    1.944009]  mmcblk0: p1 p2 p3 p4 p5 p6 p7 p8
[    1.951982]  mmcblk0boot1: unknown partition table
[    1.958405]  mmcblk0boot0: unknown partition table
[    2.189402] tegra30-i2s 70080400.i2s: DMA channels sourced from device 70080000.ahub
[    2.205974] tegra-snd-rt5640 sound.13: rt5640-aif1 <-> 70080400.i2s mapping ok
[    2.216936] input: NVIDIA Tegra Dalmore Headphones as /devices/soc0/sound.13/sound/card0/input0
[    2.226927] TCP: cubic registered
[    2.230265] NET: Registered protocol family 17
[    2.234891] Key type dns_resolver registered
[    2.239774] ThumbEE CPU extension supported.
[    2.244056] Registering SWP/SWPB emulation handler
[    2.258145] dvdd_ts: 1800 mV 
[    2.261546] usb1_vbus: 5000 mV 
[    2.264734] usb1_vbus: supplied by vdd-sys-5v0
[    2.270337] usb2_vbus: 5000 mV 
[    2.273532] usb2_vbus: supplied by vdd-sys-5v0
[    2.278994] vdd_hdmi_5v0: 5000 mV 
[    2.282449] vdd_hdmi_5v0: supplied by vdd-sys-5v0
[    2.289820] vdd_cam_1v8_reg: 1800 mV 
[    2.293945] VDD_5V0_HDMI_CON: 5000 mV 
[    2.297778] VDD_5V0_HDMI_CON: supplied by vdd-sys-5v0
[    2.307600] [drm] Supports vblank timestamp caching Rev 2 (21.10.2013).
[    2.314208] [drm] No driver support for vblank timestamp query.
[    2.368378] Console: switching to colour frame buffer device 240x75
[    2.395774] host1x drm: fb0:  frame buffer device
[    2.400526] host1x drm: registered panic notifier
[    2.427301] [drm] Initialized tegra 0.0.0 20120330 on minor 0
[    2.433688] platform 7d008000.usb: Driver tegra-ehci requests probe deferral
[    2.442027] tegra-ehci 7d008000.usb: EHCI Host Controller
[    2.447463] tegra-ehci 7d008000.usb: new USB bus registered, assigned bus number 1
[    2.455976] tegra-ehci 7d008000.usb: irq 129, io mem 0x7d008000
[    2.477251] tegra-ehci 7d008000.usb: USB 2.0 started, EHCI 1.10
[    2.484217] hub 1-0:1.0: USB hub found
[    2.488060] hub 1-0:1.0: 1 port detected
[    2.493461] input: gpio-keys.4 as /devices/soc0/gpio-keys.4/input/input1
[    2.502298] palmas-rtc rtc.16: setting system clock to 2000-01-01 21:55:23 UTC (946763723)
[    2.520529] ALSA device list:
[    2.523499]   #0: NVIDIA Tegra Dalmore
[    2.529671] EXT4-fs (mmcblk0p1): mounting ext3 file system using the ext4 subsystem
[    2.554890] EXT4-fs (mmcblk0p1): recovery complete
[    2.559735] EXT4-fs (mmcblk0p1): mounted filesystem with ordered data mode. Opts: (null)
[    2.567881] VFS: Mounted root (ext3 filesystem) on device 179:1.
[    2.581597] devtmpfs: mounted
[    2.585013] Freeing unused kernel memory: 556K (c0a54000 - c0adf000)
bash: cannot set terminal process group (-1): Inappropriate ioctl for device
bash: no job control in this shell
[    2.807252] usb 1-1: new high-speed USB device number 2 using tegra-ehci
root@(none):/# 