

U-Boot 2015.04-00466-gedec83e90172 (Mar 14 2016 - 10:42:01)

TEGRA124
Model: Acer Chromebook 13 CB5-311
DRAM:  4 GiB
C:   Tegra SD/MMC: 0, Tegra SD/MMC: 1, Tegra SD/MMC: 2
MMC init failed
Using default environment

In:    serial
Out:   serial
Err:   serial
Net:   Net Initialization Skipped
No ethernet found.
Hit any key to stop autoboot:  2  1  0 
Tegra124 (Nyan-big) # 
Tegra124 (Nyan-big) # usb start
starting USB...
USB0:   USB EHCI 1.10
scanning bus 0 for devices... 2 USB Device(s) found
USB1:   USB EHCI 1.10
scanning bus 1 for devices... 2 USB Device(s) found
       scanning usb for storage devices... 1 Storage Device(s) found
       scanning usb for ethernet devices... 
Warning: asx0 using MAC address from net device
1 Ethernet Device(s) found
Tegra124 (Nyan-big) # setenv bootargs 'ignore_loglevel console=ttyS0,115200n8 rw root=PARTUUID=4d36e82a-b3c0-4b4b-bfcd-afe5217ac023 rootwait gpt debug noinitrd earlyprintk init=/bin/bash'
Tegra124 (Nyan-big) # setenv ipaddr 192.168.100.102; setenv serverip 192.168.100.1; setenv tftpserverip 192.168.100.1
Tegra124 (Nyan-big) # tftpboot 0x82000000 zImage.tegra_defconfig
Using asx0 device
TFTP from server 192.168.100.1; our IP address is 192.168.100.102
Filename 'zImage.tegra_defconfig'.
Load address: 0x82000000
Loading: *#################################################################
	 #################################################################
	 #################################################################
	 ############################################################T EHCI timed out on TD - token=0x8008d80
T #####
	 #################################################################
	 ###############################################
	 343.8 KiB/s
done
Bytes transferred = 5455784 (533fa8 hex)
Tegra124 (Nyan-big) # tftpboot 0x83000000 tegra124-nyan-big.dtb
Using asx0 device
TFTP from server 192.168.100.1; our IP address is 192.168.100.102
Filename 'tegra124-nyan-big.dtb'.
Load address: 0x83000000
Loading: *#####
	 2.7 MiB/s
done
Bytes transferred = 67899 (1093b hex)
Tegra124 (Nyan-big) # bootz 0x82000000 - 0x83000000
Kernel image @ 0x82000000 [ 0x000000 - 0x533fa8 ]
## Flattened Device Tree blob at 83000000
   Booting using the fdt blob at 0x83000000
   Using Device Tree in place at 83000000, end 8301393a

Starting kernel ...

[    0.472695] console [ttyS0] enabled
[    0.476171] bootconsole [earlycon0] disabled
[    0.481451] [drm] Initialized
[    0.484825] tegra-hdmi 54280000.hdmi: failed to get HDMI regulator
[    0.491408] tegra-dpaux 545c0000.dpaux: failed to get VDD supply: -517
[    0.498734] panel supply power not found, using dummy regulator
[    0.510223] loop: module loaded
[    0.514019] as3722 4-0040: AS3722 with revision 0x1 found
[    0.525255] as3722-sd2: supplied by +5V_SYS
[    0.529783] as3722-sd3: supplied by +5V_SYS
[    0.534118] +1.35V_LP0(sd3): Bringing 0uV into 1350000-1350000uV
[    0.540229] +1.35V_LP0(sd3): ramp_delay not set
[    0.544911] as3722-sd4: supplied by +5V_SYS
[    0.549254] +1.05V_RUN: Bringing 0uV into 1050000-1050000uV
[    0.554911] +1.05V_RUN: ramp_delay not set
[    0.559175] as3722-sd5: supplied by +5V_SYS
[    0.564957] as3722-ldo0: supplied by +1.35V_LP0(sd2)
[    0.570796] +1.8V_RUN_CAM: Bringing 0uV into 1800000-1800000uV
[    0.576714] +1.8V_RUN_CAM: ramp_delay not set
[    0.581256] as3722-ldo2: supplied by +1.8V_VDDIO
[    0.586976] as3722-ldo3: supplied by +3.3V_SYS
[    0.591434] +1.00V_LP0_VDD_RTC: Bringing 1100000uV into 1000000-1000000uV
[    0.598313] +1.00V_LP0_VDD_RTC: ramp_delay not set
[    0.603879] as3722-ldo4: supplied by +3.3V_SYS
[    0.608488] +3.3V_RUN_CAM: Bringing 0uV into 2800000-2800000uV
[    0.614405] +3.3V_RUN_CAM: ramp_delay not set
[    0.618941] as3722-ldo5: supplied by +1.8V_VDDIO
[    0.623717] +1.2V_RUN_CAM_FRONT: Bringing 0uV into 1200000-1200000uV
[    0.630164] +1.2V_RUN_CAM_FRONT: ramp_delay not set
[    0.635369] +VDDIO_SDMMC3: Bringing 0uV into 1800000-1800000uV
[    0.641297] +VDDIO_SDMMC3: ramp_delay not set
[    0.645847] as3722-ldo7: supplied by +1.8V_VDDIO
[    0.650631] +1.05V_RUN_CAM_REAR: Bringing 0uV into 1050000-1050000uV
[    0.657069] +1.05V_RUN_CAM_REAR: ramp_delay not set
[    0.662141] as3722-ldo9: supplied by +5V_SYS
[    0.666712] +2.8V_RUN_TOUCH: Bringing 0uV into 2800000-2800000uV
[    0.672810] +2.8V_RUN_TOUCH: ramp_delay not set
[    0.677543] as3722-ldo10: supplied by +5V_SYS
[    0.682052] +2.8V_RUN_CAM_AF: Bringing 0uV into 2800000-2800000uV
[    0.688238] +2.8V_RUN_CAM_AF: ramp_delay not set
[    0.693197] +1.8V_RUN_VPP_FUSE: Bringing 0uV into 1800000-1800000uV
[    0.699557] +1.8V_RUN_VPP_FUSE: ramp_delay not set
[    0.715407] cros-ec-spi spi32766.0: Chrome EC device registered
[    0.724893] random: fast init done
[    0.730823] m25p80 spi32765.0: w25q32dw (4096 Kbytes)
[    0.747226] libphy: Fixed MDIO Bus: probed
[    0.751326] CAN device driver interface
[    0.755183] igb: Intel(R) Gigabit Ethernet Network Driver - version 5.4.0-k
[    0.762132] igb: Copyright (c) 2007-2014 Intel Corporation.
[    0.767808] pegasus: v0.9.3 (2013/04/25), Pegasus/Pegasus II USB Ethernet driver
[    0.775230] usbcore: registered new interface driver pegasus
[    0.780938] usbcore: registered new interface driver asix
[    0.786360] usbcore: registered new interface driver ax88179_178a
[    0.792487] usbcore: registered new interface driver cdc_ether
[    0.798365] usbcore: registered new interface driver smsc75xx
[    0.804150] usbcore: registered new interface driver smsc95xx
[    0.809927] usbcore: registered new interface driver net1080
[    0.815608] usbcore: registered new interface driver cdc_subset
[    0.821562] usbcore: registered new interface driver zaurus
[    0.827174] usbcore: registered new interface driver cdc_ncm
[    0.832923] ehci_hcd: USB 2.0 'Enhanced' Host Controller (EHCI) Driver
[    0.839443] ehci-pci: EHCI PCI platform driver
[    0.843918] tegra-ehci: Tegra EHCI driver
[    0.848258] usbcore: registered new interface driver cdc_acm
[    0.853902] cdc_acm: USB Abstract Control Model driver for USB modems and ISDN adapters
[    0.861933] usbcore: registered new interface driver cdc_wdm
[    0.867640] usbcore: registered new interface driver usb-storage
[    0.873901] mousedev: PS/2 mouse device common for all mice
[    0.879772] input: cros_ec as /devices/soc0/7000d400.spi/spi_master/spi32766/spi32766.0/7000d400.spi:cros-ec@0:keyboard-controller/input/input0
[    0.894765] as3722-rtc as3722-rtc: rtc core: registered as3722-rtc as rtc0
[    0.901631] as3722-rtc as3722-rtc: RTC interrupt 370
[    0.908573] tegra_rtc 7000e000.rtc: rtc core: registered 7000e000.rtc as rtc1
[    0.915723] tegra_rtc 7000e000.rtc: Tegra internal Real Time Clock
[    0.922028] i2c /dev entries driver
[    0.926277] usbcore: registered new interface driver uvcvideo
[    0.932016] USB Video Class driver (1.1.1)
[    0.936098] gspca_main: v2.14.0 registered
[    0.940479] 0-004c supply vcc not found, using dummy regulator
[    0.948289] tegra-wdt 60005000.timer: initialized (heartbeat = 120 sec, nowayout = 0)
[    0.956698] sdhci: Secure Digital Host Controller Interface driver
[    0.962873] sdhci: Copyright(c) Pierre Ossman
[    0.967216] sdhci-pltfm: SDHCI platform and OF driver helper
[    0.973012] sdhci-tegra 700b0000.sdhci: allocated mmc-pwrseq
[    0.978812] sdhci-tegra 700b0400.sdhci: Got CD GPIO
[    0.983682] sdhci-tegra 700b0400.sdhci: Got WP GPIO
[    0.988707] mmc0: Unknown controller version (3). You may experience problems.
[    0.995941] mmc0: Invalid maximum block size, assuming 512 bytes
[    1.067550] mmc0: SDHCI controller on 700b0600.sdhci [700b0600.sdhci] using ADMA
[    1.077472] usbcore: registered new interface driver usbhid
[    1.086102] usbhid: USB HID core driver
[    1.093102] tegra30-i2s 70301100.i2s: DMA channels sourced from device 70300000.ahub
[    1.138018] max98090 0-0010: MAX98090 REVID=0x43
[    1.145610] max98090 0-0010: use default 2.8v micbias
[    1.153254] tegra-snd-max98090 sound: HiFi <-> 70301100.i2s mapping ok
[    1.161211] input: GoogleNyanBig Headphones as /devices/soc0/sound/sound/card1/input1
[    1.170477] input: GoogleNyanBig Mic Jack as /devices/soc0/sound/sound/card1/input2
[    1.178695] NET: Registered protocol family 10
[    1.183743] mip6: Mobile IPv6
[    1.186744] sit: IPv6, IPv4 and MPLS over IPv4 tunneling driver
[    1.192705] mmc0: new high speed MMC card at address 0001
[    1.198542] mmcblk0: mmc0:0001 MMC16G 14.4 GiB 
[    1.199378] NET: Registered protocol family 17
[    1.199396] NET: Registered protocol family 15
[    1.199398] can: controller area network core (rev 20120528 abi 9)
[    1.203124] NET: Registered protocol family 29
[    1.203128] can: raw protocol (rev 20120528)
[    1.203131] can: broadcast manager protocol (rev 20160617 t)
[    1.203140] can: netlink gateway (rev 20130117) max_hops=1
[    1.207575] Bluetooth: RFCOMM socket layer initialized
[    1.207597] Bluetooth: RFCOMM ver 1.11
[    1.207607] Bluetooth: BNEP (Ethernet Emulation) ver 1.3
[    1.207615] Bluetooth: BNEP socket layer initialized
[    1.207617] Bluetooth: HIDP (Human Interface Emulation) ver 1.2
[    1.207625] Bluetooth: HIDP socket layer initialized
[    1.207789] Key type dns_resolver registered
[    1.212364] Registering SWP/SWPB emulation handler
[    1.232645] +3.3V_RUN: supplied by +3.3V_SYS
[    1.243533] +3.3V_AVDD_HDMI_AP_GATED: supplied by +3.3V_RUN
[    1.243587] +1.8V_RUN_CAM: supplied by +3.3V_RUN
[    1.243643] +VDDIO_SDMMC3: supplied by +3.3V_RUN
[    1.243695] +1.8V_RUN_VPP_FUSE: supplied by +3.3V_RUN
[    1.243837] +VDD_LED: supplied by +VDD_MUX
[    1.244105] +5V_VDD_TS_SW: supplied by +5V_SYS
[    1.244381] +5V_USB_HS: supplied by +5V_SYS
[    1.244650] +5V_USB_SS: supplied by +5V_SYS
[    1.263390] +3.3V_PANEL: supplied by +3.3V_RUN
[    1.281749] +3.3V_LP0: supplied by +3.3V_SYS
[    1.296967] +1.05V_RUN_AVDD_HDMI_PLL: supplied by +1.05V_RUN
[    1.297265] +5V_HDMI_CON: supplied by +5V_SYS
[    1.298715] usb3-0 supply vbus not found, using dummy regulator
[    1.298825] usb3-1 supply vbus not found, using dummy regulator
[    1.301528] tegra-sor 54540000.sor: failed to probe output: -517
[    1.301756] panel supply power not found, using dummy regulator
[    1.361437] mmcblk0boot0: mmc0:0001 MMC16G partition 1 2.00 MiB
[    1.367938] mmcblk0boot1: mmc0:0001 MMC16G partition 2 2.00 MiB
[    1.368097] tegra-xusb 70090000.usb: Firmware timestamp: 2014-09-16 02:10:07 UTC
[    1.368131] tegra-xusb 70090000.usb: xHCI Host Controller
[    1.368166] tegra-xusb 70090000.usb: new USB bus registered, assigned bus number 1
[    1.370248] tegra-xusb 70090000.usb: hcc params 0x0184f525 hci version 0x100 quirks 0x00010010
[    1.370296] tegra-xusb 70090000.usb: irq 342, io mem 0x70090000
[    1.371313] hub 1-0:1.0: USB hub found
[    1.371346] hub 1-0:1.0: 6 ports detected
[    1.372126] tegra-xusb 70090000.usb: xHCI Host Controller
[    1.372140] tegra-xusb 70090000.usb: new USB bus registered, assigned bus number 2
[    1.372199] usb usb2: We don't know the algorithms for LPM for this host, disabling LPM.
[    1.373164] hub 2-0:1.0: USB hub found
[    1.373189] hub 2-0:1.0: 2 ports detected
[    1.374610] sdhci-tegra 700b0000.sdhci: allocated mmc-pwrseq
[    1.374758] mmc1: Unknown controller version (3). You may experience problems.
[    1.374806] mmc1: Invalid maximum block size, assuming 512 bytes
[    1.375447] mmc1: Switching to 3.3V signalling voltage failed
[    1.437587] mmc1: SDHCI controller on 700b0000.sdhci [700b0000.sdhci] using ADMA
[    1.437869] sdhci-tegra 700b0400.sdhci: Got CD GPIO
[    1.437881] sdhci-tegra 700b0400.sdhci: Got WP GPIO
[    1.438026] mmc2: Unknown controller version (3). You may experience problems.
[    1.438115] mmc2: Invalid maximum block size, assuming 512 bytes
[    1.441606] +VDDIO_SDMMC3: ramp_delay not set
[    1.505981] mmcblk0rpmb: mmc0:0001 MMC16G partition 3 128 KiB
[    1.515657]  mmcblk0: p1 p2 p3 p4 p5 p6 p7 p8 p9 p10 p11 p12
[    1.527696] mmc2: SDHCI controller on 700b0400.sdhci [700b0400.sdhci] using ADMA
[    1.558731] mmc1: new high speed SDIO card at address 0001
[    1.633481] [drm] Supports vblank timestamp caching Rev 2 (21.10.2013).
[    1.640150] [drm] No driver support for vblank timestamp query.
[    1.679721] mmc2: new high speed SDHC card at address 0007
[    1.680473] mmcblk2: mmc2:0007 SD08G 7.42 GiB 
[    1.690797] GPT:Primary header alternate_lba != Alt. header my_lba
[    1.690800] GPT:3014591 != 15564799
[    1.690802] GPT:Primary header thinks Alt. header is not at the end of the disk.
[    1.690803] GPT:3014591 != 15564799
[    1.690803] GPT: Use GNU Parted to correct GPT errors.
[    1.690834]  mmcblk2: p1 p2 p3 p4 p5 p6 p7 p8 p9 p10 p11 p12
[    1.702466] Console: switching to colour frame buffer device 170x48
[    1.741900] usb 1-2: new high-speed USB device number 2 using tegra-xusb
[    1.760642] drm drm: fb0:  frame buffer device
[    1.797630] [drm] Initialized tegra 0.0.0 20120330 on minor 0
[    1.804011] input: gpio-keys as /devices/soc0/gpio-keys/input/input3
[    1.811608] as3722-rtc as3722-rtc: setting system clock to 2000-01-01 00:00:35 UTC (946684835)
[    1.820678] +1.8V_RUN_CAM: disabling
[    1.824478] +1.2V_RUN_CAM_FRONT: disabling
[    1.828889] +1.05V_RUN_CAM_REAR: disabling
[    1.833210] +2.8V_RUN_TOUCH: disabling
[    1.837134] +2.8V_RUN_CAM_AF: disabling
[    1.841172] +1.8V_RUN_VPP_FUSE: disabling
[    1.845362] +5V_VDD_TS_SW: disabling
[    1.848995] ALSA device list:
[    1.851955]   #1: GoogleNyanBig
[    1.868163] EXT4-fs (mmcblk0p3): couldn't mount as ext3 due to feature incompatibilities
[    1.868734] input: tegra-hda HDMI/DP,pcm=3 as /devices/soc0/70030000.hda/sound/card0/input4
[    2.057919] uvcvideo: Found UVC 1.00 device HD WebCam (1bcf:2c67)
[    2.072759] input: HD WebCam as /devices/soc0/70090000.usb/usb1/1-2/1-2:1.0/input/input5
[    2.275843] EXT4-fs (mmcblk0p3): recovery complete
[    2.280671] EXT4-fs (mmcblk0p3): mounted filesystem with ordered data mode. Opts: (null)
[    2.288844] VFS: Mounted root (ext4 filesystem) on device 179:3.
[    2.297710] devtmpfs: mounted
[    2.301115] Freeing unused kernel memory: 1024K (c0c00000 - c0d00000)
bash: cannot set terminal process group (-1): Inappropriate ioctl for device
bash: no job control in this shell
root@(none):/# [    2.427596] usb 1-3: new high-speed USB device number 3 using tegra-xusb
[    3.077578] asix 1-3:1.0 eth0: register 'asix' at usb-70090000.usb-3, ASIX AX88772 USB 2.0 Ethernet, c8:d7:19:90:fa:65
[    3.427601] usb 1-1: new high-speed USB device number 4 using tegra-xusb
[    3.606229] usb-storage 1-1:1.0: USB Mass Storage device detected
[    3.623148] scsi host0: usb-storage 1-1:1.0
[    4.649511] scsi 0:0:0:0: Direct-Access     SanDisk  SDDR-113         9412 PQ: 0 ANSI: 0
[    4.822409] sd 0:0:0:0: [sda] 15523840 512-byte logical blocks: (7.95 GB/7.40 GiB)
[    4.831289] sd 0:0:0:0: [sda] Write Protect is off
[    4.836077] sd 0:0:0:0: [sda] Mode Sense: 03 00 00 00
[    4.842441] sd 0:0:0:0: [sda] No Caching mode page found
[    4.847781] sd 0:0:0:0: [sda] Assuming drive cache: write through
[    4.874303]  sda: sda1 sda2 sda3 sda4 sda5 sda6 sda7 sda8 sda9 sda10 sda11 sda12 sda13
[    4.887392] sd 0:0:0:0: [sda] Attached SCSI removable disk
mount -t sysfs none /sys
root@(none):/# 
root@(none):/# mount -t debugfs none /sys/kernel/debug
root@(none):/# 
root@(none):/# rtcwake -d rtc1 -m mem -s 3
rtcwake: assuming RTC uses UTC ...
rtcwake: wakeup from "mem" using /dev/rtc1 at Thu Jan  1 00:01:07 1970
[   31.838002] PM: Syncing filesystems ... [   31.842578] done.
[   31.848893] Freezing user space processes ... (elapsed 0.001 seconds) done.
[   31.857054] Freezing remaining freezable tasks ... (elapsed 0.001 seconds) done.
[   31.865746] Suspending console(s) (use no_console_suspend to debug)
[   31.872788] asix 1-3:1.0 eth0: Failed to read reg index 0x0000: -19
[   31.872791] asix 1-3:1.0 eth0: Error reading Medium Status register: ffffffed
[   31.872793] asix 1-3:1.0 eth0: Failed to write reg index 0x0000: -19
[   31.872796] asix 1-3:1.0 eth0: Failed to write Medium Mode mode to 0xfeed: ffffffed
[   32.048918] PM: suspend of devices complete after 176.311 msecs
[   32.049817] PM: late suspend of devices complete after 0.895 msecs
[   32.050660] PM: noirq suspend of devices complete after 0.840 msecs
[   32.050661] Disabling non-boot CPUs ...
[   32.107855] CPU1: shutdown
[   32.217705] IRQ17 no longer affine to CPU2
[   32.217877] CPU2: shutdown
[   32.327886] CPU3: shutdown
[   32.378525] Entering suspend state LP1
[   32.378525] Suspended for 3.019 seconds
[   32.378535] Enabling non-boot CPUs ...
[   32.408665] CPU1 is up
[   32.448792] CPU2 is up
[   32.489019] CPU3 is up
[   32.489506] PM: noirq resume of devices complete after 0.482 msecs
[   32.491036] PM: early resume of devices complete after 1.016 msecs
[   32.543357] mmc1: Switching to 3.3V signalling voltage failed
[   32.747756] usb 1-1: reset high-speed USB device number 4 using tegra-xusb
[   32.797579] tegra-sor 54540000.sor: failed to attach SOR: -110
[   33.069213] PM: resume of devices complete after 578.168 msecs
[   33.186829] Restarting tasks ... done.
root@(none):/# 
root@(none):/# 