

U-Boot 2011.03 (Jun 11 2013 - 06:07:37)

T114
Board: NVIDIA Dalmore
DRAM:  2 GiB
MMC:   Tegra2 SD/MMC: 0, Tegra2 SD/MMC: 1
In:    serial
Out:   serial
Err:   serial
Net:   Net Initialization Skipped
No ethernet found.
Hit any key to stop autoboot:  2  1  0 
Dalmore #
Dalmore #usb reset
(Re)start USB...
USB:   Register 10011 NbrPorts 1
USB EHCI 1.10
scanning bus for devices... 2 USB Device(s) found
       scanning bus for storage devices... 0 Storage Device(s) found
       scanning bus for ethernet devices... 1 Ethernet Device(s) found
Dalmore #setenv bootargs 'ignore_loglevel console=ttyS0,115200n8 rw root=/dev/mmcblk0p1 rootwait gpt debug init=/bin/bash'
Dalmore #setenv ipaddr 192.168.100.100; setenv serverip 192.168.100.1; setenv tftpserverip 192.168.100.1
Dalmore #tftpboot 0x81000000 zImage.multi_v7_defconfig
Waiting for Ethernet connection... done.
Using asx0 device
TFTP from server 192.168.100.1; our IP address is 192.168.100.100
Filename 'zImage.multi_v7_defconfig'.
Load address: 0x81000000
Loading: *#################################################  2.8 MiB/s
done
Bytes transferred = 4428848 (439430 hex)
Dalmore #tftpboot 0x82000000 tegra114-dalmore.dtb
Using asx0 device
TFTP from server 192.168.100.1; our IP address is 192.168.100.100
Filename 'tegra114-dalmore.dtb'.
Load address: 0x82000000
Loading: *#################################################  2.5 MiB/s
done
Bytes transferred = 34015 (84df hex)
Dalmore #bootz 0x81000000 - 0x82000000
## Flattened Device Tree blob at 82000000
   Booting using the fdt blob at 0x82000000
   Loading Device Tree to 81ff4000, end 81fff4de ... OK

Starting kernel ...

Timer summary in microseconds:
       Mark    Elapsed  Stage
          0          0  awake
  2,980,477  2,980,477  usb_start
  6,983,782  4,003,305  eth_start
  6,983,779         -3  tftp start
 10,939,352  3,955,573  tftp done
 12,995,595  2,056,243  start_kernel
[    0.000000] Booting Linux on physical CPU 0x0
[    0.000000] Linux version 3.13.0-rc7-next-20140107-08345-g5867774 (pwalmsley@kaivo) (gcc version 4.7.3 20130328 (prerelease) (crosstool-NG linaro-1.13.1-4.7-2013.04-20130415 - Linaro GCC 2013.04) ) #1 SMP Mon Jan 6 23:17:20 PST 2014
[    0.000000] CPU: ARMv7 Processor [412fc0f2] revision 2 (ARMv7), cr=10c5387d
[    0.000000] CPU: PIPT / VIPT nonaliasing data cache, PIPT instruction cache
[    0.000000] Machine model: NVIDIA Tegra114 Dalmore evaluation board
[    0.000000] debug: ignoring loglevel setting.
[    0.000000] cma: CMA: reserved 16 MiB at ae800000
[    0.000000] Memory policy: Data cache writealloc
[    0.000000] On node 0 totalpages: 524032
[    0.000000] free_area_init_node: node 0, pgdat c0905400, node_mem_map c094f000
[    0.000000]   DMA zone: 1520 pages used for memmap
[    0.000000]   DMA zone: 0 pages reserved
[    0.000000]   DMA zone: 194560 pages, LIFO batch:31
[    0.000000]   HighMem zone: 2574 pages used for memmap
[    0.000000]   HighMem zone: 329472 pages, LIFO batch:31
[    0.000000] Tegra Revision: A01 SKU: 0 CPU Process: 1 Core Process: 1
[    0.000000] PERCPU: Embedded 7 pages/cpu @c1968000 s8128 r8192 d12352 u32768
[    0.000000] pcpu-alloc: s8128 r8192 d12352 u32768 alloc=8*4096
[    0.000000] pcpu-alloc: [0] 0 [0] 1 [0] 2 [0] 3 
[    0.000000] Built 1 zonelists in Zone order, mobility grouping on.  Total pages: 522512
[    0.000000] Kernel command line: ignore_loglevel console=ttyS0,115200n8 rw root=/dev/mmcblk0p1 rootwait gpt debug init=/bin/bash
[    0.000000] PID hash table entries: 4096 (order: 2, 16384 bytes)
[    0.000000] Dentry cache hash table entries: 131072 (order: 7, 524288 bytes)
[    0.000000] Inode-cache hash table entries: 65536 (order: 6, 262144 bytes)
[    0.000000] Memory: 2052724K/2096128K available (5735K kernel code, 691K rwdata, 2292K rodata, 487K init, 286K bss, 43404K reserved, 1317888K highmem)
[    0.000000] Virtual kernel memory layout:
[    0.000000]     vector  : 0xffff0000 - 0xffff1000   (   4 kB)
[    0.000000]     fixmap  : 0xfff00000 - 0xfffe0000   ( 896 kB)
[    0.000000]     vmalloc : 0xf0000000 - 0xff000000   ( 240 MB)
[    0.000000]     lowmem  : 0xc0000000 - 0xef800000   ( 760 MB)
[    0.000000]     pkmap   : 0xbfe00000 - 0xc0000000   (   2 MB)
[    0.000000]     modules : 0xbf000000 - 0xbfe00000   (  14 MB)
[    0.000000]       .text : 0xc0008000 - 0xc07df194   (8029 kB)
[    0.000000]       .init : 0xc07e0000 - 0xc0859fc0   ( 488 kB)
[    0.000000]       .data : 0xc085a000 - 0xc0906fa0   ( 692 kB)
[    0.000000]        .bss : 0xc0906fa8 - 0xc094eb78   ( 287 kB)
[    0.000000] SLUB: HWalign=64, Order=0-3, MinObjects=0, CPUs=4, Nodes=1
[    0.000000] Hierarchical RCU implementation.
[    0.000000] NR_IRQS:16 nr_irqs:16 16
[    0.000000] sched_clock: 32 bits at 1000kHz, resolution 1000ns, wraps every 2147483648000ns
[    0.000000] Architected cp15 timer(s) running at 12.00MHz (virt).
[    0.000000] sched_clock: 56 bits at 12MHz, resolution 83ns, wraps every 2863311536128ns
[    0.000000] Switching to timer-based delay loop
[    0.000000] Console: colour dummy device 80x30
[    0.000155] Calibrating delay loop (skipped), value calculated using timer frequency.. 24.00 BogoMIPS (lpj=120000)
[    0.000171] pid_max: default: 32768 minimum: 301
[    0.000352] Mount-cache hash table entries: 512
[    0.009280] CPU: Testing write buffer coherency: ok
[    0.009521] /cpus/cpu@0 missing clock-frequency property
[    0.009546] /cpus/cpu@1 missing clock-frequency property
[    0.009568] /cpus/cpu@2 missing clock-frequency property
[    0.009591] /cpus/cpu@3 missing clock-frequency property
[    0.009604] CPU0: thread -1, cpu 0, socket 0, mpidr 80000000
[    0.009631] Setting up static identity map for 0x8056b988 - 0x8056ba20
[    0.009804] unable to find compatible sirf rstc node in dtb
[    0.011272] CPU1: Booted secondary processor
[    0.011300] CPU1: thread -1, cpu 1, socket 0, mpidr 80000001
[    0.011937] CPU2: Booted secondary processor
[    0.011961] CPU2: thread -1, cpu 2, socket 0, mpidr 80000002
[    0.012572] CPU3: Booted secondary processor
[    0.012596] CPU3: thread -1, cpu 3, socket 0, mpidr 80000003
[    0.012765] Brought up 4 CPUs
[    0.012792] SMP: Total of 4 processors activated.
[    0.012800] CPU: All CPU(s) started in SVC mode.
[    0.013469] devtmpfs: initialized
[    0.018792] VFP support v0.3: implementor 41 architecture 4 part 30 variant f rev 0
[    0.019087] pinctrl core: initialized pinctrl subsystem
[    0.019530] regulator-dummy: no parameters
[    0.020355] NET: Registered protocol family 16
[    0.022706] DMA: preallocated 256 KiB pool for atomic coherent allocations
[    0.023552] cpuidle: using governor ladder
[    0.023561] cpuidle: using governor menu
[    0.035018] No ATAGs?
[    0.036656] Serial: AMBA PL011 UART driver
[    0.044943] bio: create slab <bio-0> at 0
[    0.046710] edma-dma-engine edma-dma-engine.0: Can't allocate PaRAM dummy slot
[    0.046733] edma-dma-engine: probe of edma-dma-engine.0 failed with error -5
[    0.047203] vdd_ac_bat: 5000 mV 
[    0.047425] dvdd_ts: Failed to request enable GPIO61: -517
[    0.047518] reg-fixed-voltage 1.regulator: Failed to register regulator: -517
[    0.047538] platform 1.regulator: Driver reg-fixed-voltage requests probe deferral
[    0.047701] usb1_vbus: Failed to request enable GPIO108: -517
[    0.047784] reg-fixed-voltage 3.regulator: Failed to register regulator: -517
[    0.047803] platform 3.regulator: Driver reg-fixed-voltage requests probe deferral
[    0.047963] usb2_vbus: Failed to request enable GPIO86: -517
[    0.048045] reg-fixed-voltage 4.regulator: Failed to register regulator: -517
[    0.048063] platform 4.regulator: Driver reg-fixed-voltage requests probe deferral
[    0.048220] vdd_hdmi_5v0: Failed to request enable GPIO81: -517
[    0.048301] reg-fixed-voltage 5.regulator: Failed to register regulator: -517
[    0.048319] platform 5.regulator: Driver reg-fixed-voltage requests probe deferral
[    0.048383] platform 6.regulator: Driver reg-fixed-voltage requests probe deferral
[    0.049454] vgaarb: loaded
[    0.050010] SCSI subsystem initialized
[    0.050191] libata version 3.00 loaded.
[    0.050483] usbcore: registered new interface driver usbfs
[    0.050550] usbcore: registered new interface driver hub
[    0.050652] usbcore: registered new device driver usb
[    0.054864] vdd-cpu: 500 <--> 1520 mV at 1100 mV 
[    0.055303] tps65090 2-0048: No cache defaults, reading back from HW
[    0.061546] vdd-sys-5v0: no parameters
[    0.061600] vdd-sys-5v0: supplied by vdd_ac_bat
[    0.062957] vdd-sys-3v3: no parameters
[    0.062998] vdd-sys-3v3: supplied by vdd_ac_bat
[    0.064350] vdd-ao: no parameters
[    0.064391] vdd-ao: supplied by vdd_ac_bat
[    0.064580] vdd-lcd-bl: no parameters
[    0.064621] vdd-lcd-bl: supplied by vdd_ac_bat
[    0.064788] TPS65090_RAILSFET2: no parameters
[    0.064827] TPS65090_RAILSFET2: supplied by vdd_ac_bat
[    0.065003] vdd-modem-3v3: no parameters
[    0.065039] vdd-modem-3v3: supplied by vdd-sys-3v3
[    0.065229] avdd-lcd: no parameters
[    0.065266] avdd-lcd: supplied by vdd-sys-3v3
[    0.065435] vdd-lvds: no parameters
[    0.065471] vdd-lvds: supplied by vdd-sys-3v3
[    0.065640] vdd-sd-slot: no parameters
[    0.065676] vdd-sd-slot: supplied by vdd-sys-3v3
[    0.065874] vdd-com-3v3: no parameters
[    0.065912] vdd-com-3v3: supplied by vdd-sys-3v3
[    0.066081] vdd-sby-5v0: no parameters
[    0.066118] vdd-sby-5v0: supplied by vdd_ac_bat
[    0.066284] vdd-sby-3v3: no parameters
[    0.066319] vdd-sby-3v3: supplied by vdd_ac_bat
[    0.066696] genirq: Setting trigger mode 8 for irq 118 failed (gic_set_type+0x0/0xfc)
[    0.067010] palmas 2-0058: Irq flag is 0x00000000
[    0.077869] palmas 2-0058: Muxing GPIO ff, PWM 0, LED 0
[    0.089958] vddio-ddr: 1350 mV 
[    0.090799] vddio-ddr: supplied by vdd-ao
[    0.097643] vddio-1v8: 1800 mV 
[    0.098480] vddio-1v8: supplied by vdd-ao
[    0.105304] vdd-core: 900 <--> 1400 mV at 1100 mV 
[    0.106145] vdd-core: supplied by vdd-sys-3v3
[    0.110232] SMPS6: no parameters
[    0.117844] avdd-pll: 1050 mV 
[    0.118685] avdd-pll: supplied by vdd-sys-3v3
[    0.126867] sdhci-vdd-sd-slot: 2800 mV 
[    0.127711] sdhci-vdd-sd-slot: supplied by vdd-sys-3v3
[    0.129450] SMPS10_OUT2: at 5000 mV 
[    0.131210] SMPS10_OUT1: at 5000 mV 
[    0.133754] avdd-cam1: 2800 mV 
[    0.134589] avdd-cam1: supplied by vdd-sys-3v3
[    0.138476] avdd-cam2: 2800 mV 
[    0.139312] avdd-cam2: supplied by vdd-sys-3v3
[    0.143981] avdd-dsi-csi: 1200 mV 
[    0.144816] avdd-dsi-csi: supplied by vddio-1v8
[    0.149508] vpp-fuse: 1800 mV 
[    0.150345] vpp-fuse: supplied by vdd-sys-3v3
[    0.153447] LDO5: at 1200 mV 
[    0.154285] LDO5: supplied by vdd_ac_bat
[    0.156814] vdd-sensor-2v85: 2850 mV 
[    0.157648] vdd-sensor-2v85: supplied by vdd-sys-3v3
[    0.161549] vdd-af-cam1: 2800 mV 
[    0.162384] vdd-af-cam1: supplied by vdd-sys-3v3
[    0.170361] vdd-rtc: 900 mV 
[    0.171196] vdd-rtc: supplied by vdd-ao
[    0.175097] vddio-sdmmc-2: 1800 <--> 3300 mV at 3300 mV 
[    0.175932] vddio-sdmmc-2: supplied by sdhci-vdd-sd-slot
[    0.180613] hvdd-usb: 3300 mV 
[    0.181450] hvdd-usb: supplied by vdd-sys-5v0
[    0.186117] avdd-usb: 3300 mV 
[    0.186965] avdd-usb: supplied by vdd-sys-5v0
[    0.190084] rail-3v3: no parameters
[    0.192403] rail-5v0: no parameters
[    0.193928] REGEN3: no parameters
[    0.194082] SYSEN1: no parameters
[    0.194226] SYSEN2: no parameters
[    0.194862] Linux video capture interface: v2.00
[    0.194914] pps_core: LinuxPPS API ver. 1 registered
[    0.194922] pps_core: Software ver. 5.3.6 - Copyright 2005-2007 Rodolfo Giometti <giometti@linux.it>
[    0.194947] PTP clock support registered
[    0.194986] EDAC MC: Ver: 3.0.0
[    0.195667] platform 70019010.iommu: Driver tegra-smmu requests probe deferral
[    0.195855] Advanced Linux Sound Architecture Driver Initialized.
[    0.196818] Switched to clocksource arch_sys_counter
[    0.207012] NET: Registered protocol family 2
[    0.207507] TCP established hash table entries: 8192 (order: 3, 32768 bytes)
[    0.207598] TCP bind hash table entries: 8192 (order: 4, 65536 bytes)
[    0.207785] TCP: Hash tables configured (established 8192 bind 8192)
[    0.207841] TCP: reno registered
[    0.207855] UDP hash table entries: 512 (order: 2, 16384 bytes)
[    0.207897] UDP-Lite hash table entries: 512 (order: 2, 16384 bytes)
[    0.208146] NET: Registered protocol family 1
[    0.208434] RPC: Registered named UNIX socket transport module.
[    0.208445] RPC: Registered udp transport module.
[    0.208452] RPC: Registered tcp transport module.
[    0.208460] RPC: Registered tcp NFSv4.1 backchannel transport module.
[    0.208471] PCI: CLS 0 bytes, default 64
[    0.210795] bounce pool size: 64 pages
[    0.221719] squashfs: version 4.0 (2009/01/31) Phillip Lougher
[    0.222679] NFS: Registering the id_resolver key type
[    0.222720] Key type id_resolver registered
[    0.222729] Key type id_legacy registered
[    0.222778] msgmni has been set to 1467
[    0.223415] Block layer SCSI generic (bsg) driver version 0.4 loaded (major 250)
[    0.223427] io scheduler noop registered
[    0.223435] io scheduler deadline registered
[    0.223636] io scheduler cfq registered (default)
[    0.246553] tegra-apbdma 6000a000.dma: Tegra20 APB DMA driver register 32 channels
[    0.309942] Serial: 8250/16550 driver, 4 ports, IRQ sharing disabled
[    0.311570] Serial: IMX driver
[    0.312596] 70006300.serial: ttyS0 at MMIO 0x70006300 (irq = 122, base_baud = 25500000) is a Tegra
[    1.344740] console [ttyS0] enabled
[    1.348792] STMicroelectronics ASC driver initialized
[    1.354498] serial: Freescale lpuart driver
[    1.358875] [drm] Initialized drm 1.1.0 20060810
[    1.364144] platform 54300000.dsi: Driver tegra-dsi requests probe deferral
[    1.371639] tegra-hdmi 54280000.hdmi: failed to get VDD regulator
[    1.377754] platform 54280000.hdmi: Driver tegra-hdmi requests probe deferral
[    1.391089] loop: module loaded
[    1.397555] m25p80 spi32766.0: w25q32dw (4096 Kbytes)
[    1.404627] pegasus: v0.9.3 (2013/04/25), Pegasus/Pegasus II USB Ethernet driver
[    1.412087] usbcore: registered new interface driver pegasus
[    1.417815] usbcore: registered new interface driver asix
[    1.423249] usbcore: registered new interface driver ax88179_178a
[    1.429389] usbcore: registered new interface driver cdc_ether
[    1.435251] usbcore: registered new interface driver r815x
[    1.440800] usbcore: registered new interface driver smsc75xx
[    1.446609] usbcore: registered new interface driver smsc95xx
[    1.452399] usbcore: registered new interface driver net1080
[    1.458102] usbcore: registered new interface driver cdc_subset
[    1.464050] usbcore: registered new interface driver zaurus
[    1.469699] usbcore: registered new interface driver cdc_ncm
[    1.475366] ehci_hcd: USB 2.0 'Enhanced' Host Controller (EHCI) Driver
[    1.481891] ehci-pci: EHCI PCI platform driver
[    1.486372] ehci-platform: EHCI generic platform driver
[    1.491721] ehci-omap: OMAP-EHCI Host Controller driver
[    1.497065] ehci-orion: EHCI orion driver
[    1.501182] SPEAr-ehci: EHCI SPEAr driver
[    1.505302] tegra-ehci: Tegra EHCI driver
[    1.509503] platform 7d008000.usb: Driver tegra-ehci requests probe deferral
[    1.517011] usbcore: registered new interface driver usb-storage
[    1.523585] platform 7d008000.usb-phy: Driver tegra-phy requests probe deferral
[    1.531889] mousedev: PS/2 mouse device common for all mice
[    1.549481] palmas-rtc rtc.8: rtc core: registered rtc.8 as rtc0
[    1.559865] tegra_rtc 7000e000.rtc: rtc core: registered 7000e000.rtc as rtc1
[    1.567025] tegra_rtc 7000e000.rtc: Tegra internal Real Time Clock
[    1.573646] i2c /dev entries driver
[    1.578966] sbs-battery 0-000b: sbs_probe: Failed to get device status
[    1.585493] sbs-battery: probe of 0-000b failed with error -121
[    1.599763] sdhci: Secure Digital Host Controller Interface driver
[    1.605934] sdhci: Copyright(c) Pierre Ossman
[    1.610797] sdhci-pltfm: SDHCI platform and OF driver helper
[    1.616922] sdhci-tegra 78000400.sdhci: Got CD GPIO #170.
[    1.623357] mmc0: no vqmmc regulator found
[    1.627470] mmc0: no vmmc regulator found
[    1.631473] mmc0: Invalid maximum block size, assuming 512 bytes
[    1.676847] mmc0: SDHCI controller on 78000400.sdhci [78000400.sdhci] using ADMA
[    1.684339] mmc1: no vqmmc regulator found
[    1.688452] mmc1: no vmmc regulator found
[    1.692458] mmc1: Invalid maximum block size, assuming 512 bytes
[    1.736825] mmc1: SDHCI controller on 78000600.sdhci [78000600.sdhci] using ADMA
[    1.744896] usbcore: registered new interface driver usbhid
[    1.750475] usbhid: USB HID core driver
[    1.859164] mmc1: BKOPS_EN bit is not set
[    1.889730] mmc1: new HS200 MMC card at address 0001
[    1.895094] isa bounce pool size: 16 pages
[    1.899304] mmcblk0: mmc1:0001 SEM32G 29.1 GiB 
[    1.904037] mmcblk0boot0: mmc1:0001 SEM32G partition 1 4.00 MiB
[    1.910176] mmcblk0boot1: mmc1:0001 SEM32G partition 2 4.00 MiB
[    1.916278] mmcblk0rpmb: mmc1:0001 SEM32G partition 3 4.00 MiB
[    1.924504] Primary GPT is invalid, using alternate GPT.
[    1.929845]  mmcblk0: p1 p2 p3 p4 p5
[    1.936508]  mmcblk0boot1: unknown partition table
[    1.942926]  mmcblk0boot0: unknown partition table
[    2.989179] random: nonblocking pool is initialized
[   39.149719] tegra30-i2s 70080400.i2s: DMA channels sourced from device 70080000.ahub
