
U-Boot SPL 2014.01-00219-gc4d376f (Feb 18 2014 - 19:57:18)


U-Boot 2014.01-00219-gc4d376f (Feb 18 2014 - 19:57:18)

TEGRA30
Board: NVIDIA Beaver
I2C:   ready
DRAM:  2 GiB
MMC:   Tegra SD/MMC: 0, Tegra SD/MMC: 1
In:    serial
Out:   serial
Err:   serial
Net:   Net Initialization Skipped
No ethernet found.
Hit any key to stop autoboot:  2  0 
Tegra30 (Beaver) # 
Tegra30 (Beaver) # usb reset
(Re)start USB...
USB0:   USB EHCI 1.00
scanning bus 0 for devices... 2 USB Device(s) found
       scanning usb for storage devices... 0 Storage Device(s) found
       scanning usb for ethernet devices... 
Warning: asx0 using MAC address from net device
1 Ethernet Device(s) found
Tegra30 (Beaver) # setenv bootargs 'ignore_loglevel console=ttyS0,115200n8 rw root=/dev/mmcblk0p1 rootwait gpt debug init=/bin/bash noinitrd'
Tegra30 (Beaver) # setenv ipaddr 192.168.100.101; setenv serverip 192.168.100.1; setenv tftpserverip 192.168.100.1
Tegra30 (Beaver) # tftpboot 0x81000000 zImage.multi_v7_defconfig
Using asx0 device
TFTP from server 192.168.100.1; our IP address is 192.168.100.101
Filename 'zImage.multi_v7_defconfig'.
Load address: 0x81000000
Loading: *#################################################################
	 #################################################################
	 #################################################################
	 #################################################################
	 #################################################################
	 ####################################
	 3 MiB/s
done
Bytes transferred = 5290472 (50b9e8 hex)
Tegra30 (Beaver) # tftpboot 0x82000000 tegra30-beaver.dtb
Using asx0 device
TFTP from server 192.168.100.1; our IP address is 192.168.100.101
Filename 'tegra30-beaver.dtb'.
Load address: 0x82000000
Loading: *##
	 2.6 MiB/s
done
Bytes transferred = 24893 (613d hex)
Tegra30 (Beaver) # bootz 0x81000000 - 0x82000000
Kernel image @ 0x81000000 [ 0x000000 - 0x50b9e8 ]
## Flattened Device Tree blob at 82000000
   Booting using the fdt blob at 0x82000000
   Loading Device Tree to 8fff6000, end 8ffff13c ... OK

Starting kernel ...

[    0.000000] Booting Linux on physical CPU 0x0
[    0.000000] Linux version 3.17.0-next-20141015-92952-g75caa3e (pwalmsley@tamien) (gcc version 4.7.3 20130328 (prerelease) (crosstool-NG linaro-1.13.1-4.7-2013.04-20130415 - Linaro GCC 2013.04) ) #1 SMP Tue Oct 14 21:48:30 PDT 2014
[    0.000000] CPU: ARMv7 Processor [412fc099] revision 9 (ARMv7), cr=10c5387d
[    0.000000] CPU: PIPT / VIPT nonaliasing data cache, VIPT aliasing instruction cache
[    0.000000] Machine model: NVIDIA Tegra30 Beaver evaluation board
[    0.000000] debug: ignoring loglevel setting.
[    0.000000] cma: Reserved 64 MiB at fb800000
[    0.000000] Memory policy: Data cache writealloc
[    0.000000] On node 0 totalpages: 524032
[    0.000000] free_area_init_node: node 0, pgdat c0d12780, node_mem_map ee7f8000
[    0.000000]   DMA zone: 1520 pages used for memmap
[    0.000000]   DMA zone: 0 pages reserved
[    0.000000]   DMA zone: 194560 pages, LIFO batch:31
[    0.000000]   HighMem zone: 2574 pages used for memmap
[    0.000000]   HighMem zone: 329472 pages, LIFO batch:31
[    0.000000] PERCPU: Embedded 10 pages/cpu @ee7b4000 s8512 r8192 d24256 u40960
[    0.000000] pcpu-alloc: s8512 r8192 d24256 u40960 alloc=10*4096
[    0.000000] pcpu-alloc: [0] 0 [0] 1 [0] 2 [0] 3 
[    0.000000] Built 1 zonelists in Zone order, mobility grouping on.  Total pages: 522512
[    0.000000] Kernel command line: ignore_loglevel console=ttyS0,115200n8 rw root=/dev/mmcblk0p1 rootwait gpt debug init=/bin/bash noinitrd
[    0.000000] PID hash table entries: 4096 (order: 2, 16384 bytes)
[    0.000000] Dentry cache hash table entries: 131072 (order: 7, 524288 bytes)
[    0.000000] Inode-cache hash table entries: 65536 (order: 6, 262144 bytes)
[    0.000000] Memory: 2001460K/2096128K available (6870K kernel code, 937K rwdata, 2780K rodata, 724K init, 309K bss, 94668K reserved, 1252352K highmem)
[    0.000000] Virtual kernel memory layout:
[    0.000000]     vector  : 0xffff0000 - 0xffff1000   (   4 kB)
[    0.000000]     fixmap  : 0xffc00000 - 0xffe00000   (2048 kB)
[    0.000000]     vmalloc : 0xf0000000 - 0xff000000   ( 240 MB)
[    0.000000]     lowmem  : 0xc0000000 - 0xef800000   ( 760 MB)
[    0.000000]     pkmap   : 0xbfe00000 - 0xc0000000   (   2 MB)
[    0.000000]     modules : 0xbf000000 - 0xbfe00000   (  14 MB)
[    0.000000]       .text : 0xc0208000 - 0xc0b74e28   (9652 kB)
[    0.000000]       .init : 0xc0b75000 - 0xc0c2a000   ( 724 kB)
[    0.000000]       .data : 0xc0c2a000 - 0xc0d14600   ( 938 kB)
[    0.000000]        .bss : 0xc0d14600 - 0xc0d61a28   ( 310 kB)
[    0.000000] SLUB: HWalign=64, Order=0-3, MinObjects=0, CPUs=4, Nodes=1
[    0.000000] Hierarchical RCU implementation.
[    0.000000] 	RCU restricting CPUs from NR_CPUS=8 to nr_cpu_ids=4.
[    0.000000] RCU: Adjusting geometry for rcu_fanout_leaf=16, nr_cpu_ids=4
[    0.000000] NR_IRQS:16 nr_irqs:16 16
[    0.000000] L2C: platform modifies aux control register: 0x02080000 -> 0x3e480001
[    0.000000] PL310 OF: cache setting yield illegal associativity
[    0.000000] PL310 OF: 0 calculated, only 8 and 16 legal
[    0.000000] L2C: DT/platform modifies aux control register: 0x02080000 -> 0x3e480001
[    0.000000] L2C-310 erratum 769419 enabled
[    0.000000] L2C-310 enabling early BRESP for Cortex-A9
[    0.000000] L2C-310: enabling full line of zeros but not enabled in Cortex-A9
[    0.000000] L2C-310 ID prefetch enabled, offset 1 lines
[    0.000000] L2C-310 dynamic clock gating enabled, standby mode enabled
[    0.000000] L2C-310 cache controller enabled, 8 ways, 1024 kB
[    0.000000] L2C-310: CACHE_ID 0x410000c7, AUX_CTRL 0x7e480001
[    0.000012] sched_clock: 32 bits at 1000kHz, resolution 1000ns, wraps every 2147483648000ns
[    0.000030] Switching to timer-based delay loop, resolution 1000ns
[    0.001134] Console: colour dummy device 80x30
[    0.001155] Calibrating delay loop (skipped), value calculated using timer frequency.. 2.00 BogoMIPS (lpj=5000)
[    0.001163] pid_max: default: 32768 minimum: 301
[    0.001256] Mount-cache hash table entries: 2048 (order: 1, 8192 bytes)
[    0.001263] Mountpoint-cache hash table entries: 2048 (order: 1, 8192 bytes)
[    0.001632] CPU: Testing write buffer coherency: ok
[    0.001826] CPU0: thread -1, cpu 0, socket 0, mpidr 80000000
[    0.001883] Setting up static identity map for 0x8087dab0 - 0x8087db48
[    0.002840] Tegra Revision: A03 SKU: 128 CPU Process: 4 Core Process: 0
[    0.004013] CPU1: Booted secondary processor
[    0.004029] CPU1: thread -1, cpu 1, socket 0, mpidr 80000001
[    0.004858] CPU2: Booted secondary processor
[    0.004871] CPU2: thread -1, cpu 2, socket 0, mpidr 80000002
[    0.005745] CPU3: Booted secondary processor
[    0.005759] CPU3: thread -1, cpu 3, socket 0, mpidr 80000003
[    0.005799] Brought up 4 CPUs
[    0.005813] SMP: Total of 4 processors activated.
[    0.005817] CPU: All CPU(s) started in SVC mode.
[    0.006243] devtmpfs: initialized
[    0.008621] VFP support v0.3: implementor 41 architecture 3 part 30 variant 9 rev 4
[    0.012186] pinctrl core: initialized pinctrl subsystem
[    0.012498] regulator-dummy: no parameters
[    0.015837] NET: Registered protocol family 16
[    0.018194] DMA: preallocated 256 KiB pool for atomic coherent allocations
[    0.029964] cpuidle: using governor ladder
[    0.044959] cpuidle: using governor menu
[    0.052280] No ATAGs?
[    0.052311] hw-breakpoint: found 5 (+1 reserved) breakpoint and 1 watchpoint registers.
[    0.052318] hw-breakpoint: maximum watchpoint size is 4 bytes.
[    0.052428] EXYNOS: PMU not supported
[    0.053880] Serial: AMBA PL011 UART driver
[    0.071986] edma-dma-engine edma-dma-engine.0: Can't allocate PaRAM dummy slot
[    0.072006] edma-dma-engine: probe of edma-dma-engine.0 failed with error -22
[    0.072351] vdd_5v_in: 5000 mV 
[    0.072431] platform regulators:regulator@1: Driver reg-fixed-voltage requests probe deferral
[    0.072466] platform regulators:regulator@2: Driver reg-fixed-voltage requests probe deferral
[    0.072556] vdd_5v_sata: Failed to request enable GPIO30: -517
[    0.072605] reg-fixed-voltage regulators:regulator@3: Failed to register regulator: -517
[    0.072616] platform regulators:regulator@3: Driver reg-fixed-voltage requests probe deferral
[    0.072700] usb1_vbus: Failed to request enable GPIO238: -517
[    0.072742] reg-fixed-voltage regulators:regulator@4: Failed to register regulator: -517
[    0.072753] platform regulators:regulator@4: Driver reg-fixed-voltage requests probe deferral
[    0.072838] usb3_vbus: Failed to request enable GPIO236: -517
[    0.072880] reg-fixed-voltage regulators:regulator@5: Failed to register regulator: -517
[    0.072891] platform regulators:regulator@5: Driver reg-fixed-voltage requests probe deferral
[    0.072928] platform regulators:regulator@6: Driver reg-fixed-voltage requests probe deferral
[    0.073011] sys_3v3_pexs: Failed to request enable GPIO95: -517
[    0.073054] reg-fixed-voltage regulators:regulator@7: Failed to register regulator: -517
[    0.073064] platform regulators:regulator@7: Driver reg-fixed-voltage requests probe deferral
[    0.073146] +VDD_5V_HDMI: 5000 mV 
[    0.073185] reg-fixed-voltage regulators:regulator@8: Failed to find supply vin
[    0.073233] reg-fixed-voltage regulators:regulator@8: Failed to register regulator: -517
[    0.073244] platform regulators:regulator@8: Driver reg-fixed-voltage requests probe deferral
[    0.074650] vgaarb: loaded
[    0.075078] SCSI subsystem initialized
[    0.075242] libata version 3.00 loaded.
[    0.075444] usbcore: registered new interface driver usbfs
[    0.075481] usbcore: registered new interface driver hub
[    0.075519] usbcore: registered new device driver usb
[    0.082370] vrtc: no parameters
[    0.082855] vrtc: supplied by vdd_5v_in
[    0.089961] vdd_1v8_gen: 1800 mV 
[    0.089992] vdd_1v8_gen: supplied by vdd_5v_in
[    0.094959] vddio_ddr_1v2: 1200 mV 
[    0.094991] vddio_ddr_1v2: supplied by vdd_5v_in
[    0.099958] vdd_1v5_gen: 1500 mV 
[    0.099998] vdd_1v5_gen: supplied by vdd_5v_in
[    0.104958] vdd_cpu,vdd_sys: 1000 mV 
[    0.107295] vdd_pexa,vdd_pexb: 1050 mV 
[    0.107325] vdd_pexa,vdd_pexb: supplied by vdd_1v5_gen
[    0.109991] vdd_sata,avdd_plle: 1050 mV 
[    0.110021] vdd_sata,avdd_plle: supplied by vdd_1v5_gen
[    0.112334] ldo3: at 1000 mV 
[    0.112364] ldo3: supplied by vdd_5v_in
[    0.114958] vdd_rtc: 1200 mV 
[    0.114989] vdd_rtc: supplied by vdd_5v_in
[    0.119958] vddio_sdmmc,avdd_vdac: 3300 mV 
[    0.119989] vddio_sdmmc,avdd_vdac: supplied by vdd_5v_in
[    0.122640] avdd_dsi_csi,pwrdet_mipi: 1200 mV 
[    0.122670] avdd_dsi_csi,pwrdet_mipi: supplied by vdd_1v8_gen
[    0.129957] vdd_pllm,x,u,a_p_c_s: 1200 mV 
[    0.129986] vdd_pllm,x,u,a_p_c_s: supplied by vdd_1v8_gen
[    0.134958] vdd_ddr_hs: 1000 mV 
[    0.134998] vdd_ddr_hs: supplied by vdd_1v8_gen
[    0.136770] tps62361-vout: 500 <--> 1500 mV at 1160 mV 
[    0.136912] Linux video capture interface: v2.00
[    0.136944] pps_core: LinuxPPS API ver. 1 registered
[    0.136948] pps_core: Software ver. 5.3.6 - Copyright 2005-2007 Rodolfo Giometti <giometti@linux.it>
[    0.136969] PTP clock support registered
[    0.137126] EDAC MC: Ver: 3.0.0
[    0.137549] platform 7000f010.iommu: Driver tegra-smmu requests probe deferral
[    0.137665] Advanced Linux Sound Architecture Driver Initialized.
[    0.138409] Switched to clocksource timer_us
[    0.144186] NET: Registered protocol family 2
[    0.144610] TCP established hash table entries: 8192 (order: 3, 32768 bytes)
[    0.144659] TCP bind hash table entries: 8192 (order: 4, 65536 bytes)
[    0.144742] TCP: Hash tables configured (established 8192 bind 8192)
[    0.144814] TCP: reno registered
[    0.144825] UDP hash table entries: 512 (order: 2, 16384 bytes)
[    0.144878] UDP-Lite hash table entries: 512 (order: 2, 16384 bytes)
[    0.145056] NET: Registered protocol family 1
[    0.145358] RPC: Registered named UNIX socket transport module.
[    0.145365] RPC: Registered udp transport module.
[    0.145369] RPC: Registered tcp transport module.
[    0.145372] RPC: Registered tcp NFSv4.1 backchannel transport module.
[    0.145396] PCI: CLS 0 bytes, default 64
[    0.146077] hw perfevents: enabled with armv7_cortex_a9 PMU driver, 7 counters available
[    0.146975] futex hash table entries: 1024 (order: 4, 65536 bytes)
[    0.153337] squashfs: version 4.0 (2009/01/31) Phillip Lougher
[    0.153801] NFS: Registering the id_resolver key type
[    0.153835] Key type id_resolver registered
[    0.153840] Key type id_legacy registered
[    0.153880] msgmni has been set to 1463
[    0.154150] bounce: pool size: 64 pages
[    0.154270] Block layer SCSI generic (bsg) driver version 0.4 loaded (major 249)
[    0.154281] io scheduler noop registered
[    0.154289] io scheduler deadline registered
[    0.154386] io scheduler cfq registered (default)
[    0.159117] tegra-pcie 3000.pcie-controller: 2x3 configuration
[    0.159199] tegra-pcie 3000.pcie-controller: Failed to get supply 'hvdd-pex': -517
[    0.159256] platform 3000.pcie-controller: Driver tegra-pcie requests probe deferral
[    0.161851] tegra-apbdma 6000a000.dma: Tegra20 APB DMA driver register 32 channels
[    0.196421] Serial: 8250/16550 driver, 4 ports, IRQ sharing disabled
[    0.197641] Serial: IMX driver
[    0.197928] msm_serial: driver initialized
[    0.198533] console [ttyS0] disabled
[    0.198573] of_serial 70006000.serial: ttyS0 at MMIO 0x70006000 (irq = 68, base_baud = 25500000) is a Tegra
[    1.216642] console [ttyS0] enabled
[    1.220653] STMicroelectronics ASC driver initialized
[    1.226199] serial: Freescale lpuart driver
[    1.230548] [drm] Initialized drm 1.1.0 20060810
[    1.235967] tegra-hdmi 54280000.hdmi: failed to get HDMI regulator
[    1.242158] platform 54280000.hdmi: Driver tegra-hdmi requests probe deferral
[    1.252975] loop: module loaded
[    1.259577] m25p80 spi32766.1: w25q32 (4096 Kbytes)
[    1.265374] CAN device driver interface
[    1.269795] igb: Intel(R) Gigabit Ethernet Network Driver - version 5.2.15-k
[    1.276836] igb: Copyright (c) 2007-2014 Intel Corporation.
[    1.283345] pegasus: v0.9.3 (2013/04/25), Pegasus/Pegasus II USB Ethernet driver
[    1.290778] usbcore: registered new interface driver pegasus
[    1.296476] usbcore: registered new interface driver asix
[    1.301896] usbcore: registered new interface driver ax88179_178a
[    1.308004] usbcore: registered new interface driver cdc_ether
[    1.313875] usbcore: registered new interface driver smsc75xx
[    1.319648] usbcore: registered new interface driver smsc95xx
[    1.325417] usbcore: registered new interface driver net1080
[    1.331094] usbcore: registered new interface driver cdc_subset
[    1.337037] usbcore: registered new interface driver zaurus
[    1.342660] usbcore: registered new interface driver cdc_ncm
[    1.348526] ehci_hcd: USB 2.0 'Enhanced' Host Controller (EHCI) Driver
[    1.355046] ehci-pci: EHCI PCI platform driver
[    1.359512] ehci-platform: EHCI generic platform driver
[    1.364833] ehci-omap: OMAP-EHCI Host Controller driver
[    1.370121] ehci-orion: EHCI orion driver
[    1.374194] SPEAr-ehci: EHCI SPEAr driver
[    1.378258] tegra-ehci: Tegra EHCI driver
[    1.382418] platform 7d004000.usb: Driver tegra-ehci requests probe deferral
[    1.389506] platform 7d008000.usb: Driver tegra-ehci requests probe deferral
[    1.396581] ohci_hcd: USB 1.1 'Open' Host Controller (OHCI) Driver
[    1.402766] ohci-pci: OHCI PCI platform driver
[    1.407247] ohci-platform: OHCI generic platform driver
[    1.412544] ohci-omap3: OHCI OMAP3 driver
[    1.416620] SPEAr-ohci: OHCI SPEAr driver
[    1.420908] usbcore: registered new interface driver usb-storage
[    1.427069] platform 7d004000.usb-phy: Driver tegra-phy requests probe deferral
[    1.434423] platform 7d008000.usb-phy: Driver tegra-phy requests probe deferral
[    1.442527] mousedev: PS/2 mouse device common for all mice
[    1.449725] tegra_rtc 7000e000.rtc: rtc core: registered 7000e000.rtc as rtc1
[    1.456874] tegra_rtc 7000e000.rtc: Tegra internal Real Time Clock
[    1.475659] tps65910-rtc tps65910-rtc: rtc core: registered tps65910-rtc as rtc0
[    1.483178] i2c /dev entries driver
[    1.487906] usbcore: registered new interface driver uvcvideo
[    1.493651] USB Video Class driver (1.1.1)
[    1.497737] gspca_main: v2.14.0 registered
[    1.503883] sdhci: Secure Digital Host Controller Interface driver
[    1.510057] sdhci: Copyright(c) Pierre Ossman
[    1.514955] Synopsys Designware Multimedia Card Interface Driver
[    1.521327] sdhci-pltfm: SDHCI platform and OF driver helper
[    1.527416] sdhci-tegra 78000000.sdhci: Got CD GPIO
[    1.532305] sdhci-tegra 78000000.sdhci: Got WP GPIO
[    1.538348] sdhci-tegra 78000000.sdhci: No vmmc regulator found
[    1.544266] sdhci-tegra 78000000.sdhci: No vqmmc regulator found
[    1.550264] mmc0: Invalid maximum block size, assuming 512 bytes
[    1.588509] mmc0: SDHCI controller on 78000000.sdhci [78000000.sdhci] using ADMA
[    1.597068] sdhci-tegra 78000600.sdhci: No vmmc regulator found
[    1.602986] sdhci-tegra 78000600.sdhci: No vqmmc regulator found
[    1.608982] mmc1: Invalid maximum block size, assuming 512 bytes
[    1.648418] mmc1: SDHCI controller on 78000600.sdhci [78000600.sdhci] using ADMA
[    1.660521] ledtrig-cpu: registered to indicate activity on CPUs
[    1.666672] usbcore: registered new interface driver usbhid
[    1.672245] usbhid: USB HID core driver
[    1.752590] mmc1: new high speed MMC card at address 0001
[    1.758240] mmcblk0: mmc1:0001 SEM16G 14.8 GiB 
[    1.762842] mmcblk0boot0: mmc1:0001 SEM16G partition 1 1.00 MiB
[    1.768822] mmcblk0boot1: mmc1:0001 SEM16G partition 2 1.00 MiB
[    1.774802] mmcblk0rpmb: mmc1:0001 SEM16G partition 3 128 KiB
[    1.783243] Primary GPT is invalid, using alternate GPT.
[    1.788570]  mmcblk0: p1 p2 p3 p4 p5
[    2.089509] tegra30-i2s 70080400.i2s: DMA channels sourced from device 70080000.ahub
[    2.105106] tegra-snd-rt5640 sound: rt5640-aif1 <-> 70080400.i2s mapping ok
[    2.114224] input: NVIDIA Tegra Beaver Headphones as /devices/soc0/sound/sound/card0/input0
[    2.123551] TCP: cubic registered
[    2.126864] NET: Registered protocol family 17
[    2.131324] can: controller area network core (rev 20120528 abi 9)
[    2.137541] NET: Registered protocol family 29
[    2.141985] can: raw protocol (rev 20120528)
[    2.146252] can: broadcast manager protocol (rev 20120528 t)
[    2.151910] can: netlink gateway (rev 20130117) max_hops=1
[    2.157684] Key type dns_resolver registered
[    2.162315] ThumbEE CPU extension supported.
[    2.166601] Registering SWP/SWPB emulation handler
[    2.174696] chargepump_5v: 5000 mV 
[    2.182437] vdd_ddr: 1500 mV 
[    2.185461] vdd_ddr: supplied by vdd_5v_in
[    2.189762] vdd_5v_sata: 5000 mV 
[    2.193085] vdd_5v_sata: supplied by vdd_5v_in
[    2.197736] usb1_vbus: 5000 mV 
[    2.200896] usb1_vbus: supplied by vdd_5v_in
[    2.205361] usb3_vbus: 5000 mV 
[    2.208520] usb3_vbus: supplied by vdd_5v_in
[    2.216659] sys_3v3,vdd_3v3_alw: 3300 mV 
[    2.220689] sys_3v3,vdd_3v3_alw: supplied by vdd_5v_in
[    2.226042] sys_3v3_pexs: 3300 mV 
[    2.229462] sys_3v3_pexs: supplied by sys_3v3,vdd_3v3_alw
[    2.235027] +VDD_5V_HDMI: 5000 mV 
[    2.238444] +VDD_5V_HDMI: supplied by sys_3v3,vdd_3v3_alw
[    2.244331] tegra-pcie 3000.pcie-controller: 2x3 configuration
[    2.252617] tegra-pcie 3000.pcie-controller: probing port 0, using 2 lanes
[    2.317773] tegra-pcie 3000.pcie-controller: probing port 2, using 2 lanes
[    2.728456] tegra-pcie 3000.pcie-controller: link 2 down, retrying
[    3.138460] tegra-pcie 3000.pcie-controller: link 2 down, retrying
[    3.548449] tegra-pcie 3000.pcie-controller: link 2 down, retrying
[    3.556643] tegra-pcie 3000.pcie-controller: link 2 down, ignoring
[    3.562957] tegra-pcie 3000.pcie-controller: PCI host bridge to bus 0000:00
[    3.569920] pci_bus 0000:00: root bus resource [mem 0x20000000-0x27ffffff]
[    3.576786] pci_bus 0000:00: root bus resource [mem 0x28000000-0x3fffffff pref]
[    3.584084] pci_bus 0000:00: root bus resource [bus 00-ff]
[    3.589561] pci_bus 0000:00: root bus resource [io  0x1000-0xffff]
[    3.595752] pci 0000:00:01.0: [10de:0e1c] type 01 class 0x060400
[    3.601802] pci 0000:00:01.0: PME# supported from D0 D1 D2 D3hot D3cold
[    3.608547] PCI: bus0: Fast back to back transfers disabled
[    3.614118] pci 0000:00:01.0: bridge configuration invalid ([bus 00-00]), reconfiguring
[    3.622208] pci 0000:01:00.0: [10ec:8168] type 00 class 0x020000
[    3.628223] pci 0000:01:00.0: reg 0x10: [io  0x0000-0x00ff]
[    3.633803] pci 0000:01:00.0: reg 0x18: [mem 0x00000000-0x00000fff 64bit pref]
[    3.641022] pci 0000:01:00.0: reg 0x20: [mem 0x00000000-0x00003fff 64bit pref]
[    3.648299] pci 0000:01:00.0: supports D1 D2
[    3.652564] pci 0000:01:00.0: PME# supported from D0 D1 D2 D3hot D3cold
[    3.668437] PCI: bus1: Fast back to back transfers disabled
[    3.674008] pci_bus 0000:01: busn_res: [bus 01-ff] end is updated to 01
[    3.680669] pci 0000:00:01.0: BAR 9: assigned [mem 0x28000000-0x280fffff 64bit pref]
[    3.688410] pci 0000:00:01.0: BAR 7: assigned [io  0x1000-0x1fff]
[    3.694499] pci 0000:01:00.0: BAR 4: assigned [mem 0x28000000-0x28003fff 64bit pref]
[    3.702240] pci 0000:01:00.0: BAR 2: assigned [mem 0x28004000-0x28004fff 64bit pref]
[    3.709981] pci 0000:01:00.0: BAR 0: assigned [io  0x1000-0x10ff]
[    3.716068] pci 0000:00:01.0: PCI bridge to [bus 01]
[    3.721025] pci 0000:00:01.0:   bridge window [io  0x1000-0x1fff]
[    3.727110] pci 0000:00:01.0:   bridge window [mem 0x28000000-0x280fffff 64bit pref]
[    3.734853] pci 0000:00:01.0: nv_msi_ht_cap_quirk didn't locate host bridge
[    3.742007] pcieport 0000:00:01.0: Signaling PME through PCIe PME interrupt
[    3.748965] pci 0000:01:00.0: Signaling PME through PCIe PME interrupt
[    3.755485] pcie_pme 0000:00:01.0:pcie01: service driver pcie_pme loaded
[    3.762331] r8169 Gigabit Ethernet driver 2.3LK-NAPI loaded
[    3.767930] r8169 0000:01:00.0: enabling device (0140 -> 0143)
[    3.774427] r8169 0000:01:00.0 eth0: RTL8168evl/8111evl at 0xf00d2000, 02:04:4b:01:60:a6, XID 0c900800 IRQ 473
[    3.784424] r8169 0000:01:00.0 eth0: jumbo features [frames: 9200 bytes, tx checksumming: ko]
[    3.795450] [drm] Supports vblank timestamp caching Rev 2 (21.10.2013).
[    3.802065] [drm] No driver support for vblank timestamp query.
[    3.807991] host1x drm: No connectors reported connected with modes
[    3.814253] [drm] Cannot find any crtc or sizes - going 1024x768
[    3.838305] Console: switching to colour frame buffer device 128x48
[    3.850601] host1x drm: fb0:  frame buffer device
[    3.855302] host1x drm: registered panic notifier
[    3.873808] [drm] Initialized tegra 0.0.0 20120330 on minor 0
[    3.880163] platform 7d004000.usb: Driver tegra-ehci requests probe deferral
[    3.887721] platform 7d008000.usb: Driver tegra-ehci requests probe deferral
[    3.898285] utmi_phy_clk_enable: timeout waiting for phy to stabilize
[    3.904746] tegra-ehci 7d004000.usb: EHCI Host Controller
[    3.910153] tegra-ehci 7d004000.usb: new USB bus registered, assigned bus number 1
[    3.918015] tegra-ehci 7d004000.usb: irq 53, io mem 0x7d004000
[    3.933425] tegra-ehci 7d004000.usb: USB 2.0 started, EHCI 1.00
[    3.940208] hub 1-0:1.0: USB hub found
[    3.943989] hub 1-0:1.0: 1 port detected
[    3.948489] tegra-ehci 7d008000.usb: EHCI Host Controller
[    3.953900] tegra-ehci 7d008000.usb: new USB bus registered, assigned bus number 2
[    3.962116] tegra-ehci 7d008000.usb: irq 129, io mem 0x7d008000
[    3.973421] tegra-ehci 7d008000.usb: USB 2.0 started, EHCI 1.00
[    3.979738] hub 2-0:1.0: USB hub found
[    3.983512] hub 2-0:1.0: 1 port detected
[    3.991454] tps65910-rtc tps65910-rtc: setting system clock to 2000-01-01 00:00:02 UTC (946684802)
[    4.005125] usb1_vbus: disabling
[    4.008370] vdd_sata,avdd_plle: disabling
[    4.012986] ALSA device list:
[    4.015959]   #0: NVIDIA Tegra Beaver
[    4.021351] EXT4-fs (mmcblk0p1): mounting ext3 file system using the ext4 subsystem
[    4.050635] EXT4-fs (mmcblk0p1): warning: mounting fs with errors, running e2fsck is recommended
[    4.060856] EXT4-fs (mmcblk0p1): recovery complete
[    4.065655] EXT4-fs (mmcblk0p1): mounted filesystem with ordered data mode. Opts: (null)
[    4.073763] VFS: Mounted root (ext3 filesystem) on device 179:1.
[    4.081695] devtmpfs: mounted
[    4.085391] Freeing unused kernel memory: 724K (c0b75000 - c0c2a000)
[    4.293863] usb 2-1: new high-speed USB device number 2 using tegra-ehci
bash: cannot set terminal process group (-1): Inappropriate ioctl for device
bash: no job control in this shell
root@(none):/# [    4.762863] asix 2-1:1.0 eth1: register 'asix' at usb-7d008000.usb-1, ASIX AX88772 USB 2.0 Ethernet, 00:50:b6:0f:67:60
