
U-Boot SPL 2016.05-rc2 (Apr 21 2016 - 16:23:00)
Trying to boot from RAM


U-Boot 2016.05-rc2 (Apr 21 2016 - 16:23:00 -0700)

TEGRA124
Model: NVIDIA Jetson TK1
Board: NVIDIA Jetson TK1
DRAM:  2 GiB
MMC:   Tegra SD/MMC: 0, Tegra SD/MMC: 1
In:    serial
Out:   serial
Err:   serial
Net:   No ethernet found.
Hit any key to stop autoboot:  2  0 
Tegra124 (Jetson TK1) # 
Tegra124 (Jetson TK1) # pci enum
Tegra124 (Jetson TK1) # setenv bootargs 'ignore_loglevel console=ttyS0,115200n8 rw root=PARTUUID=b1791faa-84e8-4e27-83a1-9fb0a77e8803 rootwait gpt debug noinitrd earlyprintk init=/bin/bash'
Tegra124 (Jetson TK1) # setenv ipaddr 192.168.100.102; setenv serverip 192.168.100.1; setenv tftpserverip 192.168.100.1
Tegra124 (Jetson TK1) # tftpboot 0x82000000 zImage.multi_v7_defconfig

Warning: eth_rtl8169 using MAC address from ROM
Using eth_rtl8169 device
TFTP from server 192.168.100.1; our IP address is 192.168.100.102
Filename 'zImage.multi_v7_defconfig'.
Load address: 0x82000000
Loading: *#################################################################
	 #################################################################
	 #################################################################
	 #################################################################
	 #################################################################
	 #################################################################
	 #################################################################
	 ##############################
	 4 MiB/s
done
Bytes transferred = 7106848 (6c7120 hex)
Tegra124 (Jetson TK1) # tftpboot 0x83000000 tegra124-jetson-tk1.dtb
Using eth_rtl8169 device
TFTP from server 192.168.100.1; our IP address is 192.168.100.102
Filename 'tegra124-jetson-tk1.dtb'.
Load address: 0x83000000
Loading: *#####
	 3.2 MiB/s
done
Bytes transferred = 66621 (1043d hex)
Tegra124 (Jetson TK1) # bootz 0x82000000 - 0x83000000
Kernel image @ 0x82000000 [ 0x000000 - 0x6c7120 ]
## Flattened Device Tree blob at 83000000
   Booting using the fdt blob at 0x83000000
   Using Device Tree in place at 83000000, end 8301343c

Starting kernel ...

[    0.000000] Booting Linux on physical CPU 0x0
[    0.000000] Linux version 4.8.0-rc2-next-20160816-112307-g0c9a343 (pwalmsley@sellafield) (gcc version 4.7.3 20130328 (prerelease) (crosstool-NG linaro-1.13.1-4.7-2013.04-20130415 - Linaro GCC 2013.04) ) #1 SMP Tue Aug 16 01:33:24 PDT 2016
[    0.000000] CPU: ARMv7 Processor [413fc0f3] revision 3 (ARMv7), cr=10c5387d
[    0.000000] CPU: div instructions available: patching division code
[    0.000000] CPU: PIPT / VIPT nonaliasing data cache, PIPT instruction cache
[    0.000000] OF: fdt:Machine model: NVIDIA Tegra124 Jetson TK1
[    0.000000] debug: ignoring loglevel setting.
[    0.000000] cma: Reserved 64 MiB at 0xfb800000
[    0.000000] Memory policy: Data cache writealloc
[    0.000000] On node 0 totalpages: 524032
[    0.000000] free_area_init_node: node 0, pgdat c141bbc0, node_mem_map eeff8000
[    0.000000]   DMA zone: 1536 pages used for memmap
[    0.000000]   DMA zone: 0 pages reserved
[    0.000000]   DMA zone: 196608 pages, LIFO batch:31
[    0.000000]   HighMem zone: 327424 pages, LIFO batch:31
[    0.000000] percpu: Embedded 14 pages/cpu @eef85000 s26112 r8192 d23040 u57344
[    0.000000] pcpu-alloc: s26112 r8192 d23040 u57344 alloc=14*4096
[    0.000000] pcpu-alloc: [0] 0 [0] 1 [0] 2 [0] 3 
[    0.000000] Built 1 zonelists in Zone order, mobility grouping on.  Total pages: 522496
[    0.000000] Kernel command line: ignore_loglevel console=ttyS0,115200n8 rw root=PARTUUID=b1791faa-84e8-4e27-83a1-9fb0a77e8803 rootwait gpt debug noinitrd earlyprintk init=/bin/bash
[    0.000000] PID hash table entries: 4096 (order: 2, 16384 bytes)
[    0.000000] Dentry cache hash table entries: 131072 (order: 7, 524288 bytes)
[    0.000000] Inode-cache hash table entries: 65536 (order: 6, 262144 bytes)
[    0.000000] Memory: 1994980K/2096128K available (9216K kernel code, 1142K rwdata, 3980K rodata, 2048K init, 342K bss, 35612K reserved, 65536K cma-reserved, 1244160K highmem)
[    0.000000] Virtual kernel memory layout:
[    0.000000]     vector  : 0xffff0000 - 0xffff1000   (   4 kB)
[    0.000000]     fixmap  : 0xffc00000 - 0xfff00000   (3072 kB)
[    0.000000]     vmalloc : 0xf0800000 - 0xff800000   ( 240 MB)
[    0.000000]     lowmem  : 0xc0000000 - 0xf0000000   ( 768 MB)
[    0.000000]     pkmap   : 0xbfe00000 - 0xc0000000   (   2 MB)
[    0.000000]     modules : 0xbf000000 - 0xbfe00000   (  14 MB)
[    0.000000]       .text : 0xc0208000 - 0xc0c00000   (10208 kB)
[    0.000000]       .init : 0xc1100000 - 0xc1300000   (2048 kB)
[    0.000000]       .data : 0xc1300000 - 0xc141da60   (1143 kB)
[    0.000000]        .bss : 0xc141f000 - 0xc1474bc8   ( 343 kB)
[    0.000000] SLUB: HWalign=64, Order=0-3, MinObjects=0, CPUs=4, Nodes=1
[    0.000000] Hierarchical RCU implementation.
[    0.000000] 	Build-time adjustment of leaf fanout to 32.
[    0.000000] 	RCU restricting CPUs from NR_CPUS=16 to nr_cpu_ids=4.
[    0.000000] RCU: Adjusting geometry for rcu_fanout_leaf=32, nr_cpu_ids=4
[    0.000000] NR_IRQS:16 nr_irqs:16 16
[    0.000000] /interrupt-controller@60004000: 160 interrupts forwarded to /interrupt-controller@50041000
[    0.000000] Tegra clk 127: register failed with -17
[    0.000008] sched_clock: 32 bits at 1000kHz, resolution 1000ns, wraps every 2147483647500ns
[    0.000031] clocksource: timer_us: mask: 0xffffffff max_cycles: 0xffffffff, max_idle_ns: 1911260446275 ns
[    0.000046] Switching to timer-based delay loop, resolution 1000ns
[    0.005386] arm_arch_timer: Architected cp15 timer(s) running at 12.00MHz (virt).
[    0.005404] clocksource: arch_sys_counter: mask: 0xffffffffffffff max_cycles: 0x2c47f4ee7, max_idle_ns: 440795202497 ns
[    0.005421] sched_clock: 56 bits at 12MHz, resolution 83ns, wraps every 4398046511096ns
[    0.005434] Switching to timer-based delay loop, resolution 83ns
[    0.005940] Console: colour dummy device 80x30
[    0.005968] Calibrating delay loop (skipped), value calculated using timer frequency.. 24.00 BogoMIPS (lpj=60000)
[    0.005984] pid_max: default: 32768 minimum: 301
[    0.006078] Mount-cache hash table entries: 2048 (order: 1, 8192 bytes)
[    0.006089] Mountpoint-cache hash table entries: 2048 (order: 1, 8192 bytes)
[    0.006682] CPU: Testing write buffer coherency: ok
[    0.006897] /cpus/cpu@0 missing clock-frequency property
[    0.006939] /cpus/cpu@1 missing clock-frequency property
[    0.006980] /cpus/cpu@2 missing clock-frequency property
[    0.007023] /cpus/cpu@3 missing clock-frequency property
[    0.007036] CPU0: thread -1, cpu 0, socket 0, mpidr 80000000
[    0.007057] Setting up static identity map for 0x80300000 - 0x80300098
[    0.010796] Tegra Revision: A01 SKU: 129 CPU Process: 1 SoC Process: 1
[    0.012266] CPU1: thread -1, cpu 1, socket 0, mpidr 80000001
[    0.015948] CPU2: thread -1, cpu 2, socket 0, mpidr 80000002
[    0.020943] CPU3: thread -1, cpu 3, socket 0, mpidr 80000003
[    0.025388] Brought up 4 CPUs
[    0.025407] SMP: Total of 4 processors activated (96.00 BogoMIPS).
[    0.025415] CPU: All CPU(s) started in SVC mode.
[    0.026872] devtmpfs: initialized
[    0.047835] VFP support v0.3: implementor 41 architecture 4 part 30 variant f rev 0
[    0.048271] clocksource: jiffies: mask: 0xffffffff max_cycles: 0xffffffff, max_idle_ns: 9556302231375000 ns
[    0.049664] pinctrl core: initialized pinctrl subsystem
[    0.051449] NET: Registered protocol family 16
[    0.053385] DMA: preallocated 256 KiB pool for atomic coherent allocations
[    0.065510] cpuidle: using governor menu
[    0.083817] No ATAGs?
[    0.083843] hw-breakpoint: found 5 (+1 reserved) breakpoint and 4 watchpoint registers.
[    0.083853] hw-breakpoint: maximum watchpoint size is 8 bytes.
[    0.090067] Serial: AMBA PL011 UART driver
[    0.125577] +5V_SYS: supplied by +VDD_MUX
[    0.125920] +3.3V_SYS: supplied by +VDD_MUX
[    0.126555] +USB0_VBUS_SW: Failed to request enable GPIO108: -517
[    0.126572] reg-fixed-voltage regulators:regulator@7: Failed to register regulator: -517
[    0.126661] +5V_USB_HS: Failed to request enable GPIO109: -517
[    0.126675] reg-fixed-voltage regulators:regulator@8: Failed to register regulator: -517
[    0.126839] +1.05V_RUN_AVDD_HDMI_PLL: Failed to request enable GPIO63: -517
[    0.126852] reg-fixed-voltage regulators:regulator@11: Failed to register regulator: -517
[    0.126938] +5V_HDMI_CON: Failed to request enable GPIO86: -517
[    0.126950] reg-fixed-voltage regulators:regulator@12: Failed to register regulator: -517
[    0.127036] +5V_SATA: Failed to request enable GPIO242: -517
[    0.127048] reg-fixed-voltage regulators:regulator@13: Failed to register regulator: -517
[    0.127133] +12V_SATA: Failed to request enable GPIO242: -517
[    0.127145] reg-fixed-voltage regulators:regulator@14: Failed to register regulator: -517
[    0.130386] vgaarb: loaded
[    0.131257] SCSI subsystem initialized
[    0.131421] libata version 3.00 loaded.
[    0.131715] usbcore: registered new interface driver usbfs
[    0.131789] usbcore: registered new interface driver hub
[    0.131866] usbcore: registered new device driver usb
[    0.135456] pps_core: LinuxPPS API ver. 1 registered
[    0.135466] pps_core: Software ver. 5.3.6 - Copyright 2005-2007 Rodolfo Giometti <giometti@linux.it>
[    0.135490] PTP clock support registered
[    0.135713] EDAC MC: Ver: 3.0.0
[    0.138893] clocksource: Switched to clocksource arch_sys_counter
[    0.150169] NET: Registered protocol family 2
[    0.150673] TCP established hash table entries: 8192 (order: 3, 32768 bytes)
[    0.150771] TCP bind hash table entries: 8192 (order: 4, 65536 bytes)
[    0.150958] TCP: Hash tables configured (established 8192 bind 8192)
[    0.151009] UDP hash table entries: 512 (order: 2, 16384 bytes)
[    0.151050] UDP-Lite hash table entries: 512 (order: 2, 16384 bytes)
[    0.151216] NET: Registered protocol family 1
[    0.151536] RPC: Registered named UNIX socket transport module.
[    0.151546] RPC: Registered udp transport module.
[    0.151553] RPC: Registered tcp transport module.
[    0.151560] RPC: Registered tcp NFSv4.1 backchannel transport module.
[    0.151571] PCI: CLS 0 bytes, default 64
[    0.152753] hw perfevents: enabled with armv7_cortex_a15 PMU driver, 7 counters available
[    0.154280] futex hash table entries: 1024 (order: 4, 65536 bytes)
[    0.155007] workingset: timestamp_bits=30 max_order=19 bucket_order=0
[    0.166471] squashfs: version 4.0 (2009/01/31) Phillip Lougher
[    0.167319] NFS: Registering the id_resolver key type
[    0.167345] Key type id_resolver registered
[    0.167352] Key type id_legacy registered
[    0.167395] ntfs: driver 2.1.32 [Flags: R/O].
[    0.168653] bounce: pool size: 64 pages
[    0.168866] Block layer SCSI generic (bsg) driver version 0.4 loaded (major 248)
[    0.168907] io scheduler noop registered
[    0.168916] io scheduler deadline registered
[    0.169117] io scheduler cfq registered (default)
[    0.174745] usb2-0 supply vbus not found, using dummy regulator
[    0.174874] usb2-1 supply vbus not found, using dummy regulator
[    0.175260] tegra-xusb-padctl 7009f000.padctl: failed to setup XUSB ports: -517
[    0.175942] libphy: mdio_driver_register: phy-bcm-ns2-pci
[    0.192062] tegra-pcie 1003000.pcie-controller: 2x1, 1x1 configuration
[    0.192115] tegra-pcie 1003000.pcie-controller: Failed to get supply 'avddio-pex': -517
[    0.199346] tegra-apbdma 60020000.dma: Tegra20 APB DMA driver register 32 channels
[    0.201104] tegra-pmc 7000e400.pmc: emergency thermal reset enabled
[    0.266623] Serial: 8250/16550 driver, 4 ports, IRQ sharing disabled
[    0.269567] console [ttyS0] disabled
[    0.269631] 70006300.serial: ttyS0 at MMIO 0x70006300 (irq = 333, base_baud = 25500000) is a Tegra
[    1.128969] console [ttyS0] enabled
[    1.133412] SuperH (H)SCI(F) driver initialized
[    1.139011] msm_serial: driver initialized
[    1.143295] STMicroelectronics ASC driver initialized
[    1.149258] serial-tegra serial@0,70006000: failed to get alias id, errno -19
[    1.156452] serial-tegra serial@0,70006040: failed to get alias id, errno -19
[    1.166745] [drm] Initialized drm 1.1.0 20060810
[    1.174589] tegra-hdmi 54280000.hdmi: failed to get HDMI regulator
[    1.194346] brd: module loaded
[    1.203454] loop: module loaded
[    1.207037] at24 0-0056: 256 byte 24c02 EEPROM, writable, 8 bytes/write
[    1.215367] as3722 4-0040: AS3722 with revision 0x1 found
[    1.226582] as3722-sd2: supplied by +5V_SYS
[    1.231243] as3722-sd3: supplied by +5V_SYS
[    1.235675] +1.35V_LP0(sd3): Bringing 0uV into 1350000-1350000uV
[    1.242066] as3722-sd4: supplied by +5V_SYS
[    1.246717] as3722-sd5: supplied by +5V_SYS
[    1.252802] as3722-ldo0: supplied by +1.35V_LP0(sd2)
[    1.258911] +1.8V_RUN_CAM: Bringing 0uV into 1800000-1800000uV
[    1.265167] as3722-ldo2: supplied by +1.8V_VDDIO
[    1.271121] as3722-ldo3: supplied by +3.3V_SYS
[    1.275617] +1.05V_LP0_VDD_RTC: Bringing 1100000uV into 1000000-1000000uV
[    1.283427] as3722-ldo4: supplied by +3.3V_SYS
[    1.288101] +2.8V_RUN_CAM: Bringing 0uV into 2800000-2800000uV
[    1.294371] as3722-ldo5: supplied by +1.8V_VDDIO
[    1.299219] +1.2V_RUN_CAM_FRONT: Bringing 0uV into 1200000-1200000uV
[    1.306181] +VDDIO_SDMMC3: bypassed regulator has no supply!
[    1.311853] +VDDIO_SDMMC3: failed to get the current voltage(-517)
[    1.318044] as3722-regulator as3722-regulator: regulator 13 register failed -517
[    1.330646] tegra-ahci 70027000.sata: couldn't get PHY in node sata: -517
[    1.350561] random: fast init done
[    1.354182] m25p80 spi32765.0: w25q32dw (4096 Kbytes)
[    1.362731] libphy: Fixed MDIO Bus: probed
[    1.367702] CAN device driver interface
[    1.373826] igb: Intel(R) Gigabit Ethernet Network Driver - version 5.3.0-k
[    1.380796] igb: Copyright (c) 2007-2014 Intel Corporation.
[    1.389851] pegasus: v0.9.3 (2013/04/25), Pegasus/Pegasus II USB Ethernet driver
[    1.397307] usbcore: registered new interface driver pegasus
[    1.403035] usbcore: registered new interface driver asix
[    1.408486] usbcore: registered new interface driver ax88179_178a
[    1.414630] usbcore: registered new interface driver cdc_ether
[    1.420532] usbcore: registered new interface driver smsc75xx
[    1.426353] usbcore: registered new interface driver smsc95xx
[    1.432147] usbcore: registered new interface driver net1080
[    1.437858] usbcore: registered new interface driver cdc_subset
[    1.443827] usbcore: registered new interface driver zaurus
[    1.449475] usbcore: registered new interface driver cdc_ncm
[    1.455357] tegra-phy 7d004000.usb-phy: no vbus regulator
[    1.462790] ehci_hcd: USB 2.0 'Enhanced' Host Controller (EHCI) Driver
[    1.469329] ehci-pci: EHCI PCI platform driver
[    1.473812] ehci-platform: EHCI generic platform driver
[    1.479271] ehci-orion: EHCI orion driver
[    1.483424] SPEAr-ehci: EHCI SPEAr driver
[    1.487601] ehci-st: EHCI STMicroelectronics driver
[    1.492641] ehci-exynos: EHCI EXYNOS driver
[    1.497009] ehci-atmel: EHCI Atmel driver
[    1.501179] tegra-ehci: Tegra EHCI driver
[    1.508026] tegra-ehci 7d004000.usb: EHCI Host Controller
[    1.513461] tegra-ehci 7d004000.usb: new USB bus registered, assigned bus number 1
[    1.521207] tegra-ehci 7d004000.usb: irq 352, io mem 0x7d004000
[    1.538918] tegra-ehci 7d004000.usb: USB 2.0 started, EHCI 1.10
[    1.545670] hub 1-0:1.0: USB hub found
[    1.549483] hub 1-0:1.0: 1 port detected
[    1.554039] ohci_hcd: USB 1.1 'Open' Host Controller (OHCI) Driver
[    1.560234] ohci-pci: OHCI PCI platform driver
[    1.564738] ohci-platform: OHCI generic platform driver
[    1.570154] ohci-omap3: OHCI OMAP3 driver
[    1.574325] SPEAr-ohci: OHCI SPEAr driver
[    1.578481] ohci-st: OHCI STMicroelectronics driver
[    1.583517] ohci-atmel: OHCI Atmel driver
[    1.588338] usbcore: registered new interface driver usb-storage
[    1.596008] mousedev: PS/2 mouse device common for all mice
[    1.604893] as3722-rtc as3722-rtc: rtc core: registered as3722-rtc as rtc0
[    1.611787] as3722-rtc as3722-rtc: RTC interrupt 375
[    1.620165] tegra_rtc 7000e000.rtc: rtc core: registered 7000e000.rtc as rtc1
[    1.627358] tegra_rtc 7000e000.rtc: Tegra internal Real Time Clock
[    1.634148] i2c /dev entries driver
[    1.644752] 0-004c supply vcc not found, using dummy regulator
[    1.660520] sdhci: Secure Digital Host Controller Interface driver
[    1.666714] sdhci: Copyright(c) Pierre Ossman
[    1.672736] Synopsys Designware Multimedia Card Interface Driver
[    1.679941] sdhci-pltfm: SDHCI platform and OF driver helper
[    1.686391] sdhci-tegra 700b0400.sdhci: Got CD GPIO
[    1.691302] sdhci-tegra 700b0400.sdhci: Got WP GPIO
[    1.696440] mmc0: Unknown controller version (3). You may experience problems.
[    1.703751] mmc0: Invalid maximum block size, assuming 512 bytes
[    1.753918] mmc0: SDHCI controller on 700b0600.sdhci [700b0600.sdhci] using ADMA 64-bit
[    1.763942] ledtrig-cpu: registered to indicate activity on CPUs
[    1.770303] usbcore: registered new interface driver usbhid
[    1.775887] usbhid: USB HID core driver
[    1.784861] tegra124-dfll 70110000.clock: couldn't get vdd_cpu regulator
[    1.802508] NET: Registered protocol family 10
[    1.807871] sit: IPv6, IPv4 and MPLS over IPv4 tunneling driver
[    1.814486] NET: Registered protocol family 17
[    1.818974] can: controller area network core (rev 20120528 abi 9)
[    1.825229] NET: Registered protocol family 29
[    1.829696] can: raw protocol (rev 20120528)
[    1.833980] can: broadcast manager protocol (rev 20160617 t)
[    1.839662] can: netlink gateway (rev 20130117) max_hops=1
[    1.845513] Key type dns_resolver registered
[    1.850433] ThumbEE CPU extension supported.
[    1.854720] Registering SWP/SWPB emulation handler
[    1.862544] +3.3V_RUN: supplied by +3.3V_SYS
[    1.867927] +3.3V_AVDD_HDMI_AP_GATED: supplied by +3.3V_RUN
[    1.874133] +USB0_VBUS_SW: supplied by +5V_SYS
[    1.879309] +5V_USB_HS: supplied by +5V_SYS
[    1.885305] +3.3V_LP0: supplied by +3.3V_SYS
[    1.891640] +5V_HDMI_CON: supplied by +5V_SYS
[    1.896715] +5V_SATA: supplied by +5V_SYS
[    1.901419] +12V_SATA: supplied by +VDD_MUX
[    1.907814] usb2-0 supply vbus not found, using dummy regulator
[    1.910702] mmc0: new high speed MMC card at address 0001
[    1.912201] mmcblk0: mmc0:0001 SEM16G 14.7 GiB 
[    1.913434] mmcblk0boot0: mmc0:0001 SEM16G partition 1 4.00 MiB
[    1.914229] mmcblk0boot1: mmc0:0001 SEM16G partition 2 4.00 MiB
[    1.915553] mmcblk0rpmb: mmc0:0001 SEM16G partition 3 4.00 MiB
[    1.921504]  mmcblk0: p1
[    1.944247] usb2-1 supply vbus not found, using dummy regulator
[    1.950620] usb3-0 supply vbus not found, using dummy regulator
[    1.957846] tegra-pcie 1003000.pcie-controller: 2x1, 1x1 configuration
[    1.964499] tegra-pcie 1003000.pcie-controller: Failed to get supply 'avddio-pex': -517
[    1.974496] tegra-hdmi 54280000.hdmi: failed to get PLL regulator
[    1.985392] as3722-sd2: supplied by +5V_SYS
[    1.989987] as3722-sd3: supplied by +5V_SYS
[    1.994567] as3722-sd4: supplied by +5V_SYS
[    1.999054] +1.05V_RUN_AVDD_HDMI_PLL: supplied by +1.05V_RUN
[    2.004891] as3722-sd5: supplied by +5V_SYS
[    2.010871] as3722-ldo0: supplied by +1.35V_LP0(sd2)
[    2.016950] as3722-ldo1: supplied by +3.3V_RUN
[    2.021802] as3722-ldo2: supplied by +1.8V_VDDIO
[    2.027428] as3722-ldo3: supplied by +3.3V_SYS
[    2.032781] as3722-ldo4: supplied by +3.3V_SYS
[    2.037502] as3722-ldo5: supplied by +1.8V_VDDIO
[    2.042405] as3722-ldo6: supplied by +3.3V_RUN
[    2.047135] as3722-ldo7: supplied by +1.8V_VDDIO
[    2.052508] +1.05V_RUN_CAM_REAR: Bringing 0uV into 1050000-1050000uV
[    2.059616] as3722-ldo9: supplied by +5V_SYS
[    2.065114] +3.3V_RUN_TOUCH: Bringing 0uV into 2800000-2800000uV
[    2.071723] as3722-ldo10: supplied by +5V_SYS
[    2.076672] +2.8V_RUN_CAM_AF: Bringing 0uV into 2800000-2800000uV
[    2.083523] as3722-ldo11: supplied by +3.3V_RUN
[    2.088846] +1.8V_RUN_VPP_FUSE: Bringing 0uV into 1800000-1800000uV
[    2.098533] tegra-ahci 70027000.sata: AHCI 0001.0301 32 slots 2 ports 3 Gbps 0x1 impl platform mode
[    2.107623] tegra-ahci 70027000.sata: flags: 64bit ncq sntf pm led pio slum part sadm sds apst 
[    2.118761] scsi host0: tegra-ahci
[    2.123424] scsi host1: tegra-ahci
[    2.127220] ata1: SATA max UDMA/133 mmio [mem 0x70027000-0x70028fff] port 0x100 irq 343
[    2.135235] ata2: DUMMY
[    2.140762] tegra-ehci 7d008000.usb: EHCI Host Controller
[    2.146223] tegra-ehci 7d008000.usb: new USB bus registered, assigned bus number 2
[    2.154010] tegra-ehci 7d008000.usb: irq 353, io mem 0x7d008000
[    2.174019] tegra-ehci 7d008000.usb: USB 2.0 started, EHCI 1.10
[    2.181155] hub 2-0:1.0: USB hub found
[    2.185014] hub 2-0:1.0: 1 port detected
[    2.191526] sdhci-tegra 700b0400.sdhci: Got CD GPIO
[    2.196485] sdhci-tegra 700b0400.sdhci: Got WP GPIO
[    2.201625] mmc1: Unknown controller version (3). You may experience problems.
[    2.209005] mmc1: Invalid maximum block size, assuming 512 bytes
[    2.259492] mmc1: SDHCI controller on 700b0400.sdhci [700b0400.sdhci] using ADMA 64-bit
[    2.272139] tegra-pcie 1003000.pcie-controller: 2x1, 1x1 configuration
[    2.282757] tegra-pcie 1003000.pcie-controller: probing port 0, using 2 lanes
[    2.292906] tegra-pcie 1003000.pcie-controller: Slot present pin change, signature: 00000008
[    2.315298] tegra-pcie 1003000.pcie-controller: probing port 1, using 1 lanes
[    2.324587] tegra-pcie 1003000.pcie-controller: Slot present pin change, signature: 00000000
[    2.339554] tegra-pcie 1003000.pcie-controller: PCI host bridge to bus 0000:00
[    2.346808] pci_bus 0000:00: root bus resource [io  0x0000-0xffff]
[    2.353037] pci_bus 0000:00: root bus resource [mem 0x13000000-0x1fffffff]
[    2.359961] pci_bus 0000:00: root bus resource [mem 0x20000000-0x3fffffff pref]
[    2.367311] pci_bus 0000:00: root bus resource [bus 00-ff]
[    2.372885] pci 0000:00:01.0: [10de:0e12] type 01 class 0x060400
[    2.379068] pci 0000:00:01.0: PME# supported from D0 D1 D2 D3hot D3cold
[    2.386085] pci 0000:00:02.0: [10de:0e13] type 01 class 0x060400
[    2.392271] pci 0000:00:02.0: PME# supported from D0 D1 D2 D3hot D3cold
[    2.399289] PCI: bus0: Fast back to back transfers disabled
[    2.404923] pci 0000:00:01.0: bridge configuration invalid ([bus 00-00]), reconfiguring
[    2.412986] pci 0000:00:02.0: bridge configuration invalid ([bus 00-00]), reconfiguring
[    2.421318] pci 0000:01:00.0: [8086:4232] type 00 class 0x028000
[    2.427419] pci 0000:01:00.0: reg 0x10: [mem 0x00000000-0x00001fff 64bit]
[    2.434481] pci 0000:01:00.0: PME# supported from D0 D3hot D3cold
[    2.454052] PCI: bus1: Fast back to back transfers disabled
[    2.457298] ata1: SATA link down (SStatus 0 SControl 300)
[    2.465106] pci_bus 0000:01: busn_res: [bus 01-ff] end is updated to 01
[    2.472020] pci 0000:02:00.0: [10ec:8168] type 00 class 0x020000
[    2.478076] pci 0000:02:00.0: reg 0x10: [io  0x0000-0x00ff]
[    2.483741] pci 0000:02:00.0: reg 0x18: [mem 0x00000000-0x00000fff 64bit]
[    2.490611] pci 0000:02:00.0: reg 0x20: [mem 0x00000000-0x00003fff 64bit pref]
[    2.498058] pci 0000:02:00.0: supports D1 D2
[    2.502384] pci 0000:02:00.0: PME# supported from D0 D1 D2 D3hot D3cold
[    2.524046] PCI: bus2: Fast back to back transfers disabled
[    2.529655] pci_bus 0000:02: busn_res: [bus 02-ff] end is updated to 02
[    2.536453] pci 0000:00:01.0: BAR 8: assigned [mem 0x13000000-0x130fffff]
[    2.543292] pci 0000:00:02.0: BAR 8: assigned [mem 0x13100000-0x131fffff]
[    2.550100] pci 0000:00:02.0: BAR 9: assigned [mem 0x20000000-0x200fffff 64bit pref]
[    2.557900] pci 0000:00:02.0: BAR 7: assigned [io  0x1000-0x1fff]
[    2.564063] pci 0000:01:00.0: BAR 0: assigned [mem 0x13000000-0x13001fff 64bit]
[    2.571459] pci 0000:00:01.0: PCI bridge to [bus 01]
[    2.576494] pci 0000:00:01.0:   bridge window [mem 0x13000000-0x130fffff]
[    2.583361] pci 0000:02:00.0: BAR 4: assigned [mem 0x20000000-0x20003fff 64bit pref]
[    2.591186] pci 0000:02:00.0: BAR 2: assigned [mem 0x13100000-0x13100fff 64bit]
[    2.598576] pci 0000:02:00.0: BAR 0: assigned [io  0x1000-0x10ff]
[    2.604738] pci 0000:00:02.0: PCI bridge to [bus 02]
[    2.609765] pci 0000:00:02.0:   bridge window [io  0x1000-0x1fff]
[    2.615922] pci 0000:00:02.0:   bridge window [mem 0x13100000-0x131fffff]
[    2.622772] pci 0000:00:02.0:   bridge window [mem 0x20000000-0x200fffff 64bit pref]
[    2.630614] pci 0000:00:01.0: nv_msi_ht_cap_quirk didn't locate host bridge
[    2.637746] pcieport 0000:00:01.0: enabling device (0140 -> 0142)
[    2.644198] pcieport 0000:00:01.0: Signaling PME through PCIe PME interrupt
[    2.651210] pci 0000:01:00.0: Signaling PME through PCIe PME interrupt
[    2.657798] pcie_pme 0000:00:01.0:pcie001: service driver pcie_pme loaded
[    2.664771] pci 0000:00:02.0: nv_msi_ht_cap_quirk didn't locate host bridge
[    2.671908] pcieport 0000:00:02.0: enabling device (0140 -> 0143)
[    2.678338] pcieport 0000:00:02.0: Signaling PME through PCIe PME interrupt
[    2.685351] pci 0000:02:00.0: Signaling PME through PCIe PME interrupt
[    2.691940] pcie_pme 0000:00:02.0:pcie001: service driver pcie_pme loaded
[    2.699183] r8169 Gigabit Ethernet driver 2.3LK-NAPI loaded
[    2.704845] r8169 0000:02:00.0: enabling device (0140 -> 0143)
[    2.725073] mmc1: new high speed SDHC card at address aaaa
[    2.732840] r8169 0000:02:00.0 eth0: RTL8168g/8111g at 0xf0a4d000, 00:04:4b:3a:d9:81, XID 0c000800 IRQ 393
[    2.742540] r8169 0000:02:00.0 eth0: jumbo features [frames: 9200 bytes, tx checksumming: ko]
[    2.752492] mmcblk1: mmc1:aaaa SD04G 3.69 GiB 
[    2.759459] [drm] Supports vblank timestamp caching Rev 2 (21.10.2013).
[    2.766106] [drm] No driver support for vblank timestamp query.
[    2.770222]  mmcblk1: p1 p2 p3
[    2.899410] tegra-hdmi 54280000.hdmi: cannot set audio to 48000 Hz at 297000000 Hz pixel clock
[    3.068947] Console: switching to colour frame buffer device 512x135
[    3.165713] drm drm: fb0:  frame buffer device
[    3.214019] [drm] Initialized tegra 0.0.0 20120330 on minor 0
[    3.221631] of: dev_pm_opp_of_cpumask_add_table: couldn't find opp table for cpu:0, -19
[    3.229708] cpufreq: cpufreq_online: CPU0: Running at unlisted freq: 696000 KHz
[    3.237070] cpufreq: cpufreq_online: CPU0: Unlisted initial frequency changed to: 714000 KHz
[    3.246332] input: gpio-keys as /devices/soc0/gpio-keys/input/input0
[    3.253616] as3722-rtc as3722-rtc: setting system clock to 2000-01-01 00:02:59 UTC (946684979)
[    3.265559] +USB0_VBUS_SW: disabling
[    3.269139] +1.8V_RUN_CAM: disabling
[    3.272940] +2.8V_RUN_CAM: disabling
[    3.276753] +1.2V_RUN_CAM_FRONT: disabling
[    3.281116] +1.05V_RUN_CAM_REAR: disabling
[    3.285408] +3.3V_RUN_TOUCH: disabling
[    3.289348] +2.8V_RUN_CAM_AF: disabling
[    3.293359] +1.8V_RUN_VPP_FUSE: disabling
[    3.298770] EXT4-fs (mmcblk0p1): mounting ext3 file system using the ext4 subsystem
[    3.339528] EXT4-fs (mmcblk0p1): recovery complete
[    3.345200] EXT4-fs (mmcblk0p1): mounted filesystem with ordered data mode. Opts: (null)
[    3.353338] VFS: Mounted root (ext3 filesystem) on device 179:1.
[    3.363490] devtmpfs: mounted
[    3.367371] Freeing unused kernel memory: 2048K (c1100000 - c1300000)
bash: cannot set terminal process group (-1): Inappropriate ioctl for device
bash: no job control in this shell
root@(none):/# 