
U-Boot SPL 2014.01-00219-gc4d376f (Feb 18 2014 - 19:57:32)


U-Boot 2014.01-00219-gc4d376f (Feb 18 2014 - 19:57:32)

TEGRA114
Board: NVIDIA Dalmore
I2C:   ready
DRAM:  2 GiB
MMC:   Tegra SD/MMC: 0, Tegra SD/MMC: 1
In:    serial
Out:   serial
Err:   serial
Net:   Net Initialization Skipped
No ethernet found.
Hit any key to stop autoboot:  2  0 
Tegra114 (Dalmore) # 
Tegra114 (Dalmore) # usb reset
(Re)start USB...
USB0:   USB EHCI 1.10
scanning bus 0 for devices... 2 USB Device(s) found
       scanning usb for storage devices... 0 Storage Device(s) found
       scanning usb for ethernet devices... 
Warning: asx0 using MAC address from net device
1 Ethernet Device(s) found
Tegra114 (Dalmore) # setenv bootargs 'ignore_loglevel console=ttyS0,115200n8 rw root=PARTUUID=7369c667-ff51-ec4a-29cd-baabf2fbe346 rootwait gpt debug earlyprintk init=/bin/bash'
Tegra114 (Dalmore) # setenv ipaddr 192.168.100.100; setenv serverip 192.168.100.1; setenv tftpserverip 192.168.100.1
Tegra114 (Dalmore) # tftpboot 0x81000000 zImage.multi_v7_defconfig
Using asx0 device
TFTP from server 192.168.100.1; our IP address is 192.168.100.100
Filename 'zImage.multi_v7_defconfig'.
Load address: 0x81000000
Loading: *#################################################################
	 #################################################################
	 #################################################################
	 #################################################################
	 #################################################################
	 #################################################################
	 #################################################################
	 #################################################################
	 ###############
	 3.2 MiB/s
done
Bytes transferred = 7848136 (77c0c8 hex)
Tegra114 (Dalmore) # tftpboot 0x82000000 tegra114-dalmore.dtb
Using asx0 device
TFTP from server 192.168.100.1; our IP address is 192.168.100.100
Filename 'tegra114-dalmore.dtb'.
Load address: 0x82000000
Loading: *###
	 2.8 MiB/s
done
Bytes transferred = 35044 (88e4 hex)
Tegra114 (Dalmore) # bootz 0x81000000 - 0x82000000
Kernel image @ 0x81000000 [ 0x000000 - 0x77c0c8 ]
## Flattened Device Tree blob at 82000000
   Booting using the fdt blob at 0x82000000
   Loading Device Tree to 8fff4000, end 8ffff8e3 ... OK

Starting kernel ...

[    0.000000] Booting Linux on physical CPU 0x0
[    0.000000] Linux version 4.11.0-rc2-next-20170320-159694-gf921b26 (pwalmsley@sellafield) (gcc version 4.7.3 20130328 (prerelease) (crosstool-NG linaro-1.13.1-4.7-2013.04-20130415 - Linaro GCC 2013.04) ) #1 SMP Mon Mar 20 02:49:17 PDT 2017
[    0.000000] CPU: ARMv7 Processor [412fc0f2] revision 2 (ARMv7), cr=10c5387d
[    0.000000] CPU: div instructions available: patching division code
[    0.000000] CPU: PIPT / VIPT nonaliasing data cache, PIPT instruction cache
[    0.000000] OF: fdt: Machine model: NVIDIA Tegra114 Dalmore evaluation board
[    0.000000] debug: ignoring loglevel setting.
[    0.000000] efi: Getting EFI parameters from FDT:
[    0.000000] efi: UEFI not found.
[    0.000000] cma: Reserved 64 MiB at 0xfb800000
[    0.000000] Memory policy: Data cache writealloc
[    0.000000] On node 0 totalpages: 524032
[    0.000000] free_area_init_node: node 0, pgdat c157b8c0, node_mem_map eeff8000
[    0.000000]   DMA zone: 1536 pages used for memmap
[    0.000000]   DMA zone: 0 pages reserved
[    0.000000]   DMA zone: 196608 pages, LIFO batch:31
[    0.000000]   HighMem zone: 327424 pages, LIFO batch:31
[    0.000000] percpu: Embedded 17 pages/cpu @eef98000 s38528 r8192 d22912 u69632
[    0.000000] pcpu-alloc: s38528 r8192 d22912 u69632 alloc=17*4096
[    0.000000] pcpu-alloc: [0] 0 [0] 1 [0] 2 [0] 3 
[    0.000000] Built 1 zonelists in Zone order, mobility grouping on.  Total pages: 522496
[    0.000000] Kernel command line: ignore_loglevel console=ttyS0,115200n8 rw root=PARTUUID=7369c667-ff51-ec4a-29cd-baabf2fbe346 rootwait gpt debug earlyprintk init=/bin/bash
[    0.000000] PID hash table entries: 4096 (order: 2, 16384 bytes)
[    0.000000] Dentry cache hash table entries: 131072 (order: 7, 524288 bytes)
[    0.000000] Inode-cache hash table entries: 65536 (order: 6, 262144 bytes)
[    0.000000] Memory: 1993580K/2096128K available (10240K kernel code, 1548K rwdata, 4384K rodata, 2048K init, 417K bss, 37012K reserved, 65536K cma-reserved, 1244160K highmem)
[    0.000000] Virtual kernel memory layout:
[    0.000000]     vector  : 0xffff0000 - 0xffff1000   (   4 kB)
[    0.000000]     fixmap  : 0xffc00000 - 0xfff00000   (3072 kB)
[    0.000000]     vmalloc : 0xf0800000 - 0xff800000   ( 240 MB)
[    0.000000]     lowmem  : 0xc0000000 - 0xf0000000   ( 768 MB)
[    0.000000]     pkmap   : 0xbfe00000 - 0xc0000000   (   2 MB)
[    0.000000]     modules : 0xbf000000 - 0xbfe00000   (  14 MB)
[    0.000000]       .text : 0xc0208000 - 0xc0d00000   (11232 kB)
[    0.000000]       .init : 0xc1200000 - 0xc1400000   (2048 kB)
[    0.000000]       .data : 0xc1400000 - 0xc1583310   (1549 kB)
[    0.000000]        .bss : 0xc1585000 - 0xc15ed5c8   ( 418 kB)
[    0.000000] SLUB: HWalign=64, Order=0-3, MinObjects=0, CPUs=4, Nodes=1
[    0.000000] Hierarchical RCU implementation.
[    0.000000] 	RCU debugfs-based tracing is enabled.
[    0.000000] 	RCU restricting CPUs from NR_CPUS=16 to nr_cpu_ids=4.
[    0.000000] RCU: Adjusting geometry for rcu_fanout_leaf=16, nr_cpu_ids=4
[    0.000000] NR_IRQS:16 nr_irqs:16 16
[    0.000000] /interrupt-controller@60004000: 160 interrupts forwarded to /interrupt-controller@50041000
[    0.000000] Tegra clk 127: register failed with -17
[    0.000007] sched_clock: 32 bits at 1000kHz, resolution 1000ns, wraps every 2147483647500ns
[    0.000027] clocksource: timer_us: mask: 0xffffffff max_cycles: 0xffffffff, max_idle_ns: 1911260446275 ns
[    0.000043] Switching to timer-based delay loop, resolution 1000ns
[    0.003250] arm_arch_timer: Architected cp15 timer(s) running at 12.00MHz (virt).
[    0.003270] clocksource: arch_sys_counter: mask: 0xffffffffffffff max_cycles: 0x2c47f4ee7, max_idle_ns: 440795202497 ns
[    0.003289] sched_clock: 56 bits at 12MHz, resolution 83ns, wraps every 4398046511096ns
[    0.003304] Switching to timer-based delay loop, resolution 83ns
[    0.003712] Console: colour dummy device 80x30
[    0.003743] Calibrating delay loop (skipped), value calculated using timer frequency.. 24.00 BogoMIPS (lpj=120000)
[    0.003761] pid_max: default: 32768 minimum: 301
[    0.003859] Mount-cache hash table entries: 2048 (order: 1, 8192 bytes)
[    0.003874] Mountpoint-cache hash table entries: 2048 (order: 1, 8192 bytes)
[    0.004376] CPU: Testing write buffer coherency: ok
[    0.004617] /cpus/cpu@0 missing clock-frequency property
[    0.004647] /cpus/cpu@1 missing clock-frequency property
[    0.004678] /cpus/cpu@2 missing clock-frequency property
[    0.004710] /cpus/cpu@3 missing clock-frequency property
[    0.004724] CPU0: thread -1, cpu 0, socket 0, mpidr 80000000
[    0.005025] Setting up static identity map for 0x80300000 - 0x80300098
[    0.007521] Tegra Revision: A01 SKU: 0 CPU Process: 1 SoC Process: 0
[    0.008064] EFI services will not be available.
[    0.008301] smp: Bringing up secondary CPUs ...
[    0.008937] CPU1: thread -1, cpu 1, socket 0, mpidr 80000001
[    0.009654] CPU2: thread -1, cpu 2, socket 0, mpidr 80000002
[    0.010356] CPU3: thread -1, cpu 3, socket 0, mpidr 80000003
[    0.010444] smp: Brought up 1 node, 4 CPUs
[    0.010467] SMP: Total of 4 processors activated (96.00 BogoMIPS).
[    0.010476] CPU: All CPU(s) started in SVC mode.
[    0.011959] devtmpfs: initialized
[    0.020706] VFP support v0.3: implementor 41 architecture 4 part 30 variant f rev 0
[    0.021040] clocksource: jiffies: mask: 0xffffffff max_cycles: 0xffffffff, max_idle_ns: 19112604462750000 ns
[    0.021059] futex hash table entries: 1024 (order: 4, 65536 bytes)
[    0.022497] pinctrl core: initialized pinctrl subsystem
[    0.024231] NET: Registered protocol family 16
[    0.026445] DMA: preallocated 256 KiB pool for atomic coherent allocations
[    0.028613] cpuidle: using governor menu
[    0.051381] No ATAGs?
[    0.051507] hw-breakpoint: found 5 (+1 reserved) breakpoint and 4 watchpoint registers.
[    0.051523] hw-breakpoint: maximum watchpoint size is 8 bytes.
[    0.056493] Serial: AMBA PL011 UART driver
[    0.057224] tegra-mc 70019000.memory-controller: no memory timings for RAM code 3 registered
[    0.071525] AT91: Could not find identification node
[    0.071985] dvdd_ts: Failed to request enable GPIO61: -517
[    0.072006] reg-fixed-voltage regulators:regulator@1: Failed to register regulator: -517
[    0.072103] usb1_vbus: Failed to request enable GPIO108: -517
[    0.072118] reg-fixed-voltage regulators:regulator@3: Failed to register regulator: -517
[    0.072212] usb2_vbus: Failed to request enable GPIO86: -517
[    0.072226] reg-fixed-voltage regulators:regulator@4: Failed to register regulator: -517
[    0.072621] VDD_5V0_HDMI_CON: Failed to request enable GPIO81: -517
[    0.072636] reg-fixed-voltage regulators:regulator@7: Failed to register regulator: -517
[    0.075212] vgaarb: loaded
[    0.075938] SCSI subsystem initialized
[    0.076103] libata version 3.00 loaded.
[    0.076326] usbcore: registered new interface driver usbfs
[    0.076383] usbcore: registered new interface driver hub
[    0.076442] usbcore: registered new device driver usb
[    0.079578] tps65090 2-0048: No cache defaults, reading back from HW
[    0.081462] TPS65090_RAILSDCDC1: supplied by vdd_ac_bat
[    0.082519] TPS65090_RAILSDCDC2: supplied by vdd_ac_bat
[    0.083591] TPS65090_RAILSDCDC3: supplied by vdd_ac_bat
[    0.084114] TPS65090_RAILSFET1: supplied by vdd_ac_bat
[    0.084488] TPS65090_RAILSFET2: supplied by vdd_ac_bat
[    0.084850] TPS65090_RAILSFET3: supplied by vdd-sys-3v3
[    0.085366] TPS65090_RAILSFET4: supplied by vdd-sys-3v3
[    0.085899] TPS65090_RAILSFET5: supplied by vdd-sys-3v3
[    0.086417] TPS65090_RAILSFET6: supplied by vdd-sys-3v3
[    0.087253] TPS65090_RAILSFET7: supplied by vdd-sys-3v3
[    0.087782] TPS65090_RAILSLDO1: supplied by vdd_ac_bat
[    0.087984] TPS65090_RAILSLDO2: supplied by vdd_ac_bat
[    0.088878] palmas 2-0058: Irq flag is 0x00000004
[    0.090835] palmas 2-0058: Muxing GPIO ff, PWM 0, LED 0
[    0.093315] SMPS12: supplied by vdd-ao
[    0.094330] vdd_hdmi_5v0: supplied by vdd-sys-5v0
[    0.095144] SMPS3: supplied by vdd-ao
[    0.096888] SMPS457: supplied by vdd-sys-3v3
[    0.099754] SMPS8: supplied by vdd-sys-3v3
[    0.100626] random: fast init done
[    0.101375] SMPS9: supplied by vdd-sys-3v3
[    0.101897] sdhci-vdd-sd-slot: Bringing 2840000uV into 2800000-2800000uV
[    0.104698] LDO1: supplied by vdd-sys-3v3
[    0.105872] LDO2: supplied by vdd-sys-3v3
[    0.107060] LDO3: supplied by vddio-1v8
[    0.108230] LDO4: supplied by vdd-sys-3v3
[    0.109419] LDO5: supplied by vdd_ac_bat
[    0.110171] LDO6: supplied by vdd-sys-3v3
[    0.110684] vdd-sensor-2v85: Bringing 2900000uV into 2850000-2850000uV
[    0.112091] LDO7: supplied by vdd-sys-3v3
[    0.113807] LDO8: supplied by vdd-ao
[    0.114322] vdd-rtc: Bringing 675000uV into 900000-900000uV
[    0.124021] LDO9: supplied by sdhci-vdd-sd-slot
[    0.134351] LDOLN: supplied by vdd-sys-5v0
[    0.135543] LDOUSB: supplied by vdd-sys-5v0
[    0.147015] pps_core: LinuxPPS API ver. 1 registered
[    0.147027] pps_core: Software ver. 5.3.6 - Copyright 2005-2007 Rodolfo Giometti <giometti@linux.it>
[    0.147051] PTP clock support registered
[    0.147239] EDAC MC: Ver: 3.0.0
[    0.149360] clocksource: Switched to clocksource arch_sys_counter
[    0.205104] NET: Registered protocol family 2
[    0.205627] TCP established hash table entries: 8192 (order: 3, 32768 bytes)
[    0.205727] TCP bind hash table entries: 8192 (order: 4, 65536 bytes)
[    0.205915] TCP: Hash tables configured (established 8192 bind 8192)
[    0.206002] UDP hash table entries: 512 (order: 2, 16384 bytes)
[    0.206046] UDP-Lite hash table entries: 512 (order: 2, 16384 bytes)
[    0.206206] NET: Registered protocol family 1
[    0.206525] RPC: Registered named UNIX socket transport module.
[    0.206537] RPC: Registered udp transport module.
[    0.206547] RPC: Registered tcp transport module.
[    0.206556] RPC: Registered tcp NFSv4.1 backchannel transport module.
[    0.206569] PCI: CLS 0 bytes, default 64
[    0.208970] workingset: timestamp_bits=30 max_order=19 bucket_order=0
[    0.217384] squashfs: version 4.0 (2009/01/31) Phillip Lougher
[    0.218084] NFS: Registering the id_resolver key type
[    0.218108] Key type id_resolver registered
[    0.218118] Key type id_legacy registered
[    0.218161] ntfs: driver 2.1.32 [Flags: R/O].
[    0.219741] bounce: pool size: 64 pages
[    0.219785] Block layer SCSI generic (bsg) driver version 0.4 loaded (major 248)
[    0.219797] io scheduler noop registered
[    0.219807] io scheduler deadline registered
[    0.219977] io scheduler cfq registered (default)
[    0.219989] io scheduler mq-deadline registered
[    0.249472] tegra-apbdma 6000a000.dma: Tegra20 APB DMA driver register 32 channels
[    0.251474] tegra-pmc 7000e400.pmc: i2c-thermtrip node not found, emergency thermal reset disabled.
[    0.306772] Serial: 8250/16550 driver, 4 ports, IRQ sharing disabled
[    0.309436] console [ttyS0] disabled
[    0.309477] 70006300.serial: ttyS0 at MMIO 0x70006300 (irq = 329, base_baud = 25500000) is a Tegra
[    1.291593] console [ttyS0] enabled
[    1.295805] SuperH (H)SCI(F) driver initialized
[    1.301227] msm_serial: driver initialized
[    1.305491] STMicroelectronics ASC driver initialized
[    1.315908] tegra-hdmi 54280000.hdmi: failed to get HDMI regulator
[    1.339686] brd: module loaded
[    1.350139] loop: module loaded
[    1.369568] m25p80 spi32766.0: w25q32dw (4096 Kbytes)
[    1.377490] libphy: Fixed MDIO Bus: probed
[    1.382653] CAN device driver interface
[    1.387271] bgmac_bcma: Broadcom 47xx GBit MAC driver loaded
[    1.394111] e1000e: Intel(R) PRO/1000 Network Driver - 3.2.6-k
[    1.399951] e1000e: Copyright(c) 1999 - 2015 Intel Corporation.
[    1.405913] igb: Intel(R) Gigabit Ethernet Network Driver - version 5.4.0-k
[    1.412881] igb: Copyright (c) 2007-2014 Intel Corporation.
[    1.421587] pegasus: v0.9.3 (2013/04/25), Pegasus/Pegasus II USB Ethernet driver
[    1.429017] usbcore: registered new interface driver pegasus
[    1.434733] usbcore: registered new interface driver asix
[    1.440173] usbcore: registered new interface driver ax88179_178a
[    1.446288] usbcore: registered new interface driver cdc_ether
[    1.452178] usbcore: registered new interface driver smsc75xx
[    1.457969] usbcore: registered new interface driver smsc95xx
[    1.463752] usbcore: registered new interface driver net1080
[    1.469454] usbcore: registered new interface driver cdc_subset
[    1.475396] usbcore: registered new interface driver zaurus
[    1.481025] usbcore: registered new interface driver cdc_ncm
[    1.488471] ehci_hcd: USB 2.0 'Enhanced' Host Controller (EHCI) Driver
[    1.495012] ehci-pci: EHCI PCI platform driver
[    1.499497] ehci-platform: EHCI generic platform driver
[    1.504893] ehci-orion: EHCI orion driver
[    1.509041] SPEAr-ehci: EHCI SPEAr driver
[    1.513190] ehci-st: EHCI STMicroelectronics driver
[    1.518182] ehci-exynos: EHCI EXYNOS driver
[    1.522518] ehci-atmel: EHCI Atmel driver
[    1.526642] tegra-ehci: Tegra EHCI driver
[    1.530947] ohci_hcd: USB 1.1 'Open' Host Controller (OHCI) Driver
[    1.537129] ohci-pci: OHCI PCI platform driver
[    1.541619] ohci-platform: OHCI generic platform driver
[    1.546978] ohci-omap3: OHCI OMAP3 driver
[    1.551121] SPEAr-ohci: OHCI SPEAr driver
[    1.555249] ohci-st: OHCI STMicroelectronics driver
[    1.560256] ohci-atmel: OHCI Atmel driver
[    1.564914] usbcore: registered new interface driver usb-storage
[    1.576487] palmas-rtc 7000d000.i2c:tps65913@58:rtc: rtc core: registered 7000d000.i2c:tps659 as rtc0
[    1.587510] tegra_rtc 7000e000.rtc: rtc core: registered 7000e000.rtc as rtc1
[    1.594695] tegra_rtc 7000e000.rtc: Tegra internal Real Time Clock
[    1.601371] i2c /dev entries driver
[    1.611006] sbs-battery 0-000b: sbs_probe: Failed to get device status
[    1.617538] sbs-battery: probe of 0-000b failed with error -121
[    1.633438] sdhci: Secure Digital Host Controller Interface driver
[    1.639636] sdhci: Copyright(c) Pierre Ossman
[    1.645354] Synopsys Designware Multimedia Card Interface Driver
[    1.652493] sdhci-pltfm: SDHCI platform and OF driver helper
[    1.658822] sdhci-tegra 78000400.sdhci: Got CD GPIO
[    1.663740] sdhci-tegra 78000400.sdhci: Got WP GPIO
[    1.677837] mmc0: Invalid maximum block size, assuming 512 bytes
[    1.749502] mmc0: SDHCI controller on 78000400.sdhci [78000400.sdhci] using ADMA
[    1.769883] mmc1: Invalid maximum block size, assuming 512 bytes
[    1.839382] mmc1: SDHCI controller on 78000600.sdhci [78000600.sdhci] using ADMA
[    1.848464] ledtrig-cpu: registered to indicate activity on CPUs
[    1.854784] usbcore: registered new interface driver usbhid
[    1.860368] usbhid: USB HID core driver
[    1.867792] NET: Registered protocol family 10
[    1.877220] Segment Routing with IPv6
[    1.880956] sit: IPv6, IPv4 and MPLS over IPv4 tunneling driver
[    1.887471] NET: Registered protocol family 17
[    1.891936] can: controller area network core (rev 20120528 abi 9)
[    1.898153] NET: Registered protocol family 29
[    1.902610] can: raw protocol (rev 20120528)
[    1.906876] can: broadcast manager protocol (rev 20161123 t)
[    1.912546] can: netlink gateway (rev 20130117) max_hops=1
[    1.918340] Key type dns_resolver registered
[    1.923183] ThumbEE CPU extension supported.
[    1.927453] Registering SWP/SWPB emulation handler
[    1.956070] usb1_vbus: supplied by vdd-sys-5v0
[    1.963714] usb2_vbus: supplied by vdd-sys-5v0
[    1.976344] VDD_5V0_HDMI_CON: supplied by vdd-sys-5v0
[    1.989575] mmc0: new high speed SDHC card at address aaaa
[    1.997987] mmcblk0: mmc0:aaaa SL16G 14.8 GiB 
[    2.004361] [drm] Supports vblank timestamp caching Rev 2 (21.10.2013).
[    2.011020] [drm] No driver support for vblank timestamp query.
[    2.045492]  mmcblk0: p1 p2 p3
[    2.054366] mmc1: new high speed MMC card at address 0001
[    2.055318] mmcblk1: mmc1:0001 SEM32G 29.1 GiB 
[    2.056334] mmcblk1boot0: mmc1:0001 SEM32G partition 1 4.00 MiB
[    2.057301] mmcblk1boot1: mmc1:0001 SEM32G partition 2 4.00 MiB
[    2.058223] mmcblk1rpmb: mmc1:0001 SEM32G partition 3 4.00 MiB
[    2.062478]  mmcblk1: p1 p2 p3 p4 p5 p6 p7 p8
[    2.110417] Console: switching to colour frame buffer device 240x75
[    2.184949] drm drm: fb0:  frame buffer device
[    2.189502] [drm] Initialized tegra 0.0.0 20120330 for drm on minor 0
[    2.201567] tegra-ehci 7d008000.usb: EHCI Host Controller
[    2.206994] tegra-ehci 7d008000.usb: new USB bus registered, assigned bus number 1
[    2.214747] tegra-ehci 7d008000.usb: irq 339, io mem 0x7d008000
[    2.249485] tegra-ehci 7d008000.usb: USB 2.0 started, EHCI 1.10
[    2.256616] hub 1-0:1.0: USB hub found
[    2.260489] hub 1-0:1.0: 1 port detected
[    2.266080] input: gpio-keys as /devices/soc0/gpio-keys/input/input0
[    2.274768] palmas-rtc 7000d000.i2c:tps65913@58:rtc: setting system clock to 2001-01-11 21:25:29 UTC (979248329)
[    2.290850] dvdd_ts: disabling
[    2.293910] usb1_vbus: disabling
[    2.297134] vdd_cam_1v8_reg: disabling
[    2.302505] EXT4-fs (mmcblk1p1): mounting ext3 file system using the ext4 subsystem
[    2.325102] EXT4-fs (mmcblk1p1): recovery complete
[    2.329975] EXT4-fs (mmcblk1p1): mounted filesystem with ordered data mode. Opts: (null)
[    2.338092] VFS: Mounted root (ext3 filesystem) on device 179:17.
[    2.346641] devtmpfs: mounted
[    2.351481] Freeing unused kernel memory: 2048K
bash: cannot set terminal process group (-1): Inappropriate ioctl for device
bash: no job control in this shell
root@(none):/# [    2.619506] usb 1-1: new high-speed USB device number 2 using tegra-ehci
mount -t sysfs none /sys
[    3.310791] asix 1-1:1.0 eth0: register 'asix' at usb-7d008000.usb-1, ASIX AX88772 USB 2.0 Ethernet, 00:50:b6:0d:b5:16
root@(none):/# 
root@(none):/# mount -t debugfs none /sys/kernel/debug
root@(none):/# 
root@(none):/# rtcwake -d rtc1 -m mem -s 3
rtcwake: assuming RTC uses UTC ...
rtcwake: wakeup from "mem" using /dev/rtc1 at Thu Jan  1 00:00:20 1970
[    5.346571] PM: Syncing filesystems ... done.
[    5.375633] Freezing user space processes ... (elapsed 0.001 seconds) done.
[    5.383981] Freezing remaining freezable tasks ... (elapsed 0.001 seconds) done.
[    5.392807] Suspending console(s) (use no_console_suspend to debug)
[    5.451674] PM: suspend of devices complete after 51.243 msecs
[    5.454577] PM: late suspend of devices complete after 2.887 msecs
[    5.457163] PM: noirq suspend of devices complete after 2.575 msecs
[    5.457169] Disabling non-boot CPUs ...
[    5.457662] IRQ17 no longer affine to CPU1
[    5.594368] Entering suspend state LP1
[    5.594368] Suspended for 7.672 seconds
[    5.594388] Enabling non-boot CPUs ...
[    5.623553] CPU1 is up
[    5.663672] CPU2 is up
[    5.704309] CPU3 is up
[    5.705476] PM: noirq resume of devices complete after 1.156 msecs
[    5.707981] PM: early resume of devices complete after 2.047 msecs
[    6.300067] PM: resume of devices complete after 592.068 msecs
[    6.364398] Restarting tasks ... done.
root@(none):/# 
root@(none):/# rtcwake -d rtc1 -m mem -s 3
rtcwake: assuming RTC uses UTC ...
rtcwake: wakeup from "mem" using /dev/rtc1 at Thu Jan  1 00:00:30 1970
[    7.682515] PM: Syncing filesystems ... done.
[    7.717161] Freezing user space processes ... (elapsed 0.001 seconds) done.
[    7.725527] Freezing remaining freezable tasks ... (elapsed 0.001 seconds) done.
[    7.734395] Suspending console(s) (use no_console_suspend to debug)
[    7.791939] PM: suspend of devices complete after 50.021 msecs
[    7.795173] PM: late suspend of devices complete after 3.216 msecs
[    7.797683] PM: noirq suspend of devices complete after 2.499 msecs
[    7.797689] Disabling non-boot CPUs ...
[    7.798195] IRQ17 no longer affine to CPU1
[    7.923122] Entering suspend state LP1
[    7.923122] Suspended for 8.254 seconds
[    7.923142] Enabling non-boot CPUs ...
[    7.953975] CPU1 is up
[    7.993605] CPU2 is up
[    8.034244] CPU3 is up
[    8.035395] PM: noirq resume of devices complete after 1.140 msecs
[    8.038204] PM: early resume of devices complete after 2.355 msecs
[    8.634106] PM: resume of devices complete after 595.884 msecs
[    8.698466] Restarting tasks ... done.
root@(none):/# 
root@(none):/# rtcwake -d rtc1 -m mem -s 3
rtcwake: assuming RTC uses UTC ...
rtcwake: wakeup from "mem" using /dev/rtc1 at Thu Jan  1 00:00:40 1970
[    9.431211] PM: Syncing filesystems ... done.
[    9.464165] Freezing user space processes ... (elapsed 0.001 seconds) done.
[    9.472526] Freezing remaining freezable tasks ... (elapsed 0.001 seconds) done.
[    9.481401] Suspending console(s) (use no_console_suspend to debug)
[    9.541267] PM: suspend of devices complete after 52.358 msecs
[    9.544161] PM: late suspend of devices complete after 2.879 msecs
[    9.546853] PM: noirq suspend of devices complete after 2.678 msecs
[    9.546859] Disabling non-boot CPUs ...
[    9.547373] IRQ17 no longer affine to CPU1
[    9.703055] Entering suspend state LP1
[    9.703055] Suspended for 7.637 seconds
[    9.703076] Enabling non-boot CPUs ...
[    9.733979] CPU1 is up
[    9.773561] CPU2 is up
[    9.814292] CPU3 is up
[    9.815465] PM: noirq resume of devices complete after 1.163 msecs
[    9.817889] PM: early resume of devices complete after 1.955 msecs
[   10.407533] PM: resume of devices complete after 589.626 msecs
[   10.471945] Restarting tasks ... done.
root@(none):/# 
root@(none):/# rtcwake -d rtc1 -m mem -s 3
rtcwake: assuming RTC uses UTC ...
rtcwake: wakeup from "mem" using /dev/rtc1 at Thu Jan  1 00:00:50 1970
[   11.789495] PM: Syncing filesystems ... done.
[   11.827132] Freezing user space processes ... (elapsed 0.001 seconds) done.
[   11.835504] Freezing remaining freezable tasks ... (elapsed 0.001 seconds) done.
[   11.844378] Suspending console(s) (use no_console_suspend to debug)
[   11.901297] PM: suspend of devices complete after 49.384 msecs
[   11.904453] PM: late suspend of devices complete after 3.139 msecs
[   11.906971] PM: noirq suspend of devices complete after 2.506 msecs
[   11.906976] Disabling non-boot CPUs ...
[   11.907484] IRQ17 no longer affine to CPU1
[   12.033014] Entering suspend state LP1
[   12.033014] Suspended for 8.253 seconds
[   12.033035] Enabling non-boot CPUs ...
[   12.063897] CPU1 is up
[   12.103514] CPU2 is up
[   12.144165] CPU3 is up
[   12.145312] PM: noirq resume of devices complete after 1.135 msecs
[   12.147848] PM: early resume of devices complete after 2.253 msecs
[   12.738412] PM: resume of devices complete after 590.544 msecs
[   12.802829] Restarting tasks ... done.
root@(none):/# 
root@(none):/# rtcwake -d rtc1 -m mem -s 3
rtcwake: assuming RTC uses UTC ...
rtcwake: wakeup from "mem" using /dev/rtc1 at Thu Jan  1 00:01:00 1970
[   13.553276] PM: Syncing filesystems ... done.
[   13.591017] Freezing user space processes ... (elapsed 0.001 seconds) done.
[   13.599399] Freezing remaining freezable tasks ... (elapsed 0.001 seconds) done.
[   13.608254] Suspending console(s) (use no_console_suspend to debug)
[   13.670872] PM: suspend of devices complete after 55.080 msecs
[   13.673765] PM: late suspend of devices complete after 2.876 msecs
[   13.676294] PM: noirq suspend of devices complete after 2.517 msecs
[   13.676299] Disabling non-boot CPUs ...
[   13.774414] IRQ17 no longer affine to CPU3
[   13.823303] Entering suspend state LP1
[   13.823303] Suspended for 7.626 seconds
[   13.823324] Enabling non-boot CPUs ...
[   13.853375] CPU1 is up
[   13.893505] CPU2 is up
[   13.934180] CPU3 is up
[   13.935365] PM: noirq resume of devices complete after 1.174 msecs
[   13.937816] PM: early resume of devices complete after 1.999 msecs
[   14.529353] PM: resume of devices complete after 591.520 msecs
[   14.593677] Restarting tasks ... done.
root@(none):/# 
root@(none):/# rtcwake -d rtc1 -m mem -s 3
rtcwake: assuming RTC uses UTC ...
rtcwake: wakeup from "mem" using /dev/rtc1 at Thu Jan  1 00:01:10 1970
[   15.910926] PM: Syncing filesystems ... done.
[   15.945852] Freezing user space processes ... (elapsed 0.001 seconds) done.
[   15.954229] Freezing remaining freezable tasks ... (elapsed 0.001 seconds) done.
[   15.963102] Suspending console(s) (use no_console_suspend to debug)
[   16.020906] PM: suspend of devices complete after 50.269 msecs
[   16.024040] PM: late suspend of devices complete after 3.117 msecs
[   16.026597] PM: noirq suspend of devices complete after 2.545 msecs
[   16.026602] Disabling non-boot CPUs ...
[   16.027060] IRQ17 no longer affine to CPU1
[   16.173171] Entering suspend state LP1
[   16.173171] Suspended for 8.233 seconds
[   16.173192] Enabling non-boot CPUs ...
[   16.203308] CPU1 is up
[   16.243483] CPU2 is up
[   16.284109] CPU3 is up
[   16.285263] PM: noirq resume of devices complete after 1.142 msecs
[   16.287738] PM: early resume of devices complete after 2.013 msecs
[   16.878987] PM: resume of devices complete after 591.229 msecs
[   16.943423] Restarting tasks ... done.
root@(none):/# 
root@(none):/# rtcwake -d rtc1 -m mem -s 3
rtcwake: assuming RTC uses UTC ...
rtcwake: wakeup from "mem" using /dev/rtc1 at Thu Jan  1 00:01:20 1970
[   17.678540] PM: Syncing filesystems ... done.
[   17.713909] Freezing user space processes ... (elapsed 0.001 seconds) done.
[   17.722283] Freezing remaining freezable tasks ... (elapsed 0.001 seconds) done.
[   17.731154] Suspending console(s) (use no_console_suspend to debug)
[   17.791156] PM: suspend of devices complete after 52.485 msecs
[   17.794303] PM: late suspend of devices complete after 3.130 msecs
[   17.796740] PM: noirq suspend of devices complete after 2.426 msecs
[   17.796746] Disabling non-boot CPUs ...
[   17.797253] IRQ17 no longer affine to CPU1
[   17.922922] Entering suspend state LP1
[   17.922922] Suspended for 7.667 seconds
[   17.922943] Enabling non-boot CPUs ...
[   17.953765] CPU1 is up
[   17.993376] CPU2 is up
[   18.034078] CPU3 is up
[   18.035267] PM: noirq resume of devices complete after 1.177 msecs
[   18.038006] PM: early resume of devices complete after 2.295 msecs
[   18.629547] PM: resume of devices complete after 591.524 msecs
[   18.693998] Restarting tasks ... done.
root@(none):/# 
root@(none):/# rtcwake -d rtc1 -m mem -s 3
rtcwake: assuming RTC uses UTC ...
rtcwake: wakeup from "mem" using /dev/rtc1 at Thu Jan  1 00:01:30 1970
[   20.009710] PM: Syncing filesystems ... done.
[   20.047642] Freezing user space processes ... (elapsed 0.001 seconds) done.
[   20.056010] Freezing remaining freezable tasks ... (elapsed 0.001 seconds) done.
[   20.064900] Suspending console(s) (use no_console_suspend to debug)
[   20.131433] PM: suspend of devices complete after 59.007 msecs
[   20.134570] PM: late suspend of devices complete after 3.119 msecs
[   20.137008] PM: noirq suspend of devices complete after 2.427 msecs
[   20.137014] Disabling non-boot CPUs ...
[   20.137522] IRQ17 no longer affine to CPU1
[   20.283084] Entering suspend state LP1
[   20.283084] Suspended for 8.223 seconds
[   20.283105] Enabling non-boot CPUs ...
[   20.313259] CPU1 is up
[   20.353371] CPU2 is up
[   20.394024] CPU3 is up
[   20.395185] PM: noirq resume of devices complete after 1.150 msecs
[   20.397656] PM: early resume of devices complete after 2.000 msecs
[   20.990795] PM: resume of devices complete after 593.118 msecs
[   21.055164] Restarting tasks ... done.
root@(none):/# 
root@(none):/# rtcwake -d rtc1 -m mem -s 3
rtcwake: assuming RTC uses UTC ...
rtcwake: wakeup from "mem" using /dev/rtc1 at Thu Jan  1 00:01:40 1970
[   21.789578] PM: Syncing filesystems ... done.
[   21.824443] Freezing user space processes ... (elapsed 0.001 seconds) done.
[   21.832828] Freezing remaining freezable tasks ... (elapsed 0.001 seconds) done.
[   21.841704] Suspending console(s) (use no_console_suspend to debug)
[   21.901062] PM: suspend of devices complete after 51.817 msecs
[   21.904127] PM: late suspend of devices complete after 3.048 msecs
[   21.906454] PM: noirq suspend of devices complete after 2.315 msecs
[   21.906459] Disabling non-boot CPUs ...
[   21.906960] IRQ17 no longer affine to CPU1
[   22.032775] Entering suspend state LP1
[   22.032775] Suspended for 7.667 seconds
[   22.032796] Enabling non-boot CPUs ...
[   22.063728] CPU1 is up
[   22.103312] CPU2 is up
[   22.143966] CPU3 is up
[   22.145114] PM: noirq resume of devices complete after 1.137 msecs
[   22.147921] PM: early resume of devices complete after 2.359 msecs
[   22.739616] PM: resume of devices complete after 591.678 msecs
[   22.803953] Restarting tasks ... done.
root@(none):/# 
root@(none):/# rtcwake -d rtc1 -m mem -s 3
rtcwake: assuming RTC uses UTC ...
rtcwake: wakeup from "mem" using /dev/rtc1 at Thu Jan  1 00:01:50 1970
[   24.119538] PM: Syncing filesystems ... done.
[   24.157039] Freezing user space processes ... (elapsed 0.001 seconds) done.
[   24.165424] Freezing remaining freezable tasks ... (elapsed 0.001 seconds) done.
[   24.174300] Suspending console(s) (use no_console_suspend to debug)
[   24.231224] PM: suspend of devices complete after 49.386 msecs
[   24.234490] PM: late suspend of devices complete after 3.248 msecs
[   24.236989] PM: noirq suspend of devices complete after 2.487 msecs
[   24.236994] Disabling non-boot CPUs ...
[   24.237492] IRQ17 no longer affine to CPU1
[   24.362758] Entering suspend state LP1
[   24.362758] Suspended for 8.253 seconds
[   24.362778] Enabling non-boot CPUs ...
[   24.393626] CPU1 is up
[   24.433248] CPU2 is up
[   24.473884] CPU3 is up
[   24.475030] PM: noirq resume of devices complete after 1.135 msecs
[   24.477486] PM: early resume of devices complete after 2.002 msecs
[   25.069312] PM: resume of devices complete after 591.807 msecs
[   25.133788] Restarting tasks ... done.
root@(none):/# 
root@(none):/# NVTB SYSTEM SUSPEND TEST COMPLETE
