
U-Boot SPL 2015.04-rc3-00209-ga74ef40 (Mar 16 2015 - 14:43:39)


U-Boot 2015.04-rc3-00209-ga74ef40 (Mar 16 2015 - 14:43:39)

TEGRA20
Model: Compulab TrimSlice board
DRAM:  1 GiB
MMC:   Tegra SD/MMC: 0, Tegra SD/MMC: 1
SF: Detected W25Q80BL with page size 256 Bytes, erase size 4 KiB, total 1 MiB
tegra-pcie: PCI regions:
tegra-pcie:   I/O: 0x82000000-0x82010000
tegra-pcie:   non-prefetchable memory: 0xa0000000-0xa8000000
tegra-pcie:   prefetchable memory: 0xa8000000-0xc0000000
tegra-pcie: dual-mode configuration
tegra-pcie: probing port 0, using 2 lanes
In:    serial
Out:   serial
Err:   serial
Net:   RTL8169#0
Hit any key to stop autoboot:  2  0 
Tegra20 (TrimSlice) # 
Tegra20 (TrimSlice) # usb reset
resetting USB...
USB0:   USB EHCI 1.00
scanning bus 0 for devices... 3 USB Device(s) found
USB1:   USB EHCI 1.00
scanning bus 1 for devices... 1 USB Device(s) found
USB2:   lowlevel init failed
       scanning usb for storage devices... 0 Storage Device(s) found
       scanning usb for ethernet devices... 
Warning: asx0 using MAC address from net device
1 Ethernet Device(s) found
Tegra20 (TrimSlice) # setenv bootargs 'ignore_loglevel console=ttyS0,115200n8 rw root=PARTUUID=11eb23c1-01 rootwait gpt debug noinitrd earlyprintk init=/bin/bash'
Tegra20 (TrimSlice) # setenv ipaddr 192.168.100.103; setenv serverip 192.168.100.1; setenv tftpserverip 192.168.100.1
Tegra20 (TrimSlice) # tftpboot 0x00408000 zImage.tegra_defconfig
Using RTL8169#0 device
TFTP from server 192.168.100.1; our IP address is 192.168.100.103
Filename 'zImage.tegra_defconfig'.
Load address: 0x408000
Loading: *#################################################################
	 #################################################################
	 #################################################################
	 #################################################################
	 #################################################################
	 #################################################################
	 #############################
	 3.6 MiB/s
done
Bytes transferred = 6149208 (5dd458 hex)
Tegra20 (TrimSlice) # tftpboot 0x02408000 tegra20-trimslice.dtb
Using RTL8169#0 device
TFTP from server 192.168.100.1; our IP address is 192.168.100.103
Filename 'tegra20-trimslice.dtb'.
Load address: 0x2408000
Loading: *##
	 3.4 MiB/s
done
Bytes transferred = 21454 (53ce hex)
Tegra20 (TrimSlice) # bootz 0x00408000 - 0x02408000
Kernel image @ 0x408000 [ 0x000000 - 0x5dd458 ]
## Flattened Device Tree blob at 02408000
   Booting using the fdt blob at 0x2408000
   Using Device Tree in place at 02408000, end 024103cd

Starting kernel ...

Uncompressing Linux... done, booting the kernel.
[    0.000000] Booting Linux on physical CPU 0x0
[    0.000000] Linux version 4.13.0-rc1-next-20170720-187076-gf80addb (jonathanh@kaivo) (gcc version 4.7.3 20130328 (prerelease) (crosstool-NG linaro-1.13.1-4.7-2013.04-20130415 - Linaro GCC 2013.04)) #1 SMP PREEMPT Wed Jul 19 22:28:20 PDT 2017
[    0.000000] CPU: ARMv7 Processor [411fc090] revision 0 (ARMv7), cr=10c5387d
[    0.000000] CPU: PIPT / VIPT nonaliasing data cache, VIPT aliasing instruction cache
[    0.000000] OF: fdt: Machine model: Compulab TrimSlice board
[    0.000000] debug: ignoring loglevel setting.
[    0.000000] bootconsole [earlycon0] enabled
[    0.000000] Memory policy: Data cache writealloc
[    0.000000] cma: Reserved 64 MiB at 0x3c000000
[    0.000000] On node 0 totalpages: 262144
[    0.000000] free_area_init_node: node 0, pgdat c0eafa00, node_mem_map ef7f7000
[    0.000000]   Normal zone: 1536 pages used for memmap
[    0.000000]   Normal zone: 0 pages reserved
[    0.000000]   Normal zone: 196608 pages, LIFO batch:31
[    0.000000]   HighMem zone: 65536 pages, LIFO batch:15
[    0.000000] percpu: Embedded 17 pages/cpu @ef7c3000 s39424 r8192 d22016 u69632
[    0.000000] pcpu-alloc: s39424 r8192 d22016 u69632 alloc=17*4096
[    0.000000] pcpu-alloc: [0] 0 [0] 1 
[    0.000000] Built 1 zonelists in Zone order, mobility grouping on.  Total pages: 260608
[    0.000000] Kernel command line: ignore_loglevel console=ttyS0,115200n8 rw root=PARTUUID=11eb23c1-01 rootwait gpt debug noinitrd earlyprintk init=/bin/bash
[    0.000000] PID hash table entries: 4096 (order: 2, 16384 bytes)
[    0.000000] Dentry cache hash table entries: 131072 (order: 7, 524288 bytes)
[    0.000000] Inode-cache hash table entries: 65536 (order: 6, 262144 bytes)
[    0.000000] Memory: 959388K/1048576K available (9216K kernel code, 744K rwdata, 2732K rodata, 1024K init, 299K bss, 23652K reserved, 65536K cma-reserved, 196608K highmem)
[    0.000000] Virtual kernel memory layout:
[    0.000000]     vector  : 0xffff0000 - 0xffff1000   (   4 kB)
[    0.000000]     fixmap  : 0xffc00000 - 0xfff00000   (3072 kB)
[    0.000000]     vmalloc : 0xf0800000 - 0xff800000   ( 240 MB)
[    0.000000]     lowmem  : 0xc0000000 - 0xf0000000   ( 768 MB)
[    0.000000]     pkmap   : 0xbfe00000 - 0xc0000000   (   2 MB)
[    0.000000]     modules : 0xbf000000 - 0xbfe00000   (  14 MB)
[    0.000000]       .text : 0xc0008000 - 0xc0a00000   (10208 kB)
[    0.000000]       .init : 0xc0d00000 - 0xc0e00000   (1024 kB)
[    0.000000]       .data : 0xc0e00000 - 0xc0eba220   ( 745 kB)
[    0.000000]        .bss : 0xc0ec4604 - 0xc0f0f3bc   ( 300 kB)
[    0.000000] Preemptible hierarchical RCU implementation.
[    0.000000] 	RCU restricting CPUs from NR_CPUS=4 to nr_cpu_ids=2.
[    0.000000] 	Tasks RCU enabled.
[    0.000000] RCU: Adjusting geometry for rcu_fanout_leaf=16, nr_cpu_ids=2
[    0.000000] NR_IRQS: 16, nr_irqs: 16, preallocated irqs: 16
[    0.000000] /interrupt-controller@60004000: 128 interrupts forwarded to /interrupt-controller@50041000
[    0.000000] L2C: platform modifies aux control register: 0x02080000 -> 0x3e480001
[    0.000000] L2C: DT/platform modifies aux control register: 0x02080000 -> 0x3e480001
[    0.000000] L2C-310 errata 727915 769419 enabled
[    0.000000] L2C-310 enabling early BRESP for Cortex-A9
[    0.000000] L2C-310: enabling full line of zeros but not enabled in Cortex-A9
[    0.000000] L2C-310 ID prefetch enabled, offset 1 lines
[    0.000000] L2C-310 cache controller enabled, 8 ways, 1024 kB
[    0.000000] L2C-310: CACHE_ID 0x410000c4, AUX_CTRL 0x7e480001
[    0.000009] sched_clock: 32 bits at 1000kHz, resolution 1000ns, wraps every 2147483647500ns
[    0.008352] clocksource: timer_us: mask: 0xffffffff max_cycles: 0xffffffff, max_idle_ns: 1911260446275 ns
[    0.017967] Switching to timer-based delay loop, resolution 1000ns
[    0.024885] Console: colour dummy device 80x30
[    0.029330] Calibrating delay loop (skipped), value calculated using timer frequency.. 2.00 BogoMIPS (lpj=10000)
[    0.039556] pid_max: default: 32768 minimum: 301
[    0.044687] Mount-cache hash table entries: 2048 (order: 1, 8192 bytes)
[    0.051303] Mountpoint-cache hash table entries: 2048 (order: 1, 8192 bytes)
[    0.059170] CPU: Testing write buffer coherency: ok
[    0.064337] CPU0: thread -1, cpu 0, socket 0, mpidr 80000000
[    0.110007] Setting up static identity map for 0x100000 - 0x1000a0
[    0.116307] Hierarchical SRCU implementation.
[    0.140296] Tegra Revision: A03 prime SKU: 8 CPU Process: 1 SoC Process: 2
[    0.159970] smp: Bringing up secondary CPUs ...
[    0.210562] CPU1: thread -1, cpu 1, socket 0, mpidr 80000001
[    0.210638] smp: Brought up 1 node, 2 CPUs
[    0.220480] SMP: Total of 2 processors activated (4.00 BogoMIPS).
[    0.226597] CPU: All CPU(s) started in SVC mode.
[    0.232335] devtmpfs: initialized
[    0.241907] VFP support v0.3: implementor 41 architecture 3 part 30 variant 9 rev 1
[    0.249815] clocksource: jiffies: mask: 0xffffffff max_cycles: 0xffffffff, max_idle_ns: 19112604462750000 ns
[    0.259648] futex hash table entries: 512 (order: 3, 32768 bytes)
[    0.268542] pinctrl core: initialized pinctrl subsystem
[    0.274880] random: get_random_u32 called from bucket_table_alloc+0xec/0x258 with crng_init=0
[    0.283636] NET: Registered protocol family 16
[    0.290012] DMA: preallocated 256 KiB pool for atomic coherent allocations
[    0.298346] cpuidle: using governor menu
[    0.321742] No ATAGs?
[    0.321818] hw-breakpoint: found 5 (+1 reserved) breakpoint and 1 watchpoint registers.
[    0.332163] hw-breakpoint: maximum watchpoint size is 4 bytes.
[    0.358593] usb1_vbus: Failed to request enable GPIO170: -517
[    0.364376] reg-fixed-voltage regulators:regulator@2: Failed to register regulator: -517
[    0.375344] vgaarb: loaded
[    0.378884] SCSI subsystem initialized
[    0.382909] libata version 3.00 loaded.
[    0.387158] usbcore: registered new interface driver usbfs
[    0.392748] usbcore: registered new interface driver hub
[    0.398142] usbcore: registered new device driver usb
[    0.405085] Linux video capture interface: v2.00
[    0.409788] pps_core: LinuxPPS API ver. 1 registered
[    0.414755] pps_core: Software ver. 5.3.6 - Copyright 2005-2007 Rodolfo Giometti <giometti@linux.it>
[    0.423984] PTP clock support registered
[    0.428612] Advanced Linux Sound Architecture Driver Initialized.
[    0.435531] Bluetooth: Core ver 2.22
[    0.439158] NET: Registered protocol family 31
[    0.443621] Bluetooth: HCI device and connection manager initialized
[    0.450032] Bluetooth: HCI socket layer initialized
[    0.454961] Bluetooth: L2CAP socket layer initialized
[    0.460112] Bluetooth: SCO socket layer initialized
[    0.466374] clocksource: Switched to clocksource timer_us
[    0.557951] NET: Registered protocol family 2
[    0.563303] TCP established hash table entries: 8192 (order: 3, 32768 bytes)
[    0.570429] TCP bind hash table entries: 8192 (order: 4, 65536 bytes)
[    0.576975] TCP: Hash tables configured (established 8192 bind 8192)
[    0.583992] UDP hash table entries: 512 (order: 2, 16384 bytes)
[    0.589972] UDP-Lite hash table entries: 512 (order: 2, 16384 bytes)
[    0.596627] NET: Registered protocol family 1
[    0.601660] RPC: Registered named UNIX socket transport module.
[    0.607591] RPC: Registered udp transport module.
[    0.612333] RPC: Registered tcp transport module.
[    0.617116] RPC: Registered tcp NFSv4.1 backchannel transport module.
[    0.623604] PCI: CLS 0 bytes, default 64
[    0.628961] hw perfevents: no interrupt-affinity property for /pmu, guessing.
[    0.636250] hw perfevents: enabled with armv7_cortex_a9 PMU driver, 7 counters available
[    0.646307] workingset: timestamp_bits=30 max_order=18 bucket_order=0
[    0.653881] squashfs: version 4.0 (2009/01/31) Phillip Lougher
[    0.660486] NFS: Registering the id_resolver key type
[    0.665555] Key type id_resolver registered
[    0.669802] Key type id_legacy registered
[    0.674470] random: fast init done
[    0.682003] bounce: pool size: 64 pages
[    0.685906] io scheduler noop registered (default)
[    0.690735] io scheduler mq-deadline registered
[    0.695278] io scheduler kyber registered
[    0.703951] tegra-pcie 80003000.pcie: dual-mode configuration
[    0.710652] tegra-pcie 80003000.pcie: probing port 0, using 2 lanes
[    0.786760] tegra-pcie 80003000.pcie: PCI host bridge to bus 0000:00
[    0.793105] pci_bus 0000:00: root bus resource [io  0x0000-0xffff]
[    0.799366] pci_bus 0000:00: root bus resource [mem 0xa0000000-0xa7ffffff]
[    0.806276] pci_bus 0000:00: root bus resource [mem 0xa8000000-0xbfffffff pref]
[    0.813658] pci_bus 0000:00: root bus resource [bus 00-ff]
[    0.819236] pci 0000:00:01.0: [10de:0bf0] type 01 class 0x060000
[    0.825265] pci_bus 0000:00: 2-byte config write to 0000:00:01.0 offset 0x4 may corrupt adjacent RW1C bits
[    0.834979] pci_bus 0000:00: 2-byte config write to 0000:00:01.0 offset 0x4 may corrupt adjacent RW1C bits
[    0.844694] pci_bus 0000:00: 2-byte config write to 0000:00:01.0 offset 0x88 may corrupt adjacent RW1C bits
[    0.854491] pci_bus 0000:00: 2-byte config write to 0000:00:01.0 offset 0x52 may corrupt adjacent RW1C bits
[    0.864284] pci 0000:00:01.0: PME# supported from D0 D1 D2 D3hot D3cold
[    0.870943] pci_bus 0000:00: 2-byte config write to 0000:00:01.0 offset 0x4c may corrupt adjacent RW1C bits
[    0.880993] pci_bus 0000:00: 2-byte config write to 0000:00:01.0 offset 0x3e may corrupt adjacent RW1C bits
[    0.890740] pci_bus 0000:00: 2-byte config write to 0000:00:01.0 offset 0x4 may corrupt adjacent RW1C bits
[    0.900437] pci_bus 0000:00: 1-byte config write to 0000:00:01.0 offset 0xc may corrupt adjacent RW1C bits
[    0.910138] PCI: bus0: Fast back to back transfers disabled
[    0.915763] pci 0000:00:01.0: bridge configuration invalid ([bus 00-00]), reconfiguring
[    0.923835] pci_bus 0000:00: 2-byte config write to 0000:00:01.0 offset 0x3e may corrupt adjacent RW1C bits
[    0.933629] pci_bus 0000:00: 2-byte config write to 0000:00:01.0 offset 0x3e may corrupt adjacent RW1C bits
[    0.943611] pci 0000:01:00.0: [10ec:8168] type 00 class 0x020000
[    0.949648] pci 0000:01:00.0: reg 0x10: [io  0x0000-0x00ff]
[    0.955255] pci 0000:01:00.0: reg 0x18: [mem 0x00000000-0x00000fff 64bit pref]
[    0.962544] pci 0000:01:00.0: reg 0x20: [mem 0x00000000-0x00003fff 64bit pref]
[    0.969818] pci 0000:01:00.0: reg 0x30: [mem 0x00000000-0x0001ffff pref]
[    0.976639] pci 0000:01:00.0: supports D1 D2
[    0.980900] pci 0000:01:00.0: PME# supported from D0 D1 D2 D3hot D3cold
[    1.016408] PCI: bus1: Fast back to back transfers disabled
[    1.021972] pci_bus 0000:01: busn_res: [bus 01-ff] end is updated to 01
[    1.028687] pci 0000:00:01.0: BAR 8: assigned [mem 0xa0000000-0xa00fffff]
[    1.035492] pci 0000:00:01.0: BAR 9: assigned [mem 0xa8000000-0xa80fffff 64bit pref]
[    1.043306] pci 0000:00:01.0: BAR 7: assigned [io  0x1000-0x1fff]
[    1.049464] pci 0000:01:00.0: BAR 6: assigned [mem 0xa0000000-0xa001ffff pref]
[    1.056738] pci 0000:01:00.0: BAR 4: assigned [mem 0xa8000000-0xa8003fff 64bit pref]
[    1.064535] pci 0000:01:00.0: BAR 2: assigned [mem 0xa8004000-0xa8004fff 64bit pref]
[    1.072347] pci 0000:01:00.0: BAR 0: assigned [io  0x1000-0x10ff]
[    1.078492] pci 0000:00:01.0: PCI bridge to [bus 01]
[    1.083503] pci 0000:00:01.0:   bridge window [io  0x1000-0x1fff]
[    1.089670] pci 0000:00:01.0:   bridge window [mem 0xa0000000-0xa00fffff]
[    1.096515] pci 0000:00:01.0:   bridge window [mem 0xa8000000-0xa80fffff 64bit pref]
[    1.104318] pci 0000:00:01.0: nv_msi_ht_cap_quirk didn't locate host bridge
[    1.111394] Disabling cpuidle LP2 state, since PCIe IRQs are in use
[    1.117689] pcieport 0000:00:01.0: enabling device (0140 -> 0143)
[    1.124068] pcieport 0000:00:01.0: Signaling PME with IRQ 295
[    1.133170] tegra-apbdma 6000a000.dma: Tegra20 APB DMA driver register 16 channels
[    1.142259] Serial: 8250/16550 driver, 4 ports, IRQ sharing disabled
[    1.150694] console [ttyS0] disabled
[    1.154297] 70006000.serial: ttyS0 at MMIO 0x70006000 (irq = 279, base_baud = 13500000) is a Tegra
[    1.163347] console [ttyS0] enabled
[    1.163347] console [ttyS0] enabled
[    1.170314] bootconsole [earlycon0] disabled
[    1.170314] bootconsole [earlycon0] disabled
[    1.181265] tegra-hdmi 54280000.hdmi: 54280000.hdmi supply hdmi not found, using dummy regulator
[    1.192985] [drm] Supports vblank timestamp caching Rev 2 (21.10.2013).
[    1.199636] [drm] No driver support for vblank timestamp query.
[    1.205665] [drm] Cannot find any crtc or sizes - going 1024x768
[    1.228302] Console: switching to colour frame buffer device 128x48
[    1.242348] drm drm: fb0:  frame buffer device
[    1.246854] [drm] Initialized tegra 0.0.0 20120330 for drm on minor 0
[    1.264373] loop: module loaded
[    1.270068] m25p80 spi32766.0: found s25fl008k, expected w25q80bl
[    1.276227] m25p80 spi32766.0: s25fl008k (1024 Kbytes)
[    1.283461] libphy: Fixed MDIO Bus: probed
[    1.287610] CAN device driver interface
[    1.291504] igb: Intel(R) Gigabit Ethernet Network Driver - version 5.4.0-k
[    1.298465] igb: Copyright (c) 2007-2014 Intel Corporation.
[    1.304239] r8169 Gigabit Ethernet driver 2.3LK-NAPI loaded
[    1.309891] r8169 0000:01:00.0: enabling device (0140 -> 0143)
[    1.316885] r8169 0000:01:00.0 eth0: RTL8168d/8111d at 0xf08e7000, 00:01:c0:13:7d:63, XID 081000c0 IRQ 296
[    1.326566] r8169 0000:01:00.0 eth0: jumbo features [frames: 9200 bytes, tx checksumming: ko]
[    1.335191] pegasus: v0.9.3 (2013/04/25), Pegasus/Pegasus II USB Ethernet driver
[    1.342681] usbcore: registered new interface driver pegasus
[    1.348470] usbcore: registered new interface driver asix
[    1.353927] usbcore: registered new interface driver ax88179_178a
[    1.360094] usbcore: registered new interface driver cdc_ether
[    1.366000] usbcore: registered new interface driver smsc75xx
[    1.371861] usbcore: registered new interface driver smsc95xx
[    1.377683] usbcore: registered new interface driver net1080
[    1.383408] usbcore: registered new interface driver cdc_subset
[    1.389397] usbcore: registered new interface driver zaurus
[    1.395043] usbcore: registered new interface driver cdc_ncm
[    1.401011] tegra-phy c5004000.usb-phy: no vbus regulator
[    1.407522] tegra-phy c5008000.usb-phy: no vbus regulator
[    1.413006] ehci_hcd: USB 2.0 'Enhanced' Host Controller (EHCI) Driver
[    1.419534] ehci-pci: EHCI PCI platform driver
[    1.424041] tegra-ehci: Tegra EHCI driver
[    1.487576] ulpi_phy_power_on: ulpi write failed
[    1.492184] tegra-ehci c5004000.usb: Failed to power on the phy
[    1.498125] tegra-ehci: probe of c5004000.usb failed with error -110
[    1.507117] tegra-ehci c5008000.usb: EHCI Host Controller
[    1.512530] tegra-ehci c5008000.usb: new USB bus registered, assigned bus number 1
[    1.520411] tegra-ehci c5008000.usb: irq 290, io mem 0xc5008000
[    1.546390] tegra-ehci c5008000.usb: USB 2.0 started, EHCI 1.00
[    1.553251] hub 1-0:1.0: USB hub found
[    1.557067] hub 1-0:1.0: 1 port detected
[    1.561764] usbcore: registered new interface driver cdc_acm
[    1.567430] cdc_acm: USB Abstract Control Model driver for USB modems and ISDN adapters
[    1.575486] usbcore: registered new interface driver cdc_wdm
[    1.581281] usbcore: registered new interface driver usb-storage
[    1.588803] rtc-em3027 2-0056: rtc core: registered rtc-em3027 as rtc0
[    1.595964] tegra_rtc 7000e000.rtc: rtc core: registered 7000e000.rtc as rtc1
[    1.603160] tegra_rtc 7000e000.rtc: Tegra internal Real Time Clock
[    1.609596] i2c /dev entries driver
[    1.614016] usbcore: registered new interface driver uvcvideo
[    1.619767] USB Video Class driver (1.1.1)
[    1.623850] gspca_main: v2.14.0 registered
[    1.629252] sdhci: Secure Digital Host Controller Interface driver
[    1.635416] sdhci: Copyright(c) Pierre Ossman
[    1.639809] sdhci-pltfm: SDHCI platform and OF driver helper
[    1.653934] mmc0: Invalid maximum block size, assuming 512 bytes
[    1.717445] mmc0: SDHCI controller on c8000000.sdhci [c8000000.sdhci] using ADMA
[    1.724960] sdhci-tegra c8000600.sdhci: Got CD GPIO
[    1.729862] sdhci-tegra c8000600.sdhci: Got WP GPIO
[    1.742907] mmc1: Invalid maximum block size, assuming 512 bytes
[    1.806530] mmc1: SDHCI controller on c8000600.sdhci [c8000600.sdhci] using ADMA
[    1.815651] usbcore: registered new interface driver usbhid
[    1.823262] usbhid: USB HID core driver
[    1.837342] tegra-snd-trimslice sound: tlv320aic23-hifi <-> 70002800.i2s mapping ok
[    1.847704] NET: Registered protocol family 10
[    1.853566] Segment Routing with IPv6
[    1.857455] mip6: Mobile IPv6
[    1.860446] sit: IPv6, IPv4 and MPLS over IPv4 tunneling driver
[    1.868133] NET: Registered protocol family 17
[    1.872580] NET: Registered protocol family 15
[    1.877053] can: controller area network core (rev 20170425 abi 9)
[    1.883454] NET: Registered protocol family 29
[    1.887906] can: raw protocol (rev 20170425)
[    1.892164] can: broadcast manager protocol (rev 20170425 t)
[    1.897857] can: netlink gateway (rev 20170425) max_hops=1
[    1.903524] Bluetooth: RFCOMM socket layer initialized
[    1.908702] Bluetooth: RFCOMM ver 1.11
[    1.912449] Bluetooth: BNEP (Ethernet Emulation) ver 1.3
[    1.917778] usb 1-1: new high-speed USB device number 2 using tegra-ehci
[    1.924599] Bluetooth: BNEP socket layer initialized
[    1.929566] Bluetooth: HIDP (Human Interface Emulation) ver 1.2
[    1.935475] Bluetooth: HIDP socket layer initialized
[    1.941466] Key type dns_resolver registered
[    1.946527] Registering SWP/SWPB emulation handler
[    1.958327] mmc1: new high speed SD card at address b368
[    1.972056] mmcblk1: mmc1:b368 NCard 1.83 GiB (ro)
[    1.980990] utmi_phy_clk_enable: timeout waiting for phy to stabilize
[    1.987793] tegra-ehci c5000000.usb: EHCI Host Controller
[    1.988910] mmcblk1: error -5 sending stop command, original cmd response 0x900, card status 0x900
[    1.988920] mmcblk1: error -5 transferring data, sector 3839992, nr 8, cmd response 0x900, card status 0x80000b00
[    2.012477] tegra-ehci c5000000.usb: new USB bus registered, assigned bus number 2
[    2.020830] tegra-ehci c5000000.usb: irq 288, io mem 0xc5000000
[    2.080550] mmcblk1: error -5 sending stop command, original cmd response 0x900, card status 0x900
[    2.086406] tegra-ehci c5000000.usb: USB 2.0 started, EHCI 1.00
[    2.087933] hub 2-0:1.0: USB hub found
[    2.087996] hub 2-0:1.0: 1 port detected
[    2.089217] input: gpio-keys as /devices/soc0/gpio-keys/input/input0
[    2.099374] rtc-em3027 2-0056: hctosys: unable to read the hardware clock
[    2.099749] ALSA device list:
[    2.099754]   #0: tegra-trimslice
[    2.122850] mmcblk1: error -5 transferring data, sector 3839992, nr 8, cmd response 0x900, card status 0x80000b00
[    2.122873] mmcblk1: retrying using single block read
[    2.123171] hub 1-1:1.0: USB hub found
[    2.133331] hub 1-1:1.0: 4 ports detected
[    2.147655]  mmcblk1: p1 p2
[    2.151835] Waiting for root device PARTUUID=11eb23c1-01...
[    2.466431] usb 1-1.2: new high-speed USB device number 3 using tegra-ehci
[    2.984395] mmc0: host does not support reading read-only switch, assuming write-enable
[    2.994592] mmc0: new high speed SDHC card at address b368
[    3.003014] mmcblk0: mmc0:b368 NCard 3.70 GiB 
[    3.012049] mmcblk0: error -5 sending stop command, original cmd response 0x900, card status 0x900
[    3.021123] mmcblk0: error -5 transferring data, sector 7759864, nr 8, cmd response 0x900, card status 0x80000b00
[    3.104703] asix 1-1.2:1.0 eth1: register 'asix' at usb-c5008000.usb-1.2, ASIX AX88772 USB 2.0 Ethernet, 00:60:6e:60:6c:68
[    3.121428] mmcblk0: error -5 sending stop command, original cmd response 0x900, card status 0x900
[    3.130599] mmcblk0: error -5 transferring data, sector 7759864, nr 8, cmd response 0x900, card status 0x80000b00
[    3.140963] mmcblk0: retrying using single block read
[    3.149014]  mmcblk0: p1
[    3.178040] mmcblk0: r/w command failed, status = 0x80000900
[    3.280970] EXT4-fs (mmcblk0p1): mounting ext3 file system using the ext4 subsystem
[    3.531822] EXT4-fs (mmcblk0p1): recovery complete
[    3.604607] EXT4-fs (mmcblk0p1): mounted filesystem with ordered data mode. Opts: (null)
[    3.612925] VFS: Mounted root (ext3 filesystem) on device 179:17.
[    3.630208] devtmpfs: mounted
[    3.636034] Freeing unused kernel memory: 1024K
bash: cannot set terminal process group (-1): Inappropriate ioctl for device
bash: no job control in this shell
root@(none):/#  
root@(none):/# mount -t sysfs none /[   12.531060] random: crng init done
sys
root@(none):/# 
root@(none):/# mount -t debugfs none /sys/kernel/debug
root@(none):/# 
root@(none):/# rtcwake -d rtc1 -m[   15.443207] irq 279: nobody cared (try booting with the "irqpoll" option)
[   15.450027] CPU: 0 PID: 1 Comm: bash Not tainted 4.13.0-rc1-next-20170720-187076-gf80addb #1
[   15.458468] Hardware name: NVIDIA Tegra SoC (Flattened Device Tree)
[   15.464826] [<c0110cd8>] (unwind_backtrace) from [<c010bc9c>] (show_stack+0x10/0x14)
[   15.472624] [<c010bc9c>] (show_stack) from [<c0912f18>] (dump_stack+0x84/0xa4)
[   15.479897] [<c0912f18>] (dump_stack) from [<c01767bc>] (__report_bad_irq+0x24/0xc0)
[   15.487674] [<c01767bc>] (__report_bad_irq) from [<c0176b90>] (note_interrupt+0x260/0x2bc)
[   15.495968] [<c0176b90>] (note_interrupt) from [<c0174190>] (handle_irq_event_percpu+0x48/0x58)
[   15.504694] [<c0174190>] (handle_irq_event_percpu) from [<c01741d8>] (handle_irq_event+0x38/0x5c)
[   15.513588] [<c01741d8>] (handle_irq_event) from [<c0177748>] (handle_fasteoi_irq+0x94/0x124)
[   15.522132] [<c0177748>] (handle_fasteoi_irq) from [<c01736e4>] (generic_handle_irq+0x18/0x28)
[   15.530769] [<c01736e4>] (generic_handle_irq) from [<c01737ec>] (__handle_domain_irq+0x54/0xb4)
[   15.539488] [<c01737ec>] (__handle_domain_irq) from [<c01013f0>] (gic_handle_irq+0x44/0x90)
[   15.547857] [<c01013f0>] (gic_handle_irq) from [<c010c84c>] (__irq_svc+0x6c/0xa8)
[   15.555343] Exception stack(0xef09bd18 to 0xef09bd60)
[   15.560405] bd00:                                                       c0ec5000 00000101
[   15.568603] bd20: 00000000 00000000 00000010 c0d8ba90 00000282 c0eb56c8 ef021000 fe441100
[   15.576798] bd40: ef09bde8 00000000 0000000a ef09bd68 c0127550 c0126edc 60070113 ffffffff
[   15.585006] [<c010c84c>] (__irq_svc) from [<c0126edc>] (__do_softirq+0x7c/0x3cc)
[   15.592425] [<c0126edc>] (__do_softirq) from [<c0127550>] (irq_exit+0xd4/0x13c)
[   15.599760] [<c0127550>] (irq_exit) from [<c01737f0>] (__handle_domain_irq+0x58/0xb4)
[   15.607611] [<c01737f0>] (__handle_domain_irq) from [<c01013f0>] (gic_handle_irq+0x44/0x90)
[   15.615977] [<c01013f0>] (gic_handle_irq) from [<c010c84c>] (__irq_svc+0x6c/0xa8)
[   15.623461] Exception stack(0xef09bde8 to 0xef09be30)
[   15.628530] bde0:                   c0f00814 a0070013 00000000 000002e1 00000000 ef3a7000
[   15.636724] be00: 00000001 ee995800 c0f00814 ef349c01 a0070013 00000000 00000000 ef09be38
[   15.644909] be20: c0474f30 c092d534 20070013 ffffffff
[   15.650007] [<c010c84c>] (__irq_svc) from [<c092d534>] (_raw_spin_unlock_irqrestore+0x1c/0x4c)
[   15.658653] [<c092d534>] (_raw_spin_unlock_irqrestore) from [<c0474f30>] (uart_write+0xf0/0x170)
[   15.667464] [<c0474f30>] (uart_write) from [<c045c91c>] (n_tty_write+0x194/0x468)
[   15.674967] [<c045c91c>] (n_tty_write) from [<c0459c8c>] (tty_write+0x184/0x284)
[   15.682383] [<c0459c8c>] (tty_write) from [<c0240b34>] (__vfs_write+0x2c/0x124)
[   15.689714] [<c0240b34>] (__vfs_write) from [<c02421b8>] (vfs_write+0xa4/0x164)
[   15.697043] [<c02421b8>] (vfs_write) from [<c0242458>] (SyS_write+0x40/0x8c)
[   15.704120] [<c0242458>] (SyS_write) from [<c0107860>] (ret_fast_syscall+0x0/0x44)
[   15.711689] handlers:
[   15.713982] [<c0476f4c>] serial8250_interrupt
[   15.718353] Disabling IRQ #279
 mem -s 3
rtcwake: assuming RTC us[   16.294101] PM: Syncing filesystems ... done.
[   16.316752] Freezing user space processes ... (elapsed 0.001 seconds) done.
[   16.317975] OOM killer disabled.
[   16.317981] Freezing remaining freezable tasks ... (elapsed 0.001 seconds) done.
[   16.319230] Suspending console(s) (use no_console_suspend to debug)
es UTC ...
rtcwake: wakeup from "mem" using /dev/rtc1 at Thu Jan  1 00:00:34 1970
[   16.389955] pci_generic_config_write32: 43 callbacks suppressed
[   16.389998] pci_bus 0000:00: 2-byte config write to 0000:00:01.0 offset 0x9c may corrupt adjacent RW1C bits
[   16.432995] pci_bus 0000:01: 2-byte config write to 0000:01:00.0 offset 0x44 may corrupt adjacent RW1C bits
[   16.433057] pci_bus 0000:01: 2-byte config write to 0000:01:00.0 offset 0x44 may corrupt adjacent RW1C bits
[   16.457116] Disabling non-boot CPUs ...
[   16.508091] IRQ294 no longer affine to CPU1
[   16.511232] Entering suspend state LP1
[   16.511232] Suspended for 3.414 seconds
[   16.511333] Enabling non-boot CPUs ...
[   16.518529] CPU1 is up
[   16.519487] pci_bus 0000:00: 2-byte config write to 0000:00:01.0 offset 0x4c may corrupt adjacent RW1C bits
[   16.519535] pci_bus 0000:00: 2-byte config write to 0000:00:01.0 offset 0x88 may corrupt adjacent RW1C bits
[   16.519565] pci_bus 0000:00: 2-byte config write to 0000:00:01.0 offset 0x90 may corrupt adjacent RW1C bits
[   16.519593] pci_bus 0000:00: 2-byte config write to 0000:00:01.0 offset 0x98 may corrupt adjacent RW1C bits
[   16.519621] pci_bus 0000:00: 2-byte config write to 0000:00:01.0 offset 0x9c may corrupt adjacent RW1C bits
[   16.519707] pci_bus 0000:00: 2-byte config write to 0000:00:01.0 offset 0x52 may corrupt adjacent RW1C bits
[   16.519739] pci_bus 0000:00: 2-byte config write to 0000:00:01.0 offset 0x52 may corrupt adjacent RW1C bits
[   16.519824] pcieport 0000:00:01.0: nv_msi_ht_cap_quirk didn't locate host bridge
[   17.222295] OOM killer enabled.
[   17.225424] Restarting tasks ... done.
root@(none):/# 
root@(none):/# rtcwake -d rtc1 -m mem -s 3
rtcwake: assuming RTC uses UTC ...
rtcwake: wakeup from "mem" using /dev/rtc1 at Thu Jan  1 00:00:39 1970
[   18.105973] PM: Syncing filesystems ... done.
[   18.126700] Freezing user space processes ... (elapsed 0.001 seconds) done.
[   18.127943] OOM killer disabled.
[   18.127948] Freezing remaining freezable tasks ... (elapsed 0.001 seconds) done.
[   18.129222] Suspending console(s) (use no_console_suspend to debug)
[   18.237003] Disabling non-boot CPUs ...
[   18.277949] IRQ294 no longer affine to CPU1
[   18.279852] Entering suspend state LP1
[   18.279852] Suspended for 3.231 seconds
[   18.279954] Enabling non-boot CPUs ...
[   18.287143] CPU1 is up
[   18.288947] pcieport 0000:00:01.0: nv_msi_ht_cap_quirk didn't locate host bridge
[   18.907482] OOM killer enabled.
[   18.910610] Restarting tasks ... done.
root@(none):/# 
root@(none):/# rtcwake -d rtc1 -m mem -s 3
rtcwake: assuming RTC uses UTC ...
rtcwake: wakeup from "mem" using /dev/rtc1 at Thu Jan  1 00:00:44 1970
[   19.875310] PM: Syncing filesystems ... done.
[   19.886748] Freezing user space processes ... (elapsed 0.009 seconds) done.
[   19.896376] OOM killer disabled.
[   19.896381] Freezing remaining freezable tasks ... (elapsed 0.001 seconds) done.
[   19.897684] Suspending console(s) (use no_console_suspend to debug)
[   20.016893] Disabling non-boot CPUs ...
[   20.067884] IRQ294 no longer affine to CPU1
[   20.069862] Entering suspend state LP1
[   20.069862] Suspended for 3.209 seconds
[   20.069962] Enabling non-boot CPUs ...
[   20.077247] CPU1 is up
[   20.078841] pcieport 0000:00:01.0: nv_msi_ht_cap_quirk didn't locate host bridge
[   20.687982] OOM killer enabled.
[   20.691111] Restarting tasks ... done.
root@(none):/# 
root@(none):/# rtcwake -d rtc1 -m mem -s 3
rtcwake: assuming RTC uses UTC ...
rtcwake: wakeup from "mem" using /dev/rtc1 at Thu Jan  1 00:00:49 1970
[   21.665437] PM: Syncing filesystems ... done.
[   21.686673] Freezing user space processes ... (elapsed 0.001 seconds) done.
[   21.688032] OOM killer disabled.
[   21.688040] Freezing remaining freezable tasks ... (elapsed 0.001 seconds) done.
[   21.689439] Suspending console(s) (use no_console_suspend to debug)
[   21.770578] pci_generic_config_write32: 71 callbacks suppressed
[   21.770622] pci_bus 0000:00: 2-byte config write to 0000:00:01.0 offset 0x9c may corrupt adjacent RW1C bits
[   21.789764] pci_bus 0000:01: 2-byte config write to 0000:01:00.0 offset 0x44 may corrupt adjacent RW1C bits
[   21.789825] pci_bus 0000:01: 2-byte config write to 0000:01:00.0 offset 0x44 may corrupt adjacent RW1C bits
[   21.816820] Disabling non-boot CPUs ...
[   21.867804] IRQ294 no longer affine to CPU1
[   21.869724] Entering suspend state LP1
[   21.869724] Suspended for 3.200 seconds
[   21.869825] Enabling non-boot CPUs ...
[   21.877121] CPU1 is up
[   21.878460] pci_bus 0000:00: 2-byte config write to 0000:00:01.0 offset 0x4c may corrupt adjacent RW1C bits
[   21.878509] pci_bus 0000:00: 2-byte config write to 0000:00:01.0 offset 0x88 may corrupt adjacent RW1C bits
[   21.878541] pci_bus 0000:00: 2-byte config write to 0000:00:01.0 offset 0x90 may corrupt adjacent RW1C bits
[   21.878570] pci_bus 0000:00: 2-byte config write to 0000:00:01.0 offset 0x98 may corrupt adjacent RW1C bits
[   21.878598] pci_bus 0000:00: 2-byte config write to 0000:00:01.0 offset 0x9c may corrupt adjacent RW1C bits
[   21.878685] pci_bus 0000:00: 2-byte config write to 0000:00:01.0 offset 0x52 may corrupt adjacent RW1C bits
[   21.878719] pci_bus 0000:00: 2-byte config write to 0000:00:01.0 offset 0x52 may corrupt adjacent RW1C bits
[   21.878802] pcieport 0000:00:01.0: nv_msi_ht_cap_quirk didn't locate host bridge
[   22.590522] OOM killer enabled.
[   22.593651] Restarting tasks ... done.
root@(none):/# 
root@(none):/# rtcwake -d rtc1 -m mem -s 3
rtcwake: assuming RTC uses UTC ...
rtcwake: wakeup from "mem" using /dev/rtc1 at Thu Jan  1 00:00:54 1970
[   23.465129] PM: Syncing filesystems ... done.
[   23.476551] Freezing user space processes ... (elapsed 0.009 seconds) done.
[   23.486290] OOM killer disabled.
[   23.486298] Freezing remaining freezable tasks ... (elapsed 0.001 seconds) done.
[   23.487753] Suspending console(s) (use no_console_suspend to debug)
[   23.606746] Disabling non-boot CPUs ...
[   23.657709] IRQ294 no longer affine to CPU1
[   23.659748] Entering suspend state LP1
[   23.659748] Suspended for 3.209 seconds
[   23.659847] Enabling non-boot CPUs ...
[   23.666955] CPU1 is up
[   23.668916] pcieport 0000:00:01.0: nv_msi_ht_cap_quirk didn't locate host bridge
[   24.278548] OOM killer enabled.
[   24.281676] Restarting tasks ... done.
root@(none):/# 
root@(none):/# rtcwake -d rtc1 -m m[   25.722421] irq 279: nobody cared (try booting with the "irqpoll" option)
[   25.729241] CPU: 0 PID: 1 Comm: bash Not tainted 4.13.0-rc1-next-20170720-187076-gf80addb #1
[   25.737683] Hardware name: NVIDIA Tegra SoC (Flattened Device Tree)
[   25.744034] [<c0110cd8>] (unwind_backtrace) from [<c010bc9c>] (show_stack+0x10/0x14)
[   25.751833] [<c010bc9c>] (show_stack) from [<c0912f18>] (dump_stack+0x84/0xa4)
[   25.759107] [<c0912f18>] (dump_stack) from [<c01767bc>] (__report_bad_irq+0x24/0xc0)
[   25.766883] [<c01767bc>] (__report_bad_irq) from [<c0176b90>] (note_interrupt+0x260/0x2bc)
[   25.775177] [<c0176b90>] (note_interrupt) from [<c0174190>] (handle_irq_event_percpu+0x48/0x58)
[   25.783903] [<c0174190>] (handle_irq_event_percpu) from [<c01741d8>] (handle_irq_event+0x38/0x5c)
[   25.792796] [<c01741d8>] (handle_irq_event) from [<c0177748>] (handle_fasteoi_irq+0x94/0x124)
[   25.801341] [<c0177748>] (handle_fasteoi_irq) from [<c01736e4>] (generic_handle_irq+0x18/0x28)
[   25.809977] [<c01736e4>] (generic_handle_irq) from [<c01737ec>] (__handle_domain_irq+0x54/0xb4)
[   25.818697] [<c01737ec>] (__handle_domain_irq) from [<c01013f0>] (gic_handle_irq+0x44/0x90)
[   25.827065] [<c01013f0>] (gic_handle_irq) from [<c010c84c>] (__irq_svc+0x6c/0xa8)
[   25.834552] Exception stack(0xef09bd18 to 0xef09bd60)
[   25.839617] bd00:                                                       c0ec5000 00000100
[   25.847814] bd20: 00000000 00000000 00000010 c0d8ba90 00000282 c0eb56c8 ef021000 fe441100
[   25.856007] bd40: ef09bde8 00000000 0000000a ef09bd68 c0127550 c0126edc 60070113 ffffffff
[   25.864216] [<c010c84c>] (__irq_svc) from [<c0126edc>] (__do_softirq+0x7c/0x3cc)
[   25.871636] [<c0126edc>] (__do_softirq) from [<c0127550>] (irq_exit+0xd4/0x13c)
[   25.878971] [<c0127550>] (irq_exit) from [<c01737f0>] (__handle_domain_irq+0x58/0xb4)
[   25.886822] [<c01737f0>] (__handle_domain_irq) from [<c01013f0>] (gic_handle_irq+0x44/0x90)
[   25.895188] [<c01013f0>] (gic_handle_irq) from [<c010c84c>] (__irq_svc+0x6c/0xa8)
[   25.902674] Exception stack(0xef09bde8 to 0xef09be30)
[   25.907744] bde0:                   c0f00814 a0070013 00000000 00000000 00000000 ef3a7000
[   25.915938] be00: 00000001 ee995800 c0f00814 ef349c01 a0070013 00000000 00000000 ef09be38
[   25.924122] be20: c0474f30 c0474f34 60070013 ffffffff
[   25.929203] [<c010c84c>] (__irq_svc) from [<c0474f34>] (uart_write+0xf4/0x170)
[   25.936455] [<c0474f34>] (uart_write) from [<c045c91c>] (n_tty_write+0x194/0x468)
[   25.943960] [<c045c91c>] (n_tty_write) from [<c0459c8c>] (tty_write+0x184/0x284)
[   25.951378] [<c0459c8c>] (tty_write) from [<c0240b34>] (__vfs_write+0x2c/0x124)
[   25.958709] [<c0240b34>] (__vfs_write) from [<c02421b8>] (vfs_write+0xa4/0x164)
[   25.966037] [<c02421b8>] (vfs_write) from [<c0242458>] (SyS_write+0x40/0x8c)
[   25.973113] [<c0242458>] (SyS_write) from [<c0107860>] (ret_fast_syscall+0x0/0x44)
[   25.980683] handlers:
[   25.982978] [<c0476f4c>] serial8250_interrupt
[   25.987351] Disabling IRQ #279
em -s 3
[   26.160653] PM: Syncing filesystems ... done.
[   26.173736] Freezing user space processes ... (elapsed 0.001 seconds) done.
[   26.181842] OOM killer disabled.
[   26.185059] Freezing remaining freezable tasks ... (elapsed 0.000 seconds) done.
[   26.193316] Suspending console(s) (use no_console_suspend to debug)
rtcwake: assuming RTC uses UTC ...
rtcwake: wakeup from "mem" using /dev/rtc1 at Thu Jan  1 00:01:00 1970
[   26.276601] Disabling non-boot CPUs ...
[   26.327530] IRQ294 no longer affine to CPU1
[   26.330354] Entering suspend state LP1
[   26.330354] Suspended for 3.329 seconds
[   26.330454] Enabling non-boot CPUs ...
[   26.337505] CPU1 is up
[   26.339270] pcieport 0000:00:01.0: nv_msi_ht_cap_quirk didn't locate host bridge
[   26.954291] OOM killer enabled.
[   26.957431] Restarting tasks ... done.
root@(none):/# 
root@(none):/# rtcwake -d rtc1 -m mem -s 3
rtcwake: assuming RTC uses UTC ...
rtcwake: wakeup from "mem" using /dev/rtc1 at Thu Jan  1 00:01:05 1970
[   27.924836] PM: Syncing filesystems ... done.
[   27.936364] Freezing user space processes ... (elapsed 0.009 seconds) done.
[   27.946090] OOM killer disabled.
[   27.946098] Freezing remaining freezable tasks ... (elapsed 0.001 seconds) done.
[   27.947600] Suspending console(s) (use no_console_suspend to debug)
[   28.029515] pci_generic_config_write32: 71 callbacks suppressed
[   28.029559] pci_bus 0000:00: 2-byte config write to 0000:00:01.0 offset 0x9c may corrupt adjacent RW1C bits
[   28.048616] pci_bus 0000:01: 2-byte config write to 0000:01:00.0 offset 0x44 may corrupt adjacent RW1C bits
[   28.048678] pci_bus 0000:01: 2-byte config write to 0000:01:00.0 offset 0x44 may corrupt adjacent RW1C bits
[   28.076509] Disabling non-boot CPUs ...
[   28.127460] IRQ294 no longer affine to CPU1
[   28.129311] Entering suspend state LP1
[   28.129311] Suspended for 3.200 seconds
[   28.129411] Enabling non-boot CPUs ...
[   28.136694] CPU1 is up
[   28.138335] pci_bus 0000:00: 2-byte config write to 0000:00:01.0 offset 0x4c may corrupt adjacent RW1C bits
[   28.138383] pci_bus 0000:00: 2-byte config write to 0000:00:01.0 offset 0x88 may corrupt adjacent RW1C bits
[   28.138414] pci_bus 0000:00: 2-byte config write to 0000:00:01.0 offset 0x90 may corrupt adjacent RW1C bits
[   28.138442] pci_bus 0000:00: 2-byte config write to 0000:00:01.0 offset 0x98 may corrupt adjacent RW1C bits
[   28.138469] pci_bus 0000:00: 2-byte config write to 0000:00:01.0 offset 0x9c may corrupt adjacent RW1C bits
[   28.138553] pci_bus 0000:00: 2-byte config write to 0000:00:01.0 offset 0x52 may corrupt adjacent RW1C bits
[   28.138585] pci_bus 0000:00: 2-byte config write to 0000:00:01.0 offset 0x52 may corrupt adjacent RW1C bits
[   28.138670] pcieport 0000:00:01.0: nv_msi_ht_cap_quirk didn't locate host bridge
[   28.850462] OOM killer enabled.
[   28.853591] Restarting tasks ... done.
root@(none):/# 
root@(none):/# rtcwake -d rtc1 -m mem -s 3
rtcwake: assuming RTC uses UTC ...
rtcwake: wakeup from "mem" using /dev/rtc1 at Thu Jan  1 00:01:10 1970
[   29.724741] PM: Syncing filesystems ... done.
[   29.736260] Freezing user space processes ... (elapsed 0.009 seconds) done.
[   29.746151] OOM killer disabled.
[   29.746159] Freezing remaining freezable tasks ... (elapsed 0.001 seconds) done.
[   29.747610] Suspending console(s) (use no_console_suspend to debug)
[   29.876443] Disabling non-boot CPUs ...
[   29.927404] IRQ294 no longer affine to CPU1
[   29.929194] Entering suspend state LP1
[   29.929194] Suspended for 3.200 seconds
[   29.929295] Enabling non-boot CPUs ...
[   29.936620] CPU1 is up
[   29.938064] pcieport 0000:00:01.0: nv_msi_ht_cap_quirk didn't locate host bridge
[   30.547693] OOM killer enabled.
[   30.550823] Restarting tasks ... done.
root@(none):/# 
root@(none):/# rtcwake -d rtc1 -m mem -s 3
rtcwake: assuming RTC uses UTC ...
rtcwake: wakeup from "mem" using /dev/rtc1 at Thu Jan  1 00:01:15 1970
[   31.524581] PM: Syncing filesystems ... done.
[   31.536163] Freezing user space processes ... (elapsed 0.009 seconds) done.
[   31.545903] OOM killer disabled.
[   31.545910] Freezing remaining freezable tasks ... (elapsed 0.001 seconds) done.
[   31.547412] Suspending console(s) (use no_console_suspend to debug)
[   31.676289] Disabling non-boot CPUs ...
[   31.717215] IRQ294 no longer affine to CPU1
[   31.719360] Entering suspend state LP1
[   31.719360] Suspended for 3.209 seconds
[   31.719463] Enabling non-boot CPUs ...
[   31.726575] CPU1 is up
[   31.727903] pcieport 0000:00:01.0: nv_msi_ht_cap_quirk didn't locate host bridge
[   32.337646] OOM killer enabled.
[   32.340775] Restarting tasks ... done.
root@(none):/# 
root@(none):/# rtcwake -d rtc1 -m mem -s 3
rtcwake: assuming RTC uses UTC ...
rtcwake: wakeup from "mem" using /dev/rtc1 at Thu Jan  1 00:01:20 1970
[   33.324635] PM: Syncing filesystems ... done.
[   33.336069] Freezing user space processes ... (elapsed 0.009 seconds) done.
[   33.345803] OOM killer disabled.
[   33.345810] Freezing remaining freezable tasks ... (elapsed 0.001 seconds) done.
[   33.347334] Suspending console(s) (use no_console_suspend to debug)
[   33.427720] pci_generic_config_write32: 71 callbacks suppressed
[   33.427764] pci_bus 0000:00: 2-byte config write to 0000:00:01.0 offset 0x9c may corrupt adjacent RW1C bits
[   33.445366] pci_bus 0000:01: 2-byte config write to 0000:01:00.0 offset 0x44 may corrupt adjacent RW1C bits
[   33.445429] pci_bus 0000:01: 2-byte config write to 0000:01:00.0 offset 0x44 may corrupt adjacent RW1C bits
[   33.466231] Disabling non-boot CPUs ...
[   33.507094] IRQ294 no longer affine to CPU1
[   33.509325] Entering suspend state LP1
[   33.509325] Suspended for 3.209 seconds
[   33.509427] Enabling non-boot CPUs ...
[   33.516537] CPU1 is up
[   33.517768] pci_bus 0000:00: 2-byte config write to 0000:00:01.0 offset 0x4c may corrupt adjacent RW1C bits
[   33.517816] pci_bus 0000:00: 2-byte config write to 0000:00:01.0 offset 0x88 may corrupt adjacent RW1C bits
[   33.517848] pci_bus 0000:00: 2-byte config write to 0000:00:01.0 offset 0x90 may corrupt adjacent RW1C bits
[   33.517875] pci_bus 0000:00: 2-byte config write to 0000:00:01.0 offset 0x98 may corrupt adjacent RW1C bits
[   33.517902] pci_bus 0000:00: 2-byte config write to 0000:00:01.0 offset 0x9c may corrupt adjacent RW1C bits
[   33.517984] pci_bus 0000:00: 2-byte config write to 0000:00:01.0 offset 0x52 may corrupt adjacent RW1C bits
[   33.518017] pci_bus 0000:00: 2-byte config write to 0000:00:01.0 offset 0x52 may corrupt adjacent RW1C bits
[   33.518099] pcieport 0000:00:01.0: nv_msi_ht_cap_quirk didn't locate host bridge
[   34.241156] OOM killer enabled.
[   34.244284] Restarting tasks ... done.
root@(none):/# 
root@(none):/# NVTB SYSTEM SUSPEND TEST COMPLETE
