
U-Boot SPL 2014.01-00219-gc4d376f (Feb 18 2014 - 19:57:18)


U-Boot 2014.01-00219-gc4d376f (Feb 18 2014 - 19:57:18)

TEGRA30
Board: NVIDIA Beaver
I2C:   ready
DRAM:  2 GiB
MMC:   Tegra SD/MMC: 0, Tegra SD/MMC: 1
In:    serial
Out:   serial
Err:   serial
Net:   Net Initialization Skipped
No ethernet found.
Hit any key to stop autoboot:  2  0 
Tegra30 (Beaver) # 
Tegra30 (Beaver) # usb reset
(Re)start USB...
USB0:   USB EHCI 1.00
scanning bus 0 for devices... 2 USB Device(s) found
       scanning usb for storage devices... 0 Storage Device(s) found
       scanning usb for ethernet devices... 
Warning: asx0 using MAC address from net device
1 Ethernet Device(s) found
Tegra30 (Beaver) # setenv bootargs 'ignore_loglevel console=ttyS0,115200n8 rw root=/dev/mmcblk0p1 rootwait gpt debug init=/bin/bash noinitrd'
Tegra30 (Beaver) # setenv ipaddr 192.168.100.101; setenv serverip 192.168.100.1; setenv tftpserverip 192.168.100.1
Tegra30 (Beaver) # tftpboot 0x81000000 zImage.multi_v7_defconfig
Using asx0 device
TFTP from server 192.168.100.1; our IP address is 192.168.100.101
Filename 'zImage.multi_v7_defconfig'.
Load address: 0x81000000
Loading: *#################################################################
	 #################################################################
	 #################################################################
	 #################################################################
	 #################################################################
	 #################################################################
	 #########################################
	 3.2 MiB/s
done
Bytes transferred = 6326440 (6088a8 hex)
Tegra30 (Beaver) # tftpboot 0x82000000 tegra30-beaver.dtb
Using asx0 device
TFTP from server 192.168.100.1; our IP address is 192.168.100.101
Filename 'tegra30-beaver.dtb'.
Load address: 0x82000000
Loading: *####
	 3.1 MiB/s
done
Bytes transferred = 51467 (c90b hex)
Tegra30 (Beaver) # bootz 0x81000000 - 0x82000000
Kernel image @ 0x81000000 [ 0x000000 - 0x6088a8 ]
## Flattened Device Tree blob at 82000000
   Booting using the fdt blob at 0x82000000
   Loading Device Tree to 8fff0000, end 8ffff90a ... OK

Starting kernel ...

[    0.000000] Booting Linux on physical CPU 0x0
[    0.000000] Linux version 4.2.0-rc4-next-20150727-32137-g83a5f7f (pwalmsley@sellafield) (gcc version 4.7.3 20130328 (prerelease) (crosstool-NG linaro-1.13.1-4.7-2013.04-20130415 - Linaro GCC 2013.04) ) #1 SMP Sun Jul 26 23:47:41 PDT 2015
[    0.000000] CPU: ARMv7 Processor [412fc099] revision 9 (ARMv7), cr=10c5387d
[    0.000000] CPU: PIPT / VIPT nonaliasing data cache, VIPT aliasing instruction cache
[    0.000000] Machine model: NVIDIA Tegra30 Beaver evaluation board
[    0.000000] debug: ignoring loglevel setting.
[    0.000000] cma: Reserved 64 MiB at 0xfb800000
[    0.000000] Memory policy: Data cache writealloc
[    0.000000] On node 0 totalpages: 524032
[    0.000000] free_area_init_node: node 0, pgdat c0f38f80, node_mem_map ee7f8000
[    0.000000]   DMA zone: 1520 pages used for memmap
[    0.000000]   DMA zone: 0 pages reserved
[    0.000000]   DMA zone: 194560 pages, LIFO batch:31
[    0.000000]   HighMem zone: 329472 pages, LIFO batch:31
[    0.000000] PERCPU: Embedded 12 pages/cpu @ee793000 s19136 r8192 d21824 u49152
[    0.000000] pcpu-alloc: s19136 r8192 d21824 u49152 alloc=12*4096
[    0.000000] pcpu-alloc: [0] 0 [0] 1 [0] 2 [0] 3 
[    0.000000] Built 1 zonelists in Zone order, mobility grouping on.  Total pages: 522512
[    0.000000] Kernel command line: ignore_loglevel console=ttyS0,115200n8 rw root=/dev/mmcblk0p1 rootwait gpt debug init=/bin/bash noinitrd
[    0.000000] PID hash table entries: 4096 (order: 2, 16384 bytes)
[    0.000000] Dentry cache hash table entries: 131072 (order: 7, 524288 bytes)
[    0.000000] Inode-cache hash table entries: 65536 (order: 6, 262144 bytes)
[    0.000000] Memory: 1999068K/2096128K available (7972K kernel code, 1011K rwdata, 3560K rodata, 964K init, 337K bss, 31524K reserved, 65536K cma-reserved, 1252352K highmem)
[    0.000000] Virtual kernel memory layout:
[    0.000000]     vector  : 0xffff0000 - 0xffff1000   (   4 kB)
[    0.000000]     fixmap  : 0xffc00000 - 0xfff00000   (3072 kB)
[    0.000000]     vmalloc : 0xf0000000 - 0xff000000   ( 240 MB)
[    0.000000]     lowmem  : 0xc0000000 - 0xef800000   ( 760 MB)
[    0.000000]     pkmap   : 0xbfe00000 - 0xc0000000   (   2 MB)
[    0.000000]     modules : 0xbf000000 - 0xbfe00000   (  14 MB)
[    0.000000]       .text : 0xc0208000 - 0xc0d4c3d4   (11537 kB)
[    0.000000]       .init : 0xc0d4d000 - 0xc0e3e000   ( 964 kB)
[    0.000000]       .data : 0xc0e3e000 - 0xc0f3af80   (1012 kB)
[    0.000000]        .bss : 0xc0f3d000 - 0xc0f917e0   ( 338 kB)
[    0.000000] SLUB: HWalign=64, Order=0-3, MinObjects=0, CPUs=4, Nodes=1
[    0.000000] Hierarchical RCU implementation.
[    0.000000] 	Build-time adjustment of leaf fanout to 32.
[    0.000000] 	RCU restricting CPUs from NR_CPUS=16 to nr_cpu_ids=4.
[    0.000000] RCU: Adjusting geometry for rcu_fanout_leaf=32, nr_cpu_ids=4
[    0.000000] NR_IRQS:16 nr_irqs:16 16
[    0.000000] /interrupt-controller@60004000: 160 interrupts forwarded to /interrupt-controller@50041000
[    0.000000] L2C: platform modifies aux control register: 0x02080000 -> 0x3e480001
[    0.000000] L2C: DT/platform modifies aux control register: 0x02080000 -> 0x3e480001
[    0.000000] L2C-310 erratum 769419 enabled
[    0.000000] L2C-310 enabling early BRESP for Cortex-A9
[    0.000000] L2C-310: enabling full line of zeros but not enabled in Cortex-A9
[    0.000000] L2C-310 dynamic clock gating enabled, standby mode enabled
[    0.000000] L2C-310 cache controller enabled, 8 ways, 1024 kB
[    0.000000] L2C-310: CACHE_ID 0x410000c7, AUX_CTRL 0x4e480001
[    0.000014] sched_clock: 32 bits at 1000kHz, resolution 1000ns, wraps every 2147483647500ns
[    0.000032] clocksource: timer_us: mask: 0xffffffff max_cycles: 0xffffffff, max_idle_ns: 1911260446275 ns
[    0.000040] Switching to timer-based delay loop, resolution 1000ns
[    0.002461] Console: colour dummy device 80x30
[    0.002484] Calibrating delay loop (skipped), value calculated using timer frequency.. 2.00 BogoMIPS (lpj=5000)
[    0.002493] pid_max: default: 32768 minimum: 301
[    0.002577] Mount-cache hash table entries: 2048 (order: 1, 8192 bytes)
[    0.002584] Mountpoint-cache hash table entries: 2048 (order: 1, 8192 bytes)
[    0.002996] CPU: Testing write buffer coherency: ok
[    0.003272] CPU0: thread -1, cpu 0, socket 0, mpidr 80000000
[    0.003336] Setting up static identity map for 0x80209000 - 0x80209098
[    0.005528] Tegra Revision: A03 SKU: 128 CPU Process: 4 SoC Process: 0
[    0.006714] CPU1: thread -1, cpu 1, socket 0, mpidr 80000001
[    0.007345] CPU2: thread -1, cpu 2, socket 0, mpidr 80000002
[    0.007973] CPU3: thread -1, cpu 3, socket 0, mpidr 80000003
[    0.008009] Brought up 4 CPUs
[    0.008021] SMP: Total of 4 processors activated (8.00 BogoMIPS).
[    0.008026] CPU: All CPU(s) started in SVC mode.
[    0.008461] devtmpfs: initialized
[    0.017026] VFP support v0.3: implementor 41 architecture 3 part 30 variant 9 rev 4
[    0.017713] clocksource: jiffies: mask: 0xffffffff max_cycles: 0xffffffff, max_idle_ns: 9556302231375000 ns
[    0.021209] pinctrl core: initialized pinctrl subsystem
[    0.022635] NET: Registered protocol family 16
[    0.024778] DMA: preallocated 256 KiB pool for atomic coherent allocations
[    0.039940] cpuidle: using governor ladder
[    0.054932] cpuidle: using governor menu
[    0.062983] No ATAGs?
[    0.063013] hw-breakpoint: found 5 (+1 reserved) breakpoint and 1 watchpoint registers.
[    0.063020] hw-breakpoint: maximum watchpoint size is 4 bytes.
[    0.065667] Serial: AMBA PL011 UART driver
[    0.066655] tegra-mc 7000f000.memory-controller: no memory timings for RAM code 3 registered
[    0.087878] vdd_5v_sata: Failed to request enable GPIO30: -517
[    0.087946] reg-fixed-voltage regulators:regulator@3: Failed to register regulator: -517
[    0.088053] usb1_vbus: Failed to request enable GPIO238: -517
[    0.088103] reg-fixed-voltage regulators:regulator@4: Failed to register regulator: -517
[    0.088207] usb3_vbus: Failed to request enable GPIO236: -517
[    0.088256] reg-fixed-voltage regulators:regulator@5: Failed to register regulator: -517
[    0.088408] sys_3v3_pexs: Failed to request enable GPIO95: -517
[    0.088459] reg-fixed-voltage regulators:regulator@7: Failed to register regulator: -517
[    0.090201] vgaarb: loaded
[    0.090673] SCSI subsystem initialized
[    0.090820] libata version 3.00 loaded.
[    0.091021] usbcore: registered new interface driver usbfs
[    0.091058] usbcore: registered new interface driver hub
[    0.091093] usbcore: registered new device driver usb
[    0.146703] pps_core: LinuxPPS API ver. 1 registered
[    0.146711] pps_core: Software ver. 5.3.6 - Copyright 2005-2007 Rodolfo Giometti <giometti@linux.it>
[    0.146728] PTP clock support registered
[    0.146886] EDAC MC: Ver: 3.0.0
[    0.148379] clocksource: Switched to clocksource timer_us
[    0.154115] NET: Registered protocol family 2
[    0.154537] TCP established hash table entries: 8192 (order: 3, 32768 bytes)
[    0.154594] TCP bind hash table entries: 8192 (order: 4, 65536 bytes)
[    0.154676] TCP: Hash tables configured (established 8192 bind 8192)
[    0.154762] UDP hash table entries: 512 (order: 2, 16384 bytes)
[    0.154820] UDP-Lite hash table entries: 512 (order: 2, 16384 bytes)
[    0.154995] NET: Registered protocol family 1
[    0.155206] RPC: Registered named UNIX socket transport module.
[    0.155213] RPC: Registered udp transport module.
[    0.155216] RPC: Registered tcp transport module.
[    0.155220] RPC: Registered tcp NFSv4.1 backchannel transport module.
[    0.155240] PCI: CLS 0 bytes, default 64
[    0.155938] hw perfevents: enabled with armv7_cortex_a9 PMU driver, 7 counters available
[    0.156866] futex hash table entries: 1024 (order: 4, 65536 bytes)
[    0.162965] squashfs: version 4.0 (2009/01/31) Phillip Lougher
[    0.163526] NFS: Registering the id_resolver key type
[    0.163562] Key type id_resolver registered
[    0.163567] Key type id_legacy registered
[    0.163620] ntfs: driver 2.1.32 [Flags: R/O].
[    0.164273] bounce: pool size: 64 pages
[    0.164397] Block layer SCSI generic (bsg) driver version 0.4 loaded (major 249)
[    0.164410] io scheduler noop registered
[    0.164419] io scheduler deadline registered
[    0.164514] io scheduler cfq registered (default)
[    0.169388] tegra30-pinctrl 70000868.pinmux: invalid group "sdmmc3_dat6_pd3" for function "rsvd1"
[    0.169403] tegra30-pinctrl 70000868.pinmux: invalid group "sdmmc3_dat7_pd4" for function "rsvd1"
[    0.169417] tegra30-pinctrl 70000868.pinmux: invalid group "vi_vsync_pd6" for function "rsvd1"
[    0.169426] tegra30-pinctrl 70000868.pinmux: invalid group "vi_hsync_pd7" for function "rsvd1"
[    0.169875] tegra30-pinctrl 70000868.pinmux: invalid group "hdmi_int_pn7" for function "rsvd1"
[    0.169926] tegra30-pinctrl 70000868.pinmux: invalid group "ulpi_data3_po4" for function "rsvd1"
[    0.170249] tegra30-pinctrl 70000868.pinmux: invalid group "vi_d10_pt2" for function "rsvd1"
[    0.170262] tegra30-pinctrl 70000868.pinmux: invalid group "vi_d11_pt3" for function "rsvd1"
[    0.170275] tegra30-pinctrl 70000868.pinmux: invalid group "vi_d0_pt4" for function "rsvd1"
[    0.170315] tegra30-pinctrl 70000868.pinmux: invalid group "pu0" for function "rsvd1"
[    0.170344] tegra30-pinctrl 70000868.pinmux: invalid group "pu3" for function "rsvd1"
[    0.170374] tegra30-pinctrl 70000868.pinmux: invalid group "pu6" for function "rsvd1"
[    0.170414] tegra30-pinctrl 70000868.pinmux: invalid group "pv3" for function "rsvd1"
[    0.170885] tegra30-pinctrl 70000868.pinmux: invalid group "pbb0" for function "rsvd1"
[    0.171004] tegra30-pinctrl 70000868.pinmux: invalid group "pcc1" for function "rsvd1"
[    0.175060] tegra-pcie 3000.pcie-controller: 2x3 configuration
[    0.175172] vdd_1v5_gen: supplied by vdd_5v_in
[    0.175218] vdd_pexa,vdd_pexb: supplied by vdd_1v5_gen
[    0.175311] tegra-pcie 3000.pcie-controller: Failed to get supply 'hvdd-pex': -517
[    0.176370] tegra-ahb 6000c004.ahb: incorrect AHB base address in DT data - enabling workaround
[    0.178977] tegra-apbdma 6000a000.dma: Tegra20 APB DMA driver register 32 channels
[    0.179873] tegra-pmc 7000e400.pmc: i2c-thermtrip node not found, emergency thermal reset disabled.
[    0.213549] Serial: 8250/16550 driver, 4 ports, IRQ sharing disabled
[    0.215134] SuperH (H)SCI(F) driver initialized
[    0.215668] msm_serial: driver initialized
[    0.216210] console [ttyS0] disabled
[    0.216247] 70006000.serial: ttyS0 at MMIO 0x70006000 (irq = 331, base_baud = 25500000) is a Tegra
[    1.152070] console [ttyS0] enabled
[    1.156034] STMicroelectronics ASC driver initialized
[    1.162532] [drm] Initialized drm 1.1.0 20060810
[    1.168483] +VDD_5V_HDMI: supplied by regulator-dummy
[    1.173618] vdd_1v8_gen: supplied by vdd_5v_in
[    1.178139] tegra-hdmi 54280000.hdmi: failed to get VDD regulator
[    1.188929] loop: module loaded
[    1.196561] m25p80 spi32766.1: w25q32 (4096 Kbytes)
[    1.203201] CAN device driver interface
[    1.207787] igb: Intel(R) Gigabit Ethernet Network Driver - version 5.3.0-k
[    1.214741] igb: Copyright (c) 2007-2014 Intel Corporation.
[    1.221915] pegasus: v0.9.3 (2013/04/25), Pegasus/Pegasus II USB Ethernet driver
[    1.229357] usbcore: registered new interface driver pegasus
[    1.235044] usbcore: registered new interface driver asix
[    1.240462] usbcore: registered new interface driver ax88179_178a
[    1.246571] usbcore: registered new interface driver cdc_ether
[    1.252430] usbcore: registered new interface driver smsc75xx
[    1.258203] usbcore: registered new interface driver smsc95xx
[    1.263966] usbcore: registered new interface driver net1080
[    1.269649] usbcore: registered new interface driver cdc_subset
[    1.275586] usbcore: registered new interface driver zaurus
[    1.281217] usbcore: registered new interface driver cdc_ncm
[    1.288206] ehci_hcd: USB 2.0 'Enhanced' Host Controller (EHCI) Driver
[    1.294736] ehci-pci: EHCI PCI platform driver
[    1.299204] ehci-platform: EHCI generic platform driver
[    1.304545] ehci-omap: OMAP-EHCI Host Controller driver
[    1.309841] ehci-orion: EHCI orion driver
[    1.313928] SPEAr-ehci: EHCI SPEAr driver
[    1.318001] ehci-st: EHCI STMicroelectronics driver
[    1.322951] ehci-exynos: EHCI EXYNOS driver
[    1.327220] ehci-atmel: EHCI Atmel driver
[    1.331302] tegra-ehci: Tegra EHCI driver
[    1.335617] ohci_hcd: USB 1.1 'Open' Host Controller (OHCI) Driver
[    1.341811] ohci-pci: OHCI PCI platform driver
[    1.346284] ohci-platform: OHCI generic platform driver
[    1.351603] ohci-omap3: OHCI OMAP3 driver
[    1.355685] SPEAr-ohci: OHCI SPEAr driver
[    1.359770] ohci-st: OHCI STMicroelectronics driver
[    1.364717] ohci-atmel: OHCI Atmel driver
[    1.368854] usbcore: registered new interface driver usb-storage
[    1.375717] mousedev: PS/2 mouse device common for all mice
[    1.383418] tegra_rtc 7000e000.rtc: rtc core: registered 7000e000.rtc as rtc1
[    1.390585] tegra_rtc 7000e000.rtc: Tegra internal Real Time Clock
[    1.409298] tps65910-rtc tps65910-rtc: rtc core: registered tps65910-rtc as rtc0
[    1.416884] i2c /dev entries driver
[    1.425084] sdhci: Secure Digital Host Controller Interface driver
[    1.431266] sdhci: Copyright(c) Pierre Ossman
[    1.436524] Synopsys Designware Multimedia Card Interface Driver
[    1.443151] sdhci-pltfm: SDHCI platform and OF driver helper
[    1.449286] sdhci-tegra 78000000.sdhci: Got CD GPIO
[    1.454173] sdhci-tegra 78000000.sdhci: Got WP GPIO
[    1.460172] sdhci-tegra 78000000.sdhci: No vmmc regulator found
[    1.466087] sdhci-tegra 78000000.sdhci: No vqmmc regulator found
[    1.472086] mmc0: Invalid maximum block size, assuming 512 bytes
[    1.513455] mmc0: SDHCI controller on 78000000.sdhci [78000000.sdhci] using ADMA
[    1.522056] sdhci-tegra 78000600.sdhci: No vmmc regulator found
[    1.527972] sdhci-tegra 78000600.sdhci: No vqmmc regulator found
[    1.533972] mmc1: Invalid maximum block size, assuming 512 bytes
[    1.578385] mmc1: SDHCI controller on 78000600.sdhci [78000600.sdhci] using ADMA
[    1.586722] ledtrig-cpu: registered to indicate activity on CPUs
[    1.592861] usbcore: registered new interface driver usbhid
[    1.598428] usbhid: USB HID core driver
[    1.606911] NET: Registered protocol family 10
[    1.615806] sit: IPv6 over IPv4 tunneling driver
[    1.622879] NET: Registered protocol family 17
[    1.627341] can: controller area network core (rev 20120528 abi 9)
[    1.635555] NET: Registered protocol family 29
[    1.640005] can: raw protocol (rev 20120528)
[    1.646278] can: broadcast manager protocol (rev 20120528 t)
[    1.651939] can: netlink gateway (rev 20130117) max_hops=1
[    1.659714] Key type dns_resolver registered
[    1.664391] ThumbEE CPU extension supported.
[    1.670674] Registering SWP/SWPB emulation handler
[    1.698632] tegra-pcie 3000.pcie-controller: 2x3 configuration
[    1.704598] sys_3v3,vdd_3v3_alw: supplied by vdd_5v_in
[    1.709757] sys_3v3_pexs: supplied by sys_3v3,vdd_3v3_alw
[    1.719360] tegra-pcie 3000.pcie-controller: probing port 0, using 2 lanes
[    1.744375] mmc1: new high speed MMC card at address 0001
[    1.750432] mmcblk0: mmc1:0001 SEM16G 14.8 GiB 
[    1.755421] mmcblk0boot0: mmc1:0001 SEM16G partition 1 1.00 MiB
[    1.761796] mmcblk0boot1: mmc1:0001 SEM16G partition 2 1.00 MiB
[    1.768165] mmcblk0rpmb: mmc1:0001 SEM16G partition 3 128 KiB
[    1.777008] Primary GPT is invalid, using alternate GPT.
[    1.782337]  mmcblk0: p1 p2 p3 p4 p5
[    1.786006] tegra-pcie 3000.pcie-controller: probing port 2, using 2 lanes
[    2.196120] tegra-pcie 3000.pcie-controller: link 2 down, retrying
[    2.606063] tegra-pcie 3000.pcie-controller: link 2 down, retrying
[    3.015984] tegra-pcie 3000.pcie-controller: link 2 down, retrying
[    3.024170] tegra-pcie 3000.pcie-controller: link 2 down, ignoring
[    3.030460] tegra-pcie 3000.pcie-controller: PCI host bridge to bus 0000:00
[    3.037419] pci_bus 0000:00: root bus resource [mem 0x20000000-0x27ffffff]
[    3.044285] pci_bus 0000:00: root bus resource [mem 0x28000000-0x3fffffff pref]
[    3.051584] pci_bus 0000:00: root bus resource [bus 00-ff]
[    3.057062] pci_bus 0000:00: root bus resource [io  0x1000-0xffff]
[    3.063254] pci 0000:00:01.0: [10de:0e1c] type 01 class 0x060400
[    3.069283] pci 0000:00:01.0: IOMMU is currently not supported for PCI
[    3.075828] pci 0000:00:01.0: PME# supported from D0 D1 D2 D3hot D3cold
[    3.082577] PCI: bus0: Fast back to back transfers disabled
[    3.088145] pci 0000:00:01.0: bridge configuration invalid ([bus 00-00]), reconfiguring
[    3.096240] pci 0000:01:00.0: [10ec:8168] type 00 class 0x020000
[    3.102270] pci 0000:01:00.0: reg 0x10: [io  0x0000-0x00ff]
[    3.107848] pci 0000:01:00.0: reg 0x18: [mem 0x00000000-0x00000fff 64bit pref]
[    3.115067] pci 0000:01:00.0: reg 0x20: [mem 0x00000000-0x00003fff 64bit pref]
[    3.122288] pci 0000:01:00.0: IOMMU is currently not supported for PCI
[    3.128841] pci 0000:01:00.0: supports D1 D2
[    3.133099] pci 0000:01:00.0: PME# supported from D0 D1 D2 D3hot D3cold
[    3.148402] PCI: bus1: Fast back to back transfers disabled
[    3.153971] pci_bus 0000:01: busn_res: [bus 01-ff] end is updated to 01
[    3.160638] pci 0000:00:01.0: BAR 9: assigned [mem 0x28000000-0x280fffff 64bit pref]
[    3.168378] pci 0000:00:01.0: BAR 7: assigned [io  0x1000-0x1fff]
[    3.174466] pci 0000:01:00.0: BAR 4: assigned [mem 0x28000000-0x28003fff 64bit pref]
[    3.182206] pci 0000:01:00.0: BAR 2: assigned [mem 0x28004000-0x28004fff 64bit pref]
[    3.189946] pci 0000:01:00.0: BAR 0: assigned [io  0x1000-0x10ff]
[    3.196032] pci 0000:00:01.0: PCI bridge to [bus 01]
[    3.200990] pci 0000:00:01.0:   bridge window [io  0x1000-0x1fff]
[    3.207075] pci 0000:00:01.0:   bridge window [mem 0x28000000-0x280fffff 64bit pref]
[    3.214818] pci 0000:00:01.0: nv_msi_ht_cap_quirk didn't locate host bridge
[    3.221863] pcieport 0000:00:01.0: enabling device (0140 -> 0143)
[    3.228101] pcieport 0000:00:01.0: Signaling PME through PCIe PME interrupt
[    3.235058] pci 0000:01:00.0: Signaling PME through PCIe PME interrupt
[    3.241577] pcie_pme 0000:00:01.0:pcie01: service driver pcie_pme loaded
[    3.248444] r8169 Gigabit Ethernet driver 2.3LK-NAPI loaded
[    3.254026] r8169 0000:01:00.0: enabling device (0140 -> 0143)
[    3.260645] r8169 0000:01:00.0 eth0: RTL8168evl/8111evl at 0xf00d6000, 02:04:4b:01:60:a6, XID 0c900800 IRQ 375
[    3.270643] r8169 0000:01:00.0 eth0: jumbo features [frames: 9200 bytes, tx checksumming: ko]
[    3.281673] ------------[ cut here ]------------
[    3.286333] WARNING: CPU: 1 PID: 56 at include/drm/drm_crtc.h:1577 drm_mode_config_reset+0x11c/0x124()
[    3.295627] Modules linked in:
[    3.298691] CPU: 1 PID: 56 Comm: kworker/u8:1 Not tainted 4.2.0-rc4-next-20150727-32137-g83a5f7f #1
[    3.307721] Hardware name: NVIDIA Tegra SoC (Flattened Device Tree)
[    3.313992] Workqueue: deferwq deferred_probe_work_func
[    3.319251] [<c0217e40>] (unwind_backtrace) from [<c021370c>] (show_stack+0x10/0x14)
[    3.327000] [<c021370c>] (show_stack) from [<c0985114>] (dump_stack+0x78/0x94)
[    3.334226] [<c0985114>] (dump_stack) from [<c0248144>] (warn_slowpath_common+0x74/0xb0)
[    3.342310] [<c0248144>] (warn_slowpath_common) from [<c024819c>] (warn_slowpath_null+0x1c/0x24)
[    3.351087] [<c024819c>] (warn_slowpath_null) from [<c05c2e78>] (drm_mode_config_reset+0x11c/0x124)
[    3.360130] [<c05c2e78>] (drm_mode_config_reset) from [<c05f90dc>] (tegra_drm_load+0x144/0x224)
[    3.368834] [<c05f90dc>] (tegra_drm_load) from [<c05bea1c>] (drm_dev_register+0xa0/0xb4)
[    3.376919] [<c05bea1c>] (drm_dev_register) from [<c05f8c64>] (host1x_drm_probe+0x44/0xb0)
[    3.385187] [<c05f8c64>] (host1x_drm_probe) from [<c05a123c>] (host1x_device_probe+0x1c/0x28)
[    3.393708] [<c05a123c>] (host1x_device_probe) from [<c060f46c>] (driver_probe_device+0x1c8/0x26c)
[    3.402659] [<c060f46c>] (driver_probe_device) from [<c060db74>] (bus_for_each_drv+0x44/0x8c)
[    3.411178] [<c060db74>] (bus_for_each_drv) from [<c060f22c>] (__device_attach+0x88/0xd8)
[    3.419348] [<c060f22c>] (__device_attach) from [<c060e9ec>] (bus_probe_device+0x84/0x8c)
[    3.427517] [<c060e9ec>] (bus_probe_device) from [<c060cf18>] (device_add+0x33c/0x524)
[    3.435428] [<c060cf18>] (device_add) from [<c05a1448>] (host1x_subdev_register+0xb0/0xd4)
[    3.443686] [<c05a1448>] (host1x_subdev_register) from [<c05a1d08>] (host1x_client_register+0xf4/0x11c)
[    3.453076] [<c05a1d08>] (host1x_client_register) from [<c0602354>] (tegra_hdmi_probe+0x170/0x250)
[    3.462030] [<c0602354>] (tegra_hdmi_probe) from [<c0610a2c>] (platform_drv_probe+0x48/0xa4)
[    3.470463] [<c0610a2c>] (platform_drv_probe) from [<c060f46c>] (driver_probe_device+0x1c8/0x26c)
[    3.479326] [<c060f46c>] (driver_probe_device) from [<c060db74>] (bus_for_each_drv+0x44/0x8c)
[    3.487841] [<c060db74>] (bus_for_each_drv) from [<c060f22c>] (__device_attach+0x88/0xd8)
[    3.496010] [<c060f22c>] (__device_attach) from [<c060e9ec>] (bus_probe_device+0x84/0x8c)
[    3.504179] [<c060e9ec>] (bus_probe_device) from [<c060edc4>] (deferred_probe_work_func+0x5c/0x88)
[    3.513138] [<c060edc4>] (deferred_probe_work_func) from [<c025b068>] (process_one_work+0x134/0x338)
[    3.522262] [<c025b068>] (process_one_work) from [<c025b2c8>] (worker_thread+0x28/0x4cc)
[    3.530353] [<c025b2c8>] (worker_thread) from [<c0260418>] (kthread+0xd8/0xf4)
[    3.537574] [<c0260418>] (kthread) from [<c0210a68>] (ret_from_fork+0x14/0x2c)
[    3.544790] ---[ end trace 37c7235f277a694f ]---
[    3.549403] [drm] Supports vblank timestamp caching Rev 2 (21.10.2013).
[    3.556007] [drm] No driver support for vblank timestamp query.
[    3.561934] drm drm: No connectors reported connected with modes
[    3.567939] [drm] Cannot find any crtc or sizes - going 1024x768
[    3.594783] Console: switching to colour frame buffer device 128x48
[    3.607092] drm drm: fb0:  frame buffer device
[    3.623779] [drm] Initialized tegra 0.0.0 20120330 on minor 0
[    3.632135] usb3_vbus: supplied by vdd_5v_in
[    3.638498] utmi_phy_clk_enable: timeout waiting for phy to stabilize
[    3.644955] tegra-ehci 7d004000.usb: EHCI Host Controller
[    3.650364] tegra-ehci 7d004000.usb: new USB bus registered, assigned bus number 1
[    3.659411] tegra-ehci 7d004000.usb: irq 343, io mem 0x7d004000
[    3.673778] tegra-ehci 7d004000.usb: USB 2.0 started, EHCI 1.00
[    3.680237] hub 1-0:1.0: USB hub found
[    3.684022] hub 1-0:1.0: 1 port detected
[    3.688835] tegra-ehci 7d008000.usb: EHCI Host Controller
[    3.694248] tegra-ehci 7d008000.usb: new USB bus registered, assigned bus number 2
[    3.701977] tegra-ehci 7d008000.usb: irq 344, io mem 0x7d008000
[    3.713773] tegra-ehci 7d008000.usb: USB 2.0 started, EHCI 1.00
[    3.720133] hub 2-0:1.0: USB hub found
[    3.723904] hub 2-0:1.0: 1 port detected
[    3.733232] tps65910-rtc tps65910-rtc: setting system clock to 2000-01-01 00:00:02 UTC (946684802)
[    3.747160] usb1_vbus: disabling
[    3.750465] vdd_sata,avdd_plle: disabling
[    3.756686] EXT4-fs (mmcblk0p1): mounting ext3 file system using the ext4 subsystem
[    3.771920] EXT4-fs (mmcblk0p1): warning: mounting fs with errors, running e2fsck is recommended
[    3.782179] EXT4-fs (mmcblk0p1): recovery complete
[    3.786982] EXT4-fs (mmcblk0p1): mounted filesystem with ordered data mode. Opts: (null)
[    3.795095] VFS: Mounted root (ext3 filesystem) on device 179:1.
[    3.810612] devtmpfs: mounted
[    3.814514] Freeing unused kernel memory: 964K (c0d4d000 - c0e3e000)
bash: cannot set terminal process group (-1): Inappropriate ioctl for device
bash: no job control in this shell
root@(none):/# [    4.033786] usb 2-1: new high-speed USB device number 2 using tegra-ehci
