
U-Boot SPL 2014.01-00219-gc4d376f (Feb 18 2014 - 19:57:32)


U-Boot 2014.01-00219-gc4d376f (Feb 18 2014 - 19:57:32)

TEGRA114
Board: NVIDIA Dalmore
I2C:   ready
DRAM:  2 GiB
MMC:   Tegra SD/MMC: 0, Tegra SD/MMC: 1
In:    serial
Out:   serial
Err:   serial
Net:   Net Initialization Skipped
No ethernet found.
Hit any key to stop autoboot:  2  0 
Tegra114 (Dalmore) # 
Tegra114 (Dalmore) # usb reset
(Re)start USB...
USB0:   USB EHCI 1.10
scanning bus 0 for devices... 2 USB Device(s) found
       scanning usb for storage devices... 0 Storage Device(s) found
       scanning usb for ethernet devices... 
Warning: asx0 using MAC address from net device
1 Ethernet Device(s) found
Tegra114 (Dalmore) # setenv bootargs 'ignore_loglevel console=ttyS0,115200n8 rw root=PARTUUID=7369c667-ff51-ec4a-29cd-baabf2fbe346 rootwait gpt debug earlyprintk init=/bin/bash'
Tegra114 (Dalmore) # setenv ipaddr 192.168.100.100; setenv serverip 192.168.100.1; setenv tftpserverip 192.168.100.1
Tegra114 (Dalmore) # tftpboot 0x81000000 zImage.multi_v7_defconfig
Using asx0 device
TFTP from server 192.168.100.1; our IP address is 192.168.100.100
Filename 'zImage.multi_v7_defconfig'.
Load address: 0x81000000
Loading: *#################################################################
	 #################################################################
	 #################################################################
	 #################################################################
	 #################################################################
	 #################################################################
	 #################################################################
	 #################################################
	 3.1 MiB/s
done
Bytes transferred = 7396656 (70dd30 hex)
Tegra114 (Dalmore) # tftpboot 0x82000000 tegra114-dalmore.dtb
Using asx0 device
TFTP from server 192.168.100.1; our IP address is 192.168.100.100
Filename 'tegra114-dalmore.dtb'.
Load address: 0x82000000
Loading: *###
	 2.6 MiB/s
done
Bytes transferred = 35044 (88e4 hex)
Tegra114 (Dalmore) # bootz 0x81000000 - 0x82000000
Kernel image @ 0x81000000 [ 0x000000 - 0x70dd30 ]
## Flattened Device Tree blob at 82000000
   Booting using the fdt blob at 0x82000000
   Loading Device Tree to 8fff4000, end 8ffff8e3 ... OK

Starting kernel ...

[    0.000000] Booting Linux on physical CPU 0x0
[    0.000000] Linux version 4.9.0-next-20161213-140842-gc791961 (pwalmsley@sellafield) (gcc version 4.7.3 20130328 (prerelease) (crosstool-NG linaro-1.13.1-4.7-2013.04-20130415 - Linaro GCC 2013.04) ) #1 SMP Mon Dec 12 22:05:23 PST 2016
[    0.000000] CPU: ARMv7 Processor [412fc0f2] revision 2 (ARMv7), cr=10c5387d
[    0.000000] CPU: div instructions available: patching division code
[    0.000000] CPU: PIPT / VIPT nonaliasing data cache, PIPT instruction cache
[    0.000000] OF: fdt:Machine model: NVIDIA Tegra114 Dalmore evaluation board
[    0.000000] debug: ignoring loglevel setting.
[    0.000000] efi: Getting EFI parameters from FDT:
[    0.000000] efi: UEFI not found.
[    0.000000] cma: Reserved 64 MiB at 0xfb800000
[    0.000000] Memory policy: Data cache writealloc
[    0.000000] On node 0 totalpages: 524032
[    0.000000] free_area_init_node: node 0, pgdat c142a5c0, node_mem_map eeff8000
[    0.000000]   DMA zone: 1536 pages used for memmap
[    0.000000]   DMA zone: 0 pages reserved
[    0.000000]   DMA zone: 196608 pages, LIFO batch:31
[    0.000000]   HighMem zone: 327424 pages, LIFO batch:31
[    0.000000] percpu: Embedded 14 pages/cpu @eefa4000 s26048 r8192 d23104 u57344
[    0.000000] pcpu-alloc: s26048 r8192 d23104 u57344 alloc=14*4096
[    0.000000] pcpu-alloc: [0] 0 [0] 1 [0] 2 [0] 3 
[    0.000000] Built 1 zonelists in Zone order, mobility grouping on.  Total pages: 522496
[    0.000000] Kernel command line: ignore_loglevel console=ttyS0,115200n8 rw root=PARTUUID=7369c667-ff51-ec4a-29cd-baabf2fbe346 rootwait gpt debug earlyprintk init=/bin/bash
[    0.000000] PID hash table entries: 4096 (order: 2, 16384 bytes)
[    0.000000] Dentry cache hash table entries: 131072 (order: 7, 524288 bytes)
[    0.000000] Inode-cache hash table entries: 65536 (order: 6, 262144 bytes)
[    0.000000] Memory: 1994916K/2096128K available (9216K kernel code, 1200K rwdata, 4136K rodata, 2048K init, 503K bss, 35676K reserved, 65536K cma-reserved, 1244160K highmem)
[    0.000000] Virtual kernel memory layout:
[    0.000000]     vector  : 0xffff0000 - 0xffff1000   (   4 kB)
[    0.000000]     fixmap  : 0xffc00000 - 0xfff00000   (3072 kB)
[    0.000000]     vmalloc : 0xf0800000 - 0xff800000   ( 240 MB)
[    0.000000]     lowmem  : 0xc0000000 - 0xf0000000   ( 768 MB)
[    0.000000]     pkmap   : 0xbfe00000 - 0xc0000000   (   2 MB)
[    0.000000]     modules : 0xbf000000 - 0xbfe00000   (  14 MB)
[    0.000000]       .text : 0xc0208000 - 0xc0c00000   (10208 kB)
[    0.000000]       .init : 0xc1100000 - 0xc1300000   (2048 kB)
[    0.000000]       .data : 0xc1300000 - 0xc142c0c0   (1201 kB)
[    0.000000]        .bss : 0xc142e000 - 0xc14abc70   ( 504 kB)
[    0.000000] SLUB: HWalign=64, Order=0-3, MinObjects=0, CPUs=4, Nodes=1
[    0.000000] Hierarchical RCU implementation.
[    0.000000] 	Build-time adjustment of leaf fanout to 32.
[    0.000000] 	RCU restricting CPUs from NR_CPUS=16 to nr_cpu_ids=4.
[    0.000000] RCU: Adjusting geometry for rcu_fanout_leaf=32, nr_cpu_ids=4
[    0.000000] NR_IRQS:16 nr_irqs:16 16
[    0.000000] /interrupt-controller@60004000: 160 interrupts forwarded to /interrupt-controller@50041000
[    0.000000] Tegra clk 127: register failed with -17
[    0.000008] sched_clock: 32 bits at 1000kHz, resolution 1000ns, wraps every 2147483647500ns
[    0.000027] clocksource: timer_us: mask: 0xffffffff max_cycles: 0xffffffff, max_idle_ns: 1911260446275 ns
[    0.000042] Switching to timer-based delay loop, resolution 1000ns
[    0.003154] arm_arch_timer: Architected cp15 timer(s) running at 12.00MHz (virt).
[    0.003173] clocksource: arch_sys_counter: mask: 0xffffffffffffff max_cycles: 0x2c47f4ee7, max_idle_ns: 440795202497 ns
[    0.003191] sched_clock: 56 bits at 12MHz, resolution 83ns, wraps every 4398046511096ns
[    0.003204] Switching to timer-based delay loop, resolution 83ns
[    0.003587] Console: colour dummy device 80x30
[    0.003620] Calibrating delay loop (skipped), value calculated using timer frequency.. 24.00 BogoMIPS (lpj=120000)
[    0.003636] pid_max: default: 32768 minimum: 301
[    0.003738] Mount-cache hash table entries: 2048 (order: 1, 8192 bytes)
[    0.003749] Mountpoint-cache hash table entries: 2048 (order: 1, 8192 bytes)
[    0.004250] CPU: Testing write buffer coherency: ok
[    0.004490] /cpus/cpu@0 missing clock-frequency property
[    0.004519] /cpus/cpu@1 missing clock-frequency property
[    0.004547] /cpus/cpu@2 missing clock-frequency property
[    0.004576] /cpus/cpu@3 missing clock-frequency property
[    0.004589] CPU0: thread -1, cpu 0, socket 0, mpidr 80000000
[    0.004791] Setting up static identity map for 0x80300000 - 0x80300098
[    0.007197] Tegra Revision: A01 SKU: 0 CPU Process: 1 SoC Process: 0
[    0.007736] EFI services will not be available.
[    0.007981] smp: Bringing up secondary CPUs ...
[    0.008507] CPU1: thread -1, cpu 1, socket 0, mpidr 80000001
[    0.009108] CPU2: thread -1, cpu 2, socket 0, mpidr 80000002
[    0.009693] CPU3: thread -1, cpu 3, socket 0, mpidr 80000003
[    0.009778] smp: Brought up 1 node, 4 CPUs
[    0.009796] SMP: Total of 4 processors activated (96.00 BogoMIPS).
[    0.009804] CPU: All CPU(s) started in SVC mode.
[    0.011288] devtmpfs: initialized
[    0.021747] VFP support v0.3: implementor 41 architecture 4 part 30 variant f rev 0
[    0.022109] clocksource: jiffies: mask: 0xffffffff max_cycles: 0xffffffff, max_idle_ns: 19112604462750000 ns
[    0.023512] pinctrl core: initialized pinctrl subsystem
[    0.025170] NET: Registered protocol family 16
[    0.027205] DMA: preallocated 256 KiB pool for atomic coherent allocations
[    0.029443] cpuidle: using governor menu
[    0.054900] No ATAGs?
[    0.055033] hw-breakpoint: found 5 (+1 reserved) breakpoint and 4 watchpoint registers.
[    0.055044] hw-breakpoint: maximum watchpoint size is 8 bytes.
[    0.060116] Serial: AMBA PL011 UART driver
[    0.060830] tegra-mc 70019000.memory-controller: no memory timings for RAM code 3 registered
[    0.076358] dvdd_ts: Failed to request enable GPIO61: -517
[    0.076375] reg-fixed-voltage regulators:regulator@1: Failed to register regulator: -517
[    0.076471] usb1_vbus: Failed to request enable GPIO108: -517
[    0.076485] reg-fixed-voltage regulators:regulator@3: Failed to register regulator: -517
[    0.076578] usb2_vbus: Failed to request enable GPIO86: -517
[    0.076591] reg-fixed-voltage regulators:regulator@4: Failed to register regulator: -517
[    0.077023] VDD_5V0_HDMI_CON: Failed to request enable GPIO81: -517
[    0.077037] reg-fixed-voltage regulators:regulator@7: Failed to register regulator: -517
[    0.079729] vgaarb: loaded
[    0.080508] SCSI subsystem initialized
[    0.080677] libata version 3.00 loaded.
[    0.080918] usbcore: registered new interface driver usbfs
[    0.080988] usbcore: registered new interface driver hub
[    0.081048] usbcore: registered new device driver usb
[    0.084456] tps65090 2-0048: No cache defaults, reading back from HW
[    0.086357] TPS65090_RAILSDCDC1: supplied by vdd_ac_bat
[    0.086889] vdd_hdmi_5v0: supplied by vdd-sys-5v0
[    0.087657] TPS65090_RAILSDCDC2: supplied by vdd_ac_bat
[    0.088723] TPS65090_RAILSDCDC3: supplied by vdd_ac_bat
[    0.089260] TPS65090_RAILSFET1: supplied by vdd_ac_bat
[    0.089648] TPS65090_RAILSFET2: supplied by vdd_ac_bat
[    0.090013] TPS65090_RAILSFET3: supplied by vdd-sys-3v3
[    0.090552] TPS65090_RAILSFET4: supplied by vdd-sys-3v3
[    0.091078] TPS65090_RAILSFET5: supplied by vdd-sys-3v3
[    0.091607] TPS65090_RAILSFET6: supplied by vdd-sys-3v3
[    0.092454] TPS65090_RAILSFET7: supplied by vdd-sys-3v3
[    0.092988] TPS65090_RAILSLDO1: supplied by vdd_ac_bat
[    0.093247] TPS65090_RAILSLDO2: supplied by vdd_ac_bat
[    0.094206] palmas 2-0058: Irq flag is 0x00000004
[    0.096213] palmas 2-0058: Muxing GPIO ff, PWM 0, LED 0
[    0.098726] SMPS12: supplied by vdd-ao
[    0.100340] SMPS3: supplied by vdd-ao
[    0.102099] SMPS457: supplied by vdd-sys-3v3
[    0.105039] SMPS8: supplied by vdd-sys-3v3
[    0.105914] random: fast init done
[    0.106679] SMPS9: supplied by vdd-sys-3v3
[    0.107199] sdhci-vdd-sd-slot: Bringing 2840000uV into 2800000-2800000uV
[    0.110071] LDO1: supplied by vdd-sys-3v3
[    0.111275] LDO2: supplied by vdd-sys-3v3
[    0.112483] LDO3: supplied by vddio-1v8
[    0.113700] LDO4: supplied by vdd-sys-3v3
[    0.114916] LDO5: supplied by vdd_ac_bat
[    0.115696] LDO6: supplied by vdd-sys-3v3
[    0.116206] vdd-sensor-2v85: Bringing 2900000uV into 2850000-2850000uV
[    0.117642] LDO7: supplied by vdd-sys-3v3
[    0.119389] LDO8: supplied by vdd-ao
[    0.119900] vdd-rtc: Bringing 675000uV into 900000-900000uV
[    0.123925] LDO9: supplied by sdhci-vdd-sd-slot
[    0.134248] LDOLN: supplied by vdd-sys-5v0
[    0.135454] LDOUSB: supplied by vdd-sys-5v0
[    0.147143] pps_core: LinuxPPS API ver. 1 registered
[    0.147153] pps_core: Software ver. 5.3.6 - Copyright 2005-2007 Rodolfo Giometti <giometti@linux.it>
[    0.147176] PTP clock support registered
[    0.147367] EDAC MC: Ver: 3.0.0
[    0.149656] clocksource: Switched to clocksource arch_sys_counter
[    0.159991] NET: Registered protocol family 2
[    0.160501] TCP established hash table entries: 8192 (order: 3, 32768 bytes)
[    0.160599] TCP bind hash table entries: 8192 (order: 4, 65536 bytes)
[    0.160785] TCP: Hash tables configured (established 8192 bind 8192)
[    0.160839] UDP hash table entries: 512 (order: 2, 16384 bytes)
[    0.160881] UDP-Lite hash table entries: 512 (order: 2, 16384 bytes)
[    0.161040] NET: Registered protocol family 1
[    0.161343] RPC: Registered named UNIX socket transport module.
[    0.161353] RPC: Registered udp transport module.
[    0.161361] RPC: Registered tcp transport module.
[    0.161368] RPC: Registered tcp NFSv4.1 backchannel transport module.
[    0.161379] PCI: CLS 0 bytes, default 64
[    0.163489] futex hash table entries: 1024 (order: 4, 65536 bytes)
[    0.164013] workingset: timestamp_bits=30 max_order=19 bucket_order=0
[    0.174430] squashfs: version 4.0 (2009/01/31) Phillip Lougher
[    0.175269] NFS: Registering the id_resolver key type
[    0.175293] Key type id_resolver registered
[    0.175301] Key type id_legacy registered
[    0.175343] ntfs: driver 2.1.32 [Flags: R/O].
[    0.177132] bounce: pool size: 64 pages
[    0.177348] Block layer SCSI generic (bsg) driver version 0.4 loaded (major 248)
[    0.177358] io scheduler noop registered
[    0.177366] io scheduler deadline registered
[    0.177557] io scheduler cfq registered (default)
[    0.208199] tegra-apbdma 6000a000.dma: Tegra20 APB DMA driver register 32 channels
[    0.210089] tegra-pmc 7000e400.pmc: i2c-thermtrip node not found, emergency thermal reset disabled.
[    0.275161] Serial: 8250/16550 driver, 4 ports, IRQ sharing disabled
[    0.278283] console [ttyS0] disabled
[    0.278321] 70006300.serial: ttyS0 at MMIO 0x70006300 (irq = 329, base_baud = 25500000) is a Tegra
[    1.251031] console [ttyS0] enabled
[    1.255310] SuperH (H)SCI(F) driver initialized
[    1.260793] msm_serial: driver initialized
[    1.265059] STMicroelectronics ASC driver initialized
[    1.273648] [drm] Initialized
[    1.279503] tegra-hdmi 54280000.hdmi: failed to get HDMI regulator
[    1.304433] brd: module loaded
[    1.313858] loop: module loaded
[    1.333471] m25p80 spi32766.0: w25q32dw (4096 Kbytes)
[    1.341666] libphy: Fixed MDIO Bus: probed
[    1.346981] CAN device driver interface
[    1.351733] bgmac_bcma: Broadcom 47xx GBit MAC driver loaded
[    1.358597] e1000e: Intel(R) PRO/1000 Network Driver - 3.2.6-k
[    1.364432] e1000e: Copyright(c) 1999 - 2015 Intel Corporation.
[    1.370425] igb: Intel(R) Gigabit Ethernet Network Driver - version 5.4.0-k
[    1.377375] igb: Copyright (c) 2007-2014 Intel Corporation.
[    1.386183] pegasus: v0.9.3 (2013/04/25), Pegasus/Pegasus II USB Ethernet driver
[    1.393638] usbcore: registered new interface driver pegasus
[    1.399345] usbcore: registered new interface driver asix
[    1.404787] usbcore: registered new interface driver ax88179_178a
[    1.410929] usbcore: registered new interface driver cdc_ether
[    1.416805] usbcore: registered new interface driver smsc75xx
[    1.422610] usbcore: registered new interface driver smsc95xx
[    1.428382] usbcore: registered new interface driver net1080
[    1.434090] usbcore: registered new interface driver cdc_subset
[    1.440057] usbcore: registered new interface driver zaurus
[    1.445678] usbcore: registered new interface driver cdc_ncm
[    1.453243] ehci_hcd: USB 2.0 'Enhanced' Host Controller (EHCI) Driver
[    1.459775] ehci-pci: EHCI PCI platform driver
[    1.464252] ehci-platform: EHCI generic platform driver
[    1.469678] ehci-orion: EHCI orion driver
[    1.473809] SPEAr-ehci: EHCI SPEAr driver
[    1.477943] ehci-st: EHCI STMicroelectronics driver
[    1.482960] ehci-exynos: EHCI EXYNOS driver
[    1.487283] ehci-atmel: EHCI Atmel driver
[    1.491435] tegra-ehci: Tegra EHCI driver
[    1.495727] ohci_hcd: USB 1.1 'Open' Host Controller (OHCI) Driver
[    1.501927] ohci-pci: OHCI PCI platform driver
[    1.506411] ohci-platform: OHCI generic platform driver
[    1.511798] ohci-omap3: OHCI OMAP3 driver
[    1.515930] SPEAr-ohci: OHCI SPEAr driver
[    1.520081] ohci-st: OHCI STMicroelectronics driver
[    1.525080] ohci-atmel: OHCI Atmel driver
[    1.529790] usbcore: registered new interface driver usb-storage
[    1.537271] mousedev: PS/2 mouse device common for all mice
[    1.547400] palmas-rtc 7000d000.i2c:tps65913@58:rtc: rtc core: registered 7000d000.i2c:tps659 as rtc0
[    1.558476] tegra_rtc 7000e000.rtc: rtc core: registered 7000e000.rtc as rtc1
[    1.565665] tegra_rtc 7000e000.rtc: Tegra internal Real Time Clock
[    1.572362] i2c /dev entries driver
[    1.582294] sbs-battery 0-000b: sbs_probe: Failed to get device status
[    1.588825] sbs-battery: probe of 0-000b failed with error -121
[    1.604709] sdhci: Secure Digital Host Controller Interface driver
[    1.610908] sdhci: Copyright(c) Pierre Ossman
[    1.616719] Synopsys Designware Multimedia Card Interface Driver
[    1.623783] sdhci-pltfm: SDHCI platform and OF driver helper
[    1.630152] sdhci-tegra 78000400.sdhci: Got CD GPIO
[    1.635039] sdhci-tegra 78000400.sdhci: Got WP GPIO
[    1.641146] mmc0: Invalid maximum block size, assuming 512 bytes
[    1.709795] mmc0: SDHCI controller on 78000400.sdhci [78000400.sdhci] using ADMA
[    1.717472] mmc1: Invalid maximum block size, assuming 512 bytes
[    1.789676] mmc1: SDHCI controller on 78000600.sdhci [78000600.sdhci] using ADMA
[    1.798844] ledtrig-cpu: registered to indicate activity on CPUs
[    1.805179] usbcore: registered new interface driver usbhid
[    1.810764] usbhid: USB HID core driver
[    1.818258] NET: Registered protocol family 10
[    1.823561] Segment Routing with IPv6
[    1.827275] sit: IPv6, IPv4 and MPLS over IPv4 tunneling driver
[    1.833852] NET: Registered protocol family 17
[    1.838298] can: controller area network core (rev 20120528 abi 9)
[    1.844553] NET: Registered protocol family 29
[    1.848993] can: raw protocol (rev 20120528)
[    1.853275] can: broadcast manager protocol (rev 20161123 t)
[    1.858930] can: netlink gateway (rev 20130117) max_hops=1
[    1.864778] Key type dns_resolver registered
[    1.869678] ThumbEE CPU extension supported.
[    1.873948] Registering SWP/SWPB emulation handler
[    1.892145] usb1_vbus: supplied by vdd-sys-5v0
[    1.900150] usb2_vbus: supplied by vdd-sys-5v0
[    1.901656] mmc0: new high speed SDHC card at address aaaa
[    1.904687] mmcblk0: mmc0:aaaa SL16G 14.8 GiB 
[    1.918176] VDD_5V0_HDMI_CON: supplied by vdd-sys-5v0
[    1.928887] [drm] Supports vblank timestamp caching Rev 2 (21.10.2013).
[    1.930833]  mmcblk0: p1 p2 p3
[    1.938601] [drm] No driver support for vblank timestamp query.
[    1.970067] mmc1: new high speed MMC card at address 0001
[    1.971287] mmcblk1: mmc1:0001 SEM32G 29.1 GiB 
[    1.971924] mmcblk1boot0: mmc1:0001 SEM32G partition 1 4.00 MiB
[    1.972680] mmcblk1boot1: mmc1:0001 SEM32G partition 2 4.00 MiB
[    1.973154] mmcblk1rpmb: mmc1:0001 SEM32G partition 3 4.00 MiB
[    1.977873]  mmcblk1: p1 p2 p3 p4 p5 p6 p7 p8
[    2.005491] Console: switching to colour frame buffer device 240x75
[    2.064859] drm drm: fb0:  frame buffer device
[    2.069409] [drm] Initialized tegra 0.0.0 20120330 on minor 0
[    2.080951] tegra-ehci 7d008000.usb: EHCI Host Controller
[    2.086393] tegra-ehci 7d008000.usb: new USB bus registered, assigned bus number 1
[    2.094386] tegra-ehci 7d008000.usb: irq 339, io mem 0x7d008000
[    2.129787] tegra-ehci 7d008000.usb: USB 2.0 started, EHCI 1.10
[    2.136976] hub 1-0:1.0: USB hub found
[    2.140843] hub 1-0:1.0: 1 port detected
[    2.146616] input: gpio-keys as /devices/soc0/gpio-keys/input/input0
[    2.155591] palmas-rtc 7000d000.i2c:tps65913@58:rtc: setting system clock to 2000-10-06 17:37:30 UTC (970853850)
[    2.170707] dvdd_ts: disabling
[    2.173767] usb1_vbus: disabling
[    2.176992] vdd_cam_1v8_reg: disabling
[    2.182447] EXT4-fs (mmcblk1p1): mounting ext3 file system using the ext4 subsystem
[    2.204878] EXT4-fs (mmcblk1p1): recovery complete
[    2.209741] EXT4-fs (mmcblk1p1): mounted filesystem with ordered data mode. Opts: (null)
[    2.217867] VFS: Mounted root (ext3 filesystem) on device 179:17.
[    2.226372] devtmpfs: mounted
[    2.231319] Freeing unused kernel memory: 2048K
bash: cannot set terminal process group (-1): Inappropriate ioctl for device
bash: no job control in this shell
root@(none):/# [    2.499808] usb 1-1: new high-speed USB device number 2 using tegra-ehci
[    3.175840] asix 1-1:1.0 eth0: register 'asix' at usb-7d008000.usb-1, ASIX AX88772 USB 2.0 Ethernet, 00:50:b6:0d:b5:16
mount -t sysfs none /sys
root@(none):/# 
root@(none):/# mount -t debugfs none /sys/kernel/debug
root@(none):/# 
root@(none):/# rtcwake -d rtc1 -m mem -s 3
rtcwake: assuming RTC uses UTC ...
rtcwake: wakeup from "mem" using /dev/rtc1 at Thu Jan  1 00:00:20 1970
[    5.364944] PM: Syncing filesystems ... done.
[    5.393326] Freezing user space processes ... (elapsed 0.001 seconds) done.
[    5.401727] Freezing remaining freezable tasks ... (elapsed 0.001 seconds) done.
[    5.410627] Suspending console(s) (use no_console_suspend to debug)
[    5.472064] PM: suspend of devices complete after 53.795 msecs
[    5.475295] PM: late suspend of devices complete after 3.214 msecs
[    5.477811] PM: noirq suspend of devices complete after 2.507 msecs
[    5.477816] Disabling non-boot CPUs ...
[    5.478302] IRQ17 no longer affine to CPU1
[    5.478668] CPU1: shutdown
[    5.512647] CPU2: shutdown
[    5.572533] CPU3: shutdown
[    5.621259] Entering suspend state LP1
[    5.621259] Suspended for 7.635 seconds
[    5.621278] Enabling non-boot CPUs ...
[    5.651248] CPU1 is up
[    5.691421] CPU2 is up
[    5.731692] CPU3 is up
[    5.732947] PM: noirq resume of devices complete after 1.245 msecs
[    5.735877] PM: early resume of devices complete after 2.460 msecs
[    6.309590] PM: resume of devices complete after 573.696 msecs
[    6.382177] Restarting tasks ... done.
root@(none):/# 
root@(none):/# rtcwake -d rtc1 -m mem -s 3
rtcwake: assuming RTC uses UTC ...
rtcwake: wakeup from "mem" using /dev/rtc1 at Thu Jan  1 00:00:29 1970
[    6.757675] PM: Syncing filesystems ... done.
[    6.784555] Freezing user space processes ... (elapsed 0.001 seconds) done.
[    6.792885] Freezing remaining freezable tasks ... (elapsed 0.001 seconds) done.
[    6.801767] Suspending console(s) (use no_console_suspend to debug)
[    6.861695] PM: suspend of devices complete after 52.293 msecs
[    6.864920] PM: late suspend of devices complete after 3.210 msecs
[    6.867528] PM: noirq suspend of devices complete after 2.598 msecs
[    6.867532] Disabling non-boot CPUs ...
[    6.868359] CPU1: shutdown
[    6.902008] IRQ17 no longer affine to CPU2
[    6.902368] CPU2: shutdown
[    6.962080] CPU3: shutdown
[    7.010976] Entering suspend state LP1
[    7.010976] Suspended for 7.610 seconds
[    7.010995] Enabling non-boot CPUs ...
[    7.041214] CPU1 is up
[    7.081374] CPU2 is up
[    7.121690] CPU3 is up
[    7.122954] PM: noirq resume of devices complete after 1.253 msecs
[    7.125662] PM: early resume of devices complete after 2.425 msecs
[    7.698971] PM: resume of devices complete after 573.292 msecs
[    7.771607] Restarting tasks ... done.
root@(none):/# 
root@(none):/# rtcwake -d rtc1 -m mem -s 3
rtcwake: assuming RTC uses UTC ...
rtcwake: wakeup from "mem" using /dev/rtc1 at Thu Jan  1 00:00:38 1970
[    8.157631] PM: Syncing filesystems ... done.
[    8.184573] Freezing user space processes ... (elapsed 0.001 seconds) done.
[    8.192924] Freezing remaining freezable tasks ... (elapsed 0.001 seconds) done.
[    8.201788] Suspending console(s) (use no_console_suspend to debug)
[    8.261619] PM: suspend of devices complete after 52.198 msecs
[    8.264851] PM: late suspend of devices complete after 3.216 msecs
[    8.267343] PM: noirq suspend of devices complete after 2.482 msecs
[    8.267347] Disabling non-boot CPUs ...
[    8.268204] CPU1: shutdown
[    8.312287] CPU2: shutdown
[    8.372037] CPU3: shutdown
[    8.420879] Entering suspend state LP1
[    8.420879] Suspended for 7.590 seconds
[    8.420897] Enabling non-boot CPUs ...
[    8.451173] CPU1 is up
[    8.491345] CPU2 is up
[    8.531635] CPU3 is up
[    8.532888] PM: noirq resume of devices complete after 1.243 msecs
[    8.535464] PM: early resume of devices complete after 2.104 msecs
[    9.109590] PM: resume of devices complete after 574.107 msecs
[    9.178052] Restarting tasks ... done.
root@(none):/# 
root@(none):/# rtcwake -d rtc1 -m mem -s 3
rtcwake: assuming RTC uses UTC ...
rtcwake: wakeup from "mem" using /dev/rtc1 at Thu Jan  1 00:00:47 1970
[    9.559419] PM: Syncing filesystems ... done.
[    9.586014] Freezing user space processes ... (elapsed 0.001 seconds) done.
[    9.594401] Freezing remaining freezable tasks ... (elapsed 0.001 seconds) done.
[    9.603250] Suspending console(s) (use no_console_suspend to debug)
[    9.661495] PM: suspend of devices complete after 50.566 msecs
[    9.664635] PM: late suspend of devices complete after 3.124 msecs
[    9.667147] PM: noirq suspend of devices complete after 2.503 msecs
[    9.667152] Disabling non-boot CPUs ...
[    9.668017] CPU1: shutdown
[    9.712140] CPU2: shutdown
[    9.772004] CPU3: shutdown
[    9.820836] Entering suspend state LP1
[    9.820836] Suspended for 7.600 seconds
[    9.820854] Enabling non-boot CPUs ...
[    9.851120] CPU1 is up
[    9.891289] CPU2 is up
[    9.931539] CPU3 is up
[    9.932823] PM: noirq resume of devices complete after 1.274 msecs
[    9.935351] PM: early resume of devices complete after 2.065 msecs
[   10.508978] PM: resume of devices complete after 573.612 msecs
[   10.577405] Restarting tasks ... done.
root@(none):/# 
root@(none):/# rtcwake -d rtc1 -m mem -s 3
rtcwake: assuming RTC uses UTC ...
rtcwake: wakeup from "mem" using /dev/rtc1 at Thu Jan  1 00:00:56 1970
[   10.974534] PM: Syncing filesystems ... done.
[   11.001150] Freezing user space processes ... (elapsed 0.001 seconds) done.
[   11.009537] Freezing remaining freezable tasks ... (elapsed 0.001 seconds) done.
[   11.018372] Suspending console(s) (use no_console_suspend to debug)
[   11.081578] PM: suspend of devices complete after 55.531 msecs
[   11.084753] PM: late suspend of devices complete after 3.159 msecs
[   11.087269] PM: noirq suspend of devices complete after 2.506 msecs
[   11.087273] Disabling non-boot CPUs ...
[   11.088135] CPU1: shutdown
[   11.132124] CPU2: shutdown
[   11.191991] CPU3: shutdown
[   11.240859] Entering suspend state LP1
[   11.240859] Suspended for 7.580 seconds
[   11.240878] Enabling non-boot CPUs ...
[   11.271083] CPU1 is up
[   11.311245] CPU2 is up
[   11.351515] CPU3 is up
[   11.352767] PM: noirq resume of devices complete after 1.241 msecs
[   11.355580] PM: early resume of devices complete after 2.362 msecs
[   11.929947] PM: resume of devices complete after 574.352 msecs
[   11.998347] Restarting tasks ... done.
root@(none):/# 
root@(none):/# rtcwake -d rtc1 -m mem -s 3
rtcwake: assuming RTC uses UTC ...
rtcwake: wakeup from "mem" using /dev/rtc1 at Thu Jan  1 00:01:05 1970
[   12.350652] PM: Syncing filesystems ... done.
[   12.377755] Freezing user space processes ... (elapsed 0.001 seconds) done.
[   12.386148] Freezing remaining freezable tasks ... (elapsed 0.001 seconds) done.
[   12.395051] Suspending console(s) (use no_console_suspend to debug)
[   12.461751] PM: suspend of devices complete after 59.021 msecs
[   12.464724] PM: late suspend of devices complete after 2.957 msecs
[   12.467338] PM: noirq suspend of devices complete after 2.605 msecs
[   12.467342] Disabling non-boot CPUs ...
[   12.468188] CPU1: shutdown
[   12.512065] CPU2: shutdown
[   12.571873] CPU3: shutdown
[   12.620768] Entering suspend state LP1
[   12.620768] Suspended for 7.620 seconds
[   12.620786] Enabling non-boot CPUs ...
[   12.651015] CPU1 is up
[   12.691191] CPU2 is up
[   12.731458] CPU3 is up
[   12.732705] PM: noirq resume of devices complete after 1.236 msecs
[   12.735198] PM: early resume of devices complete after 2.042 msecs
[   13.309553] PM: resume of devices complete after 574.338 msecs
[   13.377971] Restarting tasks ... done.
root@(none):/# 
root@(none):/# rtcwake -d rtc1 -m mem -s 3
rtcwake: assuming RTC uses UTC ...
rtcwake: wakeup from "mem" using /dev/rtc1 at Thu Jan  1 00:01:14 1970
[   13.759295] PM: Syncing filesystems ... done.
[   13.785999] Freezing user space processes ... (elapsed 0.001 seconds) done.
[   13.794412] Freezing remaining freezable tasks ... (elapsed 0.001 seconds) done.
[   13.803250] Suspending console(s) (use no_console_suspend to debug)
[   13.861409] PM: suspend of devices complete after 50.476 msecs
[   13.864578] PM: late suspend of devices complete after 3.153 msecs
[   13.867084] PM: noirq suspend of devices complete after 2.496 msecs
[   13.867088] Disabling non-boot CPUs ...
[   13.867886] CPU1: shutdown
[   13.902255] CPU2: shutdown
[   13.961676] CPU3: shutdown
[   14.010760] Entering suspend state LP1
[   14.010760] Suspended for 7.610 seconds
[   14.010778] Enabling non-boot CPUs ...
[   14.040975] CPU1 is up
[   14.081174] CPU2 is up
[   14.121441] CPU3 is up
[   14.122697] PM: noirq resume of devices complete after 1.246 msecs
[   14.125459] PM: early resume of devices complete after 2.311 msecs
[   14.698714] PM: resume of devices complete after 573.239 msecs
[   14.767135] Restarting tasks ... done.
root@(none):/# 
root@(none):/# rtcwake -d rtc1 -m mem -s 3
rtcwake: assuming RTC uses UTC ...
rtcwake: wakeup from "mem" using /dev/rtc1 at Thu Jan  1 00:01:23 1970
[   15.152299] PM: Syncing filesystems ... done.
[   15.179012] Freezing user space processes ... (elapsed 0.001 seconds) done.
[   15.187421] Freezing remaining freezable tasks ... (elapsed 0.001 seconds) done.
[   15.196303] Suspending console(s) (use no_console_suspend to debug)
[   15.261713] PM: suspend of devices complete after 57.725 msecs
[   15.264694] PM: late suspend of devices complete after 2.966 msecs
[   15.267310] PM: noirq suspend of devices complete after 2.608 msecs
[   15.267315] Disabling non-boot CPUs ...
[   15.268112] CPU1: shutdown
[   15.302224] CPU2: shutdown
[   15.361641] CPU3: shutdown
[   15.410679] Entering suspend state LP1
[   15.410679] Suspended for 7.600 seconds
[   15.410698] Enabling non-boot CPUs ...
[   15.440935] CPU1 is up
[   15.481102] CPU2 is up
[   15.521379] CPU3 is up
[   15.522610] PM: noirq resume of devices complete after 1.220 msecs
[   15.525479] PM: early resume of devices complete after 2.412 msecs
[   16.099471] PM: resume of devices complete after 573.975 msecs
[   16.167864] Restarting tasks ... done.
root@(none):/# 
root@(none):/# rtcwake -d rtc1 -m mem -s 3
rtcwake: assuming RTC uses UTC ...
rtcwake: wakeup from "mem" using /dev/rtc1 at Thu Jan  1 00:01:32 1970
[   16.550249] PM: Syncing filesystems ... done.
[   16.576826] Freezing user space processes ... (elapsed 0.001 seconds) done.
[   16.585238] Freezing remaining freezable tasks ... (elapsed 0.001 seconds) done.
[   16.594100] Suspending console(s) (use no_console_suspend to debug)
[   16.651255] PM: suspend of devices complete after 49.476 msecs
[   16.654395] PM: late suspend of devices complete after 3.123 msecs
[   16.656911] PM: noirq suspend of devices complete after 2.506 msecs
[   16.656915] Disabling non-boot CPUs ...
[   16.657783] CPU1: shutdown
[   16.701927] CPU2: shutdown
[   16.761726] CPU3: shutdown
[   16.810674] Entering suspend state LP1
[   16.810674] Suspended for 7.600 seconds
[   16.810693] Enabling non-boot CPUs ...
[   16.840879] CPU1 is up
[   16.881044] CPU2 is up
[   16.921334] CPU3 is up
[   16.922579] PM: noirq resume of devices complete after 1.234 msecs
[   16.925490] PM: early resume of devices complete after 2.459 msecs
[   17.499794] PM: resume of devices complete after 574.285 msecs
[   17.568276] Restarting tasks ... done.
root@(none):/# 
root@(none):/# rtcwake -d rtc1 -m mem -s 3
rtcwake: assuming RTC uses UTC ...
rtcwake: wakeup from "mem" using /dev/rtc1 at Thu Jan  1 00:01:41 1970
[   17.951048] PM: Syncing filesystems ... done.
[   17.977707] Freezing user space processes ... (elapsed 0.001 seconds) done.
[   17.986110] Freezing remaining freezable tasks ... (elapsed 0.001 seconds) done.
[   17.994975] Suspending console(s) (use no_console_suspend to debug)
[   18.061206] PM: suspend of devices complete after 58.545 msecs
[   18.064179] PM: late suspend of devices complete after 2.958 msecs
[   18.066780] PM: noirq suspend of devices complete after 2.592 msecs
[   18.066784] Disabling non-boot CPUs ...
[   18.067581] CPU1: shutdown
[   18.102100] CPU2: shutdown
[   18.161556] CPU3: shutdown
[   18.210593] Entering suspend state LP1
[   18.210593] Suspended for 7.600 seconds
[   18.210612] Enabling non-boot CPUs ...
[   18.240828] CPU1 is up
[   18.280995] CPU2 is up
[   18.321267] CPU3 is up
[   18.322508] PM: noirq resume of devices complete after 1.231 msecs
[   18.325469] PM: early resume of devices complete after 2.518 msecs
[   18.898792] PM: resume of devices complete after 573.306 msecs
[   18.967273] Restarting tasks ... done.
root@(noNVTB SYSTEM SUSPEND TEST COMPLETE
ne):/# 
root@(none):/# 