
U-Boot SPL 2014.01-00219-gc4d376f (Feb 18 2014 - 19:57:18)


U-Boot 2014.01-00219-gc4d376f (Feb 18 2014 - 19:57:18)

TEGRA30
Board: NVIDIA Beaver
I2C:   ready
DRAM:  2 GiB
MMC:   Tegra SD/MMC: 0, Tegra SD/MMC: 1
In:    serial
Out:   serial
Err:   serial
Net:   Net Initialization Skipped
No ethernet found.
Hit any key to stop autoboot:  2  0 
Tegra30 (Beaver) # 
Tegra30 (Beaver) # usb reset
(Re)start USB...
USB0:   USB EHCI 1.00
scanning bus 0 for devices... 2 USB Device(s) found
       scanning usb for storage devices... 0 Storage Device(s) found
       scanning usb for ethernet devices... 
Warning: asx0 using MAC address from net device
1 Ethernet Device(s) found
Tegra30 (Beaver) # setenv bootargs 'ignore_loglevel console=ttyS0,115200n8 rw root=PARTUUID=edbe1840-3633-c751-7993-b0ac834f81e0 rootwait gpt debug noinitrd earlyprintk init=/bin/bash'
Tegra30 (Beaver) # setenv ipaddr 192.168.100.101; setenv serverip 192.168.100.1; setenv tftpserverip 192.168.100.1
Tegra30 (Beaver) # tftpboot 0x81000000 zImage.multi_v7_defconfig
Using asx0 device
TFTP from server 192.168.100.1; our IP address is 192.168.100.101
Filename 'zImage.multi_v7_defconfig'.
Load address: 0x81000000
Loading: *#################################################################
	 #################################################################
	 #################################################################
	 #################################################################
	 #################################################################
	 #################################################################
	 #################################################################
	 #################################################################
	 ########################################
	 2.9 MiB/s
done
Bytes transferred = 8217088 (7d6200 hex)
Tegra30 (Beaver) # tftpboot 0x82000000 tegra30-beaver.dtb
Using asx0 device
TFTP from server 192.168.100.1; our IP address is 192.168.100.101
Filename 'tegra30-beaver.dtb'.
Load address: 0x82000000
Loading: *####
	 2.7 MiB/s
done
Bytes transferred = 51470 (c90e hex)
Tegra30 (Beaver) # bootz 0x81000000 - 0x82000000
Kernel image @ 0x81000000 [ 0x000000 - 0x7d6200 ]
## Flattened Device Tree blob at 82000000
   Booting using the fdt blob at 0x82000000
   Loading Device Tree to 8fff0000, end 8ffff90d ... OK

Starting kernel ...

[    0.000000] Booting Linux on physical CPU 0x0
[    0.000000] Linux version 4.14.0-rc8-next-20171108-213792-g536f8ff (jonathanh@sellafield) (gcc version 4.7.3 20130328 (prerelease) (crosstool-NG linaro-1.13.1-4.7-2013.04-20130415 - Linaro GCC 2013.04)) #1 SMP Tue Nov 7 23:03:49 PST 2017
[    0.000000] CPU: ARMv7 Processor [412fc099] revision 9 (ARMv7), cr=10c5387d
[    0.000000] CPU: PIPT / VIPT nonaliasing data cache, VIPT aliasing instruction cache
[    0.000000] OF: fdt: Machine model: NVIDIA Tegra30 Beaver evaluation board
[    0.000000] debug: ignoring loglevel setting.
[    0.000000] Memory policy: Data cache writealloc
[    0.000000] efi: Getting EFI parameters from FDT:
[    0.000000] efi: UEFI not found.
[    0.000000] cma: Reserved 64 MiB at 0xfb800000
[    0.000000] On node 0 totalpages: 524032
[    0.000000] free_area_init_node: node 0, pgdat c1680380, node_mem_map eeff8000
[    0.000000]   DMA zone: 1536 pages used for memmap
[    0.000000]   DMA zone: 0 pages reserved
[    0.000000]   DMA zone: 196608 pages, LIFO batch:31
[    0.000000]   HighMem zone: 327424 pages, LIFO batch:31
[    0.000000] random: fast init done
[    0.000000] percpu: Embedded 17 pages/cpu @eef8c000 s39424 r8192 d22016 u69632
[    0.000000] pcpu-alloc: s39424 r8192 d22016 u69632 alloc=17*4096
[    0.000000] pcpu-alloc: [0] 0 [0] 1 [0] 2 [0] 3 
[    0.000000] Built 1 zonelists, mobility grouping on.  Total pages: 522496
[    0.000000] Kernel command line: ignore_loglevel console=ttyS0,115200n8 rw root=PARTUUID=edbe1840-3633-c751-7993-b0ac834f81e0 rootwait gpt debug noinitrd earlyprintk init=/bin/bash
[    0.000000] Dentry cache hash table entries: 131072 (order: 7, 524288 bytes)
[    0.000000] Inode-cache hash table entries: 65536 (order: 6, 262144 bytes)
[    0.000000] Memory: 1992476K/2096128K available (11264K kernel code, 1600K rwdata, 4556K rodata, 2048K init, 404K bss, 38116K reserved, 65536K cma-reserved, 1244160K highmem)
[    0.000000] Virtual kernel memory layout:
[    0.000000]     vector  : 0xffff0000 - 0xffff1000   (   4 kB)
[    0.000000]     fixmap  : 0xffc00000 - 0xfff00000   (3072 kB)
[    0.000000]     vmalloc : 0xf0800000 - 0xff800000   ( 240 MB)
[    0.000000]     lowmem  : 0xc0000000 - 0xf0000000   ( 768 MB)
[    0.000000]     pkmap   : 0xbfe00000 - 0xc0000000   (   2 MB)
[    0.000000]     modules : 0xbf000000 - 0xbfe00000   (  14 MB)
[    0.000000]       .text : 0xc0208000 - 0xc0e00000   (12256 kB)
[    0.000000]       .init : 0xc1300000 - 0xc1500000   (2048 kB)
[    0.000000]       .data : 0xc1500000 - 0xc1690374   (1601 kB)
[    0.000000]        .bss : 0xc1690374 - 0xc16f5734   ( 405 kB)
[    0.000000] SLUB: HWalign=64, Order=0-3, MinObjects=0, CPUs=4, Nodes=1
[    0.000000] Hierarchical RCU implementation.
[    0.000000] 	RCU event tracing is enabled.
[    0.000000] 	RCU restricting CPUs from NR_CPUS=16 to nr_cpu_ids=4.
[    0.000000] RCU: Adjusting geometry for rcu_fanout_leaf=16, nr_cpu_ids=4
[    0.000000] NR_IRQS: 16, nr_irqs: 16, preallocated irqs: 16
[    0.000000] /interrupt-controller@60004000: 160 interrupts forwarded to /interrupt-controller@50041000
[    0.000000] L2C: platform modifies aux control register: 0x02080000 -> 0x3e480001
[    0.000000] L2C: DT/platform modifies aux control register: 0x02080000 -> 0x3e480001
[    0.000000] L2C-310 erratum 769419 enabled
[    0.000000] L2C-310 enabling early BRESP for Cortex-A9
[    0.000000] L2C-310: enabling full line of zeros but not enabled in Cortex-A9
[    0.000000] L2C-310 dynamic clock gating enabled, standby mode enabled
[    0.000000] L2C-310 cache controller enabled, 8 ways, 1024 kB
[    0.000000] L2C-310: CACHE_ID 0x410000c7, AUX_CTRL 0x4e480001
[    0.000014] sched_clock: 32 bits at 1000kHz, resolution 1000ns, wraps every 2147483647500ns
[    0.000030] clocksource: timer_us: mask: 0xffffffff max_cycles: 0xffffffff, max_idle_ns: 1911260446275 ns
[    0.000039] Switching to timer-based delay loop, resolution 1000ns
[    0.002842] Console: colour dummy device 80x30
[    0.002873] Calibrating delay loop (skipped), value calculated using timer frequency.. 2.00 BogoMIPS (lpj=10000)
[    0.002883] pid_max: default: 32768 minimum: 301
[    0.002971] Mount-cache hash table entries: 2048 (order: 1, 8192 bytes)
[    0.002980] Mountpoint-cache hash table entries: 2048 (order: 1, 8192 bytes)
[    0.003386] CPU: Testing write buffer coherency: ok
[    0.003702] CPU0: thread -1, cpu 0, socket 0, mpidr 80000000
[    0.003923] Setting up static identity map for 0x80300000 - 0x803000a0
[    0.005268] Hierarchical SRCU implementation.
[    0.006617] Tegra Revision: A03 SKU: 128 CPU Process: 4 SoC Process: 0
[    0.007191] EFI services will not be available.
[    0.007294] smp: Bringing up secondary CPUs ...
[    0.010381] CPU1: thread -1, cpu 1, socket 0, mpidr 80000001
[    0.020358] CPU2: thread -1, cpu 2, socket 0, mpidr 80000002
[    0.030341] CPU3: thread -1, cpu 3, socket 0, mpidr 80000003
[    0.030400] smp: Brought up 1 node, 4 CPUs
[    0.030412] SMP: Total of 4 processors activated (8.00 BogoMIPS).
[    0.030417] CPU: All CPU(s) started in SVC mode.
[    0.031126] devtmpfs: initialized
[    0.038141] VFP support v0.3: implementor 41 architecture 3 part 30 variant 9 rev 4
[    0.038566] clocksource: jiffies: mask: 0xffffffff max_cycles: 0xffffffff, max_idle_ns: 19112604462750000 ns
[    0.038584] futex hash table entries: 1024 (order: 4, 65536 bytes)
[    0.042029] pinctrl core: initialized pinctrl subsystem
[    0.043460] DMI not present or invalid.
[    0.043710] NET: Registered protocol family 16
[    0.046312] DMA: preallocated 256 KiB pool for atomic coherent allocations
[    0.047984] cpuidle: using governor menu
[    0.061423] No ATAGs?
[    0.061530] hw-breakpoint: found 5 (+1 reserved) breakpoint and 1 watchpoint registers.
[    0.061541] hw-breakpoint: maximum watchpoint size is 4 bytes.
[    0.065794] Serial: AMBA PL011 UART driver
[    0.066385] tegra-mc 7000f000.memory-controller: no memory timings for RAM code 3 registered
[    0.066478] iommu: Adding device reg-dummy to group 0
[    0.066512] iommu: Adding device 3000.pcie to group 1
[    0.066532] iommu: Adding device 50000000.host1x to group 2
[    0.066551] iommu: Adding device 54040000.mpe to group 3
[    0.066575] iommu: Adding device 54080000.vi to group 4
[    0.066592] iommu: Adding device 540c0000.epp to group 5
[    0.066610] iommu: Adding device 54100000.isp to group 6
[    0.066627] iommu: Adding device 54140000.gr2d to group 7
[    0.066643] iommu: Adding device 54180000.gr3d to group 8
[    0.066713] iommu: Adding device 54200000.dc to group 9
[    0.066753] iommu: Adding device 54240000.dc to group 10
[    0.066776] iommu: Adding device 54280000.hdmi to group 11
[    0.066801] iommu: Adding device 50040600.timer to group 12
[    0.066819] iommu: Adding device 50043000.cache-controller to group 13
[    0.066835] iommu: Adding device 60005000.timer to group 14
[    0.066852] iommu: Adding device 60007000.flow-controller to group 15
[    0.066868] iommu: Adding device 6000a000.dma to group 16
[    0.066884] iommu: Adding device 6000c000.ahb to group 17
[    0.066901] iommu: Adding device 6000d000.gpio to group 18
[    0.066917] iommu: Adding device 70000800.apbmisc to group 19
[    0.066939] iommu: Adding device 70000868.pinmux to group 20
[    0.066957] iommu: Adding device 70006000.serial to group 21
[    0.066981] iommu: Adding device 7000e000.rtc to group 22
[    0.066999] iommu: Adding device 7000c000.i2c to group 23
[    0.067016] iommu: Adding device 7000c400.i2c to group 24
[    0.067034] iommu: Adding device 7000c500.i2c to group 25
[    0.067053] iommu: Adding device 7000c700.i2c to group 26
[    0.067071] iommu: Adding device 7000d000.i2c to group 27
[    0.067092] iommu: Adding device 7000da00.spi to group 28
[    0.067110] iommu: Adding device 7000e400.pmc to group 29
[    0.067127] iommu: Adding device 7000f000.memory-controller to group 30
[    0.067143] iommu: Adding device 7000f800.fuse to group 31
[    0.067160] iommu: Adding device 70080000.ahub to group 32
[    0.067185] iommu: Adding device 78000000.sdhci to group 33
[    0.067202] iommu: Adding device 78000600.sdhci to group 34
[    0.067218] iommu: Adding device 7d000000.usb to group 35
[    0.067236] iommu: Adding device 7d000000.usb-phy to group 36
[    0.067257] iommu: Adding device 7d004000.usb to group 37
[    0.067275] iommu: Adding device 7d004000.usb-phy to group 38
[    0.067292] iommu: Adding device 7d008000.usb to group 39
[    0.067309] iommu: Adding device 7d008000.usb-phy to group 40
[    0.067325] iommu: Adding device pmu to group 41
[    0.067340] iommu: Adding device clocks to group 42
[    0.067356] iommu: Adding device gpio-leds to group 43
[    0.067378] iommu: Adding device regulators to group 44
[    0.067399] iommu: Adding device regulators:regulator@0 to group 45
[    0.067438] iommu: Adding device regulators:regulator@1 to group 46
[    0.067456] iommu: Adding device regulators:regulator@2 to group 47
[    0.067473] iommu: Adding device regulators:regulator@3 to group 48
[    0.067489] iommu: Adding device regulators:regulator@4 to group 49
[    0.067505] iommu: Adding device regulators:regulator@5 to group 50
[    0.067522] iommu: Adding device regulators:regulator@6 to group 51
[    0.067538] iommu: Adding device regulators:regulator@7 to group 52
[    0.067559] iommu: Adding device regulators:regulator@8 to group 53
[    0.067581] iommu: Adding device sound to group 54
[    0.076010] AT91: Could not find identification node
[    0.076504] vdd_5v_sata: Failed to request enable GPIO30: -517
[    0.076518] reg-fixed-voltage regulators:regulator@3: Failed to register regulator: -517
[    0.076568] usb1_vbus: Failed to request enable GPIO238: -517
[    0.076575] reg-fixed-voltage regulators:regulator@4: Failed to register regulator: -517
[    0.076625] usb3_vbus: Failed to request enable GPIO236: -517
[    0.076632] reg-fixed-voltage regulators:regulator@5: Failed to register regulator: -517
[    0.076737] sys_3v3_pexs: Failed to request enable GPIO95: -517
[    0.076745] reg-fixed-voltage regulators:regulator@7: Failed to register regulator: -517
[    0.078562] vgaarb: loaded
[    0.079041] SCSI subsystem initialized
[    0.079199] libata version 3.00 loaded.
[    0.079339] usbcore: registered new interface driver usbfs
[    0.079368] usbcore: registered new interface driver hub
[    0.079403] usbcore: registered new device driver usb
[    0.083803] iommu: Adding device tps65910-gpio to group 55
[    0.084091] iommu: Adding device tps65910-pmic to group 56
[    0.086568] vrtc: supplied by vdd_5v_in
[    0.089846] vio: supplied by vdd_5v_in
[    0.101819] vdd1: supplied by vdd_5v_in
[    0.103178] vddio_ddr_1v2: Bringing 600000uV into 1200000-1200000uV
[    0.111821] vdd2: supplied by vdd_5v_in
[    0.131814] ldo1: supplied by vdd_1v5_gen
[    0.134182] ldo2: supplied by vdd_1v5_gen
[    0.134653] vdd_sata,avdd_plle: Bringing 1200000uV into 1050000-1050000uV
[    0.136876] ldo3: supplied by vdd_5v_in
[    0.139216] ldo4: supplied by vdd_5v_in
[    0.141824] ldo5: supplied by vdd_5v_in
[    0.151807] ldo6: supplied by vdd_1v8_gen
[    0.152277] avdd_dsi_csi,pwrdet_mipi: Bringing 1000000uV into 1200000-1200000uV
[    0.154515] ldo7: supplied by vdd_1v8_gen
[    0.161810] ldo8: supplied by vdd_1v8_gen
[    0.170081] iommu: Adding device tps65910-rtc to group 57
[    0.170210] iommu: Adding device tps65910-power to group 58
[    0.171964] pps_core: LinuxPPS API ver. 1 registered
[    0.171971] pps_core: Software ver. 5.3.6 - Copyright 2005-2007 Rodolfo Giometti <giometti@linux.it>
[    0.171982] PTP clock support registered
[    0.172119] EDAC MC: Ver: 3.0.0
[    0.173647] clocksource: Switched to clocksource timer_us
[    0.204127] NET: Registered protocol family 2
[    0.204525] TCP established hash table entries: 8192 (order: 3, 32768 bytes)
[    0.204580] TCP bind hash table entries: 8192 (order: 4, 65536 bytes)
[    0.204664] TCP: Hash tables configured (established 8192 bind 8192)
[    0.204818] UDP hash table entries: 512 (order: 2, 16384 bytes)
[    0.204884] UDP-Lite hash table entries: 512 (order: 2, 16384 bytes)
[    0.205056] NET: Registered protocol family 1
[    0.205410] RPC: Registered named UNIX socket transport module.
[    0.205420] RPC: Registered udp transport module.
[    0.205424] RPC: Registered tcp transport module.
[    0.205428] RPC: Registered tcp NFSv4.1 backchannel transport module.
[    0.205438] PCI: CLS 0 bytes, default 64
[    0.206244] hw perfevents: no interrupt-affinity property for /pmu, guessing.
[    0.206490] hw perfevents: enabled with armv7_cortex_a9 PMU driver, 7 counters available
[    0.206990] iommu: Adding device alarmtimer to group 59
[    0.207582] Initialise system trusted keyrings
[    0.207707] workingset: timestamp_bits=30 max_order=19 bucket_order=0
[    0.211540] squashfs: version 4.0 (2009/01/31) Phillip Lougher
[    0.211955] NFS: Registering the id_resolver key type
[    0.211982] Key type id_resolver registered
[    0.211987] Key type id_legacy registered
[    0.212015] ntfs: driver 2.1.32 [Flags: R/O].
[    0.213014] Key type asymmetric registered
[    0.213023] Asymmetric key parser 'x509' registered
[    0.213057] bounce: pool size: 64 pages
[    0.213103] Block layer SCSI generic (bsg) driver version 0.4 loaded (major 247)
[    0.213111] io scheduler noop registered
[    0.213116] io scheduler deadline registered
[    0.213250] io scheduler cfq registered (default)
[    0.213257] io scheduler mq-deadline registered
[    0.213262] io scheduler kyber registered
[    0.219824] tegra30-pinctrl 70000868.pinmux: invalid group "sdmmc3_dat6_pd3" for function "rsvd1"
[    0.219846] tegra30-pinctrl 70000868.pinmux: invalid group "sdmmc3_dat7_pd4" for function "rsvd1"
[    0.219861] tegra30-pinctrl 70000868.pinmux: invalid group "vi_vsync_pd6" for function "rsvd1"
[    0.219870] tegra30-pinctrl 70000868.pinmux: invalid group "vi_hsync_pd7" for function "rsvd1"
[    0.220312] tegra30-pinctrl 70000868.pinmux: invalid group "hdmi_int_pn7" for function "rsvd1"
[    0.220355] tegra30-pinctrl 70000868.pinmux: invalid group "ulpi_data3_po4" for function "rsvd1"
[    0.220675] tegra30-pinctrl 70000868.pinmux: invalid group "vi_d10_pt2" for function "rsvd1"
[    0.220687] tegra30-pinctrl 70000868.pinmux: invalid group "vi_d11_pt3" for function "rsvd1"
[    0.220699] tegra30-pinctrl 70000868.pinmux: invalid group "vi_d0_pt4" for function "rsvd1"
[    0.220739] tegra30-pinctrl 70000868.pinmux: invalid group "pu0" for function "rsvd1"
[    0.220768] tegra30-pinctrl 70000868.pinmux: invalid group "pu3" for function "rsvd1"
[    0.220798] tegra30-pinctrl 70000868.pinmux: invalid group "pu6" for function "rsvd1"
[    0.220843] tegra30-pinctrl 70000868.pinmux: invalid group "pv3" for function "rsvd1"
[    0.221317] tegra30-pinctrl 70000868.pinmux: invalid group "pbb0" for function "rsvd1"
[    0.221429] tegra30-pinctrl 70000868.pinmux: invalid group "pcc1" for function "rsvd1"
[    0.226774] tegra-pcie 3000.pcie: 2x3 configuration
[    0.226930] tegra-pcie 3000.pcie: Failed to get supply 'hvdd-pex': -517
[    0.232592] tegra-apbdma 6000a000.dma: Tegra20 APB DMA driver register 32 channels
[    0.234788] tegra-pmc 7000e400.pmc: i2c-thermtrip node not found, emergency thermal reset disabled.
[    0.264307] Serial: 8250/16550 driver, 4 ports, IRQ sharing disabled
[    0.264405] iommu: Adding device serial8250 to group 60
[    0.266409] console [ttyS0] disabled
[    0.266448] 70006000.serial: ttyS0 at MMIO 0x70006000 (irq = 331, base_baud = 25500000) is a Tegra
[    1.643775] console [ttyS0] enabled
[    1.647786] SuperH (H)SCI(F) driver initialized
[    1.652919] msm_serial: driver initialized
[    1.657132] STMicroelectronics ASC driver initialized
[    1.682059] tegra-hdmi 54280000.hdmi: failed to get HDMI regulator
[    1.695137] brd: module loaded
[    1.703767] loop: module loaded
[    1.712685] m25p80 spi0.1: w25q32 (4096 Kbytes)
[    1.718500] iommu: Adding device Fixed MDIO bus.0 to group 61
[    1.724727] libphy: Fixed MDIO Bus: probed
[    1.729374] CAN device driver interface
[    1.733768] bgmac_bcma: Broadcom 47xx GBit MAC driver loaded
[    1.740161] e1000e: Intel(R) PRO/1000 Network Driver - 3.2.6-k
[    1.745991] e1000e: Copyright(c) 1999 - 2015 Intel Corporation.
[    1.751928] igb: Intel(R) Gigabit Ethernet Network Driver - version 5.4.0-k
[    1.758879] igb: Copyright (c) 2007-2014 Intel Corporation.
[    1.766574] pegasus: v0.9.3 (2013/04/25), Pegasus/Pegasus II USB Ethernet driver
[    1.774013] usbcore: registered new interface driver pegasus
[    1.779687] usbcore: registered new interface driver asix
[    1.785101] usbcore: registered new interface driver ax88179_178a
[    1.791194] usbcore: registered new interface driver cdc_ether
[    1.797054] usbcore: registered new interface driver smsc75xx
[    1.802807] usbcore: registered new interface driver smsc95xx
[    1.808566] usbcore: registered new interface driver net1080
[    1.814235] usbcore: registered new interface driver cdc_subset
[    1.820153] usbcore: registered new interface driver zaurus
[    1.825751] usbcore: registered new interface driver cdc_ncm
[    1.831590] tegra-phy 7d000000.usb-phy: no vbus regulator
[    1.839379] ehci_hcd: USB 2.0 'Enhanced' Host Controller (EHCI) Driver
[    1.845911] ehci-pci: EHCI PCI platform driver
[    1.850363] ehci-platform: EHCI generic platform driver
[    1.855705] ehci-orion: EHCI orion driver
[    1.859789] SPEAr-ehci: EHCI SPEAr driver
[    1.863874] ehci-st: EHCI STMicroelectronics driver
[    1.868810] ehci-exynos: EHCI EXYNOS driver
[    1.873065] ehci-atmel: EHCI Atmel driver
[    1.877147] tegra-ehci: Tegra EHCI driver
[    1.881457] ohci_hcd: USB 1.1 'Open' Host Controller (OHCI) Driver
[    1.887649] ohci-pci: OHCI PCI platform driver
[    1.892106] ohci-platform: OHCI generic platform driver
[    1.897445] SPEAr-ohci: OHCI SPEAr driver
[    1.901519] ohci-st: OHCI STMicroelectronics driver
[    1.906471] ohci-atmel: OHCI Atmel driver
[    1.910904] usbcore: registered new interface driver usb-storage
[    1.920442] iommu: Adding device ci_hdrc.0 to group 62
[    1.931082] tegra_rtc 7000e000.rtc: rtc core: registered 7000e000.rtc as rtc1
[    1.938267] tegra_rtc 7000e000.rtc: Tegra internal Real Time Clock
[    1.957047] tps65910-rtc tps65910-rtc: rtc core: registered tps65910-rtc as rtc0
[    1.964646] i2c /dev entries driver
[    1.976309] sdhci: Secure Digital Host Controller Interface driver
[    1.982474] sdhci: Copyright(c) Pierre Ossman
[    1.987807] Synopsys Designware Multimedia Card Interface Driver
[    1.994642] sdhci-pltfm: SDHCI platform and OF driver helper
[    2.000819] sdhci-tegra 78000000.sdhci: Got CD GPIO
[    2.005711] sdhci-tegra 78000000.sdhci: Got WP GPIO
[    2.018864] mmc0: Invalid maximum block size, assuming 512 bytes
[    2.083769] mmc0: SDHCI controller on 78000000.sdhci [78000000.sdhci] using ADMA
[    2.100162] mmc1: Invalid maximum block size, assuming 512 bytes
[    2.163667] mmc1: SDHCI controller on 78000600.sdhci [78000600.sdhci] using ADMA
[    2.172562] ledtrig-cpu: registered to indicate activity on CPUs
[    2.178855] usbcore: registered new interface driver usbhid
[    2.184425] usbhid: USB HID core driver
[    2.190810] NET: Registered protocol family 10
[    2.195978] Segment Routing with IPv6
[    2.199677] sit: IPv6, IPv4 and MPLS over IPv4 tunneling driver
[    2.205979] NET: Registered protocol family 17
[    2.210416] can: controller area network core (rev 20170425 abi 9)
[    2.216650] NET: Registered protocol family 29
[    2.221081] can: raw protocol (rev 20170425)
[    2.225354] can: broadcast manager protocol (rev 20170425 t)
[    2.231001] can: netlink gateway (rev 20170425) max_hops=1
[    2.236750] Key type dns_resolver registered
[    2.241382] ThumbEE CPU extension supported.
[    2.245664] Registering SWP/SWPB emulation handler
[    2.250822] Loading compiled-in X.509 certificates
[    2.266771] vdd_ddr: supplied by vdd_5v_in
[    2.271716] vdd_5v_sata: supplied by vdd_5v_in
[    2.276512] usb1_vbus: supplied by vdd_5v_in
[    2.281096] usb3_vbus: supplied by vdd_5v_in
[    2.286614] sys_3v3,vdd_3v3_alw: supplied by vdd_5v_in
[    2.292538] sys_3v3_pexs: supplied by sys_3v3,vdd_3v3_alw
[    2.297368] mmc1: new high speed MMC card at address 0001
[    2.298152] mmcblk1: mmc1:0001 SEM16G 14.8 GiB 
[    2.298626] mmcblk1boot0: mmc1:0001 SEM16G partition 1 1.00 MiB
[    2.299109] mmcblk1boot1: mmc1:0001 SEM16G partition 2 1.00 MiB
[    2.301114] mmc0: new ultra high speed DDR50 SDHC card at address aaaa
[    2.301347] mmcblk0: mmc0:aaaa SS04G 3.69 GiB 
[    2.308409] mmcblk1rpmb: mmc1:0001 SEM16G partition 3 128 KiB, chardev (237:0)
[    2.312040] Primary GPT is invalid, using alternate GPT.
[    2.312056]  mmcblk1: p1 p2 p3 p4 p5
[    2.329614]  mmcblk0: p1 p2 p3
[    2.349976] +VDD_5V_HDMI: supplied by sys_3v3,vdd_3v3_alw
[    2.356175] tegra-pcie 3000.pcie: 2x3 configuration
[    2.363479] tegra-pcie 3000.pcie: probing port 0, using 2 lanes
[    2.427680] tegra-pcie 3000.pcie: probing port 2, using 2 lanes
[    2.837441] tegra-pcie 3000.pcie: link 2 down, retrying
[    3.246491] tegra-pcie 3000.pcie: link 2 down, retrying
[    3.655542] tegra-pcie 3000.pcie: link 2 down, retrying
[    3.662764] tegra-pcie 3000.pcie: link 2 down, ignoring
[    3.668094] tegra-pcie 3000.pcie: PCI host bridge to bus 0000:00
[    3.674102] pci_bus 0000:00: root bus resource [io  0x0000-0xffff]
[    3.680267] pci_bus 0000:00: root bus resource [mem 0x20000000-0x27ffffff]
[    3.687135] pci_bus 0000:00: root bus resource [mem 0x28000000-0x3fffffff pref]
[    3.694435] pci_bus 0000:00: root bus resource [bus 00-ff]
[    3.699930] pci 0000:00:01.0: [10de:0e1c] type 01 class 0x060400
[    3.705944] pci_bus 0000:00: 2-byte config write to 0000:00:01.0 offset 0x4 may corrupt adjacent RW1C bits
[    3.715586] pci_bus 0000:00: 2-byte config write to 0000:00:01.0 offset 0x4 may corrupt adjacent RW1C bits
[    3.725241] pci 0000:00:01.0: enabling Extended Tags
[    3.730194] pci_bus 0000:00: 2-byte config write to 0000:00:01.0 offset 0x88 may corrupt adjacent RW1C bits
[    3.739942] pci_bus 0000:00: 2-byte config write to 0000:00:01.0 offset 0x52 may corrupt adjacent RW1C bits
[    3.749693] pci 0000:00:01.0: PME# supported from D0 D1 D2 D3hot D3cold
[    3.756302] pci_bus 0000:00: 2-byte config write to 0000:00:01.0 offset 0x4c may corrupt adjacent RW1C bits
[    3.766163] pci_bus 0000:00: 2-byte config write to 0000:00:01.0 offset 0x3e may corrupt adjacent RW1C bits
[    3.775897] pci_bus 0000:00: 2-byte config write to 0000:00:01.0 offset 0x4 may corrupt adjacent RW1C bits
[    3.785539] pci_bus 0000:00: 1-byte config write to 0000:00:01.0 offset 0xc may corrupt adjacent RW1C bits
[    3.795176] PCI: bus0: Fast back to back transfers disabled
[    3.800736] pci 0000:00:01.0: bridge configuration invalid ([bus 00-00]), reconfiguring
[    3.808729] pci_bus 0000:00: 2-byte config write to 0000:00:01.0 offset 0x3e may corrupt adjacent RW1C bits
[    3.818458] pci_bus 0000:00: 2-byte config write to 0000:00:01.0 offset 0x3e may corrupt adjacent RW1C bits
[    3.828258] pci 0000:01:00.0: [10ec:8168] type 00 class 0x020000
[    3.834280] pci 0000:01:00.0: reg 0x10: [io  0x0000-0x00ff]
[    3.839854] pci 0000:01:00.0: reg 0x18: [mem 0x00000000-0x00000fff 64bit pref]
[    3.847077] pci 0000:01:00.0: reg 0x20: [mem 0x00000000-0x00003fff 64bit pref]
[    3.854389] PCI: bus1: Fast back to back transfers disabled
[    3.859949] pci_bus 0000:01: busn_res: [bus 01-ff] end is updated to 01
[    3.866583] pci 0000:00:01.0: BAR 9: assigned [mem 0x28000000-0x280fffff 64bit pref]
[    3.874319] pci 0000:00:01.0: BAR 7: assigned [io  0x1000-0x1fff]
[    3.880399] pci 0000:01:00.0: BAR 4: assigned [mem 0x28000000-0x28003fff 64bit pref]
[    3.888143] pci 0000:01:00.0: BAR 2: assigned [mem 0x28004000-0x28004fff 64bit pref]
[    3.895885] pci 0000:01:00.0: BAR 0: assigned [io  0x1000-0x10ff]
[    3.901966] pci 0000:00:01.0: PCI bridge to [bus 01]
[    3.906925] pci 0000:00:01.0:   bridge window [io  0x1000-0x1fff]
[    3.913005] pci 0000:00:01.0:   bridge window [mem 0x28000000-0x280fffff 64bit pref]
[    3.920756] pci 0000:00:01.0: nv_msi_ht_cap_quirk didn't locate host bridge
[    3.927807] pcieport 0000:00:01.0: enabling device (0140 -> 0143)
[    3.934098] pcieport 0000:00:01.0: Signaling PME with IRQ 375
[    3.940082] r8169 Gigabit Ethernet driver 2.3LK-NAPI loaded
[    3.945679] r8169 0000:01:00.0: enabling device (0140 -> 0143)
[    3.951522] r8169 0000:01:00.0 (unnamed net_device) (uninitialized): not PCI Express
[    3.960133] r8169 0000:01:00.0 eth0: RTL8168evl/8111evl at 0xf0a2a000, 02:04:4b:01:60:a6, XID 0c900800 IRQ 18
[    3.970051] r8169 0000:01:00.0 eth0: jumbo features [frames: 9200 bytes, tx checksumming: ko]
[    3.982696] [drm] Supports vblank timestamp caching Rev 2 (21.10.2013).
[    3.989314] [drm] No driver support for vblank timestamp query.
[    3.995268] [drm] Cannot find any crtc or sizes
[    3.999801] [drm] Initialized tegra 0.0.0 20120330 for drm on minor 0
[    4.009057] tegra-ehci 7d004000.usb: EHCI Host Controller
[    4.014476] tegra-ehci 7d004000.usb: new USB bus registered, assigned bus number 1
[    4.022236] tegra-ehci 7d004000.usb: irq 344, io mem 0x7d004000
[    4.028194] [drm] Cannot find any crtc or sizes
[    4.054044] tegra-ehci 7d004000.usb: USB 2.0 started, EHCI 1.00
[    4.061266] hub 1-0:1.0: USB hub found
[    4.065048] hub 1-0:1.0: 1 port detected
[    4.068978] hub 1-0:1.0: config failed, can't get hub status (err 2)
[    4.076460] tegra-ehci 7d008000.usb: EHCI Host Controller
[    4.081859] tegra-ehci 7d008000.usb: new USB bus registered, assigned bus number 2
[    4.089608] tegra-ehci 7d008000.usb: irq 345, io mem 0x7d008000
[    4.124041] tegra-ehci 7d008000.usb: USB 2.0 started, EHCI 1.00
[    4.131154] hub 2-0:1.0: USB hub found
[    4.134937] hub 2-0:1.0: 1 port detected
[    4.138866] hub 2-0:1.0: config failed, can't get hub status (err 2)
[    4.151567] tps65910-rtc tps65910-rtc: setting system clock to 2000-01-01 00:00:02 UTC (946684802)
[    4.161087] vdd_sata,avdd_plle: disabling
[    4.165840] usb1_vbus: disabling
[    4.170635] EXT4-fs (mmcblk1p1): mounting ext3 file system using the ext4 subsystem
[    4.231364] EXT4-fs (mmcblk1p1): warning: mounting fs with errors, running e2fsck is recommended
[    4.241589] EXT4-fs (mmcblk1p1): recovery complete
[    4.247582] EXT4-fs (mmcblk1p1): mounted filesystem with ordered data mode. Opts: (null)
[    4.255704] VFS: Mounted root (ext3 filesystem) on device 179:1.
[    4.265496] devtmpfs: mounted
[    4.270984] Freeing unused kernel memory: 2048K
bash: cannot set terminal process group (-1): Inappropriate ioctl for device
bash: no job control in this shell
root@(none):/# 