
U-Boot SPL 2016.05-rc2 (Apr 21 2016 - 16:23:00)
Trying to boot from RAM


U-Boot 2016.05-rc2 (Apr 21 2016 - 16:23:00 -0700)

TEGRA124
Model: NVIDIA Jetson TK1
Board: NVIDIA Jetson TK1
DRAM:  2 GiB
MC:   Tegra SD/MMC: 0, Tegra SD/MMC: 1
In:    serial
Out:   serial
Err:   serial
Net:   No ethernet found.
Hit any key to stop autoboot:  2  0 
Tegra124 (Jetson TK1) # 
Tegra124 (Jetson TK1) # pci enum
Tegra124 (Jetson TK1) # setenv bootargs 'ignore_loglevel console=ttyS0,115200n8 rw root=PARTUUID=b1791faa-84e8-4e27-83a1-9fb0a77e8803 rootwait gpt debug noinitrd earlyprintk init=/bin/bash'
Tegra124 (Jetson TK1) # setenv ipaddr 192.168.100.102; setenv serverip 192.168.100.1; setenv tftpserverip 192.168.100.1
Tegra124 (Jetson TK1) # tftpboot 0x82000000 zImage.tegra_defconfig%tegra-fw

Warning: eth_rtl8169 using MAC address from ROM
Using eth_rtl8169 device
TFTP from server 192.168.100.1; our IP address is 192.168.100.102
Filename 'zImage.tegra_defconfig%tegra-fw'.
Load address: 0x82000000
Loading: *#################################################################
	 #################################################################
	 #################################################################
	 #################################################################
	 #################################################################
	 #################################################################
	 #############################################
	 3.5 MiB/s
done
Bytes transferred = 6376408 (614bd8 hex)
Tegra124 (Jetson TK1) # tftpboot 0x83000000 tegra124-jetson-tk1.dtb
Using eth_rtl8169 device
TFTP from server 192.168.100.1; our IP address is 192.168.100.102
Filename 'tegra124-jetson-tk1.dtb'.
Load address: 0x83000000
Loading: *#####
	 3.2 MiB/s
done
Bytes transferred = 66544 (103f0 hex)
Tegra124 (Jetson TK1) # bootz 0x82000000 - 0x83000000
Kernel image @ 0x82000000 [ 0x000000 - 0x614bd8 ]
## Flattened Device Tree blob at 83000000
   Booting using the fdt blob at 0x83000000
   Using Device Tree in place at 83000000, end 830133ef

Starting kernel ...

[    0.000000] Booting Linux on physical CPU 0x0
[    0.000000] Linux version 4.15.0-rc7-next-20180115-227384-gb625c1f (jonathanh@sellafield) (gcc version 4.7.3 20130328 (prerelease) (crosstool-NG linaro-1.13.1-4.7-2013.04-20130415 - Linaro GCC 2013.04)) #1 SMP PREEMPT Sun Jan 14 21:47:30 PST 2018
[    0.000000] CPU: ARMv7 Processor [413fc0f3] revision 3 (ARMv7), cr=10c5387d
[    0.000000] CPU: div instructions available: patching division code
[    0.000000] CPU: PIPT / VIPT nonaliasing data cache, PIPT instruction cache
[    0.000000] OF: fdt: Machine model: NVIDIA Tegra124 Jetson TK1
[    0.000000] debug: ignoring loglevel setting.
[    0.000000] bootconsole [earlycon0] enabled
[    0.000000] Memory policy: Data cache writealloc
[    0.000000] cma: Reserved 64 MiB at 0xfbc00000
[    0.000000] On node 0 totalpages: 524032
[    0.000000]   Normal zone: 1536 pages used for memmap
[    0.000000]   Normal zone: 0 pages reserved
[    0.000000]   Normal zone: 196608 pages, LIFO batch:31
[    0.000000]   HighMem zone: 327424 pages, LIFO batch:31
[    0.000000] random: fast init done
[    0.000000] percpu: Embedded 17 pages/cpu @(ptrval) s39104 r8192 d22336 u69632
[    0.000000] pcpu-alloc: s39104 r8192 d22336 u69632 alloc=17*4096
[    0.000000] pcpu-alloc: [0] 0 [0] 1 [0] 2 [0] 3 
[    0.000000] Built 1 zonelists, mobility grouping on.  Total pages: 522496
[    0.000000] Kernel command line: ignore_loglevel console=ttyS0,115200n8 rw root=PARTUUID=b1791faa-84e8-4e27-83a1-9fb0a77e8803 rootwait gpt debug noinitrd earlyprintk init=/bin/bash
[    0.000000] Dentry cache hash table entries: 131072 (order: 7, 524288 bytes)
[    0.000000] Inode-cache hash table entries: 65536 (order: 6, 262144 bytes)
[    0.000000] Memory: 1997468K/2096128K available (9216K kernel code, 781K rwdata, 2844K rodata, 1024K init, 298K bss, 33124K reserved, 65536K cma-reserved, 1244160K highmem)
[    0.000000] Virtual kernel memory layout:
[    0.000000]     vector  : 0xffff0000 - 0xffff1000   (   4 kB)
[    0.000000]     fixmap  : 0xffc00000 - 0xfff00000   (3072 kB)
[    0.000000]     vmalloc : 0xf0800000 - 0xff800000   ( 240 MB)
[    0.000000]     lowmem  : 0xc0000000 - 0xf0000000   ( 768 MB)
[    0.000000]     pkmap   : 0xbfe00000 - 0xc0000000   (   2 MB)
[    0.000000]     modules : 0xbf000000 - 0xbfe00000   (  14 MB)
[    0.000000]       .text : 0x(ptrval) - 0x(ptrval)   (10208 kB)
[    0.000000]       .init : 0x(ptrval) - 0x(ptrval)   (1024 kB)
[    0.000000]       .data : 0x(ptrval) - 0x(ptrval)   ( 782 kB)
[    0.000000]        .bss : 0x(ptrval) - 0x(ptrval)   ( 299 kB)
[    0.000000] Preemptible hierarchical RCU implementation.
[    0.000000] 	Tasks RCU enabled.
[    0.000000] NR_IRQS: 16, nr_irqs: 16, preallocated irqs: 16
[    0.000000] /interrupt-controller@60004000: 160 interrupts forwarded to /interrupt-controller@50041000
[    0.000000] Tegra clk 127: register failed with -17
[    0.000009] sched_clock: 32 bits at 1000kHz, resolution 1000ns, wraps every 2147483647500ns
[    0.007444] clocksource: timer_us: mask: 0xffffffff max_cycles: 0xffffffff, max_idle_ns: 1911260446275 ns
[    0.016972] Switching to timer-based delay loop, resolution 1000ns
[    0.024148] arch_timer: cp15 timer(s) running at 12.00MHz (virt).
[    0.029197] clocksource: arch_sys_counter: mask: 0xffffffffffffff max_cycles: 0x2c47f4ee7, max_idle_ns: 440795202497 ns
[    0.039945] sched_clock: 56 bits at 12MHz, resolution 83ns, wraps every 4398046511096ns
[    0.047912] Switching to timer-based delay loop, resolution 83ns
[    0.054365] Console: colour dummy device 80x30
[    0.058327] Calibrating delay loop (skipped), value calculated using timer frequency.. 24.00 BogoMIPS (lpj=120000)
[    0.068637] pid_max: default: 32768 minimum: 301
[    0.073712] Mount-cache hash table entries: 2048 (order: 1, 8192 bytes)
[    0.079823] Mountpoint-cache hash table entries: 2048 (order: 1, 8192 bytes)
[    0.087652] CPU: Testing write buffer coherency: ok
[    0.091990] /cpus/cpu@0 missing clock-frequency property
[    0.096995] /cpus/cpu@1 missing clock-frequency property
[    0.102304] /cpus/cpu@2 missing clock-frequency property
[    0.107570] /cpus/cpu@3 missing clock-frequency property
[    0.112840] CPU0: thread -1, cpu 0, socket 0, mpidr 80000000
[    0.152953] Setting up static identity map for 0x80100000 - 0x801000a0
[    0.157707] Hierarchical SRCU implementation.
[    0.173484] Tegra Revision: A01 SKU: 129 CPU Process: 1 SoC Process: 1
[    0.192975] smp: Bringing up secondary CPUs ...
[    0.243603] CPU1: thread -1, cpu 1, socket 0, mpidr 80000001
[    0.323713] CPU2: thread -1, cpu 2, socket 0, mpidr 80000002
[    0.403822] CPU3: thread -1, cpu 3, socket 0, mpidr 80000003
[    0.413398] smp: Brought up 1 node, 4 CPUs
[    0.432486] SMP: Total of 4 processors activated (96.00 BogoMIPS).
[    0.438654] CPU: All CPU(s) started in SVC mode.
[    0.445096] devtmpfs: initialized
[    0.466155] Built 1 zonelists, mobility grouping on.  Total pages: 515751
[    0.471425] VFP support v0.3: implementor 41 architecture 4 part 30 variant f rev 0
[    0.478989] clocksource: jiffies: mask: 0xffffffff max_cycles: 0xffffffff, max_idle_ns: 19112604462750000 ns
[    0.488478] futex hash table entries: 1024 (order: 4, 65536 bytes)
[    0.494864] pinctrl core: initialized pinctrl subsystem
[    0.501016] NET: Registered protocol family 16
[    0.505457] DMA: preallocated 256 KiB pool for atomic coherent allocations
[    0.512539] cpuidle: using governor menu
[    0.537909] No ATAGs?
[    0.538040] hw-breakpoint: found 5 (+1 reserved) breakpoint and 4 watchpoint registers.
[    0.546401] hw-breakpoint: maximum watchpoint size is 8 bytes.
[    0.554160] iommu: Adding device 50000000.host1x to group 0
[    0.557927] iommu: Adding device 54200000.dc to group 1
[    0.563073] iommu: Adding device 54240000.dc to group 1
[    0.568310] iommu: Adding device 57000000.gpu to group 2
[    0.590744] +5V_SYS: supplied by +VDD_MUX
[    0.593232] +3.3V_SYS: supplied by +VDD_MUX
[    0.597805] +USB0_VBUS_SW: Failed to request enable GPIO108: -517
[    0.603111] reg-fixed-voltage regulators:regulator@7: Failed to register regulator: -517
[    0.611241] +5V_USB_HS: Failed to request enable GPIO109: -517
[    0.616968] reg-fixed-voltage regulators:regulator@8: Failed to register regulator: -517
[    0.625202] +1.05V_RUN_AVDD_HDMI_PLL: Failed to request enable GPIO63: -517
[    0.631992] reg-fixed-voltage regulators:regulator@11: Failed to register regulator: -517
[    0.640187] +5V_HDMI_CON: Failed to request enable GPIO86: -517
[    0.646002] reg-fixed-voltage regulators:regulator@12: Failed to register regulator: -517
[    0.654227] +5V_SATA: Failed to request enable GPIO242: -517
[    0.659776] reg-fixed-voltage regulators:regulator@13: Failed to register regulator: -517
[    0.668004] +12V_SATA: Failed to request enable GPIO242: -517
[    0.673642] reg-fixed-voltage regulators:regulator@14: Failed to register regulator: -517
[    0.683078] vgaarb: loaded
[    0.685239] SCSI subsystem initialized
[    0.688416] libata version 3.00 loaded.
[    0.692317] usbcore: registered new interface driver usbfs
[    0.697542] usbcore: registered new interface driver hub
[    0.702845] usbcore: registered new device driver usb
[    0.711009] Linux video capture interface: v2.00
[    0.713788] pps_core: LinuxPPS API ver. 1 registered
[    0.718683] pps_core: Software ver. 5.3.6 - Copyright 2005-2007 Rodolfo Giometti <giometti@linux.it>
[    0.727793] PTP clock support registered
[    0.733109] Advanced Linux Sound Architecture Driver Initialized.
[    0.738371] Bluetooth: Core ver 2.22
[    0.741326] NET: Registered protocol family 31
[    0.745723] Bluetooth: HCI device and connection manager initialized
[    0.752028] Bluetooth: HCI socket layer initialized
[    0.756905] Bluetooth: L2CAP socket layer initialized
[    0.761936] Bluetooth: SCO socket layer initialized
[    0.767389] clocksource: Switched to clocksource arch_sys_counter
[    0.864761] NET: Registered protocol family 2
[    0.868210] tcp_listen_portaddr_hash hash table entries: 512 (order: 0, 6144 bytes)
[    0.874897] TCP established hash table entries: 8192 (order: 3, 32768 bytes)
[    0.881982] TCP bind hash table entries: 8192 (order: 4, 65536 bytes)
[    0.888469] TCP: Hash tables configured (established 8192 bind 8192)
[    0.895083] UDP hash table entries: 512 (order: 2, 16384 bytes)
[    0.900551] UDP-Lite hash table entries: 512 (order: 2, 16384 bytes)
[    0.907137] NET: Registered protocol family 1
[    0.911885] RPC: Registered named UNIX socket transport module.
[    0.917042] RPC: Registered udp transport module.
[    0.921750] RPC: Registered tcp transport module.
[    0.926401] RPC: Registered tcp NFSv4.1 backchannel transport module.
[    0.933454] PCI: CLS 0 bytes, default 64
[    0.938541] hw perfevents: enabled with armv7_cortex_a15 PMU driver, 7 counters available
[    0.946616] Initialise system trusted keyrings
[    0.949490] workingset: timestamp_bits=30 max_order=19 bucket_order=0
[    0.957056] squashfs: version 4.0 (2009/01/31) Phillip Lougher
[    0.962308] NFS: Registering the id_resolver key type
[    0.966544] Key type id_resolver registered
[    0.970745] Key type id_legacy registered
[    0.979596] Key type asymmetric registered
[    0.981782] Asymmetric key parser 'x509' registered
[    0.986768] bounce: pool size: 64 pages
[    0.990528] io scheduler noop registered (default)
[    0.995216] io scheduler mq-deadline registered
[    0.999740] io scheduler kyber registered
[    1.005542]  usb2-0: usb2-0 supply vbus not found, using dummy regulator
[    1.010548]  usb2-1: usb2-1 supply vbus not found, using dummy regulator
[    1.017505] tegra-xusb-padctl 7009f000.padctl: failed to setup XUSB ports: -517
[    1.033401] tegra-pcie 1003000.pcie: 2x1, 1x1 configuration
[    1.037104] tegra-pcie 1003000.pcie: Failed to get supply 'avddio-pex': -517
[    1.047018] tegra124-dfll 70110000.clock: couldn't get vdd_cpu regulator
[    1.057753] tegra-apbdma 60020000.dma: Tegra20 APB DMA driver register 32 channels
[    1.064721] tegra-pmc 7000e400.pmc: emergency thermal reset enabled
[    1.070295] Serial: 8250/16550 driver, 4 ports, IRQ sharing disabled
[    1.077908] console [ttyS0] disabled
[    1.079617] 70006300.serial: ttyS0 at MMIO 0x70006300 (irq = 335, base_baud = 25500000) is a Tegra
[    1.088565] console [ttyS0] enabled
[    1.088565] console [ttyS0] enabled
[    1.094747] bootconsole [earlycon0] disabled
[    1.094747] bootconsole [earlycon0] disabled
[    1.104506] 70006000.serial: ttyTHS1 at MMIO 0x70006000 (irq = 333, base_baud = 0) is a TEGRA_UART
[    1.115177] 70006040.serial: ttyTHS2 at MMIO 0x70006040 (irq = 334, base_baud = 0) is a TEGRA_UART
[    1.143904] tegra-hdmi 54280000.hdmi: failed to get HDMI regulator
[    1.163799] loop: module loaded
[    1.168417] at24 0-0056: 256 byte 24c02 EEPROM, writable, 8 bytes/write
[    1.175835] as3722 4-0040: AS3722 with revision 0x1 found
[    1.188069] as3722-sd2: supplied by +5V_SYS
[    1.192741] as3722-sd3: supplied by +5V_SYS
[    1.197154] +1.35V_LP0(sd3): Bringing 0uV into 1350000-1350000uV
[    1.203554] as3722-sd4: supplied by +5V_SYS
[    1.208248] as3722-sd5: supplied by +5V_SYS
[    1.214341] as3722-ldo0: supplied by +1.35V_LP0(sd2)
[    1.220467] +1.8V_RUN_CAM: Bringing 0uV into 1800000-1800000uV
[    1.226706] as3722-ldo2: supplied by +1.8V_VDDIO
[    1.232726] as3722-ldo3: supplied by +3.3V_SYS
[    1.237240] +1.05V_LP0_VDD_RTC: Bringing 1100000uV into 1000000-1000000uV
[    1.245056] as3722-ldo4: supplied by +3.3V_SYS
[    1.249761] +2.8V_RUN_CAM: Bringing 0uV into 2800000-2800000uV
[    1.255991] as3722-ldo5: supplied by +1.8V_VDDIO
[    1.260870] +1.2V_RUN_CAM_FRONT: Bringing 0uV into 1200000-1200000uV
[    1.267854] +VDDIO_SDMMC3: bypassed regulator has no supply!
[    1.273506] +VDDIO_SDMMC3: failed to get the current voltage(-517)
[    1.279707] as3722-regulator as3722-regulator: regulator 13 register failed -517
[    1.291045] tegra-ahci 70027000.sata: couldn't get PHY in node sata: -517
[    1.309417] m25p80 spi1.0: w25q32dw (4096 Kbytes)
[    1.326285] libphy: Fixed MDIO Bus: probed
[    1.330405] CAN device driver interface
[    1.334288] igb: Intel(R) Gigabit Ethernet Network Driver - version 5.4.0-k
[    1.341288] igb: Copyright (c) 2007-2014 Intel Corporation.
[    1.346998] pegasus: v0.9.3 (2013/04/25), Pegasus/Pegasus II USB Ethernet driver
[    1.354469] usbcore: registered new interface driver pegasus
[    1.360413] usbcore: registered new interface driver asix
[    1.365860] usbcore: registered new interface driver ax88179_178a
[    1.372021] usbcore: registered new interface driver cdc_ether
[    1.377944] usbcore: registered new interface driver smsc75xx
[    1.383752] usbcore: registered new interface driver smsc95xx
[    1.389568] usbcore: registered new interface driver net1080
[    1.395272] usbcore: registered new interface driver cdc_subset
[    1.401259] usbcore: registered new interface driver zaurus
[    1.406892] usbcore: registered new interface driver cdc_ncm
[    1.412813] tegra-phy 7d000000.usb-phy: no vbus regulator
[    1.418465] tegra-phy 7d004000.usb-phy: no vbus regulator
[    1.424168] ehci_hcd: USB 2.0 'Enhanced' Host Controller (EHCI) Driver
[    1.430711] ehci-pci: EHCI PCI platform driver
[    1.435209] tegra-ehci: Tegra EHCI driver
[    1.442082] tegra-ehci 7d004000.usb: EHCI Host Controller
[    1.447523] tegra-ehci 7d004000.usb: new USB bus registered, assigned bus number 1
[    1.455325] tegra-ehci 7d004000.usb: irq 356, io mem 0x7d004000
[    1.487417] tegra-ehci 7d004000.usb: USB 2.0 started, EHCI 1.10
[    1.494228] hub 1-0:1.0: USB hub found
[    1.498039] hub 1-0:1.0: 1 port detected
[    1.503200] usbcore: registered new interface driver cdc_acm
[    1.508873] cdc_acm: USB Abstract Control Model driver for USB modems and ISDN adapters
[    1.516924] usbcore: registered new interface driver cdc_wdm
[    1.522684] usbcore: registered new interface driver usb-storage
[    1.537104] as3722-rtc as3722-rtc: rtc core: registered as3722-rtc as rtc0
[    1.543998] as3722-rtc as3722-rtc: RTC interrupt 379
[    1.551823] tegra_rtc 7000e000.rtc: rtc core: registered 7000e000.rtc as rtc1
[    1.559023] tegra_rtc 7000e000.rtc: Tegra internal Real Time Clock
[    1.565538] i2c /dev entries driver
[    1.570313] usbcore: registered new interface driver uvcvideo
[    1.576051] USB Video Class driver (1.1.1)
[    1.580164] gspca_main: v2.14.0 registered
[    1.584892] lm90 0-004c: 0-004c supply vcc not found, using dummy regulator
[    1.595195] tegra-wdt 60005000.timer: initialized (heartbeat = 120 sec, nowayout = 0)
[    1.604094] sdhci: Secure Digital Host Controller Interface driver
[    1.610411] sdhci: Copyright(c) Pierre Ossman
[    1.614763] sdhci-pltfm: SDHCI platform and OF driver helper
[    1.620776] sdhci-tegra 700b0400.sdhci: Got CD GPIO
[    1.625667] sdhci-tegra 700b0400.sdhci: Got WP GPIO
[    1.646958] mmc0: Unknown controller version (3). You may experience problems.
[    1.654239] mmc0: Invalid maximum block size, assuming 512 bytes
[    1.691363] mmc0: SDHCI controller on 700b0600.sdhci [700b0600.sdhci] using ADMA
[    1.699745] usbcore: registered new interface driver usbhid
[    1.705351] usbhid: USB HID core driver
[    1.749312] mmc0: new high speed MMC card at address 0001
[    1.760067] mmcblk0: mmc0:0001 SEM16G 14.7 GiB 
[    1.769831] mmcblk0boot0: mmc0:0001 SEM16G partition 1 4.00 MiB
[    1.780924] mmcblk0boot1: mmc0:0001 SEM16G partition 2 4.00 MiB
[    1.787069] mmcblk0rpmb: mmc0:0001 SEM16G partition 3 4.00 MiB, chardev (247:0)
[    1.796186]  mmcblk0: p1
[    2.148774] tegra30-i2s 70301100.i2s: DMA channels sourced from device 70300000.ahub
[    2.169042] tegra-snd-rt5640 sound: rt5640-aif1 <-> 70301100.i2s mapping ok
[    2.179876] input: NVIDIA Tegra Jetson TK1 Headphones as /devices/soc0/sound/sound/card1/input0
[    2.191178] NET: Registered protocol family 10
[    2.197017] Segment Routing with IPv6
[    2.200881] mip6: Mobile IPv6
[    2.203847] sit: IPv6, IPv4 and MPLS over IPv4 tunneling driver
[    2.211285] NET: Registered protocol family 17
[    2.215741] NET: Registered protocol family 15
[    2.220240] can: controller area network core (rev 20170425 abi 9)
[    2.226641] NET: Registered protocol family 29
[    2.231101] can: raw protocol (rev 20170425)
[    2.235366] can: broadcast manager protocol (rev 20170425 t)
[    2.241042] can: netlink gateway (rev 20170425) max_hops=1
[    2.246699] Bluetooth: RFCOMM socket layer initialized
[    2.251904] Bluetooth: RFCOMM ver 1.11
[    2.255672] Bluetooth: BNEP (Ethernet Emulation) ver 1.3
[    2.261002] Bluetooth: BNEP socket layer initialized
[    2.265958] Bluetooth: HIDP (Human Interface Emulation) ver 1.2
[    2.271893] Bluetooth: HIDP socket layer initialized
[    2.277068] Key type dns_resolver registered
[    2.281930] Registering SWP/SWPB emulation handler
[    2.287543] Loading compiled-in X.509 certificates
[    2.312142] +3.3V_RUN: supplied by +3.3V_SYS
[    2.317065] +USB0_VBUS_SW: supplied by +5V_SYS
[    2.321956] +3.3V_AVDD_HDMI_AP_GATED: supplied by +3.3V_RUN
[    2.328038] +5V_USB_HS: supplied by +5V_SYS
[    2.333154] +3.3V_LP0: supplied by +3.3V_SYS
[    2.338659] +5V_HDMI_CON: supplied by +5V_SYS
[    2.343459] +5V_SATA: supplied by +5V_SYS
[    2.347936] +12V_SATA: supplied by +VDD_MUX
[    2.353521]  usb2-0: usb2-0 supply vbus not found, using dummy regulator
[    2.360372]  usb2-1: usb2-1 supply vbus not found, using dummy regulator
[    2.367359]  usb3-0: usb3-0 supply vbus not found, using dummy regulator
[    2.374897] tegra-pcie 1003000.pcie: 2x1, 1x1 configuration
[    2.380534] tegra-pcie 1003000.pcie: Failed to get supply 'avddio-pex': -517
[    2.389676] tegra124-dfll 70110000.clock: couldn't get vdd_cpu regulator
[    2.398962] tegra-hdmi 54280000.hdmi: failed to get PLL regulator
[    2.407283] as3722-sd2: supplied by +5V_SYS
[    2.411823] as3722-sd3: supplied by +5V_SYS
[    2.416315] as3722-sd4: supplied by +5V_SYS
[    2.421009] as3722-sd5: supplied by +5V_SYS
[    2.426701] as3722-ldo0: supplied by +1.35V_LP0(sd2)
[    2.432553] as3722-ldo1: supplied by +3.3V_RUN
[    2.437300] as3722-ldo2: supplied by +1.8V_VDDIO
[    2.443173] as3722-ldo3: supplied by +3.3V_SYS
[    2.448559] as3722-ldo4: supplied by +3.3V_SYS
[    2.453304] as3722-ldo5: supplied by +1.8V_VDDIO
[    2.459208] input: tegra-hda HDMI/DP,pcm=3 as /devices/soc0/70030000.hda/sound/card0/input1
[    2.467825] as3722-ldo6: supplied by +3.3V_RUN
[    2.472819] as3722-ldo7: supplied by +1.8V_VDDIO
[    2.478235] +1.05V_RUN_CAM_REAR: Bringing 0uV into 1050000-1050000uV
[    2.485308] as3722-ldo9: supplied by +5V_SYS
[    2.490807] +3.3V_RUN_TOUCH: Bringing 0uV into 2800000-2800000uV
[    2.497577] as3722-ldo10: supplied by +5V_SYS
[    2.502677] +2.8V_RUN_CAM_AF: Bringing 0uV into 2800000-2800000uV
[    2.509540] as3722-ldo11: supplied by +3.3V_RUN
[    2.514818] +1.8V_RUN_VPP_FUSE: Bringing 0uV into 1800000-1800000uV
[    2.524080] tegra-ahci 70027000.sata: AHCI 0001.0301 32 slots 2 ports 3 Gbps 0x1 impl platform mode
[    2.533157] tegra-ahci 70027000.sata: flags: 64bit ncq sntf pm led pio slum part sadm sds apst 
[    2.543660] scsi host0: tegra-ahci
[    2.547816] scsi host1: tegra-ahci
[    2.551466] ata1: SATA max UDMA/133 mmio [mem 0x70027000-0x70028fff] port 0x100 irq 345
[    2.559486] ata2: DUMMY
[    2.563194] tegra-ehci 7d008000.usb: EHCI Host Controller
[    2.568632] tegra-ehci 7d008000.usb: new USB bus registered, assigned bus number 2
[    2.576449] tegra-ehci 7d008000.usb: irq 357, io mem 0x7d008000
[    2.607519] tegra-ehci 7d008000.usb: USB 2.0 started, EHCI 1.10
[    2.614637] hub 2-0:1.0: USB hub found
[    2.618510] hub 2-0:1.0: 1 port detected
[    2.698191] tegra-xusb 70090000.usb: Firmware timestamp: 2014-09-16 02:10:07 UTC
[    2.705616] tegra-xusb 70090000.usb: xHCI Host Controller
[    2.711062] tegra-xusb 70090000.usb: new USB bus registered, assigned bus number 3
[    2.721198] tegra-xusb 70090000.usb: hcc params 0x0184f525 hci version 0x100 quirks 0x00010010
[    2.729888] tegra-xusb 70090000.usb: irq 347, io mem 0x70090000
[    2.737247] hub 3-0:1.0: USB hub found
[    2.741124] hub 3-0:1.0: 6 ports detected
[    2.746000] tegra-xusb 70090000.usb: xHCI Host Controller
[    2.751469] tegra-xusb 70090000.usb: new USB bus registered, assigned bus number 4
[    2.759224] usb usb4: We don't know the algorithms for LPM for this host, disabling LPM.
[    2.768424] hub 4-0:1.0: USB hub found
[    2.772245] hub 4-0:1.0: 2 ports detected
[    2.778075] sdhci-tegra 700b0400.sdhci: Got CD GPIO
[    2.783009] sdhci-tegra 700b0400.sdhci: Got WP GPIO
[    2.796356] mmc1: Unknown controller version (3). You may experience problems.
[    2.803715] mmc1: Invalid maximum block size, assuming 512 bytes
[    2.840717] mmc1: SDHCI controller on 700b0400.sdhci [700b0400.sdhci] using ADMA
[    2.848494] tegra-pcie 1003000.pcie: 2x1, 1x1 configuration
[    2.856244] tegra-pcie 1003000.pcie: probing port 0, using 2 lanes
[    2.864089] tegra-pcie 1003000.pcie: Slot present pin change, signature: 00000008
[    2.888844] tegra-pcie 1003000.pcie: probing port 1, using 1 lanes
[    2.890931] ata1: SATA link down (SStatus 0 SControl 300)
[    2.902679] tegra-pcie 1003000.pcie: Slot present pin change, signature: 00000000
[    2.916662] tegra-pcie 1003000.pcie: PCI host bridge to bus 0000:00
[    2.922969] pci_bus 0000:00: root bus resource [io  0x0000-0xffff]
[    2.929221] pci_bus 0000:00: root bus resource [mem 0x13000000-0x1fffffff]
[    2.936199] pci_bus 0000:00: root bus resource [mem 0x20000000-0x3fffffff pref]
[    2.943584] pci_bus 0000:00: root bus resource [bus 00-ff]
[    2.949139] pci 0000:00:01.0: [10de:0e12] type 01 class 0x060400
[    2.955153] pci_bus 0000:00: 2-byte config write to 0000:00:01.0 offset 0x4 may corrupt adjacent RW1C bits
[    2.964861] pci_bus 0000:00: 2-byte config write to 0000:00:01.0 offset 0x4 may corrupt adjacent RW1C bits
[    2.974671] pci 0000:00:01.0: enabling Extended Tags
[    2.979700] pci_bus 0000:00: 2-byte config write to 0000:00:01.0 offset 0x88 may corrupt adjacent RW1C bits
[    2.989472] pci_bus 0000:00: 2-byte config write to 0000:00:01.0 offset 0x52 may corrupt adjacent RW1C bits
[    2.999305] pci 0000:00:01.0: PME# supported from D0 D1 D2 D3hot D3cold
[    3.006027] pci_bus 0000:00: 2-byte config write to 0000:00:01.0 offset 0x4c may corrupt adjacent RW1C bits
[    3.016135] pci 0000:00:02.0: [10de:0e13] type 01 class 0x060400
[    3.022168] pci_bus 0000:00: 2-byte config write to 0000:00:02.0 offset 0x4 may corrupt adjacent RW1C bits
[    3.031866] pci_bus 0000:00: 2-byte config write to 0000:00:02.0 offset 0x4 may corrupt adjacent RW1C bits
[    3.041610] pci 0000:00:02.0: enabling Extended Tags
[    3.046617] pci_bus 0000:00: 2-byte config write to 0000:00:02.0 offset 0x88 may corrupt adjacent RW1C bits
[    3.056390] pci_bus 0000:00: 2-byte config write to 0000:00:02.0 offset 0x52 may corrupt adjacent RW1C bits
[    3.066208] pci 0000:00:02.0: PME# supported from D0 D1 D2 D3hot D3cold
[    3.072891] pci_bus 0000:00: 2-byte config write to 0000:00:02.0 offset 0x4c may corrupt adjacent RW1C bits
[    3.082955] PCI: bus0: Fast back to back transfers disabled
[    3.088631] pci 0000:00:01.0: bridge configuration invalid ([bus 00-00]), reconfiguring
[    3.096689] pci 0000:00:02.0: bridge configuration invalid ([bus 00-00]), reconfiguring
[    3.104976] pci 0000:01:00.0: [8086:4232] type 00 class 0x028000
[    3.111127] pci 0000:01:00.0: reg 0x10: [mem 0x00000000-0x00001fff 64bit]
[    3.118224] pci 0000:01:00.0: PME# supported from D0 D3hot D3cold
[    3.132525] mmc1: new high speed SDHC card at address aaaa
[    3.143386] mmcblk1: mmc1:aaaa SD04G 3.69 GiB 
[    3.147922] PCI: bus1: Fast back to back transfers disabled
[    3.147936] pci_bus 0000:01: busn_res: [bus 01-ff] end is updated to 01
[    3.148176] pci 0000:02:00.0: [10ec:8168] type 00 class 0x020000
[    3.148235] pci 0000:02:00.0: reg 0x10: [io  0x0000-0x00ff]
[    3.148279] pci 0000:02:00.0: reg 0x18: [mem 0x00000000-0x00000fff 64bit]
[    3.148309] pci 0000:02:00.0: reg 0x20: [mem 0x00000000-0x00003fff 64bit pref]
[    3.148488] pci 0000:02:00.0: supports D1 D2
[    3.148494] pci 0000:02:00.0: PME# supported from D0 D1 D2 D3hot D3cold
[    3.179364] PCI: bus2: Fast back to back transfers disabled
[    3.179374] pci_bus 0000:02: busn_res: [bus 02-ff] end is updated to 02
[    3.179419] pci 0000:00:01.0: BAR 8: assigned [mem 0x13000000-0x130fffff]
[    3.179427] pci 0000:00:02.0: BAR 8: assigned [mem 0x13100000-0x131fffff]
[    3.179437] pci 0000:00:02.0: BAR 9: assigned [mem 0x20000000-0x200fffff 64bit pref]
[    3.179444] pci 0000:00:02.0: BAR 7: assigned [io  0x1000-0x1fff]
[    3.179457] pci 0000:01:00.0: BAR 0: assigned [mem 0x13000000-0x13001fff 64bit]
[    3.179490] pci 0000:00:01.0: PCI bridge to [bus 01]
[    3.179502] pci 0000:00:01.0:   bridge window [mem 0x13000000-0x130fffff]
[    3.179521] pci 0000:02:00.0: BAR 4: assigned [mem 0x20000000-0x20003fff 64bit pref]
[    3.179547] pci 0000:02:00.0: BAR 2: assigned [mem 0x13100000-0x13100fff 64bit]
[    3.179573] pci 0000:02:00.0: BAR 0: assigned [io  0x1000-0x10ff]
[    3.179586] pci 0000:00:02.0: PCI bridge to [bus 02]
[    3.179594] pci 0000:00:02.0:   bridge window [io  0x1000-0x1fff]
[    3.179605] pci 0000:00:02.0:   bridge window [mem 0x13100000-0x131fffff]
[    3.179613] pci 0000:00:02.0:   bridge window [mem 0x20000000-0x200fffff 64bit pref]
[    3.179649] pci 0000:00:01.0: nv_msi_ht_cap_quirk didn't locate host bridge
[    3.179781] pcieport 0000:00:01.0: enabling device (0140 -> 0142)
[    3.180075] pcieport 0000:00:01.0: Signaling PME with IRQ 395
[    3.180256] pci 0000:00:02.0: nv_msi_ht_cap_quirk didn't locate host bridge
[    3.180364] pcieport 0000:00:02.0: enabling device (0140 -> 0143)
[    3.180654] pcieport 0000:00:02.0: Signaling PME with IRQ 396
[    3.181035] r8169 Gigabit Ethernet driver 2.3LK-NAPI loaded
[    3.181088] r8169 0000:02:00.0: enabling device (0140 -> 0143)
[    3.213350] r8169 0000:02:00.0 eth0: RTL8168g/8111g at 0x4777d966, 00:04:4b:3a:d9:81, XID 0c000800 IRQ 397
[    3.213359] r8169 0000:02:00.0 eth0: jumbo features [frames: 9200 bytes, tx checksumming: ko]
[    3.216981] +1.05V_RUN_AVDD_HDMI_PLL: supplied by +1.05V_RUN
[    3.241088] [drm] Supports vblank timestamp caching Rev 2 (21.10.2013).
[    3.241092] [drm] No driver support for vblank timestamp query.
[    3.241151] [drm] Cannot find any crtc or sizes
[    3.241328] [drm] Initialized tegra 0.0.0 20120330 for drm on minor 0
[    3.242583] cpufreq: cpufreq_online: CPU0: Running at unlisted freq: 696000 KHz
[    3.242617] cpufreq: cpufreq_online: CPU0: Unlisted initial frequency changed to: 714000 KHz
[    3.243143] input: gpio-keys as /devices/soc0/gpio-keys/input/input2
[    3.262224] as3722-rtc as3722-rtc: setting system clock to 2000-01-01 00:00:14 UTC (946684814)
[    3.262606] cfg80211: Loading compiled-in X.509 certificates for regulatory database
[    3.292814] cfg80211: Loaded X.509 cert 'sforshee: 00b28ddf47aef9cea7'
[    3.293126] +USB0_VBUS_SW: disabling
[    3.293146] +1.8V_RUN_CAM: disabling
[    3.298255] +2.8V_RUN_CAM: disabling
[    3.304404] +1.2V_RUN_CAM_FRONT: disabling
[    3.311312] +1.05V_RUN_CAM_REAR: disabling
[    3.319176] +3.3V_RUN_TOUCH: disabling
[    3.326182] +2.8V_RUN_CAM_AF: disabling
[    3.332390] +1.8V_RUN_VPP_FUSE: disabling
[    3.338251] ALSA device list:
[    3.338258]   #0: tegra-hda at 0x70038000 irq 346
[    3.338261]   #1: NVIDIA Tegra Jetson TK1
[    3.504731] platform regulatory.0: Direct firmware load for regulatory.db failed with error -2
[    3.504737] cfg80211: failed to load regulatory.db
[    3.512991]  mmcblk1: p1 p2 p3
[    3.514570] EXT4-fs (mmcblk0p1): mounting ext3 file system using the ext4 subsystem
[    3.552709] tegra-hdmi 54280000.hdmi: cannot set audio to 48000 Hz at 297000000 Hz pixel clock
[    3.557110] EXT4-fs (mmcblk0p1): recovery complete
[    3.558046] EXT4-fs (mmcblk0p1): mounted filesystem with ordered data mode. Opts: (null)
[    3.558110] VFS: Mounted root (ext3 filesystem) on device 179:1.
[    3.563450] devtmpfs: mounted
[    3.564412] Freeing unused kernel memory: 1024K
[    3.720871] Console: switching to colour frame buffer device 512x135
[    4.083886] drm drm: fb0:  frame buffer device
bash: cannot set terminal process group (-1): Inappropriate ioctl for device
bash: no job control in this shell
root@(none):/# 