
U-Boot SPL 2016.05-rc2 (Apr 21 2016 - 16:23:00)
Trying to boot from RAM


U-Boot 2016.05-rc2 (Apr 21 2016 - 16:23:00 -0700)

TEGRA124
Model: NVIDIA Jetson TK1
Board: NVIDIA Jetson TK1
DRAM:  2 GiB
MC:   Tegra SD/MMC: 0, Tegra SD/MMC: 1
In:    serial
Out:   serial
Err:   serial
Net:   No ethernet found.
Hit any key to stop autoboot:  2  0 
Tegra124 (Jetson TK1) # 
Tegra124 (Jetson TK1) # pci enum
Tegra124 (Jetson TK1) # setenv bootargs 'ignore_loglevel console=ttyS0,115200n8 rw root=PARTUUID=b1791faa-84e8-4e27-83a1-9fb0a77e8803 rootwait gpt debug noinitrd earlyprintk init=/bin/bash'
Tegra124 (Jetson TK1) # setenv ipaddr 192.168.100.102; setenv serverip 192.168.100.1; setenv tftpserverip 192.168.100.1
Tegra124 (Jetson TK1) # tftpboot 0x82000000 zImage.tegra_defconfig

Warning: eth_rtl8169 using MAC address from ROM
Using eth_rtl8169 device
TFTP from server 192.168.100.1; our IP address is 192.168.100.102
Filename 'zImage.tegra_defconfig'.
Load address: 0x82000000
Loading: *#################################################################
	 #################################################################
	 #################################################################
	 #################################################################
	 #################################################################
	 #################################################################
	 #########################################
	 4 MiB/s
done
Bytes transferred = 6323880 (607ea8 hex)
Tegra124 (Jetson TK1) # tftpboot 0x83000000 tegra124-jetson-tk1.dtb
Using eth_rtl8169 device
TFTP from server 192.168.100.1; our IP address is 192.168.100.102
Filename 'tegra124-jetson-tk1.dtb'.
Load address: 0x83000000
Loading: *#####
	 3.8 MiB/s
done
Bytes transferred = 67173 (10665 hex)
Tegra124 (Jetson TK1) # bootz 0x82000000 - 0x83000000
Kernel image @ 0x82000000 [ 0x000000 - 0x607ea8 ]
## Flattened Device Tree blob at 83000000
   Booting using the fdt blob at 0x83000000
   Using Device Tree in place at 83000000, end 83013664

Starting kernel ...

Uncompressing Linux... done, booting the kernel.
[    0.000000] Booting Linux on physical CPU 0x0
[    0.000000] Linux version 4.14.0-rc5-next-20171017-207394-ga7dd402 (jonathanh@kaivo) (gcc version 4.7.3 20130328 (prerelease) (crosstool-NG linaro-1.13.1-4.7-2013.04-20130415 - Linaro GCC 2013.04)) #1 SMP PREEMPT Tue Oct 17 14:03:42 PDT 2017
[    0.000000] CPU: ARMv7 Processor [413fc0f3] revision 3 (ARMv7), cr=10c5387d
[    0.000000] CPU: div instructions available: patching division code
[    0.000000] CPU: PIPT / VIPT nonaliasing data cache, PIPT instruction cache
[    0.000000] OF: fdt: Machine model: NVIDIA Tegra124 Jetson TK1
[    0.000000] debug: ignoring loglevel setting.
[    0.000000] bootconsole [earlycon0] enabled
[    0.000000] Memory policy: Data cache writealloc
[    0.000000] cma: Reserved 64 MiB at 0xfbc00000
[    0.000000] On node 0 totalpages: 524032
[    0.000000] free_area_init_node: node 0, pgdat c0faff40, node_mem_map eeff7000
[    0.000000]   Normal zone: 1536 pages used for memmap
[    0.000000]   Normal zone: 0 pages reserved
[    0.000000]   Normal zone: 196608 pages, LIFO batch:31
[    0.000000]   HighMem zone: 327424 pages, LIFO batch:31
[    0.000000] random: fast init done
[    0.000000] percpu: Embedded 17 pages/cpu @eef88000 s39872 r8192 d21568 u69632
[    0.000000] pcpu-alloc: s39872 r8192 d21568 u69632 alloc=17*4096
[    0.000000] pcpu-alloc: [0] 0 [0] 1 [0] 2 [0] 3 
[    0.000000] Built 1 zonelists, mobility grouping on.  Total pages: 522496
[    0.000000] Kernel command line: ignore_loglevel console=ttyS0,115200n8 rw root=PARTUUID=b1791faa-84e8-4e27-83a1-9fb0a77e8803 rootwait gpt debug noinitrd earlyprintk init=/bin/bash
[    0.000000] Dentry cache hash table entries: 131072 (order: 7, 524288 bytes)
[    0.000000] Inode-cache hash table entries: 65536 (order: 6, 262144 bytes)
[    0.000000] Memory: 1997468K/2096128K available (9216K kernel code, 781K rwdata, 2800K rodata, 1024K init, 298K bss, 33124K reserved, 65536K cma-reserved, 1244160K highmem)
[    0.000000] Virtual kernel memory layout:
[    0.000000]     vector  : 0xffff0000 - 0xffff1000   (   4 kB)
[    0.000000]     fixmap  : 0xffc00000 - 0xfff00000   (3072 kB)
[    0.000000]     vmalloc : 0xf0800000 - 0xff800000   ( 240 MB)
[    0.000000]     lowmem  : 0xc0000000 - 0xf0000000   ( 768 MB)
[    0.000000]     pkmap   : 0xbfe00000 - 0xc0000000   (   2 MB)
[    0.000000]     modules : 0xbf000000 - 0xbfe00000   (  14 MB)
[    0.000000]       .text : 0xc0008000 - 0xc0a00000   (10208 kB)
[    0.000000]       .init : 0xc0e00000 - 0xc0f00000   (1024 kB)
[    0.000000]       .data : 0xc0f00000 - 0xc0fc3408   ( 782 kB)
[    0.000000]        .bss : 0xc0fc3408 - 0xc100dcbc   ( 299 kB)
[    0.000000] Preemptible hierarchical RCU implementation.
[    0.000000] 	Tasks RCU enabled.
[    0.000000] NR_IRQS: 16, nr_irqs: 16, preallocated irqs: 16
[    0.000000] /interrupt-controller@60004000: 160 interrupts forwarded to /interrupt-controller@50041000
[    0.000000] Tegra clk 127: register failed with -17
[    0.000008] sched_clock: 32 bits at 1000kHz, resolution 1000ns, wraps every 2147483647500ns
[    0.007481] clocksource: timer_us: mask: 0xffffffff max_cycles: 0xffffffff, max_idle_ns: 1911260446275 ns
[    0.017010] Switching to timer-based delay loop, resolution 1000ns
[    0.024253] arch_timer: cp15 timer(s) running at 12.00MHz (virt).
[    0.029233] clocksource: arch_sys_counter: mask: 0xffffffffffffff max_cycles: 0x2c47f4ee7, max_idle_ns: 440795202497 ns
[    0.039981] sched_clock: 56 bits at 12MHz, resolution 83ns, wraps every 4398046511096ns
[    0.047949] Switching to timer-based delay loop, resolution 83ns
[    0.054403] Console: colour dummy device 80x30
[    0.058363] Calibrating delay loop (skipped), value calculated using timer frequency.. 24.00 BogoMIPS (lpj=120000)
[    0.068672] pid_max: default: 32768 minimum: 301
[    0.073751] Mount-cache hash table entries: 2048 (order: 1, 8192 bytes)
[    0.079859] Mountpoint-cache hash table entries: 2048 (order: 1, 8192 bytes)
[    0.087708] CPU: Testing write buffer coherency: ok
[    0.092028] /cpus/cpu@0 missing clock-frequency property
[    0.097031] /cpus/cpu@1 missing clock-frequency property
[    0.102341] /cpus/cpu@2 missing clock-frequency property
[    0.107606] /cpus/cpu@3 missing clock-frequency property
[    0.112878] CPU0: thread -1, cpu 0, socket 0, mpidr 80000000
[    0.152992] Setting up static identity map for 0x80100000 - 0x801000a0
[    0.157745] Hierarchical SRCU implementation.
[    0.173532] Tegra Revision: A01 SKU: 129 CPU Process: 1 SoC Process: 1
[    0.193015] smp: Bringing up secondary CPUs ...
[    0.243644] CPU1: thread -1, cpu 1, socket 0, mpidr 80000001
[    0.323756] CPU2: thread -1, cpu 2, socket 0, mpidr 80000002
[    0.403873] CPU3: thread -1, cpu 3, socket 0, mpidr 80000003
[    0.413448] smp: Brought up 1 node, 4 CPUs
[    0.432535] SMP: Total of 4 processors activated (96.00 BogoMIPS).
[    0.438703] CPU: All CPU(s) started in SVC mode.
[    0.445148] devtmpfs: initialized
[    0.465896] VFP support v0.3: implementor 41 architecture 4 part 30 variant f rev 0
[    0.472030] clocksource: jiffies: mask: 0xffffffff max_cycles: 0xffffffff, max_idle_ns: 19112604462750000 ns
[    0.481452] futex hash table entries: 1024 (order: 4, 65536 bytes)
[    0.488941] pinctrl core: initialized pinctrl subsystem
[    0.494001] NET: Registered protocol family 16
[    0.498675] DMA: preallocated 256 KiB pool for atomic coherent allocations
[    0.505371] cpuidle: using governor menu
[    0.531559] No ATAGs?
[    0.531696] hw-breakpoint: found 5 (+1 reserved) breakpoint and 4 watchpoint registers.
[    0.540057] hw-breakpoint: maximum watchpoint size is 8 bytes.
[    0.547794] iommu: Adding device reg-dummy to group 0
[    0.550992] iommu: Adding device 1003000.pcie to group 1
[    0.556295] iommu: Adding device 50000000.host1x to group 2
[    0.561864] iommu: Adding device 54200000.dc to group 3
[    0.567036] iommu: Adding device 54240000.dc to group 4
[    0.572217] iommu: Adding device 54280000.hdmi to group 5
[    0.577617] iommu: Adding device 57000000.gpu to group 6
[    0.582879] iommu: Adding device 60005000.timer to group 7
[    0.588317] iommu: Adding device 60007000.flow-controller to group 8
[    0.594663] iommu: Adding device 6000c800.actmon to group 9
[    0.600202] iommu: Adding device 6000d000.gpio to group 10
[    0.605668] iommu: Adding device 60020000.dma to group 11
[    0.611023] iommu: Adding device 70000800.apbmisc to group 12
[    0.616761] iommu: Adding device 70000868.pinmux to group 13
[    0.622376] iommu: Adding device 70006000.serial to group 14
[    0.628028] iommu: Adding device 70006040.serial to group 15
[    0.633643] iommu: Adding device 70006300.serial to group 16
[    0.639306] iommu: Adding device 7000c000.i2c to group 17
[    0.644650] iommu: Adding device 7000c400.i2c to group 18
[    0.650041] iommu: Adding device 7000c500.i2c to group 19
[    0.655407] iommu: Adding device 7000c700.i2c to group 20
[    0.660786] iommu: Adding device 7000d000.i2c to group 21
[    0.666144] iommu: Adding device 7000d400.spi to group 22
[    0.671535] iommu: Adding device 7000da00.spi to group 23
[    0.676894] iommu: Adding device 7000e000.rtc to group 24
[    0.682281] iommu: Adding device 7000e400.pmc to group 25
[    0.687636] iommu: Adding device 7000f800.fuse to group 26
[    0.693115] iommu: Adding device 70019000.memory-controller to group 27
[    0.699682] iommu: Adding device 7001b000.emc to group 28
[    0.705074] iommu: Adding device 70027000.sata to group 29
[    0.710516] iommu: Adding device 70030000.hda to group 30
[    0.715922] iommu: Adding device 70090000.usb to group 31
[    0.721262] iommu: Adding device 7009f000.padctl to group 32
[    0.726925] iommu: Adding device 700b0400.sdhci to group 33
[    0.732444] iommu: Adding device 700b0600.sdhci to group 34
[    0.738009] iommu: Adding device 700e2000.thermal-sensor to group 35
[    0.744316] iommu: Adding device 70110000.clock to group 36
[    0.749887] iommu: Adding device 70300000.ahub to group 37
[    0.755323] iommu: Adding device 7d000000.usb to group 38
[    0.760722] iommu: Adding device 7d000000.usb-phy to group 39
[    0.766415] iommu: Adding device 7d004000.usb to group 40
[    0.771808] iommu: Adding device 7d004000.usb-phy to group 41
[    0.777516] iommu: Adding device 7d008000.usb to group 42
[    0.782900] iommu: Adding device 7d008000.usb-phy to group 43
[    0.788602] iommu: Adding device pmu to group 44
[    0.793215] iommu: Adding device timer to group 45
[    0.797971] iommu: Adding device clocks to group 46
[    0.802817] iommu: Adding device gpio-keys to group 47
[    0.807948] iommu: Adding device regulators to group 48
[    0.813130] iommu: Adding device regulators:regulator@0 to group 49
[    0.819389] iommu: Adding device regulators:regulator@1 to group 50
[    0.825609] iommu: Adding device regulators:regulator@2 to group 51
[    0.831875] iommu: Adding device regulators:regulator@3 to group 52
[    0.838096] iommu: Adding device regulators:regulator@4 to group 53
[    0.844347] iommu: Adding device regulators:regulator@7 to group 54
[    0.850571] iommu: Adding device regulators:regulator@8 to group 55
[    0.856828] iommu: Adding device regulators:regulator@10 to group 56
[    0.863136] iommu: Adding device regulators:regulator@11 to group 57
[    0.869485] iommu: Adding device regulators:regulator@12 to group 58
[    0.875790] iommu: Adding device regulators:regulator@13 to group 59
[    0.882141] iommu: Adding device regulators:regulator@14 to group 60
[    0.888441] iommu: Adding device sound to group 61
[    0.910377] +5V_SYS: supplied by +VDD_MUX
[    0.912877] +3.3V_SYS: supplied by +VDD_MUX
[    0.917493] +USB0_VBUS_SW: Failed to request enable GPIO108: -517
[    0.922709] reg-fixed-voltage regulators:regulator@7: Failed to register regulator: -517
[    0.930920] +5V_USB_HS: Failed to request enable GPIO109: -517
[    0.936574] reg-fixed-voltage regulators:regulator@8: Failed to register regulator: -517
[    0.944871] +1.05V_RUN_AVDD_HDMI_PLL: Failed to request enable GPIO63: -517
[    0.951568] reg-fixed-voltage regulators:regulator@11: Failed to register regulator: -517
[    0.959836] +5V_HDMI_CON: Failed to request enable GPIO86: -517
[    0.965608] reg-fixed-voltage regulators:regulator@12: Failed to register regulator: -517
[    0.973875] +5V_SATA: Failed to request enable GPIO242: -517
[    0.979387] reg-fixed-voltage regulators:regulator@13: Failed to register regulator: -517
[    0.987653] +12V_SATA: Failed to request enable GPIO242: -517
[    0.993254] reg-fixed-voltage regulators:regulator@14: Failed to register regulator: -517
[    1.002732] vgaarb: loaded
[    1.004841] SCSI subsystem initialized
[    1.008054] libata version 3.00 loaded.
[    1.011976] usbcore: registered new interface driver usbfs
[    1.017149] usbcore: registered new interface driver hub
[    1.022492] usbcore: registered new device driver usb
[    1.030680] Linux video capture interface: v2.00
[    1.033491] pps_core: LinuxPPS API ver. 1 registered
[    1.038325] pps_core: Software ver. 5.3.6 - Copyright 2005-2007 Rodolfo Giometti <giometti@linux.it>
[    1.047494] PTP clock support registered
[    1.052759] Advanced Linux Sound Architecture Driver Initialized.
[    1.058092] Bluetooth: Core ver 2.22
[    1.060996] NET: Registered protocol family 31
[    1.065365] Bluetooth: HCI device and connection manager initialized
[    1.071724] Bluetooth: HCI socket layer initialized
[    1.076550] Bluetooth: L2CAP socket layer initialized
[    1.081606] Bluetooth: SCO socket layer initialized
[    1.087091] clocksource: Switched to clocksource arch_sys_counter
[    1.183561] NET: Registered protocol family 2
[    1.187031] TCP established hash table entries: 8192 (order: 3, 32768 bytes)
[    1.193150] TCP bind hash table entries: 8192 (order: 4, 65536 bytes)
[    1.199638] TCP: Hash tables configured (established 8192 bind 8192)
[    1.206259] UDP hash table entries: 512 (order: 2, 16384 bytes)
[    1.211722] UDP-Lite hash table entries: 512 (order: 2, 16384 bytes)
[    1.218328] NET: Registered protocol family 1
[    1.223050] RPC: Registered named UNIX socket transport module.
[    1.228242] RPC: Registered udp transport module.
[    1.232896] RPC: Registered tcp transport module.
[    1.237593] RPC: Registered tcp NFSv4.1 backchannel transport module.
[    1.244345] cfg80211: Loading compiled-in X.509 certificates for regulatory database
[    1.251725] cfg80211: Problem loading in-kernel X.509 certificate (-19)
[    1.258415] iommu: Adding device regulatory.0 to group 62
[    1.263955] platform regulatory.0: Direct firmware load for regulatory.db failed with error -2
[    1.272280] cfg80211: failed to load regulatory.db
[    1.277234] PCI: CLS 0 bytes, default 64
[    1.282764] hw perfevents: enabled with armv7_cortex_a15 PMU driver, 7 counters available
[    1.289747] iommu: Adding device alarmtimer to group 63
[    1.295394] Initialise system trusted keyrings
[    1.298859] workingset: timestamp_bits=30 max_order=19 bucket_order=0
[    1.306469] squashfs: version 4.0 (2009/01/31) Phillip Lougher
[    1.321728] NFS: Registering the id_resolver key type
[    1.324881] Key type id_resolver registered
[    1.329057] Key type id_legacy registered
[    1.337898] Key type asymmetric registered
[    1.340083] Asymmetric key parser 'x509' registered
[    1.345068] bounce: pool size: 64 pages
[    1.348870] io scheduler noop registered (default)
[    1.353517] io scheduler mq-deadline registered
[    1.358044] io scheduler kyber registered
[    1.363953]  usb2-0: usb2-0 supply vbus not found, using dummy regulator
[    1.368913]  usb2-1: usb2-1 supply vbus not found, using dummy regulator
[    1.375906] tegra-xusb-padctl 7009f000.padctl: failed to setup XUSB ports: -517
[    1.392012] tegra-pcie 1003000.pcie: 2x1, 1x1 configuration
[    1.395723] tegra-pcie 1003000.pcie: Failed to get supply 'avddio-pex': -517
[    1.405619] tegra124-dfll 70110000.clock: couldn't get vdd_cpu regulator
[    1.416994] tegra-apbdma 60020000.dma: Tegra20 APB DMA driver register 32 channels
[    1.424022] tegra-pmc 7000e400.pmc: emergency thermal reset enabled
[    1.429513] Serial: 8250/16550 driver, 4 ports, IRQ sharing disabled
[    1.435331] iommu: Adding device serial8250 to group 64
[    1.442289] console [ttyS0] disabled
[    1.444012] 70006300.serial: ttyS0 at MMIO 0x70006300 (irq = 335, base_baud = 25500000) is a Tegra
[    1.452965] console [ttyS0] enabled
[    1.452965] console [ttyS0] enabled
[    1.459521] bootconsole [earlycon0] disabled
[    1.459521] bootconsole [earlycon0] disabled
[    1.468537] 70006000.serial: ttyTHS1 at MMIO 0x70006000 (irq = 333, base_baud = 0) is a TEGRA_UART
[    1.479568] 70006040.serial: ttyTHS2 at MMIO 0x70006040 (irq = 334, base_baud = 0) is a TEGRA_UART
[    1.491911] tegra-hdmi 54280000.hdmi: failed to get HDMI regulator
[    1.511474] loop: module loaded
[    1.515886] at24 0-0056: 256 byte 24c02 EEPROM, writable, 8 bytes/write
[    1.523340] as3722 4-0040: AS3722 with revision 0x1 found
[    1.531047] iommu: Adding device as3722-pinctrl to group 65
[    1.538341] iommu: Adding device as3722-regulator to group 66
[    1.547062] as3722-sd2: supplied by +5V_SYS
[    1.551771] as3722-sd3: supplied by +5V_SYS
[    1.556189] +1.35V_LP0(sd3): Bringing 0uV into 1350000-1350000uV
[    1.562583] as3722-sd4: supplied by +5V_SYS
[    1.567292] as3722-sd5: supplied by +5V_SYS
[    1.573382] as3722-ldo0: supplied by +1.35V_LP0(sd2)
[    1.579541] +1.8V_RUN_CAM: Bringing 0uV into 1800000-1800000uV
[    1.585783] as3722-ldo2: supplied by +1.8V_VDDIO
[    1.591746] as3722-ldo3: supplied by +3.3V_SYS
[    1.596246] +1.05V_LP0_VDD_RTC: Bringing 1100000uV into 1000000-1000000uV
[    1.604084] as3722-ldo4: supplied by +3.3V_SYS
[    1.608790] +2.8V_RUN_CAM: Bringing 0uV into 2800000-2800000uV
[    1.615031] as3722-ldo5: supplied by +1.8V_VDDIO
[    1.619911] +1.2V_RUN_CAM_FRONT: Bringing 0uV into 1200000-1200000uV
[    1.626868] +VDDIO_SDMMC3: bypassed regulator has no supply!
[    1.632544] +VDDIO_SDMMC3: failed to get the current voltage(-517)
[    1.638739] as3722-regulator as3722-regulator: regulator 13 register failed -517
[    1.649670] iommu: Adding device as3722-rtc to group 67
[    1.655052] iommu: Adding device as3722-adc to group 68
[    1.660453] iommu: Adding device as3722-power-off to group 69
[    1.666344] iommu: Adding device as3722-wdt to group 70
[    1.672345] tegra-ahci 70027000.sata: couldn't get PHY in node sata: -517
[    1.680242] ------------[ cut here ]------------
[    1.684865] WARNING: CPU: 2 PID: 1 at ./include/linux/idr.h:113 spi_register_controller+0x83c/0x8f8
[    1.693922] Modules linked in:
[    1.696983] CPU: 2 PID: 1 Comm: swapper/0 Not tainted 4.14.0-rc5-next-20171017-207394-ga7dd402 #1
[    1.705841] Hardware name: NVIDIA Tegra SoC (Flattened Device Tree)
[    1.712118] [<c0111120>] (unwind_backtrace) from [<c010c168>] (show_stack+0x10/0x14)
[    1.719861] [<c010c168>] (show_stack) from [<c0973940>] (dump_stack+0x84/0xa4)
[    1.727080] [<c0973940>] (dump_stack) from [<c0121a70>] (__warn+0xd8/0x104)
[    1.734037] [<c0121a70>] (__warn) from [<c0121abc>] (warn_slowpath_null+0x20/0x28)
[    1.741599] [<c0121abc>] (warn_slowpath_null) from [<c05a0b90>] (spi_register_controller+0x83c/0x8f8)
[    1.750810] [<c05a0b90>] (spi_register_controller) from [<c05a0c80>] (devm_spi_register_controller+0x34/0x70)
[    1.760713] [<c05a0c80>] (devm_spi_register_controller) from [<c05a180c>] (tegra_spi_probe+0x298/0x35c)
[    1.770098] [<c05a180c>] (tegra_spi_probe) from [<c052e710>] (platform_drv_probe+0x50/0xb0)
[    1.778444] [<c052e710>] (platform_drv_probe) from [<c052ce1c>] (driver_probe_device+0x238/0x2e4)
[    1.787309] [<c052ce1c>] (driver_probe_device) from [<c052cf74>] (__driver_attach+0xac/0xb0)
[    1.795738] [<c052cf74>] (__driver_attach) from [<c052b4d8>] (bus_for_each_dev+0x54/0x88)
[    1.803908] [<c052b4d8>] (bus_for_each_dev) from [<c052c374>] (bus_add_driver+0xe4/0x1f0)
[    1.812078] [<c052c374>] (bus_add_driver) from [<c052daec>] (driver_register+0x78/0xf4)
[    1.820075] [<c052daec>] (driver_register) from [<c0101bbc>] (do_one_initcall+0x48/0x18c)
[    1.828245] [<c0101bbc>] (do_one_initcall) from [<c0e00dd0>] (kernel_init_freeable+0x10c/0x1d0)
[    1.836936] [<c0e00dd0>] (kernel_init_freeable) from [<c09872ac>] (kernel_init+0x8/0x114)
[    1.845107] [<c09872ac>] (kernel_init) from [<c0107d70>] (ret_from_fork+0x14/0x24)
[    1.852859] ---[ end trace f634f1c592ea3ad3 ]---
[    1.857490] ------------[ cut here ]------------
[    1.862106] WARNING: CPU: 2 PID: 1 at drivers/spi/spi.c:2123 spi_register_controller+0x5a4/0x8f8
[    1.870892] couldn't get idr
[    1.870898] Modules linked in:
[    1.876827] CPU: 2 PID: 1 Comm: swapper/0 Tainted: G        W        4.14.0-rc5-next-20171017-207394-ga7dd402 #1
[    1.886983] Hardware name: NVIDIA Tegra SoC (Flattened Device Tree)
[    1.893251] [<c0111120>] (unwind_backtrace) from [<c010c168>] (show_stack+0x10/0x14)
[    1.900988] [<c010c168>] (show_stack) from [<c0973940>] (dump_stack+0x84/0xa4)
[    1.908205] [<c0973940>] (dump_stack) from [<c0121a70>] (__warn+0xd8/0x104)
[    1.915159] [<c0121a70>] (__warn) from [<c0121b3c>] (warn_slowpath_fmt+0x38/0x48)
[    1.922636] [<c0121b3c>] (warn_slowpath_fmt) from [<c05a08f8>] (spi_register_controller+0x5a4/0x8f8)
[    1.931757] [<c05a08f8>] (spi_register_controller) from [<c05a0c80>] (devm_spi_register_controller+0x34/0x70)
[    1.941660] [<c05a0c80>] (devm_spi_register_controller) from [<c05a180c>] (tegra_spi_probe+0x298/0x35c)
[    1.951044] [<c05a180c>] (tegra_spi_probe) from [<c052e710>] (platform_drv_probe+0x50/0xb0)
[    1.959387] [<c052e710>] (platform_drv_probe) from [<c052ce1c>] (driver_probe_device+0x238/0x2e4)
[    1.968251] [<c052ce1c>] (driver_probe_device) from [<c052cf74>] (__driver_attach+0xac/0xb0)
[    1.976679] [<c052cf74>] (__driver_attach) from [<c052b4d8>] (bus_for_each_dev+0x54/0x88)
[    1.984847] [<c052b4d8>] (bus_for_each_dev) from [<c052c374>] (bus_add_driver+0xe4/0x1f0)
[    1.993016] [<c052c374>] (bus_add_driver) from [<c052daec>] (driver_register+0x78/0xf4)
[    2.001013] [<c052daec>] (driver_register) from [<c0101bbc>] (do_one_initcall+0x48/0x18c)
[    2.009182] [<c0101bbc>] (do_one_initcall) from [<c0e00dd0>] (kernel_init_freeable+0x10c/0x1d0)
[    2.017871] [<c0e00dd0>] (kernel_init_freeable) from [<c09872ac>] (kernel_init+0x8/0x114)
[    2.026040] [<c09872ac>] (kernel_init) from [<c0107d70>] (ret_from_fork+0x14/0x24)
[    2.033619] ---[ end trace f634f1c592ea3ad4 ]---
[    2.038250] spi-tegra114 7000d400.spi: can not register to master err -22
[    2.045163] spi-tegra114: probe of 7000d400.spi failed with error -22
[    2.052096] ------------[ cut here ]------------
[    2.056714] WARNING: CPU: 2 PID: 1 at drivers/spi/spi.c:2123 spi_register_controller+0x5a4/0x8f8
[    2.065505] couldn't get idr
[    2.065510] Modules linked in:
[    2.071456] CPU: 2 PID: 1 Comm: swapper/0 Tainted: G        W        4.14.0-rc5-next-20171017-207394-ga7dd402 #1
[    2.081613] Hardware name: NVIDIA Tegra SoC (Flattened Device Tree)
[    2.087882] [<c0111120>] (unwind_backtrace) from [<c010c168>] (show_stack+0x10/0x14)
[    2.095621] [<c010c168>] (show_stack) from [<c0973940>] (dump_stack+0x84/0xa4)
[    2.102839] [<c0973940>] (dump_stack) from [<c0121a70>] (__warn+0xd8/0x104)
[    2.109793] [<c0121a70>] (__warn) from [<c0121b3c>] (warn_slowpath_fmt+0x38/0x48)
[    2.117269] [<c0121b3c>] (warn_slowpath_fmt) from [<c05a08f8>] (spi_register_controller+0x5a4/0x8f8)
[    2.126391] [<c05a08f8>] (spi_register_controller) from [<c05a0c80>] (devm_spi_register_controller+0x34/0x70)
[    2.136293] [<c05a0c80>] (devm_spi_register_controller) from [<c05a180c>] (tegra_spi_probe+0x298/0x35c)
[    2.145676] [<c05a180c>] (tegra_spi_probe) from [<c052e710>] (platform_drv_probe+0x50/0xb0)
[    2.154020] [<c052e710>] (platform_drv_probe) from [<c052ce1c>] (driver_probe_device+0x238/0x2e4)
[    2.162884] [<c052ce1c>] (driver_probe_device) from [<c052cf74>] (__driver_attach+0xac/0xb0)
[    2.171312] [<c052cf74>] (__driver_attach) from [<c052b4d8>] (bus_for_each_dev+0x54/0x88)
[    2.179482] [<c052b4d8>] (bus_for_each_dev) from [<c052c374>] (bus_add_driver+0xe4/0x1f0)
[    2.187650] [<c052c374>] (bus_add_driver) from [<c052daec>] (driver_register+0x78/0xf4)
[    2.195646] [<c052daec>] (driver_register) from [<c0101bbc>] (do_one_initcall+0x48/0x18c)
[    2.203814] [<c0101bbc>] (do_one_initcall) from [<c0e00dd0>] (kernel_init_freeable+0x10c/0x1d0)
[    2.212502] [<c0e00dd0>] (kernel_init_freeable) from [<c09872ac>] (kernel_init+0x8/0x114)
[    2.220673] [<c09872ac>] (kernel_init) from [<c0107d70>] (ret_from_fork+0x14/0x24)
[    2.228321] ---[ end trace f634f1c592ea3ad5 ]---
[    2.232938] spi-tegra114 7000da00.spi: can not register to master err -22
[    2.239853] spi-tegra114: probe of 7000da00.spi failed with error -22
[    2.247457] iommu: Adding device Fixed MDIO bus.0 to group 71
[    2.253383] libphy: Fixed MDIO Bus: probed
[    2.257495] CAN device driver interface
[    2.261379] igb: Intel(R) Gigabit Ethernet Network Driver - version 5.4.0-k
[    2.268351] igb: Copyright (c) 2007-2014 Intel Corporation.
[    2.274058] pegasus: v0.9.3 (2013/04/25), Pegasus/Pegasus II USB Ethernet driver
[    2.281525] usbcore: registered new interface driver pegasus
[    2.287270] usbcore: registered new interface driver asix
[    2.292721] usbcore: registered new interface driver ax88179_178a
[    2.298878] usbcore: registered new interface driver cdc_ether
[    2.304766] usbcore: registered new interface driver smsc75xx
[    2.310599] usbcore: registered new interface driver smsc95xx
[    2.316388] usbcore: registered new interface driver net1080
[    2.322116] usbcore: registered new interface driver cdc_subset
[    2.328102] usbcore: registered new interface driver zaurus
[    2.333736] usbcore: registered new interface driver cdc_ncm
[    2.339658] tegra-phy 7d000000.usb-phy: no vbus regulator
[    2.345286] tegra-phy 7d004000.usb-phy: no vbus regulator
[    2.351009] ehci_hcd: USB 2.0 'Enhanced' Host Controller (EHCI) Driver
[    2.357549] ehci-pci: EHCI PCI platform driver
[    2.362044] tegra-ehci: Tegra EHCI driver
[    2.368887] tegra-ehci 7d004000.usb: EHCI Host Controller
[    2.374304] tegra-ehci 7d004000.usb: new USB bus registered, assigned bus number 1
[    2.382202] tegra-ehci 7d004000.usb: irq 355, io mem 0x7d004000
[    2.417123] tegra-ehci 7d004000.usb: USB 2.0 started, EHCI 1.10
[    2.423970] hub 1-0:1.0: USB hub found
[    2.427787] hub 1-0:1.0: 1 port detected
[    2.432947] usbcore: registered new interface driver cdc_acm
[    2.438621] cdc_acm: USB Abstract Control Model driver for USB modems and ISDN adapters
[    2.446676] usbcore: registered new interface driver cdc_wdm
[    2.452440] usbcore: registered new interface driver usb-storage
[    2.460078] iommu: Adding device ci_hdrc.0 to group 72
[    2.472024] as3722-rtc as3722-rtc: rtc core: registered as3722-rtc as rtc0
[    2.478924] as3722-rtc as3722-rtc: RTC interrupt 378
[    2.486752] tegra_rtc 7000e000.rtc: rtc core: registered 7000e000.rtc as rtc1
[    2.493954] tegra_rtc 7000e000.rtc: Tegra internal Real Time Clock
[    2.500484] i2c /dev entries driver
[    2.505244] usbcore: registered new interface driver uvcvideo
[    2.511005] USB Video Class driver (1.1.1)
[    2.515096] gspca_main: v2.14.0 registered
[    2.519841] lm90 0-004c: 0-004c supply vcc not found, using dummy regulator
[    2.530130] tegra-wdt 60005000.timer: initialized (heartbeat = 120 sec, nowayout = 0)
[    2.538637] iommu: Adding device cpufreq-tegra124 to group 73
[    2.544934] sdhci: Secure Digital Host Controller Interface driver
[    2.551127] sdhci: Copyright(c) Pierre Ossman
[    2.555477] sdhci-pltfm: SDHCI platform and OF driver helper
[    2.561473] sdhci-tegra 700b0400.sdhci: Got CD GPIO
[    2.566361] sdhci-tegra 700b0400.sdhci: Got WP GPIO
[    2.587659] mmc0: Unknown controller version (3). You may experience problems.
[    2.594915] mmc0: Invalid maximum block size, assuming 512 bytes
[    2.657163] mmc0: SDHCI controller on 700b0600.sdhci [700b0600.sdhci] using ADMA
[    2.668558] usbcore: registered new interface driver usbhid
[    2.674159] usbhid: USB HID core driver
[    2.680827] iommu: Adding device snd-soc-dummy to group 74
[    2.733602] mmc0: new high speed MMC card at address 0001
[    2.739596] mmcblk0: mmc0:0001 SEM16G 14.7 GiB 
[    2.744515] mmcblk0boot0: mmc0:0001 SEM16G partition 1 4.00 MiB
[    2.750900] mmcblk0boot1: mmc0:0001 SEM16G partition 2 4.00 MiB
[    2.757000] mmcblk0rpmb: mmc0:0001 SEM16G partition 3 4.00 MiB, chardev (247:0)
[    2.766046]  mmcblk0: p1
[    3.127589] iommu: Adding device 70301100.i2s to group 75
[    3.133855] tegra30-i2s 70301100.i2s: DMA channels sourced from device 70300000.ahub
[    3.154243] tegra-snd-rt5640 sound: rt5640-aif1 <-> 70301100.i2s mapping ok
[    3.165240] input: NVIDIA Tegra Jetson TK1 Headphones as /devices/soc0/sound/sound/card1/input0
[    3.176431] NET: Registered protocol family 10
[    3.182233] Segment Routing with IPv6
[    3.186057] mip6: Mobile IPv6
[    3.189047] sit: IPv6, IPv4 and MPLS over IPv4 tunneling driver
[    3.196521] NET: Registered protocol family 17
[    3.201042] NET: Registered protocol family 15
[    3.205481] can: controller area network core (rev 20170425 abi 9)
[    3.211883] NET: Registered protocol family 29
[    3.216323] can: raw protocol (rev 20170425)
[    3.220605] can: broadcast manager protocol (rev 20170425 t)
[    3.226264] can: netlink gateway (rev 20170425) max_hops=1
[    3.231984] Bluetooth: RFCOMM socket layer initialized
[    3.237156] Bluetooth: RFCOMM ver 1.11
[    3.240912] Bluetooth: BNEP (Ethernet Emulation) ver 1.3
[    3.246223] Bluetooth: BNEP socket layer initialized
[    3.251200] Bluetooth: HIDP (Human Interface Emulation) ver 1.2
[    3.257168] Bluetooth: HIDP socket layer initialized
[    3.262334] Key type dns_resolver registered
[    3.267126] Registering SWP/SWPB emulation handler
[    3.272723] Loading compiled-in X.509 certificates
[    3.295701] +3.3V_RUN: supplied by +3.3V_SYS
[    3.301296] +USB0_VBUS_SW: supplied by +5V_SYS
[    3.306005] +3.3V_AVDD_HDMI_AP_GATED: supplied by +3.3V_RUN
[    3.312024] +5V_USB_HS: supplied by +5V_SYS
[    3.317743] +3.3V_LP0: supplied by +3.3V_SYS
[    3.323688] +5V_HDMI_CON: supplied by +5V_SYS
[    3.328736] +5V_SATA: supplied by +5V_SYS
[    3.333205] +12V_SATA: supplied by +VDD_MUX
[    3.338849]  usb2-0: usb2-0 supply vbus not found, using dummy regulator
[    3.345668]  usb2-1: usb2-1 supply vbus not found, using dummy regulator
[    3.352910]  usb3-0: usb3-0 supply vbus not found, using dummy regulator
[    3.360476] tegra-pcie 1003000.pcie: 2x1, 1x1 configuration
[    3.366105] tegra-pcie 1003000.pcie: Failed to get supply 'avddio-pex': -517
[    3.375244] tegra124-dfll 70110000.clock: couldn't get vdd_cpu regulator
[    3.385340] tegra-hdmi 54280000.hdmi: failed to get PLL regulator
[    3.395655] as3722-sd2: supplied by +5V_SYS
[    3.400310] as3722-sd3: supplied by +5V_SYS
[    3.404795] as3722-sd4: supplied by +5V_SYS
[    3.409591] as3722-sd5: supplied by +5V_SYS
[    3.415641] as3722-ldo0: supplied by +1.35V_LP0(sd2)
[    3.421901] as3722-ldo1: supplied by +3.3V_RUN
[    3.426740] as3722-ldo2: supplied by +1.8V_VDDIO
[    3.432448] as3722-ldo3: supplied by +3.3V_SYS
[    3.438282] input: tegra-hda HDMI/DP,pcm=3 as /devices/soc0/70030000.hda/sound/card0/input1
[    3.446877] as3722-ldo4: supplied by +3.3V_SYS
[    3.451818] as3722-ldo5: supplied by +1.8V_VDDIO
[    3.456804] as3722-ldo6: supplied by +3.3V_RUN
[    3.461728] as3722-ldo7: supplied by +1.8V_VDDIO
[    3.467157] +1.05V_RUN_CAM_REAR: Bringing 0uV into 1050000-1050000uV
[    3.474277] as3722-ldo9: supplied by +5V_SYS
[    3.480119] +3.3V_RUN_TOUCH: Bringing 0uV into 2800000-2800000uV
[    3.486886] as3722-ldo10: supplied by +5V_SYS
[    3.491865] +2.8V_RUN_CAM_AF: Bringing 0uV into 2800000-2800000uV
[    3.498770] as3722-ldo11: supplied by +3.3V_RUN
[    3.504096] +1.8V_RUN_VPP_FUSE: Bringing 0uV into 1800000-1800000uV
[    3.513741] tegra-ahci 70027000.sata: AHCI 0001.0301 32 slots 2 ports 3 Gbps 0x1 impl platform mode
[    3.522820] tegra-ahci 70027000.sata: flags: 64bit ncq sntf pm led pio slum part sadm sds apst 
[    3.533727] scsi host0: tegra-ahci
[    3.538273] scsi host1: tegra-ahci
[    3.541990] ata1: SATA max UDMA/133 mmio [mem 0x70027000-0x70028fff] port 0x100 irq 345
[    3.550036] ata2: DUMMY
[    3.553839] tegra-ehci 7d008000.usb: EHCI Host Controller
[    3.559316] tegra-ehci 7d008000.usb: new USB bus registered, assigned bus number 2
[    3.567167] tegra-ehci 7d008000.usb: irq 356, io mem 0x7d008000
[    3.597221] tegra-ehci 7d008000.usb: USB 2.0 started, EHCI 1.10
[    3.604329] hub 2-0:1.0: USB hub found
[    3.608197] hub 2-0:1.0: 1 port detected
[    3.687894] tegra-xusb 70090000.usb: Firmware timestamp: 2014-09-16 02:10:07 UTC
[    3.695319] tegra-xusb 70090000.usb: xHCI Host Controller
[    3.700767] tegra-xusb 70090000.usb: new USB bus registered, assigned bus number 3
[    3.710953] tegra-xusb 70090000.usb: hcc params 0x0184f525 hci version 0x100 quirks 0x00010010
[    3.719637] tegra-xusb 70090000.usb: irq 347, io mem 0x70090000
[    3.727023] hub 3-0:1.0: USB hub found
[    3.730897] hub 3-0:1.0: 6 ports detected
[    3.735783] tegra-xusb 70090000.usb: xHCI Host Controller
[    3.741244] tegra-xusb 70090000.usb: new USB bus registered, assigned bus number 4
[    3.748989] usb usb4: We don't know the algorithms for LPM for this host, disabling LPM.
[    3.758353] hub 4-0:1.0: USB hub found
[    3.762150] hub 4-0:1.0: 2 ports detected
[    3.768324] sdhci-tegra 700b0400.sdhci: Got CD GPIO
[    3.773248] sdhci-tegra 700b0400.sdhci: Got WP GPIO
[    3.786532] mmc1: Unknown controller version (3). You may experience problems.
[    3.793891] mmc1: Invalid maximum block size, assuming 512 bytes
[    3.857738] mmc1: SDHCI controller on 700b0400.sdhci [700b0400.sdhci] using ADMA
[    3.865463] tegra-pcie 1003000.pcie: 2x1, 1x1 configuration
[    3.874341] tegra-pcie 1003000.pcie: probing port 0, using 2 lanes
[    3.880699] ata1: SATA link down (SStatus 0 SControl 300)
[    3.890427] tegra-pcie 1003000.pcie: Slot present pin change, signature: 00000008
[    3.918577] tegra-pcie 1003000.pcie: probing port 1, using 1 lanes
[    3.926909] tegra-pcie 1003000.pcie: Slot present pin change, signature: 00000000
[    3.941755] tegra-pcie 1003000.pcie: PCI host bridge to bus 0000:00
[    3.948065] pci_bus 0000:00: root bus resource [io  0x0000-0xffff]
[    3.954240] pci_bus 0000:00: root bus resource [mem 0x13000000-0x1fffffff]
[    3.961178] pci_bus 0000:00: root bus resource [mem 0x20000000-0x3fffffff pref]
[    3.968592] pci_bus 0000:00: root bus resource [bus 00-ff]
[    3.974170] pci 0000:00:01.0: [10de:0e12] type 01 class 0x060400
[    3.980223] pci_bus 0000:00: 2-byte config write to 0000:00:01.0 offset 0x4 may corrupt adjacent RW1C bits
[    3.989887] pci_bus 0000:00: 2-byte config write to 0000:00:01.0 offset 0x4 may corrupt adjacent RW1C bits
[    3.999619] pci 0000:00:01.0: enabling Extended Tags
[    4.004652] pci_bus 0000:00: 2-byte config write to 0000:00:01.0 offset 0x88 may corrupt adjacent RW1C bits
[    4.014499] pci_bus 0000:00: 2-byte config write to 0000:00:01.0 offset 0x52 may corrupt adjacent RW1C bits
[    4.024321] pci 0000:00:01.0: PME# supported from D0 D1 D2 D3hot D3cold
[    4.030955] pci_bus 0000:00: 2-byte config write to 0000:00:01.0 offset 0x4c may corrupt adjacent RW1C bits
[    4.041055] pci 0000:00:02.0: [10de:0e13] type 01 class 0x060400
[    4.047187] pci_bus 0000:00: 2-byte config write to 0000:00:02.0 offset 0x4 may corrupt adjacent RW1C bits
[    4.056885] pci_bus 0000:00: 2-byte config write to 0000:00:02.0 offset 0x4 may corrupt adjacent RW1C bits
[    4.066595] pci 0000:00:02.0: enabling Extended Tags
[    4.071578] pci_bus 0000:00: 2-byte config write to 0000:00:02.0 offset 0x88 may corrupt adjacent RW1C bits
[    4.081393] pci_bus 0000:00: 2-byte config write to 0000:00:02.0 offset 0x52 may corrupt adjacent RW1C bits
[    4.091280] pci 0000:00:02.0: PME# supported from D0 D1 D2 D3hot D3cold
[    4.097987] pci_bus 0000:00: 2-byte config write to 0000:00:02.0 offset 0x4c may corrupt adjacent RW1C bits
[    4.108075] PCI: bus0: Fast back to back transfers disabled
[    4.113647] pci 0000:00:01.0: bridge configuration invalid ([bus 00-00]), reconfiguring
[    4.121673] pci 0000:00:02.0: bridge configuration invalid ([bus 00-00]), reconfiguring
[    4.129975] pci 0000:01:00.0: [8086:4232] type 00 class 0x028000
[    4.136114] pci 0000:01:00.0: reg 0x10: [mem 0x00000000-0x00001fff 64bit]
[    4.143222] pci 0000:01:00.0: PME# supported from D0 D3hot D3cold
[    4.162417] mmc1: new high speed SDHC card at address aaaa
[    4.168923] mmcblk1: mmc1:aaaa SD04G 3.69 GiB 
[    4.177233] PCI: bus1: Fast back to back transfers disabled
[    4.182838] pci_bus 0000:01: busn_res: [bus 01-ff] end is updated to 01
[    4.189902] pci 0000:02:00.0: [10ec:8168] type 00 class 0x020000
[    4.196096] pci 0000:02:00.0: reg 0x10: [io  0x0000-0x00ff]
[    4.201879] pci 0000:02:00.0: reg 0x18: [mem 0x00000000-0x00000fff 64bit]
[    4.208944] pci 0000:02:00.0: reg 0x20: [mem 0x00000000-0x00003fff 64bit pref]
[    4.216552] pci 0000:02:00.0: supports D1 D2
[    4.220979] pci 0000:02:00.0: PME# supported from D0 D1 D2 D3hot D3cold
[    4.230263]  mmcblk1: p1 p2 p3
[    4.257287] PCI: bus2: Fast back to back transfers disabled
[    4.262866] pci_bus 0000:02: busn_res: [bus 02-ff] end is updated to 02
[    4.269559] pci 0000:00:01.0: BAR 8: assigned [mem 0x13000000-0x130fffff]
[    4.276342] pci 0000:00:02.0: BAR 8: assigned [mem 0x13100000-0x131fffff]
[    4.283171] pci 0000:00:02.0: BAR 9: assigned [mem 0x20000000-0x200fffff 64bit pref]
[    4.290924] pci 0000:00:02.0: BAR 7: assigned [io  0x1000-0x1fff]
[    4.297019] pci 0000:01:00.0: BAR 0: assigned [mem 0x13000000-0x13001fff 64bit]
[    4.304364] pci 0000:00:01.0: PCI bridge to [bus 01]
[    4.309347] pci 0000:00:01.0:   bridge window [mem 0x13000000-0x130fffff]
[    4.316141] pci 0000:02:00.0: BAR 4: assigned [mem 0x20000000-0x20003fff 64bit pref]
[    4.323912] pci 0000:02:00.0: BAR 2: assigned [mem 0x13100000-0x13100fff 64bit]
[    4.331250] pci 0000:02:00.0: BAR 0: assigned [io  0x1000-0x10ff]
[    4.337361] pci 0000:00:02.0: PCI bridge to [bus 02]
[    4.342321] pci 0000:00:02.0:   bridge window [io  0x1000-0x1fff]
[    4.348428] pci 0000:00:02.0:   bridge window [mem 0x13100000-0x131fffff]
[    4.355210] pci 0000:00:02.0:   bridge window [mem 0x20000000-0x200fffff 64bit pref]
[    4.362991] pci 0000:00:01.0: nv_msi_ht_cap_quirk didn't locate host bridge
[    4.370107] pcieport 0000:00:01.0: enabling device (0140 -> 0142)
[    4.376518] pcieport 0000:00:01.0: Signaling PME with IRQ 394
[    4.382460] pci 0000:00:02.0: nv_msi_ht_cap_quirk didn't locate host bridge
[    4.389538] pcieport 0000:00:02.0: enabling device (0140 -> 0143)
[    4.395899] pcieport 0000:00:02.0: Signaling PME with IRQ 395
[    4.402044] r8169 Gigabit Ethernet driver 2.3LK-NAPI loaded
[    4.407675] r8169 0000:02:00.0: enabling device (0140 -> 0143)
[    4.439015] r8169 0000:02:00.0 eth0: RTL8168g/8111g at 0xf0a0e000, 00:04:4b:3a:d9:81, XID 0c000800 IRQ 396
[    4.448690] r8169 0000:02:00.0 eth0: jumbo features [frames: 9200 bytes, tx checksumming: ko]
[    4.460878] +1.05V_RUN_AVDD_HDMI_PLL: supplied by +1.05V_RUN
[    4.470178] [drm] Supports vblank timestamp caching Rev 2 (21.10.2013).
[    4.476794] [drm] No driver support for vblank timestamp query.
[    4.611632] tegra-hdmi 54280000.hdmi: cannot set audio to 48000 Hz at 297000000 Hz pixel clock
[    4.858730] Console: switching to colour frame buffer device 512x135
[    4.954645] drm drm: fb0:  frame buffer device
[    4.959214] [drm] Initialized tegra 0.0.0 20120330 for drm on minor 0
[    4.966472] iommu: Adding device cpufreq-dt.0 to group 76
[    4.972198] cpufreq: cpufreq_online: CPU0: Running at unlisted freq: 696000 KHz
[    4.979540] cpufreq: cpufreq_online: CPU0: Unlisted initial frequency changed to: 714000 KHz
[    4.988580] input: gpio-keys as /devices/soc0/gpio-keys/input/input2
[    4.995917] as3722-rtc as3722-rtc: setting system clock to 2000-01-01 00:00:14 UTC (946684814)
[    5.004851] +USB0_VBUS_SW: disabling
[    5.008494] +1.8V_RUN_CAM: disabling
[    5.012363] +2.8V_RUN_CAM: disabling
[    5.016232] +1.2V_RUN_CAM_FRONT: disabling
[    5.020630] +1.05V_RUN_CAM_REAR: disabling
[    5.024966] +3.3V_RUN_TOUCH: disabling
[    5.028932] +2.8V_RUN_CAM_AF: disabling
[    5.032948] +1.8V_RUN_VPP_FUSE: disabling
[    5.037133] ALSA device list:
[    5.040096]   #0: tegra-hda at 0x70038000 irq 346
[    5.044787]   #1: NVIDIA Tegra Jetson TK1
[    5.049657] EXT4-fs (mmcblk0p1): mounting ext3 file system using the ext4 subsystem
[    5.095263] EXT4-fs (mmcblk0p1): recovery complete
[    5.101080] EXT4-fs (mmcblk0p1): mounted filesystem with ordered data mode. Opts: (null)
[    5.109213] VFS: Mounted root (ext3 filesystem) on device 179:1.
[    5.119730] devtmpfs: mounted
[    5.123062] Freeing unused kernel memory: 1024K
bash: cannot set terminal process group (-1): Inappropriate ioctl for device
bash: no job control in this shell
root@(none):/# 