

Pass: Linux Boot Test 1
	Test Owner(s): N/A
	Execution Time 56.35 sec
	Percent passed so far: 50.0
	


Pass: Linux Boot Test 2
	Test Owner(s): N/A
	Execution Time 55.94 sec
	Percent passed so far: 100.0
	

Final Score: 100.0
[   22.551425] healthd: battery l=100 v=0 t=21.0 h=2 st=2 chg=a
[   22.557107] healthd: Charger state changed from disconnected to connected
[   22.738981] init: write_file: Unable to open '/proc/sys/vm/extra_free_kbytes': No such file or directory
[   23.400861] acc_open
[   23.403070] acc_release
[   23.486459] tegra_cec 3960000.tegra_cec: set logical address: 0x0
[   23.492883] tegra_cec 3960000.tegra_cec: set logical address: 0x0
[   23.652731] gpio tegra-gpio wake18 for gpio=101(M:5)
[   23.661228] IPv6: ADDRCONF(NETDEV_UP): eth0: link is not ready
[   23.810658] tegra-xusb 3530000.xhci: exiting ELPG
[   23.905972] tegra-xusb 3530000.xhci: Firmware timestamp: 2017-10-31 06:33:14 UTC, Version: 55.08 debug
[   23.916937] tegra-xusb 3530000.xhci: exiting ELPG done
[   24.389091] tegra_cec 3960000.tegra_cec: set logical address: 0x10
[   24.694854] type=1400 audit(1477734423.884:7): avc: denied { write } for pid=3487 comm="Binder:3487_2" name="xt_quota" dev="proc" ino=4026532542 scontext=u:r:netd:s0 tcontext=u:object_r:proc_net:s0 tclass=dir permissive=1
[   24.715253] type=1400 audit(1477734423.884:8): avc: denied { add_name } for pid=3487 comm="Binder:3487_2" name="globalAlert" scontext=u:r:netd:s0 tcontext=u:object_r:proc_net:s0 tclass=dir permissive=1
[   24.733294] type=1400 audit(1477734423.884:9): avc: denied { create } for pid=3487 comm="Binder:3487_2" name="globalAlert" scontext=u:r:netd:s0 tcontext=u:object_r:proc_net:s0 tclass=file permissive=1
[   24.751544] type=1400 audit(1477734423.884:10): avc: denied { associate } for pid=3487 comm="Binder:3487_2" name="globalAlert" scontext=u:object_r:proc_net:s0 tcontext=u:object_r:proc:s0 tclass=filesystem permissive=1
[   24.767870] nvdec 15480000.nvdec: fw name:nvhost_nvdec_bl030_prod.fw
[   24.767876] nvdec 15480000.nvdec: fw name:nvhost_nvdec030_prod.fw
[   24.771686] [TRUSTY] [secure_otf] C> te_create_instance_iface: OTF
[   25.911998] init: Service 'bootanim' (pid 3895) exited with status 0
[   25.955228] type=1400 audit(1477734425.144:11): avc: denied { add_name } for pid=1 comm="init" name="uevent_in_suspend" scontext=u:r:init:s0 tcontext=u:object_r:sysfs:s0 tclass=dir permissive=1
[   25.955704] init: Starting service 'nvpmodel'...
[   25.959644] BOOT_COMPLETE
[   25.959645] init: cannot find '/system/xbin/qvs_post_boot.sh' (No such file or directory), disabling 'qvs_post_boot'
[   25.959697] init: cannot find '/data/boot_script.sh' (No such file or directory), disabling 'boot_script'
[   25.973883] init: Service 'nvpmodel' (pid 4385) exited with status 0
[   25.975988] tegra-xusb 3530000.xhci: entering ELPG
[   26.012087] type=1400 audit(1477734425.144:12): avc: denied { create } for pid=1 comm="init" name="uevent_in_suspend" scontext=u:r:init:s0 tcontext=u:object_r:sysfs:s0 tclass=file permissive=1
[   26.191066] tegra-xusb 3530000.xhci: entering ELPG done
[   27.323133] mtp_open
[   27.775877] eqos 2490000.ether_qos eth0: Link is Up - 1Gbps/Full - flow control rx/tx
[   27.784952] IPv6: ADDRCONF(NETDEV_CHANGE): eth0: link becomes ready
[0004.080] I> Welcome to MB1 recovery(prd-version : 10.02.161215-t186-M-00.00-f24525c4)
[0004.088] I> rst_source : 0x0
[0004.090] I> rst_level : 0x0
[0004.093] I> Boot-device: eMMC
[0004.144] I> sdmmc ddr50 mode
[0004.148] I> Entering into 3p server..
[0004.151] I> Transport interface is USB
[0004.627] I> transport_usbf_priv_open USB configuration success
[0010.093] I> Populate eeprom info for module cvm
[0045.036] I> bit @ 0xd480000
[0045.040] I> Downloading bct_bootrom at 0x000000004004e800
[0045.047] I> downloaded image bct_bootrom successfully
[0045.055] I> Downloading bct_mb1 at 0x0000000040041000
[0045.065] I> MB1-BCT relocated to 0xd48bc00 from 0x40041000
[0045.071] I> Supported mb1-bct versions 9-12
[0045.075] I> Version of mb1 bct binary 12
[0045.079] W> MB1 BCT does not have controller prod config data
[0045.085] I> Bootrom patch version : 31 (correctly patched)
[0045.090] I> ATE fuse revision : 0x30880
[0045.094] I> chip revision : A02P
[0045.097] I> disabled_core_mask: 0xffffff0c
[0045.101] I> Enabled Cores: 0xf3
[0045.104] I> TPC disable fuse status: 0
[0045.108] I> Booting Parker Sku
[0045.111] I> Ram repair fuse : 0x0
[0045.114] I> allocated(CO:30) base:0xf8000000 size:0x8000000 align: 0x8000000
[0045.121] I> allocated(CO:23) base:0xf7ff0000 size:0x10000 align: 0x10000
[0045.128] I> allocated(CO:31) base:0x0 size:0x0 align: 0x0
[0045.133] I> allocated(CO:1) base:0xf7e00000 size:0x100000 align: 0x100000
[0045.140] I> allocated(CO:2) base:0xf7d00000 size:0x100000 align: 0x100000
[0045.147] I> allocated(CO:3) base:0xf7c00000 size:0x100000 align: 0x100000
[0045.154] I> allocated(CO:4) base:0xf7b00000 size:0x100000 align: 0x100000
[0045.160] I> allocated(CO:5) base:0xf7a00000 size:0x100000 align: 0x100000
[0045.167] I> allocated(CO:8) base:0xf7900000 size:0x100000 align: 0x100000
[0045.174] I> allocated(CO:27) base:0x0 size:0x0 align: 0x0
[0045.179] I> allocated(CO:6) base:0xf7600000 size:0x200000 align: 0x200000
[0045.186] I> allocated(CO:7) base:0xf7000000 size:0x400000 align: 0x400000
[0045.193] I> allocated(CO:9) base:0xf7800000 size:0x100000 align: 0x100000
[0045.200] I> allocated(CO:10) base:0xf6800000 size:0x800000 align: 0x800000
[0045.207] I> allocated(CO:11) base:0x30000000 size:0x40000 align: 0x0
[0045.213] I> allocated(CO:12) base:0xf7500000 size:0x100000 align: 0x100000
[0045.220] I> allocated(CO:13) base:0x30040000 size:0x1000 align: 0x0
[0045.226] I> allocated(CO:14) base:0x30048000 size:0x1000 align: 0x0
[0045.232] I> allocated(CO:15) base:0x30049000 size:0x1000 align: 0x0
[0045.239] I> allocated(CO:16) base:0x3004a000 size:0x1000 align: 0x0
[0045.245] I> allocated(CO:17) base:0x3004b000 size:0x1000 align: 0x0
[0045.251] I> allocated(CO:19) base:0x3004d000 size:0x1000 align: 0x0
[0045.257] I> allocated(CO:18) base:0x3004c000 size:0x1000 align: 0x0
[0045.264] I> allocated(CO:20) base:0x3004e000 size:0x1000 align: 0x0
[0045.270] I> allocated(CO:21) base:0x3004f000 size:0x1000 align: 0x0
[0045.276] I> allocated(CO:22) base:0x0 size:0x0 align: 0x0
[0045.281] I> allocated(CO:32) base:0xf6000000 size:0x600000 align: 0x400000
[0045.288] I> allocated(CO:24) base:0x0 size:0x0 align: 0x0
[0045.294] I> allocated(CO:25) base:0x0 size:0x0 align: 0x0
[0045.299] I> allocated(CO:26) base:0x0 size:0x0 align: 0x0
[0045.304] I> allocated(CO:39) base:0x96000000 size:0x2000000 align: 0x2000000
[0045.311] I> allocated(CO:38) base:0x84000000 size:0x400000 align: 0x400000
[0045.318] I> allocated(CO:37) base:0xf7fc0000 size:0x20000 align: 0x20000
[0045.325] I> allocated(CO:40) base:0x84800000 size:0xb00000 align: 0x800000
[0045.332] I> allocated(CO:41) base:0xf7f00000 size:0x80000 align: 0x80000
[0045.339] I> allocated(CO:28) base:0x84400000 size:0x400000 align: 0x400000
[0045.346] I> Boot-device: eMMC
[0045.349] I> sdmmc bdev is already initialized
[0045.354] W> MB1 PMIC CFG is version 1.2
[0045.357] W> Rail ID 7 is not found on MB1 BCT
[0045.362] W> MB1 PMIC CFG is version 1.2
[0045.368] W> MB1 PMIC CFG is version 1.2
[0045.375] W> MB1 PMIC CFG is version 1.2
[0045.379] I> sdram slot : 1
[0045.382] I> Initializing SDRAM
[0045.388] I> mss encrypt status check successful
[0045.393] I> downloaded image bct_mb1 successfully
[0045.624] I> Downloading blob at 0x0000000085300000
[0046.027] I> downloaded image blob successfully
[0046.042] I> exiting nv3p server
[0046.046] I> disabled_core_mask: 0xffffff0c
[0046.050] I> Enabled Cores: 0xf3
[0046.053] I> TPC disable fuse status: 0
[0046.057] I> Booting Parker Sku
[0046.060] I> Setup temp. GSC#29 (base:0x30000000, size:0x00010000)
[0046.066] I> Loading preboot
[0046.070] I> Binary(1) of size 59024 is loaded @ 0x40000000
[0046.076] I> Restrict GSC#29 access to DPMU only
[0046.080] I> Updated LSR_DVCOMP_PARAMS: 0xc07a0f45c
[0046.085] I> Updated LSR_DVCOMP_PARAMS: 0xc0740e85c
[0046.090] I> WP0 triggered
[0046.092] I> Waypoint-0 ACK received :)
[0046.096] I> WP0.5 triggered
[0046.100] I> Initialized SCRs
[0046.103] W> MB1 PMIC CFG is version 1.2
[0046.110] W> MB1 PMIC CFG is version 1.2
[0046.161] I> Waypoint-0.5 ACK received :)
[0046.165] I> Setup temp. GSC#28 (base:0x84400000, size:0x00400000)
[0046.171] I> Loading MTS-DMCE
[0046.184] I> Binary(2) of size 266624 is loaded @ 0x84400000
[0046.190] I> disabled_core_mask: 0xffffff0c
[0046.194] I> Loading MTS-PROPER
[0046.197] I> Binary(3) of size 1809872 is loaded @ 0x0
[0046.202] I> Restrict GSC#28 access to DPMU only
[0046.207] I> disabled_core_mask: 0xffffff0c
[0046.211] I> WP1 triggered
[0046.213] I> Loading MB2
[0046.216] I> Binary(8) of size 59696 is loaded @ 0x84000000
[0046.222] W> MB1 PMIC CFG is version 1.2
[0046.227] I> Configure DMCE carveout GSC#13
[0046.231] I> CPU reset vector: 0x96000000
[0046.235] I> MB2-params @ 0xf7f00000
[0046.239] I> Waypoint-1 ACK received :)
[0046.242] I> Configure SC7 carveout GSC#23
[0046.247] I> MB1 recovery done

[0046.252] I> Welcome to MB2(TBoot-BPMP) Recovery(version: 01.00.160913-t186-M-00.00-mobile-597f2c10)
[0046.261] I> Default Heap @ [0xd486400 - 0xd488400]
[0046.266] I> DMA Heap @ [0x84900000 - 0x85300000]
[0046.271] I> bit @ 0xd480000
[0046.273] I> BR-BCT relocated to 0xf7f20000
[0046.278] I> Boot-device: eMMC
[0046.282] I> pmic: reset reason (nverc)	: 0x10
[0046.286] I> Reading GPT from 512 for device 00000003
[0046.292] I> Reading GPT from 8388096 for device 00000003
[0046.299] I> Found 14 partitions in 00000003 device
[0046.304] I> Reading GPT from 512 for device 00010003
[0046.311] I> Found 49 partitions in 00010003 device
[0046.319] I> Binary(16) of size 524480 is loaded @ 0xf7600000
[0046.326] I> Binary(17) of size 326672 is loaded @ 0xf77b03e0
[0046.453] I> BPMP-FW load address = 0xf7600000
[0046.458] I> BPMP-FW DTB load address = 0x501b03e0
[0046.463] I> Copy BTCM section
[0046.466] I> Binary(13) of size 143872 is loaded @ 0x96000000
[0046.472] I> MB2-params @ 0xf7f00000
[0046.476] I> CPUBL-params @ 0xf7f00000
[0046.479] I> CPU-BL loaded at : 0x96000000
[0046.483] I> Loading TOS ...
[0046.487] I> Binary(14) of size 54384 is loaded @ 0x8490f400
[0046.492] I> Copying Monitor (length: 0xd270) from 0x8490f600 to 0x40000000
[0046.499] I> Erasing Monitor @ 0x8490f600
[0046.504] I> Unhalting SCE
[0046.508] I> Waypoint2-ACK: 0x5200b694
[0046.511] I> MB2(TBoot-BPMP) Recovery done

NOTICE:  BL31: v1.2(release):ff7a644
NOTICE:  BL31: Built : 21:06:35, Mar  1 2017
NOTICE:  Trusty image missing.
ERROR:   Error initializing runtime service trusty_fast
[0046.874] I> Welcome to TBoot-CPU Recovery(version: 01.00.160913-t186-M-00.00-mobile-e9641362)
[0046.882] I> gpio framework initialized
[0046.886] I> tegrabl_gpio_driver_register: register 'tegra_gpio_main_driver' driver
[0046.894] I> tegrabl_gpio_driver_register: register 'tegra_gpio_aon_driver' driver
[0046.901] I> tegrabl_tca9539_init: i2c bus: 0, slave addr: 0xee
[0046.910] I> tegrabl_gpio_driver_register: register 'tca9539_gpio_driver' driver
[0046.917] I> tegrabl_tca9539_init: i2c bus: 0, slave addr: 0xe8
[0046.925] I> tegrabl_gpio_driver_register: register 'tca9539_gpio_driver' driver
[0046.932] I> CPU: ARM Cortex A57
[0046.935] I> CPU: MIDR: 0x411fd073, MPIDR: 0x80000100
[0046.940] I> L2 ECC enabled : yes
[0046.943] I> CPU-BL Params @ 0xf7f00000
[0046.947] I>  0) Base:0x00000000 Size:0x00000000
[0046.951] I>  1) Base:0xf7e00000 Size:0x00100000
[0046.956] I>  2) Base:0xf7d00000 Size:0x00100000
[0046.960] I>  3) Base:0xf7c00000 Size:0x00100000
[0046.965] I>  4) Base:0xf7b00000 Size:0x00100000
[0046.969] I>  5) Base:0xf7a00000 Size:0x00100000
[0046.973] I>  6) Base:0xf7600000 Size:0x00200000
[0046.978] I>  7) Base:0xf7000000 Size:0x00400000
[0046.982] I>  8) Base:0xf7900000 Size:0x00100000
[0046.987] I>  9) Base:0xf7800000 Size:0x00100000
[0046.991] I> 10) Base:0xf6800000 Size:0x00800000
[0046.996] I> 11) Base:0x30000000 Size:0x00040000
[0047.000] I> 12) Base:0xf7500000 Size:0x00100000
[0047.004] I> 13) Base:0x30040000 Size:0x00001000
[0047.009] I> 14) Base:0x30048000 Size:0x00001000
[0047.013] I> 15) Base:0x30049000 Size:0x00001000
[0047.018] I> 16) Base:0x3004a000 Size:0x00001000
[0047.022] I> 17) Base:0x3004b000 Size:0x00001000
[0047.027] I> 18) Base:0x3004c000 Size:0x00001000
[0047.031] I> 19) Base:0x3004d000 Size:0x00001000
[0047.035] I> 20) Base:0x3004e000 Size:0x00001000
[0047.040] I> 21) Base:0x3004f000 Size:0x00001000
[0047.044] I> 22) Base:0x00000000 Size:0x00000000
[0047.049] I> 23) Base:0xf7ff0000 Size:0x00010000
[0047.053] I> 24) Base:0x00000000 Size:0x00000000
[0047.058] I> 25) Base:0x00000000 Size:0x00000000
[0047.062] I> 26) Base:0x00000000 Size:0x00000000
[0047.067] I> 27) Base:0x00000000 Size:0x00000000
[0047.071] I> 28) Base:0x84400000 Size:0x00400000
[0047.075] I> 29) Base:0x30000000 Size:0x00010000
[0047.080] I> 30) Base:0xf8000000 Size:0x08000000
[0047.084] I> 31) Base:0x00000000 Size:0x00000000
[0047.089] I> 32) Base:0xf6000000 Size:0x00600000
[0047.093] I> 33) Base:0x80000000 Size:0x76000000
[0047.098] I> 34) Base:0x100000000 Size:0x180000000
[0047.102] I> 35) Base:0x00000000 Size:0x00000000
[0047.107] I> 36) Base:0x00000000 Size:0x00000000
[0047.111] I> 37) Base:0xf7fc0000 Size:0x00020000
[0047.115] I> 38) Base:0x84000000 Size:0x00400000
[0047.120] I> 39) Base:0x96000000 Size:0x02000000
[0047.124] I> 40) Base:0x84800000 Size:0x00b00000
[0047.129] I> 41) Base:0xf7f00000 Size:0x00080000
[0047.133] I> 42) Base:0x00000000 Size:0x00000000
[0047.138] I> 43) Base:0x00000000 Size:0x00000000
[0047.142] I> Boot-device: eMMC
[0047.174] I> sdmmc ddr50 mode
[0047.178] I> sdmmc bdev is already initialized
[0047.182] I> Reading GPT from 512 for device 00000003
[0047.188] I> Reading GPT from 8388096 for device 00000003
[0047.194] I> Found 14 partitions in 00000003 device
[0047.199] I> Reading GPT from 512 for device 00010003
[0047.205] I> Found 49 partitions in 00010003 device
[0047.210] I> Recovery boot_type: 0
[0047.213] I> Entering 3p server
[0047.216] I> Entering into 3p server..
[0047.220] I> Transport interface is USB
[0047.635] I> transport_usbf_priv_open USB configuration success
[0051.093] I> Populate storage info
[0051.109] I> Erasing device 0: 3
[0051.113] I> Erasing device 16384 blocks from block 0
[0051.144] I> Erase successful.
[0051.149] I> Writing device 0: 3
[0051.152] I> Total write size is 16896 bytes
[0051.201] I> Reading GPT from 512 for device 00000003
[0051.206] I> Reading GPT from 8388096 for device 00000003
[0051.213] I> Found 6 partitions in 00000003 device
[0051.217] I> Write successful.
[0051.223] I> Erasing device 1: 3
[0051.227] I> Erasing device 61071360 blocks from block 0
[0052.517] I> Erase successful.
[0052.523] I> Writing device 1: 3
[0052.526] I> Total write size is 512 bytes
[0052.532] I> Write successful.
[0052.537] I> Writing device 1: 3
[0052.541] I> Total write size is 2688 bytes
[0052.548] I> Reading GPT from 512 for device 00010003
[0052.553] I> Found 17 partitions in 00010003 device
[0052.558] I> Write successful.
[0052.563] I> Writing device 1: 3
[0052.566] I> Total write size is 16896 bytes
[0052.574] I> Reading GPT from 512 for device 00010003
[0052.580] I> Found 17 partitions in 00010003 device
[0052.584] I> Write successful.
[0052.590] I> Writing mb1 partition
[0052.593] I> Total write size is 88368 bytes
[0052.631] I> Write successful.
[0052.636] I> Writing spe-fw partition
[0052.640] I> Total write size is 57184 bytes
[0052.674] I> Write successful.
[0052.680] I> Writing mb2 partition
[0052.683] I> Total write size is 60720 bytes
[0052.722] I> Write successful.
[0052.728] I> Writing mts-preboot partition
[0052.732] I> Total write size is 59824 bytes
[0052.776] I> Write successful.
[0052.782] I> Writing device 1: 3
[0052.785] I> Total write size is 512 bytes
[0052.791] I> Write successful.
[0052.796] I> Writing APP partition
[0052.800] I> Total write size is 27997436 bytes
[0054.144] I> Write successful.
[0054.150] I> Writing mts-bootpack partition
[0054.154] I> Total write size is 2077344 bytes
[0054.264] I> Write successful.
[0054.269] I> Writing cpu-bootloader partition
[0054.273] I> Total write size is 196176 bytes
[0054.290] I> Write successful.
[0054.295] I> Writing bootloader-dtb partition
[0054.300] I> Total write size is 248528 bytes
[0054.320] I> Write successful.
[0054.325] I> Writing secure-os partition
[0054.329] I> Total write size is 54784 bytes
[0054.338] I> Write successful.
[0054.343] I> Writing eks partition
[0054.347] I> Total write size is 1488 bytes
[0054.354] I> Write successful.
[0054.359] I> Writing bpmp-fw partition
[0054.363] I> Total write size is 524880 bytes
[0054.394] I> Write successful.
[0054.399] I> Writing bpmp-fw-dtb partition
[0054.403] I> Total write size is 327072 bytes
[0054.426] I> Write successful.
[0054.432] I> Writing sce-fw partition
[0054.435] I> Total write size is 65488 bytes
[0054.446] I> Write successful.
[0054.451] I> Writing sc7 partition
[0054.455] I> Total write size is 20848 bytes
[0054.463] I> Write successful.
[0054.468] I> Writing kernel partition
[0054.472] I> Total write size is 6735872 bytes
[0054.808] I> Write successful.
[0054.813] I> Writing kernel-dtb partition
[0054.817] I> Total write size is 248128 bytes
[0054.836] I> Write successful.
[0054.849] I> Writing BCT partition
[0054.852] I> Total write size is 3584 bytes
[0054.903] I> Write successful.
[0054.921] I> Writing MB1_BCT partition
[0054.924] I> Total write size is 49968 bytes
[0054.970] I> Write successful.
[0054.982] I> Rebooting : reset-coldboot


[0000.181] I> Welcome to MB2(TBoot-BPMP)(version: 01.00.160913-t186-M-00.00-mobile-f4c42291)
[0000.189] I> Default Heap @ [0xd486400 - 0xd488400]
[0000.194] I> DMA Heap @ [0x84900000 - 0x85300000]
[0000.199] I> bit @ 0xd480000
[0000.202] I> BR-BCT relocated to 0xf7f20000
[0000.206] I> Boot-device: eMMC
[0000.210] I> pmic: reset reason (nverc)	: 0x0
[0000.214] I> Reading GPT from 512 for device 00000003
[0000.220] I> Reading GPT from 8388096 for device 00000003
[0000.227] I> Found 6 partitions in 00000003 device
[0000.232] I> Reading GPT from 512 for device 00010003
[0000.238] I> Found 17 partitions in 00010003 device
[0000.244] W> No valid slot number is found in scratch register
[0000.249] W> Return default slot: _a
[0000.253] I> A/B: bin_type (16) slot 0
[0000.256] I> Select partition: bpmp-fw
[0000.260] I> Loading partition bpmp-fw at 0xf7600000
[0000.265] I> Reading two headers - addr:0xf7600000 blocks:1
[0000.270] I> Addr: 0xf7600000, start-block: 58739717, num_blocks: 1
[0000.285] I> Binary(16) of size 524480 is loaded @ 0xf7600000
[0000.291] W> No valid slot number is found in scratch register
[0000.296] W> Return default slot: _a
[0000.300] I> A/B: bin_type (17) slot 0
[0000.303] I> Select partition: bpmp-fw-dtb
[0000.307] I> Loading partition bpmp-fw-dtb at 0xf77f0000
[0000.312] I> Reading two headers - addr:0xf77f0000 blocks:1
[0000.318] I> Addr: 0xf77f0000, start-block: 58740925, num_blocks: 1
[0000.330] I> Binary(17) of size 326672 is loaded @ 0xf77b0200
[0000.457] I> BPMP-FW load address = 0xf7600000
[0000.462] I> BPMP-FW DTB load address = 0x501b0200
[0000.467] I> Loading SCE-FW ...
[0000.469] W> No valid slot number is found in scratch register
[0000.475] W> Return default slot: _a
[0000.479] I> A/B: bin_type (12) slot 0
[0000.482] I> Select partition: sce-fw
[0000.486] I> Loading partition sce-fw at 0xf7800000
[0000.490] I> Reading two headers - addr:0xf7800000 blocks:1
[0000.496] I> Addr: 0xf7800000, start-block: 58741925, num_blocks: 1
[0000.504] I> Binary(12) of size 65088 is loaded @ 0xf7800000
[0000.510] I> Init SCE
[0000.512] I> Copy BTCM section
[0000.515] W> No valid slot number is found in scratch register
[0000.521] W> Return default slot: _a
[0000.524] I> A/B: bin_type (13) slot 0
[0000.528] I> Select partition: cpu-bootloader
[0000.532] I> Loading partition cpu-bootloader at 0x96000000
[0000.537] I> Reading two headers - addr:0x96000000 blocks:1
[0000.543] I> Addr: 0x96000000, start-block: 58732545, num_blocks: 1
[0000.553] I> Binary(13) of size 195776 is loaded @ 0x96000000
[0000.559] W> No valid slot number is found in scratch register
[0000.564] W> Return default slot: _a
[0000.568] I> A/B: bin_type (20) slot 0
[0000.572] I> Select partition: bootloader-dtb
[0000.576] I> Loading partition bootloader-dtb at 0x85300000
[0000.581] I> Reading two headers - addr:0x85300000 blocks:1
[0000.587] I> Addr: 0x85300000, start-block: 58733057, num_blocks: 1
[0000.597] I> Binary(20) of size 248128 is loaded @ 0x85300000
[0000.603] I> MB2-params @ 0xf7f00000
[0000.607] I> CPUBL-params @ 0xf7f00000
[0000.610] I> CPU-BL loaded at : 0x96000000
[0000.614] I> Loading TOS ...
[0000.617] W> No valid slot number is found in scratch register
[0000.623] W> Return default slot: _a
[0000.626] I> A/B: bin_type (14) slot 0
[0000.630] I> Select partition: secure-os
[0000.633] I> Loading partition secure-os at 0x8490f400
[0000.638] I> Reading two headers - addr:0x8490f400 blocks:1
[0000.644] I> Addr: 0x8490f400, start-block: 58733569, num_blocks: 1
[0000.652] I> Binary(14) of size 54384 is loaded @ 0x8490f400
[0000.658] I> Copying Monitor (length: 0xd270) from 0x8490f600 to 0x40000000
[0000.665] I> Erasing Monitor @ 0x8490f600
[0000.669] I> Unhalting SCE
[0000.673] I> Waypoint2-ACK: 0x5200b8d0
[0000.677] I> MB2(TBoot-BPMP) done

NOTICE:  BL31: v1.2(release):ff7a644
NOTICE:  BL31: Built : 21:06:35, Mar  1 2017
NOTICE:  Trusty image missing.
ERROR:   Error initializing runtime service trusty_fast
[0001.039] I> Welcome to Cboot
[0001.042] I> Cboot Version: 00.00.2014.50-t186-fabbc56c
[0001.047] I> CPU-BL Params @ 0xf7f00000
[0001.051] I>  0) Base:0x00000000 Size:0x00000000
[0001.055] I>  1) Base:0xf7e00000 Size:0x00100000
[0001.060] I>  2) Base:0xf7d00000 Size:0x00100000
[0001.064] I>  3) Base:0xf7c00000 Size:0x00100000
[0001.069] I>  4) Base:0xf7b00000 Size:0x00100000
[0001.073] I>  5) Base:0xf7a00000 Size:0x00100000
[0001.077] I>  6) Base:0xf7600000 Size:0x00200000
[0001.082] I>  7) Base:0xf7000000 Size:0x00400000
[0001.086] I>  8) Base:0xf7900000 Size:0x00100000
[0001.091] I>  9) Base:0xf7800000 Size:0x00100000
[0001.095] I> 10) Base:0xf6800000 Size:0x00800000
[0001.100] I> 11) Base:0x30000000 Size:0x00040000
[0001.104] I> 12) Base:0xf7500000 Size:0x00100000
[0001.108] I> 13) Base:0x30040000 Size:0x00001000
[0001.113] I> 14) Base:0x30048000 Size:0x00001000
[0001.117] I> 15) Base:0x30049000 Size:0x00001000
[0001.122] I> 16) Base:0x3004a000 Size:0x00001000
[0001.126] I> 17) Base:0x3004b000 Size:0x00001000
[0001.131] I> 18) Base:0x3004c000 Size:0x00001000
[0001.135] I> 19) Base:0x3004d000 Size:0x00001000
[0001.139] I> 20) Base:0x3004e000 Size:0x00001000
[0001.144] I> 21) Base:0x3004f000 Size:0x00001000
[0001.148] I> 22) Base:0x00000000 Size:0x00000000
[0001.153] I> 23) Base:0xf7ff0000 Size:0x00010000
[0001.157] I> 24) Base:0x00000000 Size:0x00000000
[0001.162] I> 25) Base:0x00000000 Size:0x00000000
[0001.166] I> 26) Base:0x00000000 Size:0x00000000
[0001.170] I> 27) Base:0x00000000 Size:0x00000000
[0001.175] I> 28) Base:0x84400000 Size:0x00400000
[0001.179] I> 29) Base:0x30000000 Size:0x00010000
[0001.184] I> 30) Base:0xf8000000 Size:0x08000000
[0001.188] I> 31) Base:0x00000000 Size:0x00000000
[0001.193] I> 32) Base:0xf6000000 Size:0x00600000
[0001.197] I> 33) Base:0x80000000 Size:0x76000000
[0001.201] I> 34) Base:0x100000000 Size:0x180000000
[0001.206] I> 35) Base:0x00000000 Size:0x00000000
[0001.210] I> 36) Base:0x00000000 Size:0x00000000
[0001.215] I> 37) Base:0xf7fc0000 Size:0x00020000
[0001.219] I> 38) Base:0x84000000 Size:0x00400000
[0001.224] I> 39) Base:0x96000000 Size:0x02000000
[0001.228] I> 40) Base:0x84800000 Size:0x00b00000
[0001.233] I> 41) Base:0xf7f00000 Size:0x00080000
[0001.237] I> 42) Base:0x00000000 Size:0x00000000
[0001.241] I> 43) Base:0x00000000 Size:0x00000000
[0001.246] platform_init_interrupts-121, 1*
[0001.250] Interrupts Init done
[0001.253] calling constructors
[0001.256] initializing heap
[0001.259] initializing threads
[0001.262] initializing timers
[0001.265] creating bootstrap completion thread
[0001.270] top of bootstrap2()
[0001.273] CPU: ARM Cortex A57
[0001.276] CPU: MIDR: 0x411FD073, MPIDR: 0x80000100
[0001.281] initializing platform
[0001.284] I> Boot-device: eMMC
[0001.288] I> odm data is 1090000
[0001.291] I> Reading GPT from 512 for device 00000003
[0001.297] I> Reading GPT from 8388096 for device 00000003
[0001.303] I> Found 6 partitions in 00000003 device
[0001.308] I> Reading GPT from 512 for device 00010003
[0001.314] I> Found 17 partitions in 00010003 device
[0001.318] W> No valid slot number is found in scratch register
[0001.324] W> Return default slot: _a
[0001.327] I> A/B: bin_type (1) slot 0
[0001.331] I> Select partition: kernel-dtb
[0001.335] I> Loading partition kernel-dtb at 0x92000000
[0001.344] I> Kernel_dtb @0x92000000
[0001.347] I> Bl_dtb @0x85300000
[0001.350] I> gpio framework initialized
[0001.353] I> tegrabl_gpio_driver_register: register 'tegra_gpio_main_driver' driver
[0001.361] I> tegrabl_gpio_driver_register: register 'tegra_gpio_aon_driver' driver
[0001.368] I> tegrabl_tca9539_init: i2c bus: 0, slave addr: 0xee
[0001.377] I> tegrabl_gpio_driver_register: register 'tca9539_gpio_driver' driver
[0001.384] I> tegrabl_tca9539_init: i2c bus: 0, slave addr: 0xe8
[0001.392] I> tegrabl_gpio_driver_register: register 'tca9539_gpio_driver' driver
[0001.400] E> tegrabl_blob_init: BMP partition does not have valid Blob
[0001.406] E> tegrabl_load_bmp_blob: BMP blob initialization failed
[0001.412] W> Loading bmp blob to memory failed
[0001.421] I> Find /i2c@c250000's alias i2c7
[0001.425] I> Reading eeprom i2c=7 address=0x50
[0001.454] I> Device at /i2c@c250000:0x50
[0001.458] I> Reading eeprom i2c=7 address=0x57
[0001.487] I> Device at /i2c@c250000:0x57
[0001.491] I> Find /i2c@c240000's alias i2c1
[0001.495] I> Reading eeprom i2c=1 address=0x51
[0001.501] I> Eeprom read failed 0x1a800027
[0001.506] I> Find /i2c@3160000's alias i2c0
[0001.510] I> Reading eeprom i2c=0 address=0x50
[0001.515] I> Eeprom read failed 0x1a800027
[0001.520] I> Find /i2c@3180000's alias i2c2
[0001.524] I> Reading eeprom i2c=2 address=0x54
[0001.528] I> Enabling gpio chip_id = 2, gpio pin = 9
[0001.559] I> Disabling gpio chip_id = 2, gpio pin = 9
[0001.564] I> Device at /i2c@3180000:0x54
[0001.568] I> create_pm_ids: id: 3310-1000-B00-E, len: 15
[0001.573] I> config: mem-type:00,power-config:00,misc-config:00,modem-config:00,touch-config:00,display-config:00,, len: 93
[0001.584] I> create_pm_ids: id: 2597-0000-501-B, len: 15
[0001.589] I> config: mem-type:00,power-config:00,misc-config:00,modem-config:00,touch-config:00,display-config:00,, len: 93
[0001.600] I> create_pm_ids: id: 3326-1000-100-M, len: 15
[0001.605] I> config: mem-type:ff,power-config:ff,misc-config:ff,modem-config:ff,touch-config:ff,display-config:ff,, len: 93
[0001.616] initializing target
[0001.619] calling apps_init()
[0001.622] starting app android_boot_app
[0001.626] I> Gpio keyboard init success
[0001.630] I> Kernel type = Normal
[0001.633] I> Loading kernel/boot.img ...
[0001.637] W> No valid slot number is found in scratch register
[0001.642] W> Return default slot: _a
[0001.646] I> A/B: bin_type (0) slot 0
[0001.649] I> Select partition: kernel
[0001.652] I> Loading partition kernel at 0xa8000000
[0001.734] W> No valid slot number is found in scratch register
[0001.739] W> Return default slot: _a
[0001.743] I> A/B: bin_type (1) slot 0
[0001.746] I> Select partition: kernel-dtb
[0001.750] I> Loading partition kernel-dtb at 0x92000000
[0001.759] I> Kernel DTB @ 0x92000000
[0001.762] I> Verified boot state = Orange
[0001.766] E> tegrabl_display_clear: display is not initialized
[0001.772] I> Checking boot.img header magic ... [0001.776] I> [OK]
[0001.778] I> Valid boot.img @ 0xa8000000
[0001.782] I> decompressor handler not found
[0001.786] I> Copying kernel image (465664 bytes) from 0xa8000800 to 0x80080000 ... [0001.793] I> Done
[0001.795] I> Move ramdisk (len: 6265195) from 0xa8072800 to 0x98000000
[0001.804] I> Updated bpmp info to DTB
[0001.810] I> Ramdisk: Base: 0x98000000; Size: 0x5f996b
[0001.815] I> Updated initrd info to DTB
[0001.818] I> disabled_core_mask: 0xffffff0c
[0001.822] I> Kernel type = Normal
[0001.826] I> add_serialno: Serial Num = 0320817139186
[0001.830] W> No valid slot number is found in scratch register
[0001.836] W> Return default slot: _a
[0001.840] I> Linux Cmdline: root=/dev/nfs rw netdevwait ip=192.168.99.2:192.168.99.1:192.168.99.1:255.255.255.0::eth0:off nfsroot=192.168.99.1:/home/ausvrl2594/nfsroot fbcon=map:0 net.ifnames=0 console=tty0 OS=l4t console=ttyS0,115200n8 memtype=0 video=tegrafb no_console_suspend=1 earlycon=uart8250,mmio32,0x03100000 nvdumper_reserved=0xf7fc0000 gpt androidboot.secureos=none tegraid=18.1.2.0.0 tegra_keep_boot_clocks maxcpus=6 android.kerneltype=normal androidboot.serialno=0320817139186 androidboot.security=non-secure sdhci_tegra.en_boot_part_access=1 
[0001.888] I> Updated bootarg info to DTB
[0001.893] I> eeprom_get_mac_addr: MAC (type: 0): 00:04:4b:8c:61:5f
[0001.899] I> eeprom_get_mac_addr: MAC (type: 1): 00:04:4b:8c:61:60
[0001.905] I> eeprom_get_mac_addr: MAC (type: 2): 00:04:4b:8c:61:61
[0001.911] E> "ids" doesn't exist, creating 
[0001.915] E> "connection" doesn't exist, creating 
[0001.920] E> "configs" doesn't exist, creating 
[0001.924] I> create_pm_ids: id: 3310-1000-B00-E, len: 15
[0001.930] I> config: mem-type:00,power-config:00,misc-config:00,modem-config:00,touch-config:00,display-config:00,, len: 93
[0001.941] I> create_pm_ids: id: 2597-0000-501-B, len: 15
[0001.946] I> config: mem-type:00,power-config:00,misc-config:00,modem-config:00,touch-config:00,display-config:00,, len: 93
[0001.957] I> create_pm_ids: id: 3326-1000-100-M, len: 15
[0001.962] I> config: mem-type:ff,power-config:ff,misc-config:ff,modem-config:ff,touch-config:ff,display-config:ff,, len: 93
[0001.973] I> Adding plugin-manager/ids/3310-1000-B00=/i2c@c250000:module@0x50
[0001.980] E> "i2c@c250000" doesn't exist, creating 
[0001.984] E> "module@0x50" doesn't exist, creating 
[0001.989] I> Adding plugin-manager/ids/2597-0000-501=/i2c@c250000:module@0x57
[0001.996] E> "module@0x57" doesn't exist, creating 
[0002.001] I> Adding plugin-manager/ids/3326-1000-100=/i2c@3180000:module@0x54
[0002.008] E> "i2c@3180000" doesn't exist, creating 
[0002.013] E> "module@0x54" doesn't exist, creating 
[0002.020] I> Adding plugin-manager/ids/3310-1000-B00-E
[0002.027] I> Adding plugin-manager/configs/3310-mem-type 00
[0002.032] I> Adding plugin-manager/configs/3310-power-config 00
[0002.038] I> Adding plugin-manager/configs/3310-misc-config 00
[0002.044] I> Adding plugin-manager/configs/3310-modem-config 00
[0002.050] I> Adding plugin-manager/configs/3310-touch-config 00
[0002.055] I> Adding plugin-manager/configs/3310-display-config 00
[0002.061] E> "chip-id" doesn't exist, creating 
[0002.066] I> Adding plugin-manager/chip-id/A02P
[0002.072] I> Updated memory info to DTB
[0002.078] E> "reset" doesn't exist, creating 
[0002.082] E> "pmc-reset-reason" doesn't exist, creating 
[0002.087] E> "pmic-reset-reason" doesn't exist, creating 
[0002.093] I> disabled_core_mask: 0xffffff0c
[0002.103] I> tegrabl_load_kernel_and_dtb: Done


U-Boot 2017.03-g8537ddd769f4 (Oct 04 2017 - 08:46:37 -0700)

TEGRA186
Model: NVIDIA P2771-0000-500
DRAM:  7.8 GiB
MMC:   Tegra SD/MMC: 0, Tegra SD/MMC: 1
*** Warning - bad CRC, using default environment

In:    serial
Out:   serial
Err:   serial
Net:   eth0: ethernet@2490000
Hit any key to stop autoboot:  2 [0000.184] I> Welcome to MB2(TBoot-BPMP)(version: 01.00.160913-t186-M-00.00-mobile-f4c42291)
[0000.192] I> Default Heap @ [0xd486400 - 0xd488400]
[0000.197] I> DMA Heap @ [0x84900000 - 0x85300000]
[0000.201] I> bit @ 0xd480000
[0000.204] I> BR-BCT relocated to 0xf7f20000
[0000.208] I> Boot-device: eMMC
[0000.212] I> pmic: reset reason (nverc)	: 0x10
[0000.217] I> Reading GPT from 512 for device 00000003
[0000.223] I> Reading GPT from 8388096 for device 00000003
[0000.230] I> Found 6 partitions in 00000003 device
[0000.234] I> Reading GPT from 512 for device 00010003
[0000.241] I> Found 17 partitions in 00010003 device
[0000.246] W> No valid slot number is found in scratch register
[0000.252] W> Return default slot: _a
[0000.255] I> A/B: bin_type (16) slot 0
[0000.259] I> Select partition: bpmp-fw
[0000.262] I> Loading partition bpmp-fw at 0xf7600000
[0000.267] I> Reading two headers - addr:0xf7600000 blocks:1
[0000.273] I> Addr: 0xf7600000, start-block: 58739717, num_blocks: 1
[0000.287] I> Binary(16) of size 524480 is loaded @ 0xf7600000
[0000.293] W> No valid slot number is found in scratch register
[0000.299] W> Return default slot: _a
[0000.302] I> A/B: bin_type (17) slot 0
[0000.306] I> Select partition: bpmp-fw-dtb
[0000.310] I> Loading partition bpmp-fw-dtb at 0xf77f0000
[0000.315] I> Reading two headers - addr:0xf77f0000 blocks:1
[0000.320] I> Addr: 0xf77f0000, start-block: 58740925, num_blocks: 1
[0000.332] I> Binary(17) of size 326672 is loaded @ 0xf77b0200
[0000.460] I> BPMP-FW load address = 0xf7600000
[0000.464] I> BPMP-FW DTB load address = 0x501b0200
[0000.469] I> Loading SCE-FW ...
[0000.472] W> No valid slot number is found in scratch register
[0000.478] W> Return default slot: _a
[0000.481] I> A/B: bin_type (12) slot 0
[0000.485] I> Select partition: sce-fw
[0000.488] I> Loading partition sce-fw at 0xf7800000
[0000.493] I> Reading two headers - addr:0xf7800000 blocks:1
[0000.498] I> Addr: 0xf7800000, start-block: 58741925, num_blocks: 1
[0000.507] I> Binary(12) of size 65088 is loaded @ 0xf7800000
[0000.512] I> Init SCE
[0000.515] I> Copy BTCM section
[0000.518] W> No valid slot number is found in scratch register
[0000.523] W> Return default slot: _a
[0000.527] I> A/B: bin_type (13) slot 0
[0000.530] I> Select partition: cpu-bootloader
[0000.535] I> Loading partition cpu-bootloader at 0x96000000
[0000.540] I> Reading two headers - addr:0x96000000 blocks:1
[0000.545] I> Addr: 0x96000000, start-block: 58732545, num_blocks: 1
[0000.556] I> Binary(13) of size 195776 is loaded @ 0x96000000
[0000.561] W> No valid slot number is found in scratch register
[0000.567] W> Return default slot: _a
[0000.570] I> A/B: bin_type (20) slot 0
[0000.574] I> Select partition: bootloader-dtb
[0000.578] I> Loading partition bootloader-dtb at 0x85300000
[0000.584] I> Reading two headers - addr:0x85300000 blocks:1
[0000.589] I> Addr: 0x85300000, start-block: 58733057, num_blocks: 1
[0000.600] I> Binary(20) of size 248128 is loaded @ 0x85300000
[0000.606] I> MB2-params @ 0xf7f00000
[0000.609] I> CPUBL-params @ 0xf7f00000
[0000.613] I> CPU-BL loaded at : 0x96000000
[0000.617] I> Loading TOS ...
[0000.620] W> No valid slot number is found in scratch register
[0000.625] W> Return default slot: _a
[0000.629] I> A/B: bin_type (14) slot 0
[0000.632] I> Select partition: secure-os
[0000.636] I> Loading partition secure-os at 0x8490f400
[0000.641] I> Reading two headers - addr:0x8490f400 blocks:1
[0000.646] I> Addr: 0x8490f400, start-block: 58733569, num_blocks: 1
[0000.655] I> Binary(14) of size 54384 is loaded @ 0x8490f400
[0000.660] I> Copying Monitor (length: 0xd270) from 0x8490f600 to 0x40000000
[0000.668] I> Erasing Monitor @ 0x8490f600
[0000.672] I> Unhalting SCE
[0000.676] I> Waypoint2-ACK: 0x5200b8d0
[0000.679] I> MB2(TBoot-BPMP) done

NOTICE:  BL31: v1.2(release):ff7a644
NOTICE:  BL31: Built : 21:06:35, Mar  1 2017
NOTICE:  Trusty image missing.
ERROR:   Error initializing runtime service trusty_fast
[0001.042] I> Welcome to Cboot
[0001.045] I> Cboot Version: 00.00.2014.50-t186-fabbc56c
[0001.050] I> CPU-BL Params @ 0xf7f00000
[0001.053] I>  0) Base:0x00000000 Size:0x00000000
[0001.058] I>  1) Base:0xf7e00000 Size:0x00100000
[0001.062] I>  2) Base:0xf7d00000 Size:0x00100000
[0001.066] I>  3) Base:0xf7c00000 Size:0x00100000
[0001.071] I>  4) Base:0xf7b00000 Size:0x00100000
[0001.075] I>  5) Base:0xf7a00000 Size:0x00100000
[0001.080] I>  6) Base:0xf7600000 Size:0x00200000
[0001.084] I>  7) Base:0xf7000000 Size:0x00400000
[0001.089] I>  8) Base:0xf7900000 Size:0x00100000
[0001.093] I>  9) Base:0xf7800000 Size:0x00100000
[0001.097] I> 10) Base:0xf6800000 Size:0x00800000
[0001.102] I> 11) Base:0x30000000 Size:0x00040000
[0001.106] I> 12) Base:0xf7500000 Size:0x00100000
[0001.111] I> 13) Base:0x30040000 Size:0x00001000
[0001.115] I> 14) Base:0x30048000 Size:0x00001000
[0001.120] I> 15) Base:0x30049000 Size:0x00001000
[0001.124] I> 16) Base:0x3004a000 Size:0x00001000
[0001.128] I> 17) Base:0x3004b000 Size:0x00001000
[0001.133] I> 18) Base:0x3004c000 Size:0x00001000
[0001.137] I> 19) Base:0x3004d000 Size:0x00001000
[0001.142] I> 20) Base:0x3004e000 Size:0x00001000
[0001.146] I> 21) Base:0x3004f000 Size:0x00001000
[0001.151] I> 22) Base:0x00000000 Size:0x00000000
[0001.155] I> 23) Base:0xf7ff0000 Size:0x00010000
[0001.160] I> 24) Base:0x00000000 Size:0x00000000
[0001.164] I> 25) Base:0x00000000 Size:0x00000000
[0001.168] I> 26) Base:0x00000000 Size:0x00000000
[0001.173] I> 27) Base:0x00000000 Size:0x00000000
[0001.177] I> 28) Base:0x84400000 Size:0x00400000
[0001.182] I> 29) Base:0x30000000 Size:0x00010000
[0001.186] I> 30) Base:0xf8000000 Size:0x08000000
[0001.191] I> 31) Base:0x00000000 Size:0x00000000
[0001.195] I> 32) Base:0xf6000000 Size:0x00600000
[0001.199] I> 33) Base:0x80000000 Size:0x76000000
[0001.204] I> 34) Base:0x100000000 Size:0x180000000
[0001.208] I> 35) Base:0x00000000 Size:0x00000000
[0001.213] I> 36) Base:0x00000000 Size:0x00000000
[0001.217] I> 37) Base:0xf7fc0000 Size:0x00020000
[0001.222] I> 38) Base:0x84000000 Size:0x00400000
[0001.226] I> 39) Base:0x96000000 Size:0x02000000
[0001.231] I> 40) Base:0x84800000 Size:0x00b00000
[0001.235] I> 41) Base:0xf7f00000 Size:0x00080000
[0001.239] I> 42) Base:0x00000000 Size:0x00000000
[0001.244] I> 43) Base:0x00000000 Size:0x00000000
[0001.248] platform_init_interrupts-121, 1*
[0001.253] Interrupts Init done
[0001.256] calling constructors
[0001.259] initializing heap
[0001.261] initializing threads
[0001.265] initializing timers
[0001.268] creating bootstrap completion thread
[0001.272] top of bootstrap2()
[0001.275] CPU: ARM Cortex A57
[0001.278] CPU: MIDR: 0x411FD073, MPIDR: 0x80000100
[0001.283] initializing platform
[0001.287] I> Boot-device: eMMC
[0001.290] I> odm data is 1090000
[0001.293] I> Reading GPT from 512 for device 00000003
[0001.299] I> Reading GPT from 8388096 for device 00000003
[0001.306] I> Found 6 partitions in 00000003 device
[0001.310] I> Reading GPT from 512 for device 00010003
[0001.316] I> Found 17 partitions in 00010003 device
[0001.321] W> No valid slot number is found in scratch register
[0001.326] W> Return default slot: _a
[0001.330] I> A/B: bin_type (1) slot 0
[0001.333] I> Select partition: kernel-dtb
[0001.337] I> Loading partition kernel-dtb at 0x92000000
[0001.346] I> Kernel_dtb @0x92000000
[0001.349] I> Bl_dtb @0x85300000
[0001.352] I> gpio framework initialized
[0001.356] I> tegrabl_gpio_driver_register: register 'tegra_gpio_main_driver' driver
[0001.363] I> tegrabl_gpio_driver_register: register 'tegra_gpio_aon_driver' driver
[0001.371] I> tegrabl_tca9539_init: i2c bus: 0, slave addr: 0xee
[0001.379] I> tegrabl_gpio_driver_register: register 'tca9539_gpio_driver' driver
[0001.386] I> tegrabl_tca9539_init: i2c bus: 0, slave addr: 0xe8
[0001.395] I> tegrabl_gpio_driver_register: register 'tca9539_gpio_driver' driver
[0001.402] E> tegrabl_blob_init: BMP partition does not have valid Blob
[0001.409] E> tegrabl_load_bmp_blob: BMP blob initialization failed
[0001.415] W> Loading bmp blob to memory failed
[0001.423] I> Find /i2c@c250000's alias i2c7
[0001.427] I> Reading eeprom i2c=7 address=0x50
[0001.456] I> Device at /i2c@c250000:0x50
[0001.460] I> Reading eeprom i2c=7 address=0x57
[0001.489] I> Device at /i2c@c250000:0x57
[0001.494] I> Find /i2c@c240000's alias i2c1
[0001.498] I> Reading eeprom i2c=1 address=0x51
[0001.504] I> Eeprom read failed 0x1a800027
[0001.508] I> Find /i2c@3160000's alias i2c0
[0001.512] I> Reading eeprom i2c=0 address=0x50
[0001.517] I> Eeprom read failed 0x1a800027
[0001.522] I> Find /i2c@3180000's alias i2c2
[0001.526] I> Reading eeprom i2c=2 address=0x54
[0001.530] I> Enabling gpio chip_id = 2, gpio pin = 9
[0001.561] I> Disabling gpio chip_id = 2, gpio pin = 9
[0001.566] I> Device at /i2c@3180000:0x54
[0001.570] I> create_pm_ids: id: 3310-1000-B00-E, len: 15
[0001.575] I> config: mem-type:00,power-config:00,misc-config:00,modem-config:00,touch-config:00,display-config:00,, len: 93
[0001.586] I> create_pm_ids: id: 2597-0000-501-B, len: 15
[0001.591] I> config: mem-type:00,power-config:00,misc-config:00,modem-config:00,touch-config:00,display-config:00,, len: 93
[0001.602] I> create_pm_ids: id: 3326-1000-100-M, len: 15
[0001.607] I> config: mem-type:ff,power-config:ff,misc-config:ff,modem-config:ff,touch-config:ff,display-config:ff,, len: 93
[0001.618] initializing target
[0001.621] calling apps_init()
[0001.624] starting app android_boot_app
[0001.628] I> Gpio keyboard init success
[0001.632] I> Kernel type = Normal
[0001.635] I> Loading kernel/boot.img ...
[0001.639] W> No valid slot number is found in scratch register
[0001.645] W> Return default slot: _a
[0001.648] I> A/B: bin_type (0) slot 0
[0001.651] I> Select partition: kernel
[0001.655] I> Loading partition kernel at 0xa8000000
[0001.736] W> No valid slot number is found in scratch register
[0001.742] W> Return default slot: _a
[0001.745] I> A/B: bin_type (1) slot 0
[0001.749] I> Select partition: kernel-dtb
[0001.753] I> Loading partition kernel-dtb at 0x92000000
[0001.761] I> Kernel DTB @ 0x92000000
[0001.765] I> Verified boot state = Orange
[0001.769] E> tegrabl_display_clear: display is not initialized
[0001.774] I> Checking boot.img header magic ... [0001.779] I> [OK]
[0001.780] I> Valid boot.img @ 0xa8000000
[0001.784] I> decompressor handler not found
[0001.788] I> Copying kernel image (465664 bytes) from 0xa8000800 to 0x80080000 ... [0001.795] I> Done
[0001.797] I> Move ramdisk (len: 6265195) from 0xa8072800 to 0x98000000
[0001.807] I> Updated bpmp info to DTB
[0001.812] I> Ramdisk: Base: 0x98000000; Size: 0x5f996b
[0001.817] I> Updated initrd info to DTB
[0001.821] I> disabled_core_mask: 0xffffff0c
[0001.825] I> Kernel type = Normal
[0001.828] I> add_serialno: Serial Num = 0320817139186
[0001.833] W> No valid slot number is found in scratch register
[0001.839] W> Return default slot: _a
[0001.842] I> Linux Cmdline: root=/dev/nfs rw netdevwait ip=192.168.99.2:192.168.99.1:192.168.99.1:255.255.255.0::eth0:off nfsroot=192.168.99.1:/home/ausvrl2594/nfsroot fbcon=map:0 net.ifnames=0 console=tty0 OS=l4t console=ttyS0,115200n8 memtype=0 video=tegrafb no_console_suspend=1 earlycon=uart8250,mmio32,0x03100000 nvdumper_reserved=0xf7fc0000 gpt androidboot.secureos=none tegraid=18.1.2.0.0 tegra_keep_boot_clocks maxcpus=6 android.kerneltype=normal androidboot.serialno=0320817139186 androidboot.security=non-secure sdhci_tegra.en_boot_part_access=1 
[0001.890] I> Updated bootarg info to DTB
[0001.896] I> eeprom_get_mac_addr: MAC (type: 0): 00:04:4b:8c:61:5f
[0001.902] I> eeprom_get_mac_addr: MAC (type: 1): 00:04:4b:8c:61:60
[0001.908] I> eeprom_get_mac_addr: MAC (type: 2): 00:04:4b:8c:61:61
[0001.914] E> "ids" doesn't exist, creating 
[0001.918] E> "connection" doesn't exist, creating 
[0001.923] E> "configs" doesn't exist, creating 
[0001.927] I> create_pm_ids: id: 3310-1000-B00-E, len: 15
[0001.932] I> config: mem-type:00,power-config:00,misc-config:00,modem-config:00,touch-config:00,display-config:00,, len: 93
[0001.943] I> create_pm_ids: id: 2597-0000-501-B, len: 15
[0001.948] I> config: mem-type:00,power-config:00,misc-config:00,modem-config:00,touch-config:00,display-config:00,, len: 93
[0001.959] I> create_pm_ids: id: 3326-1000-100-M, len: 15
[0001.964] I> config: mem-type:ff,power-config:ff,misc-config:ff,modem-config:ff,touch-config:ff,display-config:ff,, len: 93
[0001.975] I> Adding plugin-manager/ids/3310-1000-B00=/i2c@c250000:module@0x50
[0001.982] E> "i2c@c250000" doesn't exist, creating 
[0001.987] E> "module@0x50" doesn't exist, creating 
[0001.992] I> Adding plugin-manager/ids/2597-0000-501=/i2c@c250000:module@0x57
[0001.999] E> "module@0x57" doesn't exist, creating 
[0002.003] I> Adding plugin-manager/ids/3326-1000-100=/i2c@3180000:module@0x54
[0002.011] E> "i2c@3180000" doesn't exist, creating 
[0002.015] E> "module@0x54" doesn't exist, creating 
[0002.022] I> Adding plugin-manager/ids/3310-1000-B00-E
[0002.029] I> Adding plugin-manager/configs/3310-mem-type 00
[0002.034] I> Adding plugin-manager/configs/3310-power-config 00
[0002.040] I> Adding plugin-manager/configs/3310-misc-config 00
[0002.046] I> Adding plugin-manager/configs/3310-modem-config 00
[0002.052] I> Adding plugin-manager/configs/3310-touch-config 00
[0002.058] I> Adding plugin-manager/configs/3310-display-config 00
[0002.064] E> "chip-id" doesn't exist, creating 
[0002.068] I> Adding plugin-manager/chip-id/A02P
[0002.074] I> Updated memory info to DTB
[0002.080] E> "reset" doesn't exist, creating 
[0002.084] E> "pmc-reset-reason" doesn't exist, creating 
[0002.089] E> "pmic-reset-reason" doesn't exist, creating 
[0002.095] I> disabled_core_mask: 0xffffff0c
[0002.105] I> tegrabl_load_kernel_and_dtb: Done


U-Boot 2017.03-g8537ddd769f4 (Oct 04 2017 - 08:46:37 -0700)

TEGRA186
Model: NVIDIA P2771-0000-500
DRAM:  7.8 GiB
MMC:   Tegra SD/MMC: 0, Tegra SD/MMC: 1
*** Warning - bad CRC, using default environment

In:    serial
Out:   serial
Err:   serial
Net:   eth0: ethernet@2490000
Hit any key to stop autoboot:  2  1  0 
MMC: no card present
mmc_init: -123, time 0
switch to partitions #0, OK
mmc0(part 0) is current device
Scanning mmc 0:1...
Found /boot/extlinux/extlinux.conf
Retrieving file: /boot/extlinux/extlinux.conf
431 bytes read in 74 ms (4.9 KiB/s)
p2771-0000 NFS boot options
1:	primary kernel
Enter choice: 1:	primary kernel
Retrieving file: /boot/initrd
6265195 bytes read in 201 ms (29.7 MiB/s)
Retrieving file: /boot/Image
17115648 bytes read in 455 ms (35.9 MiB/s)
append: console=ttyS0,115200n8 earlycon ignore_loglevel root=/dev/nfs rw netdevwait ip=192.168.99.2:192.168.99.1:192.168.99.1:255.255.255.0::eth0:off nfsroot=192.168.99.1:/home/ausvrl2594/nfsroot,nolock,nfsvers=2 rootwait
Retrieving file: /boot/tegra186-p2771-0000.dtb
23528 bytes read in 57 ms (402.3 KiB/s)
## Flattened Device Tree blob at 82000000
   Booting using the fdt blob at 0x82000000
   Using Device Tree in place at 0000000082000000, end 0000000082008be7

Starting kernel ...

[    1.537770] console [ttyS0] enabled
[    1.537770] console [ttyS0] enabled
[    1.544871] bootconsole [uart0] disabled
[    1.544871] bootconsole [uart0] disabled
[    1.553213] SuperH (H)SCI(F) driver initialized
[    1.557970] msm_serial: driver initialized
[    1.562509] arm-smmu 12000000.iommu: probing hardware configuration...
[    1.569031] arm-smmu 12000000.iommu: SMMUv2 with:
[    1.573732] arm-smmu 12000000.iommu: 	stage 1 translation
[    1.579124] arm-smmu 12000000.iommu: 	stage 2 translation
[    1.584517] arm-smmu 12000000.iommu: 	nested translation
[    1.589822] arm-smmu 12000000.iommu: 	stream matching with 128 register groups
[    1.597038] arm-smmu 12000000.iommu: 	64 context banks (0 stage-2 only)
[    1.603645] arm-smmu 12000000.iommu: 	Supported page sizes: 0x61311000
[    1.610164] arm-smmu 12000000.iommu: 	Stage-1: 48-bit VA -> 48-bit IPA
[    1.616682] arm-smmu 12000000.iommu: 	Stage-2: 48-bit IPA -> 48-bit PA
[    1.623605] cacheinfo: Unable to detect cache hierarchy for CPU 0
[    1.633183] loop: module loaded
[    1.638333] libphy: Fixed MDIO Bus: probed
[    1.642771] tun: Universal TUN/TAP device driver, 1.6
[    1.648191] thunder-xcv, ver 1.0
[    1.651440] thunder-BGX, ver 1.0
[    1.654688] thunder-nic, ver 1.0
[    1.658077] e1000e: Intel(R) PRO/1000 Network Driver - 3.2.6-k
[    1.663902] e1000e: Copyright(c) 1999 - 2015 Intel Corporation.
[    1.669835] igb: Intel(R) Gigabit Ethernet Network Driver - version 5.4.0-k
[    1.676791] igb: Copyright (c) 2007-2014 Intel Corporation.
[    1.682386] igbvf: Intel(R) Gigabit Virtual Function Network Driver - version 2.4.0-k
[    1.690205] igbvf: Copyright (c) 2009 - 2012 Intel Corporation.
[    1.696291] sky2: driver version 1.30
[    1.700524] dwc-eth-dwmac 2490000.ethernet: Cannot get CSR clock
[    1.706553] dwc-eth-dwmac 2490000.ethernet: no reset control found
[    1.725842] stmmac - user ID: 0x10, Synopsys ID: 0x41
[    1.730894] dwc-eth-dwmac 2490000.ethernet: DMA HW capability register supported
[    1.738282] dwc-eth-dwmac 2490000.ethernet: RX Checksum Offload Engine supported
[    1.745666] dwc-eth-dwmac 2490000.ethernet: TX Checksum insertion supported
[    1.752624] dwc-eth-dwmac 2490000.ethernet: Wake-Up On Lan supported
[    1.758983] dwc-eth-dwmac 2490000.ethernet: TSO supported
[    1.764378] dwc-eth-dwmac 2490000.ethernet: TSO feature enabled
[    1.770291] dwc-eth-dwmac 2490000.ethernet: Enable RX Mitigation via HW Watchdog Timer
[    1.778246] libphy: stmmac: probed
[    1.782542] VFIO - User Level meta-driver version: 0.3
[    1.788274] ehci_hcd: USB 2.0 'Enhanced' Host Controller (EHCI) Driver
[    1.794798] ehci-pci: EHCI PCI platform driver
[    1.799278] ehci-platform: EHCI generic platform driver
[    1.804562] ehci-orion: EHCI orion driver
[    1.808618] ehci-exynos: EHCI EXYNOS driver
[    1.812845] ohci_hcd: USB 1.1 'Open' Host Controller (OHCI) Driver
[    1.819023] ohci-pci: OHCI PCI platform driver
[    1.823482] ohci-platform: OHCI generic platform driver
[    1.828759] ohci-exynos: OHCI EXYNOS driver
[    1.833184] usbcore: registered new interface driver usb-storage
[    1.840529] i2c /dev entries driver
[    1.845980] max77620 0-003c: PMIC Version OTP:0x45 and ES:0x8
[    1.856348] max77620-sd0: supplied by regulator-dummy
[    1.861576] VDD_DDR_1V1_PMIC: Bringing 1125000uV into 1100000-1100000uV
[    1.870141] max77620-sd1: supplied by regulator-dummy
[    1.876560] max77620-sd2: supplied by regulator-dummy
[    1.882985] max77620-sd3: supplied by regulator-dummy
[    1.889574] max77620-ldo0: supplied by regulator-dummy
[    1.895533] max77620-ldo1: supplied by regulator-dummy
[    1.901437] max77620-ldo2: supplied by regulator-dummy
[    1.907694] max77620-ldo3: supplied by regulator-dummy
[    1.913480] max77620-ldo4: supplied by regulator-dummy
[    1.918628] VDD_RTC: Bringing 800000uV into 1000000-1000000uV
[    1.925129] max77620-ldo5: supplied by regulator-dummy
[    1.930291] VDDIO_SDMMC3_AP: Bringing 1800000uV into 2800000-2800000uV
[    1.937336] max77620-ldo6: supplied by regulator-dummy
[    1.943134] max77620-ldo7: supplied by regulator-dummy
[    1.948282] VDD_HDMI_1V05: Bringing 1000000uV into 1050000-1050000uV
[    1.955837] max77620-ldo8: supplied by regulator-dummy
[    1.960995] VDD_PEX_1V05: Bringing 1000000uV into 1050000-1050000uV
[    3.142726] max77686-rtc max77620-rtc: rtc core: registered max77620-rtc as rtc0
[    3.152215] sdhci: Secure Digital Host Controller Interface driver
[    3.158394] sdhci: Copyright(c) Pierre Ossman
[    3.162868] Synopsys Designware Multimedia Card Interface Driver
[    3.169302] sdhci-pltfm: SDHCI platform and OF driver helper
[    3.175115] sdhci-tegra 3400000.sdhci: Got CD GPIO
[    3.179915] sdhci-tegra 3400000.sdhci: Got WP GPIO
[    3.200819] mmc0: Unknown controller version (4). You may experience problems.
[    3.239639] mmc0: SDHCI controller on 3440000.sdhci [3440000.sdhci] using ADMA
[    3.254193] ledtrig-cpu: registered to indicate activity on CPUs
[    3.261311] usbcore: registered new interface driver usbhid
[    3.267167] usbhid: USB HID core driver
[    3.273666] NET: Registered protocol family 17
[    3.278348] 9pnet: Installing 9P2000 support
[    3.282630] Key type dns_resolver registered
[    3.287236] registered taskstats version 1
[    3.291330] Loading compiled-in X.509 certificates
[    3.302747] VDD_1V8_AP: supplied by VDD_1V8
[    3.307288] SD_CARD_SW_PWR: supplied by VDD_3V3_SYS
[    3.313382] pca953x 1-0074: 1-0074 supply vcc not found, using dummy regulator
[    3.334971] pca953x 1-0077: 1-0077 supply vcc not found, using dummy regulator
[    3.352504] tegra-pcie 10003000.pcie: 4x1, 1x1 configuration
[    3.359603] tegra-pcie 10003000.pcie: probing port 0, using 4 lanes
[    3.367883] tegra-pcie 10003000.pcie: Slot present pin change, signature: 00000018
[    3.781998] tegra-pcie 10003000.pcie: link 0 down, retrying
[    4.190672] tegra-pcie 10003000.pcie: link 0 down, retrying
[    4.599348] tegra-pcie 10003000.pcie: link 0 down, retrying
[    4.606923] tegra-pcie 10003000.pcie: link 0 down, ignoring
[    4.612560] tegra-pcie 10003000.pcie: PCI host bridge to bus 0000:00
[    4.618916] pci_bus 0000:00: root bus resource [io  0x0000-0xffff]
[    4.625094] pci_bus 0000:00: root bus resource [mem 0x50100000-0x57ffffff]
[    4.631962] pci_bus 0000:00: root bus resource [mem 0x58000000-0x7fffffff pref]
[    4.639265] pci_bus 0000:00: root bus resource [bus 00-ff]
[    4.645201] sdhci-tegra 3400000.sdhci: Got CD GPIO
[    4.650000] sdhci-tegra 3400000.sdhci: Got WP GPIO
[    4.663085] mmc1: Unknown controller version (4). You may experience problems.
[    4.701812] mmc1: SDHCI controller on 3400000.sdhci [3400000.sdhci] using ADMA
[    4.718085] mmc2: Unknown controller version (4). You may experience problems.
[    4.725803] mmc2: Switching to 3.3V signalling voltage failed
[    4.757113] mmc2: SDHCI controller on 3460000.sdhci [3460000.sdhci] using ADMA
[    4.765616] VDD_HDMI_5V0: supplied by VDD_5V0_SYS
[    4.771078] input: gpio-keys as /devices/platform/gpio-keys/input/input0
[    4.795069] max77686-rtc max77620-rtc: setting system clock to 2016-10-29 09:48:57 UTC (1477734537)
[    4.804301] dwc-eth-dwmac 2490000.ethernet eth0: device MAC address 2a:ab:b2:25:fd:9e
[    4.812663] Generic PHY stmmac-0:00: attached PHY driver [Generic PHY] (mii_bus:phy_addr=stmmac-0:00, irq=POLL)
[    4.823478] dwmac4: Master AXI performs any burst length
[    4.828938] dwc-eth-dwmac 2490000.ethernet eth0: IEEE 1588-2008 Advanced Timestamp supported
[    4.837484] dwc-eth-dwmac 2490000.ethernet eth0: registered PTP clock
[    4.847611] mmc2: new high speed MMC card at address 0001
[    4.853422] mmcblk2: mmc2:0001 032G34 29.1 GiB 
[    4.858292] mmcblk2boot0: mmc2:0001 032G34 partition 1 4.00 MiB
[    4.864526] mmcblk2boot1: mmc2:0001 032G34 partition 2 4.00 MiB
[    4.870528] mmcblk2rpmb: mmc2:0001 032G34 partition 3 4.00 MiB, chardev (240:0)
[    4.879806]  mmcblk2: p1 p2 p3 p4 p5 p6 p7 p8 p9 p10 p11 p12 p13 p14 p15 p16 p17
[    7.909626] dwc-eth-dwmac 2490000.ethernet eth0: Link is Up - 1Gbps/Full - flow control rx/tx
[    7.932833] IP-Config: Complete:
[    7.936069]      device=eth0, hwaddr=2a:ab:b2:25:fd:9e, ipaddr=192.168.99.2, mask=255.255.255.0, gw=192.168.99.1
[    7.946289]      host=192.168.99.2, domain=, nis-domain=(none)
[    7.952174]      bootserver=192.168.99.1, rootserver=192.168.99.1, rootpath=
[    7.977041] VDD_RTC: disabling
[    7.980091] VDDIO_SDMMC3_AP: disabling
[    7.983988] SD_CARD_SW_PWR: disabling
[    7.987649] VDD_HDMI_5V0: disabling
[    7.991135] ALSA device list:
[    7.994099]   No soundcards found.
[    7.998033] Freeing unused kernel memory: 1152K
/init: line 58: chmod: command not found
[ 09:49:00 ] L4T-INITRD Build DATE: Sat Oct 29 09:49:00 UTC 2016
[ 09:49:00 ] Root device found: nfs
[ 09:49:00 ] Ethernet interfaces: eth0
[ 09:49:00 ] IP Address: 192.168.99.2
[ 09:49:00 ] Rootfs mounted over nfs
[ 09:49:00 ] Switching from initrd to actual rootfs
[    8.701149] systemd[1]: systemd 229 running in system mode. (+PAM +AUDIT +SELINUX +IMA +APPARMOR +SMACK +SYSVINIT +UTMP +LIBCRYPTSETUP +GCRYPT +GNUTLS +ACL +XZ -LZ4 +SECCOMP +BLKID +ELFUTILS +KMOD -IDN)
[    8.719916] systemd[1]: Detected architecture arm64.

Welcome to [1mUbuntu 16.04 LTS[0m!

[    8.770872] systemd[1]: Set hostname to <tegra-ubuntu>.
[    9.410770] systemd[1]: Listening on Journal Socket.
[[0;32m  OK  [0m] Listening on Journal Socket.
[    9.429072] systemd[1]: Created slice System Slice.
[[0;32m  OK  [0m] Created slice System Slice.
[    9.446966] systemd[1]: Starting Remount Root and Kernel File Systems...
         Starting Remount Root and Kernel File Systems...
[    9.464856] systemd[1]: Reached target Encrypted Volumes.
[[0;32m  OK  [0m] Reached target Encrypted Volumes.
[    9.480981] systemd[1]: Listening on Journal Socket (/dev/log).
[[0;32m  OK  [0m] Listening on Journal Socket (/dev/log).
[    9.507217] systemd[1]: Starting Load Kernel Modules...
         Starting Load Kernel Modules...
[    9.526235] systemd[1]: Mounting RPC Pipe File System...
         Mounting RPC Pipe File System...
[[0;32m  OK  [0m] Reached target Swap.
[[0;32m  OK  [0m] Listening on udev Kernel Socket.
         Mounting Huge Pages File System...
[[0;32m  OK  [0m] Started Forward Password Requests to Wall Directory Watch.
[[0;32m  OK  [0m] Started Dispatch Password Requests to Console Directory Watch.
         Mounting POSIX Message Queue File System...
[[0;32m  OK  [0m] Reached target Paths.
[[0;32m  OK  [0m] Created slice system-getty.slice.
[[0;32m  OK  [0m] Listening on Syslog Socket.
[[0;32m  OK  [0m] Listening on /dev/initctl Compatibility Named Pipe.
[[0;32m  OK  [0m] Listening on udev Control Socket.
[[0;32m  OK  [0m] Created slice User and Session Slice.
         Starting Create Static Device Nodes in /dev...
         Mounting Debug File System...
[[0;32m  OK  [0m] Reached target Slices.
[[0;32m  OK  [0m] Listening on Journal Audit Socket.
         Starting Journal Service...
[[0;32m  OK  [0m] Created slice system-serial\x2dgetty.slice.
[[0;32m  OK  [0m] Mounted POSIX Message Queue File System.
[[0;32m  OK  [0m] Mounted Debug File System.
[[0;32m  OK  [0m] Mounted Huge Pages File System.
[[0;32m  OK  [0m] Mounted RPC Pipe File System.
[[0;32m  OK  [0m] Started Remount Root and Kernel File Systems.
[[0;32m  OK  [0m] Started Load Kernel Modules.
         Mounting Configuration File System...
         Starting Apply Kernel Variables...
         Starting Load/Save Random Seed...
         Starting udev Coldplug all Devices...
[[0;32m  OK  [0m] Mounted Configuration File System.
[[0;32m  OK  [0m] Started Journal Service.
[[0;32m  OK  [0m] Started Create Static Device Nodes in /dev.
[[0;32m  OK  [0m] Started Apply Kernel Variables.
[[0;32m  OK  [0m] Started Load/Save Random Seed.
[[0;32m  OK  [0m] Reached target Local File Systems (Pre).
[[0;32m  OK  [0m] Reached target Local File Systems.
         Starting Preprocess NFS configuration...
         Starting Set console keymap...
         Starting Raise network interfaces...
         Starting udev Kernel Device Manager...
         Starting Flush Journal to Persistent Storage...
[[0;1;31mFAILED[0m] Failed to start Set console keymap.
See 'systemctl status console-setup.service' for details.
[[0;32m  OK  [0m] Started Preprocess NFS configuration.
[   10.193864] systemd-journald[1503]: Received request to flush runtime journal from PID 1
[[0;32m  OK  [0m] Reached target NFS client services.
[[0;32m  OK  [0m] Reached target Remote File Systems (Pre).
[[0;32m  OK  [0m] Reached target Remote File Systems.
[[0;32m  OK  [0m] Started Flush Journal to Persistent Storage.
         Starting Create Volatile Files and Directories...
[[0;32m  OK  [0m] Started udev Coldplug all Devices.
[[0;32m  OK  [0m] Started udev Kernel Device Manager.
[[0;32m  OK  [0m] Started Create Volatile Files and Directories.
         Starting Update UTMP about System Boot/Shutdown...
[[0;32m  OK  [0m] Reached target System Time Synchronized.
[[0;32m  OK  [0m] Found device /dev/ttyS0.
[[0;32m  OK  [0m] Started Update UTMP about System Boot/Shutdown.
[[0;32m  OK  [0m] Started Raise network interfaces.
[[0;32m  OK  [0m] Reached target Network.
[[0;32m  OK  [0m] Reached target Network is Online.
[[0;32m  OK  [0m] Reached target System Initialization.
[[0;32m  OK  [0m] Listening on RPCbind Server Activation Socket.
[[0;32m  OK  [0m] Listening on D-Bus System Message Bus Socket.
[[0;32m  OK  [0m] Reached target Sockets.
[[0;32m  OK  [0m] Reached target Basic System.
         Starting OpenBSD Secure Shell server...
         Starting LSB: Set the CPU Frequency Scaling governor to "ondemand"...
         Starting System Logging Service...
         Starting Login Service...
[[0;32m  OK  [0m] Started D-Bus System Message Bus.
         Starting LSB: Start NTP daemon...
         Starting /etc/rc.local Compatibility...
         Starting Permit User Sessions...
[[0;32m  OK  [0m] Started Daily Cleanup of Temporary Directories.
[[0;32m  OK  [0m] Started Daily apt activities.
[[0;32m  OK  [0m] Reached target Timers.
[[0;32m  OK  [0m] Started Regular background program processing daemon.
[[0;32m  OK  [0m] Started System Logging Service.
[[0;32m  OK  [0m] Started /etc/rc.local Compatibility.
[[0;32m  OK  [0m] Started Permit User Sessions.
[[0;32m  OK  [0m] Started Getty on tty1.
[[0;32m  OK  [0m] Started Serial Getty on ttyS0.
[[0;32m  OK  [0m] Reached target Login Prompts.
[[0;32m  OK  [0m] Started LSB: Set the CPU Frequency Scaling governor to "ondemand".
[[0;32m  OK  [0m] Started Login Service.
[[0;32m  OK  [0m] Started OpenBSD Secure Shell server.
[[0;32m  OK  [0m] Started LSB: Start NTP daemon.
[[0;32m  OK  [0m] Reached target Multi-User System.
[[0;32m  OK  [0m] Reached target Graphical Interface.
         Starting Update UTMP about System Runlevel Changes...
[[0;32m  OK  [0m] Started Update UTMP about System Runlevel Changes.

Ubuntu 16.04 LTS tegra-ubuntu ttyS0

tegra-ubuntu login: [0000.184] I> Welcome to MB2(TBoot-BPMP)(version: 01.00.160913-t186-M-00.00-mobile-f4c42291)
[0000.192] I> Default Heap @ [0xd486400 - 0xd488400]
[0000.197] I> DMA Heap @ [0x84900000 - 0x85300000]
[0000.201] I> bit @ 0xd480000
[0000.204] I> BR-BCT relocated to 0xf7f20000
[0000.208] I> Boot-device: eMMC
[0000.212] I> pmic: reset reason (nverc)	: 0x10
[0000.217] I> Reading GPT from 512 for device 00000003
[0000.223] I> Reading GPT from 8388096 for device 00000003
[0000.230] I> Found 6 partitions in 00000003 device
[0000.234] I> Reading GPT from 512 for device 00010003
[0000.241] I> Found 17 partitions in 00010003 device
[0000.246] W> No valid slot number is found in scratch register
[0000.252] W> Return default slot: _a
[0000.255] I> A/B: bin_type (16) slot 0
[0000.259] I> Select partition: bpmp-fw
[0000.262] I> Loading partition bpmp-fw at 0xf7600000
[0000.267] I> Reading two headers - addr:0xf7600000 blocks:1
[0000.273] I> Addr: 0xf7600000, start-block: 58739717, num_blocks: 1
[0000.288] I> Binary(16) of size 524480 is loaded @ 0xf7600000
[0000.293] W> No valid slot number is found in scratch register
[0000.299] W> Return default slot: _a
[0000.302] I> A/B: bin_type (17) slot 0
[0000.306] I> Select partition: bpmp-fw-dtb
[0000.310] I> Loading partition bpmp-fw-dtb at 0xf77f0000
[0000.315] I> Reading two headers - addr:0xf77f0000 blocks:1
[0000.320] I> Addr: 0xf77f0000, start-block: 58740925, num_blocks: 1
[0000.332] I> Binary(17) of size 326672 is loaded @ 0xf77b0200
[0000.460] I> BPMP-FW load address = 0xf7600000
[0000.464] I> BPMP-FW DTB load address = 0x501b0200
[0000.469] I> Loading SCE-FW ...
[0000.472] W> No valid slot number is found in scratch register
[0000.478] W> Return default slot: _a
[0000.481] I> A/B: bin_type (12) slot 0
[0000.485] I> Select partition: sce-fw
[0000.488] I> Loading partition sce-fw at 0xf7800000
[0000.493] I> Reading two headers - addr:0xf7800000 blocks:1
[0000.498] I> Addr: 0xf7800000, start-block: 58741925, num_blocks: 1
[0000.507] I> Binary(12) of size 65088 is loaded @ 0xf7800000
[0000.513] I> Init SCE
[0000.515] I> Copy BTCM section
[0000.518] W> No valid slot number is found in scratch register
[0000.523] W> Return default slot: _a
[0000.527] I> A/B: bin_type (13) slot 0
[0000.530] I> Select partition: cpu-bootloader
[0000.535] I> Loading partition cpu-bootloader at 0x96000000
[0000.540] I> Reading two headers - addr:0x96000000 blocks:1
[0000.546] I> Addr: 0x96000000, start-block: 58732545, num_blocks: 1
[0000.556] I> Binary(13) of size 195776 is loaded @ 0x96000000
[0000.561] W> No valid slot number is found in scratch register
[0000.567] W> Return default slot: _a
[0000.570] I> A/B: bin_type (20) slot 0
[0000.574] I> Select partition: bootloader-dtb
[0000.578] I> Loading partition bootloader-dtb at 0x85300000
[0000.584] I> Reading two headers - addr:0x85300000 blocks:1
[0000.589] I> Addr: 0x85300000, start-block: 58733057, num_blocks: 1
[0000.600] I> Binary(20) of size 248128 is loaded @ 0x85300000
[0000.606] I> MB2-params @ 0xf7f00000
[0000.609] I> CPUBL-params @ 0xf7f00000
[0000.613] I> CPU-BL loaded at : 0x96000000
[0000.617] I> Loading TOS ...
[0000.620] W> No valid slot number is found in scratch register
[0000.625] W> Return default slot: _a
[0000.629] I> A/B: bin_type (14) slot 0
[0000.632] I> Select partition: secure-os
[0000.636] I> Loading partition secure-os at 0x8490f400
[0000.641] I> Reading two headers - addr:0x8490f400 blocks:1
[0000.647] I> Addr: 0x8490f400, start-block: 58733569, num_blocks: 1
[0000.655] I> Binary(14) of size 54384 is loaded @ 0x8490f400
[0000.661] I> Copying Monitor (length: 0xd270) from 0x8490f600 to 0x40000000
[0000.668] I> Erasing Monitor @ 0x8490f600
[0000.672] I> Unhalting SCE
[0000.676] I> Waypoint2-ACK: 0x5200b8d0
[0000.680] I> MB2(TBoot-BPMP) done

NOTICE:  BL31: v1.2(release):ff7a644
NOTICE:  BL31: Built : 21:06:35, Mar  1 2017
NOTICE:  Trusty image missing.
ERROR:   Error initializing runtime service trusty_fast
[0001.041] I> Welcome to Cboot
[0001.043] I> Cboot Version: 00.00.2014.50-t186-fabbc56c
[0001.048] I> CPU-BL Params @ 0xf7f00000
[0001.052] I>  0) Base:0x00000000 Size:0x00000000
[0001.057] I>  1) Base:0xf7e00000 Size:0x00100000
[0001.061] I>  2) Base:0xf7d00000 Size:0x00100000
[0001.065] I>  3) Base:0xf7c00000 Size:0x00100000
[0001.070] I>  4) Base:0xf7b00000 Size:0x00100000
[0001.074] I>  5) Base:0xf7a00000 Size:0x00100000
[0001.079] I>  6) Base:0xf7600000 Size:0x00200000
[0001.083] I>  7) Base:0xf7000000 Size:0x00400000
[0001.088] I>  8) Base:0xf7900000 Size:0x00100000
[0001.092] I>  9) Base:0xf7800000 Size:0x00100000
[0001.096] I> 10) Base:0xf6800000 Size:0x00800000
[0001.101] I> 11) Base:0x30000000 Size:0x00040000
[0001.105] I> 12) Base:0xf7500000 Size:0x00100000
[0001.110] I> 13) Base:0x30040000 Size:0x00001000
[0001.114] I> 14) Base:0x30048000 Size:0x00001000
[0001.119] I> 15) Base:0x30049000 Size:0x00001000
[0001.123] I> 16) Base:0x3004a000 Size:0x00001000
[0001.127] I> 17) Base:0x3004b000 Size:0x00001000
[0001.132] I> 18) Base:0x3004c000 Size:0x00001000
[0001.136] I> 19) Base:0x3004d000 Size:0x00001000
[0001.141] I> 20) Base:0x3004e000 Size:0x00001000
[0001.145] I> 21) Base:0x3004f000 Size:0x00001000
[0001.150] I> 22) Base:0x00000000 Size:0x00000000
[0001.154] I> 23) Base:0xf7ff0000 Size:0x00010000
[0001.158] I> 24) Base:0x00000000 Size:0x00000000
[0001.163] I> 25) Base:0x00000000 Size:0x00000000
[0001.167] I> 26) Base:0x00000000 Size:0x00000000
[0001.172] I> 27) Base:0x00000000 Size:0x00000000
[0001.176] I> 28) Base:0x84400000 Size:0x00400000
[0001.181] I> 29) Base:0x30000000 Size:0x00010000
[0001.185] I> 30) Base:0xf8000000 Size:0x08000000
[0001.189] I> 31) Base:0x00000000 Size:0x00000000
[0001.194] I> 32) Base:0xf6000000 Size:0x00600000
[0001.198] I> 33) Base:0x80000000 Size:0x76000000
[0001.203] I> 34) Base:0x100000000 Size:0x180000000
[0001.207] I> 35) Base:0x00000000 Size:0x00000000
[0001.212] I> 36) Base:0x00000000 Size:0x00000000
[0001.216] I> 37) Base:0xf7fc0000 Size:0x00020000
[0001.221] I> 38) Base:0x84000000 Size:0x00400000
[0001.225] I> 39) Base:0x96000000 Size:0x02000000
[0001.229] I> 40) Base:0x84800000 Size:0x00b00000
[0001.234] I> 41) Base:0xf7f00000 Size:0x00080000
[0001.238] I> 42) Base:0x00000000 Size:0x00000000
[0001.243] I> 43) Base:0x00000000 Size:0x00000000
[0001.247] platform_init_interrupts-121, 1*
[0001.251] Interrupts Init done
[0001.255] calling constructors
[0001.258] initializing heap
[0001.260] initializing threads
[0001.264] initializing timers
[0001.267] creating bootstrap completion thread
[0001.271] top of bootstrap2()
[0001.274] CPU: ARM Cortex A57
[0001.277] CPU: MIDR: 0x411FD073, MPIDR: 0x80000100
[0001.282] initializing platform
[0001.286] I> Boot-device: eMMC
[0001.289] I> odm data is 1090000
[0001.292] I> Reading GPT from 512 for device 00000003
[0001.298] I> Reading GPT from 8388096 for device 00000003
[0001.305] I> Found 6 partitions in 00000003 device
[0001.309] I> Reading GPT from 512 for device 00010003
[0001.315] I> Found 17 partitions in 00010003 device
[0001.320] W> No valid slot number is found in scratch register
[0001.325] W> Return default slot: _a
[0001.329] I> A/B: bin_type (1) slot 0
[0001.332] I> Select partition: kernel-dtb
[0001.336] I> Loading partition kernel-dtb at 0x92000000
[0001.345] I> Kernel_dtb @0x92000000
[0001.348] I> Bl_dtb @0x85300000
[0001.351] I> gpio framework initialized
[0001.355] I> tegrabl_gpio_driver_register: register 'tegra_gpio_main_driver' driver
[0001.362] I> tegrabl_gpio_driver_register: register 'tegra_gpio_aon_driver' driver
[0001.370] I> tegrabl_tca9539_init: i2c bus: 0, slave addr: 0xee
[0001.378] I> tegrabl_gpio_driver_register: register 'tca9539_gpio_driver' driver
[0001.385] I> tegrabl_tca9539_init: i2c bus: 0, slave addr: 0xe8
[0001.393] I> tegrabl_gpio_driver_register: register 'tca9539_gpio_driver' driver
[0001.401] E> tegrabl_blob_init: BMP partition does not have valid Blob
[0001.408] E> tegrabl_load_bmp_blob: BMP blob initialization failed
[0001.414] W> Loading bmp blob to memory failed
[0001.422] I> Find /i2c@c250000's alias i2c7
[0001.426] I> Reading eeprom i2c=7 address=0x50
[0001.455] I> Device at /i2c@c250000:0x50
[0001.459] I> Reading eeprom i2c=7 address=0x57
[0001.488] I> Device at /i2c@c250000:0x57
[0001.493] I> Find /i2c@c240000's alias i2c1
[0001.497] I> Reading eeprom i2c=1 address=0x51
[0001.503] I> Eeprom read failed 0x1a800027
[0001.507] I> Find /i2c@3160000's alias i2c0
[0001.511] I> Reading eeprom i2c=0 address=0x50
[0001.516] I> Eeprom read failed 0x1a800027
[0001.521] I> Find /i2c@3180000's alias i2c2
[0001.525] I> Reading eeprom i2c=2 address=0x54
[0001.529] I> Enabling gpio chip_id = 2, gpio pin = 9
[0001.560] I> Disabling gpio chip_id = 2, gpio pin = 9
[0001.565] I> Device at /i2c@3180000:0x54
[0001.569] I> create_pm_ids: id: 3310-1000-B00-E, len: 15
[0001.574] I> config: mem-type:00,power-config:00,misc-config:00,modem-config:00,touch-config:00,display-config:00,, len: 93
[0001.585] I> create_pm_ids: id: 2597-0000-501-B, len: 15
[0001.590] I> config: mem-type:00,power-config:00,misc-config:00,modem-config:00,touch-config:00,display-config:00,, len: 93
[0001.601] I> create_pm_ids: id: 3326-1000-100-M, len: 15
[0001.606] I> config: mem-type:ff,power-config:ff,misc-config:ff,modem-config:ff,touch-config:ff,display-config:ff,, len: 93
[0001.617] initializing target
[0001.620] calling apps_init()
[0001.623] starting app android_boot_app
[0001.627] I> Gpio keyboard init success
[0001.631] I> Kernel type = Normal
[0001.634] I> Loading kernel/boot.img ...
[0001.638] W> No valid slot number is found in scratch register
[0001.644] W> Return default slot: _a
[0001.647] I> A/B: bin_type (0) slot 0
[0001.650] I> Select partition: kernel
[0001.654] I> Loading partition kernel at 0xa8000000
[0001.735] W> No valid slot number is found in scratch register
[0001.741] W> Return default slot: _a
[0001.744] I> A/B: bin_type (1) slot 0
[0001.748] I> Select partition: kernel-dtb
[0001.752] I> Loading partition kernel-dtb at 0x92000000
[0001.760] I> Kernel DTB @ 0x92000000
[0001.764] I> Verified boot state = Orange
[0001.768] E> tegrabl_display_clear: display is not initialized
[0001.773] I> Checking boot.img header magic ... [0001.778] I> [OK]
[0001.779] I> Valid boot.img @ 0xa8000000
[0001.783] I> decompressor handler not found
[0001.787] I> Copying kernel image (465664 bytes) from 0xa8000800 to 0x80080000 ... [0001.794] I> Done
[0001.796] I> Move ramdisk (len: 6265195) from 0xa8072800 to 0x98000000
[0001.806] I> Updated bpmp info to DTB
[0001.811] I> Ramdisk: Base: 0x98000000; Size: 0x5f996b
[0001.816] I> Updated initrd info to DTB
[0001.820] I> disabled_core_mask: 0xffffff0c
[0001.824] I> Kernel type = Normal
[0001.827] I> add_serialno: Serial Num = 0320817139186
[0001.832] W> No valid slot number is found in scratch register
[0001.838] W> Return default slot: _a
[0001.841] I> Linux Cmdline: root=/dev/nfs rw netdevwait ip=192.168.99.2:192.168.99.1:192.168.99.1:255.255.255.0::eth0:off nfsroot=192.168.99.1:/home/ausvrl2594/nfsroot fbcon=map:0 net.ifnames=0 console=tty0 OS=l4t console=ttyS0,115200n8 memtype=0 video=tegrafb no_console_suspend=1 earlycon=uart8250,mmio32,0x03100000 nvdumper_reserved=0xf7fc0000 gpt androidboot.secureos=none tegraid=18.1.2.0.0 tegra_keep_boot_clocks maxcpus=6 android.kerneltype=normal androidboot.serialno=0320817139186 androidboot.security=non-secure sdhci_tegra.en_boot_part_access=1 
[0001.889] I> Updated bootarg info to DTB
[0001.895] I> eeprom_get_mac_addr: MAC (type: 0): 00:04:4b:8c:61:5f
[0001.901] I> eeprom_get_mac_addr: MAC (type: 1): 00:04:4b:8c:61:60
[0001.907] I> eeprom_get_mac_addr: MAC (type: 2): 00:04:4b:8c:61:61
[0001.913] E> "ids" doesn't exist, creating 
[0001.917] E> "connection" doesn't exist, creating 
[0001.922] E> "configs" doesn't exist, creating 
[0001.926] I> create_pm_ids: id: 3310-1000-B00-E, len: 15
[0001.931] I> config: mem-type:00,power-config:00,misc-config:00,modem-config:00,touch-config:00,display-config:00,, len: 93
[0001.942] I> create_pm_ids: id: 2597-0000-501-B, len: 15
[0001.947] I> config: mem-type:00,power-config:00,misc-config:00,modem-config:00,touch-config:00,display-config:00,, len: 93
[0001.958] I> create_pm_ids: id: 3326-1000-100-M, len: 15
[0001.963] I> config: mem-type:ff,power-config:ff,misc-config:ff,modem-config:ff,touch-config:ff,display-config:ff,, len: 93
[0001.974] I> Adding plugin-manager/ids/3310-1000-B00=/i2c@c250000:module@0x50
[0001.981] E> "i2c@c250000" doesn't exist, creating 
[0001.986] E> "module@0x50" doesn't exist, creating 
[0001.991] I> Adding plugin-manager/ids/2597-0000-501=/i2c@c250000:module@0x57
[0001.998] E> "module@0x57" doesn't exist, creating 
[0002.002] I> Adding plugin-manager/ids/3326-1000-100=/i2c@3180000:module@0x54
[0002.010] E> "i2c@3180000" doesn't exist, creating 
[0002.014] E> "module@0x54" doesn't exist, creating 
[0002.021] I> Adding plugin-manager/ids/3310-1000-B00-E
[0002.028] I> Adding plugin-manager/configs/3310-mem-type 00
[0002.033] I> Adding plugin-manager/configs/3310-power-config 00
[0002.039] I> Adding plugin-manager/configs/3310-misc-config 00
[0002.045] I> Adding plugin-manager/configs/3310-modem-config 00
[0002.051] I> Adding plugin-manager/configs/3310-touch-config 00
[0002.057] I> Adding plugin-manager/configs/3310-display-config 00
[0002.063] E> "chip-id" doesn't exist, creating 
[0002.067] I> Adding plugin-manager/chip-id/A02P
[0002.073] I> Updated memory info to DTB
[0002.079] E> "reset" doesn't exist, creating 
[0002.083] E> "pmc-reset-reason" doesn't exist, creating 
[0002.088] E> "pmic-reset-reason" doesn't exist, creating 
[0002.094] I> disabled_core_mask: 0xffffff0c
[0002.104] I> tegrabl_load_kernel_and_dtb: Done


U-Boot 2017.03-g8537ddd769f4 (Oct 04 2017 - 08:46:37 -0700)

TEGRA186
Model: NVIDIA P2771-0000-500
DRAM:  7.8 GiB
MMC:   Tegra SD/MMC: 0, Tegra SD/MMC: 1
*** Warning - bad CRC, using default environment

In:    serial
Out:   serial
Err:   serial
Net:   eth0: ethernet@2490000
Hit any key to stop autoboot:  2  1  0 
MMC: no card present
mmc_init: -123, time 1
switch to partitions #0, OK
mmc0(part 0) is current device
Scanning mmc 0:1...
Found /boot/extlinux/extlinux.conf
Retrieving file: /boot/extlinux/extlinux.conf
431 bytes read in 74 ms (4.9 KiB/s)
p2771-0000 NFS boot options
1:	primary kernel
Enter choice: 1:	primary kernel
Retrieving file: /boot/initrd
6265195 bytes read in 201 ms (29.7 MiB/s)
Retrieving file: /boot/Image
17115648 bytes read in 456 ms (35.8 MiB/s)
append: console=ttyS0,115200n8 earlycon ignore_loglevel root=/dev/nfs rw netdevwait ip=192.168.99.2:192.168.99.1:192.168.99.1:255.255.255.0::eth0:off nfsroot=192.168.99.1:/home/ausvrl2594/nfsroot,nolock,nfsvers=2 rootwait
Retrieving file: /boot/tegra186-p2771-0000.dtb
23528 bytes read in 57 ms (402.3 KiB/s)
## Flattened Device Tree blob at 82000000
   Booting using the fdt blob at 0x82000000
   Using Device Tree in place at 0000000082000000, end 0000000082008be7

Starting kernel ...

[    1.549136] console [ttyS0] enabled
[    1.549136] console [ttyS0] enabled
[    1.556232] bootconsole [uart0] disabled
[    1.556232] bootconsole [uart0] disabled
[    1.564616] SuperH (H)SCI(F) driver initialized
[    1.569377] msm_serial: driver initialized
[    1.573937] arm-smmu 12000000.iommu: probing hardware configuration...
[    1.580464] arm-smmu 12000000.iommu: SMMUv2 with:
[    1.585166] arm-smmu 12000000.iommu: 	stage 1 translation
[    1.590559] arm-smmu 12000000.iommu: 	stage 2 translation
[    1.595952] arm-smmu 12000000.iommu: 	nested translation
[    1.601261] arm-smmu 12000000.iommu: 	stream matching with 128 register groups
[    1.608475] arm-smmu 12000000.iommu: 	64 context banks (0 stage-2 only)
[    1.615085] arm-smmu 12000000.iommu: 	Supported page sizes: 0x61311000
[    1.621603] arm-smmu 12000000.iommu: 	Stage-1: 48-bit VA -> 48-bit IPA
[    1.628124] arm-smmu 12000000.iommu: 	Stage-2: 48-bit IPA -> 48-bit PA
[    1.635059] cacheinfo: Unable to detect cache hierarchy for CPU 0
[    1.644542] loop: module loaded
[    1.649687] libphy: Fixed MDIO Bus: probed
[    1.654104] tun: Universal TUN/TAP device driver, 1.6
[    1.659529] thunder-xcv, ver 1.0
[    1.662781] thunder-BGX, ver 1.0
[    1.666032] thunder-nic, ver 1.0
[    1.669434] e1000e: Intel(R) PRO/1000 Network Driver - 3.2.6-k
[    1.675259] e1000e: Copyright(c) 1999 - 2015 Intel Corporation.
[    1.681193] igb: Intel(R) Gigabit Ethernet Network Driver - version 5.4.0-k
[    1.688143] igb: Copyright (c) 2007-2014 Intel Corporation.
[    1.693735] igbvf: Intel(R) Gigabit Virtual Function Network Driver - version 2.4.0-k
[    1.701553] igbvf: Copyright (c) 2009 - 2012 Intel Corporation.
[    1.707630] sky2: driver version 1.30
[    1.711846] dwc-eth-dwmac 2490000.ethernet: Cannot get CSR clock
[    1.717879] dwc-eth-dwmac 2490000.ethernet: no reset control found
[    1.737209] stmmac - user ID: 0x10, Synopsys ID: 0x41
[    1.742262] dwc-eth-dwmac 2490000.ethernet: DMA HW capability register supported
[    1.749652] dwc-eth-dwmac 2490000.ethernet: RX Checksum Offload Engine supported
[    1.757036] dwc-eth-dwmac 2490000.ethernet: TX Checksum insertion supported
[    1.763989] dwc-eth-dwmac 2490000.ethernet: Wake-Up On Lan supported
[    1.770350] dwc-eth-dwmac 2490000.ethernet: TSO supported
[    1.775742] dwc-eth-dwmac 2490000.ethernet: TSO feature enabled
[    1.781652] dwc-eth-dwmac 2490000.ethernet: Enable RX Mitigation via HW Watchdog Timer
[    1.789603] libphy: stmmac: probed
[    1.793820] VFIO - User Level meta-driver version: 0.3
[    1.799530] ehci_hcd: USB 2.0 'Enhanced' Host Controller (EHCI) Driver
[    1.806053] ehci-pci: EHCI PCI platform driver
[    1.810515] ehci-platform: EHCI generic platform driver
[    1.815802] ehci-orion: EHCI orion driver
[    1.819859] ehci-exynos: EHCI EXYNOS driver
[    1.824088] ohci_hcd: USB 1.1 'Open' Host Controller (OHCI) Driver
[    1.830304] ohci-pci: OHCI PCI platform driver
[    1.834764] ohci-platform: OHCI generic platform driver
[    1.840042] ohci-exynos: OHCI EXYNOS driver
[    1.844478] usbcore: registered new interface driver usb-storage
[    1.851845] i2c /dev entries driver
[    1.857288] max77620 0-003c: PMIC Version OTP:0x45 and ES:0x8
[    1.867599] max77620-sd0: supplied by regulator-dummy
[    1.872810] VDD_DDR_1V1_PMIC: Bringing 1125000uV into 1100000-1100000uV
[    1.881397] max77620-sd1: supplied by regulator-dummy
[    1.887818] max77620-sd2: supplied by regulator-dummy
[    1.894239] max77620-sd3: supplied by regulator-dummy
[    1.900815] max77620-ldo0: supplied by regulator-dummy
[    1.906774] max77620-ldo1: supplied by regulator-dummy
[    1.912671] max77620-ldo2: supplied by regulator-dummy
[    1.918941] max77620-ldo3: supplied by regulator-dummy
[    1.924726] max77620-ldo4: supplied by regulator-dummy
[    1.929875] VDD_RTC: Bringing 800000uV into 1000000-1000000uV
[    1.936359] max77620-ldo5: supplied by regulator-dummy
[    1.941508] VDDIO_SDMMC3_AP: Bringing 1800000uV into 2800000-2800000uV
[    1.948689] max77620-ldo6: supplied by regulator-dummy
[    1.954457] max77620-ldo7: supplied by regulator-dummy
[    1.959606] VDD_HDMI_1V05: Bringing 1000000uV into 1050000-1050000uV
[    1.967189] max77620-ldo8: supplied by regulator-dummy
[    1.972336] VDD_PEX_1V05: Bringing 1000000uV into 1050000-1050000uV
[    3.152915] max77686-rtc max77620-rtc: rtc core: registered max77620-rtc as rtc0
[    3.162438] sdhci: Secure Digital Host Controller Interface driver
[    3.168617] sdhci: Copyright(c) Pierre Ossman
[    3.173084] Synopsys Designware Multimedia Card Interface Driver
[    3.179504] sdhci-pltfm: SDHCI platform and OF driver helper
[    3.185311] sdhci-tegra 3400000.sdhci: Got CD GPIO
[    3.190107] sdhci-tegra 3400000.sdhci: Got WP GPIO
[    3.211805] mmc0: Unknown controller version (4). You may experience problems.
[    3.250517] mmc0: SDHCI controller on 3440000.sdhci [3440000.sdhci] using ADMA
[    3.267334] ledtrig-cpu: registered to indicate activity on CPUs
[    3.274686] usbcore: registered new interface driver usbhid
[    3.280810] usbhid: USB HID core driver
[    3.285884] NET: Registered protocol family 17
[    3.290396] 9pnet: Installing 9P2000 support
[    3.294679] Key type dns_resolver registered
[    3.299270] registered taskstats version 1
[    3.303379] Loading compiled-in X.509 certificates
[    3.314605] VDD_1V8_AP: supplied by VDD_1V8
[    3.319150] SD_CARD_SW_PWR: supplied by VDD_3V3_SYS
[    3.325212] pca953x 1-0074: 1-0074 supply vcc not found, using dummy regulator
[    3.346812] pca953x 1-0077: 1-0077 supply vcc not found, using dummy regulator
[    3.364346] tegra-pcie 10003000.pcie: 4x1, 1x1 configuration
[    3.371467] tegra-pcie 10003000.pcie: probing port 0, using 4 lanes
[    3.379748] tegra-pcie 10003000.pcie: Slot present pin change, signature: 00000018
[    3.794925] tegra-pcie 10003000.pcie: link 0 down, retrying
[    4.203617] tegra-pcie 10003000.pcie: link 0 down, retrying
[    4.612304] tegra-pcie 10003000.pcie: link 0 down, retrying
[    4.619879] tegra-pcie 10003000.pcie: link 0 down, ignoring
[    4.625514] tegra-pcie 10003000.pcie: PCI host bridge to bus 0000:00
[    4.631869] pci_bus 0000:00: root bus resource [io  0x0000-0xffff]
[    4.638043] pci_bus 0000:00: root bus resource [mem 0x50100000-0x57ffffff]
[    4.644911] pci_bus 0000:00: root bus resource [mem 0x58000000-0x7fffffff pref]
[    4.652216] pci_bus 0000:00: root bus resource [bus 00-ff]
[    4.658141] sdhci-tegra 3400000.sdhci: Got CD GPIO
[    4.662942] sdhci-tegra 3400000.sdhci: Got WP GPIO
[    4.676024] mmc1: Unknown controller version (4). You may experience problems.
[    4.714783] mmc1: SDHCI controller on 3400000.sdhci [3400000.sdhci] using ADMA
[    4.731033] mmc2: Unknown controller version (4). You may experience problems.
[    4.738747] mmc2: Switching to 3.3V signalling voltage failed
[    4.770083] mmc2: SDHCI controller on 3460000.sdhci [3460000.sdhci] using ADMA
[    4.778585] VDD_HDMI_5V0: supplied by VDD_5V0_SYS
[    4.784059] input: gpio-keys as /devices/platform/gpio-keys/input/input0
[    4.808012] max77686-rtc max77620-rtc: setting system clock to 2016-10-29 09:49:59 UTC (1477734599)
[    4.817240] dwc-eth-dwmac 2490000.ethernet eth0: device MAC address b6:cb:59:1d:14:ce
[    4.825599] Generic PHY stmmac-0:00: attached PHY driver [Generic PHY] (mii_bus:phy_addr=stmmac-0:00, irq=POLL)
[    4.836442] dwmac4: Master AXI performs any burst length
[    4.841918] dwc-eth-dwmac 2490000.ethernet eth0: IEEE 1588-2008 Advanced Timestamp supported
[    4.850453] dwc-eth-dwmac 2490000.ethernet eth0: registered PTP clock
[    4.860572] mmc2: new high speed MMC card at address 0001
[    4.866379] mmcblk2: mmc2:0001 032G34 29.1 GiB 
[    4.871249] mmcblk2boot0: mmc2:0001 032G34 partition 1 4.00 MiB
[    4.877495] mmcblk2boot1: mmc2:0001 032G34 partition 2 4.00 MiB
[    4.883497] mmcblk2rpmb: mmc2:0001 032G34 partition 3 4.00 MiB, chardev (240:0)
[    4.892783]  mmcblk2: p1 p2 p3 p4 p5 p6 p7 p8 p9 p10 p11 p12 p13 p14 p15 p16 p17
[    7.937296] dwc-eth-dwmac 2490000.ethernet eth0: Link is Up - 1Gbps/Full - flow control rx/tx
[    7.960504] IP-Config: Complete:
[    7.963740]      device=eth0, hwaddr=b6:cb:59:1d:14:ce, ipaddr=192.168.99.2, mask=255.255.255.0, gw=192.168.99.1
[    7.973957]      host=192.168.99.2, domain=, nis-domain=(none)
[    7.979824]      bootserver=192.168.99.1, rootserver=192.168.99.1, rootpath=
[    8.003712] VDD_RTC: disabling
[    8.006775] VDDIO_SDMMC3_AP: disabling
[    8.010662] SD_CARD_SW_PWR: disabling
[    8.014321] VDD_HDMI_5V0: disabling
[    8.017807] ALSA device list:
[    8.020769]   No soundcards found.
[    8.024677] Freeing unused kernel memory: 1152K
/init: line 58: chmod: command not found
[ 09:50:02 ] L4T-INITRD Build DATE: Sat Oct 29 09:50:02 UTC 2016
[ 09:50:02 ] Root device found: nfs
[ 09:50:02 ] Ethernet interfaces: eth0
[ 09:50:02 ] IP Address: 192.168.99.2
[ 09:50:02 ] Rootfs mounted over nfs
[ 09:50:02 ] Switching from initrd to actual rootfs
[    8.345671] systemd[1]: systemd 229 running in system mode. (+PAM +AUDIT +SELINUX +IMA +APPARMOR +SMACK +SYSVINIT +UTMP +LIBCRYPTSETUP +GCRYPT +GNUTLS +ACL +XZ -LZ4 +SECCOMP +BLKID +ELFUTILS +KMOD -IDN)
[    8.364385] systemd[1]: Detected architecture arm64.

Welcome to [1mUbuntu 16.04 LTS[0m!

[    8.386205] systemd[1]: Set hostname to <tegra-ubuntu>.
[    8.766635] systemd[1]: Listening on Journal Socket (/dev/log).
[[0;32m  OK  [0m] Listening on Journal Socket (/dev/log).
[    8.784598] systemd[1]: Listening on udev Control Socket.
[[0;32m  OK  [0m] Listening on udev Control Socket.
[    8.800571] systemd[1]: Listening on /dev/initctl Compatibility Named Pipe.
[[0;32m  OK  [0m] Listening on /dev/initctl Compatibility Named Pipe.
[    8.820547] systemd[1]: Listening on udev Kernel Socket.
[[0;32m  OK  [0m] Listening on udev Kernel Socket.
[    8.836581] systemd[1]: Listening on Syslog Socket.
[[0;32m  OK  [0m] Listening on Syslog Socket.
[    8.852706] systemd[1]: Created slice User and Session Slice.
[[0;32m  OK  [0m] Created slice User and Session Slice.
[    8.868633] systemd[1]: Listening on Journal Audit Socket.
[[0;32m  OK  [0m] Listening on Journal Audit Socket.
[[0;32m  OK  [0m] Started Dispatch Password Requests to Console Directory Watch.
[[0;32m  OK  [0m] Started Forward Password Requests to Wall Directory Watch.
[[0;32m  OK  [0m] Created slice System Slice.
[[0;32m  OK  [0m] Created slice system-getty.slice.
[[0;32m  OK  [0m] Created slice system-serial\x2dgetty.slice.
[[0;32m  OK  [0m] Reached target Slices.
[[0;32m  OK  [0m] Listening on Journal Socket.
         Mounting POSIX Message Queue File System...
         Mounting Huge Pages File System...
         Starting Load Kernel Modules...
         Mounting Debug File System...
         Starting Journal Service...
         Starting Remount Root and Kernel File Systems...
[[0;32m  OK  [0m] Reached target Paths.
[[0;32m  OK  [0m] Reached target Encrypted Volumes.
         Mounting RPC Pipe File System...
[[0;32m  OK  [0m] Reached target Swap.
         Starting Create Static Device Nodes in /dev...
[[0;32m  OK  [0m] Mounted POSIX Message Queue File System.
[[0;32m  OK  [0m] Mounted Debug File System.
[[0;32m  OK  [0m] Mounted Huge Pages File System.
[[0;32m  OK  [0m] Mounted RPC Pipe File System.
[[0;32m  OK  [0m] Started Journal Service.
[[0;32m  OK  [0m] Started Load Kernel Modules.
[[0;32m  OK  [0m] Started Remount Root and Kernel File Systems.
[[0;32m  OK  [0m] Started Create Static Device Nodes in /dev.
         Starting udev Kernel Device Manager...
[[0;32m  OK  [0m] Reached target Local File Systems (Pre).
         Starting Load/Save Random Seed...
         Starting udev Coldplug all Devices...
[[0;32m  OK  [0m] Reached target Local File Systems.
         Starting Set console keymap...
         Starting Preprocess NFS configuration...
         Starting Apply Kernel Variables...
         Mounting Configuration File System...
         Starting Flush Journal to Persistent Storage...
[[0;32m  OK  [0m] Mounted Configuration File System.
[[0;32m  OK  [0m] Started Load/Save Random Seed.
[[0;1;31mFAILED[0m] Failed to start Set console keymap.
See 'systemctl status console-setup.service' for details.
[[0;32m  OK  [0m] Started Preprocess NFS configuration.
[[0;32m  OK  [0m] Started Apply Kernel Variables.
[[0;32m  OK  [0m] Started udev Kernel Device Manager.
[    9.531942] systemd-journald[1498]: Received request to flush runtime journal from PID 1
         Starting Raise network interfaces...
[[0;32m  OK  [0m] Reached target NFS client services.
[[0;32m  OK  [0m] Reached target Remote File Systems (Pre).
[[0;32m  OK  [0m] Reached target Remote File Systems.
[[0;32m  OK  [0m] Started Flush Journal to Persistent Storage.
         Starting Create Volatile Files and Directories...
[[0;32m  OK  [0m] Found device /dev/ttyS0.
[[0;32m  OK  [0m] Started udev Coldplug all Devices.
[[0;32m  OK  [0m] Started Create Volatile Files and Directories.
[[0;32m  OK  [0m] Started Raise network interfaces.
[[0;32m  OK  [0m] Reached target Network.
[[0;32m  OK  [0m] Reached target Network is Online.
         Starting Update UTMP about System Boot/Shutdown...
[[0;32m  OK  [0m] Reached target System Time Synchronized.
[[0;32m  OK  [0m] Started Update UTMP about System Boot/Shutdown.
[[0;32m  OK  [0m] Reached target System Initialization.
[[0;32m  OK  [0m] Listening on D-Bus System Message Bus Socket.
[[0;32m  OK  [0m] Started Daily apt activities.
[[0;32m  OK  [0m] Started Daily Cleanup of Temporary Directories.
[[0;32m  OK  [0m] Reached target Timers.
[[0;32m  OK  [0m] Listening on RPCbind Server Activation Socket.
[[0;32m  OK  [0m] Reached target Sockets.
[[0;32m  OK  [0m] Reached target Basic System.
[[0;32m  OK  [0m] Started D-Bus System Message Bus.
[[0;32m  OK  [0m] Started Regular background program processing daemon.
         Starting /etc/rc.local Compatibility...
         Starting System Logging Service...
         Starting LSB: Set the CPU Frequency Scaling governor to "ondemand"...
         Starting OpenBSD Secure Shell server...
         Starting Permit User Sessions...
         Starting LSB: Start NTP daemon...
         Starting Login Service...
[[0;32m  OK  [0m] Started System Logging Service.
[[0;32m  OK  [0m] Started /etc/rc.local Compatibility.
[[0;32m  OK  [0m] Started Permit User Sessions.
[[0;32m  OK  [0m] Started Serial Getty on ttyS0.
[[0;32m  OK  [0m] Started Getty on tty1.
[[0;32m  OK  [0m] Reached target Login Prompts.
[[0;32m  OK  [0m] Started LSB: Set the CPU Frequency Scaling governor to "ondemand".
[[0;32m  OK  [0m] Started Login Service.
[[0;32m  OK  [0m] Started OpenBSD Secure Shell server.
[[0;32m  OK  [0m] Started LSB: Start NTP daemon.
[[0;32m  OK  [0m] Reached target Multi-User System.
[[0;32m  OK  [0m] Reached target Graphical Interface.
         Starting Update UTMP about System Runlevel Changes...
[[0;32m  OK  [0m] Started Update UTMP about System Runlevel Changes.

Ubuntu 16.04 LTS tegra-ubuntu ttyS0

tegra-ubuntu login: 