
U-Boot SPL 2014.01-00219-gc4d376f (Feb 18 2014 - 19:57:32)


U-Boot 2014.01-00219-gc4d376f (Feb 18 2014 - 19:57:32)

TEGRA114
Board: NVIDIA Dalmore
I2C:   ready
DRAM:  2 GiB
MMC:   Tegra SD/MMC: 0, Tegra SD/MMC: 1
In:    serial
Out:   serial
Err:   serial
Net:   Net Initialization Skipped
No ethernet found.
Hit any key to stop autoboot:  2  1  0 
Tegra114 (Dalmore) # 
Tegra114 (Dalmore) # usb reset
(Re)start USB...
USB0:   USB EHCI 1.10
scanning bus 0 for devices... 2 USB Device(s) found
       scanning usb for storage devices... 0 Storage Device(s) found
       scanning usb for ethernet devices... 
Warning: asx0 using MAC address from net device
1 Ethernet Device(s) found
Tegra114 (Dalmore) # setenv bootargs 'ignore_loglevel console=ttyS0,115200n8 rw root=PARTUUID=7369c667-ff51-ec4a-29cd-baabf2fbe346 rootwait gpt debug earlyprintk init=/bin/bash'
Tegra114 (Dalmore) # setenv ipaddr 192.168.100.100; setenv serverip 192.168.100.1; setenv tftpserverip 192.168.100.1
Tegra114 (Dalmore) # tftpboot 0x81000000 zImage.tegra_defconfig
Using asx0 device
TFTP from server 192.168.100.1; our IP address is 192.168.100.100
Filename 'zImage.tegra_defconfig'.
Load address: 0x81000000
Loading: *#################################################################
	 #################################################################
	 #################################################################
	 #################################################################
	 #################################################################
	 ##############################################
	 2.9 MiB/s
done
Bytes transferred = 5434080 (52eae0 hex)
Tegra114 (Dalmore) # tftpboot 0x82000000 tegra114-dalmore.dtb
Using asx0 device
TFTP from server 192.168.100.1; our IP address is 192.168.100.100
Filename 'tegra114-dalmore.dtb'.
Load address: 0x82000000
Loading: *###
	 2.8 MiB/s
done
Bytes transferred = 35044 (88e4 hex)
Tegra114 (Dalmore) # bootz 0x81000000 - 0x82000000
Kernel image @ 0x81000000 [ 0x000000 - 0x52eae0 ]
## Flattened Device Tree blob at 82000000
   Booting using the fdt blob at 0x82000000
   Loading Device Tree to 8fff4000, end 8ffff8e3 ... OK

Starting kernel ...

Uncompressing Linux... done, booting the kernel.
[    0.000000] Booting Linux on physical CPU 0x0
[    0.000000] Linux version 4.8.0-rc6-next-20160914-118751-gb224027 (pwalmsley@kaivo) (gcc version 4.7.3 20130328 (prerelease) (crosstool-NG linaro-1.13.1-4.7-2013.04-20130415 - Linaro GCC 2013.04) ) #1 SMP PREEMPT Tue Sep 13 22:34:40 PDT 2016
[    0.000000] CPU: ARMv7 Processor [412fc0f2] revision 2 (ARMv7), cr=10c5387d
[    0.000000] CPU: div instructions available: patching division code
[    0.000000] CPU: PIPT / VIPT nonaliasing data cache, PIPT instruction cache
[    0.000000] OF: fdt:Machine model: NVIDIA Tegra114 Dalmore evaluation board
[    0.000000] debug: ignoring loglevel setting.
[    0.000000] bootconsole [earlycon0] enabled
[    0.000000] cma: Reserved 64 MiB at 0xfbc00000
[    0.000000] Memory policy: Data cache writealloc
[    0.000000] On node 0 totalpages: 524032
[    0.000000] free_area_init_node: node 0, pgdat c0d5c5c0, node_mem_map eeff7000
[    0.000000]   Normal zone: 1536 pages used for memmap
[    0.000000]   Normal zone: 0 pages reserved
[    0.000000]   Normal zone: 196608 pages, LIFO batch:31
[    0.000000]   HighMem zone: 327424 pages, LIFO batch:31
[    0.000000] percpu: Embedded 14 pages/cpu @eef9a000 s26176 r8192 d22976 u57344
[    0.000000] pcpu-alloc: s26176 r8192 d22976 u57344 alloc=14*4096
[    0.000000] pcpu-alloc: [0] 0 [0] 1 [0] 2 [0] 3 
[    0.000000] Built 1 zonelists in Zone order, mobility grouping on.  Total pages: 522496
[    0.000000] Kernel command line: ignore_loglevel console=ttyS0,115200n8 rw root=PARTUUID=7369c667-ff51-ec4a-29cd-baabf2fbe346 rootwait gpt debug earlyprintk init=/bin/bash
[    0.000000] PID hash table entries: 4096 (order: 2, 16384 bytes)
[    0.000000] Dentry cache hash table entries: 131072 (order: 7, 524288 bytes)
[    0.000000] Inode-cache hash table entries: 65536 (order: 6, 262144 bytes)
[    0.000000] Memory: 1999936K/2096128K available (8192K kernel code, 375K rwdata, 2444K rodata, 1024K init, 366K bss, 30656K reserved, 65536K cma-reserved, 1244160K highmem)
[    0.000000] Virtual kernel memory layout:
[    0.000000]     vector  : 0xffff0000 - 0xffff1000   (   4 kB)
[    0.000000]     fixmap  : 0xffc00000 - 0xfff00000   (3072 kB)
[    0.000000]     vmalloc : 0xf0800000 - 0xff800000   ( 240 MB)
[    0.000000]     lowmem  : 0xc0000000 - 0xf0000000   ( 768 MB)
[    0.000000]     pkmap   : 0xbfe00000 - 0xc0000000   (   2 MB)
[    0.000000]     modules : 0xbf000000 - 0xbfe00000   (  14 MB)
[    0.000000]       .text : 0xc0008000 - 0xc0900000   (9184 kB)
[    0.000000]       .init : 0xc0c00000 - 0xc0d00000   (1024 kB)
[    0.000000]       .data : 0xc0d00000 - 0xc0d5dc80   ( 376 kB)
[    0.000000]        .bss : 0xc0d5f000 - 0xc0dbab00   ( 367 kB)
[    0.000000] Preemptible hierarchical RCU implementation.
[    0.000000] 	Build-time adjustment of leaf fanout to 32.
[    0.000000] NR_IRQS:16 nr_irqs:16 16
[    0.000000] /interrupt-controller@60004000: 160 interrupts forwarded to /interrupt-controller@50041000
[    0.000000] Tegra clk 127: register failed with -17
[    0.000008] sched_clock: 32 bits at 1000kHz, resolution 1000ns, wraps every 2147483647500ns
[    0.007527] clocksource: timer_us: mask: 0xffffffff max_cycles: 0xffffffff, max_idle_ns: 1911260446275 ns
[    0.017143] Switching to timer-based delay loop, resolution 1000ns
[    0.024231] arm_arch_timer: Architected cp15 timer(s) running at 12.00MHz (virt).
[    0.030927] clocksource: arch_sys_counter: mask: 0xffffffffffffff max_cycles: 0x2c47f4ee7, max_idle_ns: 440795202497 ns
[    0.041762] sched_clock: 56 bits at 12MHz, resolution 83ns, wraps every 4398046511096ns
[    0.049816] Switching to timer-based delay loop, resolution 83ns
[    0.056343] Console: colour dummy device 80x30
[    0.060404] Calibrating delay loop (skipped), value calculated using timer frequency.. 24.00 BogoMIPS (lpj=120000)
[    0.070785] pid_max: default: 32768 minimum: 301
[    0.076050] Mount-cache hash table entries: 2048 (order: 1, 8192 bytes)
[    0.082158] Mountpoint-cache hash table entries: 2048 (order: 1, 8192 bytes)
[    0.090719] CPU: Testing write buffer coherency: ok
[    0.094465] /cpus/cpu@0 missing clock-frequency property
[    0.099577] /cpus/cpu@1 missing clock-frequency property
[    0.104973] /cpus/cpu@2 missing clock-frequency property
[    0.110325] /cpus/cpu@3 missing clock-frequency property
[    0.115695] CPU0: thread -1, cpu 0, socket 0, mpidr 80000000
[    0.121414] Setting up static identity map for 0x80100000 - 0x80100098
[    0.208551] Tegra Revision: A01 SKU: 0 CPU Process: 1 SoC Process: 0
[    0.278809] CPU1: thread -1, cpu 1, socket 0, mpidr 80000001
[    0.348904] CPU2: thread -1, cpu 2, socket 0, mpidr 80000002
[    0.419006] CPU3: thread -1, cpu 3, socket 0, mpidr 80000003
[    0.419111] Brought up 4 CPUs
[    0.437419] SMP: Total of 4 processors activated (96.00 BogoMIPS).
[    0.443667] CPU: All CPU(s) started in SVC mode.
[    0.448415] span: 0-3 (max cpu_capacity = 1024)
[    0.475149] devtmpfs: initialized
[    0.508415] VFP support v0.3: implementor 41 architecture 4 part 30 variant f rev 0
[    0.514870] clocksource: jiffies: mask: 0xffffffff max_cycles: 0xffffffff, max_idle_ns: 19112604462750000 ns
[    0.584388] pinctrl core: initialized pinctrl subsystem
[    0.674925] NET: Registered protocol family 16
[    0.678844] DMA: preallocated 256 KiB pool for atomic coherent allocations
[    0.714546] cpuidle: using governor menu
[    0.735997] No ATAGs?
[    0.736206] hw-breakpoint: found 5 (+1 reserved) breakpoint and 4 watchpoint registers.
[    0.744507] hw-breakpoint: maximum watchpoint size is 8 bytes.
[    0.781414] tegra-mc 70019000.memory-controller: no memory timings for RAM code 3 registered
[    1.102341] dvdd_ts: Failed to request enable GPIO61: -517
[    1.106006] reg-fixed-voltage regulators:regulator@1: Failed to register regulator: -517
[    1.114332] usb1_vbus: Failed to request enable GPIO108: -517
[    1.119958] reg-fixed-voltage regulators:regulator@3: Failed to register regulator: -517
[    1.128248] usb2_vbus: Failed to request enable GPIO86: -517
[    1.133824] reg-fixed-voltage regulators:regulator@4: Failed to register regulator: -517
[    1.142721] VDD_5V0_HDMI_CON: Failed to request enable GPIO81: -517
[    1.148298] reg-fixed-voltage regulators:regulator@7: Failed to register regulator: -517
[    1.158235] vgaarb: loaded
[    1.187050] SCSI subsystem initialized
[    1.189268] libata version 3.00 loaded.
[    1.193536] usbcore: registered new interface driver usbfs
[    1.198646] usbcore: registered new interface driver hub
[    1.203950] usbcore: registered new device driver usb
[    1.213522] tps65090 2-0048: No cache defaults, reading back from HW
[    1.220196] TPS65090_RAILSDCDC1: supplied by vdd_ac_bat
[    1.224404] vdd_hdmi_5v0: supplied by vdd-sys-5v0
[    1.229189] TPS65090_RAILSDCDC2: supplied by vdd_ac_bat
[    1.234982] TPS65090_RAILSDCDC3: supplied by vdd_ac_bat
[    1.239739] TPS65090_RAILSFET1: supplied by vdd_ac_bat
[    1.244751] TPS65090_RAILSFET2: supplied by vdd_ac_bat
[    1.249961] TPS65090_RAILSFET3: supplied by vdd-sys-3v3
[    1.255399] TPS65090_RAILSFET4: supplied by vdd-sys-3v3
[    1.260714] TPS65090_RAILSFET5: supplied by vdd-sys-3v3
[    1.265970] TPS65090_RAILSFET6: supplied by vdd-sys-3v3
[    1.271619] TPS65090_RAILSFET7: supplied by vdd-sys-3v3
[    1.276540] TPS65090_RAILSLDO1: supplied by vdd_ac_bat
[    1.281462] TPS65090_RAILSLDO2: supplied by vdd_ac_bat
[    1.287361] palmas 2-0058: Irq flag is 0x00000004
[    1.293459] palmas 2-0058: Muxing GPIO ff, PWM 0, LED 0
[    1.299861] SMPS12: supplied by vdd-ao
[    1.303749] SMPS3: supplied by vdd-ao
[    1.307661] SMPS457: supplied by vdd-sys-3v3
[    1.313626] SMPS8: supplied by vdd-sys-3v3
[    1.317281] random: fast init done
[    1.319903] SMPS9: supplied by vdd-sys-3v3
[    1.324076] sdhci-vdd-sd-slot: Bringing 2840000uV into 2800000-2800000uV
[    1.331020] sdhci-vdd-sd-slot: ramp_delay not set
[    1.337888] LDO1: supplied by vdd-sys-3v3
[    1.341575] LDO2: supplied by vdd-sys-3v3
[    1.345678] LDO3: supplied by vddio-1v8
[    1.349542] LDO4: supplied by vdd-sys-3v3
[    1.353607] LDO5: supplied by vdd_ac_bat
[    1.357180] LDO6: supplied by vdd-sys-3v3
[    1.360712] vdd-sensor-2v85: Bringing 2900000uV into 2850000-2850000uV
[    1.368319] LDO7: supplied by vdd-sys-3v3
[    1.372864] LDO8: supplied by vdd-ao
[    1.375160] vdd-rtc: Bringing 675000uV into 900000-900000uV
[    1.391264] LDO9: supplied by sdhci-vdd-sd-slot
[    1.401610] LDOLN: supplied by vdd-sys-5v0
[    1.405382] LDOUSB: supplied by vdd-sys-5v0
[    1.415521] Linux video capture interface: v2.00
[    1.418415] pps_core: LinuxPPS API ver. 1 registered
[    1.423358] pps_core: Software ver. 5.3.6 - Copyright 2005-2007 Rodolfo Giometti <giometti@linux.it>
[    1.432577] PTP clock support registered
[    1.437522] Advanced Linux Sound Architecture Driver Initialized.
[    1.444353] Bluetooth: Core ver 2.22
[    1.446382] NET: Registered protocol family 31
[    1.450830] Bluetooth: HCI device and connection manager initialized
[    1.457239] Bluetooth: HCI socket layer initialized
[    1.462192] Bluetooth: L2CAP socket layer initialized
[    1.467322] Bluetooth: SCO socket layer initialized
[    1.473833] clocksource: Switched to clocksource arch_sys_counter
[    1.843855] NET: Registered protocol family 2
[    2.163860] TCP established hash table entries: 8192 (order: 3, 32768 bytes)
[    2.169168] TCP bind hash table entries: 8192 (order: 4, 65536 bytes)
[    2.175802] TCP: Hash tables configured (established 8192 bind 8192)
[    2.182417] UDP hash table entries: 512 (order: 2, 16384 bytes)
[    2.188029] UDP-Lite hash table entries: 512 (order: 2, 16384 bytes)
[    2.313854] NET: Registered protocol family 1
[    2.433858] RPC: Registered named UNIX socket transport module.
[    2.437950] RPC: Registered udp transport module.
[    2.442715] RPC: Registered tcp transport module.
[    2.447529] RPC: Registered tcp NFSv4.1 backchannel transport module.
[    2.454027] PCI: CLS 0 bytes, default 64
[    2.496119] futex hash table entries: 1024 (order: 4, 65536 bytes)
[    2.501530] workingset: timestamp_bits=30 max_order=19 bucket_order=0
[    3.303851] squashfs: version 4.0 (2009/01/31) Phillip Lougher
[    3.623913] NFS: Registering the id_resolver key type
[    3.627164] Key type id_resolver registered
[    3.631383] Key type id_legacy registered
[    3.640014] bounce: pool size: 64 pages
[    3.642026] io scheduler noop registered (default)
[    3.877643] tegra-apbdma 6000a000.dma: Tegra20 APB DMA driver register 32 channels
[    3.884228] tegra-pmc 7000e400.pmc: i2c-thermtrip node not found, emergency thermal reset disabled.
[    3.893204] Serial: 8250/16550 driver, 4 ports, IRQ sharing disabled
[    3.902756] console [ttyS0] disabled
[    3.904600] 70006300.serial: ttyS0 at MMIO 0x70006300 (irq = 329, base_baud = 25500000) is a Tegra
[    3.913562] console [ttyS0] enabled
[    3.913562] console [ttyS0] enabled
[    3.919870] bootconsole [earlycon0] disabled
[    3.919870] bootconsole [earlycon0] disabled
[    3.930936] [drm] Initialized drm 1.1.0 20060810
[    3.936743] tegra-hdmi 54280000.hdmi: failed to get HDMI regulator
[    3.967491] loop: module loaded
[    4.016259] m25p80 spi32766.0: w25q32dw (4096 Kbytes)
[    4.025214] libphy: Fixed MDIO Bus: probed
[    4.029308] CAN device driver interface
[    4.033233] igb: Intel(R) Gigabit Ethernet Network Driver - version 5.3.0-k
[    4.040204] igb: Copyright (c) 2007-2014 Intel Corporation.
[    4.046169] pegasus: v0.9.3 (2013/04/25), Pegasus/Pegasus II USB Ethernet driver
[    4.053682] usbcore: registered new interface driver pegasus
[    4.059529] usbcore: registered new interface driver asix
[    4.065092] usbcore: registered new interface driver ax88179_178a
[    4.071295] usbcore: registered new interface driver cdc_ether
[    4.077322] usbcore: registered new interface driver smsc75xx
[    4.083224] usbcore: registered new interface driver smsc95xx
[    4.089130] usbcore: registered new interface driver net1080
[    4.094927] usbcore: registered new interface driver cdc_subset
[    4.100952] usbcore: registered new interface driver zaurus
[    4.106743] usbcore: registered new interface driver cdc_ncm
[    4.112849] ehci_hcd: USB 2.0 'Enhanced' Host Controller (EHCI) Driver
[    4.119389] ehci-pci: EHCI PCI platform driver
[    4.123969] tegra-ehci: Tegra EHCI driver
[    4.128861] usbcore: registered new interface driver cdc_acm
[    4.134541] cdc_acm: USB Abstract Control Model driver for USB modems and ISDN adapters
[    4.142656] usbcore: registered new interface driver cdc_wdm
[    4.148506] usbcore: registered new interface driver usb-storage
[    4.155326] mousedev: PS/2 mouse device common for all mice
[    4.166218] palmas-rtc 7000d000.i2c:tps65913@58:rtc: rtc core: registered 7000d000.i2c:tps659 as rtc0
[    4.177298] tegra_rtc 7000e000.rtc: rtc core: registered 7000e000.rtc as rtc1
[    4.184640] tegra_rtc 7000e000.rtc: Tegra internal Real Time Clock
[    4.191197] i2c /dev entries driver
[    4.196345] usbcore: registered new interface driver uvcvideo
[    4.202082] USB Video Class driver (1.1.1)
[    4.206221] gspca_main: v2.14.0 registered
[    4.210963] sbs-battery 0-000b: sbs_probe: Failed to get device status
[    4.217524] sbs-battery: probe of 0-000b failed with error -121
[    4.229912] tegra-wdt 60005000.timer: initialized (heartbeat = 120 sec, nowayout = 0)
[    4.238559] sdhci: Secure Digital Host Controller Interface driver
[    4.244829] sdhci: Copyright(c) Pierre Ossman
[    4.249176] sdhci-pltfm: SDHCI platform and OF driver helper
[    4.255211] sdhci-tegra 78000400.sdhci: Got CD GPIO
[    4.260102] sdhci-tegra 78000400.sdhci: Got WP GPIO
[    4.266154] mmc0: Invalid maximum block size, assuming 512 bytes
[    4.334096] mmc0: SDHCI controller on 78000400.sdhci [78000400.sdhci] using ADMA
[    4.346757] mmc1: Invalid maximum block size, assuming 512 bytes
[    4.423914] mmc1: SDHCI controller on 78000600.sdhci [78000600.sdhci] using ADMA
[    4.441235] usbcore: registered new interface driver usbhid
[    4.448776] usbhid: USB HID core driver
[    4.480407] mmc0: new high speed SDHC card at address aaaa
[    4.486926] mmcblk0: mmc0:aaaa SL16G 14.8 GiB 
[    4.508390]  mmcblk0: p1 p2 p3
[    4.511989] mmc1: new high speed MMC card at address 0001
[    4.518880] mmcblk1: mmc1:0001 SEM32G 29.1 GiB 
[    4.524965] mmcblk1boot0: mmc1:0001 SEM32G partition 1 4.00 MiB
[    4.531316] mmcblk1boot1: mmc1:0001 SEM32G partition 2 4.00 MiB
[    4.537717] mmcblk1rpmb: mmc1:0001 SEM32G partition 3 4.00 MiB
[    4.546660]  mmcblk1: p1 p2 p3 p4 p5 p6 p7 p8
[    4.906954] tegra30-i2s 70080400.i2s: DMA channels sourced from device 70080000.ahub
[    4.924805] tegra-snd-rt5640 sound: rt5640-aif1 <-> 70080400.i2s mapping ok
[    4.937382] input: NVIDIA Tegra Dalmore Headphones as /devices/soc0/sound/sound/card0/input0
[    5.223891] NET: Registered protocol family 10
[    5.383887] mip6: Mobile IPv6
[    5.386856] sit: IPv6, IPv4 and MPLS over IPv4 tunneling driver
[    5.395972] NET: Registered protocol family 17
[    5.400447] NET: Registered protocol family 15
[    5.404905] can: controller area network core (rev 20120528 abi 9)
[    5.443972] NET: Registered protocol family 29
[    5.448412] can: raw protocol (rev 20120528)
[    5.452676] can: broadcast manager protocol (rev 20160617 t)
[    5.458389] can: netlink gateway (rev 20130117) max_hops=1
[    5.503977] Bluetooth: RFCOMM socket layer initialized
[    5.509125] Bluetooth: RFCOMM ver 1.11
[    5.512879] Bluetooth: BNEP (Ethernet Emulation) ver 1.3
[    5.518245] Bluetooth: BNEP socket layer initialized
[    5.523202] Bluetooth: HIDP (Human Interface Emulation) ver 1.2
[    5.529144] Bluetooth: HIDP socket layer initialized
[    5.534437] Key type dns_resolver registered
[    5.540015] Registering SWP/SWPB emulation handler
[    5.547331] usb1_vbus: supplied by vdd-sys-5v0
[    5.552732] usb2_vbus: supplied by vdd-sys-5v0
[    5.559247] VDD_5V0_HDMI_CON: supplied by vdd-sys-5v0
[    5.569668] [drm] Supports vblank timestamp caching Rev 2 (21.10.2013).
[    5.576391] [drm] No driver support for vblank timestamp query.
[    5.644124] Console: switching to colour frame buffer device 240x75
[    5.671674] drm drm: fb0:  frame buffer device
[    5.713970] [drm] Initialized tegra 0.0.0 20120330 on minor 0
[    5.723411] tegra-ehci 7d008000.usb: EHCI Host Controller
[    5.728919] tegra-ehci 7d008000.usb: new USB bus registered, assigned bus number 1
[    5.736898] tegra-ehci 7d008000.usb: irq 339, io mem 0x7d008000
[    5.763970] tegra-ehci 7d008000.usb: USB 2.0 started, EHCI 1.10
[    5.771984] hub 1-0:1.0: USB hub found
[    5.775942] hub 1-0:1.0: 1 port detected
[    5.782171] input: gpio-keys as /devices/soc0/gpio-keys/input/input1
[    5.791168] palmas-rtc 7000d000.i2c:tps65913@58:rtc: setting system clock to 2000-07-08 17:03:16 UTC (963075796)
[    5.820705] dvdd_ts: disabling
[    5.823783] usb1_vbus: disabling
[    5.827051] vdd_cam_1v8_reg: disabling
[    5.831074] ALSA device list:
[    5.834053]   #0: NVIDIA Tegra Dalmore
[    5.838999] EXT4-fs (mmcblk1p1): mounting ext3 file system using the ext4 subsystem
[    5.904575] EXT4-fs (mmcblk1p1): recovery complete
[    5.909396] EXT4-fs (mmcblk1p1): mounted filesystem with ordered data mode. Opts: (null)
[    5.917595] VFS: Mounted root (ext3 filesystem) on device 179:17.
[    5.929281] devtmpfs: mounted
[    5.933291] Freeing unused kernel memory: 1024K (c0c00000 - c0d00000)
bash: cannot set terminal process group (-1): Inappropriate ioctl for device
bash: no job control in this shell
root@(none):/# [    6.144000] usb 1-1: new high-speed USB device number 2 using tegra-ehci
mount -t sysfs none /sys
root@(none):/# 
root@(none):/# mount -t debugfs none /sys/kernel/debug
root@(none):/# 
root@(none):/# rtcwake -d rtc1 -m mem -s 3
rtcwake: assuming RTC uses UTC ...
rtcwake: wakeup from "mem" using /dev/rtc1 at Thu Jan  1 00:00:23 1970
[    9.301061] PM: Syncing filesystems ... done.
[    9.325544] Freezing user space processes ... (elapsed 0.001 seconds) done.
[    9.326928] Freezing remaining freezable tasks ... (elapsed 0.001 seconds) done.
[    9.326932] Suspending console(s) (use no_console_suspend to debug)
[    9.352565] asix 1-1:1.0 eth0: Failed to read reg index 0x0000: -19
[    9.352573] asix 1-1:1.0 eth0: Error reading Medium Status register: ffffffed
[    9.352582] asix 1-1:1.0 eth0: Failed to write reg index 0x0000: -19
[    9.352590] asix 1-1:1.0 eth0: Failed to write Medium Mode mode to 0xfeed: ffffffed
[    9.435950] PM: suspend of devices complete after 83.577 msecs
[    9.437919] PM: late suspend of devices complete after 1.952 msecs
[    9.439504] PM: noirq suspend of devices complete after 1.573 msecs
[    9.439509] Disabling non-boot CPUs ...
[    9.473984] span: 0,2-3 (max cpu_capacity = 1024)
[    9.474702] CPU1: shutdown
[    9.573964] span: 0,3 (max cpu_capacity = 1024)
[    9.574322] IRQ17 no longer affine to CPU2
[    9.574688] CPU2: shutdown
[    9.673967] span: 0 (max cpu_capacity = 1024)
[    9.674744] CPU3: shutdown
[    9.726784] Entering suspend state LP1
[    9.726784] Suspended for 6.853 seconds
[    9.726830] Enabling non-boot CPUs ...
[    9.757057] span: 0-1 (max cpu_capacity = 1024)
[    9.757228] CPU1 is up
[    9.797630] span: 0-2 (max cpu_capacity = 1024)
[    9.797799] CPU2 is up
[    9.838347] span: 0-3 (max cpu_capacity = 1024)
[    9.838541] CPU3 is up
[    9.839759] PM: noirq resume of devices complete after 1.207 msecs
[    9.841950] PM: early resume of devices complete after 1.553 msecs
[   10.427233] PM: resume of devices complete after 585.264 msecs
[   10.554268] Restarting tasks ... done.
root@(none):/# 
root@(none):/# rtcwake -d rtc1 -m mem -s 3
rtcwake: assuming RTC uses UTC ...
rtcwake: wakeup from "mem" using /dev/rtc1 at Thu Jan  1 00:00:32 1970
[   11.482097] PM: Syncing filesystems ... done.
[   11.495700] Freezing user space processes ... (elapsed 0.001 seconds) done.
[   11.497197] Freezing remaining freezable tasks ... (elapsed 0.001 seconds) done.
[   11.497202] Suspending console(s) (use no_console_suspend to debug)
[   11.531173] asix 1-1:1.0 eth0: Failed to read reg index 0x0000: -19
[   11.531182] asix 1-1:1.0 eth0: Error reading Medium Status register: ffffffed
[   11.531191] asix 1-1:1.0 eth0: Failed to write reg index 0x0000: -19
[   11.531198] asix 1-1:1.0 eth0: Failed to write Medium Mode mode to 0xfeed: ffffffed
[   11.616127] PM: suspend of devices complete after 85.170 msecs
[   11.618039] PM: late suspend of devices complete after 1.895 msecs
[   11.619676] PM: noirq suspend of devices complete after 1.625 msecs
[   11.619680] Disabling non-boot CPUs ...
[   11.653947] span: 0,2-3 (max cpu_capacity = 1024)
[   11.654318] IRQ17 no longer affine to CPU1
[   11.654675] CPU1: shutdown
[   11.763907] span: 0,3 (max cpu_capacity = 1024)
[   11.764605] CPU2: shutdown
[   11.863890] span: 0 (max cpu_capacity = 1024)
[   11.864523] CPU3: shutdown
[   11.916422] Entering suspend state LP1
[   11.916422] Suspended for 8.394 seconds
[   11.916468] Enabling non-boot CPUs ...
[   11.946994] span: 0-1 (max cpu_capacity = 1024)
[   11.947167] CPU1 is up
[   11.987583] span: 0-2 (max cpu_capacity = 1024)
[   11.987759] CPU2 is up
[   12.028279] span: 0-3 (max cpu_capacity = 1024)
[   12.028472] CPU3 is up
[   12.029715] PM: noirq resume of devices complete after 1.231 msecs
[   12.032120] PM: early resume of devices complete after 1.760 msecs
[   12.617119] PM: resume of devices complete after 584.982 msecs
[   12.744161] Restarting tasks ... done.
root@(none):/# 
root@(none):/# rtcwake -d rtc1 -m mem -s 3
rtcwake: assuming RTC uses UTC ...
rtcwake: wakeup from "mem" using /dev/rtc1 at Thu Jan  1 00:00:43 1970
[   14.082635] PM: Syncing filesystems ... done.
[   14.105465] Freezing user space processes ... (elapsed 0.001 seconds) done.
[   14.106875] Freezing remaining freezable tasks ... (elapsed 0.001 seconds) done.
[   14.106880] Suspending console(s) (use no_console_suspend to debug)
[   14.132471] asix 1-1:1.0 eth0: Failed to read reg index 0x0000: -19
[   14.132481] asix 1-1:1.0 eth0: Error reading Medium Status register: ffffffed
[   14.132493] asix 1-1:1.0 eth0: Failed to write reg index 0x0000: -19
[   14.132502] asix 1-1:1.0 eth0: Failed to write Medium Mode mode to 0xfeed: ffffffed
[   14.216175] PM: suspend of devices complete after 83.892 msecs
[   14.218083] PM: late suspend of devices complete after 1.891 msecs
[   14.219720] PM: noirq suspend of devices complete after 1.626 msecs
[   14.219725] Disabling non-boot CPUs ...
[   14.253891] span: 0,2-3 (max cpu_capacity = 1024)
[   14.254617] CPU1: shutdown
[   14.353854] span: 0,3 (max cpu_capacity = 1024)
[   14.354562] CPU2: shutdown
[   14.453855] span: 0 (max cpu_capacity = 1024)
[   14.454461] CPU3: shutdown
[   14.506530] Entering suspend state LP1
[   14.506530] Suspended for 7.993 seconds
[   14.506575] Enabling non-boot CPUs ...
[   14.536968] span: 0-1 (max cpu_capacity = 1024)
[   14.537134] CPU1 is up
[   14.577535] span: 0-2 (max cpu_capacity = 1024)
[   14.577717] CPU2 is up
[   14.618247] span: 0-3 (max cpu_capacity = 1024)
[   14.618436] CPU3 is up
[   14.619445] PM: noirq resume of devices complete after 0.998 msecs
[   14.621546] PM: early resume of devices complete after 1.464 msecs
[   15.207852] PM: resume of devices complete after 586.288 msecs
[   15.330770] Restarting tasks ... done.
root@(none):/# 
root@(none):/# rtcwake -d rtc1 -m mem -s 3
rtcwake: assuming RTC uses UTC ...
rtcwake: wakeup from "mem" using /dev/rtc1 at Thu Jan  1 00:00:53 1970
[   16.090354] PM: Syncing filesystems ... done.
[   16.115409] Freezing user space processes ... (elapsed 0.001 seconds) done.
[   16.116820] Freezing remaining freezable tasks ... (elapsed 0.001 seconds) done.
[   16.116824] Suspending console(s) (use no_console_suspend to debug)
[   16.140379] asix 1-1:1.0 eth0: Failed to read reg index 0x0000: -19
[   16.140388] asix 1-1:1.0 eth0: Error reading Medium Status register: ffffffed
[   16.140398] asix 1-1:1.0 eth0: Failed to write reg index 0x0000: -19
[   16.140406] asix 1-1:1.0 eth0: Failed to write Medium Mode mode to 0xfeed: ffffffed
[   16.225532] PM: suspend of devices complete after 85.336 msecs
[   16.227439] PM: late suspend of devices complete after 1.891 msecs
[   16.229082] PM: noirq suspend of devices complete after 1.632 msecs
[   16.229088] Disabling non-boot CPUs ...
[   16.263816] span: 0,2-3 (max cpu_capacity = 1024)
[   16.264527] CPU1: shutdown
[   16.373799] span: 0,3 (max cpu_capacity = 1024)
[   16.374503] CPU2: shutdown
[   16.473799] span: 0 (max cpu_capacity = 1024)
[   16.474058] IRQ17 no longer affine to CPU3
[   16.474419] CPU3: shutdown
[   16.526482] Entering suspend state LP1
[   16.526482] Suspended for 6.813 seconds
[   16.526528] Enabling non-boot CPUs ...
[   16.556898] span: 0-1 (max cpu_capacity = 1024)
[   16.557071] CPU1 is up
[   16.597478] span: 0-2 (max cpu_capacity = 1024)
[   16.597647] CPU2 is up
[   16.638189] span: 0-3 (max cpu_capacity = 1024)
[   16.638379] CPU3 is up
[   16.639343] PM: noirq resume of devices complete after 0.954 msecs
[   16.641549] PM: early resume of devices complete after 1.545 msecs
[   17.225958] PM: resume of devices complete after 584.391 msecs
[   17.353013] Restarting tasks ... done.
root@(none):/# 
root@(none):/# rtcwake -d rtc1 -m mem -s 3
rtcwake: assuming RTC uses UTC ...
rtcwake: wakeup from "mem" using /dev/rtc1 at Thu Jan  1 00:01:02 1970
[   18.294455] PM: Syncing filesystems ... done.
[   18.315358] Freezing user space processes ... (elapsed 0.001 seconds) done.
[   18.316784] Freezing remaining freezable tasks ... (elapsed 0.001 seconds) done.
[   18.316788] Suspending console(s) (use no_console_suspend to debug)
[   18.344360] asix 1-1:1.0 eth0: Failed to read reg index 0x0000: -19
[   18.344371] asix 1-1:1.0 eth0: Error reading Medium Status register: ffffffed
[   18.344380] asix 1-1:1.0 eth0: Failed to write reg index 0x0000: -19
[   18.344388] asix 1-1:1.0 eth0: Failed to write Medium Mode mode to 0xfeed: ffffffed
[   18.426063] PM: suspend of devices complete after 81.928 msecs
[   18.428048] PM: late suspend of devices complete after 1.969 msecs
[   18.429673] PM: noirq suspend of devices complete after 1.614 msecs
[   18.429678] Disabling non-boot CPUs ...
[   18.483759] span: 0,2-3 (max cpu_capacity = 1024)
[   18.484465] CPU1: shutdown
[   18.603744] span: 0,3 (max cpu_capacity = 1024)
[   18.604460] CPU2: shutdown
[   18.683723] span: 0 (max cpu_capacity = 1024)
[   18.684364] CPU3: shutdown
[   18.736229] Entering suspend state LP1
[   18.736229] Suspended for 8.373 seconds
[   18.736274] Enabling non-boot CPUs ...
[   18.766842] span: 0-1 (max cpu_capacity = 1024)
[   18.767015] CPU1 is up
[   18.807423] span: 0-2 (max cpu_capacity = 1024)
[   18.807594] CPU2 is up
[   18.848117] span: 0-3 (max cpu_capacity = 1024)
[   18.848305] CPU3 is up
[   18.849282] PM: noirq resume of devices complete after 0.966 msecs
[   18.851406] PM: early resume of devices complete after 1.474 msecs
[   19.436001] PM: resume of devices complete after 584.576 msecs
[   19.558821] Restarting tasks ... done.
root@(none):/# 
root@(none):/# rtcwake -d rtc1 -m mem -s 3
rtcwake: assuming RTC uses UTC ...
rtcwake: wakeup from "mem" using /dev/rtc1 at Thu Jan  1 00:01:13 1970
[   20.911911] PM: Syncing filesystems ... done.
[   20.935305] Freezing user space processes ... (elapsed 0.001 seconds) done.
[   20.936723] Freezing remaining freezable tasks ... (elapsed 0.001 seconds) done.
[   20.936728] Suspending console(s) (use no_console_suspend to debug)
[   20.961540] asix 1-1:1.0 eth0: Failed to read reg index 0x0000: -19
[   20.961549] asix 1-1:1.0 eth0: Error reading Medium Status register: ffffffed
[   20.961558] asix 1-1:1.0 eth0: Failed to write reg index 0x0000: -19
[   20.961565] asix 1-1:1.0 eth0: Failed to write Medium Mode mode to 0xfeed: ffffffed
[   21.035547] PM: suspend of devices complete after 74.195 msecs
[   21.037497] PM: late suspend of devices complete after 1.933 msecs
[   21.039108] PM: noirq suspend of devices complete after 1.600 msecs
[   21.039112] Disabling non-boot CPUs ...
[   21.073709] span: 0,2-3 (max cpu_capacity = 1024)
[   21.074412] CPU1: shutdown
[   21.173696] span: 0,3 (max cpu_capacity = 1024)
[   21.174400] CPU2: shutdown
[   21.273687] span: 0 (max cpu_capacity = 1024)
[   21.273941] IRQ17 no longer affine to CPU3
[   21.274306] CPU3: shutdown
[   21.326295] Entering suspend state LP1
[   21.326295] Suspended for 7.993 seconds
[   21.326341] Enabling non-boot CPUs ...
[   21.356799] span: 0-1 (max cpu_capacity = 1024)
[   21.356972] CPU1 is up
[   21.397368] span: 0-2 (max cpu_capacity = 1024)
[   21.397539] CPU2 is up
[   21.438088] span: 0-3 (max cpu_capacity = 1024)
[   21.438271] CPU3 is up
[   21.439258] PM: noirq resume of devices complete after 0.977 msecs
[   21.441515] PM: early resume of devices complete after 1.609 msecs
[   22.026341] PM: resume of devices complete after 584.809 msecs
[   22.153321] Restarting tasks ... done.
root@(none):/# 
root@(none):/# rtcwake -d rtc1 -m mem -s 3
rtcwake: assuming RTC uses UTC ...
rtcwake: wakeup from "mem" using /dev/rtc1 at Thu Jan  1 00:01:23 1970
[   22.910334] PM: Syncing filesystems ... done.
[   22.935249] Freezing user space processes ... (elapsed 0.001 seconds) done.
[   22.936665] Freezing remaining freezable tasks ... (elapsed 0.001 seconds) done.
[   22.936670] Suspending console(s) (use no_console_suspend to debug)
[   22.960189] asix 1-1:1.0 eth0: Failed to read reg index 0x0000: -19
[   22.960197] asix 1-1:1.0 eth0: Error reading Medium Status register: ffffffed
[   22.960209] asix 1-1:1.0 eth0: Failed to write reg index 0x0000: -19
[   22.960217] asix 1-1:1.0 eth0: Failed to write Medium Mode mode to 0xfeed: ffffffed
[   23.045909] PM: suspend of devices complete after 85.895 msecs
[   23.047648] PM: late suspend of devices complete after 1.722 msecs
[   23.049305] PM: noirq suspend of devices complete after 1.648 msecs
[   23.049310] Disabling non-boot CPUs ...
[   23.083656] span: 0,2-3 (max cpu_capacity = 1024)
[   23.084376] CPU1: shutdown
[   23.183631] span: 0,3 (max cpu_capacity = 1024)
[   23.183975] IRQ17 no longer affine to CPU2
[   23.184345] CPU2: shutdown
[   23.283634] span: 0 (max cpu_capacity = 1024)
[   23.284248] CPU3: shutdown
[   23.336248] Entering suspend state LP1
[   23.336248] Suspended for 6.823 seconds
[   23.336293] Enabling non-boot CPUs ...
[   23.366729] span: 0-1 (max cpu_capacity = 1024)
[   23.366905] CPU1 is up
[   23.407313] span: 0-2 (max cpu_capacity = 1024)
[   23.407484] CPU2 is up
[   23.448031] span: 0-3 (max cpu_capacity = 1024)
[   23.448222] CPU3 is up
[   23.449198] PM: noirq resume of devices complete after 0.966 msecs
[   23.451309] PM: early resume of devices complete after 1.455 msecs
[   24.036190] PM: resume of devices complete after 584.864 msecs
[   24.163245] Restarting tasks ... done.
root@(none):/# 
root@(none):/# rtcwake -d rtc1 -m mem -s 3
rtcwake: assuming RTC uses UTC ...
rtcwake: wakeup from "mem" using /dev/rtc1 at Thu Jan  1 00:01:32 1970
[   25.102688] PM: Syncing filesystems ... done.
[   25.125195] Freezing user space processes ... (elapsed 0.001 seconds) done.
[   25.126617] Freezing remaining freezable tasks ... (elapsed 0.001 seconds) done.
[   25.126621] Suspending console(s) (use no_console_suspend to debug)
[   25.152564] asix 1-1:1.0 eth0: Failed to read reg index 0x0000: -19
[   25.152573] asix 1-1:1.0 eth0: Error reading Medium Status register: ffffffed
[   25.152586] asix 1-1:1.0 eth0: Failed to write reg index 0x0000: -19
[   25.152593] asix 1-1:1.0 eth0: Failed to write Medium Mode mode to 0xfeed: ffffffed
[   25.235566] PM: suspend of devices complete after 83.184 msecs
[   25.237553] PM: late suspend of devices complete after 1.970 msecs
[   25.239255] PM: noirq suspend of devices complete after 1.691 msecs
[   25.239260] Disabling non-boot CPUs ...
[   25.273599] span: 0,2-3 (max cpu_capacity = 1024)
[   25.274321] CPU1: shutdown
[   25.373580] span: 0,3 (max cpu_capacity = 1024)
[   25.373931] IRQ17 no longer affine to CPU2
[   25.374296] CPU2: shutdown
[   25.483558] span: 0 (max cpu_capacity = 1024)
[   25.484189] CPU3: shutdown
[   25.536032] Entering suspend state LP1
[   25.536032] Suspended for 8.383 seconds
[   25.536079] Enabling non-boot CPUs ...
[   25.566688] span: 0-1 (max cpu_capacity = 1024)
[   25.566863] CPU1 is up
[   25.607275] span: 0-2 (max cpu_capacity = 1024)
[   25.607445] CPU2 is up
[   25.647978] span: 0-3 (max cpu_capacity = 1024)
[   25.648160] CPU3 is up
[   25.649151] PM: noirq resume of devices complete after 0.980 msecs
[   25.651517] PM: early resume of devices complete after 1.730 msecs
[   26.242944] PM: resume of devices complete after 591.410 msecs
[   26.369997] Restarting tasks ... done.
root@(none):/# 
root@(none):/# rtcwake -d rtc1 -m mem -s 3
rtcwake: assuming RTC uses UTC ...
rtcwake: wakeup from "mem" using /dev/rtc1 at Thu Jan  1 00:01:43 1970
[   27.711174] PM: Syncing filesystems ... done.
[   27.735142] Freezing user space processes ... (elapsed 0.001 seconds) done.
[   27.736563] Freezing remaining freezable tasks ... (elapsed 0.001 seconds) done.
[   27.736568] Suspending console(s) (use no_console_suspend to debug)
[   27.761071] asix 1-1:1.0 eth0: Failed to read reg index 0x0000: -19
[   27.761080] asix 1-1:1.0 eth0: Error reading Medium Status register: ffffffed
[   27.761093] asix 1-1:1.0 eth0: Failed to write reg index 0x0000: -19
[   27.761100] asix 1-1:1.0 eth0: Failed to write Medium Mode mode to 0xfeed: ffffffed
[   27.835427] PM: suspend of devices complete after 74.623 msecs
[   27.837206] PM: late suspend of devices complete after 1.761 msecs
[   27.838882] PM: noirq suspend of devices complete after 1.665 msecs
[   27.838887] Disabling non-boot CPUs ...
[   27.883537] span: 0,2-3 (max cpu_capacity = 1024)
[   27.884251] CPU1: shutdown
[   27.973526] span: 0,3 (max cpu_capacity = 1024)
[   27.973867] IRQ17 no longer affine to CPU2
[   27.974231] CPU2: shutdown
[   28.053502] span: 0 (max cpu_capacity = 1024)
[   28.054146] CPU3: shutdown
[   28.105963] Entering suspend state LP1
[   28.105963] Suspended for 8.013 seconds
[   28.106009] Enabling non-boot CPUs ...
[   28.136624] span: 0-1 (max cpu_capacity = 1024)
[   28.136796] CPU1 is up
[   28.177207] span: 0-2 (max cpu_capacity = 1024)
[   28.177377] CPU2 is up
[   28.217915] span: 0-3 (max cpu_capacity = 1024)
[   28.218139] CPU3 is up
[   28.219172] PM: noirq resume of devices complete after 1.022 msecs
[   28.221632] PM: early resume of devices complete after 1.814 msecs
[   28.804727] PM: resume of devices complete after 583.077 msecs
[   28.931773] Restarting tasks ... done.
root@(none):/# 
root@(none):/# rtcwake -d rtc1 -m mem -s 3
rtcwake: assuming RTC uses UTC ...
rtcwake: wakeup from "mem" using /dev/rtc1 at Thu Jan  1 00:01:53 1970
[   29.701714] PM: Syncing filesystems ... done.
[   29.725083] Freezing user space processes ... (elapsed 0.001 seconds) done.
[   29.726498] Freezing remaining freezable tasks ... (elapsed 0.001 seconds) done.
[   29.726503] Suspending console(s) (use no_console_suspend to debug)
[   29.751656] asix 1-1:1.0 eth0: Failed to read reg index 0x0000: -19
[   29.751669] asix 1-1:1.0 eth0: Error reading Medium Status register: ffffffed
[   29.751681] asix 1-1:1.0 eth0: Failed to write reg index 0x0000: -19
[   29.751688] asix 1-1:1.0 eth0: Failed to write Medium Mode mode to 0xfeed: ffffffed
[   29.825745] PM: suspend of devices complete after 74.285 msecs
[   29.827731] PM: late suspend of devices complete after 1.969 msecs
[   29.829337] PM: noirq suspend of devices complete after 1.595 msecs
[   29.829342] Disabling non-boot CPUs ...
[   29.863487] span: 0,2-3 (max cpu_capacity = 1024)
[   29.864205] CPU1: shutdown
[   29.963472] span: 0,3 (max cpu_capacity = 1024)
[   29.963824] IRQ17 no longer affine to CPU2
[   29.964195] CPU2: shutdown
[   30.063466] span: 0 (max cpu_capacity = 1024)
[   30.064075] CPU3: shutdown
[   30.116055] Entering suspend state LP1
[   30.116055] Suspended for 6.823 seconds
[   30.116101] Enabling non-boot CPUs ...
[   30.146579] span: 0-1 (max cpu_capacity = 1024)
[   30.146753] CPU1 is up
[   30.187306] span: 0-2 (max cpu_capacity = 1024)
[   30.187515] CPU2 is up
[   30.227863] span: 0-3 (max cpu_capacity = 1024)
[   30.228050] CPU3 is up
[   30.229066] PM: noirq resume of devices complete after 1.005 msecs
[   30.231272] PM: early resume of devices complete after 1.564 msecs
[   30.815486] PM: resume of devices complete after 584.196 msecs
[   30.942523] Restarting tasks ... done.
root@(none):/# 
root@(none):/# NVTB SYSTEM SUSPEND TEST COMPLETE
