

U-Boot 2015.04-00466-gedec83e90172 (Mar 14 2016 - 10:42:01)

TEGRA124
Model: Acer Chromebook 13 CB5-311
DRAM:  4 GiB
:   Tegra SD/MMC: 0, Tegra SD/MMC: 1, Tegra SD/MMC: 2
MMC init failed
Using default environment

In:    serial
Out:   serial
Err:   serial
Net:   Net Initialization Skipped
No ethernet found.
Hit any key to stop autoboot:  2  0 
Tegra124 (Nyan-big) # 
Tegra124 (Nyan-big) # usb start
starting USB...
USB0:   USB EHCI 1.10
scanning bus 0 for devices... 2 USB Device(s) found
USB1:   USB EHCI 1.10
scanning bus 1 for devices... 2 USB Device(s) found
       scanning usb for storage devices... 1 Storage Device(s) found
       scanning usb for ethernet devices... 
Warning: asx0 using MAC address from net device
1 Ethernet Device(s) found
Tegra124 (Nyan-big) # setenv bootargs 'ignore_loglevel console=ttyS0,115200n8 rw root=PARTUUID=4d36e82a-b3c0-4b4b-bfcd-afe5217ac023 rootwait gpt debug noinitrd earlyprintk init=/bin/bash'
Tegra124 (Nyan-big) # setenv ipaddr 192.168.100.102; setenv serverip 192.168.100.1; setenv tftpserverip 192.168.100.1
Tegra124 (Nyan-big) # tftpboot 0x82000000 zImage.tegra_defconfig
Using asx0 device
TFTP from server 192.168.100.1; our IP address is 192.168.100.102
Filename 'zImage.tegra_defconfig'.
Load address: 0x82000000
Loading: *#################################################################
	 #################################################################
	 #################################################################
	 #################################################################
	 #################################################################
	 #######################################################
	 2.8 MiB/s
done
Bytes transferred = 5575288 (551278 hex)
Tegra124 (Nyan-big) # tftpboot 0x83000000 tegra124-nyan-big.dtb
Using asx0 device
TFTP from server 192.168.100.1; our IP address is 192.168.100.102
Filename 'tegra124-nyan-big.dtb'.
Load address: 0x83000000
Loading: *#####
	 2.7 MiB/s
done
Bytes transferred = 66901 (10555 hex)
Tegra124 (Nyan-big) # bootz 0x82000000 - 0x83000000
Kernel image @ 0x82000000 [ 0x000000 - 0x551278 ]
## Flattened Device Tree blob at 83000000
   Booting using the fdt blob at 0x83000000
   Using Device Tree in place at 83000000, end 83013554

Starting kernel ...

[    2.525532] console [ttyS0] enabled
[    2.529008] bootconsole [earlycon0] disabled
[    2.534276] [drm] Initialized drm 1.1.0 20060810
[    2.539596] tegra-hdmi 54280000.hdmi: failed to get HDMI regulator
[    2.546190] tegra-dpaux 545c0000.dpaux: failed to get VDD supply: -517
[    2.553456] panel supply power not found, using dummy regulator
[    2.564858] loop: module loaded
[    2.568606] as3722 4-0040: AS3722 with revision 0x1 found
[    2.578706] as3722-sd2: supplied by +5V_SYS
[    2.583210] as3722-sd3: supplied by +5V_SYS
[    2.587571] +1.35V_LP0(sd3): Bringing 0uV into 1350000-1350000uV
[    2.593835] as3722-sd4: supplied by +5V_SYS
[    2.598180] +1.05V_RUN: Bringing 0uV into 1050000-1050000uV
[    2.604004] as3722-sd5: supplied by +5V_SYS
[    2.609801] as3722-ldo0: supplied by +1.35V_LP0(sd2)
[    2.615632] +1.8V_RUN_CAM: Bringing 0uV into 1800000-1800000uV
[    2.621746] as3722-ldo2: supplied by +1.8V_VDDIO
[    2.627473] as3722-ldo3: supplied by +3.3V_SYS
[    2.631924] +1.00V_LP0_VDD_RTC: Bringing 1100000uV into 1000000-1000000uV
[    2.639592] as3722-ldo4: supplied by +3.3V_SYS
[    2.644192] +3.3V_RUN_CAM: Bringing 0uV into 2800000-2800000uV
[    2.650309] as3722-ldo5: supplied by +1.8V_VDDIO
[    2.655093] +1.2V_RUN_CAM_FRONT: Bringing 0uV into 1200000-1200000uV
[    2.661871] +VDDIO_SDMMC3: Bringing 0uV into 1800000-1800000uV
[    2.668007] as3722-ldo7: supplied by +1.8V_VDDIO
[    2.672780] +1.05V_RUN_CAM_REAR: Bringing 0uV into 1050000-1050000uV
[    2.679430] as3722-ldo9: supplied by +5V_SYS
[    2.684001] +2.8V_RUN_TOUCH: Bringing 0uV into 2800000-2800000uV
[    2.690302] as3722-ldo10: supplied by +5V_SYS
[    2.694822] +2.8V_RUN_CAM_AF: Bringing 0uV into 2800000-2800000uV
[    2.701362] +1.8V_RUN_VPP_FUSE: Bringing 0uV into 1800000-1800000uV
[    2.741669] cros-ec-spi spi32766.0: Chrome EC device registered
[    2.757083] m25p80 spi32765.0: w25q32dw (4096 Kbytes)
[    2.763303] CAN device driver interface
[    2.767180] igb: Intel(R) Gigabit Ethernet Network Driver - version 5.3.0-k
[    2.774122] igb: Copyright (c) 2007-2014 Intel Corporation.
[    2.779810] pegasus: v0.9.3 (2013/04/25), Pegasus/Pegasus II USB Ethernet driver
[    2.787252] usbcore: registered new interface driver pegasus
[    2.792948] usbcore: registered new interface driver asix
[    2.798389] usbcore: registered new interface driver ax88179_178a
[    2.804504] usbcore: registered new interface driver cdc_ether
[    2.810394] usbcore: registered new interface driver smsc75xx
[    2.816187] usbcore: registered new interface driver smsc95xx
[    2.821955] usbcore: registered new interface driver net1080
[    2.827644] usbcore: registered new interface driver cdc_subset
[    2.833588] usbcore: registered new interface driver zaurus
[    2.839214] usbcore: registered new interface driver cdc_ncm
[    2.844969] ehci_hcd: USB 2.0 'Enhanced' Host Controller (EHCI) Driver
[    2.851479] ehci-pci: EHCI PCI platform driver
[    2.855955] tegra-ehci: Tegra EHCI driver
[    2.860290] usbcore: registered new interface driver cdc_acm
[    2.865941] cdc_acm: USB Abstract Control Model driver for USB modems and ISDN adapters
[    2.873968] usbcore: registered new interface driver cdc_wdm
[    2.879673] usbcore: registered new interface driver usb-storage
[    2.885936] mousedev: PS/2 mouse device common for all mice
[    2.891798] input: cros_ec as /devices/soc0/7000d400.spi/spi_master/spi32766/spi32766.0/7000d400.spi:cros-ec@0:keyboard-controller/input/input0
[    2.906839] as3722-rtc as3722-rtc: rtc core: registered as3722-rtc as rtc0
[    2.913696] as3722-rtc as3722-rtc: RTC interrupt 370
[    2.920517] tegra_rtc 7000e000.rtc: rtc core: registered 7000e000.rtc as rtc1
[    2.927673] tegra_rtc 7000e000.rtc: Tegra internal Real Time Clock
[    2.933973] i2c /dev entries driver
[    2.938233] usbcore: registered new interface driver uvcvideo
[    2.943963] USB Video Class driver (1.1.1)
[    2.948054] gspca_main: v2.14.0 registered
[    2.952430] 0-004c supply vcc not found, using dummy regulator
[    2.960205] tegra-wdt 60005000.timer: initialized (heartbeat = 120 sec, nowayout = 0)
[    2.968624] sdhci: Secure Digital Host Controller Interface driver
[    2.974797] sdhci: Copyright(c) Pierre Ossman
[    2.979140] sdhci-pltfm: SDHCI platform and OF driver helper
[    2.984935] sdhci-tegra 700b0000.sdhci: allocated mmc-pwrseq
[    2.990595] mmc0: Unknown controller version (3). You may experience problems.
[    2.997981] sdhci-tegra 700b0400.sdhci: Got CD GPIO
[    3.002851] sdhci-tegra 700b0400.sdhci: Got WP GPIO
[    3.007750] mmc0: Unknown controller version (3). You may experience problems.
[    3.015097] mmc0: Unknown controller version (3). You may experience problems.
[    3.022335] mmc0: Invalid maximum block size, assuming 512 bytes
[    3.064613] mmc0: SDHCI controller on 700b0600.sdhci [700b0600.sdhci] using ADMA 64-bit
[    3.072964] usbcore: registered new interface driver usbhid
[    3.078556] usbhid: USB HID core driver
[    3.090814] tegra30-i2s 70301100.i2s: DMA channels sourced from device 70300000.ahub
[    3.135088] max98090 0-0010: MAX98090 REVID=0x43
[    3.141554] max98090 0-0010: use default 2.8v micbias
[    3.149202] tegra-snd-max98090 sound: HiFi <-> 70301100.i2s mapping ok
[    3.155764] mmc0: new high speed MMC card at address 0001
[    3.157329] input: GoogleNyanBig Headphones as /devices/soc0/sound/sound/card1/input1
[    3.157664] input: GoogleNyanBig Mic Jack as /devices/soc0/sound/sound/card1/input2
[    3.177023] mmcblk0: mmc0:0001 MMC16G 14.4 GiB 
[    3.181710] mmcblk0boot0: mmc0:0001 MMC16G partition 1 2.00 MiB
[    3.187776] mmcblk0boot1: mmc0:0001 MMC16G partition 2 2.00 MiB
[    3.193820] mmcblk0rpmb: mmc0:0001 MMC16G partition 3 128 KiB
[    3.202570]  mmcblk0: p1 p2 p3 p4 p5 p6 p7 p8 p9 p10 p11 p12
[    3.384611] NET: Registered protocol family 10
[    3.504623] mip6: Mobile IPv6
[    3.507582] sit: IPv6 over IPv4 tunneling driver
[    3.513248] NET: Registered protocol family 17
[    3.517717] NET: Registered protocol family 15
[    3.522147] can: controller area network core (rev 20120528 abi 9)
[    3.554802] NET: Registered protocol family 29
[    3.559233] can: raw protocol (rev 20120528)
[    3.563490] can: broadcast manager protocol (rev 20160617 t)
[    3.569149] can: netlink gateway (rev 20130117) max_hops=1
[    3.595236] input: tegra-hda HDMI/DP,pcm=3 as /devices/soc0/70030000.hda/sound/card0/input3
[    3.614662] Bluetooth: RFCOMM socket layer initialized
[    3.619791] Bluetooth: RFCOMM ver 1.11
[    3.623532] Bluetooth: BNEP (Ethernet Emulation) ver 1.3
[    3.628843] Bluetooth: BNEP socket layer initialized
[    3.633792] Bluetooth: HIDP (Human Interface Emulation) ver 1.2
[    3.639706] Bluetooth: HIDP socket layer initialized
[    3.644800] Key type dns_resolver registered
[    3.649523] Registering SWP/SWPB emulation handler
[    3.655807] +3.3V_RUN: supplied by +3.3V_SYS
[    3.660639] +3.3V_AVDD_HDMI_AP_GATED: supplied by +3.3V_RUN
[    3.666268] +1.8V_RUN_CAM: supplied by +3.3V_RUN
[    3.670912] +VDDIO_SDMMC3: supplied by +3.3V_RUN
[    3.675572] +1.8V_RUN_VPP_FUSE: supplied by +3.3V_RUN
[    3.680818] +VDD_LED: supplied by +VDD_MUX
[    3.685258] +5V_VDD_TS_SW: supplied by +5V_SYS
[    3.689902] +5V_USB_HS: supplied by +5V_SYS
[    3.694285] +5V_USB_SS: supplied by +5V_SYS
[    3.699523] +3.3V_PANEL: supplied by +3.3V_RUN
[    3.705035] +3.3V_LP0: supplied by +3.3V_SYS
[    3.710192] +1.05V_RUN_AVDD_HDMI_PLL: supplied by +1.05V_RUN
[    3.716109] +5V_HDMI_CON: supplied by +5V_SYS
[    3.721586] usb3-0 supply vbus not found, using dummy regulator
[    3.727659] usb3-1 supply vbus not found, using dummy regulator
[    3.736023] tegra-sor 54540000.sor: failed to probe output: -517
[    3.742231] panel supply power not found, using dummy regulator
[    3.805354] tegra-xusb 70090000.usb: Firmware timestamp: 2014-09-16 02:10:07 UTC
[    3.812763] tegra-xusb 70090000.usb: xHCI Host Controller
[    3.818191] tegra-xusb 70090000.usb: new USB bus registered, assigned bus number 1
[    3.827767] tegra-xusb 70090000.usb: hcc params 0x0184f525 hci version 0x100 quirks 0x00010010
[    3.836406] tegra-xusb 70090000.usb: irq 342, io mem 0x70090000
[    3.842965] hub 1-0:1.0: USB hub found
[    3.846746] hub 1-0:1.0: 6 ports detected
[    3.851480] tegra-xusb 70090000.usb: xHCI Host Controller
[    3.856917] tegra-xusb 70090000.usb: new USB bus registered, assigned bus number 2
[    3.864617] usb usb2: We don't know the algorithms for LPM for this host, disabling LPM.
[    3.873342] hub 2-0:1.0: USB hub found
[    3.877156] hub 2-0:1.0: 2 ports detected
[    3.882395] sdhci-tegra 700b0000.sdhci: allocated mmc-pwrseq
[    3.888124] mmc1: Unknown controller version (3). You may experience problems.
[    3.895557] mmc1: Invalid maximum block size, assuming 512 bytes
[    3.902127] +1.8V_VDDIO: voltage operation not allowed
[    3.907301] mmc1: Switching to 3.3V signalling voltage failed
[    3.944807] mmc1: SDHCI controller on 700b0000.sdhci [700b0000.sdhci] using ADMA 64-bit
[    3.953078] sdhci-tegra 700b0400.sdhci: Got CD GPIO
[    3.960011] sdhci-tegra 700b0400.sdhci: Got WP GPIO
[    3.967905] mmc2: Unknown controller version (3). You may experience problems.
[    3.975700] mmc2: Invalid maximum block size, assuming 512 bytes
[    4.015983] mmc1: new high speed SDIO card at address 0001
[    4.024754] mmc2: SDHCI controller on 700b0400.sdhci [700b0400.sdhci] using ADMA 64-bit
[    4.125473] [drm] Supports vblank timestamp caching Rev 2 (21.10.2013).
[    4.132082] [drm] No driver support for vblank timestamp query.
[    4.164666] usb 1-2: new high-speed USB device number 2 using tegra-xusb
[    4.177068] mmc2: new high speed SDHC card at address 0007
[    4.177776] mmcblk2: mmc2:0007 SD08G 7.42 GiB 
[    4.186370] GPT:Primary header alternate_lba != Alt. header my_lba
[    4.186373] GPT:3014591 != 15564799
[    4.186374] GPT:Primary header thinks Alt. header is not at the end of the disk.
[    4.186375] GPT:3014591 != 15564799
[    4.186376] GPT: Use GNU Parted to correct GPT errors.
[    4.186402]  mmcblk2: p1 p2 p3 p4 p5 p6 p7 p8 p9 p10 p11 p12
[    4.194026] Console: switching to colour frame buffer device 170x48
[    4.252130] drm drm: fb0:  frame buffer device
[    4.284704] [drm] Initialized tegra 0.0.0 20120330 on minor 0
[    4.291209] input: gpio-keys as /devices/soc0/gpio-keys/input/input4
[    4.298760] as3722-rtc as3722-rtc: setting system clock to 2000-01-01 00:00:24 UTC (946684824)
[    4.313043] +1.8V_RUN_CAM: disabling
[    4.316846] +1.2V_RUN_CAM_FRONT: disabling
[    4.321149] +1.05V_RUN_CAM_REAR: disabling
[    4.325479] +2.8V_RUN_TOUCH: disabling
[    4.329387] +2.8V_RUN_CAM_AF: disabling
[    4.333380] +1.8V_RUN_VPP_FUSE: disabling
[    4.337597] +5V_VDD_TS_SW: disabling
[    4.341357] ALSA device list:
[    4.344315]   #0: tegra-hda at 0x70038000 irq 341
[    4.349017]   #1: GoogleNyanBig
[    4.352973] EXT4-fs (mmcblk0p3): couldn't mount as ext3 due to feature incompatibilities
[    4.455093] uvcvideo: Found UVC 1.00 device HD WebCam (1bcf:2c67)
[    4.469977] input: HD WebCam as /devices/soc0/70090000.usb/usb1/1-2/1-2:1.0/input/input5
[    4.744966] EXT4-fs (mmcblk0p3): recovery complete
[    4.749752] EXT4-fs (mmcblk0p3): mounted filesystem with ordered data mode. Opts: (null)
[    4.754712] usb 1-3: new high-speed USB device number 3 using tegra-xusb
[    4.764585] VFS: Mounted root (ext4 filesystem) on device 179:3.
[    4.771812] devtmpfs: mounted
[    4.775253] Freeing unused kernel memory: 1024K (c0d00000 - c0e00000)
bash: cannot set terminal process group (-1): Inappropriate ioctl for device
bash: no job control in this shell
root@(none):/# [    5.747717] asix 1-3:1.0 eth0: register 'asix' at usb-70090000.usb-3, ASIX AX88772 USB 2.0 Ethernet, c8:d7:19:90:fa:65
[    6.034697] usb 1-1: new high-speed USB device number 4 using tegra-xusb
[    6.183290] usb-storage 1-1:1.0: USB Mass Storage device detected
[    6.190224] scsi host0: usb-storage 1-1:1.0
[    7.256613] scsi 0:0:0:0: Direct-Access     SanDisk  SDDR-113         9412 PQ: 0 ANSI: 0
[    7.429641] sd 0:0:0:0: [sda] 15523840 512-byte logical blocks: (7.95 GB/7.40 GiB)
[    7.438606] sd 0:0:0:0: [sda] Write Protect is off
[    7.443388] sd 0:0:0:0: [sda] Mode Sense: 03 00 00 00
[    7.449860] sd 0:0:0:0: [sda] No Caching mode page found
[    7.455218] sd 0:0:0:0: [sda] Assuming drive cache: write through
[    7.483769]  sda: sda1 sda2 sda3 sda4 sda5 sda6 sda7 sda8 sda9 sda10 sda11 sda12 sda13
[    7.498520] sd 0:0:0:0: [sda] Attached SCSI removable disk
mount -t sysfs none /sys
root@(none):/# 
root@(none):/# mount -t debugfs none /sys/kernel/debug
root@(none):/# 
root@(none):/# rtcwake -d rtc1 -m mem -s 3
rtcwake: assuming RTC uses UTC ...
rtcwake: wakeup from "mem" using /dev/rtc1 at Thu Jan  1 00:00:53 1970
[   31.826949] PM: Syncing filesystems ... done.
[   31.836300] Freezing user space processes ... (elapsed 0.001 seconds) done.
[   31.836338] Double checking all user space processes after OOM killer disable... (elapsed 0.000 seconds) 
[   31.837651] Freezing remaining freezable tasks ... (elapsed 0.001 seconds) done.
[   31.837654] Suspending console(s) (use no_console_suspend to debug)
[   32.056009] PM: suspend of devices complete after 188.126 msecs
[   32.057020] PM: late suspend of devices complete after 1.003 msecs
[   32.057805] PM: noirq suspend of devices complete after 0.781 msecs
[   32.057807] Disabling non-boot CPUs ...
[   32.094952] CPU1: shutdown
[   32.185018] CPU2: shutdown
[   32.254970] CPU3: shutdown
[   32.285439] Entering suspend state LP1
[   32.285465] Enabling non-boot CPUs ...
[   32.335766] CPU1 is up
[   32.385944] CPU2 is up
[   32.436164] CPU3 is up
[   32.436679] PM: noirq resume of devices complete after 0.511 msecs
[   32.438047] PM: early resume of devices complete after 0.863 msecs
[   32.469732] +1.8V_VDDIO: voltage operation not allowed
[   32.469735] mmc1: Switching to 3.3V signalling voltage failed
[   32.605029] PM: resume of devices complete after 166.974 msecs
[   32.679829] Restarting tasks ... done.
root@(none):/# 
root@(none):/# rtcwake -d rtc1 -m mem -s 3
rtcwake: assuming RTC uses UTC ...
rtcwake: wakeup from "mem" using /dev/rtc1 at Thu Jan  1 00:00:58 1970
[   33.965193] PM: Syncing filesystems ... done.
[   33.974869] Freezing user space processes ... (elapsed 0.001 seconds) done.
[   33.983054] Double checking all user space processes after OOM killer disable... (elapsed 0.000 seconds) 
[   33.992712] Freezing remaining freezable tasks ... (elapsed 0.001 seconds) done.
[   34.001345] Suspending console(s) (use no_console_suspend to debug)
[   34.196038] PM: suspend of devices complete after 187.837 msecs
[   34.197229] PM: late suspend of devices complete after 1.182 msecs
[   34.198031] PM: noirq suspend of devices complete after 0.798 msecs
[   34.198033] Disabling non-boot CPUs ...
[   34.234933] CPU1: shutdown
[   34.294761] IRQ17 no longer affine to CPU2
[   34.294936] CPU2: shutdown
[   34.354893] CPU3: shutdown
[   34.385403] Entering suspend state LP1
[   34.385428] Enabling non-boot CPUs ...
[   34.435750] CPU1 is up
[   34.485912] CPU2 is up
[   34.536151] CPU3 is up
[   34.536720] PM: noirq resume of devices complete after 0.565 msecs
[   34.538231] PM: early resume of devices complete after 1.016 msecs
[   34.570006] +1.8V_VDDIO: voltage operation not allowed
[   34.570010] mmc1: Switching to 3.3V signalling voltage failed
[   34.724924] usb 1-1: reset high-speed USB device number 4 using tegra-xusb
[   34.870833] PM: resume of devices complete after 332.593 msecs
[   34.956376] Restarting tasks ... done.
root@(none):/# 
root@(none):/# rtcwake -d rtc1 -m mem -s 3
rtcwake: assuming RTC uses UTC ...
rtcwake: wakeup from "mem" using /dev/rtc1 at Thu Jan  1 00:01:03 1970
[   36.065351] PM: Syncing filesystems ... done.
[   36.075025] Freezing user space processes ... (elapsed 0.001 seconds) done.
[   36.083208] Double checking all user space processes after OOM killer disable... (elapsed 0.000 seconds) 
[   36.092868] Freezing remaining freezable tasks ... (elapsed 0.001 seconds) done.
[   36.101509] Suspending console(s) (use no_console_suspend to debug)
[   36.296011] PM: suspend of devices complete after 187.648 msecs
[   36.297123] PM: late suspend of devices complete after 1.103 msecs
[   36.297987] PM: noirq suspend of devices complete after 0.860 msecs
[   36.297988] Disabling non-boot CPUs ...
[   36.324743] IRQ17 no longer affine to CPU1
[   36.324922] CPU1: shutdown
[   36.394899] CPU2: shutdown
[   36.454874] CPU3: shutdown
[   36.485378] Entering suspend state LP1
[   36.485404] Enabling non-boot CPUs ...
[   36.535725] CPU1 is up
[   36.585904] CPU2 is up
[   36.636123] CPU3 is up
[   36.636707] PM: noirq resume of devices complete after 0.579 msecs
[   36.638598] PM: early resume of devices complete after 1.384 msecs
[   36.670295] +1.8V_VDDIO: voltage operation not allowed
[   36.670297] mmc1: Switching to 3.3V signalling voltage failed
[   36.736401] PM: resume of devices complete after 97.794 msecs
[   36.815038] Restarting tasks ... done.
root@(none):/# 
root@(none):/# rtcwake -d rtc1 -m mem -s 3
rtcwake: assuming RTC uses UTC ...
rtcwake: wakeup from "mem" using /dev/rtc1 at Thu Jan  1 00:01:07 1970
[   37.165137] PM: Syncing filesystems ... done.
[   37.174876] Freezing user space processes ... (elapsed 0.001 seconds) done.
[   37.183076] Double checking all user space processes after OOM killer disable... (elapsed 0.000 seconds) 
[   37.192743] Freezing remaining freezable tasks ... (elapsed 0.001 seconds) done.
[   37.201386] Suspending console(s) (use no_console_suspend to debug)
[   37.395984] PM: suspend of devices complete after 187.738 msecs
[   37.397532] PM: late suspend of devices complete after 1.539 msecs
[   37.398346] PM: noirq suspend of devices complete after 0.810 msecs
[   37.398348] Disabling non-boot CPUs ...
[   37.434715] IRQ17 no longer affine to CPU1
[   37.434891] CPU1: shutdown
[   37.524880] CPU2: shutdown
[   37.604849] CPU3: shutdown
[   37.635349] Entering suspend state LP1
[   37.635375] Enabling non-boot CPUs ...
[   37.685699] CPU1 is up
[   37.735874] CPU2 is up
[   37.786104] CPU3 is up
[   37.786710] PM: noirq resume of devices complete after 0.601 msecs
[   37.788786] PM: early resume of devices complete after 1.563 msecs
[   37.819330] +1.8V_VDDIO: voltage operation not allowed
[   37.819333] mmc1: Switching to 3.3V signalling voltage failed
[   37.974942] usb 1-1: reset high-speed USB device number 4 using tegra-xusb
[   38.121498] PM: resume of devices complete after 332.702 msecs
[   38.207090] Restarting tasks ... done.
root@(none):/# 
root@(none):/# rtcwake -d rtc1 -m mem -s 3
rtcwake: assuming RTC uses UTC ...
rtcwake: wakeup from "mem" using /dev/rtc1 at Thu Jan  1 00:01:12 1970
[   39.325309] PM: Syncing filesystems ... done.
[   39.335011] Freezing user space processes ... (elapsed 0.001 seconds) done.
[   39.343214] Double checking all user space processes after OOM killer disable... (elapsed 0.000 seconds) 
[   39.352820] Freezing remaining freezable tasks ... (elapsed 0.001 seconds) done.
[   39.361538] Suspending console(s) (use no_console_suspend to debug)
[   39.545906] PM: suspend of devices complete after 177.512 msecs
[   39.546793] PM: late suspend of devices complete after 0.883 msecs
[   39.547608] PM: noirq suspend of devices complete after 0.811 msecs
[   39.547610] Disabling non-boot CPUs ...
[   39.574879] CPU1: shutdown
[   39.634856] CPU2: shutdown
[   39.704822] CPU3: shutdown
[   39.735328] Entering suspend state LP1
[   39.735354] Enabling non-boot CPUs ...
[   39.785686] CPU1 is up
[   39.835833] CPU2 is up
[   39.886082] CPU3 is up
[   39.886621] PM: noirq resume of devices complete after 0.534 msecs
[   39.888389] PM: early resume of devices complete after 1.249 msecs
[   39.919428] +1.8V_VDDIO: voltage operation not allowed
[   39.919431] mmc1: Switching to 3.3V signalling voltage failed
[   40.074912] usb 1-1: reset high-speed USB device number 4 using tegra-xusb
[   40.221251] PM: resume of devices complete after 332.851 msecs
[   40.302757] Restarting tasks ... done.
root@(none):/# 
root@(none):/# rtcwake -d rtc1 -m mem -s 3
[   41.334533] random: nonblocking pool is initialized
rtcwake: assuming RTC uses UTC ...
rtcwake: wakeup from "mem" using /dev/rtc1 at Thu Jan  1 00:01:17 1970
[   41.425295] PM: Syncing filesystems ... done.
[   41.434868] Freezing user space processes ... (elapsed 0.001 seconds) done.
[   41.443076] Double checking all user space processes after OOM killer disable... (elapsed 0.000 seconds) 
[   41.452682] Freezing remaining freezable tasks ... (elapsed 0.001 seconds) done.
[   41.461412] Suspending console(s) (use no_console_suspend to debug)
[   41.655880] PM: suspend of devices complete after 187.620 msecs
[   41.656774] PM: late suspend of devices complete after 0.890 msecs
[   41.657591] PM: noirq suspend of devices complete after 0.813 msecs
[   41.657592] Disabling non-boot CPUs ...
[   41.684844] CPU1: shutdown
[   41.764838] CPU2: shutdown
[   41.824797] CPU3: shutdown
[   41.855306] Entering suspend state LP1
[   41.855332] Enabling non-boot CPUs ...
[   41.905657] CPU1 is up
[   41.955828] CPU2 is up
[   42.006058] CPU3 is up
[   42.006564] PM: noirq resume of devices complete after 0.502 msecs
[   42.008335] PM: early resume of devices complete after 1.253 msecs
[   42.039654] +1.8V_VDDIO: voltage operation not allowed
[   42.039659] mmc1: Switching to 3.3V signalling voltage failed
[   42.105658] PM: resume of devices complete after 97.314 msecs
[   42.180377] Restarting tasks ... done.
root@(none):/# 
root@(none):/# rtcwake -d rtc1 -m mem -s 3
rtcwake: assuming RTC uses UTC ...
rtcwake: wakeup from "mem" using /dev/rtc1 at Thu Jan  1 00:01:21 1970
[   42.544993] PM: Syncing filesystems ... done.
[   42.554617] Freezing user space processes ... (elapsed 0.001 seconds) done.
[   42.562824] Double checking all user space processes after OOM killer disable... (elapsed 0.000 seconds) 
[   42.572491] Freezing remaining freezable tasks ... (elapsed 0.001 seconds) done.
[   42.581220] Suspending console(s) (use no_console_suspend to debug)
[   42.765922] PM: suspend of devices complete after 177.851 msecs
[   42.767450] PM: late suspend of devices complete after 1.519 msecs
[   42.768248] PM: noirq suspend of devices complete after 0.793 msecs
[   42.768250] Disabling non-boot CPUs ...
[   42.804819] CPU1: shutdown
[   42.864805] CPU2: shutdown
[   42.924603] IRQ17 no longer affine to CPU3
[   42.924778] CPU3: shutdown
[   42.955282] Entering suspend state LP1
[   42.955307] Enabling non-boot CPUs ...
[   43.005630] CPU1 is up
[   43.055807] CPU2 is up
[   43.106030] CPU3 is up
[   43.106543] PM: noirq resume of devices complete after 0.509 msecs
[   43.108305] PM: early resume of devices complete after 1.254 msecs
[   43.139624] +1.8V_VDDIO: voltage operation not allowed
[   43.139628] mmc1: Switching to 3.3V signalling voltage failed
[   43.294842] usb 1-1: reset high-speed USB device number 4 using tegra-xusb
[   43.441067] PM: resume of devices complete after 332.754 msecs
[   43.526642] Restarting tasks ... done.
root@(none):/# 
root@(none):/# rtcwake -d rtc1 -m mem -s 3
rtcwake: assuming RTC uses UTC ...
rtcwake: wakeup from "mem" using /dev/rtc1 at Thu Jan  1 00:01:26 1970
[   44.645128] PM: Syncing filesystems ... done.
[   44.654814] Freezing user space processes ... (elapsed 0.001 seconds) done.
[   44.663022] Double checking all user space processes after OOM killer disable... (elapsed 0.000 seconds) 
[   44.672626] Freezing remaining freezable tasks ... (elapsed 0.001 seconds) done.
[   44.681352] Suspending console(s) (use no_console_suspend to debug)
[   44.865883] PM: suspend of devices complete after 177.683 msecs
[   44.867111] PM: late suspend of devices complete after 1.220 msecs
[   44.867895] PM: noirq suspend of devices complete after 0.779 msecs
[   44.867897] Disabling non-boot CPUs ...
[   44.894792] CPU1: shutdown
[   44.964788] CPU2: shutdown
[   45.034751] CPU3: shutdown
[   45.085249] Entering suspend state LP1
[   45.085275] Enabling non-boot CPUs ...
[   45.135610] CPU1 is up
[   45.185769] CPU2 is up
[   45.236004] CPU3 is up
[   45.236519] PM: noirq resume of devices complete after 0.510 msecs
[   45.238131] PM: early resume of devices complete after 1.101 msecs
[   45.269529] +1.8V_VDDIO: voltage operation not allowed
[   45.269532] mmc1: Switching to 3.3V signalling voltage failed
[   45.424834] usb 1-1: reset high-speed USB device number 4 using tegra-xusb
[   45.571276] PM: resume of devices complete after 333.136 msecs
[   45.653000] Restarting tasks ... done.
root@(none):/# 
root@(none):/# rtcwake -d rtc1 -m mem -s 3
rtcwake: assuming RTC uses UTC ...
rtcwake: wakeup from "mem" using /dev/rtc1 at Thu Jan  1 00:01:31 1970
[   46.775231] PM: Syncing filesystems ... done.
[   46.784939] Freezing user space processes ... (elapsed 0.001 seconds) done.
[   46.793147] Double checking all user space processes after OOM killer disable... (elapsed 0.000 seconds) 
[   46.802753] Freezing remaining freezable tasks ... (elapsed 0.001 seconds) done.
[   46.811484] Suspending console(s) (use no_console_suspend to debug)
[   47.005804] PM: suspend of devices complete after 187.468 msecs
[   47.006693] PM: late suspend of devices complete after 0.885 msecs
[   47.007514] PM: noirq suspend of devices complete after 0.818 msecs
[   47.007515] Disabling non-boot CPUs ...
[   47.034766] CPU1: shutdown
[   47.104749] CPU2: shutdown
[   47.164718] CPU3: shutdown
[   47.195235] Entering suspend state LP1
[   47.195260] Enabling non-boot CPUs ...
[   47.245590] CPU1 is up
[   47.295744] CPU2 is up
[   47.345977] CPU3 is up
[   47.346501] PM: noirq resume of devices complete after 0.520 msecs
[   47.348007] PM: early resume of devices complete after 0.996 msecs
[   47.379157] +1.8V_VDDIO: voltage operation not allowed
[   47.379160] mmc1: Switching to 3.3V signalling voltage failed
[   47.534810] usb 1-1: reset high-speed USB device number 4 using tegra-xusb
[   47.681539] PM: resume of devices complete after 333.523 msecs
[   47.763257] Restarting tasks ... done.
root@(none):/# 
root@(none):/# rtcwake -d rtc1 -m mem -s 3
rtcwake: assuming RTC uses UTC ...
rtcwake: wakeup from "mem" using /dev/rtc1 at Thu Jan  1 00:01:36 1970
[   48.885188] PM: Syncing filesystems ... done.
[   48.894910] Freezing user space processes ... (elapsed 0.001 seconds) done.
[   48.903122] Double checking all user space processes after OOM killer disable... (elapsed 0.000 seconds) 
[   48.912727] Freezing remaining freezable tasks ... (elapsed 0.001 seconds) done.
[   48.921461] Suspending console(s) (use no_console_suspend to debug)
[   49.105834] PM: suspend of devices complete after 177.517 msecs
[   49.107529] PM: late suspend of devices complete after 1.686 msecs
[   49.108329] PM: noirq suspend of devices complete after 0.795 msecs
[   49.108330] Disabling non-boot CPUs ...
[   49.144569] IRQ17 no longer affine to CPU1
[   49.144748] CPU1: shutdown
[   49.204722] CPU2: shutdown
[   49.274696] CPU3: shutdown
[   49.305206] Entering suspend state LP1
[   49.305232] Enabling non-boot CPUs ...
[   49.355564] CPU1 is up
[   49.405706] CPU2 is up
[   49.455955] CPU3 is up
[   49.456495] PM: noirq resume of devices complete after 0.535 msecs
[   49.458436] PM: early resume of devices complete after 1.423 msecs
[   49.489634] +1.8V_VDDIO: voltage operation not allowed
[   49.489638] mmc1: Switching to 3.3V signalling voltage failed
[   49.644786] usb 1-1: reset high-speed USB device number 4 using tegra-xusb
[   49.791265] PM: resume of devices complete after 332.820 msecs
[   49.876924] Restarting tasks ... done.
root@(none):/# 
root@(none):/# NVTB SYSTEM SUSPEND TEST COMPLETE
