

U-Boot 2011.03 (Jun 11 2013 - 06:07:37)

T114
Board: NVIDIA Dalmore
DRAM:  2 GiB
MMC:   Tegra2 SD/MMC: 0, Tegra2 SD/MMC: 1
In:    serial
Out:   serial
Err:   serial
Net:   Net Initialization Skipped
No ethernet found.
Hit any key to stop autoboot:  2  0 
Dalmore #
Dalmore #usb reset
(Re)start USB...
USB:   Register 10011 NbrPorts 1
USB EHCI 1.10
scanning bus for devices... 2 USB Device(s) found
       scanning bus for storage devices... 0 Storage Device(s) found
       scanning bus for ethernet devices... 1 Ethernet Device(s) found
Dalmore #setenv bootargs 'ignore_loglevel console=ttyS0,115200n8 rw root=/dev/mmcblk0p1 rootwait gpt init=/bin/bash'
Dalmore #setenv ipaddr 192.168.100.100; setenv serverip 192.168.100.1; setenv tftpserverip 192.168.100.1
Dalmore #tftpboot 0x81000000 zImage.tegra_defconfig%tegra20,114_mergeconfig
Waiting for Ethernet connection... done.
Using asx0 device
TFTP from server 192.168.100.1; our IP address is 192.168.100.100
Filename 'zImage.tegra_defconfig%tegra20,114_mergeconfig'.
Load address: 0x81000000
Loading: *#################################################  2.8 MiB/s
done
Bytes transferred = 4466704 (442810 hex)
Dalmore #tftpboot 0x82000000 tegra114-dalmore.dtb
Using asx0 device
TFTP from server 192.168.100.1; our IP address is 192.168.100.100
Filename 'tegra114-dalmore.dtb'.
Load address: 0x82000000
Loading: *#################################################  2.5 MiB/s
done
Bytes transferred = 29073 (7191 hex)
Dalmore #bootz 0x81000000 - 0x82000000
## Flattened Device Tree blob at 82000000
   Booting using the fdt blob at 0x82000000
   Loading Device Tree to 81ff5000, end 81fff190 ... OK

Starting kernel ...

Timer summary in microseconds:
       Mark    Elapsed  Stage
          0          0  awake
  2,445,940  2,445,940  usb_start
  6,451,294  4,005,354  eth_start
  6,451,292         -2  tftp start
 10,571,938  4,120,646  tftp done
 12,461,404  1,889,466  start_kernel
Uncompressing Linux... done, booting the kernel.
[    0.000000] Booting Linux on physical CPU 0x0
[    0.000000] Initializing cgroup subsys cpu
[    0.000000] Initializing cgroup subsys cpuacct
[    0.000000] Linux version 3.11.0-next-20130912-12063-gc2bbc01 (pwalmsley@tamien) (gcc version 4.5.1 (Sourcery G++ Lite 2010.09-50) ) #1 SMP PREEMPT Wed Sep 11 22:00:14 PDT 2013
[    0.000000] CPU: ARMv7 Processor [412fc0f2] revision 2 (ARMv7), cr=10c5387d
[    0.000000] CPU: PIPT / VIPT nonaliasing data cache, PIPT instruction cache
[    0.000000] Machine: NVIDIA Tegra SoC (Flattened Device Tree), model: NVIDIA Tegra114 Dalmore evaluation board
[    0.000000] debug: ignoring loglevel setting.
[    0.000000] cma: CMA: reserved 16 MiB at ae800000
[    0.000000] Memory policy: ECC disabled, Data cache writealloc
[    0.000000] On node 0 totalpages: 524032
[    0.000000] free_area_init_node: node 0, pgdat c083b680, node_mem_map c0893000
[    0.000000]   Normal zone: 1520 pages used for memmap
[    0.000000]   Normal zone: 0 pages reserved
[    0.000000]   Normal zone: 194560 pages, LIFO batch:31
[    0.000000]   HighMem zone: 2574 pages used for memmap
[    0.000000]   HighMem zone: 329472 pages, LIFO batch:31
[    0.000000] Tegra Revision: A01 SKU: 0 CPU Process: 1 Core Process: 1
[    0.000000] PERCPU: Embedded 8 pages/cpu @c18ab000 s9088 r8192 d15488 u32768
[    0.000000] pcpu-alloc: s9088 r8192 d15488 u32768 alloc=8*4096
[    0.000000] pcpu-alloc: [0] 0 [0] 1 [0] 2 [0] 3 
[    0.000000] Built 1 zonelists in Zone order, mobility grouping on.  Total pages: 522512
[    0.000000] Kernel command line: ignore_loglevel console=ttyS0,115200n8 rw root=/dev/mmcblk0p1 rootwait gpt init=/bin/bash
[    0.000000] PID hash table entries: 4096 (order: 2, 16384 bytes)
[    0.000000] Dentry cache hash table entries: 131072 (order: 7, 524288 bytes)
[    0.000000] Inode-cache hash table entries: 65536 (order: 6, 262144 bytes)
[    0.000000] Memory: 2053476K/2096128K available (6099K kernel code, 291K rwdata, 1776K rodata, 224K init, 341K bss, 42652K reserved, 1317888K highmem)
[    0.000000] Virtual kernel memory layout:
[    0.000000]     vector  : 0xffff0000 - 0xffff1000   (   4 kB)
[    0.000000]     fixmap  : 0xfff00000 - 0xfffe0000   ( 896 kB)
[    0.000000]     vmalloc : 0xf0000000 - 0xff000000   ( 240 MB)
[    0.000000]     lowmem  : 0xc0000000 - 0xef800000   ( 760 MB)
[    0.000000]     pkmap   : 0xbfe00000 - 0xc0000000   (   2 MB)
[    0.000000]     modules : 0xbf000000 - 0xbfe00000   (  14 MB)
[    0.000000]       .text : 0xc0008000 - 0xc07b93d8   (7877 kB)
[    0.000000]       .init : 0xc07ba000 - 0xc07f2380   ( 225 kB)
[    0.000000]       .data : 0xc07f4000 - 0xc083ccc0   ( 292 kB)
[    0.000000]        .bss : 0xc083cccc - 0xc089235c   ( 342 kB)
[    0.000000] Preemptible hierarchical RCU implementation.
[    0.000000] NR_IRQS:16 nr_irqs:16 16
[    0.000000] sched_clock: 32 bits at 1MHz, resolution 1000ns, wraps every 4294967ms
[    0.000000] Architected cp15 timer(s) running at 12.00MHz (virt).
[    0.000000] Switching to timer-based delay loop
[    0.000000] sched_clock: ARM arch timer >56 bits at 12000kHz, resolution 83ns
[    0.000000] Console: colour dummy device 80x30
[   12.479873] Calibrating delay loop (skipped), value calculated using timer frequency.. 24.00 BogoMIPS (lpj=120000)
[   12.479889] pid_max: default: 32768 minimum: 301
[   12.480323] Mount-cache hash table entries: 512
[   12.498778] Initializing cgroup subsys debug
[   12.498805] Initializing cgroup subsys freezer
[   12.498864] CPU: Testing write buffer coherency: ok
[   12.499227] /cpus/cpu@0 missing clock-frequency property
[   12.499254] /cpus/cpu@1 missing clock-frequency property
[   12.499280] /cpus/cpu@2 missing clock-frequency property
[   12.499306] /cpus/cpu@3 missing clock-frequency property
[   12.499319] CPU0: thread -1, cpu 0, socket 0, mpidr 80000000
[   12.499345] Setting up static identity map for 0xc05cdbb0 - 0xc05cdc48
[   12.559795] CPU1: Booted secondary processor
[   12.559824] CPU1: thread -1, cpu 1, socket 0, mpidr 80000001
[   12.579717] CPU2: Booted secondary processor
[   12.579743] CPU2: thread -1, cpu 2, socket 0, mpidr 80000002
[   12.599667] CPU3: Booted secondary processor
[   12.599692] CPU3: thread -1, cpu 3, socket 0, mpidr 80000003
[   12.599798] Brought up 4 CPUs
[   12.599826] SMP: Total of 4 processors activated.
[   12.599834] CPU: All CPU(s) started in SVC mode.
[   12.600841] devtmpfs: initialized
[   12.613706] VFP support v0.3: implementor 41 architecture 4 part 30 variant f rev 0
[   12.614089] pinctrl core: initialized pinctrl subsystem
[   12.614608] regulator-dummy: no parameters
[   12.617627] NET: Registered protocol family 16
[   12.618946] DMA: preallocated 256 KiB pool for atomic coherent allocations
[   12.619726] cpuidle: using governor ladder
[   12.619737] cpuidle: using governor menu
[   12.630533] No ATAGs?
[   12.630564] hw-breakpoint: found 5 (+1 reserved) breakpoint and 4 watchpoint registers.
[   12.630574] hw-breakpoint: maximum watchpoint size is 8 bytes.
[   12.641637] bio: create slab <bio-0> at 0
[   12.643097] vdd_ac_bat: 5000 mV 
[   12.643428] dvdd_ts: Failed to request enable GPIO61: -517
[   12.643587] reg-fixed-voltage 1.regulator: Failed to register regulator: -517
[   12.643610] platform 1.regulator: Driver reg-fixed-voltage requests probe deferral
[   12.643808] lcd_bl_en: Failed to request enable GPIO58: -517
[   12.643951] reg-fixed-voltage 2.regulator: Failed to register regulator: -517
[   12.643973] platform 2.regulator: Driver reg-fixed-voltage requests probe deferral
[   12.644172] usb1_vbus: Failed to request enable GPIO108: -517
[   12.644313] reg-fixed-voltage 3.regulator: Failed to register regulator: -517
[   12.644334] platform 3.regulator: Driver reg-fixed-voltage requests probe deferral
[   12.644530] usb2_vbus: Failed to request enable GPIO86: -517
[   12.644671] reg-fixed-voltage 4.regulator: Failed to register regulator: -517
[   12.644693] platform 4.regulator: Driver reg-fixed-voltage requests probe deferral
[   12.644887] vdd_hdmi_5v0: Failed to request enable GPIO81: -517
[   12.645028] reg-fixed-voltage 5.regulator: Failed to register regulator: -517
[   12.645049] platform 5.regulator: Driver reg-fixed-voltage requests probe deferral
[   12.645125] platform 6.regulator: Driver reg-fixed-voltage requests probe deferral
[   12.646141] vgaarb: loaded
[   12.647224] SCSI subsystem initialized
[   12.647595] usbcore: registered new interface driver usbfs
[   12.647708] usbcore: registered new interface driver hub
[   12.647867] usbcore: registered new device driver usb
[   12.651779] vdd-cpu: 500 <--> 1520 mV at 1100 mV 
[   12.652409] tps65090 1-0048: No cache defaults, reading back from HW
[   12.658808] vdd-sys-5v0: no parameters
[   12.658856] vdd-sys-5v0: supplied by vdd_ac_bat
[   12.660297] vdd-sys-3v3: no parameters
[   12.660335] vdd-sys-3v3: supplied by vdd_ac_bat
[   12.661774] vdd-ao: no parameters
[   12.661813] vdd-ao: supplied by vdd_ac_bat
[   12.662065] vdd-lcd-bl: no parameters
[   12.662102] vdd-lcd-bl: supplied by vdd_ac_bat
[   12.662351] TPS65090_RAILSFET2: no parameters
[   12.662389] TPS65090_RAILSFET2: supplied by vdd_ac_bat
[   12.662632] vdd-modem-3v3: no parameters
[   12.662667] vdd-modem-3v3: supplied by vdd-sys-3v3
[   12.662936] avdd-lcd: no parameters
[   12.662971] avdd-lcd: supplied by vdd-sys-3v3
[   12.663223] vdd-lvds: no parameters
[   12.663257] vdd-lvds: supplied by vdd-sys-3v3
[   12.663505] vdd-sd-slot: no parameters
[   12.663539] vdd-sd-slot: supplied by vdd-sys-3v3
[   12.663805] vdd-com-3v3: no parameters
[   12.663842] vdd-com-3v3: supplied by vdd-sys-3v3
[   12.664079] vdd-sby-5v0: no parameters
[   12.664113] vdd-sby-5v0: supplied by vdd_ac_bat
[   12.664364] vdd-sby-3v3: no parameters
[   12.664397] vdd-sby-3v3: supplied by vdd_ac_bat
[   12.664750] genirq: Setting trigger mode 8 for irq 118 failed (gic_set_type+0x0/0xf0)
[   12.665186] palmas 1-0058: Irq flag is 0x00000000
[   12.679468] palmas 1-0058: Muxing GPIO ff, PWM 0, LED 0
[   12.688414] vddio-ddr: 1350 mV 
[   12.689257] vddio-ddr: supplied by vdd-ao
[   12.696213] vddio-1v8: 1800 mV 
[   12.697065] vddio-1v8: supplied by vdd-ao
[   12.704016] vdd-core: 900 <--> 1400 mV at 1100 mV 
[   12.704855] vdd-core: supplied by vdd-sys-3v3
[   12.709042] SMPS6: no parameters
[   12.716759] avdd-pll: 1050 mV 
[   12.717600] avdd-pll: supplied by vdd-sys-3v3
[   12.725941] sdhci-vdd-sd-slot: 2800 mV 
[   12.726794] sdhci-vdd-sd-slot: supplied by vdd-sys-3v3
[   12.728635] SMPS10_OUT2: at 5000 mV 
[   12.730449] SMPS10_OUT1: at 5000 mV 
[   12.733063] avdd-cam1: 2800 mV 
[   12.733900] avdd-cam1: supplied by vdd-sys-3v3
[   12.737928] avdd-cam2: 2800 mV 
[   12.738766] avdd-cam2: supplied by vdd-sys-3v3
[   12.743542] avdd-dsi-csi: 1200 mV 
[   12.744380] avdd-dsi-csi: supplied by vddio-1v8
[   12.749175] vpp-fuse: 1800 mV 
[   12.750014] vpp-fuse: supplied by vdd-sys-3v3
[   12.753229] LDO5: at 1200 mV 
[   12.754072] LDO5: supplied by vdd_ac_bat
[   12.756726] vdd-sensor-2v85: 2850 mV 
[   12.757564] vdd-sensor-2v85: supplied by vdd-sys-3v3
[   12.761573] vdd-af-cam1: 2800 mV 
[   12.762411] vdd-af-cam1: supplied by vdd-sys-3v3
[   12.770528] vdd-rtc: 900 mV 
[   12.771367] vdd-rtc: supplied by vdd-ao
[   12.775367] vddio-sdmmc-2: 1800 <--> 3300 mV at 3300 mV 
[   12.776206] vddio-sdmmc-2: supplied by sdhci-vdd-sd-slot
[   12.781010] hvdd-usb: 3300 mV 
[   12.781850] hvdd-usb: supplied by vdd-sys-5v0
[   12.786633] avdd-usb: 3300 mV 
[   12.787471] avdd-usb: supplied by vdd-sys-5v0
[   12.790700] rail-3v3: no parameters
[   12.793151] rail-5v0: no parameters
[   12.794736] REGEN3: no parameters
[   12.794945] SYSEN1: no parameters
[   12.795132] SYSEN2: no parameters
[   12.795621] Linux video capture interface: v2.00
[   12.796326] platform 7000f010.iommu: Driver tegra-smmu requests probe deferral
[   12.796624] Advanced Linux Sound Architecture Driver Initialized.
[   12.797402] Bluetooth: Core ver 2.16
[   12.797474] NET: Registered protocol family 31
[   12.797483] Bluetooth: HCI device and connection manager initialized
[   12.797509] Bluetooth: HCI socket layer initialized
[   12.797531] Bluetooth: L2CAP socket layer initialized
[   12.797579] Bluetooth: SCO socket layer initialized
[   12.798328] cfg80211: Calling CRDA to update world regulatory domain
[   12.799434] Switched to clocksource arch_sys_counter
[   12.813250] NET: Registered protocol family 2
[   12.814164] TCP established hash table entries: 8192 (order: 4, 65536 bytes)
[   12.814363] TCP bind hash table entries: 8192 (order: 4, 65536 bytes)
[   12.814541] TCP: Hash tables configured (established 8192 bind 8192)
[   12.815004] TCP: reno registered
[   12.815022] UDP hash table entries: 512 (order: 2, 16384 bytes)
[   12.815064] UDP-Lite hash table entries: 512 (order: 2, 16384 bytes)
[   12.815470] NET: Registered protocol family 1
[   12.816182] RPC: Registered named UNIX socket transport module.
[   12.816193] RPC: Registered udp transport module.
[   12.816201] RPC: Registered tcp transport module.
[   12.816208] RPC: Registered tcp NFSv4.1 backchannel transport module.
[   12.816220] PCI: CLS 0 bytes, default 64
[   12.819981] bounce pool size: 64 pages
[   12.821664] squashfs: version 4.0 (2009/01/31) Phillip Lougher
[   12.822471] msgmni has been set to 1468
[   12.824155] io scheduler noop registered (default)
[   12.835910] tegra-apbdma 6000a000.dma: Tegra20 APB DMA driver register 32 channels
[   12.836460] Serial: 8250/16550 driver, 4 ports, IRQ sharing disabled
[   12.838563] 70006300.serial: ttyS0 at MMIO 0x70006300 (irq = 122, base_baud = 25500000) is a Tegra
[   13.866343] console [ttyS0] enabled
[   13.870699] [drm] Initialized drm 1.1.0 20060810
[   13.881093] loop: module loaded
[   13.887090] m25p80 spi32766.0: w25q32dw (4096 Kbytes)
[   13.893973] pegasus: v0.9.3 (2013/04/25), Pegasus/Pegasus II USB Ethernet driver
[   13.901425] usbcore: registered new interface driver pegasus
[   13.907159] usbcore: registered new interface driver asix
[   13.912593] usbcore: registered new interface driver ax88179_178a
[   13.918751] usbcore: registered new interface driver cdc_ether
[   13.924618] usbcore: registered new interface driver r815x
[   13.930180] usbcore: registered new interface driver smsc75xx
[   13.935997] usbcore: registered new interface driver smsc95xx
[   13.941774] usbcore: registered new interface driver net1080
[   13.947485] usbcore: registered new interface driver cdc_subset
[   13.953433] usbcore: registered new interface driver zaurus
[   13.959115] usbcore: registered new interface driver cdc_ncm
[   13.964796] ehci_hcd: USB 2.0 'Enhanced' Host Controller (EHCI) Driver
[   13.971285] ehci-pci: EHCI PCI platform driver
[   13.975787] tegra-ehci: Tegra EHCI driver
[   13.979975] platform 7d008000.usb: Driver tegra-ehci requests probe deferral
[   13.987288] usbcore: registered new interface driver cdc_acm
[   13.992914] cdc_acm: USB Abstract Control Model driver for USB modems and ISDN adapters
[   14.000954] usbcore: registered new interface driver cdc_wdm
[   14.006697] usbcore: registered new interface driver usb-storage
[   14.012904] platform 7d008000.usb-phy: Driver tegra-phy requests probe deferral
[   14.020753] mousedev: PS/2 mouse device common for all mice
[   14.038438] palmas-rtc rtc.7: rtc core: registered rtc.7 as rtc0
[   14.048821] tegra_rtc 7000e000.rtc: rtc core: registered 7000e000.rtc as rtc1
[   14.055966] tegra_rtc 7000e000.rtc: Tegra internal Real Time Clock
[   14.063528] sbs-battery 0-000b: sbs_probe: Failed to get device status
[   14.070050] sbs-battery: probe of 0-000b failed with error -121
[   14.079663] sdhci: Secure Digital Host Controller Interface driver
[   14.085829] sdhci: Copyright(c) Pierre Ossman
[   14.090159] sdhci-pltfm: SDHCI platform and OF driver helper
[   14.096213] sdhci-tegra 78000400.sdhci: Got CD GPIO #170.
[   14.102644] mmc0: no vqmmc regulator found
[   14.106744] mmc0: no vmmc regulator found
[   14.110730] mmc0: Invalid maximum block size, assuming 512 bytes
[   14.154017] mmc0: SDHCI controller on 78000400.sdhci [78000400.sdhci] using ADMA
[   14.163568] mmc1: no vqmmc regulator found
[   14.167668] mmc1: no vmmc regulator found
[   14.171654] mmc1: Invalid maximum block size, assuming 512 bytes
[   14.213772] mmc1: SDHCI controller on 78000600.sdhci [78000600.sdhci] using ADMA
[   14.221828] usbcore: registered new interface driver usbhid
[   14.229432] usbhid: USB HID core driver
[   14.345526] mmc1: BKOPS_EN bit is not set
[   14.375943] mmc1: new HS200 MMC card at address 0001
[   14.381458] mmcblk0: mmc1:0001 SEM32G 29.1 GiB 
[   14.386320] mmcblk0boot0: mmc1:0001 SEM32G partition 1 4.00 MiB
[   14.392528] mmcblk0boot1: mmc1:0001 SEM32G partition 2 4.00 MiB
[   14.398705] mmcblk0rpmb: mmc1:0001 SEM32G partition 3 4.00 MiB
[   14.407039] Primary GPT is invalid, using alternate GPT.
[   14.412344]  mmcblk0: p1 p2 p3 p4 p5
[   14.419257]  mmcblk0boot1: unknown partition table
[   14.425713]  mmcblk0boot0: unknown partition table
[   14.659522] tegra-snd-rt5640 sound.4: ASoC: CPU DAI (null) not registered
[   14.666426] tegra-snd-rt5640 sound.4: snd_soc_register_card failed (-517)
[   14.673215] platform sound.4: Driver tegra-snd-rt5640 requests probe deferral
[   14.681246] TCP: cubic registered
[   14.684892] NET: Registered protocol family 10
[   14.690716] mip6: Mobile IPv6
[   14.693726] sit: IPv6 over IPv4 tunneling driver
[   14.700026] NET: Registered protocol family 17
[   14.704516] NET: Registered protocol family 15
[   14.709126] Bluetooth: RFCOMM socket layer initialized
[   14.714258] Bluetooth: RFCOMM ver 1.11
[   14.717986] Bluetooth: BNEP (Ethernet Emulation) ver 1.3
[   14.723295] Bluetooth: BNEP socket layer initialized
[   14.728230] Bluetooth: HIDP (Human Interface Emulation) ver 1.2
[   14.734145] Bluetooth: HIDP socket layer initialized
[   14.739727] Registering SWP/SWPB emulation handler
[   14.749267] hvdd-usb: disabling
[   14.754822] vdd-af-cam1: disabling
[   14.760889] vdd-sensor-2v85: disabling
[   14.767161] LDO5: disabling
[   14.772632] vpp-fuse: disabling
[   14.778266] avdd-cam2: disabling
[   14.784116] avdd-cam1: disabling
[   14.791133] vdd-com-3v3: disabling
[   14.795142] vdd-lvds: disabling
[   14.798861] avdd-lcd: disabling
[   14.802602] vdd-lcd-bl: disabling
[   14.807145] dvdd_ts: 1800 mV 
[   14.810614] lcd_bl_en: 5000 mV 
[   14.814303] usb1_vbus: 5000 mV 
[   14.817485] usb1_vbus: supplied by vdd-sys-5v0
[   14.822528] usb2_vbus: 5000 mV 
[   14.825707] usb2_vbus: supplied by vdd-sys-5v0
[   14.830535] vdd_hdmi_5v0: 5000 mV 
[   14.833991] vdd_hdmi_5v0: supplied by vdd-sys-5v0
[   14.841036] vdd_cam_1v8_reg: 1800 mV 
[   14.845230] platform 7d008000.usb: Driver tegra-ehci requests probe deferral
[   14.853092] tegra-snd-rt5640 sound.4: ASoC: CPU DAI (null) not registered
[   14.859884] tegra-snd-rt5640 sound.4: snd_soc_register_card failed (-517)
[   14.866670] platform sound.4: Driver tegra-snd-rt5640 requests probe deferral
[   14.874195] tegra-ehci 7d008000.usb: EHCI Host Controller
[   14.879606] tegra-ehci 7d008000.usb: new USB bus registered, assigned bus number 1
[   14.888497] tegra-ehci 7d008000.usb: irq 129, io mem 0x7d008000
[   14.911095] tegra-ehci 7d008000.usb: USB 2.0 started, EHCI 1.10
[   14.918427] hub 1-0:1.0: USB hub found
[   14.922281] hub 1-0:1.0: 1 port detected
[   14.927156] tegra-snd-rt5640 sound.4: ASoC: CPU DAI (null) not registered
[   14.934020] tegra-snd-rt5640 sound.4: snd_soc_register_card failed (-517)
[   14.940813] platform sound.4: Driver tegra-snd-rt5640 requests probe deferral
[   14.949161] input: gpio-keys.2 as /devices/soc0/gpio-keys.2/input/input0
[   14.957354] tegra-snd-rt5640 sound.4: ASoC: CPU DAI (null) not registered
[   14.964273] tegra-snd-rt5640 sound.4: snd_soc_register_card failed (-517)
[   14.971098] platform sound.4: Driver tegra-snd-rt5640 requests probe deferral
[   14.978244] palmas-rtc rtc.7: setting system clock to 2000-02-06 12:07:26 UTC (949838846)
[   14.986995] ALSA device list:
[   14.989953]   No soundcards found.
[   15.019855] kjournald starting.  Commit interval 5 seconds
[   15.026884] EXT3-fs (mmcblk0p1): using internal journal
[   15.032138] EXT3-fs (mmcblk0p1): recovery complete
[   15.036903] EXT3-fs (mmcblk0p1): mounted filesystem with writeback data mode
[   15.044002] VFS: Mounted root (ext3 filesystem) on device 179:1.
[   15.051472] devtmpfs: mounted
[   15.054702] Freeing unused kernel memory: 224K (c07ba000 - c07f2000)
bash: cannot set terminal process group (-1): Inappropriate ioctl for device
bash: no job control in this shell
I have no name!@(none):/# [   15.239805] usb 1-1: new high-speed USB device number 2 using tegra-ehci
