
U-Boot SPL 2014.01-00219-gc4d376f (Feb 18 2014 - 19:57:32)


U-Boot 2014.01-00219-gc4d376f (Feb 18 2014 - 19:57:32)

TEGRA114
Board: NVIDIA Dalmore
I2C:   ready
DRAM:  2 GiB
MMC:   Tegra SD/MMC: 0, Tegra SD/MMC: 1
In:    serial
Out:   serial
Err:   serial
Net:   Net Initialization Skipped
No ethernet found.
Hit any key to stop autoboot:  2  0 
Tegra114 (Dalmore) # 
Tegra114 (Dalmore) # usb reset
(Re)start USB...
USB0:   USB EHCI 1.10
scanning bus 0 for devices... 2 USB Device(s) found
       scanning usb for storage devices... 0 Storage Device(s) found
       scanning usb for ethernet devices... 
Warning: asx0 using MAC address from net device
1 Ethernet Device(s) found
Tegra114 (Dalmore) # setenv bootargs 'ignore_loglevel console=ttyS0,115200n8 rw root=PARTUUID=7369c667-ff51-ec4a-29cd-baabf2fbe346 rootwait gpt debug earlyprintk init=/bin/bash'
Tegra114 (Dalmore) # setenv ipaddr 192.168.100.100; setenv serverip 192.168.100.1; setenv tftpserverip 192.168.100.1
Tegra114 (Dalmore) # tftpboot 0x81000000 zImage.tegra_defconfig
Using asx0 device
TFTP from server 192.168.100.1; our IP address is 192.168.100.100
Filename 'zImage.tegra_defconfig'.
Load address: 0x81000000
Loading: *#################################################################
	 #################################################################
	 #################################################################
	 #################################################################
	 #################################################################
	 ####################################
	 3.6 MiB/s
done
Bytes transferred = 5291368 (50bd68 hex)
Tegra114 (Dalmore) # tftpboot 0x82000000 tegra114-dalmore.dtb
Using asx0 device
TFTP from server 192.168.100.1; our IP address is 192.168.100.100
Filename 'tegra114-dalmore.dtb'.
Load address: 0x82000000
Loading: *###
	 3 MiB/s
done
Bytes transferred = 34912 (8860 hex)
Tegra114 (Dalmore) # bootz 0x81000000 - 0x82000000
Kernel image @ 0x81000000 [ 0x000000 - 0x50bd68 ]
## Flattened Device Tree blob at 82000000
   Booting using the fdt blob at 0x82000000
   Loading Device Tree to 8fff4000, end 8ffff85f ... OK

Starting kernel ...

Uncompressing Linux... done, booting the kernel.
[    0.000000] Booting Linux on physical CPU 0x0
[    0.000000] Linux version 4.5.0-rc4-next-20160218-98486-g3ab40dd (pwalmsley@tamien) (gcc version 4.7.3 20130328 (prerelease) (crosstool-NG linaro-1.13.1-4.7-2013.04-20130415 - Linaro GCC 2013.04) ) #1 SMP PREEMPT Thu Feb 18 04:21:22 PST 2016
[    0.000000] CPU: ARMv7 Processor [412fc0f2] revision 2 (ARMv7), cr=10c5387d
[    0.000000] CPU: div instructions available: patching division code
[    0.000000] CPU: PIPT / VIPT nonaliasing data cache, PIPT instruction cache
[    0.000000] Machine model: NVIDIA Tegra114 Dalmore evaluation board
[    0.000000] debug: ignoring loglevel setting.
[    0.000000] bootconsole [earlycon0] enabled
[    0.000000] cma: Reserved 64 MiB at 0xfbc00000
[    0.000000] Memory policy: Data cache writealloc
[    0.000000] On node 0 totalpages: 524032
[    0.000000] free_area_init_node: node 0, pgdat c0c5b900, node_mem_map eeff7000
[    0.000000]   Normal zone: 1536 pages used for memmap
[    0.000000]   Normal zone: 0 pages reserved
[    0.000000]   Normal zone: 196608 pages, LIFO batch:31
[    0.000000]   HighMem zone: 327424 pages, LIFO batch:31
[    0.000000] PERCPU: Embedded 13 pages/cpu @eef9e000 s23552 r8192 d21504 u53248
[    0.000000] pcpu-alloc: s23552 r8192 d21504 u53248 alloc=13*4096
[    0.000000] pcpu-alloc: [0] 0 [0] 1 [0] 2 [0] 3 
[    0.000000] Built 1 zonelists in Zone order, mobility grouping on.  Total pages: 522496
[    0.000000] Kernel command line: ignore_loglevel console=ttyS0,115200n8 rw root=PARTUUID=7369c667-ff51-ec4a-29cd-baabf2fbe346 rootwait gpt debug earlyprintk init=/bin/bash
[    0.000000] PID hash table entries: 4096 (order: 2, 16384 bytes)
[    0.000000] Dentry cache hash table entries: 131072 (order: 7, 524288 bytes)
[    0.000000] Inode-cache hash table entries: 65536 (order: 6, 262144 bytes)
[    0.000000] Memory: 2000976K/2096128K available (7411K kernel code, 373K rwdata, 2500K rodata, 1024K init, 363K bss, 29616K reserved, 65536K cma-reserved, 1244160K highmem)
[    0.000000] Virtual kernel memory layout:
[    0.000000]     vector  : 0xffff0000 - 0xffff1000   (   4 kB)
[    0.000000]     fixmap  : 0xffc00000 - 0xfff00000   (3072 kB)
[    0.000000]     vmalloc : 0xf0800000 - 0xff800000   ( 240 MB)
[    0.000000]     lowmem  : 0xc0000000 - 0xf0000000   ( 768 MB)
[    0.000000]     pkmap   : 0xbfe00000 - 0xc0000000   (   2 MB)
[    0.000000]     modules : 0xbf000000 - 0xbfe00000   (  14 MB)
[    0.000000]       .text : 0xc0008000 - 0xc0aadcf4   (10904 kB)
[    0.000000]       .init : 0xc0b00000 - 0xc0c00000   (1024 kB)
[    0.000000]       .data : 0xc0c00000 - 0xc0c5d480   ( 374 kB)
[    0.000000]        .bss : 0xc0c60000 - 0xc0cbad8c   ( 364 kB)
[    0.000000] Preemptible hierarchical RCU implementation.
[    0.000000] 	Build-time adjustment of leaf fanout to 32.
[    0.000000] NR_IRQS:16 nr_irqs:16 16
[    0.000000] /interrupt-controller@60004000: 160 interrupts forwarded to /interrupt-controller@50041000
[    0.000000] Tegra clk 127: register failed with -17
[    0.000008] sched_clock: 32 bits at 1000kHz, resolution 1000ns, wraps every 2147483647500ns
[    0.007523] clocksource: timer_us: mask: 0xffffffff max_cycles: 0xffffffff, max_idle_ns: 1911260446275 ns
[    0.017140] Switching to timer-based delay loop, resolution 1000ns
[    0.024213] Architected cp15 timer(s) running at 12.00MHz (virt).
[    0.029536] clocksource: arch_sys_counter: mask: 0xffffffffffffff max_cycles: 0x2c47f4ee7, max_idle_ns: 440795202497 ns
[    0.040370] sched_clock: 56 bits at 12MHz, resolution 83ns, wraps every 4398046511096ns
[    0.048424] Switching to timer-based delay loop, resolution 83ns
[    0.054935] Console: colour dummy device 80x30
[    0.059010] Calibrating delay loop (skipped), value calculated using timer frequency.. 24.00 BogoMIPS (lpj=120000)
[    0.069393] pid_max: default: 32768 minimum: 301
[    0.074644] Mount-cache hash table entries: 2048 (order: 1, 8192 bytes)
[    0.080764] Mountpoint-cache hash table entries: 2048 (order: 1, 8192 bytes)
[    0.089324] CPU: Testing write buffer coherency: ok
[    0.093085] /cpus/cpu@0 missing clock-frequency property
[    0.098185] /cpus/cpu@1 missing clock-frequency property
[    0.103580] /cpus/cpu@2 missing clock-frequency property
[    0.108933] /cpus/cpu@3 missing clock-frequency property
[    0.114303] CPU0: thread -1, cpu 0, socket 0, mpidr 80000000
[    0.120044] Setting up static identity map for 0x80100000 - 0x80100098
[    0.177136] Tegra Revision: A01 SKU: 0 CPU Process: 1 SoC Process: 0
[    0.207181] CPU1: thread -1, cpu 1, socket 0, mpidr 80000001
[    0.237216] CPU2: thread -1, cpu 2, socket 0, mpidr 80000002
[    0.267271] CPU3: thread -1, cpu 3, socket 0, mpidr 80000003
[    0.267352] Brought up 4 CPUs
[    0.285660] SMP: Total of 4 processors activated (96.00 BogoMIPS).
[    0.291909] CPU: All CPU(s) started in SVC mode.
[    0.298429] devtmpfs: initialized
[    0.329561] VFP support v0.3: implementor 41 architecture 4 part 30 variant f rev 0
[    0.336102] clocksource: jiffies: mask: 0xffffffff max_cycles: 0xffffffff, max_idle_ns: 19112604462750000 ns
[    0.346764] pinctrl core: initialized pinctrl subsystem
[    0.352627] NET: Registered protocol family 16
[    0.356644] DMA: preallocated 256 KiB pool for atomic coherent allocations
[    0.385508] cpuidle: using governor menu
[    0.394945] kfree_debugcheck: out of range ptr 5a5a5a5ah.
[    0.398530] ------------[ cut here ]------------
[    0.403196] kernel BUG at mm/slab.c:2593!
[    0.407271] Internal error: Oops - BUG: 0 [#1] PREEMPT SMP ARM
[    0.413162] Modules linked in:
[    0.416287] CPU: 0 PID: 1 Comm: swapper/0 Not tainted 4.5.0-rc4-next-20160218-98486-g3ab40dd #1
[    0.425035] Hardware name: NVIDIA Tegra SoC (Flattened Device Tree)
[    0.431364] task: ee857380 ti: ee858000 task.ti: ee858000
[    0.436829] PC is at kfree_debugcheck+0x4c/0x5c
[    0.441417] LR is at kfree_debugcheck+0x4c/0x5c
[    0.446012] pc : [<c01e8e34>]    lr : [<c01e8e34>]    psr: 60000093
[    0.446012] sp : ee859d00  ip : 00000001  fp : 00000000
[    0.457623] r10: 20000013  r9 : c033a620  r8 : c0c9f080
[    0.462909] r7 : 5a5a5a5a  r6 : ee93da00  r5 : ee93da00  r4 : 5a5a5a5a
[    0.469498] r3 : 00000000  r2 : 00000000  r1 : 60000093  r0 : 0000002d
[    0.476085] Flags: nZCv  IRQs off  FIQs on  Mode SVC_32  ISA ARM  Segment none
[    0.483364] Control: 10c5387d  Table: 8000406a  DAC: 00000051
[    0.489170] Process swapper/0 (pid: 1, stack limit = 0xee858210)
[    0.495237] Stack: (0xee859d00 to 0xee85a000)
[    0.499662] 9d00: ee929010 c01ea2d8 ee929010 ee93da00 ee93da00 00000000 ee929000 00000000
[    0.507894] 9d20: 00000008 c033a620 00000000 c0c173a4 00000000 c042ef24 c0c173a4 ee859d48
[    0.516128] 9d40: c036c00c c09c40dc 00000000 00000000 ffffffff fe20d000 ee93da50 6000d000
[    0.524361] 9d60: ee93a410 ee929008 00000000 ee93a200 ee93a410 c0ca6114 00000000 c0c17348
[    0.532594] 9d80: ee93a400 c0c17348 00000000 00000008 00000000 c037001c c0802674 00000000
[    0.540827] 9da0: ee93a410 ffffffed ee93a410 fffffdfb c0c1735c c0c1735c 00000000 c043437c
[    0.549061] 9dc0: c043432c ee93a410 c0caa264 c0caa26c 00000000 c0432da8 00000000 00000000
[    0.557294] 9de0: ee859e10 c0433080 00000001 c0caa240 00000000 c0431330 ee839570 ee931738
[    0.565527] 9e00: ee93a410 ee93a444 c0c26028 c0432b2c ee93a410 00000001 ee930200 ee93a410
[    0.573760] 9e20: ee93a410 c0c26028 ee930200 c04321b8 ee93a410 00000000 ee93a418 c04306e8
[    0.581994] 9e40: 00000000 00000000 00000000 00000001 ee93a400 ee93a410 00000000 eefd6c90
[    0.590227] 9e60: 00000000 00000000 ee930200 c05ae0f0 00000000 eefd6c40 00000000 00000001
[    0.598460] 9e80: c0879594 c05ae204 00000001 c0caa240 00000000 00000000 ee923c40 ee923c40
[    0.606693] 9ea0: c0c6300c c07d64ec ee930200 00000000 ee930200 eefd6c40 eefd4398 c0879594
[    0.614926] 9ec0: 00000000 ee930200 c0b3b83c 00000001 00000000 c05ae46c 00000001 c0b3b83c
[    0.623160] 9ee0: 00000000 c0c065c8 c0c065c8 ee926f40 c0c60000 c0b02978 00000000 c0b02998
[    0.631393] 9f00: 00000000 c0101768 efffcc2a c0a6fbc0 00000000 00000013 00000000 ee859f38
[    0.639628] 9f20: c013764c c01377dc efffcc3c c0820514 00000101 c01378d0 00000000 c099c428
[    0.647860] 9f40: c0a6fa44 00000000 00000003 00000003 c0c0a960 efffcbc0 c0b4f678 00000003
[    0.656094] 9f60: c0b3b824 c0c60000 00000101 c0b3b83c c0b00598 c0b00dd8 00000003 00000003
[    0.664327] 9f80: 00000000 c0b00598 00000000 c07d1f64 00000000 00000000 00000000 00000000
[    0.672560] 9fa0: 00000000 c07d1f6c 00000000 c0107938 00000000 00000000 00000000 00000000
[    0.680793] 9fc0: 00000000 00000000 00000000 00000000 00000000 00000000 00000000 00000000
[    0.689027] 9fe0: 00000000 00000000 00000000 00000000 00000013 00000000 ffffffff ffffffff
[    0.697269] [<c01e8e34>] (kfree_debugcheck) from [<c01ea2d8>] (kfree+0x24/0x16c)
[    0.704721] [<c01ea2d8>] (kfree) from [<c033a620>] (kobject_set_name_vargs+0x7c/0x98)
[    0.712609] [<c033a620>] (kobject_set_name_vargs) from [<c042ef24>] (dev_set_name+0x24/0x34)
[    0.721101] [<c042ef24>] (dev_set_name) from [<c036c00c>] (gpiochip_add_data+0x9c/0x664)
[    0.729248] [<c036c00c>] (gpiochip_add_data) from [<c037001c>] (tegra_gpio_probe+0x1e8/0x324)
[    0.737826] [<c037001c>] (tegra_gpio_probe) from [<c043437c>] (platform_drv_probe+0x50/0xb0)
[    0.746320] [<c043437c>] (platform_drv_probe) from [<c0432da8>] (driver_probe_device+0x1f4/0x2b0)
[    0.755247] [<c0432da8>] (driver_probe_device) from [<c0431330>] (bus_for_each_drv+0x44/0x8c)
[    0.763826] [<c0431330>] (bus_for_each_drv) from [<c0432b2c>] (__device_attach+0x9c/0x100)
[    0.772144] [<c0432b2c>] (__device_attach) from [<c04321b8>] (bus_probe_device+0x84/0x8c)
[    0.780378] [<c04321b8>] (bus_probe_device) from [<c04306e8>] (device_add+0x33c/0x524)
[    0.788355] [<c04306e8>] (device_add) from [<c05ae0f0>] (of_platform_device_create_pdata+0x80/0xc4)
[    0.797454] [<c05ae0f0>] (of_platform_device_create_pdata) from [<c05ae204>] (of_platform_bus_create+0xd0/0x2dc)
[    0.807677] [<c05ae204>] (of_platform_bus_create) from [<c05ae46c>] (of_platform_populate+0x5c/0xac)
[    0.816866] [<c05ae46c>] (of_platform_populate) from [<c0b02998>] (customize_machine+0x20/0x44)
[    0.825620] [<c0b02998>] (customize_machine) from [<c0101768>] (do_one_initcall+0x84/0x1d4)
[    0.834025] [<c0101768>] (do_one_initcall) from [<c0b00dd8>] (kernel_init_freeable+0x11c/0x1e8)
[    0.842779] [<c0b00dd8>] (kernel_init_freeable) from [<c07d1f6c>] (kernel_init+0x8/0xf4)
[    0.850927] [<c07d1f6c>] (kernel_init) from [<c0107938>] (ret_from_fork+0x14/0x3c)
[    0.858550] Code: e8bd8010 e1a01004 e59f000c ebff00a5 (e7f001f2) 
[    0.864713] ---[ end trace 86f711fef7b5a2d5 ]---
[    0.869420] Kernel panic - not syncing: Attempted to kill init! exitcode=0x0000000b
[    0.869420] 
[    0.878655] CPU2: stopping
[    0.881427] CPU: 2 PID: 0 Comm: swapper/2 Tainted: G      D         4.5.0-rc4-next-20160218-98486-g3ab40dd #1
[    0.891390] Hardware name: NVIDIA Tegra SoC (Flattened Device Tree)
[    0.897734] [<c010f200>] (unwind_backtrace) from [<c010a868>] (show_stack+0x10/0x14)
[    0.905528] [<c010a868>] (show_stack) from [<c0337fcc>] (dump_stack+0x84/0xa4)
[    0.912805] [<c0337fcc>] (dump_stack) from [<c010d998>] (handle_IPI+0x154/0x184)
[    0.920255] [<c010d998>] (handle_IPI) from [<c0101424>] (gic_handle_irq+0x80/0x8c)
[    0.927881] [<c0101424>] (gic_handle_irq) from [<c010b3d4>] (__irq_svc+0x54/0x90)
[    0.935416] Exception stack(0xee87df90 to 0xee87dfd8)
[    0.940532] df80:                                     00000001 00000000 ee87dfe8 c0118b00
[    0.948768] dfa0: c0c0249c 00000000 c0b545d0 c0c02508 c0b5036c c0c02500 c0c5d1d6 00000000
[    0.956999] dfc0: c0b52390 ee87dfe0 c0108374 c0108378 60000013 ffffffff
[    0.963677] [<c010b3d4>] (__irq_svc) from [<c0108378>] (arch_cpu_idle+0x30/0x3c)
[    0.971135] [<c0108378>] (arch_cpu_idle) from [<c01566d8>] (cpu_startup_entry+0x19c/0x238)
[    0.979451] [<c01566d8>] (cpu_startup_entry) from [<801014cc>] (0x801014cc)
[    0.986465] CPU3: stopping
[    0.989241] CPU: 3 PID: 0 Comm: swapper/3 Tainted: G      D         4.5.0-rc4-next-20160218-98486-g3ab40dd #1
[    0.999202] Hardware name: NVIDIA Tegra SoC (Flattened Device Tree)
[    1.005546] [<c010f200>] (unwind_backtrace) from [<c010a868>] (show_stack+0x10/0x14)
[    1.013341] [<c010a868>] (show_stack) from [<c0337fcc>] (dump_stack+0x84/0xa4)
[    1.020617] [<c0337fcc>] (dump_stack) from [<c010d998>] (handle_IPI+0x154/0x184)
[    1.028068] [<c010d998>] (handle_IPI) from [<c0101424>] (gic_handle_irq+0x80/0x8c)
[    1.035694] [<c0101424>] (gic_handle_irq) from [<c010b3d4>] (__irq_svc+0x54/0x90)
[    1.043229] Exception stack(0xee881f90 to 0xee881fd8)
[    1.048346] 1f80:                                     00000001 00000000 ee881fe8 c0118b00
[    1.056582] 1fa0: c0c0249c 00000000 c0b545d0 c0c02508 c0b5036c c0c02500 c0c5d1d6 00000000
[    1.064813] 1fc0: c0b52390 ee881fe0 c0108374 c0108378 60000013 ffffffff
[    1.071490] [<c010b3d4>] (__irq_svc) from [<c0108378>] (arch_cpu_idle+0x30/0x3c)
[    1.078946] [<c0108378>] (arch_cpu_idle) from [<c01566d8>] (cpu_startup_entry+0x19c/0x238)
[    1.087263] [<c01566d8>] (cpu_startup_entry) from [<801014cc>] (0x801014cc)
[    1.094278] CPU1: stopping
[    1.097054] CPU: 1 PID: 0 Comm: swapper/1 Tainted: G      D         4.5.0-rc4-next-20160218-98486-g3ab40dd #1
[    1.107015] Hardware name: NVIDIA Tegra SoC (Flattened Device Tree)
[    1.113358] [<c010f200>] (unwind_backtrace) from [<c010a868>] (show_stack+0x10/0x14)
[    1.121153] [<c010a868>] (show_stack) from [<c0337fcc>] (dump_stack+0x84/0xa4)
[    1.128430] [<c0337fcc>] (dump_stack) from [<c010d998>] (handle_IPI+0x154/0x184)
[    1.135882] [<c010d998>] (handle_IPI) from [<c0101424>] (gic_handle_irq+0x80/0x8c)
[    1.143507] [<c0101424>] (gic_handle_irq) from [<c010b3d4>] (__irq_svc+0x54/0x90)
[    1.151043] Exception stack(0xee87bf90 to 0xee87bfd8)
[    1.156159] bf80:                                     00000001 00000000 ee87bfe8 c0118b00
[    1.164395] bfa0: c0c0249c 00000000 c0b545d0 c0c02508 c0b5036c c0c02500 c0c5d1d6 00000000
[    1.172626] bfc0: c0b52390 ee87bfe0 c0108374 c0108378 60000013 ffffffff
[    1.179303] [<c010b3d4>] (__irq_svc) from [<c0108378>] (arch_cpu_idle+0x30/0x3c)
[    1.186757] [<c0108378>] (arch_cpu_idle) from [<c01566d8>] (cpu_startup_entry+0x19c/0x238)
[    1.195075] [<c01566d8>] (cpu_startup_entry) from [<801014cc>] (0x801014cc)
[    1.202097] ---[ end Kernel panic - not syncing: Attempted to kill init! exitcode=0x0000000b
[    1.202097] 
