
U-Boot SPL 2015.04-rc3-00209-ga74ef40 (Mar 16 2015 - 14:43:39)


U-Boot 2015.04-rc3-00209-ga74ef40 (Mar 16 2015 - 14:43:39)

TEGRA20
Model: Compulab TrimSlice board
DRAM:  1 GiB
MMC:   Tegra SD/MMC: 0, Tegra SD/MMC: 1
SF: Detected W25Q80BL with page size 256 Bytes, erase size 4 KiB, total 1 MiB
tegra-pcie: PCI regions:
tegra-pcie:   I/O: 0x82000000-0x82010000
tegra-pcie:   non-prefetchable memory: 0xa0000000-0xa8000000
tegra-pcie:   prefetchable memory: 0xa8000000-0xc0000000
tegra-pcie: dual-mode configuration
tegra-pcie: probing port 0, using 2 lanes
In:    serial
Out:   serial
Err:   serial
Net:   RTL8169#0
Hit any key to stop autoboot:  2  0 
Tegra20 (TrimSlice) # 
Tegra20 (TrimSlice) # usb reset
resetting USB...
USB0:   USB EHCI 1.00
scanning bus 0 for devices... 3 USB Device(s) found
USB1:   USB EHCI 1.00
scanning bus 1 for devices... 1 USB Device(s) found
USB2:   lowlevel init failed
       scanning usb for storage devices... 0 Storage Device(s) found
       scanning usb for ethernet devices... 
Warning: asx0 using MAC address from net device
1 Ethernet Device(s) found
Tegra20 (TrimSlice) # setenv bootargs 'ignore_loglevel console=ttyS0,115200n8 rw root=PARTUUID=11eb23c1-01 rootwait gpt debug noinitrd earlyprintk init=/bin/bash'
Tegra20 (TrimSlice) # setenv ipaddr 192.168.100.103; setenv serverip 192.168.100.1; setenv tftpserverip 192.168.100.1
Tegra20 (TrimSlice) # tftpboot 0x00408000 zImage.multi_v7_defconfig
Using RTL8169#0 device
TFTP from server 192.168.100.1; our IP address is 192.168.100.103
Filename 'zImage.multi_v7_defconfig'.
Load address: 0x408000
Loading: *#################################################################
	 #################################################################
	 #################################################################
	 #################################################################
	 #################################################################
	 #################################################################
	 #################################################################
	 #################################################################
	 ###################
	 4.1 MiB/s
done
Bytes transferred = 7902848 (789680 hex)
Tegra20 (TrimSlice) # tftpboot 0x02408000 tegra20-trimslice.dtb
Using RTL8169#0 device
TFTP from server 192.168.100.1; our IP address is 192.168.100.103
Filename 'tegra20-trimslice.dtb'.
Load address: 0x2408000
Loading: *##
	 3.4 MiB/s
done
Bytes transferred = 21426 (53b2 hex)
Tegra20 (TrimSlice) # bootz 0x00408000 - 0x02408000
Kernel image @ 0x408000 [ 0x000000 - 0x789680 ]
## Flattened Device Tree blob at 02408000
   Booting using the fdt blob at 0x2408000
   Using Device Tree in place at 02408000, end 024103b1

Starting kernel ...

[    0.000000] Booting Linux on physical CPU 0x0
[    0.000000] Linux version 4.12.0-rc2-next-20170526-174524-g494a19b (jonathanh@sellafield) (gcc version 4.7.3 20130328 (prerelease) (crosstool-NG linaro-1.13.1-4.7-2013.04-20130415 - Linaro GCC 2013.04) ) #1 SMP Thu May 25 20:20:00 PDT 2017
[    0.000000] CPU: ARMv7 Processor [411fc090] revision 0 (ARMv7), cr=10c5387d
[    0.000000] CPU: PIPT / VIPT nonaliasing data cache, VIPT aliasing instruction cache
[    0.000000] OF: fdt: Machine model: Compulab TrimSlice board
[    0.000000] debug: ignoring loglevel setting.
[    0.000000] Memory policy: Data cache writealloc
[    0.000000] efi: Getting EFI parameters from FDT:
[    0.000000] efi: UEFI not found.
[    0.000000] cma: Reserved 64 MiB at 0x3c000000
[    0.000000] On node 0 totalpages: 262144
[    0.000000] free_area_init_node: node 0, pgdat c157e980, node_mem_map ef7f8000
[    0.000000]   DMA zone: 1536 pages used for memmap
[    0.000000]   DMA zone: 0 pages reserved
[    0.000000]   DMA zone: 196608 pages, LIFO batch:31
[    0.000000]   HighMem zone: 65536 pages, LIFO batch:15
[    0.000000] percpu: Embedded 17 pages/cpu @ef7c4000 s39232 r8192 d22208 u69632
[    0.000000] pcpu-alloc: s39232 r8192 d22208 u69632 alloc=17*4096
[    0.000000] pcpu-alloc: [0] 0 [0] 1 
[    0.000000] Built 1 zonelists in Zone order, mobility grouping on.  Total pages: 260608
[    0.000000] Kernel command line: ignore_loglevel console=ttyS0,115200n8 rw root=PARTUUID=11eb23c1-01 rootwait gpt debug noinitrd earlyprintk init=/bin/bash
[    0.000000] PID hash table entries: 4096 (order: 2, 16384 bytes)
[    0.000000] Dentry cache hash table entries: 131072 (order: 7, 524288 bytes)
[    0.000000] Inode-cache hash table entries: 65536 (order: 6, 262144 bytes)
[    0.000000] Memory: 954380K/1048576K available (10240K kernel code, 1561K rwdata, 4380K rodata, 2048K init, 401K bss, 28660K reserved, 65536K cma-reserved, 196608K highmem)
[    0.000000] Virtual kernel memory layout:
[    0.000000]     vector  : 0xffff0000 - 0xffff1000   (   4 kB)
[    0.000000]     fixmap  : 0xffc00000 - 0xfff00000   (3072 kB)
[    0.000000]     vmalloc : 0xf0800000 - 0xff800000   ( 240 MB)
[    0.000000]     lowmem  : 0xc0000000 - 0xf0000000   ( 768 MB)
[    0.000000]     pkmap   : 0xbfe00000 - 0xc0000000   (   2 MB)
[    0.000000]     modules : 0xbf000000 - 0xbfe00000   (  14 MB)
[    0.000000]       .text : 0xc0208000 - 0xc0d00000   (11232 kB)
[    0.000000]       .init : 0xc1200000 - 0xc1400000   (2048 kB)
[    0.000000]       .data : 0xc1400000 - 0xc15865f0   (1562 kB)
[    0.000000]        .bss : 0xc158fcb0 - 0xc15f43d8   ( 402 kB)
[    0.000000] SLUB: HWalign=64, Order=0-3, MinObjects=0, CPUs=2, Nodes=1
[    0.000000] Hierarchical RCU implementation.
[    0.000000] 	RCU event tracing is enabled.
[    0.000000] 	RCU restricting CPUs from NR_CPUS=16 to nr_cpu_ids=2.
[    0.000000] RCU: Adjusting geometry for rcu_fanout_leaf=16, nr_cpu_ids=2
[    0.000000] NR_IRQS:16 nr_irqs:16 16
[    0.000000] /interrupt-controller@60004000: 128 interrupts forwarded to /interrupt-controller@50041000
[    0.000000] L2C: platform modifies aux control register: 0x02080000 -> 0x3e480001
[    0.000000] L2C: DT/platform modifies aux control register: 0x02080000 -> 0x3e480001
[    0.000000] L2C-310 errata 727915 769419 enabled
[    0.000000] L2C-310 enabling early BRESP for Cortex-A9
[    0.000000] L2C-310: enabling full line of zeros but not enabled in Cortex-A9
[    0.000000] L2C-310 ID prefetch enabled, offset 1 lines
[    0.000000] L2C-310 cache controller enabled, 8 ways, 1024 kB
[    0.000000] L2C-310: CACHE_ID 0x410000c4, AUX_CTRL 0x7e480001
[    0.000010] sched_clock: 32 bits at 1000kHz, resolution 1000ns, wraps every 2147483647500ns
[    0.000026] clocksource: timer_us: mask: 0xffffffff max_cycles: 0xffffffff, max_idle_ns: 1911260446275 ns
[    0.000036] Switching to timer-based delay loop, resolution 1000ns
[    0.001649] Console: colour dummy device 80x30
[    0.001676] Calibrating delay loop (skipped), value calculated using timer frequency.. 2.00 BogoMIPS (lpj=10000)
[    0.001688] pid_max: default: 32768 minimum: 301
[    0.001763] Mount-cache hash table entries: 2048 (order: 1, 8192 bytes)
[    0.001774] Mountpoint-cache hash table entries: 2048 (order: 1, 8192 bytes)
[    0.002196] CPU: Testing write buffer coherency: ok
[    0.002396] CPU0: thread -1, cpu 0, socket 0, mpidr 80000000
[    0.002624] Setting up static identity map for 0x300000 - 0x3000a0
[    0.003251] Hierarchical SRCU implementation.
[    0.004071] Tegra Revision: A03 prime SKU: 8 CPU Process: 1 SoC Process: 2
[    0.004514] EFI services will not be available.
[    0.004678] smp: Bringing up secondary CPUs ...
[    0.005223] CPU1: thread -1, cpu 1, socket 0, mpidr 80000001
[    0.005288] smp: Brought up 1 node, 2 CPUs
[    0.005299] SMP: Total of 2 processors activated (4.00 BogoMIPS).
[    0.005305] CPU: All CPU(s) started in SVC mode.
[    0.005953] devtmpfs: initialized
[    0.009489] VFP support v0.3: implementor 41 architecture 3 part 30 variant 9 rev 1
[    0.009701] clocksource: jiffies: mask: 0xffffffff max_cycles: 0xffffffff, max_idle_ns: 19112604462750000 ns
[    0.009716] futex hash table entries: 512 (order: 3, 32768 bytes)
[    0.012689] pinctrl core: initialized pinctrl subsystem
[    0.013927] NET: Registered protocol family 16
[    0.015995] DMA: preallocated 256 KiB pool for atomic coherent allocations
[    0.017415] cpuidle: using governor menu
[    0.034247] No ATAGs?
[    0.034314] hw-breakpoint: found 5 (+1 reserved) breakpoint and 1 watchpoint registers.
[    0.034325] hw-breakpoint: maximum watchpoint size is 4 bytes.
[    0.039751] Serial: AMBA PL011 UART driver
[    0.051161] AT91: Could not find identification node
[    0.051718] usb1_vbus: Failed to request enable GPIO170: -517
[    0.051735] reg-fixed-voltage regulators:regulator@2: Failed to register regulator: -517
[    0.055073] vgaarb: loaded
[    0.055644] SCSI subsystem initialized
[    0.055765] libata version 3.00 loaded.
[    0.055951] usbcore: registered new interface driver usbfs
[    0.055993] usbcore: registered new interface driver hub
[    0.056031] usbcore: registered new device driver usb
[    0.057985] pps_core: LinuxPPS API ver. 1 registered
[    0.057993] pps_core: Software ver. 5.3.6 - Copyright 2005-2007 Rodolfo Giometti <giometti@linux.it>
[    0.058010] PTP clock support registered
[    0.058155] EDAC MC: Ver: 3.0.0
[    0.059931] clocksource: Switched to clocksource timer_us
[    0.099518] NET: Registered protocol family 2
[    0.099990] TCP established hash table entries: 8192 (order: 3, 32768 bytes)
[    0.100062] TCP bind hash table entries: 8192 (order: 4, 65536 bytes)
[    0.100167] TCP: Hash tables configured (established 8192 bind 8192)
[    0.100276] UDP hash table entries: 512 (order: 2, 16384 bytes)
[    0.100325] UDP-Lite hash table entries: 512 (order: 2, 16384 bytes)
[    0.100480] NET: Registered protocol family 1
[    0.100768] RPC: Registered named UNIX socket transport module.
[    0.100776] RPC: Registered udp transport module.
[    0.100781] RPC: Registered tcp transport module.
[    0.100786] RPC: Registered tcp NFSv4.1 backchannel transport module.
[    0.100795] PCI: CLS 0 bytes, default 64
[    0.101583] hw perfevents: no interrupt-affinity property for /pmu, guessing.
[    0.101735] hw perfevents: enabled with armv7_cortex_a9 PMU driver, 7 counters available
[    0.103003] workingset: timestamp_bits=30 max_order=18 bucket_order=0
[    0.109435] squashfs: version 4.0 (2009/01/31) Phillip Lougher
[    0.110062] NFS: Registering the id_resolver key type
[    0.110086] Key type id_resolver registered
[    0.110092] Key type id_legacy registered
[    0.110122] ntfs: driver 2.1.32 [Flags: R/O].
[    0.111378] bounce: pool size: 64 pages
[    0.111417] Block layer SCSI generic (bsg) driver version 0.4 loaded (major 248)
[    0.111426] io scheduler noop registered
[    0.111432] io scheduler deadline registered
[    0.111458] io scheduler cfq registered (default)
[    0.111465] io scheduler mq-deadline registered
[    0.111471] io scheduler kyber registered
[    0.122777] tegra-pcie 80003000.pcie-controller: dual-mode configuration
[    0.123490] tegra-pcie 80003000.pcie-controller: probing port 0, using 2 lanes
[    0.205999] tegra-pcie 80003000.pcie-controller: PCI host bridge to bus 0000:00
[    0.206010] pci_bus 0000:00: root bus resource [io  0x0000-0xffff]
[    0.206019] pci_bus 0000:00: root bus resource [mem 0xa0000000-0xa7ffffff]
[    0.206027] pci_bus 0000:00: root bus resource [mem 0xa8000000-0xbfffffff pref]
[    0.206035] pci_bus 0000:00: root bus resource [bus 00-ff]
[    0.206063] pci 0000:00:01.0: [10de:0bf0] type 01 class 0x060000
[    0.206093] pci_bus 0000:00: 2-byte config write to 0000:00:01.0 offset 0x88 may corrupt adjacent RW1C bits
[    0.206119] pci_bus 0000:00: 2-byte config write to 0000:00:01.0 offset 0x52 may corrupt adjacent RW1C bits
[    0.206142] pci 0000:00:01.0: PME# supported from D0 D1 D2 D3hot D3cold
[    0.206153] pci_bus 0000:00: 2-byte config write to 0000:00:01.0 offset 0x4c may corrupt adjacent RW1C bits
[    0.206319] pci_bus 0000:00: 2-byte config write to 0000:00:01.0 offset 0x3e may corrupt adjacent RW1C bits
[    0.206331] pci_bus 0000:00: 2-byte config write to 0000:00:01.0 offset 0x4 may corrupt adjacent RW1C bits
[    0.206341] pci_bus 0000:00: 1-byte config write to 0000:00:01.0 offset 0xc may corrupt adjacent RW1C bits
[    0.206348] PCI: bus0: Fast back to back transfers disabled
[    0.206357] pci 0000:00:01.0: bridge configuration invalid ([bus 00-00]), reconfiguring
[    0.206366] pci_bus 0000:00: 2-byte config write to 0000:00:01.0 offset 0x3e may corrupt adjacent RW1C bits
[    0.206377] pci_bus 0000:00: 2-byte config write to 0000:00:01.0 offset 0x3e may corrupt adjacent RW1C bits
[    0.206387] pci_bus 0000:00: 2-byte config write to 0000:00:01.0 offset 0x3e may corrupt adjacent RW1C bits
[    0.206397] pci_bus 0000:00: 2-byte config write to 0000:00:01.0 offset 0x6 may corrupt adjacent RW1C bits
[    0.206521] pci 0000:01:00.0: [10ec:8168] type 00 class 0x020000
[    0.206548] pci 0000:01:00.0: reg 0x10: [io  0x0000-0x00ff]
[    0.206572] pci 0000:01:00.0: reg 0x18: [mem 0x00000000-0x00000fff 64bit pref]
[    0.206590] pci 0000:01:00.0: reg 0x20: [mem 0x00000000-0x00003fff 64bit pref]
[    0.206603] pci 0000:01:00.0: reg 0x30: [mem 0x00000000-0x0001ffff pref]
[    0.206677] pci 0000:01:00.0: supports D1 D2
[    0.206685] pci 0000:01:00.0: PME# supported from D0 D1 D2 D3hot D3cold
[    0.229953] PCI: bus1: Fast back to back transfers disabled
[    0.229966] pci_bus 0000:01: busn_res: [bus 01-ff] end is updated to 01
[    0.229978] Disabling cpuidle LP2 state, since PCIe IRQs are in use
[    0.230038] pci 0000:00:01.0: BAR 8: assigned [mem 0xa0000000-0xa00fffff]
[    0.230050] pci 0000:00:01.0: BAR 9: assigned [mem 0xa8000000-0xa80fffff 64bit pref]
[    0.230060] pci 0000:00:01.0: BAR 7: assigned [io  0x1000-0x1fff]
[    0.230072] pci 0000:01:00.0: BAR 6: assigned [mem 0xa0000000-0xa001ffff pref]
[    0.230082] pci 0000:01:00.0: BAR 4: assigned [mem 0xa8000000-0xa8003fff 64bit pref]
[    0.230102] pci 0000:01:00.0: BAR 2: assigned [mem 0xa8004000-0xa8004fff 64bit pref]
[    0.230121] pci 0000:01:00.0: BAR 0: assigned [io  0x1000-0x10ff]
[    0.230133] pci 0000:00:01.0: PCI bridge to [bus 01]
[    0.230141] pci 0000:00:01.0:   bridge window [io  0x1000-0x1fff]
[    0.230150] pci 0000:00:01.0:   bridge window [mem 0xa0000000-0xa00fffff]
[    0.230159] pci 0000:00:01.0:   bridge window [mem 0xa8000000-0xa80fffff 64bit pref]
[    0.230181] pci 0000:00:01.0: nv_msi_ht_cap_quirk didn't locate host bridge
[    0.230241] pcieport 0000:00:01.0: enabling device (0140 -> 0143)
[    0.230431] pcieport 0000:00:01.0: Signaling PME with IRQ 295
[    0.236452] tegra-apbdma 6000a000.dma: Tegra20 APB DMA driver register 16 channels
[    0.285157] Serial: 8250/16550 driver, 4 ports, IRQ sharing disabled
[    0.287384] console [ttyS0] disabled
[    0.287421] 70006000.serial: ttyS0 at MMIO 0x70006000 (irq = 279, base_baud = 13500000) is a Tegra
[    1.357423] console [ttyS0] enabled
[    1.361482] SuperH (H)SCI(F) driver initialized
[    1.366688] msm_serial: driver initialized
[    1.370931] STMicroelectronics ASC driver initialized
[    1.380264] tegra-hdmi 54280000.hdmi: 54280000.hdmi supply hdmi not found, using dummy regulator
[    1.391060] [drm] Supports vblank timestamp caching Rev 2 (21.10.2013).
[    1.397658] [drm] No driver support for vblank timestamp query.
[    1.403608] [drm] Cannot find any crtc or sizes - going 1024x768
[    1.425828] Console: switching to colour frame buffer device 128x48
[    1.440523] drm drm: fb0:  frame buffer device
[    1.445012] [drm] Initialized tegra 0.0.0 20120330 for drm on minor 0
[    1.460687] brd: module loaded
[    1.469256] loop: module loaded
[    1.478333] m25p80 spi32766.0: found s25fl008k, expected w25q80bl
[    1.484449] m25p80 spi32766.0: s25fl008k (1024 Kbytes)
[    1.491818] libphy: Fixed MDIO Bus: probed
[    1.496677] CAN device driver interface
[    1.501196] bgmac_bcma: Broadcom 47xx GBit MAC driver loaded
[    1.507762] e1000e: Intel(R) PRO/1000 Network Driver - 3.2.6-k
[    1.513606] e1000e: Copyright(c) 1999 - 2015 Intel Corporation.
[    1.519563] igb: Intel(R) Gigabit Ethernet Network Driver - version 5.4.0-k
[    1.526519] igb: Copyright (c) 2007-2014 Intel Corporation.
[    1.532626] r8169 Gigabit Ethernet driver 2.3LK-NAPI loaded
[    1.538207] r8169 0000:01:00.0: enabling device (0140 -> 0143)
[    1.544855] r8169 0000:01:00.0 eth0: RTL8168d/8111d at 0xf08fc000, 00:01:c0:13:7d:63, XID 081000c0 IRQ 296
[    1.554525] r8169 0000:01:00.0 eth0: jumbo features [frames: 9200 bytes, tx checksumming: ko]
[    1.565144] pegasus: v0.9.3 (2013/04/25), Pegasus/Pegasus II USB Ethernet driver
[    1.572599] usbcore: registered new interface driver pegasus
[    1.578280] usbcore: registered new interface driver asix
[    1.583720] usbcore: registered new interface driver ax88179_178a
[    1.589831] usbcore: registered new interface driver cdc_ether
[    1.595705] usbcore: registered new interface driver smsc75xx
[    1.601495] usbcore: registered new interface driver smsc95xx
[    1.607253] usbcore: registered new interface driver net1080
[    1.612942] usbcore: registered new interface driver cdc_subset
[    1.618873] usbcore: registered new interface driver zaurus
[    1.624505] usbcore: registered new interface driver cdc_ncm
[    1.630439] tegra-phy c5004000.usb-phy: no vbus regulator
[    1.636916] tegra-phy c5008000.usb-phy: no vbus regulator
[    1.643632] ehci_hcd: USB 2.0 'Enhanced' Host Controller (EHCI) Driver
[    1.650163] ehci-pci: EHCI PCI platform driver
[    1.654629] ehci-platform: EHCI generic platform driver
[    1.660010] ehci-orion: EHCI orion driver
[    1.664125] SPEAr-ehci: EHCI SPEAr driver
[    1.668222] ehci-st: EHCI STMicroelectronics driver
[    1.673206] ehci-exynos: EHCI EXYNOS driver
[    1.677495] ehci-atmel: EHCI Atmel driver
[    1.681618] tegra-ehci: Tegra EHCI driver
[    1.741114] ulpi_phy_power_on: ulpi write failed
[    1.745721] tegra-ehci c5004000.usb: Failed to power on the phy
[    1.751660] tegra-ehci: probe of c5004000.usb failed with error -110
[    1.760639] tegra-ehci c5008000.usb: EHCI Host Controller
[    1.766043] tegra-ehci c5008000.usb: new USB bus registered, assigned bus number 1
[    1.773864] tegra-ehci c5008000.usb: irq 290, io mem 0xc5008000
[    1.799929] tegra-ehci c5008000.usb: USB 2.0 started, EHCI 1.00
[    1.806456] hub 1-0:1.0: USB hub found
[    1.810241] hub 1-0:1.0: 1 port detected
[    1.814461] ohci_hcd: USB 1.1 'Open' Host Controller (OHCI) Driver
[    1.820653] ohci-pci: OHCI PCI platform driver
[    1.825134] ohci-platform: OHCI generic platform driver
[    1.830520] ohci-omap3: OHCI OMAP3 driver
[    1.834621] SPEAr-ohci: OHCI SPEAr driver
[    1.838720] ohci-st: OHCI STMicroelectronics driver
[    1.843705] ohci-atmel: OHCI Atmel driver
[    1.848287] usbcore: registered new interface driver usb-storage
[    1.856893] rtc-em3027 2-0056: rtc core: registered rtc-em3027 as rtc0
[    1.864596] tegra_rtc 7000e000.rtc: rtc core: registered 7000e000.rtc as rtc1
[    1.871771] tegra_rtc 7000e000.rtc: Tegra internal Real Time Clock
[    1.878338] i2c /dev entries driver
[    1.891265] sdhci: Secure Digital Host Controller Interface driver
[    1.897431] sdhci: Copyright(c) Pierre Ossman
[    1.902949] Synopsys Designware Multimedia Card Interface Driver
[    1.909869] sdhci-pltfm: SDHCI platform and OF driver helper
[    1.924141] mmc0: Invalid maximum block size, assuming 512 bytes
[    1.989930] mmc0: SDHCI controller on c8000000.sdhci [c8000000.sdhci] using ADMA
[    1.997407] sdhci-tegra c8000600.sdhci: Got CD GPIO
[    2.002307] sdhci-tegra c8000600.sdhci: Got WP GPIO
[    2.015342] mmc1: Invalid maximum block size, assuming 512 bytes
[    2.080029] mmc1: SDHCI controller on c8000600.sdhci [c8000600.sdhci] using ADMA
[    2.088855] ledtrig-cpu: registered to indicate activity on CPUs
[    2.095145] usbcore: registered new interface driver usbhid
[    2.100720] usbhid: USB HID core driver
[    2.107817] NET: Registered protocol family 10
[    2.113249] Segment Routing with IPv6
[    2.116951] sit: IPv6, IPv4 and MPLS over IPv4 tunneling driver
[    2.123374] NET: Registered protocol family 17
[    2.127812] can: controller area network core (rev 20170425 abi 9)
[    2.134047] NET: Registered protocol family 29
[    2.138479] can: raw protocol (rev 20170425)
[    2.142751] can: broadcast manager protocol (rev 20170425 t)
[    2.148400] can: netlink gateway (rev 20170425) max_hops=1
[    2.154214] Key type dns_resolver registered
[    2.158842] ThumbEE CPU extension supported.
[    2.163126] Registering SWP/SWPB emulation handler
[    2.176026] utmi_phy_clk_enable: timeout waiting for phy to stabilize
[    2.179947] usb 1-1: new high-speed USB device number 2 using tegra-ehci
[    2.189189] tegra-ehci c5000000.usb: EHCI Host Controller
[    2.194604] tegra-ehci c5000000.usb: new USB bus registered, assigned bus number 2
[    2.202474] tegra-ehci c5000000.usb: irq 288, io mem 0xc5000000
[    2.298938] mmc1: new high speed SD card at address b368
[    2.304786] mmcblk1: mmc1:b368 NCard 1.83 GiB (ro)
[    2.312297]  mmcblk1: p1 p2
[    2.359947] tegra-ehci c5000000.usb: USB 2.0 started, EHCI 1.00
[    2.366713] hub 2-0:1.0: USB hub found
[    2.370547] hub 2-0:1.0: 1 port detected
[    2.374968] hub 1-1:1.0: USB hub found
[    2.375824] input: gpio-keys as /devices/soc0/gpio-keys/input/input0
[    2.385123] rtc-em3027 2-0056: hctosys: unable to read the hardware clock
[    2.385275] hub 1-1:1.0: 4 ports detected
[    2.396881] Waiting for root device PARTUUID=11eb23c1-01...
[    2.699995] usb 1-1.2: new high-speed USB device number 3 using tegra-ehci
[    3.267867] mmc0: host does not support reading read-only switch, assuming write-enable
[    3.278004] mmc0: new high speed SDHC card at address b368
[    3.284966] mmcblk0: mmc0:b368 NCard 3.70 GiB 
[    3.292892]  mmcblk0: p1
[    3.324979] asix 1-1.2:1.0 eth1: register 'asix' at usb-c5008000.usb-1.2, ASIX AX88772 USB 2.0 Ethernet, 00:60:6e:60:6c:68
[    3.341401] EXT4-fs (mmcblk0p1): mounting ext3 file system using the ext4 subsystem
[    3.373170] random: fast init done
[    3.586989] EXT4-fs (mmcblk0p1): recovery complete
[    3.663259] EXT4-fs (mmcblk0p1): mounted filesystem with ordered data mode. Opts: (null)
[    3.671460] VFS: Mounted root (ext3 filesystem) on device 179:17.
[    3.681779] devtmpfs: mounted
[    3.690473] Freeing unused kernel memory: 2048K
bash: cannot set terminal process group (-1): Inappropriate ioctl for device
bash: no job control in this shell
root@(none):/#  
root@(none):/# mount -t sysfs none /sys
root@(none):/# 
root@(none):/# mount -t debugfs none /sys/kernel/debug
root@(none):/# 
root@(none):/# rtcwake -d rtc1 -m mem -s 3
rtcwake: assuming RTC uses UTC ...
rtcwake: wakeup from "mem" using /dev/rtc1 at Thu Jan  1 00:00:32 1970
[   15.604584] PM: Syncing filesystems ... done.
[   15.650857] Freezing user space processes ... (elapsed 0.001 seconds) done.
[   15.659242] OOM killer disabled.
[   15.662553] Freezing remaining freezable tasks ... (elapsed 0.001 seconds) done.
[   15.671564] Suspending console(s) (use no_console_suspend to debug)
[   15.717045] pci_generic_config_write32: 38 callbacks suppressed
[   15.717091] pci_bus 0000:00: 2-byte config write to 0000:00:01.0 offset 0x9c may corrupt adjacent RW1C bits
[   15.728445] PM: suspend of devices complete after 48.170 msecs
[   15.733369] PM: late suspend of devices complete after 4.891 msecs
[   15.737378] pci_bus 0000:01: 2-byte config write to 0000:01:00.0 offset 0x44 may corrupt adjacent RW1C bits
[   15.737436] pci_bus 0000:01: 2-byte config write to 0000:01:00.0 offset 0x44 may corrupt adjacent RW1C bits
[   15.760589] PM: noirq suspend of devices complete after 27.189 msecs
[   15.760602] Disabling non-boot CPUs ...
[   15.801421] IRQ294 no longer affine to CPU1
[   15.849667] Entering suspend state LP1
[   15.849667] Suspended for 1.285 seconds
[   15.849716] Enabling non-boot CPUs ...
[   15.879471] CPU1 is up
[   15.880478] pci_bus 0000:00: 2-byte config write to 0000:00:01.0 offset 0x4c may corrupt adjacent RW1C bits
[   15.880528] pci_bus 0000:00: 2-byte config write to 0000:00:01.0 offset 0x88 may corrupt adjacent RW1C bits
[   15.880560] pci_bus 0000:00: 2-byte config write to 0000:00:01.0 offset 0x90 may corrupt adjacent RW1C bits
[   15.880588] pci_bus 0000:00: 2-byte config write to 0000:00:01.0 offset 0x98 may corrupt adjacent RW1C bits
[   15.880616] pci_bus 0000:00: 2-byte config write to 0000:00:01.0 offset 0x9c may corrupt adjacent RW1C bits
[   15.880698] pci_bus 0000:00: 2-byte config write to 0000:00:01.0 offset 0x52 may corrupt adjacent RW1C bits
[   15.880731] pci_bus 0000:00: 2-byte config write to 0000:00:01.0 offset 0x52 may corrupt adjacent RW1C bits
[   15.880807] pcieport 0000:00:01.0: nv_msi_ht_cap_quirk didn't locate host bridge
[   15.910322] PM: noirq resume of devices complete after 30.817 msecs
[   15.913837] PM: early resume of devices complete after 2.932 msecs
[   16.448852] PM: resume of devices complete after 534.983 msecs
[   16.621556] OOM killer enabled.
[   16.624684] Restarting tasks ... done.
root@(none):/# 
root@(none):/# rtcwake -d rtc1 -m mem -s 3
rtcwake: assuming RTC uses UTC ...
rtcwake: wakeup from "mem" using /dev/rtc1 at Thu Jan  1 00:00:37 1970
[   17.414749] PM: Syncing filesystems ... done.
[   17.459997] Freezing user space processes ... (elapsed 0.001 seconds) done.
[   17.468411] OOM killer disabled.
[   17.471736] Freezing remaining freezable tasks ... (elapsed 0.001 seconds) done.
[   17.480798] Suspending console(s) (use no_console_suspend to debug)
[   17.538174] PM: suspend of devices complete after 48.753 msecs
[   17.543326] PM: late suspend of devices complete after 5.119 msecs
[   17.570472] PM: noirq suspend of devices complete after 27.113 msecs
[   17.570484] Disabling non-boot CPUs ...
[   17.611300] IRQ294 no longer affine to CPU1
[   17.648336] Entering suspend state LP1
[   17.648336] Suspended for 3.201 seconds
[   17.648383] Enabling non-boot CPUs ...
[   17.679384] CPU1 is up
[   17.682001] pcieport 0000:00:01.0: nv_msi_ht_cap_quirk didn't locate host bridge
[   17.710681] PM: noirq resume of devices complete after 31.263 msecs
[   17.714502] PM: early resume of devices complete after 3.073 msecs
[   18.258939] PM: resume of devices complete after 544.404 msecs
[   18.328581] OOM killer enabled.
[   18.331719] Restarting tasks ... done.
root@(none):/# 
root@(none):/# rtcwake -d rtc1 -m mem -s 3
rtcwake: assuming RTC uses UTC ...
rtcwake: wakeup from "mem" using /dev/rtc1 at Thu Jan  1 00:00:42 1970
[   19.214936] PM: Syncing filesystems ... done.
[   19.260188] Freezing user space processes ... (elapsed 0.001 seconds) done.
[   19.268613] OOM killer disabled.
[   19.271943] Freezing remaining freezable tasks ... (elapsed 0.001 seconds) done.
[   19.281030] Suspending console(s) (use no_console_suspend to debug)
[   19.337335] PM: suspend of devices complete after 47.622 msecs
[   19.342508] PM: late suspend of devices complete after 5.139 msecs
[   19.370404] PM: noirq suspend of devices complete after 27.864 msecs
[   19.370416] Disabling non-boot CPUs ...
[   19.411104] IRQ294 no longer affine to CPU1
[   19.468332] Entering suspend state LP1
[   19.468332] Suspended for 3.179 seconds
[   19.468381] Enabling non-boot CPUs ...
[   19.499311] CPU1 is up
[   19.500285] pcieport 0000:00:01.0: nv_msi_ht_cap_quirk didn't locate host bridge
[   19.530008] PM: noirq resume of devices complete after 30.663 msecs
[   19.533482] PM: early resume of devices complete after 2.903 msecs
[   20.068567] PM: resume of devices complete after 535.052 msecs
[   20.138170] OOM killer enabled.
[   20.141308] Restarting tasks ... done.
root@(none):/# 
root@(none):/# rtcwake -d rtc1 -m mem -s 3
rtcwake: assuming RTC uses UTC ...
rtcwake: wakeup from "mem" using /dev/rtc1 at Thu Jan  1 00:00:47 1970
[   21.034577] PM: Syncing filesystems ... done.
[   21.079852] Freezing user space processes ... (elapsed 0.001 seconds) done.
[   21.088274] OOM killer disabled.
[   21.091605] Freezing remaining freezable tasks ... (elapsed 0.001 seconds) done.
[   21.100667] Suspending console(s) (use no_console_suspend to debug)
[   21.144629] pci_generic_config_write32: 65 callbacks suppressed
[   21.144675] pci_bus 0000:00: 2-byte config write to 0000:00:01.0 offset 0x9c may corrupt adjacent RW1C bits
[   21.157024] PM: suspend of devices complete after 47.673 msecs
[   21.161966] PM: late suspend of devices complete after 4.910 msecs
[   21.165959] pci_bus 0000:01: 2-byte config write to 0000:01:00.0 offset 0x44 may corrupt adjacent RW1C bits
[   21.166016] pci_bus 0000:01: 2-byte config write to 0000:01:00.0 offset 0x44 may corrupt adjacent RW1C bits
[   21.190300] PM: noirq suspend of devices complete after 28.302 msecs
[   21.190313] Disabling non-boot CPUs ...
[   21.231136] IRQ294 no longer affine to CPU1
[   21.278130] Entering suspend state LP1
[   21.278130] Suspended for 3.190 seconds
[   21.278178] Enabling non-boot CPUs ...
[   21.309205] CPU1 is up
[   21.311696] pci_bus 0000:00: 2-byte config write to 0000:00:01.0 offset 0x4c may corrupt adjacent RW1C bits
[   21.311744] pci_bus 0000:00: 2-byte config write to 0000:00:01.0 offset 0x88 may corrupt adjacent RW1C bits
[   21.311776] pci_bus 0000:00: 2-byte config write to 0000:00:01.0 offset 0x90 may corrupt adjacent RW1C bits
[   21.311806] pci_bus 0000:00: 2-byte config write to 0000:00:01.0 offset 0x98 may corrupt adjacent RW1C bits
[   21.311833] pci_bus 0000:00: 2-byte config write to 0000:00:01.0 offset 0x9c may corrupt adjacent RW1C bits
[   21.311915] pci_bus 0000:00: 2-byte config write to 0000:00:01.0 offset 0x52 may corrupt adjacent RW1C bits
[   21.311947] pci_bus 0000:00: 2-byte config write to 0000:00:01.0 offset 0x52 may corrupt adjacent RW1C bits
[   21.312024] pcieport 0000:00:01.0: nv_msi_ht_cap_quirk didn't locate host bridge
[   21.340486] PM: noirq resume of devices complete after 31.248 msecs
[   21.344328] PM: early resume of devices complete after 3.073 msecs
[   21.888783] PM: resume of devices complete after 544.422 msecs
[   22.061384] OOM killer enabled.
[   22.064512] Restarting tasks ... done.
root@(none):/# 
root@(none):/# rtcwake -d rtc1 -m mem -s 3
rtcwake: assuming RTC uses UTC ...
rtcwake: wakeup from "mem" using /dev/rtc1 at Thu Jan  1 00:00:52 1970
[   22.844506] PM: Syncing filesystems ... done.
[   22.889716] Freezing user space processes ... (elapsed 0.001 seconds) done.
[   22.898140] OOM killer disabled.
[   22.901466] Freezing remaining freezable tasks ... (elapsed 0.001 seconds) done.
[   22.910532] Suspending console(s) (use no_console_suspend to debug)
[   22.967188] PM: suspend of devices complete after 48.038 msecs
[   22.972193] PM: late suspend of devices complete after 4.973 msecs
[   23.000255] PM: noirq suspend of devices complete after 28.030 msecs
[   23.000268] Disabling non-boot CPUs ...
[   23.051052] IRQ294 no longer affine to CPU1
[   23.098095] Entering suspend state LP1
[   23.098095] Suspended for 3.179 seconds
[   23.098144] Enabling non-boot CPUs ...
[   23.129281] CPU1 is up
[   23.130470] pcieport 0000:00:01.0: nv_msi_ht_cap_quirk didn't locate host bridge
[   23.160123] PM: noirq resume of devices complete after 30.809 msecs
[   23.163848] PM: early resume of devices complete after 2.965 msecs
[   23.708040] PM: resume of devices complete after 544.159 msecs
[   23.777462] OOM killer enabled.
[   23.780600] Restarting tasks ... done.
root@(none):/# 
root@(none):/# rtcwake -d rtc1 -m mem -s 3
rtcwake: assuming RTC uses UTC ...
rtcwake: wakeup from "mem" using /dev/rtc1 at Thu Jan  1 00:00:57 1970
[   24.664371] PM: Syncing filesystems ... done.
[   24.709593] Freezing user space processes ... (elapsed 0.001 seconds) done.
[   24.718025] OOM killer disabled.
[   24.721383] Freezing remaining freezable tasks ... (elapsed 0.001 seconds) done.
[   24.730465] Suspending console(s) (use no_console_suspend to debug)
[   24.787066] PM: suspend of devices complete after 47.980 msecs
[   24.792367] PM: late suspend of devices complete after 5.267 msecs
[   24.820109] PM: noirq suspend of devices complete after 27.708 msecs
[   24.820122] Disabling non-boot CPUs ...
[   24.890816] IRQ294 no longer affine to CPU1
[   24.938053] Entering suspend state LP1
[   24.938053] Suspended for 3.159 seconds
[   24.938102] Enabling non-boot CPUs ...
[   24.969069] CPU1 is up
[   24.970047] pcieport 0000:00:01.0: nv_msi_ht_cap_quirk didn't locate host bridge
[   24.999738] PM: noirq resume of devices complete after 30.634 msecs
[   25.003246] PM: early resume of devices complete after 2.933 msecs
[   25.538573] PM: resume of devices complete after 535.294 msecs
[   25.548261] ------------[ cut here ]------------
[   25.548285] WARNING: CPU: 1 PID: 0 at kernel/time/tick-sched.c:791 __tick_nohz_idle_enter+0x2e4/0x518
[   25.548290] Modules linked in:
[   25.548299] CPU: 1 PID: 0 Comm: swapper/1 Not tainted 4.12.0-rc2-next-20170526-174524-g494a19b #1
[   25.548302] Hardware name: NVIDIA Tegra SoC (Flattened Device Tree)
[   25.548324] [<c0310770>] (unwind_backtrace) from [<c030b8ac>] (show_stack+0x10/0x14)
[   25.548336] [<c030b8ac>] (show_stack) from [<c0606118>] (dump_stack+0x84/0xa4)
[   25.548352] [<c0606118>] (dump_stack) from [<c0343fc0>] (__warn+0xd8/0x104)
[   25.548362] [<c0343fc0>] (__warn) from [<c034400c>] (warn_slowpath_null+0x20/0x28)
[   25.548371] [<c034400c>] (warn_slowpath_null) from [<c03b4f5c>] (__tick_nohz_idle_enter+0x2e4/0x518)
[   25.548383] [<c03b4f5c>] (__tick_nohz_idle_enter) from [<c0349b6c>] (irq_exit+0x9c/0x13c)
[   25.548391] [<c0349b6c>] (irq_exit) from [<c030ecf8>] (handle_IPI+0x144/0x320)
[   25.548399] [<c030ecf8>] (handle_IPI) from [<c0301794>] (gic_handle_irq+0x90/0x9c)
[   25.548406] [<c0301794>] (gic_handle_irq) from [<c030c44c>] (__irq_svc+0x6c/0x90)
[   25.548409] Exception stack(0xee8cdf38 to 0xee8cdf80)
[   25.548413] df20:                                                       00000000 00000000
[   25.548420] df40: 2e4aa000 ef7ddf00 00000000 c1431980 00000001 00000000 c158364c ef7dd258
[   25.548426] df60: ef7dd258 00000000 fa000000 ee8cdf88 c0ae0570 c0ae065c 60000013 ffffffff
[   25.548439] [<c030c44c>] (__irq_svc) from [<c0ae065c>] (cpuidle_enter_state+0x1b4/0x398)
[   25.548449] [<c0ae065c>] (cpuidle_enter_state) from [<c037c0c0>] (do_idle+0x180/0x200)
[   25.548456] [<c037c0c0>] (do_idle) from [<c037c398>] (cpu_startup_entry+0x18/0x1c)
[   25.548463] [<c037c398>] (cpu_startup_entry) from [<00301c2c>] (0x301c2c)
[   25.548467] ---[ end trace 7f598c03679c7a37 ]---
[   25.548472] basemono: 25530000000 ts->next_tick: 25530130816 dev->next_event: 25538901000 timer->active: 1 timer->expires: 25530130816
[   25.785453] OOM killer enabled.
[   25.788582] Restarting tasks ... done.
root@(none):/# 
root@(none):/# rtcwake -d rtc1 -m mem -s 3
rtcwake: assuming RTC uses UTC ...
rtcwake: wakeup from "mem" using /dev/rtc1 at Thu Jan  1 00:01:02 1970
[   26.504443] PM: Syncing filesystems ... done.
[   26.549656] Freezing user space processes ... (elapsed 0.001 seconds) done.
[   26.558090] OOM killer disabled.
[   26.561416] Freezing remaining freezable tasks ... (elapsed 0.001 seconds) done.
[   26.570485] Suspending console(s) (use no_console_suspend to debug)
[   26.615387] pci_generic_config_write32: 65 callbacks suppressed
[   26.615434] pci_bus 0000:00: 2-byte config write to 0000:00:01.0 offset 0x9c may corrupt adjacent RW1C bits
[   26.627351] PM: suspend of devices complete after 48.254 msecs
[   26.632382] PM: late suspend of devices complete after 4.997 msecs
[   26.636355] pci_bus 0000:01: 2-byte config write to 0000:01:00.0 offset 0x44 may corrupt adjacent RW1C bits
[   26.636411] pci_bus 0000:01: 2-byte config write to 0000:01:00.0 offset 0x44 may corrupt adjacent RW1C bits
[   26.660007] PM: noirq suspend of devices complete after 27.593 msecs
[   26.660020] Disabling non-boot CPUs ...
[   26.700728] IRQ294 no longer affine to CPU1
[   26.737895] Entering suspend state LP1
[   26.737895] Suspended for 3.200 seconds
[   26.737944] Enabling non-boot CPUs ...
[   26.768994] CPU1 is up
[   26.770420] pci_bus 0000:00: 2-byte config write to 0000:00:01.0 offset 0x4c may corrupt adjacent RW1C bits
[   26.770470] pci_bus 0000:00: 2-byte config write to 0000:00:01.0 offset 0x88 may corrupt adjacent RW1C bits
[   26.770503] pci_bus 0000:00: 2-byte config write to 0000:00:01.0 offset 0x90 may corrupt adjacent RW1C bits
[   26.770533] pci_bus 0000:00: 2-byte config write to 0000:00:01.0 offset 0x98 may corrupt adjacent RW1C bits
[   26.770561] pci_bus 0000:00: 2-byte config write to 0000:00:01.0 offset 0x9c may corrupt adjacent RW1C bits
[   26.770642] pci_bus 0000:00: 2-byte config write to 0000:00:01.0 offset 0x52 may corrupt adjacent RW1C bits
[   26.770675] pci_bus 0000:00: 2-byte config write to 0000:00:01.0 offset 0x52 may corrupt adjacent RW1C bits
[   26.770751] pcieport 0000:00:01.0: nv_msi_ht_cap_quirk didn't locate host bridge
[   26.799783] PM: noirq resume of devices complete after 30.756 msecs
[   26.803291] PM: early resume of devices complete after 2.933 msecs
[   27.338478] PM: resume of devices complete after 535.153 msecs
[   27.511040] OOM killer enabled.
[   27.514168] Restarting tasks ... done.
root@(none):/# 
root@(none):/# rtcwake -d rtc1 -m mem -s 3
rtcwake: assuming RTC uses UTC ...
rtcwake: wakeup from "mem" using /dev/rtc1 at Thu Jan  1 00:01:07 1970
[   28.304240] PM: Syncing filesystems ... done.
[   28.349436] Freezing user space processes ... (elapsed 0.001 seconds) done.
[   28.357868] OOM killer disabled.
[   28.361197] Freezing remaining freezable tasks ... (elapsed 0.001 seconds) done.
[   28.370273] Suspending console(s) (use no_console_suspend to debug)
[   28.427433] PM: suspend of devices complete after 48.538 msecs
[   28.432688] PM: late suspend of devices complete after 5.220 msecs
[   28.469906] PM: noirq suspend of devices complete after 37.185 msecs
[   28.469919] Disabling non-boot CPUs ...
[   28.520780] IRQ294 no longer affine to CPU1
[   28.567833] Entering suspend state LP1
[   28.567833] Suspended for 3.169 seconds
[   28.567881] Enabling non-boot CPUs ...
[   28.598871] CPU1 is up
[   28.601486] pcieport 0000:00:01.0: nv_msi_ht_cap_quirk didn't locate host bridge
[   28.630124] PM: noirq resume of devices complete after 31.219 msecs
[   28.634105] PM: early resume of devices complete after 3.208 msecs
[   29.178396] PM: resume of devices complete after 544.257 msecs
[   29.247802] OOM killer enabled.
[   29.250941] Restarting tasks ... done.
root@(none):/# 
root@(none):/# rtcwake -d rtc1 -m mem -s 3
rtcwake: assuming RTC uses UTC ...
rtcwake: wakeup from "mem" using /dev/rtc1 at Thu Jan  1 00:01:12 1970
[   30.134101] PM: Syncing filesystems ... done.
[   30.179388] Freezing user space processes ... (elapsed 0.001 seconds) done.
[   30.187829] OOM killer disabled.
[   30.191160] Freezing remaining freezable tasks ... (elapsed 0.001 seconds) done.
[   30.200226] Suspending console(s) (use no_console_suspend to debug)
[   30.256315] PM: suspend of devices complete after 47.475 msecs
[   30.261268] PM: late suspend of devices complete after 4.920 msecs
[   30.289872] PM: noirq suspend of devices complete after 28.572 msecs
[   30.289885] Disabling non-boot CPUs ...
[   30.330538] IRQ294 no longer affine to CPU1
[   30.377722] Entering suspend state LP1
[   30.377722] Suspended for 3.190 seconds
[   30.377771] Enabling non-boot CPUs ...
[   30.408806] CPU1 is up
[   30.409777] pcieport 0000:00:01.0: nv_msi_ht_cap_quirk didn't locate host bridge
[   30.439596] PM: noirq resume of devices complete after 30.756 msecs
[   30.443168] PM: early resume of devices complete after 3.002 msecs
[   30.988269] PM: resume of devices complete after 545.068 msecs
[   31.057811] OOM killer enabled.
[   31.060949] Restarting tasks ... done.
root@(none):/# 
root@(none):/# rtcwake -d rtc1 -m mem -s 3
rtcwake: assuming RTC uses UTC ...
rtcwake: wakeup from "mem" using /dev/rtc1 at Thu Jan  1 00:01:17 1970
[   31.944018] PM: Syncing filesystems ... done.
[   31.989275] Freezing user space processes ... (elapsed 0.001 seconds) done.
[   31.997712] OOM killer disabled.
[   32.001044] Freezing remaining freezable tasks ... (elapsed 0.001 seconds) done.
[   32.010153] Suspending console(s) (use no_console_suspend to debug)
[   32.054219] pci_generic_config_write32: 65 callbacks suppressed
[   32.054265] pci_bus 0000:00: 2-byte config write to 0000:00:01.0 offset 0x9c may corrupt adjacent RW1C bits
[   32.066594] PM: suspend of devices complete after 47.824 msecs
[   32.071610] PM: late suspend of devices complete after 4.982 msecs
[   32.075548] pci_bus 0000:01: 2-byte config write to 0000:01:00.0 offset 0x44 may corrupt adjacent RW1C bits
[   32.075606] pci_bus 0000:01: 2-byte config write to 0000:01:00.0 offset 0x44 may corrupt adjacent RW1C bits
[   32.099755] PM: noirq suspend of devices complete after 28.112 msecs
[   32.099768] Disabling non-boot CPUs ...
[   32.140569] IRQ294 no longer affine to CPU1
[   32.177590] Entering suspend state LP1
[   32.177590] Suspended for 3.200 seconds
[   32.177638] Enabling non-boot CPUs ...
[   32.208666] CPU1 is up
[   32.209727] pci_bus 0000:00: 2-byte config write to 0000:00:01.0 offset 0x4c may corrupt adjacent RW1C bits
[   32.209777] pci_bus 0000:00: 2-byte config write to 0000:00:01.0 offset 0x88 may corrupt adjacent RW1C bits
[   32.209810] pci_bus 0000:00: 2-byte config write to 0000:00:01.0 offset 0x90 may corrupt adjacent RW1C bits
[   32.209840] pci_bus 0000:00: 2-byte config write to 0000:00:01.0 offset 0x98 may corrupt adjacent RW1C bits
[   32.209868] pci_bus 0000:00: 2-byte config write to 0000:00:01.0 offset 0x9c may corrupt adjacent RW1C bits
[   32.209949] pci_bus 0000:00: 2-byte config write to 0000:00:01.0 offset 0x52 may corrupt adjacent RW1C bits
[   32.209982] pci_bus 0000:00: 2-byte config write to 0000:00:01.0 offset 0x52 may corrupt adjacent RW1C bits
[   32.210058] pcieport 0000:00:01.0: nv_msi_ht_cap_quirk didn't locate host bridge
[   32.239515] PM: noirq resume of devices complete after 30.815 msecs
[   32.243010] PM: early resume of devices complete after 2.920 msecs
[   32.787835] PM: resume of devices complete after 544.793 msecs
[   32.960491] OOM killer enabled.
[   32.963619] Restarting tasks ... done.
root@(none):/# 
root@(none):/# NVTB SYSTEM SUSPEND TEST COMPLETE
