

U-Boot 2011.03 (Jun 11 2013 - 06:07:37)

T114
Board: NVIDIA Dalmore
DRAM:  2 GiB
MMC:   Tegra2 SD/MMC: 0, Tegra2 SD/MMC: 1
In:    serial
Out:   serial
Err:   serial
Net:   Net Initialization Skipped
No ethernet found.
Hit any key to stop autoboot:  2  1  0 
Dalmore #
Dalmore #usb reset
(Re)start USB...
USB:   Register 10011 NbrPorts 1
USB EHCI 1.10
scanning bus for devices... 2 USB Device(s) found
       scanning bus for storage devices... 0 Storage Device(s) found
       scanning bus for ethernet devices... 1 Ethernet Device(s) found
Dalmore #setenv bootargs 'ignore_loglevel console=ttyS0,115200n8 rw root=/dev/mmcblk0p1 rootwait gpt init=/bin/bash'
Dalmore #setenv ipaddr 192.168.100.100; setenv serverip 192.168.100.1; setenv tftpserverip 192.168.100.1
Dalmore #tftpboot 0x81000000 zImage.tegra_defconfig%tegra114_mergeconfig
Waiting for Ethernet connection... done.
Using asx0 device
TFTP from server 192.168.100.1; our IP address is 192.168.100.100
Filename 'zImage.tegra_defconfig%tegra114_mergeconfig'.
Load address: 0x81000000
Loading: *#################################################  2.8 MiB/s
done
Bytes transferred = 4401432 (432918 hex)
Dalmore #tftpboot 0x82000000 tegra114-dalmore.dtb
Using asx0 device
TFTP from server 192.168.100.1; our IP address is 192.168.100.100
Filename 'tegra114-dalmore.dtb'.
Load address: 0x82000000
Loading: *#################################################  2.8 MiB/s
done
Bytes transferred = 29002 (714a hex)
Dalmore #bootz 0x81000000 - 0x82000000
## Flattened Device Tree blob at 82000000
   Booting using the fdt blob at 0x82000000
   Loading Device Tree to 81ff5000, end 81fff149 ... OK

Starting kernel ...

Timer summary in microseconds:
       Mark    Elapsed  Stage
          0          0  awake
  3,044,674  3,044,674  usb_start
  7,044,666  3,999,992  eth_start
  7,044,663         -3  tftp start
 10,982,424  3,937,761  tftp done
 13,054,975  2,072,551  start_kernel
[    0.000000] Booting Linux on physical CPU 0x0
[    0.000000] Initializing cgroup subsys cpu
[    0.000000] Initializing cgroup subsys cpuacct
[    0.000000] Linux version 3.11.0-rc5-next-20130814-06066-g463dd48 (pwalmsley@tamien) (gcc version 4.5.1 (Sourcery G++ Lite 2010.09-50) ) #1 SMP PREEMPT Wed Aug 14 01:57:35 PDT 2013
[    0.000000] CPU: ARMv7 Processor [412fc0f2] revision 2 (ARMv7), cr=10c5387d
[    0.000000] CPU: PIPT / VIPT nonaliasing data cache, PIPT instruction cache
[    0.000000] Machine: NVIDIA Tegra SoC (Flattened Device Tree), model: NVIDIA Tegra114 Dalmore evaluation board
[    0.000000] debug: ignoring loglevel setting.
[    0.000000] Memory policy: ECC disabled, Data cache writealloc
[    0.000000] On node 0 totalpages: 524032
[    0.000000] free_area_init_node: node 0, pgdat c0812240, node_mem_map c0869000
[    0.000000]   Normal zone: 1520 pages used for memmap
[    0.000000]   Normal zone: 0 pages reserved
[    0.000000]   Normal zone: 194560 pages, LIFO batch:31
[    0.000000]   HighMem zone: 2574 pages used for memmap
[    0.000000]   HighMem zone: 329472 pages, LIFO batch:31
[    0.000000] Tegra Revision: A01 SKU: 0 CPU Process: 1 Core Process: 1
[    0.000000] PERCPU: Embedded 8 pages/cpu @c1881000 s9088 r8192 d15488 u32768
[    0.000000] pcpu-alloc: s9088 r8192 d15488 u32768 alloc=8*4096
[    0.000000] pcpu-alloc: [0] 0 [0] 1 [0] 2 [0] 3 
[    0.000000] Built 1 zonelists in Zone order, mobility grouping on.  Total pages: 522512
[    0.000000] Kernel command line: ignore_loglevel console=ttyS0,115200n8 rw root=/dev/mmcblk0p1 rootwait gpt init=/bin/bash
[    0.000000] PID hash table entries: 4096 (order: 2, 16384 bytes)
[    0.000000] Dentry cache hash table entries: 131072 (order: 7, 524288 bytes)
[    0.000000] Inode-cache hash table entries: 65536 (order: 6, 262144 bytes)
[    0.000000] Memory: 2070060K/2096128K available (6037K kernel code, 278K rwdata, 1700K rodata, 216K init, 339K bss, 26068K reserved, 1317888K highmem)
[    0.000000] Virtual kernel memory layout:
[    0.000000]     vector  : 0xffff0000 - 0xffff1000   (   4 kB)
[    0.000000]     fixmap  : 0xfff00000 - 0xfffe0000   ( 896 kB)
[    0.000000]     vmalloc : 0xf0000000 - 0xff000000   ( 240 MB)
[    0.000000]     lowmem  : 0xc0000000 - 0xef800000   ( 760 MB)
[    0.000000]     pkmap   : 0xbfe00000 - 0xc0000000   (   2 MB)
[    0.000000]     modules : 0xbf000000 - 0xbfe00000   (  14 MB)
[    0.000000]       .text : 0xc0008000 - 0xc0796aa4   (7739 kB)
[    0.000000]       .init : 0xc0797000 - 0xc07cd380   ( 217 kB)
[    0.000000]       .data : 0xc07ce000 - 0xc0813940   ( 279 kB)
[    0.000000]        .bss : 0xc0813940 - 0xc08688f8   ( 340 kB)
[    0.000000] Preemptible hierarchical RCU implementation.
[    0.000000] NR_IRQS:16 nr_irqs:16 16
[    0.000000] sched_clock: 32 bits at 1000kHz, resolution 1000ns, wraps every 4294967ms
[    0.000000] Architected local timer running at 12.00MHz (virt).
[    0.000000] Switching to timer-based delay loop
[    0.000000] sched_clock: ARM arch timer >56 bits at 12000kHz, resolution 83ns
[    0.000000] Console: colour dummy device 80x30
[   13.043389] Calibrating delay loop (skipped), value calculated using timer frequency.. 24.00 BogoMIPS (lpj=120000)
[   13.043406] pid_max: default: 32768 minimum: 301
[   13.043843] Mount-cache hash table entries: 512
[   13.062198] Initializing cgroup subsys debug
[   13.062217] Initializing cgroup subsys freezer
[   13.062276] CPU: Testing write buffer coherency: ok
[   13.062608] /cpus/cpu@0 missing clock-frequency property
[   13.062620] /cpus/cpu@1 missing clock-frequency property
[   13.062628] /cpus/cpu@2 missing clock-frequency property
[   13.062637] /cpus/cpu@3 missing clock-frequency property
[   13.062653] CPU0: thread -1, cpu 0, socket 0, mpidr 80000000
[   13.062681] Setting up static identity map for 0xc05be840 - 0xc05be8d8
[   13.113634] CPU1: Booted secondary processor
[   13.113665] CPU1: thread -1, cpu 1, socket 0, mpidr 80000001
[   13.133565] CPU2: Booted secondary processor
[   13.133590] CPU2: thread -1, cpu 2, socket 0, mpidr 80000002
[   13.153509] CPU3: Booted secondary processor
[   13.153537] CPU3: thread -1, cpu 3, socket 0, mpidr 80000003
[   13.153644] Brought up 4 CPUs
[   13.153673] SMP: Total of 4 processors activated (96.00 BogoMIPS).
[   13.153681] CPU: All CPU(s) started in SVC mode.
[   13.154681] devtmpfs: initialized
[   13.167345] VFP support v0.3: implementor 41 architecture 4 part 30 variant f rev 0
[   13.167723] pinctrl core: initialized pinctrl subsystem
[   13.168250] regulator-dummy: no parameters
[   13.168739] NET: Registered protocol family 16
[   13.169000] DMA: preallocated 256 KiB pool for atomic coherent allocations
[   13.169768] cpuidle: using governor ladder
[   13.169779] cpuidle: using governor menu
[   13.180409] No ATAGs?
[   13.180438] hw-breakpoint: found 5 (+1 reserved) breakpoint and 4 watchpoint registers.
[   13.180447] hw-breakpoint: maximum watchpoint size is 8 bytes.
[   13.191088] bio: create slab <bio-0> at 0
[   13.192437] vdd_ac_bat: 5000 mV 
[   13.192853] dvdd_ts: Failed to request enable GPIO61: -517
[   13.193015] reg-fixed-voltage 1.regulator: Failed to register regulator: -517
[   13.193038] platform 1.regulator: Driver reg-fixed-voltage requests probe deferral
[   13.193238] lcd_bl_en: Failed to request enable GPIO58: -517
[   13.193382] reg-fixed-voltage 2.regulator: Failed to register regulator: -517
[   13.193403] platform 2.regulator: Driver reg-fixed-voltage requests probe deferral
[   13.193601] usb1_vbus: Failed to request enable GPIO108: -517
[   13.193744] reg-fixed-voltage 3.regulator: Failed to register regulator: -517
[   13.193766] platform 3.regulator: Driver reg-fixed-voltage requests probe deferral
[   13.193961] usb2_vbus: Failed to request enable GPIO86: -517
[   13.194104] reg-fixed-voltage 4.regulator: Failed to register regulator: -517
[   13.194126] platform 4.regulator: Driver reg-fixed-voltage requests probe deferral
[   13.194320] vdd_hdmi_5v0: Failed to request enable GPIO81: -517
[   13.194461] reg-fixed-voltage 5.regulator: Failed to register regulator: -517
[   13.194481] platform 5.regulator: Driver reg-fixed-voltage requests probe deferral
[   13.194562] platform 6.regulator: Driver reg-fixed-voltage requests probe deferral
[   13.195595] vgaarb: loaded
[   13.196686] SCSI subsystem initialized
[   13.197057] usbcore: registered new interface driver usbfs
[   13.197149] usbcore: registered new interface driver hub
[   13.197323] usbcore: registered new device driver usb
[   13.201206] vdd-cpu: 500 <--> 1520 mV at 1100 mV 
[   13.201835] tps65090 1-0048: No cache defaults, reading back from HW
[   13.208208] vdd-sys-5v0: no parameters
[   13.208258] vdd-sys-5v0: supplied by vdd_ac_bat
[   13.209696] vdd-sys-3v3: no parameters
[   13.209736] vdd-sys-3v3: supplied by vdd_ac_bat
[   13.211171] vdd-ao: no parameters
[   13.211207] vdd-ao: supplied by vdd_ac_bat
[   13.211469] vdd-lcd-bl: no parameters
[   13.211505] vdd-lcd-bl: supplied by vdd_ac_bat
[   13.211747] TPS65090_RAILSFET2: no parameters
[   13.211793] TPS65090_RAILSFET2: supplied by vdd_ac_bat
[   13.212046] vdd-modem-3v3: no parameters
[   13.212079] vdd-modem-3v3: supplied by vdd-sys-3v3
[   13.212329] avdd-lcd: no parameters
[   13.212361] avdd-lcd: supplied by vdd-sys-3v3
[   13.212635] vdd-lvds: no parameters
[   13.212668] vdd-lvds: supplied by vdd-sys-3v3
[   13.212917] vdd-sd-slot: no parameters
[   13.212950] vdd-sd-slot: supplied by vdd-sys-3v3
[   13.213217] vdd-com-3v3: no parameters
[   13.213250] vdd-com-3v3: supplied by vdd-sys-3v3
[   13.213496] vdd-sby-5v0: no parameters
[   13.213527] vdd-sby-5v0: supplied by vdd_ac_bat
[   13.213778] vdd-sby-3v3: no parameters
[   13.213822] vdd-sby-3v3: supplied by vdd_ac_bat
[   13.214179] genirq: Setting trigger mode 8 for irq 118 failed (gic_set_type+0x0/0xf0)
[   13.214602] palmas 1-0058: Irq flag is 0x00000000
[   13.228890] palmas 1-0058: Muxing GPIO ff, PWM 0, LED 0
[   13.237819] vddio-ddr: 1350 mV 
[   13.238665] vddio-ddr: supplied by vdd-ao
[   13.245606] vddio-1v8: 1800 mV 
[   13.246448] vddio-1v8: supplied by vdd-ao
[   13.253398] vdd-core: 900 <--> 1400 mV at 1100 mV 
[   13.254239] vdd-core: supplied by vdd-sys-3v3
[   13.258421] SMPS6: no parameters
[   13.266131] avdd-pll: 1050 mV 
[   13.266974] avdd-pll: supplied by vdd-sys-3v3
[   13.275284] sdhci-vdd-sd-slot: 2800 mV 
[   13.276122] sdhci-vdd-sd-slot: supplied by vdd-sys-3v3
[   13.277967] SMPS10_OUT2: at 5000 mV 
[   13.279766] SMPS10_OUT1: at 5000 mV 
[   13.282387] avdd-cam1: 2800 mV 
[   13.283226] avdd-cam1: supplied by vdd-sys-3v3
[   13.287224] avdd-cam2: 2800 mV 
[   13.288063] avdd-cam2: supplied by vdd-sys-3v3
[   13.292845] avdd-dsi-csi: 1200 mV 
[   13.293683] avdd-dsi-csi: supplied by vddio-1v8
[   13.298476] vpp-fuse: 1800 mV 
[   13.299313] vpp-fuse: supplied by vdd-sys-3v3
[   13.302548] LDO5: at 1200 mV 
[   13.303393] LDO5: supplied by vdd_ac_bat
[   13.306021] vdd-sensor-2v85: 2850 mV 
[   13.306858] vdd-sensor-2v85: supplied by vdd-sys-3v3
[   13.310866] vdd-af-cam1: 2800 mV 
[   13.311704] vdd-af-cam1: supplied by vdd-sys-3v3
[   13.319780] vdd-rtc: 900 mV 
[   13.320617] vdd-rtc: supplied by vdd-ao
[   13.324625] vddio-sdmmc-2: 1800 <--> 3300 mV at 3300 mV 
[   13.325464] vddio-sdmmc-2: supplied by sdhci-vdd-sd-slot
[   13.330264] hvdd-usb: 3300 mV 
[   13.331101] hvdd-usb: supplied by vdd-sys-5v0
[   13.335887] avdd-usb: 3300 mV 
[   13.336727] avdd-usb: supplied by vdd-sys-5v0
[   13.339930] rail-3v3: no parameters
[   13.342376] rail-5v0: no parameters
[   13.343960] REGEN3: no parameters
[   13.344169] SYSEN1: no parameters
[   13.344357] SYSEN2: no parameters
[   13.344812] Linux video capture interface: v2.00
[   13.345410] platform 7000f010.iommu: Driver tegra-smmu requests probe deferral
[   13.345715] Advanced Linux Sound Architecture Driver Initialized.
[   13.346494] Bluetooth: Core ver 2.16
[   13.346565] NET: Registered protocol family 31
[   13.346573] Bluetooth: HCI device and connection manager initialized
[   13.346598] Bluetooth: HCI socket layer initialized
[   13.346619] Bluetooth: L2CAP socket layer initialized
[   13.346667] Bluetooth: SCO socket layer initialized
[   13.347382] cfg80211: Calling CRDA to update world regulatory domain
[   13.348484] Switched to clocksource arch_sys_counter
[   13.362544] NET: Registered protocol family 2
[   13.363461] TCP established hash table entries: 8192 (order: 4, 65536 bytes)
[   13.363658] TCP bind hash table entries: 8192 (order: 4, 65536 bytes)
[   13.363835] TCP: Hash tables configured (established 8192 bind 8192)
[   13.364288] TCP: reno registered
[   13.364303] UDP hash table entries: 512 (order: 2, 16384 bytes)
[   13.364345] UDP-Lite hash table entries: 512 (order: 2, 16384 bytes)
[   13.364768] NET: Registered protocol family 1
[   13.365496] RPC: Registered named UNIX socket transport module.
[   13.365506] RPC: Registered udp transport module.
[   13.365513] RPC: Registered tcp transport module.
[   13.365521] RPC: Registered tcp NFSv4.1 backchannel transport module.
[   13.365532] PCI: CLS 0 bytes, default 64
[   13.369170] bounce pool size: 64 pages
[   13.370841] squashfs: version 4.0 (2009/01/31) Phillip Lougher
[   13.371651] msgmni has been set to 1469
[   13.373293] io scheduler noop registered (default)
[   13.384901] tegra-apbdma 6000a000.dma: Tegra20 APB DMA driver register 32 channels
[   13.385449] Serial: 8250/16550 driver, 4 ports, IRQ sharing disabled
[   13.387560] 70006300.serial: ttyS0 at MMIO 0x70006300 (irq = 122, base_baud = 25500000) is a Tegra
[   14.412520] console [ttyS0] enabled
[   14.416879] [drm] Initialized drm 1.1.0 20060810
[   14.427273] loop: module loaded
[   14.432998] m25p80 spi32766.0: w25q32dw (4096 Kbytes)
[   14.439902] pegasus: v0.9.3 (2013/04/25), Pegasus/Pegasus II USB Ethernet driver
[   14.447357] usbcore: registered new interface driver pegasus
[   14.453074] usbcore: registered new interface driver asix
[   14.458531] usbcore: registered new interface driver ax88179_178a
[   14.464675] usbcore: registered new interface driver cdc_ether
[   14.470540] usbcore: registered new interface driver r815x
[   14.476116] usbcore: registered new interface driver smsc75xx
[   14.481915] usbcore: registered new interface driver smsc95xx
[   14.487712] usbcore: registered new interface driver net1080
[   14.493403] usbcore: registered new interface driver cdc_subset
[   14.499377] usbcore: registered new interface driver zaurus
[   14.505036] usbcore: registered new interface driver cdc_ncm
[   14.510701] ehci_hcd: USB 2.0 'Enhanced' Host Controller (EHCI) Driver
[   14.517207] ehci-pci: EHCI PCI platform driver
[   14.521719] tegra-ehci: Tegra EHCI driver
[   14.525920] platform 7d008000.usb: Driver tegra-ehci requests probe deferral
[   14.533210] usbcore: registered new interface driver cdc_acm
[   14.538854] cdc_acm: USB Abstract Control Model driver for USB modems and ISDN adapters
[   14.546893] usbcore: registered new interface driver cdc_wdm
[   14.552609] usbcore: registered new interface driver usb-storage
[   14.558821] platform 7d008000.usb-phy: Driver tegra-phy requests probe deferral
[   14.566685] mousedev: PS/2 mouse device common for all mice
[   14.584273] palmas-rtc rtc.7: rtc core: registered rtc.7 as rtc0
[   14.594628] tegra_rtc 7000e000.rtc: rtc core: registered 7000e000.rtc as rtc1
[   14.601760] tegra_rtc 7000e000.rtc: Tegra internal Real Time Clock
[   14.609311] sbs-battery 0-000b: sbs_probe: Failed to get device status
[   14.615833] sbs-battery: probe of 0-000b failed with error -121
[   14.625373] sdhci: Secure Digital Host Controller Interface driver
[   14.631518] sdhci: Copyright(c) Pierre Ossman
[   14.635868] sdhci-pltfm: SDHCI platform and OF driver helper
[   14.641904] sdhci-tegra 78000400.sdhci: Got CD GPIO #170.
[   14.648347] mmc0: no vqmmc regulator found
[   14.652427] mmc0: no vmmc regulator found
[   14.656429] mmc0: Invalid maximum block size, assuming 512 bytes
[   14.703066] mmc0: SDHCI controller on 78000400.sdhci [78000400.sdhci] using ADMA
[   14.712622] mmc1: no vqmmc regulator found
[   14.716720] mmc1: no vmmc regulator found
[   14.720707] mmc1: Invalid maximum block size, assuming 512 bytes
[   14.762822] mmc1: SDHCI controller on 78000600.sdhci [78000600.sdhci] using ADMA
[   14.770882] usbcore: registered new interface driver usbhid
[   14.778486] usbhid: USB HID core driver
[   14.894613] mmc1: BKOPS_EN bit is not set
[   14.925111] mmc1: new HS200 MMC card at address 0001
[   14.930626] mmcblk0: mmc1:0001 SEM32G 29.1 GiB 
[   14.935487] mmcblk0boot0: mmc1:0001 SEM32G partition 1 4.00 MiB
[   14.941675] mmcblk0boot1: mmc1:0001 SEM32G partition 2 4.00 MiB
[   14.947858] mmcblk0rpmb: mmc1:0001 SEM32G partition 3 4.00 MiB
[   14.956176] Primary GPT is invalid, using alternate GPT.
[   14.961482]  mmcblk0: p1 p2 p3 p4 p5
[   14.968409]  mmcblk0boot1: unknown partition table
[   14.974839]  mmcblk0boot0: unknown partition table
[   15.213159] tegra-snd-rt5640 sound.4: ASoC: CPU DAI (null) not registered
[   15.219948] tegra-snd-rt5640 sound.4: snd_soc_register_card failed (-517)
[   15.226830] platform sound.4: Driver tegra-snd-rt5640 requests probe deferral
[   15.234939] TCP: cubic registered
[   15.238516] NET: Registered protocol family 10
[   15.244372] mip6: Mobile IPv6
[   15.247327] sit: IPv6 over IPv4 tunneling driver
[   15.253613] NET: Registered protocol family 17
[   15.258074] NET: Registered protocol family 15
[   15.262699] Bluetooth: RFCOMM socket layer initialized
[   15.267810] Bluetooth: RFCOMM ver 1.11
[   15.271555] Bluetooth: BNEP (Ethernet Emulation) ver 1.3
[   15.276852] Bluetooth: BNEP socket layer initialized
[   15.281801] Bluetooth: HIDP (Human Interface Emulation) ver 1.2
[   15.287702] Bluetooth: HIDP socket layer initialized
[   15.293288] Registering SWP/SWPB emulation handler
[   15.302705] hvdd-usb: disabling
[   15.308220] vdd-af-cam1: disabling
[   15.314311] vdd-sensor-2v85: disabling
[   15.320537] LDO5: disabling
[   15.326023] vpp-fuse: disabling
[   15.331656] avdd-cam2: disabling
[   15.337545] avdd-cam1: disabling
[   15.344588] vdd-com-3v3: disabling
[   15.348566] vdd-lvds: disabling
[   15.352298] avdd-lcd: disabling
[   15.356021] vdd-lcd-bl: disabling
[   15.360622] dvdd_ts: 1800 mV 
[   15.364235] lcd_bl_en: 5000 mV 
[   15.367763] usb1_vbus: 5000 mV 
[   15.371019] usb1_vbus: supplied by vdd-sys-5v0
[   15.375932] usb2_vbus: 5000 mV 
[   15.379107] usb2_vbus: supplied by vdd-sys-5v0
[   15.383949] vdd_hdmi_5v0: 5000 mV 
[   15.387361] vdd_hdmi_5v0: supplied by vdd-sys-5v0
[   15.394406] vdd_cam_1v8_reg: 1800 mV 
[   15.398578] platform 7d008000.usb: Driver tegra-ehci requests probe deferral
[   15.406400] tegra-snd-rt5640 sound.4: ASoC: CPU DAI (null) not registered
[   15.413209] tegra-snd-rt5640 sound.4: snd_soc_register_card failed (-517)
[   15.419972] platform sound.4: Driver tegra-snd-rt5640 requests probe deferral
[   15.427319] tegra-ehci 7d008000.usb: EHCI Host Controller
[   15.432754] tegra-ehci 7d008000.usb: new USB bus registered, assigned bus number 1
[   15.440596] tegra-ehci 7d008000.usb: irq 129, io mem 0x7d008000
[   15.460151] tegra-ehci 7d008000.usb: USB 2.0 started, EHCI 1.10
[   15.467448] hub 1-0:1.0: USB hub found
[   15.471293] hub 1-0:1.0: 1 port detected
[   15.476149] tegra-snd-rt5640 sound.4: ASoC: CPU DAI (null) not registered
[   15.483019] tegra-snd-rt5640 sound.4: snd_soc_register_card failed (-517)
[   15.489817] platform sound.4: Driver tegra-snd-rt5640 requests probe deferral
[   15.498146] input: gpio-keys.2 as /devices/soc0/gpio-keys.2/input/input0
[   15.506251] tegra-snd-rt5640 sound.4: ASoC: CPU DAI (null) not registered
[   15.513055] palmas-rtc rtc.7: setting system clock to 2000-01-08 16:03:39 UTC (947347419)
[   15.513215] tegra-snd-rt5640 sound.4: snd_soc_register_card failed (-517)
[   15.513251] platform sound.4: Driver tegra-snd-rt5640 requests probe deferral
[   15.535614] ALSA device list:
[   15.538574]   No soundcards found.
[   15.564640] kjournald starting.  Commit interval 5 seconds
[   15.571432] EXT3-fs (mmcblk0p1): using internal journal
[   15.576651] EXT3-fs (mmcblk0p1): recovery complete
[   15.581471] EXT3-fs (mmcblk0p1): mounted filesystem with writeback data mode
[   15.588555] VFS: Mounted root (ext3 filesystem) on device 179:1.
[   15.596034] devtmpfs: mounted
[   15.599255] Freeing unused kernel memory: 216K (c0797000 - c07cd000)
bash: cannot set terminal process group (-1): Inappropriate ioctl for device
bash: no job control in this shell
I have no name!@(none):/# [   15.788903] usb 1-1: new high-speed USB device number 2 using tegra-ehci
