

U-Boot 2011.03 (Jun 11 2013 - 06:07:37)

T114
Board: NVIDIA Dalmore
DRAM:  2 GiB
MMC:   Tegra2 SD/MMC: 0, Tegra2 SD/MMC: 1
In:    serial
Out:   serial
Err:   serial
Net:   Net Initialization Skipped
No ethernet found.
Hit any key to stop autoboot:  2  1  0 
Dalmore #
Dalmore #usb reset
(Re)start USB...
USB:   Register 10011 NbrPorts 1
USB EHCI 1.10
scanning bus for devices... 2 USB Device(s) found
       scanning bus for storage devices... 0 Storage Device(s) found
       scanning bus for ethernet devices... 1 Ethernet Device(s) found
Dalmore #setenv bootargs 'ignore_loglevel console=ttyS0,115200n8 rw root=/dev/mmcblk0p1 rootwait gpt init=/bin/bash'
Dalmore #setenv ipaddr 192.168.100.100; setenv serverip 192.168.100.1; setenv tftpserverip 192.168.100.1
Dalmore #tftpboot 0x81000000 zImage.tegra_defconfig%tegra20,114_mergeconfig
Waiting for Ethernet connection... done.
Using asx0 device
TFTP from server 192.168.100.1; our IP address is 192.168.100.100
Filename 'zImage.tegra_defconfig%tegra20,114_mergeconfig'.
Load address: 0x81000000
Loading: *#################################################  2.8 MiB/s
done
Bytes transferred = 4428328 (439228 hex)
Dalmore #tftpboot 0x82000000 tegra114-dalmore.dtb
Using asx0 device
TFTP from server 192.168.100.1; our IP address is 192.168.100.100
Filename 'tegra114-dalmore.dtb'.
Load address: 0x82000000
Loading: *#################################################  2.3 MiB/s
done
Bytes transferred = 29002 (714a hex)
Dalmore #bootz 0x81000000 - 0x82000000
## Flattened Device Tree blob at 82000000
   Booting using the fdt blob at 0x82000000
   Loading Device Tree to 81ff5000, end 81fff149 ... OK

Starting kernel ...

Timer summary in microseconds:
       Mark    Elapsed  Stage
          0          0  awake
  3,075,177  3,075,177  usb_start
  7,080,574  4,005,397  eth_start
  7,080,572         -2  tftp start
 11,032,300  3,951,728  tftp done
 13,090,684  2,058,384  start_kernel
[    0.000000] Booting Linux on physical CPU 0x0
[    0.000000] Initializing cgroup subsys cpu
[    0.000000] Initializing cgroup subsys cpuacct
[    0.000000] Linux version 3.11.0-rc5-next-20130814-06066-g463dd48 (pwalmsley@tamien) (gcc version 4.5.1 (Sourcery G++ Lite 2010.09-50) ) #1 SMP PREEMPT Wed Aug 14 02:00:00 PDT 2013
[    0.000000] CPU: ARMv7 Processor [412fc0f2] revision 2 (ARMv7), cr=10c5387d
[    0.000000] CPU: PIPT / VIPT nonaliasing data cache, PIPT instruction cache
[    0.000000] Machine: NVIDIA Tegra SoC (Flattened Device Tree), model: NVIDIA Tegra114 Dalmore evaluation board
[    0.000000] debug: ignoring loglevel setting.
[    0.000000] Memory policy: ECC disabled, Data cache writealloc
[    0.000000] On node 0 totalpages: 524032
[    0.000000] free_area_init_node: node 0, pgdat c0823140, node_mem_map c087a000
[    0.000000]   Normal zone: 1520 pages used for memmap
[    0.000000]   Normal zone: 0 pages reserved
[    0.000000]   Normal zone: 194560 pages, LIFO batch:31
[    0.000000]   HighMem zone: 2574 pages used for memmap
[    0.000000]   HighMem zone: 329472 pages, LIFO batch:31
[    0.000000] Tegra Revision: A01 SKU: 0 CPU Process: 1 Core Process: 1
[    0.000000] PERCPU: Embedded 8 pages/cpu @c1892000 s9152 r8192 d15424 u32768
[    0.000000] pcpu-alloc: s9152 r8192 d15424 u32768 alloc=8*4096
[    0.000000] pcpu-alloc: [0] 0 [0] 1 [0] 2 [0] 3 
[    0.000000] Built 1 zonelists in Zone order, mobility grouping on.  Total pages: 522512
[    0.000000] Kernel command line: ignore_loglevel console=ttyS0,115200n8 rw root=/dev/mmcblk0p1 rootwait gpt init=/bin/bash
[    0.000000] PID hash table entries: 4096 (order: 2, 16384 bytes)
[    0.000000] Dentry cache hash table entries: 131072 (order: 7, 524288 bytes)
[    0.000000] Inode-cache hash table entries: 65536 (order: 6, 262144 bytes)
[    0.000000] Memory: 2069992K/2096128K available (6054K kernel code, 290K rwdata, 1736K rodata, 220K init, 340K bss, 26136K reserved, 1317888K highmem)
[    0.000000] Virtual kernel memory layout:
[    0.000000]     vector  : 0xffff0000 - 0xffff1000   (   4 kB)
[    0.000000]     fixmap  : 0xfff00000 - 0xfffe0000   ( 896 kB)
[    0.000000]     vmalloc : 0xf0000000 - 0xff000000   ( 240 MB)
[    0.000000]     lowmem  : 0xc0000000 - 0xef800000   ( 760 MB)
[    0.000000]     pkmap   : 0xbfe00000 - 0xc0000000   (   2 MB)
[    0.000000]     modules : 0xbf000000 - 0xbfe00000   (  14 MB)
[    0.000000]       .text : 0xc0008000 - 0xc07a3d00   (7792 kB)
[    0.000000]       .init : 0xc07a4000 - 0xc07db3c0   ( 221 kB)
[    0.000000]       .data : 0xc07dc000 - 0xc0824840   ( 291 kB)
[    0.000000]        .bss : 0xc0824840 - 0xc0879bb8   ( 341 kB)
[    0.000000] Preemptible hierarchical RCU implementation.
[    0.000000] NR_IRQS:16 nr_irqs:16 16
[    0.000000] sched_clock: 32 bits at 1000kHz, resolution 1000ns, wraps every 4294967ms
[    0.000000] Architected local timer running at 12.00MHz (virt).
[    0.000000] Switching to timer-based delay loop
[    0.000000] sched_clock: ARM arch timer >56 bits at 12000kHz, resolution 83ns
[    0.000000] Console: colour dummy device 80x30
[   13.090126] Calibrating delay loop (skipped), value calculated using timer frequency.. 24.00 BogoMIPS (lpj=120000)
[   13.090144] pid_max: default: 32768 minimum: 301
[   13.090588] Mount-cache hash table entries: 512
[   13.109101] Initializing cgroup subsys debug
[   13.109118] Initializing cgroup subsys freezer
[   13.109178] CPU: Testing write buffer coherency: ok
[   13.109506] /cpus/cpu@0 missing clock-frequency property
[   13.109518] /cpus/cpu@1 missing clock-frequency property
[   13.109527] /cpus/cpu@2 missing clock-frequency property
[   13.109536] /cpus/cpu@3 missing clock-frequency property
[   13.109550] CPU0: thread -1, cpu 0, socket 0, mpidr 80000000
[   13.109595] Setting up static identity map for 0xc05c23a8 - 0xc05c2440
[   13.170342] CPU1: Booted secondary processor
[   13.170370] CPU1: thread -1, cpu 1, socket 0, mpidr 80000001
[   13.190273] CPU2: Booted secondary processor
[   13.190297] CPU2: thread -1, cpu 2, socket 0, mpidr 80000002
[   13.210218] CPU3: Booted secondary processor
[   13.210243] CPU3: thread -1, cpu 3, socket 0, mpidr 80000003
[   13.210349] Brought up 4 CPUs
[   13.210377] SMP: Total of 4 processors activated (96.00 BogoMIPS).
[   13.210385] CPU: All CPU(s) started in SVC mode.
[   13.211394] devtmpfs: initialized
[   13.224333] VFP support v0.3: implementor 41 architecture 4 part 30 variant f rev 0
[   13.224709] pinctrl core: initialized pinctrl subsystem
[   13.225238] regulator-dummy: no parameters
[   13.225728] NET: Registered protocol family 16
[   13.226001] DMA: preallocated 256 KiB pool for atomic coherent allocations
[   13.226758] cpuidle: using governor ladder
[   13.226769] cpuidle: using governor menu
[   13.237437] No ATAGs?
[   13.237465] hw-breakpoint: found 5 (+1 reserved) breakpoint and 4 watchpoint registers.
[   13.237476] hw-breakpoint: maximum watchpoint size is 8 bytes.
[   13.248383] bio: create slab <bio-0> at 0
[   13.249837] vdd_ac_bat: 5000 mV 
[   13.250153] dvdd_ts: Failed to request enable GPIO61: -517
[   13.250310] reg-fixed-voltage 1.regulator: Failed to register regulator: -517
[   13.250333] platform 1.regulator: Driver reg-fixed-voltage requests probe deferral
[   13.250528] lcd_bl_en: Failed to request enable GPIO58: -517
[   13.250673] reg-fixed-voltage 2.regulator: Failed to register regulator: -517
[   13.250694] platform 2.regulator: Driver reg-fixed-voltage requests probe deferral
[   13.250888] usb1_vbus: Failed to request enable GPIO108: -517
[   13.251029] reg-fixed-voltage 3.regulator: Failed to register regulator: -517
[   13.251050] platform 3.regulator: Driver reg-fixed-voltage requests probe deferral
[   13.251242] usb2_vbus: Failed to request enable GPIO86: -517
[   13.251383] reg-fixed-voltage 4.regulator: Failed to register regulator: -517
[   13.251405] platform 4.regulator: Driver reg-fixed-voltage requests probe deferral
[   13.251596] vdd_hdmi_5v0: Failed to request enable GPIO81: -517
[   13.251737] reg-fixed-voltage 5.regulator: Failed to register regulator: -517
[   13.251758] platform 5.regulator: Driver reg-fixed-voltage requests probe deferral
[   13.251839] platform 6.regulator: Driver reg-fixed-voltage requests probe deferral
[   13.252860] vgaarb: loaded
[   13.253939] SCSI subsystem initialized
[   13.254304] usbcore: registered new interface driver usbfs
[   13.254405] usbcore: registered new interface driver hub
[   13.254565] usbcore: registered new device driver usb
[   13.258447] vdd-cpu: 500 <--> 1520 mV at 1100 mV 
[   13.259071] tps65090 1-0048: No cache defaults, reading back from HW
[   13.265450] vdd-sys-5v0: no parameters
[   13.265498] vdd-sys-5v0: supplied by vdd_ac_bat
[   13.266939] vdd-sys-3v3: no parameters
[   13.266975] vdd-sys-3v3: supplied by vdd_ac_bat
[   13.268410] vdd-ao: no parameters
[   13.268447] vdd-ao: supplied by vdd_ac_bat
[   13.268708] vdd-lcd-bl: no parameters
[   13.268745] vdd-lcd-bl: supplied by vdd_ac_bat
[   13.269000] TPS65090_RAILSFET2: no parameters
[   13.269036] TPS65090_RAILSFET2: supplied by vdd_ac_bat
[   13.269299] vdd-modem-3v3: no parameters
[   13.269331] vdd-modem-3v3: supplied by vdd-sys-3v3
[   13.269593] avdd-lcd: no parameters
[   13.269625] avdd-lcd: supplied by vdd-sys-3v3
[   13.269869] vdd-lvds: no parameters
[   13.269900] vdd-lvds: supplied by vdd-sys-3v3
[   13.270154] vdd-sd-slot: no parameters
[   13.270186] vdd-sd-slot: supplied by vdd-sys-3v3
[   13.270454] vdd-com-3v3: no parameters
[   13.270488] vdd-com-3v3: supplied by vdd-sys-3v3
[   13.270733] vdd-sby-5v0: no parameters
[   13.270765] vdd-sby-5v0: supplied by vdd_ac_bat
[   13.271014] vdd-sby-3v3: no parameters
[   13.271046] vdd-sby-3v3: supplied by vdd_ac_bat
[   13.271413] genirq: Setting trigger mode 8 for irq 118 failed (gic_set_type+0x0/0xf0)
[   13.271825] palmas 1-0058: Irq flag is 0x00000000
[   13.286094] palmas 1-0058: Muxing GPIO ff, PWM 0, LED 0
[   13.295034] vddio-ddr: 1350 mV 
[   13.295877] vddio-ddr: supplied by vdd-ao
[   13.302824] vddio-1v8: 1800 mV 
[   13.303674] vddio-1v8: supplied by vdd-ao
[   13.310607] vdd-core: 900 <--> 1400 mV at 1100 mV 
[   13.311446] vdd-core: supplied by vdd-sys-3v3
[   13.315633] SMPS6: no parameters
[   13.323336] avdd-pll: 1050 mV 
[   13.324176] avdd-pll: supplied by vdd-sys-3v3
[   13.332496] sdhci-vdd-sd-slot: 2800 mV 
[   13.333346] sdhci-vdd-sd-slot: supplied by vdd-sys-3v3
[   13.335174] SMPS10_OUT2: at 5000 mV 
[   13.336975] SMPS10_OUT1: at 5000 mV 
[   13.339590] avdd-cam1: 2800 mV 
[   13.340425] avdd-cam1: supplied by vdd-sys-3v3
[   13.344427] avdd-cam2: 2800 mV 
[   13.345273] avdd-cam2: supplied by vdd-sys-3v3
[   13.350065] avdd-dsi-csi: 1200 mV 
[   13.350903] avdd-dsi-csi: supplied by vddio-1v8
[   13.355683] vpp-fuse: 1800 mV 
[   13.356543] vpp-fuse: supplied by vdd-sys-3v3
[   13.359759] LDO5: at 1200 mV 
[   13.360599] LDO5: supplied by vdd_ac_bat
[   13.363225] vdd-sensor-2v85: 2850 mV 
[   13.364074] vdd-sensor-2v85: supplied by vdd-sys-3v3
[   13.368075] vdd-af-cam1: 2800 mV 
[   13.368914] vdd-af-cam1: supplied by vdd-sys-3v3
[   13.376988] vdd-rtc: 900 mV 
[   13.377836] vdd-rtc: supplied by vdd-ao
[   13.381841] vddio-sdmmc-2: 1800 <--> 3300 mV at 3300 mV 
[   13.382679] vddio-sdmmc-2: supplied by sdhci-vdd-sd-slot
[   13.387472] hvdd-usb: 3300 mV 
[   13.388321] hvdd-usb: supplied by vdd-sys-5v0
[   13.393096] avdd-usb: 3300 mV 
[   13.393933] avdd-usb: supplied by vdd-sys-5v0
[   13.397138] rail-3v3: no parameters
[   13.399602] rail-5v0: no parameters
[   13.401183] REGEN3: no parameters
[   13.401388] SYSEN1: no parameters
[   13.401575] SYSEN2: no parameters
[   13.402051] Linux video capture interface: v2.00
[   13.402743] platform 7000f010.iommu: Driver tegra-smmu requests probe deferral
[   13.403048] Advanced Linux Sound Architecture Driver Initialized.
[   13.403817] Bluetooth: Core ver 2.16
[   13.403889] NET: Registered protocol family 31
[   13.403896] Bluetooth: HCI device and connection manager initialized
[   13.403922] Bluetooth: HCI socket layer initialized
[   13.403942] Bluetooth: L2CAP socket layer initialized
[   13.403989] Bluetooth: SCO socket layer initialized
[   13.404705] cfg80211: Calling CRDA to update world regulatory domain
[   13.405807] Switched to clocksource arch_sys_counter
[   13.419725] NET: Registered protocol family 2
[   13.420641] TCP established hash table entries: 8192 (order: 4, 65536 bytes)
[   13.420838] TCP bind hash table entries: 8192 (order: 4, 65536 bytes)
[   13.421015] TCP: Hash tables configured (established 8192 bind 8192)
[   13.421460] TCP: reno registered
[   13.421475] UDP hash table entries: 512 (order: 2, 16384 bytes)
[   13.421517] UDP-Lite hash table entries: 512 (order: 2, 16384 bytes)
[   13.421941] NET: Registered protocol family 1
[   13.422654] RPC: Registered named UNIX socket transport module.
[   13.422664] RPC: Registered udp transport module.
[   13.422671] RPC: Registered tcp transport module.
[   13.422679] RPC: Registered tcp NFSv4.1 backchannel transport module.
[   13.422690] PCI: CLS 0 bytes, default 64
[   13.426438] bounce pool size: 64 pages
[   13.428119] squashfs: version 4.0 (2009/01/31) Phillip Lougher
[   13.428928] msgmni has been set to 1468
[   13.430581] io scheduler noop registered (default)
[   13.442260] tegra-apbdma 6000a000.dma: Tegra20 APB DMA driver register 32 channels
[   13.442801] Serial: 8250/16550 driver, 4 ports, IRQ sharing disabled
[   13.444879] 70006300.serial: ttyS0 at MMIO 0x70006300 (irq = 122, base_baud = 25500000) is a Tegra
[   14.469860] console [ttyS0] enabled
[   14.474233] [drm] Initialized drm 1.1.0 20060810
[   14.484569] loop: module loaded
[   14.490298] m25p80 spi32766.0: w25q32dw (4096 Kbytes)
[   14.497167] pegasus: v0.9.3 (2013/04/25), Pegasus/Pegasus II USB Ethernet driver
[   14.504626] usbcore: registered new interface driver pegasus
[   14.510342] usbcore: registered new interface driver asix
[   14.515800] usbcore: registered new interface driver ax88179_178a
[   14.521956] usbcore: registered new interface driver cdc_ether
[   14.527820] usbcore: registered new interface driver r815x
[   14.533378] usbcore: registered new interface driver smsc75xx
[   14.539177] usbcore: registered new interface driver smsc95xx
[   14.544972] usbcore: registered new interface driver net1080
[   14.550663] usbcore: registered new interface driver cdc_subset
[   14.556637] usbcore: registered new interface driver zaurus
[   14.562317] usbcore: registered new interface driver cdc_ncm
[   14.567984] ehci_hcd: USB 2.0 'Enhanced' Host Controller (EHCI) Driver
[   14.574490] ehci-pci: EHCI PCI platform driver
[   14.578976] tegra-ehci: Tegra EHCI driver
[   14.583179] platform 7d008000.usb: Driver tegra-ehci requests probe deferral
[   14.590465] usbcore: registered new interface driver cdc_acm
[   14.596107] cdc_acm: USB Abstract Control Model driver for USB modems and ISDN adapters
[   14.604143] usbcore: registered new interface driver cdc_wdm
[   14.609877] usbcore: registered new interface driver usb-storage
[   14.616092] platform 7d008000.usb-phy: Driver tegra-phy requests probe deferral
[   14.623933] mousedev: PS/2 mouse device common for all mice
[   14.641532] palmas-rtc rtc.7: rtc core: registered rtc.7 as rtc0
[   14.651887] tegra_rtc 7000e000.rtc: rtc core: registered 7000e000.rtc as rtc1
[   14.659010] tegra_rtc 7000e000.rtc: Tegra internal Real Time Clock
[   14.666567] sbs-battery 0-000b: sbs_probe: Failed to get device status
[   14.673089] sbs-battery: probe of 0-000b failed with error -121
[   14.682624] sdhci: Secure Digital Host Controller Interface driver
[   14.688768] sdhci: Copyright(c) Pierre Ossman
[   14.693114] sdhci-pltfm: SDHCI platform and OF driver helper
[   14.699174] sdhci-tegra 78000400.sdhci: Got CD GPIO #170.
[   14.705620] mmc0: no vqmmc regulator found
[   14.709700] mmc0: no vmmc regulator found
[   14.713702] mmc0: Invalid maximum block size, assuming 512 bytes
[   14.760389] mmc0: SDHCI controller on 78000400.sdhci [78000400.sdhci] using ADMA
[   14.769942] mmc1: no vqmmc regulator found
[   14.774039] mmc1: no vmmc regulator found
[   14.778025] mmc1: Invalid maximum block size, assuming 512 bytes
[   14.820144] mmc1: SDHCI controller on 78000600.sdhci [78000600.sdhci] using ADMA
[   14.828188] usbcore: registered new interface driver usbhid
[   14.835788] usbhid: USB HID core driver
[   14.951900] mmc1: BKOPS_EN bit is not set
[   14.982319] mmc1: new HS200 MMC card at address 0001
[   14.987842] mmcblk0: mmc1:0001 SEM32G 29.1 GiB 
[   14.992687] mmcblk0boot0: mmc1:0001 SEM32G partition 1 4.00 MiB
[   14.998866] mmcblk0boot1: mmc1:0001 SEM32G partition 2 4.00 MiB
[   15.005034] mmcblk0rpmb: mmc1:0001 SEM32G partition 3 4.00 MiB
[   15.013339] Primary GPT is invalid, using alternate GPT.
[   15.018645]  mmcblk0: p1 p2 p3 p4 p5
[   15.025534]  mmcblk0boot1: unknown partition table
[   15.031963]  mmcblk0boot0: unknown partition table
[   15.270744] tegra-snd-rt5640 sound.4: ASoC: CPU DAI (null) not registered
[   15.277533] tegra-snd-rt5640 sound.4: snd_soc_register_card failed (-517)
[   15.284418] platform sound.4: Driver tegra-snd-rt5640 requests probe deferral
[   15.292491] TCP: cubic registered
[   15.296070] NET: Registered protocol family 10
[   15.301928] mip6: Mobile IPv6
[   15.304881] sit: IPv6 over IPv4 tunneling driver
[   15.311173] NET: Registered protocol family 17
[   15.315632] NET: Registered protocol family 15
[   15.320245] Bluetooth: RFCOMM socket layer initialized
[   15.325356] Bluetooth: RFCOMM ver 1.11
[   15.329100] Bluetooth: BNEP (Ethernet Emulation) ver 1.3
[   15.334396] Bluetooth: BNEP socket layer initialized
[   15.339344] Bluetooth: HIDP (Human Interface Emulation) ver 1.2
[   15.345245] Bluetooth: HIDP socket layer initialized
[   15.350832] Registering SWP/SWPB emulation handler
[   15.360252] hvdd-usb: disabling
[   15.365766] vdd-af-cam1: disabling
[   15.371854] vdd-sensor-2v85: disabling
[   15.378087] LDO5: disabling
[   15.383542] vpp-fuse: disabling
[   15.389177] avdd-cam2: disabling
[   15.395065] avdd-cam1: disabling
[   15.402108] vdd-com-3v3: disabling
[   15.406087] vdd-lvds: disabling
[   15.409820] avdd-lcd: disabling
[   15.413544] vdd-lcd-bl: disabling
[   15.418229] dvdd_ts: 1800 mV 
[   15.421723] lcd_bl_en: 5000 mV 
[   15.425275] usb1_vbus: 5000 mV 
[   15.428537] usb1_vbus: supplied by vdd-sys-5v0
[   15.433462] usb2_vbus: 5000 mV 
[   15.436636] usb2_vbus: supplied by vdd-sys-5v0
[   15.441469] vdd_hdmi_5v0: 5000 mV 
[   15.444883] vdd_hdmi_5v0: supplied by vdd-sys-5v0
[   15.451934] vdd_cam_1v8_reg: 1800 mV 
[   15.456114] platform 7d008000.usb: Driver tegra-ehci requests probe deferral
[   15.463970] tegra-snd-rt5640 sound.4: ASoC: CPU DAI (null) not registered
[   15.470779] tegra-snd-rt5640 sound.4: snd_soc_register_card failed (-517)
[   15.477562] platform sound.4: Driver tegra-snd-rt5640 requests probe deferral
[   15.484890] tegra-ehci 7d008000.usb: EHCI Host Controller
[   15.490325] tegra-ehci 7d008000.usb: new USB bus registered, assigned bus number 1
[   15.498172] tegra-ehci 7d008000.usb: irq 129, io mem 0x7d008000
[   15.517472] tegra-ehci 7d008000.usb: USB 2.0 started, EHCI 1.10
[   15.524766] hub 1-0:1.0: USB hub found
[   15.528609] hub 1-0:1.0: 1 port detected
[   15.533477] tegra-snd-rt5640 sound.4: ASoC: CPU DAI (null) not registered
[   15.540348] tegra-snd-rt5640 sound.4: snd_soc_register_card failed (-517)
[   15.547145] platform sound.4: Driver tegra-snd-rt5640 requests probe deferral
[   15.555482] input: gpio-keys.2 as /devices/soc0/gpio-keys.2/input/input0
[   15.563610] tegra-snd-rt5640 sound.4: ASoC: CPU DAI (null) not registered
[   15.570424] palmas-rtc rtc.7: setting system clock to 2000-01-08 16:06:31 UTC (947347591)
[   15.570579] tegra-snd-rt5640 sound.4: snd_soc_register_card failed (-517)
[   15.570615] platform sound.4: Driver tegra-snd-rt5640 requests probe deferral
[   15.592904] ALSA device list:
[   15.595858]   No soundcards found.
[   15.624416] kjournald starting.  Commit interval 5 seconds
[   15.631108] EXT3-fs (mmcblk0p1): using internal journal
[   15.636340] EXT3-fs (mmcblk0p1): recovery complete
[   15.641178] EXT3-fs (mmcblk0p1): mounted filesystem with writeback data mode
[   15.648283] VFS: Mounted root (ext3 filesystem) on device 179:1.
[   15.656223] devtmpfs: mounted
[   15.659520] Freeing unused kernel memory: 220K (c07a4000 - c07db000)
bash: cannot set terminal process group (-1): Inappropriate ioctl for device
bash: no job control in this shell
I have no name!@(none):/# [   15.846199] usb 1-1: new high-speed USB device number 2 using tegra-ehci
