

U-Boot 2011.03 (Jun 11 2013 - 06:07:37)

T114
Board: NVIDIA Dalmore
DRAM:  2 GiB
MMC:   Tegra2 SD/MMC: 0, Tegra2 SD/MMC: 1
In:    serial
Out:   serial
Err:   serial
Net:   Net Initialization Skipped
No ethernet found.
Hit any key to stop autoboot:  2  1  0 
Dalmore #
Dalmore #usb reset
(Re)start USB...
USB:   Register 10011 NbrPorts 1
USB EHCI 1.10
scanning bus for devices... 2 USB Device(s) found
       scanning bus for storage devices... 0 Storage Device(s) found
       scanning bus for ethernet devices... 1 Ethernet Device(s) found
Dalmore #setenv bootargs 'ignore_loglevel console=ttyS0,115200n8 rw root=/dev/mmcblk0p1 rootwait gpt debug init=/bin/bash'
Dalmore #setenv ipaddr 192.168.100.100; setenv serverip 192.168.100.1; setenv tftpserverip 192.168.100.1
Dalmore #tftpboot 0x81000000 zImage.tegra_defconfig%tegra114_mergeconfig
Waiting for Ethernet connection... done.
Using asx0 device
TFTP from server 192.168.100.1; our IP address is 192.168.100.100
Filename 'zImage.tegra_defconfig%tegra114_mergeconfig'.
Load address: 0x81000000
Loading: *#################################################  2.8 MiB/s
done
Bytes transferred = 4126616 (3ef798 hex)
Dalmore #tftpboot 0x82000000 tegra114-dalmore.dtb
Using asx0 device
TFTP from server 192.168.100.1; our IP address is 192.168.100.100
Filename 'tegra114-dalmore.dtb'.
Load address: 0x82000000
Loading: *#################################################  2.6 MiB/s
done
Bytes transferred = 29436 (72fc hex)
Dalmore #bootz 0x81000000 - 0x82000000
## Flattened Device Tree blob at 82000000
   Booting using the fdt blob at 0x82000000
   Loading Device Tree to 81ff5000, end 81fff2fb ... OK

Starting kernel ...

Timer summary in microseconds:
       Mark    Elapsed  Stage
          0          0  awake
  3,032,313  3,032,313  usb_start
  7,037,190  4,004,877  eth_start
  7,037,187         -3  tftp start
 10,885,307  3,848,120  tftp done
 13,047,446  2,162,139  start_kernel
Uncompressing Linux... done, booting the kernel.
[    0.000000] Booting Linux on physical CPU 0x0
[    0.000000] Initializing cgroup subsys cpu
[    0.000000] Initializing cgroup subsys cpuacct
[    0.000000] Linux version 3.13.0-rc2-next-20131206-27984-gc0a1029 (pwalmsley@kaivo) (gcc version 4.7.3 20130328 (prerelease) (crosstool-NG linaro-1.13.1-4.7-2013.04-20130415 - Linaro GCC 2013.04) ) #1 SMP PREEMPT Thu Dec 5 20:21:01 PST 2013
[    0.000000] CPU: ARMv7 Processor [412fc0f2] revision 2 (ARMv7), cr=10c5387d
[    0.000000] CPU: PIPT / VIPT nonaliasing data cache, PIPT instruction cache
[    0.000000] Machine model: NVIDIA Tegra114 Dalmore evaluation board
[    0.000000] debug: ignoring loglevel setting.
[    0.000000] cma: CMA: reserved 16 MiB at ae800000
[    0.000000] Memory policy: Data cache writealloc
[    0.000000] On node 0 totalpages: 524032
[    0.000000] free_area_init_node: node 0, pgdat c07cc600, node_mem_map c0824000
[    0.000000]   Normal zone: 1520 pages used for memmap
[    0.000000]   Normal zone: 0 pages reserved
[    0.000000]   Normal zone: 194560 pages, LIFO batch:31
[    0.000000]   HighMem zone: 2574 pages used for memmap
[    0.000000]   HighMem zone: 329472 pages, LIFO batch:31
[    0.000000] Tegra Revision: A01 SKU: 0 CPU Process: 1 Core Process: 1
[    0.000000] PERCPU: Embedded 8 pages/cpu @c183c000 s9024 r8192 d15552 u32768
[    0.000000] pcpu-alloc: s9024 r8192 d15552 u32768 alloc=8*4096
[    0.000000] pcpu-alloc: [0] 0 [0] 1 [0] 2 [0] 3 
[    0.000000] Built 1 zonelists in Zone order, mobility grouping on.  Total pages: 522512
[    0.000000] Kernel command line: ignore_loglevel console=ttyS0,115200n8 rw root=/dev/mmcblk0p1 rootwait gpt debug init=/bin/bash
[    0.000000] PID hash table entries: 4096 (order: 2, 16384 bytes)
[    0.000000] Dentry cache hash table entries: 131072 (order: 7, 524288 bytes)
[    0.000000] Inode-cache hash table entries: 65536 (order: 6, 262144 bytes)
[    0.000000] Memory: 2053920K/2096128K available (5635K kernel code, 295K rwdata, 1784K rodata, 232K init, 342K bss, 42208K reserved, 1317888K highmem)
[    0.000000] Virtual kernel memory layout:
[    0.000000]     vector  : 0xffff0000 - 0xffff1000   (   4 kB)
[    0.000000]     fixmap  : 0xfff00000 - 0xfffe0000   ( 896 kB)
[    0.000000]     vmalloc : 0xf0000000 - 0xff000000   ( 240 MB)
[    0.000000]     lowmem  : 0xc0000000 - 0xef800000   ( 760 MB)
[    0.000000]     pkmap   : 0xbfe00000 - 0xc0000000   (   2 MB)
[    0.000000]     modules : 0xbf000000 - 0xbfe00000   (  14 MB)
[    0.000000]       .text : 0xc0008000 - 0xc074720c   (7421 kB)
[    0.000000]       .init : 0xc0748000 - 0xc0782340   ( 233 kB)
[    0.000000]       .data : 0xc0784000 - 0xc07cdd60   ( 296 kB)
[    0.000000]        .bss : 0xc07cdd6c - 0xc08237fc   ( 343 kB)
[    0.000000] Preemptible hierarchical RCU implementation.
[    0.000000] NR_IRQS:16 nr_irqs:16 16
[    0.000000] sched_clock: 32 bits at 1000kHz, resolution 1000ns, wraps every 2147483648000ns
[    0.000000] Architected cp15 timer(s) running at 12.00MHz (virt).
[    0.000000] sched_clock: 56 bits at 12MHz, resolution 83ns, wraps every 2863311536128ns
[    0.000000] Switching to timer-based delay loop
[    0.000000] Console: colour dummy device 80x30
[    0.000467] Calibrating delay loop (skipped), value calculated using timer frequency.. 24.00 BogoMIPS (lpj=120000)
[    0.000484] pid_max: default: 32768 minimum: 301
[    0.000904] Mount-cache hash table entries: 512
[    0.019464] Initializing cgroup subsys debug
[    0.019482] Initializing cgroup subsys freezer
[    0.019556] CPU: Testing write buffer coherency: ok
[    0.019910] /cpus/cpu@0 missing clock-frequency property
[    0.019933] /cpus/cpu@1 missing clock-frequency property
[    0.019955] /cpus/cpu@2 missing clock-frequency property
[    0.019978] /cpus/cpu@3 missing clock-frequency property
[    0.019992] CPU0: thread -1, cpu 0, socket 0, mpidr 80000000
[    0.020017] Setting up static identity map for 0x80558000 - 0x80558098
[    0.080896] CPU1: Booted secondary processor
[    0.080925] CPU1: thread -1, cpu 1, socket 0, mpidr 80000001
[    0.100933] CPU2: Booted secondary processor
[    0.100959] CPU2: thread -1, cpu 2, socket 0, mpidr 80000002
[    0.120905] CPU3: Booted secondary processor
[    0.120930] CPU3: thread -1, cpu 3, socket 0, mpidr 80000003
[    0.121108] Brought up 4 CPUs
[    0.121136] SMP: Total of 4 processors activated.
[    0.121144] CPU: All CPU(s) started in SVC mode.
[    0.122171] devtmpfs: initialized
[    0.135425] VFP support v0.3: implementor 41 architecture 4 part 30 variant f rev 0
[    0.136145] pinctrl core: initialized pinctrl subsystem
[    0.136895] regulator-dummy: no parameters
[    0.137794] NET: Registered protocol family 16
[    0.139118] DMA: preallocated 256 KiB pool for atomic coherent allocations
[    0.140295] cpuidle: using governor ladder
[    0.140307] cpuidle: using governor menu
[    0.154705] No ATAGs?
[    0.154734] hw-breakpoint: found 5 (+1 reserved) breakpoint and 4 watchpoint registers.
[    0.154744] hw-breakpoint: maximum watchpoint size is 8 bytes.
[    0.172043] bio: create slab <bio-0> at 0
[    0.173689] vdd_ac_bat: 5000 mV 
[    0.174181] dvdd_ts: Failed to request enable GPIO61: -517
[    0.174347] reg-fixed-voltage 1.regulator: Failed to register regulator: -517
[    0.174373] platform 1.regulator: Driver reg-fixed-voltage requests probe deferral
[    0.174710] lcd_bl_en: Failed to request enable GPIO58: -517
[    0.174859] reg-fixed-voltage 2.regulator: Failed to register regulator: -517
[    0.174883] platform 2.regulator: Driver reg-fixed-voltage requests probe deferral
[    0.175218] usb1_vbus: Failed to request enable GPIO108: -517
[    0.175366] reg-fixed-voltage 3.regulator: Failed to register regulator: -517
[    0.175389] platform 3.regulator: Driver reg-fixed-voltage requests probe deferral
[    0.175724] usb2_vbus: Failed to request enable GPIO86: -517
[    0.175871] reg-fixed-voltage 4.regulator: Failed to register regulator: -517
[    0.175893] platform 4.regulator: Driver reg-fixed-voltage requests probe deferral
[    0.176225] vdd_hdmi_5v0: Failed to request enable GPIO81: -517
[    0.176372] reg-fixed-voltage 5.regulator: Failed to register regulator: -517
[    0.176394] platform 5.regulator: Driver reg-fixed-voltage requests probe deferral
[    0.176490] platform 6.regulator: Driver reg-fixed-voltage requests probe deferral
[    0.177816] vgaarb: loaded
[    0.179090] SCSI subsystem initialized
[    0.179669] usbcore: registered new interface driver usbfs
[    0.179823] usbcore: registered new interface driver hub
[    0.180018] usbcore: registered new device driver usb
[    0.185078] vdd-cpu: 500 <--> 1520 mV at 1100 mV 
[    0.185833] tps65090 1-0048: No cache defaults, reading back from HW
[    0.192434] vdd-sys-5v0: no parameters
[    0.192518] vdd-sys-5v0: supplied by vdd_ac_bat
[    0.194089] vdd-sys-3v3: no parameters
[    0.194159] vdd-sys-3v3: supplied by vdd_ac_bat
[    0.195709] vdd-ao: no parameters
[    0.195780] vdd-ao: supplied by vdd_ac_bat
[    0.196150] vdd-lcd-bl: no parameters
[    0.196222] vdd-lcd-bl: supplied by vdd_ac_bat
[    0.196606] TPS65090_RAILSFET2: no parameters
[    0.196676] TPS65090_RAILSFET2: supplied by vdd_ac_bat
[    0.197038] vdd-modem-3v3: no parameters
[    0.197105] vdd-modem-3v3: supplied by vdd-sys-3v3
[    0.197472] avdd-lcd: no parameters
[    0.197537] avdd-lcd: supplied by vdd-sys-3v3
[    0.197906] vdd-lvds: no parameters
[    0.197972] vdd-lvds: supplied by vdd-sys-3v3
[    0.198354] vdd-sd-slot: no parameters
[    0.198420] vdd-sd-slot: supplied by vdd-sys-3v3
[    0.198784] vdd-com-3v3: no parameters
[    0.198850] vdd-com-3v3: supplied by vdd-sys-3v3
[    0.199231] vdd-sby-5v0: no parameters
[    0.199290] vdd-sby-5v0: supplied by vdd_ac_bat
[    0.199648] vdd-sby-3v3: no parameters
[    0.199707] vdd-sby-3v3: supplied by vdd_ac_bat
[    0.200183] genirq: Setting trigger mode 8 for irq 118 failed (gic_set_type+0x0/0xf0)
[    0.200715] palmas 1-0058: Irq flag is 0x00000000
[    0.215256] palmas 1-0058: Muxing GPIO ff, PWM 0, LED 0
[    0.224584] vddio-ddr: 1350 mV 
[    0.225493] vddio-ddr: supplied by vdd-ao
[    0.232586] vddio-1v8: 1800 mV 
[    0.233492] vddio-1v8: supplied by vdd-ao
[    0.240577] vdd-core: 900 <--> 1400 mV at 1100 mV 
[    0.241484] vdd-core: supplied by vdd-sys-3v3
[    0.245795] SMPS6: no parameters
[    0.253709] avdd-pll: 1050 mV 
[    0.254619] avdd-pll: supplied by vdd-sys-3v3
[    0.263059] sdhci-vdd-sd-slot: 2800 mV 
[    0.263978] sdhci-vdd-sd-slot: supplied by vdd-sys-3v3
[    0.265933] SMPS10_OUT2: at 5000 mV 
[    0.267907] SMPS10_OUT1: at 5000 mV 
[    0.270717] avdd-cam1: 2800 mV 
[    0.271611] avdd-cam1: supplied by vdd-sys-3v3
[    0.275748] avdd-cam2: 2800 mV 
[    0.276644] avdd-cam2: supplied by vdd-sys-3v3
[    0.281548] avdd-dsi-csi: 1200 mV 
[    0.282444] avdd-dsi-csi: supplied by vddio-1v8
[    0.287362] vpp-fuse: 1800 mV 
[    0.288256] vpp-fuse: supplied by vdd-sys-3v3
[    0.291600] LDO5: at 1200 mV 
[    0.292500] LDO5: supplied by vdd_ac_bat
[    0.295248] vdd-sensor-2v85: 2850 mV 
[    0.296145] vdd-sensor-2v85: supplied by vdd-sys-3v3
[    0.300282] vdd-af-cam1: 2800 mV 
[    0.301191] vdd-af-cam1: supplied by vdd-sys-3v3
[    0.309440] vdd-rtc: 900 mV 
[    0.310338] vdd-rtc: supplied by vdd-ao
[    0.314470] vddio-sdmmc-2: 1800 <--> 3300 mV at 3300 mV 
[    0.315378] vddio-sdmmc-2: supplied by sdhci-vdd-sd-slot
[    0.320275] hvdd-usb: 3300 mV 
[    0.321171] hvdd-usb: supplied by vdd-sys-5v0
[    0.326099] avdd-usb: 3300 mV 
[    0.326995] avdd-usb: supplied by vdd-sys-5v0
[    0.330325] rail-3v3: no parameters
[    0.332865] rail-5v0: no parameters
[    0.334574] REGEN3: no parameters
[    0.334914] SYSEN1: no parameters
[    0.335264] SYSEN2: no parameters
[    0.336093] Linux video capture interface: v2.00
[    0.336831] platform 70019010.iommu: Driver tegra-smmu requests probe deferral
[    0.337206] Advanced Linux Sound Architecture Driver Initialized.
[    0.338475] Bluetooth: Core ver 2.17
[    0.338552] NET: Registered protocol family 31
[    0.338561] Bluetooth: HCI device and connection manager initialized
[    0.338585] Bluetooth: HCI socket layer initialized
[    0.338607] Bluetooth: L2CAP socket layer initialized
[    0.338662] Bluetooth: SCO socket layer initialized
[    0.339339] cfg80211: Calling CRDA to update world regulatory domain
[    0.340043] Switched to clocksource arch_sys_counter
[    0.361737] NET: Registered protocol family 2
[    0.362659] TCP established hash table entries: 8192 (order: 3, 32768 bytes)
[    0.362766] TCP bind hash table entries: 8192 (order: 4, 65536 bytes)
[    0.362953] TCP: Hash tables configured (established 8192 bind 8192)
[    0.363378] TCP: reno registered
[    0.363394] UDP hash table entries: 512 (order: 2, 16384 bytes)
[    0.363436] UDP-Lite hash table entries: 512 (order: 2, 16384 bytes)
[    0.363852] NET: Registered protocol family 1
[    0.364590] RPC: Registered named UNIX socket transport module.
[    0.364600] RPC: Registered udp transport module.
[    0.364608] RPC: Registered tcp transport module.
[    0.364616] RPC: Registered tcp NFSv4.1 backchannel transport module.
[    0.364628] PCI: CLS 0 bytes, default 64
[    0.369795] bounce pool size: 64 pages
[    0.371568] squashfs: version 4.0 (2009/01/31) Phillip Lougher
[    0.372352] msgmni has been set to 1469
[    0.374038] io scheduler noop registered (default)
[    0.401559] tegra-apbdma 6000a000.dma: Tegra20 APB DMA driver register 32 channels
[    0.402240] Serial: 8250/16550 driver, 4 ports, IRQ sharing disabled
[    0.405573] 70006300.serial: ttyS0 at MMIO 0x70006300 (irq = 122, base_baud = 25500000) is a Tegra
[    1.440124] console [ttyS0] enabled
[    1.444698] [drm] Initialized drm 1.1.0 20060810
[    1.460149] loop: module loaded
[    1.467009] m25p80 spi32766.0: w25q32dw (4096 Kbytes)
[    1.474893] pegasus: v0.9.3 (2013/04/25), Pegasus/Pegasus II USB Ethernet driver
[    1.482438] usbcore: registered new interface driver pegasus
[    1.488247] usbcore: registered new interface driver asix
[    1.493768] usbcore: registered new interface driver ax88179_178a
[    1.499962] usbcore: registered new interface driver cdc_ether
[    1.505931] usbcore: registered new interface driver r815x
[    1.511585] usbcore: registered new interface driver smsc75xx
[    1.517478] usbcore: registered new interface driver smsc95xx
[    1.523348] usbcore: registered new interface driver net1080
[    1.529119] usbcore: registered new interface driver cdc_subset
[    1.535155] usbcore: registered new interface driver zaurus
[    1.540921] usbcore: registered new interface driver cdc_ncm
[    1.546609] ehci_hcd: USB 2.0 'Enhanced' Host Controller (EHCI) Driver
[    1.553141] ehci-pci: EHCI PCI platform driver
[    1.557691] tegra-ehci: Tegra EHCI driver
[    1.561934] platform 7d008000.usb: Driver tegra-ehci requests probe deferral
[    1.569378] usbcore: registered new interface driver cdc_acm
[    1.575042] cdc_acm: USB Abstract Control Model driver for USB modems and ISDN adapters
[    1.583159] usbcore: registered new interface driver cdc_wdm
[    1.588987] usbcore: registered new interface driver usb-storage
[    1.595258] platform 7d008000.usb-phy: Driver tegra-phy requests probe deferral
[    1.603365] mousedev: PS/2 mouse device common for all mice
[    1.621465] palmas-rtc rtc.7: rtc core: registered rtc.7 as rtc0
[    1.632126] tegra_rtc 7000e000.rtc: rtc core: registered 7000e000.rtc as rtc1
[    1.639276] tegra_rtc 7000e000.rtc: Tegra internal Real Time Clock
[    1.646993] sbs-battery 0-000b: sbs_probe: Failed to get device status
[    1.653540] sbs-battery: probe of 0-000b failed with error -121
[    1.678348] sdhci: Secure Digital Host Controller Interface driver
[    1.684550] sdhci: Copyright(c) Pierre Ossman
[    1.688913] sdhci-pltfm: SDHCI platform and OF driver helper
[    1.695037] sdhci-tegra 78000400.sdhci: Got CD GPIO #170.
[    1.701536] sdhci-tegra 78000400.sdhci: dummy supplies not allowed
[    1.707719] mmc0: no vqmmc regulator found
[    1.711845] sdhci-tegra 78000400.sdhci: dummy supplies not allowed
[    1.718025] mmc0: no vmmc regulator found
[    1.722054] mmc0: Invalid maximum block size, assuming 512 bytes
[    1.770068] mmc0: SDHCI controller on 78000400.sdhci [78000400.sdhci] using ADMA
[    1.779698] sdhci-tegra 78000600.sdhci: dummy supplies not allowed
[    1.785897] mmc1: no vqmmc regulator found
[    1.790009] sdhci-tegra 78000600.sdhci: dummy supplies not allowed
[    1.796203] mmc1: no vmmc regulator found
[    1.800229] mmc1: Invalid maximum block size, assuming 512 bytes
[    1.850065] mmc1: SDHCI controller on 78000600.sdhci [78000600.sdhci] using ADMA
[    1.858464] usbcore: registered new interface driver usbhid
[    1.866136] usbhid: USB HID core driver
[    1.982322] mmc1: BKOPS_EN bit is not set
[    2.012949] mmc1: new HS200 MMC card at address 0001
[    2.018671] isa bounce pool size: 16 pages
[    2.022974] mmcblk0: mmc1:0001 SEM32G 29.1 GiB 
[    2.027880] mmcblk0boot0: mmc1:0001 SEM32G partition 1 4.00 MiB
[    2.034166] mmcblk0boot1: mmc1:0001 SEM32G partition 2 4.00 MiB
[    2.040416] mmcblk0rpmb: mmc1:0001 SEM32G partition 3 4.00 MiB
[    2.049225] Primary GPT is invalid, using alternate GPT.
[    2.054627]  mmcblk0: p1 p2 p3 p4 p5
[    2.064004]  mmcblk0boot1: unknown partition table
[    2.071194]  mmcblk0boot0: unknown partition table
[    2.323940] tegra-snd-rt5640 sound.4: ASoC: CPU DAI (null) not registered
[    2.330790] tegra-snd-rt5640 sound.4: snd_soc_register_card failed (-517)
[    2.337614] platform sound.4: Driver tegra-snd-rt5640 requests probe deferral
[    2.345916] TCP: cubic registered
[    2.349521] NET: Registered protocol family 10
[    2.355498] mip6: Mobile IPv6
[    2.358478] sit: IPv6 over IPv4 tunneling driver
[    2.366078] NET: Registered protocol family 17
[    2.370619] NET: Registered protocol family 15
[    2.375219] Bluetooth: RFCOMM socket layer initialized
[    2.380401] Bluetooth: RFCOMM ver 1.11
[    2.384170] Bluetooth: BNEP (Ethernet Emulation) ver 1.3
[    2.389504] Bluetooth: BNEP socket layer initialized
[    2.394486] Bluetooth: HIDP (Human Interface Emulation) ver 1.2
[    2.400438] Bluetooth: HIDP socket layer initialized
[    2.406705] Registering SWP/SWPB emulation handler
[    2.416708] hvdd-usb: disabling
[    2.422656] vdd-af-cam1: disabling
[    2.429082] LDO5: disabling
[    2.434794] vpp-fuse: disabling
[    2.441271] avdd-cam2: disabling
[    2.447398] avdd-cam1: disabling
[    2.454822] vdd-com-3v3: disabling
[    2.458835] vdd-lvds: disabling
[    2.462607] avdd-lcd: disabling
[    2.466389] vdd-lcd-bl: disabling
[    2.471800] dvdd_ts: 1800 mV 
[    2.475611] lcd_bl_en: 5000 mV 
[    2.479643] usb1_vbus: 5000 mV 
[    2.483107] usb1_vbus: supplied by vdd-sys-5v0
[    2.488426] usb2_vbus: 5000 mV 
[    2.491804] usb2_vbus: supplied by vdd-sys-5v0
[    2.497167] vdd_hdmi_5v0: 5000 mV 
[    2.500848] vdd_hdmi_5v0: supplied by vdd-sys-5v0
[    2.508616] vdd_cam_1v8_reg: 1800 mV 
[    2.513052] platform 7d008000.usb: Driver tegra-ehci requests probe deferral
[    2.520997] tegra-snd-rt5640 sound.4: ASoC: CPU DAI (null) not registered
[    2.527850] tegra-snd-rt5640 sound.4: snd_soc_register_card failed (-517)
[    2.534762] platform sound.4: Driver tegra-snd-rt5640 requests probe deferral
[    2.542430] tegra-ehci 7d008000.usb: EHCI Host Controller
[    2.547924] tegra-ehci 7d008000.usb: new USB bus registered, assigned bus number 1
[    2.556250] tegra-ehci 7d008000.usb: irq 129, io mem 0x7d008000
[    2.580130] tegra-ehci 7d008000.usb: USB 2.0 started, EHCI 1.10
[    2.588312] hub 1-0:1.0: USB hub found
[    2.592362] hub 1-0:1.0: 1 port detected
[    2.597937] tegra-snd-rt5640 sound.4: ASoC: CPU DAI (null) not registered
[    2.604949] tegra-snd-rt5640 sound.4: snd_soc_register_card failed (-517)
[    2.611951] platform sound.4: Driver tegra-snd-rt5640 requests probe deferral
[    2.620788] input: gpio-keys.2 as /devices/soc0/gpio-keys.2/input/input0
[    2.628846] tegra-snd-rt5640 sound.4: ASoC: CPU DAI (null) not registered
[    2.635671] palmas-rtc rtc.7: setting system clock to 2000-03-01 06:47:13 UTC (951893233)
[    2.635808] tegra-snd-rt5640 sound.4: snd_soc_register_card failed (-517)
[    2.635846] platform sound.4: Driver tegra-snd-rt5640 requests probe deferral
[    2.672561] ALSA device list:
[    2.675568]   No soundcards found.
[    2.690699] kjournald starting.  Commit interval 5 seconds
[    2.692353] EXT3-fs (mmcblk0p1): using internal journal
[    2.692370] EXT3-fs (mmcblk0p1): recovery complete
[    2.692376] EXT3-fs (mmcblk0p1): mounted filesystem with writeback data mode
[    2.692449] VFS: Mounted root (ext3 filesystem) on device 179:1.
[    2.693592] devtmpfs: mounted
[    2.693868] Freeing unused kernel memory: 232K (c0748000 - c0782000)
bash: cannot set terminal process group (-1): Inappropriate ioctl for device
bash: no job control in this shell
I have no name!@(none):/# [    2.910230] usb 1-1: new high-speed USB device number 2 using tegra-ehci
