
U-Boot SPL 2014.01-00219-gc4d376f (Feb 18 2014 - 19:57:18)


U-Boot 2014.01-00219-gc4d376f (Feb 18 2014 - 19:57:18)

TEGRA30
Board: NVIDIA Beaver
I2C:   ready
DRAM:  2 GiB
MMC:   Tegra SD/MMC: 0, Tegra SD/MMC: 1
In:    serial
Out:   serial
Err:   serial
Net:   Net Initialization Skipped
No ethernet found.
Hit any key to stop autoboot:  2  0 
Tegra30 (Beaver) # 
Tegra30 (Beaver) # usb reset
(Re)start USB...
USB0:   USB EHCI 1.00
scanning bus 0 for devices... 2 USB Device(s) found
       scanning usb for storage devices... 0 Storage Device(s) found
       scanning usb for ethernet devices... 
Warning: asx0 using MAC address from net device
1 Ethernet Device(s) found
Tegra30 (Beaver) # setenv bootargs 'ignore_loglevel console=ttyS0,115200n8 rw root=PARTUUID=edbe1840-3633-c751-7993-b0ac834f81e0 rootwait gpt debug noinitrd earlyprintk init=/bin/bash'
Tegra30 (Beaver) # setenv ipaddr 192.168.100.101; setenv serverip 192.168.100.1; setenv tftpserverip 192.168.100.1
Tegra30 (Beaver) # tftpboot 0x81000000 zImage.multi_v7_defconfig
Using asx0 device
TFTP from server 192.168.100.1; our IP address is 192.168.100.101
Filename 'zImage.multi_v7_defconfig'.
Load address: 0x81000000
Loading: *#################################################################
	 #################################################################
	 #################################################################
	 #################################################################
	 #################################################################
	 #################################################################
	 #################################################################
	 #################################################################
	 ####################################
	 3.3 MiB/s
done
Bytes transferred = 8151560 (7c6208 hex)
Tegra30 (Beaver) # tftpboot 0x82000000 tegra30-beaver.dtb
Using asx0 device
TFTP from server 192.168.100.1; our IP address is 192.168.100.101
Filename 'tegra30-beaver.dtb'.
Load address: 0x82000000
Loading: *####
	 2.9 MiB/s
done
Bytes transferred = 51860 (ca94 hex)
Tegra30 (Beaver) # bootz 0x81000000 - 0x82000000
Kernel image @ 0x81000000 [ 0x000000 - 0x7c6200 ]
## Flattened Device Tree blob at 82000000
   Booting using the fdt blob at 0x82000000
   Loading Device Tree to 8fff0000, end 8ffffa93 ... OK

Starting kernel ...

[    0.000000] Booting Linux on physical CPU 0x0
[    0.000000] Linux version 4.13.0-rc7-next-20170901-198696-g1d53d90 (jonathanh@sellafield) (gcc version 4.7.3 20130328 (prerelease) (crosstool-NG linaro-1.13.1-4.7-2013.04-20130415 - Linaro GCC 2013.04)) #1 SMP Fri Sep 1 00:05:43 PDT 2017
[    0.000000] CPU: ARMv7 Processor [412fc099] revision 9 (ARMv7), cr=10c5387d
[    0.000000] CPU: PIPT / VIPT nonaliasing data cache, VIPT aliasing instruction cache
[    0.000000] OF: fdt: Machine model: NVIDIA Tegra30 Beaver evaluation board
[    0.000000] debug: ignoring loglevel setting.
[    0.000000] Memory policy: Data cache writealloc
[    0.000000] efi: Getting EFI parameters from FDT:
[    0.000000] efi: UEFI not found.
[    0.000000] cma: Reserved 64 MiB at 0xfb800000
[    0.000000] On node 0 totalpages: 524032
[    0.000000] free_area_init_node: node 0, pgdat c158e880, node_mem_map eeff8000
[    0.000000]   DMA zone: 1536 pages used for memmap
[    0.000000]   DMA zone: 0 pages reserved
[    0.000000]   DMA zone: 196608 pages, LIFO batch:31
[    0.000000]   HighMem zone: 327424 pages, LIFO batch:31
[    0.000000] random: fast init done
[    0.000000] percpu: Embedded 17 pages/cpu @eef88000 s39552 r8192 d21888 u69632
[    0.000000] pcpu-alloc: s39552 r8192 d21888 u69632 alloc=17*4096
[    0.000000] pcpu-alloc: [0] 0 [0] 1 [0] 2 [0] 3 
[    0.000000] Built 1 zonelists, mobility grouping on.  Total pages: 522496
[    0.000000] Kernel command line: ignore_loglevel console=ttyS0,115200n8 rw root=PARTUUID=edbe1840-3633-c751-7993-b0ac834f81e0 rootwait gpt debug noinitrd earlyprintk init=/bin/bash
[    0.000000] PID hash table entries: 4096 (order: 2, 16384 bytes)
[    0.000000] Dentry cache hash table entries: 131072 (order: 7, 524288 bytes)
[    0.000000] Inode-cache hash table entries: 65536 (order: 6, 262144 bytes)
[    0.000000] Memory: 1993400K/2096128K available (10240K kernel code, 1626K rwdata, 4488K rodata, 2048K init, 405K bss, 37192K reserved, 65536K cma-reserved, 1244160K highmem)
[    0.000000] Virtual kernel memory layout:
[    0.000000]     vector  : 0xffff0000 - 0xffff1000   (   4 kB)
[    0.000000]     fixmap  : 0xffc00000 - 0xfff00000   (3072 kB)
[    0.000000]     vmalloc : 0xf0800000 - 0xff800000   ( 240 MB)
[    0.000000]     lowmem  : 0xc0000000 - 0xf0000000   ( 768 MB)
[    0.000000]     pkmap   : 0xbfe00000 - 0xc0000000   (   2 MB)
[    0.000000]     modules : 0xbf000000 - 0xbfe00000   (  14 MB)
[    0.000000]       .text : 0xc0208000 - 0xc0d00000   (11232 kB)
[    0.000000]       .init : 0xc1200000 - 0xc1400000   (2048 kB)
[    0.000000]       .data : 0xc1400000 - 0xc1596bd0   (1627 kB)
[    0.000000]        .bss : 0xc159fbc0 - 0xc16052fc   ( 406 kB)
[    0.000000] SLUB: HWalign=64, Order=0-3, MinObjects=0, CPUs=4, Nodes=1
[    0.000000] Hierarchical RCU implementation.
[    0.000000] 	RCU event tracing is enabled.
[    0.000000] 	RCU restricting CPUs from NR_CPUS=16 to nr_cpu_ids=4.
[    0.000000] RCU: Adjusting geometry for rcu_fanout_leaf=16, nr_cpu_ids=4
[    0.000000] NR_IRQS: 16, nr_irqs: 16, preallocated irqs: 16
[    0.000000] /interrupt-controller@60004000: 160 interrupts forwarded to /interrupt-controller@50041000
[    0.000000] L2C: platform modifies aux control register: 0x02080000 -> 0x3e480001
[    0.000000] L2C: DT/platform modifies aux control register: 0x02080000 -> 0x3e480001
[    0.000000] L2C-310 erratum 769419 enabled
[    0.000000] L2C-310 enabling early BRESP for Cortex-A9
[    0.000000] L2C-310: enabling full line of zeros but not enabled in Cortex-A9
[    0.000000] L2C-310 dynamic clock gating enabled, standby mode enabled
[    0.000000] L2C-310 cache controller enabled, 8 ways, 1024 kB
[    0.000000] L2C-310: CACHE_ID 0x410000c7, AUX_CTRL 0x4e480001
[    0.000013] sched_clock: 32 bits at 1000kHz, resolution 1000ns, wraps every 2147483647500ns
[    0.000031] clocksource: timer_us: mask: 0xffffffff max_cycles: 0xffffffff, max_idle_ns: 1911260446275 ns
[    0.000040] Switching to timer-based delay loop, resolution 1000ns
[    0.002954] Console: colour dummy device 80x30
[    0.002985] Calibrating delay loop (skipped), value calculated using timer frequency.. 2.00 BogoMIPS (lpj=10000)
[    0.002995] pid_max: default: 32768 minimum: 301
[    0.003074] Mount-cache hash table entries: 2048 (order: 1, 8192 bytes)
[    0.003083] Mountpoint-cache hash table entries: 2048 (order: 1, 8192 bytes)
[    0.003487] CPU: Testing write buffer coherency: ok
[    0.003786] CPU0: thread -1, cpu 0, socket 0, mpidr 80000000
[    0.004011] Setting up static identity map for 0x80300000 - 0x803000a0
[    0.005344] Hierarchical SRCU implementation.
[    0.006674] Tegra Revision: A03 SKU: 128 CPU Process: 4 SoC Process: 0
[    0.007238] EFI services will not be available.
[    0.007339] smp: Bringing up secondary CPUs ...
[    0.010384] CPU1: thread -1, cpu 1, socket 0, mpidr 80000001
[    0.020351] CPU2: thread -1, cpu 2, socket 0, mpidr 80000002
[    0.030345] CPU3: thread -1, cpu 3, socket 0, mpidr 80000003
[    0.030397] smp: Brought up 1 node, 4 CPUs
[    0.030410] SMP: Total of 4 processors activated (8.00 BogoMIPS).
[    0.030415] CPU: All CPU(s) started in SVC mode.
[    0.031109] devtmpfs: initialized
[    0.041507] Built 1 zonelists, mobility grouping on.  Total pages: 514734
[    0.041914] VFP support v0.3: implementor 41 architecture 3 part 30 variant 9 rev 4
[    0.042560] clocksource: jiffies: mask: 0xffffffff max_cycles: 0xffffffff, max_idle_ns: 19112604462750000 ns
[    0.042591] futex hash table entries: 1024 (order: 4, 65536 bytes)
[    0.042812] pinctrl core: initialized pinctrl subsystem
[    0.043974] DMI not present or invalid.
[    0.044209] NET: Registered protocol family 16
[    0.046455] DMA: preallocated 256 KiB pool for atomic coherent allocations
[    0.048234] cpuidle: using governor menu
[    0.061747] No ATAGs?
[    0.061843] hw-breakpoint: found 5 (+1 reserved) breakpoint and 1 watchpoint registers.
[    0.061855] hw-breakpoint: maximum watchpoint size is 4 bytes.
[    0.066150] Serial: AMBA PL011 UART driver
[    0.066632] tegra-mc 7000f000.memory-controller: no memory timings for RAM code 3 registered
[    0.066733] iommu: Adding device reg-dummy to group 0
[    0.066768] iommu: Adding device 3000.pcie to group 1
[    0.066790] iommu: Adding device 50000000.host1x to group 2
[    0.066808] iommu: Adding device 54040000.mpe to group 3
[    0.066825] iommu: Adding device 54080000.vi to group 4
[    0.066844] iommu: Adding device 540c0000.epp to group 5
[    0.066863] iommu: Adding device 54100000.isp to group 6
[    0.066880] iommu: Adding device 54140000.gr2d to group 7
[    0.066898] iommu: Adding device 54180000.gr3d to group 8
[    0.066968] iommu: Adding device 54200000.dc to group 9
[    0.067019] iommu: Adding device 54240000.dc to group 10
[    0.067040] iommu: Adding device 54280000.hdmi to group 11
[    0.067059] iommu: Adding device 50040600.timer to group 12
[    0.067077] iommu: Adding device 50043000.cache-controller to group 13
[    0.067094] iommu: Adding device 60005000.timer to group 14
[    0.067112] iommu: Adding device 60007000.flow-controller to group 15
[    0.067131] iommu: Adding device 6000a000.dma to group 16
[    0.067153] iommu: Adding device 6000c000.ahb to group 17
[    0.067172] iommu: Adding device 6000d000.gpio to group 18
[    0.067189] iommu: Adding device 70000800.apbmisc to group 19
[    0.067213] iommu: Adding device 70000868.pinmux to group 20
[    0.067232] iommu: Adding device 70006000.serial to group 21
[    0.067249] iommu: Adding device 7000e000.rtc to group 22
[    0.067268] iommu: Adding device 7000c000.i2c to group 23
[    0.067287] iommu: Adding device 7000c400.i2c to group 24
[    0.067310] iommu: Adding device 7000c500.i2c to group 25
[    0.067330] iommu: Adding device 7000c700.i2c to group 26
[    0.067348] iommu: Adding device 7000d000.i2c to group 27
[    0.067367] iommu: Adding device 7000da00.spi to group 28
[    0.067385] iommu: Adding device 7000e400.pmc to group 29
[    0.067403] iommu: Adding device 7000f000.memory-controller to group 30
[    0.067429] iommu: Adding device 7000f800.fuse to group 31
[    0.067452] iommu: Adding device 70080000.ahub to group 32
[    0.067471] iommu: Adding device 78000000.sdhci to group 33
[    0.067494] iommu: Adding device 78000600.sdhci to group 34
[    0.067513] iommu: Adding device 7d000000.usb to group 35
[    0.067533] iommu: Adding device 7d000000.usb-phy to group 36
[    0.067551] iommu: Adding device 7d004000.usb to group 37
[    0.067571] iommu: Adding device 7d004000.usb-phy to group 38
[    0.067589] iommu: Adding device 7d008000.usb to group 39
[    0.067609] iommu: Adding device 7d008000.usb-phy to group 40
[    0.067626] iommu: Adding device pmu to group 41
[    0.067654] iommu: Adding device clocks to group 42
[    0.067672] iommu: Adding device gpio-leds to group 43
[    0.067690] iommu: Adding device regulators to group 44
[    0.067709] iommu: Adding device regulators:regulator@0 to group 45
[    0.067727] iommu: Adding device regulators:regulator@1 to group 46
[    0.067746] iommu: Adding device regulators:regulator@2 to group 47
[    0.067765] iommu: Adding device regulators:regulator@3 to group 48
[    0.067783] iommu: Adding device regulators:regulator@4 to group 49
[    0.067800] iommu: Adding device regulators:regulator@5 to group 50
[    0.067824] iommu: Adding device regulators:regulator@6 to group 51
[    0.067849] iommu: Adding device regulators:regulator@7 to group 52
[    0.067867] iommu: Adding device regulators:regulator@8 to group 53
[    0.067885] iommu: Adding device sound to group 54
[    0.076426] AT91: Could not find identification node
[    0.076938] vdd_5v_sata: Failed to request enable GPIO30: -517
[    0.076953] reg-fixed-voltage regulators:regulator@3: Failed to register regulator: -517
[    0.077003] usb1_vbus: Failed to request enable GPIO238: -517
[    0.077011] reg-fixed-voltage regulators:regulator@4: Failed to register regulator: -517
[    0.077060] usb3_vbus: Failed to request enable GPIO236: -517
[    0.077068] reg-fixed-voltage regulators:regulator@5: Failed to register regulator: -517
[    0.077172] sys_3v3_pexs: Failed to request enable GPIO95: -517
[    0.077179] reg-fixed-voltage regulators:regulator@7: Failed to register regulator: -517
[    0.078963] vgaarb: loaded
[    0.079425] SCSI subsystem initialized
[    0.079560] libata version 3.00 loaded.
[    0.079696] usbcore: registered new interface driver usbfs
[    0.079727] usbcore: registered new interface driver hub
[    0.079762] usbcore: registered new device driver usb
[    0.084187] iommu: Adding device tps65910-gpio to group 55
[    0.084470] iommu: Adding device tps65910-pmic to group 56
[    0.086943] vrtc: supplied by vdd_5v_in
[    0.090233] vio: supplied by vdd_5v_in
[    0.101818] vdd1: supplied by vdd_5v_in
[    0.103177] vddio_ddr_1v2: Bringing 600000uV into 1200000-1200000uV
[    0.111830] vdd2: supplied by vdd_5v_in
[    0.132282] ldo1: supplied by vdd_1v5_gen
[    0.134626] ldo2: supplied by vdd_1v5_gen
[    0.135096] vdd_sata,avdd_plle: Bringing 1200000uV into 1050000-1050000uV
[    0.137334] ldo3: supplied by vdd_5v_in
[    0.139678] ldo4: supplied by vdd_5v_in
[    0.152278] ldo5: supplied by vdd_5v_in
[    0.162276] ldo6: supplied by vdd_1v8_gen
[    0.162747] avdd_dsi_csi,pwrdet_mipi: Bringing 1000000uV into 1200000-1200000uV
[    0.164971] ldo7: supplied by vdd_1v8_gen
[    0.172288] ldo8: supplied by vdd_1v8_gen
[    0.180565] iommu: Adding device tps65910-rtc to group 57
[    0.180680] iommu: Adding device tps65910-power to group 58
[    0.182458] pps_core: LinuxPPS API ver. 1 registered
[    0.182466] pps_core: Software ver. 5.3.6 - Copyright 2005-2007 Rodolfo Giometti <giometti@linux.it>
[    0.182479] PTP clock support registered
[    0.182617] EDAC MC: Ver: 3.0.0
[    0.182806] dmi: Firmware registration failed.
[    0.184151] clocksource: Switched to clocksource timer_us
[    0.215998] NET: Registered protocol family 2
[    0.216418] TCP established hash table entries: 8192 (order: 3, 32768 bytes)
[    0.216473] TCP bind hash table entries: 8192 (order: 4, 65536 bytes)
[    0.216559] TCP: Hash tables configured (established 8192 bind 8192)
[    0.216698] UDP hash table entries: 512 (order: 2, 16384 bytes)
[    0.216766] UDP-Lite hash table entries: 512 (order: 2, 16384 bytes)
[    0.216944] NET: Registered protocol family 1
[    0.217273] RPC: Registered named UNIX socket transport module.
[    0.217281] RPC: Registered udp transport module.
[    0.217285] RPC: Registered tcp transport module.
[    0.217290] RPC: Registered tcp NFSv4.1 backchannel transport module.
[    0.217299] PCI: CLS 0 bytes, default 64
[    0.218128] hw perfevents: no interrupt-affinity property for /pmu, guessing.
[    0.218352] hw perfevents: enabled with armv7_cortex_a9 PMU driver, 7 counters available
[    0.218837] iommu: Adding device alarmtimer to group 59
[    0.219512] workingset: timestamp_bits=30 max_order=19 bucket_order=0
[    0.222803] squashfs: version 4.0 (2009/01/31) Phillip Lougher
[    0.223197] NFS: Registering the id_resolver key type
[    0.223224] Key type id_resolver registered
[    0.223229] Key type id_legacy registered
[    0.223259] ntfs: driver 2.1.32 [Flags: R/O].
[    0.224326] bounce: pool size: 64 pages
[    0.224366] Block layer SCSI generic (bsg) driver version 0.4 loaded (major 248)
[    0.224374] io scheduler noop registered
[    0.224379] io scheduler deadline registered
[    0.224518] io scheduler cfq registered (default)
[    0.224525] io scheduler mq-deadline registered
[    0.224530] io scheduler kyber registered
[    0.230902] tegra30-pinctrl 70000868.pinmux: invalid group "sdmmc3_dat6_pd3" for function "rsvd1"
[    0.230919] tegra30-pinctrl 70000868.pinmux: invalid group "sdmmc3_dat7_pd4" for function "rsvd1"
[    0.230933] tegra30-pinctrl 70000868.pinmux: invalid group "vi_vsync_pd6" for function "rsvd1"
[    0.230943] tegra30-pinctrl 70000868.pinmux: invalid group "vi_hsync_pd7" for function "rsvd1"
[    0.231398] tegra30-pinctrl 70000868.pinmux: invalid group "hdmi_int_pn7" for function "rsvd1"
[    0.231442] tegra30-pinctrl 70000868.pinmux: invalid group "ulpi_data3_po4" for function "rsvd1"
[    0.231771] tegra30-pinctrl 70000868.pinmux: invalid group "vi_d10_pt2" for function "rsvd1"
[    0.231784] tegra30-pinctrl 70000868.pinmux: invalid group "vi_d11_pt3" for function "rsvd1"
[    0.231796] tegra30-pinctrl 70000868.pinmux: invalid group "vi_d0_pt4" for function "rsvd1"
[    0.231837] tegra30-pinctrl 70000868.pinmux: invalid group "pu0" for function "rsvd1"
[    0.231867] tegra30-pinctrl 70000868.pinmux: invalid group "pu3" for function "rsvd1"
[    0.231897] tegra30-pinctrl 70000868.pinmux: invalid group "pu6" for function "rsvd1"
[    0.231938] tegra30-pinctrl 70000868.pinmux: invalid group "pv3" for function "rsvd1"
[    0.232434] tegra30-pinctrl 70000868.pinmux: invalid group "pbb0" for function "rsvd1"
[    0.232548] tegra30-pinctrl 70000868.pinmux: invalid group "pcc1" for function "rsvd1"
[    0.237912] tegra-pcie 3000.pcie: 2x3 configuration
[    0.238065] tegra-pcie 3000.pcie: Failed to get supply 'hvdd-pex': -517
[    0.243745] tegra-apbdma 6000a000.dma: Tegra20 APB DMA driver register 32 channels
[    0.245733] tegra-pmc 7000e400.pmc: i2c-thermtrip node not found, emergency thermal reset disabled.
[    0.274081] Serial: 8250/16550 driver, 4 ports, IRQ sharing disabled
[    0.274230] iommu: Adding device serial8250 to group 60
[    0.276226] console [ttyS0] disabled
[    0.276266] 70006000.serial: ttyS0 at MMIO 0x70006000 (irq = 331, base_baud = 25500000) is a Tegra
[    1.657697] console [ttyS0] enabled
[    1.661700] SuperH (H)SCI(F) driver initialized
[    1.666864] msm_serial: driver initialized
[    1.671057] STMicroelectronics ASC driver initialized
[    1.680028] tegra-hdmi 54280000.hdmi: failed to get HDMI regulator
[    1.692884] brd: module loaded
[    1.701294] loop: module loaded
[    1.710283] m25p80 spi0.1: w25q32 (4096 Kbytes)
[    1.716175] iommu: Adding device Fixed MDIO bus.0 to group 61
[    1.722341] libphy: Fixed MDIO Bus: probed
[    1.727022] CAN device driver interface
[    1.731384] bgmac_bcma: Broadcom 47xx GBit MAC driver loaded
[    1.737803] e1000e: Intel(R) PRO/1000 Network Driver - 3.2.6-k
[    1.743619] e1000e: Copyright(c) 1999 - 2015 Intel Corporation.
[    1.749571] igb: Intel(R) Gigabit Ethernet Network Driver - version 5.4.0-k
[    1.756527] igb: Copyright (c) 2007-2014 Intel Corporation.
[    1.764176] pegasus: v0.9.3 (2013/04/25), Pegasus/Pegasus II USB Ethernet driver
[    1.771602] usbcore: registered new interface driver pegasus
[    1.777282] usbcore: registered new interface driver asix
[    1.782683] usbcore: registered new interface driver ax88179_178a
[    1.788790] usbcore: registered new interface driver cdc_ether
[    1.794644] usbcore: registered new interface driver smsc75xx
[    1.800403] usbcore: registered new interface driver smsc95xx
[    1.806164] usbcore: registered new interface driver net1080
[    1.811823] usbcore: registered new interface driver cdc_subset
[    1.817756] usbcore: registered new interface driver zaurus
[    1.823344] usbcore: registered new interface driver cdc_ncm
[    1.829191] tegra-phy 7d000000.usb-phy: no vbus regulator
[    1.836935] ehci_hcd: USB 2.0 'Enhanced' Host Controller (EHCI) Driver
[    1.843448] ehci-pci: EHCI PCI platform driver
[    1.847921] ehci-platform: EHCI generic platform driver
[    1.853256] ehci-orion: EHCI orion driver
[    1.857361] SPEAr-ehci: EHCI SPEAr driver
[    1.861432] ehci-st: EHCI STMicroelectronics driver
[    1.866392] ehci-exynos: EHCI EXYNOS driver
[    1.870651] ehci-atmel: EHCI Atmel driver
[    1.874740] tegra-ehci: Tegra EHCI driver
[    1.879035] ohci_hcd: USB 1.1 'Open' Host Controller (OHCI) Driver
[    1.885228] ohci-pci: OHCI PCI platform driver
[    1.889692] ohci-platform: OHCI generic platform driver
[    1.895033] SPEAr-ohci: OHCI SPEAr driver
[    1.899107] ohci-st: OHCI STMicroelectronics driver
[    1.904044] ohci-atmel: OHCI Atmel driver
[    1.908484] usbcore: registered new interface driver usb-storage
[    1.916752] utmi_phy_clk_enable: timeout waiting for phy to stabilize
[    1.923251] iommu: Adding device ci_hdrc.0 to group 62
[    1.933905] tegra_rtc 7000e000.rtc: rtc core: registered 7000e000.rtc as rtc1
[    1.941089] tegra_rtc 7000e000.rtc: Tegra internal Real Time Clock
[    1.959840] tps65910-rtc tps65910-rtc: rtc core: registered tps65910-rtc as rtc0
[    1.967432] i2c /dev entries driver
[    1.973075] IR NEC protocol handler initialized
[    1.977612] IR RC5(x/sz) protocol handler initialized
[    1.982649] IR RC6 protocol handler initialized
[    1.987175] IR JVC protocol handler initialized
[    1.991690] IR Sony protocol handler initialized
[    1.996301] IR SANYO protocol handler initialized
[    2.000990] IR Sharp protocol handler initialized
[    2.005696] IR MCE Keyboard/mouse protocol handler initialized
[    2.011511] IR XMP protocol handler initialized
[    2.022078] sdhci: Secure Digital Host Controller Interface driver
[    2.028270] sdhci: Copyright(c) Pierre Ossman
[    2.033522] Synopsys Designware Multimedia Card Interface Driver
[    2.040298] sdhci-pltfm: SDHCI platform and OF driver helper
[    2.046483] sdhci-tegra 78000000.sdhci: Got CD GPIO
[    2.051356] sdhci-tegra 78000000.sdhci: Got WP GPIO
[    2.064522] mmc0: Invalid maximum block size, assuming 512 bytes
[    2.134249] mmc0: SDHCI controller on 78000000.sdhci [78000000.sdhci] using ADMA
[    2.148261] mmc1: Invalid maximum block size, assuming 512 bytes
[    2.214158] mmc1: SDHCI controller on 78000600.sdhci [78000600.sdhci] using ADMA
[    2.222935] ledtrig-cpu: registered to indicate activity on CPUs
[    2.229151] usbcore: registered new interface driver usbhid
[    2.234724] usbhid: USB HID core driver
[    2.241001] NET: Registered protocol family 10
[    2.246102] Segment Routing with IPv6
[    2.249796] sit: IPv6, IPv4 and MPLS over IPv4 tunneling driver
[    2.256100] NET: Registered protocol family 17
[    2.260538] can: controller area network core (rev 20170425 abi 9)
[    2.266769] NET: Registered protocol family 29
[    2.271200] can: raw protocol (rev 20170425)
[    2.275468] can: broadcast manager protocol (rev 20170425 t)
[    2.281116] can: netlink gateway (rev 20170425) max_hops=1
[    2.286886] Key type dns_resolver registered
[    2.291523] ThumbEE CPU extension supported.
[    2.295813] Registering SWP/SWPB emulation handler
[    2.312845] vdd_ddr: supplied by vdd_5v_in
[    2.317842] vdd_5v_sata: supplied by vdd_5v_in
[    2.322589] usb1_vbus: supplied by vdd_5v_in
[    2.327199] usb3_vbus: supplied by vdd_5v_in
[    2.332701] sys_3v3,vdd_3v3_alw: supplied by vdd_5v_in
[    2.339423] sys_3v3_pexs: supplied by sys_3v3,vdd_3v3_alw
[    2.344965] +VDD_5V_HDMI: supplied by sys_3v3,vdd_3v3_alw
[    2.351001] tegra-pcie 3000.pcie: 2x3 configuration
[    2.351759] mmc1: new high speed MMC card at address 0001
[    2.352525] mmcblk1: mmc1:0001 SEM16G 14.8 GiB 
[    2.353441] mmcblk1boot0: mmc1:0001 SEM16G partition 1 1.00 MiB
[    2.353973] mmcblk1boot1: mmc1:0001 SEM16G partition 2 1.00 MiB
[    2.354506] mmcblk1rpmb: mmc1:0001 SEM16G partition 3 128 KiB
[    2.386483] tegra-pcie 3000.pcie: probing port 0, using 2 lanes
[    2.388290] Primary GPT is invalid, using alternate GPT.
[    2.388305]  mmcblk1: p1 p2 p3 p4 p5
[    2.402927] mmc0: new ultra high speed DDR50 SDHC card at address aaaa
[    2.409744] mmcblk0: mmc0:aaaa SS04G 3.69 GiB 
[    2.436246]  mmcblk0: p1 p2 p3
[    2.453442] tegra-pcie 3000.pcie: probing port 2, using 2 lanes
[    2.863173] tegra-pcie 3000.pcie: link 2 down, retrying
[    3.272225] tegra-pcie 3000.pcie: link 2 down, retrying
[    3.681273] tegra-pcie 3000.pcie: link 2 down, retrying
[    3.688514] tegra-pcie 3000.pcie: link 2 down, ignoring
[    3.693826] tegra-pcie 3000.pcie: PCI host bridge to bus 0000:00
[    3.699838] pci_bus 0000:00: root bus resource [io  0x0000-0xffff]
[    3.706022] pci_bus 0000:00: root bus resource [mem 0x20000000-0x27ffffff]
[    3.712883] pci_bus 0000:00: root bus resource [mem 0x28000000-0x3fffffff pref]
[    3.720190] pci_bus 0000:00: root bus resource [bus 00-ff]
[    3.725706] pci 0000:00:01.0: [10de:0e1c] type 01 class 0x060400
[    3.731711] pci_bus 0000:00: 2-byte config write to 0000:00:01.0 offset 0x4 may corrupt adjacent RW1C bits
[    3.741359] pci_bus 0000:00: 2-byte config write to 0000:00:01.0 offset 0x4 may corrupt adjacent RW1C bits
[    3.751019] pci 0000:00:01.0: enabling Extended Tags
[    3.755985] pci_bus 0000:00: 2-byte config write to 0000:00:01.0 offset 0x88 may corrupt adjacent RW1C bits
[    3.765741] pci_bus 0000:00: 2-byte config write to 0000:00:01.0 offset 0x52 may corrupt adjacent RW1C bits
[    3.775487] pci 0000:00:01.0: PME# supported from D0 D1 D2 D3hot D3cold
[    3.782091] pci_bus 0000:00: 2-byte config write to 0000:00:01.0 offset 0x4c may corrupt adjacent RW1C bits
[    3.791953] pci_bus 0000:00: 2-byte config write to 0000:00:01.0 offset 0x3e may corrupt adjacent RW1C bits
[    3.801690] pci_bus 0000:00: 2-byte config write to 0000:00:01.0 offset 0x4 may corrupt adjacent RW1C bits
[    3.811337] pci_bus 0000:00: 1-byte config write to 0000:00:01.0 offset 0xc may corrupt adjacent RW1C bits
[    3.820981] PCI: bus0: Fast back to back transfers disabled
[    3.826554] pci 0000:00:01.0: bridge configuration invalid ([bus 00-00]), reconfiguring
[    3.834554] pci_bus 0000:00: 2-byte config write to 0000:00:01.0 offset 0x3e may corrupt adjacent RW1C bits
[    3.844289] pci_bus 0000:00: 2-byte config write to 0000:00:01.0 offset 0x3e may corrupt adjacent RW1C bits
[    3.854094] pci 0000:01:00.0: [10ec:8168] type 00 class 0x020000
[    3.860126] pci 0000:01:00.0: reg 0x10: [io  0x0000-0x00ff]
[    3.865715] pci 0000:01:00.0: reg 0x18: [mem 0x00000000-0x00000fff 64bit pref]
[    3.872931] pci 0000:01:00.0: reg 0x20: [mem 0x00000000-0x00003fff 64bit pref]
[    3.880219] pci 0000:01:00.0: supports D1 D2
[    3.884491] pci 0000:01:00.0: PME# supported from D0 D1 D2 D3hot D3cold
[    3.914568] PCI: bus1: Fast back to back transfers disabled
[    3.920132] pci_bus 0000:01: busn_res: [bus 01-ff] end is updated to 01
[    3.926769] pci 0000:00:01.0: BAR 9: assigned [mem 0x28000000-0x280fffff 64bit pref]
[    3.934510] pci 0000:00:01.0: BAR 7: assigned [io  0x1000-0x1fff]
[    3.940594] pci 0000:01:00.0: BAR 4: assigned [mem 0x28000000-0x28003fff 64bit pref]
[    3.948345] pci 0000:01:00.0: BAR 2: assigned [mem 0x28004000-0x28004fff 64bit pref]
[    3.956095] pci 0000:01:00.0: BAR 0: assigned [io  0x1000-0x10ff]
[    3.962178] pci 0000:00:01.0: PCI bridge to [bus 01]
[    3.967143] pci 0000:00:01.0:   bridge window [io  0x1000-0x1fff]
[    3.973225] pci 0000:00:01.0:   bridge window [mem 0x28000000-0x280fffff 64bit pref]
[    3.980983] pci 0000:00:01.0: nv_msi_ht_cap_quirk didn't locate host bridge
[    3.988043] pcieport 0000:00:01.0: enabling device (0140 -> 0143)
[    3.994340] pcieport 0000:00:01.0: Signaling PME with IRQ 375
[    4.000313] r8169 Gigabit Ethernet driver 2.3LK-NAPI loaded
[    4.005918] r8169 0000:01:00.0: enabling device (0140 -> 0143)
[    4.012632] r8169 0000:01:00.0 eth0: RTL8168evl/8111evl at 0xf0a2a000, 02:04:4b:01:60:a6, XID 0c900800 IRQ 376
[    4.022640] r8169 0000:01:00.0 eth0: jumbo features [frames: 9200 bytes, tx checksumming: ko]
[    4.036105] [drm] Supports vblank timestamp caching Rev 2 (21.10.2013).
[    4.042707] [drm] No driver support for vblank timestamp query.
[    4.048665] [drm] Cannot find any crtc or sizes
[    4.053200] [drm] Initialized tegra 0.0.0 20120330 for drm on minor 0
[    4.062520] tegra-ehci 7d004000.usb: EHCI Host Controller
[    4.067946] tegra-ehci 7d004000.usb: new USB bus registered, assigned bus number 1
[    4.075723] tegra-ehci 7d004000.usb: irq 344, io mem 0x7d004000
[    4.081670] [drm] Cannot find any crtc or sizes
[    4.104550] tegra-ehci 7d004000.usb: USB 2.0 started, EHCI 1.00
[    4.111734] hub 1-0:1.0: USB hub found
[    4.115513] hub 1-0:1.0: 1 port detected
[    4.120656] tegra-ehci 7d008000.usb: EHCI Host Controller
[    4.126070] tegra-ehci 7d008000.usb: new USB bus registered, assigned bus number 2
[    4.133810] tegra-ehci 7d008000.usb: irq 345, io mem 0x7d008000
[    4.164548] tegra-ehci 7d008000.usb: USB 2.0 started, EHCI 1.00
[    4.171654] hub 2-0:1.0: USB hub found
[    4.175427] hub 2-0:1.0: 1 port detected
[    4.185761] tps65910-rtc tps65910-rtc: setting system clock to 2000-01-01 00:00:02 UTC (946684802)
[    4.195266] vdd_sata,avdd_plle: disabling
[    4.200011] usb1_vbus: disabling
[    4.204758] EXT4-fs (mmcblk1p1): mounting ext3 file system using the ext4 subsystem
[    4.241907] EXT4-fs (mmcblk1p1): warning: mounting fs with errors, running e2fsck is recommended
[    4.252552] EXT4-fs (mmcblk1p1): recovery complete
[    4.258930] EXT4-fs (mmcblk1p1): mounted filesystem with ordered data mode. Opts: (null)
[    4.267053] VFS: Mounted root (ext3 filesystem) on device 179:1.
[    4.276800] devtmpfs: mounted
[    4.282301] Freeing unused kernel memory: 2048K
bash: cannot set terminal process group (-1): Inappropriate ioctl for device
bash: no job control in this shell
root@(none):/# [    4.544567] usb 2-1: new high-speed USB device number 2 using tegra-ehci
