
U-Boot SPL 2016.05-rc2 (Apr 21 2016 - 16:23:00)
Trying to boot from RAM


U-Boot 2016.05-rc2 (Apr 21 2016 - 16:23:00 -0700)

TEGRA124
Model: NVIDIA Jetson TK1
Board: NVIDIA Jetson TK1
DRAM:  2 GiB
MC:   Tegra SD/MMC: 0, Tegra SD/MMC: 1
In:    serial
Out:   serial
Err:   serial
Net:   No ethernet found.
Hit any key to stop autoboot:  2  0 
Tegra124 (Jetson TK1) # 
Tegra124 (Jetson TK1) # pci enum
Tegra124 (Jetson TK1) # setenv bootargs 'ignore_loglevel console=ttyS0,115200n8 rw root=PARTUUID=b1791faa-84e8-4e27-83a1-9fb0a77e8803 rootwait gpt debug noinitrd earlyprintk init=/bin/bash'
Tegra124 (Jetson TK1) # setenv ipaddr 192.168.100.102; setenv serverip 192.168.100.1; setenv tftpserverip 192.168.100.1
Tegra124 (Jetson TK1) # tftpboot 0x82000000 zImage.tegra_defconfig

Warning: eth_rtl8169 using MAC address from ROM
Using eth_rtl8169 device
TFTP from server 192.168.100.1; our IP address is 192.168.100.102
Filename 'zImage.tegra_defconfig'.
Load address: 0x82000000
Loading: *#################################################################
	 #################################################################
	 #################################################################
	 #################################################################
	 #################################################################
	 ##############################################
	 3.9 MiB/s
done
Bytes transferred = 5438160 (52fad0 hex)
Tegra124 (Jetson TK1) # tftpboot 0x83000000 tegra124-jetson-tk1.dtb
Using eth_rtl8169 device
TFTP from server 192.168.100.1; our IP address is 192.168.100.102
Filename 'tegra124-jetson-tk1.dtb'.
Load address: 0x83000000
Loading: *#####
	 3.7 MiB/s
done
Bytes transferred = 66405 (10365 hex)
Tegra124 (Jetson TK1) # bootz 0x82000000 - 0x83000000
Kernel image @ 0x82000000 [ 0x000000 - 0x52fad0 ]
## Flattened Device Tree blob at 83000000
   Booting using the fdt blob at 0x83000000
   Using Device Tree in place at 83000000, end 83013364

Starting kernel ...

Uncompressing Linux... done, booting the kernel.
[    0.000000] Booting Linux on physical CPU 0x0
[    0.000000] Linux version 4.8.0-rc6-next-20160916-119456-gddf9d15 (pwalmsley@kaivo) (gcc version 4.7.3 20130328 (prerelease) (crosstool-NG linaro-1.13.1-4.7-2013.04-20130415 - Linaro GCC 2013.04) ) #1 SMP PREEMPT Thu Sep 15 22:05:27 PDT 2016
[    0.000000] CPU: ARMv7 Processor [413fc0f3] revision 3 (ARMv7), cr=10c5387d
[    0.000000] CPU: div instructions available: patching division code
[    0.000000] CPU: PIPT / VIPT nonaliasing data cache, PIPT instruction cache
[    0.000000] OF: fdt:Machine model: NVIDIA Tegra124 Jetson TK1
[    0.000000] debug: ignoring loglevel setting.
[    0.000000] bootconsole [earlycon0] enabled
[    0.000000] cma: Reserved 64 MiB at 0xfbc00000
[    0.000000] Memory policy: Data cache writealloc
[    0.000000] On node 0 totalpages: 524032
[    0.000000] free_area_init_node: node 0, pgdat c0d5c6c0, node_mem_map eeff7000
[    0.000000]   Normal zone: 1536 pages used for memmap
[    0.000000]   Normal zone: 0 pages reserved
[    0.000000]   Normal zone: 196608 pages, LIFO batch:31
[    0.000000]   HighMem zone: 327424 pages, LIFO batch:31
[    0.000000] percpu: Embedded 14 pages/cpu @eef84000 s26176 r8192 d22976 u57344
[    0.000000] pcpu-alloc: s26176 r8192 d22976 u57344 alloc=14*4096
[    0.000000] pcpu-alloc: [0] 0 [0] 1 [0] 2 [0] 3 
[    0.000000] Built 1 zonelists in Zone order, mobility grouping on.  Total pages: 522496
[    0.000000] Kernel command line: ignore_loglevel console=ttyS0,115200n8 rw root=PARTUUID=b1791faa-84e8-4e27-83a1-9fb0a77e8803 rootwait gpt debug noinitrd earlyprintk init=/bin/bash
[    0.000000] PID hash table entries: 4096 (order: 2, 16384 bytes)
[    0.000000] Dentry cache hash table entries: 131072 (order: 7, 524288 bytes)
[    0.000000] Inode-cache hash table entries: 65536 (order: 6, 262144 bytes)
[    0.000000] Memory: 1999816K/2096128K available (8192K kernel code, 375K rwdata, 2448K rodata, 1024K init, 366K bss, 30776K reserved, 65536K cma-reserved, 1244160K highmem)
[    0.000000] Virtual kernel memory layout:
[    0.000000]     vector  : 0xffff0000 - 0xffff1000   (   4 kB)
[    0.000000]     fixmap  : 0xffc00000 - 0xfff00000   (3072 kB)
[    0.000000]     vmalloc : 0xf0800000 - 0xff800000   ( 240 MB)
[    0.000000]     lowmem  : 0xc0000000 - 0xf0000000   ( 768 MB)
[    0.000000]     pkmap   : 0xbfe00000 - 0xc0000000   (   2 MB)
[    0.000000]     modules : 0xbf000000 - 0xbfe00000   (  14 MB)
[    0.000000]       .text : 0xc0008000 - 0xc0900000   (9184 kB)
[    0.000000]       .init : 0xc0c00000 - 0xc0d00000   (1024 kB)
[    0.000000]       .data : 0xc0d00000 - 0xc0d5dd80   ( 376 kB)
[    0.000000]        .bss : 0xc0d5f000 - 0xc0dbaa80   ( 367 kB)
[    0.000000] Preemptible hierarchical RCU implementation.
[    0.000000] 	Build-time adjustment of leaf fanout to 32.
[    0.000000] NR_IRQS:16 nr_irqs:16 16
[    0.000000] /interrupt-controller@60004000: 160 interrupts forwarded to /interrupt-controller@50041000
[    0.000000] Tegra clk 127: register failed with -17
[    0.000009] sched_clock: 32 bits at 1000kHz, resolution 1000ns, wraps every 2147483647500ns
[    0.007276] clocksource: timer_us: mask: 0xffffffff max_cycles: 0xffffffff, max_idle_ns: 1911260446275 ns
[    0.016886] Switching to timer-based delay loop, resolution 1000ns
[    0.024418] arm_arch_timer: Architected cp15 timer(s) running at 12.00MHz (virt).
[    0.030668] clocksource: arch_sys_counter: mask: 0xffffffffffffff max_cycles: 0x2c47f4ee7, max_idle_ns: 440795202497 ns
[    0.041503] sched_clock: 56 bits at 12MHz, resolution 83ns, wraps every 4398046511096ns
[    0.049557] Switching to timer-based delay loop, resolution 83ns
[    0.056063] Console: colour dummy device 80x30
[    0.060144] Calibrating delay loop (skipped), value calculated using timer frequency.. 24.00 BogoMIPS (lpj=120000)
[    0.070527] pid_max: default: 32768 minimum: 301
[    0.075775] Mount-cache hash table entries: 2048 (order: 1, 8192 bytes)
[    0.081897] Mountpoint-cache hash table entries: 2048 (order: 1, 8192 bytes)
[    0.090418] CPU: Testing write buffer coherency: ok
[    0.094214] /cpus/cpu@0 missing clock-frequency property
[    0.099331] /cpus/cpu@1 missing clock-frequency property
[    0.104726] /cpus/cpu@2 missing clock-frequency property
[    0.110079] /cpus/cpu@3 missing clock-frequency property
[    0.115437] CPU0: thread -1, cpu 0, socket 0, mpidr 80000000
[    0.121154] Setting up static identity map for 0x80100000 - 0x80100098
[    0.208381] Tegra Revision: A01 SKU: 129 CPU Process: 1 SoC Process: 1
[    0.278509] CPU1: thread -1, cpu 1, socket 0, mpidr 80000001
[    0.358614] CPU2: thread -1, cpu 2, socket 0, mpidr 80000002
[    0.438734] CPU3: thread -1, cpu 3, socket 0, mpidr 80000003
[    0.448242] Brought up 4 CPUs
[    0.466548] SMP: Total of 4 processors activated (96.00 BogoMIPS).
[    0.472785] CPU: All CPU(s) started in SVC mode.
[    0.477554] span: 0-3 (max cpu_capacity = 1024)
[    0.509011] devtmpfs: initialized
[    0.566238] VFP support v0.3: implementor 41 architecture 4 part 30 variant f rev 0
[    0.572661] clocksource: jiffies: mask: 0xffffffff max_cycles: 0xffffffff, max_idle_ns: 19112604462750000 ns
[    0.642203] pinctrl core: initialized pinctrl subsystem
[    0.732719] NET: Registered protocol family 16
[    0.736584] DMA: preallocated 256 KiB pool for atomic coherent allocations
[    0.772337] cpuidle: using governor menu
[    0.831890] No ATAGs?
[    0.832098] hw-breakpoint: found 5 (+1 reserved) breakpoint and 4 watchpoint registers.
[    0.840418] hw-breakpoint: maximum watchpoint size is 8 bytes.
[    1.192384] +5V_SYS: supplied by +VDD_MUX
[    1.195159] +3.3V_SYS: supplied by +VDD_MUX
[    1.200010] +USB0_VBUS_SW: Failed to request enable GPIO108: -517
[    1.205027] reg-fixed-voltage regulators:regulator@7: Failed to register regulator: -517
[    1.213242] +5V_USB_HS: Failed to request enable GPIO109: -517
[    1.219034] reg-fixed-voltage regulators:regulator@8: Failed to register regulator: -517
[    1.227387] +1.05V_RUN_AVDD_HDMI_PLL: Failed to request enable GPIO63: -517
[    1.234200] reg-fixed-voltage regulators:regulator@11: Failed to register regulator: -517
[    1.242530] +5V_HDMI_CON: Failed to request enable GPIO86: -517
[    1.248411] reg-fixed-voltage regulators:regulator@12: Failed to register regulator: -517
[    1.256743] +5V_SATA: Failed to request enable GPIO242: -517
[    1.262365] reg-fixed-voltage regulators:regulator@13: Failed to register regulator: -517
[    1.270697] +12V_SATA: Failed to request enable GPIO242: -517
[    1.276404] reg-fixed-voltage regulators:regulator@14: Failed to register regulator: -517
[    1.286509] vgaarb: loaded
[    1.316984] SCSI subsystem initialized
[    1.319194] libata version 3.00 loaded.
[    1.323467] usbcore: registered new interface driver usbfs
[    1.328563] usbcore: registered new interface driver hub
[    1.333879] usbcore: registered new device driver usb
[    1.343382] Linux video capture interface: v2.00
[    1.346282] pps_core: LinuxPPS API ver. 1 registered
[    1.351261] pps_core: Software ver. 5.3.6 - Copyright 2005-2007 Rodolfo Giometti <giometti@linux.it>
[    1.360437] PTP clock support registered
[    1.366169] Advanced Linux Sound Architecture Driver Initialized.
[    1.372188] Bluetooth: Core ver 2.22
[    1.374237] NET: Registered protocol family 31
[    1.378691] Bluetooth: HCI device and connection manager initialized
[    1.385098] Bluetooth: HCI socket layer initialized
[    1.390053] Bluetooth: L2CAP socket layer initialized
[    1.395181] Bluetooth: SCO socket layer initialized
[    1.401643] clocksource: Switched to clocksource arch_sys_counter
[    1.771665] NET: Registered protocol family 2
[    2.091670] TCP established hash table entries: 8192 (order: 3, 32768 bytes)
[    2.096979] TCP bind hash table entries: 8192 (order: 4, 65536 bytes)
[    2.103611] TCP: Hash tables configured (established 8192 bind 8192)
[    2.110231] UDP hash table entries: 512 (order: 2, 16384 bytes)
[    2.115835] UDP-Lite hash table entries: 512 (order: 2, 16384 bytes)
[    2.241664] NET: Registered protocol family 1
[    2.361667] RPC: Registered named UNIX socket transport module.
[    2.365758] RPC: Registered udp transport module.
[    2.370525] RPC: Registered tcp transport module.
[    2.375336] RPC: Registered tcp NFSv4.1 backchannel transport module.
[    2.381834] PCI: CLS 0 bytes, default 64
[    2.387877] hw perfevents: enabled with armv7_cortex_a15 PMU driver, 7 counters available
[    2.433912] futex hash table entries: 1024 (order: 4, 65536 bytes)
[    2.439949] workingset: timestamp_bits=30 max_order=19 bucket_order=0
[    3.241662] squashfs: version 4.0 (2009/01/31) Phillip Lougher
[    3.561720] NFS: Registering the id_resolver key type
[    3.564967] Key type id_resolver registered
[    3.569190] Key type id_legacy registered
[    3.577573] bounce: pool size: 64 pages
[    3.579586] io scheduler noop registered (default)
[    3.784383] usb2-0 supply vbus not found, using dummy regulator
[    3.788705] usb2-1 supply vbus not found, using dummy regulator
[    3.795157] tegra-xusb-padctl 7009f000.padctl: failed to setup XUSB ports: -517
[    3.812390] tegra-pcie 1003000.pcie-controller: 2x1, 1x1 configuration
[    3.817131] tegra-pcie 1003000.pcie-controller: Failed to get supply 'avddio-pex': -517
[    3.836474] tegra-apbdma 60020000.dma: Tegra20 APB DMA driver register 32 channels
[    3.843155] tegra-pmc 7000e400.pmc: emergency thermal reset enabled
[    3.849296] Serial: 8250/16550 driver, 4 ports, IRQ sharing disabled
[    3.858708] console [ttyS0] disabled
[    3.860505] 70006300.serial: ttyS0 at MMIO 0x70006300 (irq = 335, base_baud = 25500000) is a Tegra
[    3.869564] console [ttyS0] enabled
[    3.869564] console [ttyS0] enabled
[    3.875827] bootconsole [earlycon0] disabled
[    3.875827] bootconsole [earlycon0] disabled
[    3.885680] 70006000.serial: ttyTHS1 at MMIO 0x70006000 (irq = 333, base_baud = 0) is a TEGRA_UART
[    3.896684] 70006040.serial: ttyTHS2 at MMIO 0x70006040 (irq = 334, base_baud = 0) is a TEGRA_UART
[    3.908000] [drm] Initialized drm 1.1.0 20060810
[    3.913749] tegra-hdmi 54280000.hdmi: failed to get HDMI regulator
[    3.938801] loop: module loaded
[    3.943633] at24 0-0056: 256 byte 24c02 EEPROM, writable, 8 bytes/write
[    3.951191] as3722 4-0040: AS3722 with revision 0x1 found
[    3.967083] as3722-sd2: supplied by +5V_SYS
[    3.972033] as3722-sd3: supplied by +5V_SYS
[    3.976443] +1.35V_LP0(sd3): Bringing 0uV into 1350000-1350000uV
[    3.983097] as3722-sd4: supplied by +5V_SYS
[    3.988015] as3722-sd5: supplied by +5V_SYS
[    3.994681] as3722-ldo0: supplied by +1.35V_LP0(sd2)
[    4.001064] +1.8V_RUN_CAM: Bringing 0uV into 1800000-1800000uV
[    4.007602] as3722-ldo2: supplied by +1.8V_VDDIO
[    4.013869] as3722-ldo3: supplied by +3.3V_SYS
[    4.018365] +1.05V_LP0_VDD_RTC: Bringing 1100000uV into 1000000-1000000uV
[    4.026448] as3722-ldo4: supplied by +3.3V_SYS
[    4.031122] +2.8V_RUN_CAM: Bringing 0uV into 2800000-2800000uV
[    4.037671] as3722-ldo5: supplied by +1.8V_VDDIO
[    4.042557] +1.2V_RUN_CAM_FRONT: Bringing 0uV into 1200000-1200000uV
[    4.049773] +VDDIO_SDMMC3: bypassed regulator has no supply!
[    4.055447] +VDDIO_SDMMC3: failed to get the current voltage(-517)
[    4.061624] as3722-regulator as3722-regulator: regulator 13 register failed -517
[    4.112284] tegra-ahci 70027000.sata: couldn't get PHY in node sata: -517
[    4.130871] random: fast init done
[    4.134513] m25p80 spi32765.0: w25q32dw (4096 Kbytes)
[    4.143376] libphy: Fixed MDIO Bus: probed
[    4.147469] CAN device driver interface
[    4.151391] igb: Intel(R) Gigabit Ethernet Network Driver - version 5.3.0-k
[    4.158394] igb: Copyright (c) 2007-2014 Intel Corporation.
[    4.164325] pegasus: v0.9.3 (2013/04/25), Pegasus/Pegasus II USB Ethernet driver
[    4.171884] usbcore: registered new interface driver pegasus
[    4.177704] usbcore: registered new interface driver asix
[    4.183244] usbcore: registered new interface driver ax88179_178a
[    4.189444] usbcore: registered new interface driver cdc_ether
[    4.195582] usbcore: registered new interface driver smsc75xx
[    4.201481] usbcore: registered new interface driver smsc95xx
[    4.207354] usbcore: registered new interface driver net1080
[    4.213171] usbcore: registered new interface driver cdc_subset
[    4.219196] usbcore: registered new interface driver zaurus
[    4.224969] usbcore: registered new interface driver cdc_ncm
[    4.230880] tegra-phy 7d004000.usb-phy: no vbus regulator
[    4.236705] ehci_hcd: USB 2.0 'Enhanced' Host Controller (EHCI) Driver
[    4.243242] ehci-pci: EHCI PCI platform driver
[    4.247801] tegra-ehci: Tegra EHCI driver
[    4.254689] tegra-ehci 7d004000.usb: EHCI Host Controller
[    4.260126] tegra-ehci 7d004000.usb: new USB bus registered, assigned bus number 1
[    4.268019] tegra-ehci 7d004000.usb: irq 354, io mem 0x7d004000
[    4.301675] tegra-ehci 7d004000.usb: USB 2.0 started, EHCI 1.10
[    4.309310] hub 1-0:1.0: USB hub found
[    4.313140] hub 1-0:1.0: 1 port detected
[    4.318920] usbcore: registered new interface driver cdc_acm
[    4.324590] cdc_acm: USB Abstract Control Model driver for USB modems and ISDN adapters
[    4.332750] usbcore: registered new interface driver cdc_wdm
[    4.338581] usbcore: registered new interface driver usb-storage
[    4.345356] mousedev: PS/2 mouse device common for all mice
[    4.354614] as3722-rtc as3722-rtc: rtc core: registered as3722-rtc as rtc0
[    4.361484] as3722-rtc as3722-rtc: RTC interrupt 377
[    4.369796] tegra_rtc 7000e000.rtc: rtc core: registered 7000e000.rtc as rtc1
[    4.377061] tegra_rtc 7000e000.rtc: Tegra internal Real Time Clock
[    4.383649] i2c /dev entries driver
[    4.389413] usbcore: registered new interface driver uvcvideo
[    4.395199] USB Video Class driver (1.1.1)
[    4.399289] gspca_main: v2.14.0 registered
[    4.404225] 0-004c supply vcc not found, using dummy regulator
[    4.414298] tegra-wdt 60005000.timer: initialized (heartbeat = 120 sec, nowayout = 0)
[    4.423650] sdhci: Secure Digital Host Controller Interface driver
[    4.429821] sdhci: Copyright(c) Pierre Ossman
[    4.434192] sdhci-pltfm: SDHCI platform and OF driver helper
[    4.440222] sdhci-tegra 700b0400.sdhci: Got CD GPIO
[    4.445135] sdhci-tegra 700b0400.sdhci: Got WP GPIO
[    4.450341] mmc0: Unknown controller version (3). You may experience problems.
[    4.457651] mmc0: Invalid maximum block size, assuming 512 bytes
[    4.521714] mmc0: SDHCI controller on 700b0600.sdhci [700b0600.sdhci] using ADMA
[    4.535360] usbcore: registered new interface driver usbhid
[    4.541020] usbhid: USB HID core driver
[    4.556542] tegra124-dfll 70110000.clock: couldn't get vdd_cpu regulator
[    4.609318] mmc0: new high speed MMC card at address 0001
[    4.615794] mmcblk0: mmc0:0001 SEM16G 14.7 GiB 
[    4.620772] mmcblk0boot0: mmc0:0001 SEM16G partition 1 4.00 MiB
[    4.627181] mmcblk0boot1: mmc0:0001 SEM16G partition 2 4.00 MiB
[    4.633551] mmcblk0rpmb: mmc0:0001 SEM16G partition 3 4.00 MiB
[    4.641479]  mmcblk0: p1
[    5.001620] tegra30-i2s 70301100.i2s: DMA channels sourced from device 70300000.ahub
[    5.021356] rt5640 0-001c: ASoC: no source widget found for DAC L2 Power
[    5.028075] rt5640 0-001c: ASoC: Failed to add route DAC L2 Power -> direct -> IF2 DAC L
[    5.036179] rt5640 0-001c: ASoC: no source widget found for DAC R2 Power
[    5.042930] rt5640 0-001c: ASoC: Failed to add route DAC R2 Power -> direct -> IF2 DAC R
[    5.053186] tegra-snd-rt5640 sound: rt5640-aif1 <-> 70301100.i2s mapping ok
[    5.064938] input: NVIDIA Tegra Jetson TK1 Headphones as /devices/soc0/sound/sound/card1/input0
[    5.313501] input: tegra-hda HDMI/DP,pcm=3 as /devices/soc0/70030000.hda/sound/card0/input1
[    5.351667] NET: Registered protocol family 10
[    5.511698] mip6: Mobile IPv6
[    5.514664] sit: IPv6, IPv4 and MPLS over IPv4 tunneling driver
[    5.523759] NET: Registered protocol family 17
[    5.528235] NET: Registered protocol family 15
[    5.532694] can: controller area network core (rev 20120528 abi 9)
[    5.571781] NET: Registered protocol family 29
[    5.576220] can: raw protocol (rev 20120528)
[    5.580485] can: broadcast manager protocol (rev 20160617 t)
[    5.586219] can: netlink gateway (rev 20130117) max_hops=1
[    5.631787] Bluetooth: RFCOMM socket layer initialized
[    5.636935] Bluetooth: RFCOMM ver 1.11
[    5.640687] Bluetooth: BNEP (Ethernet Emulation) ver 1.3
[    5.646054] Bluetooth: BNEP socket layer initialized
[    5.651011] Bluetooth: HIDP (Human Interface Emulation) ver 1.2
[    5.656953] Bluetooth: HIDP socket layer initialized
[    5.662234] Key type dns_resolver registered
[    5.667800] Registering SWP/SWPB emulation handler
[    5.674519] +3.3V_RUN: supplied by +3.3V_SYS
[    5.679453] +3.3V_AVDD_HDMI_AP_GATED: supplied by +3.3V_RUN
[    5.685318] +USB0_VBUS_SW: supplied by +5V_SYS
[    5.690373] +5V_USB_HS: supplied by +5V_SYS
[    5.695511] +3.3V_LP0: supplied by +3.3V_SYS
[    5.701151] +5V_HDMI_CON: supplied by +5V_SYS
[    5.706200] +5V_SATA: supplied by +5V_SYS
[    5.710824] +12V_SATA: supplied by +VDD_MUX
[    5.718059] usb2-0 supply vbus not found, using dummy regulator
[    5.724255] usb2-1 supply vbus not found, using dummy regulator
[    5.730689] usb3-0 supply vbus not found, using dummy regulator
[    5.737372] tegra-pcie 1003000.pcie-controller: 2x1, 1x1 configuration
[    5.743960] tegra-pcie 1003000.pcie-controller: Failed to get supply 'avddio-pex': -517
[    5.752543] tegra-hdmi 54280000.hdmi: failed to get PLL regulator
[    5.761365] as3722-sd2: supplied by +5V_SYS
[    5.766162] as3722-sd3: supplied by +5V_SYS
[    5.770898] as3722-sd4: supplied by +5V_SYS
[    5.775725] +1.05V_RUN_AVDD_HDMI_PLL: supplied by +1.05V_RUN
[    5.781513] as3722-sd5: supplied by +5V_SYS
[    5.787823] as3722-ldo0: supplied by +1.35V_LP0(sd2)
[    5.793720] as3722-ldo1: supplied by +3.3V_RUN
[    5.798743] as3722-ldo2: supplied by +1.8V_VDDIO
[    5.804621] as3722-ldo3: supplied by +3.3V_SYS
[    5.810225] as3722-ldo4: supplied by +3.3V_SYS
[    5.815256] as3722-ldo5: supplied by +1.8V_VDDIO
[    5.820442] as3722-ldo6: supplied by +3.3V_RUN
[    5.825493] as3722-ldo7: supplied by +1.8V_VDDIO
[    5.830844] +1.05V_RUN_CAM_REAR: Bringing 0uV into 1050000-1050000uV
[    5.838219] as3722-ldo9: supplied by +5V_SYS
[    5.843720] +3.3V_RUN_TOUCH: Bringing 0uV into 2800000-2800000uV
[    5.850714] as3722-ldo10: supplied by +5V_SYS
[    5.855854] +2.8V_RUN_CAM_AF: Bringing 0uV into 2800000-2800000uV
[    5.862983] as3722-ldo11: supplied by +3.3V_RUN
[    5.868257] +1.8V_RUN_VPP_FUSE: Bringing 0uV into 1800000-1800000uV
[    5.877829] tegra-ahci 70027000.sata: AHCI 0001.0301 32 slots 2 ports 3 Gbps 0x1 impl platform mode
[    5.886905] tegra-ahci 70027000.sata: flags: 64bit ncq sntf pm led pio slum part sadm sds apst 
[    5.899401] scsi host0: tegra-ahci
[    5.983630] scsi host1: tegra-ahci
[    5.987858] ata1: SATA max UDMA/133 mmio [mem 0x70027000-0x70028fff] port 0x100 irq 345
[    5.995960] ata2: DUMMY
[    5.999700] tegra-ehci 7d008000.usb: EHCI Host Controller
[    6.005206] tegra-ehci 7d008000.usb: new USB bus registered, assigned bus number 2
[    6.013124] tegra-ehci 7d008000.usb: irq 355, io mem 0x7d008000
[    6.041777] tegra-ehci 7d008000.usb: USB 2.0 started, EHCI 1.10
[    6.049674] hub 2-0:1.0: USB hub found
[    6.053584] hub 2-0:1.0: 1 port detected
[    6.132444] tegra-xusb 70090000.usb: Firmware timestamp: 2014-09-16 02:10:07 UTC
[    6.139901] tegra-xusb 70090000.usb: xHCI Host Controller
[    6.145374] tegra-xusb 70090000.usb: new USB bus registered, assigned bus number 3
[    6.155621] tegra-xusb 70090000.usb: hcc params 0x0184f525 hci version 0x100 quirks 0x00010010
[    6.164342] tegra-xusb 70090000.usb: irq 347, io mem 0x70090000
[    6.172374] hub 3-0:1.0: USB hub found
[    6.176174] hub 3-0:1.0: 6 ports detected
[    6.182004] tegra-xusb 70090000.usb: xHCI Host Controller
[    6.187436] tegra-xusb 70090000.usb: new USB bus registered, assigned bus number 4
[    6.195217] usb usb4: We don't know the algorithms for LPM for this host, disabling LPM.
[    6.205402] hub 4-0:1.0: USB hub found
[    6.209195] hub 4-0:1.0: 2 ports detected
[    6.215840] sdhci-tegra 700b0400.sdhci: Got CD GPIO
[    6.220769] sdhci-tegra 700b0400.sdhci: Got WP GPIO
[    6.225968] mmc1: Unknown controller version (3). You may experience problems.
[    6.233436] mmc1: Invalid maximum block size, assuming 512 bytes
[    6.302314] mmc1: SDHCI controller on 700b0400.sdhci [700b0400.sdhci] using ADMA
[    6.316875] tegra-pcie 1003000.pcie-controller: 2x1, 1x1 configuration
[    6.325437] ata1: SATA link down (SStatus 0 SControl 300)
[    6.330671] tegra-pcie 1003000.pcie-controller: probing port 0, using 2 lanes
[    6.332836] tegra-pcie 1003000.pcie-controller: Slot present pin change, signature: 00000008
[    6.361440] tegra-pcie 1003000.pcie-controller: probing port 1, using 1 lanes
[    6.370710] tegra-pcie 1003000.pcie-controller: Slot present pin change, signature: 00000000
[    6.385982] tegra-pcie 1003000.pcie-controller: PCI host bridge to bus 0000:00
[    6.393291] pci_bus 0000:00: root bus resource [io  0x0000-0xffff]
[    6.399524] pci_bus 0000:00: root bus resource [mem 0x13000000-0x1fffffff]
[    6.406451] pci_bus 0000:00: root bus resource [mem 0x20000000-0x3fffffff pref]
[    6.413771] pci_bus 0000:00: root bus resource [bus 00-ff]
[    6.419302] pci 0000:00:01.0: [10de:0e12] type 01 class 0x060400
[    6.425423] pci 0000:00:01.0: PME# supported from D0 D1 D2 D3hot D3cold
[    6.432843] pci 0000:00:02.0: [10de:0e13] type 01 class 0x060400
[    6.438938] pci 0000:00:02.0: PME# supported from D0 D1 D2 D3hot D3cold
[    6.446223] PCI: bus0: Fast back to back transfers disabled
[    6.451812] pci 0000:00:01.0: bridge configuration invalid ([bus 00-00]), reconfiguring
[    6.459813] pci 0000:00:02.0: bridge configuration invalid ([bus 00-00]), reconfiguring
[    6.468331] pci 0000:01:00.0: [8086:4232] type 00 class 0x028000
[    6.474436] pci 0000:01:00.0: reg 0x10: [mem 0x00000000-0x00001fff 64bit]
[    6.481408] pci 0000:01:00.0: PME# supported from D0 D3hot D3cold
[    6.511805] PCI: bus1: Fast back to back transfers disabled
[    6.517382] pci_bus 0000:01: busn_res: [bus 01-ff] end is updated to 01
[    6.524451] pci 0000:02:00.0: [10ec:8168] type 00 class 0x020000
[    6.530476] pci 0000:02:00.0: reg 0x10: [io  0x0000-0x00ff]
[    6.536141] pci 0000:02:00.0: reg 0x18: [mem 0x00000000-0x00000fff 64bit]
[    6.543015] pci 0000:02:00.0: reg 0x20: [mem 0x00000000-0x00003fff 64bit pref]
[    6.550429] pci 0000:02:00.0: supports D1 D2
[    6.554800] pci 0000:02:00.0: PME# supported from D0 D1 D2 D3hot D3cold
[    6.574130] mmc1: new high speed SDHC card at address aaaa
[    6.581421] mmcblk1: mmc1:aaaa SD04G 3.69 GiB 
[    6.591788] PCI: bus2: Fast back to back transfers disabled
[    6.597377] pci_bus 0000:02: busn_res: [bus 02-ff] end is updated to 02
[    6.604342] pci 0000:00:01.0: BAR 8: assigned [mem 0x13000000-0x130fffff]
[    6.611188] pci 0000:00:02.0: BAR 8: assigned [mem 0x13100000-0x131fffff]
[    6.618098] pci 0000:00:02.0: BAR 9: assigned [mem 0x20000000-0x200fffff 64bit pref]
[    6.625941] pci 0000:00:02.0: BAR 7: assigned [io  0x1000-0x1fff]
[    6.632281] pci 0000:01:00.0: BAR 0: assigned [mem 0x13000000-0x13001fff 64bit]
[    6.639680] pci 0000:00:01.0: PCI bridge to [bus 01]
[    6.644884] pci 0000:00:01.0:   bridge window [mem 0x13000000-0x130fffff]
[    6.651791] pci 0000:02:00.0: BAR 4: assigned [mem 0x20000000-0x20003fff 64bit pref]
[    6.659664] pci 0000:02:00.0: BAR 2: assigned [mem 0x13100000-0x13100fff 64bit]
[    6.667088] pci 0000:02:00.0: BAR 0: assigned [io  0x1000-0x10ff]
[    6.673346] pci 0000:00:02.0: PCI bridge to [bus 02]
[    6.678376] pci 0000:00:02.0:   bridge window [io  0x1000-0x1fff]
[    6.684636] pci 0000:00:02.0:   bridge window [mem 0x13100000-0x131fffff]
[    6.691487] pci 0000:00:02.0:   bridge window [mem 0x20000000-0x200fffff 64bit pref]
[    6.699413]  mmcblk1: p1 p2 p3
[    6.703432] pci 0000:00:01.0: nv_msi_ht_cap_quirk didn't locate host bridge
[    6.711869] pcieport 0000:00:01.0: enabling device (0140 -> 0142)
[    6.718555] pcieport 0000:00:01.0: Signaling PME through PCIe PME interrupt
[    6.725567] pci 0000:01:00.0: Signaling PME through PCIe PME interrupt
[    6.732159] pcie_pme 0000:00:01.0:pcie001: service driver pcie_pme loaded
[    6.739074] pci 0000:00:02.0: nv_msi_ht_cap_quirk didn't locate host bridge
[    6.746251] pcieport 0000:00:02.0: enabling device (0140 -> 0143)
[    6.753004] pcieport 0000:00:02.0: Signaling PME through PCIe PME interrupt
[    6.759959] pci 0000:02:00.0: Signaling PME through PCIe PME interrupt
[    6.766542] pcie_pme 0000:00:02.0:pcie001: service driver pcie_pme loaded
[    6.773860] r8169 Gigabit Ethernet driver 2.3LK-NAPI loaded
[    6.779478] r8169 0000:02:00.0: enabling device (0140 -> 0143)
[    6.814408] r8169 0000:02:00.0 eth0: RTL8168g/8111g at 0xf09f9000, 00:04:4b:3a:d9:81, XID 0c000800 IRQ 395
[    6.824083] r8169 0000:02:00.0 eth0: jumbo features [frames: 9200 bytes, tx checksumming: ko]
[    6.837146] [drm] Supports vblank timestamp caching Rev 2 (21.10.2013).
[    6.843911] [drm] No driver support for vblank timestamp query.
[    6.979322] tegra-hdmi 54280000.hdmi: cannot set audio to 48000 Hz at 297000000 Hz pixel clock
[    7.147277] Console: switching to colour frame buffer device 512x135
[    7.242913] drm drm: fb0:  frame buffer device
[    7.281777] [drm] Initialized tegra 0.0.0 20120330 on minor 0
[    7.288719] of: dev_pm_opp_of_cpumask_add_table: couldn't find opp table for cpu:0, -19
[    7.296842] cpufreq: cpufreq_online: CPU0: Running at unlisted freq: 696000 KHz
[    7.304254] cpufreq: cpufreq_online: CPU0: Unlisted initial frequency changed to: 714000 KHz
[    7.313700] input: gpio-keys as /devices/soc0/gpio-keys/input/input2
[    7.320998] as3722-rtc as3722-rtc: setting system clock to 2000-01-01 00:00:54 UTC (946684854)
[    7.334865] +USB0_VBUS_SW: disabling
[    7.338446] +1.8V_RUN_CAM: disabling
[    7.342242] +2.8V_RUN_CAM: disabling
[    7.345958] +1.2V_RUN_CAM_FRONT: disabling
[    7.350208] +1.05V_RUN_CAM_REAR: disabling
[    7.354539] +3.3V_RUN_TOUCH: disabling
[    7.358573] +2.8V_RUN_CAM_AF: disabling
[    7.362651] +1.8V_RUN_VPP_FUSE: disabling
[    7.366958] ALSA device list:
[    7.369914]   #0: tegra-hda at 0x70038000 irq 346
[    7.374608]   #1: NVIDIA Tegra Jetson TK1
[    7.379379] EXT4-fs (mmcblk0p1): mounting ext3 file system using the ext4 subsystem
[    7.451967] EXT4-fs (mmcblk0p1): recovery complete
[    7.456752] EXT4-fs (mmcblk0p1): mounted filesystem with ordered data mode. Opts: (null)
[    7.464891] VFS: Mounted root (ext3 filesystem) on device 179:1.
[    7.476128] devtmpfs: mounted
[    7.479476] Freeing unused kernel memory: 1024K (c0c00000 - c0d00000)
bash: cannot set terminal process group (-1): Inappropriate ioctl for device
bash: no job control in this shell
root@(none):/# mount -t sysfs none /sys
root@(none):/# 
root@(none):/# mount -t debugfs none /sys/kernel/debug
root@(none):/# 
root@(none):/# rtcwake -d rtc1 -m mem -s 3
rtcwake: assuming RTC uses UTC ...
rtcwake: wakeup from "mem" using /dev/rtc1 at Thu Jan  1 00:00:23 1970
[   10.318444] PM: Syncing filesystems ... done.
[   10.334097] Freezing user space processes ... (elapsed 0.001 seconds) done.
[   10.335790] Freezing remaining freezable tasks ... (elapsed 0.001 seconds) done.
[   10.335797] Suspending console(s) (use no_console_suspend to debug)
[   10.743146] PM: suspend of devices complete after 233.814 msecs
[   10.744747] PM: late suspend of devices complete after 1.593 msecs
[   10.772342] PM: noirq suspend of devices complete after 27.589 msecs
[   10.772344] Disabling non-boot CPUs ...
[   10.811705] span: 0,2-3 (max cpu_capacity = 1024)
[   10.812059] CPU1: shutdown
[   10.911700] span: 0,3 (max cpu_capacity = 1024)
[   10.912073] CPU2: shutdown
[   11.001689] span: 0 (max cpu_capacity = 1024)
[   11.002081] CPU3: shutdown
[   11.052946] Entering suspend state LP1
[   11.052946] Suspended for 2.694 seconds
[   11.052959] Enabling non-boot CPUs ...
[   11.083147] span: 0-1 (max cpu_capacity = 1024)
[   11.083228] CPU1 is up
[   11.123364] span: 0-2 (max cpu_capacity = 1024)
[   11.123444] CPU2 is up
[   11.163676] span: 0-3 (max cpu_capacity = 1024)
[   11.163762] CPU3 is up
[   11.164460] pcieport 0000:00:01.0: nv_msi_ht_cap_quirk didn't locate host bridge
[   11.164463] pcieport 0000:00:02.0: nv_msi_ht_cap_quirk didn't locate host bridge
[   11.191732] PM: noirq resume of devices complete after 27.964 msecs
[   11.193720] PM: early resume of devices complete after 1.467 msecs
[   11.201104] tegra-hdmi 54280000.hdmi: cannot set audio to 48000 Hz at 297000000 Hz pixel clock
[   11.524585] ata1: SATA link down (SStatus 0 SControl 300)
[   14.161726] PM: resume of devices complete after 2967.998 msecs
[   14.285618] Restarting tasks ... done.
root@(none):/# 
root@(none):/# rtcwake -d rtc1 -m mem -s 3
rtcwake: assuming RTC uses UTC ...
rtcwake: wakeup from "mem" using /dev/rtc1 at Thu Jan  1 00:00:30 1970
[   14.654153] PM: Syncing filesystems ... done.
[   14.673020] Freezing user space processes ... (elapsed 0.001 seconds) done.
[   14.674234] Freezing remaining freezable tasks ... (elapsed 0.001 seconds) done.
[   14.674236] Suspending console(s) (use no_console_suspend to debug)
[   14.923164] PM: suspend of devices complete after 210.881 msecs
[   14.925422] PM: late suspend of devices complete after 2.247 msecs
[   14.952502] PM: noirq suspend of devices complete after 27.074 msecs
[   14.952505] Disabling non-boot CPUs ...
[   14.991690] span: 0,2-3 (max cpu_capacity = 1024)
[   14.992118] CPU1: shutdown
[   15.091693] span: 0,3 (max cpu_capacity = 1024)
[   15.092126] CPU2: shutdown
[   15.191667] span: 0 (max cpu_capacity = 1024)
[   15.192070] CPU3: shutdown
[   15.243134] Entering suspend state LP1
[   15.243134] Suspended for 2.809 seconds
[   15.243161] Enabling non-boot CPUs ...
[   15.273117] span: 0-1 (max cpu_capacity = 1024)
[   15.273202] CPU1 is up
[   15.313328] span: 0-2 (max cpu_capacity = 1024)
[   15.313411] CPU2 is up
[   15.353637] span: 0-3 (max cpu_capacity = 1024)
[   15.353726] CPU3 is up
[   15.354413] pcieport 0000:00:02.0: nv_msi_ht_cap_quirk didn't locate host bridge
[   15.354415] pcieport 0000:00:01.0: nv_msi_ht_cap_quirk didn't locate host bridge
[   15.381706] PM: noirq resume of devices complete after 27.975 msecs
[   15.383689] PM: early resume of devices complete after 1.460 msecs
[   15.391011] tegra-hdmi 54280000.hdmi: cannot set audio to 48000 Hz at 297000000 Hz pixel clock
[   15.714525] ata1: SATA link down (SStatus 0 SControl 300)
[   18.351726] PM: resume of devices complete after 2968.029 msecs
[   18.475569] Restarting tasks ... done.
root@(none):/# 
root@(none):/# rtcwake -d rtc1 -m mem -s 3
rtcwake: assuming RTC uses UTC ...
rtcwake: wakeup from "mem" using /dev/rtc1 at Thu Jan  1 00:00:37 1970
[   18.842952] PM: Syncing filesystems ... done.
[   18.862967] Freezing user space processes ... (elapsed 0.001 seconds) done.
[   18.864172] Freezing remaining freezable tasks ... (elapsed 0.001 seconds) done.
[   18.864174] Suspending console(s) (use no_console_suspend to debug)
[   19.113089] PM: suspend of devices complete after 215.049 msecs
[   19.115058] PM: late suspend of devices complete after 1.959 msecs
[   19.142531] PM: noirq suspend of devices complete after 27.466 msecs
[   19.142533] Disabling non-boot CPUs ...
[   19.181645] span: 0,2-3 (max cpu_capacity = 1024)
[   19.182030] CPU1: shutdown
[   19.281646] span: 0,3 (max cpu_capacity = 1024)
[   19.282022] CPU2: shutdown
[   19.381625] span: 0 (max cpu_capacity = 1024)
[   19.381969] CPU3: shutdown
[   19.432845] Entering suspend state LP1
[   19.432845] Suspended for 2.810 seconds
[   19.432871] Enabling non-boot CPUs ...
[   19.463091] span: 0-1 (max cpu_capacity = 1024)
[   19.463179] CPU1 is up
[   19.503304] span: 0-2 (max cpu_capacity = 1024)
[   19.503385] CPU2 is up
[   19.543618] span: 0-3 (max cpu_capacity = 1024)
[   19.543701] CPU3 is up
[   19.544438] pcieport 0000:00:01.0: nv_msi_ht_cap_quirk didn't locate host bridge
[   19.544440] pcieport 0000:00:02.0: nv_msi_ht_cap_quirk didn't locate host bridge
[   19.571670] PM: noirq resume of devices complete after 27.963 msecs
[   19.573281] PM: early resume of devices complete after 1.095 msecs
[   19.581183] tegra-hdmi 54280000.hdmi: cannot set audio to 48000 Hz at 297000000 Hz pixel clock
[   19.904523] ata1: SATA link down (SStatus 0 SControl 300)
[   22.541695] PM: resume of devices complete after 2968.406 msecs
[   22.665452] Restarting tasks ... done.
root@(none):/# 
root@(none):/# rtcwake -d rtc1 -m mem -s 3
rtcwake: assuming RTC uses UTC ...
rtcwake: wakeup from "mem" using /dev/rtc1 at Thu Jan  1 00:00:44 1970
[   23.033716] PM: Syncing filesystems ... done.
[   23.052970] Freezing user space processes ... (elapsed 0.001 seconds) done.
[   23.054194] Freezing remaining freezable tasks ... (elapsed 0.001 seconds) done.
[   23.054196] Suspending console(s) (use no_console_suspend to debug)
[   23.303223] PM: suspend of devices complete after 211.144 msecs
[   23.305480] PM: late suspend of devices complete after 2.246 msecs
[   23.332639] PM: noirq suspend of devices complete after 27.153 msecs
[   23.332642] Disabling non-boot CPUs ...
[   23.371623] span: 0,2-3 (max cpu_capacity = 1024)
[   23.372068] CPU1: shutdown
[   23.471627] span: 0,3 (max cpu_capacity = 1024)
[   23.472068] CPU2: shutdown
[   23.571603] span: 0 (max cpu_capacity = 1024)
[   23.571997] CPU3: shutdown
[   23.623025] Entering suspend state LP1
[   23.623025] Suspended for 2.809 seconds
[   23.623051] Enabling non-boot CPUs ...
[   23.653061] span: 0-1 (max cpu_capacity = 1024)
[   23.653144] CPU1 is up
[   23.693261] span: 0-2 (max cpu_capacity = 1024)
[   23.693343] CPU2 is up
[   23.733586] span: 0-3 (max cpu_capacity = 1024)
[   23.733671] CPU3 is up
[   23.734344] pcieport 0000:00:01.0: nv_msi_ht_cap_quirk didn't locate host bridge
[   23.734500] pcieport 0000:00:02.0: nv_msi_ht_cap_quirk didn't locate host bridge
[   23.761631] PM: noirq resume of devices complete after 27.955 msecs
[   23.763485] PM: early resume of devices complete after 1.339 msecs
[   23.770709] tegra-hdmi 54280000.hdmi: cannot set audio to 48000 Hz at 297000000 Hz pixel clock
[   24.094408] ata1: SATA link down (SStatus 0 SControl 300)
[   26.731659] PM: resume of devices complete after 2968.166 msecs
[   26.855296] Restarting tasks ... done.
root@(none):/# 
root@(none):/# rtcwake -d rtc1 -m mem -s 3
rtcwake: assuming RTC uses UTC ...
rtcwake: wakeup from "mem" using /dev/rtc1 at Thu Jan  1 00:00:51 1970
[   27.228261] PM: Syncing filesystems ... done.
[   27.252926] Freezing user space processes ... (elapsed 0.001 seconds) done.
[   27.254141] Freezing remaining freezable tasks ... (elapsed 0.001 seconds) done.
[   27.254143] Suspending console(s) (use no_console_suspend to debug)
[   27.533028] PM: suspend of devices complete after 249.627 msecs
[   27.534772] PM: late suspend of devices complete after 1.735 msecs
[   27.562327] PM: noirq suspend of devices complete after 27.548 msecs
[   27.562329] Disabling non-boot CPUs ...
[   27.601576] span: 0,2-3 (max cpu_capacity = 1024)
[   27.601963] CPU1: shutdown
[   27.701578] span: 0,3 (max cpu_capacity = 1024)
[   27.701967] CPU2: shutdown
[   27.801558] span: 0 (max cpu_capacity = 1024)
[   27.801902] CPU3: shutdown
[   27.852766] Entering suspend state LP1
[   27.852766] Suspended for 2.770 seconds
[   27.852792] Enabling non-boot CPUs ...
[   27.883038] span: 0-1 (max cpu_capacity = 1024)
[   27.883120] CPU1 is up
[   27.923243] span: 0-2 (max cpu_capacity = 1024)
[   27.923326] CPU2 is up
[   27.963556] span: 0-3 (max cpu_capacity = 1024)
[   27.963641] CPU3 is up
[   27.964315] pcieport 0000:00:02.0: nv_msi_ht_cap_quirk didn't locate host bridge
[   27.964411] pcieport 0000:00:01.0: nv_msi_ht_cap_quirk didn't locate host bridge
[   27.991599] PM: noirq resume of devices complete after 27.952 msecs
[   27.993275] PM: early resume of devices complete after 1.137 msecs
[   28.000191] tegra-hdmi 54280000.hdmi: cannot set audio to 48000 Hz at 297000000 Hz pixel clock
[   28.324394] ata1: SATA link down (SStatus 0 SControl 300)
[   30.971593] PM: resume of devices complete after 2978.309 msecs
[   31.095302] Restarting tasks ... done.
root@(none):/# 
root@(none):/# rtcwake -d rtc1 -m mem -s 3
rtcwake: assuming RTC uses UTC ...
rtcwake: wakeup from "mem" using /dev/rtc1 at Thu Jan  1 00:00:58 1970
[   31.453310] PM: Syncing filesystems ... done.
[   31.472902] Freezing user space processes ... (elapsed 0.001 seconds) done.
[   31.474130] Freezing remaining freezable tasks ... (elapsed 0.001 seconds) done.
[   31.474132] Suspending console(s) (use no_console_suspend to debug)
[   31.723001] PM: suspend of devices complete after 213.588 msecs
[   31.725284] PM: late suspend of devices complete after 2.273 msecs
[   31.752494] PM: noirq suspend of devices complete after 27.203 msecs
[   31.752497] Disabling non-boot CPUs ...
[   31.791550] span: 0,2-3 (max cpu_capacity = 1024)
[   31.791963] CPU1: shutdown
[   31.911539] span: 0,3 (max cpu_capacity = 1024)
[   31.911960] CPU2: shutdown
[   32.011539] span: 0 (max cpu_capacity = 1024)
[   32.011682] IRQ17 no longer affine to CPU3
[   32.011904] CPU3: shutdown
[   32.062975] Entering suspend state LP1
[   32.062975] Suspended for 2.789 seconds
[   32.063001] Enabling non-boot CPUs ...
[   32.093029] span: 0-1 (max cpu_capacity = 1024)
[   32.093107] CPU1 is up
[   32.133237] span: 0-2 (max cpu_capacity = 1024)
[   32.133317] CPU2 is up
[   32.173540] span: 0-3 (max cpu_capacity = 1024)
[   32.173625] CPU3 is up
[   32.174328] pcieport 0000:00:01.0: nv_msi_ht_cap_quirk didn't locate host bridge
[   32.174337] pcieport 0000:00:02.0: nv_msi_ht_cap_quirk didn't locate host bridge
[   32.201565] PM: noirq resume of devices complete after 27.934 msecs
[   32.203735] PM: early resume of devices complete after 1.639 msecs
[   32.211132] tegra-hdmi 54280000.hdmi: cannot set audio to 48000 Hz at 297000000 Hz pixel clock
[   32.534404] ata1: SATA link down (SStatus 0 SControl 300)
[   35.171637] PM: resume of devices complete after 2967.893 msecs
[   35.299435] Restarting tasks ... done.
root@(none):/# 
root@(none):/# rtcwake -d rtc1 -m mem -s 3
rtcwake: assuming RTC uses UTC ...
rtcwake: wakeup from "mem" using /dev/rtc1 at Thu Jan  1 00:01:05 1970
[   35.663234] PM: Syncing filesystems ... done.
[   35.682871] Freezing user space processes ... (elapsed 0.001 seconds) done.
[   35.684083] Freezing remaining freezable tasks ... (elapsed 0.001 seconds) done.
[   35.684085] Suspending console(s) (use no_console_suspend to debug)
[   35.932968] PM: suspend of devices complete after 213.368 msecs
[   35.935269] PM: late suspend of devices complete after 2.290 msecs
[   35.962473] PM: noirq suspend of devices complete after 27.198 msecs
[   35.962475] Disabling non-boot CPUs ...
[   36.001515] span: 0,2-3 (max cpu_capacity = 1024)
[   36.001938] CPU1: shutdown
[   36.101518] span: 0,3 (max cpu_capacity = 1024)
[   36.101688] IRQ17 no longer affine to CPU2
[   36.101922] CPU2: shutdown
[   36.201495] span: 0 (max cpu_capacity = 1024)
[   36.201864] CPU3: shutdown
[   36.252876] Entering suspend state LP1
[   36.252876] Suspended for 2.809 seconds
[   36.252901] Enabling non-boot CPUs ...
[   36.282992] span: 0-1 (max cpu_capacity = 1024)
[   36.283075] CPU1 is up
[   36.323196] span: 0-2 (max cpu_capacity = 1024)
[   36.323275] CPU2 is up
[   36.363502] span: 0-3 (max cpu_capacity = 1024)
[   36.363589] CPU3 is up
[   36.364268] pcieport 0000:00:02.0: nv_msi_ht_cap_quirk didn't locate host bridge
[   36.364374] pcieport 0000:00:01.0: nv_msi_ht_cap_quirk didn't locate host bridge
[   36.391537] PM: noirq resume of devices complete after 27.943 msecs
[   36.393664] PM: early resume of devices complete after 1.603 msecs
[   36.400838] tegra-hdmi 54280000.hdmi: cannot set audio to 48000 Hz at 297000000 Hz pixel clock
[   36.724345] ata1: SATA link down (SStatus 0 SControl 300)
[   39.361523] PM: resume of devices complete after 2967.851 msecs
[   39.489384] Restarting tasks ... done.
root@(none):/# 
root@(none):/# rtcwake -d rtc1 -m mem -s 3
rtcwake: assuming RTC uses UTC ...
rtcwake: wakeup from "mem" using /dev/rtc1 at Thu Jan  1 00:01:12 1970
[   39.852115] PM: Syncing filesystems ... done.
[   39.872840] Freezing user space processes ... (elapsed 0.001 seconds) done.
[   39.874065] Freezing remaining freezable tasks ... (elapsed 0.001 seconds) done.
[   39.874068] Suspending console(s) (use no_console_suspend to debug)
[   40.122954] PM: suspend of devices complete after 214.569 msecs
[   40.124944] PM: late suspend of devices complete after 1.979 msecs
[   40.152406] PM: noirq suspend of devices complete after 27.456 msecs
[   40.152409] Disabling non-boot CPUs ...
[   40.191495] span: 0,2-3 (max cpu_capacity = 1024)
[   40.191700] IRQ17 no longer affine to CPU1
[   40.191918] CPU1: shutdown
[   40.291483] span: 0,3 (max cpu_capacity = 1024)
[   40.291885] CPU2: shutdown
[   40.391461] span: 0 (max cpu_capacity = 1024)
[   40.391837] CPU3: shutdown
[   40.442793] Entering suspend state LP1
[   40.442793] Suspended for 2.809 seconds
[   40.442819] Enabling non-boot CPUs ...
[   40.472963] span: 0-1 (max cpu_capacity = 1024)
[   40.473048] CPU1 is up
[   40.513159] span: 0-2 (max cpu_capacity = 1024)
[   40.513240] CPU2 is up
[   40.553472] span: 0-3 (max cpu_capacity = 1024)
[   40.553559] CPU3 is up
[   40.554272] pcieport 0000:00:01.0: nv_msi_ht_cap_quirk didn't locate host bridge
[   40.554274] pcieport 0000:00:02.0: nv_msi_ht_cap_quirk didn't locate host bridge
[   40.581496] PM: noirq resume of devices complete after 27.932 msecs
[   40.583383] PM: early resume of devices complete after 1.374 msecs
[   40.590615] tegra-hdmi 54280000.hdmi: cannot set audio to 48000 Hz at 297000000 Hz pixel clock
[   40.914336] ata1: SATA link down (SStatus 0 SControl 300)
[   43.561520] PM: resume of devices complete after 2978.129 msecs
[   43.689422] Restarting tasks ... done.
root@(none):/# 
root@(none):/# rtcwake -d rtc1 -m mem -s 3
rtcwake: assuming RTC uses UTC ...
rtcwake: wakeup from "mem" using /dev/rtc1 at Thu Jan  1 00:01:19 1970
[   44.041799] PM: Syncing filesystems ... done.
[   44.062811] Freezing user space processes ... (elapsed 0.001 seconds) done.
[   44.064023] Freezing remaining freezable tasks ... (elapsed 0.001 seconds) done.
[   44.064025] Suspending console(s) (use no_console_suspend to debug)
[   44.312913] PM: suspend of devices complete after 214.879 msecs
[   44.315038] PM: late suspend of devices complete after 2.115 msecs
[   44.342341] PM: noirq suspend of devices complete after 27.296 msecs
[   44.342343] Disabling non-boot CPUs ...
[   44.381447] span: 0,2-3 (max cpu_capacity = 1024)
[   44.381872] CPU1: shutdown
[   44.481449] span: 0,3 (max cpu_capacity = 1024)
[   44.481860] CPU2: shutdown
[   44.581425] span: 0 (max cpu_capacity = 1024)
[   44.581798] CPU3: shutdown
[   44.632775] Entering suspend state LP1
[   44.632775] Suspended for 2.809 seconds
[   44.632801] Enabling non-boot CPUs ...
[   44.662917] span: 0-1 (max cpu_capacity = 1024)
[   44.662999] CPU1 is up
[   44.703109] span: 0-2 (max cpu_capacity = 1024)
[   44.703191] CPU2 is up
[   44.743429] span: 0-3 (max cpu_capacity = 1024)
[   44.743513] CPU3 is up
[   44.744228] pcieport 0000:00:02.0: nv_msi_ht_cap_quirk didn't locate host bridge
[   44.744238] pcieport 0000:00:01.0: nv_msi_ht_cap_quirk didn't locate host bridge
[   44.771468] PM: noirq resume of devices complete after 27.949 msecs
[   44.773524] PM: early resume of devices complete after 1.534 msecs
[   44.780709] tegra-hdmi 54280000.hdmi: cannot set audio to 48000 Hz at 297000000 Hz pixel clock
[   45.114192] ata1: SATA link down (SStatus 0 SControl 300)
[   47.741453] PM: resume of devices complete after 2967.921 msecs
[   47.865075] Restarting tasks ... done.
root@(none):/# 
root@(none):/# rtcwake -d rtc1 -m mem -s 3
rtcwake: assuming RTC uses UTC ...
rtcwake: wakeup from "mem" using /dev/rtc1 at Thu Jan  1 00:01:26 1970
[   48.231872] PM: Syncing filesystems ... done.
[   48.252785] Freezing user space processes ... (elapsed 0.001 seconds) done.
[   48.254030] Freezing remaining freezable tasks ... (elapsed 0.001 seconds) done.
[   48.254032] Suspending console(s) (use no_console_suspend to debug)
[   48.502864] PM: suspend of devices complete after 212.844 msecs
[   48.504450] PM: late suspend of devices complete after 1.575 msecs
[   48.532477] PM: noirq suspend of devices complete after 28.020 msecs
[   48.532480] Disabling non-boot CPUs ...
[   48.581420] span: 0,2-3 (max cpu_capacity = 1024)
[   48.581872] CPU1: shutdown
[   48.661422] span: 0,3 (max cpu_capacity = 1024)
[   48.661862] CPU2: shutdown
[   48.761399] span: 0 (max cpu_capacity = 1024)
[   48.761796] CPU3: shutdown
[   48.812824] Entering suspend state LP1
[   48.812824] Suspended for 2.819 seconds
[   48.812850] Enabling non-boot CPUs ...
[   48.842883] span: 0-1 (max cpu_capacity = 1024)
[   48.842967] CPU1 is up
[   48.883076] span: 0-2 (max cpu_capacity = 1024)
[   48.883158] CPU2 is up
[   48.923402] span: 0-3 (max cpu_capacity = 1024)
[   48.923486] CPU3 is up
[   48.924160] pcieport 0000:00:02.0: nv_msi_ht_cap_quirk didn't locate host bridge
[   48.924208] pcieport 0000:00:01.0: nv_msi_ht_cap_quirk didn't locate host bridge
[   48.951432] PM: noirq resume of devices complete after 27.941 msecs
[   48.953248] PM: early resume of devices complete after 1.300 msecs
[   48.960455] tegra-hdmi 54280000.hdmi: cannot set audio to 48000 Hz at 297000000 Hz pixel clock
[   49.284220] ata1: SATA link down (SStatus 0 SControl 300)
[   51.921456] PM: resume of devices complete after 2968.200 msecs
[   52.045311] Restarting tasks ... done.
root@(none):/# 
NVTB SYSTEM SUSPEND TEST COMPLETE
root@(none):/# 