
U-Boot SPL 2013.04-rc2-06423-gf2e8a87-dirty (May 15 2013 - 09:45:39)


U-Boot 2013.04-rc2-06423-gf2e8a87-dirty (May 15 2013 - 09:45:39)

TEGRA30
Board: NVIDIA Beaver
DRAM:  2 GiB
MMC:   Tegra SD/MMC: 0, Tegra SD/MMC: 1
*** Warning - bad CRC, using default environment

In:    serial
Out:   serial
Err:   serial
Hit any key to stop autoboot:  2  0 
Tegra30 (Beaver) # 
Tegra30 (Beaver) # setenv bootargs 'console=ttyS0,230400n8 noinitrd root=/dev/mmcblk0p1 rw rootwait gpt ignore_loglevel debug'
Tegra30 (Beaver) # loady 0x81000000
## Ready for binary (ymodem) download to 0x81000000 at 230400 bps...
CSending: zImage
Sending: 

Transfer complete
xyzModem - CRC mode, 9(SOH)/4359(STX)/0(CAN) packets, 3 retries
## Total Size      = 0x00441f08 = 4464392 Bytes
Tegra30 (Beaver) # loady 0x82000000
## Ready for binary (ymodem) download to 0x82000000 at 230400 bps...
CSending: tegra30-beaver.dtb
Sending: 

Transfer complete
yzModem - CRC mode, 6(SOH)/20(STX)/0(CAN) packets, 3 retries
## Total Size      = 0x000051a8 = 20904 Bytes
Tegra30 (Beaver) # bootz 0x81000000 - 0x82000000
## Flattened Device Tree blob at 82000000
   Booting using the fdt blob at 0x82000000
   Loading Device Tree to 8fff7000, end 8ffff1a7 ... OK

Starting kernel .ø†ø†æ€˜€æ€˜€fæžÎžæžøÎxÎøÎžøž~8˜†žøžf†ø†ø†8xþžøžf†8àÎžþž`Îžøž~8~€žf8æÎxžfžø†æ€˜€æž~žfx8žÎÎàž8˜xæ`†˜8ffÎxÎ8˜Îž8†xž~`Îxøžfx8`f~†žÎx8fÎxfÎ†˜€æ€[    0.000000] Booting Linux on physical CPU 0x0
[    0.000000] Initializing cgroup subsys cpu
[    0.000000] Initializing cgroup subsys cpuacct
[    0.000000] Linux version 3.12.0-rc3-next-20131002-15620-gedc72f7 (pwalmsley@tamien) (gcc version 4.5.1 (Sourcery G++ Lite 2010.09-50) ) #1 SMP PREEMPT Wed Oct 16 10:56:33 PDT 2013
[    0.000000] CPU: ARMv7 Processor [412fc099] revision 9 (ARMv7), cr=10c5387d
[    0.000000] CPU: PIPT / VIPT nonaliasing data cache, VIPT aliasing instruction cache
[    0.000000] Machine model: NVIDIA Tegra30 Beaver evaluation board
[    0.000000] matched mach NVIDIA Tegra SoC (Flattened Device Tree)
[    0.000000] debug: ignoring loglevel setting.
[    0.000000] cma: CMA: reserved 16 MiB at ae800000
[    0.000000] Memory policy: ECC disabled, Data cache writealloc
[    0.000000] On node 0 totalpages: 524032
[    0.000000] free_area_init_node: node 0, pgdat c0836b40, node_mem_map c088e000
[    0.000000]   Normal zone: 1520 pages used for memmap
[    0.000000]   Normal zone: 0 pages reserved
[    0.000000]   Normal zone: 194560 pages, LIFO batch:31
[    0.000000]   HighMem zone: 2574 pages used for memmap
[    0.000000]   HighMem zone: 329472 pages, LIFO batch:31
[    0.000000] fuse_speedo_calib: ATE prog ver 3.3
[    0.000000] Tegra30: CPU Speedo ID 5, Soc Speedo ID 2
[    0.000000] Tegra Revision: A03 SKU: 128 CPU Process: 4 Core Process: 0
[    0.000000] L310 cache controller enabled
[    0.000000] l2x0: 8 ways, CACHE_ID 0x410000c7, AUX_CTRL 0x7e480001, Cache size: 1024 kB
[    0.000000] PERCPU: Embedded 8 pages/cpu @c18a1000 s9024 r8192 d15552 u32768
[    0.000000] pcpu-alloc: s9024 r8192 d15552 u32768 alloc=8*4096
[    0.000000] pcpu-alloc: [0] 0 [0] 1 [0] 2 [0] 3 
[    0.000000] Built 1 zonelists in Zone order, mobility grouping on.  Total pages: 522512
[    0.000000] Kernel command line: console=ttyS0,230400n8 noinitrd root=/dev/mmcblk0p1 rw rootwait gpt ignore_loglevel debug
[    0.000000] PID hash table entries: 4096 (order: 2, 16384 bytes)
[    0.000000] Dentry cache hash table entries: 131072 (order: 7, 524288 bytes)
[    0.000000] Inode-cache hash table entries: 65536 (order: 6, 262144 bytes)
[    0.000000] Memory: 2053524K/2096128K available (6107K kernel code, 280K rwdata, 1772K rodata, 216K init, 340K bss, 42604K reserved, 1317888K highmem)
[    0.000000] Virtual kernel memory layout:
[    0.000000]     vector  : 0xffff0000 - 0xffff1000   (   4 kB)
[    0.000000]     fixmap  : 0xfff00000 - 0xfffe0000   ( 896 kB)
[    0.000000]     vmalloc : 0xf0000000 - 0xff000000   ( 240 MB)
[    0.000000]     lowmem  : 0xc0000000 - 0xef800000   ( 760 MB)
[    0.000000]     pkmap   : 0xbfe00000 - 0xc0000000   (   2 MB)
[    0.000000]     modules : 0xbf000000 - 0xbfe00000   (  14 MB)
[    0.000000]       .text : 0xc0008000 - 0xc07ba348   (7881 kB)
[    0.000000]       .init : 0xc07bb000 - 0xc07f1340   ( 217 kB)
[    0.000000]       .data : 0xc07f2000 - 0xc08381c0   ( 281 kB)
[    0.000000]        .bss : 0xc08381cc - 0xc088d4d8   ( 341 kB)
[    0.000000] Preemptible hierarchical RCU implementation.
[    0.000000] NR_IRQS:16 nr_irqs:16 16
[    0.000000] sched_clock: 32 bits at 1000kHz, resolution 1000ns, wraps every 2147483648000ns
[    0.000000] Console: colour dummy device 80x30
[    0.000526] Calibrating delay loop... 2786.91 BogoMIPS (lpj=13934592)
[    0.059915] pid_max: default: 32768 minimum: 301
[    0.060270] Mount-cache hash table entries: 512
[    0.070457] Initializing cgroup subsys debug
[    0.070476] Initializing cgroup subsys freezer
[    0.070537] CPU: Testing write buffer coherency: ok
[    0.070920] CPU0: thread -1, cpu 0, socket 0, mpidr 80000000
[    0.070969] Setting up static identity map for 0xc05cf328 - 0xc05cf3c0
[    0.131285] CPU1: Booted secondary processor
[    0.189980] CPU1: thread -1, cpu 1, socket 0, mpidr 80000001
[    0.211243] CPU2: Booted secondary processor
[    0.269979] CPU2: thread -1, cpu 2, socket 0, mpidr 80000002
[    0.291260] CPU3: Booted secondary processor
[    0.349979] CPU3: thread -1, cpu 3, socket 0, mpidr 80000003
[    0.350050] Brought up 4 CPUs
[    0.350066] SMP: Total of 4 processors activated.
[    0.350072] CPU: All CPU(s) started in SVC mode.
[    0.350895] devtmpfs: initialized
[    0.361649] VFP support v0.3: implementor 41 architecture 3 part 30 variant 9 rev 4
[    0.361932] pinctrl core: initialized pinctrl subsystem
[    0.362338] regulator-dummy: no parameters
[    0.365142] NET: Registered protocol family 16
[    0.367597] DMA: preallocated 256 KiB pool for atomic coherent allocations
[    0.368246] cpuidle: using governor ladder
[    0.368252] cpuidle: using governor menu
[    0.376231] No ATAGs?
[    0.376254] hw-breakpoint: found 5 (+1 reserved) breakpoint and 1 watchpoint registers.
[    0.376260] hw-breakpoint: maximum watchpoint size is 4 bytes.
[    0.385614] bio: create slab <bio-0> at 0
[    0.386691] vdd_5v_in: 5000 mV 
[    0.386825] platform 1.regulator: Driver reg-fixed-voltage requests probe deferral
[    0.386866] platform 2.regulator: Driver reg-fixed-voltage requests probe deferral
[    0.387014] vdd_5v_sata: 5000 mV 
[    0.387041] vdd_5v_sata: supplied by vdd_5v_in
[    0.387267] usb1_vbus: 5000 mV 
[    0.387303] usb1_vbus: supplied by vdd_5v_in
[    0.387498] usb3_vbus: 5000 mV 
[    0.387518] usb3_vbus: supplied by vdd_5v_in
[    0.387628] platform 6.regulator: Driver reg-fixed-voltage requests probe deferral
[    0.387780] sys_3v3_pexs: 3300 mV 
[    0.387805] reg-fixed-voltage 7.regulator: Failed to find supply vin
[    0.387897] reg-fixed-voltage 7.regulator: Failed to register regulator: -517
[    0.387910] platform 7.regulator: Driver reg-fixed-voltage requests probe deferral
[    0.388687] vgaarb: loaded
[    0.389544] SCSI subsystem initialized
[    0.389861] usbcore: registered new interface driver usbfs
[    0.389942] usbcore: registered new interface driver hub
[    0.390112] usbcore: registered new device driver usb
[    0.393603] tps62361-vout: 500 <--> 1500 mV at 1160 mV 
[    0.393965] tps65910 4-002d: VMBCH-Threshold not specified
[    0.393973] tps65910 4-002d: VMBCH2-Threshold not specified
[    0.399259] vdd_1v8_gen: 1800 mV 
[    0.399302] vdd_1v8_gen: supplied by vdd_5v_in
[    0.402453] vddio_ddr_1v2: 1200 mV 
[    0.402942] vddio_ddr_1v2: supplied by vdd_5v_in
[    0.406290] vdd_1v5_gen: 1500 mV 
[    0.406322] vdd_1v5_gen: supplied by vdd_5v_in
[    0.409703] vdd_cpu,vdd_sys: 1000 mV 
[    0.412132] vdd_pexa,vdd_pexb: 1050 mV 
[    0.412163] vdd_pexa,vdd_pexb: supplied by vdd_1v5_gen
[    0.414966] vdd_sata,avdd_plle: 1050 mV 
[    0.414996] vdd_sata,avdd_plle: supplied by vdd_1v5_gen
[    0.417446] vdd_rtc: 1200 mV 
[    0.417479] vdd_rtc: supplied by vdd_5v_in
[    0.419946] vddio_sdmmc,avdd_vdac: 3300 mV 
[    0.419993] vddio_sdmmc,avdd_vdac: supplied by vdd_5v_in
[    0.422773] avdd_dsi_csi,pwrdet_mipi: 1200 mV 
[    0.422805] avdd_dsi_csi,pwrdet_mipi: supplied by vdd_1v8_gen
[    0.425273] vdd_pllm,x,u,a_p_c_s: 1200 mV 
[    0.425304] vdd_pllm,x,u,a_p_c_s: supplied by vdd_1v8_gen
[    0.428075] vdd_ddr_hs: 1000 mV 
[    0.428106] vdd_ddr_hs: supplied by vdd_1v8_gen
[    0.428471] Linux video capture interface: v2.00
[    0.428950] platform 7000f010.iommu: Driver tegra-smmu requests probe deferral
[    0.429189] Advanced Linux Sound Architecture Driver Initialized.
[    0.429810] Bluetooth: Core ver 2.16
[    0.429870] NET: Registered protocol family 31
[    0.429875] Bluetooth: HCI device and connection manager initialized
[    0.429902] Bluetooth: HCI socket layer initialized
[    0.429917] Bluetooth: L2CAP socket layer initialized
[    0.429977] Bluetooth: SCO socket layer initialized
[    0.430485] cfg80211: Calling CRDA to update world regulatory domain
[    0.431214] Switched to clocksource timer_us
[    0.440779] NET: Registered protocol family 2
[    0.441499] TCP established hash table entries: 8192 (order: 4, 65536 bytes)
[    0.441592] TCP bind hash table entries: 8192 (order: 4, 65536 bytes)
[    0.441663] TCP: Hash tables configured (established 8192 bind 8192)
[    0.442176] TCP: reno registered
[    0.442192] UDP hash table entries: 512 (order: 2, 16384 bytes)
[    0.442253] UDP-Lite hash table entries: 512 (order: 2, 16384 bytes)
[    0.442628] NET: Registered protocol family 1
[    0.443279] RPC: Registered named UNIX socket transport module.
[    0.443285] RPC: Registered udp transport module.
[    0.443289] RPC: Registered tcp transport module.
[    0.443293] RPC: Registered tcp NFSv4.1 backchannel transport module.
[    0.443302] PCI: CLS 0 bytes, default 64
[    0.444281] hw perfevents: enabled with ARMv7 Cortex-A9 PMU driver, 7 counters available
[    0.446628] bounce pool size: 64 pages
[    0.447820] squashfs: version 4.0 (2009/01/31) Phillip Lougher
[    0.448501] msgmni has been set to 1468
[    0.449617] io scheduler noop registered (default)
[    0.450365] platform 3000.pcie-controller: Driver tegra-pcie requests probe deferral
[    0.454209] tegra-apbdma 6000a000.dma: Tegra20 APB DMA driver register 32 channels
[    0.454614] Serial: 8250/16550 driver, 4 ports, IRQ sharing disabled
[    0.455950] 70006000.serial: ttyS0 at MMIO 0x70006000 (irq = 68, base_baud = 25500000) is a Tegra
[    0.865104] console [ttyS0] enabled
[    0.867472] [drm] Initialized drm 1.1.0 20060810
[    0.870994] tegra-hdmi 54280000.hdmi: failed to get VDD regulator
[    0.874082] platform 54280000.hdmi: Driver tegra-hdmi requests probe deferral
[    0.881328] loop: module loaded
[    0.885605] m25p80 spi32766.1: w25q32 (4096 Kbytes)
[    0.889176] pegasus: v0.9.3 (2013/04/25), Pegasus/Pegasus II USB Ethernet driver
[    0.892994] usbcore: registered new interface driver pegasus
[    0.895894] usbcore: registered new interface driver asix
[    0.898653] usbcore: registered new interface driver ax88179_178a
[    0.901772] usbcore: registered new interface driver cdc_ether
[    0.904748] usbcore: registered new interface driver r815x
[    0.907562] usbcore: registered new interface driver smsc75xx
[    0.910519] usbcore: registered new interface driver smsc95xx
[    0.913463] usbcore: registered new interface driver net1080
[    0.916352] usbcore: registered new interface driver cdc_subset
[    0.919369] usbcore: registered new interface driver zaurus
[    0.922254] usbcore: registered new interface driver cdc_ncm
[    0.925131] ehci_hcd: USB 2.0 'Enhanced' Host Controller (EHCI) Driver
[    0.928404] ehci-pci: EHCI PCI platform driver
[    0.930684] tegra-ehci: Tegra EHCI driver
[    0.932864] platform 7d008000.usb: Driver tegra-ehci requests probe deferral
[    0.936621] usbcore: registered new interface driver cdc_acm
[    0.939458] cdc_acm: USB Abstract Control Model driver for USB modems and ISDN adapters
[    0.943535] usbcore: registered new interface driver cdc_wdm
[    0.946438] usbcore: registered new interface driver usb-storage
[    0.951078] mousedev: PS/2 mouse device common for all mice
[    0.954898] tegra_rtc 7000e000.rtc: rtc core: registered 7000e000.rtc as rtc0
[    0.958504] tegra_rtc 7000e000.rtc: Tegra internal Real Time Clock
[    0.974506] tps65910-rtc tps65910-rtc: rtc core: registered tps65910-rtc as rtc1
[    0.979520] sdhci: Secure Digital Host Controller Interface driver
[    0.982634] sdhci: Copyright(c) Pierre Ossman
[    0.984819] sdhci-pltfm: SDHCI platform and OF driver helper
[    0.988004] sdhci-tegra 78000000.sdhci: Got CD GPIO #69.
[    0.990682] sdhci-tegra 78000000.sdhci: Got WP GPIO #155.
[    0.994464] sdhci-tegra 78000000.sdhci: dummy supplies not allowed
[    0.997563] mmc0: no vqmmc regulator found
[    0.999621] sdhci-tegra 78000000.sdhci: dummy supplies not allowed
[    1.002730] mmc0: no vmmc regulator found
[    1.004743] mmc0: Invalid maximum block size, assuming 512 bytes
[    1.051228] mmc0: SDHCI controller on 78000000.sdhci [78000000.sdhci] using ADMA
[    1.056041] sdhci-tegra 78000600.sdhci: dummy supplies not allowed
[    1.059141] mmc1: no vqmmc regulator found
[    1.061198] sdhci-tegra 78000600.sdhci: dummy supplies not allowed
[    1.064308] mmc1: no vmmc regulator found
[    1.066320] mmc1: Invalid maximum block size, assuming 512 bytes
[    1.111227] mmc1: SDHCI controller on 78000600.sdhci [78000600.sdhci] using ADMA
[    1.117764] usbcore: registered new interface driver usbhid
[    1.122604] usbhid: USB HID core driver
[    1.269641] mmc1: new high speed MMC card at address 0001
[    1.272819] mmcblk0: mmc1:0001 SEM16G 14.8 GiB 
[    1.275354] mmcblk0boot0: mmc1:0001 SEM16G partition 1 1.00 MiB
[    1.278573] mmcblk0boot1: mmc1:0001 SEM16G partition 2 1.00 MiB
[    1.281785] mmcblk0rpmb: mmc1:0001 SEM16G partition 3 128 KiB
[    1.288813] Primary GPT is invalid, using alternate GPT.
[    1.291516]  mmcblk0: p1 p2 p3 p4 p5
[    1.297509]  mmcblk0boot1: unknown partition table
[    1.302888]  mmcblk0boot0: unknown partition table
[    1.549952] tegra-snd-rt5640 sound.4: rt5640-aif1 <-> 70080400.i2s mapping ok
[    1.556603] input: NVIDIA Tegra Beaver Headphones as /devices/soc0/sound.4/sound/card0/input0
[    1.562127] TCP: cubic registered
[    1.563989] NET: Registered protocol family 10
[    1.567268] mip6: Mobile IPv6
[    1.568760] sit: IPv6 over IPv4 tunneling driver
[    1.572328] NET: Registered protocol family 17
[    1.574592] NET: Registered protocol family 15
[    1.576986] Bluetooth: RFCOMM socket layer initialized
[    1.579564] Bluetooth: RFCOMM ver 1.11
[    1.581461] Bluetooth: BNEP (Ethernet Emulation) ver 1.3
[    1.584140] Bluetooth: BNEP socket layer initialized
[    1.586629] Bluetooth: HIDP (Human Interface Emulation) ver 1.2
[    1.589607] Bluetooth: HIDP socket layer initialized
[    1.592558] Registering SWP/SWPB emulation handler
[    1.595445] vdd_sata,avdd_plle: disabling
[    1.599112] chargepump_5v: 5000 mV 
[    1.602388] vdd_ddr: 1500 mV 
[    1.603913] vdd_ddr: supplied by vdd_5v_in
[    1.607128] sys_3v3,vdd_3v3_alw: 3300 mV 
[    1.609162] sys_3v3,vdd_3v3_alw: supplied by vdd_5v_in
[    1.611991] sys_3v3_pexs: 3300 mV 
[    1.613783] sys_3v3_pexs: supplied by sys_3v3,vdd_3v3_alw
[    1.616931] tegra-pcie 3000.pcie-controller: 2x3 configuration
[    1.624414] tegra-pcie 3000.pcie-controller: probing port 0, using 2 lanes
[    1.682169] tegra-pcie 3000.pcie-controller: probing port 2, using 2 lanes
[    2.089845] tegra-pcie 3000.pcie-controller: link 2 down, retrying
[    2.497305] tegra-pcie 3000.pcie-controller: link 2 down, retrying
[    2.904635] tegra-pcie 3000.pcie-controller: link 2 down, retrying
[    2.909749] tegra-pcie 3000.pcie-controller: link 2 down, ignoring
[    2.913045] tegra-pcie 3000.pcie-controller: PCI host bridge to bus 0000:00
[    2.916543] pci_bus 0000:00: root bus resource [mem 0x20000000-0x27ffffff]
[    2.919993] pci_bus 0000:00: root bus resource [mem 0x28000000-0x3fffffff pref]
[    2.923675] pci_bus 0000:00: root bus resource [bus 00-ff]
[    2.926429] pci_bus 0000:00: root bus resource [io  0x1000-0xffff]
[    2.929559] pci 0000:00:01.0: [10de:0e1c] type 01 class 0x060400
[    2.932632] pci 0000:00:01.0: PME# supported from D0 D1 D2 D3hot D3cold
[    2.936129] PCI: bus0: Fast back to back transfers disabled
[    2.938928] pci 0000:00:01.0: bridge configuration invalid ([bus 00-00]), reconfiguring
[    2.943114] pci 0000:01:00.0: [10ec:8168] type 00 class 0x020000
[    2.946147] pci 0000:01:00.0: reg 0x10: [io  0x0000-0x00ff]
[    2.948955] pci 0000:01:00.0: reg 0x18: [mem 0x00000000-0x00000fff 64bit pref]
[    2.952597] pci 0000:01:00.0: reg 0x20: [mem 0x00000000-0x00003fff 64bit pref]
[    2.956266] pci 0000:01:00.0: supports D1 D2
[    2.958409] pci 0000:01:00.0: PME# supported from D0 D1 D2 D3hot D3cold
[    2.981240] PCI: bus1: Fast back to back transfers disabled
[    2.984041] pci_bus 0000:01: busn_res: [bus 01-ff] end is updated to 01
[    2.987396] pci 0000:00:01.0: BAR 9: assigned [mem 0x28000000-0x280fffff 64bit pref]
[    2.991294] pci 0000:00:01.0: BAR 7: assigned [io  0x1000-0x1fff]
[    2.994358] pci 0000:01:00.0: BAR 4: assigned [mem 0x28000000-0x28003fff 64bit pref]
[    2.998250] pci 0000:01:00.0: BAR 2: assigned [mem 0x28004000-0x28004fff 64bit pref]
[    3.002151] pci 0000:01:00.0: BAR 0: assigned [io  0x1000-0x10ff]
[    3.005212] pci 0000:00:01.0: PCI bridge to [bus 01]
[    3.007704] pci 0000:00:01.0:   bridge window [io  0x1000-0x1fff]
[    3.010763] pci 0000:00:01.0:   bridge window [mem 0x28000000-0x280fffff 64bit pref]
[    3.014669] pci 0000:00:01.0: nv_msi_ht_cap_quirk didn't locate host bridge
[    3.018350] r8169 Gigabit Ethernet driver 2.3LK-NAPI loaded
[    3.021199] pcieport 0000:00:01.0: driver skip pci_set_master, fix it!
[    3.024490] PCI: enabling device 0000:01:00.0 (0140 -> 0143)
[    3.028171] r8169 0000:01:00.0 eth0: RTL8168evl/8111evl at 0xf0022000, 02:04:4b:01:60:a6, XID 0c900800 IRQ 472
[    3.033233] r8169 0000:01:00.0 eth0: jumbo features [frames: 9200 bytes, tx checksumming: ko]
[    3.039399] [drm] Supports vblank timestamp caching Rev 1 (10.10.2010).
[    3.042862] [drm] No driver support for vblank timestamp query.
[    3.045866] tegra-host1x 50000000.host1x: No connectors reported connected with modes
[    3.049799] [drm] Cannot find any crtc or sizes - going 1024x768
[    3.068699] Console: switching to colour frame buffer device 128x48
[    3.077915] tegra-host1x 50000000.host1x: fb0:  frame buffer device
[    3.081059] tegra-host1x 50000000.host1x: registered panic notifier
[    3.084225] [drm] Initialized tegra 0.0.0 20120330 on minor 0
[    3.090185] utmi_phy_clk_enable: timeout waiting for phy to stabilize
[    3.093431] tegra-ehci 7d008000.usb: EHCI Host Controller
[    3.096157] tegra-ehci 7d008000.usb: new USB bus registered, assigned bus number 1
[    3.100282] tegra-ehci 7d008000.usb: irq 129, io mem 0x7d008000
[    3.121231] tegra-ehci 7d008000.usb: USB 2.0 started, EHCI 1.00
[    3.124792] hub 1-0:1.0: USB hub found
[    3.126703] hub 1-0:1.0: 1 port detected
[    3.129175] tegra_rtc 7000e000.rtc: setting system clock to 1970-01-01 00:03:50 UTC (230)
[    3.140906] ALSA device list:
[    3.142456]   #0: NVIDIA Tegra Beaver
[    3.306014] kjournald starting.  Commit interval 5 seconds
[    3.307802] EXT3-fs (mmcblk0p1): using internal journal
[    3.309288] EXT3-fs (mmcblk0p1): recovery complete
[    3.309291] EXT3-fs (mmcblk0p1): mounted filesystem with writeback data mode
[    3.309371] VFS: Mounted root (ext3 filesystem) on device 179:1.
[    3.311676] devtmpfs: mounted
[    3.311906] Freeing unused kernel memory: 216K (c07bb000 - c07f1000)
 
INIT: version 2.88 booting
[info] Using makefile-style concurrent boot in runlevel S.
[....] Starting the hotplug events dispatcher: udevd[    4.210973] udevd[178]: starting version 175
[ ok .
[....] Synthesizing the initial hotplug events...[ ok done.
[....] Waiting for /dev to be fully populated...[ ok done.
[....] Activating swap...[ ok done.
[....] Cleaning up temporary files... /tmp[ ok .
[....] Activating lvm and md swap...[ ok done.
[....] Checking file systems...fsck from util-linux 2.20.1
[ ok done.
[....] Mounting local filesystems...[ ok done.
[....] Activating swapfile swap...[ ok done.
[....] Cleaning up temporary files...[ ok .
[....] Setting kernel variables ...[ ok done.
[....] Configuring network interfaces...[ ok done.
[....] Starting rpcbind daemon...[ ok .
[....] Starting NFS common utilities: statd idmapd[FAIL failed!
[....] Cleaning up temporary files...[ ok .
[....] Starting network benchmark server[ ok .
[....] startpar: service(s) returned failure: nfs-common ...[FAIL failed!
INIT: Entering runlevel: 2
[info] Using makefile-style concurrent boot in runlevel 2.
[....] Starting network benchmark server[FAIL failed!
[....] Starting rpcbind daemon...[....] Already running.[ ok .
[....] Starting NFS common utilities: statd idmapd[FAIL failed!
[....] Starting system message bus: dbus[ ok .
[....] startpar: service(s) returned failure: nfs-common ...[FAIL failed!

Debian GNU/Linux wheezy/sid armel ttyS0

armel login: 