Diff for ./tegra114-dalmore-a04/tegra114-dalmore/multi_v7_defconfig_log.txt
--- /tmp/fooa	2014-07-02 00:32:42.335047246 -0700
+++ /tmp/foob	2014-07-02 00:32:42.339047246 -0700
@@ -39,7 +39,7 @@
 	 ############
 	 3.5 MiB/s
 done
-Bytes transferred = 4943464 (4b6e68 hex)
+Bytes transferred = 4944368 (4b71f0 hex)
 Tegra114 (Dalmore) # tftpboot 0x82000000 tegra114-dalmore.dtb
 Using asx0 device
 TFTP from server 192.168.100.1; our IP address is 192.168.100.100
@@ -50,7 +50,7 @@
 done
 Bytes transferred = 34520 (86d8 hex)
 Tegra114 (Dalmore) # bootz 0x81000000 - 0x82000000
-Kernel image @ 0x81000000 [ 0x000000 - 0x4b6e68 ]
+Kernel image @ 0x81000000 [ 0x000000 - 0x4b71f0 ]
 ## Flattened Device Tree blob at 82000000
    Booting using the fdt blob at 0x82000000
    Loading Device Tree to 8fff4000, end 8ffff6d7 ... OK
@@ -58,7 +58,7 @@
 Starting kernel ...
 
 Booting Linux on physical CPU 0x0
-Linux version 3.16.0-rc3-next-20140701-31799-gbbb7458 (pwalmsley@kaivo) (gcc version 4.7.3 20130328 (prerelease) (crosstool-NG linaro-1.13.1-4.7-2013.04-20130415 - Linaro GCC 2013.04) ) #1 SMP Mon Jun 30 23:17:47 PDT 2014
+Linux version 3.16.0-rc3-next-20140702-31992-gbb1b1bb (pwalmsley@kaivo) (gcc version 4.7.3 20130328 (prerelease) (crosstool-NG linaro-1.13.1-4.7-2013.04-20130415 - Linaro GCC 2013.04) ) #1 SMP Wed Jul 2 00:17:58 PDT 2014
 CPU: ARMv7 Processor [412fc0f2] revision 2 (ARMv7), cr=10c5387d
 CPU: PIPT / VIPT nonaliasing data cache, PIPT instruction cache
 Machine model: NVIDIA Tegra114 Dalmore evaluation board
@@ -66,7 +66,7 @@
 cma: Reserved 64 MiB at ab800000
 Memory policy: Data cache writealloc
 On node 0 totalpages: 524032
-free_area_init_node: node 0, pgdat c0c498c0, node_mem_map ea7d8000
+free_area_init_node: node 0, pgdat c0c49940, node_mem_map ea7d8000
   DMA zone: 1520 pages used for memmap
   DMA zone: 0 pages reserved
   DMA zone: 194560 pages, LIFO batch:31
@@ -91,8 +91,8 @@
     modules : 0xbf000000 - 0xbfe00000   (  14 MB)
       .text : 0xc0208000 - 0xc0ac3cc0   (8944 kB)
       .init : 0xc0ac4000 - 0xc0b68100   ( 657 kB)
-      .data : 0xc0b6a000 - 0xc0c4b5c0   ( 902 kB)
-       .bss : 0xc0c4b5c8 - 0xc0c976d8   ( 305 kB)
+      .data : 0xc0b6a000 - 0xc0c4b640   ( 902 kB)
+       .bss : 0xc0c4b648 - 0xc0c97758   ( 305 kB)
 SLUB: HWalign=64, Order=0-3, MinObjects=0, CPUs=4, Nodes=1
 Hierarchical RCU implementation.
 	RCU restricting CPUs from NR_CPUS=8 to nr_cpu_ids=4.
@@ -115,7 +115,7 @@
 /cpus/cpu@2 missing clock-frequency property
 /cpus/cpu@3 missing clock-frequency property
 CPU0: thread -1, cpu 0, socket 0, mpidr 80000000
-Setting up static identity map for 0x80804e88 - 0x80804f20
+Setting up static identity map for 0x808050a0 - 0x80805138
 CPU1: Booted secondary processor
 CPU1: thread -1, cpu 1, socket 0, mpidr 80000001
 CPU2: Booted secondary processor
@@ -381,7 +381,7 @@
 hub 1-0:1.0: USB hub found
 hub 1-0:1.0: 1 port detected
 input: gpio-keys as /devices/soc0/gpio-keys/input/input1
-palmas-rtc 7000d000.i2c:tps65913@58:rtc: setting system clock to 2000-01-29 07:43:13 UTC (949131793)
+palmas-rtc 7000d000.i2c:tps65913@58:rtc: setting system clock to 2000-01-30 08:43:22 UTC (949221802)
 vdd_cam_1v8_reg: disabling
 vdd_hdmi_5v0: disabling
 usb1_vbus: disabling
@@ -396,4 +396,4 @@
 Freeing unused kernel memory: 656K (c0ac4000 - c0b68000)
 bash: cannot set terminal process group (-1): Inappropriate ioctl for device
 bash: no job control in this shell
-root@(none):/# [    2.877869] usb 1-1: new high-speed USB device number 2 using tegra-ehci
+root@(none):/# [    2.882651] usb 1-1: new high-speed USB device number 2 using tegra-ehci
Diff for ./tegra114-dalmore-a04/tegra114-dalmore/tegra_defconfig_log.txt
--- /tmp/fooa	2014-07-02 00:32:42.387047247 -0700
+++ /tmp/foob	2014-07-02 00:32:42.387047247 -0700
@@ -36,20 +36,20 @@
 	 #################################################################
 	 #################################################################
 	 ################################################
-	 3.2 MiB/s
+	 3.1 MiB/s
 done
-Bytes transferred = 4513840 (44e030 hex)
+Bytes transferred = 4514688 (44e380 hex)
 Tegra114 (Dalmore) # tftpboot 0x82000000 tegra114-dalmore.dtb
 Using asx0 device
 TFTP from server 192.168.100.1; our IP address is 192.168.100.100
 Filename 'tegra114-dalmore.dtb'.
 Load address: 0x82000000
 Loading: *###
-	 3 MiB/s
+	 3.3 MiB/s
 done
 Bytes transferred = 34520 (86d8 hex)
 Tegra114 (Dalmore) # bootz 0x81000000 - 0x82000000
-Kernel image @ 0x81000000 [ 0x000000 - 0x44e030 ]
+Kernel image @ 0x81000000 [ 0x000000 - 0x44e380 ]
 ## Flattened Device Tree blob at 82000000
    Booting using the fdt blob at 0x82000000
    Loading Device Tree to 8fff4000, end 8ffff6d7 ... OK
@@ -60,7 +60,7 @@
 Booting Linux on physical CPU 0x0
 Initializing cgroup subsys cpu
 Initializing cgroup subsys cpuacct
-Linux version 3.16.0-rc3-next-20140701-70569-gbbb7458 (pwalmsley@tamien) (gcc version 4.7.3 20130328 (prerelease) (crosstool-NG linaro-1.13.1-4.7-2013.04-20130415 - Linaro GCC 2013.04) ) #1 SMP PREEMPT Mon Jun 30 23:18:34 PDT 2014
+Linux version 3.16.0-rc3-next-20140702-70762-gbb1b1bb (pwalmsley@tamien) (gcc version 4.7.3 20130328 (prerelease) (crosstool-NG linaro-1.13.1-4.7-2013.04-20130415 - Linaro GCC 2013.04) ) #1 SMP PREEMPT Wed Jul 2 00:18:40 PDT 2014
 CPU: ARMv7 Processor [412fc0f2] revision 2 (ARMv7), cr=10c5387d
 CPU: PIPT / VIPT nonaliasing data cache, PIPT instruction cache
 Machine model: NVIDIA Tegra114 Dalmore evaluation board
@@ -68,7 +68,7 @@
 cma: Reserved 64 MiB at ab800000
 Memory policy: Data cache writealloc
 On node 0 totalpages: 524032
-free_area_init_node: node 0, pgdat c08a4080, node_mem_map ea7d7000
+free_area_init_node: node 0, pgdat c08a4140, node_mem_map ea7d7000
   Normal zone: 1520 pages used for memmap
   Normal zone: 0 pages reserved
   Normal zone: 194560 pages, LIFO batch:31
@@ -91,10 +91,10 @@
     lowmem  : 0xc0000000 - 0xef800000   ( 760 MB)
     pkmap   : 0xbfe00000 - 0xc0000000   (   2 MB)
     modules : 0xbf000000 - 0xbfe00000   (  14 MB)
-      .text : 0xc0008000 - 0xc080932c   (8197 kB)
+      .text : 0xc0008000 - 0xc0809330   (8197 kB)
       .init : 0xc080a000 - 0xc084e240   ( 273 kB)
-      .data : 0xc0850000 - 0xc08a59c0   ( 343 kB)
-       .bss : 0xc08a59cc - 0xc08ff040   ( 358 kB)
+      .data : 0xc0850000 - 0xc08a5a80   ( 343 kB)
+       .bss : 0xc08a5a8c - 0xc08ff100   ( 358 kB)
 Preemptible hierarchical RCU implementation.
 NR_IRQS:16 nr_irqs:16 16
 L2C: failed to init: -19
@@ -116,7 +116,7 @@
 /cpus/cpu@2 missing clock-frequency property
 /cpus/cpu@3 missing clock-frequency property
 CPU0: thread -1, cpu 0, socket 0, mpidr 80000000
-Setting up static identity map for 0x805da638 - 0x805da6d0
+Setting up static identity map for 0x805daa38 - 0x805daad0
 CPU1: Booted secondary processor
 CPU1: thread -1, cpu 1, socket 0, mpidr 80000001
 CPU2: Booted secondary processor
@@ -377,7 +377,7 @@
 hub 1-0:1.0: USB hub found
 hub 1-0:1.0: 1 port detected
 input: gpio-keys as /devices/soc0/gpio-keys/input/input1
-palmas-rtc 7000d000.i2c:tps65913@58:rtc: setting system clock to 2000-01-29 07:42:15 UTC (949131735)
+palmas-rtc 7000d000.i2c:tps65913@58:rtc: setting system clock to 2000-01-30 08:42:25 UTC (949221745)
 vdd_cam_1v8_reg: disabling
 vdd_hdmi_5v0: disabling
 usb1_vbus: disabling
Diff for ./tegra114-dalmore-a04/tegra114-dalmore/tegra_defconfig%tegra114_mergeconfig_log.txt
--- /tmp/fooa	2014-07-02 00:32:42.395047248 -0700
+++ /tmp/foob	2014-07-02 00:32:42.395047248 -0700
@@ -36,20 +36,20 @@
 	 #################################################################
 	 #################################################################
 	 ##############################################
-	 3.3 MiB/s
+	 3.5 MiB/s
 done
-Bytes transferred = 4479328 (445960 hex)
+Bytes transferred = 4479936 (445bc0 hex)
 Tegra114 (Dalmore) # tftpboot 0x82000000 tegra114-dalmore.dtb
 Using asx0 device
 TFTP from server 192.168.100.1; our IP address is 192.168.100.100
 Filename 'tegra114-dalmore.dtb'.
 Load address: 0x82000000
 Loading: *###
-	 3 MiB/s
+	 2.7 MiB/s
 done
 Bytes transferred = 34520 (86d8 hex)
 Tegra114 (Dalmore) # bootz 0x81000000 - 0x82000000
-Kernel image @ 0x81000000 [ 0x000000 - 0x445960 ]
+Kernel image @ 0x81000000 [ 0x000000 - 0x445bc0 ]
 ## Flattened Device Tree blob at 82000000
    Booting using the fdt blob at 0x82000000
    Loading Device Tree to 8fff4000, end 8ffff6d7 ... OK
@@ -60,7 +60,7 @@
 Booting Linux on physical CPU 0x0
 Initializing cgroup subsys cpu
 Initializing cgroup subsys cpuacct
-Linux version 3.16.0-rc3-next-20140701-31799-gbbb7458 (pwalmsley@kaivo) (gcc version 4.7.3 20130328 (prerelease) (crosstool-NG linaro-1.13.1-4.7-2013.04-20130415 - Linaro GCC 2013.04) ) #1 SMP PREEMPT Mon Jun 30 23:23:11 PDT 2014
+Linux version 3.16.0-rc3-next-20140702-31992-gbb1b1bb (pwalmsley@kaivo) (gcc version 4.7.3 20130328 (prerelease) (crosstool-NG linaro-1.13.1-4.7-2013.04-20130415 - Linaro GCC 2013.04) ) #1 SMP PREEMPT Wed Jul 2 00:23:14 PDT 2014
 CPU: ARMv7 Processor [412fc0f2] revision 2 (ARMv7), cr=10c5387d
 CPU: PIPT / VIPT nonaliasing data cache, PIPT instruction cache
 Machine model: NVIDIA Tegra114 Dalmore evaluation board
@@ -68,7 +68,7 @@
 cma: Reserved 64 MiB at ab800000
 Memory policy: Data cache writealloc
 On node 0 totalpages: 524032
-free_area_init_node: node 0, pgdat c08860c0, node_mem_map ea7d7000
+free_area_init_node: node 0, pgdat c0888180, node_mem_map ea7d7000
   Normal zone: 1520 pages used for memmap
   Normal zone: 0 pages reserved
   Normal zone: 194560 pages, LIFO batch:31
@@ -83,7 +83,7 @@
 PID hash table entries: 4096 (order: 2, 16384 bytes)
 Dentry cache hash table entries: 131072 (order: 7, 524288 bytes)
 Inode-cache hash table entries: 65536 (order: 6, 262144 bytes)
-Memory: 2003880K/2096128K available (6150K kernel code, 326K rwdata, 1964K rodata, 256K init, 357K bss, 92248K reserved, 1317888K highmem)
+Memory: 2003868K/2096128K available (6154K kernel code, 326K rwdata, 1964K rodata, 256K init, 357K bss, 92260K reserved, 1317888K highmem)
 Virtual kernel memory layout:
     vector  : 0xffff0000 - 0xffff1000   (   4 kB)
     fixmap  : 0xffc00000 - 0xffe00000   (2048 kB)
@@ -91,10 +91,10 @@
     lowmem  : 0xc0000000 - 0xef800000   ( 760 MB)
     pkmap   : 0xbfe00000 - 0xc0000000   (   2 MB)
     modules : 0xbf000000 - 0xbfe00000   (  14 MB)
-      .text : 0xc0008000 - 0xc07f4f8c   (8116 kB)
-      .init : 0xc07f5000 - 0xc0835240   ( 257 kB)
-      .data : 0xc0836000 - 0xc0887a00   ( 327 kB)
-       .bss : 0xc0887a0c - 0xc08e1000   ( 358 kB)
+      .text : 0xc0008000 - 0xc07f5f90   (8120 kB)
+      .init : 0xc07f6000 - 0xc0836240   ( 257 kB)
+      .data : 0xc0838000 - 0xc0889ac0   ( 327 kB)
+       .bss : 0xc0889acc - 0xc08e30c0   ( 358 kB)
 Preemptible hierarchical RCU implementation.
 NR_IRQS:16 nr_irqs:16 16
 L2C: failed to init: -19
@@ -116,7 +116,7 @@
 /cpus/cpu@2 missing clock-frequency property
 /cpus/cpu@3 missing clock-frequency property
 CPU0: thread -1, cpu 0, socket 0, mpidr 80000000
-Setting up static identity map for 0x805d5070 - 0x805d5108
+Setting up static identity map for 0x805d5468 - 0x805d5500
 CPU1: Booted secondary processor
 CPU1: thread -1, cpu 1, socket 0, mpidr 80000001
 CPU2: Booted secondary processor
@@ -385,7 +385,7 @@
 input: gpio-keys as /devices/soc0/gpio-keys/input/input0
 tegra-snd-rt5640 sound: ASoC: CPU DAI (null) not registered
 tegra-snd-rt5640 sound: snd_soc_register_card failed (-517)
-palmas-rtc 7000d000.i2c:tps65913@58:rtc: setting system clock to 2000-01-29 07:47:03 UTC (949132023)
+palmas-rtc 7000d000.i2c:tps65913@58:rtc: setting system clock to 2000-01-30 08:47:13 UTC (949222033)
 vdd_cam_1v8_reg: disabling
 platform sound: Driver tegra-snd-rt5640 requests probe deferral
 vdd_hdmi_5v0: disabling
@@ -399,7 +399,7 @@
 EXT3-fs (mmcblk0p1): mounted filesystem with writeback data mode
 VFS: Mounted root (ext3 filesystem) on device 179:1.
 devtmpfs: mounted
-Freeing unused kernel memory: 256K (c07f5000 - c0835000)
+Freeing unused kernel memory: 256K (c07f6000 - c0836000)
 bash: cannot set terminal process group (-1): Inappropriate ioctl for device
 bash: no job control in this shell
 root@(none):/# 
\ No newline at end of file
Diff for ./tegra114-dalmore-a04/tegra114-dalmore/tegra_defconfig%tegra20,114_mergeconfig_log.txt
--- /tmp/fooa	2014-07-02 00:32:42.411047248 -0700
+++ /tmp/foob	2014-07-02 00:32:42.415047248 -0700
@@ -38,18 +38,18 @@
 	 ###############################################
 	 3.4 MiB/s
 done
-Bytes transferred = 4498584 (44a498 hex)
+Bytes transferred = 4498984 (44a628 hex)
 Tegra114 (Dalmore) # tftpboot 0x82000000 tegra114-dalmore.dtb
 Using asx0 device
 TFTP from server 192.168.100.1; our IP address is 192.168.100.100
 Filename 'tegra114-dalmore.dtb'.
 Load address: 0x82000000
 Loading: *###
-	 3.3 MiB/s
+	 3 MiB/s
 done
 Bytes transferred = 34520 (86d8 hex)
 Tegra114 (Dalmore) # bootz 0x81000000 - 0x82000000
-Kernel image @ 0x81000000 [ 0x000000 - 0x44a498 ]
+Kernel image @ 0x81000000 [ 0x000000 - 0x44a628 ]
 ## Flattened Device Tree blob at 82000000
    Booting using the fdt blob at 0x82000000
    Loading Device Tree to 8fff4000, end 8ffff6d7 ... OK
@@ -60,7 +60,7 @@
 Booting Linux on physical CPU 0x0
 Initializing cgroup subsys cpu
 Initializing cgroup subsys cpuacct
-Linux version 3.16.0-rc3-next-20140701-70569-gbbb7458 (pwalmsley@tamien) (gcc version 4.7.3 20130328 (prerelease) (crosstool-NG linaro-1.13.1-4.7-2013.04-20130415 - Linaro GCC 2013.04) ) #1 SMP PREEMPT Mon Jun 30 23:24:32 PDT 2014
+Linux version 3.16.0-rc3-next-20140702-70762-gbb1b1bb (pwalmsley@tamien) (gcc version 4.7.3 20130328 (prerelease) (crosstool-NG linaro-1.13.1-4.7-2013.04-20130415 - Linaro GCC 2013.04) ) #1 SMP PREEMPT Wed Jul 2 00:24:37 PDT 2014
 CPU: ARMv7 Processor [412fc0f2] revision 2 (ARMv7), cr=10c5387d
 CPU: PIPT / VIPT nonaliasing data cache, PIPT instruction cache
 Machine model: NVIDIA Tegra114 Dalmore evaluation board
@@ -68,7 +68,7 @@
 cma: Reserved 64 MiB at ab800000
 Memory policy: Data cache writealloc
 On node 0 totalpages: 524032
-free_area_init_node: node 0, pgdat c0894300, node_mem_map ea7d7000
+free_area_init_node: node 0, pgdat c0896380, node_mem_map ea7d7000
   Normal zone: 1520 pages used for memmap
   Normal zone: 0 pages reserved
   Normal zone: 194560 pages, LIFO batch:31
@@ -83,7 +83,7 @@
 PID hash table entries: 4096 (order: 2, 16384 bytes)
 Dentry cache hash table entries: 131072 (order: 7, 524288 bytes)
 Inode-cache hash table entries: 65536 (order: 6, 262144 bytes)
-Memory: 2003820K/2096128K available (6163K kernel code, 335K rwdata, 1988K rodata, 264K init, 357K bss, 92308K reserved, 1317888K highmem)
+Memory: 2003812K/2096128K available (6167K kernel code, 335K rwdata, 1988K rodata, 264K init, 357K bss, 92316K reserved, 1317888K highmem)
 Virtual kernel memory layout:
     vector  : 0xffff0000 - 0xffff1000   (   4 kB)
     fixmap  : 0xffc00000 - 0xffe00000   (2048 kB)
@@ -91,10 +91,10 @@
     lowmem  : 0xc0000000 - 0xef800000   ( 760 MB)
     pkmap   : 0xbfe00000 - 0xc0000000   (   2 MB)
     modules : 0xbf000000 - 0xbfe00000   (  14 MB)
-      .text : 0xc0008000 - 0xc07fe1e4   (8153 kB)
-      .init : 0xc07ff000 - 0xc0841240   ( 265 kB)
-      .data : 0xc0842000 - 0xc0895c40   ( 336 kB)
-       .bss : 0xc0895c4c - 0xc08ef280   ( 358 kB)
+      .text : 0xc0008000 - 0xc07ff1e8   (8157 kB)
+      .init : 0xc0800000 - 0xc0842240   ( 265 kB)
+      .data : 0xc0844000 - 0xc0897cc0   ( 336 kB)
+       .bss : 0xc0897ccc - 0xc08f1300   ( 358 kB)
 Preemptible hierarchical RCU implementation.
 NR_IRQS:16 nr_irqs:16 16
 L2C: failed to init: -19
@@ -116,7 +116,7 @@
 /cpus/cpu@2 missing clock-frequency property
 /cpus/cpu@3 missing clock-frequency property
 CPU0: thread -1, cpu 0, socket 0, mpidr 80000000
-Setting up static identity map for 0x805d8040 - 0x805d80d8
+Setting up static identity map for 0x805d8438 - 0x805d84d0
 CPU1: Booted secondary processor
 CPU1: thread -1, cpu 1, socket 0, mpidr 80000001
 CPU2: Booted secondary processor
@@ -385,7 +385,7 @@
 input: gpio-keys as /devices/soc0/gpio-keys/input/input0
 tegra-snd-rt5640 sound: ASoC: CPU DAI (null) not registered
 tegra-snd-rt5640 sound: snd_soc_register_card failed (-517)
-palmas-rtc 7000d000.i2c:tps65913@58:rtc: setting system clock to 2000-01-29 07:48:59 UTC (949132139)
+palmas-rtc 7000d000.i2c:tps65913@58:rtc: setting system clock to 2000-01-30 08:49:09 UTC (949222149)
 vdd_cam_1v8_reg: disabling
 platform sound: Driver tegra-snd-rt5640 requests probe deferral
 vdd_hdmi_5v0: disabling
@@ -399,7 +399,7 @@
 EXT3-fs (mmcblk0p1): mounted filesystem with writeback data mode
 VFS: Mounted root (ext3 filesystem) on device 179:1.
 devtmpfs: mounted
-Freeing unused kernel memory: 264K (c07ff000 - c0841000)
+Freeing unused kernel memory: 264K (c0800000 - c0842000)
 bash: cannot set terminal process group (-1): Inappropriate ioctl for device
 bash: no job control in this shell
 root@(none):/# 
\ No newline at end of file
Diff for ./tegra114-dalmore-a04/tegra114-dalmore/tegra_defconfig%tegra30,114_mergeconfig_log.txt
--- /tmp/fooa	2014-07-02 00:32:42.423047248 -0700
+++ /tmp/foob	2014-07-02 00:32:42.427047248 -0700
@@ -36,9 +36,9 @@
 	 #################################################################
 	 #################################################################
 	 ###############################################
-	 3.1 MiB/s
+	 3.4 MiB/s
 done
-Bytes transferred = 4498080 (44a2a0 hex)
+Bytes transferred = 4498992 (44a630 hex)
 Tegra114 (Dalmore) # tftpboot 0x82000000 tegra114-dalmore.dtb
 Using asx0 device
 TFTP from server 192.168.100.1; our IP address is 192.168.100.100
@@ -49,7 +49,7 @@
 done
 Bytes transferred = 34520 (86d8 hex)
 Tegra114 (Dalmore) # bootz 0x81000000 - 0x82000000
-Kernel image @ 0x81000000 [ 0x000000 - 0x44a2a0 ]
+Kernel image @ 0x81000000 [ 0x000000 - 0x44a630 ]
 ## Flattened Device Tree blob at 82000000
    Booting using the fdt blob at 0x82000000
    Loading Device Tree to 8fff4000, end 8ffff6d7 ... OK
@@ -60,7 +60,7 @@
 Booting Linux on physical CPU 0x0
 Initializing cgroup subsys cpu
 Initializing cgroup subsys cpuacct
-Linux version 3.16.0-rc3-next-20140701-70569-gbbb7458 (pwalmsley@tamien) (gcc version 4.7.3 20130328 (prerelease) (crosstool-NG linaro-1.13.1-4.7-2013.04-20130415 - Linaro GCC 2013.04) ) #1 SMP PREEMPT Mon Jun 30 23:27:30 PDT 2014
+Linux version 3.16.0-rc3-next-20140702-70762-gbb1b1bb (pwalmsley@tamien) (gcc version 4.7.3 20130328 (prerelease) (crosstool-NG linaro-1.13.1-4.7-2013.04-20130415 - Linaro GCC 2013.04) ) #1 SMP PREEMPT Wed Jul 2 00:27:36 PDT 2014
 CPU: ARMv7 Processor [412fc0f2] revision 2 (ARMv7), cr=10c5387d
 CPU: PIPT / VIPT nonaliasing data cache, PIPT instruction cache
 Machine model: NVIDIA Tegra114 Dalmore evaluation board
@@ -68,7 +68,7 @@
 cma: Reserved 64 MiB at ab800000
 Memory policy: Data cache writealloc
 On node 0 totalpages: 524032
-free_area_init_node: node 0, pgdat c0895e80, node_mem_map ea7d7000
+free_area_init_node: node 0, pgdat c0895f40, node_mem_map ea7d7000
   Normal zone: 1520 pages used for memmap
   Normal zone: 0 pages reserved
   Normal zone: 194560 pages, LIFO batch:31
@@ -83,7 +83,7 @@
 PID hash table entries: 4096 (order: 2, 16384 bytes)
 Dentry cache hash table entries: 131072 (order: 7, 524288 bytes)
 Inode-cache hash table entries: 65536 (order: 6, 262144 bytes)
-Memory: 2003816K/2096128K available (6163K kernel code, 333K rwdata, 1996K rodata, 264K init, 357K bss, 92312K reserved, 1317888K highmem)
+Memory: 2003816K/2096128K available (6163K kernel code, 334K rwdata, 1996K rodata, 264K init, 357K bss, 92312K reserved, 1317888K highmem)
 Virtual kernel memory layout:
     vector  : 0xffff0000 - 0xffff1000   (   4 kB)
     fixmap  : 0xffc00000 - 0xffe00000   (2048 kB)
@@ -91,10 +91,10 @@
     lowmem  : 0xc0000000 - 0xef800000   ( 760 MB)
     pkmap   : 0xbfe00000 - 0xc0000000   (   2 MB)
     modules : 0xbf000000 - 0xbfe00000   (  14 MB)
-      .text : 0xc0008000 - 0xc08000e4   (8161 kB)
+      .text : 0xc0008000 - 0xc08000e8   (8161 kB)
       .init : 0xc0801000 - 0xc0843240   ( 265 kB)
-      .data : 0xc0844000 - 0xc08977c0   ( 334 kB)
-       .bss : 0xc08977cc - 0xc08f0dc0   ( 358 kB)
+      .data : 0xc0844000 - 0xc0897880   ( 335 kB)
+       .bss : 0xc089788c - 0xc08f0e80   ( 358 kB)
 Preemptible hierarchical RCU implementation.
 NR_IRQS:16 nr_irqs:16 16
 L2C: failed to init: -19
@@ -116,7 +116,7 @@
 /cpus/cpu@2 missing clock-frequency property
 /cpus/cpu@3 missing clock-frequency property
 CPU0: thread -1, cpu 0, socket 0, mpidr 80000000
-Setting up static identity map for 0x805d7748 - 0x805d77e0
+Setting up static identity map for 0x805d7b40 - 0x805d7bd8
 CPU1: Booted secondary processor
 CPU1: thread -1, cpu 1, socket 0, mpidr 80000001
 CPU2: Booted secondary processor
@@ -377,7 +377,7 @@
 hub 1-0:1.0: USB hub found
 hub 1-0:1.0: 1 port detected
 input: gpio-keys as /devices/soc0/gpio-keys/input/input1
-palmas-rtc 7000d000.i2c:tps65913@58:rtc: setting system clock to 2000-01-29 07:51:03 UTC (949132263)
+palmas-rtc 7000d000.i2c:tps65913@58:rtc: setting system clock to 2000-01-30 08:51:12 UTC (949222272)
 vdd_cam_1v8_reg: disabling
 vdd_hdmi_5v0: disabling
 usb1_vbus: disabling
Diff for ./tegra30-beaver/tegra30-beaver/multi_v7_defconfig_log.txt
--- /tmp/fooa	2014-07-02 00:32:42.435047248 -0700
+++ /tmp/foob	2014-07-02 00:32:42.439047248 -0700
@@ -27,33 +27,30 @@
 Tegra30 (Beaver) # setenv bootargs 'ignore_loglevel console=ttyS0,115200n8 rw root=/dev/mmcblk0p1 rootwait gpt debug init=/bin/bash noinitrd'
 Tegra30 (Beaver) # setenv ipaddr 192.168.100.101; setenv serverip 192.168.100.1; setenv tftpserverip 192.168.100.1
 Tegra30 (Beaver) # tftpboot 0x81000000 zImage.multi_v7_defconfig
-Waiting for Ethernet connection... done.
 Using asx0 device
 TFTP from server 192.168.100.1; our IP address is 192.168.100.101
 Filename 'zImage.multi_v7_defconfig'.
 Load address: 0x81000000
-Loading: *EHCI timed out on TD - token=0x88008d80
-T #################################################################
+Loading: *#################################################################
 	 #################################################################
 	 #################################################################
 	 #################################################################
 	 #################################################################
 	 ############
-	 341.8 KiB/s
+	 3.4 MiB/s
 done
-Bytes transferred = 4943464 (4b6e68 hex)
+Bytes transferred = 4944368 (4b71f0 hex)
 Tegra30 (Beaver) # tftpboot 0x82000000 tegra30-beaver.dtb
-Waiting for Ethernet connection... done.
 Using asx0 device
 TFTP from server 192.168.100.1; our IP address is 192.168.100.101
 Filename 'tegra30-beaver.dtb'.
 Load address: 0x82000000
 Loading: *##
-	 857.4 KiB/s
+	 2.9 MiB/s
 done
 Bytes transferred = 24591 (600f hex)
 Tegra30 (Beaver) # bootz 0x81000000 - 0x82000000
-Kernel image @ 0x81000000 [ 0x000000 - 0x4b6e68 ]
+Kernel image @ 0x81000000 [ 0x000000 - 0x4b71f0 ]
 ## Flattened Device Tree blob at 82000000
    Booting using the fdt blob at 0x82000000
    Loading Device Tree to 8fff6000, end 8ffff00e ... OK
@@ -61,7 +58,7 @@
 Starting kernel ...
 
 Booting Linux on physical CPU 0x0
-Linux version 3.16.0-rc3-next-20140701-31799-gbbb7458 (pwalmsley@kaivo) (gcc version 4.7.3 20130328 (prerelease) (crosstool-NG linaro-1.13.1-4.7-2013.04-20130415 - Linaro GCC 2013.04) ) #1 SMP Mon Jun 30 23:17:47 PDT 2014
+Linux version 3.16.0-rc3-next-20140702-31992-gbb1b1bb (pwalmsley@kaivo) (gcc version 4.7.3 20130328 (prerelease) (crosstool-NG linaro-1.13.1-4.7-2013.04-20130415 - Linaro GCC 2013.04) ) #1 SMP Wed Jul 2 00:17:58 PDT 2014
 CPU: ARMv7 Processor [412fc099] revision 9 (ARMv7), cr=10c5387d
 CPU: PIPT / VIPT nonaliasing data cache, VIPT aliasing instruction cache
 Machine model: NVIDIA Tegra30 Beaver evaluation board
@@ -69,7 +66,7 @@
 cma: Reserved 64 MiB at ab800000
 Memory policy: Data cache writealloc
 On node 0 totalpages: 524032
-free_area_init_node: node 0, pgdat c0c498c0, node_mem_map ea7d8000
+free_area_init_node: node 0, pgdat c0c49940, node_mem_map ea7d8000
   DMA zone: 1520 pages used for memmap
   DMA zone: 0 pages reserved
   DMA zone: 194560 pages, LIFO batch:31
@@ -94,8 +91,8 @@
     modules : 0xbf000000 - 0xbfe00000   (  14 MB)
       .text : 0xc0208000 - 0xc0ac3cc0   (8944 kB)
       .init : 0xc0ac4000 - 0xc0b68100   ( 657 kB)
-      .data : 0xc0b6a000 - 0xc0c4b5c0   ( 902 kB)
-       .bss : 0xc0c4b5c8 - 0xc0c976d8   ( 305 kB)
+      .data : 0xc0b6a000 - 0xc0c4b640   ( 902 kB)
+       .bss : 0xc0c4b648 - 0xc0c97758   ( 305 kB)
 SLUB: HWalign=64, Order=0-3, MinObjects=0, CPUs=4, Nodes=1
 Hierarchical RCU implementation.
 	RCU restricting CPUs from NR_CPUS=8 to nr_cpu_ids=4.
@@ -119,7 +116,7 @@
 Mountpoint-cache hash table entries: 2048 (order: 1, 8192 bytes)
 CPU: Testing write buffer coherency: ok
 CPU0: thread -1, cpu 0, socket 0, mpidr 80000000
-Setting up static identity map for 0x80804e88 - 0x80804f20
+Setting up static identity map for 0x808050a0 - 0x80805138
 CPU1: Booted secondary processor
 CPU1: thread -1, cpu 1, socket 0, mpidr 80000001
 CPU2: Booted secondary processor
@@ -213,7 +210,7 @@
 RPC: Registered tcp transport module.
 RPC: Registered tcp NFSv4.1 backchannel transport module.
 PCI: CLS 0 bytes, default 64
-hw perfevents: enabled with ARMv7 Cortex-A9 PMU driver, 7 counters available
+hw perfevents: enabled with armv7_cortex_a9 PMU driver, 7 counters available
 futex hash table entries: 1024 (order: 4, 65536 bytes)
 squashfs: version 4.0 (2009/01/31) Phillip Lougher
 NFS: Registering the id_resolver key type
Diff for ./tegra30-beaver/tegra30-beaver/tegra_defconfig_log.txt
--- /tmp/fooa	2014-07-02 00:32:42.451047248 -0700
+++ /tmp/foob	2014-07-02 00:32:42.451047248 -0700
@@ -36,20 +36,20 @@
 	 #################################################################
 	 #################################################################
 	 ################################################
-	 3.4 MiB/s
+	 3.5 MiB/s
 done
-Bytes transferred = 4513840 (44e030 hex)
+Bytes transferred = 4514688 (44e380 hex)
 Tegra30 (Beaver) # tftpboot 0x82000000 tegra30-beaver.dtb
 Using asx0 device
 TFTP from server 192.168.100.1; our IP address is 192.168.100.101
 Filename 'tegra30-beaver.dtb'.
 Load address: 0x82000000
 Loading: *##
-	 2.6 MiB/s
+	 3.4 MiB/s
 done
 Bytes transferred = 24591 (600f hex)
 Tegra30 (Beaver) # bootz 0x81000000 - 0x82000000
-Kernel image @ 0x81000000 [ 0x000000 - 0x44e030 ]
+Kernel image @ 0x81000000 [ 0x000000 - 0x44e380 ]
 ## Flattened Device Tree blob at 82000000
    Booting using the fdt blob at 0x82000000
    Loading Device Tree to 8fff6000, end 8ffff00e ... OK
@@ -60,7 +60,7 @@
 Booting Linux on physical CPU 0x0
 Initializing cgroup subsys cpu
 Initializing cgroup subsys cpuacct
-Linux version 3.16.0-rc3-next-20140701-70569-gbbb7458 (pwalmsley@tamien) (gcc version 4.7.3 20130328 (prerelease) (crosstool-NG linaro-1.13.1-4.7-2013.04-20130415 - Linaro GCC 2013.04) ) #1 SMP PREEMPT Mon Jun 30 23:18:34 PDT 2014
+Linux version 3.16.0-rc3-next-20140702-70762-gbb1b1bb (pwalmsley@tamien) (gcc version 4.7.3 20130328 (prerelease) (crosstool-NG linaro-1.13.1-4.7-2013.04-20130415 - Linaro GCC 2013.04) ) #1 SMP PREEMPT Wed Jul 2 00:18:40 PDT 2014
 CPU: ARMv7 Processor [412fc099] revision 9 (ARMv7), cr=10c5387d
 CPU: PIPT / VIPT nonaliasing data cache, VIPT aliasing instruction cache
 Machine model: NVIDIA Tegra30 Beaver evaluation board
@@ -68,7 +68,7 @@
 cma: Reserved 64 MiB at ab800000
 Memory policy: Data cache writealloc
 On node 0 totalpages: 524032
-free_area_init_node: node 0, pgdat c08a4080, node_mem_map ea7d7000
+free_area_init_node: node 0, pgdat c08a4140, node_mem_map ea7d7000
   Normal zone: 1520 pages used for memmap
   Normal zone: 0 pages reserved
   Normal zone: 194560 pages, LIFO batch:31
@@ -91,10 +91,10 @@
     lowmem  : 0xc0000000 - 0xef800000   ( 760 MB)
     pkmap   : 0xbfe00000 - 0xc0000000   (   2 MB)
     modules : 0xbf000000 - 0xbfe00000   (  14 MB)
-      .text : 0xc0008000 - 0xc080932c   (8197 kB)
+      .text : 0xc0008000 - 0xc0809330   (8197 kB)
       .init : 0xc080a000 - 0xc084e240   ( 273 kB)
-      .data : 0xc0850000 - 0xc08a59c0   ( 343 kB)
-       .bss : 0xc08a59cc - 0xc08ff040   ( 358 kB)
+      .data : 0xc0850000 - 0xc08a5a80   ( 343 kB)
+       .bss : 0xc08a5a8c - 0xc08ff100   ( 358 kB)
 Preemptible hierarchical RCU implementation.
 NR_IRQS:16 nr_irqs:16 16
 L2C: platform modifies aux control register: 0x02080000 -> 0x3e480001
@@ -117,7 +117,7 @@
 Initializing cgroup subsys debug
 CPU: Testing write buffer coherency: ok
 CPU0: thread -1, cpu 0, socket 0, mpidr 80000000
-Setting up static identity map for 0x805da638 - 0x805da6d0
+Setting up static identity map for 0x805daa38 - 0x805daad0
 CPU1: Booted secondary processor
 CPU1: thread -1, cpu 1, socket 0, mpidr 80000001
 CPU2: Booted secondary processor
@@ -212,7 +212,7 @@
 RPC: Registered tcp transport module.
 RPC: Registered tcp NFSv4.1 backchannel transport module.
 PCI: CLS 0 bytes, default 64
-hw perfevents: enabled with ARMv7 Cortex-A9 PMU driver, 7 counters available
+hw perfevents: enabled with armv7_cortex_a9 PMU driver, 7 counters available
 futex hash table entries: 1024 (order: 4, 65536 bytes)
 squashfs: version 4.0 (2009/01/31) Phillip Lougher
 msgmni has been set to 1467
@@ -402,5 +402,5 @@
 Freeing unused kernel memory: 272K (c080a000 - c084e000)
 bash: cannot set terminal process group (-1): Inappropriate ioctl for device
 bash: no job control in this shell
-root@(none):/# [    4.467066] usb 2-1: new high-speed USB device number 2 using tegra-ehci
+root@(none):/# [    4.467079] usb 2-1: new high-speed USB device number 2 using tegra-ehci
 asix 2-1:1.0 eth1: register 'asix' at usb-7d008000.usb-1, ASIX AX88772 USB 2.0 Ethernet, 00:50:b6:0f:68:6d
Diff for ./tegra30-beaver/tegra30-beaver/tegra_defconfig%tegra20,30_mergeconfig_log.txt
--- /tmp/fooa	2014-07-02 00:32:42.459047249 -0700
+++ /tmp/foob	2014-07-02 00:32:42.463047249 -0700
@@ -38,18 +38,18 @@
 	 ################################################
 	 3.5 MiB/s
 done
-Bytes transferred = 4510056 (44d168 hex)
+Bytes transferred = 4510128 (44d1b0 hex)
 Tegra30 (Beaver) # tftpboot 0x82000000 tegra30-beaver.dtb
 Using asx0 device
 TFTP from server 192.168.100.1; our IP address is 192.168.100.101
 Filename 'tegra30-beaver.dtb'.
 Load address: 0x82000000
 Loading: *##
-	 2.9 MiB/s
+	 3.4 MiB/s
 done
 Bytes transferred = 24591 (600f hex)
 Tegra30 (Beaver) # bootz 0x81000000 - 0x82000000
-Kernel image @ 0x81000000 [ 0x000000 - 0x44d168 ]
+Kernel image @ 0x81000000 [ 0x000000 - 0x44d1b0 ]
 ## Flattened Device Tree blob at 82000000
    Booting using the fdt blob at 0x82000000
    Loading Device Tree to 8fff6000, end 8ffff00e ... OK
@@ -60,7 +60,7 @@
 Booting Linux on physical CPU 0x0
 Initializing cgroup subsys cpu
 Initializing cgroup subsys cpuacct
-Linux version 3.16.0-rc3-next-20140701-31799-gbbb7458 (pwalmsley@kaivo) (gcc version 4.7.3 20130328 (prerelease) (crosstool-NG linaro-1.13.1-4.7-2013.04-20130415 - Linaro GCC 2013.04) ) #1 SMP PREEMPT Mon Jun 30 23:25:55 PDT 2014
+Linux version 3.16.0-rc3-next-20140702-31992-gbb1b1bb (pwalmsley@kaivo) (gcc version 4.7.3 20130328 (prerelease) (crosstool-NG linaro-1.13.1-4.7-2013.04-20130415 - Linaro GCC 2013.04) ) #1 SMP PREEMPT Wed Jul 2 00:25:55 PDT 2014
 CPU: ARMv7 Processor [412fc099] revision 9 (ARMv7), cr=10c5387d
 CPU: PIPT / VIPT nonaliasing data cache, VIPT aliasing instruction cache
 Machine model: NVIDIA Tegra30 Beaver evaluation board
@@ -68,7 +68,7 @@
 cma: Reserved 64 MiB at ab800000
 Memory policy: Data cache writealloc
 On node 0 totalpages: 524032
-free_area_init_node: node 0, pgdat c089d100, node_mem_map ea7d7000
+free_area_init_node: node 0, pgdat c089d1c0, node_mem_map ea7d7000
   Normal zone: 1520 pages used for memmap
   Normal zone: 0 pages reserved
   Normal zone: 194560 pages, LIFO batch:31
@@ -91,10 +91,10 @@
     lowmem  : 0xc0000000 - 0xef800000   ( 760 MB)
     pkmap   : 0xbfe00000 - 0xc0000000   (   2 MB)
     modules : 0xbf000000 - 0xbfe00000   (  14 MB)
-      .text : 0xc0008000 - 0xc08052b4   (8181 kB)
+      .text : 0xc0008000 - 0xc08052b8   (8181 kB)
       .init : 0xc0806000 - 0xc0848240   ( 265 kB)
-      .data : 0xc084a000 - 0xc089ea40   ( 339 kB)
-       .bss : 0xc089ea4c - 0xc08f8080   ( 358 kB)
+      .data : 0xc084a000 - 0xc089eb00   ( 339 kB)
+       .bss : 0xc089eb0c - 0xc08f8140   ( 358 kB)
 Preemptible hierarchical RCU implementation.
 NR_IRQS:16 nr_irqs:16 16
 L2C: platform modifies aux control register: 0x02080000 -> 0x3e480001
@@ -117,7 +117,7 @@
 Initializing cgroup subsys debug
 CPU: Testing write buffer coherency: ok
 CPU0: thread -1, cpu 0, socket 0, mpidr 80000000
-Setting up static identity map for 0x805da260 - 0x805da2f8
+Setting up static identity map for 0x805da658 - 0x805da6f0
 CPU1: Booted secondary processor
 CPU1: thread -1, cpu 1, socket 0, mpidr 80000001
 CPU2: Booted secondary processor
@@ -212,7 +212,7 @@
 RPC: Registered tcp transport module.
 RPC: Registered tcp NFSv4.1 backchannel transport module.
 PCI: CLS 0 bytes, default 64
-hw perfevents: enabled with ARMv7 Cortex-A9 PMU driver, 7 counters available
+hw perfevents: enabled with armv7_cortex_a9 PMU driver, 7 counters available
 futex hash table entries: 1024 (order: 4, 65536 bytes)
 squashfs: version 4.0 (2009/01/31) Phillip Lougher
 msgmni has been set to 1467
@@ -402,5 +402,5 @@
 Freeing unused kernel memory: 264K (c0806000 - c0848000)
 bash: cannot set terminal process group (-1): Inappropriate ioctl for device
 bash: no job control in this shell
-root@(none):/# [    4.467093] usb 2-1: new high-speed USB device number 2 using tegra-ehci
+root@(none):/# [    4.467097] usb 2-1: new high-speed USB device number 2 using tegra-ehci
 asix 2-1:1.0 eth1: register 'asix' at usb-7d008000.usb-1, ASIX AX88772 USB 2.0 Ethernet, 00:50:b6:0f:68:6d
Diff for ./tegra30-beaver/tegra30-beaver/tegra_defconfig%tegra30,114_mergeconfig_log.txt
--- /tmp/fooa	2014-07-02 00:32:42.467047249 -0700
+++ /tmp/foob	2014-07-02 00:32:42.471047249 -0700
@@ -38,7 +38,7 @@
 	 ###############################################
 	 3.1 MiB/s
 done
-Bytes transferred = 4498080 (44a2a0 hex)
+Bytes transferred = 4498992 (44a630 hex)
 Tegra30 (Beaver) # tftpboot 0x82000000 tegra30-beaver.dtb
 Using asx0 device
 TFTP from server 192.168.100.1; our IP address is 192.168.100.101
@@ -49,7 +49,7 @@
 done
 Bytes transferred = 24591 (600f hex)
 Tegra30 (Beaver) # bootz 0x81000000 - 0x82000000
-Kernel image @ 0x81000000 [ 0x000000 - 0x44a2a0 ]
+Kernel image @ 0x81000000 [ 0x000000 - 0x44a630 ]
 ## Flattened Device Tree blob at 82000000
    Booting using the fdt blob at 0x82000000
    Loading Device Tree to 8fff6000, end 8ffff00e ... OK
@@ -60,7 +60,7 @@
 Booting Linux on physical CPU 0x0
 Initializing cgroup subsys cpu
 Initializing cgroup subsys cpuacct
-Linux version 3.16.0-rc3-next-20140701-70569-gbbb7458 (pwalmsley@tamien) (gcc version 4.7.3 20130328 (prerelease) (crosstool-NG linaro-1.13.1-4.7-2013.04-20130415 - Linaro GCC 2013.04) ) #1 SMP PREEMPT Mon Jun 30 23:27:30 PDT 2014
+Linux version 3.16.0-rc3-next-20140702-70762-gbb1b1bb (pwalmsley@tamien) (gcc version 4.7.3 20130328 (prerelease) (crosstool-NG linaro-1.13.1-4.7-2013.04-20130415 - Linaro GCC 2013.04) ) #1 SMP PREEMPT Wed Jul 2 00:27:36 PDT 2014
 CPU: ARMv7 Processor [412fc099] revision 9 (ARMv7), cr=10c5387d
 CPU: PIPT / VIPT nonaliasing data cache, VIPT aliasing instruction cache
 Machine model: NVIDIA Tegra30 Beaver evaluation board
@@ -68,7 +68,7 @@
 cma: Reserved 64 MiB at ab800000
 Memory policy: Data cache writealloc
 On node 0 totalpages: 524032
-free_area_init_node: node 0, pgdat c0895e80, node_mem_map ea7d7000
+free_area_init_node: node 0, pgdat c0895f40, node_mem_map ea7d7000
   Normal zone: 1520 pages used for memmap
   Normal zone: 0 pages reserved
   Normal zone: 194560 pages, LIFO batch:31
@@ -83,7 +83,7 @@
 PID hash table entries: 4096 (order: 2, 16384 bytes)
 Dentry cache hash table entries: 131072 (order: 7, 524288 bytes)
 Inode-cache hash table entries: 65536 (order: 6, 262144 bytes)
-Memory: 2003860K/2096128K available (6163K kernel code, 333K rwdata, 1996K rodata, 264K init, 357K bss, 92268K reserved, 1317888K highmem)
+Memory: 2003860K/2096128K available (6163K kernel code, 334K rwdata, 1996K rodata, 264K init, 357K bss, 92268K reserved, 1317888K highmem)
 Virtual kernel memory layout:
     vector  : 0xffff0000 - 0xffff1000   (   4 kB)
     fixmap  : 0xffc00000 - 0xffe00000   (2048 kB)
@@ -91,10 +91,10 @@
     lowmem  : 0xc0000000 - 0xef800000   ( 760 MB)
     pkmap   : 0xbfe00000 - 0xc0000000   (   2 MB)
     modules : 0xbf000000 - 0xbfe00000   (  14 MB)
-      .text : 0xc0008000 - 0xc08000e4   (8161 kB)
+      .text : 0xc0008000 - 0xc08000e8   (8161 kB)
       .init : 0xc0801000 - 0xc0843240   ( 265 kB)
-      .data : 0xc0844000 - 0xc08977c0   ( 334 kB)
-       .bss : 0xc08977cc - 0xc08f0dc0   ( 358 kB)
+      .data : 0xc0844000 - 0xc0897880   ( 335 kB)
+       .bss : 0xc089788c - 0xc08f0e80   ( 358 kB)
 Preemptible hierarchical RCU implementation.
 NR_IRQS:16 nr_irqs:16 16
 L2C: platform modifies aux control register: 0x02080000 -> 0x3e480001
@@ -117,7 +117,7 @@
 Initializing cgroup subsys debug
 CPU: Testing write buffer coherency: ok
 CPU0: thread -1, cpu 0, socket 0, mpidr 80000000
-Setting up static identity map for 0x805d7748 - 0x805d77e0
+Setting up static identity map for 0x805d7b40 - 0x805d7bd8
 CPU1: Booted secondary processor
 CPU1: thread -1, cpu 1, socket 0, mpidr 80000001
 CPU2: Booted secondary processor
@@ -212,7 +212,7 @@
 RPC: Registered tcp transport module.
 RPC: Registered tcp NFSv4.1 backchannel transport module.
 PCI: CLS 0 bytes, default 64
-hw perfevents: enabled with ARMv7 Cortex-A9 PMU driver, 7 counters available
+hw perfevents: enabled with armv7_cortex_a9 PMU driver, 7 counters available
 futex hash table entries: 1024 (order: 4, 65536 bytes)
 squashfs: version 4.0 (2009/01/31) Phillip Lougher
 msgmni has been set to 1467
@@ -402,5 +402,5 @@
 Freeing unused kernel memory: 264K (c0801000 - c0843000)
 bash: cannot set terminal process group (-1): Inappropriate ioctl for device
 bash: no job control in this shell
-root@(none):/# [    4.466992] usb 2-1: new high-speed USB device number 2 using tegra-ehci
+root@(none):/# [    4.466982] usb 2-1: new high-speed USB device number 2 using tegra-ehci
 asix 2-1:1.0 eth1: register 'asix' at usb-7d008000.usb-1, ASIX AX88772 USB 2.0 Ethernet, 00:50:b6:0f:68:6d
Diff for ./tegra30-beaver/tegra30-beaver/tegra_defconfig%tegra30_mergeconfig_log.txt
--- /tmp/fooa	2014-07-02 00:32:42.479047249 -0700
+++ /tmp/foob	2014-07-02 00:32:42.483047249 -0700
@@ -36,20 +36,20 @@
 	 #################################################################
 	 #################################################################
 	 ###############################################
-	 3.2 MiB/s
+	 3.4 MiB/s
 done
-Bytes transferred = 4492136 (448b68 hex)
+Bytes transferred = 4493392 (449050 hex)
 Tegra30 (Beaver) # tftpboot 0x82000000 tegra30-beaver.dtb
 Using asx0 device
 TFTP from server 192.168.100.1; our IP address is 192.168.100.101
 Filename 'tegra30-beaver.dtb'.
 Load address: 0x82000000
 Loading: *##
-	 2.9 MiB/s
+	 2.3 MiB/s
 done
 Bytes transferred = 24591 (600f hex)
 Tegra30 (Beaver) # bootz 0x81000000 - 0x82000000
-Kernel image @ 0x81000000 [ 0x000000 - 0x448b68 ]
+Kernel image @ 0x81000000 [ 0x000000 - 0x449050 ]
 ## Flattened Device Tree blob at 82000000
    Booting using the fdt blob at 0x82000000
    Loading Device Tree to 8fff6000, end 8ffff00e ... OK
@@ -60,7 +60,7 @@
 Booting Linux on physical CPU 0x0
 Initializing cgroup subsys cpu
 Initializing cgroup subsys cpuacct
-Linux version 3.16.0-rc3-next-20140701-70569-gbbb7458 (pwalmsley@tamien) (gcc version 4.7.3 20130328 (prerelease) (crosstool-NG linaro-1.13.1-4.7-2013.04-20130415 - Linaro GCC 2013.04) ) #1 SMP PREEMPT Mon Jun 30 23:21:34 PDT 2014
+Linux version 3.16.0-rc3-next-20140702-70762-gbb1b1bb (pwalmsley@tamien) (gcc version 4.7.3 20130328 (prerelease) (crosstool-NG linaro-1.13.1-4.7-2013.04-20130415 - Linaro GCC 2013.04) ) #1 SMP PREEMPT Wed Jul 2 00:21:40 PDT 2014
 CPU: ARMv7 Processor [412fc099] revision 9 (ARMv7), cr=10c5387d
 CPU: PIPT / VIPT nonaliasing data cache, VIPT aliasing instruction cache
 Machine model: NVIDIA Tegra30 Beaver evaluation board
@@ -68,7 +68,7 @@
 cma: Reserved 64 MiB at ab800000
 Memory policy: Data cache writealloc
 On node 0 totalpages: 524032
-free_area_init_node: node 0, pgdat c088ef00, node_mem_map ea7d7000
+free_area_init_node: node 0, pgdat c088efc0, node_mem_map ea7d7000
   Normal zone: 1520 pages used for memmap
   Normal zone: 0 pages reserved
   Normal zone: 194560 pages, LIFO batch:31
@@ -91,10 +91,10 @@
     lowmem  : 0xc0000000 - 0xef800000   ( 760 MB)
     pkmap   : 0xbfe00000 - 0xc0000000   (   2 MB)
     modules : 0xbf000000 - 0xbfe00000   (  14 MB)
-      .text : 0xc0008000 - 0xc07fc06c   (8145 kB)
+      .text : 0xc0008000 - 0xc07fc070   (8145 kB)
       .init : 0xc07fd000 - 0xc083d240   ( 257 kB)
-      .data : 0xc083e000 - 0xc0890840   ( 331 kB)
-       .bss : 0xc089084c - 0xc08e9e40   ( 358 kB)
+      .data : 0xc083e000 - 0xc0890900   ( 331 kB)
+       .bss : 0xc089090c - 0xc08e9f00   ( 358 kB)
 Preemptible hierarchical RCU implementation.
 NR_IRQS:16 nr_irqs:16 16
 L2C: platform modifies aux control register: 0x02080000 -> 0x3e480001
@@ -117,7 +117,7 @@
 Initializing cgroup subsys debug
 CPU: Testing write buffer coherency: ok
 CPU0: thread -1, cpu 0, socket 0, mpidr 80000000
-Setting up static identity map for 0x805d7370 - 0x805d7408
+Setting up static identity map for 0x805d7768 - 0x805d7800
 CPU1: Booted secondary processor
 CPU1: thread -1, cpu 1, socket 0, mpidr 80000001
 CPU2: Booted secondary processor
@@ -212,7 +212,7 @@
 RPC: Registered tcp transport module.
 RPC: Registered tcp NFSv4.1 backchannel transport module.
 PCI: CLS 0 bytes, default 64
-hw perfevents: enabled with ARMv7 Cortex-A9 PMU driver, 7 counters available
+hw perfevents: enabled with armv7_cortex_a9 PMU driver, 7 counters available
 futex hash table entries: 1024 (order: 4, 65536 bytes)
 squashfs: version 4.0 (2009/01/31) Phillip Lougher
 msgmni has been set to 1467
@@ -402,5 +402,5 @@
 Freeing unused kernel memory: 256K (c07fd000 - c083d000)
 bash: cannot set terminal process group (-1): Inappropriate ioctl for device
 bash: no job control in this shell
-root@(none):/# [    4.466960] usb 2-1: new high-speed USB device number 2 using tegra-ehci
+root@(none):/# [    4.466980] usb 2-1: new high-speed USB device number 2 using tegra-ehci
 asix 2-1:1.0 eth1: register 'asix' at usb-7d008000.usb-1, ASIX AX88772 USB 2.0 Ethernet, 00:50:b6:0f:68:6d
