

U-Boot 2015.04-00466-gedec83e90172 (Mar 14 2016 - 10:42:01)

TEGRA124
Model: Acer Chromebook 13 CB5-311
DRAM:  4 GiB
:   Tegra SD/MMC: 0, Tegra SD/MMC: 1, Tegra SD/MMC: 2
MMC init failed
Using default environment

In:    serial
Out:   serial
Err:   serial
Net:   Net Initialization Skipped
No ethernet found.
Hit any key to stop autoboot:  2  0 
Tegra124 (Nyan-big) # 
Tegra124 (Nyan-big) # usb start
starting USB...
USB0:   USB EHCI 1.10
scanning bus 0 for devices... 2 USB Device(s) found
USB1:   USB EHCI 1.10
scanning bus 1 for devices... 2 USB Device(s) found
       scanning usb for storage devices... 1 Storage Device(s) found
       scanning usb for ethernet devices... 
Warning: asx0 using MAC address from net device
1 Ethernet Device(s) found
Tegra124 (Nyan-big) # setenv bootargs 'ignore_loglevel console=ttyS0,115200n8 rw root=PARTUUID=4d36e82a-b3c0-4b4b-bfcd-afe5217ac023 rootwait gpt debug noinitrd earlyprintk init=/bin/bash'
Tegra124 (Nyan-big) # setenv ipaddr 192.168.100.102; setenv serverip 192.168.100.1; setenv tftpserverip 192.168.100.1
Tegra124 (Nyan-big) # tftpboot 0x82000000 zImage.tegra_defconfig
Using asx0 device
TFTP from server 192.168.100.1; our IP address is 192.168.100.102
Filename 'zImage.tegra_defconfig'.
Load address: 0x82000000
Loading: *#################################################################
	 #################################################################
	 #################################################################
	 #################################################################
	 #################################################################
	 #######################################################
	 3.4 MiB/s
done
Bytes transferred = 5569224 (54fac8 hex)
Tegra124 (Nyan-big) # tftpboot 0x83000000 tegra124-nyan-big.dtb
Using asx0 device
TFTP from server 192.168.100.1; our IP address is 192.168.100.102
Filename 'tegra124-nyan-big.dtb'.
Load address: 0x83000000
Loading: *#####
	 2.8 MiB/s
done
Bytes transferred = 66901 (10555 hex)
Tegra124 (Nyan-big) # bootz 0x82000000 - 0x83000000
Kernel image @ 0x82000000 [ 0x000000 - 0x54fac8 ]
## Flattened Device Tree blob at 83000000
   Booting using the fdt blob at 0x83000000
   Using Device Tree in place at 83000000, end 83013554

Starting kernel ...

[    2.535442] console [ttyS0] enabled
[    2.538919] bootconsole [earlycon0] disabled
[    2.544235] [drm] Initialized drm 1.1.0 20060810
[    2.549563] tegra-hdmi 54280000.hdmi: failed to get HDMI regulator
[    2.556158] tegra-dpaux 545c0000.dpaux: failed to get VDD supply: -517
[    2.563449] panel supply power not found, using dummy regulator
[    2.604830] loop: module loaded
[    2.608587] as3722 4-0040: AS3722 with revision 0x1 found
[    2.618762] as3722-sd2: supplied by +5V_SYS
[    2.623273] as3722-sd3: supplied by +5V_SYS
[    2.627623] +1.35V_LP0(sd3): Bringing 0uV into 1350000-1350000uV
[    2.633884] as3722-sd4: supplied by +5V_SYS
[    2.638227] +1.05V_RUN: Bringing 0uV into 1050000-1050000uV
[    2.644054] as3722-sd5: supplied by +5V_SYS
[    2.649840] as3722-ldo0: supplied by +1.35V_LP0(sd2)
[    2.655676] +1.8V_RUN_CAM: Bringing 0uV into 1800000-1800000uV
[    2.661784] as3722-ldo2: supplied by +1.8V_VDDIO
[    2.667514] as3722-ldo3: supplied by +3.3V_SYS
[    2.671966] +1.00V_LP0_VDD_RTC: Bringing 1100000uV into 1000000-1000000uV
[    2.679635] as3722-ldo4: supplied by +3.3V_SYS
[    2.684233] +3.3V_RUN_CAM: Bringing 0uV into 2800000-2800000uV
[    2.690348] as3722-ldo5: supplied by +1.8V_VDDIO
[    2.695129] +1.2V_RUN_CAM_FRONT: Bringing 0uV into 1200000-1200000uV
[    2.701909] +VDDIO_SDMMC3: Bringing 0uV into 1800000-1800000uV
[    2.708046] as3722-ldo7: supplied by +1.8V_VDDIO
[    2.712820] +1.05V_RUN_CAM_REAR: Bringing 0uV into 1050000-1050000uV
[    2.719470] as3722-ldo9: supplied by +5V_SYS
[    2.724040] +2.8V_RUN_TOUCH: Bringing 0uV into 2800000-2800000uV
[    2.730343] as3722-ldo10: supplied by +5V_SYS
[    2.734859] +2.8V_RUN_CAM_AF: Bringing 0uV into 2800000-2800000uV
[    2.741397] +1.8V_RUN_VPP_FUSE: Bringing 0uV into 1800000-1800000uV
[    2.781621] cros-ec-spi spi32766.0: Chrome EC device registered
[    2.797055] m25p80 spi32765.0: w25q32dw (4096 Kbytes)
[    2.803273] CAN device driver interface
[    2.807152] igb: Intel(R) Gigabit Ethernet Network Driver - version 5.3.0-k
[    2.814095] igb: Copyright (c) 2007-2014 Intel Corporation.
[    2.819781] pegasus: v0.9.3 (2013/04/25), Pegasus/Pegasus II USB Ethernet driver
[    2.827230] usbcore: registered new interface driver pegasus
[    2.832926] usbcore: registered new interface driver asix
[    2.838368] usbcore: registered new interface driver ax88179_178a
[    2.844483] usbcore: registered new interface driver cdc_ether
[    2.850370] usbcore: registered new interface driver smsc75xx
[    2.856166] usbcore: registered new interface driver smsc95xx
[    2.861935] usbcore: registered new interface driver net1080
[    2.867624] usbcore: registered new interface driver cdc_subset
[    2.873565] usbcore: registered new interface driver zaurus
[    2.879185] usbcore: registered new interface driver cdc_ncm
[    2.884938] ehci_hcd: USB 2.0 'Enhanced' Host Controller (EHCI) Driver
[    2.891447] ehci-pci: EHCI PCI platform driver
[    2.895928] tegra-ehci: Tegra EHCI driver
[    2.900267] usbcore: registered new interface driver cdc_acm
[    2.905918] cdc_acm: USB Abstract Control Model driver for USB modems and ISDN adapters
[    2.913942] usbcore: registered new interface driver cdc_wdm
[    2.919648] usbcore: registered new interface driver usb-storage
[    2.925914] mousedev: PS/2 mouse device common for all mice
[    2.931784] input: cros_ec as /devices/soc0/7000d400.spi/spi_master/spi32766/spi32766.0/7000d400.spi:cros-ec@0:keyboard-controller/input/input0
[    2.946831] as3722-rtc as3722-rtc: rtc core: registered as3722-rtc as rtc0
[    2.953689] as3722-rtc as3722-rtc: RTC interrupt 370
[    2.960520] tegra_rtc 7000e000.rtc: rtc core: registered 7000e000.rtc as rtc1
[    2.967675] tegra_rtc 7000e000.rtc: Tegra internal Real Time Clock
[    2.973978] i2c /dev entries driver
[    2.978224] usbcore: registered new interface driver uvcvideo
[    2.983953] USB Video Class driver (1.1.1)
[    2.988045] gspca_main: v2.14.0 registered
[    2.992430] 0-004c supply vcc not found, using dummy regulator
[    3.000214] tegra-wdt 60005000.timer: initialized (heartbeat = 120 sec, nowayout = 0)
[    3.008640] sdhci: Secure Digital Host Controller Interface driver
[    3.014814] sdhci: Copyright(c) Pierre Ossman
[    3.019156] sdhci-pltfm: SDHCI platform and OF driver helper
[    3.024959] sdhci-tegra 700b0000.sdhci: allocated mmc-pwrseq
[    3.030619] mmc0: Unknown controller version (3). You may experience problems.
[    3.038011] sdhci-tegra 700b0400.sdhci: Got CD GPIO
[    3.042882] sdhci-tegra 700b0400.sdhci: Got WP GPIO
[    3.047828] mmc0: Unknown controller version (3). You may experience problems.
[    3.055185] mmc0: Unknown controller version (3). You may experience problems.
[    3.062423] mmc0: Invalid maximum block size, assuming 512 bytes
[    3.104606] mmc0: SDHCI controller on 700b0600.sdhci [700b0600.sdhci] using ADMA 64-bit
[    3.115056] usbcore: registered new interface driver usbhid
[    3.123536] usbhid: USB HID core driver
[    3.130778] tegra30-i2s 70301100.i2s: DMA channels sourced from device 70300000.ahub
[    3.165074] max98090 0-0010: MAX98090 REVID=0x43
[    3.171525] max98090 0-0010: use default 2.8v micbias
[    3.179139] tegra-snd-max98090 sound: HiFi <-> 70301100.i2s mapping ok
[    3.185011] mmc0: new high speed MMC card at address 0001
[    3.185474] mmcblk0: mmc0:0001 MMC16G 14.4 GiB 
[    3.195672] mmcblk0boot0: mmc0:0001 MMC16G partition 1 2.00 MiB
[    3.201786] mmcblk0boot1: mmc0:0001 MMC16G partition 2 2.00 MiB
[    3.208581] input: GoogleNyanBig Headphones as /devices/soc0/sound/sound/card1/input1
[    3.216676] input: GoogleNyanBig Mic Jack as /devices/soc0/sound/sound/card1/input2
[    3.217900] mmcblk0rpmb: mmc0:0001 MMC16G partition 3 128 KiB
[    3.221115]  mmcblk0: p1 p2 p3 p4 p5 p6 p7 p8 p9 p10 p11 p12
[    3.464578] NET: Registered protocol family 10
[    3.584592] mip6: Mobile IPv6
[    3.587550] sit: IPv6 over IPv4 tunneling driver
[    3.593205] NET: Registered protocol family 17
[    3.597660] NET: Registered protocol family 15
[    3.602089] can: controller area network core (rev 20120528 abi 9)
[    3.634619] NET: Registered protocol family 29
[    3.639050] can: raw protocol (rev 20120528)
[    3.643307] can: broadcast manager protocol (rev 20160617 t)
[    3.648964] can: netlink gateway (rev 20130117) max_hops=1
[    3.655206] input: tegra-hda HDMI/DP,pcm=3 as /devices/soc0/70030000.hda/sound/card0/input3
[    3.674623] Bluetooth: RFCOMM socket layer initialized
[    3.679755] Bluetooth: RFCOMM ver 1.11
[    3.683495] Bluetooth: BNEP (Ethernet Emulation) ver 1.3
[    3.688808] Bluetooth: BNEP socket layer initialized
[    3.693757] Bluetooth: HIDP (Human Interface Emulation) ver 1.2
[    3.699672] Bluetooth: HIDP socket layer initialized
[    3.704768] Key type dns_resolver registered
[    3.709488] Registering SWP/SWPB emulation handler
[    3.715505] +3.3V_RUN: supplied by +3.3V_SYS
[    3.720129] +3.3V_AVDD_HDMI_AP_GATED: supplied by +3.3V_RUN
[    3.725742] +1.8V_RUN_CAM: supplied by +3.3V_RUN
[    3.730383] +VDDIO_SDMMC3: supplied by +3.3V_RUN
[    3.735045] +1.8V_RUN_VPP_FUSE: supplied by +3.3V_RUN
[    3.740287] +VDD_LED: supplied by +VDD_MUX
[    3.744666] +5V_VDD_TS_SW: supplied by +5V_SYS
[    3.749443] +5V_USB_HS: supplied by +5V_SYS
[    3.753833] +5V_USB_SS: supplied by +5V_SYS
[    3.758806] +3.3V_PANEL: supplied by +3.3V_RUN
[    3.763823] +3.3V_LP0: supplied by +3.3V_SYS
[    3.768737] +1.05V_RUN_AVDD_HDMI_PLL: supplied by +1.05V_RUN
[    3.774632] +5V_HDMI_CON: supplied by +5V_SYS
[    3.780110] usb3-0 supply vbus not found, using dummy regulator
[    3.786130] usb3-1 supply vbus not found, using dummy regulator
[    3.794552] tegra-sor 54540000.sor: failed to probe output: -517
[    3.800726] panel supply power not found, using dummy regulator
[    3.865321] tegra-xusb 70090000.usb: Firmware timestamp: 2014-09-16 02:10:07 UTC
[    3.872729] tegra-xusb 70090000.usb: xHCI Host Controller
[    3.878149] tegra-xusb 70090000.usb: new USB bus registered, assigned bus number 1
[    3.887731] tegra-xusb 70090000.usb: hcc params 0x0184f525 hci version 0x100 quirks 0x00010010
[    3.896367] tegra-xusb 70090000.usb: irq 342, io mem 0x70090000
[    3.903092] hub 1-0:1.0: USB hub found
[    3.906912] hub 1-0:1.0: 6 ports detected
[    3.911612] tegra-xusb 70090000.usb: xHCI Host Controller
[    3.917057] tegra-xusb 70090000.usb: new USB bus registered, assigned bus number 2
[    3.924750] usb usb2: We don't know the algorithms for LPM for this host, disabling LPM.
[    3.933659] hub 2-0:1.0: USB hub found
[    3.937472] hub 2-0:1.0: 2 ports detected
[    3.942593] sdhci-tegra 700b0000.sdhci: allocated mmc-pwrseq
[    3.948309] mmc1: Unknown controller version (3). You may experience problems.
[    3.955774] mmc1: Invalid maximum block size, assuming 512 bytes
[    3.962340] +1.8V_VDDIO: voltage operation not allowed
[    3.967558] mmc1: Switching to 3.3V signalling voltage failed
[    4.004862] mmc1: SDHCI controller on 700b0000.sdhci [700b0000.sdhci] using ADMA 64-bit
[    4.013155] sdhci-tegra 700b0400.sdhci: Got CD GPIO
[    4.020171] sdhci-tegra 700b0400.sdhci: Got WP GPIO
[    4.028071] mmc2: Unknown controller version (3). You may experience problems.
[    4.035659] mmc2: Invalid maximum block size, assuming 512 bytes
[    4.073092] mmc1: new high speed SDIO card at address 0001
[    4.084727] mmc2: SDHCI controller on 700b0400.sdhci [700b0400.sdhci] using ADMA 64-bit
[    4.190134] [drm] Supports vblank timestamp caching Rev 2 (21.10.2013).
[    4.196788] [drm] No driver support for vblank timestamp query.
[    4.234603] usb 1-2: new high-speed USB device number 2 using tegra-xusb
[    4.245939] mmc2: new high speed SDHC card at address 0007
[    4.246508] mmcblk2: mmc2:0007 SD08G 7.42 GiB 
[    4.258476] Console: switching to colour frame buffer device 170x48
[    4.268994] GPT:Primary header alternate_lba != Alt. header my_lba
[    4.268996] GPT:3014591 != 15564799
[    4.268997] GPT:Primary header thinks Alt. header is not at the end of the disk.
[    4.268998] GPT:3014591 != 15564799
[    4.268999] GPT: Use GNU Parted to correct GPT errors.
[    4.269025]  mmcblk2: p1 p2 p3 p4 p5 p6 p7 p8 p9 p10 p11 p12
[    4.318677] drm drm: fb0:  frame buffer device
[    4.344684] [drm] Initialized tegra 0.0.0 20120330 on minor 0
[    4.351208] input: gpio-keys as /devices/soc0/gpio-keys/input/input4
[    4.358889] as3722-rtc as3722-rtc: setting system clock to 2000-01-01 00:00:23 UTC (946684823)
[    4.373092] +1.8V_RUN_CAM: disabling
[    4.376889] +1.2V_RUN_CAM_FRONT: disabling
[    4.381188] +1.05V_RUN_CAM_REAR: disabling
[    4.385539] +2.8V_RUN_TOUCH: disabling
[    4.389493] +2.8V_RUN_CAM_AF: disabling
[    4.393428] +1.8V_RUN_VPP_FUSE: disabling
[    4.397551] +5V_VDD_TS_SW: disabling
[    4.401306] ALSA device list:
[    4.404265]   #0: tegra-hda at 0x70038000 irq 341
[    4.408984]   #1: GoogleNyanBig
[    4.412929] EXT4-fs (mmcblk0p3): couldn't mount as ext3 due to feature incompatibilities
[    4.525143] uvcvideo: Found UVC 1.00 device HD WebCam (1bcf:2c67)
[    4.540096] input: HD WebCam as /devices/soc0/70090000.usb/usb1/1-2/1-2:1.0/input/input5
[    4.664966] EXT4-fs (mmcblk0p3): recovery complete
[    4.669754] EXT4-fs (mmcblk0p3): mounted filesystem with ordered data mode. Opts: (null)
[    4.677905] VFS: Mounted root (ext4 filesystem) on device 179:3.
[    4.685074] devtmpfs: mounted
[    4.688465] Freeing unused kernel memory: 1024K (c0d00000 - c0e00000)
bash: cannot set terminal process group (-1): Inappropriate ioctl for device
bash: no job control in this shell
root@(none):/# [    4.824663] usb 1-3: new high-speed USB device number 3 using tegra-xusb
[    5.807430] asix 1-3:1.0 eth0: register 'asix' at usb-70090000.usb-3, ASIX AX88772 USB 2.0 Ethernet, c8:d7:19:90:fa:65
[    6.094668] usb 1-1: new high-speed USB device number 4 using tegra-xusb
[    6.243233] usb-storage 1-1:1.0: USB Mass Storage device detected
[    6.260212] scsi host0: usb-storage 1-1:1.0
[    7.316445] scsi 0:0:0:0: Direct-Access     SanDisk  SDDR-113         9412 PQ: 0 ANSI: 0
[    7.489190] sd 0:0:0:0: [sda] 15523840 512-byte logical blocks: (7.95 GB/7.40 GiB)
[    7.497942] sd 0:0:0:0: [sda] Write Protect is off
[    7.502725] sd 0:0:0:0: [sda] Mode Sense: 03 00 00 00
[    7.508939] sd 0:0:0:0: [sda] No Caching mode page found
[    7.514242] sd 0:0:0:0: [sda] Assuming drive cache: write through
[    7.540676]  sda: sda1 sda2 sda3 sda4 sda5 sda6 sda7 sda8 sda9 sda10 sda11 sda12 sda13
[    7.554389] sd 0:0:0:0: [sda] Attached SCSI removable disk
mount -t sysfs none /sys
root@(none):/# 
root@(none):/# mount -t debugfs none /sys/kernel/debug
root@(none):/# 
root@(none):/# rtcwake -d rtc1 -m mem -s 3
rtcwake: assuming RTC uses UTC ...
rtcwake: wakeup from "mem" using /dev/rtc1 at Thu Jan  1 00:00:52 1970
[   31.823991] PM: Syncing filesystems ... done.
[   31.833802] Freezing user space processes ... (elapsed 0.001 seconds) done.
[   31.841982] Freezing remaining freezable tasks ... (elapsed 0.001 seconds) done.
[   31.850681] Suspending console(s) (use no_console_suspend to debug)
[   32.035985] PM: suspend of devices complete after 178.447 msecs
[   32.036871] PM: late suspend of devices complete after 0.882 msecs
[   32.037687] PM: noirq suspend of devices complete after 0.813 msecs
[   32.037689] Disabling non-boot CPUs ...
[   32.074989] CPU1: shutdown
[   32.154930] CPU2: shutdown
[   32.234954] CPU3: shutdown
[   32.265401] Entering suspend state LP1
[   32.265415] Enabling non-boot CPUs ...
[   32.315732] CPU1 is up
[   32.365913] CPU2 is up
[   32.416141] CPU3 is up
[   32.416702] PM: noirq resume of devices complete after 0.557 msecs
[   32.418692] PM: early resume of devices complete after 1.483 msecs
[   32.449485] +1.8V_VDDIO: voltage operation not allowed
[   32.449489] mmc1: Switching to 3.3V signalling voltage failed
[   32.604982] usb 1-1: reset high-speed USB device number 4 using tegra-xusb
[   32.751368] PM: resume of devices complete after 332.665 msecs
[   32.832880] Restarting tasks ... done.
root@(none):/# 
root@(none):/# rtcwake -d rtc1 -m mem -s 3
rtcwake: assuming RTC uses UTC ...
rtcwake: wakeup from "mem" using /dev/rtc1 at Thu Jan  1 00:00:57 1970
[   33.925125] PM: Syncing filesystems ... done.
[   33.934624] Freezing user space processes ... (elapsed 0.001 seconds) done.
[   33.942718] Freezing remaining freezable tasks ... (elapsed 0.001 seconds) done.
[   33.951360] Suspending console(s) (use no_console_suspend to debug)
[   34.135962] PM: suspend of devices complete after 177.743 msecs
[   34.136843] PM: late suspend of devices complete after 0.877 msecs
[   34.137658] PM: noirq suspend of devices complete after 0.811 msecs
[   34.137660] Disabling non-boot CPUs ...
[   34.164921] CPU1: shutdown
[   34.234916] CPU2: shutdown
[   34.294869] CPU3: shutdown
[   34.325375] Entering suspend state LP1
[   34.325401] Enabling non-boot CPUs ...
[   34.375733] CPU1 is up
[   34.425890] CPU2 is up
[   34.476119] CPU3 is up
[   34.476675] PM: noirq resume of devices complete after 0.552 msecs
[   34.478397] PM: early resume of devices complete after 1.216 msecs
[   34.509624] +1.8V_VDDIO: voltage operation not allowed
[   34.509628] mmc1: Switching to 3.3V signalling voltage failed
[   34.575767] PM: resume of devices complete after 97.360 msecs
[   34.650291] Restarting tasks ... done.
root@(none):/# 
root@(none):/# rtcwake -d rtc1 -m mem -s 3
rtcwake: assuming RTC uses UTC ...
rtcwake: wakeup from "mem" using /dev/rtc1 at Thu Jan  1 00:01:01 1970
[   34.985134] PM: Syncing filesystems ... done.
[   34.994889] Freezing user space processes ... (elapsed 0.001 seconds) done.
[   35.003088] Freezing remaining freezable tasks ... (elapsed 0.001 seconds) done.
[   35.011748] Suspending console(s) (use no_console_suspend to debug)
[   35.195934] PM: suspend of devices complete after 177.330 msecs
[   35.196814] PM: late suspend of devices complete after 0.875 msecs
[   35.197625] PM: noirq suspend of devices complete after 0.808 msecs
[   35.197627] Disabling non-boot CPUs ...
[   35.224905] CPU1: shutdown
[   35.284883] CPU2: shutdown
[   35.344839] CPU3: shutdown
[   35.385352] Entering suspend state LP1
[   35.385378] Enabling non-boot CPUs ...
[   35.435713] CPU1 is up
[   35.485864] CPU2 is up
[   35.536102] CPU3 is up
[   35.536641] PM: noirq resume of devices complete after 0.533 msecs
[   35.538384] PM: early resume of devices complete after 1.251 msecs
[   35.569592] +1.8V_VDDIO: voltage operation not allowed
[   35.569595] mmc1: Switching to 3.3V signalling voltage failed
[   35.639025] PM: resume of devices complete after 100.628 msecs
[   35.713710] Restarting tasks ... done.
root@(none):/# 
root@(none):/# rtcwake -d rtc1 -m mem -s 3
rtcwake: assuming RTC uses UTC ...
rtcwake: wakeup from "mem" using /dev/rtc1 at Thu Jan  1 00:01:05 1970
[   36.045145] PM: Syncing filesystems ... done.
[   36.054901] Freezing user space processes ... (elapsed 0.001 seconds) done.
[   36.063094] Freezing remaining freezable tasks ... (elapsed 0.001 seconds) done.
[   36.071756] Suspending console(s) (use no_console_suspend to debug)
[   36.255911] PM: suspend of devices complete after 177.297 msecs
[   36.256794] PM: late suspend of devices complete after 0.879 msecs
[   36.257608] PM: noirq suspend of devices complete after 0.810 msecs
[   36.257610] Disabling non-boot CPUs ...
[   36.284881] CPU1: shutdown
[   36.344858] CPU2: shutdown
[   36.404814] CPU3: shutdown
[   36.445326] Entering suspend state LP1
[   36.445338] Enabling non-boot CPUs ...
[   36.495684] CPU1 is up
[   36.545847] CPU2 is up
[   36.596082] CPU3 is up
[   36.596606] PM: noirq resume of devices complete after 0.520 msecs
[   36.598417] PM: early resume of devices complete after 1.309 msecs
[   36.629644] +1.8V_VDDIO: voltage operation not allowed
[   36.629649] mmc1: Switching to 3.3V signalling voltage failed
[   36.784841] usb 1-1: reset high-speed USB device number 4 using tegra-xusb
[   36.930955] PM: resume of devices complete after 332.527 msecs
[   37.012450] Restarting tasks ... done.
root@(none):/# 
root@(none):/# rtcwake -d rtc1 -m mem -s 3
rtcwake: assuming RTC uses UTC ...
rtcwake: wakeup from "mem" using /dev/rtc1 at Thu Jan  1 00:01:10 1970
[   38.105227] PM: Syncing filesystems ... done.
[   38.114824] Freezing user space processes ... (elapsed 0.001 seconds) done.
[   38.123025] Freezing remaining freezable tasks ... (elapsed 0.001 seconds) done.
[   38.131685] Suspending console(s) (use no_console_suspend to debug)
[   38.315887] PM: suspend of devices complete after 177.335 msecs
[   38.316765] PM: late suspend of devices complete after 0.874 msecs
[   38.317573] PM: noirq suspend of devices complete after 0.805 msecs
[   38.317575] Disabling non-boot CPUs ...
[   38.344850] CPU1: shutdown
[   38.404833] CPU2: shutdown
[   38.464784] CPU3: shutdown
[   38.505304] Entering suspend state LP1
[   38.505316] Enabling non-boot CPUs ...
[   38.555658] CPU1 is up
[   38.605817] CPU2 is up
[   38.656052] CPU3 is up
[   38.656582] PM: noirq resume of devices complete after 0.525 msecs
[   38.658337] PM: early resume of devices complete after 1.257 msecs
[   38.689511] +1.8V_VDDIO: voltage operation not allowed
[   38.689516] mmc1: Switching to 3.3V signalling voltage failed
[   38.844880] usb 1-1: reset high-speed USB device number 4 using tegra-xusb
[   38.990927] PM: resume of devices complete after 332.580 msecs
[   39.072557] Restarting tasks ... done.
root@(none):/# 
root@(none):/# rtcwake -d rtc1 -m mem -s 3
rtcwake: assuming RTC uses UTC ...
rtcwake: wakeup from "mem" using /dev/rtc1 at Thu Jan  1 00:01:15 1970
[   40.165196] PM: Syncing filesystems ... done.
[   40.174787] Freezing user space processes ... (elapsed 0.001 seconds) done.
[   40.182990] Freezing remaining freezable tasks ... (elapsed 0.001 seconds) done.
[   40.191649] Suspending console(s) (use no_console_suspend to debug)
[   40.375863] PM: suspend of devices complete after 177.352 msecs
[   40.376744] PM: late suspend of devices complete after 0.877 msecs
[   40.377552] PM: noirq suspend of devices complete after 0.804 msecs
[   40.377554] Disabling non-boot CPUs ...
[   40.404831] CPU1: shutdown
[   40.464803] CPU2: shutdown
[   40.524767] CPU3: shutdown
[   40.565286] Entering suspend state LP1
[   40.565298] Enabling non-boot CPUs ...
[   40.615633] CPU1 is up
[   40.665791] CPU2 is up
[   40.716022] CPU3 is up
[   40.716550] PM: noirq resume of devices complete after 0.524 msecs
[   40.718500] PM: early resume of devices complete after 1.461 msecs
[   40.749434] +1.8V_VDDIO: voltage operation not allowed
[   40.749437] mmc1: Switching to 3.3V signalling voltage failed
[   40.818902] PM: resume of devices complete after 100.390 msecs
[   40.893551] Restarting tasks ... done.
root@(none):/# 
root@(none):/# rtcwake -d rtc1 -m mem -s 3
rtcwake: assuming RTC uses UTC ...
rtcwake: wakeup from "mem" using /dev/rtc1 at Thu Jan  1 00:01:19 1970
[   41.224974] PM: Syncing filesystems ... done.
[   41.234553] Freezing user space processes ... (elapsed 0.001 seconds) done.
[   41.242743] Freezing remaining freezable tasks ... (elapsed 0.001 seconds) done.
[   41.251463] Suspending console(s) (use no_console_suspend to debug)
[   41.435837] PM: suspend of devices complete after 177.516 msecs
[   41.436716] PM: late suspend of devices complete after 0.875 msecs
[   41.437529] PM: noirq suspend of devices complete after 0.809 msecs
[   41.437531] Disabling non-boot CPUs ...
[   41.464806] CPU1: shutdown
[   41.524789] CPU2: shutdown
[   41.584741] CPU3: shutdown
[   41.625253] Entering suspend state LP1
[   41.625265] Enabling non-boot CPUs ...
[   41.675610] CPU1 is up
[   41.725768] CPU2 is up
[   41.776003] CPU3 is up
[   41.776528] PM: noirq resume of devices complete after 0.520 msecs
[   41.778227] PM: early resume of devices complete after 1.198 msecs
[   41.809538] +1.8V_VDDIO: voltage operation not allowed
[   41.809542] mmc1: Switching to 3.3V signalling voltage failed
[   41.878667] PM: resume of devices complete after 100.427 msecs
[   41.953297] Restarting tasks ... done.
root@(none):/# 
root@(none):/# rtcwake -d rtc1 -m mem -s 3
rtcwake: assuming RTC uses UTC ...
rtcwake: wakeup from "mem" using /dev/rtc1 at Thu Jan  1 00:01:23 1970
[   42.285150] PM: Syncing filesystems ... done.
[   42.294714] Freezing user space processes ... (elapsed 0.001 seconds) done.
[   42.302917] Freezing remaining freezable tasks ... (elapsed 0.001 seconds) done.
[   42.311576] Suspending console(s) (use no_console_suspend to debug)
[   42.347288] random: nonblocking pool is initialized
[   42.495812] PM: suspend of devices complete after 177.377 msecs
[   42.496691] PM: late suspend of devices complete after 0.875 msecs
[   42.497502] PM: noirq suspend of devices complete after 0.807 msecs
[   42.497504] Disabling non-boot CPUs ...
[   42.524781] CPU1: shutdown
[   42.584758] CPU2: shutdown
[   42.644718] CPU3: shutdown
[   42.685231] Entering suspend state LP1
[   42.685243] Enabling non-boot CPUs ...
[   42.735588] CPU1 is up
[   42.785747] CPU2 is up
[   42.835983] CPU3 is up
[   42.836495] PM: noirq resume of devices complete after 0.508 msecs
[   42.838322] PM: early resume of devices complete after 1.316 msecs
[   42.870009] +1.8V_VDDIO: voltage operation not allowed
[   42.870014] mmc1: Switching to 3.3V signalling voltage failed
[   42.939066] PM: resume of devices complete after 100.734 msecs
[   43.018621] Restarting tasks ... done.
root@(none):/# 
root@(none):/# rtcwake -d rtc1 -m mem -s 3
rtcwake: assuming RTC uses UTC ...
rtcwake: wakeup from "mem" using /dev/rtc1 at Thu Jan  1 00:01:27 1970
[   43.344827] PM: Syncing filesystems ... done.
[   43.354570] Freezing user space processes ... (elapsed 0.001 seconds) done.
[   43.362774] Freezing remaining freezable tasks ... (elapsed 0.001 seconds) done.
[   43.371434] Suspending console(s) (use no_console_suspend to debug)
[   43.555843] PM: suspend of devices complete after 177.551 msecs
[   43.556980] PM: late suspend of devices complete after 1.128 msecs
[   43.557768] PM: noirq suspend of devices complete after 0.783 msecs
[   43.557770] Disabling non-boot CPUs ...
[   43.584750] CPU1: shutdown
[   43.644735] CPU2: shutdown
[   43.704520] IRQ17 no longer affine to CPU3
[   43.704700] CPU3: shutdown
[   43.745207] Entering suspend state LP1
[   43.745219] Enabling non-boot CPUs ...
[   43.795563] CPU1 is up
[   43.845729] CPU2 is up
[   43.895957] CPU3 is up
[   43.896455] PM: noirq resume of devices complete after 0.493 msecs
[   43.898249] PM: early resume of devices complete after 1.294 msecs
[   43.929609] +1.8V_VDDIO: voltage operation not allowed
[   43.929612] mmc1: Switching to 3.3V signalling voltage failed
[   43.998281] PM: resume of devices complete after 100.020 msecs
[   44.077170] Restarting tasks ... done.
root@(none):/# 
root@(none):/# rtcwake -d rtc1 -m mem -s 3
rtcwake: assuming RTC uses UTC ...
rtcwake: wakeup from "mem" using /dev/rtc1 at Thu Jan  1 00:01:31 1970
[   44.405119] PM: Syncing filesystems ... done.
[   44.414863] Freezing user space processes ... (elapsed 0.001 seconds) done.
[   44.423059] Freezing remaining freezable tasks ... (elapsed 0.001 seconds) done.
[   44.431720] Suspending console(s) (use no_console_suspend to debug)
[   44.615765] PM: suspend of devices complete after 177.191 msecs
[   44.616643] PM: late suspend of devices complete after 0.873 msecs
[   44.617456] PM: noirq suspend of devices complete after 0.809 msecs
[   44.617457] Disabling non-boot CPUs ...
[   44.644732] CPU1: shutdown
[   44.704712] CPU2: shutdown
[   44.764666] CPU3: shutdown
[   44.805182] Entering suspend state LP1
[   44.805194] Enabling non-boot CPUs ...
[   44.855543] CPU1 is up
[   44.905699] CPU2 is up
[   44.955932] CPU3 is up
[   44.956426] PM: noirq resume of devices complete after 0.490 msecs
[   44.958354] PM: early resume of devices complete after 1.427 msecs
[   44.989448] +1.8V_VDDIO: voltage operation not allowed
[   44.989451] mmc1: Switching to 3.3V signalling voltage failed
[   45.058278] PM: resume of devices complete after 99.914 msecs
[   45.132816] Restarting tasks ... done.
root@(none):/# 
root@(none):/# NVTB SYSTEM SUSPEND TEST COMPLETE
