
U-Boot SPL 2014.01-00219-gc4d376f (Feb 18 2014 - 19:57:18)


U-Boot 2014.01-00219-gc4d376f (Feb 18 2014 - 19:57:18)

TEGRA30
Board: NVIDIA Beaver
I2C:   ready
DRAM:  2 GiB
MMC:   Tegra SD/MMC: 0, Tegra SD/MMC: 1
In:    serial
Out:   serial
Err:   serial
Net:   Net Initialization Skipped
No ethernet found.
Hit any key to stop autoboot:  2  0 
Tegra30 (Beaver) # 
Tegra30 (Beaver) # usb reset
(Re)start USB...
USB0:   USB EHCI 1.00
scanning bus 0 for devices... 2 USB Device(s) found
       scanning usb for storage devices... 0 Storage Device(s) found
       scanning usb for ethernet devices... 
Warning: asx0 using MAC address from net device
1 Ethernet Device(s) found
Tegra30 (Beaver) # setenv bootargs 'ignore_loglevel console=ttyS0,115200n8 rw root=PARTUUID=edbe1840-3633-c751-7993-b0ac834f81e0 rootwait gpt debug noinitrd earlyprintk init=/bin/bash'
Tegra30 (Beaver) # setenv ipaddr 192.168.100.101; setenv serverip 192.168.100.1; setenv tftpserverip 192.168.100.1
Tegra30 (Beaver) # tftpboot 0x81000000 zImage.tegra_defconfig
Using asx0 device
TFTP from server 192.168.100.1; our IP address is 192.168.100.101
Filename 'zImage.tegra_defconfig'.
Load address: 0x81000000
Loading: *#################################################################
	 #################################################################
	 #################################################################
	 #################################################################
	 #################################################################
	 ##################################################
	 3.2 MiB/s
done
Bytes transferred = 5503528 (53fa28 hex)
Tegra30 (Beaver) # tftpboot 0x82000000 tegra30-beaver.dtb
Using asx0 device
TFTP from server 192.168.100.1; our IP address is 192.168.100.101
Filename 'tegra30-beaver.dtb'.
Load address: 0x82000000
Loading: *####
	 3.1 MiB/s
done
Bytes transferred = 51804 (ca5c hex)
Tegra30 (Beaver) # bootz 0x81000000 - 0x82000000
Kernel image @ 0x81000000 [ 0x000000 - 0x53fa28 ]
## Flattened Device Tree blob at 82000000
   Booting using the fdt blob at 0x82000000
   Loading Device Tree to 8fff0000, end 8ffffa5b ... OK

Starting kernel ...

Uncompressing Linux... done, booting the kernel.
[    0.000000] Booting Linux on physical CPU 0x0
[    0.000000] Linux version 4.9.0-next-20161223-142144-g968481a (pwalmsley@kaivo) (gcc version 4.7.3 20130328 (prerelease) (crosstool-NG linaro-1.13.1-4.7-2013.04-20130415 - Linaro GCC 2013.04) ) #1 SMP PREEMPT Thu Dec 22 18:19:08 PST 2016
[    0.000000] CPU: ARMv7 Processor [412fc099] revision 9 (ARMv7), cr=10c5387d
[    0.000000] CPU: PIPT / VIPT nonaliasing data cache, VIPT aliasing instruction cache
[    0.000000] OF: fdt:Machine model: NVIDIA Tegra30 Beaver evaluation board
[    0.000000] debug: ignoring loglevel setting.
[    0.000000] bootconsole [earlycon0] enabled
[    0.000000] cma: Reserved 64 MiB at 0xfbc00000
[    0.000000] Memory policy: Data cache writealloc
[    0.000000] On node 0 totalpages: 524032
[    0.000000] free_area_init_node: node 0, pgdat c0d5e600, node_mem_map eeff7000
[    0.000000]   Normal zone: 1536 pages used for memmap
[    0.000000]   Normal zone: 0 pages reserved
[    0.000000]   Normal zone: 196608 pages, LIFO batch:31
[    0.000000]   HighMem zone: 327424 pages, LIFO batch:31
[    0.000000] percpu: Embedded 14 pages/cpu @eef93000 s26240 r8192 d22912 u57344
[    0.000000] pcpu-alloc: s26240 r8192 d22912 u57344 alloc=14*4096
[    0.000000] pcpu-alloc: [0] 0 [0] 1 [0] 2 [0] 3 
[    0.000000] Built 1 zonelists in Zone order, mobility grouping on.  Total pages: 522496
[    0.000000] Kernel command line: ignore_loglevel console=ttyS0,115200n8 rw root=PARTUUID=edbe1840-3633-c751-7993-b0ac834f81e0 rootwait gpt debug noinitrd earlyprintk init=/bin/bash
[    0.000000] PID hash table entries: 4096 (order: 2, 16384 bytes)
[    0.000000] Dentry cache hash table entries: 131072 (order: 7, 524288 bytes)
[    0.000000] Inode-cache hash table entries: 65536 (order: 6, 262144 bytes)
[    0.000000] Memory: 1999880K/2096128K available (8192K kernel code, 383K rwdata, 2476K rodata, 1024K init, 368K bss, 30712K reserved, 65536K cma-reserved, 1244160K highmem)
[    0.000000] Virtual kernel memory layout:
[    0.000000]     vector  : 0xffff0000 - 0xffff1000   (   4 kB)
[    0.000000]     fixmap  : 0xffc00000 - 0xfff00000   (3072 kB)
[    0.000000]     vmalloc : 0xf0800000 - 0xff800000   ( 240 MB)
[    0.000000]     lowmem  : 0xc0000000 - 0xf0000000   ( 768 MB)
[    0.000000]     pkmap   : 0xbfe00000 - 0xc0000000   (   2 MB)
[    0.000000]     modules : 0xbf000000 - 0xbfe00000   (  14 MB)
[    0.000000]       .text : 0xc0008000 - 0xc0900000   (9184 kB)
[    0.000000]       .init : 0xc0c00000 - 0xc0d00000   (1024 kB)
[    0.000000]       .data : 0xc0d00000 - 0xc0d5fcc0   ( 384 kB)
[    0.000000]        .bss : 0xc0d61000 - 0xc0dbd308   ( 369 kB)
[    0.000000] Preemptible hierarchical RCU implementation.
[    0.000000] 	Build-time adjustment of leaf fanout to 32.
[    0.000000] NR_IRQS:16 nr_irqs:16 16
[    0.000000] /interrupt-controller@60004000: 160 interrupts forwarded to /interrupt-controller@50041000
[    0.000000] L2C: platform modifies aux control register: 0x02080000 -> 0x3e480001
[    0.000000] L2C: DT/platform modifies aux control register: 0x02080000 -> 0x3e480001
[    0.000000] L2C-310 erratum 769419 enabled
[    0.000000] L2C-310 enabling early BRESP for Cortex-A9
[    0.000000] L2C-310: enabling full line of zeros but not enabled in Cortex-A9
[    0.000000] L2C-310 dynamic clock gating enabled, standby mode enabled
[    0.000000] L2C-310 cache controller enabled, 8 ways, 1024 kB
[    0.000000] L2C-310: CACHE_ID 0x410000c7, AUX_CTRL 0x4e480001
[    0.000014] sched_clock: 32 bits at 1000kHz, resolution 1000ns, wraps every 2147483647500ns
[    0.006539] clocksource: timer_us: mask: 0xffffffff max_cycles: 0xffffffff, max_idle_ns: 1911260446275 ns
[    0.016154] Switching to timer-based delay loop, resolution 1000ns
[    0.023226] Console: colour dummy device 80x30
[    0.026923] Calibrating delay loop (skipped), value calculated using timer frequency.. 2.00 BogoMIPS (lpj=10000)
[    0.037133] pid_max: default: 32768 minimum: 301
[    0.042167] Mount-cache hash table entries: 2048 (order: 1, 8192 bytes)
[    0.048479] Mountpoint-cache hash table entries: 2048 (order: 1, 8192 bytes)
[    0.056292] CPU: Testing write buffer coherency: ok
[    0.060867] CPU0: thread -1, cpu 0, socket 0, mpidr 80000000
[    0.089996] Setting up static identity map for 0x80100000 - 0x80100098
[    0.120397] Tegra Revision: A03 SKU: 128 CPU Process: 4 SoC Process: 0
[    0.125802] smp: Bringing up secondary CPUs ...
[    0.200393] CPU1: thread -1, cpu 1, socket 0, mpidr 80000001
[    0.280382] CPU2: thread -1, cpu 2, socket 0, mpidr 80000002
[    0.360382] CPU3: thread -1, cpu 3, socket 0, mpidr 80000003
[    0.360427] smp: Brought up 1 node, 4 CPUs
[    0.379854] SMP: Total of 4 processors activated (8.00 BogoMIPS).
[    0.386011] CPU: All CPU(s) started in SVC mode.
[    0.391752] devtmpfs: initialized
[    0.407333] VFP support v0.3: implementor 41 architecture 3 part 30 variant 9 rev 4
[    0.413505] clocksource: jiffies: mask: 0xffffffff max_cycles: 0xffffffff, max_idle_ns: 19112604462750000 ns
[    0.426191] pinctrl core: initialized pinctrl subsystem
[    0.430906] NET: Registered protocol family 16
[    0.436528] DMA: preallocated 256 KiB pool for atomic coherent allocations
[    0.479976] cpuidle: using governor menu
[    0.498910] No ATAGs?
[    0.498927] hw-breakpoint: found 5 (+1 reserved) breakpoint and 1 watchpoint registers.
[    0.507461] hw-breakpoint: maximum watchpoint size is 4 bytes.
[    0.515031] tegra-mc 7000f000.memory-controller: no memory timings for RAM code 3 registered
[    0.562125] vdd_5v_sata: Failed to request enable GPIO30: -517
[    0.566133] reg-fixed-voltage regulators:regulator@3: Failed to register regulator: -517
[    0.574377] usb1_vbus: Failed to request enable GPIO238: -517
[    0.580093] reg-fixed-voltage regulators:regulator@4: Failed to register regulator: -517
[    0.588284] usb3_vbus: Failed to request enable GPIO236: -517
[    0.594044] reg-fixed-voltage regulators:regulator@5: Failed to register regulator: -517
[    0.602303] sys_3v3_pexs: Failed to request enable GPIO95: -517
[    0.608163] reg-fixed-voltage regulators:regulator@7: Failed to register regulator: -517
[    0.617532] vgaarb: loaded
[    0.619770] SCSI subsystem initialized
[    0.623134] libata version 3.00 loaded.
[    0.627138] usbcore: registered new interface driver usbfs
[    0.632421] usbcore: registered new interface driver hub
[    0.637792] usbcore: registered new device driver usb
[    0.650501] vrtc: supplied by vdd_5v_in
[    0.655866] vio: supplied by vdd_5v_in
[    0.661966] vdd1: supplied by vdd_5v_in
[    0.665352] vddio_ddr_1v2: Bringing 600000uV into 1200000-1200000uV
[    0.681943] vdd2: supplied by vdd_5v_in
[    0.701939] ldo1: supplied by vdd_1v5_gen
[    0.706580] ldo2: supplied by vdd_1v5_gen
[    0.709242] vdd_sata,avdd_plle: Bringing 1200000uV into 1050000-1050000uV
[    0.717936] ldo3: supplied by vdd_5v_in
[    0.722408] ldo4: supplied by vdd_5v_in
[    0.731955] ldo5: supplied by vdd_5v_in
[    0.741954] ldo6: supplied by vdd_1v8_gen
[    0.744621] avdd_dsi_csi,pwrdet_mipi: Bringing 1000000uV into 1200000-1200000uV
[    0.753815] ldo7: supplied by vdd_1v8_gen
[    0.761949] ldo8: supplied by vdd_1v8_gen
[    0.772217] Linux video capture interface: v2.00
[    0.775082] pps_core: LinuxPPS API ver. 1 registered
[    0.780044] pps_core: Software ver. 5.3.6 - Copyright 2005-2007 Rodolfo Giometti <giometti@linux.it>
[    0.789255] PTP clock support registered
[    0.793785] Advanced Linux Sound Architecture Driver Initialized.
[    0.800094] Bluetooth: Core ver 2.22
[    0.803048] NET: Registered protocol family 31
[    0.807502] Bluetooth: HCI device and connection manager initialized
[    0.813933] Bluetooth: HCI socket layer initialized
[    0.818858] Bluetooth: L2CAP socket layer initialized
[    0.824008] Bluetooth: SCO socket layer initialized
[    0.830110] clocksource: Switched to clocksource timer_us
[    0.846146] NET: Registered protocol family 2
[    0.849697] TCP established hash table entries: 8192 (order: 3, 32768 bytes)
[    0.855859] TCP bind hash table entries: 8192 (order: 4, 65536 bytes)
[    0.862369] TCP: Hash tables configured (established 8192 bind 8192)
[    0.869228] UDP hash table entries: 512 (order: 2, 16384 bytes)
[    0.874750] UDP-Lite hash table entries: 512 (order: 2, 16384 bytes)
[    0.881395] NET: Registered protocol family 1
[    0.886119] RPC: Registered named UNIX socket transport module.
[    0.891501] RPC: Registered udp transport module.
[    0.896251] RPC: Registered tcp transport module.
[    0.901028] RPC: Registered tcp NFSv4.1 backchannel transport module.
[    0.907524] PCI: CLS 0 bytes, default 64
[    0.913474] hw perfevents: enabled with armv7_cortex_a9 PMU driver, 7 counters available
[    0.920988] futex hash table entries: 1024 (order: 4, 65536 bytes)
[    0.926758] workingset: timestamp_bits=30 max_order=19 bucket_order=0
[    0.933459] squashfs: version 4.0 (2009/01/31) Phillip Lougher
[    0.938931] NFS: Registering the id_resolver key type
[    0.943570] Key type id_resolver registered
[    0.947722] Key type id_legacy registered
[    0.955514] bounce: pool size: 64 pages
[    0.957528] io scheduler noop registered (default)
[    0.966847] tegra30-pinctrl 70000868.pinmux: invalid group "sdmmc3_dat6_pd3" for function "rsvd1"
[    0.973922] tegra30-pinctrl 70000868.pinmux: invalid group "sdmmc3_dat7_pd4" for function "rsvd1"
[    0.982868] tegra30-pinctrl 70000868.pinmux: invalid group "vi_vsync_pd6" for function "rsvd1"
[    0.991495] tegra30-pinctrl 70000868.pinmux: invalid group "vi_hsync_pd7" for function "rsvd1"
[    1.000701] tegra30-pinctrl 70000868.pinmux: invalid group "hdmi_int_pn7" for function "rsvd1"
[    1.008855] tegra30-pinctrl 70000868.pinmux: invalid group "ulpi_data3_po4" for function "rsvd1"
[    1.018029] tegra30-pinctrl 70000868.pinmux: invalid group "vi_d10_pt2" for function "rsvd1"
[    1.026184] tegra30-pinctrl 70000868.pinmux: invalid group "vi_d11_pt3" for function "rsvd1"
[    1.034658] tegra30-pinctrl 70000868.pinmux: invalid group "vi_d0_pt4" for function "rsvd1"
[    1.043112] tegra30-pinctrl 70000868.pinmux: invalid group "pu0" for function "rsvd1"
[    1.050969] tegra30-pinctrl 70000868.pinmux: invalid group "pu3" for function "rsvd1"
[    1.058851] tegra30-pinctrl 70000868.pinmux: invalid group "pu6" for function "rsvd1"
[    1.066769] tegra30-pinctrl 70000868.pinmux: invalid group "pv3" for function "rsvd1"
[    1.075124] tegra30-pinctrl 70000868.pinmux: invalid group "pbb0" for function "rsvd1"
[    1.082713] tegra30-pinctrl 70000868.pinmux: invalid group "pcc1" for function "rsvd1"
[    1.092286] tegra-pcie 3000.pcie-controller: 2x3 configuration
[    1.096602] tegra-pcie 3000.pcie-controller: Failed to get supply 'hvdd-pex': -517
[    1.108438] tegra-apbdma 6000a000.dma: Tegra20 APB DMA driver register 32 channels
[    1.114758] tegra-pmc 7000e400.pmc: i2c-thermtrip node not found, emergency thermal reset disabled.
[    1.123746] Serial: 8250/16550 driver, 4 ports, IRQ sharing disabled
[    1.131355] console [ttyS0] disabled
[    1.133362] 70006000.serial: ttyS0 at MMIO 0x70006000 (irq = 331, base_baud = 25500000) is a Tegra
[    1.142395] console [ttyS0] enabled
[    1.142395] console [ttyS0] enabled
[    1.148668] bootconsole [earlycon0] disabled
[    1.148668] bootconsole [earlycon0] disabled
[    1.158570] [drm] Initialized
[    1.163603] tegra-hdmi 54280000.hdmi: failed to get HDMI regulator
[    1.178912] loop: module loaded
[    1.184866] m25p80 spi32766.1: w25q32 (4096 Kbytes)
[    1.201479] libphy: Fixed MDIO Bus: probed
[    1.205568] CAN device driver interface
[    1.209442] igb: Intel(R) Gigabit Ethernet Network Driver - version 5.4.0-k
[    1.216401] igb: Copyright (c) 2007-2014 Intel Corporation.
[    1.222127] pegasus: v0.9.3 (2013/04/25), Pegasus/Pegasus II USB Ethernet driver
[    1.229581] usbcore: registered new interface driver pegasus
[    1.235314] usbcore: registered new interface driver asix
[    1.240791] usbcore: registered new interface driver ax88179_178a
[    1.246920] usbcore: registered new interface driver cdc_ether
[    1.252815] usbcore: registered new interface driver smsc75xx
[    1.258609] usbcore: registered new interface driver smsc95xx
[    1.264418] usbcore: registered new interface driver net1080
[    1.270140] usbcore: registered new interface driver cdc_subset
[    1.276097] usbcore: registered new interface driver zaurus
[    1.281745] usbcore: registered new interface driver cdc_ncm
[    1.287874] ehci_hcd: USB 2.0 'Enhanced' Host Controller (EHCI) Driver
[    1.294400] ehci-pci: EHCI PCI platform driver
[    1.298891] tegra-ehci: Tegra EHCI driver
[    1.303528] usbcore: registered new interface driver cdc_acm
[    1.309171] cdc_acm: USB Abstract Control Model driver for USB modems and ISDN adapters
[    1.317224] usbcore: registered new interface driver cdc_wdm
[    1.322947] usbcore: registered new interface driver usb-storage
[    1.329359] mousedev: PS/2 mouse device common for all mice
[    1.336219] tegra_rtc 7000e000.rtc: rtc core: registered 7000e000.rtc as rtc1
[    1.343387] tegra_rtc 7000e000.rtc: Tegra internal Real Time Clock
[    1.352317] random: fast init done
[    1.365934] tps65910-rtc tps65910-rtc: rtc core: registered tps65910-rtc as rtc0
[    1.373387] i2c /dev entries driver
[    1.377947] usbcore: registered new interface driver uvcvideo
[    1.383692] USB Video Class driver (1.1.1)
[    1.387775] gspca_main: v2.14.0 registered
[    1.392627] tegra-wdt 60005000.timer: initialized (heartbeat = 120 sec, nowayout = 0)
[    1.400929] sdhci: Secure Digital Host Controller Interface driver
[    1.407091] sdhci: Copyright(c) Pierre Ossman
[    1.411446] sdhci-pltfm: SDHCI platform and OF driver helper
[    1.417311] sdhci-tegra 78000000.sdhci: Got CD GPIO
[    1.422200] sdhci-tegra 78000000.sdhci: Got WP GPIO
[    1.428328] mmc0: Invalid maximum block size, assuming 512 bytes
[    1.500264] mmc0: SDHCI controller on 78000000.sdhci [78000000.sdhci] using ADMA
[    1.513146] mmc1: Invalid maximum block size, assuming 512 bytes
[    1.580140] mmc1: SDHCI controller on 78000600.sdhci [78000600.sdhci] using ADMA
[    1.599591] usbcore: registered new interface driver usbhid
[    1.607191] usbhid: USB HID core driver
[    1.662033] mmc1: new high speed MMC card at address 0001
[    1.668014] mmcblk1: mmc1:0001 SEM16G 14.8 GiB 
[    1.672930] mmcblk1boot0: mmc1:0001 SEM16G partition 1 1.00 MiB
[    1.679194] mmcblk1boot1: mmc1:0001 SEM16G partition 2 1.00 MiB
[    1.689488] mmcblk1rpmb: mmc1:0001 SEM16G partition 3 128 KiB
[    1.698259] Primary GPT is invalid, using alternate GPT.
[    1.703624]  mmcblk1: p1 p2 p3 p4 p5
[    1.716281] mmc0: new ultra high speed DDR50 SDHC card at address aaaa
[    1.723373] mmcblk0: mmc0:aaaa SS04G 3.69 GiB 
[    1.749391]  mmcblk0: p1 p2 p3
[    2.052286] tegra30-i2s 70080400.i2s: DMA channels sourced from device 70080000.ahub
[    2.067878] tegra-snd-rt5640 sound: rt5640-aif1 <-> 70080400.i2s mapping ok
[    2.078069] input: NVIDIA Tegra Beaver Headphones as /devices/soc0/sound/sound/card0/input0
[    2.088170] NET: Registered protocol family 10
[    2.093737] Segment Routing with IPv6
[    2.097515] mip6: Mobile IPv6
[    2.100492] sit: IPv6, IPv4 and MPLS over IPv4 tunneling driver
[    2.107745] NET: Registered protocol family 17
[    2.112209] NET: Registered protocol family 15
[    2.116639] can: controller area network core (rev 20120528 abi 9)
[    2.122889] NET: Registered protocol family 29
[    2.127321] can: raw protocol (rev 20120528)
[    2.131589] can: broadcast manager protocol (rev 20161123 t)
[    2.137235] can: netlink gateway (rev 20130117) max_hops=1
[    2.142859] Bluetooth: RFCOMM socket layer initialized
[    2.148002] Bluetooth: RFCOMM ver 1.11
[    2.151758] Bluetooth: BNEP (Ethernet Emulation) ver 1.3
[    2.157061] Bluetooth: BNEP socket layer initialized
[    2.162019] Bluetooth: HIDP (Human Interface Emulation) ver 1.2
[    2.167926] Bluetooth: HIDP socket layer initialized
[    2.173093] Key type dns_resolver registered
[    2.177808] Registering SWP/SWPB emulation handler
[    2.195912] vdd_ddr: supplied by vdd_5v_in
[    2.200836] vdd_5v_sata: supplied by vdd_5v_in
[    2.205568] usb1_vbus: supplied by vdd_5v_in
[    2.210193] usb3_vbus: supplied by vdd_5v_in
[    2.215681] sys_3v3,vdd_3v3_alw: supplied by vdd_5v_in
[    2.221504] +VDD_5V_HDMI: supplied by sys_3v3,vdd_3v3_alw
[    2.227049] sys_3v3_pexs: supplied by sys_3v3,vdd_3v3_alw
[    2.232886] tegra-pcie 3000.pcie-controller: 2x3 configuration
[    2.241267] tegra-pcie 3000.pcie-controller: probing port 0, using 2 lanes
[    2.306418] tegra-pcie 3000.pcie-controller: probing port 2, using 2 lanes
[    2.717169] tegra-pcie 3000.pcie-controller: link 2 down, retrying
[    3.127215] tegra-pcie 3000.pcie-controller: link 2 down, retrying
[    3.537261] tegra-pcie 3000.pcie-controller: link 2 down, retrying
[    3.545452] tegra-pcie 3000.pcie-controller: link 2 down, ignoring
[    3.551826] tegra-pcie 3000.pcie-controller: PCI host bridge to bus 0000:00
[    3.558776] pci_bus 0000:00: root bus resource [io  0x0000-0xffff]
[    3.564955] pci_bus 0000:00: root bus resource [mem 0x20000000-0x27ffffff]
[    3.571822] pci_bus 0000:00: root bus resource [mem 0x28000000-0x3fffffff pref]
[    3.579115] pci_bus 0000:00: root bus resource [bus 00-ff]
[    3.584629] pci 0000:00:01.0: [10de:0e1c] type 01 class 0x060400
[    3.590681] pci_bus 0000:00: 2-byte config write to 0000:00:01.0 offset 0x52 may corrupt adjacent RW1C bits
[    3.600430] pci 0000:00:01.0: PME# supported from D0 D1 D2 D3hot D3cold
[    3.607030] pci_bus 0000:00: 2-byte config write to 0000:00:01.0 offset 0x4c may corrupt adjacent RW1C bits
[    3.616980] pci_bus 0000:00: 2-byte config write to 0000:00:01.0 offset 0x3e may corrupt adjacent RW1C bits
[    3.626714] pci_bus 0000:00: 2-byte config write to 0000:00:01.0 offset 0x4 may corrupt adjacent RW1C bits
[    3.636355] pci_bus 0000:00: 1-byte config write to 0000:00:01.0 offset 0xc may corrupt adjacent RW1C bits
[    3.645993] PCI: bus0: Fast back to back transfers disabled
[    3.651560] pci 0000:00:01.0: bridge configuration invalid ([bus 00-00]), reconfiguring
[    3.659545] pci_bus 0000:00: 2-byte config write to 0000:00:01.0 offset 0x3e may corrupt adjacent RW1C bits
[    3.669273] pci_bus 0000:00: 2-byte config write to 0000:00:01.0 offset 0x3e may corrupt adjacent RW1C bits
[    3.679000] pci_bus 0000:00: 2-byte config write to 0000:00:01.0 offset 0x3e may corrupt adjacent RW1C bits
[    3.688727] pci_bus 0000:00: 2-byte config write to 0000:00:01.0 offset 0x6 may corrupt adjacent RW1C bits
[    3.698527] pci 0000:01:00.0: [10ec:8168] type 00 class 0x020000
[    3.704546] pci 0000:01:00.0: reg 0x10: [io  0x0000-0x00ff]
[    3.710129] pci 0000:01:00.0: reg 0x18: [mem 0x00000000-0x00000fff 64bit pref]
[    3.717342] pci 0000:01:00.0: reg 0x20: [mem 0x00000000-0x00003fff 64bit pref]
[    3.724589] pci_bus 0000:01: 2-byte config write to 0000:01:00.0 offset 0x52 may corrupt adjacent RW1C bits
[    3.734360] pci 0000:01:00.0: supports D1 D2
[    3.738617] pci 0000:01:00.0: PME# supported from D0 D1 D2 D3hot D3cold
[    3.770141] PCI: bus1: Fast back to back transfers disabled
[    3.775702] pci_bus 0000:01: busn_res: [bus 01-ff] end is updated to 01
[    3.782379] pci 0000:00:01.0: BAR 9: assigned [mem 0x28000000-0x280fffff 64bit pref]
[    3.790116] pci 0000:00:01.0: BAR 7: assigned [io  0x1000-0x1fff]
[    3.796200] pci 0000:01:00.0: BAR 4: assigned [mem 0x28000000-0x28003fff 64bit pref]
[    3.803945] pci 0000:01:00.0: BAR 2: assigned [mem 0x28004000-0x28004fff 64bit pref]
[    3.811689] pci 0000:01:00.0: BAR 0: assigned [io  0x1000-0x10ff]
[    3.817770] pci 0000:00:01.0: PCI bridge to [bus 01]
[    3.822730] pci 0000:00:01.0:   bridge window [io  0x1000-0x1fff]
[    3.828809] pci 0000:00:01.0:   bridge window [mem 0x28000000-0x280fffff 64bit pref]
[    3.836558] pci 0000:00:01.0: nv_msi_ht_cap_quirk didn't locate host bridge
[    3.843581] pcieport 0000:00:01.0: enabling device (0140 -> 0143)
[    3.849961] pcieport 0000:00:01.0: Signaling PME with IRQ 374
[    3.855939] r8169 Gigabit Ethernet driver 2.3LK-NAPI loaded
[    3.861555] r8169 0000:01:00.0: enabling device (0140 -> 0143)
[    3.868591] r8169 0000:01:00.0 eth0: RTL8168evl/8111evl at 0xf0a10000, 02:04:4b:01:60:a6, XID 0c900800 IRQ 375
[    3.878597] r8169 0000:01:00.0 eth0: jumbo features [frames: 9200 bytes, tx checksumming: ko]
[    3.889969] [drm] Supports vblank timestamp caching Rev 2 (21.10.2013).
[    3.896608] [drm] No driver support for vblank timestamp query.
[    3.902574] [drm] Cannot find any crtc or sizes - going 1024x768
[    3.928569] Console: switching to colour frame buffer device 128x48
[    3.940956] drm drm: fb0:  frame buffer device
[    3.980157] [drm] Initialized tegra 0.0.0 20120330 on minor 0
[    3.989348] utmi_phy_clk_enable: timeout waiting for phy to stabilize
[    3.995851] tegra-ehci 7d004000.usb: EHCI Host Controller
[    4.001275] tegra-ehci 7d004000.usb: new USB bus registered, assigned bus number 1
[    4.009190] tegra-ehci 7d004000.usb: irq 343, io mem 0x7d004000
[    4.040124] tegra-ehci 7d004000.usb: USB 2.0 started, EHCI 1.00
[    4.047340] hub 1-0:1.0: USB hub found
[    4.051143] hub 1-0:1.0: 1 port detected
[    4.055622] tegra-ehci 7d008000.usb: EHCI Host Controller
[    4.061041] tegra-ehci 7d008000.usb: new USB bus registered, assigned bus number 2
[    4.068860] tegra-ehci 7d008000.usb: irq 344, io mem 0x7d008000
[    4.100122] tegra-ehci 7d008000.usb: USB 2.0 started, EHCI 1.00
[    4.107164] hub 2-0:1.0: USB hub found
[    4.110954] hub 2-0:1.0: 1 port detected
[    4.118906] tps65910-rtc tps65910-rtc: setting system clock to 2000-01-01 00:00:02 UTC (946684802)
[    4.128417] vdd_sata,avdd_plle: disabling
[    4.132838] usb1_vbus: disabling
[    4.136058] ALSA device list:
[    4.139013]   #0: NVIDIA Tegra Beaver
[    4.144959] EXT4-fs (mmcblk1p1): mounting ext3 file system using the ext4 subsystem
[    4.163160] EXT4-fs (mmcblk1p1): warning: mounting fs with errors, running e2fsck is recommended
[    4.175066] EXT4-fs (mmcblk1p1): recovery complete
[    4.179851] EXT4-fs (mmcblk1p1): mounted filesystem with ordered data mode. Opts: (null)
[    4.188001] VFS: Mounted root (ext3 filesystem) on device 179:1.
[    4.205843] devtmpfs: mounted
[    4.210304] Freeing unused kernel memory: 1024K
bash: cannot set terminal process group (-1): Inappropriate ioctl for device
bash: no job control in this shell
root@(none):/# [    4.470142] usb 2-1: new high-speed USB device number 2 using tegra-ehci
[    5.131152] asix 2-1:1.0 eth1: register 'asix' at usb-7d008000.usb-1, ASIX AX88772 USB 2.0 Ethernet, 00:50:b6:0f:67:60
mount -t sysfs none /sys
root@(none):/# 
root@(none):/# mount -t debugfs none /sys/kernel/debug
root@(none):/# 
root@(none):/# rtcwake -d rtc1 -m mem -s 3
rtcwake: wakeup from "mem" using /dev/rtc1 at Thu Jan  1 00:00:21 1970
[    7.322582] PM: Syncing filesystems ... done.
[    7.335677] Freezing user space processes ... (elapsed 0.001 seconds) done.
[    7.343764] Freezing remaining freezable tasks ... (elapsed 0.001 seconds) done.
[    7.352332] Suspending console(s) (use no_console_suspend to debug)
[    7.433302] PM: suspend of devices complete after 74.331 msecs
[    7.434976] PM: late suspend of devices complete after 1.666 msecs
[    7.460454] PM: noirq suspend of devices complete after 25.471 msecs
[    7.460458] Disabling non-boot CPUs ...
[    7.510779] CPU1: shutdown
[    7.600612] CPU2: shutdown
[    7.700446] IRQ17 no longer affine to CPU3
[    7.700667] CPU3: shutdown
[    7.750841] Entering suspend state LP1
[    7.750841] Suspended for 2.997 seconds
[    7.750852] Enabling non-boot CPUs ...
[    7.781487] CPU1: shutdown
[    7.810706] Error taking CPU1 up: -2
[    7.841423] CPU2: shutdown
[    7.870697] Error taking CPU2 up: -2
[    7.901220] IRQ17 no longer affine to CPU3
[    7.901384] CPU3: shutdown
[    7.930685] Error taking CPU3 up: -2
[    7.931161] pcieport 0000:00:01.0: nv_msi_ht_cap_quirk didn't locate host bridge
[    7.960182] PM: noirq resume of devices complete after 29.489 msecs
[    7.961038] PM: early resume of devices complete after 0.323 msecs
[    8.525624] PM: resume of devices complete after 564.578 msecs
[    8.620140] Restarting tasks ... done.
root@(none):/# 
root@(none):/# rtcwake -d rtc1 -m mem -s 3
rtcwake: wakeup from "mem" using /dev/rtc1 at Thu Jan  1 00:00:26 1970
[    9.389124] PM: Syncing filesystems ... done.
[    9.399988] Freezing user space processes ... (elapsed 0.001 seconds) done.
[    9.408091] Freezing remaining freezable tasks ... (elapsed 0.001 seconds) done.
[    9.416663] Suspending console(s) (use no_console_suspend to debug)
[    9.462647] pci_generic_config_write32: 62 callbacks suppressed
[    9.462659] pci_bus 0000:00: 2-byte config write to 0000:00:01.0 offset 0x9c may corrupt adjacent RW1C bits
[    9.502468] PM: suspend of devices complete after 79.205 msecs
[    9.503054] PM: late suspend of devices complete after 0.579 msecs
[    9.503542] pci_bus 0000:01: 2-byte config write to 0000:01:00.0 offset 0x44 may corrupt adjacent RW1C bits
[    9.503557] pci_bus 0000:01: 2-byte config write to 0000:01:00.0 offset 0x44 may corrupt adjacent RW1C bits
[    9.530479] PM: noirq suspend of devices complete after 27.419 msecs
[    9.530482] Disabling non-boot CPUs ...
[    9.530485] Entering suspend state LP1
[    9.530485] Suspended for 3.220 seconds
[    9.530966] pci_bus 0000:00: 2-byte config write to 0000:00:01.0 offset 0x4c may corrupt adjacent RW1C bits
[    9.530977] pci_bus 0000:00: 2-byte config write to 0000:00:01.0 offset 0x88 may corrupt adjacent RW1C bits
[    9.530982] pci_bus 0000:00: 2-byte config write to 0000:00:01.0 offset 0x90 may corrupt adjacent RW1C bits
[    9.530989] pci_bus 0000:00: 2-byte config write to 0000:00:01.0 offset 0x98 may corrupt adjacent RW1C bits
[    9.530993] pci_bus 0000:00: 2-byte config write to 0000:00:01.0 offset 0x9c may corrupt adjacent RW1C bits
[    9.531010] pci_bus 0000:00: 2-byte config write to 0000:00:01.0 offset 0x52 may corrupt adjacent RW1C bits
[    9.531017] pci_bus 0000:00: 2-byte config write to 0000:00:01.0 offset 0x52 may corrupt adjacent RW1C bits
[    9.531035] pcieport 0000:00:01.0: nv_msi_ht_cap_quirk didn't locate host bridge
[    9.560149] PM: noirq resume of devices complete after 29.631 msecs
[    9.561115] PM: early resume of devices complete after 0.334 msecs
[   10.139459] PM: resume of devices complete after 578.333 msecs
[   10.298401] Restarting tasks ... done.
root@(none):/# 
root@(none):/# rtcwake -d rtc1 -m mem -s 3
rtcwake: wakeup from "mem" using /dev/rtc1 at Thu Jan  1 00:00:31 1970
[   11.169427] PM: Syncing filesystems ... done.
[   11.180351] Freezing user space processes ... (elapsed 0.003 seconds) done.
[   11.190327] Freezing remaining freezable tasks ... (elapsed 0.001 seconds) done.
[   11.198923] Suspending console(s) (use no_console_suspend to debug)
[   11.285032] PM: suspend of devices complete after 79.408 msecs
[   11.285702] PM: late suspend of devices complete after 0.659 msecs
[   11.310496] PM: noirq suspend of devices complete after 24.786 msecs
[   11.310502] Disabling non-boot CPUs ...
[   11.310505] Entering suspend state LP1
[   11.310505] Suspended for 3.219 seconds
[   11.311078] pcieport 0000:00:01.0: nv_msi_ht_cap_quirk didn't locate host bridge
[   11.340121] PM: noirq resume of devices complete after 29.583 msecs
[   11.341077] PM: early resume of devices complete after 0.338 msecs
[   11.927333] PM: resume of devices complete after 586.247 msecs
[   11.983154] Restarting tasks ... done.
root@(none):/# 
root@(none):/# rtcwake -d rtc1 -m mem -s 3
rtcwake: wakeup from "mem" using /dev/rtc1 at Thu Jan  1 00:00:36 1970
[   12.949001] PM: Syncing filesystems ... done.
[   12.960318] Freezing user space processes ... (elapsed 0.001 seconds) done.
[   12.961949] Freezing remaining freezable tasks ... (elapsed 0.007 seconds) done.
[   12.969119] Suspending console(s) (use no_console_suspend to debug)
[   13.062530] PM: suspend of devices complete after 79.313 msecs
[   13.063167] PM: late suspend of devices complete after 0.628 msecs
[   13.090483] PM: noirq suspend of devices complete after 27.309 msecs
[   13.090486] Disabling non-boot CPUs ...
[   13.090491] Entering suspend state LP1
[   13.090491] Suspended for 3.219 seconds
[   13.090791] pcieport 0000:00:01.0: nv_msi_ht_cap_quirk didn't locate host bridge
[   13.120093] PM: noirq resume of devices complete after 29.584 msecs
[   13.121111] PM: early resume of devices complete after 0.609 msecs
[   13.689396] PM: resume of devices complete after 568.278 msecs
[   13.745220] Restarting tasks ... done.
root@(none):/# 
root@(none):/# rtcwake -d rtc1 -m mem -s 3
rtcwake: wakeup from "mem" using /dev/rtc1 at Thu Jan  1 00:00:41 1970
[   14.730387] PM: Syncing filesystems ... done.
[   14.743109] Freezing user space processes ... (elapsed 0.001 seconds) done.
[   14.751254] Freezing remaining freezable tasks ... (elapsed 0.001 seconds) done.
[   14.759859] Suspending console(s) (use no_console_suspend to debug)
[   14.800206] pci_generic_config_write32: 65 callbacks suppressed
[   14.800222] pci_bus 0000:00: 2-byte config write to 0000:00:01.0 offset 0x9c may corrupt adjacent RW1C bits
[   14.844995] PM: suspend of devices complete after 78.442 msecs
[   14.845653] PM: late suspend of devices complete after 0.650 msecs
[   14.846218] pci_bus 0000:01: 2-byte config write to 0000:01:00.0 offset 0x44 may corrupt adjacent RW1C bits
[   14.846235] pci_bus 0000:01: 2-byte config write to 0000:01:00.0 offset 0x44 may corrupt adjacent RW1C bits
[   14.870435] PM: noirq suspend of devices complete after 24.774 msecs
[   14.870440] Disabling non-boot CPUs ...
[   14.870442] Entering suspend state LP1
[   14.870442] Suspended for 3.220 seconds
[   14.871038] pci_bus 0000:00: 2-byte config write to 0000:00:01.0 offset 0x4c may corrupt adjacent RW1C bits
[   14.871049] pci_bus 0000:00: 2-byte config write to 0000:00:01.0 offset 0x88 may corrupt adjacent RW1C bits
[   14.871054] pci_bus 0000:00: 2-byte config write to 0000:00:01.0 offset 0x90 may corrupt adjacent RW1C bits
[   14.871061] pci_bus 0000:00: 2-byte config write to 0000:00:01.0 offset 0x98 may corrupt adjacent RW1C bits
[   14.871065] pci_bus 0000:00: 2-byte config write to 0000:00:01.0 offset 0x9c may corrupt adjacent RW1C bits
[   14.871082] pci_bus 0000:00: 2-byte config write to 0000:00:01.0 offset 0x52 may corrupt adjacent RW1C bits
[   14.871088] pci_bus 0000:00: 2-byte config write to 0000:00:01.0 offset 0x52 may corrupt adjacent RW1C bits
[   14.871107] pcieport 0000:00:01.0: nv_msi_ht_cap_quirk didn't locate host bridge
[   14.900061] PM: noirq resume of devices complete after 29.587 msecs
[   14.901026] PM: early resume of devices complete after 0.342 msecs
[   15.479054] PM: resume of devices complete after 578.017 msecs
[   15.637957] Restarting tasks ... done.
root@(none):/# 
root@(none):/# rtcwake -d rtc1 -m mem -s 3
rtcwake: wakeup from "mem" using /dev/rtc1 at Thu Jan  1 00:00:46 1970
[   16.520693] PM: Syncing filesystems ... done.
[   16.533412] Freezing user space processes ... (elapsed 0.001 seconds) done.
[   16.541554] Freezing remaining freezable tasks ... (elapsed 0.001 seconds) done.
[   16.550170] Suspending console(s) (use no_console_suspend to debug)
[   16.612460] PM: suspend of devices complete after 55.600 msecs
[   16.613112] PM: late suspend of devices complete after 0.644 msecs
[   16.640421] PM: noirq suspend of devices complete after 27.300 msecs
[   16.640423] Disabling non-boot CPUs ...
[   16.640428] Entering suspend state LP1
[   16.640428] Suspended for 3.229 seconds
[   16.641106] pcieport 0000:00:01.0: nv_msi_ht_cap_quirk didn't locate host bridge
[   16.670036] PM: noirq resume of devices complete after 29.575 msecs
[   16.671013] PM: early resume of devices complete after 0.345 msecs
[   17.228955] PM: resume of devices complete after 557.934 msecs
[   17.284783] Restarting tasks ... done.
root@(none):/# 
root@(none):/# rtcwake -d rtc1 -m mem -s 3
rtcwake: wakeup from "mem" using /dev/rtc1 at Thu Jan  1 00:00:51 1970
[   18.270499] PM: Syncing filesystems ... done.
[   18.283227] Freezing user space processes ... (elapsed 0.001 seconds) done.
[   18.291381] Freezing remaining freezable tasks ... (elapsed 0.001 seconds) done.
[   18.299998] Suspending console(s) (use no_console_suspend to debug)
[   18.384934] PM: suspend of devices complete after 78.251 msecs
[   18.385595] PM: late suspend of devices complete after 0.655 msecs
[   18.410407] PM: noirq suspend of devices complete after 24.804 msecs
[   18.410411] Disabling non-boot CPUs ...
[   18.410415] Entering suspend state LP1
[   18.410415] Suspended for 3.229 seconds
[   18.410990] pcieport 0000:00:01.0: nv_msi_ht_cap_quirk didn't locate host bridge
[   18.440006] PM: noirq resume of devices complete after 29.557 msecs
[   18.441122] PM: early resume of devices complete after 0.509 msecs
[   19.035011] PM: resume of devices complete after 593.878 msecs
[   19.090854] Restarting tasks ... done.
root@(none):/# 
root@(none):/# rtcwake -d rtc1 -m mem -s 3
rtcwake: wakeup from "mem" using /dev/rtc1 at Thu Jan  1 00:00:56 1970
[   20.054351] PM: Syncing filesystems ... done.
[   20.067084] Freezing user space processes ... (elapsed 0.001 seconds) done.
[   20.075234] Freezing remaining freezable tasks ... (elapsed 0.001 seconds) done.
[   20.083873] Suspending console(s) (use no_console_suspend to debug)
[   20.122630] pci_generic_config_write32: 65 callbacks suppressed
[   20.122646] pci_bus 0000:00: 2-byte config write to 0000:00:01.0 offset 0x9c may corrupt adjacent RW1C bits
[   20.162402] PM: suspend of devices complete after 71.839 msecs
[   20.163081] PM: late suspend of devices complete after 0.670 msecs
[   20.163658] pci_bus 0000:01: 2-byte config write to 0000:01:00.0 offset 0x44 may corrupt adjacent RW1C bits
[   20.163675] pci_bus 0000:01: 2-byte config write to 0000:01:00.0 offset 0x44 may corrupt adjacent RW1C bits
[   20.190372] PM: noirq suspend of devices complete after 27.284 msecs
[   20.190377] Disabling non-boot CPUs ...
[   20.190380] Entering suspend state LP1
[   20.190380] Suspended for 3.220 seconds
[   20.190909] pci_bus 0000:00: 2-byte config write to 0000:00:01.0 offset 0x4c may corrupt adjacent RW1C bits
[   20.190920] pci_bus 0000:00: 2-byte config write to 0000:00:01.0 offset 0x88 may corrupt adjacent RW1C bits
[   20.190925] pci_bus 0000:00: 2-byte config write to 0000:00:01.0 offset 0x90 may corrupt adjacent RW1C bits
[   20.190930] pci_bus 0000:00: 2-byte config write to 0000:00:01.0 offset 0x98 may corrupt adjacent RW1C bits
[   20.190936] pci_bus 0000:00: 2-byte config write to 0000:00:01.0 offset 0x9c may corrupt adjacent RW1C bits
[   20.190953] pci_bus 0000:00: 2-byte config write to 0000:00:01.0 offset 0x52 may corrupt adjacent RW1C bits
[   20.190960] pci_bus 0000:00: 2-byte config write to 0000:00:01.0 offset 0x52 may corrupt adjacent RW1C bits
[   20.190978] pcieport 0000:00:01.0: nv_msi_ht_cap_quirk didn't locate host bridge
[   20.219974] PM: noirq resume of devices complete after 29.563 msecs
[   20.221145] PM: early resume of devices complete after 0.532 msecs
[   20.805209] PM: resume of devices complete after 584.054 msecs
[   20.964142] Restarting tasks ... done.
root@(none):/# 
root@(none):/# rtcwake -d rtc1 -m mem -s 3
rtcwake: wakeup from "mem" using /dev/rtc1 at Thu Jan  1 00:01:01 1970
[   21.830396] PM: Syncing filesystems ... done.
[   21.843110] Freezing user space processes ... (elapsed 0.001 seconds) done.
[   21.851265] Freezing remaining freezable tasks ... (elapsed 0.001 seconds) done.
[   21.859882] Suspending console(s) (use no_console_suspend to debug)
[   21.944874] PM: suspend of devices complete after 78.307 msecs
[   21.945535] PM: late suspend of devices complete after 0.654 msecs
[   21.970331] PM: noirq suspend of devices complete after 24.788 msecs
[   21.970335] Disabling non-boot CPUs ...
[   21.970339] Entering suspend state LP1
[   21.970339] Suspended for 3.220 seconds
[   21.970925] pcieport 0000:00:01.0: nv_msi_ht_cap_quirk didn't locate host bridge
[   21.999959] PM: noirq resume of devices complete after 29.588 msecs
[   22.001102] PM: early resume of devices complete after 0.526 msecs
[   22.590098] PM: resume of devices complete after 588.985 msecs
[   22.645941] Restarting tasks ... done.
root@(none):/# 
root@(none):/# rtcwake -d rtc1 -m mem -s 3
rtcwake: wakeup from "mem" using /dev/rtc1 at Thu Jan  1 00:01:06 1970
[   23.625718] PM: Syncing filesystems ... done.
[   23.638453] Freezing user space processes ... (elapsed 0.001 seconds) done.
[   23.646609] Freezing remaining freezable tasks ... (elapsed 0.001 seconds) done.
[   23.655229] Suspending console(s) (use no_console_suspend to debug)
[   23.744853] PM: suspend of devices complete after 82.933 msecs
[   23.745509] PM: late suspend of devices complete after 0.649 msecs
[   23.770308] PM: noirq suspend of devices complete after 24.789 msecs
[   23.770312] Disabling non-boot CPUs ...
[   23.770315] Entering suspend state LP1
[   23.770315] Suspended for 3.199 seconds
[   23.770894] pcieport 0000:00:01.0: nv_msi_ht_cap_quirk didn't locate host bridge
[   23.799921] PM: noirq resume of devices complete after 29.572 msecs
[   23.801068] PM: early resume of devices complete after 0.518 msecs
[   24.385177] PM: resume of devices complete after 584.100 msecs
[   24.441012] Restarting tasks ... done.
root@(none):/# 
root@(none):/# NVTB SYSTEM SUSPEND TEST COMPLETE
