PT Mon Feb 6 22:24:35 PST 2017
[    0.000000] Boot CPU: AArch64 Processor [411fd071]
[    0.000000] efi: Getting EFI parameters from FDT:
[    0.000000] efi: UEFI not found.
[    0.000000] cma: Reserved 16 MiB at 0x00000000f5400000
[    0.000000] earlycon: uart0 at MMIO 0x0000000070006000 (options '115200n8')
[    0.000000] bootconsole [uart0] enabled
[    0.000000] NUMA: No NUMA configuration found
[    0.000000] NUMA: Faking a node at [mem 0x0000000000000000-0x000000013fffffff]
[    0.000000] NUMA: Adding memblock [0x80000000 - 0xf65fffff] on node 0
[    0.000000] NUMA: Adding memblock [0x100000000 - 0x13fffffff] on node 0
[    0.000000] NUMA: Initmem setup node 0 [mem 0x80000000-0x13fffffff]
[    0.000000] NUMA: NODE_DATA [mem 0x13ffa1400-0x13ffa2eff]
[    0.000000] Zone ranges:
[    0.000000]   DMA      [mem 0x0000000080000000-0x00000000ffffffff]
[    0.000000]   Normal   [mem 0x0000000100000000-0x000000013fffffff]
[    0.000000] Movable zone start for each node
[    0.000000] Early memory node ranges
[    0.000000]   node   0: [mem 0x0000000080000000-0x00000000f65fffff]
[    0.000000]   node   0: [mem 0x0000000100000000-0x000000013fffffff]
[    0.000000] Initmem setup node 0 [mem 0x0000000080000000-0x000000013fffffff]
[    0.000000] psci: probing for conduit method from DT.
[    0.000000] psci: PSCIv1.0 detected in firmware.
[    0.000000] psci: Using standard PSCI v0.2 function IDs
[    0.000000] psci: MIGRATE_INFO_UP_CPU reported invalid physical ID (0x80000000)
[    0.000000] percpu: Embedded 23 pages/cpu @ffff8000bff42000 s56832 r8192 d29184 u94208
[    0.000000] Detected PIPT I-cache on CPU0
[    0.000000] CPU features: enabling workaround for ARM erratum 832075
[    0.000000] CPU features: enabling workaround for ARM erratum 834220
[    0.000000] Built 1 zonelists in Node order, mobility grouping on.  Total pages: 735336
[    0.000000] Policy zone: Normal
[    0.000000] Kernel command line: cros_secure vpr=0x08000000@0xf6800000 earlycon
[    0.000000] PID hash table entries: 4096 (order: 3, 32768 bytes)
[    0.000000] software IO TLB [mem 0xf1400000-0xf5400000] (64MB) mapped at [ffff800071400000-ffff8000753fffff]
[    0.000000] Memory: 2837892K/2988032K available (8700K kernel code, 970K rwdata, 4196K rodata, 1088K init, 395K bss, 133756K reserved, 16384K cma-reserved)
[    0.000000] Virtual kernel memory layout:
[    0.000000]     modules : 0xffff000000000000 - 0xffff000008000000   (   128 MB)
[    0.000000]     vmalloc : 0xffff000008000000 - 0xffff7dffbfff0000   (129022 GB)
[    0.000000]       .text : 0xffff000008080000 - 0xffff000008900000   (  8704 KB)
[    0.000000]     .rodata : 0xffff000008900000 - 0xffff000008d20000   (  4224 KB)
[    0.000000]       .init : 0xffff000008d20000 - 0xffff000008e30000   (  1088 KB)
[    0.000000]       .data : 0xffff000008e30000 - 0xffff000008f22a00   (   971 KB)
[    0.000000]        .bss : 0xffff000008f22a00 - 0xffff000008f85938   (   396 KB)
[    0.000000]     fixed   : 0xffff7dfffe7fd000 - 0xffff7dfffec00000   (  4108 KB)
[    0.000000]     PCI I/O : 0xffff7dfffee00000 - 0xffff7dffffe00000   (    16 MB)
[    0.000000]     vmemmap : 0xffff7e0000000000 - 0xffff800000000000   (  2048 GB maximum)
[    0.000000]               0xffff7e0000000000 - 0xffff7e0003000000   (    48 MB actual)
[    0.000000]     memory  : 0xffff800000000000 - 0xffff8000c0000000   (  3072 MB)
[    0.000000] SLUB: HWalign=64, Order=0-3, MinObjects=0, CPUs=4, Nodes=1
[    0.000000] Preemptible hierarchical RCU implementation.
[    0.000000] 	RCU restricting CPUs from NR_CPUS=64 to nr_cpu_ids=4.
[    0.000000] RCU: Adjusting geometry for rcu_fanout_leaf=16, nr_cpu_ids=4
[    0.000000] NR_IRQS:64 nr_irqs:64 0
[    0.000000] GIC: Using split EOI/Deactivate mode
[    0.000000] /interrupt-controller@60004000: 192 interrupts forwarded to /interrupt-controller@50041000
[    0.000000] boot misc0 0x0: expected 0x80000
[    0.000000]  (comparison mask = 0x400ffffb)
[    0.000000] boot misc2 0x1f720005: expected 0x1f720f05
[    0.000000]  (comparison mask = 0xffffff17)
[    0.000000] PLL_C already enabled. Postponing set full defaults
[    0.000000] PLL_MB already enabled. Postponing set full defaults
[    0.000000] PLL_U already enabled. Postponing set full defaults
[    0.000000] PLL_D already enabled. Postponing set full defaults
[    0.000000] PLL_DP already enabled. Postponing set full defaults
[    0.000000] boot misc0 0x0: expected 0x20
[    0.000000]  (comparison mask = 0x7ffffff)
[    0.000000] boot misc1 0x90000000: expected 0xc0000000
[    0.000000]  (comparison mask = 0xf8000000)
[    0.000000] boot misc2 0x0: expected 0xf400f0da
[    0.000000]  (comparison mask = 0xffffffff)
[    0.000000] boot misc3 0x4810: expected 0x2004f400
[    0.000000]  (comparison mask = 0xffffffff)
[    0.000000] PLL_P already enabled. Postponing set full defaults
[    0.000000] PLL_X already enabled. Postponing set full defaults
[    0.000000] boot misc1 0x0: expected 0x20
[    0.000000]  (comparison mask = 0xffffff)
[    0.000000] arm_arch_timer: Architected cp15 timer(s) running at 19.20MHz (phys).
[    0.000000] clocksource: arch_sys_counter: mask: 0xffffffffffffff max_cycles: 0x46d987e47, max_idle_ns: 440795202767 ns
[    0.000003] sched_clock: 56 bits at 19MHz, resolution 52ns, wraps every 4398046511078ns
[    0.008349] Console: colour dummy device 80x25
[    0.012917] console [tty0] enabled
[    0.016412] bootconsole [uart0] disabled
[    0.000000] Booting Linux on physical CPU 0x0
[    0.000000] Linux version 4.10.0-rc7-next-20170207-176036-geb60f01 (pwalmsley@tamien) (gcc version 4.9.2 20140904 (prerelease) (crosstool-NG linaro-1.13.1-4.9-2014.09 - Linaro GCC 4.9-2014.09) ) #1 SMP PREEMPT Mon Feb 6 22:24:35 PST 2017
[    0.000000] Boot CPU: AArch64 Processor [411fd071]
[    0.000000] efi: Getting EFI parameters from FDT:
[    0.000000] efi: UEFI not found.
[    0.000000] cma: Reserved 16 MiB at 0x00000000f5400000
[    0.000000] earlycon: uart0 at MMIO 0x0000000070006000 (options '115200n8')
[    0.000000] bootconsole [uart0] enabled
[    0.000000] NUMA: No NUMA configuration found
[    0.000000] NUMA: Faking a node at [mem 0x0000000000000000-0x000000013fffffff]
[    0.000000] NUMA: Adding memblock [0x80000000 - 0xf65fffff] on node 0
[    0.000000] NUMA: Adding memblock [0x100000000 - 0x13fffffff] on node 0
[    0.000000] NUMA: Initmem setup node 0 [mem 0x80000000-0x13fffffff]
[    0.000000] NUMA: NODE_DATA [mem 0x13ffa1400-0x13ffa2eff]
[    0.000000] Zone ranges:
[    0.000000]   DMA      [mem 0x0000000080000000-0x00000000ffffffff]
[    0.000000]   Normal   [mem 0x0000000100000000-0x000000013fffffff]
[    0.000000] Movable zone start for each node
[    0.000000] Early memory node ranges
[    0.000000]   node   0: [mem 0x0000000080000000-0x00000000f65fffff]
[    0.000000]   node   0: [mem 0x0000000100000000-0x000000013fffffff]
[    0.000000] Initmem setup node 0 [mem 0x0000000080000000-0x000000013fffffff]
[    0.000000] psci: probing for conduit method from DT.
[    0.000000] psci: PSCIv1.0 detected in firmware.
[    0.000000] psci: Using standard PSCI v0.2 function IDs
[    0.000000] psci: MIGRATE_INFO_UP_CPU reported invalid physical ID (0x80000000)
[    0.000000] percpu: Embedded 23 pages/cpu @ffff8000bff42000 s56832 r8192 d29184 u94208
[    0.000000] Detected PIPT I-cache on CPU0
[    0.000000] CPU features: enabling workaround for ARM erratum 832075
[    0.000000] CPU features: enabling workaround for ARM erratum 834220
[    0.000000] Built 1 zonelists in Node order, mobility grouping on.  Total pages: 735336
[    0.000000] Policy zone: Normal
[    0.000000] Kernel command line: cros_secure vpr=0x08000000@0xf6800000 earlycon
[    0.000000] PID hash table entries: 4096 (order: 3, 32768 bytes)
[    0.000000] software IO TLB [mem 0xf1400000-0xf5400000] (64MB) mapped at [ffff800071400000-ffff8000753fffff]
[    0.000000] Memory: 2837892K/2988032K available (8700K kernel code, 970K rwdata, 4196K rodata, 1088K init, 395K bss, 133756K reserved, 16384K cma-reserved)
[    0.000000] Virtual kernel memory layout:
[    0.000000]     modules : 0xffff000000000000 - 0xffff000008000000   (   128 MB)
[    0.000000]     vmalloc : 0xffff000008000000 - 0xffff7dffbfff0000   (129022 GB)
[    0.000000]       .text : 0xffff000008080000 - 0xffff000008900000   (  8704 KB)
[    0.000000]     .rodata : 0xffff000008900000 - 0xffff000008d20000   (  4224 KB)
[    0.000000]       .init : 0xffff000008d20000 - 0xffff000008e30000   (  1088 KB)
[    0.000000]       .data : 0xffff000008e30000 - 0xffff000008f22a00   (   971 KB)
[    0.000000]        .bss : 0xffff000008f22a00 - 0xffff000008f85938   (   396 KB)
[    0.000000]     fixed   : 0xffff7dfffe7fd000 - 0xffff7dfffec00000   (  4108 KB)
[    0.000000]     PCI I/O : 0xffff7dfffee00000 - 0xffff7dffffe00000   (    16 MB)
[    0.000000]     vmemmap : 0xffff7e0000000000 - 0xffff800000000000   (  2048 GB maximum)
[    0.000000]               0xffff7e0000000000 - 0xffff7e0003000000   (    48 MB actual)
[    0.000000]     memory  : 0xffff800000000000 - 0xffff8000c0000000   (  3072 MB)
[    0.000000] SLUB: HWalign=64, Order=0-3, MinObjects=0, CPUs=4, Nodes=1
[    0.000000] Preemptible hierarchical RCU implementation.
[    0.000000] 	RCU restricting CPUs from NR_CPUS=64 to nr_cpu_ids=4.
[    0.000000] RCU: Adjusting geometry for rcu_fanout_leaf=16, nr_cpu_ids=4
[    0.000000] NR_IRQS:64 nr_irqs:64 0
[    0.000000] GIC: Using split EOI/Deactivate mode
[    0.000000] /interrupt-controller@60004000: 192 interrupts forwarded to /interrupt-controller@50041000
[    0.000000] boot misc0 0x0: expected 0x80000
[    0.000000]  (comparison mask = 0x400ffffb)
[    0.000000] boot misc2 0x1f720005: expected 0x1f720f05
[    0.000000]  (comparison mask = 0xffffff17)
[    0.000000] PLL_C already enabled. Postponing set full defaults
[    0.000000] PLL_MB already enabled. Postponing set full defaults
[    0.000000] PLL_U already enabled. Postponing set full defaults
[    0.000000] PLL_D already enabled. Postponing set full defaults
[    0.000000] PLL_DP already enabled. Postponing set full defaults
[    0.000000] boot misc0 0x0: expected 0x20
[    0.000000]  (comparison mask = 0x7ffffff)
[    0.000000] boot misc1 0x90000000: expected 0xc0000000
[    0.000000]  (comparison mask = 0xf8000000)
[    0.000000] boot misc2 0x0: expected 0xf400f0da
[    0.000000]  (comparison mask = 0xffffffff)
[    0.000000] boot misc3 0x4810: expected 0x2004f400
[    0.000000]  (comparison mask = 0xffffffff)
[    0.000000] PLL_P already enabled. Postponing set full defaults
[    0.000000] PLL_X already enabled. Postponing set full defaults
[    0.000000] boot misc1 0x0: expected 0x20
[    0.000000]  (comparison mask = 0xffffff)
[    0.000000] arm_arch_timer: Architected cp15 timer(s) running at 19.20MHz (phys).
[    0.000000] clocksource: arch_sys_counter: mask: 0xffffffffffffff max_cycles: 0x46d987e47, max_idle_ns: 440795202767 ns
[    0.000003] sched_clock: 56 bits at 19MHz, resolution 52ns, wraps every 4398046511078ns
[    0.008349] Console: colour dummy device 80x25
[    0.012917] console [tty0] enabled
[    0.016412] bootconsole [uart0] disabled
[    0.020475] Calibrating delay loop (skipped), value calculated using timer frequency.. 38.40 BogoMIPS (lpj=76800)
[    0.020489] pid_max: default: 32768 minimum: 301
[    0.020536] Security Framework initialized
[    0.021109] Dentry cache hash table entries: 524288 (order: 10, 4194304 bytes)
[    0.022638] Inode-cache hash table entries: 262144 (order: 9, 2097152 bytes)
[    0.023284] Mount-cache hash table entries: 8192 (order: 4, 65536 bytes)
[    0.023300] Mountpoint-cache hash table entries: 8192 (order: 4, 65536 bytes)
[    0.032480] ASID allocator initialised with 65536 entries
[    0.053209] Speedo Revision 4
[    0.053228] Tegra Revision: A02 SKU: 19 CPU Process: 0 SoC Process: 0
[    0.100625] EFI services will not be available.
[    0.116579] smp: Bringing up secondary CPUs ...
[    0.148711] Detected PIPT I-cache on CPU1
[    0.148737] CPU1: Booted secondary processor [411fd071]
[    0.180739] Detected PIPT I-cache on CPU2
[    0.180756] CPU2: Booted secondary processor [411fd071]
[    0.212777] Detected PIPT I-cache on CPU3
[    0.212795] CPU3: Booted secondary processor [411fd071]
[    0.212829] smp: Brought up 1 node, 4 CPUs
[    0.212860] SMP: Total of 4 processors activated.
[    0.212868] CPU features: detected feature: 32-bit EL0 Support
[    0.212908] CPU: All CPU(s) started at EL2
[    0.212929] alternatives: patching kernel code
[    0.215380] devtmpfs: initialized
[    0.220289] DMI not present or invalid.
[    0.220429] clocksource: jiffies: mask: 0xffffffff max_cycles: 0xffffffff, max_idle_ns: 7645041785100000 ns
[    0.220679] pinctrl core: initialized pinctrl subsystem
[    0.221680] NET: Registered protocol family 16
[    0.222803] cpuidle: using governor menu
[    0.223280] vdso: 2 pages (1 code @ ffff000008907000, 1 data @ ffff000008e35000)
[    0.223304] hw-breakpoint: found 6 breakpoint and 4 watchpoint registers.
[    0.223764] DMA: preallocated 256 KiB pool for atomic allocations
[    0.224909] Serial: AMBA PL011 UART driver
[    0.241173] HugeTLB registered 2 MB page size, pre-allocated 0 pages
[    0.241729] ACPI: Interpreter disabled.
[    0.242098] PPLCD_VDD: Failed to request enable GPIO172: -517
[    0.242116] reg-fixed-voltage regulators:regulator@1: Failed to register regulator: -517
[    0.242430] PP1800_LCDIO: Failed to request enable GPIO171: -517
[    0.242445] reg-fixed-voltage regulators:regulator@5: Failed to register regulator: -517
[    0.242490] PP1800_CAM: Failed to request enable GPIO83: -517
[    0.242504] reg-fixed-voltage regulators:regulator@6: Failed to register regulator: -517
[    0.242906] vgaarb: loaded
[    0.243040] SCSI subsystem initialized
[    0.244976] usbcore: registered new interface driver usbfs
[    0.245013] usbcore: registered new interface driver hub
[    0.245059] usbcore: registered new device driver usb
[    0.245668] tegra-i2c 7000d100.i2c: could not find pctldev for node /host1x@50000000/dpaux@545c0000/pinmux-i2c, deferring probe
[    0.245753] pps_core: LinuxPPS API ver. 1 registered
[    0.245764] pps_core: Software ver. 5.3.6 - Copyright 2005-2007 Rodolfo Giometti <giometti@linux.it>
[    0.245788] PTP clock support registered
[    0.245867] dmi: Firmware registration failed.
[    0.246321] Advanced Linux Sound Architecture Driver Initialized.
[    0.246721] clocksource: Switched to clocksource arch_sys_counter
[    0.246805] VFS: Disk quotas dquot_6.6.0
[    0.246845] VFS: Dquot-cache hash table entries: 512 (order 0, 4096 bytes)
[    0.246971] pnp: PnP ACPI: disabled
[    0.250746] NET: Registered protocol family 2
[    0.251099] TCP established hash table entries: 32768 (order: 6, 262144 bytes)
[    0.251276] TCP bind hash table entries: 32768 (order: 7, 524288 bytes)
[    0.251476] TCP: Hash tables configured (established 32768 bind 32768)
[    0.251572] UDP hash table entries: 2048 (order: 4, 65536 bytes)
[    0.251610] UDP-Lite hash table entries: 2048 (order: 4, 65536 bytes)
[    0.251716] NET: Registered protocol family 1
[    0.255906] RPC: Registered named UNIX socket transport module.
[    0.255919] RPC: Registered udp transport module.
[    0.255928] RPC: Registered tcp transport module.
[    0.255937] RPC: Registered tcp NFSv4.1 backchannel transport module.
[    0.256051] Unpacking initramfs...
[    0.342444] Freeing initrd memory: 2364K
[    0.342816] kvm [1]: 8-bit VMID
[    0.342831] kvm [1]: IDMAP page: 808e9000
[    0.342841] kvm [1]: HYP VA range: 800000000000:ffffffffffff
[    0.343411] kvm [1]: Hyp mode initialized successfully
[    0.343453] kvm [1]: vgic-v2@50044000
[    0.343520] kvm [1]: vgic interrupt IRQ1
[    0.343537] kvm [1]: virtual timer IRQ4
[    0.345006] futex hash table entries: 1024 (order: 5, 131072 bytes)
[    0.345071] audit: initializing netlink subsys (disabled)
[    0.345144] audit: type=2000 audit(0.331:1): state=initialized audit_enabled=0 res=1
[    0.345399] workingset: timestamp_bits=44 max_order=20 bucket_order=0
[    0.351137] squashfs: version 4.0 (2009/01/31) Phillip Lougher
[    0.355555] NFS: Registering the id_resolver key type
[    0.355579] Key type id_resolver registered
[    0.355589] Key type id_legacy registered
[    0.355604] nfs4filelayout_init: NFSv4 File Layout Driver Registering...
[    0.355697] 9p: Installing v9fs 9p2000 file system support
[    0.356952] Block layer SCSI generic (bsg) driver version 0.4 loaded (major 247)
[    0.356972] io scheduler noop registered
[    0.357098] io scheduler cfq registered (default)
[    0.357110] io scheduler mq-deadline registered
[    0.358562] usb3-0 supply vbus not found, using dummy regulator
[    0.368244] tegra-apbdma 60020000.dma: Tegra20 APB DMA driver register 32 channels
[    0.369256] tegra-pmc 7000e400.pmc: i2c-thermtrip node not found, emergency thermal reset disabled.
[    0.369489] xenfs: not registering filesystem on non-xen platform
[    0.372171] Serial: 8250/16550 driver, 4 ports, IRQ sharing enabled
[    0.373269] 70006000.serial: ttyS0 at MMIO 0x70006000 (irq = 313, base_baud = 25500000) is a Tegra
[    1.406974] console [ttyS0] enabled
[    1.410756] SuperH (H)SCI(F) driver initialized
[    1.415481] msm_serial: driver initialized
[    1.419814] cacheinfo: Unable to detect cache hierarchy for CPU 0
[    1.429082] loop: module loaded
[    1.436955] cros-ec-i2c 0-001e: Chrome EC device registered
[    1.443124] max77620 1-003c: PMIC Version OTP:0x35 and ES:0x8
[    1.456142] PP1200_RCAM: Bringing 1050000uV into 1200000-1200000uV
[    1.463310] PP2800L_RCAM: Bringing 3100000uV into 2800000-2800000uV
[    1.470017] PP1100_SOC_RTC: Bringing 1000000uV into 850000-850000uV
[    1.476878] PP2800L_FCAM: Bringing 3100000uV into 2800000-2800000uV
[    1.483374] random: fast init done
[    1.487003] PP_LDO6: Bringing 2800000uV into 1800000-1800000uV
[    1.495870] hisi_sas: driver version v1.6
[    1.501768] libphy: Fixed MDIO Bus: probed
[    1.506324] tun: Universal TUN/TAP device driver, 1.6
[    1.511377] tun: (C) 1999-2004 Max Krasnyansky <maxk@qualcomm.com>
[    1.518322] e1000e: Intel(R) PRO/1000 Network Driver - 3.2.6-k
[    1.524155] e1000e: Copyright(c) 1999 - 2015 Intel Corporation.
[    1.530123] igb: Intel(R) Gigabit Ethernet Network Driver - version 5.4.0-k
[    1.537080] igb: Copyright (c) 2007-2014 Intel Corporation.
[    1.542697] igbvf: Intel(R) Gigabit Virtual Function Network Driver - version 2.4.0-k
[    1.550526] igbvf: Copyright (c) 2009 - 2012 Intel Corporation.
[    1.556491] sky2: driver version 1.30
[    1.560537] VFIO - User Level meta-driver version: 0.3
[    1.567070] ehci_hcd: USB 2.0 'Enhanced' Host Controller (EHCI) Driver
[    1.573599] ehci-pci: EHCI PCI platform driver
[    1.578083] ehci-platform: EHCI generic platform driver
[    1.583400] ehci-exynos: EHCI EXYNOS driver
[    1.587657] ehci-msm: Qualcomm On-Chip EHCI Host Controller
[    1.593296] ohci_hcd: USB 1.1 'Open' Host Controller (OHCI) Driver
[    1.599482] ohci-pci: OHCI PCI platform driver
[    1.603972] ohci-platform: OHCI generic platform driver
[    1.609270] ohci-exynos: OHCI EXYNOS driver
[    1.675367] tegra-xusb 70090000.usb: Firmware timestamp: 2015-08-10 09:47:54 UTC
[    1.682780] tegra-xusb 70090000.usb: xHCI Host Controller
[    1.688190] tegra-xusb 70090000.usb: new USB bus registered, assigned bus number 1
[    1.696721] tegra-xusb 70090000.usb: hcc params 0x0184f525 hci version 0x100 quirks 0x00010010
[    1.705356] tegra-xusb 70090000.usb: irq 319, io mem 0x70090000
[    1.711635] hub 1-0:1.0: USB hub found
[    1.715407] hub 1-0:1.0: 5 ports detected
[    1.719684] tegra-xusb 70090000.usb: xHCI Host Controller
[    1.725089] tegra-xusb 70090000.usb: new USB bus registered, assigned bus number 2
[    1.732704] usb usb2: We don't know the algorithms for LPM for this host, disabling LPM.
[    1.741047] hub 2-0:1.0: USB hub found
[    1.744816] hub 2-0:1.0: 4 ports detected
[    1.749260] usbcore: registered new interface driver usb-storage
[    1.883407] max77686-rtc max77620-rtc: rtc core: registered max77620-rtc as rtc0
[    1.891369] tegra_rtc 7000e000.rtc: rtc core: registered 7000e000.rtc as rtc1
[    1.898523] tegra_rtc 7000e000.rtc: Tegra internal Real Time Clock
[    1.904781] i2c /dev entries driver
[    1.909545] (NULL device *): hwmon_device_register() is deprecated. Please convert the driver to use hwmon_device_register_with_info().
[    1.921762] bq27xxx-battery 2-0055: support ver. 1.2.0 enabled
[    1.943947] sdhci: Secure Digital Host Controller Interface driver
[    1.950158] sdhci: Copyright(c) Pierre Ossman
[    1.954697] Synopsys Designware Multimedia Card Interface Driver
[    1.961099] sdhci-pltfm: SDHCI platform and OF driver helper
[    1.966984] mmc0: Unknown controller version (3). You may experience problems.
[    2.018759] mmc0: SDHCI controller on 700b0600.sdhci [700b0600.sdhci] using ADMA 64-bit
[    2.029397] ledtrig-cpu: registered to indicate activity on CPUs
[    2.039217] usbcore: registered new interface driver usbhid
[    2.044872] usbhid: USB HID core driver
[    2.050078] NET: Registered protocol family 17
[    2.054660] 9pnet: Installing 9P2000 support
[    2.059051] Key type dns_resolver registered
[    2.066846] registered taskstats version 1
[    2.075896] tegra-i2c 7000d100.i2c: could not find pctldev for node /host1x@50000000/dpaux@545c0000/pinmux-i2c, deferring probe
[    2.088345] input: gpio-keys as /devices/platform/gpio-keys/input/input0
[    2.095288] tegra-i2c 7000d100.i2c: could not find pctldev for node /host1x@50000000/dpaux@545c0000/pinmux-i2c, deferring probe
[    2.122940] mmc0: new high speed MMC card at address 0001
[    2.128572] mmcblk0: mmc0:0001 BGND3R 29.1 GiB 
[    2.133217] mmcblk0boot0: mmc0:0001 BGND3R partition 1 4.00 MiB
[    2.139249] max77686-rtc max77620-rtc: setting system clock to 2000-11-18 11:52:21 UTC (974548341)
[    2.139263] mmcblk0boot1: mmc0:0001 BGND3R partition 2 4.00 MiB
[    2.139361] mmcblk0rpmb: mmc0:0001 BGND3R partition 3 4.00 MiB
[    2.141759]  mmcblk0: p1 p2 p3 p4 p5 p6 p7 p8 p9 p10 p11
[    2.143207] tegra-i2c 7000d100.i2c: could not find pctldev for node /host1x@50000000/dpaux@545c0000/pinmux-i2c, deferring probe
[    2.177147] PP1200_AVDD: disabling
[    2.180628] PP1200_RCAM: disabling
[    2.184093] PP2800L_RCAM: disabling
[    2.187646] PP2800L_FCAM: disabling
[    2.191196] PP_LDO6: disabling
[    2.194305] PPLCD_VDD: disabling
[    2.197538] PP1800_LCDIO: disabling
[    2.201028] PP1800_CAM: disabling
[    2.204343] ALSA device list:
[    2.207310]   No soundcards found.
[    2.211204] Freeing unused kernel memory: 1088K

System initialization...

Mounting /proc :[SUCCESS]
Mounting /sys :[SUCCESS]
Mounting /dev :[SUCCESS]
Mounting /dev/pts :[SUCCESS]
Mounting /sys/kernel/debug :[SUCCESS]
Mounting other filesystems :[SUCCESS]
Enabling hot-plug :[SUCCESS]
Populating /dev :[SUCCESS]
Starting syslogd :[SUCCESS]
Starting telnetd :[SUCCESS]

System initialization complete.

Please press Enter to activate this console. 