
U-Boot SPL 2015.04-rc3-00209-ga74ef40 (Mar 16 2015 - 14:43:39)


U-Boot 2015.04-rc3-00209-ga74ef40 (Mar 16 2015 - 14:43:39)

TEGRA20
Model: Compulab TrimSlice board
DRAM:  1 GiB
MMC:   Tegra SD/MMC: 0, Tegra SD/MMC: 1
SF: Detected W25Q80BL with page size 256 Bytes, erase size 4 KiB, total 1 MiB
tegra-pcie: PCI regions:
tegra-pcie:   I/O: 0x82000000-0x82010000
tegra-pcie:   non-prefetchable memory: 0xa0000000-0xa8000000
tegra-pcie:   prefetchable memory: 0xa8000000-0xc0000000
tegra-pcie: dual-mode configuration
tegra-pcie: probing port 0, using 2 lanes
In:    serial
Out:   serial
Err:   serial
Net:   RTL8169#0
Hit any key to stop autoboot:  2  0 
Tegra20 (TrimSlice) # 
Tegra20 (TrimSlice) # usb reset
resetting USB...
USB0:   USB EHCI 1.00
scanning bus 0 for devices... 3 USB Device(s) found
USB1:   USB EHCI 1.00
scanning bus 1 for devices... 1 USB Device(s) found
USB2:   lowlevel init failed
       scanning usb for storage devices... 0 Storage Device(s) found
       scanning usb for ethernet devices... 
Warning: asx0 using MAC address from net device
1 Ethernet Device(s) found
Tegra20 (TrimSlice) # setenv bootargs 'ignore_loglevel console=ttyS0,115200n8 rw root=PARTUUID=11eb23c1-01 rootwait gpt debug noinitrd earlyprintk init=/bin/bash'
Tegra20 (TrimSlice) # setenv ipaddr 192.168.100.103; setenv serverip 192.168.100.1; setenv tftpserverip 192.168.100.1
Tegra20 (TrimSlice) # tftpboot 0x00408000 zImage.tegra_defconfig
Using RTL8169#0 device
TFTP from server 192.168.100.1; our IP address is 192.168.100.103
Filename 'zImage.tegra_defconfig'.
Load address: 0x408000
Loading: *#################################################################
	 #################################################################
	 #################################################################
	 #################################################################
	 #################################################################
	 #################################################################
	 ###############################
	 4 MiB/s
done
Bytes transferred = 6168840 (5e2108 hex)
Tegra20 (TrimSlice) # tftpboot 0x02408000 tegra20-trimslice.dtb
Using RTL8169#0 device
TFTP from server 192.168.100.1; our IP address is 192.168.100.103
Filename 'tegra20-trimslice.dtb'.
Load address: 0x2408000
Loading: *##
	 3.4 MiB/s
done
Bytes transferred = 21160 (52a8 hex)
Tegra20 (TrimSlice) # bootz 0x00408000 - 0x02408000
Kernel image @ 0x408000 [ 0x000000 - 0x5e2108 ]
## Flattened Device Tree blob at 02408000
   Booting using the fdt blob at 0x2408000
   Using Device Tree in place at 02408000, end 024102a7

Starting kernel ...

[    0.000000] Booting Linux on physical CPU 0x0
[    0.000000] Linux version 4.15.0-rc3-next-20171214-19407-g6084b57 (jonathanh@kaivo) (gcc version 4.7.3 20130328 (prerelease) (crosstool-NG linaro-1.13.1-4.7-2013.04-20130415 - Linaro GCC 2013.04)) #1 SMP PREEMPT Wed Dec 13 23:17:33 PST 2017
[    0.000000] CPU: ARMv7 Processor [411fc090] revision 0 (ARMv7), cr=10c5387d
[    0.000000] CPU: PIPT / VIPT nonaliasing data cache, VIPT aliasing instruction cache
[    0.000000] OF: fdt: Machine model: Compulab TrimSlice board
[    0.000000] debug: ignoring loglevel setting.
[    0.000000] bootconsole [earlycon0] enabled
[    0.000000] Memory policy: Data cache writealloc
[    0.000000] cma: Reserved 64 MiB at 0x3c000000
[    0.000000] On node 0 totalpages: 262144
[    0.000000]   Normal zone: 1536 pages used for memmap
[    0.000000]   Normal zone: 0 pages reserved
[    0.000000]   Normal zone: 196608 pages, LIFO batch:31
[    0.000000]   HighMem zone: 65536 pages, LIFO batch:15
[    0.000000] random: fast init done
[    0.000000] percpu: Embedded 17 pages/cpu @(ptrval) s39104 r8192 d22336 u69632
[    0.000000] pcpu-alloc: s39104 r8192 d22336 u69632 alloc=17*4096
[    0.000000] pcpu-alloc: [0] 0 [0] 1 
[    0.000000] Built 1 zonelists, mobility grouping on.  Total pages: 260608
[    0.000000] Kernel command line: ignore_loglevel console=ttyS0,115200n8 rw root=PARTUUID=11eb23c1-01 rootwait gpt debug noinitrd earlyprintk init=/bin/bash
[    0.000000] Dentry cache hash table entries: 131072 (order: 7, 524288 bytes)
[    0.000000] Inode-cache hash table entries: 65536 (order: 6, 262144 bytes)
[    0.000000] Memory: 959428K/1048576K available (9216K kernel code, 771K rwdata, 2564K rodata, 1024K init, 298K bss, 23612K reserved, 65536K cma-reserved, 196608K highmem)
[    0.000000] Virtual kernel memory layout:
[    0.000000]     vector  : 0xffff0000 - 0xffff1000   (   4 kB)
[    0.000000]     fixmap  : 0xffc00000 - 0xfff00000   (3072 kB)
[    0.000000]     vmalloc : 0xf0800000 - 0xff800000   ( 240 MB)
[    0.000000]     lowmem  : 0xc0000000 - 0xf0000000   ( 768 MB)
[    0.000000]     pkmap   : 0xbfe00000 - 0xc0000000   (   2 MB)
[    0.000000]     modules : 0xbf000000 - 0xbfe00000   (  14 MB)
[    0.000000]       .text : 0x(ptrval) - 0x(ptrval)   (10208 kB)
[    0.000000]       .init : 0x(ptrval) - 0x(ptrval)   (1024 kB)
[    0.000000]       .data : 0x(ptrval) - 0x(ptrval)   ( 772 kB)
[    0.000000]        .bss : 0x(ptrval) - 0x(ptrval)   ( 299 kB)
[    0.000000] Preemptible hierarchical RCU implementation.
[    0.000000] 	RCU restricting CPUs from NR_CPUS=4 to nr_cpu_ids=2.
[    0.000000] 	Tasks RCU enabled.
[    0.000000] RCU: Adjusting geometry for rcu_fanout_leaf=16, nr_cpu_ids=2
[    0.000000] NR_IRQS: 16, nr_irqs: 16, preallocated irqs: 16
[    0.000000] /interrupt-controller@60004000: 128 interrupts forwarded to /interrupt-controller@50041000
[    0.000000] L2C: platform modifies aux control register: 0x02080000 -> 0x3e480001
[    0.000000] L2C: DT/platform modifies aux control register: 0x02080000 -> 0x3e480001
[    0.000000] L2C-310 errata 727915 769419 enabled
[    0.000000] L2C-310 enabling early BRESP for Cortex-A9
[    0.000000] L2C-310: enabling full line of zeros but not enabled in Cortex-A9
[    0.000000] L2C-310 ID prefetch enabled, offset 1 lines
[    0.000000] L2C-310 cache controller enabled, 8 ways, 1024 kB
[    0.000000] L2C-310: CACHE_ID 0x410000c4, AUX_CTRL 0x7e480001
[    0.000010] sched_clock: 32 bits at 1000kHz, resolution 1000ns, wraps every 2147483647500ns
[    0.008266] clocksource: timer_us: mask: 0xffffffff max_cycles: 0xffffffff, max_idle_ns: 1911260446275 ns
[    0.017796] Switching to timer-based delay loop, resolution 1000ns
[    0.024467] Console: colour dummy device 80x30
[    0.028828] Calibrating delay loop (skipped), value calculated using timer frequency.. 2.00 BogoMIPS (lpj=10000)
[    0.038965] pid_max: default: 32768 minimum: 301
[    0.043668] Mount-cache hash table entries: 2048 (order: 1, 8192 bytes)
[    0.050196] Mountpoint-cache hash table entries: 2048 (order: 1, 8192 bytes)
[    0.057666] CPU: Testing write buffer coherency: ok
[    0.062663] CPU0: thread -1, cpu 0, socket 0, mpidr 80000000
[    0.100008] Setting up static identity map for 0x100000 - 0x1000a0
[    0.106198] Hierarchical SRCU implementation.
[    0.130312] Tegra Revision: A03 prime SKU: 8 CPU Process: 1 SoC Process: 2
[    0.149976] smp: Bringing up secondary CPUs ...
[    0.200287] CPU1: thread -1, cpu 1, socket 0, mpidr 80000001
[    0.200378] smp: Brought up 1 node, 2 CPUs
[    0.210050] SMP: Total of 2 processors activated (4.00 BogoMIPS).
[    0.216078] CPU: All CPU(s) started in SVC mode.
[    0.221399] devtmpfs: initialized
[    0.230202] Built 1 zonelists, mobility grouping on.  Total pages: 256241
[    0.237231] VFP support v0.3: implementor 41 architecture 3 part 30 variant 9 rev 1
[    0.245057] clocksource: jiffies: mask: 0xffffffff max_cycles: 0xffffffff, max_idle_ns: 19112604462750000 ns
[    0.254801] futex hash table entries: 512 (order: 3, 32768 bytes)
[    0.261029] pinctrl core: initialized pinctrl subsystem
[    0.266731] NET: Registered protocol family 16
[    0.272736] DMA: preallocated 256 KiB pool for atomic coherent allocations
[    0.280171] cpuidle: using governor menu
[    0.294775] No ATAGs?
[    0.294848] hw-breakpoint: found 5 (+1 reserved) breakpoint and 1 watchpoint registers.
[    0.305026] hw-breakpoint: maximum watchpoint size is 4 bytes.
[    0.319049] usb1_vbus: Failed to request enable GPIO170: -517
[    0.324752] reg-fixed-voltage regulators:regulator@2: Failed to register regulator: -517
[    0.335115] vgaarb: loaded
[    0.338007] SCSI subsystem initialized
[    0.341824] libata version 3.00 loaded.
[    0.345698] usbcore: registered new interface driver usbfs
[    0.351138] usbcore: registered new interface driver hub
[    0.356424] usbcore: registered new device driver usb
[    0.362750] Linux video capture interface: v2.00
[    0.367294] pps_core: LinuxPPS API ver. 1 registered
[    0.372227] pps_core: Software ver. 5.3.6 - Copyright 2005-2007 Rodolfo Giometti <giometti@linux.it>
[    0.381331] PTP clock support registered
[    0.385455] Advanced Linux Sound Architecture Driver Initialized.
[    0.391793] Bluetooth: Core ver 2.22
[    0.395293] NET: Registered protocol family 31
[    0.399692] Bluetooth: HCI device and connection manager initialized
[    0.406042] Bluetooth: HCI socket layer initialized
[    0.410887] Bluetooth: L2CAP socket layer initialized
[    0.415916] Bluetooth: SCO socket layer initialized
[    0.421216] clocksource: Switched to clocksource timer_us
[    0.471253] NET: Registered protocol family 2
[    0.475984] tcp_listen_portaddr_hash hash table entries: 512 (order: 0, 6144 bytes)
[    0.483588] TCP established hash table entries: 8192 (order: 3, 32768 bytes)
[    0.490619] TCP bind hash table entries: 8192 (order: 4, 65536 bytes)
[    0.497094] TCP: Hash tables configured (established 8192 bind 8192)
[    0.503485] UDP hash table entries: 512 (order: 2, 16384 bytes)
[    0.509351] UDP-Lite hash table entries: 512 (order: 2, 16384 bytes)
[    0.515808] NET: Registered protocol family 1
[    0.520401] RPC: Registered named UNIX socket transport module.
[    0.526247] RPC: Registered udp transport module.
[    0.530901] RPC: Registered tcp transport module.
[    0.535596] RPC: Registered tcp NFSv4.1 backchannel transport module.
[    0.542315] PCI: CLS 0 bytes, default 64
[    0.546765] hw perfevents: no interrupt-affinity property for /pmu, guessing.
[    0.553982] hw perfevents: enabled with armv7_cortex_a9 PMU driver, 7 counters available
[    0.562745] Initialise system trusted keyrings
[    0.567209] workingset: timestamp_bits=30 max_order=18 bucket_order=0
[    0.573923] squashfs: version 4.0 (2009/01/31) Phillip Lougher
[    0.579855] NFS: Registering the id_resolver key type
[    0.584845] Key type id_resolver registered
[    0.588967] Key type id_legacy registered
[    0.596410] Key type asymmetric registered
[    0.600412] Asymmetric key parser 'x509' registered
[    0.605315] bounce: pool size: 64 pages
[    0.609086] io scheduler noop registered (default)
[    0.613862] io scheduler mq-deadline registered
[    0.618352] io scheduler kyber registered
[    0.625399] tegra-pcie 80003000.pcie: dual-mode configuration
[    0.631816] tegra-pcie 80003000.pcie: probing port 0, using 2 lanes
[    0.708508] tegra-pcie 80003000.pcie: PCI host bridge to bus 0000:00
[    0.714790] pci_bus 0000:00: root bus resource [io  0x0000-0xffff]
[    0.720916] pci_bus 0000:00: root bus resource [mem 0xa0000000-0xa7ffffff]
[    0.727777] pci_bus 0000:00: root bus resource [mem 0xa8000000-0xbfffffff pref]
[    0.735055] pci_bus 0000:00: root bus resource [bus 00-ff]
[    0.740526] pci 0000:00:01.0: [10de:0bf0] type 01 class 0x060000
[    0.746507] pci_bus 0000:00: 2-byte config write to 0000:00:01.0 offset 0x4 may corrupt adjacent RW1C bits
[    0.756118] pci_bus 0000:00: 2-byte config write to 0000:00:01.0 offset 0x4 may corrupt adjacent RW1C bits
[    0.765745] pci 0000:00:01.0: enabling Extended Tags
[    0.770665] pci_bus 0000:00: 2-byte config write to 0000:00:01.0 offset 0x88 may corrupt adjacent RW1C bits
[    0.780401] pci_bus 0000:00: 2-byte config write to 0000:00:01.0 offset 0x52 may corrupt adjacent RW1C bits
[    0.790105] pci 0000:00:01.0: PME# supported from D0 D1 D2 D3hot D3cold
[    0.796678] pci_bus 0000:00: 2-byte config write to 0000:00:01.0 offset 0x4c may corrupt adjacent RW1C bits
[    0.806531] pci_bus 0000:00: 2-byte config write to 0000:00:01.0 offset 0x3e may corrupt adjacent RW1C bits
[    0.816186] pci_bus 0000:00: 2-byte config write to 0000:00:01.0 offset 0x4 may corrupt adjacent RW1C bits
[    0.825801] pci_bus 0000:00: 1-byte config write to 0000:00:01.0 offset 0xc may corrupt adjacent RW1C bits
[    0.835416] PCI: bus0: Fast back to back transfers disabled
[    0.840955] pci 0000:00:01.0: bridge configuration invalid ([bus 00-00]), reconfiguring
[    0.848946] pci_bus 0000:00: 2-byte config write to 0000:00:01.0 offset 0x3e may corrupt adjacent RW1C bits
[    0.858649] pci_bus 0000:00: 2-byte config write to 0000:00:01.0 offset 0x3e may corrupt adjacent RW1C bits
[    0.868451] pci 0000:01:00.0: [10ec:8168] type 00 class 0x020000
[    0.874394] pci 0000:01:00.0: reg 0x10: [io  0x0000-0x00ff]
[    0.879922] pci 0000:01:00.0: reg 0x18: [mem 0x00000000-0x00000fff 64bit pref]
[    0.887124] pci 0000:01:00.0: reg 0x20: [mem 0x00000000-0x00003fff 64bit pref]
[    0.894311] pci 0000:01:00.0: reg 0x30: [mem 0x00000000-0x0001ffff pref]
[    0.901076] PCI: bus1: Fast back to back transfers disabled
[    0.906571] pci_bus 0000:01: busn_res: [bus 01-ff] end is updated to 01
[    0.913172] pci 0000:00:01.0: BAR 8: assigned [mem 0xa0000000-0xa00fffff]
[    0.919901] pci 0000:00:01.0: BAR 9: assigned [mem 0xa8000000-0xa80fffff 64bit pref]
[    0.927627] pci 0000:00:01.0: BAR 7: assigned [io  0x1000-0x1fff]
[    0.933695] pci 0000:01:00.0: BAR 6: assigned [mem 0xa0000000-0xa001ffff pref]
[    0.940874] pci 0000:01:00.0: BAR 4: assigned [mem 0xa8000000-0xa8003fff 64bit pref]
[    0.948608] pci 0000:01:00.0: BAR 2: assigned [mem 0xa8004000-0xa8004fff 64bit pref]
[    0.956320] pci 0000:01:00.0: BAR 0: assigned [io  0x1000-0x10ff]
[    0.962381] pci 0000:00:01.0: PCI bridge to [bus 01]
[    0.967305] pci 0000:00:01.0:   bridge window [io  0x1000-0x1fff]
[    0.973390] pci 0000:00:01.0:   bridge window [mem 0xa0000000-0xa00fffff]
[    0.980133] pci 0000:00:01.0:   bridge window [mem 0xa8000000-0xa80fffff 64bit pref]
[    0.987873] pci 0000:00:01.0: nv_msi_ht_cap_quirk didn't locate host bridge
[    0.994834] Disabling cpuidle LP2 state, since PCIe IRQs are in use
[    1.001041] pcieport 0000:00:01.0: enabling device (0140 -> 0143)
[    1.007277] pcieport 0000:00:01.0: Signaling PME with IRQ 295
[    1.014850] tegra-apbdma 6000a000.dma: Tegra20 APB DMA driver register 16 channels
[    1.023513] Serial: 8250/16550 driver, 4 ports, IRQ sharing disabled
[    1.030931] console [ttyS0] disabled
[    1.034466] 70006000.serial: ttyS0 at MMIO 0x70006000 (irq = 279, base_baud = 13500000) is a Tegra
[    1.043386] console [ttyS0] enabled
[    1.043386] console [ttyS0] enabled
[    1.050273] bootconsole [earlycon0] disabled
[    1.050273] bootconsole [earlycon0] disabled
[    1.060644] tegra-hdmi 54280000.hdmi: 54280000.hdmi supply hdmi not found, using dummy regulator
[    1.071571] [drm] Supports vblank timestamp caching Rev 2 (21.10.2013).
[    1.078169] [drm] No driver support for vblank timestamp query.
[    1.084153] [drm] Cannot find any crtc or sizes
[    1.088734] [drm] Cannot find any crtc or sizes
[    1.091293] [drm] Initialized tegra 0.0.0 20120330 for drm on minor 0
[    1.098355] loop: module loaded
[    1.103018] m25p80 spi0.0: found s25fl008k, expected w25q80bl
[    1.108832] m25p80 spi0.0: s25fl008k (1024 Kbytes)
[    1.124876] libphy: Fixed MDIO Bus: probed
[    1.128963] CAN device driver interface
[    1.132832] igb: Intel(R) Gigabit Ethernet Network Driver - version 5.4.0-k
[    1.139776] igb: Copyright (c) 2007-2014 Intel Corporation.
[    1.145480] r8169 Gigabit Ethernet driver 2.3LK-NAPI loaded
[    1.151061] r8169 0000:01:00.0: enabling device (0140 -> 0143)
[    1.156927] r8169 0000:01:00.0 (unnamed net_device) (uninitialized): not PCI Express
[    1.165141] r8169 0000:01:00.0 eth0: RTL8168d/8111d at 0x351ea378, 00:01:c0:13:7d:63, XID 081000c0 IRQ 286
[    1.174803] r8169 0000:01:00.0 eth0: jumbo features [frames: 9200 bytes, tx checksumming: ko]
[    1.183403] pegasus: v0.9.3 (2013/04/25), Pegasus/Pegasus II USB Ethernet driver
[    1.190825] usbcore: registered new interface driver pegasus
[    1.196520] usbcore: registered new interface driver asix
[    1.201948] usbcore: registered new interface driver ax88179_178a
[    1.208046] usbcore: registered new interface driver cdc_ether
[    1.213918] usbcore: registered new interface driver smsc75xx
[    1.219679] usbcore: registered new interface driver smsc95xx
[    1.225451] usbcore: registered new interface driver net1080
[    1.231116] usbcore: registered new interface driver cdc_subset
[    1.237064] usbcore: registered new interface driver zaurus
[    1.242673] usbcore: registered new interface driver cdc_ncm
[    1.248554] tegra-phy c5004000.usb-phy: no vbus regulator
[    1.255064] tegra-phy c5008000.usb-phy: no vbus regulator
[    1.260528] ehci_hcd: USB 2.0 'Enhanced' Host Controller (EHCI) Driver
[    1.267058] ehci-pci: EHCI PCI platform driver
[    1.271534] tegra-ehci: Tegra EHCI driver
[    1.332201] ulpi_phy_power_on: ulpi write failed
[    1.336809] tegra-ehci c5004000.usb: Failed to power on the phy
[    1.342745] tegra-ehci: probe of c5004000.usb failed with error -110
[    1.351713] tegra-ehci c5008000.usb: EHCI Host Controller
[    1.357115] tegra-ehci c5008000.usb: new USB bus registered, assigned bus number 1
[    1.364834] tegra-ehci c5008000.usb: irq 290, io mem 0xc5008000
[    1.391241] tegra-ehci c5008000.usb: USB 2.0 started, EHCI 1.00
[    1.397632] hub 1-0:1.0: USB hub found
[    1.401428] hub 1-0:1.0: 1 port detected
[    1.405868] usbcore: registered new interface driver cdc_acm
[    1.411534] cdc_acm: USB Abstract Control Model driver for USB modems and ISDN adapters
[    1.419548] usbcore: registered new interface driver cdc_wdm
[    1.425271] usbcore: registered new interface driver usb-storage
[    1.433070] rtc-em3027 2-0056: rtc core: registered rtc-em3027 as rtc0
[    1.439981] tegra_rtc 7000e000.rtc: rtc core: registered 7000e000.rtc as rtc1
[    1.447159] tegra_rtc 7000e000.rtc: Tegra internal Real Time Clock
[    1.453490] i2c /dev entries driver
[    1.457398] usbcore: registered new interface driver uvcvideo
[    1.463148] USB Video Class driver (1.1.1)
[    1.467231] gspca_main: v2.14.0 registered
[    1.472132] sdhci: Secure Digital Host Controller Interface driver
[    1.478296] sdhci: Copyright(c) Pierre Ossman
[    1.482685] sdhci-pltfm: SDHCI platform and OF driver helper
[    1.497320] mmc0: Invalid maximum block size, assuming 512 bytes
[    1.528988] mmc0: SDHCI controller on c8000000.sdhci [c8000000.sdhci] using ADMA
[    1.537063] sdhci-tegra c8000600.sdhci: Got CD GPIO
[    1.542583] sdhci-tegra c8000600.sdhci: Got WP GPIO
[    1.556119] mmc1: Invalid maximum block size, assuming 512 bytes
[    1.588522] mmc1: SDHCI controller on c8000600.sdhci [c8000600.sdhci] using ADMA
[    1.597654] usbcore: registered new interface driver usbhid
[    1.603951] usbhid: USB HID core driver
[    1.612554] tegra-snd-trimslice sound: tlv320aic23-hifi <-> 70002800.i2s mapping ok
[    1.622034] NET: Registered protocol family 10
[    1.627411] Segment Routing with IPv6
[    1.631155] mip6: Mobile IPv6
[    1.634144] sit: IPv6, IPv4 and MPLS over IPv4 tunneling driver
[    1.640866] NET: Registered protocol family 17
[    1.645387] NET: Registered protocol family 15
[    1.649846] can: controller area network core (rev 20170425 abi 9)
[    1.656110] NET: Registered protocol family 29
[    1.660543] can: raw protocol (rev 20170425)
[    1.664820] can: broadcast manager protocol (rev 20170425 t)
[    1.670514] can: netlink gateway (rev 20170425) max_hops=1
[    1.676135] Bluetooth: RFCOMM socket layer initialized
[    1.681337] Bluetooth: RFCOMM ver 1.11
[    1.685080] Bluetooth: BNEP (Ethernet Emulation) ver 1.3
[    1.690381] Bluetooth: BNEP socket layer initialized
[    1.695388] Bluetooth: HIDP (Human Interface Emulation) ver 1.2
[    1.701397] Bluetooth: HIDP socket layer initialized
[    1.706508] Key type dns_resolver registered
[    1.711064] Registering SWP/SWPB emulation handler
[    1.716231] Loading compiled-in X.509 certificates
[    1.727658] utmi_phy_clk_enable: timeout waiting for phy to stabilize
[    1.734202] tegra-ehci c5000000.usb: EHCI Host Controller
[    1.739651] tegra-ehci c5000000.usb: new USB bus registered, assigned bus number 2
[    1.747317] mmc1: new high speed SD card at address b368
[    1.753611] mmcblk1: mmc1:b368 NCard 1.83 GiB (ro)
[    1.758801] tegra-ehci c5000000.usb: irq 288, io mem 0xc5000000
[    1.771260] usb 1-1: new high-speed USB device number 2 using tegra-ehci
[    1.790997]  mmcblk1: p1 p2
[    1.801454] tegra-ehci c5000000.usb: USB 2.0 started, EHCI 1.00
[    1.809521] hub 2-0:1.0: USB hub found
[    1.813522] hub 2-0:1.0: 1 port detected
[    1.819392] input: gpio-keys as /devices/soc0/gpio-keys/input/input0
[    1.826351] rtc-em3027 2-0056: hctosys: unable to read the hardware clock
[    1.833293] cfg80211: Loading compiled-in X.509 certificates for regulatory database
[    1.843845] cfg80211: Loaded X.509 cert 'sforshee: 00b28ddf47aef9cea7'
[    1.850437] platform regulatory.0: Direct firmware load for regulatory.db failed with error -2
[    1.859154] ALSA device list:
[    1.859158]   #0: tegra-trimslice
[    1.865636] Waiting for root device PARTUUID=11eb23c1-01...
[    1.871227] cfg80211: failed to load regulatory.db
[    2.003846] hub 1-1:1.0: USB hub found
[    2.007934] hub 1-1:1.0: 4 ports detected
[    2.331383] usb 1-1.2: new high-speed USB device number 3 using tegra-ehci
[    2.776949] mmc0: host does not support reading read-only switch, assuming write-enable
[    2.786958] mmc0: new high speed SDHC card at address b368
[    2.793796] mmcblk0: mmc0:b368 NCard 3.70 GiB 
[    2.800302]  mmcblk0: p1
[    2.954790] asix 1-1.2:1.0 eth1: register 'asix' at usb-c5008000.usb-1.2, ASIX AX88772 USB 2.0 Ethernet, 00:60:6e:60:6c:68
[    2.982089] EXT4-fs (mmcblk0p1): mounting ext3 file system using the ext4 subsystem
[    3.508310] EXT4-fs (mmcblk0p1): recovery complete
[    3.582962] EXT4-fs (mmcblk0p1): mounted filesystem with ordered data mode. Opts: (null)
[    3.591111] VFS: Mounted root (ext3 filesystem) on device 179:17.
[    3.606633] devtmpfs: mounted
[    3.611776] Freeing unused kernel memory: 1024K
bash: cannot set terminal process group (-1): Inappropriate ioctl for device
bash: no job control in this shell
root@(none):/# 