

U-Boot 2011.03 (Jun 11 2013 - 06:07:37)

T114
Board: NVIDIA Dalmore
DRAM:  2 GiB
MMC:   Tegra2 SD/MMC: 0, Tegra2 SD/MMC: 1
In:    serial
Out:   serial
Err:   serial
Net:   Net Initialization Skipped
No ethernet found.
Hit any key to stop autoboot:  2  1  0 
Dalmore #
Dalmore #usb reset
(Re)start USB...
USB:   Register 10011 NbrPorts 1
USB EHCI 1.10
scanning bus for devices... 2 USB Device(s) found
       scanning bus for storage devices... 0 Storage Device(s) found
       scanning bus for ethernet devices... 1 Ethernet Device(s) found
Dalmore #setenv bootargs 'ignore_loglevel console=ttyS0,115200n8 rw root=/dev/mmcblk0p1 rootwait gpt debug init=/bin/bash'
Dalmore #setenv ipaddr 192.168.100.100; setenv serverip 192.168.100.1; setenv tftpserverip 192.168.100.1
Dalmore #tftpboot 0x81000000 zImage.tegra_defconfig%tegra30,114_mergeconfig
Waiting for Ethernet connection... done.
Using asx0 device
TFTP from server 192.168.100.1; our IP address is 192.168.100.100
Filename 'zImage.tegra_defconfig%tegra30,114_mergeconfig'.
Load address: 0x81000000
Loading: *#################################################  2.8 MiB/s
done
Bytes transferred = 4151448 (3f5898 hex)
Dalmore #tftpboot 0x82000000 tegra114-dalmore.dtb
Using asx0 device
TFTP from server 192.168.100.1; our IP address is 192.168.100.100
Filename 'tegra114-dalmore.dtb'.
Load address: 0x82000000
Loading: *#################################################  2.3 MiB/s
done
Bytes transferred = 29436 (72fc hex)
Dalmore #bootz 0x81000000 - 0x82000000
## Flattened Device Tree blob at 82000000
   Booting using the fdt blob at 0x82000000
   Loading Device Tree to 81ff5000, end 81fff2fb ... OK

Starting kernel ...

Timer summary in microseconds:
       Mark    Elapsed  Stage
          0          0  awake
  3,056,539  3,056,539  usb_start
  7,061,668  4,005,129  eth_start
  7,061,665         -3  tftp start
 10,917,662  3,855,997  tftp done
 13,071,656  2,153,994  start_kernel
Uncompressing Linux... done, booting the kernel.
[    0.000000] Booting Linux on physical CPU 0x0
[    0.000000] Initializing cgroup subsys cpu
[    0.000000] Initializing cgroup subsys cpuacct
[    0.000000] Linux version 3.13.0-rc3-next-20131211-28822-g7596ebc (pwalmsley@kaivo) (gcc version 4.7.3 20130328 (prerelease) (crosstool-NG linaro-1.13.1-4.7-2013.04-20130415 - Linaro GCC 2013.04) ) #1 SMP PREEMPT Tue Dec 10 21:24:56 PST 2013
[    0.000000] CPU: ARMv7 Processor [412fc0f2] revision 2 (ARMv7), cr=10c5387d
[    0.000000] CPU: PIPT / VIPT nonaliasing data cache, PIPT instruction cache
[    0.000000] Machine model: NVIDIA Tegra114 Dalmore evaluation board
[    0.000000] debug: ignoring loglevel setting.
[    0.000000] cma: CMA: reserved 16 MiB at ae800000
[    0.000000] Memory policy: Data cache writealloc
[    0.000000] On node 0 totalpages: 524032
[    0.000000] free_area_init_node: node 0, pgdat c07dc0c0, node_mem_map c0834000
[    0.000000]   Normal zone: 1520 pages used for memmap
[    0.000000]   Normal zone: 0 pages reserved
[    0.000000]   Normal zone: 194560 pages, LIFO batch:31
[    0.000000]   HighMem zone: 2574 pages used for memmap
[    0.000000]   HighMem zone: 329472 pages, LIFO batch:31
[    0.000000] Tegra Revision: A01 SKU: 0 CPU Process: 1 Core Process: 1
[    0.000000] PERCPU: Embedded 8 pages/cpu @c184c000 s9024 r8192 d15552 u32768
[    0.000000] pcpu-alloc: s9024 r8192 d15552 u32768 alloc=8*4096
[    0.000000] pcpu-alloc: [0] 0 [0] 1 [0] 2 [0] 3 
[    0.000000] Built 1 zonelists in Zone order, mobility grouping on.  Total pages: 522512
[    0.000000] Kernel command line: ignore_loglevel console=ttyS0,115200n8 rw root=/dev/mmcblk0p1 rootwait gpt debug init=/bin/bash
[    0.000000] PID hash table entries: 4096 (order: 2, 16384 bytes)
[    0.000000] Dentry cache hash table entries: 131072 (order: 7, 524288 bytes)
[    0.000000] Inode-cache hash table entries: 65536 (order: 6, 262144 bytes)
[    0.000000] Memory: 2053856K/2096128K available (5648K kernel code, 302K rwdata, 1824K rodata, 240K init, 342K bss, 42272K reserved, 1317888K highmem)
[    0.000000] Virtual kernel memory layout:
[    0.000000]     vector  : 0xffff0000 - 0xffff1000   (   4 kB)
[    0.000000]     fixmap  : 0xfff00000 - 0xfffe0000   ( 896 kB)
[    0.000000]     vmalloc : 0xf0000000 - 0xff000000   ( 240 MB)
[    0.000000]     lowmem  : 0xc0000000 - 0xef800000   ( 760 MB)
[    0.000000]     pkmap   : 0xbfe00000 - 0xc0000000   (   2 MB)
[    0.000000]     modules : 0xbf000000 - 0xbfe00000   (  14 MB)
[    0.000000]       .text : 0xc0008000 - 0xc075442c   (7474 kB)
[    0.000000]       .init : 0xc0755000 - 0xc0791340   ( 241 kB)
[    0.000000]       .data : 0xc0792000 - 0xc07dd820   ( 303 kB)
[    0.000000]        .bss : 0xc07dd82c - 0xc08332fc   ( 343 kB)
[    0.000000] Preemptible hierarchical RCU implementation.
[    0.000000] NR_IRQS:16 nr_irqs:16 16
[    0.000000] sched_clock: 32 bits at 1000kHz, resolution 1000ns, wraps every 2147483648000ns
[    0.000000] Architected cp15 timer(s) running at 12.00MHz (virt).
[    0.000000] sched_clock: 56 bits at 12MHz, resolution 83ns, wraps every 2863311536128ns
[    0.000000] Switching to timer-based delay loop
[    0.000000] Console: colour dummy device 80x30
[    0.000475] Calibrating delay loop (skipped), value calculated using timer frequency.. 24.00 BogoMIPS (lpj=120000)
[    0.000491] pid_max: default: 32768 minimum: 301
[    0.000910] Mount-cache hash table entries: 512
[    0.019330] Initializing cgroup subsys debug
[    0.019349] Initializing cgroup subsys freezer
[    0.019421] CPU: Testing write buffer coherency: ok
[    0.019754] /cpus/cpu@0 missing clock-frequency property
[    0.019776] /cpus/cpu@1 missing clock-frequency property
[    0.019798] /cpus/cpu@2 missing clock-frequency property
[    0.019821] /cpus/cpu@3 missing clock-frequency property
[    0.019835] CPU0: thread -1, cpu 0, socket 0, mpidr 80000000
[    0.019861] Setting up static identity map for 0x8055b1c0 - 0x8055b258
[    0.080779] CPU1: Booted secondary processor
[    0.080807] CPU1: thread -1, cpu 1, socket 0, mpidr 80000001
[    0.100812] CPU2: Booted secondary processor
[    0.100836] CPU2: thread -1, cpu 2, socket 0, mpidr 80000002
[    0.120791] CPU3: Booted secondary processor
[    0.120816] CPU3: thread -1, cpu 3, socket 0, mpidr 80000003
[    0.120990] Brought up 4 CPUs
[    0.121019] SMP: Total of 4 processors activated.
[    0.121028] CPU: All CPU(s) started in SVC mode.
[    0.122061] devtmpfs: initialized
[    0.135227] VFP support v0.3: implementor 41 architecture 4 part 30 variant f rev 0
[    0.135944] pinctrl core: initialized pinctrl subsystem
[    0.136682] regulator-dummy: no parameters
[    0.137575] NET: Registered protocol family 16
[    0.138890] DMA: preallocated 256 KiB pool for atomic coherent allocations
[    0.140065] cpuidle: using governor ladder
[    0.140077] cpuidle: using governor menu
[    0.154464] No ATAGs?
[    0.154492] hw-breakpoint: found 5 (+1 reserved) breakpoint and 4 watchpoint registers.
[    0.154503] hw-breakpoint: maximum watchpoint size is 8 bytes.
[    0.171913] bio: create slab <bio-0> at 0
[    0.173555] vdd_ac_bat: 5000 mV 
[    0.174049] dvdd_ts: Failed to request enable GPIO61: -517
[    0.174212] reg-fixed-voltage 1.regulator: Failed to register regulator: -517
[    0.174237] platform 1.regulator: Driver reg-fixed-voltage requests probe deferral
[    0.174573] lcd_bl_en: Failed to request enable GPIO58: -517
[    0.174720] reg-fixed-voltage 2.regulator: Failed to register regulator: -517
[    0.174743] platform 2.regulator: Driver reg-fixed-voltage requests probe deferral
[    0.175079] usb1_vbus: Failed to request enable GPIO108: -517
[    0.175225] reg-fixed-voltage 3.regulator: Failed to register regulator: -517
[    0.175248] platform 3.regulator: Driver reg-fixed-voltage requests probe deferral
[    0.175580] usb2_vbus: Failed to request enable GPIO86: -517
[    0.175726] reg-fixed-voltage 4.regulator: Failed to register regulator: -517
[    0.175749] platform 4.regulator: Driver reg-fixed-voltage requests probe deferral
[    0.176081] vdd_hdmi_5v0: Failed to request enable GPIO81: -517
[    0.176227] reg-fixed-voltage 5.regulator: Failed to register regulator: -517
[    0.176250] platform 5.regulator: Driver reg-fixed-voltage requests probe deferral
[    0.176345] platform 6.regulator: Driver reg-fixed-voltage requests probe deferral
[    0.177681] vgaarb: loaded
[    0.178949] SCSI subsystem initialized
[    0.179530] usbcore: registered new interface driver usbfs
[    0.179692] usbcore: registered new interface driver hub
[    0.179876] usbcore: registered new device driver usb
[    0.184939] vdd-cpu: 500 <--> 1520 mV at 1100 mV 
[    0.185696] tps65090 1-0048: No cache defaults, reading back from HW
[    0.192307] vdd-sys-5v0: no parameters
[    0.192387] vdd-sys-5v0: supplied by vdd_ac_bat
[    0.193957] vdd-sys-3v3: no parameters
[    0.194041] vdd-sys-3v3: supplied by vdd_ac_bat
[    0.195584] vdd-ao: no parameters
[    0.195653] vdd-ao: supplied by vdd_ac_bat
[    0.196026] vdd-lcd-bl: no parameters
[    0.196096] vdd-lcd-bl: supplied by vdd_ac_bat
[    0.196481] TPS65090_RAILSFET2: no parameters
[    0.196552] TPS65090_RAILSFET2: supplied by vdd_ac_bat
[    0.196914] vdd-modem-3v3: no parameters
[    0.196981] vdd-modem-3v3: supplied by vdd-sys-3v3
[    0.197349] avdd-lcd: no parameters
[    0.197416] avdd-lcd: supplied by vdd-sys-3v3
[    0.197785] vdd-lvds: no parameters
[    0.197852] vdd-lvds: supplied by vdd-sys-3v3
[    0.198237] vdd-sd-slot: no parameters
[    0.198303] vdd-sd-slot: supplied by vdd-sys-3v3
[    0.198667] vdd-com-3v3: no parameters
[    0.198734] vdd-com-3v3: supplied by vdd-sys-3v3
[    0.199117] vdd-sby-5v0: no parameters
[    0.199177] vdd-sby-5v0: supplied by vdd_ac_bat
[    0.199536] vdd-sby-3v3: no parameters
[    0.199595] vdd-sby-3v3: supplied by vdd_ac_bat
[    0.200056] genirq: Setting trigger mode 8 for irq 118 failed (gic_set_type+0x0/0xf0)
[    0.200598] palmas 1-0058: Irq flag is 0x00000000
[    0.215160] palmas 1-0058: Muxing GPIO ff, PWM 0, LED 0
[    0.224470] vddio-ddr: 1350 mV 
[    0.225380] vddio-ddr: supplied by vdd-ao
[    0.232485] vddio-1v8: 1800 mV 
[    0.233393] vddio-1v8: supplied by vdd-ao
[    0.240489] vdd-core: 900 <--> 1400 mV at 1100 mV 
[    0.241400] vdd-core: supplied by vdd-sys-3v3
[    0.245718] SMPS6: no parameters
[    0.253639] avdd-pll: 1050 mV 
[    0.254550] avdd-pll: supplied by vdd-sys-3v3
[    0.263001] sdhci-vdd-sd-slot: 2800 mV 
[    0.263923] sdhci-vdd-sd-slot: supplied by vdd-sys-3v3
[    0.265878] SMPS10_OUT2: at 5000 mV 
[    0.267881] SMPS10_OUT1: at 5000 mV 
[    0.270675] avdd-cam1: 2800 mV 
[    0.271573] avdd-cam1: supplied by vdd-sys-3v3
[    0.275714] avdd-cam2: 2800 mV 
[    0.276611] avdd-cam2: supplied by vdd-sys-3v3
[    0.281520] avdd-dsi-csi: 1200 mV 
[    0.282418] avdd-dsi-csi: supplied by vddio-1v8
[    0.287341] vpp-fuse: 1800 mV 
[    0.288240] vpp-fuse: supplied by vdd-sys-3v3
[    0.291590] LDO5: at 1200 mV 
[    0.292505] LDO5: supplied by vdd_ac_bat
[    0.295252] vdd-sensor-2v85: 2850 mV 
[    0.296149] vdd-sensor-2v85: supplied by vdd-sys-3v3
[    0.300285] vdd-af-cam1: 2800 mV 
[    0.301195] vdd-af-cam1: supplied by vdd-sys-3v3
[    0.309456] vdd-rtc: 900 mV 
[    0.310354] vdd-rtc: supplied by vdd-ao
[    0.314505] vddio-sdmmc-2: 1800 <--> 3300 mV at 3300 mV 
[    0.315406] vddio-sdmmc-2: supplied by sdhci-vdd-sd-slot
[    0.320311] hvdd-usb: 3300 mV 
[    0.321210] hvdd-usb: supplied by vdd-sys-5v0
[    0.326145] avdd-usb: 3300 mV 
[    0.327044] avdd-usb: supplied by vdd-sys-5v0
[    0.330393] rail-3v3: no parameters
[    0.332925] rail-5v0: no parameters
[    0.334641] REGEN3: no parameters
[    0.334998] SYSEN1: no parameters
[    0.335341] SYSEN2: no parameters
[    0.336172] Linux video capture interface: v2.00
[    0.336909] platform 70019010.iommu: Driver tegra-smmu requests probe deferral
[    0.337293] Advanced Linux Sound Architecture Driver Initialized.
[    0.338557] Bluetooth: Core ver 2.18
[    0.338633] NET: Registered protocol family 31
[    0.338642] Bluetooth: HCI device and connection manager initialized
[    0.338666] Bluetooth: HCI socket layer initialized
[    0.338689] Bluetooth: L2CAP socket layer initialized
[    0.338744] Bluetooth: SCO socket layer initialized
[    0.339423] cfg80211: Calling CRDA to update world regulatory domain
[    0.340131] Switched to clocksource arch_sys_counter
[    0.361765] NET: Registered protocol family 2
[    0.362678] TCP established hash table entries: 8192 (order: 3, 32768 bytes)
[    0.362789] TCP bind hash table entries: 8192 (order: 4, 65536 bytes)
[    0.362977] TCP: Hash tables configured (established 8192 bind 8192)
[    0.363397] TCP: reno registered
[    0.363414] UDP hash table entries: 512 (order: 2, 16384 bytes)
[    0.363456] UDP-Lite hash table entries: 512 (order: 2, 16384 bytes)
[    0.363865] NET: Registered protocol family 1
[    0.364605] RPC: Registered named UNIX socket transport module.
[    0.364617] RPC: Registered udp transport module.
[    0.364625] RPC: Registered tcp transport module.
[    0.364634] RPC: Registered tcp NFSv4.1 backchannel transport module.
[    0.364647] PCI: CLS 0 bytes, default 64
[    0.369800] bounce pool size: 64 pages
[    0.371565] squashfs: version 4.0 (2009/01/31) Phillip Lougher
[    0.372344] msgmni has been set to 1469
[    0.373988] io scheduler noop registered (default)
[    0.401633] tegra-apbdma 6000a000.dma: Tegra20 APB DMA driver register 32 channels
[    0.402315] Serial: 8250/16550 driver, 4 ports, IRQ sharing disabled
[    0.405641] 70006300.serial: ttyS0 at MMIO 0x70006300 (irq = 122, base_baud = 25500000) is a Tegra
[    1.440429] console [ttyS0] enabled
[    1.444989] [drm] Initialized drm 1.1.0 20060810
[    1.460453] loop: module loaded
[    1.467318] m25p80 spi32766.0: w25q32dw (4096 Kbytes)
[    1.475208] pegasus: v0.9.3 (2013/04/25), Pegasus/Pegasus II USB Ethernet driver
[    1.482752] usbcore: registered new interface driver pegasus
[    1.488561] usbcore: registered new interface driver asix
[    1.494082] usbcore: registered new interface driver ax88179_178a
[    1.500302] usbcore: registered new interface driver cdc_ether
[    1.506248] usbcore: registered new interface driver r815x
[    1.511902] usbcore: registered new interface driver smsc75xx
[    1.517797] usbcore: registered new interface driver smsc95xx
[    1.523668] usbcore: registered new interface driver net1080
[    1.529438] usbcore: registered new interface driver cdc_subset
[    1.535477] usbcore: registered new interface driver zaurus
[    1.541244] usbcore: registered new interface driver cdc_ncm
[    1.546933] ehci_hcd: USB 2.0 'Enhanced' Host Controller (EHCI) Driver
[    1.553466] ehci-pci: EHCI PCI platform driver
[    1.558018] tegra-ehci: Tegra EHCI driver
[    1.562238] platform 7d008000.usb: Driver tegra-ehci requests probe deferral
[    1.569684] usbcore: registered new interface driver cdc_acm
[    1.575349] cdc_acm: USB Abstract Control Model driver for USB modems and ISDN adapters
[    1.583467] usbcore: registered new interface driver cdc_wdm
[    1.589295] usbcore: registered new interface driver usb-storage
[    1.595546] platform 7d008000.usb-phy: Driver tegra-phy requests probe deferral
[    1.603649] mousedev: PS/2 mouse device common for all mice
[    1.621754] palmas-rtc rtc.7: rtc core: registered rtc.7 as rtc0
[    1.632433] tegra_rtc 7000e000.rtc: rtc core: registered 7000e000.rtc as rtc1
[    1.639585] tegra_rtc 7000e000.rtc: Tegra internal Real Time Clock
[    1.647296] sbs-battery 0-000b: sbs_probe: Failed to get device status
[    1.653847] sbs-battery: probe of 0-000b failed with error -121
[    1.678648] sdhci: Secure Digital Host Controller Interface driver
[    1.684849] sdhci: Copyright(c) Pierre Ossman
[    1.689210] sdhci-pltfm: SDHCI platform and OF driver helper
[    1.695318] sdhci-tegra 78000400.sdhci: Got CD GPIO #170.
[    1.701813] sdhci-tegra 78000400.sdhci: dummy supplies not allowed
[    1.707996] mmc0: no vqmmc regulator found
[    1.712123] sdhci-tegra 78000400.sdhci: dummy supplies not allowed
[    1.718305] mmc0: no vmmc regulator found
[    1.722331] mmc0: Invalid maximum block size, assuming 512 bytes
[    1.770154] mmc0: SDHCI controller on 78000400.sdhci [78000400.sdhci] using ADMA
[    1.778797] sdhci-tegra 78000600.sdhci: dummy supplies not allowed
[    1.784998] mmc1: no vqmmc regulator found
[    1.789110] sdhci-tegra 78000600.sdhci: dummy supplies not allowed
[    1.795304] mmc1: no vmmc regulator found
[    1.799318] mmc1: Invalid maximum block size, assuming 512 bytes
[    1.850152] mmc1: SDHCI controller on 78000600.sdhci [78000600.sdhci] using ADMA
[    1.858533] usbcore: registered new interface driver usbhid
[    1.866189] usbhid: USB HID core driver
[    1.982446] mmc1: BKOPS_EN bit is not set
[    2.013085] mmc1: new HS200 MMC card at address 0001
[    2.018803] isa bounce pool size: 16 pages
[    2.023124] mmcblk0: mmc1:0001 SEM32G 29.1 GiB 
[    2.027999] mmcblk0boot0: mmc1:0001 SEM32G partition 1 4.00 MiB
[    2.034308] mmcblk0boot1: mmc1:0001 SEM32G partition 2 4.00 MiB
[    2.040546] mmcblk0rpmb: mmc1:0001 SEM32G partition 3 4.00 MiB
[    2.049399] Primary GPT is invalid, using alternate GPT.
[    2.054829]  mmcblk0: p1 p2 p3 p4 p5
[    2.064214]  mmcblk0boot1: unknown partition table
[    2.071474]  mmcblk0boot0: unknown partition table
[    2.348856] tegra-snd-rt5640 sound.4: rt5640-aif1 <-> 70080400.i2s mapping ok
[    2.361775] input: NVIDIA Tegra Dalmore Headphones as /devices/soc0/sound.4/sound/card0/input0
[    2.372609] TCP: cubic registered
[    2.376204] NET: Registered protocol family 10
[    2.382179] mip6: Mobile IPv6
[    2.385157] sit: IPv6 over IPv4 tunneling driver
[    2.392706] NET: Registered protocol family 17
[    2.397216] NET: Registered protocol family 15
[    2.401814] Bluetooth: RFCOMM socket layer initialized
[    2.406998] Bluetooth: RFCOMM ver 1.11
[    2.410789] Bluetooth: BNEP (Ethernet Emulation) ver 1.3
[    2.416138] Bluetooth: BNEP socket layer initialized
[    2.421121] Bluetooth: HIDP (Human Interface Emulation) ver 1.2
[    2.427076] Bluetooth: HIDP socket layer initialized
[    2.433344] Registering SWP/SWPB emulation handler
[    2.444238] hvdd-usb: disabling
[    2.450172] vdd-af-cam1: disabling
[    2.456608] LDO5: disabling
[    2.462286] vpp-fuse: disabling
[    2.468682] avdd-cam2: disabling
[    2.474523] avdd-cam1: disabling
[    2.481591] vdd-com-3v3: disabling
[    2.485595] vdd-lvds: disabling
[    2.489338] avdd-lcd: disabling
[    2.493154] vdd-lcd-bl: disabling
[    2.498358] dvdd_ts: 1800 mV 
[    2.502330] lcd_bl_en: 5000 mV 
[    2.506246] usb1_vbus: 5000 mV 
[    2.509625] usb1_vbus: supplied by vdd-sys-5v0
[    2.515081] usb2_vbus: 5000 mV 
[    2.518399] usb2_vbus: supplied by vdd-sys-5v0
[    2.523793] vdd_hdmi_5v0: 5000 mV 
[    2.527456] vdd_hdmi_5v0: supplied by vdd-sys-5v0
[    2.535790] vdd_cam_1v8_reg: 1800 mV 
[    2.540430] platform 7d008000.usb: Driver tegra-ehci requests probe deferral
[    2.548699] tegra-ehci 7d008000.usb: EHCI Host Controller
[    2.554277] tegra-ehci 7d008000.usb: new USB bus registered, assigned bus number 1
[    2.563120] tegra-ehci 7d008000.usb: irq 129, io mem 0x7d008000
[    2.580190] tegra-ehci 7d008000.usb: USB 2.0 started, EHCI 1.10
[    2.588439] hub 1-0:1.0: USB hub found
[    2.592377] hub 1-0:1.0: 1 port detected
[    2.598980] input: gpio-keys.2 as /devices/soc0/gpio-keys.2/input/input1
[    2.611940] palmas-rtc rtc.7: setting system clock to 2000-03-06 07:50:51 UTC (952329051)
[    2.634726] ALSA device list:
[    2.637776]   #0: NVIDIA Tegra Dalmore
[    2.655383] kjournald starting.  Commit interval 5 seconds
[    2.660991] EXT3-fs (mmcblk0p1): using internal journal
[    2.666307] EXT3-fs (mmcblk0p1): recovery complete
[    2.671252] EXT3-fs (mmcblk0p1): mounted filesystem with writeback data mode
[    2.678428] VFS: Mounted root (ext3 filesystem) on device 179:1.
[    2.686695] devtmpfs: mounted
[    2.689942] Freeing unused kernel memory: 240K (c0755000 - c0791000)
bash: cannot set terminal process group (-1): Inappropriate ioctl for device
bash: no job control in this shell
I have no name!@(none):/# [    2.910280] usb 1-1: new high-speed USB device number 2 using tegra-ehci
