
U-Boot SPL 2014.01-00219-gc4d376f (Feb 18 2014 - 19:57:18)


U-Boot 2014.01-00219-gc4d376f (Feb 18 2014 - 19:57:18)

TEGRA30
Board: NVIDIA Beaver
I2C:   ready
DRAM:  2 GiB
MMC:   Tegra SD/MMC: 0, Tegra SD/MMC: 1
In:    serial
Out:   serial
Err:   serial
Net:   Net Initialization Skipped
No ethernet found.
Hit any key to stop autoboot:  2  0 
Tegra30 (Beaver) # 
Tegra30 (Beaver) # usb reset
(Re)start USB...
USB0:   USB EHCI 1.00
scanning bus 0 for devices... 2 USB Device(s) found
       scanning usb for storage devices... 0 Storage Device(s) found
       scanning usb for ethernet devices... 
Warning: asx0 using MAC address from net device
1 Ethernet Device(s) found
Tegra30 (Beaver) # setenv bootargs 'ignore_loglevel console=ttyS0,115200n8 rw root=PARTUUID=edbe1840-3633-c751-7993-b0ac834f81e0 rootwait gpt debug noinitrd earlyprintk init=/bin/bash'
Tegra30 (Beaver) # setenv ipaddr 192.168.100.101; setenv serverip 192.168.100.1; setenv tftpserverip 192.168.100.1
Tegra30 (Beaver) # tftpboot 0x81000000 zImage.multi_v7_defconfig
Using asx0 device
TFTP from server 192.168.100.1; our IP address is 192.168.100.101
Filename 'zImage.multi_v7_defconfig'.
Load address: 0x81000000
Loading: *#################################################################
	 #################################################################
	 #################################################################
	 #################################################################
	 #################################################################
	 #################################################################
	 #################################################################
	 #################################################
	 3.3 MiB/s
done
Bytes transferred = 7390496 (70c520 hex)
Tegra30 (Beaver) # tftpboot 0x82000000 tegra30-beaver.dtb
Using asx0 device
TFTP from server 192.168.100.1; our IP address is 192.168.100.101
Filename 'tegra30-beaver.dtb'.
Load address: 0x82000000
Loading: *####
	 2.7 MiB/s
done
Bytes transferred = 51804 (ca5c hex)
Tegra30 (Beaver) # bootz 0x81000000 - 0x82000000
Kernel image @ 0x81000000 [ 0x000000 - 0x70c520 ]
## Flattened Device Tree blob at 82000000
   Booting using the fdt blob at 0x82000000
   Loading Device Tree to 8fff0000, end 8ffffa5b ... OK

Starting kernel ...

[    0.000000] Booting Linux on physical CPU 0x0
[    0.000000] Linux version 4.9.0-rc8-next-20161205-139470-gcef87e9 (pwalmsley@sellafield) (gcc version 4.7.3 20130328 (prerelease) (crosstool-NG linaro-1.13.1-4.7-2013.04-20130415 - Linaro GCC 2013.04) ) #1 SMP Tue Dec 6 04:18:15 PST 2016
[    0.000000] CPU: ARMv7 Processor [412fc099] revision 9 (ARMv7), cr=10c5387d
[    0.000000] CPU: PIPT / VIPT nonaliasing data cache, VIPT aliasing instruction cache
[    0.000000] OF: fdt:Machine model: NVIDIA Tegra30 Beaver evaluation board
[    0.000000] debug: ignoring loglevel setting.
[    0.000000] efi: Getting EFI parameters from FDT:
[    0.000000] efi: UEFI not found.
[    0.000000] cma: Reserved 64 MiB at 0xfb800000
[    0.000000] Memory policy: Data cache writealloc
[    0.000000] On node 0 totalpages: 524032
[    0.000000] free_area_init_node: node 0, pgdat c142a4c0, node_mem_map eeff8000
[    0.000000]   DMA zone: 1536 pages used for memmap
[    0.000000]   DMA zone: 0 pages reserved
[    0.000000]   DMA zone: 196608 pages, LIFO batch:31
[    0.000000]   HighMem zone: 327424 pages, LIFO batch:31
[    0.000000] percpu: Embedded 14 pages/cpu @eef94000 s26176 r8192 d22976 u57344
[    0.000000] pcpu-alloc: s26176 r8192 d22976 u57344 alloc=14*4096
[    0.000000] pcpu-alloc: [0] 0 [0] 1 [0] 2 [0] 3 
[    0.000000] Built 1 zonelists in Zone order, mobility grouping on.  Total pages: 522496
[    0.000000] Kernel command line: ignore_loglevel console=ttyS0,115200n8 rw root=PARTUUID=edbe1840-3633-c751-7993-b0ac834f81e0 rootwait gpt debug noinitrd earlyprintk init=/bin/bash
[    0.000000] PID hash table entries: 4096 (order: 2, 16384 bytes)
[    0.000000] Dentry cache hash table entries: 131072 (order: 7, 524288 bytes)
[    0.000000] Inode-cache hash table entries: 65536 (order: 6, 262144 bytes)
[    0.000000] Memory: 1994868K/2096128K available (9216K kernel code, 1199K rwdata, 4132K rodata, 2048K init, 472K bss, 35724K reserved, 65536K cma-reserved, 1244160K highmem)
[    0.000000] Virtual kernel memory layout:
[    0.000000]     vector  : 0xffff0000 - 0xffff1000   (   4 kB)
[    0.000000]     fixmap  : 0xffc00000 - 0xfff00000   (3072 kB)
[    0.000000]     vmalloc : 0xf0800000 - 0xff800000   ( 240 MB)
[    0.000000]     lowmem  : 0xc0000000 - 0xf0000000   ( 768 MB)
[    0.000000]     pkmap   : 0xbfe00000 - 0xc0000000   (   2 MB)
[    0.000000]     modules : 0xbf000000 - 0xbfe00000   (  14 MB)
[    0.000000]       .text : 0xc0208000 - 0xc0c00000   (10208 kB)
[    0.000000]       .init : 0xc1100000 - 0xc1300000   (2048 kB)
[    0.000000]       .data : 0xc1300000 - 0xc142bfc0   (1200 kB)
[    0.000000]        .bss : 0xc142d000 - 0xc14a3310   ( 473 kB)
[    0.000000] SLUB: HWalign=64, Order=0-3, MinObjects=0, CPUs=4, Nodes=1
[    0.000000] Hierarchical RCU implementation.
[    0.000000] 	Build-time adjustment of leaf fanout to 32.
[    0.000000] 	RCU restricting CPUs from NR_CPUS=16 to nr_cpu_ids=4.
[    0.000000] RCU: Adjusting geometry for rcu_fanout_leaf=32, nr_cpu_ids=4
[    0.000000] NR_IRQS:16 nr_irqs:16 16
[    0.000000] /interrupt-controller@60004000: 160 interrupts forwarded to /interrupt-controller@50041000
[    0.000000] L2C: platform modifies aux control register: 0x02080000 -> 0x3e480001
[    0.000000] L2C: DT/platform modifies aux control register: 0x02080000 -> 0x3e480001
[    0.000000] L2C-310 erratum 769419 enabled
[    0.000000] L2C-310 enabling early BRESP for Cortex-A9
[    0.000000] L2C-310: enabling full line of zeros but not enabled in Cortex-A9
[    0.000000] L2C-310 dynamic clock gating enabled, standby mode enabled
[    0.000000] L2C-310 cache controller enabled, 8 ways, 1024 kB
[    0.000000] L2C-310: CACHE_ID 0x410000c7, AUX_CTRL 0x4e480001
[    0.000013] sched_clock: 32 bits at 1000kHz, resolution 1000ns, wraps every 2147483647500ns
[    0.000030] clocksource: timer_us: mask: 0xffffffff max_cycles: 0xffffffff, max_idle_ns: 1911260446275 ns
[    0.000039] Switching to timer-based delay loop, resolution 1000ns
[    0.002762] Console: colour dummy device 80x30
[    0.002790] Calibrating delay loop (skipped), value calculated using timer frequency.. 2.00 BogoMIPS (lpj=10000)
[    0.002799] pid_max: default: 32768 minimum: 301
[    0.002874] Mount-cache hash table entries: 2048 (order: 1, 8192 bytes)
[    0.002880] Mountpoint-cache hash table entries: 2048 (order: 1, 8192 bytes)
[    0.003312] CPU: Testing write buffer coherency: ok
[    0.003632] CPU0: thread -1, cpu 0, socket 0, mpidr 80000000
[    0.003809] Setting up static identity map for 0x80300000 - 0x80300098
[    0.006341] Tegra Revision: A03 SKU: 128 CPU Process: 4 SoC Process: 0
[    0.006829] EFI services will not be available.
[    0.006984] smp: Bringing up secondary CPUs ...
[    0.010367] CPU1: thread -1, cpu 1, socket 0, mpidr 80000001
[    0.020322] CPU2: thread -1, cpu 2, socket 0, mpidr 80000002
[    0.030322] CPU3: thread -1, cpu 3, socket 0, mpidr 80000003
[    0.030368] smp: Brought up 1 node, 4 CPUs
[    0.030381] SMP: Total of 4 processors activated (8.00 BogoMIPS).
[    0.030386] CPU: All CPU(s) started in SVC mode.
[    0.031071] devtmpfs: initialized
[    0.040086] VFP support v0.3: implementor 41 architecture 3 part 30 variant 9 rev 4
[    0.040533] clocksource: jiffies: mask: 0xffffffff max_cycles: 0xffffffff, max_idle_ns: 19112604462750000 ns
[    0.043796] pinctrl core: initialized pinctrl subsystem
[    0.045435] NET: Registered protocol family 16
[    0.047491] DMA: preallocated 256 KiB pool for atomic coherent allocations
[    0.049027] cpuidle: using governor menu
[    0.063894] No ATAGs?
[    0.064004] hw-breakpoint: found 5 (+1 reserved) breakpoint and 1 watchpoint registers.
[    0.064011] hw-breakpoint: maximum watchpoint size is 4 bytes.
[    0.067941] Serial: AMBA PL011 UART driver
[    0.068391] tegra-mc 7000f000.memory-controller: no memory timings for RAM code 3 registered
[    0.077292] vdd_5v_sata: Failed to request enable GPIO30: -517
[    0.077304] reg-fixed-voltage regulators:regulator@3: Failed to register regulator: -517
[    0.077348] usb1_vbus: Failed to request enable GPIO238: -517
[    0.077355] reg-fixed-voltage regulators:regulator@4: Failed to register regulator: -517
[    0.077397] usb3_vbus: Failed to request enable GPIO236: -517
[    0.077404] reg-fixed-voltage regulators:regulator@5: Failed to register regulator: -517
[    0.077494] sys_3v3_pexs: Failed to request enable GPIO95: -517
[    0.077502] reg-fixed-voltage regulators:regulator@7: Failed to register regulator: -517
[    0.079502] vgaarb: loaded
[    0.080022] SCSI subsystem initialized
[    0.080164] libata version 3.00 loaded.
[    0.080315] usbcore: registered new interface driver usbfs
[    0.080358] usbcore: registered new interface driver hub
[    0.080392] usbcore: registered new device driver usb
[    0.087556] vrtc: supplied by vdd_5v_in
[    0.090849] vio: supplied by vdd_5v_in
[    0.101815] vdd1: supplied by vdd_5v_in
[    0.103172] vddio_ddr_1v2: Bringing 600000uV into 1200000-1200000uV
[    0.111825] vdd2: supplied by vdd_5v_in
[    0.131806] ldo1: supplied by vdd_1v5_gen
[    0.134192] ldo2: supplied by vdd_1v5_gen
[    0.134661] vdd_sata,avdd_plle: Bringing 1200000uV into 1050000-1050000uV
[    0.136889] ldo3: supplied by vdd_5v_in
[    0.139239] ldo4: supplied by vdd_5v_in
[    0.141812] ldo5: supplied by vdd_5v_in
[    0.151798] ldo6: supplied by vdd_1v8_gen
[    0.152265] avdd_dsi_csi,pwrdet_mipi: Bringing 1000000uV into 1200000-1200000uV
[    0.154513] ldo7: supplied by vdd_1v8_gen
[    0.161802] ldo8: supplied by vdd_1v8_gen
[    0.171879] pps_core: LinuxPPS API ver. 1 registered
[    0.171885] pps_core: Software ver. 5.3.6 - Copyright 2005-2007 Rodolfo Giometti <giometti@linux.it>
[    0.171898] PTP clock support registered
[    0.172038] EDAC MC: Ver: 3.0.0
[    0.173601] clocksource: Switched to clocksource timer_us
[    0.179173] NET: Registered protocol family 2
[    0.179572] TCP established hash table entries: 8192 (order: 3, 32768 bytes)
[    0.179628] TCP bind hash table entries: 8192 (order: 4, 65536 bytes)
[    0.179706] TCP: Hash tables configured (established 8192 bind 8192)
[    0.179793] UDP hash table entries: 512 (order: 2, 16384 bytes)
[    0.179852] UDP-Lite hash table entries: 512 (order: 2, 16384 bytes)
[    0.180064] NET: Registered protocol family 1
[    0.180328] RPC: Registered named UNIX socket transport module.
[    0.180337] RPC: Registered udp transport module.
[    0.180341] RPC: Registered tcp transport module.
[    0.180344] RPC: Registered tcp NFSv4.1 backchannel transport module.
[    0.180352] PCI: CLS 0 bytes, default 64
[    0.181140] hw perfevents: enabled with armv7_cortex_a9 PMU driver, 7 counters available
[    0.182056] futex hash table entries: 1024 (order: 4, 65536 bytes)
[    0.182555] workingset: timestamp_bits=30 max_order=19 bucket_order=0
[    0.187916] squashfs: version 4.0 (2009/01/31) Phillip Lougher
[    0.188358] NFS: Registering the id_resolver key type
[    0.188383] Key type id_resolver registered
[    0.188388] Key type id_legacy registered
[    0.188419] ntfs: driver 2.1.32 [Flags: R/O].
[    0.189422] bounce: pool size: 64 pages
[    0.189542] Block layer SCSI generic (bsg) driver version 0.4 loaded (major 248)
[    0.189551] io scheduler noop registered
[    0.189555] io scheduler deadline registered
[    0.189643] io scheduler cfq registered (default)
[    0.195407] tegra30-pinctrl 70000868.pinmux: invalid group "sdmmc3_dat6_pd3" for function "rsvd1"
[    0.195422] tegra30-pinctrl 70000868.pinmux: invalid group "sdmmc3_dat7_pd4" for function "rsvd1"
[    0.195436] tegra30-pinctrl 70000868.pinmux: invalid group "vi_vsync_pd6" for function "rsvd1"
[    0.195445] tegra30-pinctrl 70000868.pinmux: invalid group "vi_hsync_pd7" for function "rsvd1"
[    0.195896] tegra30-pinctrl 70000868.pinmux: invalid group "hdmi_int_pn7" for function "rsvd1"
[    0.195946] tegra30-pinctrl 70000868.pinmux: invalid group "ulpi_data3_po4" for function "rsvd1"
[    0.196270] tegra30-pinctrl 70000868.pinmux: invalid group "vi_d10_pt2" for function "rsvd1"
[    0.196282] tegra30-pinctrl 70000868.pinmux: invalid group "vi_d11_pt3" for function "rsvd1"
[    0.196294] tegra30-pinctrl 70000868.pinmux: invalid group "vi_d0_pt4" for function "rsvd1"
[    0.196334] tegra30-pinctrl 70000868.pinmux: invalid group "pu0" for function "rsvd1"
[    0.196363] tegra30-pinctrl 70000868.pinmux: invalid group "pu3" for function "rsvd1"
[    0.196392] tegra30-pinctrl 70000868.pinmux: invalid group "pu6" for function "rsvd1"
[    0.196432] tegra30-pinctrl 70000868.pinmux: invalid group "pv3" for function "rsvd1"
[    0.196906] tegra30-pinctrl 70000868.pinmux: invalid group "pbb0" for function "rsvd1"
[    0.197021] tegra30-pinctrl 70000868.pinmux: invalid group "pcc1" for function "rsvd1"
[    0.202238] tegra-pcie 3000.pcie-controller: 2x3 configuration
[    0.202382] tegra-pcie 3000.pcie-controller: Failed to get supply 'hvdd-pex': -517
[    0.207935] tegra-apbdma 6000a000.dma: Tegra20 APB DMA driver register 32 channels
[    0.209097] tegra-pmc 7000e400.pmc: i2c-thermtrip node not found, emergency thermal reset disabled.
[    0.243190] Serial: 8250/16550 driver, 4 ports, IRQ sharing disabled
[    0.245418] console [ttyS0] disabled
[    0.245454] 70006000.serial: ttyS0 at MMIO 0x70006000 (irq = 331, base_baud = 25500000) is a Tegra
[    1.246500] console [ttyS0] enabled
[    1.250522] SuperH (H)SCI(F) driver initialized
[    1.255647] msm_serial: driver initialized
[    1.259837] STMicroelectronics ASC driver initialized
[    1.267066] [drm] Initialized
[    1.271975] tegra-hdmi 54280000.hdmi: failed to get HDMI regulator
[    1.286586] brd: module loaded
[    1.293786] loop: module loaded
[    1.302152] m25p80 spi32766.1: w25q32 (4096 Kbytes)
[    1.308878] libphy: Fixed MDIO Bus: probed
[    1.313572] CAN device driver interface
[    1.317971] bgmac_bcma: Broadcom 47xx GBit MAC driver loaded
[    1.324339] e1000e: Intel(R) PRO/1000 Network Driver - 3.2.6-k
[    1.330155] e1000e: Copyright(c) 1999 - 2015 Intel Corporation.
[    1.336111] igb: Intel(R) Gigabit Ethernet Network Driver - version 5.4.0-k
[    1.343053] igb: Copyright (c) 2007-2014 Intel Corporation.
[    1.350588] pegasus: v0.9.3 (2013/04/25), Pegasus/Pegasus II USB Ethernet driver
[    1.358029] usbcore: registered new interface driver pegasus
[    1.363715] usbcore: registered new interface driver asix
[    1.369120] usbcore: registered new interface driver ax88179_178a
[    1.375226] usbcore: registered new interface driver cdc_ether
[    1.381078] usbcore: registered new interface driver smsc75xx
[    1.386854] usbcore: registered new interface driver smsc95xx
[    1.392604] usbcore: registered new interface driver net1080
[    1.398278] usbcore: registered new interface driver cdc_subset
[    1.404211] usbcore: registered new interface driver zaurus
[    1.409804] usbcore: registered new interface driver cdc_ncm
[    1.416853] ehci_hcd: USB 2.0 'Enhanced' Host Controller (EHCI) Driver
[    1.423365] ehci-pci: EHCI PCI platform driver
[    1.427837] ehci-platform: EHCI generic platform driver
[    1.433172] ehci-orion: EHCI orion driver
[    1.437267] SPEAr-ehci: EHCI SPEAr driver
[    1.441340] ehci-st: EHCI STMicroelectronics driver
[    1.446293] ehci-exynos: EHCI EXYNOS driver
[    1.450552] ehci-atmel: EHCI Atmel driver
[    1.454633] tegra-ehci: Tegra EHCI driver
[    1.458919] ohci_hcd: USB 1.1 'Open' Host Controller (OHCI) Driver
[    1.465106] ohci-pci: OHCI PCI platform driver
[    1.469567] ohci-platform: OHCI generic platform driver
[    1.474888] ohci-omap3: OHCI OMAP3 driver
[    1.478960] SPEAr-ohci: OHCI SPEAr driver
[    1.483030] ohci-st: OHCI STMicroelectronics driver
[    1.487980] ohci-atmel: OHCI Atmel driver
[    1.492433] usbcore: registered new interface driver usb-storage
[    1.499426] mousedev: PS/2 mouse device common for all mice
[    1.506713] tegra_rtc 7000e000.rtc: rtc core: registered 7000e000.rtc as rtc1
[    1.513886] tegra_rtc 7000e000.rtc: Tegra internal Real Time Clock
[    1.522737] random: fast init done
[    1.536033] tps65910-rtc tps65910-rtc: rtc core: registered tps65910-rtc as rtc0
[    1.543616] i2c /dev entries driver
[    1.554682] sdhci: Secure Digital Host Controller Interface driver
[    1.560847] sdhci: Copyright(c) Pierre Ossman
[    1.566114] Synopsys Designware Multimedia Card Interface Driver
[    1.572743] sdhci-pltfm: SDHCI platform and OF driver helper
[    1.578914] sdhci-tegra 78000000.sdhci: Got CD GPIO
[    1.583799] sdhci-tegra 78000000.sdhci: Got WP GPIO
[    1.589911] mmc0: Invalid maximum block size, assuming 512 bytes
[    1.653688] mmc0: SDHCI controller on 78000000.sdhci [78000000.sdhci] using ADMA
[    1.662271] mmc1: Invalid maximum block size, assuming 512 bytes
[    1.723607] mmc1: SDHCI controller on 78000600.sdhci [78000600.sdhci] using ADMA
[    1.732330] ledtrig-cpu: registered to indicate activity on CPUs
[    1.742612] usbcore: registered new interface driver usbhid
[    1.748192] usbhid: USB HID core driver
[    1.756374] NET: Registered protocol family 10
[    1.765509] Segment Routing with IPv6
[    1.769206] sit: IPv6, IPv4 and MPLS over IPv4 tunneling driver
[    1.775560] NET: Registered protocol family 17
[    1.779997] can: controller area network core (rev 20120528 abi 9)
[    1.786225] NET: Registered protocol family 29
[    1.790655] can: raw protocol (rev 20120528)
[    1.794921] can: broadcast manager protocol (rev 20161123 t)
[    1.800568] can: netlink gateway (rev 20130117) max_hops=1
[    1.806312] Key type dns_resolver registered
[    1.810966] ThumbEE CPU extension supported.
[    1.815244] Registering SWP/SWPB emulation handler
[    1.841624] vdd_ddr: supplied by vdd_5v_in
[    1.846555] vdd_5v_sata: supplied by vdd_5v_in
[    1.851289] usb1_vbus: supplied by vdd_5v_in
[    1.855892] usb3_vbus: supplied by vdd_5v_in
[    1.861415] sys_3v3,vdd_3v3_alw: supplied by vdd_5v_in
[    1.867186] +VDD_5V_HDMI: supplied by sys_3v3,vdd_3v3_alw
[    1.872801] sys_3v3_pexs: supplied by sys_3v3,vdd_3v3_alw
[    1.878933] tegra-pcie 3000.pcie-controller: 2x3 configuration
[    1.887193] tegra-pcie 3000.pcie-controller: probing port 0, using 2 lanes
[    1.899583] mmc1: new high speed MMC card at address 0001
[    1.908330] mmcblk1: mmc1:0001 SEM16G 14.8 GiB 
[    1.913969] mmcblk1boot0: mmc1:0001 SEM16G partition 1 1.00 MiB
[    1.921461] mmcblk1boot1: mmc1:0001 SEM16G partition 2 1.00 MiB
[    1.929067] mmcblk1rpmb: mmc1:0001 SEM16G partition 3 128 KiB
[    1.938705] Primary GPT is invalid, using alternate GPT.
[    1.944039]  mmcblk1: p1 p2 p3 p4 p5
[    1.951092] mmc0: new ultra high speed DDR50 SDHC card at address aaaa
[    1.952653] tegra-pcie 3000.pcie-controller: probing port 2, using 2 lanes
[    1.966368] mmcblk0: mmc0:aaaa SS04G 3.69 GiB 
[    1.992326]  mmcblk0: p1 p2 p3
[    2.356471] tegra-pcie 3000.pcie-controller: link 2 down, retrying
[    2.766416] tegra-pcie 3000.pcie-controller: link 2 down, retrying
[    3.175845] tegra-pcie 3000.pcie-controller: link 2 down, retrying
[    3.184024] tegra-pcie 3000.pcie-controller: link 2 down, ignoring
[    3.190326] tegra-pcie 3000.pcie-controller: PCI host bridge to bus 0000:00
[    3.197293] pci_bus 0000:00: root bus resource [io  0x0000-0xffff]
[    3.203458] pci_bus 0000:00: root bus resource [mem 0x20000000-0x27ffffff]
[    3.210324] pci_bus 0000:00: root bus resource [mem 0x28000000-0x3fffffff pref]
[    3.217623] pci_bus 0000:00: root bus resource [bus 00-ff]
[    3.223117] pci 0000:00:01.0: [10de:0e1c] type 01 class 0x060400
[    3.229185] pci 0000:00:01.0: PME# supported from D0 D1 D2 D3hot D3cold
[    3.235948] PCI: bus0: Fast back to back transfers disabled
[    3.241508] pci 0000:00:01.0: bridge configuration invalid ([bus 00-00]), reconfiguring
[    3.249608] pci 0000:01:00.0: [10ec:8168] type 00 class 0x020000
[    3.255625] pci 0000:01:00.0: reg 0x10: [io  0x0000-0x00ff]
[    3.261196] pci 0000:01:00.0: reg 0x18: [mem 0x00000000-0x00000fff 64bit pref]
[    3.268418] pci 0000:01:00.0: reg 0x20: [mem 0x00000000-0x00003fff 64bit pref]
[    3.275702] pci 0000:01:00.0: supports D1 D2
[    3.279959] pci 0000:01:00.0: PME# supported from D0 D1 D2 D3hot D3cold
[    3.313627] PCI: bus1: Fast back to back transfers disabled
[    3.319188] pci_bus 0000:01: busn_res: [bus 01-ff] end is updated to 01
[    3.325863] pci 0000:00:01.0: BAR 9: assigned [mem 0x28000000-0x280fffff 64bit pref]
[    3.333600] pci 0000:00:01.0: BAR 7: assigned [io  0x1000-0x1fff]
[    3.339682] pci 0000:01:00.0: BAR 4: assigned [mem 0x28000000-0x28003fff 64bit pref]
[    3.347423] pci 0000:01:00.0: BAR 2: assigned [mem 0x28004000-0x28004fff 64bit pref]
[    3.355164] pci 0000:01:00.0: BAR 0: assigned [io  0x1000-0x10ff]
[    3.361244] pci 0000:00:01.0: PCI bridge to [bus 01]
[    3.366203] pci 0000:00:01.0:   bridge window [io  0x1000-0x1fff]
[    3.372281] pci 0000:00:01.0:   bridge window [mem 0x28000000-0x280fffff 64bit pref]
[    3.380027] pci 0000:00:01.0: nv_msi_ht_cap_quirk didn't locate host bridge
[    3.387042] pcieport 0000:00:01.0: enabling device (0140 -> 0143)
[    3.393313] pcieport 0000:00:01.0: Signaling PME through PCIe PME interrupt
[    3.400276] pci 0000:01:00.0: Signaling PME through PCIe PME interrupt
[    3.406797] pcie_pme 0000:00:01.0:pcie001: service driver pcie_pme loaded
[    3.413767] r8169 Gigabit Ethernet driver 2.3LK-NAPI loaded
[    3.419342] r8169 0000:01:00.0: enabling device (0140 -> 0143)
[    3.426521] r8169 0000:01:00.0 eth0: RTL8168evl/8111evl at 0xf0afe000, 02:04:4b:01:60:a6, XID 0c900800 IRQ 375
[    3.436525] r8169 0000:01:00.0 eth0: jumbo features [frames: 9200 bytes, tx checksumming: ko]
[    3.448098] [drm] Supports vblank timestamp caching Rev 2 (21.10.2013).
[    3.454716] [drm] No driver support for vblank timestamp query.
[    3.460647] [drm] Cannot find any crtc or sizes - going 1024x768
[    3.486065] Console: switching to colour frame buffer device 128x48
[    3.498364] drm drm: fb0:  frame buffer device
[    3.502854] [drm] Initialized tegra 0.0.0 20120330 on minor 0
[    3.514046] utmi_phy_clk_enable: timeout waiting for phy to stabilize
[    3.520502] tegra-ehci 7d004000.usb: EHCI Host Controller
[    3.525916] tegra-ehci 7d004000.usb: new USB bus registered, assigned bus number 1
[    3.533752] tegra-ehci 7d004000.usb: irq 343, io mem 0x7d004000
[    3.563614] tegra-ehci 7d004000.usb: USB 2.0 started, EHCI 1.00
[    3.570541] hub 1-0:1.0: USB hub found
[    3.574316] hub 1-0:1.0: 1 port detected
[    3.579452] tegra-ehci 7d008000.usb: EHCI Host Controller
[    3.584867] tegra-ehci 7d008000.usb: new USB bus registered, assigned bus number 2
[    3.592602] tegra-ehci 7d008000.usb: irq 344, io mem 0x7d008000
[    3.623611] tegra-ehci 7d008000.usb: USB 2.0 started, EHCI 1.00
[    3.630387] hub 2-0:1.0: USB hub found
[    3.634158] hub 2-0:1.0: 1 port detected
[    3.642669] tps65910-rtc tps65910-rtc: setting system clock to 2000-01-01 00:00:02 UTC (946684802)
[    3.652272] vdd_sata,avdd_plle: disabling
[    3.656644] usb1_vbus: disabling
[    3.661419] EXT4-fs (mmcblk1p1): mounting ext3 file system using the ext4 subsystem
[    3.676740] EXT4-fs (mmcblk1p1): warning: mounting fs with errors, running e2fsck is recommended
[    3.687004] EXT4-fs (mmcblk1p1): recovery complete
[    3.691789] EXT4-fs (mmcblk1p1): mounted filesystem with ordered data mode. Opts: (null)
[    3.699909] VFS: Mounted root (ext3 filesystem) on device 179:1.
[    3.716189] devtmpfs: mounted
[    3.721608] Freeing unused kernel memory: 2048K
bash: cannot set terminal process group (-1): Inappropriate ioctl for device
bash: no job control in this shell
root@(none):/# [    3.993628] usb 2-1: new high-speed USB device number 2 using tegra-ehmount -t sysfs none /sys
root@(none):/# 
root@(none):/# [    4.653399] asix 2-1:1.0 eth1: register 'asix' at usb-7d008000.usb-1, ASIX AX88772 USB 2.0 Ethernet, 00:50:b6:0f:67:60
mount -t debugfs none /sys/kernel/debug
root@(none):/# 
root@(none):/# rtcwake -d rtc1 -m mem -s 3
rtcwake: wakeup from "mem" using /dev/rtc1 at Thu Jan  1 00:00:21 1970
[    6.471056] PM: Syncing filesystems ... done.
[    6.484823] Freezing user space processes ... (elapsed 0.001 seconds) done.
[    6.492920] Freezing remaining freezable tasks ... (elapsed 0.001 seconds) done.
[    6.501553] Suspending console(s) (use no_console_suspend to debug)
[    6.587605] PM: suspend of devices complete after 78.926 msecs
[    6.590480] PM: late suspend of devices complete after 2.866 msecs
[    6.614279] PM: noirq suspend of devices complete after 23.791 msecs
[    6.614283] Disabling non-boot CPUs ...
[    6.614708] IRQ17 no longer affine to CPU1
[    6.615028] CPU1: shutdown
[    6.675124] CPU2: shutdown
[    6.714808] CPU3: shutdown
[    6.764220] Entering suspend state LP1
[    6.764220] Suspended for 3.146 seconds
[    6.764232] Enabling non-boot CPUs ...
[    6.794642] CPU1 is up
[    6.834717] CPU2 is up
[    6.874848] CPU3 is up
[    6.875434] pcieport 0000:00:01.0: nv_msi_ht_cap_quirk didn't locate host bridge
[    6.903663] PM: noirq resume of devices complete after 28.806 msecs
[    6.904662] PM: early resume of devices complete after 0.611 msecs
[    7.456100] PM: resume of devices complete after 551.428 msecs
[    7.535371] Restarting tasks ... done.
root@(none):/# 
root@(none):/# rtcwake -d rtc1 -m mem -s 3
rtcwake: wakeup from "mem" using /dev/rtc1 at Thu Jan  1 00:00:26 1970
[    8.406218] PM: Syncing filesystems ... done.
[    8.418106] Freezing user space processes ... (elapsed 0.001 seconds) done.
[    8.426232] Freezing remaining freezable tasks ... (elapsed 0.001 seconds) done.
[    8.434843] Suspending console(s) (use no_console_suspend to debug)
[    8.518267] PM: suspend of devices complete after 76.391 msecs
[    8.519908] PM: late suspend of devices complete after 1.633 msecs
[    8.544232] PM: noirq suspend of devices complete after 24.315 msecs
[    8.544236] Disabling non-boot CPUs ...
[    8.544585] IRQ17 no longer affine to CPU1
[    8.544911] CPU1: shutdown
[    8.584987] CPU2: shutdown
[    8.644761] CPU3: shutdown
[    8.694172] Entering suspend state LP1
[    8.694172] Suspended for 3.070 seconds
[    8.694186] Enabling non-boot CPUs ...
[    8.724831] CPU1 is up
[    8.764854] CPU2 is up
[    8.804983] CPU3 is up
[    8.805754] pcieport 0000:00:01.0: nv_msi_ht_cap_quirk didn't locate host bridge
[    8.833632] PM: noirq resume of devices complete after 28.640 msecs
[    8.835866] PM: early resume of devices complete after 1.783 msecs
[    9.389645] PM: resume of devices complete after 553.765 msecs
[    9.469161] Restarting tasks ... done.
root@(none):/# 
root@(none):/# rtcwake -d rtc1 -m mem -s 3
rtcwake: wakeup from "mem" using /dev/rtc1 at Thu Jan  1 00:00:31 1970
[   10.333086] PM: Syncing filesystems ... done.
[   10.346151] Freezing user space processes ... (elapsed 0.001 seconds) done.
[   10.354325] Freezing remaining freezable tasks ... (elapsed 0.001 seconds) done.
[   10.362993] Suspending console(s) (use no_console_suspend to debug)
[   10.448114] PM: suspend of devices complete after 77.846 msecs
[   10.450202] PM: late suspend of devices complete after 2.077 msecs
[   10.484353] PM: noirq suspend of devices complete after 34.142 msecs
[   10.484359] Disabling non-boot CPUs ...
[   10.485186] CPU1: shutdown
[   10.565008] IRQ17 no longer affine to CPU2
[   10.565269] CPU2: shutdown
[   10.604905] CPU3: shutdown
[   10.654203] Entering suspend state LP1
[   10.654203] Suspended for 3.039 seconds
[   10.654218] Enabling non-boot CPUs ...
[   10.684786] CPU1 is up
[   10.724831] CPU2 is up
[   10.764945] CPU3 is up
[   10.765717] pcieport 0000:00:01.0: nv_msi_ht_cap_quirk didn't locate host bridge
[   10.793614] PM: noirq resume of devices complete after 28.659 msecs
[   10.794837] PM: early resume of devices complete after 0.784 msecs
[   11.355502] PM: resume of devices complete after 560.654 msecs
[   11.435002] Restarting tasks ... done.
root@(none):/# 
root@(none):/# rtcwake -d rtc1 -m mem -s 3
rtcwake: wakeup from "mem" using /dev/rtc1 at Thu Jan  1 00:00:36 1970
[   12.293033] PM: Syncing filesystems ... done.
[   12.307117] Freezing user space processes ... (elapsed 0.001 seconds) done.
[   12.315285] Freezing remaining freezable tasks ... (elapsed 0.001 seconds) done.
[   12.323956] Suspending console(s) (use no_console_suspend to debug)
[   12.406502] PM: suspend of devices complete after 75.271 msecs
[   12.407629] PM: late suspend of devices complete after 1.116 msecs
[   12.434338] PM: noirq suspend of devices complete after 26.699 msecs
[   12.434343] Disabling non-boot CPUs ...
[   12.434792] IRQ17 no longer affine to CPU1
[   12.435188] CPU1: shutdown
[   12.505226] CPU2: shutdown
[   12.544875] CPU3: shutdown
[   12.594130] Entering suspend state LP1
[   12.594130] Suspended for 3.060 seconds
[   12.594142] Enabling non-boot CPUs ...
[   12.624741] CPU1 is up
[   12.664783] CPU2 is up
[   12.704897] CPU3 is up
[   12.705642] pcieport 0000:00:01.0: nv_msi_ht_cap_quirk didn't locate host bridge
[   12.733585] PM: noirq resume of devices complete after 28.679 msecs
[   12.735285] PM: early resume of devices complete after 1.243 msecs
[   13.294974] PM: resume of devices complete after 559.675 msecs
[   13.374509] Restarting tasks ... done.
root@(none):/# 
root@(none):/# rtcwake -d rtc1 -m mem -s 3
rtcwake: wakeup from "mem" using /dev/rtc1 at Thu Jan  1 00:00:41 1970
[   14.233068] PM: Syncing filesystems ... done.
[   14.247141] Freezing user space processes ... (elapsed 0.001 seconds) done.
[   14.255306] Freezing remaining freezable tasks ... (elapsed 0.001 seconds) done.
[   14.263981] Suspending console(s) (use no_console_suspend to debug)
[   14.346474] PM: suspend of devices complete after 75.241 msecs
[   14.347595] PM: late suspend of devices complete after 1.111 msecs
[   14.374304] PM: noirq suspend of devices complete after 26.698 msecs
[   14.374310] Disabling non-boot CPUs ...
[   14.374760] IRQ17 no longer affine to CPU1
[   14.375162] CPU1: shutdown
[   14.445163] CPU2: shutdown
[   14.494833] CPU3: shutdown
[   14.544108] Entering suspend state LP1
[   14.544108] Suspended for 3.049 seconds
[   14.544124] Enabling non-boot CPUs ...
[   14.574723] CPU1 is up
[   14.614779] CPU2 is up
[   14.654876] CPU3 is up
[   14.655614] pcieport 0000:00:01.0: nv_msi_ht_cap_quirk didn't locate host bridge
[   14.683547] PM: noirq resume of devices complete after 28.659 msecs
[   14.684774] PM: early resume of devices complete after 0.780 msecs
[   15.238151] PM: resume of devices complete after 553.363 msecs
[   15.317670] Restarting tasks ... done.
root@(none):/# 
root@(none):/# rtcwake -d rtc1 -m mem -s 3
rtcwake: wakeup from "mem" using /dev/rtc1 at Thu Jan  1 00:00:46 1970
[   16.183021] PM: Syncing filesystems ... done.
[   16.196086] Freezing user space processes ... (elapsed 0.001 seconds) done.
[   16.204256] Freezing remaining freezable tasks ... (elapsed 0.001 seconds) done.
[   16.212932] Suspending console(s) (use no_console_suspend to debug)
[   16.296452] PM: suspend of devices complete after 76.230 msecs
[   16.297559] PM: late suspend of devices complete after 1.098 msecs
[   16.324281] PM: noirq suspend of devices complete after 26.710 msecs
[   16.324286] Disabling non-boot CPUs ...
[   16.324745] IRQ17 no longer affine to CPU1
[   16.325155] CPU1: shutdown
[   16.395158] CPU2: shutdown
[   16.444829] CPU3: shutdown
[   16.494112] Entering suspend state LP1
[   16.494112] Suspended for 3.049 seconds
[   16.494126] Enabling non-boot CPUs ...
[   16.524700] CPU1 is up
[   16.564759] CPU2 is up
[   16.604853] CPU3 is up
[   16.605605] pcieport 0000:00:01.0: nv_msi_ht_cap_quirk didn't locate host bridge
[   16.633520] PM: noirq resume of devices complete after 28.654 msecs
[   16.635210] PM: early resume of devices complete after 1.250 msecs
[   17.189881] PM: resume of devices complete after 554.656 msecs
[   17.269382] Restarting tasks ... done.
root@(none):/# 
root@(none):/# rtcwake -d rtc1 -m mem -s 3
rtcwake: wakeup from "mem" using /dev/rtc1 at Thu Jan  1 00:00:51 1970
[   18.133015] PM: Syncing filesystems ... done.
[   18.146081] Freezing user space processes ... (elapsed 0.001 seconds) done.
[   18.154255] Freezing remaining freezable tasks ... (elapsed 0.001 seconds) done.
[   18.162923] Suspending console(s) (use no_console_suspend to debug)
[   18.246429] PM: suspend of devices complete after 76.220 msecs
[   18.247589] PM: late suspend of devices complete after 1.147 msecs
[   18.274255] PM: noirq suspend of devices complete after 26.657 msecs
[   18.274258] Disabling non-boot CPUs ...
[   18.274714] IRQ17 no longer affine to CPU1
[   18.275105] CPU1: shutdown
[   18.345115] CPU2: shutdown
[   18.394784] CPU3: shutdown
[   18.444051] Entering suspend state LP1
[   18.444051] Suspended for 3.050 seconds
[   18.444067] Enabling non-boot CPUs ...
[   18.474663] CPU1 is up
[   18.514697] CPU2 is up
[   18.554809] CPU3 is up
[   18.555575] pcieport 0000:00:01.0: nv_msi_ht_cap_quirk didn't locate host bridge
[   18.583494] PM: noirq resume of devices complete after 28.672 msecs
[   18.585254] PM: early resume of devices complete after 1.318 msecs
[   19.145900] PM: resume of devices complete after 560.634 msecs
[   19.225418] Restarting tasks ... done.
root@(none):/# 
root@(none):/# rtcwake -d rtc1 -m mem -s 3
rtcwake: wakeup from "mem" using /dev/rtc1 at Thu Jan  1 00:00:56 1970
[   20.082911] PM: Syncing filesystems ... done.
[   20.096974] Freezing user space processes ... (elapsed 0.001 seconds) done.
[   20.105151] Freezing remaining freezable tasks ... (elapsed 0.001 seconds) done.
[   20.113838] Suspending console(s) (use no_console_suspend to debug)
[   20.197402] PM: suspend of devices complete after 76.291 msecs
[   20.199491] PM: late suspend of devices complete after 2.078 msecs
[   20.224210] PM: noirq suspend of devices complete after 24.709 msecs
[   20.224214] Disabling non-boot CPUs ...
[   20.225062] CPU1: shutdown
[   20.314831] IRQ17 no longer affine to CPU2
[   20.315093] CPU2: shutdown
[   20.364750] CPU3: shutdown
[   20.414027] Entering suspend state LP1
[   20.414027] Suspended for 3.029 seconds
[   20.414042] Enabling non-boot CPUs ...
[   20.444636] CPU1 is up
[   20.484666] CPU2 is up
[   20.524808] CPU3 is up
[   20.525545] pcieport 0000:00:01.0: nv_msi_ht_cap_quirk didn't locate host bridge
[   20.553462] PM: noirq resume of devices complete after 28.644 msecs
[   20.555249] PM: early resume of devices complete after 1.342 msecs
[   21.115336] PM: resume of devices complete after 560.075 msecs
[   21.194891] Restarting tasks ... done.
root@(none):/# 
root@(none):/# rtcwake -d rtc1 -m mem -s 3
rtcwake: wakeup from "mem" using /dev/rtc1 at Thu Jan  1 00:01:01 1970
[   22.052958] PM: Syncing filesystems ... done.
[   22.066038] Freezing user space processes ... (elapsed 0.001 seconds) done.
[   22.074219] Freezing remaining freezable tasks ... (elapsed 0.001 seconds) done.
[   22.082888] Suspending console(s) (use no_console_suspend to debug)
[   22.166383] PM: suspend of devices complete after 76.198 msecs
[   22.167507] PM: late suspend of devices complete after 1.115 msecs
[   22.194189] PM: noirq suspend of devices complete after 26.671 msecs
[   22.194193] Disabling non-boot CPUs ...
[   22.194635] IRQ17 no longer affine to CPU1
[   22.195039] CPU1: shutdown
[   22.265066] CPU2: shutdown
[   22.314725] CPU3: shutdown
[   22.364001] Entering suspend state LP1
[   22.364001] Suspended for 3.049 seconds
[   22.364016] Enabling non-boot CPUs ...
[   22.394602] CPU1 is up
[   22.434645] CPU2 is up
[   22.474768] CPU3 is up
[   22.475509] pcieport 0000:00:01.0: nv_msi_ht_cap_quirk didn't locate host bridge
[   22.503432] PM: noirq resume of devices complete after 28.653 msecs
[   22.504605] PM: early resume of devices complete after 0.750 msecs
[   23.070756] PM: resume of devices complete after 566.140 msecs
[   23.150237] Restarting tasks ... done.
root@(none):/# 
root@(none):/# rtcwake -d rtc1 -m mem -s 3
rtcwake: wakeup from "mem" using /dev/rtc1 at Thu Jan  1 00:01:06 1970
[   24.010258] PM: Syncing filesystems ... done.
[   24.024867] Freezing user space processes ... (elapsed 0.001 seconds) done.
[   24.033025] Freezing remaining freezable tasks ... (elapsed 0.001 seconds) done.
[   24.041718] Suspending console(s) (use no_console_suspend to debug)
[   24.126854] PM: suspend of devices complete after 77.853 msecs
[   24.130457] PM: late suspend of devices complete after 3.593 msecs
[   24.154125] PM: noirq suspend of devices complete after 23.658 msecs
[   24.154128] Disabling non-boot CPUs ...
[   24.154952] CPU1: shutdown
[   24.224751] IRQ17 no longer affine to CPU2
[   24.225011] CPU2: shutdown
[   24.284717] CPU3: shutdown
[   24.333953] Entering suspend state LP1
[   24.333953] Suspended for 3.030 seconds
[   24.333965] Enabling non-boot CPUs ...
[   24.364551] CPU1 is up
[   24.404618] CPU2 is up
[   24.444710] CPU3 is up
[   24.445465] pcieport 0000:00:01.0: nv_msi_ht_cap_quirk didn't locate host bridge
[   24.473392] PM: noirq resume of devices complete after 28.672 msecs
[   24.475144] PM: early resume of devices complete after 1.310 msecs
[   25.029994] PM: resume of devices complete after 554.835 msecs
[   25.109509] Restarting tasks ... done.
root@(none):/# 
root@(none):/# NVTB SYSTEM SUSPEND TEST COMPLETE
