
U-Boot SPL 2016.05-rc2 (Apr 21 2016 - 16:23:00)
Trying to boot from RAM


U-Boot 2016.05-rc2 (Apr 21 2016 - 16:23:00 -0700)

TEGRA124
Model: NVIDIA Jetson TK1
Board: NVIDIA Jetson TK1
DRAM:  2 GiB
MC:   Tegra SD/MMC: 0, Tegra SD/MMC: 1
In:    serial
Out:   serial
Err:   serial
Net:   No ethernet found.
Hit any key to stop autoboot:  2  0 
Tegra124 (Jetson TK1) # 
Tegra124 (Jetson TK1) # pci enum
Tegra124 (Jetson TK1) # setenv bootargs 'ignore_loglevel console=ttyS0,115200n8 rw root=PARTUUID=b1791faa-84e8-4e27-83a1-9fb0a77e8803 rootwait gpt debug noinitrd earlyprintk init=/bin/bash'
Tegra124 (Jetson TK1) # setenv ipaddr 192.168.100.102; setenv serverip 192.168.100.1; setenv tftpserverip 192.168.100.1
Tegra124 (Jetson TK1) # tftpboot 0x82000000 zImage.multi_v7_defconfig

Warning: eth_rtl8169 using MAC address from ROM
Using eth_rtl8169 device
TFTP from server 192.168.100.1; our IP address is 192.168.100.102
Filename 'zImage.multi_v7_defconfig'.
Load address: 0x82000000
Loading: *#################################################################
	 #################################################################
	 #################################################################
	 #################################################################
	 #################################################################
	 #################################################################
	 #################################################################
	 #################################################################
	 ##############################
	 3.9 MiB/s
done
Bytes transferred = 8073728 (7b3200 hex)
Tegra124 (Jetson TK1) # tftpboot 0x83000000 tegra124-jetson-tk1.dtb
Using eth_rtl8169 device
TFTP from server 192.168.100.1; our IP address is 192.168.100.102
Filename 'tegra124-jetson-tk1.dtb'.
Load address: 0x83000000
Loading: *#####
	 3.7 MiB/s
done
Bytes transferred = 66544 (103f0 hex)
Tegra124 (Jetson TK1) # bootz 0x82000000 - 0x83000000
Kernel image @ 0x82000000 [ 0x000000 - 0x7b3200 ]
## Flattened Device Tree blob at 83000000
   Booting using the fdt blob at 0x83000000
   Using Device Tree in place at 83000000, end 830133ef

Starting kernel ...

[    0.000000] Booting Linux on physical CPU 0x0
[    0.000000] Linux version 4.15.0-rc4-next-20171219-340270-ga5791b188fb2 (jonathanh@tamien) (gcc version 4.7.3 20130328 (prerelease) (crosstool-NG linaro-1.13.1-4.7-2013.04-20130415 - Linaro GCC 2013.04)) #1 SMP Tue Dec 19 01:48:29 PST 2017
[    0.000000] CPU: ARMv7 Processor [413fc0f3] revision 3 (ARMv7), cr=10c5387d
[    0.000000] CPU: div instructions available: patching division code
[    0.000000] CPU: PIPT / VIPT nonaliasing data cache, PIPT instruction cache
[    0.000000] OF: fdt: Machine model: NVIDIA Tegra124 Jetson TK1
[    0.000000] debug: ignoring loglevel setting.
[    0.000000] Memory policy: Data cache writealloc
[    0.000000] efi: Getting EFI parameters from FDT:
[    0.000000] efi: UEFI not found.
[    0.000000] cma: Reserved 64 MiB at 0xfb800000
[    0.000000] On node 0 totalpages: 524032
[    0.000000]   DMA zone: 1536 pages used for memmap
[    0.000000]   DMA zone: 0 pages reserved
[    0.000000]   DMA zone: 196608 pages, LIFO batch:31
[    0.000000]   HighMem zone: 327424 pages, LIFO batch:31
[    0.000000] random: fast init done
[    0.000000] percpu: Embedded 17 pages/cpu @(ptrval) s39040 r8192 d22400 u69632
[    0.000000] pcpu-alloc: s39040 r8192 d22400 u69632 alloc=17*4096
[    0.000000] pcpu-alloc: [0] 0 [0] 1 [0] 2 [0] 3 
[    0.000000] Built 1 zonelists, mobility grouping on.  Total pages: 522496
[    0.000000] Kernel command line: ignore_loglevel console=ttyS0,115200n8 rw root=PARTUUID=b1791faa-84e8-4e27-83a1-9fb0a77e8803 rootwait gpt debug noinitrd earlyprintk init=/bin/bash
[    0.000000] Dentry cache hash table entries: 131072 (order: 7, 524288 bytes)
[    0.000000] Inode-cache hash table entries: 65536 (order: 6, 262144 bytes)
[    0.000000] Memory: 1992460K/2096128K available (11264K kernel code, 1580K rwdata, 4312K rodata, 2048K init, 404K bss, 38132K reserved, 65536K cma-reserved, 1244160K highmem)
[    0.000000] Virtual kernel memory layout:
[    0.000000]     vector  : 0xffff0000 - 0xffff1000   (   4 kB)
[    0.000000]     fixmap  : 0xffc00000 - 0xfff00000   (3072 kB)
[    0.000000]     vmalloc : 0xf0800000 - 0xff800000   ( 240 MB)
[    0.000000]     lowmem  : 0xc0000000 - 0xf0000000   ( 768 MB)
[    0.000000]     pkmap   : 0xbfe00000 - 0xc0000000   (   2 MB)
[    0.000000]     modules : 0xbf000000 - 0xbfe00000   (  14 MB)
[    0.000000]       .text : 0x(ptrval) - 0x(ptrval)   (12256 kB)
[    0.000000]       .init : 0x(ptrval) - 0x(ptrval)   (2048 kB)
[    0.000000]       .data : 0x(ptrval) - 0x(ptrval)   (1581 kB)
[    0.000000]        .bss : 0x(ptrval) - 0x(ptrval)   ( 405 kB)
[    0.000000] SLUB: HWalign=64, Order=0-3, MinObjects=0, CPUs=4, Nodes=1
[    0.000000] Hierarchical RCU implementation.
[    0.000000] 	RCU event tracing is enabled.
[    0.000000] 	RCU restricting CPUs from NR_CPUS=16 to nr_cpu_ids=4.
[    0.000000] RCU: Adjusting geometry for rcu_fanout_leaf=16, nr_cpu_ids=4
[    0.000000] NR_IRQS: 16, nr_irqs: 16, preallocated irqs: 16
[    0.000000] /interrupt-controller@60004000: 160 interrupts forwarded to /interrupt-controller@50041000
[    0.000000] Tegra clk 127: register failed with -17
[    0.000008] sched_clock: 32 bits at 1000kHz, resolution 1000ns, wraps every 2147483647500ns
[    0.000028] clocksource: timer_us: mask: 0xffffffff max_cycles: 0xffffffff, max_idle_ns: 1911260446275 ns
[    0.000043] Switching to timer-based delay loop, resolution 1000ns
[    0.005170] arch_timer: cp15 timer(s) running at 12.00MHz (virt).
[    0.005190] clocksource: arch_sys_counter: mask: 0xffffffffffffff max_cycles: 0x2c47f4ee7, max_idle_ns: 440795202497 ns
[    0.005209] sched_clock: 56 bits at 12MHz, resolution 83ns, wraps every 4398046511096ns
[    0.005223] Switching to timer-based delay loop, resolution 83ns
[    0.005712] Console: colour dummy device 80x30
[    0.005746] Calibrating delay loop (skipped), value calculated using timer frequency.. 24.00 BogoMIPS (lpj=120000)
[    0.005764] pid_max: default: 32768 minimum: 301
[    0.005881] Mount-cache hash table entries: 2048 (order: 1, 8192 bytes)
[    0.005898] Mountpoint-cache hash table entries: 2048 (order: 1, 8192 bytes)
[    0.006392] CPU: Testing write buffer coherency: ok
[    0.006657] /cpus/cpu@0 missing clock-frequency property
[    0.006701] /cpus/cpu@1 missing clock-frequency property
[    0.006744] /cpus/cpu@2 missing clock-frequency property
[    0.006789] /cpus/cpu@3 missing clock-frequency property
[    0.006803] CPU0: thread -1, cpu 0, socket 0, mpidr 80000000
[    0.007105] Setting up static identity map for 0x80300000 - 0x803000a0
[    0.009056] Hierarchical SRCU implementation.
[    0.010954] Tegra Revision: A01 SKU: 129 CPU Process: 1 SoC Process: 1
[    0.011790] EFI services will not be available.
[    0.011958] smp: Bringing up secondary CPUs ...
[    0.012534] CPU1: thread -1, cpu 1, socket 0, mpidr 80000001
[    0.015694] CPU2: thread -1, cpu 2, socket 0, mpidr 80000002
[    0.025719] CPU3: thread -1, cpu 3, socket 0, mpidr 80000003
[    0.035170] smp: Brought up 1 node, 4 CPUs
[    0.035190] SMP: Total of 4 processors activated (96.00 BogoMIPS).
[    0.035199] CPU: All CPU(s) started in SVC mode.
[    0.036734] devtmpfs: initialized
[    0.051162] Built 1 zonelists, mobility grouping on.  Total pages: 514499
[    0.051505] VFP support v0.3: implementor 41 architecture 4 part 30 variant f rev 0
[    0.051926] clocksource: jiffies: mask: 0xffffffff max_cycles: 0xffffffff, max_idle_ns: 19112604462750000 ns
[    0.051945] futex hash table entries: 1024 (order: 4, 65536 bytes)
[    0.052132] pinctrl core: initialized pinctrl subsystem
[    0.053608] DMI not present or invalid.
[    0.053855] NET: Registered protocol family 16
[    0.055890] DMA: preallocated 256 KiB pool for atomic coherent allocations
[    0.058359] cpuidle: using governor menu
[    0.083711] No ATAGs?
[    0.083840] hw-breakpoint: found 5 (+1 reserved) breakpoint and 4 watchpoint registers.
[    0.083857] hw-breakpoint: maximum watchpoint size is 8 bytes.
[    0.091536] Serial: AMBA PL011 UART driver
[    0.093000] iommu: Adding device 50000000.host1x to group 0
[    0.093081] iommu: Adding device 54200000.dc to group 1
[    0.093141] iommu: Adding device 54240000.dc to group 1
[    0.093214] iommu: Adding device 57000000.gpu to group 2
[    0.108304] AT91: Could not find identification node
[    0.108872] +5V_SYS: supplied by +VDD_MUX
[    0.109158] +3.3V_SYS: supplied by +VDD_MUX
[    0.109774] +USB0_VBUS_SW: Failed to request enable GPIO108: -517
[    0.109790] reg-fixed-voltage regulators:regulator@7: Failed to register regulator: -517
[    0.109891] +5V_USB_HS: Failed to request enable GPIO109: -517
[    0.109905] reg-fixed-voltage regulators:regulator@8: Failed to register regulator: -517
[    0.110095] +1.05V_RUN_AVDD_HDMI_PLL: Failed to request enable GPIO63: -517
[    0.110108] reg-fixed-voltage regulators:regulator@11: Failed to register regulator: -517
[    0.110207] +5V_HDMI_CON: Failed to request enable GPIO86: -517
[    0.110220] reg-fixed-voltage regulators:regulator@12: Failed to register regulator: -517
[    0.110318] +5V_SATA: Failed to request enable GPIO242: -517
[    0.110331] reg-fixed-voltage regulators:regulator@13: Failed to register regulator: -517
[    0.110428] +12V_SATA: Failed to request enable GPIO242: -517
[    0.110440] reg-fixed-voltage regulators:regulator@14: Failed to register regulator: -517
[    0.113458] vgaarb: loaded
[    0.114200] SCSI subsystem initialized
[    0.114386] libata version 3.00 loaded.
[    0.114583] usbcore: registered new interface driver usbfs
[    0.114637] usbcore: registered new interface driver hub
[    0.114696] usbcore: registered new device driver usb
[    0.118221] pps_core: LinuxPPS API ver. 1 registered
[    0.118232] pps_core: Software ver. 5.3.6 - Copyright 2005-2007 Rodolfo Giometti <giometti@linux.it>
[    0.118254] PTP clock support registered
[    0.118447] EDAC MC: Ver: 3.0.0
[    0.121305] clocksource: Switched to clocksource arch_sys_counter
[    0.170869] NET: Registered protocol family 2
[    0.171393] tcp_listen_portaddr_hash hash table entries: 512 (order: 0, 6144 bytes)
[    0.171426] TCP established hash table entries: 8192 (order: 3, 32768 bytes)
[    0.171524] TCP bind hash table entries: 8192 (order: 4, 65536 bytes)
[    0.171711] TCP: Hash tables configured (established 8192 bind 8192)
[    0.171793] UDP hash table entries: 512 (order: 2, 16384 bytes)
[    0.171840] UDP-Lite hash table entries: 512 (order: 2, 16384 bytes)
[    0.171996] NET: Registered protocol family 1
[    0.172326] RPC: Registered named UNIX socket transport module.
[    0.172337] RPC: Registered udp transport module.
[    0.172345] RPC: Registered tcp transport module.
[    0.172353] RPC: Registered tcp NFSv4.1 backchannel transport module.
[    0.172366] PCI: CLS 0 bytes, default 64
[    0.173852] hw perfevents: enabled with armv7_cortex_a15 PMU driver, 7 counters available
[    0.175357] Initialise system trusted keyrings
[    0.175485] workingset: timestamp_bits=30 max_order=19 bucket_order=0
[    0.181942] squashfs: version 4.0 (2009/01/31) Phillip Lougher
[    0.182519] NFS: Registering the id_resolver key type
[    0.182542] Key type id_resolver registered
[    0.182552] Key type id_legacy registered
[    0.182597] ntfs: driver 2.1.32 [Flags: R/O].
[    0.184101] Key type asymmetric registered
[    0.184113] Asymmetric key parser 'x509' registered
[    0.184166] bounce: pool size: 64 pages
[    0.184213] Block layer SCSI generic (bsg) driver version 0.4 loaded (major 246)
[    0.184225] io scheduler noop registered
[    0.184234] io scheduler deadline registered
[    0.184456] io scheduler cfq registered (default)
[    0.184466] io scheduler mq-deadline registered
[    0.184475] io scheduler kyber registered
[    0.188564]  usb2-0: usb2-0 supply vbus not found, using dummy regulator
[    0.188678]  usb2-1: usb2-1 supply vbus not found, using dummy regulator
[    0.189048] tegra-xusb-padctl 7009f000.padctl: failed to setup XUSB ports: -517
[    0.208563] tegra-pcie 1003000.pcie: 2x1, 1x1 configuration
[    0.208618] tegra-pcie 1003000.pcie: Failed to get supply 'avddio-pex': -517
[    0.215081] tegra124-dfll 70110000.clock: couldn't get vdd_cpu regulator
[    0.221615] tegra-apbdma 60020000.dma: Tegra20 APB DMA driver register 32 channels
[    0.225028] tegra-pmc 7000e400.pmc: emergency thermal reset enabled
[    0.274839] Serial: 8250/16550 driver, 4 ports, IRQ sharing disabled
[    0.277402] console [ttyS0] disabled
[    0.277442] 70006300.serial: ttyS0 at MMIO 0x70006300 (irq = 335, base_baud = 25500000) is a Tegra
[    1.215198] console [ttyS0] enabled
[    1.219593] SuperH (H)SCI(F) driver initialized
[    1.225270] msm_serial: driver initialized
[    1.229554] STMicroelectronics ASC driver initialized
[    1.235305] 70006000.serial: ttyTHS1 at MMIO 0x70006000 (irq = 333, base_baud = 0) is a TEGRA_UART
[    1.244571] 70006040.serial: ttyTHS2 at MMIO 0x70006040 (irq = 334, base_baud = 0) is a TEGRA_UART
[    1.259076] Failed to attached device 54200000.dc to IOMMU_mapping
[    1.273496] Failed to attached device 54240000.dc to IOMMU_mapping
[    1.288403] tegra-hdmi 54280000.hdmi: failed to get HDMI regulator
[    1.305623] brd: module loaded
[    1.314953] loop: module loaded
[    1.319295] at24 0-0056: 256 byte 24c02 EEPROM, writable, 8 bytes/write
[    1.327657] as3722 4-0040: AS3722 with revision 0x1 found
[    1.339245] as3722-sd2: supplied by +5V_SYS
[    1.343859] as3722-sd3: supplied by +5V_SYS
[    1.348247] +1.35V_LP0(sd3): Bringing 0uV into 1350000-1350000uV
[    1.354648] as3722-sd4: supplied by +5V_SYS
[    1.359239] as3722-sd5: supplied by +5V_SYS
[    1.365209] as3722-ldo0: supplied by +1.35V_LP0(sd2)
[    1.371215] +1.8V_RUN_CAM: Bringing 0uV into 1800000-1800000uV
[    1.377421] as3722-ldo2: supplied by +1.8V_VDDIO
[    1.383282] as3722-ldo3: supplied by +3.3V_SYS
[    1.387757] +1.05V_LP0_VDD_RTC: Bringing 1100000uV into 1000000-1000000uV
[    1.395523] as3722-ldo4: supplied by +3.3V_SYS
[    1.400187] +2.8V_RUN_CAM: Bringing 0uV into 2800000-2800000uV
[    1.406380] as3722-ldo5: supplied by +1.8V_VDDIO
[    1.411200] +1.2V_RUN_CAM_FRONT: Bringing 0uV into 1200000-1200000uV
[    1.418103] +VDDIO_SDMMC3: bypassed regulator has no supply!
[    1.423774] +VDDIO_SDMMC3: failed to get the current voltage(-517)
[    1.429950] as3722-regulator as3722-regulator: regulator 13 register failed -517
[    1.442592] tegra-ahci 70027000.sata: couldn't get PHY in node sata: -517
[    1.465090] m25p80 spi1.0: w25q32dw (4096 Kbytes)
[    1.472534] libphy: Fixed MDIO Bus: probed
[    1.477566] CAN device driver interface
[    1.482380] bgmac_bcma: Broadcom 47xx GBit MAC driver loaded
[    1.489460] e1000e: Intel(R) PRO/1000 Network Driver - 3.2.6-k
[    1.495304] e1000e: Copyright(c) 1999 - 2015 Intel Corporation.
[    1.501269] igb: Intel(R) Gigabit Ethernet Network Driver - version 5.4.0-k
[    1.508233] igb: Copyright (c) 2007-2014 Intel Corporation.
[    1.517909] pegasus: v0.9.3 (2013/04/25), Pegasus/Pegasus II USB Ethernet driver
[    1.525351] usbcore: registered new interface driver pegasus
[    1.531040] usbcore: registered new interface driver asix
[    1.536485] usbcore: registered new interface driver ax88179_178a
[    1.542612] usbcore: registered new interface driver cdc_ether
[    1.548475] usbcore: registered new interface driver smsc75xx
[    1.554269] usbcore: registered new interface driver smsc95xx
[    1.560034] usbcore: registered new interface driver net1080
[    1.565727] usbcore: registered new interface driver cdc_subset
[    1.571688] usbcore: registered new interface driver zaurus
[    1.577295] usbcore: registered new interface driver cdc_ncm
[    1.583191] tegra-phy 7d000000.usb-phy: no vbus regulator
[    1.588781] tegra-phy 7d004000.usb-phy: no vbus regulator
[    1.596284] ehci_hcd: USB 2.0 'Enhanced' Host Controller (EHCI) Driver
[    1.602818] ehci-pci: EHCI PCI platform driver
[    1.607288] ehci-platform: EHCI generic platform driver
[    1.612743] ehci-orion: EHCI orion driver
[    1.616916] SPEAr-ehci: EHCI SPEAr driver
[    1.621066] ehci-st: EHCI STMicroelectronics driver
[    1.626095] ehci-exynos: EHCI EXYNOS driver
[    1.630438] ehci-atmel: EHCI Atmel driver
[    1.634599] tegra-ehci: Tegra EHCI driver
[    1.641451] tegra-ehci 7d004000.usb: EHCI Host Controller
[    1.646864] tegra-ehci 7d004000.usb: new USB bus registered, assigned bus number 1
[    1.654652] tegra-ehci 7d004000.usb: irq 356, io mem 0x7d004000
[    1.681332] tegra-ehci 7d004000.usb: USB 2.0 started, EHCI 1.10
[    1.687931] hub 1-0:1.0: USB hub found
[    1.691740] hub 1-0:1.0: 1 port detected
[    1.696227] ohci_hcd: USB 1.1 'Open' Host Controller (OHCI) Driver
[    1.702447] ohci-pci: OHCI PCI platform driver
[    1.706926] ohci-platform: OHCI generic platform driver
[    1.712366] SPEAr-ohci: OHCI SPEAr driver
[    1.716517] ohci-st: OHCI STMicroelectronics driver
[    1.721546] ohci-atmel: OHCI Atmel driver
[    1.726359] usbcore: registered new interface driver usb-storage
[    1.741308] as3722-rtc as3722-rtc: rtc core: registered as3722-rtc as rtc0
[    1.748178] as3722-rtc as3722-rtc: RTC interrupt 379
[    1.756600] tegra_rtc 7000e000.rtc: rtc core: registered 7000e000.rtc as rtc1
[    1.763791] tegra_rtc 7000e000.rtc: Tegra internal Real Time Clock
[    1.770525] i2c /dev entries driver
[    1.781209] lm90 0-004c: 0-004c supply vcc not found, using dummy regulator
[    1.798899] sdhci: Secure Digital Host Controller Interface driver
[    1.805100] sdhci: Copyright(c) Pierre Ossman
[    1.811255] Synopsys Designware Multimedia Card Interface Driver
[    1.818842] sdhci-pltfm: SDHCI platform and OF driver helper
[    1.825331] sdhci-tegra 700b0400.sdhci: Got CD GPIO
[    1.830218] sdhci-tegra 700b0400.sdhci: Got WP GPIO
[    1.851492] mmc0: Unknown controller version (3). You may experience problems.
[    1.858749] mmc0: Invalid maximum block size, assuming 512 bytes
[    1.895724] mmc0: SDHCI controller on 700b0600.sdhci [700b0600.sdhci] using ADMA
[    1.905365] ledtrig-cpu: registered to indicate activity on CPUs
[    1.911757] usbcore: registered new interface driver usbhid
[    1.917397] usbhid: USB HID core driver
[    1.925961] NET: Registered protocol family 10
[    1.931461] Segment Routing with IPv6
[    1.935201] sit: IPv6, IPv4 and MPLS over IPv4 tunneling driver
[    1.941648] NET: Registered protocol family 17
[    1.946093] can: controller area network core (rev 20170425 abi 9)
[    1.952340] NET: Registered protocol family 29
[    1.956780] can: raw protocol (rev 20170425)
[    1.961043] can: broadcast manager protocol (rev 20170425 t)
[    1.966717] can: netlink gateway (rev 20170425) max_hops=1
[    1.972504] Key type dns_resolver registered
[    1.977282] ThumbEE CPU extension supported.
[    1.981574] Registering SWP/SWPB emulation handler
[    1.986930] Loading compiled-in X.509 certificates
[    2.004039] +3.3V_RUN: supplied by +3.3V_SYS
[    2.009664] +USB0_VBUS_SW: supplied by +5V_SYS
[    2.014462] +3.3V_AVDD_HDMI_AP_GATED: supplied by +3.3V_RUN
[    2.020665] +5V_USB_HS: supplied by +5V_SYS
[    2.024829] mmc0: new high speed MMC card at address 0001
[    2.025527] mmcblk0: mmc0:0001 SEM16G 14.7 GiB 
[    2.025944] mmcblk0boot0: mmc0:0001 SEM16G partition 1 4.00 MiB
[    2.026362] mmcblk0boot1: mmc0:0001 SEM16G partition 2 4.00 MiB
[    2.031482] mmcblk0rpmb: mmc0:0001 SEM16G partition 3 4.00 MiB, chardev (236:0)
[    2.033950]  mmcblk0: p1
[    2.058337] +3.3V_LP0: supplied by +3.3V_SYS
[    2.064615] +5V_HDMI_CON: supplied by +5V_SYS
[    2.069479] +5V_SATA: supplied by +5V_SYS
[    2.074198] +12V_SATA: supplied by +VDD_MUX
[    2.079684]  usb2-0: usb2-0 supply vbus not found, using dummy regulator
[    2.086558]  usb2-1: usb2-1 supply vbus not found, using dummy regulator
[    2.093621]  usb3-0: usb3-0 supply vbus not found, using dummy regulator
[    2.101648] tegra-pcie 1003000.pcie: 2x1, 1x1 configuration
[    2.107290] tegra-pcie 1003000.pcie: Failed to get supply 'avddio-pex': -517
[    2.117056] tegra124-dfll 70110000.clock: couldn't get vdd_cpu regulator
[    2.127330] tegra-hdmi 54280000.hdmi: failed to get PLL regulator
[    2.137235] as3722-sd2: supplied by +5V_SYS
[    2.141773] as3722-sd3: supplied by +5V_SYS
[    2.146281] as3722-sd4: supplied by +5V_SYS
[    2.150675] as3722-sd5: supplied by +5V_SYS
[    2.156577] as3722-ldo0: supplied by +1.35V_LP0(sd2)
[    2.162536] as3722-ldo1: supplied by +3.3V_RUN
[    2.167303] as3722-ldo2: supplied by +1.8V_VDDIO
[    2.172941] as3722-ldo3: supplied by +3.3V_SYS
[    2.178226] as3722-ldo4: supplied by +3.3V_SYS
[    2.183011] as3722-ldo5: supplied by +1.8V_VDDIO
[    2.187873] as3722-ldo6: supplied by +3.3V_RUN
[    2.192569] as3722-ldo7: supplied by +1.8V_VDDIO
[    2.197955] +1.05V_RUN_CAM_REAR: Bringing 0uV into 1050000-1050000uV
[    2.205046] as3722-ldo9: supplied by +5V_SYS
[    2.210621] +3.3V_RUN_TOUCH: Bringing 0uV into 2800000-2800000uV
[    2.217209] as3722-ldo10: supplied by +5V_SYS
[    2.222170] +2.8V_RUN_CAM_AF: Bringing 0uV into 2800000-2800000uV
[    2.228965] as3722-ldo11: supplied by +3.3V_RUN
[    2.234308] +1.8V_RUN_VPP_FUSE: Bringing 0uV into 1800000-1800000uV
[    2.244405] tegra-ahci 70027000.sata: AHCI 0001.0301 32 slots 2 ports 3 Gbps 0x1 impl platform mode
[    2.253480] tegra-ahci 70027000.sata: flags: 64bit ncq sntf pm led pio slum part sadm sds apst 
[    2.263493] scsi host0: tegra-ahci
[    2.268104] scsi host1: tegra-ahci
[    2.271783] ata1: SATA max UDMA/133 mmio [mem 0x70027000-0x70028fff] port 0x100 irq 345
[    2.279777] ata2: DUMMY
[    2.285739] tegra-ehci 7d008000.usb: EHCI Host Controller
[    2.291156] tegra-ehci 7d008000.usb: new USB bus registered, assigned bus number 2
[    2.298926] tegra-ehci 7d008000.usb: irq 357, io mem 0x7d008000
[    2.331426] tegra-ehci 7d008000.usb: USB 2.0 started, EHCI 1.10
[    2.338376] hub 2-0:1.0: USB hub found
[    2.342232] hub 2-0:1.0: 1 port detected
[    2.348715] sdhci-tegra 700b0400.sdhci: Got CD GPIO
[    2.353669] sdhci-tegra 700b0400.sdhci: Got WP GPIO
[    2.365534] mmc1: Unknown controller version (3). You may experience problems.
[    2.372882] mmc1: Invalid maximum block size, assuming 512 bytes
[    2.410943] mmc1: SDHCI controller on 700b0400.sdhci [700b0400.sdhci] using ADMA
[    2.419148] tegra-pcie 1003000.pcie: 2x1, 1x1 configuration
[    2.426765] tegra-pcie 1003000.pcie: probing port 0, using 2 lanes
[    2.434474] tegra-pcie 1003000.pcie: Slot present pin change, signature: 00000008
[    2.460348] tegra-pcie 1003000.pcie: probing port 1, using 1 lanes
[    2.468690] tegra-pcie 1003000.pcie: Slot present pin change, signature: 00000000
[    2.483526] tegra-pcie 1003000.pcie: PCI host bridge to bus 0000:00
[    2.489793] pci_bus 0000:00: root bus resource [io  0x0000-0xffff]
[    2.496007] pci_bus 0000:00: root bus resource [mem 0x13000000-0x1fffffff]
[    2.502922] pci_bus 0000:00: root bus resource [mem 0x20000000-0x3fffffff pref]
[    2.510235] pci_bus 0000:00: root bus resource [bus 00-ff]
[    2.515802] pci 0000:00:01.0: [10de:0e12] type 01 class 0x060400
[    2.521875] pci_bus 0000:00: 2-byte config write to 0000:00:01.0 offset 0x4 may corrupt adjacent RW1C bits
[    2.531570] pci_bus 0000:00: 2-byte config write to 0000:00:01.0 offset 0x4 may corrupt adjacent RW1C bits
[    2.541254] pci 0000:00:01.0: enabling Extended Tags
[    2.546266] pci_bus 0000:00: 2-byte config write to 0000:00:01.0 offset 0x88 may corrupt adjacent RW1C bits
[    2.556064] pci_bus 0000:00: 2-byte config write to 0000:00:01.0 offset 0x52 may corrupt adjacent RW1C bits
[    2.565874] pci 0000:00:01.0: PME# supported from D0 D1 D2 D3hot D3cold
[    2.572539] pci_bus 0000:00: 2-byte config write to 0000:00:01.0 offset 0x4c may corrupt adjacent RW1C bits
[    2.582589] pci 0000:00:02.0: [10de:0e13] type 01 class 0x060400
[    2.588617] pci_bus 0000:00: 2-byte config write to 0000:00:02.0 offset 0x4 may corrupt adjacent RW1C bits
[    2.598305] pci_bus 0000:00: 2-byte config write to 0000:00:02.0 offset 0x4 may corrupt adjacent RW1C bits
[    2.608019] pci 0000:00:02.0: enabling Extended Tags
[    2.613033] pci_bus 0000:00: 2-byte config write to 0000:00:02.0 offset 0x88 may corrupt adjacent RW1C bits
[    2.615060] ata1: SATA link down (SStatus 0 SControl 300)
[    2.628224] pci_bus 0000:00: 2-byte config write to 0000:00:02.0 offset 0x52 may corrupt adjacent RW1C bits
[    2.638008] pci 0000:00:02.0: PME# supported from D0 D1 D2 D3hot D3cold
[    2.644635] pci_bus 0000:00: 2-byte config write to 0000:00:02.0 offset 0x4c may corrupt adjacent RW1C bits
[    2.654655] PCI: bus0: Fast back to back transfers disabled
[    2.660234] pci 0000:00:01.0: bridge configuration invalid ([bus 00-00]), reconfiguring
[    2.668281] pci 0000:00:02.0: bridge configuration invalid ([bus 00-00]), reconfiguring
[    2.676488] pci 0000:01:00.0: [8086:4232] type 00 class 0x028000
[    2.682557] pci 0000:01:00.0: reg 0x10: [mem 0x00000000-0x00001fff 64bit]
[    2.689584] PCI: bus1: Fast back to back transfers disabled
[    2.695173] pci_bus 0000:01: busn_res: [bus 01-ff] end is updated to 01
[    2.701990] pci 0000:02:00.0: [10ec:8168] type 00 class 0x020000
[    2.708029] pci 0000:02:00.0: reg 0x10: [io  0x0000-0x00ff]
[    2.713681] pci 0000:02:00.0: reg 0x18: [mem 0x00000000-0x00000fff 64bit]
[    2.720481] pci 0000:02:00.0: reg 0x20: [mem 0x00000000-0x00003fff 64bit pref]
[    2.727924] PCI: bus2: Fast back to back transfers disabled
[    2.733513] pci_bus 0000:02: busn_res: [bus 02-ff] end is updated to 02
[    2.740156] pci 0000:00:01.0: BAR 8: assigned [mem 0x13000000-0x130fffff]
[    2.746955] pci 0000:00:02.0: BAR 8: assigned [mem 0x13100000-0x131fffff]
[    2.753753] pci 0000:00:02.0: BAR 9: assigned [mem 0x20000000-0x200fffff 64bit pref]
[    2.761503] pci 0000:00:02.0: BAR 7: assigned [io  0x1000-0x1fff]
[    2.767594] pci 0000:01:00.0: BAR 0: assigned [mem 0x13000000-0x13001fff 64bit]
[    2.774929] pci 0000:00:01.0: PCI bridge to [bus 01]
[    2.779893] pci 0000:00:01.0:   bridge window [mem 0x13000000-0x130fffff]
[    2.786707] pci 0000:02:00.0: BAR 4: assigned [mem 0x20000000-0x20003fff 64bit pref]
[    2.794510] pci 0000:02:00.0: BAR 2: assigned [mem 0x13100000-0x13100fff 64bit]
[    2.801845] pci 0000:02:00.0: BAR 0: assigned [io  0x1000-0x10ff]
[    2.807937] pci 0000:00:02.0: PCI bridge to [bus 02]
[    2.812913] pci 0000:00:02.0:   bridge window [io  0x1000-0x1fff]
[    2.819003] pci 0000:00:02.0:   bridge window [mem 0x13100000-0x131fffff]
[    2.825798] pci 0000:00:02.0:   bridge window [mem 0x20000000-0x200fffff 64bit pref]
[    2.833594] pci 0000:00:01.0: nv_msi_ht_cap_quirk didn't locate host bridge
[    2.840707] pcieport 0000:00:01.0: enabling device (0140 -> 0142)
[    2.847068] pcieport 0000:00:01.0: Signaling PME with IRQ 395
[    2.852992] pci 0000:00:02.0: nv_msi_ht_cap_quirk didn't locate host bridge
[    2.860043] pcieport 0000:00:02.0: enabling device (0140 -> 0143)
[    2.866365] pcieport 0000:00:02.0: Signaling PME with IRQ 396
[    2.872441] r8169 Gigabit Ethernet driver 2.3LK-NAPI loaded
[    2.878027] r8169 0000:02:00.0: enabling device (0140 -> 0143)
[    2.883919] r8169 0000:02:00.0 (unnamed net_device) (uninitialized): not PCI Express
[    2.907067] mmc1: new high speed SDHC card at address aaaa
[    2.913211] mmcblk1: mmc1:aaaa SD04G 3.69 GiB 
[    2.923058] r8169 0000:02:00.0 eth0: RTL8168g/8111g at 0x8d994f5c, 00:04:4b:3a:d9:81, XID 0c000800 IRQ 22
[    2.932682] r8169 0000:02:00.0 eth0: jumbo features [frames: 9200 bytes, tx checksumming: ko]
[    2.945269] +1.05V_RUN_AVDD_HDMI_PLL: supplied by +1.05V_RUN
[    2.953712] [drm] Supports vblank timestamp caching Rev 2 (21.10.2013).
[    2.960361] [drm] No driver support for vblank timestamp query.
[    2.970254]  mmcblk1: p1 p2 p3
[    3.094784] tegra-hdmi 54280000.hdmi: cannot set audio to 48000 Hz at 297000000 Hz pixel clock
[    3.258351] Console: switching to colour frame buffer device 512x135
[    3.357023] drm drm: fb0:  frame buffer device
[    3.361635] [drm] Initialized tegra 0.0.0 20120330 for drm on minor 0
[    3.369616] cpufreq: cpufreq_online: CPU0: Running at unlisted freq: 696000 KHz
[    3.376960] cpufreq: cpufreq_online: CPU0: Unlisted initial frequency changed to: 714000 KHz
[    3.386186] input: gpio-keys as /devices/soc0/gpio-keys/input/input0
[    3.393525] as3722-rtc as3722-rtc: setting system clock to 2000-01-01 00:04:40 UTC (946685080)
[    3.402503] +USB0_VBUS_SW: disabling
[    3.406079] +1.8V_RUN_CAM: disabling
[    3.409899] +2.8V_RUN_CAM: disabling
[    3.413726] +1.2V_RUN_CAM_FRONT: disabling
[    3.417975] +1.05V_RUN_CAM_REAR: disabling
[    3.422289] +3.3V_RUN_TOUCH: disabling
[    3.426193] +2.8V_RUN_CAM_AF: disabling
[    3.430136] +1.8V_RUN_VPP_FUSE: disabling
[    3.435250] EXT4-fs (mmcblk0p1): mounting ext3 file system using the ext4 subsystem
[    3.488538] EXT4-fs (mmcblk0p1): recovery complete
[    3.494362] EXT4-fs (mmcblk0p1): mounted filesystem with ordered data mode. Opts: (null)
[    3.502504] VFS: Mounted root (ext3 filesystem) on device 179:1.
[    3.512850] devtmpfs: mounted
[    3.516636] Freeing unused kernel memory: 2048K
bash: cannot set terminal process group (-1): Inappropriate ioctl for device
bash: no job control in this shell
root@(none):/# 