[    0.000000] psci: probing for conduit method from DT.
[    0.000000] psci: PSCIv1.0 detected in firmware.
[    0.000000] psci: Using standard PSCI v0.2 function IDs
[    0.000000] psci: MIGRATE_INFO_UP_CPU reported invalid physical ID (0x80000000)
[    0.000000] percpu: Embedded 21 pages/cpu @ffff8000bff4b000 s48128 r8192 d29696 u86016
[    0.000000] Detected PIPT I-cache on CPU0
[    0.000000] CPU features: enabling workaround for ARM erratum 832075
[    0.000000] CPU features: enabling workaround for ARM erratum 834220
[    0.000000] Built 1 zonelists in Zone order, mobility grouping on.  Total pages: 735336
[    0.000000] Kernel command line: cros_secure vpr=0x08000000@0xf6800000 earlycon
[    0.000000] PID hash table entries: 4096 (order: 3, 32768 bytes)
[    0.000000] Dentry cache hash table entries: 524288 (order: 10, 4194304 bytes)
[    0.000000] Inode-cache hash table entries: 262144 (order: 9, 2097152 bytes)
[    0.000000] software IO TLB [mem 0xf1400000-0xf5400000] (64MB) mapped at [ffff800071400000-ffff8000753fffff]
[    0.000000] Memory: 2832140K/2988032K available (8508K kernel code, 938K rwdata, 4112K rodata, 1024K init, 393K bss, 139508K reserved, 16384K cma-reserved)
[    0.000000] Virtual kernel memory layout:
[    0.000000]     modules : 0xffff000000000000 - 0xffff000008000000   (   128 MB)
[    0.000000]     vmalloc : 0xffff000008000000 - 0xffff7dffbfff0000   (129022 GB)
[    0.000000]       .text : 0xffff000008080000 - 0xffff0000088d0000   (  8512 KB)
[    0.000000]     .rodata : 0xffff0000088d0000 - 0xffff000008ce0000   (  4160 KB)
[    0.000000]       .init : 0xffff000008ce0000 - 0xffff000008de0000   (  1024 KB)
[    0.000000]       .data : 0xffff000008de0000 - 0xffff000008ecaa00   (   939 KB)
[    0.000000]        .bss : 0xffff000008ecaa00 - 0xffff000008f2ce50   (   394 KB)
[    0.000000]     fixed   : 0xffff7dfffe7fd000 - 0xffff7dfffec00000   (  4108 KB)
[    0.000000]     PCI I/O : 0xffff7dfffee00000 - 0xffff7dffffe00000   (    16 MB)
[    0.000000]     vmemmap : 0xffff7e0000000000 - 0xffff800000000000   (  2048 GB maximum)
[    0.000000]               0xffff7e0000000000 - 0xffff7e0003000000   (    48 MB actual)
[    0.000000]     memory  : 0xffff800000000000 - 0xffff8000c0000000   (  3072 MB)
[    0.000000] SLUB: HWalign=64, Order=0-3, MinObjects=0, CPUs=4, Nodes=1
[    0.000000] Preemptible hierarchical RCU implementation.
[    0.000000] 	Build-time adjustment of leaf fanout to 64.
[    0.000000] 	RCU restricting CPUs from NR_CPUS=64 to nr_cpu_ids=4.
[    0.000000] RCU: Adjusting geometry for rcu_fanout_leaf=64, nr_cpu_ids=4
[    0.000000] NR_IRQS:64 nr_irqs:64 0
[    0.000000] GIC: Using split EOI/Deactivate mode
[    0.000000] /interrupt-controller@60004000: 192 interrupts forwarded to /interrupt-controller@50041000
[    0.000000] boot misc0 0x0: expected 0x80000
[    0.000000]  (comparison mask = 0x400ffffb)
[    0.000000] boot misc2 0x1f720005: expected 0x1f720f05
[    0.000000]  (comparison mask = 0xffffff17)
[    0.000000] PLL_C already enabled. Postponing set full defaults
[    0.000000] PLL_MB already enabled. Postponing set full defaults
[    0.000000] PLL_U already enabled. Postponing set full defaults
[    0.000000] PLL_D already enabled. Postponing set full defaults
[    0.000000] PLL_DP already enabled. Postponing set full defaults
[    0.000000] boot misc0 0x0: expected 0x20
[    0.000000]  (comparison mask = 0x7ffffff)
[    0.000000] boot misc1 0x90000000: expected 0xc0000000
[    0.000000]  (comparison mask = 0xf8000000)
[    0.000000] boot misc2 0x0: expected 0xf400f0da
[    0.000000]  (comparison mask = 0xffffffff)
[    0.000000] boot misc3 0x3fb8: expected 0x2004f400
[    0.000000]  (comparison mask = 0xffffffff)
[    0.000000] PLL_P already enabled. Postponing set full defaults
[    0.000000] PLL_X already enabled. Postponing set full defaults
[    0.000000] boot misc1 0x0: expected 0x20
[    0.000000]  (comparison mask = 0xffffff)
[    0.000000] arm_arch_timer: Architected cp15 timer(s) running at 19.20MHz (phys).
[    0.000000] clocksource: arch_sys_counter: mask: 0xffffffffffffff max_cycles: 0x46d987e47, max_idle_ns: 440795202767 ns
[    0.000002] sched_clock: 56 bits at 19MHz, resolution 52ns, wraps every 4398046511078ns
[    0.008346] Console: colour dummy device 80x25
[    0.012913] console [tty0] enabled
[    0.016405] bootconsole [uart0] disabled
[    0.000000] Booting Linux on physical CPU 0x0
[    0.000000] Linux version 4.9.0-next-20161219-166035-g44f9151 (pwalmsley@tamien) (gcc version 4.9.2 20140904 (prerelease) (crosstool-NG linaro-1.13.1-4.9-2014.09 - Linaro GCC 4.9-2014.09) ) #1 SMP PREEMPT Mon Dec 19 01:37:02 PST 2016
[    0.000000] Boot CPU: AArch64 Processor [411fd071]
[    0.000000] efi: Getting EFI parameters from FDT:
[    0.000000] efi: UEFI not found.
[    0.000000] cma: Reserved 16 MiB at 0x00000000f5400000
[    0.000000] earlycon: uart0 at MMIO 0x0000000070006000 (options '115200n8')
[    0.000000] bootconsole [uart0] enabled
[    0.000000] psci: probing for conduit method from DT.
[    0.000000] psci: PSCIv1.0 detected in firmware.
[    0.000000] psci: Using standard PSCI v0.2 function IDs
[    0.000000] psci: MIGRATE_INFO_UP_CPU reported invalid physical ID (0x80000000)
[    0.000000] percpu: Embedded 21 pages/cpu @ffff8000bff4b000 s48128 r8192 d29696 u86016
[    0.000000] Detected PIPT I-cache on CPU0
[    0.000000] CPU features: enabling workaround for ARM erratum 832075
[    0.000000] CPU features: enabling workaround for ARM erratum 834220
[    0.000000] Built 1 zonelists in Zone order, mobility grouping on.  Total pages: 735336
[    0.000000] Kernel command line: cros_secure vpr=0x08000000@0xf6800000 earlycon
[    0.000000] PID hash table entries: 4096 (order: 3, 32768 bytes)
[    0.000000] Dentry cache hash table entries: 524288 (order: 10, 4194304 bytes)
[    0.000000] Inode-cache hash table entries: 262144 (order: 9, 2097152 bytes)
[    0.000000] software IO TLB [mem 0xf1400000-0xf5400000] (64MB) mapped at [ffff800071400000-ffff8000753fffff]
[    0.000000] Memory: 2832140K/2988032K available (8508K kernel code, 938K rwdata, 4112K rodata, 1024K init, 393K bss, 139508K reserved, 16384K cma-reserved)
[    0.000000] Virtual kernel memory layout:
[    0.000000]     modules : 0xffff000000000000 - 0xffff000008000000   (   128 MB)
[    0.000000]     vmalloc : 0xffff000008000000 - 0xffff7dffbfff0000   (129022 GB)
[    0.000000]       .text : 0xffff000008080000 - 0xffff0000088d0000   (  8512 KB)
[    0.000000]     .rodata : 0xffff0000088d0000 - 0xffff000008ce0000   (  4160 KB)
[    0.000000]       .init : 0xffff000008ce0000 - 0xffff000008de0000   (  1024 KB)
[    0.000000]       .data : 0xffff000008de0000 - 0xffff000008ecaa00   (   939 KB)
[    0.000000]        .bss : 0xffff000008ecaa00 - 0xffff000008f2ce50   (   394 KB)
[    0.000000]     fixed   : 0xffff7dfffe7fd000 - 0xffff7dfffec00000   (  4108 KB)
[    0.000000]     PCI I/O : 0xffff7dfffee00000 - 0xffff7dffffe00000   (    16 MB)
[    0.000000]     vmemmap : 0xffff7e0000000000 - 0xffff800000000000   (  2048 GB maximum)
[    0.000000]               0xffff7e0000000000 - 0xffff7e0003000000   (    48 MB actual)
[    0.000000]     memory  : 0xffff800000000000 - 0xffff8000c0000000   (  3072 MB)
[    0.000000] SLUB: HWalign=64, Order=0-3, MinObjects=0, CPUs=4, Nodes=1
[    0.000000] Preemptible hierarchical RCU implementation.
[    0.000000] 	Build-time adjustment of leaf fanout to 64.
[    0.000000] 	RCU restricting CPUs from NR_CPUS=64 to nr_cpu_ids=4.
[    0.000000] RCU: Adjusting geometry for rcu_fanout_leaf=64, nr_cpu_ids=4
[    0.000000] NR_IRQS:64 nr_irqs:64 0
[    0.000000] GIC: Using split EOI/Deactivate mode
[    0.000000] /interrupt-controller@60004000: 192 interrupts forwarded to /interrupt-controller@50041000
[    0.000000] boot misc0 0x0: expected 0x80000
[    0.000000]  (comparison mask = 0x400ffffb)
[    0.000000] boot misc2 0x1f720005: expected 0x1f720f05
[    0.000000]  (comparison mask = 0xffffff17)
[    0.000000] PLL_C already enabled. Postponing set full defaults
[    0.000000] PLL_MB already enabled. Postponing set full defaults
[    0.000000] PLL_U already enabled. Postponing set full defaults
[    0.000000] PLL_D already enabled. Postponing set full defaults
[    0.000000] PLL_DP already enabled. Postponing set full defaults
[    0.000000] boot misc0 0x0: expected 0x20
[    0.000000]  (comparison mask = 0x7ffffff)
[    0.000000] boot misc1 0x90000000: expected 0xc0000000
[    0.000000]  (comparison mask = 0xf8000000)
[    0.000000] boot misc2 0x0: expected 0xf400f0da
[    0.000000]  (comparison mask = 0xffffffff)
[    0.000000] boot misc3 0x3fb8: expected 0x2004f400
[    0.000000]  (comparison mask = 0xffffffff)
[    0.000000] PLL_P already enabled. Postponing set full defaults
[    0.000000] PLL_X already enabled. Postponing set full defaults
[    0.000000] boot misc1 0x0: expected 0x20
[    0.000000]  (comparison mask = 0xffffff)
[    0.000000] arm_arch_timer: Architected cp15 timer(s) running at 19.20MHz (phys).
[    0.000000] clocksource: arch_sys_counter: mask: 0xffffffffffffff max_cycles: 0x46d987e47, max_idle_ns: 440795202767 ns
[    0.000002] sched_clock: 56 bits at 19MHz, resolution 52ns, wraps every 4398046511078ns
[    0.008346] Console: colour dummy device 80x25
[    0.012913] console [tty0] enabled
[    0.016405] bootconsole [uart0] disabled
[    0.020447] Calibrating delay loop (skipped), value calculated using timer frequency.. 38.40 BogoMIPS (lpj=76800)
[    0.020459] pid_max: default: 32768 minimum: 301
[    0.020503] Security Framework initialized
[    0.020530] Mount-cache hash table entries: 8192 (order: 4, 65536 bytes)
[    0.020538] Mountpoint-cache hash table entries: 8192 (order: 4, 65536 bytes)
[    0.032474] ASID allocator initialised with 65536 entries
[    0.053177] Speedo Revision 4
[    0.053194] Tegra Revision: A02 SKU: 19 CPU Process: 0 SoC Process: 0
[    0.100607] EFI services will not be available.
[    0.116564] smp: Bringing up secondary CPUs ...
[    0.148698] Detected PIPT I-cache on CPU1
[    0.148724] CPU1: Booted secondary processor [411fd071]
[    0.180721] Detected PIPT I-cache on CPU2
[    0.180739] CPU2: Booted secondary processor [411fd071]
[    0.212756] Detected PIPT I-cache on CPU3
[    0.212773] CPU3: Booted secondary processor [411fd071]
[    0.212807] smp: Brought up 1 node, 4 CPUs
[    0.212836] SMP: Total of 4 processors activated.
[    0.212844] CPU features: detected feature: 32-bit EL0 Support
[    0.212878] CPU: All CPU(s) started at EL2
[    0.212893] alternatives: patching kernel code
[    0.215308] devtmpfs: initialized
[    0.221456] DMI not present or invalid.
[    0.221608] clocksource: jiffies: mask: 0xffffffff max_cycles: 0xffffffff, max_idle_ns: 7645041785100000 ns
[    0.221850] pinctrl core: initialized pinctrl subsystem
[    0.222829] NET: Registered protocol family 16
[    0.236817] cpuidle: using governor menu
[    0.237273] vdso: 2 pages (1 code @ ffff0000088d7000, 1 data @ ffff000008de5000)
[    0.237295] hw-breakpoint: found 6 breakpoint and 4 watchpoint registers.
[    0.237760] DMA: preallocated 256 KiB pool for atomic allocations
[    0.238849] Serial: AMBA PL011 UART driver
[    0.269185] HugeTLB registered 2 MB page size, pre-allocated 0 pages
[    0.269761] ACPI: Interpreter disabled.
[    0.270154] PPLCD_VDD: Failed to request enable GPIO172: -517
[    0.270172] reg-fixed-voltage regulators:regulator@1: Failed to register regulator: -517
[    0.270499] PP1800_LCDIO: Failed to request enable GPIO171: -517
[    0.270513] reg-fixed-voltage regulators:regulator@5: Failed to register regulator: -517
[    0.270558] PP1800_CAM: Failed to request enable GPIO83: -517
[    0.270570] reg-fixed-voltage regulators:regulator@6: Failed to register regulator: -517
[    0.270948] vgaarb: loaded
[    0.271106] SCSI subsystem initialized
[    0.271342] usbcore: registered new interface driver usbfs
[    0.271378] usbcore: registered new interface driver hub
[    0.271418] usbcore: registered new device driver usb
[    0.272037] tegra-i2c 7000d100.i2c: could not find pctldev for node /host1x@50000000/dpaux@545c0000/pinmux-i2c, deferring probe
[    0.272115] pps_core: LinuxPPS API ver. 1 registered
[    0.272125] pps_core: Software ver. 5.3.6 - Copyright 2005-2007 Rodolfo Giometti <giometti@linux.it>
[    0.272148] PTP clock support registered
[    0.272227] dmi: Firmware registration failed.
[    0.272690] Advanced Linux Sound Architecture Driver Initialized.
[    0.273090] clocksource: Switched to clocksource arch_sys_counter
[    0.273169] VFS: Disk quotas dquot_6.6.0
[    0.273206] VFS: Dquot-cache hash table entries: 512 (order 0, 4096 bytes)
[    0.273344] pnp: PnP ACPI: disabled
[    0.277520] NET: Registered protocol family 2
[    0.277793] TCP established hash table entries: 32768 (order: 6, 262144 bytes)
[    0.277919] TCP bind hash table entries: 32768 (order: 7, 524288 bytes)
[    0.278116] TCP: Hash tables configured (established 32768 bind 32768)
[    0.278180] UDP hash table entries: 2048 (order: 4, 65536 bytes)
[    0.278210] UDP-Lite hash table entries: 2048 (order: 4, 65536 bytes)
[    0.278320] NET: Registered protocol family 1
[    0.278494] RPC: Registered named UNIX socket transport module.
[    0.278506] RPC: Registered udp transport module.
[    0.278515] RPC: Registered tcp transport module.
[    0.278525] RPC: Registered tcp NFSv4.1 backchannel transport module.
[    0.278656] Unpacking initramfs...
[    0.364495] Freeing initrd memory: 2364K
[    0.364846] kvm [1]: 8-bit VMID
[    0.364860] kvm [1]: IDMAP page: 808bb000
[    0.364870] kvm [1]: HYP VA range: 800000000000:ffffffffffff
[    0.365544] kvm [1]: Hyp mode initialized successfully
[    0.365585] kvm [1]: vgic-v2@50044000
[    0.365654] kvm [1]: vgic interrupt IRQ1
[    0.365671] kvm [1]: virtual timer IRQ4
[    0.367045] futex hash table entries: 1024 (order: 5, 131072 bytes)
[    0.367109] audit: initializing netlink subsys (disabled)
[    0.367192] audit: type=2000 audit(0.355:1): state=initialized audit_enabled=0 res=1
[    0.367457] workingset: timestamp_bits=46 max_order=20 bucket_order=0
[    0.374039] squashfs: version 4.0 (2009/01/31) Phillip Lougher
[    0.374551] NFS: Registering the id_resolver key type
[    0.374575] Key type id_resolver registered
[    0.374584] Key type id_legacy registered
[    0.374599] nfs4filelayout_init: NFSv4 File Layout Driver Registering...
[    0.374723] 9p: Installing v9fs 9p2000 file system support
[    0.376112] Block layer SCSI generic (bsg) driver version 0.4 loaded (major 247)
[    0.376131] io scheduler noop registered
[    0.376310] io scheduler cfq registered (default)
[    0.377871] usb3-0 supply vbus not found, using dummy regulator
[    0.387632] tegra-apbdma 60020000.dma: Tegra20 APB DMA driver register 32 channels
[    0.388663] tegra-pmc 7000e400.pmc: i2c-thermtrip node not found, emergency thermal reset disabled.
[    0.388901] xenfs: not registering filesystem on non-xen platform
[    0.391917] Serial: 8250/16550 driver, 4 ports, IRQ sharing enabled
[    0.393612] 70006000.serial: ttyS0 at MMIO 0x70006000 (irq = 313, base_baud = 25500000) is a Tegra
[    1.346110] console [ttyS0] enabled
[    1.349984] SuperH (H)SCI(F) driver initialized
[    1.354786] msm_serial: driver initialized
[    1.359229] cacheinfo: Unable to detect cache hierarchy for CPU 0
[    1.368413] loop: module loaded
[    1.374460] cros-ec-i2c 0-001e: Chrome EC device registered
[    1.380650] max77620 1-003c: PMIC Version OTP:0x35 and ES:0x8
[    1.393712] PP1200_RCAM: Bringing 1050000uV into 1200000-1200000uV
[    1.400914] PP2800L_RCAM: Bringing 3100000uV into 2800000-2800000uV
[    1.407621] PP1100_SOC_RTC: Bringing 1000000uV into 850000-850000uV
[    1.414455] PP2800L_FCAM: Bringing 3100000uV into 2800000-2800000uV
[    1.421174] PP_LDO6: Bringing 2800000uV into 1800000-1800000uV
[    1.427435] random: fast init done
[    1.433736] hisi_sas: driver version v1.6
[    1.439632] libphy: Fixed MDIO Bus: probed
[    1.444160] tun: Universal TUN/TAP device driver, 1.6
[    1.449211] tun: (C) 1999-2004 Max Krasnyansky <maxk@qualcomm.com>
[    1.456158] e1000e: Intel(R) PRO/1000 Network Driver - 3.2.6-k
[    1.461990] e1000e: Copyright(c) 1999 - 2015 Intel Corporation.
[    1.467955] igb: Intel(R) Gigabit Ethernet Network Driver - version 5.4.0-k
[    1.474912] igb: Copyright (c) 2007-2014 Intel Corporation.
[    1.480531] igbvf: Intel(R) Gigabit Virtual Function Network Driver - version 2.4.0-k
[    1.488358] igbvf: Copyright (c) 2009 - 2012 Intel Corporation.
[    1.494318] sky2: driver version 1.30
[    1.498366] VFIO - User Level meta-driver version: 0.3
[    1.504863] ehci_hcd: USB 2.0 'Enhanced' Host Controller (EHCI) Driver
[    1.511392] ehci-pci: EHCI PCI platform driver
[    1.515879] ehci-platform: EHCI generic platform driver
[    1.521199] ehci-exynos: EHCI EXYNOS driver
[    1.525457] ehci-msm: Qualcomm On-Chip EHCI Host Controller
[    1.531094] ohci_hcd: USB 1.1 'Open' Host Controller (OHCI) Driver
[    1.537280] ohci-pci: OHCI PCI platform driver
[    1.541762] ohci-platform: OHCI generic platform driver
[    1.547061] ohci-exynos: OHCI EXYNOS driver
[    1.609734] tegra-xusb 70090000.usb: Firmware timestamp: 2015-08-10 09:47:54 UTC
[    1.617148] tegra-xusb 70090000.usb: xHCI Host Controller
[    1.622556] tegra-xusb 70090000.usb: new USB bus registered, assigned bus number 1
[    1.631089] tegra-xusb 70090000.usb: hcc params 0x0184f525 hci version 0x100 quirks 0x00010010
[    1.639726] tegra-xusb 70090000.usb: irq 319, io mem 0x70090000
[    1.646033] hub 1-0:1.0: USB hub found
[    1.649803] hub 1-0:1.0: 5 ports detected
[    1.654126] tegra-xusb 70090000.usb: xHCI Host Controller
[    1.659530] tegra-xusb 70090000.usb: new USB bus registered, assigned bus number 2
[    1.667144] usb usb2: We don't know the algorithms for LPM for this host, disabling LPM.
[    1.675516] hub 2-0:1.0: USB hub found
[    1.679285] hub 2-0:1.0: 4 ports detected
[    1.683765] usbcore: registered new interface driver usb-storage
[    1.690415] mousedev: PS/2 mouse device common for all mice
[    1.817777] max77686-rtc max77620-rtc: rtc core: registered max77620-rtc as rtc0
[    1.825742] tegra_rtc 7000e000.rtc: rtc core: registered 7000e000.rtc as rtc1
[    1.832907] tegra_rtc 7000e000.rtc: Tegra internal Real Time Clock
[    1.839167] i2c /dev entries driver
[    1.844030] (NULL device *): hwmon_device_register() is deprecated. Please convert the driver to use hwmon_device_register_with_info().
[    1.856260] bq27xxx-battery 2-0055: support ver. 1.2.0 enabled
[    1.878524] sdhci: Secure Digital Host Controller Interface driver
[    1.884735] sdhci: Copyright(c) Pierre Ossman
[    1.889283] Synopsys Designware Multimedia Card Interface Driver
[    1.895697] sdhci-pltfm: SDHCI platform and OF driver helper
[    1.901533] mmc0: Unknown controller version (3). You may experience problems.
[    1.953104] mmc0: SDHCI controller on 700b0600.sdhci [700b0600.sdhci] using ADMA 64-bit
[    1.963773] ledtrig-cpu: registered to indicate activity on CPUs
[    1.973722] usbcore: registered new interface driver usbhid
[    1.979375] usbhid: USB HID core driver
[    1.984536] NET: Registered protocol family 17
[    1.989125] 9pnet: Installing 9P2000 support
[    1.994550] Key type dns_resolver registered
[    2.005292] registered taskstats version 1
[    2.014158] tegra-i2c 7000d100.i2c: could not find pctldev for node /host1x@50000000/dpaux@545c0000/pinmux-i2c, deferring probe
[    2.027685] input: gpio-keys as /devices/platform/gpio-keys/input/input0
[    2.034651] tegra-i2c 7000d100.i2c: could not find pctldev for node /host1x@50000000/dpaux@545c0000/pinmux-i2c, deferring probe
[    2.059478] mmc0: new high speed MMC card at address 0001
[    2.065142] mmcblk0: mmc0:0001 BGND3R 29.1 GiB 
[    2.069778] mmcblk0boot0: mmc0:0001 BGND3R partition 1 4.00 MiB
[    2.075796] mmcblk0boot1: mmc0:0001 BGND3R partition 2 4.00 MiB
[    2.081825] max77686-rtc max77620-rtc: setting system clock to 2000-09-29 15:06:03 UTC (970239963)
[    2.085833] mmcblk0rpmb: mmc0:0001 BGND3R partition 3 4.00 MiB
[    2.088306]  mmcblk0: p1 p2 p3 p4 p5 p6 p7 p8 p9 p10 p11
[    2.089967] tegra-i2c 7000d100.i2c: could not find pctldev for node /host1x@50000000/dpaux@545c0000/pinmux-i2c, deferring probe
[    2.113848] PP1200_AVDD: disabling
[    2.117327] PP1200_RCAM: disabling
[    2.120782] PP2800L_RCAM: disabling
[    2.124336] PP2800L_FCAM: disabling
[    2.127885] PP_LDO6: disabling
[    2.131003] PPLCD_VDD: disabling
[    2.134234] PP1800_LCDIO: disabling
[    2.137720] PP1800_CAM: disabling
[    2.141029] ALSA device list:
[    2.143997]   No soundcards found.
[    2.147925] Freeing unused kernel memory: 1024K

System initialization...

Mounting /proc :[SUCCESS]
Mounting /sys :[SUCCESS]
Mounting /dev :[SUCCESS]
Mounting /dev/pts :[SUCCESS]
Mounting /sys/kernel/debug :[SUCCESS]
Mounting other filesystems :[SUCCESS]
Enabling hot-plug :[SUCCESS]
Populating /dev :[SUCCESS]
Starting syslogd :[SUCCESS]
Starting telnetd :[SUCCESS]

System initialization complete.

Please press Enter to activate this console. 