
U-Boot SPL 2015.04-rc3-00209-ga74ef40 (Mar 16 2015 - 14:43:39)


U-Boot 2015.04-rc3-00209-ga74ef40 (Mar 16 2015 - 14:43:39)

TEGRA20
Model: Compulab TrimSlice board
DRAM:  1 GiB
MMC:   Tegra SD/MMC: 0, Tegra SD/MMC: 1
SF: Detected W25Q80BL with page size 256 Bytes, erase size 4 KiB, total 1 MiB
tegra-pcie: PCI regions:
tegra-pcie:   I/O: 0x82000000-0x82010000
tegra-pcie:   non-prefetchable memory: 0xa0000000-0xa8000000
tegra-pcie:   prefetchable memory: 0xa8000000-0xc0000000
tegra-pcie: dual-mode configuration
tegra-pcie: probing port 0, using 2 lanes
In:    serial
Out:   serial
Err:   serial
Net:   RTL8169#0
Hit any key to stop autoboot:  2  0 
Tegra20 (TrimSlice) # 
Tegra20 (TrimSlice) # usb reset
resetting USB...
USB0:   USB EHCI 1.00
scanning bus 0 for devices... 3 USB Device(s) found
USB1:   USB EHCI 1.00
scanning bus 1 for devices... 1 USB Device(s) found
USB2:   lowlevel init failed
       scanning usb for storage devices... 0 Storage Device(s) found
       scanning usb for ethernet devices... 
Warning: asx0 using MAC address from net device
1 Ethernet Device(s) found
Tegra20 (TrimSlice) # setenv bootargs 'ignore_loglevel console=ttyS0,115200n8 rw root=PARTUUID=11eb23c1-01 rootwait gpt debug noinitrd earlyprintk init=/bin/bash'
Tegra20 (TrimSlice) # setenv ipaddr 192.168.100.103; setenv serverip 192.168.100.1; setenv tftpserverip 192.168.100.1
Tegra20 (TrimSlice) # tftpboot 0x00408000 zImage.multi_v7_defconfig
Using RTL8169#0 device
TFTP from server 192.168.100.1; our IP address is 192.168.100.103
Filename 'zImage.multi_v7_defconfig'.
Load address: 0x408000
Loading: *#################################################################
	 #################################################################
	 #################################################################
	 #################################################################
	 #################################################################
	 #################################################################
	 #################################################################
	 #################################################################
	 #################################
	 4 MiB/s
done
Bytes transferred = 8114688 (7bd200 hex)
Tegra20 (TrimSlice) # tftpboot 0x02408000 tegra20-trimslice.dtb
Using RTL8169#0 device
TFTP from server 192.168.100.1; our IP address is 192.168.100.103
Filename 'tegra20-trimslice.dtb'.
Load address: 0x2408000
Loading: *##
	 3.4 MiB/s
done
Bytes transferred = 21160 (52a8 hex)
Tegra20 (TrimSlice) # bootz 0x00408000 - 0x02408000
Kernel image @ 0x408000 [ 0x000000 - 0x7bd200 ]
## Flattened Device Tree blob at 02408000
   Booting using the fdt blob at 0x2408000
   Using Device Tree in place at 02408000, end 024102a7

Starting kernel ...

[    0.000000] Booting Linux on physical CPU 0x0
[    0.000000] Linux version 4.15.0-rc2-next-20171206-337197-gd5c52866f560 (jonathanh@tamien) (gcc version 4.7.3 20130328 (prerelease) (crosstool-NG linaro-1.13.1-4.7-2013.04-20130415 - Linaro GCC 2013.04)) #1 SMP Wed Dec 6 08:57:44 PST 2017
[    0.000000] CPU: ARMv7 Processor [411fc090] revision 0 (ARMv7), cr=10c5387d
[    0.000000] CPU: PIPT / VIPT nonaliasing data cache, VIPT aliasing instruction cache
[    0.000000] OF: fdt: Machine model: Compulab TrimSlice board
[    0.000000] debug: ignoring loglevel setting.
[    0.000000] Memory policy: Data cache writealloc
[    0.000000] efi: Getting EFI parameters from FDT:
[    0.000000] efi: UEFI not found.
[    0.000000] cma: Reserved 64 MiB at 0x3c000000
[    0.000000] On node 0 totalpages: 262144
[    0.000000]   DMA zone: 1536 pages used for memmap
[    0.000000]   DMA zone: 0 pages reserved
[    0.000000]   DMA zone: 196608 pages, LIFO batch:31
[    0.000000]   HighMem zone: 65536 pages, LIFO batch:15
[    0.000000] random: fast init done
[    0.000000] percpu: Embedded 17 pages/cpu @(ptrval) s39232 r8192 d22208 u69632
[    0.000000] pcpu-alloc: s39232 r8192 d22208 u69632 alloc=17*4096
[    0.000000] pcpu-alloc: [0] 0 [0] 1 
[    0.000000] Built 1 zonelists, mobility grouping on.  Total pages: 260608
[    0.000000] Kernel command line: ignore_loglevel console=ttyS0,115200n8 rw root=PARTUUID=11eb23c1-01 rootwait gpt debug noinitrd earlyprintk init=/bin/bash
[    0.000000] Dentry cache hash table entries: 131072 (order: 7, 524288 bytes)
[    0.000000] Inode-cache hash table entries: 65536 (order: 6, 262144 bytes)
[    0.000000] Memory: 953376K/1048576K available (11264K kernel code, 1603K rwdata, 4312K rodata, 2048K init, 404K bss, 29664K reserved, 65536K cma-reserved, 196608K highmem)
[    0.000000] Virtual kernel memory layout:
[    0.000000]     vector  : 0xffff0000 - 0xffff1000   (   4 kB)
[    0.000000]     fixmap  : 0xffc00000 - 0xfff00000   (3072 kB)
[    0.000000]     vmalloc : 0xf0800000 - 0xff800000   ( 240 MB)
[    0.000000]     lowmem  : 0xc0000000 - 0xf0000000   ( 768 MB)
[    0.000000]     pkmap   : 0xbfe00000 - 0xc0000000   (   2 MB)
[    0.000000]     modules : 0xbf000000 - 0xbfe00000   (  14 MB)
[    0.000000]       .text : 0x(ptrval) - 0x(ptrval)   (12256 kB)
[    0.000000]       .init : 0x(ptrval) - 0x(ptrval)   (2048 kB)
[    0.000000]       .data : 0x(ptrval) - 0x(ptrval)   (1604 kB)
[    0.000000]        .bss : 0x(ptrval) - 0x(ptrval)   ( 405 kB)
[    0.000000] SLUB: HWalign=64, Order=0-3, MinObjects=0, CPUs=2, Nodes=1
[    0.000000] Hierarchical RCU implementation.
[    0.000000] 	RCU event tracing is enabled.
[    0.000000] 	RCU restricting CPUs from NR_CPUS=16 to nr_cpu_ids=2.
[    0.000000] RCU: Adjusting geometry for rcu_fanout_leaf=16, nr_cpu_ids=2
[    0.000000] NR_IRQS: 16, nr_irqs: 16, preallocated irqs: 16
[    0.000000] /interrupt-controller@60004000: 128 interrupts forwarded to /interrupt-controller@50041000
[    0.000000] L2C: platform modifies aux control register: 0x02080000 -> 0x3e480001
[    0.000000] L2C: DT/platform modifies aux control register: 0x02080000 -> 0x3e480001
[    0.000000] L2C-310 errata 727915 769419 enabled
[    0.000000] L2C-310 enabling early BRESP for Cortex-A9
[    0.000000] L2C-310: enabling full line of zeros but not enabled in Cortex-A9
[    0.000000] L2C-310 ID prefetch enabled, offset 1 lines
[    0.000000] L2C-310 cache controller enabled, 8 ways, 1024 kB
[    0.000000] L2C-310: CACHE_ID 0x410000c4, AUX_CTRL 0x7e480001
[    0.000010] sched_clock: 32 bits at 1000kHz, resolution 1000ns, wraps every 2147483647500ns
[    0.000026] clocksource: timer_us: mask: 0xffffffff max_cycles: 0xffffffff, max_idle_ns: 1911260446275 ns
[    0.000037] Switching to timer-based delay loop, resolution 1000ns
[    0.001684] Console: colour dummy device 80x30
[    0.001713] Calibrating delay loop (skipped), value calculated using timer frequency.. 2.00 BogoMIPS (lpj=10000)
[    0.001724] pid_max: default: 32768 minimum: 301
[    0.001822] Mount-cache hash table entries: 2048 (order: 1, 8192 bytes)
[    0.001833] Mountpoint-cache hash table entries: 2048 (order: 1, 8192 bytes)
[    0.002276] CPU: Testing write buffer coherency: ok
[    0.002498] CPU0: thread -1, cpu 0, socket 0, mpidr 80000000
[    0.002739] Setting up static identity map for 0x300000 - 0x3000a0
[    0.003371] Hierarchical SRCU implementation.
[    0.004201] Tegra Revision: A03 prime SKU: 8 CPU Process: 1 SoC Process: 2
[    0.004647] EFI services will not be available.
[    0.004744] smp: Bringing up secondary CPUs ...
[    0.005276] CPU1: thread -1, cpu 1, socket 0, mpidr 80000001
[    0.005362] smp: Brought up 1 node, 2 CPUs
[    0.005373] SMP: Total of 2 processors activated (4.00 BogoMIPS).
[    0.005379] CPU: All CPU(s) started in SVC mode.
[    0.006043] devtmpfs: initialized
[    0.009631] VFP support v0.3: implementor 41 architecture 3 part 30 variant 9 rev 1
[    0.009845] clocksource: jiffies: mask: 0xffffffff max_cycles: 0xffffffff, max_idle_ns: 19112604462750000 ns
[    0.009860] futex hash table entries: 512 (order: 3, 32768 bytes)
[    0.012868] pinctrl core: initialized pinctrl subsystem
[    0.013786] DMI not present or invalid.
[    0.014031] NET: Registered protocol family 16
[    0.016138] DMA: preallocated 256 KiB pool for atomic coherent allocations
[    0.017434] cpuidle: using governor menu
[    0.032977] No ATAGs?
[    0.033042] hw-breakpoint: found 5 (+1 reserved) breakpoint and 1 watchpoint registers.
[    0.033053] hw-breakpoint: maximum watchpoint size is 4 bytes.
[    0.037655] Serial: AMBA PL011 UART driver
[    0.047983] AT91: Could not find identification node
[    0.048484] usb1_vbus: Failed to request enable GPIO170: -517
[    0.048500] reg-fixed-voltage regulators:regulator@2: Failed to register regulator: -517
[    0.052140] vgaarb: loaded
[    0.052684] SCSI subsystem initialized
[    0.052816] libata version 3.00 loaded.
[    0.052975] usbcore: registered new interface driver usbfs
[    0.053010] usbcore: registered new interface driver hub
[    0.053049] usbcore: registered new device driver usb
[    0.055032] pps_core: LinuxPPS API ver. 1 registered
[    0.055040] pps_core: Software ver. 5.3.6 - Copyright 2005-2007 Rodolfo Giometti <giometti@linux.it>
[    0.055055] PTP clock support registered
[    0.055197] EDAC MC: Ver: 3.0.0
[    0.056859] clocksource: Switched to clocksource timer_us
[    0.091657] NET: Registered protocol family 2
[    0.092093] tcp_listen_portaddr_hash hash table entries: 512 (order: 0, 6144 bytes)
[    0.092114] TCP established hash table entries: 8192 (order: 3, 32768 bytes)
[    0.092183] TCP bind hash table entries: 8192 (order: 4, 65536 bytes)
[    0.092296] TCP: Hash tables configured (established 8192 bind 8192)
[    0.092417] UDP hash table entries: 512 (order: 2, 16384 bytes)
[    0.092464] UDP-Lite hash table entries: 512 (order: 2, 16384 bytes)
[    0.092622] NET: Registered protocol family 1
[    0.092950] RPC: Registered named UNIX socket transport module.
[    0.092958] RPC: Registered udp transport module.
[    0.092964] RPC: Registered tcp transport module.
[    0.092969] RPC: Registered tcp NFSv4.1 backchannel transport module.
[    0.092978] PCI: CLS 0 bytes, default 64
[    0.093775] hw perfevents: no interrupt-affinity property for /pmu, guessing.
[    0.093941] hw perfevents: enabled with armv7_cortex_a9 PMU driver, 7 counters available
[    0.095013] Initialise system trusted keyrings
[    0.095129] workingset: timestamp_bits=30 max_order=18 bucket_order=0
[    0.099951] squashfs: version 4.0 (2009/01/31) Phillip Lougher
[    0.100419] NFS: Registering the id_resolver key type
[    0.100441] Key type id_resolver registered
[    0.100447] Key type id_legacy registered
[    0.100479] ntfs: driver 2.1.32 [Flags: R/O].
[    0.101706] Key type asymmetric registered
[    0.101715] Asymmetric key parser 'x509' registered
[    0.101751] bounce: pool size: 64 pages
[    0.101798] Block layer SCSI generic (bsg) driver version 0.4 loaded (major 246)
[    0.101806] io scheduler noop registered
[    0.101812] io scheduler deadline registered
[    0.101989] io scheduler cfq registered (default)
[    0.101997] io scheduler mq-deadline registered
[    0.102002] io scheduler kyber registered
[    0.114183] tegra-pcie 80003000.pcie: dual-mode configuration
[    0.114889] tegra-pcie 80003000.pcie: probing port 0, using 2 lanes
[    0.197039] tegra-pcie 80003000.pcie: PCI host bridge to bus 0000:00
[    0.197051] pci_bus 0000:00: root bus resource [io  0x0000-0xffff]
[    0.197060] pci_bus 0000:00: root bus resource [mem 0xa0000000-0xa7ffffff]
[    0.197068] pci_bus 0000:00: root bus resource [mem 0xa8000000-0xbfffffff pref]
[    0.197076] pci_bus 0000:00: root bus resource [bus 00-ff]
[    0.197111] pci 0000:00:01.0: [10de:0bf0] type 01 class 0x060000
[    0.197130] pci_bus 0000:00: 2-byte config write to 0000:00:01.0 offset 0x4 may corrupt adjacent RW1C bits
[    0.197140] pci_bus 0000:00: 2-byte config write to 0000:00:01.0 offset 0x4 may corrupt adjacent RW1C bits
[    0.197159] pci 0000:00:01.0: enabling Extended Tags
[    0.197168] pci_bus 0000:00: 2-byte config write to 0000:00:01.0 offset 0x88 may corrupt adjacent RW1C bits
[    0.197194] pci_bus 0000:00: 2-byte config write to 0000:00:01.0 offset 0x52 may corrupt adjacent RW1C bits
[    0.197219] pci 0000:00:01.0: PME# supported from D0 D1 D2 D3hot D3cold
[    0.197229] pci_bus 0000:00: 2-byte config write to 0000:00:01.0 offset 0x4c may corrupt adjacent RW1C bits
[    0.197380] pci_bus 0000:00: 2-byte config write to 0000:00:01.0 offset 0x3e may corrupt adjacent RW1C bits
[    0.197392] pci_bus 0000:00: 2-byte config write to 0000:00:01.0 offset 0x4 may corrupt adjacent RW1C bits
[    0.197402] pci_bus 0000:00: 1-byte config write to 0000:00:01.0 offset 0xc may corrupt adjacent RW1C bits
[    0.197408] PCI: bus0: Fast back to back transfers disabled
[    0.197417] pci 0000:00:01.0: bridge configuration invalid ([bus 00-00]), reconfiguring
[    0.197426] pci_bus 0000:00: 2-byte config write to 0000:00:01.0 offset 0x3e may corrupt adjacent RW1C bits
[    0.197436] pci_bus 0000:00: 2-byte config write to 0000:00:01.0 offset 0x3e may corrupt adjacent RW1C bits
[    0.197541] pci 0000:01:00.0: [10ec:8168] type 00 class 0x020000
[    0.197568] pci 0000:01:00.0: reg 0x10: [io  0x0000-0x00ff]
[    0.197592] pci 0000:01:00.0: reg 0x18: [mem 0x00000000-0x00000fff 64bit pref]
[    0.197610] pci 0000:01:00.0: reg 0x20: [mem 0x00000000-0x00003fff 64bit pref]
[    0.197623] pci 0000:01:00.0: reg 0x30: [mem 0x00000000-0x0001ffff pref]
[    0.197739] PCI: bus1: Fast back to back transfers disabled
[    0.197751] pci_bus 0000:01: busn_res: [bus 01-ff] end is updated to 01
[    0.197778] pci 0000:00:01.0: BAR 8: assigned [mem 0xa0000000-0xa00fffff]
[    0.197789] pci 0000:00:01.0: BAR 9: assigned [mem 0xa8000000-0xa80fffff 64bit pref]
[    0.197798] pci 0000:00:01.0: BAR 7: assigned [io  0x1000-0x1fff]
[    0.197809] pci 0000:01:00.0: BAR 6: assigned [mem 0xa0000000-0xa001ffff pref]
[    0.197819] pci 0000:01:00.0: BAR 4: assigned [mem 0xa8000000-0xa8003fff 64bit pref]
[    0.197836] pci 0000:01:00.0: BAR 2: assigned [mem 0xa8004000-0xa8004fff 64bit pref]
[    0.197852] pci 0000:01:00.0: BAR 0: assigned [io  0x1000-0x10ff]
[    0.197863] pci 0000:00:01.0: PCI bridge to [bus 01]
[    0.197871] pci 0000:00:01.0:   bridge window [io  0x1000-0x1fff]
[    0.197880] pci 0000:00:01.0:   bridge window [mem 0xa0000000-0xa00fffff]
[    0.197888] pci 0000:00:01.0:   bridge window [mem 0xa8000000-0xa80fffff 64bit pref]
[    0.197910] pci 0000:00:01.0: nv_msi_ht_cap_quirk didn't locate host bridge
[    0.197962] Disabling cpuidle LP2 state, since PCIe IRQs are in use
[    0.197996] pcieport 0000:00:01.0: enabling device (0140 -> 0143)
[    0.198180] pcieport 0000:00:01.0: Signaling PME with IRQ 295
[    0.204329] tegra-apbdma 6000a000.dma: Tegra20 APB DMA driver register 16 channels
[    0.244089] Serial: 8250/16550 driver, 4 ports, IRQ sharing disabled
[    0.246240] console [ttyS0] disabled
[    0.246277] 70006000.serial: ttyS0 at MMIO 0x70006000 (irq = 279, base_baud = 13500000) is a Tegra
[    1.323271] console [ttyS0] enabled
[    1.327339] SuperH (H)SCI(F) driver initialized
[    1.332618] msm_serial: driver initialized
[    1.336864] STMicroelectronics ASC driver initialized
[    1.346211] tegra-hdmi 54280000.hdmi: 54280000.hdmi supply hdmi not found, using dummy regulator
[    1.357351] [drm] Supports vblank timestamp caching Rev 2 (21.10.2013).
[    1.363950] [drm] No driver support for vblank timestamp query.
[    1.369904] [drm] Cannot find any crtc or sizes
[    1.374475] [drm] Initialized tegra 0.0.0 20120330 for drm on minor 0
[    1.382539] [drm] Cannot find any crtc or sizes
[    1.392127] brd: module loaded
[    1.400323] loop: module loaded
[    1.409589] m25p80 spi0.0: found s25fl008k, expected w25q80bl
[    1.415393] m25p80 spi0.0: s25fl008k (1024 Kbytes)
[    1.422138] libphy: Fixed MDIO Bus: probed
[    1.426966] CAN device driver interface
[    1.431447] bgmac_bcma: Broadcom 47xx GBit MAC driver loaded
[    1.438065] e1000e: Intel(R) PRO/1000 Network Driver - 3.2.6-k
[    1.443882] e1000e: Copyright(c) 1999 - 2015 Intel Corporation.
[    1.449866] igb: Intel(R) Gigabit Ethernet Network Driver - version 5.4.0-k
[    1.456810] igb: Copyright (c) 2007-2014 Intel Corporation.
[    1.462966] r8169 Gigabit Ethernet driver 2.3LK-NAPI loaded
[    1.468561] r8169 0000:01:00.0: enabling device (0140 -> 0143)
[    1.474409] r8169 0000:01:00.0 (unnamed net_device) (uninitialized): not PCI Express
[    1.482771] r8169 0000:01:00.0 eth0: RTL8168d/8111d at 0x4362e9c9, 00:01:c0:13:7d:63, XID 081000c0 IRQ 286
[    1.492424] r8169 0000:01:00.0 eth0: jumbo features [frames: 9200 bytes, tx checksumming: ko]
[    1.503287] pegasus: v0.9.3 (2013/04/25), Pegasus/Pegasus II USB Ethernet driver
[    1.510743] usbcore: registered new interface driver pegasus
[    1.516416] usbcore: registered new interface driver asix
[    1.521842] usbcore: registered new interface driver ax88179_178a
[    1.527963] usbcore: registered new interface driver cdc_ether
[    1.533810] usbcore: registered new interface driver smsc75xx
[    1.539598] usbcore: registered new interface driver smsc95xx
[    1.545351] usbcore: registered new interface driver net1080
[    1.551036] usbcore: registered new interface driver cdc_subset
[    1.556978] usbcore: registered new interface driver zaurus
[    1.562569] usbcore: registered new interface driver cdc_ncm
[    1.568501] tegra-phy c5004000.usb-phy: no vbus regulator
[    1.574992] tegra-phy c5008000.usb-phy: no vbus regulator
[    1.581764] ehci_hcd: USB 2.0 'Enhanced' Host Controller (EHCI) Driver
[    1.588296] ehci-pci: EHCI PCI platform driver
[    1.592756] ehci-platform: EHCI generic platform driver
[    1.598136] ehci-orion: EHCI orion driver
[    1.602251] SPEAr-ehci: EHCI SPEAr driver
[    1.606347] ehci-st: EHCI STMicroelectronics driver
[    1.611333] ehci-exynos: EHCI EXYNOS driver
[    1.615619] ehci-atmel: EHCI Atmel driver
[    1.619735] tegra-ehci: Tegra EHCI driver
[    1.677838] ulpi_phy_power_on: ulpi write failed
[    1.682446] tegra-ehci c5004000.usb: Failed to power on the phy
[    1.688382] tegra-ehci: probe of c5004000.usb failed with error -110
[    1.697357] tegra-ehci c5008000.usb: EHCI Host Controller
[    1.702765] tegra-ehci c5008000.usb: new USB bus registered, assigned bus number 1
[    1.710487] tegra-ehci c5008000.usb: irq 290, io mem 0xc5008000
[    1.736875] tegra-ehci c5008000.usb: USB 2.0 started, EHCI 1.00
[    1.743293] hub 1-0:1.0: USB hub found
[    1.747075] hub 1-0:1.0: 1 port detected
[    1.751295] ohci_hcd: USB 1.1 'Open' Host Controller (OHCI) Driver
[    1.757489] ohci-pci: OHCI PCI platform driver
[    1.761960] ohci-platform: OHCI generic platform driver
[    1.767354] SPEAr-ohci: OHCI SPEAr driver
[    1.771456] ohci-st: OHCI STMicroelectronics driver
[    1.776422] ohci-atmel: OHCI Atmel driver
[    1.781010] usbcore: registered new interface driver usb-storage
[    1.790235] rtc-em3027 2-0056: rtc core: registered rtc-em3027 as rtc0
[    1.797886] tegra_rtc 7000e000.rtc: rtc core: registered 7000e000.rtc as rtc1
[    1.805037] tegra_rtc 7000e000.rtc: Tegra internal Real Time Clock
[    1.811631] i2c /dev entries driver
[    1.824704] sdhci: Secure Digital Host Controller Interface driver
[    1.830904] sdhci: Copyright(c) Pierre Ossman
[    1.836474] Synopsys Designware Multimedia Card Interface Driver
[    1.843572] sdhci-pltfm: SDHCI platform and OF driver helper
[    1.857009] mmc0: Invalid maximum block size, assuming 512 bytes
[    1.889050] mmc0: SDHCI controller on c8000000.sdhci [c8000000.sdhci] using ADMA
[    1.897039] sdhci-tegra c8000600.sdhci: Got CD GPIO
[    1.901985] sdhci-tegra c8000600.sdhci: Got WP GPIO
[    1.915178] mmc1: Invalid maximum block size, assuming 512 bytes
[    1.947701] mmc1: SDHCI controller on c8000600.sdhci [c8000600.sdhci] using ADMA
[    1.961974] ledtrig-cpu: registered to indicate activity on CPUs
[    1.968255] usbcore: registered new interface driver usbhid
[    1.973812] usbhid: USB HID core driver
[    1.980983] NET: Registered protocol family 10
[    1.986220] Segment Routing with IPv6
[    1.989961] sit: IPv6, IPv4 and MPLS over IPv4 tunneling driver
[    1.996284] NET: Registered protocol family 17
[    2.000750] can: controller area network core (rev 20170425 abi 9)
[    2.006990] NET: Registered protocol family 29
[    2.011421] can: raw protocol (rev 20170425)
[    2.015677] can: broadcast manager protocol (rev 20170425 t)
[    2.021344] can: netlink gateway (rev 20170425) max_hops=1
[    2.027119] Key type dns_resolver registered
[    2.031725] ThumbEE CPU extension supported.
[    2.035987] Registering SWP/SWPB emulation handler
[    2.041213] Loading compiled-in X.509 certificates
[    2.054863] utmi_phy_clk_enable: timeout waiting for phy to stabilize
[    2.061370] tegra-ehci c5000000.usb: EHCI Host Controller
[    2.066772] tegra-ehci c5000000.usb: new USB bus registered, assigned bus number 2
[    2.074712] tegra-ehci c5000000.usb: irq 288, io mem 0xc5000000
[    2.117016] usb 1-1: new high-speed USB device number 2 using tegra-ehci
[    2.147014] tegra-ehci c5000000.usb: USB 2.0 started, EHCI 1.00
[    2.154776] hub 2-0:1.0: USB hub found
[    2.158641] hub 2-0:1.0: 1 port detected
[    2.163880] input: gpio-keys as /devices/soc0/gpio-keys/input/input0
[    2.171407] rtc-em3027 2-0056: hctosys: unable to read the hardware clock
[    2.178844] Waiting for root device PARTUUID=11eb23c1-01...
[    2.187888] mmc1: new high speed SD card at address b368
[    2.193872] mmcblk1: mmc1:b368 NCard 1.83 GiB (ro)
[    2.201719]  mmcblk1: p1 p2
[    2.359388] hub 1-1:1.0: USB hub found
[    2.363462] hub 1-1:1.0: 4 ports detected
[    2.687006] usb 1-1.2: new high-speed USB device number 3 using tegra-ehci
[    3.171419] mmc0: host does not support reading read-only switch, assuming write-enable
[    3.181396] mmc0: new high speed SDHC card at address b368
[    3.187718] mmcblk0: mmc0:b368 NCard 3.70 GiB 
[    3.194228]  mmcblk0: p1
[    3.310563] asix 1-1.2:1.0 eth1: register 'asix' at usb-c5008000.usb-1.2, ASIX AX88772 USB 2.0 Ethernet, 00:60:6e:60:6c:68
[    3.347569] EXT4-fs (mmcblk0p1): mounting ext3 file system using the ext4 subsystem
[    3.435147] EXT4-fs (mmcblk0p1): recovery complete
[    3.440085] EXT4-fs (mmcblk0p1): mounted filesystem with ordered data mode. Opts: (null)
[    3.448353] VFS: Mounted root (ext3 filesystem) on device 179:17.
[    3.463179] devtmpfs: mounted
[    3.471164] Freeing unused kernel memory: 2048K
bash: cannot set terminal process group (-1): Inappropriate ioctl for device
bash: no job control in this shell
root@(none):/# mount -t sysfs none /sys
root@(none):/# 
root@(none):/# mount -t debugfs none /sys/kernel/debug
root@(none):/# 
root@(none):/# rtcwake -d rtc1 -m mem -s 3
rtcwake: assuming RTC uses UTC ...
rtcwake: wakeup from "mem" using /dev/rtc1 at Thu Jan  1 00:00:25 1970
[    8.295551] PM: suspend entry (deep)
[    8.299257] PM: Syncing filesystems ... done.
[    8.305903] Freezing user space processes ... (elapsed 0.001 seconds) done.
[    8.314017] OOM killer disabled.
[    8.317259] Freezing remaining freezable tasks ... (elapsed 0.001 seconds) done.
[    8.325736] Suspending console(s) (use no_console_suspend to debug)
[    8.364036] pci_generic_config_write32: 20 callbacks suppressed
[    8.364079] pci_bus 0000:00: 2-byte config write to 0000:00:01.0 offset 0x9c may corrupt adjacent RW1C bits
[    8.386534] Disabling non-boot CPUs ...
[    8.430801] Entering suspend state LP1
[    8.430852] Enabling non-boot CPUs ...
[    8.432555] CPU1 is up
[    8.433335] pci_bus 0000:00: 2-byte config write to 0000:00:01.0 offset 0x4c may corrupt adjacent RW1C bits
[    8.433381] pci_bus 0000:00: 2-byte config write to 0000:00:01.0 offset 0x88 may corrupt adjacent RW1C bits
[    8.433412] pci_bus 0000:00: 2-byte config write to 0000:00:01.0 offset 0x90 may corrupt adjacent RW1C bits
[    8.433440] pci_bus 0000:00: 2-byte config write to 0000:00:01.0 offset 0x98 may corrupt adjacent RW1C bits
[    8.433467] pci_bus 0000:00: 2-byte config write to 0000:00:01.0 offset 0x9c may corrupt adjacent RW1C bits
[    8.433548] pci_bus 0000:00: 2-byte config write to 0000:00:01.0 offset 0x52 may corrupt adjacent RW1C bits
[    8.433580] pci_bus 0000:00: 2-byte config write to 0000:00:01.0 offset 0x52 may corrupt adjacent RW1C bits
[    8.433612] pci_bus 0000:00: 2-byte config write to 0000:00:01.0 offset 0x5c may corrupt adjacent RW1C bits
[    8.433642] pci_bus 0000:00: 2-byte config write to 0000:00:01.0 offset 0x52 may corrupt adjacent RW1C bits
[    8.433735] pcieport 0000:00:01.0: nv_msi_ht_cap_quirk didn't locate host bridge
[    9.114426] OOM killer enabled.
[    9.117576] Restarting tasks ... done.
[    9.121895] PM: suspend exit
root@(none):/# 
root@(none):/# rtcwake -d rtc1 -m mem -s 3
rtcwake: assuming RTC uses UTC ...
rtcwake: wakeup from "mem" using /dev/rtc1 at Thu Jan  1 00:00:30 1970
[    9.647665] PM: suspend entry (deep)
[    9.651239] PM: Syncing filesystems ... done.
[    9.656213] Freezing user space processes ... (elapsed 0.001 seconds) done.
[    9.664311] OOM killer disabled.
[    9.667581] Freezing remaining freezable tasks ... (elapsed 0.001 seconds) done.
[    9.676125] Suspending console(s) (use no_console_suspend to debug)
[    9.736330] Disabling non-boot CPUs ...
[    9.779667] Entering suspend state LP1
[    9.779717] Enabling non-boot CPUs ...
[    9.781532] CPU1 is up
[    9.783184] pcieport 0000:00:01.0: nv_msi_ht_cap_quirk didn't locate host bridge
[   10.360635] OOM killer enabled.
[   10.363773] Restarting tasks ... done.
[   10.368216] PM: suspend exit
root@(none):/# 
root@(none):/# rtcwake -d rtc1 -m mem -s 3
rtcwake: assuming RTC uses UTC ...
rtcwake: wakeup from "mem" using /dev/rtc1 at Thu Jan  1 00:00:35 1970
[   10.998544] PM: suspend entry (deep)
[   11.002144] PM: Syncing filesystems ... done.
[   11.008131] Freezing user space processes ... (elapsed 0.001 seconds) done.
[   11.016341] OOM killer disabled.
[   11.019589] Freezing remaining freezable tasks ... (elapsed 0.001 seconds) done.
[   11.028096] Suspending console(s) (use no_console_suspend to debug)
[   11.086925] Disabling non-boot CPUs ...
[   11.129517] Entering suspend state LP1
[   11.129567] Enabling non-boot CPUs ...
[   11.131516] CPU1 is up
[   11.132922] pcieport 0000:00:01.0: nv_msi_ht_cap_quirk didn't locate host bridge
[   11.701287] OOM killer enabled.
[   11.704424] Restarting tasks ... done.
[   11.708451] PM: suspend exit
root@(none):/# 
root@(none):/# rtcwake -d rtc1 -m mem -s 3
rtcwake: assuming RTC uses UTC ...
rtcwake: wakeup from "mem" using /dev/rtc1 at Thu Jan  1 00:00:40 1970
[   12.348034] PM: suspend entry (deep)
[   12.351635] PM: Syncing filesystems ... done.
[   12.357585] Freezing user space processes ... (elapsed 0.001 seconds) done.
[   12.365755] OOM killer disabled.
[   12.369007] Freezing remaining freezable tasks ... (elapsed 0.001 seconds) done.
[   12.377522] Suspending console(s) (use no_console_suspend to debug)
[   12.437341] Disabling non-boot CPUs ...
[   12.489408] Entering suspend state LP1
[   12.489459] Enabling non-boot CPUs ...
[   12.491274] CPU1 is up
[   12.492784] pcieport 0000:00:01.0: nv_msi_ht_cap_quirk didn't locate host bridge
[   13.060267] OOM killer enabled.
[   13.063397] Restarting tasks ... done.
[   13.067635] PM: suspend exit
root@(none):/# 
root@(none):/# rtcwake -d rtc1 -m mem -s 3
rtcwake: assuming RTC uses UTC ...
rtcwake: wakeup from "mem" using /dev/rtc1 at Thu Jan  1 00:00:45 1970
[   13.707836] PM: suspend entry (deep)
[   13.711436] PM: Syncing filesystems ... done.
[   13.717372] Freezing user space processes ... (elapsed 0.001 seconds) done.
[   13.725544] OOM killer disabled.
[   13.728793] Freezing remaining freezable tasks ... (elapsed 0.001 seconds) done.
[   13.737298] Suspending console(s) (use no_console_suspend to debug)
[   13.773280] pci_generic_config_write32: 38 callbacks suppressed
[   13.773324] pci_bus 0000:00: 2-byte config write to 0000:00:01.0 offset 0x9c may corrupt adjacent RW1C bits
[   13.796000] Disabling non-boot CPUs ...
[   13.839357] Entering suspend state LP1
[   13.839408] Enabling non-boot CPUs ...
[   13.841196] CPU1 is up
[   13.842579] pci_bus 0000:00: 2-byte config write to 0000:00:01.0 offset 0x4c may corrupt adjacent RW1C bits
[   13.842626] pci_bus 0000:00: 2-byte config write to 0000:00:01.0 offset 0x88 may corrupt adjacent RW1C bits
[   13.842655] pci_bus 0000:00: 2-byte config write to 0000:00:01.0 offset 0x90 may corrupt adjacent RW1C bits
[   13.842682] pci_bus 0000:00: 2-byte config write to 0000:00:01.0 offset 0x98 may corrupt adjacent RW1C bits
[   13.842709] pci_bus 0000:00: 2-byte config write to 0000:00:01.0 offset 0x9c may corrupt adjacent RW1C bits
[   13.842788] pci_bus 0000:00: 2-byte config write to 0000:00:01.0 offset 0x52 may corrupt adjacent RW1C bits
[   13.842819] pci_bus 0000:00: 2-byte config write to 0000:00:01.0 offset 0x52 may corrupt adjacent RW1C bits
[   13.842851] pci_bus 0000:00: 2-byte config write to 0000:00:01.0 offset 0x5c may corrupt adjacent RW1C bits
[   13.842881] pci_bus 0000:00: 2-byte config write to 0000:00:01.0 offset 0x52 may corrupt adjacent RW1C bits
[   13.842945] pcieport 0000:00:01.0: nv_msi_ht_cap_quirk didn't locate host bridge
[   14.524175] OOM killer enabled.
[   14.527322] Restarting tasks ... done.
[   14.531914] PM: suspend exit
root@(none):/# 
root@(none):/# rtcwake -d rtc1 -m mem -s 3
rtcwake: assuming RTC uses UTC ...
rtcwake: wakeup from "mem" using /dev/rtc1 at Thu Jan  1 00:00:50 1970
[   15.057808] PM: suspend entry (deep)
[   15.061411] PM: Syncing filesystems ... done.
[   15.067372] Freezing user space processes ... (elapsed 0.001 seconds) done.
[   15.075544] OOM killer disabled.
[   15.078793] Freezing remaining freezable tasks ... (elapsed 0.001 seconds) done.
[   15.087298] Suspending console(s) (use no_console_suspend to debug)
[   15.146002] Disabling non-boot CPUs ...
[   15.179305] Entering suspend state LP1
[   15.179355] Enabling non-boot CPUs ...
[   15.181145] CPU1 is up
[   15.182729] pcieport 0000:00:01.0: nv_msi_ht_cap_quirk didn't locate host bridge
[   15.760952] OOM killer enabled.
[   15.764088] Restarting tasks ... done.
[   15.768196] PM: suspend exit
root@(none):/# 
root@(none):/# rtcwake -d rtc1 -m mem -s 3
rtcwake: assuming RTC uses UTC ...
rtcwake: wakeup from "mem" using /dev/rtc1 at Thu Jan  1 00:00:55 1970
[   16.398045] PM: suspend entry (deep)
[   16.401645] PM: Syncing filesystems ... done.
[   16.407587] Freezing user space processes ... (elapsed 0.001 seconds) done.
[   16.415758] OOM killer disabled.
[   16.419007] Freezing remaining freezable tasks ... (elapsed 0.001 seconds) done.
[   16.427524] Suspending console(s) (use no_console_suspend to debug)
[   16.486899] Disabling non-boot CPUs ...
[   16.539197] Entering suspend state LP1
[   16.539248] Enabling non-boot CPUs ...
[   16.541046] CPU1 is up
[   16.542711] pcieport 0000:00:01.0: nv_msi_ht_cap_quirk didn't locate host bridge
[   17.120288] OOM killer enabled.
[   17.123424] Restarting tasks ... done.
[   17.127494] PM: suspend exit
root@(none):/# 
root@(none):/# rtcwake -d rtc1 -m mem -s 3
rtcwake: assuming RTC uses UTC ...
rtcwake: wakeup from "mem" using /dev/rtc1 at Thu Jan  1 00:01:00 1970
[   17.757862] PM: suspend entry (deep)
[   17.761463] PM: Syncing filesystems ... done.
[   17.767395] Freezing user space processes ... (elapsed 0.001 seconds) done.
[   17.775567] OOM killer disabled.
[   17.778817] Freezing remaining freezable tasks ... (elapsed 0.001 seconds) done.
[   17.787333] Suspending console(s) (use no_console_suspend to debug)
[   17.845956] Disabling non-boot CPUs ...
[   17.889206] Entering suspend state LP1
[   17.889256] Enabling non-boot CPUs ...
[   17.891047] CPU1 is up
[   17.891824] pcieport 0000:00:01.0: nv_msi_ht_cap_quirk didn't locate host bridge
[   18.460763] OOM killer enabled.
[   18.463898] Restarting tasks ... done.
[   18.468762] PM: suspend exit
root@(none):/# 
root@(none):/# rtcwake -d rtc1 -m mem -s 3
rtcwake: assuming RTC uses UTC ...
rtcwake: wakeup from "mem" using /dev/rtc1 at Thu Jan  1 00:01:05 1970
[   19.107884] PM: suspend entry (deep)
[   19.111485] PM: Syncing filesystems ... done.
[   19.117405] Freezing user space processes ... (elapsed 0.001 seconds) done.
[   19.125575] OOM killer disabled.
[   19.128830] Freezing remaining freezable tasks ... (elapsed 0.001 seconds) done.
[   19.137347] Suspending console(s) (use no_console_suspend to debug)
[   19.173196] pci_generic_config_write32: 38 callbacks suppressed
[   19.173243] pci_bus 0000:00: 2-byte config write to 0000:00:01.0 offset 0x9c may corrupt adjacent RW1C bits
[   19.196789] Disabling non-boot CPUs ...
[   19.249124] Entering suspend state LP1
[   19.249175] Enabling non-boot CPUs ...
[   19.250968] CPU1 is up
[   19.251610] pci_bus 0000:00: 2-byte config write to 0000:00:01.0 offset 0x4c may corrupt adjacent RW1C bits
[   19.251659] pci_bus 0000:00: 2-byte config write to 0000:00:01.0 offset 0x88 may corrupt adjacent RW1C bits
[   19.251689] pci_bus 0000:00: 2-byte config write to 0000:00:01.0 offset 0x90 may corrupt adjacent RW1C bits
[   19.251716] pci_bus 0000:00: 2-byte config write to 0000:00:01.0 offset 0x98 may corrupt adjacent RW1C bits
[   19.251743] pci_bus 0000:00: 2-byte config write to 0000:00:01.0 offset 0x9c may corrupt adjacent RW1C bits
[   19.251823] pci_bus 0000:00: 2-byte config write to 0000:00:01.0 offset 0x52 may corrupt adjacent RW1C bits
[   19.251855] pci_bus 0000:00: 2-byte config write to 0000:00:01.0 offset 0x52 may corrupt adjacent RW1C bits
[   19.251886] pci_bus 0000:00: 2-byte config write to 0000:00:01.0 offset 0x5c may corrupt adjacent RW1C bits
[   19.251916] pci_bus 0000:00: 2-byte config write to 0000:00:01.0 offset 0x52 may corrupt adjacent RW1C bits
[   19.251983] pcieport 0000:00:01.0: nv_msi_ht_cap_quirk didn't locate host bridge
[   19.923971] OOM killer enabled.
[   19.927119] Restarting tasks ... done.
[   19.931143] PM: suspend exit
root@(none):/# 
root@(none):/# rtcwake -d rtc1 -m mem -s 3
rtcwake: assuming RTC uses UTC ...
rtcwake: wakeup from "mem" using /dev/rtc1 at Thu Jan  1 00:01:10 1970
[   20.467977] PM: suspend entry (deep)
[   20.471565] PM: Syncing filesystems ... done.
[   20.477059] Freezing user space processes ... (elapsed 0.001 seconds) done.
[   20.485185] OOM killer disabled.
[   20.488435] Freezing remaining freezable tasks ... (elapsed 0.001 seconds) done.
[   20.496941] Suspending console(s) (use no_console_suspend to debug)
[   20.556592] Disabling non-boot CPUs ...
[   20.598977] Entering suspend state LP1
[   20.599027] Enabling non-boot CPUs ...
[   20.600825] CPU1 is up
[   20.601921] pcieport 0000:00:01.0: nv_msi_ht_cap_quirk didn't locate host bridge
[   21.170645] OOM killer enabled.
[   21.173780] Restarting tasks ... done.
[   21.178241] PM: suspend exit
root@(none):/# 
root@(none):/# NVTB SYSTEM SUSPEND TEST COMPLETE
