
U-Boot SPL 2015.04-rc3-00209-ga74ef40 (Mar 16 2015 - 14:43:39)


U-Boot 2015.04-rc3-00209-ga74ef40 (Mar 16 2015 - 14:43:39)

TEGRA20
Model: Compulab TrimSlice board
DRAM:  1 GiB
MMC:   Tegra SD/MMC: 0, Tegra SD/MMC: 1
SF: Detected W25Q80BL with page size 256 Bytes, erase size 4 KiB, total 1 MiB
tegra-pcie: PCI regions:
tegra-pcie:   I/O: 0x82000000-0x82010000
tegra-pcie:   non-prefetchable memory: 0xa0000000-0xa8000000
tegra-pcie:   prefetchable memory: 0xa8000000-0xc0000000
tegra-pcie: dual-mode configuration
tegra-pcie: probing port 0, using 2 lanes
In:    serial
Out:   serial
Err:   serial
Net:   RTL8169#0
Hit any key to stop autoboot:  2  0 
Tegra20 (TrimSlice) # 
Tegra20 (TrimSlice) # usb reset
resetting USB...
USB0:   USB EHCI 1.00
scanning bus 0 for devices... 3 USB Device(s) found
USB1:   USB EHCI 1.00
scanning bus 1 for devices... 1 USB Device(s) found
USB2:   lowlevel init failed
       scanning usb for storage devices... 0 Storage Device(s) found
       scanning usb for ethernet devices... 
Warning: asx0 using MAC address from net device
1 Ethernet Device(s) found
Tegra20 (TrimSlice) # setenv bootargs 'ignore_loglevel console=ttyS0,115200n8 rw root=PARTUUID=11eb23c1-01 rootwait gpt debug noinitrd earlyprintk init=/bin/bash'
Tegra20 (TrimSlice) # setenv ipaddr 192.168.100.103; setenv serverip 192.168.100.1; setenv tftpserverip 192.168.100.1
Tegra20 (TrimSlice) # tftpboot 0x00408000 zImage.tegra_defconfig
Using RTL8169#0 device
TFTP from server 192.168.100.1; our IP address is 192.168.100.103
Filename 'zImage.tegra_defconfig'.
Load address: 0x408000
Loading: *#################################################################
	 #################################################################
	 #################################################################
	 #################################################################
	 #################################################################
	 #################################################################
	 #################################
	 4.1 MiB/s
done
Bytes transferred = 6204160 (5eab00 hex)
Tegra20 (TrimSlice) # tftpboot 0x02408000 tegra20-trimslice.dtb
Using RTL8169#0 device
TFTP from server 192.168.100.1; our IP address is 192.168.100.103
Filename 'tegra20-trimslice.dtb'.
Load address: 0x2408000
Loading: *##
	 3.4 MiB/s
done
Bytes transferred = 21160 (52a8 hex)
Tegra20 (TrimSlice) # bootz 0x00408000 - 0x02408000
Kernel image @ 0x408000 [ 0x000000 - 0x5eab00 ]
## Flattened Device Tree blob at 02408000
   Booting using the fdt blob at 0x2408000
   Using Device Tree in place at 02408000, end 024102a7

Starting kernel ...

[    0.000000] Booting Linux on physical CPU 0x0
[    0.000000] Linux version 4.15.0-rc2-next-20171206-17248-gd5c5286 (jonathanh@kaivo) (gcc version 4.7.3 20130328 (prerelease) (crosstool-NG linaro-1.13.1-4.7-2013.04-20130415 - Linaro GCC 2013.04)) #1 SMP PREEMPT Wed Dec 6 08:56:59 PST 2017
[    0.000000] CPU: ARMv7 Processor [411fc090] revision 0 (ARMv7), cr=10c5387d
[    0.000000] CPU: PIPT / VIPT nonaliasing data cache, VIPT aliasing instruction cache
[    0.000000] OF: fdt: Machine model: Compulab TrimSlice board
[    0.000000] debug: ignoring loglevel setting.
[    0.000000] bootconsole [earlycon0] enabled
[    0.000000] Memory policy: Data cache writealloc
[    0.000000] cma: Reserved 64 MiB at 0x3c000000
[    0.000000] On node 0 totalpages: 262144
[    0.000000]   Normal zone: 1536 pages used for memmap
[    0.000000]   Normal zone: 0 pages reserved
[    0.000000]   Normal zone: 196608 pages, LIFO batch:31
[    0.000000]   HighMem zone: 65536 pages, LIFO batch:15
[    0.000000] random: fast init done
[    0.000000] percpu: Embedded 17 pages/cpu @(ptrval) s39296 r8192 d22144 u69632
[    0.000000] pcpu-alloc: s39296 r8192 d22144 u69632 alloc=17*4096
[    0.000000] pcpu-alloc: [0] 0 [0] 1 
[    0.000000] Built 1 zonelists, mobility grouping on.  Total pages: 260608
[    0.000000] Kernel command line: ignore_loglevel console=ttyS0,115200n8 rw root=PARTUUID=11eb23c1-01 rootwait gpt debug noinitrd earlyprintk init=/bin/bash
[    0.000000] Dentry cache hash table entries: 131072 (order: 7, 524288 bytes)
[    0.000000] Inode-cache hash table entries: 65536 (order: 6, 262144 bytes)
[    0.000000] Memory: 959424K/1048576K available (9216K kernel code, 778K rwdata, 2564K rodata, 1024K init, 298K bss, 23616K reserved, 65536K cma-reserved, 196608K highmem)
[    0.000000] Virtual kernel memory layout:
[    0.000000]     vector  : 0xffff0000 - 0xffff1000   (   4 kB)
[    0.000000]     fixmap  : 0xffc00000 - 0xfff00000   (3072 kB)
[    0.000000]     vmalloc : 0xf0800000 - 0xff800000   ( 240 MB)
[    0.000000]     lowmem  : 0xc0000000 - 0xf0000000   ( 768 MB)
[    0.000000]     pkmap   : 0xbfe00000 - 0xc0000000   (   2 MB)
[    0.000000]     modules : 0xbf000000 - 0xbfe00000   (  14 MB)
[    0.000000]       .text : 0x(ptrval) - 0x(ptrval)   (10208 kB)
[    0.000000]       .init : 0x(ptrval) - 0x(ptrval)   (1024 kB)
[    0.000000]       .data : 0x(ptrval) - 0x(ptrval)   ( 779 kB)
[    0.000000]        .bss : 0x(ptrval) - 0x(ptrval)   ( 299 kB)
[    0.000000] Preemptible hierarchical RCU implementation.
[    0.000000] 	RCU restricting CPUs from NR_CPUS=4 to nr_cpu_ids=2.
[    0.000000] 	Tasks RCU enabled.
[    0.000000] RCU: Adjusting geometry for rcu_fanout_leaf=16, nr_cpu_ids=2
[    0.000000] NR_IRQS: 16, nr_irqs: 16, preallocated irqs: 16
[    0.000000] /interrupt-controller@60004000: 128 interrupts forwarded to /interrupt-controller@50041000
[    0.000000] L2C: platform modifies aux control register: 0x02080000 -> 0x3e480001
[    0.000000] L2C: DT/platform modifies aux control register: 0x02080000 -> 0x3e480001
[    0.000000] L2C-310 errata 727915 769419 enabled
[    0.000000] L2C-310 enabling early BRESP for Cortex-A9
[    0.000000] L2C-310: enabling full line of zeros but not enabled in Cortex-A9
[    0.000000] L2C-310 ID prefetch enabled, offset 1 lines
[    0.000000] L2C-310 cache controller enabled, 8 ways, 1024 kB
[    0.000000] L2C-310: CACHE_ID 0x410000c4, AUX_CTRL 0x7e480001
[    0.000009] sched_clock: 32 bits at 1000kHz, resolution 1000ns, wraps every 2147483647500ns
[    0.008267] clocksource: timer_us: mask: 0xffffffff max_cycles: 0xffffffff, max_idle_ns: 1911260446275 ns
[    0.017795] Switching to timer-based delay loop, resolution 1000ns
[    0.024650] Console: colour dummy device 80x30
[    0.029014] Calibrating delay loop (skipped), value calculated using timer frequency.. 2.00 BogoMIPS (lpj=10000)
[    0.039149] pid_max: default: 32768 minimum: 301
[    0.044154] Mount-cache hash table entries: 2048 (order: 1, 8192 bytes)
[    0.050685] Mountpoint-cache hash table entries: 2048 (order: 1, 8192 bytes)
[    0.058494] CPU: Testing write buffer coherency: ok
[    0.063581] CPU0: thread -1, cpu 0, socket 0, mpidr 80000000
[    0.100008] Setting up static identity map for 0x100000 - 0x1000a0
[    0.106223] Hierarchical SRCU implementation.
[    0.130308] Tegra Revision: A03 prime SKU: 8 CPU Process: 1 SoC Process: 2
[    0.149969] smp: Bringing up secondary CPUs ...
[    0.200565] CPU1: thread -1, cpu 1, socket 0, mpidr 80000001
[    0.200653] smp: Brought up 1 node, 2 CPUs
[    0.210323] SMP: Total of 2 processors activated (4.00 BogoMIPS).
[    0.216352] CPU: All CPU(s) started in SVC mode.
[    0.222002] devtmpfs: initialized
[    0.230601] VFP support v0.3: implementor 41 architecture 3 part 30 variant 9 rev 1
[    0.238464] clocksource: jiffies: mask: 0xffffffff max_cycles: 0xffffffff, max_idle_ns: 19112604462750000 ns
[    0.248209] futex hash table entries: 512 (order: 3, 32768 bytes)
[    0.257047] pinctrl core: initialized pinctrl subsystem
[    0.263470] NET: Registered protocol family 16
[    0.269566] DMA: preallocated 256 KiB pool for atomic coherent allocations
[    0.277566] cpuidle: using governor menu
[    0.297114] No ATAGs?
[    0.297191] hw-breakpoint: found 5 (+1 reserved) breakpoint and 1 watchpoint registers.
[    0.307369] hw-breakpoint: maximum watchpoint size is 4 bytes.
[    0.331671] usb1_vbus: Failed to request enable GPIO170: -517
[    0.337325] reg-fixed-voltage regulators:regulator@2: Failed to register regulator: -517
[    0.348572] vgaarb: loaded
[    0.351986] SCSI subsystem initialized
[    0.355900] libata version 3.00 loaded.
[    0.360045] usbcore: registered new interface driver usbfs
[    0.365500] usbcore: registered new interface driver hub
[    0.370823] usbcore: registered new device driver usb
[    0.377721] Linux video capture interface: v2.00
[    0.382353] pps_core: LinuxPPS API ver. 1 registered
[    0.387218] pps_core: Software ver. 5.3.6 - Copyright 2005-2007 Rodolfo Giometti <giometti@linux.it>
[    0.396389] PTP clock support registered
[    0.400870] Advanced Linux Sound Architecture Driver Initialized.
[    0.407525] Bluetooth: Core ver 2.22
[    0.411083] NET: Registered protocol family 31
[    0.415428] Bluetooth: HCI device and connection manager initialized
[    0.421774] Bluetooth: HCI socket layer initialized
[    0.426613] Bluetooth: L2CAP socket layer initialized
[    0.431681] Bluetooth: SCO socket layer initialized
[    0.437123] clocksource: Switched to clocksource timer_us
[    0.522633] NET: Registered protocol family 2
[    0.527887] tcp_listen_portaddr_hash hash table entries: 512 (order: 0, 6144 bytes)
[    0.535485] TCP established hash table entries: 8192 (order: 3, 32768 bytes)
[    0.542562] TCP bind hash table entries: 8192 (order: 4, 65536 bytes)
[    0.549027] TCP: Hash tables configured (established 8192 bind 8192)
[    0.555960] UDP hash table entries: 512 (order: 2, 16384 bytes)
[    0.561857] UDP-Lite hash table entries: 512 (order: 2, 16384 bytes)
[    0.568421] NET: Registered protocol family 1
[    0.583374] RPC: Registered named UNIX socket transport module.
[    0.589218] RPC: Registered udp transport module.
[    0.593873] RPC: Registered tcp transport module.
[    0.598568] RPC: Registered tcp NFSv4.1 backchannel transport module.
[    0.615668] PCI: CLS 0 bytes, default 64
[    0.620874] hw perfevents: no interrupt-affinity property for /pmu, guessing.
[    0.628140] hw perfevents: enabled with armv7_cortex_a9 PMU driver, 7 counters available
[    0.637672] Initialise system trusted keyrings
[    0.642177] workingset: timestamp_bits=30 max_order=18 bucket_order=0
[    0.649567] squashfs: version 4.0 (2009/01/31) Phillip Lougher
[    0.655994] NFS: Registering the id_resolver key type
[    0.661004] Key type id_resolver registered
[    0.665107] Key type id_legacy registered
[    0.673865] Key type asymmetric registered
[    0.677885] Asymmetric key parser 'x509' registered
[    0.682932] bounce: pool size: 64 pages
[    0.686742] io scheduler noop registered (default)
[    0.691461] io scheduler mq-deadline registered
[    0.695944] io scheduler kyber registered
[    0.704491] tegra-pcie 80003000.pcie: dual-mode configuration
[    0.711101] tegra-pcie 80003000.pcie: probing port 0, using 2 lanes
[    0.787888] tegra-pcie 80003000.pcie: PCI host bridge to bus 0000:00
[    0.794145] pci_bus 0000:00: root bus resource [io  0x0000-0xffff]
[    0.800324] pci_bus 0000:00: root bus resource [mem 0xa0000000-0xa7ffffff]
[    0.807159] pci_bus 0000:00: root bus resource [mem 0xa8000000-0xbfffffff pref]
[    0.814424] pci_bus 0000:00: root bus resource [bus 00-ff]
[    0.819938] pci 0000:00:01.0: [10de:0bf0] type 01 class 0x060000
[    0.825873] pci_bus 0000:00: 2-byte config write to 0000:00:01.0 offset 0x4 may corrupt adjacent RW1C bits
[    0.835501] pci_bus 0000:00: 2-byte config write to 0000:00:01.0 offset 0x4 may corrupt adjacent RW1C bits
[    0.845126] pci 0000:00:01.0: enabling Extended Tags
[    0.850058] pci_bus 0000:00: 2-byte config write to 0000:00:01.0 offset 0x88 may corrupt adjacent RW1C bits
[    0.859780] pci_bus 0000:00: 2-byte config write to 0000:00:01.0 offset 0x52 may corrupt adjacent RW1C bits
[    0.869486] pci 0000:00:01.0: PME# supported from D0 D1 D2 D3hot D3cold
[    0.876046] pci_bus 0000:00: 2-byte config write to 0000:00:01.0 offset 0x4c may corrupt adjacent RW1C bits
[    0.885962] pci_bus 0000:00: 2-byte config write to 0000:00:01.0 offset 0x3e may corrupt adjacent RW1C bits
[    0.895618] pci_bus 0000:00: 2-byte config write to 0000:00:01.0 offset 0x4 may corrupt adjacent RW1C bits
[    0.905233] pci_bus 0000:00: 1-byte config write to 0000:00:01.0 offset 0xc may corrupt adjacent RW1C bits
[    0.914847] PCI: bus0: Fast back to back transfers disabled
[    0.920397] pci 0000:00:01.0: bridge configuration invalid ([bus 00-00]), reconfiguring
[    0.928377] pci_bus 0000:00: 2-byte config write to 0000:00:01.0 offset 0x3e may corrupt adjacent RW1C bits
[    0.938081] pci_bus 0000:00: 2-byte config write to 0000:00:01.0 offset 0x3e may corrupt adjacent RW1C bits
[    0.947949] pci 0000:01:00.0: [10ec:8168] type 00 class 0x020000
[    0.953876] pci 0000:01:00.0: reg 0x10: [io  0x0000-0x00ff]
[    0.959439] pci 0000:01:00.0: reg 0x18: [mem 0x00000000-0x00000fff 64bit pref]
[    0.966607] pci 0000:01:00.0: reg 0x20: [mem 0x00000000-0x00003fff 64bit pref]
[    0.973811] pci 0000:01:00.0: reg 0x30: [mem 0x00000000-0x0001ffff pref]
[    0.980642] PCI: bus1: Fast back to back transfers disabled
[    0.986120] pci_bus 0000:01: busn_res: [bus 01-ff] end is updated to 01
[    0.992744] pci 0000:00:01.0: BAR 8: assigned [mem 0xa0000000-0xa00fffff]
[    0.999482] pci 0000:00:01.0: BAR 9: assigned [mem 0xa8000000-0xa80fffff 64bit pref]
[    1.007192] pci 0000:00:01.0: BAR 7: assigned [io  0x1000-0x1fff]
[    1.013252] pci 0000:01:00.0: BAR 6: assigned [mem 0xa0000000-0xa001ffff pref]
[    1.020454] pci 0000:01:00.0: BAR 4: assigned [mem 0xa8000000-0xa8003fff 64bit pref]
[    1.028174] pci 0000:01:00.0: BAR 2: assigned [mem 0xa8004000-0xa8004fff 64bit pref]
[    1.035873] pci 0000:01:00.0: BAR 0: assigned [io  0x1000-0x10ff]
[    1.041948] pci 0000:00:01.0: PCI bridge to [bus 01]
[    1.046871] pci 0000:00:01.0:   bridge window [io  0x1000-0x1fff]
[    1.052952] pci 0000:00:01.0:   bridge window [mem 0xa0000000-0xa00fffff]
[    1.059716] pci 0000:00:01.0:   bridge window [mem 0xa8000000-0xa80fffff 64bit pref]
[    1.067439] pci 0000:00:01.0: nv_msi_ht_cap_quirk didn't locate host bridge
[    1.074393] Disabling cpuidle LP2 state, since PCIe IRQs are in use
[    1.080625] pcieport 0000:00:01.0: enabling device (0140 -> 0143)
[    1.086892] pcieport 0000:00:01.0: Signaling PME with IRQ 295
[    1.095852] tegra-apbdma 6000a000.dma: Tegra20 APB DMA driver register 16 channels
[    1.105018] Serial: 8250/16550 driver, 4 ports, IRQ sharing disabled
[    1.113157] console [ttyS0] disabled
[    1.116675] 70006000.serial: ttyS0 at MMIO 0x70006000 (irq = 279, base_baud = 13500000) is a Tegra
[    1.125614] console [ttyS0] enabled
[    1.125614] console [ttyS0] enabled
[    1.132543] bootconsole [earlycon0] disabled
[    1.132543] bootconsole [earlycon0] disabled
[    1.143567] tegra-hdmi 54280000.hdmi: 54280000.hdmi supply hdmi not found, using dummy regulator
[    1.155612] [drm] Supports vblank timestamp caching Rev 2 (21.10.2013).
[    1.162232] [drm] No driver support for vblank timestamp query.
[    1.168282] [drm] Cannot find any crtc or sizes
[    1.172875] [drm] Cannot find any crtc or sizes
[    1.177184] [drm] Initialized tegra 0.0.0 20120330 for drm on minor 0
[    1.193108] loop: module loaded
[    1.198570] m25p80 spi0.0: found s25fl008k, expected w25q80bl
[    1.204386] m25p80 spi0.0: s25fl008k (1024 Kbytes)
[    1.221109] libphy: Fixed MDIO Bus: probed
[    1.225196] CAN device driver interface
[    1.229105] igb: Intel(R) Gigabit Ethernet Network Driver - version 5.4.0-k
[    1.236049] igb: Copyright (c) 2007-2014 Intel Corporation.
[    1.241811] r8169 Gigabit Ethernet driver 2.3LK-NAPI loaded
[    1.247439] r8169 0000:01:00.0: enabling device (0140 -> 0143)
[    1.253288] r8169 0000:01:00.0 (unnamed net_device) (uninitialized): not PCI Express
[    1.261765] r8169 0000:01:00.0 eth0: RTL8168d/8111d at 0xe10fdb3a, 00:01:c0:13:7d:63, XID 081000c0 IRQ 286
[    1.271430] r8169 0000:01:00.0 eth0: jumbo features [frames: 9200 bytes, tx checksumming: ko]
[    1.280101] pegasus: v0.9.3 (2013/04/25), Pegasus/Pegasus II USB Ethernet driver
[    1.287580] usbcore: registered new interface driver pegasus
[    1.293292] usbcore: registered new interface driver asix
[    1.298764] usbcore: registered new interface driver ax88179_178a
[    1.304902] usbcore: registered new interface driver cdc_ether
[    1.310814] usbcore: registered new interface driver smsc75xx
[    1.316614] usbcore: registered new interface driver smsc95xx
[    1.322424] usbcore: registered new interface driver net1080
[    1.328153] usbcore: registered new interface driver cdc_subset
[    1.334118] usbcore: registered new interface driver zaurus
[    1.339767] usbcore: registered new interface driver cdc_ncm
[    1.345722] tegra-phy c5004000.usb-phy: no vbus regulator
[    1.352285] tegra-phy c5008000.usb-phy: no vbus regulator
[    1.357831] ehci_hcd: USB 2.0 'Enhanced' Host Controller (EHCI) Driver
[    1.364342] ehci-pci: EHCI PCI platform driver
[    1.368857] tegra-ehci: Tegra EHCI driver
[    1.428104] ulpi_phy_power_on: ulpi write failed
[    1.432712] tegra-ehci c5004000.usb: Failed to power on the phy
[    1.438654] tegra-ehci: probe of c5004000.usb failed with error -110
[    1.447666] tegra-ehci c5008000.usb: EHCI Host Controller
[    1.453085] tegra-ehci c5008000.usb: new USB bus registered, assigned bus number 1
[    1.460881] tegra-ehci c5008000.usb: irq 290, io mem 0xc5008000
[    1.487147] tegra-ehci c5008000.usb: USB 2.0 started, EHCI 1.00
[    1.493889] hub 1-0:1.0: USB hub found
[    1.497709] hub 1-0:1.0: 1 port detected
[    1.502479] usbcore: registered new interface driver cdc_acm
[    1.508146] cdc_acm: USB Abstract Control Model driver for USB modems and ISDN adapters
[    1.516202] usbcore: registered new interface driver cdc_wdm
[    1.521984] usbcore: registered new interface driver usb-storage
[    1.530590] rtc-em3027 2-0056: rtc core: registered rtc-em3027 as rtc0
[    1.537783] tegra_rtc 7000e000.rtc: rtc core: registered 7000e000.rtc as rtc1
[    1.544950] tegra_rtc 7000e000.rtc: Tegra internal Real Time Clock
[    1.551419] i2c /dev entries driver
[    1.555758] usbcore: registered new interface driver uvcvideo
[    1.561509] USB Video Class driver (1.1.1)
[    1.565592] gspca_main: v2.14.0 registered
[    1.571032] sdhci: Secure Digital Host Controller Interface driver
[    1.577245] sdhci: Copyright(c) Pierre Ossman
[    1.581588] sdhci-pltfm: SDHCI platform and OF driver helper
[    1.595699] mmc0: Invalid maximum block size, assuming 512 bytes
[    1.628908] mmc0: SDHCI controller on c8000000.sdhci [c8000000.sdhci] using ADMA
[    1.637237] sdhci-tegra c8000600.sdhci: Got CD GPIO
[    1.642201] sdhci-tegra c8000600.sdhci: Got WP GPIO
[    1.655814] mmc1: Invalid maximum block size, assuming 512 bytes
[    1.689544] mmc1: SDHCI controller on c8000600.sdhci [c8000600.sdhci] using ADMA
[    1.699994] usbcore: registered new interface driver usbhid
[    1.705586] usbhid: USB HID core driver
[    1.716522] tegra-snd-trimslice sound: tlv320aic23-hifi <-> 70002800.i2s mapping ok
[    1.726743] NET: Registered protocol family 10
[    1.732650] Segment Routing with IPv6
[    1.736476] mip6: Mobile IPv6
[    1.739516] sit: IPv6, IPv4 and MPLS over IPv4 tunneling driver
[    1.746947] NET: Registered protocol family 17
[    1.751421] NET: Registered protocol family 15
[    1.755852] can: controller area network core (rev 20170425 abi 9)
[    1.762315] NET: Registered protocol family 29
[    1.766780] can: raw protocol (rev 20170425)
[    1.771077] can: broadcast manager protocol (rev 20170425 t)
[    1.776728] can: netlink gateway (rev 20170425) max_hops=1
[    1.782426] Bluetooth: RFCOMM socket layer initialized
[    1.787628] Bluetooth: RFCOMM ver 1.11
[    1.791393] Bluetooth: BNEP (Ethernet Emulation) ver 1.3
[    1.796696] Bluetooth: BNEP socket layer initialized
[    1.801668] Bluetooth: HIDP (Human Interface Emulation) ver 1.2
[    1.807641] Bluetooth: HIDP socket layer initialized
[    1.812828] Key type dns_resolver registered
[    1.817489] Registering SWP/SWPB emulation handler
[    1.823085] Loading compiled-in X.509 certificates
[    1.833511] mmc1: new high speed SD card at address b368
[    1.838575] utmi_phy_clk_enable: timeout waiting for phy to stabilize
[    1.838602] tegra-ehci c5000000.usb: EHCI Host Controller
[    1.838629] tegra-ehci c5000000.usb: new USB bus registered, assigned bus number 2
[    1.838918] tegra-ehci c5000000.usb: irq 288, io mem 0xc5000000
[    1.867171] usb 1-1: new high-speed USB device number 2 using tegra-ehci
[    1.880581] mmcblk1: mmc1:b368 NCard 1.83 GiB (ro)
[    1.897303] tegra-ehci c5000000.usb: USB 2.0 started, EHCI 1.00
[    1.906934] hub 2-0:1.0: USB hub found
[    1.910745] hub 2-0:1.0: 1 port detected
[    1.915795] input: gpio-keys as /devices/soc0/gpio-keys/input/input0
[    1.922649]  mmcblk1: p1 p2
[    1.927824] rtc-em3027 2-0056: hctosys: unable to read the hardware clock
[    1.934797] cfg80211: Loading compiled-in X.509 certificates for regulatory database
[    1.945687] cfg80211: Loaded X.509 cert 'sforshee: 00b28ddf47aef9cea7'
[    1.952507] platform regulatory.0: Direct firmware load for regulatory.db failed with error -2
[    1.957274] ALSA device list:
[    1.957277]   #0: tegra-trimslice
[    1.967397] cfg80211: failed to load regulatory.db
[    1.972415] Waiting for root device PARTUUID=11eb23c1-01...
[    2.100903] hub 1-1:1.0: USB hub found
[    2.105004] hub 1-1:1.0: 4 ports detected
[    2.427363] usb 1-1.2: new high-speed USB device number 3 using tegra-ehci
[    2.851772] mmc0: host does not support reading read-only switch, assuming write-enable
[    2.861760] mmc0: new high speed SDHC card at address b368
[    2.878773] mmcblk0: mmc0:b368 NCard 3.70 GiB 
[    2.885657]  mmcblk0: p1
[    3.062580] asix 1-1.2:1.0 eth1: register 'asix' at usb-c5008000.usb-1.2, ASIX AX88772 USB 2.0 Ethernet, 00:60:6e:60:6c:68
[    3.088180] EXT4-fs (mmcblk0p1): mounting ext3 file system using the ext4 subsystem
[    3.177032] EXT4-fs (mmcblk0p1): recovery complete
[    3.181981] EXT4-fs (mmcblk0p1): mounted filesystem with ordered data mode. Opts: (null)
[    3.190708] VFS: Mounted root (ext3 filesystem) on device 179:17.
[    3.206173] devtmpfs: mounted
[    3.210652] Freeing unused kernel memory: 1024K
bash: cannot set terminal process group (-1): Inappropriate ioctl for device
bash: no job control in this shell
root@(none):/# mount -t sysfs none /sys
root@(none):/# 
root@(none):/# mount -t debugfs none /sys/kernel/debug
root@(none):/# 
root@(none):/# rtcwake -d rtc1 -m mem -s 3
rtcwake: assuming RTC uses UTC ...
rtcwake: wakeup from "mem" using /dev/rtc1 at Thu Jan  1 00:00:24 1970
[    7.251173] PM: suspend entry (deep)
[    7.254777] PM: Syncing filesystems ... done.
[    7.261486] Freezing user space processes ... (elapsed 0.001 seconds) done.
[    7.269550] OOM killer disabled.
[    7.272766] Freezing remaining freezable tasks ... (elapsed 0.001 seconds) done.
[    7.281802] Suspending console(s) (use no_console_suspend to debug)
[    7.319253] pci_generic_config_write32: 20 callbacks suppressed
[    7.319297] pci_bus 0000:00: 2-byte config write to 0000:00:01.0 offset 0x9c may corrupt adjacent RW1C bits
[    7.338307] Disabling non-boot CPUs ...
[    7.393598] Entering suspend state LP1
[    7.393704] Enabling non-boot CPUs ...
[    7.401494] CPU1 is up
[    7.402397] pci_bus 0000:00: 2-byte config write to 0000:00:01.0 offset 0x4c may corrupt adjacent RW1C bits
[    7.402473] pci_bus 0000:00: 2-byte config write to 0000:00:01.0 offset 0x88 may corrupt adjacent RW1C bits
[    7.402507] pci_bus 0000:00: 2-byte config write to 0000:00:01.0 offset 0x90 may corrupt adjacent RW1C bits
[    7.402537] pci_bus 0000:00: 2-byte config write to 0000:00:01.0 offset 0x98 may corrupt adjacent RW1C bits
[    7.402566] pci_bus 0000:00: 2-byte config write to 0000:00:01.0 offset 0x9c may corrupt adjacent RW1C bits
[    7.402652] pci_bus 0000:00: 2-byte config write to 0000:00:01.0 offset 0x52 may corrupt adjacent RW1C bits
[    7.402686] pci_bus 0000:00: 2-byte config write to 0000:00:01.0 offset 0x52 may corrupt adjacent RW1C bits
[    7.402719] pci_bus 0000:00: 2-byte config write to 0000:00:01.0 offset 0x5c may corrupt adjacent RW1C bits
[    7.402750] pci_bus 0000:00: 2-byte config write to 0000:00:01.0 offset 0x52 may corrupt adjacent RW1C bits
[    7.402820] pcieport 0000:00:01.0: nv_msi_ht_cap_quirk didn't locate host bridge
[    8.074699] OOM killer enabled.
[    8.077859] Restarting tasks ... done.
[    8.082882] PM: suspend exit
root@(none):/# 
root@(none):/# rtcwake -d rtc1 -m mem -s 3
rtcwake: assuming RTC uses UTC ...
rtcwake: wakeup from "mem" using /dev/rtc1 at Thu Jan  1 00:00:29 1970
[    8.790274] PM: suspend entry (deep)
[    8.793862] PM: Syncing filesystems ... done.
[    8.798950] Freezing user space processes ... (elapsed 0.001 seconds) done.
[    8.807665] OOM killer disabled.
[    8.810882] Freezing remaining freezable tasks ... (elapsed 0.001 seconds) done.
[    8.819408] Suspending console(s) (use no_console_suspend to debug)
[    8.881416] Disabling non-boot CPUs ...
[    8.930585] Entering suspend state LP1
[    8.930691] Enabling non-boot CPUs ...
[    8.938286] CPU1 is up
[    8.940444] pcieport 0000:00:01.0: nv_msi_ht_cap_quirk didn't locate host bridge
[    9.511492] OOM killer enabled.
[    9.514621] Restarting tasks ... done.
[    9.518667] PM: suspend exit
root@(none):/# 
root@(none):/# rtcwake -d rtc1 -m mem -s 3
rtcwake: assuming RTC uses UTC ...
rtcwake: wakeup from "mem" using /dev/rtc1 at Thu Jan  1 00:00:34 1970
[   10.330101] PM: suspend entry (deep)
[   10.333690] PM: Syncing filesystems ... done.
[   10.338768] Freezing user space processes ... (elapsed 0.001 seconds) done.
[   10.347495] OOM killer disabled.
[   10.350712] Freezing remaining freezable tasks ... (elapsed 0.001 seconds) done.
[   10.359242] Suspending console(s) (use no_console_suspend to debug)
[   10.420771] Disabling non-boot CPUs ...
[   10.470799] Entering suspend state LP1
[   10.470902] Enabling non-boot CPUs ...
[   10.478567] CPU1 is up
[   10.480253] pcieport 0000:00:01.0: nv_msi_ht_cap_quirk didn't locate host bridge
[   11.061238] OOM killer enabled.
[   11.064368] Restarting tasks ... done.
[   11.068419] PM: suspend exit
root@(none):/# 
root@(none):/# rtcwake -d rtc1 -m mem -s 3
rtcwake: assuming RTC uses UTC ...
rtcwake: wakeup from "mem" using /dev/rtc1 at Thu Jan  1 00:00:39 1970
[   11.871330] PM: suspend entry (deep)
[   11.874932] PM: Syncing filesystems ... done.
[   11.880399] Freezing user space processes ... (elapsed 0.001 seconds) done.
[   11.888611] OOM killer disabled.
[   11.891827] Freezing remaining freezable tasks ... (elapsed 0.001 seconds) done.
[   11.900368] Suspending console(s) (use no_console_suspend to debug)
[   11.961400] Disabling non-boot CPUs ...
[   12.010614] Entering suspend state LP1
[   12.010717] Enabling non-boot CPUs ...
[   12.018424] CPU1 is up
[   12.020198] pcieport 0000:00:01.0: nv_msi_ht_cap_quirk didn't locate host bridge
[   12.602114] OOM killer enabled.
[   12.605244] Restarting tasks ... done.
[   12.609294] PM: suspend exit
root@(none):/# 
root@(none):/# rtcwake -d rtc1 -m mem -s 3
rtcwake: assuming RTC uses UTC ...
rtcwake: wakeup from "mem" using /dev/rtc1 at Thu Jan  1 00:00:44 1970
[   13.410041] PM: suspend entry (deep)
[   13.413629] PM: Syncing filesystems ... done.
[   13.418708] Freezing user space processes ... (elapsed 0.001 seconds) done.
[   13.427443] OOM killer disabled.
[   13.430660] Freezing remaining freezable tasks ... (elapsed 0.001 seconds) done.
[   13.439192] Suspending console(s) (use no_console_suspend to debug)
[   13.479155] pci_generic_config_write32: 38 callbacks suppressed
[   13.479199] pci_bus 0000:00: 2-byte config write to 0000:00:01.0 offset 0x9c may corrupt adjacent RW1C bits
[   13.500727] Disabling non-boot CPUs ...
[   13.540743] Entering suspend state LP1
[   13.540848] Enabling non-boot CPUs ...
[   13.548386] CPU1 is up
[   13.549977] pci_bus 0000:00: 2-byte config write to 0000:00:01.0 offset 0x4c may corrupt adjacent RW1C bits
[   13.550031] pci_bus 0000:00: 2-byte config write to 0000:00:01.0 offset 0x88 may corrupt adjacent RW1C bits
[   13.550063] pci_bus 0000:00: 2-byte config write to 0000:00:01.0 offset 0x90 may corrupt adjacent RW1C bits
[   13.550092] pci_bus 0000:00: 2-byte config write to 0000:00:01.0 offset 0x98 may corrupt adjacent RW1C bits
[   13.550120] pci_bus 0000:00: 2-byte config write to 0000:00:01.0 offset 0x9c may corrupt adjacent RW1C bits
[   13.550210] pci_bus 0000:00: 2-byte config write to 0000:00:01.0 offset 0x52 may corrupt adjacent RW1C bits
[   13.550244] pci_bus 0000:00: 2-byte config write to 0000:00:01.0 offset 0x52 may corrupt adjacent RW1C bits
[   13.550280] pci_bus 0000:00: 2-byte config write to 0000:00:01.0 offset 0x5c may corrupt adjacent RW1C bits
[   13.550312] pci_bus 0000:00: 2-byte config write to 0000:00:01.0 offset 0x52 may corrupt adjacent RW1C bits
[   13.550381] pcieport 0000:00:01.0: nv_msi_ht_cap_quirk didn't locate host bridge
[   14.224700] OOM killer enabled.
[   14.227861] Restarting tasks ... done.
[   14.231895] PM: suspend exit
root@(none):/# 
root@(none):/# rtcwake -d rtc1 -m mem -s 3
rtcwake: assuming RTC uses UTC ...
rtcwake: wakeup from "mem" using /dev/rtc1 at Thu Jan  1 00:00:49 1970
[   14.939919] PM: suspend entry (deep)
[   14.943508] PM: Syncing filesystems ... done.
[   14.948581] Freezing user space processes ... (elapsed 0.001 seconds) done.
[   14.957317] OOM killer disabled.
[   14.960535] Freezing remaining freezable tasks ... (elapsed 0.001 seconds) done.
[   14.969069] Suspending console(s) (use no_console_suspend to debug)
[   15.031028] Disabling non-boot CPUs ...
[   15.080554] Entering suspend state LP1
[   15.080666] Enabling non-boot CPUs ...
[   15.088349] CPU1 is up
[   15.090828] pcieport 0000:00:01.0: nv_msi_ht_cap_quirk didn't locate host bridge
[   15.672069] OOM killer enabled.
[   15.675198] Restarting tasks ... done.
[   15.679250] PM: suspend exit
root@(none):/# 
root@(none):/# rtcwake -d rtc1 -m mem -s 3
rtcwake: assuming RTC uses UTC ...
rtcwake: wakeup from "mem" using /dev/rtc1 at Thu Jan  1 00:00:54 1970
[   16.479955] PM: suspend entry (deep)
[   16.483543] PM: Syncing filesystems ... done.
[   16.488648] Freezing user space processes ... (elapsed 0.001 seconds) done.
[   16.497394] OOM killer disabled.
[   16.500612] Freezing remaining freezable tasks ... (elapsed 0.001 seconds) done.
[   16.509145] Suspending console(s) (use no_console_suspend to debug)
[   16.544762] Disabling non-boot CPUs ...
[   16.580561] Entering suspend state LP1
[   16.580666] Enabling non-boot CPUs ...
[   16.588216] CPU1 is up
[   16.589975] pcieport 0000:00:01.0: nv_msi_ht_cap_quirk didn't locate host bridge
[   17.160857] OOM killer enabled.
[   17.163993] Restarting tasks ... done.
[   17.168896] PM: suspend exit
root@(none):/# 
root@(none):/# rtcwake -d rtc1 -m mem -s 3
rtcwake: assuming RTC uses UTC ...
rtcwake: wakeup from "mem" using /dev/rtc1 at Thu Jan  1 00:00:59 1970
[   17.980773] PM: suspend entry (deep)
[   17.984353] PM: Syncing filesystems ... done.
[   17.989237] Freezing user space processes ... (elapsed 0.001 seconds) done.
[   17.997914] OOM killer disabled.
[   18.001131] Freezing remaining freezable tasks ... (elapsed 0.001 seconds) done.
[   18.010187] Suspending console(s) (use no_console_suspend to debug)
[   18.071195] Disabling non-boot CPUs ...
[   18.120364] Entering suspend state LP1
[   18.120468] Enabling non-boot CPUs ...
[   18.128207] CPU1 is up
[   18.129833] pcieport 0000:00:01.0: nv_msi_ht_cap_quirk didn't locate host bridge
[   18.711924] OOM killer enabled.
[   18.715054] Restarting tasks ... done.
[   18.719107] PM: suspend exit
root@(none):/# 
root@(none):/# rtcwake -d rtc1 -m mem -s 3
rtcwake: assuming RTC uses UTC ...
rtcwake: wakeup from "mem" using /dev/rtc1 at Thu Jan  1 00:01:04 1970
[   19.519733] PM: suspend entry (deep)
[   19.523321] PM: Syncing filesystems ... done.
[   19.528399] Freezing user space processes ... (elapsed 0.001 seconds) done.
[   19.537138] OOM killer disabled.
[   19.540355] Freezing remaining freezable tasks ... (elapsed 0.001 seconds) done.
[   19.549377] Suspending console(s) (use no_console_suspend to debug)
[   19.589511] pci_generic_config_write32: 38 callbacks suppressed
[   19.589554] pci_bus 0000:00: 2-byte config write to 0000:00:01.0 offset 0x9c may corrupt adjacent RW1C bits
[   19.611556] Disabling non-boot CPUs ...
[   19.660119] Entering suspend state LP1
[   19.660223] Enabling non-boot CPUs ...
[   19.667855] CPU1 is up
[   19.669454] pci_bus 0000:00: 2-byte config write to 0000:00:01.0 offset 0x4c may corrupt adjacent RW1C bits
[   19.669506] pci_bus 0000:00: 2-byte config write to 0000:00:01.0 offset 0x88 may corrupt adjacent RW1C bits
[   19.669576] pci_bus 0000:00: 2-byte config write to 0000:00:01.0 offset 0x90 may corrupt adjacent RW1C bits
[   19.669607] pci_bus 0000:00: 2-byte config write to 0000:00:01.0 offset 0x98 may corrupt adjacent RW1C bits
[   19.669665] pci_bus 0000:00: 2-byte config write to 0000:00:01.0 offset 0x9c may corrupt adjacent RW1C bits
[   19.669767] pci_bus 0000:00: 2-byte config write to 0000:00:01.0 offset 0x52 may corrupt adjacent RW1C bits
[   19.669801] pci_bus 0000:00: 2-byte config write to 0000:00:01.0 offset 0x52 may corrupt adjacent RW1C bits
[   19.669862] pci_bus 0000:00: 2-byte config write to 0000:00:01.0 offset 0x5c may corrupt adjacent RW1C bits
[   19.669895] pci_bus 0000:00: 2-byte config write to 0000:00:01.0 offset 0x52 may corrupt adjacent RW1C bits
[   19.669966] pcieport 0000:00:01.0: nv_msi_ht_cap_quirk didn't locate host bridge
[   20.345038] OOM killer enabled.
[   20.348197] Restarting tasks ... done.
[   20.352307] PM: suspend exit
root@(none):/# 
root@(none):/# rtcwake -d rtc1 -m mem -s 3
rtcwake: assuming RTC uses UTC ...
rtcwake: wakeup from "mem" using /dev/rtc1 at Thu Jan  1 00:01:09 1970
[   21.059695] PM: suspend entry (deep)
[   21.063283] PM: Syncing filesystems ... done.
[   21.068393] Freezing user space processes ... (elapsed 0.001 seconds) done.
[   21.077137] OOM killer disabled.
[   21.080355] Freezing remaining freezable tasks ... (elapsed 0.001 seconds) done.
[   21.088887] Suspending console(s) (use no_console_suspend to debug)
[   21.124909] Disabling non-boot CPUs ...
[   21.160364] Entering suspend state LP1
[   21.160468] Enabling non-boot CPUs ...
[   21.168035] CPU1 is up
[   21.169855] pcieport 0000:00:01.0: nv_msi_ht_cap_quirk didn't locate host bridge
[   21.748454] OOM killer enabled.
[   21.751590] Restarting tasks ... done.
[   21.755865] PM: suspend exit
root@(none):/# 
root@(none):/# NVTB SYSTEM SUSPEND TEST COMPLETE
