

U-Boot 2015.04-00466-gedec83e90172 (Mar 14 2016 - 10:42:01)

TEGRA124
Model: Acer Chromebook 13 CB5-311
DRAM:  4 GiB
:   Tegra SD/MMC: 0, Tegra SD/MMC: 1, Tegra SD/MMC: 2
MMC init failed
Using default environment

In:    serial
Out:   serial
Err:   serial
Net:   Net Initialization Skipped
No ethernet found.
Hit any key to stop autoboot:  2  0 
Tegra124 (Nyan-big) # 
Tegra124 (Nyan-big) # usb start
starting USB...
USB0:   USB EHCI 1.10
scanning bus 0 for devices... 2 USB Device(s) found
USB1:   USB EHCI 1.10
scanning bus 1 for devices... 2 USB Device(s) found
       scanning usb for storage devices... 1 Storage Device(s) found
       scanning usb for ethernet devices... 
Warning: asx0 using MAC address from net device
1 Ethernet Device(s) found
Tegra124 (Nyan-big) # mw 0x7000e4a0 0x00080000
Tegra124 (Nyan-big) # setenv bootargs 'ignore_loglevel console=ttyS0,115200n8 rw root=PARTUUID=4d36e82a-b3c0-4b4b-bfcd-afe5217ac023 rootwait gpt debug noinitrd earlyprintk init=/bin/bash'
Tegra124 (Nyan-big) # setenv ipaddr 192.168.100.104; setenv serverip 192.168.100.1; setenv tftpserverip 192.168.100.1
Tegra124 (Nyan-big) # tftpboot 0x82000000 zImage.tegra_defconfig
Using asx0 device
TFTP from server 192.168.100.1; our IP address is 192.168.100.104
Filename 'zImage.tegra_defconfig'.
Load address: 0x82000000
Loading: *#################################################################
	 #################################################################
	 #################################################################
	 #################################################################
	 #################################################################
	 #################################################################
	 ################################
	 3.6 MiB/s
done
Bytes transferred = 6193856 (5e82c0 hex)
Tegra124 (Nyan-big) # tftpboot 0x83000000 tegra124-nyan-big.dtb
Using asx0 device
TFTP from server 192.168.100.1; our IP address is 192.168.100.104
Filename 'tegra124-nyan-big.dtb'.
Load address: 0x83000000
Loading: *#####
	 3.4 MiB/s
done
Bytes transferred = 67482 (1079a hex)
Tegra124 (Nyan-big) # bootz 0x82000000 - 0x83000000
Kernel image @ 0x82000000 [ 0x000000 - 0x5e82c0 ]
## Flattened Device Tree blob at 83000000
   Booting using the fdt blob at 0x83000000
   Using Device Tree in place at 83000000, end 83013799

Starting kernel ...

[    0.000000] Booting Linux on physical CPU 0x0
[    0.000000] Linux version 4.15.0-rc4-next-20171220-20613-g7dc9f64 (jonathanh@kaivo) (gcc version 4.7.3 20130328 (prerelease) (crosstool-NG linaro-1.13.1-4.7-2013.04-20130415 - Linaro GCC 2013.04)) #1 SMP PREEMPT Tue Dec 19 21:03:30 PST 2017
[    0.000000] CPU: ARMv7 Processor [413fc0f3] revision 3 (ARMv7), cr=10c5387d
[    0.000000] CPU: div instructions available: patching division code
[    0.000000] CPU: PIPT / VIPT nonaliasing data cache, PIPT instruction cache
[    0.000000] OF: fdt: Machine model: Acer Chromebook 13 CB5-311
[    0.000000] OF: fdt: Ignoring memory range 0x100000000 - 0x17ffff000
[    0.000000] debug: ignoring loglevel setting.
[    0.000000] bootconsole [earlycon0] enabled
[    0.000000] Memory policy: Data cache writealloc
[    0.000000] cma: Reserved 64 MiB at 0xfbc00000
[    0.000000] On node 0 totalpages: 524287
[    0.000000]   Normal zone: 1536 pages used for memmap
[    0.000000]   Normal zone: 0 pages reserved
[    0.000000]   Normal zone: 196608 pages, LIFO batch:31
[    0.000000]   HighMem zone: 327679 pages, LIFO batch:31
[    0.000000] random: fast init done
[    0.000000] percpu: Embedded 17 pages/cpu @(ptrval) s39104 r8192 d22336 u69632
[    0.000000] pcpu-alloc: s39104 r8192 d22336 u69632 alloc=17*4096
[    0.000000] pcpu-alloc: [0] 0 [0] 1 [0] 2 [0] 3 
[    0.000000] Built 1 zonelists, mobility grouping on.  Total pages: 522751
[    0.000000] Kernel command line: ignore_loglevel console=ttyS0,115200n8 rw root=PARTUUID=4d36e82a-b3c0-4b4b-bfcd-afe5217ac023 rootwait gpt debug noinitrd earlyprintk init=/bin/bash
[    0.000000] Dentry cache hash table entries: 131072 (order: 7, 524288 bytes)
[    0.000000] Inode-cache hash table entries: 65536 (order: 6, 262144 bytes)
[    0.000000] Memory: 1999512K/2097148K available (9216K kernel code, 778K rwdata, 2572K rodata, 1024K init, 298K bss, 32100K reserved, 65536K cma-reserved, 1245180K highmem)
[    0.000000] Virtual kernel memory layout:
[    0.000000]     vector  : 0xffff0000 - 0xffff1000   (   4 kB)
[    0.000000]     fixmap  : 0xffc00000 - 0xfff00000   (3072 kB)
[    0.000000]     vmalloc : 0xf0800000 - 0xff800000   ( 240 MB)
[    0.000000]     lowmem  : 0xc0000000 - 0xf0000000   ( 768 MB)
[    0.000000]     pkmap   : 0xbfe00000 - 0xc0000000   (   2 MB)
[    0.000000]     modules : 0xbf000000 - 0xbfe00000   (  14 MB)
[    0.000000]       .text : 0x(ptrval) - 0x(ptrval)   (10208 kB)
[    0.000000]       .init : 0x(ptrval) - 0x(ptrval)   (1024 kB)
[    0.000000]       .data : 0x(ptrval) - 0x(ptrval)   ( 779 kB)
[    0.000000]        .bss : 0x(ptrval) - 0x(ptrval)   ( 299 kB)
[    0.000000] Preemptible hierarchical RCU implementation.
[    0.000000] 	Tasks RCU enabled.
[    0.000000] NR_IRQS: 16, nr_irqs: 16, preallocated irqs: 16
[    0.000000] /interrupt-controller@60004000: 160 interrupts forwarded to /interrupt-controller@50041000
[    0.000000] Tegra clk 127: register failed with -17
[    0.000004] sched_clock: 32 bits at 1000kHz, resolution 1000ns, wraps every 2147483647500ns
[    0.008012] clocksource: timer_us: mask: 0xffffffff max_cycles: 0xffffffff, max_idle_ns: 1911260446275 ns
[    0.017544] Switching to timer-based delay loop, resolution 1000ns
[    0.024069] arch_timer: cp15 timer(s) running at 12.00MHz (virt).
[    0.029765] clocksource: arch_sys_counter: mask: 0xffffffffffffff max_cycles: 0x2c47f4ee7, max_idle_ns: 440795202497 ns
[    0.040511] sched_clock: 56 bits at 12MHz, resolution 83ns, wraps every 4398046511096ns
[    0.048482] Switching to timer-based delay loop, resolution 83ns
[    0.054666] Console: colour dummy device 80x30
[    0.058890] Calibrating delay loop (skipped), value calculated using timer frequency.. 24.00 BogoMIPS (lpj=120000)
[    0.069201] pid_max: default: 32768 minimum: 301
[    0.073970] Mount-cache hash table entries: 2048 (order: 1, 8192 bytes)
[    0.080382] Mountpoint-cache hash table entries: 2048 (order: 1, 8192 bytes)
[    0.087716] CPU: Testing write buffer coherency: ok
[    0.092398] /cpus/cpu@0 missing clock-frequency property
[    0.097545] /cpus/cpu@1 missing clock-frequency property
[    0.102842] /cpus/cpu@2 missing clock-frequency property
[    0.108119] /cpus/cpu@3 missing clock-frequency property
[    0.113401] CPU0: thread -1, cpu 0, socket 0, mpidr 80000000
[    0.153445] Setting up static identity map for 0x80100000 - 0x801000a0
[    0.158100] Hierarchical SRCU implementation.
[    0.173662] Tegra Revision: A01 SKU: 131 CPU Process: 1 SoC Process: 1
[    0.193449] smp: Bringing up secondary CPUs ...
[    0.243750] CPU1: thread -1, cpu 1, socket 0, mpidr 80000001
[    0.323779] CPU2: thread -1, cpu 2, socket 0, mpidr 80000002
[    0.403819] CPU3: thread -1, cpu 3, socket 0, mpidr 80000003
[    0.413597] smp: Brought up 1 node, 4 CPUs
[    0.432675] SMP: Total of 4 processors activated (96.00 BogoMIPS).
[    0.438833] CPU: All CPU(s) started in SVC mode.
[    0.444120] devtmpfs: initialized
[    0.453489] Built 1 zonelists, mobility grouping on.  Total pages: 516262
[    0.458530] VFP support v0.3: implementor 41 architecture 4 part 30 variant f rev 0
[    0.466162] clocksource: jiffies: mask: 0xffffffff max_cycles: 0xffffffff, max_idle_ns: 19112604462750000 ns
[    0.475779] futex hash table entries: 1024 (order: 4, 65536 bytes)
[    0.482055] pinctrl core: initialized pinctrl subsystem
[    0.487593] NET: Registered protocol family 16
[    0.491990] DMA: preallocated 256 KiB pool for atomic coherent allocations
[    0.498902] cpuidle: using governor menu
[    0.509967] No ATAGs?
[    0.510027] hw-breakpoint: found 5 (+1 reserved) breakpoint and 4 watchpoint registers.
[    0.518369] hw-breakpoint: maximum watchpoint size is 8 bytes.
[    0.525044] tegra-mc 70019000.memory-controller: no memory timings for RAM code 0 registered
[    0.532730] iommu: Adding device 50000000.host1x to group 0
[    0.538143] iommu: Adding device 54200000.dc to group 1
[    0.543343] iommu: Adding device 54240000.dc to group 1
[    0.548545] iommu: Adding device 57000000.gpu to group 2
[    0.559537] +5V_SYS: supplied by +VDD_MUX
[    0.561760] +3.3V_SYS: supplied by +VDD_MUX
[    0.566086] +VDD_LED: Failed to request enable GPIO122: -517
[    0.571423] reg-fixed-voltage regulators:regulator@5: Failed to register regulator: -517
[    0.579526] +5V_VDD_TS_SW: Failed to request enable GPIO81: -517
[    0.585462] reg-fixed-voltage regulators:regulator@6: Failed to register regulator: -517
[    0.593575] +5V_USB_HS: Failed to request enable GPIO108: -517
[    0.599329] reg-fixed-voltage regulators:regulator@7: Failed to register regulator: -517
[    0.607455] +5V_USB_SS: Failed to request enable GPIO109: -517
[    0.613196] reg-fixed-voltage regulators:regulator@8: Failed to register regulator: -517
[    0.621366] +1.05V_RUN_AVDD_HDMI_PLL: Failed to request enable GPIO63: -517
[    0.628189] reg-fixed-voltage regulators:regulator@11: Failed to register regulator: -517
[    0.636385] +5V_HDMI_CON: Failed to request enable GPIO86: -517
[    0.642229] reg-fixed-voltage regulators:regulator@12: Failed to register regulator: -517
[    0.650823] vgaarb: loaded
[    0.653330] SCSI subsystem initialized
[    0.656883] libata version 3.00 loaded.
[    0.660735] usbcore: registered new interface driver usbfs
[    0.666084] usbcore: registered new interface driver hub
[    0.671395] usbcore: registered new device driver usb
[    0.677612] Linux video capture interface: v2.00
[    0.680992] pps_core: LinuxPPS API ver. 1 registered
[    0.685925] pps_core: Software ver. 5.3.6 - Copyright 2005-2007 Rodolfo Giometti <giometti@linux.it>
[    0.695021] PTP clock support registered
[    0.699058] tegra-emc 7001b000.emc: no memory timings for RAM code 0 found in DT
[    0.706281] tegra-emc: probe of 7001b000.emc failed with error -2
[    0.712456] Advanced Linux Sound Architecture Driver Initialized.
[    0.718655] Bluetooth: Core ver 2.22
[    0.721979] NET: Registered protocol family 31
[    0.726388] Bluetooth: HCI device and connection manager initialized
[    0.732711] Bluetooth: HCI socket layer initialized
[    0.737568] Bluetooth: L2CAP socket layer initialized
[    0.742604] Bluetooth: SCO socket layer initialized
[    0.747702] clocksource: Switched to clocksource arch_sys_counter
[    0.784857] NET: Registered protocol family 2
[    0.787662] tcp_listen_portaddr_hash hash table entries: 512 (order: 0, 6144 bytes)
[    0.794978] TCP established hash table entries: 8192 (order: 3, 32768 bytes)
[    0.801984] TCP bind hash table entries: 8192 (order: 4, 65536 bytes)
[    0.808434] TCP: Hash tables configured (established 8192 bind 8192)
[    0.814858] UDP hash table entries: 512 (order: 2, 16384 bytes)
[    0.820602] UDP-Lite hash table entries: 512 (order: 2, 16384 bytes)
[    0.827026] NET: Registered protocol family 1
[    0.831557] RPC: Registered named UNIX socket transport module.
[    0.837130] RPC: Registered udp transport module.
[    0.841820] RPC: Registered tcp transport module.
[    0.846491] RPC: Registered tcp NFSv4.1 backchannel transport module.
[    0.853149] PCI: CLS 0 bytes, default 64
[    0.857501] hw perfevents: enabled with armv7_cortex_a15 PMU driver, 7 counters available
[    0.865626] Initialise system trusted keyrings
[    0.869457] workingset: timestamp_bits=30 max_order=19 bucket_order=0
[    0.876281] squashfs: version 4.0 (2009/01/31) Phillip Lougher
[    0.881891] NFS: Registering the id_resolver key type
[    0.886623] Key type id_resolver registered
[    0.890799] Key type id_legacy registered
[    0.896448] Key type asymmetric registered
[    0.898859] Asymmetric key parser 'x509' registered
[    0.903741] bounce: pool size: 64 pages
[    0.907525] io scheduler noop registered (default)
[    0.912280] io scheduler mq-deadline registered
[    0.916778] io scheduler kyber registered
[    0.921414] tegra-xusb-padctl 7009f000.padctl: failed to setup XUSB ports: -517
[    0.933849] tegra-apbdma 60020000.dma: Tegra20 APB DMA driver register 32 channels
[    0.939952] tegra-pmc 7000e400.pmc: i2c-thermtrip node not found, emergency thermal reset disabled.
[    0.948739] Serial: 8250/16550 driver, 4 ports, IRQ sharing disabled
[    0.955499] console [ttyS0] disabled
[    0.958422] 70006000.serial: ttyS0 at MMIO 0x70006000 (irq = 333, base_baud = 25500000) is a Tegra
[    0.967332] console [ttyS0] enabled
[    0.967332] console [ttyS0] enabled
[    0.973567] bootconsole [earlycon0] disabled
[    0.973567] bootconsole [earlycon0] disabled
[    0.997949] tegra-hdmi 54280000.hdmi: failed to get HDMI regulator
[    1.004417] tegra-dpaux 545c0000.dpaux: failed to get VDD supply: -517
[    1.011918] panel-simple panel: panel supply power not found, using dummy regulator
[    1.023219] loop: module loaded
[    1.026913] as3722 4-0040: AS3722 with revision 0x1 found
[    1.036985] as3722-sd2: supplied by +5V_SYS
[    1.041424] as3722-sd3: supplied by +5V_SYS
[    1.045758] +1.35V_LP0(sd3): Bringing 0uV into 1350000-1350000uV
[    1.051954] as3722-sd4: supplied by +5V_SYS
[    1.056289] +1.05V_RUN: Bringing 0uV into 1050000-1050000uV
[    1.062044] as3722-sd5: supplied by +5V_SYS
[    1.067635] as3722-ldo0: supplied by +1.35V_LP0(sd2)
[    1.073397] +1.8V_RUN_CAM: Bringing 0uV into 1800000-1800000uV
[    1.079423] as3722-ldo2: supplied by +1.8V_VDDIO
[    1.085053] as3722-ldo3: supplied by +3.3V_SYS
[    1.089513] +1.00V_LP0_VDD_RTC: Bringing 1100000uV into 1000000-1000000uV
[    1.097087] as3722-ldo4: supplied by +3.3V_SYS
[    1.101694] +3.3V_RUN_CAM: Bringing 0uV into 2800000-2800000uV
[    1.107726] as3722-ldo5: supplied by +1.8V_VDDIO
[    1.112501] +1.2V_RUN_CAM_FRONT: Bringing 0uV into 1200000-1200000uV
[    1.119195] +VDDIO_SDMMC3: Bringing 0uV into 1800000-1800000uV
[    1.125224] as3722-ldo7: supplied by +1.8V_VDDIO
[    1.130006] +1.05V_RUN_CAM_REAR: Bringing 0uV into 1050000-1050000uV
[    1.136557] as3722-ldo9: supplied by +5V_SYS
[    1.141135] +2.8V_RUN_TOUCH: Bringing 0uV into 2800000-2800000uV
[    1.147338] as3722-ldo10: supplied by +5V_SYS
[    1.151859] +2.8V_RUN_CAM_AF: Bringing 0uV into 2800000-2800000uV
[    1.158310] +1.8V_RUN_VPP_FUSE: Bringing 0uV into 1800000-1800000uV
[    1.180854] cros-ec-spi spi0.0: Chrome EC device registered
[    1.195814] m25p80 spi1.0: w25q32dw (4096 Kbytes)
[    1.211342] libphy: Fixed MDIO Bus: probed
[    1.215429] CAN device driver interface
[    1.219283] igb: Intel(R) Gigabit Ethernet Network Driver - version 5.4.0-k
[    1.226227] igb: Copyright (c) 2007-2014 Intel Corporation.
[    1.231840] pegasus: v0.9.3 (2013/04/25), Pegasus/Pegasus II USB Ethernet driver
[    1.239271] usbcore: registered new interface driver pegasus
[    1.244937] usbcore: registered new interface driver asix
[    1.250345] usbcore: registered new interface driver ax88179_178a
[    1.256439] usbcore: registered new interface driver cdc_ether
[    1.262293] usbcore: registered new interface driver smsc75xx
[    1.268056] usbcore: registered new interface driver smsc95xx
[    1.273803] usbcore: registered new interface driver net1080
[    1.279471] usbcore: registered new interface driver cdc_subset
[    1.285391] usbcore: registered new interface driver zaurus
[    1.290981] usbcore: registered new interface driver cdc_ncm
[    1.296715] ehci_hcd: USB 2.0 'Enhanced' Host Controller (EHCI) Driver
[    1.303233] ehci-pci: EHCI PCI platform driver
[    1.307684] tegra-ehci: Tegra EHCI driver
[    1.311957] usbcore: registered new interface driver cdc_acm
[    1.317600] cdc_acm: USB Abstract Control Model driver for USB modems and ISDN adapters
[    1.325609] usbcore: registered new interface driver cdc_wdm
[    1.331283] usbcore: registered new interface driver usb-storage
[    1.337947] input: cros_ec as /devices/soc0/7000d400.spi/spi_master/spi0/spi0.0/7000d400.spi:cros-ec@0:keyboard-controller/input/input0
[    1.357555] as3722-rtc as3722-rtc: rtc core: registered as3722-rtc as rtc0
[    1.364421] as3722-rtc as3722-rtc: RTC interrupt 372
[    1.371183] tegra_rtc 7000e000.rtc: rtc core: registered 7000e000.rtc as rtc1
[    1.378330] tegra_rtc 7000e000.rtc: Tegra internal Real Time Clock
[    1.384609] i2c /dev entries driver
[    1.388513] usbcore: registered new interface driver uvcvideo
[    1.394244] USB Video Class driver (1.1.1)
[    1.398334] gspca_main: v2.14.0 registered
[    1.402649] lm90 0-004c: 0-004c supply vcc not found, using dummy regulator
[    1.411312] tegra-wdt 60005000.timer: initialized (heartbeat = 120 sec, nowayout = 0)
[    1.419661] sdhci: Secure Digital Host Controller Interface driver
[    1.425826] sdhci: Copyright(c) Pierre Ossman
[    1.430180] sdhci-pltfm: SDHCI platform and OF driver helper
[    1.435948] sdhci-tegra 700b0000.sdhci: allocated mmc-pwrseq
[    1.447825] sdhci-tegra 700b0400.sdhci: Got CD GPIO
[    1.452696] sdhci-tegra 700b0400.sdhci: Got WP GPIO
[    1.471734] mmc0: Unknown controller version (3). You may experience problems.
[    1.478976] mmc0: Invalid maximum block size, assuming 512 bytes
[    1.515741] mmc0: SDHCI controller on 700b0600.sdhci [700b0600.sdhci] using ADMA
[    1.523457] usbcore: registered new interface driver usbhid
[    1.529136] usbhid: USB HID core driver
[    1.535224] tegra30-i2s 70301100.i2s: DMA channels sourced from device 70300000.ahub
[    1.578198] max98090 0-0010: MAX98090 REVID=0x43
[    1.584738] max98090 0-0010: use default 2.8v micbias
[    1.592301] tegra-snd-max98090 sound: HiFi <-> 70301100.i2s mapping ok
[    1.598873] mmc0: new high speed MMC card at address 0001
[    1.606089] mmcblk0: mmc0:0001 MMC16G 14.4 GiB 
[    1.613276] mmcblk0boot0: mmc0:0001 MMC16G partition 1 2.00 MiB
[    1.619442] input: GoogleNyanBig Headphones as /devices/soc0/sound/sound/card1/input1
[    1.627814] input: GoogleNyanBig Mic Jack as /devices/soc0/sound/sound/card1/input2
[    1.636117] NET: Registered protocol family 10
[    1.636916] mmcblk0boot1: mmc0:0001 MMC16G partition 2 2.00 MiB
[    1.640636] mmcblk0rpmb: mmc0:0001 MMC16G partition 3 128 KiB, chardev (247:0)
[    1.649635]  mmcblk0: p1 p2 p3 p4 p5 p6 p7 p8 p9 p10 p11 p12
[    1.660236] Segment Routing with IPv6
[    1.663985] mip6: Mobile IPv6
[    1.666968] sit: IPv6, IPv4 and MPLS over IPv4 tunneling driver
[    1.673430] NET: Registered protocol family 17
[    1.677878] NET: Registered protocol family 15
[    1.682308] can: controller area network core (rev 20170425 abi 9)
[    1.688561] NET: Registered protocol family 29
[    1.692992] can: raw protocol (rev 20170425)
[    1.697249] can: broadcast manager protocol (rev 20170425 t)
[    1.702903] can: netlink gateway (rev 20170425) max_hops=1
[    1.708459] Bluetooth: RFCOMM socket layer initialized
[    1.713593] Bluetooth: RFCOMM ver 1.11
[    1.717334] Bluetooth: BNEP (Ethernet Emulation) ver 1.3
[    1.722641] Bluetooth: BNEP socket layer initialized
[    1.727591] Bluetooth: HIDP (Human Interface Emulation) ver 1.2
[    1.733503] Bluetooth: HIDP socket layer initialized
[    1.738564] Key type dns_resolver registered
[    1.743016] Registering SWP/SWPB emulation handler
[    1.748062] Loading compiled-in X.509 certificates
[    1.759471] +3.3V_RUN: supplied by +3.3V_SYS
[    1.764403] +VDD_LED: supplied by +VDD_MUX
[    1.768631] +3.3V_AVDD_HDMI_AP_GATED: supplied by +3.3V_RUN
[    1.774254] +1.8V_RUN_CAM: supplied by +3.3V_RUN
[    1.779005] +VDDIO_SDMMC3: supplied by +3.3V_RUN
[    1.783709] +1.8V_RUN_VPP_FUSE: supplied by +3.3V_RUN
[    1.788997] +5V_VDD_TS_SW: supplied by +5V_SYS
[    1.793696] +5V_USB_HS: supplied by +5V_SYS
[    1.798167] +5V_USB_SS: supplied by +5V_SYS
[    1.803389] +3.3V_PANEL: supplied by +3.3V_RUN
[    1.808774] +3.3V_LP0: supplied by +3.3V_SYS
[    1.813746] +1.05V_RUN_AVDD_HDMI_PLL: supplied by +1.05V_RUN
[    1.819686] +5V_HDMI_CON: supplied by +5V_SYS
[    1.824634]  usb3-0: usb3-0 supply vbus not found, using dummy regulator
[    1.831383]  usb3-1: usb3-1 supply vbus not found, using dummy regulator
[    1.844537] tegra-sor 54540000.sor: failed to probe output: -517
[    1.850788] panel-simple panel: panel supply power not found, using dummy regulator
[    1.860632] tegra-xusb 70090000.usb: Direct firmware load for nvidia/tegra124/xusb.bin failed with error -2
[    1.870390] tegra-xusb 70090000.usb: failed to request firmware: -2
[    1.876653] tegra-xusb 70090000.usb: failed to load firmware: -2
[    1.883824] tegra-xusb: probe of 70090000.usb failed with error -2
[    1.890460] sdhci-tegra 700b0000.sdhci: allocated mmc-pwrseq
[    1.904404] mmc1: Unknown controller version (3). You may experience problems.
[    1.911704] mmc1: Invalid maximum block size, assuming 512 bytes
[    1.918192] mmc1: Switching to 3.3V signalling voltage failed
[    1.947856] mmc1: SDHCI controller on 700b0000.sdhci [700b0000.sdhci] using ADMA
[    1.955485] sdhci-tegra 700b0400.sdhci: Got CD GPIO
[    1.960410] sdhci-tegra 700b0400.sdhci: Got WP GPIO
[    1.970624] mmc2: Unknown controller version (3). You may experience problems.
[    1.977997] mmc2: Invalid maximum block size, assuming 512 bytes
[    2.014553] mmc1: new high speed SDIO card at address 0001
[    2.020387] mmc2: SDHCI controller on 700b0400.sdhci [700b0400.sdhci] using ADMA
[    2.027996] tegra-sor 54540000.sor: failed to probe output: -517
[    2.034217] panel-simple panel: panel supply power not found, using dummy regulator
[    2.042364] input: gpio-keys as /devices/soc0/gpio-keys/input/input3
[    2.049149] tegra-sor 54540000.sor: failed to probe output: -517
[    2.055367] panel-simple panel: panel supply power not found, using dummy regulator
[    2.063297] as3722-rtc as3722-rtc: setting system clock to 2000-01-01 00:00:22 UTC (946684822)
[    2.072067] cfg80211: Loading compiled-in X.509 certificates for regulatory database
[    2.081672] cfg80211: Loaded X.509 cert 'sforshee: 00b28ddf47aef9cea7'
[    2.088386] platform regulatory.0: Direct firmware load for regulatory.db failed with error -2
[    2.088582] +3.3V_AVDD_HDMI_AP_GATED: disabling
[    2.088595] +1.8V_RUN_CAM: disabling
[    2.088851] +1.2V_RUN_CAM_FRONT: disabling
[    2.089103] +1.05V_RUN_CAM_REAR: disabling
[    2.089356] +2.8V_RUN_TOUCH: disabling
[    2.089486] +2.8V_RUN_CAM_AF: disabling
[    2.089612] +1.8V_RUN_VPP_FUSE: disabling
[    2.089737] +VDD_LED: disabling
[    2.089740] +5V_VDD_TS_SW: disabling
[    2.089745] +5V_USB_HS: disabling
[    2.089748] +5V_USB_SS: disabling
[    2.089750] +3.3V_PANEL: disabling
[    2.089754] +1.05V_RUN_AVDD_HDMI_PLL: disabling
[    2.089756] +5V_HDMI_CON: disabling
[    2.089759] ALSA device list:
[    2.089762]   #1: GoogleNyanBig
[    2.156465] cfg80211: failed to load regulatory.db
[    2.286579] mmc2: new high speed SDHC card at address 0007
[    2.293940] mmcblk2: mmc2:0007 SD08G 7.42 GiB 
[    2.307605] GPT:Primary header alternate_lba != Alt. header my_lba
[    2.313795] GPT:3014591 != 15564799
[    2.317272] GPT:Primary header thinks Alt. header is not at the end of the disk.
[    2.318115] tegra-sor 54540000.sor: failed to probe output: -517
[    2.318341] panel-simple panel: panel supply power not found, using dummy regulator
[    2.330953] input: tegra-hda HDMI/DP,pcm=3 as /devices/soc0/70030000.hda/sound/card0/input4
[    2.346881] GPT:3014591 != 15564799
[    2.350392] GPT: Use GNU Parted to correct GPT errors.
[    2.355544]  mmcblk2: p1 p2 p3 p4 p5 p6 p7 p8 p9 p10 p11 p12
[    2.362578] tegra-sor 54540000.sor: failed to probe output: -517
[    2.362958] EXT4-fs (mmcblk0p3): couldn't mount as ext3 due to feature incompatibilities
[    2.376884] panel-simple panel: panel supply power not found, using dummy regulator
[    2.539812] EXT4-fs (mmcblk0p3): recovery complete
[    2.545164] EXT4-fs (mmcblk0p3): mounted filesystem with ordered data mode. Opts: (null)
[    2.553282] VFS: Mounted root (ext4 filesystem) on device 179:3.
[    2.559783] devtmpfs: mounted
[    2.563154] Freeing unused kernel memory: 1024K
bash: cannot set terminal process group (-1): Inappropriate ioctl for device
bash: no job control in this shell
root@(none):/# 