
U-Boot SPL 2014.01-00219-gc4d376f (Feb 18 2014 - 19:57:18)


U-Boot 2014.01-00219-gc4d376f (Feb 18 2014 - 19:57:18)

TEGRA30
Board: NVIDIA Beaver
I2C:   ready
DRAM:  2 GiB
MMC:   Tegra SD/MMC: 0, Tegra SD/MMC: 1
In:    serial
Out:   serial
Err:   serial
Net:   Net Initialization Skipped
No ethernet found.
Hit any key to stop autoboot:  2  0 
Tegra30 (Beaver) # 
Tegra30 (Beaver) # usb reset
(Re)start USB...
USB0:   USB EHCI 1.00
scanning bus 0 for devices... 2 USB Device(s) found
       scanning usb for storage devices... 0 Storage Device(s) found
       scanning usb for ethernet devices... 
Warning: asx0 using MAC address from net device
1 Ethernet Device(s) found
Tegra30 (Beaver) # setenv bootargs 'ignore_loglevel console=ttyS0,115200n8 rw root=PARTUUID=edbe1840-3633-c751-7993-b0ac834f81e0 rootwait gpt debug noinitrd earlyprintk init=/bin/bash'
Tegra30 (Beaver) # setenv ipaddr 192.168.100.101; setenv serverip 192.168.100.1; setenv tftpserverip 192.168.100.1
Tegra30 (Beaver) # tftpboot 0x81000000 zImage.multi_v7_defconfig
Using asx0 device
TFTP from server 192.168.100.1; our IP address is 192.168.100.101
Filename 'zImage.multi_v7_defconfig'.
Load address: 0x81000000
Loading: *#################################################################
	 #################################################################
	 #################################################################
	 #################################################################
	 #################################################################
	 #################################################################
	 #################################################################
	 #################################################################
	 ###########################
	 2.8 MiB/s
done
Bytes transferred = 8020472 (7a61f8 hex)
Tegra30 (Beaver) # tftpboot 0x82000000 tegra30-beaver.dtb
Using asx0 device
TFTP from server 192.168.100.1; our IP address is 192.168.100.101
Filename 'tegra30-beaver.dtb'.
Load address: 0x82000000
Loading: *####
	 2.6 MiB/s
done
Bytes transferred = 51848 (ca88 hex)
Tegra30 (Beaver) # bootz 0x81000000 - 0x82000000
Kernel image @ 0x81000000 [ 0x000000 - 0x7a61f8 ]
## Flattened Device Tree blob at 82000000
   Booting using the fdt blob at 0x82000000
   Loading Device Tree to 8fff0000, end 8ffffa87 ... OK

Starting kernel ...

[    0.000000] Booting Linux on physical CPU 0x0
[    0.000000] Linux version 4.13.0-rc2-next-20170727-188353-gc9db962 (jonathanh@sellafield) (gcc version 4.7.3 20130328 (prerelease) (crosstool-NG linaro-1.13.1-4.7-2013.04-20130415 - Linaro GCC 2013.04)) #1 SMP Wed Jul 26 23:05:46 PDT 2017
[    0.000000] CPU: ARMv7 Processor [412fc099] revision 9 (ARMv7), cr=10c5387d
[    0.000000] CPU: PIPT / VIPT nonaliasing data cache, VIPT aliasing instruction cache
[    0.000000] OF: fdt: Machine model: NVIDIA Tegra30 Beaver evaluation board
[    0.000000] debug: ignoring loglevel setting.
[    0.000000] Memory policy: Data cache writealloc
[    0.000000] efi: Getting EFI parameters from FDT:
[    0.000000] efi: UEFI not found.
[    0.000000] cma: Reserved 64 MiB at 0xfb800000
[    0.000000] On node 0 totalpages: 524032
[    0.000000] free_area_init_node: node 0, pgdat c157f040, node_mem_map eeff8000
[    0.000000]   DMA zone: 1536 pages used for memmap
[    0.000000]   DMA zone: 0 pages reserved
[    0.000000]   DMA zone: 196608 pages, LIFO batch:31
[    0.000000]   HighMem zone: 327424 pages, LIFO batch:31
[    0.000000] percpu: Embedded 17 pages/cpu @eef88000 s39360 r8192 d22080 u69632
[    0.000000] pcpu-alloc: s39360 r8192 d22080 u69632 alloc=17*4096
[    0.000000] pcpu-alloc: [0] 0 [0] 1 [0] 2 [0] 3 
[    0.000000] Built 1 zonelists in Zone order, mobility grouping on.  Total pages: 522496
[    0.000000] Kernel command line: ignore_loglevel console=ttyS0,115200n8 rw root=PARTUUID=edbe1840-3633-c751-7993-b0ac834f81e0 rootwait gpt debug noinitrd earlyprintk init=/bin/bash
[    0.000000] PID hash table entries: 4096 (order: 2, 16384 bytes)
[    0.000000] Dentry cache hash table entries: 131072 (order: 7, 524288 bytes)
[    0.000000] Inode-cache hash table entries: 65536 (order: 6, 262144 bytes)
[    0.000000] Memory: 1993468K/2096128K available (10240K kernel code, 1563K rwdata, 4464K rodata, 2048K init, 402K bss, 37124K reserved, 65536K cma-reserved, 1244160K highmem)
[    0.000000] Virtual kernel memory layout:
[    0.000000]     vector  : 0xffff0000 - 0xffff1000   (   4 kB)
[    0.000000]     fixmap  : 0xffc00000 - 0xfff00000   (3072 kB)
[    0.000000]     vmalloc : 0xf0800000 - 0xff800000   ( 240 MB)
[    0.000000]     lowmem  : 0xc0000000 - 0xf0000000   ( 768 MB)
[    0.000000]     pkmap   : 0xbfe00000 - 0xc0000000   (   2 MB)
[    0.000000]     modules : 0xbf000000 - 0xbfe00000   (  14 MB)
[    0.000000]       .text : 0xc0208000 - 0xc0d00000   (11232 kB)
[    0.000000]       .init : 0xc1200000 - 0xc1400000   (2048 kB)
[    0.000000]       .data : 0xc1400000 - 0xc1586e60   (1564 kB)
[    0.000000]        .bss : 0xc158fc98 - 0xc15f473c   ( 403 kB)
[    0.000000] SLUB: HWalign=64, Order=0-3, MinObjects=0, CPUs=4, Nodes=1
[    0.000000] Hierarchical RCU implementation.
[    0.000000] 	RCU event tracing is enabled.
[    0.000000] 	RCU restricting CPUs from NR_CPUS=16 to nr_cpu_ids=4.
[    0.000000] RCU: Adjusting geometry for rcu_fanout_leaf=16, nr_cpu_ids=4
[    0.000000] NR_IRQS: 16, nr_irqs: 16, preallocated irqs: 16
[    0.000000] /interrupt-controller@60004000: 160 interrupts forwarded to /interrupt-controller@50041000
[    0.000000] L2C: platform modifies aux control register: 0x02080000 -> 0x3e480001
[    0.000000] L2C: DT/platform modifies aux control register: 0x02080000 -> 0x3e480001
[    0.000000] L2C-310 erratum 769419 enabled
[    0.000000] L2C-310 enabling early BRESP for Cortex-A9
[    0.000000] L2C-310: enabling full line of zeros but not enabled in Cortex-A9
[    0.000000] L2C-310 dynamic clock gating enabled, standby mode enabled
[    0.000000] L2C-310 cache controller enabled, 8 ways, 1024 kB
[    0.000000] L2C-310: CACHE_ID 0x410000c7, AUX_CTRL 0x4e480001
[    0.000014] sched_clock: 32 bits at 1000kHz, resolution 1000ns, wraps every 2147483647500ns
[    0.000031] clocksource: timer_us: mask: 0xffffffff max_cycles: 0xffffffff, max_idle_ns: 1911260446275 ns
[    0.000040] Switching to timer-based delay loop, resolution 1000ns
[    0.002989] Console: colour dummy device 80x30
[    0.003021] Calibrating delay loop (skipped), value calculated using timer frequency.. 2.00 BogoMIPS (lpj=10000)
[    0.003030] pid_max: default: 32768 minimum: 301
[    0.003109] Mount-cache hash table entries: 2048 (order: 1, 8192 bytes)
[    0.003118] Mountpoint-cache hash table entries: 2048 (order: 1, 8192 bytes)
[    0.003504] CPU: Testing write buffer coherency: ok
[    0.003828] CPU0: thread -1, cpu 0, socket 0, mpidr 80000000
[    0.004052] Setting up static identity map for 0x80300000 - 0x803000a0
[    0.005389] Hierarchical SRCU implementation.
[    0.006723] Tegra Revision: A03 SKU: 128 CPU Process: 4 SoC Process: 0
[    0.007295] EFI services will not be available.
[    0.007392] smp: Bringing up secondary CPUs ...
[    0.010374] CPU1: thread -1, cpu 1, socket 0, mpidr 80000001
[    0.020350] CPU2: thread -1, cpu 2, socket 0, mpidr 80000002
[    0.030333] CPU3: thread -1, cpu 3, socket 0, mpidr 80000003
[    0.030385] smp: Brought up 1 node, 4 CPUs
[    0.030397] SMP: Total of 4 processors activated (8.00 BogoMIPS).
[    0.030402] CPU: All CPU(s) started in SVC mode.
[    0.031101] devtmpfs: initialized
[    0.039541] VFP support v0.3: implementor 41 architecture 3 part 30 variant 9 rev 4
[    0.040044] clocksource: jiffies: mask: 0xffffffff max_cycles: 0xffffffff, max_idle_ns: 19112604462750000 ns
[    0.040062] futex hash table entries: 1024 (order: 4, 65536 bytes)
[    0.043428] pinctrl core: initialized pinctrl subsystem
[    0.044953] DMI not present or invalid.
[    0.045171] random: get_random_u32 called from bucket_table_alloc+0xe8/0x254 with crng_init=0
[    0.045230] NET: Registered protocol family 16
[    0.047598] DMA: preallocated 256 KiB pool for atomic coherent allocations
[    0.049445] cpuidle: using governor menu
[    0.063909] No ATAGs?
[    0.064008] hw-breakpoint: found 5 (+1 reserved) breakpoint and 1 watchpoint registers.
[    0.064020] hw-breakpoint: maximum watchpoint size is 4 bytes.
[    0.068294] Serial: AMBA PL011 UART driver
[    0.068760] tegra-mc 7000f000.memory-controller: no memory timings for RAM code 3 registered
[    0.078258] AT91: Could not find identification node
[    0.078752] vdd_5v_sata: Failed to request enable GPIO30: -517
[    0.078767] reg-fixed-voltage regulators:regulator@3: Failed to register regulator: -517
[    0.078815] usb1_vbus: Failed to request enable GPIO238: -517
[    0.078823] reg-fixed-voltage regulators:regulator@4: Failed to register regulator: -517
[    0.078871] usb3_vbus: Failed to request enable GPIO236: -517
[    0.078878] reg-fixed-voltage regulators:regulator@5: Failed to register regulator: -517
[    0.078978] sys_3v3_pexs: Failed to request enable GPIO95: -517
[    0.078986] reg-fixed-voltage regulators:regulator@7: Failed to register regulator: -517
[    0.080804] vgaarb: loaded
[    0.081282] SCSI subsystem initialized
[    0.081396] libata version 3.00 loaded.
[    0.081549] usbcore: registered new interface driver usbfs
[    0.081581] usbcore: registered new interface driver hub
[    0.081616] usbcore: registered new device driver usb
[    0.088782] vrtc: supplied by vdd_5v_in
[    0.092083] vio: supplied by vdd_5v_in
[    0.101816] vdd1: supplied by vdd_5v_in
[    0.102269] random: fast init done
[    0.103175] vddio_ddr_1v2: Bringing 600000uV into 1200000-1200000uV
[    0.111837] vdd2: supplied by vdd_5v_in
[    0.131817] ldo1: supplied by vdd_1v5_gen
[    0.134207] ldo2: supplied by vdd_1v5_gen
[    0.134680] vdd_sata,avdd_plle: Bringing 1200000uV into 1050000-1050000uV
[    0.136912] ldo3: supplied by vdd_5v_in
[    0.139278] ldo4: supplied by vdd_5v_in
[    0.141820] ldo5: supplied by vdd_5v_in
[    0.151826] ldo6: supplied by vdd_1v8_gen
[    0.152295] avdd_dsi_csi,pwrdet_mipi: Bringing 1000000uV into 1200000-1200000uV
[    0.154549] ldo7: supplied by vdd_1v8_gen
[    0.161819] ldo8: supplied by vdd_1v8_gen
[    0.171970] pps_core: LinuxPPS API ver. 1 registered
[    0.171976] pps_core: Software ver. 5.3.6 - Copyright 2005-2007 Rodolfo Giometti <giometti@linux.it>
[    0.171990] PTP clock support registered
[    0.172125] EDAC MC: Ver: 3.0.0
[    0.172369] dmi: Firmware registration failed.
[    0.173705] clocksource: Switched to clocksource timer_us
[    0.206449] NET: Registered protocol family 2
[    0.206852] TCP established hash table entries: 8192 (order: 3, 32768 bytes)
[    0.206908] TCP bind hash table entries: 8192 (order: 4, 65536 bytes)
[    0.206994] TCP: Hash tables configured (established 8192 bind 8192)
[    0.207137] UDP hash table entries: 512 (order: 2, 16384 bytes)
[    0.207206] UDP-Lite hash table entries: 512 (order: 2, 16384 bytes)
[    0.207376] NET: Registered protocol family 1
[    0.207748] RPC: Registered named UNIX socket transport module.
[    0.207756] RPC: Registered udp transport module.
[    0.207760] RPC: Registered tcp transport module.
[    0.207765] RPC: Registered tcp NFSv4.1 backchannel transport module.
[    0.207775] PCI: CLS 0 bytes, default 64
[    0.208571] hw perfevents: no interrupt-affinity property for /pmu, guessing.
[    0.208777] hw perfevents: enabled with armv7_cortex_a9 PMU driver, 7 counters available
[    0.210012] workingset: timestamp_bits=30 max_order=19 bucket_order=0
[    0.214765] squashfs: version 4.0 (2009/01/31) Phillip Lougher
[    0.215228] NFS: Registering the id_resolver key type
[    0.215259] Key type id_resolver registered
[    0.215263] Key type id_legacy registered
[    0.215292] ntfs: driver 2.1.32 [Flags: R/O].
[    0.216381] bounce: pool size: 64 pages
[    0.216420] Block layer SCSI generic (bsg) driver version 0.4 loaded (major 248)
[    0.216428] io scheduler noop registered
[    0.216433] io scheduler deadline registered
[    0.216540] io scheduler cfq registered (default)
[    0.216546] io scheduler mq-deadline registered
[    0.216551] io scheduler kyber registered
[    0.222640] tegra30-pinctrl 70000868.pinmux: invalid group "sdmmc3_dat6_pd3" for function "rsvd1"
[    0.222655] tegra30-pinctrl 70000868.pinmux: invalid group "sdmmc3_dat7_pd4" for function "rsvd1"
[    0.222669] tegra30-pinctrl 70000868.pinmux: invalid group "vi_vsync_pd6" for function "rsvd1"
[    0.222678] tegra30-pinctrl 70000868.pinmux: invalid group "vi_hsync_pd7" for function "rsvd1"
[    0.223127] tegra30-pinctrl 70000868.pinmux: invalid group "hdmi_int_pn7" for function "rsvd1"
[    0.223170] tegra30-pinctrl 70000868.pinmux: invalid group "ulpi_data3_po4" for function "rsvd1"
[    0.223492] tegra30-pinctrl 70000868.pinmux: invalid group "vi_d10_pt2" for function "rsvd1"
[    0.223504] tegra30-pinctrl 70000868.pinmux: invalid group "vi_d11_pt3" for function "rsvd1"
[    0.223516] tegra30-pinctrl 70000868.pinmux: invalid group "vi_d0_pt4" for function "rsvd1"
[    0.223556] tegra30-pinctrl 70000868.pinmux: invalid group "pu0" for function "rsvd1"
[    0.223586] tegra30-pinctrl 70000868.pinmux: invalid group "pu3" for function "rsvd1"
[    0.223615] tegra30-pinctrl 70000868.pinmux: invalid group "pu6" for function "rsvd1"
[    0.223656] tegra30-pinctrl 70000868.pinmux: invalid group "pv3" for function "rsvd1"
[    0.224200] tegra30-pinctrl 70000868.pinmux: invalid group "pbb0" for function "rsvd1"
[    0.224314] tegra30-pinctrl 70000868.pinmux: invalid group "pcc1" for function "rsvd1"
[    0.229340] tegra-pcie 3000.pcie: 2x3 configuration
[    0.229492] tegra-pcie 3000.pcie: Failed to get supply 'hvdd-pex': -517
[    0.235166] tegra-apbdma 6000a000.dma: Tegra20 APB DMA driver register 32 channels
[    0.236628] tegra-pmc 7000e400.pmc: i2c-thermtrip node not found, emergency thermal reset disabled.
[    0.268459] Serial: 8250/16550 driver, 4 ports, IRQ sharing disabled
[    0.270599] console [ttyS0] disabled
[    0.270639] 70006000.serial: ttyS0 at MMIO 0x70006000 (irq = 331, base_baud = 25500000) is a Tegra
[    1.316050] console [ttyS0] enabled
[    1.320084] SuperH (H)SCI(F) driver initialized
[    1.325210] msm_serial: driver initialized
[    1.329399] STMicroelectronics ASC driver initialized
[    1.337868] tegra-hdmi 54280000.hdmi: failed to get HDMI regulator
[    1.351589] brd: module loaded
[    1.359980] loop: module loaded
[    1.368841] m25p80 spi32766.1: w25q32 (4096 Kbytes)
[    1.375564] libphy: Fixed MDIO Bus: probed
[    1.380371] CAN device driver interface
[    1.384763] bgmac_bcma: Broadcom 47xx GBit MAC driver loaded
[    1.391131] e1000e: Intel(R) PRO/1000 Network Driver - 3.2.6-k
[    1.396974] e1000e: Copyright(c) 1999 - 2015 Intel Corporation.
[    1.402921] igb: Intel(R) Gigabit Ethernet Network Driver - version 5.4.0-k
[    1.409876] igb: Copyright (c) 2007-2014 Intel Corporation.
[    1.417495] pegasus: v0.9.3 (2013/04/25), Pegasus/Pegasus II USB Ethernet driver
[    1.424937] usbcore: registered new interface driver pegasus
[    1.430607] usbcore: registered new interface driver asix
[    1.436025] usbcore: registered new interface driver ax88179_178a
[    1.442120] usbcore: registered new interface driver cdc_ether
[    1.447972] usbcore: registered new interface driver smsc75xx
[    1.453744] usbcore: registered new interface driver smsc95xx
[    1.459498] usbcore: registered new interface driver net1080
[    1.465171] usbcore: registered new interface driver cdc_subset
[    1.471091] usbcore: registered new interface driver zaurus
[    1.476694] usbcore: registered new interface driver cdc_ncm
[    1.483755] ehci_hcd: USB 2.0 'Enhanced' Host Controller (EHCI) Driver
[    1.490266] ehci-pci: EHCI PCI platform driver
[    1.494731] ehci-platform: EHCI generic platform driver
[    1.500058] ehci-orion: EHCI orion driver
[    1.504154] SPEAr-ehci: EHCI SPEAr driver
[    1.508222] ehci-st: EHCI STMicroelectronics driver
[    1.513155] ehci-exynos: EHCI EXYNOS driver
[    1.517421] ehci-atmel: EHCI Atmel driver
[    1.521496] tegra-ehci: Tegra EHCI driver
[    1.525803] ohci_hcd: USB 1.1 'Open' Host Controller (OHCI) Driver
[    1.531978] ohci-pci: OHCI PCI platform driver
[    1.536452] ohci-platform: OHCI generic platform driver
[    1.541771] SPEAr-ohci: OHCI SPEAr driver
[    1.545855] ohci-st: OHCI STMicroelectronics driver
[    1.550791] ohci-atmel: OHCI Atmel driver
[    1.555228] usbcore: registered new interface driver usb-storage
[    1.563912] tegra_rtc 7000e000.rtc: rtc core: registered 7000e000.rtc as rtc1
[    1.571075] tegra_rtc 7000e000.rtc: Tegra internal Real Time Clock
[    1.589911] tps65910-rtc tps65910-rtc: rtc core: registered tps65910-rtc as rtc0
[    1.597519] i2c /dev entries driver
[    1.609134] sdhci: Secure Digital Host Controller Interface driver
[    1.615321] sdhci: Copyright(c) Pierre Ossman
[    1.620559] Synopsys Designware Multimedia Card Interface Driver
[    1.627278] sdhci-pltfm: SDHCI platform and OF driver helper
[    1.633446] sdhci-tegra 78000000.sdhci: Got CD GPIO
[    1.638337] sdhci-tegra 78000000.sdhci: Got WP GPIO
[    1.651490] mmc0: Invalid maximum block size, assuming 512 bytes
[    1.713793] mmc0: SDHCI controller on 78000000.sdhci [78000000.sdhci] using ADMA
[    1.730183] mmc1: Invalid maximum block size, assuming 512 bytes
[    1.793726] mmc1: SDHCI controller on 78000600.sdhci [78000600.sdhci] using ADMA
[    1.802468] ledtrig-cpu: registered to indicate activity on CPUs
[    1.808749] usbcore: registered new interface driver usbhid
[    1.814321] usbhid: USB HID core driver
[    1.820589] NET: Registered protocol family 10
[    1.825754] Segment Routing with IPv6
[    1.829446] sit: IPv6, IPv4 and MPLS over IPv4 tunneling driver
[    1.835795] NET: Registered protocol family 17
[    1.840235] can: controller area network core (rev 20170425 abi 9)
[    1.846456] NET: Registered protocol family 29
[    1.850888] can: raw protocol (rev 20170425)
[    1.855161] can: broadcast manager protocol (rev 20170425 t)
[    1.860808] can: netlink gateway (rev 20170425) max_hops=1
[    1.866572] Key type dns_resolver registered
[    1.871267] ThumbEE CPU extension supported.
[    1.875550] Registering SWP/SWPB emulation handler
[    1.891310] vdd_ddr: supplied by vdd_5v_in
[    1.896677] vdd_5v_sata: supplied by vdd_5v_in
[    1.901450] usb1_vbus: supplied by vdd_5v_in
[    1.906073] usb3_vbus: supplied by vdd_5v_in
[    1.911576] sys_3v3,vdd_3v3_alw: supplied by vdd_5v_in
[    1.917517] sys_3v3_pexs: supplied by sys_3v3,vdd_3v3_alw
[    1.923028] +VDD_5V_HDMI: supplied by sys_3v3,vdd_3v3_alw
[    1.929090] tegra-pcie 3000.pcie: 2x3 configuration
[    1.937123] tegra-pcie 3000.pcie: probing port 0, using 2 lanes
[    1.937412] mmc1: new high speed MMC card at address 0001
[    1.938207] mmcblk1: mmc1:0001 SEM16G 14.8 GiB 
[    1.938721] mmcblk1boot0: mmc1:0001 SEM16G partition 1 1.00 MiB
[    1.939284] mmcblk1boot1: mmc1:0001 SEM16G partition 2 1.00 MiB
[    1.939809] mmcblk1rpmb: mmc1:0001 SEM16G partition 3 128 KiB
[    1.941405] mmc0: new ultra high speed DDR50 SDHC card at address aaaa
[    1.942042] mmcblk0: mmc0:aaaa SS04G 3.69 GiB 
[    1.951700] Primary GPT is invalid, using alternate GPT.
[    1.951717]  mmcblk1: p1 p2 p3 p4 p5
[    1.970415]  mmcblk0: p1 p2 p3
[    2.005406] tegra-pcie 3000.pcie: probing port 2, using 2 lanes
[    2.415139] tegra-pcie 3000.pcie: link 2 down, retrying
[    2.824173] tegra-pcie 3000.pcie: link 2 down, retrying
[    3.233212] tegra-pcie 3000.pcie: link 2 down, retrying
[    3.240452] tegra-pcie 3000.pcie: link 2 down, ignoring
[    3.245800] tegra-pcie 3000.pcie: PCI host bridge to bus 0000:00
[    3.251794] pci_bus 0000:00: root bus resource [io  0x0000-0xffff]
[    3.257972] pci_bus 0000:00: root bus resource [mem 0x20000000-0x27ffffff]
[    3.264838] pci_bus 0000:00: root bus resource [mem 0x28000000-0x3fffffff pref]
[    3.272131] pci_bus 0000:00: root bus resource [bus 00-ff]
[    3.277636] pci 0000:00:01.0: [10de:0e1c] type 01 class 0x060400
[    3.283640] pci_bus 0000:00: 2-byte config write to 0000:00:01.0 offset 0x4 may corrupt adjacent RW1C bits
[    3.293282] pci_bus 0000:00: 2-byte config write to 0000:00:01.0 offset 0x4 may corrupt adjacent RW1C bits
[    3.302938] pci_bus 0000:00: 2-byte config write to 0000:00:01.0 offset 0x88 may corrupt adjacent RW1C bits
[    3.312684] pci_bus 0000:00: 2-byte config write to 0000:00:01.0 offset 0x52 may corrupt adjacent RW1C bits
[    3.322427] pci 0000:00:01.0: PME# supported from D0 D1 D2 D3hot D3cold
[    3.329037] pci_bus 0000:00: 2-byte config write to 0000:00:01.0 offset 0x4c may corrupt adjacent RW1C bits
[    3.338932] pci_bus 0000:00: 2-byte config write to 0000:00:01.0 offset 0x3e may corrupt adjacent RW1C bits
[    3.348666] pci_bus 0000:00: 2-byte config write to 0000:00:01.0 offset 0x4 may corrupt adjacent RW1C bits
[    3.358308] pci_bus 0000:00: 1-byte config write to 0000:00:01.0 offset 0xc may corrupt adjacent RW1C bits
[    3.367945] PCI: bus0: Fast back to back transfers disabled
[    3.373505] pci 0000:00:01.0: bridge configuration invalid ([bus 00-00]), reconfiguring
[    3.381498] pci_bus 0000:00: 2-byte config write to 0000:00:01.0 offset 0x3e may corrupt adjacent RW1C bits
[    3.391226] pci_bus 0000:00: 2-byte config write to 0000:00:01.0 offset 0x3e may corrupt adjacent RW1C bits
[    3.401057] pci 0000:01:00.0: [10ec:8168] type 00 class 0x020000
[    3.407086] pci 0000:01:00.0: reg 0x10: [io  0x0000-0x00ff]
[    3.412659] pci 0000:01:00.0: reg 0x18: [mem 0x00000000-0x00000fff 64bit pref]
[    3.419882] pci 0000:01:00.0: reg 0x20: [mem 0x00000000-0x00003fff 64bit pref]
[    3.427163] pci 0000:01:00.0: supports D1 D2
[    3.431420] pci 0000:01:00.0: PME# supported from D0 D1 D2 D3hot D3cold
[    3.463732] PCI: bus1: Fast back to back transfers disabled
[    3.469294] pci_bus 0000:01: busn_res: [bus 01-ff] end is updated to 01
[    3.475930] pci 0000:00:01.0: BAR 9: assigned [mem 0x28000000-0x280fffff 64bit pref]
[    3.483656] pci 0000:00:01.0: BAR 7: assigned [io  0x1000-0x1fff]
[    3.489747] pci 0000:01:00.0: BAR 4: assigned [mem 0x28000000-0x28003fff 64bit pref]
[    3.497492] pci 0000:01:00.0: BAR 2: assigned [mem 0x28004000-0x28004fff 64bit pref]
[    3.505236] pci 0000:01:00.0: BAR 0: assigned [io  0x1000-0x10ff]
[    3.511317] pci 0000:00:01.0: PCI bridge to [bus 01]
[    3.516276] pci 0000:00:01.0:   bridge window [io  0x1000-0x1fff]
[    3.522356] pci 0000:00:01.0:   bridge window [mem 0x28000000-0x280fffff 64bit pref]
[    3.530106] pci 0000:00:01.0: nv_msi_ht_cap_quirk didn't locate host bridge
[    3.537169] pcieport 0000:00:01.0: enabling device (0140 -> 0143)
[    3.543450] pcieport 0000:00:01.0: Signaling PME with IRQ 374
[    3.549437] r8169 Gigabit Ethernet driver 2.3LK-NAPI loaded
[    3.555029] r8169 0000:01:00.0: enabling device (0140 -> 0143)
[    3.561810] r8169 0000:01:00.0 eth0: RTL8168evl/8111evl at 0xf0b1c000, 02:04:4b:01:60:a6, XID 0c900800 IRQ 375
[    3.571812] r8169 0000:01:00.0 eth0: jumbo features [frames: 9200 bytes, tx checksumming: ko]
[    3.586897] utmi_phy_clk_enable: timeout waiting for phy to stabilize
[    3.593346] tegra-ehci 7d004000.usb: EHCI Host Controller
[    3.598768] tegra-ehci 7d004000.usb: new USB bus registered, assigned bus number 1
[    3.606534] tegra-ehci 7d004000.usb: irq 343, io mem 0x7d004000
[    3.633723] tegra-ehci 7d004000.usb: USB 2.0 started, EHCI 1.00
[    3.640607] hub 1-0:1.0: USB hub found
[    3.644383] hub 1-0:1.0: 1 port detected
[    3.649519] tegra-ehci 7d008000.usb: EHCI Host Controller
[    3.654933] tegra-ehci 7d008000.usb: new USB bus registered, assigned bus number 2
[    3.662660] tegra-ehci 7d008000.usb: irq 344, io mem 0x7d008000
[    3.694101] tegra-ehci 7d008000.usb: USB 2.0 started, EHCI 1.00
[    3.701257] hub 2-0:1.0: USB hub found
[    3.705033] hub 2-0:1.0: 1 port detected
[    3.715386] tps65910-rtc tps65910-rtc: setting system clock to 2000-01-01 00:00:02 UTC (946684802)
[    3.724894] vdd_sata,avdd_plle: disabling
[    3.729637] usb1_vbus: disabling
[    3.734376] EXT4-fs (mmcblk1p1): mounting ext3 file system using the ext4 subsystem
[    3.794041] EXT4-fs (mmcblk1p1): warning: mounting fs with errors, running e2fsck is recommended
[    3.804297] EXT4-fs (mmcblk1p1): recovery complete
[    3.810265] EXT4-fs (mmcblk1p1): mounted filesystem with ordered data mode. Opts: (null)
[    3.818398] VFS: Mounted root (ext3 filesystem) on device 179:1.
[    3.828965] devtmpfs: mounted
[    3.834470] Freeing unused kernel memory: 2048K
bash: cannot set terminal process group (-1): Inappropriate ioctl for device
bash: no job control in this shell
root@(none):/# [    4.074126] usb 2-1: new high-speed USB device number 2 using tegra-ehci
[    4.754304] asix 2-1:1.0 eth1: register 'asix' at usb-7d008000.usb-1, ASIX AX88772 USB 2.0 Ethernet, 00:50:b6:0f:67:60
