Diff for ./qemu-vexpress64/__internal/defconfig_log.txt
--- /tmp/fooa	2016-08-02 23:11:05.229410319 -0700
+++ /tmp/foob	2016-08-02 23:11:05.233410323 -0700
@@ -1,5 +1,5 @@
 Booting Linux on physical CPU 0x0
-Linux version 4.7.0-next-20160802+ (pwalmsley@tamien) (gcc version 4.9.2 20140904 (prerelease) (crosstool-NG linaro-1.13.1-4.9-2014.09 - Linaro GCC 4.9-2014.09) ) #1 SMP PREEMPT Mon Aug 1 21:38:31 PDT 2016
+Linux version 4.7.0-next-20160803+ (pwalmsley@tamien) (gcc version 4.9.2 20140904 (prerelease) (crosstool-NG linaro-1.13.1-4.9-2014.09 - Linaro GCC 4.9-2014.09) ) #1 SMP PREEMPT Tue Aug 2 23:05:41 PDT 2016
 Boot CPU: AArch64 Processor [411fd070]
 Memory limited to 1024MB
 efi: Getting EFI parameters from FDT:
@@ -18,15 +18,15 @@
 PID hash table entries: 4096 (order: 3, 32768 bytes)
 Dentry cache hash table entries: 131072 (order: 8, 1048576 bytes)
 Inode-cache hash table entries: 65536 (order: 7, 524288 bytes)
-Memory: 1000360K/1048576K available (7868K kernel code, 777K rwdata, 3688K rodata, 960K init, 271K bss, 31832K reserved, 16384K cma-reserved)
+Memory: 1000364K/1048576K available (7868K kernel code, 776K rwdata, 3688K rodata, 960K init, 268K bss, 31828K reserved, 16384K cma-reserved)
 Virtual kernel memory layout:
     modules : 0xffff000000000000 - 0xffff000008000000   (   128 MB)
     vmalloc : 0xffff000008000000 - 0xffff7dffbfff0000   (129022 GB)
       .text : 0xffff000008080000 - 0xffff000008830000   (  7872 KB)
     .rodata : 0xffff000008830000 - 0xffff000008bd0000   (  3712 KB)
       .init : 0xffff000008bd0000 - 0xffff000008cc0000   (   960 KB)
-      .data : 0xffff000008cc0000 - 0xffff000008d82400   (   777 KB)
-       .bss : 0xffff000008d82400 - 0xffff000008dc60b8   (   272 KB)
+      .data : 0xffff000008cc0000 - 0xffff000008d82000   (   776 KB)
+       .bss : 0xffff000008d82000 - 0xffff000008dc50b8   (   269 KB)
     fixed   : 0xffff7dfffe7fd000 - 0xffff7dfffec00000   (  4108 KB)
     PCI I/O : 0xffff7dfffee00000 - 0xffff7dffffe00000   (    16 MB)
     vmemmap : 0xffff7e0000000000 - 0xffff800000000000   (  2048 GB maximum)
@@ -39,7 +39,9 @@
 RCU: Adjusting geometry for rcu_fanout_leaf=64, nr_cpu_ids=1
 NR_IRQS:64 nr_irqs:64 0
 GICv2m: range[mem 0x08020000-0x08020fff], SPI[80:143]
-Architected cp15 timer(s) running at 62.50MHz (virt).
+arm_arch_timer: WARNING: Invalid trigger for IRQ3, assuming level low
+arm_arch_timer: WARNING: Please fix your firmware
+arm_arch_timer: Architected cp15 timer(s) running at 62.50MHz (virt).
 clocksource: arch_sys_counter: mask: 0xffffffffffffff max_cycles: 0x1cd42e208c, max_idle_ns: 881590405314 ns
 sched_clock: 56 bits at 62MHz, resolution 16ns, wraps every 4398046511096ns
 Console: colour dummy device 80x25
@@ -67,6 +69,7 @@
 Serial: AMBA PL011 UART driver
 9000000.pl011: ttyAMA0 at MMIO 0x9000000 (irq = 39, base_baud = 0) is a PL011 rev1
 console [ttyAMA0] enabled
+irq: type mismatch, failed to map hwirq-27 for /intc!
 HugeTLB registered 2 MB page size, pre-allocated 0 pages
 ACPI: Interpreter disabled.
 vgaarb: loaded
@@ -97,7 +100,7 @@
 kvm [1]: HYP mode not available
 futex hash table entries: 256 (order: 3, 32768 bytes)
 audit: initializing netlink subsys (disabled)
-audit: type=2000 audit(0.584:1): initialized
+audit: type=2000 audit(0.624:1): initialized
 workingset: timestamp_bits=46 max_order=18 bucket_order=0
 squashfs: version 4.0 (2009/01/31) Phillip Lougher
 NFS: Registering the id_resolver key type
@@ -163,7 +166,7 @@
 Key type dns_resolver registered
 registered taskstats version 1
 input: gpio-keys as /devices/platform/gpio-keys/input/input0
-rtc-pl031 9010000.pl031: setting system clock to 2016-08-02 04:39:06 UTC (1470112746)
+rtc-pl031 9010000.pl031: setting system clock to 2016-08-03 06:06:15 UTC (1470204375)
 ALSA device list:
   No soundcards found.
 uart-pl011 9000000.pl011: no DMA platform data
Diff for ./tegra114-dalmore-a04/tegra114-dalmore/multi_v7_defconfig_log.txt
--- /tmp/fooa	2016-08-02 23:11:05.241410332 -0700
+++ /tmp/foob	2016-08-02 23:11:05.241410332 -0700
@@ -41,18 +41,18 @@
 	 ############################
 	 3.2 MiB/s
 done
-Bytes transferred = 7089800 (6c2e88 hex)
+Bytes transferred = 7089040 (6c2b90 hex)
 Tegra114 (Dalmore) # tftpboot 0x82000000 tegra114-dalmore.dtb
 Using asx0 device
 TFTP from server 192.168.100.1; our IP address is 192.168.100.100
 Filename 'tegra114-dalmore.dtb'.
 Load address: 0x82000000
 Loading: *###
-	 3 MiB/s
+	 2.8 MiB/s
 done
 Bytes transferred = 34956 (888c hex)
 Tegra114 (Dalmore) # bootz 0x81000000 - 0x82000000
-Kernel image @ 0x81000000 [ 0x000000 - 0x6c2e88 ]
+Kernel image @ 0x81000000 [ 0x000000 - 0x6c2b90 ]
 ## Flattened Device Tree blob at 82000000
    Booting using the fdt blob at 0x82000000
    Loading Device Tree to 8fff4000, end 8ffff88b ... OK
@@ -60,7 +60,7 @@
 Starting kernel ...
 
 Booting Linux on physical CPU 0x0
-Linux version 4.7.0-next-20160802-109977-g4ca39e9 (pwalmsley@sellafield) (gcc version 4.7.3 20130328 (prerelease) (crosstool-NG linaro-1.13.1-4.7-2013.04-20130415 - Linaro GCC 2013.04) ) #1 SMP Mon Aug 1 21:35:27 PDT 2016
+Linux version 4.7.0-next-20160803-109946-g7a4be45 (pwalmsley@sellafield) (gcc version 4.7.3 20130328 (prerelease) (crosstool-NG linaro-1.13.1-4.7-2013.04-20130415 - Linaro GCC 2013.04) ) #1 SMP Tue Aug 2 23:03:09 PDT 2016
 CPU: ARMv7 Processor [412fc0f2] revision 2 (ARMv7), cr=10c5387d
 CPU: div instructions available: patching division code
 CPU: PIPT / VIPT nonaliasing data cache, PIPT instruction cache
@@ -69,7 +69,7 @@
 cma: Reserved 64 MiB at 0xfb800000
 Memory policy: Data cache writealloc
 On node 0 totalpages: 524032
-free_area_init_node: node 0, pgdat c141d200, node_mem_map eeffa000
+free_area_init_node: node 0, pgdat c141cf00, node_mem_map eeffa000
   DMA zone: 1536 pages used for memmap
   DMA zone: 0 pages reserved
   DMA zone: 196608 pages, LIFO batch:31
@@ -82,7 +82,7 @@
 PID hash table entries: 4096 (order: 2, 16384 bytes)
 Dentry cache hash table entries: 131072 (order: 7, 524288 bytes)
 Inode-cache hash table entries: 65536 (order: 6, 262144 bytes)
-Memory: 1995100K/2096128K available (9216K kernel code, 1148K rwdata, 3976K rodata, 2048K init, 343K bss, 35492K reserved, 65536K cma-reserved, 1244160K highmem)
+Memory: 1995104K/2096128K available (9216K kernel code, 1147K rwdata, 3976K rodata, 2048K init, 343K bss, 35488K reserved, 65536K cma-reserved, 1244160K highmem)
 Virtual kernel memory layout:
     vector  : 0xffff0000 - 0xffff1000   (   4 kB)
     fixmap  : 0xffc00000 - 0xfff00000   (3072 kB)
@@ -92,8 +92,8 @@
     modules : 0xbf000000 - 0xbfe00000   (  14 MB)
       .text : 0xc0208000 - 0xc0c00000   (10208 kB)
       .init : 0xc1100000 - 0xc1300000   (2048 kB)
-      .data : 0xc1300000 - 0xc141f080   (1149 kB)
-       .bss : 0xc1421000 - 0xc1476c08   ( 344 kB)
+      .data : 0xc1300000 - 0xc141ed80   (1148 kB)
+       .bss : 0xc1420000 - 0xc1475c08   ( 344 kB)
 SLUB: HWalign=64, Order=0-3, MinObjects=0, CPUs=4, Nodes=1
 Hierarchical RCU implementation.
 	Build-time adjustment of leaf fanout to 32.
@@ -105,7 +105,7 @@
 sched_clock: 32 bits at 1000kHz, resolution 1000ns, wraps every 2147483647500ns
 clocksource: timer_us: mask: 0xffffffff max_cycles: 0xffffffff, max_idle_ns: 1911260446275 ns
 Switching to timer-based delay loop, resolution 1000ns
-Architected cp15 timer(s) running at 12.00MHz (virt).
+arm_arch_timer: Architected cp15 timer(s) running at 12.00MHz (virt).
 clocksource: arch_sys_counter: mask: 0xffffffffffffff max_cycles: 0x2c47f4ee7, max_idle_ns: 440795202497 ns
 sched_clock: 56 bits at 12MHz, resolution 83ns, wraps every 4398046511096ns
 Switching to timer-based delay loop, resolution 83ns
Diff for ./tegra114-dalmore-a04/tegra114-dalmore/tegra_defconfig_log.txt
--- /tmp/fooa	2016-08-02 23:11:05.249410340 -0700
+++ /tmp/foob	2016-08-02 23:11:05.253410344 -0700
@@ -37,20 +37,20 @@
 	 #################################################################
 	 #################################################################
 	 ############################################
-	 3.2 MiB/s
+	 2.9 MiB/s
 done
-Bytes transferred = 5409200 (5289b0 hex)
+Bytes transferred = 5408984 (5288d8 hex)
 Tegra114 (Dalmore) # tftpboot 0x82000000 tegra114-dalmore.dtb
 Using asx0 device
 TFTP from server 192.168.100.1; our IP address is 192.168.100.100
 Filename 'tegra114-dalmore.dtb'.
 Load address: 0x82000000
 Loading: *###
-	 2.8 MiB/s
+	 3.3 MiB/s
 done
 Bytes transferred = 34956 (888c hex)
 Tegra114 (Dalmore) # bootz 0x81000000 - 0x82000000
-Kernel image @ 0x81000000 [ 0x000000 - 0x5289b0 ]
+Kernel image @ 0x81000000 [ 0x000000 - 0x5288d8 ]
 ## Flattened Device Tree blob at 82000000
    Booting using the fdt blob at 0x82000000
    Loading Device Tree to 8fff4000, end 8ffff88b ... OK
@@ -59,7 +59,7 @@
 
 Uncompressing Linux... done, booting the kernel.
 Booting Linux on physical CPU 0x0
-Linux version 4.7.0-next-20160802-109977-g4ca39e9 (pwalmsley@kaivo) (gcc version 4.7.3 20130328 (prerelease) (crosstool-NG linaro-1.13.1-4.7-2013.04-20130415 - Linaro GCC 2013.04) ) #1 SMP PREEMPT Mon Aug 1 21:35:26 PDT 2016
+Linux version 4.7.0-next-20160803-109946-g7a4be45 (pwalmsley@kaivo) (gcc version 4.7.3 20130328 (prerelease) (crosstool-NG linaro-1.13.1-4.7-2013.04-20130415 - Linaro GCC 2013.04) ) #1 SMP PREEMPT Tue Aug 2 23:03:10 PDT 2016
 CPU: ARMv7 Processor [412fc0f2] revision 2 (ARMv7), cr=10c5387d
 CPU: div instructions available: patching division code
 CPU: PIPT / VIPT nonaliasing data cache, PIPT instruction cache
@@ -102,7 +102,7 @@
 sched_clock: 32 bits at 1000kHz, resolution 1000ns, wraps every 2147483647500ns
 clocksource: timer_us: mask: 0xffffffff max_cycles: 0xffffffff, max_idle_ns: 1911260446275 ns
 Switching to timer-based delay loop, resolution 1000ns
-Architected cp15 timer(s) running at 12.00MHz (virt).
+arm_arch_timer: Architected cp15 timer(s) running at 12.00MHz (virt).
 clocksource: arch_sys_counter: mask: 0xffffffffffffff max_cycles: 0x2c47f4ee7, max_idle_ns: 440795202497 ns
 sched_clock: 56 bits at 12MHz, resolution 83ns, wraps every 4398046511096ns
 Switching to timer-based delay loop, resolution 83ns
@@ -259,8 +259,8 @@
 usbhid: USB HID core driver
 mmc0: new high speed SDHC card at address aaaa
 mmcblk0: mmc0:aaaa SL16G 14.8 GiB 
-mmc1: new high speed MMC card at address 0001
  mmcblk0: p1 p2 p3
+mmc1: new high speed MMC card at address 0001
 mmcblk1: mmc1:0001 SEM32G 29.1 GiB 
 mmcblk1boot0: mmc1:0001 SEM32G partition 1 4.00 MiB
 mmcblk1boot1: mmc1:0001 SEM32G partition 2 4.00 MiB
Diff for ./tegra124-jetson-tk1/tegra124-jetson-tk1/multi_v7_defconfig_log.txt
--- /tmp/fooa	2016-08-02 23:11:05.257410348 -0700
+++ /tmp/foob	2016-08-02 23:11:05.257410348 -0700
@@ -36,26 +36,26 @@
 	 ############################
 	 4 MiB/s
 done
-Bytes transferred = 7089800 (6c2e88 hex)
+Bytes transferred = 7089040 (6c2b90 hex)
 Tegra124 (Jetson TK1) # tftpboot 0x83000000 tegra124-jetson-tk1.dtb
 Using eth_rtl8169 device
 TFTP from server 192.168.100.1; our IP address is 192.168.100.102
 Filename 'tegra124-jetson-tk1.dtb'.
 Load address: 0x83000000
 Loading: *#####
-	 3.7 MiB/s
+	 4 MiB/s
 done
-Bytes transferred = 66621 (1043d hex)
+Bytes transferred = 66405 (10365 hex)
 Tegra124 (Jetson TK1) # bootz 0x82000000 - 0x83000000
-Kernel image @ 0x82000000 [ 0x000000 - 0x6c2e88 ]
+Kernel image @ 0x82000000 [ 0x000000 - 0x6c2b90 ]
 ## Flattened Device Tree blob at 83000000
    Booting using the fdt blob at 0x83000000
-   Using Device Tree in place at 83000000, end 8301343c
+   Using Device Tree in place at 83000000, end 83013364
 
 Starting kernel ...
 
 Booting Linux on physical CPU 0x0
-Linux version 4.7.0-next-20160802-109977-g4ca39e9 (pwalmsley@sellafield) (gcc version 4.7.3 20130328 (prerelease) (crosstool-NG linaro-1.13.1-4.7-2013.04-20130415 - Linaro GCC 2013.04) ) #1 SMP Mon Aug 1 21:35:27 PDT 2016
+Linux version 4.7.0-next-20160803-109946-g7a4be45 (pwalmsley@sellafield) (gcc version 4.7.3 20130328 (prerelease) (crosstool-NG linaro-1.13.1-4.7-2013.04-20130415 - Linaro GCC 2013.04) ) #1 SMP Tue Aug 2 23:03:09 PDT 2016
 CPU: ARMv7 Processor [413fc0f3] revision 3 (ARMv7), cr=10c5387d
 CPU: div instructions available: patching division code
 CPU: PIPT / VIPT nonaliasing data cache, PIPT instruction cache
@@ -64,7 +64,7 @@
 cma: Reserved 64 MiB at 0xfb800000
 Memory policy: Data cache writealloc
 On node 0 totalpages: 524032
-free_area_init_node: node 0, pgdat c141d200, node_mem_map eeffa000
+free_area_init_node: node 0, pgdat c141cf00, node_mem_map eeffa000
   DMA zone: 1536 pages used for memmap
   DMA zone: 0 pages reserved
   DMA zone: 196608 pages, LIFO batch:31
@@ -77,7 +77,7 @@
 PID hash table entries: 4096 (order: 2, 16384 bytes)
 Dentry cache hash table entries: 131072 (order: 7, 524288 bytes)
 Inode-cache hash table entries: 65536 (order: 6, 262144 bytes)
-Memory: 1994980K/2096128K available (9216K kernel code, 1148K rwdata, 3976K rodata, 2048K init, 343K bss, 35612K reserved, 65536K cma-reserved, 1244160K highmem)
+Memory: 1994984K/2096128K available (9216K kernel code, 1147K rwdata, 3976K rodata, 2048K init, 343K bss, 35608K reserved, 65536K cma-reserved, 1244160K highmem)
 Virtual kernel memory layout:
     vector  : 0xffff0000 - 0xffff1000   (   4 kB)
     fixmap  : 0xffc00000 - 0xfff00000   (3072 kB)
@@ -87,8 +87,8 @@
     modules : 0xbf000000 - 0xbfe00000   (  14 MB)
       .text : 0xc0208000 - 0xc0c00000   (10208 kB)
       .init : 0xc1100000 - 0xc1300000   (2048 kB)
-      .data : 0xc1300000 - 0xc141f080   (1149 kB)
-       .bss : 0xc1421000 - 0xc1476c08   ( 344 kB)
+      .data : 0xc1300000 - 0xc141ed80   (1148 kB)
+       .bss : 0xc1420000 - 0xc1475c08   ( 344 kB)
 SLUB: HWalign=64, Order=0-3, MinObjects=0, CPUs=4, Nodes=1
 Hierarchical RCU implementation.
 	Build-time adjustment of leaf fanout to 32.
@@ -100,7 +100,7 @@
 sched_clock: 32 bits at 1000kHz, resolution 1000ns, wraps every 2147483647500ns
 clocksource: timer_us: mask: 0xffffffff max_cycles: 0xffffffff, max_idle_ns: 1911260446275 ns
 Switching to timer-based delay loop, resolution 1000ns
-Architected cp15 timer(s) running at 12.00MHz (virt).
+arm_arch_timer: Architected cp15 timer(s) running at 12.00MHz (virt).
 clocksource: arch_sys_counter: mask: 0xffffffffffffff max_cycles: 0x2c47f4ee7, max_idle_ns: 440795202497 ns
 sched_clock: 56 bits at 12MHz, resolution 83ns, wraps every 4398046511096ns
 Switching to timer-based delay loop, resolution 83ns
@@ -193,13 +193,13 @@
 tegra-pmc 7000e400.pmc: emergency thermal reset enabled
 Serial: 8250/16550 driver, 4 ports, IRQ sharing disabled
 console [ttyS0] disabled
-70006300.serial: ttyS0 at MMIO 0x70006300 (irq = 333, base_baud = 25500000) is a Tegra
+70006300.serial: ttyS0 at MMIO 0x70006300 (irq = 335, base_baud = 25500000) is a Tegra
 console [ttyS0] enabled
 SuperH (H)SCI(F) driver initialized
 msm_serial: driver initialized
 STMicroelectronics ASC driver initialized
-serial-tegra serial@0,70006000: failed to get alias id, errno -19
-serial-tegra serial@0,70006040: failed to get alias id, errno -19
+70006000.serial: ttyTHS1 at MMIO 0x70006000 (irq = 333, base_baud = 0) is a TEGRA_UART
+70006040.serial: ttyTHS2 at MMIO 0x70006040 (irq = 334, base_baud = 0) is a TEGRA_UART
 [drm] Initialized drm 1.1.0 20060810
 tegra-hdmi 54280000.hdmi: failed to get HDMI regulator
 brd: module loaded
@@ -224,6 +224,7 @@
 +VDDIO_SDMMC3: failed to get the current voltage(-517)
 as3722-regulator as3722-regulator: regulator 13 register failed -517
 tegra-ahci 70027000.sata: couldn't get PHY in node sata: -517
+random: fast init done
 m25p80 spi32765.0: w25q32dw (4096 Kbytes)
 libphy: Fixed MDIO Bus: probed
 CAN device driver interface
@@ -252,7 +253,7 @@
 tegra-ehci: Tegra EHCI driver
 tegra-ehci 7d004000.usb: EHCI Host Controller
 tegra-ehci 7d004000.usb: new USB bus registered, assigned bus number 1
-tegra-ehci 7d004000.usb: irq 352, io mem 0x7d004000
+tegra-ehci 7d004000.usb: irq 354, io mem 0x7d004000
 tegra-ehci 7d004000.usb: USB 2.0 started, EHCI 1.10
 hub 1-0:1.0: USB hub found
 hub 1-0:1.0: 1 port detected
@@ -265,9 +266,8 @@
 ohci-atmel: OHCI Atmel driver
 usbcore: registered new interface driver usb-storage
 mousedev: PS/2 mouse device common for all mice
-random: fast init done
 as3722-rtc as3722-rtc: rtc core: registered as3722-rtc as rtc0
-as3722-rtc as3722-rtc: RTC interrupt 375
+as3722-rtc as3722-rtc: RTC interrupt 377
 tegra_rtc 7000e000.rtc: rtc core: registered 7000e000.rtc as rtc1
 tegra_rtc 7000e000.rtc: Tegra internal Real Time Clock
 i2c /dev entries driver
@@ -304,14 +304,13 @@
 +5V_HDMI_CON: supplied by +5V_SYS
 +5V_SATA: supplied by +5V_SYS
 +12V_SATA: supplied by +VDD_MUX
-mmc0: new high speed MMC card at address 0001
 usb2-0 supply vbus not found, using dummy regulator
 usb2-1 supply vbus not found, using dummy regulator
 usb3-0 supply vbus not found, using dummy regulator
 tegra-pcie 1003000.pcie-controller: 2x1, 1x1 configuration
 tegra-pcie 1003000.pcie-controller: Failed to get supply 'avddio-pex': -517
 tegra-hdmi 54280000.hdmi: failed to get PLL regulator
-mmcblk0: mmc0:0001 SEM16G 14.7 GiB 
+mmc0: new high speed MMC card at address 0001
 as3722-sd2: supplied by +5V_SYS
 as3722-sd3: supplied by +5V_SYS
 as3722-sd4: supplied by +5V_SYS
@@ -336,11 +335,11 @@
 tegra-ahci 70027000.sata: flags: 64bit ncq sntf pm led pio slum part sadm sds apst 
 scsi host0: tegra-ahci
 scsi host1: tegra-ahci
-ata1: SATA max UDMA/133 mmio [mem 0x70027000-0x70028fff] port 0x100 irq 343
+ata1: SATA max UDMA/133 mmio [mem 0x70027000-0x70028fff] port 0x100 irq 345
 ata2: DUMMY
 tegra-ehci 7d008000.usb: EHCI Host Controller
 tegra-ehci 7d008000.usb: new USB bus registered, assigned bus number 2
-tegra-ehci 7d008000.usb: irq 353, io mem 0x7d008000
+tegra-ehci 7d008000.usb: irq 355, io mem 0x7d008000
 tegra-ehci 7d008000.usb: USB 2.0 started, EHCI 1.10
 hub 2-0:1.0: USB hub found
 hub 2-0:1.0: 1 port detected
@@ -405,21 +404,22 @@
 pcie_pme 0000:00:02.0:pcie001: service driver pcie_pme loaded
 r8169 Gigabit Ethernet driver 2.3LK-NAPI loaded
 r8169 0000:02:00.0: enabling device (0140 -> 0143)
-r8169 0000:02:00.0 eth0: RTL8168g/8111g at 0xf0a46000, 00:04:4b:3a:d9:81, XID 0c000800 IRQ 393
+r8169 0000:02:00.0 eth0: RTL8168g/8111g at 0xf0a46000, 00:04:4b:3a:d9:81, XID 0c000800 IRQ 395
 r8169 0000:02:00.0 eth0: jumbo features [frames: 9200 bytes, tx checksumming: ko]
 [drm] Supports vblank timestamp caching Rev 2 (21.10.2013).
 [drm] No driver support for vblank timestamp query.
 drm drm: No connectors reported connected with modes
 [drm] Cannot find any crtc or sizes - going 1024x768
 ata1: SATA link down (SStatus 0 SControl 300)
+mmc1: new high speed SDHC card at address aaaa
+mmcblk1: mmc1:aaaa SD04G 3.69 GiB 
+ mmcblk1: p1 p2 p3
+mmcblk0: mmc0:0001 SEM16G 14.7 GiB 
 mmcblk0boot0: mmc0:0001 SEM16G partition 1 4.00 MiB
 mmcblk0boot1: mmc0:0001 SEM16G partition 2 4.00 MiB
 mmcblk0rpmb: mmc0:0001 SEM16G partition 3 4.00 MiB
 Console: switching to colour frame buffer device 128x48
  mmcblk0: p1
-mmc1: new high speed SDHC card at address aaaa
-mmcblk1: mmc1:aaaa SD04G 3.69 GiB 
- mmcblk1: p1 p2 p3
 drm drm: fb0:  frame buffer device
 [drm] Initialized tegra 0.0.0 20120330 on minor 0
 of: dev_pm_opp_of_cpumask_add_table: couldn't find opp table for cpu:0, -19
@@ -438,7 +438,7 @@
 EXT4-fs (mmcblk0p1): mounting ext3 file system using the ext4 subsystem
 EXT4-fs (mmcblk0p1): recovery complete
 EXT4-fs (mmcblk0p1): mounted filesystem with ordered data mode. Opts: (null)
-VFS: Mounted root (ext3 filesystem) on device 179:1.
+VFS: Mounted root (ext3 filesystem) on device 179:17.
 devtmpfs: mounted
 Freeing unused kernel memory: 2048K (c1100000 - c1300000)
 bash: cannot set terminal process group (-1): Inappropriate ioctl for device
Diff for ./tegra124-jetson-tk1/tegra124-jetson-tk1/tegra_defconfig_log.txt
--- /tmp/fooa	2016-08-02 23:11:05.261410352 -0700
+++ /tmp/foob	2016-08-02 23:11:05.265410356 -0700
@@ -32,29 +32,29 @@
 	 #################################################################
 	 #################################################################
 	 ############################################
-	 942.4 KiB/s
+	 935.5 KiB/s
 done
-Bytes transferred = 5409200 (5289b0 hex)
+Bytes transferred = 5408984 (5288d8 hex)
 Tegra124 (Jetson TK1) # tftpboot 0x83000000 tegra124-jetson-tk1.dtb
 Using eth_rtl8169 device
 TFTP from server 192.168.100.1; our IP address is 192.168.100.102
 Filename 'tegra124-jetson-tk1.dtb'.
 Load address: 0x83000000
 Loading: *#####
-	 916 KiB/s
+	 925.8 KiB/s
 done
-Bytes transferred = 66621 (1043d hex)
+Bytes transferred = 66405 (10365 hex)
 Tegra124 (Jetson TK1) # bootz 0x82000000 - 0x83000000
-Kernel image @ 0x82000000 [ 0x000000 - 0x5289b0 ]
+Kernel image @ 0x82000000 [ 0x000000 - 0x5288d8 ]
 ## Flattened Device Tree blob at 83000000
    Booting using the fdt blob at 0x83000000
-   Using Device Tree in place at 83000000, end 8301343c
+   Using Device Tree in place at 83000000, end 83013364
 
 Starting kernel ...
 
 Uncompressing Linux... done, booting the kernel.
 Booting Linux on physical CPU 0x0
-Linux version 4.7.0-next-20160802-109977-g4ca39e9 (pwalmsley@kaivo) (gcc version 4.7.3 20130328 (prerelease) (crosstool-NG linaro-1.13.1-4.7-2013.04-20130415 - Linaro GCC 2013.04) ) #1 SMP PREEMPT Mon Aug 1 21:35:26 PDT 2016
+Linux version 4.7.0-next-20160803-109946-g7a4be45 (pwalmsley@kaivo) (gcc version 4.7.3 20130328 (prerelease) (crosstool-NG linaro-1.13.1-4.7-2013.04-20130415 - Linaro GCC 2013.04) ) #1 SMP PREEMPT Tue Aug 2 23:03:10 PDT 2016
 CPU: ARMv7 Processor [413fc0f3] revision 3 (ARMv7), cr=10c5387d
 CPU: div instructions available: patching division code
 CPU: PIPT / VIPT nonaliasing data cache, PIPT instruction cache
@@ -97,7 +97,7 @@
 sched_clock: 32 bits at 1000kHz, resolution 1000ns, wraps every 2147483647500ns
 clocksource: timer_us: mask: 0xffffffff max_cycles: 0xffffffff, max_idle_ns: 1911260446275 ns
 Switching to timer-based delay loop, resolution 1000ns
-Architected cp15 timer(s) running at 12.00MHz (virt).
+arm_arch_timer: Architected cp15 timer(s) running at 12.00MHz (virt).
 clocksource: arch_sys_counter: mask: 0xffffffffffffff max_cycles: 0x2c47f4ee7, max_idle_ns: 440795202497 ns
 sched_clock: 56 bits at 12MHz, resolution 83ns, wraps every 4398046511096ns
 Switching to timer-based delay loop, resolution 83ns
@@ -191,13 +191,13 @@
 tegra-pmc 7000e400.pmc: emergency thermal reset enabled
 Serial: 8250/16550 driver, 4 ports, IRQ sharing disabled
 console [ttyS0] disabled
-70006300.serial: ttyS0 at MMIO 0x70006300 (irq = 333, base_baud = 25500000) is a Tegra
+70006300.serial: ttyS0 at MMIO 0x70006300 (irq = 335, base_baud = 25500000) is a Tegra
 console [ttyS0] enabled
 console [ttyS0] enabled
 bootconsole [earlycon0] disabled
 bootconsole [earlycon0] disabled
-serial-tegra serial@0,70006000: failed to get alias id, errno -19
-serial-tegra serial@0,70006040: failed to get alias id, errno -19
+70006000.serial: ttyTHS1 at MMIO 0x70006000 (irq = 333, base_baud = 0) is a TEGRA_UART
+70006040.serial: ttyTHS2 at MMIO 0x70006040 (irq = 334, base_baud = 0) is a TEGRA_UART
 [drm] Initialized drm 1.1.0 20060810
 tegra-hdmi 54280000.hdmi: failed to get HDMI regulator
 loop: module loaded
@@ -243,7 +243,7 @@
 tegra-ehci: Tegra EHCI driver
 tegra-ehci 7d004000.usb: EHCI Host Controller
 tegra-ehci 7d004000.usb: new USB bus registered, assigned bus number 1
-tegra-ehci 7d004000.usb: irq 352, io mem 0x7d004000
+tegra-ehci 7d004000.usb: irq 354, io mem 0x7d004000
 tegra-ehci 7d004000.usb: USB 2.0 started, EHCI 1.10
 hub 1-0:1.0: USB hub found
 hub 1-0:1.0: 1 port detected
@@ -254,7 +254,7 @@
 mousedev: PS/2 mouse device common for all mice
 random: fast init done
 as3722-rtc as3722-rtc: rtc core: registered as3722-rtc as rtc0
-as3722-rtc as3722-rtc: RTC interrupt 375
+as3722-rtc as3722-rtc: RTC interrupt 377
 tegra_rtc 7000e000.rtc: rtc core: registered 7000e000.rtc as rtc1
 tegra_rtc 7000e000.rtc: Tegra internal Real Time Clock
 i2c /dev entries driver
@@ -344,11 +344,11 @@
 tegra-ahci 70027000.sata: flags: 64bit ncq sntf pm led pio slum part sadm sds apst 
 scsi host0: tegra-ahci
 scsi host1: tegra-ahci
-ata1: SATA max UDMA/133 mmio [mem 0x70027000-0x70028fff] port 0x100 irq 343
+ata1: SATA max UDMA/133 mmio [mem 0x70027000-0x70028fff] port 0x100 irq 345
 ata2: DUMMY
 tegra-ehci 7d008000.usb: EHCI Host Controller
 tegra-ehci 7d008000.usb: new USB bus registered, assigned bus number 2
-tegra-ehci 7d008000.usb: irq 353, io mem 0x7d008000
+tegra-ehci 7d008000.usb: irq 355, io mem 0x7d008000
 tegra-ehci 7d008000.usb: USB 2.0 started, EHCI 1.10
 hub 2-0:1.0: USB hub found
 hub 2-0:1.0: 1 port detected
@@ -356,7 +356,7 @@
 tegra-xusb 70090000.usb: xHCI Host Controller
 tegra-xusb 70090000.usb: new USB bus registered, assigned bus number 3
 tegra-xusb 70090000.usb: hcc params 0x0184f525 hci version 0x100 quirks 0x00010010
-tegra-xusb 70090000.usb: irq 345, io mem 0x70090000
+tegra-xusb 70090000.usb: irq 347, io mem 0x70090000
 hub 3-0:1.0: USB hub found
 hub 3-0:1.0: 6 ports detected
 tegra-xusb 70090000.usb: xHCI Host Controller
@@ -369,8 +369,8 @@
 mmc1: Unknown controller version (3). You may experience problems.
 mmc1: Invalid maximum block size, assuming 512 bytes
 mmc1: SDHCI controller on 700b0400.sdhci [700b0400.sdhci] using ADMA 64-bit
-ata1: SATA link down (SStatus 0 SControl 300)
 tegra-pcie 1003000.pcie-controller: 2x1, 1x1 configuration
+ata1: SATA link down (SStatus 0 SControl 300)
 tegra-pcie 1003000.pcie-controller: probing port 0, using 2 lanes
 tegra-pcie 1003000.pcie-controller: Slot present pin change, signature: 00000008
 tegra-pcie 1003000.pcie-controller: probing port 1, using 1 lanes
@@ -429,7 +429,7 @@
 pcie_pme 0000:00:02.0:pcie001: service driver pcie_pme loaded
 r8169 Gigabit Ethernet driver 2.3LK-NAPI loaded
 r8169 0000:02:00.0: enabling device (0140 -> 0143)
-r8169 0000:02:00.0 eth0: RTL8168g/8111g at 0xf09fa000, 00:04:4b:3a:d9:81, XID 0c000800 IRQ 393
+r8169 0000:02:00.0 eth0: RTL8168g/8111g at 0xf09fa000, 00:04:4b:3a:d9:81, XID 0c000800 IRQ 395
 r8169 0000:02:00.0 eth0: jumbo features [frames: 9200 bytes, tx checksumming: ko]
 [drm] Supports vblank timestamp caching Rev 2 (21.10.2013).
 [drm] No driver support for vblank timestamp query.
@@ -441,7 +441,7 @@
 cpufreq: cpufreq_online: CPU0: Running at unlisted freq: 696000 KHz
 cpufreq: cpufreq_online: CPU0: Unlisted initial frequency changed to: 714000 KHz
 input: gpio-keys as /devices/soc0/gpio-keys/input/input2
-as3722-rtc as3722-rtc: setting system clock to 2000-01-01 00:02:01 UTC (946684921)
+as3722-rtc as3722-rtc: setting system clock to 2000-01-01 00:01:55 UTC (946684915)
 +USB0_VBUS_SW: disabling
 +1.8V_RUN_CAM: disabling
 +2.8V_RUN_CAM: disabling
@@ -451,7 +451,7 @@
 +2.8V_RUN_CAM_AF: disabling
 +1.8V_RUN_VPP_FUSE: disabling
 ALSA device list:
-  #0: tegra-hda at 0x70038000 irq 344
+  #0: tegra-hda at 0x70038000 irq 346
   #1: NVIDIA Tegra Jetson TK1
 EXT4-fs (mmcblk0p1): mounting ext3 file system using the ext4 subsystem
 EXT4-fs (mmcblk0p1): recovery complete
Diff for ./tegra124-nyan-big/tegra124-nyan-big/multi_v7_defconfig_log.txt
--- /tmp/fooa	2016-08-02 23:11:05.269410360 -0700
+++ /tmp/foob	2016-08-02 23:11:05.273410364 -0700
@@ -14,7 +14,7 @@
 Err:   serial
 Net:   Net Initialization Skipped
 No ethernet found.
-Hit any key to stop autoboot:  2  1  0 
+Hit any key to stop autoboot:  2  0 
 Tegra124 (Nyan-big) # 
 Tegra124 (Nyan-big) # usb start
 starting USB...
@@ -43,18 +43,18 @@
 	 ############################
 	 3.5 MiB/s
 done
-Bytes transferred = 7089800 (6c2e88 hex)
+Bytes transferred = 7089040 (6c2b90 hex)
 Tegra124 (Nyan-big) # tftpboot 0x83000000 tegra124-nyan-big.dtb
 Using asx0 device
 TFTP from server 192.168.100.1; our IP address is 192.168.100.102
 Filename 'tegra124-nyan-big.dtb'.
 Load address: 0x83000000
 Loading: *#####
-	 3.5 MiB/s
+	 3.4 MiB/s
 done
 Bytes transferred = 66821 (10505 hex)
 Tegra124 (Nyan-big) # bootz 0x82000000 - 0x83000000
-Kernel image @ 0x82000000 [ 0x000000 - 0x6c2e88 ]
+Kernel image @ 0x82000000 [ 0x000000 - 0x6c2b90 ]
 ## Flattened Device Tree blob at 83000000
    Booting using the fdt blob at 0x83000000
    Using Device Tree in place at 83000000, end 83013504
@@ -62,7 +62,7 @@
 Starting kernel ...
 
 Booting Linux on physical CPU 0x0
-Linux version 4.7.0-next-20160802-109977-g4ca39e9 (pwalmsley@sellafield) (gcc version 4.7.3 20130328 (prerelease) (crosstool-NG linaro-1.13.1-4.7-2013.04-20130415 - Linaro GCC 2013.04) ) #1 SMP Mon Aug 1 21:35:27 PDT 2016
+Linux version 4.7.0-next-20160803-109946-g7a4be45 (pwalmsley@sellafield) (gcc version 4.7.3 20130328 (prerelease) (crosstool-NG linaro-1.13.1-4.7-2013.04-20130415 - Linaro GCC 2013.04) ) #1 SMP Tue Aug 2 23:03:09 PDT 2016
 CPU: ARMv7 Processor [413fc0f3] revision 3 (ARMv7), cr=10c5387d
 CPU: div instructions available: patching division code
 CPU: PIPT / VIPT nonaliasing data cache, PIPT instruction cache
@@ -72,7 +72,7 @@
 cma: Reserved 64 MiB at 0xfb800000
 Memory policy: Data cache writealloc
 On node 0 totalpages: 524287
-free_area_init_node: node 0, pgdat c141d200, node_mem_map eeffa000
+free_area_init_node: node 0, pgdat c141cf00, node_mem_map eeffa000
   DMA zone: 1536 pages used for memmap
   DMA zone: 0 pages reserved
   DMA zone: 196608 pages, LIFO batch:31
@@ -85,7 +85,7 @@
 PID hash table entries: 4096 (order: 2, 16384 bytes)
 Dentry cache hash table entries: 131072 (order: 7, 524288 bytes)
 Inode-cache hash table entries: 65536 (order: 6, 262144 bytes)
-Memory: 1996000K/2097148K available (9216K kernel code, 1148K rwdata, 3976K rodata, 2048K init, 343K bss, 35612K reserved, 65536K cma-reserved, 1245180K highmem)
+Memory: 1996004K/2097148K available (9216K kernel code, 1147K rwdata, 3976K rodata, 2048K init, 343K bss, 35608K reserved, 65536K cma-reserved, 1245180K highmem)
 Virtual kernel memory layout:
     vector  : 0xffff0000 - 0xffff1000   (   4 kB)
     fixmap  : 0xffc00000 - 0xfff00000   (3072 kB)
@@ -95,8 +95,8 @@
     modules : 0xbf000000 - 0xbfe00000   (  14 MB)
       .text : 0xc0208000 - 0xc0c00000   (10208 kB)
       .init : 0xc1100000 - 0xc1300000   (2048 kB)
-      .data : 0xc1300000 - 0xc141f080   (1149 kB)
-       .bss : 0xc1421000 - 0xc1476c08   ( 344 kB)
+      .data : 0xc1300000 - 0xc141ed80   (1148 kB)
+       .bss : 0xc1420000 - 0xc1475c08   ( 344 kB)
 SLUB: HWalign=64, Order=0-3, MinObjects=0, CPUs=4, Nodes=1
 Hierarchical RCU implementation.
 	Build-time adjustment of leaf fanout to 32.
@@ -108,7 +108,7 @@
 sched_clock: 32 bits at 1000kHz, resolution 1000ns, wraps every 2147483647500ns
 clocksource: timer_us: mask: 0xffffffff max_cycles: 0xffffffff, max_idle_ns: 1911260446275 ns
 Switching to timer-based delay loop, resolution 1000ns
-Architected cp15 timer(s) running at 12.00MHz (virt).
+arm_arch_timer: Architected cp15 timer(s) running at 12.00MHz (virt).
 clocksource: arch_sys_counter: mask: 0xffffffffffffff max_cycles: 0x2c47f4ee7, max_idle_ns: 440795202497 ns
 sched_clock: 56 bits at 12MHz, resolution 83ns, wraps every 4398046511096ns
 Switching to timer-based delay loop, resolution 83ns
@@ -289,6 +289,7 @@
 mmc0: SDHCI controller on 700b0600.sdhci [700b0600.sdhci] using ADMA 64-bit
 ledtrig-cpu: registered to indicate activity on CPUs
 usbcore: registered new interface driver usbhid
+input: Elan Touchpad as /devices/soc0/7000c400.i2c/i2c-1/1-0015/input/input0
 usbhid: USB HID core driver
 NET: Registered protocol family 10
 sit: IPv6, IPv4 and MPLS over IPv4 tunneling driver
@@ -302,7 +303,6 @@
 ThumbEE CPU extension supported.
 Registering SWP/SWPB emulation handler
 +3.3V_RUN: supplied by +3.3V_SYS
-input: Elan Touchpad as /devices/soc0/7000c400.i2c/i2c-1/1-0015/input/input0
 +3.3V_AVDD_HDMI_AP_GATED: supplied by +3.3V_RUN
 +1.8V_RUN_CAM: supplied by +3.3V_RUN
 +VDDIO_SDMMC3: supplied by +3.3V_RUN
@@ -312,12 +312,6 @@
 +5V_USB_HS: supplied by +5V_SYS
 +5V_USB_SS: supplied by +5V_SYS
 +3.3V_PANEL: supplied by +3.3V_RUN
-mmc0: new high speed MMC card at address 0001
-mmcblk0: mmc0:0001 MMC16G 14.4 GiB 
-mmcblk0boot0: mmc0:0001 MMC16G partition 1 2.00 MiB
-mmcblk0boot1: mmc0:0001 MMC16G partition 2 2.00 MiB
-mmcblk0rpmb: mmc0:0001 MMC16G partition 3 128 KiB
- mmcblk0: p1 p2 p3 p4 p5 p6 p7 p8 p9 p10 p11 p12
 +3.3V_LP0: supplied by +3.3V_SYS
 +1.05V_RUN_AVDD_HDMI_PLL: supplied by +1.05V_RUN
 elan_i2c 1-0015: failed to read report data: -121
@@ -330,6 +324,12 @@
 mmc1: Unknown controller version (3). You may experience problems.
 mmc1: Invalid maximum block size, assuming 512 bytes
 mmc1: Switching to 3.3V signalling voltage failed
+mmc0: new high speed MMC card at address 0001
+mmcblk0: mmc0:0001 MMC16G 14.4 GiB 
+mmcblk0boot0: mmc0:0001 MMC16G partition 1 2.00 MiB
+mmcblk0boot1: mmc0:0001 MMC16G partition 2 2.00 MiB
+mmcblk0rpmb: mmc0:0001 MMC16G partition 3 128 KiB
+ mmcblk0: p1 p2 p3 p4 p5 p6 p7 p8 p9 p10 p11 p12
 mmc1: SDHCI controller on 700b0000.sdhci [700b0000.sdhci] using ADMA 64-bit
 sdhci-tegra 700b0400.sdhci: Got CD GPIO
 sdhci-tegra 700b0400.sdhci: Got WP GPIO
@@ -352,7 +352,7 @@
 drm drm: fb0:  frame buffer device
 [drm] Initialized tegra 0.0.0 20120330 on minor 0
 input: gpio-keys as /devices/soc0/gpio-keys/input/input1
-as3722-rtc as3722-rtc: setting system clock to 2000-01-01 17:20:03 UTC (946747203)
+as3722-rtc as3722-rtc: setting system clock to 2000-01-01 00:00:22 UTC (946684822)
 +1.8V_RUN_CAM: disabling
 +3.3V_RUN_CAM: disabling
 +1.2V_RUN_CAM_FRONT: disabling
Diff for ./tegra124-nyan-big/tegra124-nyan-big/tegra_defconfig_log.txt
--- /tmp/fooa	2016-08-02 23:11:05.277410369 -0700
+++ /tmp/foob	2016-08-02 23:11:05.281410372 -0700
@@ -5,7 +5,7 @@
 TEGRA124
 Model: Acer Chromebook 13 CB5-311
 DRAM:  4 GiB
-:   Tegra SD/MMC: 0, Tegra SD/MMC: 1, Tegra SD/MMC: 2
+C:   Tegra SD/MMC: 0, Tegra SD/MMC: 1, Tegra SD/MMC: 2
 MMC init failed
 Using default environment
 
@@ -14,7 +14,7 @@
 Err:   serial
 Net:   Net Initialization Skipped
 No ethernet found.
-Hit any key to stop autoboot:  2  0 
+Hit any key to stop autoboot:  2  1  0 
 Tegra124 (Nyan-big) # 
 Tegra124 (Nyan-big) # usb start
 starting USB...
@@ -39,20 +39,20 @@
 	 #################################################################
 	 #################################################################
 	 ############################################
-	 3.5 MiB/s
+	 3.6 MiB/s
 done
-Bytes transferred = 5409200 (5289b0 hex)
+Bytes transferred = 5408984 (5288d8 hex)
 Tegra124 (Nyan-big) # tftpboot 0x83000000 tegra124-nyan-big.dtb
 Using asx0 device
 TFTP from server 192.168.100.1; our IP address is 192.168.100.102
 Filename 'tegra124-nyan-big.dtb'.
 Load address: 0x83000000
 Loading: *#####
-	 3.4 MiB/s
+	 2.7 MiB/s
 done
 Bytes transferred = 66821 (10505 hex)
 Tegra124 (Nyan-big) # bootz 0x82000000 - 0x83000000
-Kernel image @ 0x82000000 [ 0x000000 - 0x5289b0 ]
+Kernel image @ 0x82000000 [ 0x000000 - 0x5288d8 ]
 ## Flattened Device Tree blob at 83000000
    Booting using the fdt blob at 0x83000000
    Using Device Tree in place at 83000000, end 83013504
@@ -138,18 +138,63 @@
 mmc0: SDHCI controller on 700b0600.sdhci [700b0600.sdhci] using ADMA 64-bit
 usbcore: registered new interface driver usbhid
 usbhid: USB HID core driver
+BUG: scheduling while atomic: kworker/0:1/37/0x00000002
+Modules linked in:
+CPU: 0 PID: 37 Comm: kworker/0:1 Not tainted 4.7.0-next-20160803-109946-g7a4be45 #1
+Hardware name: NVIDIA Tegra SoC (Flattened Device Tree)
+Workqueue: events_freezable mmc_rescan
+[<c010f320>] (unwind_backtrace) from [<c010a8a0>] (show_stack+0x10/0x14)
+[<c010a8a0>] (show_stack) from [<c0343a9c>] (dump_stack+0x84/0xa4)
+[<c0343a9c>] (dump_stack) from [<c01b0238>] (__schedule_bug+0x60/0x80)
+[<c01b0238>] (__schedule_bug) from [<c0806a60>] (__schedule+0x550/0x634)
+[<c0806a60>] (__schedule) from [<c0806d5c>] (schedule+0x50/0xc0)
+[<c0806d5c>] (schedule) from [<c0806fb8>] (schedule_preempt_disabled+0x24/0x40)
+[<c0806fb8>] (schedule_preempt_disabled) from [<c0809634>] (__mutex_lock_slowpath+0x17c/0x3dc)
+[<c0809634>] (__mutex_lock_slowpath) from [<c08098a0>] (mutex_lock+0xc/0x24)
+[<c08098a0>] (mutex_lock) from [<c05d7750>] (clk_prepare_lock+0x3c/0xe4)
+[<c05d7750>] (clk_prepare_lock) from [<c05d9c68>] (clk_set_rate+0x14/0x30)
+[<c05d9c68>] (clk_set_rate) from [<c05bbea4>] (tegra_sdhci_set_clock+0x28/0xdc)
+[<c05bbea4>] (tegra_sdhci_set_clock) from [<c05baff8>] (sdhci_set_ios+0x33c/0x62c)
+[<c05baff8>] (sdhci_set_ios) from [<c05a4488>] (mmc_set_bus_mode+0x18/0x1c)
+[<c05a4488>] (mmc_set_bus_mode) from [<c05a8e7c>] (mmc_attach_mmc+0xcc/0x154)
+[<c05a8e7c>] (mmc_attach_mmc) from [<c05a5408>] (mmc_rescan+0x274/0x34c)
+[<c05a5408>] (mmc_rescan) from [<c0133f70>] (process_one_work+0x120/0x32c)
+[<c0133f70>] (process_one_work) from [<c01341e0>] (worker_thread+0x2c/0x4b4)
+[<c01341e0>] (worker_thread) from [<c0139318>] (kthread+0xd8/0xf4)
+[<c0139318>] (kthread) from [<c0107978>] (ret_from_fork+0x14/0x3c)
 tegra30-i2s 70301100.i2s: DMA channels sourced from device 70300000.ahub
+BUG: scheduling while atomic: kworker/0:1/37/0x00000000
+Modules linked in:
+CPU: 0 PID: 37 Comm: kworker/0:1 Tainted: G        W       4.7.0-next-20160803-109946-g7a4be45 #1
+Hardware name: NVIDIA Tegra SoC (Flattened Device Tree)
+Workqueue: events_freezable mmc_rescan
+[<c010f320>] (unwind_backtrace) from [<c010a8a0>] (show_stack+0x10/0x14)
+[<c010a8a0>] (show_stack) from [<c0343a9c>] (dump_stack+0x84/0xa4)
+[<c0343a9c>] (dump_stack) from [<c01b0238>] (__schedule_bug+0x60/0x80)
+[<c01b0238>] (__schedule_bug) from [<c0806a60>] (__schedule+0x550/0x634)
+[<c0806a60>] (__schedule) from [<c0806d5c>] (schedule+0x50/0xc0)
+[<c0806d5c>] (schedule) from [<c080ac08>] (schedule_timeout+0x230/0x320)
+[<c080ac08>] (schedule_timeout) from [<c0807698>] (wait_for_common+0xbc/0x148)
+[<c0807698>] (wait_for_common) from [<c05a3154>] (mmc_wait_for_req+0xc0/0x154)
+[<c05a3154>] (mmc_wait_for_req) from [<c05a325c>] (mmc_wait_for_cmd+0x74/0x94)
+[<c05a325c>] (mmc_wait_for_cmd) from [<c05a98ec>] (mmc_send_op_cond+0x98/0xec)
+[<c05a98ec>] (mmc_send_op_cond) from [<c05a8de8>] (mmc_attach_mmc+0x38/0x154)
+[<c05a8de8>] (mmc_attach_mmc) from [<c05a5408>] (mmc_rescan+0x274/0x34c)
+[<c05a5408>] (mmc_rescan) from [<c0133f70>] (process_one_work+0x120/0x32c)
+[<c0133f70>] (process_one_work) from [<c01341e0>] (worker_thread+0x2c/0x4b4)
+[<c01341e0>] (worker_thread) from [<c0139318>] (kthread+0xd8/0xf4)
+[<c0139318>] (kthread) from [<c0107978>] (ret_from_fork+0x14/0x3c)
 max98090 0-0010: MAX98090 REVID=0x43
 max98090 0-0010: use default 2.8v micbias
+tegra-snd-max98090 sound: HiFi <-> 70301100.i2s mapping ok
+input: GoogleNyanBig Headphones as /devices/soc0/sound/sound/card1/input1
+input: GoogleNyanBig Mic Jack as /devices/soc0/sound/sound/card1/input2
 mmc0: new high speed MMC card at address 0001
 mmcblk0: mmc0:0001 MMC16G 14.4 GiB 
 mmcblk0boot0: mmc0:0001 MMC16G partition 1 2.00 MiB
 mmcblk0boot1: mmc0:0001 MMC16G partition 2 2.00 MiB
 mmcblk0rpmb: mmc0:0001 MMC16G partition 3 128 KiB
  mmcblk0: p1 p2 p3 p4 p5 p6 p7 p8 p9 p10 p11 p12
-tegra-snd-max98090 sound: HiFi <-> 70301100.i2s mapping ok
-input: GoogleNyanBig Headphones as /devices/soc0/sound/sound/card1/input1
-input: GoogleNyanBig Mic Jack as /devices/soc0/sound/sound/card1/input2
 NET: Registered protocol family 10
 mip6: Mobile IPv6
 sit: IPv6, IPv4 and MPLS over IPv4 tunneling driver
@@ -177,9 +222,9 @@
 +5V_VDD_TS_SW: supplied by +5V_SYS
 +5V_USB_HS: supplied by +5V_SYS
 +5V_USB_SS: supplied by +5V_SYS
+input: tegra-hda HDMI/DP,pcm=3 as /devices/soc0/70030000.hda/sound/card0/input3
 +3.3V_PANEL: supplied by +3.3V_RUN
 +3.3V_LP0: supplied by +3.3V_SYS
-input: tegra-hda HDMI/DP,pcm=3 as /devices/soc0/70030000.hda/sound/card0/input3
 +1.05V_RUN_AVDD_HDMI_PLL: supplied by +1.05V_RUN
 +5V_HDMI_CON: supplied by +5V_SYS
 usb3-0 supply vbus not found, using dummy regulator
@@ -224,7 +269,7 @@
 drm drm: fb0:  frame buffer device
 [drm] Initialized tegra 0.0.0 20120330 on minor 0
 input: gpio-keys as /devices/soc0/gpio-keys/input/input4
-as3722-rtc as3722-rtc: setting system clock to 2000-01-01 17:19:03 UTC (946747143)
+as3722-rtc as3722-rtc: setting system clock to 2000-01-01 00:00:25 UTC (946684825)
 +1.8V_RUN_CAM: disabling
 +1.2V_RUN_CAM_FRONT: disabling
 +1.05V_RUN_CAM_REAR: disabling
@@ -243,10 +288,10 @@
 VFS: Mounted root (ext4 filesystem) on device 179:3.
 devtmpfs: mounted
 Freeing unused kernel memory: 1024K (c0c00000 - c0d00000)
+usb 1-3: new high-speed USB device number 3 using tegra-xusb
 bash: cannot set terminal process group (-1): Inappropriate ioctl for device
 bash: no job control in this shell
-root@(none):/# [    5.674641] usb 1-3: new high-speed USB device number 3 using tegra-xusb
-asix 1-3:1.0 eth0: register 'asix' at usb-70090000.usb-3, ASIX AX88772 USB 2.0 Ethernet, c8:d7:19:90:fa:65
+root@(none):/# [    7.047538] asix 1-3:1.0 eth0: register 'asix' at usb-70090000.usb-3, ASIX AX88772 USB 2.0 Ethernet, c8:d7:19:90:fa:65
 usb 1-1: new high-speed USB device number 4 using tegra-xusb
 usb-storage 1-1:1.0: USB Mass Storage device detected
 scsi host0: usb-storage 1-1:1.0
Diff for ./tegra132-norrin/tegra132-norrin/defconfig_log.txt
--- /tmp/fooa	2016-08-02 23:11:05.285410376 -0700
+++ /tmp/foob	2016-08-02 23:11:05.289410381 -0700
@@ -31,7 +31,7 @@
 MSENC clock is set to  79200 KHz
 Vde clock is set to 204000 KHz
 
-Bootloader-Cpu Init at (time stamp): 1801242 us
+Bootloader-Cpu Init at (time stamp): 1800568 us
 
 Pinmux changes applied in kernel way
 
@@ -59,25 +59,25 @@
 The proc BoardInfo: 0x0176:0x0001:0x01:0x43:0x00
 FastbootAddAtag: setting ATAG (0)
 
-Board Id Read Time: 3 us
+Board Id Read Time: 4 us
 Power Rail enable Time: 1 us
 
-Miscellaneous avp time: 1801216  us
-Bootloader (AosInit) time: 735148 us
-Bootloader Main Init time: 180090 us
-BlockDevMgrInit time: 157529 us
+Miscellaneous avp time: 1800541  us
+Bootloader (AosInit) time: 733490 us
+Bootloader Main Init time: 180192 us
+BlockDevMgrInit time: 157564 us
 PartMgrInit time: 8 us
-StorMgrInit time: 30 us
+StorMgrInit time: 31 us
 FsMgrInit time: 2 us
-Partition Table load: 76643 us 
-Display init time: 574933 us
-Kernel read time: 368 msec
-Load Kernel Size:   16068608 Bytes
-Bl Kernel ReadSpeed: 43664000 Bytes/sec
-Pre-Kernel Jump time: 1717827 us
-Clearing 32 Bit State and Warm resetting to 64bit mode: 5812927 us
+Partition Table load: 77060 us 
+Display init time: 574337 us
+Kernel read time: 371 msec
+Load Kernel Size:   16066560 Bytes
+Bl Kernel ReadSpeed: 43306000 Bytes/sec
+Pre-Kernel Jump time: 1717740 us
+Clearing 32 Bit State and Warm resetting to 64bit mode: 5812895 us
 Booting Linux on physical CPU 0x0
-Linux version 4.7.0-next-20160802+ (pwalmsley@tamien) (gcc version 4.9.2 20140904 (prerelease) (crosstool-NG linaro-1.13.1-4.9-2014.09 - Linaro GCC 4.9-2014.09) ) #1 SMP PREEMPT Mon Aug 1 21:38:31 PDT 2016
+Linux version 4.7.0-next-20160803+ (pwalmsley@tamien) (gcc version 4.9.2 20140904 (prerelease) (crosstool-NG linaro-1.13.1-4.9-2014.09 - Linaro GCC 4.9-2014.09) ) #1 SMP PREEMPT Tue Aug 2 23:05:41 PDT 2016
 Boot CPU: AArch64 Processor [4e0f0000]
 Memory limited to 1734MB
 efi: Getting EFI parameters from FDT:
@@ -91,15 +91,15 @@
 PID hash table entries: 4096 (order: 3, 32768 bytes)
 Dentry cache hash table entries: 262144 (order: 9, 2097152 bytes)
 Inode-cache hash table entries: 131072 (order: 8, 1048576 bytes)
-Memory: 1706952K/1775616K available (7868K kernel code, 777K rwdata, 3688K rodata, 960K init, 271K bss, 52280K reserved, 16384K cma-reserved)
+Memory: 1706956K/1775616K available (7868K kernel code, 776K rwdata, 3688K rodata, 960K init, 268K bss, 52276K reserved, 16384K cma-reserved)
 Virtual kernel memory layout:
     modules : 0xffff000000000000 - 0xffff000008000000   (   128 MB)
     vmalloc : 0xffff000008000000 - 0xffff7dffbfff0000   (129022 GB)
       .text : 0xffff000008080000 - 0xffff000008830000   (  7872 KB)
     .rodata : 0xffff000008830000 - 0xffff000008bd0000   (  3712 KB)
       .init : 0xffff000008bd0000 - 0xffff000008cc0000   (   960 KB)
-      .data : 0xffff000008cc0000 - 0xffff000008d82400   (   777 KB)
-       .bss : 0xffff000008d82400 - 0xffff000008dc60b8   (   272 KB)
+      .data : 0xffff000008cc0000 - 0xffff000008d82000   (   776 KB)
+       .bss : 0xffff000008d82000 - 0xffff000008dc50b8   (   269 KB)
     fixed   : 0xffff7dfffe7fd000 - 0xffff7dfffec00000   (  4108 KB)
     PCI I/O : 0xffff7dfffee00000 - 0xffff7dffffe00000   (    16 MB)
     vmemmap : 0xffff7e0000000000 - 0xffff800000000000   (  2048 GB maximum)
@@ -113,7 +113,7 @@
 NR_IRQS:64 nr_irqs:64 0
 /interrupt-controller@60004000: 160 interrupts forwarded to /interrupt-controller@50041000
 Tegra clk 127: register failed with -17
-Architected cp15 timer(s) running at 12.00MHz (virt).
+arm_arch_timer: Architected cp15 timer(s) running at 12.00MHz (virt).
 clocksource: arch_sys_counter: mask: 0xffffffffffffff max_cycles: 0x2c47f4ee7, max_idle_ns: 440795202497 ns
 sched_clock: 56 bits at 12MHz, resolution 83ns, wraps every 4398046511096ns
 Console: colour dummy device 80x25
@@ -184,7 +184,7 @@
 kvm [1]: HYP mode not available
 futex hash table entries: 256 (order: 3, 32768 bytes)
 audit: initializing netlink subsys (disabled)
-audit: type=2000 audit(1.075:1): initialized
+audit: type=2000 audit(1.119:1): initialized
 workingset: timestamp_bits=46 max_order=19 bucket_order=0
 squashfs: version 4.0 (2009/01/31) Phillip Lougher
 NFS: Registering the id_resolver key type
@@ -251,8 +251,6 @@
 mmc0: new high speed MMC card at address 0001
 registered taskstats version 1
 +VDD_LED: supplied by +VDD_MUX
-mmcblk0: mmc0:0001 SEM16G 14.7 GiB 
-mmcblk0boot0: mmc0:0001 SEM16G partition 1 4.00 MiB
 +5V_USB_HS: supplied by +5V_SYS
 +5V_USB_SS: supplied by +5V_SYS
 +5V_HDMI_CON: supplied by +5V_SYS
@@ -271,6 +269,8 @@
 ALSA device list:
   No soundcards found.
 Freeing unused kernel memory: 960K (ffff800000bd0000 - ffff800000cc0000)
+mmcblk0: mmc0:0001 SEM16G 14.7 GiB 
+mmcblk0boot0: mmc0:0001 SEM16G partition 1 4.00 MiB
 mmcblk0boot1: mmc0:0001 SEM16G partition 2 4.00 MiB
 mmcblk0rpmb: mmc0:0001 SEM16G partition 3 4.00 MiB
  mmcblk0: p1 p2 p3 p4 p5 p6 p7 p8
Diff for ./tegra20-trimslice/tegra20-trimslice/multi_v7_defconfig_log.txt
--- /tmp/fooa	2016-08-02 23:11:05.305410397 -0700
+++ /tmp/foob	2016-08-02 23:11:05.309410401 -0700
@@ -47,20 +47,20 @@
 	 #################################################################
 	 #################################################################
 	 ############################
-	 4.1 MiB/s
+	 898.4 KiB/s
 done
-Bytes transferred = 7089800 (6c2e88 hex)
+Bytes transferred = 7089040 (6c2b90 hex)
 Tegra20 (TrimSlice) # tftpboot 0x02408000 tegra20-trimslice.dtb
 Using RTL8169#0 device
 TFTP from server 192.168.100.1; our IP address is 192.168.100.103
 Filename 'tegra20-trimslice.dtb'.
 Load address: 0x2408000
 Loading: *##
-	 3.4 MiB/s
+	 861.3 KiB/s
 done
 Bytes transferred = 21172 (52b4 hex)
 Tegra20 (TrimSlice) # bootz 0x00408000 - 0x02408000
-Kernel image @ 0x408000 [ 0x000000 - 0x6c2e88 ]
+Kernel image @ 0x408000 [ 0x000000 - 0x6c2b90 ]
 ## Flattened Device Tree blob at 02408000
    Booting using the fdt blob at 0x2408000
    Using Device Tree in place at 02408000, end 024102b3
@@ -68,7 +68,7 @@
 Starting kernel ...
 
 Booting Linux on physical CPU 0x0
-Linux version 4.7.0-next-20160802-109977-g4ca39e9 (pwalmsley@sellafield) (gcc version 4.7.3 20130328 (prerelease) (crosstool-NG linaro-1.13.1-4.7-2013.04-20130415 - Linaro GCC 2013.04) ) #1 SMP Mon Aug 1 21:35:27 PDT 2016
+Linux version 4.7.0-next-20160803-109946-g7a4be45 (pwalmsley@sellafield) (gcc version 4.7.3 20130328 (prerelease) (crosstool-NG linaro-1.13.1-4.7-2013.04-20130415 - Linaro GCC 2013.04) ) #1 SMP Tue Aug 2 23:03:09 PDT 2016
 CPU: ARMv7 Processor [411fc090] revision 0 (ARMv7), cr=10c5387d
 CPU: PIPT / VIPT nonaliasing data cache, VIPT aliasing instruction cache
 OF: fdt:Machine model: Compulab TrimSlice board
@@ -76,7 +76,7 @@
 cma: Reserved 64 MiB at 0x3c000000
 Memory policy: Data cache writealloc
 On node 0 totalpages: 262144
-free_area_init_node: node 0, pgdat c141d200, node_mem_map ef7fa000
+free_area_init_node: node 0, pgdat c141cf00, node_mem_map ef7fa000
   DMA zone: 1536 pages used for memmap
   DMA zone: 0 pages reserved
   DMA zone: 196608 pages, LIFO batch:31
@@ -89,7 +89,7 @@
 PID hash table entries: 4096 (order: 2, 16384 bytes)
 Dentry cache hash table entries: 131072 (order: 7, 524288 bytes)
 Inode-cache hash table entries: 65536 (order: 6, 262144 bytes)
-Memory: 955924K/1048576K available (9216K kernel code, 1148K rwdata, 3976K rodata, 2048K init, 343K bss, 27116K reserved, 65536K cma-reserved, 196608K highmem)
+Memory: 955928K/1048576K available (9216K kernel code, 1147K rwdata, 3976K rodata, 2048K init, 343K bss, 27112K reserved, 65536K cma-reserved, 196608K highmem)
 Virtual kernel memory layout:
     vector  : 0xffff0000 - 0xffff1000   (   4 kB)
     fixmap  : 0xffc00000 - 0xfff00000   (3072 kB)
@@ -99,8 +99,8 @@
     modules : 0xbf000000 - 0xbfe00000   (  14 MB)
       .text : 0xc0208000 - 0xc0c00000   (10208 kB)
       .init : 0xc1100000 - 0xc1300000   (2048 kB)
-      .data : 0xc1300000 - 0xc141f080   (1149 kB)
-       .bss : 0xc1421000 - 0xc1476c08   ( 344 kB)
+      .data : 0xc1300000 - 0xc141ed80   (1148 kB)
+       .bss : 0xc1420000 - 0xc1475c08   ( 344 kB)
 SLUB: HWalign=64, Order=0-3, MinObjects=0, CPUs=2, Nodes=1
 Hierarchical RCU implementation.
 	Build-time adjustment of leaf fanout to 32.
@@ -322,13 +322,13 @@
 tegra-ehci c5000000.usb: new USB bus registered, assigned bus number 2
 tegra-ehci c5000000.usb: irq 288, io mem 0xc5000000
 usb 1-1: new high-speed USB device number 2 using tegra-ehci
+mmc0: host does not support reading read-only switch, assuming write-enable
 tegra-ehci c5000000.usb: USB 2.0 started, EHCI 1.00
 hub 2-0:1.0: USB hub found
 hub 2-0:1.0: 1 port detected
 input: gpio-keys as /devices/soc0/gpio-keys/input/input0
-rtc-em3027 2-0056: setting system clock to 2015-02-03 23:33:27 UTC (1423006407)
+rtc-em3027 2-0056: setting system clock to 2015-02-04 16:35:51 UTC (1423067751)
 Waiting for root device PARTUUID=11eb23c1-01...
-mmc0: host does not support reading read-only switch, assuming write-enable
 mmc0: new high speed SDHC card at address b368
 mmcblk0: mmc0:b368 NCard 3.70 GiB 
  mmcblk0: p1
Diff for ./tegra20-trimslice/tegra20-trimslice/tegra_defconfig_log.txt
--- /tmp/fooa	2016-08-02 23:11:05.313410405 -0700
+++ /tmp/foob	2016-08-02 23:11:05.317410409 -0700
@@ -45,20 +45,20 @@
 	 #################################################################
 	 #################################################################
 	 ############################################
-	 904.3 KiB/s
+	 897.5 KiB/s
 done
-Bytes transferred = 5409200 (5289b0 hex)
+Bytes transferred = 5408984 (5288d8 hex)
 Tegra20 (TrimSlice) # tftpboot 0x02408000 tegra20-trimslice.dtb
 Using RTL8169#0 device
 TFTP from server 192.168.100.1; our IP address is 192.168.100.103
 Filename 'tegra20-trimslice.dtb'.
 Load address: 0x2408000
 Loading: *##
-	 898.4 KiB/s
+	 861.3 KiB/s
 done
 Bytes transferred = 21172 (52b4 hex)
 Tegra20 (TrimSlice) # bootz 0x00408000 - 0x02408000
-Kernel image @ 0x408000 [ 0x000000 - 0x5289b0 ]
+Kernel image @ 0x408000 [ 0x000000 - 0x5288d8 ]
 ## Flattened Device Tree blob at 02408000
    Booting using the fdt blob at 0x2408000
    Using Device Tree in place at 02408000, end 024102b3
@@ -67,7 +67,7 @@
 
 Uncompressing Linux... done, booting the kernel.
 Booting Linux on physical CPU 0x0
-Linux version 4.7.0-next-20160802-109977-g4ca39e9 (pwalmsley@kaivo) (gcc version 4.7.3 20130328 (prerelease) (crosstool-NG linaro-1.13.1-4.7-2013.04-20130415 - Linaro GCC 2013.04) ) #1 SMP PREEMPT Mon Aug 1 21:35:26 PDT 2016
+Linux version 4.7.0-next-20160803-109946-g7a4be45 (pwalmsley@kaivo) (gcc version 4.7.3 20130328 (prerelease) (crosstool-NG linaro-1.13.1-4.7-2013.04-20130415 - Linaro GCC 2013.04) ) #1 SMP PREEMPT Tue Aug 2 23:03:10 PDT 2016
 CPU: ARMv7 Processor [411fc090] revision 0 (ARMv7), cr=10c5387d
 CPU: PIPT / VIPT nonaliasing data cache, VIPT aliasing instruction cache
 OF: fdt:Machine model: Compulab TrimSlice board
@@ -304,13 +304,13 @@
 tlv320aic23-codec 2-001a: ASoC: Failed to add route RLINEIN -> NULL -> Line Input
 tlv320aic23-codec 2-001a: Control not supported for path MICIN -> [NULL] -> Mic Input
 tlv320aic23-codec 2-001a: ASoC: no dapm match for MICIN --> NULL --> Mic Input
+tlv320aic23-codec 2-001a: ASoC: Failed to add route MICIN -> NULL -> Mic Input
+tegra-snd-trimslice sound: tlv320aic23-hifi <-> 70002800.i2s mapping ok
+usb 1-1: new high-speed USB device number 2 using tegra-ehci
 mmc0: host does not support reading read-only switch, assuming write-enable
 mmc0: new high speed SDHC card at address b368
 mmcblk0: mmc0:b368 NCard 3.70 GiB 
  mmcblk0: p1
-usb 1-1: new high-speed USB device number 2 using tegra-ehci
-tlv320aic23-codec 2-001a: ASoC: Failed to add route MICIN -> NULL -> Mic Input
-tegra-snd-trimslice sound: tlv320aic23-hifi <-> 70002800.i2s mapping ok
 mmc1: new high speed SD card at address b368
 mmcblk1: mmc1:b368 NCard 1.83 GiB (ro)
  mmcblk1: p1 p2
@@ -335,7 +335,6 @@
 Bluetooth: HIDP socket layer initialized
 Key type dns_resolver registered
 Registering SWP/SWPB emulation handler
-utmi_phy_clk_enable: timeout waiting for phy to stabilize
 tegra-ehci c5000000.usb: EHCI Host Controller
 tegra-ehci c5000000.usb: new USB bus registered, assigned bus number 2
 tegra-ehci c5000000.usb: irq 288, io mem 0xc5000000
@@ -343,7 +342,7 @@
 hub 2-0:1.0: USB hub found
 hub 2-0:1.0: 1 port detected
 input: gpio-keys as /devices/soc0/gpio-keys/input/input0
-rtc-em3027 2-0056: setting system clock to 2015-02-03 23:35:00 UTC (1423006500)
+rtc-em3027 2-0056: setting system clock to 2015-02-04 16:37:20 UTC (1423067840)
 ALSA device list:
   #0: tegra-trimslice
 asix 1-1.2:1.0 eth1: register 'asix' at usb-c5008000.usb-1.2, ASIX AX88772 USB 2.0 Ethernet, 00:60:6e:60:6c:68
Diff for ./tegra210-p2371-0000/tegra210-p2371-0000/defconfig_log.txt
--- /tmp/fooa	2016-08-02 23:11:05.325410417 -0700
+++ /tmp/foob	2016-08-02 23:11:05.325410417 -0700
@@ -64,17 +64,17 @@
 Loading and Validation of Secure OS Successful
 NvTbootPackSdramParams: start. 
 NvTbootPackSdramParams: done. 
-Tegraboot started after 719827 us
-Basic modules init took 349095 us
-Sec Bootdevice Read Time = 202 ms, Read Size = 8459 KB
-Next stage binary read took 14371 us
-Carveout took 252717 us
-CPU initialization took 92313 us
-Total time taken by TegraBoot 708496 us
+Tegraboot started after 805515 us
+Basic modules init took 348522 us
+Sec Bootdevice Read Time = 203 ms, Read Size = 8459 KB
+Next stage binary read took 14382 us
+Carveout took 253795 us
+CPU initialization took 92332 us
+Total time taken by TegraBoot 709031 us
 
 Starting CPU & Halting co-processor 
 
-64b[0001.560] LPDDR4 Training: Number of tables = 10
+64b[0001.644] LPDDR4 Training: Number of tables = 10
 EMC Training (SRC-freq: 204000; DST-freq: 408000)
 EMC Training Successful
 EMC Training (SRC-freq: 204000; DST-freq: 665600)
@@ -108,7 +108,7 @@
 Tegra210 (P2371-0000) # 
 Tegra210 (P2371-0000) # ums 0 mmc 0
 UMS: disk start sector: 0x0, count: 0x1d5a000
-|/-\|/-\/-\|/-\/-\|/-\/-\|/-\/-\|/-\/-\|/-\/-\|/-\/-\|/-\/-\|/-\/-\|/-\/-\|/-\/-CTRL+C - Operation aborted
+|/-\|/-\/-\|/-\/-\|/-\/-\|/-\/-\|/-\/-\|/-\/-\|/-\/-\|/-\/-\CTRL+C - Operation aborted
 Tegra210 (P2371-0000) # 
 Tegra210 (P2371-0000) # env set fdt_copy_node_names /cpus:/psci
 Tegra210 (P2371-0000) # setenv rootpart 1
@@ -117,11 +117,11 @@
 Tegra210 (P2371-0000) # part uuid ${devtype} ${devnum}:${rootpart} uuid
 Tegra210 (P2371-0000) # setenv bootargs ignore_loglevel console=ttyS0,115200n8 earlycon=uart8250,mmio32,0x70006000 rw root=PARTUUID=00000000-0001-0000-788f-a75600000000 rootwait debug earlyprintk init=/bin/bash
 Tegra210 (P2371-0000) # load ${devtype} ${devnum}:${rootpart} ${kernel_addr_r} /boot/Image.defconfig
-13640704 bytes read in 766 ms (17 MiB/s)
+13639680 bytes read in 765 ms (17 MiB/s)
 Tegra210 (P2371-0000) # load ${devtype} ${devnum}:${rootpart} ${fdt_addr_r} /boot/tegra210-p2371-0000.dtb
-41182 bytes read in 453 ms (87.9 KiB/s)
+41182 bytes read in 455 ms (87.9 KiB/s)
 Tegra210 (P2371-0000) # load ${devtype} ${devnum}:${rootpart} ${ramdisk_addr_r} /boot/tegra-ramdisk.img
-1627787 bytes read in 496 ms (3.1 MiB/s)
+1627787 bytes read in 513 ms (3 MiB/s)
 Tegra210 (P2371-0000) # ramdisk_size=${filesize}
 Tegra210 (P2371-0000) # booti ${kernel_addr_r} - ${fdt_addr_r}
 ## Flattened Device Tree blob at 82000000
@@ -131,7 +131,7 @@
 Starting kernel ...
 
 Booting Linux on physical CPU 0x0
-Linux version 4.7.0-next-20160802+ (pwalmsley@tamien) (gcc version 4.9.2 20140904 (prerelease) (crosstool-NG linaro-1.13.1-4.9-2014.09 - Linaro GCC 4.9-2014.09) ) #1 SMP PREEMPT Mon Aug 1 21:38:31 PDT 2016
+Linux version 4.7.0-next-20160803+ (pwalmsley@tamien) (gcc version 4.9.2 20140904 (prerelease) (crosstool-NG linaro-1.13.1-4.9-2014.09 - Linaro GCC 4.9-2014.09) ) #1 SMP PREEMPT Tue Aug 2 23:05:41 PDT 2016
 Boot CPU: AArch64 Processor [411fd071]
 debug: ignoring loglevel setting.
 earlycon: uart8250 at MMIO32 0x0000000070006000 (options '')
@@ -166,15 +166,15 @@
 Dentry cache hash table entries: 524288 (order: 10, 4194304 bytes)
 Inode-cache hash table entries: 262144 (order: 9, 2097152 bytes)
 software IO TLB [mem 0xfa000000-0xfe000000] (64MB) mapped at [ffff80007a000000-ffff80007dffffff]
-Memory: 2979312K/3131392K available (7868K kernel code, 777K rwdata, 3688K rodata, 960K init, 271K bss, 135696K reserved, 16384K cma-reserved)
+Memory: 2979316K/3131392K available (7868K kernel code, 776K rwdata, 3688K rodata, 960K init, 268K bss, 135692K reserved, 16384K cma-reserved)
 Virtual kernel memory layout:
     modules : 0xffff000000000000 - 0xffff000008000000   (   128 MB)
     vmalloc : 0xffff000008000000 - 0xffff7dffbfff0000   (129022 GB)
       .text : 0xffff000008080000 - 0xffff000008830000   (  7872 KB)
     .rodata : 0xffff000008830000 - 0xffff000008bd0000   (  3712 KB)
       .init : 0xffff000008bd0000 - 0xffff000008cc0000   (   960 KB)
-      .data : 0xffff000008cc0000 - 0xffff000008d82400   (   777 KB)
-       .bss : 0xffff000008d82400 - 0xffff000008dc60b8   (   272 KB)
+      .data : 0xffff000008cc0000 - 0xffff000008d82000   (   776 KB)
+       .bss : 0xffff000008d82000 - 0xffff000008dc50b8   (   269 KB)
     fixed   : 0xffff7dfffe7fd000 - 0xffff7dfffec00000   (  4108 KB)
     PCI I/O : 0xffff7dfffee00000 - 0xffff7dffffe00000   (    16 MB)
     vmemmap : 0xffff7e0000000000 - 0xffff800000000000   (  2048 GB maximum)
@@ -194,7 +194,7 @@
 PLL_X already enabled. Postponing set full defaults
 boot misc1 0x0: expected 0x20
  (comparison mask = 0xffffff)
-Architected cp15 timer(s) running at 19.20MHz (phys).
+arm_arch_timer: Architected cp15 timer(s) running at 19.20MHz (phys).
 clocksource: arch_sys_counter: mask: 0xffffffffffffff max_cycles: 0x46d987e47, max_idle_ns: 440795202767 ns
 sched_clock: 56 bits at 19MHz, resolution 52ns, wraps every 4398046511078ns
 Console: colour dummy device 80x25
@@ -257,7 +257,7 @@
 RPC: Registered tcp transport module.
 RPC: Registered tcp NFSv4.1 backchannel transport module.
 PCI: CLS 0 bytes, default 128
-kvm [1]: IDMAP page: 80819000
+kvm [1]: IDMAP page: 80818000
 kvm [1]: HYP VA range: 800000000000:ffffffffffff
 kvm [1]: 8-bit VMID
 kvm [1]: Hyp mode initialized successfully
@@ -266,7 +266,7 @@
 kvm [1]: virtual timer IRQ4
 futex hash table entries: 1024 (order: 5, 131072 bytes)
 audit: initializing netlink subsys (disabled)
-audit: type=2000 audit(0.487:1): initialized
+audit: type=2000 audit(0.455:1): initialized
 workingset: timestamp_bits=46 max_order=20 bucket_order=0
 squashfs: version 4.0 (2009/01/31) Phillip Lougher
 NFS: Registering the id_resolver key type
@@ -346,6 +346,6 @@
 devtmpfs: mounted
 Freeing unused kernel memory: 960K (ffff800000bd0000 - ffff800000cc0000)
 bash: cannot set terminal process group (-1): Inappropriate ioctl for device
-bash: no job contr[    1.352556] random: fast init done
+bash: no job contr[    1.346225] random: fast init done
 ol in this shell
 root@(none):/# 
\ No newline at end of file
Diff for ./tegra210-smaug/tegra210-smaug/defconfig_log.txt
--- /tmp/fooa	2016-08-02 23:11:05.329410421 -0700
+++ /tmp/foob	2016-08-02 23:11:05.333410425 -0700
@@ -1,5 +1,78 @@
+')
+bootconsole [uart0] enabled
+efi: Getting EFI parameters from FDT:
+efi: UEFI not found.
+cma: Reserved 16 MiB at 0x00000000f5400000
+psci: probing for conduit method from DT.
+psci: PSCIv1.0 detected in firmware.
+psci: Using standard PSCI v0.2 function IDs
+psci: MIGRATE_INFO_UP_CPU reported invalid physical ID (0x80000000)
+percpu: Embedded 21 pages/cpu @ffff8000bff40000 s48256 r8192 d29568 u86016
+Detected PIPT I-cache on CPU0
+CPU features: enabling workaround for ARM erratum 832075
+CPU features: enabling workaround for ARM erratum 834220
+Built 1 zonelists in Zone order, mobility grouping on.  Total pages: 735336
+Kernel command line: cros_secure vpr=0x08000000@0xf6800000 earlycon
+log_buf_len individual max cpu contribution: 4096 bytes
+log_buf_len total cpu_extra contributions: 12288 bytes
+log_buf_len min size: 16384 bytes
+log_buf_len: 32768 bytes
+early log buf free: 14424(88%)
+PID hash table entries: 4096 (order: 3, 32768 bytes)
+Dentry cache hash table entries: 524288 (order: 10, 4194304 bytes)
+Inode-cache hash table entries: 262144 (order: 9, 2097152 bytes)
+software IO TLB [mem 0xf1400000-0xf5400000] (64MB) mapped at [ffff800071400000-ffff8000753fffff]
+Memory: 2833508K/2988032K available (7868K kernel code, 776K rwdata, 3688K rodata, 960K init, 268K bss, 138140K reserved, 16384K cma-reserved)
+Virtual kernel memory layout:
+    modules : 0xffff000000000000 - 0xffff000008000000   (   128 MB)
+    vmalloc : 0xffff000008000000 - 0xffff7dffbfff0000   (129022 GB)
+      .text : 0xffff000008080000 - 0xffff000008830000   (  7872 KB)
+    .rodata : 0xffff000008830000 - 0xffff000008bd0000   (  3712 KB)
+      .init : 0xffff000008bd0000 - 0xffff000008cc0000   (   960 KB)
+      .data : 0xffff000008cc0000 - 0xffff000008d82000   (   776 KB)
+       .bss : 0xffff000008d82000 - 0xffff000008dc50b8   (   269 KB)
+    fixed   : 0xffff7dfffe7fd000 - 0xffff7dfffec00000   (  4108 KB)
+    PCI I/O : 0xffff7dfffee00000 - 0xffff7dffffe00000   (    16 MB)
+    vmemmap : 0xffff7e0000000000 - 0xffff800000000000   (  2048 GB maximum)
+              0xffff7e0000000000 - 0xffff7e0003000000   (    48 MB actual)
+    memory  : 0xffff800000000000 - 0xffff8000c0000000   (  3072 MB)
+SLUB: HWalign=64, Order=0-3, MinObjects=0, CPUs=4, Nodes=1
+Preemptible hierarchical RCU implementation.
+	Build-time adjustment of leaf fanout to 64.
+	RCU restricting CPUs from NR_CPUS=64 to nr_cpu_ids=4.
+RCU: Adjusting geometry for rcu_fanout_leaf=64, nr_cpu_ids=4
+NR_IRQS:64 nr_irqs:64 0
+GIC: Using split EOI/Deactivate mode
+/interrupt-controller@60004000: 192 interrupts forwarded to /interrupt-controller@50041000
+boot misc0 0x0: expected 0x80000
+ (comparison mask = 0x400ffffb)
+boot misc2 0x1f720005: expected 0x1f720f05
+ (comparison mask = 0xffffff17)
+PLL_C already enabled. Postponing set full defaults
+PLL_MB already enabled. Postponing set full defaults
+PLL_U already enabled. Postponing set full defaults
+PLL_D already enabled. Postponing set full defaults
+PLL_DP already enabled. Postponing set full defaults
+boot misc0 0x0: expected 0x20
+ (comparison mask = 0x7ffffff)
+boot misc1 0x90000000: expected 0xc0000000
+ (comparison mask = 0xf8000000)
+boot misc2 0x0: expected 0xf400f0da
+ (comparison mask = 0xffffffff)
+boot misc3 0xcc8: expected 0x2004f400
+ (comparison mask = 0xffffffff)
+PLL_P already enabled. Postponing set full defaults
+PLL_X already enabled. Postponing set full defaults
+boot misc1 0x0: expected 0x20
+ (comparison mask = 0xffffff)
+arm_arch_timer: Architected cp15 timer(s) running at 19.20MHz (phys).
+clocksource: arch_sys_counter: mask: 0xffffffffffffff max_cycles: 0x46d987e47, max_idle_ns: 440795202767 ns
+sched_clock: 56 bits at 19MHz, resolution 52ns, wraps every 4398046511078ns
+Console: colour dummy device 80x25
+console [tty0] enabled
+bootconsole [uart0] disabled
 Booting Linux on physical CPU 0x0
-Linux version 4.7.0-next-20160802+ (pwalmsley@tamien) (gcc version 4.9.2 20140904 (prerelease) (crosstool-NG linaro-1.13.1-4.9-2014.09 - Linaro GCC 4.9-2014.09) ) #1 SMP PREEMPT Mon Aug 1 21:38:31 PDT 2016
+Linux version 4.7.0-next-20160803+ (pwalmsley@tamien) (gcc version 4.9.2 20140904 (prerelease) (crosstool-NG linaro-1.13.1-4.9-2014.09 - Linaro GCC 4.9-2014.09) ) #1 SMP PREEMPT Tue Aug 2 23:05:41 PDT 2016
 Boot CPU: AArch64 Processor [411fd071]
 earlycon: uart0 at MMIO 0x0000000070006000 (options '115200n8')
 bootconsole [uart0] enabled
@@ -25,15 +98,15 @@
 Dentry cache hash table entries: 524288 (order: 10, 4194304 bytes)
 Inode-cache hash table entries: 262144 (order: 9, 2097152 bytes)
 software IO TLB [mem 0xf1400000-0xf5400000] (64MB) mapped at [ffff800071400000-ffff8000753fffff]
-Memory: 2833508K/2988032K available (7868K kernel code, 777K rwdata, 3688K rodata, 960K init, 271K bss, 138140K reserved, 16384K cma-reserved)
+Memory: 2833508K/2988032K available (7868K kernel code, 776K rwdata, 3688K rodata, 960K init, 268K bss, 138140K reserved, 16384K cma-reserved)
 Virtual kernel memory layout:
     modules : 0xffff000000000000 - 0xffff000008000000   (   128 MB)
     vmalloc : 0xffff000008000000 - 0xffff7dffbfff0000   (129022 GB)
       .text : 0xffff000008080000 - 0xffff000008830000   (  7872 KB)
     .rodata : 0xffff000008830000 - 0xffff000008bd0000   (  3712 KB)
       .init : 0xffff000008bd0000 - 0xffff000008cc0000   (   960 KB)
-      .data : 0xffff000008cc0000 - 0xffff000008d82400   (   777 KB)
-       .bss : 0xffff000008d82400 - 0xffff000008dc60b8   (   272 KB)
+      .data : 0xffff000008cc0000 - 0xffff000008d82000   (   776 KB)
+       .bss : 0xffff000008d82000 - 0xffff000008dc50b8   (   269 KB)
     fixed   : 0xffff7dfffe7fd000 - 0xffff7dfffec00000   (  4108 KB)
     PCI I/O : 0xffff7dfffee00000 - 0xffff7dffffe00000   (    16 MB)
     vmemmap : 0xffff7e0000000000 - 0xffff800000000000   (  2048 GB maximum)
@@ -62,13 +135,13 @@
  (comparison mask = 0xf8000000)
 boot misc2 0x0: expected 0xf400f0da
  (comparison mask = 0xffffffff)
-boot misc3 0xb98: expected 0x2004f400
+boot misc3 0xcc8: expected 0x2004f400
  (comparison mask = 0xffffffff)
 PLL_P already enabled. Postponing set full defaults
 PLL_X already enabled. Postponing set full defaults
 boot misc1 0x0: expected 0x20
  (comparison mask = 0xffffff)
-Architected cp15 timer(s) running at 19.20MHz (phys).
+arm_arch_timer: Architected cp15 timer(s) running at 19.20MHz (phys).
 clocksource: arch_sys_counter: mask: 0xffffffffffffff max_cycles: 0x46d987e47, max_idle_ns: 440795202767 ns
 sched_clock: 56 bits at 19MHz, resolution 52ns, wraps every 4398046511078ns
 Console: colour dummy device 80x25
@@ -138,8 +211,8 @@
 RPC: Registered tcp transport module.
 RPC: Registered tcp NFSv4.1 backchannel transport module.
 Unpacking initramfs...
-Freeing initrd memory: 2360K (ffff800009fab000 - ffff80000a1f9000)
-kvm [1]: IDMAP page: 80819000
+Freeing initrd memory: 2364K (ffff800009faa000 - ffff80000a1f9000)
+kvm [1]: IDMAP page: 80818000
 kvm [1]: HYP VA range: 800000000000:ffffffffffff
 kvm [1]: 8-bit VMID
 kvm [1]: Hyp mode initialized successfully
@@ -148,7 +221,7 @@
 kvm [1]: virtual timer IRQ4
 futex hash table entries: 1024 (order: 5, 131072 bytes)
 audit: initializing netlink subsys (disabled)
-audit: type=2000 audit(0.291:1): initialized
+audit: type=2000 audit(0.279:1): initialized
 workingset: timestamp_bits=46 max_order=20 bucket_order=0
 squashfs: version 4.0 (2009/01/31) Phillip Lougher
 NFS: Registering the id_resolver key type
@@ -220,7 +293,7 @@
 registered taskstats version 1
 input: gpio-keys as /devices/platform/gpio-keys/input/input0
 mmc0: new high speed MMC card at address 0001
-max77686-rtc max77620-rtc: setting system clock to 2000-05-13 10:08:50 UTC (958212530)
+max77686-rtc max77620-rtc: setting system clock to 2000-05-14 11:36:11 UTC (958304171)
 mmcblk0: mmc0:0001 BGND3R 29.1 GiB 
 mmcblk0boot0: mmc0:0001 BGND3R partition 1 4.00 MiB
 mmcblk0boot1: mmc0:0001 BGND3R partition 2 4.00 MiB
Diff for ./tegra30-beaver/tegra30-beaver/multi_v7_defconfig_log.txt
--- /tmp/fooa	2016-08-02 23:11:05.341410434 -0700
+++ /tmp/foob	2016-08-02 23:11:05.341410434 -0700
@@ -41,18 +41,18 @@
 	 ############################
 	 3.2 MiB/s
 done
-Bytes transferred = 7089800 (6c2e88 hex)
+Bytes transferred = 7089040 (6c2b90 hex)
 Tegra30 (Beaver) # tftpboot 0x82000000 tegra30-beaver.dtb
 Using asx0 device
 TFTP from server 192.168.100.1; our IP address is 192.168.100.101
 Filename 'tegra30-beaver.dtb'.
 Load address: 0x82000000
 Loading: *####
-	 3.3 MiB/s
+	 2.9 MiB/s
 done
 Bytes transferred = 51572 (c974 hex)
 Tegra30 (Beaver) # bootz 0x81000000 - 0x82000000
-Kernel image @ 0x81000000 [ 0x000000 - 0x6c2e88 ]
+Kernel image @ 0x81000000 [ 0x000000 - 0x6c2b90 ]
 ## Flattened Device Tree blob at 82000000
    Booting using the fdt blob at 0x82000000
    Loading Device Tree to 8fff0000, end 8ffff973 ... OK
@@ -60,7 +60,7 @@
 Starting kernel ...
 
 Booting Linux on physical CPU 0x0
-Linux version 4.7.0-next-20160802-109977-g4ca39e9 (pwalmsley@sellafield) (gcc version 4.7.3 20130328 (prerelease) (crosstool-NG linaro-1.13.1-4.7-2013.04-20130415 - Linaro GCC 2013.04) ) #1 SMP Mon Aug 1 21:35:27 PDT 2016
+Linux version 4.7.0-next-20160803-109946-g7a4be45 (pwalmsley@sellafield) (gcc version 4.7.3 20130328 (prerelease) (crosstool-NG linaro-1.13.1-4.7-2013.04-20130415 - Linaro GCC 2013.04) ) #1 SMP Tue Aug 2 23:03:09 PDT 2016
 CPU: ARMv7 Processor [412fc099] revision 9 (ARMv7), cr=10c5387d
 CPU: PIPT / VIPT nonaliasing data cache, VIPT aliasing instruction cache
 OF: fdt:Machine model: NVIDIA Tegra30 Beaver evaluation board
@@ -68,7 +68,7 @@
 cma: Reserved 64 MiB at 0xfb800000
 Memory policy: Data cache writealloc
 On node 0 totalpages: 524032
-free_area_init_node: node 0, pgdat c141d200, node_mem_map eeffa000
+free_area_init_node: node 0, pgdat c141cf00, node_mem_map eeffa000
   DMA zone: 1536 pages used for memmap
   DMA zone: 0 pages reserved
   DMA zone: 196608 pages, LIFO batch:31
@@ -81,7 +81,7 @@
 PID hash table entries: 4096 (order: 2, 16384 bytes)
 Dentry cache hash table entries: 131072 (order: 7, 524288 bytes)
 Inode-cache hash table entries: 65536 (order: 6, 262144 bytes)
-Memory: 1995020K/2096128K available (9216K kernel code, 1148K rwdata, 3976K rodata, 2048K init, 343K bss, 35572K reserved, 65536K cma-reserved, 1244160K highmem)
+Memory: 1995024K/2096128K available (9216K kernel code, 1147K rwdata, 3976K rodata, 2048K init, 343K bss, 35568K reserved, 65536K cma-reserved, 1244160K highmem)
 Virtual kernel memory layout:
     vector  : 0xffff0000 - 0xffff1000   (   4 kB)
     fixmap  : 0xffc00000 - 0xfff00000   (3072 kB)
@@ -91,8 +91,8 @@
     modules : 0xbf000000 - 0xbfe00000   (  14 MB)
       .text : 0xc0208000 - 0xc0c00000   (10208 kB)
       .init : 0xc1100000 - 0xc1300000   (2048 kB)
-      .data : 0xc1300000 - 0xc141f080   (1149 kB)
-       .bss : 0xc1421000 - 0xc1476c08   ( 344 kB)
+      .data : 0xc1300000 - 0xc141ed80   (1148 kB)
+       .bss : 0xc1420000 - 0xc1475c08   ( 344 kB)
 SLUB: HWalign=64, Order=0-3, MinObjects=0, CPUs=4, Nodes=1
 Hierarchical RCU implementation.
 	Build-time adjustment of leaf fanout to 32.
@@ -306,11 +306,11 @@
 mmcblk1boot0: mmc1:0001 SEM16G partition 1 1.00 MiB
 mmcblk1boot1: mmc1:0001 SEM16G partition 2 1.00 MiB
 mmcblk1rpmb: mmc1:0001 SEM16G partition 3 128 KiB
-mmc0: new ultra high speed DDR50 SDHC card at address aaaa
-mmcblk0: mmc0:aaaa SS04G 3.69 GiB 
-Primary GPT is invalid, using alternate GPT.
 tegra-pcie 3000.pcie-controller: probing port 2, using 2 lanes
+Primary GPT is invalid, using alternate GPT.
  mmcblk1: p1 p2 p3 p4 p5
+mmc0: new ultra high speed DDR50 SDHC card at address aaaa
+mmcblk0: mmc0:aaaa SS04G 3.69 GiB 
  mmcblk0: p1 p2 p3
 tegra-pcie 3000.pcie-controller: link 2 down, retrying
 tegra-pcie 3000.pcie-controller: link 2 down, retrying
@@ -382,4 +382,4 @@
 Freeing unused kernel memory: 2048K (c1100000 - c1300000)
 bash: cannot set terminal process group (-1): Inappropriate ioctl for device
 bash: no job control in this shell
-root@(none):/# [    3.873988] usb 2-1: new high-speed USB device number 2 using tegra-ehci
+root@(none):/# [    3.893606] usb 2-1: new high-speed USB device number 2 using tegra-ehci
Diff for ./tegra30-beaver/tegra30-beaver/tegra_defconfig_log.txt
--- /tmp/fooa	2016-08-02 23:11:05.349410441 -0700
+++ /tmp/foob	2016-08-02 23:11:05.349410441 -0700
@@ -39,7 +39,7 @@
 	 ############################################
 	 3.2 MiB/s
 done
-Bytes transferred = 5409200 (5289b0 hex)
+Bytes transferred = 5408984 (5288d8 hex)
 Tegra30 (Beaver) # tftpboot 0x82000000 tegra30-beaver.dtb
 Using asx0 device
 TFTP from server 192.168.100.1; our IP address is 192.168.100.101
@@ -50,7 +50,7 @@
 done
 Bytes transferred = 51572 (c974 hex)
 Tegra30 (Beaver) # bootz 0x81000000 - 0x82000000
-Kernel image @ 0x81000000 [ 0x000000 - 0x5289b0 ]
+Kernel image @ 0x81000000 [ 0x000000 - 0x5288d8 ]
 ## Flattened Device Tree blob at 82000000
    Booting using the fdt blob at 0x82000000
    Loading Device Tree to 8fff0000, end 8ffff973 ... OK
@@ -59,7 +59,7 @@
 
 Uncompressing Linux... done, booting the kernel.
 Booting Linux on physical CPU 0x0
-Linux version 4.7.0-next-20160802-109977-g4ca39e9 (pwalmsley@kaivo) (gcc version 4.7.3 20130328 (prerelease) (crosstool-NG linaro-1.13.1-4.7-2013.04-20130415 - Linaro GCC 2013.04) ) #1 SMP PREEMPT Mon Aug 1 21:35:26 PDT 2016
+Linux version 4.7.0-next-20160803-109946-g7a4be45 (pwalmsley@kaivo) (gcc version 4.7.3 20130328 (prerelease) (crosstool-NG linaro-1.13.1-4.7-2013.04-20130415 - Linaro GCC 2013.04) ) #1 SMP PREEMPT Tue Aug 2 23:03:10 PDT 2016
 CPU: ARMv7 Processor [412fc099] revision 9 (ARMv7), cr=10c5387d
 CPU: PIPT / VIPT nonaliasing data cache, VIPT aliasing instruction cache
 OF: fdt:Machine model: NVIDIA Tegra30 Beaver evaluation board
@@ -275,10 +275,10 @@
 mmcblk1boot0: mmc1:0001 SEM16G partition 1 1.00 MiB
 mmcblk1boot1: mmc1:0001 SEM16G partition 2 1.00 MiB
 mmcblk1rpmb: mmc1:0001 SEM16G partition 3 128 KiB
-mmc0: new ultra high speed DDR50 SDHC card at address aaaa
-mmcblk0: mmc0:aaaa SS04G 3.69 GiB 
 Primary GPT is invalid, using alternate GPT.
  mmcblk1: p1 p2 p3 p4 p5
+mmc0: new ultra high speed DDR50 SDHC card at address aaaa
+mmcblk0: mmc0:aaaa SS04G 3.69 GiB 
  mmcblk0: p1 p2 p3
 tegra30-i2s 70080400.i2s: DMA channels sourced from device 70080000.ahub
 tegra-snd-rt5640 sound: rt5640-aif1 <-> 70080400.i2s mapping ok
@@ -383,4 +383,5 @@
 Freeing unused kernel memory: 1024K (c0c00000 - c0d00000)
 bash: cannot set terminal process group (-1): Inappropriate ioctl for device
 bash: no job control in this shell
-root@(none):/# [    7.700870] usb 2-1: new high-speed USB device number 2 using tegra-ehci
+usb 2-1: new high-speed USB device number 2 using tegra-ehci
+root@(none):/# 
\ No newline at end of file
