
U-Boot SPL 2014.01-00219-gc4d376f (Feb 18 2014 - 19:57:32)


U-Boot 2014.01-00219-gc4d376f (Feb 18 2014 - 19:57:32)

TEGRA114
Board: NVIDIA Dalmore
I2C:   ready
DRAM:  2 GiB
MMC:   Tegra SD/MMC: 0, Tegra SD/MMC: 1
In:    serial
Out:   serial
Err:   serial
Net:   Net Initialization Skipped
No ethernet found.
Hit any key to stop autoboot:  2  0 
Tegra114 (Dalmore) # 
Tegra114 (Dalmore) # usb reset
(Re)start USB...
USB0:   USB EHCI 1.10
scanning bus 0 for devices... 2 USB Device(s) found
       scanning usb for storage devices... 0 Storage Device(s) found
       scanning usb for ethernet devices... 
Warning: asx0 using MAC address from net device
1 Ethernet Device(s) found
Tegra114 (Dalmore) # setenv bootargs 'ignore_loglevel console=ttyS0,115200n8 rw root=/dev/mmcblk0p1 rootwait gpt debug earlyprintk init=/bin/bash'
Tegra114 (Dalmore) # setenv ipaddr 192.168.100.100; setenv serverip 192.168.100.1; setenv tftpserverip 192.168.100.1
Tegra114 (Dalmore) # tftpboot 0x81000000 zImage.multi_v7_defconfig
Using asx0 device
TFTP from server 192.168.100.1; our IP address is 192.168.100.100
Filename 'zImage.multi_v7_defconfig'.
Load address: 0x81000000
Loading: *#################################################################
	 #################################################################
	 #################################################################
	 #################################################################
	 #################################################################
	 #################################################################
	 #################################################################
	 ######
	 3.3 MiB/s
done
Bytes transferred = 6762144 (672ea0 hex)
Tegra114 (Dalmore) # tftpboot 0x82000000 tegra114-dalmore.dtb
Using asx0 device
TFTP from server 192.168.100.1; our IP address is 192.168.100.100
Filename 'tegra114-dalmore.dtb'.
Load address: 0x82000000
Loading: *###
	 3 MiB/s
done
Bytes transferred = 34894 (884e hex)
Tegra114 (Dalmore) # bootz 0x81000000 - 0x82000000
Kernel image @ 0x81000000 [ 0x000000 - 0x672ea0 ]
## Flattened Device Tree blob at 82000000
   Booting using the fdt blob at 0x82000000
   Loading Device Tree to 8fff4000, end 8ffff84d ... OK

Starting kernel ...

[    0.000000] Booting Linux on physical CPU 0x0
[    0.000000] Linux version 4.4.0-next-20160120-67547-g47a02bf (pwalmsley@sellafield) (gcc version 4.7.3 20130328 (prerelease) (crosstool-NG linaro-1.13.1-4.7-2013.04-20130415 - Linaro GCC 2013.04) ) #1 SMP Wed Jan 20 10:50:30 PST 2016
[    0.000000] CPU: ARMv7 Processor [412fc0f2] revision 2 (ARMv7), cr=10c5387d
[    0.000000] CPU: div instructions available: patching division code
[    0.000000] CPU: PIPT / VIPT nonaliasing data cache, PIPT instruction cache
[    0.000000] Machine model: NVIDIA Tegra114 Dalmore evaluation board
[    0.000000] debug: ignoring loglevel setting.
[    0.000000] cma: Reserved 64 MiB at 0xfb800000
[    0.000000] Memory policy: Data cache writealloc
[    0.000000] On node 0 totalpages: 524032
[    0.000000] free_area_init_node: node 0, pgdat c105bd40, node_mem_map eeff8000
[    0.000000]   DMA zone: 1536 pages used for memmap
[    0.000000]   DMA zone: 0 pages reserved
[    0.000000]   DMA zone: 196608 pages, LIFO batch:31
[    0.000000]   HighMem zone: 327424 pages, LIFO batch:31
[    0.000000] PERCPU: Embedded 12 pages/cpu @eefa3000 s18880 r8192 d22080 u49152
[    0.000000] pcpu-alloc: s18880 r8192 d22080 u49152 alloc=12*4096
[    0.000000] pcpu-alloc: [0] 0 [0] 1 [0] 2 [0] 3 
[    0.000000] Built 1 zonelists in Zone order, mobility grouping on.  Total pages: 522496
[    0.000000] Kernel command line: ignore_loglevel console=ttyS0,115200n8 rw root=/dev/mmcblk0p1 rootwait gpt debug earlyprintk init=/bin/bash
[    0.000000] PID hash table entries: 4096 (order: 2, 16384 bytes)
[    0.000000] Dentry cache hash table entries: 131072 (order: 7, 524288 bytes)
[    0.000000] Inode-cache hash table entries: 65536 (order: 6, 262144 bytes)
[    0.000000] Memory: 1997976K/2096128K available (8495K kernel code, 1111K rwdata, 4020K rodata, 1048K init, 345K bss, 32616K reserved, 65536K cma-reserved, 1244160K highmem)
[    0.000000] Virtual kernel memory layout:
[    0.000000]     vector  : 0xffff0000 - 0xffff1000   (   4 kB)
[    0.000000]     fixmap  : 0xffc00000 - 0xfff00000   (3072 kB)
[    0.000000]     vmalloc : 0xf0800000 - 0xff800000   ( 240 MB)
[    0.000000]     lowmem  : 0xc0000000 - 0xf0000000   ( 768 MB)
[    0.000000]     pkmap   : 0xbfe00000 - 0xc0000000   (   2 MB)
[    0.000000]     modules : 0xbf000000 - 0xbfe00000   (  14 MB)
[    0.000000]       .text : 0xc0208000 - 0xc0e41d94   (12520 kB)
[    0.000000]       .init : 0xc0e42000 - 0xc0f48000   (1048 kB)
[    0.000000]       .data : 0xc0f48000 - 0xc105dcc0   (1112 kB)
[    0.000000]        .bss : 0xc1060000 - 0xc10b65a0   ( 346 kB)
[    0.000000] SLUB: HWalign=64, Order=0-3, MinObjects=0, CPUs=4, Nodes=1
[    0.000000] Hierarchical RCU implementation.
[    0.000000] 	Build-time adjustment of leaf fanout to 32.
[    0.000000] 	RCU restricting CPUs from NR_CPUS=16 to nr_cpu_ids=4.
[    0.000000] RCU: Adjusting geometry for rcu_fanout_leaf=32, nr_cpu_ids=4
[    0.000000] NR_IRQS:16 nr_irqs:16 16
[    0.000000] /interrupt-controller@60004000: 160 interrupts forwarded to /interrupt-controller@50041000
[    0.000000] L2C: failed to init: -19
[    0.000000] Tegra clk 127: register failed with -17
[    0.000008] sched_clock: 32 bits at 1000kHz, resolution 1000ns, wraps every 2147483647500ns
[    0.000027] clocksource: timer_us: mask: 0xffffffff max_cycles: 0xffffffff, max_idle_ns: 1911260446275 ns
[    0.000041] Switching to timer-based delay loop, resolution 1000ns
[    0.003014] Architected cp15 timer(s) running at 12.00MHz (virt).
[    0.003033] clocksource: arch_sys_counter: mask: 0xffffffffffffff max_cycles: 0x2c47f4ee7, max_idle_ns: 440795202497 ns
[    0.003051] sched_clock: 56 bits at 12MHz, resolution 83ns, wraps every 4398046511096ns
[    0.003064] Switching to timer-based delay loop, resolution 83ns
[    0.003436] Console: colour dummy device 80x30
[    0.003464] Calibrating delay loop (skipped), value calculated using timer frequency.. 24.00 BogoMIPS (lpj=60000)
[    0.003479] pid_max: default: 32768 minimum: 301
[    0.003585] Mount-cache hash table entries: 2048 (order: 1, 8192 bytes)
[    0.003596] Mountpoint-cache hash table entries: 2048 (order: 1, 8192 bytes)
[    0.004205] CPU: Testing write buffer coherency: ok
[    0.004420] /cpus/cpu@0 missing clock-frequency property
[    0.004448] /cpus/cpu@1 missing clock-frequency property
[    0.004475] /cpus/cpu@2 missing clock-frequency property
[    0.004504] /cpus/cpu@3 missing clock-frequency property
[    0.004516] CPU0: thread -1, cpu 0, socket 0, mpidr 80000000
[    0.004563] Setting up static identity map for 0x80209000 - 0x80209098
[    0.006818] Tegra Revision: A01 SKU: 0 CPU Process: 1 SoC Process: 0
[    0.008120] CPU1: thread -1, cpu 1, socket 0, mpidr 80000001
[    0.008763] CPU2: thread -1, cpu 2, socket 0, mpidr 80000002
[    0.009397] CPU3: thread -1, cpu 3, socket 0, mpidr 80000003
[    0.009466] Brought up 4 CPUs
[    0.009485] SMP: Total of 4 processors activated (96.00 BogoMIPS).
[    0.009493] CPU: All CPU(s) started in SVC mode.
[    0.010917] devtmpfs: initialized
[    0.021643] VFP support v0.3: implementor 41 architecture 4 part 30 variant f rev 0
[    0.022243] clocksource: jiffies: mask: 0xffffffff max_cycles: 0xffffffff, max_idle_ns: 9556302231375000 ns
[    0.023948] pinctrl core: initialized pinctrl subsystem
[    0.025605] NET: Registered protocol family 16
[    0.027770] DMA: preallocated 256 KiB pool for atomic coherent allocations
[    0.043133] cpuidle: using governor menu
[    0.057588] No ATAGs?
[    0.057626] hw-breakpoint: found 5 (+1 reserved) breakpoint and 4 watchpoint registers.
[    0.057636] hw-breakpoint: maximum watchpoint size is 8 bytes.
[    0.062644] Serial: AMBA PL011 UART driver
[    0.063943] tegra-mc 70019000.memory-controller: no memory timings for RAM code 3 registered
[    0.092822] dvdd_ts: Failed to request enable GPIO61: -517
[    0.092940] reg-fixed-voltage regulators:regulator@1: Failed to register regulator: -517
[    0.093165] usb1_vbus: Failed to request enable GPIO108: -517
[    0.093293] reg-fixed-voltage regulators:regulator@3: Failed to register regulator: -517
[    0.093515] usb2_vbus: Failed to request enable GPIO86: -517
[    0.093621] reg-fixed-voltage regulators:regulator@4: Failed to register regulator: -517
[    0.094145] VDD_5V0_HDMI_CON: Failed to request enable GPIO81: -517
[    0.094256] reg-fixed-voltage regulators:regulator@7: Failed to register regulator: -517
[    0.097341] vgaarb: loaded
[    0.098419] SCSI subsystem initialized
[    0.098604] libata version 3.00 loaded.
[    0.098923] usbcore: registered new interface driver usbfs
[    0.098993] usbcore: registered new interface driver hub
[    0.099074] usbcore: registered new device driver usb
[    0.102764] tps65090 2-0048: No cache defaults, reading back from HW
[    0.108991] genirq: Setting trigger mode 8 for irq 341 failed (irq_chip_set_type_parent+0x0/0x28)
[    0.109013] palmas 2-0058: Irq flag is 0x00000000
[    0.112220] palmas 2-0058: Muxing GPIO ff, PWM 0, LED 0
[    0.121945] sdhci-vdd-sd-slot: ramp_delay not set
[    0.146416] pps_core: LinuxPPS API ver. 1 registered
[    0.146426] pps_core: Software ver. 5.3.6 - Copyright 2005-2007 Rodolfo Giometti <giometti@linux.it>
[    0.146458] PTP clock support registered
[    0.146696] EDAC MC: Ver: 3.0.0
[    0.149216] clocksource: Switched to clocksource arch_sys_counter
[    0.160304] NET: Registered protocol family 2
[    0.160827] TCP established hash table entries: 8192 (order: 3, 32768 bytes)
[    0.160927] TCP bind hash table entries: 8192 (order: 4, 65536 bytes)
[    0.161114] TCP: Hash tables configured (established 8192 bind 8192)
[    0.161170] UDP hash table entries: 512 (order: 2, 16384 bytes)
[    0.161212] UDP-Lite hash table entries: 512 (order: 2, 16384 bytes)
[    0.161390] NET: Registered protocol family 1
[    0.161645] RPC: Registered named UNIX socket transport module.
[    0.161655] RPC: Registered udp transport module.
[    0.161663] RPC: Registered tcp transport module.
[    0.161670] RPC: Registered tcp NFSv4.1 backchannel transport module.
[    0.161690] PCI: CLS 0 bytes, default 64
[    0.163906] futex hash table entries: 1024 (order: 4, 65536 bytes)
[    0.176812] squashfs: version 4.0 (2009/01/31) Phillip Lougher
[    0.177817] NFS: Registering the id_resolver key type
[    0.177858] Key type id_resolver registered
[    0.177867] Key type id_legacy registered
[    0.177941] ntfs: driver 2.1.32 [Flags: R/O].
[    0.179393] bounce: pool size: 64 pages
[    0.179619] Block layer SCSI generic (bsg) driver version 0.4 loaded (major 249)
[    0.179638] io scheduler noop registered
[    0.179654] io scheduler deadline registered
[    0.179692] io scheduler cfq registered (default)
[    0.201174] vdd-lcd-bl: supplied by vdd_ac_bat
[    0.207986] tegra-apbdma 6000a000.dma: Tegra20 APB DMA driver register 32 channels
[    0.209630] tegra-pmc 7000e400.pmc: i2c-thermtrip node not found, emergency thermal reset disabled.
[    0.277852] Serial: 8250/16550 driver, 4 ports, IRQ sharing disabled
[    0.281037] console [ttyS0] disabled
[    0.281075] 70006300.serial: ttyS0 at MMIO 0x70006300 (irq = 329, base_baud = 25500000) is a Tegra
[    1.093007] console [ttyS0] enabled
[    1.097330] SuperH (H)SCI(F) driver initialized
[    1.102846] msm_serial: driver initialized
[    1.107165] STMicroelectronics ASC driver initialized
[    1.114605] [drm] Initialized drm 1.1.0 20060810
[    1.121230] tegra-hdmi 54280000.hdmi: failed to get HDMI regulator
[    1.127973] vdd-ao: supplied by vdd_ac_bat
[    1.132299] vddio-1v8: supplied by vdd-ao
[    1.136700] avdd-dsi-csi: supplied by vddio-1v8
[    1.145004] vdd-sys-3v3: supplied by vdd_ac_bat
[    1.149772] avdd-lcd: supplied by vdd-sys-3v3
[    1.165992] brd: module loaded
[    1.175378] loop: module loaded
[    1.185801] m25p80 spi32766.0: w25q32dw (4096 Kbytes)
[    1.194495] libphy: Fixed MDIO Bus: probed
[    1.199374] CAN device driver interface
[    1.205135] igb: Intel(R) Gigabit Ethernet Network Driver - version 5.3.0-k
[    1.212102] igb: Copyright (c) 2007-2014 Intel Corporation.
[    1.220733] pegasus: v0.9.3 (2013/04/25), Pegasus/Pegasus II USB Ethernet driver
[    1.228189] usbcore: registered new interface driver pegasus
[    1.233921] usbcore: registered new interface driver asix
[    1.239383] usbcore: registered new interface driver ax88179_178a
[    1.245531] usbcore: registered new interface driver cdc_ether
[    1.251439] usbcore: registered new interface driver smsc75xx
[    1.257257] usbcore: registered new interface driver smsc95xx
[    1.263058] usbcore: registered new interface driver net1080
[    1.268774] usbcore: registered new interface driver cdc_subset
[    1.274750] usbcore: registered new interface driver zaurus
[    1.280419] usbcore: registered new interface driver cdc_ncm
[    1.287979] ehci_hcd: USB 2.0 'Enhanced' Host Controller (EHCI) Driver
[    1.294523] ehci-pci: EHCI PCI platform driver
[    1.299010] ehci-platform: EHCI generic platform driver
[    1.304451] ehci-omap: OMAP-EHCI Host Controller driver
[    1.309829] ehci-orion: EHCI orion driver
[    1.313970] SPEAr-ehci: EHCI SPEAr driver
[    1.318134] ehci-st: EHCI STMicroelectronics driver
[    1.323163] ehci-exynos: EHCI EXYNOS driver
[    1.327516] ehci-atmel: EHCI Atmel driver
[    1.331677] tegra-ehci: Tegra EHCI driver
[    1.336000] ohci_hcd: USB 1.1 'Open' Host Controller (OHCI) Driver
[    1.342203] ohci-pci: OHCI PCI platform driver
[    1.346714] ohci-platform: OHCI generic platform driver
[    1.352111] ohci-omap3: OHCI OMAP3 driver
[    1.356271] SPEAr-ohci: OHCI SPEAr driver
[    1.360435] ohci-st: OHCI STMicroelectronics driver
[    1.365463] ohci-atmel: OHCI Atmel driver
[    1.370019] usbcore: registered new interface driver usb-storage
[    1.377597] mousedev: PS/2 mouse device common for all mice
[    1.388264] palmas-rtc 7000d000.i2c:tps65913@58:rtc: rtc core: registered 7000d000.i2c:tps659 as rtc0
[    1.399434] tegra_rtc 7000e000.rtc: rtc core: registered 7000e000.rtc as rtc1
[    1.406628] tegra_rtc 7000e000.rtc: Tegra internal Real Time Clock
[    1.413381] i2c /dev entries driver
[    1.420855] sbs-battery 0-000b: sbs_probe: Failed to get device status
[    1.427406] sbs-battery: probe of 0-000b failed with error -121
[    1.436479] vdd-sensor-2v85: supplied by vdd-sys-3v3
[    1.449549] sdhci: Secure Digital Host Controller Interface driver
[    1.455737] sdhci: Copyright(c) Pierre Ossman
[    1.461665] Synopsys Designware Multimedia Card Interface Driver
[    1.468797] sdhci-pltfm: SDHCI platform and OF driver helper
[    1.475210] sdhci-tegra 78000400.sdhci: Got CD GPIO
[    1.480116] sdhci-tegra 78000400.sdhci: Got WP GPIO
[    1.486176] mmc0: Invalid maximum block size, assuming 512 bytes
[    1.524420] mmc0: SDHCI controller on 78000400.sdhci [78000400.sdhci] using ADMA
[    1.534136] mmc1: Invalid maximum block size, assuming 512 bytes
[    1.574234] mmc1: SDHCI controller on 78000600.sdhci [78000600.sdhci] using ADMA
[    1.583170] ledtrig-cpu: registered to indicate activity on CPUs
[    1.589554] usbcore: registered new interface driver usbhid
[    1.595134] usbhid: USB HID core driver
[    1.604020] NET: Registered protocol family 10
[    1.611278] sit: IPv6 over IPv4 tunneling driver
[    1.616588] NET: Registered protocol family 17
[    1.621062] can: controller area network core (rev 20120528 abi 9)
[    1.627313] NET: Registered protocol family 29
[    1.631774] can: raw protocol (rev 20120528)
[    1.636060] can: broadcast manager protocol (rev 20120528 t)
[    1.641742] can: netlink gateway (rev 20130117) max_hops=1
[    1.647647] Key type dns_resolver registered
[    1.652584] ThumbEE CPU extension supported.
[    1.656883] Registering SWP/SWPB emulation handler
[    1.668877] vdd-sys-5v0: supplied by vdd_ac_bat
[    1.675310] VDD_5V0_HDMI_CON: supplied by vdd-sys-5v0
[    1.685174] vdd_hdmi_5v0: supplied by vdd-sys-5v0
[    1.694588] [drm] Supports vblank timestamp caching Rev 2 (21.10.2013).
[    1.701240] [drm] No driver support for vblank timestamp query.
[    1.722967] mmc1: MAN_BKOPS_EN bit is not set
[    1.737274] mmc1: new HS200 MMC card at address 0001
[    1.738120] mmcblk0: mmc1:0001 SEM32G 29.1 GiB 
[    1.738523] mmcblk0boot0: mmc1:0001 SEM32G partition 1 4.00 MiB
[    1.739237] mmcblk0boot1: mmc1:0001 SEM32G partition 2 4.00 MiB
[    1.740240] mmcblk0rpmb: mmc1:0001 SEM32G partition 3 4.00 MiB
[    1.744707]  mmcblk0: p1 p2 p3 p4 p5 p6 p7 p8
[    1.767208] Console: switching to colour frame buffer device 240x75
[    1.826577] drm drm: fb0:  frame buffer device
[    1.844322] [drm] Initialized tegra 0.0.0 20120330 on minor 0
[    1.851314] usb2_vbus: supplied by vdd-sys-5v0
[    1.858022] tegra-ehci 7d008000.usb: EHCI Host Controller
[    1.863500] tegra-ehci 7d008000.usb: new USB bus registered, assigned bus number 1
[    1.871244] ------------[ cut here ]------------
[    1.875875] WARNING: CPU: 2 PID: 6 at kernel/workqueue.c:2361 check_flush_dependency+0xc8/0x124()
[    1.884756] workqueue: WQ_MEM_RECLAIM deferwq:deferred_probe_work_func is flushing !WQ_MEM_RECLAIM events:lru_add_drain_per_cpu
[    1.896046] Modules linked in:
[    1.899295] CPU: 2 PID: 6 Comm: kworker/u8:0 Not tainted 4.4.0-next-20160120-67547-g47a02bf #1
[    1.907889] Hardware name: NVIDIA Tegra SoC (Flattened Device Tree)
[    1.914162] Workqueue: deferwq deferred_probe_work_func
[    1.919414] [<c02188e8>] (unwind_backtrace) from [<c0213fb8>] (show_stack+0x10/0x14)
[    1.927156] [<c0213fb8>] (show_stack) from [<c0488a8c>] (dump_stack+0x78/0x94)
[    1.934394] [<c0488a8c>] (dump_stack) from [<c024ab48>] (warn_slowpath_common+0x74/0xb0)
[    1.942480] [<c024ab48>] (warn_slowpath_common) from [<c024ac18>] (warn_slowpath_fmt+0x30/0x40)
[    1.951189] [<c024ac18>] (warn_slowpath_fmt) from [<c025dcb0>] (check_flush_dependency+0xc8/0x124)
[    1.960140] [<c025dcb0>] (check_flush_dependency) from [<c025ddc4>] (flush_work+0x54/0x144)
[    1.968505] [<c025ddc4>] (flush_work) from [<c02da61c>] (lru_add_drain_all+0x130/0x18c)
[    1.976507] [<c02da61c>] (lru_add_drain_all) from [<c030c23c>] (migrate_prep+0x8/0x10)
[    1.984436] [<c030c23c>] (migrate_prep) from [<c02d561c>] (alloc_contig_range+0xc4/0x2f8)
[    1.992608] [<c02d561c>] (alloc_contig_range) from [<c030db68>] (cma_alloc+0xd8/0x1a0)
[    2.000536] [<c030db68>] (cma_alloc) from [<c021e3dc>] (__alloc_from_contiguous+0x38/0xdc)
[    2.008795] [<c021e3dc>] (__alloc_from_contiguous) from [<c021ffcc>] (__dma_alloc+0x21c/0x250)
[    2.017415] [<c021ffcc>] (__dma_alloc) from [<c0220084>] (arm_dma_alloc+0x48/0x54)
[    2.024983] [<c0220084>] (arm_dma_alloc) from [<c0306754>] (dma_pool_alloc+0x1dc/0x210)
[    2.032998] [<c0306754>] (dma_pool_alloc) from [<c07c7050>] (ehci_qh_alloc+0x3c/0xb4)
[    2.040824] [<c07c7050>] (ehci_qh_alloc) from [<c07cb648>] (ehci_setup+0x154/0x478)
[    2.048489] [<c07cb648>] (ehci_setup) from [<c07d1700>] (tegra_ehci_reset+0xc/0x50)
[    2.056142] [<c07d1700>] (tegra_ehci_reset) from [<c07a1ac8>] (usb_add_hcd+0x300/0x830)
[    2.064158] [<c07a1ac8>] (usb_add_hcd) from [<c07d1078>] (tegra_ehci_probe+0x3b8/0x504)
[    2.072160] [<c07d1078>] (tegra_ehci_probe) from [<c06590f0>] (platform_drv_probe+0x50/0xac)
[    2.080611] [<c06590f0>] (platform_drv_probe) from [<c0657a5c>] (driver_probe_device+0x1f4/0x2b0)
[    2.089479] [<c0657a5c>] (driver_probe_device) from [<c0655fec>] (bus_for_each_drv+0x44/0x8c)
[    2.098014] [<c0655fec>] (bus_for_each_drv) from [<c06577e0>] (__device_attach+0x9c/0x100)
[    2.106271] [<c06577e0>] (__device_attach) from [<c0656e6c>] (bus_probe_device+0x84/0x8c)
[    2.114457] [<c0656e6c>] (bus_probe_device) from [<c06572a0>] (deferred_probe_work_func+0x60/0x8c)
[    2.123410] [<c06572a0>] (deferred_probe_work_func) from [<c025ec0c>] (process_one_work+0x134/0x338)
[    2.132548] [<c025ec0c>] (process_one_work) from [<c025ee74>] (worker_thread+0x2c/0x4f0)
[    2.140634] [<c025ee74>] (worker_thread) from [<c0264048>] (kthread+0xd8/0xf4)
[    2.147870] [<c0264048>] (kthread) from [<c0210e78>] (ret_from_fork+0x14/0x3c)
[    2.155082] ---[ end trace 80099817f72a403d ]---
[    2.160050] tegra-ehci 7d008000.usb: irq 339, io mem 0x7d008000
[    2.174341] tegra-ehci 7d008000.usb: USB 2.0 started, EHCI 1.10
[    2.181581] hub 1-0:1.0: USB hub found
[    2.185448] hub 1-0:1.0: 1 port detected
[    2.191180] input: gpio-keys as /devices/soc0/gpio-keys/input/input0
[    2.199999] palmas-rtc 7000d000.i2c:tps65913@58:rtc: setting system clock to 2000-01-01 00:00:33 UTC (946684833)
[    2.226131] dvdd_ts: disabling
[    2.229251] usb1_vbus: disabling
[    2.232479] vdd_cam_1v8_reg: disabling
[    2.238157] EXT4-fs (mmcblk0p1): mounting ext3 file system using the ext4 subsystem
[    2.259036] EXT4-fs (mmcblk0p1): recovery complete
[    2.263900] EXT4-fs (mmcblk0p1): mounted filesystem with ordered data mode. Opts: (null)
[    2.272069] VFS: Mounted root (ext3 filesystem) on device 179:1.
[    2.280240] devtmpfs: mounted
[    2.284042] Freeing unused kernel memory: 1048K (c0e42000 - c0f48000)
bash: cannot set terminal process group (-1): Inappropriate ioctl for device
bash: no job control in this shell
root@(none):/# [    2.499342] usb 1-1: new high-speed USB device number 2 using tegra-ehci
mount -t sysfs none /sys
root@(none):/# 
root@(none):/# [    3.447705] asix 1-1:1.0 eth0: register 'asix' at usb-7d008000.usb-1, ASIX AX88772 USB 2.0 Ethernet, 00:50:b6:0d:b5:16
mount -t debugfs none /sys/kernel/debug
root@(none):/# 
root@(none):/# rtcwake -d rtc1 -m mem -s 3
rtcwake: assuming RTC uses UTC ...
rtcwake: wakeup from "mem" using /dev/rtc1 at Thu Jan  1 00:00:20 1970
[    5.358327] PM: Syncing filesystems ... done.
[    5.386134] Freezing user space processes ... (elapsed 0.001 seconds) done.
[    5.394498] Freezing remaining freezable tasks ... (elapsed 0.001 seconds) done.
[    5.403228] Suspending console(s) (use no_console_suspend to debug)
[    5.453432] PM: suspend of devices complete after 42.540 msecs
[    5.455815] PM: late suspend of devices complete after 2.368 msecs
[    5.457781] PM: noirq suspend of devices complete after 1.957 msecs
[    5.457784] Disabling non-boot CPUs ...
[    5.458238] IRQ16 no longer affine to CPU1
[    5.458623] CPU1: shutdown
[    5.481822] CPU2: shutdown
[    5.506603] CPU3: shutdown
[    5.520446] Entering suspend state LP1
[    5.520471] Enabling non-boot CPUs ...
[    5.545892] CPU1 is up
[    5.571136] CPU2 is up
[    5.596426] CPU3 is up
[    5.597715] PM: noirq resume of devices complete after 1.279 msecs
[    5.600559] PM: early resume of devices complete after 2.400 msecs
[    5.696350] PM: resume of devices complete after 95.772 msecs
[    5.765125] Restarting tasks ... done.
root@(none):/# 
root@(none):/# rtcwake -d rtc1 -m mem -s 3
rtcwake: assuming RTC uses UTC ...
rtcwake: wakeup from "mem" using /dev/rtc1 at Thu Jan  1 00:00:29 1970
[    6.383251] PM: Syncing filesystems ... done.
[    6.410328] Freezing user space processes ... (elapsed 0.001 seconds) done.
[    6.418665] Freezing remaining freezable tasks ... (elapsed 0.001 seconds) done.
[    6.427436] Suspending console(s) (use no_console_suspend to debug)
[    6.476432] PM: suspend of devices complete after 41.358 msecs
[    6.478627] PM: late suspend of devices complete after 2.185 msecs
[    6.480527] PM: noirq suspend of devices complete after 1.891 msecs
[    6.480531] Disabling non-boot CPUs ...
[    6.481358] CPU1: shutdown
[    6.506416] IRQ16 no longer affine to CPU2
[    6.506865] CPU2: shutdown
[    6.531486] CPU3: shutdown
[    6.545406] Entering suspend state LP1
[    6.545431] Enabling non-boot CPUs ...
[    6.570873] CPU1 is up
[    6.596125] CPU2 is up
[    6.621417] CPU3 is up
[    6.622648] PM: noirq resume of devices complete after 1.221 msecs
[    6.625265] PM: early resume of devices complete after 2.178 msecs
[    6.721283] PM: resume of devices complete after 96.001 msecs
[    6.790056] Restarting tasks ... done.
root@(none):/# 
root@(none):/# rtcwake -d rtc1 -m mem -s 3
rtcwake: assuming RTC uses UTC ...
rtcwake: wakeup from "mem" using /dev/rtc1 at Thu Jan  1 00:00:38 1970
[    7.385224] PM: Syncing filesystems ... done.
[    7.412341] Freezing user space processes ... (elapsed 0.001 seconds) done.
[    7.420741] Freezing remaining freezable tasks ... (elapsed 0.001 seconds) done.
[    7.429446] Suspending console(s) (use no_console_suspend to debug)
[    7.476727] PM: suspend of devices complete after 39.632 msecs
[    7.479535] PM: late suspend of devices complete after 2.792 msecs
[    7.481628] PM: noirq suspend of devices complete after 2.079 msecs
[    7.481632] Disabling non-boot CPUs ...
[    7.482443] CPU1: shutdown
[    7.506793] CPU2: shutdown
[    7.531063] IRQ16 no longer affine to CPU3
[    7.531465] CPU3: shutdown
[    7.545377] Entering suspend state LP1
[    7.545402] Enabling non-boot CPUs ...
[    7.570825] CPU1 is up
[    7.596082] CPU2 is up
[    7.621370] CPU3 is up
[    7.622619] PM: noirq resume of devices complete after 1.238 msecs
[    7.625205] PM: early resume of devices complete after 2.135 msecs
[    7.721267] PM: resume of devices complete after 96.044 msecs
[    7.790038] Restarting tasks ... done.
root@(none):/# 
root@(none):/# rtcwake -d rtc1 -m mem -s 3
rtcwake: assuming RTC uses UTC ...
rtcwake: wakeup from "mem" using /dev/rtc1 at Thu Jan  1 00:00:47 1970
[    8.383496] PM: Syncing filesystems ... done.
[    8.410528] Freezing user space processes ... (elapsed 0.001 seconds) done.
[    8.418893] Freezing remaining freezable tasks ... (elapsed 0.001 seconds) done.
[    8.427712] Suspending console(s) (use no_console_suspend to debug)
[    8.475495] PM: suspend of devices complete after 40.113 msecs
[    8.478081] PM: late suspend of devices complete after 2.570 msecs
[    8.480058] PM: noirq suspend of devices complete after 1.967 msecs
[    8.480061] Disabling non-boot CPUs ...
[    8.480871] CPU1: shutdown
[    8.511752] CPU2: shutdown
[    8.536362] CPU3: shutdown
[    8.550361] Entering suspend state LP1
[    8.550386] Enabling non-boot CPUs ...
[    8.575809] CPU1 is up
[    8.601050] CPU2 is up
[    8.626336] CPU3 is up
[    8.627584] PM: noirq resume of devices complete after 1.237 msecs
[    8.630478] PM: early resume of devices complete after 2.455 msecs
[    8.726240] PM: resume of devices complete after 95.745 msecs
[    8.790927] Restarting tasks ... done.
root@(none):/# 
root@(none):/# rtcwake -d rtc1 -m mem -s 3
rtcwake: assuming RTC uses UTC ...
rtcwake: wakeup from "mem" using /dev/rtc1 at Thu Jan  1 00:00:56 1970
[    9.392667] PM: Syncing filesystems ... done.
[    9.419826] Freezing user space processes ... (elapsed 0.001 seconds) done.
[    9.428164] Freezing remaining freezable tasks ... (elapsed 0.001 seconds) done.
[    9.436895] Suspending console(s) (use no_console_suspend to debug)
[    9.486741] PM: suspend of devices complete after 42.188 msecs
[    9.489462] PM: late suspend of devices complete after 2.704 msecs
[    9.491528] PM: noirq suspend of devices complete after 2.052 msecs
[    9.491533] Disabling non-boot CPUs ...
[    9.492343] CPU1: shutdown
[    9.521767] CPU2: shutdown
[    9.546005] IRQ16 no longer affine to CPU3
[    9.546409] CPU3: shutdown
[    9.560334] Entering suspend state LP1
[    9.560359] Enabling non-boot CPUs ...
[    9.585762] CPU1 is up
[    9.611004] CPU2 is up
[    9.636297] CPU3 is up
[    9.637545] PM: noirq resume of devices complete after 1.238 msecs
[    9.640055] PM: early resume of devices complete after 2.060 msecs
[    9.736214] PM: resume of devices complete after 96.141 msecs
[    9.804983] Restarting tasks ... done.
root@(none):/# 
root@(none):/# NVTB SYSTEM SUSPEND TEST COMPLETE
