
U-Boot SPL 2014.01-00219-gc4d376f (Feb 18 2014 - 19:57:18)


U-Boot 2014.01-00219-gc4d376f (Feb 18 2014 - 19:57:18)

TEGRA30
Board: NVIDIA Beaver
I2C:   ready
DRAM:  2 GiB
MMC:   Tegra SD/MMC: 0, Tegra SD/MMC: 1
In:    serial
Out:   serial
Err:   serial
Net:   Net Initialization Skipped
No ethernet found.
Hit any key to stop autoboot:  2  0 
Tegra30 (Beaver) # 
Tegra30 (Beaver) # usb reset
(Re)start USB...
USB0:   USB EHCI 1.00
scanning bus 0 for devices... 2 USB Device(s) found
       scanning usb for storage devices... 0 Storage Device(s) found
       scanning usb for ethernet devices... 
Warning: asx0 using MAC address from net device
1 Ethernet Device(s) found
Tegra30 (Beaver) # setenv bootargs 'ignore_loglevel console=ttyS0,115200n8 rw root=PARTUUID=edbe1840-3633-c751-7993-b0ac834f81e0 rootwait gpt debug noinitrd earlyprintk init=/bin/bash'
Tegra30 (Beaver) # setenv ipaddr 192.168.100.101; setenv serverip 192.168.100.1; setenv tftpserverip 192.168.100.1
Tegra30 (Beaver) # tftpboot 0x81000000 zImage.multi_v7_defconfig
Using asx0 device
TFTP from server 192.168.100.1; our IP address is 192.168.100.101
Filename 'zImage.multi_v7_defconfig'.
Load address: 0x81000000
Loading: *#################################################################
	 #################################################################
	 #################################################################
	 #################################################################
	 #################################################################
	 #################################################################
	 #################################################################
	 #################################################
	 3.2 MiB/s
done
Bytes transferred = 7389704 (70c208 hex)
Tegra30 (Beaver) # tftpboot 0x82000000 tegra30-beaver.dtb
Using asx0 device
TFTP from server 192.168.100.1; our IP address is 192.168.100.101
Filename 'tegra30-beaver.dtb'.
Load address: 0x82000000
Loading: *####
	 2.9 MiB/s
done
Bytes transferred = 51804 (ca5c hex)
Tegra30 (Beaver) # bootz 0x81000000 - 0x82000000
Kernel image @ 0x81000000 [ 0x000000 - 0x70c208 ]
## Flattened Device Tree blob at 82000000
   Booting using the fdt blob at 0x82000000
   Loading Device Tree to 8fff0000, end 8ffffa5b ... OK

Starting kernel ...

[    0.000000] Booting Linux on physical CPU 0x0
[    0.000000] Linux version 4.9.0-rc8-next-20161208-140181-g6c6ea1d (pwalmsley@sellafield) (gcc version 4.7.3 20130328 (prerelease) (crosstool-NG linaro-1.13.1-4.7-2013.04-20130415 - Linaro GCC 2013.04) ) #1 SMP Wed Dec 7 20:34:28 PST 2016
[    0.000000] CPU: ARMv7 Processor [412fc099] revision 9 (ARMv7), cr=10c5387d
[    0.000000] CPU: PIPT / VIPT nonaliasing data cache, VIPT aliasing instruction cache
[    0.000000] OF: fdt:Machine model: NVIDIA Tegra30 Beaver evaluation board
[    0.000000] debug: ignoring loglevel setting.
[    0.000000] efi: Getting EFI parameters from FDT:
[    0.000000] efi: UEFI not found.
[    0.000000] cma: Reserved 64 MiB at 0xfb800000
[    0.000000] Memory policy: Data cache writealloc
[    0.000000] On node 0 totalpages: 524032
[    0.000000] free_area_init_node: node 0, pgdat c142a500, node_mem_map eeff8000
[    0.000000]   DMA zone: 1536 pages used for memmap
[    0.000000]   DMA zone: 0 pages reserved
[    0.000000]   DMA zone: 196608 pages, LIFO batch:31
[    0.000000]   HighMem zone: 327424 pages, LIFO batch:31
[    0.000000] percpu: Embedded 14 pages/cpu @eef94000 s26048 r8192 d23104 u57344
[    0.000000] pcpu-alloc: s26048 r8192 d23104 u57344 alloc=14*4096
[    0.000000] pcpu-alloc: [0] 0 [0] 1 [0] 2 [0] 3 
[    0.000000] Built 1 zonelists in Zone order, mobility grouping on.  Total pages: 522496
[    0.000000] Kernel command line: ignore_loglevel console=ttyS0,115200n8 rw root=PARTUUID=edbe1840-3633-c751-7993-b0ac834f81e0 rootwait gpt debug noinitrd earlyprintk init=/bin/bash
[    0.000000] PID hash table entries: 4096 (order: 2, 16384 bytes)
[    0.000000] Dentry cache hash table entries: 131072 (order: 7, 524288 bytes)
[    0.000000] Inode-cache hash table entries: 65536 (order: 6, 262144 bytes)
[    0.000000] Memory: 1994840K/2096128K available (9216K kernel code, 1200K rwdata, 4128K rodata, 2048K init, 503K bss, 35752K reserved, 65536K cma-reserved, 1244160K highmem)
[    0.000000] Virtual kernel memory layout:
[    0.000000]     vector  : 0xffff0000 - 0xffff1000   (   4 kB)
[    0.000000]     fixmap  : 0xffc00000 - 0xfff00000   (3072 kB)
[    0.000000]     vmalloc : 0xf0800000 - 0xff800000   ( 240 MB)
[    0.000000]     lowmem  : 0xc0000000 - 0xf0000000   ( 768 MB)
[    0.000000]     pkmap   : 0xbfe00000 - 0xc0000000   (   2 MB)
[    0.000000]     modules : 0xbf000000 - 0xbfe00000   (  14 MB)
[    0.000000]       .text : 0xc0208000 - 0xc0c00000   (10208 kB)
[    0.000000]       .init : 0xc1100000 - 0xc1300000   (2048 kB)
[    0.000000]       .data : 0xc1300000 - 0xc142c000   (1200 kB)
[    0.000000]        .bss : 0xc142d000 - 0xc14aac70   ( 504 kB)
[    0.000000] SLUB: HWalign=64, Order=0-3, MinObjects=0, CPUs=4, Nodes=1
[    0.000000] Hierarchical RCU implementation.
[    0.000000] 	Build-time adjustment of leaf fanout to 32.
[    0.000000] 	RCU restricting CPUs from NR_CPUS=16 to nr_cpu_ids=4.
[    0.000000] RCU: Adjusting geometry for rcu_fanout_leaf=32, nr_cpu_ids=4
[    0.000000] NR_IRQS:16 nr_irqs:16 16
[    0.000000] /interrupt-controller@60004000: 160 interrupts forwarded to /interrupt-controller@50041000
[    0.000000] L2C: platform modifies aux control register: 0x02080000 -> 0x3e480001
[    0.000000] L2C: DT/platform modifies aux control register: 0x02080000 -> 0x3e480001
[    0.000000] L2C-310 erratum 769419 enabled
[    0.000000] L2C-310 enabling early BRESP for Cortex-A9
[    0.000000] L2C-310: enabling full line of zeros but not enabled in Cortex-A9
[    0.000000] L2C-310 dynamic clock gating enabled, standby mode enabled
[    0.000000] L2C-310 cache controller enabled, 8 ways, 1024 kB
[    0.000000] L2C-310: CACHE_ID 0x410000c7, AUX_CTRL 0x4e480001
[    0.000013] sched_clock: 32 bits at 1000kHz, resolution 1000ns, wraps every 2147483647500ns
[    0.000030] clocksource: timer_us: mask: 0xffffffff max_cycles: 0xffffffff, max_idle_ns: 1911260446275 ns
[    0.000039] Switching to timer-based delay loop, resolution 1000ns
[    0.002638] Console: colour dummy device 80x30
[    0.002666] Calibrating delay loop (skipped), value calculated using timer frequency.. 2.00 BogoMIPS (lpj=10000)
[    0.002676] pid_max: default: 32768 minimum: 301
[    0.002751] Mount-cache hash table entries: 2048 (order: 1, 8192 bytes)
[    0.002758] Mountpoint-cache hash table entries: 2048 (order: 1, 8192 bytes)
[    0.003156] CPU: Testing write buffer coherency: ok
[    0.003464] CPU0: thread -1, cpu 0, socket 0, mpidr 80000000
[    0.003620] Setting up static identity map for 0x80300000 - 0x80300098
[    0.006094] Tegra Revision: A03 SKU: 128 CPU Process: 4 SoC Process: 0
[    0.006576] EFI services will not be available.
[    0.006732] smp: Bringing up secondary CPUs ...
[    0.010372] CPU1: thread -1, cpu 1, socket 0, mpidr 80000001
[    0.020332] CPU2: thread -1, cpu 2, socket 0, mpidr 80000002
[    0.030330] CPU3: thread -1, cpu 3, socket 0, mpidr 80000003
[    0.030372] smp: Brought up 1 node, 4 CPUs
[    0.030384] SMP: Total of 4 processors activated (8.00 BogoMIPS).
[    0.030389] CPU: All CPU(s) started in SVC mode.
[    0.031081] devtmpfs: initialized
[    0.039823] VFP support v0.3: implementor 41 architecture 3 part 30 variant 9 rev 4
[    0.040282] clocksource: jiffies: mask: 0xffffffff max_cycles: 0xffffffff, max_idle_ns: 19112604462750000 ns
[    0.043523] pinctrl core: initialized pinctrl subsystem
[    0.045163] NET: Registered protocol family 16
[    0.047242] DMA: preallocated 256 KiB pool for atomic coherent allocations
[    0.048795] cpuidle: using governor menu
[    0.063541] No ATAGs?
[    0.063652] hw-breakpoint: found 5 (+1 reserved) breakpoint and 1 watchpoint registers.
[    0.063660] hw-breakpoint: maximum watchpoint size is 4 bytes.
[    0.067496] Serial: AMBA PL011 UART driver
[    0.067934] tegra-mc 7000f000.memory-controller: no memory timings for RAM code 3 registered
[    0.076939] vdd_5v_sata: Failed to request enable GPIO30: -517
[    0.076953] reg-fixed-voltage regulators:regulator@3: Failed to register regulator: -517
[    0.076997] usb1_vbus: Failed to request enable GPIO238: -517
[    0.077004] reg-fixed-voltage regulators:regulator@4: Failed to register regulator: -517
[    0.077048] usb3_vbus: Failed to request enable GPIO236: -517
[    0.077056] reg-fixed-voltage regulators:regulator@5: Failed to register regulator: -517
[    0.077145] sys_3v3_pexs: Failed to request enable GPIO95: -517
[    0.077152] reg-fixed-voltage regulators:regulator@7: Failed to register regulator: -517
[    0.079042] vgaarb: loaded
[    0.079518] SCSI subsystem initialized
[    0.079664] libata version 3.00 loaded.
[    0.079820] usbcore: registered new interface driver usbfs
[    0.079860] usbcore: registered new interface driver hub
[    0.079894] usbcore: registered new device driver usb
[    0.086962] vrtc: supplied by vdd_5v_in
[    0.090260] vio: supplied by vdd_5v_in
[    0.101826] vdd1: supplied by vdd_5v_in
[    0.103184] vddio_ddr_1v2: Bringing 600000uV into 1200000-1200000uV
[    0.111835] vdd2: supplied by vdd_5v_in
[    0.131819] ldo1: supplied by vdd_1v5_gen
[    0.134206] ldo2: supplied by vdd_1v5_gen
[    0.134677] vdd_sata,avdd_plle: Bringing 1200000uV into 1050000-1050000uV
[    0.136915] ldo3: supplied by vdd_5v_in
[    0.139277] ldo4: supplied by vdd_5v_in
[    0.141836] ldo5: supplied by vdd_5v_in
[    0.151820] ldo6: supplied by vdd_1v8_gen
[    0.152290] avdd_dsi_csi,pwrdet_mipi: Bringing 1000000uV into 1200000-1200000uV
[    0.154554] ldo7: supplied by vdd_1v8_gen
[    0.161827] ldo8: supplied by vdd_1v8_gen
[    0.171910] pps_core: LinuxPPS API ver. 1 registered
[    0.171917] pps_core: Software ver. 5.3.6 - Copyright 2005-2007 Rodolfo Giometti <giometti@linux.it>
[    0.171931] PTP clock support registered
[    0.172061] EDAC MC: Ver: 3.0.0
[    0.173565] clocksource: Switched to clocksource timer_us
[    0.179151] NET: Registered protocol family 2
[    0.179555] TCP established hash table entries: 8192 (order: 3, 32768 bytes)
[    0.179611] TCP bind hash table entries: 8192 (order: 4, 65536 bytes)
[    0.179694] TCP: Hash tables configured (established 8192 bind 8192)
[    0.179784] UDP hash table entries: 512 (order: 2, 16384 bytes)
[    0.179843] UDP-Lite hash table entries: 512 (order: 2, 16384 bytes)
[    0.180055] NET: Registered protocol family 1
[    0.180314] RPC: Registered named UNIX socket transport module.
[    0.180321] RPC: Registered udp transport module.
[    0.180325] RPC: Registered tcp transport module.
[    0.180330] RPC: Registered tcp NFSv4.1 backchannel transport module.
[    0.180341] PCI: CLS 0 bytes, default 64
[    0.181124] hw perfevents: enabled with armv7_cortex_a9 PMU driver, 7 counters available
[    0.182001] futex hash table entries: 1024 (order: 4, 65536 bytes)
[    0.182486] workingset: timestamp_bits=30 max_order=19 bucket_order=0
[    0.187615] squashfs: version 4.0 (2009/01/31) Phillip Lougher
[    0.188072] NFS: Registering the id_resolver key type
[    0.188097] Key type id_resolver registered
[    0.188102] Key type id_legacy registered
[    0.188130] ntfs: driver 2.1.32 [Flags: R/O].
[    0.189128] bounce: pool size: 64 pages
[    0.189258] Block layer SCSI generic (bsg) driver version 0.4 loaded (major 248)
[    0.189267] io scheduler noop registered
[    0.189272] io scheduler deadline registered
[    0.189376] io scheduler cfq registered (default)
[    0.195022] tegra30-pinctrl 70000868.pinmux: invalid group "sdmmc3_dat6_pd3" for function "rsvd1"
[    0.195037] tegra30-pinctrl 70000868.pinmux: invalid group "sdmmc3_dat7_pd4" for function "rsvd1"
[    0.195051] tegra30-pinctrl 70000868.pinmux: invalid group "vi_vsync_pd6" for function "rsvd1"
[    0.195061] tegra30-pinctrl 70000868.pinmux: invalid group "vi_hsync_pd7" for function "rsvd1"
[    0.195517] tegra30-pinctrl 70000868.pinmux: invalid group "hdmi_int_pn7" for function "rsvd1"
[    0.195561] tegra30-pinctrl 70000868.pinmux: invalid group "ulpi_data3_po4" for function "rsvd1"
[    0.195891] tegra30-pinctrl 70000868.pinmux: invalid group "vi_d10_pt2" for function "rsvd1"
[    0.195904] tegra30-pinctrl 70000868.pinmux: invalid group "vi_d11_pt3" for function "rsvd1"
[    0.195916] tegra30-pinctrl 70000868.pinmux: invalid group "vi_d0_pt4" for function "rsvd1"
[    0.195955] tegra30-pinctrl 70000868.pinmux: invalid group "pu0" for function "rsvd1"
[    0.195985] tegra30-pinctrl 70000868.pinmux: invalid group "pu3" for function "rsvd1"
[    0.196014] tegra30-pinctrl 70000868.pinmux: invalid group "pu6" for function "rsvd1"
[    0.196054] tegra30-pinctrl 70000868.pinmux: invalid group "pv3" for function "rsvd1"
[    0.196533] tegra30-pinctrl 70000868.pinmux: invalid group "pbb0" for function "rsvd1"
[    0.196651] tegra30-pinctrl 70000868.pinmux: invalid group "pcc1" for function "rsvd1"
[    0.201652] tegra-pcie 3000.pcie-controller: 2x3 configuration
[    0.201800] tegra-pcie 3000.pcie-controller: Failed to get supply 'hvdd-pex': -517
[    0.207203] tegra-apbdma 6000a000.dma: Tegra20 APB DMA driver register 32 channels
[    0.208341] tegra-pmc 7000e400.pmc: i2c-thermtrip node not found, emergency thermal reset disabled.
[    0.242404] Serial: 8250/16550 driver, 4 ports, IRQ sharing disabled
[    0.244687] console [ttyS0] disabled
[    0.244720] 70006000.serial: ttyS0 at MMIO 0x70006000 (irq = 331, base_baud = 25500000) is a Tegra
[    1.245771] console [ttyS0] enabled
[    1.249776] SuperH (H)SCI(F) driver initialized
[    1.254884] msm_serial: driver initialized
[    1.259070] STMicroelectronics ASC driver initialized
[    1.266274] [drm] Initialized
[    1.271139] tegra-hdmi 54280000.hdmi: failed to get HDMI regulator
[    1.285652] brd: module loaded
[    1.292859] loop: module loaded
[    1.301082] m25p80 spi32766.1: w25q32 (4096 Kbytes)
[    1.307827] libphy: Fixed MDIO Bus: probed
[    1.312568] CAN device driver interface
[    1.316959] bgmac_bcma: Broadcom 47xx GBit MAC driver loaded
[    1.323322] e1000e: Intel(R) PRO/1000 Network Driver - 3.2.6-k
[    1.329155] e1000e: Copyright(c) 1999 - 2015 Intel Corporation.
[    1.335112] igb: Intel(R) Gigabit Ethernet Network Driver - version 5.4.0-k
[    1.342055] igb: Copyright (c) 2007-2014 Intel Corporation.
[    1.349545] pegasus: v0.9.3 (2013/04/25), Pegasus/Pegasus II USB Ethernet driver
[    1.356986] usbcore: registered new interface driver pegasus
[    1.362661] usbcore: registered new interface driver asix
[    1.368088] usbcore: registered new interface driver ax88179_178a
[    1.374196] usbcore: registered new interface driver cdc_ether
[    1.380046] usbcore: registered new interface driver smsc75xx
[    1.385821] usbcore: registered new interface driver smsc95xx
[    1.391573] usbcore: registered new interface driver net1080
[    1.397247] usbcore: registered new interface driver cdc_subset
[    1.403172] usbcore: registered new interface driver zaurus
[    1.408785] usbcore: registered new interface driver cdc_ncm
[    1.415801] ehci_hcd: USB 2.0 'Enhanced' Host Controller (EHCI) Driver
[    1.422313] ehci-pci: EHCI PCI platform driver
[    1.426783] ehci-platform: EHCI generic platform driver
[    1.432109] ehci-orion: EHCI orion driver
[    1.436189] SPEAr-ehci: EHCI SPEAr driver
[    1.440259] ehci-st: EHCI STMicroelectronics driver
[    1.445207] ehci-exynos: EHCI EXYNOS driver
[    1.449461] ehci-atmel: EHCI Atmel driver
[    1.453527] tegra-ehci: Tegra EHCI driver
[    1.457815] ohci_hcd: USB 1.1 'Open' Host Controller (OHCI) Driver
[    1.464001] ohci-pci: OHCI PCI platform driver
[    1.468464] ohci-platform: OHCI generic platform driver
[    1.473779] ohci-omap3: OHCI OMAP3 driver
[    1.477854] SPEAr-ohci: OHCI SPEAr driver
[    1.481922] ohci-st: OHCI STMicroelectronics driver
[    1.486870] ohci-atmel: OHCI Atmel driver
[    1.491287] usbcore: registered new interface driver usb-storage
[    1.498222] mousedev: PS/2 mouse device common for all mice
[    1.505479] tegra_rtc 7000e000.rtc: rtc core: registered 7000e000.rtc as rtc1
[    1.512634] tegra_rtc 7000e000.rtc: Tegra internal Real Time Clock
[    1.521478] random: fast init done
[    1.534781] tps65910-rtc tps65910-rtc: rtc core: registered tps65910-rtc as rtc0
[    1.542351] i2c /dev entries driver
[    1.553319] sdhci: Secure Digital Host Controller Interface driver
[    1.559504] sdhci: Copyright(c) Pierre Ossman
[    1.564758] Synopsys Designware Multimedia Card Interface Driver
[    1.571372] sdhci-pltfm: SDHCI platform and OF driver helper
[    1.577527] sdhci-tegra 78000000.sdhci: Got CD GPIO
[    1.582401] sdhci-tegra 78000000.sdhci: Got WP GPIO
[    1.588517] mmc0: Invalid maximum block size, assuming 512 bytes
[    1.653650] mmc0: SDHCI controller on 78000000.sdhci [78000000.sdhci] using ADMA
[    1.662231] mmc1: Invalid maximum block size, assuming 512 bytes
[    1.723586] mmc1: SDHCI controller on 78000600.sdhci [78000600.sdhci] using ADMA
[    1.732334] ledtrig-cpu: registered to indicate activity on CPUs
[    1.740605] usbcore: registered new interface driver usbhid
[    1.746175] usbhid: USB HID core driver
[    1.752252] NET: Registered protocol family 10
[    1.759353] Segment Routing with IPv6
[    1.763042] sit: IPv6, IPv4 and MPLS over IPv4 tunneling driver
[    1.769384] NET: Registered protocol family 17
[    1.773839] can: controller area network core (rev 20120528 abi 9)
[    1.780040] NET: Registered protocol family 29
[    1.784488] can: raw protocol (rev 20120528)
[    1.788745] can: broadcast manager protocol (rev 20161123 t)
[    1.794400] can: netlink gateway (rev 20130117) max_hops=1
[    1.800146] Key type dns_resolver registered
[    1.804810] ThumbEE CPU extension supported.
[    1.809073] Registering SWP/SWPB emulation handler
[    1.836261] vdd_ddr: supplied by vdd_5v_in
[    1.841202] vdd_5v_sata: supplied by vdd_5v_in
[    1.845974] usb1_vbus: supplied by vdd_5v_in
[    1.850532] usb3_vbus: supplied by vdd_5v_in
[    1.858895] sys_3v3,vdd_3v3_alw: supplied by vdd_5v_in
[    1.865415] +VDD_5V_HDMI: supplied by sys_3v3,vdd_3v3_alw
[    1.871031] sys_3v3_pexs: supplied by sys_3v3,vdd_3v3_alw
[    1.874618] mmc1: new high speed MMC card at address 0001
[    1.877842] mmc0: new ultra high speed DDR50 SDHC card at address aaaa
[    1.878805] mmcblk1: mmc1:0001 SEM16G 14.8 GiB 
[    1.878847] mmcblk0: mmc0:aaaa SS04G 3.69 GiB 
[    1.880171] mmcblk1boot0: mmc1:0001 SEM16G partition 1 1.00 MiB
[    1.881154] mmcblk1boot1: mmc1:0001 SEM16G partition 2 1.00 MiB
[    1.882114] mmcblk1rpmb: mmc1:0001 SEM16G partition 3 128 KiB
[    1.894461] Primary GPT is invalid, using alternate GPT.
[    1.894477]  mmcblk1: p1 p2 p3 p4 p5
[    1.910767]  mmcblk0: p1 p2 p3
[    1.927614] tegra-pcie 3000.pcie-controller: 2x3 configuration
[    1.936294] tegra-pcie 3000.pcie-controller: probing port 0, using 2 lanes
[    2.001412] tegra-pcie 3000.pcie-controller: probing port 2, using 2 lanes
[    2.411316] tegra-pcie 3000.pcie-controller: link 2 down, retrying
[    2.821284] tegra-pcie 3000.pcie-controller: link 2 down, retrying
[    3.231242] tegra-pcie 3000.pcie-controller: link 2 down, retrying
[    3.239432] tegra-pcie 3000.pcie-controller: link 2 down, ignoring
[    3.245737] tegra-pcie 3000.pcie-controller: PCI host bridge to bus 0000:00
[    3.252686] pci_bus 0000:00: root bus resource [io  0x0000-0xffff]
[    3.258864] pci_bus 0000:00: root bus resource [mem 0x20000000-0x27ffffff]
[    3.265729] pci_bus 0000:00: root bus resource [mem 0x28000000-0x3fffffff pref]
[    3.273020] pci_bus 0000:00: root bus resource [bus 00-ff]
[    3.278521] pci 0000:00:01.0: [10de:0e1c] type 01 class 0x060400
[    3.284585] pci 0000:00:01.0: PME# supported from D0 D1 D2 D3hot D3cold
[    3.291331] PCI: bus0: Fast back to back transfers disabled
[    3.296904] pci 0000:00:01.0: bridge configuration invalid ([bus 00-00]), reconfiguring
[    3.304992] pci 0000:01:00.0: [10ec:8168] type 00 class 0x020000
[    3.310996] pci 0000:01:00.0: reg 0x10: [io  0x0000-0x00ff]
[    3.316577] pci 0000:01:00.0: reg 0x18: [mem 0x00000000-0x00000fff 64bit pref]
[    3.323798] pci 0000:01:00.0: reg 0x20: [mem 0x00000000-0x00003fff 64bit pref]
[    3.331070] pci 0000:01:00.0: supports D1 D2
[    3.335336] pci 0000:01:00.0: PME# supported from D0 D1 D2 D3hot D3cold
[    3.363588] PCI: bus1: Fast back to back transfers disabled
[    3.369149] pci_bus 0000:01: busn_res: [bus 01-ff] end is updated to 01
[    3.375815] pci 0000:00:01.0: BAR 9: assigned [mem 0x28000000-0x280fffff 64bit pref]
[    3.383541] pci 0000:00:01.0: BAR 7: assigned [io  0x1000-0x1fff]
[    3.389633] pci 0000:01:00.0: BAR 4: assigned [mem 0x28000000-0x28003fff 64bit pref]
[    3.397374] pci 0000:01:00.0: BAR 2: assigned [mem 0x28004000-0x28004fff 64bit pref]
[    3.405113] pci 0000:01:00.0: BAR 0: assigned [io  0x1000-0x10ff]
[    3.411193] pci 0000:00:01.0: PCI bridge to [bus 01]
[    3.416152] pci 0000:00:01.0:   bridge window [io  0x1000-0x1fff]
[    3.422231] pci 0000:00:01.0:   bridge window [mem 0x28000000-0x280fffff 64bit pref]
[    3.429976] pci 0000:00:01.0: nv_msi_ht_cap_quirk didn't locate host bridge
[    3.436986] pcieport 0000:00:01.0: enabling device (0140 -> 0143)
[    3.443276] pcieport 0000:00:01.0: Signaling PME through PCIe PME interrupt
[    3.450235] pci 0000:01:00.0: Signaling PME through PCIe PME interrupt
[    3.456755] pcie_pme 0000:00:01.0:pcie001: service driver pcie_pme loaded
[    3.463728] r8169 Gigabit Ethernet driver 2.3LK-NAPI loaded
[    3.469302] r8169 0000:01:00.0: enabling device (0140 -> 0143)
[    3.476109] r8169 0000:01:00.0 eth0: RTL8168evl/8111evl at 0xf0afe000, 02:04:4b:01:60:a6, XID 0c900800 IRQ 375
[    3.486114] r8169 0000:01:00.0 eth0: jumbo features [frames: 9200 bytes, tx checksumming: ko]
[    3.497103] [drm] Supports vblank timestamp caching Rev 2 (21.10.2013).
[    3.503731] [drm] No driver support for vblank timestamp query.
[    3.509661] [drm] Cannot find any crtc or sizes - going 1024x768
[    3.536617] Console: switching to colour frame buffer device 128x48
[    3.548923] drm drm: fb0:  frame buffer device
[    3.553409] [drm] Initialized tegra 0.0.0 20120330 on minor 0
[    3.564609] utmi_phy_clk_enable: timeout waiting for phy to stabilize
[    3.571067] tegra-ehci 7d004000.usb: EHCI Host Controller
[    3.576477] tegra-ehci 7d004000.usb: new USB bus registered, assigned bus number 1
[    3.584310] tegra-ehci 7d004000.usb: irq 343, io mem 0x7d004000
[    3.613971] tegra-ehci 7d004000.usb: USB 2.0 started, EHCI 1.00
[    3.621271] hub 1-0:1.0: USB hub found
[    3.625046] hub 1-0:1.0: 1 port detected
[    3.630130] tegra-ehci 7d008000.usb: EHCI Host Controller
[    3.635542] tegra-ehci 7d008000.usb: new USB bus registered, assigned bus number 2
[    3.643274] tegra-ehci 7d008000.usb: irq 344, io mem 0x7d008000
[    3.673963] tegra-ehci 7d008000.usb: USB 2.0 started, EHCI 1.00
[    3.681145] hub 2-0:1.0: USB hub found
[    3.684914] hub 2-0:1.0: 1 port detected
[    3.694484] tps65910-rtc tps65910-rtc: setting system clock to 2000-01-01 00:00:02 UTC (946684802)
[    3.704102] vdd_sata,avdd_plle: disabling
[    3.708842] usb1_vbus: disabling
[    3.713644] EXT4-fs (mmcblk1p1): mounting ext3 file system using the ext4 subsystem
[    3.729347] EXT4-fs (mmcblk1p1): warning: mounting fs with errors, running e2fsck is recommended
[    3.739598] EXT4-fs (mmcblk1p1): recovery complete
[    3.744396] EXT4-fs (mmcblk1p1): mounted filesystem with ordered data mode. Opts: (null)
[    3.752494] VFS: Mounted root (ext3 filesystem) on device 179:1.
[    3.761390] devtmpfs: mounted
[    3.766836] Freeing unused kernel memory: 2048K
bash: cannot set terminal process group (-1): Inappropriate ioctl for device
bash: no job control in this shell
root@(none):/# mount -t sysfs none /sys
root@(none):/# 
root@(none):/# [    4.721416] asix 2-1:1.0 eth1: register 'asix' at usb-7d008000.usb-1, ASIX AX88772 USB 2.0 Ethernet, 00:50:b6:0f:67:60
mount -t debugfs none /sys/kernel/debug
root@(none):/# 
root@(none):/# rtcwake -d rtc1 -m mem -s 3
rtcwake: wakeup from "mem" using /dev/rtc1 at Thu Jan  1 00:00:21 1970
[    6.453188] PM: Syncing filesystems ... done.
[    6.466932] Freezing user space processes ... (elapsed 0.001 seconds) done.
[    6.475057] Freezing remaining freezable tasks ... (elapsed 0.001 seconds) done.
[    6.483683] Suspending console(s) (use no_console_suspend to debug)
[    6.566773] PM: suspend of devices complete after 75.984 msecs
[    6.567654] PM: late suspend of devices complete after 0.873 msecs
[    6.594256] PM: noirq suspend of devices complete after 26.594 msecs
[    6.594260] Disabling non-boot CPUs ...
[    6.594591] IRQ17 no longer affine to CPU1
[    6.594915] CPU1: shutdown
[    6.665366] CPU2: shutdown
[    6.724672] CPU3: shutdown
[    6.774158] Entering suspend state LP1
[    6.774158] Suspended for 3.077 seconds
[    6.774169] Enabling non-boot CPUs ...
[    6.804607] CPU1 is up
[    6.844721] CPU2 is up
[    6.884853] CPU3 is up
[    6.885470] pcieport 0000:00:01.0: nv_msi_ht_cap_quirk didn't locate host bridge
[    6.913623] PM: noirq resume of devices complete after 28.763 msecs
[    6.915436] PM: early resume of devices complete after 1.415 msecs
[    7.470623] PM: resume of devices complete after 555.179 msecs
[    7.549886] Restarting tasks ... done.
root@(none):/# 
root@(none):/# rtcwake -d rtc1 -m mem -s 3
rtcwake: wakeup from "mem" using /dev/rtc1 at Thu Jan  1 00:00:26 1970
[    8.496889] PM: Syncing filesystems ... done.
[    8.509171] Freezing user space processes ... (elapsed 0.001 seconds) done.
[    8.517294] Freezing remaining freezable tasks ... (elapsed 0.001 seconds) done.
[    8.525910] Suspending console(s) (use no_console_suspend to debug)
[    8.608618] PM: suspend of devices complete after 75.674 msecs
[    8.610241] PM: late suspend of devices complete after 1.615 msecs
[    8.634234] PM: noirq suspend of devices complete after 23.985 msecs
[    8.634237] Disabling non-boot CPUs ...
[    8.634886] CPU1: shutdown
[    8.714922] IRQ17 no longer affine to CPU2
[    8.715145] CPU2: shutdown
[    8.774621] CPU3: shutdown
[    8.824105] Entering suspend state LP1
[    8.824105] Suspended for 2.950 seconds
[    8.824120] Enabling non-boot CPUs ...
[    8.854772] CPU1 is up
[    8.894842] CPU2 is up
[    8.934981] CPU3 is up
[    8.935727] pcieport 0000:00:01.0: nv_msi_ht_cap_quirk didn't locate host bridge
[    8.963602] PM: noirq resume of devices complete after 28.615 msecs
[    8.965290] PM: early resume of devices complete after 1.242 msecs
[    9.525478] PM: resume of devices complete after 560.175 msecs
[    9.605013] Restarting tasks ... done.
root@(none):/# 
root@(none):/# rtcwake -d rtc1 -m mem -s 3
rtcwake: wakeup from "mem" using /dev/rtc1 at Thu Jan  1 00:00:31 1970
[   10.502052] PM: Syncing filesystems ... done.
[   10.516639] Freezing user space processes ... (elapsed 0.001 seconds) done.
[   10.524814] Freezing remaining freezable tasks ... (elapsed 0.001 seconds) done.
[   10.533473] Suspending console(s) (use no_console_suspend to debug)
[   10.618533] PM: suspend of devices complete after 77.770 msecs
[   10.619683] PM: late suspend of devices complete after 1.139 msecs
[   10.644372] PM: noirq suspend of devices complete after 24.680 msecs
[   10.644375] Disabling non-boot CPUs ...
[   10.645200] CPU1: shutdown
[   10.725454] CPU2: shutdown
[   10.784488] IRQ17 no longer affine to CPU3
[   10.784703] CPU3: shutdown
[   10.834142] Entering suspend state LP1
[   10.834142] Suspended for 2.989 seconds
[   10.834155] Enabling non-boot CPUs ...
[   10.864761] CPU1 is up
[   10.904818] CPU2 is up
[   10.944948] CPU3 is up
[   10.945678] pcieport 0000:00:01.0: nv_msi_ht_cap_quirk didn't locate host bridge
[   10.973581] PM: noirq resume of devices complete after 28.624 msecs
[   10.975309] PM: early resume of devices complete after 1.286 msecs
[   11.535462] PM: resume of devices complete after 560.141 msecs
[   11.614976] Restarting tasks ... done.
root@(none):/# 
root@(none):/# rtcwake -d rtc1 -m mem -s 3
rtcwake: wakeup from "mem" using /dev/rtc1 at Thu Jan  1 00:00:36 1970
[   12.511990] PM: Syncing filesystems ... done.
[   12.526570] Freezing user space processes ... (elapsed 0.001 seconds) done.
[   12.534737] Freezing remaining freezable tasks ... (elapsed 0.001 seconds) done.
[   12.543398] Suspending console(s) (use no_console_suspend to debug)
[   12.629487] PM: suspend of devices complete after 78.807 msecs
[   12.632199] PM: late suspend of devices complete after 2.702 msecs
[   12.654301] PM: noirq suspend of devices complete after 22.094 msecs
[   12.654307] Disabling non-boot CPUs ...
[   12.655120] CPU1: shutdown
[   12.715402] CPU2: shutdown
[   12.774476] IRQ17 no longer affine to CPU3
[   12.774701] CPU3: shutdown
[   12.824109] Entering suspend state LP1
[   12.824109] Suspended for 3.010 seconds
[   12.824122] Enabling non-boot CPUs ...
[   12.854721] CPU1 is up
[   12.894781] CPU2 is up
[   12.934914] CPU3 is up
[   12.935692] pcieport 0000:00:01.0: nv_msi_ht_cap_quirk didn't locate host bridge
[   12.963548] PM: noirq resume of devices complete after 28.625 msecs
[   12.965239] PM: early resume of devices complete after 1.250 msecs
[   13.520040] PM: resume of devices complete after 554.790 msecs
[   13.599528] Restarting tasks ... done.
root@(none):/# 
root@(none):/# rtcwake -d rtc1 -m mem -s 3
rtcwake: wakeup from "mem" using /dev/rtc1 at Thu Jan  1 00:00:41 1970
[   14.501984] PM: Syncing filesystems ... done.
[   14.516553] Freezing user space processes ... (elapsed 0.001 seconds) done.
[   14.524728] Freezing remaining freezable tasks ... (elapsed 0.001 seconds) done.
[   14.533392] Suspending console(s) (use no_console_suspend to debug)
[   14.618496] PM: suspend of devices complete after 77.831 msecs
[   14.622638] PM: late suspend of devices complete after 4.134 msecs
[   14.644303] PM: noirq suspend of devices complete after 21.654 msecs
[   14.644306] Disabling non-boot CPUs ...
[   14.645148] CPU1: shutdown
[   14.705089] IRQ17 no longer affine to CPU2
[   14.705368] CPU2: shutdown
[   14.764662] CPU3: shutdown
[   14.814147] Entering suspend state LP1
[   14.814147] Suspended for 3.009 seconds
[   14.814161] Enabling non-boot CPUs ...
[   14.844697] CPU1 is up
[   14.884746] CPU2 is up
[   14.924903] CPU3 is up
[   14.925660] pcieport 0000:00:01.0: nv_msi_ht_cap_quirk didn't locate host bridge
[   14.953522] PM: noirq resume of devices complete after 28.610 msecs
[   14.955736] PM: early resume of devices complete after 1.771 msecs
[   15.510020] PM: resume of devices complete after 554.271 msecs
[   15.589538] Restarting tasks ... done.
root@(none):/# 
root@(none):/# rtcwake -d rtc1 -m mem -s 3
rtcwake: wakeup from "mem" using /dev/rtc1 at Thu Jan  1 00:00:46 1970
[   16.491978] PM: Syncing filesystems ... done.
[   16.505577] Freezing user space processes ... (elapsed 0.001 seconds) done.
[   16.513748] Freezing remaining freezable tasks ... (elapsed 0.001 seconds) done.
[   16.522405] Suspending console(s) (use no_console_suspend to debug)
[   16.608934] PM: suspend of devices complete after 79.247 msecs
[   16.611065] PM: late suspend of devices complete after 2.123 msecs
[   16.634271] PM: noirq suspend of devices complete after 23.197 msecs
[   16.634276] Disabling non-boot CPUs ...
[   16.635111] CPU1: shutdown
[   16.705092] IRQ17 no longer affine to CPU2
[   16.705379] CPU2: shutdown
[   16.744629] CPU3: shutdown
[   16.794042] Entering suspend state LP1
[   16.794042] Suspended for 3.020 seconds
[   16.794057] Enabling non-boot CPUs ...
[   16.824661] CPU1 is up
[   16.864726] CPU2 is up
[   16.904852] CPU3 is up
[   16.905598] pcieport 0000:00:01.0: nv_msi_ht_cap_quirk didn't locate host bridge
[   16.933491] PM: noirq resume of devices complete after 28.632 msecs
[   16.935178] PM: early resume of devices complete after 1.251 msecs
[   17.491216] PM: resume of devices complete after 556.026 msecs
[   17.570731] Restarting tasks ... done.
root@(none):/# 
root@(none):/# rtcwake -d rtc1 -m mem -s 3
rtcwake: wakeup from "mem" using /dev/rtc1 at Thu Jan  1 00:00:51 1970
[   18.471993] PM: Syncing filesystems ... done.
[   18.486588] Freezing user space processes ... (elapsed 0.001 seconds) done.
[   18.494763] Freezing remaining freezable tasks ... (elapsed 0.001 seconds) done.
[   18.503446] Suspending console(s) (use no_console_suspend to debug)
[   18.588966] PM: suspend of devices complete after 78.248 msecs
[   18.592251] PM: late suspend of devices complete after 3.278 msecs
[   18.614242] PM: noirq suspend of devices complete after 21.983 msecs
[   18.614247] Disabling non-boot CPUs ...
[   18.615082] CPU1: shutdown
[   18.695051] IRQ17 no longer affine to CPU2
[   18.695337] CPU2: shutdown
[   18.754592] CPU3: shutdown
[   18.804011] Entering suspend state LP1
[   18.804011] Suspended for 2.990 seconds
[   18.804028] Enabling non-boot CPUs ...
[   18.834648] CPU1 is up
[   18.874714] CPU2 is up
[   18.914816] CPU3 is up
[   18.915577] pcieport 0000:00:01.0: nv_msi_ht_cap_quirk didn't locate host bridge
[   18.943473] PM: noirq resume of devices complete after 28.648 msecs
[   18.945238] PM: early resume of devices complete after 1.347 msecs
[   19.505750] PM: resume of devices complete after 560.500 msecs
[   19.585242] Restarting tasks ... done.
root@(none):/# 
root@(none):/# rtcwake -d rtc1 -m mem -s 3
rtcwake: wakeup from "mem" using /dev/rtc1 at Thu Jan  1 00:00:56 1970
[   20.501868] PM: Syncing filesystems ... done.
[   20.515447] Freezing user space processes ... (elapsed 0.001 seconds) done.
[   20.523624] Freezing remaining freezable tasks ... (elapsed 0.001 seconds) done.
[   20.532293] Suspending console(s) (use no_console_suspend to debug)
[   20.619379] PM: suspend of devices complete after 79.795 msecs
[   20.622055] PM: late suspend of devices complete after 2.667 msecs
[   20.644220] PM: noirq suspend of devices complete after 22.157 msecs
[   20.644226] Disabling non-boot CPUs ...
[   20.645053] CPU1: shutdown
[   20.735013] IRQ17 no longer affine to CPU2
[   20.735291] CPU2: shutdown
[   20.794564] CPU3: shutdown
[   20.843981] Entering suspend state LP1
[   20.843981] Suspended for 2.960 seconds
[   20.843996] Enabling non-boot CPUs ...
[   20.874617] CPU1 is up
[   20.914665] CPU2 is up
[   20.954794] CPU3 is up
[   20.955530] pcieport 0000:00:01.0: nv_msi_ht_cap_quirk didn't locate host bridge
[   20.983442] PM: noirq resume of devices complete after 28.636 msecs
[   20.984654] PM: early resume of devices complete after 0.784 msecs
[   21.545338] PM: resume of devices complete after 560.672 msecs
[   21.624880] Restarting tasks ... done.
root@(none):/# 
root@(none):/# rtcwake -d rtc1 -m mem -s 3
rtcwake: wakeup from "mem" using /dev/rtc1 at Thu Jan  1 00:01:01 1970
[   22.580877] PM: Syncing filesystems ... done.
[   22.594465] Freezing user space processes ... (elapsed 0.001 seconds) done.
[   22.602615] Freezing remaining freezable tasks ... (elapsed 0.001 seconds) done.
[   22.611294] Suspending console(s) (use no_console_suspend to debug)
[   22.698899] PM: suspend of devices complete after 80.317 msecs
[   22.700587] PM: late suspend of devices complete after 1.677 msecs
[   22.724194] PM: noirq suspend of devices complete after 23.596 msecs
[   22.724199] Disabling non-boot CPUs ...
[   22.724630] IRQ17 no longer affine to CPU1
[   22.725051] CPU1: shutdown
[   22.795269] CPU2: shutdown
[   22.854533] CPU3: shutdown
[   22.903962] Entering suspend state LP1
[   22.903962] Suspended for 2.939 seconds
[   22.903978] Enabling non-boot CPUs ...
[   22.934573] CPU1 is up
[   22.974646] CPU2 is up
[   23.014759] CPU3 is up
[   23.015514] pcieport 0000:00:01.0: nv_msi_ht_cap_quirk didn't locate host bridge
[   23.043410] PM: noirq resume of devices complete after 28.643 msecs
[   23.044646] PM: early resume of devices complete after 0.801 msecs
[   23.599356] PM: resume of devices complete after 554.697 msecs
[   23.678870] Restarting tasks ... done.
root@(none):/# 
root@(none):/# rtcwake -d rtc1 -m mem -s 3
rtcwake: wakeup from "mem" using /dev/rtc1 at Thu Jan  1 00:01:06 1970
[   24.580807] PM: Syncing filesystems ... done.
[   24.595412] Freezing user space processes ... (elapsed 0.001 seconds) done.
[   24.603595] Freezing remaining freezable tasks ... (elapsed 0.001 seconds) done.
[   24.612250] Suspending console(s) (use no_console_suspend to debug)
[   24.698312] PM: suspend of devices complete after 78.778 msecs
[   24.699428] PM: late suspend of devices complete after 1.107 msecs
[   24.724185] PM: noirq suspend of devices complete after 24.747 msecs
[   24.724189] Disabling non-boot CPUs ...
[   24.725026] CPU1: shutdown
[   24.804978] IRQ17 no longer affine to CPU2
[   24.805259] CPU2: shutdown
[   24.864513] CPU3: shutdown
[   24.913938] Entering suspend state LP1
[   24.913938] Suspended for 2.989 seconds
[   24.913953] Enabling non-boot CPUs ...
[   24.944551] CPU1 is up
[   24.984596] CPU2 is up
[   25.024761] CPU3 is up
[   25.025527] pcieport 0000:00:01.0: nv_msi_ht_cap_quirk didn't locate host bridge
[   25.053382] PM: noirq resume of devices complete after 28.615 msecs
[   25.054605] PM: early resume of devices complete after 0.785 msecs
[   25.609937] PM: resume of devices complete after 555.324 msecs
[   25.689428] Restarting tasks ... done.
root@(none):/# 
root@(none):/# NVTB SYSTEM SUSPEND TEST COMPLETE
