
U-Boot SPL 2014.01-00219-gc4d376f (Feb 18 2014 - 19:57:18)


U-Boot 2014.01-00219-gc4d376f (Feb 18 2014 - 19:57:18)

TEGRA30
Board: NVIDIA Beaver
I2C:   ready
DRAM:  2 GiB
MMC:   Tegra SD/MMC: 0, Tegra SD/MMC: 1
In:    serial
Out:   serial
Err:   serial
Net:   Net Initialization Skipped
No ethernet found.
Hit any key to stop autoboot:  2  0 
Tegra30 (Beaver) # 
Tegra30 (Beaver) # usb reset
(Re)start USB...
USB0:   USB EHCI 1.00
scanning bus 0 for devices... 2 USB Device(s) found
       scanning usb for storage devices... 0 Storage Device(s) found
       scanning usb for ethernet devices... 
Warning: asx0 using MAC address from net device
1 Ethernet Device(s) found
Tegra30 (Beaver) # setenv bootargs 'ignore_loglevel console=ttyS0,115200n8 rw root=PARTUUID=edbe1840-3633-c751-7993-b0ac834f81e0 rootwait gpt debug noinitrd earlyprintk init=/bin/bash'
Tegra30 (Beaver) # setenv ipaddr 192.168.100.101; setenv serverip 192.168.100.1; setenv tftpserverip 192.168.100.1
Tegra30 (Beaver) # tftpboot 0x81000000 zImage.multi_v7_defconfig
Using asx0 device
TFTP from server 192.168.100.1; our IP address is 192.168.100.101
Filename 'zImage.multi_v7_defconfig'.
Load address: 0x81000000
Loading: *#################################################################
	 #################################################################
	 #################################################################
	 #################################################################
	 #################################################################
	 #################################################################
	 #################################################################
	 #################################################################
	 ################
	 3.3 MiB/s
done
Bytes transferred = 7855592 (77dde8 hex)
Tegra30 (Beaver) # tftpboot 0x82000000 tegra30-beaver.dtb
Using asx0 device
TFTP from server 192.168.100.1; our IP address is 192.168.100.101
Filename 'tegra30-beaver.dtb'.
Load address: 0x82000000
Loading: *####
	 3.3 MiB/s
done
Bytes transferred = 51804 (ca5c hex)
Tegra30 (Beaver) # bootz 0x81000000 - 0x82000000
Kernel image @ 0x81000000 [ 0x000000 - 0x77dde8 ]
## Flattened Device Tree blob at 82000000
   Booting using the fdt blob at 0x82000000
   Loading Device Tree to 8fff0000, end 8ffffa5b ... OK

Starting kernel ...

[    0.000000] Booting Linux on physical CPU 0x0
[    0.000000] Linux version 4.11.0-rc3-next-20170323-160636-g6ec9c2f (jonathanh@sellafield) (gcc version 4.7.3 20130328 (prerelease) (crosstool-NG linaro-1.13.1-4.7-2013.04-20130415 - Linaro GCC 2013.04) ) #1 SMP Thu Mar 23 02:18:40 PDT 2017
[    0.000000] CPU: ARMv7 Processor [412fc099] revision 9 (ARMv7), cr=10c5387d
[    0.000000] CPU: PIPT / VIPT nonaliasing data cache, VIPT aliasing instruction cache
[    0.000000] OF: fdt: Machine model: NVIDIA Tegra30 Beaver evaluation board
[    0.000000] debug: ignoring loglevel setting.
[    0.000000] efi: Getting EFI parameters from FDT:
[    0.000000] efi: UEFI not found.
[    0.000000] cma: Reserved 64 MiB at 0xfb800000
[    0.000000] Memory policy: Data cache writealloc
[    0.000000] On node 0 totalpages: 524032
[    0.000000] free_area_init_node: node 0, pgdat c157bd40, node_mem_map eeff8000
[    0.000000]   DMA zone: 1536 pages used for memmap
[    0.000000]   DMA zone: 0 pages reserved
[    0.000000]   DMA zone: 196608 pages, LIFO batch:31
[    0.000000]   HighMem zone: 327424 pages, LIFO batch:31
[    0.000000] percpu: Embedded 17 pages/cpu @eef88000 s38528 r8192 d22912 u69632
[    0.000000] pcpu-alloc: s38528 r8192 d22912 u69632 alloc=17*4096
[    0.000000] pcpu-alloc: [0] 0 [0] 1 [0] 2 [0] 3 
[    0.000000] Built 1 zonelists in Zone order, mobility grouping on.  Total pages: 522496
[    0.000000] Kernel command line: ignore_loglevel console=ttyS0,115200n8 rw root=PARTUUID=edbe1840-3633-c751-7993-b0ac834f81e0 rootwait gpt debug noinitrd earlyprintk init=/bin/bash
[    0.000000] PID hash table entries: 4096 (order: 2, 16384 bytes)
[    0.000000] Dentry cache hash table entries: 131072 (order: 7, 524288 bytes)
[    0.000000] Inode-cache hash table entries: 65536 (order: 6, 262144 bytes)
[    0.000000] Memory: 1993500K/2096128K available (10240K kernel code, 1549K rwdata, 4388K rodata, 2048K init, 417K bss, 37092K reserved, 65536K cma-reserved, 1244160K highmem)
[    0.000000] Virtual kernel memory layout:
[    0.000000]     vector  : 0xffff0000 - 0xffff1000   (   4 kB)
[    0.000000]     fixmap  : 0xffc00000 - 0xfff00000   (3072 kB)
[    0.000000]     vmalloc : 0xf0800000 - 0xff800000   ( 240 MB)
[    0.000000]     lowmem  : 0xc0000000 - 0xf0000000   ( 768 MB)
[    0.000000]     pkmap   : 0xbfe00000 - 0xc0000000   (   2 MB)
[    0.000000]     modules : 0xbf000000 - 0xbfe00000   (  14 MB)
[    0.000000]       .text : 0xc0208000 - 0xc0d00000   (11232 kB)
[    0.000000]       .init : 0xc1200000 - 0xc1400000   (2048 kB)
[    0.000000]       .data : 0xc1400000 - 0xc1583790   (1550 kB)
[    0.000000]        .bss : 0xc1585000 - 0xc15ed608   ( 418 kB)
[    0.000000] SLUB: HWalign=64, Order=0-3, MinObjects=0, CPUs=4, Nodes=1
[    0.000000] Hierarchical RCU implementation.
[    0.000000] 	RCU debugfs-based tracing is enabled.
[    0.000000] 	RCU restricting CPUs from NR_CPUS=16 to nr_cpu_ids=4.
[    0.000000] RCU: Adjusting geometry for rcu_fanout_leaf=16, nr_cpu_ids=4
[    0.000000] NR_IRQS:16 nr_irqs:16 16
[    0.000000] /interrupt-controller@60004000: 160 interrupts forwarded to /interrupt-controller@50041000
[    0.000000] L2C: platform modifies aux control register: 0x02080000 -> 0x3e480001
[    0.000000] L2C: DT/platform modifies aux control register: 0x02080000 -> 0x3e480001
[    0.000000] L2C-310 erratum 769419 enabled
[    0.000000] L2C-310 enabling early BRESP for Cortex-A9
[    0.000000] L2C-310: enabling full line of zeros but not enabled in Cortex-A9
[    0.000000] L2C-310 dynamic clock gating enabled, standby mode enabled
[    0.000000] L2C-310 cache controller enabled, 8 ways, 1024 kB
[    0.000000] L2C-310: CACHE_ID 0x410000c7, AUX_CTRL 0x4e480001
[    0.000013] sched_clock: 32 bits at 1000kHz, resolution 1000ns, wraps every 2147483647500ns
[    0.000031] clocksource: timer_us: mask: 0xffffffff max_cycles: 0xffffffff, max_idle_ns: 1911260446275 ns
[    0.000040] Switching to timer-based delay loop, resolution 1000ns
[    0.002797] Console: colour dummy device 80x30
[    0.002826] Calibrating delay loop (skipped), value calculated using timer frequency.. 2.00 BogoMIPS (lpj=10000)
[    0.002835] pid_max: default: 32768 minimum: 301
[    0.002910] Mount-cache hash table entries: 2048 (order: 1, 8192 bytes)
[    0.002919] Mountpoint-cache hash table entries: 2048 (order: 1, 8192 bytes)
[    0.003308] CPU: Testing write buffer coherency: ok
[    0.003632] CPU0: thread -1, cpu 0, socket 0, mpidr 80000000
[    0.003849] Setting up static identity map for 0x80300000 - 0x80300098
[    0.006419] Tegra Revision: A03 SKU: 128 CPU Process: 4 SoC Process: 0
[    0.006914] EFI services will not be available.
[    0.007070] smp: Bringing up secondary CPUs ...
[    0.010384] CPU1: thread -1, cpu 1, socket 0, mpidr 80000001
[    0.020340] CPU2: thread -1, cpu 2, socket 0, mpidr 80000002
[    0.030340] CPU3: thread -1, cpu 3, socket 0, mpidr 80000003
[    0.030384] smp: Brought up 1 node, 4 CPUs
[    0.030397] SMP: Total of 4 processors activated (8.00 BogoMIPS).
[    0.030402] CPU: All CPU(s) started in SVC mode.
[    0.031090] devtmpfs: initialized
[    0.039277] VFP support v0.3: implementor 41 architecture 3 part 30 variant 9 rev 4
[    0.039700] clocksource: jiffies: mask: 0xffffffff max_cycles: 0xffffffff, max_idle_ns: 19112604462750000 ns
[    0.039720] futex hash table entries: 1024 (order: 4, 65536 bytes)
[    0.043113] pinctrl core: initialized pinctrl subsystem
[    0.044843] NET: Registered protocol family 16
[    0.047782] DMA: preallocated 256 KiB pool for atomic coherent allocations
[    0.049475] cpuidle: using governor menu
[    0.063682] No ATAGs?
[    0.063786] hw-breakpoint: found 5 (+1 reserved) breakpoint and 1 watchpoint registers.
[    0.063797] hw-breakpoint: maximum watchpoint size is 4 bytes.
[    0.067696] Serial: AMBA PL011 UART driver
[    0.068157] tegra-mc 7000f000.memory-controller: no memory timings for RAM code 3 registered
[    0.077227] AT91: Could not find identification node
[    0.077679] vdd_5v_sata: Failed to request enable GPIO30: -517
[    0.077695] reg-fixed-voltage regulators:regulator@3: Failed to register regulator: -517
[    0.077739] usb1_vbus: Failed to request enable GPIO238: -517
[    0.077747] reg-fixed-voltage regulators:regulator@4: Failed to register regulator: -517
[    0.077790] usb3_vbus: Failed to request enable GPIO236: -517
[    0.077797] reg-fixed-voltage regulators:regulator@5: Failed to register regulator: -517
[    0.077884] sys_3v3_pexs: Failed to request enable GPIO95: -517
[    0.077891] reg-fixed-voltage regulators:regulator@7: Failed to register regulator: -517
[    0.079759] vgaarb: loaded
[    0.080256] SCSI subsystem initialized
[    0.080399] libata version 3.00 loaded.
[    0.080554] usbcore: registered new interface driver usbfs
[    0.080588] usbcore: registered new interface driver hub
[    0.080621] usbcore: registered new device driver usb
[    0.087635] vrtc: supplied by vdd_5v_in
[    0.090928] vio: supplied by vdd_5v_in
[    0.101830] vdd1: supplied by vdd_5v_in
[    0.103189] vddio_ddr_1v2: Bringing 600000uV into 1200000-1200000uV
[    0.111841] vdd2: supplied by vdd_5v_in
[    0.131824] ldo1: supplied by vdd_1v5_gen
[    0.134218] ldo2: supplied by vdd_1v5_gen
[    0.134691] vdd_sata,avdd_plle: Bringing 1200000uV into 1050000-1050000uV
[    0.136924] ldo3: supplied by vdd_5v_in
[    0.139289] ldo4: supplied by vdd_5v_in
[    0.141827] ldo5: supplied by vdd_5v_in
[    0.151828] ldo6: supplied by vdd_1v8_gen
[    0.152302] avdd_dsi_csi,pwrdet_mipi: Bringing 1000000uV into 1200000-1200000uV
[    0.154563] ldo7: supplied by vdd_1v8_gen
[    0.161828] ldo8: supplied by vdd_1v8_gen
[    0.171905] pps_core: LinuxPPS API ver. 1 registered
[    0.171911] pps_core: Software ver. 5.3.6 - Copyright 2005-2007 Rodolfo Giometti <giometti@linux.it>
[    0.171924] PTP clock support registered
[    0.172057] EDAC MC: Ver: 3.0.0
[    0.173593] clocksource: Switched to clocksource timer_us
[    0.206555] NET: Registered protocol family 2
[    0.206985] TCP established hash table entries: 8192 (order: 3, 32768 bytes)
[    0.207042] TCP bind hash table entries: 8192 (order: 4, 65536 bytes)
[    0.207131] TCP: Hash tables configured (established 8192 bind 8192)
[    0.207276] UDP hash table entries: 512 (order: 2, 16384 bytes)
[    0.207344] UDP-Lite hash table entries: 512 (order: 2, 16384 bytes)
[    0.207523] NET: Registered protocol family 1
[    0.207840] RPC: Registered named UNIX socket transport module.
[    0.207848] RPC: Registered udp transport module.
[    0.207852] RPC: Registered tcp transport module.
[    0.207856] RPC: Registered tcp NFSv4.1 backchannel transport module.
[    0.207864] PCI: CLS 0 bytes, default 64
[    0.208699] hw perfevents: enabled with armv7_cortex_a9 PMU driver, 7 counters available
[    0.209931] workingset: timestamp_bits=30 max_order=19 bucket_order=0
[    0.214810] squashfs: version 4.0 (2009/01/31) Phillip Lougher
[    0.215239] NFS: Registering the id_resolver key type
[    0.215264] Key type id_resolver registered
[    0.215268] Key type id_legacy registered
[    0.215298] ntfs: driver 2.1.32 [Flags: R/O].
[    0.216351] bounce: pool size: 64 pages
[    0.216388] Block layer SCSI generic (bsg) driver version 0.4 loaded (major 248)
[    0.216397] io scheduler noop registered
[    0.216401] io scheduler deadline registered
[    0.216501] io scheduler cfq registered (default)
[    0.216507] io scheduler mq-deadline registered
[    0.222552] tegra30-pinctrl 70000868.pinmux: invalid group "sdmmc3_dat6_pd3" for function "rsvd1"
[    0.222569] tegra30-pinctrl 70000868.pinmux: invalid group "sdmmc3_dat7_pd4" for function "rsvd1"
[    0.222582] tegra30-pinctrl 70000868.pinmux: invalid group "vi_vsync_pd6" for function "rsvd1"
[    0.222591] tegra30-pinctrl 70000868.pinmux: invalid group "vi_hsync_pd7" for function "rsvd1"
[    0.223014] tegra30-pinctrl 70000868.pinmux: invalid group "hdmi_int_pn7" for function "rsvd1"
[    0.223054] tegra30-pinctrl 70000868.pinmux: invalid group "ulpi_data3_po4" for function "rsvd1"
[    0.223367] tegra30-pinctrl 70000868.pinmux: invalid group "vi_d10_pt2" for function "rsvd1"
[    0.223380] tegra30-pinctrl 70000868.pinmux: invalid group "vi_d11_pt3" for function "rsvd1"
[    0.223391] tegra30-pinctrl 70000868.pinmux: invalid group "vi_d0_pt4" for function "rsvd1"
[    0.223430] tegra30-pinctrl 70000868.pinmux: invalid group "pu0" for function "rsvd1"
[    0.223458] tegra30-pinctrl 70000868.pinmux: invalid group "pu3" for function "rsvd1"
[    0.223500] tegra30-pinctrl 70000868.pinmux: invalid group "pu6" for function "rsvd1"
[    0.223539] tegra30-pinctrl 70000868.pinmux: invalid group "pv3" for function "rsvd1"
[    0.224064] tegra30-pinctrl 70000868.pinmux: invalid group "pbb0" for function "rsvd1"
[    0.224177] tegra30-pinctrl 70000868.pinmux: invalid group "pcc1" for function "rsvd1"
[    0.229351] tegra-pcie 3000.pcie-controller: 2x3 configuration
[    0.229499] tegra-pcie 3000.pcie-controller: Failed to get supply 'hvdd-pex': -517
[    0.234971] tegra-apbdma 6000a000.dma: Tegra20 APB DMA driver register 32 channels
[    0.236238] tegra-pmc 7000e400.pmc: i2c-thermtrip node not found, emergency thermal reset disabled.
[    0.268078] Serial: 8250/16550 driver, 4 ports, IRQ sharing disabled
[    0.270087] console [ttyS0] disabled
[    0.270122] 70006000.serial: ttyS0 at MMIO 0x70006000 (irq = 331, base_baud = 25500000) is a Tegra
[    1.280509] console [ttyS0] enabled
[    1.284534] SuperH (H)SCI(F) driver initialized
[    1.289616] msm_serial: driver initialized
[    1.293825] STMicroelectronics ASC driver initialized
[    1.302506] tegra-hdmi 54280000.hdmi: failed to get HDMI regulator
[    1.316833] brd: module loaded
[    1.325744] loop: module loaded
[    1.334222] m25p80 spi32766.1: w25q32 (4096 Kbytes)
[    1.340891] libphy: Fixed MDIO Bus: probed
[    1.345701] CAN device driver interface
[    1.350071] bgmac_bcma: Broadcom 47xx GBit MAC driver loaded
[    1.356477] e1000e: Intel(R) PRO/1000 Network Driver - 3.2.6-k
[    1.362292] e1000e: Copyright(c) 1999 - 2015 Intel Corporation.
[    1.368242] igb: Intel(R) Gigabit Ethernet Network Driver - version 5.4.0-k
[    1.375192] igb: Copyright (c) 2007-2014 Intel Corporation.
[    1.382679] pegasus: v0.9.3 (2013/04/25), Pegasus/Pegasus II USB Ethernet driver
[    1.390121] usbcore: registered new interface driver pegasus
[    1.395805] usbcore: registered new interface driver asix
[    1.401208] usbcore: registered new interface driver ax88179_178a
[    1.407321] usbcore: registered new interface driver cdc_ether
[    1.413165] usbcore: registered new interface driver smsc75xx
[    1.418930] usbcore: registered new interface driver smsc95xx
[    1.424695] usbcore: registered new interface driver net1080
[    1.430356] usbcore: registered new interface driver cdc_subset
[    1.436285] usbcore: registered new interface driver zaurus
[    1.441873] usbcore: registered new interface driver cdc_ncm
[    1.448910] ehci_hcd: USB 2.0 'Enhanced' Host Controller (EHCI) Driver
[    1.455433] ehci-pci: EHCI PCI platform driver
[    1.459887] ehci-platform: EHCI generic platform driver
[    1.465227] ehci-orion: EHCI orion driver
[    1.469311] SPEAr-ehci: EHCI SPEAr driver
[    1.473383] ehci-st: EHCI STMicroelectronics driver
[    1.478330] ehci-exynos: EHCI EXYNOS driver
[    1.482592] ehci-atmel: EHCI Atmel driver
[    1.486675] tegra-ehci: Tegra EHCI driver
[    1.490965] ohci_hcd: USB 1.1 'Open' Host Controller (OHCI) Driver
[    1.497148] ohci-pci: OHCI PCI platform driver
[    1.501609] ohci-platform: OHCI generic platform driver
[    1.506930] ohci-omap3: OHCI OMAP3 driver
[    1.511001] SPEAr-ohci: OHCI SPEAr driver
[    1.515084] ohci-st: OHCI STMicroelectronics driver
[    1.520022] ohci-atmel: OHCI Atmel driver
[    1.524470] usbcore: registered new interface driver usb-storage
[    1.532933] tegra_rtc 7000e000.rtc: rtc core: registered 7000e000.rtc as rtc1
[    1.540118] tegra_rtc 7000e000.rtc: Tegra internal Real Time Clock
[    1.548971] random: fast init done
[    1.562282] tps65910-rtc tps65910-rtc: rtc core: registered tps65910-rtc as rtc0
[    1.569869] i2c /dev entries driver
[    1.581427] sdhci: Secure Digital Host Controller Interface driver
[    1.587616] sdhci: Copyright(c) Pierre Ossman
[    1.592867] Synopsys Designware Multimedia Card Interface Driver
[    1.599607] sdhci-pltfm: SDHCI platform and OF driver helper
[    1.605789] sdhci-tegra 78000000.sdhci: Got CD GPIO
[    1.610663] sdhci-tegra 78000000.sdhci: Got WP GPIO
[    1.623852] mmc0: Invalid maximum block size, assuming 512 bytes
[    1.693676] mmc0: SDHCI controller on 78000000.sdhci [78000000.sdhci] using ADMA
[    1.710033] mmc1: Invalid maximum block size, assuming 512 bytes
[    1.773611] mmc1: SDHCI controller on 78000600.sdhci [78000600.sdhci] using ADMA
[    1.782333] ledtrig-cpu: registered to indicate activity on CPUs
[    1.788623] usbcore: registered new interface driver usbhid
[    1.794192] usbhid: USB HID core driver
[    1.800359] NET: Registered protocol family 10
[    1.805532] Segment Routing with IPv6
[    1.809220] sit: IPv6, IPv4 and MPLS over IPv4 tunneling driver
[    1.815567] NET: Registered protocol family 17
[    1.820003] can: controller area network core (rev 20120528 abi 9)
[    1.826224] NET: Registered protocol family 29
[    1.830654] can: raw protocol (rev 20120528)
[    1.834926] can: broadcast manager protocol (rev 20161123 t)
[    1.840573] can: netlink gateway (rev 20130117) max_hops=1
[    1.846325] Key type dns_resolver registered
[    1.850978] ThumbEE CPU extension supported.
[    1.855260] Registering SWP/SWPB emulation handler
[    1.870654] vdd_ddr: supplied by vdd_5v_in
[    1.875592] vdd_5v_sata: supplied by vdd_5v_in
[    1.880316] usb1_vbus: supplied by vdd_5v_in
[    1.884923] usb3_vbus: supplied by vdd_5v_in
[    1.890406] sys_3v3,vdd_3v3_alw: supplied by vdd_5v_in
[    1.896341] sys_3v3_pexs: supplied by sys_3v3,vdd_3v3_alw
[    1.901870] +VDD_5V_HDMI: supplied by sys_3v3,vdd_3v3_alw
[    1.905555] mmc1: new high speed MMC card at address 0001
[    1.906760] mmcblk1: mmc1:0001 SEM16G 14.8 GiB 
[    1.907708] mmcblk1boot0: mmc1:0001 SEM16G partition 1 1.00 MiB
[    1.908225] mmcblk1boot1: mmc1:0001 SEM16G partition 2 1.00 MiB
[    1.908745] mmcblk1rpmb: mmc1:0001 SEM16G partition 3 128 KiB
[    1.910948] mmc0: new ultra high speed DDR50 SDHC card at address aaaa
[    1.911559] mmcblk0: mmc0:aaaa SS04G 3.69 GiB 
[    1.923241] Primary GPT is invalid, using alternate GPT.
[    1.923257]  mmcblk1: p1 p2 p3 p4 p5
[    1.942898]  mmcblk0: p1 p2 p3
[    1.958338] tegra-pcie 3000.pcie-controller: 2x3 configuration
[    1.966652] tegra-pcie 3000.pcie-controller: probing port 0, using 2 lanes
[    2.031679] tegra-pcie 3000.pcie-controller: probing port 2, using 2 lanes
[    2.442374] tegra-pcie 3000.pcie-controller: link 2 down, retrying
[    2.852352] tegra-pcie 3000.pcie-controller: link 2 down, retrying
[    3.262337] tegra-pcie 3000.pcie-controller: link 2 down, retrying
[    3.270528] tegra-pcie 3000.pcie-controller: link 2 down, ignoring
[    3.276822] tegra-pcie 3000.pcie-controller: PCI host bridge to bus 0000:00
[    3.283782] pci_bus 0000:00: root bus resource [io  0x0000-0xffff]
[    3.289947] pci_bus 0000:00: root bus resource [mem 0x20000000-0x27ffffff]
[    3.296813] pci_bus 0000:00: root bus resource [mem 0x28000000-0x3fffffff pref]
[    3.304112] pci_bus 0000:00: root bus resource [bus 00-ff]
[    3.309605] pci 0000:00:01.0: [10de:0e1c] type 01 class 0x060400
[    3.315628] pci_bus 0000:00: 2-byte config write to 0000:00:01.0 offset 0x88 may corrupt adjacent RW1C bits
[    3.325385] pci_bus 0000:00: 2-byte config write to 0000:00:01.0 offset 0x52 may corrupt adjacent RW1C bits
[    3.335128] pci 0000:00:01.0: PME# supported from D0 D1 D2 D3hot D3cold
[    3.341728] pci_bus 0000:00: 2-byte config write to 0000:00:01.0 offset 0x4c may corrupt adjacent RW1C bits
[    3.351593] pci_bus 0000:00: 2-byte config write to 0000:00:01.0 offset 0x3e may corrupt adjacent RW1C bits
[    3.361325] pci_bus 0000:00: 2-byte config write to 0000:00:01.0 offset 0x4 may corrupt adjacent RW1C bits
[    3.370966] pci_bus 0000:00: 1-byte config write to 0000:00:01.0 offset 0xc may corrupt adjacent RW1C bits
[    3.380603] PCI: bus0: Fast back to back transfers disabled
[    3.386169] pci 0000:00:01.0: bridge configuration invalid ([bus 00-00]), reconfiguring
[    3.394162] pci_bus 0000:00: 2-byte config write to 0000:00:01.0 offset 0x3e may corrupt adjacent RW1C bits
[    3.403888] pci_bus 0000:00: 2-byte config write to 0000:00:01.0 offset 0x3e may corrupt adjacent RW1C bits
[    3.413615] pci_bus 0000:00: 2-byte config write to 0000:00:01.0 offset 0x3e may corrupt adjacent RW1C bits
[    3.423334] pci_bus 0000:00: 2-byte config write to 0000:00:01.0 offset 0x6 may corrupt adjacent RW1C bits
[    3.433070] pci 0000:01:00.0: [10ec:8168] type 00 class 0x020000
[    3.439088] pci 0000:01:00.0: reg 0x10: [io  0x0000-0x00ff]
[    3.444670] pci 0000:01:00.0: reg 0x18: [mem 0x00000000-0x00000fff 64bit pref]
[    3.451883] pci 0000:01:00.0: reg 0x20: [mem 0x00000000-0x00003fff 64bit pref]
[    3.459170] pci 0000:01:00.0: supports D1 D2
[    3.463427] pci 0000:01:00.0: PME# supported from D0 D1 D2 D3hot D3cold
[    3.493620] PCI: bus1: Fast back to back transfers disabled
[    3.499181] pci_bus 0000:01: busn_res: [bus 01-ff] end is updated to 01
[    3.505853] pci 0000:00:01.0: BAR 9: assigned [mem 0x28000000-0x280fffff 64bit pref]
[    3.513589] pci 0000:00:01.0: BAR 7: assigned [io  0x1000-0x1fff]
[    3.519671] pci 0000:01:00.0: BAR 4: assigned [mem 0x28000000-0x28003fff 64bit pref]
[    3.527415] pci 0000:01:00.0: BAR 2: assigned [mem 0x28004000-0x28004fff 64bit pref]
[    3.535158] pci 0000:01:00.0: BAR 0: assigned [io  0x1000-0x10ff]
[    3.541240] pci 0000:00:01.0: PCI bridge to [bus 01]
[    3.546199] pci 0000:00:01.0:   bridge window [io  0x1000-0x1fff]
[    3.552277] pci 0000:00:01.0:   bridge window [mem 0x28000000-0x280fffff 64bit pref]
[    3.560024] pci 0000:00:01.0: nv_msi_ht_cap_quirk didn't locate host bridge
[    3.567042] pcieport 0000:00:01.0: enabling device (0140 -> 0143)
[    3.573316] pcieport 0000:00:01.0: Signaling PME with IRQ 374
[    3.579276] r8169 Gigabit Ethernet driver 2.3LK-NAPI loaded
[    3.584863] r8169 0000:01:00.0: enabling device (0140 -> 0143)
[    3.591625] r8169 0000:01:00.0 eth0: RTL8168evl/8111evl at 0xf0afe000, 02:04:4b:01:60:a6, XID 0c900800 IRQ 375
[    3.601627] r8169 0000:01:00.0 eth0: jumbo features [frames: 9200 bytes, tx checksumming: ko]
[    3.612167] [drm] Supports vblank timestamp caching Rev 2 (21.10.2013).
[    3.618782] [drm] No driver support for vblank timestamp query.
[    3.624727] [drm] Cannot find any crtc or sizes - going 1024x768
[    3.650135] Console: switching to colour frame buffer device 128x48
[    3.662449] drm drm: fb0:  frame buffer device
[    3.666948] [drm] Initialized tegra 0.0.0 20120330 for drm on minor 0
[    3.678720] utmi_phy_clk_enable: timeout waiting for phy to stabilize
[    3.685194] tegra-ehci 7d004000.usb: EHCI Host Controller
[    3.690599] tegra-ehci 7d004000.usb: new USB bus registered, assigned bus number 1
[    3.698407] tegra-ehci 7d004000.usb: irq 343, io mem 0x7d004000
[    3.733991] tegra-ehci 7d004000.usb: USB 2.0 started, EHCI 1.00
[    3.740920] hub 1-0:1.0: USB hub found
[    3.744696] hub 1-0:1.0: 1 port detected
[    3.749788] tegra-ehci 7d008000.usb: EHCI Host Controller
[    3.755204] tegra-ehci 7d008000.usb: new USB bus registered, assigned bus number 2
[    3.762935] tegra-ehci 7d008000.usb: irq 344, io mem 0x7d008000
[    3.793988] tegra-ehci 7d008000.usb: USB 2.0 started, EHCI 1.00
[    3.800783] hub 2-0:1.0: USB hub found
[    3.804556] hub 2-0:1.0: 1 port detected
[    3.814472] tps65910-rtc tps65910-rtc: setting system clock to 2000-01-01 00:00:02 UTC (946684802)
[    3.823980] vdd_sata,avdd_plle: disabling
[    3.828721] usb1_vbus: disabling
[    3.833752] EXT4-fs (mmcblk1p1): mounting ext3 file system using the ext4 subsystem
[    3.849484] EXT4-fs (mmcblk1p1): warning: mounting fs with errors, running e2fsck is recommended
[    3.859686] EXT4-fs (mmcblk1p1): recovery complete
[    3.864486] EXT4-fs (mmcblk1p1): mounted filesystem with ordered data mode. Opts: (null)
[    3.872586] VFS: Mounted root (ext3 filesystem) on device 179:1.
[    3.881968] devtmpfs: mounted
[    3.887473] Freeing unused kernel memory: 2048K
bash: cannot set terminal process group (-1): Inappropriate ioctl for device
bash: no job control in this shell
root@(none):/# [    4.164001] usb 2-1: new high-speed USB device number 2 using tegra-ehci
[    4.841283] asix 2-1:1.0 eth1: register 'asix' at usb-7d008000.usb-1, ASIX AX88772 USB 2.0 Ethernet, 00:50:b6:0f:67:60
mount -t sysfs none /sys
root@(none):/# 
root@(none):/# mount -t debugfs none /sys/kernel/debug
root@(none):/# 
root@(none):/# rtcwake -d rtc1 -m mem -s 3
rtcwake: wakeup from "mem" using /dev/rtc1 at Thu Jan  1 00:00:22 1970
[    7.491167] PM: Syncing filesystems ... done.
[    7.502951] Freezing user space processes ... (elapsed 0.000 seconds) done.
[    7.510578] Freezing remaining freezable tasks ... (elapsed 0.001 seconds) done.
[    7.519205] Suspending console(s) (use no_console_suspend to debug)
[    7.606193] PM: suspend of devices complete after 79.882 msecs
[    7.608010] PM: late suspend of devices complete after 1.808 msecs
[    7.634308] PM: noirq suspend of devices complete after 26.289 msecs
[    7.634311] Disabling non-boot CPUs ...
[    7.766067] IRQ17 no longer affine to CPU3
[    7.815322] Entering suspend state LP1
[    7.815322] Suspended for 3.107 seconds
[    7.815336] Enabling non-boot CPUs ...
[    7.845549] CPU1 is up
[    7.885732] CPU2 is up
[    7.925975] CPU3 is up
[    7.926750] pcieport 0000:00:01.0: nv_msi_ht_cap_quirk didn't locate host bridge
[    7.953662] PM: noirq resume of devices complete after 27.677 msecs
[    7.956067] PM: early resume of devices complete after 1.953 msecs
[    8.498061] PM: resume of devices complete after 541.985 msecs
[    8.569154] Restarting tasks ... done.
root@(none):/# 
root@(none):/# rtcwake -d rtc1 -m mem -s 3
rtcwake: wakeup from "mem" using /dev/rtc1 at Thu Jan  1 00:00:27 1970
[    9.454095] PM: Syncing filesystems ... done.
[    9.466002] Freezing user space processes ... (elapsed 0.001 seconds) done.
[    9.474102] Freezing remaining freezable tasks ... (elapsed 0.001 seconds) done.
[    9.482696] Suspending console(s) (use no_console_suspend to debug)
[    9.524097] pci_generic_config_write32: 63 callbacks suppressed
[    9.524110] pci_bus 0000:00: 2-byte config write to 0000:00:01.0 offset 0x9c may corrupt adjacent RW1C bits
[    9.567271] PM: suspend of devices complete after 77.537 msecs
[    9.570581] PM: late suspend of devices complete after 3.302 msecs
[    9.571172] pci_bus 0000:01: 2-byte config write to 0000:01:00.0 offset 0x44 may corrupt adjacent RW1C bits
[    9.571187] pci_bus 0000:01: 2-byte config write to 0000:01:00.0 offset 0x44 may corrupt adjacent RW1C bits
[    9.594299] PM: noirq suspend of devices complete after 23.710 msecs
[    9.594303] Disabling non-boot CPUs ...
[    9.594664] IRQ17 no longer affine to CPU1
[    9.735322] Entering suspend state LP1
[    9.735322] Suspended for 3.079 seconds
[    9.735342] Enabling non-boot CPUs ...
[    9.766420] CPU1 is up
[    9.806165] CPU2 is up
[    9.846361] CPU3 is up
[    9.847250] pci_bus 0000:00: 2-byte config write to 0000:00:01.0 offset 0x4c may corrupt adjacent RW1C bits
[    9.847265] pci_bus 0000:00: 2-byte config write to 0000:00:01.0 offset 0x88 may corrupt adjacent RW1C bits
[    9.847270] pci_bus 0000:00: 2-byte config write to 0000:00:01.0 offset 0x90 may corrupt adjacent RW1C bits
[    9.847275] pci_bus 0000:00: 2-byte config write to 0000:00:01.0 offset 0x98 may corrupt adjacent RW1C bits
[    9.847281] pci_bus 0000:00: 2-byte config write to 0000:00:01.0 offset 0x9c may corrupt adjacent RW1C bits
[    9.847302] pci_bus 0000:00: 2-byte config write to 0000:00:01.0 offset 0x52 may corrupt adjacent RW1C bits
[    9.847309] pci_bus 0000:00: 2-byte config write to 0000:00:01.0 offset 0x52 may corrupt adjacent RW1C bits
[    9.847337] pcieport 0000:00:01.0: nv_msi_ht_cap_quirk didn't locate host bridge
[    9.873638] PM: noirq resume of devices complete after 27.267 msecs
[    9.875006] PM: early resume of devices complete after 0.844 msecs
[   10.431237] PM: resume of devices complete after 556.218 msecs
[   10.605945] Restarting tasks ... done.
root@(none):/# 
root@(none):/# rtcwake -d rtc1 -m mem -s 3
rtcwake: wakeup from "mem" using /dev/rtc1 at Thu Jan  1 00:00:32 1970
[   11.384506] PM: Syncing filesystems ... done.
[   11.398625] Freezing user space processes ... (elapsed 0.001 seconds) done.
[   11.406775] Freezing remaining freezable tasks ... (elapsed 0.001 seconds) done.
[   11.415443] Suspending console(s) (use no_console_suspend to debug)
[   11.496085] PM: suspend of devices complete after 73.383 msecs
[   11.498371] PM: late suspend of devices complete after 2.276 msecs
[   11.524410] PM: noirq suspend of devices complete after 26.029 msecs
[   11.524414] Disabling non-boot CPUs ...
[   11.524862] IRQ17 no longer affine to CPU1
[   11.685655] Entering suspend state LP1
[   11.685655] Suspended for 3.049 seconds
[   11.685674] Enabling non-boot CPUs ...
[   11.715978] CPU1 is up
[   11.756091] CPU2 is up
[   11.796298] CPU3 is up
[   11.797249] pcieport 0000:00:01.0: nv_msi_ht_cap_quirk didn't locate host bridge
[   11.823601] PM: noirq resume of devices complete after 27.292 msecs
[   11.826027] PM: early resume of devices complete after 1.930 msecs
[   12.386051] PM: resume of devices complete after 560.009 msecs
[   12.457614] Restarting tasks ... done.
root@(none):/# 
root@(none):/# rtcwake -d rtc1 -m mem -s 3
rtcwake: wakeup from "mem" using /dev/rtc1 at Thu Jan  1 00:00:37 1970
[   13.313374] PM: Syncing filesystems ... done.
[   13.327468] Freezing user space processes ... (elapsed 0.001 seconds) done.
[   13.335622] Freezing remaining freezable tasks ... (elapsed 0.001 seconds) done.
[   13.344286] Suspending console(s) (use no_console_suspend to debug)
[   13.427565] PM: suspend of devices complete after 76.024 msecs
[   13.431853] PM: late suspend of devices complete after 4.274 msecs
[   13.454359] PM: noirq suspend of devices complete after 22.496 msecs
[   13.454365] Disabling non-boot CPUs ...
[   13.497681] IRQ17 no longer affine to CPU2
[   13.585598] Entering suspend state LP1
[   13.585598] Suspended for 3.100 seconds
[   13.585619] Enabling non-boot CPUs ...
[   13.616265] CPU1 is up
[   13.656061] CPU2 is up
[   13.696288] CPU3 is up
[   13.697242] pcieport 0000:00:01.0: nv_msi_ht_cap_quirk didn't locate host bridge
[   13.723570] PM: noirq resume of devices complete after 27.266 msecs
[   13.725958] PM: early resume of devices complete after 1.860 msecs
[   14.284442] PM: resume of devices complete after 558.470 msecs
[   14.355979] Restarting tasks ... done.
root@(none):/# 
root@(none):/# rtcwake -d rtc1 -m mem -s 3
rtcwake: wakeup from "mem" using /dev/rtc1 at Thu Jan  1 00:00:42 1970
[   15.213691] PM: Syncing filesystems ... done.
[   15.227933] Freezing user space processes ... (elapsed 0.001 seconds) done.
[   15.236080] Freezing remaining freezable tasks ... (elapsed 0.001 seconds) done.
[   15.244745] Suspending console(s) (use no_console_suspend to debug)
[   15.285176] pci_generic_config_write32: 65 callbacks suppressed
[   15.285193] pci_bus 0000:00: 2-byte config write to 0000:00:01.0 offset 0x9c may corrupt adjacent RW1C bits
[   15.327499] PM: suspend of devices complete after 75.503 msecs
[   15.331291] PM: late suspend of devices complete after 3.779 msecs
[   15.332051] pci_bus 0000:01: 2-byte config write to 0000:01:00.0 offset 0x44 may corrupt adjacent RW1C bits
[   15.332066] pci_bus 0000:01: 2-byte config write to 0000:01:00.0 offset 0x44 may corrupt adjacent RW1C bits
[   15.354342] PM: noirq suspend of devices complete after 23.040 msecs
[   15.354348] Disabling non-boot CPUs ...
[   15.354789] IRQ17 no longer affine to CPU1
[   15.535634] Entering suspend state LP1
[   15.535634] Suspended for 3.049 seconds
[   15.535656] Enabling non-boot CPUs ...
[   15.566296] CPU1 is up
[   15.606016] CPU2 is up
[   15.646231] CPU3 is up
[   15.647167] pci_bus 0000:00: 2-byte config write to 0000:00:01.0 offset 0x4c may corrupt adjacent RW1C bits
[   15.647184] pci_bus 0000:00: 2-byte config write to 0000:00:01.0 offset 0x88 may corrupt adjacent RW1C bits
[   15.647189] pci_bus 0000:00: 2-byte config write to 0000:00:01.0 offset 0x90 may corrupt adjacent RW1C bits
[   15.647195] pci_bus 0000:00: 2-byte config write to 0000:00:01.0 offset 0x98 may corrupt adjacent RW1C bits
[   15.647200] pci_bus 0000:00: 2-byte config write to 0000:00:01.0 offset 0x9c may corrupt adjacent RW1C bits
[   15.647223] pci_bus 0000:00: 2-byte config write to 0000:00:01.0 offset 0x52 may corrupt adjacent RW1C bits
[   15.647231] pci_bus 0000:00: 2-byte config write to 0000:00:01.0 offset 0x52 may corrupt adjacent RW1C bits
[   15.647260] pcieport 0000:00:01.0: nv_msi_ht_cap_quirk didn't locate host bridge
[   15.673519] PM: noirq resume of devices complete after 27.278 msecs
[   15.676496] PM: early resume of devices complete after 2.452 msecs
[   16.230027] PM: resume of devices complete after 553.517 msecs
[   16.404729] Restarting tasks ... done.
root@(none):/# 
root@(none):/# rtcwake -d rtc1 -m mem -s 3
rtcwake: wakeup from "mem" using /dev/rtc1 at Thu Jan  1 00:00:47 1970
[   17.172818] PM: Syncing filesystems ... done.
[   17.186922] Freezing user space processes ... (elapsed 0.001 seconds) done.
[   17.195079] Freezing remaining freezable tasks ... (elapsed 0.001 seconds) done.
[   17.203741] Suspending console(s) (use no_console_suspend to debug)
[   17.285967] PM: suspend of devices complete after 74.970 msecs
[   17.288277] PM: late suspend of devices complete after 2.300 msecs
[   17.314326] PM: noirq suspend of devices complete after 26.036 msecs
[   17.314332] Disabling non-boot CPUs ...
[   17.314787] IRQ17 no longer affine to CPU1
[   17.495400] Entering suspend state LP1
[   17.495400] Suspended for 3.040 seconds
[   17.495417] Enabling non-boot CPUs ...
[   17.525772] CPU1 is up
[   17.565937] CPU2 is up
[   17.606217] CPU3 is up
[   17.607145] pcieport 0000:00:01.0: nv_msi_ht_cap_quirk didn't locate host bridge
[   17.633494] PM: noirq resume of devices complete after 27.264 msecs
[   17.635888] PM: early resume of devices complete after 1.891 msecs
[   18.192127] PM: resume of devices complete after 556.227 msecs
[   18.263542] Restarting tasks ... done.
root@(none):/# 
root@(none):/# rtcwake -d rtc1 -m mem -s 3
rtcwake: wakeup from "mem" using /dev/rtc1 at Thu Jan  1 00:00:52 1970
[   19.133594] PM: Syncing filesystems ... done.
[   19.146674] Freezing user space processes ... (elapsed 0.001 seconds) done.
[   19.154826] Freezing remaining freezable tasks ... (elapsed 0.001 seconds) done.
[   19.163491] Suspending console(s) (use no_console_suspend to debug)
[   19.247915] PM: suspend of devices complete after 77.163 msecs
[   19.249154] PM: late suspend of devices complete after 1.229 msecs
[   19.274277] PM: noirq suspend of devices complete after 25.114 msecs
[   19.274283] Disabling non-boot CPUs ...
[   19.274732] IRQ17 no longer affine to CPU1
[   19.465496] Entering suspend state LP1
[   19.465496] Suspended for 3.029 seconds
[   19.465518] Enabling non-boot CPUs ...
[   19.496194] CPU1 is up
[   19.535960] CPU2 is up
[   19.576130] CPU3 is up
[   19.577071] pcieport 0000:00:01.0: nv_msi_ht_cap_quirk didn't locate host bridge
[   19.603458] PM: noirq resume of devices complete after 27.317 msecs
[   19.606044] PM: early resume of devices complete after 2.052 msecs
[   20.159537] PM: resume of devices complete after 553.478 msecs
[   20.230952] Restarting tasks ... done.
root@(none):/# 
root@(none):/# rtcwake -d rtc1 -m mem -s 3
rtcwake: wakeup from "mem" using /dev/rtc1 at Thu Jan  1 00:00:57 1970
[   21.103699] PM: Syncing filesystems ... done.
[   21.116765] Freezing user space processes ... (elapsed 0.001 seconds) done.
[   21.124910] Freezing remaining freezable tasks ... (elapsed 0.001 seconds) done.
[   21.133576] Suspending console(s) (use no_console_suspend to debug)
[   21.174055] pci_generic_config_write32: 65 callbacks suppressed
[   21.174072] pci_bus 0000:00: 2-byte config write to 0000:00:01.0 offset 0x9c may corrupt adjacent RW1C bits
[   21.217390] PM: suspend of devices complete after 76.566 msecs
[   21.218628] PM: late suspend of devices complete after 1.228 msecs
[   21.219131] pci_bus 0000:01: 2-byte config write to 0000:01:00.0 offset 0x44 may corrupt adjacent RW1C bits
[   21.219150] pci_bus 0000:01: 2-byte config write to 0000:01:00.0 offset 0x44 may corrupt adjacent RW1C bits
[   21.244254] PM: noirq suspend of devices complete after 25.616 msecs
[   21.244257] Disabling non-boot CPUs ...
[   21.244713] IRQ17 no longer affine to CPU1
[   21.375524] Entering suspend state LP1
[   21.375524] Suspended for 3.089 seconds
[   21.375545] Enabling non-boot CPUs ...
[   21.406251] CPU1 is up
[   21.445974] CPU2 is up
[   21.486197] CPU3 is up
[   21.487093] pci_bus 0000:00: 2-byte config write to 0000:00:01.0 offset 0x4c may corrupt adjacent RW1C bits
[   21.487108] pci_bus 0000:00: 2-byte config write to 0000:00:01.0 offset 0x88 may corrupt adjacent RW1C bits
[   21.487113] pci_bus 0000:00: 2-byte config write to 0000:00:01.0 offset 0x90 may corrupt adjacent RW1C bits
[   21.487118] pci_bus 0000:00: 2-byte config write to 0000:00:01.0 offset 0x98 may corrupt adjacent RW1C bits
[   21.487123] pci_bus 0000:00: 2-byte config write to 0000:00:01.0 offset 0x9c may corrupt adjacent RW1C bits
[   21.487146] pci_bus 0000:00: 2-byte config write to 0000:00:01.0 offset 0x52 may corrupt adjacent RW1C bits
[   21.487153] pci_bus 0000:00: 2-byte config write to 0000:00:01.0 offset 0x52 may corrupt adjacent RW1C bits
[   21.487180] pcieport 0000:00:01.0: nv_msi_ht_cap_quirk didn't locate host bridge
[   21.513426] PM: noirq resume of devices complete after 27.217 msecs
[   21.515844] PM: early resume of devices complete after 1.910 msecs
[   22.070054] PM: resume of devices complete after 554.193 msecs
[   22.244781] Restarting tasks ... done.
root@(none):/# 
root@(none):/# rtcwake -d rtc1 -m mem -s 3
rtcwake: wakeup from "mem" using /dev/rtc1 at Thu Jan  1 00:01:02 1970
[   23.022417] PM: Syncing filesystems ... done.
[   23.036544] Freezing user space processes ... (elapsed 0.001 seconds) done.
[   23.044704] Freezing remaining freezable tasks ... (elapsed 0.001 seconds) done.
[   23.053373] Suspending console(s) (use no_console_suspend to debug)
[   23.135846] PM: suspend of devices complete after 75.224 msecs
[   23.138158] PM: late suspend of devices complete after 2.301 msecs
[   23.164187] PM: noirq suspend of devices complete after 26.017 msecs
[   23.164191] Disabling non-boot CPUs ...
[   23.164640] IRQ17 no longer affine to CPU1
[   23.325285] Entering suspend state LP1
[   23.325285] Suspended for 3.050 seconds
[   23.325302] Enabling non-boot CPUs ...
[   23.355625] CPU1 is up
[   23.395902] CPU2 is up
[   23.436085] CPU3 is up
[   23.437009] pcieport 0000:00:01.0: nv_msi_ht_cap_quirk didn't locate host bridge
[   23.473414] PM: noirq resume of devices complete after 37.319 msecs
[   23.475110] PM: early resume of devices complete after 1.375 msecs
[   24.035779] PM: resume of devices complete after 560.657 msecs
[   24.107282] Restarting tasks ... done.
root@(none):/# 
root@(none):/# rtcwake -d rtc1 -m mem -s 3
rtcwake: wakeup from "mem" using /dev/rtc1 at Thu Jan  1 00:01:07 1970
[   24.979966] PM: Syncing filesystems ... done.
[   24.994096] Freezing user space processes ... (elapsed 0.001 seconds) done.
[   25.002231] Freezing remaining freezable tasks ... (elapsed 0.001 seconds) done.
[   25.010880] Suspending console(s) (use no_console_suspend to debug)
[   25.095325] PM: suspend of devices complete after 77.176 msecs
[   25.097608] PM: late suspend of devices complete after 2.271 msecs
[   25.124179] PM: noirq suspend of devices complete after 26.558 msecs
[   25.124182] Disabling non-boot CPUs ...
[   25.124627] IRQ17 no longer affine to CPU1
[   25.285279] Entering suspend state LP1
[   25.285279] Suspended for 3.039 seconds
[   25.285299] Enabling non-boot CPUs ...
[   25.315720] CPU1 is up
[   25.355823] CPU2 is up
[   25.396070] CPU3 is up
[   25.397009] pcieport 0000:00:01.0: nv_msi_ht_cap_quirk didn't locate host bridge
[   25.423348] PM: noirq resume of devices complete after 27.267 msecs
[   25.425343] PM: early resume of devices complete after 1.496 msecs
[   25.985188] PM: resume of devices complete after 559.829 msecs
[   26.056561] Restarting tasks ... done.
root@(none):/# 
root@(none):/# NVTB SYSTEM SUSPEND TEST COMPLETE
