
U-Boot SPL 2014.01-00219-gc4d376f (Feb 18 2014 - 19:57:32)


U-Boot 2014.01-00219-gc4d376f (Feb 18 2014 - 19:57:32)

TEGRA114
Board: NVIDIA Dalmore
I2C:   ready
DRAM:  2 GiB
MMC:   Tegra SD/MMC: 0, Tegra SD/MMC: 1
In:    serial
Out:   serial
Err:   serial
Net:   Net Initialization Skipped
No ethernet found.
Hit any key to stop autoboot:  2  0 
Tegra114 (Dalmore) # 
Tegra114 (Dalmore) # usb reset
(Re)start USB...
USB0:   USB EHCI 1.10
scanning bus 0 for devices... 2 USB Device(s) found
       scanning usb for storage devices... 0 Storage Device(s) found
       scanning usb for ethernet devices... 
Warning: asx0 using MAC address from net device
1 Ethernet Device(s) found
Tegra114 (Dalmore) # setenv bootargs 'ignore_loglevel console=ttyS0,115200n8 rw root=/dev/mmcblk0p1 rootwait gpt debug init=/bin/bash'
Tegra114 (Dalmore) # setenv ipaddr 192.168.100.100; setenv serverip 192.168.100.1; setenv tftpserverip 192.168.100.1
Tegra114 (Dalmore) # tftpboot 0x81000000 zImage.tegra_defconfig%tegra114_mergeconfig
Using asx0 device
TFTP from server 192.168.100.1; our IP address is 192.168.100.100
Filename 'zImage.tegra_defconfig%tegra114_mergeconfig'.
Load address: 0x81000000
Loading: *#################################################################
	 #################################################################
	 #################################################################
	 #################################################################
	 ############################################################
	 2.8 MiB/s
done
Bytes transferred = 4687352 (4785f8 hex)
Tegra114 (Dalmore) # tftpboot 0x82000000 tegra114-dalmore.dtb
Using asx0 device
TFTP from server 192.168.100.1; our IP address is 192.168.100.100
Filename 'tegra114-dalmore.dtb'.
Load address: 0x82000000
Loading: *###
	 2.6 MiB/s
done
Bytes transferred = 34770 (87d2 hex)
Tegra114 (Dalmore) # bootz 0x81000000 - 0x82000000
Kernel image @ 0x81000000 [ 0x000000 - 0x4785f8 ]
## Flattened Device Tree blob at 82000000
   Booting using the fdt blob at 0x82000000
   Loading Device Tree to 8fff4000, end 8ffff7d1 ... OK

Starting kernel ...

Uncompressing Linux... done, booting the kernel.
[    0.000000] Booting Linux on physical CPU 0x0
[    0.000000] Initializing cgroup subsys cpu
[    0.000000] Initializing cgroup subsys cpuacct
[    0.000000] Linux version 3.18.0-rc3-next-20141103-57588-ga641d0e (pwalmsley@kaivo) (gcc version 4.7.3 20130328 (prerelease) (crosstool-NG linaro-1.13.1-4.7-2013.04-20130415 - Linaro GCC 2013.04) ) #1 SMP PREEMPT Sun Nov 2 21:52:53 PST 2014
[    0.000000] CPU: ARMv7 Processor [412fc0f2] revision 2 (ARMv7), cr=10c5387d
[    0.000000] CPU: PIPT / VIPT nonaliasing data cache, PIPT instruction cache
[    0.000000] Machine model: NVIDIA Tegra114 Dalmore evaluation board
[    0.000000] debug: ignoring loglevel setting.
[    0.000000] cma: Reserved 64 MiB at 0xfbc00000
[    0.000000] Memory policy: Data cache writealloc
[    0.000000] On node 0 totalpages: 524032
[    0.000000] free_area_init_node: node 0, pgdat c08f5080, node_mem_map ee7f7000
[    0.000000]   Normal zone: 1520 pages used for memmap
[    0.000000]   Normal zone: 0 pages reserved
[    0.000000]   Normal zone: 194560 pages, LIFO batch:31
[    0.000000]   HighMem zone: 2574 pages used for memmap
[    0.000000]   HighMem zone: 329472 pages, LIFO batch:31
[    0.000000] PERCPU: Embedded 10 pages/cpu @ee7aa000 s8832 r8192 d23936 u40960
[    0.000000] pcpu-alloc: s8832 r8192 d23936 u40960 alloc=10*4096
[    0.000000] pcpu-alloc: [0] 0 [0] 1 [0] 2 [0] 3 
[    0.000000] Built 1 zonelists in Zone order, mobility grouping on.  Total pages: 522512
[    0.000000] Kernel command line: ignore_loglevel console=ttyS0,115200n8 rw root=/dev/mmcblk0p1 rootwait gpt debug init=/bin/bash
[    0.000000] PID hash table entries: 4096 (order: 2, 16384 bytes)
[    0.000000] Dentry cache hash table entries: 131072 (order: 7, 524288 bytes)
[    0.000000] Inode-cache hash table entries: 65536 (order: 6, 262144 bytes)
[    0.000000] Memory: 2003524K/2096128K available (6443K kernel code, 330K rwdata, 2088K rodata, 280K init, 362K bss, 27068K reserved, 65536K cma-reserved, 1252352K highmem)
[    0.000000] Virtual kernel memory layout:
[    0.000000]     vector  : 0xffff0000 - 0xffff1000   (   4 kB)
[    0.000000]     fixmap  : 0xffc00000 - 0xffe00000   (2048 kB)
[    0.000000]     vmalloc : 0xf0000000 - 0xff000000   ( 240 MB)
[    0.000000]     lowmem  : 0xc0000000 - 0xef800000   ( 760 MB)
[    0.000000]     pkmap   : 0xbfe00000 - 0xc0000000   (   2 MB)
[    0.000000]     modules : 0xbf000000 - 0xbfe00000   (  14 MB)
[    0.000000]       .text : 0xc0008000 - 0xc085d094   (8533 kB)
[    0.000000]       .init : 0xc085e000 - 0xc08a4000   ( 280 kB)
[    0.000000]       .data : 0xc08a4000 - 0xc08f6b20   ( 331 kB)
[    0.000000]        .bss : 0xc08f6b20 - 0xc095159c   ( 363 kB)
[    0.000000] Preemptible hierarchical RCU implementation.
[    0.000000] NR_IRQS:16 nr_irqs:16 16
[    0.000000] L2C: failed to init: -19
[    0.000009] sched_clock: 32 bits at 1000kHz, resolution 1000ns, wraps every 2147483648000ns
[    0.000033] Switching to timer-based delay loop, resolution 1000ns
[    0.000784] Architected cp15 timer(s) running at 12.00MHz (virt).
[    0.000808] sched_clock: 56 bits at 12MHz, resolution 83ns, wraps every 2863311536128ns
[    0.000821] Switching to timer-based delay loop, resolution 83ns
[    0.001262] Console: colour dummy device 80x30
[    0.001290] Calibrating delay loop (skipped), value calculated using timer frequency.. 24.00 BogoMIPS (lpj=120000)
[    0.001306] pid_max: default: 32768 minimum: 301
[    0.001787] Mount-cache hash table entries: 2048 (order: 1, 8192 bytes)
[    0.001799] Mountpoint-cache hash table entries: 2048 (order: 1, 8192 bytes)
[    0.003221] Initializing cgroup subsys freezer
[    0.003248] Initializing cgroup subsys debug
[    0.003305] CPU: Testing write buffer coherency: ok
[    0.003618] /cpus/cpu@0 missing clock-frequency property
[    0.003643] /cpus/cpu@1 missing clock-frequency property
[    0.003667] /cpus/cpu@2 missing clock-frequency property
[    0.003692] /cpus/cpu@3 missing clock-frequency property
[    0.003705] CPU0: thread -1, cpu 0, socket 0, mpidr 80000000
[    0.003751] Setting up static identity map for 0x8061be80 - 0x8061bf18
[    0.040981] Tegra Revision: A01 SKU: 0 CPU Process: 1 Core Process: 0
[    0.061572] CPU1: Booted secondary processor
[    0.061598] CPU1: thread -1, cpu 1, socket 0, mpidr 80000001
[    0.081599] CPU2: Booted secondary processor
[    0.081624] CPU2: thread -1, cpu 2, socket 0, mpidr 80000002
[    0.101596] CPU3: Booted secondary processor
[    0.101621] CPU3: thread -1, cpu 3, socket 0, mpidr 80000003
[    0.101702] Brought up 4 CPUs
[    0.101730] SMP: Total of 4 processors activated.
[    0.101738] CPU: All CPU(s) started in SVC mode.
[    0.102684] devtmpfs: initialized
[    0.115585] VFP support v0.3: implementor 41 architecture 4 part 30 variant f rev 0
[    0.117764] pinctrl core: initialized pinctrl subsystem
[    0.145956] NET: Registered protocol family 16
[    0.147226] DMA: preallocated 256 KiB pool for atomic coherent allocations
[    0.170824] cpuidle: using governor ladder
[    0.200845] cpuidle: using governor menu
[    0.219196] No ATAGs?
[    0.219231] hw-breakpoint: found 5 (+1 reserved) breakpoint and 4 watchpoint registers.
[    0.219242] hw-breakpoint: maximum watchpoint size is 8 bytes.
[    0.274599] dvdd_ts: Failed to request enable GPIO61: -517
[    0.274787] reg-fixed-voltage regulators:regulator@1: Failed to register regulator: -517
[    0.274816] platform regulators:regulator@1: Driver reg-fixed-voltage requests probe deferral
[    0.275195] usb1_vbus: Failed to request enable GPIO108: -517
[    0.275368] reg-fixed-voltage regulators:regulator@3: Failed to register regulator: -517
[    0.275397] platform regulators:regulator@3: Driver reg-fixed-voltage requests probe deferral
[    0.275770] usb2_vbus: Failed to request enable GPIO86: -517
[    0.275939] reg-fixed-voltage regulators:regulator@4: Failed to register regulator: -517
[    0.275967] platform regulators:regulator@4: Driver reg-fixed-voltage requests probe deferral
[    0.276401] reg-fixed-voltage regulators:regulator@5: Failed to find supply vin
[    0.276586] reg-fixed-voltage regulators:regulator@5: Failed to register regulator: -517
[    0.276615] platform regulators:regulator@5: Driver reg-fixed-voltage requests probe deferral
[    0.276726] platform regulators:regulator@6: Driver reg-fixed-voltage requests probe deferral
[    0.277098] VDD_5V0_HDMI_CON: Failed to request enable GPIO81: -517
[    0.277267] reg-fixed-voltage regulators:regulator@7: Failed to register regulator: -517
[    0.277294] platform regulators:regulator@7: Driver reg-fixed-voltage requests probe deferral
[    0.279006] vgaarb: loaded
[    0.280453] SCSI subsystem initialized
[    0.280777] libata version 3.00 loaded.
[    0.281534] usbcore: registered new interface driver usbfs
[    0.281710] usbcore: registered new interface driver hub
[    0.281887] usbcore: registered new device driver usb
[    0.287423] tps65090 2-0048: No cache defaults, reading back from HW
[    0.290049] vdd-sys-5v0: supplied by vdd_ac_bat
[    0.291434] vdd-sys-3v3: supplied by vdd_ac_bat
[    0.292780] vdd-ao: supplied by vdd_ac_bat
[    0.293433] vdd-lcd-bl: supplied by vdd_ac_bat
[    0.294071] TPS65090_RAILSFET2: supplied by vdd_ac_bat
[    0.294700] vdd-modem-3v3: supplied by vdd-sys-3v3
[    0.295489] avdd-lcd: supplied by vdd-sys-3v3
[    0.296294] vdd-lvds: supplied by vdd-sys-3v3
[    0.297413] vdd-sd-slot: supplied by vdd-sys-3v3
[    0.298215] vdd-com-3v3: supplied by vdd-sys-3v3
[    0.299001] vdd-sby-5v0: supplied by vdd_ac_bat
[    0.299479] vdd-sby-3v3: supplied by vdd_ac_bat
[    0.299959] genirq: Setting trigger mode 8 for irq 118 failed (gic_set_type+0x0/0x84)
[    0.300566] palmas 2-0058: Irq flag is 0x00000000
[    0.304364] palmas 2-0058: Muxing GPIO ff, PWM 0, LED 0
[    0.307451] vddio-ddr: supplied by vdd-ao
[    0.309399] vddio-1v8: supplied by vdd-ao
[    0.311520] vdd-core: supplied by vdd-sys-3v3
[    0.311726] ------------[ cut here ]------------
[    0.311753] WARNING: CPU: 2 PID: 0 at fs/dcache.c:255 __d_free+0x34/0x40()
[    0.311762] Modules linked in:
[    0.311781] CPU: 2 PID: 0 Comm: swapper/2 Not tainted 3.18.0-rc3-next-20141103-57588-ga641d0e #1
[    0.311812] [<c0015b00>] (unwind_backtrace) from [<c00114f8>] (show_stack+0x10/0x14)
[    0.311836] [<c00114f8>] (show_stack) from [<c0614bfc>] (dump_stack+0x80/0xcc)
[    0.311859] [<c0614bfc>] (dump_stack) from [<c002463c>] (warn_slowpath_common+0x64/0x88)
[    0.311874] [<c002463c>] (warn_slowpath_common) from [<c002467c>] (warn_slowpath_null+0x1c/0x24)
[    0.311890] [<c002467c>] (warn_slowpath_null) from [<c00f0200>] (__d_free+0x34/0x40)
[    0.311911] [<c00f0200>] (__d_free) from [<c006a580>] (rcu_process_callbacks+0x3a8/0x544)
[    0.311930] [<c006a580>] (rcu_process_callbacks) from [<c002742c>] (__do_softirq+0xf0/0x240)
[    0.311947] [<c002742c>] (__do_softirq) from [<c0027820>] (irq_exit+0xa8/0x114)
[    0.311966] [<c0027820>] (irq_exit) from [<c0061544>] (__handle_domain_irq+0x58/0xa4)
[    0.311982] [<c0061544>] (__handle_domain_irq) from [<c00087a0>] (gic_handle_irq+0x20/0x5c)
[    0.312000] [<c00087a0>] (gic_handle_irq) from [<c0012080>] (__irq_svc+0x40/0x74)
[    0.312008] Exception stack(0xee08bf98 to 0xee08bfe0)
[    0.312018] bf80:                                                       ffffffed 00000000
[    0.312030] bfa0: ee08bfe8 c001eea0 c08ac4ec c08ac488 00000000 00000000 c08a2880 c08a1c40
[    0.312042] bfc0: ffffffed 00000000 00000000 ee08bfe0 c000f484 c000f488 60000113 ffffffff
[    0.312061] [<c0012080>] (__irq_svc) from [<c000f488>] (arch_cpu_idle+0x30/0x3c)
[    0.312085] [<c000f488>] (arch_cpu_idle) from [<c0054454>] (cpu_startup_entry+0x1a0/0x274)
[    0.312102] [<c0054454>] (cpu_startup_entry) from [<80008864>] (0x80008864)
[    0.312123] ---[ end trace 9e390b8b7576ab35 ]---
[    0.312137] ------------[ cut here ]------------
[    0.312154] WARNING: CPU: 2 PID: 0 at fs/dcache.c:255 __d_free+0x34/0x40()
[    0.312161] Modules linked in:
[    0.312176] CPU: 2 PID: 0 Comm: swapper/2 Tainted: G        W      3.18.0-rc3-next-20141103-57588-ga641d0e #1
[    0.312195] [<c0015b00>] (unwind_backtrace) from [<c00114f8>] (show_stack+0x10/0x14)
[    0.312215] [<c00114f8>] (show_stack) from [<c0614bfc>] (dump_stack+0x80/0xcc)
[    0.312232] [<c0614bfc>] (dump_stack) from [<c002463c>] (warn_slowpath_common+0x64/0x88)
[    0.312247] [<c002463c>] (warn_slowpath_common) from [<c002467c>] (warn_slowpath_null+0x1c/0x24)
[    0.312263] [<c002467c>] (warn_slowpath_null) from [<c00f0200>] (__d_free+0x34/0x40)
[    0.312282] [<c00f0200>] (__d_free) from [<c006a580>] (rcu_process_callbacks+0x3a8/0x544)
[    0.312300] [<c006a580>] (rcu_process_callbacks) from [<c002742c>] (__do_softirq+0xf0/0x240)
[    0.312315] [<c002742c>] (__do_softirq) from [<c0027820>] (irq_exit+0xa8/0x114)
[    0.312332] [<c0027820>] (irq_exit) from [<c0061544>] (__handle_domain_irq+0x58/0xa4)
[    0.312347] [<c0061544>] (__handle_domain_irq) from [<c00087a0>] (gic_handle_irq+0x20/0x5c)
[    0.312362] [<c00087a0>] (gic_handle_irq) from [<c0012080>] (__irq_svc+0x40/0x74)
[    0.312372] Exception stack(0xee08bf98 to 0xee08bfe0)
[    0.312381] bf80:                                                       ffffffed 00000000
[    0.312394] bfa0: ee08bfe8 c001eea0 c08ac4ec c08ac488 00000000 00000000 c08a2880 c08a1c40
[    0.312406] bfc0: ffffffed 00000000 00000000 ee08bfe0 c000f484 c000f488 60000113 ffffffff
[    0.312424] [<c0012080>] (__irq_svc) from [<c000f488>] (arch_cpu_idle+0x30/0x3c)
[    0.312444] [<c000f488>] (arch_cpu_idle) from [<c0054454>] (cpu_startup_entry+0x1a0/0x274)
[    0.312458] [<c0054454>] (cpu_startup_entry) from [<80008864>] (0x80008864)
[    0.312468] ---[ end trace 9e390b8b7576ab36 ]---
[    0.312495] ------------[ cut here ]------------
[    0.312510] WARNING: CPU: 2 PID: 0 at fs/dcache.c:255 __d_free+0x34/0x40()
[    0.312517] Modules linked in:
[    0.312531] CPU: 2 PID: 0 Comm: swapper/2 Tainted: G        W      3.18.0-rc3-next-20141103-57588-ga641d0e #1
[    0.312550] [<c0015b00>] (unwind_backtrace) from [<c00114f8>] (show_stack+0x10/0x14)
[    0.312570] [<c00114f8>] (show_stack) from [<c0614bfc>] (dump_stack+0x80/0xcc)
[    0.312587] [<c0614bfc>] (dump_stack) from [<c002463c>] (warn_slowpath_common+0x64/0x88)
[    0.312601] [<c002463c>] (warn_slowpath_common) from [<c002467c>] (warn_slowpath_null+0x1c/0x24)
[    0.312616] [<c002467c>] (warn_slowpath_null) from [<c00f0200>] (__d_free+0x34/0x40)
[    0.312634] [<c00f0200>] (__d_free) from [<c006a580>] (rcu_process_callbacks+0x3a8/0x544)
[    0.312651] [<c006a580>] (rcu_process_callbacks) from [<c002742c>] (__do_softirq+0xf0/0x240)
[    0.312666] [<c002742c>] (__do_softirq) from [<c0027820>] (irq_exit+0xa8/0x114)
[    0.312683] [<c0027820>] (irq_exit) from [<c0061544>] (__handle_domain_irq+0x58/0xa4)
[    0.312698] [<c0061544>] (__handle_domain_irq) from [<c00087a0>] (gic_handle_irq+0x20/0x5c)
[    0.312712] [<c00087a0>] (gic_handle_irq) from [<c0012080>] (__irq_svc+0x40/0x74)
[    0.312721] Exception stack(0xee08bf98 to 0xee08bfe0)
[    0.312730] bf80:                                                       ffffffed 00000000
[    0.312742] bfa0: ee08bfe8 c001eea0 c08ac4ec c08ac488 00000000 00000000 c08a2880 c08a1c40
[    0.312756] bfc0: ffffffed 00000000 00000000 ee08bfe0 c000f484 c000f488 60000113 ffffffff
[    0.312774] [<c0012080>] (__irq_svc) from [<c000f488>] (arch_cpu_idle+0x30/0x3c)
[    0.312793] [<c000f488>] (arch_cpu_idle) from [<c0054454>] (cpu_startup_entry+0x1a0/0x274)
[    0.312807] [<c0054454>] (cpu_startup_entry) from [<80008864>] (0x80008864)
[    0.312816] ---[ end trace 9e390b8b7576ab37 ]---
[    0.312844] ------------[ cut here ]------------
[    0.312860] WARNING: CPU: 2 PID: 0 at fs/dcache.c:255 __d_free+0x34/0x40()
[    0.312866] Modules linked in:
[    0.312881] CPU: 2 PID: 0 Comm: swapper/2 Tainted: G        W      3.18.0-rc3-next-20141103-57588-ga641d0e #1
[    0.312900] [<c0015b00>] (unwind_backtrace) from [<c00114f8>] (show_stack+0x10/0x14)
[    0.312921] [<c00114f8>] (show_stack) from [<c0614bfc>] (dump_stack+0x80/0xcc)
[    0.312938] [<c0614bfc>] (dump_stack) from [<c002463c>] (warn_slowpath_common+0x64/0x88)
[    0.312953] [<c002463c>] (warn_slowpath_common) from [<c002467c>] (warn_slowpath_null+0x1c/0x24)
[    0.312968] [<c002467c>] (warn_slowpath_null) from [<c00f0200>] (__d_free+0x34/0x40)
[    0.312988] [<c00f0200>] (__d_free) from [<c006a580>] (rcu_process_callbacks+0x3a8/0x544)
[    0.313006] [<c006a580>] (rcu_process_callbacks) from [<c002742c>] (__do_softirq+0xf0/0x240)
[    0.313022] [<c002742c>] (__do_softirq) from [<c0027820>] (irq_exit+0xa8/0x114)
[    0.313039] [<c0027820>] (irq_exit) from [<c0061544>] (__handle_domain_irq+0x58/0xa4)
[    0.313054] [<c0061544>] (__handle_domain_irq) from [<c00087a0>] (gic_handle_irq+0x20/0x5c)
[    0.313068] [<c00087a0>] (gic_handle_irq) from [<c0012080>] (__irq_svc+0x40/0x74)
[    0.313077] Exception stack(0xee08bf98 to 0xee08bfe0)
[    0.313087] bf80:                                                       ffffffed 00000000
[    0.313099] bfa0: ee08bfe8 c001eea0 c08ac4ec c08ac488 00000000 00000000 c08a2880 c08a1c40
[    0.313110] bfc0: ffffffed 00000000 00000000 ee08bfe0 c000f484 c000f488 60000113 ffffffff
[    0.313128] [<c0012080>] (__irq_svc) from [<c000f488>] (arch_cpu_idle+0x30/0x3c)
[    0.313147] [<c000f488>] (arch_cpu_idle) from [<c0054454>] (cpu_startup_entry+0x1a0/0x274)
[    0.313161] [<c0054454>] (cpu_startup_entry) from [<80008864>] (0x80008864)
[    0.313170] ---[ end trace 9e390b8b7576ab38 ]---
[    0.313195] ------------[ cut here ]------------
[    0.313210] WARNING: CPU: 2 PID: 0 at fs/dcache.c:255 __d_free+0x34/0x40()
[    0.313217] Modules linked in:
[    0.313231] CPU: 2 PID: 0 Comm: swapper/2 Tainted: G        W      3.18.0-rc3-next-20141103-57588-ga641d0e #1
[    0.313251] [<c0015b00>] (unwind_backtrace) from [<c00114f8>] (show_stack+0x10/0x14)
[    0.313272] [<c00114f8>] (show_stack) from [<c0614bfc>] (dump_stack+0x80/0xcc)
[    0.313288] [<c0614bfc>] (dump_stack) from [<c002463c>] (warn_slowpath_common+0x64/0x88)
[    0.313303] [<c002463c>] (warn_slowpath_common) from [<c002467c>] (warn_slowpath_null+0x1c/0x24)
[    0.313318] [<c002467c>] (warn_slowpath_null) from [<c00f0200>] (__d_free+0x34/0x40)
[    0.313336] [<c00f0200>] (__d_free) from [<c006a580>] (rcu_process_callbacks+0x3a8/0x544)
[    0.313353] [<c006a580>] (rcu_process_callbacks) from [<c002742c>] (__do_softirq+0xf0/0x240)
[    0.313368] [<c002742c>] (__do_softirq) from [<c0027820>] (irq_exit+0xa8/0x114)
[    0.313385] [<c0027820>] (irq_exit) from [<c0061544>] (__handle_domain_irq+0x58/0xa4)
[    0.313401] [<c0061544>] (__handle_domain_irq) from [<c00087a0>] (gic_handle_irq+0x20/0x5c)
[    0.313417] [<c00087a0>] (gic_handle_irq) from [<c0012080>] (__irq_svc+0x40/0x74)
[    0.313426] Exception stack(0xee08bf98 to 0xee08bfe0)
[    0.313436] bf80:                                                       ffffffed 00000000
[    0.313447] bfa0: ee08bfe8 c001eea0 c08ac4ec c08ac488 00000000 00000000 c08a2880 c08a1c40
[    0.313459] bfc0: ffffffed 00000000 00000000 ee08bfe0 c000f484 c000f488 60000113 ffffffff
[    0.313476] [<c0012080>] (__irq_svc) from [<c000f488>] (arch_cpu_idle+0x30/0x3c)
[    0.313497] [<c000f488>] (arch_cpu_idle) from [<c0054454>] (cpu_startup_entry+0x1a0/0x274)
[    0.313511] [<c0054454>] (cpu_startup_entry) from [<80008864>] (0x80008864)
[    0.313519] ---[ end trace 9e390b8b7576ab39 ]---
[    0.314908] avdd-pll: supplied by vdd-sys-3v3
[    0.317138] sdhci-vdd-sd-slot: ramp_delay not set
[    0.317614] sdhci-vdd-sd-slot: supplied by vdd-sys-3v3
[    0.320341] avdd-cam1: supplied by vdd-sys-3v3
[    0.321819] avdd-cam2: supplied by vdd-sys-3v3
[    0.323257] avdd-dsi-csi: supplied by vddio-1v8
[    0.324706] vpp-fuse: supplied by vdd-sys-3v3
[    0.326148] LDO5: supplied by vdd_ac_bat
[    0.327746] vdd-sensor-2v85: supplied by vdd-sys-3v3
[    0.329191] vdd-af-cam1: supplied by vdd-sys-3v3
[    0.331738] ------------[ cut here ]------------
[    0.331756] WARNING: CPU: 2 PID: 0 at fs/dcache.c:255 __d_free+0x34/0x40()
[    0.331763] Modules linked in:
[    0.331778] CPU: 2 PID: 0 Comm: swapper/2 Tainted: G        W      3.18.0-rc3-next-20141103-57588-ga641d0e #1
[    0.331798] [<c0015b00>] (unwind_backtrace) from [<c00114f8>] (show_stack+0x10/0x14)
[    0.331817] [<c00114f8>] (show_stack) from [<c0614bfc>] (dump_stack+0x80/0xcc)
[    0.331835] [<c0614bfc>] (dump_stack) from [<c002463c>] (warn_slowpath_common+0x64/0x88)
[    0.331849] [<c002463c>] (warn_slowpath_common) from [<c002467c>] (warn_slowpath_null+0x1c/0x24)
[    0.331864] [<c002467c>] (warn_slowpath_null) from [<c00f0200>] (__d_free+0x34/0x40)
[    0.331882] [<c00f0200>] (__d_free) from [<c006a580>] (rcu_process_callbacks+0x3a8/0x544)
[    0.331900] [<c006a580>] (rcu_process_callbacks) from [<c002742c>] (__do_softirq+0xf0/0x240)
[    0.331915] [<c002742c>] (__do_softirq) from [<c0027820>] (irq_exit+0xa8/0x114)
[    0.331932] [<c0027820>] (irq_exit) from [<c0061544>] (__handle_domain_irq+0x58/0xa4)
[    0.331947] [<c0061544>] (__handle_domain_irq) from [<c00087a0>] (gic_handle_irq+0x20/0x5c)
[    0.331962] [<c00087a0>] (gic_handle_irq) from [<c0012080>] (__irq_svc+0x40/0x74)
[    0.331971] Exception stack(0xee08bf98 to 0xee08bfe0)
[    0.331980] bf80:                                                       ffffffed 00000000
[    0.331991] bfa0: ee08bfe8 c001eea0 c08ac4ec c08ac488 00000000 00000000 c08a2880 c08a1c40
[    0.332003] bfc0: ffffffed 00000000 00000000 ee08bfe0 c000f484 c000f488 60000113 ffffffff
[    0.332020] [<c0012080>] (__irq_svc) from [<c000f488>] (arch_cpu_idle+0x30/0x3c)
[    0.332039] [<c000f488>] (arch_cpu_idle) from [<c0054454>] (cpu_startup_entry+0x1a0/0x274)
[    0.332054] [<c0054454>] (cpu_startup_entry) from [<80008864>] (0x80008864)
[    0.332062] ---[ end trace 9e390b8b7576ab3a ]---
[    0.341282] vdd-rtc: supplied by vdd-ao
[    0.351463] vddio-sdmmc-2: supplied by sdhci-vdd-sd-slot
[    0.352894] hvdd-usb: supplied by vdd-sys-5v0
[    0.361311] avdd-usb: supplied by vdd-sys-5v0
[    0.365688] Linux video capture interface: v2.00
[    0.365815] pps_core: LinuxPPS API ver. 1 registered
[    0.365824] pps_core: Software ver. 5.3.6 - Copyright 2005-2007 Rodolfo Giometti <giometti@linux.it>
[    0.365889] PTP clock support registered
[    0.366663] platform 70019010.iommu: Driver tegra-smmu requests probe deferral
[    0.367126] Advanced Linux Sound Architecture Driver Initialized.
[    0.368582] Bluetooth: Core ver 2.19
[    0.368663] NET: Registered protocol family 31
[    0.368671] Bluetooth: HCI device and connection manager initialized
[    0.368694] Bluetooth: HCI socket layer initialized
[    0.368716] Bluetooth: L2CAP socket layer initialized
[    0.368771] Bluetooth: SCO socket layer initialized
[    0.369514] cfg80211: Calling CRDA to update world regulatory domain
[    0.370276] Switched to clocksource arch_sys_counter
[    0.393818] NET: Registered protocol family 2
[    0.395004] TCP established hash table entries: 8192 (order: 3, 32768 bytes)
[    0.395113] TCP bind hash table entries: 8192 (order: 4, 65536 bytes)
[    0.395300] TCP: Hash tables configured (established 8192 bind 8192)
[    0.395724] TCP: reno registered
[    0.395740] UDP hash table entries: 512 (order: 2, 16384 bytes)
[    0.395781] UDP-Lite hash table entries: 512 (order: 2, 16384 bytes)
[    0.396178] NET: Registered protocol family 1
[    0.396875] RPC: Registered named UNIX socket transport module.
[    0.396886] RPC: Registered udp transport module.
[    0.396894] RPC: Registered tcp transport module.
[    0.396901] RPC: Registered tcp NFSv4.1 backchannel transport module.
[    0.396922] PCI: CLS 0 bytes, default 64
[    0.401286] futex hash table entries: 1024 (order: 4, 65536 bytes)
[    0.403780] squashfs: version 4.0 (2009/01/31) Phillip Lougher
[    0.406465] bounce: pool size: 64 pages
[    0.406488] io scheduler noop registered (default)
[    0.428378] tegra-apbdma 6000a000.dma: Tegra20 APB DMA driver register 32 channels
[    0.429572] Serial: 8250/16550 driver, 4 ports, IRQ sharing disabled
[    0.430282] ------------[ cut here ]------------
[    0.430304] WARNING: CPU: 0 PID: 1 at fs/dcache.c:255 __d_free+0x34/0x40()
[    0.430312] Modules linked in:
[    0.430328] CPU: 0 PID: 1 Comm: swapper/0 Tainted: G        W      3.18.0-rc3-next-20141103-57588-ga641d0e #1
[    0.430357] [<c0015b00>] (unwind_backtrace) from [<c00114f8>] (show_stack+0x10/0x14)
[    0.430380] [<c00114f8>] (show_stack) from [<c0614bfc>] (dump_stack+0x80/0xcc)
[    0.430400] [<c0614bfc>] (dump_stack) from [<c002463c>] (warn_slowpath_common+0x64/0x88)
[    0.430416] [<c002463c>] (warn_slowpath_common) from [<c002467c>] (warn_slowpath_null+0x1c/0x24)
[    0.430433] [<c002467c>] (warn_slowpath_null) from [<c00f0200>] (__d_free+0x34/0x40)
[    0.430454] [<c00f0200>] (__d_free) from [<c006a580>] (rcu_process_callbacks+0x3a8/0x544)
[    0.430473] [<c006a580>] (rcu_process_callbacks) from [<c002742c>] (__do_softirq+0xf0/0x240)
[    0.430490] [<c002742c>] (__do_softirq) from [<c0027820>] (irq_exit+0xa8/0x114)
[    0.430508] [<c0027820>] (irq_exit) from [<c0061544>] (__handle_domain_irq+0x58/0xa4)
[    0.430524] [<c0061544>] (__handle_domain_irq) from [<c00087a0>] (gic_handle_irq+0x20/0x5c)
[    0.430540] [<c00087a0>] (gic_handle_irq) from [<c0012080>] (__irq_svc+0x40/0x74)
[    0.430550] Exception stack(0xee067c20 to 0xee067c68)
[    0.430564] 7c20: ee000dc0 ee1d20c8 0000006b 0000006b 00000029 00000000 0000042c ee000dc0
[    0.430577] 7c40: 0000042b ee1d20d0 ee1d20c8 00000000 0000000a ee067c68 c00d6914 c00d66cc
[    0.430586] 7c60: 60000113 ffffffff
[    0.430608] [<c0012080>] (__irq_svc) from [<c00d66cc>] (check_poison_obj+0x84/0x1bc)
[    0.430627] [<c00d66cc>] (check_poison_obj) from [<c00d6914>] (cache_alloc_debugcheck_after.isra.50+0x88/0x1e4)
[    0.430645] [<c00d6914>] (cache_alloc_debugcheck_after.isra.50) from [<c00d74e0>] (kmem_cache_alloc+0x98/0x128)
[    0.430665] [<c00d74e0>] (kmem_cache_alloc) from [<c020e298>] (ida_pre_get+0x68/0xe8)
[    0.430686] [<c020e298>] (ida_pre_get) from [<c020ef14>] (ida_simple_get+0x3c/0xd4)
[    0.430704] [<c020ef14>] (ida_simple_get) from [<c0130590>] (__kernfs_new_node+0x68/0xc4)
[    0.430720] [<c0130590>] (__kernfs_new_node) from [<c0131470>] (kernfs_new_node+0x1c/0x38)
[    0.430735] [<c0131470>] (kernfs_new_node) from [<c0132954>] (__kernfs_create_file+0x24/0xa0)
[    0.430752] [<c0132954>] (__kernfs_create_file) from [<c01330e0>] (sysfs_add_file_mode_ns+0xa4/0x168)
[    0.430768] [<c01330e0>] (sysfs_add_file_mode_ns) from [<c0133b84>] (internal_create_group+0xd8/0x238)
[    0.430785] [<c0133b84>] (internal_create_group) from [<c0133e08>] (sysfs_create_groups+0x40/0x80)
[    0.430804] [<c0133e08>] (sysfs_create_groups) from [<c02e2b04>] (device_add+0x2a0/0x4ec)
[    0.430823] [<c02e2b04>] (device_add) from [<c027ba8c>] (tty_register_device_attr+0xb0/0x1c8)
[    0.430844] [<c027ba8c>] (tty_register_device_attr) from [<c0295400>] (uart_add_one_port+0x30c/0x408)
[    0.430861] [<c0295400>] (uart_add_one_port) from [<c08789a4>] (serial8250_init+0xf8/0x170)
[    0.430877] [<c08789a4>] (serial8250_init) from [<c0008b04>] (do_one_initcall+0x80/0x1d0)
[    0.430895] [<c0008b04>] (do_one_initcall) from [<c085ed6c>] (kernel_init_freeable+0x108/0x1d4)
[    0.430913] [<c085ed6c>] (kernel_init_freeable) from [<c0610e04>] (kernel_init+0x8/0xec)
[    0.430929] [<c0610e04>] (kernel_init) from [<c000e9b8>] (ret_from_fork+0x14/0x3c)
[    0.430939] ---[ end trace 9e390b8b7576ab3b ]---
[    0.430948] ------------[ cut here ]------------
[    0.430964] WARNING: CPU: 0 PID: 1 at fs/dcache.c:255 __d_free+0x34/0x40()
[    0.430970] Modules linked in:
[    0.430985] CPU: 0 PID: 1 Comm: swapper/0 Tainted: G        W      3.18.0-rc3-next-20141103-57588-ga641d0e #1
[    0.431003] [<c0015b00>] (unwind_backtrace) from [<c00114f8>] (show_stack+0x10/0x14)
[    0.431023] [<c00114f8>] (show_stack) from [<c0614bfc>] (dump_stack+0x80/0xcc)
[    0.431040] [<c0614bfc>] (dump_stack) from [<c002463c>] (warn_slowpath_common+0x64/0x88)
[    0.431054] [<c002463c>] (warn_slowpath_common) from [<c002467c>] (warn_slowpath_null+0x1c/0x24)
[    0.431070] [<c002467c>] (warn_slowpath_null) from [<c00f0200>] (__d_free+0x34/0x40)
[    0.431087] [<c00f0200>] (__d_free) from [<c006a580>] (rcu_process_callbacks+0x3a8/0x544)
[    0.431104] [<c006a580>] (rcu_process_callbacks) from [<c002742c>] (__do_softirq+0xf0/0x240)
[    0.431120] [<c002742c>] (__do_softirq) from [<c0027820>] (irq_exit+0xa8/0x114)
[    0.431137] [<c0027820>] (irq_exit) from [<c0061544>] (__handle_domain_irq+0x58/0xa4)
[    0.431153] [<c0061544>] (__handle_domain_irq) from [<c00087a0>] (gic_handle_irq+0x20/0x5c)
[    0.431168] [<c00087a0>] (gic_handle_irq) from [<c0012080>] (__irq_svc+0x40/0x74)
[    0.431177] Exception stack(0xee067c20 to 0xee067c68)
[    0.431190] 7c20: ee000dc0 ee1d20c8 0000006b 0000006b 00000029 00000000 0000042c ee000dc0
[    0.431203] 7c40: 0000042b ee1d20d0 ee1d20c8 00000000 0000000a ee067c68 c00d6914 c00d66cc
[    0.431211] 7c60: 60000113 ffffffff
[    0.431230] [<c0012080>] (__irq_svc) from [<c00d66cc>] (check_poison_obj+0x84/0x1bc)
[    0.431249] [<c00d66cc>] (check_poison_obj) from [<c00d6914>] (cache_alloc_debugcheck_after.isra.50+0x88/0x1e4)
[    0.431267] [<c00d6914>] (cache_alloc_debugcheck_after.isra.50) from [<c00d74e0>] (kmem_cache_alloc+0x98/0x128)
[    0.431286] [<c00d74e0>] (kmem_cache_alloc) from [<c020e298>] (ida_pre_get+0x68/0xe8)
[    0.431304] [<c020e298>] (ida_pre_get) from [<c020ef14>] (ida_simple_get+0x3c/0xd4)
[    0.431321] [<c020ef14>] (ida_simple_get) from [<c0130590>] (__kernfs_new_node+0x68/0xc4)
[    0.431335] [<c0130590>] (__kernfs_new_node) from [<c0131470>] (kernfs_new_node+0x1c/0x38)
[    0.431350] [<c0131470>] (kernfs_new_node) from [<c0132954>] (__kernfs_create_file+0x24/0xa0)
[    0.431365] [<c0132954>] (__kernfs_create_file) from [<c01330e0>] (sysfs_add_file_mode_ns+0xa4/0x168)
[    0.431381] [<c01330e0>] (sysfs_add_file_mode_ns) from [<c0133b84>] (internal_create_group+0xd8/0x238)
[    0.431398] [<c0133b84>] (internal_create_group) from [<c0133e08>] (sysfs_create_groups+0x40/0x80)
[    0.431413] [<c0133e08>] (sysfs_create_groups) from [<c02e2b04>] (device_add+0x2a0/0x4ec)
[    0.431431] [<c02e2b04>] (device_add) from [<c027ba8c>] (tty_register_device_attr+0xb0/0x1c8)
[    0.431450] [<c027ba8c>] (tty_register_device_attr) from [<c0295400>] (uart_add_one_port+0x30c/0x408)
[    0.431467] [<c0295400>] (uart_add_one_port) from [<c08789a4>] (serial8250_init+0xf8/0x170)
[    0.431482] [<c08789a4>] (serial8250_init) from [<c0008b04>] (do_one_initcall+0x80/0x1d0)
[    0.431498] [<c0008b04>] (do_one_initcall) from [<c085ed6c>] (kernel_init_freeable+0x108/0x1d4)
[    0.431515] [<c085ed6c>] (kernel_init_freeable) from [<c0610e04>] (kernel_init+0x8/0xec)
[    0.431530] [<c0610e04>] (kernel_init) from [<c000e9b8>] (ret_from_fork+0x14/0x3c)
[    0.431540] ---[ end trace 9e390b8b7576ab3c ]---
[    0.431548] ------------[ cut here ]------------
[    0.431563] WARNING: CPU: 0 PID: 1 at fs/dcache.c:255 __d_free+0x34/0x40()
[    0.431570] Modules linked in:
[    0.431584] CPU: 0 PID: 1 Comm: swapper/0 Tainted: G        W      3.18.0-rc3-next-20141103-57588-ga641d0e #1
[    0.431604] [<c0015b00>] (unwind_backtrace) from [<c00114f8>] (show_stack+0x10/0x14)
[    0.431622] [<c00114f8>] (show_stack) from [<c0614bfc>] (dump_stack+0x80/0xcc)
[    0.431639] [<c0614bfc>] (dump_stack) from [<c002463c>] (warn_slowpath_common+0x64/0x88)
[    0.431653] [<c002463c>] (warn_slowpath_common) from [<c002467c>] (warn_slowpath_null+0x1c/0x24)
[    0.431669] [<c002467c>] (warn_slowpath_null) from [<c00f0200>] (__d_free+0x34/0x40)
[    0.431687] [<c00f0200>] (__d_free) from [<c006a580>] (rcu_process_callbacks+0x3a8/0x544)
[    0.431703] [<c006a580>] (rcu_process_callbacks) from [<c002742c>] (__do_softirq+0xf0/0x240)
[    0.431719] [<c002742c>] (__do_softirq) from [<c0027820>] (irq_exit+0xa8/0x114)
[    0.431736] [<c0027820>] (irq_exit) from [<c0061544>] (__handle_domain_irq+0x58/0xa4)
[    0.431751] [<c0061544>] (__handle_domain_irq) from [<c00087a0>] (gic_handle_irq+0x20/0x5c)
[    0.431765] [<c00087a0>] (gic_handle_irq) from [<c0012080>] (__irq_svc+0x40/0x74)
[    0.431774] Exception stack(0xee067c20 to 0xee067c68)
[    0.431787] 7c20: ee000dc0 ee1d20c8 0000006b 0000006b 00000029 00000000 0000042c ee000dc0
[    0.431799] 7c40: 0000042b ee1d20d0 ee1d20c8 00000000 0000000a ee067c68 c00d6914 c00d66cc
[    0.431807] 7c60: 60000113 ffffffff
[    0.431826] [<c0012080>] (__irq_svc) from [<c00d66cc>] (check_poison_obj+0x84/0x1bc)
[    0.431844] [<c00d66cc>] (check_poison_obj) from [<c00d6914>] (cache_alloc_debugcheck_after.isra.50+0x88/0x1e4)
[    0.431862] [<c00d6914>] (cache_alloc_debugcheck_after.isra.50) from [<c00d74e0>] (kmem_cache_alloc+0x98/0x128)
[    0.431881] [<c00d74e0>] (kmem_cache_alloc) from [<c020e298>] (ida_pre_get+0x68/0xe8)
[    0.431900] [<c020e298>] (ida_pre_get) from [<c020ef14>] (ida_simple_get+0x3c/0xd4)
[    0.431916] [<c020ef14>] (ida_simple_get) from [<c0130590>] (__kernfs_new_node+0x68/0xc4)
[    0.431930] [<c0130590>] (__kernfs_new_node) from [<c0131470>] (kernfs_new_node+0x1c/0x38)
[    0.431944] [<c0131470>] (kernfs_new_node) from [<c0132954>] (__kernfs_create_file+0x24/0xa0)
[    0.431960] [<c0132954>] (__kernfs_create_file) from [<c01330e0>] (sysfs_add_file_mode_ns+0xa4/0x168)
[    0.431976] [<c01330e0>] (sysfs_add_file_mode_ns) from [<c0133b84>] (internal_create_group+0xd8/0x238)
[    0.431992] [<c0133b84>] (internal_create_group) from [<c0133e08>] (sysfs_create_groups+0x40/0x80)
[    0.432009] [<c0133e08>] (sysfs_create_groups) from [<c02e2b04>] (device_add+0x2a0/0x4ec)
[    0.432025] [<c02e2b04>] (device_add) from [<c027ba8c>] (tty_register_device_attr+0xb0/0x1c8)
[    0.432044] [<c027ba8c>] (tty_register_device_attr) from [<c0295400>] (uart_add_one_port+0x30c/0x408)
[    0.432061] [<c0295400>] (uart_add_one_port) from [<c08789a4>] (serial8250_init+0xf8/0x170)
[    0.432076] [<c08789a4>] (serial8250_init) from [<c0008b04>] (do_one_initcall+0x80/0x1d0)
[    0.432093] [<c0008b04>] (do_one_initcall) from [<c085ed6c>] (kernel_init_freeable+0x108/0x1d4)
[    0.432109] [<c085ed6c>] (kernel_init_freeable) from [<c0610e04>] (kernel_init+0x8/0xec)
[    0.432125] [<c0610e04>] (kernel_init) from [<c000e9b8>] (ret_from_fork+0x14/0x3c)
[    0.432133] ---[ end trace 9e390b8b7576ab3d ]---
[    0.435244] console [ttyS0] disabled
[    0.435303] of_serial 70006300.serial: ttyS0 at MMIO 0x70006300 (irq = 122, base_baud = 25500000) is a Tegra
[    0.480287] ------------[ cut here ]------------
[    0.480301] WARNING: CPU: 1 PID: 0 at fs/dcache.c:255 __d_free+0x34/0x40()
[    0.480306] Modules linked in:
[    0.480315] CPU: 1 PID: 0 Comm: swapper/1 Tainted: G        W      3.18.0-rc3-next-20141103-57588-ga641d0e #1
[    0.480335] [<c0015b00>] (unwind_backtrace) from [<c00114f8>] (show_stack+0x10/0x14)
[    0.480352] [<c00114f8>] (show_stack) from [<c0614bfc>] (dump_stack+0x80/0xcc)
[    0.480366] [<c0614bfc>] (dump_stack) from [<c002463c>] (warn_slowpath_common+0x64/0x88)
[    0.480377] [<c002463c>] (warn_slowpath_common) from [<c002467c>] (warn_slowpath_null+0x1c/0x24)
[    0.480388] [<c002467c>] (warn_slowpath_null) from [<c00f0200>] (__d_free+0x34/0x40)
[    0.480402] [<c00f0200>] (__d_free) from [<c006a580>] (rcu_process_callbacks+0x3a8/0x544)
[    0.480415] [<c006a580>] (rcu_process_callbacks) from [<c002742c>] (__do_softirq+0xf0/0x240)
[    0.480426] [<c002742c>] (__do_softirq) from [<c0027820>] (irq_exit+0xa8/0x114)
[    0.480439] [<c0027820>] (irq_exit) from [<c0061544>] (__handle_domain_irq+0x58/0xa4)
[    0.480450] [<c0061544>] (__handle_domain_irq) from [<c00087a0>] (gic_handle_irq+0x20/0x5c)
[    0.480461] [<c00087a0>] (gic_handle_irq) from [<c0012080>] (__irq_svc+0x40/0x74)
[    0.480466] Exception stack(0xee089f98 to 0xee089fe0)
[    0.480471] 9f80:                                                       ffffffed 00000000
[    0.480479] 9fa0: ee089fe8 c001eea0 c08ac4ec c08ac488 00000000 00000000 c08a2880 c08a1c40
[    0.480486] 9fc0: ffffffed 00000000 00000000 ee089fe0 c000f484 c000f488 60000113 ffffffff
[    0.480500] [<c0012080>] (__irq_svc) from [<c000f488>] (arch_cpu_idle+0x30/0x3c)
[    0.480518] [<c000f488>] (arch_cpu_idle) from [<c0054454>] (cpu_startup_entry+0x1a0/0x274)
[    0.480530] [<c0054454>] (cpu_startup_entry) from [<80008864>] (0x80008864)
[    0.480536] ---[ end trace 9e390b8b7576ab3e ]---
[    3.481473] console [ttyS0] enabled
[    3.486328] [drm] Initialized drm 1.1.0 20060810
[    3.493325] platform 54300000.dsi: Driver tegra-dsi requests probe deferral
[    3.500842] tegra-hdmi 54280000.hdmi: failed to get HDMI regulator
[    3.507035] platform 54280000.hdmi: Driver tegra-hdmi requests probe deferral
[    3.527476] loop: module loaded
[    3.530294] ------------[ cut here ]------------
[    3.530308] WARNING: CPU: 0 PID: 0 at fs/dcache.c:255 __d_free+0x34/0x40()
[    3.530313] Modules linked in:
[    3.530321] CPU: 0 PID: 0 Comm: swapper/0 Tainted: G        W      3.18.0-rc3-next-20141103-57588-ga641d0e #1
[    3.530343] [<c0015b00>] (unwind_backtrace) from [<c00114f8>] (show_stack+0x10/0x14)
[    3.530360] [<c00114f8>] (show_stack) from [<c0614bfc>] (dump_stack+0x80/0xcc)
[    3.530374] [<c0614bfc>] (dump_stack) from [<c002463c>] (warn_slowpath_common+0x64/0x88)
[    3.530384] [<c002463c>] (warn_slowpath_common) from [<c002467c>] (warn_slowpath_null+0x1c/0x24)
[    3.530395] [<c002467c>] (warn_slowpath_null) from [<c00f0200>] (__d_free+0x34/0x40)
[    3.530408] [<c00f0200>] (__d_free) from [<c006a580>] (rcu_process_callbacks+0x3a8/0x544)
[    3.530422] [<c006a580>] (rcu_process_callbacks) from [<c002742c>] (__do_softirq+0xf0/0x240)
[    3.530433] [<c002742c>] (__do_softirq) from [<c0027820>] (irq_exit+0xa8/0x114)
[    3.530446] [<c0027820>] (irq_exit) from [<c0061544>] (__handle_domain_irq+0x58/0xa4)
[    3.530456] [<c0061544>] (__handle_domain_irq) from [<c00087a0>] (gic_handle_irq+0x20/0x5c)
[    3.530468] [<c00087a0>] (gic_handle_irq) from [<c0012080>] (__irq_svc+0x40/0x74)
[    3.530473] Exception stack(0xc08a5f68 to 0xc08a5fb0)
[    3.530480] 5f60:                   ffffffed 00000000 c08a5fb8 c001eea0 c08ac4ec c08ac488
[    3.530488] 5f80: 00000000 00000000 c08a2880 c08a1c40 ffffffed 00000000 00000000 c08a5fb0
[    3.530493] 5fa0: c000f484 c000f488 60000113 ffffffff
[    3.530507] [<c0012080>] (__irq_svc) from [<c000f488>] (arch_cpu_idle+0x30/0x3c)
[    3.530522] [<c000f488>] (arch_cpu_idle) from [<c0054454>] (cpu_startup_entry+0x1a0/0x274)
[    3.530537] [<c0054454>] (cpu_startup_entry) from [<c085ebf8>] (start_kernel+0x34c/0x3b8)
[    3.530548] [<c085ebf8>] (start_kernel) from [<80008074>] (0x80008074)
[    3.530553] ---[ end trace 9e390b8b7576ab3f ]---
[    3.530558] ------------[ cut here ]------------
[    3.530569] WARNING: CPU: 0 PID: 0 at fs/dcache.c:255 __d_free+0x34/0x40()
[    3.530574] Modules linked in:
[    3.530581] CPU: 0 PID: 0 Comm: swapper/0 Tainted: G        W      3.18.0-rc3-next-20141103-57588-ga641d0e #1
[    3.530595] [<c0015b00>] (unwind_backtrace) from [<c00114f8>] (show_stack+0x10/0x14)
[    3.530610] [<c00114f8>] (show_stack) from [<c0614bfc>] (dump_stack+0x80/0xcc)
[    3.530623] [<c0614bfc>] (dump_stack) from [<c002463c>] (warn_slowpath_common+0x64/0x88)
[    3.530632] [<c002463c>] (warn_slowpath_common) from [<c002467c>] (warn_slowpath_null+0x1c/0x24)
[    3.530646] [<c002467c>] (warn_slowpath_null) from [<c00f0200>] (__d_free+0x34/0x40)
[    3.530661] [<c00f0200>] (__d_free) from [<c006a580>] (rcu_process_callbacks+0x3a8/0x544)
[    3.530674] [<c006a580>] (rcu_process_callbacks) from [<c002742c>] (__do_softirq+0xf0/0x240)
[    3.530685] [<c002742c>] (__do_softirq) from [<c0027820>] (irq_exit+0xa8/0x114)
[    3.530697] [<c0027820>] (irq_exit) from [<c0061544>] (__handle_domain_irq+0x58/0xa4)
[    3.530707] [<c0061544>] (__handle_domain_irq) from [<c00087a0>] (gic_handle_irq+0x20/0x5c)
[    3.530717] [<c00087a0>] (gic_handle_irq) from [<c0012080>] (__irq_svc+0x40/0x74)
[    3.530721] Exception stack(0xc08a5f68 to 0xc08a5fb0)
[    3.530728] 5f60:                   ffffffed 00000000 c08a5fb8 c001eea0 c08ac4ec c08ac488
[    3.530735] 5f80: 00000000 00000000 c08a2880 c08a1c40 ffffffed 00000000 00000000 c08a5fb0
[    3.530740] 5fa0: c000f484 c000f488 60000113 ffffffff
[    3.530753] [<c0012080>] (__irq_svc) from [<c000f488>] (arch_cpu_idle+0x30/0x3c)
[    3.530767] [<c000f488>] (arch_cpu_idle) from [<c0054454>] (cpu_startup_entry+0x1a0/0x274)
[    3.530782] [<c0054454>] (cpu_startup_entry) from [<c085ebf8>] (start_kernel+0x34c/0x3b8)
[    3.530791] [<c085ebf8>] (start_kernel) from [<80008074>] (0x80008074)
[    3.530795] ---[ end trace 9e390b8b7576ab40 ]---
[    3.530800] ------------[ cut here ]------------
[    3.530811] WARNING: CPU: 0 PID: 0 at fs/dcache.c:255 __d_free+0x34/0x40()
[    3.530816] Modules linked in:
[    3.530823] CPU: 0 PID: 0 Comm: swapper/0 Tainted: G        W      3.18.0-rc3-next-20141103-57588-ga641d0e #1
[    3.530837] [<c0015b00>] (unwind_backtrace) from [<c00114f8>] (show_stack+0x10/0x14)
[    3.530851] [<c00114f8>] (show_stack) from [<c0614bfc>] (dump_stack+0x80/0xcc)
[    3.530863] [<c0614bfc>] (dump_stack) from [<c002463c>] (warn_slowpath_common+0x64/0x88)
[    3.530874] [<c002463c>] (warn_slowpath_common) from [<c002467c>] (warn_slowpath_null+0x1c/0x24)
[    3.530884] [<c002467c>] (warn_slowpath_null) from [<c00f0200>] (__d_free+0x34/0x40)
[    3.530898] [<c00f0200>] (__d_free) from [<c006a580>] (rcu_process_callbacks+0x3a8/0x544)
[    3.530910] [<c006a580>] (rcu_process_callbacks) from [<c002742c>] (__do_softirq+0xf0/0x240)
[    3.530921] [<c002742c>] (__do_softirq) from [<c0027820>] (irq_exit+0xa8/0x114)
[    3.530933] [<c0027820>] (irq_exit) from [<c0061544>] (__handle_domain_irq+0x58/0xa4)
[    3.530944] [<c0061544>] (__handle_domain_irq) from [<c00087a0>] (gic_handle_irq+0x20/0x5c)
[    3.530955] [<c00087a0>] (gic_handle_irq) from [<c0012080>] (__irq_svc+0x40/0x74)
[    3.530959] Exception stack(0xc08a5f68 to 0xc08a5fb0)
[    3.530966] 5f60:                   ffffffed 00000000 c08a5fb8 c001eea0 c08ac4ec c08ac488
[    3.530973] 5f80: 00000000 00000000 c08a2880 c08a1c40 ffffffed 00000000 00000000 c08a5fb0
[    3.530978] 5fa0: c000f484 c000f488 60000113 ffffffff
[    3.530991] [<c0012080>] (__irq_svc) from [<c000f488>] (arch_cpu_idle+0x30/0x3c)
[    3.531005] [<c000f488>] (arch_cpu_idle) from [<c0054454>] (cpu_startup_entry+0x1a0/0x274)
[    3.531019] [<c0054454>] (cpu_startup_entry) from [<c085ebf8>] (start_kernel+0x34c/0x3b8)
[    3.531029] [<c085ebf8>] (start_kernel) from [<80008074>] (0x80008074)
[    3.531033] ---[ end trace 9e390b8b7576ab41 ]---
[    3.531037] ------------[ cut here ]------------
[    3.531048] WARNING: CPU: 0 PID: 0 at fs/dcache.c:255 __d_free+0x34/0x40()
[    3.531053] Modules linked in:
[    3.531060] CPU: 0 PID: 0 Comm: swapper/0 Tainted: G        W      3.18.0-rc3-next-20141103-57588-ga641d0e #1
[    3.531074] [<c0015b00>] (unwind_backtrace) from [<c00114f8>] (show_stack+0x10/0x14)
[    3.531088] [<c00114f8>] (show_stack) from [<c0614bfc>] (dump_stack+0x80/0xcc)
[    3.531100] [<c0614bfc>] (dump_stack) from [<c002463c>] (warn_slowpath_common+0x64/0x88)
[    3.531110] [<c002463c>] (warn_slowpath_common) from [<c002467c>] (warn_slowpath_null+0x1c/0x24)
[    3.531121] [<c002467c>] (warn_slowpath_null) from [<c00f0200>] (__d_free+0x34/0x40)
[    3.531134] [<c00f0200>] (__d_free) from [<c006a580>] (rcu_process_callbacks+0x3a8/0x544)
[    3.531146] [<c006a580>] (rcu_process_callbacks) from [<c002742c>] (__do_softirq+0xf0/0x240)
[    3.531158] [<c002742c>] (__do_softirq) from [<c0027820>] (irq_exit+0xa8/0x114)
[    3.531170] [<c0027820>] (irq_exit) from [<c0061544>] (__handle_domain_irq+0x58/0xa4)
[    3.531181] [<c0061544>] (__handle_domain_irq) from [<c00087a0>] (gic_handle_irq+0x20/0x5c)
[    3.531191] [<c00087a0>] (gic_handle_irq) from [<c0012080>] (__irq_svc+0x40/0x74)
[    3.531195] Exception stack(0xc08a5f68 to 0xc08a5fb0)
[    3.531202] 5f60:                   ffffffed 00000000 c08a5fb8 c001eea0 c08ac4ec c08ac488
[    3.531209] 5f80: 00000000 00000000 c08a2880 c08a1c40 ffffffed 00000000 00000000 c08a5fb0
[    3.531214] 5fa0: c000f484 c000f488 60000113 ffffffff
[    3.531227] [<c0012080>] (__irq_svc) from [<c000f488>] (arch_cpu_idle+0x30/0x3c)
[    3.531240] [<c000f488>] (arch_cpu_idle) from [<c0054454>] (cpu_startup_entry+0x1a0/0x274)
[    3.531254] [<c0054454>] (cpu_startup_entry) from [<c085ebf8>] (start_kernel+0x34c/0x3b8)
[    3.531264] [<c085ebf8>] (start_kernel) from [<80008074>] (0x80008074)
[    3.531269] ---[ end trace 9e390b8b7576ab42 ]---
[    4.226403] m25p80 spi32766.0: w25q32dw (4096 Kbytes)
[    4.234556] CAN device driver interface
[    4.238510] igb: Intel(R) Gigabit Ethernet Network Driver - version 5.2.15-k
[    4.245567] igb: Copyright (c) 2007-2014 Intel Corporation.
[    4.251507] pegasus: v0.9.3 (2013/04/25), Pegasus/Pegasus II USB Ethernet driver
[    4.259018] usbcore: registered new interface driver pegasus
[    4.260292] ------------[ cut here ]------------
[    4.260306] WARNING: CPU: 2 PID: 0 at fs/dcache.c:255 __d_free+0x34/0x40()
[    4.260311] Modules linked in:
[    4.260319] CPU: 2 PID: 0 Comm: swapper/2 Tainted: G        W      3.18.0-rc3-next-20141103-57588-ga641d0e #1
[    4.260338] [<c0015b00>] (unwind_backtrace) from [<c00114f8>] (show_stack+0x10/0x14)
[    4.260354] [<c00114f8>] (show_stack) from [<c0614bfc>] (dump_stack+0x80/0xcc)
[    4.260367] [<c0614bfc>] (dump_stack) from [<c002463c>] (warn_slowpath_common+0x64/0x88)
[    4.260377] [<c002463c>] (warn_slowpath_common) from [<c002467c>] (warn_slowpath_null+0x1c/0x24)
[    4.260388] [<c002467c>] (warn_slowpath_null) from [<c00f0200>] (__d_free+0x34/0x40)
[    4.260402] [<c00f0200>] (__d_free) from [<c006a580>] (rcu_process_callbacks+0x3a8/0x544)
[    4.260414] [<c006a580>] (rcu_process_callbacks) from [<c002742c>] (__do_softirq+0xf0/0x240)
[    4.260426] [<c002742c>] (__do_softirq) from [<c0027820>] (irq_exit+0xa8/0x114)
[    4.260439] [<c0027820>] (irq_exit) from [<c0061544>] (__handle_domain_irq+0x58/0xa4)
[    4.260449] [<c0061544>] (__handle_domain_irq) from [<c00087a0>] (gic_handle_irq+0x20/0x5c)
[    4.260460] [<c00087a0>] (gic_handle_irq) from [<c0012080>] (__irq_svc+0x40/0x74)
[    4.260465] Exception stack(0xee08bf98 to 0xee08bfe0)
[    4.260470] bf80:                                                       ffffffed 00000000
[    4.260477] bfa0: ee08bfe8 c001eea0 c08ac4ec c08ac488 00000000 00000000 c08a2880 c08a1c40
[    4.260484] bfc0: ffffffed 00000000 00000000 ee08bfe0 c000f484 c000f488 60000113 ffffffff
[    4.260497] [<c0012080>] (__irq_svc) from [<c000f488>] (arch_cpu_idle+0x30/0x3c)
[    4.260512] [<c000f488>] (arch_cpu_idle) from [<c0054454>] (cpu_startup_entry+0x1a0/0x274)
[    4.260522] [<c0054454>] (cpu_startup_entry) from [<80008864>] (0x80008864)
[    4.260527] ---[ end trace 9e390b8b7576ab43 ]---
[    4.280289] ------------[ cut here ]------------
[    4.280302] WARNING: CPU: 2 PID: 0 at fs/dcache.c:255 __d_free+0x34/0x40()
[    4.280307] Modules linked in:
[    4.280315] CPU: 2 PID: 0 Comm: swapper/2 Tainted: G        W      3.18.0-rc3-next-20141103-57588-ga641d0e #1
[    4.280330] [<c0015b00>] (unwind_backtrace) from [<c00114f8>] (show_stack+0x10/0x14)
[    4.280345] [<c00114f8>] (show_stack) from [<c0614bfc>] (dump_stack+0x80/0xcc)
[    4.280357] [<c0614bfc>] (dump_stack) from [<c002463c>] (warn_slowpath_common+0x64/0x88)
[    4.280368] [<c002463c>] (warn_slowpath_common) from [<c002467c>] (warn_slowpath_null+0x1c/0x24)
[    4.280379] [<c002467c>] (warn_slowpath_null) from [<c00f0200>] (__d_free+0x34/0x40)
[    4.280392] [<c00f0200>] (__d_free) from [<c006a580>] (rcu_process_callbacks+0x3a8/0x544)
[    4.280404] [<c006a580>] (rcu_process_callbacks) from [<c002742c>] (__do_softirq+0xf0/0x240)
[    4.280416] [<c002742c>] (__do_softirq) from [<c0027820>] (irq_exit+0xa8/0x114)
[    4.280428] [<c0027820>] (irq_exit) from [<c0061544>] (__handle_domain_irq+0x58/0xa4)
[    4.280439] [<c0061544>] (__handle_domain_irq) from [<c00087a0>] (gic_handle_irq+0x20/0x5c)
[    4.280450] [<c00087a0>] (gic_handle_irq) from [<c0012080>] (__irq_svc+0x40/0x74)
[    4.280454] Exception stack(0xee08bf98 to 0xee08bfe0)
[    4.280459] bf80:                                                       ffffffed 00000000
[    4.280466] bfa0: ee08bfe8 c001eea0 c08ac4ec c08ac488 00000000 00000000 c08a2880 c08a1c40
[    4.280473] bfc0: ffffffed 00000000 00000000 ee08bfe0 c000f484 c000f488 60000113 ffffffff
[    4.280487] [<c0012080>] (__irq_svc) from [<c000f488>] (arch_cpu_idle+0x30/0x3c)
[    4.280500] [<c000f488>] (arch_cpu_idle) from [<c0054454>] (cpu_startup_entry+0x1a0/0x274)
[    4.280510] [<c0054454>] (cpu_startup_entry) from [<80008864>] (0x80008864)
[    4.280514] ---[ end trace 9e390b8b7576ab44 ]---
[    4.601244] usbcore: registered new interface driver asix
[    4.606765] usbcore: registered new interface driver ax88179_178a
[    4.612998] usbcore: registered new interface driver cdc_ether
[    4.619001] usbcore: registered new interface driver smsc75xx
[    4.624945] usbcore: registered new interface driver smsc95xx
[    4.630839] usbcore: registered new interface driver net1080
[    4.636621] usbcore: registered new interface driver cdc_subset
[    4.642680] usbcore: registered new interface driver zaurus
[    4.648441] usbcore: registered new interface driver cdc_ncm
[    4.654298] ehci_hcd: USB 2.0 'Enhanced' Host Controller (EHCI) Driver
[    4.660841] ehci-pci: EHCI PCI platform driver
[    4.665411] tegra-ehci: Tegra EHCI driver
[    4.669697] platform 7d008000.usb: Driver tegra-ehci requests probe deferral
[    4.677062] usbcore: registered new interface driver cdc_acm
[    4.682728] cdc_acm: USB Abstract Control Model driver for USB modems and ISDN adapters
[    4.690863] usbcore: registered new interface driver cdc_wdm
[    4.696696] usbcore: registered new interface driver usb-storage
[    4.703008] platform 7d008000.usb-phy: Driver tegra-phy requests probe deferral
[    4.711188] mousedev: PS/2 mouse device common for all mice
[    4.721906] palmas-rtc 7000d000.i2c:tps65913@58:rtc: rtc core: registered 7000d000.i2c:tps659 as rtc0
[    4.732906] tegra_rtc 7000e000.rtc: rtc core: registered 7000e000.rtc as rtc1
[    4.740074] tegra_rtc 7000e000.rtc: Tegra internal Real Time Clock
[    4.746669] i2c /dev entries driver
[    4.750286] ------------[ cut here ]------------
[    4.754913] WARNING: CPU: 1 PID: 0 at fs/dcache.c:255 __d_free+0x34/0x40()
[    4.761788] Modules linked in:
[    4.764852] CPU: 1 PID: 0 Comm: swapper/1 Tainted: G        W      3.18.0-rc3-next-20141103-57588-ga641d0e #1
[    4.774776] [<c0015b00>] (unwind_backtrace) from [<c00114f8>] (show_stack+0x10/0x14)
[    4.782531] [<c00114f8>] (show_stack) from [<c0614bfc>] (dump_stack+0x80/0xcc)
[    4.789750] [<c0614bfc>] (dump_stack) from [<c002463c>] (warn_slowpath_common+0x64/0x88)
[    4.797844] [<c002463c>] (warn_slowpath_common) from [<c002467c>] (warn_slowpath_null+0x1c/0x24)
[    4.806632] [<c002467c>] (warn_slowpath_null) from [<c00f0200>] (__d_free+0x34/0x40)
[    4.814383] [<c00f0200>] (__d_free) from [<c006a580>] (rcu_process_callbacks+0x3a8/0x544)
[    4.822567] [<c006a580>] (rcu_process_callbacks) from [<c002742c>] (__do_softirq+0xf0/0x240)
[    4.831011] [<c002742c>] (__do_softirq) from [<c0027820>] (irq_exit+0xa8/0x114)
[    4.838317] [<c0027820>] (irq_exit) from [<c0061544>] (__handle_domain_irq+0x58/0xa4)
[    4.846151] [<c0061544>] (__handle_domain_irq) from [<c00087a0>] (gic_handle_irq+0x20/0x5c)
[    4.854505] [<c00087a0>] (gic_handle_irq) from [<c0012080>] (__irq_svc+0x40/0x74)
[    4.861985] Exception stack(0xee089f98 to 0xee089fe0)
[    4.867029] 9f80:                                                       ffffffed 00000000
[    4.875207] 9fa0: ee089fe8 c001eea0 c08ac4ec c08ac488 00000000 00000000 c08a2880 c08a1c40
[    4.883383] 9fc0: ffffffed 00000000 00000000 ee089fe0 c000f484 c000f488 60000113 ffffffff
[    4.891566] [<c0012080>] (__irq_svc) from [<c000f488>] (arch_cpu_idle+0x30/0x3c)
[    4.898961] [<c000f488>] (arch_cpu_idle) from [<c0054454>] (cpu_startup_entry+0x1a0/0x274)
[    4.907230] [<c0054454>] (cpu_startup_entry) from [<80008864>] (0x80008864)
[    4.914191] ---[ end trace 9e390b8b7576ab45 ]---
[    4.920304] usbcore: registered new interface driver uvcvideo
[    4.926041] USB Video Class driver (1.1.1)
[    4.930137] gspca_main: v2.14.0 registered
[    4.934969] sbs-battery 0-000b: sbs_probe: Failed to get device status
[    4.941524] sbs-battery: probe of 0-000b failed with error -121
[    4.953168] Driver 'mmcblk' needs updating - please use bus_type methods
[    4.959960] sdhci: Secure Digital Host Controller Interface driver
[    4.966148] sdhci: Copyright(c) Pierre Ossman
[    4.970519] sdhci-pltfm: SDHCI platform and OF driver helper
[    4.976483] sdhci-tegra 78000400.sdhci: Got CD GPIO
[    4.981394] sdhci-tegra 78000400.sdhci: Got WP GPIO
[    4.987380] sdhci-tegra 78000400.sdhci: No vmmc regulator found
[    4.993310] sdhci-tegra 78000400.sdhci: No vqmmc regulator found
[    4.999307] mmc0: Invalid maximum block size, assuming 512 bytes
[    5.050535] mmc0: SDHCI controller on 78000400.sdhci [78000400.sdhci] using ADMA
[    5.060212] sdhci-tegra 78000600.sdhci: No vmmc regulator found
[    5.066145] sdhci-tegra 78000600.sdhci: No vqmmc regulator found
[    5.072157] mmc1: Invalid maximum block size, assuming 512 bytes
[    5.120303] mmc1: SDHCI controller on 78000600.sdhci [78000600.sdhci] using ADMA
[    5.140045] usbcore: registered new interface driver usbhid
[    5.147663] usbhid: USB HID core driver
[    5.190282] ------------[ cut here ]------------
[    5.194904] WARNING: CPU: 1 PID: 0 at fs/dcache.c:255 __d_free+0x34/0x40()
[    5.201777] Modules linked in:[    5.204311] mmc1: BKOPS_EN bit is not set
[    5.207347] mmc1: new high speed MMC card at address 0001
[    5.208277] mmcblk0: mmc1:0001 SEM32G 29.1 GiB 
[    5.208559] mmcblk0boot0: mmc1:0001 SEM32G partition 1 4.00 MiB
[    5.208840] mmcblk0boot1: mmc1:0001 SEM32G partition 2 4.00 MiB
[    5.209078] mmcblk0rpmb: mmc1:0001 SEM32G partition 3 4.00 MiB
[    5.216855]  mmcblk0: p1 p2 p3 p4 p5 p6 p7 p8

[    5.240554] 
[    5.242227] CPU: 1 PID: 0 Comm: swapper/1 Tainted: G        W      3.18.0-rc3-next-20141103-57588-ga641d0e #1
[    5.252150] [<c0015b00>] (unwind_backtrace) from [<c00114f8>] (show_stack+0x10/0x14)
[    5.259892] [<c00114f8>] (show_stack) from [<c0614bfc>] (dump_stack+0x80/0xcc)
[    5.267124] [<c0614bfc>] (dump_stack) from [<c002463c>] (warn_slowpath_common+0x64/0x88)
[    5.275216] [<c002463c>] (warn_slowpath_common) from [<c002467c>] (warn_slowpath_null+0x1c/0x24)
[    5.284002] [<c002467c>] (warn_slowpath_null) from [<c00f0200>] (__d_free+0x34/0x40)
[    5.291752] [<c00f0200>] (__d_free) from [<c006a580>] (rcu_process_callbacks+0x3a8/0x544)
[    5.299925] [<c006a580>] (rcu_process_callbacks) from [<c002742c>] (__do_softirq+0xf0/0x240)
[    5.308366] [<c002742c>] (__do_softirq) from [<c0027820>] (irq_exit+0xa8/0x114)
[    5.315682] [<c0027820>] (irq_exit) from [<c0061544>] (__handle_domain_irq+0x58/0xa4)
[    5.323516] [<c0061544>] (__handle_domain_irq) from [<c00087a0>] (gic_handle_irq+0x20/0x5c)
[    5.331869] [<c00087a0>] (gic_handle_irq) from [<c0012080>] (__irq_svc+0x40/0x74)
[    5.339336] Exception stack(0xee089f98 to 0xee089fe0)
[    5.344390] 9f80:                                                       ffffffed 00000000
[    5.352564] 9fa0: ee089fe8 c001eea0 c08ac4ec c08ac488 00000000 00000000 c08a2880 c08a1c40
[    5.360739] 9fc0: ffffffed 00000000 00000000 ee089fe0 c000f484 c000f488 60000113 ffffffff
[    5.368910] [<c0012080>] (__irq_svc) from [<c000f488>] (arch_cpu_idle+0x30/0x3c)
[    5.376316] [<c000f488>] (arch_cpu_idle) from [<c0054454>] (cpu_startup_entry+0x1a0/0x274)
[    5.384582] [<c0054454>] (cpu_startup_entry) from [<80008864>] (0x80008864)
[    5.391542] ---[ end trace 9e390b8b7576ab46 ]---
[    5.591367] tegra-snd-rt5640 sound: ASoC: CPU DAI (null) not registered
[    5.598003] tegra-snd-rt5640 sound: snd_soc_register_card failed (-517)
[    5.604662] platform sound: Driver tegra-snd-rt5640 requests probe deferral
[    5.613061] TCP: cubic registered
[    5.616623] NET: Registered protocol family 10
[    5.622610] mip6: Mobile IPv6
[    5.625583] sit: IPv6 over IPv4 tunneling driver
[    5.633166] NET: Registered protocol family 17
[    5.637646] NET: Registered protocol family 15
[    5.642101] ------------[ cut here ]------------
[    5.642114] WARNING: CPU: 0 PID: 1 at fs/dcache.c:255 __d_free+0x34/0x40()
[    5.642119] Modules linked in:
[    5.642126] CPU: 0 PID: 1 Comm: swapper/0 Tainted: G        W      3.18.0-rc3-next-20141103-57588-ga641d0e #1
[    5.642147] [<c0015b00>] (unwind_backtrace) from [<c00114f8>] (show_stack+0x10/0x14)
[    5.642164] [<c00114f8>] (show_stack) from [<c0614bfc>] (dump_stack+0x80/0xcc)
[    5.642178] [<c0614bfc>] (dump_stack) from [<c002463c>] (warn_slowpath_common+0x64/0x88)
[    5.642189] [<c002463c>] (warn_slowpath_common) from [<c002467c>] (warn_slowpath_null+0x1c/0x24)
[    5.642200] [<c002467c>] (warn_slowpath_null) from [<c00f0200>] (__d_free+0x34/0x40)
[    5.642215] [<c00f0200>] (__d_free) from [<c006a580>] (rcu_process_callbacks+0x3a8/0x544)
[    5.642228] [<c006a580>] (rcu_process_callbacks) from [<c002742c>] (__do_softirq+0xf0/0x240)
[    5.642239] [<c002742c>] (__do_softirq) from [<c0027820>] (irq_exit+0xa8/0x114)
[    5.642254] [<c0027820>] (irq_exit) from [<c0061544>] (__handle_domain_irq+0x58/0xa4)
[    5.642265] [<c0061544>] (__handle_domain_irq) from [<c00087a0>] (gic_handle_irq+0x20/0x5c)
[    5.642275] [<c00087a0>] (gic_handle_irq) from [<c0012080>] (__irq_svc+0x40/0x74)
[    5.642280] Exception stack(0xee067de0 to 0xee067e28)
[    5.642289] 7de0: c094017c 60000193 00000001 ee066000 c0907ed0 00000032 000002b9 00000006
[    5.642297] 7e00: 00000000 00000006 00000000 20000113 00000000 ee067e28 c005ec0c c005fbd4
[    5.642301] 7e20: 60000113 ffffffff
[    5.642315] [<c0012080>] (__irq_svc) from [<c005fbd4>] (console_unlock+0x4b0/0x508)
[    5.642327] [<c005fbd4>] (console_unlock) from [<c0060014>] (vprintk_emit+0x20c/0x504)
[    5.642340] [<c0060014>] (vprintk_emit) from [<c0613640>] (printk+0x34/0x44)
[    5.642359] [<c0613640>] (printk) from [<c048d284>] (sock_register+0x4c/0x90)
[    5.642373] [<c048d284>] (sock_register) from [<c0889824>] (ipsec_pfkey_init+0x30/0x78)
[    5.642383] [<c0889824>] (ipsec_pfkey_init) from [<c0008b04>] (do_one_initcall+0x80/0x1d0)
[    5.642398] [<c0008b04>] (do_one_initcall) from [<c085ed6c>] (kernel_init_freeable+0x108/0x1d4)
[    5.642411] [<c085ed6c>] (kernel_init_freeable) from [<c0610e04>] (kernel_init+0x8/0xec)
[    5.642422] [<c0610e04>] (kernel_init) from [<c000e9b8>] (ret_from_fork+0x14/0x3c)
[    5.642428] ---[ end trace 9e390b8b7576ab47 ]---
[    5.642432] ------------[ cut here ]------------
[    5.642443] WARNING: CPU: 0 PID: 1 at fs/dcache.c:255 __d_free+0x34/0x40()
[    5.642448] Modules linked in:
[    5.642455] CPU: 0 PID: 1 Comm: swapper/0 Tainted: G        W      3.18.0-rc3-next-20141103-57588-ga641d0e #1
[    5.642469] [<c0015b00>] (unwind_backtrace) from [<c00114f8>] (show_stack+0x10/0x14)
[    5.642484] [<c00114f8>] (show_stack) from [<c0614bfc>] (dump_stack+0x80/0xcc)
[    5.642496] [<c0614bfc>] (dump_stack) from [<c002463c>] (warn_slowpath_common+0x64/0x88)
[    5.642506] [<c002463c>] (warn_slowpath_common) from [<c002467c>] (warn_slowpath_null+0x1c/0x24)
[    5.642517] [<c002467c>] (warn_slowpath_null) from [<c00f0200>] (__d_free+0x34/0x40)
[    5.642530] [<c00f0200>] (__d_free) from [<c006a580>] (rcu_process_callbacks+0x3a8/0x544)
[    5.642542] [<c006a580>] (rcu_process_callbacks) from [<c002742c>] (__do_softirq+0xf0/0x240)
[    5.642553] [<c002742c>] (__do_softirq) from [<c0027820>] (irq_exit+0xa8/0x114)
[    5.642566] [<c0027820>] (irq_exit) from [<c0061544>] (__handle_domain_irq+0x58/0xa4)
[    5.642576] [<c0061544>] (__handle_domain_irq) from [<c00087a0>] (gic_handle_irq+0x20/0x5c)
[    5.642587] [<c00087a0>] (gic_handle_irq) from [<c0012080>] (__irq_svc+0x40/0x74)
[    5.642591] Exception stack(0xee067de0 to 0xee067e28)
[    5.642599] 7de0: c094017c 60000193 00000001 ee066000 c0907ed0 00000032 000002b9 00000006
[    5.642606] 7e00: 00000000 00000006 00000000 20000113 00000000 ee067e28 c005ec0c c005fbd4
[    5.642610] 7e20: 60000113 ffffffff
[    5.642624] [<c0012080>] (__irq_svc) from [<c005fbd4>] (console_unlock+0x4b0/0x508)
[    5.642636] [<c005fbd4>] (console_unlock) from [<c0060014>] (vprintk_emit+0x20c/0x504)
[    5.642647] [<c0060014>] (vprintk_emit) from [<c0613640>] (printk+0x34/0x44)
[    5.642661] [<c0613640>] (printk) from [<c048d284>] (sock_register+0x4c/0x90)
[    5.642673] [<c048d284>] (sock_register) from [<c0889824>] (ipsec_pfkey_init+0x30/0x78)
[    5.642683] [<c0889824>] (ipsec_pfkey_init) from [<c0008b04>] (do_one_initcall+0x80/0x1d0)
[    5.642695] [<c0008b04>] (do_one_initcall) from [<c085ed6c>] (kernel_init_freeable+0x108/0x1d4)
[    5.642707] [<c085ed6c>] (kernel_init_freeable) from [<c0610e04>] (kernel_init+0x8/0xec)
[    5.642717] [<c0610e04>] (kernel_init) from [<c000e9b8>] (ret_from_fork+0x14/0x3c)
[    5.642721] ---[ end trace 9e390b8b7576ab48 ]---
[    6.065241] can: controller area network core (rev 20120528 abi 9)
[    6.071597] NET: Registered protocol family 29
[    6.076046] can: raw protocol (rev 20120528)
[    6.080337] can: broadcast manager protocol (rev 20120528 t)
[    6.086011] can: netlink gateway (rev 20130117) max_hops=1
[    6.091681] Bluetooth: RFCOMM socket layer initialized
[    6.096829] Bluetooth: RFCOMM ver 1.11
[    6.100613] Bluetooth: BNEP (Ethernet Emulation) ver 1.3
[    6.105931] Bluetooth: BNEP socket layer initialized
[    6.110911] Bluetooth: HIDP (Human Interface Emulation) ver 1.2
[    6.116835] Bluetooth: HIDP socket layer initialized
[    6.123254] Registering SWP/SWPB emulation handler
[    6.130679] usb1_vbus: supplied by vdd-sys-5v0
[    6.135936] usb2_vbus: supplied by vdd-sys-5v0
[    6.141195] vdd_hdmi_5v0: supplied by vdd-sys-5v0
[    6.147658] VDD_5V0_HDMI_CON: supplied by vdd-sys-5v0
[    6.157305] [drm] Supports vblank timestamp caching Rev 2 (21.10.2013).
[    6.163973] [drm] No driver support for vblank timestamp query.
[    6.190346] ------------[ cut here ]------------
[    6.190368] WARNING: CPU: 0 PID: 0 at fs/dcache.c:255 __d_free+0x34/0x40()
[    6.190374] Modules linked in:
[    6.190384] CPU: 0 PID: 0 Comm: swapper/0 Tainted: G        W      3.18.0-rc3-next-20141103-57588-ga641d0e #1
[    6.190408] [<c0015b00>] (unwind_backtrace) from [<c00114f8>] (show_stack+0x10/0x14)
[    6.190428] [<c00114f8>] (show_stack) from [<c0614bfc>] (dump_stack+0x80/0xcc)
[    6.190443] [<c0614bfc>] (dump_stack) from [<c002463c>] (warn_slowpath_common+0x64/0x88)
[    6.190460] [<c002463c>] (warn_slowpath_common) from [<c002467c>] (warn_slowpath_null+0x1c/0x24)
[    6.190474] [<c002467c>] (warn_slowpath_null) from [<c00f0200>] (__d_free+0x34/0x40)
[    6.190491] [<c00f0200>] (__d_free) from [<c006a580>] (rcu_process_callbacks+0x3a8/0x544)
[    6.190505] [<c006a580>] (rcu_process_callbacks) from [<c002742c>] (__do_softirq+0xf0/0x240)
[    6.190517] [<c002742c>] (__do_softirq) from [<c0027820>] (irq_exit+0xa8/0x114)
[    6.190531] [<c0027820>] (irq_exit) from [<c0061544>] (__handle_domain_irq+0x58/0xa4)
[    6.190542] [<c0061544>] (__handle_domain_irq) from [<c00087a0>] (gic_handle_irq+0x20/0x5c)
[    6.190553] [<c00087a0>] (gic_handle_irq) from [<c0012080>] (__irq_svc+0x40/0x74)
[    6.190558] Exception stack(0xc08a5f50 to 0xc08a5f98)
[    6.190564] 5f40:                                     705b5bbc 00000001 705b5bbc 00000001
[    6.190571] 5f60: 6fc3471e 00000001 ee7aac48 00000000 c08a2880 c08a1c40 00000000 00000000
[    6.190578] 5f80: 00000018 c08a5f98 c0438f18 c041ce7c 00000113 ffffffff
[    6.190593] [<c0012080>] (__irq_svc) from [<c041ce7c>] (cpuidle_enter_state+0x50/0xd8)
[    6.190609] [<c041ce7c>] (cpuidle_enter_state) from [<c00544c0>] (cpu_startup_entry+0x20c/0x274)
[    6.190630] [<c00544c0>] (cpu_startup_entry) from [<c085ebf8>] (start_kernel+0x34c/0x3b8)
[    6.190645] [<c085ebf8>] (start_kernel) from [<80008074>] (0x80008074)
[    6.190653] ---[ end trace 9e390b8b7576ab4a ]---
[    6.212872] Console: switching to colour frame buffer device 240x75
[    6.414724] host1x drm: fb0:  frame buffer device
[    6.419421] host1x drm: registered panic notifier
[    6.450413] [drm] Initialized tegra 0.0.0 20120330 on minor 0
[    6.456539] platform 7d008000.usb: Driver tegra-ehci requests probe deferral
[    6.464753] tegra-snd-rt5640 sound: ASoC: CPU DAI (null) not registered
[    6.471480] tegra-snd-rt5640 sound: snd_soc_register_card failed (-517)
[    6.478124] platform sound: Driver tegra-snd-rt5640 requests probe deferral
[    6.485461] tegra-ehci 7d008000.usb: EHCI Host Controller
[    6.490943] tegra-ehci 7d008000.usb: new USB bus registered, assigned bus number 1
[    6.498845] tegra-ehci 7d008000.usb: irq 129, io mem 0x7d008000
[    6.504778] ------------[ cut here ]------------
[    6.504796] WARNING: CPU: 0 PID: 32 at fs/dcache.c:255 __d_free+0x34/0x40()
[    6.504802] Modules linked in:
[    6.504811] CPU: 0 PID: 32 Comm: kworker/u8:1 Tainted: G        W      3.18.0-rc3-next-20141103-57588-ga641d0e #1
[    6.504827] Workqueue: deferwq deferred_probe_work_func
[    6.504850] [<c0015b00>] (unwind_backtrace) from [<c00114f8>] (show_stack+0x10/0x14)
[    6.504869] [<c00114f8>] (show_stack) from [<c0614bfc>] (dump_stack+0x80/0xcc)
[    6.504884] [<c0614bfc>] (dump_stack) from [<c002463c>] (warn_slowpath_common+0x64/0x88)
[    6.504895] [<c002463c>] (warn_slowpath_common) from [<c002467c>] (warn_slowpath_null+0x1c/0x24)
[    6.504906] [<c002467c>] (warn_slowpath_null) from [<c00f0200>] (__d_free+0x34/0x40)
[    6.504922] [<c00f0200>] (__d_free) from [<c006a580>] (rcu_process_callbacks+0x3a8/0x544)
[    6.504936] [<c006a580>] (rcu_process_callbacks) from [<c002742c>] (__do_softirq+0xf0/0x240)
[    6.504947] [<c002742c>] (__do_softirq) from [<c0027820>] (irq_exit+0xa8/0x114)
[    6.504961] [<c0027820>] (irq_exit) from [<c0061544>] (__handle_domain_irq+0x58/0xa4)
[    6.504973] [<c0061544>] (__handle_domain_irq) from [<c00087a0>] (gic_handle_irq+0x20/0x5c)
[    6.504984] [<c00087a0>] (gic_handle_irq) from [<c0012080>] (__irq_svc+0x40/0x74)
[    6.504988] Exception stack(0xee1d5c48 to 0xee1d5c90)
[    6.504995] 5c40:                   c094017c 60000193 00000001 ee1d4000 c090a248 00000043
[    6.505002] 5c60: 00000328 00000006 00000000 00000006 00000000 20000113 00000000 ee1d5c90
[    6.505007] 5c80: c005ec0c c005fbd4 60000113 ffffffff
[    6.505021] [<c0012080>] (__irq_svc) from [<c005fbd4>] (console_unlock+0x4b0/0x508)
[    6.505032] [<c005fbd4>] (console_unlock) from [<c0060014>] (vprintk_emit+0x20c/0x504)
[    6.505043] [<c0060014>] (vprintk_emit) from [<c02e1db0>] (dev_vprintk_emit+0xf8/0x198)
[    6.505054] [<c02e1db0>] (dev_vprintk_emit) from [<c02e1e70>] (dev_printk_emit+0x20/0x30)
[    6.505064] [<c02e1e70>] (dev_printk_emit) from [<c02e1ecc>] (__dev_printk+0x4c/0x70)
[    6.505073] [<c02e1ecc>] (__dev_printk) from [<c02e1f24>] (_dev_info+0x34/0x44)
[    6.505086] [<c02e1f24>] (_dev_info) from [<c038f5d0>] (usb_add_hcd+0x5cc/0x794)
[    6.505099] [<c038f5d0>] (usb_add_hcd) from [<c03a8d94>] (tegra_ehci_probe+0x398/0x4e4)
[    6.505112] [<c03a8d94>] (tegra_ehci_probe) from [<c02e641c>] (platform_drv_probe+0x48/0xa4)
[    6.505125] [<c02e641c>] (platform_drv_probe) from [<c02e4fe8>] (driver_probe_device+0x10c/0x22c)
[    6.505136] [<c02e4fe8>] (driver_probe_device) from [<c02e378c>] (bus_for_each_drv+0x44/0x8c)
[    6.505147] [<c02e378c>] (bus_for_each_drv) from [<c02e4ea4>] (device_attach+0x70/0x88)
[    6.505158] [<c02e4ea4>] (device_attach) from [<c02e45fc>] (bus_probe_device+0x84/0xa8)
[    6.505169] [<c02e45fc>] (bus_probe_device) from [<c02e49d0>] (deferred_probe_work_func+0x5c/0x88)
[    6.505180] [<c02e49d0>] (deferred_probe_work_func) from [<c0036bc0>] (process_one_work+0x120/0x314)
[    6.505189] [<c0036bc0>] (process_one_work) from [<c0036e18>] (worker_thread+0x30/0x45c)
[    6.505200] [<c0036e18>] (worker_thread) from [<c003b550>] (kthread+0xd8/0xf4)
[    6.505212] [<c003b550>] (kthread) from [<c000e9b8>] (ret_from_fork+0x14/0x3c)
[    6.505217] ---[ end trace 9e390b8b7576ab4b ]---
[    6.505222] ------------[ cut here ]------------
[    6.505232] WARNING: CPU: 0 PID: 32 at fs/dcache.c:255 __d_free+0x34/0x40()
[    6.505237] Modules linked in:
[    6.505244] CPU: 0 PID: 32 Comm: kworker/u8:1 Tainted: G        W      3.18.0-rc3-next-20141103-57588-ga641d0e #1
[    6.505253] Workqueue: deferwq deferred_probe_work_func
[    6.505266] [<c0015b00>] (unwind_backtrace) from [<c00114f8>] (show_stack+0x10/0x14)
[    6.505281] [<c00114f8>] (show_stack) from [<c0614bfc>] (dump_stack+0x80/0xcc)
[    6.505292] [<c0614bfc>] (dump_stack) from [<c002463c>] (warn_slowpath_common+0x64/0x88)
[    6.505302] [<c002463c>] (warn_slowpath_common) from [<c002467c>] (warn_slowpath_null+0x1c/0x24)
[    6.505312] [<c002467c>] (warn_slowpath_null) from [<c00f0200>] (__d_free+0x34/0x40)
[    6.505325] [<c00f0200>] (__d_free) from [<c006a580>] (rcu_process_callbacks+0x3a8/0x544)
[    6.505337] [<c006a580>] (rcu_process_callbacks) from [<c002742c>] (__do_softirq+0xf0/0x240)
[    6.505348] [<c002742c>] (__do_softirq) from [<c0027820>] (irq_exit+0xa8/0x114)
[    6.505360] [<c0027820>] (irq_exit) from [<c0061544>] (__handle_domain_irq+0x58/0xa4)
[    6.505370] [<c0061544>] (__handle_domain_irq) from [<c00087a0>] (gic_handle_irq+0x20/0x5c)
[    6.505380] [<c00087a0>] (gic_handle_irq) from [<c0012080>] (__irq_svc+0x40/0x74)
[    6.505384] Exception stack(0xee1d5c48 to 0xee1d5c90)
[    6.505390] 5c40:                   c094017c 60000193 00000001 ee1d4000 c090a248 00000043
[    6.505397] 5c60: 00000328 00000006 00000000 00000006 00000000 20000113 00000000 ee1d5c90
[    6.505402] 5c80: c005ec0c c005fbd4 60000113 ffffffff
[    6.505415] [<c0012080>] (__irq_svc) from [<c005fbd4>] (console_unlock+0x4b0/0x508)
[    6.505426] [<c005fbd4>] (console_unlock) from [<c0060014>] (vprintk_emit+0x20c/0x504)
[    6.505436] [<c0060014>] (vprintk_emit) from [<c02e1db0>] (dev_vprintk_emit+0xf8/0x198)
[    6.505445] [<c02e1db0>] (dev_vprintk_emit) from [<c02e1e70>] (dev_printk_emit+0x20/0x30)
[    6.505455] [<c02e1e70>] (dev_printk_emit) from [<c02e1ecc>] (__dev_printk+0x4c/0x70)
[    6.505463] [<c02e1ecc>] (__dev_printk) from [<c02e1f24>] (_dev_info+0x34/0x44)
[    6.505474] [<c02e1f24>] (_dev_info) from [<c038f5d0>] (usb_add_hcd+0x5cc/0x794)
[    6.505484] [<c038f5d0>] (usb_add_hcd) from [<c03a8d94>] (tegra_ehci_probe+0x398/0x4e4)
[    6.505495] [<c03a8d94>] (tegra_ehci_probe) from [<c02e641c>] (platform_drv_probe+0x48/0xa4)
[    6.505507] [<c02e641c>] (platform_drv_probe) from [<c02e4fe8>] (driver_probe_device+0x10c/0x22c)
[    6.505518] [<c02e4fe8>] (driver_probe_device) from [<c02e378c>] (bus_for_each_drv+0x44/0x8c)
[    6.505529] [<c02e378c>] (bus_for_each_drv) from [<c02e4ea4>] (device_attach+0x70/0x88)
[    6.505540] [<c02e4ea4>] (device_attach) from [<c02e45fc>] (bus_probe_device+0x84/0xa8)
[    6.505551] [<c02e45fc>] (bus_probe_device) from [<c02e49d0>] (deferred_probe_work_func+0x5c/0x88)
[    6.505561] [<c02e49d0>] (deferred_probe_work_func) from [<c0036bc0>] (process_one_work+0x120/0x314)
[    6.505569] [<c0036bc0>] (process_one_work) from [<c0036e18>] (worker_thread+0x30/0x45c)
[    6.505578] [<c0036e18>] (worker_thread) from [<c003b550>] (kthread+0xd8/0xf4)
[    6.505589] [<c003b550>] (kthread) from [<c000e9b8>] (ret_from_fork+0x14/0x3c)
[    6.505593] ---[ end trace 9e390b8b7576ab4c ]---
[    7.110437] tegra-ehci 7d008000.usb: USB 2.0 started, EHCI 1.10
[    7.118243] hub 1-0:1.0: USB hub found
[    7.122099] hub 1-0:1.0: 1 port detected
[    7.127503] tegra-snd-rt5640 sound: ASoC: CPU DAI (null) not registered
[    7.134202] tegra-snd-rt5640 sound: snd_soc_register_card failed (-517)
[    7.140944] platform sound: Driver tegra-snd-rt5640 requests probe deferral
[    7.149387] input: gpio-keys as /devices/soc0/gpio-keys/input/input0
[    7.150315] ------------[ cut here ]------------
[    7.150332] WARNING: CPU: 0 PID: 0 at fs/dcache.c:255 __d_free+0x34/0x40()
[    7.150339] Modules linked in:
[    7.150348] CPU: 0 PID: 0 Comm: swapper/0 Tainted: G        W      3.18.0-rc3-next-20141103-57588-ga641d0e #1
[    7.150372] [<c0015b00>] (unwind_backtrace) from [<c00114f8>] (show_stack+0x10/0x14)
[    7.150392] [<c00114f8>] (show_stack) from [<c0614bfc>] (dump_stack+0x80/0xcc)
[    7.150408] [<c0614bfc>] (dump_stack) from [<c002463c>] (warn_slowpath_common+0x64/0x88)
[    7.150418] [<c002463c>] (warn_slowpath_common) from [<c002467c>] (warn_slowpath_null+0x1c/0x24)
[    7.150430] [<c002467c>] (warn_slowpath_null) from [<c00f0200>] (__d_free+0x34/0x40)
[    7.150446] [<c00f0200>] (__d_free) from [<c006a580>] (rcu_process_callbacks+0x3a8/0x544)
[    7.150460] [<c006a580>] (rcu_process_callbacks) from [<c002742c>] (__do_softirq+0xf0/0x240)
[    7.150471] [<c002742c>] (__do_softirq) from [<c0027820>] (irq_exit+0xa8/0x114)
[    7.150485] [<c0027820>] (irq_exit) from [<c0061544>] (__handle_domain_irq+0x58/0xa4)
[    7.150497] [<c0061544>] (__handle_domain_irq) from [<c00087a0>] (gic_handle_irq+0x20/0x5c)
[    7.150509] [<c00087a0>] (gic_handle_irq) from [<c0012080>] (__irq_svc+0x40/0x74)
[    7.150514] Exception stack(0xc08a5f50 to 0xc08a5f98)
[    7.150520] 5f40:                                     a993c004 00000001 a993c004 00000001
[    7.150527] 5f60: a9713250 00000001 ee7aac48 00000000 c08a2880 c08a1c40 00000000 00000000
[    7.150534] 5f80: 00000018 c08a5f98 c0438f18 c041ce7c 80000113 ffffffff
[    7.150549] [<c0012080>] (__irq_svc) from [<c041ce7c>] (cpuidle_enter_state+0x50/0xd8)
[    7.150565] [<c041ce7c>] (cpuidle_enter_state) from [<c00544c0>] (cpu_startup_entry+0x20c/0x274)
[    7.150584] [<c00544c0>] (cpu_startup_entry) from [<c085ebf8>] (start_kernel+0x34c/0x3b8)
[    7.150596] [<c085ebf8>] (start_kernel) from [<80008074>] (0x80008074)
[    7.150601] ---[ end trace 9e390b8b7576ab4d ]---
[    7.170395] ------------[ cut here ]------------
[    7.170416] WARNING: CPU: 0 PID: 0 at fs/dcache.c:255 __d_free+0x34/0x40()
[    7.170422] Modules linked in:
[    7.170432] CPU: 0 PID: 0 Comm: swapper/0 Tainted: G        W      3.18.0-rc3-next-20141103-57588-ga641d0e #1
[    7.170456] [<c0015b00>] (unwind_backtrace) from [<c00114f8>] (show_stack+0x10/0x14)
[    7.170475] [<c00114f8>] (show_stack) from [<c0614bfc>] (dump_stack+0x80/0xcc)
[    7.170491] [<c0614bfc>] (dump_stack) from [<c002463c>] (warn_slowpath_common+0x64/0x88)
[    7.170502] [<c002463c>] (warn_slowpath_common) from [<c002467c>] (warn_slowpath_null+0x1c/0x24)
[    7.170513] [<c002467c>] (warn_slowpath_null) from [<c00f0200>] (__d_free+0x34/0x40)
[    7.170529] [<c00f0200>] (__d_free) from [<c006a580>] (rcu_process_callbacks+0x3a8/0x544)
[    7.170544] [<c006a580>] (rcu_process_callbacks) from [<c002742c>] (__do_softirq+0xf0/0x240)
[    7.170556] [<c002742c>] (__do_softirq) from [<c0027820>] (irq_exit+0xa8/0x114)
[    7.170570] [<c0027820>] (irq_exit) from [<c0061544>] (__handle_domain_irq+0x58/0xa4)
[    7.170582] [<c0061544>] (__handle_domain_irq) from [<c00087a0>] (gic_handle_irq+0x20/0x5c)
[    7.170594] [<c00087a0>] (gic_handle_irq) from [<c0012080>] (__irq_svc+0x40/0x74)
[    7.170599] Exception stack(0xc08a5f50 to 0xc08a5f98)
[    7.170605] 5f40:                                     aac57fd3 00000001 aac57fd3 00000001
[    7.170612] 5f60: aa2f29d3 00000001 ee7aac48 00000001 c08a2880 c08a1c40 00000001 00000000
[    7.170618] 5f80: 00000018 c08a5f98 c0438f18 c041ce7c 80000113 ffffffff
[    7.170633] [<c0012080>] (__irq_svc) from [<c041ce7c>] (cpuidle_enter_state+0x50/0xd8)
[    7.170648] [<c041ce7c>] (cpuidle_enter_state) from [<c00544c0>] (cpu_startup_entry+0x20c/0x274)
[    7.170667] [<c00544c0>] (cpu_startup_entry) from [<c085ebf8>] (start_kernel+0x34c/0x3b8)
[    7.170678] [<c085ebf8>] (start_kernel) from [<80008074>] (0x80008074)
[    7.170684] ---[ end trace 9e390b8b7576ab4e ]---
[    7.170689] ------------[ cut here ]------------
[    7.170700] WARNING: CPU: 0 PID: 0 at fs/dcache.c:255 __d_free+0x34/0x40()
[    7.170705] Modules linked in:
[    7.170712] CPU: 0 PID: 0 Comm: swapper/0 Tainted: G        W      3.18.0-rc3-next-20141103-57588-ga641d0e #1
[    7.170727] [<c0015b00>] (unwind_backtrace) from [<c00114f8>] (show_stack+0x10/0x14)
[    7.170741] [<c00114f8>] (show_stack) from [<c0614bfc>] (dump_stack+0x80/0xcc)
[    7.170753] [<c0614bfc>] (dump_stack) from [<c002463c>] (warn_slowpath_common+0x64/0x88)
[    7.170763] [<c002463c>] (warn_slowpath_common) from [<c002467c>] (warn_slowpath_null+0x1c/0x24)
[    7.170774] [<c002467c>] (warn_slowpath_null) from [<c00f0200>] (__d_free+0x34/0x40)
[    7.170788] [<c00f0200>] (__d_free) from [<c006a580>] (rcu_process_callbacks+0x3a8/0x544)
[    7.170800] [<c006a580>] (rcu_process_callbacks) from [<c002742c>] (__do_softirq+0xf0/0x240)
[    7.170811] [<c002742c>] (__do_softirq) from [<c0027820>] (irq_exit+0xa8/0x114)
[    7.170822] [<c0027820>] (irq_exit) from [<c0061544>] (__handle_domain_irq+0x58/0xa4)
[    7.170832] [<c0061544>] (__handle_domain_irq) from [<c00087a0>] (gic_handle_irq+0x20/0x5c)
[    7.170842] [<c00087a0>] (gic_handle_irq) from [<c0012080>] (__irq_svc+0x40/0x74)
[    7.170846] Exception stack(0xc08a5f50 to 0xc08a5f98)
[    7.170852] 5f40:                                     aac57fd3 00000001 aac57fd3 00000001
[    7.170859] 5f60: aa2f29d3 00000001 ee7aac48 00000001 c08a2880 c08a1c40 00000001 00000000
[    7.170865] 5f80: 00000018 c08a5f98 c0438f18 c041ce7c 80000113 ffffffff
[    7.170877] [<c0012080>] (__irq_svc) from [<c041ce7c>] (cpuidle_enter_state+0x50/0xd8)
[    7.170888] [<c041ce7c>] (cpuidle_enter_state) from [<c00544c0>] (cpu_startup_entry+0x20c/0x274)
[    7.170902] [<c00544c0>] (cpu_startup_entry) from [<c085ebf8>] (start_kernel+0x34c/0x3b8)
[    7.170912] [<c085ebf8>] (start_kernel) from [<80008074>] (0x80008074)
[    7.170917] ---[ end trace 9e390b8b7576ab4f ]---
[    7.440470] usb 1-1: new high-speed USB device number 2 using tegra-ehci
[    7.691297] tegra-snd-rt5640 sound: ASoC: CPU DAI (null) not registered
[    7.697945] tegra-snd-rt5640 sound: snd_soc_register_card failed (-517)
[    7.704655] platform sound: Driver tegra-snd-rt5640 requests probe deferral
[    7.712555] palmas-rtc 7000d000.i2c:tps65913@58:rtc: setting system clock to 2000-04-10 01:09:22 UTC (955328962)
[    7.722808] ------------[ cut here ]------------
[    7.722829] WARNING: CPU: 0 PID: 1 at fs/dcache.c:255 __d_free+0x34/0x40()
[    7.722835] Modules linked in:
[    7.722844] CPU: 0 PID: 1 Comm: swapper/0 Tainted: G        W      3.18.0-rc3-next-20141103-57588-ga641d0e #1
[    7.722867] [<c0015b00>] (unwind_backtrace) from [<c00114f8>] (show_stack+0x10/0x14)
[    7.722886] [<c00114f8>] (show_stack) from [<c0614bfc>] (dump_stack+0x80/0xcc)
[    7.722901] [<c0614bfc>] (dump_stack) from [<c002463c>] (warn_slowpath_common+0x64/0x88)
[    7.722911] [<c002463c>] (warn_slowpath_common) from [<c002467c>] (warn_slowpath_null+0x1c/0x24)
[    7.722922] [<c002467c>] (warn_slowpath_null) from [<c00f0200>] (__d_free+0x34/0x40)
[    7.722938] [<c00f0200>] (__d_free) from [<c006a580>] (rcu_process_callbacks+0x3a8/0x544)
[    7.722951] [<c006a580>] (rcu_process_callbacks) from [<c002742c>] (__do_softirq+0xf0/0x240)
[    7.722963] [<c002742c>] (__do_softirq) from [<c0027820>] (irq_exit+0xa8/0x114)
[    7.722977] [<c0027820>] (irq_exit) from [<c0061544>] (__handle_domain_irq+0x58/0xa4)
[    7.722988] [<c0061544>] (__handle_domain_irq) from [<c00087a0>] (gic_handle_irq+0x20/0x5c)
[    7.722999] [<c00087a0>] (gic_handle_irq) from [<c0012080>] (__irq_svc+0x40/0x74)
[    7.723003] Exception stack(0xee067cc0 to 0xee067d08)
[    7.723012] 7cc0: c094017c 60000193 00000001 ee066000 c090d988 00000074 000003ca 00000006
[    7.723019] 7ce0: 00000000 00000006 00000000 20000113 00000000 ee067d08 c005ec0c c005fbd4
[    7.723023] 7d00: 60000113 ffffffff
[    7.723036] [<c0012080>] (__irq_svc) from [<c005fbd4>] (console_unlock+0x4b0/0x508)
[    7.723048] [<c005fbd4>] (console_unlock) from [<c0060014>] (vprintk_emit+0x20c/0x504)
[    7.723062] [<c0060014>] (vprintk_emit) from [<c02e1db0>] (dev_vprintk_emit+0xf8/0x198)
[    7.723072] [<c02e1db0>] (dev_vprintk_emit) from [<c02e1e70>] (dev_printk_emit+0x20/0x30)
[    7.723082] [<c02e1e70>] (dev_printk_emit) from [<c02e1ecc>] (__dev_printk+0x4c/0x70)
[    7.723091] [<c02e1ecc>] (__dev_printk) from [<c02e1f24>] (_dev_info+0x34/0x44)
[    7.723105] [<c02e1f24>] (_dev_info) from [<c087bef0>] (rtc_hctosys+0xe0/0x118)
[    7.723117] [<c087bef0>] (rtc_hctosys) from [<c0008b04>] (do_one_initcall+0x80/0x1d0)
[    7.723130] [<c0008b04>] (do_one_initcall) from [<c085ed6c>] (kernel_init_freeable+0x108/0x1d4)
[    7.723143] [<c085ed6c>] (kernel_init_freeable) from [<c0610e04>] (kernel_init+0x8/0xec)
[    7.723154] [<c0610e04>] (kernel_init) from [<c000e9b8>] (ret_from_fork+0x14/0x3c)
[    7.723159] ---[ end trace 9e390b8b7576ab50 ]---
[    7.723164] ------------[ cut here ]------------
[    7.723175] WARNING: CPU: 0 PID: 1 at fs/dcache.c:255 __d_free+0x34/0x40()
[    7.723179] Modules linked in:
[    7.723186] CPU: 0 PID: 1 Comm: swapper/0 Tainted: G        W      3.18.0-rc3-next-20141103-57588-ga641d0e #1
[    7.723200] [<c0015b00>] (unwind_backtrace) from [<c00114f8>] (show_stack+0x10/0x14)
[    7.723215] [<c00114f8>] (show_stack) from [<c0614bfc>] (dump_stack+0x80/0xcc)
[    7.723226] [<c0614bfc>] (dump_stack) from [<c002463c>] (warn_slowpath_common+0x64/0x88)
[    7.723236] [<c002463c>] (warn_slowpath_common) from [<c002467c>] (warn_slowpath_null+0x1c/0x24)
[    7.723248] [<c002467c>] (warn_slowpath_null) from [<c00f0200>] (__d_free+0x34/0x40)
[    7.723261] [<c00f0200>] (__d_free) from [<c006a580>] (rcu_process_callbacks+0x3a8/0x544)
[    7.723273] [<c006a580>] (rcu_process_callbacks) from [<c002742c>] (__do_softirq+0xf0/0x240)
[    7.723284] [<c002742c>] (__do_softirq) from [<c0027820>] (irq_exit+0xa8/0x114)
[    7.723296] [<c0027820>] (irq_exit) from [<c0061544>] (__handle_domain_irq+0x58/0xa4)
[    7.723306] [<c0061544>] (__handle_domain_irq) from [<c00087a0>] (gic_handle_irq+0x20/0x5c)
[    7.723316] [<c00087a0>] (gic_handle_irq) from [<c0012080>] (__irq_svc+0x40/0x74)
[    7.723320] Exception stack(0xee067cc0 to 0xee067d08)
[    7.723327] 7cc0: c094017c 60000193 00000001 ee066000 c090d988 00000074 000003ca 00000006
[    7.723334] 7ce0: 00000000 00000006 00000000 20000113 00000000 ee067d08 c005ec0c c005fbd4
[    7.723337] 7d00: 60000113 ffffffff
[    7.723350] [<c0012080>] (__irq_svc) from [<c005fbd4>] (console_unlock+0x4b0/0x508)
[    7.723362] [<c005fbd4>] (console_unlock) from [<c0060014>] (vprintk_emit+0x20c/0x504)
[    7.723372] [<c0060014>] (vprintk_emit) from [<c02e1db0>] (dev_vprintk_emit+0xf8/0x198)
[    7.723381] [<c02e1db0>] (dev_vprintk_emit) from [<c02e1e70>] (dev_printk_emit+0x20/0x30)
[    7.723390] [<c02e1e70>] (dev_printk_emit) from [<c02e1ecc>] (__dev_printk+0x4c/0x70)
[    7.723399] [<c02e1ecc>] (__dev_printk) from [<c02e1f24>] (_dev_info+0x34/0x44)
[    7.723412] [<c02e1f24>] (_dev_info) from [<c087bef0>] (rtc_hctosys+0xe0/0x118)
[    7.723422] [<c087bef0>] (rtc_hctosys) from [<c0008b04>] (do_one_initcall+0x80/0x1d0)
[    7.723435] [<c0008b04>] (do_one_initcall) from [<c085ed6c>] (kernel_init_freeable+0x108/0x1d4)
[    7.723446] [<c085ed6c>] (kernel_init_freeable) from [<c0610e04>] (kernel_init+0x8/0xec)
[    7.723457] [<c0610e04>] (kernel_init) from [<c000e9b8>] (ret_from_fork+0x14/0x3c)
[    7.723462] ---[ end trace 9e390b8b7576ab51 ]---
[    8.198536] vdd_cam_1v8_reg: disabling
[    8.202500] vdd_hdmi_5v0: disabling
[    8.205996] usb1_vbus: disabling
[    8.209243] dvdd_ts: disabling
[    8.215591] ALSA device list:
[    8.218561]   No soundcards found.
[    8.250376] ------------[ cut here ]------------
[    8.255009] WARNING: CPU: 0 PID: 0 at fs/dcache.c:255 __d_free+0x34/0x40()
[    8.261896] Modules linked in:
[    8.264959] CPU: 0 PID: 0 Comm: swapper/0 Tainted: G        W      3.18.0-rc3-next-20141103-57588-ga641d0e #1
[    8.274890] [<c0015b00>] (unwind_backtrace) from [<c00114f8>] (show_stack+0x10/0x14)
[    8.282654] [<c00114f8>] (show_stack) from [<c0614bfc>] (dump_stack+0x80/0xcc)
[    8.289899] [<c0614bfc>] (dump_stack) from [<c002463c>] (warn_slowpath_common+0x64/0x88)
[    8.298036] [<c002463c>] (warn_slowpath_common) from [<c002467c>] (warn_slowpath_null+0x1c/0x24)
[    8.306831] [<c002467c>] (warn_slowpath_null) from [<c00f0200>] (__d_free+0x34/0x40)
[    8.314582] [<c00f0200>] (__d_free) from [<c006a580>] (rcu_process_callbacks+0x3a8/0x544)
[    8.322766] [<c006a580>] (rcu_process_callbacks) from [<c002742c>] (__do_softirq+0xf0/0x240)
[    8.331211] [<c002742c>] (__do_softirq) from [<c0027820>] (irq_exit+0xa8/0x114)
[    8.338514] [<c0027820>] (irq_exit) from [<c0061544>] (__handle_domain_irq+0x58/0xa4)
[    8.346353] [<c0061544>] (__handle_domain_irq) from [<c00087a0>] (gic_handle_irq+0x20/0x5c)
[    8.354707] [<c00087a0>] (gic_handle_irq) from [<c0012080>] (__irq_svc+0x40/0x74)
[    8.362190] Exception stack(0xc08a5f50 to 0xc08a5f98)
[    8.367234] 5f40:                                     eb24fe79 00000001 eb24fe79 00000001
[    8.375412] 5f60: ea8ca967 00000001 ee7aac48 00000001 c08a2880 c08a1c40 00000001 00000000
[    8.383586] 5f80: 00000018 c08a5f98 c0438f18 c041ce7c 80000113 ffffffff
[    8.390206] [<c0012080>] (__irq_svc) from [<c041ce7c>] (cpuidle_enter_state+0x50/0xd8)
[    8.398129] [<c041ce7c>] (cpuidle_enter_state) from [<c00544c0>] (cpu_startup_entry+0x20c/0x274)
[    8.406926] [<c00544c0>] (cpu_startup_entry) from [<c085ebf8>] (start_kernel+0x34c/0x3b8)
[    8.415105] [<c085ebf8>] (start_kernel) from [<80008074>] (0x80008074)
[    8.421630] ---[ end trace 9e390b8b7576ab52 ]---
[    8.430755] asix 1-1:1.0 eth0: register 'asix' at usb-7d008000.usb-1, ASIX AX88772 USB 2.0 Ethernet, 00:50:b6:0d:b5:16
[    8.442023] tegra-snd-rt5640 sound: ASoC: CPU DAI (null) not registered
[    8.448691] tegra-snd-rt5640 sound: snd_soc_register_card failed (-517)
[    8.455476] platform sound: Driver tegra-snd-rt5640 requests probe deferral
[    8.463187] tegra-snd-rt5640 sound: ASoC: CPU DAI (null) not registered
[    8.469829] tegra-snd-rt5640 sound: snd_soc_register_card failed (-517)
[    8.476512] platform sound: Driver tegra-snd-rt5640 requests probe deferral
[    8.479755] kjournald starting.  Commit interval 5 seconds
[    8.481594] EXT3-fs (mmcblk0p1): using internal journal
[    8.481612] EXT3-fs (mmcblk0p1): recovery complete
[    8.481616] EXT3-fs (mmcblk0p1): mounted filesystem with writeback data mode
[    8.481684] VFS: Mounted root (ext3 filesystem) on device 179:1.
[    8.482955] devtmpfs: mounted
[    8.483260] Freeing unused kernel memory: 280K (c085e000 - c08a4000)
[    8.490351] ------------[ cut here ]------------
[    8.490372] WARNING: CPU: 0 PID: 0 at fs/dcache.c:255 __d_free+0x34/0x40()
[    8.490397] Modules linked in:
[    8.490407] CPU: 0 PID: 0 Comm: swapper/0 Tainted: G        W      3.18.0-rc3-next-20141103-57588-ga641d0e #1
[    8.490433] [<c0015b00>] (unwind_backtrace) from [<c00114f8>] (show_stack+0x10/0x14)
[    8.490451] [<c00114f8>] (show_stack) from [<c0614bfc>] (dump_stack+0x80/0xcc)
[    8.490467] [<c0614bfc>] (dump_stack) from [<c002463c>] (warn_slowpath_common+0x64/0x88)
[    8.490478] [<c002463c>] (warn_slowpath_common) from [<c002467c>] (warn_slowpath_null+0x1c/0x24)
[    8.490489] [<c002467c>] (warn_slowpath_null) from [<c00f0200>] (__d_free+0x34/0x40)
[    8.490505] [<c00f0200>] (__d_free) from [<c006a580>] (rcu_process_callbacks+0x3a8/0x544)
[    8.490520] [<c006a580>] (rcu_process_callbacks) from [<c002742c>] (__do_softirq+0xf0/0x240)
[    8.490531] [<c002742c>] (__do_softirq) from [<c0027820>] (irq_exit+0xa8/0x114)
[    8.490545] [<c0027820>] (irq_exit) from [<c0061544>] (__handle_domain_irq+0x58/0xa4)
[    8.490556] [<c0061544>] (__handle_domain_irq) from [<c00087a0>] (gic_handle_irq+0x20/0x5c)
[    8.490567] [<c00087a0>] (gic_handle_irq) from [<c0012080>] (__irq_svc+0x40/0x74)
[    8.490572] Exception stack(0xc08a5f50 to 0xc08a5f98)
[    8.490578] 5f40:                                     f972865c 00000001 f972865c 00000001
[    8.490586] 5f60: f9700033 00000001 ee7aac48 00000000 c08a2880 c08a1c40 00000000 00000000
[    8.490592] 5f80: 00000018 c08a5f98 c0438f18 c041ce7c 80000113 ffffffff
[    8.490606] [<c0012080>] (__irq_svc) from [<c041ce7c>] (cpuidle_enter_state+0x50/0xd8)
[    8.490621] [<c041ce7c>] (cpuidle_enter_state) from [<c00544c0>] (cpu_startup_entry+0x20c/0x274)
[    8.490640] [<c00544c0>] (cpu_startup_entry) from [<c085ebf8>] (start_kernel+0x34c/0x3b8)
[    8.490646] ---[ end trace 9e390b8b7576ab53 ]---
[    8.490651] ------------[ cut here ]------------
[    8.490661] WARNING: CPU: 0 PID: 0 at fs/dcache.c:255 __d_free+0x34/0x40()
[    8.490666] Modules linked in:
[    8.490673] CPU: 0 PID: 0 Comm: swapper/0 Tainted: G        W      3.18.0-rc3-next-20141103-57588-ga641d0e #1
[    8.490687] [<c0015b00>] (unwind_backtrace) from [<c00114f8>] (show_stack+0x10/0x14)
[    8.490701] [<c00114f8>] (show_stack) from [<c0614bfc>] (dump_stack+0x80/0xcc)
[    8.490713] [<c0614bfc>] (dump_stack) from [<c002463c>] (warn_slowpath_common+0x64/0x88)
[    8.490723] [<c002463c>] (warn_slowpath_common) from [<c002467c>] (warn_slowpath_null+0x1c/0x24)
[    8.490734] [<c002467c>] (warn_slowpath_null) from [<c00f0200>] (__d_free+0x34/0x40)
[    8.490747] [<c00f0200>] (__d_free) from [<c006a580>] (rcu_process_callbacks+0x3a8/0x544)
[    8.490759] [<c006a580>] (rcu_process_callbacks) from [<c002742c>] (__do_softirq+0xf0/0x240)
[    8.490770] [<c002742c>] (__do_softirq) from [<c0027820>] (irq_exit+0xa8/0x114)
[    8.490782] [<c0027820>] (irq_exit) from [<c0061544>] (__handle_domain_irq+0x58/0xa4)
[    8.490792] [<c0061544>] (__handle_domain_irq) from [<c00087a0>] (gic_handle_irq+0x20/0x5c)
[    8.490802] [<c00087a0>] (gic_handle_irq) from [<c0012080>] (__irq_svc+0x40/0x74)
[    8.490806] Exception stack(0xc08a5f50 to 0xc08a5f98)
[    8.490812] 5f40:                                     f972865c 00000001 f972865c 00000001
[    8.490819] 5f60: f9700033 00000001 ee7aac48 00000000 c08a2880 c08a1c40 00000000 00000000
[    8.490825] 5f80: 00000018 c08a5f98 c0438f18 c041ce7c 80000113 ffffffff
[    8.490837] [<c0012080>] (__irq_svc) from [<c041ce7c>] (cpuidle_enter_state+0x50/0xd8)
[    8.490848] [<c041ce7c>] (cpuidle_enter_state) from [<c00544c0>] (cpu_startup_entry+0x20c/0x274)
[    8.490863] [<c00544c0>] (cpu_startup_entry) from [<c085ebf8>] (start_kernel+0x34c/0x3b8)
[    8.490867] ---[ end trace 9e390b8b7576ab54 ]---
[    8.506065] ------------[ cut here ]------------
[    8.506085] WARNING: CPU: 2 PID: 32 at fs/dcache.c:255 __d_free+0x34/0x40()
[    8.506091] Modules linked in:
[    8.506100] CPU: 2 PID: 32 Comm: kworker/u8:1 Tainted: G        W      3.18.0-rc3-next-20141103-57588-ga641d0e #1
[    8.506115] Workqueue: deferwq deferred_probe_work_func
[    8.506137] [<c0015b00>] (unwind_backtrace) from [<c00114f8>] (show_stack+0x10/0x14)
[    8.506156] [<c00114f8>] (show_stack) from [<c0614bfc>] (dump_stack+0x80/0xcc)
[    8.506171] [<c0614bfc>] (dump_stack) from [<c002463c>] (warn_slowpath_common+0x64/0x88)
[    8.506182] [<c002463c>] (warn_slowpath_common) from [<c002467c>] (warn_slowpath_null+0x1c/0x24)
[    8.506192] [<c002467c>] (warn_slowpath_null) from [<c00f0200>] (__d_free+0x34/0x40)
[    8.506209] [<c00f0200>] (__d_free) from [<c006a580>] (rcu_process_callbacks+0x3a8/0x544)
[    8.506224] [<c006a580>] (rcu_process_callbacks) from [<c002742c>] (__do_softirq+0xf0/0x240)
[    8.506235] [<c002742c>] (__do_softirq) from [<c0027820>] (irq_exit+0xa8/0x114)
[    8.506248] [<c0027820>] (irq_exit) from [<c0061544>] (__handle_domain_irq+0x58/0xa4)
[    8.506260] [<c0061544>] (__handle_domain_irq) from [<c00087a0>] (gic_handle_irq+0x20/0x5c)
[    8.506271] [<c00087a0>] (gic_handle_irq) from [<c0012080>] (__irq_svc+0x40/0x74)
[    8.506275] Exception stack(0xee1d5cb8 to 0xee1d5d00)
[    8.506280] 5ca0:                                                       c094017c 60000193
[    8.506288] 5cc0: 00000001 ee1d4000 c090fbb4 00000050 00000431 00000006 00000000 00000006
[    8.506295] 5ce0: 00000000 60000113 00000000 ee1d5d00 c005ec0c c005fbd4 60000113 ffffffff
[    8.506309] [<c0012080>] (__irq_svc) from [<c005fbd4>] (console_unlock+0x4b0/0x508)
[    8.506320] [<c005fbd4>] (console_unlock) from [<c0060014>] (vprintk_emit+0x20c/0x504)
[    8.506331] [<c0060014>] (vprintk_emit) from [<c02e1db0>] (dev_vprintk_emit+0xf8/0x198)
[    8.506342] [<c02e1db0>] (dev_vprintk_emit) from [<c02e1e70>] (dev_printk_emit+0x20/0x30)
[    8.506352] [<c02e1e70>] (dev_printk_emit) from [<c02e1ecc>] (__dev_printk+0x4c/0x70)
[    8.506361] [<c02e1ecc>] (__dev_printk) from [<c02e1f24>] (_dev_info+0x34/0x44)
[    8.506373] [<c02e1f24>] (_dev_info) from [<c02e5024>] (driver_probe_device+0x148/0x22c)
[    8.506385] [<c02e5024>] (driver_probe_device) from [<c02e378c>] (bus_for_each_drv+0x44/0x8c)
[    8.506396] [<c02e378c>] (bus_for_each_drv) from [<c02e4ea4>] (device_attach+0x70/0x88)
[    8.506407] [<c02e4ea4>] (device_attach) from [<c02e45fc>] (bus_probe_device+0x84/0xa8)
[    8.506418] [<c02e45fc>] (bus_probe_device) from [<c02e49d0>] (deferred_probe_work_func+0x5c/0x88)
[    8.506430] [<c02e49d0>] (deferred_probe_work_func) from [<c0036bc0>] (process_one_work+0x120/0x314)
[    8.506440] [<c0036bc0>] (process_one_work) from [<c0036e18>] (worker_thread+0x30/0x45c)
[    8.506451] [<c0036e18>] (worker_thread) from [<c003b550>] (kthread+0xd8/0xf4)
[    8.506464] [<c003b550>] (kthread) from [<c000e9b8>] (ret_from_fork+0x14/0x3c)
[    8.506469] ---[ end trace 9e390b8b7576ab55 ]---
[    8.506474] ------------[ cut here ]------------
[    8.506484] WARNING: CPU: 2 PID: 32 at fs/dcache.c:255 __d_free+0x34/0x40()
[    8.506488] Modules linked in:
[    8.506495] CPU: 2 PID: 32 Comm: kworker/u8:1 Tainted: G        W      3.18.0-rc3-next-20141103-57588-ga641d0e #1
[    8.506504] Workqueue: deferwq deferred_probe_work_func
[    8.506517] [<c0015b00>] (unwind_backtrace) from [<c00114f8>] (show_stack+0x10/0x14)
[    8.506532] [<c00114f8>] (show_stack) from [<c0614bfc>] (dump_stack+0x80/0xcc)
[    8.506544] [<c0614bfc>] (dump_stack) from [<c002463c>] (warn_slowpath_common+0x64/0x88)
[    8.506553] [<c002463c>] (warn_slowpath_common) from [<c002467c>] (warn_slowpath_null+0x1c/0x24)
[    8.506564] [<c002467c>] (warn_slowpath_null) from [<c00f0200>] (__d_free+0x34/0x40)
[    8.506577] [<c00f0200>] (__d_free) from [<c006a580>] (rcu_process_callbacks+0x3a8/0x544)
[    8.506589] [<c006a580>] (rcu_process_callbacks) from [<c002742c>] (__do_softirq+0xf0/0x240)
[    8.506599] [<c002742c>] (__do_softirq) from [<c0027820>] (irq_exit+0xa8/0x114)
[    8.506611] [<c0027820>] (irq_exit) from [<c0061544>] (__handle_domain_irq+0x58/0xa4)
[    8.506621] [<c0061544>] (__handle_domain_irq) from [<c00087a0>] (gic_handle_irq+0x20/0x5c)
[    8.506631] [<c00087a0>] (gic_handle_irq) from [<c0012080>] (__irq_svc+0x40/0x74)
[    8.506635] Exception stack(0xee1d5cb8 to 0xee1d5d00)
[    8.506640] 5ca0:                                                       c094017c 60000193
[    8.506647] 5cc0: 00000001 ee1d4000 c090fbb4 00000050 00000431 00000006 00000000 00000006
[    8.506653] 5ce0: 00000000 60000113 00000000 ee1d5d00 c005ec0c c005fbd4 60000113 ffffffff
[    8.506666] [<c0012080>] (__irq_svc) from [<c005fbd4>] (console_unlock+0x4b0/0x508)
[    8.506677] [<c005fbd4>] (console_unlock) from [<c0060014>] (vprintk_emit+0x20c/0x504)
[    8.506687] [<c0060014>] (vprintk_emit) from [<c02e1db0>] (dev_vprintk_emit+0xf8/0x198)
[    8.506697] [<c02e1db0>] (dev_vprintk_emit) from [<c02e1e70>] (dev_printk_emit+0x20/0x30)
[    8.506706] [<c02e1e70>] (dev_printk_emit) from [<c02e1ecc>] (__dev_printk+0x4c/0x70)
[    8.506715] [<c02e1ecc>] (__dev_printk) from [<c02e1f24>] (_dev_info+0x34/0x44)
[    8.506726] [<c02e1f24>] (_dev_info) from [<c02e5024>] (driver_probe_device+0x148/0x22c)
[    8.506738] [<c02e5024>] (driver_probe_device) from [<c02e378c>] (bus_for_each_drv+0x44/0x8c)
[    8.506748] [<c02e378c>] (bus_for_each_drv) from [<c02e4ea4>] (device_attach+0x70/0x88)
[    8.506759] [<c02e4ea4>] (device_attach) from [<c02e45fc>] (bus_probe_device+0x84/0xa8)
[    8.506770] [<c02e45fc>] (bus_probe_device) from [<c02e49d0>] (deferred_probe_work_func+0x5c/0x88)
[    8.506780] [<c02e49d0>] (deferred_probe_work_func) from [<c0036bc0>] (process_one_work+0x120/0x314)
[    8.506788] [<c0036bc0>] (process_one_work) from [<c0036e18>] (worker_thread+0x30/0x45c)
[    8.506798] [<c0036e18>] (worker_thread) from [<c003b550>] (kthread+0xd8/0xf4)
[    8.506810] [<c003b550>] (kthread) from [<c000e9b8>] (ret_from_fork+0x14/0x3c)
[    8.506814] ---[ end trace 9e390b8b7576ab56 ]---
[    8.510312] ------------[ cut here ]------------
[    8.510327] WARNING: CPU: 0 PID: 0 at fs/dcache.c:255 __d_free+0x34/0x40()
[    8.510346] Modules linked in:
[    8.510355] CPU: 0 PID: 0 Comm: swapper/0 Tainted: G        W      3.18.0-rc3-next-20141103-57588-ga641d0e #1
[    8.510375] [<c0015b00>] (unwind_backtrace) from [<c00114f8>] (show_stack+0x10/0x14)
[    8.510392] [<c00114f8>] (show_stack) from [<c0614bfc>] (dump_stack+0x80/0xcc)
[    8.510405] [<c0614bfc>] (dump_stack) from [<c002463c>] (warn_slowpath_common+0x64/0x88)
[    8.510416] [<c002463c>] (warn_slowpath_common) from [<c002467c>] (warn_slowpath_null+0x1c/0x24)
[    8.510427] [<c002467c>] (warn_slowpath_null) from [<c00f0200>] (__d_free+0x34/0x40)
[    8.510441] [<c00f0200>] (__d_free) from [<c006a580>] (rcu_process_callbacks+0x3a8/0x544)
[    8.510454] [<c006a580>] (rcu_process_callbacks) from [<c002742c>] (__do_softirq+0xf0/0x240)
[    8.510465] [<c002742c>] (__do_softirq) from [<c0027820>] (irq_exit+0xa8/0x114)
[    8.510479] [<c0027820>] (irq_exit) from [<c0061544>] (__handle_domain_irq+0x58/0xa4)
[    8.510489] [<c0061544>] (__handle_domain_irq) from [<c00087a0>] (gic_handle_irq+0x20/0x5c)
[    8.510500] [<c00087a0>] (gic_handle_irq) from [<c0012080>] (__irq_svc+0x40/0x74)
[    8.510505] Exception stack(0xc08a5f50 to 0xc08a5f98)
[    8.510511] 5f40:                                     faa3b83e 00000001 faa3b83e 00000001
[    8.510518] 5f60: fa9dd8fd 00000001 ee7aac48 00000000 c08a2880 c08a1c40 00000000 00000000
[    8.510525] 5f80: 00000018 c08a5f98 c0438f18 c041ce7c 80000113 ffffffff
[    8.510539] [<c0012080>] (__irq_svc) from [<c041ce7c>] (cpuidle_enter_state+0x50/0xd8)
[    8.510560] [<c041ce7c>] (cpuidle_enter_state) from [<c00544c0>] (cpu_startup_entry+0x20c/0x274)
[    8.510579] [<c00544c0>] (cpu_startup_entry) from [<c085ebf8>] (start_kernel+0x34c/0x3b8)
[    8.510584] ---[ end trace 9e390b8b7576ab57 ]---
[    8.510588] ------------[ cut here ]------------
[    8.510599] WARNING: CPU: 0 PID: 0 at fs/dcache.c:255 __d_free+0x34/0x40()
[    8.510604] Modules linked in:
[    8.510611] CPU: 0 PID: 0 Comm: swapper/0 Tainted: G        W      3.18.0-rc3-next-20141103-57588-ga641d0e #1
[    8.510626] [<c0015b00>] (unwind_backtrace) from [<c00114f8>] (show_stack+0x10/0x14)
[    8.510640] [<c00114f8>] (show_stack) from [<c0614bfc>] (dump_stack+0x80/0xcc)
[    8.510652] [<c0614bfc>] (dump_stack) from [<c002463c>] (warn_slowpath_common+0x64/0x88)
[    8.510662] [<c002463c>] (warn_slowpath_common) from [<c002467c>] (warn_slowpath_null+0x1c/0x24)
