
U-Boot SPL 2014.01-00219-gc4d376f (Feb 18 2014 - 19:57:32)


U-Boot 2014.01-00219-gc4d376f (Feb 18 2014 - 19:57:32)

TEGRA114
Board: NVIDIA Dalmore
I2C:   ready
DRAM:  2 GiB
MMC:   Tegra SD/MMC: 0, Tegra SD/MMC: 1
In:    serial
Out:   serial
Err:   serial
Net:   Net Initialization Skipped
No ethernet found.
Hit any key to stop autoboot:  2  0 
Tegra114 (Dalmore) # 
Tegra114 (Dalmore) # usb reset
(Re)start USB...
USB0:   USB EHCI 1.10
scanning bus 0 for devices... 2 USB Device(s) found
       scanning usb for storage devices... 0 Storage Device(s) found
       scanning usb for ethernet devices... 
Warning: asx0 using MAC address from net device
1 Ethernet Device(s) found
Tegra114 (Dalmore) # setenv bootargs 'ignore_loglevel console=ttyS0,115200n8 rw root=/dev/mmcblk0p1 rootwait gpt debug init=/bin/bash'
Tegra114 (Dalmore) # setenv ipaddr 192.168.100.100; setenv serverip 192.168.100.1; setenv tftpserverip 192.168.100.1
Tegra114 (Dalmore) # tftpboot 0x81000000 zImage.tegra_defconfig%tegra30,114_mergeconfig
Using asx0 device
TFTP from server 192.168.100.1; our IP address is 192.168.100.100
Filename 'zImage.tegra_defconfig%tegra30,114_mergeconfig'.
Load address: 0x81000000
Loading: *#################################################################
	 #################################################################
	 #################################################################
	 #################################################################
	 #############################################################
	 2.9 MiB/s
done
Bytes transferred = 4707336 (47d408 hex)
Tegra114 (Dalmore) # tftpboot 0x82000000 tegra114-dalmore.dtb
Using asx0 device
TFTP from server 192.168.100.1; our IP address is 192.168.100.100
Filename 'tegra114-dalmore.dtb'.
Load address: 0x82000000
Loading: *###
	 2.6 MiB/s
done
Bytes transferred = 34770 (87d2 hex)
Tegra114 (Dalmore) # bootz 0x81000000 - 0x82000000
Kernel image @ 0x81000000 [ 0x000000 - 0x47d408 ]
## Flattened Device Tree blob at 82000000
   Booting using the fdt blob at 0x82000000
   Loading Device Tree to 8fff4000, end 8ffff7d1 ... OK

Starting kernel ...

Uncompressing Linux... done, booting the kernel.
[    0.000000] Booting Linux on physical CPU 0x0
[    0.000000] Initializing cgroup subsys cpu
[    0.000000] Initializing cgroup subsys cpuacct
[    0.000000] Linux version 3.18.0-rc3-next-20141103-96358-ga641d0e (pwalmsley@tamien) (gcc version 4.7.3 20130328 (prerelease) (crosstool-NG linaro-1.13.1-4.7-2013.04-20130415 - Linaro GCC 2013.04) ) #1 SMP PREEMPT Sun Nov 2 21:57:25 PST 2014
[    0.000000] CPU: ARMv7 Processor [412fc0f2] revision 2 (ARMv7), cr=10c5387d
[    0.000000] CPU: PIPT / VIPT nonaliasing data cache, PIPT instruction cache
[    0.000000] Machine model: NVIDIA Tegra114 Dalmore evaluation board
[    0.000000] debug: ignoring loglevel setting.
[    0.000000] cma: Reserved 64 MiB at 0xfbc00000
[    0.000000] Memory policy: Data cache writealloc
[    0.000000] On node 0 totalpages: 524032
[    0.000000] free_area_init_node: node 0, pgdat c0904cc0, node_mem_map ee7f7000
[    0.000000]   Normal zone: 1520 pages used for memmap
[    0.000000]   Normal zone: 0 pages reserved
[    0.000000]   Normal zone: 194560 pages, LIFO batch:31
[    0.000000]   HighMem zone: 2574 pages used for memmap
[    0.000000]   HighMem zone: 329472 pages, LIFO batch:31
[    0.000000] PERCPU: Embedded 10 pages/cpu @ee7aa000 s8832 r8192 d23936 u40960
[    0.000000] pcpu-alloc: s8832 r8192 d23936 u40960 alloc=10*4096
[    0.000000] pcpu-alloc: [0] 0 [0] 1 [0] 2 [0] 3 
[    0.000000] Built 1 zonelists in Zone order, mobility grouping on.  Total pages: 522512
[    0.000000] Kernel command line: ignore_loglevel console=ttyS0,115200n8 rw root=/dev/mmcblk0p1 rootwait gpt debug init=/bin/bash
[    0.000000] PID hash table entries: 4096 (order: 2, 16384 bytes)
[    0.000000] Dentry cache hash table entries: 131072 (order: 7, 524288 bytes)
[    0.000000] Inode-cache hash table entries: 65536 (order: 6, 262144 bytes)
[    0.000000] Memory: 2003460K/2096128K available (6455K kernel code, 337K rwdata, 2120K rodata, 292K init, 362K bss, 27132K reserved, 65536K cma-reserved, 1252352K highmem)
[    0.000000] Virtual kernel memory layout:
[    0.000000]     vector  : 0xffff0000 - 0xffff1000   (   4 kB)
[    0.000000]     fixmap  : 0xffc00000 - 0xffe00000   (2048 kB)
[    0.000000]     vmalloc : 0xf0000000 - 0xff000000   ( 240 MB)
[    0.000000]     lowmem  : 0xc0000000 - 0xef800000   ( 760 MB)
[    0.000000]     pkmap   : 0xbfe00000 - 0xc0000000   (   2 MB)
[    0.000000]     modules : 0xbf000000 - 0xbfe00000   (  14 MB)
[    0.000000]       .text : 0xc0008000 - 0xc08681f4   (8577 kB)
[    0.000000]       .init : 0xc0869000 - 0xc08b2000   ( 292 kB)
[    0.000000]       .data : 0xc08b2000 - 0xc0906760   ( 338 kB)
[    0.000000]        .bss : 0xc0906760 - 0xc096121c   ( 363 kB)
[    0.000000] Preemptible hierarchical RCU implementation.
[    0.000000] NR_IRQS:16 nr_irqs:16 16
[    0.000000] L2C: failed to init: -19
[    0.000008] sched_clock: 32 bits at 1000kHz, resolution 1000ns, wraps every 2147483648000ns
[    0.000033] Switching to timer-based delay loop, resolution 1000ns
[    0.000783] Architected cp15 timer(s) running at 12.00MHz (virt).
[    0.000808] sched_clock: 56 bits at 12MHz, resolution 83ns, wraps every 2863311536128ns
[    0.000821] Switching to timer-based delay loop, resolution 83ns
[    0.001265] Console: colour dummy device 80x30
[    0.001293] Calibrating delay loop (skipped), value calculated using timer frequency.. 24.00 BogoMIPS (lpj=120000)
[    0.001309] pid_max: default: 32768 minimum: 301
[    0.001790] Mount-cache hash table entries: 2048 (order: 1, 8192 bytes)
[    0.001802] Mountpoint-cache hash table entries: 2048 (order: 1, 8192 bytes)
[    0.003213] Initializing cgroup subsys freezer
[    0.003241] Initializing cgroup subsys debug
[    0.003297] CPU: Testing write buffer coherency: ok
[    0.003609] /cpus/cpu@0 missing clock-frequency property
[    0.003634] /cpus/cpu@1 missing clock-frequency property
[    0.003658] /cpus/cpu@2 missing clock-frequency property
[    0.003684] /cpus/cpu@3 missing clock-frequency property
[    0.003696] CPU0: thread -1, cpu 0, socket 0, mpidr 80000000
[    0.003752] Setting up static identity map for 0x8061e558 - 0x8061e5f0
[    0.040987] Tegra Revision: A01 SKU: 0 CPU Process: 1 Core Process: 0
[    0.061506] CPU1: Booted secondary processor
[    0.061532] CPU1: thread -1, cpu 1, socket 0, mpidr 80000001
[    0.081527] CPU2: Booted secondary processor
[    0.081552] CPU2: thread -1, cpu 2, socket 0, mpidr 80000002
[    0.101527] CPU3: Booted secondary processor
[    0.101552] CPU3: thread -1, cpu 3, socket 0, mpidr 80000003
[    0.101632] Brought up 4 CPUs
[    0.101660] SMP: Total of 4 processors activated.
[    0.101668] CPU: All CPU(s) started in SVC mode.
[    0.102609] devtmpfs: initialized
[    0.115477] VFP support v0.3: implementor 41 architecture 4 part 30 variant f rev 0
[    0.117668] pinctrl core: initialized pinctrl subsystem
[    0.146064] NET: Registered protocol family 16
[    0.147353] DMA: preallocated 256 KiB pool for atomic coherent allocations
[    0.170822] cpuidle: using governor ladder
[    0.200847] cpuidle: using governor menu
[    0.219237] No ATAGs?
[    0.219275] hw-breakpoint: found 5 (+1 reserved) breakpoint and 4 watchpoint registers.
[    0.219286] hw-breakpoint: maximum watchpoint size is 8 bytes.
[    0.274593] dvdd_ts: Failed to request enable GPIO61: -517
[    0.274784] reg-fixed-voltage regulators:regulator@1: Failed to register regulator: -517
[    0.274815] platform regulators:regulator@1: Driver reg-fixed-voltage requests probe deferral
[    0.275194] usb1_vbus: Failed to request enable GPIO108: -517
[    0.275370] reg-fixed-voltage regulators:regulator@3: Failed to register regulator: -517
[    0.275401] platform regulators:regulator@3: Driver reg-fixed-voltage requests probe deferral
[    0.275776] usb2_vbus: Failed to request enable GPIO86: -517
[    0.275946] reg-fixed-voltage regulators:regulator@4: Failed to register regulator: -517
[    0.275975] platform regulators:regulator@4: Driver reg-fixed-voltage requests probe deferral
[    0.276414] reg-fixed-voltage regulators:regulator@5: Failed to find supply vin
[    0.276602] reg-fixed-voltage regulators:regulator@5: Failed to register regulator: -517
[    0.276631] platform regulators:regulator@5: Driver reg-fixed-voltage requests probe deferral
[    0.276742] platform regulators:regulator@6: Driver reg-fixed-voltage requests probe deferral
[    0.277116] VDD_5V0_HDMI_CON: Failed to request enable GPIO81: -517
[    0.277288] reg-fixed-voltage regulators:regulator@7: Failed to register regulator: -517
[    0.277316] platform regulators:regulator@7: Driver reg-fixed-voltage requests probe deferral
[    0.279058] vgaarb: loaded
[    0.280490] SCSI subsystem initialized
[    0.280844] libata version 3.00 loaded.
[    0.281601] usbcore: registered new interface driver usbfs
[    0.281779] usbcore: registered new interface driver hub
[    0.281957] usbcore: registered new device driver usb
[    0.287476] tps65090 2-0048: No cache defaults, reading back from HW
[    0.290102] vdd-sys-5v0: supplied by vdd_ac_bat
[    0.291479] vdd-sys-3v3: supplied by vdd_ac_bat
[    0.292827] vdd-ao: supplied by vdd_ac_bat
[    0.293478] vdd-lcd-bl: supplied by vdd_ac_bat
[    0.294116] TPS65090_RAILSFET2: supplied by vdd_ac_bat
[    0.294742] vdd-modem-3v3: supplied by vdd-sys-3v3
[    0.295534] avdd-lcd: supplied by vdd-sys-3v3
[    0.296344] vdd-lvds: supplied by vdd-sys-3v3
[    0.297458] vdd-sd-slot: supplied by vdd-sys-3v3
[    0.298263] vdd-com-3v3: supplied by vdd-sys-3v3
[    0.299055] vdd-sby-5v0: supplied by vdd_ac_bat
[    0.299536] vdd-sby-3v3: supplied by vdd_ac_bat
[    0.300013] genirq: Setting trigger mode 8 for irq 118 failed (gic_set_type+0x0/0x84)
[    0.300611] palmas 2-0058: Irq flag is 0x00000000
[    0.304417] palmas 2-0058: Muxing GPIO ff, PWM 0, LED 0
[    0.307512] vddio-ddr: supplied by vdd-ao
[    0.309459] vddio-1v8: supplied by vdd-ao
[    0.311588] vdd-core: supplied by vdd-sys-3v3
[    0.311666] ------------[ cut here ]------------
[    0.311692] WARNING: CPU: 2 PID: 0 at fs/dcache.c:255 __d_free+0x34/0x40()
[    0.311701] Modules linked in:
[    0.311718] CPU: 2 PID: 0 Comm: swapper/2 Not tainted 3.18.0-rc3-next-20141103-96358-ga641d0e #1
[    0.311756] [<c0015b70>] (unwind_backtrace) from [<c0011518>] (show_stack+0x10/0x14)
[    0.311779] [<c0011518>] (show_stack) from [<c06172d4>] (dump_stack+0x80/0xcc)
[    0.311797] [<c06172d4>] (dump_stack) from [<c0024a6c>] (warn_slowpath_common+0x64/0x88)
[    0.311814] [<c0024a6c>] (warn_slowpath_common) from [<c0024aac>] (warn_slowpath_null+0x1c/0x24)
[    0.311830] [<c0024aac>] (warn_slowpath_null) from [<c00f0630>] (__d_free+0x34/0x40)
[    0.311854] [<c00f0630>] (__d_free) from [<c006a9b0>] (rcu_process_callbacks+0x3a8/0x544)
[    0.311873] [<c006a9b0>] (rcu_process_callbacks) from [<c002785c>] (__do_softirq+0xf0/0x240)
[    0.311889] [<c002785c>] (__do_softirq) from [<c0027c50>] (irq_exit+0xa8/0x114)
[    0.311909] [<c0027c50>] (irq_exit) from [<c0061974>] (__handle_domain_irq+0x58/0xa4)
[    0.311926] [<c0061974>] (__handle_domain_irq) from [<c00087a0>] (gic_handle_irq+0x20/0x5c)
[    0.311943] [<c00087a0>] (gic_handle_irq) from [<c00120c0>] (__irq_svc+0x40/0x74)
[    0.311952] Exception stack(0xee08bf98 to 0xee08bfe0)
[    0.311962] bf80:                                                       ffffffed 00000000
[    0.311975] bfa0: ee08bfe8 c001ef20 c08ba4ec c08ba488 00000000 00000000 c08af880 c08aec40
[    0.311986] bfc0: ffffffed 00000000 00000000 ee08bfe0 c000f484 c000f488 60000113 ffffffff
[    0.312005] [<c00120c0>] (__irq_svc) from [<c000f488>] (arch_cpu_idle+0x30/0x3c)
[    0.312026] [<c000f488>] (arch_cpu_idle) from [<c0054884>] (cpu_startup_entry+0x1a0/0x274)
[    0.312043] [<c0054884>] (cpu_startup_entry) from [<80008864>] (0x80008864)
[    0.312064] ---[ end trace 38fcdea38754cbbb ]---
[    0.312079] ------------[ cut here ]------------
[    0.312095] WARNING: CPU: 2 PID: 0 at fs/dcache.c:255 __d_free+0x34/0x40()
[    0.312102] Modules linked in:
[    0.312116] CPU: 2 PID: 0 Comm: swapper/2 Tainted: G        W      3.18.0-rc3-next-20141103-96358-ga641d0e #1
[    0.312136] [<c0015b70>] (unwind_backtrace) from [<c0011518>] (show_stack+0x10/0x14)
[    0.312154] [<c0011518>] (show_stack) from [<c06172d4>] (dump_stack+0x80/0xcc)
[    0.312169] [<c06172d4>] (dump_stack) from [<c0024a6c>] (warn_slowpath_common+0x64/0x88)
[    0.312184] [<c0024a6c>] (warn_slowpath_common) from [<c0024aac>] (warn_slowpath_null+0x1c/0x24)
[    0.312201] [<c0024aac>] (warn_slowpath_null) from [<c00f0630>] (__d_free+0x34/0x40)
[    0.312219] [<c00f0630>] (__d_free) from [<c006a9b0>] (rcu_process_callbacks+0x3a8/0x544)
[    0.312238] [<c006a9b0>] (rcu_process_callbacks) from [<c002785c>] (__do_softirq+0xf0/0x240)
[    0.312253] [<c002785c>] (__do_softirq) from [<c0027c50>] (irq_exit+0xa8/0x114)
[    0.312271] [<c0027c50>] (irq_exit) from [<c0061974>] (__handle_domain_irq+0x58/0xa4)
[    0.312286] [<c0061974>] (__handle_domain_irq) from [<c00087a0>] (gic_handle_irq+0x20/0x5c)
[    0.312302] [<c00087a0>] (gic_handle_irq) from [<c00120c0>] (__irq_svc+0x40/0x74)
[    0.312312] Exception stack(0xee08bf98 to 0xee08bfe0)
[    0.312321] bf80:                                                       ffffffed 00000000
[    0.312333] bfa0: ee08bfe8 c001ef20 c08ba4ec c08ba488 00000000 00000000 c08af880 c08aec40
[    0.312345] bfc0: ffffffed 00000000 00000000 ee08bfe0 c000f484 c000f488 60000113 ffffffff
[    0.312363] [<c00120c0>] (__irq_svc) from [<c000f488>] (arch_cpu_idle+0x30/0x3c)
[    0.312382] [<c000f488>] (arch_cpu_idle) from [<c0054884>] (cpu_startup_entry+0x1a0/0x274)
[    0.312399] [<c0054884>] (cpu_startup_entry) from [<80008864>] (0x80008864)
[    0.312408] ---[ end trace 38fcdea38754cbbc ]---
[    0.312433] ------------[ cut here ]------------
[    0.312450] WARNING: CPU: 2 PID: 0 at fs/dcache.c:255 __d_free+0x34/0x40()
[    0.312456] Modules linked in:
[    0.312474] CPU: 2 PID: 0 Comm: swapper/2 Tainted: G        W      3.18.0-rc3-next-20141103-96358-ga641d0e #1
[    0.312493] [<c0015b70>] (unwind_backtrace) from [<c0011518>] (show_stack+0x10/0x14)
[    0.312509] [<c0011518>] (show_stack) from [<c06172d4>] (dump_stack+0x80/0xcc)
[    0.312524] [<c06172d4>] (dump_stack) from [<c0024a6c>] (warn_slowpath_common+0x64/0x88)
[    0.312539] [<c0024a6c>] (warn_slowpath_common) from [<c0024aac>] (warn_slowpath_null+0x1c/0x24)
[    0.312555] [<c0024aac>] (warn_slowpath_null) from [<c00f0630>] (__d_free+0x34/0x40)
[    0.312573] [<c00f0630>] (__d_free) from [<c006a9b0>] (rcu_process_callbacks+0x3a8/0x544)
[    0.312590] [<c006a9b0>] (rcu_process_callbacks) from [<c002785c>] (__do_softirq+0xf0/0x240)
[    0.312605] [<c002785c>] (__do_softirq) from [<c0027c50>] (irq_exit+0xa8/0x114)
[    0.312623] [<c0027c50>] (irq_exit) from [<c0061974>] (__handle_domain_irq+0x58/0xa4)
[    0.312638] [<c0061974>] (__handle_domain_irq) from [<c00087a0>] (gic_handle_irq+0x20/0x5c)
[    0.312652] [<c00087a0>] (gic_handle_irq) from [<c00120c0>] (__irq_svc+0x40/0x74)
[    0.312661] Exception stack(0xee08bf98 to 0xee08bfe0)
[    0.312671] bf80:                                                       ffffffed 00000000
[    0.312683] bfa0: ee08bfe8 c001ef20 c08ba4ec c08ba488 00000000 00000000 c08af880 c08aec40
[    0.312695] bfc0: ffffffed 00000000 00000000 ee08bfe0 c000f484 c000f488 60000113 ffffffff
[    0.312712] [<c00120c0>] (__irq_svc) from [<c000f488>] (arch_cpu_idle+0x30/0x3c)
[    0.312731] [<c000f488>] (arch_cpu_idle) from [<c0054884>] (cpu_startup_entry+0x1a0/0x274)
[    0.312745] [<c0054884>] (cpu_startup_entry) from [<80008864>] (0x80008864)
[    0.312754] ---[ end trace 38fcdea38754cbbd ]---
[    0.312780] ------------[ cut here ]------------
[    0.312795] WARNING: CPU: 2 PID: 0 at fs/dcache.c:255 __d_free+0x34/0x40()
[    0.312802] Modules linked in:
[    0.312817] CPU: 2 PID: 0 Comm: swapper/2 Tainted: G        W      3.18.0-rc3-next-20141103-96358-ga641d0e #1
[    0.312836] [<c0015b70>] (unwind_backtrace) from [<c0011518>] (show_stack+0x10/0x14)
[    0.312853] [<c0011518>] (show_stack) from [<c06172d4>] (dump_stack+0x80/0xcc)
[    0.312868] [<c06172d4>] (dump_stack) from [<c0024a6c>] (warn_slowpath_common+0x64/0x88)
[    0.312882] [<c0024a6c>] (warn_slowpath_common) from [<c0024aac>] (warn_slowpath_null+0x1c/0x24)
[    0.312900] [<c0024aac>] (warn_slowpath_null) from [<c00f0630>] (__d_free+0x34/0x40)
[    0.312919] [<c00f0630>] (__d_free) from [<c006a9b0>] (rcu_process_callbacks+0x3a8/0x544)
[    0.312937] [<c006a9b0>] (rcu_process_callbacks) from [<c002785c>] (__do_softirq+0xf0/0x240)
[    0.312953] [<c002785c>] (__do_softirq) from [<c0027c50>] (irq_exit+0xa8/0x114)
[    0.312970] [<c0027c50>] (irq_exit) from [<c0061974>] (__handle_domain_irq+0x58/0xa4)
[    0.312985] [<c0061974>] (__handle_domain_irq) from [<c00087a0>] (gic_handle_irq+0x20/0x5c)
[    0.313000] [<c00087a0>] (gic_handle_irq) from [<c00120c0>] (__irq_svc+0x40/0x74)
[    0.313009] Exception stack(0xee08bf98 to 0xee08bfe0)
[    0.313019] bf80:                                                       ffffffed 00000000
[    0.313031] bfa0: ee08bfe8 c001ef20 c08ba4ec c08ba488 00000000 00000000 c08af880 c08aec40
[    0.313042] bfc0: ffffffed 00000000 00000000 ee08bfe0 c000f484 c000f488 60000113 ffffffff
[    0.313060] [<c00120c0>] (__irq_svc) from [<c000f488>] (arch_cpu_idle+0x30/0x3c)
[    0.313079] [<c000f488>] (arch_cpu_idle) from [<c0054884>] (cpu_startup_entry+0x1a0/0x274)
[    0.313094] [<c0054884>] (cpu_startup_entry) from [<80008864>] (0x80008864)
[    0.313102] ---[ end trace 38fcdea38754cbbe ]---
[    0.313128] ------------[ cut here ]------------
[    0.313144] WARNING: CPU: 2 PID: 0 at fs/dcache.c:255 __d_free+0x34/0x40()
[    0.313151] Modules linked in:
[    0.313165] CPU: 2 PID: 0 Comm: swapper/2 Tainted: G        W      3.18.0-rc3-next-20141103-96358-ga641d0e #1
[    0.313183] [<c0015b70>] (unwind_backtrace) from [<c0011518>] (show_stack+0x10/0x14)
[    0.313199] [<c0011518>] (show_stack) from [<c06172d4>] (dump_stack+0x80/0xcc)
[    0.313214] [<c06172d4>] (dump_stack) from [<c0024a6c>] (warn_slowpath_common+0x64/0x88)
[    0.313229] [<c0024a6c>] (warn_slowpath_common) from [<c0024aac>] (warn_slowpath_null+0x1c/0x24)
[    0.313245] [<c0024aac>] (warn_slowpath_null) from [<c00f0630>] (__d_free+0x34/0x40)
[    0.313262] [<c00f0630>] (__d_free) from [<c006a9b0>] (rcu_process_callbacks+0x3a8/0x544)
[    0.313280] [<c006a9b0>] (rcu_process_callbacks) from [<c002785c>] (__do_softirq+0xf0/0x240)
[    0.313295] [<c002785c>] (__do_softirq) from [<c0027c50>] (irq_exit+0xa8/0x114)
[    0.313312] [<c0027c50>] (irq_exit) from [<c0061974>] (__handle_domain_irq+0x58/0xa4)
[    0.313327] [<c0061974>] (__handle_domain_irq) from [<c00087a0>] (gic_handle_irq+0x20/0x5c)
[    0.313345] [<c00087a0>] (gic_handle_irq) from [<c00120c0>] (__irq_svc+0x40/0x74)
[    0.313354] Exception stack(0xee08bf98 to 0xee08bfe0)
[    0.313363] bf80:                                                       ffffffed 00000000
[    0.313375] bfa0: ee08bfe8 c001ef20 c08ba4ec c08ba488 00000000 00000000 c08af880 c08aec40
[    0.313386] bfc0: ffffffed 00000000 00000000 ee08bfe0 c000f484 c000f488 60000113 ffffffff
[    0.313405] [<c00120c0>] (__irq_svc) from [<c000f488>] (arch_cpu_idle+0x30/0x3c)
[    0.313425] [<c000f488>] (arch_cpu_idle) from [<c0054884>] (cpu_startup_entry+0x1a0/0x274)
[    0.313440] [<c0054884>] (cpu_startup_entry) from [<80008864>] (0x80008864)
[    0.313449] ---[ end trace 38fcdea38754cbbf ]---
[    0.314980] avdd-pll: supplied by vdd-sys-3v3
[    0.317216] sdhci-vdd-sd-slot: ramp_delay not set
[    0.317690] sdhci-vdd-sd-slot: supplied by vdd-sys-3v3
[    0.320406] avdd-cam1: supplied by vdd-sys-3v3
[    0.321862] avdd-cam2: supplied by vdd-sys-3v3
[    0.323300] avdd-dsi-csi: supplied by vddio-1v8
[    0.324762] vpp-fuse: supplied by vdd-sys-3v3
[    0.326209] LDO5: supplied by vdd_ac_bat
[    0.327809] vdd-sensor-2v85: supplied by vdd-sys-3v3
[    0.329259] vdd-af-cam1: supplied by vdd-sys-3v3
[    0.341283] vdd-rtc: supplied by vdd-ao
[    0.351463] vddio-sdmmc-2: supplied by sdhci-vdd-sd-slot
[    0.351685] ------------[ cut here ]------------
[    0.351702] WARNING: CPU: 2 PID: 0 at fs/dcache.c:255 __d_free+0x34/0x40()
[    0.351710] Modules linked in:
[    0.351726] CPU: 2 PID: 0 Comm: swapper/2 Tainted: G        W      3.18.0-rc3-next-20141103-96358-ga641d0e #1
[    0.351746] [<c0015b70>] (unwind_backtrace) from [<c0011518>] (show_stack+0x10/0x14)
[    0.351762] [<c0011518>] (show_stack) from [<c06172d4>] (dump_stack+0x80/0xcc)
[    0.351777] [<c06172d4>] (dump_stack) from [<c0024a6c>] (warn_slowpath_common+0x64/0x88)
[    0.351792] [<c0024a6c>] (warn_slowpath_common) from [<c0024aac>] (warn_slowpath_null+0x1c/0x24)
[    0.351808] [<c0024aac>] (warn_slowpath_null) from [<c00f0630>] (__d_free+0x34/0x40)
[    0.351826] [<c00f0630>] (__d_free) from [<c006a9b0>] (rcu_process_callbacks+0x3a8/0x544)
[    0.351844] [<c006a9b0>] (rcu_process_callbacks) from [<c002785c>] (__do_softirq+0xf0/0x240)
[    0.351860] [<c002785c>] (__do_softirq) from [<c0027c50>] (irq_exit+0xa8/0x114)
[    0.351879] [<c0027c50>] (irq_exit) from [<c0061974>] (__handle_domain_irq+0x58/0xa4)
[    0.351893] [<c0061974>] (__handle_domain_irq) from [<c00087a0>] (gic_handle_irq+0x20/0x5c)
[    0.351909] [<c00087a0>] (gic_handle_irq) from [<c00120c0>] (__irq_svc+0x40/0x74)
[    0.351917] Exception stack(0xee08bf98 to 0xee08bfe0)
[    0.351929] bf80:                                                       ffffffed 00000000
[    0.351941] bfa0: ee08bfe8 c001ef20 c08ba4ec c08ba488 00000000 00000000 c08af880 c08aec40
[    0.351952] bfc0: ffffffed 00000000 00000000 ee08bfe0 c000f484 c000f488 60000113 ffffffff
[    0.351970] [<c00120c0>] (__irq_svc) from [<c000f488>] (arch_cpu_idle+0x30/0x3c)
[    0.351990] [<c000f488>] (arch_cpu_idle) from [<c0054884>] (cpu_startup_entry+0x1a0/0x274)
[    0.352007] [<c0054884>] (cpu_startup_entry) from [<80008864>] (0x80008864)
[    0.352016] ---[ end trace 38fcdea38754cbc0 ]---
[    0.352901] hvdd-usb: supplied by vdd-sys-5v0
[    0.361313] avdd-usb: supplied by vdd-sys-5v0
[    0.365683] Linux video capture interface: v2.00
[    0.365811] pps_core: LinuxPPS API ver. 1 registered
[    0.365820] pps_core: Software ver. 5.3.6 - Copyright 2005-2007 Rodolfo Giometti <giometti@linux.it>
[    0.365891] PTP clock support registered
[    0.366681] platform 70019010.iommu: Driver tegra-smmu requests probe deferral
[    0.367138] Advanced Linux Sound Architecture Driver Initialized.
[    0.368591] Bluetooth: Core ver 2.19
[    0.368673] NET: Registered protocol family 31
[    0.368682] Bluetooth: HCI device and connection manager initialized
[    0.368706] Bluetooth: HCI socket layer initialized
[    0.368728] Bluetooth: L2CAP socket layer initialized
[    0.368784] Bluetooth: SCO socket layer initialized
[    0.369535] cfg80211: Calling CRDA to update world regulatory domain
[    0.370234] Switched to clocksource arch_sys_counter
[    0.393657] NET: Registered protocol family 2
[    0.394842] TCP established hash table entries: 8192 (order: 3, 32768 bytes)
[    0.394951] TCP bind hash table entries: 8192 (order: 4, 65536 bytes)
[    0.395138] TCP: Hash tables configured (established 8192 bind 8192)
[    0.395561] TCP: reno registered
[    0.395576] UDP hash table entries: 512 (order: 2, 16384 bytes)
[    0.395618] UDP-Lite hash table entries: 512 (order: 2, 16384 bytes)
[    0.396005] NET: Registered protocol family 1
[    0.396708] RPC: Registered named UNIX socket transport module.
[    0.396719] RPC: Registered udp transport module.
[    0.396726] RPC: Registered tcp transport module.
[    0.396734] RPC: Registered tcp NFSv4.1 backchannel transport module.
[    0.396758] PCI: CLS 0 bytes, default 64
[    0.401087] futex hash table entries: 1024 (order: 4, 65536 bytes)
[    0.403600] squashfs: version 4.0 (2009/01/31) Phillip Lougher
[    0.406213] bounce: pool size: 64 pages
[    0.406232] io scheduler noop registered (default)
[    0.428308] tegra-apbdma 6000a000.dma: Tegra20 APB DMA driver register 32 channels
[    0.429527] Serial: 8250/16550 driver, 4 ports, IRQ sharing disabled
[    0.433294] console [ttyS0] disabled
[    0.433355] of_serial 70006300.serial: ttyS0 at MMIO 0x70006300 (irq = 122, base_baud = 25500000) is a Tegra
[    0.441830] ------------[ cut here ]------------
[    0.441845] WARNING: CPU: 0 PID: 1 at fs/dcache.c:255 __d_free+0x34/0x40()
[    0.441851] Modules linked in:
[    0.441859] CPU: 0 PID: 1 Comm: swapper/0 Tainted: G        W      3.18.0-rc3-next-20141103-96358-ga641d0e #1
[    0.441885] [<c0015b70>] (unwind_backtrace) from [<c0011518>] (show_stack+0x10/0x14)
[    0.441900] [<c0011518>] (show_stack) from [<c06172d4>] (dump_stack+0x80/0xcc)
[    0.441912] [<c06172d4>] (dump_stack) from [<c0024a6c>] (warn_slowpath_common+0x64/0x88)
[    0.441923] [<c0024a6c>] (warn_slowpath_common) from [<c0024aac>] (warn_slowpath_null+0x1c/0x24)
[    0.441935] [<c0024aac>] (warn_slowpath_null) from [<c00f0630>] (__d_free+0x34/0x40)
[    0.441951] [<c00f0630>] (__d_free) from [<c006a9b0>] (rcu_process_callbacks+0x3a8/0x544)
[    0.441966] [<c006a9b0>] (rcu_process_callbacks) from [<c002785c>] (__do_softirq+0xf0/0x240)
[    0.441978] [<c002785c>] (__do_softirq) from [<c0027c50>] (irq_exit+0xa8/0x114)
[    0.441992] [<c0027c50>] (irq_exit) from [<c0061974>] (__handle_domain_irq+0x58/0xa4)
[    0.442003] [<c0061974>] (__handle_domain_irq) from [<c00087a0>] (gic_handle_irq+0x20/0x5c)
[    0.442014] [<c00087a0>] (gic_handle_irq) from [<c00120c0>] (__irq_svc+0x40/0x74)
[    0.442018] Exception stack(0xee067ad8 to 0xee067b20)
[    0.442023] 7ac0:                                                       c094fdbc 60000193
[    0.442031] 7ae0: 00000000 00000000 c0909b10 0000002e 00000001 00000006 00000000 00000006
[    0.442038] 7b00: 00000000 60000113 00000000 ee067b20 c005f03c c0060004 60000113 ffffffff
[    0.442052] [<c00120c0>] (__irq_svc) from [<c0060004>] (console_unlock+0x4b0/0x508)
[    0.442063] [<c0060004>] (console_unlock) from [<c0061294>] (register_console+0x290/0x364)
[    0.442079] [<c0061294>] (register_console) from [<c02958d8>] (uart_add_one_port+0x3bc/0x408)
[    0.442092] [<c02958d8>] (uart_add_one_port) from [<c0298ce8>] (serial8250_register_8250_port+0x270/0x380)
[    0.442105] [<c0298ce8>] (serial8250_register_8250_port) from [<c029f5b8>] (of_platform_serial_probe+0x2c4/0x394)
[    0.442120] [<c029f5b8>] (of_platform_serial_probe) from [<c02e6844>] (platform_drv_probe+0x48/0xa4)
[    0.442134] [<c02e6844>] (platform_drv_probe) from [<c02e5410>] (driver_probe_device+0x10c/0x22c)
[    0.442147] [<c02e5410>] (driver_probe_device) from [<c02e55bc>] (__driver_attach+0x8c/0x90)
[    0.442159] [<c02e55bc>] (__driver_attach) from [<c02e3c50>] (bus_for_each_dev+0x54/0x88)
[    0.442170] [<c02e3c50>] (bus_for_each_dev) from [<c02e4c10>] (bus_add_driver+0xd4/0x1d0)
[    0.442182] [<c02e4c10>] (bus_add_driver) from [<c02e5be0>] (driver_register+0x78/0xf4)
[    0.442193] [<c02e5be0>] (driver_register) from [<c0008b04>] (do_one_initcall+0x80/0x1d0)
[    0.442205] [<c0008b04>] (do_one_initcall) from [<c0869d6c>] (kernel_init_freeable+0x108/0x1d4)
[    0.442220] [<c0869d6c>] (kernel_init_freeable) from [<c06134dc>] (kernel_init+0x8/0xec)
[    0.442232] [<c06134dc>] (kernel_init) from [<c000e9b8>] (ret_from_fork+0x14/0x3c)
[    0.442237] ---[ end trace 38fcdea38754cbc1 ]---
[    0.442242] ------------[ cut here ]------------
[    0.442252] WARNING: CPU: 0 PID: 1 at fs/dcache.c:255 __d_free+0x34/0x40()
[    0.442256] Modules linked in:
[    0.442263] CPU: 0 PID: 1 Comm: swapper/0 Tainted: G        W      3.18.0-rc3-next-20141103-96358-ga641d0e #1
[    0.442276] [<c0015b70>] (unwind_backtrace) from [<c0011518>] (show_stack+0x10/0x14)
[    0.442287] [<c0011518>] (show_stack) from [<c06172d4>] (dump_stack+0x80/0xcc)
[    0.442297] [<c06172d4>] (dump_stack) from [<c0024a6c>] (warn_slowpath_common+0x64/0x88)
[    0.442307] [<c0024a6c>] (warn_slowpath_common) from [<c0024aac>] (warn_slowpath_null+0x1c/0x24)
[    0.442318] [<c0024aac>] (warn_slowpath_null) from [<c00f0630>] (__d_free+0x34/0x40)
[    0.442331] [<c00f0630>] (__d_free) from [<c006a9b0>] (rcu_process_callbacks+0x3a8/0x544)
[    0.442344] [<c006a9b0>] (rcu_process_callbacks) from [<c002785c>] (__do_softirq+0xf0/0x240)
[    0.442354] [<c002785c>] (__do_softirq) from [<c0027c50>] (irq_exit+0xa8/0x114)
[    0.442366] [<c0027c50>] (irq_exit) from [<c0061974>] (__handle_domain_irq+0x58/0xa4)
[    0.442377] [<c0061974>] (__handle_domain_irq) from [<c00087a0>] (gic_handle_irq+0x20/0x5c)
[    0.442387] [<c00087a0>] (gic_handle_irq) from [<c00120c0>] (__irq_svc+0x40/0x74)
[    0.442391] Exception stack(0xee067ad8 to 0xee067b20)
[    0.442396] 7ac0:                                                       c094fdbc 60000193
[    0.442403] 7ae0: 00000000 00000000 c0909b10 0000002e 00000001 00000006 00000000 00000006
[    0.442410] 7b00: 00000000 60000113 00000000 ee067b20 c005f03c c0060004 60000113 ffffffff
[    0.442423] [<c00120c0>] (__irq_svc) from [<c0060004>] (console_unlock+0x4b0/0x508)
[    0.442434] [<c0060004>] (console_unlock) from [<c0061294>] (register_console+0x290/0x364)
[    0.442447] [<c0061294>] (register_console) from [<c02958d8>] (uart_add_one_port+0x3bc/0x408)
[    0.442459] [<c02958d8>] (uart_add_one_port) from [<c0298ce8>] (serial8250_register_8250_port+0x270/0x380)
[    0.442470] [<c0298ce8>] (serial8250_register_8250_port) from [<c029f5b8>] (of_platform_serial_probe+0x2c4/0x394)
[    0.442483] [<c029f5b8>] (of_platform_serial_probe) from [<c02e6844>] (platform_drv_probe+0x48/0xa4)
[    0.442496] [<c02e6844>] (platform_drv_probe) from [<c02e5410>] (driver_probe_device+0x10c/0x22c)
[    0.442508] [<c02e5410>] (driver_probe_device) from [<c02e55bc>] (__driver_attach+0x8c/0x90)
[    0.442519] [<c02e55bc>] (__driver_attach) from [<c02e3c50>] (bus_for_each_dev+0x54/0x88)
[    0.442531] [<c02e3c50>] (bus_for_each_dev) from [<c02e4c10>] (bus_add_driver+0xd4/0x1d0)
[    0.442543] [<c02e4c10>] (bus_add_driver) from [<c02e5be0>] (driver_register+0x78/0xf4)
[    0.442554] [<c02e5be0>] (driver_register) from [<c0008b04>] (do_one_initcall+0x80/0x1d0)
[    0.442564] [<c0008b04>] (do_one_initcall) from [<c0869d6c>] (kernel_init_freeable+0x108/0x1d4)
[    0.442575] [<c0869d6c>] (kernel_init_freeable) from [<c06134dc>] (kernel_init+0x8/0xec)
[    0.442586] [<c06134dc>] (kernel_init) from [<c000e9b8>] (ret_from_fork+0x14/0x3c)
[    0.442590] ---[ end trace 38fcdea38754cbc2 ]---
[    0.442593] ------------[ cut here ]------------
[    0.442603] WARNING: CPU: 0 PID: 1 at fs/dcache.c:255 __d_free+0x34/0x40()
[    0.442608] Modules linked in:
[    0.442614] CPU: 0 PID: 1 Comm: swapper/0 Tainted: G        W      3.18.0-rc3-next-20141103-96358-ga641d0e #1
[    0.442628] [<c0015b70>] (unwind_backtrace) from [<c0011518>] (show_stack+0x10/0x14)
[    0.442639] [<c0011518>] (show_stack) from [<c06172d4>] (dump_stack+0x80/0xcc)
[    0.442648] [<c06172d4>] (dump_stack) from [<c0024a6c>] (warn_slowpath_common+0x64/0x88)
[    0.442657] [<c0024a6c>] (warn_slowpath_common) from [<c0024aac>] (warn_slowpath_null+0x1c/0x24)
[    0.442669] [<c0024aac>] (warn_slowpath_null) from [<c00f0630>] (__d_free+0x34/0x40)
[    0.442681] [<c00f0630>] (__d_free) from [<c006a9b0>] (rcu_process_callbacks+0x3a8/0x544)
[    0.442693] [<c006a9b0>] (rcu_process_callbacks) from [<c002785c>] (__do_softirq+0xf0/0x240)
[    0.442705] [<c002785c>] (__do_softirq) from [<c0027c50>] (irq_exit+0xa8/0x114)
[    0.442717] [<c0027c50>] (irq_exit) from [<c0061974>] (__handle_domain_irq+0x58/0xa4)
[    0.442727] [<c0061974>] (__handle_domain_irq) from [<c00087a0>] (gic_handle_irq+0x20/0x5c)
[    0.442737] [<c00087a0>] (gic_handle_irq) from [<c00120c0>] (__irq_svc+0x40/0x74)
[    0.442741] Exception stack(0xee067ad8 to 0xee067b20)
[    0.442746] 7ac0:                                                       c094fdbc 60000193
[    0.442752] 7ae0: 00000000 00000000 c0909b10 0000002e 00000001 00000006 00000000 00000006
[    0.442759] 7b00: 00000000 60000113 00000000 ee067b20 c005f03c c0060004 60000113 ffffffff
[    0.442771] [<c00120c0>] (__irq_svc) from [<c0060004>] (console_unlock+0x4b0/0x508)
[    0.442783] [<c0060004>] (console_unlock) from [<c0061294>] (register_console+0x290/0x364)
[    0.442795] [<c0061294>] (register_console) from [<c02958d8>] (uart_add_one_port+0x3bc/0x408)
[    0.442807] [<c02958d8>] (uart_add_one_port) from [<c0298ce8>] (serial8250_register_8250_port+0x270/0x380)
[    0.442818] [<c0298ce8>] (serial8250_register_8250_port) from [<c029f5b8>] (of_platform_serial_probe+0x2c4/0x394)
[    0.442831] [<c029f5b8>] (of_platform_serial_probe) from [<c02e6844>] (platform_drv_probe+0x48/0xa4)
[    0.442844] [<c02e6844>] (platform_drv_probe) from [<c02e5410>] (driver_probe_device+0x10c/0x22c)
[    0.442856] [<c02e5410>] (driver_probe_device) from [<c02e55bc>] (__driver_attach+0x8c/0x90)
[    0.442867] [<c02e55bc>] (__driver_attach) from [<c02e3c50>] (bus_for_each_dev+0x54/0x88)
[    0.442879] [<c02e3c50>] (bus_for_each_dev) from [<c02e4c10>] (bus_add_driver+0xd4/0x1d0)
[    0.442890] [<c02e4c10>] (bus_add_driver) from [<c02e5be0>] (driver_register+0x78/0xf4)
[    0.442901] [<c02e5be0>] (driver_register) from [<c0008b04>] (do_one_initcall+0x80/0x1d0)
[    0.442911] [<c0008b04>] (do_one_initcall) from [<c0869d6c>] (kernel_init_freeable+0x108/0x1d4)
[    0.442922] [<c0869d6c>] (kernel_init_freeable) from [<c06134dc>] (kernel_init+0x8/0xec)
[    0.442933] [<c06134dc>] (kernel_init) from [<c000e9b8>] (ret_from_fork+0x14/0x3c)
[    0.442937] ---[ end trace 38fcdea38754cbc3 ]---
[    0.500248] ------------[ cut here ]------------
[    0.500263] WARNING: CPU: 1 PID: 0 at fs/dcache.c:255 __d_free+0x34/0x40()
[    0.500268] Modules linked in:
[    0.500277] CPU: 1 PID: 0 Comm: swapper/1 Tainted: G        W      3.18.0-rc3-next-20141103-96358-ga641d0e #1
[    0.500295] [<c0015b70>] (unwind_backtrace) from [<c0011518>] (show_stack+0x10/0x14)
[    0.500309] [<c0011518>] (show_stack) from [<c06172d4>] (dump_stack+0x80/0xcc)
[    0.500319] [<c06172d4>] (dump_stack) from [<c0024a6c>] (warn_slowpath_common+0x64/0x88)
[    0.500330] [<c0024a6c>] (warn_slowpath_common) from [<c0024aac>] (warn_slowpath_null+0x1c/0x24)
[    0.500341] [<c0024aac>] (warn_slowpath_null) from [<c00f0630>] (__d_free+0x34/0x40)
[    0.500356] [<c00f0630>] (__d_free) from [<c006a9b0>] (rcu_process_callbacks+0x3a8/0x544)
[    0.500369] [<c006a9b0>] (rcu_process_callbacks) from [<c002785c>] (__do_softirq+0xf0/0x240)
[    0.500380] [<c002785c>] (__do_softirq) from [<c0027c50>] (irq_exit+0xa8/0x114)
[    0.500395] [<c0027c50>] (irq_exit) from [<c0061974>] (__handle_domain_irq+0x58/0xa4)
[    0.500405] [<c0061974>] (__handle_domain_irq) from [<c00087a0>] (gic_handle_irq+0x20/0x5c)
[    0.500416] [<c00087a0>] (gic_handle_irq) from [<c00120c0>] (__irq_svc+0x40/0x74)
[    0.500421] Exception stack(0xee089f98 to 0xee089fe0)
[    0.500427] 9f80:                                                       ffffffed 00000000
[    0.500434] 9fa0: ee089fe8 c001ef20 c08ba4ec c08ba488 00000000 00000000 c08af880 c08aec40
[    0.500442] 9fc0: ffffffed 00000000 00000000 ee089fe0 c000f484 c000f488 60000113 ffffffff
[    0.500455] [<c00120c0>] (__irq_svc) from [<c000f488>] (arch_cpu_idle+0x30/0x3c)
[    0.500471] [<c000f488>] (arch_cpu_idle) from [<c0054884>] (cpu_startup_entry+0x1a0/0x274)
[    0.500484] [<c0054884>] (cpu_startup_entry) from [<80008864>] (0x80008864)
[    0.500489] ---[ end trace 38fcdea38754cbc4 ]---
[    3.390201] console [ttyS0] enabled
[    3.395068] [drm] Initialized drm 1.1.0 20060810
[    3.402121] platform 54300000.dsi: Driver tegra-dsi requests probe deferral
[    3.409616] tegra-hdmi 54280000.hdmi: failed to get HDMI regulator
[    3.415840] platform 54280000.hdmi: Driver tegra-hdmi requests probe deferral
[    3.436369] loop: module loaded
[    3.440250] ------------[ cut here ]------------
[    3.444874] WARNING: CPU: 0 PID: 0 at fs/dcache.c:255 __d_free+0x34/0x40()
[    3.451761] Modules linked in:
[    3.454835] CPU: 0 PID: 0 Comm: swapper/0 Tainted: G        W      3.18.0-rc3-next-20141103-96358-ga641d0e #1
[    3.464762] [<c0015b70>] (unwind_backtrace) from [<c0011518>] (show_stack+0x10/0x14)
[    3.472515] [<c0011518>] (show_stack) from [<c06172d4>] (dump_stack+0x80/0xcc)
[    3.479733] [<c06172d4>] (dump_stack) from [<c0024a6c>] (warn_slowpath_common+0x64/0x88)
[    3.487828] [<c0024a6c>] (warn_slowpath_common) from [<c0024aac>] (warn_slowpath_null+0x1c/0x24)
[    3.496618] [<c0024aac>] (warn_slowpath_null) from [<c00f0630>] (__d_free+0x34/0x40)
[    3.504371] [<c00f0630>] (__d_free) from [<c006a9b0>] (rcu_process_callbacks+0x3a8/0x544)
[    3.512556] [<c006a9b0>] (rcu_process_callbacks) from [<c002785c>] (__do_softirq+0xf0/0x240)
[    3.520998] [<c002785c>] (__do_softirq) from [<c0027c50>] (irq_exit+0xa8/0x114)
[    3.528306] [<c0027c50>] (irq_exit) from [<c0061974>] (__handle_domain_irq+0x58/0xa4)
[    3.536142] [<c0061974>] (__handle_domain_irq) from [<c00087a0>] (gic_handle_irq+0x20/0x5c)
[    3.544498] [<c00087a0>] (gic_handle_irq) from [<c00120c0>] (__irq_svc+0x40/0x74)
[    3.551979] Exception stack(0xc08b3f68 to 0xc08b3fb0)
[    3.557023] 3f60:                   ffffffed 00000000 c08b3fb8 c001ef20 c08ba4ec c08ba488
[    3.565201] 3f80: 00000000 00000000 c08af880 c08aec40 ffffffed 00000000 00000000 c08b3fb0
[    3.573376] 3fa0: c000f484 c000f488 60000113 ffffffff
[    3.578430] [<c00120c0>] (__irq_svc) from [<c000f488>] (arch_cpu_idle+0x30/0x3c)
[    3.585837] [<c000f488>] (arch_cpu_idle) from [<c0054884>] (cpu_startup_entry+0x1a0/0x274)
[    3.594110] [<c0054884>] (cpu_startup_entry) from [<c0869bf8>] (start_kernel+0x34c/0x3b8)
[    3.602291] [<c0869bf8>] (start_kernel) from [<80008074>] (0x80008074)
[    3.608808] ---[ end trace 38fcdea38754cbc5 ]---
[    3.613430] ------------[ cut here ]------------
[    3.618046] WARNING: CPU: 0 PID: 0 at fs/dcache.c:255 __d_free+0x34/0x40()
[    3.624918] Modules linked in:
[    3.627979] CPU: 0 PID: 0 Comm: swapper/0 Tainted: G        W      3.18.0-rc3-next-20141103-96358-ga641d0e #1
[    3.637897] [<c0015b70>] (unwind_backtrace) from [<c0011518>] (show_stack+0x10/0x14)
[    3.645646] [<c0011518>] (show_stack) from [<c06172d4>] (dump_stack+0x80/0xcc)
[    3.652874] [<c06172d4>] (dump_stack) from [<c0024a6c>] (warn_slowpath_common+0x64/0x88)
[    3.660969] [<c0024a6c>] (warn_slowpath_common) from [<c0024aac>] (warn_slowpath_null+0x1c/0x24)
[    3.669745] [<c0024aac>] (warn_slowpath_null) from [<c00f0630>] (__d_free+0x34/0x40)
[    3.677496] [<c00f0630>] (__d_free) from [<c006a9b0>] (rcu_process_callbacks+0x3a8/0x544)
[    3.685679] [<c006a9b0>] (rcu_process_callbacks) from [<c002785c>] (__do_softirq+0xf0/0x240)
[    3.694120] [<c002785c>] (__do_softirq) from [<c0027c50>] (irq_exit+0xa8/0x114)
[    3.701436] [<c0027c50>] (irq_exit) from [<c0061974>] (__handle_domain_irq+0x58/0xa4)
[    3.709257] [<c0061974>] (__handle_domain_irq) from [<c00087a0>] (gic_handle_irq+0x20/0x5c)
[    3.717612] [<c00087a0>] (gic_handle_irq) from [<c00120c0>] (__irq_svc+0x40/0x74)
[    3.725092] Exception stack(0xc08b3f68 to 0xc08b3fb0)
[    3.730136] 3f60:                   ffffffed 00000000 c08b3fb8 c001ef20 c08ba4ec c08ba488
[    3.738313] 3f80: 00000000 00000000 c08af880 c08aec40 ffffffed 00000000 00000000 c08b3fb0
[    3.746487] 3fa0: c000f484 c000f488 60000113 ffffffff
[    3.751551] [<c00120c0>] (__irq_svc) from [<c000f488>] (arch_cpu_idle+0x30/0x3c)
[    3.758943] [<c000f488>] (arch_cpu_idle) from [<c0054884>] (cpu_startup_entry+0x1a0/0x274)
[    3.767213] [<c0054884>] (cpu_startup_entry) from [<c0869bf8>] (start_kernel+0x34c/0x3b8)
[    3.775393] [<c0869bf8>] (start_kernel) from [<80008074>] (0x80008074)
[    3.781920] ---[ end trace 38fcdea38754cbc6 ]---
[    3.786528] ------------[ cut here ]------------
[    3.791155] WARNING: CPU: 0 PID: 0 at fs/dcache.c:255 __d_free+0x34/0x40()
[    3.798015] Modules linked in:
[    3.801087] CPU: 0 PID: 0 Comm: swapper/0 Tainted: G        W      3.18.0-rc3-next-20141103-96358-ga641d0e #1
[    3.811004] [<c0015b70>] (unwind_backtrace) from [<c0011518>] (show_stack+0x10/0x14)
[    3.818740] [<c0011518>] (show_stack) from [<c06172d4>] (dump_stack+0x80/0xcc)
[    3.825968] [<c06172d4>] (dump_stack) from [<c0024a6c>] (warn_slowpath_common+0x64/0x88)
[    3.834062] [<c0024a6c>] (warn_slowpath_common) from [<c0024aac>] (warn_slowpath_null+0x1c/0x24)
[    3.842851] [<c0024aac>] (warn_slowpath_null) from [<c00f0630>] (__d_free+0x34/0x40)
[    3.850600] [<c00f0630>] (__d_free) from [<c006a9b0>] (rcu_process_callbacks+0x3a8/0x544)
[    3.858771] [<c006a9b0>] (rcu_process_callbacks) from [<c002785c>] (__do_softirq+0xf0/0x240)
[    3.867212] [<c002785c>] (__do_softirq) from [<c0027c50>] (irq_exit+0xa8/0x114)
[    3.874529] [<c0027c50>] (irq_exit) from [<c0061974>] (__handle_domain_irq+0x58/0xa4)
[    3.882364] [<c0061974>] (__handle_domain_irq) from [<c00087a0>] (gic_handle_irq+0x20/0x5c)
[    3.890719] [<c00087a0>] (gic_handle_irq) from [<c00120c0>] (__irq_svc+0x40/0x74)
[    3.898187] Exception stack(0xc08b3f68 to 0xc08b3fb0)
[    3.903242] 3f60:                   ffffffed 00000000 c08b3fb8 c001ef20 c08ba4ec c08ba488
[    3.911419] 3f80: 00000000 00000000 c08af880 c08aec40 ffffffed 00000000 00000000 c08b3fb0
[    3.919582] 3fa0: c000f484 c000f488 60000113 ffffffff
[    3.924644] [<c00120c0>] (__irq_svc) from [<c000f488>] (arch_cpu_idle+0x30/0x3c)
[    3.932050] [<c000f488>] (arch_cpu_idle) from [<c0054884>] (cpu_startup_entry+0x1a0/0x274)
[    3.940320] [<c0054884>] (cpu_startup_entry) from [<c0869bf8>] (start_kernel+0x34c/0x3b8)
[    3.948485] [<c0869bf8>] (start_kernel) from [<80008074>] (0x80008074)
[    3.955012] ---[ end trace 38fcdea38754cbc7 ]---
[    3.959622] ------------[ cut here ]------------
[    3.964248] WARNING: CPU: 0 PID: 0 at fs/dcache.c:255 __d_free+0x34/0x40()
[    3.971119] Modules linked in:
[    3.974180] CPU: 0 PID: 0 Comm: swapper/0 Tainted: G        W      3.18.0-rc3-next-20141103-96358-ga641d0e #1
[    3.984098] [<c0015b70>] (unwind_backtrace) from [<c0011518>] (show_stack+0x10/0x14)
[    3.991847] [<c0011518>] (show_stack) from [<c06172d4>] (dump_stack+0x80/0xcc)
[    3.999062] [<c06172d4>] (dump_stack) from [<c0024a6c>] (warn_slowpath_common+0x64/0x88)
[    4.007156] [<c0024a6c>] (warn_slowpath_common) from [<c0024aac>] (warn_slowpath_null+0x1c/0x24)
[    4.015941] [<c0024aac>] (warn_slowpath_null) from [<c00f0630>] (__d_free+0x34/0x40)
[    4.023693] [<c00f0630>] (__d_free) from [<c006a9b0>] (rcu_process_callbacks+0x3a8/0x544)
[    4.031877] [<c006a9b0>] (rcu_process_callbacks) from [<c002785c>] (__do_softirq+0xf0/0x240)
[    4.040320] [<c002785c>] (__do_softirq) from [<c0027c50>] (irq_exit+0xa8/0x114)
[    4.047623] [<c0027c50>] (irq_exit) from [<c0061974>] (__handle_domain_irq+0x58/0xa4)
[    4.055459] [<c0061974>] (__handle_domain_irq) from [<c00087a0>] (gic_handle_irq+0x20/0x5c)
[    4.063814] [<c00087a0>] (gic_handle_irq) from [<c00120c0>] (__irq_svc+0x40/0x74)
[    4.071293] Exception stack(0xc08b3f68 to 0xc08b3fb0)
[    4.076338] 3f60:                   ffffffed 00000000 c08b3fb8 c001ef20 c08ba4ec c08ba488
[    4.084513] 3f80: 00000000 00000000 c08af880 c08aec40 ffffffed 00000000 00000000 c08b3fb0
[    4.092688] 3fa0: c000f484 c000f488 60000113 ffffffff
[    4.097740] [<c00120c0>] (__irq_svc) from [<c000f488>] (arch_cpu_idle+0x30/0x3c)
[    4.105144] [<c000f488>] (arch_cpu_idle) from [<c0054884>] (cpu_startup_entry+0x1a0/0x274)
[    4.113416] [<c0054884>] (cpu_startup_entry) from [<c0869bf8>] (start_kernel+0x34c/0x3b8)
[    4.121593] [<c0869bf8>] (start_kernel) from [<80008074>] (0x80008074)
[    4.128108] ---[ end trace 38fcdea38754cbc8 ]---
[    4.133658] m25p80 spi32766.0: w25q32dw (4096 Kbytes)
[    4.141929] CAN device driver interface
[    4.145879] igb: Intel(R) Gigabit Ethernet Network Driver - version 5.2.15-k
[    4.152933] igb: Copyright (c) 2007-2014 Intel Corporation.
[    4.158874] pegasus: v0.9.3 (2013/04/25), Pegasus/Pegasus II USB Ethernet driver
[    4.166405] usbcore: registered new interface driver pegasus
[    4.172252] usbcore: registered new interface driver asix
[    4.177772] usbcore: registered new interface driver ax88179_178a
[    4.180238] ------------[ cut here ]------------
[    4.180252] WARNING: CPU: 2 PID: 0 at fs/dcache.c:255 __d_free+0x34/0x40()
[    4.180255] ------------[ cut here ]------------
[    4.180272] Modules linked in:
[    4.180274] WARNING: CPU: 0 PID: 0 at fs/dcache.c:255 __d_free+0x34/0x40()
[    4.180275] 
[    4.180283] Modules linked in:
[    4.180284] CPU: 2 PID: 0 Comm: swapper/2 Tainted: G        W      3.18.0-rc3-next-20141103-96358-ga641d0e #1
[    4.180286] 
[    4.180305] [<c0015b70>] (unwind_backtrace) from [<c0011518>] (show_stack+0x10/0x14)
[    4.180319] [<c0011518>] (show_stack) from [<c06172d4>] (dump_stack+0x80/0xcc)
[    4.180331] [<c06172d4>] (dump_stack) from [<c0024a6c>] (warn_slowpath_common+0x64/0x88)
[    4.180342] [<c0024a6c>] (warn_slowpath_common) from [<c0024aac>] (warn_slowpath_null+0x1c/0x24)
[    4.180354] [<c0024aac>] (warn_slowpath_null) from [<c00f0630>] (__d_free+0x34/0x40)
[    4.180369] [<c00f0630>] (__d_free) from [<c006a9b0>] (rcu_process_callbacks+0x3a8/0x544)
[    4.180383] [<c006a9b0>] (rcu_process_callbacks) from [<c002785c>] (__do_softirq+0xf0/0x240)
[    4.180395] [<c002785c>] (__do_softirq) from [<c0027c50>] (irq_exit+0xa8/0x114)
[    4.180408] [<c0027c50>] (irq_exit) from [<c0061974>] (__handle_domain_irq+0x58/0xa4)
[    4.180419] [<c0061974>] (__handle_domain_irq) from [<c00087a0>] (gic_handle_irq+0x20/0x5c)
[    4.180430] [<c00087a0>] (gic_handle_irq) from [<c00120c0>] (__irq_svc+0x40/0x74)
[    4.180434] Exception stack(0xee08bf98 to 0xee08bfe0)
[    4.180440] bf80:                                                       ffffffed 00000000
[    4.180447] bfa0: ee08bfe8 c001ef20 c08ba4ec c08ba488 00000000 00000000 c08af880 c08aec40
[    4.180454] bfc0: ffffffed 00000000 00000000 ee08bfe0 c000f484 c000f488 60000113 ffffffff
[    4.180468] [<c00120c0>] (__irq_svc) from [<c000f488>] (arch_cpu_idle+0x30/0x3c)
[    4.180484] [<c000f488>] (arch_cpu_idle) from [<c0054884>] (cpu_startup_entry+0x1a0/0x274)
[    4.180495] [<c0054884>] (cpu_startup_entry) from [<80008864>] (0x80008864)
[    4.180500] ---[ end trace 38fcdea38754cbc9 ]---
[    4.180506] CPU: 0 PID: 0 Comm: swapper/0 Tainted: G        W      3.18.0-rc3-next-20141103-96358-ga641d0e #1
[    4.180525] [<c0015b70>] (unwind_backtrace) from [<c0011518>] (show_stack+0x10/0x14)
[    4.180537] [<c0011518>] (show_stack) from [<c06172d4>] (dump_stack+0x80/0xcc)
[    4.180549] [<c06172d4>] (dump_stack) from [<c0024a6c>] (warn_slowpath_common+0x64/0x88)
[    4.180560] [<c0024a6c>] (warn_slowpath_common) from [<c0024aac>] (warn_slowpath_null+0x1c/0x24)
[    4.180571] [<c0024aac>] (warn_slowpath_null) from [<c00f0630>] (__d_free+0x34/0x40)
[    4.180586] [<c00f0630>] (__d_free) from [<c006a9b0>] (rcu_process_callbacks+0x3a8/0x544)
[    4.180600] [<c006a9b0>] (rcu_process_callbacks) from [<c002785c>] (__do_softirq+0xf0/0x240)
[    4.180611] [<c002785c>] (__do_softirq) from [<c0027c50>] (irq_exit+0xa8/0x114)
[    4.180624] [<c0027c50>] (irq_exit) from [<c0061974>] (__handle_domain_irq+0x58/0xa4)
[    4.180635] [<c0061974>] (__handle_domain_irq) from [<c00087a0>] (gic_handle_irq+0x20/0x5c)
[    4.180645] [<c00087a0>] (gic_handle_irq) from [<c00120c0>] (__irq_svc+0x40/0x74)
[    4.180651] Exception stack(0xc08b3f68 to 0xc08b3fb0)
[    4.180658] 3f60:                   ffffffed 00000000 c08b3fb8 c001ef20 c08ba4ec c08ba488
[    4.180665] 3f80: 00000000 00000000 c08af880 c08aec40 ffffffed 00000000 00000000 c08b3fb0
[    4.180670] 3fa0: c000f484 c000f488 60000113 ffffffff
[    4.180683] [<c00120c0>] (__irq_svc) from [<c000f488>] (arch_cpu_idle+0x30/0x3c)
[    4.180699] [<c000f488>] (arch_cpu_idle) from [<c0054884>] (cpu_startup_entry+0x1a0/0x274)
[    4.180712] [<c0054884>] (cpu_startup_entry) from [<c0869bf8>] (start_kernel+0x34c/0x3b8)
[    4.180722] [<c0869bf8>] (start_kernel) from [<80008074>] (0x80008074)
[    4.180726] ---[ end trace 38fcdea38754cbca ]---
[    4.527954] usbcore: registered new interface driver cdc_ether
[    4.533979] usbcore: registered new interface driver smsc75xx
[    4.539907] usbcore: registered new interface driver smsc95xx
[    4.545792] usbcore: registered new interface driver net1080
[    4.551590] usbcore: registered new interface driver cdc_subset
[    4.557634] usbcore: registered new interface driver zaurus
[    4.563411] usbcore: registered new interface driver cdc_ncm
[    4.569255] ehci_hcd: USB 2.0 'Enhanced' Host Controller (EHCI) Driver
[    4.575796] ehci-pci: EHCI PCI platform driver
[    4.580379] tegra-ehci: Tegra EHCI driver
[    4.584664] platform 7d008000.usb: Driver tegra-ehci requests probe deferral
[    4.592008] usbcore: registered new interface driver cdc_acm
[    4.597659] cdc_acm: USB Abstract Control Model driver for USB modems and ISDN adapters
[    4.605795] usbcore: registered new interface driver cdc_wdm
[    4.611646] usbcore: registered new interface driver usb-storage
[    4.617919] platform 7d008000.usb-phy: Driver tegra-phy requests probe deferral
[    4.626096] mousedev: PS/2 mouse device common for all mice
[    4.636840] palmas-rtc 7000d000.i2c:tps65913@58:rtc: rtc core: registered 7000d000.i2c:tps659 as rtc0
[    4.647848] tegra_rtc 7000e000.rtc: rtc core: registered 7000e000.rtc as rtc1
[    4.650244] ------------[ cut here ]------------
[    4.650258] WARNING: CPU: 1 PID: 0 at fs/dcache.c:255 __d_free+0x34/0x40()
[    4.650263] Modules linked in:
[    4.650271] CPU: 1 PID: 0 Comm: swapper/1 Tainted: G        W      3.18.0-rc3-next-20141103-96358-ga641d0e #1
[    4.650289] [<c0015b70>] (unwind_backtrace) from [<c0011518>] (show_stack+0x10/0x14)
[    4.650304] [<c0011518>] (show_stack) from [<c06172d4>] (dump_stack+0x80/0xcc)
[    4.650315] [<c06172d4>] (dump_stack) from [<c0024a6c>] (warn_slowpath_common+0x64/0x88)
[    4.650325] [<c0024a6c>] (warn_slowpath_common) from [<c0024aac>] (warn_slowpath_null+0x1c/0x24)
[    4.650336] [<c0024aac>] (warn_slowpath_null) from [<c00f0630>] (__d_free+0x34/0x40)
[    4.650351] [<c00f0630>] (__d_free) from [<c006a9b0>] (rcu_process_callbacks+0x3a8/0x544)
[    4.650365] [<c006a9b0>] (rcu_process_callbacks) from [<c002785c>] (__do_softirq+0xf0/0x240)
[    4.650376] [<c002785c>] (__do_softirq) from [<c0027c50>] (irq_exit+0xa8/0x114)
[    4.650390] [<c0027c50>] (irq_exit) from [<c0061974>] (__handle_domain_irq+0x58/0xa4)
[    4.650401] [<c0061974>] (__handle_domain_irq) from [<c00087a0>] (gic_handle_irq+0x20/0x5c)
[    4.650412] [<c00087a0>] (gic_handle_irq) from [<c00120c0>] (__irq_svc+0x40/0x74)
[    4.650416] Exception stack(0xee089f98 to 0xee089fe0)
[    4.650422] 9f80:                                                       ffffffed 00000000
[    4.650430] 9fa0: ee089fe8 c001ef20 c08ba4ec c08ba488 00000000 00000000 c08af880 c08aec40
[    4.650437] 9fc0: ffffffed 00000000 00000000 ee089fe0 c000f484 c000f488 60000113 ffffffff
[    4.650451] [<c00120c0>] (__irq_svc) from [<c000f488>] (arch_cpu_idle+0x30/0x3c)
[    4.650467] [<c000f488>] (arch_cpu_idle) from [<c0054884>] (cpu_startup_entry+0x1a0/0x274)
[    4.650478] [<c0054884>] (cpu_startup_entry) from [<80008864>] (0x80008864)
[    4.650482] ---[ end trace 38fcdea38754cbcb ]---
[    4.823214] tegra_rtc 7000e000.rtc: Tegra internal Real Time Clock
[    4.829791] i2c /dev entries driver
[    4.834909] usbcore: registered new interface driver uvcvideo
[    4.840669] USB Video Class driver (1.1.1)
[    4.844769] gspca_main: v2.14.0 registered
[    4.849595] sbs-battery 0-000b: sbs_probe: Failed to get device status
[    4.856151] sbs-battery: probe of 0-000b failed with error -121
[    4.867844] Driver 'mmcblk' needs updating - please use bus_type methods
[    4.874662] sdhci: Secure Digital Host Controller Interface driver
[    4.880849] sdhci: Copyright(c) Pierre Ossman
[    4.885209] sdhci-pltfm: SDHCI platform and OF driver helper
[    4.891190] sdhci-tegra 78000400.sdhci: Got CD GPIO
[    4.896081] sdhci-tegra 78000400.sdhci: Got WP GPIO
[    4.902095] sdhci-tegra 78000400.sdhci: No vmmc regulator found
[    4.908008] sdhci-tegra 78000400.sdhci: No vqmmc regulator found
[    4.914023] mmc0: Invalid maximum block size, assuming 512 bytes
[    4.960450] mmc0: SDHCI controller on 78000400.sdhci [78000400.sdhci] using ADMA
[    4.968076] sdhci-tegra 78000600.sdhci: No vmmc regulator found
[    4.974008] sdhci-tegra 78000600.sdhci: No vqmmc regulator found
[    4.980005] mmc1: Invalid maximum block size, assuming 512 bytes
[    5.030261] mmc1: SDHCI controller on 78000600.sdhci [78000600.sdhci] using ADMA
[    5.042845] usbcore: registered new interface driver usbhid
[    5.048426] usbhid: USB HID core driver
[    5.100242] ------------[ cut here ]------------
[    5.104864] WARNING: CPU: 1 PID: 0 at fs/dcache.c:255 __d_free+0x34/0x40()
[    5.111738] Modules linked in:[    5.114281] mmc1: BKOPS_EN bit is not set
[    5.117302] mmc1: new high speed MMC card at address 0001
[    5.118229] mmcblk0: mmc1:0001 SEM32G 29.1 GiB 
[    5.118506] mmcblk0boot0: mmc1:0001 SEM32G partition 1 4.00 MiB
[    5.118777] mmcblk0boot1: mmc1:0001 SEM32G partition 2 4.00 MiB
[    5.119013] mmcblk0rpmb: mmc1:0001 SEM32G partition 3 4.00 MiB

[    5.146166] 
[    5.147837] CPU: 1 PID: 0 Comm: swapper/1 Tainted: G        W      3.18.0-rc3-next-20141103-96358-ga641d0e #1
[    5.157760] [<c0015b70>] (unwind_backtrace) from [<c0011518>] (show_stack+0x10/0x14)
[    5.165512] [<c0011518>] (show_stack) from [<c06172d4>] (dump_stack+0x80/0xcc)
[    5.172741] [<c06172d4>] (dump_stack) from [<c0024a6c>] (warn_slowpath_common+0x64/0x88)
[    5.180835] [<c0024a6c>] (warn_slowpath_common) from [<c0024aac>] (warn_slowpath_null+0x1c/0x24)
[    5.189612] [<c0024aac>] (warn_slowpath_null) from [<c00f0630>] (__d_free+0x34/0x40)
[    5.197365] [<c00f0630>] (__d_free) from [<c006a9b0>] (rcu_process_callbacks+0x3a8/0x544)
[    5.205551] [<c006a9b0>] (rcu_process_callbacks) from [<c002785c>] (__do_softirq+0xf0/0x240)
[    5.213994] [<c002785c>] (__do_softirq) from [<c0027c50>] (irq_exit+0xa8/0x114)
[    5.221312] [<c0027c50>] (irq_exit) from [<c0061974>] (__handle_domain_irq+0x58/0xa4)
[    5.229135] [<c0061974>] (__handle_domain_irq) from [<c00087a0>] (gic_handle_irq+0x20/0x5c)
[    5.237488] [<c00087a0>] (gic_handle_irq) from [<c00120c0>] (__irq_svc+0x40/0x74)
[    5.244968] Exception stack(0xee089f98 to 0xee089fe0)
[    5.250011] 9f80:                                                       ffffffed 00000000
[    5.258190] 9fa0: ee089fe8 c001ef20 c08ba4ec c08ba488 00000000 00000000 c08af880 c08aec40
[    5.266366] 9fc0: ffffffed 00000000 00000000 ee089fe0 c000f484 c000f488 60000113 ffffffff
[    5.274550] [<c00120c0>] (__irq_svc) from [<c000f488>] (arch_cpu_idle+0x30/0x3c)
[    5.281956] [<c000f488>] (arch_cpu_idle) from [<c0054884>] (cpu_startup_entry+0x1a0/0x274)
[    5.290213] [<c0054884>] (cpu_startup_entry) from [<80008864>] (0x80008864)
[    5.297174] ---[ end trace 38fcdea38754cbcc ]---
[    5.304523]  mmcblk0: p1 p2 p3 p4 p5 p6 p7 p8
[    5.482801] tegra30-i2s 70080400.i2s: DMA channels sourced from device 70080000.ahub
[    5.500444] tegra-snd-rt5640 sound: rt5640-aif1 <-> 70080400.i2s mapping ok
[    5.513037] input: NVIDIA Tegra Dalmore Headphones as /devices/soc0/sound/sound/card0/input0
[    5.523455] TCP: cubic registered
[    5.527025] NET: Registered protocol family 10
[    5.533085] mip6: Mobile IPv6
[    5.536064] sit: IPv6 over IPv4 tunneling driver
[    5.543679] NET: Registered protocol family 17
[    5.548164] NET: Registered protocol family 15
[    5.552632] can: controller area network core (rev 20120528 abi 9)
[    5.558962] NET: Registered protocol family 29
[    5.563440] can: raw protocol (rev 20120528)
[    5.567716] can: broadcast manager protocol (rev 20120528 t)
[    5.573408] can: netlink gateway (rev 20130117) max_hops=1
[    5.579060] Bluetooth: RFCOMM socket layer initialized
[    5.584224] Bluetooth: RFCOMM ver 1.11
[    5.587992] Bluetooth: BNEP (Ethernet Emulation) ver 1.3
[    5.593328] Bluetooth: BNEP socket layer initialized
[    5.598296] Bluetooth: HIDP (Human Interface Emulation) ver 1.2
[    5.604234] Bluetooth: HIDP socket layer initialized
[    5.610690] Registering SWP/SWPB emulation handler
[    5.618400] usb1_vbus: supplied by vdd-sys-5v0
[    5.623852] usb2_vbus: supplied by vdd-sys-5v0
[    5.629089] vdd_hdmi_5v0: supplied by vdd-sys-5v0
[    5.635584] VDD_5V0_HDMI_CON: supplied by vdd-sys-5v0
[    5.645946] [drm] Supports vblank timestamp caching Rev 2 (21.10.2013).
[    5.652600] [drm] No driver support for vblank timestamp query.
[    5.680335] ------------[ cut here ]------------
[    5.680357] WARNING: CPU: 1 PID: 0 at fs/dcache.c:255 __d_free+0x34/0x40()
[    5.680363] Modules linked in:
[    5.680373] CPU: 1 PID: 0 Comm: swapper/1 Tainted: G        W      3.18.0-rc3-next-20141103-96358-ga641d0e #1
[    5.680396] [<c0015b70>] (unwind_backtrace) from [<c0011518>] (show_stack+0x10/0x14)
[    5.680411] [<c0011518>] (show_stack) from [<c06172d4>] (dump_stack+0x80/0xcc)
[    5.680424] [<c06172d4>] (dump_stack) from [<c0024a6c>] (warn_slowpath_common+0x64/0x88)
[    5.680435] [<c0024a6c>] (warn_slowpath_common) from [<c0024aac>] (warn_slowpath_null+0x1c/0x24)
[    5.680446] [<c0024aac>] (warn_slowpath_null) from [<c00f0630>] (__d_free+0x34/0x40)
[    5.680463] [<c00f0630>] (__d_free) from [<c006a9b0>] (rcu_process_callbacks+0x3a8/0x544)
[    5.680479] [<c006a9b0>] (rcu_process_callbacks) from [<c002785c>] (__do_softirq+0xf0/0x240)
[    5.680494] [<c002785c>] (__do_softirq) from [<c0027c50>] (irq_exit+0xa8/0x114)
[    5.680511] [<c0027c50>] (irq_exit) from [<c0014330>] (handle_IPI+0xd8/0x15c)
[    5.680523] [<c0014330>] (handle_IPI) from [<c00087d4>] (gic_handle_irq+0x54/0x5c)
[    5.680536] [<c00087d4>] (gic_handle_irq) from [<c00120c0>] (__irq_svc+0x40/0x74)
[    5.680540] Exception stack(0xee089f80 to 0xee089fc8)
[    5.680548] 9f80: 51f63afc 00000001 51f63afc 00000001 515ecbbc 00000001 ee7b4c48 00000001
[    5.680555] 9fa0: c08af880 c08aec40 00000001 00000000 00000018 ee089fc8 c0439340 c041d2a4
[    5.680559] 9fc0: 00000113 ffffffff
[    5.680574] [<c00120c0>] (__irq_svc) from [<c041d2a4>] (cpuidle_enter_state+0x50/0xd8)
[    5.680589] [<c041d2a4>] (cpuidle_enter_state) from [<c00548f0>] (cpu_startup_entry+0x20c/0x274)
[    5.680602] [<c00548f0>] (cpu_startup_entry) from [<80008864>] (0x80008864)
[    5.680608] ---[ end trace 38fcdea38754cbce ]---
[    5.710462] Console: switching to colour frame buffer device 240x75
[    5.899934] host1x drm: fb0:  frame buffer device
[    5.904652] host1x drm: registered panic notifier
[    5.930398] [drm] Initialized tegra 0.0.0 20120330 on minor 0
[    5.936529] platform 7d008000.usb: Driver tegra-ehci requests probe deferral
[    5.944504] tegra-ehci 7d008000.usb: EHCI Host Controller
[    5.949940] tegra-ehci 7d008000.usb: new USB bus registered, assigned bus number 1
[    5.957867] tegra-ehci 7d008000.usb: irq 129, io mem 0x7d008000
[    5.980367] tegra-ehci 7d008000.usb: USB 2.0 started, EHCI 1.10
[    5.988231] hub 1-0:1.0: USB hub found
[    5.992096] hub 1-0:1.0: 1 port detected
[    5.998442] input: gpio-keys as /devices/soc0/gpio-keys/input/input1
[    6.007212] palmas-rtc 7000d000.i2c:tps65913@58:rtc: setting system clock to 2000-04-10 01:13:49 UTC (955329229)
[    6.030355] ------------[ cut here ]------------
[    6.034992] WARNING: CPU: 1 PID: 0 at fs/dcache.c:255 __d_free+0x34/0x40()
[    6.036726] vdd_cam_1v8_reg: disabling
[    6.036870] vdd_hdmi_5v0: disabling
[    6.036877] usb1_vbus: disabling
[    6.036884] dvdd_ts: disabling
[    6.038630] ALSA device list:
[    6.038635]   #0: NVIDIA Tegra Dalmore
[    6.062089] Modules linked in:
[    6.062103] CPU: 1 PID: 0 Comm: swapper/1 Tainted: G        W      3.18.0-rc3-next-20141103-96358-ga641d0e #1
[    6.062132] [<c0015b70>] (unwind_backtrace) from [<c0011518>] (show_stack+0x10/0x14)
[    6.062148] [<c0011518>] (show_stack) from [<c06172d4>] (dump_stack+0x80/0xcc)
[    6.062167] [<c06172d4>] (dump_stack) from [<c0024a6c>] (warn_slowpath_common+0x64/0x88)
[    6.062179] [<c0024a6c>] (warn_slowpath_common) from [<c0024aac>] (warn_slowpath_null+0x1c/0x24)
[    6.062194] [<c0024aac>] (warn_slowpath_null) from [<c00f0630>] (__d_free+0x34/0x40)
[    6.062211] [<c00f0630>] (__d_free) from [<c006a9b0>] (rcu_process_callbacks+0x3a8/0x544)
[    6.062225] [<c006a9b0>] (rcu_process_callbacks) from [<c002785c>] (__do_softirq+0xf0/0x240)
[    6.062237] [<c002785c>] (__do_softirq) from [<c0027c50>] (irq_exit+0xa8/0x114)
[    6.062247] [<c0027c50>] (irq_exit) from [<c0014330>] (handle_IPI+0xd8/0x15c)
[    6.062257] [<c0014330>] (handle_IPI) from [<c00087d4>] (gic_handle_irq+0x54/0x5c)
[    6.062268] [<c00087d4>] (gic_handle_irq) from [<c00120c0>] (__irq_svc+0x40/0x74)
[    6.062273] Exception stack(0xee089f80 to 0xee089fc8)
[    6.062281] 9f80: 66d30f96 00000001 66d30f96 00000001 663c3901 00000001 ee7b4c48 00000001
[    6.062288] 9fa0: c08af880 c08aec40 00000001 00000000 00000018 ee089fc8 c0439340 c041d2a4
[    6.062293] 9fc0: 00000113 ffffffff
[    6.062308] [<c00120c0>] (__irq_svc) from [<c041d2a4>] (cpuidle_enter_state+0x50/0xd8)
[    6.062324] [<c041d2a4>] (cpuidle_enter_state) from [<c00548f0>] (cpu_startup_entry+0x20c/0x274)
[    6.062337] [<c00548f0>] (cpu_startup_entry) from [<80008864>] (0x80008864)
[    6.062343] ---[ end trace 38fcdea38754cbcf ]---
[    6.231413] kjournald starting.  Commit interval 5 seconds
[    6.233273] EXT3-fs (mmcblk0p1): using internal journal
[    6.233287] EXT3-fs (mmcblk0p1): recovery complete
[    6.233292] EXT3-fs (mmcblk0p1): mounted filesystem with writeback data mode
[    6.233358] VFS: Mounted root (ext3 filesystem) on device 179:1.
[    6.234407] devtmpfs: mounted
[    6.234715] Freeing unused kernel memory: 292K (c0869000 - c08b2000)
[    6.240285] ------------[ cut here ]------------
[    6.240310] WARNING: CPU: 0 PID: 0 at fs/dcache.c:255 __d_free+0x34/0x40()
[    6.240318] Modules linked in:
[    6.240329] CPU: 0 PID: 0 Comm: swapper/0 Tainted: G        W      3.18.0-rc3-next-20141103-96358-ga641d0e #1
[    6.240360] [<c0015b70>] (unwind_backtrace) from [<c0011518>] (show_stack+0x10/0x14)
[    6.240377] [<c0011518>] (show_stack) from [<c06172d4>] (dump_stack+0x80/0xcc)
[    6.240392] [<c06172d4>] (dump_stack) from [<c0024a6c>] (warn_slowpath_common+0x64/0x88)
[    6.240403] [<c0024a6c>] (warn_slowpath_common) from [<c0024aac>] (warn_slowpath_null+0x1c/0x24)
[    6.240421] [<c0024aac>] (warn_slowpath_null) from [<c00f0630>] (__d_free+0x34/0x40)
[    6.240441] [<c00f0630>] (__d_free) from [<c006a9b0>] (rcu_process_callbacks+0x3a8/0x544)
[    6.240455] [<c006a9b0>] (rcu_process_callbacks) from [<c002785c>] (__do_softirq+0xf0/0x240)
[    6.240467] [<c002785c>] (__do_softirq) from [<c0027c50>] (irq_exit+0xa8/0x114)
[    6.240481] [<c0027c50>] (irq_exit) from [<c0061974>] (__handle_domain_irq+0x58/0xa4)
[    6.240493] [<c0061974>] (__handle_domain_irq) from [<c00087a0>] (gic_handle_irq+0x20/0x5c)
[    6.240504] [<c00087a0>] (gic_handle_irq) from [<c00120c0>] (__irq_svc+0x40/0x74)
[    6.240509] Exception stack(0xc08b3f50 to 0xc08b3f98)
[    6.240515] 3f40:                                     73564278 00000001 73564278 00000001
[    6.240523] 3f60: 735567b8 00000001 ee7aac48 00000000 c08af880 c08aec40 00000000 00000000
[    6.240530] 3f80: 00000018 c08b3f98 c0439340 c041d2a4 00000113 ffffffff
[    6.240545] [<c00120c0>] (__irq_svc) from [<c041d2a4>] (cpuidle_enter_state+0x50/0xd8)
[    6.240561] [<c041d2a4>] (cpuidle_enter_state) from [<c00548f0>] (cpu_startup_entry+0x20c/0x274)
[    6.240578] [<c00548f0>] (cpu_startup_entry) from [<c0869bf8>] (start_kernel+0x34c/0x3b8)
[    6.240584] ---[ end trace 38fcdea38754cbd0 ]---
[    6.240592] ------------[ cut here ]------------
[    6.240604] WARNING: CPU: 0 PID: 0 at fs/dcache.c:255 __d_free+0x34/0x40()
[    6.240611] Modules linked in:
[    6.240621] CPU: 0 PID: 0 Comm: swapper/0 Tainted: G        W      3.18.0-rc3-next-20141103-96358-ga641d0e #1
[    6.240647] [<c0015b70>] (unwind_backtrace) from [<c0011518>] (show_stack+0x10/0x14)
[    6.240667] [<c0011518>] (show_stack) from [<c06172d4>] (dump_stack+0x80/0xcc)
[    6.240681] [<c06172d4>] (dump_stack) from [<c0024a6c>] (warn_slowpath_common+0x64/0x88)
[    6.240692] [<c0024a6c>] (warn_slowpath_common) from [<c0024aac>] (warn_slowpath_null+0x1c/0x24)
[    6.240706] [<c0024aac>] (warn_slowpath_null) from [<c00f0630>] (__d_free+0x34/0x40)
[    6.240722] [<c00f0630>] (__d_free) from [<c006a9b0>] (rcu_process_callbacks+0x3a8/0x544)
[    6.240736] [<c006a9b0>] (rcu_process_callbacks) from [<c002785c>] (__do_softirq+0xf0/0x240)
[    6.240748] [<c002785c>] (__do_softirq) from [<c0027c50>] (irq_exit+0xa8/0x114)
[    6.240761] [<c0027c50>] (irq_exit) from [<c0061974>] (__handle_domain_irq+0x58/0xa4)
[    6.240773] [<c0061974>] (__handle_domain_irq) from [<c00087a0>] (gic_handle_irq+0x20/0x5c)
[    6.240785] [<c00087a0>] (gic_handle_irq) from [<c00120c0>] (__irq_svc+0x40/0x74)
[    6.240790] Exception stack(0xc08b3f50 to 0xc08b3f98)
[    6.240796] 3f40:                                     73564278 00000001 73564278 00000001
[    6.240803] 3f60: 735567b8 00000001 ee7aac48 00000000 c08af880 c08aec40 00000000 00000000
[    6.240810] 3f80: 00000018 c08b3f98 c0439340 c041d2a4 00000113 ffffffff
[    6.240824] [<c00120c0>] (__irq_svc) from [<c041d2a4>] (cpuidle_enter_state+0x50/0xd8)
[    6.240840] [<c041d2a4>] (cpuidle_enter_state) from [<c00548f0>] (cpu_startup_entry+0x20c/0x274)
[    6.240856] [<c00548f0>] (cpu_startup_entry) from [<c0869bf8>] (start_kernel+0x34c/0x3b8)
[    6.240860] ---[ end trace 38fcdea38754cbd1 ]---
[    6.240866] ------------[ cut here ]------------
[    6.240878] WARNING: CPU: 0 PID: 0 at fs/dcache.c:255 __d_free+0x34/0x40()
[    6.240884] Modules linked in:
[    6.240891] CPU: 0 PID: 0 Comm: swapper/0 Tainted: G        W      3.18.0-rc3-next-20141103-96358-ga641d0e #1
[    6.240906] [<c0015b70>] (unwind_backtrace) from [<c0011518>] (show_stack+0x10/0x14)
[    6.240917] [<c0011518>] (show_stack) from [<c06172d4>] (dump_stack+0x80/0xcc)
[    6.240927] [<c06172d4>] (dump_stack) from [<c0024a6c>] (warn_slowpath_common+0x64/0x88)
[    6.240936] [<c0024a6c>] (warn_slowpath_common) from [<c0024aac>] (warn_slowpath_null+0x1c/0x24)
[    6.240947] [<c0024aac>] (warn_slowpath_null) from [<c00f0630>] (__d_free+0x34/0x40)
[    6.240959] [<c00f0630>] (__d_free) from [<c006a9b0>] (rcu_process_callbacks+0x3a8/0x544)
[    6.240971] [<c006a9b0>] (rcu_process_callbacks) from [<c002785c>] (__do_softirq+0xf0/0x240)
[    6.240982] [<c002785c>] (__do_softirq) from [<c0027c50>] (irq_exit+0xa8/0x114)
[    6.240994] [<c0027c50>] (irq_exit) from [<c0061974>] (__handle_domain_irq+0x58/0xa4)
[    6.241005] [<c0061974>] (__handle_domain_irq) from [<c00087a0>] (gic_handle_irq+0x20/0x5c)
[    6.241015] [<c00087a0>] (gic_handle_irq) from [<c00120c0>] (__irq_svc+0x40/0x74)
[    6.241019] Exception stack(0xc08b3f50 to 0xc08b3f98)
[    6.241024] 3f40:                                     73564278 00000001 73564278 00000001
[    6.241031] 3f60: 735567b8 00000001 ee7aac48 00000000 c08af880 c08aec40 00000000 00000000
[    6.241038] 3f80: 00000018 c08b3f98 c0439340 c041d2a4 00000113 ffffffff
[    6.241049] [<c00120c0>] (__irq_svc) from [<c041d2a4>] (cpuidle_enter_state+0x50/0xd8)
[    6.241061] [<c041d2a4>] (cpuidle_enter_state) from [<c00548f0>] (cpu_startup_entry+0x20c/0x274)
[    6.241073] [<c00548f0>] (cpu_startup_entry) from [<c0869bf8>] (start_kernel+0x34c/0x3b8)
[    6.241078] ---[ end trace 38fcdea38754cbd2 ]---
[    6.241081] ------------[ cut here ]------------
[    6.241091] WARNING: CPU: 0 PID: 0 at fs/dcache.c:255 __d_free+0x34/0x40()
[    6.241096] Modules linked in:
[    6.241102] CPU: 0 PID: 0 Comm: swapper/0 Tainted: G        W      3.18.0-rc3-next-20141103-96358-ga641d0e #1
[    6.241115] [<c0015b70>] (unwind_backtrace) from [<c0011518>] (show_stack+0x10/0x14)
[    6.241125] [<c0011518>] (show_stack) from [<c06172d4>] (dump_stack+0x80/0xcc)
[    6.241135] [<c06172d4>] (dump_stack) from [<c0024a6c>] (warn_slowpath_common+0x64/0x88)
[    6.241145] [<c0024a6c>] (warn_slowpath_common) from [<c0024aac>] (warn_slowpath_null+0x1c/0x24)
[    6.241155] [<c0024aac>] (warn_slowpath_null) from [<c00f0630>] (__d_free+0x34/0x40)
[    6.241168] [<c00f0630>] (__d_free) from [<c006a9b0>] (rcu_process_callbacks+0x3a8/0x544)
[    6.241179] [<c006a9b0>] (rcu_process_callbacks) from [<c002785c>] (__do_softirq+0xf0/0x240)
[    6.241190] [<c002785c>] (__do_softirq) from [<c0027c50>] (irq_exit+0xa8/0x114)
[    6.241202] [<c0027c50>] (irq_exit) from [<c0061974>] (__handle_domain_irq+0x58/0xa4)
[    6.241213] [<c0061974>] (__handle_domain_irq) from [<c00087a0>] (gic_handle_irq+0x20/0x5c)
[    6.241223] [<c00087a0>] (gic_handle_irq) from [<c00120c0>] (__irq_svc+0x40/0x74)
[    6.241227] Exception stack(0xc08b3f50 to 0xc08b3f98)
[    6.241232] 3f40:                                     73564278 00000001 73564278 00000001
[    6.241239] 3f60: 735567b8 00000001 ee7aac48 00000000 c08af880 c08aec40 00000000 00000000
[    6.241245] 3f80: 00000018 c08b3f98 c0439340 c041d2a4 00000113 ffffffff
[    6.241257] [<c00120c0>] (__irq_svc) from [<c041d2a4>] (cpuidle_enter_state+0x50/0xd8)
[    6.241268] [<c041d2a4>] (cpuidle_enter_state) from [<c00548f0>] (cpu_startup_entry+0x20c/0x274)
[    6.241281] [<c00548f0>] (cpu_startup_entry) from [<c0869bf8>] (start_kernel+0x34c/0x3b8)
[    6.241285] ---[ end trace 38fcdea38754cbd3 ]---
[    6.310503] usb 1-1: new high-speed USB device number 2 using tegra-ehci
[    6.350381] ------------[ cut here ]------------
[    6.350403] WARNING: CPU: 1 PID: 0 at fs/dcache.c:255 __d_free+0x34/0x40()
[    6.350410] Modules linked in:
[    6.350420] CPU: 1 PID: 0 Comm: swapper/1 Tainted: G        W      3.18.0-rc3-next-20141103-96358-ga641d0e #1
[    6.350444] [<c0015b70>] (unwind_backtrace) from [<c0011518>] (show_stack+0x10/0x14)
[    6.350460] [<c0011518>] (show_stack) from [<c06172d4>] (dump_stack+0x80/0xcc)
[    6.350474] [<c06172d4>] (dump_stack) from [<c0024a6c>] (warn_slowpath_common+0x64/0x88)
[    6.350485] [<c0024a6c>] (warn_slowpath_common) from [<c0024aac>] (warn_slowpath_null+0x1c/0x24)
[    6.350496] [<c0024aac>] (warn_slowpath_null) from [<c00f0630>] (__d_free+0x34/0x40)
[    6.350514] [<c00f0630>] (__d_free) from [<c006a9b0>] (rcu_process_callbacks+0x3a8/0x544)
[    6.350530] [<c006a9b0>] (rcu_process_callbacks) from [<c002785c>] (__do_softirq+0xf0/0x240)
[    6.350545] [<c002785c>] (__do_softirq) from [<c0027c50>] (irq_exit+0xa8/0x114)
[    6.350564] [<c0027c50>] (irq_exit) from [<c0014330>] (handle_IPI+0xd8/0x15c)
[    6.350578] [<c0014330>] (handle_IPI) from [<c00087d4>] (gic_handle_irq+0x54/0x5c)
[    6.350591] [<c00087d4>] (gic_handle_irq) from [<c00120c0>] (__irq_svc+0x40/0x74)
[    6.350596] Exception stack(0xee089f80 to 0xee089fc8)
[    6.350604] 9f80: 79e626e0 00000001 79e626e0 00000001 794f59bc 00000001 ee7b4c48 00000001
[    6.350611] 9fa0: c08af880 c08aec40 00000001 00000000 00000018 ee089fc8 c0439340 c041d2a4
[    6.350616] 9fc0: 00000113 ffffffff
[    6.350630] [<c00120c0>] (__irq_svc) from [<c041d2a4>] (cpuidle_enter_state+0x50/0xd8)
[    6.350647] [<c041d2a4>] (cpuidle_enter_state) from [<c00548f0>] (cpu_startup_entry+0x20c/0x274)
[    6.350660] [<c00548f0>] (cpu_startup_entry) from [<80008864>] (0x80008864)
[    6.350666] ---[ end trace 38fcdea38754cbd4 ]---
[    6.804818] asix 1-1:1.0 eth0: register 'asix' at usb-7d008000.usb-1, ASIX AX88772 USB 2.0 Ethernet, 00:50:b6:0d:b5:16
bash: cannot set terminal process group (-1): Inappropriate ioctl for device
bash: no job control in this shell
root@(none):/# 