
U-Boot SPL 2016.05-rc2 (Apr 21 2016 - 16:23:00)
Trying to boot from RAM


U-Boot 2016.05-rc2 (Apr 21 2016 - 16:23:00 -0700)

TEGRA124
Model: NVIDIA Jetson TK1
Board: NVIDIA Jetson TK1
DRAM:  2 GiB
MC:   Tegra SD/MMC: 0, Tegra SD/MMC: 1
In:    serial
Out:   serial
Err:   serial
Net:   No ethernet found.
Hit any key to stop autoboot:  2  0 
Tegra124 (Jetson TK1) # 
Tegra124 (Jetson TK1) # pci enum
Tegra124 (Jetson TK1) # setenv bootargs 'ignore_loglevel console=ttyS0,115200n8 rw root=PARTUUID=b1791faa-84e8-4e27-83a1-9fb0a77e8803 rootwait gpt debug noinitrd earlyprintk init=/bin/bash'
Tegra124 (Jetson TK1) # setenv ipaddr 192.168.100.102; setenv serverip 192.168.100.1; setenv tftpserverip 192.168.100.1
Tegra124 (Jetson TK1) # tftpboot 0x82000000 zImage.tegra_defconfig%tegra-fw

Warning: eth_rtl8169 using MAC address from ROM
Using eth_rtl8169 device
TFTP from server 192.168.100.1; our IP address is 192.168.100.102
Filename 'zImage.tegra_defconfig%tegra-fw'.
Load address: 0x82000000
Loading: *#################################################################
	 #################################################################
	 #################################################################
	 #################################################################
	 #################################################################
	 #################################################################
	 #############################################
	 3.2 MiB/s
done
Bytes transferred = 6377936 (6151d0 hex)
Tegra124 (Jetson TK1) # tftpboot 0x83000000 tegra124-jetson-tk1.dtb
Using eth_rtl8169 device
TFTP from server 192.168.100.1; our IP address is 192.168.100.102
Filename 'tegra124-jetson-tk1.dtb'.
Load address: 0x83000000
Loading: *#####
	 536.1 KiB/s
done
Bytes transferred = 66544 (103f0 hex)
Tegra124 (Jetson TK1) # bootz 0x82000000 - 0x83000000
Kernel image @ 0x82000000 [ 0x000000 - 0x6151d0 ]
## Flattened Device Tree blob at 83000000
   Booting using the fdt blob at 0x83000000
   Using Device Tree in place at 83000000, end 830133ef

Starting kernel ...

[    0.000000] Booting Linux on physical CPU 0x0
[    0.000000] Linux version 4.15.0-rc8-next-20180119-228575-g761914d (jonathanh@sellafield) (gcc version 4.7.3 20130328 (prerelease) (crosstool-NG linaro-1.13.1-4.7-2013.04-20130415 - Linaro GCC 2013.04)) #1 SMP PREEMPT Tue Jan 23 09:33:16 PST 2018
[    0.000000] CPU: ARMv7 Processor [413fc0f3] revision 3 (ARMv7), cr=10c5387d
[    0.000000] CPU: div instructions available: patching division code
[    0.000000] CPU: PIPT / VIPT nonaliasing data cache, PIPT instruction cache
[    0.000000] OF: fdt: Machine model: NVIDIA Tegra124 Jetson TK1
[    0.000000] debug: ignoring loglevel setting.
[    0.000000] bootconsole [earlycon0] enabled
[    0.000000] Memory policy: Data cache writealloc
[    0.000000] cma: Reserved 64 MiB at 0xfbc00000
[    0.000000] On node 0 totalpages: 524032
[    0.000000]   Normal zone: 1536 pages used for memmap
[    0.000000]   Normal zone: 0 pages reserved
[    0.000000]   Normal zone: 196608 pages, LIFO batch:31
[    0.000000]   HighMem zone: 327424 pages, LIFO batch:31
[    0.000000] random: fast init done
[    0.000000] percpu: Embedded 17 pages/cpu @(ptrval) s39296 r8192 d22144 u69632
[    0.000000] pcpu-alloc: s39296 r8192 d22144 u69632 alloc=17*4096
[    0.000000] pcpu-alloc: [0] 0 [0] 1 [0] 2 [0] 3 
[    0.000000] Built 1 zonelists, mobility grouping on.  Total pages: 522496
[    0.000000] Kernel command line: ignore_loglevel console=ttyS0,115200n8 rw root=PARTUUID=b1791faa-84e8-4e27-83a1-9fb0a77e8803 rootwait gpt debug noinitrd earlyprintk init=/bin/bash
[    0.000000] Dentry cache hash table entries: 131072 (order: 7, 524288 bytes)
[    0.000000] Inode-cache hash table entries: 65536 (order: 6, 262144 bytes)
[    0.000000] Memory: 1997464K/2096128K available (9216K kernel code, 782K rwdata, 2844K rodata, 1024K init, 298K bss, 33128K reserved, 65536K cma-reserved, 1244160K highmem)
[    0.000000] Virtual kernel memory layout:
[    0.000000]     vector  : 0xffff0000 - 0xffff1000   (   4 kB)
[    0.000000]     fixmap  : 0xffc00000 - 0xfff00000   (3072 kB)
[    0.000000]     vmalloc : 0xf0800000 - 0xff800000   ( 240 MB)
[    0.000000]     lowmem  : 0xc0000000 - 0xf0000000   ( 768 MB)
[    0.000000]     pkmap   : 0xbfe00000 - 0xc0000000   (   2 MB)
[    0.000000]     modules : 0xbf000000 - 0xbfe00000   (  14 MB)
[    0.000000]       .text : 0x(ptrval) - 0x(ptrval)   (10208 kB)
[    0.000000]       .init : 0x(ptrval) - 0x(ptrval)   (1024 kB)
[    0.000000]       .data : 0x(ptrval) - 0x(ptrval)   ( 783 kB)
[    0.000000]        .bss : 0x(ptrval) - 0x(ptrval)   ( 299 kB)
[    0.000000] Preemptible hierarchical RCU implementation.
[    0.000000] 	Tasks RCU enabled.
[    0.000000] NR_IRQS: 16, nr_irqs: 16, preallocated irqs: 16
[    0.000000] /interrupt-controller@60004000: 160 interrupts forwarded to /interrupt-controller@50041000
[    0.000000] Tegra clk 127: register failed with -17
[    0.000009] sched_clock: 32 bits at 1000kHz, resolution 1000ns, wraps every 2147483647500ns
[    0.007454] clocksource: timer_us: mask: 0xffffffff max_cycles: 0xffffffff, max_idle_ns: 1911260446275 ns
[    0.016982] Switching to timer-based delay loop, resolution 1000ns
[    0.024153] arch_timer: cp15 timer(s) running at 12.00MHz (virt).
[    0.029205] clocksource: arch_sys_counter: mask: 0xffffffffffffff max_cycles: 0x2c47f4ee7, max_idle_ns: 440795202497 ns
[    0.039954] sched_clock: 56 bits at 12MHz, resolution 83ns, wraps every 4398046511096ns
[    0.047921] Switching to timer-based delay loop, resolution 83ns
[    0.054388] Console: colour dummy device 80x30
[    0.058336] Calibrating delay loop (skipped), value calculated using timer frequency.. 24.00 BogoMIPS (lpj=120000)
[    0.068646] pid_max: default: 32768 minimum: 301
[    0.073729] Mount-cache hash table entries: 2048 (order: 1, 8192 bytes)
[    0.079831] Mountpoint-cache hash table entries: 2048 (order: 1, 8192 bytes)
[    0.087672] CPU: Testing write buffer coherency: ok
[    0.092004] /cpus/cpu@0 missing clock-frequency property
[    0.097004] /cpus/cpu@1 missing clock-frequency property
[    0.102313] /cpus/cpu@2 missing clock-frequency property
[    0.107578] /cpus/cpu@3 missing clock-frequency property
[    0.112850] CPU0: thread -1, cpu 0, socket 0, mpidr 80000000
[    0.152965] Setting up static identity map for 0x80100000 - 0x801000a0
[    0.157719] Hierarchical SRCU implementation.
[    0.173494] Tegra Revision: A01 SKU: 129 CPU Process: 1 SoC Process: 1
[    0.192988] smp: Bringing up secondary CPUs ...
[    0.243617] CPU1: thread -1, cpu 1, socket 0, mpidr 80000001
[    0.323731] CPU2: thread -1, cpu 2, socket 0, mpidr 80000002
[    0.403847] CPU3: thread -1, cpu 3, socket 0, mpidr 80000003
[    0.413423] smp: Brought up 1 node, 4 CPUs
[    0.432528] SMP: Total of 4 processors activated (96.00 BogoMIPS).
[    0.438679] CPU: All CPU(s) started in SVC mode.
[    0.445120] devtmpfs: initialized
[    0.466773] Built 1 zonelists, mobility grouping on.  Total pages: 515750
[    0.472045] VFP support v0.3: implementor 41 architecture 4 part 30 variant f rev 0
[    0.479640] clocksource: jiffies: mask: 0xffffffff max_cycles: 0xffffffff, max_idle_ns: 19112604462750000 ns
[    0.489098] futex hash table entries: 1024 (order: 4, 65536 bytes)
[    0.495487] pinctrl core: initialized pinctrl subsystem
[    0.501650] NET: Registered protocol family 16
[    0.506084] DMA: preallocated 256 KiB pool for atomic coherent allocations
[    0.513198] cpuidle: using governor menu
[    0.539124] No ATAGs?
[    0.539259] hw-breakpoint: found 5 (+1 reserved) breakpoint and 4 watchpoint registers.
[    0.547620] hw-breakpoint: maximum watchpoint size is 8 bytes.
[    0.555383] iommu: Adding device 50000000.host1x to group 0
[    0.559152] iommu: Adding device 54200000.dc to group 1
[    0.564297] iommu: Adding device 54240000.dc to group 1
[    0.569536] iommu: Adding device 57000000.gpu to group 2
[    0.592183] +5V_SYS: supplied by +VDD_MUX
[    0.594677] +3.3V_SYS: supplied by +VDD_MUX
[    0.599254] +USB0_VBUS_SW: Failed to request enable GPIO108: -517
[    0.604553] reg-fixed-voltage regulators:regulator@7: Failed to register regulator: -517
[    0.612679] +5V_USB_HS: Failed to request enable GPIO109: -517
[    0.618403] reg-fixed-voltage regulators:regulator@8: Failed to register regulator: -517
[    0.626640] +1.05V_RUN_AVDD_HDMI_PLL: Failed to request enable GPIO63: -517
[    0.633431] reg-fixed-voltage regulators:regulator@11: Failed to register regulator: -517
[    0.641626] +5V_HDMI_CON: Failed to request enable GPIO86: -517
[    0.647442] reg-fixed-voltage regulators:regulator@12: Failed to register regulator: -517
[    0.655666] +5V_SATA: Failed to request enable GPIO242: -517
[    0.661216] reg-fixed-voltage regulators:regulator@13: Failed to register regulator: -517
[    0.669445] +12V_SATA: Failed to request enable GPIO242: -517
[    0.675087] reg-fixed-voltage regulators:regulator@14: Failed to register regulator: -517
[    0.684525] vgaarb: loaded
[    0.686693] SCSI subsystem initialized
[    0.689863] libata version 3.00 loaded.
[    0.693767] usbcore: registered new interface driver usbfs
[    0.698981] usbcore: registered new interface driver hub
[    0.704278] usbcore: registered new device driver usb
[    0.712483] Linux video capture interface: v2.00
[    0.715267] pps_core: LinuxPPS API ver. 1 registered
[    0.720152] pps_core: Software ver. 5.3.6 - Copyright 2005-2007 Rodolfo Giometti <giometti@linux.it>
[    0.729269] PTP clock support registered
[    0.734598] Advanced Linux Sound Architecture Driver Initialized.
[    0.739860] Bluetooth: Core ver 2.22
[    0.742804] NET: Registered protocol family 31
[    0.747199] Bluetooth: HCI device and connection manager initialized
[    0.753504] Bluetooth: HCI socket layer initialized
[    0.758381] Bluetooth: L2CAP socket layer initialized
[    0.763412] Bluetooth: SCO socket layer initialized
[    0.768855] clocksource: Switched to clocksource arch_sys_counter
[    0.868671] NET: Registered protocol family 2
[    0.872137] tcp_listen_portaddr_hash hash table entries: 512 (order: 0, 6144 bytes)
[    0.878810] TCP established hash table entries: 8192 (order: 3, 32768 bytes)
[    0.885895] TCP bind hash table entries: 8192 (order: 4, 65536 bytes)
[    0.892380] TCP: Hash tables configured (established 8192 bind 8192)
[    0.899021] UDP hash table entries: 512 (order: 2, 16384 bytes)
[    0.904436] UDP-Lite hash table entries: 512 (order: 2, 16384 bytes)
[    0.911084] NET: Registered protocol family 1
[    0.915766] RPC: Registered named UNIX socket transport module.
[    0.920981] RPC: Registered udp transport module.
[    0.925632] RPC: Registered tcp transport module.
[    0.930334] RPC: Registered tcp NFSv4.1 backchannel transport module.
[    0.937352] PCI: CLS 0 bytes, default 64
[    0.942474] hw perfevents: enabled with armv7_cortex_a15 PMU driver, 7 counters available
[    0.950601] Initialise system trusted keyrings
[    0.953372] workingset: timestamp_bits=30 max_order=19 bucket_order=0
[    0.961020] squashfs: version 4.0 (2009/01/31) Phillip Lougher
[    0.976221] NFS: Registering the id_resolver key type
[    0.979417] Key type id_resolver registered
[    0.983520] Key type id_legacy registered
[    0.992431] Key type asymmetric registered
[    0.994618] Asymmetric key parser 'x509' registered
[    0.999634] bounce: pool size: 64 pages
[    1.003353] io scheduler noop registered (default)
[    1.008052] io scheduler mq-deadline registered
[    1.012584] io scheduler kyber registered
[    1.018391]  usb2-0: usb2-0 supply vbus not found, using dummy regulator
[    1.023449]  usb2-1: usb2-1 supply vbus not found, using dummy regulator
[    1.030342] tegra-xusb-padctl 7009f000.padctl: failed to setup XUSB ports: -517
[    1.046393] tegra-pcie 1003000.pcie: 2x1, 1x1 configuration
[    1.050126] tegra-pcie 1003000.pcie: Failed to get supply 'avddio-pex': -517
[    1.060033] tegra124-dfll 70110000.clock: couldn't get vdd_cpu regulator
[    1.070765] tegra-apbdma 60020000.dma: Tegra20 APB DMA driver register 32 channels
[    1.077725] tegra-pmc 7000e400.pmc: emergency thermal reset enabled
[    1.083376] Serial: 8250/16550 driver, 4 ports, IRQ sharing disabled
[    1.090944] console [ttyS0] disabled
[    1.092656] 70006300.serial: ttyS0 at MMIO 0x70006300 (irq = 335, base_baud = 25500000) is a Tegra
[    1.101980] console [ttyS0] enabled
[    1.101980] console [ttyS0] enabled
[    1.107780] bootconsole [earlycon0] disabled
[    1.107780] bootconsole [earlycon0] disabled
[    1.117184] 70006000.serial: ttyTHS1 at MMIO 0x70006000 (irq = 333, base_baud = 0) is a TEGRA_UART
[    1.128224] 70006040.serial: ttyTHS2 at MMIO 0x70006040 (irq = 334, base_baud = 0) is a TEGRA_UART
[    1.157050] tegra-hdmi 54280000.hdmi: failed to get HDMI regulator
[    1.177027] loop: module loaded
[    1.181657] at24 0-0056: 256 byte 24c02 EEPROM, writable, 8 bytes/write
[    1.189095] as3722 4-0040: AS3722 with revision 0x1 found
[    1.201465] as3722-sd2: supplied by +5V_SYS
[    1.206152] as3722-sd3: supplied by +5V_SYS
[    1.210597] +1.35V_LP0(sd3): Bringing 0uV into 1350000-1350000uV
[    1.216979] as3722-sd4: supplied by +5V_SYS
[    1.221679] as3722-sd5: supplied by +5V_SYS
[    1.227789] as3722-ldo0: supplied by +1.35V_LP0(sd2)
[    1.233992] +1.8V_RUN_CAM: Bringing 0uV into 1800000-1800000uV
[    1.240266] as3722-ldo2: supplied by +1.8V_VDDIO
[    1.246211] as3722-ldo3: supplied by +3.3V_SYS
[    1.250745] +1.05V_LP0_VDD_RTC: Bringing 1100000uV into 1000000-1000000uV
[    1.258547] as3722-ldo4: supplied by +3.3V_SYS
[    1.263256] +2.8V_RUN_CAM: Bringing 0uV into 2800000-2800000uV
[    1.269516] as3722-ldo5: supplied by +1.8V_VDDIO
[    1.274376] +1.2V_RUN_CAM_FRONT: Bringing 0uV into 1200000-1200000uV
[    1.281374] +VDDIO_SDMMC3: bypassed regulator has no supply!
[    1.287026] +VDDIO_SDMMC3: failed to get the current voltage(-517)
[    1.293229] as3722-regulator as3722-regulator: regulator 13 register failed -517
[    1.304545] tegra-ahci 70027000.sata: couldn't get PHY in node sata: -517
[    1.322865] m25p80 spi1.0: w25q32dw (4096 Kbytes)
[    1.339929] libphy: Fixed MDIO Bus: probed
[    1.344023] CAN device driver interface
[    1.347907] igb: Intel(R) Gigabit Ethernet Network Driver - version 5.4.0-k
[    1.355006] igb: Copyright (c) 2007-2014 Intel Corporation.
[    1.360745] pegasus: v0.9.3 (2013/04/25), Pegasus/Pegasus II USB Ethernet driver
[    1.368195] usbcore: registered new interface driver pegasus
[    1.373943] usbcore: registered new interface driver asix
[    1.379428] usbcore: registered new interface driver ax88179_178a
[    1.385568] usbcore: registered new interface driver cdc_ether
[    1.391485] usbcore: registered new interface driver smsc75xx
[    1.397298] usbcore: registered new interface driver smsc95xx
[    1.403113] usbcore: registered new interface driver net1080
[    1.408818] usbcore: registered new interface driver cdc_subset
[    1.414807] usbcore: registered new interface driver zaurus
[    1.420467] usbcore: registered new interface driver cdc_ncm
[    1.426367] tegra-phy 7d000000.usb-phy: no vbus regulator
[    1.432015] tegra-phy 7d004000.usb-phy: no vbus regulator
[    1.437710] ehci_hcd: USB 2.0 'Enhanced' Host Controller (EHCI) Driver
[    1.444253] ehci-pci: EHCI PCI platform driver
[    1.448754] tegra-ehci: Tegra EHCI driver
[    1.455630] tegra-ehci 7d004000.usb: EHCI Host Controller
[    1.461072] tegra-ehci 7d004000.usb: new USB bus registered, assigned bus number 1
[    1.468899] tegra-ehci 7d004000.usb: irq 356, io mem 0x7d004000
[    1.498886] tegra-ehci 7d004000.usb: USB 2.0 started, EHCI 1.10
[    1.505725] hub 1-0:1.0: USB hub found
[    1.509538] hub 1-0:1.0: 1 port detected
[    1.514716] usbcore: registered new interface driver cdc_acm
[    1.520391] cdc_acm: USB Abstract Control Model driver for USB modems and ISDN adapters
[    1.528444] usbcore: registered new interface driver cdc_wdm
[    1.534203] usbcore: registered new interface driver usb-storage
[    1.548513] as3722-rtc as3722-rtc: rtc core: registered as3722-rtc as rtc0
[    1.555407] as3722-rtc as3722-rtc: RTC interrupt 379
[    1.563244] tegra_rtc 7000e000.rtc: rtc core: registered 7000e000.rtc as rtc1
[    1.570448] tegra_rtc 7000e000.rtc: Tegra internal Real Time Clock
[    1.576967] i2c /dev entries driver
[    1.581770] usbcore: registered new interface driver uvcvideo
[    1.587507] USB Video Class driver (1.1.1)
[    1.591622] gspca_main: v2.14.0 registered
[    1.596358] lm90 0-004c: 0-004c supply vcc not found, using dummy regulator
[    1.606689] tegra-wdt 60005000.timer: initialized (heartbeat = 120 sec, nowayout = 0)
[    1.615604] sdhci: Secure Digital Host Controller Interface driver
[    1.621926] sdhci: Copyright(c) Pierre Ossman
[    1.626278] sdhci-pltfm: SDHCI platform and OF driver helper
[    1.632286] sdhci-tegra 700b0400.sdhci: Got CD GPIO
[    1.637179] sdhci-tegra 700b0400.sdhci: Got WP GPIO
[    1.658480] mmc0: Unknown controller version (3). You may experience problems.
[    1.665761] mmc0: Invalid maximum block size, assuming 512 bytes
[    1.702902] mmc0: SDHCI controller on 700b0600.sdhci [700b0600.sdhci] using ADMA
[    1.711303] usbcore: registered new interface driver usbhid
[    1.716911] usbhid: USB HID core driver
[    1.760891] mmc0: new high speed MMC card at address 0001
[    1.771591] mmcblk0: mmc0:0001 SEM16G 14.7 GiB 
[    1.781247] mmcblk0boot0: mmc0:0001 SEM16G partition 1 4.00 MiB
[    1.792342] mmcblk0boot1: mmc0:0001 SEM16G partition 2 4.00 MiB
[    1.798493] mmcblk0rpmb: mmc0:0001 SEM16G partition 3 4.00 MiB, chardev (247:0)
[    1.807676]  mmcblk0: p1
[    2.160218] tegra30-i2s 70301100.i2s: DMA channels sourced from device 70300000.ahub
[    2.180506] tegra-snd-rt5640 sound: rt5640-aif1 <-> 70301100.i2s mapping ok
[    2.191501] input: NVIDIA Tegra Jetson TK1 Headphones as /devices/soc0/sound/sound/card1/input0
[    2.202679] NET: Registered protocol family 10
[    2.208577] Segment Routing with IPv6
[    2.212499] mip6: Mobile IPv6
[    2.215467] sit: IPv6, IPv4 and MPLS over IPv4 tunneling driver
[    2.222931] NET: Registered protocol family 17
[    2.227388] NET: Registered protocol family 15
[    2.231852] can: controller area network core (rev 20170425 abi 9)
[    2.238241] NET: Registered protocol family 29
[    2.242745] can: raw protocol (rev 20170425)
[    2.247022] can: broadcast manager protocol (rev 20170425 t)
[    2.252706] can: netlink gateway (rev 20170425) max_hops=1
[    2.258380] Bluetooth: RFCOMM socket layer initialized
[    2.263557] Bluetooth: RFCOMM ver 1.11
[    2.267315] Bluetooth: BNEP (Ethernet Emulation) ver 1.3
[    2.272680] Bluetooth: BNEP socket layer initialized
[    2.277652] Bluetooth: HIDP (Human Interface Emulation) ver 1.2
[    2.283589] Bluetooth: HIDP socket layer initialized
[    2.288766] Key type dns_resolver registered
[    2.293577] Registering SWP/SWPB emulation handler
[    2.299235] Loading compiled-in X.509 certificates
[    2.323734] +3.3V_RUN: supplied by +3.3V_SYS
[    2.328833] +USB0_VBUS_SW: supplied by +5V_SYS
[    2.333832] +3.3V_AVDD_HDMI_AP_GATED: supplied by +3.3V_RUN
[    2.339831] +5V_USB_HS: supplied by +5V_SYS
[    2.344912] +3.3V_LP0: supplied by +3.3V_SYS
[    2.350423] +5V_HDMI_CON: supplied by +5V_SYS
[    2.355223] +5V_SATA: supplied by +5V_SYS
[    2.359788] +12V_SATA: supplied by +VDD_MUX
[    2.365384]  usb2-0: usb2-0 supply vbus not found, using dummy regulator
[    2.372317]  usb2-1: usb2-1 supply vbus not found, using dummy regulator
[    2.379380]  usb3-0: usb3-0 supply vbus not found, using dummy regulator
[    2.386868] tegra-pcie 1003000.pcie: 2x1, 1x1 configuration
[    2.392562] tegra-pcie 1003000.pcie: Failed to get supply 'avddio-pex': -517
[    2.401696] tegra124-dfll 70110000.clock: couldn't get vdd_cpu regulator
[    2.410720] tegra-hdmi 54280000.hdmi: failed to get PLL regulator
[    2.419430] as3722-sd2: supplied by +5V_SYS
[    2.423930] as3722-sd3: supplied by +5V_SYS
[    2.428422] as3722-sd4: supplied by +5V_SYS
[    2.433119] as3722-sd5: supplied by +5V_SYS
[    2.438821] as3722-ldo0: supplied by +1.35V_LP0(sd2)
[    2.444450] as3722-ldo1: supplied by +3.3V_RUN
[    2.449403] as3722-ldo2: supplied by +1.8V_VDDIO
[    2.455019] as3722-ldo3: supplied by +3.3V_SYS
[    2.460728] as3722-ldo4: supplied by +3.3V_SYS
[    2.465484] as3722-ldo5: supplied by +1.8V_VDDIO
[    2.470577] as3722-ldo6: supplied by +3.3V_RUN
[    2.475334] as3722-ldo7: supplied by +1.8V_VDDIO
[    2.481637] input: tegra-hda HDMI/DP,pcm=3 as /devices/soc0/70030000.hda/sound/card0/input1
[    2.490169] +1.05V_RUN_CAM_REAR: Bringing 0uV into 1050000-1050000uV
[    2.497536] as3722-ldo9: supplied by +5V_SYS
[    2.503062] +3.3V_RUN_TOUCH: Bringing 0uV into 2800000-2800000uV
[    2.509833] as3722-ldo10: supplied by +5V_SYS
[    2.514948] +2.8V_RUN_CAM_AF: Bringing 0uV into 2800000-2800000uV
[    2.521829] as3722-ldo11: supplied by +3.3V_RUN
[    2.527111] +1.8V_RUN_VPP_FUSE: Bringing 0uV into 1800000-1800000uV
[    2.536403] tegra-ahci 70027000.sata: AHCI 0001.0301 32 slots 2 ports 3 Gbps 0x1 impl platform mode
[    2.545482] tegra-ahci 70027000.sata: flags: 64bit ncq sntf pm led pio slum part sadm sds apst 
[    2.556251] scsi host0: tegra-ahci
[    2.560933] scsi host1: tegra-ahci
[    2.564657] ata1: SATA max UDMA/133 mmio [mem 0x70027000-0x70028fff] port 0x100 irq 345
[    2.572703] ata2: DUMMY
[    2.576504] tegra-ehci 7d008000.usb: EHCI Host Controller
[    2.581993] tegra-ehci 7d008000.usb: new USB bus registered, assigned bus number 2
[    2.589844] tegra-ehci 7d008000.usb: irq 357, io mem 0x7d008000
[    2.618931] tegra-ehci 7d008000.usb: USB 2.0 started, EHCI 1.10
[    2.625935] hub 2-0:1.0: USB hub found
[    2.629879] hub 2-0:1.0: 1 port detected
[    2.709647] tegra-xusb 70090000.usb: Firmware timestamp: 2014-09-16 02:10:07 UTC
[    2.717074] tegra-xusb 70090000.usb: xHCI Host Controller
[    2.722604] tegra-xusb 70090000.usb: new USB bus registered, assigned bus number 3
[    2.732752] tegra-xusb 70090000.usb: hcc params 0x0184f525 hci version 0x100 quirks 0x00010010
[    2.741437] tegra-xusb 70090000.usb: irq 347, io mem 0x70090000
[    2.748569] hub 3-0:1.0: USB hub found
[    2.752490] hub 3-0:1.0: 6 ports detected
[    2.757383] tegra-xusb 70090000.usb: xHCI Host Controller
[    2.762859] tegra-xusb 70090000.usb: new USB bus registered, assigned bus number 4
[    2.770625] usb usb4: We don't know the algorithms for LPM for this host, disabling LPM.
[    2.779996] hub 4-0:1.0: USB hub found
[    2.783795] hub 4-0:1.0: 2 ports detected
[    2.789851] sdhci-tegra 700b0400.sdhci: Got CD GPIO
[    2.794788] sdhci-tegra 700b0400.sdhci: Got WP GPIO
[    2.808143] mmc1: Unknown controller version (3). You may experience problems.
[    2.815523] mmc1: Invalid maximum block size, assuming 512 bytes
[    2.852156] mmc1: SDHCI controller on 700b0400.sdhci [700b0400.sdhci] using ADMA
[    2.859918] tegra-pcie 1003000.pcie: 2x1, 1x1 configuration
[    2.867833] tegra-pcie 1003000.pcie: probing port 0, using 2 lanes
[    2.875682] tegra-pcie 1003000.pcie: Slot present pin change, signature: 00000008
[    2.900513] tegra-pcie 1003000.pcie: probing port 1, using 1 lanes
[    2.902044] ata1: SATA link down (SStatus 0 SControl 300)
[    2.908819] tegra-pcie 1003000.pcie: Slot present pin change, signature: 00000000
[    2.924066] tegra-pcie 1003000.pcie: PCI host bridge to bus 0000:00
[    2.930379] pci_bus 0000:00: root bus resource [io  0x0000-0xffff]
[    2.936611] pci_bus 0000:00: root bus resource [mem 0x13000000-0x1fffffff]
[    2.943562] pci_bus 0000:00: root bus resource [mem 0x20000000-0x3fffffff pref]
[    2.950928] pci_bus 0000:00: root bus resource [bus 00-ff]
[    2.956460] pci 0000:00:01.0: [10de:0e12] type 01 class 0x060400
[    2.962529] pci_bus 0000:00: 2-byte config write to 0000:00:01.0 offset 0x4 may corrupt adjacent RW1C bits
[    2.972250] pci_bus 0000:00: 2-byte config write to 0000:00:01.0 offset 0x4 may corrupt adjacent RW1C bits
[    2.981979] pci 0000:00:01.0: enabling Extended Tags
[    2.986944] pci_bus 0000:00: 2-byte config write to 0000:00:01.0 offset 0x88 may corrupt adjacent RW1C bits
[    2.996754] pci_bus 0000:00: 2-byte config write to 0000:00:01.0 offset 0x52 may corrupt adjacent RW1C bits
[    3.006595] pci 0000:00:01.0: PME# supported from D0 D1 D2 D3hot D3cold
[    3.013268] pci_bus 0000:00: 2-byte config write to 0000:00:01.0 offset 0x4c may corrupt adjacent RW1C bits
[    3.023288] pci 0000:00:02.0: [10de:0e13] type 01 class 0x060400
[    3.029371] pci_bus 0000:00: 2-byte config write to 0000:00:02.0 offset 0x4 may corrupt adjacent RW1C bits
[    3.039165] pci_bus 0000:00: 2-byte config write to 0000:00:02.0 offset 0x4 may corrupt adjacent RW1C bits
[    3.048916] pci 0000:00:02.0: enabling Extended Tags
[    3.053899] pci_bus 0000:00: 2-byte config write to 0000:00:02.0 offset 0x88 may corrupt adjacent RW1C bits
[    3.063770] pci_bus 0000:00: 2-byte config write to 0000:00:02.0 offset 0x52 may corrupt adjacent RW1C bits
[    3.073623] pci 0000:00:02.0: PME# supported from D0 D1 D2 D3hot D3cold
[    3.080298] pci_bus 0000:00: 2-byte config write to 0000:00:02.0 offset 0x4c may corrupt adjacent RW1C bits
[    3.090378] PCI: bus0: Fast back to back transfers disabled
[    3.095994] pci 0000:00:01.0: bridge configuration invalid ([bus 00-00]), reconfiguring
[    3.104086] pci 0000:00:02.0: bridge configuration invalid ([bus 00-00]), reconfiguring
[    3.112379] pci 0000:01:00.0: [8086:4232] type 00 class 0x028000
[    3.118531] pci 0000:01:00.0: reg 0x10: [mem 0x00000000-0x00001fff 64bit]
[    3.125609] pci 0000:01:00.0: PME# supported from D0 D3hot D3cold
[    3.143103] mmc1: new high speed SDHC card at address aaaa
[    3.153919] mmcblk1: mmc1:aaaa SD04G 3.69 GiB 
[    3.158962] PCI: bus1: Fast back to back transfers disabled
[    3.164545] pci_bus 0000:01: busn_res: [bus 01-ff] end is updated to 01
[    3.171665] pci 0000:02:00.0: [10ec:8168] type 00 class 0x020000
[    3.178054] pci 0000:02:00.0: reg 0x10: [io  0x0000-0x00ff]
[    3.183851] pci 0000:02:00.0: reg 0x18: [mem 0x00000000-0x00000fff 64bit]
[    3.190830] pci 0000:02:00.0: reg 0x20: [mem 0x00000000-0x00003fff 64bit pref]
[    3.198362] pci 0000:02:00.0: supports D1 D2
[    3.202886] pci 0000:02:00.0: PME# supported from D0 D1 D2 D3hot D3cold
[    3.213356]  mmcblk1: p1 p2 p3
[    3.239052] PCI: bus2: Fast back to back transfers disabled
[    3.244643] pci_bus 0000:02: busn_res: [bus 02-ff] end is updated to 02
[    3.251370] pci 0000:00:01.0: BAR 8: assigned [mem 0x13000000-0x130fffff]
[    3.258153] pci 0000:00:02.0: BAR 8: assigned [mem 0x13100000-0x131fffff]
[    3.265006] pci 0000:00:02.0: BAR 9: assigned [mem 0x20000000-0x200fffff 64bit pref]
[    3.272810] pci 0000:00:02.0: BAR 7: assigned [io  0x1000-0x1fff]
[    3.278934] pci 0000:01:00.0: BAR 0: assigned [mem 0x13000000-0x13001fff 64bit]
[    3.286277] pci 0000:00:01.0: PCI bridge to [bus 01]
[    3.291294] pci 0000:00:01.0:   bridge window [mem 0x13000000-0x130fffff]
[    3.298095] pci 0000:02:00.0: BAR 4: assigned [mem 0x20000000-0x20003fff 64bit pref]
[    3.305867] pci 0000:02:00.0: BAR 2: assigned [mem 0x13100000-0x13100fff 64bit]
[    3.313205] pci 0000:02:00.0: BAR 0: assigned [io  0x1000-0x10ff]
[    3.319317] pci 0000:00:02.0: PCI bridge to [bus 02]
[    3.324278] pci 0000:00:02.0:   bridge window [io  0x1000-0x1fff]
[    3.330386] pci 0000:00:02.0:   bridge window [mem 0x13100000-0x131fffff]
[    3.337168] pci 0000:00:02.0:   bridge window [mem 0x20000000-0x200fffff 64bit pref]
[    3.344951] pci 0000:00:01.0: nv_msi_ht_cap_quirk didn't locate host bridge
[    3.352070] pcieport 0000:00:01.0: enabling device (0140 -> 0142)
[    3.358479] pcieport 0000:00:01.0: Signaling PME with IRQ 395
[    3.364424] pci 0000:00:02.0: nv_msi_ht_cap_quirk didn't locate host bridge
[    3.371505] pcieport 0000:00:02.0: enabling device (0140 -> 0143)
[    3.377861] pcieport 0000:00:02.0: Signaling PME with IRQ 396
[    3.384015] r8169 Gigabit Ethernet driver 2.3LK-NAPI loaded
[    3.389652] r8169 0000:02:00.0: enabling device (0140 -> 0143)
[    3.420746] r8169 0000:02:00.0 eth0: RTL8168g/8111g at 0x7866ed9a, 00:04:4b:3a:d9:81, XID 0c000800 IRQ 397
[    3.430424] r8169 0000:02:00.0 eth0: jumbo features [frames: 9200 bytes, tx checksumming: ko]
[    3.442626] +1.05V_RUN_AVDD_HDMI_PLL: supplied by +1.05V_RUN
[    3.451874] [drm] Supports vblank timestamp caching Rev 2 (21.10.2013).
[    3.458500] [drm] No driver support for vblank timestamp query.
[    3.596929] tegra-hdmi 54280000.hdmi: cannot set audio to 48000 Hz at 297000000 Hz pixel clock
[    3.761109] Console: switching to colour frame buffer device 512x135
[    3.857173] drm drm: fb0:  frame buffer device
[    3.861837] [drm] Initialized tegra 0.0.0 20120330 for drm on minor 0
[    3.869347] cpufreq: cpufreq_online: CPU0: Running at unlisted freq: 696000 KHz
[    3.876672] cpufreq: cpufreq_online: CPU0: Unlisted initial frequency changed to: 714000 KHz
[    3.885719] input: gpio-keys as /devices/soc0/gpio-keys/input/input2
[    3.893243] as3722-rtc as3722-rtc: setting system clock to 2000-01-01 00:00:44 UTC (946684844)
[    3.902004] cfg80211: Loading compiled-in X.509 certificates for regulatory database
[    3.911568] cfg80211: Loaded X.509 cert 'sforshee: 00b28ddf47aef9cea7'
[    3.918226] platform regulatory.0: Direct firmware load for regulatory.db failed with error -2
[    3.926899] cfg80211: failed to load regulatory.db
[    3.927368] +USB0_VBUS_SW: disabling
[    3.935293] +1.8V_RUN_CAM: disabling
[    3.939113] +2.8V_RUN_CAM: disabling
[    3.942901] +1.2V_RUN_CAM_FRONT: disabling
[    3.947172] +1.05V_RUN_CAM_REAR: disabling
[    3.951532] +3.3V_RUN_TOUCH: disabling
[    3.955528] +2.8V_RUN_CAM_AF: disabling
[    3.959590] +1.8V_RUN_VPP_FUSE: disabling
[    3.963767] ALSA device list:
[    3.966730]   #0: tegra-hda at 0x70038000 irq 346
[    3.971452]   #1: NVIDIA Tegra Jetson TK1
[    3.976392] EXT4-fs (mmcblk0p1): mounting ext3 file system using the ext4 subsystem
[    3.992390] EXT4-fs (mmcblk0p1): recovery complete
[    3.997177] EXT4-fs (mmcblk0p1): mounted filesystem with ordered data mode. Opts: (null)
[    4.005371] VFS: Mounted root (ext3 filesystem) on device 179:1.
[    4.016634] devtmpfs: mounted
[    4.020303] Freeing unused kernel memory: 1024K
bash: cannot set terminal process group (-1): Inappropriate ioctl for device
bash: no job control in this shell
root@(none):/# mount -t sysfs none /sys
root@(none):/# 
root@(none):/# mount -t debugfs none /sys/kernel/debug
root@(none):/# 
root@(none):/# rtcwake -d rtc1 -m mem -s 3
rtcwake: assuming RTC uses UTC ...
rtcwake: wakeup from "mem" using /dev/rtc1 at Thu Jan  1 00:00:21 1970
[    7.299730] PM: suspend entry (deep)
[    7.303309] PM: Syncing filesystems ... done.
[    7.310054] Freezing user space processes ... (elapsed 0.001 seconds) done.
[    7.311242] OOM killer disabled.
[    7.311245] Freezing remaining freezable tasks ... (elapsed 0.001 seconds) done.
[    7.312444] Suspending console(s) (use no_console_suspend to debug)
[    7.639960] Disabling non-boot CPUs ...
[    7.699128] IRQ17 no longer affine to CPU1
[    7.819765] Entering suspend state LP1
[    7.819778] Enabling non-boot CPUs ...
[    7.820687] CPU1 is up
[    7.821508] CPU2 is up
[    7.822394] CPU3 is up
[    7.822975] pcieport 0000:00:01.0: nv_msi_ht_cap_quirk didn't locate host bridge
[    7.823047] pcieport 0000:00:02.0: nv_msi_ht_cap_quirk didn't locate host bridge
[    7.909306] tegra-hdmi 54280000.hdmi: cannot set audio to 48000 Hz at 297000000 Hz pixel clock
[    8.211636] ata1: SATA link down (SStatus 0 SControl 300)
[   10.890781] OOM killer enabled.
[   10.893910] Restarting tasks ... done.
root@(no[   10.968745] PM: suspend exit
ne):/# 
root@(none):/# rtcwake -d rtc1 -m mem -s 3
rtcwake: assuming RTC uses UTC ...
rtcwake: wakeup from "mem" using /dev/rtc1 at Thu Jan  1 00:00:28 1970
[   11.376958] PM: suspend entry (deep)
[   11.380787] PM: Syncing filesystems ... done.
[   11.386407] Freezing user space processes ... (elapsed 0.001 seconds) done.
[   11.387687] OOM killer disabled.
[   11.387690] Freezing remaining freezable tasks ... (elapsed 0.001 seconds) done.
[   11.388984] Suspending console(s) (use no_console_suspend to debug)
[   11.506291] pci_generic_config_write32: 80 callbacks suppressed
[   11.506303] pci_bus 0000:00: 2-byte config write to 0000:00:02.0 offset 0x9c may corrupt adjacent RW1C bits
[   11.506342] pci_bus 0000:00: 2-byte config write to 0000:00:01.0 offset 0x9c may corrupt adjacent RW1C bits
[   11.750061] Disabling non-boot CPUs ...
[   11.910035] Entering suspend state LP1
[   11.910063] Enabling non-boot CPUs ...
[   11.911008] CPU1 is up
[   11.911859] CPU2 is up
[   11.912771] CPU3 is up
[   11.913408] pci_bus 0000:00: 2-byte config write to 0000:00:01.0 offset 0x4c may corrupt adjacent RW1C bits
[   11.913417] pci_bus 0000:00: 2-byte config write to 0000:00:02.0 offset 0x4c may corrupt adjacent RW1C bits
[   11.913429] pci_bus 0000:00: 2-byte config write to 0000:00:01.0 offset 0x88 may corrupt adjacent RW1C bits
[   11.913436] pci_bus 0000:00: 2-byte config write to 0000:00:02.0 offset 0x88 may corrupt adjacent RW1C bits
[   11.913443] pci_bus 0000:00: 2-byte config write to 0000:00:01.0 offset 0x90 may corrupt adjacent RW1C bits
[   11.913449] pci_bus 0000:00: 2-byte config write to 0000:00:02.0 offset 0x90 may corrupt adjacent RW1C bits
[   11.913455] pci_bus 0000:00: 2-byte config write to 0000:00:01.0 offset 0x98 may corrupt adjacent RW1C bits
[   11.913461] pci_bus 0000:00: 2-byte config write to 0000:00:02.0 offset 0x98 may corrupt adjacent RW1C bits
[   11.913570] pcieport 0000:00:01.0: nv_msi_ht_cap_quirk didn't locate host bridge
[   11.913572] pcieport 0000:00:02.0: nv_msi_ht_cap_quirk didn't locate host bridge
[   11.989226] tegra-hdmi 54280000.hdmi: cannot set audio to 48000 Hz at 297000000 Hz pixel clock
[   12.291541] ata1: SATA link down (SStatus 0 SControl 300)
[   15.060017] OOM killer enabled.
[   15.063146] Restarting tasks ... done.
root@(none):/# 
root@(none):/# [   15.067418] PM: suspend exit
rtcwake -d rtc1 -m mem -s 3
rtcwake: assuming RTC uses UTC ...
rtcwake: wakeup from "mem" using /dev/rtc1 at Thu Jan  1 00:00:35 1970
[   15.463835] PM: suspend entry (deep)
[   15.467429] PM: Syncing filesystems ... done.
[   15.472937] Freezing user space processes ... (elapsed 0.001 seconds) done.
[   15.474159] OOM killer disabled.
[   15.474161] Freezing remaining freezable tasks ... (elapsed 0.001 seconds) done.
[   15.475413] Suspending console(s) (use no_console_suspend to debug)
[   15.829662] Disabling non-boot CPUs ...
[   15.979006] IRQ17 no longer affine to CPU3
[   15.979777] Entering suspend state LP1
[   15.979789] Enabling non-boot CPUs ...
[   15.980753] CPU1 is up
[   15.981606] CPU2 is up
[   15.982529] CPU3 is up
[   15.983245] pcieport 0000:00:01.0: nv_msi_ht_cap_quirk didn't locate host bridge
[   15.983247] pcieport 0000:00:02.0: nv_msi_ht_cap_quirk didn't locate host bridge
[   16.059251] tegra-hdmi 54280000.hdmi: cannot set audio to 48000 Hz at 297000000 Hz pixel clock
[   16.361721] ata1: SATA link down (SStatus 0 SControl 300)
[   19.030743] OOM killer enabled.
[   19.033875] Restarting tasks ... done.
root@(none):/# 
root@(none):/# [   19.038431] PM: suspend exit
rtcwake -d rtc1 -m mem -s 3
rtcwake: assuming RTC uses UTC ...
rtcwake: wakeup from "mem" using /dev/rtc1 at Thu Jan  1 00:00:42 1970
[   19.533465] PM: suspend entry (deep)
[   19.537059] PM: Syncing filesystems ... done.
[   19.542399] Freezing user space processes ... (elapsed 0.001 seconds) done.
[   19.543607] OOM killer disabled.
[   19.543609] Freezing remaining freezable tasks ... (elapsed 0.001 seconds) done.
[   19.544862] Suspending console(s) (use no_console_suspend to debug)
[   19.656831] pci_generic_config_write32: 46 callbacks suppressed
[   19.656840] pci_bus 0000:00: 2-byte config write to 0000:00:01.0 offset 0x9c may corrupt adjacent RW1C bits
[   19.656886] pci_bus 0000:00: 2-byte config write to 0000:00:02.0 offset 0x9c may corrupt adjacent RW1C bits
[   19.899746] Disabling non-boot CPUs ...
[   19.989012] IRQ17 no longer affine to CPU2
[   20.049804] Entering suspend state LP1
[   20.049832] Enabling non-boot CPUs ...
[   20.050807] CPU1 is up
[   20.051669] CPU2 is up
[   20.052602] CPU3 is up
[   20.053200] pci_bus 0000:00: 2-byte config write to 0000:00:01.0 offset 0x4c may corrupt adjacent RW1C bits
[   20.053211] pci_bus 0000:00: 2-byte config write to 0000:00:02.0 offset 0x4c may corrupt adjacent RW1C bits
[   20.053222] pci_bus 0000:00: 2-byte config write to 0000:00:01.0 offset 0x88 may corrupt adjacent RW1C bits
[   20.053229] pci_bus 0000:00: 2-byte config write to 0000:00:01.0 offset 0x90 may corrupt adjacent RW1C bits
[   20.053236] pci_bus 0000:00: 2-byte config write to 0000:00:02.0 offset 0x88 may corrupt adjacent RW1C bits
[   20.053242] pci_bus 0000:00: 2-byte config write to 0000:00:01.0 offset 0x98 may corrupt adjacent RW1C bits
[   20.053249] pci_bus 0000:00: 2-byte config write to 0000:00:02.0 offset 0x90 may corrupt adjacent RW1C bits
[   20.053255] pci_bus 0000:00: 2-byte config write to 0000:00:01.0 offset 0x9c may corrupt adjacent RW1C bits
[   20.053363] pcieport 0000:00:01.0: nv_msi_ht_cap_quirk didn't locate host bridge
[   20.053365] pcieport 0000:00:02.0: nv_msi_ht_cap_quirk didn't locate host bridge
[   20.129235] tegra-hdmi 54280000.hdmi: cannot set audio to 48000 Hz at 297000000 Hz pixel clock
[   20.431561] ata1: SATA link down (SStatus 0 SControl 300)
[   23.214084] OOM killer enabled.
[   23.217213] Restarting tasks ... done.
root@(none):/# 
root@(none):/# [   23.221827] PM: suspend exit
rtcwake -d rtc1 -m mem -s 3
rtcwake: assuming RTC uses UTC ...
rtcwake: wakeup from "mem" using /dev/rtc1 at Thu Jan  1 00:00:49 1970
[   23.614118] PM: suspend entry (deep)
[   23.617703] PM: Syncing filesystems ... done.
[   23.623872] Freezing user space processes ... (elapsed 0.001 seconds) done.
[   23.625355] OOM killer disabled.
[   23.625361] Freezing remaining freezable tasks ... (elapsed 0.001 seconds) done.
[   23.626884] Suspending console(s) (use no_console_suspend to debug)
[   24.049388] Disabling non-boot CPUs ...
[   24.088915] IRQ17 no longer affine to CPU1
[   24.199443] Entering suspend state LP1
[   24.199467] Enabling non-boot CPUs ...
[   24.200244] CPU1 is up
[   24.200900] CPU2 is up
[   24.201607] CPU3 is up
[   24.202161] pcieport 0000:00:01.0: nv_msi_ht_cap_quirk didn't locate host bridge
[   24.202177] pcieport 0000:00:02.0: nv_msi_ht_cap_quirk didn't locate host bridge
[   24.279153] tegra-hdmi 54280000.hdmi: cannot set audio to 48000 Hz at 297000000 Hz pixel clock
[   24.571350] ata1: SATA link down (SStatus 0 SControl 300)
[   27.250560] OOM killer enabled.
[   27.253691] Restarting tasks ... done.
root@(none):/# 
root@(none):/# [   27.258238] PM: suspend exit
rtcwake -d rtc1 -m mem -s 3
rtcwake: assuming RTC uses UTC ...
rtcwake: wakeup from "mem" using /dev/rtc1 at Thu Jan  1 00:00:56 1970
[   27.753050] PM: suspend entry (deep)
[   27.756648] PM: Syncing filesystems ... done.
[   27.762546] Freezing user space processes ... (elapsed 0.001 seconds) done.
[   27.763839] OOM killer disabled.
[   27.763842] Freezing remaining freezable tasks ... (elapsed 0.001 seconds) done.
[   27.765151] Suspending console(s) (use no_console_suspend to debug)
[   27.876080] pci_generic_config_write32: 46 callbacks suppressed
[   27.876090] pci_bus 0000:00: 2-byte config write to 0000:00:02.0 offset 0x9c may corrupt adjacent RW1C bits
[   27.876106] pci_bus 0000:00: 2-byte config write to 0000:00:01.0 offset 0x9c may corrupt adjacent RW1C bits
[   28.120074] Disabling non-boot CPUs ...
[   28.159071] IRQ17 no longer affine to CPU1
[   28.279983] Entering suspend state LP1
[   28.280010] Enabling non-boot CPUs ...
[   28.280974] CPU1 is up
[   28.281826] CPU2 is up
[   28.282750] CPU3 is up
[   28.283361] pci_bus 0000:00: 2-byte config write to 0000:00:01.0 offset 0x4c may corrupt adjacent RW1C bits
[   28.283372] pci_bus 0000:00: 2-byte config write to 0000:00:01.0 offset 0x88 may corrupt adjacent RW1C bits
[   28.283378] pci_bus 0000:00: 2-byte config write to 0000:00:01.0 offset 0x90 may corrupt adjacent RW1C bits
[   28.283384] pci_bus 0000:00: 2-byte config write to 0000:00:01.0 offset 0x98 may corrupt adjacent RW1C bits
[   28.283390] pci_bus 0000:00: 2-byte config write to 0000:00:01.0 offset 0x9c may corrupt adjacent RW1C bits
[   28.283395] pci_bus 0000:00: 2-byte config write to 0000:00:01.0 offset 0xa8 may corrupt adjacent RW1C bits
[   28.283401] pci_bus 0000:00: 2-byte config write to 0000:00:01.0 offset 0xb0 may corrupt adjacent RW1C bits
[   28.283430] pci_bus 0000:00: 2-byte config write to 0000:00:01.0 offset 0x52 may corrupt adjacent RW1C bits
[   28.283462] pcieport 0000:00:01.0: nv_msi_ht_cap_quirk didn't locate host bridge
[   28.283640] pcieport 0000:00:02.0: nv_msi_ht_cap_quirk didn't locate host bridge
[   28.359184] tegra-hdmi 54280000.hdmi: cannot set audio to 48000 Hz at 297000000 Hz pixel clock
[   28.651627] ata1: SATA link down (SStatus 0 SControl 300)
[   31.433797] OOM killer enabled.
[   31.436926] Restarting tasks ... done.
root@(none):/# 
root@(none):/# [   31.441436] PM: suspend exit
rtcwake -d rtc1 -m mem -s 3
rtcwake: assuming RTC uses UTC ...
rtcwake: wakeup from "mem" using /dev/rtc1 at Thu Jan  1 00:01:03 1970
[   31.828840] PM: suspend entry (deep)
[   31.832433] PM: Syncing filesystems ... done.
[   31.839127] Freezing user space processes ... (elapsed 0.001 seconds) done.
[   31.840374] OOM killer disabled.
[   31.840377] Freezing remaining freezable tasks ... (elapsed 0.001 seconds) done.
[   31.841637] Suspending console(s) (use no_console_suspend to debug)
[   32.199887] Disabling non-boot CPUs ...
[   32.238965] IRQ17 no longer affine to CPU1
[   32.359648] Entering suspend state LP1
[   32.359676] Enabling non-boot CPUs ...
[   32.360643] CPU1 is up
[   32.361492] CPU2 is up
[   32.362414] CPU3 is up
[   32.363109] pcieport 0000:00:01.0: nv_msi_ht_cap_quirk didn't locate host bridge
[   32.363111] pcieport 0000:00:02.0: nv_msi_ht_cap_quirk didn't locate host bridge
[   32.449116] tegra-hdmi 54280000.hdmi: cannot set audio to 48000 Hz at 297000000 Hz pixel clock
[   32.751571] ata1: SATA link down (SStatus 0 SControl 300)
[   35.420669] OOM killer enabled.
[   35.423800] Restarting tasks ... done.
root@(none):/# 
root@(none):/# [   35.428134] PM: suspend exit
rtcwake -d rtc1 -m mem -s 3
rtcwake: assuming RTC uses UTC ...
rtcwake: wakeup from "mem" using /dev/rtc1 at Thu Jan  1 00:01:10 1970
[   35.913663] PM: suspend entry (deep)
[   35.917259] PM: Syncing filesystems ... done.
[   35.923085] Freezing user space processes ... (elapsed 0.001 seconds) done.
[   35.924323] OOM killer disabled.
[   35.924327] Freezing remaining freezable tasks ... (elapsed 0.001 seconds) done.
[   35.925656] Suspending console(s) (use no_console_suspend to debug)
[   36.046500] pci_generic_config_write32: 46 callbacks suppressed
[   36.046507] pci_bus 0000:00: 2-byte config write to 0000:00:02.0 offset 0x9c may corrupt adjacent RW1C bits
[   36.046538] pci_bus 0000:00: 2-byte config write to 0000:00:01.0 offset 0x9c may corrupt adjacent RW1C bits
[   36.289377] Disabling non-boot CPUs ...
[   36.449397] Entering suspend state LP1
[   36.449422] Enabling non-boot CPUs ...
[   36.450238] CPU1 is up
[   36.450940] CPU2 is up
[   36.451696] CPU3 is up
[   36.452188] pci_bus 0000:00: 2-byte config write to 0000:00:01.0 offset 0x4c may corrupt adjacent RW1C bits
[   36.452198] pci_bus 0000:00: 2-byte config write to 0000:00:02.0 offset 0x4c may corrupt adjacent RW1C bits
[   36.452208] pci_bus 0000:00: 2-byte config write to 0000:00:01.0 offset 0x88 may corrupt adjacent RW1C bits
[   36.452214] pci_bus 0000:00: 2-byte config write to 0000:00:01.0 offset 0x90 may corrupt adjacent RW1C bits
[   36.452219] pci_bus 0000:00: 2-byte config write to 0000:00:02.0 offset 0x88 may corrupt adjacent RW1C bits
[   36.452224] pci_bus 0000:00: 2-byte config write to 0000:00:01.0 offset 0x98 may corrupt adjacent RW1C bits
[   36.452230] pci_bus 0000:00: 2-byte config write to 0000:00:02.0 offset 0x90 may corrupt adjacent RW1C bits
[   36.452235] pci_bus 0000:00: 2-byte config write to 0000:00:01.0 offset 0x9c may corrupt adjacent RW1C bits
[   36.452335] pcieport 0000:00:01.0: nv_msi_ht_cap_quirk didn't locate host bridge
[   36.452336] pcieport 0000:00:02.0: nv_msi_ht_cap_quirk didn't locate host bridge
[   36.549161] tegra-hdmi 54280000.hdmi: cannot set audio to 48000 Hz at 297000000 Hz pixel clock
[   36.831439] ata1: SATA link down (SStatus 0 SControl 300)
[   39.609699] OOM killer enabled.
[   39.612828] Restarting tasks ... done.
root@(none):/# 
root@(none):/# rtcwake -d rtc1 -m mem -s 3
[   39.617260] PM: suspend exit
rtcwake: assuming RTC uses UTC ...
rtcwake: wakeup from "mem" using /dev/rtc1 at Thu Jan  1 00:01:17 1970
[   40.018789] PM: suspend entry (deep)
[   40.022384] PM: Syncing filesystems ... done.
[   40.028354] Freezing user space processes ... (elapsed 0.001 seconds) done.
[   40.029726] OOM killer disabled.
[   40.029731] Freezing remaining freezable tasks ... (elapsed 0.001 seconds) done.
[   40.031121] Suspending console(s) (use no_console_suspend to debug)
[   40.430663] Disabling non-boot CPUs ...
[   40.469159] IRQ17 no longer affine to CPU1
[   40.590159] Entering suspend state LP1
[   40.590187] Enabling non-boot CPUs ...
[   40.591152] CPU1 is up
[   40.591998] CPU2 is up
[   40.592924] CPU3 is up
[   40.593541] pcieport 0000:00:02.0: nv_msi_ht_cap_quirk didn't locate host bridge
[   40.593604] pcieport 0000:00:01.0: nv_msi_ht_cap_quirk didn't locate host bridge
[   40.669107] tegra-hdmi 54280000.hdmi: cannot set audio to 48000 Hz at 297000000 Hz pixel clock
[   40.971441] ata1: SATA link down (SStatus 0 SControl 300)
[   43.650608] OOM killer enabled.
[   43.653736] Restarting tasks ... done.
root@(none):/# 
root@(none):/# [   43.658089] PM: suspend exit
rtcwake -d rtc1 -m mem -s 3
rtcwake: assuming RTC uses UTC ...
rtcwake: wakeup from "mem" using /dev/rtc1 at Thu Jan  1 00:01:24 1970
[   44.152984] PM: suspend entry (deep)
[   44.156579] PM: Syncing filesystems ... done.
[   44.162025] Freezing user space processes ... (elapsed 0.001 seconds) done.
[   44.163244] OOM killer disabled.
[   44.163246] Freezing remaining freezable tasks ... (elapsed 0.001 seconds) done.
[   44.164521] Suspending console(s) (use no_console_suspend to debug)
[   44.266744] pci_generic_config_write32: 46 callbacks suppressed
[   44.266756] pci_bus 0000:00: 2-byte config write to 0000:00:02.0 offset 0x9c may corrupt adjacent RW1C bits
[   44.266791] pci_bus 0000:00: 2-byte config write to 0000:00:01.0 offset 0x9c may corrupt adjacent RW1C bits
[   44.509699] Disabling non-boot CPUs ...
[   44.548911] IRQ17 no longer affine to CPU1
[   44.659636] Entering suspend state LP1
[   44.659649] Enabling non-boot CPUs ...
[   44.660618] CPU1 is up
[   44.661466] CPU2 is up
[   44.662387] CPU3 is up
[   44.662947] pci_bus 0000:00: 2-byte config write to 0000:00:02.0 offset 0x4c may corrupt adjacent RW1C bits
[   44.662959] pci_bus 0000:00: 2-byte config write to 0000:00:02.0 offset 0x88 may corrupt adjacent RW1C bits
[   44.662965] pci_bus 0000:00: 2-byte config write to 0000:00:02.0 offset 0x90 may corrupt adjacent RW1C bits
[   44.662972] pci_bus 0000:00: 2-byte config write to 0000:00:02.0 offset 0x98 may corrupt adjacent RW1C bits
[   44.662981] pci_bus 0000:00: 2-byte config write to 0000:00:01.0 offset 0x4c may corrupt adjacent RW1C bits
[   44.662987] pci_bus 0000:00: 2-byte config write to 0000:00:02.0 offset 0x9c may corrupt adjacent RW1C bits
[   44.662994] pci_bus 0000:00: 2-byte config write to 0000:00:02.0 offset 0xa8 may corrupt adjacent RW1C bits
[   44.663000] pci_bus 0000:00: 2-byte config write to 0000:00:02.0 offset 0xb0 may corrupt adjacent RW1C bits
[   44.663106] pcieport 0000:00:02.0: nv_msi_ht_cap_quirk didn't locate host bridge
[   44.663108] pcieport 0000:00:01.0: nv_msi_ht_cap_quirk didn't locate host bridge
[   44.739106] tegra-hdmi 54280000.hdmi: cannot set audio to 48000 Hz at 297000000 Hz pixel clock
[   45.041544] ata1: SATA link down (SStatus 0 SControl 300)
[   47.813756] OOM killer enabled.
[   47.816885] Restarting tasks ... done.
root@(none):/# 
root@(none):/# [   47.821417] PM: suspend exit
NVTB SYSTEM SUSPEND TEST COMPLETE
