

U-Boot 2015.04-00466-gedec83e90172 (Mar 14 2016 - 10:42:01)

TEGRA124
Model: Acer Chromebook 13 CB5-311
DRAM:  4 GiB
:   Tegra SD/MMC: 0, Tegra SD/MMC: 1, Tegra SD/MMC: 2
MMC init failed
Using default environment

In:    serial
Out:   serial
Err:   serial
Net:   Net Initialization Skipped
No ethernet found.
Hit any key to stop autoboot:  2  1  0 
Tegra124 (Nyan-big) # 
Tegra124 (Nyan-big) # usb start
starting USB...
USB0:   USB EHCI 1.10
scanning bus 0 for devices... 2 USB Device(s) found
USB1:   USB EHCI 1.10
scanning bus 1 for devices... 2 USB Device(s) found
       scanning usb for storage devices... 1 Storage Device(s) found
       scanning usb for ethernet devices... 
Warning: asx0 using MAC address from net device
1 Ethernet Device(s) found
Tegra124 (Nyan-big) # mw 0x7000e4a0 0x00080000
Tegra124 (Nyan-big) # setenv bootargs 'ignore_loglevel console=ttyS0,115200n8 rw root=PARTUUID=4d36e82a-b3c0-4b4b-bfcd-afe5217ac023 rootwait gpt debug noinitrd earlyprintk init=/bin/bash'
Tegra124 (Nyan-big) # setenv ipaddr 192.168.100.102; setenv serverip 192.168.100.1; setenv tftpserverip 192.168.100.1
Tegra124 (Nyan-big) # tftpboot 0x82000000 zImage.tegra_defconfig
Using asx0 device
TFTP from server 192.168.100.1; our IP address is 192.168.100.102
Filename 'zImage.tegra_defconfig'.
Load address: 0x82000000
Loading: *#################################################################
	 #################################################################
	 #################################################################
	 #################################################################
	 #################################################################
	 ###################################################
	 3.6 MiB/s
done
Bytes transferred = 5514760 (542608 hex)
Tegra124 (Nyan-big) # tftpboot 0x83000000 tegra124-nyan-big.dtb
Using asx0 device
TFTP from server 192.168.100.1; our IP address is 192.168.100.102
Filename 'tegra124-nyan-big.dtb'.
Load address: 0x83000000
Loading: *#####
	 3.2 MiB/s
done
Bytes transferred = 67943 (10967 hex)
Tegra124 (Nyan-big) # bootz 0x82000000 - 0x83000000
Kernel image @ 0x82000000 [ 0x000000 - 0x542608 ]
## Flattened Device Tree blob at 83000000
   Booting using the fdt blob at 0x83000000
   Using Device Tree in place at 83000000, end 83013966

Starting kernel ...

Uncompressing Linux... done, booting the kernel.
[    0.000000] Booting Linux on physical CPU 0x0
[    0.000000] Linux version 4.10.0-rc3-next-20170110-144577-g7a399e4 (pwalmsley@kaivo) (gcc version 4.7.3 20130328 (prerelease) (crosstool-NG linaro-1.13.1-4.7-2013.04-20130415 - Linaro GCC 2013.04) ) #1 SMP PREEMPT Mon Jan 9 20:05:41 PST 2017
[    0.000000] CPU: ARMv7 Processor [413fc0f3] revision 3 (ARMv7), cr=10c5387d
[    0.000000] CPU: div instructions available: patching division code
[    0.000000] CPU: PIPT / VIPT nonaliasing data cache, PIPT instruction cache
[    0.000000] OF: fdt:Machine model: Acer Chromebook 13 CB5-311
[    0.000000] OF: fdt:Ignoring memory range 0x100000000 - 0x17ffff000
[    0.000000] debug: ignoring loglevel setting.
[    0.000000] bootconsole [earlycon0] enabled
[    0.000000] cma: Reserved 64 MiB at 0xfbc00000
[    0.000000] Memory policy: Data cache writealloc
[    0.000000] On node 0 totalpages: 524287
[    0.000000] free_area_init_node: node 0, pgdat c0d5f400, node_mem_map eeff7000
[    0.000000]   Normal zone: 1536 pages used for memmap
[    0.000000]   Normal zone: 0 pages reserved
[    0.000000]   Normal zone: 196608 pages, LIFO batch:31
[    0.000000]   HighMem zone: 327679 pages, LIFO batch:31
[    0.000000] percpu: Embedded 16 pages/cpu @eef84000 s34432 r8192 d22912 u65536
[    0.000000] pcpu-alloc: s34432 r8192 d22912 u65536 alloc=16*4096
[    0.000000] pcpu-alloc: [0] 0 [0] 1 [0] 2 [0] 3 
[    0.000000] Built 1 zonelists in Zone order, mobility grouping on.  Total pages: 522751
[    0.000000] Kernel command line: ignore_loglevel console=ttyS0,115200n8 rw root=PARTUUID=4d36e82a-b3c0-4b4b-bfcd-afe5217ac023 rootwait gpt debug noinitrd earlyprintk init=/bin/bash
[    0.000000] PID hash table entries: 4096 (order: 2, 16384 bytes)
[    0.000000] Dentry cache hash table entries: 131072 (order: 7, 524288 bytes)
[    0.000000] Inode-cache hash table entries: 65536 (order: 6, 262144 bytes)
[    0.000000] Memory: 2000820K/2097148K available (8192K kernel code, 386K rwdata, 2476K rodata, 1024K init, 368K bss, 30792K reserved, 65536K cma-reserved, 1245180K highmem)
[    0.000000] Virtual kernel memory layout:
[    0.000000]     vector  : 0xffff0000 - 0xffff1000   (   4 kB)
[    0.000000]     fixmap  : 0xffc00000 - 0xfff00000   (3072 kB)
[    0.000000]     vmalloc : 0xf0800000 - 0xff800000   ( 240 MB)
[    0.000000]     lowmem  : 0xc0000000 - 0xf0000000   ( 768 MB)
[    0.000000]     pkmap   : 0xbfe00000 - 0xc0000000   (   2 MB)
[    0.000000]     modules : 0xbf000000 - 0xbfe00000   (  14 MB)
[    0.000000]       .text : 0xc0008000 - 0xc0900000   (9184 kB)
[    0.000000]       .init : 0xc0c00000 - 0xc0d00000   (1024 kB)
[    0.000000]       .data : 0xc0d00000 - 0xc0d60ac0   ( 387 kB)
[    0.000000]        .bss : 0xc0d62000 - 0xc0dbe240   ( 369 kB)
[    0.000000] Preemptible hierarchical RCU implementation.
[    0.000000] 	Build-time adjustment of leaf fanout to 32.
[    0.000000] NR_IRQS:16 nr_irqs:16 16
[    0.000000] /interrupt-controller@60004000: 160 interrupts forwarded to /interrupt-controller@50041000
[    0.000000] Tegra clk 127: register failed with -17
[    0.000003] sched_clock: 32 bits at 1000kHz, resolution 1000ns, wraps every 2147483647500ns
[    0.008123] clocksource: timer_us: mask: 0xffffffff max_cycles: 0xffffffff, max_idle_ns: 1911260446275 ns
[    0.017738] Switching to timer-based delay loop, resolution 1000ns
[    0.024416] arm_arch_timer: Architected cp15 timer(s) running at 12.00MHz (virt).
[    0.031519] clocksource: arch_sys_counter: mask: 0xffffffffffffff max_cycles: 0x2c47f4ee7, max_idle_ns: 440795202497 ns
[    0.042352] sched_clock: 56 bits at 12MHz, resolution 83ns, wraps every 4398046511096ns
[    0.050410] Switching to timer-based delay loop, resolution 83ns
[    0.056659] Console: colour dummy device 80x30
[    0.060989] Calibrating delay loop (skipped), value calculated using timer frequency.. 24.00 BogoMIPS (lpj=120000)
[    0.071388] pid_max: default: 32768 minimum: 301
[    0.076244] Mount-cache hash table entries: 2048 (order: 1, 8192 bytes)
[    0.082742] Mountpoint-cache hash table entries: 2048 (order: 1, 8192 bytes)
[    0.090152] CPU: Testing write buffer coherency: ok
[    0.094920] /cpus/cpu@0 missing clock-frequency property
[    0.100167] /cpus/cpu@1 missing clock-frequency property
[    0.105549] /cpus/cpu@2 missing clock-frequency property
[    0.110913] /cpus/cpu@3 missing clock-frequency property
[    0.116282] CPU0: thread -1, cpu 0, socket 0, mpidr 80000000
[    0.146309] Setting up static identity map for 0x80100000 - 0x80100098
[    0.176508] Tegra Revision: A01 SKU: 131 CPU Process: 1 SoC Process: 1
[    0.181511] smp: Bringing up secondary CPUs ...
[    0.226554] CPU1: thread -1, cpu 1, socket 0, mpidr 80000001
[    0.306584] CPU2: thread -1, cpu 2, socket 0, mpidr 80000002
[    0.386625] CPU3: thread -1, cpu 3, socket 0, mpidr 80000003
[    0.396436] smp: Brought up 1 node, 4 CPUs
[    0.415859] SMP: Total of 4 processors activated (96.00 BogoMIPS).
[    0.422102] CPU: All CPU(s) started in SVC mode.
[    0.427465] devtmpfs: initialized
[    0.438140] VFP support v0.3: implementor 41 architecture 4 part 30 variant f rev 0
[    0.444089] clocksource: jiffies: mask: 0xffffffff max_cycles: 0xffffffff, max_idle_ns: 19112604462750000 ns
[    0.454325] pinctrl core: initialized pinctrl subsystem
[    0.459624] NET: Registered protocol family 16
[    0.464079] DMA: preallocated 256 KiB pool for atomic coherent allocations
[    0.471199] cpuidle: using governor menu
[    0.483485] No ATAGs?
[    0.483546] hw-breakpoint: found 5 (+1 reserved) breakpoint and 4 watchpoint registers.
[    0.492061] hw-breakpoint: maximum watchpoint size is 8 bytes.
[    0.498878] tegra-mc 70019000.memory-controller: no memory timings for RAM code 0 registered
[    0.512581] +5V_SYS: supplied by +VDD_MUX
[    0.514882] +3.3V_SYS: supplied by +VDD_MUX
[    0.519280] +VDD_LED: Failed to request enable GPIO122: -517
[    0.524727] reg-fixed-voltage regulators:regulator@5: Failed to register regulator: -517
[    0.532915] +5V_VDD_TS_SW: Failed to request enable GPIO81: -517
[    0.538940] reg-fixed-voltage regulators:regulator@6: Failed to register regulator: -517
[    0.547125] +5V_USB_HS: Failed to request enable GPIO108: -517
[    0.552980] reg-fixed-voltage regulators:regulator@7: Failed to register regulator: -517
[    0.561164] +5V_USB_SS: Failed to request enable GPIO109: -517
[    0.567020] reg-fixed-voltage regulators:regulator@8: Failed to register regulator: -517
[    0.575261] +1.05V_RUN_AVDD_HDMI_PLL: Failed to request enable GPIO63: -517
[    0.582186] reg-fixed-voltage regulators:regulator@11: Failed to register regulator: -517
[    0.590457] +5V_HDMI_CON: Failed to request enable GPIO86: -517
[    0.596400] reg-fixed-voltage regulators:regulator@12: Failed to register regulator: -517
[    0.605108] vgaarb: loaded
[    0.607675] SCSI subsystem initialized
[    0.611308] libata version 3.00 loaded.
[    0.615248] usbcore: registered new interface driver usbfs
[    0.620697] usbcore: registered new interface driver hub
[    0.626080] usbcore: registered new device driver usb
[    0.632346] Linux video capture interface: v2.00
[    0.635859] pps_core: LinuxPPS API ver. 1 registered
[    0.640866] pps_core: Software ver. 5.3.6 - Copyright 2005-2007 Rodolfo Giometti <giometti@linux.it>
[    0.650058] PTP clock support registered
[    0.654187] tegra-emc 7001b000.emc: no memory timings for RAM code 0 found in DT
[    0.661491] tegra-emc: probe of 7001b000.emc failed with error -2
[    0.667757] Advanced Linux Sound Architecture Driver Initialized.
[    0.674083] Bluetooth: Core ver 2.22
[    0.677452] NET: Registered protocol family 31
[    0.681947] Bluetooth: HCI device and connection manager initialized
[    0.688354] Bluetooth: HCI socket layer initialized
[    0.693299] Bluetooth: L2CAP socket layer initialized
[    0.698421] Bluetooth: SCO socket layer initialized
[    0.703829] clocksource: Switched to clocksource arch_sys_counter
[    0.714603] NET: Registered protocol family 2
[    0.717553] TCP established hash table entries: 8192 (order: 3, 32768 bytes)
[    0.724278] TCP bind hash table entries: 8192 (order: 4, 65536 bytes)
[    0.730793] TCP: Hash tables configured (established 8192 bind 8192)
[    0.737325] UDP hash table entries: 512 (order: 2, 16384 bytes)
[    0.743140] UDP-Lite hash table entries: 512 (order: 2, 16384 bytes)
[    0.749665] NET: Registered protocol family 1
[    0.754227] RPC: Registered named UNIX socket transport module.
[    0.759941] RPC: Registered udp transport module.
[    0.764718] RPC: Registered tcp transport module.
[    0.769473] RPC: Registered tcp NFSv4.1 backchannel transport module.
[    0.775982] PCI: CLS 0 bytes, default 64
[    0.780716] hw perfevents: enabled with armv7_cortex_a15 PMU driver, 7 counters available
[    0.788759] futex hash table entries: 1024 (order: 4, 65536 bytes)
[    0.794818] workingset: timestamp_bits=30 max_order=19 bucket_order=0
[    0.801488] squashfs: version 4.0 (2009/01/31) Phillip Lougher
[    0.807128] NFS: Registering the id_resolver key type
[    0.811952] Key type id_resolver registered
[    0.816209] Key type id_legacy registered
[    0.821885] bounce: pool size: 64 pages
[    0.824185] io scheduler noop registered (default)
[    0.829732] tegra-xusb-padctl 7009f000.padctl: failed to setup XUSB ports: -517
[    0.842365] tegra-apbdma 60020000.dma: Tegra20 APB DMA driver register 32 channels
[    0.848392] tegra-pmc 7000e400.pmc: i2c-thermtrip node not found, emergency thermal reset disabled.
[    0.857419] Serial: 8250/16550 driver, 4 ports, IRQ sharing disabled
[    0.864350] console [ttyS0] disabled
[    0.867267] 70006000.serial: ttyS0 at MMIO 0x70006000 (irq = 333, base_baud = 25500000) is a Tegra
[    0.876299] console [ttyS0] enabled
[    0.876299] console [ttyS0] enabled
[    0.882594] bootconsole [earlycon0] disabled
[    0.882594] bootconsole [earlycon0] disabled
[    0.892340] tegra-hdmi 54280000.hdmi: failed to get HDMI regulator
[    0.900322] tegra-dpaux 545c0000.dpaux: failed to get VDD supply: -517
[    0.907630] panel supply power not found, using dummy regulator
[    0.916526] loop: module loaded
[    0.920216] as3722 4-0040: AS3722 with revision 0x1 found
[    0.927203] gpio gpiochip1: (as3722-gpio): could not create pin range
[    0.933649] as3722-pinctrl as3722-pinctrl: Couldn't add pin range, -517
[    0.943307] as3722-sd2: supplied by +5V_SYS
[    0.947758] as3722-sd3: supplied by +5V_SYS
[    0.952094] +1.35V_LP0(sd3): Bringing 0uV into 1350000-1350000uV
[    0.958298] as3722-sd4: supplied by +5V_SYS
[    0.962630] +1.05V_RUN: Bringing 0uV into 1050000-1050000uV
[    0.968399] as3722-sd5: supplied by +5V_SYS
[    0.973935] as3722-ldo0: supplied by +1.35V_LP0(sd2)
[    0.979673] +1.8V_RUN_CAM: Bringing 0uV into 1800000-1800000uV
[    0.985715] as3722-ldo2: supplied by +1.8V_VDDIO
[    0.991356] as3722-ldo3: supplied by +3.3V_SYS
[    0.995818] +1.00V_LP0_VDD_RTC: Bringing 1100000uV into 1000000-1000000uV
[    1.003404] as3722-ldo4: supplied by +3.3V_SYS
[    1.008011] +3.3V_RUN_CAM: Bringing 0uV into 2800000-2800000uV
[    1.014046] as3722-ldo5: supplied by +1.8V_VDDIO
[    1.018820] +1.2V_RUN_CAM_FRONT: Bringing 0uV into 1200000-1200000uV
[    1.025532] +VDDIO_SDMMC3: Bringing 0uV into 1800000-1800000uV
[    1.031578] as3722-ldo7: supplied by +1.8V_VDDIO
[    1.036358] +1.05V_RUN_CAM_REAR: Bringing 0uV into 1050000-1050000uV
[    1.042919] as3722-ldo9: supplied by +5V_SYS
[    1.047499] +2.8V_RUN_TOUCH: Bringing 0uV into 2800000-2800000uV
[    1.053716] as3722-ldo10: supplied by +5V_SYS
[    1.058239] +2.8V_RUN_CAM_AF: Bringing 0uV into 2800000-2800000uV
[    1.064700] +1.8V_RUN_VPP_FUSE: Bringing 0uV into 1800000-1800000uV
[    1.087931] cros-ec-spi spi32766.0: packet too long (249 bytes, expected 4)
[    1.103478] cros-ec-spi spi32766.0: Chrome EC device registered
[    1.112677] random: fast init done
[    1.118599] m25p80 spi32765.0: w25q32dw (4096 Kbytes)
[    1.124501] libphy: Fixed MDIO Bus: probed
[    1.128586] CAN device driver interface
[    1.132430] igb: Intel(R) Gigabit Ethernet Network Driver - version 5.4.0-k
[    1.139384] igb: Copyright (c) 2007-2014 Intel Corporation.
[    1.145008] pegasus: v0.9.3 (2013/04/25), Pegasus/Pegasus II USB Ethernet driver
[    1.152413] usbcore: registered new interface driver pegasus
[    1.158103] usbcore: registered new interface driver asix
[    1.163509] usbcore: registered new interface driver ax88179_178a
[    1.169619] usbcore: registered new interface driver cdc_ether
[    1.175471] usbcore: registered new interface driver smsc75xx
[    1.181229] usbcore: registered new interface driver smsc95xx
[    1.186992] usbcore: registered new interface driver net1080
[    1.192657] usbcore: registered new interface driver cdc_subset
[    1.198591] usbcore: registered new interface driver zaurus
[    1.204185] usbcore: registered new interface driver cdc_ncm
[    1.209916] ehci_hcd: USB 2.0 'Enhanced' Host Controller (EHCI) Driver
[    1.216435] ehci-pci: EHCI PCI platform driver
[    1.220887] tegra-ehci: Tegra EHCI driver
[    1.225160] usbcore: registered new interface driver cdc_acm
[    1.230803] cdc_acm: USB Abstract Control Model driver for USB modems and ISDN adapters
[    1.238819] usbcore: registered new interface driver cdc_wdm
[    1.244500] usbcore: registered new interface driver usb-storage
[    1.250664] mousedev: PS/2 mouse device common for all mice
[    1.256414] input: cros_ec as /devices/soc0/7000d400.spi/spi_master/spi32766/spi32766.0/7000d400.spi:cros-ec@0:keyboard-controller/input/input0
[    1.271137] as3722-rtc as3722-rtc: rtc core: registered as3722-rtc as rtc0
[    1.278003] as3722-rtc as3722-rtc: RTC interrupt 372
[    1.284752] tegra_rtc 7000e000.rtc: rtc core: registered 7000e000.rtc as rtc1
[    1.291883] tegra_rtc 7000e000.rtc: Tegra internal Real Time Clock
[    1.298161] i2c /dev entries driver
[    1.302120] usbcore: registered new interface driver uvcvideo
[    1.307860] USB Video Class driver (1.1.1)
[    1.311943] gspca_main: v2.14.0 registered
[    1.316263] 0-004c supply vcc not found, using dummy regulator
[    1.323790] tegra-wdt 60005000.timer: initialized (heartbeat = 120 sec, nowayout = 0)
[    1.332082] sdhci: Secure Digital Host Controller Interface driver
[    1.338257] sdhci: Copyright(c) Pierre Ossman
[    1.342600] sdhci-pltfm: SDHCI platform and OF driver helper
[    1.348360] sdhci-tegra 700b0000.sdhci: allocated mmc-pwrseq
[    1.354135] sdhci-tegra 700b0400.sdhci: Got CD GPIO
[    1.359006] sdhci-tegra 700b0400.sdhci: Got WP GPIO
[    1.364010] mmc0: Unknown controller version (3). You may experience problems.
[    1.371241] mmc0: Invalid maximum block size, assuming 512 bytes
[    1.433865] mmc0: SDHCI controller on 700b0600.sdhci [700b0600.sdhci] using ADMA
[    1.441575] usbcore: registered new interface driver usbhid
[    1.449259] usbhid: USB HID core driver
[    1.458859] tegra30-i2s 70301100.i2s: DMA channels sourced from device 70300000.ahub
[    1.514338] max98090 0-0010: MAX98090 REVID=0x43
[    1.521921] max98090 0-0010: use default 2.8v micbias
[    1.529349] tegra-snd-max98090 sound: HiFi <-> 70301100.i2s mapping ok
[    1.537017] input: GoogleNyanBig Headphones as /devices/soc0/sound/sound/card1/input1
[    1.545020] input: GoogleNyanBig Mic Jack as /devices/soc0/sound/sound/card1/input2
[    1.554396] NET: Registered protocol family 10
[    1.559339] Segment Routing with IPv6
[    1.563095] mip6: Mobile IPv6
[    1.566099] mmc0: new high speed MMC card at address 0001
[    1.571755] mmcblk0: mmc0:0001 MMC16G 14.4 GiB 
[    1.576290] sit: IPv6, IPv4 and MPLS over IPv4 tunneling driver
[    1.582814] NET: Registered protocol family 17
[    1.586496] mmcblk0boot0: mmc0:0001 MMC16G partition 1 2.00 MiB
[    1.586694] mmcblk0boot1: mmc0:0001 MMC16G partition 2 2.00 MiB
[    1.586875] mmcblk0rpmb: mmc0:0001 MMC16G partition 3 128 KiB
[    1.590079]  mmcblk0: p1 p2 p3 p4 p5 p6 p7 p8 p9 p10 p11 p12
[    1.610485] NET: Registered protocol family 15
[    1.614921] can: controller area network core (rev 20120528 abi 9)
[    1.621132] NET: Registered protocol family 29
[    1.625571] can: raw protocol (rev 20120528)
[    1.629828] can: broadcast manager protocol (rev 20161123 t)
[    1.635479] can: netlink gateway (rev 20130117) max_hops=1
[    1.641027] Bluetooth: RFCOMM socket layer initialized
[    1.646168] Bluetooth: RFCOMM ver 1.11
[    1.649909] Bluetooth: BNEP (Ethernet Emulation) ver 1.3
[    1.655216] Bluetooth: BNEP socket layer initialized
[    1.660166] Bluetooth: HIDP (Human Interface Emulation) ver 1.2
[    1.666086] Bluetooth: HIDP socket layer initialized
[    1.671139] Key type dns_resolver registered
[    1.675636] Registering SWP/SWPB emulation handler
[    1.686599] +VDD_LED: supplied by +VDD_MUX
[    1.690920] +5V_VDD_TS_SW: supplied by +5V_SYS
[    1.695577] +5V_USB_HS: supplied by +5V_SYS
[    1.699945] +5V_USB_SS: supplied by +5V_SYS
[    1.704745] +1.05V_RUN_AVDD_HDMI_PLL: supplied by +1.05V_RUN
[    1.710602] +5V_HDMI_CON: supplied by +5V_SYS
[    1.715711] usb3-0 supply vbus not found, using dummy regulator
[    1.721678] usb3-1 supply vbus not found, using dummy regulator
[    1.728969] tegra-hdmi 54280000.hdmi: failed to get VDD regulator
[    1.735585] tegra-dpaux 545c0000.dpaux: failed to get VDD supply: -517
[    1.742494] panel supply power not found, using dummy regulator
[    1.749634] tegra-xusb 70090000.usb: Failed to get supply 'avdd-usb': -517
[    1.756593] tegra-xusb 70090000.usb: failed to get regulators: -517
[    1.763250] sdhci-tegra 700b0000.sdhci: allocated mmc-pwrseq
[    1.769346] sdhci-tegra 700b0400.sdhci: Got CD GPIO
[    1.774277] sdhci-tegra 700b0400.sdhci: Got WP GPIO
[    1.779989] +3.3V_RUN: supplied by +3.3V_SYS
[    1.784856] +3.3V_AVDD_HDMI_AP_GATED: supplied by +3.3V_RUN
[    1.790464] +1.8V_RUN_CAM: supplied by +3.3V_RUN
[    1.795161] +VDDIO_SDMMC3: supplied by +3.3V_RUN
[    1.799800] +1.8V_RUN_VPP_FUSE: supplied by +3.3V_RUN
[    1.805727] +3.3V_PANEL: supplied by +3.3V_RUN
[    1.810993] +3.3V_LP0: supplied by +3.3V_SYS
[    1.817191] tegra-sor 54540000.sor: failed to probe output: -517
[    1.823346] panel supply power not found, using dummy regulator
[    1.894593] tegra-xusb 70090000.usb: Firmware timestamp: 2014-09-16 02:10:07 UTC
[    1.902003] tegra-xusb 70090000.usb: xHCI Host Controller
[    1.907429] tegra-xusb 70090000.usb: new USB bus registered, assigned bus number 1
[    1.916998] tegra-xusb 70090000.usb: hcc params 0x0184f525 hci version 0x100 quirks 0x00010010
[    1.925649] tegra-xusb 70090000.usb: irq 344, io mem 0x70090000
[    1.932202] hub 1-0:1.0: USB hub found
[    1.936021] hub 1-0:1.0: 6 ports detected
[    1.940416] tegra-xusb 70090000.usb: xHCI Host Controller
[    1.945843] tegra-xusb 70090000.usb: new USB bus registered, assigned bus number 2
[    1.953522] usb usb2: We don't know the algorithms for LPM for this host, disabling LPM.
[    1.962238] hub 2-0:1.0: USB hub found
[    1.966051] hub 2-0:1.0: 2 ports detected
[    1.971065] sdhci-tegra 700b0000.sdhci: allocated mmc-pwrseq
[    1.976903] mmc1: Unknown controller version (3). You may experience problems.
[    1.984179] mmc1: Invalid maximum block size, assuming 512 bytes
[    1.990631] mmc1: Switching to 3.3V signalling voltage failed
[    2.053932] mmc1: SDHCI controller on 700b0000.sdhci [700b0000.sdhci] using ADMA
[    2.061526] sdhci-tegra 700b0400.sdhci: Got CD GPIO
[    2.066430] sdhci-tegra 700b0400.sdhci: Got WP GPIO
[    2.071401] mmc2: Unknown controller version (3). You may experience problems.
[    2.078682] mmc2: Invalid maximum block size, assuming 512 bytes
[    2.124578] mmc1: new high speed SDIO card at address 0001
[    2.143956] mmc2: SDHCI controller on 700b0400.sdhci [700b0400.sdhci] using ADMA
[    2.224762] input: tegra-hda HDMI/DP,pcm=3 as /devices/soc0/70030000.hda/sound/card0/input3
[    2.249397] [drm] Supports vblank timestamp caching Rev 2 (21.10.2013).
[    2.256022] [drm] No driver support for vblank timestamp query.
[    2.293888] usb 1-2: new high-speed USB device number 2 using tegra-xusb
[    2.305372] mmc2: new high speed SDHC card at address 0007
[    2.305988] mmcblk2: mmc2:0007 SD08G 7.42 GiB 
[    2.314285] GPT:Primary header alternate_lba != Alt. header my_lba
[    2.314289] GPT:3014591 != 15564799
[    2.314290] GPT:Primary header thinks Alt. header is not at the end of the disk.
[    2.314291] GPT:3014591 != 15564799
[    2.314293] GPT: Use GNU Parted to correct GPT errors.
[    2.314318]  mmcblk2: p1 p2 p3 p4 p5 p6 p7 p8 p9 p10 p11 p12
[    2.345195] Console: switching to colour frame buffer device 170x48
[    2.416094] drm drm: fb0:  frame buffer device
[    2.420587] [drm] Initialized tegra 0.0.0 20120330 for drm on minor 0
[    2.427544] input: gpio-keys as /devices/soc0/gpio-keys/input/input4
[    2.435017] as3722-rtc as3722-rtc: setting system clock to 2000-01-01 00:00:23 UTC (946684823)
[    2.443994] +1.8V_RUN_CAM: disabling
[    2.447789] +1.2V_RUN_CAM_FRONT: disabling
[    2.452067] +1.05V_RUN_CAM_REAR: disabling
[    2.456434] +2.8V_RUN_TOUCH: disabling
[    2.460362] +2.8V_RUN_CAM_AF: disabling
[    2.464447] +1.8V_RUN_VPP_FUSE: disabling
[    2.468676] +5V_VDD_TS_SW: disabling
[    2.472301] ALSA device list:
[    2.475325]   #0: tegra-hda at 0x70038000 irq 343
[    2.480022]   #1: GoogleNyanBig
[    2.483906] EXT4-fs (mmcblk0p3): couldn't mount as ext3 due to feature incompatibilities
[    2.608385] uvcvideo: Found UVC 1.00 device HD WebCam (1bcf:2c67)
[    2.623097] input: HD WebCam as /devices/soc0/70090000.usb/usb1/1-2/1-2:1.0/input/input5
[    2.776113] EXT4-fs (mmcblk0p3): recovery complete
[    2.780901] EXT4-fs (mmcblk0p3): mounted filesystem with ordered data mode. Opts: (null)
[    2.789029] VFS: Mounted root (ext4 filesystem) on device 179:3.
[    2.796273] devtmpfs: mounted
[    2.799676] Freeing unused kernel memory: 1024K
bash: cannot set terminal process group (-1): Inappropriate ioctl for device
bash: no job control in this shell
root@(none):/# [    2.963883] usb 1-3: new high-speed USB device number 3 using tegra-xusb
mount -t sysfs none /sys
root@(none):/# 
[    3.612328] asix 1-3:1.0 eth0: register 'asix' at usb-70090000.usb-3, ASIX AX88772 USB 2.0 Ethernet, c8:d7:19:90:fa:65
root@(none):/# [    3.953920] usb 1-1: new high-speed USB device number 4 using tegra-xusb
[    4.132484] usb-storage 1-1:1.0: USB Mass Storage device detected
[    4.139392] scsi host0: usb-storage 1-1:1.0
mount -t debugfs none /sys/kernel/debug
root@(none):/# 
root@(none):/# [    5.155870] scsi 0:0:0:0: Direct-Access     SanDisk  SDDR-113         9412 PQ: 0 ANSI: 0
[    5.328606] sd 0:0:0:0: [sda] 15523840 512-byte logical blocks: (7.95 GB/7.40 GiB)
[    5.337405] sd 0:0:0:0: [sda] Write Protect is off
[    5.342199] sd 0:0:0:0: [sda] Mode Sense: 03 00 00 00
[    5.348648] sd 0:0:0:0: [sda] No Caching mode page found
[    5.353991] sd 0:0:0:0: [sda] Assuming drive cache: write through
[    5.379362]  sda: sda1 sda2 sda3 sda4 sda5 sda6 sda7 sda8 sda9 sda10 sda11 sda12 sda13
[    5.390652] sd 0:0:0:0: [sda] Attached SCSI removable disk
rtcwake -d rtc1 -m mem -s 3
rtcwake: assuming RTC uses UTC ...
rtcwake: wakeup from "mem" using /dev/rtc1 at Thu Jan  1 00:00:28 1970
[    5.585478] PM: Syncing filesystems ... done.
[    5.591729] Freezing user space processes ... (elapsed 0.001 seconds) done.
[    5.592841] Freezing remaining freezable tasks ... (elapsed 0.001 seconds) done.
[    5.593978] Suspending console(s) (use no_console_suspend to debug)
[    5.835274] PM: suspend of devices complete after 202.952 msecs
[    5.836444] PM: late suspend of devices complete after 1.161 msecs
[    5.837231] PM: noirq suspend of devices complete after 0.782 msecs
[    5.837233] Disabling non-boot CPUs ...
[    5.894228] CPU1: shutdown
[    5.974220] CPU2: shutdown
[    6.083983] IRQ17 no longer affine to CPU3
[    6.084182] CPU3: shutdown
[    6.134479] Entering suspend state LP1
[    6.134479] Suspended for 2.973 seconds
[    6.134503] Enabling non-boot CPUs ...
[    6.164496] CPU1 is up
[    6.204522] CPU2 is up
[    6.244604] CPU3 is up
[    6.245086] PM: noirq resume of devices complete after 0.477 msecs
[    6.246514] PM: early resume of devices complete after 0.938 msecs
[    6.304709] mmc1: Switching to 3.3V signalling voltage failed
[    6.563877] tegra-sor 54540000.sor: failed to attach SOR: -110
[    7.333913] PM: resume of devices complete after 1087.390 msecs
[    7.417114] Restarting tasks ... done.
root@(none):/# 
root@(none):/# rtcwake -d rtc1 -m mem -s 3
rtcwake: assuming RTC uses UTC ...
rtcwake: wakeup from "mem" using /dev/rtc1 at Thu Jan  1 00:00:34 1970
[    8.693876] PM: Syncing filesystems ... done.
[    8.699693] Freezing user space processes ... (elapsed 0.001 seconds) done.
[    8.700870] Freezing remaining freezable tasks ... (elapsed 0.001 seconds) done.
[    8.702104] Suspending console(s) (use no_console_suspend to debug)
[    8.935229] PM: suspend of devices complete after 205.376 msecs
[    8.936484] PM: late suspend of devices complete after 1.247 msecs
[    8.937369] PM: noirq suspend of devices complete after 0.877 msecs
[    8.937372] Disabling non-boot CPUs ...
[    8.974163] CPU1: shutdown
[    9.074207] CPU2: shutdown
[    9.184174] CPU3: shutdown
[    9.234532] Entering suspend state LP1
[    9.234532] Suspended for 2.899 seconds
[    9.234555] Enabling non-boot CPUs ...
[    9.264482] CPU1 is up
[    9.304478] CPU2 is up
[    9.344585] CPU3 is up
[    9.345036] PM: noirq resume of devices complete after 0.445 msecs
[    9.346710] PM: early resume of devices complete after 1.178 msecs
[    9.404869] mmc1: Switching to 3.3V signalling voltage failed
[    9.614146] usb 1-1: reset high-speed USB device number 4 using tegra-xusb
[    9.663800] tegra-sor 54540000.sor: failed to attach SOR: -110
[    9.937584] PM: resume of devices complete after 590.862 msecs
[   10.023482] Restarting tasks ... done.
root@(none):/# 
root@(none):/# rtcwake -d rtc1 -m mem -s 3
rtcwake: assuming RTC uses UTC ...
rtcwake: wakeup from "mem" using /dev/rtc1 at Thu Jan  1 00:00:39 1970
[   10.793646] PM: Syncing filesystems ... done.
[   10.799263] Freezing user space processes ... (elapsed 0.001 seconds) done.
[   10.800393] Freezing remaining freezable tasks ... (elapsed 0.001 seconds) done.
[   10.801628] Suspending console(s) (use no_console_suspend to debug)
[   11.035220] PM: suspend of devices complete after 205.094 msecs
[   11.036538] PM: late suspend of devices complete after 1.309 msecs
[   11.037467] PM: noirq suspend of devices complete after 0.924 msecs
[   11.037469] Disabling non-boot CPUs ...
[   11.074122] CPU1: shutdown
[   11.174171] CPU2: shutdown
[   11.284126] CPU3: shutdown
[   11.334304] Entering suspend state LP1
[   11.334304] Suspended for 2.900 seconds
[   11.334327] Enabling non-boot CPUs ...
[   11.364457] CPU1 is up
[   11.404449] CPU2 is up
[   11.444550] CPU3 is up
[   11.444991] PM: noirq resume of devices complete after 0.436 msecs
[   11.446696] PM: early resume of devices complete after 1.217 msecs
[   11.504844] mmc1: Switching to 3.3V signalling voltage failed
[   11.714119] usb 1-1: reset high-speed USB device number 4 using tegra-xusb
[   11.763744] tegra-sor 54540000.sor: failed to attach SOR: -110
[   12.038362] PM: resume of devices complete after 591.656 msecs
[   12.124271] Restarting tasks ... done.
root@(none):/# 
root@(none):/# rtcwake -d rtc1 -m mem -s 3
rtcwake: assuming RTC uses UTC ...
rtcwake: wakeup from "mem" using /dev/rtc1 at Thu Jan  1 00:00:44 1970
[   12.893562] PM: Syncing filesystems ... done.
[   12.899116] Freezing user space processes ... (elapsed 0.001 seconds) done.
[   12.900242] Freezing remaining freezable tasks ... (elapsed 0.001 seconds) done.
[   12.901478] Suspending console(s) (use no_console_suspend to debug)
[   13.135188] PM: suspend of devices complete after 205.151 msecs
[   13.136703] PM: late suspend of devices complete after 1.506 msecs
[   13.137504] PM: noirq suspend of devices complete after 0.796 msecs
[   13.137506] Disabling non-boot CPUs ...
[   13.174085] CPU1: shutdown
[   13.284130] CPU2: shutdown
[   13.394099] CPU3: shutdown
[   13.444257] Entering suspend state LP1
[   13.444257] Suspended for 2.889 seconds
[   13.444280] Enabling non-boot CPUs ...
[   13.474457] CPU1 is up
[   13.514425] CPU2 is up
[   13.554521] CPU3 is up
[   13.554951] PM: noirq resume of devices complete after 0.424 msecs
[   13.556481] PM: early resume of devices complete after 1.037 msecs
[   13.614855] mmc1: Switching to 3.3V signalling voltage failed
[   13.873768] tegra-sor 54540000.sor: failed to attach SOR: -110
[   14.146214] PM: resume of devices complete after 589.725 msecs
[   14.225322] Restarting tasks ... done.
root@(none):/# 
root@(none):/# rtcwake -d rtc1 -m mem -s 3
rtcwake: assuming RTC uses UTC ...
rtcwake: wakeup from "mem" using /dev/rtc1 at Thu Jan  1 00:00:49 1970
[   15.003619] PM: Syncing filesystems ... done.
[   15.009357] Freezing user space processes ... (elapsed 0.001 seconds) done.
[   15.010589] Freezing remaining freezable tasks ... (elapsed 0.001 seconds) done.
[   15.011836] Suspending console(s) (use no_console_suspend to debug)
[   15.245157] PM: suspend of devices complete after 205.046 msecs
[   15.246674] PM: late suspend of devices complete after 1.508 msecs
[   15.247479] PM: noirq suspend of devices complete after 0.800 msecs
[   15.247481] Disabling non-boot CPUs ...
[   15.283894] IRQ17 no longer affine to CPU1
[   15.284061] CPU1: shutdown
[   15.384114] CPU2: shutdown
[   15.484073] CPU3: shutdown
[   15.534299] Entering suspend state LP1
[   15.534299] Suspended for 2.909 seconds
[   15.534323] Enabling non-boot CPUs ...
[   15.564398] CPU1 is up
[   15.604386] CPU2 is up
[   15.644488] CPU3 is up
[   15.644937] PM: noirq resume of devices complete after 0.444 msecs
[   15.646286] PM: early resume of devices complete after 0.830 msecs
[   15.704648] mmc1: Switching to 3.3V signalling voltage failed
[   15.963728] tegra-sor 54540000.sor: failed to attach SOR: -110
[   16.237605] PM: resume of devices complete after 591.309 msecs
[   16.320732] Restarting tasks ... done.
root@(none):/# 
root@(none):/# rtcwake -d rtc1 -m mem -s 3
rtcwake: assuming RTC uses UTC ...
rtcwake: wakeup from "mem" using /dev/rtc1 at Thu Jan  1 00:00:54 1970
[   17.103584] PM: Syncing filesystems ... done.
[   17.109297] Freezing user space processes ... (elapsed 0.001 seconds) done.
[   17.110529] Freezing remaining freezable tasks ... (elapsed 0.001 seconds) done.
[   17.111773] Suspending console(s) (use no_console_suspend to debug)
[   17.355124] PM: suspend of devices complete after 208.405 msecs
[   17.356095] PM: late suspend of devices complete after 0.962 msecs
[   17.356958] PM: noirq suspend of devices complete after 0.859 msecs
[   17.356960] Disabling non-boot CPUs ...
[   17.394035] CPU1: shutdown
[   17.494084] CPU2: shutdown
[   17.594044] CPU3: shutdown
[   17.644271] Entering suspend state LP1
[   17.644271] Suspended for 2.889 seconds
[   17.644295] Enabling non-boot CPUs ...
[   17.674367] CPU1 is up
[   17.714354] CPU2 is up
[   17.754454] CPU3 is up
[   17.754887] PM: noirq resume of devices complete after 0.429 msecs
[   17.756707] PM: early resume of devices complete after 1.315 msecs
[   17.814607] mmc1: Switching to 3.3V signalling voltage failed
[   18.073654] tegra-sor 54540000.sor: failed to attach SOR: -110
[   18.348347] PM: resume of devices complete after 591.630 msecs
[   18.427392] Restarting tasks ... done.
root@(none):/# 
root@(none):/# rtcwake -d rtc1 -m mem -s 3
rtcwake: assuming RTC uses UTC ...
rtcwake: wakeup from "mem" using /dev/rtc1 at Thu Jan  1 00:00:59 1970
[   19.203065] PM: Syncing filesystems ... done.
[   19.208617] Freezing user space processes ... (elapsed 0.001 seconds) done.
[   19.209837] Freezing remaining freezable tasks ... (elapsed 0.001 seconds) done.
[   19.211076] Suspending console(s) (use no_console_suspend to debug)
[   19.455100] PM: suspend of devices complete after 215.310 msecs
[   19.456503] PM: late suspend of devices complete after 1.394 msecs
[   19.457308] PM: noirq suspend of devices complete after 0.800 msecs
[   19.457310] Disabling non-boot CPUs ...
[   19.513831] IRQ17 no longer affine to CPU1
[   19.513996] CPU1: shutdown
[   19.624050] CPU2: shutdown
[   19.724004] CPU3: shutdown
[   19.774172] Entering suspend state LP1
[   19.774172] Suspended for 2.869 seconds
[   19.774196] Enabling non-boot CPUs ...
[   19.804349] CPU1 is up
[   19.844325] CPU2 is up
[   19.884434] CPU3 is up
[   19.884858] PM: noirq resume of devices complete after 0.419 msecs
[   19.886655] PM: early resume of devices complete after 1.302 msecs
[   19.944803] mmc1: Switching to 3.3V signalling voltage failed
[   20.203645] tegra-sor 54540000.sor: failed to attach SOR: -110
[   20.477752] PM: resume of devices complete after 591.087 msecs
[   20.560879] Restarting tasks ... done.
root@(none):/# 
root@(none):/# rtcwake -d rtc1 -m mem -s 3
rtcwake: assuming RTC uses UTC ...
rtcwake: wakeup from "mem" using /dev/rtc1 at Thu Jan  1 00:01:04 1970
[   21.333114] PM: Syncing filesystems ... done.
[   21.338664] Freezing user space processes ... (elapsed 0.001 seconds) done.
[   21.339882] Freezing remaining freezable tasks ... (elapsed 0.001 seconds) done.
[   21.341120] Suspending console(s) (use no_console_suspend to debug)
[   21.575063] PM: suspend of devices complete after 205.107 msecs
[   21.576573] PM: late suspend of devices complete after 1.500 msecs
[   21.577359] PM: noirq suspend of devices complete after 0.781 msecs
[   21.577361] Disabling non-boot CPUs ...
[   21.613964] CPU1: shutdown
[   21.714019] CPU2: shutdown
[   21.813970] CPU3: shutdown
[   21.864132] Entering suspend state LP1
[   21.864132] Suspended for 2.910 seconds
[   21.864156] Enabling non-boot CPUs ...
[   21.894302] CPU1 is up
[   21.934289] CPU2 is up
[   21.974394] CPU3 is up
[   21.974821] PM: noirq resume of devices complete after 0.423 msecs
[   21.976281] PM: early resume of devices complete after 0.967 msecs
[   22.034663] mmc1: Switching to 3.3V signalling voltage failed
[   22.243871] usb 1-1: reset high-speed USB device number 4 using tegra-xusb
[   22.293606] tegra-sor 54540000.sor: failed to attach SOR: -110
[   22.568174] PM: resume of devices complete after 591.883 msecs
[   22.654088] Restarting tasks ... done.
root@(none):/# 
root@(none):/# rtcwake -d rtc1 -m mem -s 3
rtcwake: assuming RTC uses UTC ...
rtcwake: wakeup from "mem" using /dev/rtc1 at Thu Jan  1 00:01:09 1970
[   23.423490] PM: Syncing filesystems ... done.
[   23.429228] Freezing user space processes ... (elapsed 0.001 seconds) done.
[   23.430455] Freezing remaining freezable tasks ... (elapsed 0.001 seconds) done.
[   23.431687] Suspending console(s) (use no_console_suspend to debug)
[   23.665032] PM: suspend of devices complete after 205.124 msecs
[   23.666415] PM: late suspend of devices complete after 1.374 msecs
[   23.667206] PM: noirq suspend of devices complete after 0.786 msecs
[   23.667209] Disabling non-boot CPUs ...
[   23.703937] CPU1: shutdown
[   23.803987] CPU2: shutdown
[   23.903942] CPU3: shutdown
[   23.954163] Entering suspend state LP1
[   23.954163] Suspended for 2.909 seconds
[   23.954187] Enabling non-boot CPUs ...
[   23.984277] CPU1 is up
[   24.024261] CPU2 is up
[   24.064366] CPU3 is up
[   24.064791] PM: noirq resume of devices complete after 0.420 msecs
[   24.066123] PM: early resume of devices complete after 0.840 msecs
[   24.124636] mmc1: Switching to 3.3V signalling voltage failed
[   24.383608] tegra-sor 54540000.sor: failed to attach SOR: -110
[   24.658113] PM: resume of devices complete after 591.981 msecs
[   24.737159] Restarting tasks ... done.
root@(none):/# 
root@(none):/# rtcwake -d rtc1 -m mem -s 3
rtcwake: assuming RTC uses UTC ...
rtcwake: wakeup from "mem" using /dev/rtc1 at Thu Jan  1 00:01:14 1970
[   25.513464] PM: Syncing filesystems ... done.
[   25.519166] Freezing user space processes ... (elapsed 0.001 seconds) done.
[   25.520397] Freezing remaining freezable tasks ... (elapsed 0.001 seconds) done.
[   25.521637] Suspending console(s) (use no_console_suspend to debug)
[   25.755001] PM: suspend of devices complete after 204.945 msecs
[   25.755908] PM: late suspend of devices complete after 0.898 msecs
[   25.756801] PM: noirq suspend of devices complete after 0.885 msecs
[   25.756803] Disabling non-boot CPUs ...
[   25.793916] CPU1: shutdown
[   25.893958] CPU2: shutdown
[   25.993913] CPU3: shutdown
[   26.044131] Entering suspend state LP1
[   26.044131] Suspended for 2.910 seconds
[   26.044155] Enabling non-boot CPUs ...
[   26.074241] CPU1 is up
[   26.114231] CPU2 is up
[   26.154328] CPU3 is up
[   26.154758] PM: noirq resume of devices complete after 0.426 msecs
[   26.156203] PM: early resume of devices complete after 0.946 msecs
[   26.214518] mmc1: Switching to 3.3V signalling voltage failed
[   26.473620] tegra-sor 54540000.sor: failed to attach SOR: -110
[   26.747998] PM: resume of devices complete after 591.785 msecs
[   26.827050] Restarting tasks ... done.
root@(none):/# 
root@(none):/# NVTB SYSTEM SUSPEND TEST COMPLETE
