
U-Boot SPL 2014.01-00219-gc4d376f (Feb 18 2014 - 19:57:18)


U-Boot 2014.01-00219-gc4d376f (Feb 18 2014 - 19:57:18)

TEGRA30
Board: NVIDIA Beaver
I2C:   ready
DRAM:  2 GiB
MMC:   Tegra SD/MMC: 0, Tegra SD/MMC: 1
In:    serial
Out:   serial
Err:   serial
Net:   Net Initialization Skipped
No ethernet found.
Hit any key to stop autoboot:  2  0 
Tegra30 (Beaver) # 
Tegra30 (Beaver) # usb reset
(Re)start USB...
USB0:   USB EHCI 1.00
scanning bus 0 for devices... 2 USB Device(s) found
       scanning usb for storage devices... 0 Storage Device(s) found
       scanning usb for ethernet devices... 
Warning: asx0 using MAC address from net device
1 Ethernet Device(s) found
Tegra30 (Beaver) # setenv bootargs 'ignore_loglevel console=ttyS0,115200n8 rw root=PARTUUID=edbe1840-3633-c751-7993-b0ac834f81e0 rootwait gpt debug noinitrd earlyprintk init=/bin/bash'
Tegra30 (Beaver) # setenv ipaddr 192.168.100.101; setenv serverip 192.168.100.1; setenv tftpserverip 192.168.100.1
Tegra30 (Beaver) # tftpboot 0x81000000 zImage.multi_v7_defconfig
Using asx0 device
TFTP from server 192.168.100.1; our IP address is 192.168.100.101
Filename 'zImage.multi_v7_defconfig'.
Load address: 0x81000000
Loading: *#################################################################
	 #################################################################
	 #################################################################
	 #################################################################
	 #################################################################
	 #################################################################
	 #################################################################
	 #################################################################
	 #####################################
	 3.1 MiB/s
done
Bytes transferred = 8167936 (7ca200 hex)
Tegra30 (Beaver) # tftpboot 0x82000000 tegra30-beaver.dtb
Using asx0 device
TFTP from server 192.168.100.1; our IP address is 192.168.100.101
Filename 'tegra30-beaver.dtb'.
Load address: 0x82000000
Loading: *####
	 456.1 KiB/s
done
Bytes transferred = 51470 (c90e hex)
Tegra30 (Beaver) # bootz 0x81000000 - 0x82000000
Kernel image @ 0x81000000 [ 0x000000 - 0x7ca200 ]
## Flattened Device Tree blob at 82000000
   Booting using the fdt blob at 0x82000000
   Loading Device Tree to 8fff0000, end 8ffff90d ... OK

Starting kernel ...

[    0.000000] Booting Linux on physical CPU 0x0
[    0.000000] Linux version 4.15.0-next-20180207-349288-g5d1c98967100 (jonathanh@tamien) (gcc version 4.7.3 20130328 (prerelease) (crosstool-NG linaro-1.13.1-4.7-2013.04-20130415 - Linaro GCC 2013.04)) #1 SMP Tue Feb 6 20:18:02 PST 2018
[    0.000000] CPU: ARMv7 Processor [412fc099] revision 9 (ARMv7), cr=10c5387d
[    0.000000] CPU: PIPT / VIPT nonaliasing data cache, VIPT aliasing instruction cache
[    0.000000] OF: fdt: Machine model: NVIDIA Tegra30 Beaver evaluation board
[    0.000000] debug: ignoring loglevel setting.
[    0.000000] Memory policy: Data cache writealloc
[    0.000000] efi: Getting EFI parameters from FDT:
[    0.000000] efi: UEFI not found.
[    0.000000] cma: Reserved 64 MiB at 0xfb800000
[    0.000000] On node 0 totalpages: 524032
[    0.000000]   DMA zone: 1536 pages used for memmap
[    0.000000]   DMA zone: 0 pages reserved
[    0.000000]   DMA zone: 196608 pages, LIFO batch:31
[    0.000000]   HighMem zone: 327424 pages, LIFO batch:31
[    0.000000] random: fast init done
[    0.000000] percpu: Embedded 17 pages/cpu @(ptrval) s39232 r8192 d22208 u69632
[    0.000000] pcpu-alloc: s39232 r8192 d22208 u69632 alloc=17*4096
[    0.000000] pcpu-alloc: [0] 0 [0] 1 [0] 2 [0] 3 
[    0.000000] Built 1 zonelists, mobility grouping on.  Total pages: 522496
[    0.000000] Kernel command line: ignore_loglevel console=ttyS0,115200n8 rw root=PARTUUID=edbe1840-3633-c751-7993-b0ac834f81e0 rootwait gpt debug noinitrd earlyprintk init=/bin/bash
[    0.000000] Dentry cache hash table entries: 131072 (order: 7, 524288 bytes)
[    0.000000] Inode-cache hash table entries: 65536 (order: 6, 262144 bytes)
[    0.000000] Memory: 1992508K/2096128K available (11264K kernel code, 1570K rwdata, 4352K rodata, 2048K init, 405K bss, 38084K reserved, 65536K cma-reserved, 1244160K highmem)
[    0.000000] Virtual kernel memory layout:
[    0.000000]     vector  : 0xffff0000 - 0xffff1000   (   4 kB)
[    0.000000]     fixmap  : 0xffc00000 - 0xfff00000   (3072 kB)
[    0.000000]     vmalloc : 0xf0800000 - 0xff800000   ( 240 MB)
[    0.000000]     lowmem  : 0xc0000000 - 0xf0000000   ( 768 MB)
[    0.000000]     pkmap   : 0xbfe00000 - 0xc0000000   (   2 MB)
[    0.000000]     modules : 0xbf000000 - 0xbfe00000   (  14 MB)
[    0.000000]       .text : 0x(ptrval) - 0x(ptrval)   (12256 kB)
[    0.000000]       .init : 0x(ptrval) - 0x(ptrval)   (2048 kB)
[    0.000000]       .data : 0x(ptrval) - 0x(ptrval)   (1571 kB)
[    0.000000]        .bss : 0x(ptrval) - 0x(ptrval)   ( 406 kB)
[    0.000000] SLUB: HWalign=64, Order=0-3, MinObjects=0, CPUs=4, Nodes=1
[    0.000000] Hierarchical RCU implementation.
[    0.000000] 	RCU event tracing is enabled.
[    0.000000] 	RCU restricting CPUs from NR_CPUS=16 to nr_cpu_ids=4.
[    0.000000] RCU: Adjusting geometry for rcu_fanout_leaf=16, nr_cpu_ids=4
[    0.000000] NR_IRQS: 16, nr_irqs: 16, preallocated irqs: 16
[    0.000000] /interrupt-controller@60004000: 160 interrupts forwarded to /interrupt-controller@50041000
[    0.000000] L2C: platform modifies aux control register: 0x02080000 -> 0x3e480001
[    0.000000] L2C: DT/platform modifies aux control register: 0x02080000 -> 0x3e480001
[    0.000000] L2C-310 erratum 769419 enabled
[    0.000000] L2C-310 enabling early BRESP for Cortex-A9
[    0.000000] L2C-310: enabling full line of zeros but not enabled in Cortex-A9
[    0.000000] L2C-310 dynamic clock gating enabled, standby mode enabled
[    0.000000] L2C-310 cache controller enabled, 8 ways, 1024 kB
[    0.000000] L2C-310: CACHE_ID 0x410000c7, AUX_CTRL 0x4e480001
[    0.000014] sched_clock: 32 bits at 1000kHz, resolution 1000ns, wraps every 2147483647500ns
[    0.000032] clocksource: timer_us: mask: 0xffffffff max_cycles: 0xffffffff, max_idle_ns: 1911260446275 ns
[    0.000041] Switching to timer-based delay loop, resolution 1000ns
[    0.002935] Console: colour dummy device 80x30
[    0.002965] Calibrating delay loop (skipped), value calculated using timer frequency.. 2.00 BogoMIPS (lpj=10000)
[    0.002976] pid_max: default: 32768 minimum: 301
[    0.003067] Mount-cache hash table entries: 2048 (order: 1, 8192 bytes)
[    0.003076] Mountpoint-cache hash table entries: 2048 (order: 1, 8192 bytes)
[    0.003478] CPU: Testing write buffer coherency: ok
[    0.003793] CPU0: thread -1, cpu 0, socket 0, mpidr 80000000
[    0.004015] Setting up static identity map for 0x80300000 - 0x803000a0
[    0.005335] Hierarchical SRCU implementation.
[    0.007330] Tegra Revision: A03 SKU: 128 CPU Process: 4 SoC Process: 0
[    0.007955] EFI services will not be available.
[    0.008063] smp: Bringing up secondary CPUs ...
[    0.010378] CPU1: thread -1, cpu 1, socket 0, mpidr 80000001
[    0.020354] CPU2: thread -1, cpu 2, socket 0, mpidr 80000002
[    0.030335] CPU3: thread -1, cpu 3, socket 0, mpidr 80000003
[    0.030388] smp: Brought up 1 node, 4 CPUs
[    0.030402] SMP: Total of 4 processors activated (8.00 BogoMIPS).
[    0.030407] CPU: All CPU(s) started in SVC mode.
[    0.031126] devtmpfs: initialized
[    0.041594] Built 1 zonelists, mobility grouping on.  Total pages: 514511
[    0.041988] VFP support v0.3: implementor 41 architecture 3 part 30 variant 9 rev 4
[    0.042615] clocksource: jiffies: mask: 0xffffffff max_cycles: 0xffffffff, max_idle_ns: 19112604462750000 ns
[    0.042637] futex hash table entries: 1024 (order: 4, 65536 bytes)
[    0.042856] pinctrl core: initialized pinctrl subsystem
[    0.044036] DMI not present or invalid.
[    0.044280] NET: Registered protocol family 16
[    0.046790] DMA: preallocated 256 KiB pool for atomic coherent allocations
[    0.048558] cpuidle: using governor menu
[    0.061990] No ATAGs?
[    0.062095] hw-breakpoint: found 5 (+1 reserved) breakpoint and 1 watchpoint registers.
[    0.062106] hw-breakpoint: maximum watchpoint size is 4 bytes.
[    0.066488] Serial: AMBA PL011 UART driver
[    0.067087] tegra-mc 7000f000.memory-controller: no memory timings for RAM code 3 registered
[    0.067254] iommu: Adding device 54200000.dc to group 0
[    0.067292] iommu: Adding device 54240000.dc to group 0
[    0.075886] AT91: Could not find identification node
[    0.076390] vdd_5v_sata: Failed to request enable GPIO30: -517
[    0.076405] reg-fixed-voltage regulators:regulator@3: Failed to register regulator: -517
[    0.076454] usb1_vbus: Failed to request enable GPIO238: -517
[    0.076461] reg-fixed-voltage regulators:regulator@4: Failed to register regulator: -517
[    0.076509] usb3_vbus: Failed to request enable GPIO236: -517
[    0.076516] reg-fixed-voltage regulators:regulator@5: Failed to register regulator: -517
[    0.076617] sys_3v3_pexs: Failed to request enable GPIO95: -517
[    0.076625] reg-fixed-voltage regulators:regulator@7: Failed to register regulator: -517
[    0.078420] vgaarb: loaded
[    0.078905] SCSI subsystem initialized
[    0.079061] libata version 3.00 loaded.
[    0.079200] usbcore: registered new interface driver usbfs
[    0.079229] usbcore: registered new interface driver hub
[    0.079265] usbcore: registered new device driver usb
[    0.086352] vrtc: supplied by vdd_5v_in
[    0.089617] vio: supplied by vdd_5v_in
[    0.101802] vdd1: supplied by vdd_5v_in
[    0.103177] vddio_ddr_1v2: Bringing 600000uV into 1200000-1200000uV
[    0.111813] vdd2: supplied by vdd_5v_in
[    0.131804] ldo1: supplied by vdd_1v5_gen
[    0.134169] ldo2: supplied by vdd_1v5_gen
[    0.134641] vdd_sata,avdd_plle: Bringing 1200000uV into 1050000-1050000uV
[    0.136855] ldo3: supplied by vdd_5v_in
[    0.139197] ldo4: supplied by vdd_5v_in
[    0.141797] ldo5: supplied by vdd_5v_in
[    0.151809] ldo6: supplied by vdd_1v8_gen
[    0.152285] avdd_dsi_csi,pwrdet_mipi: Bringing 1000000uV into 1200000-1200000uV
[    0.154514] ldo7: supplied by vdd_1v8_gen
[    0.161801] ldo8: supplied by vdd_1v8_gen
[    0.171913] pps_core: LinuxPPS API ver. 1 registered
[    0.171920] pps_core: Software ver. 5.3.6 - Copyright 2005-2007 Rodolfo Giometti <giometti@linux.it>
[    0.171933] PTP clock support registered
[    0.172078] EDAC MC: Ver: 3.0.0
[    0.173626] clocksource: Switched to clocksource timer_us
[    0.204604] NET: Registered protocol family 2
[    0.205006] tcp_listen_portaddr_hash hash table entries: 512 (order: 0, 6144 bytes)
[    0.205028] TCP established hash table entries: 8192 (order: 3, 32768 bytes)
[    0.205084] TCP bind hash table entries: 8192 (order: 4, 65536 bytes)
[    0.205172] TCP: Hash tables configured (established 8192 bind 8192)
[    0.205309] UDP hash table entries: 512 (order: 2, 16384 bytes)
[    0.205371] UDP-Lite hash table entries: 512 (order: 2, 16384 bytes)
[    0.205556] NET: Registered protocol family 1
[    0.205889] RPC: Registered named UNIX socket transport module.
[    0.205898] RPC: Registered udp transport module.
[    0.205903] RPC: Registered tcp transport module.
[    0.205907] RPC: Registered tcp NFSv4.1 backchannel transport module.
[    0.205918] PCI: CLS 0 bytes, default 64
[    0.206719] hw perfevents: no interrupt-affinity property for /pmu, guessing.
[    0.206957] hw perfevents: enabled with armv7_cortex_a9 PMU driver, 7 counters available
[    0.208034] Initialise system trusted keyrings
[    0.208162] workingset: timestamp_bits=30 max_order=19 bucket_order=0
[    0.211909] squashfs: version 4.0 (2009/01/31) Phillip Lougher
[    0.212319] NFS: Registering the id_resolver key type
[    0.212344] Key type id_resolver registered
[    0.212349] Key type id_legacy registered
[    0.212379] ntfs: driver 2.1.32 [Flags: R/O].
[    0.213391] Key type asymmetric registered
[    0.213401] Asymmetric key parser 'x509' registered
[    0.213435] bounce: pool size: 64 pages
[    0.213480] Block layer SCSI generic (bsg) driver version 0.4 loaded (major 246)
[    0.213490] io scheduler noop registered
[    0.213495] io scheduler deadline registered
[    0.213693] io scheduler cfq registered (default)
[    0.213700] io scheduler mq-deadline registered
[    0.213705] io scheduler kyber registered
[    0.220401] tegra30-pinctrl 70000868.pinmux: invalid group "sdmmc3_dat6_pd3" for function "rsvd1"
[    0.220417] tegra30-pinctrl 70000868.pinmux: invalid group "sdmmc3_dat7_pd4" for function "rsvd1"
[    0.220432] tegra30-pinctrl 70000868.pinmux: invalid group "vi_vsync_pd6" for function "rsvd1"
[    0.220441] tegra30-pinctrl 70000868.pinmux: invalid group "vi_hsync_pd7" for function "rsvd1"
[    0.220894] tegra30-pinctrl 70000868.pinmux: invalid group "hdmi_int_pn7" for function "rsvd1"
[    0.220939] tegra30-pinctrl 70000868.pinmux: invalid group "ulpi_data3_po4" for function "rsvd1"
[    0.221270] tegra30-pinctrl 70000868.pinmux: invalid group "vi_d10_pt2" for function "rsvd1"
[    0.221282] tegra30-pinctrl 70000868.pinmux: invalid group "vi_d11_pt3" for function "rsvd1"
[    0.221294] tegra30-pinctrl 70000868.pinmux: invalid group "vi_d0_pt4" for function "rsvd1"
[    0.221335] tegra30-pinctrl 70000868.pinmux: invalid group "pu0" for function "rsvd1"
[    0.221366] tegra30-pinctrl 70000868.pinmux: invalid group "pu3" for function "rsvd1"
[    0.221396] tegra30-pinctrl 70000868.pinmux: invalid group "pu6" for function "rsvd1"
[    0.221446] tegra30-pinctrl 70000868.pinmux: invalid group "pv3" for function "rsvd1"
[    0.221946] tegra30-pinctrl 70000868.pinmux: invalid group "pbb0" for function "rsvd1"
[    0.222060] tegra30-pinctrl 70000868.pinmux: invalid group "pcc1" for function "rsvd1"
[    0.227484] tegra-pcie 3000.pcie: 2x3 configuration
[    0.227634] tegra-pcie 3000.pcie: Failed to get supply 'hvdd-pex': -517
[    0.233593] tegra-apbdma 6000a000.dma: Tegra20 APB DMA driver register 32 channels
[    0.235806] tegra-pmc 7000e400.pmc: i2c-thermtrip node not found, emergency thermal reset disabled.
[    0.264432] Serial: 8250/16550 driver, 4 ports, IRQ sharing disabled
[    0.266526] console [ttyS0] disabled
[    0.266565] 70006000.serial: ttyS0 at MMIO 0x70006000 (irq = 331, base_baud = 25500000) is a Tegra
[    1.322408] console [ttyS0] enabled
[    1.326435] SuperH (H)SCI(F) driver initialized
[    1.331576] msm_serial: driver initialized
[    1.335794] STMicroelectronics ASC driver initialized
[    1.344271] Failed to attached device 54200000.dc to IOMMU_mapping
[    1.358588] Failed to attached device 54240000.dc to IOMMU_mapping
[    1.373362] tegra-hdmi 54280000.hdmi: failed to get HDMI regulator
[    1.386503] brd: module loaded
[    1.395128] loop: module loaded
[    1.404113] m25p80 spi0.1: w25q32 (4096 Kbytes)
[    1.410305] libphy: Fixed MDIO Bus: probed
[    1.415013] CAN device driver interface
[    1.419379] bgmac_bcma: Broadcom 47xx GBit MAC driver loaded
[    1.425784] e1000e: Intel(R) PRO/1000 Network Driver - 3.2.6-k
[    1.431601] e1000e: Copyright(c) 1999 - 2015 Intel Corporation.
[    1.437548] igb: Intel(R) Gigabit Ethernet Network Driver - version 5.4.0-k
[    1.444500] igb: Copyright (c) 2007-2014 Intel Corporation.
[    1.452225] pegasus: v0.9.3 (2013/04/25), Pegasus/Pegasus II USB Ethernet driver
[    1.459668] usbcore: registered new interface driver pegasus
[    1.465346] usbcore: registered new interface driver asix
[    1.470747] usbcore: registered new interface driver ax88179_178a
[    1.476859] usbcore: registered new interface driver cdc_ether
[    1.482700] usbcore: registered new interface driver smsc75xx
[    1.488464] usbcore: registered new interface driver smsc95xx
[    1.494222] usbcore: registered new interface driver net1080
[    1.499883] usbcore: registered new interface driver cdc_subset
[    1.505812] usbcore: registered new interface driver zaurus
[    1.511410] usbcore: registered new interface driver cdc_ncm
[    1.517258] tegra-phy 7d000000.usb-phy: no vbus regulator
[    1.525056] ehci_hcd: USB 2.0 'Enhanced' Host Controller (EHCI) Driver
[    1.531569] ehci-pci: EHCI PCI platform driver
[    1.536040] ehci-platform: EHCI generic platform driver
[    1.541374] ehci-orion: EHCI orion driver
[    1.545474] SPEAr-ehci: EHCI SPEAr driver
[    1.549547] ehci-st: EHCI STMicroelectronics driver
[    1.554507] ehci-exynos: EHCI EXYNOS driver
[    1.558771] ehci-atmel: EHCI Atmel driver
[    1.562841] tegra-ehci: Tegra EHCI driver
[    1.567148] ohci_hcd: USB 1.1 'Open' Host Controller (OHCI) Driver
[    1.573323] ohci-pci: OHCI PCI platform driver
[    1.577794] ohci-platform: OHCI generic platform driver
[    1.583120] SPEAr-ohci: OHCI SPEAr driver
[    1.587207] ohci-st: OHCI STMicroelectronics driver
[    1.592144] ohci-atmel: OHCI Atmel driver
[    1.596596] usbcore: registered new interface driver usb-storage
[    1.611623] tegra_rtc 7000e000.rtc: rtc core: registered 7000e000.rtc as rtc1
[    1.618812] tegra_rtc 7000e000.rtc: Tegra internal Real Time Clock
[    1.637616] tps65910-rtc tps65910-rtc: rtc core: registered tps65910-rtc as rtc0
[    1.645213] i2c /dev entries driver
[    1.657043] sdhci: Secure Digital Host Controller Interface driver
[    1.663209] sdhci: Copyright(c) Pierre Ossman
[    1.668553] Synopsys Designware Multimedia Card Interface Driver
[    1.675399] sdhci-pltfm: SDHCI platform and OF driver helper
[    1.681573] sdhci-tegra 78000000.sdhci: Got CD GPIO
[    1.686468] sdhci-tegra 78000000.sdhci: Got WP GPIO
[    1.699624] mmc0: Invalid maximum block size, assuming 512 bytes
[    1.737588] mmc0: SDHCI controller on 78000000.sdhci [78000000.sdhci] using ADMA
[    1.750033] mmc1: Invalid maximum block size, assuming 512 bytes
[    1.782299] mmc1: SDHCI controller on 78000600.sdhci [78000600.sdhci] using ADMA
[    1.791194] ledtrig-cpu: registered to indicate activity on CPUs
[    1.797484] usbcore: registered new interface driver usbhid
[    1.803040] usbhid: USB HID core driver
[    1.809422] NET: Registered protocol family 10
[    1.814606] Segment Routing with IPv6
[    1.818305] sit: IPv6, IPv4 and MPLS over IPv4 tunneling driver
[    1.824647] NET: Registered protocol family 17
[    1.829085] can: controller area network core (rev 20170425 abi 9)
[    1.835316] NET: Registered protocol family 29
[    1.839747] can: raw protocol (rev 20170425)
[    1.844014] can: broadcast manager protocol (rev 20170425 t)
[    1.849661] can: netlink gateway (rev 20170425) max_hops=1
[    1.855424] Key type dns_resolver registered
[    1.860059] ThumbEE CPU extension supported.
[    1.864337] Registering SWP/SWPB emulation handler
[    1.869516] Loading compiled-in X.509 certificates
[    1.884647] vdd_ddr: supplied by vdd_5v_in
[    1.889551] vdd_5v_sata: supplied by vdd_5v_in
[    1.894365] usb1_vbus: supplied by vdd_5v_in
[    1.898958] usb3_vbus: supplied by vdd_5v_in
[    1.905233] sys_3v3,vdd_3v3_alw: supplied by vdd_5v_in
[    1.911072] mmc0: new ultra high speed DDR50 SDHC card at address aaaa
[    1.911167] sys_3v3_pexs: supplied by sys_3v3,vdd_3v3_alw
[    1.918699] mmcblk0: mmc0:aaaa SS04G 3.69 GiB 
[    1.923234] +VDD_5V_HDMI: supplied by sys_3v3,vdd_3v3_alw
[    1.932455] mmc1: new high speed MMC card at address 0001
[    1.933746] tegra-pcie 3000.pcie: 2x3 configuration
[    1.939226] mmcblk1: mmc1:0001 SEM16G 14.8 GiB 
[    1.948642] mmcblk1boot0: mmc1:0001 SEM16G partition 1 1.00 MiB
[    1.950941] tegra-pcie 3000.pcie: probing port 0, using 2 lanes
[    1.955565] mmcblk1boot1: mmc1:0001 SEM16G partition 2 1.00 MiB
[    1.966859] mmcblk1rpmb: mmc1:0001 SEM16G partition 3 128 KiB, chardev (236:0)
[    1.976964] Primary GPT is invalid, using alternate GPT.
[    1.982278]  mmcblk1: p1 p2 p3 p4 p5
[    1.995712]  mmcblk0: p1 p2 p3
[    2.018933] tegra-pcie 3000.pcie: probing port 2, using 2 lanes
[    2.428697] tegra-pcie 3000.pcie: link 2 down, retrying
[    2.837757] tegra-pcie 3000.pcie: link 2 down, retrying
[    3.246811] tegra-pcie 3000.pcie: link 2 down, retrying
[    3.254036] tegra-pcie 3000.pcie: link 2 down, ignoring
[    3.259372] tegra-pcie 3000.pcie: PCI host bridge to bus 0000:00
[    3.265390] pci_bus 0000:00: root bus resource [io  0x0000-0xffff]
[    3.271556] pci_bus 0000:00: root bus resource [mem 0x20000000-0x27ffffff]
[    3.278425] pci_bus 0000:00: root bus resource [mem 0x28000000-0x3fffffff pref]
[    3.285727] pci_bus 0000:00: root bus resource [bus 00-ff]
[    3.291225] pci 0000:00:01.0: [10de:0e1c] type 01 class 0x060400
[    3.297242] pci_bus 0000:00: 2-byte config write to 0000:00:01.0 offset 0x4 may corrupt adjacent RW1C bits
[    3.306885] pci_bus 0000:00: 2-byte config write to 0000:00:01.0 offset 0x4 may corrupt adjacent RW1C bits
[    3.316540] pci 0000:00:01.0: enabling Extended Tags
[    3.321494] pci_bus 0000:00: 2-byte config write to 0000:00:01.0 offset 0x88 may corrupt adjacent RW1C bits
[    3.331243] pci_bus 0000:00: 2-byte config write to 0000:00:01.0 offset 0x52 may corrupt adjacent RW1C bits
[    3.340987] pci 0000:00:01.0: PME# supported from D0 D1 D2 D3hot D3cold
[    3.347597] pci_bus 0000:00: 2-byte config write to 0000:00:01.0 offset 0x4c may corrupt adjacent RW1C bits
[    3.357459] pci_bus 0000:00: 2-byte config write to 0000:00:01.0 offset 0x3e may corrupt adjacent RW1C bits
[    3.367193] pci_bus 0000:00: 2-byte config write to 0000:00:01.0 offset 0x4 may corrupt adjacent RW1C bits
[    3.376835] pci_bus 0000:00: 1-byte config write to 0000:00:01.0 offset 0xc may corrupt adjacent RW1C bits
[    3.386474] PCI: bus0: Fast back to back transfers disabled
[    3.392034] pci 0000:00:01.0: bridge configuration invalid ([bus 00-00]), reconfiguring
[    3.400029] pci_bus 0000:00: 2-byte config write to 0000:00:01.0 offset 0x3e may corrupt adjacent RW1C bits
[    3.409757] pci_bus 0000:00: 2-byte config write to 0000:00:01.0 offset 0x3e may corrupt adjacent RW1C bits
[    3.419559] pci 0000:01:00.0: [10ec:8168] type 00 class 0x020000
[    3.425588] pci 0000:01:00.0: reg 0x10: [io  0x0000-0x00ff]
[    3.431160] pci 0000:01:00.0: reg 0x18: [mem 0x00000000-0x00000fff 64bit pref]
[    3.438383] pci 0000:01:00.0: reg 0x20: [mem 0x00000000-0x00003fff 64bit pref]
[    3.445673] pci 0000:01:00.0: supports D1 D2
[    3.449930] pci 0000:01:00.0: PME# supported from D0 D1 D2 D3hot D3cold
[    3.483653] PCI: bus1: Fast back to back transfers disabled
[    3.489215] pci_bus 0000:01: busn_res: [bus 01-ff] end is updated to 01
[    3.495852] pci 0000:00:01.0: BAR 9: assigned [mem 0x28000000-0x280fffff 64bit pref]
[    3.503578] pci 0000:00:01.0: BAR 7: assigned [io  0x1000-0x1fff]
[    3.509672] pci 0000:01:00.0: BAR 4: assigned [mem 0x28000000-0x28003fff 64bit pref]
[    3.517414] pci 0000:01:00.0: BAR 2: assigned [mem 0x28004000-0x28004fff 64bit pref]
[    3.525156] pci 0000:01:00.0: BAR 0: assigned [io  0x1000-0x10ff]
[    3.531237] pci 0000:00:01.0: PCI bridge to [bus 01]
[    3.536197] pci 0000:00:01.0:   bridge window [io  0x1000-0x1fff]
[    3.542278] pci 0000:00:01.0:   bridge window [mem 0x28000000-0x280fffff 64bit pref]
[    3.550030] pci 0000:00:01.0: nv_msi_ht_cap_quirk didn't locate host bridge
[    3.557099] pcieport 0000:00:01.0: enabling device (0140 -> 0143)
[    3.563404] pcieport 0000:00:01.0: Signaling PME with IRQ 375
[    3.569407] r8169 Gigabit Ethernet driver 2.3LK-NAPI loaded
[    3.575006] r8169 0000:01:00.0: enabling device (0140 -> 0143)
[    3.581731] r8169 0000:01:00.0 eth0: RTL8168evl/8111evl at 0xce24f51f, 02:04:4b:01:60:a6, XID 0c900800 IRQ 376
[    3.591735] r8169 0000:01:00.0 eth0: jumbo features [frames: 9200 bytes, tx checksumming: ko]
[    3.603420] [drm] Supports vblank timestamp caching Rev 2 (21.10.2013).
[    3.610067] [drm] No driver support for vblank timestamp query.
[    3.616029] [drm] Cannot find any crtc or sizes
[    3.620651] [drm] Initialized tegra 0.0.0 20120330 for drm on minor 0
[    3.630081] tegra-ehci 7d004000.usb: EHCI Host Controller
[    3.635520] tegra-ehci 7d004000.usb: new USB bus registered, assigned bus number 1
[    3.643274] tegra-ehci 7d004000.usb: irq 344, io mem 0x7d004000
[    3.649236] [drm] Cannot find any crtc or sizes
[    3.674408] tegra-ehci 7d004000.usb: USB 2.0 started, EHCI 1.00
[    3.680829] hub 1-0:1.0: USB hub found
[    3.684617] hub 1-0:1.0: 1 port detected
[    3.689779] tegra-ehci 7d008000.usb: EHCI Host Controller
[    3.695203] tegra-ehci 7d008000.usb: new USB bus registered, assigned bus number 2
[    3.702940] tegra-ehci 7d008000.usb: irq 345, io mem 0x7d008000
[    3.734028] tegra-ehci 7d008000.usb: USB 2.0 started, EHCI 1.00
[    3.740320] hub 2-0:1.0: USB hub found
[    3.744110] hub 2-0:1.0: 1 port detected
[    3.753292] tps65910-rtc tps65910-rtc: setting system clock to 2000-01-01 00:00:02 UTC (946684802)
[    3.762862] vdd_sata,avdd_plle: disabling
[    3.767630] usb1_vbus: disabling
[    3.772852] EXT4-fs (mmcblk1p1): mounting ext3 file system using the ext4 subsystem
[    3.787873] EXT4-fs (mmcblk1p1): warning: mounting fs with errors, running e2fsck is recommended
[    3.798097] EXT4-fs (mmcblk1p1): recovery complete
[    3.802885] EXT4-fs (mmcblk1p1): mounted filesystem with ordered data mode. Opts: (null)
[    3.811006] VFS: Mounted root (ext3 filesystem) on device 179:17.
[    3.827408] devtmpfs: mounted
[    3.832849] Freeing unused kernel memory: 2048K
bash: cannot set terminal process group (-1): Inappropriate ioctl for device
bash: no job control in this shell
root@(none):/# [    4.114042] usb 2-1: new high-speed USB device number 2 using tegra-ehci
[    4.803273] asix 2-1:1.0 eth1: register 'asix' at usb-7d008000.usb-1, ASIX AX88772 USB 2.0 Ethernet, 00:50:b6:0f:67:60
mount -t sysfs none /sys
root@(none):/# 
root@(none):/# mount -t debugfs none /sys/kernel/debug
root@(none):/# 
root@(none):/# rtcwake -d rtc1 -m mem -s 3
rtcwake: wakeup from "mem" using /dev/rtc1 at Thu Jan  1 00:00:22 1970
[    7.345589] PM: suspend entry (deep)
[    7.349164] PM: Syncing filesystems ... done.
[    7.355597] Freezing user space processes ... (elapsed 0.001 seconds) done.
[    7.363664] OOM killer disabled.
[    7.366880] Freezing remaining freezable tasks ... (elapsed 0.001 seconds) done.
[    7.375395] Suspending console(s) (use no_console_suspend to debug)
[    7.464558] Disabling non-boot CPUs ...
[    7.643778] IRQ17 no longer affine to CPU3
[    7.644313] Entering suspend state LP1
[    7.644327] Enabling non-boot CPUs ...
[    7.644981] CPU1 is up
[    7.645599] CPU2 is up
[    7.646287] CPU3 is up
[    7.647291] pcieport 0000:00:01.0: nv_msi_ht_cap_quirk didn't locate host bridge
[    8.294419] OOM killer enabled.
[    8.297553] Restarting tasks ... done.
[    8.301614] PM: suspend exit
root@(none):/# 
root@(none):/# rtcwake -d rtc1 -m mem -s 3
rtcwake: wakeup from "mem" using /dev/rtc1 at Thu Jan  1 00:00:27 1970
[    9.371140] PM: suspend entry (deep)
[    9.374735] PM: Syncing filesystems ... done.
[    9.380080] Freezing user space processes ... (elapsed 0.001 seconds) done.
[    9.388158] OOM killer disabled.
[    9.391373] Freezing remaining freezable tasks ... (elapsed 0.001 seconds) done.
[    9.399884] Suspending console(s) (use no_console_suspend to debug)
[    9.444580] pci_generic_config_write32: 33 callbacks suppressed
[    9.444593] pci_bus 0000:00: 2-byte config write to 0000:00:01.0 offset 0x9c may corrupt adjacent RW1C bits
[    9.494560] Disabling non-boot CPUs ...
[    9.673751] IRQ17 no longer affine to CPU3
[    9.674170] Entering suspend state LP1
[    9.674185] Enabling non-boot CPUs ...
[    9.675024] CPU1 is up
[    9.675793] CPU2 is up
[    9.676639] CPU3 is up
[    9.677804] pci_bus 0000:00: 2-byte config write to 0000:00:01.0 offset 0x4c may corrupt adjacent RW1C bits
[    9.677816] pci_bus 0000:00: 2-byte config write to 0000:00:01.0 offset 0x88 may corrupt adjacent RW1C bits
[    9.677824] pci_bus 0000:00: 2-byte config write to 0000:00:01.0 offset 0x90 may corrupt adjacent RW1C bits
[    9.677829] pci_bus 0000:00: 2-byte config write to 0000:00:01.0 offset 0x98 may corrupt adjacent RW1C bits
[    9.677836] pci_bus 0000:00: 2-byte config write to 0000:00:01.0 offset 0x9c may corrupt adjacent RW1C bits
[    9.677857] pci_bus 0000:00: 2-byte config write to 0000:00:01.0 offset 0x52 may corrupt adjacent RW1C bits
[    9.677865] pci_bus 0000:00: 2-byte config write to 0000:00:01.0 offset 0x52 may corrupt adjacent RW1C bits
[    9.677871] pci_bus 0000:00: 2-byte config write to 0000:00:01.0 offset 0x5c may corrupt adjacent RW1C bits
[    9.677879] pci_bus 0000:00: 2-byte config write to 0000:00:01.0 offset 0x52 may corrupt adjacent RW1C bits
[    9.677903] pcieport 0000:00:01.0: nv_msi_ht_cap_quirk didn't locate host bridge
[   10.431662] OOM killer enabled.
[   10.434799] Restarting tasks ... done.
[   10.438942] PM: suspend exit
root@(none):/# 
root@(none):/# rtcwake -d rtc1 -m mem -s 3
rtcwake: wakeup from "mem" using /dev/rtc1 at Thu Jan  1 00:00:32 1970
[   11.403163] PM: suspend entry (deep)
[   11.406773] PM: Syncing filesystems ... done.
[   11.412426] Freezing user space processes ... (elapsed 0.001 seconds) done.
[   11.420532] OOM killer disabled.
[   11.423760] Freezing remaining freezable tasks ... (elapsed 0.001 seconds) done.
[   11.432285] Suspending console(s) (use no_console_suspend to debug)
[   11.524738] Disabling non-boot CPUs ...
[   11.573936] IRQ17 no longer affine to CPU1
[   11.674236] Entering suspend state LP1
[   11.674252] Enabling non-boot CPUs ...
[   11.675094] CPU1 is up
[   11.675873] CPU2 is up
[   11.676693] CPU3 is up
[   11.677843] pcieport 0000:00:01.0: nv_msi_ht_cap_quirk didn't locate host bridge
[   12.339433] OOM killer enabled.
[   12.342562] Restarting tasks ... done.
[   12.346724] PM: suspend exit
root@(none):/# 
root@(none):/# rtcwake -d rtc1 -m mem -s 3
rtcwake: wakeup from "mem" using /dev/rtc1 at Thu Jan  1 00:00:37 1970
[   13.396737] PM: suspend entry (deep)
[   13.400316] PM: Syncing filesystems ... done.
[   13.405988] Freezing user space processes ... (elapsed 0.001 seconds) done.
[   13.414101] OOM killer disabled.
[   13.417318] Freezing remaining freezable tasks ... (elapsed 0.001 seconds) done.
[   13.425861] Suspending console(s) (use no_console_suspend to debug)
[   13.514706] Disabling non-boot CPUs ...
[   13.573912] IRQ17 no longer affine to CPU1
[   13.694182] Entering suspend state LP1
[   13.694199] Enabling non-boot CPUs ...
[   13.695038] CPU1 is up
[   13.695814] CPU2 is up
[   13.696635] CPU3 is up
[   13.697793] pcieport 0000:00:01.0: nv_msi_ht_cap_quirk didn't locate host bridge
[   14.357369] OOM killer enabled.
[   14.360497] Restarting tasks ... done.
[   14.364665] PM: suspend exit
root@(none):/# 
root@(none):/# rtcwake -d rtc1 -m mem -s 3
rtcwake: wakeup from "mem" using /dev/rtc1 at Thu Jan  1 00:00:42 1970
[   15.416946] PM: suspend entry (deep)
[   15.420526] PM: Syncing filesystems ... done.
[   15.426193] Freezing user space processes ... (elapsed 0.001 seconds) done.
[   15.434302] OOM killer disabled.
[   15.437518] Freezing remaining freezable tasks ... (elapsed 0.001 seconds) done.
[   15.446068] Suspending console(s) (use no_console_suspend to debug)
[   15.494774] pci_generic_config_write32: 26 callbacks suppressed
[   15.494793] pci_bus 0000:00: 2-byte config write to 0000:00:01.0 offset 0x9c may corrupt adjacent RW1C bits
[   15.544670] Disabling non-boot CPUs ...
[   15.583881] IRQ17 no longer affine to CPU1
[   15.684184] Entering suspend state LP1
[   15.684200] Enabling non-boot CPUs ...
[   15.685048] CPU1 is up
[   15.685831] CPU2 is up
[   15.686656] CPU3 is up
[   15.687764] pci_bus 0000:00: 2-byte config write to 0000:00:01.0 offset 0x4c may corrupt adjacent RW1C bits
[   15.687777] pci_bus 0000:00: 2-byte config write to 0000:00:01.0 offset 0x88 may corrupt adjacent RW1C bits
[   15.687785] pci_bus 0000:00: 2-byte config write to 0000:00:01.0 offset 0x90 may corrupt adjacent RW1C bits
[   15.687793] pci_bus 0000:00: 2-byte config write to 0000:00:01.0 offset 0x98 may corrupt adjacent RW1C bits
[   15.687798] pci_bus 0000:00: 2-byte config write to 0000:00:01.0 offset 0x9c may corrupt adjacent RW1C bits
[   15.687818] pci_bus 0000:00: 2-byte config write to 0000:00:01.0 offset 0x52 may corrupt adjacent RW1C bits
[   15.687825] pci_bus 0000:00: 2-byte config write to 0000:00:01.0 offset 0x52 may corrupt adjacent RW1C bits
[   15.687832] pci_bus 0000:00: 2-byte config write to 0000:00:01.0 offset 0x5c may corrupt adjacent RW1C bits
[   15.687840] pci_bus 0000:00: 2-byte config write to 0000:00:01.0 offset 0x52 may corrupt adjacent RW1C bits
[   15.687860] pcieport 0000:00:01.0: nv_msi_ht_cap_quirk didn't locate host bridge
[   16.442110] OOM killer enabled.
[   16.445249] Restarting tasks ... done.
[   16.449387] PM: suspend exit
root@(none):/# 
root@(none):/# rtcwake -d rtc1 -m mem -s 3
rtcwake: wakeup from "mem" using /dev/rtc1 at Thu Jan  1 00:00:47 1970
[   17.406706] PM: suspend entry (deep)
[   17.410289] PM: Syncing filesystems ... done.
[   17.415955] Freezing user space processes ... (elapsed 0.001 seconds) done.
[   17.424068] OOM killer disabled.
[   17.427284] Freezing remaining freezable tasks ... (elapsed 0.001 seconds) done.
[   17.435828] Suspending console(s) (use no_console_suspend to debug)
[   17.524657] Disabling non-boot CPUs ...
[   17.573866] IRQ17 no longer affine to CPU1
[   17.694139] Entering suspend state LP1
[   17.694156] Enabling non-boot CPUs ...
[   17.695012] CPU1 is up
[   17.695792] CPU2 is up
[   17.696636] CPU3 is up
[   17.697783] pcieport 0000:00:01.0: nv_msi_ht_cap_quirk didn't locate host bridge
[   18.349478] OOM killer enabled.
[   18.352608] Restarting tasks ... done.
[   18.356763] PM: suspend exit
root@(none):/# 
root@(none):/# rtcwake -d rtc1 -m mem -s 3
rtcwake: wakeup from "mem" using /dev/rtc1 at Thu Jan  1 00:00:52 1970
[   19.416876] PM: suspend entry (deep)
[   19.420455] PM: Syncing filesystems ... done.
[   19.426132] Freezing user space processes ... (elapsed 0.001 seconds) done.
[   19.434241] OOM killer disabled.
[   19.437458] Freezing remaining freezable tasks ... (elapsed 0.001 seconds) done.
[   19.445999] Suspending console(s) (use no_console_suspend to debug)
[   19.544623] Disabling non-boot CPUs ...
[   19.583837] IRQ17 no longer affine to CPU1
[   19.684100] Entering suspend state LP1
[   19.684115] Enabling non-boot CPUs ...
[   19.684966] CPU1 is up
[   19.685734] CPU2 is up
[   19.686558] CPU3 is up
[   19.687708] pcieport 0000:00:01.0: nv_msi_ht_cap_quirk didn't locate host bridge
[   20.347861] OOM killer enabled.
[   20.350989] Restarting tasks ... done.
[   20.355142] PM: suspend exit
root@(none):/# 
root@(none):/# rtcwake -d rtc1 -m mem -s 3
rtcwake: wakeup from "mem" using /dev/rtc1 at Thu Jan  1 00:00:57 1970
[   21.406523] PM: suspend entry (deep)
[   21.410104] PM: Syncing filesystems ... done.
[   21.415771] Freezing user space processes ... (elapsed 0.001 seconds) done.
[   21.423883] OOM killer disabled.
[   21.427098] Freezing remaining freezable tasks ... (elapsed 0.001 seconds) done.
[   21.435642] Suspending console(s) (use no_console_suspend to debug)
[   21.474696] pci_generic_config_write32: 26 callbacks suppressed
[   21.474713] pci_bus 0000:00: 2-byte config write to 0000:00:01.0 offset 0x9c may corrupt adjacent RW1C bits
[   21.524591] Disabling non-boot CPUs ...
[   21.573806] IRQ17 no longer affine to CPU1
[   21.694093] Entering suspend state LP1
[   21.694109] Enabling non-boot CPUs ...
[   21.694962] CPU1 is up
[   21.695732] CPU2 is up
[   21.696570] CPU3 is up
[   21.697677] pci_bus 0000:00: 2-byte config write to 0000:00:01.0 offset 0x4c may corrupt adjacent RW1C bits
[   21.697691] pci_bus 0000:00: 2-byte config write to 0000:00:01.0 offset 0x88 may corrupt adjacent RW1C bits
[   21.697699] pci_bus 0000:00: 2-byte config write to 0000:00:01.0 offset 0x90 may corrupt adjacent RW1C bits
[   21.697704] pci_bus 0000:00: 2-byte config write to 0000:00:01.0 offset 0x98 may corrupt adjacent RW1C bits
[   21.697711] pci_bus 0000:00: 2-byte config write to 0000:00:01.0 offset 0x9c may corrupt adjacent RW1C bits
[   21.697736] pci_bus 0000:00: 2-byte config write to 0000:00:01.0 offset 0x52 may corrupt adjacent RW1C bits
[   21.697743] pci_bus 0000:00: 2-byte config write to 0000:00:01.0 offset 0x52 may corrupt adjacent RW1C bits
[   21.697750] pci_bus 0000:00: 2-byte config write to 0000:00:01.0 offset 0x5c may corrupt adjacent RW1C bits
[   21.697758] pci_bus 0000:00: 2-byte config write to 0000:00:01.0 offset 0x52 may corrupt adjacent RW1C bits
[   21.697781] pcieport 0000:00:01.0: nv_msi_ht_cap_quirk didn't locate host bridge
[   22.461552] OOM killer enabled.
[   22.464689] Restarting tasks ... done.
[   22.468828] PM: suspend exit
root@(none):/# 
root@(none):/# rtcwake -d rtc1 -m mem -s 3
rtcwake: wakeup from "mem" using /dev/rtc1 at Thu Jan  1 00:01:02 1970
[   23.419314] PM: suspend entry (deep)
[   23.422895] PM: Syncing filesystems ... done.
[   23.428536] Freezing user space processes ... (elapsed 0.001 seconds) done.
[   23.436651] OOM killer disabled.
[   23.439869] Freezing remaining freezable tasks ... (elapsed 0.001 seconds) done.
[   23.448413] Suspending console(s) (use no_console_suspend to debug)
[   23.544564] Disabling non-boot CPUs ...
[   23.593779] IRQ17 no longer affine to CPU1
[   23.694059] Entering suspend state LP1
[   23.694075] Enabling non-boot CPUs ...
[   23.694928] CPU1 is up
[   23.695701] CPU2 is up
[   23.696529] CPU3 is up
[   23.697717] pcieport 0000:00:01.0: nv_msi_ht_cap_quirk didn't locate host bridge
[   24.348318] OOM killer enabled.
[   24.351446] Restarting tasks ... done.
[   24.355608] PM: suspend exit
root@(none):/# 
root@(none):/# rtcwake -d rtc1 -m mem -s 3
rtcwake: wakeup from "mem" using /dev/rtc1 at Thu Jan  1 00:01:07 1970
[   25.416582] PM: suspend entry (deep)
[   25.420159] PM: Syncing filesystems ... done.
[   25.425814] Freezing user space processes ... (elapsed 0.001 seconds) done.
[   25.433920] OOM killer disabled.
[   25.437135] Freezing remaining freezable tasks ... (elapsed 0.001 seconds) done.
[   25.445675] Suspending console(s) (use no_console_suspend to debug)
[   25.534542] Disabling non-boot CPUs ...
[   25.573759] IRQ17 no longer affine to CPU1
[   25.674040] Entering suspend state LP1
[   25.674056] Enabling non-boot CPUs ...
[   25.674907] CPU1 is up
[   25.675669] CPU2 is up
[   25.676508] CPU3 is up
[   25.677663] pcieport 0000:00:01.0: nv_msi_ht_cap_quirk didn't locate host bridge
[   26.339406] OOM killer enabled.
[   26.342538] Restarting tasks ... done.
[   26.346696] PM: suspend exit
root@(none):/# 
root@(none):/# NVTB SYSTEM SUSPEND TEST COMPLETE
