Diff for ./qemu-vexpress64/__internal/defconfig_log.txt
--- /tmp/fooa	2016-09-15 22:15:00.956481311 -0700
+++ /tmp/foob	2016-09-15 22:15:00.960481315 -0700
@@ -1,5 +1,5 @@
 Booting Linux on physical CPU 0x0
-Linux version 4.8.0-rc6-next-20160915-143671-gc96ee51 (pwalmsley@tamien) (gcc version 4.9.2 20140904 (prerelease) (crosstool-NG linaro-1.13.1-4.9-2014.09 - Linaro GCC 4.9-2014.09) ) #1 SMP PREEMPT Thu Sep 15 00:08:39 PDT 2016
+Linux version 4.8.0-rc6-next-20160916-143889-gddf9d15 (pwalmsley@tamien) (gcc version 4.9.2 20140904 (prerelease) (crosstool-NG linaro-1.13.1-4.9-2014.09 - Linaro GCC 4.9-2014.09) ) #1 SMP PREEMPT Thu Sep 15 22:10:25 PDT 2016
 Boot CPU: AArch64 Processor [411fd070]
 Memory limited to 1024MB
 efi: Getting EFI parameters from FDT:
@@ -18,7 +18,7 @@
 PID hash table entries: 4096 (order: 3, 32768 bytes)
 Dentry cache hash table entries: 131072 (order: 8, 1048576 bytes)
 Inode-cache hash table entries: 65536 (order: 7, 524288 bytes)
-Memory: 999728K/1048576K available (8188K kernel code, 828K rwdata, 3860K rodata, 1024K init, 275K bss, 32464K reserved, 16384K cma-reserved)
+Memory: 999732K/1048576K available (8188K kernel code, 828K rwdata, 3864K rodata, 1024K init, 275K bss, 32460K reserved, 16384K cma-reserved)
 Virtual kernel memory layout:
     modules : 0xffff000000000000 - 0xffff000008000000   (   128 MB)
     vmalloc : 0xffff000008000000 - 0xffff7dffbfff0000   (129022 GB)
@@ -26,7 +26,7 @@
     .rodata : 0xffff000008880000 - 0xffff000008c50000   (  3904 KB)
       .init : 0xffff000008c50000 - 0xffff000008d50000   (  1024 KB)
       .data : 0xffff000008d50000 - 0xffff000008e1f200   (   829 KB)
-       .bss : 0xffff000008e1f200 - 0xffff000008e640c0   (   276 KB)
+       .bss : 0xffff000008e1f200 - 0xffff000008e63fc0   (   276 KB)
     fixed   : 0xffff7dfffe7fd000 - 0xffff7dfffec00000   (  4108 KB)
     PCI I/O : 0xffff7dfffee00000 - 0xffff7dffffe00000   (    16 MB)
     vmemmap : 0xffff7e0000000000 - 0xffff800000000000   (  2048 GB maximum)
@@ -101,7 +101,7 @@
 kvm [1]: HYP mode not available
 futex hash table entries: 256 (order: 3, 32768 bytes)
 audit: initializing netlink subsys (disabled)
-audit: type=2000 audit(0.900:1): initialized
+audit: type=2000 audit(0.776:1): initialized
 workingset: timestamp_bits=46 max_order=18 bucket_order=0
 squashfs: version 4.0 (2009/01/31) Phillip Lougher
 NFS: Registering the id_resolver key type
@@ -168,7 +168,7 @@
 Key type dns_resolver registered
 registered taskstats version 1
 input: gpio-keys as /devices/platform/gpio-keys/input/input0
-rtc-pl031 9010000.pl031: setting system clock to 2016-09-15 07:09:18 UTC (1473923358)
+rtc-pl031 9010000.pl031: setting system clock to 2016-09-16 05:11:06 UTC (1474002666)
 ALSA device list:
   No soundcards found.
 uart-pl011 9000000.pl011: no DMA platform data
Diff for ./tegra114-dalmore-a04/tegra114-dalmore/multi_v7_defconfig_log.txt
--- /tmp/fooa	2016-09-15 22:15:00.984481342 -0700
+++ /tmp/foob	2016-09-15 22:15:00.984481342 -0700
@@ -14,7 +14,7 @@
 Err:   serial
 Net:   Net Initialization Skipped
 No ethernet found.
-Hit any key to stop autoboot:  2  1  0 
+Hit any key to stop autoboot:  2  0 
 Tegra114 (Dalmore) # 
 Tegra114 (Dalmore) # usb reset
 (Re)start USB...
@@ -41,18 +41,18 @@
 	 ##################################
 	 2.9 MiB/s
 done
-Bytes transferred = 7170312 (6d6908 hex)
+Bytes transferred = 7177016 (6d8338 hex)
 Tegra114 (Dalmore) # tftpboot 0x82000000 tegra114-dalmore.dtb
 Using asx0 device
 TFTP from server 192.168.100.1; our IP address is 192.168.100.100
 Filename 'tegra114-dalmore.dtb'.
 Load address: 0x82000000
 Loading: *###
-	 2.8 MiB/s
+	 2.6 MiB/s
 done
 Bytes transferred = 35044 (88e4 hex)
 Tegra114 (Dalmore) # bootz 0x81000000 - 0x82000000
-Kernel image @ 0x81000000 [ 0x000000 - 0x6d6908 ]
+Kernel image @ 0x81000000 [ 0x000000 - 0x6d8338 ]
 ## Flattened Device Tree blob at 82000000
    Booting using the fdt blob at 0x82000000
    Loading Device Tree to 8fff4000, end 8ffff8e3 ... OK
@@ -60,7 +60,7 @@
 Starting kernel ...
 
 Booting Linux on physical CPU 0x0
-Linux version 4.8.0-rc6-next-20160915-119238-gc96ee51 (pwalmsley@sellafield) (gcc version 4.7.3 20130328 (prerelease) (crosstool-NG linaro-1.13.1-4.7-2013.04-20130415 - Linaro GCC 2013.04) ) #1 SMP Thu Sep 15 00:04:51 PDT 2016
+Linux version 4.8.0-rc6-next-20160916-119456-gddf9d15 (pwalmsley@sellafield) (gcc version 4.7.3 20130328 (prerelease) (crosstool-NG linaro-1.13.1-4.7-2013.04-20130415 - Linaro GCC 2013.04) ) #1 SMP Thu Sep 15 22:05:34 PDT 2016
 CPU: ARMv7 Processor [412fc0f2] revision 2 (ARMv7), cr=10c5387d
 CPU: div instructions available: patching division code
 CPU: PIPT / VIPT nonaliasing data cache, PIPT instruction cache
@@ -93,7 +93,7 @@
       .text : 0xc0208000 - 0xc0c00000   (10208 kB)
       .init : 0xc1100000 - 0xc1300000   (2048 kB)
       .data : 0xc1300000 - 0xc1427ac0   (1183 kB)
-       .bss : 0xc1429000 - 0xc147eac8   ( 343 kB)
+       .bss : 0xc1429000 - 0xc147ea88   ( 343 kB)
 SLUB: HWalign=64, Order=0-3, MinObjects=0, CPUs=4, Nodes=1
 Hierarchical RCU implementation.
 	Build-time adjustment of leaf fanout to 32.
@@ -301,19 +301,19 @@
 Registering SWP/SWPB emulation handler
 usb1_vbus: supplied by vdd-sys-5v0
 usb2_vbus: supplied by vdd-sys-5v0
-mmc0: new high speed SDHC card at address aaaa
 VDD_5V0_HDMI_CON: supplied by vdd-sys-5v0
+mmc0: new high speed SDHC card at address aaaa
+mmcblk0: mmc0:aaaa SL16G 14.8 GiB 
 [drm] Supports vblank timestamp caching Rev 2 (21.10.2013).
 [drm] No driver support for vblank timestamp query.
-mmcblk0: mmc0:aaaa SL16G 14.8 GiB 
  mmcblk0: p1 p2 p3
-Console: switching to colour frame buffer device 240x75
 mmc1: new high speed MMC card at address 0001
 mmcblk1: mmc1:0001 SEM32G 29.1 GiB 
 mmcblk1boot0: mmc1:0001 SEM32G partition 1 4.00 MiB
 mmcblk1boot1: mmc1:0001 SEM32G partition 2 4.00 MiB
 mmcblk1rpmb: mmc1:0001 SEM32G partition 3 4.00 MiB
  mmcblk1: p1 p2 p3 p4 p5 p6 p7 p8
+Console: switching to colour frame buffer device 240x75
 drm drm: fb0:  frame buffer device
 [drm] Initialized tegra 0.0.0 20120330 on minor 0
 tegra-ehci 7d008000.usb: EHCI Host Controller
@@ -323,7 +323,7 @@
 hub 1-0:1.0: USB hub found
 hub 1-0:1.0: 1 port detected
 input: gpio-keys as /devices/soc0/gpio-keys/input/input0
-palmas-rtc 7000d000.i2c:tps65913@58:rtc: setting system clock to 2000-07-09 18:32:37 UTC (963167557)
+palmas-rtc 7000d000.i2c:tps65913@58:rtc: setting system clock to 2000-07-10 16:33:15 UTC (963246795)
 dvdd_ts: disabling
 usb1_vbus: disabling
 vdd_cam_1v8_reg: disabling
@@ -335,4 +335,4 @@
 Freeing unused kernel memory: 2048K (c1100000 - c1300000)
 bash: cannot set terminal process group (-1): Inappropriate ioctl for device
 bash: no job control in this shell
-root@(none):/# [    2.415221] usb 1-1: new high-speed USB device number 2 using tegra-ehci
+root@(none):/# [    2.415281] usb 1-1: new high-speed USB device number 2 using tegra-ehci
Diff for ./tegra114-dalmore-a04/tegra114-dalmore/tegra_defconfig_log.txt
--- /tmp/fooa	2016-09-15 22:15:00.992481351 -0700
+++ /tmp/foob	2016-09-15 22:15:00.996481355 -0700
@@ -14,7 +14,7 @@
 Err:   serial
 Net:   Net Initialization Skipped
 No ethernet found.
-Hit any key to stop autoboot:  2  1  0 
+Hit any key to stop autoboot:  2  0 
 Tegra114 (Dalmore) # 
 Tegra114 (Dalmore) # usb reset
 (Re)start USB...
@@ -37,20 +37,20 @@
 	 #################################################################
 	 #################################################################
 	 ##############################################
-	 3 MiB/s
+	 3.1 MiB/s
 done
-Bytes transferred = 5438032 (52fa50 hex)
+Bytes transferred = 5438160 (52fad0 hex)
 Tegra114 (Dalmore) # tftpboot 0x82000000 tegra114-dalmore.dtb
 Using asx0 device
 TFTP from server 192.168.100.1; our IP address is 192.168.100.100
 Filename 'tegra114-dalmore.dtb'.
 Load address: 0x82000000
 Loading: *###
-	 2.8 MiB/s
+	 3 MiB/s
 done
 Bytes transferred = 35044 (88e4 hex)
 Tegra114 (Dalmore) # bootz 0x81000000 - 0x82000000
-Kernel image @ 0x81000000 [ 0x000000 - 0x52fa50 ]
+Kernel image @ 0x81000000 [ 0x000000 - 0x52fad0 ]
 ## Flattened Device Tree blob at 82000000
    Booting using the fdt blob at 0x82000000
    Loading Device Tree to 8fff4000, end 8ffff8e3 ... OK
@@ -59,7 +59,7 @@
 
 Uncompressing Linux... done, booting the kernel.
 Booting Linux on physical CPU 0x0
-Linux version 4.8.0-rc6-next-20160915-119238-gc96ee51 (pwalmsley@kaivo) (gcc version 4.7.3 20130328 (prerelease) (crosstool-NG linaro-1.13.1-4.7-2013.04-20130415 - Linaro GCC 2013.04) ) #1 SMP PREEMPT Thu Sep 15 00:04:45 PDT 2016
+Linux version 4.8.0-rc6-next-20160916-119456-gddf9d15 (pwalmsley@kaivo) (gcc version 4.7.3 20130328 (prerelease) (crosstool-NG linaro-1.13.1-4.7-2013.04-20130415 - Linaro GCC 2013.04) ) #1 SMP PREEMPT Thu Sep 15 22:05:27 PDT 2016
 CPU: ARMv7 Processor [412fc0f2] revision 2 (ARMv7), cr=10c5387d
 CPU: div instructions available: patching division code
 CPU: PIPT / VIPT nonaliasing data cache, PIPT instruction cache
@@ -93,7 +93,7 @@
       .text : 0xc0008000 - 0xc0900000   (9184 kB)
       .init : 0xc0c00000 - 0xc0d00000   (1024 kB)
       .data : 0xc0d00000 - 0xc0d5dd80   ( 376 kB)
-       .bss : 0xc0d5f000 - 0xc0dbab00   ( 367 kB)
+       .bss : 0xc0d5f000 - 0xc0dbaa80   ( 367 kB)
 Preemptible hierarchical RCU implementation.
 	Build-time adjustment of leaf fanout to 32.
 NR_IRQS:16 nr_irqs:16 16
@@ -322,7 +322,7 @@
 hub 1-0:1.0: USB hub found
 hub 1-0:1.0: 1 port detected
 input: gpio-keys as /devices/soc0/gpio-keys/input/input1
-palmas-rtc 7000d000.i2c:tps65913@58:rtc: setting system clock to 2000-07-09 18:29:51 UTC (963167391)
+palmas-rtc 7000d000.i2c:tps65913@58:rtc: setting system clock to 2000-07-10 16:30:31 UTC (963246631)
 dvdd_ts: disabling
 usb1_vbus: disabling
 vdd_cam_1v8_reg: disabling
Diff for ./tegra124-jetson-tk1/tegra124-jetson-tk1/multi_v7_defconfig_log.txt
--- /tmp/fooa	2016-09-15 22:15:01.000481360 -0700
+++ /tmp/foob	2016-09-15 22:15:01.004481364 -0700
@@ -36,7 +36,7 @@
 	 ##################################
 	 3.9 MiB/s
 done
-Bytes transferred = 7170312 (6d6908 hex)
+Bytes transferred = 7177016 (6d8338 hex)
 Tegra124 (Jetson TK1) # tftpboot 0x83000000 tegra124-jetson-tk1.dtb
 Using eth_rtl8169 device
 TFTP from server 192.168.100.1; our IP address is 192.168.100.102
@@ -47,7 +47,7 @@
 done
 Bytes transferred = 66405 (10365 hex)
 Tegra124 (Jetson TK1) # bootz 0x82000000 - 0x83000000
-Kernel image @ 0x82000000 [ 0x000000 - 0x6d6908 ]
+Kernel image @ 0x82000000 [ 0x000000 - 0x6d8338 ]
 ## Flattened Device Tree blob at 83000000
    Booting using the fdt blob at 0x83000000
    Using Device Tree in place at 83000000, end 83013364
@@ -55,7 +55,7 @@
 Starting kernel ...
 
 Booting Linux on physical CPU 0x0
-Linux version 4.8.0-rc6-next-20160915-119238-gc96ee51 (pwalmsley@sellafield) (gcc version 4.7.3 20130328 (prerelease) (crosstool-NG linaro-1.13.1-4.7-2013.04-20130415 - Linaro GCC 2013.04) ) #1 SMP Thu Sep 15 00:04:51 PDT 2016
+Linux version 4.8.0-rc6-next-20160916-119456-gddf9d15 (pwalmsley@sellafield) (gcc version 4.7.3 20130328 (prerelease) (crosstool-NG linaro-1.13.1-4.7-2013.04-20130415 - Linaro GCC 2013.04) ) #1 SMP Thu Sep 15 22:05:34 PDT 2016
 CPU: ARMv7 Processor [413fc0f3] revision 3 (ARMv7), cr=10c5387d
 CPU: div instructions available: patching division code
 CPU: PIPT / VIPT nonaliasing data cache, PIPT instruction cache
@@ -88,7 +88,7 @@
       .text : 0xc0208000 - 0xc0c00000   (10208 kB)
       .init : 0xc1100000 - 0xc1300000   (2048 kB)
       .data : 0xc1300000 - 0xc1427ac0   (1183 kB)
-       .bss : 0xc1429000 - 0xc147eac8   ( 343 kB)
+       .bss : 0xc1429000 - 0xc147ea88   ( 343 kB)
 SLUB: HWalign=64, Order=0-3, MinObjects=0, CPUs=4, Nodes=1
 Hierarchical RCU implementation.
 	Build-time adjustment of leaf fanout to 32.
@@ -295,7 +295,6 @@
 can: raw protocol (rev 20120528)
 can: broadcast manager protocol (rev 20160617 t)
 can: netlink gateway (rev 20130117) max_hops=1
-mmc0: new high speed MMC card at address 0001
 Key type dns_resolver registered
 ThumbEE CPU extension supported.
 Registering SWP/SWPB emulation handler
@@ -308,6 +307,12 @@
 +5V_SATA: supplied by +5V_SYS
 +12V_SATA: supplied by +VDD_MUX
 usb2-0 supply vbus not found, using dummy regulator
+mmc0: new high speed MMC card at address 0001
+mmcblk0: mmc0:0001 SEM16G 14.7 GiB 
+mmcblk0boot0: mmc0:0001 SEM16G partition 1 4.00 MiB
+mmcblk0boot1: mmc0:0001 SEM16G partition 2 4.00 MiB
+mmcblk0rpmb: mmc0:0001 SEM16G partition 3 4.00 MiB
+ mmcblk0: p1
 usb2-1 supply vbus not found, using dummy regulator
 usb3-0 supply vbus not found, using dummy regulator
 tegra-pcie 1003000.pcie-controller: 2x1, 1x1 configuration
@@ -372,6 +377,7 @@
 pci 0000:01:00.0: PME# supported from D0 D3hot D3cold
 PCI: bus1: Fast back to back transfers disabled
 pci_bus 0000:01: busn_res: [bus 01-ff] end is updated to 01
+ata1: SATA link down (SStatus 0 SControl 300)
 pci 0000:02:00.0: [10ec:8168] type 00 class 0x020000
 pci 0000:02:00.0: reg 0x10: [io  0x0000-0x00ff]
 pci 0000:02:00.0: reg 0x18: [mem 0x00000000-0x00000fff 64bit]
@@ -406,29 +412,22 @@
 pcie_pme 0000:00:02.0:pcie001: service driver pcie_pme loaded
 r8169 Gigabit Ethernet driver 2.3LK-NAPI loaded
 r8169 0000:02:00.0: enabling device (0140 -> 0143)
-r8169 0000:02:00.0 eth0: RTL8168g/8111g at 0xf0a43000, 00:04:4b:3a:d9:81, XID 0c000800 IRQ 395
+r8169 0000:02:00.0 eth0: RTL8168g/8111g at 0xf0a4d000, 00:04:4b:3a:d9:81, XID 0c000800 IRQ 395
 r8169 0000:02:00.0 eth0: jumbo features [frames: 9200 bytes, tx checksumming: ko]
-[drm] Supports vblank timestamp caching Rev 2 (21.10.2013).
-[drm] No driver support for vblank timestamp query.
-drm drm: No connectors reported connected with modes
-[drm] Cannot find any crtc or sizes - going 1024x768
-ata1: SATA link down (SStatus 0 SControl 300)
 mmc1: new high speed SDHC card at address aaaa
 mmcblk1: mmc1:aaaa SD04G 3.69 GiB 
+[drm] Supports vblank timestamp caching Rev 2 (21.10.2013).
+[drm] No driver support for vblank timestamp query.
  mmcblk1: p1 p2 p3
-Console: switching to colour frame buffer device 128x48
+tegra-hdmi 54280000.hdmi: cannot set audio to 48000 Hz at 297000000 Hz pixel clock
+Console: switching to colour frame buffer device 512x135
 drm drm: fb0:  frame buffer device
-mmcblk0: mmc0:0001 SEM16G 14.7 GiB 
-mmcblk0boot0: mmc0:0001 SEM16G partition 1 4.00 MiB
-mmcblk0boot1: mmc0:0001 SEM16G partition 2 4.00 MiB
-mmcblk0rpmb: mmc0:0001 SEM16G partition 3 4.00 MiB
- mmcblk0: p1
 [drm] Initialized tegra 0.0.0 20120330 on minor 0
 of: dev_pm_opp_of_cpumask_add_table: couldn't find opp table for cpu:0, -19
 cpufreq: cpufreq_online: CPU0: Running at unlisted freq: 696000 KHz
 cpufreq: cpufreq_online: CPU0: Unlisted initial frequency changed to: 714000 KHz
 input: gpio-keys as /devices/soc0/gpio-keys/input/input0
-as3722-rtc as3722-rtc: setting system clock to 2000-01-01 00:02:08 UTC (946684928)
+as3722-rtc as3722-rtc: setting system clock to 2000-01-01 00:02:40 UTC (946684960)
 +USB0_VBUS_SW: disabling
 +1.8V_RUN_CAM: disabling
 +2.8V_RUN_CAM: disabling
@@ -440,7 +439,7 @@
 EXT4-fs (mmcblk0p1): mounting ext3 file system using the ext4 subsystem
 EXT4-fs (mmcblk0p1): recovery complete
 EXT4-fs (mmcblk0p1): mounted filesystem with ordered data mode. Opts: (null)
-VFS: Mounted root (ext3 filesystem) on device 179:17.
+VFS: Mounted root (ext3 filesystem) on device 179:1.
 devtmpfs: mounted
 Freeing unused kernel memory: 2048K (c1100000 - c1300000)
 bash: cannot set terminal process group (-1): Inappropriate ioctl for device
Diff for ./tegra124-jetson-tk1/tegra124-jetson-tk1/tegra_defconfig_log.txt
--- /tmp/fooa	2016-09-15 22:15:01.028481391 -0700
+++ /tmp/foob	2016-09-15 22:15:01.028481391 -0700
@@ -34,18 +34,18 @@
 	 ##############################################
 	 4 MiB/s
 done
-Bytes transferred = 5438032 (52fa50 hex)
+Bytes transferred = 5438160 (52fad0 hex)
 Tegra124 (Jetson TK1) # tftpboot 0x83000000 tegra124-jetson-tk1.dtb
 Using eth_rtl8169 device
 TFTP from server 192.168.100.1; our IP address is 192.168.100.102
 Filename 'tegra124-jetson-tk1.dtb'.
 Load address: 0x83000000
 Loading: *#####
-	 4 MiB/s
+	 3.7 MiB/s
 done
 Bytes transferred = 66405 (10365 hex)
 Tegra124 (Jetson TK1) # bootz 0x82000000 - 0x83000000
-Kernel image @ 0x82000000 [ 0x000000 - 0x52fa50 ]
+Kernel image @ 0x82000000 [ 0x000000 - 0x52fad0 ]
 ## Flattened Device Tree blob at 83000000
    Booting using the fdt blob at 0x83000000
    Using Device Tree in place at 83000000, end 83013364
@@ -54,7 +54,7 @@
 
 Uncompressing Linux... done, booting the kernel.
 Booting Linux on physical CPU 0x0
-Linux version 4.8.0-rc6-next-20160915-119238-gc96ee51 (pwalmsley@kaivo) (gcc version 4.7.3 20130328 (prerelease) (crosstool-NG linaro-1.13.1-4.7-2013.04-20130415 - Linaro GCC 2013.04) ) #1 SMP PREEMPT Thu Sep 15 00:04:45 PDT 2016
+Linux version 4.8.0-rc6-next-20160916-119456-gddf9d15 (pwalmsley@kaivo) (gcc version 4.7.3 20130328 (prerelease) (crosstool-NG linaro-1.13.1-4.7-2013.04-20130415 - Linaro GCC 2013.04) ) #1 SMP PREEMPT Thu Sep 15 22:05:27 PDT 2016
 CPU: ARMv7 Processor [413fc0f3] revision 3 (ARMv7), cr=10c5387d
 CPU: div instructions available: patching division code
 CPU: PIPT / VIPT nonaliasing data cache, PIPT instruction cache
@@ -88,7 +88,7 @@
       .text : 0xc0008000 - 0xc0900000   (9184 kB)
       .init : 0xc0c00000 - 0xc0d00000   (1024 kB)
       .data : 0xc0d00000 - 0xc0d5dd80   ( 376 kB)
-       .bss : 0xc0d5f000 - 0xc0dbab00   ( 367 kB)
+       .bss : 0xc0d5f000 - 0xc0dbaa80   ( 367 kB)
 Preemptible hierarchical RCU implementation.
 	Build-time adjustment of leaf fanout to 32.
 NR_IRQS:16 nr_irqs:16 16
@@ -372,8 +372,8 @@
 mmc1: Invalid maximum block size, assuming 512 bytes
 mmc1: SDHCI controller on 700b0400.sdhci [700b0400.sdhci] using ADMA
 tegra-pcie 1003000.pcie-controller: 2x1, 1x1 configuration
-tegra-pcie 1003000.pcie-controller: probing port 0, using 2 lanes
 ata1: SATA link down (SStatus 0 SControl 300)
+tegra-pcie 1003000.pcie-controller: probing port 0, using 2 lanes
 tegra-pcie 1003000.pcie-controller: Slot present pin change, signature: 00000008
 tegra-pcie 1003000.pcie-controller: probing port 1, using 1 lanes
 tegra-pcie 1003000.pcie-controller: Slot present pin change, signature: 00000000
@@ -401,9 +401,9 @@
 pci 0000:02:00.0: supports D1 D2
 pci 0000:02:00.0: PME# supported from D0 D1 D2 D3hot D3cold
 mmc1: new high speed SDHC card at address aaaa
+mmcblk1: mmc1:aaaa SD04G 3.69 GiB 
 PCI: bus2: Fast back to back transfers disabled
 pci_bus 0000:02: busn_res: [bus 02-ff] end is updated to 02
-mmcblk1: mmc1:aaaa SD04G 3.69 GiB 
 pci 0000:00:01.0: BAR 8: assigned [mem 0x13000000-0x130fffff]
 pci 0000:00:02.0: BAR 8: assigned [mem 0x13100000-0x131fffff]
 pci 0000:00:02.0: BAR 9: assigned [mem 0x20000000-0x200fffff 64bit pref]
@@ -411,6 +411,7 @@
 pci 0000:01:00.0: BAR 0: assigned [mem 0x13000000-0x13001fff 64bit]
 pci 0000:00:01.0: PCI bridge to [bus 01]
 pci 0000:00:01.0:   bridge window [mem 0x13000000-0x130fffff]
+ mmcblk1: p1 p2 p3
 pci 0000:02:00.0: BAR 4: assigned [mem 0x20000000-0x20003fff 64bit pref]
 pci 0000:02:00.0: BAR 2: assigned [mem 0x13100000-0x13100fff 64bit]
 pci 0000:02:00.0: BAR 0: assigned [io  0x1000-0x10ff]
@@ -422,7 +423,6 @@
 pcieport 0000:00:01.0: enabling device (0140 -> 0142)
 pcieport 0000:00:01.0: Signaling PME through PCIe PME interrupt
 pci 0000:01:00.0: Signaling PME through PCIe PME interrupt
- mmcblk1: p1 p2 p3
 pcie_pme 0000:00:01.0:pcie001: service driver pcie_pme loaded
 pci 0000:00:02.0: nv_msi_ht_cap_quirk didn't locate host bridge
 pcieport 0000:00:02.0: enabling device (0140 -> 0143)
Diff for ./tegra124-nyan-big/tegra124-nyan-big/multi_v7_defconfig_log.txt
--- /tmp/fooa	2016-09-15 22:15:01.036481399 -0700
+++ /tmp/foob	2016-09-15 22:15:01.036481399 -0700
@@ -5,7 +5,7 @@
 TEGRA124
 Model: Acer Chromebook 13 CB5-311
 DRAM:  4 GiB
-:   Tegra SD/MMC: 0, Tegra SD/MMC: 1, Tegra SD/MMC: 2
+C:   Tegra SD/MMC: 0, Tegra SD/MMC: 1, Tegra SD/MMC: 2
 MMC init failed
 Using default environment
 
@@ -14,7 +14,7 @@
 Err:   serial
 Net:   Net Initialization Skipped
 No ethernet found.
-Hit any key to stop autoboot:  2  0 
+Hit any key to stop autoboot:  2  1  0 
 Tegra124 (Nyan-big) # 
 Tegra124 (Nyan-big) # usb start
 starting USB...
@@ -41,20 +41,20 @@
 	 #################################################################
 	 #################################################################
 	 ##################################
-	 3.3 MiB/s
+	 3.4 MiB/s
 done
-Bytes transferred = 7170312 (6d6908 hex)
+Bytes transferred = 7177016 (6d8338 hex)
 Tegra124 (Nyan-big) # tftpboot 0x83000000 tegra124-nyan-big.dtb
 Using asx0 device
 TFTP from server 192.168.100.1; our IP address is 192.168.100.102
 Filename 'tegra124-nyan-big.dtb'.
 Load address: 0x83000000
 Loading: *#####
-	 3 MiB/s
+	 3.2 MiB/s
 done
 Bytes transferred = 66821 (10505 hex)
 Tegra124 (Nyan-big) # bootz 0x82000000 - 0x83000000
-Kernel image @ 0x82000000 [ 0x000000 - 0x6d6908 ]
+Kernel image @ 0x82000000 [ 0x000000 - 0x6d8338 ]
 ## Flattened Device Tree blob at 83000000
    Booting using the fdt blob at 0x83000000
    Using Device Tree in place at 83000000, end 83013504
@@ -62,7 +62,7 @@
 Starting kernel ...
 
 Booting Linux on physical CPU 0x0
-Linux version 4.8.0-rc6-next-20160915-119238-gc96ee51 (pwalmsley@sellafield) (gcc version 4.7.3 20130328 (prerelease) (crosstool-NG linaro-1.13.1-4.7-2013.04-20130415 - Linaro GCC 2013.04) ) #1 SMP Thu Sep 15 00:04:51 PDT 2016
+Linux version 4.8.0-rc6-next-20160916-119456-gddf9d15 (pwalmsley@sellafield) (gcc version 4.7.3 20130328 (prerelease) (crosstool-NG linaro-1.13.1-4.7-2013.04-20130415 - Linaro GCC 2013.04) ) #1 SMP Thu Sep 15 22:05:34 PDT 2016
 CPU: ARMv7 Processor [413fc0f3] revision 3 (ARMv7), cr=10c5387d
 CPU: div instructions available: patching division code
 CPU: PIPT / VIPT nonaliasing data cache, PIPT instruction cache
@@ -96,7 +96,7 @@
       .text : 0xc0208000 - 0xc0c00000   (10208 kB)
       .init : 0xc1100000 - 0xc1300000   (2048 kB)
       .data : 0xc1300000 - 0xc1427ac0   (1183 kB)
-       .bss : 0xc1429000 - 0xc147eac8   ( 343 kB)
+       .bss : 0xc1429000 - 0xc147ea88   ( 343 kB)
 SLUB: HWalign=64, Order=0-3, MinObjects=0, CPUs=4, Nodes=1
 Hierarchical RCU implementation.
 	Build-time adjustment of leaf fanout to 32.
@@ -291,7 +291,6 @@
 mmc0: SDHCI controller on 700b0600.sdhci [700b0600.sdhci] using ADMA
 ledtrig-cpu: registered to indicate activity on CPUs
 usbcore: registered new interface driver usbhid
-input: Elan Touchpad as /devices/soc0/7000c400.i2c/i2c-1/1-0015/input/input0
 usbhid: USB HID core driver
 NET: Registered protocol family 10
 sit: IPv6, IPv4 and MPLS over IPv4 tunneling driver
@@ -304,6 +303,7 @@
 Key type dns_resolver registered
 ThumbEE CPU extension supported.
 Registering SWP/SWPB emulation handler
+input: Elan Touchpad as /devices/soc0/7000c400.i2c/i2c-1/1-0015/input/input0
 +3.3V_RUN: supplied by +3.3V_SYS
 +3.3V_AVDD_HDMI_AP_GATED: supplied by +3.3V_RUN
 +1.8V_RUN_CAM: supplied by +3.3V_RUN
@@ -316,23 +316,15 @@
 +3.3V_PANEL: supplied by +3.3V_RUN
 +3.3V_LP0: supplied by +3.3V_SYS
 +1.05V_RUN_AVDD_HDMI_PLL: supplied by +1.05V_RUN
-mmc0: new high speed MMC card at address 0001
-mmcblk0: mmc0:0001 MMC16G 14.4 GiB 
-mmcblk0boot0: mmc0:0001 MMC16G partition 1 2.00 MiB
-mmcblk0boot1: mmc0:0001 MMC16G partition 2 2.00 MiB
-mmcblk0rpmb: mmc0:0001 MMC16G partition 3 128 KiB
- mmcblk0: p1 p2 p3 p4 p5 p6 p7 p8 p9 p10 p11 p12
 +5V_HDMI_CON: supplied by +5V_SYS
 usb3-0 supply vbus not found, using dummy regulator
 usb3-1 supply vbus not found, using dummy regulator
-elan_i2c 1-0015: failed to read report data: -121
 tegra-sor 54540000.sor: failed to probe output: -517
 panel supply power not found, using dummy regulator
 sdhci-tegra 700b0000.sdhci: allocated mmc-pwrseq
 mmc1: Unknown controller version (3). You may experience problems.
 mmc1: Invalid maximum block size, assuming 512 bytes
 mmc1: Switching to 3.3V signalling voltage failed
-elan_i2c 1-0015: invalid report id data (ff)
 mmc1: SDHCI controller on 700b0000.sdhci [700b0000.sdhci] using ADMA
 sdhci-tegra 700b0400.sdhci: Got CD GPIO
 sdhci-tegra 700b0400.sdhci: Got WP GPIO
@@ -342,6 +334,12 @@
 mmc2: SDHCI controller on 700b0400.sdhci [700b0400.sdhci] using ADMA
 [drm] Supports vblank timestamp caching Rev 2 (21.10.2013).
 [drm] No driver support for vblank timestamp query.
+mmc0: new high speed MMC card at address 0001
+mmcblk0: mmc0:0001 MMC16G 14.4 GiB 
+mmcblk0boot0: mmc0:0001 MMC16G partition 1 2.00 MiB
+mmcblk0boot1: mmc0:0001 MMC16G partition 2 2.00 MiB
+mmcblk0rpmb: mmc0:0001 MMC16G partition 3 128 KiB
+ mmcblk0: p1 p2 p3 p4 p5 p6 p7 p8 p9 p10 p11 p12
 mmc2: new high speed SDHC card at address 0007
 mmcblk2: mmc2:0007 SD08G 7.42 GiB 
 GPT:Primary header alternate_lba != Alt. header my_lba
Diff for ./tegra124-nyan-big/tegra124-nyan-big/tegra_defconfig_log.txt
--- /tmp/fooa	2016-09-15 22:15:01.076481444 -0700
+++ /tmp/foob	2016-09-15 22:15:01.076481444 -0700
@@ -5,7 +5,7 @@
 TEGRA124
 Model: Acer Chromebook 13 CB5-311
 DRAM:  4 GiB
-C:   Tegra SD/MMC: 0, Tegra SD/MMC: 1, Tegra SD/MMC: 2
+:   Tegra SD/MMC: 0, Tegra SD/MMC: 1, Tegra SD/MMC: 2
 MMC init failed
 Using default environment
 
@@ -34,25 +34,25 @@
 Filename 'zImage.tegra_defconfig'.
 Load address: 0x82000000
 Loading: *#################################################################
-	 #################################################################
+	 #####################T T ############################################
 	 #################################################################
 	 #################################################################
 	 #################################################################
 	 ##############################################
-	 3.5 MiB/s
+	 433.6 KiB/s
 done
-Bytes transferred = 5438032 (52fa50 hex)
+Bytes transferred = 5438160 (52fad0 hex)
 Tegra124 (Nyan-big) # tftpboot 0x83000000 tegra124-nyan-big.dtb
 Using asx0 device
 TFTP from server 192.168.100.1; our IP address is 192.168.100.102
 Filename 'tegra124-nyan-big.dtb'.
 Load address: 0x83000000
 Loading: *#####
-	 3.4 MiB/s
+	 3.2 MiB/s
 done
 Bytes transferred = 66821 (10505 hex)
 Tegra124 (Nyan-big) # bootz 0x82000000 - 0x83000000
-Kernel image @ 0x82000000 [ 0x000000 - 0x52fa50 ]
+Kernel image @ 0x82000000 [ 0x000000 - 0x52fad0 ]
 ## Flattened Device Tree blob at 83000000
    Booting using the fdt blob at 0x83000000
    Using Device Tree in place at 83000000, end 83013504
@@ -146,10 +146,10 @@
 mmcblk0: mmc0:0001 MMC16G 14.4 GiB 
 mmcblk0boot0: mmc0:0001 MMC16G partition 1 2.00 MiB
 mmcblk0boot1: mmc0:0001 MMC16G partition 2 2.00 MiB
-input: GoogleNyanBig Headphones as /devices/soc0/sound/sound/card1/input1
-input: GoogleNyanBig Mic Jack as /devices/soc0/sound/sound/card1/input2
 mmcblk0rpmb: mmc0:0001 MMC16G partition 3 128 KiB
+input: GoogleNyanBig Headphones as /devices/soc0/sound/sound/card1/input1
  mmcblk0: p1 p2 p3 p4 p5 p6 p7 p8 p9 p10 p11 p12
+input: GoogleNyanBig Mic Jack as /devices/soc0/sound/sound/card1/input2
 NET: Registered protocol family 10
 mip6: Mobile IPv6
 sit: IPv6, IPv4 and MPLS over IPv4 tunneling driver
@@ -166,9 +166,9 @@
 Bluetooth: BNEP socket layer initialized
 Bluetooth: HIDP (Human Interface Emulation) ver 1.2
 Bluetooth: HIDP socket layer initialized
-input: tegra-hda HDMI/DP,pcm=3 as /devices/soc0/70030000.hda/sound/card0/input3
 Key type dns_resolver registered
 Registering SWP/SWPB emulation handler
+input: tegra-hda HDMI/DP,pcm=3 as /devices/soc0/70030000.hda/sound/card0/input3
 +3.3V_RUN: supplied by +3.3V_SYS
 +3.3V_AVDD_HDMI_AP_GATED: supplied by +3.3V_RUN
 +1.8V_RUN_CAM: supplied by +3.3V_RUN
@@ -213,18 +213,18 @@
 [drm] No driver support for vblank timestamp query.
 usb 1-2: new high-speed USB device number 2 using tegra-xusb
 mmc2: new high speed SDHC card at address 0007
-Console: switching to colour frame buffer device 170x48
 mmcblk2: mmc2:0007 SD08G 7.42 GiB 
-drm drm: fb0:  frame buffer device
 GPT:Primary header alternate_lba != Alt. header my_lba
 GPT:3014591 != 15564799
 GPT:Primary header thinks Alt. header is not at the end of the disk.
 GPT:3014591 != 15564799
 GPT: Use GNU Parted to correct GPT errors.
  mmcblk2: p1 p2 p3 p4 p5 p6 p7 p8 p9 p10 p11 p12
+Console: switching to colour frame buffer device 170x48
+drm drm: fb0:  frame buffer device
 [drm] Initialized tegra 0.0.0 20120330 on minor 0
 input: gpio-keys as /devices/soc0/gpio-keys/input/input4
-as3722-rtc as3722-rtc: setting system clock to 2000-01-01 00:00:24 UTC (946684824)
+as3722-rtc as3722-rtc: setting system clock to 2000-01-01 00:00:35 UTC (946684835)
 +1.8V_RUN_CAM: disabling
 +1.2V_RUN_CAM_FRONT: disabling
 +1.05V_RUN_CAM_REAR: disabling
@@ -245,7 +245,7 @@
 Freeing unused kernel memory: 1024K (c0c00000 - c0d00000)
 bash: cannot set terminal process group (-1): Inappropriate ioctl for device
 bash: no job control in this shell
-root@(none):/# [    5.854875] usb 1-3: new high-speed USB device number 3 using tegra-xusb
+root@(none):/# [    5.834890] usb 1-3: new high-speed USB device number 3 using tegra-xusb
 asix 1-3:1.0 eth0: register 'asix' at usb-70090000.usb-3, ASIX AX88772 USB 2.0 Ethernet, c8:d7:19:90:fa:65
 usb 1-1: new high-speed USB device number 4 using tegra-xusb
 usb-storage 1-1:1.0: USB Mass Storage device detected
Diff for ./tegra132-norrin/tegra132-norrin/defconfig_log.txt
--- /tmp/fooa	2016-09-15 22:15:01.128481502 -0700
+++ /tmp/foob	2016-09-15 22:15:01.128481502 -0700
@@ -31,7 +31,7 @@
 MSENC clock is set to  79200 KHz
 Vde clock is set to 204000 KHz
 
-Bootloader-Cpu Init at (time stamp): 1800655 us
+Bootloader-Cpu Init at (time stamp): 1800594 us
 
 Pinmux changes applied in kernel way
 
@@ -62,22 +62,22 @@
 Board Id Read Time: 3 us
 Power Rail enable Time: 1 us
 
-Miscellaneous avp time: 1800629  us
-Bootloader (AosInit) time: 733455 us
-Bootloader Main Init time: 180265 us
-BlockDevMgrInit time: 157508 us
-PartMgrInit time: 7 us
+Miscellaneous avp time: 1800568  us
+Bootloader (AosInit) time: 733521 us
+Bootloader Main Init time: 180159 us
+BlockDevMgrInit time: 157529 us
+PartMgrInit time: 8 us
 StorMgrInit time: 31 us
 FsMgrInit time: 2 us
-Partition Table load: 77075 us 
-Display init time: 574453 us
+Partition Table load: 77016 us 
+Display init time: 574556 us
 Kernel read time: 384 msec
 Load Kernel Size:   16711680 Bytes
 Bl Kernel ReadSpeed: 43520000 Bytes/sec
-Pre-Kernel Jump time: 1766278 us
-Clearing 32 Bit State and Warm resetting to 64bit mode: 5877203 us
+Pre-Kernel Jump time: 1766167 us
+Clearing 32 Bit State and Warm resetting to 64bit mode: 5877069 us
 Booting Linux on physical CPU 0x0
-Linux version 4.8.0-rc6-next-20160915-143671-gc96ee51 (pwalmsley@tamien) (gcc version 4.9.2 20140904 (prerelease) (crosstool-NG linaro-1.13.1-4.9-2014.09 - Linaro GCC 4.9-2014.09) ) #1 SMP PREEMPT Thu Sep 15 00:08:39 PDT 2016
+Linux version 4.8.0-rc6-next-20160916-143889-gddf9d15 (pwalmsley@tamien) (gcc version 4.9.2 20140904 (prerelease) (crosstool-NG linaro-1.13.1-4.9-2014.09 - Linaro GCC 4.9-2014.09) ) #1 SMP PREEMPT Thu Sep 15 22:10:25 PDT 2016
 Boot CPU: AArch64 Processor [4e0f0000]
 Memory limited to 1734MB
 efi: Getting EFI parameters from FDT:
@@ -91,7 +91,7 @@
 PID hash table entries: 4096 (order: 3, 32768 bytes)
 Dentry cache hash table entries: 262144 (order: 9, 2097152 bytes)
 Inode-cache hash table entries: 131072 (order: 8, 1048576 bytes)
-Memory: 1706320K/1775616K available (8188K kernel code, 828K rwdata, 3860K rodata, 1024K init, 275K bss, 52912K reserved, 16384K cma-reserved)
+Memory: 1706324K/1775616K available (8188K kernel code, 828K rwdata, 3864K rodata, 1024K init, 275K bss, 52908K reserved, 16384K cma-reserved)
 Virtual kernel memory layout:
     modules : 0xffff000000000000 - 0xffff000008000000   (   128 MB)
     vmalloc : 0xffff000008000000 - 0xffff7dffbfff0000   (129022 GB)
@@ -99,7 +99,7 @@
     .rodata : 0xffff000008880000 - 0xffff000008c50000   (  3904 KB)
       .init : 0xffff000008c50000 - 0xffff000008d50000   (  1024 KB)
       .data : 0xffff000008d50000 - 0xffff000008e1f200   (   829 KB)
-       .bss : 0xffff000008e1f200 - 0xffff000008e640c0   (   276 KB)
+       .bss : 0xffff000008e1f200 - 0xffff000008e63fc0   (   276 KB)
     fixed   : 0xffff7dfffe7fd000 - 0xffff7dfffec00000   (  4108 KB)
     PCI I/O : 0xffff7dfffee00000 - 0xffff7dffffe00000   (    16 MB)
     vmemmap : 0xffff7e0000000000 - 0xffff800000000000   (  2048 GB maximum)
@@ -185,7 +185,7 @@
 kvm [1]: HYP mode not available
 futex hash table entries: 256 (order: 3, 32768 bytes)
 audit: initializing netlink subsys (disabled)
-audit: type=2000 audit(1.183:1): initialized
+audit: type=2000 audit(1.191:1): initialized
 workingset: timestamp_bits=46 max_order=19 bucket_order=0
 squashfs: version 4.0 (2009/01/31) Phillip Lougher
 NFS: Registering the id_resolver key type
@@ -255,12 +255,10 @@
 mmc0: new high speed MMC card at address 0001
 mmcblk0: mmc0:0001 SEM16G 14.7 GiB 
 registered taskstats version 1
++VDD_LED: supplied by +VDD_MUX
 mmcblk0boot0: mmc0:0001 SEM16G partition 1 4.00 MiB
 mmcblk0boot1: mmc0:0001 SEM16G partition 2 4.00 MiB
-+VDD_LED: supplied by +VDD_MUX
 +5V_USB_HS: supplied by +5V_SYS
-mmcblk0rpmb: mmc0:0001 SEM16G partition 3 4.00 MiB
- mmcblk0: p1 p2 p3 p4 p5 p6 p7 p8
 +5V_USB_SS: supplied by +5V_SYS
 +5V_HDMI_CON: supplied by +5V_SYS
 sdhci-tegra 700b0400.sdhci: Got CD GPIO
@@ -268,15 +266,19 @@
 input: gpio-keys as /devices/platform/gpio-keys/input/input0
 hctosys: unable to open rtc device (rtc0)
 sdhci-tegra 700b0400.sdhci: Got CD GPIO
+sdhci-tegra 700b0400.sdhci: Got WP GPIO
+mmcblk0rpmb: mmc0:0001 SEM16G partition 3 4.00 MiB
 +3.3V_AVDD_HDMI_AP_GATED: disabling
 +VDD_LED: disabling
 +5V_USB_HS: disabling
 +5V_USB_SS: disabling
 +1.05V_RUN_AVDD_HDMI_PLL_AP_GATE: disabling
 +5V_HDMI_CON: disabling
+ mmcblk0: p1 p2 p3 p4 p5 p6 p7 p8
 ALSA device list:
   No soundcards found.
 Freeing unused kernel memory: 1024K (ffff800000c50000 - ffff800000d50000)
+sdhci-tegra 700b0400.sdhci: Got CD GPIO
 sdhci-tegra 700b0400.sdhci: Got WP GPIO
 
 System initialization...
Diff for ./tegra20-trimslice/tegra20-trimslice/multi_v7_defconfig_log.txt
--- /tmp/fooa	2016-09-15 22:15:01.136481511 -0700
+++ /tmp/foob	2016-09-15 22:15:01.140481515 -0700
@@ -19,7 +19,7 @@
 Out:   serial
 Err:   serial
 Net:   RTL8169#0
-Hit any key to stop autoboot:  2  0 
+Hit any key to stop autoboot:  2  1  0 
 Tegra20 (TrimSlice) # 
 Tegra20 (TrimSlice) # usb reset
 resetting USB...
@@ -47,20 +47,20 @@
 	 #################################################################
 	 #################################################################
 	 ##################################
-	 4.1 MiB/s
+	 3.9 MiB/s
 done
-Bytes transferred = 7170312 (6d6908 hex)
+Bytes transferred = 7177016 (6d8338 hex)
 Tegra20 (TrimSlice) # tftpboot 0x02408000 tegra20-trimslice.dtb
 Using RTL8169#0 device
 TFTP from server 192.168.100.1; our IP address is 192.168.100.103
 Filename 'tegra20-trimslice.dtb'.
 Load address: 0x2408000
 Loading: *##
-	 3.4 MiB/s
+	 4 MiB/s
 done
 Bytes transferred = 21172 (52b4 hex)
 Tegra20 (TrimSlice) # bootz 0x00408000 - 0x02408000
-Kernel image @ 0x408000 [ 0x000000 - 0x6d6908 ]
+Kernel image @ 0x408000 [ 0x000000 - 0x6d8338 ]
 ## Flattened Device Tree blob at 02408000
    Booting using the fdt blob at 0x2408000
    Using Device Tree in place at 02408000, end 024102b3
@@ -68,7 +68,7 @@
 Starting kernel ...
 
 Booting Linux on physical CPU 0x0
-Linux version 4.8.0-rc6-next-20160915-119238-gc96ee51 (pwalmsley@sellafield) (gcc version 4.7.3 20130328 (prerelease) (crosstool-NG linaro-1.13.1-4.7-2013.04-20130415 - Linaro GCC 2013.04) ) #1 SMP Thu Sep 15 00:04:51 PDT 2016
+Linux version 4.8.0-rc6-next-20160916-119456-gddf9d15 (pwalmsley@sellafield) (gcc version 4.7.3 20130328 (prerelease) (crosstool-NG linaro-1.13.1-4.7-2013.04-20130415 - Linaro GCC 2013.04) ) #1 SMP Thu Sep 15 22:05:34 PDT 2016
 CPU: ARMv7 Processor [411fc090] revision 0 (ARMv7), cr=10c5387d
 CPU: PIPT / VIPT nonaliasing data cache, VIPT aliasing instruction cache
 OF: fdt:Machine model: Compulab TrimSlice board
@@ -100,7 +100,7 @@
       .text : 0xc0208000 - 0xc0c00000   (10208 kB)
       .init : 0xc1100000 - 0xc1300000   (2048 kB)
       .data : 0xc1300000 - 0xc1427ac0   (1183 kB)
-       .bss : 0xc1429000 - 0xc147eac8   ( 343 kB)
+       .bss : 0xc1429000 - 0xc147ea88   ( 343 kB)
 SLUB: HWalign=64, Order=0-3, MinObjects=0, CPUs=2, Nodes=1
 Hierarchical RCU implementation.
 	Build-time adjustment of leaf fanout to 32.
@@ -321,26 +321,25 @@
 tegra-ehci c5000000.usb: EHCI Host Controller
 tegra-ehci c5000000.usb: new USB bus registered, assigned bus number 2
 tegra-ehci c5000000.usb: irq 288, io mem 0xc5000000
+mmc0: host does not support reading read-only switch, assuming write-enable
 usb 1-1: new high-speed USB device number 2 using tegra-ehci
+mmc0: new high speed SDHC card at address b368
+mmcblk0: mmc0:b368 NCard 3.70 GiB 
+ mmcblk0: p1
 tegra-ehci c5000000.usb: USB 2.0 started, EHCI 1.00
 hub 2-0:1.0: USB hub found
 hub 2-0:1.0: 1 port detected
 input: gpio-keys as /devices/soc0/gpio-keys/input/input0
-rtc-em3027 2-0056: setting system clock to 2015-02-05 17:50:49 UTC (1423158649)
-Waiting for root device PARTUUID=11eb23c1-01...
-mmc0: host does not support reading read-only switch, assuming write-enable
-mmc0: new high speed SDHC card at address b368
-mmcblk0: mmc0:b368 NCard 3.70 GiB 
- mmcblk0: p1
+rtc-em3027 2-0056: setting system clock to 2015-02-05 17:54:29 UTC (1423158869)
+EXT4-fs (mmcblk0p1): mounting ext3 file system using the ext4 subsystem
 mmc1: new high speed SD card at address b368
 mmcblk1: mmc1:b368 NCard 1.83 GiB (ro)
  mmcblk1: p1 p2
-EXT4-fs (mmcblk0p1): mounting ext3 file system using the ext4 subsystem
 hub 1-1:1.0: USB hub found
 hub 1-1:1.0: 4 ports detected
 usb 1-1.2: new high-speed USB device number 3 using tegra-ehci
-random: fast init done
 asix 1-1.2:1.0 eth1: register 'asix' at usb-c5008000.usb-1.2, ASIX AX88772 USB 2.0 Ethernet, 00:60:6e:60:6c:68
+random: fast init done
 EXT4-fs (mmcblk0p1): recovery complete
 EXT4-fs (mmcblk0p1): mounted filesystem with ordered data mode. Opts: (null)
 VFS: Mounted root (ext3 filesystem) on device 179:1.
Diff for ./tegra20-trimslice/tegra20-trimslice/tegra_defconfig_log.txt
--- /tmp/fooa	2016-09-15 22:15:01.144481520 -0700
+++ /tmp/foob	2016-09-15 22:15:01.148481525 -0700
@@ -45,20 +45,20 @@
 	 #################################################################
 	 #################################################################
 	 ##############################################
-	 4.1 MiB/s
+	 4 MiB/s
 done
-Bytes transferred = 5438032 (52fa50 hex)
+Bytes transferred = 5438160 (52fad0 hex)
 Tegra20 (TrimSlice) # tftpboot 0x02408000 tegra20-trimslice.dtb
 Using RTL8169#0 device
 TFTP from server 192.168.100.1; our IP address is 192.168.100.103
 Filename 'tegra20-trimslice.dtb'.
 Load address: 0x2408000
 Loading: *##
-	 3.4 MiB/s
+	 4 MiB/s
 done
 Bytes transferred = 21172 (52b4 hex)
 Tegra20 (TrimSlice) # bootz 0x00408000 - 0x02408000
-Kernel image @ 0x408000 [ 0x000000 - 0x52fa50 ]
+Kernel image @ 0x408000 [ 0x000000 - 0x52fad0 ]
 ## Flattened Device Tree blob at 02408000
    Booting using the fdt blob at 0x2408000
    Using Device Tree in place at 02408000, end 024102b3
@@ -67,7 +67,7 @@
 
 Uncompressing Linux... done, booting the kernel.
 Booting Linux on physical CPU 0x0
-Linux version 4.8.0-rc6-next-20160915-119238-gc96ee51 (pwalmsley@kaivo) (gcc version 4.7.3 20130328 (prerelease) (crosstool-NG linaro-1.13.1-4.7-2013.04-20130415 - Linaro GCC 2013.04) ) #1 SMP PREEMPT Thu Sep 15 00:04:45 PDT 2016
+Linux version 4.8.0-rc6-next-20160916-119456-gddf9d15 (pwalmsley@kaivo) (gcc version 4.7.3 20130328 (prerelease) (crosstool-NG linaro-1.13.1-4.7-2013.04-20130415 - Linaro GCC 2013.04) ) #1 SMP PREEMPT Thu Sep 15 22:05:27 PDT 2016
 CPU: ARMv7 Processor [411fc090] revision 0 (ARMv7), cr=10c5387d
 CPU: PIPT / VIPT nonaliasing data cache, VIPT aliasing instruction cache
 OF: fdt:Machine model: Compulab TrimSlice board
@@ -100,7 +100,7 @@
       .text : 0xc0008000 - 0xc0900000   (9184 kB)
       .init : 0xc0c00000 - 0xc0d00000   (1024 kB)
       .data : 0xc0d00000 - 0xc0d5dd80   ( 376 kB)
-       .bss : 0xc0d5f000 - 0xc0dbab00   ( 367 kB)
+       .bss : 0xc0d5f000 - 0xc0dbaa80   ( 367 kB)
 Preemptible hierarchical RCU implementation.
 	Build-time adjustment of leaf fanout to 32.
 	RCU restricting CPUs from NR_CPUS=4 to nr_cpu_ids=2.
@@ -304,13 +304,13 @@
 tlv320aic23-codec 2-001a: ASoC: Failed to add route RLINEIN -> NULL -> Line Input
 tlv320aic23-codec 2-001a: Control not supported for path MICIN -> [NULL] -> Mic Input
 tlv320aic23-codec 2-001a: ASoC: no dapm match for MICIN --> NULL --> Mic Input
-tlv320aic23-codec 2-001a: ASoC: Failed to add route MICIN -> NULL -> Mic Input
-tegra-snd-trimslice sound: tlv320aic23-hifi <-> 70002800.i2s mapping ok
-usb 1-1: new high-speed USB device number 2 using tegra-ehci
 mmc0: host does not support reading read-only switch, assuming write-enable
 mmc0: new high speed SDHC card at address b368
 mmcblk0: mmc0:b368 NCard 3.70 GiB 
  mmcblk0: p1
+tlv320aic23-codec 2-001a: ASoC: Failed to add route MICIN -> NULL -> Mic Input
+usb 1-1: new high-speed USB device number 2 using tegra-ehci
+tegra-snd-trimslice sound: tlv320aic23-hifi <-> 70002800.i2s mapping ok
 mmc1: new high speed SD card at address b368
 mmcblk1: mmc1:b368 NCard 1.83 GiB (ro)
  mmcblk1: p1 p2
@@ -322,11 +322,11 @@
 NET: Registered protocol family 17
 NET: Registered protocol family 15
 can: controller area network core (rev 20120528 abi 9)
+usb 1-1.2: new high-speed USB device number 3 using tegra-ehci
 NET: Registered protocol family 29
 can: raw protocol (rev 20120528)
 can: broadcast manager protocol (rev 20160617 t)
 can: netlink gateway (rev 20130117) max_hops=1
-usb 1-1.2: new high-speed USB device number 3 using tegra-ehci
 Bluetooth: RFCOMM socket layer initialized
 Bluetooth: RFCOMM ver 1.11
 Bluetooth: BNEP (Ethernet Emulation) ver 1.3
@@ -342,7 +342,7 @@
 hub 2-0:1.0: USB hub found
 hub 2-0:1.0: 1 port detected
 input: gpio-keys as /devices/soc0/gpio-keys/input/input0
-rtc-em3027 2-0056: setting system clock to 2015-02-05 17:49:13 UTC (1423158553)
+rtc-em3027 2-0056: setting system clock to 2015-02-05 17:52:48 UTC (1423158768)
 ALSA device list:
   #0: tegra-trimslice
 asix 1-1.2:1.0 eth1: register 'asix' at usb-c5008000.usb-1.2, ASIX AX88772 USB 2.0 Ethernet, 00:60:6e:60:6c:68
Diff for ./tegra210-p2371-0000/tegra210-p2371-0000/defconfig_log.txt
--- /tmp/fooa	2016-09-15 22:15:01.172481551 -0700
+++ /tmp/foob	2016-09-15 22:15:01.176481556 -0700
@@ -64,17 +64,17 @@
 Loading and Validation of Secure OS Successful
 NvTbootPackSdramParams: start. 
 NvTbootPackSdramParams: done. 
-Tegraboot started after 745034 us
-Basic modules init took 348486 us
-Sec Bootdevice Read Time = 202 ms, Read Size = 8459 KB
-Next stage binary read took 14389 us
-Carveout took 252711 us
-CPU initialization took 92323 us
-Total time taken by TegraBoot 707909 us
+Tegraboot started after 913767 us
+Basic modules init took 348585 us
+Sec Bootdevice Read Time = 203 ms, Read Size = 8459 KB
+Next stage binary read took 14368 us
+Carveout took 252778 us
+CPU initialization took 93013 us
+Total time taken by TegraBoot 708744 us
 
 Starting CPU & Halting co-processor 
 
-64b[0001.584] LPDDR4 Training: Number of tables = 10
+64b[0001.749] LPDDR4 Training: Number of tables = 10
 EMC Training (SRC-freq: 204000; DST-freq: 408000)
 EMC Training Successful
 EMC Training (SRC-freq: 204000; DST-freq: 665600)
@@ -108,7 +108,7 @@
 Tegra210 (P2371-0000) # 
 Tegra210 (P2371-0000) # ums 0 mmc 0
 UMS: disk start sector: 0x0, count: 0x1d5a000
-|/-\|/-\/-\|/-\/-\|/-\/-\|/-\/-\|/-\/-\|/-\/-\|/-\/-\|/-\/-\|CTRL+C - Operation aborted
+|/-\|/-\/-\|/-\/-\|/-\/-\|/-\/-\|/-\/-\|/-\/-\|/-\/-\|/-\/-\|/-\/-\|/-\/-\|/-\/-\CTRL+C - Operation aborted
 Tegra210 (P2371-0000) # 
 Tegra210 (P2371-0000) # env set fdt_copy_node_names /cpus:/psci
 Tegra210 (P2371-0000) # setenv rootpart 1
@@ -121,7 +121,7 @@
 Tegra210 (P2371-0000) # load ${devtype} ${devnum}:${rootpart} ${fdt_addr_r} /boot/tegra210-p2371-0000.dtb
 42034 bytes read in 454 ms (89.8 KiB/s)
 Tegra210 (P2371-0000) # load ${devtype} ${devnum}:${rootpart} ${ramdisk_addr_r} /boot/tegra-ramdisk.img
-1627787 bytes read in 502 ms (3.1 MiB/s)
+1627787 bytes read in 500 ms (3.1 MiB/s)
 Tegra210 (P2371-0000) # ramdisk_size=${filesize}
 Tegra210 (P2371-0000) # booti ${kernel_addr_r} - ${fdt_addr_r}
 ## Flattened Device Tree blob at 82000000
@@ -131,7 +131,7 @@
 Starting kernel ...
 
 Booting Linux on physical CPU 0x0
-Linux version 4.8.0-rc6-next-20160915-143671-gc96ee51 (pwalmsley@tamien) (gcc version 4.9.2 20140904 (prerelease) (crosstool-NG linaro-1.13.1-4.9-2014.09 - Linaro GCC 4.9-2014.09) ) #1 SMP PREEMPT Thu Sep 15 00:08:39 PDT 2016
+Linux version 4.8.0-rc6-next-20160916-143889-gddf9d15 (pwalmsley@tamien) (gcc version 4.9.2 20140904 (prerelease) (crosstool-NG linaro-1.13.1-4.9-2014.09 - Linaro GCC 4.9-2014.09) ) #1 SMP PREEMPT Thu Sep 15 22:10:25 PDT 2016
 Boot CPU: AArch64 Processor [411fd071]
 debug: ignoring loglevel setting.
 earlycon: uart8250 at MMIO32 0x0000000070006000 (options '')
@@ -166,7 +166,7 @@
 Dentry cache hash table entries: 524288 (order: 10, 4194304 bytes)
 Inode-cache hash table entries: 262144 (order: 9, 2097152 bytes)
 software IO TLB [mem 0xfa000000-0xfe000000] (64MB) mapped at [ffff80007a000000-ffff80007dffffff]
-Memory: 2978676K/3131392K available (8188K kernel code, 828K rwdata, 3860K rodata, 1024K init, 275K bss, 136332K reserved, 16384K cma-reserved)
+Memory: 2978680K/3131392K available (8188K kernel code, 828K rwdata, 3864K rodata, 1024K init, 275K bss, 136328K reserved, 16384K cma-reserved)
 Virtual kernel memory layout:
     modules : 0xffff000000000000 - 0xffff000008000000   (   128 MB)
     vmalloc : 0xffff000008000000 - 0xffff7dffbfff0000   (129022 GB)
@@ -174,7 +174,7 @@
     .rodata : 0xffff000008880000 - 0xffff000008c50000   (  3904 KB)
       .init : 0xffff000008c50000 - 0xffff000008d50000   (  1024 KB)
       .data : 0xffff000008d50000 - 0xffff000008e1f200   (   829 KB)
-       .bss : 0xffff000008e1f200 - 0xffff000008e640c0   (   276 KB)
+       .bss : 0xffff000008e1f200 - 0xffff000008e63fc0   (   276 KB)
     fixed   : 0xffff7dfffe7fd000 - 0xffff7dfffec00000   (  4108 KB)
     PCI I/O : 0xffff7dfffee00000 - 0xffff7dffffe00000   (    16 MB)
     vmemmap : 0xffff7e0000000000 - 0xffff800000000000   (  2048 GB maximum)
@@ -258,7 +258,7 @@
 RPC: Registered tcp transport module.
 RPC: Registered tcp NFSv4.1 backchannel transport module.
 PCI: CLS 0 bytes, default 128
-kvm [1]: IDMAP page: 80873000
+kvm [1]: IDMAP page: 80875000
 kvm [1]: HYP VA range: 800000000000:ffffffffffff
 kvm [1]: 8-bit VMID
 kvm [1]: Hyp mode initialized successfully
@@ -267,7 +267,7 @@
 kvm [1]: virtual timer IRQ4
 futex hash table entries: 1024 (order: 5, 131072 bytes)
 audit: initializing netlink subsys (disabled)
-audit: type=2000 audit(0.543:1): initialized
+audit: type=2000 audit(0.539:1): initialized
 workingset: timestamp_bits=46 max_order=20 bucket_order=0
 squashfs: version 4.0 (2009/01/31) Phillip Lougher
 NFS: Registering the id_resolver key type
@@ -348,6 +348,6 @@
 devtmpfs: mounted
 Freeing unused kernel memory: 1024K (ffff800000c50000 - ffff800000d50000)
 bash: cannot set terminal process group (-1): Inappropriate ioctl for device
-bash: no job contr[    1.413608] random: fast init done
+bash: no job contr[    1.412474] random: fast init done
 ol in this shell
 root@(none):/# 
\ No newline at end of file
Diff for ./tegra210-smaug/tegra210-smaug/defconfig_log.txt
--- /tmp/fooa	2016-09-15 22:15:01.180481559 -0700
+++ /tmp/foob	2016-09-15 22:15:01.184481564 -0700
@@ -1,4 +1,87 @@
-L2
+SCIv1.0 detected in firmware.
+psci: Using standard PSCI v0.2 function IDs
+psci: MIGRATE_INFO_UP_CPU reported invalid physical ID (0x80000000)
+percpu: Embedded 21 pages/cpu @ffff8000bff3e000 s48000 r8192 d29824 u86016
+Detected PIPT I-cache on CPU0
+CPU features: enabling workaround for ARM erratum 832075
+CPU features: enabling workaround for ARM erratum 834220
+Built 1 zonelists in Zone order, mobility grouping on.  Total pages: 735336
+Kernel command line: cros_secure vpr=0x08000000@0xf6800000 earlycon
+log_buf_len individual max cpu contribution: 4096 bytes
+log_buf_len total cpu_extra contributions: 12288 bytes
+log_buf_len min size: 16384 bytes
+log_buf_len: 32768 bytes
+early log buf free: 14404(87%)
+PID hash table entries: 4096 (order: 3, 32768 bytes)
+Dentry cache hash table entries: 524288 (order: 10, 4194304 bytes)
+Inode-cache hash table entries: 262144 (order: 9, 2097152 bytes)
+software IO TLB [mem 0xf1400000-0xf5400000] (64MB) mapped at [ffff800071400000-ffff8000753fffff]
+Memory: 2832864K/2988032K available (8188K kernel code, 828K rwdata, 3864K rodata, 1024K init, 275K bss, 138784K reserved, 16384K cma-reserved)
+Virtual kernel memory layout:
+    modules : 0xffff000000000000 - 0xffff000008000000   (   128 MB)
+    vmalloc : 0xffff000008000000 - 0xffff7dffbfff0000   (129022 GB)
+      .text : 0xffff000008080000 - 0xffff000008880000   (  8192 KB)
+    .rodata : 0xffff000008880000 - 0xffff000008c50000   (  3904 KB)
+      .init : 0xffff000008c50000 - 0xffff000008d50000   (  1024 KB)
+      .data : 0xffff000008d50000 - 0xffff000008e1f200   (   829 KB)
+       .bss : 0xffff000008e1f200 - 0xffff000008e63fc0   (   276 KB)
+    fixed   : 0xffff7dfffe7fd000 - 0xffff7dfffec00000   (  4108 KB)
+    PCI I/O : 0xffff7dfffee00000 - 0xffff7dffffe00000   (    16 MB)
+    vmemmap : 0xffff7e0000000000 - 0xffff800000000000   (  2048 GB maximum)
+              0xffff7e0000000000 - 0xffff7e0003000000   (    48 MB actual)
+    memory  : 0xffff800000000000 - 0xffff8000c0000000   (  3072 MB)
+SLUB: HWalign=64, Order=0-3, MinObjects=0, CPUs=4, Nodes=1
+Preemptible hierarchical RCU implementation.
+	Build-time adjustment of leaf fanout to 64.
+	RCU restricting CPUs from NR_CPUS=64 to nr_cpu_ids=4.
+RCU: Adjusting geometry for rcu_fanout_leaf=64, nr_cpu_ids=4
+NR_IRQS:64 nr_irqs:64 0
+GIC: Using split EOI/Deactivate mode
+/interrupt-controller@60004000: 192 interrupts forwarded to /interrupt-controller@50041000
+boot misc0 0x0: expected 0x80000
+ (comparison mask = 0x400ffffb)
+boot misc2 0x1f720005: expected 0x1f720f05
+ (comparison mask = 0xffffff17)
+PLL_C already enabled. Postponing set full defaults
+PLL_MB already enabled. Postponing set full defaults
+PLL_U already enabled. Postponing set full defaults
+PLL_D already enabled. Postponing set full defaults
+PLL_DP already enabled. Postponing set full defaults
+boot misc0 0x0: expected 0x20
+ (comparison mask = 0x7ffffff)
+boot misc1 0x90000000: expected 0xc0000000
+ (comparison mask = 0xf8000000)
+boot misc2 0x0: expected 0xf400f0da
+ (comparison mask = 0xffffffff)
+boot misc3 0x9078: expected 0x2004f400
+ (comparison mask = 0xffffffff)
+PLL_P already enabled. Postponing set full defaults
+PLL_X already enabled. Postponing set full defaults
+boot misc1 0x0: expected 0x20
+ (comparison mask = 0xffffff)
+arm_arch_timer: Architected cp15 timer(s) running at 19.20MHz (phys).
+clocksource: arch_sys_counter: mask: 0xffffffffffffff max_cycles: 0x46d987e47, max_idle_ns: 440795202767 ns
+sched_clock: 56 bits at 19MHz, resolution 52ns, wraps every 4398046511078ns
+Console: colour dummy device 80x25
+Calibrating delay loop (skipped), value calculated using timer frequency.. 38.40 BogoMIPS (lpj=76800)
+pid_max: default: 32768 minimum: 301
+Security Framework initialized
+Mount-cache hash table entries: 8192 (order: 4, 65536 bytes)
+Mountpoint-cache hash table entries: 8192 (order: 4, 65536 bytes)
+ASID allocator initialised with 65536 entries
+Speedo Revision 4
+Tegra Revision: A02 SKU: 19 CPU Process: 0 SoC Process: 0
+EFI services will not be available.
+Detected PIPT I-cache on CPU1
+CPU1: Booted secondary processor [411fd071]
+Detected PIPT I-cache on CPU2
+CPU2: Booted secondary processor [411fd071]
+Detected PIPT I-cache on CPU3
+CPU3: Booted secondary processor [411fd071]
+Brought up 4 CPUs
+SMP: Total of 4 processors activated.
+CPU features: detected feature: 32-bit EL0 Support
+CPU: All CPU(s) started at EL2
 alternatives: patching kernel code
 span: 0-3 (max cpu_capacity = 1024)
 devtmpfs: initialized
@@ -47,7 +130,7 @@
 RPC: Registered tcp NFSv4.1 backchannel transport module.
 Unpacking initramfs...
 Freeing initrd memory: 2364K (ffff80000a048000 - ffff80000a297000)
-kvm [1]: IDMAP page: 80873000
+kvm [1]: IDMAP page: 80875000
 kvm [1]: HYP VA range: 800000000000:ffffffffffff
 kvm [1]: 8-bit VMID
 kvm [1]: Hyp mode initialized successfully
@@ -56,7 +139,7 @@
 kvm [1]: virtual timer IRQ4
 futex hash table entries: 1024 (order: 5, 131072 bytes)
 audit: initializing netlink subsys (disabled)
-audit: type=2000 audit(0.719:1): initialized
+audit: type=2000 audit(0.671:1): initialized
 workingset: timestamp_bits=46 max_order=20 bucket_order=0
 squashfs: version 4.0 (2009/01/31) Phillip Lougher
 NFS: Registering the id_resolver key type
@@ -145,15 +228,15 @@
 registered taskstats version 1
 tegra-i2c 7000d100.i2c: could not find pctldev for node /host1x@50000000/dpaux@545c0000/pinmux-i2c, deferring probe
 input: gpio-keys as /devices/platform/gpio-keys/input/input0
-tegra-i2c 7000d100.i2c: could not find pctldev for node /host1x@50000000/dpaux@545c0000/pinmux-i2c, deferring probe
 mmc0: new high speed MMC card at address 0001
 mmcblk0: mmc0:0001 BGND3R 29.1 GiB 
 mmcblk0boot0: mmc0:0001 BGND3R partition 1 4.00 MiB
 mmcblk0boot1: mmc0:0001 BGND3R partition 2 4.00 MiB
 mmcblk0rpmb: mmc0:0001 BGND3R partition 3 4.00 MiB
-max77686-rtc max77620-rtc: setting system clock to 2000-06-26 12:38:24 UTC (962023104)
  mmcblk0: p1 p2 p3 p4 p5 p6 p7 p8 p9 p10 p11
 tegra-i2c 7000d100.i2c: could not find pctldev for node /host1x@50000000/dpaux@545c0000/pinmux-i2c, deferring probe
+tegra-i2c 7000d100.i2c: could not find pctldev for node /host1x@50000000/dpaux@545c0000/pinmux-i2c, deferring probe
+max77686-rtc max77620-rtc: setting system clock to 2000-06-27 10:40:11 UTC (962102411)
 PP1200_AVDD: disabling
 PP1200_RCAM: disabling
 PP2800L_RCAM: disabling
Diff for ./tegra30-beaver/tegra30-beaver/multi_v7_defconfig_log.txt
--- /tmp/fooa	2016-09-15 22:15:01.188481568 -0700
+++ /tmp/foob	2016-09-15 22:15:01.188481568 -0700
@@ -39,9 +39,9 @@
 	 #################################################################
 	 #################################################################
 	 ##################################
-	 3.1 MiB/s
+	 3.3 MiB/s
 done
-Bytes transferred = 7170312 (6d6908 hex)
+Bytes transferred = 7177016 (6d8338 hex)
 Tegra30 (Beaver) # tftpboot 0x82000000 tegra30-beaver.dtb
 Using asx0 device
 TFTP from server 192.168.100.1; our IP address is 192.168.100.101
@@ -52,7 +52,7 @@
 done
 Bytes transferred = 51572 (c974 hex)
 Tegra30 (Beaver) # bootz 0x81000000 - 0x82000000
-Kernel image @ 0x81000000 [ 0x000000 - 0x6d6908 ]
+Kernel image @ 0x81000000 [ 0x000000 - 0x6d8338 ]
 ## Flattened Device Tree blob at 82000000
    Booting using the fdt blob at 0x82000000
    Loading Device Tree to 8fff0000, end 8ffff973 ... OK
@@ -60,7 +60,7 @@
 Starting kernel ...
 
 Booting Linux on physical CPU 0x0
-Linux version 4.8.0-rc6-next-20160915-119238-gc96ee51 (pwalmsley@sellafield) (gcc version 4.7.3 20130328 (prerelease) (crosstool-NG linaro-1.13.1-4.7-2013.04-20130415 - Linaro GCC 2013.04) ) #1 SMP Thu Sep 15 00:04:51 PDT 2016
+Linux version 4.8.0-rc6-next-20160916-119456-gddf9d15 (pwalmsley@sellafield) (gcc version 4.7.3 20130328 (prerelease) (crosstool-NG linaro-1.13.1-4.7-2013.04-20130415 - Linaro GCC 2013.04) ) #1 SMP Thu Sep 15 22:05:34 PDT 2016
 CPU: ARMv7 Processor [412fc099] revision 9 (ARMv7), cr=10c5387d
 CPU: PIPT / VIPT nonaliasing data cache, VIPT aliasing instruction cache
 OF: fdt:Machine model: NVIDIA Tegra30 Beaver evaluation board
@@ -92,7 +92,7 @@
       .text : 0xc0208000 - 0xc0c00000   (10208 kB)
       .init : 0xc1100000 - 0xc1300000   (2048 kB)
       .data : 0xc1300000 - 0xc1427ac0   (1183 kB)
-       .bss : 0xc1429000 - 0xc147eac8   ( 343 kB)
+       .bss : 0xc1429000 - 0xc147ea88   ( 343 kB)
 SLUB: HWalign=64, Order=0-3, MinObjects=0, CPUs=4, Nodes=1
 Hierarchical RCU implementation.
 	Build-time adjustment of leaf fanout to 32.
@@ -300,18 +300,18 @@
 +VDD_5V_HDMI: supplied by sys_3v3,vdd_3v3_alw
 sys_3v3_pexs: supplied by sys_3v3,vdd_3v3_alw
 tegra-pcie 3000.pcie-controller: 2x3 configuration
+tegra-pcie 3000.pcie-controller: probing port 0, using 2 lanes
 mmc1: new high speed MMC card at address 0001
 mmcblk1: mmc1:0001 SEM16G 14.8 GiB 
 mmcblk1boot0: mmc1:0001 SEM16G partition 1 1.00 MiB
 mmcblk1boot1: mmc1:0001 SEM16G partition 2 1.00 MiB
-mmc0: new ultra high speed DDR50 SDHC card at address aaaa
 mmcblk1rpmb: mmc1:0001 SEM16G partition 3 128 KiB
-mmcblk0: mmc0:aaaa SS04G 3.69 GiB 
 Primary GPT is invalid, using alternate GPT.
  mmcblk1: p1 p2 p3 p4 p5
- mmcblk0: p1 p2 p3
-tegra-pcie 3000.pcie-controller: probing port 0, using 2 lanes
+mmc0: new ultra high speed DDR50 SDHC card at address aaaa
+mmcblk0: mmc0:aaaa SS04G 3.69 GiB 
 tegra-pcie 3000.pcie-controller: probing port 2, using 2 lanes
+ mmcblk0: p1 p2 p3
 tegra-pcie 3000.pcie-controller: link 2 down, retrying
 tegra-pcie 3000.pcie-controller: link 2 down, retrying
 tegra-pcie 3000.pcie-controller: link 2 down, retrying
@@ -382,4 +382,4 @@
 Freeing unused kernel memory: 2048K (c1100000 - c1300000)
 bash: cannot set terminal process group (-1): Inappropriate ioctl for device
 bash: no job control in this shell
-root@(none):/# [    3.928965] usb 2-1: new high-speed USB device number 2 using tegra-ehci
+root@(none):/# [    3.888965] usb 2-1: new high-speed USB device number 2 using tegra-ehci
Diff for ./tegra30-beaver/tegra30-beaver/tegra_defconfig_log.txt
--- /tmp/fooa	2016-09-15 22:15:01.196481577 -0700
+++ /tmp/foob	2016-09-15 22:15:01.200481582 -0700
@@ -37,20 +37,20 @@
 	 #################################################################
 	 #################################################################
 	 ##############################################
-	 3.4 MiB/s
+	 3.2 MiB/s
 done
-Bytes transferred = 5438032 (52fa50 hex)
+Bytes transferred = 5438160 (52fad0 hex)
 Tegra30 (Beaver) # tftpboot 0x82000000 tegra30-beaver.dtb
 Using asx0 device
 TFTP from server 192.168.100.1; our IP address is 192.168.100.101
 Filename 'tegra30-beaver.dtb'.
 Load address: 0x82000000
 Loading: *####
-	 3.1 MiB/s
+	 3.3 MiB/s
 done
 Bytes transferred = 51572 (c974 hex)
 Tegra30 (Beaver) # bootz 0x81000000 - 0x82000000
-Kernel image @ 0x81000000 [ 0x000000 - 0x52fa50 ]
+Kernel image @ 0x81000000 [ 0x000000 - 0x52fad0 ]
 ## Flattened Device Tree blob at 82000000
    Booting using the fdt blob at 0x82000000
    Loading Device Tree to 8fff0000, end 8ffff973 ... OK
@@ -59,7 +59,7 @@
 
 Uncompressing Linux... done, booting the kernel.
 Booting Linux on physical CPU 0x0
-Linux version 4.8.0-rc6-next-20160915-119238-gc96ee51 (pwalmsley@kaivo) (gcc version 4.7.3 20130328 (prerelease) (crosstool-NG linaro-1.13.1-4.7-2013.04-20130415 - Linaro GCC 2013.04) ) #1 SMP PREEMPT Thu Sep 15 00:04:45 PDT 2016
+Linux version 4.8.0-rc6-next-20160916-119456-gddf9d15 (pwalmsley@kaivo) (gcc version 4.7.3 20130328 (prerelease) (crosstool-NG linaro-1.13.1-4.7-2013.04-20130415 - Linaro GCC 2013.04) ) #1 SMP PREEMPT Thu Sep 15 22:05:27 PDT 2016
 CPU: ARMv7 Processor [412fc099] revision 9 (ARMv7), cr=10c5387d
 CPU: PIPT / VIPT nonaliasing data cache, VIPT aliasing instruction cache
 OF: fdt:Machine model: NVIDIA Tegra30 Beaver evaluation board
@@ -92,7 +92,7 @@
       .text : 0xc0008000 - 0xc0900000   (9184 kB)
       .init : 0xc0c00000 - 0xc0d00000   (1024 kB)
       .data : 0xc0d00000 - 0xc0d5dd80   ( 376 kB)
-       .bss : 0xc0d5f000 - 0xc0dbab00   ( 367 kB)
+       .bss : 0xc0d5f000 - 0xc0dbaa80   ( 367 kB)
 Preemptible hierarchical RCU implementation.
 	Build-time adjustment of leaf fanout to 32.
 NR_IRQS:16 nr_irqs:16 16
@@ -381,7 +381,7 @@
 VFS: Mounted root (ext3 filesystem) on device 179:1.
 devtmpfs: mounted
 Freeing unused kernel memory: 1024K (c0c00000 - c0d00000)
-bash: cannot set terminal proces[    7.760976] usb 2-1: new high-speed USB device number 2 using tegra-ehci
-s group (-1): Inappropriate ioctl for device
+bash: cannot set terminal process group (-1): Inappropriate ioctl for device
 bash: no job control in this shell
-root@(none):/# 
\ No newline at end of file
+root@(none):/# [    7.901356] usb 2-1: new high-speed USB device number 2 using tegra-ehci
+asix 2-1:1.0 eth1: register 'asix' at usb-7d008000.usb-1, ASIX AX88772 USB 2.0 Ethernet, 00:50:b6:0f:67:60
