
U-Boot SPL 2016.05-rc2 (Apr 21 2016 - 16:23:00)
Trying to boot from RAM


U-Boot 2016.05-rc2 (Apr 21 2016 - 16:23:00 -0700)

TEGRA124
Model: NVIDIA Jetson TK1
Board: NVIDIA Jetson TK1
DRAM:  2 GiB
MC:   Tegra SD/MMC: 0, Tegra SD/MMC: 1
In:    serial
Out:   serial
Err:   serial
Net:   No ethernet found.
Hit any key to stop autoboot:  2  0 
Tegra124 (Jetson TK1) # 
Tegra124 (Jetson TK1) # pci enum
Tegra124 (Jetson TK1) # setenv bootargs 'ignore_loglevel console=ttyS0,115200n8 rw root=PARTUUID=b1791faa-84e8-4e27-83a1-9fb0a77e8803 rootwait gpt debug noinitrd earlyprintk init=/bin/bash'
Tegra124 (Jetson TK1) # setenv ipaddr 192.168.100.102; setenv serverip 192.168.100.1; setenv tftpserverip 192.168.100.1
Tegra124 (Jetson TK1) # tftpboot 0x82000000 zImage.multi_v7_defconfig

Warning: eth_rtl8169 using MAC address from ROM
Using eth_rtl8169 device
TFTP from server 192.168.100.1; our IP address is 192.168.100.102
Filename 'zImage.multi_v7_defconfig'.
Load address: 0x82000000
Loading: *#################################################################
	 #################################################################
	 #################################################################
	 #################################################################
	 #################################################################
	 #################################################################
	 #################################################################
	 #################################################################
	 ###################
	 4 MiB/s
done
Bytes transferred = 7909200 (78af50 hex)
Tegra124 (Jetson TK1) # tftpboot 0x83000000 tegra124-jetson-tk1.dtb
Using eth_rtl8169 device
TFTP from server 192.168.100.1; our IP address is 192.168.100.102
Filename 'tegra124-jetson-tk1.dtb'.
Load address: 0x83000000
Loading: *#####
	 3.8 MiB/s
done
Bytes transferred = 67133 (1063d hex)
Tegra124 (Jetson TK1) # bootz 0x82000000 - 0x83000000
Kernel image @ 0x82000000 [ 0x000000 - 0x78af50 ]
## Flattened Device Tree blob at 83000000
   Booting using the fdt blob at 0x83000000
   Using Device Tree in place at 83000000, end 8301363c

Starting kernel ...

[    0.000000] Booting Linux on physical CPU 0x0
[    0.000000] Linux version 4.12.0-rc3-next-20170602-175743-g8adac26 (jonathanh@sellafield) (gcc version 4.7.3 20130328 (prerelease) (crosstool-NG linaro-1.13.1-4.7-2013.04-20130415 - Linaro GCC 2013.04) ) #1 SMP Thu Jun 1 23:20:11 PDT 2017
[    0.000000] CPU: ARMv7 Processor [413fc0f3] revision 3 (ARMv7), cr=10c5387d
[    0.000000] CPU: div instructions available: patching division code
[    0.000000] CPU: PIPT / VIPT nonaliasing data cache, PIPT instruction cache
[    0.000000] OF: fdt: Machine model: NVIDIA Tegra124 Jetson TK1
[    0.000000] debug: ignoring loglevel setting.
[    0.000000] Memory policy: Data cache writealloc
[    0.000000] efi: Getting EFI parameters from FDT:
[    0.000000] efi: UEFI not found.
[    0.000000] cma: Reserved 64 MiB at 0xfb800000
[    0.000000] On node 0 totalpages: 524032
[    0.000000] free_area_init_node: node 0, pgdat c157a6c0, node_mem_map eeff8000
[    0.000000]   DMA zone: 1536 pages used for memmap
[    0.000000]   DMA zone: 0 pages reserved
[    0.000000]   DMA zone: 196608 pages, LIFO batch:31
[    0.000000]   HighMem zone: 327424 pages, LIFO batch:31
[    0.000000] percpu: Embedded 17 pages/cpu @eef82000 s39232 r8192 d22208 u69632
[    0.000000] pcpu-alloc: s39232 r8192 d22208 u69632 alloc=17*4096
[    0.000000] pcpu-alloc: [0] 0 [0] 1 [0] 2 [0] 3 
[    0.000000] Built 1 zonelists in Zone order, mobility grouping on.  Total pages: 522496
[    0.000000] Kernel command line: ignore_loglevel console=ttyS0,115200n8 rw root=PARTUUID=b1791faa-84e8-4e27-83a1-9fb0a77e8803 rootwait gpt debug noinitrd earlyprintk init=/bin/bash
[    0.000000] PID hash table entries: 4096 (order: 2, 16384 bytes)
[    0.000000] Dentry cache hash table entries: 131072 (order: 7, 524288 bytes)
[    0.000000] Inode-cache hash table entries: 65536 (order: 6, 262144 bytes)
[    0.000000] Memory: 1993448K/2096128K available (10240K kernel code, 1544K rwdata, 4388K rodata, 2048K init, 402K bss, 37144K reserved, 65536K cma-reserved, 1244160K highmem)
[    0.000000] Virtual kernel memory layout:
[    0.000000]     vector  : 0xffff0000 - 0xffff1000   (   4 kB)
[    0.000000]     fixmap  : 0xffc00000 - 0xfff00000   (3072 kB)
[    0.000000]     vmalloc : 0xf0800000 - 0xff800000   ( 240 MB)
[    0.000000]     lowmem  : 0xc0000000 - 0xf0000000   ( 768 MB)
[    0.000000]     pkmap   : 0xbfe00000 - 0xc0000000   (   2 MB)
[    0.000000]     modules : 0xbf000000 - 0xbfe00000   (  14 MB)
[    0.000000]       .text : 0xc0208000 - 0xc0d00000   (11232 kB)
[    0.000000]       .init : 0xc1200000 - 0xc1400000   (2048 kB)
[    0.000000]       .data : 0xc1400000 - 0xc1582330   (1545 kB)
[    0.000000]        .bss : 0xc158bcd4 - 0xc15f0548   ( 403 kB)
[    0.000000] SLUB: HWalign=64, Order=0-3, MinObjects=0, CPUs=4, Nodes=1
[    0.000000] Hierarchical RCU implementation.
[    0.000000] 	RCU event tracing is enabled.
[    0.000000] 	RCU restricting CPUs from NR_CPUS=16 to nr_cpu_ids=4.
[    0.000000] RCU: Adjusting geometry for rcu_fanout_leaf=16, nr_cpu_ids=4
[    0.000000] NR_IRQS: 16, nr_irqs: 16, preallocated irqs: 16
[    0.000000] /interrupt-controller@60004000: 160 interrupts forwarded to /interrupt-controller@50041000
[    0.000000] Tegra clk 127: register failed with -17
[    0.000009] sched_clock: 32 bits at 1000kHz, resolution 1000ns, wraps every 2147483647500ns
[    0.000029] clocksource: timer_us: mask: 0xffffffff max_cycles: 0xffffffff, max_idle_ns: 1911260446275 ns
[    0.000045] Switching to timer-based delay loop, resolution 1000ns
[    0.005349] arch_timer: cp15 timer(s) running at 12.00MHz (virt).
[    0.005369] clocksource: arch_sys_counter: mask: 0xffffffffffffff max_cycles: 0x2c47f4ee7, max_idle_ns: 440795202497 ns
[    0.005388] sched_clock: 56 bits at 12MHz, resolution 83ns, wraps every 4398046511096ns
[    0.005402] Switching to timer-based delay loop, resolution 83ns
[    0.005871] Console: colour dummy device 80x30
[    0.005900] Calibrating delay loop (skipped), value calculated using timer frequency.. 24.00 BogoMIPS (lpj=120000)
[    0.005918] pid_max: default: 32768 minimum: 301
[    0.006006] Mount-cache hash table entries: 2048 (order: 1, 8192 bytes)
[    0.006021] Mountpoint-cache hash table entries: 2048 (order: 1, 8192 bytes)
[    0.006509] CPU: Testing write buffer coherency: ok
[    0.006748] /cpus/cpu@0 missing clock-frequency property
[    0.006791] /cpus/cpu@1 missing clock-frequency property
[    0.006833] /cpus/cpu@2 missing clock-frequency property
[    0.006876] /cpus/cpu@3 missing clock-frequency property
[    0.006889] CPU0: thread -1, cpu 0, socket 0, mpidr 80000000
[    0.007176] Setting up static identity map for 0x80300000 - 0x803000a0
[    0.009138] Hierarchical SRCU implementation.
[    0.011022] Tegra Revision: A01 SKU: 129 CPU Process: 1 SoC Process: 1
[    0.011780] EFI services will not be available.
[    0.012003] smp: Bringing up secondary CPUs ...
[    0.012594] CPU1: thread -1, cpu 1, socket 0, mpidr 80000001
[    0.015818] CPU2: thread -1, cpu 2, socket 0, mpidr 80000002
[    0.025854] CPU3: thread -1, cpu 3, socket 0, mpidr 80000003
[    0.035271] smp: Brought up 1 node, 4 CPUs
[    0.035291] SMP: Total of 4 processors activated (96.00 BogoMIPS).
[    0.035300] CPU: All CPU(s) started in SVC mode.
[    0.036777] devtmpfs: initialized
[    0.053063] VFP support v0.3: implementor 41 architecture 4 part 30 variant f rev 0
[    0.053468] clocksource: jiffies: mask: 0xffffffff max_cycles: 0xffffffff, max_idle_ns: 19112604462750000 ns
[    0.053487] futex hash table entries: 1024 (order: 4, 65536 bytes)
[    0.054932] pinctrl core: initialized pinctrl subsystem
[    0.056884] NET: Registered protocol family 16
[    0.058990] DMA: preallocated 256 KiB pool for atomic coherent allocations
[    0.061481] cpuidle: using governor menu
[    0.088266] No ATAGs?
[    0.088394] hw-breakpoint: found 5 (+1 reserved) breakpoint and 4 watchpoint registers.
[    0.088411] hw-breakpoint: maximum watchpoint size is 8 bytes.
[    0.095681] Serial: AMBA PL011 UART driver
[    0.112584] AT91: Could not find identification node
[    0.113149] +5V_SYS: supplied by +VDD_MUX
[    0.113435] +3.3V_SYS: supplied by +VDD_MUX
[    0.114063] +USB0_VBUS_SW: Failed to request enable GPIO108: -517
[    0.114079] reg-fixed-voltage regulators:regulator@7: Failed to register regulator: -517
[    0.114180] +5V_USB_HS: Failed to request enable GPIO109: -517
[    0.114195] reg-fixed-voltage regulators:regulator@8: Failed to register regulator: -517
[    0.114379] +1.05V_RUN_AVDD_HDMI_PLL: Failed to request enable GPIO63: -517
[    0.114393] reg-fixed-voltage regulators:regulator@11: Failed to register regulator: -517
[    0.114492] +5V_HDMI_CON: Failed to request enable GPIO86: -517
[    0.114506] reg-fixed-voltage regulators:regulator@12: Failed to register regulator: -517
[    0.114602] +5V_SATA: Failed to request enable GPIO242: -517
[    0.114616] reg-fixed-voltage regulators:regulator@13: Failed to register regulator: -517
[    0.114712] +12V_SATA: Failed to request enable GPIO242: -517
[    0.114726] reg-fixed-voltage regulators:regulator@14: Failed to register regulator: -517
[    0.117708] vgaarb: loaded
[    0.118485] SCSI subsystem initialized
[    0.118648] libata version 3.00 loaded.
[    0.118893] usbcore: registered new interface driver usbfs
[    0.118954] usbcore: registered new interface driver hub
[    0.119015] usbcore: registered new device driver usb
[    0.122490] pps_core: LinuxPPS API ver. 1 registered
[    0.122500] pps_core: Software ver. 5.3.6 - Copyright 2005-2007 Rodolfo Giometti <giometti@linux.it>
[    0.122524] PTP clock support registered
[    0.122716] EDAC MC: Ver: 3.0.0
[    0.125606] clocksource: Switched to clocksource arch_sys_counter
[    0.181431] NET: Registered protocol family 2
[    0.181932] TCP established hash table entries: 8192 (order: 3, 32768 bytes)
[    0.182033] TCP bind hash table entries: 8192 (order: 4, 65536 bytes)
[    0.182221] TCP: Hash tables configured (established 8192 bind 8192)
[    0.182304] UDP hash table entries: 512 (order: 2, 16384 bytes)
[    0.182350] UDP-Lite hash table entries: 512 (order: 2, 16384 bytes)
[    0.182501] NET: Registered protocol family 1
[    0.182818] RPC: Registered named UNIX socket transport module.
[    0.182828] RPC: Registered udp transport module.
[    0.182837] RPC: Registered tcp transport module.
[    0.182846] RPC: Registered tcp NFSv4.1 backchannel transport module.
[    0.182859] PCI: CLS 0 bytes, default 64
[    0.184280] hw perfevents: enabled with armv7_cortex_a15 PMU driver, 7 counters available
[    0.186058] workingset: timestamp_bits=30 max_order=19 bucket_order=0
[    0.194401] squashfs: version 4.0 (2009/01/31) Phillip Lougher
[    0.195097] NFS: Registering the id_resolver key type
[    0.195121] Key type id_resolver registered
[    0.195131] Key type id_legacy registered
[    0.195172] ntfs: driver 2.1.32 [Flags: R/O].
[    0.196858] bounce: pool size: 64 pages
[    0.196899] Block layer SCSI generic (bsg) driver version 0.4 loaded (major 248)
[    0.196911] io scheduler noop registered
[    0.196920] io scheduler deadline registered
[    0.196949] io scheduler cfq registered (default)
[    0.196959] io scheduler mq-deadline registered
[    0.196968] io scheduler kyber registered
[    0.200343]  usb2-0: usb2-0 supply vbus not found, using dummy regulator
[    0.200452]  usb2-1: usb2-1 supply vbus not found, using dummy regulator
[    0.200903] tegra-xusb-padctl 7009f000.padctl: failed to setup XUSB ports: -517
[    0.218899] tegra-pcie 1003000.pcie-controller: 2x1, 1x1 configuration
[    0.218955] tegra-pcie 1003000.pcie-controller: Failed to get supply 'avddio-pex': -517
[    0.225273] tegra124-dfll 70110000.clock: couldn't get vdd_cpu regulator
[    0.233132] tegra-apbdma 60020000.dma: Tegra20 APB DMA driver register 32 channels
[    0.235716] tegra-pmc 7000e400.pmc: emergency thermal reset enabled
[    0.289148] Serial: 8250/16550 driver, 4 ports, IRQ sharing disabled
[    0.291737] console [ttyS0] disabled
[    0.291777] 70006300.serial: ttyS0 at MMIO 0x70006300 (irq = 335, base_baud = 25500000) is a Tegra
[    1.189231] console [ttyS0] enabled
[    1.193535] SuperH (H)SCI(F) driver initialized
[    1.199065] msm_serial: driver initialized
[    1.203341] STMicroelectronics ASC driver initialized
[    1.209262] 70006000.serial: ttyTHS1 at MMIO 0x70006000 (irq = 333, base_baud = 0) is a TEGRA_UART
[    1.218527] 70006040.serial: ttyTHS2 at MMIO 0x70006040 (irq = 334, base_baud = 0) is a TEGRA_UART
[    1.232584] tegra-hdmi 54280000.hdmi: failed to get HDMI regulator
[    1.251800] brd: module loaded
[    1.262111] loop: module loaded
[    1.266454] at24 0-0056: 256 byte 24c02 EEPROM, writable, 8 bytes/write
[    1.274783] as3722 4-0040: AS3722 with revision 0x1 found
[    1.286702] as3722-sd2: supplied by +5V_SYS
[    1.291323] as3722-sd3: supplied by +5V_SYS
[    1.295794] +1.35V_LP0(sd3): Bringing 0uV into 1350000-1350000uV
[    1.302135] as3722-sd4: supplied by +5V_SYS
[    1.306779] as3722-sd5: supplied by +5V_SYS
[    1.312785] as3722-ldo0: supplied by +1.35V_LP0(sd2)
[    1.318851] +1.8V_RUN_CAM: Bringing 0uV into 1800000-1800000uV
[    1.325066] as3722-ldo2: supplied by +1.8V_VDDIO
[    1.330972] as3722-ldo3: supplied by +3.3V_SYS
[    1.335451] +1.05V_LP0_VDD_RTC: Bringing 1100000uV into 1000000-1000000uV
[    1.343226] as3722-ldo4: supplied by +3.3V_SYS
[    1.347913] +2.8V_RUN_CAM: Bringing 0uV into 2800000-2800000uV
[    1.354094] as3722-ldo5: supplied by +1.8V_VDDIO
[    1.358942] +1.2V_RUN_CAM_FRONT: Bringing 0uV into 1200000-1200000uV
[    1.365398] ------------[ cut here ]------------
[    1.370029] WARNING: CPU: 0 PID: 0 at kernel/time/tick-sched.c:791 __tick_nohz_idle_enter+0x2e4/0x518
[    1.379232] Modules linked in:
[    1.382292] CPU: 0 PID: 0 Comm: swapper/0 Not tainted 4.12.0-rc3-next-20170602-175743-g8adac26 #1
[    1.391150] Hardware name: NVIDIA Tegra SoC (Flattened Device Tree)
[    1.397424] [<c0310770>] (unwind_backtrace) from [<c030b8ac>] (show_stack+0x10/0x14)
[    1.405166] [<c030b8ac>] (show_stack) from [<c06062b8>] (dump_stack+0x84/0xa4)
[    1.412389] [<c06062b8>] (dump_stack) from [<c0343fc0>] (__warn+0xd8/0x104)
[    1.419350] [<c0343fc0>] (__warn) from [<c034400c>] (warn_slowpath_null+0x20/0x28)
[    1.426917] [<c034400c>] (warn_slowpath_null) from [<c03b4e68>] (__tick_nohz_idle_enter+0x2e4/0x518)
[    1.436045] [<c03b4e68>] (__tick_nohz_idle_enter) from [<c0349ae4>] (irq_exit+0x9c/0x13c)
[    1.444216] [<c0349ae4>] (irq_exit) from [<c038b6c0>] (__handle_domain_irq+0x58/0xb4)
[    1.452040] [<c038b6c0>] (__handle_domain_irq) from [<c0301754>] (gic_handle_irq+0x50/0x9c)
[    1.460383] [<c0301754>] (gic_handle_irq) from [<c030c44c>] (__irq_svc+0x6c/0x90)
[    1.467853] Exception stack(0xc1401f30 to 0xc1401f78)
[    1.472899] 1f20:                                     00000000 c158220c 00000000 c157ee8c
[    1.481067] 1f40: 60000013 2dc57000 00000000 c1403cdc c1440374 00000000 00000001 00000000
[    1.489234] 1f60: c132f470 c1401f80 c03996a0 c039b1a0 60000013 ffffffff
[    1.495846] [<c030c44c>] (__irq_svc) from [<c039b1a0>] (rcu_idle_exit+0x5c/0x64)
[    1.503239] [<c039b1a0>] (rcu_idle_exit) from [<c037bff4>] (do_idle+0x13c/0x200)
[    1.510628] [<c037bff4>] (do_idle) from [<c037c310>] (cpu_startup_entry+0x18/0x1c)
[    1.518195] [<c037c310>] (cpu_startup_entry) from [<c1200c0c>] (start_kernel+0x33c/0x3a8)
[    1.526365] [<c1200c0c>] (start_kernel) from [<8020807c>] (0x8020807c)
[    1.532885] ---[ end trace 982fa95e54fcaa14 ]---
[    1.537499] basemono: 1350000000 ts->next_tick: 1355948416 dev->next_event: 1359802416 timer->active: 1 timer->expires: 1355948416
[    1.549348] +VDDIO_SDMMC3: bypassed regulator has no supply!
[    1.555000] +VDDIO_SDMMC3: failed to get the current voltage(-517)
[    1.561204] as3722-regulator as3722-regulator: regulator 13 register failed -517
[    1.574297] tegra-ahci 70027000.sata: couldn't get PHY in node sata: -517
[    1.594305] random: fast init done
[    1.597923] m25p80 spi32765.0: w25q32dw (4096 Kbytes)
[    1.605709] libphy: Fixed MDIO Bus: probed
[    1.610884] CAN device driver interface
[    1.615651] bgmac_bcma: Broadcom 47xx GBit MAC driver loaded
[    1.622662] e1000e: Intel(R) PRO/1000 Network Driver - 3.2.6-k
[    1.628586] e1000e: Copyright(c) 1999 - 2015 Intel Corporation.
[    1.634552] igb: Intel(R) Gigabit Ethernet Network Driver - version 5.4.0-k
[    1.641516] igb: Copyright (c) 2007-2014 Intel Corporation.
[    1.650895] pegasus: v0.9.3 (2013/04/25), Pegasus/Pegasus II USB Ethernet driver
[    1.658350] usbcore: registered new interface driver pegasus
[    1.664048] usbcore: registered new interface driver asix
[    1.669493] usbcore: registered new interface driver ax88179_178a
[    1.675631] usbcore: registered new interface driver cdc_ether
[    1.681511] usbcore: registered new interface driver smsc75xx
[    1.687318] usbcore: registered new interface driver smsc95xx
[    1.693089] usbcore: registered new interface driver net1080
[    1.698794] usbcore: registered new interface driver cdc_subset
[    1.704739] usbcore: registered new interface driver zaurus
[    1.710376] usbcore: registered new interface driver cdc_ncm
[    1.716263] tegra-phy 7d004000.usb-phy: no vbus regulator
[    1.723675] ehci_hcd: USB 2.0 'Enhanced' Host Controller (EHCI) Driver
[    1.730213] ehci-pci: EHCI PCI platform driver
[    1.734690] ehci-platform: EHCI generic platform driver
[    1.740127] ehci-orion: EHCI orion driver
[    1.744291] SPEAr-ehci: EHCI SPEAr driver
[    1.748457] ehci-st: EHCI STMicroelectronics driver
[    1.753466] ehci-exynos: EHCI EXYNOS driver
[    1.757814] ehci-atmel: EHCI Atmel driver
[    1.761954] tegra-ehci: Tegra EHCI driver
[    1.768814] tegra-ehci 7d004000.usb: EHCI Host Controller
[    1.774227] tegra-ehci 7d004000.usb: new USB bus registered, assigned bus number 1
[    1.782021] tegra-ehci 7d004000.usb: irq 354, io mem 0x7d004000
[    1.815625] tegra-ehci 7d004000.usb: USB 2.0 started, EHCI 1.10
[    1.822330] hub 1-0:1.0: USB hub found
[    1.826146] hub 1-0:1.0: 1 port detected
[    1.830633] ohci_hcd: USB 1.1 'Open' Host Controller (OHCI) Driver
[    1.836835] ohci-pci: OHCI PCI platform driver
[    1.841314] ohci-platform: OHCI generic platform driver
[    1.846727] ohci-omap3: OHCI OMAP3 driver
[    1.850865] SPEAr-ohci: OHCI SPEAr driver
[    1.855007] ohci-st: OHCI STMicroelectronics driver
[    1.860037] ohci-atmel: OHCI Atmel driver
[    1.864808] usbcore: registered new interface driver usb-storage
[    1.875133] as3722-rtc as3722-rtc: rtc core: registered as3722-rtc as rtc0
[    1.882023] as3722-rtc as3722-rtc: RTC interrupt 377
[    1.890221] tegra_rtc 7000e000.rtc: rtc core: registered 7000e000.rtc as rtc1
[    1.897405] tegra_rtc 7000e000.rtc: Tegra internal Real Time Clock
[    1.904095] i2c /dev entries driver
[    1.914331] lm90 0-004c: 0-004c supply vcc not found, using dummy regulator
[    1.931779] sdhci: Secure Digital Host Controller Interface driver
[    1.937978] sdhci: Copyright(c) Pierre Ossman
[    1.943929] Synopsys Designware Multimedia Card Interface Driver
[    1.951257] sdhci-pltfm: SDHCI platform and OF driver helper
[    1.957711] sdhci-tegra 700b0400.sdhci: Got CD GPIO
[    1.962600] sdhci-tegra 700b0400.sdhci: Got WP GPIO
[    1.983862] mmc0: Unknown controller version (3). You may experience problems.
[    1.991137] mmc0: Invalid maximum block size, assuming 512 bytes
[    2.055630] mmc0: SDHCI controller on 700b0600.sdhci [700b0600.sdhci] using ADMA
[    2.064949] ledtrig-cpu: registered to indicate activity on CPUs
[    2.071355] usbcore: registered new interface driver usbhid
[    2.076944] usbhid: USB HID core driver
[    2.084845] NET: Registered protocol family 10
[    2.090176] Segment Routing with IPv6
[    2.093888] sit: IPv6, IPv4 and MPLS over IPv4 tunneling driver
[    2.100361] NET: Registered protocol family 17
[    2.104807] can: controller area network core (rev 20170425 abi 9)
[    2.111052] NET: Registered protocol family 29
[    2.115491] can: raw protocol (rev 20170425)
[    2.119776] can: broadcast manager protocol (rev 20170425 t)
[    2.125434] can: netlink gateway (rev 20170425) max_hops=1
[    2.131231] Key type dns_resolver registered
[    2.136068] ThumbEE CPU extension supported.
[    2.140338] Registering SWP/SWPB emulation handler
[    2.159107] +3.3V_RUN: supplied by +3.3V_SYS
[    2.164633] +USB0_VBUS_SW: supplied by +5V_SYS
[    2.169360] +3.3V_AVDD_HDMI_AP_GATED: supplied by +3.3V_RUN
[    2.175291] +5V_USB_HS: supplied by +5V_SYS
[    2.181263] +3.3V_LP0: supplied by +3.3V_SYS
[    2.187828] +5V_HDMI_CON: supplied by +5V_SYS
[    2.192864] +5V_SATA: supplied by +5V_SYS
[    2.197565] +12V_SATA: supplied by +VDD_MUX
[    2.203172] mmc0: new high speed MMC card at address 0001
[    2.203650]  usb2-0: usb2-0 supply vbus not found, using dummy regulator
[    2.203789]  usb2-1: usb2-1 supply vbus not found, using dummy regulator
[    2.204124]  usb3-0: usb3-0 supply vbus not found, using dummy regulator
[    2.205486] tegra-pcie 1003000.pcie-controller: 2x1, 1x1 configuration
[    2.205542] tegra-pcie 1003000.pcie-controller: Failed to get supply 'avddio-pex': -517
[    2.209571] tegra124-dfll 70110000.clock: couldn't get vdd_cpu regulator
[    2.214969] tegra-hdmi 54280000.hdmi: failed to get PLL regulator
[    2.257589] mmcblk0: mmc0:0001 SEM16G 14.7 GiB 
[    2.262371] as3722-sd2: supplied by +5V_SYS
[    2.262913] mmcblk0boot0: mmc0:0001 SEM16G partition 1 4.00 MiB
[    2.263316] mmcblk0boot1: mmc0:0001 SEM16G partition 2 4.00 MiB
[    2.264509] mmcblk0rpmb: mmc0:0001 SEM16G partition 3 4.00 MiB
[    2.278293]  mmcblk0: p1
[    2.287263] as3722-sd3: supplied by +5V_SYS
[    2.291733] as3722-sd4: supplied by +5V_SYS
[    2.296311] as3722-sd5: supplied by +5V_SYS
[    2.302502] as3722-ldo0: supplied by +1.35V_LP0(sd2)
[    2.308458] as3722-ldo1: supplied by +3.3V_RUN
[    2.313242] as3722-ldo2: supplied by +1.8V_VDDIO
[    2.318967] as3722-ldo3: supplied by +3.3V_SYS
[    2.324279] as3722-ldo4: supplied by +3.3V_SYS
[    2.329098] as3722-ldo5: supplied by +1.8V_VDDIO
[    2.333982] as3722-ldo6: supplied by +3.3V_RUN
[    2.338795] as3722-ldo7: supplied by +1.8V_VDDIO
[    2.343979] +1.05V_RUN_CAM_REAR: Bringing 0uV into 1050000-1050000uV
[    2.351122] as3722-ldo9: supplied by +5V_SYS
[    2.356687] +3.3V_RUN_TOUCH: Bringing 0uV into 2800000-2800000uV
[    2.363417] as3722-ldo10: supplied by +5V_SYS
[    2.368380] +2.8V_RUN_CAM_AF: Bringing 0uV into 2800000-2800000uV
[    2.375203] as3722-ldo11: supplied by +3.3V_RUN
[    2.380540] +1.8V_RUN_VPP_FUSE: Bringing 0uV into 1800000-1800000uV
[    2.390507] tegra-ahci 70027000.sata: AHCI 0001.0301 32 slots 2 ports 3 Gbps 0x1 impl platform mode
[    2.399582] tegra-ahci 70027000.sata: flags: 64bit ncq sntf pm led pio slum part sadm sds apst 
[    2.410167] scsi host0: tegra-ahci
[    2.414788] scsi host1: tegra-ahci
[    2.418528] ata1: SATA max UDMA/133 mmio [mem 0x70027000-0x70028fff] port 0x100 irq 345
[    2.426542] ata2: DUMMY
[    2.432360] tegra-ehci 7d008000.usb: EHCI Host Controller
[    2.437816] tegra-ehci 7d008000.usb: new USB bus registered, assigned bus number 2
[    2.445538] tegra-ehci 7d008000.usb: irq 355, io mem 0x7d008000
[    2.475726] tegra-ehci 7d008000.usb: USB 2.0 started, EHCI 1.10
[    2.482777] hub 2-0:1.0: USB hub found
[    2.486634] hub 2-0:1.0: 1 port detected
[    2.493026] sdhci-tegra 700b0400.sdhci: Got CD GPIO
[    2.497980] sdhci-tegra 700b0400.sdhci: Got WP GPIO
[    2.509830] mmc1: Unknown controller version (3). You may experience problems.
[    2.517168] mmc1: Invalid maximum block size, assuming 512 bytes
[    2.586148] mmc1: SDHCI controller on 700b0400.sdhci [700b0400.sdhci] using ADMA
[    2.594248] tegra-pcie 1003000.pcie-controller: 2x1, 1x1 configuration
[    2.602899] tegra-pcie 1003000.pcie-controller: probing port 0, using 2 lanes
[    2.613583] tegra-pcie 1003000.pcie-controller: Slot present pin change, signature: 00000008
[    2.636527] tegra-pcie 1003000.pcie-controller: probing port 1, using 1 lanes
[    2.646020] tegra-pcie 1003000.pcie-controller: Slot present pin change, signature: 00000000
[    2.660035] tegra-pcie 1003000.pcie-controller: PCI host bridge to bus 0000:00
[    2.667314] pci_bus 0000:00: root bus resource [io  0x0000-0xffff]
[    2.673501] pci_bus 0000:00: root bus resource [mem 0x13000000-0x1fffffff]
[    2.680401] pci_bus 0000:00: root bus resource [mem 0x20000000-0x3fffffff pref]
[    2.687759] pci_bus 0000:00: root bus resource [bus 00-ff]
[    2.693296] pci 0000:00:01.0: [10de:0e12] type 01 class 0x060400
[    2.699394] pci_bus 0000:00: 2-byte config write to 0000:00:01.0 offset 0x88 may corrupt adjacent RW1C bits
[    2.709196] pci_bus 0000:00: 2-byte config write to 0000:00:01.0 offset 0x52 may corrupt adjacent RW1C bits
[    2.719017] pci 0000:00:01.0: PME# supported from D0 D1 D2 D3hot D3cold
[    2.725679] pci_bus 0000:00: 2-byte config write to 0000:00:01.0 offset 0x4c may corrupt adjacent RW1C bits
[    2.735721] pci 0000:00:02.0: [10de:0e13] type 01 class 0x060400
[    2.741778] pci_bus 0000:00: 2-byte config write to 0000:00:02.0 offset 0x88 may corrupt adjacent RW1C bits
[    2.751574] pci_bus 0000:00: 2-byte config write to 0000:00:02.0 offset 0x52 may corrupt adjacent RW1C bits
[    2.757876] ata1: SATA link down (SStatus 0 SControl 300)
[    2.766793] pci 0000:00:02.0: PME# supported from D0 D1 D2 D3hot D3cold
[    2.773417] pci_bus 0000:00: 2-byte config write to 0000:00:02.0 offset 0x4c may corrupt adjacent RW1C bits
[    2.783454] pci_bus 0000:00: 2-byte config write to 0000:00:01.0 offset 0x3e may corrupt adjacent RW1C bits
[    2.793233] pci_bus 0000:00: 2-byte config write to 0000:00:02.0 offset 0x3e may corrupt adjacent RW1C bits
[    2.802982] pci_bus 0000:00: 2-byte config write to 0000:00:01.0 offset 0x4 may corrupt adjacent RW1C bits
[    2.812642] pci_bus 0000:00: 1-byte config write to 0000:00:01.0 offset 0xc may corrupt adjacent RW1C bits
[    2.822334] PCI: bus0: Fast back to back transfers disabled
[    2.827923] pci 0000:00:01.0: bridge configuration invalid ([bus 00-00]), reconfiguring
[    2.835941] pci 0000:00:02.0: bridge configuration invalid ([bus 00-00]), reconfiguring
[    2.844148] pci 0000:01:00.0: [8086:4232] type 00 class 0x028000
[    2.850217] pci 0000:01:00.0: reg 0x10: [mem 0x00000000-0x00001fff 64bit]
[    2.857206] pci 0000:01:00.0: PME# supported from D0 D3hot D3cold
[    2.878639] mmc1: new high speed SDHC card at address aaaa
[    2.884910] mmcblk1: mmc1:aaaa SD04G 3.69 GiB 
[    2.889730] PCI: bus1: Fast back to back transfers disabled
[    2.895328] pci_bus 0000:01: busn_res: [bus 01-ff] end is updated to 01
[    2.902208] pci 0000:02:00.0: [10ec:8168] type 00 class 0x020000
[    2.908301] pci 0000:02:00.0: reg 0x10: [io  0x0000-0x00ff]
[    2.913916] pci 0000:02:00.0: reg 0x18: [mem 0x00000000-0x00000fff 64bit]
[    2.920767] pci 0000:02:00.0: reg 0x20: [mem 0x00000000-0x00003fff 64bit pref]
[    2.928166] pci 0000:02:00.0: supports D1 D2
[    2.932439] pci 0000:02:00.0: PME# supported from D0 D1 D2 D3hot D3cold
[    2.952128]  mmcblk1: p1 p2 p3
[    2.965763] PCI: bus2: Fast back to back transfers disabled
[    2.971342] pci_bus 0000:02: busn_res: [bus 02-ff] end is updated to 02
[    2.978182] pci 0000:00:01.0: BAR 8: assigned [mem 0x13000000-0x130fffff]
[    2.984974] pci 0000:00:02.0: BAR 8: assigned [mem 0x13100000-0x131fffff]
[    2.991809] pci 0000:00:02.0: BAR 9: assigned [mem 0x20000000-0x200fffff 64bit pref]
[    2.999586] pci 0000:00:02.0: BAR 7: assigned [io  0x1000-0x1fff]
[    3.005703] pci 0000:01:00.0: BAR 0: assigned [mem 0x13000000-0x13001fff 64bit]
[    3.013030] pci 0000:00:01.0: PCI bridge to [bus 01]
[    3.018036] pci 0000:00:01.0:   bridge window [mem 0x13000000-0x130fffff]
[    3.024836] pci 0000:02:00.0: BAR 4: assigned [mem 0x20000000-0x20003fff 64bit pref]
[    3.032610] pci 0000:02:00.0: BAR 2: assigned [mem 0x13100000-0x13100fff 64bit]
[    3.039974] pci 0000:02:00.0: BAR 0: assigned [io  0x1000-0x10ff]
[    3.046090] pci 0000:00:02.0: PCI bridge to [bus 02]
[    3.051051] pci 0000:00:02.0:   bridge window [io  0x1000-0x1fff]
[    3.057181] pci 0000:00:02.0:   bridge window [mem 0x13100000-0x131fffff]
[    3.063965] pci 0000:00:02.0:   bridge window [mem 0x20000000-0x200fffff 64bit pref]
[    3.071752] pci 0000:00:01.0: nv_msi_ht_cap_quirk didn't locate host bridge
[    3.078856] pcieport 0000:00:01.0: enabling device (0140 -> 0142)
[    3.085205] pcieport 0000:00:01.0: Signaling PME with IRQ 393
[    3.091068] pci 0000:00:02.0: nv_msi_ht_cap_quirk didn't locate host bridge
[    3.098167] pcieport 0000:00:02.0: enabling device (0140 -> 0143)
[    3.104496] pcieport 0000:00:02.0: Signaling PME with IRQ 394
[    3.110550] r8169 Gigabit Ethernet driver 2.3LK-NAPI loaded
[    3.116184] r8169 0000:02:00.0: enabling device (0140 -> 0143)
[    3.147315] r8169 0000:02:00.0 eth0: RTL8168g/8111g at 0xf0b72000, 00:04:4b:3a:d9:81, XID 0c000800 IRQ 395
[    3.157005] r8169 0000:02:00.0 eth0: jumbo features [frames: 9200 bytes, tx checksumming: ko]
[    3.169827] +1.05V_RUN_AVDD_HDMI_PLL: supplied by +1.05V_RUN
[    3.177860] of: dev_pm_opp_of_cpumask_add_table: couldn't find opp table for cpu:0, -19
[    3.185955] cpufreq: cpufreq_online: CPU0: Running at unlisted freq: 696000 KHz
[    3.193271] cpufreq: cpufreq_online: CPU0: Unlisted initial frequency changed to: 714000 KHz
[    3.202425] input: gpio-keys as /devices/soc0/gpio-keys/input/input0
[    3.209837] as3722-rtc as3722-rtc: setting system clock to 2000-01-01 00:00:45 UTC (946684845)
[    3.218837] +3.3V_AVDD_HDMI_AP_GATED: disabling
[    3.223360] +USB0_VBUS_SW: disabling
[    3.226961] +1.05V_RUN_AVDD_HDMI_PLL: disabling
[    3.231489] +5V_HDMI_CON: disabling
[    3.234977] +1.8V_RUN_CAM: disabling
[    3.238841] +2.8V_RUN_CAM: disabling
[    3.242659] +1.2V_RUN_CAM_FRONT: disabling
[    3.247064] +1.05V_RUN_CAM_REAR: disabling
[    3.251325] +3.3V_RUN_TOUCH: disabling
[    3.255235] +2.8V_RUN_CAM_AF: disabling
[    3.259329] +1.8V_RUN_VPP_FUSE: disabling
[    3.264465] EXT4-fs (mmcblk0p1): mounting ext3 file system using the ext4 subsystem
[    3.286274] EXT4-fs (mmcblk0p1): recovery complete
[    3.291062] EXT4-fs (mmcblk0p1): mounted filesystem with ordered data mode. Opts: (null)
[    3.299197] VFS: Mounted root (ext3 filesystem) on device 179:1.
[    3.309158] devtmpfs: mounted
[    3.313019] Freeing unused kernel memory: 2048K
bash: cannot set terminal process group (-1): Inappropriate ioctl for device
bash: no job control in this shell
root@(none):/# mount -t sysfs none /sys
root@(none):/# 
root@(none):/# mount -t debugfs none /sys/kernel/debug
root@(none):/# 
root@(none):/# rtcwake -d rtc1 -m mem -s 3
rtcwake: assuming RTC uses UTC ...
rtcwake: wakeup from "mem" using /dev/rtc1 at Thu Jan  1 00:00:20 1970
[    6.480323] PM: Syncing filesystems ... done.
[    6.490623] Freezing user space processes ... (elapsed 0.001 seconds) done.
[    6.499448] OOM killer disabled.
[    6.502701] Freezing remaining freezable tasks ... (elapsed 0.001 seconds) done.
[    6.512183] Suspending console(s) (use no_console_suspend to debug)
[    6.609100] PM: suspend of devices complete after 86.913 msecs
[    6.620203] PM: late suspend of devices complete after 11.062 msecs
[    6.651004] PM: noirq suspend of devices complete after 30.771 msecs
[    6.651019] Disabling non-boot CPUs ...
[    6.687506] IRQ357 no longer affine to CPU1
[    6.816898] IRQ17 no longer affine to CPU2
[    6.817458] IRQ358 no longer affine to CPU2
[    6.917203] IRQ359 no longer affine to CPU3
[    6.976267] Entering suspend state LP1
[    6.976267] Suspended for 2.875 seconds
[    6.976278] Enabling non-boot CPUs ...
[    6.997600] CPU1 is up
[    7.037509] CPU2 is up
[    7.077791] CPU3 is up
[    7.078480] pcieport 0000:00:01.0: nv_msi_ht_cap_quirk didn't locate host bridge
[    7.078550] pcieport 0000:00:02.0: nv_msi_ht_cap_quirk didn't locate host bridge
[    7.105688] PM: noirq resume of devices complete after 27.891 msecs
[    7.107344] PM: early resume of devices complete after 1.320 msecs
[    7.145878] PM: resume of devices complete after 38.524 msecs
[    7.236828] OOM killer enabled.
[    7.239957] Restarting tasks ... done.
root@(none):/# 
root@(none):/# [    7.438116] ata1: SATA link down (SStatus 0 SControl 300)
rtcwake -d rtc1 -m mem -s 3
rtcwake: assuming RTC uses UTC ...
rtcwake: wakeup from "mem" using /dev/rtc1 at Thu Jan  1 00:00:24 1970
[    7.606703] PM: Syncing filesystems ... done.
[    7.611954] Freezing user space processes ... (elapsed 0.001 seconds) done.
[    7.620065] OOM killer disabled.
[    7.623282] Freezing remaining freezable tasks ... (elapsed 0.001 seconds) done.
[    7.631936] Suspending console(s) (use no_console_suspend to debug)
[    7.747386] PM: suspend of devices complete after 108.467 msecs
[    7.750214] PM: late suspend of devices complete after 2.815 msecs
[    7.750736] pci_generic_config_write32: 120 callbacks suppressed
[    7.750747] pci_bus 0000:02: 2-byte config write to 0000:02:00.0 offset 0x44 may corrupt adjacent RW1C bits
[    7.750772] pci_bus 0000:02: 2-byte config write to 0000:02:00.0 offset 0x44 may corrupt adjacent RW1C bits
[    7.777040] PM: noirq suspend of devices complete after 26.817 msecs
[    7.777044] Disabling non-boot CPUs ...
[    7.815927] IRQ17 no longer affine to CPU1
[    7.816058] IRQ357 no longer affine to CPU1
[    7.936085] IRQ358 no longer affine to CPU2
[    8.036206] IRQ359 no longer affine to CPU3
[    8.088445] Entering suspend state LP1
[    8.088445] Suspended for 2.887 seconds
[    8.088456] Enabling non-boot CPUs ...
[    8.117591] CPU1 is up
[    8.157480] CPU2 is up
[    8.197765] CPU3 is up
[    8.198354] pci_bus 0000:00: 2-byte config write to 0000:00:01.0 offset 0x4c may corrupt adjacent RW1C bits
[    8.198365] pci_bus 0000:00: 2-byte config write to 0000:00:02.0 offset 0x4c may corrupt adjacent RW1C bits
[    8.198374] pci_bus 0000:00: 2-byte config write to 0000:00:01.0 offset 0x88 may corrupt adjacent RW1C bits
[    8.198381] pci_bus 0000:00: 2-byte config write to 0000:00:01.0 offset 0x90 may corrupt adjacent RW1C bits
[    8.198388] pci_bus 0000:00: 2-byte config write to 0000:00:02.0 offset 0x88 may corrupt adjacent RW1C bits
[    8.198393] pci_bus 0000:00: 2-byte config write to 0000:00:01.0 offset 0x98 may corrupt adjacent RW1C bits
[    8.198399] pci_bus 0000:00: 2-byte config write to 0000:00:02.0 offset 0x90 may corrupt adjacent RW1C bits
[    8.198404] pci_bus 0000:00: 2-byte config write to 0000:00:01.0 offset 0x9c may corrupt adjacent RW1C bits
[    8.198506] pcieport 0000:00:01.0: nv_msi_ht_cap_quirk didn't locate host bridge
[    8.198508] pcieport 0000:00:02.0: nv_msi_ht_cap_quirk didn't locate host bridge
[    8.225662] PM: noirq resume of devices complete after 27.892 msecs
[    8.227428] PM: early resume of devices complete after 1.438 msecs
[    8.255838] PM: resume of devices complete after 28.399 msecs
[    8.450012] OOM killer enabled.
[    8.453140] Restarting tasks ... done.
root@(none):/# 
root@(none):/# [    8.559574] ata1: SATA link down (SStatus 0 SControl 300)
rtcwake -d rtc1 -m mem -s 3
rtcwake: assuming RTC uses UTC ...
rtcwake: wakeup from "mem" using /dev/rtc1 at Thu Jan  1 00:00:29 1970
[    9.735836] PM: Syncing filesystems ... done.
[    9.744084] Freezing user space processes ... (elapsed 0.001 seconds) done.
[    9.752693] OOM killer disabled.
[    9.755958] Freezing remaining freezable tasks ... (elapsed 0.001 seconds) done.
[    9.765047] Suspending console(s) (use no_console_suspend to debug)
[    9.889133] PM: suspend of devices complete after 115.322 msecs
[    9.901124] PM: late suspend of devices complete after 11.949 msecs
[    9.930936] PM: noirq suspend of devices complete after 29.780 msecs
[    9.930951] Disabling non-boot CPUs ...
[    9.966862] IRQ17 no longer affine to CPU1
[    9.967369] IRQ357 no longer affine to CPU1
[   10.265735] Entering suspend state LP1
[   10.265735] Suspended for 2.822 seconds
[   10.265746] Enabling non-boot CPUs ...
[   10.287531] CPU1 is up
[   10.327464] CPU2 is up
[   10.367726] CPU3 is up
[   10.368422] pcieport 0000:00:01.0: nv_msi_ht_cap_quirk didn't locate host bridge
[   10.368424] pcieport 0000:00:02.0: nv_msi_ht_cap_quirk didn't locate host bridge
[   10.395626] PM: noirq resume of devices complete after 27.894 msecs
[   10.397648] PM: early resume of devices complete after 1.697 msecs
[   10.425804] PM: resume of devices complete after 28.146 msecs
[   10.508503] OOM killer enabled.
[   10.511633] Restarting tasks ... done.
root@(none):/# 
root@(none):/# [   10.728140] ata1: SATA link down (SStatus 0 SControl 300)
rtcwake -d rtc1 -m mem -s 3
rtcwake: assuming RTC uses UTC ...
rtcwake: wakeup from "mem" using /dev/rtc1 at Thu Jan  1 00:00:33 1970
[   10.896725] PM: Syncing filesystems ... done.
[   10.902111] Freezing user space processes ... (elapsed 0.001 seconds) done.
[   10.910241] OOM killer disabled.
[   10.913459] Freezing remaining freezable tasks ... (elapsed 0.001 seconds) done.
[   10.922135] Suspending console(s) (use no_console_suspend to debug)
[   11.037430] PM: suspend of devices complete after 108.231 msecs
[   11.041141] PM: late suspend of devices complete after 3.696 msecs
[   11.067107] PM: noirq suspend of devices complete after 25.956 msecs
[   11.067111] Disabling non-boot CPUs ...
[   11.408737] Entering suspend state LP1
[   11.408737] Suspended for 2.856 seconds
[   11.408748] Enabling non-boot CPUs ...
[   11.437525] CPU1 is up
[   11.477407] CPU2 is up
[   11.517689] CPU3 is up
[   11.518390] pcieport 0000:00:01.0: nv_msi_ht_cap_quirk didn't locate host bridge
[   11.518392] pcieport 0000:00:02.0: nv_msi_ht_cap_quirk didn't locate host bridge
[   11.545601] PM: noirq resume of devices complete after 27.905 msecs
[   11.547388] PM: early resume of devices complete after 1.448 msecs
[   11.575839] PM: resume of devices complete after 28.441 msecs
[   11.650220] OOM killer enabled.
[   11.653350] Restarting tasks ... done.
root@(none):/# 
root@(none):/# [   11.878102] ata1: SATA link down (SStatus 0 SControl 300)
rtcwake -d rtc1 -m mem -s 3
rtcwake: assuming RTC uses UTC ...
rtcwake: wakeup from "mem" using /dev/rtc1 at Thu Jan  1 00:00:37 1970
[   12.048291] PM: Syncing filesystems ... done.
[   12.053677] Freezing user space processes ... (elapsed 0.001 seconds) done.
[   12.061805] OOM killer disabled.
[   12.065023] Freezing remaining freezable tasks ... (elapsed 0.001 seconds) done.
[   12.073679] Suspending console(s) (use no_console_suspend to debug)
[   12.187410] PM: suspend of devices complete after 106.596 msecs
[   12.190037] PM: late suspend of devices complete after 2.612 msecs
[   12.217124] PM: noirq suspend of devices complete after 27.077 msecs
[   12.217128] Disabling non-boot CPUs ...
[   12.285885] migrate_irqs: 6 callbacks suppressed
[   12.285891] IRQ17 no longer affine to CPU1
[   12.286039] IRQ357 no longer affine to CPU1
[   12.406054] IRQ358 no longer affine to CPU2
[   12.506201] IRQ359 no longer affine to CPU3
[   12.558742] Entering suspend state LP1
[   12.558742] Suspended for 2.849 seconds
[   12.558754] Enabling non-boot CPUs ...
[   12.587487] CPU1 is up
[   12.627374] CPU2 is up
[   12.667685] CPU3 is up
[   12.668378] pcieport 0000:00:01.0: nv_msi_ht_cap_quirk didn't locate host bridge
[   12.668380] pcieport 0000:00:02.0: nv_msi_ht_cap_quirk didn't locate host bridge
[   12.695570] PM: noirq resume of devices complete after 27.878 msecs
[   12.697399] PM: early resume of devices complete after 1.480 msecs
[   12.735755] PM: resume of devices complete after 38.345 msecs
[   12.831369] OOM killer enabled.
[   12.834498] Restarting tasks ... done.
root@(none):/# 
root@(none):/# [   13.028044] ata1: SATA link down (SStatus 0 SControl 300)
rtcwake -d rtc1 -m mem -s 3
rtcwake: assuming RTC uses UTC ...
rtcwake: wakeup from "mem" using /dev/rtc1 at Thu Jan  1 00:00:41 1970
[   13.184813] PM: Syncing filesystems ... done.
[   13.189884] Freezing user space processes ... (elapsed 0.001 seconds) done.
[   13.198084] OOM killer disabled.
[   13.201305] Freezing remaining freezable tasks ... (elapsed 0.001 seconds) done.
[   13.210017] Suspending console(s) (use no_console_suspend to debug)
[   13.217182] pci_generic_config_write32: 156 callbacks suppressed
[   13.217192] pci_bus 0000:00: 2-byte config write to 0000:00:02.0 offset 0x9c may corrupt adjacent RW1C bits
[   13.217219] pci_bus 0000:00: 2-byte config write to 0000:00:01.0 offset 0x9c may corrupt adjacent RW1C bits
[   13.327084] PM: suspend of devices complete after 110.093 msecs
[   13.330458] PM: late suspend of devices complete after 3.361 msecs
[   13.330992] pci_bus 0000:02: 2-byte config write to 0000:02:00.0 offset 0x44 may corrupt adjacent RW1C bits
[   13.331012] pci_bus 0000:02: 2-byte config write to 0000:02:00.0 offset 0x44 may corrupt adjacent RW1C bits
[   13.356849] PM: noirq suspend of devices complete after 26.382 msecs
[   13.356854] Disabling non-boot CPUs ...
[   13.425774] IRQ17 no longer affine to CPU1
[   13.425904] IRQ357 no longer affine to CPU1
[   13.526064] IRQ358 no longer affine to CPU2
[   13.625993] IRQ359 no longer affine to CPU3
[   13.678202] Entering suspend state LP1
[   13.678202] Suspended for 2.880 seconds
[   13.678213] Enabling non-boot CPUs ...
[   13.707453] CPU1 is up
[   13.747360] CPU2 is up
[   13.787656] CPU3 is up
[   13.788235] pci_bus 0000:00: 2-byte config write to 0000:00:01.0 offset 0x4c may corrupt adjacent RW1C bits
[   13.788247] pci_bus 0000:00: 2-byte config write to 0000:00:01.0 offset 0x88 may corrupt adjacent RW1C bits
[   13.788254] pci_bus 0000:00: 2-byte config write to 0000:00:01.0 offset 0x90 may corrupt adjacent RW1C bits
[   13.788262] pci_bus 0000:00: 2-byte config write to 0000:00:02.0 offset 0x4c may corrupt adjacent RW1C bits
[   13.788268] pci_bus 0000:00: 2-byte config write to 0000:00:01.0 offset 0x98 may corrupt adjacent RW1C bits
[   13.788274] pci_bus 0000:00: 2-byte config write to 0000:00:01.0 offset 0x9c may corrupt adjacent RW1C bits
[   13.788379] pcieport 0000:00:01.0: nv_msi_ht_cap_quirk didn't locate host bridge
[   13.788381] pcieport 0000:00:02.0: nv_msi_ht_cap_quirk didn't locate host bridge
[   13.825657] PM: noirq resume of devices complete after 37.995 msecs
[   13.827251] PM: early resume of devices complete after 1.255 msecs
[   13.855696] PM: resume of devices complete after 28.434 msecs
[   14.049828] OOM killer enabled.
[   14.052964] Restarting tasks ... done.
root@(none):/# 
root@(none):/# [   14.157976] ata1: SATA link down (SStatus 0 SControl 300)
rtcwake -d rtc1 -m mem -s 3
rtcwake: assuming RTC uses UTC ...
rtcwake: wakeup from "mem" using /dev/rtc1 at Thu Jan  1 00:00:46 1970
[   15.305314] PM: Syncing filesystems ... done.
[   15.310446] Freezing user space processes ... (elapsed 0.001 seconds) done.
[   15.318604] OOM killer disabled.
[   15.321820] Freezing remaining freezable tasks ... (elapsed 0.001 seconds) done.
[   15.330421] Suspending console(s) (use no_console_suspend to debug)
[   15.447043] PM: suspend of devices complete after 109.900 msecs
[   15.449269] PM: late suspend of devices complete after 2.215 msecs
[   15.476269] PM: noirq suspend of devices complete after 26.994 msecs
[   15.476271] Disabling non-boot CPUs ...
[   15.545706] IRQ357 no longer affine to CPU1
[   15.645800] IRQ358 no longer affine to CPU2
[   15.797093] Entering suspend state LP1
[   15.797093] Suspended for 2.880 seconds
[   15.797104] Enabling non-boot CPUs ...
[   15.827433] CPU1 is up
[   15.867334] CPU2 is up
[   15.907624] CPU3 is up
[   15.908334] pcieport 0000:00:02.0: nv_msi_ht_cap_quirk didn't locate host bridge
[   15.908336] pcieport 0000:00:01.0: nv_msi_ht_cap_quirk didn't locate host bridge
[   15.935512] PM: noirq resume of devices complete after 27.882 msecs
[   15.937353] PM: early resume of devices complete after 1.502 msecs
[   15.965741] PM: resume of devices complete after 28.377 msecs
[   16.048474] OOM killer enabled.
[   16.051603] Restarting tasks ... done.
root@(none):/# 
root@(none):/# [   16.267977] ata1: SATA link down (SStatus 0 SControl 300)
rtcwake -d rtc1 -m mem -s 3
rtcwake: assuming RTC uses UTC ...
rtcwake: wakeup from "mem" using /dev/rtc1 at Thu Jan  1 00:00:50 1970
[   16.426585] PM: Syncing filesystems ... done.
[   16.431802] Freezing user space processes ... (elapsed 0.001 seconds) done.
[   16.440019] OOM killer disabled.
[   16.443237] Freezing remaining freezable tasks ... (elapsed 0.001 seconds) done.
[   16.451900] Suspending console(s) (use no_console_suspend to debug)
[   16.567188] PM: suspend of devices complete after 108.314 msecs
[   16.569968] PM: late suspend of devices complete after 2.767 msecs
[   16.596774] PM: noirq suspend of devices complete after 26.796 msecs
[   16.596778] Disabling non-boot CPUs ...
[   16.918131] Entering suspend state LP1
[   16.918131] Suspended for 2.878 seconds
[   16.918143] Enabling non-boot CPUs ...
[   16.947410] CPU1 is up
[   16.987317] CPU2 is up
[   17.027600] CPU3 is up
[   17.028308] pcieport 0000:00:01.0: nv_msi_ht_cap_quirk didn't locate host bridge
[   17.028310] pcieport 0000:00:02.0: nv_msi_ht_cap_quirk didn't locate host bridge
[   17.055476] PM: noirq resume of devices complete after 27.870 msecs
[   17.057385] PM: early resume of devices complete after 1.591 msecs
[   17.085653] PM: resume of devices complete after 28.258 msecs
[   17.160135] OOM killer enabled.
[   17.163264] Restarting tasks ... done.
root@(none):/# 
root@(none):/# [   17.387996] ata1: SATA link down (SStatus 0 SControl 300)
rtcwake -d rtc1 -m mem -s 3
rtcwake: assuming RTC uses UTC ...
rtcwake: wakeup from "mem" using /dev/rtc1 at Thu Jan  1 00:00:54 1970
[   17.546477] PM: Syncing filesystems ... done.
[   17.551864] Freezing user space processes ... (elapsed 0.001 seconds) done.
[   17.559992] OOM killer disabled.
[   17.563211] Freezing remaining freezable tasks ... (elapsed 0.001 seconds) done.
[   17.571891] Suspending console(s) (use no_console_suspend to debug)
[   17.687333] PM: suspend of devices complete after 108.378 msecs
[   17.689964] PM: late suspend of devices complete after 2.616 msecs
[   17.717008] PM: noirq suspend of devices complete after 27.034 msecs
[   17.717012] Disabling non-boot CPUs ...
[   17.765760] migrate_irqs: 5 callbacks suppressed
[   17.765766] IRQ17 no longer affine to CPU1
[   17.765914] IRQ357 no longer affine to CPU1
[   17.866053] IRQ358 no longer affine to CPU2
[   17.976084] IRQ359 no longer affine to CPU3
[   18.028649] Entering suspend state LP1
[   18.028649] Suspended for 2.889 seconds
[   18.028660] Enabling non-boot CPUs ...
[   18.057345] CPU1 is up
[   18.097224] CPU2 is up
[   18.137513] CPU3 is up
[   18.138192] pcieport 0000:00:01.0: nv_msi_ht_cap_quirk didn't locate host bridge
[   18.138194] pcieport 0000:00:02.0: nv_msi_ht_cap_quirk didn't locate host bridge
[   18.165452] PM: noirq resume of devices complete after 27.933 msecs
[   18.167442] PM: early resume of devices complete after 1.650 msecs
[   18.205639] PM: resume of devices complete after 38.186 msecs
[   18.301224] OOM killer enabled.
[   18.304351] Restarting tasks ... done.
root@(none):/# 
root@(none):/# [   18.497874] ata1: SATA link down (SStatus 0 SControl 300)
rtcwake -d rtc1 -m mem -s 3
rtcwake: assuming RTC uses UTC ...
rtcwake: wakeup from "mem" using /dev/rtc1 at Thu Jan  1 00:00:58 1970
[   18.666216] PM: Syncing filesystems ... done.
[   18.671253] Freezing user space processes ... (elapsed 0.001 seconds) done.
[   18.679376] OOM killer disabled.
[   18.682594] Freezing remaining freezable tasks ... (elapsed 0.001 seconds) done.
[   18.691247] Suspending console(s) (use no_console_suspend to debug)
[   18.698365] pci_generic_config_write32: 158 callbacks suppressed
[   18.698375] pci_bus 0000:00: 2-byte config write to 0000:00:02.0 offset 0x9c may corrupt adjacent RW1C bits
[   18.698396] pci_bus 0000:00: 2-byte config write to 0000:00:01.0 offset 0x9c may corrupt adjacent RW1C bits
[   18.806983] PM: suspend of devices complete after 108.760 msecs
[   18.810265] PM: late suspend of devices complete after 3.268 msecs
[   18.810771] pci_bus 0000:02: 2-byte config write to 0000:02:00.0 offset 0x44 may corrupt adjacent RW1C bits
[   18.810796] pci_bus 0000:02: 2-byte config write to 0000:02:00.0 offset 0x44 may corrupt adjacent RW1C bits
[   18.836722] PM: noirq suspend of devices complete after 26.449 msecs
[   18.836726] Disabling non-boot CPUs ...
[   18.905780] IRQ357 no longer affine to CPU1
[   19.005944] IRQ358 no longer affine to CPU2
[   19.105884] IRQ359 no longer affine to CPU3
[   19.158067] Entering suspend state LP1
[   19.158067] Suspended for 2.870 seconds
[   19.158079] Enabling non-boot CPUs ...
[   19.187336] CPU1 is up
[   19.227249] CPU2 is up
[   19.267531] CPU3 is up
[   19.268113] pci_bus 0000:00: 2-byte config write to 0000:00:02.0 offset 0x4c may corrupt adjacent RW1C bits
[   19.268124] pci_bus 0000:00: 2-byte config write to 0000:00:01.0 offset 0x4c may corrupt adjacent RW1C bits
[   19.268134] pci_bus 0000:00: 2-byte config write to 0000:00:02.0 offset 0x88 may corrupt adjacent RW1C bits
[   19.268141] pci_bus 0000:00: 2-byte config write to 0000:00:02.0 offset 0x90 may corrupt adjacent RW1C bits
[   19.268147] pci_bus 0000:00: 2-byte config write to 0000:00:01.0 offset 0x88 may corrupt adjacent RW1C bits
[   19.268153] pci_bus 0000:00: 2-byte config write to 0000:00:02.0 offset 0x98 may corrupt adjacent RW1C bits
[   19.268258] pcieport 0000:00:02.0: nv_msi_ht_cap_quirk didn't locate host bridge
[   19.268260] pcieport 0000:00:01.0: nv_msi_ht_cap_quirk didn't locate host bridge
[   19.295430] PM: noirq resume of devices complete after 27.893 msecs
[   19.297061] PM: early resume of devices complete after 1.296 msecs
[   19.325673] PM: resume of devices complete after 28.602 msecs
[   19.515735] OOM killer enabled.
[   19.518867] Restarting tasks ... done.
root@(none):/# 
root@(none):/# [   19.627856] ata1: SATA link down (SStatus 0 SControl 300)
NVTB SYSTEM SUSPEND TEST COMPLETE
