
U-Boot SPL 2014.01-00219-gc4d376f (Feb 18 2014 - 19:57:18)


U-Boot 2014.01-00219-gc4d376f (Feb 18 2014 - 19:57:18)

TEGRA30
Board: NVIDIA Beaver
I2C:   ready
DRAM:  2 GiB
MMC:   Tegra SD/MMC: 0, Tegra SD/MMC: 1
In:    serial
Out:   serial
Err:   serial
Net:   Net Initialization Skipped
No ethernet found.
Hit any key to stop autoboot:  2  0 
Tegra30 (Beaver) # 
Tegra30 (Beaver) # usb reset
(Re)start USB...
USB0:   USB EHCI 1.00
scanning bus 0 for devices... 2 USB Device(s) found
       scanning usb for storage devices... 0 Storage Device(s) found
       scanning usb for ethernet devices... 
Warning: asx0 using MAC address from net device
1 Ethernet Device(s) found
Tegra30 (Beaver) # setenv bootargs 'ignore_loglevel console=ttyS0,115200n8 rw root=PARTUUID=edbe1840-3633-c751-7993-b0ac834f81e0 rootwait gpt debug noinitrd earlyprintk init=/bin/bash'
Tegra30 (Beaver) # setenv ipaddr 192.168.100.101; setenv serverip 192.168.100.1; setenv tftpserverip 192.168.100.1
Tegra30 (Beaver) # tftpboot 0x81000000 zImage.multi_v7_defconfig
Using asx0 device
TFTP from server 192.168.100.1; our IP address is 192.168.100.101
Filename 'zImage.multi_v7_defconfig'.
Load address: 0x81000000
Loading: *#################################################################
	 #################################################################
	 #################################################################
	 #################################################################
	 #################################################################
	 #################################################################
	 #################################################################
	 ##########################################
	 3.2 MiB/s
done
Bytes transferred = 7295440 (6f51d0 hex)
Tegra30 (Beaver) # tftpboot 0x82000000 tegra30-beaver.dtb
Using asx0 device
TFTP from server 192.168.100.1; our IP address is 192.168.100.101
Filename 'tegra30-beaver.dtb'.
Load address: 0x82000000
Loading: *####
	 2.6 MiB/s
done
Bytes transferred = 51572 (c974 hex)
Tegra30 (Beaver) # bootz 0x81000000 - 0x82000000
Kernel image @ 0x81000000 [ 0x000000 - 0x6f51d0 ]
## Flattened Device Tree blob at 82000000
   Booting using the fdt blob at 0x82000000
   Loading Device Tree to 8fff0000, end 8ffff973 ... OK

Starting kernel ...

[    0.000000] Booting Linux on physical CPU 0x0
[    0.000000] Linux version 4.9.0-rc2-next-20161027-130217-g58308d9 (pwalmsley@sellafield) (gcc version 4.7.3 20130328 (prerelease) (crosstool-NG linaro-1.13.1-4.7-2013.04-20130415 - Linaro GCC 2013.04) ) #1 SMP Wed Oct 26 20:34:04 PDT 2016
[    0.000000] CPU: ARMv7 Processor [412fc099] revision 9 (ARMv7), cr=10c5387d
[    0.000000] CPU: PIPT / VIPT nonaliasing data cache, VIPT aliasing instruction cache
[    0.000000] OF: fdt:Machine model: NVIDIA Tegra30 Beaver evaluation board
[    0.000000] debug: ignoring loglevel setting.
[    0.000000] efi: Getting EFI parameters from FDT:
[    0.000000] efi: UEFI not found.
[    0.000000] cma: Reserved 64 MiB at 0xfb800000
[    0.000000] Memory policy: Data cache writealloc
[    0.000000] On node 0 totalpages: 524032
[    0.000000] free_area_init_node: node 0, pgdat c1426a80, node_mem_map eeff8000
[    0.000000]   DMA zone: 1536 pages used for memmap
[    0.000000]   DMA zone: 0 pages reserved
[    0.000000]   DMA zone: 196608 pages, LIFO batch:31
[    0.000000]   HighMem zone: 327424 pages, LIFO batch:31
[    0.000000] percpu: Embedded 14 pages/cpu @eef8b000 s26624 r8192 d22528 u57344
[    0.000000] pcpu-alloc: s26624 r8192 d22528 u57344 alloc=14*4096
[    0.000000] pcpu-alloc: [0] 0 [0] 1 [0] 2 [0] 3 
[    0.000000] Built 1 zonelists in Zone order, mobility grouping on.  Total pages: 522496
[    0.000000] Kernel command line: ignore_loglevel console=ttyS0,115200n8 rw root=PARTUUID=edbe1840-3633-c751-7993-b0ac834f81e0 rootwait gpt debug noinitrd earlyprintk init=/bin/bash
[    0.000000] PID hash table entries: 4096 (order: 2, 16384 bytes)
[    0.000000] Dentry cache hash table entries: 131072 (order: 7, 524288 bytes)
[    0.000000] Inode-cache hash table entries: 65536 (order: 6, 262144 bytes)
[    0.000000] Memory: 1994976K/2096128K available (9216K kernel code, 1185K rwdata, 4076K rodata, 2048K init, 343K bss, 35616K reserved, 65536K cma-reserved, 1244160K highmem)
[    0.000000] Virtual kernel memory layout:
[    0.000000]     vector  : 0xffff0000 - 0xffff1000   (   4 kB)
[    0.000000]     fixmap  : 0xffc00000 - 0xfff00000   (3072 kB)
[    0.000000]     vmalloc : 0xf0800000 - 0xff800000   ( 240 MB)
[    0.000000]     lowmem  : 0xc0000000 - 0xf0000000   ( 768 MB)
[    0.000000]     pkmap   : 0xbfe00000 - 0xc0000000   (   2 MB)
[    0.000000]     modules : 0xbf000000 - 0xbfe00000   (  14 MB)
[    0.000000]       .text : 0xc0208000 - 0xc0c00000   (10208 kB)
[    0.000000]       .init : 0xc1100000 - 0xc1300000   (2048 kB)
[    0.000000]       .data : 0xc1300000 - 0xc1428560   (1186 kB)
[    0.000000]        .bss : 0xc142a000 - 0xc147fec8   ( 344 kB)
[    0.000000] SLUB: HWalign=64, Order=0-3, MinObjects=0, CPUs=4, Nodes=1
[    0.000000] Hierarchical RCU implementation.
[    0.000000] 	Build-time adjustment of leaf fanout to 32.
[    0.000000] 	RCU restricting CPUs from NR_CPUS=16 to nr_cpu_ids=4.
[    0.000000] RCU: Adjusting geometry for rcu_fanout_leaf=32, nr_cpu_ids=4
[    0.000000] NR_IRQS:16 nr_irqs:16 16
[    0.000000] /interrupt-controller@60004000: 160 interrupts forwarded to /interrupt-controller@50041000
[    0.000000] L2C: platform modifies aux control register: 0x02080000 -> 0x3e480001
[    0.000000] L2C: DT/platform modifies aux control register: 0x02080000 -> 0x3e480001
[    0.000000] L2C-310 erratum 769419 enabled
[    0.000000] L2C-310 enabling early BRESP for Cortex-A9
[    0.000000] L2C-310: enabling full line of zeros but not enabled in Cortex-A9
[    0.000000] L2C-310 dynamic clock gating enabled, standby mode enabled
[    0.000000] L2C-310 cache controller enabled, 8 ways, 1024 kB
[    0.000000] L2C-310: CACHE_ID 0x410000c7, AUX_CTRL 0x4e480001
[    0.000013] sched_clock: 32 bits at 1000kHz, resolution 1000ns, wraps every 2147483647500ns
[    0.000031] clocksource: timer_us: mask: 0xffffffff max_cycles: 0xffffffff, max_idle_ns: 1911260446275 ns
[    0.000040] Switching to timer-based delay loop, resolution 1000ns
[    0.002731] Console: colour dummy device 80x30
[    0.002758] Calibrating delay loop (skipped), value calculated using timer frequency.. 2.00 BogoMIPS (lpj=5000)
[    0.002767] pid_max: default: 32768 minimum: 301
[    0.002843] Mount-cache hash table entries: 2048 (order: 1, 8192 bytes)
[    0.002850] Mountpoint-cache hash table entries: 2048 (order: 1, 8192 bytes)
[    0.003276] CPU: Testing write buffer coherency: ok
[    0.003564] CPU0: thread -1, cpu 0, socket 0, mpidr 80000000
[    0.003741] Setting up static identity map for 0x80300000 - 0x80300098
[    0.006052] Tegra Revision: A03 SKU: 128 CPU Process: 4 SoC Process: 0
[    0.006541] EFI services will not be available.
[    0.010352] CPU1: thread -1, cpu 1, socket 0, mpidr 80000001
[    0.015327] CPU2: thread -1, cpu 2, socket 0, mpidr 80000002
[    0.020328] CPU3: thread -1, cpu 3, socket 0, mpidr 80000003
[    0.020374] Brought up 4 CPUs
[    0.020387] SMP: Total of 4 processors activated (8.00 BogoMIPS).
[    0.020392] CPU: All CPU(s) started in SVC mode.
[    0.021079] devtmpfs: initialized
[    0.029832] VFP support v0.3: implementor 41 architecture 3 part 30 variant 9 rev 4
[    0.030292] clocksource: jiffies: mask: 0xffffffff max_cycles: 0xffffffff, max_idle_ns: 9556302231375000 ns
[    0.033545] pinctrl core: initialized pinctrl subsystem
[    0.035159] NET: Registered protocol family 16
[    0.037897] DMA: preallocated 256 KiB pool for atomic coherent allocations
[    0.054913] cpuidle: using governor menu
[    0.068925] No ATAGs?
[    0.068953] hw-breakpoint: found 5 (+1 reserved) breakpoint and 1 watchpoint registers.
[    0.068960] hw-breakpoint: maximum watchpoint size is 4 bytes.
[    0.072872] Serial: AMBA PL011 UART driver
[    0.073311] tegra-mc 7000f000.memory-controller: no memory timings for RAM code 3 registered
[    0.092885] vdd_5v_sata: Failed to request enable GPIO30: -517
[    0.092898] reg-fixed-voltage regulators:regulator@3: Failed to register regulator: -517
[    0.092941] usb1_vbus: Failed to request enable GPIO238: -517
[    0.092949] reg-fixed-voltage regulators:regulator@4: Failed to register regulator: -517
[    0.092991] usb3_vbus: Failed to request enable GPIO236: -517
[    0.092998] reg-fixed-voltage regulators:regulator@5: Failed to register regulator: -517
[    0.093086] sys_3v3_pexs: Failed to request enable GPIO95: -517
[    0.093093] reg-fixed-voltage regulators:regulator@7: Failed to register regulator: -517
[    0.094942] vgaarb: loaded
[    0.095432] SCSI subsystem initialized
[    0.095537] libata version 3.00 loaded.
[    0.095700] usbcore: registered new interface driver usbfs
[    0.095735] usbcore: registered new interface driver hub
[    0.095768] usbcore: registered new device driver usb
[    0.102842] vrtc: supplied by vdd_5v_in
[    0.106149] vio: supplied by vdd_5v_in
[    0.111809] vdd1: supplied by vdd_5v_in
[    0.113167] vddio_ddr_1v2: Bringing 600000uV into 1200000-1200000uV
[    0.116832] vdd2: supplied by vdd_5v_in
[    0.126811] ldo1: supplied by vdd_1v5_gen
[    0.129193] ldo2: supplied by vdd_1v5_gen
[    0.129664] vdd_sata,avdd_plle: Bringing 1200000uV into 1050000-1050000uV
[    0.130001] vdd_sata,avdd_plle: ramp_delay not set
[    0.131908] ldo3: supplied by vdd_5v_in
[    0.134270] ldo4: supplied by vdd_5v_in
[    0.136813] ldo5: supplied by vdd_5v_in
[    0.141809] ldo6: supplied by vdd_1v8_gen
[    0.142280] avdd_dsi_csi,pwrdet_mipi: Bringing 1000000uV into 1200000-1200000uV
[    0.142615] avdd_dsi_csi,pwrdet_mipi: ramp_delay not set
[    0.144532] ldo7: supplied by vdd_1v8_gen
[    0.151810] ldo8: supplied by vdd_1v8_gen
[    0.156849] pps_core: LinuxPPS API ver. 1 registered
[    0.156855] pps_core: Software ver. 5.3.6 - Copyright 2005-2007 Rodolfo Giometti <giometti@linux.it>
[    0.156871] PTP clock support registered
[    0.157002] EDAC MC: Ver: 3.0.0
[    0.158555] clocksource: Switched to clocksource timer_us
[    0.164379] NET: Registered protocol family 2
[    0.164776] TCP established hash table entries: 8192 (order: 3, 32768 bytes)
[    0.164828] TCP bind hash table entries: 8192 (order: 4, 65536 bytes)
[    0.164910] TCP: Hash tables configured (established 8192 bind 8192)
[    0.164993] UDP hash table entries: 512 (order: 2, 16384 bytes)
[    0.165051] UDP-Lite hash table entries: 512 (order: 2, 16384 bytes)
[    0.165218] NET: Registered protocol family 1
[    0.165526] RPC: Registered named UNIX socket transport module.
[    0.165533] RPC: Registered udp transport module.
[    0.165537] RPC: Registered tcp transport module.
[    0.165542] RPC: Registered tcp NFSv4.1 backchannel transport module.
[    0.165551] PCI: CLS 0 bytes, default 64
[    0.166313] hw perfevents: enabled with armv7_cortex_a9 PMU driver, 7 counters available
[    0.167160] futex hash table entries: 1024 (order: 4, 65536 bytes)
[    0.167634] workingset: timestamp_bits=30 max_order=19 bucket_order=0
[    0.172818] squashfs: version 4.0 (2009/01/31) Phillip Lougher
[    0.173300] NFS: Registering the id_resolver key type
[    0.173326] Key type id_resolver registered
[    0.173332] Key type id_legacy registered
[    0.173362] ntfs: driver 2.1.32 [Flags: R/O].
[    0.174370] bounce: pool size: 64 pages
[    0.174494] Block layer SCSI generic (bsg) driver version 0.4 loaded (major 248)
[    0.174502] io scheduler noop registered
[    0.174507] io scheduler deadline registered
[    0.174596] io scheduler cfq registered (default)
[    0.176748] libphy: mdio_driver_register: phy-bcm-ns2-pci
[    0.180301] tegra30-pinctrl 70000868.pinmux: invalid group "sdmmc3_dat6_pd3" for function "rsvd1"
[    0.180315] tegra30-pinctrl 70000868.pinmux: invalid group "sdmmc3_dat7_pd4" for function "rsvd1"
[    0.180330] tegra30-pinctrl 70000868.pinmux: invalid group "vi_vsync_pd6" for function "rsvd1"
[    0.180340] tegra30-pinctrl 70000868.pinmux: invalid group "vi_hsync_pd7" for function "rsvd1"
[    0.180795] tegra30-pinctrl 70000868.pinmux: invalid group "hdmi_int_pn7" for function "rsvd1"
[    0.180838] tegra30-pinctrl 70000868.pinmux: invalid group "ulpi_data3_po4" for function "rsvd1"
[    0.181164] tegra30-pinctrl 70000868.pinmux: invalid group "vi_d10_pt2" for function "rsvd1"
[    0.181176] tegra30-pinctrl 70000868.pinmux: invalid group "vi_d11_pt3" for function "rsvd1"
[    0.181189] tegra30-pinctrl 70000868.pinmux: invalid group "vi_d0_pt4" for function "rsvd1"
[    0.181237] tegra30-pinctrl 70000868.pinmux: invalid group "pu0" for function "rsvd1"
[    0.181267] tegra30-pinctrl 70000868.pinmux: invalid group "pu3" for function "rsvd1"
[    0.181296] tegra30-pinctrl 70000868.pinmux: invalid group "pu6" for function "rsvd1"
[    0.181336] tegra30-pinctrl 70000868.pinmux: invalid group "pv3" for function "rsvd1"
[    0.181816] tegra30-pinctrl 70000868.pinmux: invalid group "pbb0" for function "rsvd1"
[    0.181928] tegra30-pinctrl 70000868.pinmux: invalid group "pcc1" for function "rsvd1"
[    0.187017] tegra-pcie 3000.pcie-controller: 2x3 configuration
[    0.187166] tegra-pcie 3000.pcie-controller: Failed to get supply 'hvdd-pex': -517
[    0.192526] tegra-apbdma 6000a000.dma: Tegra20 APB DMA driver register 32 channels
[    0.193610] tegra-pmc 7000e400.pmc: i2c-thermtrip node not found, emergency thermal reset disabled.
[    0.226984] Serial: 8250/16550 driver, 4 ports, IRQ sharing disabled
[    0.229144] console [ttyS0] disabled
[    0.229180] 70006000.serial: ttyS0 at MMIO 0x70006000 (irq = 331, base_baud = 25500000) is a Tegra
[    1.240188] console [ttyS0] enabled
[    1.244167] SuperH (H)SCI(F) driver initialized
[    1.249279] msm_serial: driver initialized
[    1.253468] STMicroelectronics ASC driver initialized
[    1.260648] [drm] Initialized
[    1.265518] tegra-hdmi 54280000.hdmi: failed to get HDMI regulator
[    1.279731] brd: module loaded
[    1.286660] loop: module loaded
[    1.294883] m25p80 spi32766.1: w25q32 (4096 Kbytes)
[    1.301529] libphy: Fixed MDIO Bus: probed
[    1.306246] CAN device driver interface
[    1.311300] e1000e: Intel(R) PRO/1000 Network Driver - 3.2.6-k
[    1.317127] e1000e: Copyright(c) 1999 - 2015 Intel Corporation.
[    1.323077] igb: Intel(R) Gigabit Ethernet Network Driver - version 5.4.0-k
[    1.330028] igb: Copyright (c) 2007-2014 Intel Corporation.
[    1.337460] pegasus: v0.9.3 (2013/04/25), Pegasus/Pegasus II USB Ethernet driver
[    1.344900] usbcore: registered new interface driver pegasus
[    1.350586] usbcore: registered new interface driver asix
[    1.356001] usbcore: registered new interface driver ax88179_178a
[    1.362108] usbcore: registered new interface driver cdc_ether
[    1.367970] usbcore: registered new interface driver smsc75xx
[    1.373740] usbcore: registered new interface driver smsc95xx
[    1.379502] usbcore: registered new interface driver net1080
[    1.385174] usbcore: registered new interface driver cdc_subset
[    1.391108] usbcore: registered new interface driver zaurus
[    1.396709] usbcore: registered new interface driver cdc_ncm
[    1.403753] ehci_hcd: USB 2.0 'Enhanced' Host Controller (EHCI) Driver
[    1.410275] ehci-pci: EHCI PCI platform driver
[    1.414743] ehci-platform: EHCI generic platform driver
[    1.420083] ehci-orion: EHCI orion driver
[    1.424164] SPEAr-ehci: EHCI SPEAr driver
[    1.428235] ehci-st: EHCI STMicroelectronics driver
[    1.433183] ehci-exynos: EHCI EXYNOS driver
[    1.437448] ehci-atmel: EHCI Atmel driver
[    1.441528] tegra-ehci: Tegra EHCI driver
[    1.445820] ohci_hcd: USB 1.1 'Open' Host Controller (OHCI) Driver
[    1.452006] ohci-pci: OHCI PCI platform driver
[    1.456474] ohci-platform: OHCI generic platform driver
[    1.461793] ohci-omap3: OHCI OMAP3 driver
[    1.465874] SPEAr-ohci: OHCI SPEAr driver
[    1.469957] ohci-st: OHCI STMicroelectronics driver
[    1.474910] ohci-atmel: OHCI Atmel driver
[    1.479340] usbcore: registered new interface driver usb-storage
[    1.486262] mousedev: PS/2 mouse device common for all mice
[    1.493516] tegra_rtc 7000e000.rtc: rtc core: registered 7000e000.rtc as rtc1
[    1.500682] tegra_rtc 7000e000.rtc: Tegra internal Real Time Clock
[    1.509556] random: fast init done
[    1.522856] tps65910-rtc tps65910-rtc: rtc core: registered tps65910-rtc as rtc0
[    1.530444] i2c /dev entries driver
[    1.541288] sdhci: Secure Digital Host Controller Interface driver
[    1.547472] sdhci: Copyright(c) Pierre Ossman
[    1.552681] Synopsys Designware Multimedia Card Interface Driver
[    1.559313] sdhci-pltfm: SDHCI platform and OF driver helper
[    1.565471] sdhci-tegra 78000000.sdhci: Got CD GPIO
[    1.570360] sdhci-tegra 78000000.sdhci: Got WP GPIO
[    1.576496] mmc0: Invalid maximum block size, assuming 512 bytes
[    1.628647] mmc0: SDHCI controller on 78000000.sdhci [78000000.sdhci] using ADMA
[    1.637247] mmc1: Invalid maximum block size, assuming 512 bytes
[    1.683567] mmc1: SDHCI controller on 78000600.sdhci [78000600.sdhci] using ADMA
[    1.692274] ledtrig-cpu: registered to indicate activity on CPUs
[    1.698511] usbcore: registered new interface driver usbhid
[    1.704081] usbhid: USB HID core driver
[    1.709944] NET: Registered protocol family 10
[    1.715008] sit: IPv6, IPv4 and MPLS over IPv4 tunneling driver
[    1.721355] NET: Registered protocol family 17
[    1.725807] can: controller area network core (rev 20120528 abi 9)
[    1.732026] NET: Registered protocol family 29
[    1.736468] can: raw protocol (rev 20120528)
[    1.740734] can: broadcast manager protocol (rev 20160617 t)
[    1.746387] can: netlink gateway (rev 20130117) max_hops=1
[    1.752138] Key type dns_resolver registered
[    1.756799] ThumbEE CPU extension supported.
[    1.761074] Registering SWP/SWPB emulation handler
[    1.792090] vdd_ddr: supplied by vdd_5v_in
[    1.792683] vddio_sdmmc,avdd_vdac: ramp_delay not set
[    1.802843] vdd_5v_sata: supplied by vdd_5v_in
[    1.807583] usb1_vbus: supplied by vdd_5v_in
[    1.812149] usb3_vbus: supplied by vdd_5v_in
[    1.819220] sys_3v3,vdd_3v3_alw: supplied by vdd_5v_in
[    1.825713] +VDD_5V_HDMI: supplied by sys_3v3,vdd_3v3_alw
[    1.831330] sys_3v3_pexs: supplied by sys_3v3,vdd_3v3_alw
[    1.832273] mmc1: new high speed MMC card at address 0001
[    1.838316] mmc0: new ultra high speed DDR50 SDHC card at address aaaa
[    1.838662] mmcblk0: mmc0:aaaa SS04G 3.69 GiB 
[    1.839434] mmcblk1: mmc1:0001 SEM16G 14.8 GiB 
[    1.840364] mmcblk1boot0: mmc1:0001 SEM16G partition 1 1.00 MiB
[    1.841288] mmcblk1boot1: mmc1:0001 SEM16G partition 2 1.00 MiB
[    1.841810] mmcblk1rpmb: mmc1:0001 SEM16G partition 3 128 KiB
[    1.846997] Primary GPT is invalid, using alternate GPT.
[    1.847015]  mmcblk1: p1 p2 p3 p4 p5
[    1.863410]  mmcblk0: p1 p2 p3
[    1.887928] tegra-pcie 3000.pcie-controller: 2x3 configuration
[    1.896601] tegra-pcie 3000.pcie-controller: probing port 0, using 2 lanes
[    1.961753] tegra-pcie 3000.pcie-controller: probing port 2, using 2 lanes
[    2.372432] tegra-pcie 3000.pcie-controller: link 2 down, retrying
[    2.782411] tegra-pcie 3000.pcie-controller: link 2 down, retrying
[    3.192388] tegra-pcie 3000.pcie-controller: link 2 down, retrying
[    3.200577] tegra-pcie 3000.pcie-controller: link 2 down, ignoring
[    3.206876] tegra-pcie 3000.pcie-controller: PCI host bridge to bus 0000:00
[    3.213838] pci_bus 0000:00: root bus resource [io  0x0000-0xffff]
[    3.220012] pci_bus 0000:00: root bus resource [mem 0x20000000-0x27ffffff]
[    3.226878] pci_bus 0000:00: root bus resource [mem 0x28000000-0x3fffffff pref]
[    3.234177] pci_bus 0000:00: root bus resource [bus 00-ff]
[    3.239676] pci 0000:00:01.0: [10de:0e1c] type 01 class 0x060400
[    3.245739] pci 0000:00:01.0: PME# supported from D0 D1 D2 D3hot D3cold
[    3.252495] PCI: bus0: Fast back to back transfers disabled
[    3.258066] pci 0000:00:01.0: bridge configuration invalid ([bus 00-00]), reconfiguring
[    3.266158] pci 0000:01:00.0: [10ec:8168] type 00 class 0x020000
[    3.272173] pci 0000:01:00.0: reg 0x10: [io  0x0000-0x00ff]
[    3.277754] pci 0000:01:00.0: reg 0x18: [mem 0x00000000-0x00000fff 64bit pref]
[    3.284975] pci 0000:01:00.0: reg 0x20: [mem 0x00000000-0x00003fff 64bit pref]
[    3.292258] pci 0000:01:00.0: supports D1 D2
[    3.296525] pci 0000:01:00.0: PME# supported from D0 D1 D2 D3hot D3cold
[    3.313578] PCI: bus1: Fast back to back transfers disabled
[    3.319149] pci_bus 0000:01: busn_res: [bus 01-ff] end is updated to 01
[    3.325814] pci 0000:00:01.0: BAR 9: assigned [mem 0x28000000-0x280fffff 64bit pref]
[    3.333551] pci 0000:00:01.0: BAR 7: assigned [io  0x1000-0x1fff]
[    3.339640] pci 0000:01:00.0: BAR 4: assigned [mem 0x28000000-0x28003fff 64bit pref]
[    3.347382] pci 0000:01:00.0: BAR 2: assigned [mem 0x28004000-0x28004fff 64bit pref]
[    3.355123] pci 0000:01:00.0: BAR 0: assigned [io  0x1000-0x10ff]
[    3.361212] pci 0000:00:01.0: PCI bridge to [bus 01]
[    3.366171] pci 0000:00:01.0:   bridge window [io  0x1000-0x1fff]
[    3.372257] pci 0000:00:01.0:   bridge window [mem 0x28000000-0x280fffff 64bit pref]
[    3.380003] pci 0000:00:01.0: nv_msi_ht_cap_quirk didn't locate host bridge
[    3.387012] pcieport 0000:00:01.0: enabling device (0140 -> 0143)
[    3.393308] pcieport 0000:00:01.0: Signaling PME through PCIe PME interrupt
[    3.400267] pci 0000:01:00.0: Signaling PME through PCIe PME interrupt
[    3.406787] pcie_pme 0000:00:01.0:pcie001: service driver pcie_pme loaded
[    3.413757] r8169 Gigabit Ethernet driver 2.3LK-NAPI loaded
[    3.419346] r8169 0000:01:00.0: enabling device (0140 -> 0143)
[    3.426515] r8169 0000:01:00.0 eth0: RTL8168evl/8111evl at 0xf0afe000, 02:04:4b:01:60:a6, XID 0c900800 IRQ 375
[    3.436517] r8169 0000:01:00.0 eth0: jumbo features [frames: 9200 bytes, tx checksumming: ko]
[    3.449327] [drm] Supports vblank timestamp caching Rev 2 (21.10.2013).
[    3.455943] [drm] No driver support for vblank timestamp query.
[    3.461878] drm drm: No connectors reported connected with modes
[    3.467883] [drm] Cannot find any crtc or sizes - going 1024x768
[    3.495657] Console: switching to colour frame buffer device 128x48
[    3.508155] drm drm: fb0:  frame buffer device
[    3.528976] [drm] Initialized tegra 0.0.0 20120330 on minor 0
[    3.540138] utmi_phy_clk_enable: timeout waiting for phy to stabilize
[    3.546607] tegra-ehci 7d004000.usb: EHCI Host Controller
[    3.552018] tegra-ehci 7d004000.usb: new USB bus registered, assigned bus number 1
[    3.559847] tegra-ehci 7d004000.usb: irq 343, io mem 0x7d004000
[    3.578960] tegra-ehci 7d004000.usb: USB 2.0 started, EHCI 1.00
[    3.586254] hub 1-0:1.0: USB hub found
[    3.590025] hub 1-0:1.0: 1 port detected
[    3.595097] tegra-ehci 7d008000.usb: EHCI Host Controller
[    3.600512] tegra-ehci 7d008000.usb: new USB bus registered, assigned bus number 2
[    3.608255] tegra-ehci 7d008000.usb: irq 344, io mem 0x7d008000
[    3.628953] tegra-ehci 7d008000.usb: USB 2.0 started, EHCI 1.00
[    3.636109] hub 2-0:1.0: USB hub found
[    3.639877] hub 2-0:1.0: 1 port detected
[    3.650216] tps65910-rtc tps65910-rtc: setting system clock to 2000-01-01 00:00:02 UTC (946684802)
[    3.659834] vdd_sata,avdd_plle: disabling
[    3.664596] usb1_vbus: disabling
[    3.669368] EXT4-fs (mmcblk1p1): mounting ext3 file system using the ext4 subsystem
[    3.730945] EXT4-fs (mmcblk1p1): warning: mounting fs with errors, running e2fsck is recommended
[    3.741203] EXT4-fs (mmcblk1p1): recovery complete
[    3.747180] EXT4-fs (mmcblk1p1): mounted filesystem with ordered data mode. Opts: (null)
[    3.755309] VFS: Mounted root (ext3 filesystem) on device 179:1.
[    3.765517] devtmpfs: mounted
[    3.771055] Freeing unused kernel memory: 2048K
bash: cannot set terminal process group (-1): Inappropriate ioctl for device
bash: no job control in this shell
root@(none):/# [    3.983979] usb 2-1: new high-speed USB device number 2 using tegra-ehci
