
U-Boot SPL 2016.05-rc2 (Apr 21 2016 - 16:23:00)
Trying to boot from RAM


U-Boot 2016.05-rc2 (Apr 21 2016 - 16:23:00 -0700)

TEGRA124
Model: NVIDIA Jetson TK1
Board: NVIDIA Jetson TK1
DRAM:  2 GiB
MC:   Tegra SD/MMC: 0, Tegra SD/MMC: 1
In:    serial
Out:   serial
Err:   serial
Net:   No ethernet found.
Hit any key to stop autoboot:  2  0 
Tegra124 (Jetson TK1) # 
Tegra124 (Jetson TK1) # pci enum
Tegra124 (Jetson TK1) # setenv bootargs 'ignore_loglevel console=ttyS0,115200n8 rw root=PARTUUID=b1791faa-84e8-4e27-83a1-9fb0a77e8803 rootwait gpt debug noinitrd earlyprintk init=/bin/bash'
Tegra124 (Jetson TK1) # setenv ipaddr 192.168.100.102; setenv serverip 192.168.100.1; setenv tftpserverip 192.168.100.1
Tegra124 (Jetson TK1) # tftpboot 0x82000000 zImage.multi_v7_defconfig

Warning: eth_rtl8169 using MAC address from ROM
Using eth_rtl8169 device
TFTP from server 192.168.100.1; our IP address is 192.168.100.102
Filename 'zImage.multi_v7_defconfig'.
Load address: 0x82000000
Loading: *#################################################################
	 #################################################################
	 #################################################################
	 #################################################################
	 #################################################################
	 #################################################################
	 #################################################################
	 #################################################################
	 ####################
	 3.8 MiB/s
done
Bytes transferred = 7916672 (78cc80 hex)
Tegra124 (Jetson TK1) # tftpboot 0x83000000 tegra124-jetson-tk1.dtb
Using eth_rtl8169 device
TFTP from server 192.168.100.1; our IP address is 192.168.100.102
Filename 'tegra124-jetson-tk1.dtb'.
Load address: 0x83000000
Loading: *#####
	 3.6 MiB/s
done
Bytes transferred = 67133 (1063d hex)
Tegra124 (Jetson TK1) # bootz 0x82000000 - 0x83000000
Kernel image @ 0x82000000 [ 0x000000 - 0x78cc80 ]
## Flattened Device Tree blob at 83000000
   Booting using the fdt blob at 0x83000000
   Using Device Tree in place at 83000000, end 8301363c

Starting kernel ...

[    0.000000] Booting Linux on physical CPU 0x0
[    0.000000] Linux version 4.11.0-next-20170505-170946-g9e597e8 (jonathanh@sellafield) (gcc version 4.7.3 20130328 (prerelease) (crosstool-NG linaro-1.13.1-4.7-2013.04-20130415 - Linaro GCC 2013.04) ) #1 SMP Fri May 5 03:50:05 PDT 2017
[    0.000000] CPU: ARMv7 Processor [413fc0f3] revision 3 (ARMv7), cr=10c5387d
[    0.000000] CPU: div instructions available: patching division code
[    0.000000] CPU: PIPT / VIPT nonaliasing data cache, PIPT instruction cache
[    0.000000] OF: fdt: Machine model: NVIDIA Tegra124 Jetson TK1
[    0.000000] debug: ignoring loglevel setting.
[    0.000000] Memory policy: Data cache writealloc
[    0.000000] efi: Getting EFI parameters from FDT:
[    0.000000] efi: UEFI not found.
[    0.000000] cma: Reserved 64 MiB at 0xfb800000
[    0.000000] On node 0 totalpages: 524032
[    0.000000] free_area_init_node: node 0, pgdat c157f880, node_mem_map eeff8000
[    0.000000]   DMA zone: 1536 pages used for memmap
[    0.000000]   DMA zone: 0 pages reserved
[    0.000000]   DMA zone: 196608 pages, LIFO batch:31
[    0.000000]   HighMem zone: 327424 pages, LIFO batch:31
[    0.000000] percpu: Embedded 17 pages/cpu @eef82000 s39488 r8192 d21952 u69632
[    0.000000] pcpu-alloc: s39488 r8192 d21952 u69632 alloc=17*4096
[    0.000000] pcpu-alloc: [0] 0 [0] 1 [0] 2 [0] 3 
[    0.000000] Built 1 zonelists in Zone order, mobility grouping on.  Total pages: 522496
[    0.000000] Kernel command line: ignore_loglevel console=ttyS0,115200n8 rw root=PARTUUID=b1791faa-84e8-4e27-83a1-9fb0a77e8803 rootwait gpt debug noinitrd earlyprintk init=/bin/bash
[    0.000000] PID hash table entries: 4096 (order: 2, 16384 bytes)
[    0.000000] Dentry cache hash table entries: 131072 (order: 7, 524288 bytes)
[    0.000000] Inode-cache hash table entries: 65536 (order: 6, 262144 bytes)
[    0.000000] Memory: 1993420K/2096128K available (10240K kernel code, 1565K rwdata, 4388K rodata, 2048K init, 411K bss, 37172K reserved, 65536K cma-reserved, 1244160K highmem)
[    0.000000] Virtual kernel memory layout:
[    0.000000]     vector  : 0xffff0000 - 0xffff1000   (   4 kB)
[    0.000000]     fixmap  : 0xffc00000 - 0xfff00000   (3072 kB)
[    0.000000]     vmalloc : 0xf0800000 - 0xff800000   ( 240 MB)
[    0.000000]     lowmem  : 0xc0000000 - 0xf0000000   ( 768 MB)
[    0.000000]     pkmap   : 0xbfe00000 - 0xc0000000   (   2 MB)
[    0.000000]     modules : 0xbf000000 - 0xbfe00000   (  14 MB)
[    0.000000]       .text : 0xc0208000 - 0xc0d00000   (11232 kB)
[    0.000000]       .init : 0xc1200000 - 0xc1400000   (2048 kB)
[    0.000000]       .data : 0xc1400000 - 0xc15874f0   (1566 kB)
[    0.000000]        .bss : 0xc1590d04 - 0xc15f7b58   ( 412 kB)
[    0.000000] SLUB: HWalign=64, Order=0-3, MinObjects=0, CPUs=4, Nodes=1
[    0.000000] Hierarchical RCU implementation.
[    0.000000] 	RCU debugfs-based tracing is enabled.
[    0.000000] 	RCU restricting CPUs from NR_CPUS=16 to nr_cpu_ids=4.
[    0.000000] RCU: Adjusting geometry for rcu_fanout_leaf=16, nr_cpu_ids=4
[    0.000000] NR_IRQS:16 nr_irqs:16 16
[    0.000000] /interrupt-controller@60004000: 160 interrupts forwarded to /interrupt-controller@50041000
[    0.000000] Tegra clk 127: register failed with -17
[    0.000009] sched_clock: 32 bits at 1000kHz, resolution 1000ns, wraps every 2147483647500ns
[    0.000028] clocksource: timer_us: mask: 0xffffffff max_cycles: 0xffffffff, max_idle_ns: 1911260446275 ns
[    0.000043] Switching to timer-based delay loop, resolution 1000ns
[    0.004897] arch_timer: cp15 timer(s) running at 12.00MHz (virt).
[    0.004917] clocksource: arch_sys_counter: mask: 0xffffffffffffff max_cycles: 0x2c47f4ee7, max_idle_ns: 440795202497 ns
[    0.004936] sched_clock: 56 bits at 12MHz, resolution 83ns, wraps every 4398046511096ns
[    0.004950] Switching to timer-based delay loop, resolution 83ns
[    0.005415] Console: colour dummy device 80x30
[    0.005444] Calibrating delay loop (skipped), value calculated using timer frequency.. 24.00 BogoMIPS (lpj=120000)
[    0.005462] pid_max: default: 32768 minimum: 301
[    0.005547] Mount-cache hash table entries: 2048 (order: 1, 8192 bytes)
[    0.005563] Mountpoint-cache hash table entries: 2048 (order: 1, 8192 bytes)
[    0.006037] CPU: Testing write buffer coherency: ok
[    0.006284] /cpus/cpu@0 missing clock-frequency property
[    0.006328] /cpus/cpu@1 missing clock-frequency property
[    0.006370] /cpus/cpu@2 missing clock-frequency property
[    0.006414] /cpus/cpu@3 missing clock-frequency property
[    0.006427] CPU0: thread -1, cpu 0, socket 0, mpidr 80000000
[    0.006716] Setting up static identity map for 0x80300000 - 0x803000a0
[    0.010407] Tegra Revision: A01 SKU: 129 CPU Process: 1 SoC Process: 1
[    0.011132] EFI services will not be available.
[    0.011362] smp: Bringing up secondary CPUs ...
[    0.011958] CPU1: thread -1, cpu 1, socket 0, mpidr 80000001
[    0.015366] CPU2: thread -1, cpu 2, socket 0, mpidr 80000002
[    0.025401] CPU3: thread -1, cpu 3, socket 0, mpidr 80000003
[    0.034818] smp: Brought up 1 node, 4 CPUs
[    0.034841] SMP: Total of 4 processors activated (96.00 BogoMIPS).
[    0.034850] CPU: All CPU(s) started in SVC mode.
[    0.036318] devtmpfs: initialized
[    0.052661] VFP support v0.3: implementor 41 architecture 4 part 30 variant f rev 0
[    0.053058] clocksource: jiffies: mask: 0xffffffff max_cycles: 0xffffffff, max_idle_ns: 19112604462750000 ns
[    0.053079] futex hash table entries: 1024 (order: 4, 65536 bytes)
[    0.054528] pinctrl core: initialized pinctrl subsystem
[    0.056455] NET: Registered protocol family 16
[    0.058560] DMA: preallocated 256 KiB pool for atomic coherent allocations
[    0.060992] cpuidle: using governor menu
[    0.087570] No ATAGs?
[    0.087696] hw-breakpoint: found 5 (+1 reserved) breakpoint and 4 watchpoint registers.
[    0.087711] hw-breakpoint: maximum watchpoint size is 8 bytes.
[    0.095025] Serial: AMBA PL011 UART driver
[    0.111495] AT91: Could not find identification node
[    0.112051] +5V_SYS: supplied by +VDD_MUX
[    0.112335] +3.3V_SYS: supplied by +VDD_MUX
[    0.112954] +USB0_VBUS_SW: Failed to request enable GPIO108: -517
[    0.112970] reg-fixed-voltage regulators:regulator@7: Failed to register regulator: -517
[    0.113070] +5V_USB_HS: Failed to request enable GPIO109: -517
[    0.113085] reg-fixed-voltage regulators:regulator@8: Failed to register regulator: -517
[    0.113273] +1.05V_RUN_AVDD_HDMI_PLL: Failed to request enable GPIO63: -517
[    0.113288] reg-fixed-voltage regulators:regulator@11: Failed to register regulator: -517
[    0.113385] +5V_HDMI_CON: Failed to request enable GPIO86: -517
[    0.113399] reg-fixed-voltage regulators:regulator@12: Failed to register regulator: -517
[    0.113497] +5V_SATA: Failed to request enable GPIO242: -517
[    0.113510] reg-fixed-voltage regulators:regulator@13: Failed to register regulator: -517
[    0.113608] +12V_SATA: Failed to request enable GPIO242: -517
[    0.113622] reg-fixed-voltage regulators:regulator@14: Failed to register regulator: -517
[    0.116613] vgaarb: loaded
[    0.117434] SCSI subsystem initialized
[    0.117601] libata version 3.00 loaded.
[    0.117850] usbcore: registered new interface driver usbfs
[    0.117911] usbcore: registered new interface driver hub
[    0.117972] usbcore: registered new device driver usb
[    0.121460] pps_core: LinuxPPS API ver. 1 registered
[    0.121471] pps_core: Software ver. 5.3.6 - Copyright 2005-2007 Rodolfo Giometti <giometti@linux.it>
[    0.121496] PTP clock support registered
[    0.121687] EDAC MC: Ver: 3.0.0
[    0.124575] clocksource: Switched to clocksource arch_sys_counter
[    0.181311] NET: Registered protocol family 2
[    0.181820] TCP established hash table entries: 8192 (order: 3, 32768 bytes)
[    0.181922] TCP bind hash table entries: 8192 (order: 4, 65536 bytes)
[    0.182110] TCP: Hash tables configured (established 8192 bind 8192)
[    0.182192] UDP hash table entries: 512 (order: 2, 16384 bytes)
[    0.182236] UDP-Lite hash table entries: 512 (order: 2, 16384 bytes)
[    0.182388] NET: Registered protocol family 1
[    0.182702] RPC: Registered named UNIX socket transport module.
[    0.182714] RPC: Registered udp transport module.
[    0.182723] RPC: Registered tcp transport module.
[    0.182731] RPC: Registered tcp NFSv4.1 backchannel transport module.
[    0.182744] PCI: CLS 0 bytes, default 64
[    0.184184] hw perfevents: enabled with armv7_cortex_a15 PMU driver, 7 counters available
[    0.186051] workingset: timestamp_bits=30 max_order=19 bucket_order=0
[    0.194504] squashfs: version 4.0 (2009/01/31) Phillip Lougher
[    0.195244] NFS: Registering the id_resolver key type
[    0.195267] Key type id_resolver registered
[    0.195276] Key type id_legacy registered
[    0.195322] ntfs: driver 2.1.32 [Flags: R/O].
[    0.196963] bounce: pool size: 64 pages
[    0.197005] Block layer SCSI generic (bsg) driver version 0.4 loaded (major 247)
[    0.197017] io scheduler noop registered
[    0.197027] io scheduler deadline registered
[    0.197056] io scheduler cfq registered (default)
[    0.197067] io scheduler mq-deadline registered
[    0.197076] io scheduler kyber registered
[    0.202545]  usb2-0: usb2-0 supply vbus not found, using dummy regulator
[    0.202670]  usb2-1: usb2-1 supply vbus not found, using dummy regulator
[    0.203134] tegra-xusb-padctl 7009f000.padctl: failed to setup XUSB ports: -517
[    0.219198] tegra-pcie 1003000.pcie-controller: 2x1, 1x1 configuration
[    0.219253] tegra-pcie 1003000.pcie-controller: Failed to get supply 'avddio-pex': -517
[    0.225543] tegra124-dfll 70110000.clock: couldn't get vdd_cpu regulator
[    0.233394] tegra-apbdma 60020000.dma: Tegra20 APB DMA driver register 32 channels
[    0.236213] tegra-pmc 7000e400.pmc: emergency thermal reset enabled
[    0.290999] Serial: 8250/16550 driver, 4 ports, IRQ sharing disabled
[    0.293584] console [ttyS0] disabled
[    0.293624] 70006300.serial: ttyS0 at MMIO 0x70006300 (irq = 335, base_baud = 25500000) is a Tegra
[    1.185001] console [ttyS0] enabled
[    1.189328] SuperH (H)SCI(F) driver initialized
[    1.194872] msm_serial: driver initialized
[    1.199151] STMicroelectronics ASC driver initialized
[    1.205079] 70006000.serial: ttyTHS1 at MMIO 0x70006000 (irq = 333, base_baud = 0) is a TEGRA_UART
[    1.214335] 70006040.serial: ttyTHS2 at MMIO 0x70006040 (irq = 334, base_baud = 0) is a TEGRA_UART
[    1.228449] tegra-hdmi 54280000.hdmi: failed to get HDMI regulator
[    1.247585] brd: module loaded
[    1.257620] loop: module loaded
[    1.261959] at24 0-0056: 256 byte 24c02 EEPROM, writable, 8 bytes/write
[    1.270329] as3722 4-0040: AS3722 with revision 0x1 found
[    1.282182] as3722-sd2: supplied by +5V_SYS
[    1.286825] as3722-sd3: supplied by +5V_SYS
[    1.291213] +1.35V_LP0(sd3): Bringing 0uV into 1350000-1350000uV
[    1.297616] as3722-sd4: supplied by +5V_SYS
[    1.302221] as3722-sd5: supplied by +5V_SYS
[    1.308262] as3722-ldo0: supplied by +1.35V_LP0(sd2)
[    1.314300] +1.8V_RUN_CAM: Bringing 0uV into 1800000-1800000uV
[    1.320525] as3722-ldo2: supplied by +1.8V_VDDIO
[    1.326413] as3722-ldo3: supplied by +3.3V_SYS
[    1.330888] +1.05V_LP0_VDD_RTC: Bringing 1100000uV into 1000000-1000000uV
[    1.338670] as3722-ldo4: supplied by +3.3V_SYS
[    1.343339] +2.8V_RUN_CAM: Bringing 0uV into 2800000-2800000uV
[    1.349544] as3722-ldo5: supplied by +1.8V_VDDIO
[    1.354372] +1.2V_RUN_CAM_FRONT: Bringing 0uV into 1200000-1200000uV
[    1.361292] +VDDIO_SDMMC3: bypassed regulator has no supply!
[    1.366966] +VDDIO_SDMMC3: failed to get the current voltage(-517)
[    1.373142] as3722-regulator as3722-regulator: regulator 13 register failed -517
[    1.386267] tegra-ahci 70027000.sata: couldn't get PHY in node sata: -517
[    1.406305] random: fast init done
[    1.409832] m25p80 spi32765.0: w25q32dw (4096 Kbytes)
[    1.417631] libphy: Fixed MDIO Bus: probed
[    1.422797] CAN device driver interface
[    1.427592] bgmac_bcma: Broadcom 47xx GBit MAC driver loaded
[    1.434639] e1000e: Intel(R) PRO/1000 Network Driver - 3.2.6-k
[    1.440463] e1000e: Copyright(c) 1999 - 2015 Intel Corporation.
[    1.446529] igb: Intel(R) Gigabit Ethernet Network Driver - version 5.4.0-k
[    1.453479] igb: Copyright (c) 2007-2014 Intel Corporation.
[    1.462707] pegasus: v0.9.3 (2013/04/25), Pegasus/Pegasus II USB Ethernet driver
[    1.470166] usbcore: registered new interface driver pegasus
[    1.475881] usbcore: registered new interface driver asix
[    1.481309] usbcore: registered new interface driver ax88179_178a
[    1.487453] usbcore: registered new interface driver cdc_ether
[    1.493329] usbcore: registered new interface driver smsc75xx
[    1.499133] usbcore: registered new interface driver smsc95xx
[    1.504930] usbcore: registered new interface driver net1080
[    1.510617] usbcore: registered new interface driver cdc_subset
[    1.516579] usbcore: registered new interface driver zaurus
[    1.522198] usbcore: registered new interface driver cdc_ncm
[    1.528091] tegra-phy 7d004000.usb-phy: no vbus regulator
[    1.535546] ehci_hcd: USB 2.0 'Enhanced' Host Controller (EHCI) Driver
[    1.542065] ehci-pci: EHCI PCI platform driver
[    1.546561] ehci-platform: EHCI generic platform driver
[    1.551989] ehci-orion: EHCI orion driver
[    1.556172] SPEAr-ehci: EHCI SPEAr driver
[    1.560318] ehci-st: EHCI STMicroelectronics driver
[    1.565348] ehci-exynos: EHCI EXYNOS driver
[    1.569692] ehci-atmel: EHCI Atmel driver
[    1.573832] tegra-ehci: Tegra EHCI driver
[    1.580687] tegra-ehci 7d004000.usb: EHCI Host Controller
[    1.586125] tegra-ehci 7d004000.usb: new USB bus registered, assigned bus number 1
[    1.593881] tegra-ehci 7d004000.usb: irq 354, io mem 0x7d004000
[    1.624597] tegra-ehci 7d004000.usb: USB 2.0 started, EHCI 1.10
[    1.631305] hub 1-0:1.0: USB hub found
[    1.635107] hub 1-0:1.0: 1 port detected
[    1.639561] ohci_hcd: USB 1.1 'Open' Host Controller (OHCI) Driver
[    1.645780] ohci-pci: OHCI PCI platform driver
[    1.650260] ohci-platform: OHCI generic platform driver
[    1.655669] ohci-omap3: OHCI OMAP3 driver
[    1.659811] SPEAr-ohci: OHCI SPEAr driver
[    1.663955] ohci-st: OHCI STMicroelectronics driver
[    1.668979] ohci-atmel: OHCI Atmel driver
[    1.673756] usbcore: registered new interface driver usb-storage
[    1.684261] as3722-rtc as3722-rtc: rtc core: registered as3722-rtc as rtc0
[    1.691160] as3722-rtc as3722-rtc: RTC interrupt 377
[    1.699420] tegra_rtc 7000e000.rtc: rtc core: registered 7000e000.rtc as rtc1
[    1.706604] tegra_rtc 7000e000.rtc: Tegra internal Real Time Clock
[    1.713297] i2c /dev entries driver
[    1.723549] lm90 0-004c: 0-004c supply vcc not found, using dummy regulator
[    1.740792] sdhci: Secure Digital Host Controller Interface driver
[    1.746991] sdhci: Copyright(c) Pierre Ossman
[    1.752950] Synopsys Designware Multimedia Card Interface Driver
[    1.760293] sdhci-pltfm: SDHCI platform and OF driver helper
[    1.766743] sdhci-tegra 700b0400.sdhci: Got CD GPIO
[    1.771632] sdhci-tegra 700b0400.sdhci: Got WP GPIO
[    1.792884] mmc0: Unknown controller version (3). You may experience problems.
[    1.800159] mmc0: Invalid maximum block size, assuming 512 bytes
[    1.864597] mmc0: SDHCI controller on 700b0600.sdhci [700b0600.sdhci] using ADMA
[    1.873923] ledtrig-cpu: registered to indicate activity on CPUs
[    1.880258] usbcore: registered new interface driver usbhid
[    1.885843] usbhid: USB HID core driver
[    1.893608] NET: Registered protocol family 10
[    1.898926] Segment Routing with IPv6
[    1.902639] sit: IPv6, IPv4 and MPLS over IPv4 tunneling driver
[    1.909130] NET: Registered protocol family 17
[    1.913576] can: controller area network core (rev 20170425 abi 9)
[    1.919818] NET: Registered protocol family 29
[    1.924258] can: raw protocol (rev 20170425)
[    1.928541] can: broadcast manager protocol (rev 20170425 t)
[    1.934199] can: netlink gateway (rev 20170425) max_hops=1
[    1.939993] Key type dns_resolver registered
[    1.944825] ThumbEE CPU extension supported.
[    1.949096] Registering SWP/SWPB emulation handler
[    1.968296] +3.3V_RUN: supplied by +3.3V_SYS
[    1.973846] +USB0_VBUS_SW: supplied by +5V_SYS
[    1.978588] +3.3V_AVDD_HDMI_AP_GATED: supplied by +3.3V_RUN
[    1.984504] +5V_USB_HS: supplied by +5V_SYS
[    1.990360] +3.3V_LP0: supplied by +3.3V_SYS
[    1.996681] +5V_HDMI_CON: supplied by +5V_SYS
[    2.001709] +5V_SATA: supplied by +5V_SYS
[    2.006282] +12V_SATA: supplied by +VDD_MUX
[    2.012620]  usb2-0: usb2-0 supply vbus not found, using dummy regulator
[    2.014363] mmc0: new high speed MMC card at address 0001
[    2.020092] mmcblk0: mmc0:0001 SEM16G 14.7 GiB 
[    2.020823] mmcblk0boot0: mmc0:0001 SEM16G partition 1 4.00 MiB
[    2.021216] mmcblk0boot1: mmc0:0001 SEM16G partition 2 4.00 MiB
[    2.022386] mmcblk0rpmb: mmc0:0001 SEM16G partition 3 4.00 MiB
[    2.037321]  mmcblk0: p1
[    2.049718]  usb2-1: usb2-1 supply vbus not found, using dummy regulator
[    2.056826]  usb3-0: usb3-0 supply vbus not found, using dummy regulator
[    2.064794] tegra-pcie 1003000.pcie-controller: 2x1, 1x1 configuration
[    2.071390] tegra-pcie 1003000.pcie-controller: Failed to get supply 'avddio-pex': -517
[    2.082517] tegra124-dfll 70110000.clock: couldn't get vdd_cpu regulator
[    2.093879] tegra-hdmi 54280000.hdmi: failed to get PLL regulator
[    2.104678] as3722-sd2: supplied by +5V_SYS
[    2.109196] as3722-sd3: supplied by +5V_SYS
[    2.113617] as3722-sd4: supplied by +5V_SYS
[    2.118204] as3722-sd5: supplied by +5V_SYS
[    2.124174] as3722-ldo0: supplied by +1.35V_LP0(sd2)
[    2.130206] as3722-ldo1: supplied by +3.3V_RUN
[    2.135051] as3722-ldo2: supplied by +1.8V_VDDIO
[    2.140608] as3722-ldo3: supplied by +3.3V_SYS
[    2.145959] as3722-ldo4: supplied by +3.3V_SYS
[    2.150649] as3722-ldo5: supplied by +1.8V_VDDIO
[    2.155710] as3722-ldo6: supplied by +3.3V_RUN
[    2.160459] as3722-ldo7: supplied by +1.8V_VDDIO
[    2.165877] +1.05V_RUN_CAM_REAR: Bringing 0uV into 1050000-1050000uV
[    2.172947] as3722-ldo9: supplied by +5V_SYS
[    2.178533] +3.3V_RUN_TOUCH: Bringing 0uV into 2800000-2800000uV
[    2.185288] as3722-ldo10: supplied by +5V_SYS
[    2.190412] +2.8V_RUN_CAM_AF: Bringing 0uV into 2800000-2800000uV
[    2.197260] as3722-ldo11: supplied by +3.3V_RUN
[    2.202557] +1.8V_RUN_VPP_FUSE: Bringing 0uV into 1800000-1800000uV
[    2.212242] tegra-ahci 70027000.sata: AHCI 0001.0301 32 slots 2 ports 3 Gbps 0x1 impl platform mode
[    2.221321] tegra-ahci 70027000.sata: flags: 64bit ncq sntf pm led pio slum part sadm sds apst 
[    2.231712] scsi host0: tegra-ahci
[    2.236360] scsi host1: tegra-ahci
[    2.240053] ata1: SATA max UDMA/133 mmio [mem 0x70027000-0x70028fff] port 0x100 irq 345
[    2.248092] ata2: DUMMY
[    2.253770] tegra-ehci 7d008000.usb: EHCI Host Controller
[    2.259229] tegra-ehci 7d008000.usb: new USB bus registered, assigned bus number 2
[    2.266973] tegra-ehci 7d008000.usb: irq 355, io mem 0x7d008000
[    2.294695] tegra-ehci 7d008000.usb: USB 2.0 started, EHCI 1.10
[    2.301737] hub 2-0:1.0: USB hub found
[    2.305590] hub 2-0:1.0: 1 port detected
[    2.311934] sdhci-tegra 700b0400.sdhci: Got CD GPIO
[    2.316885] sdhci-tegra 700b0400.sdhci: Got WP GPIO
[    2.328853] mmc1: Unknown controller version (3). You may experience problems.
[    2.336194] mmc1: Invalid maximum block size, assuming 512 bytes
[    2.405114] mmc1: SDHCI controller on 700b0400.sdhci [700b0400.sdhci] using ADMA
[    2.413213] tegra-pcie 1003000.pcie-controller: 2x1, 1x1 configuration
[    2.422999] tegra-pcie 1003000.pcie-controller: probing port 0, using 2 lanes
[    2.432359] tegra-pcie 1003000.pcie-controller: Slot present pin change, signature: 00000008
[    2.455240] tegra-pcie 1003000.pcie-controller: probing port 1, using 1 lanes
[    2.464533] tegra-pcie 1003000.pcie-controller: Slot present pin change, signature: 00000000
[    2.479067] tegra-pcie 1003000.pcie-controller: PCI host bridge to bus 0000:00
[    2.486337] pci_bus 0000:00: root bus resource [io  0x0000-0xffff]
[    2.492526] pci_bus 0000:00: root bus resource [mem 0x13000000-0x1fffffff]
[    2.499435] pci_bus 0000:00: root bus resource [mem 0x20000000-0x3fffffff pref]
[    2.506788] pci_bus 0000:00: root bus resource [bus 00-ff]
[    2.512317] pci 0000:00:01.0: [10de:0e12] type 01 class 0x060400
[    2.518414] pci_bus 0000:00: 2-byte config write to 0000:00:01.0 offset 0x88 may corrupt adjacent RW1C bits
[    2.528211] pci_bus 0000:00: 2-byte config write to 0000:00:01.0 offset 0x52 may corrupt adjacent RW1C bits
[    2.538034] pci 0000:00:01.0: PME# supported from D0 D1 D2 D3hot D3cold
[    2.544696] pci_bus 0000:00: 2-byte config write to 0000:00:01.0 offset 0x4c may corrupt adjacent RW1C bits
[    2.554744] pci 0000:00:02.0: [10de:0e13] type 01 class 0x060400
[    2.560798] pci_bus 0000:00: 2-byte config write to 0000:00:02.0 offset 0x88 may corrupt adjacent RW1C bits
[    2.570594] pci_bus 0000:00: 2-byte config write to 0000:00:02.0 offset 0x52 may corrupt adjacent RW1C bits
[    2.578318] ata1: SATA link down (SStatus 0 SControl 300)
[    2.585813] pci 0000:00:02.0: PME# supported from D0 D1 D2 D3hot D3cold
[    2.592436] pci_bus 0000:00: 2-byte config write to 0000:00:02.0 offset 0x4c may corrupt adjacent RW1C bits
[    2.602463] pci_bus 0000:00: 2-byte config write to 0000:00:01.0 offset 0x3e may corrupt adjacent RW1C bits
[    2.612247] pci_bus 0000:00: 2-byte config write to 0000:00:02.0 offset 0x3e may corrupt adjacent RW1C bits
[    2.622027] pci_bus 0000:00: 2-byte config write to 0000:00:01.0 offset 0x4 may corrupt adjacent RW1C bits
[    2.631688] pci_bus 0000:00: 1-byte config write to 0000:00:01.0 offset 0xc may corrupt adjacent RW1C bits
[    2.641379] PCI: bus0: Fast back to back transfers disabled
[    2.646967] pci 0000:00:01.0: bridge configuration invalid ([bus 00-00]), reconfiguring
[    2.654987] pci 0000:00:02.0: bridge configuration invalid ([bus 00-00]), reconfiguring
[    2.663203] pci 0000:01:00.0: [8086:4232] type 00 class 0x028000
[    2.669273] pci 0000:01:00.0: reg 0x10: [mem 0x00000000-0x00001fff 64bit]
[    2.676261] pci 0000:01:00.0: PME# supported from D0 D3hot D3cold
[    2.697400] mmc1: new high speed SDHC card at address aaaa
[    2.703671] mmcblk1: mmc1:aaaa SD04G 3.69 GiB 
[    2.708489] PCI: bus1: Fast back to back transfers disabled
[    2.714086] pci_bus 0000:01: busn_res: [bus 01-ff] end is updated to 01
[    2.720946] pci 0000:02:00.0: [10ec:8168] type 00 class 0x020000
[    2.727001] pci 0000:02:00.0: reg 0x10: [io  0x0000-0x00ff]
[    2.732597] pci 0000:02:00.0: reg 0x18: [mem 0x00000000-0x00000fff 64bit]
[    2.739429] pci 0000:02:00.0: reg 0x20: [mem 0x00000000-0x00003fff 64bit pref]
[    2.746848] pci 0000:02:00.0: supports D1 D2
[    2.751122] pci 0000:02:00.0: PME# supported from D0 D1 D2 D3hot D3cold
[    2.771262]  mmcblk1: p1 p2 p3
[    2.784734] PCI: bus2: Fast back to back transfers disabled
[    2.790313] pci_bus 0000:02: busn_res: [bus 02-ff] end is updated to 02
[    2.797155] pci 0000:00:01.0: BAR 8: assigned [mem 0x13000000-0x130fffff]
[    2.803948] pci 0000:00:02.0: BAR 8: assigned [mem 0x13100000-0x131fffff]
[    2.810784] pci 0000:00:02.0: BAR 9: assigned [mem 0x20000000-0x200fffff 64bit pref]
[    2.818563] pci 0000:00:02.0: BAR 7: assigned [io  0x1000-0x1fff]
[    2.824678] pci 0000:01:00.0: BAR 0: assigned [mem 0x13000000-0x13001fff 64bit]
[    2.832008] pci 0000:00:01.0: PCI bridge to [bus 01]
[    2.837012] pci 0000:00:01.0:   bridge window [mem 0x13000000-0x130fffff]
[    2.843812] pci 0000:02:00.0: BAR 4: assigned [mem 0x20000000-0x20003fff 64bit pref]
[    2.851586] pci 0000:02:00.0: BAR 2: assigned [mem 0x13100000-0x13100fff 64bit]
[    2.858948] pci 0000:02:00.0: BAR 0: assigned [io  0x1000-0x10ff]
[    2.865063] pci 0000:00:02.0: PCI bridge to [bus 02]
[    2.870026] pci 0000:00:02.0:   bridge window [io  0x1000-0x1fff]
[    2.876155] pci 0000:00:02.0:   bridge window [mem 0x13100000-0x131fffff]
[    2.882940] pci 0000:00:02.0:   bridge window [mem 0x20000000-0x200fffff 64bit pref]
[    2.890726] pci 0000:00:01.0: nv_msi_ht_cap_quirk didn't locate host bridge
[    2.897829] pcieport 0000:00:01.0: enabling device (0140 -> 0142)
[    2.904169] pcieport 0000:00:01.0: Signaling PME with IRQ 393
[    2.910029] pci 0000:00:02.0: nv_msi_ht_cap_quirk didn't locate host bridge
[    2.917128] pcieport 0000:00:02.0: enabling device (0140 -> 0143)
[    2.923459] pcieport 0000:00:02.0: Signaling PME with IRQ 394
[    2.929513] r8169 Gigabit Ethernet driver 2.3LK-NAPI loaded
[    2.935147] r8169 0000:02:00.0: enabling device (0140 -> 0143)
[    2.966285] r8169 0000:02:00.0 eth0: RTL8168g/8111g at 0xf0b72000, 00:04:4b:3a:d9:81, XID 0c000800 IRQ 395
[    2.975975] r8169 0000:02:00.0 eth0: jumbo features [frames: 9200 bytes, tx checksumming: ko]
[    2.988785] +1.05V_RUN_AVDD_HDMI_PLL: supplied by +1.05V_RUN
[    2.996728] of: dev_pm_opp_of_cpumask_add_table: couldn't find opp table for cpu:0, -19
[    3.004820] cpufreq: cpufreq_online: CPU0: Running at unlisted freq: 696000 KHz
[    3.012135] cpufreq: cpufreq_online: CPU0: Unlisted initial frequency changed to: 714000 KHz
[    3.021285] input: gpio-keys as /devices/soc0/gpio-keys/input/input0
[    3.028579] as3722-rtc as3722-rtc: setting system clock to 2000-01-01 00:00:13 UTC (946684813)
[    3.037581] +3.3V_AVDD_HDMI_AP_GATED: disabling
[    3.042104] +USB0_VBUS_SW: disabling
[    3.045705] +1.05V_RUN_AVDD_HDMI_PLL: disabling
[    3.050234] +5V_HDMI_CON: disabling
[    3.053723] +1.8V_RUN_CAM: disabling
[    3.057592] +2.8V_RUN_CAM: disabling
[    3.061400] +1.2V_RUN_CAM_FRONT: disabling
[    3.065773] +1.05V_RUN_CAM_REAR: disabling
[    3.070032] +3.3V_RUN_TOUCH: disabling
[    3.073943] +2.8V_RUN_CAM_AF: disabling
[    3.078036] +1.8V_RUN_VPP_FUSE: disabling
[    3.083177] EXT4-fs (mmcblk0p1): mounting ext3 file system using the ext4 subsystem
[    3.125590] EXT4-fs (mmcblk0p1): recovery complete
[    3.131177] EXT4-fs (mmcblk0p1): mounted filesystem with ordered data mode. Opts: (null)
[    3.139316] VFS: Mounted root (ext3 filesystem) on device 179:1.
[    3.149345] devtmpfs: mounted
[    3.153203] Freeing unused kernel memory: 2048K
bash: cannot set terminal process group (-1): Inappropriate ioctl for device
bash: no job control in this shell
root@(none):/# 