
U-Boot SPL 2016.05-rc2 (Apr 21 2016 - 16:23:00)
Trying to boot from RAM


U-Boot 2016.05-rc2 (Apr 21 2016 - 16:23:00 -0700)

TEGRA124
Model: NVIDIA Jetson TK1
Board: NVIDIA Jetson TK1
DRAM:  2 GiB
MC:   Tegra SD/MMC: 0, Tegra SD/MMC: 1
In:    serial
Out:   serial
Err:   serial
Net:   No ethernet found.
Hit any key to stop autoboot:  2  0 
Tegra124 (Jetson TK1) # 
Tegra124 (Jetson TK1) # pci enum
Tegra124 (Jetson TK1) # setenv bootargs 'ignore_loglevel console=ttyS0,115200n8 rw root=PARTUUID=b1791faa-84e8-4e27-83a1-9fb0a77e8803 rootwait gpt debug noinitrd earlyprintk init=/bin/bash'
Tegra124 (Jetson TK1) # setenv ipaddr 192.168.100.102; setenv serverip 192.168.100.1; setenv tftpserverip 192.168.100.1
Tegra124 (Jetson TK1) # tftpboot 0x82000000 zImage.multi_v7_defconfig

Warning: eth_rtl8169 using MAC address from ROM
Using eth_rtl8169 device
TFTP from server 192.168.100.1; our IP address is 192.168.100.102
Filename 'zImage.multi_v7_defconfig'.
Load address: 0x82000000
Loading: *#################################################################
	 #################################################################
	 #################################################################
	 #################################################################
	 #################################################################
	 #################################################################
	 #################################################################
	 ###########################################
	 3.4 MiB/s
done
Bytes transferred = 7307040 (6f7f20 hex)
Tegra124 (Jetson TK1) # tftpboot 0x83000000 tegra124-jetson-tk1.dtb
Using eth_rtl8169 device
TFTP from server 192.168.100.1; our IP address is 192.168.100.102
Filename 'tegra124-jetson-tk1.dtb'.
Load address: 0x83000000
Loading: *#####
	 3 MiB/s
done
Bytes transferred = 67133 (1063d hex)
Tegra124 (Jetson TK1) # bootz 0x82000000 - 0x83000000
Kernel image @ 0x82000000 [ 0x000000 - 0x6f7f20 ]
## Flattened Device Tree blob at 83000000
   Booting using the fdt blob at 0x83000000
   Using Device Tree in place at 83000000, end 8301363c

Starting kernel ...

[    0.000000] Booting Linux on physical CPU 0x0
[    0.000000] Linux version 4.9.0-rc4-next-20161110-133265-g6e637d6 (pwalmsley@sellafield) (gcc version 4.7.3 20130328 (prerelease) (crosstool-NG linaro-1.13.1-4.7-2013.04-20130415 - Linaro GCC 2013.04) ) #1 SMP Wed Nov 9 20:04:20 PST 2016
[    0.000000] CPU: ARMv7 Processor [413fc0f3] revision 3 (ARMv7), cr=10c5387d
[    0.000000] CPU: div instructions available: patching division code
[    0.000000] CPU: PIPT / VIPT nonaliasing data cache, PIPT instruction cache
[    0.000000] OF: fdt:Machine model: NVIDIA Tegra124 Jetson TK1
[    0.000000] debug: ignoring loglevel setting.
[    0.000000] efi: Getting EFI parameters from FDT:
[    0.000000] efi: UEFI not found.
[    0.000000] cma: Reserved 64 MiB at 0xfb800000
[    0.000000] Memory policy: Data cache writealloc
[    0.000000] On node 0 totalpages: 524032
[    0.000000] free_area_init_node: node 0, pgdat c1429540, node_mem_map eeff8000
[    0.000000]   DMA zone: 1536 pages used for memmap
[    0.000000]   DMA zone: 0 pages reserved
[    0.000000]   DMA zone: 196608 pages, LIFO batch:31
[    0.000000]   HighMem zone: 327424 pages, LIFO batch:31
[    0.000000] percpu: Embedded 14 pages/cpu @eef8e000 s26688 r8192 d22464 u57344
[    0.000000] pcpu-alloc: s26688 r8192 d22464 u57344 alloc=14*4096
[    0.000000] pcpu-alloc: [0] 0 [0] 1 [0] 2 [0] 3 
[    0.000000] Built 1 zonelists in Zone order, mobility grouping on.  Total pages: 522496
[    0.000000] Kernel command line: ignore_loglevel console=ttyS0,115200n8 rw root=PARTUUID=b1791faa-84e8-4e27-83a1-9fb0a77e8803 rootwait gpt debug noinitrd earlyprintk init=/bin/bash
[    0.000000] PID hash table entries: 4096 (order: 2, 16384 bytes)
[    0.000000] Dentry cache hash table entries: 131072 (order: 7, 524288 bytes)
[    0.000000] Inode-cache hash table entries: 65536 (order: 6, 262144 bytes)
[    0.000000] Memory: 1994960K/2096128K available (9216K kernel code, 1196K rwdata, 4088K rodata, 2048K init, 343K bss, 35632K reserved, 65536K cma-reserved, 1244160K highmem)
[    0.000000] Virtual kernel memory layout:
[    0.000000]     vector  : 0xffff0000 - 0xffff1000   (   4 kB)
[    0.000000]     fixmap  : 0xffc00000 - 0xfff00000   (3072 kB)
[    0.000000]     vmalloc : 0xf0800000 - 0xff800000   ( 240 MB)
[    0.000000]     lowmem  : 0xc0000000 - 0xf0000000   ( 768 MB)
[    0.000000]     pkmap   : 0xbfe00000 - 0xc0000000   (   2 MB)
[    0.000000]     modules : 0xbf000000 - 0xbfe00000   (  14 MB)
[    0.000000]       .text : 0xc0208000 - 0xc0c00000   (10208 kB)
[    0.000000]       .init : 0xc1100000 - 0xc1300000   (2048 kB)
[    0.000000]       .data : 0xc1300000 - 0xc142b020   (1197 kB)
[    0.000000]        .bss : 0xc142d000 - 0xc1482f08   ( 344 kB)
[    0.000000] SLUB: HWalign=64, Order=0-3, MinObjects=0, CPUs=4, Nodes=1
[    0.000000] Hierarchical RCU implementation.
[    0.000000] 	Build-time adjustment of leaf fanout to 32.
[    0.000000] 	RCU restricting CPUs from NR_CPUS=16 to nr_cpu_ids=4.
[    0.000000] RCU: Adjusting geometry for rcu_fanout_leaf=32, nr_cpu_ids=4
[    0.000000] NR_IRQS:16 nr_irqs:16 16
[    0.000000] /interrupt-controller@60004000: 160 interrupts forwarded to /interrupt-controller@50041000
[    0.000000] Tegra clk 127: register failed with -17
[    0.000008] sched_clock: 32 bits at 1000kHz, resolution 1000ns, wraps every 2147483647500ns
[    0.000030] clocksource: timer_us: mask: 0xffffffff max_cycles: 0xffffffff, max_idle_ns: 1911260446275 ns
[    0.000044] Switching to timer-based delay loop, resolution 1000ns
[    0.005594] arm_arch_timer: Architected cp15 timer(s) running at 12.00MHz (virt).
[    0.005612] clocksource: arch_sys_counter: mask: 0xffffffffffffff max_cycles: 0x2c47f4ee7, max_idle_ns: 440795202497 ns
[    0.005630] sched_clock: 56 bits at 12MHz, resolution 83ns, wraps every 4398046511096ns
[    0.005643] Switching to timer-based delay loop, resolution 83ns
[    0.006102] Console: colour dummy device 80x30
[    0.006134] Calibrating delay loop (skipped), value calculated using timer frequency.. 24.00 BogoMIPS (lpj=60000)
[    0.006149] pid_max: default: 32768 minimum: 301
[    0.006247] Mount-cache hash table entries: 2048 (order: 1, 8192 bytes)
[    0.006259] Mountpoint-cache hash table entries: 2048 (order: 1, 8192 bytes)
[    0.006845] CPU: Testing write buffer coherency: ok
[    0.007060] /cpus/cpu@0 missing clock-frequency property
[    0.007101] /cpus/cpu@1 missing clock-frequency property
[    0.007143] /cpus/cpu@2 missing clock-frequency property
[    0.007185] /cpus/cpu@3 missing clock-frequency property
[    0.007197] CPU0: thread -1, cpu 0, socket 0, mpidr 80000000
[    0.007436] Setting up static identity map for 0x80300000 - 0x80300098
[    0.010918] Tegra Revision: A01 SKU: 129 CPU Process: 1 SoC Process: 1
[    0.011597] EFI services will not be available.
[    0.011829] smp: Bringing up secondary CPUs ...
[    0.012356] CPU1: thread -1, cpu 1, socket 0, mpidr 80000001
[    0.015996] CPU2: thread -1, cpu 2, socket 0, mpidr 80000002
[    0.020989] CPU3: thread -1, cpu 3, socket 0, mpidr 80000003
[    0.025505] smp: Brought up 1 node, 4 CPUs
[    0.025525] SMP: Total of 4 processors activated (96.00 BogoMIPS).
[    0.025533] CPU: All CPU(s) started in SVC mode.
[    0.027008] devtmpfs: initialized
[    0.047912] VFP support v0.3: implementor 41 architecture 4 part 30 variant f rev 0
[    0.048354] clocksource: jiffies: mask: 0xffffffff max_cycles: 0xffffffff, max_idle_ns: 9556302231375000 ns
[    0.049742] pinctrl core: initialized pinctrl subsystem
[    0.051552] NET: Registered protocol family 16
[    0.053494] DMA: preallocated 256 KiB pool for atomic coherent allocations
[    0.056105] cpuidle: using governor menu
[    0.087236] No ATAGs?
[    0.087264] hw-breakpoint: found 5 (+1 reserved) breakpoint and 4 watchpoint registers.
[    0.087275] hw-breakpoint: maximum watchpoint size is 8 bytes.
[    0.094277] Serial: AMBA PL011 UART driver
[    0.112346] +5V_SYS: supplied by +VDD_MUX
[    0.112653] +3.3V_SYS: supplied by +VDD_MUX
[    0.113299] +USB0_VBUS_SW: Failed to request enable GPIO108: -517
[    0.113314] reg-fixed-voltage regulators:regulator@7: Failed to register regulator: -517
[    0.113402] +5V_USB_HS: Failed to request enable GPIO109: -517
[    0.113415] reg-fixed-voltage regulators:regulator@8: Failed to register regulator: -517
[    0.113580] +1.05V_RUN_AVDD_HDMI_PLL: Failed to request enable GPIO63: -517
[    0.113593] reg-fixed-voltage regulators:regulator@11: Failed to register regulator: -517
[    0.113681] +5V_HDMI_CON: Failed to request enable GPIO86: -517
[    0.113693] reg-fixed-voltage regulators:regulator@12: Failed to register regulator: -517
[    0.113779] +5V_SATA: Failed to request enable GPIO242: -517
[    0.113791] reg-fixed-voltage regulators:regulator@13: Failed to register regulator: -517
[    0.113877] +12V_SATA: Failed to request enable GPIO242: -517
[    0.113889] reg-fixed-voltage regulators:regulator@14: Failed to register regulator: -517
[    0.117194] vgaarb: loaded
[    0.118047] SCSI subsystem initialized
[    0.118210] libata version 3.00 loaded.
[    0.118475] usbcore: registered new interface driver usbfs
[    0.118539] usbcore: registered new interface driver hub
[    0.118605] usbcore: registered new device driver usb
[    0.122213] pps_core: LinuxPPS API ver. 1 registered
[    0.122223] pps_core: Software ver. 5.3.6 - Copyright 2005-2007 Rodolfo Giometti <giometti@linux.it>
[    0.122245] PTP clock support registered
[    0.122440] EDAC MC: Ver: 3.0.0
[    0.125598] clocksource: Switched to clocksource arch_sys_counter
[    0.136879] NET: Registered protocol family 2
[    0.137388] TCP established hash table entries: 8192 (order: 3, 32768 bytes)
[    0.137487] TCP bind hash table entries: 8192 (order: 4, 65536 bytes)
[    0.137674] TCP: Hash tables configured (established 8192 bind 8192)
[    0.137732] UDP hash table entries: 512 (order: 2, 16384 bytes)
[    0.137774] UDP-Lite hash table entries: 512 (order: 2, 16384 bytes)
[    0.137926] NET: Registered protocol family 1
[    0.138241] RPC: Registered named UNIX socket transport module.
[    0.138250] RPC: Registered udp transport module.
[    0.138257] RPC: Registered tcp transport module.
[    0.138265] RPC: Registered tcp NFSv4.1 backchannel transport module.
[    0.138275] PCI: CLS 0 bytes, default 64
[    0.139568] hw perfevents: enabled with armv7_cortex_a15 PMU driver, 7 counters available
[    0.141054] futex hash table entries: 1024 (order: 4, 65536 bytes)
[    0.141796] workingset: timestamp_bits=30 max_order=19 bucket_order=0
[    0.152993] squashfs: version 4.0 (2009/01/31) Phillip Lougher
[    0.153849] NFS: Registering the id_resolver key type
[    0.153877] Key type id_resolver registered
[    0.153885] Key type id_legacy registered
[    0.153927] ntfs: driver 2.1.32 [Flags: R/O].
[    0.155469] bounce: pool size: 64 pages
[    0.155694] Block layer SCSI generic (bsg) driver version 0.4 loaded (major 248)
[    0.155704] io scheduler noop registered
[    0.155713] io scheduler deadline registered
[    0.155903] io scheduler cfq registered (default)
[    0.161233] usb2-0 supply vbus not found, using dummy regulator
[    0.161356] usb2-1 supply vbus not found, using dummy regulator
[    0.161858] tegra-xusb-padctl 7009f000.padctl: failed to setup XUSB ports: -517
[    0.162554] libphy: mdio_driver_register: phy-bcm-ns2-pci
[    0.178824] tegra-pcie 1003000.pcie-controller: 2x1, 1x1 configuration
[    0.178877] tegra-pcie 1003000.pcie-controller: Failed to get supply 'avddio-pex': -517
[    0.184872] tegra124-dfll 70110000.clock: couldn't get vdd_cpu regulator
[    0.195827] tegra-apbdma 60020000.dma: Tegra20 APB DMA driver register 32 channels
[    0.197776] tegra-pmc 7000e400.pmc: emergency thermal reset enabled
[    0.255622] ------------[ cut here ]------------
[    0.255650] WARNING: CPU: 3 PID: 0 at kernel/rcu/tree.c:380 rcu_note_context_switch+0x24/0x2c
[    0.255659] Modules linked in:
[    0.255676] CPU: 3 PID: 0 Comm: swapper/3 Not tainted 4.9.0-rc4-next-20161110-133265-g6e637d6 #1
[    0.255685] Hardware name: NVIDIA Tegra SoC (Flattened Device Tree)
[    0.255716] [<c030fab8>] (unwind_backtrace) from [<c030b104>] (show_stack+0x10/0x14)
[    0.255738] [<c030b104>] (show_stack) from [<c0591610>] (dump_stack+0x84/0xa4)
[    0.255759] [<c0591610>] (dump_stack) from [<c0342be0>] (__warn+0xd4/0x100)
[    0.255777] [<c0342be0>] (__warn) from [<c0342c2c>] (warn_slowpath_null+0x20/0x28)
[    0.255794] [<c0342c2c>] (warn_slowpath_null) from [<c0393b00>] (rcu_note_context_switch+0x24/0x2c)
[    0.255816] [<c0393b00>] (rcu_note_context_switch) from [<c0bbd304>] (__schedule+0x64/0x500)
[    0.255834] [<c0bbd304>] (__schedule) from [<c0bbd8c4>] (schedule+0x38/0x9c)
[    0.255853] [<c0bbd8c4>] (schedule) from [<c0bbdb38>] (schedule_preempt_disabled+0xc/0x10)
[    0.255871] [<c0bbdb38>] (schedule_preempt_disabled) from [<c037ad94>] (cpu_startup_entry+0x180/0x1f4)
[    0.255887] [<c037ad94>] (cpu_startup_entry) from [<80301c2c>] (0x80301c2c)
[    0.255900] ---[ end trace a975e6ffe09989d3 ]---
[    0.257240] Serial: 8250/16550 driver, 4 ports, IRQ sharing disabled
[    0.260233] console [ttyS0] disabled
[    0.260269] 70006300.serial: ttyS0 at MMIO 0x70006300 (irq = 335, base_baud = 25500000) is a Tegra
[    1.258853] console [ttyS0] enabled
[    1.263246] SuperH (H)SCI(F) driver initialized
[    1.268857] msm_serial: driver initialized
[    1.273162] STMicroelectronics ASC driver initialized
[    1.279131] 70006000.serial: ttyTHS1 at MMIO 0x70006000 (irq = 333, base_baud = 0) is a TEGRA_UART
[    1.288450] 70006040.serial: ttyTHS2 at MMIO 0x70006040 (irq = 334, base_baud = 0) is a TEGRA_UART
[    1.300851] [drm] Initialized
[    1.307020] tegra-hdmi 54280000.hdmi: failed to get HDMI regulator
[    1.327326] brd: module loaded
[    1.336569] loop: module loaded
[    1.340948] at24 0-0056: 256 byte 24c02 EEPROM, writable, 8 bytes/write
[    1.349291] as3722 4-0040: AS3722 with revision 0x1 found
[    1.361606] as3722-sd2: supplied by +5V_SYS
[    1.366275] as3722-sd3: supplied by +5V_SYS
[    1.370660] +1.35V_LP0(sd3): Bringing 0uV into 1350000-1350000uV
[    1.377101] as3722-sd4: supplied by +5V_SYS
[    1.381764] as3722-sd5: supplied by +5V_SYS
[    1.387859] as3722-ldo0: supplied by +1.35V_LP0(sd2)
[    1.393951] +1.8V_RUN_CAM: Bringing 0uV into 1800000-1800000uV
[    1.400209] as3722-ldo2: supplied by +1.8V_VDDIO
[    1.406163] as3722-ldo3: supplied by +3.3V_SYS
[    1.410657] +1.05V_LP0_VDD_RTC: Bringing 1100000uV into 1000000-1000000uV
[    1.418481] as3722-ldo4: supplied by +3.3V_SYS
[    1.423154] +2.8V_RUN_CAM: Bringing 0uV into 2800000-2800000uV
[    1.429417] as3722-ldo5: supplied by +1.8V_VDDIO
[    1.434265] +1.2V_RUN_CAM_FRONT: Bringing 0uV into 1200000-1200000uV
[    1.441238] +VDDIO_SDMMC3: bypassed regulator has no supply!
[    1.446909] +VDDIO_SDMMC3: failed to get the current voltage(-517)
[    1.453103] as3722-regulator as3722-regulator: regulator 13 register failed -517
[    1.466895] tegra-ahci 70027000.sata: couldn't get PHY in node sata: -517
[    1.486814] random: fast init done
[    1.490402] m25p80 spi32765.0: w25q32dw (4096 Kbytes)
[    1.498798] libphy: Fixed MDIO Bus: probed
[    1.504089] CAN device driver interface
[    1.510257] e1000e: Intel(R) PRO/1000 Network Driver - 3.2.6-k
[    1.516100] e1000e: Copyright(c) 1999 - 2015 Intel Corporation.
[    1.522086] igb: Intel(R) Gigabit Ethernet Network Driver - version 5.4.0-k
[    1.529052] igb: Copyright (c) 2007-2014 Intel Corporation.
[    1.538382] pegasus: v0.9.3 (2013/04/25), Pegasus/Pegasus II USB Ethernet driver
[    1.545840] usbcore: registered new interface driver pegasus
[    1.551564] usbcore: registered new interface driver asix
[    1.557014] usbcore: registered new interface driver ax88179_178a
[    1.563157] usbcore: registered new interface driver cdc_ether
[    1.569062] usbcore: registered new interface driver smsc75xx
[    1.574877] usbcore: registered new interface driver smsc95xx
[    1.580675] usbcore: registered new interface driver net1080
[    1.586384] usbcore: registered new interface driver cdc_subset
[    1.592354] usbcore: registered new interface driver zaurus
[    1.597997] usbcore: registered new interface driver cdc_ncm
[    1.603887] tegra-phy 7d004000.usb-phy: no vbus regulator
[    1.611446] ehci_hcd: USB 2.0 'Enhanced' Host Controller (EHCI) Driver
[    1.617982] ehci-pci: EHCI PCI platform driver
[    1.622480] ehci-platform: EHCI generic platform driver
[    1.627934] ehci-orion: EHCI orion driver
[    1.632112] SPEAr-ehci: EHCI SPEAr driver
[    1.636291] ehci-st: EHCI STMicroelectronics driver
[    1.641331] ehci-exynos: EHCI EXYNOS driver
[    1.645697] ehci-atmel: EHCI Atmel driver
[    1.649848] tegra-ehci: Tegra EHCI driver
[    1.656706] tegra-ehci 7d004000.usb: EHCI Host Controller
[    1.662136] tegra-ehci 7d004000.usb: new USB bus registered, assigned bus number 1
[    1.669876] tegra-ehci 7d004000.usb: irq 354, io mem 0x7d004000
[    1.690621] tegra-ehci 7d004000.usb: USB 2.0 started, EHCI 1.10
[    1.697399] hub 1-0:1.0: USB hub found
[    1.701205] hub 1-0:1.0: 1 port detected
[    1.705767] ohci_hcd: USB 1.1 'Open' Host Controller (OHCI) Driver
[    1.711973] ohci-pci: OHCI PCI platform driver
[    1.716474] ohci-platform: OHCI generic platform driver
[    1.721899] ohci-omap3: OHCI OMAP3 driver
[    1.726069] SPEAr-ohci: OHCI SPEAr driver
[    1.730224] ohci-st: OHCI STMicroelectronics driver
[    1.735271] ohci-atmel: OHCI Atmel driver
[    1.740103] usbcore: registered new interface driver usb-storage
[    1.747825] mousedev: PS/2 mouse device common for all mice
[    1.756649] as3722-rtc as3722-rtc: rtc core: registered as3722-rtc as rtc0
[    1.763538] as3722-rtc as3722-rtc: RTC interrupt 377
[    1.771944] tegra_rtc 7000e000.rtc: rtc core: registered 7000e000.rtc as rtc1
[    1.779129] tegra_rtc 7000e000.rtc: Tegra internal Real Time Clock
[    1.785910] i2c /dev entries driver
[    1.796533] 0-004c supply vcc not found, using dummy regulator
[    1.812744] sdhci: Secure Digital Host Controller Interface driver
[    1.818934] sdhci: Copyright(c) Pierre Ossman
[    1.824998] Synopsys Designware Multimedia Card Interface Driver
[    1.832240] sdhci-pltfm: SDHCI platform and OF driver helper
[    1.838706] sdhci-tegra 700b0400.sdhci: Got CD GPIO
[    1.843611] sdhci-tegra 700b0400.sdhci: Got WP GPIO
[    1.848756] mmc0: Unknown controller version (3). You may experience problems.
[    1.856063] mmc0: Invalid maximum block size, assuming 512 bytes
[    1.905623] mmc0: SDHCI controller on 700b0600.sdhci [700b0600.sdhci] using ADMA
[    1.915044] ledtrig-cpu: registered to indicate activity on CPUs
[    1.921408] usbcore: registered new interface driver usbhid
[    1.926992] usbhid: USB HID core driver
[    1.934475] NET: Registered protocol family 10
[    1.939869] sit: IPv6, IPv4 and MPLS over IPv4 tunneling driver
[    1.946482] NET: Registered protocol family 17
[    1.950949] can: controller area network core (rev 20120528 abi 9)
[    1.957203] NET: Registered protocol family 29
[    1.961658] can: raw protocol (rev 20120528)
[    1.965939] can: broadcast manager protocol (rev 20160617 t)
[    1.971615] can: netlink gateway (rev 20130117) max_hops=1
[    1.977482] Key type dns_resolver registered
[    1.982415] ThumbEE CPU extension supported.
[    1.986706] Registering SWP/SWPB emulation handler
[    2.005843] +3.3V_RUN: supplied by +3.3V_SYS
[    2.010936] +3.3V_AVDD_HDMI_AP_GATED: supplied by +3.3V_RUN
[    2.017074] +USB0_VBUS_SW: supplied by +5V_SYS
[    2.022276] +5V_USB_HS: supplied by +5V_SYS
[    2.027750] +3.3V_LP0: supplied by +3.3V_SYS
[    2.034401] +5V_HDMI_CON: supplied by +5V_SYS
[    2.039568] +5V_SATA: supplied by +5V_SYS
[    2.044358] +12V_SATA: supplied by +VDD_MUX
[    2.050388] usb2-0 supply vbus not found, using dummy regulator
[    2.056526] usb2-1 supply vbus not found, using dummy regulator
[    2.062934] usb3-0 supply vbus not found, using dummy regulator
[    2.070217] tegra-pcie 1003000.pcie-controller: 2x1, 1x1 configuration
[    2.076939] tegra-pcie 1003000.pcie-controller: Failed to get supply 'avddio-pex': -517
[    2.088162] tegra124-dfll 70110000.clock: couldn't get vdd_cpu regulator
[    2.100742] mmc0: new high speed MMC card at address 0001
[    2.102960] tegra-hdmi 54280000.hdmi: failed to get PLL regulator
[    2.108074] as3722-sd2: supplied by +5V_SYS
[    2.108476] as3722-sd3: supplied by +5V_SYS
[    2.108826] as3722-sd4: supplied by +5V_SYS
[    2.109128] +1.05V_RUN_AVDD_HDMI_PLL: supplied by +1.05V_RUN
[    2.109217] as3722-sd5: supplied by +5V_SYS
[    2.110774] as3722-ldo0: supplied by +1.35V_LP0(sd2)
[    2.111952] as3722-ldo1: supplied by +3.3V_RUN
[    2.112423] as3722-ldo2: supplied by +1.8V_VDDIO
[    2.113531] as3722-ldo3: supplied by +3.3V_SYS
[    2.114487] as3722-ldo4: supplied by +3.3V_SYS
[    2.114850] as3722-ldo5: supplied by +1.8V_VDDIO
[    2.115190] as3722-ldo6: supplied by +3.3V_RUN
[    2.115558] as3722-ldo7: supplied by +1.8V_VDDIO
[    2.116147] +1.05V_RUN_CAM_REAR: Bringing 0uV into 1050000-1050000uV
[    2.116709] as3722-ldo9: supplied by +5V_SYS
[    2.117154] +3.3V_RUN_TOUCH: Bringing 0uV into 2800000-2800000uV
[    2.117690] as3722-ldo10: supplied by +5V_SYS
[    2.117933] +2.8V_RUN_CAM_AF: Bringing 0uV into 2800000-2800000uV
[    2.118370] as3722-ldo11: supplied by +3.3V_RUN
[    2.118591] +1.8V_RUN_VPP_FUSE: Bringing 0uV into 1800000-1800000uV
[    2.122197] tegra-ahci 70027000.sata: AHCI 0001.0301 32 slots 2 ports 3 Gbps 0x1 impl platform mode
[    2.122209] tegra-ahci 70027000.sata: flags: 64bit ncq sntf pm led pio slum part sadm sds apst 
[    2.124303] scsi host0: tegra-ahci
[    2.125515] scsi host1: tegra-ahci
[    2.126037] ata1: SATA max UDMA/133 mmio [mem 0x70027000-0x70028fff] port 0x100 irq 345
[    2.126042] ata2: DUMMY
[    2.129496] tegra-ehci 7d008000.usb: EHCI Host Controller
[    2.129527] tegra-ehci 7d008000.usb: new USB bus registered, assigned bus number 2
[    2.129829] tegra-ehci 7d008000.usb: irq 355, io mem 0x7d008000
[    2.140627] tegra-ehci 7d008000.usb: USB 2.0 started, EHCI 1.10
[    2.141819] hub 2-0:1.0: USB hub found
[    2.141863] hub 2-0:1.0: 1 port detected
[    2.145093] sdhci-tegra 700b0400.sdhci: Got CD GPIO
[    2.145115] sdhci-tegra 700b0400.sdhci: Got WP GPIO
[    2.145328] mmc1: Unknown controller version (3). You may experience problems.
[    2.145430] mmc1: Invalid maximum block size, assuming 512 bytes
[    2.191266] mmc1: SDHCI controller on 700b0400.sdhci [700b0400.sdhci] using ADMA
[    2.192145] tegra-pcie 1003000.pcie-controller: 2x1, 1x1 configuration
[    2.200074] tegra-pcie 1003000.pcie-controller: probing port 0, using 2 lanes
[    2.202135] tegra-pcie 1003000.pcie-controller: Slot present pin change, signature: 00000008
[    2.233969] tegra-pcie 1003000.pcie-controller: probing port 1, using 1 lanes
[    2.236120] tegra-pcie 1003000.pcie-controller: Slot present pin change, signature: 00000000
[    2.254251] tegra-pcie 1003000.pcie-controller: PCI host bridge to bus 0000:00
[    2.254261] pci_bus 0000:00: root bus resource [io  0x0000-0xffff]
[    2.254269] pci_bus 0000:00: root bus resource [mem 0x13000000-0x1fffffff]
[    2.254276] pci_bus 0000:00: root bus resource [mem 0x20000000-0x3fffffff pref]
[    2.254283] pci_bus 0000:00: root bus resource [bus 00-ff]
[    2.254325] pci 0000:00:01.0: [10de:0e12] type 01 class 0x060400
[    2.254452] pci 0000:00:01.0: PME# supported from D0 D1 D2 D3hot D3cold
[    2.254813] pci 0000:00:02.0: [10de:0e13] type 01 class 0x060400
[    2.254932] pci 0000:00:02.0: PME# supported from D0 D1 D2 D3hot D3cold
[    2.255290] PCI: bus0: Fast back to back transfers disabled
[    2.255300] pci 0000:00:01.0: bridge configuration invalid ([bus 00-00]), reconfiguring
[    2.255318] pci 0000:00:02.0: bridge configuration invalid ([bus 00-00]), reconfiguring
[    2.255561] pci 0000:01:00.0: [8086:4232] type 00 class 0x028000
[    2.255653] pci 0000:01:00.0: reg 0x10: [mem 0x00000000-0x00001fff 64bit]
[    2.255879] pci 0000:01:00.0: PME# supported from D0 D3hot D3cold
[    2.265753] PCI: bus1: Fast back to back transfers disabled
[    2.265767] pci_bus 0000:01: busn_res: [bus 01-ff] end is updated to 01
[    2.266050] pci 0000:02:00.0: [10ec:8168] type 00 class 0x020000
[    2.266085] pci 0000:02:00.0: reg 0x10: [io  0x0000-0x00ff]
[    2.266127] pci 0000:02:00.0: reg 0x18: [mem 0x00000000-0x00000fff 64bit]
[    2.266156] pci 0000:02:00.0: reg 0x20: [mem 0x00000000-0x00003fff 64bit pref]
[    2.266335] pci 0000:02:00.0: supports D1 D2
[    2.266340] pci 0000:02:00.0: PME# supported from D0 D1 D2 D3hot D3cold
[    2.285725] PCI: bus2: Fast back to back transfers disabled
[    2.285740] pci_bus 0000:02: busn_res: [bus 02-ff] end is updated to 02
[    2.285931] pci 0000:00:01.0: BAR 8: assigned [mem 0x13000000-0x130fffff]
[    2.285939] pci 0000:00:02.0: BAR 8: assigned [mem 0x13100000-0x131fffff]
[    2.285948] pci 0000:00:02.0: BAR 9: assigned [mem 0x20000000-0x200fffff 64bit pref]
[    2.285956] pci 0000:00:02.0: BAR 7: assigned [io  0x1000-0x1fff]
[    2.285967] pci 0000:01:00.0: BAR 0: assigned [mem 0x13000000-0x13001fff 64bit]
[    2.286002] pci 0000:00:01.0: PCI bridge to [bus 01]
[    2.286014] pci 0000:00:01.0:   bridge window [mem 0x13000000-0x130fffff]
[    2.286032] pci 0000:02:00.0: BAR 4: assigned [mem 0x20000000-0x20003fff 64bit pref]
[    2.286061] pci 0000:02:00.0: BAR 2: assigned [mem 0x13100000-0x13100fff 64bit]
[    2.286089] pci 0000:02:00.0: BAR 0: assigned [io  0x1000-0x10ff]
[    2.286102] pci 0000:00:02.0: PCI bridge to [bus 02]
[    2.286109] pci 0000:00:02.0:   bridge window [io  0x1000-0x1fff]
[    2.286121] pci 0000:00:02.0:   bridge window [mem 0x13100000-0x131fffff]
[    2.286130] pci 0000:00:02.0:   bridge window [mem 0x20000000-0x200fffff 64bit pref]
[    2.286171] pci 0000:00:01.0: nv_msi_ht_cap_quirk didn't locate host bridge
[    2.286288] pcieport 0000:00:01.0: enabling device (0140 -> 0142)
[    2.286634] pcieport 0000:00:01.0: Signaling PME through PCIe PME interrupt
[    2.286640] pci 0000:01:00.0: Signaling PME through PCIe PME interrupt
[    2.286651] pcie_pme 0000:00:01.0:pcie001: service driver pcie_pme loaded
[    2.286772] pci 0000:00:02.0: nv_msi_ht_cap_quirk didn't locate host bridge
[    2.286856] pcieport 0000:00:02.0: enabling device (0140 -> 0143)
[    2.287155] pcieport 0000:00:02.0: Signaling PME through PCIe PME interrupt
[    2.287161] pci 0000:02:00.0: Signaling PME through PCIe PME interrupt
[    2.287171] pcie_pme 0000:00:02.0:pcie001: service driver pcie_pme loaded
[    2.287523] r8169 Gigabit Ethernet driver 2.3LK-NAPI loaded
[    2.287548] r8169 0000:02:00.0: enabling device (0140 -> 0143)
[    2.312555] r8169 0000:02:00.0 eth0: RTL8168g/8111g at 0xf0b41000, 00:04:4b:3a:d9:81, XID 0c000800 IRQ 395
[    2.312563] r8169 0000:02:00.0 eth0: jumbo features [frames: 9200 bytes, tx checksumming: ko]
[    2.320495] [drm] Supports vblank timestamp caching Rev 2 (21.10.2013).
[    2.320499] [drm] No driver support for vblank timestamp query.
[    2.320531] drm drm: No connectors reported connected with modes
[    2.320540] [drm] Cannot find any crtc or sizes - going 1024x768
[    2.445056] mmc1: new high speed SDHC card at address aaaa
[    2.446149] mmcblk1: mmc1:aaaa SD04G 3.69 GiB 
[    2.448311] ata1: SATA link down (SStatus 0 SControl 300)
[    2.457581]  mmcblk1: p1 p2 p3
[    2.745881] Console: switching to colour frame buffer device 128x48
[    2.759510] drm drm: fb0:  frame buffer device
[    2.764182] [drm] Initialized tegra 0.0.0 20120330 on minor 0
[    2.764238] mmcblk0: mmc0:0001 SEM16G 14.7 GiB 
[    2.776103] of: dev_pm_opp_of_cpumask_add_table: couldn't find opp table for cpu:0, -19
[    2.784152] cpufreq: cpufreq_online: CPU0: Running at unlisted freq: 696000 KHz
[    2.791476] cpufreq: cpufreq_online: CPU0: Unlisted initial frequency changed to: 714000 KHz
[    2.800611] mmcblk0boot0: mmc0:0001 SEM16G partition 1 4.00 MiB
[    2.800805] input: gpio-keys as /devices/soc0/gpio-keys/input/input0
[    2.806533] as3722-rtc as3722-rtc: setting system clock to 2000-01-01 00:00:46 UTC (946684846)
[    2.807037] +USB0_VBUS_SW: disabling
[    2.807053] +1.8V_RUN_CAM: disabling
[    2.807179] +2.8V_RUN_CAM: disabling
[    2.807286] +1.2V_RUN_CAM_FRONT: disabling
[    2.807394] +1.05V_RUN_CAM_REAR: disabling
[    2.807503] +3.3V_RUN_TOUCH: disabling
[    2.807609] +2.8V_RUN_CAM_AF: disabling
[    2.807716] +1.8V_RUN_VPP_FUSE: disabling
[    2.852533] mmcblk0boot1: mmc0:0001 SEM16G partition 2 4.00 MiB
[    2.858770] mmcblk0rpmb: mmc0:0001 SEM16G partition 3 4.00 MiB
[    2.866286]  mmcblk0: p1
[    2.870503] EXT4-fs (mmcblk0p1): mounting ext3 file system using the ext4 subsystem
[    2.892069] EXT4-fs (mmcblk0p1): recovery complete
[    2.896879] EXT4-fs (mmcblk0p1): mounted filesystem with ordered data mode. Opts: (null)
[    2.904979] VFS: Mounted root (ext3 filesystem) on device 179:17.
[    2.913324] devtmpfs: mounted
[    2.916919] Freeing unused kernel memory: 2048K
bash: cannot set terminal process group (-1): Inappropriate ioctl for device
bash: no job control in this shell
root@(none):/# mount -t sysfs none /sys
root@(none):/# 
root@(none):/# mount -t debugfs none /sys/kernel/debug
root@(none):/# 
root@(none):/# rtcwake -d rtc1 -m mem -s 3
rtcwake: assuming RTC uses UTC ...
rtcwake: wakeup from "mem" using /dev/rtc1 at Thu Jan  1 00:00:20 1970
[    6.428890] PM: Syncing filesystems ... done.
[    6.453059] Freezing user space processes ... (elapsed 0.001 seconds) done.
[    6.461672] Freezing remaining freezable tasks ... (elapsed 0.001 seconds) done.
[    6.470890] Suspending console(s) (use no_console_suspend to debug)
[    6.549071] PM: suspend of devices complete after 69.237 msecs
[    6.558883] PM: late suspend of devices complete after 9.775 msecs
[    6.580982] PM: noirq suspend of devices complete after 22.073 msecs
[    6.580994] Disabling non-boot CPUs ...
[    6.583260] CPU1: shutdown
[    6.674726] CPU2: shutdown
[    6.704385] CPU3: shutdown
[    6.720234] Entering suspend state LP1
[    6.720234] Suspended for 3.156 seconds
[    6.720245] Enabling non-boot CPUs ...
[    6.726359] CPU1 is up
[    6.741422] CPU2 is up
[    6.761561] CPU3 is up
[    6.762286] pcieport 0000:00:01.0: nv_msi_ht_cap_quirk didn't locate host bridge
[    6.762354] pcieport 0000:00:02.0: nv_msi_ht_cap_quirk didn't locate host bridge
[    6.780678] PM: noirq resume of devices complete after 19.112 msecs
[    6.782080] PM: early resume of devices complete after 1.089 msecs
[    6.811032] PM: resume of devices complete after 28.941 msecs
[    6.893612] Restarting tasks ... done.
root@(none):/# 
root@(none):/# [    7.103142] ata1: SATA link down (SStatus 0 SControl 300)
rtcwake -d rtc1 -m mem -s 3
rtcwake: assuming RTC uses UTC ...
rtcwake: wakeup from "mem" using /dev/rtc1 at Thu Jan  1 00:00:24 1970
[    7.273664] PM: Syncing filesystems ... done.
[    7.283670] Freezing user space processes ... (elapsed 0.001 seconds) done.
[    7.291942] Freezing remaining freezable tasks ... (elapsed 0.001 seconds) done.
[    7.300611] Suspending console(s) (use no_console_suspend to debug)
[    7.372291] PM: suspend of devices complete after 64.516 msecs
[    7.375101] PM: late suspend of devices complete after 2.797 msecs
[    7.397040] PM: noirq suspend of devices complete after 21.929 msecs
[    7.397044] Disabling non-boot CPUs ...
[    7.397822] CPU1: shutdown
[    7.433014] CPU2: shutdown
[    7.452564] IRQ17 no longer affine to CPU3
[    7.452877] CPU3: shutdown
[    7.466802] Entering suspend state LP1
[    7.466802] Suspended for 3.253 seconds
[    7.466813] Enabling non-boot CPUs ...
[    7.476332] CPU1 is up
[    7.491392] CPU2 is up
[    7.511536] CPU3 is up
[    7.512240] pcieport 0000:00:01.0: nv_msi_ht_cap_quirk didn't locate host bridge
[    7.512309] pcieport 0000:00:02.0: nv_msi_ht_cap_quirk didn't locate host bridge
[    7.530643] PM: noirq resume of devices complete after 19.101 msecs
[    7.532059] PM: early resume of devices complete after 1.082 msecs
[    7.560606] PM: resume of devices complete after 28.536 msecs
[    7.647372] Restarting tasks ... done.
root@(none):/# 
root@(none):/# [    7.848104] ata1: SATA link down (SStatus 0 SControl 300)
rtcwake -d rtc1 -m mem -s 3
rtcwake: assuming RTC uses UTC ...
rtcwake: wakeup from "mem" using /dev/rtc1 at Thu Jan  1 00:00:28 1970
[    8.018380] PM: Syncing filesystems ... done.
[    8.027669] Freezing user space processes ... (elapsed 0.001 seconds) done.
[    8.035890] Freezing remaining freezable tasks ... (elapsed 0.001 seconds) done.
[    8.044469] Suspending console(s) (use no_console_suspend to debug)
[    8.117432] PM: suspend of devices complete after 65.882 msecs
[    8.119973] PM: late suspend of devices complete after 2.528 msecs
[    8.141892] PM: noirq suspend of devices complete after 21.911 msecs
[    8.141896] Disabling non-boot CPUs ...
[    8.142610] CPU1: shutdown
[    8.222387] IRQ17 no longer affine to CPU2
[    8.222696] CPU2: shutdown
[    8.242571] CPU3: shutdown
[    8.256644] Entering suspend state LP1
[    8.256644] Suspended for 3.210 seconds
[    8.256655] Enabling non-boot CPUs ...
[    8.266299] CPU1 is up
[    8.281368] CPU2 is up
[    8.351499] CPU3 is up
[    8.352226] pcieport 0000:00:02.0: nv_msi_ht_cap_quirk didn't locate host bridge
[    8.352228] pcieport 0000:00:01.0: nv_msi_ht_cap_quirk didn't locate host bridge
[    8.370620] PM: noirq resume of devices complete after 19.115 msecs
[    8.372404] PM: early resume of devices complete after 1.446 msecs
[    8.401151] PM: resume of devices complete after 28.737 msecs
[    8.488011] Restarting tasks ... done.
root@(none):/# 
root@(none):/# [    8.693073] ata1: SATA link down (SStatus 0 SControl 300)
rtcwake -d rtc1 -m mem -s 3
rtcwake: assuming RTC uses UTC ...
rtcwake: wakeup from "mem" using /dev/rtc1 at Thu Jan  1 00:00:32 1970
[    8.807568] PM: Syncing filesystems ... done.
[    8.816523] Freezing user space processes ... (elapsed 0.001 seconds) done.
[    8.824712] Freezing remaining freezable tasks ... (elapsed 0.001 seconds) done.
[    8.833370] Suspending console(s) (use no_console_suspend to debug)
[    8.907305] PM: suspend of devices complete after 66.946 msecs
[    8.909375] PM: late suspend of devices complete after 2.059 msecs
[    8.926667] PM: noirq suspend of devices complete after 17.284 msecs
[    8.926670] Disabling non-boot CPUs ...
[    8.927271] CPU1: shutdown
[    9.017591] CPU2: shutdown
[    9.037229] CPU3: shutdown
[    9.051487] Entering suspend state LP1
[    9.051487] Suspended for 3.205 seconds
[    9.051498] Enabling non-boot CPUs ...
[    9.061281] CPU1 is up
[    9.076340] CPU2 is up
[    9.146474] CPU3 is up
[    9.147205] pcieport 0000:00:02.0: nv_msi_ht_cap_quirk didn't locate host bridge
[    9.147207] pcieport 0000:00:01.0: nv_msi_ht_cap_quirk didn't locate host bridge
[    9.165591] PM: noirq resume of devices complete after 19.111 msecs
[    9.167432] PM: early resume of devices complete after 1.511 msecs
[    9.196741] PM: resume of devices complete after 29.299 msecs
[    9.279389] Restarting tasks ... done.
root@(none):/# 
root@(none):/# [    9.488045] ata1: SATA link down (SStatus 0 SControl 300)
rtcwake -d rtc1 -m mem -s 3
rtcwake: assuming RTC uses UTC ...
rtcwake: wakeup from "mem" using /dev/rtc1 at Thu Jan  1 00:00:36 1970
[    9.608431] PM: Syncing filesystems ... done.
[    9.617734] Freezing user space processes ... (elapsed 0.001 seconds) done.
[    9.625969] Freezing remaining freezable tasks ... (elapsed 0.001 seconds) done.
[    9.634634] Suspending console(s) (use no_console_suspend to debug)
[    9.707589] PM: suspend of devices complete after 65.876 msecs
[    9.709937] PM: late suspend of devices complete after 2.337 msecs
[    9.726829] PM: noirq suspend of devices complete after 16.884 msecs
[    9.726832] Disabling non-boot CPUs ...
[    9.727493] CPU1: shutdown
[    9.822505] IRQ17 no longer affine to CPU2
[    9.822810] CPU2: shutdown
[    9.842486] CPU3: shutdown
[    9.856563] Entering suspend state LP1
[    9.856563] Suspended for 3.194 seconds
[    9.856575] Enabling non-boot CPUs ...
[    9.866251] CPU1 is up
[    9.881312] CPU2 is up
[    9.901438] CPU3 is up
[    9.902110] pcieport 0000:00:02.0: nv_msi_ht_cap_quirk didn't locate host bridge
[    9.902213] pcieport 0000:00:01.0: nv_msi_ht_cap_quirk didn't locate host bridge
[    9.920560] PM: noirq resume of devices complete after 19.116 msecs
[    9.922060] PM: early resume of devices complete after 1.165 msecs
[    9.951552] PM: resume of devices complete after 29.482 msecs
[   10.038135] Restarting tasks ... done.
root@(none):/# 
root@(none):/# [   10.243030] ata1: SATA link down (SStatus 0 SControl 300)
rtcwake -d rtc1 -m mem -s 3
rtcwake: assuming RTC uses UTC ...
rtcwake: wakeup from "mem" using /dev/rtc1 at Thu Jan  1 00:00:40 1970
[   10.407905] PM: Syncing filesystems ... done.
[   10.417337] Freezing user space processes ... (elapsed 0.001 seconds) done.
[   10.425589] Freezing remaining freezable tasks ... (elapsed 0.001 seconds) done.
[   10.434227] Suspending console(s) (use no_console_suspend to debug)
[   10.507131] PM: suspend of devices complete after 65.802 msecs
[   10.509242] PM: late suspend of devices complete after 2.099 msecs
[   10.526830] PM: noirq suspend of devices complete after 17.580 msecs
[   10.526834] Disabling non-boot CPUs ...
[   10.527532] CPU1: shutdown
[   10.612586] CPU2: shutdown
[   10.632493] CPU3: shutdown
[   10.646543] Entering suspend state LP1
[   10.646543] Suspended for 3.209 seconds
[   10.646554] Enabling non-boot CPUs ...
[   10.656208] CPU1 is up
[   10.671276] CPU2 is up
[   10.741418] CPU3 is up
[   10.742099] pcieport 0000:00:01.0: nv_msi_ht_cap_quirk didn't locate host bridge
[   10.742171] pcieport 0000:00:02.0: nv_msi_ht_cap_quirk didn't locate host bridge
[   10.760529] PM: noirq resume of devices complete after 19.105 msecs
[   10.762296] PM: early resume of devices complete after 1.438 msecs
[   10.790979] PM: resume of devices complete after 28.673 msecs
[   10.873693] Restarting tasks ... done.
root@(none):/# 
root@(none):/# [   11.082990] ata1: SATA link down (SStatus 0 SControl 300)
rtcwake -d rtc1 -m mem -s 3
rtcwake: assuming RTC uses UTC ...
rtcwake: wakeup from "mem" using /dev/rtc1 at Thu Jan  1 00:00:44 1970
[   11.198444] PM: Syncing filesystems ... done.
[   11.207749] Freezing user space processes ... (elapsed 0.001 seconds) done.
[   11.215994] Freezing remaining freezable tasks ... (elapsed 0.001 seconds) done.
[   11.224652] Suspending console(s) (use no_console_suspend to debug)
[   11.297517] PM: suspend of devices complete after 65.796 msecs
[   11.300076] PM: late suspend of devices complete after 2.547 msecs
[   11.321769] PM: noirq suspend of devices complete after 21.684 msecs
[   11.321772] Disabling non-boot CPUs ...
[   11.322449] CPU1: shutdown
[   11.402408] IRQ17 no longer affine to CPU2
[   11.402712] CPU2: shutdown
[   11.422363] CPU3: shutdown
[   11.436493] Entering suspend state LP1
[   11.436493] Suspended for 3.210 seconds
[   11.436505] Enabling non-boot CPUs ...
[   11.446160] CPU1 is up
[   11.461216] CPU2 is up
[   11.481351] CPU3 is up
[   11.482025] pcieport 0000:00:02.0: nv_msi_ht_cap_quirk didn't locate host bridge
[   11.482121] pcieport 0000:00:01.0: nv_msi_ht_cap_quirk didn't locate host bridge
[   11.500493] PM: noirq resume of devices complete after 19.137 msecs
[   11.502291] PM: early resume of devices complete after 1.466 msecs
[   11.530869] PM: resume of devices complete after 28.568 msecs
[   11.617595] Restarting tasks ... done.
root@(none):/# 
root@(none):/# [   11.822944] ata1: SATA link down (SStatus 0 SControl 300)
rtcwake -d rtc1 -m mem -s 3
rtcwake: assuming RTC uses UTC ...
rtcwake: wakeup from "mem" using /dev/rtc1 at Thu Jan  1 00:00:48 1970
[   11.992982] PM: Syncing filesystems ... done.
[   12.002129] Freezing user space processes ... (elapsed 0.001 seconds) done.
[   12.010313] Freezing remaining freezable tasks ... (elapsed 0.001 seconds) done.
[   12.018980] Suspending console(s) (use no_console_suspend to debug)
[   12.092468] PM: suspend of devices complete after 66.411 msecs
[   12.094582] PM: late suspend of devices complete after 2.104 msecs
[   12.111795] PM: noirq suspend of devices complete after 17.205 msecs
[   12.111799] Disabling non-boot CPUs ...
[   12.112468] CPU1: shutdown
[   12.187684] CPU2: shutdown
[   12.257313] CPU3: shutdown
[   12.271475] Entering suspend state LP1
[   12.271475] Suspended for 3.164 seconds
[   12.271486] Enabling non-boot CPUs ...
[   12.281156] CPU1 is up
[   12.296208] CPU2 is up
[   12.366347] CPU3 is up
[   12.367087] pcieport 0000:00:02.0: nv_msi_ht_cap_quirk didn't locate host bridge
[   12.367090] pcieport 0000:00:01.0: nv_msi_ht_cap_quirk didn't locate host bridge
[   12.385470] PM: noirq resume of devices complete after 19.117 msecs
[   12.386960] PM: early resume of devices complete after 1.171 msecs
[   12.415914] PM: resume of devices complete after 28.943 msecs
[   12.498488] Restarting tasks ... done.
root@(none):/# 
root@(none):/# [   12.707425] ata1: SATA link down (SStatus 0 SControl 300)
rtcwake -d rtc1 -m mem -s 3
rtcwake: assuming RTC uses UTC ...
rtcwake: wakeup from "mem" using /dev/rtc1 at Thu Jan  1 00:00:52 1970
[   12.827412] PM: Syncing filesystems ... done.
[   12.836348] Freezing user space processes ... (elapsed 0.001 seconds) done.
[   12.844546] Freezing remaining freezable tasks ... (elapsed 0.001 seconds) done.
[   12.853174] Suspending console(s) (use no_console_suspend to debug)
[   12.927169] PM: suspend of devices complete after 66.994 msecs
[   12.929820] PM: late suspend of devices complete after 2.640 msecs
[   12.946504] PM: noirq suspend of devices complete after 16.676 msecs
[   12.946507] Disabling non-boot CPUs ...
[   12.947158] CPU1: shutdown
[   12.977352] CPU2: shutdown
[   12.997213] CPU3: shutdown
[   13.011330] Entering suspend state LP1
[   13.011330] Suspended for 3.260 seconds
[   13.011341] Enabling non-boot CPUs ...
[   13.021122] CPU1 is up
[   13.036184] CPU2 is up
[   13.106318] CPU3 is up
[   13.107005] pcieport 0000:00:02.0: nv_msi_ht_cap_quirk didn't locate host bridge
[   13.107113] pcieport 0000:00:01.0: nv_msi_ht_cap_quirk didn't locate host bridge
[   13.125436] PM: noirq resume of devices complete after 19.112 msecs
[   13.126897] PM: early resume of devices complete after 1.131 msecs
[   13.155520] PM: resume of devices complete after 28.612 msecs
[   13.238166] Restarting tasks ... done.
root@(none):/# 
root@(none):/# [   13.447907] ata1: SATA link down (SStatus 0 SControl 300)
rtcwake -d rtc1 -m mem -s 3
rtcwake: assuming RTC uses UTC ...
rtcwake: wakeup from "mem" using /dev/rtc1 at Thu Jan  1 00:00:56 1970
[   13.567739] PM: Syncing filesystems ... done.
[   13.577138] Freezing user space processes ... (elapsed 0.001 seconds) done.
[   13.585377] Freezing remaining freezable tasks ... (elapsed 0.001 seconds) done.
[   13.593946] Suspending console(s) (use no_console_suspend to debug)
[   13.667412] PM: suspend of devices complete after 66.387 msecs
[   13.669492] PM: late suspend of devices complete after 2.068 msecs
[   13.686734] PM: noirq suspend of devices complete after 17.234 msecs
[   13.686738] Disabling non-boot CPUs ...
[   13.687449] CPU1: shutdown
[   13.762438] CPU2: shutdown
[   13.782373] CPU3: shutdown
[   13.796415] Entering suspend state LP1
[   13.796415] Suspended for 3.214 seconds
[   13.796426] Enabling non-boot CPUs ...
[   13.806096] CPU1 is up
[   13.821159] CPU2 is up
[   13.891298] CPU3 is up
[   13.892033] pcieport 0000:00:01.0: nv_msi_ht_cap_quirk didn't locate host bridge
[   13.892035] pcieport 0000:00:02.0: nv_msi_ht_cap_quirk didn't locate host bridge
[   13.910408] PM: noirq resume of devices complete after 19.104 msecs
[   13.912306] PM: early resume of devices complete after 1.578 msecs
[   13.941065] PM: resume of devices complete after 28.750 msecs
[   14.023573] Restarting tasks ... done.
root@(none):/# 
NVTB SYSTEM SUSPEND TEST COMPLETE
root@(none):/# [   14.232812] ata1: SATA link down (SStatus 0 SControl 300)
