
U-Boot SPL 2016.05-rc2 (Apr 21 2016 - 16:23:00)
Trying to boot from RAM


U-Boot 2016.05-rc2 (Apr 21 2016 - 16:23:00 -0700)

TEGRA124
Model: NVIDIA Jetson TK1
Board: NVIDIA Jetson TK1
DRAM:  2 GiB
MC:   Tegra SD/MMC: 0, Tegra SD/MMC: 1
In:    serial
Out:   serial
Err:   serial
Net:   No ethernet found.
Hit any key to stop autoboot:  2  0 
Tegra124 (Jetson TK1) # 
Tegra124 (Jetson TK1) # pci enum
Tegra124 (Jetson TK1) # setenv bootargs 'ignore_loglevel console=ttyS0,115200n8 rw root=PARTUUID=b1791faa-84e8-4e27-83a1-9fb0a77e8803 rootwait gpt debug noinitrd earlyprintk init=/bin/bash'
Tegra124 (Jetson TK1) # setenv ipaddr 192.168.100.102; setenv serverip 192.168.100.1; setenv tftpserverip 192.168.100.1
Tegra124 (Jetson TK1) # tftpboot 0x82000000 zImage.multi_v7_defconfig

Warning: eth_rtl8169 using MAC address from ROM
Using eth_rtl8169 device
TFTP from server 192.168.100.1; our IP address is 192.168.100.102
Filename 'zImage.multi_v7_defconfig'.
Load address: 0x82000000
Loading: *#################################################################
	 #################################################################
	 #################################################################
	 #################################################################
	 #################################################################
	 #################################################################
	 #################################################################
	 ######################################################
	 3.4 MiB/s
done
Bytes transferred = 7458336 (71ce20 hex)
Tegra124 (Jetson TK1) # tftpboot 0x83000000 tegra124-jetson-tk1.dtb
Using eth_rtl8169 device
TFTP from server 192.168.100.1; our IP address is 192.168.100.102
Filename 'tegra124-jetson-tk1.dtb'.
Load address: 0x83000000
Loading: *#####
	 3.4 MiB/s
done
Bytes transferred = 67133 (1063d hex)
Tegra124 (Jetson TK1) # bootz 0x82000000 - 0x83000000
Kernel image @ 0x82000000 [ 0x000000 - 0x71ce20 ]
## Flattened Device Tree blob at 83000000
   Booting using the fdt blob at 0x83000000
   Using Device Tree in place at 83000000, end 8301363c

Starting kernel ...

[    0.000000] Booting Linux on physical CPU 0x0
[    0.000000] Linux version 4.10.0-rc5-next-20170123-147570-gf9dd6f6 (pwalmsley@sellafield) (gcc version 4.7.3 20130328 (prerelease) (crosstool-NG linaro-1.13.1-4.7-2013.04-20130415 - Linaro GCC 2013.04) ) #1 SMP Tue Jan 24 03:19:06 PST 2017
[    0.000000] CPU: ARMv7 Processor [413fc0f3] revision 3 (ARMv7), cr=10c5387d
[    0.000000] CPU: div instructions available: patching division code
[    0.000000] CPU: PIPT / VIPT nonaliasing data cache, PIPT instruction cache
[    0.000000] OF: fdt:Machine model: NVIDIA Tegra124 Jetson TK1
[    0.000000] debug: ignoring loglevel setting.
[    0.000000] efi: Getting EFI parameters from FDT:
[    0.000000] efi: UEFI not found.
[    0.000000] cma: Reserved 64 MiB at 0xfb800000
[    0.000000] Memory policy: Data cache writealloc
[    0.000000] On node 0 totalpages: 524032
[    0.000000] free_area_init_node: node 0, pgdat c14326c0, node_mem_map eeff8000
[    0.000000]   DMA zone: 1536 pages used for memmap
[    0.000000]   DMA zone: 0 pages reserved
[    0.000000]   DMA zone: 196608 pages, LIFO batch:31
[    0.000000]   HighMem zone: 327424 pages, LIFO batch:31
[    0.000000] percpu: Embedded 16 pages/cpu @eef86000 s34304 r8192 d23040 u65536
[    0.000000] pcpu-alloc: s34304 r8192 d23040 u65536 alloc=16*4096
[    0.000000] pcpu-alloc: [0] 0 [0] 1 [0] 2 [0] 3 
[    0.000000] Built 1 zonelists in Zone order, mobility grouping on.  Total pages: 522496
[    0.000000] Kernel command line: ignore_loglevel console=ttyS0,115200n8 rw root=PARTUUID=b1791faa-84e8-4e27-83a1-9fb0a77e8803 rootwait gpt debug noinitrd earlyprintk init=/bin/bash
[    0.000000] PID hash table entries: 4096 (order: 2, 16384 bytes)
[    0.000000] Dentry cache hash table entries: 131072 (order: 7, 524288 bytes)
[    0.000000] Inode-cache hash table entries: 65536 (order: 6, 262144 bytes)
[    0.000000] Memory: 1994700K/2096128K available (9216K kernel code, 1232K rwdata, 4176K rodata, 2048K init, 534K bss, 35892K reserved, 65536K cma-reserved, 1244160K highmem)
[    0.000000] Virtual kernel memory layout:
[    0.000000]     vector  : 0xffff0000 - 0xffff1000   (   4 kB)
[    0.000000]     fixmap  : 0xffc00000 - 0xfff00000   (3072 kB)
[    0.000000]     vmalloc : 0xf0800000 - 0xff800000   ( 240 MB)
[    0.000000]     lowmem  : 0xc0000000 - 0xf0000000   ( 768 MB)
[    0.000000]     pkmap   : 0xbfe00000 - 0xc0000000   (   2 MB)
[    0.000000]     modules : 0xbf000000 - 0xbfe00000   (  14 MB)
[    0.000000]       .text : 0xc0208000 - 0xc0c00000   (10208 kB)
[    0.000000]       .init : 0xc1100000 - 0xc1300000   (2048 kB)
[    0.000000]       .data : 0xc1300000 - 0xc14341c0   (1233 kB)
[    0.000000]        .bss : 0xc1436000 - 0xc14bba28   ( 535 kB)
[    0.000000] SLUB: HWalign=64, Order=0-3, MinObjects=0, CPUs=4, Nodes=1
[    0.000000] Hierarchical RCU implementation.
[    0.000000] 	RCU debugfs-based tracing is enabled.
[    0.000000] 	Build-time adjustment of leaf fanout to 32.
[    0.000000] 	RCU restricting CPUs from NR_CPUS=16 to nr_cpu_ids=4.
[    0.000000] RCU: Adjusting geometry for rcu_fanout_leaf=32, nr_cpu_ids=4
[    0.000000] NR_IRQS:16 nr_irqs:16 16
[    0.000000] /interrupt-controller@60004000: 160 interrupts forwarded to /interrupt-controller@50041000
[    0.000000] Tegra clk 127: register failed with -17
[    0.000008] sched_clock: 32 bits at 1000kHz, resolution 1000ns, wraps every 2147483647500ns
[    0.000031] clocksource: timer_us: mask: 0xffffffff max_cycles: 0xffffffff, max_idle_ns: 1911260446275 ns
[    0.000047] Switching to timer-based delay loop, resolution 1000ns
[    0.005610] arm_arch_timer: Architected cp15 timer(s) running at 12.00MHz (virt).
[    0.005630] clocksource: arch_sys_counter: mask: 0xffffffffffffff max_cycles: 0x2c47f4ee7, max_idle_ns: 440795202497 ns
[    0.005649] sched_clock: 56 bits at 12MHz, resolution 83ns, wraps every 4398046511096ns
[    0.005664] Switching to timer-based delay loop, resolution 83ns
[    0.006122] Console: colour dummy device 80x30
[    0.006155] Calibrating delay loop (skipped), value calculated using timer frequency.. 24.00 BogoMIPS (lpj=120000)
[    0.006173] pid_max: default: 32768 minimum: 301
[    0.006274] Mount-cache hash table entries: 2048 (order: 1, 8192 bytes)
[    0.006286] Mountpoint-cache hash table entries: 2048 (order: 1, 8192 bytes)
[    0.006761] CPU: Testing write buffer coherency: ok
[    0.007011] /cpus/cpu@0 missing clock-frequency property
[    0.007054] /cpus/cpu@1 missing clock-frequency property
[    0.007097] /cpus/cpu@2 missing clock-frequency property
[    0.007141] /cpus/cpu@3 missing clock-frequency property
[    0.007155] CPU0: thread -1, cpu 0, socket 0, mpidr 80000000
[    0.007357] Setting up static identity map for 0x80300000 - 0x80300098
[    0.011285] Tegra Revision: A01 SKU: 129 CPU Process: 1 SoC Process: 1
[    0.011965] EFI services will not be available.
[    0.012203] smp: Bringing up secondary CPUs ...
[    0.012703] CPU1: thread -1, cpu 1, socket 0, mpidr 80000001
[    0.015735] CPU2: thread -1, cpu 2, socket 0, mpidr 80000002
[    0.025737] CPU3: thread -1, cpu 3, socket 0, mpidr 80000003
[    0.035274] smp: Brought up 1 node, 4 CPUs
[    0.035295] SMP: Total of 4 processors activated (96.00 BogoMIPS).
[    0.035304] CPU: All CPU(s) started in SVC mode.
[    0.036770] devtmpfs: initialized
[    0.053085] VFP support v0.3: implementor 41 architecture 4 part 30 variant f rev 0
[    0.053482] clocksource: jiffies: mask: 0xffffffff max_cycles: 0xffffffff, max_idle_ns: 19112604462750000 ns
[    0.054832] pinctrl core: initialized pinctrl subsystem
[    0.056551] NET: Registered protocol family 16
[    0.058478] DMA: preallocated 256 KiB pool for atomic coherent allocations
[    0.061060] cpuidle: using governor menu
[    0.087870] No ATAGs?
[    0.087997] hw-breakpoint: found 5 (+1 reserved) breakpoint and 4 watchpoint registers.
[    0.088013] hw-breakpoint: maximum watchpoint size is 8 bytes.
[    0.094711] Serial: AMBA PL011 UART driver
[    0.110740] +5V_SYS: supplied by +VDD_MUX
[    0.111011] +3.3V_SYS: supplied by +VDD_MUX
[    0.111593] +USB0_VBUS_SW: Failed to request enable GPIO108: -517
[    0.111610] reg-fixed-voltage regulators:regulator@7: Failed to register regulator: -517
[    0.111704] +5V_USB_HS: Failed to request enable GPIO109: -517
[    0.111719] reg-fixed-voltage regulators:regulator@8: Failed to register regulator: -517
[    0.111886] +1.05V_RUN_AVDD_HDMI_PLL: Failed to request enable GPIO63: -517
[    0.111900] reg-fixed-voltage regulators:regulator@11: Failed to register regulator: -517
[    0.111990] +5V_HDMI_CON: Failed to request enable GPIO86: -517
[    0.112004] reg-fixed-voltage regulators:regulator@12: Failed to register regulator: -517
[    0.112094] +5V_SATA: Failed to request enable GPIO242: -517
[    0.112108] reg-fixed-voltage regulators:regulator@13: Failed to register regulator: -517
[    0.112197] +12V_SATA: Failed to request enable GPIO242: -517
[    0.112211] reg-fixed-voltage regulators:regulator@14: Failed to register regulator: -517
[    0.115463] vgaarb: loaded
[    0.116269] SCSI subsystem initialized
[    0.116428] libata version 3.00 loaded.
[    0.116668] usbcore: registered new interface driver usbfs
[    0.116726] usbcore: registered new interface driver hub
[    0.116789] usbcore: registered new device driver usb
[    0.120248] pps_core: LinuxPPS API ver. 1 registered
[    0.120259] pps_core: Software ver. 5.3.6 - Copyright 2005-2007 Rodolfo Giometti <giometti@linux.it>
[    0.120286] PTP clock support registered
[    0.120482] EDAC MC: Ver: 3.0.0
[    0.123399] clocksource: Switched to clocksource arch_sys_counter
[    0.132828] NET: Registered protocol family 2
[    0.133312] TCP established hash table entries: 8192 (order: 3, 32768 bytes)
[    0.133431] TCP bind hash table entries: 8192 (order: 4, 65536 bytes)
[    0.133619] TCP: Hash tables configured (established 8192 bind 8192)
[    0.133699] UDP hash table entries: 512 (order: 2, 16384 bytes)
[    0.133743] UDP-Lite hash table entries: 512 (order: 2, 16384 bytes)
[    0.133885] NET: Registered protocol family 1
[    0.134163] RPC: Registered named UNIX socket transport module.
[    0.134175] RPC: Registered udp transport module.
[    0.134183] RPC: Registered tcp transport module.
[    0.134192] RPC: Registered tcp NFSv4.1 backchannel transport module.
[    0.134204] PCI: CLS 0 bytes, default 64
[    0.135413] hw perfevents: enabled with armv7_cortex_a15 PMU driver, 7 counters available
[    0.136734] futex hash table entries: 1024 (order: 4, 65536 bytes)
[    0.137339] workingset: timestamp_bits=30 max_order=19 bucket_order=0
[    0.145351] squashfs: version 4.0 (2009/01/31) Phillip Lougher
[    0.146039] NFS: Registering the id_resolver key type
[    0.146063] Key type id_resolver registered
[    0.146072] Key type id_legacy registered
[    0.146117] ntfs: driver 2.1.32 [Flags: R/O].
[    0.147730] bounce: pool size: 64 pages
[    0.147902] Block layer SCSI generic (bsg) driver version 0.4 loaded (major 248)
[    0.147914] io scheduler noop registered
[    0.147923] io scheduler deadline registered
[    0.148079] io scheduler cfq registered (default)
[    0.148090] io scheduler mq-deadline registered
[    0.153174] usb2-0 supply vbus not found, using dummy regulator
[    0.153291] usb2-1 supply vbus not found, using dummy regulator
[    0.153697] tegra-xusb-padctl 7009f000.padctl: failed to setup XUSB ports: -517
[    0.170163] tegra-pcie 1003000.pcie-controller: 2x1, 1x1 configuration
[    0.170219] tegra-pcie 1003000.pcie-controller: Failed to get supply 'avddio-pex': -517
[    0.176325] tegra124-dfll 70110000.clock: couldn't get vdd_cpu regulator
[    0.183870] tegra-apbdma 60020000.dma: Tegra20 APB DMA driver register 32 channels
[    0.185928] tegra-pmc 7000e400.pmc: emergency thermal reset enabled
[    0.240093] Serial: 8250/16550 driver, 4 ports, IRQ sharing disabled
[    0.242764] console [ttyS0] disabled
[    0.242801] 70006300.serial: ttyS0 at MMIO 0x70006300 (irq = 335, base_baud = 25500000) is a Tegra
[    1.130565] console [ttyS0] enabled
[    1.134931] SuperH (H)SCI(F) driver initialized
[    1.140481] msm_serial: driver initialized
[    1.144787] STMicroelectronics ASC driver initialized
[    1.150706] 70006000.serial: ttyTHS1 at MMIO 0x70006000 (irq = 333, base_baud = 0) is a TEGRA_UART
[    1.159967] 70006040.serial: ttyTHS2 at MMIO 0x70006040 (irq = 334, base_baud = 0) is a TEGRA_UART
[    1.175413] tegra-hdmi 54280000.hdmi: failed to get HDMI regulator
[    1.194044] brd: module loaded
[    1.202293] loop: module loaded
[    1.206647] at24 0-0056: 256 byte 24c02 EEPROM, writable, 8 bytes/write
[    1.214926] as3722 4-0040: AS3722 with revision 0x1 found
[    1.226669] as3722-sd2: supplied by +5V_SYS
[    1.231277] as3722-sd3: supplied by +5V_SYS
[    1.235760] +1.35V_LP0(sd3): Bringing 0uV into 1350000-1350000uV
[    1.242092] as3722-sd4: supplied by +5V_SYS
[    1.246715] as3722-sd5: supplied by +5V_SYS
[    1.252677] as3722-ldo0: supplied by +1.35V_LP0(sd2)
[    1.258739] +1.8V_RUN_CAM: Bringing 0uV into 1800000-1800000uV
[    1.264952] as3722-ldo2: supplied by +1.8V_VDDIO
[    1.270826] as3722-ldo3: supplied by +3.3V_SYS
[    1.275323] +1.05V_LP0_VDD_RTC: Bringing 1100000uV into 1000000-1000000uV
[    1.283071] as3722-ldo4: supplied by +3.3V_SYS
[    1.287746] +2.8V_RUN_CAM: Bringing 0uV into 2800000-2800000uV
[    1.293960] as3722-ldo5: supplied by +1.8V_VDDIO
[    1.298779] +1.2V_RUN_CAM_FRONT: Bringing 0uV into 1200000-1200000uV
[    1.305698] +VDDIO_SDMMC3: bypassed regulator has no supply!
[    1.311349] +VDDIO_SDMMC3: failed to get the current voltage(-517)
[    1.317547] as3722-regulator as3722-regulator: regulator 13 register failed -517
[    1.330219] tegra-ahci 70027000.sata: couldn't get PHY in node sata: -517
[    1.349643] random: fast init done
[    1.353209] m25p80 spi32765.0: w25q32dw (4096 Kbytes)
[    1.361051] libphy: Fixed MDIO Bus: probed
[    1.366241] CAN device driver interface
[    1.371025] bgmac_bcma: Broadcom 47xx GBit MAC driver loaded
[    1.378121] e1000e: Intel(R) PRO/1000 Network Driver - 3.2.6-k
[    1.383963] e1000e: Copyright(c) 1999 - 2015 Intel Corporation.
[    1.389929] igb: Intel(R) Gigabit Ethernet Network Driver - version 5.4.0-k
[    1.396891] igb: Copyright (c) 2007-2014 Intel Corporation.
[    1.406189] pegasus: v0.9.3 (2013/04/25), Pegasus/Pegasus II USB Ethernet driver
[    1.413636] usbcore: registered new interface driver pegasus
[    1.419336] usbcore: registered new interface driver asix
[    1.424780] usbcore: registered new interface driver ax88179_178a
[    1.430898] usbcore: registered new interface driver cdc_ether
[    1.436785] usbcore: registered new interface driver smsc75xx
[    1.442578] usbcore: registered new interface driver smsc95xx
[    1.448367] usbcore: registered new interface driver net1080
[    1.454066] usbcore: registered new interface driver cdc_subset
[    1.460011] usbcore: registered new interface driver zaurus
[    1.465647] usbcore: registered new interface driver cdc_ncm
[    1.471525] tegra-phy 7d004000.usb-phy: no vbus regulator
[    1.478954] ehci_hcd: USB 2.0 'Enhanced' Host Controller (EHCI) Driver
[    1.485493] ehci-pci: EHCI PCI platform driver
[    1.489970] ehci-platform: EHCI generic platform driver
[    1.495417] ehci-orion: EHCI orion driver
[    1.499563] SPEAr-ehci: EHCI SPEAr driver
[    1.503732] ehci-st: EHCI STMicroelectronics driver
[    1.508754] ehci-exynos: EHCI EXYNOS driver
[    1.513094] ehci-atmel: EHCI Atmel driver
[    1.517260] tegra-ehci: Tegra EHCI driver
[    1.524100] tegra-ehci 7d004000.usb: EHCI Host Controller
[    1.529515] tegra-ehci 7d004000.usb: new USB bus registered, assigned bus number 1
[    1.537292] tegra-ehci 7d004000.usb: irq 354, io mem 0x7d004000
[    1.563427] tegra-ehci 7d004000.usb: USB 2.0 started, EHCI 1.10
[    1.570132] hub 1-0:1.0: USB hub found
[    1.573934] hub 1-0:1.0: 1 port detected
[    1.578375] ohci_hcd: USB 1.1 'Open' Host Controller (OHCI) Driver
[    1.584593] ohci-pci: OHCI PCI platform driver
[    1.589071] ohci-platform: OHCI generic platform driver
[    1.594482] ohci-omap3: OHCI OMAP3 driver
[    1.598626] SPEAr-ohci: OHCI SPEAr driver
[    1.602776] ohci-st: OHCI STMicroelectronics driver
[    1.607808] ohci-atmel: OHCI Atmel driver
[    1.612603] usbcore: registered new interface driver usb-storage
[    1.620197] mousedev: PS/2 mouse device common for all mice
[    1.628769] as3722-rtc as3722-rtc: rtc core: registered as3722-rtc as rtc0
[    1.635657] as3722-rtc as3722-rtc: RTC interrupt 377
[    1.643910] tegra_rtc 7000e000.rtc: rtc core: registered 7000e000.rtc as rtc1
[    1.651068] tegra_rtc 7000e000.rtc: Tegra internal Real Time Clock
[    1.657813] i2c /dev entries driver
[    1.668242] 0-004c supply vcc not found, using dummy regulator
[    1.684090] sdhci: Secure Digital Host Controller Interface driver
[    1.690262] sdhci: Copyright(c) Pierre Ossman
[    1.696294] Synopsys Designware Multimedia Card Interface Driver
[    1.703506] sdhci-pltfm: SDHCI platform and OF driver helper
[    1.709920] sdhci-tegra 700b0400.sdhci: Got CD GPIO
[    1.714831] sdhci-tegra 700b0400.sdhci: Got WP GPIO
[    1.719950] mmc0: Unknown controller version (3). You may experience problems.
[    1.727261] mmc0: Invalid maximum block size, assuming 512 bytes
[    1.793422] mmc0: SDHCI controller on 700b0600.sdhci [700b0600.sdhci] using ADMA
[    1.802817] ledtrig-cpu: registered to indicate activity on CPUs
[    1.809229] usbcore: registered new interface driver usbhid
[    1.814813] usbhid: USB HID core driver
[    1.822567] NET: Registered protocol family 10
[    1.827878] Segment Routing with IPv6
[    1.831587] sit: IPv6, IPv4 and MPLS over IPv4 tunneling driver
[    1.838066] NET: Registered protocol family 17
[    1.842510] can: controller area network core (rev 20120528 abi 9)
[    1.848751] NET: Registered protocol family 29
[    1.853191] can: raw protocol (rev 20120528)
[    1.857472] can: broadcast manager protocol (rev 20161123 t)
[    1.863128] can: netlink gateway (rev 20130117) max_hops=1
[    1.868917] Key type dns_resolver registered
[    1.873717] ThumbEE CPU extension supported.
[    1.877988] Registering SWP/SWPB emulation handler
[    1.897053] +3.3V_RUN: supplied by +3.3V_SYS
[    1.902539] +USB0_VBUS_SW: supplied by +5V_SYS
[    1.907250] +3.3V_AVDD_HDMI_AP_GATED: supplied by +3.3V_RUN
[    1.913165] +5V_USB_HS: supplied by +5V_SYS
[    1.918881] +3.3V_LP0: supplied by +3.3V_SYS
[    1.925246] +5V_HDMI_CON: supplied by +5V_SYS
[    1.930290] +5V_SATA: supplied by +5V_SYS
[    1.935006] +12V_SATA: supplied by +VDD_MUX
[    1.941001] usb2-0 supply vbus not found, using dummy regulator
[    1.942887] mmc0: new high speed MMC card at address 0001
[    1.944269] mmcblk0: mmc0:0001 SEM16G 14.7 GiB 
[    1.945032] mmcblk0boot0: mmc0:0001 SEM16G partition 1 4.00 MiB
[    1.945433] mmcblk0boot1: mmc0:0001 SEM16G partition 2 4.00 MiB
[    1.946232] mmcblk0rpmb: mmc0:0001 SEM16G partition 3 4.00 MiB
[    1.948391]  mmcblk0: p1
[    1.977317] usb2-1 supply vbus not found, using dummy regulator
[    1.983578] usb3-0 supply vbus not found, using dummy regulator
[    1.990750] tegra-pcie 1003000.pcie-controller: 2x1, 1x1 configuration
[    1.997412] tegra-pcie 1003000.pcie-controller: Failed to get supply 'avddio-pex': -517
[    2.008641] tegra124-dfll 70110000.clock: couldn't get vdd_cpu regulator
[    2.019543] tegra-hdmi 54280000.hdmi: failed to get PLL regulator
[    2.030709] as3722-sd2: supplied by +5V_SYS
[    2.035274] as3722-sd3: supplied by +5V_SYS
[    2.039689] as3722-sd4: supplied by +5V_SYS
[    2.044247] as3722-sd5: supplied by +5V_SYS
[    2.050120] as3722-ldo0: supplied by +1.35V_LP0(sd2)
[    2.056005] as3722-ldo1: supplied by +3.3V_RUN
[    2.060772] as3722-ldo2: supplied by +1.8V_VDDIO
[    2.066340] as3722-ldo3: supplied by +3.3V_SYS
[    2.071648] as3722-ldo4: supplied by +3.3V_SYS
[    2.076531] as3722-ldo5: supplied by +1.8V_VDDIO
[    2.081487] as3722-ldo6: supplied by +3.3V_RUN
[    2.086326] as3722-ldo7: supplied by +1.8V_VDDIO
[    2.091607] +1.05V_RUN_CAM_REAR: Bringing 0uV into 1050000-1050000uV
[    2.098712] as3722-ldo9: supplied by +5V_SYS
[    2.104498] +3.3V_RUN_TOUCH: Bringing 0uV into 2800000-2800000uV
[    2.111032] as3722-ldo10: supplied by +5V_SYS
[    2.115985] +2.8V_RUN_CAM_AF: Bringing 0uV into 2800000-2800000uV
[    2.122804] as3722-ldo11: supplied by +3.3V_RUN
[    2.128136] +1.8V_RUN_VPP_FUSE: Bringing 0uV into 1800000-1800000uV
[    2.138208] tegra-ahci 70027000.sata: AHCI 0001.0301 32 slots 2 ports 3 Gbps 0x1 impl platform mode
[    2.147285] tegra-ahci 70027000.sata: flags: 64bit ncq sntf pm led pio slum part sadm sds apst 
[    2.158092] scsi host0: tegra-ahci
[    2.162680] scsi host1: tegra-ahci
[    2.166415] ata1: SATA max UDMA/133 mmio [mem 0x70027000-0x70028fff] port 0x100 irq 345
[    2.174428] ata2: DUMMY
[    2.180354] tegra-ehci 7d008000.usb: EHCI Host Controller
[    2.185821] tegra-ehci 7d008000.usb: new USB bus registered, assigned bus number 2
[    2.193571] tegra-ehci 7d008000.usb: irq 355, io mem 0x7d008000
[    2.223519] tegra-ehci 7d008000.usb: USB 2.0 started, EHCI 1.10
[    2.230530] hub 2-0:1.0: USB hub found
[    2.234389] hub 2-0:1.0: 1 port detected
[    2.240872] sdhci-tegra 700b0400.sdhci: Got CD GPIO
[    2.245822] sdhci-tegra 700b0400.sdhci: Got WP GPIO
[    2.250897] mmc1: Unknown controller version (3). You may experience problems.
[    2.258231] mmc1: Invalid maximum block size, assuming 512 bytes
[    2.323953] mmc1: SDHCI controller on 700b0400.sdhci [700b0400.sdhci] using ADMA
[    2.332107] tegra-pcie 1003000.pcie-controller: 2x1, 1x1 configuration
[    2.340455] tegra-pcie 1003000.pcie-controller: probing port 0, using 2 lanes
[    2.349838] tegra-pcie 1003000.pcie-controller: Slot present pin change, signature: 00000008
[    2.374206] tegra-pcie 1003000.pcie-controller: probing port 1, using 1 lanes
[    2.383420] tegra-pcie 1003000.pcie-controller: Slot present pin change, signature: 00000000
[    2.397886] tegra-pcie 1003000.pcie-controller: PCI host bridge to bus 0000:00
[    2.405153] pci_bus 0000:00: root bus resource [io  0x0000-0xffff]
[    2.411340] pci_bus 0000:00: root bus resource [mem 0x13000000-0x1fffffff]
[    2.418248] pci_bus 0000:00: root bus resource [mem 0x20000000-0x3fffffff pref]
[    2.425599] pci_bus 0000:00: root bus resource [bus 00-ff]
[    2.431127] pci 0000:00:01.0: [10de:0e12] type 01 class 0x060400
[    2.437261] pci_bus 0000:00: 2-byte config write to 0000:00:01.0 offset 0x52 may corrupt adjacent RW1C bits
[    2.447086] pci 0000:00:01.0: PME# supported from D0 D1 D2 D3hot D3cold
[    2.453751] pci_bus 0000:00: 2-byte config write to 0000:00:01.0 offset 0x4c may corrupt adjacent RW1C bits
[    2.463792] pci 0000:00:02.0: [10de:0e13] type 01 class 0x060400
[    2.469878] pci_bus 0000:00: 2-byte config write to 0000:00:02.0 offset 0x52 may corrupt adjacent RW1C bits
[    2.479701] pci 0000:00:02.0: PME# supported from D0 D1 D2 D3hot D3cold
[    2.486364] pci_bus 0000:00: 2-byte config write to 0000:00:02.0 offset 0x4c may corrupt adjacent RW1C bits
[    2.496387] pci_bus 0000:00: 2-byte config write to 0000:00:01.0 offset 0x3e may corrupt adjacent RW1C bits
[    2.506175] pci_bus 0000:00: 2-byte config write to 0000:00:02.0 offset 0x3e may corrupt adjacent RW1C bits
[    2.507175] ata1: SATA link down (SStatus 0 SControl 300)
[    2.521344] pci_bus 0000:00: 2-byte config write to 0000:00:01.0 offset 0x4 may corrupt adjacent RW1C bits
[    2.531003] pci_bus 0000:00: 1-byte config write to 0000:00:01.0 offset 0xc may corrupt adjacent RW1C bits
[    2.540663] pci_bus 0000:00: 2-byte config write to 0000:00:02.0 offset 0x4 may corrupt adjacent RW1C bits
[    2.550320] pci_bus 0000:00: 1-byte config write to 0000:00:02.0 offset 0xc may corrupt adjacent RW1C bits
[    2.559971] PCI: bus0: Fast back to back transfers disabled
[    2.565556] pci 0000:00:01.0: bridge configuration invalid ([bus 00-00]), reconfiguring
[    2.573583] pci 0000:00:02.0: bridge configuration invalid ([bus 00-00]), reconfiguring
[    2.581807] pci 0000:01:00.0: [8086:4232] type 00 class 0x028000
[    2.587890] pci 0000:01:00.0: reg 0x10: [mem 0x00000000-0x00001fff 64bit]
[    2.594888] pci 0000:01:00.0: PME# supported from D0 D3hot D3cold
[    2.617018] mmc1: new high speed SDHC card at address aaaa
[    2.623508] PCI: bus1: Fast back to back transfers disabled
[    2.629095] pci_bus 0000:01: busn_res: [bus 01-ff] end is updated to 01
[    2.635975] pci 0000:02:00.0: [10ec:8168] type 00 class 0x020000
[    2.642012] pci 0000:02:00.0: reg 0x10: [io  0x0000-0x00ff]
[    2.647653] pci 0000:02:00.0: reg 0x18: [mem 0x00000000-0x00000fff 64bit]
[    2.654469] pci 0000:02:00.0: reg 0x20: [mem 0x00000000-0x00003fff 64bit pref]
[    2.661838] pci 0000:02:00.0: supports D1 D2
[    2.666121] pci 0000:02:00.0: PME# supported from D0 D1 D2 D3hot D3cold
[    2.673025] mmcblk1: mmc1:aaaa SD04G 3.69 GiB 
[    2.690799]  mmcblk1: p1 p2 p3
[    2.694109] PCI: bus2: Fast back to back transfers disabled
[    2.699707] pci_bus 0000:02: busn_res: [bus 02-ff] end is updated to 02
[    2.706558] pci 0000:00:01.0: BAR 8: assigned [mem 0x13000000-0x130fffff]
[    2.713349] pci 0000:00:02.0: BAR 8: assigned [mem 0x13100000-0x131fffff]
[    2.720186] pci 0000:00:02.0: BAR 9: assigned [mem 0x20000000-0x200fffff 64bit pref]
[    2.727966] pci 0000:00:02.0: BAR 7: assigned [io  0x1000-0x1fff]
[    2.734086] pci 0000:01:00.0: BAR 0: assigned [mem 0x13000000-0x13001fff 64bit]
[    2.741427] pci 0000:00:01.0: PCI bridge to [bus 01]
[    2.746438] pci 0000:00:01.0:   bridge window [mem 0x13000000-0x130fffff]
[    2.753239] pci 0000:02:00.0: BAR 4: assigned [mem 0x20000000-0x20003fff 64bit pref]
[    2.761015] pci 0000:02:00.0: BAR 2: assigned [mem 0x13100000-0x13100fff 64bit]
[    2.768380] pci 0000:02:00.0: BAR 0: assigned [io  0x1000-0x10ff]
[    2.774499] pci 0000:00:02.0: PCI bridge to [bus 02]
[    2.779474] pci 0000:00:02.0:   bridge window [io  0x1000-0x1fff]
[    2.785608] pci 0000:00:02.0:   bridge window [mem 0x13100000-0x131fffff]
[    2.792393] pci 0000:00:02.0:   bridge window [mem 0x20000000-0x200fffff 64bit pref]
[    2.800181] pci 0000:00:01.0: nv_msi_ht_cap_quirk didn't locate host bridge
[    2.807270] pcieport 0000:00:01.0: enabling device (0140 -> 0142)
[    2.813635] pcieport 0000:00:01.0: Signaling PME with IRQ 393
[    2.819456] pci 0000:00:02.0: nv_msi_ht_cap_quirk didn't locate host bridge
[    2.826538] pcieport 0000:00:02.0: enabling device (0140 -> 0143)
[    2.832858] pcieport 0000:00:02.0: Signaling PME with IRQ 394
[    2.838904] r8169 Gigabit Ethernet driver 2.3LK-NAPI loaded
[    2.844540] r8169 0000:02:00.0: enabling device (0140 -> 0143)
[    2.875130] r8169 0000:02:00.0 eth0: RTL8168g/8111g at 0xf0b54000, 00:04:4b:3a:d9:81, XID 0c000800 IRQ 395
[    2.884827] r8169 0000:02:00.0 eth0: jumbo features [frames: 9200 bytes, tx checksumming: ko]
[    2.897844] +1.05V_RUN_AVDD_HDMI_PLL: supplied by +1.05V_RUN
[    2.905646] [drm] Supports vblank timestamp caching Rev 2 (21.10.2013).
[    2.912260] [drm] No driver support for vblank timestamp query.
[    3.041284] tegra-hdmi 54280000.hdmi: cannot set audio to 48000 Hz at 297000000 Hz pixel clock
[    3.288714] Console: switching to colour frame buffer device 512x135
[    3.387325] drm drm: fb0:  frame buffer device
[    3.391871] [drm] Initialized tegra 0.0.0 20120330 for drm on minor 0
[    3.399919] of: dev_pm_opp_of_cpumask_add_table: couldn't find opp table for cpu:0, -19
[    3.407956] cpufreq: cpufreq_online: CPU0: Running at unlisted freq: 696000 KHz
[    3.415278] cpufreq: cpufreq_online: CPU0: Unlisted initial frequency changed to: 714000 KHz
[    3.424512] input: gpio-keys as /devices/soc0/gpio-keys/input/input0
[    3.431772] as3722-rtc as3722-rtc: setting system clock to 2000-01-01 00:00:48 UTC (946684848)
[    3.440885] +USB0_VBUS_SW: disabling
[    3.444501] +1.8V_RUN_CAM: disabling
[    3.448277] +2.8V_RUN_CAM: disabling
[    3.452008] +1.2V_RUN_CAM_FRONT: disabling
[    3.456353] +1.05V_RUN_CAM_REAR: disabling
[    3.460606] +3.3V_RUN_TOUCH: disabling
[    3.464591] +2.8V_RUN_CAM_AF: disabling
[    3.468585] +1.8V_RUN_VPP_FUSE: disabling
[    3.473710] EXT4-fs (mmcblk0p1): mounting ext3 file system using the ext4 subsystem
[    3.495400] EXT4-fs (mmcblk0p1): recovery complete
[    3.500185] EXT4-fs (mmcblk0p1): mounted filesystem with ordered data mode. Opts: (null)
[    3.508308] VFS: Mounted root (ext3 filesystem) on device 179:1.
[    3.518541] devtmpfs: mounted
[    3.522245] Freeing unused kernel memory: 2048K
bash: cannot set terminal process group (-1): Inappropriate ioctl for device
bash: no job control in this shell
root@(none):/# mount -t sysfs none /sys
root@(none):/# 
root@(none):/# mount -t debugfs none /sys/kernel/debug
root@(none):/# 
root@(none):/# rtcwake -d rtc1 -m mem -s 3
rtcwake: assuming RTC uses UTC ...
rtcwake: wakeup from "mem" using /dev/rtc1 at Thu Jan  1 00:00:20 1970
[    6.414250] PM: Syncing filesystems ... done.
[    6.563153] Freezing user space processes ... (elapsed 0.001 seconds) done.
[    6.571562] Freezing remaining freezable tasks ... (elapsed 0.001 seconds) done.
[    6.580558] Suspending console(s) (use no_console_suspend to debug)
[    6.706230] PM: suspend of devices complete after 117.229 msecs
[    6.714313] PM: late suspend of devices complete after 8.056 msecs
[    6.748208] PM: noirq suspend of devices complete after 33.872 msecs
[    6.748217] Disabling non-boot CPUs ...
[    6.749140] IRQ17 no longer affine to CPU1
[    6.749841] CPU1: shutdown
[    6.808869] CPU2: shutdown
[    6.868676] CPU3: shutdown
[    6.916366] Entering suspend state LP1
[    6.916366] Suspended for 2.668 seconds
[    6.916377] Enabling non-boot CPUs ...
[    6.944124] CPU1 is up
[    6.984144] CPU2 is up
[    7.024266] CPU3 is up
[    7.024954] pcieport 0000:00:01.0: nv_msi_ht_cap_quirk didn't locate host bridge
[    7.025020] pcieport 0000:00:02.0: nv_msi_ht_cap_quirk didn't locate host bridge
[    7.053490] PM: noirq resume of devices complete after 29.218 msecs
[    7.054628] PM: early resume of devices complete after 0.813 msecs
[    7.058736] tegra-hdmi 54280000.hdmi: cannot set audio to 48000 Hz at 297000000 Hz pixel clock
[    7.180598] PM: resume of devices complete after 125.961 msecs
[    7.275893] Restarting tasks ... done.
root@(none):/# 
root@(none):/# [    7.385285] ata1: SATA link down (SStatus 0 SControl 300)
rtcwake -d rtc1 -m mem -s 3
rtcwake: assuming RTC uses UTC ...
rtcwake: wakeup from "mem" using /dev/rtc1 at Thu Jan  1 00:00:24 1970
[    7.766287] PM: Syncing filesystems ... done.
[    7.855695] Freezing user space processes ... (elapsed 0.001 seconds) done.
[    7.863903] Freezing remaining freezable tasks ... (elapsed 0.001 seconds) done.
[    7.872552] Suspending console(s) (use no_console_suspend to debug)
[    7.896499] pci_generic_config_write32: 116 callbacks suppressed
[    7.896509] pci_bus 0000:00: 2-byte config write to 0000:00:02.0 offset 0x9c may corrupt adjacent RW1C bits
[    7.896533] pci_bus 0000:00: 2-byte config write to 0000:00:01.0 offset 0x9c may corrupt adjacent RW1C bits
[    8.005415] PM: suspend of devices complete after 125.816 msecs
[    8.007801] PM: late suspend of devices complete after 2.373 msecs
[    8.008267] pci_bus 0000:02: 2-byte config write to 0000:02:00.0 offset 0x44 may corrupt adjacent RW1C bits
[    8.008286] pci_bus 0000:02: 2-byte config write to 0000:02:00.0 offset 0x44 may corrupt adjacent RW1C bits
[    8.035133] PM: noirq suspend of devices complete after 27.324 msecs
[    8.035137] Disabling non-boot CPUs ...
[    8.035809] CPU1: shutdown
[    8.105455] CPU2: shutdown
[    8.165152] CPU3: shutdown
[    8.214381] Entering suspend state LP1
[    8.214381] Suspended for 2.701 seconds
[    8.214392] Enabling non-boot CPUs ...
[    8.244086] CPU1 is up
[    8.284101] CPU2 is up
[    8.324200] CPU3 is up
[    8.324815] pci_bus 0000:00: 2-byte config write to 0000:00:01.0 offset 0x4c may corrupt adjacent RW1C bits
[    8.324825] pci_bus 0000:00: 2-byte config write to 0000:00:01.0 offset 0x88 may corrupt adjacent RW1C bits
[    8.324831] pci_bus 0000:00: 2-byte config write to 0000:00:01.0 offset 0x90 may corrupt adjacent RW1C bits
[    8.324837] pci_bus 0000:00: 2-byte config write to 0000:00:01.0 offset 0x98 may corrupt adjacent RW1C bits
[    8.324842] pci_bus 0000:00: 2-byte config write to 0000:00:01.0 offset 0x9c may corrupt adjacent RW1C bits
[    8.324848] pci_bus 0000:00: 2-byte config write to 0000:00:01.0 offset 0xa8 may corrupt adjacent RW1C bits
[    8.324903] pcieport 0000:00:01.0: nv_msi_ht_cap_quirk didn't locate host bridge
[    8.324968] pcieport 0000:00:02.0: nv_msi_ht_cap_quirk didn't locate host bridge
[    8.353458] PM: noirq resume of devices complete after 29.252 msecs
[    8.354534] PM: early resume of devices complete after 0.758 msecs
[    8.357488] tegra-hdmi 54280000.hdmi: cannot set audio to 48000 Hz at 297000000 Hz pixel clock
[    8.478754] PM: resume of devices complete after 124.212 msecs
[    8.673308] Restarting tasks ... done.
[    8.686131] ata1: SATA link down (SStatus 0 SControl 300)
root@(none):/# 
root@(none):/# rtcwake -d rtc1 -m mem -s 3
rtcwake: assuming RTC uses UTC ...
rtcwake: wakeup from "mem" using /dev/rtc1 at Thu Jan  1 00:00:28 1970
[    9.065207] PM: Syncing filesystems ... done.
[    9.139854] Freezing user space processes ... (elapsed 0.001 seconds) done.
[    9.148128] Freezing remaining freezable tasks ... (elapsed 0.001 seconds) done.
[    9.156977] Suspending console(s) (use no_console_suspend to debug)
[    9.305718] PM: suspend of devices complete after 141.052 msecs
[    9.311627] PM: late suspend of devices complete after 5.885 msecs
[    9.336951] PM: noirq suspend of devices complete after 25.305 msecs
[    9.336959] Disabling non-boot CPUs ...
[    9.337682] IRQ17 no longer affine to CPU1
[    9.338237] CPU1: shutdown
[    9.387115] CPU2: shutdown
[    9.446827] CPU3: shutdown
[    9.495287] Entering suspend state LP1
[    9.495287] Suspended for 2.718 seconds
[    9.495298] Enabling non-boot CPUs ...
[    9.524073] CPU1 is up
[    9.564087] CPU2 is up
[    9.604195] CPU3 is up
[    9.604940] pcieport 0000:00:01.0: nv_msi_ht_cap_quirk didn't locate host bridge
[    9.604942] pcieport 0000:00:02.0: nv_msi_ht_cap_quirk didn't locate host bridge
[    9.633424] PM: noirq resume of devices complete after 29.223 msecs
[    9.635223] PM: early resume of devices complete after 1.483 msecs
[    9.638253] tegra-hdmi 54280000.hdmi: cannot set audio to 48000 Hz at 297000000 Hz pixel clock
[    9.760214] PM: resume of devices complete after 124.981 msecs
[    9.855449] Restarting tasks ... done.
root@(none):/# 
root@(none):/# [    9.966003] ata1: SATA link down (SStatus 0 SControl 300)
rtcwake -d rtc1 -m mem -s 3
rtcwake: assuming RTC uses UTC ...
rtcwake: wakeup from "mem" using /dev/rtc1 at Thu Jan  1 00:00:32 1970
[   10.345652] PM: Syncing filesystems ... done.
[   10.385140] Freezing user space processes ... (elapsed 0.001 seconds) done.
[   10.393315] Freezing remaining freezable tasks ... (elapsed 0.001 seconds) done.
[   10.401989] Suspending console(s) (use no_console_suspend to debug)
[   10.545488] PM: suspend of devices complete after 136.056 msecs
[   10.550089] PM: late suspend of devices complete after 4.583 msecs
[   10.576176] PM: noirq suspend of devices complete after 26.073 msecs
[   10.576182] Disabling non-boot CPUs ...
[   10.576767] IRQ17 no longer affine to CPU1
[   10.577196] CPU1: shutdown
[   10.646356] CPU2: shutdown
[   10.706184] CPU3: shutdown
[   10.754902] Entering suspend state LP1
[   10.754902] Suspended for 2.740 seconds
[   10.754912] Enabling non-boot CPUs ...
[   10.784048] CPU1 is up
[   10.824067] CPU2 is up
[   10.864161] CPU3 is up
[   10.864862] pcieport 0000:00:02.0: nv_msi_ht_cap_quirk didn't locate host bridge
[   10.864969] pcieport 0000:00:01.0: nv_msi_ht_cap_quirk didn't locate host bridge
[   10.893394] PM: noirq resume of devices complete after 29.228 msecs
[   10.895158] PM: early resume of devices complete after 1.437 msecs
[   10.898270] tegra-hdmi 54280000.hdmi: cannot set audio to 48000 Hz at 297000000 Hz pixel clock
[   11.020225] PM: resume of devices complete after 125.059 msecs
[   11.115481] Restarting tasks ... done.
root@(none):/# 
root@(none):/# [   11.225968] ata1: SATA link down (SStatus 0 SControl 300)
rtcwake -d rtc1 -m mem -s 3
rtcwake: assuming RTC uses UTC ...
rtcwake: wakeup from "mem" using /dev/rtc1 at Thu Jan  1 00:00:36 1970
[   11.610902] PM: Syncing filesystems ... done.
[   11.695420] Freezing user space processes ... (elapsed 0.001 seconds) done.
[   11.703634] Freezing remaining freezable tasks ... (elapsed 0.001 seconds) done.
[   11.712293] Suspending console(s) (use no_console_suspend to debug)
[   11.845177] PM: suspend of devices complete after 125.838 msecs
[   11.847639] PM: late suspend of devices complete after 2.449 msecs
[   11.875095] PM: noirq suspend of devices complete after 27.447 msecs
[   11.875099] Disabling non-boot CPUs ...
[   11.875782] CPU1: shutdown
[   11.925243] CPU2: shutdown
[   11.984821] IRQ17 no longer affine to CPU3
[   11.985147] CPU3: shutdown
[   12.034302] Entering suspend state LP1
[   12.034302] Suspended for 2.720 seconds
[   12.034312] Enabling non-boot CPUs ...
[   12.064012] CPU1 is up
[   12.104029] CPU2 is up
[   12.144136] CPU3 is up
[   12.144828] pcieport 0000:00:01.0: nv_msi_ht_cap_quirk didn't locate host bridge
[   12.144987] pcieport 0000:00:02.0: nv_msi_ht_cap_quirk didn't locate host bridge
[   12.173361] PM: noirq resume of devices complete after 29.218 msecs
[   12.175335] PM: early resume of devices complete after 1.630 msecs
[   12.178434] tegra-hdmi 54280000.hdmi: cannot set audio to 48000 Hz at 297000000 Hz pixel clock
[   12.300405] PM: resume of devices complete after 125.061 msecs
[   12.395643] Restarting tasks ... done.
root@(none):/# 
root@(none):/# [   12.505942] ata1: SATA link down (SStatus 0 SControl 300)
rtcwake -d rtc1 -m mem -s 3
rtcwake: assuming RTC uses UTC ...
rtcwake: wakeup from "mem" using /dev/rtc1 at Thu Jan  1 00:00:40 1970
[   12.885754] PM: Syncing filesystems ... done.
[   12.970878] Freezing user space processes ... (elapsed 0.001 seconds) done.
[   12.979078] Freezing remaining freezable tasks ... (elapsed 0.001 seconds) done.
[   12.987790] Suspending console(s) (use no_console_suspend to debug)
[   13.015769] pci_generic_config_write32: 158 callbacks suppressed
[   13.015779] pci_bus 0000:00: 2-byte config write to 0000:00:02.0 offset 0x9c may corrupt adjacent RW1C bits
[   13.015805] pci_bus 0000:00: 2-byte config write to 0000:00:01.0 offset 0x9c may corrupt adjacent RW1C bits
[   13.125214] PM: suspend of devices complete after 130.465 msecs
[   13.127874] PM: late suspend of devices complete after 2.648 msecs
[   13.128389] pci_bus 0000:02: 2-byte config write to 0000:02:00.0 offset 0x44 may corrupt adjacent RW1C bits
[   13.128412] pci_bus 0000:02: 2-byte config write to 0000:02:00.0 offset 0x44 may corrupt adjacent RW1C bits
[   13.154856] PM: noirq suspend of devices complete after 26.972 msecs
[   13.154859] Disabling non-boot CPUs ...
[   13.155196] IRQ17 no longer affine to CPU1
[   13.155473] CPU1: shutdown
[   13.195027] CPU2: shutdown
[   13.254919] CPU3: shutdown
[   13.304173] Entering suspend state LP1
[   13.304173] Suspended for 2.729 seconds
[   13.304184] Enabling non-boot CPUs ...
[   13.333985] CPU1 is up
[   13.373996] CPU2 is up
[   13.414101] CPU3 is up
[   13.414724] pci_bus 0000:00: 2-byte config write to 0000:00:01.0 offset 0x4c may corrupt adjacent RW1C bits
[   13.414732] pci_bus 0000:00: 2-byte config write to 0000:00:02.0 offset 0x4c may corrupt adjacent RW1C bits
[   13.414745] pci_bus 0000:00: 2-byte config write to 0000:00:01.0 offset 0x88 may corrupt adjacent RW1C bits
[   13.414751] pci_bus 0000:00: 2-byte config write to 0000:00:02.0 offset 0x88 may corrupt adjacent RW1C bits
[   13.414757] pci_bus 0000:00: 2-byte config write to 0000:00:01.0 offset 0x90 may corrupt adjacent RW1C bits
[   13.414764] pci_bus 0000:00: 2-byte config write to 0000:00:02.0 offset 0x90 may corrupt adjacent RW1C bits
[   13.414871] pcieport 0000:00:01.0: nv_msi_ht_cap_quirk didn't locate host bridge
[   13.414872] pcieport 0000:00:02.0: nv_msi_ht_cap_quirk didn't locate host bridge
[   13.443328] PM: noirq resume of devices complete after 29.221 msecs
[   13.445014] PM: early resume of devices complete after 1.351 msecs
[   13.447862] tegra-hdmi 54280000.hdmi: cannot set audio to 48000 Hz at 297000000 Hz pixel clock
[   13.569856] PM: resume of devices complete after 124.831 msecs
[   13.768568] Restarting tasks ... done.
[   13.776032] ata1: SATA link don (SStatus 0 SControl 300)
root@(none):/# 
root@(none):/# rtcwake -d rtc1 -m mem -s 3
rtcwake: assuming RTC uses UTC ...
rtcwake: wakeup from "mem" using /dev/rtc1 at Thu Jan  1 00:00:44 1970
[   14.154510] PM: Syncing filesystems ... done.
[   14.188397] Freezing user space processes ... (elapsed 0.001 seconds) done.
[   14.196673] Freezing remaining freezable tasks ... (elapsed 0.001 seconds) done.
[   14.205520] Suspending console(s) (use no_console_suspend to debug)
[   14.355567] PM: suspend of devices complete after 142.383 msecs
[   14.360146] PM: late suspend of devices complete after 4.559 msecs
[   14.386807] PM: noirq suspend of devices complete after 26.644 msecs
[   14.386814] Disabling non-boot CPUs ...
[   14.387954] CPU1: shutdown
[   14.457238] CPU2: shutdown
[   14.516615] CPU3: shutdown
[   14.565143] Entering suspend state LP1
[   14.565143] Suspended for 2.738 seconds
[   14.565153] Enabling non-boot CPUs ...
[   14.593948] CPU1 is up
[   14.633965] CPU2 is up
[   14.674067] CPU3 is up
[   14.674803] pcieport 0000:00:01.0: nv_msi_ht_cap_quirk didn't locate host bridge
[   14.674805] pcieport 0000:00:02.0: nv_msi_ht_cap_quirk didn't locate host bridge
[   14.703296] PM: noirq resume of devices complete after 29.223 msecs
[   14.705028] PM: early resume of devices complete after 1.404 msecs
[   14.708129] tegra-hdmi 54280000.hdmi: cannot set audio to 48000 Hz at 297000000 Hz pixel clock
[   14.830112] PM: resume of devices complete after 125.073 msecs
[   14.921276] Restarting tasks ... done.
root@(none):/# 
root@(none):/# [   15.045877] ata1: SATA link down (SStatus 0 SControl 300)
rtcwake -d rtc1 -m mem -s 3
rtcwake: assuming RTC uses UTC ...
rtcwake: wakeup from "mem" using /dev/rtc1 at Thu Jan  1 00:00:48 1970
[   15.416131] PM: Syncing filesystems ... done.
[   15.505244] Freezing user space processes ... (elapsed 0.001 seconds) done.
[   15.513459] Freezing remaining freezable tasks ... (elapsed 0.001 seconds) done.
[   15.522105] Suspending console(s) (use no_console_suspend to debug)
[   15.655067] PM: suspend of devices complete after 125.915 msecs
[   15.658502] PM: late suspend of devices complete after 3.421 msecs
[   15.684949] PM: noirq suspend of devices complete after 26.438 msecs
[   15.684953] Disabling non-boot CPUs ...
[   15.685618] CPU1: shutdown
[   15.735165] CPU2: shutdown
[   15.795064] CPU3: shutdown
[   15.844209] Entering suspend state LP1
[   15.844209] Suspended for 2.720 seconds
[   15.844219] Enabling non-boot CPUs ...
[   15.873919] CPU1 is up
[   15.913931] CPU2 is up
[   15.954041] CPU3 is up
[   15.954761] pcieport 0000:00:01.0: nv_msi_ht_cap_quirk didn't locate host bridge
[   15.954778] pcieport 0000:00:02.0: nv_msi_ht_cap_quirk didn't locate host bridge
[   15.983271] PM: noirq resume of devices complete after 29.224 msecs
[   15.984888] PM: early resume of devices complete after 1.280 msecs
[   15.988334] tegra-hdmi 54280000.hdmi: cannot set audio to 48000 Hz at 297000000 Hz pixel clock
[   16.110303] PM: resume of devices complete after 125.404 msecs
[   16.201477] Restarting tasks ... done.
root@(none):/# 
root@(none):/# [   16.325849] ata1: SATA link down (SStatus 0 SControl 300)
rtcwake -d rtc1 -m mem -s 3
rtcwake: assuming RTC uses UTC ...
rtcwake: wakeup from "mem" using /dev/rtc1 at Thu Jan  1 00:00:52 1970
[   16.696042] PM: Syncing filesystems ... done.
[   16.781165] Freezing user space processes ... (elapsed 0.001 seconds) done.
[   16.789362] Freezing remaining freezable tasks ... (elapsed 0.001 seconds) done.
[   16.798072] Suspending console(s) (use no_console_suspend to debug)
[   16.935485] PM: suspend of devices complete after 130.394 msecs
[   16.938963] PM: late suspend of devices complete after 3.462 msecs
[   16.965478] PM: noirq suspend of devices complete after 26.504 msecs
[   16.965483] Disabling non-boot CPUs ...
[   16.965963] IRQ17 no longer affine to CPU1
[   16.966349] CPU1: shutdown
[   17.035705] CPU2: shutdown
[   17.095549] CPU3: shutdown
[   17.144499] Entering suspend state LP1
[   17.144499] Suspended for 2.699 seconds
[   17.144511] Enabling non-boot CPUs ...
[   17.173906] CPU1 is up
[   17.213916] CPU2 is up
[   17.254021] CPU3 is up
[   17.254771] pcieport 0000:00:01.0: nv_msi_ht_cap_quirk didn't locate host bridge
[   17.254773] pcieport 0000:00:02.0: nv_msi_ht_cap_quirk didn't locate host bridge
[   17.283246] PM: noirq resume of devices complete after 29.219 msecs
[   17.285027] PM: early resume of devices complete after 1.453 msecs
[   17.288379] tegra-hdmi 54280000.hdmi: cannot set audio to 48000 Hz at 297000000 Hz pixel clock
[   17.410319] PM: resume of devices complete after 125.284 msecs
[   17.505553] Restarting tasks ... done.
root@(none):/# 
root@(none):/# [   17.615814] ata1: SATA link down (SStatus 0 SControl 300)
rtcwake -d rtc1 -m mem -s 3
rtcwake: assuming RTC uses UTC ...
rtcwake: wakeup from "mem" using /dev/rtc1 at Thu Jan  1 00:00:56 1970
[   17.995253] PM: Syncing filesystems ... done.
[   18.035312] Freezing user space processes ... (elapsed 0.001 seconds) done.
[   18.043508] Freezing remaining freezable tasks ... (elapsed 0.001 seconds) done.
[   18.052175] Suspending console(s) (use no_console_suspend to debug)
[   18.084469] pci_generic_config_write32: 158 callbacks suppressed
[   18.084488] pci_bus 0000:00: 2-byte config write to 0000:00:02.0 offset 0x9c may corrupt adjacent RW1C bits
[   18.084505] pci_bus 0000:00: 2-byte config write to 0000:00:01.0 offset 0x9c may corrupt adjacent RW1C bits
[   18.195227] PM: suspend of devices complete after 136.121 msecs
[   18.198386] PM: late suspend of devices complete after 3.142 msecs
[   18.198995] pci_bus 0000:02: 2-byte config write to 0000:02:00.0 offset 0x44 may corrupt adjacent RW1C bits
[   18.199030] pci_bus 0000:02: 2-byte config write to 0000:02:00.0 offset 0x44 may corrupt adjacent RW1C bits
[   18.225523] PM: noirq suspend of devices complete after 27.126 msecs
[   18.225528] Disabling non-boot CPUs ...
[   18.226009] IRQ17 no longer affine to CPU1
[   18.226398] CPU1: shutdown
[   18.285662] CPU2: shutdown
[   18.345535] CPU3: shutdown
[   18.394441] Entering suspend state LP1
[   18.394441] Suspended for 2.749 seconds
[   18.394452] Enabling non-boot CPUs ...
[   18.423861] CPU1 is up
[   18.463870] CPU2 is up
[   18.503982] CPU3 is up
[   18.504647] pci_bus 0000:00: 2-byte config write to 0000:00:01.0 offset 0x4c may corrupt adjacent RW1C bits
[   18.504659] pci_bus 0000:00: 2-byte config write to 0000:00:01.0 offset 0x88 may corrupt adjacent RW1C bits
[   18.504665] pci_bus 0000:00: 2-byte config write to 0000:00:01.0 offset 0x90 may corrupt adjacent RW1C bits
[   18.504671] pci_bus 0000:00: 2-byte config write to 0000:00:01.0 offset 0x98 may corrupt adjacent RW1C bits
[   18.504676] pci_bus 0000:00: 2-byte config write to 0000:00:01.0 offset 0x9c may corrupt adjacent RW1C bits
[   18.504681] pci_bus 0000:00: 2-byte config write to 0000:00:01.0 offset 0xa8 may corrupt adjacent RW1C bits
[   18.504737] pcieport 0000:00:01.0: nv_msi_ht_cap_quirk didn't locate host bridge
[   18.504897] pcieport 0000:00:02.0: nv_msi_ht_cap_quirk didn't locate host bridge
[   18.533215] PM: noirq resume of devices complete after 29.227 msecs
[   18.534762] PM: early resume of devices complete after 1.228 msecs
[   18.538186] tegra-hdmi 54280000.hdmi: cannot set audio to 48000 Hz at 297000000 Hz pixel clock
[   18.660148] PM: resume of devices complete after 125.377 msecs
[   18.858829] Restarting tasks ... done.
[   18.865919] ata1: SATA link down (SStatusNVTB SYSTEM SUSPEND TEST COMPLETE
0 SControl 300)
root@(none):/# 
root@(none):/# 