
U-Boot SPL 2014.01-00219-gc4d376f (Feb 18 2014 - 19:57:18)


U-Boot 2014.01-00219-gc4d376f (Feb 18 2014 - 19:57:18)

TEGRA30
Board: NVIDIA Beaver
I2C:   ready
DRAM:  2 GiB
MMC:   Tegra SD/MMC: 0, Tegra SD/MMC: 1
In:    serial
Out:   serial
Err:   serial
Net:   Net Initialization Skipped
No ethernet found.
Hit any key to stop autoboot:  2  0 
Tegra30 (Beaver) # 
Tegra30 (Beaver) # usb reset
(Re)start USB...
USB0:   USB EHCI 1.00
scanning bus 0 for devices... 2 USB Device(s) found
       scanning usb for storage devices... 0 Storage Device(s) found
       scanning usb for ethernet devices... 
Warning: asx0 using MAC address from net device
1 Ethernet Device(s) found
Tegra30 (Beaver) # setenv bootargs 'ignore_loglevel console=ttyS0,115200n8 rw root=/dev/mmcblk0p1 rootwait gpt debug init=/bin/bash noinitrd'
Tegra30 (Beaver) # setenv ipaddr 192.168.100.101; setenv serverip 192.168.100.1; setenv tftpserverip 192.168.100.1
Tegra30 (Beaver) # tftpboot 0x81000000 zImage.multi_v7_defconfig
Using asx0 device
TFTP from server 192.168.100.1; our IP address is 192.168.100.101
Filename 'zImage.multi_v7_defconfig'.
Load address: 0x81000000
Loading: *#################################################################
	 #################################################################
	 #################################################################
	 #################################################################
	 #################################################################
	 #############################
	 3.4 MiB/s
done
Bytes transferred = 5189592 (4f2fd8 hex)
Tegra30 (Beaver) # tftpboot 0x82000000 tegra30-beaver.dtb
Using asx0 device
TFTP from server 192.168.100.1; our IP address is 192.168.100.101
Filename 'tegra30-beaver.dtb'.
Load address: 0x82000000
Loading: *##
	 2.6 MiB/s
done
Bytes transferred = 24893 (613d hex)
Tegra30 (Beaver) # bootz 0x81000000 - 0x82000000
Kernel image @ 0x81000000 [ 0x000000 - 0x4f2fd8 ]
## Flattened Device Tree blob at 82000000
   Booting using the fdt blob at 0x82000000
   Loading Device Tree to 8fff6000, end 8ffff13c ... OK

Starting kernel ...

[    0.000000] Booting Linux on physical CPU 0x0
[    0.000000] Linux version 3.17.0-rc2-next-20140829-44226-gd7cf2b3 (pwalmsley@kaivo) (gcc version 4.7.3 20130328 (prerelease) (crosstool-NG linaro-1.13.1-4.7-2013.04-20130415 - Linaro GCC 2013.04) ) #1 SMP Tue Sep 16 14:57:20 PDT 2014
[    0.000000] CPU: ARMv7 Processor [412fc099] revision 9 (ARMv7), cr=10c5387d
[    0.000000] CPU: PIPT / VIPT nonaliasing data cache, VIPT aliasing instruction cache
[    0.000000] Machine model: NVIDIA Tegra30 Beaver evaluation board
[    0.000000] debug: ignoring loglevel setting.
[    0.000000] cma: Reserved 64 MiB at ab800000
[    0.000000] Memory policy: Data cache writealloc
[    0.000000] On node 0 totalpages: 524032
[    0.000000] free_area_init_node: node 0, pgdat c0cd7340, node_mem_map ea7d8000
[    0.000000]   DMA zone: 1520 pages used for memmap
[    0.000000]   DMA zone: 0 pages reserved
[    0.000000]   DMA zone: 194560 pages, LIFO batch:31
[    0.000000]   HighMem zone: 2574 pages used for memmap
[    0.000000]   HighMem zone: 329472 pages, LIFO batch:31
[    0.000000] PERCPU: Embedded 8 pages/cpu @ea79c000 s8448 r8192 d16128 u32768
[    0.000000] pcpu-alloc: s8448 r8192 d16128 u32768 alloc=8*4096
[    0.000000] pcpu-alloc: [0] 0 [0] 1 [0] 2 [0] 3 
[    0.000000] Built 1 zonelists in Zone order, mobility grouping on.  Total pages: 522512
[    0.000000] Kernel command line: ignore_loglevel console=ttyS0,115200n8 rw root=/dev/mmcblk0p1 rootwait gpt debug init=/bin/bash noinitrd
[    0.000000] PID hash table entries: 4096 (order: 2, 16384 bytes)
[    0.000000] Dentry cache hash table entries: 131072 (order: 7, 524288 bytes)
[    0.000000] Inode-cache hash table entries: 65536 (order: 6, 262144 bytes)
[    0.000000] Memory: 2001604K/2096128K available (6738K kernel code, 932K rwdata, 2704K rodata, 696K init, 305K bss, 94524K reserved, 1317888K highmem)
[    0.000000] Virtual kernel memory layout:
[    0.000000]     vector  : 0xffff0000 - 0xffff1000   (   4 kB)
[    0.000000]     fixmap  : 0xffc00000 - 0xffe00000   (2048 kB)
[    0.000000]     vmalloc : 0xf0000000 - 0xff000000   ( 240 MB)
[    0.000000]     lowmem  : 0xc0000000 - 0xef800000   ( 760 MB)
[    0.000000]     pkmap   : 0xbfe00000 - 0xc0000000   (   2 MB)
[    0.000000]     modules : 0xbf000000 - 0xbfe00000   (  14 MB)
[    0.000000]       .text : 0xc0208000 - 0xc0b40bec   (9443 kB)
[    0.000000]       .init : 0xc0b41000 - 0xc0bef100   ( 697 kB)
[    0.000000]       .data : 0xc0bf0000 - 0xc0cd9140   ( 933 kB)
[    0.000000]        .bss : 0xc0cd9140 - 0xc0d256d8   ( 306 kB)
[    0.000000] SLUB: HWalign=64, Order=0-3, MinObjects=0, CPUs=4, Nodes=1
[    0.000000] Hierarchical RCU implementation.
[    0.000000] 	RCU restricting CPUs from NR_CPUS=8 to nr_cpu_ids=4.
[    0.000000] RCU: Adjusting geometry for rcu_fanout_leaf=16, nr_cpu_ids=4
[    0.000000] NR_IRQS:16 nr_irqs:16 16
[    0.000000] L2C: platform modifies aux control register: 0x02080000 -> 0x3e480001
[    0.000000] L2C: DT/platform modifies aux control register: 0x02080000 -> 0x3e480001
[    0.000000] L2C-310 erratum 769419 enabled
[    0.000000] L2C-310 enabling early BRESP for Cortex-A9
[    0.000000] L2C-310: enabling full line of zeros but not enabled in Cortex-A9
[    0.000000] L2C-310 ID prefetch enabled, offset 1 lines
[    0.000000] L2C-310 dynamic clock gating enabled, standby mode enabled
[    0.000000] L2C-310 cache controller enabled, 8 ways, 1024 kB
[    0.000000] L2C-310: CACHE_ID 0x410000c7, AUX_CTRL 0x7e480001
[    0.000014] sched_clock: 32 bits at 1000kHz, resolution 1000ns, wraps every 2147483648000ns
[    0.000033] Switching to timer-based delay loop, resolution 1000ns
[    0.001099] Console: colour dummy device 80x30
[    0.001119] Calibrating delay loop (skipped), value calculated using timer frequency.. 2.00 BogoMIPS (lpj=5000)
[    0.001127] pid_max: default: 32768 minimum: 301
[    0.001221] Mount-cache hash table entries: 2048 (order: 1, 8192 bytes)
[    0.001228] Mountpoint-cache hash table entries: 2048 (order: 1, 8192 bytes)
[    0.001597] CPU: Testing write buffer coherency: ok
[    0.001791] CPU0: thread -1, cpu 0, socket 0, mpidr 80000000
[    0.001852] Setting up static identity map for 0x8085e118 - 0x8085e1b0
[    0.002788] Tegra Revision: A03 SKU: 128 CPU Process: 4 Core Process: 0
[    0.003965] CPU1: Booted secondary processor
[    0.003981] CPU1: thread -1, cpu 1, socket 0, mpidr 80000001
[    0.004808] CPU2: Booted secondary processor
[    0.004821] CPU2: thread -1, cpu 2, socket 0, mpidr 80000002
[    0.005698] CPU3: Booted secondary processor
[    0.005711] CPU3: thread -1, cpu 3, socket 0, mpidr 80000003
[    0.005753] Brought up 4 CPUs
[    0.005768] SMP: Total of 4 processors activated.
[    0.005773] CPU: All CPU(s) started in SVC mode.
[    0.006201] devtmpfs: initialized
[    0.008642] VFP support v0.3: implementor 41 architecture 3 part 30 variant 9 rev 4
[    0.012192] pinctrl core: initialized pinctrl subsystem
[    0.012515] regulator-dummy: no parameters
[    0.015871] NET: Registered protocol family 16
[    0.018702] DMA: preallocated 256 KiB pool for atomic coherent allocations
[    0.019613] cpuidle: using governor ladder
[    0.019623] cpuidle: using governor menu
[    0.026796] No ATAGs?
[    0.026824] hw-breakpoint: found 5 (+1 reserved) breakpoint and 1 watchpoint registers.
[    0.026831] hw-breakpoint: maximum watchpoint size is 4 bytes.
[    0.026933] EXYNOS: PMU not supported
[    0.028268] Serial: AMBA PL011 UART driver
[    0.046979] edma-dma-engine edma-dma-engine.0: Can't allocate PaRAM dummy slot
[    0.046996] edma-dma-engine: probe of edma-dma-engine.0 failed with error -22
[    0.047348] vdd_5v_in: 5000 mV 
[    0.047429] platform regulators:regulator@1: Driver reg-fixed-voltage requests probe deferral
[    0.047464] platform regulators:regulator@2: Driver reg-fixed-voltage requests probe deferral
[    0.047555] vdd_5v_sata: Failed to request enable GPIO30: -517
[    0.047605] reg-fixed-voltage regulators:regulator@3: Failed to register regulator: -517
[    0.047615] platform regulators:regulator@3: Driver reg-fixed-voltage requests probe deferral
[    0.047700] usb1_vbus: Failed to request enable GPIO238: -517
[    0.047742] reg-fixed-voltage regulators:regulator@4: Failed to register regulator: -517
[    0.047752] platform regulators:regulator@4: Driver reg-fixed-voltage requests probe deferral
[    0.047837] usb3_vbus: Failed to request enable GPIO236: -517
[    0.047878] reg-fixed-voltage regulators:regulator@5: Failed to register regulator: -517
[    0.047888] platform regulators:regulator@5: Driver reg-fixed-voltage requests probe deferral
[    0.047924] platform regulators:regulator@6: Driver reg-fixed-voltage requests probe deferral
[    0.048009] sys_3v3_pexs: Failed to request enable GPIO95: -517
[    0.048050] reg-fixed-voltage regulators:regulator@7: Failed to register regulator: -517
[    0.048060] platform regulators:regulator@7: Driver reg-fixed-voltage requests probe deferral
[    0.048143] +VDD_5V_HDMI: 5000 mV 
[    0.048170] reg-fixed-voltage regulators:regulator@8: Failed to find supply vin
[    0.048214] reg-fixed-voltage regulators:regulator@8: Failed to register regulator: -517
[    0.048224] platform regulators:regulator@8: Driver reg-fixed-voltage requests probe deferral
[    0.049635] vgaarb: loaded
[    0.050095] SCSI subsystem initialized
[    0.050217] libata version 3.00 loaded.
[    0.050408] usbcore: registered new interface driver usbfs
[    0.050446] usbcore: registered new interface driver hub
[    0.050512] usbcore: registered new device driver usb
[    0.057397] vrtc: no parameters
[    0.057885] vrtc: supplied by vdd_5v_in
[    0.064964] vdd_1v8_gen: 1800 mV 
[    0.065006] vdd_1v8_gen: supplied by vdd_5v_in
[    0.069963] vddio_ddr_1v2: 1200 mV 
[    0.069995] vddio_ddr_1v2: supplied by vdd_5v_in
[    0.074962] vdd_1v5_gen: 1500 mV 
[    0.074992] vdd_1v5_gen: supplied by vdd_5v_in
[    0.079962] vdd_cpu,vdd_sys: 1000 mV 
[    0.082295] vdd_pexa,vdd_pexb: 1050 mV 
[    0.082324] vdd_pexa,vdd_pexb: supplied by vdd_1v5_gen
[    0.084985] vdd_sata,avdd_plle: 1050 mV 
[    0.085015] vdd_sata,avdd_plle: supplied by vdd_1v5_gen
[    0.087348] ldo3: at 1000 mV 
[    0.087379] ldo3: supplied by vdd_5v_in
[    0.089963] vdd_rtc: 1200 mV 
[    0.089994] vdd_rtc: supplied by vdd_5v_in
[    0.094962] vddio_sdmmc,avdd_vdac: 3300 mV 
[    0.094993] vddio_sdmmc,avdd_vdac: supplied by vdd_5v_in
[    0.097640] avdd_dsi_csi,pwrdet_mipi: 1200 mV 
[    0.097680] avdd_dsi_csi,pwrdet_mipi: supplied by vdd_1v8_gen
[    0.104960] vdd_pllm,x,u,a_p_c_s: 1200 mV 
[    0.104990] vdd_pllm,x,u,a_p_c_s: supplied by vdd_1v8_gen
[    0.109962] vdd_ddr_hs: 1000 mV 
[    0.109991] vdd_ddr_hs: supplied by vdd_1v8_gen
[    0.111784] tps62361-vout: 500 <--> 1500 mV at 1160 mV 
[    0.111927] Linux video capture interface: v2.00
[    0.111960] pps_core: LinuxPPS API ver. 1 registered
[    0.111964] pps_core: Software ver. 5.3.6 - Copyright 2005-2007 Rodolfo Giometti <giometti@linux.it>
[    0.111986] PTP clock support registered
[    0.112137] EDAC MC: Ver: 3.0.0
[    0.112581] platform 7000f010.iommu: Driver tegra-smmu requests probe deferral
[    0.112709] Advanced Linux Sound Architecture Driver Initialized.
[    0.113449] Switched to clocksource timer_us
[    0.119175] NET: Registered protocol family 2
[    0.119599] TCP established hash table entries: 8192 (order: 3, 32768 bytes)
[    0.119646] TCP bind hash table entries: 8192 (order: 4, 65536 bytes)
[    0.119729] TCP: Hash tables configured (established 8192 bind 8192)
[    0.119798] TCP: reno registered
[    0.119811] UDP hash table entries: 512 (order: 2, 16384 bytes)
[    0.119864] UDP-Lite hash table entries: 512 (order: 2, 16384 bytes)
[    0.120072] NET: Registered protocol family 1
[    0.120306] RPC: Registered named UNIX socket transport module.
[    0.120313] RPC: Registered udp transport module.
[    0.120316] RPC: Registered tcp transport module.
[    0.120320] RPC: Registered tcp NFSv4.1 backchannel transport module.
[    0.120336] PCI: CLS 0 bytes, default 64
[    0.121036] hw perfevents: enabled with armv7_cortex_a9 PMU driver, 7 counters available
[    0.121949] futex hash table entries: 1024 (order: 4, 65536 bytes)
[    0.128525] squashfs: version 4.0 (2009/01/31) Phillip Lougher
[    0.128977] NFS: Registering the id_resolver key type
[    0.129009] Key type id_resolver registered
[    0.129014] Key type id_legacy registered
[    0.129053] msgmni has been set to 1463
[    0.129338] bounce: pool size: 64 pages
[    0.129449] Block layer SCSI generic (bsg) driver version 0.4 loaded (major 249)
[    0.129461] io scheduler noop registered
[    0.129469] io scheduler deadline registered
[    0.129570] io scheduler cfq registered (default)
[    0.134072] tegra-pcie 3000.pcie-controller: 2x3 configuration
[    0.134152] tegra-pcie 3000.pcie-controller: Failed to get supply 'hvdd-pex': -517
[    0.134205] platform 3000.pcie-controller: Driver tegra-pcie requests probe deferral
[    0.136752] tegra-apbdma 6000a000.dma: Tegra20 APB DMA driver register 32 channels
[    0.170459] Serial: 8250/16550 driver, 4 ports, IRQ sharing disabled
[    0.171664] Serial: IMX driver
[    0.171883] msm_serial: driver initialized
[    0.172460] console [ttyS0] disabled
[    0.172499] 70006000.serial: ttyS0 at MMIO 0x70006000 (irq = 68, base_baud = 25500000) is a Tegra
[    1.178654] console [ttyS0] enabled
[    1.182618] STMicroelectronics ASC driver initialized
[    1.188149] serial: Freescale lpuart driver
[    1.192493] [drm] Initialized drm 1.1.0 20060810
[    1.197911] tegra-hdmi 54280000.hdmi: failed to get HDMI regulator
[    1.204101] platform 54280000.hdmi: Driver tegra-hdmi requests probe deferral
[    1.214904] loop: module loaded
[    1.221687] CAN device driver interface
[    1.226075] igb: Intel(R) Gigabit Ethernet Network Driver - version 5.2.13-k
[    1.233115] igb: Copyright (c) 2007-2014 Intel Corporation.
[    1.239564] pegasus: v0.9.3 (2013/04/25), Pegasus/Pegasus II USB Ethernet driver
[    1.246996] usbcore: registered new interface driver pegasus
[    1.252693] usbcore: registered new interface driver asix
[    1.258110] usbcore: registered new interface driver ax88179_178a
[    1.264228] usbcore: registered new interface driver cdc_ether
[    1.270088] usbcore: registered new interface driver smsc75xx
[    1.275860] usbcore: registered new interface driver smsc95xx
[    1.281623] usbcore: registered new interface driver net1080
[    1.287298] usbcore: registered new interface driver cdc_subset
[    1.293233] usbcore: registered new interface driver zaurus
[    1.298854] usbcore: registered new interface driver cdc_ncm
[    1.304528] ehci_hcd: USB 2.0 'Enhanced' Host Controller (EHCI) Driver
[    1.311046] ehci-pci: EHCI PCI platform driver
[    1.315519] ehci-platform: EHCI generic platform driver
[    1.320848] ehci-omap: OMAP-EHCI Host Controller driver
[    1.326136] ehci-orion: EHCI orion driver
[    1.330209] SPEAr-ehci: EHCI SPEAr driver
[    1.334282] tegra-ehci: Tegra EHCI driver
[    1.338433] platform 7d004000.usb: Driver tegra-ehci requests probe deferral
[    1.345531] platform 7d008000.usb: Driver tegra-ehci requests probe deferral
[    1.352607] ohci_hcd: USB 1.1 'Open' Host Controller (OHCI) Driver
[    1.358794] ohci-pci: OHCI PCI platform driver
[    1.363258] ohci-platform: OHCI generic platform driver
[    1.368553] ohci-omap3: OHCI OMAP3 driver
[    1.372627] SPEAr-ohci: OHCI SPEAr driver
[    1.377099] usbcore: registered new interface driver usb-storage
[    1.383433] platform 7d004000.usb-phy: Driver tegra-phy requests probe deferral
[    1.390794] platform 7d008000.usb-phy: Driver tegra-phy requests probe deferral
[    1.398941] mousedev: PS/2 mouse device common for all mice
[    1.405964] tegra_rtc 7000e000.rtc: rtc core: registered 7000e000.rtc as rtc1
[    1.413116] tegra_rtc 7000e000.rtc: Tegra internal Real Time Clock
[    1.431978] tps65910-rtc tps65910-rtc: rtc core: registered tps65910-rtc as rtc0
[    1.439497] i2c /dev entries driver
[    1.444170] usbcore: registered new interface driver uvcvideo
[    1.449912] USB Video Class driver (1.1.1)
[    1.454005] gspca_main: v2.14.0 registered
[    1.460021] sdhci: Secure Digital Host Controller Interface driver
[    1.466198] sdhci: Copyright(c) Pierre Ossman
[    1.471084] Synopsys Designware Multimedia Card Interface Driver
[    1.477495] sdhci-pltfm: SDHCI platform and OF driver helper
[    1.483698] sdhci-tegra 78000000.sdhci: Got CD GPIO #69.
[    1.489023] sdhci-tegra 78000000.sdhci: Got WP GPIO #155.
[    1.495545] sdhci-tegra 78000000.sdhci: No vmmc regulator found
[    1.501463] sdhci-tegra 78000000.sdhci: No vqmmc regulator found
[    1.507461] mmc0: Invalid maximum block size, assuming 512 bytes
[    1.548458] mmc0: SDHCI controller on 78000000.sdhci [78000000.sdhci] using ADMA
[    1.556994] sdhci-tegra 78000600.sdhci: No vmmc regulator found
[    1.562912] sdhci-tegra 78000600.sdhci: No vqmmc regulator found
[    1.568909] mmc1: Invalid maximum block size, assuming 512 bytes
[    1.608455] mmc1: SDHCI controller on 78000600.sdhci [78000600.sdhci] using ADMA
[    1.620400] usbcore: registered new interface driver usbhid
[    1.625973] usbhid: USB HID core driver
[    1.711547] mmc1: new high speed MMC card at address 0001
[    1.717195] mmcblk0: mmc1:0001 SEM16G 14.8 GiB 
[    1.721803] mmcblk0boot0: mmc1:0001 SEM16G partition 1 1.00 MiB
[    1.727781] mmcblk0boot1: mmc1:0001 SEM16G partition 2 1.00 MiB
[    1.733756] mmcblk0rpmb: mmc1:0001 SEM16G partition 3 128 KiB
[    1.742222] Primary GPT is invalid, using alternate GPT.
[    1.747546]  mmcblk0: p1 p2 p3 p4 p5
[    1.754340]  mmcblk0boot1: unknown partition table
[    1.761417]  mmcblk0boot0: unknown partition table
[    2.044545] tegra30-i2s 70080400.i2s: DMA channels sourced from device 70080000.ahub
[    2.060173] tegra-snd-rt5640 sound: rt5640-aif1 <-> 70080400.i2s mapping ok
[    2.069226] input: NVIDIA Tegra Beaver Headphones as /devices/soc0/sound/sound/card0/input0
[    2.078544] TCP: cubic registered
[    2.081857] NET: Registered protocol family 17
[    2.086317] can: controller area network core (rev 20120528 abi 9)
[    2.092536] NET: Registered protocol family 29
[    2.096981] can: raw protocol (rev 20120528)
[    2.101249] can: broadcast manager protocol (rev 20120528 t)
[    2.106907] can: netlink gateway (rev 20130117) max_hops=1
[    2.112654] Key type dns_resolver registered
[    2.117285] ThumbEE CPU extension supported.
[    2.121568] Registering SWP/SWPB emulation handler
[    2.128508] chargepump_5v: 5000 mV 
[    2.133909] vdd_ddr: 1500 mV 
[    2.136908] vdd_ddr: supplied by vdd_5v_in
[    2.141210] vdd_5v_sata: 5000 mV 
[    2.144549] vdd_5v_sata: supplied by vdd_5v_in
[    2.149191] usb1_vbus: 5000 mV 
[    2.152343] usb1_vbus: supplied by vdd_5v_in
[    2.156797] usb3_vbus: 5000 mV 
[    2.159966] usb3_vbus: supplied by vdd_5v_in
[    2.165806] sys_3v3,vdd_3v3_alw: 3300 mV 
[    2.169836] sys_3v3,vdd_3v3_alw: supplied by vdd_5v_in
[    2.175157] sys_3v3_pexs: 3300 mV 
[    2.178578] sys_3v3_pexs: supplied by sys_3v3,vdd_3v3_alw
[    2.184128] +VDD_5V_HDMI: 5000 mV 
[    2.187533] +VDD_5V_HDMI: supplied by sys_3v3,vdd_3v3_alw
[    2.193408] tegra-pcie 3000.pcie-controller: 2x3 configuration
[    2.203987] tegra-pcie 3000.pcie-controller: probing port 0, using 2 lanes
[    2.269145] tegra-pcie 3000.pcie-controller: probing port 2, using 2 lanes
[    2.679179] tegra-pcie 3000.pcie-controller: link 2 down, retrying
[    3.089123] tegra-pcie 3000.pcie-controller: link 2 down, retrying
[    3.499070] tegra-pcie 3000.pcie-controller: link 2 down, retrying
[    3.507260] tegra-pcie 3000.pcie-controller: link 2 down, ignoring
[    3.513567] tegra-pcie 3000.pcie-controller: PCI host bridge to bus 0000:00
[    3.520533] pci_bus 0000:00: root bus resource [mem 0x20000000-0x27ffffff]
[    3.527413] pci_bus 0000:00: root bus resource [mem 0x28000000-0x3fffffff pref]
[    3.534719] pci_bus 0000:00: root bus resource [bus 00-ff]
[    3.540204] pci_bus 0000:00: root bus resource [io  0x1000-0xffff]
[    3.546402] pci 0000:00:01.0: [10de:0e1c] type 01 class 0x060400
[    3.552461] pci 0000:00:01.0: PME# supported from D0 D1 D2 D3hot D3cold
[    3.559211] PCI: bus0: Fast back to back transfers disabled
[    3.564785] pci 0000:00:01.0: bridge configuration invalid ([bus 00-00]), reconfiguring
[    3.572881] pci 0000:01:00.0: [10ec:8168] type 00 class 0x020000
[    3.578903] pci 0000:01:00.0: reg 0x10: [io  0x0000-0x00ff]
[    3.584488] pci 0000:01:00.0: reg 0x18: [mem 0x00000000-0x00000fff 64bit pref]
[    3.591714] pci 0000:01:00.0: reg 0x20: [mem 0x00000000-0x00003fff 64bit pref]
[    3.598985] pci 0000:01:00.0: supports D1 D2
[    3.603245] pci 0000:01:00.0: PME# supported from D0 D1 D2 D3hot D3cold
[    3.609981] PCI: bus1: Fast back to back transfers disabled
[    3.615556] pci_bus 0000:01: busn_res: [bus 01-ff] end is updated to 01
[    3.622221] pci 0000:00:01.0: BAR 9: assigned [mem 0x28000000-0x280fffff 64bit pref]
[    3.629961] pci 0000:00:01.0: BAR 7: assigned [io  0x1000-0x1fff]
[    3.636056] pci 0000:01:00.0: BAR 4: assigned [mem 0x28000000-0x28003fff 64bit pref]
[    3.643805] pci 0000:01:00.0: BAR 2: assigned [mem 0x28004000-0x28004fff 64bit pref]
[    3.651551] pci 0000:01:00.0: BAR 0: assigned [io  0x1000-0x10ff]
[    3.657644] pci 0000:00:01.0: PCI bridge to [bus 01]
[    3.662608] pci 0000:00:01.0:   bridge window [io  0x1000-0x1fff]
[    3.668702] pci 0000:00:01.0:   bridge window [mem 0x28000000-0x280fffff 64bit pref]
[    3.676451] pci 0000:00:01.0: nv_msi_ht_cap_quirk didn't locate host bridge
[    3.683575] r8169 Gigabit Ethernet driver 2.3LK-NAPI loaded
[    3.689170] r8169 0000:01:00.0: enabling device (0140 -> 0143)
[    3.695548] r8169 0000:01:00.0 eth0: RTL8168evl/8111evl at 0xf0032000, 02:04:4b:01:60:a6, XID 0c900800 IRQ 472
[    3.705545] r8169 0000:01:00.0 eth0: jumbo features [frames: 9200 bytes, tx checksumming: ko]
[    3.716371] [drm] Supports vblank timestamp caching Rev 2 (21.10.2013).
[    3.723003] [drm] No driver support for vblank timestamp query.
[    3.728933] host1x drm: No connectors reported connected with modes
[    3.735199] [drm] Cannot find any crtc or sizes - going 1024x768
[    3.759714] Console: switching to colour frame buffer device 128x48
[    3.772004] host1x drm: fb0:  frame buffer device
[    3.776699] host1x drm: registered panic notifier
[    3.793851] [drm] Initialized tegra 0.0.0 20120330 on minor 0
[    3.800178] platform 7d004000.usb: Driver tegra-ehci requests probe deferral
[    3.807716] platform 7d008000.usb: Driver tegra-ehci requests probe deferral
[    3.818223] utmi_phy_clk_enable: timeout waiting for phy to stabilize
[    3.824679] tegra-ehci 7d004000.usb: EHCI Host Controller
[    3.830086] tegra-ehci 7d004000.usb: new USB bus registered, assigned bus number 1
[    3.838321] tegra-ehci 7d004000.usb: irq 53, io mem 0x7d004000
[    3.853459] tegra-ehci 7d004000.usb: USB 2.0 started, EHCI 1.00
[    3.859819] hub 1-0:1.0: USB hub found
[    3.863596] hub 1-0:1.0: 1 port detected
[    3.868061] tegra-ehci 7d008000.usb: EHCI Host Controller
[    3.873478] tegra-ehci 7d008000.usb: new USB bus registered, assigned bus number 2
[    3.881292] tegra-ehci 7d008000.usb: irq 129, io mem 0x7d008000
[    3.893843] tegra-ehci 7d008000.usb: USB 2.0 started, EHCI 1.00
[    3.900149] hub 2-0:1.0: USB hub found
[    3.903920] hub 2-0:1.0: 1 port detected
[    3.911848] tps65910-rtc tps65910-rtc: setting system clock to 2000-01-01 00:00:02 UTC (946684802)
[    3.924727] usb1_vbus: disabling
[    3.927974] vdd_sata,avdd_plle: disabling
[    3.932560] ALSA device list:
[    3.935534]   #0: NVIDIA Tegra Beaver
[    3.941629] EXT4-fs (mmcblk0p1): mounting ext3 file system using the ext4 subsystem
[    3.956968] EXT4-fs (mmcblk0p1): warning: mounting fs with errors, running e2fsck is recommended
[    3.967221] EXT4-fs (mmcblk0p1): recovery complete
[    3.972030] EXT4-fs (mmcblk0p1): mounted filesystem with ordered data mode. Opts: (null)
[    3.980144] VFS: Mounted root (ext3 filesystem) on device 179:1.
[    3.995591] devtmpfs: mounted
[    3.999146] Freeing unused kernel memory: 696K (c0b41000 - c0bef000)
bash: cannot set terminal process group (-1): Inappropriate ioctl for device
bash: no job control in this shell
root@(none):/# [    4.213895] usb 2-1: new high-speed USB device number 2 using tegra-ehci
[    4.682917] asix 2-1:1.0 eth1: register 'asix' at usb-7d008000.usb-1, ASIX AX88772 USB 2.0 Ethernet, 00:50:b6:0f:68:6d
