[0000.790] [TegraBoot] (version 23.00.2015.14-mobile-1ef66670)
[0000.796] Processing in cold boot mode Bootloader 2
[0000.800] A01Q Bootrom Patch rev = 3
[0000.804] Power-up reason: pmu watchdog
[0000.807] No Battery Present
[0000.810] Platform has Ddr4 type ram
[0000.813] max77620 disabling SD1 Remote Sense
[0000.818] Setting Ddr voltage to 1125mv
[0000.822] Serial Number of Pmic Max77663: 0x40daf
[0000.830] Entering ramdump check
[0000.833] Get RamDumpCarveOut = 0x0
[0000.836] RamDumpCarveOut=0x0,  RamDumperFlag=0xe59ff3f8
[0000.841] Last reboot was clean, booting normally!
[0000.846] Sdram initialization is successful 
[0000.850] SecureOs Carveout Base=0xff800000 Size=0x00800000
[0000.855] GSC1 Carveout Base=0xff700000 Size=0x00100000
[0000.882] GSC2 Carveout Base=0xff600000 Size=0x00100000
[0000.908] GSC3 Carveout Base=0xff500000 Size=0x00100000
[0000.913] GSC4 Carveout Base=0xff400000 Size=0x00100000
[0000.918] GSC5 Carveout Base=0xff300000 Size=0x00100000
[0000.924] BpmpFw Carveout Base=0xff2c0000 Size=0x00040000
[0000.929] Lp0 Carveout Base=0xff2bf000 Size=0x00001000
[0000.945] RamDump Carveout Base=0xff23f000 Size=0x00080000
[0000.950] Platform-DebugCarveout: 0
[0000.953] Nck Carveout Base=0xff03f000 Size=0x00200000
[0001.003] Using GPT Primary to query partitions 
[0001.009] Loading Tboot-CPU binary
[0001.057] Verifying bootloader in OdmNonSecureSBK mode
[0001.067] Bootloader load address is 0xa0000000,                            entry address is 0xa0000258
[0001.076] Bootloader downloaded successfully.
[0001.080] Downloaded Tboot-CPU binary to 0xa0000258
[0001.086] MAX77620_GPIO1 Configured.
[0001.090] MAX77620_GPIO5 Configured.
[0001.093] CPU power rail is up
[0001.096] CPU clock enabled
[0001.100] Performing RAM repair
[0001.103] Updating A64 Warmreset Address to 0xa00002e9
[0001.122] Bootloader DTB Load Address: 0x83000000
[0001.140] Kernel DTB Load Address: 0x83080000
[0001.145] Loading cboot binary
[0001.239] Verifying bootloader in OdmNonSecureSBK mode
[0001.326] Bootloader load address is 0x8010fda8,                            entry address is 0x80110000
[0001.336] Bootloader downloaded successfully.
[0001.340] GPT: Partition NOT found ! 
[0001.343] Find Partition via GPT Failed
[0001.347] function NvTbootGetBinaryOffsets: 0x845208 error
[0001.352] Error in NvTbootLoadBinary: 0x845208 !
[0001.357] GPT: Partition NOT found ! 
[0001.360] No FB partition
[0001.363] Next binary entry address: 0x80110000 
[0001.367] BoardId: 2595
[0001.372] dram memory type is 3
[0001.378] WB0 init successful
[0001.404] Bpmp FW successfully loaded
[0001.408] Set NvDecSticky Bits
[0001.411] GSC1 address : ff700000
[0001.415] GSC2 address : ff600000
[0001.418] GSC3 address : ff500000
[0001.422] GSC4 address : ff400000
[0001.426] GSC5 address : ff300000
[0001.429] GSC MC Settings done
[0001.434] TOS old plaintext Image length 61440
[0001.441] *** Secure OS image signature not verified ***
[0001.446] Loading and Validation of Secure OS Successful
[0001.451] NvTbootPackSdramParams: start. 
[0001.456] NvTbootPackSdramParams: done. 
[0001.460] Tegraboot started after 784084 us
[0001.464] Basic modules init took 350703 us
[0001.468] Sec Bootdevice Read Time = 203 ms, Read Size = 8459 KB
[0001.473] Next stage binary read took 14370 us
[0001.478] Carveout took 253511 us
[0001.481] CPU initialization took 92539 us
[0001.485] Total time taken by TegraBoot 711123 us

[0001.489] Starting CPU & Halting co-processor 

64b[0001.625] LPDDR4 Training: Number of tables = 10
[0001.629] EMC Training (SRC-freq: 204000; DST-freq: 408000)
[0001.635] EMC Training Successful
[0001.638] EMC Training (SRC-freq: 204000; DST-freq: 665600)
[0001.644] EMC Training Successful
[0001.647] EMC Training (SRC-freq: 204000; DST-freq: 800000)
[0001.659] EMC Training Successful
[0001.662] EMC Training (SRC-freq: 204000; DST-freq: 1065600)
[0001.684] EMC Training Successful
[0001.687] EMC Training (SRC-freq: 204000; DST-freq: 1331200)
[0001.709] EMC Training Successful
[0001.712] EMC Training (SRC-freq: 204000; DST-freq: 1600000)
[0001.731] EMC Training Successful
[0001.735] Switching to 800000 KHz Success
[0001.768] LPDDR4 Training: Number of tables = 10


U-Boot 2015.07-rc2-g2ac3917 (Nov 09 2015 - 13:12:08 -0800)

TEGRA210
Model: NVIDIA P2371-0000
DRAM:  3 GiB
MC:   Tegra SD/MMC: 0, Tegra SD/MMC: 1
*** Warning - bad CRC, using default environment

In:    serial
Out:   serial
Err:   serial
Net:   Net Initialization Skipped
No ethernet found.
Hit any key to stop autoboot:  2  0 
Tegra210 (P2371-0000) # 
Tegra210 (P2371-0000) # ums 0 mmc 0
UMS: disk start sector: 0x0, count: 0x1d5a000
|/-\|/-\/-\|/-\/-\|/-\/-\|/-\/-\|/-\/-\|/-\/-\|/-\/-\|/-\/-\|/-\/-\|/-\/-\|/-\/-\|/-\/-\|/-\/-\|/-\/-CTRL+C - Operation aborted
Tegra210 (P2371-0000) # 
Tegra210 (P2371-0000) # env set fdt_copy_node_names /cpus:/psci
Tegra210 (P2371-0000) # setenv rootpart 1
Tegra210 (P2371-0000) # setenv devtype mmc
Tegra210 (P2371-0000) # setenv devnum 0
Tegra210 (P2371-0000) # part uuid ${devtype} ${devnum}:${rootpart} uuid
Tegra210 (P2371-0000) # setenv bootargs ignore_loglevel console=ttyS0,115200n8 earlycon=uart8250,mmio32,0x70006000 rw root=PARTUUID=00000000-0001-0000-788f-a75600000000 rootwait debug earlyprintk init=/bin/bash
Tegra210 (P2371-0000) # load ${devtype} ${devnum}:${rootpart} ${kernel_addr_r} /boot/Image.defconfig
14987776 bytes read in 796 ms (18 MiB/s)
Tegra210 (P2371-0000) # load ${devtype} ${devnum}:${rootpart} ${fdt_addr_r} /boot/tegra210-p2371-0000.dtb
44882 bytes read in 459 ms (94.7 KiB/s)
Tegra210 (P2371-0000) # load ${devtype} ${devnum}:${rootpart} ${ramdisk_addr_r} /boot/tegra-ramdisk.img
1627787 bytes read in 495 ms (3.1 MiB/s)
Tegra210 (P2371-0000) # ramdisk_size=${filesize}
Tegra210 (P2371-0000) # booti ${kernel_addr_r} - ${fdt_addr_r}
## Flattened Device Tree blob at 82000000
   Booting using the fdt blob at 0x82000000
   Using Device Tree in place at 0000000082000000, end 000000008200df51

Starting kernel ...

[    0.000000] Booting Linux on physical CPU 0x0
[    0.000000] Linux version 4.9.0-next-20161212-165199-gb11a0cf (pwalmsley@tamien) (gcc version 4.9.2 20140904 (prerelease) (crosstool-NG linaro-1.13.1-4.9-2014.09 - Linaro GCC 4.9-2014.09) ) #1 SMP PREEMPT Mon Dec 12 06:44:29 PST 2016
[    0.000000] Boot CPU: AArch64 Processor [411fd071]
[    0.000000] debug: ignoring loglevel setting.
[    0.000000] earlycon: uart8250 at MMIO32 0x0000000070006000 (options '')
[    0.000000] bootconsole [uart8250] enabled
[    0.000000] efi: Getting EFI parameters from FDT:
[    0.000000] efi: UEFI not found.
[    0.000000] cma: Reserved 16 MiB at 0x00000000fe000000
[    0.000000] On node 0 totalpages: 782848
[    0.000000]   DMA zone: 8192 pages used for memmap
[    0.000000]   DMA zone: 0 pages reserved
[    0.000000]   DMA zone: 520704 pages, LIFO batch:31
[    0.000000]   Normal zone: 4096 pages used for memmap
[    0.000000]   Normal zone: 262144 pages, LIFO batch:31
[    0.000000] psci: probing for conduit method from DT.
[    0.000000] psci: PSCIv0.2 detected in firmware.
[    0.000000] psci: Using standard PSCI v0.2 function IDs
[    0.000000] psci: MIGRATE_INFO_TYPE not supported.
[    0.000000] percpu: Embedded 21 pages/cpu @ffff8000bff57000 s48128 r8192 d29696 u86016
[    0.000000] pcpu-alloc: s48128 r8192 d29696 u86016 alloc=21*4096
[    0.000000] pcpu-alloc: [0] 0 [0] 1 [0] 2 [0] 3 
[    0.000000] Detected PIPT I-cache on CPU0
[    0.000000] CPU features: enabling workaround for ARM erratum 832075
[    0.000000] CPU features: enabling workaround for ARM erratum 834220
[    0.000000] Built 1 zonelists in Zone order, mobility grouping on.  Total pages: 770560
[    0.000000] Kernel command line: ignore_loglevel console=ttyS0,115200n8 earlycon=uart8250,mmio32,0x70006000 rw root=PARTUUID=00000000-0001-0000-788f-a75600000000 rootwait debug earlyprintk init=/bin/bash
[    0.000000] PID hash table entries: 4096 (order: 3, 32768 bytes)
[    0.000000] Dentry cache hash table entries: 524288 (order: 10, 4194304 bytes)
[    0.000000] Inode-cache hash table entries: 262144 (order: 9, 2097152 bytes)
[    0.000000] software IO TLB [mem 0xfa000000-0xfe000000] (64MB) mapped at [ffff80007a000000-ffff80007dffffff]
[    0.000000] Memory: 2977920K/3131392K available (8508K kernel code, 940K rwdata, 4112K rodata, 1024K init, 425K bss, 137088K reserved, 16384K cma-reserved)
[    0.000000] Virtual kernel memory layout:
[    0.000000]     modules : 0xffff000000000000 - 0xffff000008000000   (   128 MB)
[    0.000000]     vmalloc : 0xffff000008000000 - 0xffff7dffbfff0000   (129022 GB)
[    0.000000]       .text : 0xffff000008080000 - 0xffff0000088d0000   (  8512 KB)
[    0.000000]     .rodata : 0xffff0000088d0000 - 0xffff000008ce0000   (  4160 KB)
[    0.000000]       .init : 0xffff000008ce0000 - 0xffff000008de0000   (  1024 KB)
[    0.000000]       .data : 0xffff000008de0000 - 0xffff000008ecb200   (   941 KB)
[    0.000000]        .bss : 0xffff000008ecb200 - 0xffff000008f356a0   (   426 KB)
[    0.000000]     fixed   : 0xffff7dfffe7fd000 - 0xffff7dfffec00000   (  4108 KB)
[    0.000000]     PCI I/O : 0xffff7dfffee00000 - 0xffff7dffffe00000   (    16 MB)
[    0.000000]     vmemmap : 0xffff7e0000000000 - 0xffff800000000000   (  2048 GB maximum)
[    0.000000]               0xffff7e0000000000 - 0xffff7e0003000000   (    48 MB actual)
[    0.000000]     memory  : 0xffff800000000000 - 0xffff8000c0000000   (  3072 MB)
[    0.000000] SLUB: HWalign=64, Order=0-3, MinObjects=0, CPUs=4, Nodes=1
[    0.000000] Preemptible hierarchical RCU implementation.
[    0.000000] 	Build-time adjustment of leaf fanout to 64.
[    0.000000] 	RCU restricting CPUs from NR_CPUS=64 to nr_cpu_ids=4.
[    0.000000] RCU: Adjusting geometry for rcu_fanout_leaf=64, nr_cpu_ids=4
[    0.000000] NR_IRQS:64 nr_irqs:64 0
[    0.000000] GIC: Using split EOI/Deactivate mode
[    0.000000] /interrupt-controller@60004000: 192 interrupts forwarded to /interrupt-controller@50041000
[    0.000000] PLL_MB already enabled. Postponing set full defaults
[    0.000000] PLL_U already enabled. Postponing set full defaults
[    0.000000] PLL_P already enabled. Postponing set full defaults
[    0.000000] PLL_X already enabled. Postponing set full defaults
[    0.000000] boot misc1 0x0: expected 0x20
[    0.000000]  (comparison mask = 0xffffff)
[    0.000000] arm_arch_timer: Architected cp15 timer(s) running at 19.20MHz (phys).
[    0.000000] clocksource: arch_sys_counter: mask: 0xffffffffffffff max_cycles: 0x46d987e47, max_idle_ns: 440795202767 ns
[    0.000004] sched_clock: 56 bits at 19MHz, resolution 52ns, wraps every 4398046511078ns
[    0.008428] Console: colour dummy device 80x25
[    0.013045] Calibrating delay loop (skipped), value calculated using timer frequency.. 38.40 BogoMIPS (lpj=76800)
[    0.023667] pid_max: default: 32768 minimum: 301
[    0.028501] Security Framework initialized
[    0.032770] Mount-cache hash table entries: 8192 (order: 4, 65536 bytes)
[    0.039706] Mountpoint-cache hash table entries: 8192 (order: 4, 65536 bytes)
[    0.059142] ASID allocator initialised with 65536 entries
[    0.085647] Speedo Revision 4
[    0.088725] Tegra Revision: A01 SKU: 1 CPU Process: -22 SoC Process: -22
[    0.096512] EFI services will not be available.
[    0.117247] smp: Bringing up secondary CPUs ...
[    0.154082] Detected PIPT I-cache on CPU1
[    0.154124] CPU1: Booted secondary processor [411fd071]
[    0.186144] Detected PIPT I-cache on CPU2
[    0.186175] CPU2: Booted secondary processor [411fd071]
[    0.218219] Detected PIPT I-cache on CPU3
[    0.218250] CPU3: Booted secondary processor [411fd071]
[    0.218308] smp: Brought up 1 node, 4 CPUs
[    0.251167] SMP: Total of 4 processors activated.
[    0.256032] CPU features: detected feature: 32-bit EL0 Support
[    0.262108] CPU: All CPU(s) started at EL2
[    0.266360] alternatives: patching kernel code
[    0.274674] devtmpfs: initialized
[    0.286221] DMI not present or invalid.
[    0.290372] clocksource: jiffies: mask: 0xffffffff max_cycles: 0xffffffff, max_idle_ns: 7645041785100000 ns
[    0.300846] pinctrl core: initialized pinctrl subsystem
[    0.307636] NET: Registered protocol family 16
[    0.313503] cpuidle: using governor menu
[    0.318227] vdso: 2 pages (1 code @ ffff0000088d7000, 1 data @ ffff000008de5000)
[    0.325909] hw-breakpoint: found 6 breakpoint and 4 watchpoint registers.
[    0.333826] DMA: preallocated 256 KiB pool for atomic allocations
[    0.341584] Serial: AMBA PL011 UART driver
[    0.366494] HugeTLB registered 2 MB page size, pre-allocated 0 pages
[    0.373883] ACPI: Interpreter disabled.
[    0.379094] vgaarb: loaded
[    0.382254] SCSI subsystem initialized
[    0.386630] libata version 3.00 loaded.
[    0.391105] usbcore: registered new interface driver usbfs
[    0.396861] usbcore: registered new interface driver hub
[    0.402487] usbcore: registered new device driver usb
[    0.408694] pps_core: LinuxPPS API ver. 1 registered
[    0.413858] pps_core: Software ver. 5.3.6 - Copyright 2005-2007 Rodolfo Giometti <giometti@linux.it>
[    0.423352] PTP clock support registered
[    0.427730] dmi: Firmware registration failed.
[    0.432554] Advanced Linux Sound Architecture Driver Initialized.
[    0.439675] clocksource: Switched to clocksource arch_sys_counter
[    0.446093] VFS: Disk quotas dquot_6.6.0
[    0.450205] VFS: Dquot-cache hash table entries: 512 (order 0, 4096 bytes)
[    0.457572] pnp: PnP ACPI: disabled
[    0.470861] NET: Registered protocol family 2
[    0.475833] TCP established hash table entries: 32768 (order: 6, 262144 bytes)
[    0.483505] TCP bind hash table entries: 32768 (order: 7, 524288 bytes)
[    0.490602] TCP: Hash tables configured (established 32768 bind 32768)
[    0.497438] UDP hash table entries: 2048 (order: 4, 65536 bytes)
[    0.503725] UDP-Lite hash table entries: 2048 (order: 4, 65536 bytes)
[    0.510547] NET: Registered protocol family 1
[    0.515329] RPC: Registered named UNIX socket transport module.
[    0.521475] RPC: Registered udp transport module.
[    0.526340] RPC: Registered tcp transport module.
[    0.531199] RPC: Registered tcp NFSv4.1 backchannel transport module.
[    0.537885] PCI: CLS 0 bytes, default 128
[    0.542675] kvm [1]: 8-bit VMID
[    0.545931] kvm [1]: IDMAP page: 808b9000
[    0.550080] kvm [1]: HYP VA range: 800000000000:ffffffffffff
[    0.556932] kvm [1]: Hyp mode initialized successfully
[    0.562293] kvm [1]: vgic-v2@50044000
[    0.566196] kvm [1]: vgic interrupt IRQ1
[    0.570270] kvm [1]: virtual timer IRQ4
[    0.576670] futex hash table entries: 1024 (order: 5, 131072 bytes)
[    0.583219] audit: initializing netlink subsys (disabled)
[    0.588903] audit: type=2000 audit(0.531:1): initialized
[    0.589347] workingset: timestamp_bits=46 max_order=20 bucket_order=0
[    0.599511] squashfs: version 4.0 (2009/01/31) Phillip Lougher
[    0.600314] NFS: Registering the id_resolver key type
[    0.600330] Key type id_resolver registered
[    0.600333] Key type id_legacy registered
[    0.600342] nfs4filelayout_init: NFSv4 File Layout Driver Registering...
[    0.600505] 9p: Installing v9fs 9p2000 file system support
[    0.613971] Block layer SCSI generic (bsg) driver version 0.4 loaded (major 247)
[    0.613977] io scheduler noop registered
[    0.614182] io scheduler cfq registered (default)
[    0.628375] tegra-apbdma 60020000.dma: Tegra20 APB DMA driver register 32 channels
[    0.629312] tegra-pmc 7000e400.pmc: i2c-thermtrip node not found, emergency thermal reset disabled.
[    0.629486] xenfs: not registering filesystem on non-xen platform
[    0.633796] Serial: 8250/16550 driver, 4 ports, IRQ sharing enabled
[    0.635569] console [ttyS0] disabled
[    0.683693] 70006000.serial: ttyS0 at MMIO 0x70006000 (irq = 312, base_baud = 25500000) is a Tegra
[    0.693025] console [ttyS0] enabled
[    0.693025] console [ttyS0] enabled
[    0.700174] bootconsole [uart8250] disabled
[    0.700174] bootconsole [uart8250] disabled
[    0.709070] SuperH (H)SCI(F) driver initialized
[    0.713851] msm_serial: driver initialized
[    0.718307] cacheinfo: Unable to detect cache hierarchy for CPU 0
[    0.728852] loop: module loaded
[    0.732798] hisi_sas: driver version v1.6
[    0.739371] libphy: Fixed MDIO Bus: probed
[    0.744213] tun: Universal TUN/TAP device driver, 1.6
[    0.749267] tun: (C) 1999-2004 Max Krasnyansky <maxk@qualcomm.com>
[    0.756494] e1000e: Intel(R) PRO/1000 Network Driver - 3.2.6-k
[    0.762333] e1000e: Copyright(c) 1999 - 2015 Intel Corporation.
[    0.768332] igb: Intel(R) Gigabit Ethernet Network Driver - version 5.4.0-k
[    0.775297] igb: Copyright (c) 2007-2014 Intel Corporation.
[    0.780948] igbvf: Intel(R) Gigabit Virtual Function Network Driver - version 2.4.0-k
[    0.788774] igbvf: Copyright (c) 2009 - 2012 Intel Corporation.
[    0.794763] sky2: driver version 1.30
[    0.798983] VFIO - User Level meta-driver version: 0.3
[    0.805464] ehci_hcd: USB 2.0 'Enhanced' Host Controller (EHCI) Driver
[    0.811997] ehci-pci: EHCI PCI platform driver
[    0.816515] ehci-platform: EHCI generic platform driver
[    0.821853] ehci-exynos: EHCI EXYNOS driver
[    0.826144] ehci-msm: Qualcomm On-Chip EHCI Host Controller
[    0.831810] ohci_hcd: USB 1.1 'Open' Host Controller (OHCI) Driver
[    0.838001] ohci-pci: OHCI PCI platform driver
[    0.842517] ohci-platform: OHCI generic platform driver
[    0.847843] ohci-exynos: OHCI EXYNOS driver
[    0.852505] usbcore: registered new interface driver usb-storage
[    0.859583] mousedev: PS/2 mouse device common for all mice
[    0.866489] tegra_rtc 7000e000.rtc: rtc core: registered 7000e000.rtc as rtc1
[    0.873668] tegra_rtc 7000e000.rtc: Tegra internal Real Time Clock
[    0.880020] i2c /dev entries driver
[    0.886328] sdhci: Secure Digital Host Controller Interface driver
[    0.892516] sdhci: Copyright(c) Pierre Ossman
[    0.897159] Synopsys Designware Multimedia Card Interface Driver
[    0.903795] sdhci-pltfm: SDHCI platform and OF driver helper
[    0.909668] mmc0: Unknown controller version (3). You may experience problems.
[    0.959702] mmc0: SDHCI controller on 700b0600.sdhci [700b0600.sdhci] using ADMA 64-bit
[    0.970371] ledtrig-cpu: registered to indicate activity on CPUs
[    0.980446] usbcore: registered new interface driver usbhid
[    0.986042] usbhid: USB HID core driver
[    0.991286] NET: Registered protocol family 17
[    0.995838] 9pnet: Installing 9P2000 support
[    1.001231] Key type dns_resolver registered
[    1.008280] registered taskstats version 1
[    1.019511] hctosys: unable to open rtc device (rtc0)
[    1.025094] ALSA device list:
[    1.028073]   No soundcards found.
[    1.031726] Waiting for root device PARTUUID=00000000-0001-0000-788f-a75600000000...
[    1.065634] mmc0: new high speed MMC card at address 0001
[    1.071449] mmcblk0: mmc0:0001 SDW16G 14.7 GiB 
[    1.076187] mmcblk0boot0: mmc0:0001 SDW16G partition 1 4.00 MiB
[    1.082288] mmcblk0boot1: mmc0:0001 SDW16G partition 2 4.00 MiB
[    1.088382] mmcblk0rpmb: mmc0:0001 SDW16G partition 3 4.00 MiB
[    1.096717]  mmcblk0: p1 p2 p3 p4 p5 p6 p7 p8 p9 p10 p11 p12 p13 p14 p15 p16 p17 p18
[    1.145954] EXT4-fs (mmcblk0p1): couldn't mount as ext3 due to feature incompatibilities
[    1.170035] EXT4-fs (mmcblk0p1): mounted filesystem with ordered data mode. Opts: (null)
[    1.178152] VFS: Mounted root (ext4 filesystem) on device 179:1.
[    1.188926] devtmpfs: mounted
[    1.192495] Freeing unused kernel memory: 1024K
bash: cannot set terminal process group (-1): Inappropriate ioctl for device
bash: no job control in th[    1.359770] random: fast init done
is shell
root@(none):/# 