
U-Boot SPL 2014.01-00219-gc4d376f (Feb 18 2014 - 19:57:32)


U-Boot 2014.01-00219-gc4d376f (Feb 18 2014 - 19:57:32)

TEGRA114
Board: NVIDIA Dalmore
I2C:   ready
DRAM:  2 GiB
MMC:   Tegra SD/MMC: 0, Tegra SD/MMC: 1
In:    serial
Out:   serial
Err:   serial
Net:   Net Initialization Skipped
No ethernet found.
Hit any key to stop autoboot:  2  0 
Tegra114 (Dalmore) # 
Tegra114 (Dalmore) # usb reset
(Re)start USB...
USB0:   USB EHCI 1.10
scanning bus 0 for devices... 2 USB Device(s) found
       scanning usb for storage devices... 0 Storage Device(s) found
       scanning usb for ethernet devices... 
Warning: asx0 using MAC address from net device
1 Ethernet Device(s) found
Tegra114 (Dalmore) # setenv bootargs 'ignore_loglevel console=ttyS0,115200n8 rw root=PARTUUID=7369c667-ff51-ec4a-29cd-baabf2fbe346 rootwait gpt debug earlyprintk init=/bin/bash'
Tegra114 (Dalmore) # setenv ipaddr 192.168.100.100; setenv serverip 192.168.100.1; setenv tftpserverip 192.168.100.1
Tegra114 (Dalmore) # tftpboot 0x81000000 zImage.multi_v7_defconfig
Using asx0 device
TFTP from server 192.168.100.1; our IP address is 192.168.100.100
Filename 'zImage.multi_v7_defconfig'.
Load address: 0x81000000
Loading: *#################################################################
	 #################################################################
	 #################################################################
	 #################################################################
	 #################################################################
	 #################################################################
	 #################################################################
	 ##################################################
	 3.1 MiB/s
done
Bytes transferred = 7405512 (70ffc8 hex)
Tegra114 (Dalmore) # tftpboot 0x82000000 tegra114-dalmore.dtb
Using asx0 device
TFTP from server 192.168.100.1; our IP address is 192.168.100.100
Filename 'tegra114-dalmore.dtb'.
Load address: 0x82000000
Loading: *###
	 2.6 MiB/s
done
Bytes transferred = 35044 (88e4 hex)
Tegra114 (Dalmore) # bootz 0x81000000 - 0x82000000
Kernel image @ 0x81000000 [ 0x000000 - 0x70ffc8 ]
## Flattened Device Tree blob at 82000000
   Booting using the fdt blob at 0x82000000
   Loading Device Tree to 8fff4000, end 8ffff8e3 ... OK

Starting kernel ...

[    0.000000] Booting Linux on physical CPU 0x0
[    0.000000] Linux version 4.10.0-rc2-next-20170103-143161-g533d7e3 (pwalmsley@sellafield) (gcc version 4.7.3 20130328 (prerelease) (crosstool-NG linaro-1.13.1-4.7-2013.04-20130415 - Linaro GCC 2013.04) ) #1 SMP Mon Jan 2 21:20:14 PST 2017
[    0.000000] CPU: ARMv7 Processor [412fc0f2] revision 2 (ARMv7), cr=10c5387d
[    0.000000] CPU: div instructions available: patching division code
[    0.000000] CPU: PIPT / VIPT nonaliasing data cache, PIPT instruction cache
[    0.000000] OF: fdt:Machine model: NVIDIA Tegra114 Dalmore evaluation board
[    0.000000] debug: ignoring loglevel setting.
[    0.000000] efi: Getting EFI parameters from FDT:
[    0.000000] efi: UEFI not found.
[    0.000000] cma: Reserved 64 MiB at 0xfb800000
[    0.000000] Memory policy: Data cache writealloc
[    0.000000] On node 0 totalpages: 524032
[    0.000000] free_area_init_node: node 0, pgdat c142b280, node_mem_map eeff8000
[    0.000000]   DMA zone: 1536 pages used for memmap
[    0.000000]   DMA zone: 0 pages reserved
[    0.000000]   DMA zone: 196608 pages, LIFO batch:31
[    0.000000]   HighMem zone: 327424 pages, LIFO batch:31
[    0.000000] percpu: Embedded 14 pages/cpu @eefa4000 s26048 r8192 d23104 u57344
[    0.000000] pcpu-alloc: s26048 r8192 d23104 u57344 alloc=14*4096
[    0.000000] pcpu-alloc: [0] 0 [0] 1 [0] 2 [0] 3 
[    0.000000] Built 1 zonelists in Zone order, mobility grouping on.  Total pages: 522496
[    0.000000] Kernel command line: ignore_loglevel console=ttyS0,115200n8 rw root=PARTUUID=7369c667-ff51-ec4a-29cd-baabf2fbe346 rootwait gpt debug earlyprintk init=/bin/bash
[    0.000000] PID hash table entries: 4096 (order: 2, 16384 bytes)
[    0.000000] Dentry cache hash table entries: 131072 (order: 7, 524288 bytes)
[    0.000000] Inode-cache hash table entries: 65536 (order: 6, 262144 bytes)
[    0.000000] Memory: 1994948K/2096128K available (9216K kernel code, 1203K rwdata, 4144K rodata, 2048K init, 470K bss, 35644K reserved, 65536K cma-reserved, 1244160K highmem)
[    0.000000] Virtual kernel memory layout:
[    0.000000]     vector  : 0xffff0000 - 0xffff1000   (   4 kB)
[    0.000000]     fixmap  : 0xffc00000 - 0xfff00000   (3072 kB)
[    0.000000]     vmalloc : 0xf0800000 - 0xff800000   ( 240 MB)
[    0.000000]     lowmem  : 0xc0000000 - 0xf0000000   ( 768 MB)
[    0.000000]     pkmap   : 0xbfe00000 - 0xc0000000   (   2 MB)
[    0.000000]     modules : 0xbf000000 - 0xbfe00000   (  14 MB)
[    0.000000]       .text : 0xc0208000 - 0xc0c00000   (10208 kB)
[    0.000000]       .init : 0xc1100000 - 0xc1300000   (2048 kB)
[    0.000000]       .data : 0xc1300000 - 0xc142cd80   (1204 kB)
[    0.000000]        .bss : 0xc142e000 - 0xc14a3bf0   ( 471 kB)
[    0.000000] SLUB: HWalign=64, Order=0-3, MinObjects=0, CPUs=4, Nodes=1
[    0.000000] Hierarchical RCU implementation.
[    0.000000] 	RCU debugfs-based tracing is enabled.
[    0.000000] 	Build-time adjustment of leaf fanout to 32.
[    0.000000] 	RCU restricting CPUs from NR_CPUS=16 to nr_cpu_ids=4.
[    0.000000] RCU: Adjusting geometry for rcu_fanout_leaf=32, nr_cpu_ids=4
[    0.000000] NR_IRQS:16 nr_irqs:16 16
[    0.000000] /interrupt-controller@60004000: 160 interrupts forwarded to /interrupt-controller@50041000
[    0.000000] Tegra clk 127: register failed with -17
[    0.000008] sched_clock: 32 bits at 1000kHz, resolution 1000ns, wraps every 2147483647500ns
[    0.000026] clocksource: timer_us: mask: 0xffffffff max_cycles: 0xffffffff, max_idle_ns: 1911260446275 ns
[    0.000040] Switching to timer-based delay loop, resolution 1000ns
[    0.003164] arm_arch_timer: Architected cp15 timer(s) running at 12.00MHz (virt).
[    0.003181] clocksource: arch_sys_counter: mask: 0xffffffffffffff max_cycles: 0x2c47f4ee7, max_idle_ns: 440795202497 ns
[    0.003199] sched_clock: 56 bits at 12MHz, resolution 83ns, wraps every 4398046511096ns
[    0.003211] Switching to timer-based delay loop, resolution 83ns
[    0.003589] Console: colour dummy device 80x30
[    0.003622] Calibrating delay loop (skipped), value calculated using timer frequency.. 24.00 BogoMIPS (lpj=120000)
[    0.003637] pid_max: default: 32768 minimum: 301
[    0.003739] Mount-cache hash table entries: 2048 (order: 1, 8192 bytes)
[    0.003751] Mountpoint-cache hash table entries: 2048 (order: 1, 8192 bytes)
[    0.004244] CPU: Testing write buffer coherency: ok
[    0.004483] /cpus/cpu@0 missing clock-frequency property
[    0.004511] /cpus/cpu@1 missing clock-frequency property
[    0.004539] /cpus/cpu@2 missing clock-frequency property
[    0.004569] /cpus/cpu@3 missing clock-frequency property
[    0.004582] CPU0: thread -1, cpu 0, socket 0, mpidr 80000000
[    0.004785] Setting up static identity map for 0x80300000 - 0x80300098
[    0.007221] Tegra Revision: A01 SKU: 0 CPU Process: 1 SoC Process: 0
[    0.007759] EFI services will not be available.
[    0.008011] smp: Bringing up secondary CPUs ...
[    0.008541] CPU1: thread -1, cpu 1, socket 0, mpidr 80000001
[    0.009135] CPU2: thread -1, cpu 2, socket 0, mpidr 80000002
[    0.009716] CPU3: thread -1, cpu 3, socket 0, mpidr 80000003
[    0.009802] smp: Brought up 1 node, 4 CPUs
[    0.009821] SMP: Total of 4 processors activated (96.00 BogoMIPS).
[    0.009828] CPU: All CPU(s) started in SVC mode.
[    0.011291] devtmpfs: initialized
[    0.020003] VFP support v0.3: implementor 41 architecture 4 part 30 variant f rev 0
[    0.020332] clocksource: jiffies: mask: 0xffffffff max_cycles: 0xffffffff, max_idle_ns: 19112604462750000 ns
[    0.021681] pinctrl core: initialized pinctrl subsystem
[    0.023242] NET: Registered protocol family 16
[    0.025228] DMA: preallocated 256 KiB pool for atomic coherent allocations
[    0.027179] cpuidle: using governor menu
[    0.050190] No ATAGs?
[    0.050322] hw-breakpoint: found 5 (+1 reserved) breakpoint and 4 watchpoint registers.
[    0.050335] hw-breakpoint: maximum watchpoint size is 8 bytes.
[    0.055279] Serial: AMBA PL011 UART driver
[    0.055973] tegra-mc 70019000.memory-controller: no memory timings for RAM code 3 registered
[    0.070039] dvdd_ts: Failed to request enable GPIO61: -517
[    0.070056] reg-fixed-voltage regulators:regulator@1: Failed to register regulator: -517
[    0.070151] usb1_vbus: Failed to request enable GPIO108: -517
[    0.070164] reg-fixed-voltage regulators:regulator@3: Failed to register regulator: -517
[    0.070257] usb2_vbus: Failed to request enable GPIO86: -517
[    0.070269] reg-fixed-voltage regulators:regulator@4: Failed to register regulator: -517
[    0.070678] VDD_5V0_HDMI_CON: Failed to request enable GPIO81: -517
[    0.070691] reg-fixed-voltage regulators:regulator@7: Failed to register regulator: -517
[    0.073310] vgaarb: loaded
[    0.074023] SCSI subsystem initialized
[    0.074190] libata version 3.00 loaded.
[    0.074401] usbcore: registered new interface driver usbfs
[    0.074458] usbcore: registered new interface driver hub
[    0.074513] usbcore: registered new device driver usb
[    0.077701] tps65090 2-0048: No cache defaults, reading back from HW
[    0.079596] TPS65090_RAILSDCDC1: supplied by vdd_ac_bat
[    0.080112] vdd_hdmi_5v0: supplied by vdd-sys-5v0
[    0.080875] TPS65090_RAILSDCDC2: supplied by vdd_ac_bat
[    0.081920] TPS65090_RAILSDCDC3: supplied by vdd_ac_bat
[    0.082435] TPS65090_RAILSFET1: supplied by vdd_ac_bat
[    0.082798] TPS65090_RAILSFET2: supplied by vdd_ac_bat
[    0.083167] TPS65090_RAILSFET3: supplied by vdd-sys-3v3
[    0.083692] TPS65090_RAILSFET4: supplied by vdd-sys-3v3
[    0.084199] TPS65090_RAILSFET5: supplied by vdd-sys-3v3
[    0.084709] TPS65090_RAILSFET6: supplied by vdd-sys-3v3
[    0.085539] TPS65090_RAILSFET7: supplied by vdd-sys-3v3
[    0.086052] TPS65090_RAILSLDO1: supplied by vdd_ac_bat
[    0.086260] TPS65090_RAILSLDO2: supplied by vdd_ac_bat
[    0.087156] palmas 2-0058: Irq flag is 0x00000004
[    0.089135] palmas 2-0058: Muxing GPIO ff, PWM 0, LED 0
[    0.091610] SMPS12: supplied by vdd-ao
[    0.093216] SMPS3: supplied by vdd-ao
[    0.094953] SMPS457: supplied by vdd-sys-3v3
[    0.097824] SMPS8: supplied by vdd-sys-3v3
[    0.098690] random: fast init done
[    0.099443] SMPS9: supplied by vdd-sys-3v3
[    0.099965] sdhci-vdd-sd-slot: Bringing 2840000uV into 2800000-2800000uV
[    0.102766] LDO1: supplied by vdd-sys-3v3
[    0.103975] LDO2: supplied by vdd-sys-3v3
[    0.105171] LDO3: supplied by vddio-1v8
[    0.106362] LDO4: supplied by vdd-sys-3v3
[    0.107555] LDO5: supplied by vdd_ac_bat
[    0.108316] LDO6: supplied by vdd-sys-3v3
[    0.108826] vdd-sensor-2v85: Bringing 2900000uV into 2850000-2850000uV
[    0.110238] LDO7: supplied by vdd-sys-3v3
[    0.111964] LDO8: supplied by vdd-ao
[    0.112473] vdd-rtc: Bringing 675000uV into 900000-900000uV
[    0.123865] LDO9: supplied by sdhci-vdd-sd-slot
[    0.134188] LDOLN: supplied by vdd-sys-5v0
[    0.135373] LDOUSB: supplied by vdd-sys-5v0
[    0.146947] pps_core: LinuxPPS API ver. 1 registered
[    0.146955] pps_core: Software ver. 5.3.6 - Copyright 2005-2007 Rodolfo Giometti <giometti@linux.it>
[    0.146976] PTP clock support registered
[    0.147160] EDAC MC: Ver: 3.0.0
[    0.149262] clocksource: Switched to clocksource arch_sys_counter
[    0.158484] NET: Registered protocol family 2
[    0.158976] TCP established hash table entries: 8192 (order: 3, 32768 bytes)
[    0.159074] TCP bind hash table entries: 8192 (order: 4, 65536 bytes)
[    0.159285] TCP: Hash tables configured (established 8192 bind 8192)
[    0.159368] UDP hash table entries: 512 (order: 2, 16384 bytes)
[    0.159411] UDP-Lite hash table entries: 512 (order: 2, 16384 bytes)
[    0.159562] NET: Registered protocol family 1
[    0.159866] RPC: Registered named UNIX socket transport module.
[    0.159875] RPC: Registered udp transport module.
[    0.159883] RPC: Registered tcp transport module.
[    0.159890] RPC: Registered tcp NFSv4.1 backchannel transport module.
[    0.159901] PCI: CLS 0 bytes, default 64
[    0.161976] futex hash table entries: 1024 (order: 4, 65536 bytes)
[    0.162442] workingset: timestamp_bits=30 max_order=19 bucket_order=0
[    0.170908] squashfs: version 4.0 (2009/01/31) Phillip Lougher
[    0.171626] NFS: Registering the id_resolver key type
[    0.171654] Key type id_resolver registered
[    0.171661] Key type id_legacy registered
[    0.171701] ntfs: driver 2.1.32 [Flags: R/O].
[    0.173383] bounce: pool size: 64 pages
[    0.173568] Block layer SCSI generic (bsg) driver version 0.4 loaded (major 248)
[    0.173578] io scheduler noop registered
[    0.173586] io scheduler deadline registered
[    0.173758] io scheduler cfq registered (default)
[    0.198344] tegra-apbdma 6000a000.dma: Tegra20 APB DMA driver register 32 channels
[    0.200183] tegra-pmc 7000e400.pmc: i2c-thermtrip node not found, emergency thermal reset disabled.
[    0.254945] Serial: 8250/16550 driver, 4 ports, IRQ sharing disabled
[    0.257847] console [ttyS0] disabled
[    0.257884] 70006300.serial: ttyS0 at MMIO 0x70006300 (irq = 329, base_baud = 25500000) is a Tegra
[    1.235531] console [ttyS0] enabled
[    1.239823] SuperH (H)SCI(F) driver initialized
[    1.245260] msm_serial: driver initialized
[    1.249548] STMicroelectronics ASC driver initialized
[    1.260959] tegra-hdmi 54280000.hdmi: failed to get HDMI regulator
[    1.284638] brd: module loaded
[    1.293144] loop: module loaded
[    1.312414] m25p80 spi32766.0: w25q32dw (4096 Kbytes)
[    1.320368] libphy: Fixed MDIO Bus: probed
[    1.325491] CAN device driver interface
[    1.330205] bgmac_bcma: Broadcom 47xx GBit MAC driver loaded
[    1.337072] e1000e: Intel(R) PRO/1000 Network Driver - 3.2.6-k
[    1.342909] e1000e: Copyright(c) 1999 - 2015 Intel Corporation.
[    1.348876] igb: Intel(R) Gigabit Ethernet Network Driver - version 5.4.0-k
[    1.355844] igb: Copyright (c) 2007-2014 Intel Corporation.
[    1.364563] pegasus: v0.9.3 (2013/04/25), Pegasus/Pegasus II USB Ethernet driver
[    1.372021] usbcore: registered new interface driver pegasus
[    1.377713] usbcore: registered new interface driver asix
[    1.383152] usbcore: registered new interface driver ax88179_178a
[    1.389293] usbcore: registered new interface driver cdc_ether
[    1.395160] usbcore: registered new interface driver smsc75xx
[    1.400960] usbcore: registered new interface driver smsc95xx
[    1.406726] usbcore: registered new interface driver net1080
[    1.412429] usbcore: registered new interface driver cdc_subset
[    1.418369] usbcore: registered new interface driver zaurus
[    1.423996] usbcore: registered new interface driver cdc_ncm
[    1.431495] ehci_hcd: USB 2.0 'Enhanced' Host Controller (EHCI) Driver
[    1.438011] ehci-pci: EHCI PCI platform driver
[    1.442506] ehci-platform: EHCI generic platform driver
[    1.447908] ehci-orion: EHCI orion driver
[    1.452059] SPEAr-ehci: EHCI SPEAr driver
[    1.456190] ehci-st: EHCI STMicroelectronics driver
[    1.461205] ehci-exynos: EHCI EXYNOS driver
[    1.465523] ehci-atmel: EHCI Atmel driver
[    1.469671] tegra-ehci: Tegra EHCI driver
[    1.473958] ohci_hcd: USB 1.1 'Open' Host Controller (OHCI) Driver
[    1.480154] ohci-pci: OHCI PCI platform driver
[    1.484629] ohci-platform: OHCI generic platform driver
[    1.490014] ohci-omap3: OHCI OMAP3 driver
[    1.494140] SPEAr-ohci: OHCI SPEAr driver
[    1.498270] ohci-st: OHCI STMicroelectronics driver
[    1.503296] ohci-atmel: OHCI Atmel driver
[    1.507956] usbcore: registered new interface driver usb-storage
[    1.515430] mousedev: PS/2 mouse device common for all mice
[    1.525358] palmas-rtc 7000d000.i2c:tps65913@58:rtc: rtc core: registered 7000d000.i2c:tps659 as rtc0
[    1.536427] tegra_rtc 7000e000.rtc: rtc core: registered 7000e000.rtc as rtc1
[    1.543614] tegra_rtc 7000e000.rtc: Tegra internal Real Time Clock
[    1.550298] i2c /dev entries driver
[    1.560027] sbs-battery 0-000b: sbs_probe: Failed to get device status
[    1.566556] sbs-battery: probe of 0-000b failed with error -121
[    1.582178] sdhci: Secure Digital Host Controller Interface driver
[    1.588350] sdhci: Copyright(c) Pierre Ossman
[    1.594147] Synopsys Designware Multimedia Card Interface Driver
[    1.601191] sdhci-pltfm: SDHCI platform and OF driver helper
[    1.607517] sdhci-tegra 78000400.sdhci: Got CD GPIO
[    1.612428] sdhci-tegra 78000400.sdhci: Got WP GPIO
[    1.618503] mmc0: Invalid maximum block size, assuming 512 bytes
[    1.689392] mmc0: SDHCI controller on 78000400.sdhci [78000400.sdhci] using ADMA
[    1.697070] mmc1: Invalid maximum block size, assuming 512 bytes
[    1.769284] mmc1: SDHCI controller on 78000600.sdhci [78000600.sdhci] using ADMA
[    1.778408] ledtrig-cpu: registered to indicate activity on CPUs
[    1.786786] usbcore: registered new interface driver usbhid
[    1.794400] usbhid: USB HID core driver
[    1.803806] NET: Registered protocol family 10
[    1.815129] Segment Routing with IPv6
[    1.820906] sit: IPv6, IPv4 and MPLS over IPv4 tunneling driver
[    1.827398] NET: Registered protocol family 17
[    1.831863] can: controller area network core (rev 20120528 abi 9)
[    1.838084] NET: Registered protocol family 29
[    1.842538] can: raw protocol (rev 20120528)
[    1.846801] can: broadcast manager protocol (rev 20161123 t)
[    1.852470] can: netlink gateway (rev 20130117) max_hops=1
[    1.858249] Key type dns_resolver registered
[    1.863046] ThumbEE CPU extension supported.
[    1.867314] Registering SWP/SWPB emulation handler
[    1.892883] mmc0: new high speed SDHC card at address aaaa
[    1.893866] usb1_vbus: supplied by vdd-sys-5v0
[    1.894784] usb2_vbus: supplied by vdd-sys-5v0
[    1.896729] VDD_5V0_HDMI_CON: supplied by vdd-sys-5v0
[    1.914367] mmcblk0: mmc0:aaaa SL16G 14.8 GiB 
[    1.914896] [drm] Supports vblank timestamp caching Rev 2 (21.10.2013).
[    1.914900] [drm] No driver support for vblank timestamp query.
[    1.914955] [drm] Cannot find any crtc or sizes - going 1024x768
[    1.945386] Console: switching to colour frame buffer device 128x48
[    1.959787] drm drm: fb0:  frame buffer device
[    1.964904] [drm] Initialized tegra 0.0.0 20120330 for drm on minor 0
[    1.971546] mmc1: new high speed MMC card at address 0001
[    1.978189] mmcblk1: mmc1:0001 SEM32G 29.1 GiB 
[    1.983814]  mmcblk0: p1 p2 p3
[    1.984362] tegra-ehci 7d008000.usb: EHCI Host Controller
[    1.984401] tegra-ehci 7d008000.usb: new USB bus registered, assigned bus number 1
[    2.000145] mmcblk1boot0: mmc1:0001 SEM32G partition 1 4.00 MiB
[    2.006968] mmcblk1boot1: mmc1:0001 SEM32G partition 2 4.00 MiB
[    2.013790] tegra-ehci 7d008000.usb: irq 339, io mem 0x7d008000
[    2.014458] mmcblk1rpmb: mmc1:0001 SEM32G partition 3 4.00 MiB
[    2.027971]  mmcblk1: p1 p2 p3 p4 p5 p6 p7 p8
[    2.049404] tegra-ehci 7d008000.usb: USB 2.0 started, EHCI 1.10
[    2.056472] hub 1-0:1.0: USB hub found
[    2.060347] hub 1-0:1.0: 1 port detected
[    2.065930] input: gpio-keys as /devices/soc0/gpio-keys/input/input0
[    2.074347] palmas-rtc 7000d000.i2c:tps65913@58:rtc: setting system clock to 2000-10-27 16:53:26 UTC (972665606)
[    2.088718] dvdd_ts: disabling
[    2.091834] usb1_vbus: disabling
[    2.095077] vdd_cam_1v8_reg: disabling
[    2.100485] EXT4-fs (mmcblk1p1): mounting ext3 file system using the ext4 subsystem
[    2.121188] EXT4-fs (mmcblk1p1): recovery complete
[    2.125987] EXT4-fs (mmcblk1p1): mounted filesystem with ordered data mode. Opts: (null)
[    2.134151] VFS: Mounted root (ext3 filesystem) on device 179:17.
[    2.144787] devtmpfs: mounted
[    2.149703] Freeing unused kernel memory: 2048K
bash: cannot set terminal process group (-1): Inappropriate ioctl for device
bash: no job control in this shell
root@(none):/# [    2.429352] usb 1-1: new high-speed USB device number 2 using tegra-ehci
[    3.101640] asix 1-1:1.0 eth0: register 'asix' at usb-7d008000.usb-1, ASIX AX88772 USB 2.0 Ethernet, 00:50:b6:0d:b5:16
mount -t sysfs none /sys
root@(none):/# 
root@(none):/# mount -t debugfs none /sys/kernel/debug
root@(none):/# 
root@(none):/# rtcwake -d rtc1 -m mem -s 3
rtcwake: assuming RTC uses UTC ...
rtcwake: wakeup from "mem" using /dev/rtc1 at Thu Jan  1 00:00:20 1970
[    5.309848] PM: Syncing filesystems ... done.
[    5.323349] Freezing user space processes ... (elapsed 0.001 seconds) done.
[    5.331654] Freezing remaining freezable tasks ... (elapsed 0.001 seconds) done.
[    5.340472] Suspending console(s) (use no_console_suspend to debug)
[    5.401050] PM: suspend of devices complete after 52.972 msecs
[    5.404046] PM: late suspend of devices complete after 2.979 msecs
[    5.406593] PM: noirq suspend of devices complete after 2.536 msecs
[    5.406597] Disabling non-boot CPUs ...
[    5.407158] IRQ17 no longer affine to CPU1
[    5.407494] CPU1: shutdown
[    5.441974] CPU2: shutdown
[    5.501717] CPU3: shutdown
[    5.550897] Entering suspend state LP1
[    5.550897] Suspended for 7.922 seconds
[    5.550916] Enabling non-boot CPUs ...
[    5.580710] CPU1 is up
[    5.620836] CPU2 is up
[    5.661094] CPU3 is up
[    5.662361] PM: noirq resume of devices complete after 1.255 msecs
[    5.664954] PM: early resume of devices complete after 2.150 msecs
[    6.206801] PM: resume of devices complete after 541.830 msecs
[    6.279278] Restarting tasks ... done.
root@(none):/# 
root@(none):/# rtcwake -d rtc1 -m mem -s 3
rtcwake: assuming RTC uses UTC ...
rtcwake: wakeup from "mem" using /dev/rtc1 at Thu Jan  1 00:00:30 1970
[    7.417768] PM: Syncing filesystems ... done.
[    7.430572] Freezing user space processes ... (elapsed 0.001 seconds) done.
[    7.438856] Freezing remaining freezable tasks ... (elapsed 0.001 seconds) done.
[    7.447669] Suspending console(s) (use no_console_suspend to debug)
[    7.511199] PM: suspend of devices complete after 55.897 msecs
[    7.514538] PM: late suspend of devices complete after 3.322 msecs
[    7.517079] PM: noirq suspend of devices complete after 2.530 msecs
[    7.517083] Disabling non-boot CPUs ...
[    7.517902] CPU1: shutdown
[    7.561754] CPU2: shutdown
[    7.621114] IRQ17 no longer affine to CPU3
[    7.621498] CPU3: shutdown
[    7.670383] Entering suspend state LP1
[    7.670383] Suspended for 8.464 seconds
[    7.670401] Enabling non-boot CPUs ...
[    7.700653] CPU1 is up
[    7.740795] CPU2 is up
[    7.781033] CPU3 is up
[    7.782297] PM: noirq resume of devices complete after 1.253 msecs
[    7.784809] PM: early resume of devices complete after 2.041 msecs
[    8.327383] PM: resume of devices complete after 542.557 msecs
[    8.399800] Restarting tasks ... done.
root@(none):/# 
root@(none):/# rtcwake -d rtc1 -m mem -s 3
rtcwake: assuming RTC uses UTC ...
rtcwake: wakeup from "mem" using /dev/rtc1 at Thu Jan  1 00:00:40 1970
[    8.960670] PM: Syncing filesystems ... done.
[    8.973131] Freezing user space processes ... (elapsed 0.001 seconds) done.
[    8.981436] Freezing remaining freezable tasks ... (elapsed 0.001 seconds) done.
[    8.990249] Suspending console(s) (use no_console_suspend to debug)
[    9.051508] PM: suspend of devices complete after 53.651 msecs
[    9.054448] PM: late suspend of devices complete after 2.924 msecs
[    9.057134] PM: noirq suspend of devices complete after 2.676 msecs
[    9.057138] Disabling non-boot CPUs ...
[    9.057625] IRQ17 no longer affine to CPU1
[    9.057994] CPU1: shutdown
[    9.101674] CPU2: shutdown
[    9.161371] CPU3: shutdown
[    9.220501] Entering suspend state LP1
[    9.220501] Suspended for 7.866 seconds
[    9.220520] Enabling non-boot CPUs ...
[    9.250649] CPU1 is up
[    9.290767] CPU2 is up
[    9.330996] CPU3 is up
[    9.332260] PM: noirq resume of devices complete after 1.253 msecs
[    9.335098] PM: early resume of devices complete after 2.384 msecs
[    9.877771] PM: resume of devices complete after 542.653 msecs
[    9.950289] Restarting tasks ... done.
root@(none):/# 
root@(none):/# rtcwake -d rtc1 -m mem -s 3
rtcwake: assuming RTC uses UTC ...
rtcwake: wakeup from "mem" using /dev/rtc1 at Thu Jan  1 00:00:50 1970
[   11.089259] PM: Syncing filesystems ... done.
[   11.102247] Freezing user space processes ... (elapsed 0.001 seconds) done.
[   11.110575] Freezing remaining freezable tasks ... (elapsed 0.001 seconds) done.
[   11.119431] Suspending console(s) (use no_console_suspend to debug)
[   11.180934] PM: suspend of devices complete after 53.898 msecs
[   11.183933] PM: late suspend of devices complete after 2.982 msecs
[   11.186481] PM: noirq suspend of devices complete after 2.537 msecs
[   11.186485] Disabling non-boot CPUs ...
[   11.186962] IRQ17 no longer affine to CPU1
[   11.187312] CPU1: shutdown
[   11.221661] CPU2: shutdown
[   11.301410] CPU3: shutdown
[   11.350338] Entering suspend state LP1
[   11.350338] Suspended for 8.453 seconds
[   11.350356] Enabling non-boot CPUs ...
[   11.380583] CPU1 is up
[   11.420705] CPU2 is up
[   11.460933] CPU3 is up
[   11.462175] PM: noirq resume of devices complete after 1.231 msecs
[   11.465022] PM: early resume of devices complete after 2.383 msecs
[   12.008346] PM: resume of devices complete after 543.306 msecs
[   12.081003] Restarting tasks ... done.
root@(none):/# 
root@(none):/# rtcwake -d rtc1 -m mem -s 3
rtcwake: assuming RTC uses UTC ...
rtcwake: wakeup from "mem" using /dev/rtc1 at Thu Jan  1 00:01:00 1970
[   12.650510] PM: Syncing filesystems ... done.
[   12.663563] Freezing user space processes ... (elapsed 0.001 seconds) done.
[   12.671889] Freezing remaining freezable tasks ... (elapsed 0.001 seconds) done.
[   12.680726] Suspending console(s) (use no_console_suspend to debug)
[   12.740858] PM: suspend of devices complete after 52.527 msecs
[   12.743824] PM: late suspend of devices complete after 2.949 msecs
[   12.746370] PM: noirq suspend of devices complete after 2.535 msecs
[   12.746374] Disabling non-boot CPUs ...
[   12.747183] CPU1: shutdown
[   12.781219] IRQ17 no longer affine to CPU2
[   12.781625] CPU2: shutdown
[   12.861339] CPU3: shutdown
[   12.910281] Entering suspend state LP1
[   12.910281] Suspended for 7.856 seconds
[   12.910300] Enabling non-boot CPUs ...
[   12.940518] CPU1 is up
[   12.980646] CPU2 is up
[   13.020884] CPU3 is up
[   13.022104] PM: noirq resume of devices complete after 1.210 msecs
[   13.024612] PM: early resume of devices complete after 2.060 msecs
[   13.567447] PM: resume of devices complete after 542.819 msecs
[   13.639943] Restarting tasks ... done.
root@(none):/# 
root@(none):/# rtcwake -d rtc1 -m mem -s 3
rtcwake: assuming RTC uses UTC ...
rtcwake: wakeup from "mem" using /dev/rtc1 at Thu Jan  1 00:01:10 1970
[   14.779647] PM: Syncing filesystems ... done.
[   14.792676] Freezing user space processes ... (elapsed 0.001 seconds) done.
[   14.801002] Freezing remaining freezable tasks ... (elapsed 0.001 seconds) done.
[   14.809832] Suspending console(s) (use no_console_suspend to debug)
[   14.870830] PM: suspend of devices complete after 53.394 msecs
[   14.873802] PM: late suspend of devices complete after 2.955 msecs
[   14.876314] PM: noirq suspend of devices complete after 2.502 msecs
[   14.876318] Disabling non-boot CPUs ...
[   14.876791] IRQ17 no longer affine to CPU1
[   14.877145] CPU1: shutdown
[   14.911580] CPU2: shutdown
[   14.971311] CPU3: shutdown
[   15.020228] Entering suspend state LP1
[   15.020228] Suspended for 8.473 seconds
[   15.020247] Enabling non-boot CPUs ...
[   15.050471] CPU1 is up
[   15.090612] CPU2 is up
[   15.130857] CPU3 is up
[   15.132119] PM: noirq resume of devices complete after 1.251 msecs
[   15.134082] PM: early resume of devices complete after 1.692 msecs
[   15.679145] PM: resume of devices complete after 545.047 msecs
[   15.751575] Restarting tasks ... done.
root@(none):/# 
root@(none):/# rtcwake -d rtc1 -m mem -s 3
rtcwake: assuming RTC uses UTC ...
rtcwake: wakeup from "mem" using /dev/rtc1 at Thu Jan  1 00:01:20 1970
[   16.309250] PM: Syncing filesystems ... done.
[   16.322083] Freezing user space processes ... (elapsed 0.001 seconds) done.
[   16.330412] Freezing remaining freezable tasks ... (elapsed 0.001 seconds) done.
[   16.339236] Suspending console(s) (use no_console_suspend to debug)
[   16.401028] PM: suspend of devices complete after 54.180 msecs
[   16.403951] PM: late suspend of devices complete after 2.907 msecs
[   16.406606] PM: noirq suspend of devices complete after 2.645 msecs
[   16.406610] Disabling non-boot CPUs ...
[   16.407452] CPU1: shutdown
[   16.441449] CPU2: shutdown
[   16.501185] CPU3: shutdown
[   16.530320] Entering suspend state LP1
[   16.530320] Suspended for 7.906 seconds
[   16.530339] Enabling non-boot CPUs ...
[   16.560437] CPU1 is up
[   16.600556] CPU2 is up
[   16.640802] CPU3 is up
[   16.642032] PM: noirq resume of devices complete after 1.219 msecs
[   16.644608] PM: early resume of devices complete after 2.109 msecs
[   17.187274] PM: resume of devices complete after 542.650 msecs
[   17.255666] Restarting tasks ... done.
root@(none):/# 
root@(none):/# rtcwake -d rtc1 -m mem -s 3
rtcwake: assuming RTC uses UTC ...
rtcwake: wakeup from "mem" using /dev/rtc1 at Thu Jan  1 00:01:30 1970
[   18.400966] PM: Syncing filesystems ... done.
[   18.413998] Freezing user space processes ... (elapsed 0.001 seconds) done.
[   18.422326] Freezing remaining freezable tasks ... (elapsed 0.001 seconds) done.
[   18.431147] Suspending console(s) (use no_console_suspend to debug)
[   18.491328] PM: suspend of devices complete after 52.570 msecs
[   18.494268] PM: late suspend of devices complete after 2.926 msecs
[   18.496778] PM: noirq suspend of devices complete after 2.500 msecs
[   18.496782] Disabling non-boot CPUs ...
[   18.497262] IRQ17 no longer affine to CPU1
[   18.497628] CPU1: shutdown
[   18.531395] CPU2: shutdown
[   18.591205] CPU3: shutdown
[   18.620242] Entering suspend state LP1
[   18.620242] Suspended for 7.910 seconds
[   18.620260] Enabling non-boot CPUs ...
[   18.650399] CPU1 is up
[   18.690519] CPU2 is up
[   18.730756] CPU3 is up
[   18.732002] PM: noirq resume of devices complete after 1.236 msecs
[   18.734825] PM: early resume of devices complete after 2.373 msecs
[   19.281191] PM: resume of devices complete after 546.349 msecs
[   19.353631] Restarting tasks ... done.
root@(none):/# 
root@(none):/# rtcwake -d rtc1 -m mem -s 3
rtcwake: assuming RTC uses UTC ...
rtcwake: wakeup from "mem" using /dev/rtc1 at Thu Jan  1 00:01:40 1970
[   20.489282] PM: Syncing filesystems ... done.
[   20.502303] Freezing user space processes ... (elapsed 0.001 seconds) done.
[   20.510629] Freezing remaining freezable tasks ... (elapsed 0.001 seconds) done.
[   20.519442] Suspending console(s) (use no_console_suspend to debug)
[   20.581168] PM: suspend of devices complete after 54.121 msecs
[   20.584157] PM: late suspend of devices complete after 2.973 msecs
[   20.586811] PM: noirq suspend of devices complete after 2.644 msecs
[   20.586815] Disabling non-boot CPUs ...
[   20.587307] IRQ17 no longer affine to CPU1
[   20.587657] CPU1: shutdown
[   20.631332] CPU2: shutdown
[   20.691154] CPU3: shutdown
[   20.750186] Entering suspend state LP1
[   20.750186] Suspended for 8.453 seconds
[   20.750205] Enabling non-boot CPUs ...
[   20.780343] CPU1 is up
[   20.820471] CPU2 is up
[   20.860704] CPU3 is up
[   20.861957] PM: noirq resume of devices complete after 1.242 msecs
[   20.864807] PM: early resume of devices complete after 2.387 msecs
[   21.407905] PM: resume of devices complete after 543.080 msecs
[   21.480420] Restarting tasks ... done.
root@(none):/# 
root@(none):/# rtcwake -d rtc1 -m mem -s 3
rtcwake: assuming RTC uses UTC ...
rtcwake: wakeup from "mem" using /dev/rtc1 at Thu Jan  1 00:01:50 1970
[   22.009620] PM: Syncing filesystems ... done.
[   22.022529] Freezing user space processes ... (elapsed 0.001 seconds) done.
[   22.030855] Freezing remaining freezable tasks ... (elapsed 0.001 seconds) done.
[   22.039678] Suspending console(s) (use no_console_suspend to debug)
[   22.101207] PM: suspend of devices complete after 53.923 msecs
[   22.104476] PM: late suspend of devices complete after 3.253 msecs
[   22.107012] PM: noirq suspend of devices complete after 2.526 msecs
[   22.107016] Disabling non-boot CPUs ...
[   22.107802] CPU1: shutdown
[   22.141573] CPU2: shutdown
[   22.201175] CPU3: shutdown
[   22.249977] Entering suspend state LP1
[   22.249977] Suspended for 7.917 seconds
[   22.249995] Enabling non-boot CPUs ...
[   22.280286] CPU1 is up
[   22.320430] CPU2 is up
[   22.360693] CPU3 is up
[   22.361936] PM: noirq resume of devices complete after 1.232 msecs
[   22.364420] PM: early resume of devices complete after 2.023 msecs
[   22.907155] PM: resume of devices complete after 542.719 msecs
[   22.975594] Restarting tasks ... done.
root@(none):/# 
root@(none):/# NVTB SYSTEM SUSPEND TEST COMPLETE
