
U-Boot SPL 2014.01-00219-gc4d376f (Feb 18 2014 - 19:57:18)


U-Boot 2014.01-00219-gc4d376f (Feb 18 2014 - 19:57:18)

TEGRA30
Board: NVIDIA Beaver
I2C:   ready
DRAM:  2 GiB
MMC:   Tegra SD/MMC: 0, Tegra SD/MMC: 1
In:    serial
Out:   serial
Err:   serial
Net:   Net Initialization Skipped
No ethernet found.
Hit any key to stop autoboot:  2  0 
Tegra30 (Beaver) # 
Tegra30 (Beaver) # usb reset
(Re)start USB...
USB0:   USB EHCI 1.00
scanning bus 0 for devices... 2 USB Device(s) found
       scanning usb for storage devices... 0 Storage Device(s) found
       scanning usb for ethernet devices... 
Warning: asx0 using MAC address from net device
1 Ethernet Device(s) found
Tegra30 (Beaver) # setenv bootargs 'ignore_loglevel console=ttyS0,115200n8 rw root=/dev/mmcblk0p1 rootwait gpt debug init=/bin/bash noinitrd'
Tegra30 (Beaver) # setenv ipaddr 192.168.100.101; setenv serverip 192.168.100.1; setenv tftpserverip 192.168.100.1
Tegra30 (Beaver) # tftpboot 0x81000000 zImage.multi_v7_defconfig
Using asx0 device
TFTP from server 192.168.100.1; our IP address is 192.168.100.101
Filename 'zImage.multi_v7_defconfig'.
Load address: 0x81000000
Loading: *#################################################################
	 #################################################################
	 #################################################################
	 #################################################################
	 #################################################################
	 #################################################################
	 ########################################################
	 3.4 MiB/s
done
Bytes transferred = 6543184 (63d750 hex)
Tegra30 (Beaver) # tftpboot 0x82000000 tegra30-beaver.dtb
Using asx0 device
TFTP from server 192.168.100.1; our IP address is 192.168.100.101
Filename 'tegra30-beaver.dtb'.
Load address: 0x82000000
Loading: *####
	 3.3 MiB/s
done
Bytes transferred = 51467 (c90b hex)
Tegra30 (Beaver) # bootz 0x81000000 - 0x82000000
Kernel image @ 0x81000000 [ 0x000000 - 0x63d750 ]
## Flattened Device Tree blob at 82000000
   Booting using the fdt blob at 0x82000000
   Loading Device Tree to 8fff0000, end 8ffff90a ... OK

Starting kernel ...

[    0.000000] Booting Linux on physical CPU 0x0
[    0.000000] Linux version 4.3.0-next-20151109-54253-g6958584 (pwalmsley@sellafield) (gcc version 4.7.3 20130328 (prerelease) (crosstool-NG linaro-1.13.1-4.7-2013.04-20130415 - Linaro GCC 2013.04) ) #1 SMP Mon Nov 9 05:17:32 PST 2015
[    0.000000] CPU: ARMv7 Processor [412fc099] revision 9 (ARMv7), cr=10c5387d
[    0.000000] CPU: PIPT / VIPT nonaliasing data cache, VIPT aliasing instruction cache
[    0.000000] Machine model: NVIDIA Tegra30 Beaver evaluation board
[    0.000000] debug: ignoring loglevel setting.
[    0.000000] cma: Reserved 64 MiB at 0xfb800000
[    0.000000] Memory policy: Data cache writealloc
[    0.000000] On node 0 totalpages: 524032
[    0.000000] free_area_init_node: node 0, pgdat c0fc4180, node_mem_map eeff8000
[    0.000000]   DMA zone: 1536 pages used for memmap
[    0.000000]   DMA zone: 0 pages reserved
[    0.000000]   DMA zone: 196608 pages, LIFO batch:31
[    0.000000]   HighMem zone: 327424 pages, LIFO batch:31
[    0.000000] PERCPU: Embedded 12 pages/cpu @eef93000 s19136 r8192 d21824 u49152
[    0.000000] pcpu-alloc: s19136 r8192 d21824 u49152 alloc=12*4096
[    0.000000] pcpu-alloc: [0] 0 [0] 1 [0] 2 [0] 3 
[    0.000000] Built 1 zonelists in Zone order, mobility grouping on.  Total pages: 522496
[    0.000000] Kernel command line: ignore_loglevel console=ttyS0,115200n8 rw root=/dev/mmcblk0p1 rootwait gpt debug init=/bin/bash noinitrd
[    0.000000] PID hash table entries: 4096 (order: 2, 16384 bytes)
[    0.000000] Dentry cache hash table entries: 131072 (order: 7, 524288 bytes)
[    0.000000] Inode-cache hash table entries: 65536 (order: 6, 262144 bytes)
[    0.000000] Memory: 1998504K/2096128K available (8243K kernel code, 1040K rwdata, 3740K rodata, 1044K init, 341K bss, 32088K reserved, 65536K cma-reserved, 1244160K highmem)
[    0.000000] Virtual kernel memory layout:
[    0.000000]     vector  : 0xffff0000 - 0xffff1000   (   4 kB)
[    0.000000]     fixmap  : 0xffc00000 - 0xfff00000   (3072 kB)
[    0.000000]     vmalloc : 0xf0800000 - 0xff800000   ( 240 MB)
[    0.000000]     lowmem  : 0xc0000000 - 0xf0000000   ( 768 MB)
[    0.000000]     pkmap   : 0xbfe00000 - 0xc0000000   (   2 MB)
[    0.000000]     modules : 0xbf000000 - 0xbfe00000   (  14 MB)
[    0.000000]       .text : 0xc0208000 - 0xc0dbce14   (11988 kB)
[    0.000000]       .init : 0xc0dbd000 - 0xc0ec2000   (1044 kB)
[    0.000000]       .data : 0xc0ec2000 - 0xc0fc60e0   (1041 kB)
[    0.000000]        .bss : 0xc0fc9000 - 0xc101e468   ( 342 kB)
[    0.000000] SLUB: HWalign=64, Order=0-3, MinObjects=0, CPUs=4, Nodes=1
[    0.000000] Hierarchical RCU implementation.
[    0.000000] 	Build-time adjustment of leaf fanout to 32.
[    0.000000] 	RCU restricting CPUs from NR_CPUS=16 to nr_cpu_ids=4.
[    0.000000] RCU: Adjusting geometry for rcu_fanout_leaf=32, nr_cpu_ids=4
[    0.000000] NR_IRQS:16 nr_irqs:16 16
[    0.000000] /interrupt-controller@60004000: 160 interrupts forwarded to /interrupt-controller@50041000
[    0.000000] L2C: platform modifies aux control register: 0x02080000 -> 0x3e480001
[    0.000000] L2C: DT/platform modifies aux control register: 0x02080000 -> 0x3e480001
[    0.000000] L2C-310 erratum 769419 enabled
[    0.000000] L2C-310 enabling early BRESP for Cortex-A9
[    0.000000] L2C-310: enabling full line of zeros but not enabled in Cortex-A9
[    0.000000] L2C-310 dynamic clock gating enabled, standby mode enabled
[    0.000000] L2C-310 cache controller enabled, 8 ways, 1024 kB
[    0.000000] L2C-310: CACHE_ID 0x410000c7, AUX_CTRL 0x4e480001
[    0.000015] sched_clock: 32 bits at 1000kHz, resolution 1000ns, wraps every 2147483647500ns
[    0.000035] clocksource: timer_us: mask: 0xffffffff max_cycles: 0xffffffff, max_idle_ns: 1911260446275 ns
[    0.000043] Switching to timer-based delay loop, resolution 1000ns
[    0.002539] Console: colour dummy device 80x30
[    0.002563] Calibrating delay loop (skipped), value calculated using timer frequency.. 2.00 BogoMIPS (lpj=5000)
[    0.002572] pid_max: default: 32768 minimum: 301
[    0.002659] Mount-cache hash table entries: 2048 (order: 1, 8192 bytes)
[    0.002666] Mountpoint-cache hash table entries: 2048 (order: 1, 8192 bytes)
[    0.003087] CPU: Testing write buffer coherency: ok
[    0.003375] CPU0: thread -1, cpu 0, socket 0, mpidr 80000000
[    0.003452] Setting up static identity map for 0x80209000 - 0x80209098
[    0.005714] Tegra Revision: A03 SKU: 128 CPU Process: 4 SoC Process: 0
[    0.006915] CPU1: thread -1, cpu 1, socket 0, mpidr 80000001
[    0.007556] CPU2: thread -1, cpu 2, socket 0, mpidr 80000002
[    0.008191] CPU3: thread -1, cpu 3, socket 0, mpidr 80000003
[    0.008231] Brought up 4 CPUs
[    0.008244] SMP: Total of 4 processors activated (8.00 BogoMIPS).
[    0.008248] CPU: All CPU(s) started in SVC mode.
[    0.008831] devtmpfs: initialized
[    0.017282] VFP support v0.3: implementor 41 architecture 3 part 30 variant 9 rev 4
[    0.017979] clocksource: jiffies: mask: 0xffffffff max_cycles: 0xffffffff, max_idle_ns: 9556302231375000 ns
[    0.021485] pinctrl core: initialized pinctrl subsystem
[    0.022976] NET: Registered protocol family 16
[    0.025178] DMA: preallocated 256 KiB pool for atomic coherent allocations
[    0.039931] cpuidle: using governor ladder
[    0.054924] cpuidle: using governor menu
[    0.063195] No ATAGs?
[    0.063229] hw-breakpoint: found 5 (+1 reserved) breakpoint and 1 watchpoint registers.
[    0.063236] hw-breakpoint: maximum watchpoint size is 4 bytes.
[    0.066081] Serial: AMBA PL011 UART driver
[    0.067188] tegra-mc 7000f000.memory-controller: no memory timings for RAM code 3 registered
[    0.087966] vdd_5v_sata: Failed to request enable GPIO30: -517
[    0.088032] reg-fixed-voltage regulators:regulator@3: Failed to register regulator: -517
[    0.088142] usb1_vbus: Failed to request enable GPIO238: -517
[    0.088193] reg-fixed-voltage regulators:regulator@4: Failed to register regulator: -517
[    0.088298] usb3_vbus: Failed to request enable GPIO236: -517
[    0.088348] reg-fixed-voltage regulators:regulator@5: Failed to register regulator: -517
[    0.088500] sys_3v3_pexs: Failed to request enable GPIO95: -517
[    0.088551] reg-fixed-voltage regulators:regulator@7: Failed to register regulator: -517
[    0.090642] vgaarb: loaded
[    0.091218] SCSI subsystem initialized
[    0.091370] libata version 3.00 loaded.
[    0.091559] usbcore: registered new interface driver usbfs
[    0.091597] usbcore: registered new interface driver hub
[    0.091635] usbcore: registered new device driver usb
[    0.146730] pps_core: LinuxPPS API ver. 1 registered
[    0.146740] pps_core: Software ver. 5.3.6 - Copyright 2005-2007 Rodolfo Giometti <giometti@linux.it>
[    0.146757] PTP clock support registered
[    0.146910] EDAC MC: Ver: 3.0.0
[    0.148439] clocksource: Switched to clocksource timer_us
[    0.154506] NET: Registered protocol family 2
[    0.154899] TCP established hash table entries: 8192 (order: 3, 32768 bytes)
[    0.154952] TCP bind hash table entries: 8192 (order: 4, 65536 bytes)
[    0.155035] TCP: Hash tables configured (established 8192 bind 8192)
[    0.155121] UDP hash table entries: 512 (order: 2, 16384 bytes)
[    0.155178] UDP-Lite hash table entries: 512 (order: 2, 16384 bytes)
[    0.155351] NET: Registered protocol family 1
[    0.155585] RPC: Registered named UNIX socket transport module.
[    0.155592] RPC: Registered udp transport module.
[    0.155596] RPC: Registered tcp transport module.
[    0.155600] RPC: Registered tcp NFSv4.1 backchannel transport module.
[    0.155619] PCI: CLS 0 bytes, default 64
[    0.156357] hw perfevents: enabled with armv7_cortex_a9 PMU driver, 7 counters available
[    0.157316] futex hash table entries: 1024 (order: 4, 65536 bytes)
[    0.163588] squashfs: version 4.0 (2009/01/31) Phillip Lougher
[    0.164088] NFS: Registering the id_resolver key type
[    0.164140] Key type id_resolver registered
[    0.164145] Key type id_legacy registered
[    0.164190] ntfs: driver 2.1.32 [Flags: R/O].
[    0.165009] bounce: pool size: 64 pages
[    0.165131] Block layer SCSI generic (bsg) driver version 0.4 loaded (major 249)
[    0.165145] io scheduler noop registered
[    0.165153] io scheduler deadline registered
[    0.165175] io scheduler cfq registered (default)
[    0.170598] tegra30-pinctrl 70000868.pinmux: invalid group "sdmmc3_dat6_pd3" for function "rsvd1"
[    0.170613] tegra30-pinctrl 70000868.pinmux: invalid group "sdmmc3_dat7_pd4" for function "rsvd1"
[    0.170628] tegra30-pinctrl 70000868.pinmux: invalid group "vi_vsync_pd6" for function "rsvd1"
[    0.170638] tegra30-pinctrl 70000868.pinmux: invalid group "vi_hsync_pd7" for function "rsvd1"
[    0.171084] tegra30-pinctrl 70000868.pinmux: invalid group "hdmi_int_pn7" for function "rsvd1"
[    0.171127] tegra30-pinctrl 70000868.pinmux: invalid group "ulpi_data3_po4" for function "rsvd1"
[    0.171445] tegra30-pinctrl 70000868.pinmux: invalid group "vi_d10_pt2" for function "rsvd1"
[    0.171458] tegra30-pinctrl 70000868.pinmux: invalid group "vi_d11_pt3" for function "rsvd1"
[    0.171470] tegra30-pinctrl 70000868.pinmux: invalid group "vi_d0_pt4" for function "rsvd1"
[    0.171516] tegra30-pinctrl 70000868.pinmux: invalid group "pu0" for function "rsvd1"
[    0.171546] tegra30-pinctrl 70000868.pinmux: invalid group "pu3" for function "rsvd1"
[    0.171576] tegra30-pinctrl 70000868.pinmux: invalid group "pu6" for function "rsvd1"
[    0.171616] tegra30-pinctrl 70000868.pinmux: invalid group "pv3" for function "rsvd1"
[    0.172087] tegra30-pinctrl 70000868.pinmux: invalid group "pbb0" for function "rsvd1"
[    0.172197] tegra30-pinctrl 70000868.pinmux: invalid group "pcc1" for function "rsvd1"
[    0.176411] tegra-pcie 3000.pcie-controller: 2x3 configuration
[    0.176529] vdd_1v5_gen: supplied by vdd_5v_in
[    0.176575] vdd_pexa,vdd_pexb: supplied by vdd_1v5_gen
[    0.176678] tegra-pcie 3000.pcie-controller: Failed to get supply 'hvdd-pex': -517
[    0.180690] tegra-apbdma 6000a000.dma: Tegra20 APB DMA driver register 32 channels
[    0.181628] tegra-pmc 7000e400.pmc: i2c-thermtrip node not found, emergency thermal reset disabled.
[    0.214489] Serial: 8250/16550 driver, 4 ports, IRQ sharing disabled
[    0.216165] SuperH (H)SCI(F) driver initialized
[    0.216724] msm_serial: driver initialized
[    0.217353] console [ttyS0] disabled
[    0.217392] 70006000.serial: ttyS0 at MMIO 0x70006000 (irq = 331, base_baud = 25500000) is a Tegra
[    1.144503] console [ttyS0] enabled
[    1.148467] STMicroelectronics ASC driver initialized
[    1.155024] [drm] Initialized drm 1.1.0 20060810
[    1.161175] tegra-hdmi 54280000.hdmi: failed to get HDMI regulator
[    1.172731] loop: module loaded
[    1.180663] m25p80 spi32766.1: w25q32 (4096 Kbytes)
[    1.185563] spi32766.1: 'partitions' subnode not found on /spi@7000da00/spi-flash@1. Trying to parse direct subnodes as partitions.
[    1.199196] libphy: Fixed MDIO Bus: probed
[    1.203698] CAN device driver interface
[    1.208333] igb: Intel(R) Gigabit Ethernet Network Driver - version 5.3.0-k
[    1.215290] igb: Copyright (c) 2007-2014 Intel Corporation.
[    1.222651] pegasus: v0.9.3 (2013/04/25), Pegasus/Pegasus II USB Ethernet driver
[    1.230091] usbcore: registered new interface driver pegasus
[    1.235781] usbcore: registered new interface driver asix
[    1.241203] usbcore: registered new interface driver ax88179_178a
[    1.247317] usbcore: registered new interface driver cdc_ether
[    1.253186] usbcore: registered new interface driver smsc75xx
[    1.258965] usbcore: registered new interface driver smsc95xx
[    1.264731] usbcore: registered new interface driver net1080
[    1.270410] usbcore: registered new interface driver cdc_subset
[    1.276348] usbcore: registered new interface driver zaurus
[    1.281978] usbcore: registered new interface driver cdc_ncm
[    1.288999] ehci_hcd: USB 2.0 'Enhanced' Host Controller (EHCI) Driver
[    1.295527] ehci-pci: EHCI PCI platform driver
[    1.300004] ehci-platform: EHCI generic platform driver
[    1.305353] ehci-omap: OMAP-EHCI Host Controller driver
[    1.310655] ehci-orion: EHCI orion driver
[    1.314743] SPEAr-ehci: EHCI SPEAr driver
[    1.318833] ehci-st: EHCI STMicroelectronics driver
[    1.323794] ehci-exynos: EHCI EXYNOS driver
[    1.328059] ehci-atmel: EHCI Atmel driver
[    1.332149] tegra-ehci: Tegra EHCI driver
[    1.336484] ohci_hcd: USB 1.1 'Open' Host Controller (OHCI) Driver
[    1.342673] ohci-pci: OHCI PCI platform driver
[    1.347148] ohci-platform: OHCI generic platform driver
[    1.352475] ohci-omap3: OHCI OMAP3 driver
[    1.356567] SPEAr-ohci: OHCI SPEAr driver
[    1.360659] ohci-st: OHCI STMicroelectronics driver
[    1.365612] ohci-atmel: OHCI Atmel driver
[    1.369917] usbcore: registered new interface driver usb-storage
[    1.376842] mousedev: PS/2 mouse device common for all mice
[    1.384604] tegra_rtc 7000e000.rtc: rtc core: registered 7000e000.rtc as rtc1
[    1.391777] tegra_rtc 7000e000.rtc: Tegra internal Real Time Clock
[    1.410506] tps65910-rtc tps65910-rtc: rtc core: registered tps65910-rtc as rtc0
[    1.418100] i2c /dev entries driver
[    1.426981] sdhci: Secure Digital Host Controller Interface driver
[    1.433160] sdhci: Copyright(c) Pierre Ossman
[    1.438417] Synopsys Designware Multimedia Card Interface Driver
[    1.445067] sdhci-pltfm: SDHCI platform and OF driver helper
[    1.451218] sdhci-tegra 78000000.sdhci: Got CD GPIO
[    1.456103] sdhci-tegra 78000000.sdhci: Got WP GPIO
[    1.462114] sdhci-tegra 78000000.sdhci: No vmmc regulator found
[    1.468031] sdhci-tegra 78000000.sdhci: No vqmmc regulator found
[    1.474030] mmc0: Invalid maximum block size, assuming 512 bytes
[    1.513518] mmc0: SDHCI controller on 78000000.sdhci [78000000.sdhci] using ADMA
[    1.522083] sdhci-tegra 78000600.sdhci: No vmmc regulator found
[    1.528008] sdhci-tegra 78000600.sdhci: No vqmmc regulator found
[    1.534008] mmc1: Invalid maximum block size, assuming 512 bytes
[    1.573444] mmc1: SDHCI controller on 78000600.sdhci [78000600.sdhci] using ADMA
[    1.585957] ledtrig-cpu: registered to indicate activity on CPUs
[    1.592187] usbcore: registered new interface driver usbhid
[    1.597760] usbhid: USB HID core driver
[    1.610443] NET: Registered protocol family 10
[    1.621493] sit: IPv6 over IPv4 tunneling driver
[    1.628593] NET: Registered protocol family 17
[    1.635056] can: controller area network core (rev 20120528 abi 9)
[    1.641280] NET: Registered protocol family 29
[    1.647733] can: raw protocol (rev 20120528)
[    1.652009] can: broadcast manager protocol (rev 20120528 t)
[    1.657675] can: netlink gateway (rev 20130117) max_hops=1
[    1.663476] Key type dns_resolver registered
[    1.668154] ThumbEE CPU extension supported.
[    1.672439] Registering SWP/SWPB emulation handler
[    1.694404] tegra-pcie 3000.pcie-controller: 2x3 configuration
[    1.700394] sys_3v3,vdd_3v3_alw: supplied by vdd_5v_in
[    1.705553] sys_3v3_pexs: supplied by sys_3v3,vdd_3v3_alw
[    1.714306] tegra-pcie 3000.pcie-controller: probing port 0, using 2 lanes
[    1.718767] mmc1: new high speed MMC card at address 0001
[    1.720639] mmcblk0: mmc1:0001 SEM16G 14.8 GiB 
[    1.722256] mmcblk0boot0: mmc1:0001 SEM16G partition 1 1.00 MiB
[    1.723481] mmcblk0boot1: mmc1:0001 SEM16G partition 2 1.00 MiB
[    1.725144] mmcblk0rpmb: mmc1:0001 SEM16G partition 3 128 KiB
[    1.732952] Primary GPT is invalid, using alternate GPT.
[    1.732967]  mmcblk0: p1 p2 p3 p4 p5
[    1.781657] tegra-pcie 3000.pcie-controller: probing port 2, using 2 lanes
[    2.192345] tegra-pcie 3000.pcie-controller: link 2 down, retrying
[    2.602349] tegra-pcie 3000.pcie-controller: link 2 down, retrying
[    3.012343] tegra-pcie 3000.pcie-controller: link 2 down, retrying
[    3.020532] tegra-pcie 3000.pcie-controller: link 2 down, ignoring
[    3.026835] tegra-pcie 3000.pcie-controller: PCI host bridge to bus 0000:00
[    3.033797] pci_bus 0000:00: root bus resource [mem 0x20000000-0x27ffffff]
[    3.040664] pci_bus 0000:00: root bus resource [mem 0x28000000-0x3fffffff pref]
[    3.047963] pci_bus 0000:00: root bus resource [bus 00-ff]
[    3.053442] pci_bus 0000:00: root bus resource [io  0x1000-0xffff]
[    3.059633] pci 0000:00:01.0: [10de:0e1c] type 01 class 0x060400
[    3.065694] pci 0000:00:01.0: PME# supported from D0 D1 D2 D3hot D3cold
[    3.072456] PCI: bus0: Fast back to back transfers disabled
[    3.078026] pci 0000:00:01.0: bridge configuration invalid ([bus 00-00]), reconfiguring
[    3.086126] pci 0000:01:00.0: [10ec:8168] type 00 class 0x020000
[    3.092158] pci 0000:01:00.0: reg 0x10: [io  0x0000-0x00ff]
[    3.097737] pci 0000:01:00.0: reg 0x18: [mem 0x00000000-0x00000fff 64bit pref]
[    3.104958] pci 0000:01:00.0: reg 0x20: [mem 0x00000000-0x00003fff 64bit pref]
[    3.112220] pci 0000:01:00.0: supports D1 D2
[    3.116486] pci 0000:01:00.0: PME# supported from D0 D1 D2 D3hot D3cold
[    3.128463] PCI: bus1: Fast back to back transfers disabled
[    3.134033] pci_bus 0000:01: busn_res: [bus 01-ff] end is updated to 01
[    3.140699] pci 0000:00:01.0: BAR 9: assigned [mem 0x28000000-0x280fffff 64bit pref]
[    3.148436] pci 0000:00:01.0: BAR 7: assigned [io  0x1000-0x1fff]
[    3.154525] pci 0000:01:00.0: BAR 4: assigned [mem 0x28000000-0x28003fff 64bit pref]
[    3.162267] pci 0000:01:00.0: BAR 2: assigned [mem 0x28004000-0x28004fff 64bit pref]
[    3.170007] pci 0000:01:00.0: BAR 0: assigned [io  0x1000-0x10ff]
[    3.176095] pci 0000:00:01.0: PCI bridge to [bus 01]
[    3.181053] pci 0000:00:01.0:   bridge window [io  0x1000-0x1fff]
[    3.187139] pci 0000:00:01.0:   bridge window [mem 0x28000000-0x280fffff 64bit pref]
[    3.194884] pci 0000:00:01.0: nv_msi_ht_cap_quirk didn't locate host bridge
[    3.201936] pcieport 0000:00:01.0: enabling device (0140 -> 0143)
[    3.208165] pcieport 0000:00:01.0: Signaling PME through PCIe PME interrupt
[    3.215121] pci 0000:01:00.0: Signaling PME through PCIe PME interrupt
[    3.221641] pcie_pme 0000:00:01.0:pcie01: service driver pcie_pme loaded
[    3.228515] r8169 Gigabit Ethernet driver 2.3LK-NAPI loaded
[    3.234099] r8169 0000:01:00.0: enabling device (0140 -> 0143)
[    3.241222] r8169 0000:01:00.0 eth0: RTL8168evl/8111evl at 0xf08d6000, 02:04:4b:01:60:a6, XID 0c900800 IRQ 375
[    3.251220] r8169 0000:01:00.0 eth0: jumbo features [frames: 9200 bytes, tx checksumming: ko]
[    3.260632] +VDD_5V_HDMI: supplied by sys_3v3,vdd_3v3_alw
[    3.266140] vdd_1v8_gen: supplied by vdd_5v_in
[    3.273592] [drm] Supports vblank timestamp caching Rev 2 (21.10.2013).
[    3.280201] [drm] No driver support for vblank timestamp query.
[    3.286142] drm drm: No connectors reported connected with modes
[    3.292148] [drm] Cannot find any crtc or sizes - going 1024x768
[    3.320176] Console: switching to colour frame buffer device 128x48
[    3.332672] drm drm: fb0:  frame buffer device
[    3.348829] [drm] Initialized tegra 0.0.0 20120330 on minor 0
[    3.357420] usb3_vbus: supplied by vdd_5v_in
[    3.363848] utmi_phy_clk_enable: timeout waiting for phy to stabilize
[    3.370307] tegra-ehci 7d004000.usb: EHCI Host Controller
[    3.375714] tegra-ehci 7d004000.usb: new USB bus registered, assigned bus number 1
[    3.383569] tegra-ehci 7d004000.usb: irq 343, io mem 0x7d004000
[    3.398845] tegra-ehci 7d004000.usb: USB 2.0 started, EHCI 1.00
[    3.406101] hub 1-0:1.0: USB hub found
[    3.409873] hub 1-0:1.0: 1 port detected
[    3.414790] tegra-ehci 7d008000.usb: EHCI Host Controller
[    3.420210] tegra-ehci 7d008000.usb: new USB bus registered, assigned bus number 2
[    3.427947] tegra-ehci 7d008000.usb: irq 344, io mem 0x7d008000
[    3.443834] tegra-ehci 7d008000.usb: USB 2.0 started, EHCI 1.00
[    3.450991] hub 2-0:1.0: USB hub found
[    3.454758] hub 2-0:1.0: 1 port detected
[    3.463231] tps65910-rtc tps65910-rtc: setting system clock to 2000-01-01 00:00:02 UTC (946684802)
[    3.477168] vdd_sata,avdd_plle: disabling
[    3.481625] usb1_vbus: disabling
[    3.487570] EXT4-fs (mmcblk0p1): mounting ext3 file system using the ext4 subsystem
[    3.505030] EXT4-fs (mmcblk0p1): warning: mounting fs with errors, running e2fsck is recommended
[    3.516480] EXT4-fs (mmcblk0p1): recovery complete
[    3.521285] EXT4-fs (mmcblk0p1): mounted filesystem with ordered data mode. Opts: (null)
[    3.529403] VFS: Mounted root (ext3 filesystem) on device 179:1.
[    3.546413] devtmpfs: mounted
[    3.550333] Freeing unused kernel memory: 1044K (c0dbd000 - c0ec2000)
bash: cannot set terminal process group (-1): Inappropriate ioctl for device
bash: no job control in this shell
root@(none):/# [    3.768860] usb 2-1: new high-speed USB device number 2 using tegra-ehci
