
U-Boot SPL 2015.04-rc3-00209-ga74ef40 (Mar 16 2015 - 14:43:39)


U-Boot 2015.04-rc3-00209-ga74ef40 (Mar 16 2015 - 14:43:39)

TEGRA20
Model: Compulab TrimSlice board
DRAM:  1 GiB
MMC:   Tegra SD/MMC: 0, Tegra SD/MMC: 1
SF: Detected W25Q80BL with page size 256 Bytes, erase size 4 KiB, total 1 MiB
tegra-pcie: PCI regions:
tegra-pcie:   I/O: 0x82000000-0x82010000
tegra-pcie:   non-prefetchable memory: 0xa0000000-0xa8000000
tegra-pcie:   prefetchable memory: 0xa8000000-0xc0000000
tegra-pcie: dual-mode configuration
tegra-pcie: probing port 0, using 2 lanes
In:    serial
Out:   serial
Err:   serial
Net:   RTL8169#0
Hit any key to stop autoboot:  2  0 
Tegra20 (TrimSlice) # 
Tegra20 (TrimSlice) # usb reset
resetting USB...
USB0:   USB EHCI 1.00
scanning bus 0 for devices... 3 USB Device(s) found
USB1:   USB EHCI 1.00
scanning bus 1 for devices... 1 USB Device(s) found
USB2:   lowlevel init failed
       scanning usb for storage devices... 0 Storage Device(s) found
       scanning usb for ethernet devices... 
Warning: asx0 using MAC address from net device
1 Ethernet Device(s) found
Tegra20 (TrimSlice) # setenv bootargs 'ignore_loglevel console=ttyS0,115200n8 rw root=PARTUUID=11eb23c1-01 rootwait gpt debug noinitrd earlyprintk init=/bin/bash'
Tegra20 (TrimSlice) # setenv ipaddr 192.168.100.103; setenv serverip 192.168.100.1; setenv tftpserverip 192.168.100.1
Tegra20 (TrimSlice) # tftpboot 0x00408000 zImage.multi_v7_defconfig
Using RTL8169#0 device
TFTP from server 192.168.100.1; our IP address is 192.168.100.103
Filename 'zImage.multi_v7_defconfig'.
Load address: 0x408000
Loading: *#################################################################
	 #################################################################
	 #################################################################
	 #################################################################
	 #################################################################
	 #################################################################
	 #################################################################
	 #################################################################
	 ######################
	 4 MiB/s
done
Bytes transferred = 7947552 (794520 hex)
Tegra20 (TrimSlice) # tftpboot 0x02408000 tegra20-trimslice.dtb
Using RTL8169#0 device
TFTP from server 192.168.100.1; our IP address is 192.168.100.103
Filename 'tegra20-trimslice.dtb'.
Load address: 0x2408000
Loading: *##
	 3.4 MiB/s
done
Bytes transferred = 21426 (53b2 hex)
Tegra20 (TrimSlice) # bootz 0x00408000 - 0x02408000
Kernel image @ 0x408000 [ 0x000000 - 0x794520 ]
## Flattened Device Tree blob at 02408000
   Booting using the fdt blob at 0x2408000
   Using Device Tree in place at 02408000, end 024103b1

Starting kernel ...

[    0.000000] Booting Linux on physical CPU 0x0
[    0.000000] Linux version 4.12.0-rc4-next-20170609-177707-gfc11440 (jonathanh@sellafield) (gcc version 4.7.3 20130328 (prerelease) (crosstool-NG linaro-1.13.1-4.7-2013.04-20130415 - Linaro GCC 2013.04) ) #1 SMP Thu Jun 8 23:49:00 PDT 2017
[    0.000000] CPU: ARMv7 Processor [411fc090] revision 0 (ARMv7), cr=10c5387d
[    0.000000] CPU: PIPT / VIPT nonaliasing data cache, VIPT aliasing instruction cache
[    0.000000] OF: fdt: Machine model: Compulab TrimSlice board
[    0.000000] debug: ignoring loglevel setting.
[    0.000000] Memory policy: Data cache writealloc
[    0.000000] efi: Getting EFI parameters from FDT:
[    0.000000] efi: UEFI not found.
[    0.000000] cma: Reserved 64 MiB at 0x3c000000
[    0.000000] On node 0 totalpages: 262144
[    0.000000] free_area_init_node: node 0, pgdat c157e100, node_mem_map ef7f8000
[    0.000000]   DMA zone: 1536 pages used for memmap
[    0.000000]   DMA zone: 0 pages reserved
[    0.000000]   DMA zone: 196608 pages, LIFO batch:31
[    0.000000]   HighMem zone: 65536 pages, LIFO batch:15
[    0.000000] percpu: Embedded 17 pages/cpu @ef7c4000 s39296 r8192 d22144 u69632
[    0.000000] pcpu-alloc: s39296 r8192 d22144 u69632 alloc=17*4096
[    0.000000] pcpu-alloc: [0] 0 [0] 1 
[    0.000000] Built 1 zonelists in Zone order, mobility grouping on.  Total pages: 260608
[    0.000000] Kernel command line: ignore_loglevel console=ttyS0,115200n8 rw root=PARTUUID=11eb23c1-01 rootwait gpt debug noinitrd earlyprintk init=/bin/bash
[    0.000000] PID hash table entries: 4096 (order: 2, 16384 bytes)
[    0.000000] Dentry cache hash table entries: 131072 (order: 7, 524288 bytes)
[    0.000000] Inode-cache hash table entries: 65536 (order: 6, 262144 bytes)
[    0.000000] Memory: 954384K/1048576K available (10240K kernel code, 1559K rwdata, 4416K rodata, 2048K init, 402K bss, 28656K reserved, 65536K cma-reserved, 196608K highmem)
[    0.000000] Virtual kernel memory layout:
[    0.000000]     vector  : 0xffff0000 - 0xffff1000   (   4 kB)
[    0.000000]     fixmap  : 0xffc00000 - 0xfff00000   (3072 kB)
[    0.000000]     vmalloc : 0xf0800000 - 0xff800000   ( 240 MB)
[    0.000000]     lowmem  : 0xc0000000 - 0xf0000000   ( 768 MB)
[    0.000000]     pkmap   : 0xbfe00000 - 0xc0000000   (   2 MB)
[    0.000000]     modules : 0xbf000000 - 0xbfe00000   (  14 MB)
[    0.000000]       .text : 0xc0208000 - 0xc0d00000   (11232 kB)
[    0.000000]       .init : 0xc1200000 - 0xc1400000   (2048 kB)
[    0.000000]       .data : 0xc1400000 - 0xc1585d70   (1560 kB)
[    0.000000]        .bss : 0xc158ecd4 - 0xc15f36cc   ( 403 kB)
[    0.000000] SLUB: HWalign=64, Order=0-3, MinObjects=0, CPUs=2, Nodes=1
[    0.000000] Hierarchical RCU implementation.
[    0.000000] 	RCU event tracing is enabled.
[    0.000000] 	RCU restricting CPUs from NR_CPUS=16 to nr_cpu_ids=2.
[    0.000000] RCU: Adjusting geometry for rcu_fanout_leaf=16, nr_cpu_ids=2
[    0.000000] NR_IRQS: 16, nr_irqs: 16, preallocated irqs: 16
[    0.000000] /interrupt-controller@60004000: 128 interrupts forwarded to /interrupt-controller@50041000
[    0.000000] L2C: platform modifies aux control register: 0x02080000 -> 0x3e480001
[    0.000000] L2C: DT/platform modifies aux control register: 0x02080000 -> 0x3e480001
[    0.000000] L2C-310 errata 727915 769419 enabled
[    0.000000] L2C-310 enabling early BRESP for Cortex-A9
[    0.000000] L2C-310: enabling full line of zeros but not enabled in Cortex-A9
[    0.000000] L2C-310 ID prefetch enabled, offset 1 lines
[    0.000000] L2C-310 cache controller enabled, 8 ways, 1024 kB
[    0.000000] L2C-310: CACHE_ID 0x410000c4, AUX_CTRL 0x7e480001
[    0.000009] sched_clock: 32 bits at 1000kHz, resolution 1000ns, wraps every 2147483647500ns
[    0.000025] clocksource: timer_us: mask: 0xffffffff max_cycles: 0xffffffff, max_idle_ns: 1911260446275 ns
[    0.000036] Switching to timer-based delay loop, resolution 1000ns
[    0.001675] Console: colour dummy device 80x30
[    0.001702] Calibrating delay loop (skipped), value calculated using timer frequency.. 2.00 BogoMIPS (lpj=10000)
[    0.001714] pid_max: default: 32768 minimum: 301
[    0.001785] Mount-cache hash table entries: 2048 (order: 1, 8192 bytes)
[    0.001796] Mountpoint-cache hash table entries: 2048 (order: 1, 8192 bytes)
[    0.002217] CPU: Testing write buffer coherency: ok
[    0.002420] CPU0: thread -1, cpu 0, socket 0, mpidr 80000000
[    0.002649] Setting up static identity map for 0x300000 - 0x3000a0
[    0.003277] Hierarchical SRCU implementation.
[    0.004098] Tegra Revision: A03 prime SKU: 8 CPU Process: 1 SoC Process: 2
[    0.004540] EFI services will not be available.
[    0.004704] smp: Bringing up secondary CPUs ...
[    0.005255] CPU1: thread -1, cpu 1, socket 0, mpidr 80000001
[    0.005322] smp: Brought up 1 node, 2 CPUs
[    0.005333] SMP: Total of 2 processors activated (4.00 BogoMIPS).
[    0.005339] CPU: All CPU(s) started in SVC mode.
[    0.005995] devtmpfs: initialized
[    0.009722] VFP support v0.3: implementor 41 architecture 3 part 30 variant 9 rev 1
[    0.009983] clocksource: jiffies: mask: 0xffffffff max_cycles: 0xffffffff, max_idle_ns: 19112604462750000 ns
[    0.010000] futex hash table entries: 512 (order: 3, 32768 bytes)
[    0.012989] pinctrl core: initialized pinctrl subsystem
[    0.013955] DMI not present or invalid.
[    0.014131] random: bucket_table_alloc+0xe8/0x254 get_random_u32 called with crng_init=0
[    0.014200] NET: Registered protocol family 16
[    0.016475] DMA: preallocated 256 KiB pool for atomic coherent allocations
[    0.017923] cpuidle: using governor menu
[    0.035036] No ATAGs?
[    0.035100] hw-breakpoint: found 5 (+1 reserved) breakpoint and 1 watchpoint registers.
[    0.035111] hw-breakpoint: maximum watchpoint size is 4 bytes.
[    0.040583] Serial: AMBA PL011 UART driver
[    0.052323] AT91: Could not find identification node
[    0.052885] usb1_vbus: Failed to request enable GPIO170: -517
[    0.052902] reg-fixed-voltage regulators:regulator@2: Failed to register regulator: -517
[    0.056307] vgaarb: loaded
[    0.056884] SCSI subsystem initialized
[    0.057002] libata version 3.00 loaded.
[    0.057188] usbcore: registered new interface driver usbfs
[    0.057230] usbcore: registered new interface driver hub
[    0.057268] usbcore: registered new device driver usb
[    0.059254] pps_core: LinuxPPS API ver. 1 registered
[    0.059262] pps_core: Software ver. 5.3.6 - Copyright 2005-2007 Rodolfo Giometti <giometti@linux.it>
[    0.059278] PTP clock support registered
[    0.059430] EDAC MC: Ver: 3.0.0
[    0.059700] dmi: Firmware registration failed.
[    0.061246] clocksource: Switched to clocksource timer_us
[    0.100865] NET: Registered protocol family 2
[    0.100927] random: neigh_hash_alloc+0x70/0xb8 get_random_u32 called with crng_init=0
[    0.101355] random: rt_genid_init+0x18/0x28 get_random_u32 called with crng_init=0
[    0.101379] TCP established hash table entries: 8192 (order: 3, 32768 bytes)
[    0.101448] TCP bind hash table entries: 8192 (order: 4, 65536 bytes)
[    0.101562] TCP: Hash tables configured (established 8192 bind 8192)
[    0.101676] UDP hash table entries: 512 (order: 2, 16384 bytes)
[    0.101723] UDP-Lite hash table entries: 512 (order: 2, 16384 bytes)
[    0.101877] NET: Registered protocol family 1
[    0.102169] RPC: Registered named UNIX socket transport module.
[    0.102177] RPC: Registered udp transport module.
[    0.102182] RPC: Registered tcp transport module.
[    0.102187] RPC: Registered tcp NFSv4.1 backchannel transport module.
[    0.102196] PCI: CLS 0 bytes, default 64
[    0.103020] hw perfevents: no interrupt-affinity property for /pmu, guessing.
[    0.103170] hw perfevents: enabled with armv7_cortex_a9 PMU driver, 7 counters available
[    0.104444] workingset: timestamp_bits=30 max_order=18 bucket_order=0
[    0.111135] squashfs: version 4.0 (2009/01/31) Phillip Lougher
[    0.111776] NFS: Registering the id_resolver key type
[    0.111801] random: key_alloc+0x220/0x394 get_random_bytes called with crng_init=0
[    0.111816] Key type id_resolver registered
[    0.111821] Key type id_legacy registered
[    0.111852] ntfs: driver 2.1.32 [Flags: R/O].
[    0.113092] bounce: pool size: 64 pages
[    0.113132] Block layer SCSI generic (bsg) driver version 0.4 loaded (major 248)
[    0.113140] io scheduler noop registered
[    0.113146] io scheduler deadline registered
[    0.113172] io scheduler cfq registered (default)
[    0.113179] io scheduler mq-deadline registered
[    0.113184] io scheduler kyber registered
[    0.124543] tegra-pcie 80003000.pcie-controller: dual-mode configuration
[    0.125246] tegra-pcie 80003000.pcie-controller: probing port 0, using 2 lanes
[    0.207407] tegra-pcie 80003000.pcie-controller: PCI host bridge to bus 0000:00
[    0.207419] pci_bus 0000:00: root bus resource [io  0x0000-0xffff]
[    0.207428] pci_bus 0000:00: root bus resource [mem 0xa0000000-0xa7ffffff]
[    0.207436] pci_bus 0000:00: root bus resource [mem 0xa8000000-0xbfffffff pref]
[    0.207445] pci_bus 0000:00: root bus resource [bus 00-ff]
[    0.207473] pci 0000:00:01.0: [10de:0bf0] type 01 class 0x060000
[    0.207501] pci_bus 0000:00: 2-byte config write to 0000:00:01.0 offset 0x88 may corrupt adjacent RW1C bits
[    0.207525] pci_bus 0000:00: 2-byte config write to 0000:00:01.0 offset 0x52 may corrupt adjacent RW1C bits
[    0.207549] pci 0000:00:01.0: PME# supported from D0 D1 D2 D3hot D3cold
[    0.207559] pci_bus 0000:00: 2-byte config write to 0000:00:01.0 offset 0x4c may corrupt adjacent RW1C bits
[    0.207736] pci_bus 0000:00: 2-byte config write to 0000:00:01.0 offset 0x3e may corrupt adjacent RW1C bits
[    0.207748] pci_bus 0000:00: 2-byte config write to 0000:00:01.0 offset 0x4 may corrupt adjacent RW1C bits
[    0.207757] pci_bus 0000:00: 1-byte config write to 0000:00:01.0 offset 0xc may corrupt adjacent RW1C bits
[    0.207764] PCI: bus0: Fast back to back transfers disabled
[    0.207773] pci 0000:00:01.0: bridge configuration invalid ([bus 00-00]), reconfiguring
[    0.207783] pci_bus 0000:00: 2-byte config write to 0000:00:01.0 offset 0x3e may corrupt adjacent RW1C bits
[    0.207793] pci_bus 0000:00: 2-byte config write to 0000:00:01.0 offset 0x3e may corrupt adjacent RW1C bits
[    0.207803] pci_bus 0000:00: 2-byte config write to 0000:00:01.0 offset 0x3e may corrupt adjacent RW1C bits
[    0.207812] pci_bus 0000:00: 2-byte config write to 0000:00:01.0 offset 0x6 may corrupt adjacent RW1C bits
[    0.207931] pci 0000:01:00.0: [10ec:8168] type 00 class 0x020000
[    0.207958] pci 0000:01:00.0: reg 0x10: [io  0x0000-0x00ff]
[    0.207982] pci 0000:01:00.0: reg 0x18: [mem 0x00000000-0x00000fff 64bit pref]
[    0.208000] pci 0000:01:00.0: reg 0x20: [mem 0x00000000-0x00003fff 64bit pref]
[    0.208013] pci 0000:01:00.0: reg 0x30: [mem 0x00000000-0x0001ffff pref]
[    0.208087] pci 0000:01:00.0: supports D1 D2
[    0.208095] pci 0000:01:00.0: PME# supported from D0 D1 D2 D3hot D3cold
[    0.231275] PCI: bus1: Fast back to back transfers disabled
[    0.231287] pci_bus 0000:01: busn_res: [bus 01-ff] end is updated to 01
[    0.231299] Disabling cpuidle LP2 state, since PCIe IRQs are in use
[    0.231362] pci 0000:00:01.0: BAR 8: assigned [mem 0xa0000000-0xa00fffff]
[    0.231374] pci 0000:00:01.0: BAR 9: assigned [mem 0xa8000000-0xa80fffff 64bit pref]
[    0.231383] pci 0000:00:01.0: BAR 7: assigned [io  0x1000-0x1fff]
[    0.231396] pci 0000:01:00.0: BAR 6: assigned [mem 0xa0000000-0xa001ffff pref]
[    0.231406] pci 0000:01:00.0: BAR 4: assigned [mem 0xa8000000-0xa8003fff 64bit pref]
[    0.231426] pci 0000:01:00.0: BAR 2: assigned [mem 0xa8004000-0xa8004fff 64bit pref]
[    0.231445] pci 0000:01:00.0: BAR 0: assigned [io  0x1000-0x10ff]
[    0.231455] pci 0000:00:01.0: PCI bridge to [bus 01]
[    0.231463] pci 0000:00:01.0:   bridge window [io  0x1000-0x1fff]
[    0.231473] pci 0000:00:01.0:   bridge window [mem 0xa0000000-0xa00fffff]
[    0.231481] pci 0000:00:01.0:   bridge window [mem 0xa8000000-0xa80fffff 64bit pref]
[    0.231503] pci 0000:00:01.0: nv_msi_ht_cap_quirk didn't locate host bridge
[    0.231563] pcieport 0000:00:01.0: enabling device (0140 -> 0143)
[    0.231757] pcieport 0000:00:01.0: Signaling PME with IRQ 295
[    0.237854] tegra-apbdma 6000a000.dma: Tegra20 APB DMA driver register 16 channels
[    0.286553] Serial: 8250/16550 driver, 4 ports, IRQ sharing disabled
[    0.288813] console [ttyS0] disabled
[    0.288850] 70006000.serial: ttyS0 at MMIO 0x70006000 (irq = 279, base_baud = 13500000) is a Tegra
[    1.400012] console [ttyS0] enabled
[    1.404085] SuperH (H)SCI(F) driver initialized
[    1.409303] msm_serial: driver initialized
[    1.413546] STMicroelectronics ASC driver initialized
[    1.422950] tegra-hdmi 54280000.hdmi: 54280000.hdmi supply hdmi not found, using dummy regulator
[    1.433735] [drm] Supports vblank timestamp caching Rev 2 (21.10.2013).
[    1.440334] [drm] No driver support for vblank timestamp query.
[    1.446285] [drm] Cannot find any crtc or sizes - going 1024x768
[    1.468481] Console: switching to colour frame buffer device 128x48
[    1.483171] drm drm: fb0:  frame buffer device
[    1.487652] [drm] Initialized tegra 0.0.0 20120330 for drm on minor 0
[    1.503273] brd: module loaded
[    1.511996] loop: module loaded
[    1.521100] m25p80 spi32766.0: found s25fl008k, expected w25q80bl
[    1.527217] m25p80 spi32766.0: s25fl008k (1024 Kbytes)
[    1.534598] libphy: Fixed MDIO Bus: probed
[    1.539490] CAN device driver interface
[    1.544036] bgmac_bcma: Broadcom 47xx GBit MAC driver loaded
[    1.550620] e1000e: Intel(R) PRO/1000 Network Driver - 3.2.6-k
[    1.556455] e1000e: Copyright(c) 1999 - 2015 Intel Corporation.
[    1.562439] igb: Intel(R) Gigabit Ethernet Network Driver - version 5.4.0-k
[    1.569381] igb: Copyright (c) 2007-2014 Intel Corporation.
[    1.575486] r8169 Gigabit Ethernet driver 2.3LK-NAPI loaded
[    1.581068] r8169 0000:01:00.0: enabling device (0140 -> 0143)
[    1.587735] r8169 0000:01:00.0 eth0: RTL8168d/8111d at 0xf08fc000, 00:01:c0:13:7d:63, XID 081000c0 IRQ 296
[    1.597393] r8169 0000:01:00.0 eth0: jumbo features [frames: 9200 bytes, tx checksumming: ko]
[    1.608186] pegasus: v0.9.3 (2013/04/25), Pegasus/Pegasus II USB Ethernet driver
[    1.615640] usbcore: registered new interface driver pegasus
[    1.621351] usbcore: registered new interface driver asix
[    1.626766] usbcore: registered new interface driver ax88179_178a
[    1.632889] usbcore: registered new interface driver cdc_ether
[    1.638745] usbcore: registered new interface driver smsc75xx
[    1.644541] usbcore: registered new interface driver smsc95xx
[    1.650302] usbcore: registered new interface driver net1080
[    1.655991] usbcore: registered new interface driver cdc_subset
[    1.661950] usbcore: registered new interface driver zaurus
[    1.667521] random: usbnet_init+0x14/0x30 get_random_bytes called with crng_init=0
[    1.675136] usbcore: registered new interface driver cdc_ncm
[    1.681056] tegra-phy c5004000.usb-phy: no vbus regulator
[    1.687557] tegra-phy c5008000.usb-phy: no vbus regulator
[    1.694306] ehci_hcd: USB 2.0 'Enhanced' Host Controller (EHCI) Driver
[    1.700817] ehci-pci: EHCI PCI platform driver
[    1.705304] ehci-platform: EHCI generic platform driver
[    1.710671] ehci-orion: EHCI orion driver
[    1.714807] SPEAr-ehci: EHCI SPEAr driver
[    1.718908] ehci-st: EHCI STMicroelectronics driver
[    1.723894] ehci-exynos: EHCI EXYNOS driver
[    1.728180] ehci-atmel: EHCI Atmel driver
[    1.732296] tegra-ehci: Tegra EHCI driver
[    1.792451] ulpi_phy_power_on: ulpi write failed
[    1.797059] tegra-ehci c5004000.usb: Failed to power on the phy
[    1.802994] tegra-ehci: probe of c5004000.usb failed with error -110
[    1.811971] tegra-ehci c5008000.usb: EHCI Host Controller
[    1.817376] tegra-ehci c5008000.usb: new USB bus registered, assigned bus number 1
[    1.825207] tegra-ehci c5008000.usb: irq 290, io mem 0xc5008000
[    1.851265] tegra-ehci c5008000.usb: USB 2.0 started, EHCI 1.00
[    1.857792] hub 1-0:1.0: USB hub found
[    1.861575] hub 1-0:1.0: 1 port detected
[    1.865799] ohci_hcd: USB 1.1 'Open' Host Controller (OHCI) Driver
[    1.871997] ohci-pci: OHCI PCI platform driver
[    1.876478] ohci-platform: OHCI generic platform driver
[    1.881878] SPEAr-ohci: OHCI SPEAr driver
[    1.885984] ohci-st: OHCI STMicroelectronics driver
[    1.890951] ohci-atmel: OHCI Atmel driver
[    1.895569] usbcore: registered new interface driver usb-storage
[    1.904195] rtc-em3027 2-0056: rtc core: registered rtc-em3027 as rtc0
[    1.911911] tegra_rtc 7000e000.rtc: rtc core: registered 7000e000.rtc as rtc1
[    1.919061] tegra_rtc 7000e000.rtc: Tegra internal Real Time Clock
[    1.925651] i2c /dev entries driver
[    1.938615] sdhci: Secure Digital Host Controller Interface driver
[    1.944813] sdhci: Copyright(c) Pierre Ossman
[    1.950324] Synopsys Designware Multimedia Card Interface Driver
[    1.957284] sdhci-pltfm: SDHCI platform and OF driver helper
[    1.971450] mmc0: Invalid maximum block size, assuming 512 bytes
[    2.031265] mmc0: SDHCI controller on c8000000.sdhci [c8000000.sdhci] using ADMA
[    2.038754] sdhci-tegra c8000600.sdhci: Got CD GPIO
[    2.043653] sdhci-tegra c8000600.sdhci: Got WP GPIO
[    2.056690] mmc1: Invalid maximum block size, assuming 512 bytes
[    2.121349] mmc1: SDHCI controller on c8000600.sdhci [c8000600.sdhci] using ADMA
[    2.130124] ledtrig-cpu: registered to indicate activity on CPUs
[    2.136438] usbcore: registered new interface driver usbhid
[    2.142014] usbhid: USB HID core driver
[    2.149146] NET: Registered protocol family 10
[    2.153798] random: neigh_hash_alloc+0x70/0xb8 get_random_u32 called with crng_init=0
[    2.162141] random: ipv6_regen_rndid+0x1c/0xc4 get_random_bytes called with crng_init=0
[    2.170447] Segment Routing with IPv6
[    2.174172] sit: IPv6, IPv4 and MPLS over IPv4 tunneling driver
[    2.180575] NET: Registered protocol family 17
[    2.185034] can: controller area network core (rev 20170425 abi 9)
[    2.191264] NET: Registered protocol family 29
[    2.195696] can: raw protocol (rev 20170425)
[    2.199952] can: broadcast manager protocol (rev 20170425 t)
[    2.205613] can: netlink gateway (rev 20170425) max_hops=1
[    2.211424] random: key_alloc+0x220/0x394 get_random_bytes called with crng_init=0
[    2.218984] Key type dns_resolver registered
[    2.223643] ThumbEE CPU extension supported.
[    2.227906] Registering SWP/SWPB emulation handler
[    2.232728] random: init_oops_id+0x34/0x40 get_random_bytes called with crng_init=0
[    2.241505] usb 1-1: new high-speed USB device number 2 using tegra-ehci
[    2.241938] random: key_alloc+0x220/0x394 get_random_bytes called with crng_init=0
[    2.241975] random: prandom_seed_full_state+0x24/0xac get_random_bytes called with crng_init=0
[    2.249238] utmi_phy_clk_enable: timeout waiting for phy to stabilize
[    2.249264] tegra-ehci c5000000.usb: EHCI Host Controller
[    2.249286] tegra-ehci c5000000.usb: new USB bus registered, assigned bus number 2
[    2.249626] tegra-ehci c5000000.usb: irq 288, io mem 0xc5000000
[    2.281274] tegra-ehci c5000000.usb: USB 2.0 started, EHCI 1.00
[    2.282164] hub 2-0:1.0: USB hub found
[    2.282212] hub 2-0:1.0: 1 port detected
[    2.283447] input: gpio-keys as /devices/soc0/gpio-keys/input/input0
[    2.292195] rtc-em3027 2-0056: hctosys: unable to read the hardware clock
[    2.319363] Waiting for root device PARTUUID=11eb23c1-01...
[    2.360266] mmc1: new high speed SD card at address b368
[    2.366150] mmcblk1: mmc1:b368 NCard 1.83 GiB (ro)
[    2.373620]  mmcblk1: p1 p2
[    2.502428] hub 1-1:1.0: USB hub found
[    2.506364] hub 1-1:1.0: 4 ports detected
[    2.831303] usb 1-1.2: new high-speed USB device number 3 using tegra-ehci
[    3.339030] mmc0: host does not support reading read-only switch, assuming write-enable
[    3.349189] mmc0: new high speed SDHC card at address b368
[    3.356262] mmcblk0: mmc0:b368 NCard 3.70 GiB 
[    3.364215]  mmcblk0: p1
[    3.455900] random: ipv6_regen_rndid+0x1c/0xc4 get_random_bytes called with crng_init=0
[    3.464587] asix 1-1.2:1.0 eth1: register 'asix' at usb-c5008000.usb-1.2, ASIX AX88772 USB 2.0 Ethernet, 00:60:6e:60:6c:68
[    3.492419] EXT4-fs (mmcblk0p1): mounting ext3 file system using the ext4 subsystem
[    3.502346] random: ext4_fill_super+0x1cec/0x34fc get_random_bytes called with crng_init=0
[    3.743991] EXT4-fs (mmcblk0p1): recovery complete
[    3.819068] EXT4-fs (mmcblk0p1): mounted filesystem with ordered data mode. Opts: (null)
[    3.827287] VFS: Mounted root (ext3 filesystem) on device 179:17.
[    3.833635] random: fast init done
[    3.846008] devtmpfs: mounted
[    3.853865] Freeing unused kernel memory: 2048K
bash: cannot set terminal process group (-1): Inappropriate ioctl for device
bash: no job control in this shell
root@(none):/#  
root@(none):/# mount -t sysfs none /sys
root@(none):/# 
root@(none):/# mount -t debugfs none /sys/kernel/debug
root@(none):/# 
root@(none):/# rtcwake -d rtc1 -m mem -s 3
rtcwake: assuming RTC uses UTC ...
rtcwake: wakeup from "mem" using /dev/rtc1 at Thu Jan  1 00:00:32 1970
[   14.993217] PM: Syncing filesystems ... done.
[   15.039232] Freezing user space processes ... (elapsed 0.001 seconds) done.
[   15.047700] OOM killer disabled.
[   15.050943] Freezing remaining freezable tasks ... (elapsed 0.001 seconds) done.
[   15.059957] Suspending console(s) (use no_console_suspend to debug)
[   15.098425] pci_generic_config_write32: 38 callbacks suppressed
[   15.098470] pci_bus 0000:00: 2-byte config write to 0000:00:01.0 offset 0x9c may corrupt adjacent RW1C bits
[   15.110070] PM: suspend of devices complete after 41.396 msecs
[   15.115176] PM: late suspend of devices complete after 5.073 msecs
[   15.119317] pci_bus 0000:01: 2-byte config write to 0000:01:00.0 offset 0x44 may corrupt adjacent RW1C bits
[   15.119372] pci_bus 0000:01: 2-byte config write to 0000:01:00.0 offset 0x44 may corrupt adjacent RW1C bits
[   15.141968] PM: noirq suspend of devices complete after 26.761 msecs
[   15.141981] Disabling non-boot CPUs ...
[   15.192626] IRQ294 no longer affine to CPU1
[   15.241394] Entering suspend state LP1
[   15.241394] Suspended for 1.857 seconds
[   15.241441] Enabling non-boot CPUs ...
[   15.271142] CPU1 is up
[   15.272223] pci_bus 0000:00: 2-byte config write to 0000:00:01.0 offset 0x4c may corrupt adjacent RW1C bits
[   15.272272] pci_bus 0000:00: 2-byte config write to 0000:00:01.0 offset 0x88 may corrupt adjacent RW1C bits
[   15.272304] pci_bus 0000:00: 2-byte config write to 0000:00:01.0 offset 0x90 may corrupt adjacent RW1C bits
[   15.272334] pci_bus 0000:00: 2-byte config write to 0000:00:01.0 offset 0x98 may corrupt adjacent RW1C bits
[   15.272362] pci_bus 0000:00: 2-byte config write to 0000:00:01.0 offset 0x9c may corrupt adjacent RW1C bits
[   15.272442] pci_bus 0000:00: 2-byte config write to 0000:00:01.0 offset 0x52 may corrupt adjacent RW1C bits
[   15.272474] pci_bus 0000:00: 2-byte config write to 0000:00:01.0 offset 0x52 may corrupt adjacent RW1C bits
[   15.272550] pcieport 0000:00:01.0: nv_msi_ht_cap_quirk didn't locate host bridge
[   15.301662] PM: noirq resume of devices complete after 30.369 msecs
[   15.305278] PM: early resume of devices complete after 3.035 msecs
[   15.850445] PM: resume of devices complete after 545.133 msecs
[   16.023321] OOM killer enabled.
[   16.026450] Restarting tasks ... done.
root@(none):/# 
root@(none):/# rtcwake -d rtc1 -m mem -s 3
rtcwake: assuming RTC uses UTC ...
rtcwake: wakeup from "mem" using /dev/rtc1 at Thu Jan  1 00:00:37 1970
[   16.866396] PM: Syncing filesystems ... done.
[   16.911607] Freezing user space processes ... (elapsed 0.001 seconds) done.
[   16.920037] OOM killer disabled.
[   16.923367] Freezing remaining freezable tasks ... (elapsed 0.001 seconds) done.
[   16.932443] Suspending console(s) (use no_console_suspend to debug)
[   16.988619] PM: suspend of devices complete after 47.552 msecs
[   16.993726] PM: late suspend of devices complete after 5.075 msecs
[   17.021844] PM: noirq suspend of devices complete after 28.084 msecs
[   17.021857] Disabling non-boot CPUs ...
[   17.072502] IRQ294 no longer affine to CPU1
[   17.120123] Entering suspend state LP1
[   17.120123] Suspended for 3.121 seconds
[   17.120171] Enabling non-boot CPUs ...
[   17.151201] CPU1 is up
[   17.152603] pcieport 0000:00:01.0: nv_msi_ht_cap_quirk didn't locate host bridge
[   17.181594] PM: noirq resume of devices complete after 30.359 msecs
[   17.185230] PM: early resume of devices complete after 3.057 msecs
[   17.730326] PM: resume of devices complete after 545.062 msecs
[   17.799929] OOM killer enabled.
[   17.803067] Restarting tasks ... done.
root@(none):/# 
root@(none):/# rtcwake -d rtc1 -m mem -s 3
rtcwake: assuming RTC uses UTC ...
rtcwake: wakeup from "mem" using /dev/rtc1 at Thu Jan  1 00:00:42 1970
[   18.745842] PM: Syncing filesystems ... done.
[   18.791008] Freezing user space processes ... (elapsed 0.001 seconds) done.
[   18.799450] OOM killer disabled.
[   18.802743] Freezing remaining freezable tasks ... (elapsed 0.001 seconds) done.
[   18.811604] Suspending console(s) (use no_console_suspend to debug)
[   18.842964] PM: suspend of devices complete after 23.390 msecs
[   18.847938] PM: late suspend of devices complete after 4.940 msecs
[   18.881804] PM: noirq suspend of devices complete after 33.834 msecs
[   18.881817] Disabling non-boot CPUs ...
[   18.922595] IRQ294 no longer affine to CPU1
[   18.969954] Entering suspend state LP1
[   18.969954] Suspended for 3.150 seconds
[   18.970001] Enabling non-boot CPUs ...
[   19.001229] CPU1 is up
[   19.002634] pcieport 0000:00:01.0: nv_msi_ht_cap_quirk didn't locate host bridge
[   19.031362] PM: noirq resume of devices complete after 30.099 msecs
[   19.035208] PM: early resume of devices complete after 3.075 msecs
[   19.579861] PM: resume of devices complete after 544.621 msecs
[   19.649593] OOM killer enabled.
[   19.652732] Restarting tasks ... done.
root@(none):/# 
root@(none):/# rtcwake -d rtc1 -m mem -s 3
rtcwake: assuming RTC uses UTC ...
rtcwake: wakeup from "mem" using /dev/rtc1 at Thu Jan  1 00:00:47 1970
[   20.595503] PM: Syncing filesystems ... done.
[   20.640600] Freezing user space processes ... (elapsed 0.001 seconds) done.
[   20.649029] OOM killer disabled.
[   20.652384] Freezing remaining freezable tasks ... (elapsed 0.001 seconds) done.
[   20.661268] Suspending console(s) (use no_console_suspend to debug)
[   20.676931] pci_generic_config_write32: 65 callbacks suppressed
[   20.676976] pci_bus 0000:00: 2-byte config write to 0000:00:01.0 offset 0x9c may corrupt adjacent RW1C bits
[   20.691224] PM: suspend of devices complete after 22.496 msecs
[   20.696043] PM: late suspend of devices complete after 4.785 msecs
[   20.700779] pci_bus 0000:01: 2-byte config write to 0000:01:00.0 offset 0x44 may corrupt adjacent RW1C bits
[   20.700834] pci_bus 0000:01: 2-byte config write to 0000:01:00.0 offset 0x44 may corrupt adjacent RW1C bits
[   20.721739] PM: noirq suspend of devices complete after 25.665 msecs
[   20.721752] Disabling non-boot CPUs ...
[   20.762323] IRQ294 no longer affine to CPU1
[   20.819806] Entering suspend state LP1
[   20.819806] Suspended for 3.150 seconds
[   20.819853] Enabling non-boot CPUs ...
[   20.851030] CPU1 is up
[   20.851767] pci_bus 0000:00: 2-byte config write to 0000:00:01.0 offset 0x4c may corrupt adjacent RW1C bits
[   20.851815] pci_bus 0000:00: 2-byte config write to 0000:00:01.0 offset 0x88 may corrupt adjacent RW1C bits
[   20.851845] pci_bus 0000:00: 2-byte config write to 0000:00:01.0 offset 0x90 may corrupt adjacent RW1C bits
[   20.851875] pci_bus 0000:00: 2-byte config write to 0000:00:01.0 offset 0x98 may corrupt adjacent RW1C bits
[   20.851902] pci_bus 0000:00: 2-byte config write to 0000:00:01.0 offset 0x9c may corrupt adjacent RW1C bits
[   20.851981] pci_bus 0000:00: 2-byte config write to 0000:00:01.0 offset 0x52 may corrupt adjacent RW1C bits
[   20.852013] pci_bus 0000:00: 2-byte config write to 0000:00:01.0 offset 0x52 may corrupt adjacent RW1C bits
[   20.852089] pcieport 0000:00:01.0: nv_msi_ht_cap_quirk didn't locate host bridge
[   20.881282] PM: noirq resume of devices complete after 30.218 msecs
[   20.884888] PM: early resume of devices complete after 3.030 msecs
[   21.419880] PM: resume of devices complete after 534.956 msecs
[   21.592598] OOM killer enabled.
[   21.595727] Restarting tasks ... done.
root@(none):/# 
root@(none):/# rtcwake -d rtc1 -m mem -s 3
rtcwake: assuming RTC uses UTC ...
rtcwake: wakeup from "mem" using /dev/rtc1 at Thu Jan  1 00:00:52 1970
[   22.446327] PM: Syncing filesystems ... done.
[   22.491699] Freezing user space processes ... (elapsed 0.001 seconds) done.
[   22.500139] OOM killer disabled.
[   22.503472] Freezing remaining freezable tasks ... (elapsed 0.001 seconds) done.
[   22.512541] Suspending console(s) (use no_console_suspend to debug)
[   22.568663] PM: suspend of devices complete after 47.434 msecs
[   22.573683] PM: late suspend of devices complete after 4.987 msecs
[   22.601649] PM: noirq suspend of devices complete after 27.933 msecs
[   22.601662] Disabling non-boot CPUs ...
[   22.642264] IRQ294 no longer affine to CPU1
[   22.689783] Entering suspend state LP1
[   22.689783] Suspended for 3.129 seconds
[   22.689830] Enabling non-boot CPUs ...
[   22.720820] CPU1 is up
[   22.721803] pcieport 0000:00:01.0: nv_msi_ht_cap_quirk didn't locate host bridge
[   22.751333] PM: noirq resume of devices complete after 30.362 msecs
[   22.755003] PM: early resume of devices complete after 3.092 msecs
[   23.300118] PM: resume of devices complete after 545.083 msecs
[   23.369708] OOM killer enabled.
[   23.372847] Restarting tasks ... done.
root@(none):/# 
root@(none):/# rtcwake -d rtc1 -m mem -s 3
rtcwake: assuming RTC uses UTC ...
rtcwake: wakeup from "mem" using /dev/rtc1 at Thu Jan  1 00:00:57 1970
[   24.315924] PM: Syncing filesystems ... done.
[   24.361122] Freezing user space processes ... (elapsed 0.001 seconds) done.
[   24.369562] OOM killer disabled.
[   24.372923] Freezing remaining freezable tasks ... (elapsed 0.001 seconds) done.
[   24.381823] Suspending console(s) (use no_console_suspend to debug)
[   24.410149] PM: suspend of devices complete after 20.869 msecs
[   24.415317] PM: late suspend of devices complete after 5.134 msecs
[   24.441521] PM: noirq suspend of devices complete after 26.173 msecs
[   24.441534] Disabling non-boot CPUs ...
[   24.482309] IRQ294 no longer affine to CPU1
[   24.519688] Entering suspend state LP1
[   24.519688] Suspended for 3.170 seconds
[   24.519735] Enabling non-boot CPUs ...
[   24.550875] CPU1 is up
[   24.551764] pcieport 0000:00:01.0: nv_msi_ht_cap_quirk didn't locate host bridge
[   24.581240] PM: noirq resume of devices complete after 30.330 msecs
[   24.584840] PM: early resume of devices complete after 3.024 msecs
[   25.129527] PM: resume of devices complete after 544.654 msecs
[   25.199251] OOM killer enabled.
[   25.202390] Restarting tasks ... done.
root@(none):/# 
root@(none):/# rtcwake -d rtc1 -m mem -s 3
rtcwake: assuming RTC uses UTC ...
rtcwake: wakeup from "mem" using /dev/rtc1 at Thu Jan  1 00:01:02 1970
[   26.145610] PM: Syncing filesystems ... done.
[   26.190865] Freezing user space processes ... (elapsed 0.001 seconds) done.
[   26.199298] OOM killer disabled.
[   26.202630] Freezing remaining freezable tasks ... (elapsed 0.001 seconds) done.
[   26.211673] Suspending console(s) (use no_console_suspend to debug)
[   26.256568] pci_generic_config_write32: 65 callbacks suppressed
[   26.256613] pci_bus 0000:00: 2-byte config write to 0000:00:01.0 offset 0x9c may corrupt adjacent RW1C bits
[   26.268372] PM: suspend of devices complete after 48.078 msecs
[   26.273376] PM: late suspend of devices complete after 4.974 msecs
[   26.277389] pci_bus 0000:01: 2-byte config write to 0000:01:00.0 offset 0x44 may corrupt adjacent RW1C bits
[   26.277445] pci_bus 0000:01: 2-byte config write to 0000:01:00.0 offset 0x44 may corrupt adjacent RW1C bits
[   26.301450] PM: noirq suspend of devices complete after 28.044 msecs
[   26.301463] Disabling non-boot CPUs ...
[   26.342088] IRQ294 no longer affine to CPU1
[   26.399575] Entering suspend state LP1
[   26.399575] Suspended for 3.120 seconds
[   26.399621] Enabling non-boot CPUs ...
[   26.430877] CPU1 is up
[   26.432119] pci_bus 0000:00: 2-byte config write to 0000:00:01.0 offset 0x4c may corrupt adjacent RW1C bits
[   26.432168] pci_bus 0000:00: 2-byte config write to 0000:00:01.0 offset 0x88 may corrupt adjacent RW1C bits
[   26.432198] pci_bus 0000:00: 2-byte config write to 0000:00:01.0 offset 0x90 may corrupt adjacent RW1C bits
[   26.432227] pci_bus 0000:00: 2-byte config write to 0000:00:01.0 offset 0x98 may corrupt adjacent RW1C bits
[   26.432255] pci_bus 0000:00: 2-byte config write to 0000:00:01.0 offset 0x9c may corrupt adjacent RW1C bits
[   26.432334] pci_bus 0000:00: 2-byte config write to 0000:00:01.0 offset 0x52 may corrupt adjacent RW1C bits
[   26.432364] pci_bus 0000:00: 2-byte config write to 0000:00:01.0 offset 0x52 may corrupt adjacent RW1C bits
[   26.432440] pcieport 0000:00:01.0: nv_msi_ht_cap_quirk didn't locate host bridge
[   26.461020] PM: noirq resume of devices complete after 30.109 msecs
[   26.464883] PM: early resume of devices complete after 3.096 msecs
[   27.009895] PM: resume of devices complete after 544.978 msecs
[   27.182741] OOM killer enabled.
[   27.185870] Restarting tasks ... done.
root@(none):/# 
root@(none):/# rtcwake -d rtc1 -m me[   28.030407] random: crng init done
m -s 3
rtcwake: assuming RTC uses UTC ...
rtcwake: wakeup from "mem" using /dev/rtc1 at Thu Jan  1 00:01:07 1970
[   28.080836] PM: Syncing filesystems ... done.
[   28.113449] Freezing user space processes ... (elapsed 0.001 seconds) done.
[   28.121819] OOM killer disabled.
[   28.125052] Freezing remaining freezable tasks ... (elapsed 0.001 seconds) done.
[   28.133914] Suspending console(s) (use no_console_suspend to debug)
[   28.188539] PM: suspend of devices complete after 46.625 msecs
[   28.193534] PM: late suspend of devices complete after 4.962 msecs
[   28.221366] PM: noirq suspend of devices complete after 27.801 msecs
[   28.221379] Disabling non-boot CPUs ...
[   28.261993] IRQ294 no longer affine to CPU1
[   28.319468] Entering suspend state LP1
[   28.319468] Suspended for 3.080 seconds
[   28.319516] Enabling non-boot CPUs ...
[   28.350714] CPU1 is up
[   28.352324] pcieport 0000:00:01.0: nv_msi_ht_cap_quirk didn't locate host bridge
[   28.381078] PM: noirq resume of devices complete after 30.330 msecs
[   28.384759] PM: early resume of devices complete after 3.098 msecs
[   28.929515] PM: resume of devices complete after 544.722 msecs
[   28.999224] OOM killer enabled.
[   29.002366] Restarting tasks ... done.
root@(none):/# 
root@(none):/# rtcwake -d rtc1 -m mem -s 3
rtcwake: assuming RTC uses UTC ...
rtcwake: wakeup from "mem" using /dev/rtc1 at Thu Jan  1 00:01:12 1970
[   29.945280] PM: Syncing filesystems ... done.
[   29.990389] Freezing user space processes ... (elapsed 0.001 seconds) done.
[   29.998906] OOM killer disabled.
[   30.002230] Freezing remaining freezable tasks ... (elapsed 0.001 seconds) done.
[   30.011292] Suspending console(s) (use no_console_suspend to debug)
[   30.068762] PM: suspend of devices complete after 48.847 msecs
[   30.073663] PM: late suspend of devices complete after 4.868 msecs
[   30.101298] PM: noirq suspend of devices complete after 27.603 msecs
[   30.101311] Disabling non-boot CPUs ...
[   30.142021] IRQ294 no longer affine to CPU1
[   30.199395] Entering suspend state LP1
[   30.199395] Suspended for 3.119 seconds
[   30.199442] Enabling non-boot CPUs ...
[   30.230699] CPU1 is up
[   30.232024] pcieport 0000:00:01.0: nv_msi_ht_cap_quirk didn't locate host bridge
[   30.260836] PM: noirq resume of devices complete after 30.102 msecs
[   30.264675] PM: early resume of devices complete after 3.065 msecs
[   30.809794] PM: resume of devices complete after 545.086 msecs
[   30.879419] OOM killer enabled.
[   30.882557] Restarting tasks ... done.
root@(none):/# 
root@(none):/# rtcwake -d rtc1 -m mem -s 3
rtcwake: assuming RTC uses UTC ...
rtcwake: wakeup from "mem" using /dev/rtc1 at Thu Jan  1 00:01:17 1970
[   31.825006] PM: Syncing filesystems ... done.
[   31.870196] Freezing user space processes ... (elapsed 0.001 seconds) done.
[   31.878634] OOM killer disabled.
[   31.881962] Freezing remaining freezable tasks ... (elapsed 0.001 seconds) done.
[   31.891027] Suspending console(s) (use no_console_suspend to debug)
[   31.936154] pci_generic_config_write32: 65 callbacks suppressed
[   31.936200] pci_bus 0000:00: 2-byte config write to 0000:00:01.0 offset 0x9c may corrupt adjacent RW1C bits
[   31.947958] PM: suspend of devices complete after 48.316 msecs
[   31.952835] PM: late suspend of devices complete after 4.847 msecs
[   31.957479] pci_bus 0000:01: 2-byte config write to 0000:01:00.0 offset 0x44 may corrupt adjacent RW1C bits
[   31.957536] pci_bus 0000:01: 2-byte config write to 0000:01:00.0 offset 0x44 may corrupt adjacent RW1C bits
[   31.981206] PM: noirq suspend of devices complete after 28.338 msecs
[   31.981220] Disabling non-boot CPUs ...
[   32.021934] IRQ294 no longer affine to CPU1
[   32.079428] Entering suspend state LP1
[   32.079428] Suspended for 3.119 seconds
[   32.079475] Enabling non-boot CPUs ...
[   32.110581] CPU1 is up
[   32.112969] pci_bus 0000:00: 2-byte config write to 0000:00:01.0 offset 0x4c may corrupt adjacent RW1C bits
[   32.113019] pci_bus 0000:00: 2-byte config write to 0000:00:01.0 offset 0x88 may corrupt adjacent RW1C bits
[   32.113052] pci_bus 0000:00: 2-byte config write to 0000:00:01.0 offset 0x90 may corrupt adjacent RW1C bits
[   32.113082] pci_bus 0000:00: 2-byte config write to 0000:00:01.0 offset 0x98 may corrupt adjacent RW1C bits
[   32.113112] pci_bus 0000:00: 2-byte config write to 0000:00:01.0 offset 0x9c may corrupt adjacent RW1C bits
[   32.113192] pci_bus 0000:00: 2-byte config write to 0000:00:01.0 offset 0x52 may corrupt adjacent RW1C bits
[   32.113223] pci_bus 0000:00: 2-byte config write to 0000:00:01.0 offset 0x52 may corrupt adjacent RW1C bits
[   32.113301] pcieport 0000:00:01.0: nv_msi_ht_cap_quirk didn't locate host bridge
[   32.150782] PM: noirq resume of devices complete after 40.166 msecs
[   32.154397] PM: early resume of devices complete after 3.043 msecs
[   32.689103] PM: resume of devices complete after 534.673 msecs
[   32.861804] OOM killer enabled.
[   32.864933] Restarting tasks ... done.
root@(none):/# 
root@(none):/# NVTB SYSTEM SUSPEND TEST COMPLETE
