
U-Boot SPL 2014.01-00219-gc4d376f (Feb 18 2014 - 19:57:18)


U-Boot 2014.01-00219-gc4d376f (Feb 18 2014 - 19:57:18)

TEGRA30
Board: NVIDIA Beaver
I2C:   ready
DRAM:  2 GiB
MMC:   Tegra SD/MMC: 0, Tegra SD/MMC: 1
In:    serial
Out:   serial
Err:   serial
Net:   Net Initialization Skipped
No ethernet found.
Hit any key to stop autoboot:  2  0 
Tegra30 (Beaver) # 
Tegra30 (Beaver) # usb reset
(Re)start USB...
USB0:   USB EHCI 1.00
scanning bus 0 for devices... 2 USB Device(s) found
       scanning usb for storage devices... 0 Storage Device(s) found
       scanning usb for ethernet devices... 
Warning: asx0 using MAC address from net device
1 Ethernet Device(s) found
Tegra30 (Beaver) # setenv bootargs 'ignore_loglevel console=ttyS0,115200n8 rw root=/dev/mmcblk0p1 rootwait gpt debug init=/bin/bash noinitrd'
Tegra30 (Beaver) # setenv ipaddr 192.168.100.101; setenv serverip 192.168.100.1; setenv tftpserverip 192.168.100.1
Tegra30 (Beaver) # tftpboot 0x81000000 zImage.tegra_defconfig%tegra20,30_mergeconfig
Using asx0 device
TFTP from server 192.168.100.1; our IP address is 192.168.100.101
Filename 'zImage.tegra_defconfig%tegra20,30_mergeconfig'.
Load address: 0x81000000
Loading: *#################################################################
	 #################################################################
	 #################################################################
	 #################################################################
	 ##############################################################
	 2.9 MiB/s
done
Bytes transferred = 4717848 (47fd18 hex)
Tegra30 (Beaver) # tftpboot 0x82000000 tegra30-beaver.dtb
Using asx0 device
TFTP from server 192.168.100.1; our IP address is 192.168.100.101
Filename 'tegra30-beaver.dtb'.
Load address: 0x82000000
Loading: *##
	 2.6 MiB/s
done
Bytes transferred = 24893 (613d hex)
Tegra30 (Beaver) # bootz 0x81000000 - 0x82000000
Kernel image @ 0x81000000 [ 0x000000 - 0x47fd18 ]
## Flattened Device Tree blob at 82000000
   Booting using the fdt blob at 0x82000000
   Loading Device Tree to 8fff6000, end 8ffff13c ... OK

Starting kernel ...

Uncompressing Linux... done, booting the kernel.
[    0.000000] Booting Linux on physical CPU 0x0
[    0.000000] Initializing cgroup subsys cpu
[    0.000000] Initializing cgroup subsys cpuacct
[    0.000000] Linux version 3.18.0-rc3-next-20141103-57588-ga641d0e (pwalmsley@kaivo) (gcc version 4.7.3 20130328 (prerelease) (crosstool-NG linaro-1.13.1-4.7-2013.04-20130415 - Linaro GCC 2013.04) ) #1 SMP PREEMPT Sun Nov 2 21:55:30 PST 2014
[    0.000000] CPU: ARMv7 Processor [412fc099] revision 9 (ARMv7), cr=10c5387d
[    0.000000] CPU: PIPT / VIPT nonaliasing data cache, VIPT aliasing instruction cache
[    0.000000] Machine model: NVIDIA Tegra30 Beaver evaluation board
[    0.000000] debug: ignoring loglevel setting.
[    0.000000] cma: Reserved 64 MiB at 0xfbc00000
[    0.000000] Memory policy: Data cache writealloc
[    0.000000] On node 0 totalpages: 524032
[    0.000000] free_area_init_node: node 0, pgdat c0909cc0, node_mem_map ee7f7000
[    0.000000]   Normal zone: 1520 pages used for memmap
[    0.000000]   Normal zone: 0 pages reserved
[    0.000000]   Normal zone: 194560 pages, LIFO batch:31
[    0.000000]   HighMem zone: 2574 pages used for memmap
[    0.000000]   HighMem zone: 329472 pages, LIFO batch:31
[    0.000000] PERCPU: Embedded 10 pages/cpu @ee7b3000 s8832 r8192 d23936 u40960
[    0.000000] pcpu-alloc: s8832 r8192 d23936 u40960 alloc=10*4096
[    0.000000] pcpu-alloc: [0] 0 [0] 1 [0] 2 [0] 3 
[    0.000000] Built 1 zonelists in Zone order, mobility grouping on.  Total pages: 522512
[    0.000000] Kernel command line: ignore_loglevel console=ttyS0,115200n8 rw root=/dev/mmcblk0p1 rootwait gpt debug init=/bin/bash noinitrd
[    0.000000] PID hash table entries: 4096 (order: 2, 16384 bytes)
[    0.000000] Dentry cache hash table entries: 131072 (order: 7, 524288 bytes)
[    0.000000] Inode-cache hash table entries: 65536 (order: 6, 262144 bytes)
[    0.000000] Memory: 2003484K/2096128K available (6463K kernel code, 341K rwdata, 2128K rodata, 292K init, 362K bss, 27108K reserved, 65536K cma-reserved, 1252352K highmem)
[    0.000000] Virtual kernel memory layout:
[    0.000000]     vector  : 0xffff0000 - 0xffff1000   (   4 kB)
[    0.000000]     fixmap  : 0xffc00000 - 0xffe00000   (2048 kB)
[    0.000000]     vmalloc : 0xf0000000 - 0xff000000   ( 240 MB)
[    0.000000]     lowmem  : 0xc0000000 - 0xef800000   ( 760 MB)
[    0.000000]     pkmap   : 0xbfe00000 - 0xc0000000   (   2 MB)
[    0.000000]     modules : 0xbf000000 - 0xbfe00000   (  14 MB)
[    0.000000]       .text : 0xc0008000 - 0xc086c3e0   (8593 kB)
[    0.000000]       .init : 0xc086d000 - 0xc08b6000   ( 292 kB)
[    0.000000]       .data : 0xc08b6000 - 0xc090b760   ( 342 kB)
[    0.000000]        .bss : 0xc090b760 - 0xc096625c   ( 363 kB)
[    0.000000] Preemptible hierarchical RCU implementation.
[    0.000000] NR_IRQS:16 nr_irqs:16 16
[    0.000000] L2C: platform modifies aux control register: 0x02080000 -> 0x3e480001
[    0.000000] L2C: DT/platform modifies aux control register: 0x02080000 -> 0x3e480001
[    0.000000] L2C-310 erratum 769419 enabled
[    0.000000] L2C-310 enabling early BRESP for Cortex-A9
[    0.000000] L2C-310: enabling full line of zeros but not enabled in Cortex-A9
[    0.000000] L2C-310 ID prefetch enabled, offset 1 lines
[    0.000000] L2C-310 dynamic clock gating enabled, standby mode enabled
[    0.000000] L2C-310 cache controller enabled, 8 ways, 1024 kB
[    0.000000] L2C-310: CACHE_ID 0x410000c7, AUX_CTRL 0x7e480001
[    0.000012] sched_clock: 32 bits at 1000kHz, resolution 1000ns, wraps every 2147483648000ns
[    0.000032] Switching to timer-based delay loop, resolution 1000ns
[    0.000543] Console: colour dummy device 80x30
[    0.000563] Calibrating delay loop (skipped), value calculated using timer frequency.. 2.00 BogoMIPS (lpj=10000)
[    0.000572] pid_max: default: 32768 minimum: 301
[    0.000891] Mount-cache hash table entries: 2048 (order: 1, 8192 bytes)
[    0.000899] Mountpoint-cache hash table entries: 2048 (order: 1, 8192 bytes)
[    0.001996] Initializing cgroup subsys freezer
[    0.002016] Initializing cgroup subsys debug
[    0.002055] CPU: Testing write buffer coherency: ok
[    0.002347] CPU0: thread -1, cpu 0, socket 0, mpidr 80000000
[    0.002418] Setting up static identity map for 0x80621070 - 0x80621108
[    0.040221] Tegra Revision: A03 SKU: 128 CPU Process: 4 Core Process: 0
[    0.061306] CPU1: Booted secondary processor
[    0.061323] CPU1: thread -1, cpu 1, socket 0, mpidr 80000001
[    0.081291] CPU2: Booted secondary processor
[    0.081305] CPU2: thread -1, cpu 2, socket 0, mpidr 80000002
[    0.101287] CPU3: Booted secondary processor
[    0.101301] CPU3: thread -1, cpu 3, socket 0, mpidr 80000003
[    0.101349] Brought up 4 CPUs
[    0.101364] SMP: Total of 4 processors activated.
[    0.101368] CPU: All CPU(s) started in SVC mode.
[    0.102092] devtmpfs: initialized
[    0.112059] VFP support v0.3: implementor 41 architecture 3 part 30 variant 9 rev 4
[    0.115736] pinctrl core: initialized pinctrl subsystem
[    0.128107] NET: Registered protocol family 16
[    0.130499] DMA: preallocated 256 KiB pool for atomic coherent allocations
[    0.159997] cpuidle: using governor ladder
[    0.189995] cpuidle: using governor menu
[    0.203354] No ATAGs?
[    0.203385] hw-breakpoint: found 5 (+1 reserved) breakpoint and 1 watchpoint registers.
[    0.203392] hw-breakpoint: maximum watchpoint size is 4 bytes.
[    0.242524] platform regulators:regulator@1: Driver reg-fixed-voltage requests probe deferral
[    0.242588] platform regulators:regulator@2: Driver reg-fixed-voltage requests probe deferral
[    0.242881] vdd_5v_sata: Failed to request enable GPIO30: -517
[    0.242974] reg-fixed-voltage regulators:regulator@3: Failed to register regulator: -517
[    0.242988] platform regulators:regulator@3: Driver reg-fixed-voltage requests probe deferral
[    0.243237] usb1_vbus: Failed to request enable GPIO238: -517
[    0.243318] reg-fixed-voltage regulators:regulator@4: Failed to register regulator: -517
[    0.243331] platform regulators:regulator@4: Driver reg-fixed-voltage requests probe deferral
[    0.243577] usb3_vbus: Failed to request enable GPIO236: -517
[    0.243658] reg-fixed-voltage regulators:regulator@5: Failed to register regulator: -517
[    0.243671] platform regulators:regulator@5: Driver reg-fixed-voltage requests probe deferral
[    0.243730] platform regulators:regulator@6: Driver reg-fixed-voltage requests probe deferral
[    0.243976] sys_3v3_pexs: Failed to request enable GPIO95: -517
[    0.244057] reg-fixed-voltage regulators:regulator@7: Failed to register regulator: -517
[    0.244070] platform regulators:regulator@7: Driver reg-fixed-voltage requests probe deferral
[    0.244367] reg-fixed-voltage regulators:regulator@8: Failed to find supply vin
[    0.244454] reg-fixed-voltage regulators:regulator@8: Failed to register regulator: -517
[    0.244468] platform regulators:regulator@8: Driver reg-fixed-voltage requests probe deferral
[    0.245669] vgaarb: loaded
[    0.246758] SCSI subsystem initialized
[    0.247027] libata version 3.00 loaded.
[    0.247586] usbcore: registered new interface driver usbfs
[    0.247707] usbcore: registered new interface driver hub
[    0.247818] usbcore: registered new device driver usb
[    0.257005] vrtc: supplied by vdd_5v_in
[    0.270079] vdd_1v8_gen: supplied by vdd_5v_in
[    0.271313] ------------[ cut here ]------------
[    0.271337] WARNING: CPU: 2 PID: 0 at fs/dcache.c:255 __d_free+0x34/0x40()
[    0.271341] Modules linked in:
[    0.271353] CPU: 2 PID: 0 Comm: swapper/2 Not tainted 3.18.0-rc3-next-20141103-57588-ga641d0e #1
[    0.271391] [<c0015998>] (unwind_backtrace) from [<c0011518>] (show_stack+0x10/0x14)
[    0.271408] [<c0011518>] (show_stack) from [<c0619dec>] (dump_stack+0x84/0xd0)
[    0.271425] [<c0619dec>] (dump_stack) from [<c00252c0>] (warn_slowpath_common+0x64/0x88)
[    0.271434] [<c00252c0>] (warn_slowpath_common) from [<c0025300>] (warn_slowpath_null+0x1c/0x24)
[    0.271442] [<c0025300>] (warn_slowpath_null) from [<c00f0ed0>] (__d_free+0x34/0x40)
[    0.271464] [<c00f0ed0>] (__d_free) from [<c006b228>] (rcu_process_callbacks+0x3a8/0x544)
[    0.271477] [<c006b228>] (rcu_process_callbacks) from [<c0028090>] (__do_softirq+0xf0/0x240)
[    0.271485] [<c0028090>] (__do_softirq) from [<c0028484>] (irq_exit+0xa8/0x114)
[    0.271505] [<c0028484>] (irq_exit) from [<c00621e0>] (__handle_domain_irq+0x58/0xa4)
[    0.271514] [<c00621e0>] (__handle_domain_irq) from [<c00087a0>] (gic_handle_irq+0x20/0x5c)
[    0.271524] [<c00087a0>] (gic_handle_irq) from [<c00120c0>] (__irq_svc+0x40/0x74)
[    0.271528] Exception stack(0xee089f98 to 0xee089fe0)
[    0.271533] 9f80:                                                       ffffffed 00000000
[    0.271539] 9fa0: ee089fe8 c001ed20 c08be4ec c08be488 00000000 00000000 c08b4880 c08b3c40
[    0.271545] 9fc0: ffffffed 00000000 00000000 ee089fe0 c000f484 c000f488 60000113 ffffffff
[    0.271554] [<c00120c0>] (__irq_svc) from [<c000f488>] (arch_cpu_idle+0x30/0x3c)
[    0.271563] [<c000f488>] (arch_cpu_idle) from [<c00550d8>] (cpu_startup_entry+0x1a4/0x278)
[    0.271572] [<c00550d8>] (cpu_startup_entry) from [<80008864>] (0x80008864)
[    0.271595] ---[ end trace 571e67a9411c5e3a ]---
[    0.271602] ------------[ cut here ]------------
[    0.271611] WARNING: CPU: 2 PID: 0 at fs/dcache.c:255 __d_free+0x34/0x40()
[    0.271614] Modules linked in:
[    0.271621] CPU: 2 PID: 0 Comm: swapper/2 Tainted: G        W      3.18.0-rc3-next-20141103-57588-ga641d0e #1
[    0.271632] [<c0015998>] (unwind_backtrace) from [<c0011518>] (show_stack+0x10/0x14)
[    0.271640] [<c0011518>] (show_stack) from [<c0619dec>] (dump_stack+0x84/0xd0)
[    0.271649] [<c0619dec>] (dump_stack) from [<c00252c0>] (warn_slowpath_common+0x64/0x88)
[    0.271657] [<c00252c0>] (warn_slowpath_common) from [<c0025300>] (warn_slowpath_null+0x1c/0x24)
[    0.271665] [<c0025300>] (warn_slowpath_null) from [<c00f0ed0>] (__d_free+0x34/0x40)
[    0.271674] [<c00f0ed0>] (__d_free) from [<c006b228>] (rcu_process_callbacks+0x3a8/0x544)
[    0.271682] [<c006b228>] (rcu_process_callbacks) from [<c0028090>] (__do_softirq+0xf0/0x240)
[    0.271690] [<c0028090>] (__do_softirq) from [<c0028484>] (irq_exit+0xa8/0x114)
[    0.271699] [<c0028484>] (irq_exit) from [<c00621e0>] (__handle_domain_irq+0x58/0xa4)
[    0.271707] [<c00621e0>] (__handle_domain_irq) from [<c00087a0>] (gic_handle_irq+0x20/0x5c)
[    0.271715] [<c00087a0>] (gic_handle_irq) from [<c00120c0>] (__irq_svc+0x40/0x74)
[    0.271719] Exception stack(0xee089f98 to 0xee089fe0)
[    0.271723] 9f80:                                                       ffffffed 00000000
[    0.271729] 9fa0: ee089fe8 c001ed20 c08be4ec c08be488 00000000 00000000 c08b4880 c08b3c40
[    0.271735] 9fc0: ffffffed 00000000 00000000 ee089fe0 c000f484 c000f488 60000113 ffffffff
[    0.271744] [<c00120c0>] (__irq_svc) from [<c000f488>] (arch_cpu_idle+0x30/0x3c)
[    0.271751] [<c000f488>] (arch_cpu_idle) from [<c00550d8>] (cpu_startup_entry+0x1a4/0x278)
[    0.271758] [<c00550d8>] (cpu_startup_entry) from [<80008864>] (0x80008864)
[    0.271762] ---[ end trace 571e67a9411c5e3b ]---
[    0.280099] vddio_ddr_1v2: supplied by vdd_5v_in
[    0.290077] vdd_1v5_gen: supplied by vdd_5v_in
[    0.302637] vdd_pexa,vdd_pexb: supplied by vdd_1v5_gen
[    0.305591] vdd_sata,avdd_plle: supplied by vdd_1v5_gen
[    0.308195] ldo3: supplied by vdd_5v_in
[    0.320073] vdd_rtc: supplied by vdd_5v_in
[    0.330073] vddio_sdmmc,avdd_vdac: supplied by vdd_5v_in
[    0.333019] avdd_dsi_csi,pwrdet_mipi: supplied by vdd_1v8_gen
[    0.340072] vdd_pllm,x,u,a_p_c_s: supplied by vdd_1v8_gen
[    0.350072] vdd_ddr_hs: supplied by vdd_1v8_gen
[    0.352780] Linux video capture interface: v2.00
[    0.352889] pps_core: LinuxPPS API ver. 1 registered
[    0.352894] pps_core: Software ver. 5.3.6 - Copyright 2005-2007 Rodolfo Giometti <giometti@linux.it>
[    0.352945] PTP clock support registered
[    0.353673] platform 7000f010.iommu: Driver tegra-smmu requests probe deferral
[    0.353995] Advanced Linux Sound Architecture Driver Initialized.
[    0.355070] Bluetooth: Core ver 2.19
[    0.355134] NET: Registered protocol family 31
[    0.355139] Bluetooth: HCI device and connection manager initialized
[    0.355156] Bluetooth: HCI socket layer initialized
[    0.355171] Bluetooth: L2CAP socket layer initialized
[    0.355213] Bluetooth: SCO socket layer initialized
[    0.355833] cfg80211: Calling CRDA to update world regulatory domain
[    0.356453] Switched to clocksource timer_us
[    0.372977] NET: Registered protocol family 2
[    0.373906] TCP established hash table entries: 8192 (order: 3, 32768 bytes)
[    0.373967] TCP bind hash table entries: 8192 (order: 4, 65536 bytes)
[    0.374048] TCP: Hash tables configured (established 8192 bind 8192)
[    0.374531] TCP: reno registered
[    0.374543] UDP hash table entries: 512 (order: 2, 16384 bytes)
[    0.374601] UDP-Lite hash table entries: 512 (order: 2, 16384 bytes)
[    0.374970] NET: Registered protocol family 1
[    0.375624] RPC: Registered named UNIX socket transport module.
[    0.375630] RPC: Registered udp transport module.
[    0.375634] RPC: Registered tcp transport module.
[    0.375638] RPC: Registered tcp NFSv4.1 backchannel transport module.
[    0.375665] PCI: CLS 0 bytes, default 64
[    0.377466] hw perfevents: enabled with armv7_cortex_a9 PMU driver, 7 counters available
[    0.379424] futex hash table entries: 1024 (order: 4, 65536 bytes)
[    0.381778] squashfs: version 4.0 (2009/01/31) Phillip Lougher
[    0.383680] bounce: pool size: 64 pages
[    0.383695] io scheduler noop registered (default)
[    0.386490] ------------[ cut here ]------------
[    0.386512] WARNING: CPU: 2 PID: 0 at fs/dcache.c:255 __d_free+0x34/0x40()
[    0.386517] Modules linked in:
[    0.386527] CPU: 2 PID: 0 Comm: swapper/2 Tainted: G        W      3.18.0-rc3-next-20141103-57588-ga641d0e #1
[    0.386562] [<c0015998>] (unwind_backtrace) from [<c0011518>] (show_stack+0x10/0x14)
[    0.386579] [<c0011518>] (show_stack) from [<c0619dec>] (dump_stack+0x84/0xd0)
[    0.386595] [<c0619dec>] (dump_stack) from [<c00252c0>] (warn_slowpath_common+0x64/0x88)
[    0.386604] [<c00252c0>] (warn_slowpath_common) from [<c0025300>] (warn_slowpath_null+0x1c/0x24)
[    0.386612] [<c0025300>] (warn_slowpath_null) from [<c00f0ed0>] (__d_free+0x34/0x40)
[    0.386632] [<c00f0ed0>] (__d_free) from [<c006b228>] (rcu_process_callbacks+0x3a8/0x544)
[    0.386645] [<c006b228>] (rcu_process_callbacks) from [<c0028090>] (__do_softirq+0xf0/0x240)
[    0.386654] [<c0028090>] (__do_softirq) from [<c0028484>] (irq_exit+0xa8/0x114)
[    0.386673] [<c0028484>] (irq_exit) from [<c00621e0>] (__handle_domain_irq+0x58/0xa4)
[    0.386682] [<c00621e0>] (__handle_domain_irq) from [<c00087a0>] (gic_handle_irq+0x20/0x5c)
[    0.386692] [<c00087a0>] (gic_handle_irq) from [<c00120c0>] (__irq_svc+0x40/0x74)
[    0.386696] Exception stack(0xee089f98 to 0xee089fe0)
[    0.386701] 9f80:                                                       ffffffed 00000000
[    0.386707] 9fa0: ee089fe8 c001ed20 c08be4ec c08be488 00000000 00000000 c08b4880 c08b3c40
[    0.386713] 9fc0: ffffffed 00000000 00000000 ee089fe0 c000f484 c000f488 60000113 ffffffff
[    0.386722] [<c00120c0>] (__irq_svc) from [<c000f488>] (arch_cpu_idle+0x30/0x3c)
[    0.386732] [<c000f488>] (arch_cpu_idle) from [<c00550d8>] (cpu_startup_entry+0x1a4/0x278)
[    0.386743] [<c00550d8>] (cpu_startup_entry) from [<80008864>] (0x80008864)
[    0.386750] ---[ end trace 571e67a9411c5e3c ]---
[    0.386826] tegra-pcie 3000.pcie-controller: 2x3 configuration
[    0.386952] tegra-pcie 3000.pcie-controller: Failed to get supply 'hvdd-pex': -517
[    0.387017] platform 3000.pcie-controller: Driver tegra-pcie requests probe deferral
[    0.394040] tegra-apbdma 6000a000.dma: Tegra20 APB DMA driver register 32 channels
[    0.394919] Serial: 8250/16550 driver, 4 ports, IRQ sharing disabled
[    0.397498] console [ttyS0] disabled
[    0.397551] of_serial 70006000.serial: ttyS0 at MMIO 0x70006000 (irq = 68, base_baud = 25500000) is a Tegra
[    0.438648] ------------[ cut here ]------------
[    0.438661] WARNING: CPU: 0 PID: 1 at fs/dcache.c:255 __d_free+0x34/0x40()
[    0.438664] Modules linked in:
[    0.438670] CPU: 0 PID: 1 Comm: swapper/0 Tainted: G        W      3.18.0-rc3-next-20141103-57588-ga641d0e #1
[    0.438689] [<c0015998>] (unwind_backtrace) from [<c0011518>] (show_stack+0x10/0x14)
[    0.438700] [<c0011518>] (show_stack) from [<c0619dec>] (dump_stack+0x84/0xd0)
[    0.438709] [<c0619dec>] (dump_stack) from [<c00252c0>] (warn_slowpath_common+0x64/0x88)
[    0.438716] [<c00252c0>] (warn_slowpath_common) from [<c0025300>] (warn_slowpath_null+0x1c/0x24)
[    0.438722] [<c0025300>] (warn_slowpath_null) from [<c00f0ed0>] (__d_free+0x34/0x40)
[    0.438732] [<c00f0ed0>] (__d_free) from [<c006b228>] (rcu_process_callbacks+0x3a8/0x544)
[    0.438741] [<c006b228>] (rcu_process_callbacks) from [<c0028090>] (__do_softirq+0xf0/0x240)
[    0.438747] [<c0028090>] (__do_softirq) from [<c0028484>] (irq_exit+0xa8/0x114)
[    0.438760] [<c0028484>] (irq_exit) from [<c00621e0>] (__handle_domain_irq+0x58/0xa4)
[    0.438766] [<c00621e0>] (__handle_domain_irq) from [<c00087a0>] (gic_handle_irq+0x20/0x5c)
[    0.438773] [<c00087a0>] (gic_handle_irq) from [<c00120c0>] (__irq_svc+0x40/0x74)
[    0.438776] Exception stack(0xee065ad8 to 0xee065b20)
[    0.438779] 5ac0:                                                       c0954df4 60000193
[    0.438783] 5ae0: 00000000 00000000 c090ec68 0000004f 00000004 00000006 00000000 00000006
[    0.438787] 5b00: 00000000 60000113 00000000 ee065b20 c005f8a8 c0060870 60000113 ffffffff
[    0.438795] [<c00120c0>] (__irq_svc) from [<c0060870>] (console_unlock+0x4b0/0x508)
[    0.438802] [<c0060870>] (console_unlock) from [<c0061b00>] (register_console+0x290/0x364)
[    0.438820] [<c0061b00>] (register_console) from [<c0296460>] (uart_add_one_port+0x3bc/0x408)
[    0.438830] [<c0296460>] (uart_add_one_port) from [<c0299870>] (serial8250_register_8250_port+0x270/0x380)
[    0.438844] [<c0299870>] (serial8250_register_8250_port) from [<c02a0140>] (of_platform_serial_probe+0x2c4/0x394)
[    0.438853] [<c02a0140>] (of_platform_serial_probe) from [<c02e73cc>] (platform_drv_probe+0x48/0xa4)
[    0.438868] [<c02e73cc>] (platform_drv_probe) from [<c02e5f98>] (driver_probe_device+0x10c/0x22c)
[    0.438875] [<c02e5f98>] (driver_probe_device) from [<c02e6144>] (__driver_attach+0x8c/0x90)
[    0.438882] [<c02e6144>] (__driver_attach) from [<c02e47d8>] (bus_for_each_dev+0x54/0x88)
[    0.438888] [<c02e47d8>] (bus_for_each_dev) from [<c02e5798>] (bus_add_driver+0xd4/0x1d0)
[    0.438895] [<c02e5798>] (bus_add_driver) from [<c02e6768>] (driver_register+0x78/0xf4)
[    0.438901] [<c02e6768>] (driver_register) from [<c0008b04>] (do_one_initcall+0x80/0x1d0)
[    0.438912] [<c0008b04>] (do_one_initcall) from [<c086dd6c>] (kernel_init_freeable+0x108/0x1d4)
[    0.438931] [<c086dd6c>] (kernel_init_freeable) from [<c0615fe8>] (kernel_init+0x8/0xec)
[    0.438939] [<c0615fe8>] (kernel_init) from [<c000e9b8>] (ret_from_fork+0x14/0x3c)
[    0.438941] ---[ end trace 571e67a9411c5e3d ]---
[    0.438945] ------------[ cut here ]------------
[    0.438951] WARNING: CPU: 0 PID: 1 at fs/dcache.c:255 __d_free+0x34/0x40()
[    0.438953] Modules linked in:
[    0.438958] CPU: 0 PID: 1 Comm: swapper/0 Tainted: G        W      3.18.0-rc3-next-20141103-57588-ga641d0e #1
[    0.438966] [<c0015998>] (unwind_backtrace) from [<c0011518>] (show_stack+0x10/0x14)
[    0.438973] [<c0011518>] (show_stack) from [<c0619dec>] (dump_stack+0x84/0xd0)
[    0.438979] [<c0619dec>] (dump_stack) from [<c00252c0>] (warn_slowpath_common+0x64/0x88)
[    0.438984] [<c00252c0>] (warn_slowpath_common) from [<c0025300>] (warn_slowpath_null+0x1c/0x24)
[    0.438990] [<c0025300>] (warn_slowpath_null) from [<c00f0ed0>] (__d_free+0x34/0x40)
[    0.438998] [<c00f0ed0>] (__d_free) from [<c006b228>] (rcu_process_callbacks+0x3a8/0x544)
[    0.439005] [<c006b228>] (rcu_process_callbacks) from [<c0028090>] (__do_softirq+0xf0/0x240)
[    0.439011] [<c0028090>] (__do_softirq) from [<c0028484>] (irq_exit+0xa8/0x114)
[    0.439018] [<c0028484>] (irq_exit) from [<c00621e0>] (__handle_domain_irq+0x58/0xa4)
[    0.439024] [<c00621e0>] (__handle_domain_irq) from [<c00087a0>] (gic_handle_irq+0x20/0x5c)
[    0.439030] [<c00087a0>] (gic_handle_irq) from [<c00120c0>] (__irq_svc+0x40/0x74)
[    0.439032] Exception stack(0xee065ad8 to 0xee065b20)
[    0.439035] 5ac0:                                                       c0954df4 60000193
[    0.439039] 5ae0: 00000000 00000000 c090ec68 0000004f 00000004 00000006 00000000 00000006
[    0.439043] 5b00: 00000000 60000113 00000000 ee065b20 c005f8a8 c0060870 60000113 ffffffff
[    0.439050] [<c00120c0>] (__irq_svc) from [<c0060870>] (console_unlock+0x4b0/0x508)
[    0.439056] [<c0060870>] (console_unlock) from [<c0061b00>] (register_console+0x290/0x364)
[    0.439064] [<c0061b00>] (register_console) from [<c0296460>] (uart_add_one_port+0x3bc/0x408)
[    0.439070] [<c0296460>] (uart_add_one_port) from [<c0299870>] (serial8250_register_8250_port+0x270/0x380)
[    0.439077] [<c0299870>] (serial8250_register_8250_port) from [<c02a0140>] (of_platform_serial_probe+0x2c4/0x394)
[    0.439083] [<c02a0140>] (of_platform_serial_probe) from [<c02e73cc>] (platform_drv_probe+0x48/0xa4)
[    0.439089] [<c02e73cc>] (platform_drv_probe) from [<c02e5f98>] (driver_probe_device+0x10c/0x22c)
[    0.439095] [<c02e5f98>] (driver_probe_device) from [<c02e6144>] (__driver_attach+0x8c/0x90)
[    0.439101] [<c02e6144>] (__driver_attach) from [<c02e47d8>] (bus_for_each_dev+0x54/0x88)
[    0.439107] [<c02e47d8>] (bus_for_each_dev) from [<c02e5798>] (bus_add_driver+0xd4/0x1d0)
[    0.439112] [<c02e5798>] (bus_add_driver) from [<c02e6768>] (driver_register+0x78/0xf4)
[    0.439118] [<c02e6768>] (driver_register) from [<c0008b04>] (do_one_initcall+0x80/0x1d0)
[    0.439124] [<c0008b04>] (do_one_initcall) from [<c086dd6c>] (kernel_init_freeable+0x108/0x1d4)
[    0.439132] [<c086dd6c>] (kernel_init_freeable) from [<c0615fe8>] (kernel_init+0x8/0xec)
[    0.439138] [<c0615fe8>] (kernel_init) from [<c000e9b8>] (ret_from_fork+0x14/0x3c)
[    0.439140] ---[ end trace 571e67a9411c5e3e ]---
[    0.439143] ------------[ cut here ]------------
[    0.439149] WARNING: CPU: 0 PID: 1 at fs/dcache.c:255 __d_free+0x34/0x40()
[    0.439151] Modules linked in:
[    0.439155] CPU: 0 PID: 1 Comm: swapper/0 Tainted: G        W      3.18.0-rc3-next-20141103-57588-ga641d0e #1
[    0.439163] [<c0015998>] (unwind_backtrace) from [<c0011518>] (show_stack+0x10/0x14)
[    0.439170] [<c0011518>] (show_stack) from [<c0619dec>] (dump_stack+0x84/0xd0)
[    0.439176] [<c0619dec>] (dump_stack) from [<c00252c0>] (warn_slowpath_common+0x64/0x88)
[    0.439182] [<c00252c0>] (warn_slowpath_common) from [<c0025300>] (warn_slowpath_null+0x1c/0x24)
[    0.439188] [<c0025300>] (warn_slowpath_null) from [<c00f0ed0>] (__d_free+0x34/0x40)
[    0.439195] [<c00f0ed0>] (__d_free) from [<c006b228>] (rcu_process_callbacks+0x3a8/0x544)
[    0.439202] [<c006b228>] (rcu_process_callbacks) from [<c0028090>] (__do_softirq+0xf0/0x240)
[    0.439208] [<c0028090>] (__do_softirq) from [<c0028484>] (irq_exit+0xa8/0x114)
[    0.439214] [<c0028484>] (irq_exit) from [<c00621e0>] (__handle_domain_irq+0x58/0xa4)
[    0.439220] [<c00621e0>] (__handle_domain_irq) from [<c00087a0>] (gic_handle_irq+0x20/0x5c)
[    0.439226] [<c00087a0>] (gic_handle_irq) from [<c00120c0>] (__irq_svc+0x40/0x74)
[    0.439228] Exception stack(0xee065ad8 to 0xee065b20)
[    0.439231] 5ac0:                                                       c0954df4 60000193
[    0.439235] 5ae0: 00000000 00000000 c090ec68 0000004f 00000004 00000006 00000000 00000006
[    0.439239] 5b00: 00000000 60000113 00000000 ee065b20 c005f8a8 c0060870 60000113 ffffffff
[    0.439246] [<c00120c0>] (__irq_svc) from [<c0060870>] (console_unlock+0x4b0/0x508)
[    0.439252] [<c0060870>] (console_unlock) from [<c0061b00>] (register_console+0x290/0x364)
[    0.439260] [<c0061b00>] (register_console) from [<c0296460>] (uart_add_one_port+0x3bc/0x408)
[    0.439266] [<c0296460>] (uart_add_one_port) from [<c0299870>] (serial8250_register_8250_port+0x270/0x380)
[    0.439273] [<c0299870>] (serial8250_register_8250_port) from [<c02a0140>] (of_platform_serial_probe+0x2c4/0x394)
[    0.439279] [<c02a0140>] (of_platform_serial_probe) from [<c02e73cc>] (platform_drv_probe+0x48/0xa4)
[    0.439285] [<c02e73cc>] (platform_drv_probe) from [<c02e5f98>] (driver_probe_device+0x10c/0x22c)
[    0.439291] [<c02e5f98>] (driver_probe_device) from [<c02e6144>] (__driver_attach+0x8c/0x90)
[    0.439297] [<c02e6144>] (__driver_attach) from [<c02e47d8>] (bus_for_each_dev+0x54/0x88)
[    0.439303] [<c02e47d8>] (bus_for_each_dev) from [<c02e5798>] (bus_add_driver+0xd4/0x1d0)
[    0.439309] [<c02e5798>] (bus_add_driver) from [<c02e6768>] (driver_register+0x78/0xf4)
[    0.439314] [<c02e6768>] (driver_register) from [<c0008b04>] (do_one_initcall+0x80/0x1d0)
[    0.439320] [<c0008b04>] (do_one_initcall) from [<c086dd6c>] (kernel_init_freeable+0x108/0x1d4)
[    0.439328] [<c086dd6c>] (kernel_init_freeable) from [<c0615fe8>] (kernel_init+0x8/0xec)
[    0.439334] [<c0615fe8>] (kernel_init) from [<c000e9b8>] (ret_from_fork+0x14/0x3c)
[    0.439336] ---[ end trace 571e67a9411c5e3f ]---
[    0.439340] ------------[ cut here ]------------
[    0.439345] WARNING: CPU: 0 PID: 1 at fs/dcache.c:255 __d_free+0x34/0x40()
[    0.439347] Modules linked in:
[    0.439351] CPU: 0 PID: 1 Comm: swapper/0 Tainted: G        W      3.18.0-rc3-next-20141103-57588-ga641d0e #1
[    0.439359] [<c0015998>] (unwind_backtrace) from [<c0011518>] (show_stack+0x10/0x14)
[    0.439366] [<c0011518>] (show_stack) from [<c0619dec>] (dump_stack+0x84/0xd0)
[    0.439372] [<c0619dec>] (dump_stack) from [<c00252c0>] (warn_slowpath_common+0x64/0x88)
[    0.439378] [<c00252c0>] (warn_slowpath_common) from [<c0025300>] (warn_slowpath_null+0x1c/0x24)
[    0.439384] [<c0025300>] (warn_slowpath_null) from [<c00f0ed0>] (__d_free+0x34/0x40)
[    0.439391] [<c00f0ed0>] (__d_free) from [<c006b228>] (rcu_process_callbacks+0x3a8/0x544)
[    0.439398] [<c006b228>] (rcu_process_callbacks) from [<c0028090>] (__do_softirq+0xf0/0x240)
[    0.439404] [<c0028090>] (__do_softirq) from [<c0028484>] (irq_exit+0xa8/0x114)
[    0.439411] [<c0028484>] (irq_exit) from [<c00621e0>] (__handle_domain_irq+0x58/0xa4)
[    0.439417] [<c00621e0>] (__handle_domain_irq) from [<c00087a0>] (gic_handle_irq+0x20/0x5c)
[    0.439423] [<c00087a0>] (gic_handle_irq) from [<c00120c0>] (__irq_svc+0x40/0x74)
[    0.439425] Exception stack(0xee065ad8 to 0xee065b20)
[    0.439428] 5ac0:                                                       c0954df4 60000193
[    0.439432] 5ae0: 00000000 00000000 c090ec68 0000004f 00000004 00000006 00000000 00000006
[    0.439436] 5b00: 00000000 60000113 00000000 ee065b20 c005f8a8 c0060870 60000113 ffffffff
[    0.439443] [<c00120c0>] (__irq_svc) from [<c0060870>] (console_unlock+0x4b0/0x508)
[    0.439449] [<c0060870>] (console_unlock) from [<c0061b00>] (register_console+0x290/0x364)
[    0.439457] [<c0061b00>] (register_console) from [<c0296460>] (uart_add_one_port+0x3bc/0x408)
[    0.439463] [<c0296460>] (uart_add_one_port) from [<c0299870>] (serial8250_register_8250_port+0x270/0x380)
[    0.439470] [<c0299870>] (serial8250_register_8250_port) from [<c02a0140>] (of_platform_serial_probe+0x2c4/0x394)
[    0.439476] [<c02a0140>] (of_platform_serial_probe) from [<c02e73cc>] (platform_drv_probe+0x48/0xa4)
[    0.439482] [<c02e73cc>] (platform_drv_probe) from [<c02e5f98>] (driver_probe_device+0x10c/0x22c)
[    0.439488] [<c02e5f98>] (driver_probe_device) from [<c02e6144>] (__driver_attach+0x8c/0x90)
[    0.439494] [<c02e6144>] (__driver_attach) from [<c02e47d8>] (bus_for_each_dev+0x54/0x88)
[    0.439500] [<c02e47d8>] (bus_for_each_dev) from [<c02e5798>] (bus_add_driver+0xd4/0x1d0)
[    0.439506] [<c02e5798>] (bus_add_driver) from [<c02e6768>] (driver_register+0x78/0xf4)
[    0.439511] [<c02e6768>] (driver_register) from [<c0008b04>] (do_one_initcall+0x80/0x1d0)
[    0.439517] [<c0008b04>] (do_one_initcall) from [<c086dd6c>] (kernel_init_freeable+0x108/0x1d4)
[    0.439524] [<c086dd6c>] (kernel_init_freeable) from [<c0615fe8>] (kernel_init+0x8/0xec)
[    0.439530] [<c0615fe8>] (kernel_init) from [<c000e9b8>] (ret_from_fork+0x14/0x3c)
[    0.439532] ---[ end trace 571e67a9411c5e40 ]---
[    0.439535] ------------[ cut here ]------------
[    0.439541] WARNING: CPU: 0 PID: 1 at fs/dcache.c:255 __d_free+0x34/0x40()
[    0.439542] Modules linked in:
[    0.439546] CPU: 0 PID: 1 Comm: swapper/0 Tainted: G        W      3.18.0-rc3-next-20141103-57588-ga641d0e #1
[    0.439555] [<c0015998>] (unwind_backtrace) from [<c0011518>] (show_stack+0x10/0x14)
[    0.439561] [<c0011518>] (show_stack) from [<c0619dec>] (dump_stack+0x84/0xd0)
[    0.439567] [<c0619dec>] (dump_stack) from [<c00252c0>] (warn_slowpath_common+0x64/0x88)
[    0.439573] [<c00252c0>] (warn_slowpath_common) from [<c0025300>] (warn_slowpath_null+0x1c/0x24)
[    0.439579] [<c0025300>] (warn_slowpath_null) from [<c00f0ed0>] (__d_free+0x34/0x40)
[    0.439587] [<c00f0ed0>] (__d_free) from [<c006b228>] (rcu_process_callbacks+0x3a8/0x544)
[    0.439593] [<c006b228>] (rcu_process_callbacks) from [<c0028090>] (__do_softirq+0xf0/0x240)
[    0.439599] [<c0028090>] (__do_softirq) from [<c0028484>] (irq_exit+0xa8/0x114)
[    0.439606] [<c0028484>] (irq_exit) from [<c00621e0>] (__handle_domain_irq+0x58/0xa4)
[    0.439612] [<c00621e0>] (__handle_domain_irq) from [<c00087a0>] (gic_handle_irq+0x20/0x5c)
[    0.439618] [<c00087a0>] (gic_handle_irq) from [<c00120c0>] (__irq_svc+0x40/0x74)
[    0.439620] Exception stack(0xee065ad8 to 0xee065b20)
[    0.439623] 5ac0:                                                       c0954df4 60000193
[    0.439627] 5ae0: 00000000 00000000 c090ec68 0000004f 00000004 00000006 00000000 00000006
[    0.439631] 5b00: 00000000 60000113 00000000 ee065b20 c005f8a8 c0060870 60000113 ffffffff
[    0.439638] [<c00120c0>] (__irq_svc) from [<c0060870>] (console_unlock+0x4b0/0x508)
[    0.439644] [<c0060870>] (console_unlock) from [<c0061b00>] (register_console+0x290/0x364)
[    0.439652] [<c0061b00>] (register_console) from [<c0296460>] (uart_add_one_port+0x3bc/0x408)
[    0.439658] [<c0296460>] (uart_add_one_port) from [<c0299870>] (serial8250_register_8250_port+0x270/0x380)
[    0.439665] [<c0299870>] (serial8250_register_8250_port) from [<c02a0140>] (of_platform_serial_probe+0x2c4/0x394)
[    0.439671] [<c02a0140>] (of_platform_serial_probe) from [<c02e73cc>] (platform_drv_probe+0x48/0xa4)
[    0.439677] [<c02e73cc>] (platform_drv_probe) from [<c02e5f98>] (driver_probe_device+0x10c/0x22c)
[    0.439683] [<c02e5f98>] (driver_probe_device) from [<c02e6144>] (__driver_attach+0x8c/0x90)
[    0.439689] [<c02e6144>] (__driver_attach) from [<c02e47d8>] (bus_for_each_dev+0x54/0x88)
[    0.439695] [<c02e47d8>] (bus_for_each_dev) from [<c02e5798>] (bus_add_driver+0xd4/0x1d0)
[    0.439701] [<c02e5798>] (bus_add_driver) from [<c02e6768>] (driver_register+0x78/0xf4)
[    0.439706] [<c02e6768>] (driver_register) from [<c0008b04>] (do_one_initcall+0x80/0x1d0)
[    0.439712] [<c0008b04>] (do_one_initcall) from [<c086dd6c>] (kernel_init_freeable+0x108/0x1d4)
[    0.439720] [<c086dd6c>] (kernel_init_freeable) from [<c0615fe8>] (kernel_init+0x8/0xec)
[    0.439726] [<c0615fe8>] (kernel_init) from [<c000e9b8>] (ret_from_fork+0x14/0x3c)
[    0.439728] ---[ end trace 571e67a9411c5e41 ]---
[    0.439730] ------------[ cut here ]------------
[    0.439736] WARNING: CPU: 0 PID: 1 at fs/dcache.c:255 __d_free+0x34/0x40()
[    0.439738] Modules linked in:
[    0.439741] CPU: 0 PID: 1 Comm: swapper/0 Tainted: G        W      3.18.0-rc3-next-20141103-57588-ga641d0e #1
[    0.439749] [<c0015998>] (unwind_backtrace) from [<c0011518>] (show_stack+0x10/0x14)
[    0.439755] [<c0011518>] (show_stack) from [<c0619dec>] (dump_stack+0x84/0xd0)
[    0.439761] [<c0619dec>] (dump_stack) from [<c00252c0>] (warn_slowpath_common+0x64/0x88)
[    0.439767] [<c00252c0>] (warn_slowpath_common) from [<c0025300>] (warn_slowpath_null+0x1c/0x24)
[    0.439773] [<c0025300>] (warn_slowpath_null) from [<c00f0ed0>] (__d_free+0x34/0x40)
[    0.439780] [<c00f0ed0>] (__d_free) from [<c006b228>] (rcu_process_callbacks+0x3a8/0x544)
[    0.439787] [<c006b228>] (rcu_process_callbacks) from [<c0028090>] (__do_softirq+0xf0/0x240)
[    0.439793] [<c0028090>] (__do_softirq) from [<c0028484>] (irq_exit+0xa8/0x114)
[    0.439800] [<c0028484>] (irq_exit) from [<c00621e0>] (__handle_domain_irq+0x58/0xa4)
[    0.439806] [<c00621e0>] (__handle_domain_irq) from [<c00087a0>] (gic_handle_irq+0x20/0x5c)
[    0.439812] [<c00087a0>] (gic_handle_irq) from [<c00120c0>] (__irq_svc+0x40/0x74)
[    0.439814] Exception stack(0xee065ad8 to 0xee065b20)
[    0.439817] 5ac0:                                                       c0954df4 60000193
[    0.439821] 5ae0: 00000000 00000000 c090ec68 0000004f 00000004 00000006 00000000 00000006
[    0.439825] 5b00: 00000000 60000113 00000000 ee065b20 c005f8a8 c0060870 60000113 ffffffff
[    0.439833] [<c00120c0>] (__irq_svc) from [<c0060870>] (console_unlock+0x4b0/0x508)
[    0.439839] [<c0060870>] (console_unlock) from [<c0061b00>] (register_console+0x290/0x364)
[    0.439847] [<c0061b00>] (register_console) from [<c0296460>] (uart_add_one_port+0x3bc/0x408)
[    0.439853] [<c0296460>] (uart_add_one_port) from [<c0299870>] (serial8250_register_8250_port+0x270/0x380)
[    0.439860] [<c0299870>] (serial8250_register_8250_port) from [<c02a0140>] (of_platform_serial_probe+0x2c4/0x394)
[    0.439866] [<c02a0140>] (of_platform_serial_probe) from [<c02e73cc>] (platform_drv_probe+0x48/0xa4)
[    0.439873] [<c02e73cc>] (platform_drv_probe) from [<c02e5f98>] (driver_probe_device+0x10c/0x22c)
[    0.439879] [<c02e5f98>] (driver_probe_device) from [<c02e6144>] (__driver_attach+0x8c/0x90)
[    0.439884] [<c02e6144>] (__driver_attach) from [<c02e47d8>] (bus_for_each_dev+0x54/0x88)
[    0.439890] [<c02e47d8>] (bus_for_each_dev) from [<c02e5798>] (bus_add_driver+0xd4/0x1d0)
[    0.439896] [<c02e5798>] (bus_add_driver) from [<c02e6768>] (driver_register+0x78/0xf4)
[    0.439901] [<c02e6768>] (driver_register) from [<c0008b04>] (do_one_initcall+0x80/0x1d0)
[    0.439907] [<c0008b04>] (do_one_initcall) from [<c086dd6c>] (kernel_init_freeable+0x108/0x1d4)
[    0.439915] [<c086dd6c>] (kernel_init_freeable) from [<c0615fe8>] (kernel_init+0x8/0xec)
[    0.439921] [<c0615fe8>] (kernel_init) from [<c000e9b8>] (ret_from_fork+0x14/0x3c)
[    0.439923] ---[ end trace 571e67a9411c5e42 ]---
[    0.439928] ------------[ cut here ]------------
[    0.439934] WARNING: CPU: 0 PID: 1 at fs/dcache.c:255 __d_free+0x34/0x40()
[    0.439936] Modules linked in:
[    0.439940] CPU: 0 PID: 1 Comm: swapper/0 Tainted: G        W      3.18.0-rc3-next-20141103-57588-ga641d0e #1
[    0.439948] [<c0015998>] (unwind_backtrace) from [<c0011518>] (show_stack+0x10/0x14)
[    0.439954] [<c0011518>] (show_stack) from [<c0619dec>] (dump_stack+0x84/0xd0)
[    0.439961] [<c0619dec>] (dump_stack) from [<c00252c0>] (warn_slowpath_common+0x64/0x88)
[    0.439966] [<c00252c0>] (warn_slowpath_common) from [<c0025300>] (warn_slowpath_null+0x1c/0x24)
[    0.439972] [<c0025300>] (warn_slowpath_null) from [<c00f0ed0>] (__d_free+0x34/0x40)
[    0.439980] [<c00f0ed0>] (__d_free) from [<c006b228>] (rcu_process_callbacks+0x3a8/0x544)
[    0.439987] [<c006b228>] (rcu_process_callbacks) from [<c0028090>] (__do_softirq+0xf0/0x240)
[    0.439992] [<c0028090>] (__do_softirq) from [<c0028484>] (irq_exit+0xa8/0x114)
[    0.439999] [<c0028484>] (irq_exit) from [<c00621e0>] (__handle_domain_irq+0x58/0xa4)
[    0.440005] [<c00621e0>] (__handle_domain_irq) from [<c00087a0>] (gic_handle_irq+0x20/0x5c)
[    0.440011] [<c00087a0>] (gic_handle_irq) from [<c00120c0>] (__irq_svc+0x40/0x74)
[    0.440013] Exception stack(0xee065ad8 to 0xee065b20)
[    0.440016] 5ac0:                                                       c0954df4 60000193
[    0.440020] 5ae0: 00000000 00000000 c090ec68 0000004f 00000004 00000006 00000000 00000006
[    0.440024] 5b00: 00000000 60000113 00000000 ee065b20 c005f8a8 c0060870 60000113 ffffffff
[    0.440031] [<c00120c0>] (__irq_svc) from [<c0060870>] (console_unlock+0x4b0/0x508)
[    0.440037] [<c0060870>] (console_unlock) from [<c0061b00>] (register_console+0x290/0x364)
[    0.440045] [<c0061b00>] (register_console) from [<c0296460>] (uart_add_one_port+0x3bc/0x408)
[    0.440052] [<c0296460>] (uart_add_one_port) from [<c0299870>] (serial8250_register_8250_port+0x270/0x380)
[    0.440058] [<c0299870>] (serial8250_register_8250_port) from [<c02a0140>] (of_platform_serial_probe+0x2c4/0x394)
[    0.440064] [<c02a0140>] (of_platform_serial_probe) from [<c02e73cc>] (platform_drv_probe+0x48/0xa4)
[    0.440071] [<c02e73cc>] (platform_drv_probe) from [<c02e5f98>] (driver_probe_device+0x10c/0x22c)
[    0.440077] [<c02e5f98>] (driver_probe_device) from [<c02e6144>] (__driver_attach+0x8c/0x90)
[    0.440083] [<c02e6144>] (__driver_attach) from [<c02e47d8>] (bus_for_each_dev+0x54/0x88)
[    0.440088] [<c02e47d8>] (bus_for_each_dev) from [<c02e5798>] (bus_add_driver+0xd4/0x1d0)
[    0.440094] [<c02e5798>] (bus_add_driver) from [<c02e6768>] (driver_register+0x78/0xf4)
[    0.440100] [<c02e6768>] (driver_register) from [<c0008b04>] (do_one_initcall+0x80/0x1d0)
[    0.440106] [<c0008b04>] (do_one_initcall) from [<c086dd6c>] (kernel_init_freeable+0x108/0x1d4)
[    0.440114] [<c086dd6c>] (kernel_init_freeable) from [<c0615fe8>] (kernel_init+0x8/0xec)
[    0.440120] [<c0615fe8>] (kernel_init) from [<c000e9b8>] (ret_from_fork+0x14/0x3c)
[    0.440122] ---[ end trace 571e67a9411c5e43 ]---
[    0.466450] ------------[ cut here ]------------
[    0.466461] WARNING: CPU: 1 PID: 0 at fs/dcache.c:255 __d_free+0x34/0x40()
[    0.466464] Modules linked in:
[    0.466468] CPU: 1 PID: 0 Comm: swapper/1 Tainted: G        W      3.18.0-rc3-next-20141103-57588-ga641d0e #1
[    0.466480] [<c0015998>] (unwind_backtrace) from [<c0011518>] (show_stack+0x10/0x14)
[    0.466487] [<c0011518>] (show_stack) from [<c0619dec>] (dump_stack+0x84/0xd0)
[    0.466494] [<c0619dec>] (dump_stack) from [<c00252c0>] (warn_slowpath_common+0x64/0x88)
[    0.466500] [<c00252c0>] (warn_slowpath_common) from [<c0025300>] (warn_slowpath_null+0x1c/0x24)
[    0.466507] [<c0025300>] (warn_slowpath_null) from [<c00f0ed0>] (__d_free+0x34/0x40)
[    0.466515] [<c00f0ed0>] (__d_free) from [<c006b228>] (rcu_process_callbacks+0x3a8/0x544)
[    0.466523] [<c006b228>] (rcu_process_callbacks) from [<c0028090>] (__do_softirq+0xf0/0x240)
[    0.466528] [<c0028090>] (__do_softirq) from [<c0028484>] (irq_exit+0xa8/0x114)
[    0.466536] [<c0028484>] (irq_exit) from [<c00621e0>] (__handle_domain_irq+0x58/0xa4)
[    0.466542] [<c00621e0>] (__handle_domain_irq) from [<c00087a0>] (gic_handle_irq+0x20/0x5c)
[    0.466548] [<c00087a0>] (gic_handle_irq) from [<c00120c0>] (__irq_svc+0x40/0x74)
[    0.466550] Exception stack(0xee087f98 to 0xee087fe0)
[    0.466554] 7f80:                                                       ffffffed 00000000
[    0.466559] 7fa0: ee087fe8 c001ed20 c08be4ec c08be488 00000000 00000000 c08b4880 c08b3c40
[    0.466563] 7fc0: ffffffed 00000000 00000000 ee087fe0 c000f484 c000f488 60000113 ffffffff
[    0.466570] [<c00120c0>] (__irq_svc) from [<c000f488>] (arch_cpu_idle+0x30/0x3c)
[    0.466576] [<c000f488>] (arch_cpu_idle) from [<c00550d8>] (cpu_startup_entry+0x1a4/0x278)
[    0.466581] [<c00550d8>] (cpu_startup_entry) from [<80008864>] (0x80008864)
[    0.466584] ---[ end trace 571e67a9411c5e44 ]---
[    3.898004] console [ttyS0] enabled
[    3.902481] [drm] Initialized drm 1.1.0 20060810
[    3.908003] tegra-hdmi 54280000.hdmi: failed to get HDMI regulator
[    3.914183] platform 54280000.hdmi: Driver tegra-hdmi requests probe deferral
[    3.930624] loop: module loaded
[    3.937596] m25p80 spi32766.1: w25q32 (4096 Kbytes)
[    3.944402] CAN device driver interface
[    3.948342] igb: Intel(R) Gigabit Ethernet Network Driver - version 5.2.15-k
[    3.955372] igb: Copyright (c) 2007-2014 Intel Corporation.
[    3.961220] pegasus: v0.9.3 (2013/04/25), Pegasus/Pegasus II USB Ethernet driver
[    3.968720] usbcore: registered new interface driver pegasus
[    3.974490] usbcore: registered new interface driver asix
[    3.976457] ------------[ cut here ]------------
[    3.976475] WARNING: CPU: 2 PID: 0 at fs/dcache.c:255 __d_free+0x34/0x40()
[    3.976478] Modules linked in:
[    3.976485] CPU: 2 PID: 0 Comm: swapper/2 Tainted: G        W      3.18.0-rc3-next-20141103-57588-ga641d0e #1
[    3.976511] [<c0015998>] (unwind_backtrace) from [<c0011518>] (show_stack+0x10/0x14)
[    3.976524] [<c0011518>] (show_stack) from [<c0619dec>] (dump_stack+0x84/0xd0)
[    3.976538] [<c0619dec>] (dump_stack) from [<c00252c0>] (warn_slowpath_common+0x64/0x88)
[    3.976545] [<c00252c0>] (warn_slowpath_common) from [<c0025300>] (warn_slowpath_null+0x1c/0x24)
[    3.976551] [<c0025300>] (warn_slowpath_null) from [<c00f0ed0>] (__d_free+0x34/0x40)
[    3.976567] [<c00f0ed0>] (__d_free) from [<c006b228>] (rcu_process_callbacks+0x3a8/0x544)
[    3.976579] [<c006b228>] (rcu_process_callbacks) from [<c0028090>] (__do_softirq+0xf0/0x240)
[    3.976585] [<c0028090>] (__do_softirq) from [<c0028484>] (irq_exit+0xa8/0x114)
[    3.976599] [<c0028484>] (irq_exit) from [<c00621e0>] (__handle_domain_irq+0x58/0xa4)
[    3.976607] [<c00621e0>] (__handle_domain_irq) from [<c00087a0>] (gic_handle_irq+0x20/0x5c)
[    3.976614] [<c00087a0>] (gic_handle_irq) from [<c00120c0>] (__irq_svc+0x40/0x74)
[    3.976617] Exception stack(0xee089f98 to 0xee089fe0)
[    3.976620] 9f80:                                                       ffffffed 00000000
[    3.976625] 9fa0: ee089fe8 c001ed20 c08be4ec c08be488 00000000 00000000 c08b4880 c08b3c40
[    3.976629] 9fc0: ffffffed 00000000 00000000 ee089fe0 c000f484 c000f488 60000113 ffffffff
[    3.976637] [<c00120c0>] (__irq_svc) from [<c000f488>] (arch_cpu_idle+0x30/0x3c)
[    3.976644] [<c000f488>] (arch_cpu_idle) from [<c00550d8>] (cpu_startup_entry+0x1a4/0x278)
[    3.976650] [<c00550d8>] (cpu_startup_entry) from [<80008864>] (0x80008864)
[    3.976654] ---[ end trace 571e67a9411c5e45 ]---
[    3.976669] ------------[ cut here ]------------
[    3.976675] WARNING: CPU: 2 PID: 0 at fs/dcache.c:255 __d_free+0x34/0x40()
[    3.976678] Modules linked in:
[    3.976682] CPU: 2 PID: 0 Comm: swapper/2 Tainted: G        W      3.18.0-rc3-next-20141103-57588-ga641d0e #1
[    3.976690] [<c0015998>] (unwind_backtrace) from [<c0011518>] (show_stack+0x10/0x14)
[    3.976697] [<c0011518>] (show_stack) from [<c0619dec>] (dump_stack+0x84/0xd0)
[    3.976704] [<c0619dec>] (dump_stack) from [<c00252c0>] (warn_slowpath_common+0x64/0x88)
[    3.976710] [<c00252c0>] (warn_slowpath_common) from [<c0025300>] (warn_slowpath_null+0x1c/0x24)
[    3.976716] [<c0025300>] (warn_slowpath_null) from [<c00f0ed0>] (__d_free+0x34/0x40)
[    3.976723] [<c00f0ed0>] (__d_free) from [<c006b228>] (rcu_process_callbacks+0x3a8/0x544)
[    3.976730] [<c006b228>] (rcu_process_callbacks) from [<c0028090>] (__do_softirq+0xf0/0x240)
[    3.976736] [<c0028090>] (__do_softirq) from [<c0028484>] (irq_exit+0xa8/0x114)
[    3.976744] [<c0028484>] (irq_exit) from [<c00621e0>] (__handle_domain_irq+0x58/0xa4)
[    3.976749] [<c00621e0>] (__handle_domain_irq) from [<c00087a0>] (gic_handle_irq+0x20/0x5c)
[    3.976756] [<c00087a0>] (gic_handle_irq) from [<c00120c0>] (__irq_svc+0x40/0x74)
[    3.976758] Exception stack(0xee089f98 to 0xee089fe0)
[    3.976761] 9f80:                                                       ffffffed 00000000
[    3.976765] 9fa0: ee089fe8 c001ed20 c08be4ec c08be488 00000000 00000000 c08b4880 c08b3c40
[    3.976769] 9fc0: ffffffed 00000000 00000000 ee089fe0 c000f484 c000f488 60000113 ffffffff
[    3.976776] [<c00120c0>] (__irq_svc) from [<c000f488>] (arch_cpu_idle+0x30/0x3c)
[    3.976782] [<c000f488>] (arch_cpu_idle) from [<c00550d8>] (cpu_startup_entry+0x1a4/0x278)
[    3.976786] [<c00550d8>] (cpu_startup_entry) from [<80008864>] (0x80008864)
[    3.976789] ---[ end trace 571e67a9411c5e46 ]---
[    4.316019] usbcore: registered new interface driver ax88179_178a
[    4.322202] usbcore: registered new interface driver cdc_ether
[    4.328158] usbcore: registered new interface driver smsc75xx
[    4.334027] usbcore: registered new interface driver smsc95xx
[    4.339866] usbcore: registered new interface driver net1080
[    4.345605] usbcore: registered new interface driver cdc_subset
[    4.351614] usbcore: registered new interface driver zaurus
[    4.357326] usbcore: registered new interface driver cdc_ncm
[    4.363126] ehci_hcd: USB 2.0 'Enhanced' Host Controller (EHCI) Driver
[    4.369654] ehci-pci: EHCI PCI platform driver
[    4.374180] tegra-ehci: Tegra EHCI driver
[    4.378416] platform 7d004000.usb: Driver tegra-ehci requests probe deferral
[    4.385527] platform 7d008000.usb: Driver tegra-ehci requests probe deferral
[    4.392781] usbcore: registered new interface driver cdc_acm
[    4.398436] cdc_acm: USB Abstract Control Model driver for USB modems and ISDN adapters
[    4.406528] usbcore: registered new interface driver cdc_wdm
[    4.412302] usbcore: registered new interface driver usb-storage
[    4.418496] platform 7d004000.usb-phy: Driver tegra-phy requests probe deferral
[    4.425863] platform 7d008000.usb-phy: Driver tegra-phy requests probe deferral
[    4.433786] mousedev: PS/2 mouse device common for all mice
[    4.441380] tegra_rtc 7000e000.rtc: rtc core: registered 7000e000.rtc as rtc1
[    4.448541] tegra_rtc 7000e000.rtc: Tegra internal Real Time Clock
[    4.466452] ------------[ cut here ]------------
[    4.471070] WARNING: CPU: 1 PID: 0 at fs/dcache.c:255 __d_free+0x34/0x40()
[    4.477932] Modules linked in:
[    4.480983] CPU: 1 PID: 0 Comm: swapper/1 Tainted: G        W      3.18.0-rc3-next-20141103-57588-ga641d0e #1
[    4.490892] [<c0015998>] (unwind_backtrace) from [<c0011518>] (show_stack+0x10/0x14)
[    4.498629] [<c0011518>] (show_stack) from [<c0619dec>] (dump_stack+0x84/0xd0)
[    4.505840] [<c0619dec>] (dump_stack) from [<c00252c0>] (warn_slowpath_common+0x64/0x88)
[    4.513919] [<c00252c0>] (warn_slowpath_common) from [<c0025300>] (warn_slowpath_null+0x1c/0x24)
[    4.522691] [<c0025300>] (warn_slowpath_null) from [<c00f0ed0>] (__d_free+0x34/0x40)
[    4.530430] [<c00f0ed0>] (__d_free) from [<c006b228>] (rcu_process_callbacks+0x3a8/0x544)
[    4.538597] [<c006b228>] (rcu_process_callbacks) from [<c0028090>] (__do_softirq+0xf0/0x240)
[    4.547023] [<c0028090>] (__do_softirq) from [<c0028484>] (irq_exit+0xa8/0x114)
[    4.554321] [<c0028484>] (irq_exit) from [<c00621e0>] (__handle_domain_irq+0x58/0xa4)
[    4.562140] [<c00621e0>] (__handle_domain_irq) from [<c00087a0>] (gic_handle_irq+0x20/0x5c)
[    4.570479] [<c00087a0>] (gic_handle_irq) from [<c00120c0>] (__irq_svc+0x40/0x74)
[    4.577946] Exception stack(0xee087f98 to 0xee087fe0)
[    4.582981] 7f80:                                                       ffffffed 00000000
[    4.591143] 7fa0: ee087fe8 c001ed20 c08be4ec c08be488 00000000 00000000 c08b4880 c08b3c40
[    4.599305] 7fc0: ffffffed 00000000 00000000 ee087fe0 c000f484 c000f488 60000113 ffffffff
[    4.607471] [<c00120c0>] (__irq_svc) from [<c000f488>] (arch_cpu_idle+0x30/0x3c)
[    4.614851] [<c000f488>] (arch_cpu_idle) from [<c00550d8>] (cpu_startup_entry+0x1a4/0x278)
[    4.623102] [<c00550d8>] (cpu_startup_entry) from [<80008864>] (0x80008864)
[    4.630050] ---[ end trace 571e67a9411c5e47 ]---
[    4.634910] tps65910-rtc tps65910-rtc: rtc core: registered tps65910-rtc as rtc0
[    4.642379] i2c /dev entries driver
[    4.647499] usbcore: registered new interface driver uvcvideo
[    4.653229] USB Video Class driver (1.1.1)
[    4.657333] gspca_main: v2.14.0 registered
[    4.662083] Driver 'mmcblk' needs updating - please use bus_type methods
[    4.668861] sdhci: Secure Digital Host Controller Interface driver
[    4.675023] sdhci: Copyright(c) Pierre Ossman
[    4.679380] sdhci-pltfm: SDHCI platform and OF driver helper
[    4.685270] sdhci-tegra 78000000.sdhci: Got CD GPIO
[    4.690172] sdhci-tegra 78000000.sdhci: Got WP GPIO
[    4.696169] sdhci-tegra 78000000.sdhci: No vmmc regulator found
[    4.702089] sdhci-tegra 78000000.sdhci: No vqmmc regulator found
[    4.708088] mmc0: Invalid maximum block size, assuming 512 bytes
[    4.756612] mmc0: SDHCI controller on 78000000.sdhci [78000000.sdhci] using ADMA
[    4.767192] sdhci-tegra 78000600.sdhci: No vmmc regulator found
[    4.773097] sdhci-tegra 78000600.sdhci: No vqmmc regulator found
[    4.779097] mmc1: Invalid maximum block size, assuming 512 bytes
[    4.826467] mmc1: SDHCI controller on 78000600.sdhci [78000600.sdhci] using ADMA
[    4.846256] usbcore: registered new interface driver usbhid
[    4.853847] usbhid: USB HID core driver
[    4.896456] ------------[ cut here ]------------
[    4.901070] WARNING: CPU: 1 PID: 0 at fs/dcache.c:255 __d_free+0x34/0x40()
[    4.907934] Modules linked in:
[    4.910983] CPU: 1 PID: 0 Comm: swapper/1 Tainted: G        W      3.18.0-rc3-next-20141103-57588-ga641d0e #1
[    4.920896] [<c0015998>] (unwind_backtrace) from [<c0011518>] (show_stack+0x10/0x14)
[    4.928635] [<c0011518>] (show_stack) from [<c0619dec>] (dump_stack+0x84/0xd0)
[    4.935845] [<c0619dec>] (dump_stack) from [<c00252c0>] (warn_slowpath_common+0x64/0x88)
[    4.936739] mmc1: new high speed MMC card at address 0001
[    4.937352] mmcblk0: mmc1:0001 SEM16G 14.8 GiB 
[    4.937568] mmcblk0boot0: mmc1:0001 SEM16G partition 1 1.00 MiB
[    4.937769] mmcblk0boot1: mmc1:0001 SEM16G partition 2 1.00 MiB
[    4.937957] mmcblk0rpmb: mmc1:0001 SEM16G partition 3 128 KiB
[    4.946996] Primary GPT is invalid, using alternate GPT.
[    4.947013]  mmcblk0: p1 p2 p3 p4 p5
[    4.980221] [<c00252c0>] (warn_slowpath_common) from [<c0025300>] (warn_slowpath_null+0x1c/0x24)
[    4.988998] [<c0025300>] (warn_slowpath_null) from [<c00f0ed0>] (__d_free+0x34/0x40)
[    4.996739] [<c00f0ed0>] (__d_free) from [<c006b228>] (rcu_process_callbacks+0x3a8/0x544)
[    5.004904] [<c006b228>] (rcu_process_callbacks) from [<c0028090>] (__do_softirq+0xf0/0x240)
[    5.013328] [<c0028090>] (__do_softirq) from [<c0028484>] (irq_exit+0xa8/0x114)
[    5.020636] [<c0028484>] (irq_exit) from [<c00621e0>] (__handle_domain_irq+0x58/0xa4)
[    5.028456] [<c00621e0>] (__handle_domain_irq) from [<c00087a0>] (gic_handle_irq+0x20/0x5c)
[    5.036802] [<c00087a0>] (gic_handle_irq) from [<c00120c0>] (__irq_svc+0x40/0x74)
[    5.044263] Exception stack(0xee087f98 to 0xee087fe0)
[    5.049305] 7f80:                                                       ffffffed 00000000
[    5.057468] 7fa0: ee087fe8 c001ed20 c08be4ec c08be488 00000000 00000000 c08b4880 c08b3c40
[    5.065625] 7fc0: ffffffed 00000000 00000000 ee087fe0 c000f484 c000f488 60000113 ffffffff
[    5.073791] [<c00120c0>] (__irq_svc) from [<c000f488>] (arch_cpu_idle+0x30/0x3c)
[    5.081178] [<c000f488>] (arch_cpu_idle) from [<c00550d8>] (cpu_startup_entry+0x1a4/0x278)
[    5.089430] [<c00550d8>] (cpu_startup_entry) from [<80008864>] (0x80008864)
[    5.096374] ---[ end trace 571e67a9411c5e48 ]---
[    5.297857] tegra30-i2s 70080400.i2s: DMA channels sourced from device 70080000.ahub
[    5.314175] tegra-snd-rt5640 sound: rt5640-aif1 <-> 70080400.i2s mapping ok
[    5.324694] input: NVIDIA Tegra Beaver Headphones as /devices/soc0/sound/sound/card0/input0
[    5.334440] TCP: cubic registered
[    5.337998] NET: Registered protocol family 10
[    5.343730] mip6: Mobile IPv6
[    5.346715] sit: IPv6 over IPv4 tunneling driver
[    5.353464] NET: Registered protocol family 17
[    5.357954] NET: Registered protocol family 15
[    5.362388] can: controller area network core (rev 20120528 abi 9)
[    5.368706] NET: Registered protocol family 29
[    5.373142] can: raw protocol (rev 20120528)
[    5.377414] can: broadcast manager protocol (rev 20120528 t)
[    5.383072] can: netlink gateway (rev 20130117) max_hops=1
[    5.388700] Bluetooth: RFCOMM socket layer initialized
[    5.393851] Bluetooth: RFCOMM ver 1.11
[    5.397625] Bluetooth: BNEP (Ethernet Emulation) ver 1.3
[    5.402933] Bluetooth: BNEP socket layer initialized
[    5.407897] Bluetooth: HIDP (Human Interface Emulation) ver 1.2
[    5.413811] Bluetooth: HIDP socket layer initialized
[    5.419857] Registering SWP/SWPB emulation handler
[    5.429708] vdd_ddr: supplied by vdd_5v_in
[    5.434202] vdd_5v_sata: supplied by vdd_5v_in
[    5.439076] usb1_vbus: supplied by vdd_5v_in
[    5.443758] usb3_vbus: supplied by vdd_5v_in
[    5.449797] sys_3v3,vdd_3v3_alw: supplied by vdd_5v_in
[    5.455347] sys_3v3_pexs: supplied by sys_3v3,vdd_3v3_alw
[    5.461358] +VDD_5V_HDMI: supplied by sys_3v3,vdd_3v3_alw
[    5.467146] tegra-pcie 3000.pcie-controller: 2x3 configuration
[    5.476122] tegra-pcie 3000.pcie-controller: probing port 0, using 2 lanes
[    5.541372] tegra-pcie 3000.pcie-controller: probing port 2, using 2 lanes
[    5.952279] tegra-pcie 3000.pcie-controller: link 2 down, retrying
[    6.362415] tegra-pcie 3000.pcie-controller: link 2 down, retrying
[    6.772636] tegra-pcie 3000.pcie-controller: link 2 down, retrying
[    6.780828] tegra-pcie 3000.pcie-controller: link 2 down, ignoring
[    6.787343] tegra-pcie 3000.pcie-controller: PCI host bridge to bus 0000:00
[    6.794292] pci_bus 0000:00: root bus resource [mem 0x20000000-0x27ffffff]
[    6.801166] pci_bus 0000:00: root bus resource [mem 0x28000000-0x3fffffff pref]
[    6.808467] pci_bus 0000:00: root bus resource [bus 00-ff]
[    6.813938] pci_bus 0000:00: root bus resource [io  0x1000-0xffff]
[    6.820138] pci 0000:00:01.0: [10de:0e1c] type 01 class 0x060400
[    6.826182] pci 0000:00:01.0: PME# supported from D0 D1 D2 D3hot D3cold
[    6.833236] PCI: bus0: Fast back to back transfers disabled
[    6.838809] pci 0000:00:01.0: bridge configuration invalid ([bus 00-00]), reconfiguring
[    6.847081] pci 0000:01:00.0: [10ec:8168] type 00 class 0x020000
[    6.853087] pci 0000:01:00.0: reg 0x10: [io  0x0000-0x00ff]
[    6.858672] pci 0000:01:00.0: reg 0x18: [mem 0x00000000-0x00000fff 64bit pref]
[    6.865885] pci 0000:01:00.0: reg 0x20: [mem 0x00000000-0x00003fff 64bit pref]
[    6.873168] pci 0000:01:00.0: supports D1 D2
[    6.877435] pci 0000:01:00.0: PME# supported from D0 D1 D2 D3hot D3cold
[    6.896487] PCI: bus1: Fast back to back transfers disabled
[    6.902049] pci_bus 0000:01: busn_res: [bus 01-ff] end is updated to 01
[    6.908719] pci 0000:00:01.0: BAR 9: assigned [mem 0x28000000-0x280fffff 64bit pref]
[    6.916458] pci 0000:00:01.0: BAR 7: assigned [io  0x1000-0x1fff]
[    6.922541] pci 0000:01:00.0: BAR 4: assigned [mem 0x28000000-0x28003fff 64bit pref]
[    6.930284] pci 0000:01:00.0: BAR 2: assigned [mem 0x28004000-0x28004fff 64bit pref]
[    6.938026] pci 0000:01:00.0: BAR 0: assigned [io  0x1000-0x10ff]
[    6.944107] pci 0000:00:01.0: PCI bridge to [bus 01]
[    6.949067] pci 0000:00:01.0:   bridge window [io  0x1000-0x1fff]
[    6.955146] pci 0000:00:01.0:   bridge window [mem 0x28000000-0x280fffff 64bit pref]
[    6.962912] pci 0000:00:01.0: nv_msi_ht_cap_quirk didn't locate host bridge
[    6.970298] pcieport 0000:00:01.0: Signaling PME through PCIe PME interrupt
[    6.977258] pci 0000:01:00.0: Signaling PME through PCIe PME interrupt
[    6.983771] pcie_pme 0000:00:01.0:pcie01: service driver pcie_pme loaded
[    6.990729] r8169 Gigabit Ethernet driver 2.3LK-NAPI loaded
[    6.996333] r8169 0000:01:00.0: enabling device (0140 -> 0143)
[    7.003656] r8169 0000:01:00.0 eth0: RTL8168evl/8111evl at 0xf00d2000, 02:04:4b:01:60:a6, XID 0c900800 IRQ 473
[    7.013659] r8169 0000:01:00.0 eth0: jumbo features [frames: 9200 bytes, tx checksumming: ko]
[    7.024713] [drm] Supports vblank timestamp caching Rev 2 (21.10.2013).
[    7.031387] [drm] No driver support for vblank timestamp query.
[    7.037337] host1x drm: No connectors reported connected with modes
[    7.043594] [drm] Cannot find any crtc or sizes - going 1024x768
[    7.049606] ------------[ cut here ]------------
[    7.049627] WARNING: CPU: 0 PID: 32 at fs/dcache.c:255 __d_free+0x34/0x40()
[    7.049632] Modules linked in:
[    7.049640] CPU: 0 PID: 32 Comm: kworker/u8:1 Tainted: G        W      3.18.0-rc3-next-20141103-57588-ga641d0e #1
[    7.049656] Workqueue: deferwq deferred_probe_work_func
[    7.049687] [<c0015998>] (unwind_backtrace) from [<c0011518>] (show_stack+0x10/0x14)
[    7.049701] [<c0011518>] (show_stack) from [<c0619dec>] (dump_stack+0x84/0xd0)
[    7.049714] [<c0619dec>] (dump_stack) from [<c00252c0>] (warn_slowpath_common+0x64/0x88)
[    7.049721] [<c00252c0>] (warn_slowpath_common) from [<c0025300>] (warn_slowpath_null+0x1c/0x24)
[    7.049727] [<c0025300>] (warn_slowpath_null) from [<c00f0ed0>] (__d_free+0x34/0x40)
[    7.049747] [<c00f0ed0>] (__d_free) from [<c006b228>] (rcu_process_callbacks+0x3a8/0x544)
[    7.049758] [<c006b228>] (rcu_process_callbacks) from [<c0028090>] (__do_softirq+0xf0/0x240)
[    7.049764] [<c0028090>] (__do_softirq) from [<c0028484>] (irq_exit+0xa8/0x114)
[    7.049781] [<c0028484>] (irq_exit) from [<c00621e0>] (__handle_domain_irq+0x58/0xa4)
[    7.049788] [<c00621e0>] (__handle_domain_irq) from [<c00087a0>] (gic_handle_irq+0x20/0x5c)
[    7.049795] [<c00087a0>] (gic_handle_irq) from [<c00120c0>] (__irq_svc+0x40/0x74)
[    7.049798] Exception stack(0xee1d3ca8 to 0xee1d3cf0)
[    7.049803] 3ca0:                   c0954df4 60000193 00000001 ee1d2000 c091d85c 00000044
[    7.049807] 3cc0: 000002c3 00000006 00000000 00000006 00000000 20000113 00000000 ee1d3cf0
[    7.049810] 3ce0: c005f8a8 c0060870 60000113 ffffffff
[    7.049817] [<c00120c0>] (__irq_svc) from [<c0060870>] (console_unlock+0x4b0/0x508)
[    7.049824] [<c0060870>] (console_unlock) from [<c0060cb0>] (vprintk_emit+0x20c/0x504)
[    7.049830] [<c0060cb0>] (vprintk_emit) from [<c0618828>] (printk+0x34/0x44)
[    7.049846] [<c0618828>] (printk) from [<c02acd00>] (drm_fb_helper_initial_config+0x33c/0x3a0)
[    7.049866] [<c02acd00>] (drm_fb_helper_initial_config) from [<c02ca534>] (tegra_drm_fb_init+0x4c/0x8c)
[    7.049874] [<c02ca534>] (tegra_drm_fb_init) from [<c02c915c>] (tegra_drm_load+0x9c/0xb8)
[    7.049882] [<c02c915c>] (tegra_drm_load) from [<c02b556c>] (drm_dev_register+0xa0/0x100)
[    7.049889] [<c02b556c>] (drm_dev_register) from [<c02c8d64>] (host1x_drm_probe+0x44/0xb0)
[    7.049902] [<c02c8d64>] (host1x_drm_probe) from [<c02d9a78>] (host1x_subdev_register+0xb8/0xd4)
[    7.049908] [<c02d9a78>] (host1x_subdev_register) from [<c02da1c8>] (host1x_client_register+0xf4/0x11c)
[    7.049914] [<c02da1c8>] (host1x_client_register) from [<c02d2470>] (tegra_hdmi_probe+0x170/0x250)
[    7.049921] [<c02d2470>] (tegra_hdmi_probe) from [<c02e73cc>] (platform_drv_probe+0x48/0xa4)
[    7.049929] [<c02e73cc>] (platform_drv_probe) from [<c02e5f98>] (driver_probe_device+0x10c/0x22c)
[    7.049936] [<c02e5f98>] (driver_probe_device) from [<c02e473c>] (bus_for_each_drv+0x44/0x8c)
[    7.049942] [<c02e473c>] (bus_for_each_drv) from [<c02e5e54>] (device_attach+0x70/0x88)
[    7.049948] [<c02e5e54>] (device_attach) from [<c02e55ac>] (bus_probe_device+0x84/0xa8)
[    7.049954] [<c02e55ac>] (bus_probe_device) from [<c02e5980>] (deferred_probe_work_func+0x5c/0x88)
[    7.049963] [<c02e5980>] (deferred_probe_work_func) from [<c0037828>] (process_one_work+0x120/0x314)
[    7.049969] [<c0037828>] (process_one_work) from [<c0037a80>] (worker_thread+0x30/0x45c)
[    7.049980] [<c0037a80>] (worker_thread) from [<c003c1c0>] (kthread+0xd8/0xf4)
[    7.049988] [<c003c1c0>] (kthread) from [<c000e9b8>] (ret_from_fork+0x14/0x3c)
[    7.049991] ---[ end trace 571e67a9411c5e4a ]---
[    7.391795] Console: switching to colour frame buffer device 128x48
[    7.403736] host1x drm: fb0:  frame buffer device
[    7.408437] host1x drm: registered panic notifier
[    7.436481] [drm] Initialized tegra 0.0.0 20120330 on minor 0
[    7.442492] platform 7d004000.usb: Driver tegra-ehci requests probe deferral
[    7.449749] platform 7d008000.usb: Driver tegra-ehci requests probe deferral
[    7.459845] utmi_phy_clk_enable: timeout waiting for phy to stabilize
[    7.466291] tegra-ehci 7d004000.usb: EHCI Host Controller
[    7.471718] tegra-ehci 7d004000.usb: new USB bus registered, assigned bus number 1
[    7.479662] tegra-ehci 7d004000.usb: irq 53, io mem 0x7d004000
[    7.496472] tegra-ehci 7d004000.usb: USB 2.0 started, EHCI 1.00
[    7.503473] hub 1-0:1.0: USB hub found
[    7.507274] hub 1-0:1.0: 1 port detected
[    7.511917] tegra-ehci 7d008000.usb: EHCI Host Controller
[    7.517360] tegra-ehci 7d008000.usb: new USB bus registered, assigned bus number 2
[    7.525213] tegra-ehci 7d008000.usb: irq 129, io mem 0x7d008000
[    7.531135] ------------[ cut here ]------------
[    7.531154] WARNING: CPU: 0 PID: 32 at fs/dcache.c:255 __d_free+0x34/0x40()
[    7.531158] Modules linked in:
[    7.531164] CPU: 0 PID: 32 Comm: kworker/u8:1 Tainted: G        W      3.18.0-rc3-next-20141103-57588-ga641d0e #1
[    7.531181] Workqueue: deferwq deferred_probe_work_func
[    7.531209] [<c0015998>] (unwind_backtrace) from [<c0011518>] (show_stack+0x10/0x14)
[    7.531223] [<c0011518>] (show_stack) from [<c0619dec>] (dump_stack+0x84/0xd0)
[    7.531236] [<c0619dec>] (dump_stack) from [<c00252c0>] (warn_slowpath_common+0x64/0x88)
[    7.531243] [<c00252c0>] (warn_slowpath_common) from [<c0025300>] (warn_slowpath_null+0x1c/0x24)
[    7.531249] [<c0025300>] (warn_slowpath_null) from [<c00f0ed0>] (__d_free+0x34/0x40)
[    7.531267] [<c00f0ed0>] (__d_free) from [<c006b228>] (rcu_process_callbacks+0x3a8/0x544)
[    7.531278] [<c006b228>] (rcu_process_callbacks) from [<c0028090>] (__do_softirq+0xf0/0x240)
[    7.531284] [<c0028090>] (__do_softirq) from [<c0028484>] (irq_exit+0xa8/0x114)
[    7.531300] [<c0028484>] (irq_exit) from [<c00621e0>] (__handle_domain_irq+0x58/0xa4)
[    7.531307] [<c00621e0>] (__handle_domain_irq) from [<c00087a0>] (gic_handle_irq+0x20/0x5c)
[    7.531315] [<c00087a0>] (gic_handle_irq) from [<c00120c0>] (__irq_svc+0x40/0x74)
[    7.531318] Exception stack(0xee1d3c48 to 0xee1d3c90)
[    7.531322] 3c40:                   c0954df4 60000193 00000001 ee1d2000 c091ed34 00000043
[    7.531327] 3c60: 000002fd 00000006 00000000 00000006 00000000 20000113 00000000 ee1d3c90
[    7.531330] 3c80: c005f8a8 c0060870 60000113 ffffffff
[    7.531337] [<c00120c0>] (__irq_svc) from [<c0060870>] (console_unlock+0x4b0/0x508)
[    7.531344] [<c0060870>] (console_unlock) from [<c0060cb0>] (vprintk_emit+0x20c/0x504)
[    7.531351] [<c0060cb0>] (vprintk_emit) from [<c02e2d60>] (dev_vprintk_emit+0xf8/0x198)
[    7.531358] [<c02e2d60>] (dev_vprintk_emit) from [<c02e2e20>] (dev_printk_emit+0x20/0x30)
[    7.531364] [<c02e2e20>] (dev_printk_emit) from [<c02e2e7c>] (__dev_printk+0x4c/0x70)
[    7.531369] [<c02e2e7c>] (__dev_printk) from [<c02e2ed4>] (_dev_info+0x34/0x44)
[    7.531383] [<c02e2ed4>] (_dev_info) from [<c0390564>] (usb_add_hcd+0x5cc/0x794)
[    7.531394] [<c0390564>] (usb_add_hcd) from [<c03a9d2c>] (tegra_ehci_probe+0x398/0x4e4)
[    7.531401] [<c03a9d2c>] (tegra_ehci_probe) from [<c02e73cc>] (platform_drv_probe+0x48/0xa4)
[    7.531408] [<c02e73cc>] (platform_drv_probe) from [<c02e5f98>] (driver_probe_device+0x10c/0x22c)
[    7.531415] [<c02e5f98>] (driver_probe_device) from [<c02e473c>] (bus_for_each_drv+0x44/0x8c)
[    7.531422] [<c02e473c>] (bus_for_each_drv) from [<c02e5e54>] (device_attach+0x70/0x88)
[    7.531428] [<c02e5e54>] (device_attach) from [<c02e55ac>] (bus_probe_device+0x84/0xa8)
[    7.531434] [<c02e55ac>] (bus_probe_device) from [<c02e5980>] (deferred_probe_work_func+0x5c/0x88)
[    7.531441] [<c02e5980>] (deferred_probe_work_func) from [<c0037828>] (process_one_work+0x120/0x314)
[    7.531446] [<c0037828>] (process_one_work) from [<c0037a80>] (worker_thread+0x30/0x45c)
[    7.531456] [<c0037a80>] (worker_thread) from [<c003c1c0>] (kthread+0xd8/0xf4)
[    7.531464] [<c003c1c0>] (kthread) from [<c000e9b8>] (ret_from_fork+0x14/0x3c)
[    7.531467] ---[ end trace 571e67a9411c5e4b ]---
[    7.836988] tegra-ehci 7d008000.usb: USB 2.0 started, EHCI 1.00
[    7.843971] hub 2-0:1.0: USB hub found
[    7.847761] hub 2-0:1.0: 1 port detected
[    7.855961] tps65910-rtc tps65910-rtc: setting system clock to 2000-01-01 00:00:03 UTC (946684803)
[    7.874437] usb1_vbus: disabling
[    7.877735] ------------[ cut here ]------------
[    7.877754] WARNING: CPU: 0 PID: 1 at fs/dcache.c:255 __d_free+0x34/0x40()
[    7.877757] Modules linked in:
[    7.877765] CPU: 0 PID: 1 Comm: swapper/0 Tainted: G        W      3.18.0-rc3-next-20141103-57588-ga641d0e #1
[    7.877794] [<c0015998>] (unwind_backtrace) from [<c0011518>] (show_stack+0x10/0x14)
[    7.877809] [<c0011518>] (show_stack) from [<c0619dec>] (dump_stack+0x84/0xd0)
[    7.877823] [<c0619dec>] (dump_stack) from [<c00252c0>] (warn_slowpath_common+0x64/0x88)
[    7.877829] [<c00252c0>] (warn_slowpath_common) from [<c0025300>] (warn_slowpath_null+0x1c/0x24)
[    7.877835] [<c0025300>] (warn_slowpath_null) from [<c00f0ed0>] (__d_free+0x34/0x40)
[    7.877853] [<c00f0ed0>] (__d_free) from [<c006b228>] (rcu_process_callbacks+0x3a8/0x544)
[    7.877864] [<c006b228>] (rcu_process_callbacks) from [<c0028090>] (__do_softirq+0xf0/0x240)
[    7.877870] [<c0028090>] (__do_softirq) from [<c0028484>] (irq_exit+0xa8/0x114)
[    7.877887] [<c0028484>] (irq_exit) from [<c00621e0>] (__handle_domain_irq+0x58/0xa4)
[    7.877894] [<c00621e0>] (__handle_domain_irq) from [<c00087a0>] (gic_handle_irq+0x20/0x5c)
[    7.877901] [<c00087a0>] (gic_handle_irq) from [<c00120c0>] (__irq_svc+0x40/0x74)
[    7.877904] Exception stack(0xee065dd8 to 0xee065e20)
[    7.877907] 5dc0:                                                       c0954df4 60000193
[    7.877912] 5de0: 00000001 ee064000 c091fc8c 00000024 00000329 00000006 00000000 00000006
[    7.877916] 5e00: 00000000 20000113 00000000 ee065e20 c005f8a8 c0060870 60000113 ffffffff
[    7.877924] [<c00120c0>] (__irq_svc) from [<c0060870>] (console_unlock+0x4b0/0x508)
[    7.877930] [<c0060870>] (console_unlock) from [<c0060cb0>] (vprintk_emit+0x20c/0x504)
[    7.877937] [<c0060cb0>] (vprintk_emit) from [<c0618828>] (printk+0x34/0x44)
[    7.877947] [<c0618828>] (printk) from [<c0886b70>] (regulator_init_complete+0xe0/0x164)
[    7.877955] [<c0886b70>] (regulator_init_complete) from [<c0008b04>] (do_one_initcall+0x80/0x1d0)
[    7.877968] [<c0008b04>] (do_one_initcall) from [<c086dd6c>] (kernel_init_freeable+0x108/0x1d4)
[    7.877989] [<c086dd6c>] (kernel_init_freeable) from [<c0615fe8>] (kernel_init+0x8/0xec)
[    7.877996] [<c0615fe8>] (kernel_init) from [<c000e9b8>] (ret_from_fork+0x14/0x3c)
[    7.878000] ---[ end trace 571e67a9411c5e4c ]---
[    8.088054] vdd_sata,avdd_plle: disabling
[    8.092606] ALSA device list:
[    8.095564]   #0: NVIDIA Tegra Beaver
[    8.104060] kjournald starting.  Commit interval 5 seconds
[    8.104095] EXT3-fs (mmcblk0p1): warning: mounting fs with errors, running e2fsck is recommended
[    8.105243] EXT3-fs (mmcblk0p1): using internal journal
[    8.105252] EXT3-fs (mmcblk0p1): recovery complete
[    8.105255] EXT3-fs (mmcblk0p1): mounted filesystem with writeback data mode
[    8.105307] VFS: Mounted root (ext3 filesystem) on device 179:1.
[    8.107046] devtmpfs: mounted
[    8.107328] Freeing unused kernel memory: 292K (c086d000 - c08b6000)
[    8.136466] ------------[ cut here ]------------
[    8.136489] WARNING: CPU: 0 PID: 0 at fs/dcache.c:255 __d_free+0x34/0x40()
[    8.136493] Modules linked in:
[    8.136500] CPU: 0 PID: 0 Comm: swapper/0 Tainted: G        W      3.18.0-rc3-next-20141103-57588-ga641d0e #1
[    8.136529] [<c0015998>] (unwind_backtrace) from [<c0011518>] (show_stack+0x10/0x14)
[    8.136542] [<c0011518>] (show_stack) from [<c0619dec>] (dump_stack+0x84/0xd0)
[    8.136556] [<c0619dec>] (dump_stack) from [<c00252c0>] (warn_slowpath_common+0x64/0x88)
[    8.136562] [<c00252c0>] (warn_slowpath_common) from [<c0025300>] (warn_slowpath_null+0x1c/0x24)
[    8.136569] [<c0025300>] (warn_slowpath_null) from [<c00f0ed0>] (__d_free+0x34/0x40)
[    8.136586] [<c00f0ed0>] (__d_free) from [<c006b228>] (rcu_process_callbacks+0x3a8/0x544)
[    8.136597] [<c006b228>] (rcu_process_callbacks) from [<c0028090>] (__do_softirq+0xf0/0x240)
[    8.136603] [<c0028090>] (__do_softirq) from [<c0028484>] (irq_exit+0xa8/0x114)
[    8.136618] [<c0028484>] (irq_exit) from [<c00621e0>] (__handle_domain_irq+0x58/0xa4)
[    8.136624] [<c00621e0>] (__handle_domain_irq) from [<c00087a0>] (gic_handle_irq+0x20/0x5c)
bash: cannot set terminal proces[    8.136631] [<c00087a0>] (gic_handle_irq) from [<c00120c0>] (__irq_svc+0x40/0x74)
s group (-1): Inappropri[    8.136635] Exception stack(0xc08b7f48 to 0xc08b7f90)
ate ioctl for device
bash: no j[    8.136639] 7f40:                   00000000 c08c4a28 c08c4a28 0000004c e494eec8 00000001
ob contr[    8.136643] 7f60: e495f480 00000001 ee7b3c48 c08b3c40 00000000 00000000 00000015 c08b7f90
ol in this shell
[    8.136646] 7f80: c041de3c c041de48 60000113 ffffffff
[    8.136659] [<c00120c0>] (__irq_svc) from [<c041de48>] (cpuidle_enter_state+0x68/0xf0)
[    8.136667] [<c041de48>] (cpuidle_enter_state) from [<c0055144>] (cpu_startup_entry+0x210/0x278)
[    8.136681] [<c0055144>] (cpu_startup_entry) from [<c086dbf8>] (start_kernel+0x34c/0x3b8)
[    8.136685] ---[ end trace 571e67a9411c5e4d ]---
[    8.136691] ------------[ cut here ]------------
root@(no[    8.136698] WARNING: CPU: 0 PID: 0 at fs/dcache.c:255 __d_free+0x34/0x40()
ne):/# [    8.136700] Modules linked in:
[    8.136704] CPU: 0 PID: 0 Comm: swapper/0 Tainted: G        W      3.18.0-rc3-next-20141103-57588-ga641d0e #1
[    8.136712] [<c0015998>] (unwind_backtrace) from [<c0011518>] (show_stack+0x10/0x14)
[    8.136718] [<c0011518>] (show_stack) from [<c0619dec>] (dump_stack+0x84/0xd0)
[    8.136724] [<c0619dec>] (dump_stack) from [<c00252c0>] (warn_slowpath_common+0x64/0x88)
[    8.136730] [<c00252c0>] (warn_slowpath_common) from [<c0025300>] (warn_slowpath_null+0x1c/0x24)
[    8.136736] [<c0025300>] (warn_slowpath_null) from [<c00f0ed0>] (__d_free+0x34/0x40)
[    8.136743] [<c00f0ed0>] (__d_free) from [<c006b228>] (rcu_process_callbacks+0x3a8/0x544)
[    8.136750] [<c006b228>] (rcu_process_callbacks) from [<c0028090>] (__do_softirq+0xf0/0x240)
[    8.136756] [<c0028090>] (__do_softirq) from [<c0028484>] (irq_exit+0xa8/0x114)
[    8.136763] [<c0028484>] (irq_exit) from [<c00621e0>] (__handle_domain_irq+0x58/0xa4)
[    8.136769] [<c00621e0>] (__handle_domain_irq) from [<c00087a0>] (gic_handle_irq+0x20/0x5c)
[    8.136775] [<c00087a0>] (gic_handle_irq) from [<c00120c0>] (__irq_svc+0x40/0x74)
[    8.136778] Exception stack(0xc08b7f48 to 0xc08b7f90)
[    8.136782] 7f40:                   00000000 c08c4a28 c08c4a28 0000004c e494eec8 00000001
[    8.136786] 7f60: e495f480 00000001 ee7b3c48 c08b3c40 00000000 00000000 00000015 c08b7f90
[    8.136789] 7f80: c041de3c c041de48 60000113 ffffffff
[    8.136796] [<c00120c0>] (__irq_svc) from [<c041de48>] (cpuidle_enter_state+0x68/0xf0)
[    8.136801] [<c041de48>] (cpuidle_enter_state) from [<c0055144>] (cpu_startup_entry+0x210/0x278)
[    8.136807] [<c0055144>] (cpu_startup_entry) from [<c086dbf8>] (start_kernel+0x34c/0x3b8)
[    8.136810] ---[ end trace 571e67a9411c5e4e ]---
[    8.136811] ------------[ cut here ]------------
[    8.136818] WARNING: CPU: 0 PID: 0 at fs/dcache.c:255 __d_free+0x34/0x40()
[    8.136819] Modules linked in:
[    8.136823] CPU: 0 PID: 0 Comm: swapper/0 Tainted: G        W      3.18.0-rc3-next-20141103-57588-ga641d0e #1
[    8.136831] [<c0015998>] (unwind_backtrace) from [<c0011518>] (show_stack+0x10/0x14)
[    8.136837] [<c0011518>] (show_stack) from [<c0619dec>] (dump_stack+0x84/0xd0)
[    8.136844] [<c0619dec>] (dump_stack) from [<c00252c0>] (warn_slowpath_common+0x64/0x88)
[    8.136849] [<c00252c0>] (warn_slowpath_common) from [<c0025300>] (warn_slowpath_null+0x1c/0x24)
[    8.136855] [<c0025300>] (warn_slowpath_null) from [<c00f0ed0>] (__d_free+0x34/0x40)
[    8.136862] [<c00f0ed0>] (__d_free) from [<c006b228>] (rcu_process_callbacks+0x3a8/0x544)
[    8.136869] [<c006b228>] (rcu_process_callbacks) from [<c0028090>] (__do_softirq+0xf0/0x240)
[    8.136874] [<c0028090>] (__do_softirq) from [<c0028484>] (irq_exit+0xa8/0x114)
[    8.136881] [<c0028484>] (irq_exit) from [<c00621e0>] (__handle_domain_irq+0x58/0xa4)
[    8.136887] [<c00621e0>] (__handle_domain_irq) from [<c00087a0>] (gic_handle_irq+0x20/0x5c)
[    8.136893] [<c00087a0>] (gic_handle_irq) from [<c00120c0>] (__irq_svc+0x40/0x74)
[    8.136895] Exception stack(0xc08b7f48 to 0xc08b7f90)
[    8.136899] 7f40:                   00000000 c08c4a28 c08c4a28 0000004c e494eec8 00000001
[    8.136903] 7f60: e495f480 00000001 ee7b3c48 c08b3c40 00000000 00000000 00000015 c08b7f90
[    8.136906] 7f80: c041de3c c041de48 60000113 ffffffff
[    8.136913] [<c00120c0>] (__irq_svc) from [<c041de48>] (cpuidle_enter_state+0x68/0xf0)
[    8.136918] [<c041de48>] (cpuidle_enter_state) from [<c0055144>] (cpu_startup_entry+0x210/0x278)
[    8.136924] [<c0055144>] (cpu_startup_entry) from [<c086dbf8>] (start_kernel+0x34c/0x3b8)
[    8.136958] ---[ end trace 571e67a9411c5e4f ]---
[    8.306518] usb 2-1: new high-speed USB device number 2 using tegra-ehci
[    8.788925] asix 2-1:1.0 eth1: register 'asix' at usb-7d008000.usb-1, ASIX AX88772 USB 2.0 Ethernet, 00:50:b6:0f:67:60
