Diff for ./qemu-vexpress64/__internal/defconfig_log.txt
--- /tmp/fooa	2017-07-24 22:28:11.224605613 -0700
+++ /tmp/foob	2017-07-24 22:28:11.228605628 -0700
@@ -1,5 +1,5 @@
 Booting Linux on physical CPU 0x0
-Linux version 4.13.0-rc2-next-20170724-305946-g047a0f6 (jonathanh@tamien) (gcc version 4.9.2 20140904 (prerelease) (crosstool-NG linaro-1.13.1-4.9-2014.09 - Linaro GCC 4.9-2014.09)) #1 SMP PREEMPT Sun Jul 23 22:39:48 PDT 2017
+Linux version 4.13.0-rc2-next-20170725-306181-gdce9071 (jonathanh@tamien) (gcc version 4.9.2 20140904 (prerelease) (crosstool-NG linaro-1.13.1-4.9-2014.09 - Linaro GCC 4.9-2014.09)) #1 SMP PREEMPT Mon Jul 24 22:26:09 PDT 2017
 Boot CPU: AArch64 Processor [411fd070]
 Machine model: linux,dummy-virt
 Memory limited to 1024MB
@@ -10,7 +10,7 @@
 NUMA: Faking a node at [mem 0x0000000000000000-0x000000007fffffff]
 NUMA: Adding memblock [0x40000000 - 0x7fffffff] on node 0
 NUMA: Initmem setup node 0 [mem 0x40000000-0x7fffffff]
-NUMA: NODE_DATA [mem 0x7efe8d80-0x7efea87f]
+NUMA: NODE_DATA [mem 0x7efe8f00-0x7efea9ff]
 Zone ranges:
   DMA      [mem 0x0000000040000000-0x000000007fffffff]
   Normal   empty
@@ -38,7 +38,7 @@
     .rodata : 0xffff000008960000 - 0xffff000008dc0000   (  4480 KB)
       .init : 0xffff000008dc0000 - 0xffff000008ed0000   (  1088 KB)
       .data : 0xffff000008ed0000 - 0xffff000008fe7a00   (  1119 KB)
-       .bss : 0xffff000008fe7a00 - 0xffff00000904c070   (   402 KB)
+       .bss : 0xffff000008fe7a00 - 0xffff00000904c0f0   (   402 KB)
     fixed   : 0xffff7dfffe7fd000 - 0xffff7dfffec00000   (  4108 KB)
     PCI I/O : 0xffff7dfffee00000 - 0xffff7dffffe00000   (    16 MB)
     vmemmap : 0xffff7e0000000000 - 0xffff800000000000   (  2048 GB maximum)
@@ -116,7 +116,7 @@
 hw perfevents: enabled with armv8_pmuv3 PMU driver, 1 counters available
 kvm [1]: HYP mode not available
 audit: initializing netlink subsys (disabled)
-audit: type=2000 audit(0.804:1): state=initialized audit_enabled=0 res=1
+audit: type=2000 audit(0.748:1): state=initialized audit_enabled=0 res=1
 workingset: timestamp_bits=44 max_order=18 bucket_order=0
 squashfs: version 4.0 (2009/01/31) Phillip Lougher
 NFS: Registering the id_resolver key type
@@ -183,7 +183,7 @@
 Key type dns_resolver registered
 registered taskstats version 1
 input: gpio-keys as /devices/platform/gpio-keys/input/input0
-rtc-pl031 9010000.pl031: setting system clock to 2017-07-24 05:40:57 UTC (1500874857)
+rtc-pl031 9010000.pl031: setting system clock to 2017-07-25 05:27:11 UTC (1500960431)
 ALSA device list:
   No soundcards found.
 uart-pl011 9000000.pl011: no DMA platform data
Diff for ./tegra114-dalmore-a04/tegra114-dalmore/multi_v7_defconfig_log.txt
--- /tmp/fooa	2017-07-24 22:28:11.276605799 -0700
+++ /tmp/foob	2017-07-24 22:28:11.280605813 -0700
@@ -40,20 +40,20 @@
 	 #################################################################
 	 #################################################################
 	 ###########################
-	 2.9 MiB/s
+	 3.1 MiB/s
 done
-Bytes transferred = 8019560 (7a5e68 hex)
+Bytes transferred = 8020864 (7a6380 hex)
 Tegra114 (Dalmore) # tftpboot 0x82000000 tegra114-dalmore.dtb
 Using asx0 device
 TFTP from server 192.168.100.1; our IP address is 192.168.100.100
 Filename 'tegra114-dalmore.dtb'.
 Load address: 0x82000000
 Loading: *###
-	 3.3 MiB/s
+	 2.8 MiB/s
 done
 Bytes transferred = 35044 (88e4 hex)
 Tegra114 (Dalmore) # bootz 0x81000000 - 0x82000000
-Kernel image @ 0x81000000 [ 0x000000 - 0x7a5e68 ]
+Kernel image @ 0x81000000 [ 0x000000 - 0x7a6380 ]
 ## Flattened Device Tree blob at 82000000
    Booting using the fdt blob at 0x82000000
    Loading Device Tree to 8fff4000, end 8ffff8e3 ... OK
@@ -61,7 +61,7 @@
 Starting kernel ...
 
 Booting Linux on physical CPU 0x0
-Linux version 4.13.0-rc2-next-20170724-187705-g047a0f6 (jonathanh@sellafield) (gcc version 4.7.3 20130328 (prerelease) (crosstool-NG linaro-1.13.1-4.7-2013.04-20130415 - Linaro GCC 2013.04)) #1 SMP Sun Jul 23 22:34:11 PDT 2017
+Linux version 4.13.0-rc2-next-20170725-187940-gdce9071 (jonathanh@sellafield) (gcc version 4.7.3 20130328 (prerelease) (crosstool-NG linaro-1.13.1-4.7-2013.04-20130415 - Linaro GCC 2013.04)) #1 SMP Mon Jul 24 22:20:58 PDT 2017
 CPU: ARMv7 Processor [412fc0f2] revision 2 (ARMv7), cr=10c5387d
 CPU: div instructions available: patching division code
 CPU: PIPT / VIPT nonaliasing data cache, PIPT instruction cache
@@ -72,7 +72,7 @@
 efi: UEFI not found.
 cma: Reserved 64 MiB at 0xfb800000
 On node 0 totalpages: 524032
-free_area_init_node: node 0, pgdat c157eec0, node_mem_map eeff8000
+free_area_init_node: node 0, pgdat c157ee80, node_mem_map eeff8000
   DMA zone: 1536 pages used for memmap
   DMA zone: 0 pages reserved
   DMA zone: 196608 pages, LIFO batch:31
@@ -95,8 +95,8 @@
     modules : 0xbf000000 - 0xbfe00000   (  14 MB)
       .text : 0xc0208000 - 0xc0d00000   (11232 kB)
       .init : 0xc1200000 - 0xc1400000   (2048 kB)
-      .data : 0xc1400000 - 0xc1586ce0   (1564 kB)
-       .bss : 0xc158fc98 - 0xc15f46fc   ( 403 kB)
+      .data : 0xc1400000 - 0xc1586ca0   (1564 kB)
+       .bss : 0xc158fca4 - 0xc15f473c   ( 403 kB)
 SLUB: HWalign=64, Order=0-3, MinObjects=0, CPUs=4, Nodes=1
 Hierarchical RCU implementation.
 	RCU event tracing is enabled.
@@ -320,18 +320,18 @@
  mmcblk0: p1 p2 p3
 tegra-ehci 7d008000.usb: EHCI Host Controller
 tegra-ehci 7d008000.usb: new USB bus registered, assigned bus number 1
+tegra-ehci 7d008000.usb: irq 339, io mem 0x7d008000
 mmc1: new high speed MMC card at address 0001
 mmcblk1: mmc1:0001 SEM32G 29.1 GiB 
 mmcblk1boot0: mmc1:0001 SEM32G partition 1 4.00 MiB
 mmcblk1boot1: mmc1:0001 SEM32G partition 2 4.00 MiB
 mmcblk1rpmb: mmc1:0001 SEM32G partition 3 4.00 MiB
  mmcblk1: p1 p2 p3 p4 p5 p6 p7 p8
-tegra-ehci 7d008000.usb: irq 339, io mem 0x7d008000
 tegra-ehci 7d008000.usb: USB 2.0 started, EHCI 1.10
 hub 1-0:1.0: USB hub found
 hub 1-0:1.0: 1 port detected
 input: gpio-keys as /devices/soc0/gpio-keys/input/input0
-palmas-rtc 7000d000.i2c:tps65913@58:rtc: setting system clock to 2001-05-17 17:13:32 UTC (990119612)
+palmas-rtc 7000d000.i2c:tps65913@58:rtc: setting system clock to 2001-05-18 17:00:27 UTC (990205227)
 vdd_hdmi_5v0: disabling
 dvdd_ts: disabling
 usb1_vbus: disabling
@@ -345,4 +345,4 @@
 Freeing unused kernel memory: 2048K
 bash: cannot set terminal process group (-1): Inappropriate ioctl for device
 bash: no job control in this shell
-root@(none):/# [    2.469251] usb 1-1: new high-speed USB device number 2 using tegra-ehci
+root@(none):/# [    2.469414] usb 1-1: new high-speed USB device number 2 using tegra-ehci
Diff for ./tegra114-dalmore-a04/tegra114-dalmore/tegra_defconfig_log.txt
--- /tmp/fooa	2017-07-24 22:28:11.316605942 -0700
+++ /tmp/foob	2017-07-24 22:28:11.320605956 -0700
@@ -14,7 +14,7 @@
 Err:   serial
 Net:   Net Initialization Skipped
 No ethernet found.
-Hit any key to stop autoboot:  2  0 
+Hit any key to stop autoboot:  2  1  0 
 Tegra114 (Dalmore) # 
 Tegra114 (Dalmore) # usb reset
 (Re)start USB...
@@ -38,20 +38,20 @@
 	 #################################################################
 	 #################################################################
 	 ##############################
-	 3.2 MiB/s
+	 3.1 MiB/s
 done
-Bytes transferred = 6151648 (5ddde0 hex)
+Bytes transferred = 6151504 (5ddd50 hex)
 Tegra114 (Dalmore) # tftpboot 0x82000000 tegra114-dalmore.dtb
 Using asx0 device
 TFTP from server 192.168.100.1; our IP address is 192.168.100.100
 Filename 'tegra114-dalmore.dtb'.
 Load address: 0x82000000
 Loading: *###
-	 3 MiB/s
+	 2.8 MiB/s
 done
 Bytes transferred = 35044 (88e4 hex)
 Tegra114 (Dalmore) # bootz 0x81000000 - 0x82000000
-Kernel image @ 0x81000000 [ 0x000000 - 0x5ddde0 ]
+Kernel image @ 0x81000000 [ 0x000000 - 0x5ddd50 ]
 ## Flattened Device Tree blob at 82000000
    Booting using the fdt blob at 0x82000000
    Loading Device Tree to 8fff4000, end 8ffff8e3 ... OK
@@ -60,7 +60,7 @@
 
 Uncompressing Linux... done, booting the kernel.
 Booting Linux on physical CPU 0x0
-Linux version 4.13.0-rc2-next-20170724-187705-g047a0f6 (jonathanh@kaivo) (gcc version 4.7.3 20130328 (prerelease) (crosstool-NG linaro-1.13.1-4.7-2013.04-20130415 - Linaro GCC 2013.04)) #1 SMP PREEMPT Sun Jul 23 22:34:25 PDT 2017
+Linux version 4.13.0-rc2-next-20170725-187940-gdce9071 (jonathanh@kaivo) (gcc version 4.7.3 20130328 (prerelease) (crosstool-NG linaro-1.13.1-4.7-2013.04-20130415 - Linaro GCC 2013.04)) #1 SMP PREEMPT Mon Jul 24 22:21:07 PDT 2017
 CPU: ARMv7 Processor [412fc0f2] revision 2 (ARMv7), cr=10c5387d
 CPU: div instructions available: patching division code
 CPU: PIPT / VIPT nonaliasing data cache, PIPT instruction cache
@@ -282,15 +282,15 @@
 mmc1: SDHCI controller on 78000600.sdhci [78000600.sdhci] using ADMA
 usbcore: registered new interface driver usbhid
 usbhid: USB HID core driver
+mmc0: new high speed SDHC card at address aaaa
+mmcblk0: mmc0:aaaa SL16G 14.8 GiB 
 mmc1: new high speed MMC card at address 0001
 mmcblk1: mmc1:0001 SEM32G 29.1 GiB 
 mmcblk1boot0: mmc1:0001 SEM32G partition 1 4.00 MiB
-mmc0: new high speed SDHC card at address aaaa
-mmcblk0: mmc0:aaaa SL16G 14.8 GiB 
+ mmcblk0: p1 p2 p3
 mmcblk1boot1: mmc1:0001 SEM32G partition 2 4.00 MiB
 mmcblk1rpmb: mmc1:0001 SEM32G partition 3 4.00 MiB
  mmcblk1: p1 p2 p3 p4 p5 p6 p7 p8
- mmcblk0: p1 p2 p3
 tegra30-i2s 70080400.i2s: DMA channels sourced from device 70080000.ahub
 tegra-snd-rt5640 sound: rt5640-aif1 <-> 70080400.i2s mapping ok
 input: NVIDIA Tegra Dalmore Headphones as /devices/soc0/sound/sound/card0/input0
@@ -323,7 +323,7 @@
 hub 1-0:1.0: USB hub found
 hub 1-0:1.0: 1 port detected
 input: gpio-keys as /devices/soc0/gpio-keys/input/input1
-palmas-rtc 7000d000.i2c:tps65913@58:rtc: setting system clock to 2001-05-17 17:16:10 UTC (990119770)
+palmas-rtc 7000d000.i2c:tps65913@58:rtc: setting system clock to 2001-05-18 17:03:03 UTC (990205383)
 vdd_hdmi_5v0: disabling
 dvdd_ts: disabling
 usb1_vbus: disabling
@@ -334,9 +334,9 @@
 EXT4-fs (mmcblk1p1): mounting ext3 file system using the ext4 subsystem
 EXT4-fs (mmcblk1p1): recovery complete
 EXT4-fs (mmcblk1p1): mounted filesystem with ordered data mode. Opts: (null)
-VFS: Mounted root (ext3 filesystem) on device 179:1.
+VFS: Mounted root (ext3 filesystem) on device 179:17.
 devtmpfs: mounted
 Freeing unused kernel memory: 1024K
 bash: cannot set terminal process group (-1): Inappropriate ioctl for device
 bash: no job control in this shell
-root@(none):/# [    2.667970] usb 1-1: new high-speed USB device number 2 using tegra-ehci
+root@(none):/# [    2.667921] usb 1-1: new high-speed USB device number 2 using tegra-ehci
Diff for ./tegra124-jetson-tk1/tegra124-jetson-tk1/multi_v7_defconfig_log.txt
--- /tmp/fooa	2017-07-24 22:28:11.332605998 -0700
+++ /tmp/foob	2017-07-24 22:28:11.336606013 -0700
@@ -35,20 +35,20 @@
 	 #################################################################
 	 #################################################################
 	 ###########################
-	 3.6 MiB/s
+	 3.8 MiB/s
 done
-Bytes transferred = 8019560 (7a5e68 hex)
+Bytes transferred = 8020864 (7a6380 hex)
 Tegra124 (Jetson TK1) # tftpboot 0x83000000 tegra124-jetson-tk1.dtb
 Using eth_rtl8169 device
 TFTP from server 192.168.100.1; our IP address is 192.168.100.102
 Filename 'tegra124-jetson-tk1.dtb'.
 Load address: 0x83000000
 Loading: *#####
-	 3.8 MiB/s
+	 4 MiB/s
 done
 Bytes transferred = 67161 (10659 hex)
 Tegra124 (Jetson TK1) # bootz 0x82000000 - 0x83000000
-Kernel image @ 0x82000000 [ 0x000000 - 0x7a5e68 ]
+Kernel image @ 0x82000000 [ 0x000000 - 0x7a6380 ]
 ## Flattened Device Tree blob at 83000000
    Booting using the fdt blob at 0x83000000
    Using Device Tree in place at 83000000, end 83013658
@@ -56,7 +56,7 @@
 Starting kernel ...
 
 Booting Linux on physical CPU 0x0
-Linux version 4.13.0-rc2-next-20170724-187705-g047a0f6 (jonathanh@sellafield) (gcc version 4.7.3 20130328 (prerelease) (crosstool-NG linaro-1.13.1-4.7-2013.04-20130415 - Linaro GCC 2013.04)) #1 SMP Sun Jul 23 22:34:11 PDT 2017
+Linux version 4.13.0-rc2-next-20170725-187940-gdce9071 (jonathanh@sellafield) (gcc version 4.7.3 20130328 (prerelease) (crosstool-NG linaro-1.13.1-4.7-2013.04-20130415 - Linaro GCC 2013.04)) #1 SMP Mon Jul 24 22:20:58 PDT 2017
 CPU: ARMv7 Processor [413fc0f3] revision 3 (ARMv7), cr=10c5387d
 CPU: div instructions available: patching division code
 CPU: PIPT / VIPT nonaliasing data cache, PIPT instruction cache
@@ -67,12 +67,12 @@
 efi: UEFI not found.
 cma: Reserved 64 MiB at 0xfb800000
 On node 0 totalpages: 524032
-free_area_init_node: node 0, pgdat c157eec0, node_mem_map eeff8000
+free_area_init_node: node 0, pgdat c157ee80, node_mem_map eeff8000
   DMA zone: 1536 pages used for memmap
   DMA zone: 0 pages reserved
   DMA zone: 196608 pages, LIFO batch:31
   HighMem zone: 327424 pages, LIFO batch:31
-percpu: Embedded 17 pages/cpu @eef81000 s39360 r8192 d22080 u69632
+percpu: Embedded 17 pages/cpu @eef82000 s39360 r8192 d22080 u69632
 pcpu-alloc: s39360 r8192 d22080 u69632 alloc=17*4096
 pcpu-alloc: [0] 0 [0] 1 [0] 2 [0] 3 
 Built 1 zonelists in Zone order, mobility grouping on.  Total pages: 522496
@@ -80,7 +80,7 @@
 PID hash table entries: 4096 (order: 2, 16384 bytes)
 Dentry cache hash table entries: 131072 (order: 7, 524288 bytes)
 Inode-cache hash table entries: 65536 (order: 6, 262144 bytes)
-Memory: 1993428K/2096128K available (10240K kernel code, 1563K rwdata, 4464K rodata, 2048K init, 402K bss, 37164K reserved, 65536K cma-reserved, 1244160K highmem)
+Memory: 1993432K/2096128K available (10240K kernel code, 1563K rwdata, 4464K rodata, 2048K init, 402K bss, 37160K reserved, 65536K cma-reserved, 1244160K highmem)
 Virtual kernel memory layout:
     vector  : 0xffff0000 - 0xffff1000   (   4 kB)
     fixmap  : 0xffc00000 - 0xfff00000   (3072 kB)
@@ -90,8 +90,8 @@
     modules : 0xbf000000 - 0xbfe00000   (  14 MB)
       .text : 0xc0208000 - 0xc0d00000   (11232 kB)
       .init : 0xc1200000 - 0xc1400000   (2048 kB)
-      .data : 0xc1400000 - 0xc1586ce0   (1564 kB)
-       .bss : 0xc158fc98 - 0xc15f46fc   ( 403 kB)
+      .data : 0xc1400000 - 0xc1586ca0   (1564 kB)
+       .bss : 0xc158fca4 - 0xc15f473c   ( 403 kB)
 SLUB: HWalign=64, Order=0-3, MinObjects=0, CPUs=4, Nodes=1
 Hierarchical RCU implementation.
 	RCU event tracing is enabled.
@@ -318,12 +318,6 @@
 +5V_SATA: supplied by +5V_SYS
 +12V_SATA: supplied by +VDD_MUX
  usb2-0: usb2-0 supply vbus not found, using dummy regulator
-mmc0: new high speed MMC card at address 0001
-mmcblk0: mmc0:0001 SEM16G 14.7 GiB 
-mmcblk0boot0: mmc0:0001 SEM16G partition 1 4.00 MiB
-mmcblk0boot1: mmc0:0001 SEM16G partition 2 4.00 MiB
-mmcblk0rpmb: mmc0:0001 SEM16G partition 3 4.00 MiB
- mmcblk0: p1
  usb2-1: usb2-1 supply vbus not found, using dummy regulator
  usb3-0: usb3-0 supply vbus not found, using dummy regulator
 tegra-pcie 1003000.pcie: 2x1, 1x1 configuration
@@ -344,11 +338,17 @@
 as3722-ldo7: supplied by +1.8V_VDDIO
 +1.05V_RUN_CAM_REAR: Bringing 0uV into 1050000-1050000uV
 as3722-ldo9: supplied by +5V_SYS
+mmc0: new high speed MMC card at address 0001
+mmcblk0: mmc0:0001 SEM16G 14.7 GiB 
 +3.3V_RUN_TOUCH: Bringing 0uV into 2800000-2800000uV
+mmcblk0boot0: mmc0:0001 SEM16G partition 1 4.00 MiB
 as3722-ldo10: supplied by +5V_SYS
+mmcblk0boot1: mmc0:0001 SEM16G partition 2 4.00 MiB
 +2.8V_RUN_CAM_AF: Bringing 0uV into 2800000-2800000uV
+mmcblk0rpmb: mmc0:0001 SEM16G partition 3 4.00 MiB
 as3722-ldo11: supplied by +3.3V_RUN
 +1.8V_RUN_VPP_FUSE: Bringing 0uV into 1800000-1800000uV
+ mmcblk0: p1
 tegra-ahci 70027000.sata: AHCI 0001.0301 32 slots 2 ports 3 Gbps 0x1 impl platform mode
 tegra-ahci 70027000.sata: flags: 64bit ncq sntf pm led pio slum part sadm sds apst 
 scsi host0: tegra-ahci
@@ -433,14 +433,13 @@
 pcieport 0000:00:02.0: Signaling PME with IRQ 394
 r8169 Gigabit Ethernet driver 2.3LK-NAPI loaded
 r8169 0000:02:00.0: enabling device (0140 -> 0143)
- mmcblk1: p1 p2 p3
 r8169 0000:02:00.0 eth0: RTL8168g/8111g at 0xf0b72000, 00:04:4b:3a:d9:81, XID 0c000800 IRQ 395
 r8169 0000:02:00.0 eth0: jumbo features [frames: 9200 bytes, tx checksumming: ko]
 +1.05V_RUN_AVDD_HDMI_PLL: supplied by +1.05V_RUN
 cpufreq: cpufreq_online: CPU0: Running at unlisted freq: 696000 KHz
 cpufreq: cpufreq_online: CPU0: Unlisted initial frequency changed to: 714000 KHz
 input: gpio-keys as /devices/soc0/gpio-keys/input/input0
-as3722-rtc as3722-rtc: setting system clock to 2000-01-01 00:00:14 UTC (946684814)
+as3722-rtc as3722-rtc: setting system clock to 2000-01-01 00:00:13 UTC (946684813)
 +3.3V_AVDD_HDMI_AP_GATED: disabling
 +USB0_VBUS_SW: disabling
 +1.05V_RUN_AVDD_HDMI_PLL: disabling
@@ -452,6 +451,7 @@
 +3.3V_RUN_TOUCH: disabling
 +2.8V_RUN_CAM_AF: disabling
 +1.8V_RUN_VPP_FUSE: disabling
+ mmcblk1: p1 p2 p3
 EXT4-fs (mmcblk0p1): mounting ext3 file system using the ext4 subsystem
 EXT4-fs (mmcblk0p1): recovery complete
 EXT4-fs (mmcblk0p1): mounted filesystem with ordered data mode. Opts: (null)
Diff for ./tegra124-jetson-tk1/tegra124-jetson-tk1/tegra_defconfig_log.txt
--- /tmp/fooa	2017-07-24 22:28:11.344606043 -0700
+++ /tmp/foob	2017-07-24 22:28:11.348606056 -0700
@@ -26,16 +26,16 @@
 TFTP from server 192.168.100.1; our IP address is 192.168.100.102
 Filename 'zImage.tegra_defconfig'.
 Load address: 0x82000000
-Loading: *#############T T ####################################################
+Loading: *#################################################################
 	 #################################################################
 	 #################################################################
 	 #################################################################
 	 #################################################################
 	 #################################################################
 	 ##############################
-	 522.5 KiB/s
+	 3.9 MiB/s
 done
-Bytes transferred = 6151648 (5ddde0 hex)
+Bytes transferred = 6151504 (5ddd50 hex)
 Tegra124 (Jetson TK1) # tftpboot 0x83000000 tegra124-jetson-tk1.dtb
 Using eth_rtl8169 device
 TFTP from server 192.168.100.1; our IP address is 192.168.100.102
@@ -46,7 +46,7 @@
 done
 Bytes transferred = 67161 (10659 hex)
 Tegra124 (Jetson TK1) # bootz 0x82000000 - 0x83000000
-Kernel image @ 0x82000000 [ 0x000000 - 0x5ddde0 ]
+Kernel image @ 0x82000000 [ 0x000000 - 0x5ddd50 ]
 ## Flattened Device Tree blob at 83000000
    Booting using the fdt blob at 0x83000000
    Using Device Tree in place at 83000000, end 83013658
@@ -55,7 +55,7 @@
 
 Uncompressing Linux... done, booting the kernel.
 Booting Linux on physical CPU 0x0
-Linux version 4.13.0-rc2-next-20170724-187705-g047a0f6 (jonathanh@kaivo) (gcc version 4.7.3 20130328 (prerelease) (crosstool-NG linaro-1.13.1-4.7-2013.04-20130415 - Linaro GCC 2013.04)) #1 SMP PREEMPT Sun Jul 23 22:34:25 PDT 2017
+Linux version 4.13.0-rc2-next-20170725-187940-gdce9071 (jonathanh@kaivo) (gcc version 4.7.3 20130328 (prerelease) (crosstool-NG linaro-1.13.1-4.7-2013.04-20130415 - Linaro GCC 2013.04)) #1 SMP PREEMPT Mon Jul 24 22:21:07 PDT 2017
 CPU: ARMv7 Processor [413fc0f3] revision 3 (ARMv7), cr=10c5387d
 CPU: div instructions available: patching division code
 CPU: PIPT / VIPT nonaliasing data cache, PIPT instruction cache
@@ -70,7 +70,7 @@
   Normal zone: 0 pages reserved
   Normal zone: 196608 pages, LIFO batch:31
   HighMem zone: 327424 pages, LIFO batch:31
-percpu: Embedded 17 pages/cpu @eef80000 s39424 r8192 d22016 u69632
+percpu: Embedded 17 pages/cpu @eef81000 s39424 r8192 d22016 u69632
 pcpu-alloc: s39424 r8192 d22016 u69632 alloc=17*4096
 pcpu-alloc: [0] 0 [0] 1 [0] 2 [0] 3 
 Built 1 zonelists in Zone order, mobility grouping on.  Total pages: 522496
@@ -78,7 +78,7 @@
 PID hash table entries: 4096 (order: 2, 16384 bytes)
 Dentry cache hash table entries: 131072 (order: 7, 524288 bytes)
 Inode-cache hash table entries: 65536 (order: 6, 262144 bytes)
-Memory: 1998436K/2096128K available (9216K kernel code, 744K rwdata, 2736K rodata, 1024K init, 299K bss, 32156K reserved, 65536K cma-reserved, 1244160K highmem)
+Memory: 1998440K/2096128K available (9216K kernel code, 744K rwdata, 2736K rodata, 1024K init, 299K bss, 32152K reserved, 65536K cma-reserved, 1244160K highmem)
 Virtual kernel memory layout:
     vector  : 0xffff0000 - 0xffff1000   (   4 kB)
     fixmap  : 0xffc00000 - 0xfff00000   (3072 kB)
@@ -332,8 +332,8 @@
 as3722-ldo3: supplied by +3.3V_SYS
 as3722-ldo4: supplied by +3.3V_SYS
 as3722-ldo5: supplied by +1.8V_VDDIO
-input: tegra-hda HDMI/DP,pcm=3 as /devices/soc0/70030000.hda/sound/card0/input1
 as3722-ldo6: supplied by +3.3V_RUN
+input: tegra-hda HDMI/DP,pcm=3 as /devices/soc0/70030000.hda/sound/card0/input1
 as3722-ldo7: supplied by +1.8V_VDDIO
 +1.05V_RUN_CAM_REAR: Bringing 0uV into 1050000-1050000uV
 as3722-ldo9: supplied by +5V_SYS
@@ -402,11 +402,11 @@
 pci 0000:01:00.0: [8086:4232] type 00 class 0x028000
 pci 0000:01:00.0: reg 0x10: [mem 0x00000000-0x00001fff 64bit]
 pci 0000:01:00.0: PME# supported from D0 D3hot D3cold
-mmc1: new high speed SDHC card at address aaaa
 PCI: bus1: Fast back to back transfers disabled
-mmcblk1: mmc1:aaaa SD04G 3.69 GiB 
 pci_bus 0000:01: busn_res: [bus 01-ff] end is updated to 01
 pci 0000:02:00.0: [10ec:8168] type 00 class 0x020000
+mmc1: new high speed SDHC card at address aaaa
+mmcblk1: mmc1:aaaa SD04G 3.69 GiB 
 pci 0000:02:00.0: reg 0x10: [io  0x0000-0x00ff]
 pci 0000:02:00.0: reg 0x18: [mem 0x00000000-0x00000fff 64bit]
 pci 0000:02:00.0: reg 0x20: [mem 0x00000000-0x00003fff 64bit pref]
@@ -443,7 +443,7 @@
 cpufreq: cpufreq_online: CPU0: Running at unlisted freq: 696000 KHz
 cpufreq: cpufreq_online: CPU0: Unlisted initial frequency changed to: 714000 KHz
 input: gpio-keys as /devices/soc0/gpio-keys/input/input2
-as3722-rtc as3722-rtc: setting system clock to 2000-01-01 00:02:19 UTC (946684939)
+as3722-rtc as3722-rtc: setting system clock to 2000-01-01 00:02:14 UTC (946684934)
 +3.3V_AVDD_HDMI_AP_GATED: disabling
 +USB0_VBUS_SW: disabling
 +1.05V_RUN_AVDD_HDMI_PLL: disabling
Diff for ./tegra124-nyan-big/tegra124-nyan-big/multi_v7_defconfig_log.txt
--- /tmp/fooa	2017-07-24 22:28:11.360606100 -0700
+++ /tmp/foob	2017-07-24 22:28:11.360606100 -0700
@@ -14,7 +14,7 @@
 Err:   serial
 Net:   Net Initialization Skipped
 No ethernet found.
-Hit any key to stop autoboot:  2  0 
+Hit any key to stop autoboot:  2  1  0 
 Tegra124 (Nyan-big) # 
 Tegra124 (Nyan-big) # usb start
 starting USB...
@@ -45,7 +45,7 @@
 	 ###########################
 	 3.6 MiB/s
 done
-Bytes transferred = 8019560 (7a5e68 hex)
+Bytes transferred = 8020864 (7a6380 hex)
 Tegra124 (Nyan-big) # tftpboot 0x83000000 tegra124-nyan-big.dtb
 Using asx0 device
 TFTP from server 192.168.100.1; our IP address is 192.168.100.102
@@ -56,7 +56,7 @@
 done
 Bytes transferred = 68183 (10a57 hex)
 Tegra124 (Nyan-big) # bootz 0x82000000 - 0x83000000
-Kernel image @ 0x82000000 [ 0x000000 - 0x7a5e68 ]
+Kernel image @ 0x82000000 [ 0x000000 - 0x7a6380 ]
 ## Flattened Device Tree blob at 83000000
    Booting using the fdt blob at 0x83000000
    Using Device Tree in place at 83000000, end 83013a56
@@ -64,7 +64,7 @@
 Starting kernel ...
 
 Booting Linux on physical CPU 0x0
-Linux version 4.13.0-rc2-next-20170724-187705-g047a0f6 (jonathanh@sellafield) (gcc version 4.7.3 20130328 (prerelease) (crosstool-NG linaro-1.13.1-4.7-2013.04-20130415 - Linaro GCC 2013.04)) #1 SMP Sun Jul 23 22:34:11 PDT 2017
+Linux version 4.13.0-rc2-next-20170725-187940-gdce9071 (jonathanh@sellafield) (gcc version 4.7.3 20130328 (prerelease) (crosstool-NG linaro-1.13.1-4.7-2013.04-20130415 - Linaro GCC 2013.04)) #1 SMP Mon Jul 24 22:20:58 PDT 2017
 CPU: ARMv7 Processor [413fc0f3] revision 3 (ARMv7), cr=10c5387d
 CPU: div instructions available: patching division code
 CPU: PIPT / VIPT nonaliasing data cache, PIPT instruction cache
@@ -76,7 +76,7 @@
 efi: UEFI not found.
 cma: Reserved 64 MiB at 0xfb800000
 On node 0 totalpages: 524287
-free_area_init_node: node 0, pgdat c157eec0, node_mem_map eeff8000
+free_area_init_node: node 0, pgdat c157ee80, node_mem_map eeff8000
   DMA zone: 1536 pages used for memmap
   DMA zone: 0 pages reserved
   DMA zone: 196608 pages, LIFO batch:31
@@ -99,8 +99,8 @@
     modules : 0xbf000000 - 0xbfe00000   (  14 MB)
       .text : 0xc0208000 - 0xc0d00000   (11232 kB)
       .init : 0xc1200000 - 0xc1400000   (2048 kB)
-      .data : 0xc1400000 - 0xc1586ce0   (1564 kB)
-       .bss : 0xc158fc98 - 0xc15f46fc   ( 403 kB)
+      .data : 0xc1400000 - 0xc1586ca0   (1564 kB)
+       .bss : 0xc158fca4 - 0xc15f473c   ( 403 kB)
 SLUB: HWalign=64, Order=0-3, MinObjects=0, CPUs=4, Nodes=1
 Hierarchical RCU implementation.
 	RCU event tracing is enabled.
@@ -354,7 +354,7 @@
 mmc1: new high speed SDIO card at address 0001
 mmc2: SDHCI controller on 700b0400.sdhci [700b0400.sdhci] using ADMA
 input: gpio-keys as /devices/soc0/gpio-keys/input/input1
-as3722-rtc as3722-rtc: setting system clock to 2000-01-01 00:00:23 UTC (946684823)
+as3722-rtc as3722-rtc: setting system clock to 2000-01-01 18:33:56 UTC (946751636)
 +3.3V_AVDD_HDMI_AP_GATED: disabling
 +1.05V_RUN: disabling
 +1.8V_RUN_CAM: disabling
Diff for ./tegra124-nyan-big/tegra124-nyan-big/tegra_defconfig_log.txt
--- /tmp/fooa	2017-07-24 22:28:11.436606371 -0700
+++ /tmp/foob	2017-07-24 22:28:11.440606385 -0700
@@ -5,7 +5,7 @@
 TEGRA124
 Model: Acer Chromebook 13 CB5-311
 DRAM:  4 GiB
-:   Tegra SD/MMC: 0, Tegra SD/MMC: 1, Tegra SD/MMC: 2
+C:   Tegra SD/MMC: 0, Tegra SD/MMC: 1, Tegra SD/MMC: 2
 MMC init failed
 Using default environment
 
@@ -41,20 +41,20 @@
 	 #################################################################
 	 #################################################################
 	 ##############################
-	 3 MiB/s
+	 3.6 MiB/s
 done
-Bytes transferred = 6151648 (5ddde0 hex)
+Bytes transferred = 6151504 (5ddd50 hex)
 Tegra124 (Nyan-big) # tftpboot 0x83000000 tegra124-nyan-big.dtb
 Using asx0 device
 TFTP from server 192.168.100.1; our IP address is 192.168.100.102
 Filename 'tegra124-nyan-big.dtb'.
 Load address: 0x83000000
 Loading: *#####
-	 3.1 MiB/s
+	 3.4 MiB/s
 done
 Bytes transferred = 68183 (10a57 hex)
 Tegra124 (Nyan-big) # bootz 0x82000000 - 0x83000000
-Kernel image @ 0x82000000 [ 0x000000 - 0x5ddde0 ]
+Kernel image @ 0x82000000 [ 0x000000 - 0x5ddd50 ]
 ## Flattened Device Tree blob at 83000000
    Booting using the fdt blob at 0x83000000
    Using Device Tree in place at 83000000, end 83013a56
@@ -63,7 +63,7 @@
 
 Uncompressing Linux... done, booting the kernel.
 Booting Linux on physical CPU 0x0
-Linux version 4.13.0-rc2-next-20170724-187705-g047a0f6 (jonathanh@kaivo) (gcc version 4.7.3 20130328 (prerelease) (crosstool-NG linaro-1.13.1-4.7-2013.04-20130415 - Linaro GCC 2013.04)) #1 SMP PREEMPT Sun Jul 23 22:34:25 PDT 2017
+Linux version 4.13.0-rc2-next-20170725-187940-gdce9071 (jonathanh@kaivo) (gcc version 4.7.3 20130328 (prerelease) (crosstool-NG linaro-1.13.1-4.7-2013.04-20130415 - Linaro GCC 2013.04)) #1 SMP PREEMPT Mon Jul 24 22:21:07 PDT 2017
 CPU: ARMv7 Processor [413fc0f3] revision 3 (ARMv7), cr=10c5387d
 CPU: div instructions available: patching division code
 CPU: PIPT / VIPT nonaliasing data cache, PIPT instruction cache
@@ -356,7 +356,7 @@
 mmc1: new high speed SDIO card at address 0001
 mmc2: SDHCI controller on 700b0400.sdhci [700b0400.sdhci] using ADMA
 input: gpio-keys as /devices/soc0/gpio-keys/input/input3
-as3722-rtc as3722-rtc: setting system clock to 2000-01-01 00:00:22 UTC (946684822)
+as3722-rtc as3722-rtc: setting system clock to 2000-01-01 18:33:15 UTC (946751595)
 +3.3V_AVDD_HDMI_AP_GATED: disabling
 +1.8V_RUN_CAM: disabling
 +1.2V_RUN_CAM_FRONT: disabling
@@ -371,6 +371,7 @@
 +5V_HDMI_CON: disabling
 ALSA device list:
   #1: GoogleNyanBig
+mmcblk0boot1: mmc0:0001 MMC16G partition 2 2.00 MiB
 mmc2: new high speed SDHC card at address 0007
 mmcblk2: mmc2:0007 SD08G 7.42 GiB 
 GPT:Primary header alternate_lba != Alt. header my_lba
@@ -379,7 +380,6 @@
 GPT:3014591 != 15564799
 GPT: Use GNU Parted to correct GPT errors.
  mmcblk2: p1 p2 p3 p4 p5 p6 p7 p8 p9 p10 p11 p12
-mmcblk0boot1: mmc0:0001 MMC16G partition 2 2.00 MiB
 mmcblk0rpmb: mmc0:0001 MMC16G partition 3 128 KiB
  mmcblk0: p1 p2 p3 p4 p5 p6 p7 p8 p9 p10 p11 p12
 usb 1-2: new high-speed USB device number 2 using tegra-xusb
@@ -390,9 +390,8 @@
 EXT4-fs (mmcblk0p3): recovery complete
 EXT4-fs (mmcblk0p3): mounted filesystem with ordered data mode. Opts: (null)
 VFS: Mounted root (ext4 filesystem) on device 179:3.
-usb 1-3: new high-speed USB device number 3 using tegra-xusb
 devtmpfs: mounted
 Freeing unused kernel memory: 1024K
 bash: cannot set terminal process group (-1): Inappropriate ioctl for device
 bash: no job control in this shell
-root@(none):/# 
\ No newline at end of file
+root@(none):/# [    2.777736] usb 1-3: new high-speed USB device number 3 using tegra-xusb
Diff for ./tegra132-norrin/tegra132-norrin/defconfig_log.txt
--- /tmp/fooa	2017-07-24 22:28:11.472606499 -0700
+++ /tmp/foob	2017-07-24 22:28:11.476606513 -0700
@@ -31,7 +31,7 @@
 MSENC clock is set to  79200 KHz
 Vde clock is set to 204000 KHz
 
-Bootloader-Cpu Init at (time stamp): 1801750 us
+Bootloader-Cpu Init at (time stamp): 1801048 us
 
 Pinmux changes applied in kernel way
 
@@ -59,25 +59,25 @@
 The proc BoardInfo: 0x0176:0x0001:0x01:0x43:0x00
 FastbootAddAtag: setting ATAG (0)
 
-Board Id Read Time: 3 us
+Board Id Read Time: 4 us
 Power Rail enable Time: 1 us
 
-Miscellaneous avp time: 1801724  us
-Bootloader (AosInit) time: 734249 us
-Bootloader Main Init time: 180086 us
-BlockDevMgrInit time: 157536 us
+Miscellaneous avp time: 1801021  us
+Bootloader (AosInit) time: 734248 us
+Bootloader Main Init time: 180099 us
+BlockDevMgrInit time: 157546 us
 PartMgrInit time: 8 us
-StorMgrInit time: 30 us
+StorMgrInit time: 31 us
 FsMgrInit time: 2 us
-Partition Table load: 76645 us 
-Display init time: 574969 us
+Partition Table load: 76631 us 
+Display init time: 574937 us
 Kernel read time: 1318 msec
 Load Kernel Size:   17473536 Bytes
 Bl Kernel ReadSpeed: 13257000 Bytes/sec
-Pre-Kernel Jump time: 3771291 us
-Clearing 32 Bit State and Warm resetting to 64bit mode: 8709253 us
+Pre-Kernel Jump time: 3771695 us
+Clearing 32 Bit State and Warm resetting to 64bit mode: 8710763 us
 Booting Linux on physical CPU 0x0
-Linux version 4.13.0-rc2-next-20170724-305946-g047a0f6 (jonathanh@tamien) (gcc version 4.9.2 20140904 (prerelease) (crosstool-NG linaro-1.13.1-4.9-2014.09 - Linaro GCC 4.9-2014.09)) #1 SMP PREEMPT Sun Jul 23 22:39:48 PDT 2017
+Linux version 4.13.0-rc2-next-20170725-306181-gdce9071 (jonathanh@tamien) (gcc version 4.9.2 20140904 (prerelease) (crosstool-NG linaro-1.13.1-4.9-2014.09 - Linaro GCC 4.9-2014.09)) #1 SMP PREEMPT Mon Jul 24 22:26:09 PDT 2017
 Boot CPU: AArch64 Processor [4e0f0000]
 Machine model: NVIDIA Tegra132 Norrin
 Memory limited to 1734MB
@@ -88,7 +88,7 @@
 NUMA: Faking a node at [mem 0x0000000000000000-0x00000000ec5fffff]
 NUMA: Adding memblock [0x80000000 - 0xec5fffff] on node 0
 NUMA: Initmem setup node 0 [mem 0x80000000-0xec5fffff]
-NUMA: NODE_DATA [mem 0xec5be700-0xec5c01ff]
+NUMA: NODE_DATA [mem 0xec5bed80-0xec5c087f]
 Zone ranges:
   DMA      [mem 0x0000000080000000-0x00000000ec5fffff]
   Normal   empty
@@ -111,7 +111,7 @@
     .rodata : 0xffff000008960000 - 0xffff000008dc0000   (  4480 KB)
       .init : 0xffff000008dc0000 - 0xffff000008ed0000   (  1088 KB)
       .data : 0xffff000008ed0000 - 0xffff000008fe7a00   (  1119 KB)
-       .bss : 0xffff000008fe7a00 - 0xffff00000904c070   (   402 KB)
+       .bss : 0xffff000008fe7a00 - 0xffff00000904c0f0   (   402 KB)
     fixed   : 0xffff7dfffe7fd000 - 0xffff7dfffec00000   (  4108 KB)
     PCI I/O : 0xffff7dfffee00000 - 0xffff7dffffe00000   (    16 MB)
     vmemmap : 0xffff7e0000000000 - 0xffff800000000000   (  2048 GB maximum)
Diff for ./tegra20-trimslice/tegra20-trimslice/multi_v7_defconfig_log.txt
--- /tmp/fooa	2017-07-24 22:28:11.512606641 -0700
+++ /tmp/foob	2017-07-24 22:28:11.516606655 -0700
@@ -48,20 +48,20 @@
 	 #################################################################
 	 #################################################################
 	 ###########################
-	 3.5 MiB/s
+	 4.1 MiB/s
 done
-Bytes transferred = 8019560 (7a5e68 hex)
+Bytes transferred = 8020864 (7a6380 hex)
 Tegra20 (TrimSlice) # tftpboot 0x02408000 tegra20-trimslice.dtb
 Using RTL8169#0 device
 TFTP from server 192.168.100.1; our IP address is 192.168.100.103
 Filename 'tegra20-trimslice.dtb'.
 Load address: 0x2408000
 Loading: *##
-	 2.9 MiB/s
+	 3.4 MiB/s
 done
 Bytes transferred = 21454 (53ce hex)
 Tegra20 (TrimSlice) # bootz 0x00408000 - 0x02408000
-Kernel image @ 0x408000 [ 0x000000 - 0x7a5e68 ]
+Kernel image @ 0x408000 [ 0x000000 - 0x7a6380 ]
 ## Flattened Device Tree blob at 02408000
    Booting using the fdt blob at 0x2408000
    Using Device Tree in place at 02408000, end 024103cd
@@ -69,7 +69,7 @@
 Starting kernel ...
 
 Booting Linux on physical CPU 0x0
-Linux version 4.13.0-rc2-next-20170724-187705-g047a0f6 (jonathanh@sellafield) (gcc version 4.7.3 20130328 (prerelease) (crosstool-NG linaro-1.13.1-4.7-2013.04-20130415 - Linaro GCC 2013.04)) #1 SMP Sun Jul 23 22:34:11 PDT 2017
+Linux version 4.13.0-rc2-next-20170725-187940-gdce9071 (jonathanh@sellafield) (gcc version 4.7.3 20130328 (prerelease) (crosstool-NG linaro-1.13.1-4.7-2013.04-20130415 - Linaro GCC 2013.04)) #1 SMP Mon Jul 24 22:20:58 PDT 2017
 CPU: ARMv7 Processor [411fc090] revision 0 (ARMv7), cr=10c5387d
 CPU: PIPT / VIPT nonaliasing data cache, VIPT aliasing instruction cache
 OF: fdt: Machine model: Compulab TrimSlice board
@@ -79,7 +79,7 @@
 efi: UEFI not found.
 cma: Reserved 64 MiB at 0x3c000000
 On node 0 totalpages: 262144
-free_area_init_node: node 0, pgdat c157eec0, node_mem_map ef7f8000
+free_area_init_node: node 0, pgdat c157ee80, node_mem_map ef7f8000
   DMA zone: 1536 pages used for memmap
   DMA zone: 0 pages reserved
   DMA zone: 196608 pages, LIFO batch:31
@@ -102,8 +102,8 @@
     modules : 0xbf000000 - 0xbfe00000   (  14 MB)
       .text : 0xc0208000 - 0xc0d00000   (11232 kB)
       .init : 0xc1200000 - 0xc1400000   (2048 kB)
-      .data : 0xc1400000 - 0xc1586ce0   (1564 kB)
-       .bss : 0xc158fc98 - 0xc15f46fc   ( 403 kB)
+      .data : 0xc1400000 - 0xc1586ca0   (1564 kB)
+       .bss : 0xc158fca4 - 0xc15f473c   ( 403 kB)
 SLUB: HWalign=64, Order=0-3, MinObjects=0, CPUs=2, Nodes=1
 Hierarchical RCU implementation.
 	RCU event tracing is enabled.
@@ -337,26 +337,26 @@
 ThumbEE CPU extension supported.
 Registering SWP/SWPB emulation handler
 utmi_phy_clk_enable: timeout waiting for phy to stabilize
-usb 1-1: new high-speed USB device number 2 using tegra-ehci
 tegra-ehci c5000000.usb: EHCI Host Controller
 tegra-ehci c5000000.usb: new USB bus registered, assigned bus number 2
+usb 1-1: new high-speed USB device number 2 using tegra-ehci
 tegra-ehci c5000000.usb: irq 288, io mem 0xc5000000
-mmc1: new high speed SD card at address b368
-mmcblk1: mmc1:b368 NCard 1.83 GiB (ro)
-mmcblk1: error -5 sending stop command, original cmd response 0x900, card status 0x900
-mmcblk1: error -5 transferring data, sector 3839992, nr 8, cmd response 0x900, card status 0x80000b00
 tegra-ehci c5000000.usb: USB 2.0 started, EHCI 1.00
 hub 2-0:1.0: USB hub found
 hub 2-0:1.0: 1 port detected
 input: gpio-keys as /devices/soc0/gpio-keys/input/input0
 rtc-em3027 2-0056: hctosys: unable to read the hardware clock
-hub 1-1:1.0: USB hub found
-hub 1-1:1.0: 4 ports detected
+Waiting for root device PARTUUID=11eb23c1-01...
+mmc1: new high speed SD card at address b368
+mmcblk1: mmc1:b368 NCard 1.83 GiB (ro)
+mmcblk1: error -5 sending stop command, original cmd response 0x900, card status 0x900
+mmcblk1: error -5 transferring data, sector 3839992, nr 8, cmd response 0x900, card status 0x80000b00
 mmcblk1: error -5 sending stop command, original cmd response 0x900, card status 0x900
 mmcblk1: error -5 transferring data, sector 3839992, nr 8, cmd response 0x900, card status 0x80000b00
 mmcblk1: retrying using single block read
  mmcblk1: p1 p2
-Waiting for root device PARTUUID=11eb23c1-01...
+hub 1-1:1.0: USB hub found
+hub 1-1:1.0: 4 ports detected
 usb 1-1.2: new high-speed USB device number 3 using tegra-ehci
 mmc0: host does not support reading read-only switch, assuming write-enable
 mmc0: new high speed SDHC card at address b368
Diff for ./tegra20-trimslice/tegra20-trimslice/tegra_defconfig_log.txt
--- /tmp/fooa	2017-07-24 22:28:11.560606812 -0700
+++ /tmp/foob	2017-07-24 22:28:11.564606827 -0700
@@ -19,7 +19,7 @@
 Out:   serial
 Err:   serial
 Net:   RTL8169#0
-Hit any key to stop autoboot:  2  0 
+Hit any key to stop autoboot:  2  1  0 
 Tegra20 (TrimSlice) # 
 Tegra20 (TrimSlice) # usb reset
 resetting USB...
@@ -46,9 +46,9 @@
 	 #################################################################
 	 #################################################################
 	 ##############################
-	 4.1 MiB/s
+	 3.9 MiB/s
 done
-Bytes transferred = 6151648 (5ddde0 hex)
+Bytes transferred = 6151504 (5ddd50 hex)
 Tegra20 (TrimSlice) # tftpboot 0x02408000 tegra20-trimslice.dtb
 Using RTL8169#0 device
 TFTP from server 192.168.100.1; our IP address is 192.168.100.103
@@ -59,7 +59,7 @@
 done
 Bytes transferred = 21454 (53ce hex)
 Tegra20 (TrimSlice) # bootz 0x00408000 - 0x02408000
-Kernel image @ 0x408000 [ 0x000000 - 0x5ddde0 ]
+Kernel image @ 0x408000 [ 0x000000 - 0x5ddd50 ]
 ## Flattened Device Tree blob at 02408000
    Booting using the fdt blob at 0x2408000
    Using Device Tree in place at 02408000, end 024103cd
@@ -68,7 +68,7 @@
 
 Uncompressing Linux... done, booting the kernel.
 Booting Linux on physical CPU 0x0
-Linux version 4.13.0-rc2-next-20170724-187705-g047a0f6 (jonathanh@kaivo) (gcc version 4.7.3 20130328 (prerelease) (crosstool-NG linaro-1.13.1-4.7-2013.04-20130415 - Linaro GCC 2013.04)) #1 SMP PREEMPT Sun Jul 23 22:34:25 PDT 2017
+Linux version 4.13.0-rc2-next-20170725-187940-gdce9071 (jonathanh@kaivo) (gcc version 4.7.3 20130328 (prerelease) (crosstool-NG linaro-1.13.1-4.7-2013.04-20130415 - Linaro GCC 2013.04)) #1 SMP PREEMPT Mon Jul 24 22:21:07 PDT 2017
 CPU: ARMv7 Processor [411fc090] revision 0 (ARMv7), cr=10c5387d
 CPU: PIPT / VIPT nonaliasing data cache, VIPT aliasing instruction cache
 OF: fdt: Machine model: Compulab TrimSlice board
@@ -321,8 +321,8 @@
 can: netlink gateway (rev 20170425) max_hops=1
 Bluetooth: RFCOMM socket layer initialized
 Bluetooth: RFCOMM ver 1.11
-Bluetooth: BNEP (Ethernet Emulation) ver 1.3
 usb 1-1: new high-speed USB device number 2 using tegra-ehci
+Bluetooth: BNEP (Ethernet Emulation) ver 1.3
 Bluetooth: BNEP socket layer initialized
 Bluetooth: HIDP (Human Interface Emulation) ver 1.2
 Bluetooth: HIDP socket layer initialized
@@ -333,22 +333,22 @@
 utmi_phy_clk_enable: timeout waiting for phy to stabilize
 tegra-ehci c5000000.usb: EHCI Host Controller
 tegra-ehci c5000000.usb: new USB bus registered, assigned bus number 2
+tegra-ehci c5000000.usb: irq 288, io mem 0xc5000000
 mmcblk1: error -5 sending stop command, original cmd response 0x900, card status 0x900
 mmcblk1: error -5 transferring data, sector 3839992, nr 8, cmd response 0x900, card status 0x80000b00
-tegra-ehci c5000000.usb: irq 288, io mem 0xc5000000
 tegra-ehci c5000000.usb: USB 2.0 started, EHCI 1.00
 hub 2-0:1.0: USB hub found
 hub 2-0:1.0: 1 port detected
-mmcblk1: error -5 sending stop command, original cmd response 0x900, card status 0x900
-mmcblk1: error -5 transferring data, sector 3839992, nr 8, cmd response 0x900, card status 0x80000b00
-hub 1-1:1.0: USB hub found
-hub 1-1:1.0: 4 ports detected
 input: gpio-keys as /devices/soc0/gpio-keys/input/input0
+hub 1-1:1.0: USB hub found
 rtc-em3027 2-0056: hctosys: unable to read the hardware clock
 ALSA device list:
   #0: tegra-trimslice
+mmcblk1: error -5 sending stop command, original cmd response 0x900, card status 0x900
+mmcblk1: error -5 transferring data, sector 3839992, nr 8, cmd response 0x900, card status 0x80000b00
 mmcblk1: retrying using single block read
  mmcblk1: p1 p2
+hub 1-1:1.0: 4 ports detected
 Waiting for root device PARTUUID=11eb23c1-01...
 usb 1-1.2: new high-speed USB device number 3 using tegra-ehci
 mmc0: host does not support reading read-only switch, assuming write-enable
Diff for ./tegra210-p2371-0000/tegra210-p2371-0000/defconfig_log.txt
--- /tmp/fooa	2017-07-24 22:28:11.588606913 -0700
+++ /tmp/foob	2017-07-24 22:28:11.588606913 -0700
@@ -64,17 +64,17 @@
 Loading and Validation of Secure OS Successful
 NvTbootPackSdramParams: start. 
 NvTbootPackSdramParams: done. 
-Tegraboot started after 787575 us
-Basic modules init took 348525 us
-Sec Bootdevice Read Time = 203 ms, Read Size = 8459 KB
-Next stage binary read took 14365 us
-Carveout took 253694 us
-CPU initialization took 92314 us
-Total time taken by TegraBoot 708898 us
+Tegraboot started after 758393 us
+Basic modules init took 348692 us
+Sec Bootdevice Read Time = 202 ms, Read Size = 8459 KB
+Next stage binary read took 14370 us
+Carveout took 252770 us
+CPU initialization took 92294 us
+Total time taken by TegraBoot 708126 us
 
 Starting CPU & Halting co-processor 
 
-64b[0001.626] LPDDR4 Training: Number of tables = 10
+64b[0001.597] LPDDR4 Training: Number of tables = 10
 EMC Training (SRC-freq: 204000; DST-freq: 408000)
 EMC Training Successful
 EMC Training (SRC-freq: 204000; DST-freq: 665600)
@@ -108,7 +108,7 @@
 Tegra210 (P2371-0000) # 
 Tegra210 (P2371-0000) # ums 0 mmc 0
 UMS: disk start sector: 0x0, count: 0x1d5a000
-|/-\|/-\/-\|/-\/-\|/-\/-\|/-\/-\|/-\/-\|/-\/-\|/-\/-\|/-\/-\CTRL+C - Operation aborted
+|/-\|/-\/-\|/-\/-\|/-\/-\|/-\/-\|/-\/-\|/-\/-\|/-\/-\|/-\/-CTRL+C - Operation aborted
 Tegra210 (P2371-0000) # 
 Tegra210 (P2371-0000) # env set fdt_copy_node_names /cpus:/psci
 Tegra210 (P2371-0000) # setenv rootpart 1
@@ -117,11 +117,11 @@
 Tegra210 (P2371-0000) # part uuid ${devtype} ${devnum}:${rootpart} uuid
 Tegra210 (P2371-0000) # setenv bootargs ignore_loglevel console=ttyS0,115200n8 earlycon=uart8250,mmio32,0x70006000 rw root=PARTUUID=00000000-0001-0000-788f-a75600000000 rootwait debug earlyprintk init=/bin/bash
 Tegra210 (P2371-0000) # load ${devtype} ${devnum}:${rootpart} ${kernel_addr_r} /boot/Image.defconfig
-16153088 bytes read in 823 ms (18.7 MiB/s)
+16153088 bytes read in 822 ms (18.7 MiB/s)
 Tegra210 (P2371-0000) # load ${devtype} ${devnum}:${rootpart} ${fdt_addr_r} /boot/tegra210-p2371-0000.dtb
-45170 bytes read in 454 ms (96.7 KiB/s)
+45170 bytes read in 462 ms (94.7 KiB/s)
 Tegra210 (P2371-0000) # load ${devtype} ${devnum}:${rootpart} ${ramdisk_addr_r} /boot/tegra-ramdisk.img
-1627787 bytes read in 494 ms (3.1 MiB/s)
+1627787 bytes read in 496 ms (3.1 MiB/s)
 Tegra210 (P2371-0000) # ramdisk_size=${filesize}
 Tegra210 (P2371-0000) # booti ${kernel_addr_r} - ${fdt_addr_r}
 ## Flattened Device Tree blob at 82000000
@@ -131,7 +131,7 @@
 Starting kernel ...
 
 Booting Linux on physical CPU 0x0
-Linux version 4.13.0-rc2-next-20170724-305946-g047a0f6 (jonathanh@tamien) (gcc version 4.9.2 20140904 (prerelease) (crosstool-NG linaro-1.13.1-4.9-2014.09 - Linaro GCC 4.9-2014.09)) #1 SMP PREEMPT Sun Jul 23 22:39:48 PDT 2017
+Linux version 4.13.0-rc2-next-20170725-306181-gdce9071 (jonathanh@tamien) (gcc version 4.9.2 20140904 (prerelease) (crosstool-NG linaro-1.13.1-4.9-2014.09 - Linaro GCC 4.9-2014.09)) #1 SMP PREEMPT Mon Jul 24 22:26:09 PDT 2017
 Boot CPU: AArch64 Processor [411fd071]
 Machine model: NVIDIA Tegra210 P2371 (P2530/P2595) reference design
 debug: ignoring loglevel setting.
@@ -145,7 +145,7 @@
 NUMA: Adding memblock [0x80000000 - 0xff1fffff] on node 0
 NUMA: Adding memblock [0x100000000 - 0x13fffffff] on node 0
 NUMA: Initmem setup node 0 [mem 0x80000000-0x13fffffff]
-NUMA: NODE_DATA [mem 0x13ffab080-0x13ffacb7f]
+NUMA: NODE_DATA [mem 0x13ffaba80-0x13ffad57f]
 Zone ranges:
   DMA      [mem 0x0000000080000000-0x00000000ffffffff]
   Normal   [mem 0x0000000100000000-0x000000013fffffff]
@@ -183,7 +183,7 @@
     .rodata : 0xffff000008960000 - 0xffff000008dc0000   (  4480 KB)
       .init : 0xffff000008dc0000 - 0xffff000008ed0000   (  1088 KB)
       .data : 0xffff000008ed0000 - 0xffff000008fe7a00   (  1119 KB)
-       .bss : 0xffff000008fe7a00 - 0xffff00000904c070   (   402 KB)
+       .bss : 0xffff000008fe7a00 - 0xffff00000904c0f0   (   402 KB)
     fixed   : 0xffff7dfffe7fd000 - 0xffff7dfffec00000   (  4108 KB)
     PCI I/O : 0xffff7dfffee00000 - 0xffff7dffffe00000   (    16 MB)
     vmemmap : 0xffff7e0000000000 - 0xffff800000000000   (  2048 GB maximum)
@@ -271,14 +271,14 @@
 RPC: Registered tcp NFSv4.1 backchannel transport module.
 PCI: CLS 0 bytes, default 128
 kvm [1]: 8-bit VMID
-kvm [1]: IDMAP page: 8094a000
+kvm [1]: IDMAP page: 8094b000
 kvm [1]: HYP VA range: 800000000000:ffffffffffff
 kvm [1]: Hyp mode initialized successfully
 kvm [1]: vgic-v2@50044000
 kvm [1]: vgic interrupt IRQ1
 kvm [1]: virtual timer IRQ4
 audit: initializing netlink subsys (disabled)
-audit: type=2000 audit(0.491:1): state=initialized audit_enabled=0 res=1
+audit: type=2000 audit(0.503:1): state=initialized audit_enabled=0 res=1
 workingset: timestamp_bits=44 max_order=20 bucket_order=0
 squashfs: version 4.0 (2009/01/31) Phillip Lougher
 NFS: Registering the id_resolver key type
Diff for ./tegra210-smaug/tegra210-smaug/defconfig_log.txt
--- /tmp/fooa	2017-07-24 22:28:11.604606970 -0700
+++ /tmp/foob	2017-07-24 22:28:11.604606970 -0700
@@ -1,4 +1,5 @@
-B at 0x00000000f5400000
+   0.000000] efi: UEFI not found.
+cma: Reserved 16 MiB at 0x00000000f5400000
 earlycon: uart0 at MMIO 0x0000000070006000 (options '115200n8')
 bootconsole [uart0] enabled
 NUMA: No NUMA configuration found
@@ -6,7 +7,7 @@
 NUMA: Adding memblock [0x80000000 - 0xf65fffff] on node 0
 NUMA: Adding memblock [0x100000000 - 0x13fffffff] on node 0
 NUMA: Initmem setup node 0 [mem 0x80000000-0x13fffffff]
-NUMA: NODE_DATA [mem 0x13ff9f100-0x13ffa0bff]
+NUMA: NODE_DATA [mem 0x13ff9fc80-0x13ffa177f]
 Zone ranges:
   DMA      [mem 0x0000000080000000-0x00000000ffffffff]
   Normal   [mem 0x0000000100000000-0x000000013fffffff]
@@ -36,7 +37,7 @@
     .rodata : 0xffff000008960000 - 0xffff000008dc0000   (  4480 KB)
       .init : 0xffff000008dc0000 - 0xffff000008ed0000   (  1088 KB)
       .data : 0xffff000008ed0000 - 0xffff000008fe7a00   (  1119 KB)
-       .bss : 0xffff000008fe7a00 - 0xffff00000904c070   (   402 KB)
+       .bss : 0xffff000008fe7a00 - 0xffff00000904c0f0   (   402 KB)
     fixed   : 0xffff7dfffe7fd000 - 0xffff7dfffec00000   (  4108 KB)
     PCI I/O : 0xffff7dfffee00000 - 0xffff7dffffe00000   (    16 MB)
     vmemmap : 0xffff7e0000000000 - 0xffff800000000000   (  2048 GB maximum)
@@ -74,7 +75,7 @@
 console [tty0] enabled
 bootconsole [uart0] disabled
 Booting Linux on physical CPU 0x0
-Linux version 4.13.0-rc2-next-20170724-305946-g047a0f6 (jonathanh@tamien) (gcc version 4.9.2 20140904 (prerelease) (crosstool-NG linaro-1.13.1-4.9-2014.09 - Linaro GCC 4.9-2014.09)) #1 SMP PREEMPT Sun Jul 23 22:39:48 PDT 2017
+Linux version 4.13.0-rc2-next-20170725-306181-gdce9071 (jonathanh@tamien) (gcc version 4.9.2 20140904 (prerelease) (crosstool-NG linaro-1.13.1-4.9-2014.09 - Linaro GCC 4.9-2014.09)) #1 SMP PREEMPT Mon Jul 24 22:26:09 PDT 2017
 Boot CPU: AArch64 Processor [411fd071]
 Machine model: Google Pixel C
 efi: Getting EFI parameters from FDT:
@@ -87,7 +88,7 @@
 NUMA: Adding memblock [0x80000000 - 0xf65fffff] on node 0
 NUMA: Adding memblock [0x100000000 - 0x13fffffff] on node 0
 NUMA: Initmem setup node 0 [mem 0x80000000-0x13fffffff]
-NUMA: NODE_DATA [mem 0x13ff9f100-0x13ffa0bff]
+NUMA: NODE_DATA [mem 0x13ff9fc80-0x13ffa177f]
 Zone ranges:
   DMA      [mem 0x0000000080000000-0x00000000ffffffff]
   Normal   [mem 0x0000000100000000-0x000000013fffffff]
@@ -117,7 +118,7 @@
     .rodata : 0xffff000008960000 - 0xffff000008dc0000   (  4480 KB)
       .init : 0xffff000008dc0000 - 0xffff000008ed0000   (  1088 KB)
       .data : 0xffff000008ed0000 - 0xffff000008fe7a00   (  1119 KB)
-       .bss : 0xffff000008fe7a00 - 0xffff00000904c070   (   402 KB)
+       .bss : 0xffff000008fe7a00 - 0xffff00000904c0f0   (   402 KB)
     fixed   : 0xffff7dfffe7fd000 - 0xffff7dfffec00000   (  4108 KB)
     PCI I/O : 0xffff7dfffee00000 - 0xffff7dffffe00000   (    16 MB)
     vmemmap : 0xffff7e0000000000 - 0xffff800000000000   (  2048 GB maximum)
@@ -182,13 +183,14 @@
 clocksource: jiffies: mask: 0xffffffff max_cycles: 0xffffffff, max_idle_ns: 7645041785100000 ns
 futex hash table entries: 1024 (order: 5, 131072 bytes)
 pinctrl core: initialized pinctrl subsystem
-random: fast init done
 DMI not present or invalid.
+random: get_random_u32 called from bucket_table_alloc+0x114/0x29c with crng_init=0
 NET: Registered protocol family 16
 cpuidle: using governor menu
 vdso: 2 pages (1 code @ ffff000008966000, 1 data @ ffff000008ed5000)
 hw-breakpoint: found 6 breakpoint and 4 watchpoint registers.
 DMA: preallocated 256 KiB pool for atomic allocations
+random: fast init done
 Serial: AMBA PL011 UART driver
 HugeTLB registered 2.00 MiB page size, pre-allocated 0 pages
 ACPI: Interpreter disabled.
@@ -228,7 +230,7 @@
 Unpacking initramfs...
 Freeing initrd memory: 1284K
 kvm [1]: 8-bit VMID
-kvm [1]: IDMAP page: 8094a000
+kvm [1]: IDMAP page: 8094b000
 kvm [1]: HYP VA range: 800000000000:ffffffffffff
 kvm [1]: Hyp mode initialized successfully
 kvm [1]: vgic-v2@50044000
@@ -340,8 +342,9 @@
 mmcblk0boot0: mmc0:0001 BGND3R partition 1 4.00 MiB
 mmcblk0boot1: mmc0:0001 BGND3R partition 2 4.00 MiB
 mmcblk0rpmb: mmc0:0001 BGND3R partition 3 4.00 MiB
+max77686-rtc max77620-rtc: setting system clock to 2001-05-05 10:51:25 UTC (989059885)
  mmcblk0: p1 p2 p3 p4 p5 p6 p7 p8 p9 p10 p11
-max77686-rtc max77620-rtc: setting system clock to 2001-05-04 11:05:13 UTC (988974313)
+tegra-i2c 7000d100.i2c: could not find pctldev for node /host1x@50000000/dpaux@545c0000/pinmux-i2c, deferring probe
 PP1200_AVDD: disabling
 PP1200_RCAM: disabling
 PP2800L_RCAM: disabling
@@ -352,7 +355,6 @@
 PP1800_CAM: disabling
 ALSA device list:
   No soundcards found.
-tegra-i2c 7000d100.i2c: could not find pctldev for node /host1x@50000000/dpaux@545c0000/pinmux-i2c, deferring probe
 Freeing unused kernel memory: 1088K
 
 System initialization...
Diff for ./tegra30-beaver/tegra30-beaver/multi_v7_defconfig_log.txt
--- /tmp/fooa	2017-07-24 22:28:11.628607055 -0700
+++ /tmp/foob	2017-07-24 22:28:11.632607069 -0700
@@ -42,18 +42,18 @@
 	 ###########################
 	 2.9 MiB/s
 done
-Bytes transferred = 8019560 (7a5e68 hex)
+Bytes transferred = 8020864 (7a6380 hex)
 Tegra30 (Beaver) # tftpboot 0x82000000 tegra30-beaver.dtb
 Using asx0 device
 TFTP from server 192.168.100.1; our IP address is 192.168.100.101
 Filename 'tegra30-beaver.dtb'.
 Load address: 0x82000000
 Loading: *####
-	 2.7 MiB/s
+	 2.6 MiB/s
 done
 Bytes transferred = 51848 (ca88 hex)
 Tegra30 (Beaver) # bootz 0x81000000 - 0x82000000
-Kernel image @ 0x81000000 [ 0x000000 - 0x7a5e68 ]
+Kernel image @ 0x81000000 [ 0x000000 - 0x7a6380 ]
 ## Flattened Device Tree blob at 82000000
    Booting using the fdt blob at 0x82000000
    Loading Device Tree to 8fff0000, end 8ffffa87 ... OK
@@ -61,7 +61,7 @@
 Starting kernel ...
 
 Booting Linux on physical CPU 0x0
-Linux version 4.13.0-rc2-next-20170724-187705-g047a0f6 (jonathanh@sellafield) (gcc version 4.7.3 20130328 (prerelease) (crosstool-NG linaro-1.13.1-4.7-2013.04-20130415 - Linaro GCC 2013.04)) #1 SMP Sun Jul 23 22:34:11 PDT 2017
+Linux version 4.13.0-rc2-next-20170725-187940-gdce9071 (jonathanh@sellafield) (gcc version 4.7.3 20130328 (prerelease) (crosstool-NG linaro-1.13.1-4.7-2013.04-20130415 - Linaro GCC 2013.04)) #1 SMP Mon Jul 24 22:20:58 PDT 2017
 CPU: ARMv7 Processor [412fc099] revision 9 (ARMv7), cr=10c5387d
 CPU: PIPT / VIPT nonaliasing data cache, VIPT aliasing instruction cache
 OF: fdt: Machine model: NVIDIA Tegra30 Beaver evaluation board
@@ -71,12 +71,12 @@
 efi: UEFI not found.
 cma: Reserved 64 MiB at 0xfb800000
 On node 0 totalpages: 524032
-free_area_init_node: node 0, pgdat c157eec0, node_mem_map eeff8000
+free_area_init_node: node 0, pgdat c157ee80, node_mem_map eeff8000
   DMA zone: 1536 pages used for memmap
   DMA zone: 0 pages reserved
   DMA zone: 196608 pages, LIFO batch:31
   HighMem zone: 327424 pages, LIFO batch:31
-percpu: Embedded 17 pages/cpu @eef87000 s39360 r8192 d22080 u69632
+percpu: Embedded 17 pages/cpu @eef88000 s39360 r8192 d22080 u69632
 pcpu-alloc: s39360 r8192 d22080 u69632 alloc=17*4096
 pcpu-alloc: [0] 0 [0] 1 [0] 2 [0] 3 
 Built 1 zonelists in Zone order, mobility grouping on.  Total pages: 522496
@@ -84,7 +84,7 @@
 PID hash table entries: 4096 (order: 2, 16384 bytes)
 Dentry cache hash table entries: 131072 (order: 7, 524288 bytes)
 Inode-cache hash table entries: 65536 (order: 6, 262144 bytes)
-Memory: 1993468K/2096128K available (10240K kernel code, 1563K rwdata, 4464K rodata, 2048K init, 402K bss, 37124K reserved, 65536K cma-reserved, 1244160K highmem)
+Memory: 1993472K/2096128K available (10240K kernel code, 1563K rwdata, 4464K rodata, 2048K init, 402K bss, 37120K reserved, 65536K cma-reserved, 1244160K highmem)
 Virtual kernel memory layout:
     vector  : 0xffff0000 - 0xffff1000   (   4 kB)
     fixmap  : 0xffc00000 - 0xfff00000   (3072 kB)
@@ -94,8 +94,8 @@
     modules : 0xbf000000 - 0xbfe00000   (  14 MB)
       .text : 0xc0208000 - 0xc0d00000   (11232 kB)
       .init : 0xc1200000 - 0xc1400000   (2048 kB)
-      .data : 0xc1400000 - 0xc1586ce0   (1564 kB)
-       .bss : 0xc158fc98 - 0xc15f46fc   ( 403 kB)
+      .data : 0xc1400000 - 0xc1586ca0   (1564 kB)
+       .bss : 0xc158fca4 - 0xc15f473c   ( 403 kB)
 SLUB: HWalign=64, Order=0-3, MinObjects=0, CPUs=4, Nodes=1
 Hierarchical RCU implementation.
 	RCU event tracing is enabled.
@@ -313,16 +313,16 @@
 +VDD_5V_HDMI: supplied by sys_3v3,vdd_3v3_alw
 tegra-pcie 3000.pcie: 2x3 configuration
 mmc1: new high speed MMC card at address 0001
+tegra-pcie 3000.pcie: probing port 0, using 2 lanes
 mmcblk1: mmc1:0001 SEM16G 14.8 GiB 
 mmcblk1boot0: mmc1:0001 SEM16G partition 1 1.00 MiB
-tegra-pcie 3000.pcie: probing port 0, using 2 lanes
 mmcblk1boot1: mmc1:0001 SEM16G partition 2 1.00 MiB
 mmcblk1rpmb: mmc1:0001 SEM16G partition 3 128 KiB
 Primary GPT is invalid, using alternate GPT.
  mmcblk1: p1 p2 p3 p4 p5
 mmc0: new ultra high speed DDR50 SDHC card at address aaaa
-mmcblk0: mmc0:aaaa SS04G 3.69 GiB 
 tegra-pcie 3000.pcie: probing port 2, using 2 lanes
+mmcblk0: mmc0:aaaa SS04G 3.69 GiB 
  mmcblk0: p1 p2 p3
 tegra-pcie 3000.pcie: link 2 down, retrying
 tegra-pcie 3000.pcie: link 2 down, retrying
@@ -395,5 +395,5 @@
 Freeing unused kernel memory: 2048K
 bash: cannot set terminal process group (-1): Inappropriate ioctl for device
 bash: no job control in this shell
-root@(none):/# [    4.073776] usb 2-1: new high-speed USB device number 2 using tegra-ehci
+root@(none):/# [    4.053758] usb 2-1: new high-speed USB device number 2 using tegra-ehci
 asix 2-1:1.0 eth1: register 'asix' at usb-7d008000.usb-1, ASIX AX88772 USB 2.0 Ethernet, 00:50:b6:0f:67:60
Diff for ./tegra30-beaver/tegra30-beaver/tegra_defconfig_log.txt
--- /tmp/fooa	2017-07-24 22:28:11.660607170 -0700
+++ /tmp/foob	2017-07-24 22:28:11.664607184 -0700
@@ -38,20 +38,20 @@
 	 #################################################################
 	 #################################################################
 	 ##############################
-	 3.2 MiB/s
+	 3.1 MiB/s
 done
-Bytes transferred = 6151648 (5ddde0 hex)
+Bytes transferred = 6151504 (5ddd50 hex)
 Tegra30 (Beaver) # tftpboot 0x82000000 tegra30-beaver.dtb
 Using asx0 device
 TFTP from server 192.168.100.1; our IP address is 192.168.100.101
 Filename 'tegra30-beaver.dtb'.
 Load address: 0x82000000
 Loading: *####
-	 3.1 MiB/s
+	 2.9 MiB/s
 done
 Bytes transferred = 51848 (ca88 hex)
 Tegra30 (Beaver) # bootz 0x81000000 - 0x82000000
-Kernel image @ 0x81000000 [ 0x000000 - 0x5ddde0 ]
+Kernel image @ 0x81000000 [ 0x000000 - 0x5ddd50 ]
 ## Flattened Device Tree blob at 82000000
    Booting using the fdt blob at 0x82000000
    Loading Device Tree to 8fff0000, end 8ffffa87 ... OK
@@ -60,7 +60,7 @@
 
 Uncompressing Linux... done, booting the kernel.
 Booting Linux on physical CPU 0x0
-Linux version 4.13.0-rc2-next-20170724-187705-g047a0f6 (jonathanh@kaivo) (gcc version 4.7.3 20130328 (prerelease) (crosstool-NG linaro-1.13.1-4.7-2013.04-20130415 - Linaro GCC 2013.04)) #1 SMP PREEMPT Sun Jul 23 22:34:25 PDT 2017
+Linux version 4.13.0-rc2-next-20170725-187940-gdce9071 (jonathanh@kaivo) (gcc version 4.7.3 20130328 (prerelease) (crosstool-NG linaro-1.13.1-4.7-2013.04-20130415 - Linaro GCC 2013.04)) #1 SMP PREEMPT Mon Jul 24 22:21:07 PDT 2017
 CPU: ARMv7 Processor [412fc099] revision 9 (ARMv7), cr=10c5387d
 CPU: PIPT / VIPT nonaliasing data cache, VIPT aliasing instruction cache
 OF: fdt: Machine model: NVIDIA Tegra30 Beaver evaluation board
@@ -74,7 +74,7 @@
   Normal zone: 0 pages reserved
   Normal zone: 196608 pages, LIFO batch:31
   HighMem zone: 327424 pages, LIFO batch:31
-percpu: Embedded 17 pages/cpu @eef86000 s39424 r8192 d22016 u69632
+percpu: Embedded 17 pages/cpu @eef87000 s39424 r8192 d22016 u69632
 pcpu-alloc: s39424 r8192 d22016 u69632 alloc=17*4096
 pcpu-alloc: [0] 0 [0] 1 [0] 2 [0] 3 
 Built 1 zonelists in Zone order, mobility grouping on.  Total pages: 522496
@@ -82,7 +82,7 @@
 PID hash table entries: 4096 (order: 2, 16384 bytes)
 Dentry cache hash table entries: 131072 (order: 7, 524288 bytes)
 Inode-cache hash table entries: 65536 (order: 6, 262144 bytes)
-Memory: 1998476K/2096128K available (9216K kernel code, 744K rwdata, 2736K rodata, 1024K init, 299K bss, 32116K reserved, 65536K cma-reserved, 1244160K highmem)
+Memory: 1998480K/2096128K available (9216K kernel code, 744K rwdata, 2736K rodata, 1024K init, 299K bss, 32112K reserved, 65536K cma-reserved, 1244160K highmem)
 Virtual kernel memory layout:
     vector  : 0xffff0000 - 0xffff1000   (   4 kB)
     fixmap  : 0xffc00000 - 0xfff00000   (3072 kB)
@@ -389,4 +389,4 @@
 Freeing unused kernel memory: 1024K
 bash: cannot set terminal process group (-1): Inappropriate ioctl for device
 bash: no job control in this shell
-root@(none):/# [    4.360693] usb 2-1: new high-speed USB device number 2 using tegra-ehci
+root@(none):/# [    4.360675] usb 2-1: new high-speed USB device number 2 using tegra-ehci
