
U-Boot SPL 2014.01-00219-gc4d376f (Feb 18 2014 - 19:57:32)


U-Boot 2014.01-00219-gc4d376f (Feb 18 2014 - 19:57:32)

TEGRA114
Board: NVIDIA Dalmore
I2C:   ready
DRAM:  2 GiB
MMC:   Tegra SD/MMC: 0, Tegra SD/MMC: 1
In:    serial
Out:   serial
Err:   serial
Net:   Net Initialization Skipped
No ethernet found.
Hit any key to stop autoboot:  2  0 
Tegra114 (Dalmore) # 
Tegra114 (Dalmore) # usb reset
(Re)start USB...
USB0:   USB EHCI 1.10
scanning bus 0 for devices... 2 USB Device(s) found
       scanning usb for storage devices... 0 Storage Device(s) found
       scanning usb for ethernet devices... 
Warning: asx0 using MAC address from net device
1 Ethernet Device(s) found
Tegra114 (Dalmore) # setenv bootargs 'ignore_loglevel console=ttyS0,115200n8 rw root=PARTUUID=7369c667-ff51-ec4a-29cd-baabf2fbe346 rootwait gpt debug earlyprintk init=/bin/bash'
Tegra114 (Dalmore) # setenv ipaddr 192.168.100.100; setenv serverip 192.168.100.1; setenv tftpserverip 192.168.100.1
Tegra114 (Dalmore) # tftpboot 0x81000000 zImage.tegra_defconfig
Using asx0 device
TFTP from server 192.168.100.1; our IP address is 192.168.100.100
Filename 'zImage.tegra_defconfig'.
Load address: 0x81000000
Loading: *#################################################################
	 #################################################################
	 #################################################################
	 #################################################################
	 #################################################################
	 #################################################
	 3.1 MiB/s
done
Bytes transferred = 5480000 (539e40 hex)
Tegra114 (Dalmore) # tftpboot 0x82000000 tegra114-dalmore.dtb
Using asx0 device
TFTP from server 192.168.100.1; our IP address is 192.168.100.100
Filename 'tegra114-dalmore.dtb'.
Load address: 0x82000000
Loading: *###
	 3 MiB/s
done
Bytes transferred = 35044 (88e4 hex)
Tegra114 (Dalmore) # bootz 0x81000000 - 0x82000000
Kernel image @ 0x81000000 [ 0x000000 - 0x539e40 ]
## Flattened Device Tree blob at 82000000
   Booting using the fdt blob at 0x82000000
   Loading Device Tree to 8fff4000, end 8ffff8e3 ... OK

Starting kernel ...

Uncompressing Linux... done, booting the kernel.
[    0.000000] Booting Linux on physical CPU 0x0
[    0.000000] Linux version 4.9.0-rc5-next-20161114-133832-gb60de3e (pwalmsley@kaivo) (gcc version 4.7.3 20130328 (prerelease) (crosstool-NG linaro-1.13.1-4.7-2013.04-20130415 - Linaro GCC 2013.04) ) #1 SMP PREEMPT Sun Nov 13 23:49:00 PST 2016
[    0.000000] CPU: ARMv7 Processor [412fc0f2] revision 2 (ARMv7), cr=10c5387d
[    0.000000] CPU: div instructions available: patching division code
[    0.000000] CPU: PIPT / VIPT nonaliasing data cache, PIPT instruction cache
[    0.000000] OF: fdt:Machine model: NVIDIA Tegra114 Dalmore evaluation board
[    0.000000] debug: ignoring loglevel setting.
[    0.000000] bootconsole [earlycon0] enabled
[    0.000000] cma: Reserved 64 MiB at 0xfbc00000
[    0.000000] Memory policy: Data cache writealloc
[    0.000000] On node 0 totalpages: 524032
[    0.000000] free_area_init_node: node 0, pgdat c0d5e1c0, node_mem_map eeff7000
[    0.000000]   Normal zone: 1536 pages used for memmap
[    0.000000]   Normal zone: 0 pages reserved
[    0.000000]   Normal zone: 196608 pages, LIFO batch:31
[    0.000000]   HighMem zone: 327424 pages, LIFO batch:31
[    0.000000] percpu: Embedded 14 pages/cpu @eefa3000 s26240 r8192 d22912 u57344
[    0.000000] pcpu-alloc: s26240 r8192 d22912 u57344 alloc=14*4096
[    0.000000] pcpu-alloc: [0] 0 [0] 1 [0] 2 [0] 3 
[    0.000000] Built 1 zonelists in Zone order, mobility grouping on.  Total pages: 522496
[    0.000000] Kernel command line: ignore_loglevel console=ttyS0,115200n8 rw root=PARTUUID=7369c667-ff51-ec4a-29cd-baabf2fbe346 rootwait gpt debug earlyprintk init=/bin/bash
[    0.000000] PID hash table entries: 4096 (order: 2, 16384 bytes)
[    0.000000] Dentry cache hash table entries: 131072 (order: 7, 524288 bytes)
[    0.000000] Inode-cache hash table entries: 65536 (order: 6, 262144 bytes)
[    0.000000] Memory: 1999960K/2096128K available (8192K kernel code, 382K rwdata, 2468K rodata, 1024K init, 370K bss, 30632K reserved, 65536K cma-reserved, 1244160K highmem)
[    0.000000] Virtual kernel memory layout:
[    0.000000]     vector  : 0xffff0000 - 0xffff1000   (   4 kB)
[    0.000000]     fixmap  : 0xffc00000 - 0xfff00000   (3072 kB)
[    0.000000]     vmalloc : 0xf0800000 - 0xff800000   ( 240 MB)
[    0.000000]     lowmem  : 0xc0000000 - 0xf0000000   ( 768 MB)
[    0.000000]     pkmap   : 0xbfe00000 - 0xc0000000   (   2 MB)
[    0.000000]     modules : 0xbf000000 - 0xbfe00000   (  14 MB)
[    0.000000]       .text : 0xc0008000 - 0xc0900000   (9184 kB)
[    0.000000]       .init : 0xc0c00000 - 0xc0d00000   (1024 kB)
[    0.000000]       .data : 0xc0d00000 - 0xc0d5f880   ( 383 kB)
[    0.000000]        .bss : 0xc0d61000 - 0xc0dbdb1c   ( 371 kB)
[    0.000000] Preemptible hierarchical RCU implementation.
[    0.000000] 	Build-time adjustment of leaf fanout to 32.
[    0.000000] NR_IRQS:16 nr_irqs:16 16
[    0.000000] /interrupt-controller@60004000: 160 interrupts forwarded to /interrupt-controller@50041000
[    0.000000] Tegra clk 127: register failed with -17
[    0.000008] sched_clock: 32 bits at 1000kHz, resolution 1000ns, wraps every 2147483647500ns
[    0.007769] clocksource: timer_us: mask: 0xffffffff max_cycles: 0xffffffff, max_idle_ns: 1911260446275 ns
[    0.017385] Switching to timer-based delay loop, resolution 1000ns
[    0.024444] arm_arch_timer: Architected cp15 timer(s) running at 12.00MHz (virt).
[    0.031167] clocksource: arch_sys_counter: mask: 0xffffffffffffff max_cycles: 0x2c47f4ee7, max_idle_ns: 440795202497 ns
[    0.042002] sched_clock: 56 bits at 12MHz, resolution 83ns, wraps every 4398046511096ns
[    0.050056] Switching to timer-based delay loop, resolution 83ns
[    0.056562] Console: colour dummy device 80x30
[    0.060642] Calibrating delay loop (skipped), value calculated using timer frequency.. 24.00 BogoMIPS (lpj=120000)
[    0.071026] pid_max: default: 32768 minimum: 301
[    0.076220] Mount-cache hash table entries: 2048 (order: 1, 8192 bytes)
[    0.082397] Mountpoint-cache hash table entries: 2048 (order: 1, 8192 bytes)
[    0.090902] CPU: Testing write buffer coherency: ok
[    0.094702] /cpus/cpu@0 missing clock-frequency property
[    0.099818] /cpus/cpu@1 missing clock-frequency property
[    0.105213] /cpus/cpu@2 missing clock-frequency property
[    0.110567] /cpus/cpu@3 missing clock-frequency property
[    0.115937] CPU0: thread -1, cpu 0, socket 0, mpidr 80000000
[    0.146016] Setting up static identity map for 0x80100000 - 0x80100098
[    0.176458] Tegra Revision: A01 SKU: 0 CPU Process: 1 SoC Process: 0
[    0.181786] smp: Bringing up secondary CPUs ...
[    0.246634] CPU1: thread -1, cpu 1, socket 0, mpidr 80000001
[    0.316723] CPU2: thread -1, cpu 2, socket 0, mpidr 80000002
[    0.386835] CPU3: thread -1, cpu 3, socket 0, mpidr 80000003
[    0.386927] smp: Brought up 1 node, 4 CPUs
[    0.406361] SMP: Total of 4 processors activated (96.00 BogoMIPS).
[    0.412610] CPU: All CPU(s) started in SVC mode.
[    0.419124] devtmpfs: initialized
[    0.447007] VFP support v0.3: implementor 41 architecture 4 part 30 variant f rev 0
[    0.453383] clocksource: jiffies: mask: 0xffffffff max_cycles: 0xffffffff, max_idle_ns: 19112604462750000 ns
[    0.463968] pinctrl core: initialized pinctrl subsystem
[    0.469762] NET: Registered protocol family 16
[    0.473801] DMA: preallocated 256 KiB pool for atomic coherent allocations
[    0.482940] cpuidle: using governor menu
[    0.529020] No ATAGs?[    0.529228] hw-breakpoint: found 5 (+1 reserved) breakpoint and 4 watchpoint registers.
[    0.537289] hw-breakpoint: maximum watchpoint size is 8 bytes.
[    0.544224] tegra-mc 70019000.memory-controller: no memory timings for RAM code 3 registered
[    0.578090] dvdd_ts: Failed to request enable GPIO61: -517
[    0.581777] reg-fixed-voltage regulators:regulator@1: Failed to register regulator: -517
[    0.590011] usb1_vbus: Failed to request enable GPIO108: -517
[    0.595726] reg-fixed-voltage regulators:regulator@3: Failed to register regulator: -517
[    0.603961] usb2_vbus: Failed to request enable GPIO86: -517
[    0.609591] reg-fixed-voltage regulators:regulator@4: Failed to register regulator: -517
[    0.618394] VDD_5V0_HDMI_CON: Failed to request enable GPIO81: -517
[    0.624065] reg-fixed-voltage regulators:regulator@7: Failed to register regulator: -517
[    0.633845] vgaarb: loaded
[    0.636046] SCSI subsystem initialized
[    0.639041] libata version 3.00 loaded.
[    0.643291] usbcore: registered new interface driver usbfs
[    0.648389] usbcore: registered new interface driver hub
[    0.653730] usbcore: registered new device driver usb
[    0.663112] tps65090 2-0048: No cache defaults, reading back from HW
[    0.669790] TPS65090_RAILSDCDC1: supplied by vdd_ac_bat
[    0.673955] vdd_hdmi_5v0: supplied by vdd-sys-5v0
[    0.678766] TPS65090_RAILSDCDC2: supplied by vdd_ac_bat
[    0.684543] TPS65090_RAILSDCDC3: supplied by vdd_ac_bat
[    0.689281] TPS65090_RAILSFET1: supplied by vdd_ac_bat
[    0.694319] TPS65090_RAILSFET2: supplied by vdd_ac_bat
[    0.699538] TPS65090_RAILSFET3: supplied by vdd-sys-3v3
[    0.704974] TPS65090_RAILSFET4: supplied by vdd-sys-3v3
[    0.710263] TPS65090_RAILSFET5: supplied by vdd-sys-3v3
[    0.715552] TPS65090_RAILSFET6: supplied by vdd-sys-3v3
[    0.721157] TPS65090_RAILSFET7: supplied by vdd-sys-3v3
[    0.726110] TPS65090_RAILSLDO1: supplied by vdd_ac_bat
[    0.731006] TPS65090_RAILSLDO2: supplied by vdd_ac_bat
[    0.737022] palmas 2-0058: Irq flag is 0x00000004
[    0.742960] palmas 2-0058: Muxing GPIO ff, PWM 0, LED 0
[    0.749206] SMPS12: supplied by vdd-ao
[    0.753017] SMPS3: supplied by vdd-ao
[    0.756867] SMPS457: supplied by vdd-sys-3v3
[    0.762690] SMPS8: supplied by vdd-sys-3v3
[    0.765924] random: fast init done
[    0.769337] SMPS9: supplied by vdd-sys-3v3
[    0.773141] sdhci-vdd-sd-slot: Bringing 2840000uV into 2800000-2800000uV
[    0.782894] LDO1: supplied by vdd-sys-3v3
[    0.786517] LDO2: supplied by vdd-sys-3v3
[    0.790605] LDO3: supplied by vddio-1v8
[    0.794508] LDO4: supplied by vdd-sys-3v3
[    0.798570] LDO5: supplied by vdd_ac_bat
[    0.802119] LDO6: supplied by vdd-sys-3v3
[    0.805739] vdd-sensor-2v85: Bringing 2900000uV into 2850000-2850000uV
[    0.813417] LDO7: supplied by vdd-sys-3v3
[    0.817840] LDO8: supplied by vdd-ao
[    0.820133] vdd-rtc: Bringing 675000uV into 900000-900000uV
[    0.836840] LDO9: supplied by sdhci-vdd-sd-slot
[    0.847168] LDOLN: supplied by vdd-sys-5v0
[    0.850885] LDOUSB: supplied by vdd-sys-5v0
[    0.860949] Linux video capture interface: v2.00
[    0.863835] pps_core: LinuxPPS API ver. 1 registered
[    0.868789] pps_core: Software ver. 5.3.6 - Copyright 2005-2007 Rodolfo Giometti <giometti@linux.it>
[    0.878001] PTP clock support registered
[    0.882889] Advanced Linux Sound Architecture Driver Initialized.
[    0.889606] Bluetooth: Core ver 2.22
[    0.891795] NET: Registered protocol family 31
[    0.896260] Bluetooth: HCI device and connection manager initialized
[    0.902667] Bluetooth: HCI socket layer initialized
[    0.907621] Bluetooth: L2CAP socket layer initialized
[    0.912749] Bluetooth: SCO socket layer initialized
[    0.919210] clocksource: Switched to clocksource arch_sys_counter
[    0.946513] NET: Registered protocol family 2
[    0.950384] TCP established hash table entries: 8192 (order: 3, 32768 bytes)
[    0.956242] TCP bind hash table entries: 8192 (order: 4, 65536 bytes)
[    0.962854] TCP: Hash tables configured (established 8192 bind 8192)
[    0.969525] UDP hash table entries: 512 (order: 2, 16384 bytes)
[    0.975078] UDP-Lite hash table entries: 512 (order: 2, 16384 bytes)
[    0.981867] NET: Registered protocol family 1
[    0.986702] RPC: Registered named UNIX socket transport module.
[    0.991885] RPC: Registered udp transport module.
[    0.996624] RPC: Registered tcp transport module.
[    1.001407] RPC: Registered tcp NFSv4.1 backchannel transport module.
[    1.007895] PCI: CLS 0 bytes, default 64
[    1.015992] futex hash table entries: 1024 (order: 4, 65536 bytes)
[    1.021371] workingset: timestamp_bits=30 max_order=19 bucket_order=0
[    1.028264] squashfs: version 4.0 (2009/01/31) Phillip Lougher
[    1.033643] NFS: Registering the id_resolver key type
[    1.037877] Key type id_resolver registered
[    1.042172] Key type id_legacy registered
[    1.050528] bounce: pool size: 64 pages
[    1.052541] io scheduler noop registered (default)
[    1.080963] tegra-apbdma 6000a000.dma: Tegra20 APB DMA driver register 32 channels
[    1.087485] tegra-pmc 7000e400.pmc: i2c-thermtrip node not found, emergency thermal reset disabled.
[    1.096496] Serial: 8250/16550 driver, 4 ports, IRQ sharing disabled
[    1.105662] console [ttyS0] disabled
[    1.107458] 70006300.serial: ttyS0 at MMIO 0x70006300 (irq = 329, base_baud = 25500000) is a Tegra
[    1.116489] console [ttyS0] enabled
[    1.116489] console [ttyS0] enabled
[    1.122803] bootconsole [earlycon0] disabled
[    1.122803] bootconsole [earlycon0] disabled
[    1.133681] [drm] Initialized
[    1.137942] tegra-hdmi 54280000.hdmi: failed to get HDMI regulator
[    1.167357] loop: module loaded
[    1.183377] m25p80 spi32766.0: w25q32dw (4096 Kbytes)
[    1.191966] libphy: Fixed MDIO Bus: probed
[    1.196059] CAN device driver interface
[    1.200007] igb: Intel(R) Gigabit Ethernet Network Driver - version 5.4.0-k
[    1.206956] igb: Copyright (c) 2007-2014 Intel Corporation.
[    1.212883] pegasus: v0.9.3 (2013/04/25), Pegasus/Pegasus II USB Ethernet driver
[    1.220411] usbcore: registered new interface driver pegasus
[    1.226205] usbcore: registered new interface driver asix
[    1.231757] usbcore: registered new interface driver ax88179_178a
[    1.237958] usbcore: registered new interface driver cdc_ether
[    1.243953] usbcore: registered new interface driver smsc75xx
[    1.249889] usbcore: registered new interface driver smsc95xx
[    1.255730] usbcore: registered new interface driver net1080
[    1.261513] usbcore: registered new interface driver cdc_subset
[    1.267525] usbcore: registered new interface driver zaurus
[    1.273297] usbcore: registered new interface driver cdc_ncm
[    1.279405] ehci_hcd: USB 2.0 'Enhanced' Host Controller (EHCI) Driver
[    1.285923] ehci-pci: EHCI PCI platform driver
[    1.290491] tegra-ehci: Tegra EHCI driver
[    1.295304] usbcore: registered new interface driver cdc_acm
[    1.300976] cdc_acm: USB Abstract Control Model driver for USB modems and ISDN adapters
[    1.309087] usbcore: registered new interface driver cdc_wdm
[    1.314908] usbcore: registered new interface driver usb-storage
[    1.321663] mousedev: PS/2 mouse device common for all mice
[    1.332319] palmas-rtc 7000d000.i2c:tps65913@58:rtc: rtc core: registered 7000d000.i2c:tps659 as rtc0
[    1.343293] tegra_rtc 7000e000.rtc: rtc core: registered 7000e000.rtc as rtc1
[    1.350569] tegra_rtc 7000e000.rtc: Tegra internal Real Time Clock
[    1.357092] i2c /dev entries driver
[    1.362085] usbcore: registered new interface driver uvcvideo
[    1.367821] USB Video Class driver (1.1.1)
[    1.371960] gspca_main: v2.14.0 registered
[    1.377062] sbs-battery 0-000b: sbs_probe: Failed to get device status
[    1.383619] sbs-battery: probe of 0-000b failed with error -121
[    1.395771] tegra-wdt 60005000.timer: initialized (heartbeat = 120 sec, nowayout = 0)
[    1.404366] sdhci: Secure Digital Host Controller Interface driver
[    1.410641] sdhci: Copyright(c) Pierre Ossman
[    1.414992] sdhci-pltfm: SDHCI platform and OF driver helper
[    1.421015] sdhci-tegra 78000400.sdhci: Got CD GPIO
[    1.425902] sdhci-tegra 78000400.sdhci: Got WP GPIO
[    1.431993] mmc0: Invalid maximum block size, assuming 512 bytes
[    1.499473] mmc0: SDHCI controller on 78000400.sdhci [78000400.sdhci] using ADMA
[    1.513345] mmc1: Invalid maximum block size, assuming 512 bytes
[    1.589290] mmc1: SDHCI controller on 78000600.sdhci [78000600.sdhci] using ADMA
[    1.608957] usbcore: registered new interface driver usbhid
[    1.616589] usbhid: USB HID core driver
[    1.661537] mmc0: new high speed SDHC card at address aaaa
[    1.667973] mmcblk0: mmc0:aaaa SL16G 14.8 GiB 
[    1.689671] mmc1: new high speed MMC card at address 0001
[    1.696082] mmcblk1: mmc1:0001 SEM32G 29.1 GiB 
[    1.700829]  mmcblk0: p1 p2 p3
[    1.705910] mmcblk1boot0: mmc1:0001 SEM32G partition 1 4.00 MiB
[    1.712292] mmcblk1boot1: mmc1:0001 SEM32G partition 2 4.00 MiB
[    1.718632] mmcblk1rpmb: mmc1:0001 SEM32G partition 3 4.00 MiB
[    1.727478]  mmcblk1: p1 p2 p3 p4 p5 p6 p7 p8
[    2.073292] tegra30-i2s 70080400.i2s: DMA channels sourced from device 70080000.ahub
[    2.090268] tegra-snd-rt5640 sound: rt5640-aif1 <-> 70080400.i2s mapping ok
[    2.102709] input: NVIDIA Tegra Dalmore Headphones as /devices/soc0/sound/sound/card0/input0
[    2.113809] NET: Registered protocol family 10
[    2.159233] IPv6: Attempt to unregister permanent protocol 6
[    2.164936] IPv6: Attempt to unregister permanent protocol 136
[    2.170827] IPv6: Attempt to unregister permanent protocol 17
[    2.569302] NET: Unregistered protocol family 10
[    2.574085] IPv6: ah6_init: can't add xfrm type
[    2.578608] IPv6: esp6_init: can't add xfrm type
[    2.583243] IPv6: ipcomp6_init: can't add xfrm type
[    2.588230] mip6: Mobile IPv6
[    2.591218] mip6: mip6_init: can't add xfrm type(destopt)
[    2.596607] sit: IPv6, IPv4 and MPLS over IPv4 tunneling driver
[    2.605013] NET: Registered protocol family 17
[    2.609506] NET: Registered protocol family 15
[    2.613944] can: controller area network core (rev 20120528 abi 9)
[    2.620313] NET: Registered protocol family 29
[    2.624753] can: raw protocol (rev 20120528)
[    2.629016] can: broadcast manager protocol (rev 20160617 t)
[    2.634699] can: netlink gateway (rev 20130117) max_hops=1
[    2.640383] Bluetooth: RFCOMM socket layer initialized
[    2.645539] Bluetooth: RFCOMM ver 1.11
[    2.649317] Bluetooth: BNEP (Ethernet Emulation) ver 1.3
[    2.654634] Bluetooth: BNEP socket layer initialized
[    2.659610] Bluetooth: HIDP (Human Interface Emulation) ver 1.2
[    2.665533] Bluetooth: HIDP socket layer initialized
[    2.670810] Key type dns_resolver registered
[    2.676299] Registering SWP/SWPB emulation handler
[    2.699560] usb1_vbus: supplied by vdd-sys-5v0
[    2.705157] usb2_vbus: supplied by vdd-sys-5v0
[    2.713010] VDD_5V0_HDMI_CON: supplied by vdd-sys-5v0
[    2.724537] [drm] Supports vblank timestamp caching Rev 2 (21.10.2013).
[    2.731203] [drm] No driver support for vblank timestamp query.
[    2.798506] Console: switching to colour frame buffer device 240x75
[    2.826088] drm drm: fb0:  frame buffer device
[    2.830711] [drm] Initialized tegra 0.0.0 20120330 on minor 0
[    2.840098] tegra-ehci 7d008000.usb: EHCI Host Controller
[    2.845553] tegra-ehci 7d008000.usb: new USB bus registered, assigned bus number 1
[    2.853564] tegra-ehci 7d008000.usb: irq 339, io mem 0x7d008000
[    2.889347] tegra-ehci 7d008000.usb: USB 2.0 started, EHCI 1.10
[    2.897233] hub 1-0:1.0: USB hub found
[    2.901112] hub 1-0:1.0: 1 port detected
[    2.907219] input: gpio-keys as /devices/soc0/gpio-keys/input/input1
[    2.916460] palmas-rtc 7000d000.i2c:tps65913@58:rtc: setting system clock to 2000-09-07 19:17:13 UTC (968354233)
[    2.932334] dvdd_ts: disabling
[    2.935394] usb1_vbus: disabling
[    2.938619] vdd_cam_1v8_reg: disabling
[    2.942397] ALSA device list:
[    2.945370]   #0: NVIDIA Tegra Dalmore
[    2.950645] EXT4-fs (mmcblk1p1): mounting ext3 file system using the ext4 subsystem
[    2.982706] EXT4-fs (mmcblk1p1): recovery complete
[    2.987509] EXT4-fs (mmcblk1p1): mounted filesystem with ordered data mode. Opts: (null)
[    2.995730] VFS: Mounted root (ext3 filesystem) on device 179:17.
[    3.007636] devtmpfs: mounted
[    3.011736] Freeing unused kernel memory: 1024K
bash: cannot set terminal process group (-1): Inappropriate ioctl for device
bash: no job control in this shell
root@(none):/# [    3.259354] usb 1-1: new high-speed USB device number 2 using tegra-ehci
[    3.937074] asix 1-1:1.0 eth0: register 'asix' at usb-7d008000.usb-1, ASIX AX88772 USB 2.0 Ethernet, 00:50:b6:0d:b5:16
mount -t sysfs none /sys
root@(none):/# 
root@(none):/# mount -t debugfs none /sys/kernel/debug
root@(none):/# 
root@(none):/# rtcwake -d rtc1 -m mem -s 3
rtcwake: assuming RTC uses UTC ...
rtcwake: wakeup from "mem" using /dev/rtc1 at Thu Jan  1 00:00:19 1970
[    6.235396] PM: Syncing filesystems ... done.
[    6.260914] Freezing user space processes ... (elapsed 0.001 seconds) done.
[    6.262257] Freezing remaining freezable tasks ... (elapsed 0.001 seconds) done.
[    6.262262] Suspending console(s) (use no_console_suspend to debug)
[    6.285688] asix 1-1:1.0 eth0: Failed to read reg index 0x0000: -19
[    6.285696] asix 1-1:1.0 eth0: Error reading Medium Status register: ffffffed
[    6.285706] asix 1-1:1.0 eth0: Failed to write reg index 0x0000: -19
[    6.285713] asix 1-1:1.0 eth0: Failed to write Medium Mode mode to 0xfeed: ffffffed
[    6.371272] PM: suspend of devices complete after 85.744 msecs
[    6.373200] PM: late suspend of devices complete after 1.911 msecs
[    6.374720] PM: noirq suspend of devices complete after 1.508 msecs
[    6.374724] Disabling non-boot CPUs ...
[    6.430160] CPU1: shutdown
[    6.520022] CPU2: shutdown
[    6.609725] IRQ17 no longer affine to CPU3
[    6.610057] CPU3: shutdown
[    6.661629] Entering suspend state LP1
[    6.661629] Suspended for 6.809 seconds
[    6.661673] Enabling non-boot CPUs ...
[    6.692133] CPU1 is up
[    6.732623] CPU2 is up
[    6.773210] CPU3 is up
[    6.774029] PM: noirq resume of devices complete after 0.808 msecs
[    6.776187] PM: early resume of devices complete after 1.499 msecs
[    7.352598] PM: resume of devices complete after 576.392 msecs
[    7.451787] Restarting tasks ... done.
root@(none):/# 
root@(none):/# rtcwake -d rtc1 -m mem -s 3
rtcwake: assuming RTC uses UTC ...
rtcwake: wakeup from "mem" using /dev/rtc1 at Thu Jan  1 00:00:28 1970
[    8.457607] PM: Syncing filesystems ... done.
[    8.480874] Freezing user space processes ... (elapsed 0.001 seconds) done.
[    8.482234] Freezing remaining freezable tasks ... (elapsed 0.001 seconds) done.
[    8.482238] Suspending console(s) (use no_console_suspend to debug)
[    8.506560] asix 1-1:1.0 eth0: Failed to read reg index 0x0000: -19
[    8.506570] asix 1-1:1.0 eth0: Error reading Medium Status register: ffffffed
[    8.506579] asix 1-1:1.0 eth0: Failed to write reg index 0x0000: -19
[    8.506586] asix 1-1:1.0 eth0: Failed to write Medium Mode mode to 0xfeed: ffffffed
[    8.591643] PM: suspend of devices complete after 85.262 msecs
[    8.593591] PM: late suspend of devices complete after 1.932 msecs
[    8.595124] PM: noirq suspend of devices complete after 1.522 msecs
[    8.595128] Disabling non-boot CPUs ...
[    8.629679] IRQ17 no longer affine to CPU1
[    8.630003] CPU1: shutdown
[    8.729940] CPU2: shutdown
[    8.839853] CPU3: shutdown
[    8.891401] Entering suspend state LP1
[    8.891401] Suspended for 8.353 seconds
[    8.891445] Enabling non-boot CPUs ...
[    8.922091] CPU1 is up
[    8.962573] CPU2 is up
[    9.003155] CPU3 is up
[    9.003899] PM: noirq resume of devices complete after 0.733 msecs
[    9.006152] PM: early resume of devices complete after 1.620 msecs
[    9.582038] PM: resume of devices complete after 575.868 msecs
[    9.681219] Restarting tasks ... done.
root@(none):/# 
root@(none):/# rtcwake -d rtc1 -m mem -s 3
rtcwake: assuming RTC uses UTC ...
rtcwake: wakeup from "mem" using /dev/rtc1 at Thu Jan  1 00:00:38 1970
[   10.106840] PM: Syncing filesystems ... done.
[   10.130835] Freezing user space processes ... (elapsed 0.001 seconds) done.
[   10.132204] Freezing remaining freezable tasks ... (elapsed 0.001 seconds) done.
[   10.132208] Suspending console(s) (use no_console_suspend to debug)
[   10.155841] asix 1-1:1.0 eth0: Failed to read reg index 0x0000: -19
[   10.155850] asix 1-1:1.0 eth0: Error reading Medium Status register: ffffffed
[   10.155859] asix 1-1:1.0 eth0: Failed to write reg index 0x0000: -19
[   10.155867] asix 1-1:1.0 eth0: Failed to write Medium Mode mode to 0xfeed: ffffffed
[   10.241475] PM: suspend of devices complete after 85.820 msecs
[   10.243315] PM: late suspend of devices complete after 1.823 msecs
[   10.244813] PM: noirq suspend of devices complete after 1.488 msecs
[   10.244818] Disabling non-boot CPUs ...
[   10.279905] CPU1: shutdown
[   10.379895] CPU2: shutdown
[   10.479480] IRQ17 no longer affine to CPU3
[   10.479819] CPU3: shutdown
[   10.531373] Entering suspend state LP1
[   10.531373] Suspended for 6.776 seconds
[   10.531417] Enabling non-boot CPUs ...
[   10.562039] CPU1 is up
[   10.602507] CPU2 is up
[   10.643115] CPU3 is up
[   10.643784] PM: noirq resume of devices complete after 0.658 msecs
[   10.646082] PM: early resume of devices complete after 1.643 msecs
[   11.222813] PM: resume of devices complete after 576.713 msecs
[   11.321989] Restarting tasks ... done.
root@(none):/# 
root@(none):/# rtcwake -d rtc1 -m mem -s 3
rtcwake: assuming RTC uses UTC ...
rtcwake: wakeup from "mem" using /dev/rtc1 at Thu Jan  1 00:00:47 1970
[   12.325340] PM: Syncing filesystems ... done.
[   12.350782] Freezing user space processes ... (elapsed 0.001 seconds) done.
[   12.352154] Freezing remaining freezable tasks ... (elapsed 0.001 seconds) done.
[   12.352158] Suspending console(s) (use no_console_suspend to debug)
[   12.374372] asix 1-1:1.0 eth0: Failed to read reg index 0x0000: -19
[   12.374386] asix 1-1:1.0 eth0: Error reading Medium Status register: ffffffed
[   12.374396] asix 1-1:1.0 eth0: Failed to write reg index 0x0000: -19
[   12.374407] asix 1-1:1.0 eth0: Failed to write Medium Mode mode to 0xfeed: ffffffed
[   12.451410] PM: suspend of devices complete after 77.299 msecs
[   12.452905] PM: late suspend of devices complete after 1.484 msecs
[   12.454581] PM: noirq suspend of devices complete after 1.662 msecs
[   12.454586] Disabling non-boot CPUs ...
[   12.489849] CPU1: shutdown
[   12.589837] CPU2: shutdown
[   12.689423] IRQ17 no longer affine to CPU3
[   12.689759] CPU3: shutdown
[   12.741297] Entering suspend state LP1
[   12.741297] Suspended for 8.373 seconds
[   12.741341] Enabling non-boot CPUs ...
[   12.771995] CPU1 is up
[   12.812459] CPU2 is up
[   12.853069] CPU3 is up
[   12.853776] PM: noirq resume of devices complete after 0.696 msecs
[   12.855811] PM: early resume of devices complete after 1.387 msecs
[   13.438500] PM: resume of devices complete after 582.671 msecs
[   13.537666] Restarting tasks ... done.
root@(none):/# 
root@(none):/# rtcwake -d rtc1 -m mem -s 3
rtcwake: assuming RTC uses UTC ...
rtcwake: wakeup from "mem" using /dev/rtc1 at Thu Jan  1 00:00:57 1970
[   13.978790] PM: Syncing filesystems ... done.
[   14.000723] Freezing user space processes ... (elapsed 0.001 seconds) done.
[   14.002092] Freezing remaining freezable tasks ... (elapsed 0.001 seconds) done.
[   14.002096] Suspending console(s) (use no_console_suspend to debug)
[   14.027795] asix 1-1:1.0 eth0: Failed to read reg index 0x0000: -19
[   14.027804] asix 1-1:1.0 eth0: Error reading Medium Status register: ffffffed
[   14.027814] asix 1-1:1.0 eth0: Failed to write reg index 0x0000: -19
[   14.027825] asix 1-1:1.0 eth0: Failed to write Medium Mode mode to 0xfeed: ffffffed
[   14.111447] PM: suspend of devices complete after 83.901 msecs
[   14.113457] PM: late suspend of devices complete after 1.994 msecs
[   14.114955] PM: noirq suspend of devices complete after 1.486 msecs
[   14.114959] Disabling non-boot CPUs ...
[   14.169795] CPU1: shutdown
[   14.259781] CPU2: shutdown
[   14.359371] IRQ17 no longer affine to CPU3
[   14.359709] CPU3: shutdown
[   14.411242] Entering suspend state LP1
[   14.411242] Suspended for 6.747 seconds
[   14.411286] Enabling non-boot CPUs ...
[   14.441943] CPU1 is up
[   14.482402] CPU2 is up
[   14.522988] CPU3 is up
[   14.523663] PM: noirq resume of devices complete after 0.665 msecs
[   14.525798] PM: early resume of devices complete after 1.492 msecs
[   15.102268] PM: resume of devices complete after 576.449 msecs
[   15.201467] Restarting tasks ... done.
root@(none):/# 
root@(none):/# rtcwake -d rtc1 -m mem -s 3
rtcwake: assuming RTC uses UTC ...
rtcwake: wakeup from "mem" using /dev/rtc1 at Thu Jan  1 00:01:06 1970
[   16.207429] PM: Syncing filesystems ... done.
[   16.230666] Freezing user space processes ... (elapsed 0.001 seconds) done.
[   16.232034] Freezing remaining freezable tasks ... (elapsed 0.001 seconds) done.
[   16.232038] Suspending console(s) (use no_console_suspend to debug)
[   16.256383] asix 1-1:1.0 eth0: Failed to read reg index 0x0000: -19
[   16.256392] asix 1-1:1.0 eth0: Error reading Medium Status register: ffffffed
[   16.256402] asix 1-1:1.0 eth0: Failed to write reg index 0x0000: -19
[   16.256410] asix 1-1:1.0 eth0: Failed to write Medium Mode mode to 0xfeed: ffffffed
[   16.341129] PM: suspend of devices complete after 84.926 msecs
[   16.342801] PM: late suspend of devices complete after 1.655 msecs
[   16.344358] PM: noirq suspend of devices complete after 1.547 msecs
[   16.344362] Disabling non-boot CPUs ...
[   16.379748] CPU1: shutdown
[   16.479727] CPU2: shutdown
[   16.579316] IRQ17 no longer affine to CPU3
[   16.579654] CPU3: shutdown
[   16.631192] Entering suspend state LP1
[   16.631192] Suspended for 8.363 seconds
[   16.631236] Enabling non-boot CPUs ...
[   16.661883] CPU1 is up
[   16.702360] CPU2 is up
[   16.742946] CPU3 is up
[   16.743666] PM: noirq resume of devices complete after 0.710 msecs
[   16.745862] PM: early resume of devices complete after 1.546 msecs
[   17.322182] PM: resume of devices complete after 576.302 msecs
[   17.421309] Restarting tasks ... done.
root@(none):/# 
root@(none):/# rtcwake -d rtc1 -m mem -s 3
rtcwake: assuming RTC uses UTC ...
rtcwake: wakeup from "mem" using /dev/rtc1 at Thu Jan  1 00:01:16 1970
[   17.845710] PM: Syncing filesystems ... done.
[   17.870568] Freezing user space processes ... (elapsed 0.001 seconds) done.
[   17.871942] Freezing remaining freezable tasks ... (elapsed 0.001 seconds) done.
[   17.871946] Suspending console(s) (use no_console_suspend to debug)
[   17.894553] asix 1-1:1.0 eth0: Failed to read reg index 0x0000: -19
[   17.894561] asix 1-1:1.0 eth0: Error reading Medium Status register: ffffffed
[   17.894570] asix 1-1:1.0 eth0: Failed to write reg index 0x0000: -19
[   17.894577] asix 1-1:1.0 eth0: Failed to write Medium Mode mode to 0xfeed: ffffffed
[   17.981239] PM: suspend of devices complete after 86.860 msecs
[   17.982982] PM: late suspend of devices complete after 1.727 msecs
[   17.984513] PM: noirq suspend of devices complete after 1.520 msecs
[   17.984517] Disabling non-boot CPUs ...
[   18.019694] CPU1: shutdown
[   18.119668] CPU2: shutdown
[   18.229251] IRQ17 no longer affine to CPU3
[   18.229587] CPU3: shutdown
[   18.281149] Entering suspend state LP1
[   18.281149] Suspended for 6.766 seconds
[   18.281193] Enabling non-boot CPUs ...
[   18.311831] CPU1 is up
[   18.352315] CPU2 is up
[   18.392893] CPU3 is up
[   18.393668] PM: noirq resume of devices complete after 0.765 msecs
[   18.395832] PM: early resume of devices complete after 1.527 msecs
[   18.972204] PM: resume of devices complete after 576.355 msecs
[   19.071372] Restarting tasks ... done.
root@(none):/# 
root@(none):/# rtcwake -d rtc1 -m mem -s 3
rtcwake: assuming RTC uses UTC ...
rtcwake: wakeup from "mem" using /dev/rtc1 at Thu Jan  1 00:01:25 1970
[   20.127233] PM: Syncing filesystems ... done.
[   20.150558] Freezing user space processes ... (elapsed 0.001 seconds) done.
[   20.151930] Freezing remaining freezable tasks ... (elapsed 0.001 seconds) done.
[   20.151934] Suspending console(s) (use no_console_suspend to debug)
[   20.176269] asix 1-1:1.0 eth0: Failed to read reg index 0x0000: -19
[   20.176278] asix 1-1:1.0 eth0: Error reading Medium Status register: ffffffed
[   20.176287] asix 1-1:1.0 eth0: Failed to write reg index 0x0000: -19
[   20.176294] asix 1-1:1.0 eth0: Failed to write Medium Mode mode to 0xfeed: ffffffed
[   20.261021] PM: suspend of devices complete after 84.925 msecs
[   20.262880] PM: late suspend of devices complete after 1.842 msecs
[   20.264416] PM: noirq suspend of devices complete after 1.525 msecs
[   20.264420] Disabling non-boot CPUs ...
[   20.299637] CPU1: shutdown
[   20.409617] CPU2: shutdown
[   20.509207] IRQ17 no longer affine to CPU3
[   20.509551] CPU3: shutdown
[   20.561078] Entering suspend state LP1
[   20.561078] Suspended for 8.303 seconds
[   20.561122] Enabling non-boot CPUs ...
[   20.591761] CPU1 is up
[   20.632258] CPU2 is up
[   20.672834] CPU3 is up
[   20.673533] PM: noirq resume of devices complete after 0.689 msecs
[   20.675969] PM: early resume of devices complete after 1.808 msecs
[   21.252073] PM: resume of devices complete after 576.084 msecs
[   21.351318] Restarting tasks ... done.
root@(none):/# 
root@(none):/# rtcwake -d rtc1 -m mem -s 3
rtcwake: assuming RTC uses UTC ...
rtcwake: wakeup from "mem" using /dev/rtc1 at Thu Jan  1 00:01:35 1970
[   21.816570] PM: Syncing filesystems ... done.
[   21.840506] Freezing user space processes ... (elapsed 0.001 seconds) done.
[   21.841876] Freezing remaining freezable tasks ... (elapsed 0.001 seconds) done.
[   21.841880] Suspending console(s) (use no_console_suspend to debug)
[   21.865508] asix 1-1:1.0 eth0: Failed to read reg index 0x0000: -19
[   21.865517] asix 1-1:1.0 eth0: Error reading Medium Status register: ffffffed
[   21.865526] asix 1-1:1.0 eth0: Failed to write reg index 0x0000: -19
[   21.865533] asix 1-1:1.0 eth0: Failed to write Medium Mode mode to 0xfeed: ffffffed
[   21.941093] PM: suspend of devices complete after 75.750 msecs
[   21.942976] PM: late suspend of devices complete after 1.867 msecs
[   21.944473] PM: noirq suspend of devices complete after 1.486 msecs
[   21.944477] Disabling non-boot CPUs ...
[   21.979590] CPU1: shutdown
[   22.079566] CPU2: shutdown
[   22.189180] IRQ17 no longer affine to CPU3
[   22.189516] CPU3: shutdown
[   22.251066] Entering suspend state LP1
[   22.251066] Suspended for 6.726 seconds
[   22.251110] Enabling non-boot CPUs ...
[   22.281728] CPU1 is up
[   22.322197] CPU2 is up
[   22.362794] CPU3 is up
[   22.363521] PM: noirq resume of devices complete after 0.717 msecs
[   22.365637] PM: early resume of devices complete after 1.484 msecs
[   22.939986] PM: resume of devices complete after 574.332 msecs
[   23.039238] Restarting tasks ... done.
root@(none):/# 
root@(none):/# rtcwake -d rtc1 -m mem -s 3
rtcwake: assuming RTC uses UTC ...
rtcwake: wakeup from "mem" using /dev/rtc1 at Thu Jan  1 00:01:44 1970
[   24.087350] PM: Syncing filesystems ... done.
[   24.110457] Freezing user space processes ... (elapsed 0.001 seconds) done.
[   24.111828] Freezing remaining freezable tasks ... (elapsed 0.001 seconds) done.
[   24.111833] Suspending console(s) (use no_console_suspend to debug)
[   24.135890] asix 1-1:1.0 eth0: Failed to read reg index 0x0000: -19
[   24.135901] asix 1-1:1.0 eth0: Error reading Medium Status register: ffffffed
[   24.135911] asix 1-1:1.0 eth0: Failed to write reg index 0x0000: -19
[   24.135918] asix 1-1:1.0 eth0: Failed to write Medium Mode mode to 0xfeed: ffffffed
[   24.220947] PM: suspend of devices complete after 85.216 msecs
[   24.222793] PM: late suspend of devices complete after 1.830 msecs
[   24.224328] PM: noirq suspend of devices complete after 1.525 msecs
[   24.224333] Disabling non-boot CPUs ...
[   24.259545] CPU1: shutdown
[   24.359517] CPU2: shutdown
[   24.459104] IRQ17 no longer affine to CPU3
[   24.459437] CPU3: shutdown
[   24.511012] Entering suspend state LP1
[   24.511012] Suspended for 8.323 seconds
[   24.511056] Enabling non-boot CPUs ...
[   24.541676] CPU1 is up
[   24.582148] CPU2 is up
[   24.622739] CPU3 is up
[   24.623454] PM: noirq resume of devices complete after 0.704 msecs
[   24.625258] PM: early resume of devices complete after 1.152 msecs
[   25.200872] PM: resume of devices complete after 575.598 msecs
[   25.300191] Restarting tasks ... done.
root@(none):/# 
root@(none):/# NVTB SYSTEM SUSPEND TEST COMPLETE
