[0000.790] [TegraBoot] (version 23.00.2015.14-mobile-1ef66670)
[0000.795] Processing in cold boot mode Bootloader 2
[0000.800] A01Q Bootrom Patch rev = 3
[0000.803] Power-up reason: pmu watchdog
[0000.807] No Battery Present
[0000.809] Platform has Ddr4 type ram
[0000.813] max77620 disabling SD1 Remote Sense
[0000.817] Setting Ddr voltage to 1125mv
[0000.821] Serial Number of Pmic Max77663: 0x40daf
[0000.829] Entering ramdump check
[0000.832] Get RamDumpCarveOut = 0x0
[0000.835] RamDumpCarveOut=0x0,  RamDumperFlag=0xe59ff3f8
[0000.840] Last reboot was clean, booting normally!
[0000.845] Sdram initialization is successful 
[0000.849] SecureOs Carveout Base=0xff800000 Size=0x00800000
[0000.855] GSC1 Carveout Base=0xff700000 Size=0x00100000
[0000.880] GSC2 Carveout Base=0xff600000 Size=0x00100000
[0000.906] GSC3 Carveout Base=0xff500000 Size=0x00100000
[0000.911] GSC4 Carveout Base=0xff400000 Size=0x00100000
[0000.917] GSC5 Carveout Base=0xff300000 Size=0x00100000
[0000.922] BpmpFw Carveout Base=0xff2c0000 Size=0x00040000
[0000.927] Lp0 Carveout Base=0xff2bf000 Size=0x00001000
[0000.942] RamDump Carveout Base=0xff23f000 Size=0x00080000
[0000.948] Platform-DebugCarveout: 0
[0000.951] Nck Carveout Base=0xff03f000 Size=0x00200000
[0001.000] Using GPT Primary to query partitions 
[0001.006] Loading Tboot-CPU binary
[0001.055] Verifying bootloader in OdmNonSecureSBK mode
[0001.064] Bootloader load address is 0xa0000000,                            entry address is 0xa0000258
[0001.074] Bootloader downloaded successfully.
[0001.078] Downloaded Tboot-CPU binary to 0xa0000258
[0001.083] MAX77620_GPIO1 Configured.
[0001.087] MAX77620_GPIO5 Configured.
[0001.090] CPU power rail is up
[0001.093] CPU clock enabled
[0001.097] Performing RAM repair
[0001.100] Updating A64 Warmreset Address to 0xa00002e9
[0001.119] Bootloader DTB Load Address: 0x83000000
[0001.136] Kernel DTB Load Address: 0x83080000
[0001.141] Loading cboot binary
[0001.235] Verifying bootloader in OdmNonSecureSBK mode
[0001.323] Bootloader load address is 0x8010fda8,                            entry address is 0x80110000
[0001.332] Bootloader downloaded successfully.
[0001.336] GPT: Partition NOT found ! 
[0001.340] Find Partition via GPT Failed
[0001.343] function NvTbootGetBinaryOffsets: 0x845208 error
[0001.349] Error in NvTbootLoadBinary: 0x845208 !
[0001.353] GPT: Partition NOT found ! 
[0001.357] No FB partition
[0001.359] Next binary entry address: 0x80110000 
[0001.364] BoardId: 2595
[0001.369] dram memory type is 3
[0001.374] WB0 init successful
[0001.401] Bpmp FW successfully loaded
[0001.404] Set NvDecSticky Bits
[0001.407] GSC1 address : ff700000
[0001.411] GSC2 address : ff600000
[0001.415] GSC3 address : ff500000
[0001.419] GSC4 address : ff400000
[0001.422] GSC5 address : ff300000
[0001.426] GSC MC Settings done
[0001.431] TOS old plaintext Image length 61440
[0001.437] *** Secure OS image signature not verified ***
[0001.442] Loading and Validation of Secure OS Successful
[0001.447] NvTbootPackSdramParams: start. 
[0001.452] NvTbootPackSdramParams: done. 
[0001.456] Tegraboot started after 783486 us
[0001.460] Basic modules init took 348483 us
[0001.464] Sec Bootdevice Read Time = 202 ms, Read Size = 8459 KB
[0001.470] Next stage binary read took 14374 us
[0001.474] Carveout took 252725 us
[0001.477] CPU initialization took 92303 us
[0001.481] Total time taken by TegraBoot 707885 us

[0001.486] Starting CPU & Halting co-processor 

64b[0001.621] LPDDR4 Training: Number of tables = 10
[0001.625] EMC Training (SRC-freq: 204000; DST-freq: 408000)
[0001.632] EMC Training Successful
[0001.635] EMC Training (SRC-freq: 204000; DST-freq: 665600)
[0001.640] EMC Training Successful
[0001.644] EMC Training (SRC-freq: 204000; DST-freq: 800000)
[0001.655] EMC Training Successful
[0001.658] EMC Training (SRC-freq: 204000; DST-freq: 1065600)
[0001.681] EMC Training Successful
[0001.684] EMC Training (SRC-freq: 204000; DST-freq: 1331200)
[0001.705] EMC Training Successful
[0001.708] EMC Training (SRC-freq: 204000; DST-freq: 1600000)
[0001.728] EMC Training Successful
[0001.731] Switching to 800000 KHz Success
[0001.764] LPDDR4 Training: Number of tables = 10


U-Boot 2015.07-rc2-g2ac3917 (Nov 09 2015 - 13:12:08 -0800)

TEGRA210
Model: NVIDIA P2371-0000
DRAM:  3 GiB
MC:   Tegra SD/MMC: 0, Tegra SD/MMC: 1
*** Warning - bad CRC, using default environment

In:    serial
Out:   serial
Err:   serial
Net:   Net Initialization Skipped
No ethernet found.
Hit any key to stop autoboot:  2  0 
Tegra210 (P2371-0000) # 
Tegra210 (P2371-0000) # ums 0 mmc 0
UMS: disk start sector: 0x0, count: 0x1d5a000
|/-\|/-\/-\|/-\/-\|/-\/-\|/-\/-\|/-\/-\|/-\/-\|/-\/-\|/-\/-\|/-\/-\|/-\/-\|/-\/-\|/-\/-\|/-\/-\|/-\/-\|/-\/-\|/-\/-\|/-\/-\|/-\/-\|/-\/-\|/-\/-\|/-\/-\|/-\/-\|/-\/-\|/-\/-\|/-\/-\|/-\/-\|/-\/-\|/-\/-\CTRL+C - Operation aborted
Tegra210 (P2371-0000) # 
Tegra210 (P2371-0000) # env set fdt_copy_node_names /cpus:/psci
Tegra210 (P2371-0000) # setenv rootpart 1
Tegra210 (P2371-0000) # setenv devtype mmc
Tegra210 (P2371-0000) # setenv devnum 0
Tegra210 (P2371-0000) # part uuid ${devtype} ${devnum}:${rootpart} uuid
Tegra210 (P2371-0000) # setenv bootargs ignore_loglevel console=ttyS0,115200n8 earlycon=uart8250,mmio32,0x70006000 rw root=PARTUUID=00000000-0001-0000-788f-a75600000000 rootwait debug earlyprintk init=/bin/bash
Tegra210 (P2371-0000) # load ${devtype} ${devnum}:${rootpart} ${kernel_addr_r} /boot/Image.defconfig
12853248 bytes read in 752 ms (16.3 MiB/s)
Tegra210 (P2371-0000) # load ${devtype} ${devnum}:${rootpart} ${fdt_addr_r} /boot/tegra210-p2371-0000.dtb
37108 bytes read in 454 ms (79.1 KiB/s)
Tegra210 (P2371-0000) # load ${devtype} ${devnum}:${rootpart} ${ramdisk_addr_r} /boot/tegra-ramdisk.img
1627787 bytes read in 495 ms (3.1 MiB/s)
Tegra210 (P2371-0000) # ramdisk_size=${filesize}
Tegra210 (P2371-0000) # booti ${kernel_addr_r} - ${fdt_addr_r}
## Flattened Device Tree blob at 82000000
   Booting using the fdt blob at 0x82000000
   Using Device Tree in place at 0000000082000000, end 000000008200c0f3

Starting kernel ...

[    0.000000] Booting Linux on physical CPU 0x0
[    0.000000] Linux version 4.6.0-next-20160527+ (pwalmsley@tamien) (gcc version 4.9.2 20140904 (prerelease) (crosstool-NG linaro-1.13.1-4.9-2014.09 - Linaro GCC 4.9-2014.09) ) #1 SMP PREEMPT Tue May 31 05:13:53 PDT 2016
[    0.000000] Boot CPU: AArch64 Processor [411fd071]
[    0.000000] debug: ignoring loglevel setting.
[    0.000000] earlycon: uart8250 at MMIO32 0x0000000070006000 (options '')
[    0.000000] bootconsole [uart8250] enabled
[    0.000000] efi: Getting EFI parameters from FDT:
[    0.000000] efi: UEFI not found.
[    0.000000] cma: Reserved 16 MiB at 0x00000000fe000000
[    0.000000] On node 0 totalpages: 782848
[    0.000000]   DMA zone: 8192 pages used for memmap
[    0.000000]   DMA zone: 0 pages reserved
[    0.000000]   DMA zone: 520704 pages, LIFO batch:31
[    0.000000]   Normal zone: 4096 pages used for memmap
[    0.000000]   Normal zone: 262144 pages, LIFO batch:31
[    0.000000] psci: probing for conduit method from DT.
[    0.000000] psci: PSCIv0.2 detected in firmware.
[    0.000000] psci: Using standard PSCI v0.2 function IDs
[    0.000000] psci: MIGRATE_INFO_TYPE not supported.
[    0.000000] percpu: Embedded 20 pages/cpu @ffff8000bff56000 s42752 r8192 d30976 u81920
[    0.000000] pcpu-alloc: s42752 r8192 d30976 u81920 alloc=20*4096
[    0.000000] pcpu-alloc: [0] 0 [0] 1 [0] 2 [0] 3 
[    0.000000] Detected PIPT I-cache on CPU0
[    0.000000] CPU features: enabling workaround for ARM erratum 832075
[    0.000000] CPU features: enabling workaround for ARM erratum 834220
[    0.000000] Built 1 zonelists in Zone order, mobility grouping on.  Total pages: 770560
[    0.000000] Kernel command line: ignore_loglevel console=ttyS0,115200n8 earlycon=uart8250,mmio32,0x70006000 rw root=PARTUUID=00000000-0001-0000-788f-a75600000000 rootwait debug earlyprintk init=/bin/bash
[    0.000000] log_buf_len individual max cpu contribution: 4096 bytes
[    0.000000] log_buf_len total cpu_extra contributions: 12288 bytes
[    0.000000] log_buf_len min size: 16384 bytes
[    0.000000] log_buf_len: 32768 bytes
[    0.000000] early log buf free: 14276(87%)
[    0.000000] PID hash table entries: 4096 (order: 3, 32768 bytes)
[    0.000000] Dentry cache hash table entries: 524288 (order: 10, 4194304 bytes)
[    0.000000] Inode-cache hash table entries: 262144 (order: 9, 2097152 bytes)
[    0.000000] software IO TLB [mem 0xfa000000-0xfe000000] (64MB) mapped at [ffff80007a000000-ffff80007dffffff]
[    0.000000] Memory: 2980144K/3131392K available (7492K kernel code, 648K rwdata, 3448K rodata, 960K init, 258K bss, 134864K reserved, 16384K cma-reserved)
[    0.000000] Virtual kernel memory layout:
[    0.000000]     modules : 0xffff000000000000 - 0xffff000008000000   (   128 MB)
[    0.000000]     vmalloc : 0xffff000008000000 - 0xffff7dffbfff0000   (129022 GB)
[    0.000000]       .text : 0xffff000008080000 - 0xffff0000087c0000   (  7424 KB)
[    0.000000]     .rodata : 0xffff0000087c0000 - 0xffff000008b30000   (  3520 KB)
[    0.000000]       .init : 0xffff000008b30000 - 0xffff000008c20000   (   960 KB)
[    0.000000]       .data : 0xffff000008c20000 - 0xffff000008cc2000   (   648 KB)
[    0.000000]        .bss : 0xffff000008cc2000 - 0xffff000008d02b40   (   259 KB)
[    0.000000]     fixed   : 0xffff7dfffe7fd000 - 0xffff7dfffec00000   (  4108 KB)
[    0.000000]     PCI I/O : 0xffff7dfffee00000 - 0xffff7dffffe00000   (    16 MB)
[    0.000000]     vmemmap : 0xffff7e0000000000 - 0xffff800000000000   (  2048 GB maximum)
[    0.000000]               0xffff7e0000000000 - 0xffff7e0003000000   (    48 MB actual)
[    0.000000]     memory  : 0xffff800000000000 - 0xffff8000c0000000   (  3072 MB)
[    0.000000] SLUB: HWalign=64, Order=0-3, MinObjects=0, CPUs=4, Nodes=1
[    0.000000] Preemptible hierarchical RCU implementation.
[    0.000000] 	Build-time adjustment of leaf fanout to 64.
[    0.000000] 	RCU restricting CPUs from NR_CPUS=64 to nr_cpu_ids=4.
[    0.000000] RCU: Adjusting geometry for rcu_fanout_leaf=64, nr_cpu_ids=4
[    0.000000] NR_IRQS:64 nr_irqs:64 0
[    0.000000] GIC: Using split EOI/Deactivate mode
[    0.000000] /interrupt-controller@60004000: 192 interrupts forwarded to /interrupt-controller@50041000
[    0.000000] PLL_MB already enabled. Postponing set full defaults
[    0.000000] PLL_U already enabled. Postponing set full defaults
[    0.000000] PLL_P already enabled. Postponing set full defaults
[    0.000000] PLL_X already enabled. Postponing set full defaults
[    0.000000] boot misc1 0x0: expected 0x20
[    0.000000]  (comparison mask = 0xffffff)
[    0.000000] Architected cp15 timer(s) running at 19.20MHz (phys).
[    0.000000] clocksource: arch_sys_counter: mask: 0xffffffffffffff max_cycles: 0x46d987e47, max_idle_ns: 440795202767 ns
[    0.000004] sched_clock: 56 bits at 19MHz, resolution 52ns, wraps every 4398046511078ns
[    0.008397] Console: colour dummy device 80x25
[    0.013006] Calibrating delay loop (skipped), value calculated using timer frequency.. 38.40 BogoMIPS (lpj=76800)
[    0.023624] pid_max: default: 32768 minimum: 301
[    0.028473] Security Framework initialized
[    0.032748] Mount-cache hash table entries: 8192 (order: 4, 65536 bytes)
[    0.039685] Mountpoint-cache hash table entries: 8192 (order: 4, 65536 bytes)
[    0.047871] ASID allocator initialised with 65536 entries
[    0.074187] Speedo Revision 4
[    0.077269] Tegra Revision: A01 SKU: 1 CPU Process: -22 SoC Process: -22
[    0.084678] EFI services will not be available.
[    0.113496] Detected PIPT I-cache on CPU1
[    0.113536] CPU1: Booted secondary processor [411fd071]
[    0.129525] Detected PIPT I-cache on CPU2
[    0.129558] CPU2: Booted secondary processor [411fd071]
[    0.145563] Detected PIPT I-cache on CPU3
[    0.145595] CPU3: Booted secondary processor [411fd071]
[    0.145665] Brought up 4 CPUs
[    0.177342] SMP: Total of 4 processors activated.
[    0.182207] CPU features: detected feature: 32-bit EL0 Support
[    0.188240] CPU: All CPU(s) started at EL2
[    0.192492] alternatives: patching kernel code
[    0.199912] devtmpfs: initialized
[    0.211080] DMI not present or invalid.
[    0.215247] clocksource: jiffies: mask: 0xffffffff max_cycles: 0xffffffff, max_idle_ns: 7645041785100000 ns
[    0.225692] pinctrl core: initialized pinctrl subsystem
[    0.232355] NET: Registered protocol family 16
[    0.249006] cpuidle: using governor menu
[    0.253243] vdso: 2 pages (1 code @ ffff0000087c6000, 1 data @ ffff000008c24000)
[    0.260900] hw-breakpoint: found 6 breakpoint and 4 watchpoint registers.
[    0.268670] DMA: preallocated 256 KiB pool for atomic allocations
[    0.275151] Serial: AMBA PL011 UART driver
[    0.311887] HugeTLB registered 2 MB page size, pre-allocated 0 pages
[    0.319264] ACPI: Interpreter disabled.
[    0.324175] vgaarb: loaded
[    0.327192] SCSI subsystem initialized
[    0.331213] libata version 3.00 loaded.
[    0.335443] usbcore: registered new interface driver usbfs
[    0.341177] usbcore: registered new interface driver hub
[    0.346735] usbcore: registered new device driver usb
[    0.352614] pps_core: LinuxPPS API ver. 1 registered
[    0.357749] pps_core: Software ver. 5.3.6 - Copyright 2005-2007 Rodolfo Giometti <giometti@linux.it>
[    0.367215] PTP clock support registered
[    0.371411] dmi: Firmware registration failed.
[    0.376143] Advanced Linux Sound Architecture Driver Initialized.
[    0.383155] clocksource: Switched to clocksource arch_sys_counter
[    0.389536] VFS: Disk quotas dquot_6.6.0
[    0.393650] VFS: Dquot-cache hash table entries: 512 (order 0, 4096 bytes)
[    0.400978] pnp: PnP ACPI: disabled
[    0.411783] NET: Registered protocol family 2
[    0.416771] TCP established hash table entries: 32768 (order: 6, 262144 bytes)
[    0.424448] TCP bind hash table entries: 32768 (order: 7, 524288 bytes)
[    0.431568] TCP: Hash tables configured (established 32768 bind 32768)
[    0.438405] UDP hash table entries: 2048 (order: 4, 65536 bytes)
[    0.444821] UDP-Lite hash table entries: 2048 (order: 4, 65536 bytes)
[    0.451652] NET: Registered protocol family 1
[    0.456418] RPC: Registered named UNIX socket transport module.
[    0.462581] RPC: Registered udp transport module.
[    0.467466] RPC: Registered tcp transport module.
[    0.472341] RPC: Registered tcp NFSv4.1 backchannel transport module.
[    0.479030] PCI: CLS 0 bytes, default 128
[    0.484291] kvm [1]: 8-bit VMID
[    0.487555] kvm [1]: Hyp mode initialized successfully
[    0.492924] kvm [1]: vgic-v2@50044000
[    0.496765] kvm [1]: vgic interrupt IRQ1
[    0.500916] kvm [1]: virtual timer IRQ4
[    0.507451] futex hash table entries: 1024 (order: 5, 131072 bytes)
[    0.514013] audit: initializing netlink subsys (disabled)
[    0.519655] audit: type=2000 audit(0.447:1): initialized
[    0.525548] workingset: timestamp_bits=44 max_order=20 bucket_order=0
[    0.542005] squashfs: version 4.0 (2009/01/31) Phillip Lougher
[    0.548872] NFS: Registering the id_resolver key type
[    0.554214] Key type id_resolver registered
[    0.558698] Key type id_legacy registered
[    0.563025] fuse init (API version 7.24)
[    0.567573] 9p: Installing v9fs 9p2000 file system support
[    0.575486] io scheduler noop registered
[    0.579739] io scheduler cfq registered (default)
[    0.594744] tegra-apbdma 60020000.dma: Tegra20 APB DMA driver register 32 channels
[    0.603201] tegra-pmc 7000e400.pmc: i2c-thermtrip node not found, emergency thermal reset disabled.
[    0.612767] xenfs: not registering filesystem on non-xen platform
[    0.622353] Serial: 8250/16550 driver, 4 ports, IRQ sharing disabled
[    0.630475] console [ttyS0] disabled
[    0.634218] 70006000.serial: ttyS0 at MMIO 0x70006000 (irq = 312, base_baud = 25500000) is a Tegra
[    0.643527] console [ttyS0] enabled
[    0.643527] console [ttyS0] enabled
[    0.650630] bootconsole [uart8250] disabled
[    0.650630] bootconsole [uart8250] disabled
[    0.659520] SuperH (H)SCI(F) driver initialized
[    0.664319] msm_serial: driver initialized
[    0.668784] Unable to detect cache hierarchy from DT for CPU 0
[    0.679227] loop: module loaded
[    0.684089] tun: Universal TUN/TAP device driver, 1.6
[    0.689159] tun: (C) 1999-2004 Max Krasnyansky <maxk@qualcomm.com>
[    0.695644] e1000e: Intel(R) PRO/1000 Network Driver - 3.2.6-k
[    0.701495] e1000e: Copyright(c) 1999 - 2015 Intel Corporation.
[    0.707471] igb: Intel(R) Gigabit Ethernet Network Driver - version 5.3.0-k
[    0.714434] igb: Copyright (c) 2007-2014 Intel Corporation.
[    0.720060] igbvf: Intel(R) Gigabit Virtual Function Network Driver - version 2.0.2-k
[    0.727890] igbvf: Copyright (c) 2009 - 2012 Intel Corporation.
[    0.733859] sky2: driver version 1.30
[    0.737930] VFIO - User Level meta-driver version: 0.3
[    0.743949] ehci_hcd: USB 2.0 'Enhanced' Host Controller (EHCI) Driver
[    0.750503] ehci-pci: EHCI PCI platform driver
[    0.754998] ehci-platform: EHCI generic platform driver
[    0.760311] ehci-msm: Qualcomm On-Chip EHCI Host Controller
[    0.765948] ohci_hcd: USB 1.1 'Open' Host Controller (OHCI) Driver
[    0.772139] ohci-pci: OHCI PCI platform driver
[    0.776630] ohci-platform: OHCI generic platform driver
[    0.782029] usbcore: registered new interface driver usb-storage
[    0.788849] mousedev: PS/2 mouse device common for all mice
[    0.794983] i2c /dev entries driver
[    0.799914] sdhci: Secure Digital Host Controller Interface driver
[    0.806120] sdhci: Copyright(c) Pierre Ossman
[    0.810516] Synopsys Designware Multimedia Card Interface Driver
[    0.816847] sdhci-pltfm: SDHCI platform and OF driver helper
[    0.822749] mmc0: Unknown controller version (3). You may experience problems.
[    0.867184] mmc0: SDHCI controller on 700b0600.sdhci [700b0600.sdhci] using ADMA 64-bit
[    0.875695] ledtrig-cpu: registered to indicate activity on CPUs
[    0.883865] usbcore: registered new interface driver usbhid
[    0.889445] usbhid: USB HID core driver
[    0.894724] NET: Registered protocol family 17
[    0.899257] 9pnet: Installing 9P2000 support
[    0.903598] Key type dns_resolver registered
[    0.908456] registered taskstats version 1
[    0.912825] hctosys: unable to open rtc device (rtc0)
[    0.924781] ALSA device list:
[    0.927773]   No soundcards found.
[    0.931437] Waiting for root device PARTUUID=00000000-0001-0000-788f-a75600000000...
[    0.957682] mmc0: new high speed MMC card at address 0001
[    0.963498] mmcblk0: mmc0:0001 SDW16G 14.7 GiB 
[    0.972225] mmcblk0boot0: mmc0:0001 SDW16G partition 1 4.00 MiB
[    0.978315] mmcblk0boot1: mmc0:0001 SDW16G partition 2 4.00 MiB
[    0.984402] mmcblk0rpmb: mmc0:0001 SDW16G partition 3 4.00 MiB
[    0.992555]  mmcblk0: p1 p2 p3 p4 p5 p6 p7 p8 p9 p10 p11 p12 p13 p14 p15 p16 p17 p18
[    1.045340] EXT4-fs (mmcblk0p1): couldn't mount as ext3 due to feature incompatibilities
[    1.069298] EXT4-fs (mmcblk0p1): mounted filesystem with ordered data mode. Opts: (null)
[    1.077412] VFS: Mounted root (ext4 filesystem) on device 179:1.
[    1.087047] devtmpfs: mounted
[    1.090587] Freeing unused kernel memory: 960K (ffff800000b30000 - ffff800000c20000)
bash: cannot set terminal process group (-1): Inappropriate ioctl for device
bash: no job control in this shell
root@(none):/# 