

U-Boot 2015.04-00466-gedec83e90172 (Mar 14 2016 - 10:42:01)

TEGRA124
Model: Acer Chromebook 13 CB5-311
DRAM:  4 GiB
C:   Tegra SD/MMC: 0, Tegra SD/MMC: 1, Tegra SD/MMC: 2
MMC init failed
Using default environment

In:    serial
Out:   serial
Err:   serial
Net:   Net Initialization Skipped
No ethernet found.
Hit any key to stop autoboot:  2  0 
Tegra124 (Nyan-big) # 
Tegra124 (Nyan-big) # usb start
starting USB...
USB0:   USB EHCI 1.10
scanning bus 0 for devices... 2 USB Device(s) found
USB1:   USB EHCI 1.10
scanning bus 1 for devices... 2 USB Device(s) found
       scanning usb for storage devices... 1 Storage Device(s) found
       scanning usb for ethernet devices... 
Warning: asx0 using MAC address from net device
1 Ethernet Device(s) found
Tegra124 (Nyan-big) # mw 0x7000e4a0 0x00080000
Tegra124 (Nyan-big) # setenv bootargs 'ignore_loglevel console=ttyS0,115200n8 rw root=PARTUUID=4d36e82a-b3c0-4b4b-bfcd-afe5217ac023 rootwait gpt debug noinitrd earlyprintk init=/bin/bash'
Tegra124 (Nyan-big) # setenv ipaddr 192.168.100.102; setenv serverip 192.168.100.1; setenv tftpserverip 192.168.100.1
Tegra124 (Nyan-big) # tftpboot 0x82000000 zImage.multi_v7_defconfig
Using asx0 device
TFTP from server 192.168.100.1; our IP address is 192.168.100.102
Filename 'zImage.multi_v7_defconfig'.
Load address: 0x82000000
Loading: *#################################################################
	 #################################################################
	 #################################################################
	 #################################################################
	 #################################################################
	 #################################################################
	 #################################################################
	 #################################################################
	 ###################
	 3.5 MiB/s
done
Bytes transferred = 7903680 (7899c0 hex)
Tegra124 (Nyan-big) # tftpboot 0x83000000 tegra124-nyan-big.dtb
Using asx0 device
TFTP from server 192.168.100.1; our IP address is 192.168.100.102
Filename 'tegra124-nyan-big.dtb'.
Load address: 0x83000000
Loading: *#####
	 3 MiB/s
done
Bytes transferred = 68155 (10a3b hex)
Tegra124 (Nyan-big) # bootz 0x82000000 - 0x83000000
Kernel image @ 0x82000000 [ 0x000000 - 0x7899c0 ]
## Flattened Device Tree blob at 83000000
   Booting using the fdt blob at 0x83000000
   Using Device Tree in place at 83000000, end 83013a3a

Starting kernel ...

[    0.000000] Booting Linux on physical CPU 0x0
[    0.000000] Linux version 4.11.0-rc7-next-20170424-169107-gee91aaf (jonathanh@sellafield) (gcc version 4.7.3 20130328 (prerelease) (crosstool-NG linaro-1.13.1-4.7-2013.04-20130415 - Linaro GCC 2013.04) ) #1 SMP Mon Apr 24 01:20:27 PDT 2017
[    0.000000] CPU: ARMv7 Processor [413fc0f3] revision 3 (ARMv7), cr=10c5387d
[    0.000000] CPU: div instructions available: patching division code
[    0.000000] CPU: PIPT / VIPT nonaliasing data cache, PIPT instruction cache
[    0.000000] OF: fdt: Machine model: Acer Chromebook 13 CB5-311
[    0.000000] OF: fdt: Ignoring memory range 0x100000000 - 0x17ffff000
[    0.000000] debug: ignoring loglevel setting.
[    0.000000] Memory policy: Data cache writealloc
[    0.000000] efi: Getting EFI parameters from FDT:
[    0.000000] efi: UEFI not found.
[    0.000000] cma: Reserved 64 MiB at 0xfb800000
[    0.000000] On node 0 totalpages: 524287
[    0.000000] free_area_init_node: node 0, pgdat c157f700, node_mem_map eeff8000
[    0.000000]   DMA zone: 1536 pages used for memmap
[    0.000000]   DMA zone: 0 pages reserved
[    0.000000]   DMA zone: 196608 pages, LIFO batch:31
[    0.000000]   HighMem zone: 327679 pages, LIFO batch:31
[    0.000000] percpu: Embedded 17 pages/cpu @eef81000 s39360 r8192 d22080 u69632
[    0.000000] pcpu-alloc: s39360 r8192 d22080 u69632 alloc=17*4096
[    0.000000] pcpu-alloc: [0] 0 [0] 1 [0] 2 [0] 3 
[    0.000000] Built 1 zonelists in Zone order, mobility grouping on.  Total pages: 522751
[    0.000000] Kernel command line: ignore_loglevel console=ttyS0,115200n8 rw root=PARTUUID=4d36e82a-b3c0-4b4b-bfcd-afe5217ac023 rootwait gpt debug noinitrd earlyprintk init=/bin/bash
[    0.000000] PID hash table entries: 4096 (order: 2, 16384 bytes)
[    0.000000] Dentry cache hash table entries: 131072 (order: 7, 524288 bytes)
[    0.000000] Inode-cache hash table entries: 65536 (order: 6, 262144 bytes)
[    0.000000] Memory: 1994436K/2097148K available (10240K kernel code, 1564K rwdata, 4384K rodata, 2048K init, 411K bss, 37176K reserved, 65536K cma-reserved, 1245180K highmem)
[    0.000000] Virtual kernel memory layout:
[    0.000000]     vector  : 0xffff0000 - 0xffff1000   (   4 kB)
[    0.000000]     fixmap  : 0xffc00000 - 0xfff00000   (3072 kB)
[    0.000000]     vmalloc : 0xf0800000 - 0xff800000   ( 240 MB)
[    0.000000]     lowmem  : 0xc0000000 - 0xf0000000   ( 768 MB)
[    0.000000]     pkmap   : 0xbfe00000 - 0xc0000000   (   2 MB)
[    0.000000]     modules : 0xbf000000 - 0xbfe00000   (  14 MB)
[    0.000000]       .text : 0xc0208000 - 0xc0d00000   (11232 kB)
[    0.000000]       .init : 0xc1200000 - 0xc1400000   (2048 kB)
[    0.000000]       .data : 0xc1400000 - 0xc1587298   (1565 kB)
[    0.000000]        .bss : 0xc1590d10 - 0xc15f7bc8   ( 412 kB)
[    0.000000] SLUB: HWalign=64, Order=0-3, MinObjects=0, CPUs=4, Nodes=1
[    0.000000] Hierarchical RCU implementation.
[    0.000000] 	RCU debugfs-based tracing is enabled.
[    0.000000] 	RCU restricting CPUs from NR_CPUS=16 to nr_cpu_ids=4.
[    0.000000] RCU: Adjusting geometry for rcu_fanout_leaf=16, nr_cpu_ids=4
[    0.000000] NR_IRQS:16 nr_irqs:16 16
[    0.000000] /interrupt-controller@60004000: 160 interrupts forwarded to /interrupt-controller@50041000
[    0.000000] Tegra clk 127: register failed with -17
[    0.000004] sched_clock: 32 bits at 1000kHz, resolution 1000ns, wraps every 2147483647500ns
[    0.000011] clocksource: timer_us: mask: 0xffffffff max_cycles: 0xffffffff, max_idle_ns: 1911260446275 ns
[    0.000017] Switching to timer-based delay loop, resolution 1000ns
[    0.001689] arch_timer: cp15 timer(s) running at 12.00MHz (virt).
[    0.001696] clocksource: arch_sys_counter: mask: 0xffffffffffffff max_cycles: 0x2c47f4ee7, max_idle_ns: 440795202497 ns
[    0.001703] sched_clock: 56 bits at 12MHz, resolution 83ns, wraps every 4398046511096ns
[    0.001708] Switching to timer-based delay loop, resolution 83ns
[    0.001920] Console: colour dummy device 80x30
[    0.001934] Calibrating delay loop (skipped), value calculated using timer frequency.. 24.00 BogoMIPS (lpj=120000)
[    0.001941] pid_max: default: 32768 minimum: 301
[    0.001976] Mount-cache hash table entries: 2048 (order: 1, 8192 bytes)
[    0.001982] Mountpoint-cache hash table entries: 2048 (order: 1, 8192 bytes)
[    0.002177] CPU: Testing write buffer coherency: ok
[    0.002297] /cpus/cpu@0 missing clock-frequency property
[    0.002312] /cpus/cpu@1 missing clock-frequency property
[    0.002326] /cpus/cpu@2 missing clock-frequency property
[    0.002341] /cpus/cpu@3 missing clock-frequency property
[    0.002347] CPU0: thread -1, cpu 0, socket 0, mpidr 80000000
[    0.002462] Setting up static identity map for 0x80300000 - 0x803000a0
[    0.003144] Hierarchical SRCU implementation.
[    0.003807] Tegra Revision: A01 SKU: 131 CPU Process: 1 SoC Process: 1
[    0.004066] EFI services will not be available.
[    0.004157] smp: Bringing up secondary CPUs ...
[    0.004396] CPU1: thread -1, cpu 1, socket 0, mpidr 80000001
[    0.011883] CPU2: thread -1, cpu 2, socket 0, mpidr 80000002
[    0.021900] CPU3: thread -1, cpu 3, socket 0, mpidr 80000003
[    0.031664] smp: Brought up 1 node, 4 CPUs
[    0.031672] SMP: Total of 4 processors activated (96.00 BogoMIPS).
[    0.031675] CPU: All CPU(s) started in SVC mode.
[    0.032218] devtmpfs: initialized
[    0.037996] VFP support v0.3: implementor 41 architecture 4 part 30 variant f rev 0
[    0.038188] clocksource: jiffies: mask: 0xffffffff max_cycles: 0xffffffff, max_idle_ns: 19112604462750000 ns
[    0.038197] futex hash table entries: 1024 (order: 4, 65536 bytes)
[    0.038759] pinctrl core: initialized pinctrl subsystem
[    0.039515] NET: Registered protocol family 16
[    0.040272] DMA: preallocated 256 KiB pool for atomic coherent allocations
[    0.041154] cpuidle: using governor menu
[    0.050218] No ATAGs?
[    0.050273] hw-breakpoint: found 5 (+1 reserved) breakpoint and 4 watchpoint registers.
[    0.050279] hw-breakpoint: maximum watchpoint size is 8 bytes.
[    0.053110] Serial: AMBA PL011 UART driver
[    0.053462] tegra-mc 70019000.memory-controller: no memory timings for RAM code 0 registered
[    0.058775] AT91: Could not find identification node
[    0.058979] +5V_SYS: supplied by +VDD_MUX
[    0.059078] +3.3V_SYS: supplied by +VDD_MUX
[    0.059292] +VDD_LED: Failed to request enable GPIO122: -517
[    0.059297] reg-fixed-voltage regulators:regulator@5: Failed to register regulator: -517
[    0.059332] +5V_VDD_TS_SW: Failed to request enable GPIO81: -517
[    0.059337] reg-fixed-voltage regulators:regulator@6: Failed to register regulator: -517
[    0.059370] +5V_USB_HS: Failed to request enable GPIO108: -517
[    0.059374] reg-fixed-voltage regulators:regulator@7: Failed to register regulator: -517
[    0.059407] +5V_USB_SS: Failed to request enable GPIO109: -517
[    0.059412] reg-fixed-voltage regulators:regulator@8: Failed to register regulator: -517
[    0.059500] +1.05V_RUN_AVDD_HDMI_PLL: Failed to request enable GPIO63: -517
[    0.059505] reg-fixed-voltage regulators:regulator@11: Failed to register regulator: -517
[    0.059538] +5V_HDMI_CON: Failed to request enable GPIO86: -517
[    0.059542] reg-fixed-voltage regulators:regulator@12: Failed to register regulator: -517
[    0.060530] vgaarb: loaded
[    0.060823] SCSI subsystem initialized
[    0.060890] libata version 3.00 loaded.
[    0.060978] usbcore: registered new interface driver usbfs
[    0.060999] usbcore: registered new interface driver hub
[    0.061025] usbcore: registered new device driver usb
[    0.062340] pps_core: LinuxPPS API ver. 1 registered
[    0.062345] pps_core: Software ver. 5.3.6 - Copyright 2005-2007 Rodolfo Giometti <giometti@linux.it>
[    0.062353] PTP clock support registered
[    0.062418] EDAC MC: Ver: 3.0.0
[    0.062815] tegra-emc 7001b000.emc: no memory timings for RAM code 0 found in DT
[    0.062824] tegra-emc: probe of 7001b000.emc failed with error -2
[    0.063262] clocksource: Switched to clocksource arch_sys_counter
[    0.082682] NET: Registered protocol family 2
[    0.082879] TCP established hash table entries: 8192 (order: 3, 32768 bytes)
[    0.082913] TCP bind hash table entries: 8192 (order: 4, 65536 bytes)
[    0.082975] TCP: Hash tables configured (established 8192 bind 8192)
[    0.083010] UDP hash table entries: 512 (order: 2, 16384 bytes)
[    0.083025] UDP-Lite hash table entries: 512 (order: 2, 16384 bytes)
[    0.083082] NET: Registered protocol family 1
[    0.083228] RPC: Registered named UNIX socket transport module.
[    0.083232] RPC: Registered udp transport module.
[    0.083235] RPC: Registered tcp transport module.
[    0.083238] RPC: Registered tcp NFSv4.1 backchannel transport module.
[    0.083244] PCI: CLS 0 bytes, default 64
[    0.083833] hw perfevents: enabled with armv7_cortex_a15 PMU driver, 7 counters available
[    0.084529] workingset: timestamp_bits=30 max_order=19 bucket_order=0
[    0.087427] squashfs: version 4.0 (2009/01/31) Phillip Lougher
[    0.087678] NFS: Registering the id_resolver key type
[    0.087691] Key type id_resolver registered
[    0.087694] Key type id_legacy registered
[    0.087710] ntfs: driver 2.1.32 [Flags: R/O].
[    0.088296] bounce: pool size: 64 pages
[    0.088314] Block layer SCSI generic (bsg) driver version 0.4 loaded (major 247)
[    0.088318] io scheduler noop registered
[    0.088322] io scheduler deadline registered
[    0.088333] io scheduler cfq registered (default)
[    0.088336] io scheduler mq-deadline registered
[    0.088340] io scheduler kyber registered
[    0.090186] tegra-xusb-padctl 7009f000.padctl: failed to setup XUSB ports: -517
[    0.099710] tegra-apbdma 60020000.dma: Tegra20 APB DMA driver register 32 channels
[    0.100635] tegra-pmc 7000e400.pmc: i2c-thermtrip node not found, emergency thermal reset disabled.
[    0.119510] Serial: 8250/16550 driver, 4 ports, IRQ sharing disabled
[    0.120557] console [ttyS0] disabled
[    0.120575] 70006000.serial: ttyS0 at MMIO 0x70006000 (irq = 333, base_baud = 25500000) is a Tegra
[    1.011768] console [ttyS0] enabled
[    1.015539] SuperH (H)SCI(F) driver initialized
[    1.020386] msm_serial: driver initialized
[    1.024541] STMicroelectronics ASC driver initialized
[    1.031554] tegra-hdmi 54280000.hdmi: failed to get HDMI regulator
[    1.038090] tegra-dpaux 545c0000.dpaux: failed to get VDD supply: -517
[    1.045467] panel-simple panel: panel supply power not found, using dummy regulator
[    1.056701] brd: module loaded
[    1.062442] loop: module loaded
[    1.066519] as3722 4-0040: AS3722 with revision 0x1 found
[    1.076513] as3722-sd2: supplied by +5V_SYS
[    1.080913] as3722-sd3: supplied by +5V_SYS
[    1.085255] +1.35V_LP0(sd3): Bringing 0uV into 1350000-1350000uV
[    1.091422] as3722-sd4: supplied by +5V_SYS
[    1.095765] +1.05V_RUN: Bringing 0uV into 1050000-1050000uV
[    1.101495] as3722-sd5: supplied by +5V_SYS
[    1.107101] as3722-ldo0: supplied by +1.35V_LP0(sd2)
[    1.112821] +1.8V_RUN_CAM: Bringing 0uV into 1800000-1800000uV
[    1.118845] as3722-ldo2: supplied by +1.8V_VDDIO
[    1.124460] as3722-ldo3: supplied by +3.3V_SYS
[    1.128903] +1.00V_LP0_VDD_RTC: Bringing 1100000uV into 1000000-1000000uV
[    1.136473] as3722-ldo4: supplied by +3.3V_SYS
[    1.141063] +3.3V_RUN_CAM: Bringing 0uV into 2800000-2800000uV
[    1.147069] as3722-ldo5: supplied by +1.8V_VDDIO
[    1.151831] +1.2V_RUN_CAM_FRONT: Bringing 0uV into 1200000-1200000uV
[    1.158512] +VDDIO_SDMMC3: Bringing 0uV into 1800000-1800000uV
[    1.164534] as3722-ldo7: supplied by +1.8V_VDDIO
[    1.169298] +1.05V_RUN_CAM_REAR: Bringing 0uV into 1050000-1050000uV
[    1.175838] as3722-ldo9: supplied by +5V_SYS
[    1.180397] +2.8V_RUN_TOUCH: Bringing 0uV into 2800000-2800000uV
[    1.186592] as3722-ldo10: supplied by +5V_SYS
[    1.191097] +2.8V_RUN_CAM_AF: Bringing 0uV into 2800000-2800000uV
[    1.197530] +1.8V_RUN_VPP_FUSE: Bringing 0uV into 1800000-1800000uV
[    1.209942] random: fast init done
[    1.215817] m25p80 spi32765.0: w25q32dw (4096 Kbytes)
[    1.221902] libphy: Fixed MDIO Bus: probed
[    1.226384] CAN device driver interface
[    1.230518] bgmac_bcma: Broadcom 47xx GBit MAC driver loaded
[    1.236618] e1000e: Intel(R) PRO/1000 Network Driver - 3.2.6-k
[    1.242434] e1000e: Copyright(c) 1999 - 2015 Intel Corporation.
[    1.248360] igb: Intel(R) Gigabit Ethernet Network Driver - version 5.4.0-k
[    1.255310] igb: Copyright (c) 2007-2014 Intel Corporation.
[    1.262061] pegasus: v0.9.3 (2013/04/25), Pegasus/Pegasus II USB Ethernet driver
[    1.269466] usbcore: registered new interface driver pegasus
[    1.275131] usbcore: registered new interface driver asix
[    1.280527] usbcore: registered new interface driver ax88179_178a
[    1.286619] usbcore: registered new interface driver cdc_ether
[    1.292451] usbcore: registered new interface driver smsc75xx
[    1.298203] usbcore: registered new interface driver smsc95xx
[    1.303949] usbcore: registered new interface driver net1080
[    1.309605] usbcore: registered new interface driver cdc_subset
[    1.315524] usbcore: registered new interface driver zaurus
[    1.321102] usbcore: registered new interface driver cdc_ncm
[    1.327399] ehci_hcd: USB 2.0 'Enhanced' Host Controller (EHCI) Driver
[    1.333920] ehci-pci: EHCI PCI platform driver
[    1.338362] ehci-platform: EHCI generic platform driver
[    1.343646] ehci-orion: EHCI orion driver
[    1.347696] SPEAr-ehci: EHCI SPEAr driver
[    1.351740] ehci-st: EHCI STMicroelectronics driver
[    1.356655] ehci-exynos: EHCI EXYNOS driver
[    1.360878] ehci-atmel: EHCI Atmel driver
[    1.364926] tegra-ehci: Tegra EHCI driver
[    1.368983] ohci_hcd: USB 1.1 'Open' Host Controller (OHCI) Driver
[    1.375156] ohci-pci: OHCI PCI platform driver
[    1.379599] ohci-platform: OHCI generic platform driver
[    1.384873] ohci-omap3: OHCI OMAP3 driver
[    1.388914] SPEAr-ohci: OHCI SPEAr driver
[    1.392957] ohci-st: OHCI STMicroelectronics driver
[    1.397872] ohci-atmel: OHCI Atmel driver
[    1.402120] usbcore: registered new interface driver usb-storage
[    1.408899] elan_i2c 1-0015: 1-0015 supply vcc not found, using dummy regulator
[    1.410673] as3722-rtc as3722-rtc: rtc core: registered as3722-rtc as rtc0
[    1.410676] as3722-rtc as3722-rtc: RTC interrupt 372
[    1.412899] tegra_rtc 7000e000.rtc: rtc core: registered 7000e000.rtc as rtc1
[    1.412918] tegra_rtc 7000e000.rtc: Tegra internal Real Time Clock
[    1.413167] i2c /dev entries driver
[    1.416310] lm90 0-004c: 0-004c supply vcc not found, using dummy regulator
[    1.454651] sdhci: Secure Digital Host Controller Interface driver
[    1.460815] sdhci: Copyright(c) Pierre Ossman
[    1.465698] Synopsys Designware Multimedia Card Interface Driver
[    1.472118] sdhci-pltfm: SDHCI platform and OF driver helper
[    1.478043] sdhci-tegra 700b0000.sdhci: allocated mmc-pwrseq
[    1.491839] sdhci-tegra 700b0400.sdhci: Got CD GPIO
[    1.496721] sdhci-tegra 700b0400.sdhci: Got WP GPIO
[    1.517287] mmc0: Unknown controller version (3). You may experience problems.
[    1.524529] mmc0: Invalid maximum block size, assuming 512 bytes
[    1.593268] mmc0: SDHCI controller on 700b0600.sdhci [700b0600.sdhci] using ADMA
[    1.601330] ledtrig-cpu: registered to indicate activity on CPUs
[    1.607518] usbcore: registered new interface driver usbhid
[    1.613082] usbhid: USB HID core driver
[    1.618270] NET: Registered protocol family 10
[    1.623047] Segment Routing with IPv6
[    1.626756] sit: IPv6, IPv4 and MPLS over IPv4 tunneling driver
[    1.632892] NET: Registered protocol family 17
[    1.637340] can: controller area network core (rev 20120528 abi 9)
[    1.643543] NET: Registered protocol family 29
[    1.647979] can: raw protocol (rev 20120528)
[    1.652242] can: broadcast manager protocol (rev 20161123 t)
[    1.657898] can: netlink gateway (rev 20130117) max_hops=1
[    1.663514] Key type dns_resolver registered
[    1.667998] ThumbEE CPU extension supported.
[    1.672265] Registering SWP/SWPB emulation handler
[    1.681653] elan_i2c 1-0015: Elan Touchpad: Module ID: 0x002a, Firmware: 0x0005, Sample: 0x0007, IAP: 0x0009
[    1.692084] input: Elan Touchpad as /devices/soc0/7000c400.i2c/i2c-1/1-0015/input/input0
[    1.692230] +3.3V_RUN: supplied by +3.3V_SYS
[    1.705253] +VDD_LED: supplied by +VDD_MUX
[    1.709511] +3.3V_AVDD_HDMI_AP_GATED: supplied by +3.3V_RUN
[    1.715221] +1.8V_RUN_CAM: supplied by +3.3V_RUN
[    1.719915] +VDDIO_SDMMC3: supplied by +3.3V_RUN
[    1.724639] +1.8V_RUN_VPP_FUSE: supplied by +3.3V_RUN
[    1.729893] +5V_VDD_TS_SW: supplied by +5V_SYS
[    1.734764] +5V_USB_HS: supplied by +5V_SYS
[    1.739281] +5V_USB_SS: supplied by +5V_SYS
[    1.744627] +3.3V_PANEL: supplied by +3.3V_RUN
[    1.750305] +3.3V_LP0: supplied by +3.3V_SYS
[    1.753132] mmc0: new high speed MMC card at address 0001
[    1.753759] mmcblk0: mmc0:0001 MMC16G 14.4 GiB 
[    1.754167] mmcblk0boot0: mmc0:0001 MMC16G partition 1 2.00 MiB
[    1.754579] mmcblk0boot1: mmc0:0001 MMC16G partition 2 2.00 MiB
[    1.755043] mmcblk0rpmb: mmc0:0001 MMC16G partition 3 128 KiB
[    1.761119]  mmcblk0: p1 p2 p3 p4 p5 p6 p7 p8 p9 p10 p11 p12
[    1.788560] +1.05V_RUN_AVDD_HDMI_PLL: supplied by +1.05V_RUN
[    1.788805] elan_i2c 1-0015: failed to read report data: -121
[    1.789206] elan_i2c 1-0015: failed to read report data: -121
[    1.806059] +5V_HDMI_CON: supplied by +5V_SYS
[    1.811036]  usb3-0: usb3-0 supply vbus not found, using dummy regulator
[    1.817838]  usb3-1: usb3-1 supply vbus not found, using dummy regulator
[    1.828091] tegra-sor 54540000.sor: failed to probe output: -517
[    1.834884] panel-simple panel: panel supply power not found, using dummy regulator
[    1.843386] sdhci-tegra 700b0000.sdhci: allocated mmc-pwrseq
[    1.857327] mmc1: Unknown controller version (3). You may experience problems.
[    1.864588] mmc1: Invalid maximum block size, assuming 512 bytes
[    1.870949] mmc1: Switching to 3.3V signalling voltage failed
[    1.933347] mmc1: SDHCI controller on 700b0000.sdhci [700b0000.sdhci] using ADMA
[    1.941528] sdhci-tegra 700b0400.sdhci: Got CD GPIO
[    1.946442] sdhci-tegra 700b0400.sdhci: Got WP GPIO
[    1.947152] elan_i2c 1-0015: invalid report id data (ff)
[    1.965220] mmc2: Unknown controller version (3). You may experience problems.
[    1.972515] mmc2: Invalid maximum block size, assuming 512 bytes
[    2.005249] mmc1: new high speed SDIO card at address 0001
[    2.043421] mmc2: SDHCI controller on 700b0400.sdhci [700b0400.sdhci] using ADMA
[    2.056487] input: gpio-keys as /devices/soc0/gpio-keys/input/input1
[    2.064189] as3722-rtc as3722-rtc: setting system clock to 2000-01-01 00:00:23 UTC (946684823)
[    2.073161] +3.3V_AVDD_HDMI_AP_GATED: disabling
[    2.077731] +1.05V_RUN: disabling
[    2.081202] +1.8V_RUN_CAM: disabling
[    2.085039] +3.3V_RUN_CAM: disabling
[    2.088774] +1.2V_RUN_CAM_FRONT: disabling
[    2.094000] +1.05V_RUN_CAM_REAR: disabling
[    2.100227] +2.8V_RUN_TOUCH: disabling
[    2.104232] +2.8V_RUN_CAM_AF: disabling
[    2.108225] +1.8V_RUN_VPP_FUSE: disabling
[    2.112394] +VDD_LED: disabling
[    2.115566] +5V_VDD_TS_SW: disabling
[    2.119134] +5V_USB_HS: disabling
[    2.122437] +5V_USB_SS: disabling
[    2.125772] +3.3V_PANEL: disabling
[    2.129175] +1.05V_RUN_AVDD_HDMI_PLL: disabling
[    2.133732] +5V_HDMI_CON: disabling
[    2.138194] EXT4-fs (mmcblk0p3): couldn't mount as ext3 due to feature incompatibilities
[    2.146881] EXT4-fs (mmcblk0p3): couldn't mount as ext2 due to feature incompatibilities
[    2.235147] mmc2: new high speed SDHC card at address 0007
[    2.241264] mmcblk2: mmc2:0007 SD08G 7.42 GiB 
[    2.254961] GPT:Primary header alternate_lba != Alt. header my_lba
[    2.261130] GPT:3014591 != 15564799
[    2.264626] GPT:Primary header thinks Alt. header is not at the end of the disk.
[    2.272002] GPT:3014591 != 15564799
[    2.275482] GPT: Use GNU Parted to correct GPT errors.
[    2.280641]  mmcblk2: p1 p2 p3 p4 p5 p6 p7 p8 p9 p10 p11 p12
[    2.280992] EXT4-fs (mmcblk0p3): recovery complete
[    2.281003] EXT4-fs (mmcblk0p3): mounted filesystem with ordered data mode. Opts: (null)
[    2.281029] VFS: Mounted root (ext4 filesystem) on device 179:3.
[    2.282403] devtmpfs: mounted
[    2.309015] Freeing unused kernel memory: 2048K
bash: cannot set terminal process group (-1): Inappropriate ioctl for device
bash: no job control in this shell
root@(none):/# 