

U-Boot 2015.04-00466-gedec83e90172 (Mar 14 2016 - 10:42:01)

TEGRA124
Model: Acer Chromebook 13 CB5-311
DRAM:  4 GiB
C:   Tegra SD/MMC: 0, Tegra SD/MMC: 1, Tegra SD/MMC: 2
MMC init failed
Using default environment

In:    serial
Out:   serial
Err:   serial
Net:   Net Initialization Skipped
No ethernet found.
Hit any key to stop autoboot:  2  0 
Tegra124 (Nyan-big) # 
Tegra124 (Nyan-big) # usb start
starting USB...
USB0:   USB EHCI 1.10
scanning bus 0 for devices... 2 USB Device(s) found
USB1:   USB EHCI 1.10
scanning bus 1 for devices... 2 USB Device(s) found
       scanning usb for storage devices... 1 Storage Device(s) found
       scanning usb for ethernet devices... 
Warning: asx0 using MAC address from net device
1 Ethernet Device(s) found
Tegra124 (Nyan-big) # mw 0x7000e4a0 0x00080000
Tegra124 (Nyan-big) # setenv bootargs 'ignore_loglevel console=ttyS0,115200n8 rw root=PARTUUID=4d36e82a-b3c0-4b4b-bfcd-afe5217ac023 rootwait gpt debug noinitrd earlyprintk init=/bin/bash'
Tegra124 (Nyan-big) # setenv ipaddr 192.168.100.102; setenv serverip 192.168.100.1; setenv tftpserverip 192.168.100.1
Tegra124 (Nyan-big) # tftpboot 0x82000000 zImage.multi_v7_defconfig
Using asx0 device
TFTP from server 192.168.100.1; our IP address is 192.168.100.102
Filename 'zImage.multi_v7_defconfig'.
Load address: 0x82000000
Loading: *#################################################################
	 #################################################################
	 #################################################################
	 #################################################################
	 #################################################################
	 #################################################################
	 #################################################################
	 #################################################################
	 ######################################
	 2.8 MiB/s
done
Bytes transferred = 8180232 (7cd208 hex)
Tegra124 (Nyan-big) # tftpboot 0x83000000 tegra124-nyan-big.dtb
Using asx0 device
TFTP from server 192.168.100.1; our IP address is 192.168.100.102
Filename 'tegra124-nyan-big.dtb'.
Load address: 0x83000000
Loading: *#####
	 2.7 MiB/s
done
Bytes transferred = 68203 (10a6b hex)
Tegra124 (Nyan-big) # bootz 0x82000000 - 0x83000000
Kernel image @ 0x82000000 [ 0x000000 - 0x7cd200 ]
## Flattened Device Tree blob at 83000000
   Booting using the fdt blob at 0x83000000
   Using Device Tree in place at 83000000, end 83013a6a

Starting kernel ...

[    0.000000] Booting Linux on physical CPU 0x0
[    0.000000] Linux version 4.14.0-rc4-next-20171009-204940-g49827b9 (jonathanh@sellafield) (gcc version 4.7.3 20130328 (prerelease) (crosstool-NG linaro-1.13.1-4.7-2013.04-20130415 - Linaro GCC 2013.04)) #1 SMP Mon Oct 9 14:36:36 PDT 2017
[    0.000000] CPU: ARMv7 Processor [413fc0f3] revision 3 (ARMv7), cr=10c5387d
[    0.000000] CPU: div instructions available: patching division code
[    0.000000] CPU: PIPT / VIPT nonaliasing data cache, PIPT instruction cache
[    0.000000] OF: fdt: Machine model: Acer Chromebook 13 CB5-311
[    0.000000] OF: fdt: Ignoring memory range 0x100000000 - 0x17ffff000
[    0.000000] debug: ignoring loglevel setting.
[    0.000000] Memory policy: Data cache writealloc
[    0.000000] efi: Getting EFI parameters from FDT:
[    0.000000] efi: UEFI not found.
[    0.000000] cma: Reserved 64 MiB at 0xfb800000
[    0.000000] On node 0 totalpages: 524287
[    0.000000] free_area_init_node: node 0, pgdat c1687780, node_mem_map eeff8000
[    0.000000]   DMA zone: 1536 pages used for memmap
[    0.000000]   DMA zone: 0 pages reserved
[    0.000000]   DMA zone: 196608 pages, LIFO batch:31
[    0.000000]   HighMem zone: 327679 pages, LIFO batch:31
[    0.000000] random: fast init done
[    0.000000] percpu: Embedded 17 pages/cpu @eef83000 s39616 r8192 d21824 u69632
[    0.000000] pcpu-alloc: s39616 r8192 d21824 u69632 alloc=17*4096
[    0.000000] pcpu-alloc: [0] 0 [0] 1 [0] 2 [0] 3 
[    0.000000] Built 1 zonelists, mobility grouping on.  Total pages: 522751
[    0.000000] Kernel command line: ignore_loglevel console=ttyS0,115200n8 rw root=PARTUUID=4d36e82a-b3c0-4b4b-bfcd-afe5217ac023 rootwait gpt debug noinitrd earlyprintk init=/bin/bash
[    0.000000] PID hash table entries: 4096 (order: 2, 16384 bytes)
[    0.000000] Dentry cache hash table entries: 131072 (order: 7, 524288 bytes)
[    0.000000] Inode-cache hash table entries: 65536 (order: 6, 262144 bytes)
[    0.000000] Memory: 1993400K/2097148K available (11264K kernel code, 1630K rwdata, 4508K rodata, 2048K init, 403K bss, 38212K reserved, 65536K cma-reserved, 1245180K highmem)
[    0.000000] Virtual kernel memory layout:
[    0.000000]     vector  : 0xffff0000 - 0xffff1000   (   4 kB)
[    0.000000]     fixmap  : 0xffc00000 - 0xfff00000   (3072 kB)
[    0.000000]     vmalloc : 0xf0800000 - 0xff800000   ( 240 MB)
[    0.000000]     lowmem  : 0xc0000000 - 0xf0000000   ( 768 MB)
[    0.000000]     pkmap   : 0xbfe00000 - 0xc0000000   (   2 MB)
[    0.000000]     modules : 0xbf000000 - 0xbfe00000   (  14 MB)
[    0.000000]       .text : 0xc0208000 - 0xc0e00000   (12256 kB)
[    0.000000]       .init : 0xc1300000 - 0xc1500000   (2048 kB)
[    0.000000]       .data : 0xc1500000 - 0xc1697814   (1631 kB)
[    0.000000]        .bss : 0xc1697814 - 0xc16fc5fc   ( 404 kB)
[    0.000000] SLUB: HWalign=64, Order=0-3, MinObjects=0, CPUs=4, Nodes=1
[    0.000000] Hierarchical RCU implementation.
[    0.000000] 	RCU event tracing is enabled.
[    0.000000] 	RCU restricting CPUs from NR_CPUS=16 to nr_cpu_ids=4.
[    0.000000] RCU: Adjusting geometry for rcu_fanout_leaf=16, nr_cpu_ids=4
[    0.000000] NR_IRQS: 16, nr_irqs: 16, preallocated irqs: 16
[    0.000000] /interrupt-controller@60004000: 160 interrupts forwarded to /interrupt-controller@50041000
[    0.000000] Tegra clk 127: register failed with -17
[    0.000004] sched_clock: 32 bits at 1000kHz, resolution 1000ns, wraps every 2147483647500ns
[    0.000011] clocksource: timer_us: mask: 0xffffffff max_cycles: 0xffffffff, max_idle_ns: 1911260446275 ns
[    0.000017] Switching to timer-based delay loop, resolution 1000ns
[    0.001757] arch_timer: cp15 timer(s) running at 12.00MHz (virt).
[    0.001764] clocksource: arch_sys_counter: mask: 0xffffffffffffff max_cycles: 0x2c47f4ee7, max_idle_ns: 440795202497 ns
[    0.001771] sched_clock: 56 bits at 12MHz, resolution 83ns, wraps every 4398046511096ns
[    0.001775] Switching to timer-based delay loop, resolution 83ns
[    0.001985] Console: colour dummy device 80x30
[    0.002001] Calibrating delay loop (skipped), value calculated using timer frequency.. 24.00 BogoMIPS (lpj=120000)
[    0.002008] pid_max: default: 32768 minimum: 301
[    0.002053] Mount-cache hash table entries: 2048 (order: 1, 8192 bytes)
[    0.002059] Mountpoint-cache hash table entries: 2048 (order: 1, 8192 bytes)
[    0.002260] CPU: Testing write buffer coherency: ok
[    0.002388] /cpus/cpu@0 missing clock-frequency property
[    0.002403] /cpus/cpu@1 missing clock-frequency property
[    0.002418] /cpus/cpu@2 missing clock-frequency property
[    0.002433] /cpus/cpu@3 missing clock-frequency property
[    0.002438] CPU0: thread -1, cpu 0, socket 0, mpidr 80000000
[    0.002555] Setting up static identity map for 0x80300000 - 0x803000a0
[    0.003256] Hierarchical SRCU implementation.
[    0.003929] Tegra Revision: A01 SKU: 131 CPU Process: 1 SoC Process: 1
[    0.004197] EFI services will not be available.
[    0.004257] smp: Bringing up secondary CPUs ...
[    0.004492] CPU1: thread -1, cpu 1, socket 0, mpidr 80000001
[    0.011976] CPU2: thread -1, cpu 2, socket 0, mpidr 80000002
[    0.021979] CPU3: thread -1, cpu 3, socket 0, mpidr 80000003
[    0.031760] smp: Brought up 1 node, 4 CPUs
[    0.031768] SMP: Total of 4 processors activated (96.00 BogoMIPS).
[    0.031771] CPU: All CPU(s) started in SVC mode.
[    0.032332] devtmpfs: initialized
[    0.037260] VFP support v0.3: implementor 41 architecture 4 part 30 variant f rev 0
[    0.037459] clocksource: jiffies: mask: 0xffffffff max_cycles: 0xffffffff, max_idle_ns: 19112604462750000 ns
[    0.037468] futex hash table entries: 1024 (order: 4, 65536 bytes)
[    0.038043] pinctrl core: initialized pinctrl subsystem
[    0.038677] DMI not present or invalid.
[    0.038782] NET: Registered protocol family 16
[    0.039524] DMA: preallocated 256 KiB pool for atomic coherent allocations
[    0.040396] cpuidle: using governor menu
[    0.048653] No ATAGs?
[    0.048710] hw-breakpoint: found 5 (+1 reserved) breakpoint and 4 watchpoint registers.
[    0.048716] hw-breakpoint: maximum watchpoint size is 8 bytes.
[    0.051475] Serial: AMBA PL011 UART driver
[    0.051910] tegra-mc 70019000.memory-controller: no memory timings for RAM code 0 registered
[    0.052023] iommu: Adding device reg-dummy to group 0
[    0.052053] iommu: Adding device 50000000.host1x to group 1
[    0.052077] iommu: Adding device 54200000.dc to group 2
[    0.052102] iommu: Adding device 54240000.dc to group 3
[    0.052114] iommu: Adding device 54280000.hdmi to group 4
[    0.052125] iommu: Adding device 54540000.sor to group 5
[    0.052135] iommu: Adding device 545c0000.dpaux to group 6
[    0.052159] iommu: Adding device 57000000.gpu to group 7
[    0.052170] iommu: Adding device 60005000.timer to group 8
[    0.052180] iommu: Adding device 60007000.flow-controller to group 9
[    0.052191] iommu: Adding device 6000c800.actmon to group 10
[    0.052206] iommu: Adding device 6000d000.gpio to group 11
[    0.052217] iommu: Adding device 60020000.dma to group 12
[    0.052228] iommu: Adding device 70000800.apbmisc to group 13
[    0.052239] iommu: Adding device 70000868.pinmux to group 14
[    0.052249] iommu: Adding device 70006000.serial to group 15
[    0.052259] iommu: Adding device 7000a000.pwm to group 16
[    0.052271] iommu: Adding device 7000c000.i2c to group 17
[    0.052282] iommu: Adding device 7000c400.i2c to group 18
[    0.052295] iommu: Adding device 7000c500.i2c to group 19
[    0.052306] iommu: Adding device 7000c700.i2c to group 20
[    0.052316] iommu: Adding device 7000d000.i2c to group 21
[    0.052329] iommu: Adding device 7000d400.spi to group 22
[    0.052339] iommu: Adding device 7000da00.spi to group 23
[    0.052350] iommu: Adding device 7000e000.rtc to group 24
[    0.052361] iommu: Adding device 7000e400.pmc to group 25
[    0.052371] iommu: Adding device 7000f800.fuse to group 26
[    0.052382] iommu: Adding device 70019000.memory-controller to group 27
[    0.052395] iommu: Adding device 7001b000.emc to group 28
[    0.052405] iommu: Adding device 70030000.hda to group 29
[    0.052417] iommu: Adding device 70090000.usb to group 30
[    0.052427] iommu: Adding device 7009f000.padctl to group 31
[    0.052441] iommu: Adding device 700b0000.sdhci to group 32
[    0.052452] iommu: Adding device 700b0400.sdhci to group 33
[    0.052463] iommu: Adding device 700b0600.sdhci to group 34
[    0.052474] iommu: Adding device 700e2000.thermal-sensor to group 35
[    0.052487] iommu: Adding device 70300000.ahub to group 36
[    0.052497] iommu: Adding device pmu to group 37
[    0.052508] iommu: Adding device timer to group 38
[    0.052519] iommu: Adding device sdhci0_pwrseq to group 39
[    0.052529] iommu: Adding device backlight to group 40
[    0.052539] iommu: Adding device clocks to group 41
[    0.052550] iommu: Adding device gpio-keys to group 42
[    0.052563] iommu: Adding device regulators to group 43
[    0.052575] iommu: Adding device regulators:regulator@0 to group 44
[    0.052586] iommu: Adding device regulators:regulator@1 to group 45
[    0.052597] iommu: Adding device regulators:regulator@2 to group 46
[    0.052608] iommu: Adding device regulators:regulator@3 to group 47
[    0.052620] iommu: Adding device regulators:regulator@4 to group 48
[    0.052631] iommu: Adding device regulators:regulator@5 to group 49
[    0.052642] iommu: Adding device regulators:regulator@6 to group 50
[    0.052653] iommu: Adding device regulators:regulator@7 to group 51
[    0.052663] iommu: Adding device regulators:regulator@8 to group 52
[    0.052676] iommu: Adding device regulators:regulator@9 to group 53
[    0.052689] iommu: Adding device regulators:regulator@10 to group 54
[    0.052699] iommu: Adding device regulators:regulator@11 to group 55
[    0.052710] iommu: Adding device regulators:regulator@12 to group 56
[    0.052720] iommu: Adding device sound to group 57
[    0.052731] iommu: Adding device gpio-restart to group 58
[    0.052741] iommu: Adding device panel to group 59
[    0.057763] AT91: Could not find identification node
[    0.057968] +5V_SYS: supplied by +VDD_MUX
[    0.058068] +3.3V_SYS: supplied by +VDD_MUX
[    0.058282] +VDD_LED: Failed to request enable GPIO122: -517
[    0.058288] reg-fixed-voltage regulators:regulator@5: Failed to register regulator: -517
[    0.058323] +5V_VDD_TS_SW: Failed to request enable GPIO81: -517
[    0.058328] reg-fixed-voltage regulators:regulator@6: Failed to register regulator: -517
[    0.058362] +5V_USB_HS: Failed to request enable GPIO108: -517
[    0.058366] reg-fixed-voltage regulators:regulator@7: Failed to register regulator: -517
[    0.058398] +5V_USB_SS: Failed to request enable GPIO109: -517
[    0.058403] reg-fixed-voltage regulators:regulator@8: Failed to register regulator: -517
[    0.058493] +1.05V_RUN_AVDD_HDMI_PLL: Failed to request enable GPIO63: -517
[    0.058497] reg-fixed-voltage regulators:regulator@11: Failed to register regulator: -517
[    0.058530] +5V_HDMI_CON: Failed to request enable GPIO86: -517
[    0.058534] reg-fixed-voltage regulators:regulator@12: Failed to register regulator: -517
[    0.059512] vgaarb: loaded
[    0.059775] SCSI subsystem initialized
[    0.059846] libata version 3.00 loaded.
[    0.059926] usbcore: registered new interface driver usbfs
[    0.059944] usbcore: registered new interface driver hub
[    0.059965] usbcore: registered new device driver usb
[    0.061228] pps_core: LinuxPPS API ver. 1 registered
[    0.061232] pps_core: Software ver. 5.3.6 - Copyright 2005-2007 Rodolfo Giometti <giometti@linux.it>
[    0.061240] PTP clock support registered
[    0.061305] EDAC MC: Ver: 3.0.0
[    0.061409] dmi: Firmware registration failed.
[    0.061705] tegra-emc 7001b000.emc: no memory timings for RAM code 0 found in DT
[    0.061714] tegra-emc: probe of 7001b000.emc failed with error -2
[    0.062152] clocksource: Switched to clocksource arch_sys_counter
[    0.081727] NET: Registered protocol family 2
[    0.081919] TCP established hash table entries: 8192 (order: 3, 32768 bytes)
[    0.081953] TCP bind hash table entries: 8192 (order: 4, 65536 bytes)
[    0.082016] TCP: Hash tables configured (established 8192 bind 8192)
[    0.082052] UDP hash table entries: 512 (order: 2, 16384 bytes)
[    0.082067] UDP-Lite hash table entries: 512 (order: 2, 16384 bytes)
[    0.082126] NET: Registered protocol family 1
[    0.082315] RPC: Registered named UNIX socket transport module.
[    0.082319] RPC: Registered udp transport module.
[    0.082322] RPC: Registered tcp transport module.
[    0.082325] RPC: Registered tcp NFSv4.1 backchannel transport module.
[    0.082331] PCI: CLS 0 bytes, default 64
[    0.082904] hw perfevents: enabled with armv7_cortex_a15 PMU driver, 7 counters available
[    0.083184] iommu: Adding device alarmtimer to group 60
[    0.083547] workingset: timestamp_bits=30 max_order=19 bucket_order=0
[    0.085862] squashfs: version 4.0 (2009/01/31) Phillip Lougher
[    0.086082] NFS: Registering the id_resolver key type
[    0.086097] Key type id_resolver registered
[    0.086100] Key type id_legacy registered
[    0.086116] ntfs: driver 2.1.32 [Flags: R/O].
[    0.086647] bounce: pool size: 64 pages
[    0.086665] Block layer SCSI generic (bsg) driver version 0.4 loaded (major 247)
[    0.086670] io scheduler noop registered
[    0.086673] io scheduler deadline registered
[    0.086748] io scheduler cfq registered (default)
[    0.086752] io scheduler mq-deadline registered
[    0.086756] io scheduler kyber registered
[    0.087997] tegra-xusb-padctl 7009f000.padctl: failed to setup XUSB ports: -517
[    0.098428] tegra-apbdma 60020000.dma: Tegra20 APB DMA driver register 32 channels
[    0.099494] tegra-pmc 7000e400.pmc: i2c-thermtrip node not found, emergency thermal reset disabled.
[    0.115810] Serial: 8250/16550 driver, 4 ports, IRQ sharing disabled
[    0.115854] iommu: Adding device serial8250 to group 61
[    0.116873] console [ttyS0] disabled
[    0.116892] 70006000.serial: ttyS0 at MMIO 0x70006000 (irq = 333, base_baud = 25500000) is a Tegra
[    1.365545] console [ttyS0] enabled
[    1.369330] SuperH (H)SCI(F) driver initialized
[    1.374212] msm_serial: driver initialized
[    1.378357] STMicroelectronics ASC driver initialized
[    1.385672] tegra-hdmi 54280000.hdmi: failed to get HDMI regulator
[    1.392220] tegra-dpaux 545c0000.dpaux: failed to get VDD supply: -517
[    1.399630] panel-simple panel: panel supply power not found, using dummy regulator
[    1.409944] brd: module loaded
[    1.415365] loop: module loaded
[    1.419418] as3722 4-0040: AS3722 with revision 0x1 found
[    1.425935] iommu: Adding device as3722-pinctrl to group 62
[    1.432833] iommu: Adding device as3722-regulator to group 63
[    1.440680] as3722-sd2: supplied by +5V_SYS
[    1.445148] as3722-sd3: supplied by +5V_SYS
[    1.449480] +1.35V_LP0(sd3): Bringing 0uV into 1350000-1350000uV
[    1.455645] as3722-sd4: supplied by +5V_SYS
[    1.459974] +1.05V_RUN: Bringing 0uV into 1050000-1050000uV
[    1.465704] as3722-sd5: supplied by +5V_SYS
[    1.471254] as3722-ldo0: supplied by +1.35V_LP0(sd2)
[    1.476974] +1.8V_RUN_CAM: Bringing 0uV into 1800000-1800000uV
[    1.482983] as3722-ldo2: supplied by +1.8V_VDDIO
[    1.488581] as3722-ldo3: supplied by +3.3V_SYS
[    1.493033] +1.00V_LP0_VDD_RTC: Bringing 1100000uV into 1000000-1000000uV
[    1.500585] as3722-ldo4: supplied by +3.3V_SYS
[    1.505188] +3.3V_RUN_CAM: Bringing 0uV into 2800000-2800000uV
[    1.511184] as3722-ldo5: supplied by +1.8V_VDDIO
[    1.515955] +1.2V_RUN_CAM_FRONT: Bringing 0uV into 1200000-1200000uV
[    1.522630] +VDDIO_SDMMC3: Bringing 0uV into 1800000-1800000uV
[    1.528637] as3722-ldo7: supplied by +1.8V_VDDIO
[    1.533408] +1.05V_RUN_CAM_REAR: Bringing 0uV into 1050000-1050000uV
[    1.539942] as3722-ldo9: supplied by +5V_SYS
[    1.544512] +2.8V_RUN_TOUCH: Bringing 0uV into 2800000-2800000uV
[    1.550693] as3722-ldo10: supplied by +5V_SYS
[    1.555203] +2.8V_RUN_CAM_AF: Bringing 0uV into 2800000-2800000uV
[    1.561625] +1.8V_RUN_VPP_FUSE: Bringing 0uV into 1800000-1800000uV
[    1.568123] iommu: Adding device as3722-rtc to group 64
[    1.573495] iommu: Adding device as3722-adc to group 65
[    1.578811] iommu: Adding device as3722-power-off to group 66
[    1.584652] iommu: Adding device as3722-wdt to group 67
[    1.601566] m25p80 spi1.0: w25q32dw (4096 Kbytes)
[    1.607072] iommu: Adding device Fixed MDIO bus.0 to group 68
[    1.612953] libphy: Fixed MDIO Bus: probed
[    1.617367] CAN device driver interface
[    1.621502] bgmac_bcma: Broadcom 47xx GBit MAC driver loaded
[    1.627612] e1000e: Intel(R) PRO/1000 Network Driver - 3.2.6-k
[    1.633434] e1000e: Copyright(c) 1999 - 2015 Intel Corporation.
[    1.639353] igb: Intel(R) Gigabit Ethernet Network Driver - version 5.4.0-k
[    1.646301] igb: Copyright (c) 2007-2014 Intel Corporation.
[    1.653135] pegasus: v0.9.3 (2013/04/25), Pegasus/Pegasus II USB Ethernet driver
[    1.660531] usbcore: registered new interface driver pegasus
[    1.666194] usbcore: registered new interface driver asix
[    1.671586] usbcore: registered new interface driver ax88179_178a
[    1.677679] usbcore: registered new interface driver cdc_ether
[    1.683517] usbcore: registered new interface driver smsc75xx
[    1.689260] usbcore: registered new interface driver smsc95xx
[    1.695009] usbcore: registered new interface driver net1080
[    1.700662] usbcore: registered new interface driver cdc_subset
[    1.706580] usbcore: registered new interface driver zaurus
[    1.712159] usbcore: registered new interface driver cdc_ncm
[    1.718469] ehci_hcd: USB 2.0 'Enhanced' Host Controller (EHCI) Driver
[    1.724986] ehci-pci: EHCI PCI platform driver
[    1.729428] ehci-platform: EHCI generic platform driver
[    1.734712] ehci-orion: EHCI orion driver
[    1.738761] SPEAr-ehci: EHCI SPEAr driver
[    1.742810] ehci-st: EHCI STMicroelectronics driver
[    1.747720] ehci-exynos: EHCI EXYNOS driver
[    1.751943] ehci-atmel: EHCI Atmel driver
[    1.755991] tegra-ehci: Tegra EHCI driver
[    1.760054] ohci_hcd: USB 1.1 'Open' Host Controller (OHCI) Driver
[    1.766228] ohci-pci: OHCI PCI platform driver
[    1.770669] ohci-platform: OHCI generic platform driver
[    1.775946] SPEAr-ohci: OHCI SPEAr driver
[    1.779989] ohci-st: OHCI STMicroelectronics driver
[    1.784904] ohci-atmel: OHCI Atmel driver
[    1.789161] usbcore: registered new interface driver usb-storage
[    1.796231] elan_i2c 1-0015: 1-0015 supply vcc not found, using dummy regulator
[    1.803601] as3722-rtc as3722-rtc: rtc core: registered as3722-rtc as rtc0
[    1.810465] as3722-rtc as3722-rtc: RTC interrupt 372
[    1.817400] tegra_rtc 7000e000.rtc: rtc core: registered 7000e000.rtc as rtc1
[    1.824542] tegra_rtc 7000e000.rtc: Tegra internal Real Time Clock
[    1.830890] i2c /dev entries driver
[    1.836757] lm90 0-004c: 0-004c supply vcc not found, using dummy regulator
[    1.847053] iommu: Adding device cpufreq-tegra124 to group 69
[    1.853866] sdhci: Secure Digital Host Controller Interface driver
[    1.860030] sdhci: Copyright(c) Pierre Ossman
[    1.864931] Synopsys Designware Multimedia Card Interface Driver
[    1.871362] sdhci-pltfm: SDHCI platform and OF driver helper
[    1.877302] sdhci-tegra 700b0000.sdhci: allocated mmc-pwrseq
[    1.891109] sdhci-tegra 700b0400.sdhci: Got CD GPIO
[    1.895991] sdhci-tegra 700b0400.sdhci: Got WP GPIO
[    1.916179] mmc0: Unknown controller version (3). You may experience problems.
[    1.923421] mmc0: Invalid maximum block size, assuming 512 bytes
[    1.984200] elan_i2c 1-0015: Elan Touchpad: Module ID: 0x002a, Firmware: 0x0005, Sample: 0x0007, IAP: 0x0009
[    1.992164] mmc0: SDHCI controller on 700b0600.sdhci [700b0600.sdhci] using ADMA
[    2.001443] ledtrig-cpu: registered to indicate activity on CPUs
[    2.001574] input: Elan Touchpad as /devices/soc0/7000c400.i2c/i2c-1/1-0015/input/input0
[    2.015625] usbcore: registered new interface driver usbhid
[    2.021181] usbhid: USB HID core driver
[    2.026417] NET: Registered protocol family 10
[    2.031153] Segment Routing with IPv6
[    2.034835] sit: IPv6, IPv4 and MPLS over IPv4 tunneling driver
[    2.040933] NET: Registered protocol family 17
[    2.045373] can: controller area network core (rev 20170425 abi 9)
[    2.051555] NET: Registered protocol family 29
[    2.052010] mmc0: new high speed MMC card at address 0001
[    2.052197] mmcblk0: mmc0:0001 MMC16G 14.4 GiB 
[    2.052272] mmcblk0boot0: mmc0:0001 MMC16G partition 1 2.00 MiB
[    2.052340] mmcblk0boot1: mmc0:0001 MMC16G partition 2 2.00 MiB
[    2.052408] mmcblk0rpmb: mmc0:0001 MMC16G partition 3 128 KiB, chardev (237:0)
[    2.055240]  mmcblk0: p1 p2 p3 p4 p5 p6 p7 p8 p9 p10 p11 p12
[    2.090546] can: raw protocol (rev 20170425)
[    2.094806] can: broadcast manager protocol (rev 20170425 t)
[    2.100452] can: netlink gateway (rev 20170425) max_hops=1
[    2.106068] Key type dns_resolver registered
[    2.110526] ThumbEE CPU extension supported.
[    2.114793] Registering SWP/SWPB emulation handler
[    2.124301] +3.3V_RUN: supplied by +3.3V_SYS
[    2.128994] +VDD_LED: supplied by +VDD_MUX
[    2.133164] +3.3V_AVDD_HDMI_AP_GATED: supplied by +3.3V_RUN
[    2.138751] +1.8V_RUN_CAM: supplied by +3.3V_RUN
[    2.143393] +VDDIO_SDMMC3: supplied by +3.3V_RUN
[    2.148029] +1.8V_RUN_VPP_FUSE: supplied by +3.3V_RUN
[    2.153214] +5V_VDD_TS_SW: supplied by +5V_SYS
[    2.157820] +5V_USB_HS: supplied by +5V_SYS
[    2.162178] +5V_USB_SS: supplied by +5V_SYS
[    2.166873] +3.3V_PANEL: supplied by +3.3V_RUN
[    2.171823] +3.3V_LP0: supplied by +3.3V_SYS
[    2.176778] +1.05V_RUN_AVDD_HDMI_PLL: supplied by +1.05V_RUN
[    2.182547] elan_i2c 1-0015: failed to read report data: -121
[    2.182756] +5V_HDMI_CON: supplied by +5V_SYS
[    2.183568]  usb3-0: usb3-0 supply vbus not found, using dummy regulator
[    2.183623]  usb3-1: usb3-1 supply vbus not found, using dummy regulator
[    2.207545] tegra-sor 54540000.sor: failed to probe output: -517
[    2.214121] panel-simple panel: panel supply power not found, using dummy regulator
[    2.222722] sdhci-tegra 700b0000.sdhci: allocated mmc-pwrseq
[    2.236395] mmc1: Unknown controller version (3). You may experience problems.
[    2.243683] mmc1: Invalid maximum block size, assuming 512 bytes
[    2.249990] mmc1: Switching to 3.3V signalling voltage failed
[    2.312202] mmc1: SDHCI controller on 700b0000.sdhci [700b0000.sdhci] using ADMA
[    2.319647] elan_i2c 1-0015: invalid report id data (ff)
[    2.320657] sdhci-tegra 700b0400.sdhci: Got CD GPIO
[    2.320666] sdhci-tegra 700b0400.sdhci: Got WP GPIO
[    2.329156] mmc2: Unknown controller version (3). You may experience problems.
[    2.329212] mmc2: Invalid maximum block size, assuming 512 bytes
[    2.357047] mmc1: new high speed SDIO card at address 0001
[    2.412278] mmc2: SDHCI controller on 700b0400.sdhci [700b0400.sdhci] using ADMA
[    2.512169] [drm] Supports vblank timestamp caching Rev 2 (21.10.2013).
[    2.518771] [drm] No driver support for vblank timestamp query.
[    2.562555] mmc2: new high speed SDHC card at address 0007
[    2.562796] mmcblk2: mmc2:0007 SD08G 7.42 GiB 
[    2.573153] GPT:Primary header alternate_lba != Alt. header my_lba
[    2.573157] GPT:3014591 != 15564799
[    2.573159] GPT:Primary header thinks Alt. header is not at the end of the disk.
[    2.573160] GPT:3014591 != 15564799
[    2.573161] GPT: Use GNU Parted to correct GPT errors.
[    2.573186]  mmcblk2: p1 p2 p3 p4 p5 p6 p7 p8 p9 p10 p11 p12
[    2.606880] Console: switching to colour frame buffer device 170x48
[    2.671002] drm drm: fb0:  frame buffer device
[    2.675486] [drm] Initialized tegra 0.0.0 20120330 for drm on minor 0
[    2.682738] input: gpio-keys as /devices/soc0/gpio-keys/input/input1
[    2.689683] as3722-rtc as3722-rtc: setting system clock to 2000-01-01 00:00:24 UTC (946684824)
[    2.698719] +1.8V_RUN_CAM: disabling
[    2.702526] +3.3V_RUN_CAM: disabling
[    2.706293] +1.2V_RUN_CAM_FRONT: disabling
[    2.710486] +1.05V_RUN_CAM_REAR: disabling
[    2.714833] +2.8V_RUN_TOUCH: disabling
[    2.718680] +2.8V_RUN_CAM_AF: disabling
[    2.722703] +1.8V_RUN_VPP_FUSE: disabling
[    2.726810] +5V_VDD_TS_SW: disabling
[    2.730376] +5V_USB_HS: disabling
[    2.733728] +5V_USB_SS: disabling
[    2.737837] EXT4-fs (mmcblk0p3): couldn't mount as ext3 due to feature incompatibilities
[    2.746548] EXT4-fs (mmcblk0p3): couldn't mount as ext2 due to feature incompatibilities
[    2.998163] EXT4-fs (mmcblk0p3): recovery complete
[    3.002988] EXT4-fs (mmcblk0p3): mounted filesystem with ordered data mode. Opts: (null)
[    3.011079] VFS: Mounted root (ext4 filesystem) on device 179:3.
[    3.018310] devtmpfs: mounted
[    3.021995] Freeing unused kernel memory: 2048K
bash: cannot set terminal process group (-1): Inappropriate ioctl for device
bash: no job control in this shell
root@(none):/# mount -t sysfs none /sys
root@(none):/# 
root@(none):/# mount -t debugfs none /sys/kernel/debug
root@(none):/# 
root@(none):/# rtcwake -d rtc1 -m mem -s 3
rtcwake: assuming RTC uses UTC ...
rtcwake: wakeup from "mem" using /dev/rtc1 at Thu Jan  1 00:00:29 1970
[    5.792217] PM: suspend entry (deep)
[    5.795786] PM: Syncing filesystems ... done.
[    5.806681] Freezing user space processes ... (elapsed 0.001 seconds) done.
[    5.814810] OOM killer disabled.
[    5.818027] Freezing remaining freezable tasks ... (elapsed 0.001 seconds) done.
[    5.826574] Suspending console(s) (use no_console_suspend to debug)
[    5.872717] Disabling non-boot CPUs ...
[    5.922371] IRQ17 no longer affine to CPU1
[    6.032928] Entering suspend state LP1
[    6.032941] Enabling non-boot CPUs ...
[    6.033234] CPU1 is up
[    6.033479] CPU2 is up
[    6.033758] CPU3 is up
[    6.193601] mmc1: Switching to 3.3V signalling voltage failed
[    6.452201] tegra-sor 54540000.sor: failed to attach SOR: -110
[    6.516514] OOM killer enabled.
[    6.519643] Restarting tasks ... done.
[    6.531276] PM: suspend exit
root@(none):/# 
root@(none):/# rtcwake -d rtc1 -m mem -s 3
rtcwake: assuming RTC uses UTC ...
rtcwake: wakeup from "mem" using /dev/rtc1 at Thu Jan  1 00:00:33 1970
[    6.952439] PM: suspend entry (deep)
[    6.956009] PM: Syncing filesystems ... done.
[    6.981596] Freezing user space processes ... (elapsed 0.001 seconds) done.
[    6.989701] OOM killer disabled.
[    6.992936] Freezing remaining freezable tasks ... (elapsed 0.001 seconds) done.
[    7.001492] Suspending console(s) (use no_console_suspend to debug)
[    7.047940] Disabling non-boot CPUs ...
[    7.242738] Entering suspend state LP1
[    7.242751] Enabling non-boot CPUs ...
[    7.243055] CPU1 is up
[    7.243302] CPU2 is up
[    7.243584] CPU3 is up
[    7.403508] mmc1: Switching to 3.3V signalling voltage failed
[    7.662133] tegra-sor 54540000.sor: failed to attach SOR: -110
[    7.722416] OOM killer enabled.
[    7.725545] Restarting tasks ... done.
[    7.741329] PM: suspend exit
root@(none):/# 
root@(none):/# rtcwake -d rtc1 -m mem -s 3
rtcwake: assuming RTC uses UTC ...
rtcwake: wakeup from "mem" using /dev/rtc1 at Thu Jan  1 00:00:37 1970
[    8.162410] PM: suspend entry (deep)
[    8.165981] PM: Syncing filesystems ... done.
[    8.191576] Freezing user space processes ... (elapsed 0.001 seconds) done.
[    8.199632] OOM killer disabled.
[    8.202880] Freezing remaining freezable tasks ... (elapsed 0.001 seconds) done.
[    8.211486] Suspending console(s) (use no_console_suspend to debug)
[    8.258144] Disabling non-boot CPUs ...
[    8.382277] IRQ17 no longer affine to CPU2
[    8.442718] Entering suspend state LP1
[    8.442731] Enabling non-boot CPUs ...
[    8.443036] CPU1 is up
[    8.443284] CPU2 is up
[    8.443562] CPU3 is up
[    8.603592] mmc1: Switching to 3.3V signalling voltage failed
[    8.862102] tegra-sor 54540000.sor: failed to attach SOR: -110
[    8.926515] OOM killer enabled.
[    8.929644] Restarting tasks ... done.
[    8.941281] PM: suspend exit
root@(none):/# 
root@(none):/# rtcwake -d rtc1 -m mem -s 3
rtcwake: assuming RTC uses UTC ...
rtcwake: wakeup from "mem" using /dev/rtc1 at Thu Jan  1 00:00:41 1970
[    9.371907] PM: suspend entry (deep)
[    9.375509] PM: Syncing filesystems ... done.
[    9.391550] Freezing user space processes ... (elapsed 0.001 seconds) done.
[    9.399662] OOM killer disabled.
[    9.402895] Freezing remaining freezable tasks ... (elapsed 0.001 seconds) done.
[    9.411451] Suspending console(s) (use no_console_suspend to debug)
[    9.457690] Disabling non-boot CPUs ...
[    9.492256] IRQ17 no longer affine to CPU1
[    9.632673] Entering suspend state LP1
[    9.632686] Enabling non-boot CPUs ...
[    9.632991] CPU1 is up
[    9.633237] CPU2 is up
[    9.633515] CPU3 is up
[    9.793568] mmc1: Switching to 3.3V signalling voltage failed
[   10.052093] tegra-sor 54540000.sor: failed to attach SOR: -110
[   10.116548] OOM killer enabled.
[   10.119677] Restarting tasks ... done.
[   10.131319] PM: suspend exit
root@(none):/# 
root@(none):/# rtcwake -d rtc1 -m mem -s 3
rtcwake: assuming RTC uses UTC ...
rtcwake: wakeup from "mem" using /dev/rtc1 at Thu Jan  1 00:00:45 1970
[   10.562378] PM: suspend entry (deep)
[   10.565949] PM: Syncing filesystems ... done.
[   10.581544] Freezing user space processes ... (elapsed 0.001 seconds) done.
[   10.589605] OOM killer disabled.
[   10.592837] Freezing remaining freezable tasks ... (elapsed 0.001 seconds) done.
[   10.601374] Suspending console(s) (use no_console_suspend to debug)
[   10.647881] Disabling non-boot CPUs ...
[   10.832665] Entering suspend state LP1
[   10.832678] Enabling non-boot CPUs ...
[   10.832985] CPU1 is up
[   10.833230] CPU2 is up
[   10.833508] CPU3 is up
[   10.993607] mmc1: Switching to 3.3V signalling voltage failed
[   11.252078] tegra-sor 54540000.sor: failed to attach SOR: -110
[   11.312312] OOM killer enabled.
[   11.315441] Restarting tasks ... done.
[   11.331222] PM: suspend exit
root@(none):/# 
root@(none):/# rtcwake -d rtc1 -m mem -s 3
rtcwake: assuming RTC uses UTC ...
rtcwake: wakeup from "mem" using /dev/rtc1 at Thu Jan  1 00:00:49 1970
[   11.762236] PM: suspend entry (deep)
[   11.765804] PM: Syncing filesystems ... done.
[   11.781433] Freezing user space processes ... (elapsed 0.001 seconds) done.
[   11.789546] OOM killer disabled.
[   11.792781] Freezing remaining freezable tasks ... (elapsed 0.001 seconds) done.
[   11.801317] Suspending console(s) (use no_console_suspend to debug)
[   11.847899] Disabling non-boot CPUs ...
[   12.012645] Entering suspend state LP1
[   12.012658] Enabling non-boot CPUs ...
[   12.012966] CPU1 is up
[   12.013213] CPU2 is up
[   12.013489] CPU3 is up
[   12.173596] mmc1: Switching to 3.3V signalling voltage failed
[   12.432110] tegra-sor 54540000.sor: failed to attach SOR: -110
[   12.492297] OOM killer enabled.
[   12.495426] Restarting tasks ... done.
[   12.511208] PM: suspend exit
root@(none):/# 
root@(none):/# rtcwake -d rtc1 -m mem -s 3
rtcwake: assuming RTC uses UTC ...
rtcwake: wakeup from "mem" using /dev/rtc1 at Thu Jan  1 00:00:53 1970
[   12.941894] PM: suspend entry (deep)
[   12.945496] PM: Syncing filesystems ... done.
[   12.961406] Freezing user space processes ... (elapsed 0.001 seconds) done.
[   12.969514] OOM killer disabled.
[   12.972748] Freezing remaining freezable tasks ... (elapsed 0.001 seconds) done.
[   12.981304] Suspending console(s) (use no_console_suspend to debug)
[   13.027420] Disabling non-boot CPUs ...
[   13.132189] IRQ17 no longer affine to CPU2
[   13.192615] Entering suspend state LP1
[   13.192628] Enabling non-boot CPUs ...
[   13.192935] CPU1 is up
[   13.193183] CPU2 is up
[   13.193463] CPU3 is up
[   13.353570] mmc1: Switching to 3.3V signalling voltage failed
[   13.612087] tegra-sor 54540000.sor: failed to attach SOR: -110
[   13.676346] OOM killer enabled.
[   13.679475] Restarting tasks ... done.
[   13.691112] PM: suspend exit
root@(none):/# 
root@(none):/# rtcwake -d rtc1 -m mem -s 3
rtcwake: assuming RTC uses UTC ...
rtcwake: wakeup from "mem" using /dev/rtc1 at Thu Jan  1 00:00:57 1970
[   14.122309] PM: suspend entry (deep)
[   14.125880] PM: Syncing filesystems ... done.
[   14.141426] Freezing user space processes ... (elapsed 0.001 seconds) done.
[   14.149542] OOM killer disabled.
[   14.152778] Freezing remaining freezable tasks ... (elapsed 0.001 seconds) done.
[   14.161336] Suspending console(s) (use no_console_suspend to debug)
[   14.207900] Disabling non-boot CPUs ...
[   14.392603] Entering suspend state LP1
[   14.392616] Enabling non-boot CPUs ...
[   14.392924] CPU1 is up
[   14.393171] CPU2 is up
[   14.393453] CPU3 is up
[   14.553504] mmc1: Switching to 3.3V signalling voltage failed
[   14.811996] tegra-sor 54540000.sor: failed to attach SOR: -110
[   14.872263] OOM killer enabled.
[   14.875392] Restarting tasks ... done.
[   14.891172] PM: suspend exit
root@(none):/# 
root@(none):/# rtcwake -d rtc1 -m mem -s 3
rtcwake: assuming RTC uses UTC ...
rtcwake: wakeup from "mem" using /dev/rtc1 at Thu Jan  1 00:01:01 1970
[   15.322320] PM: suspend entry (deep)
[   15.325890] PM: Syncing filesystems ... done.
[   15.341419] Freezing user space processes ... (elapsed 0.001 seconds) done.
[   15.349470] OOM killer disabled.
[   15.352703] Freezing remaining freezable tasks ... (elapsed 0.001 seconds) done.
[   15.361241] Suspending console(s) (use no_console_suspend to debug)
[   15.407791] Disabling non-boot CPUs ...
[   15.582594] Entering suspend state LP1
[   15.582607] Enabling non-boot CPUs ...
[   15.582915] CPU1 is up
[   15.583161] CPU2 is up
[   15.583441] CPU3 is up
[   15.743476] mmc1: Switching to 3.3V signalling voltage failed
[   16.001977] tegra-sor 54540000.sor: failed to attach SOR: -110
[   16.062241] OOM killer enabled.
[   16.065370] Restarting tasks ... done.
[   16.081152] PM: suspend exit
root@(none):/# 
root@(none):/# rtcwake -d rtc1 -m mem -s 3
rtcwake: assuming RTC uses UTC ...
rtcwake: wakeup from "mem" using /dev/rtc1 at Thu Jan  1 00:01:05 1970
[   16.512100] PM: suspend entry (deep)
[   16.515669] PM: Syncing filesystems ... done.
[   16.531397] Freezing user space processes ... (elapsed 0.001 seconds) done.
[   16.539459] OOM killer disabled.
[   16.542690] Freezing remaining freezable tasks ... (elapsed 0.001 seconds) done.
[   16.551227] Suspending console(s) (use no_console_suspend to debug)
[   16.597723] Disabling non-boot CPUs ...
[   16.702126] IRQ17 no longer affine to CPU2
[   16.762554] Entering suspend state LP1
[   16.762567] Enabling non-boot CPUs ...
[   16.762874] CPU1 is up
[   16.763122] CPU2 is up
[   16.763400] CPU3 is up
[   16.923469] mmc1: Switching to 3.3V signalling voltage failed
[   17.181969] tegra-sor 54540000.sor: failed to attach SOR: -110
[   17.246314] OOM killer enabled.
[   17.249443] Restarting tasks ... done.
[   17.261065] PM: suspend exit
root@(none):/# 
root@(none):/# NVTB SYSTEM SUSPEND TEST COMPLETE
