

U-Boot 2015.04-00466-gedec83e90172 (Mar 14 2016 - 10:42:01)

TEGRA124
Model: Acer Chromebook 13 CB5-311
DRAM:  4 GiB
:   Tegra SD/MMC: 0, Tegra SD/MMC: 1, Tegra SD/MMC: 2
MMC init failed
Using default environment

In:    serial
Out:   serial
Err:   serial
Net:   Net Initialization Skipped
No ethernet found.
Hit any key to stop autoboot:  2  0 
Tegra124 (Nyan-big) # 
Tegra124 (Nyan-big) # usb start
starting USB...
USB0:   USB EHCI 1.10
scanning bus 0 for devices... 2 USB Device(s) found
USB1:   USB EHCI 1.10
scanning bus 1 for devices... 2 USB Device(s) found
       scanning usb for storage devices... 1 Storage Device(s) found
       scanning usb for ethernet devices... 
Warning: asx0 using MAC address from net device
1 Ethernet Device(s) found
Tegra124 (Nyan-big) # mw 0x7000e4a0 0x00080000
Tegra124 (Nyan-big) # setenv bootargs 'ignore_loglevel console=ttyS0,115200n8 rw root=PARTUUID=4d36e82a-b3c0-4b4b-bfcd-afe5217ac023 rootwait gpt debug noinitrd earlyprintk init=/bin/bash'
Tegra124 (Nyan-big) # setenv ipaddr 192.168.100.102; setenv serverip 192.168.100.1; setenv tftpserverip 192.168.100.1
Tegra124 (Nyan-big) # tftpboot 0x82000000 zImage.tegra_defconfig
Using asx0 device
TFTP from server 192.168.100.1; our IP address is 192.168.100.102
Filename 'zImage.tegra_defconfig'.
Load address: 0x82000000
Loading: *#################################################################
	 #################################################################
	 #################################################################
	 #################################################################
	 #################################################################
	 #################################################################
	 ########################################
	 3.5 MiB/s
done
Bytes transferred = 6302664 (602bc8 hex)
Tegra124 (Nyan-big) # tftpboot 0x83000000 tegra124-nyan-big.dtb
Using asx0 device
TFTP from server 192.168.100.1; our IP address is 192.168.100.102
Filename 'tegra124-nyan-big.dtb'.
Load address: 0x83000000
Loading: *#####
	 3.4 MiB/s
done
Bytes transferred = 68203 (10a6b hex)
Tegra124 (Nyan-big) # bootz 0x82000000 - 0x83000000
Kernel image @ 0x82000000 [ 0x000000 - 0x602bc8 ]
## Flattened Device Tree blob at 83000000
   Booting using the fdt blob at 0x83000000
   Using Device Tree in place at 83000000, end 83013a6a

Starting kernel ...

Uncompressing Linux... done, booting the kernel.
[    0.000000] Booting Linux on physical CPU 0x0
[    0.000000] Linux version 4.14.0-rc4-next-20171009-204940-g49827b9 (jonathanh@kaivo) (gcc version 4.7.3 20130328 (prerelease) (crosstool-NG linaro-1.13.1-4.7-2013.04-20130415 - Linaro GCC 2013.04)) #1 SMP PREEMPT Mon Oct 9 14:36:12 PDT 2017
[    0.000000] CPU: ARMv7 Processor [413fc0f3] revision 3 (ARMv7), cr=10c5387d
[    0.000000] CPU: div instructions available: patching division code
[    0.000000] CPU: PIPT / VIPT nonaliasing data cache, PIPT instruction cache
[    0.000000] OF: fdt: Machine model: Acer Chromebook 13 CB5-311
[    0.000000] OF: fdt: Ignoring memory range 0x100000000 - 0x17ffff000
[    0.000000] debug: ignoring loglevel setting.
[    0.000000] bootconsole [earlycon0] enabled
[    0.000000] Memory policy: Data cache writealloc
[    0.000000] cma: Reserved 64 MiB at 0xfbc00000
[    0.000000] On node 0 totalpages: 524287
[    0.000000] free_area_init_node: node 0, pgdat c0fb1480, node_mem_map eeff7000
[    0.000000]   Normal zone: 1536 pages used for memmap
[    0.000000]   Normal zone: 0 pages reserved
[    0.000000]   Normal zone: 196608 pages, LIFO batch:31
[    0.000000]   HighMem zone: 327679 pages, LIFO batch:31
[    0.000000] random: fast init done
[    0.000000] percpu: Embedded 17 pages/cpu @eef82000 s39680 r8192 d21760 u69632
[    0.000000] pcpu-alloc: s39680 r8192 d21760 u69632 alloc=17*4096
[    0.000000] pcpu-alloc: [0] 0 [0] 1 [0] 2 [0] 3 
[    0.000000] Built 1 zonelists, mobility grouping on.  Total pages: 522751
[    0.000000] Kernel command line: ignore_loglevel console=ttyS0,115200n8 rw root=PARTUUID=4d36e82a-b3c0-4b4b-bfcd-afe5217ac023 rootwait gpt debug noinitrd earlyprintk init=/bin/bash
[    0.000000] PID hash table entries: 4096 (order: 2, 16384 bytes)
[    0.000000] Dentry cache hash table entries: 131072 (order: 7, 524288 bytes)
[    0.000000] Inode-cache hash table entries: 65536 (order: 6, 262144 bytes)
[    0.000000] Memory: 1998440K/2097148K available (9216K kernel code, 786K rwdata, 2792K rodata, 1024K init, 297K bss, 33172K reserved, 65536K cma-reserved, 1245180K highmem)
[    0.000000] Virtual kernel memory layout:
[    0.000000]     vector  : 0xffff0000 - 0xffff1000   (   4 kB)
[    0.000000]     fixmap  : 0xffc00000 - 0xfff00000   (3072 kB)
[    0.000000]     vmalloc : 0xf0800000 - 0xff800000   ( 240 MB)
[    0.000000]     lowmem  : 0xc0000000 - 0xf0000000   ( 768 MB)
[    0.000000]     pkmap   : 0xbfe00000 - 0xc0000000   (   2 MB)
[    0.000000]     modules : 0xbf000000 - 0xbfe00000   (  14 MB)
[    0.000000]       .text : 0xc0008000 - 0xc0a00000   (10208 kB)
[    0.000000]       .init : 0xc0e00000 - 0xc0f00000   (1024 kB)
[    0.000000]       .data : 0xc0f00000 - 0xc0fc4ad4   ( 787 kB)
[    0.000000]        .bss : 0xc0fc4ad4 - 0xc100f274   ( 298 kB)
[    0.000000] Preemptible hierarchical RCU implementation.
[    0.000000] 	Tasks RCU enabled.
[    0.000000] NR_IRQS: 16, nr_irqs: 16, preallocated irqs: 16
[    0.000000] /interrupt-controller@60004000: 160 interrupts forwarded to /interrupt-controller@50041000
[    0.000000] Tegra clk 127: register failed with -17
[    0.000004] sched_clock: 32 bits at 1000kHz, resolution 1000ns, wraps every 2147483647500ns
[    0.008103] clocksource: timer_us: mask: 0xffffffff max_cycles: 0xffffffff, max_idle_ns: 1911260446275 ns
[    0.017722] Switching to timer-based delay loop, resolution 1000ns
[    0.024351] arch_timer: cp15 timer(s) running at 12.00MHz (virt).
[    0.030116] clocksource: arch_sys_counter: mask: 0xffffffffffffff max_cycles: 0x2c47f4ee7, max_idle_ns: 440795202497 ns
[    0.040949] sched_clock: 56 bits at 12MHz, resolution 83ns, wraps every 4398046511096ns
[    0.049007] Switching to timer-based delay loop, resolution 83ns
[    0.055268] Console: colour dummy device 80x30
[    0.059588] Calibrating delay loop (skipped), value calculated using timer frequency.. 24.00 BogoMIPS (lpj=120000)
[    0.069985] pid_max: default: 32768 minimum: 301
[    0.074841] Mount-cache hash table entries: 2048 (order: 1, 8192 bytes)
[    0.081340] Mountpoint-cache hash table entries: 2048 (order: 1, 8192 bytes)
[    0.088766] CPU: Testing write buffer coherency: ok
[    0.093524] /cpus/cpu@0 missing clock-frequency property
[    0.098763] /cpus/cpu@1 missing clock-frequency property
[    0.104147] /cpus/cpu@2 missing clock-frequency property
[    0.109511] /cpus/cpu@3 missing clock-frequency property
[    0.114879] CPU0: thread -1, cpu 0, socket 0, mpidr 80000000
[    0.154921] Setting up static identity map for 0x80100000 - 0x801000a0
[    0.159662] Hierarchical SRCU implementation.
[    0.175139] Tegra Revision: A01 SKU: 131 CPU Process: 1 SoC Process: 1
[    0.194926] smp: Bringing up secondary CPUs ...
[    0.245173] CPU1: thread -1, cpu 1, socket 0, mpidr 80000001
[    0.325199] CPU2: thread -1, cpu 2, socket 0, mpidr 80000002
[    0.405238] CPU3: thread -1, cpu 3, socket 0, mpidr 80000003
[    0.415068] smp: Brought up 1 node, 4 CPUs
[    0.434492] SMP: Total of 4 processors activated (96.00 BogoMIPS).
[    0.440736] CPU: All CPU(s) started in SVC mode.
[    0.446110] devtmpfs: initialized
[    0.455450] VFP support v0.3: implementor 41 architecture 4 part 30 variant f rev 0
[    0.461396] clocksource: jiffies: mask: 0xffffffff max_cycles: 0xffffffff, max_idle_ns: 19112604462750000 ns
[    0.471167] futex hash table entries: 1024 (order: 4, 65536 bytes)
[    0.477916] pinctrl core: initialized pinctrl subsystem
[    0.483148] NET: Registered protocol family 16
[    0.487737] DMA: preallocated 256 KiB pool for atomic coherent allocations
[    0.494588] cpuidle: using governor menu
[    0.505859] No ATAGs?
[    0.505916] hw-breakpoint: found 5 (+1 reserved) breakpoint and 4 watchpoint registers.
[    0.514429] hw-breakpoint: maximum watchpoint size is 8 bytes.
[    0.521270] tegra-mc 70019000.memory-controller: no memory timings for RAM code 0 registered
[    0.528948] iommu: Adding device reg-dummy to group 0
[    0.533947] iommu: Adding device 50000000.host1x to group 1
[    0.539585] iommu: Adding device 54200000.dc to group 2
[    0.544865] iommu: Adding device 54240000.dc to group 3
[    0.550146] iommu: Adding device 54280000.hdmi to group 4
[    0.555596] iommu: Adding device 54540000.sor to group 5
[    0.560976] iommu: Adding device 545c0000.dpaux to group 6
[    0.566530] iommu: Adding device 57000000.gpu to group 7
[    0.571895] iommu: Adding device 60005000.timer to group 8
[    0.577436] iommu: Adding device 60007000.flow-controller to group 9
[    0.583857] iommu: Adding device 6000c800.actmon to group 10
[    0.589569] iommu: Adding device 6000d000.gpio to group 11
[    0.595122] iommu: Adding device 60020000.dma to group 12
[    0.600576] iommu: Adding device 70000800.apbmisc to group 13
[    0.606391] iommu: Adding device 70000868.pinmux to group 14
[    0.612102] iommu: Adding device 70006000.serial to group 15
[    0.617828] iommu: Adding device 7000a000.pwm to group 16
[    0.623285] iommu: Adding device 7000c000.i2c to group 17
[    0.628748] iommu: Adding device 7000c400.i2c to group 18
[    0.634202] iommu: Adding device 7000c500.i2c to group 19
[    0.639669] iommu: Adding device 7000c700.i2c to group 20
[    0.645122] iommu: Adding device 7000d000.i2c to group 21
[    0.650591] iommu: Adding device 7000d400.spi to group 22
[    0.656043] iommu: Adding device 7000da00.spi to group 23
[    0.661511] iommu: Adding device 7000e000.rtc to group 24
[    0.666965] iommu: Adding device 7000e400.pmc to group 25
[    0.672428] iommu: Adding device 7000f800.fuse to group 26
[    0.677971] iommu: Adding device 70019000.memory-controller to group 27
[    0.684648] iommu: Adding device 7001b000.emc to group 28
[    0.690103] iommu: Adding device 70030000.hda to group 29
[    0.695569] iommu: Adding device 70090000.usb to group 30
[    0.701025] iommu: Adding device 7009f000.padctl to group 31
[    0.706748] iommu: Adding device 700b0000.sdhci to group 32
[    0.712376] iommu: Adding device 700b0400.sdhci to group 33
[    0.718015] iommu: Adding device 700b0600.sdhci to group 34
[    0.723642] iommu: Adding device 700e2000.thermal-sensor to group 35
[    0.730067] iommu: Adding device 70300000.ahub to group 36
[    0.735603] iommu: Adding device pmu to group 37
[    0.740294] iommu: Adding device timer to group 38
[    0.745136] iommu: Adding device sdhci0_pwrseq to group 39
[    0.750689] iommu: Adding device backlight to group 40
[    0.755882] iommu: Adding device clocks to group 41
[    0.760828] iommu: Adding device gpio-keys to group 42
[    0.766022] iommu: Adding device regulators to group 43
[    0.771315] iommu: Adding device regulators:regulator@0 to group 44
[    0.777636] iommu: Adding device regulators:regulator@1 to group 45
[    0.783972] iommu: Adding device regulators:regulator@2 to group 46
[    0.790289] iommu: Adding device regulators:regulator@3 to group 47
[    0.796622] iommu: Adding device regulators:regulator@4 to group 48
[    0.802943] iommu: Adding device regulators:regulator@5 to group 49
[    0.809274] iommu: Adding device regulators:regulator@6 to group 50
[    0.815596] iommu: Adding device regulators:regulator@7 to group 51
[    0.821928] iommu: Adding device regulators:regulator@8 to group 52
[    0.828255] iommu: Adding device regulators:regulator@9 to group 53
[    0.834582] iommu: Adding device regulators:regulator@10 to group 54
[    0.840989] iommu: Adding device regulators:regulator@11 to group 55
[    0.847409] iommu: Adding device regulators:regulator@12 to group 56
[    0.853818] iommu: Adding device sound to group 57
[    0.858675] iommu: Adding device gpio-restart to group 58
[    0.864129] iommu: Adding device panel to group 59
[    0.874794] +5V_SYS: supplied by +VDD_MUX
[    0.877110] +3.3V_SYS: supplied by +VDD_MUX
[    0.881523] +VDD_LED: Failed to request enable GPIO122: -517
[    0.886940] reg-fixed-voltage regulators:regulator@5: Failed to register regulator: -517
[    0.895130] +5V_VDD_TS_SW: Failed to request enable GPIO81: -517
[    0.901164] reg-fixed-voltage regulators:regulator@6: Failed to register regulator: -517
[    0.909356] +5V_USB_HS: Failed to request enable GPIO108: -517
[    0.915193] reg-fixed-voltage regulators:regulator@7: Failed to register regulator: -517
[    0.923389] +5V_USB_SS: Failed to request enable GPIO109: -517
[    0.929233] reg-fixed-voltage regulators:regulator@8: Failed to register regulator: -517
[    0.937479] +1.05V_RUN_AVDD_HDMI_PLL: Failed to request enable GPIO63: -517
[    0.944399] reg-fixed-voltage regulators:regulator@11: Failed to register regulator: -517
[    0.952671] +5V_HDMI_CON: Failed to request enable GPIO86: -517
[    0.958612] reg-fixed-voltage regulators:regulator@12: Failed to register regulator: -517
[    0.967300] vgaarb: loaded
[    0.969883] SCSI subsystem initialized
[    0.973522] libata version 3.00 loaded.
[    0.977457] usbcore: registered new interface driver usbfs
[    0.982900] usbcore: registered new interface driver hub
[    0.988290] usbcore: registered new device driver usb
[    0.994630] Linux video capture interface: v2.00
[    0.998072] pps_core: LinuxPPS API ver. 1 registered
[    1.003089] pps_core: Software ver. 5.3.6 - Copyright 2005-2007 Rodolfo Giometti <giometti@linux.it>
[    1.012271] PTP clock support registered
[    1.016405] tegra-emc 7001b000.emc: no memory timings for RAM code 0 found in DT
[    1.023705] tegra-emc: probe of 7001b000.emc failed with error -2
[    1.029965] Advanced Linux Sound Architecture Driver Initialized.
[    1.036246] Bluetooth: Core ver 2.22
[    1.039664] NET: Registered protocol family 31
[    1.044169] Bluetooth: HCI device and connection manager initialized
[    1.050567] Bluetooth: HCI socket layer initialized
[    1.055512] Bluetooth: L2CAP socket layer initialized
[    1.060633] Bluetooth: SCO socket layer initialized
[    1.065716] iommu: Adding device regulatory.0 to group 60
[    1.071359] clocksource: Switched to clocksource arch_sys_counter
[    1.109825] NET: Registered protocol family 2
[    1.112754] TCP established hash table entries: 8192 (order: 3, 32768 bytes)
[    1.119490] TCP bind hash table entries: 8192 (order: 4, 65536 bytes)
[    1.126026] TCP: Hash tables configured (established 8192 bind 8192)
[    1.132554] UDP hash table entries: 512 (order: 2, 16384 bytes)
[    1.138363] UDP-Lite hash table entries: 512 (order: 2, 16384 bytes)
[    1.144891] NET: Registered protocol family 1
[    1.149478] RPC: Registered named UNIX socket transport module.
[    1.155175] RPC: Registered udp transport module.
[    1.159931] RPC: Registered tcp transport module.
[    1.164703] RPC: Registered tcp NFSv4.1 backchannel transport module.
[    1.171201] PCI: CLS 0 bytes, default 64
[    1.175913] hw perfevents: enabled with armv7_cortex_a15 PMU driver, 7 counters available
[    1.183720] iommu: Adding device alarmtimer to group 61
[    1.189184] workingset: timestamp_bits=30 max_order=19 bucket_order=0
[    1.195692] squashfs: version 4.0 (2009/01/31) Phillip Lougher
[    1.201405] NFS: Registering the id_resolver key type
[    1.206223] Key type id_resolver registered
[    1.210458] Key type id_legacy registered
[    1.216193] bounce: pool size: 64 pages
[    1.218453] io scheduler noop registered (default)
[    1.223306] io scheduler mq-deadline registered
[    1.227878] io scheduler kyber registered
[    1.232628] tegra-xusb-padctl 7009f000.padctl: failed to setup XUSB ports: -517
[    1.245194] tegra-apbdma 60020000.dma: Tegra20 APB DMA driver register 32 channels
[    1.251380] tegra-pmc 7000e400.pmc: i2c-thermtrip node not found, emergency thermal reset disabled.
[    1.260242] Serial: 8250/16550 driver, 4 ports, IRQ sharing disabled
[    1.266506] iommu: Adding device serial8250 to group 62
[    1.272387] console [ttyS0] disabled
[    1.275383] 70006000.serial: ttyS0 at MMIO 0x70006000 (irq = 333, base_baud = 25500000) is a Tegra
[    1.284438] console [ttyS0] enabled
[    1.284438] console [ttyS0] enabled
[    1.290709] bootconsole [earlycon0] disabled
[    1.290709] bootconsole [earlycon0] disabled
[    1.300728] tegra-hdmi 54280000.hdmi: failed to get HDMI regulator
[    1.308447] tegra-dpaux 545c0000.dpaux: failed to get VDD supply: -517
[    1.315904] panel-simple panel: panel supply power not found, using dummy regulator
[    1.327244] loop: module loaded
[    1.330928] as3722 4-0040: AS3722 with revision 0x1 found
[    1.337573] iommu: Adding device as3722-pinctrl to group 63
[    1.344515] iommu: Adding device as3722-regulator to group 64
[    1.352349] as3722-sd2: supplied by +5V_SYS
[    1.356771] as3722-sd3: supplied by +5V_SYS
[    1.361106] +1.35V_LP0(sd3): Bringing 0uV into 1350000-1350000uV
[    1.367298] as3722-sd4: supplied by +5V_SYS
[    1.371653] +1.05V_RUN: Bringing 0uV into 1050000-1050000uV
[    1.377396] as3722-sd5: supplied by +5V_SYS
[    1.383009] as3722-ldo0: supplied by +1.35V_LP0(sd2)
[    1.388747] +1.8V_RUN_CAM: Bringing 0uV into 1800000-1800000uV
[    1.394772] as3722-ldo2: supplied by +1.8V_VDDIO
[    1.400399] as3722-ldo3: supplied by +3.3V_SYS
[    1.404859] +1.00V_LP0_VDD_RTC: Bringing 1100000uV into 1000000-1000000uV
[    1.412445] as3722-ldo4: supplied by +3.3V_SYS
[    1.417043] +3.3V_RUN_CAM: Bringing 0uV into 2800000-2800000uV
[    1.423071] as3722-ldo5: supplied by +1.8V_VDDIO
[    1.427846] +1.2V_RUN_CAM_FRONT: Bringing 0uV into 1200000-1200000uV
[    1.434544] +VDDIO_SDMMC3: Bringing 0uV into 1800000-1800000uV
[    1.440574] as3722-ldo7: supplied by +1.8V_VDDIO
[    1.445353] +1.05V_RUN_CAM_REAR: Bringing 0uV into 1050000-1050000uV
[    1.451911] as3722-ldo9: supplied by +5V_SYS
[    1.456485] +2.8V_RUN_TOUCH: Bringing 0uV into 2800000-2800000uV
[    1.462698] as3722-ldo10: supplied by +5V_SYS
[    1.467210] +2.8V_RUN_CAM_AF: Bringing 0uV into 2800000-2800000uV
[    1.473656] +1.8V_RUN_VPP_FUSE: Bringing 0uV into 1800000-1800000uV
[    1.480173] iommu: Adding device as3722-rtc to group 65
[    1.485455] iommu: Adding device as3722-adc to group 66
[    1.490721] iommu: Adding device as3722-power-off to group 67
[    1.496513] iommu: Adding device as3722-wdt to group 68
[    1.518308] ------------[ cut here ]------------
[    1.522913] kernel BUG at drivers/platform/chrome/cros_ec_proto.c:34!
[    1.529336] Internal error: Oops - BUG: 0 [#1] PREEMPT SMP ARM
[    1.535153] Modules linked in:
[    1.538200] CPU: 0 PID: 1 Comm: swapper/0 Not tainted 4.14.0-rc4-next-20171009-204940-g49827b9 #1
[    1.547051] Hardware name: NVIDIA Tegra SoC (Flattened Device Tree)
[    1.553301] task: ee891740 task.stack: ee8a6000
[    1.557822] PC is at cros_ec_prepare_tx+0x168/0x16c
[    1.562688] LR is at cros_ec_pkt_xfer_spi+0x18/0x474
[    1.567638] pc : [<c06dbe44>]    lr : [<c054a50c>]    psr: 20000013
[    1.573889] sp : ee8a7bb8  ip : 00000000  fp : 00000000
[    1.579099] r10: c054a4f4  r9 : 00000000  r8 : eefe59f8
[    1.584309] r7 : ee28f140  r6 : ee28f140  r5 : ee28f140  r4 : ee270d90
[    1.590819] r3 : 0000ffff  r2 : 00000000  r1 : 0000ffff  r0 : ee270d90
[    1.597330] Flags: nzCv  IRQs on  FIQs on  Mode SVC_32  ISA ARM  Segment none
[    1.604446] Control: 10c5387d  Table: 8000406a  DAC: 00000051
[    1.610176] Process swapper/0 (pid: 1, stack limit = 0xee8a6210)
[    1.616165] Stack: (0xee8a7bb8 to 0xee8a8000)
[    1.620508] 7ba0:                                                       ee270d90 ee28f140
[    1.628665] 7bc0: ee28f1d0 c054a50c c0981db4 00000004 ee8a7c3c ee8a7c3c ee29dc00 00000000
[    1.636822] 7be0: c0597184 00000000 00000008 00000008 00000000 ee8a7bf4 ee8a7bf4 00000000
[    1.644980] 7c00: ee8a7c00 ee8a7c00 ee28f190 ee28f0c0 00000008 00000000 00000000 00000000
[    1.653138] 7c20: c0e90d08 c023bd98 40002800 00000080 eef8ed08 c023e208 002dc6c0 ee8a7bd0
[    1.661296] 7c40: ee8a7bd0 00000000 c06dbc74 005c51e0 3b9aca00 000f4240 00000000 ee8a7c88
[    1.669453] 7c60: 00000001 00000501 c054a4f4 c098668c 00000000 ee28f100 a0000013 c06dbc74
[    1.677611] 7c80: ee28f140 ee270d90 ee28f140 ee29dc00 ee28f140 eefe59f8 00000000 c054a4f4
[    1.685769] 7ca0: 00000000 c06dbbd0 0000400b ee270d90 ee28f140 ee29dc00 0000000c eefe59f8
[    1.693927] 7cc0: c0fef17c c06dbfec 00000000 ee270d90 ee29dc00 00000000 00000000 eefe59f8
[    1.702084] 7ce0: c0f6e5d0 c0549f98 ee8a7cf4 ee29dc00 00000000 00000001 ee29dc00 ee270d90
[    1.710242] 7d00: ee28f1d0 c054a348 00000000 00000000 00000000 000007d0 ee29dc00 00000000
[    1.718399] 7d20: c0f6e5c0 00000000 00000000 c0597bc8 ee29dc00 c1000504 c1000508 c0525ef8
[    1.726557] 7d40: 00000000 ee8a7d78 c0526088 00000001 ee034000 00000000 c10004e0 c0524518
[    1.734715] 7d60: ee9f6170 ee161db8 ee29dc00 ee29dc34 c0f7528c c0525c38 ee29dc00 00000001
[    1.742872] 7d80: 00000000 ee29dc00 ee29dc00 c0f7528c c0f04c48 c052527c ee29dc00 ee29dc08
[    1.751030] 7da0: 00000000 c05238b8 40400000 00000000 ee034350 c059ab5c ee29dc00 e416bf4f
[    1.759188] 7dc0: 00000000 ee29dc00 ee034000 00000000 eea8be10 eefe5a48 00000001 00000000
[    1.767345] 7de0: 00000000 c0597a1c 002dc6c0 ee034000 eefe59f8 00000000 ee29dc00 c05999b8
[    1.775503] 7e00: 00000000 014000c0 00000000 c05993a4 00000063 002dc6c0 ee034000 ee289c90
[    1.783661] 7e20: eea8be00 eea8be10 40000000 00000153 00000000 c0599e78 eefe56e8 ee034348
[    1.791818] 7e40: ee034000 eea8be00 eea8be10 c059aa04 00000000 ee034348 ffffffed eea8be10
[    1.799976] 7e60: fffffdfb c0f75c00 00000000 00000000 c0f75c00 c05277ec c052779c eea8be10
[    1.808134] 7e80: c1000504 c1000508 00000000 c0525ef8 eea8be10 c0f75c00 eea8be44 00000000
[    1.816291] 7ea0: 00000000 c0e6a83c c0e00590 c0526050 00000000 c0f75c00 c0525fa4 c05245b4
[    1.824449] 7ec0: ee8c955c eea37934 c0f75c00 ee28d680 c0f6cb80 c0525450 c0c1c320 c0f75c00
[    1.832607] 7ee0: 00000006 c0f75c00 00000006 c0f04c48 c0e389fc c0526bc8 c0527440 c0e833a0
[    1.840764] 7f00: 00000006 c0101bbc 00000000 ee8a7f24 00000000 c0161e00 00000000 c0cb93ac
[    1.848922] 7f20: 00000110 efffcc45 c0cb93ac 00000110 efffcc53 c013edf4 c0cb7e6c 00000000
[    1.857080] 7f40: 00000006 00000006 efffcc45 efffcc4a 00000000 e416bf4f 00000006 c0e833a0
[    1.865237] 7f60: 00000006 c0e6a830 c0fc4b00 00000110 c0e00590 c0e00dd0 00000006 00000006
[    1.873395] 7f80: 00000000 c0e00590 00000000 c097f9c4 00000000 00000000 00000000 00000000
[    1.881552] 7fa0: 00000000 c097f9cc 00000000 c0107d70 00000000 00000000 00000000 00000000
[    1.889710] 7fc0: 00000000 00000000 00000000 00000000 00000000 00000000 00000000 00000000
[    1.897867] 7fe0: 00000000 00000000 00000000 00000000 00000013 00000000 00000000 00000000
[    1.906031] [<c06dbe44>] (cros_ec_prepare_tx) from [<c054a50c>] (cros_ec_pkt_xfer_spi+0x18/0x474)
[    1.914885] [<c054a50c>] (cros_ec_pkt_xfer_spi) from [<c06dbbd0>] (send_command+0x20/0xd8)
[    1.923130] [<c06dbbd0>] (send_command) from [<c06dbfec>] (cros_ec_query_all+0x1a4/0x398)
[    1.931288] [<c06dbfec>] (cros_ec_query_all) from [<c0549f98>] (cros_ec_register+0x94/0x21c)
[    1.939707] [<c0549f98>] (cros_ec_register) from [<c054a348>] (cros_ec_spi_probe+0x108/0x150)
[    1.948216] [<c054a348>] (cros_ec_spi_probe) from [<c0597bc8>] (spi_drv_probe+0x7c/0xa8)
[    1.956291] [<c0597bc8>] (spi_drv_probe) from [<c0525ef8>] (driver_probe_device+0x238/0x2e4)
[    1.964711] [<c0525ef8>] (driver_probe_device) from [<c0524518>] (bus_for_each_drv+0x44/0x8c)
[    1.973216] [<c0524518>] (bus_for_each_drv) from [<c0525c38>] (__device_attach+0x9c/0x100)
[    1.981462] [<c0525c38>] (__device_attach) from [<c052527c>] (bus_probe_device+0x84/0x8c)
[    1.989621] [<c052527c>] (bus_probe_device) from [<c05238b8>] (device_add+0x39c/0x54c)
[    1.997520] [<c05238b8>] (device_add) from [<c0597a1c>] (spi_add_device+0x88/0x130)
[    2.005159] [<c0597a1c>] (spi_add_device) from [<c05999b8>] (spi_register_controller+0x428/0x8b4)
[    2.014011] [<c05999b8>] (spi_register_controller) from [<c0599e78>] (devm_spi_register_controller+0x34/0x70)
[    2.023904] [<c0599e78>] (devm_spi_register_controller) from [<c059aa04>] (tegra_spi_probe+0x298/0x35c)
[    2.033276] [<c059aa04>] (tegra_spi_probe) from [<c05277ec>] (platform_drv_probe+0x50/0xb0)
[    2.041608] [<c05277ec>] (platform_drv_probe) from [<c0525ef8>] (driver_probe_device+0x238/0x2e4)
[    2.050460] [<c0525ef8>] (driver_probe_device) from [<c0526050>] (__driver_attach+0xac/0xb0)
[    2.058879] [<c0526050>] (__driver_attach) from [<c05245b4>] (bus_for_each_dev+0x54/0x88)
[    2.067038] [<c05245b4>] (bus_for_each_dev) from [<c0525450>] (bus_add_driver+0xe4/0x1f0)
[    2.075197] [<c0525450>] (bus_add_driver) from [<c0526bc8>] (driver_register+0x78/0xf4)
[    2.083184] [<c0526bc8>] (driver_register) from [<c0101bbc>] (do_one_initcall+0x48/0x18c)
[    2.091345] [<c0101bbc>] (do_one_initcall) from [<c0e00dd0>] (kernel_init_freeable+0x10c/0x1d0)
[    2.100026] [<c0e00dd0>] (kernel_init_freeable) from [<c097f9cc>] (kernel_init+0x8/0x114)
[    2.108186] [<c097f9cc>] (kernel_init) from [<c0107d70>] (ret_from_fork+0x14/0x24)
[    2.115738] Code: e2800008 e8bd8070 e7f001f2 e7f001f2 (e7f001f2) 
[    2.121822] ---[ end trace 838e3c38c75bd6de ]---
[    2.126449] Kernel panic - not syncing: Attempted to kill init! exitcode=0x0000000b
[    2.126449] 
[    2.135564] CPU2: stopping
[    2.138262] CPU: 2 PID: 0 Comm: swapper/2 Tainted: G      D          4.14.0-rc4-next-20171009-204940-g49827b9 #1
[    2.148413] Hardware name: NVIDIA Tegra SoC (Flattened Device Tree)
[    2.154669] [<c01111d0>] (unwind_backtrace) from [<c010c168>] (show_stack+0x10/0x14)
[    2.162397] [<c010c168>] (show_stack) from [<c096c060>] (dump_stack+0x84/0xa4)
[    2.169603] [<c096c060>] (dump_stack) from [<c010f71c>] (handle_IPI+0x18c/0x39c)
[    2.176982] [<c010f71c>] (handle_IPI) from [<c0101430>] (gic_handle_irq+0x88/0x94)
[    2.184533] [<c0101430>] (gic_handle_irq) from [<c010cd4c>] (__irq_svc+0x6c/0xa8)
[    2.191995] Exception stack(0xee8e1f70 to 0xee8e1fb8)
[    2.197032] 1f60:                                     00000001 00000000 ee8e1fc8 c011a480
[    2.205190] 1f80: c0f04cd0 c0f04c6c c0e8c3b8 c0f04cdc c0fb7288 00000000 00000001 00000000
[    2.213347] 1fa0: 2e120000 ee8e1fc0 c01087d8 c01087dc 60000013 ffffffff
[    2.219946] [<c010cd4c>] (__irq_svc) from [<c01087dc>] (arch_cpu_idle+0x30/0x3c)
[    2.227329] [<c01087dc>] (arch_cpu_idle) from [<c016296c>] (do_idle+0x148/0x204)
[    2.234709] [<c016296c>] (do_idle) from [<c0162cb0>] (cpu_startup_entry+0x18/0x1c)
[    2.242260] [<c0162cb0>] (cpu_startup_entry) from [<801018ac>] (0x801018ac)
[    2.249205] CPU3: stopping
[    2.251903] CPU: 3 PID: 0 Comm: swapper/3 Tainted: G      D          4.14.0-rc4-next-20171009-204940-g49827b9 #1
[    2.262054] Hardware name: NVIDIA Tegra SoC (Flattened Device Tree)
[    2.268308] [<c01111d0>] (unwind_backtrace) from [<c010c168>] (show_stack+0x10/0x14)
[    2.276033] [<c010c168>] (show_stack) from [<c096c060>] (dump_stack+0x84/0xa4)
[    2.283238] [<c096c060>] (dump_stack) from [<c010f71c>] (handle_IPI+0x18c/0x39c)
[    2.290616] [<c010f71c>] (handle_IPI) from [<c0101430>] (gic_handle_irq+0x88/0x94)
[    2.298167] [<c0101430>] (gic_handle_irq) from [<c010cd4c>] (__irq_svc+0x6c/0xa8)
[    2.305629] Exception stack(0xee8e3f70 to 0xee8e3fb8)
[    2.310666] 3f60:                                     00000001 00000000 ee8e3fc8 c011a480
[    2.318824] 3f80: c0f04cd0 c0f04c6c c0e8c3b8 c0f04cdc c0fb7288 00000000 00000001 00000000
[    2.326982] 3fa0: 2e131000 ee8e3fc0 c01087d8 c01087dc 60000013 ffffffff
[    2.333580] [<c010cd4c>] (__irq_svc) from [<c01087dc>] (arch_cpu_idle+0x30/0x3c)
[    2.340959] [<c01087dc>] (arch_cpu_idle) from [<c016296c>] (do_idle+0x148/0x204)
[    2.348337] [<c016296c>] (do_idle) from [<c0162cb0>] (cpu_startup_entry+0x18/0x1c)
[    2.355888] [<c0162cb0>] (cpu_startup_entry) from [<801018ac>] (0x801018ac)
[    2.362832] CPU1: stopping
[    2.365531] CPU: 1 PID: 0 Comm: swapper/1 Tainted: G      D          4.14.0-rc4-next-20171009-204940-g49827b9 #1
[    2.375682] Hardware name: NVIDIA Tegra SoC (Flattened Device Tree)
[    2.381936] [<c01111d0>] (unwind_backtrace) from [<c010c168>] (show_stack+0x10/0x14)
[    2.389663] [<c010c168>] (show_stack) from [<c096c060>] (dump_stack+0x84/0xa4)
[    2.396868] [<c096c060>] (dump_stack) from [<c010f71c>] (handle_IPI+0x18c/0x39c)
[    2.404246] [<c010f71c>] (handle_IPI) from [<c0101430>] (gic_handle_irq+0x88/0x94)
[    2.411797] [<c0101430>] (gic_handle_irq) from [<c010cd4c>] (__irq_svc+0x6c/0xa8)
[    2.419260] Exception stack(0xee8dff70 to 0xee8dffb8)
[    2.424297] ff60:                                     00000001 00000000 ee8dffc8 c011a480
[    2.432455] ff80: c0f04cd0 c0f04c6c c0e8c3b8 c0f04cdc c0fb7288 00000000 00000001 00000000
[    2.440612] ffa0: 2e10f000 ee8dffc0 c01087d8 c01087dc 60000013 ffffffff
[    2.447211] [<c010cd4c>] (__irq_svc) from [<c01087dc>] (arch_cpu_idle+0x30/0x3c)
[    2.454590] [<c01087dc>] (arch_cpu_idle) from [<c016296c>] (do_idle+0x148/0x204)
[    2.461968] [<c016296c>] (do_idle) from [<c0162cb0>] (cpu_startup_entry+0x18/0x1c)
[    2.469518] [<c0162cb0>] (cpu_startup_entry) from [<801018ac>] (0x801018ac)
[    2.476468] ---[ end Kernel panic - not syncing: Attempted to kill init! exitcode=0x0000000b
[    2.476468] 
