

U-Boot 2015.04-00466-gedec83e90172 (Mar 14 2016 - 10:42:01)

TEGRA124
Model: Acer Chromebook 13 CB5-311
DRAM:  4 GiB
C:   Tegra SD/MMC: 0, Tegra SD/MMC: 1, Tegra SD/MMC: 2
MMC init failed
Using default environment

In:    serial
Out:   serial
Err:   serial
Net:   Net Initialization Skipped
No ethernet found.
Hit any key to stop autoboot:  2  0 
Tegra124 (Nyan-big) # 
Tegra124 (Nyan-big) # usb start
starting USB...
USB0:   USB EHCI 1.10
scanning bus 0 for devices... 2 USB Device(s) found
USB1:   USB EHCI 1.10
scanning bus 1 for devices... 2 USB Device(s) found
       scanning usb for storage devices... 1 Storage Device(s) found
       scanning usb for ethernet devices... 
Warning: asx0 using MAC address from net device
1 Ethernet Device(s) found
Tegra124 (Nyan-big) # mw 0x7000e4a0 0x00080000
Tegra124 (Nyan-big) # setenv bootargs 'ignore_loglevel console=ttyS0,115200n8 rw root=PARTUUID=4d36e82a-b3c0-4b4b-bfcd-afe5217ac023 rootwait gpt debug noinitrd earlyprintk init=/bin/bash'
Tegra124 (Nyan-big) # setenv ipaddr 192.168.100.104; setenv serverip 192.168.100.1; setenv tftpserverip 192.168.100.1
Tegra124 (Nyan-big) # tftpboot 0x82000000 zImage.tegra_defconfig
Using asx0 device
TFTP from server 192.168.100.1; our IP address is 192.168.100.104
Filename 'zImage.tegra_defconfig'.
Load address: 0x82000000
Loading: *#################################################################
	 #################################################################
	 #################################################################
	 #################################################################
	 #################################################################
	 #################################################################
	 #################################
	 3.5 MiB/s
done
Bytes transferred = 6202176 (5ea340 hex)
Tegra124 (Nyan-big) # tftpboot 0x83000000 tegra124-nyan-big.dtb
Using asx0 device
TFTP from server 192.168.100.1; our IP address is 192.168.100.104
Filename 'tegra124-nyan-big.dtb'.
Load address: 0x83000000
Loading: *#####
	 3.4 MiB/s
done
Bytes transferred = 67482 (1079a hex)
Tegra124 (Nyan-big) # bootz 0x82000000 - 0x83000000
Kernel image @ 0x82000000 [ 0x000000 - 0x5ea340 ]
## Flattened Device Tree blob at 83000000
   Booting using the fdt blob at 0x83000000
   Using Device Tree in place at 83000000, end 83013799

Starting kernel ...

[    0.000000] Booting Linux on physical CPU 0x0
[    0.000000] Linux version 4.15.0-rc6-next-20180102-22410-ge0e9981 (jonathanh@kaivo) (gcc version 4.7.3 20130328 (prerelease) (crosstool-NG linaro-1.13.1-4.7-2013.04-20130415 - Linaro GCC 2013.04)) #1 SMP PREEMPT Tue Jan 2 07:15:58 PST 2018
[    0.000000] CPU: ARMv7 Processor [413fc0f3] revision 3 (ARMv7), cr=10c5387d
[    0.000000] CPU: div instructions available: patching division code
[    0.000000] CPU: PIPT / VIPT nonaliasing data cache, PIPT instruction cache
[    0.000000] OF: fdt: Machine model: Acer Chromebook 13 CB5-311
[    0.000000] OF: fdt: Ignoring memory range 0x100000000 - 0x17ffff000
[    0.000000] debug: ignoring loglevel setting.
[    0.000000] bootconsole [earlycon0] enabled
[    0.000000] Memory policy: Data cache writealloc
[    0.000000] cma: Reserved 64 MiB at 0xfbc00000
[    0.000000] On node 0 totalpages: 524287
[    0.000000]   Normal zone: 1536 pages used for memmap
[    0.000000]   Normal zone: 0 pages reserved
[    0.000000]   Normal zone: 196608 pages, LIFO batch:31
[    0.000000]   HighMem zone: 327679 pages, LIFO batch:31
[    0.000000] random: fast init done
[    0.000000] percpu: Embedded 17 pages/cpu @(ptrval) s39104 r8192 d22336 u69632
[    0.000000] pcpu-alloc: s39104 r8192 d22336 u69632 alloc=17*4096
[    0.000000] pcpu-alloc: [0] 0 [0] 1 [0] 2 [0] 3 
[    0.000000] Built 1 zonelists, mobility grouping on.  Total pages: 522751
[    0.000000] Kernel command line: ignore_loglevel console=ttyS0,115200n8 rw root=PARTUUID=4d36e82a-b3c0-4b4b-bfcd-afe5217ac023 rootwait gpt debug noinitrd earlyprintk init=/bin/bash
[    0.000000] Dentry cache hash table entries: 131072 (order: 7, 524288 bytes)
[    0.000000] Inode-cache hash table entries: 65536 (order: 6, 262144 bytes)
[    0.000000] Memory: 1999512K/2097148K available (9216K kernel code, 780K rwdata, 2576K rodata, 1024K init, 298K bss, 32100K reserved, 65536K cma-reserved, 1245180K highmem)
[    0.000000] Virtual kernel memory layout:
[    0.000000]     vector  : 0xffff0000 - 0xffff1000   (   4 kB)
[    0.000000]     fixmap  : 0xffc00000 - 0xfff00000   (3072 kB)
[    0.000000]     vmalloc : 0xf0800000 - 0xff800000   ( 240 MB)
[    0.000000]     lowmem  : 0xc0000000 - 0xf0000000   ( 768 MB)
[    0.000000]     pkmap   : 0xbfe00000 - 0xc0000000   (   2 MB)
[    0.000000]     modules : 0xbf000000 - 0xbfe00000   (  14 MB)
[    0.000000]       .text : 0x(ptrval) - 0x(ptrval)   (10208 kB)
[    0.000000]       .init : 0x(ptrval) - 0x(ptrval)   (1024 kB)
[    0.000000]       .data : 0x(ptrval) - 0x(ptrval)   ( 781 kB)
[    0.000000]        .bss : 0x(ptrval) - 0x(ptrval)   ( 299 kB)
[    0.000000] Preemptible hierarchical RCU implementation.
[    0.000000] 	Tasks RCU enabled.
[    0.000000] NR_IRQS: 16, nr_irqs: 16, preallocated irqs: 16
[    0.000000] /interrupt-controller@60004000: 160 interrupts forwarded to /interrupt-controller@50041000
[    0.000000] Tegra clk 127: register failed with -17
[    0.000003] sched_clock: 32 bits at 1000kHz, resolution 1000ns, wraps every 2147483647500ns
[    0.008014] clocksource: timer_us: mask: 0xffffffff max_cycles: 0xffffffff, max_idle_ns: 1911260446275 ns
[    0.017546] Switching to timer-based delay loop, resolution 1000ns
[    0.024094] arch_timer: cp15 timer(s) running at 12.00MHz (virt).
[    0.029767] clocksource: arch_sys_counter: mask: 0xffffffffffffff max_cycles: 0x2c47f4ee7, max_idle_ns: 440795202497 ns
[    0.040514] sched_clock: 56 bits at 12MHz, resolution 83ns, wraps every 4398046511096ns
[    0.048485] Switching to timer-based delay loop, resolution 83ns
[    0.054671] Console: colour dummy device 80x30
[    0.058895] Calibrating delay loop (skipped), value calculated using timer frequency.. 24.00 BogoMIPS (lpj=120000)
[    0.069203] pid_max: default: 32768 minimum: 301
[    0.073970] Mount-cache hash table entries: 2048 (order: 1, 8192 bytes)
[    0.080385] Mountpoint-cache hash table entries: 2048 (order: 1, 8192 bytes)
[    0.087728] CPU: Testing write buffer coherency: ok
[    0.092400] /cpus/cpu@0 missing clock-frequency property
[    0.097548] /cpus/cpu@1 missing clock-frequency property
[    0.102844] /cpus/cpu@2 missing clock-frequency property
[    0.108122] /cpus/cpu@3 missing clock-frequency property
[    0.113404] CPU0: thread -1, cpu 0, socket 0, mpidr 80000000
[    0.153446] Setting up static identity map for 0x80100000 - 0x801000a0
[    0.158101] Hierarchical SRCU implementation.
[    0.173672] Tegra Revision: A01 SKU: 131 CPU Process: 1 SoC Process: 1
[    0.193450] smp: Bringing up secondary CPUs ...
[    0.243747] CPU1: thread -1, cpu 1, socket 0, mpidr 80000001
[    0.323774] CPU2: thread -1, cpu 2, socket 0, mpidr 80000002
[    0.403812] CPU3: thread -1, cpu 3, socket 0, mpidr 80000003
[    0.413589] smp: Brought up 1 node, 4 CPUs
[    0.432666] SMP: Total of 4 processors activated (96.00 BogoMIPS).
[    0.438825] CPU: All CPU(s) started in SVC mode.
[    0.444112] devtmpfs: initialized
[    0.453622] Built 1 zonelists, mobility grouping on.  Total pages: 516262
[    0.458664] VFP support v0.3: implementor 41 architecture 4 part 30 variant f rev 0
[    0.466290] clocksource: jiffies: mask: 0xffffffff max_cycles: 0xffffffff, max_idle_ns: 19112604462750000 ns
[    0.475913] futex hash table entries: 1024 (order: 4, 65536 bytes)
[    0.482199] pinctrl core: initialized pinctrl subsystem
[    0.487727] NET: Registered protocol family 16
[    0.492135] DMA: preallocated 256 KiB pool for atomic coherent allocations
[    0.499056] cpuidle: using governor menu
[    0.510010] No ATAGs?
[    0.510071] hw-breakpoint: found 5 (+1 reserved) breakpoint and 4 watchpoint registers.
[    0.518412] hw-breakpoint: maximum watchpoint size is 8 bytes.
[    0.525094] tegra-mc 70019000.memory-controller: no memory timings for RAM code 0 registered
[    0.532779] iommu: Adding device 50000000.host1x to group 0
[    0.538188] iommu: Adding device 54200000.dc to group 1
[    0.543388] iommu: Adding device 54240000.dc to group 1
[    0.548588] iommu: Adding device 57000000.gpu to group 2
[    0.559732] +5V_SYS: supplied by +VDD_MUX
[    0.561957] +3.3V_SYS: supplied by +VDD_MUX
[    0.566281] +VDD_LED: Failed to request enable GPIO122: -517
[    0.571618] reg-fixed-voltage regulators:regulator@5: Failed to register regulator: -517
[    0.579719] +5V_VDD_TS_SW: Failed to request enable GPIO81: -517
[    0.585657] reg-fixed-voltage regulators:regulator@6: Failed to register regulator: -517
[    0.593771] +5V_USB_HS: Failed to request enable GPIO108: -517
[    0.599524] reg-fixed-voltage regulators:regulator@7: Failed to register regulator: -517
[    0.607651] +5V_USB_SS: Failed to request enable GPIO109: -517
[    0.613390] reg-fixed-voltage regulators:regulator@8: Failed to register regulator: -517
[    0.621562] +1.05V_RUN_AVDD_HDMI_PLL: Failed to request enable GPIO63: -517
[    0.628384] reg-fixed-voltage regulators:regulator@11: Failed to register regulator: -517
[    0.636581] +5V_HDMI_CON: Failed to request enable GPIO86: -517
[    0.642424] reg-fixed-voltage regulators:regulator@12: Failed to register regulator: -517
[    0.651039] vgaarb: loaded
[    0.653523] SCSI subsystem initialized
[    0.660634] libata version 3.00 loaded.
[    0.662669] usbcore: registered new interface driver usbfs
[    0.668035] usbcore: registered new interface driver hub
[    0.673351] usbcore: registered new device driver usb
[    0.679560] Linux video capture interface: v2.00
[    0.682943] pps_core: LinuxPPS API ver. 1 registered
[    0.687868] pps_core: Software ver. 5.3.6 - Copyright 2005-2007 Rodolfo Giometti <giometti@linux.it>
[    0.696970] PTP clock support registered
[    0.701010] tegra-emc 7001b000.emc: no memory timings for RAM code 0 found in DT
[    0.708230] tegra-emc: probe of 7001b000.emc failed with error -2
[    0.714401] Advanced Linux Sound Architecture Driver Initialized.
[    0.720606] Bluetooth: Core ver 2.22
[    0.723929] NET: Registered protocol family 31
[    0.728339] Bluetooth: HCI device and connection manager initialized
[    0.734660] Bluetooth: HCI socket layer initialized
[    0.739518] Bluetooth: L2CAP socket layer initialized
[    0.744553] Bluetooth: SCO socket layer initialized
[    0.749631] clocksource: Switched to clocksource arch_sys_counter
[    0.787210] NET: Registered protocol family 2
[    0.790034] tcp_listen_portaddr_hash hash table entries: 512 (order: 0, 6144 bytes)
[    0.797297] TCP established hash table entries: 8192 (order: 3, 32768 bytes)
[    0.804344] TCP bind hash table entries: 8192 (order: 4, 65536 bytes)
[    0.810776] TCP: Hash tables configured (established 8192 bind 8192)
[    0.817206] UDP hash table entries: 512 (order: 2, 16384 bytes)
[    0.822951] UDP-Lite hash table entries: 512 (order: 2, 16384 bytes)
[    0.829380] NET: Registered protocol family 1
[    0.833887] RPC: Registered named UNIX socket transport module.
[    0.839482] RPC: Registered udp transport module.
[    0.844172] RPC: Registered tcp transport module.
[    0.848842] RPC: Registered tcp NFSv4.1 backchannel transport module.
[    0.855502] PCI: CLS 0 bytes, default 64
[    0.859864] hw perfevents: enabled with armv7_cortex_a15 PMU driver, 7 counters available
[    0.867963] Initialise system trusted keyrings
[    0.871806] workingset: timestamp_bits=30 max_order=19 bucket_order=0
[    0.878618] squashfs: version 4.0 (2009/01/31) Phillip Lougher
[    0.894237] NFS: Registering the id_resolver key type
[    0.897373] Key type id_resolver registered
[    0.901542] Key type id_legacy registered
[    0.907249] Key type asymmetric registered
[    0.909589] Asymmetric key parser 'x509' registered
[    0.914503] bounce: pool size: 64 pages
[    0.918277] io scheduler noop registered (default)
[    0.923028] io scheduler mq-deadline registered
[    0.927528] io scheduler kyber registered
[    0.932166] tegra-xusb-padctl 7009f000.padctl: failed to setup XUSB ports: -517
[    0.944617] tegra-apbdma 60020000.dma: Tegra20 APB DMA driver register 32 channels
[    0.950797] tegra-pmc 7000e400.pmc: i2c-thermtrip node not found, emergency thermal reset disabled.
[    0.959504] Serial: 8250/16550 driver, 4 ports, IRQ sharing disabled
[    0.966303] console [ttyS0] disabled
[    0.969173] 70006000.serial: ttyS0 at MMIO 0x70006000 (irq = 333, base_baud = 25500000) is a Tegra
[    0.978108] console [ttyS0] enabled
[    0.978108] console [ttyS0] enabled
[    0.984342] bootconsole [earlycon0] disabled
[    0.984342] bootconsole [earlycon0] disabled
[    1.010481] tegra-hdmi 54280000.hdmi: failed to get HDMI regulator
[    1.016960] tegra-dpaux 545c0000.dpaux: failed to get VDD supply: -517
[    1.024595] panel-simple panel: panel supply power not found, using dummy regulator
[    1.036043] loop: module loaded
[    1.039738] as3722 4-0040: AS3722 with revision 0x1 found
[    1.049822] as3722-sd2: supplied by +5V_SYS
[    1.054249] as3722-sd3: supplied by +5V_SYS
[    1.058582] +1.35V_LP0(sd3): Bringing 0uV into 1350000-1350000uV
[    1.064783] as3722-sd4: supplied by +5V_SYS
[    1.069117] +1.05V_RUN: Bringing 0uV into 1050000-1050000uV
[    1.074873] as3722-sd5: supplied by +5V_SYS
[    1.080469] as3722-ldo0: supplied by +1.35V_LP0(sd2)
[    1.086213] +1.8V_RUN_CAM: Bringing 0uV into 1800000-1800000uV
[    1.092237] as3722-ldo2: supplied by +1.8V_VDDIO
[    1.097862] as3722-ldo3: supplied by +3.3V_SYS
[    1.102323] +1.00V_LP0_VDD_RTC: Bringing 1100000uV into 1000000-1000000uV
[    1.109899] as3722-ldo4: supplied by +3.3V_SYS
[    1.114495] +3.3V_RUN_CAM: Bringing 0uV into 2800000-2800000uV
[    1.120530] as3722-ldo5: supplied by +1.8V_VDDIO
[    1.125298] +1.2V_RUN_CAM_FRONT: Bringing 0uV into 1200000-1200000uV
[    1.131994] +VDDIO_SDMMC3: Bringing 0uV into 1800000-1800000uV
[    1.138025] as3722-ldo7: supplied by +1.8V_VDDIO
[    1.142805] +1.05V_RUN_CAM_REAR: Bringing 0uV into 1050000-1050000uV
[    1.149359] as3722-ldo9: supplied by +5V_SYS
[    1.153938] +2.8V_RUN_TOUCH: Bringing 0uV into 2800000-2800000uV
[    1.160150] as3722-ldo10: supplied by +5V_SYS
[    1.164658] +2.8V_RUN_CAM_AF: Bringing 0uV into 2800000-2800000uV
[    1.171111] +1.8V_RUN_VPP_FUSE: Bringing 0uV into 1800000-1800000uV
[    1.193540] cros-ec-spi spi0.0: Chrome EC device registered
[    1.208337] m25p80 spi1.0: w25q32dw (4096 Kbytes)
[    1.213882] libphy: Fixed MDIO Bus: probed
[    1.217967] CAN device driver interface
[    1.221827] igb: Intel(R) Gigabit Ethernet Network Driver - version 5.4.0-k
[    1.228771] igb: Copyright (c) 2007-2014 Intel Corporation.
[    1.234384] pegasus: v0.9.3 (2013/04/25), Pegasus/Pegasus II USB Ethernet driver
[    1.241828] usbcore: registered new interface driver pegasus
[    1.247494] usbcore: registered new interface driver asix
[    1.252904] usbcore: registered new interface driver ax88179_178a
[    1.259002] usbcore: registered new interface driver cdc_ether
[    1.264852] usbcore: registered new interface driver smsc75xx
[    1.270614] usbcore: registered new interface driver smsc95xx
[    1.276361] usbcore: registered new interface driver net1080
[    1.282031] usbcore: registered new interface driver cdc_subset
[    1.287951] usbcore: registered new interface driver zaurus
[    1.293541] usbcore: registered new interface driver cdc_ncm
[    1.299278] ehci_hcd: USB 2.0 'Enhanced' Host Controller (EHCI) Driver
[    1.305796] ehci-pci: EHCI PCI platform driver
[    1.310253] tegra-ehci: Tegra EHCI driver
[    1.314527] usbcore: registered new interface driver cdc_acm
[    1.320178] cdc_acm: USB Abstract Control Model driver for USB modems and ISDN adapters
[    1.328181] usbcore: registered new interface driver cdc_wdm
[    1.333856] usbcore: registered new interface driver usb-storage
[    1.340567] input: cros_ec as /devices/soc0/7000d400.spi/spi_master/spi0/spi0.0/7000d400.spi:cros-ec@0:keyboard-controller/input/input0
[    1.360178] as3722-rtc as3722-rtc: rtc core: registered as3722-rtc as rtc0
[    1.367037] as3722-rtc as3722-rtc: RTC interrupt 372
[    1.373799] tegra_rtc 7000e000.rtc: rtc core: registered 7000e000.rtc as rtc1
[    1.380947] tegra_rtc 7000e000.rtc: Tegra internal Real Time Clock
[    1.387227] i2c /dev entries driver
[    1.391150] usbcore: registered new interface driver uvcvideo
[    1.396880] USB Video Class driver (1.1.1)
[    1.400973] gspca_main: v2.14.0 registered
[    1.405301] lm90 0-004c: 0-004c supply vcc not found, using dummy regulator
[    1.413961] tegra-wdt 60005000.timer: initialized (heartbeat = 120 sec, nowayout = 0)
[    1.422325] sdhci: Secure Digital Host Controller Interface driver
[    1.428490] sdhci: Copyright(c) Pierre Ossman
[    1.432844] sdhci-pltfm: SDHCI platform and OF driver helper
[    1.438613] sdhci-tegra 700b0000.sdhci: allocated mmc-pwrseq
[    1.452413] sdhci-tegra 700b0400.sdhci: Got CD GPIO
[    1.457284] sdhci-tegra 700b0400.sdhci: Got WP GPIO
[    1.477766] mmc0: Unknown controller version (3). You may experience problems.
[    1.485007] mmc0: Invalid maximum block size, assuming 512 bytes
[    1.521784] mmc0: SDHCI controller on 700b0600.sdhci [700b0600.sdhci] using ADMA
[    1.529499] usbcore: registered new interface driver usbhid
[    1.535178] usbhid: USB HID core driver
[    1.541307] tegra30-i2s 70301100.i2s: DMA channels sourced from device 70300000.ahub
[    1.589557] mmc0: new high speed MMC card at address 0001
[    1.595476] max98090 0-0010: MAX98090 REVID=0x43
[    1.596894] mmcblk0: mmc0:0001 MMC16G 14.4 GiB 
[    1.598763] mmcblk0boot0: mmc0:0001 MMC16G partition 1 2.00 MiB
[    1.600664] mmcblk0boot1: mmc0:0001 MMC16G partition 2 2.00 MiB
[    1.600814] mmcblk0rpmb: mmc0:0001 MMC16G partition 3 128 KiB, chardev (247:0)
[    1.603989]  mmcblk0: p1 p2 p3 p4 p5 p6 p7 p8 p9 p10 p11 p12
[    1.631190] max98090 0-0010: use default 2.8v micbias
[    1.638620] tegra-snd-max98090 sound: HiFi <-> 70301100.i2s mapping ok
[    1.646144] input: GoogleNyanBig Headphones as /devices/soc0/sound/sound/card1/input1
[    1.654085] input: GoogleNyanBig Mic Jack as /devices/soc0/sound/sound/card1/input2
[    1.662317] NET: Registered protocol family 10
[    1.667268] Segment Routing with IPv6
[    1.671000] mip6: Mobile IPv6
[    1.673958] sit: IPv6, IPv4 and MPLS over IPv4 tunneling driver
[    1.680419] NET: Registered protocol family 17
[    1.684856] NET: Registered protocol family 15
[    1.689287] can: controller area network core (rev 20170425 abi 9)
[    1.695555] NET: Registered protocol family 29
[    1.699994] can: raw protocol (rev 20170425)
[    1.704251] can: broadcast manager protocol (rev 20170425 t)
[    1.709911] can: netlink gateway (rev 20170425) max_hops=1
[    1.715451] Bluetooth: RFCOMM socket layer initialized
[    1.720596] Bluetooth: RFCOMM ver 1.11
[    1.724337] Bluetooth: BNEP (Ethernet Emulation) ver 1.3
[    1.729643] Bluetooth: BNEP socket layer initialized
[    1.734594] Bluetooth: HIDP (Human Interface Emulation) ver 1.2
[    1.740505] Bluetooth: HIDP socket layer initialized
[    1.745543] Key type dns_resolver registered
[    1.750005] Registering SWP/SWPB emulation handler
[    1.755065] Loading compiled-in X.509 certificates
[    1.766976] +3.3V_RUN: supplied by +3.3V_SYS
[    1.771931] +VDD_LED: supplied by +VDD_MUX
[    1.776127] +3.3V_AVDD_HDMI_AP_GATED: supplied by +3.3V_RUN
[    1.781798] +1.8V_RUN_CAM: supplied by +3.3V_RUN
[    1.786502] +VDDIO_SDMMC3: supplied by +3.3V_RUN
[    1.791260] +1.8V_RUN_VPP_FUSE: supplied by +3.3V_RUN
[    1.796438] +5V_VDD_TS_SW: supplied by +5V_SYS
[    1.801048] +5V_USB_HS: supplied by +5V_SYS
[    1.805365] +5V_USB_SS: supplied by +5V_SYS
[    1.810580] +3.3V_PANEL: supplied by +3.3V_RUN
[    1.816075] +3.3V_LP0: supplied by +3.3V_SYS
[    1.821157] +1.05V_RUN_AVDD_HDMI_PLL: supplied by +1.05V_RUN
[    1.826986] +5V_HDMI_CON: supplied by +5V_SYS
[    1.832224]  usb3-0: usb3-0 supply vbus not found, using dummy regulator
[    1.838961]  usb3-1: usb3-1 supply vbus not found, using dummy regulator
[    1.852409] tegra-sor 54540000.sor: failed to probe output: -517
[    1.858631] panel-simple panel: panel supply power not found, using dummy regulator
[    1.868300] tegra-xusb 70090000.usb: Direct firmware load for nvidia/tegra124/xusb.bin failed with error -2
[    1.878041] tegra-xusb 70090000.usb: failed to request firmware: -2
[    1.884324] tegra-xusb 70090000.usb: failed to load firmware: -2
[    1.891501] tegra-xusb: probe of 70090000.usb failed with error -2
[    1.898079] sdhci-tegra 700b0000.sdhci: allocated mmc-pwrseq
[    1.912065] mmc1: Unknown controller version (3). You may experience problems.
[    1.919311] mmc1: Invalid maximum block size, assuming 512 bytes
[    1.925761] mmc1: Switching to 3.3V signalling voltage failed
[    1.956779] mmc1: SDHCI controller on 700b0000.sdhci [700b0000.sdhci] using ADMA
[    1.964468] sdhci-tegra 700b0400.sdhci: Got CD GPIO
[    1.969339] sdhci-tegra 700b0400.sdhci: Got WP GPIO
[    1.979661] mmc2: Unknown controller version (3). You may experience problems.
[    1.986964] mmc2: Invalid maximum block size, assuming 512 bytes
[    2.022802] mmc1: new high speed SDIO card at address 0001
[    2.028623] mmc2: SDHCI controller on 700b0400.sdhci [700b0400.sdhci] using ADMA
[    2.036206] tegra-sor 54540000.sor: failed to probe output: -517
[    2.042384] panel-simple panel: panel supply power not found, using dummy regulator
[    2.050494] input: gpio-keys as /devices/soc0/gpio-keys/input/input3
[    2.057152] tegra-sor 54540000.sor: failed to probe output: -517
[    2.063180] as3722-rtc as3722-rtc: setting system clock to 2000-01-01 00:00:22 UTC (946684822)
[    2.063530] panel-simple panel: panel supply power not found, using dummy regulator
[    2.079689] cfg80211: Loading compiled-in X.509 certificates for regulatory database
[    2.088843] cfg80211: Loaded X.509 cert 'sforshee: 00b28ddf47aef9cea7'
[    2.095644] platform regulatory.0: Direct firmware load for regulatory.db failed with error -2
[    2.100081] +3.3V_AVDD_HDMI_AP_GATED: disabling
[    2.100095] +1.8V_RUN_CAM: disabling
[    2.104436] +1.2V_RUN_CAM_FRONT: disabling
[    2.109025] +1.05V_RUN_CAM_REAR: disabling
[    2.112598] +2.8V_RUN_TOUCH: disabling
[    2.116759] +2.8V_RUN_CAM_AF: disabling
[    2.120920] +1.8V_RUN_VPP_FUSE: disabling
[    2.124733] +VDD_LED: disabling
[    2.124737] +5V_VDD_TS_SW: disabling
[    2.124742] +5V_USB_HS: disabling
[    2.124745] +5V_USB_SS: disabling
[    2.124748] +3.3V_PANEL: disabling
[    2.124752] +1.05V_RUN_AVDD_HDMI_PLL: disabling
[    2.124754] +5V_HDMI_CON: disabling
[    2.124758] ALSA device list:
[    2.124759]   #1: GoogleNyanBig
[    2.163594] cfg80211: failed to load regulatory.db
[    2.251785] mmc2: new high speed SDHC card at address 0007
[    2.259114] mmcblk2: mmc2:0007 SD08G 7.42 GiB 
[    2.272931] GPT:Primary header alternate_lba != Alt. header my_lba
[    2.279101] GPT:3014591 != 15564799
[    2.282598] GPT:Primary header thinks Alt. header is not at the end of the disk.
[    2.290004] GPT:3014591 != 15564799
[    2.293481] GPT: Use GNU Parted to correct GPT errors.
[    2.298630]  mmcblk2: p1 p2 p3 p4 p5 p6 p7 p8 p9 p10 p11 p12
[    2.307428] tegra-sor 54540000.sor: failed to probe output: -517
[    2.313650] panel-simple panel: panel supply power not found, using dummy regulator
[    2.320475] input: tegra-hda HDMI/DP,pcm=3 as /devices/soc0/70030000.hda/sound/card0/input4
[    2.330406] EXT4-fs (mmcblk0p3): couldn't mount as ext3 due to feature incompatibilities
[    2.338901] tegra-sor 54540000.sor: failed to probe output: -517
[    2.345386] panel-simple panel: panel supply power not found, using dummy regulator
[    2.822184] EXT4-fs (mmcblk0p3): recovery complete
[    2.826972] EXT4-fs (mmcblk0p3): mounted filesystem with ordered data mode. Opts: (null)
[    2.835110] VFS: Mounted root (ext4 filesystem) on device 179:3.
[    2.842122] devtmpfs: mounted
[    2.845523] Freeing unused kernel memory: 1024K
bash: cannot set terminal process group (-1): Inappropriate ioctl for device
bash: no job control in this shell
root@(none):/# mount -t sysfs none /sys
root@(none):/# 
root@(none):/# mount -t debugfs none /sys/kernel/debug
root@(none):/# 
root@(none):/# rtcwake -d rtc1 -m mem -s 3
rtcwake: assuming RTC uses UTC ...
rtcwake: wakeup from "mem" using /dev/rtc1 at Thu Jan  1 00:00:27 1970
[    5.643389] PM: suspend entry (deep)
[    5.646958] PM: Syncing filesystems ... done.
[    5.652915] Freezing user space processes ... (elapsed 0.001 seconds) done.
[    5.661055] OOM killer disabled.
[    5.664275] Freezing remaining freezable tasks ... (elapsed 0.001 seconds) done.
[    5.672898] Suspending console(s) (use no_console_suspend to debug)
[    5.862934] Disabling non-boot CPUs ...
[    5.949819] IRQ17 no longer affine to CPU2
[    6.010432] Entering suspend state LP1
[    6.010457] Enabling non-boot CPUs ...
[    6.011207] CPU1 is up
[    6.011861] CPU2 is up
[    6.012554] CPU3 is up
[    6.053530] cros-ec-spi spi0.0: spi transfer failed: -121
[    6.064826] mmc1: Switching to 3.3V signalling voltage failed
[    6.120933] tegra-sor 54540000.sor: failed to probe output: -517
[    6.121083] panel-simple panel: panel supply power not found, using dummy regulator
[    6.168436] OOM killer enabled.
[    6.171578] Restarting tasks ... done.
[    6.176001] PM: suspend exit
root@(none):/# 
root@(none):/# rtcwake -d rtc1 -m mem -s 3
rtcwake: assuming RTC uses UTC ...
rtcwake: wakeup from "mem" using /dev/rtc1 at Thu Jan  1 00:00:31 1970
[    6.709701] PM: suspend entry (deep)
[    6.713269] PM: Syncing filesystems ... done.
[    6.718997] Freezing user space processes ... (elapsed 0.001 seconds) done.
[    6.727054] OOM killer disabled.
[    6.730284] Freezing remaining freezable tasks ... (elapsed 0.001 seconds) done.
[    6.738828] Suspending console(s) (use no_console_suspend to debug)
[    6.922286] Disabling non-boot CPUs ...
[    7.090237] Entering suspend state LP1
[    7.090262] Enabling non-boot CPUs ...
[    7.091022] CPU1 is up
[    7.091679] CPU2 is up
[    7.092371] CPU3 is up
[    7.133631] cros-ec-spi spi0.0: spi transfer failed: -121
[    7.144870] mmc1: Switching to 3.3V signalling voltage failed
[    7.202186] tegra-sor 54540000.sor: failed to probe output: -517
[    7.202342] panel-simple panel: panel supply power not found, using dummy regulator
[    7.245668] OOM killer enabled.
[    7.248799] Restarting tasks ... done.
[    7.253077] PM: suspend exit
root@(none):/# 
root@(none):/# rtcwake -d rtc1 -m mem -s 3
rtcwake: assuming RTC uses UTC ...
rtcwake: wakeup from "mem" using /dev/rtc1 at Thu Jan  1 00:00:35 1970
[    7.788352] PM: suspend entry (deep)
[    7.791940] PM: Syncing filesystems ... done.
[    7.797462] Freezing user space processes ... (elapsed 0.001 seconds) done.
[    7.805516] OOM killer disabled.
[    7.808732] Freezing remaining freezable tasks ... (elapsed 0.001 seconds) done.
[    7.817266] Suspending console(s) (use no_console_suspend to debug)
[    8.002848] Disabling non-boot CPUs ...
[    8.170204] Entering suspend state LP1
[    8.170229] Enabling non-boot CPUs ...
[    8.170989] CPU1 is up
[    8.171644] CPU2 is up
[    8.172339] CPU3 is up
[    8.214085] cros-ec-spi spi0.0: spi transfer failed: -121
[    8.225285] mmc1: Switching to 3.3V signalling voltage failed
[    8.281872] tegra-sor 54540000.sor: failed to probe output: -517
[    8.282025] panel-simple panel: panel supply power not found, using dummy regulator
[    8.325329] OOM killer enabled.
[    8.328458] Restarting tasks ... done.
[    8.332993] PM: suspend exit
root@(none):/# 
root@(none):/# rtcwake -d rtc1 -m mem -s 3
rtcwake: assuming RTC uses UTC ...
rtcwake: wakeup from "mem" using /dev/rtc1 at Thu Jan  1 00:00:39 1970
[    8.869206] PM: suspend entry (deep)
[    8.872794] PM: Syncing filesystems ... done.
[    8.878460] Freezing user space processes ... (elapsed 0.001 seconds) done.
[    8.886510] OOM killer disabled.
[    8.889733] Freezing remaining freezable tasks ... (elapsed 0.001 seconds) done.
[    8.898261] Suspending console(s) (use no_console_suspend to debug)
[    9.082854] Disabling non-boot CPUs ...
[    9.250223] Entering suspend state LP1
[    9.250249] Enabling non-boot CPUs ...
[    9.251008] CPU1 is up
[    9.251649] CPU2 is up
[    9.252346] CPU3 is up
[    9.293483] cros-ec-spi spi0.0: spi transfer failed: -121
[    9.304765] mmc1: Switching to 3.3V signalling voltage failed
[    9.361394] tegra-sor 54540000.sor: failed to probe output: -517
[    9.361545] panel-simple panel: panel supply power not found, using dummy regulator
[    9.404777] OOM killer enabled.
[    9.407906] Restarting tasks ... done.
[    9.412095] PM: suspend exit
root@(none):/# 
root@(none):/# rtcwake -d rtc1 -m mem -s 3
rtcwake: assuming RTC uses UTC ...
rtcwake: wakeup from "mem" using /dev/rtc1 at Thu Jan  1 00:00:43 1970
[    9.949397] PM: suspend entry (deep)
[    9.952989] PM: Syncing filesystems ... done.
[    9.958579] Freezing user space processes ... (elapsed 0.001 seconds) done.
[    9.966616] OOM killer disabled.
[    9.969847] Freezing remaining freezable tasks ... (elapsed 0.001 seconds) done.
[    9.978373] Suspending console(s) (use no_console_suspend to debug)
[   10.162206] Disabling non-boot CPUs ...
[   10.330153] Entering suspend state LP1
[   10.330179] Enabling non-boot CPUs ...
[   10.330939] CPU1 is up
[   10.331584] CPU2 is up
[   10.332279] CPU3 is up
[   10.373614] cros-ec-spi spi0.0: spi transfer failed: -121
[   10.384888] mmc1: Switching to 3.3V signalling voltage failed
[   10.441021] tegra-sor 54540000.sor: failed to probe output: -517
[   10.441173] panel-simple panel: panel supply power not found, using dummy regulator
[   10.484409] OOM killer enabled.
[   10.487538] Restarting tasks ... done.
[   10.491731] PM: suspend exit
root@(none):/# 
root@(none):/# rtcwake -d rtc1 -m mem -s 3
rtcwake: assuming RTC uses UTC ...
rtcwake: wakeup from "mem" using /dev/rtc1 at Thu Jan  1 00:00:47 1970
[   11.029324] PM: suspend entry (deep)
[   11.032915] PM: Syncing filesystems ... done.
[   11.038426] Freezing user space processes ... (elapsed 0.001 seconds) done.
[   11.046477] OOM killer disabled.
[   11.049701] Freezing remaining freezable tasks ... (elapsed 0.001 seconds) done.
[   11.058227] Suspending console(s) (use no_console_suspend to debug)
[   11.242280] Disabling non-boot CPUs ...
[   11.420221] Entering suspend state LP1
[   11.420246] Enabling non-boot CPUs ...
[   11.421008] CPU1 is up
[   11.421655] CPU2 is up
[   11.422348] CPU3 is up
[   11.463973] cros-ec-spi spi0.0: spi transfer failed: -121
[   11.475067] mmc1: Switching to 3.3V signalling voltage failed
[   11.530872] tegra-sor 54540000.sor: failed to probe output: -517
[   11.531029] panel-simple panel: panel supply power not found, using dummy regulator
[   11.574341] OOM killer enabled.
[   11.577471] Restarting tasks ... done.
[   11.581911] PM: suspend exit
root@(none):/# 
root@(none):/# rtcwake -d rtc1 -m mem -s 3
rtcwake: assuming RTC uses UTC ...
rtcwake: wakeup from "mem" using /dev/rtc1 at Thu Jan  1 00:00:51 1970
[   12.118943] PM: suspend entry (deep)
[   12.122545] PM: Syncing filesystems ... done.
[   12.128193] Freezing user space processes ... (elapsed 0.001 seconds) done.
[   12.136263] OOM killer disabled.
[   12.139484] Freezing remaining freezable tasks ... (elapsed 0.001 seconds) done.
[   12.148012] Suspending console(s) (use no_console_suspend to debug)
[   12.332777] Disabling non-boot CPUs ...
[   12.500109] Entering suspend state LP1
[   12.500135] Enabling non-boot CPUs ...
[   12.500903] CPU1 is up
[   12.501549] CPU2 is up
[   12.502251] CPU3 is up
[   12.543950] cros-ec-spi spi0.0: spi transfer failed: -121
[   12.555043] mmc1: Switching to 3.3V signalling voltage failed
[   12.610675] tegra-sor 54540000.sor: failed to probe output: -517
[   12.610824] panel-simple panel: panel supply power not found, using dummy regulator
[   12.654159] OOM killer enabled.
[   12.657289] Restarting tasks ... done.
[   12.661523] PM: suspend exit
root@(none):/# 
root@(none):/# rtcwake -d rtc1 -m mem -s 3
rtcwake: assuming RTC uses UTC ...
rtcwake: wakeup from "mem" using /dev/rtc1 at Thu Jan  1 00:00:55 1970
[   13.198904] PM: suspend entry (deep)
[   13.202505] PM: Syncing filesystems ... done.
[   13.208172] Freezing user space processes ... (elapsed 0.001 seconds) done.
[   13.216313] OOM killer disabled.
[   13.219534] Freezing remaining freezable tasks ... (elapsed 0.001 seconds) done.
[   13.228070] Suspending console(s) (use no_console_suspend to debug)
[   13.412136] Disabling non-boot CPUs ...
[   13.580092] Entering suspend state LP1
[   13.580118] Enabling non-boot CPUs ...
[   13.580886] CPU1 is up
[   13.581531] CPU2 is up
[   13.582224] CPU3 is up
[   13.623548] cros-ec-spi spi0.0: spi transfer failed: -121
[   13.634849] mmc1: Switching to 3.3V signalling voltage failed
[   13.691824] tegra-sor 54540000.sor: failed to probe output: -517
[   13.691978] panel-simple panel: panel supply power not found, using dummy regulator
[   13.735215] OOM killer enabled.
[   13.738344] Restarting tasks ... done.
[   13.742538] PM: suspend exit
root@(none):/# 
root@(none):/# rtcwake -d rtc1 -m mem -s 3
rtcwake: assuming RTC uses UTC ...
rtcwake: wakeup from "mem" using /dev/rtc1 at Thu Jan  1 00:00:59 1970
[   14.278292] PM: suspend entry (deep)
[   14.281880] PM: Syncing filesystems ... done.
[   14.287414] Freezing user space processes ... (elapsed 0.001 seconds) done.
[   14.295550] OOM killer disabled.
[   14.298766] Freezing remaining freezable tasks ... (elapsed 0.001 seconds) done.
[   14.307307] Suspending console(s) (use no_console_suspend to debug)
[   14.492741] Disabling non-boot CPUs ...
[   14.659588] IRQ17 no longer affine to CPU3
[   14.660064] Entering suspend state LP1
[   14.660089] Enabling non-boot CPUs ...
[   14.660855] CPU1 is up
[   14.661496] CPU2 is up
[   14.662194] CPU3 is up
[   14.703374] cros-ec-spi spi0.0: spi transfer failed: -121
[   14.714706] mmc1: Switching to 3.3V signalling voltage failed
[   14.773039] tegra-sor 54540000.sor: failed to probe output: -517
[   14.773197] panel-simple panel: panel supply power not found, using dummy regulator
[   14.820640] OOM killer enabled.
[   14.823770] Restarting tasks ... done.
[   14.827941] PM: suspend exit
root@(none):/# 
root@(none):/# rtcwake -d rtc1 -m mem -s 3
rtcwake: assuming RTC uses UTC ...
rtcwake: wakeup from "mem" using /dev/rtc1 at Thu Jan  1 00:01:03 1970
[   15.357703] PM: suspend entry (deep)
[   15.361290] PM: Syncing filesystems ... done.
[   15.366744] Freezing user space processes ... (elapsed 0.001 seconds) done.
[   15.374878] OOM killer disabled.
[   15.378094] Freezing remaining freezable tasks ... (elapsed 0.001 seconds) done.
[   15.386652] Suspending console(s) (use no_console_suspend to debug)
[   15.572710] Disabling non-boot CPUs ...
[   15.679592] IRQ17 no longer affine to CPU2
[   15.740036] Entering suspend state LP1
[   15.740060] Enabling non-boot CPUs ...
[   15.740825] CPU1 is up
[   15.741470] CPU2 is up
[   15.742166] CPU3 is up
[   15.783432] cros-ec-spi spi0.0: spi transfer failed: -121
[   15.794732] mmc1: Switching to 3.3V signalling voltage failed
[   15.852247] tegra-sor 54540000.sor: failed to probe output: -517
[   15.852399] panel-simple panel: panel supply power not found, using dummy regulator
[   15.899722] OOM killer enabled.
[   15.902851] Restarting tasks ... done.
[   15.906988] PM: suspend exit
root@(none):/# 
root@(none):/# NVTB SYSTEM SUSPEND TEST COMPLETE
