
U-Boot SPL 2014.01-00219-gc4d376f (Feb 18 2014 - 19:57:18)


U-Boot 2014.01-00219-gc4d376f (Feb 18 2014 - 19:57:18)

TEGRA30
Board: NVIDIA Beaver
I2C:   ready
DRAM:  2 GiB
MMC:   Tegra SD/MMC: 0, Tegra SD/MMC: 1
In:    serial
Out:   serial
Err:   serial
Net:   Net Initialization Skipped
No ethernet found.
Hit any key to stop autoboot:  2  0 
Tegra30 (Beaver) # 
Tegra30 (Beaver) # usb reset
(Re)start USB...
USB0:   USB EHCI 1.00
scanning bus 0 for devices... 2 USB Device(s) found
       scanning usb for storage devices... 0 Storage Device(s) found
       scanning usb for ethernet devices... 
Warning: asx0 using MAC address from net device
1 Ethernet Device(s) found
Tegra30 (Beaver) # setenv bootargs 'ignore_loglevel console=ttyS0,115200n8 rw root=PARTUUID=edbe1840-3633-c751-7993-b0ac834f81e0 rootwait gpt debug noinitrd earlyprintk init=/bin/bash'
Tegra30 (Beaver) # setenv ipaddr 192.168.100.101; setenv serverip 192.168.100.1; setenv tftpserverip 192.168.100.1
Tegra30 (Beaver) # tftpboot 0x81000000 zImage.multi_v7_defconfig
Using asx0 device
TFTP from server 192.168.100.1; our IP address is 192.168.100.101
Filename 'zImage.multi_v7_defconfig'.
Load address: 0x81000000
Loading: *#################################################################
	 #################################################################
	 #################################################################
	 #################################################################
	 #################################################################
	 #################################################################
	 #################################################################
	 #################################################################
	 ######################################
	 3.3 MiB/s
done
Bytes transferred = 8180232 (7cd208 hex)
Tegra30 (Beaver) # tftpboot 0x82000000 tegra30-beaver.dtb
Using asx0 device
TFTP from server 192.168.100.1; our IP address is 192.168.100.101
Filename 'tegra30-beaver.dtb'.
Load address: 0x82000000
Loading: *####
	 3.1 MiB/s
done
Bytes transferred = 51860 (ca94 hex)
Tegra30 (Beaver) # bootz 0x81000000 - 0x82000000
Kernel image @ 0x81000000 [ 0x000000 - 0x7cd200 ]
## Flattened Device Tree blob at 82000000
   Booting using the fdt blob at 0x82000000
   Loading Device Tree to 8fff0000, end 8ffffa93 ... OK

Starting kernel ...

[    0.000000] Booting Linux on physical CPU 0x0
[    0.000000] Linux version 4.14.0-rc4-next-20171009-204940-g49827b9 (jonathanh@sellafield) (gcc version 4.7.3 20130328 (prerelease) (crosstool-NG linaro-1.13.1-4.7-2013.04-20130415 - Linaro GCC 2013.04)) #1 SMP Mon Oct 9 14:36:36 PDT 2017
[    0.000000] CPU: ARMv7 Processor [412fc099] revision 9 (ARMv7), cr=10c5387d
[    0.000000] CPU: PIPT / VIPT nonaliasing data cache, VIPT aliasing instruction cache
[    0.000000] OF: fdt: Machine model: NVIDIA Tegra30 Beaver evaluation board
[    0.000000] debug: ignoring loglevel setting.
[    0.000000] Memory policy: Data cache writealloc
[    0.000000] efi: Getting EFI parameters from FDT:
[    0.000000] efi: UEFI not found.
[    0.000000] cma: Reserved 64 MiB at 0xfb800000
[    0.000000] On node 0 totalpages: 524032
[    0.000000] free_area_init_node: node 0, pgdat c1687780, node_mem_map eeff8000
[    0.000000]   DMA zone: 1536 pages used for memmap
[    0.000000]   DMA zone: 0 pages reserved
[    0.000000]   DMA zone: 196608 pages, LIFO batch:31
[    0.000000]   HighMem zone: 327424 pages, LIFO batch:31
[    0.000000] random: fast init done
[    0.000000] percpu: Embedded 17 pages/cpu @eef89000 s39616 r8192 d21824 u69632
[    0.000000] pcpu-alloc: s39616 r8192 d21824 u69632 alloc=17*4096
[    0.000000] pcpu-alloc: [0] 0 [0] 1 [0] 2 [0] 3 
[    0.000000] Built 1 zonelists, mobility grouping on.  Total pages: 522496
[    0.000000] Kernel command line: ignore_loglevel console=ttyS0,115200n8 rw root=PARTUUID=edbe1840-3633-c751-7993-b0ac834f81e0 rootwait gpt debug noinitrd earlyprintk init=/bin/bash
[    0.000000] PID hash table entries: 4096 (order: 2, 16384 bytes)
[    0.000000] Dentry cache hash table entries: 131072 (order: 7, 524288 bytes)
[    0.000000] Inode-cache hash table entries: 65536 (order: 6, 262144 bytes)
[    0.000000] Memory: 1992420K/2096128K available (11264K kernel code, 1630K rwdata, 4508K rodata, 2048K init, 403K bss, 38172K reserved, 65536K cma-reserved, 1244160K highmem)
[    0.000000] Virtual kernel memory layout:
[    0.000000]     vector  : 0xffff0000 - 0xffff1000   (   4 kB)
[    0.000000]     fixmap  : 0xffc00000 - 0xfff00000   (3072 kB)
[    0.000000]     vmalloc : 0xf0800000 - 0xff800000   ( 240 MB)
[    0.000000]     lowmem  : 0xc0000000 - 0xf0000000   ( 768 MB)
[    0.000000]     pkmap   : 0xbfe00000 - 0xc0000000   (   2 MB)
[    0.000000]     modules : 0xbf000000 - 0xbfe00000   (  14 MB)
[    0.000000]       .text : 0xc0208000 - 0xc0e00000   (12256 kB)
[    0.000000]       .init : 0xc1300000 - 0xc1500000   (2048 kB)
[    0.000000]       .data : 0xc1500000 - 0xc1697814   (1631 kB)
[    0.000000]        .bss : 0xc1697814 - 0xc16fc5fc   ( 404 kB)
[    0.000000] SLUB: HWalign=64, Order=0-3, MinObjects=0, CPUs=4, Nodes=1
[    0.000000] Hierarchical RCU implementation.
[    0.000000] 	RCU event tracing is enabled.
[    0.000000] 	RCU restricting CPUs from NR_CPUS=16 to nr_cpu_ids=4.
[    0.000000] RCU: Adjusting geometry for rcu_fanout_leaf=16, nr_cpu_ids=4
[    0.000000] NR_IRQS: 16, nr_irqs: 16, preallocated irqs: 16
[    0.000000] /interrupt-controller@60004000: 160 interrupts forwarded to /interrupt-controller@50041000
[    0.000000] L2C: platform modifies aux control register: 0x02080000 -> 0x3e480001
[    0.000000] L2C: DT/platform modifies aux control register: 0x02080000 -> 0x3e480001
[    0.000000] L2C-310 erratum 769419 enabled
[    0.000000] L2C-310 enabling early BRESP for Cortex-A9
[    0.000000] L2C-310: enabling full line of zeros but not enabled in Cortex-A9
[    0.000000] L2C-310 dynamic clock gating enabled, standby mode enabled
[    0.000000] L2C-310 cache controller enabled, 8 ways, 1024 kB
[    0.000000] L2C-310: CACHE_ID 0x410000c7, AUX_CTRL 0x4e480001
[    0.000014] sched_clock: 32 bits at 1000kHz, resolution 1000ns, wraps every 2147483647500ns
[    0.000032] clocksource: timer_us: mask: 0xffffffff max_cycles: 0xffffffff, max_idle_ns: 1911260446275 ns
[    0.000041] Switching to timer-based delay loop, resolution 1000ns
[    0.002836] Console: colour dummy device 80x30
[    0.002866] Calibrating delay loop (skipped), value calculated using timer frequency.. 2.00 BogoMIPS (lpj=10000)
[    0.002876] pid_max: default: 32768 minimum: 301
[    0.002970] Mount-cache hash table entries: 2048 (order: 1, 8192 bytes)
[    0.002979] Mountpoint-cache hash table entries: 2048 (order: 1, 8192 bytes)
[    0.003378] CPU: Testing write buffer coherency: ok
[    0.003708] CPU0: thread -1, cpu 0, socket 0, mpidr 80000000
[    0.003926] Setting up static identity map for 0x80300000 - 0x803000a0
[    0.005242] Hierarchical SRCU implementation.
[    0.006555] Tegra Revision: A03 SKU: 128 CPU Process: 4 SoC Process: 0
[    0.007112] EFI services will not be available.
[    0.007215] smp: Bringing up secondary CPUs ...
[    0.010367] CPU1: thread -1, cpu 1, socket 0, mpidr 80000001
[    0.020347] CPU2: thread -1, cpu 2, socket 0, mpidr 80000002
[    0.030330] CPU3: thread -1, cpu 3, socket 0, mpidr 80000003
[    0.030387] smp: Brought up 1 node, 4 CPUs
[    0.030399] SMP: Total of 4 processors activated (8.00 BogoMIPS).
[    0.030404] CPU: All CPU(s) started in SVC mode.
[    0.031141] devtmpfs: initialized
[    0.038445] VFP support v0.3: implementor 41 architecture 3 part 30 variant 9 rev 4
[    0.038877] clocksource: jiffies: mask: 0xffffffff max_cycles: 0xffffffff, max_idle_ns: 19112604462750000 ns
[    0.038897] futex hash table entries: 1024 (order: 4, 65536 bytes)
[    0.042351] pinctrl core: initialized pinctrl subsystem
[    0.043749] DMI not present or invalid.
[    0.043997] NET: Registered protocol family 16
[    0.046982] DMA: preallocated 256 KiB pool for atomic coherent allocations
[    0.048680] cpuidle: using governor menu
[    0.062005] No ATAGs?
[    0.062108] hw-breakpoint: found 5 (+1 reserved) breakpoint and 1 watchpoint registers.
[    0.062120] hw-breakpoint: maximum watchpoint size is 4 bytes.
[    0.066261] Serial: AMBA PL011 UART driver
[    0.066834] tegra-mc 7000f000.memory-controller: no memory timings for RAM code 3 registered
[    0.066934] iommu: Adding device reg-dummy to group 0
[    0.066960] iommu: Adding device 3000.pcie to group 1
[    0.066979] iommu: Adding device 50000000.host1x to group 2
[    0.066997] iommu: Adding device 54040000.mpe to group 3
[    0.067016] iommu: Adding device 54080000.vi to group 4
[    0.067041] iommu: Adding device 540c0000.epp to group 5
[    0.067061] iommu: Adding device 54100000.isp to group 6
[    0.067079] iommu: Adding device 54140000.gr2d to group 7
[    0.067102] iommu: Adding device 54180000.gr3d to group 8
[    0.067170] iommu: Adding device 54200000.dc to group 9
[    0.067212] iommu: Adding device 54240000.dc to group 10
[    0.067233] iommu: Adding device 54280000.hdmi to group 11
[    0.067252] iommu: Adding device 50040600.timer to group 12
[    0.067271] iommu: Adding device 50043000.cache-controller to group 13
[    0.067290] iommu: Adding device 60005000.timer to group 14
[    0.067315] iommu: Adding device 60007000.flow-controller to group 15
[    0.067341] iommu: Adding device 6000a000.dma to group 16
[    0.067359] iommu: Adding device 6000c000.ahb to group 17
[    0.067378] iommu: Adding device 6000d000.gpio to group 18
[    0.067395] iommu: Adding device 70000800.apbmisc to group 19
[    0.067412] iommu: Adding device 70000868.pinmux to group 20
[    0.067429] iommu: Adding device 70006000.serial to group 21
[    0.067445] iommu: Adding device 7000e000.rtc to group 22
[    0.067463] iommu: Adding device 7000c000.i2c to group 23
[    0.067485] iommu: Adding device 7000c400.i2c to group 24
[    0.067503] iommu: Adding device 7000c500.i2c to group 25
[    0.067527] iommu: Adding device 7000c700.i2c to group 26
[    0.067546] iommu: Adding device 7000d000.i2c to group 27
[    0.067568] iommu: Adding device 7000da00.spi to group 28
[    0.067587] iommu: Adding device 7000e400.pmc to group 29
[    0.067605] iommu: Adding device 7000f000.memory-controller to group 30
[    0.067623] iommu: Adding device 7000f800.fuse to group 31
[    0.067641] iommu: Adding device 70080000.ahub to group 32
[    0.067665] iommu: Adding device 78000000.sdhci to group 33
[    0.067682] iommu: Adding device 78000600.sdhci to group 34
[    0.067701] iommu: Adding device 7d000000.usb to group 35
[    0.067727] iommu: Adding device 7d000000.usb-phy to group 36
[    0.067745] iommu: Adding device 7d004000.usb to group 37
[    0.067764] iommu: Adding device 7d004000.usb-phy to group 38
[    0.067781] iommu: Adding device 7d008000.usb to group 39
[    0.067800] iommu: Adding device 7d008000.usb-phy to group 40
[    0.067821] iommu: Adding device pmu to group 41
[    0.067839] iommu: Adding device clocks to group 42
[    0.067856] iommu: Adding device gpio-leds to group 43
[    0.067873] iommu: Adding device regulators to group 44
[    0.067891] iommu: Adding device regulators:regulator@0 to group 45
[    0.067909] iommu: Adding device regulators:regulator@1 to group 46
[    0.067933] iommu: Adding device regulators:regulator@2 to group 47
[    0.067952] iommu: Adding device regulators:regulator@3 to group 48
[    0.067975] iommu: Adding device regulators:regulator@4 to group 49
[    0.067994] iommu: Adding device regulators:regulator@5 to group 50
[    0.068013] iommu: Adding device regulators:regulator@6 to group 51
[    0.068031] iommu: Adding device regulators:regulator@7 to group 52
[    0.068049] iommu: Adding device regulators:regulator@8 to group 53
[    0.068065] iommu: Adding device sound to group 54
[    0.076434] AT91: Could not find identification node
[    0.076938] vdd_5v_sata: Failed to request enable GPIO30: -517
[    0.076953] reg-fixed-voltage regulators:regulator@3: Failed to register regulator: -517
[    0.077002] usb1_vbus: Failed to request enable GPIO238: -517
[    0.077009] reg-fixed-voltage regulators:regulator@4: Failed to register regulator: -517
[    0.077058] usb3_vbus: Failed to request enable GPIO236: -517
[    0.077065] reg-fixed-voltage regulators:regulator@5: Failed to register regulator: -517
[    0.077164] sys_3v3_pexs: Failed to request enable GPIO95: -517
[    0.077173] reg-fixed-voltage regulators:regulator@7: Failed to register regulator: -517
[    0.078954] vgaarb: loaded
[    0.079435] SCSI subsystem initialized
[    0.079578] libata version 3.00 loaded.
[    0.079716] usbcore: registered new interface driver usbfs
[    0.079745] usbcore: registered new interface driver hub
[    0.079780] usbcore: registered new device driver usb
[    0.084174] iommu: Adding device tps65910-gpio to group 55
[    0.084453] iommu: Adding device tps65910-pmic to group 56
[    0.086920] vrtc: supplied by vdd_5v_in
[    0.090207] vio: supplied by vdd_5v_in
[    0.101804] vdd1: supplied by vdd_5v_in
[    0.103162] vddio_ddr_1v2: Bringing 600000uV into 1200000-1200000uV
[    0.111822] vdd2: supplied by vdd_5v_in
[    0.131799] ldo1: supplied by vdd_1v5_gen
[    0.134174] ldo2: supplied by vdd_1v5_gen
[    0.134647] vdd_sata,avdd_plle: Bringing 1200000uV into 1050000-1050000uV
[    0.136866] ldo3: supplied by vdd_5v_in
[    0.139212] ldo4: supplied by vdd_5v_in
[    0.141800] ldo5: supplied by vdd_5v_in
[    0.151800] ldo6: supplied by vdd_1v8_gen
[    0.152271] avdd_dsi_csi,pwrdet_mipi: Bringing 1000000uV into 1200000-1200000uV
[    0.154502] ldo7: supplied by vdd_1v8_gen
[    0.161809] ldo8: supplied by vdd_1v8_gen
[    0.170076] iommu: Adding device tps65910-rtc to group 57
[    0.170199] iommu: Adding device tps65910-power to group 58
[    0.171958] pps_core: LinuxPPS API ver. 1 registered
[    0.171965] pps_core: Software ver. 5.3.6 - Copyright 2005-2007 Rodolfo Giometti <giometti@linux.it>
[    0.171977] PTP clock support registered
[    0.172113] EDAC MC: Ver: 3.0.0
[    0.172308] dmi: Firmware registration failed.
[    0.173616] clocksource: Switched to clocksource timer_us
[    0.206394] NET: Registered protocol family 2
[    0.206803] TCP established hash table entries: 8192 (order: 3, 32768 bytes)
[    0.206860] TCP bind hash table entries: 8192 (order: 4, 65536 bytes)
[    0.206942] TCP: Hash tables configured (established 8192 bind 8192)
[    0.207084] UDP hash table entries: 512 (order: 2, 16384 bytes)
[    0.207148] UDP-Lite hash table entries: 512 (order: 2, 16384 bytes)
[    0.207320] NET: Registered protocol family 1
[    0.207671] RPC: Registered named UNIX socket transport module.
[    0.207678] RPC: Registered udp transport module.
[    0.207682] RPC: Registered tcp transport module.
[    0.207686] RPC: Registered tcp NFSv4.1 backchannel transport module.
[    0.207697] PCI: CLS 0 bytes, default 64
[    0.208501] hw perfevents: no interrupt-affinity property for /pmu, guessing.
[    0.208748] hw perfevents: enabled with armv7_cortex_a9 PMU driver, 7 counters available
[    0.209246] iommu: Adding device alarmtimer to group 59
[    0.209940] workingset: timestamp_bits=30 max_order=19 bucket_order=0
[    0.213905] squashfs: version 4.0 (2009/01/31) Phillip Lougher
[    0.214302] NFS: Registering the id_resolver key type
[    0.214329] Key type id_resolver registered
[    0.214334] Key type id_legacy registered
[    0.214363] ntfs: driver 2.1.32 [Flags: R/O].
[    0.215317] bounce: pool size: 64 pages
[    0.215361] Block layer SCSI generic (bsg) driver version 0.4 loaded (major 247)
[    0.215370] io scheduler noop registered
[    0.215375] io scheduler deadline registered
[    0.215522] io scheduler cfq registered (default)
[    0.215528] io scheduler mq-deadline registered
[    0.215533] io scheduler kyber registered
[    0.221813] tegra30-pinctrl 70000868.pinmux: invalid group "sdmmc3_dat6_pd3" for function "rsvd1"
[    0.221828] tegra30-pinctrl 70000868.pinmux: invalid group "sdmmc3_dat7_pd4" for function "rsvd1"
[    0.221842] tegra30-pinctrl 70000868.pinmux: invalid group "vi_vsync_pd6" for function "rsvd1"
[    0.221851] tegra30-pinctrl 70000868.pinmux: invalid group "vi_hsync_pd7" for function "rsvd1"
[    0.222306] tegra30-pinctrl 70000868.pinmux: invalid group "hdmi_int_pn7" for function "rsvd1"
[    0.222349] tegra30-pinctrl 70000868.pinmux: invalid group "ulpi_data3_po4" for function "rsvd1"
[    0.222673] tegra30-pinctrl 70000868.pinmux: invalid group "vi_d10_pt2" for function "rsvd1"
[    0.222686] tegra30-pinctrl 70000868.pinmux: invalid group "vi_d11_pt3" for function "rsvd1"
[    0.222697] tegra30-pinctrl 70000868.pinmux: invalid group "vi_d0_pt4" for function "rsvd1"
[    0.222737] tegra30-pinctrl 70000868.pinmux: invalid group "pu0" for function "rsvd1"
[    0.222767] tegra30-pinctrl 70000868.pinmux: invalid group "pu3" for function "rsvd1"
[    0.222796] tegra30-pinctrl 70000868.pinmux: invalid group "pu6" for function "rsvd1"
[    0.222835] tegra30-pinctrl 70000868.pinmux: invalid group "pv3" for function "rsvd1"
[    0.223316] tegra30-pinctrl 70000868.pinmux: invalid group "pbb0" for function "rsvd1"
[    0.223427] tegra30-pinctrl 70000868.pinmux: invalid group "pcc1" for function "rsvd1"
[    0.228614] tegra-pcie 3000.pcie: 2x3 configuration
[    0.228771] tegra-pcie 3000.pcie: Failed to get supply 'hvdd-pex': -517
[    0.234420] tegra-apbdma 6000a000.dma: Tegra20 APB DMA driver register 32 channels
[    0.236388] tegra-pmc 7000e400.pmc: i2c-thermtrip node not found, emergency thermal reset disabled.
[    0.266190] Serial: 8250/16550 driver, 4 ports, IRQ sharing disabled
[    0.266282] iommu: Adding device serial8250 to group 60
[    0.268295] console [ttyS0] disabled
[    0.268332] 70006000.serial: ttyS0 at MMIO 0x70006000 (irq = 331, base_baud = 25500000) is a Tegra
[    1.642678] console [ttyS0] enabled
[    1.646710] SuperH (H)SCI(F) driver initialized
[    1.651831] msm_serial: driver initialized
[    1.656048] STMicroelectronics ASC driver initialized
[    1.664859] tegra-hdmi 54280000.hdmi: failed to get HDMI regulator
[    1.677821] brd: module loaded
[    1.686507] loop: module loaded
[    1.695358] m25p80 spi0.1: w25q32 (4096 Kbytes)
[    1.701118] iommu: Adding device Fixed MDIO bus.0 to group 61
[    1.707299] libphy: Fixed MDIO Bus: probed
[    1.711979] CAN device driver interface
[    1.716437] bgmac_bcma: Broadcom 47xx GBit MAC driver loaded
[    1.722803] e1000e: Intel(R) PRO/1000 Network Driver - 3.2.6-k
[    1.728630] e1000e: Copyright(c) 1999 - 2015 Intel Corporation.
[    1.734577] igb: Intel(R) Gigabit Ethernet Network Driver - version 5.4.0-k
[    1.741519] igb: Copyright (c) 2007-2014 Intel Corporation.
[    1.749106] pegasus: v0.9.3 (2013/04/25), Pegasus/Pegasus II USB Ethernet driver
[    1.756555] usbcore: registered new interface driver pegasus
[    1.762221] usbcore: registered new interface driver asix
[    1.767633] usbcore: registered new interface driver ax88179_178a
[    1.773737] usbcore: registered new interface driver cdc_ether
[    1.779577] usbcore: registered new interface driver smsc75xx
[    1.785340] usbcore: registered new interface driver smsc95xx
[    1.791091] usbcore: registered new interface driver net1080
[    1.796763] usbcore: registered new interface driver cdc_subset
[    1.802682] usbcore: registered new interface driver zaurus
[    1.808280] usbcore: registered new interface driver cdc_ncm
[    1.814121] tegra-phy 7d000000.usb-phy: no vbus regulator
[    1.821868] ehci_hcd: USB 2.0 'Enhanced' Host Controller (EHCI) Driver
[    1.828393] ehci-pci: EHCI PCI platform driver
[    1.832852] ehci-platform: EHCI generic platform driver
[    1.838197] ehci-orion: EHCI orion driver
[    1.842282] SPEAr-ehci: EHCI SPEAr driver
[    1.846365] ehci-st: EHCI STMicroelectronics driver
[    1.851300] ehci-exynos: EHCI EXYNOS driver
[    1.855568] ehci-atmel: EHCI Atmel driver
[    1.859635] tegra-ehci: Tegra EHCI driver
[    1.863940] ohci_hcd: USB 1.1 'Open' Host Controller (OHCI) Driver
[    1.870114] ohci-pci: OHCI PCI platform driver
[    1.874584] ohci-platform: OHCI generic platform driver
[    1.879911] SPEAr-ohci: OHCI SPEAr driver
[    1.884000] ohci-st: OHCI STMicroelectronics driver
[    1.888935] ohci-atmel: OHCI Atmel driver
[    1.893376] usbcore: registered new interface driver usb-storage
[    1.901742] utmi_phy_clk_enable: timeout waiting for phy to stabilize
[    1.908256] iommu: Adding device ci_hdrc.0 to group 62
[    1.918874] tegra_rtc 7000e000.rtc: rtc core: registered 7000e000.rtc as rtc1
[    1.926037] tegra_rtc 7000e000.rtc: Tegra internal Real Time Clock
[    1.944767] tps65910-rtc tps65910-rtc: rtc core: registered tps65910-rtc as rtc0
[    1.952348] i2c /dev entries driver
[    1.963908] sdhci: Secure Digital Host Controller Interface driver
[    1.970075] sdhci: Copyright(c) Pierre Ossman
[    1.975338] Synopsys Designware Multimedia Card Interface Driver
[    1.982062] sdhci-pltfm: SDHCI platform and OF driver helper
[    1.988235] sdhci-tegra 78000000.sdhci: Got CD GPIO
[    1.993108] sdhci-tegra 78000000.sdhci: Got WP GPIO
[    2.006256] mmc0: Invalid maximum block size, assuming 512 bytes
[    2.073717] mmc0: SDHCI controller on 78000000.sdhci [78000000.sdhci] using ADMA
[    2.090095] mmc1: Invalid maximum block size, assuming 512 bytes
[    2.153635] mmc1: SDHCI controller on 78000600.sdhci [78000600.sdhci] using ADMA
[    2.162479] ledtrig-cpu: registered to indicate activity on CPUs
[    2.168751] usbcore: registered new interface driver usbhid
[    2.174323] usbhid: USB HID core driver
[    2.180644] NET: Registered protocol family 10
[    2.185789] Segment Routing with IPv6
[    2.189481] sit: IPv6, IPv4 and MPLS over IPv4 tunneling driver
[    2.195804] NET: Registered protocol family 17
[    2.200243] can: controller area network core (rev 20170425 abi 9)
[    2.206472] NET: Registered protocol family 29
[    2.210903] can: raw protocol (rev 20170425)
[    2.215176] can: broadcast manager protocol (rev 20170425 t)
[    2.220824] can: netlink gateway (rev 20170425) max_hops=1
[    2.226569] Key type dns_resolver registered
[    2.231205] ThumbEE CPU extension supported.
[    2.235486] Registering SWP/SWPB emulation handler
[    2.250990] vdd_ddr: supplied by vdd_5v_in
[    2.255928] vdd_5v_sata: supplied by vdd_5v_in
[    2.260704] usb1_vbus: supplied by vdd_5v_in
[    2.265291] usb3_vbus: supplied by vdd_5v_in
[    2.270793] sys_3v3,vdd_3v3_alw: supplied by vdd_5v_in
[    2.276734] sys_3v3_pexs: supplied by sys_3v3,vdd_3v3_alw
[    2.282234] +VDD_5V_HDMI: supplied by sys_3v3,vdd_3v3_alw
[    2.287293] mmc1: new high speed MMC card at address 0001
[    2.288070] mmcblk1: mmc1:0001 SEM16G 14.8 GiB 
[    2.288589] mmcblk1boot0: mmc1:0001 SEM16G partition 1 1.00 MiB
[    2.289109] mmcblk1boot1: mmc1:0001 SEM16G partition 2 1.00 MiB
[    2.291054] mmc0: new ultra high speed DDR50 SDHC card at address aaaa
[    2.291654] mmcblk0: mmc0:aaaa SS04G 3.69 GiB 
[    2.298262] mmcblk1rpmb: mmc1:0001 SEM16G partition 3 128 KiB, chardev (237:0)
[    2.304577] Primary GPT is invalid, using alternate GPT.
[    2.304595]  mmcblk1: p1 p2 p3 p4 p5
[    2.325423]  mmcblk0: p1 p2 p3
[    2.340244] tegra-pcie 3000.pcie: 2x3 configuration
[    2.348509] tegra-pcie 3000.pcie: probing port 0, using 2 lanes
[    2.412700] tegra-pcie 3000.pcie: probing port 2, using 2 lanes
[    2.822393] tegra-pcie 3000.pcie: link 2 down, retrying
[    3.231381] tegra-pcie 3000.pcie: link 2 down, retrying
[    3.640379] tegra-pcie 3000.pcie: link 2 down, retrying
[    3.647616] tegra-pcie 3000.pcie: link 2 down, ignoring
[    3.652937] tegra-pcie 3000.pcie: PCI host bridge to bus 0000:00
[    3.658945] pci_bus 0000:00: root bus resource [io  0x0000-0xffff]
[    3.665119] pci_bus 0000:00: root bus resource [mem 0x20000000-0x27ffffff]
[    3.671977] pci_bus 0000:00: root bus resource [mem 0x28000000-0x3fffffff pref]
[    3.679277] pci_bus 0000:00: root bus resource [bus 00-ff]
[    3.684782] pci 0000:00:01.0: [10de:0e1c] type 01 class 0x060400
[    3.690787] pci_bus 0000:00: 2-byte config write to 0000:00:01.0 offset 0x4 may corrupt adjacent RW1C bits
[    3.700430] pci_bus 0000:00: 2-byte config write to 0000:00:01.0 offset 0x4 may corrupt adjacent RW1C bits
[    3.710085] pci 0000:00:01.0: enabling Extended Tags
[    3.715046] pci_bus 0000:00: 2-byte config write to 0000:00:01.0 offset 0x88 may corrupt adjacent RW1C bits
[    3.724792] pci_bus 0000:00: 2-byte config write to 0000:00:01.0 offset 0x52 may corrupt adjacent RW1C bits
[    3.734543] pci 0000:00:01.0: PME# supported from D0 D1 D2 D3hot D3cold
[    3.741143] pci_bus 0000:00: 2-byte config write to 0000:00:01.0 offset 0x4c may corrupt adjacent RW1C bits
[    3.751007] pci_bus 0000:00: 2-byte config write to 0000:00:01.0 offset 0x3e may corrupt adjacent RW1C bits
[    3.760740] pci_bus 0000:00: 2-byte config write to 0000:00:01.0 offset 0x4 may corrupt adjacent RW1C bits
[    3.770382] pci_bus 0000:00: 1-byte config write to 0000:00:01.0 offset 0xc may corrupt adjacent RW1C bits
[    3.780020] PCI: bus0: Fast back to back transfers disabled
[    3.785587] pci 0000:00:01.0: bridge configuration invalid ([bus 00-00]), reconfiguring
[    3.793572] pci_bus 0000:00: 2-byte config write to 0000:00:01.0 offset 0x3e may corrupt adjacent RW1C bits
[    3.803300] pci_bus 0000:00: 2-byte config write to 0000:00:01.0 offset 0x3e may corrupt adjacent RW1C bits
[    3.813107] pci 0000:01:00.0: [10ec:8168] type 00 class 0x020000
[    3.819134] pci 0000:01:00.0: reg 0x10: [io  0x0000-0x00ff]
[    3.824717] pci 0000:01:00.0: reg 0x18: [mem 0x00000000-0x00000fff 64bit pref]
[    3.831931] pci 0000:01:00.0: reg 0x20: [mem 0x00000000-0x00003fff 64bit pref]
[    3.839214] pci 0000:01:00.0: supports D1 D2
[    3.843471] pci 0000:01:00.0: PME# supported from D0 D1 D2 D3hot D3cold
[    3.873643] PCI: bus1: Fast back to back transfers disabled
[    3.879204] pci_bus 0000:01: busn_res: [bus 01-ff] end is updated to 01
[    3.885838] pci 0000:00:01.0: BAR 9: assigned [mem 0x28000000-0x280fffff 64bit pref]
[    3.893563] pci 0000:00:01.0: BAR 7: assigned [io  0x1000-0x1fff]
[    3.899654] pci 0000:01:00.0: BAR 4: assigned [mem 0x28000000-0x28003fff 64bit pref]
[    3.907399] pci 0000:01:00.0: BAR 2: assigned [mem 0x28004000-0x28004fff 64bit pref]
[    3.915143] pci 0000:01:00.0: BAR 0: assigned [io  0x1000-0x10ff]
[    3.921224] pci 0000:00:01.0: PCI bridge to [bus 01]
[    3.926183] pci 0000:00:01.0:   bridge window [io  0x1000-0x1fff]
[    3.932263] pci 0000:00:01.0:   bridge window [mem 0x28000000-0x280fffff 64bit pref]
[    3.940013] pci 0000:00:01.0: nv_msi_ht_cap_quirk didn't locate host bridge
[    3.947059] pcieport 0000:00:01.0: enabling device (0140 -> 0143)
[    3.953338] pcieport 0000:00:01.0: Signaling PME with IRQ 375
[    3.959330] r8169 Gigabit Ethernet driver 2.3LK-NAPI loaded
[    3.964921] r8169 0000:01:00.0: enabling device (0140 -> 0143)
[    3.971718] r8169 0000:01:00.0 eth0: RTL8168evl/8111evl at 0xf0a2a000, 02:04:4b:01:60:a6, XID 0c900800 IRQ 376
[    3.981723] r8169 0000:01:00.0 eth0: jumbo features [frames: 9200 bytes, tx checksumming: ko]
[    3.994401] [drm] Supports vblank timestamp caching Rev 2 (21.10.2013).
[    4.001002] [drm] No driver support for vblank timestamp query.
[    4.006952] [drm] Cannot find any crtc or sizes
[    4.011485] [drm] Initialized tegra 0.0.0 20120330 for drm on minor 0
[    4.020706] tegra-ehci 7d004000.usb: EHCI Host Controller
[    4.026127] tegra-ehci 7d004000.usb: new USB bus registered, assigned bus number 1
[    4.033931] tegra-ehci 7d004000.usb: irq 344, io mem 0x7d004000
[    4.039888] [drm] Cannot find any crtc or sizes
[    4.064012] tegra-ehci 7d004000.usb: USB 2.0 started, EHCI 1.00
[    4.071213] hub 1-0:1.0: USB hub found
[    4.074991] hub 1-0:1.0: 1 port detected
[    4.080109] tegra-ehci 7d008000.usb: EHCI Host Controller
[    4.085523] tegra-ehci 7d008000.usb: new USB bus registered, assigned bus number 2
[    4.093265] tegra-ehci 7d008000.usb: irq 345, io mem 0x7d008000
[    4.124012] tegra-ehci 7d008000.usb: USB 2.0 started, EHCI 1.00
[    4.131154] hub 2-0:1.0: USB hub found
[    4.134929] hub 2-0:1.0: 1 port detected
[    4.145240] tps65910-rtc tps65910-rtc: setting system clock to 2000-01-01 00:00:02 UTC (946684802)
[    4.154753] vdd_sata,avdd_plle: disabling
[    4.159497] usb1_vbus: disabling
[    4.165066] EXT4-fs (mmcblk1p1): mounting ext3 file system using the ext4 subsystem
[    4.219888] EXT4-fs (mmcblk1p1): warning: mounting fs with errors, running e2fsck is recommended
[    4.231294] EXT4-fs (mmcblk1p1): recovery complete
[    4.238572] EXT4-fs (mmcblk1p1): mounted filesystem with ordered data mode. Opts: (null)
[    4.246697] VFS: Mounted root (ext3 filesystem) on device 179:1.
[    4.264714] devtmpfs: mounted
[    4.270137] Freeing unused kernel memory: 2048K
bash: cannot set terminal process group (-1): Inappropriate ioctl for device
bash: no job control in this shell
root@(none):/# [    4.504421] usb 2-1: new high-speed USB device number 2 using tegra-ehci
