

U-Boot 2011.03 (Jun 11 2013 - 06:07:37)

T114
Board: NVIDIA Dalmore
DRAM:  2 GiB
MMC:   Tegra2 SD/MMC: 0, Tegra2 SD/MMC: 1
In:    serial
Out:   serial
Err:   serial
Net:   Net Initialization Skipped
No ethernet found.
Hit any key to stop autoboot:  2  0 
Dalmore #
Dalmore #usb reset
(Re)start USB...
USB:   Register 10011 NbrPorts 1
USB EHCI 1.10
scanning bus for devices... 2 USB Device(s) found
       scanning bus for storage devices... 0 Storage Device(s) found
       scanning bus for ethernet devices... 1 Ethernet Device(s) found
Dalmore #setenv bootargs 'ignore_loglevel console=ttyS0,115200n8 rw root=/dev/mmcblk0p1 rootwait gpt debug init=/bin/bash'
Dalmore #setenv ipaddr 192.168.100.100; setenv serverip 192.168.100.1; setenv tftpserverip 192.168.100.1
Dalmore #tftpboot 0x81000000 zImage.tegra_defconfig%tegra114_mergeconfig
Waiting for Ethernet connection... done.
Using asx0 device
TFTP from server 192.168.100.1; our IP address is 192.168.100.100
Filename 'zImage.tegra_defconfig%tegra114_mergeconfig'.
Load address: 0x81000000
Loading: *#################################################  2.8 MiB/s
done
Bytes transferred = 4214552 (404f18 hex)
Dalmore #tftpboot 0x82000000 tegra114-dalmore.dtb
Using asx0 device
TFTP from server 192.168.100.1; our IP address is 192.168.100.100
Filename 'tegra114-dalmore.dtb'.
Load address: 0x82000000
Loading: *#################################################  2.5 MiB/s
done
Bytes transferred = 34015 (84df hex)
Dalmore #bootz 0x81000000 - 0x82000000
## Flattened Device Tree blob at 82000000
   Booting using the fdt blob at 0x82000000
   Loading Device Tree to 81ff4000, end 81fff4de ... OK

Starting kernel ...

Timer summary in microseconds:
       Mark    Elapsed  Stage
          0          0  awake
  2,140,213  2,140,213  usb_start
  6,145,090  4,004,877  eth_start
  6,145,087         -3  tftp start
 10,010,210  3,865,123  tftp done
 12,155,348  2,145,138  start_kernel
Uncompressing Linux... done, booting the kernel.
[    0.000000] Booting Linux on physical CPU 0x0
[    0.000000] Initializing cgroup subsys cpu
[    0.000000] Initializing cgroup subsys cpuacct
[    0.000000] Linux version 3.14.0-rc2-next-20140214-15566-gda8d308 (pwalmsley@kaivo) (gcc version 4.7.3 20130328 (prerelease) (crosstool-NG linaro-1.13.1-4.7-2013.04-20130415 - Linaro GCC 2013.04) ) #1 SMP PREEMPT Thu Feb 13 21:51:26 PST 2014
[    0.000000] CPU: ARMv7 Processor [412fc0f2] revision 2 (ARMv7), cr=10c5387d
[    0.000000] CPU: PIPT / VIPT nonaliasing data cache, PIPT instruction cache
[    0.000000] Machine model: NVIDIA Tegra114 Dalmore evaluation board
[    0.000000] debug: ignoring loglevel setting.
[    0.000000] cma: CMA: reserved 16 MiB at ae800000
[    0.000000] Memory policy: Data cache writealloc
[    0.000000] On node 0 totalpages: 524032
[    0.000000] free_area_init_node: node 0, pgdat c0803b00, node_mem_map ed7f0000
[    0.000000]   Normal zone: 1520 pages used for memmap
[    0.000000]   Normal zone: 0 pages reserved
[    0.000000]   Normal zone: 194560 pages, LIFO batch:31
[    0.000000]   HighMem zone: 2574 pages used for memmap
[    0.000000]   HighMem zone: 329472 pages, LIFO batch:31
[    0.000000] Tegra Revision: A01 SKU: 0 CPU Process: 1 Core Process: 1
[    0.000000] PERCPU: Embedded 8 pages/cpu @ed7b7000 s9088 r8192 d15488 u32768
[    0.000000] pcpu-alloc: s9088 r8192 d15488 u32768 alloc=8*4096
[    0.000000] pcpu-alloc: [0] 0 [0] 1 [0] 2 [0] 3 
[    0.000000] Built 1 zonelists in Zone order, mobility grouping on.  Total pages: 522512
[    0.000000] Kernel command line: ignore_loglevel console=ttyS0,115200n8 rw root=/dev/mmcblk0p1 rootwait gpt debug init=/bin/bash
[    0.000000] PID hash table entries: 4096 (order: 2, 16384 bytes)
[    0.000000] Dentry cache hash table entries: 131072 (order: 7, 524288 bytes)
[    0.000000] Inode-cache hash table entries: 65536 (order: 6, 262144 bytes)
[    0.000000] Memory: 2053700K/2096128K available (5763K kernel code, 308K rwdata, 1868K rodata, 232K init, 344K bss, 42428K reserved, 1317888K highmem)
[    0.000000] Virtual kernel memory layout:
[    0.000000]     vector  : 0xffff0000 - 0xffff1000   (   4 kB)
[    0.000000]     fixmap  : 0xfff00000 - 0xfffe0000   ( 896 kB)
[    0.000000]     vmalloc : 0xf0000000 - 0xff000000   ( 240 MB)
[    0.000000]     lowmem  : 0xc0000000 - 0xef800000   ( 760 MB)
[    0.000000]     pkmap   : 0xbfe00000 - 0xc0000000   (   2 MB)
[    0.000000]     modules : 0xbf000000 - 0xbfe00000   (  14 MB)
[    0.000000]       .text : 0xc0008000 - 0xc077c344   (7633 kB)
[    0.000000]       .init : 0xc077d000 - 0xc07b7380   ( 233 kB)
[    0.000000]       .data : 0xc07b8000 - 0xc0805320   ( 309 kB)
[    0.000000]        .bss : 0xc080532c - 0xc085b654   ( 345 kB)
[    0.000000] Preemptible hierarchical RCU implementation.
[    0.000000] NR_IRQS:16 nr_irqs:16 16
[   12.934810] sched_clock: 32 bits at 1000kHz, resolution 1000ns, wraps every 2147483648000ns
[    0.000401] Architected cp15 timer(s) running at 12.00MHz (virt).
[   11.041022] sched_clock: 56 bits at 12MHz, resolution 83ns, wraps every 2863311536128ns
[    0.000002] Switching to timer-based delay loop
[    0.000445] Console: colour dummy device 80x30
[    0.000478] Calibrating delay loop (skipped), value calculated using timer frequency.. 24.00 BogoMIPS (lpj=120000)
[    0.000494] pid_max: default: 32768 minimum: 301
[    0.000925] Mount-cache hash table entries: 512
[    0.021885] Initializing cgroup subsys debug
[    0.021909] Initializing cgroup subsys freezer
[    0.021975] CPU: Testing write buffer coherency: ok
[    0.022317] /cpus/cpu@0 missing clock-frequency property
[    0.022341] /cpus/cpu@1 missing clock-frequency property
[    0.022364] /cpus/cpu@2 missing clock-frequency property
[    0.022387] /cpus/cpu@3 missing clock-frequency property
[    0.022401] CPU0: thread -1, cpu 0, socket 0, mpidr 80000000
[    0.022428] Setting up static identity map for 0x805763c8 - 0x80576460
[    0.080779] CPU1: Booted secondary processor
[    0.080807] CPU1: thread -1, cpu 1, socket 0, mpidr 80000001
[    0.100815] CPU2: Booted secondary processor
[    0.100838] CPU2: thread -1, cpu 2, socket 0, mpidr 80000002
[    0.120799] CPU3: Booted secondary processor
[    0.120824] CPU3: thread -1, cpu 3, socket 0, mpidr 80000003
[    0.121004] Brought up 4 CPUs
[    0.121031] SMP: Total of 4 processors activated.
[    0.121040] CPU: All CPU(s) started in SVC mode.
[    0.122107] devtmpfs: initialized
[    0.135349] VFP support v0.3: implementor 41 architecture 4 part 30 variant f rev 0
[    0.136135] pinctrl core: initialized pinctrl subsystem
[    0.136912] regulator-dummy: no parameters
[    0.137850] NET: Registered protocol family 16
[    0.139166] DMA: preallocated 256 KiB pool for atomic coherent allocations
[    0.140542] cpuidle: using governor ladder
[    0.140554] cpuidle: using governor menu
[    0.158357] No ATAGs?
[    0.158388] hw-breakpoint: found 5 (+1 reserved) breakpoint and 4 watchpoint registers.
[    0.158399] hw-breakpoint: maximum watchpoint size is 8 bytes.
[    0.177947] bio: create slab <bio-0> at 0
[    0.179644] vdd_ac_bat: 5000 mV 
[    0.180191] dvdd_ts: Failed to request enable GPIO61: -517
[    0.180380] reg-fixed-voltage 1.regulator: Failed to register regulator: -517
[    0.180408] platform 1.regulator: Driver reg-fixed-voltage requests probe deferral
[    0.180777] usb1_vbus: Failed to request enable GPIO108: -517
[    0.180951] reg-fixed-voltage 3.regulator: Failed to register regulator: -517
[    0.180978] platform 3.regulator: Driver reg-fixed-voltage requests probe deferral
[    0.181342] usb2_vbus: Failed to request enable GPIO86: -517
[    0.181514] reg-fixed-voltage 4.regulator: Failed to register regulator: -517
[    0.181540] platform 4.regulator: Driver reg-fixed-voltage requests probe deferral
[    0.181903] vdd_hdmi_5v0: Failed to request enable GPIO81: -517
[    0.182076] reg-fixed-voltage 5.regulator: Failed to register regulator: -517
[    0.182102] platform 5.regulator: Driver reg-fixed-voltage requests probe deferral
[    0.182209] platform 6.regulator: Driver reg-fixed-voltage requests probe deferral
[    0.183707] vgaarb: loaded
[    0.185031] SCSI subsystem initialized
[    0.185737] usbcore: registered new interface driver usbfs
[    0.185903] usbcore: registered new interface driver hub
[    0.186117] usbcore: registered new device driver usb
[    0.191939] vdd-cpu: 500 <--> 1520 mV at 1100 mV 
[    0.192770] tps65090 2-0048: No cache defaults, reading back from HW
[    0.199431] vdd-sys-5v0: no parameters
[    0.199519] vdd-sys-5v0: supplied by vdd_ac_bat
[    0.201107] vdd-sys-3v3: no parameters
[    0.201184] vdd-sys-3v3: supplied by vdd_ac_bat
[    0.202769] vdd-ao: no parameters
[    0.202846] vdd-ao: supplied by vdd_ac_bat
[    0.203244] vdd-lcd-bl: no parameters
[    0.203320] vdd-lcd-bl: supplied by vdd_ac_bat
[    0.203729] TPS65090_RAILSFET2: no parameters
[    0.203804] TPS65090_RAILSFET2: supplied by vdd_ac_bat
[    0.204189] vdd-modem-3v3: no parameters
[    0.204261] vdd-modem-3v3: supplied by vdd-sys-3v3
[    0.204653] avdd-lcd: no parameters
[    0.204724] avdd-lcd: supplied by vdd-sys-3v3
[    0.205116] vdd-lvds: no parameters
[    0.205188] vdd-lvds: supplied by vdd-sys-3v3
[    0.205597] vdd-sd-slot: no parameters
[    0.205670] vdd-sd-slot: supplied by vdd-sys-3v3
[    0.206055] vdd-com-3v3: no parameters
[    0.206126] vdd-com-3v3: supplied by vdd-sys-3v3
[    0.206521] vdd-sby-5v0: no parameters
[    0.206596] vdd-sby-5v0: supplied by vdd_ac_bat
[    0.206979] vdd-sby-3v3: no parameters
[    0.207041] vdd-sby-3v3: supplied by vdd_ac_bat
[    0.207501] genirq: Setting trigger mode 8 for irq 118 failed (gic_set_type+0x0/0xf0)
[    0.208107] palmas 2-0058: Irq flag is 0x00000000
[    0.222733] palmas 2-0058: Muxing GPIO ff, PWM 0, LED 0
[    0.232136] vddio-ddr: 1350 mV 
[    0.233070] vddio-ddr: supplied by vdd-ao
[    0.240207] vddio-1v8: 1800 mV 
[    0.241128] vddio-1v8: supplied by vdd-ao
[    0.248253] vdd-core: 900 <--> 1400 mV at 1100 mV 
[    0.249173] vdd-core: supplied by vdd-sys-3v3
[    0.253519] SMPS6: no parameters
[    0.261489] avdd-pll: 1050 mV 
[    0.262411] avdd-pll: supplied by vdd-sys-3v3
[    0.270892] sdhci-vdd-sd-slot: 2800 mV 
[    0.271813] sdhci-vdd-sd-slot: supplied by vdd-sys-3v3
[    0.273806] SMPS10_OUT2: at 5000 mV 
[    0.275834] SMPS10_OUT1: at 5000 mV 
[    0.278676] avdd-cam1: 2800 mV 
[    0.279585] avdd-cam1: supplied by vdd-sys-3v3
[    0.283743] avdd-cam2: 2800 mV 
[    0.284661] avdd-cam2: supplied by vdd-sys-3v3
[    0.289600] avdd-dsi-csi: 1200 mV 
[    0.290509] avdd-dsi-csi: supplied by vddio-1v8
[    0.295463] vpp-fuse: 1800 mV 
[    0.296372] vpp-fuse: supplied by vdd-sys-3v3
[    0.299748] LDO5: at 1200 mV 
[    0.300663] LDO5: supplied by vdd_ac_bat
[    0.303442] vdd-sensor-2v85: 2850 mV 
[    0.304350] vdd-sensor-2v85: supplied by vdd-sys-3v3
[    0.308508] vdd-af-cam1: 2800 mV 
[    0.309415] vdd-af-cam1: supplied by vdd-sys-3v3
[    0.317701] vdd-rtc: 900 mV 
[    0.318608] vdd-rtc: supplied by vdd-ao
[    0.322775] vddio-sdmmc-2: 1800 <--> 3300 mV at 3300 mV 
[    0.323682] vddio-sdmmc-2: supplied by sdhci-vdd-sd-slot
[    0.328621] hvdd-usb: 3300 mV 
[    0.329527] hvdd-usb: supplied by vdd-sys-5v0
[    0.334475] avdd-usb: 3300 mV 
[    0.335392] avdd-usb: supplied by vdd-sys-5v0
[    0.338757] rail-3v3: no parameters
[    0.341320] rail-5v0: no parameters
[    0.343077] REGEN3: no parameters
[    0.343447] SYSEN1: no parameters
[    0.343824] SYSEN2: no parameters
[    0.344696] Linux video capture interface: v2.00
[    0.345503] platform 70019010.iommu: Driver tegra-smmu requests probe deferral
[    0.345896] Advanced Linux Sound Architecture Driver Initialized.
[    0.347287] Bluetooth: Core ver 2.18
[    0.347369] NET: Registered protocol family 31
[    0.347378] Bluetooth: HCI device and connection manager initialized
[    0.347402] Bluetooth: HCI socket layer initialized
[    0.347425] Bluetooth: L2CAP socket layer initialized
[    0.347486] Bluetooth: SCO socket layer initialized
[    0.348188] cfg80211: Calling CRDA to update world regulatory domain
[    0.348928] Switched to clocksource arch_sys_counter
[    0.372443] NET: Registered protocol family 2
[    0.373555] TCP established hash table entries: 8192 (order: 3, 32768 bytes)
[    0.373666] TCP bind hash table entries: 8192 (order: 4, 65536 bytes)
[    0.373853] TCP: Hash tables configured (established 8192 bind 8192)
[    0.374275] TCP: reno registered
[    0.374291] UDP hash table entries: 512 (order: 2, 16384 bytes)
[    0.374333] UDP-Lite hash table entries: 512 (order: 2, 16384 bytes)
[    0.374761] NET: Registered protocol family 1
[    0.375482] RPC: Registered named UNIX socket transport module.
[    0.375493] RPC: Registered udp transport module.
[    0.375501] RPC: Registered tcp transport module.
[    0.375509] RPC: Registered tcp NFSv4.1 backchannel transport module.
[    0.375521] PCI: CLS 0 bytes, default 64
[    0.379607] futex hash table entries: 1024 (order: 4, 65536 bytes)
[    0.380844] bounce pool size: 64 pages
[    0.382428] squashfs: version 4.0 (2009/01/31) Phillip Lougher
[    0.383243] msgmni has been set to 1469
[    0.385090] io scheduler noop registered (default)
[    0.414893] tegra-apbdma 6000a000.dma: Tegra20 APB DMA driver register 32 channels
[    0.415800] Serial: 8250/16550 driver, 4 ports, IRQ sharing disabled
[    0.419508] 70006300.serial: ttyS0 at MMIO 0x70006300 (irq = 122, base_baud = 25500000) is a Tegra
[    1.440000] console [ttyS0] enabled
[    1.444666] [drm] Initialized drm 1.1.0 20060810
[    1.449713] tegra-dc 54200000.dc: missing "nvidia,head" property
[    1.455854] tegra-dc 54240000.dc: missing "nvidia,head" property
[    1.462525] platform 54300000.dsi: Driver tegra-dsi requests probe deferral
[    1.470052] tegra-hdmi 54280000.hdmi: failed to get VDD regulator
[    1.476160] platform 54280000.hdmi: Driver tegra-hdmi requests probe deferral
[    1.496369] loop: module loaded
[    1.503806] m25p80 spi32766.0: w25q32dw (4096 Kbytes)
[    1.512033] pegasus: v0.9.3 (2013/04/25), Pegasus/Pegasus II USB Ethernet driver
[    1.519581] usbcore: registered new interface driver pegasus
[    1.525398] usbcore: registered new interface driver asix
[    1.530933] usbcore: registered new interface driver ax88179_178a
[    1.537145] usbcore: registered new interface driver cdc_ether
[    1.543104] usbcore: registered new interface driver r815x
[    1.548750] usbcore: registered new interface driver CoreChips
[    1.554760] usbcore: registered new interface driver smsc75xx
[    1.560683] usbcore: registered new interface driver smsc95xx
[    1.566536] usbcore: registered new interface driver net1080
[    1.572333] usbcore: registered new interface driver cdc_subset
[    1.578359] usbcore: registered new interface driver zaurus
[    1.584125] usbcore: registered new interface driver cdc_ncm
[    1.589829] ehci_hcd: USB 2.0 'Enhanced' Host Controller (EHCI) Driver
[    1.596345] ehci-pci: EHCI PCI platform driver
[    1.600930] tegra-ehci: Tegra EHCI driver
[    1.605189] platform 7d008000.usb: Driver tegra-ehci requests probe deferral
[    1.612697] usbcore: registered new interface driver cdc_acm
[    1.618346] cdc_acm: USB Abstract Control Model driver for USB modems and ISDN adapters
[    1.626474] usbcore: registered new interface driver cdc_wdm
[    1.632310] usbcore: registered new interface driver usb-storage
[    1.638560] platform 7d008000.usb-phy: Driver tegra-phy requests probe deferral
[    1.646699] mousedev: PS/2 mouse device common for all mice
[    1.665335] palmas-rtc rtc.8: rtc core: registered rtc.8 as rtc0
[    1.676116] tegra_rtc 7000e000.rtc: rtc core: registered 7000e000.rtc as rtc1
[    1.683289] tegra_rtc 7000e000.rtc: Tegra internal Real Time Clock
[    1.691191] sbs-battery 0-000b: sbs_probe: Failed to get device status
[    1.697727] sbs-battery: probe of 0-000b failed with error -121
[    3.254030] random: nonblocking pool is initialized
