Diff for ./qemu-vexpress64/__internal/defconfig_log.txt
--- /tmp/fooa	2015-07-07 21:36:50.247294141 -0700
+++ /tmp/foob	2015-07-07 21:36:50.247294141 -0700
@@ -1,6 +1,6 @@
 Booting Linux on physical CPU 0x0
 Initializing cgroup subsys cpu
-Linux version 4.2.0-rc1-next-20150707+ (pwalmsley@tamien) (gcc version 4.9.2 20140904 (prerelease) (crosstool-NG linaro-1.13.1-4.9-2014.09 - Linaro GCC 4.9-2014.09) ) #1 SMP PREEMPT Mon Jul 6 20:48:52 PDT 2015
+Linux version 4.2.0-rc1-next-20150708+ (pwalmsley@tamien) (gcc version 4.9.2 20140904 (prerelease) (crosstool-NG linaro-1.13.1-4.9-2014.09 - Linaro GCC 4.9-2014.09) ) #1 SMP PREEMPT Tue Jul 7 21:34:10 PDT 2015
 CPU: AArch64 Processor [411fd070] revision 0
 Detected PIPT I-cache on CPU0
 alternatives: enabling workaround for ARM erratum 832075
@@ -19,7 +19,7 @@
 Dentry cache hash table entries: 131072 (order: 8, 1048576 bytes)
 Inode-cache hash table entries: 65536 (order: 7, 524288 bytes)
 software IO TLB [mem 0x79c00000-0x7dc00000] (64MB) mapped at [ffffffc039c00000-ffffffc03dbfffff]
-Memory: 939156K/1048576K available (5549K kernel code, 446K rwdata, 2228K rodata, 452K init, 204K bss, 93036K reserved, 16384K cma-reserved)
+Memory: 939156K/1048576K available (5553K kernel code, 438K rwdata, 2232K rodata, 452K init, 203K bss, 93036K reserved, 16384K cma-reserved)
 Virtual kernel memory layout:
     vmalloc : 0xffffff8000000000 - 0xffffffbdbfff0000   (   246 GB)
     vmemmap : 0xffffffbdc0000000 - 0xffffffbfc0000000   (     8 GB maximum)
@@ -28,9 +28,9 @@
     PCI I/O : 0xffffffbffae00000 - 0xffffffbffbe00000   (    16 MB)
     modules : 0xffffffbffc000000 - 0xffffffc000000000   (    64 MB)
     memory  : 0xffffffc000000000 - 0xffffffc040000000   (  1024 MB)
-      .init : 0xffffffc00081b000 - 0xffffffc00088c000   (   452 KB)
-      .text : 0xffffffc000080000 - 0xffffffc00081a624   (  7786 KB)
-      .data : 0xffffffc000892000 - 0xffffffc000901800   (   446 KB)
+      .init : 0xffffffc00081d000 - 0xffffffc00088e000   (   452 KB)
+      .text : 0xffffffc000080000 - 0xffffffc00081c624   (  7794 KB)
+      .data : 0xffffffc000894000 - 0xffffffc000901a00   (   439 KB)
 SLUB: HWalign=64, Order=0-3, MinObjects=0, CPUs=1, Nodes=1
 Preemptible hierarchical RCU implementation.
 	Additional per-CPU info printed with stalls.
@@ -89,7 +89,7 @@
 kvm [1]: HYP mode not available
 futex hash table entries: 256 (order: 2, 16384 bytes)
 audit: initializing netlink subsys (disabled)
-audit: type=2000 audit(0.420:1): initialized
+audit: type=2000 audit(0.400:1): initialized
 HugeTLB registered 2 MB page size, pre-allocated 0 pages
 VFS: Disk quotas dquot_6.6.0
 VFS: Dquot-cache hash table entries: 512 (order 0, 4096 bytes)
@@ -136,8 +136,8 @@
 EXT4-fs (vda2): mounted filesystem with ordered data mode. Opts: (null)
 VFS: Mounted root (ext4 filesystem) on device 254:2.
 devtmpfs: mounted
-Freeing unused kernel memory: 452K (ffffffc00081b000 - ffffffc00088c000)
-Freeing alternatives memory: 16K (ffffffc00088c000 - ffffffc000890000)
+Freeing unused kernel memory: 452K (ffffffc00081d000 - ffffffc00088e000)
+Freeing alternatives memory: 16K (ffffffc00088e000 - ffffffc000892000)
 bash: cannot set terminal process group (-1): Inappropriate ioctl for device
 bash: no job control in this shell
 bash-4.3# 
\ No newline at end of file
Diff for ./tegra114-dalmore-a04/tegra114-dalmore/multi_v7_defconfig_log.txt
--- /tmp/fooa	2015-07-07 21:36:50.255294135 -0700
+++ /tmp/foob	2015-07-07 21:36:50.255294135 -0700
@@ -27,6 +27,7 @@
 Tegra114 (Dalmore) # setenv bootargs 'ignore_loglevel console=ttyS0,115200n8 rw root=/dev/mmcblk0p1 rootwait gpt debug init=/bin/bash'
 Tegra114 (Dalmore) # setenv ipaddr 192.168.100.100; setenv serverip 192.168.100.1; setenv tftpserverip 192.168.100.1
 Tegra114 (Dalmore) # tftpboot 0x81000000 zImage.multi_v7_defconfig
+Waiting for Ethernet connection... done.
 Using asx0 device
 TFTP from server 192.168.100.1; our IP address is 192.168.100.100
 Filename 'zImage.multi_v7_defconfig'.
@@ -40,18 +41,18 @@
 	 ###############################
 	 3.3 MiB/s
 done
-Bytes transferred = 6169864 (5e2508 hex)
+Bytes transferred = 6176416 (5e3ea0 hex)
 Tegra114 (Dalmore) # tftpboot 0x82000000 tegra114-dalmore.dtb
 Using asx0 device
 TFTP from server 192.168.100.1; our IP address is 192.168.100.100
 Filename 'tegra114-dalmore.dtb'.
 Load address: 0x82000000
 Loading: *###
-	 2.8 MiB/s
+	 3 MiB/s
 done
 Bytes transferred = 34894 (884e hex)
 Tegra114 (Dalmore) # bootz 0x81000000 - 0x82000000
-Kernel image @ 0x81000000 [ 0x000000 - 0x5e2508 ]
+Kernel image @ 0x81000000 [ 0x000000 - 0x5e3ea0 ]
 ## Flattened Device Tree blob at 82000000
    Booting using the fdt blob at 0x82000000
    Loading Device Tree to 8fff4000, end 8ffff84d ... OK
@@ -59,7 +60,7 @@
 Starting kernel ...
 
 Booting Linux on physical CPU 0x0
-Linux version 4.2.0-rc1-next-20150707-27608-g8e551e9 (pwalmsley@sellafield) (gcc version 4.7.3 20130328 (prerelease) (crosstool-NG linaro-1.13.1-4.7-2013.04-20130415 - Linaro GCC 2013.04) ) #1 SMP Mon Jul 6 20:47:34 PDT 2015
+Linux version 4.2.0-rc1-next-20150708-27762-g878d23f (pwalmsley@sellafield) (gcc version 4.7.3 20130328 (prerelease) (crosstool-NG linaro-1.13.1-4.7-2013.04-20130415 - Linaro GCC 2013.04) ) #1 SMP Tue Jul 7 21:32:45 PDT 2015
 CPU: ARMv7 Processor [412fc0f2] revision 2 (ARMv7), cr=10c5387d
 CPU: PIPT / VIPT nonaliasing data cache, PIPT instruction cache
 Machine model: NVIDIA Tegra114 Dalmore evaluation board
@@ -67,7 +68,7 @@
 cma: Reserved 64 MiB at 0xfb800000
 Memory policy: Data cache writealloc
 On node 0 totalpages: 524032
-free_area_init_node: node 0, pgdat c0f01340, node_mem_map ee7f8000
+free_area_init_node: node 0, pgdat c0f07b00, node_mem_map ee7f8000
   DMA zone: 1520 pages used for memmap
   DMA zone: 0 pages reserved
   DMA zone: 194560 pages, LIFO batch:31
@@ -80,7 +81,7 @@
 PID hash table entries: 4096 (order: 2, 16384 bytes)
 Dentry cache hash table entries: 131072 (order: 7, 524288 bytes)
 Inode-cache hash table entries: 65536 (order: 6, 262144 bytes)
-Memory: 1999396K/2096128K available (7818K kernel code, 1012K rwdata, 3512K rodata, 944K init, 327K bss, 31196K reserved, 65536K cma-reserved, 1252352K highmem)
+Memory: 1999372K/2096128K available (7823K kernel code, 1014K rwdata, 3520K rodata, 956K init, 327K bss, 31220K reserved, 65536K cma-reserved, 1252352K highmem)
 Virtual kernel memory layout:
     vector  : 0xffff0000 - 0xffff1000   (   4 kB)
     fixmap  : 0xffc00000 - 0xfff00000   (3072 kB)
@@ -88,10 +89,10 @@
     lowmem  : 0xc0000000 - 0xef800000   ( 760 MB)
     pkmap   : 0xbfe00000 - 0xc0000000   (   2 MB)
     modules : 0xbf000000 - 0xbfe00000   (  14 MB)
-      .text : 0xc0208000 - 0xc0d19bbc   (11335 kB)
-      .init : 0xc0d1a000 - 0xc0e06000   ( 944 kB)
-      .data : 0xc0e06000 - 0xc0f03340   (1013 kB)
-       .bss : 0xc0f06000 - 0xc0f57c28   ( 328 kB)
+      .text : 0xc0208000 - 0xc0d1cd08   (11348 kB)
+      .init : 0xc0d1d000 - 0xc0e0c000   ( 956 kB)
+      .data : 0xc0e0c000 - 0xc0f09b00   (1015 kB)
+       .bss : 0xc0f0c000 - 0xc0f5dc28   ( 328 kB)
 SLUB: HWalign=64, Order=0-3, MinObjects=0, CPUs=4, Nodes=1
 Hierarchical RCU implementation.
 	Additional per-CPU info printed with stalls.
@@ -296,7 +297,7 @@
 hub 1-0:1.0: USB hub found
 hub 1-0:1.0: 1 port detected
 input: gpio-keys as /devices/soc0/gpio-keys/input/input0
-palmas-rtc 7000d000.i2c:tps65913@58:rtc: setting system clock to 2000-01-17 12:39:20 UTC (948112760)
+palmas-rtc 7000d000.i2c:tps65913@58:rtc: setting system clock to 2000-01-18 13:24:36 UTC (948201876)
 vdd_cam_1v8_reg: disabling
 usb1_vbus: disabling
 dvdd_ts: disabling
@@ -305,7 +306,7 @@
 EXT4-fs (mmcblk0p1): mounted filesystem with ordered data mode. Opts: (null)
 VFS: Mounted root (ext3 filesystem) on device 179:1.
 devtmpfs: mounted
-Freeing unused kernel memory: 944K (c0d1a000 - c0e06000)
+Freeing unused kernel memory: 956K (c0d1d000 - c0e0c000)
 bash: cannot set terminal process group (-1): Inappropriate ioctl for device
 bash: no job control in this shell
-root@(none):/# [    2.199132] usb 1-1: new high-speed USB device number 2 using tegra-ehci
+root@(none):/# [    2.203995] usb 1-1: new high-speed USB device number 2 using tegra-ehci
Diff for ./tegra114-dalmore-a04/tegra114-dalmore/tegra_defconfig_log.txt
--- /tmp/fooa	2015-07-07 21:36:50.267294126 -0700
+++ /tmp/foob	2015-07-07 21:36:50.271294122 -0700
@@ -36,10 +36,10 @@
 	 #################################################################
 	 #################################################################
 	 #################################################################
-	 ######################
-	 3.4 MiB/s
+	 #######################
+	 3.1 MiB/s
 done
-Bytes transferred = 5093144 (4db718 hex)
+Bytes transferred = 5095200 (4dbf20 hex)
 Tegra114 (Dalmore) # tftpboot 0x82000000 tegra114-dalmore.dtb
 Using asx0 device
 TFTP from server 192.168.100.1; our IP address is 192.168.100.100
@@ -50,7 +50,7 @@
 done
 Bytes transferred = 34894 (884e hex)
 Tegra114 (Dalmore) # bootz 0x81000000 - 0x82000000
-Kernel image @ 0x81000000 [ 0x000000 - 0x4db718 ]
+Kernel image @ 0x81000000 [ 0x000000 - 0x4dbf20 ]
 ## Flattened Device Tree blob at 82000000
    Booting using the fdt blob at 0x82000000
    Loading Device Tree to 8fff4000, end 8ffff84d ... OK
@@ -61,7 +61,7 @@
 Booting Linux on physical CPU 0x0
 Initializing cgroup subsys cpu
 Initializing cgroup subsys cpuacct
-Linux version 4.2.0-rc1-next-20150707-27608-g8e551e9 (pwalmsley@kaivo) (gcc version 4.7.3 20130328 (prerelease) (crosstool-NG linaro-1.13.1-4.7-2013.04-20130415 - Linaro GCC 2013.04) ) #1 SMP PREEMPT Mon Jul 6 20:48:11 PDT 2015
+Linux version 4.2.0-rc1-next-20150708-27762-g878d23f (pwalmsley@kaivo) (gcc version 4.7.3 20130328 (prerelease) (crosstool-NG linaro-1.13.1-4.7-2013.04-20130415 - Linaro GCC 2013.04) ) #1 SMP PREEMPT Tue Jul 7 21:33:21 PDT 2015
 CPU: ARMv7 Processor [412fc0f2] revision 2 (ARMv7), cr=10c5387d
 CPU: PIPT / VIPT nonaliasing data cache, PIPT instruction cache
 Machine model: NVIDIA Tegra114 Dalmore evaluation board
@@ -69,7 +69,7 @@
 cma: Reserved 64 MiB at 0xfbc00000
 Memory policy: Data cache writealloc
 On node 0 totalpages: 524032
-free_area_init_node: node 0, pgdat c09d2e00, node_mem_map ee7f7000
+free_area_init_node: node 0, pgdat c09d4e40, node_mem_map ee7f7000
   Normal zone: 1520 pages used for memmap
   Normal zone: 0 pages reserved
   Normal zone: 194560 pages, LIFO batch:31
@@ -82,7 +82,7 @@
 PID hash table entries: 4096 (order: 2, 16384 bytes)
 Dentry cache hash table entries: 131072 (order: 7, 524288 bytes)
 Inode-cache hash table entries: 65536 (order: 6, 262144 bytes)
-Memory: 2002612K/2096128K available (6989K kernel code, 346K rwdata, 2388K rodata, 308K init, 363K bss, 27980K reserved, 65536K cma-reserved, 1252352K highmem)
+Memory: 2002604K/2096128K available (6994K kernel code, 346K rwdata, 2392K rodata, 308K init, 363K bss, 27988K reserved, 65536K cma-reserved, 1252352K highmem)
 Virtual kernel memory layout:
     vector  : 0xffff0000 - 0xffff1000   (   4 kB)
     fixmap  : 0xffc00000 - 0xfff00000   (3072 kB)
@@ -90,10 +90,10 @@
     lowmem  : 0xc0000000 - 0xef800000   ( 760 MB)
     pkmap   : 0xbfe00000 - 0xc0000000   (   2 MB)
     modules : 0xbf000000 - 0xbfe00000   (  14 MB)
-      .text : 0xc0008000 - 0xc0930b6c   (9379 kB)
-      .init : 0xc0931000 - 0xc097e000   ( 308 kB)
-      .data : 0xc097e000 - 0xc09d49c0   ( 347 kB)
-       .bss : 0xc09d7000 - 0xc0a31c94   ( 364 kB)
+      .text : 0xc0008000 - 0xc0932c78   (9388 kB)
+      .init : 0xc0933000 - 0xc0980000   ( 308 kB)
+      .data : 0xc0980000 - 0xc09d6a00   ( 347 kB)
+       .bss : 0xc09d9000 - 0xc0a33c94   ( 364 kB)
 Preemptible hierarchical RCU implementation.
 	Additional per-CPU info printed with stalls.
 	Build-time adjustment of leaf fanout to 32.
@@ -295,7 +295,7 @@
 hub 1-0:1.0: USB hub found
 hub 1-0:1.0: 1 port detected
 input: gpio-keys as /devices/soc0/gpio-keys/input/input1
-palmas-rtc 7000d000.i2c:tps65913@58:rtc: setting system clock to 2000-01-17 12:40:06 UTC (948112806)
+palmas-rtc 7000d000.i2c:tps65913@58:rtc: setting system clock to 2000-01-18 13:25:18 UTC (948201918)
 vdd_cam_1v8_reg: disabling
 usb1_vbus: disabling
 dvdd_ts: disabling
@@ -307,7 +307,7 @@
 EXT3-fs (mmcblk0p1): mounted filesystem with writeback data mode
 VFS: Mounted root (ext3 filesystem) on device 179:1.
 devtmpfs: mounted
-Freeing unused kernel memory: 308K (c0931000 - c097e000)
+Freeing unused kernel memory: 308K (c0933000 - c0980000)
 bash: cannot set terminal process group (-1): Inappropriate ioctl for device
 bash: no job control in this shell
-root@(none):/# [    2.750050] usb 1-1: new high-speed USB device number 2 using tegra-ehci
+root@(none):/# [    2.750016] usb 1-1: new high-speed USB device number 2 using tegra-ehci
Diff for ./tegra124-jetson-tk1/tegra124-jetson-tk1/multi_v7_defconfig_log.txt
--- /tmp/fooa	2015-07-07 21:36:50.275294120 -0700
+++ /tmp/foob	2015-07-07 21:36:50.275294120 -0700
@@ -40,20 +40,20 @@
 	 #################################################################
 	 #################################################################
 	 ###############################
-	 3.3 MiB/s
+	 3.1 MiB/s
 done
-Bytes transferred = 6169864 (5e2508 hex)
+Bytes transferred = 6176416 (5e3ea0 hex)
 Tegra124 (Jetson TK1) # tftpboot 0x82000000 tegra124-jetson-tk1.dtb
 Using asx0 device
 TFTP from server 192.168.100.1; our IP address is 192.168.100.102
 Filename 'tegra124-jetson-tk1.dtb'.
 Load address: 0x82000000
 Loading: *#####
-	 3.2 MiB/s
+	 2.9 MiB/s
 done
 Bytes transferred = 63791 (f92f hex)
 Tegra124 (Jetson TK1) # bootz 0x81000000 - 0x82000000
-Kernel image @ 0x81000000 [ 0x000000 - 0x5e2508 ]
+Kernel image @ 0x81000000 [ 0x000000 - 0x5e3ea0 ]
 ## Flattened Device Tree blob at 82000000
    Booting using the fdt blob at 0x82000000
    Using Device Tree in place at 82000000, end 8201292e
@@ -61,7 +61,7 @@
 Starting kernel ...
 
 Booting Linux on physical CPU 0x0
-Linux version 4.2.0-rc1-next-20150707-27608-g8e551e9 (pwalmsley@sellafield) (gcc version 4.7.3 20130328 (prerelease) (crosstool-NG linaro-1.13.1-4.7-2013.04-20130415 - Linaro GCC 2013.04) ) #1 SMP Mon Jul 6 20:47:34 PDT 2015
+Linux version 4.2.0-rc1-next-20150708-27762-g878d23f (pwalmsley@sellafield) (gcc version 4.7.3 20130328 (prerelease) (crosstool-NG linaro-1.13.1-4.7-2013.04-20130415 - Linaro GCC 2013.04) ) #1 SMP Tue Jul 7 21:32:45 PDT 2015
 CPU: ARMv7 Processor [413fc0f3] revision 3 (ARMv7), cr=10c5387d
 CPU: PIPT / VIPT nonaliasing data cache, PIPT instruction cache
 Machine model: NVIDIA Tegra124 Jetson TK1
@@ -69,7 +69,7 @@
 cma: Reserved 64 MiB at 0xfb800000
 Memory policy: Data cache writealloc
 On node 0 totalpages: 524032
-free_area_init_node: node 0, pgdat c0f01340, node_mem_map ee7f8000
+free_area_init_node: node 0, pgdat c0f07b00, node_mem_map ee7f8000
   DMA zone: 1520 pages used for memmap
   DMA zone: 0 pages reserved
   DMA zone: 194560 pages, LIFO batch:31
@@ -82,7 +82,7 @@
 PID hash table entries: 4096 (order: 2, 16384 bytes)
 Dentry cache hash table entries: 131072 (order: 7, 524288 bytes)
 Inode-cache hash table entries: 65536 (order: 6, 262144 bytes)
-Memory: 1999292K/2096128K available (7818K kernel code, 1012K rwdata, 3512K rodata, 944K init, 327K bss, 31300K reserved, 65536K cma-reserved, 1252352K highmem)
+Memory: 1999268K/2096128K available (7823K kernel code, 1014K rwdata, 3520K rodata, 956K init, 327K bss, 31324K reserved, 65536K cma-reserved, 1252352K highmem)
 Virtual kernel memory layout:
     vector  : 0xffff0000 - 0xffff1000   (   4 kB)
     fixmap  : 0xffc00000 - 0xfff00000   (3072 kB)
@@ -90,10 +90,10 @@
     lowmem  : 0xc0000000 - 0xef800000   ( 760 MB)
     pkmap   : 0xbfe00000 - 0xc0000000   (   2 MB)
     modules : 0xbf000000 - 0xbfe00000   (  14 MB)
-      .text : 0xc0208000 - 0xc0d19bbc   (11335 kB)
-      .init : 0xc0d1a000 - 0xc0e06000   ( 944 kB)
-      .data : 0xc0e06000 - 0xc0f03340   (1013 kB)
-       .bss : 0xc0f06000 - 0xc0f57c28   ( 328 kB)
+      .text : 0xc0208000 - 0xc0d1cd08   (11348 kB)
+      .init : 0xc0d1d000 - 0xc0e0c000   ( 956 kB)
+      .data : 0xc0e0c000 - 0xc0f09b00   (1015 kB)
+       .bss : 0xc0f0c000 - 0xc0f5dc28   ( 328 kB)
 SLUB: HWalign=64, Order=0-3, MinObjects=0, CPUs=4, Nodes=1
 Hierarchical RCU implementation.
 	Additional per-CPU info printed with stalls.
@@ -285,16 +285,16 @@
 +3.3V_LP0: supplied by +3.3V_SYS
 +1.35V_LP0(sd2): supplied by +5V_SYS
 +1.05V_RUN_AVDD: supplied by +1.35V_LP0(sd2)
-tegra-pcie 1003000.pcie-controller: probing port 0, using 2 lanes
 mmc0: MAN_BKOPS_EN bit is not set
 mmc0: new high speed MMC card at address 0001
+tegra-pcie 1003000.pcie-controller: probing port 0, using 2 lanes
+tegra-pcie 1003000.pcie-controller: Slot present pin change, signature: 00000008
 mmcblk0: mmc0:0001 SEM16G 14.6 GiB 
 mmcblk0boot0: mmc0:0001 SEM16G partition 1 4.00 MiB
 mmcblk0boot1: mmc0:0001 SEM16G partition 2 4.00 MiB
 mmcblk0rpmb: mmc0:0001 SEM16G partition 3 4.00 MiB
 Primary GPT is invalid, using alternate GPT.
  mmcblk0: p1 p2 p3 p4 p5 p6 p7 p8 p9
-tegra-pcie 1003000.pcie-controller: Slot present pin change, signature: 00000008
 tegra-pcie 1003000.pcie-controller: link 0 down, retrying
 tegra-pcie 1003000.pcie-controller: link 0 down, retrying
 tegra-pcie 1003000.pcie-controller: link 0 down, retrying
@@ -361,10 +361,10 @@
 EXT4-fs (mmcblk0p1): couldn't mount as ext2 due to feature incompatibilities
 EXT4-fs (mmcblk0p1): recovery complete
 EXT4-fs (mmcblk0p1): mounted filesystem with ordered data mode. Opts: (null)
-usb 2-1: new high-speed USB device number 2 using tegra-ehci
 VFS: Mounted root (ext4 filesystem) on device 179:1.
+usb 2-1: new high-speed USB device number 2 using tegra-ehci
 devtmpfs: mounted
-Freeing unused kernel memory: 944K (c0d1a000 - c0e06000)
+Freeing unused kernel memory: 956K (c0d1d000 - c0e0c000)
 bash: cannot set terminal process group (-1): Inappropriate ioctl for device
 bash: no job control in this shell
 root@(none):/# 
\ No newline at end of file
Diff for ./tegra124-jetson-tk1/tegra124-jetson-tk1/tegra_defconfig_log.txt
--- /tmp/fooa	2015-07-07 21:36:50.283294112 -0700
+++ /tmp/foob	2015-07-07 21:36:50.287294110 -0700
@@ -29,33 +29,30 @@
 Tegra124 (Jetson TK1) # setenv bootargs 'ignore_loglevel console=ttyS0,115200n8 rw root=/dev/mmcblk0p1 rootwait gpt debug init=/bin/bash noinitrd'
 Tegra124 (Jetson TK1) # setenv ipaddr 192.168.100.102; setenv serverip 192.168.100.1; setenv tftpserverip 192.168.100.1
 Tegra124 (Jetson TK1) # tftpboot 0x81000000 zImage.tegra_defconfig
-Waiting for Ethernet connection... done.
 Using asx0 device
 TFTP from server 192.168.100.1; our IP address is 192.168.100.102
 Filename 'zImage.tegra_defconfig'.
 Load address: 0x81000000
-Loading: *EHCI timed out on TD - token=0x8008d80
-T #################################################################
+Loading: *#################################################################
 	 #################################################################
 	 #################################################################
 	 #################################################################
 	 #################################################################
-	 ######################
-	 445.3 KiB/s
+	 #######################
+	 3.1 MiB/s
 done
-Bytes transferred = 5093144 (4db718 hex)
+Bytes transferred = 5095200 (4dbf20 hex)
 Tegra124 (Jetson TK1) # tftpboot 0x82000000 tegra124-jetson-tk1.dtb
-Waiting for Ethernet connection... done.
 Using asx0 device
 TFTP from server 192.168.100.1; our IP address is 192.168.100.102
 Filename 'tegra124-jetson-tk1.dtb'.
 Load address: 0x82000000
 Loading: *#####
-	 2.6 MiB/s
+	 2.8 MiB/s
 done
 Bytes transferred = 63791 (f92f hex)
 Tegra124 (Jetson TK1) # bootz 0x81000000 - 0x82000000
-Kernel image @ 0x81000000 [ 0x000000 - 0x4db718 ]
+Kernel image @ 0x81000000 [ 0x000000 - 0x4dbf20 ]
 ## Flattened Device Tree blob at 82000000
    Booting using the fdt blob at 0x82000000
    Using Device Tree in place at 82000000, end 8201292e
@@ -66,7 +63,7 @@
 Booting Linux on physical CPU 0x0
 Initializing cgroup subsys cpu
 Initializing cgroup subsys cpuacct
-Linux version 4.2.0-rc1-next-20150707-27608-g8e551e9 (pwalmsley@kaivo) (gcc version 4.7.3 20130328 (prerelease) (crosstool-NG linaro-1.13.1-4.7-2013.04-20130415 - Linaro GCC 2013.04) ) #1 SMP PREEMPT Mon Jul 6 20:48:11 PDT 2015
+Linux version 4.2.0-rc1-next-20150708-27762-g878d23f (pwalmsley@kaivo) (gcc version 4.7.3 20130328 (prerelease) (crosstool-NG linaro-1.13.1-4.7-2013.04-20130415 - Linaro GCC 2013.04) ) #1 SMP PREEMPT Tue Jul 7 21:33:21 PDT 2015
 CPU: ARMv7 Processor [413fc0f3] revision 3 (ARMv7), cr=10c5387d
 CPU: PIPT / VIPT nonaliasing data cache, PIPT instruction cache
 Machine model: NVIDIA Tegra124 Jetson TK1
@@ -74,7 +71,7 @@
 cma: Reserved 64 MiB at 0xfbc00000
 Memory policy: Data cache writealloc
 On node 0 totalpages: 524032
-free_area_init_node: node 0, pgdat c09d2e00, node_mem_map ee7f7000
+free_area_init_node: node 0, pgdat c09d4e40, node_mem_map ee7f7000
   Normal zone: 1520 pages used for memmap
   Normal zone: 0 pages reserved
   Normal zone: 194560 pages, LIFO batch:31
@@ -87,7 +84,7 @@
 PID hash table entries: 4096 (order: 2, 16384 bytes)
 Dentry cache hash table entries: 131072 (order: 7, 524288 bytes)
 Inode-cache hash table entries: 65536 (order: 6, 262144 bytes)
-Memory: 2002508K/2096128K available (6989K kernel code, 346K rwdata, 2388K rodata, 308K init, 363K bss, 28084K reserved, 65536K cma-reserved, 1252352K highmem)
+Memory: 2002500K/2096128K available (6994K kernel code, 346K rwdata, 2392K rodata, 308K init, 363K bss, 28092K reserved, 65536K cma-reserved, 1252352K highmem)
 Virtual kernel memory layout:
     vector  : 0xffff0000 - 0xffff1000   (   4 kB)
     fixmap  : 0xffc00000 - 0xfff00000   (3072 kB)
@@ -95,10 +92,10 @@
     lowmem  : 0xc0000000 - 0xef800000   ( 760 MB)
     pkmap   : 0xbfe00000 - 0xc0000000   (   2 MB)
     modules : 0xbf000000 - 0xbfe00000   (  14 MB)
-      .text : 0xc0008000 - 0xc0930b6c   (9379 kB)
-      .init : 0xc0931000 - 0xc097e000   ( 308 kB)
-      .data : 0xc097e000 - 0xc09d49c0   ( 347 kB)
-       .bss : 0xc09d7000 - 0xc0a31c94   ( 364 kB)
+      .text : 0xc0008000 - 0xc0932c78   (9388 kB)
+      .init : 0xc0933000 - 0xc0980000   ( 308 kB)
+      .data : 0xc0980000 - 0xc09d6a00   ( 347 kB)
+       .bss : 0xc09d9000 - 0xc0a33c94   ( 364 kB)
 Preemptible hierarchical RCU implementation.
 	Additional per-CPU info printed with stalls.
 	Build-time adjustment of leaf fanout to 32.
@@ -351,7 +348,7 @@
 mmc1: Invalid maximum block size, assuming 512 bytes
 mmc1: SDHCI controller on 700b0400.sdhci [700b0400.sdhci] using ADMA 64-bit
 input: gpio-keys as /devices/soc0/gpio-keys/input/input2
-as3722-rtc as3722-rtc: setting system clock to 2000-02-01 00:00:29 UTC (949363229)
+as3722-rtc as3722-rtc: setting system clock to 2000-02-01 00:00:19 UTC (949363219)
 +USB0_VBUS_SW: disabling
 +1.8V_RUN_VPP_FUSE: disabling
 +2.8V_RUN_CAM_AF: disabling
@@ -371,7 +368,7 @@
 EXT4-fs (mmcblk0p1): mounted filesystem with ordered data mode. Opts: (null)
 VFS: Mounted root (ext4 filesystem) on device 179:1.
 devtmpfs: mounted
-Freeing unused kernel memory: 308K (c0931000 - c097e000)
+Freeing unused kernel memory: 308K (c0933000 - c0980000)
 cfg80211: Calling CRDA to update world regulatory domain
 bash: cannot set terminal process group (-1): Inappropriate ioctl for device
 bash: no job control in this shell
Diff for ./tegra20-trimslice/tegra20-trimslice/multi_v7_defconfig_log.txt
--- /tmp/fooa	2015-07-07 21:36:50.291294107 -0700
+++ /tmp/foob	2015-07-07 21:36:50.295294103 -0700
@@ -48,7 +48,7 @@
 	 ###############################
 	 4.1 MiB/s
 done
-Bytes transferred = 6169864 (5e2508 hex)
+Bytes transferred = 6176416 (5e3ea0 hex)
 Tegra20 (TrimSlice) # tftpboot 0x02408000 tegra20-trimslice.dtb
 Using RTL8169#0 device
 TFTP from server 192.168.100.1; our IP address is 192.168.100.103
@@ -59,7 +59,7 @@
 done
 Bytes transferred = 21130 (528a hex)
 Tegra20 (TrimSlice) # bootz 0x00408000 - 0x02408000
-Kernel image @ 0x408000 [ 0x000000 - 0x5e2508 ]
+Kernel image @ 0x408000 [ 0x000000 - 0x5e3ea0 ]
 ## Flattened Device Tree blob at 02408000
    Booting using the fdt blob at 0x2408000
    Using Device Tree in place at 02408000, end 02410289
@@ -67,7 +67,7 @@
 Starting kernel ...
 
 Booting Linux on physical CPU 0x0
-Linux version 4.2.0-rc1-next-20150707-27608-g8e551e9 (pwalmsley@sellafield) (gcc version 4.7.3 20130328 (prerelease) (crosstool-NG linaro-1.13.1-4.7-2013.04-20130415 - Linaro GCC 2013.04) ) #1 SMP Mon Jul 6 20:47:34 PDT 2015
+Linux version 4.2.0-rc1-next-20150708-27762-g878d23f (pwalmsley@sellafield) (gcc version 4.7.3 20130328 (prerelease) (crosstool-NG linaro-1.13.1-4.7-2013.04-20130415 - Linaro GCC 2013.04) ) #1 SMP Tue Jul 7 21:32:45 PDT 2015
 CPU: ARMv7 Processor [411fc090] revision 0 (ARMv7), cr=10c5387d
 CPU: PIPT / VIPT nonaliasing data cache, VIPT aliasing instruction cache
 Machine model: Compulab TrimSlice board
@@ -75,7 +75,7 @@
 cma: Reserved 64 MiB at 0x3c000000
 Memory policy: Data cache writealloc
 On node 0 totalpages: 262144
-free_area_init_node: node 0, pgdat c0f01340, node_mem_map eeff8000
+free_area_init_node: node 0, pgdat c0f07b00, node_mem_map eeff8000
   DMA zone: 1520 pages used for memmap
   DMA zone: 0 pages reserved
   DMA zone: 194560 pages, LIFO batch:31
@@ -88,7 +88,7 @@
 PID hash table entries: 4096 (order: 2, 16384 bytes)
 Dentry cache hash table entries: 131072 (order: 7, 524288 bytes)
 Inode-cache hash table entries: 65536 (order: 6, 262144 bytes)
-Memory: 960196K/1048576K available (7818K kernel code, 1012K rwdata, 3512K rodata, 944K init, 327K bss, 22844K reserved, 65536K cma-reserved, 204800K highmem)
+Memory: 960172K/1048576K available (7823K kernel code, 1014K rwdata, 3520K rodata, 956K init, 327K bss, 22868K reserved, 65536K cma-reserved, 204800K highmem)
 Virtual kernel memory layout:
     vector  : 0xffff0000 - 0xffff1000   (   4 kB)
     fixmap  : 0xffc00000 - 0xfff00000   (3072 kB)
@@ -96,10 +96,10 @@
     lowmem  : 0xc0000000 - 0xef800000   ( 760 MB)
     pkmap   : 0xbfe00000 - 0xc0000000   (   2 MB)
     modules : 0xbf000000 - 0xbfe00000   (  14 MB)
-      .text : 0xc0208000 - 0xc0d19bbc   (11335 kB)
-      .init : 0xc0d1a000 - 0xc0e06000   ( 944 kB)
-      .data : 0xc0e06000 - 0xc0f03340   (1013 kB)
-       .bss : 0xc0f06000 - 0xc0f57c28   ( 328 kB)
+      .text : 0xc0208000 - 0xc0d1cd08   (11348 kB)
+      .init : 0xc0d1d000 - 0xc0e0c000   ( 956 kB)
+      .data : 0xc0e0c000 - 0xc0f09b00   (1015 kB)
+       .bss : 0xc0f0c000 - 0xc0f5dc28   ( 328 kB)
 SLUB: HWalign=64, Order=0-3, MinObjects=0, CPUs=2, Nodes=1
 Hierarchical RCU implementation.
 	Additional per-CPU info printed with stalls.
@@ -324,29 +324,29 @@
 utmi_phy_clk_enable: timeout waiting for phy to stabilize
 tegra-ehci c5000000.usb: EHCI Host Controller
 tegra-ehci c5000000.usb: new USB bus registered, assigned bus number 2
+usb 1-1: new high-speed USB device number 2 using tegra-ehci
 tegra-ehci c5000000.usb: irq 288, io mem 0xc5000000
 mmc0: host does not support reading read-only switch, assuming write-enable
 mmc0: new high speed SDHC card at address b368
 mmcblk0: mmc0:b368 NCard 3.70 GiB 
-usb 1-1: new high-speed USB device number 2 using tegra-ehci
+ mmcblk0: p1
 tegra-ehci c5000000.usb: USB 2.0 started, EHCI 1.00
 hub 2-0:1.0: USB hub found
 hub 2-0:1.0: 1 port detected
 input: gpio-keys as /devices/soc0/gpio-keys/input/input0
-rtc-em3027 2-0056: setting system clock to 2014-12-26 17:39:23 UTC (1419615563)
- mmcblk0: p1
+hub 1-1:1.0: USB hub found
+hub 1-1:1.0: 4 ports detected
+rtc-em3027 2-0056: setting system clock to 2014-12-26 18:06:09 UTC (1419617169)
 EXT4-fs (mmcblk0p1): mounting ext3 file system using the ext4 subsystem
+mmc1: new high speed SD card at address b368
+mmcblk1: mmc1:b368 NCard 1.83 GiB (ro)
+ mmcblk1: p1 p2
 EXT4-fs (mmcblk0p1): recovery complete
 EXT4-fs (mmcblk0p1): mounted filesystem with ordered data mode. Opts: (null)
 VFS: Mounted root (ext3 filesystem) on device 179:1.
-mmc1: new high speed SD card at address b368
-mmcblk1: mmc1:b368 NCard 1.83 GiB (ro)
 devtmpfs: mounted
-Freeing unused kernel memory: 944K (c0d1a000 - c0e06000)
- mmcblk1: p1 p2
-hub 1-1:1.0: USB hub found
-hub 1-1:1.0: 4 ports detected
+Freeing unused kernel memory: 956K (c0d1d000 - c0e0c000)
+usb 1-1.2: new high-speed USB device number 3 using tegra-ehci
 bash: cannot set terminal process group (-1): Inappropriate ioctl for device
 bash: no job control in this shell
-usb 1-1.2: new high-speed USB device number 3 using tegra-ehci
 root@(none):/# 
\ No newline at end of file
Diff for ./tegra20-trimslice/tegra20-trimslice/tegra_defconfig_log.txt
--- /tmp/fooa	2015-07-07 21:36:50.299294100 -0700
+++ /tmp/foob	2015-07-07 21:36:50.303294097 -0700
@@ -44,10 +44,10 @@
 	 #################################################################
 	 #################################################################
 	 #################################################################
-	 ######################
+	 #######################
 	 4.1 MiB/s
 done
-Bytes transferred = 5093144 (4db718 hex)
+Bytes transferred = 5095200 (4dbf20 hex)
 Tegra20 (TrimSlice) # tftpboot 0x02408000 tegra20-trimslice.dtb
 Using RTL8169#0 device
 TFTP from server 192.168.100.1; our IP address is 192.168.100.103
@@ -58,7 +58,7 @@
 done
 Bytes transferred = 21130 (528a hex)
 Tegra20 (TrimSlice) # bootz 0x00408000 - 0x02408000
-Kernel image @ 0x408000 [ 0x000000 - 0x4db718 ]
+Kernel image @ 0x408000 [ 0x000000 - 0x4dbf20 ]
 ## Flattened Device Tree blob at 02408000
    Booting using the fdt blob at 0x2408000
    Using Device Tree in place at 02408000, end 02410289
@@ -69,7 +69,7 @@
 Booting Linux on physical CPU 0x0
 Initializing cgroup subsys cpu
 Initializing cgroup subsys cpuacct
-Linux version 4.2.0-rc1-next-20150707-27608-g8e551e9 (pwalmsley@kaivo) (gcc version 4.7.3 20130328 (prerelease) (crosstool-NG linaro-1.13.1-4.7-2013.04-20130415 - Linaro GCC 2013.04) ) #1 SMP PREEMPT Mon Jul 6 20:48:11 PDT 2015
+Linux version 4.2.0-rc1-next-20150708-27762-g878d23f (pwalmsley@kaivo) (gcc version 4.7.3 20130328 (prerelease) (crosstool-NG linaro-1.13.1-4.7-2013.04-20130415 - Linaro GCC 2013.04) ) #1 SMP PREEMPT Tue Jul 7 21:33:21 PDT 2015
 CPU: ARMv7 Processor [411fc090] revision 0 (ARMv7), cr=10c5387d
 CPU: PIPT / VIPT nonaliasing data cache, VIPT aliasing instruction cache
 Machine model: Compulab TrimSlice board
@@ -78,7 +78,7 @@
 cma: Reserved 64 MiB at 0x3c000000
 Memory policy: Data cache writealloc
 On node 0 totalpages: 262144
-free_area_init_node: node 0, pgdat c09d2e00, node_mem_map eeff7000
+free_area_init_node: node 0, pgdat c09d4e40, node_mem_map eeff7000
   Normal zone: 1520 pages used for memmap
   Normal zone: 0 pages reserved
   Normal zone: 194560 pages, LIFO batch:31
@@ -91,7 +91,7 @@
 PID hash table entries: 4096 (order: 2, 16384 bytes)
 Dentry cache hash table entries: 131072 (order: 7, 524288 bytes)
 Inode-cache hash table entries: 65536 (order: 6, 262144 bytes)
-Memory: 963412K/1048576K available (6989K kernel code, 346K rwdata, 2388K rodata, 308K init, 363K bss, 19628K reserved, 65536K cma-reserved, 204800K highmem)
+Memory: 963404K/1048576K available (6994K kernel code, 346K rwdata, 2392K rodata, 308K init, 363K bss, 19636K reserved, 65536K cma-reserved, 204800K highmem)
 Virtual kernel memory layout:
     vector  : 0xffff0000 - 0xffff1000   (   4 kB)
     fixmap  : 0xffc00000 - 0xfff00000   (3072 kB)
@@ -99,10 +99,10 @@
     lowmem  : 0xc0000000 - 0xef800000   ( 760 MB)
     pkmap   : 0xbfe00000 - 0xc0000000   (   2 MB)
     modules : 0xbf000000 - 0xbfe00000   (  14 MB)
-      .text : 0xc0008000 - 0xc0930b6c   (9379 kB)
-      .init : 0xc0931000 - 0xc097e000   ( 308 kB)
-      .data : 0xc097e000 - 0xc09d49c0   ( 347 kB)
-       .bss : 0xc09d7000 - 0xc0a31c94   ( 364 kB)
+      .text : 0xc0008000 - 0xc0932c78   (9388 kB)
+      .init : 0xc0933000 - 0xc0980000   ( 308 kB)
+      .data : 0xc0980000 - 0xc09d6a00   ( 347 kB)
+       .bss : 0xc09d9000 - 0xc0a33c94   ( 364 kB)
 Preemptible hierarchical RCU implementation.
 	Additional per-CPU info printed with stalls.
 	Build-time adjustment of leaf fanout to 32.
@@ -345,13 +345,13 @@
 hub 1-1:1.0: USB hub found
 hub 1-1:1.0: 4 ports detected
 mmc1: new high speed SD card at address b368
-tegra-ehci c5000000.usb: USB 2.0 started, EHCI 1.00
 mmcblk1: mmc1:b368 NCard 1.83 GiB (ro)
- mmcblk1: p1 p2
+tegra-ehci c5000000.usb: USB 2.0 started, EHCI 1.00
 hub 2-0:1.0: USB hub found
 hub 2-0:1.0: 1 port detected
 input: gpio-keys as /devices/soc0/gpio-keys/input/input0
-rtc-em3027 2-0056: setting system clock to 2014-12-26 17:39:42 UTC (1419615582)
+ mmcblk1: p1 p2
+rtc-em3027 2-0056: setting system clock to 2014-12-26 18:06:27 UTC (1419617187)
 ALSA device list:
   #0: tegra-trimslice
 kjournald starting.  Commit interval 5 seconds
@@ -360,8 +360,8 @@
 EXT3-fs (mmcblk0p1): mounted filesystem with writeback data mode
 VFS: Mounted root (ext3 filesystem) on device 179:1.
 devtmpfs: mounted
-Freeing unused kernel memory: 308K (c0931000 - c097e000)
-usb 1-1.2: new high-speed USB device number 3 using tegra-ehci
-bash: cannot set terminal process group (-1): Inappropriate ioctl for device
+Freeing unused kernel memory: 308K (c0933000 - c0980000)
+bash: cannot set terminal process group (-1): Inappropriate ioctl for de[    2.253527] usb 1-1.2: new high-speed USB device number 3 using tegra-ehci
+vice
 bash: no job control in this shell
 root@(none):/# 
\ No newline at end of file
Diff for ./tegra30-beaver/tegra30-beaver/multi_v7_defconfig_log.txt
--- /tmp/fooa	2015-07-07 21:36:50.307294094 -0700
+++ /tmp/foob	2015-07-07 21:36:50.311294091 -0700
@@ -40,7 +40,7 @@
 	 ###############################
 	 3.3 MiB/s
 done
-Bytes transferred = 6169864 (5e2508 hex)
+Bytes transferred = 6176416 (5e3ea0 hex)
 Tegra30 (Beaver) # tftpboot 0x82000000 tegra30-beaver.dtb
 Using asx0 device
 TFTP from server 192.168.100.1; our IP address is 192.168.100.101
@@ -51,7 +51,7 @@
 done
 Bytes transferred = 51467 (c90b hex)
 Tegra30 (Beaver) # bootz 0x81000000 - 0x82000000
-Kernel image @ 0x81000000 [ 0x000000 - 0x5e2508 ]
+Kernel image @ 0x81000000 [ 0x000000 - 0x5e3ea0 ]
 ## Flattened Device Tree blob at 82000000
    Booting using the fdt blob at 0x82000000
    Loading Device Tree to 8fff0000, end 8ffff90a ... OK
@@ -59,7 +59,7 @@
 Starting kernel ...
 
 Booting Linux on physical CPU 0x0
-Linux version 4.2.0-rc1-next-20150707-27608-g8e551e9 (pwalmsley@sellafield) (gcc version 4.7.3 20130328 (prerelease) (crosstool-NG linaro-1.13.1-4.7-2013.04-20130415 - Linaro GCC 2013.04) ) #1 SMP Mon Jul 6 20:47:34 PDT 2015
+Linux version 4.2.0-rc1-next-20150708-27762-g878d23f (pwalmsley@sellafield) (gcc version 4.7.3 20130328 (prerelease) (crosstool-NG linaro-1.13.1-4.7-2013.04-20130415 - Linaro GCC 2013.04) ) #1 SMP Tue Jul 7 21:32:45 PDT 2015
 CPU: ARMv7 Processor [412fc099] revision 9 (ARMv7), cr=10c5387d
 CPU: PIPT / VIPT nonaliasing data cache, VIPT aliasing instruction cache
 Machine model: NVIDIA Tegra30 Beaver evaluation board
@@ -67,7 +67,7 @@
 cma: Reserved 64 MiB at 0xfb800000
 Memory policy: Data cache writealloc
 On node 0 totalpages: 524032
-free_area_init_node: node 0, pgdat c0f01340, node_mem_map ee7f8000
+free_area_init_node: node 0, pgdat c0f07b00, node_mem_map ee7f8000
   DMA zone: 1520 pages used for memmap
   DMA zone: 0 pages reserved
   DMA zone: 194560 pages, LIFO batch:31
@@ -80,7 +80,7 @@
 PID hash table entries: 4096 (order: 2, 16384 bytes)
 Dentry cache hash table entries: 131072 (order: 7, 524288 bytes)
 Inode-cache hash table entries: 65536 (order: 6, 262144 bytes)
-Memory: 1999316K/2096128K available (7818K kernel code, 1012K rwdata, 3512K rodata, 944K init, 327K bss, 31276K reserved, 65536K cma-reserved, 1252352K highmem)
+Memory: 1999292K/2096128K available (7823K kernel code, 1014K rwdata, 3520K rodata, 956K init, 327K bss, 31300K reserved, 65536K cma-reserved, 1252352K highmem)
 Virtual kernel memory layout:
     vector  : 0xffff0000 - 0xffff1000   (   4 kB)
     fixmap  : 0xffc00000 - 0xfff00000   (3072 kB)
@@ -88,10 +88,10 @@
     lowmem  : 0xc0000000 - 0xef800000   ( 760 MB)
     pkmap   : 0xbfe00000 - 0xc0000000   (   2 MB)
     modules : 0xbf000000 - 0xbfe00000   (  14 MB)
-      .text : 0xc0208000 - 0xc0d19bbc   (11335 kB)
-      .init : 0xc0d1a000 - 0xc0e06000   ( 944 kB)
-      .data : 0xc0e06000 - 0xc0f03340   (1013 kB)
-       .bss : 0xc0f06000 - 0xc0f57c28   ( 328 kB)
+      .text : 0xc0208000 - 0xc0d1cd08   (11348 kB)
+      .init : 0xc0d1d000 - 0xc0e0c000   ( 956 kB)
+      .data : 0xc0e0c000 - 0xc0f09b00   (1015 kB)
+       .bss : 0xc0f0c000 - 0xc0f5dc28   ( 328 kB)
 SLUB: HWalign=64, Order=0-3, MinObjects=0, CPUs=4, Nodes=1
 Hierarchical RCU implementation.
 	Additional per-CPU info printed with stalls.
@@ -288,8 +288,8 @@
 mmcblk0: mmc1:0001 SEM16G 14.8 GiB 
 mmcblk0boot0: mmc1:0001 SEM16G partition 1 1.00 MiB
 mmcblk0boot1: mmc1:0001 SEM16G partition 2 1.00 MiB
-tegra-pcie 3000.pcie-controller: probing port 2, using 2 lanes
 mmcblk0rpmb: mmc1:0001 SEM16G partition 3 128 KiB
+tegra-pcie 3000.pcie-controller: probing port 2, using 2 lanes
 Primary GPT is invalid, using alternate GPT.
  mmcblk0: p1 p2 p3 p4 p5
 tegra-pcie 3000.pcie-controller: link 2 down, retrying
@@ -365,7 +365,7 @@
 EXT4-fs (mmcblk0p1): mounted filesystem with ordered data mode. Opts: (null)
 VFS: Mounted root (ext3 filesystem) on device 179:1.
 devtmpfs: mounted
-Freeing unused kernel memory: 944K (c0d1a000 - c0e06000)
+Freeing unused kernel memory: 956K (c0d1d000 - c0e0c000)
 bash: cannot set terminal process group (-1): Inappropriate ioctl for device
 bash: no job control in this shell
-root@(none):/# [    3.758815] usb 2-1: new high-speed USB device number 2 using tegra-ehci
+root@(none):/# [    3.763408] usb 2-1: new high-speed USB device number 2 using tegra-ehci
Diff for ./tegra30-beaver/tegra30-beaver/tegra_defconfig_log.txt
--- /tmp/fooa	2015-07-07 21:36:50.319294084 -0700
+++ /tmp/foob	2015-07-07 21:36:50.319294084 -0700
@@ -36,21 +36,21 @@
 	 #################################################################
 	 #################################################################
 	 #################################################################
-	 ######################
+	 #######################
 	 3.4 MiB/s
 done
-Bytes transferred = 5093144 (4db718 hex)
+Bytes transferred = 5095200 (4dbf20 hex)
 Tegra30 (Beaver) # tftpboot 0x82000000 tegra30-beaver.dtb
 Using asx0 device
 TFTP from server 192.168.100.1; our IP address is 192.168.100.101
 Filename 'tegra30-beaver.dtb'.
 Load address: 0x82000000
 Loading: *####
-	 3.3 MiB/s
+	 3.1 MiB/s
 done
 Bytes transferred = 51467 (c90b hex)
 Tegra30 (Beaver) # bootz 0x81000000 - 0x82000000
-Kernel image @ 0x81000000 [ 0x000000 - 0x4db718 ]
+Kernel image @ 0x81000000 [ 0x000000 - 0x4dbf20 ]
 ## Flattened Device Tree blob at 82000000
    Booting using the fdt blob at 0x82000000
    Loading Device Tree to 8fff0000, end 8ffff90a ... OK
@@ -61,7 +61,7 @@
 Booting Linux on physical CPU 0x0
 Initializing cgroup subsys cpu
 Initializing cgroup subsys cpuacct
-Linux version 4.2.0-rc1-next-20150707-27608-g8e551e9 (pwalmsley@kaivo) (gcc version 4.7.3 20130328 (prerelease) (crosstool-NG linaro-1.13.1-4.7-2013.04-20130415 - Linaro GCC 2013.04) ) #1 SMP PREEMPT Mon Jul 6 20:48:11 PDT 2015
+Linux version 4.2.0-rc1-next-20150708-27762-g878d23f (pwalmsley@kaivo) (gcc version 4.7.3 20130328 (prerelease) (crosstool-NG linaro-1.13.1-4.7-2013.04-20130415 - Linaro GCC 2013.04) ) #1 SMP PREEMPT Tue Jul 7 21:33:21 PDT 2015
 CPU: ARMv7 Processor [412fc099] revision 9 (ARMv7), cr=10c5387d
 CPU: PIPT / VIPT nonaliasing data cache, VIPT aliasing instruction cache
 Machine model: NVIDIA Tegra30 Beaver evaluation board
@@ -69,7 +69,7 @@
 cma: Reserved 64 MiB at 0xfbc00000
 Memory policy: Data cache writealloc
 On node 0 totalpages: 524032
-free_area_init_node: node 0, pgdat c09d2e00, node_mem_map ee7f7000
+free_area_init_node: node 0, pgdat c09d4e40, node_mem_map ee7f7000
   Normal zone: 1520 pages used for memmap
   Normal zone: 0 pages reserved
   Normal zone: 194560 pages, LIFO batch:31
@@ -82,7 +82,7 @@
 PID hash table entries: 4096 (order: 2, 16384 bytes)
 Dentry cache hash table entries: 131072 (order: 7, 524288 bytes)
 Inode-cache hash table entries: 65536 (order: 6, 262144 bytes)
-Memory: 2002532K/2096128K available (6989K kernel code, 346K rwdata, 2388K rodata, 308K init, 363K bss, 28060K reserved, 65536K cma-reserved, 1252352K highmem)
+Memory: 2002524K/2096128K available (6994K kernel code, 346K rwdata, 2392K rodata, 308K init, 363K bss, 28068K reserved, 65536K cma-reserved, 1252352K highmem)
 Virtual kernel memory layout:
     vector  : 0xffff0000 - 0xffff1000   (   4 kB)
     fixmap  : 0xffc00000 - 0xfff00000   (3072 kB)
@@ -90,10 +90,10 @@
     lowmem  : 0xc0000000 - 0xef800000   ( 760 MB)
     pkmap   : 0xbfe00000 - 0xc0000000   (   2 MB)
     modules : 0xbf000000 - 0xbfe00000   (  14 MB)
-      .text : 0xc0008000 - 0xc0930b6c   (9379 kB)
-      .init : 0xc0931000 - 0xc097e000   ( 308 kB)
-      .data : 0xc097e000 - 0xc09d49c0   ( 347 kB)
-       .bss : 0xc09d7000 - 0xc0a31c94   ( 364 kB)
+      .text : 0xc0008000 - 0xc0932c78   (9388 kB)
+      .init : 0xc0933000 - 0xc0980000   ( 308 kB)
+      .data : 0xc0980000 - 0xc09d6a00   ( 347 kB)
+       .bss : 0xc09d9000 - 0xc0a33c94   ( 364 kB)
 Preemptible hierarchical RCU implementation.
 	Additional per-CPU info printed with stalls.
 	Build-time adjustment of leaf fanout to 32.
@@ -369,7 +369,7 @@
 EXT3-fs (mmcblk0p1): mounted filesystem with writeback data mode
 VFS: Mounted root (ext3 filesystem) on device 179:1.
 devtmpfs: mounted
-Freeing unused kernel memory: 308K (c0931000 - c097e000)
+Freeing unused kernel memory: 308K (c0933000 - c0980000)
 bash: cannot set terminal process group (-1): Inappropriate ioctl for device
 bash: no job control in this shell
-root@(none):/# [    4.456708] usb 2-1: new high-speed USB device number 2 using tegra-ehci
+root@(none):/# [    4.456737] usb 2-1: new high-speed USB device number 2 using tegra-ehci
