[    0.000000] Booting Linux on physical CPU 0x0
[    0.000000] Linux version 4.13.0-rc2-next-20170726-306346-g1b70c7a (jonathanh@tamien) (gcc version 4.9.2 20140904 (prerelease) (crosstool-NG linaro-1.13.1-4.9-2014.09 - Linaro GCC 4.9-2014.09)) #1 SMP PREEMPT Tue Jul 25 23:25:55 PDT 2017
[    0.000000] Boot CPU: AArch64 Processor [411fd070]
[    0.000000] Machine model: linux,dummy-virt
[    0.000000] Memory limited to 1024MB
[    0.000000] efi: Getting EFI parameters from FDT:
[    0.000000] efi: UEFI not found.
[    0.000000] cma: Reserved 16 MiB at 0x000000007f000000
[    0.000000] NUMA: No NUMA configuration found
[    0.000000] NUMA: Faking a node at [mem 0x0000000000000000-0x000000007fffffff]
[    0.000000] NUMA: Adding memblock [0x40000000 - 0x7fffffff] on node 0
[    0.000000] NUMA: Initmem setup node 0 [mem 0x40000000-0x7fffffff]
[    0.000000] NUMA: NODE_DATA [mem 0x7efe8f00-0x7efea9ff]
[    0.000000] Zone ranges:
[    0.000000]   DMA      [mem 0x0000000040000000-0x000000007fffffff]
[    0.000000]   Normal   empty
[    0.000000] Movable zone start for each node
[    0.000000] Early memory node ranges
[    0.000000]   node   0: [mem 0x0000000040000000-0x000000007fffffff]
[    0.000000] Initmem setup node 0 [mem 0x0000000040000000-0x000000007fffffff]
[    0.000000] psci: probing for conduit method from DT.
[    0.000000] psci: PSCIv0.2 detected in firmware.
[    0.000000] psci: Using standard PSCI v0.2 function IDs
[    0.000000] psci: Trusted OS migration not required
[    0.000000] percpu: Embedded 26 pages/cpu @ffff80003efcb000 s68096 r8192 d30208 u106496
[    0.000000] Detected PIPT I-cache on CPU0
[    0.000000] CPU features: enabling workaround for ARM erratum 832075
[    0.000000] CPU features: enabling workaround for ARM erratum 834220
[    0.000000] Built 1 zonelists in Node order, mobility grouping on.  Total pages: 258048
[    0.000000] Policy zone: DMA
[    0.000000] Kernel command line: root=/dev/vda2 rw rootwait mem=1024M console=ttyAMA0,38400n8 init=/bin/bash
[    0.000000] PID hash table entries: 4096 (order: 3, 32768 bytes)
[    0.000000] Memory: 999304K/1048576K available (9084K kernel code, 1118K rwdata, 4416K rodata, 1088K init, 401K bss, 32888K reserved, 16384K cma-reserved)
[    0.000000] Virtual kernel memory layout:
[    0.000000]     modules : 0xffff000000000000 - 0xffff000008000000   (   128 MB)
[    0.000000]     vmalloc : 0xffff000008000000 - 0xffff7dffbfff0000   (129022 GB)
[    0.000000]       .text : 0xffff000008080000 - 0xffff000008960000   (  9088 KB)
[    0.000000]     .rodata : 0xffff000008960000 - 0xffff000008dc0000   (  4480 KB)
[    0.000000]       .init : 0xffff000008dc0000 - 0xffff000008ed0000   (  1088 KB)
[    0.000000]       .data : 0xffff000008ed0000 - 0xffff000008fe7a00   (  1119 KB)
[    0.000000]        .bss : 0xffff000008fe7a00 - 0xffff00000904c0f0   (   402 KB)
[    0.000000]     fixed   : 0xffff7dfffe7fd000 - 0xffff7dfffec00000   (  4108 KB)
[    0.000000]     PCI I/O : 0xffff7dfffee00000 - 0xffff7dffffe00000   (    16 MB)
[    0.000000]     vmemmap : 0xffff7e0000000000 - 0xffff800000000000   (  2048 GB maximum)
[    0.000000]               0xffff7e0000000000 - 0xffff7e0001000000   (    16 MB actual)
[    0.000000]     memory  : 0xffff800000000000 - 0xffff800040000000   (  1024 MB)
[    0.000000] SLUB: HWalign=64, Order=0-3, MinObjects=0, CPUs=1, Nodes=1
[    0.000000] Preemptible hierarchical RCU implementation.
[    0.000000] 	RCU restricting CPUs from NR_CPUS=64 to nr_cpu_ids=1.
[    0.000000] 	Tasks RCU enabled.
[    0.000000] RCU: Adjusting geometry for rcu_fanout_leaf=16, nr_cpu_ids=1
[    0.000000] NR_IRQS: 64, nr_irqs: 64, preallocated irqs: 0
[    0.000000] GICv2m: range[mem 0x08020000-0x08020fff], SPI[80:143]
[    0.000000] arch_timer: cp15 timer(s) running at 62.50MHz (virt).
[    0.000000] clocksource: arch_sys_counter: mask: 0xffffffffffffff max_cycles: 0x1cd42e208c, max_idle_ns: 881590405314 ns
[    0.000195] sched_clock: 56 bits at 62MHz, resolution 16ns, wraps every 4398046511096ns
[    0.007676] Console: colour dummy device 80x25
[    0.009057] Calibrating delay loop (skipped), value calculated using timer frequency.. 125.00 BogoMIPS (lpj=250000)
[    0.009339] pid_max: default: 32768 minimum: 301
[    0.010618] Security Framework initialized
[    0.013158] Dentry cache hash table entries: 131072 (order: 8, 1048576 bytes)
[    0.014250] Inode-cache hash table entries: 65536 (order: 7, 524288 bytes)
[    0.014494] Mount-cache hash table entries: 2048 (order: 2, 16384 bytes)
[    0.014613] Mountpoint-cache hash table entries: 2048 (order: 2, 16384 bytes)
[    0.065774] ASID allocator initialised with 65536 entries
[    0.084305] Hierarchical SRCU implementation.
[    0.102464] EFI services will not be available.
[    0.109750] smp: Bringing up secondary CPUs ...
[    0.109893] smp: Brought up 1 node, 1 CPU
[    0.109954] SMP: Total of 1 processors activated.
[    0.110114] CPU features: detected feature: 32-bit EL0 Support
[    0.111877] CPU: All CPU(s) started at EL1
[    0.112755] alternatives: patching kernel code
[    0.138183] devtmpfs: initialized
[    0.153989] clocksource: jiffies: mask: 0xffffffff max_cycles: 0xffffffff, max_idle_ns: 7645041785100000 ns
[    0.154225] futex hash table entries: 256 (order: 3, 32768 bytes)
[    0.190248] pinctrl core: initialized pinctrl subsystem
[    0.209723] random: fast init done
[    0.223110] DMI not present or invalid.
[    0.230899] NET: Registered protocol family 16
[    0.254781] cpuidle: using governor menu
[    0.256389] vdso: 2 pages (1 code @ ffff000008966000, 1 data @ ffff000008ed5000)
[    0.256651] hw-breakpoint: found 6 breakpoint and 4 watchpoint registers.
[    0.280519] DMA: preallocated 256 KiB pool for atomic allocations
[    0.284768] Serial: AMBA PL011 UART driver
[    0.354827] 9000000.pl011: ttyAMA0 at MMIO 0x9000000 (irq = 39, base_baud = 0) is a PL011 rev1
[    0.383535] console [ttyAMA0] enabled
[    0.593097] HugeTLB registered 2.00 MiB page size, pre-allocated 0 pages
[    0.609430] ACPI: Interpreter disabled.
[    0.622490] vgaarb: loaded
[    0.626601] SCSI subsystem initialized
[    0.633802] usbcore: registered new interface driver usbfs
[    0.636290] usbcore: registered new interface driver hub
[    0.638475] usbcore: registered new device driver usb
[    0.648574] pps_core: LinuxPPS API ver. 1 registered
[    0.648878] pps_core: Software ver. 5.3.6 - Copyright 2005-2007 Rodolfo Giometti <giometti@linux.it>
[    0.650825] PTP clock support registered
[    0.653421] EDAC MC: Ver: 3.0.0
[    0.659821] dmi: Firmware registration failed.
[    0.662931] Advanced Linux Sound Architecture Driver Initialized.
[    0.680753] clocksource: Switched to clocksource arch_sys_counter
[    0.682217] VFS: Disk quotas dquot_6.6.0
[    0.685338] VFS: Dquot-cache hash table entries: 512 (order 0, 4096 bytes)
[    0.689333] pnp: PnP ACPI: disabled
[    0.771835] NET: Registered protocol family 2
[    0.779478] TCP established hash table entries: 8192 (order: 4, 65536 bytes)
[    0.790515] TCP bind hash table entries: 8192 (order: 5, 131072 bytes)
[    0.791222] TCP: Hash tables configured (established 8192 bind 8192)
[    0.793319] UDP hash table entries: 512 (order: 2, 16384 bytes)
[    0.793888] UDP-Lite hash table entries: 512 (order: 2, 16384 bytes)
[    0.795995] NET: Registered protocol family 1
[    0.808437] RPC: Registered named UNIX socket transport module.
[    0.809355] RPC: Registered udp transport module.
[    0.809669] RPC: Registered tcp transport module.
[    0.809952] RPC: Registered tcp NFSv4.1 backchannel transport module.
[    0.837821] hw perfevents: enabled with armv8_pmuv3 PMU driver, 1 counters available
[    0.839510] kvm [1]: HYP mode not available
[    0.859420] audit: initializing netlink subsys (disabled)
[    0.864287] audit: type=2000 audit(0.764:1): state=initialized audit_enabled=0 res=1
[    0.867957] workingset: timestamp_bits=44 max_order=18 bucket_order=0
[    0.949933] squashfs: version 4.0 (2009/01/31) Phillip Lougher
[    0.962617] NFS: Registering the id_resolver key type
[    0.964248] Key type id_resolver registered
[    0.965660] Key type id_legacy registered
[    0.966230] nfs4filelayout_init: NFSv4 File Layout Driver Registering...
[    0.967960] 9p: Installing v9fs 9p2000 file system support
[    0.985553] Block layer SCSI generic (bsg) driver version 0.4 loaded (major 247)
[    0.986126] io scheduler noop registered
[    0.987974] io scheduler cfq registered (default)
[    0.988290] io scheduler mq-deadline registered
[    0.989329] io scheduler kyber registered
[    1.063461] pl061_gpio 9030000.pl061: PL061 GPIO chip @0x0000000009030000 registered
[    1.078677] OF: PCI: host bridge /pcie@10000000 ranges:
[    1.079445] OF: PCI:    IO 0x3eff0000..0x3effffff -> 0x00000000
[    1.080125] OF: PCI:   MEM 0x10000000..0x3efeffff -> 0x10000000
[    1.080525] OF: PCI:   MEM 0x8000000000..0xffffffffff -> 0x8000000000
[    1.082328] pci-host-generic 3f000000.pcie: ECAM at [mem 0x3f000000-0x3fffffff] for [bus 00-0f]
[    1.084321] pci-host-generic 3f000000.pcie: PCI host bridge to bus 0000:00
[    1.085366] pci_bus 0000:00: root bus resource [bus 00-0f]
[    1.085757] pci_bus 0000:00: root bus resource [io  0x0000-0xffff]
[    1.086098] pci_bus 0000:00: root bus resource [mem 0x10000000-0x3efeffff]
[    1.086467] pci_bus 0000:00: root bus resource [mem 0x8000000000-0xffffffffff]
[    1.167710] xenfs: not registering filesystem on non-xen platform
[    1.214809] Serial: 8250/16550 driver, 4 ports, IRQ sharing enabled
[    1.233448] SuperH (H)SCI(F) driver initialized
[    1.237621] msm_serial: driver initialized
[    1.245178] cacheinfo: Unable to detect cache hierarchy for CPU 0
[    1.294010] loop: module loaded
[    1.362565]  vda: vda1 vda2
[    1.380971] hisi_sas: driver version v1.6
[    1.415231] libphy: Fixed MDIO Bus: probed
[    1.422068] tun: Universal TUN/TAP device driver, 1.6
[    1.443953] e1000e: Intel(R) PRO/1000 Network Driver - 3.2.6-k
[    1.444316] e1000e: Copyright(c) 1999 - 2015 Intel Corporation.
[    1.446603] igb: Intel(R) Gigabit Ethernet Network Driver - version 5.4.0-k
[    1.447059] igb: Copyright (c) 2007-2014 Intel Corporation.
[    1.447824] igbvf: Intel(R) Gigabit Virtual Function Network Driver - version 2.4.0-k
[    1.448237] igbvf: Copyright (c) 2009 - 2012 Intel Corporation.
[    1.452504] sky2: driver version 1.30
[    1.458746] VFIO - User Level meta-driver version: 0.3
[    1.480097] ehci_hcd: USB 2.0 'Enhanced' Host Controller (EHCI) Driver
[    1.482035] ehci-pci: EHCI PCI platform driver
[    1.485200] ehci-platform: EHCI generic platform driver
[    1.486503] ehci-orion: EHCI orion driver
[    1.487854] ehci-exynos: EHCI EXYNOS driver
[    1.489679] ehci-msm: Qualcomm On-Chip EHCI Host Controller
[    1.490697] ohci_hcd: USB 1.1 'Open' Host Controller (OHCI) Driver
[    1.491149] ohci-pci: OHCI PCI platform driver
[    1.491974] ohci-platform: OHCI generic platform driver
[    1.494319] ohci-exynos: OHCI EXYNOS driver
[    1.499988] usbcore: registered new interface driver usb-storage
[    1.525774] rtc-pl031 9010000.pl031: rtc core: registered pl031 as rtc0
[    1.533144] i2c /dev entries driver
[    1.569649] sdhci: Secure Digital Host Controller Interface driver
[    1.570015] sdhci: Copyright(c) Pierre Ossman
[    1.573116] Synopsys Designware Multimedia Card Interface Driver
[    1.582048] sdhci-pltfm: SDHCI platform and OF driver helper
[    1.595600] ledtrig-cpu: registered to indicate activity on CPUs
[    1.609708] usbcore: registered new interface driver usbhid
[    1.610053] usbhid: USB HID core driver
[    1.632322] NET: Registered protocol family 17
[    1.635161] 9pnet: Installing 9P2000 support
[    1.636018] Key type dns_resolver registered
[    1.641356] registered taskstats version 1
[    1.651672] input: gpio-keys as /devices/platform/gpio-keys/input/input0
[    1.656224] rtc-pl031 9010000.pl031: setting system clock to 2017-07-26 06:26:54 UTC (1501050414)
[    1.658620] ALSA device list:
[    1.658847]   No soundcards found.
[    1.662888] uart-pl011 9000000.pl011: no DMA platform data
[    1.679830] EXT4-fs (vda2): couldn't mount as ext3 due to feature incompatibilities
[    1.780319] EXT4-fs (vda2): recovery complete
[    1.782723] EXT4-fs (vda2): mounted filesystem with ordered data mode. Opts: (null)
[    1.783401] VFS: Mounted root (ext4 filesystem) on device 254:2.
[    1.802949] devtmpfs: mounted
[    1.894729] Freeing unused kernel memory: 1088K
bash: cannot set terminal process group (-1): Inappropriate ioctl for device
bash: no job control in this shell
bash-4.3# 