Diff for ./qemu-vexpress64/__internal/defconfig_log.txt
--- /tmp/fooa	2015-08-27 01:53:38.514046783 -0700
+++ /tmp/foob	2015-08-27 01:53:38.518046781 -0700
@@ -1,6 +1,6 @@
 Booting Linux on physical CPU 0x0
 Initializing cgroup subsys cpu
-Linux version 4.2.0-rc8-next-20150826+ (pwalmsley@sellafield) (gcc version 4.9.2 20140904 (prerelease) (crosstool-NG linaro-1.13.1-4.9-2014.09 - Linaro GCC 4.9-2014.09) ) #1 SMP PREEMPT Wed Aug 26 01:20:46 PDT 2015
+Linux version 4.2.0-rc8-next-20150827+ (pwalmsley@tamien) (gcc version 4.9.2 20140904 (prerelease) (crosstool-NG linaro-1.13.1-4.9-2014.09 - Linaro GCC 4.9-2014.09) ) #1 SMP PREEMPT Thu Aug 27 01:48:57 PDT 2015
 CPU: AArch64 Processor [411fd070] revision 0
 Detected PIPT I-cache on CPU0
 alternatives: enabling workaround for ARM erratum 832075
@@ -91,7 +91,7 @@
 kvm [1]: HYP mode not available
 futex hash table entries: 256 (order: 2, 16384 bytes)
 audit: initializing netlink subsys (disabled)
-audit: type=2000 audit(0.670:1): initialized
+audit: type=2000 audit(0.710:1): initialized
 HugeTLB registered 2 MB page size, pre-allocated 0 pages
 VFS: Disk quotas dquot_6.6.0
 VFS: Dquot-cache hash table entries: 512 (order 0, 4096 bytes)
Diff for ./tegra114-dalmore-a04/tegra114-dalmore/multi_v7_defconfig_log.txt
--- /tmp/fooa	2015-08-27 01:53:38.522046778 -0700
+++ /tmp/foob	2015-08-27 01:53:38.526046775 -0700
@@ -38,20 +38,20 @@
 	 #################################################################
 	 #################################################################
 	 #################################################
-	 3.3 MiB/s
+	 3 MiB/s
 done
-Bytes transferred = 6435176 (623168 hex)
+Bytes transferred = 6435752 (6233a8 hex)
 Tegra114 (Dalmore) # tftpboot 0x82000000 tegra114-dalmore.dtb
 Using asx0 device
 TFTP from server 192.168.100.1; our IP address is 192.168.100.100
 Filename 'tegra114-dalmore.dtb'.
 Load address: 0x82000000
 Loading: *###
-	 3 MiB/s
+	 2.6 MiB/s
 done
 Bytes transferred = 34966 (8896 hex)
 Tegra114 (Dalmore) # bootz 0x81000000 - 0x82000000
-Kernel image @ 0x81000000 [ 0x000000 - 0x623168 ]
+Kernel image @ 0x81000000 [ 0x000000 - 0x6233a8 ]
 ## Flattened Device Tree blob at 82000000
    Booting using the fdt blob at 0x82000000
    Loading Device Tree to 8fff4000, end 8ffff895 ... OK
@@ -59,7 +59,7 @@
 Starting kernel ...
 
 Booting Linux on physical CPU 0x0
-Linux version 4.2.0-rc8-next-20150826-39233-g4aae1af (pwalmsley@kaivo) (gcc version 4.7.3 20130328 (prerelease) (crosstool-NG linaro-1.13.1-4.7-2013.04-20130415 - Linaro GCC 2013.04) ) #1 SMP Wed Aug 26 01:20:54 PDT 2015
+Linux version 4.2.0-rc8-next-20150827-39375-g2b186e5 (pwalmsley@sellafield) (gcc version 4.7.3 20130328 (prerelease) (crosstool-NG linaro-1.13.1-4.7-2013.04-20130415 - Linaro GCC 2013.04) ) #1 SMP Thu Aug 27 01:47:44 PDT 2015
 CPU: ARMv7 Processor [412fc0f2] revision 2 (ARMv7), cr=10c5387d
 CPU: PIPT / VIPT nonaliasing data cache, PIPT instruction cache
 Machine model: NVIDIA Tegra114 Dalmore evaluation board
@@ -88,7 +88,7 @@
     lowmem  : 0xc0000000 - 0xef800000   ( 760 MB)
     pkmap   : 0xbfe00000 - 0xc0000000   (   2 MB)
     modules : 0xbf000000 - 0xbfe00000   (  14 MB)
-      .text : 0xc0208000 - 0xc0d80eb4   (11748 kB)
+      .text : 0xc0208000 - 0xc0d80e8c   (11748 kB)
       .init : 0xc0d81000 - 0xc0e82000   (1028 kB)
       .data : 0xc0e82000 - 0xc0f7f4a0   (1014 kB)
        .bss : 0xc0f82000 - 0xc0fd72e8   ( 341 kB)
@@ -256,22 +256,22 @@
 ThumbEE CPU extension supported.
 Registering SWP/SWPB emulation handler
 tps65090 2-0048: No cache defaults, reading back from HW
-mmc0: MAN_BKOPS_EN bit is not set
 vdd-lcd-bl: supplied by vdd_ac_bat
+mmc0: MAN_BKOPS_EN bit is not set
 vdd-sys-5v0: supplied by vdd_ac_bat
 VDD_5V0_HDMI_CON: supplied by vdd-sys-5v0
 vdd_hdmi_5v0: supplied by vdd-sys-5v0
 [drm] Supports vblank timestamp caching Rev 2 (21.10.2013).
+[drm] No driver support for vblank timestamp query.
+drm drm: No connectors reported connected with modes
+[drm] Cannot find any crtc or sizes - going 1024x768
 mmc0: new high speed MMC card at address 0001
 mmcblk0: mmc0:0001 SEM32G 29.1 GiB 
 mmcblk0boot0: mmc0:0001 SEM32G partition 1 4.00 MiB
 mmcblk0boot1: mmc0:0001 SEM32G partition 2 4.00 MiB
+Console: switching to colour frame buffer device 128x48
 mmcblk0rpmb: mmc0:0001 SEM32G partition 3 4.00 MiB
  mmcblk0: p1 p2 p3 p4 p5 p6 p7 p8
-[drm] No driver support for vblank timestamp query.
-drm drm: No connectors reported connected with modes
-[drm] Cannot find any crtc or sizes - going 1024x768
-Console: switching to colour frame buffer device 128x48
 drm drm: fb0:  frame buffer device
 [drm] Initialized tegra 0.0.0 20120330 on minor 0
 vdd-sys-3v3: supplied by vdd_ac_bat
@@ -291,7 +291,7 @@
 mmc1: Invalid maximum block size, assuming 512 bytes
 mmc1: SDHCI controller on 78000400.sdhci [78000400.sdhci] using ADMA
 input: gpio-keys as /devices/soc0/gpio-keys/input/input0
-palmas-rtc 7000d000.i2c:tps65913@58:rtc: setting system clock to 2000-03-07 17:15:09 UTC (952449309)
+palmas-rtc 7000d000.i2c:tps65913@58:rtc: setting system clock to 2000-03-08 17:41:53 UTC (952537313)
 dvdd_ts: disabling
 usb1_vbus: disabling
 vdd_cam_1v8_reg: disabling
@@ -301,7 +301,7 @@
 VFS: Mounted root (ext3 filesystem) on device 179:1.
 devtmpfs: mounted
 Freeing unused kernel memory: 1028K (c0d81000 - c0e82000)
-usb 1-1: new high-speed USB device number 2 using tegra-ehci
 bash: cannot set terminal process group (-1): Inappropriate ioctl for device
-bash: no job control in this shell
+bash: no job control in this shell[    2.063870] usb 1-1: new high-speed USB device number 2 using tegra-ehci
+
 root@(none):/# 
\ No newline at end of file
Diff for ./tegra114-dalmore-a04/tegra114-dalmore/tegra_defconfig_log.txt
--- /tmp/fooa	2015-08-27 01:53:38.530046771 -0700
+++ /tmp/foob	2015-08-27 01:53:38.534046769 -0700
@@ -37,20 +37,20 @@
 	 #################################################################
 	 #################################################################
 	 #####################
-	 2.8 MiB/s
+	 3.2 MiB/s
 done
-Bytes transferred = 5067008 (4d5100 hex)
+Bytes transferred = 5066504 (4d4f08 hex)
 Tegra114 (Dalmore) # tftpboot 0x82000000 tegra114-dalmore.dtb
 Using asx0 device
 TFTP from server 192.168.100.1; our IP address is 192.168.100.100
 Filename 'tegra114-dalmore.dtb'.
 Load address: 0x82000000
 Loading: *###
-	 2.8 MiB/s
+	 3 MiB/s
 done
 Bytes transferred = 34966 (8896 hex)
 Tegra114 (Dalmore) # bootz 0x81000000 - 0x82000000
-Kernel image @ 0x81000000 [ 0x000000 - 0x4d5100 ]
+Kernel image @ 0x81000000 [ 0x000000 - 0x4d4f08 ]
 ## Flattened Device Tree blob at 82000000
    Booting using the fdt blob at 0x82000000
    Loading Device Tree to 8fff4000, end 8ffff895 ... OK
@@ -61,7 +61,7 @@
 Booting Linux on physical CPU 0x0
 Initializing cgroup subsys cpu
 Initializing cgroup subsys cpuacct
-Linux version 4.2.0-rc8-next-20150826-39233-g4aae1af (pwalmsley@sellafield) (gcc version 4.7.3 20130328 (prerelease) (crosstool-NG linaro-1.13.1-4.7-2013.04-20130415 - Linaro GCC 2013.04) ) #1 SMP PREEMPT Wed Aug 26 01:19:03 PDT 2015
+Linux version 4.2.0-rc8-next-20150827-39375-g2b186e5 (pwalmsley@kaivo) (gcc version 4.7.3 20130328 (prerelease) (crosstool-NG linaro-1.13.1-4.7-2013.04-20130415 - Linaro GCC 2013.04) ) #1 SMP PREEMPT Thu Aug 27 01:48:00 PDT 2015
 CPU: ARMv7 Processor [412fc0f2] revision 2 (ARMv7), cr=10c5387d
 CPU: PIPT / VIPT nonaliasing data cache, PIPT instruction cache
 Machine model: NVIDIA Tegra114 Dalmore evaluation board
@@ -90,7 +90,7 @@
     lowmem  : 0xc0000000 - 0xef800000   ( 760 MB)
     pkmap   : 0xbfe00000 - 0xc0000000   (   2 MB)
     modules : 0xbf000000 - 0xbfe00000   (  14 MB)
-      .text : 0xc0008000 - 0xc09246d0   (9330 kB)
+      .text : 0xc0008000 - 0xc0924694   (9330 kB)
       .init : 0xc0925000 - 0xc0976000   ( 324 kB)
       .data : 0xc0976000 - 0xc09cb600   ( 342 kB)
        .bss : 0xc09ce000 - 0xc0a28d20   ( 364 kB)
@@ -234,12 +234,12 @@
 NET: Registered protocol family 10
 mip6: Mobile IPv6
 sit: IPv6 over IPv4 tunneling driver
-mmc0: MAN_BKOPS_EN bit is not set
 sit0 uses DEPRECATED zero tx_queue_len - convert driver to use IFF_NO_QUEUE instead.
 ip6tnl0 uses DEPRECATED zero tx_queue_len - convert driver to use IFF_NO_QUEUE instead.
 NET: Registered protocol family 17
 NET: Registered protocol family 15
 can: controller area network core (rev 20120528 abi 9)
+mmc0: MAN_BKOPS_EN bit is not set
 NET: Registered protocol family 29
 can: raw protocol (rev 20120528)
 can: broadcast manager protocol (rev 20120528 t)
@@ -248,13 +248,17 @@
 Bluetooth: RFCOMM ver 1.11
 Bluetooth: BNEP (Ethernet Emulation) ver 1.3
 Bluetooth: BNEP socket layer initialized
+mmc0: new high speed MMC card at address 0001
+mmcblk0: mmc0:0001 SEM32G 29.1 GiB 
+mmcblk0boot0: mmc0:0001 SEM32G partition 1 4.00 MiB
+mmcblk0boot1: mmc0:0001 SEM32G partition 2 4.00 MiB
+mmcblk0rpmb: mmc0:0001 SEM32G partition 3 4.00 MiB
 Bluetooth: HIDP (Human Interface Emulation) ver 1.2
 Bluetooth: HIDP socket layer initialized
+ mmcblk0: p1 p2 p3 p4 p5 p6 p7 p8
 Registering SWP/SWPB emulation handler
 tps65090 2-0048: No cache defaults, reading back from HW
-mmc0: new high speed MMC card at address 0001
 vdd-lcd-bl: supplied by vdd_ac_bat
-mmcblk0: mmc0:0001 SEM32G 29.1 GiB 
 vdd-sys-5v0: supplied by vdd_ac_bat
 VDD_5V0_HDMI_CON: supplied by vdd-sys-5v0
 vdd_hdmi_5v0: supplied by vdd-sys-5v0
@@ -263,10 +267,6 @@
 drm drm: No connectors reported connected with modes
 [drm] Cannot find any crtc or sizes - going 1024x768
 Console: switching to colour frame buffer device 128x48
-mmcblk0boot0: mmc0:0001 SEM32G partition 1 4.00 MiB
-mmcblk0boot1: mmc0:0001 SEM32G partition 2 4.00 MiB
-mmcblk0rpmb: mmc0:0001 SEM32G partition 3 4.00 MiB
- mmcblk0: p1 p2 p3 p4 p5 p6 p7 p8
 drm drm: fb0:  frame buffer device
 [drm] Initialized tegra 0.0.0 20120330 on minor 0
 vdd-sys-3v3: supplied by vdd_ac_bat
@@ -289,7 +289,7 @@
 tegra-snd-rt5640 sound: rt5640-aif1 <-> 70080400.i2s mapping ok
 input: NVIDIA Tegra Dalmore Headphones as /devices/soc0/sound/sound/card0/input0
 input: gpio-keys as /devices/soc0/gpio-keys/input/input1
-palmas-rtc 7000d000.i2c:tps65913@58:rtc: setting system clock to 2000-03-07 17:13:16 UTC (952449196)
+palmas-rtc 7000d000.i2c:tps65913@58:rtc: setting system clock to 2000-03-08 17:42:21 UTC (952537341)
 dvdd_ts: disabling
 usb1_vbus: disabling
 vdd_cam_1v8_reg: disabling
Diff for ./tegra124-jetson-tk1/tegra124-jetson-tk1/multi_v7_defconfig_log.txt
--- /tmp/fooa	2015-08-27 01:53:38.538046766 -0700
+++ /tmp/foob	2015-08-27 01:53:38.542046763 -0700
@@ -40,20 +40,20 @@
 	 #################################################################
 	 #################################################################
 	 #################################################
-	 3.1 MiB/s
+	 3.2 MiB/s
 done
-Bytes transferred = 6435176 (623168 hex)
+Bytes transferred = 6435752 (6233a8 hex)
 Tegra124 (Jetson TK1) # tftpboot 0x82000000 tegra124-jetson-tk1.dtb
 Using asx0 device
 TFTP from server 192.168.100.1; our IP address is 192.168.100.102
 Filename 'tegra124-jetson-tk1.dtb'.
 Load address: 0x82000000
 Loading: *#####
-	 2.8 MiB/s
+	 3.2 MiB/s
 done
 Bytes transferred = 64210 (fad2 hex)
 Tegra124 (Jetson TK1) # bootz 0x81000000 - 0x82000000
-Kernel image @ 0x81000000 [ 0x000000 - 0x623168 ]
+Kernel image @ 0x81000000 [ 0x000000 - 0x6233a8 ]
 ## Flattened Device Tree blob at 82000000
    Booting using the fdt blob at 0x82000000
    Using Device Tree in place at 82000000, end 82012ad1
@@ -61,7 +61,7 @@
 Starting kernel ...
 
 Booting Linux on physical CPU 0x0
-Linux version 4.2.0-rc8-next-20150826-39233-g4aae1af (pwalmsley@kaivo) (gcc version 4.7.3 20130328 (prerelease) (crosstool-NG linaro-1.13.1-4.7-2013.04-20130415 - Linaro GCC 2013.04) ) #1 SMP Wed Aug 26 01:20:54 PDT 2015
+Linux version 4.2.0-rc8-next-20150827-39375-g2b186e5 (pwalmsley@sellafield) (gcc version 4.7.3 20130328 (prerelease) (crosstool-NG linaro-1.13.1-4.7-2013.04-20130415 - Linaro GCC 2013.04) ) #1 SMP Thu Aug 27 01:47:44 PDT 2015
 CPU: ARMv7 Processor [413fc0f3] revision 3 (ARMv7), cr=10c5387d
 CPU: PIPT / VIPT nonaliasing data cache, PIPT instruction cache
 Machine model: NVIDIA Tegra124 Jetson TK1
@@ -90,7 +90,7 @@
     lowmem  : 0xc0000000 - 0xef800000   ( 760 MB)
     pkmap   : 0xbfe00000 - 0xc0000000   (   2 MB)
     modules : 0xbf000000 - 0xbfe00000   (  14 MB)
-      .text : 0xc0208000 - 0xc0d80eb4   (11748 kB)
+      .text : 0xc0208000 - 0xc0d80e8c   (11748 kB)
       .init : 0xc0d81000 - 0xc0e82000   (1028 kB)
       .data : 0xc0e82000 - 0xc0f7f4a0   (1014 kB)
        .bss : 0xc0f82000 - 0xc0fd72e8   ( 341 kB)
@@ -257,14 +257,6 @@
 usbhid: USB HID core driver
 NET: Registered protocol family 10
 sit: IPv6 over IPv4 tunneling driver
-mmc0: MAN_BKOPS_EN bit is not set
-mmc0: new high speed MMC card at address 0001
-mmcblk0: mmc0:0001 SEM16G 14.6 GiB 
-mmcblk0boot0: mmc0:0001 SEM16G partition 1 4.00 MiB
-mmcblk0boot1: mmc0:0001 SEM16G partition 2 4.00 MiB
-mmcblk0rpmb: mmc0:0001 SEM16G partition 3 4.00 MiB
-Primary GPT is invalid, using alternate GPT.
- mmcblk0: p1 p2 p3 p4 p5 p6 p7 p8 p9
 sit0 uses DEPRECATED zero tx_queue_len - convert driver to use IFF_NO_QUEUE instead.
 NET: Registered protocol family 17
 can: controller area network core (rev 20120528 abi 9)
@@ -275,6 +267,8 @@
 Key type dns_resolver registered
 ThumbEE CPU extension supported.
 Registering SWP/SWPB emulation handler
+mmc0: MAN_BKOPS_EN bit is not set
+mmc0: new high speed MMC card at address 0001
 tegra-pcie 1003000.pcie-controller: 2x1, 1x1 configuration
 +3.3V_SYS: supplied by +VDD_MUX
 +3.3V_LP0: supplied by +3.3V_SYS
@@ -282,6 +276,12 @@
 +1.05V_RUN_AVDD: supplied by +1.35V_LP0(sd2)
 tegra-pcie 1003000.pcie-controller: probing port 0, using 2 lanes
 tegra-pcie 1003000.pcie-controller: Slot present pin change, signature: 00000008
+mmcblk0: mmc0:0001 SEM16G 14.6 GiB 
+mmcblk0boot0: mmc0:0001 SEM16G partition 1 4.00 MiB
+mmcblk0boot1: mmc0:0001 SEM16G partition 2 4.00 MiB
+mmcblk0rpmb: mmc0:0001 SEM16G partition 3 4.00 MiB
+Primary GPT is invalid, using alternate GPT.
+ mmcblk0: p1 p2 p3 p4 p5 p6 p7 p8 p9
 tegra-pcie 1003000.pcie-controller: link 0 down, retrying
 tegra-pcie 1003000.pcie-controller: link 0 down, retrying
 tegra-pcie 1003000.pcie-controller: link 0 down, retrying
Diff for ./tegra124-jetson-tk1/tegra124-jetson-tk1/tegra_defconfig_log.txt
--- /tmp/fooa	2015-08-27 01:53:38.546046761 -0700
+++ /tmp/foob	2015-08-27 01:53:38.546046761 -0700
@@ -39,9 +39,9 @@
 	 #################################################################
 	 #################################################################
 	 #####################
-	 3 MiB/s
+	 3.2 MiB/s
 done
-Bytes transferred = 5067008 (4d5100 hex)
+Bytes transferred = 5066504 (4d4f08 hex)
 Tegra124 (Jetson TK1) # tftpboot 0x82000000 tegra124-jetson-tk1.dtb
 Using asx0 device
 TFTP from server 192.168.100.1; our IP address is 192.168.100.102
@@ -52,7 +52,7 @@
 done
 Bytes transferred = 64210 (fad2 hex)
 Tegra124 (Jetson TK1) # bootz 0x81000000 - 0x82000000
-Kernel image @ 0x81000000 [ 0x000000 - 0x4d5100 ]
+Kernel image @ 0x81000000 [ 0x000000 - 0x4d4f08 ]
 ## Flattened Device Tree blob at 82000000
    Booting using the fdt blob at 0x82000000
    Using Device Tree in place at 82000000, end 82012ad1
@@ -63,7 +63,7 @@
 Booting Linux on physical CPU 0x0
 Initializing cgroup subsys cpu
 Initializing cgroup subsys cpuacct
-Linux version 4.2.0-rc8-next-20150826-39233-g4aae1af (pwalmsley@sellafield) (gcc version 4.7.3 20130328 (prerelease) (crosstool-NG linaro-1.13.1-4.7-2013.04-20130415 - Linaro GCC 2013.04) ) #1 SMP PREEMPT Wed Aug 26 01:19:03 PDT 2015
+Linux version 4.2.0-rc8-next-20150827-39375-g2b186e5 (pwalmsley@kaivo) (gcc version 4.7.3 20130328 (prerelease) (crosstool-NG linaro-1.13.1-4.7-2013.04-20130415 - Linaro GCC 2013.04) ) #1 SMP PREEMPT Thu Aug 27 01:48:00 PDT 2015
 CPU: ARMv7 Processor [413fc0f3] revision 3 (ARMv7), cr=10c5387d
 CPU: PIPT / VIPT nonaliasing data cache, PIPT instruction cache
 Machine model: NVIDIA Tegra124 Jetson TK1
@@ -92,7 +92,7 @@
     lowmem  : 0xc0000000 - 0xef800000   ( 760 MB)
     pkmap   : 0xbfe00000 - 0xc0000000   (   2 MB)
     modules : 0xbf000000 - 0xbfe00000   (  14 MB)
-      .text : 0xc0008000 - 0xc09246d0   (9330 kB)
+      .text : 0xc0008000 - 0xc0924694   (9330 kB)
       .init : 0xc0925000 - 0xc0976000   ( 324 kB)
       .data : 0xc0976000 - 0xc09cb600   ( 342 kB)
        .bss : 0xc09ce000 - 0xc0a28d20   ( 364 kB)
@@ -284,44 +284,16 @@
 tegra-pcie 1003000.pcie-controller: link 0 down, ignoring
 tegra-pcie 1003000.pcie-controller: probing port 1, using 1 lanes
 tegra-pcie 1003000.pcie-controller: Slot present pin change, signature: 00000000
+tegra-pcie 1003000.pcie-controller: link 1 down, retrying
+tegra-pcie 1003000.pcie-controller: link 1 down, retrying
+tegra-pcie 1003000.pcie-controller: link 1 down, retrying
+tegra-pcie 1003000.pcie-controller: link 1 down, ignoring
 tegra-pcie 1003000.pcie-controller: PCI host bridge to bus 0000:00
 pci_bus 0000:00: root bus resource [mem 0x13000000-0x1fffffff]
 pci_bus 0000:00: root bus resource [mem 0x20000000-0x3fffffff pref]
 pci_bus 0000:00: root bus resource [bus 00-ff]
 pci_bus 0000:00: root bus resource [io  0x1000-0xffff]
-pci 0000:00:02.0: [10de:0e13] type 01 class 0x060400
-pci 0000:00:02.0: PME# supported from D0 D1 D2 D3hot D3cold
-PCI: bus0: Fast back to back transfers disabled
-pci 0000:00:02.0: bridge configuration invalid ([bus 00-00]), reconfiguring
-pci 0000:00:02.0: PCI bridge to [bus 01-ff]
-pci 0000:00:02.0:   bridge window [io  0x0000-0x0fff]
-pci 0000:01:00.0: [10ec:8168] type 00 class 0x020000
-pci 0000:01:00.0: reg 0x10: [io  0x0000-0x00ff]
-pci 0000:01:00.0: reg 0x18: [mem 0x00000000-0x00000fff 64bit]
-pci 0000:01:00.0: reg 0x20: [mem 0x00000000-0x00003fff 64bit pref]
-pci 0000:01:00.0: supports D1 D2
-pci 0000:01:00.0: PME# supported from D0 D1 D2 D3hot D3cold
-PCI: bus1: Fast back to back transfers disabled
-pci_bus 0000:01: busn_res: [bus 01-ff] end is updated to 01
-pci 0000:00:02.0: BAR 8: assigned [mem 0x13000000-0x130fffff]
-pci 0000:00:02.0: BAR 9: assigned [mem 0x20000000-0x200fffff 64bit pref]
-pci 0000:00:02.0: BAR 7: assigned [io  0x1000-0x1fff]
-pci 0000:01:00.0: BAR 4: assigned [mem 0x20000000-0x20003fff 64bit pref]
-pci 0000:01:00.0: BAR 2: assigned [mem 0x13000000-0x13000fff 64bit]
-pci 0000:01:00.0: BAR 0: assigned [io  0x1000-0x10ff]
-pci 0000:00:02.0: PCI bridge to [bus 01]
-pci 0000:00:02.0:   bridge window [io  0x1000-0x1fff]
-pci 0000:00:02.0:   bridge window [mem 0x13000000-0x130fffff]
-pci 0000:00:02.0:   bridge window [mem 0x20000000-0x200fffff 64bit pref]
-pci 0000:00:02.0: nv_msi_ht_cap_quirk didn't locate host bridge
-pcieport 0000:00:02.0: enabling device (0140 -> 0143)
-pcieport 0000:00:02.0: Signaling PME through PCIe PME interrupt
-pci 0000:01:00.0: Signaling PME through PCIe PME interrupt
-pcie_pme 0000:00:02.0:pcie01: service driver pcie_pme loaded
-r8169 Gigabit Ethernet driver 2.3LK-NAPI loaded
-r8169 0000:01:00.0: enabling device (0140 -> 0143)
-r8169 0000:01:00.0 eth0: RTL8168g/8111g at 0xf00f6000, 00:04:4b:25:b3:b4, XID 0c000800 IRQ 388
-r8169 0000:01:00.0 eth0: jumbo features [frames: 9200 bytes, tx checksumming: ko]
+PCI: bus0: Fast back to back transfers enabled
 +5V_HDMI_CON: supplied by +5V_SYS
 +1.05V_RUN_AVDD_HDMI_PLL: supplied by +1.05V_RUN
 +3.3V_RUN: supplied by +3.3V_SYS
@@ -363,7 +335,7 @@
 tegra-snd-rt5640 sound: rt5640-aif1 <-> 70301100.i2s mapping ok
 input: NVIDIA Tegra Jetson TK1 Headphones as /devices/soc0/sound/sound/card1/input1
 input: gpio-keys as /devices/soc0/gpio-keys/input/input2
-as3722-rtc as3722-rtc: setting system clock to 2000-01-01 00:02:11 UTC (946684931)
+as3722-rtc as3722-rtc: setting system clock to 2000-01-01 00:00:52 UTC (946684852)
 +1.8V_RUN_CAM: disabling
 +2.8V_RUN_CAM: disabling
 +1.2V_RUN_CAM_FRONT: disabling
@@ -375,7 +347,7 @@
 ALSA device list:
   #0: tegra-hda at 0x70038000 irq 86
   #1: NVIDIA Tegra Jetson TK1
-asix 2-1:1.0 eth1: register 'asix' at usb-7d008000.usb-1, ASIX AX88772 USB 2.0 Ethernet, 00:50:b6:11:31:3b
+asix 2-1:1.0 eth0: register 'asix' at usb-7d008000.usb-1, ASIX AX88772 USB 2.0 Ethernet, 00:50:b6:11:31:3b
 EXT2-fs (mmcblk0p1): error: couldn't mount because of unsupported optional features (244)
 EXT4-fs (mmcblk0p1): couldn't mount as ext3 due to feature incompatibilities
 EXT4-fs (mmcblk0p1): recovery complete
Diff for ./tegra20-trimslice/tegra20-trimslice/multi_v7_defconfig_log.txt
--- /tmp/fooa	2015-08-27 01:53:38.554046754 -0700
+++ /tmp/foob	2015-08-27 01:53:38.554046754 -0700
@@ -46,9 +46,9 @@
 	 #################################################################
 	 #################################################################
 	 #################################################
-	 4.1 MiB/s
+	 4 MiB/s
 done
-Bytes transferred = 6435176 (623168 hex)
+Bytes transferred = 6435752 (6233a8 hex)
 Tegra20 (TrimSlice) # tftpboot 0x02408000 tegra20-trimslice.dtb
 Using RTL8169#0 device
 TFTP from server 192.168.100.1; our IP address is 192.168.100.103
@@ -59,7 +59,7 @@
 done
 Bytes transferred = 21202 (52d2 hex)
 Tegra20 (TrimSlice) # bootz 0x00408000 - 0x02408000
-Kernel image @ 0x408000 [ 0x000000 - 0x623168 ]
+Kernel image @ 0x408000 [ 0x000000 - 0x6233a8 ]
 ## Flattened Device Tree blob at 02408000
    Booting using the fdt blob at 0x2408000
    Using Device Tree in place at 02408000, end 024102d1
@@ -67,7 +67,7 @@
 Starting kernel ...
 
 Booting Linux on physical CPU 0x0
-Linux version 4.2.0-rc8-next-20150826-39233-g4aae1af (pwalmsley@kaivo) (gcc version 4.7.3 20130328 (prerelease) (crosstool-NG linaro-1.13.1-4.7-2013.04-20130415 - Linaro GCC 2013.04) ) #1 SMP Wed Aug 26 01:20:54 PDT 2015
+Linux version 4.2.0-rc8-next-20150827-39375-g2b186e5 (pwalmsley@sellafield) (gcc version 4.7.3 20130328 (prerelease) (crosstool-NG linaro-1.13.1-4.7-2013.04-20130415 - Linaro GCC 2013.04) ) #1 SMP Thu Aug 27 01:47:44 PDT 2015
 CPU: ARMv7 Processor [411fc090] revision 0 (ARMv7), cr=10c5387d
 CPU: PIPT / VIPT nonaliasing data cache, VIPT aliasing instruction cache
 Machine model: Compulab TrimSlice board
@@ -96,7 +96,7 @@
     lowmem  : 0xc0000000 - 0xef800000   ( 760 MB)
     pkmap   : 0xbfe00000 - 0xc0000000   (   2 MB)
     modules : 0xbf000000 - 0xbfe00000   (  14 MB)
-      .text : 0xc0208000 - 0xc0d80eb4   (11748 kB)
+      .text : 0xc0208000 - 0xc0d80e8c   (11748 kB)
       .init : 0xc0d81000 - 0xc0e82000   (1028 kB)
       .data : 0xc0e82000 - 0xc0f7f4a0   (1014 kB)
        .bss : 0xc0f82000 - 0xc0fd72e8   ( 341 kB)
@@ -318,12 +318,12 @@
 tegra-ehci c5000000.usb: irq 64, io mem 0xc5000000
 mmc0: host does not support reading read-only switch, assuming write-enable
 mmc0: new high speed SDHC card at address b368
-usb 1-1: new high-speed USB device number 2 using tegra-ehci
 mmcblk0: mmc0:b368 NCard 3.70 GiB 
+ mmcblk0: p1
+usb 1-1: new high-speed USB device number 2 using tegra-ehci
 tegra-ehci c5000000.usb: USB 2.0 started, EHCI 1.00
 hub 2-0:1.0: USB hub found
 hub 2-0:1.0: 1 port detected
- mmcblk0: p1
 ulpi_phy_power_on: ulpi write failed
 tegra-ehci c5004000.usb: Failed to power on the phy
 tegra-ehci: probe of c5004000.usb failed with error -110
@@ -334,19 +334,19 @@
 mmc1: Invalid maximum block size, assuming 512 bytes
 mmc1: SDHCI controller on c8000600.sdhci [c8000600.sdhci] using ADMA
 input: gpio-keys as /devices/soc0/gpio-keys/input/input0
-rtc-em3027 2-0056: setting system clock to 2014-12-26 21:07:07 UTC (1419628027)
+rtc-em3027 2-0056: setting system clock to 2014-12-26 21:30:30 UTC (1419629430)
 EXT4-fs (mmcblk0p1): mounting ext3 file system using the ext4 subsystem
 hub 1-1:1.0: USB hub found
 hub 1-1:1.0: 4 ports detected
 mmc1: new high speed SD card at address b368
-mmcblk1: mmc1:b368 NCard 1.83 GiB (ro)
- mmcblk1: p1 p2
 EXT4-fs (mmcblk0p1): recovery complete
-usb 1-1.2: new high-speed USB device number 3 using tegra-ehci
 EXT4-fs (mmcblk0p1): mounted filesystem with ordered data mode. Opts: (null)
 VFS: Mounted root (ext3 filesystem) on device 179:1.
+mmcblk1: mmc1:b368 NCard 1.83 GiB (ro)
+ mmcblk1: p1 p2
 devtmpfs: mounted
 Freeing unused kernel memory: 1028K (c0d81000 - c0e82000)
+usb 1-1.2: new high-speed USB device number 3 using tegra-ehci
 bash: cannot set terminal process group (-1): Inappropriate ioctl for device
 bash: no job control in this shell
-root@(none):/# [    3.280709] asix 1-1.2:1.0 eth1: register 'asix' at usb-c5008000.usb-1.2, ASIX AX88772 USB 2.0 Ethernet, 00:60:6e:60:6c:68
+root@(none):/# 
\ No newline at end of file
Diff for ./tegra20-trimslice/tegra20-trimslice/tegra_defconfig_log.txt
--- /tmp/fooa	2015-08-27 01:53:38.562046748 -0700
+++ /tmp/foob	2015-08-27 01:53:38.562046748 -0700
@@ -19,7 +19,7 @@
 Out:   serial
 Err:   serial
 Net:   RTL8169#0
-Hit any key to stop autoboot:  2  0 
+Hit any key to stop autoboot:  2  1  0 
 Tegra20 (TrimSlice) # 
 Tegra20 (TrimSlice) # usb reset
 resetting USB...
@@ -45,9 +45,9 @@
 	 #################################################################
 	 #################################################################
 	 #####################
-	 3.5 MiB/s
+	 4.1 MiB/s
 done
-Bytes transferred = 5067008 (4d5100 hex)
+Bytes transferred = 5066504 (4d4f08 hex)
 Tegra20 (TrimSlice) # tftpboot 0x02408000 tegra20-trimslice.dtb
 Using RTL8169#0 device
 TFTP from server 192.168.100.1; our IP address is 192.168.100.103
@@ -58,7 +58,7 @@
 done
 Bytes transferred = 21202 (52d2 hex)
 Tegra20 (TrimSlice) # bootz 0x00408000 - 0x02408000
-Kernel image @ 0x408000 [ 0x000000 - 0x4d5100 ]
+Kernel image @ 0x408000 [ 0x000000 - 0x4d4f08 ]
 ## Flattened Device Tree blob at 02408000
    Booting using the fdt blob at 0x2408000
    Using Device Tree in place at 02408000, end 024102d1
@@ -69,7 +69,7 @@
 Booting Linux on physical CPU 0x0
 Initializing cgroup subsys cpu
 Initializing cgroup subsys cpuacct
-Linux version 4.2.0-rc8-next-20150826-39233-g4aae1af (pwalmsley@sellafield) (gcc version 4.7.3 20130328 (prerelease) (crosstool-NG linaro-1.13.1-4.7-2013.04-20130415 - Linaro GCC 2013.04) ) #1 SMP PREEMPT Wed Aug 26 01:19:03 PDT 2015
+Linux version 4.2.0-rc8-next-20150827-39375-g2b186e5 (pwalmsley@kaivo) (gcc version 4.7.3 20130328 (prerelease) (crosstool-NG linaro-1.13.1-4.7-2013.04-20130415 - Linaro GCC 2013.04) ) #1 SMP PREEMPT Thu Aug 27 01:48:00 PDT 2015
 CPU: ARMv7 Processor [411fc090] revision 0 (ARMv7), cr=10c5387d
 CPU: PIPT / VIPT nonaliasing data cache, VIPT aliasing instruction cache
 Machine model: Compulab TrimSlice board
@@ -99,7 +99,7 @@
     lowmem  : 0xc0000000 - 0xef800000   ( 760 MB)
     pkmap   : 0xbfe00000 - 0xc0000000   (   2 MB)
     modules : 0xbf000000 - 0xbfe00000   (  14 MB)
-      .text : 0xc0008000 - 0xc09246d0   (9330 kB)
+      .text : 0xc0008000 - 0xc0924694   (9330 kB)
       .init : 0xc0925000 - 0xc0976000   ( 324 kB)
       .data : 0xc0976000 - 0xc09cb600   ( 342 kB)
        .bss : 0xc09ce000 - 0xc0a28d20   ( 364 kB)
@@ -307,13 +307,13 @@
 sit: IPv6 over IPv4 tunneling driver
 sit0 uses DEPRECATED zero tx_queue_len - convert driver to use IFF_NO_QUEUE instead.
 ip6tnl0 uses DEPRECATED zero tx_queue_len - convert driver to use IFF_NO_QUEUE instead.
+NET: Registered protocol family 17
+NET: Registered protocol family 15
 mmc0: host does not support reading read-only switch, assuming write-enable
 mmc0: new high speed SDHC card at address b368
 usb 1-1: new high-speed USB device number 2 using tegra-ehci
 mmcblk0: mmc0:b368 NCard 3.70 GiB 
  mmcblk0: p1
-NET: Registered protocol family 17
-NET: Registered protocol family 15
 can: controller area network core (rev 20120528 abi 9)
 NET: Registered protocol family 29
 can: raw protocol (rev 20120528)
@@ -346,18 +346,18 @@
 mmc1: Invalid maximum block size, assuming 512 bytes
 mmc1: SDHCI controller on c8000600.sdhci [c8000600.sdhci] using ADMA
 input: gpio-keys as /devices/soc0/gpio-keys/input/input0
-rtc-em3027 2-0056: setting system clock to 2014-12-26 21:06:45 UTC (1419628005)
+rtc-em3027 2-0056: setting system clock to 2014-12-26 21:30:48 UTC (1419629448)
 ALSA device list:
   #0: tegra-trimslice
 EXT2-fs (mmcblk0p1): error: couldn't mount because of unsupported optional features (4)
 EXT4-fs (mmcblk0p1): mounting ext3 file system using the ext4 subsystem
 mmc1: new high speed SD card at address b368
 mmcblk1: mmc1:b368 NCard 1.83 GiB (ro)
+ mmcblk1: p1 p2
 EXT4-fs (mmcblk0p1): recovery complete
 EXT4-fs (mmcblk0p1): mounted filesystem with ordered data mode. Opts: (null)
-VFS: Mounted root (ext3 filesystem) on device 179:1.
- mmcblk1: p1 p2
 usb 1-1.2: new high-speed USB device number 3 using tegra-ehci
+VFS: Mounted root (ext3 filesystem) on device 179:1.
 devtmpfs: mounted
 Freeing unused kernel memory: 324K (c0925000 - c0976000)
 bash: cannot set terminal process group (-1): Inappropriate ioctl for device
Diff for ./tegra30-beaver/tegra30-beaver/multi_v7_defconfig_log.txt
--- /tmp/fooa	2015-08-27 01:53:38.570046743 -0700
+++ /tmp/foob	2015-08-27 01:53:38.570046743 -0700
@@ -38,9 +38,9 @@
 	 #################################################################
 	 #################################################################
 	 #################################################
-	 3.2 MiB/s
+	 3.4 MiB/s
 done
-Bytes transferred = 6435176 (623168 hex)
+Bytes transferred = 6435752 (6233a8 hex)
 Tegra30 (Beaver) # tftpboot 0x82000000 tegra30-beaver.dtb
 Using asx0 device
 TFTP from server 192.168.100.1; our IP address is 192.168.100.101
@@ -51,7 +51,7 @@
 done
 Bytes transferred = 51539 (c953 hex)
 Tegra30 (Beaver) # bootz 0x81000000 - 0x82000000
-Kernel image @ 0x81000000 [ 0x000000 - 0x623168 ]
+Kernel image @ 0x81000000 [ 0x000000 - 0x6233a8 ]
 ## Flattened Device Tree blob at 82000000
    Booting using the fdt blob at 0x82000000
    Loading Device Tree to 8fff0000, end 8ffff952 ... OK
@@ -59,7 +59,7 @@
 Starting kernel ...
 
 Booting Linux on physical CPU 0x0
-Linux version 4.2.0-rc8-next-20150826-39233-g4aae1af (pwalmsley@kaivo) (gcc version 4.7.3 20130328 (prerelease) (crosstool-NG linaro-1.13.1-4.7-2013.04-20130415 - Linaro GCC 2013.04) ) #1 SMP Wed Aug 26 01:20:54 PDT 2015
+Linux version 4.2.0-rc8-next-20150827-39375-g2b186e5 (pwalmsley@sellafield) (gcc version 4.7.3 20130328 (prerelease) (crosstool-NG linaro-1.13.1-4.7-2013.04-20130415 - Linaro GCC 2013.04) ) #1 SMP Thu Aug 27 01:47:44 PDT 2015
 CPU: ARMv7 Processor [412fc099] revision 9 (ARMv7), cr=10c5387d
 CPU: PIPT / VIPT nonaliasing data cache, VIPT aliasing instruction cache
 Machine model: NVIDIA Tegra30 Beaver evaluation board
@@ -88,7 +88,7 @@
     lowmem  : 0xc0000000 - 0xef800000   ( 760 MB)
     pkmap   : 0xbfe00000 - 0xc0000000   (   2 MB)
     modules : 0xbf000000 - 0xbfe00000   (  14 MB)
-      .text : 0xc0208000 - 0xc0d80eb4   (11748 kB)
+      .text : 0xc0208000 - 0xc0d80e8c   (11748 kB)
       .init : 0xc0d81000 - 0xc0e82000   (1028 kB)
       .data : 0xc0e82000 - 0xc0f7f4a0   (1014 kB)
        .bss : 0xc0f82000 - 0xc0fd72e8   ( 341 kB)
@@ -278,9 +278,9 @@
 mmcblk0boot0: mmc0:0001 SEM16G partition 1 1.00 MiB
 mmcblk0boot1: mmc0:0001 SEM16G partition 2 1.00 MiB
 mmcblk0rpmb: mmc0:0001 SEM16G partition 3 128 KiB
+tegra-pcie 3000.pcie-controller: probing port 2, using 2 lanes
 Primary GPT is invalid, using alternate GPT.
  mmcblk0: p1 p2 p3 p4 p5
-tegra-pcie 3000.pcie-controller: probing port 2, using 2 lanes
 tegra-pcie 3000.pcie-controller: link 2 down, retrying
 tegra-pcie 3000.pcie-controller: link 2 down, retrying
 tegra-pcie 3000.pcie-controller: link 2 down, retrying
Diff for ./tegra30-beaver/tegra30-beaver/tegra_defconfig_log.txt
--- /tmp/fooa	2015-08-27 01:53:38.574046739 -0700
+++ /tmp/foob	2015-08-27 01:53:38.578046736 -0700
@@ -37,20 +37,20 @@
 	 #################################################################
 	 #################################################################
 	 #####################
-	 3 MiB/s
+	 3.4 MiB/s
 done
-Bytes transferred = 5067008 (4d5100 hex)
+Bytes transferred = 5066504 (4d4f08 hex)
 Tegra30 (Beaver) # tftpboot 0x82000000 tegra30-beaver.dtb
 Using asx0 device
 TFTP from server 192.168.100.1; our IP address is 192.168.100.101
 Filename 'tegra30-beaver.dtb'.
 Load address: 0x82000000
 Loading: *####
-	 2.6 MiB/s
+	 3.1 MiB/s
 done
 Bytes transferred = 51539 (c953 hex)
 Tegra30 (Beaver) # bootz 0x81000000 - 0x82000000
-Kernel image @ 0x81000000 [ 0x000000 - 0x4d5100 ]
+Kernel image @ 0x81000000 [ 0x000000 - 0x4d4f08 ]
 ## Flattened Device Tree blob at 82000000
    Booting using the fdt blob at 0x82000000
    Loading Device Tree to 8fff0000, end 8ffff952 ... OK
@@ -61,7 +61,7 @@
 Booting Linux on physical CPU 0x0
 Initializing cgroup subsys cpu
 Initializing cgroup subsys cpuacct
-Linux version 4.2.0-rc8-next-20150826-39233-g4aae1af (pwalmsley@sellafield) (gcc version 4.7.3 20130328 (prerelease) (crosstool-NG linaro-1.13.1-4.7-2013.04-20130415 - Linaro GCC 2013.04) ) #1 SMP PREEMPT Wed Aug 26 01:19:03 PDT 2015
+Linux version 4.2.0-rc8-next-20150827-39375-g2b186e5 (pwalmsley@kaivo) (gcc version 4.7.3 20130328 (prerelease) (crosstool-NG linaro-1.13.1-4.7-2013.04-20130415 - Linaro GCC 2013.04) ) #1 SMP PREEMPT Thu Aug 27 01:48:00 PDT 2015
 CPU: ARMv7 Processor [412fc099] revision 9 (ARMv7), cr=10c5387d
 CPU: PIPT / VIPT nonaliasing data cache, VIPT aliasing instruction cache
 Machine model: NVIDIA Tegra30 Beaver evaluation board
@@ -90,7 +90,7 @@
     lowmem  : 0xc0000000 - 0xef800000   ( 760 MB)
     pkmap   : 0xbfe00000 - 0xc0000000   (   2 MB)
     modules : 0xbf000000 - 0xbfe00000   (  14 MB)
-      .text : 0xc0008000 - 0xc09246d0   (9330 kB)
+      .text : 0xc0008000 - 0xc0924694   (9330 kB)
       .init : 0xc0925000 - 0xc0976000   ( 324 kB)
       .data : 0xc0976000 - 0xc09cb600   ( 342 kB)
        .bss : 0xc09ce000 - 0xc0a28d20   ( 364 kB)
@@ -255,23 +255,23 @@
 NET: Registered protocol family 15
 can: controller area network core (rev 20120528 abi 9)
 NET: Registered protocol family 29
+mmc0: new high speed MMC card at address 0001
+mmcblk0: mmc0:0001 SEM16G 14.8 GiB 
+mmcblk0boot0: mmc0:0001 SEM16G partition 1 1.00 MiB
+mmcblk0boot1: mmc0:0001 SEM16G partition 2 1.00 MiB
+mmcblk0rpmb: mmc0:0001 SEM16G partition 3 128 KiB
+Primary GPT is invalid, using alternate GPT.
+ mmcblk0: p1 p2 p3 p4 p5
 can: raw protocol (rev 20120528)
 can: broadcast manager protocol (rev 20120528 t)
 can: netlink gateway (rev 20130117) max_hops=1
 Bluetooth: RFCOMM socket layer initialized
 Bluetooth: RFCOMM ver 1.11
 Bluetooth: BNEP (Ethernet Emulation) ver 1.3
-mmc0: new high speed MMC card at address 0001
 Bluetooth: BNEP socket layer initialized
 Bluetooth: HIDP (Human Interface Emulation) ver 1.2
-mmcblk0: mmc0:0001 SEM16G 14.8 GiB 
 Bluetooth: HIDP socket layer initialized
 Registering SWP/SWPB emulation handler
-mmcblk0boot0: mmc0:0001 SEM16G partition 1 1.00 MiB
-mmcblk0boot1: mmc0:0001 SEM16G partition 2 1.00 MiB
-mmcblk0rpmb: mmc0:0001 SEM16G partition 3 128 KiB
-Primary GPT is invalid, using alternate GPT.
- mmcblk0: p1 p2 p3 p4 p5
 tegra-pcie 3000.pcie-controller: 2x3 configuration
 sys_3v3,vdd_3v3_alw: supplied by vdd_5v_in
 sys_3v3_pexs: supplied by sys_3v3,vdd_3v3_alw
