
U-Boot SPL 2014.01-00219-gc4d376f (Feb 18 2014 - 19:57:32)


U-Boot 2014.01-00219-gc4d376f (Feb 18 2014 - 19:57:32)

TEGRA114
Board: NVIDIA Dalmore
I2C:   ready
DRAM:  2 GiB
MMC:   Tegra SD/MMC: 0, Tegra SD/MMC: 1
In:    serial
Out:   serial
Err:   serial
Net:   Net Initialization Skipped
No ethernet found.
Hit any key to stop autoboot:  2  0 
Tegra114 (Dalmore) # 
Tegra114 (Dalmore) # usb reset
(Re)start USB...
USB0:   USB EHCI 1.10
scanning bus 0 for devices... 2 USB Device(s) found
       scanning usb for storage devices... 0 Storage Device(s) found
       scanning usb for ethernet devices... 
Warning: asx0 using MAC address from net device
1 Ethernet Device(s) found
Tegra114 (Dalmore) # setenv bootargs 'ignore_loglevel console=ttyS0,115200n8 rw root=PARTUUID=7369c667-ff51-ec4a-29cd-baabf2fbe346 rootwait gpt debug earlyprintk init=/bin/bash'
Tegra114 (Dalmore) # setenv ipaddr 192.168.100.100; setenv serverip 192.168.100.1; setenv tftpserverip 192.168.100.1
Tegra114 (Dalmore) # tftpboot 0x81000000 zImage.multi_v7_defconfig
Using asx0 device
TFTP from server 192.168.100.1; our IP address is 192.168.100.100
Filename 'zImage.multi_v7_defconfig'.
Load address: 0x81000000
Loading: *#################################################################
	 #################################################################
	 #################################################################
	 #################################################################
	 #################################################################
	 #################################################################
	 #################################################################
	 ######################
	 2.9 MiB/s
done
Bytes transferred = 6998200 (6ac8b8 hex)
Tegra114 (Dalmore) # tftpboot 0x82000000 tegra114-dalmore.dtb
Using asx0 device
TFTP from server 192.168.100.1; our IP address is 192.168.100.100
Filename 'tegra114-dalmore.dtb'.
Load address: 0x82000000
Loading: *###
	 2.6 MiB/s
done
Bytes transferred = 34956 (888c hex)
Tegra114 (Dalmore) # bootz 0x81000000 - 0x82000000
Kernel image @ 0x81000000 [ 0x000000 - 0x6ac8b8 ]
## Flattened Device Tree blob at 82000000
   Booting using the fdt blob at 0x82000000
   Loading Device Tree to 8fff4000, end 8ffff88b ... OK

Starting kernel ...

[    0.000000] Booting Linux on physical CPU 0x0
[    0.000000] Linux version 4.6.0-rc2-next-20160408-85857-g6e5921e (pwalmsley@sellafield) (gcc version 4.7.3 20130328 (prerelease) (crosstool-NG linaro-1.13.1-4.7-2013.04-20130415 - Linaro GCC 2013.04) ) #1 SMP Thu Apr 7 21:48:47 PDT 2016
[    0.000000] CPU: ARMv7 Processor [412fc0f2] revision 2 (ARMv7), cr=10c5387d
[    0.000000] CPU: div instructions available: patching division code
[    0.000000] CPU: PIPT / VIPT nonaliasing data cache, PIPT instruction cache
[    0.000000] Machine model: NVIDIA Tegra114 Dalmore evaluation board
[    0.000000] debug: ignoring loglevel setting.
[    0.000000] cma: Reserved 64 MiB at 0xfb800000
[    0.000000] Memory policy: Data cache writealloc
[    0.000000] On node 0 totalpages: 524032
[    0.000000] free_area_init_node: node 0, pgdat c141d080, node_mem_map eeff8000
[    0.000000]   DMA zone: 1536 pages used for memmap
[    0.000000]   DMA zone: 0 pages reserved
[    0.000000]   DMA zone: 196608 pages, LIFO batch:31
[    0.000000]   HighMem zone: 327424 pages, LIFO batch:31
[    0.000000] percpu: Embedded 12 pages/cpu @eefa3000 s19648 r8192 d21312 u49152
[    0.000000] pcpu-alloc: s19648 r8192 d21312 u49152 alloc=12*4096
[    0.000000] pcpu-alloc: [0] 0 [0] 1 [0] 2 [0] 3 
[    0.000000] Built 1 zonelists in Zone order, mobility grouping on.  Total pages: 522496
[    0.000000] Kernel command line: ignore_loglevel console=ttyS0,115200n8 rw root=PARTUUID=7369c667-ff51-ec4a-29cd-baabf2fbe346 rootwait gpt debug earlyprintk init=/bin/bash
[    0.000000] PID hash table entries: 4096 (order: 2, 16384 bytes)
[    0.000000] Dentry cache hash table entries: 131072 (order: 7, 524288 bytes)
[    0.000000] Inode-cache hash table entries: 65536 (order: 6, 262144 bytes)
[    0.000000] Memory: 1995124K/2096128K available (9525K kernel code, 1148K rwdata, 4148K rodata, 2048K init, 341K bss, 35468K reserved, 65536K cma-reserved, 1244160K highmem)
[    0.000000] Virtual kernel memory layout:
[    0.000000]     vector  : 0xffff0000 - 0xffff1000   (   4 kB)
[    0.000000]     fixmap  : 0xffc00000 - 0xfff00000   (3072 kB)
[    0.000000]     vmalloc : 0xf0800000 - 0xff800000   ( 240 MB)
[    0.000000]     lowmem  : 0xc0000000 - 0xf0000000   ( 768 MB)
[    0.000000]     pkmap   : 0xbfe00000 - 0xc0000000   (   2 MB)
[    0.000000]     modules : 0xbf000000 - 0xbfe00000   (  14 MB)
[    0.000000]       .text : 0xc0208000 - 0xc105a604   (14666 kB)
[    0.000000]       .init : 0xc1100000 - 0xc1300000   (2048 kB)
[    0.000000]       .data : 0xc1300000 - 0xc141f0c0   (1149 kB)
[    0.000000]        .bss : 0xc1421000 - 0xc1476598   ( 342 kB)
[    0.000000] SLUB: HWalign=64, Order=0-3, MinObjects=0, CPUs=4, Nodes=1
[    0.000000] Hierarchical RCU implementation.
[    0.000000] 	Build-time adjustment of leaf fanout to 32.
[    0.000000] 	RCU restricting CPUs from NR_CPUS=16 to nr_cpu_ids=4.
[    0.000000] RCU: Adjusting geometry for rcu_fanout_leaf=32, nr_cpu_ids=4
[    0.000000] NR_IRQS:16 nr_irqs:16 16
[    0.000000] /interrupt-controller@60004000: 160 interrupts forwarded to /interrupt-controller@50041000
[    0.000000] Tegra clk 127: register failed with -17
[    0.000008] sched_clock: 32 bits at 1000kHz, resolution 1000ns, wraps every 2147483647500ns
[    0.000026] clocksource: timer_us: mask: 0xffffffff max_cycles: 0xffffffff, max_idle_ns: 1911260446275 ns
[    0.000039] Switching to timer-based delay loop, resolution 1000ns
[    0.003105] Architected cp15 timer(s) running at 12.00MHz (virt).
[    0.003123] clocksource: arch_sys_counter: mask: 0xffffffffffffff max_cycles: 0x2c47f4ee7, max_idle_ns: 440795202497 ns
[    0.003140] sched_clock: 56 bits at 12MHz, resolution 83ns, wraps every 4398046511096ns
[    0.003153] Switching to timer-based delay loop, resolution 83ns
[    0.003532] Console: colour dummy device 80x30
[    0.003558] Calibrating delay loop (skipped), value calculated using timer frequency.. 24.00 BogoMIPS (lpj=60000)
[    0.003572] pid_max: default: 32768 minimum: 301
[    0.003669] Mount-cache hash table entries: 2048 (order: 1, 8192 bytes)
[    0.003681] Mountpoint-cache hash table entries: 2048 (order: 1, 8192 bytes)
[    0.004310] CPU: Testing write buffer coherency: ok
[    0.004526] /cpus/cpu@0 missing clock-frequency property
[    0.004555] /cpus/cpu@1 missing clock-frequency property
[    0.004584] /cpus/cpu@2 missing clock-frequency property
[    0.004614] /cpus/cpu@3 missing clock-frequency property
[    0.004627] CPU0: thread -1, cpu 0, socket 0, mpidr 80000000
[    0.004650] Setting up static identity map for 0x80300000 - 0x80300098
[    0.006795] Tegra Revision: A01 SKU: 0 CPU Process: 1 SoC Process: 0
[    0.008120] CPU1: thread -1, cpu 1, socket 0, mpidr 80000001
[    0.008756] CPU2: thread -1, cpu 2, socket 0, mpidr 80000002
[    0.009370] CPU3: thread -1, cpu 3, socket 0, mpidr 80000003
[    0.009456] Brought up 4 CPUs
[    0.009477] SMP: Total of 4 processors activated (96.00 BogoMIPS).
[    0.009485] CPU: All CPU(s) started in SVC mode.
[    0.010953] devtmpfs: initialized
[    0.021776] VFP support v0.3: implementor 41 architecture 4 part 30 variant f rev 0
[    0.022302] clocksource: jiffies: mask: 0xffffffff max_cycles: 0xffffffff, max_idle_ns: 9556302231375000 ns
[    0.023805] pinctrl core: initialized pinctrl subsystem
[    0.025366] NET: Registered protocol family 16
[    0.027537] DMA: preallocated 256 KiB pool for atomic coherent allocations
[    0.043036] cpuidle: using governor menu
[    0.058613] No ATAGs?
[    0.058641] hw-breakpoint: found 5 (+1 reserved) breakpoint and 4 watchpoint registers.
[    0.058652] hw-breakpoint: maximum watchpoint size is 8 bytes.
[    0.063515] Serial: AMBA PL011 UART driver
[    0.064889] tegra-mc 70019000.memory-controller: no memory timings for RAM code 3 registered
[    0.092494] dvdd_ts: Failed to request enable GPIO61: -517
[    0.092512] reg-fixed-voltage regulators:regulator@1: Failed to register regulator: -517
[    0.092608] usb1_vbus: Failed to request enable GPIO108: -517
[    0.092622] reg-fixed-voltage regulators:regulator@3: Failed to register regulator: -517
[    0.092715] usb2_vbus: Failed to request enable GPIO86: -517
[    0.092730] reg-fixed-voltage regulators:regulator@4: Failed to register regulator: -517
[    0.093173] VDD_5V0_HDMI_CON: Failed to request enable GPIO81: -517
[    0.093188] reg-fixed-voltage regulators:regulator@7: Failed to register regulator: -517
[    0.095935] vgaarb: loaded
[    0.096873] SCSI subsystem initialized
[    0.097046] libata version 3.00 loaded.
[    0.097341] usbcore: registered new interface driver usbfs
[    0.097411] usbcore: registered new interface driver hub
[    0.097491] usbcore: registered new device driver usb
[    0.101166] tps65090 2-0048: No cache defaults, reading back from HW
[    0.103431] vdd-sys-5v0: supplied by vdd_ac_bat
[    0.103630] vdd_hdmi_5v0: supplied by vdd-sys-5v0
[    0.104714] vdd-sys-3v3: supplied by vdd_ac_bat
[    0.105771] vdd-ao: supplied by vdd_ac_bat
[    0.106148] vdd-lcd-bl: supplied by vdd_ac_bat
[    0.106526] TPS65090_RAILSFET2: supplied by vdd_ac_bat
[    0.106897] vdd-modem-3v3: supplied by vdd-sys-3v3
[    0.107425] avdd-lcd: supplied by vdd-sys-3v3
[    0.107975] vdd-lvds: supplied by vdd-sys-3v3
[    0.108820] vdd-sd-slot: supplied by vdd-sys-3v3
[    0.109345] vdd-com-3v3: supplied by vdd-sys-3v3
[    0.109904] vdd-sby-5v0: supplied by vdd_ac_bat
[    0.110120] vdd-sby-3v3: supplied by vdd_ac_bat
[    0.110810] genirq: Setting trigger mode 8 for irq 341 failed (irq_chip_set_type_parent+0x0/0x28)
[    0.110833] palmas 2-0058: Irq flag is 0x00000000
[    0.114004] palmas 2-0058: Muxing GPIO ff, PWM 0, LED 0
[    0.117249] vddio-ddr: supplied by vdd-ao
[    0.118882] vddio-1v8: supplied by vdd-ao
[    0.120801] vdd-core: supplied by vdd-sys-3v3
[    0.123572] avdd-pll: supplied by vdd-sys-3v3
[    0.124964] sdhci-vdd-sd-slot: Bringing 2840000uV into 2800000-2800000uV
[    0.125700] sdhci-vdd-sd-slot: ramp_delay not set
[    0.125942] sdhci-vdd-sd-slot: supplied by vdd-sys-3v3
[    0.127989] avdd-cam1: supplied by vdd-sys-3v3
[    0.129204] avdd-cam2: supplied by vdd-sys-3v3
[    0.130421] avdd-dsi-csi: supplied by vddio-1v8
[    0.131613] vpp-fuse: supplied by vdd-sys-3v3
[    0.132799] LDO5: supplied by vdd_ac_bat
[    0.133501] vdd-sensor-2v85: Bringing 2900000uV into 2850000-2850000uV
[    0.134213] vdd-sensor-2v85: supplied by vdd-sys-3v3
[    0.135413] vdd-af-cam1: supplied by vdd-sys-3v3
[    0.137015] vdd-rtc: Bringing 675000uV into 900000-900000uV
[    0.138446] vdd-rtc: supplied by vdd-ao
[    0.143635] vddio-sdmmc-2: supplied by sdhci-vdd-sd-slot
[    0.144874] hvdd-usb: supplied by vdd-sys-5v0
[    0.148488] avdd-usb: supplied by vdd-sys-5v0
[    0.152306] pps_core: LinuxPPS API ver. 1 registered
[    0.152317] pps_core: Software ver. 5.3.6 - Copyright 2005-2007 Rodolfo Giometti <giometti@linux.it>
[    0.152341] PTP clock support registered
[    0.152540] EDAC MC: Ver: 3.0.0
[    0.154965] clocksource: Switched to clocksource arch_sys_counter
[    0.165739] NET: Registered protocol family 2
[    0.166274] TCP established hash table entries: 8192 (order: 3, 32768 bytes)
[    0.166375] TCP bind hash table entries: 8192 (order: 4, 65536 bytes)
[    0.166562] TCP: Hash tables configured (established 8192 bind 8192)
[    0.166618] UDP hash table entries: 512 (order: 2, 16384 bytes)
[    0.166659] UDP-Lite hash table entries: 512 (order: 2, 16384 bytes)
[    0.166818] NET: Registered protocol family 1
[    0.167072] RPC: Registered named UNIX socket transport module.
[    0.167082] RPC: Registered udp transport module.
[    0.167090] RPC: Registered tcp transport module.
[    0.167098] RPC: Registered tcp NFSv4.1 backchannel transport module.
[    0.167109] PCI: CLS 0 bytes, default 64
[    0.169285] futex hash table entries: 1024 (order: 4, 65536 bytes)
[    0.169810] workingset: timestamp_bits=28 max_order=19 bucket_order=0
[    0.181931] squashfs: version 4.0 (2009/01/31) Phillip Lougher
[    0.182823] NFS: Registering the id_resolver key type
[    0.182857] Key type id_resolver registered
[    0.182865] Key type id_legacy registered
[    0.182911] ntfs: driver 2.1.32 [Flags: R/O].
[    0.184229] bounce: pool size: 64 pages
[    0.184447] Block layer SCSI generic (bsg) driver version 0.4 loaded (major 248)
[    0.184458] io scheduler noop registered
[    0.184466] io scheduler deadline registered
[    0.184505] io scheduler cfq registered (default)
[    0.212374] tegra-apbdma 6000a000.dma: Tegra20 APB DMA driver register 32 channels
[    0.214216] tegra-pmc 7000e400.pmc: i2c-thermtrip node not found, emergency thermal reset disabled.
[    0.279939] Serial: 8250/16550 driver, 4 ports, IRQ sharing disabled
[    0.283020] console [ttyS0] disabled
[    0.283058] 70006300.serial: ttyS0 at MMIO 0x70006300 (irq = 329, base_baud = 25500000) is a Tegra
[    1.245509] console [ttyS0] enabled
[    1.249780] SuperH (H)SCI(F) driver initialized
[    1.255313] msm_serial: driver initialized
[    1.259589] STMicroelectronics ASC driver initialized
[    1.266937] [drm] Initialized drm 1.1.0 20060810
[    1.274696] tegra-hdmi 54280000.hdmi: failed to get HDMI regulator
[    1.296185] brd: module loaded
[    1.305500] loop: module loaded
[    1.324796] m25p80 spi32766.0: w25q32dw (4096 Kbytes)
[    1.333368] libphy: Fixed MDIO Bus: probed
[    1.338165] CAN device driver interface
[    1.343867] igb: Intel(R) Gigabit Ethernet Network Driver - version 5.3.0-k
[    1.350836] igb: Copyright (c) 2007-2014 Intel Corporation.
[    1.359493] pegasus: v0.9.3 (2013/04/25), Pegasus/Pegasus II USB Ethernet driver
[    1.366953] usbcore: registered new interface driver pegasus
[    1.372682] usbcore: registered new interface driver asix
[    1.378133] usbcore: registered new interface driver ax88179_178a
[    1.384276] usbcore: registered new interface driver cdc_ether
[    1.390184] usbcore: registered new interface driver smsc75xx
[    1.396000] usbcore: registered new interface driver smsc95xx
[    1.401796] usbcore: registered new interface driver net1080
[    1.407505] usbcore: registered new interface driver cdc_subset
[    1.413475] usbcore: registered new interface driver zaurus
[    1.419126] usbcore: registered new interface driver cdc_ncm
[    1.426907] ehci_hcd: USB 2.0 'Enhanced' Host Controller (EHCI) Driver
[    1.433446] ehci-pci: EHCI PCI platform driver
[    1.437944] ehci-platform: EHCI generic platform driver
[    1.443378] ehci-omap: OMAP-EHCI Host Controller driver
[    1.448746] ehci-orion: EHCI orion driver
[    1.452902] SPEAr-ehci: EHCI SPEAr driver
[    1.457064] ehci-st: EHCI STMicroelectronics driver
[    1.462091] ehci-exynos: EHCI EXYNOS driver
[    1.466438] ehci-atmel: EHCI Atmel driver
[    1.470600] tegra-ehci: Tegra EHCI driver
[    1.474923] ohci_hcd: USB 1.1 'Open' Host Controller (OHCI) Driver
[    1.481124] ohci-pci: OHCI PCI platform driver
[    1.485624] ohci-platform: OHCI generic platform driver
[    1.491025] ohci-omap3: OHCI OMAP3 driver
[    1.495189] SPEAr-ohci: OHCI SPEAr driver
[    1.499331] ohci-st: OHCI STMicroelectronics driver
[    1.504357] ohci-atmel: OHCI Atmel driver
[    1.509085] usbcore: registered new interface driver usb-storage
[    1.516719] mousedev: PS/2 mouse device common for all mice
[    1.527249] palmas-rtc 7000d000.i2c:tps65913@58:rtc: rtc core: registered 7000d000.i2c:tps659 as rtc0
[    1.538360] tegra_rtc 7000e000.rtc: rtc core: registered 7000e000.rtc as rtc1
[    1.545561] tegra_rtc 7000e000.rtc: Tegra internal Real Time Clock
[    1.552290] i2c /dev entries driver
[    1.560006] sbs-battery 0-000b: sbs_probe: Failed to get device status
[    1.566555] sbs-battery: probe of 0-000b failed with error -121
[    1.583483] sdhci: Secure Digital Host Controller Interface driver
[    1.589677] sdhci: Copyright(c) Pierre Ossman
[    1.595573] Synopsys Designware Multimedia Card Interface Driver
[    1.602634] sdhci-pltfm: SDHCI platform and OF driver helper
[    1.609057] sdhci-tegra 78000400.sdhci: Got CD GPIO
[    1.613967] sdhci-tegra 78000400.sdhci: Got WP GPIO
[    1.620083] mmc0: Invalid maximum block size, assuming 512 bytes
[    1.660108] mmc0: SDHCI controller on 78000400.sdhci [78000400.sdhci] using ADMA
[    1.667838] mmc1: Invalid maximum block size, assuming 512 bytes
[    1.709986] mmc1: SDHCI controller on 78000600.sdhci [78000600.sdhci] using ADMA
[    1.718905] ledtrig-cpu: registered to indicate activity on CPUs
[    1.725400] usbcore: registered new interface driver usbhid
[    1.730982] usbhid: USB HID core driver
[    1.740229] NET: Registered protocol family 10
[    1.745391] sit: IPv6 over IPv4 tunneling driver
[    1.750706] NET: Registered protocol family 17
[    1.755179] can: controller area network core (rev 20120528 abi 9)
[    1.761429] NET: Registered protocol family 29
[    1.765886] can: raw protocol (rev 20120528)
[    1.770165] can: broadcast manager protocol (rev 20120528 t)
[    1.775839] can: netlink gateway (rev 20130117) max_hops=1
[    1.781715] Key type dns_resolver registered
[    1.786642] ThumbEE CPU extension supported.
[    1.790938] Registering SWP/SWPB emulation handler
[    1.798346] usb1_vbus: supplied by vdd-sys-5v0
[    1.804368] usb2_vbus: supplied by vdd-sys-5v0
[    1.817103] VDD_5V0_HDMI_CON: supplied by vdd-sys-5v0
[    1.829904] [drm] Supports vblank timestamp caching Rev 2 (21.10.2013).
[    1.835972] mmc0: new high speed SDHC card at address aaaa
[    1.837505] mmcblk0: mmc0:aaaa SL16G 14.8 GiB 
[    1.846590] [drm] No driver support for vblank timestamp query.
[    1.859162]  mmcblk0: p1 p2 p3
[    1.873256] mmc1: new high speed MMC card at address 0001
[    1.879361] mmcblk1: mmc1:0001 SEM32G 29.1 GiB 
[    1.879755] mmcblk1boot0: mmc1:0001 SEM32G partition 1 4.00 MiB
[    1.880511] mmcblk1boot1: mmc1:0001 SEM32G partition 2 4.00 MiB
[    1.881155] mmcblk1rpmb: mmc1:0001 SEM32G partition 3 4.00 MiB
[    1.884343]  mmcblk1: p1 p2 p3 p4 p5 p6 p7 p8
[    1.918053] Console: switching to colour frame buffer device 240x75
[    1.972335] drm drm: fb0:  frame buffer device
[    1.990086] [drm] Initialized tegra 0.0.0 20120330 on minor 0
[    1.998710] tegra-ehci 7d008000.usb: EHCI Host Controller
[    2.004189] tegra-ehci 7d008000.usb: new USB bus registered, assigned bus number 1
[    2.012175] tegra-ehci 7d008000.usb: irq 339, io mem 0x7d008000
[    2.025094] tegra-ehci 7d008000.usb: USB 2.0 started, EHCI 1.10
[    2.032326] hub 1-0:1.0: USB hub found
[    2.036189] hub 1-0:1.0: 1 port detected
[    2.041878] input: gpio-keys as /devices/soc0/gpio-keys/input/input0
[    2.050691] palmas-rtc 7000d000.i2c:tps65913@58:rtc: setting system clock to 2000-01-31 16:07:47 UTC (949334867)
[    2.075940] dvdd_ts: disabling
[    2.079001] usb1_vbus: disabling
[    2.082288] vdd_cam_1v8_reg: disabling
[    2.087852] EXT4-fs (mmcblk1p1): mounting ext3 file system using the ext4 subsystem
[    2.152325] EXT4-fs (mmcblk1p1): recovery complete
[    2.158983] EXT4-fs (mmcblk1p1): mounted filesystem with ordered data mode. Opts: (null)
[    2.167169] VFS: Mounted root (ext3 filesystem) on device 179:17.
[    2.178066] devtmpfs: mounted
[    2.182977] Freeing unused kernel memory: 2048K (c1100000 - c1300000)
bash: cannot set terminal process group (-1): Inappropriate ioctl for device
bash: no job control in this shell
root@(none):/# [    2.355097] usb 1-1: new high-speed USB device number 2 using tegra-ehci
