

U-Boot 2011.03 (Jun 11 2013 - 06:07:37)

T114
Board: NVIDIA Dalmore
DRAM:  2 GiB
MMC:   Tegra2 SD/MMC: 0, Tegra2 SD/MMC: 1
In:    serial
Out:   serial
Err:   serial
Net:   Net Initialization Skipped
No ethernet found.
Hit any key to stop autoboot:  2  0 
Dalmore #
Dalmore #usb reset
(Re)start USB...
USB:   Register 10011 NbrPorts 1
USB EHCI 1.10
scanning bus for devices... 2 USB Device(s) found
       scanning bus for storage devices... 0 Storage Device(s) found
       scanning bus for ethernet devices... 1 Ethernet Device(s) found
Dalmore #setenv bootargs 'ignore_loglevel console=ttyS0,115200n8 rw root=/dev/mmcblk0p1 rootwait gpt init=/bin/bash'
Dalmore #setenv ipaddr 192.168.100.100; setenv serverip 192.168.100.1; setenv tftpserverip 192.168.100.1
Dalmore #tftpboot 0x81000000 zImage.tegra_defconfig
Waiting for Ethernet connection... done.
Using asx0 device
TFTP from server 192.168.100.1; our IP address is 192.168.100.100
Filename 'zImage.tegra_defconfig'.
Load address: 0x81000000
Loading: *#################################################  2.5 MiB/s
done
Bytes transferred = 4355848 (427708 hex)
Dalmore #tftpboot 0x82000000 tegra114-dalmore.dtb
Using asx0 device
TFTP from server 192.168.100.1; our IP address is 192.168.100.100
Filename 'tegra114-dalmore.dtb'.
Load address: 0x82000000
Loading: *#################################################  1.8 MiB/s
done
Bytes transferred = 24457 (5f89 hex)
Dalmore #bootz 0x81000000 - 0x82000000
## Flattened Device Tree blob at 82000000
   Booting using the fdt blob at 0x82000000
   Loading Device Tree to 81ff7000, end 81ffff88 ... OK

Starting kernel ...

Timer summary in microseconds:
       Mark    Elapsed  Stage
          0          0  awake
  2,409,076  2,409,076  usb_start
  6,412,424  4,003,348  eth_start
  6,412,421         -3  tftp start
 10,542,949  4,130,528  tftp done
 12,424,436  1,881,487  start_kernel
[    0.000000] Booting Linux on physical CPU 0x0
[    0.000000] Initializing cgroup subsys cpu
[    0.000000] Initializing cgroup subsys cpuacct
[    0.000000] Linux version 3.11.0-rc1-next-20130718-12102-gcfda1b6 (pwalmsley@tamien) (gcc version 4.5.1 (Sourcery G++ Lite 2010.09-50) ) #1 SMP PREEMPT Thu Jul 18 14:45:39 PDT 2013
[    0.000000] CPU: ARMv7 Processor [412fc0f2] revision 2 (ARMv7), cr=10c5387d
[    0.000000] CPU: PIPT / VIPT nonaliasing data cache, PIPT instruction cache
[    0.000000] Machine: NVIDIA Tegra SoC (Flattened Device Tree), model: NVIDIA Tegra114 Dalmore evaluation board
[    0.000000] debug: ignoring loglevel setting.
[    0.000000] Memory policy: ECC disabled, Data cache writealloc
[    0.000000] On node 0 totalpages: 524032
[    0.000000] free_area_init_node: node 0, pgdat c080de40, node_mem_map c0865000
[    0.000000]   Normal zone: 1520 pages used for memmap
[    0.000000]   Normal zone: 0 pages reserved
[    0.000000]   Normal zone: 194560 pages, LIFO batch:31
[    0.000000]   HighMem zone: 2574 pages used for memmap
[    0.000000]   HighMem zone: 329472 pages, LIFO batch:31
[    0.000000] Tegra Revision: A01 SKU: 0 CPU Process: 1 Core Process: 1
[    0.000000] PERCPU: Embedded 8 pages/cpu @c187b000 s9472 r8192 d15104 u32768
[    0.000000] pcpu-alloc: s9472 r8192 d15104 u32768 alloc=8*4096
[    0.000000] pcpu-alloc: [0] 0 [0] 1 [0] 2 [0] 3 
[    0.000000] Built 1 zonelists in Zone order, mobility grouping on.  Total pages: 522512
[    0.000000] Kernel command line: ignore_loglevel console=ttyS0,115200n8 rw root=/dev/mmcblk0p1 rootwait gpt init=/bin/bash
[    0.000000] PID hash table entries: 4096 (order: 2, 16384 bytes)
[    0.000000] Dentry cache hash table entries: 131072 (order: 7, 524288 bytes)
[    0.000000] Inode-cache hash table entries: 65536 (order: 6, 262144 bytes)
[    0.000000] Memory: 2070096K/2096128K available (5919K kernel code, 301K rwdata, 1752K rodata, 237K init, 342K bss, 26032K reserved, 1317888K highmem)
[    0.000000] Virtual kernel memory layout:
[    0.000000]     vector  : 0xffff0000 - 0xffff1000   (   4 kB)
[    0.000000]     fixmap  : 0xfff00000 - 0xfffe0000   ( 896 kB)
[    0.000000]     vmalloc : 0xf0000000 - 0xff000000   ( 240 MB)
[    0.000000]     lowmem  : 0xc0000000 - 0xef800000   ( 760 MB)
[    0.000000]     pkmap   : 0xbfe00000 - 0xc0000000   (   2 MB)
[    0.000000]     modules : 0xbf000000 - 0xbfe00000   (  14 MB)
[    0.000000]       .text : 0xc0008000 - 0xc0786238   (7673 kB)
[    0.000000]       .init : 0xc0787000 - 0xc07c2500   ( 238 kB)
[    0.000000]       .data : 0xc07c4000 - 0xc080f520   ( 302 kB)
[    0.000000]        .bss : 0xc080f520 - 0xc0864d88   ( 343 kB)
[    0.000000] Preemptible hierarchical RCU implementation.
[    0.000000] NR_IRQS:16 nr_irqs:16 16
[    0.000000] sched_clock: 32 bits at 1000kHz, resolution 1000ns, wraps every 4294967ms
[    0.000000] Architected local timer running at 12.00MHz (virt).
[    0.000000] Switching to timer-based delay loop
[    0.000000] sched_clock: ARM arch timer >56 bits at 12000kHz, resolution 83ns
[    0.000000] Console: colour dummy device 80x30
[   12.693613] Calibrating delay loop (skipped), value calculated using timer frequency.. 24.00 BogoMIPS (lpj=120000)
[   12.693629] pid_max: default: 32768 minimum: 301
[   12.694079] Mount-cache hash table entries: 512
[   12.709591] Initializing cgroup subsys debug
[   12.709609] Initializing cgroup subsys freezer
[   12.709660] CPU: Testing write buffer coherency: ok
[   12.710004] /cpus/cpu@0 missing clock-frequency property
[   12.710016] /cpus/cpu@1 missing clock-frequency property
[   12.710025] /cpus/cpu@2 missing clock-frequency property
[   12.710034] /cpus/cpu@3 missing clock-frequency property
[   12.710048] CPU0: thread -1, cpu 0, socket 0, mpidr 80000000
[   12.710084] Setting up static identity map for 0xc05a19f0 - 0xc05a1a88
[   12.763899] CPU1: Booted secondary processor
[   12.763927] CPU1: thread -1, cpu 1, socket 0, mpidr 80000001
[   12.783825] CPU2: Booted secondary processor
[   12.783850] CPU2: thread -1, cpu 2, socket 0, mpidr 80000002
[   12.803787] CPU3: Booted secondary processor
[   12.803811] CPU3: thread -1, cpu 3, socket 0, mpidr 80000003
[   12.803919] Brought up 4 CPUs
[   12.803946] SMP: Total of 4 processors activated (96.00 BogoMIPS).
[   12.803954] CPU: All CPU(s) started in SVC mode.
[   12.804995] devtmpfs: initialized
[   12.817966] pinctrl core: initialized pinctrl subsystem
[   12.818505] regulator-dummy: no parameters
[   12.819001] NET: Registered protocol family 16
[   12.819262] DMA: preallocated 256 KiB pool for atomic coherent allocations
[   12.820018] cpuidle: using governor ladder
[   12.820029] cpuidle: using governor menu
[   12.830575] No ATAGs?
[   12.830604] hw-breakpoint: found 5 (+1 reserved) breakpoint and 4 watchpoint registers.
[   12.830613] hw-breakpoint: maximum watchpoint size is 8 bytes.
[   12.841309] bio: create slab <bio-0> at 0
[   12.842611] vdd_ac_bat: 5000 mV 
[   12.842936] dvdd_ts: Failed to request enable GPIO61: -517
[   12.843102] reg-fixed-voltage 1.regulator: Failed to register regulator: -517
[   12.843125] platform 1.regulator: Driver reg-fixed-voltage requests probe deferral
[   12.843320] lcd_bl_en: Failed to request enable GPIO58: -517
[   12.843470] reg-fixed-voltage 2.regulator: Failed to register regulator: -517
[   12.843491] platform 2.regulator: Driver reg-fixed-voltage requests probe deferral
[   12.843685] usb1_vbus: Failed to request enable GPIO108: -517
[   12.843833] reg-fixed-voltage 3.regulator: Failed to register regulator: -517
[   12.843854] platform 3.regulator: Driver reg-fixed-voltage requests probe deferral
[   12.844046] usb2_vbus: Failed to request enable GPIO86: -517
[   12.844192] reg-fixed-voltage 4.regulator: Failed to register regulator: -517
[   12.844212] platform 4.regulator: Driver reg-fixed-voltage requests probe deferral
[   12.844404] vdd_hdmi_5v0: Failed to request enable GPIO81: -517
[   12.844550] reg-fixed-voltage 5.regulator: Failed to register regulator: -517
[   12.844571] platform 5.regulator: Driver reg-fixed-voltage requests probe deferral
[   12.845644] vgaarb: loaded
[   12.846748] SCSI subsystem initialized
[   12.847122] usbcore: registered new interface driver usbfs
[   12.847212] usbcore: registered new interface driver hub
[   12.847378] usbcore: registered new device driver usb
[   12.851248] vdd-cpu: 500 <--> 1520 mV at 1100 mV 
[   12.851882] tps65090 1-0048: No cache defaults, reading back from HW
[   12.858250] vdd-sys-5v0: no parameters
[   12.858301] vdd-sys-5v0: supplied by vdd_ac_bat
[   12.859745] vdd-sys-3v3: no parameters
[   12.859793] vdd-sys-3v3: supplied by vdd_ac_bat
[   12.861225] vdd-ao: no parameters
[   12.861261] vdd-ao: supplied by vdd_ac_bat
[   12.861515] vdd-lcd-bl: no parameters
[   12.861549] vdd-lcd-bl: supplied by vdd_ac_bat
[   12.861809] TPS65090_RAILSFET2: no parameters
[   12.861846] TPS65090_RAILSFET2: supplied by vdd_ac_bat
[   12.862087] vdd-modem-3v3: no parameters
[   12.862121] vdd-modem-3v3: supplied by vdd-sys-3v3
[   12.862384] avdd-lcd: no parameters
[   12.862416] avdd-lcd: supplied by vdd-sys-3v3
[   12.862688] vdd-lvds: no parameters
[   12.862721] vdd-lvds: supplied by vdd-sys-3v3
[   12.862995] vdd-sd-slot: no parameters
[   12.863028] vdd-sd-slot: supplied by vdd-sys-3v3
[   12.863289] vdd-com-3v3: no parameters
[   12.863322] vdd-com-3v3: supplied by vdd-sys-3v3
[   12.863567] vdd-sby-5v0: no parameters
[   12.863602] vdd-sby-5v0: supplied by vdd_ac_bat
[   12.863852] vdd-sby-3v3: no parameters
[   12.863883] vdd-sby-3v3: supplied by vdd_ac_bat
[   12.864332] Linux video capture interface: v2.00
[   12.865025] platform 7000f010.iommu: Driver tegra-smmu requests probe deferral
[   12.865318] Advanced Linux Sound Architecture Driver Initialized.
[   12.866078] Bluetooth: Core ver 2.16
[   12.866148] NET: Registered protocol family 31
[   12.866157] Bluetooth: HCI device and connection manager initialized
[   12.866181] Bluetooth: HCI socket layer initialized
[   12.866203] Bluetooth: L2CAP socket layer initialized
[   12.866249] Bluetooth: SCO socket layer initialized
[   12.866988] cfg80211: Calling CRDA to update world regulatory domain
[   12.868084] Switched to clocksource arch_sys_counter
[   12.882228] NET: Registered protocol family 2
[   12.883136] TCP established hash table entries: 8192 (order: 4, 65536 bytes)
[   12.883343] TCP bind hash table entries: 8192 (order: 4, 65536 bytes)
[   12.883520] TCP: Hash tables configured (established 8192 bind 8192)
[   12.883964] TCP: reno registered
[   12.883978] UDP hash table entries: 512 (order: 2, 16384 bytes)
[   12.884020] UDP-Lite hash table entries: 512 (order: 2, 16384 bytes)
[   12.884432] NET: Registered protocol family 1
[   12.885120] RPC: Registered named UNIX socket transport module.
[   12.885130] RPC: Registered udp transport module.
[   12.885138] RPC: Registered tcp transport module.
[   12.885145] RPC: Registered tcp NFSv4.1 backchannel transport module.
[   12.885156] PCI: CLS 0 bytes, default 64
[   12.888893] bounce pool size: 64 pages
[   12.890574] squashfs: version 4.0 (2009/01/31) Phillip Lougher
[   12.891399] msgmni has been set to 1469
[   12.892971] io scheduler noop registered (default)
[   12.904280] tegra-apbdma 6000a000.dma: Tegra20 APB DMA driver register 32 channels
[   12.904785] Serial: 8250/16550 driver, 4 ports, IRQ sharing disabled
[   12.906761] 70006300.serial: ttyS0 at MMIO 0x70006300 (irq = 122) is a Tegra
[   13.744784] console [ttyS0] enabled
[   13.749076] [drm] Initialized drm 1.1.0 20060810
[   13.759483] loop: module loaded
[   13.765357] m25p80 spi32766.0: w25q32dw (4096 Kbytes)
[   13.772135] pegasus: v0.9.3 (2013/04/25), Pegasus/Pegasus II USB Ethernet driver
[   13.779586] usbcore: registered new interface driver pegasus
[   13.785316] usbcore: registered new interface driver asix
[   13.790752] usbcore: registered new interface driver ax88179_178a
[   13.796897] usbcore: registered new interface driver cdc_ether
[   13.802772] usbcore: registered new interface driver r815x
[   13.808329] usbcore: registered new interface driver smsc75xx
[   13.814129] usbcore: registered new interface driver smsc95xx
[   13.819920] usbcore: registered new interface driver net1080
[   13.825629] usbcore: registered new interface driver cdc_subset
[   13.831597] usbcore: registered new interface driver zaurus
[   13.837267] usbcore: registered new interface driver cdc_ncm
[   13.842932] ehci_hcd: USB 2.0 'Enhanced' Host Controller (EHCI) Driver
[   13.849438] ehci-pci: EHCI PCI platform driver
[   13.853923] tegra-ehci: Tegra EHCI driver
[   13.858149] usbcore: registered new interface driver cdc_acm
[   13.863774] cdc_acm: USB Abstract Control Model driver for USB modems and ISDN adapters
[   13.871811] usbcore: registered new interface driver cdc_wdm
[   13.877540] usbcore: registered new interface driver usb-storage
[   13.884110] mousedev: PS/2 mouse device common for all mice
[   13.890982] tegra_rtc 7000e000.rtc: rtc core: registered 7000e000.rtc as rtc0
[   13.898136] tegra_rtc 7000e000.rtc: Tegra internal Real Time Clock
[   13.905669] sbs-battery 0-000b: sbs_probe: Failed to get device status
[   13.912177] sbs-battery: probe of 0-000b failed with error -121
[   13.921754] sdhci: Secure Digital Host Controller Interface driver
[   13.927916] sdhci: Copyright(c) Pierre Ossman
[   13.932248] sdhci-pltfm: SDHCI platform and OF driver helper
[   13.938298] sdhci-tegra 78000400.sdhci: Got CD GPIO #170.
[   13.944719] mmc0: no vqmmc regulator found
[   13.948797] mmc0: no vmmc regulator found
[   13.952784] mmc0: Invalid maximum block size, assuming 512 bytes
[   14.003543] mmc0: SDHCI controller on 78000400.sdhci [78000400.sdhci] using ADMA
[   14.013090] mmc1: no vqmmc regulator found
[   14.017186] mmc1: no vmmc regulator found
[   14.021173] mmc1: Invalid maximum block size, assuming 512 bytes
[   14.063301] mmc1: SDHCI controller on 78000600.sdhci [78000600.sdhci] using ADMA
[   14.071325] usbcore: registered new interface driver usbhid
[   14.078928] usbhid: USB HID core driver
[   14.195072] mmc1: BKOPS_EN bit is not set
[   14.225489] mmc1: new HS200 MMC card at address 0001
[   14.231034] mmcblk0: mmc1:0001 SEM32G 29.1 GiB 
[   14.235866] mmcblk0boot0: mmc1:0001 SEM32G partition 1 4.00 MiB
[   14.242069] mmcblk0boot1: mmc1:0001 SEM32G partition 2 4.00 MiB
[   14.248261] mmcblk0rpmb: mmc1:0001 SEM32G partition 3 4.00 MiB
[   14.256583] Primary GPT is invalid, using alternate GPT.
[   14.261887]  mmcblk0: p1 p2 p3 p4 p5
[   14.268838]  mmcblk0boot1: unknown partition table
[   14.275291]  mmcblk0boot0: unknown partition table
[   14.532387] tegra-snd-rt5640 sound.4:  rt5640-aif1 <-> 70080400.i2s mapping ok
[   14.540921] input: NVIDIA Tegra Dalmore Headphones as /devices/soc0/sound.4/sound/card0/input0
[   14.551069] TCP: cubic registered
[   14.554675] NET: Registered protocol family 10
[   14.560499] mip6: Mobile IPv6
[   14.563476] sit: IPv6 over IPv4 tunneling driver
[   14.569665] NET: Registered protocol family 17
[   14.574147] NET: Registered protocol family 15
[   14.578741] Bluetooth: RFCOMM socket layer initialized
[   14.583872] Bluetooth: RFCOMM ver 1.11
[   14.587600] Bluetooth: BNEP (Ethernet Emulation) ver 1.3
[   14.592910] Bluetooth: BNEP socket layer initialized
[   14.597845] Bluetooth: HIDP (Human Interface Emulation) ver 1.2
[   14.603759] Bluetooth: HIDP socket layer initialized
[   14.608922] VFP support v0.3: implementor 41 architecture 4 part 30 variant f rev 0
[   14.616807] Registering SWP/SWPB emulation handler
[   14.622317] vdd-com-3v3: disabling
[   14.626312] vdd-lvds: disabling
[   14.630032] avdd-lcd: disabling
[   14.633778] vdd-lcd-bl: disabling
[   14.638147] dvdd_ts: 1800 mV 
[   14.641451] lcd_bl_en: 5000 mV 
[   14.644891] usb1_vbus: 5000 mV 
[   14.648053] usb1_vbus: supplied by vdd-sys-5v0
[   14.652851] usb2_vbus: 5000 mV 
[   14.656005] usb2_vbus: supplied by vdd-sys-5v0
[   14.660807] vdd_hdmi_5v0: 5000 mV 
[   14.664240] vdd_hdmi_5v0: supplied by vdd-sys-5v0
[   14.670162] input: gpio-keys.2 as /devices/soc0/gpio-keys.2/input/input1
[   14.677256] tegra_rtc 7000e000.rtc: setting system clock to 1970-01-01 00:00:15 UTC (15)
[   14.685734] ALSA device list:
[   14.688687]   #0: NVIDIA Tegra Dalmore
[   14.703086] kjournald starting.  Commit interval 5 seconds
[   14.708558] EXT3-fs (mmcblk0p1): using internal journal
[   14.713791] EXT3-fs (mmcblk0p1): recovery complete
[   14.718556] EXT3-fs (mmcblk0p1): mounted filesystem with writeback data mode
[   14.725644] VFS: Mounted root (ext3 filesystem) on device 179:1.
[   14.732931] devtmpfs: mounted
[   14.736155] Freeing unused kernel memory: 236K (c0787000 - c07c2000)
bash: cannot set terminal process group (-1): Inappropriate ioctl for device
bash: no job control in this shell
I have no name!@(none):/# 