

U-Boot 2011.03 (Jun 11 2013 - 06:07:37)

T114
Board: NVIDIA Dalmore
DRAM:  2 GiB
MMC:   Tegra2 SD/MMC: 0, Tegra2 SD/MMC: 1
In:    serial
Out:   serial
Err:   serial
Net:   Net Initialization Skipped
No ethernet found.
Hit any key to stop autoboot:  2  0 
Dalmore #
Dalmore #usb reset
(Re)start USB...
USB:   Register 10011 NbrPorts 1
USB EHCI 1.10
scanning bus for devices... 2 USB Device(s) found
       scanning bus for storage devices... 0 Storage Device(s) found
       scanning bus for ethernet devices... 1 Ethernet Device(s) found
Dalmore #setenv bootargs 'ignore_loglevel console=ttyS0,115200n8 rw root=/dev/mmcblk0p1 rootwait gpt init=/bin/bash'
Dalmore #setenv ipaddr 192.168.100.100; setenv serverip 192.168.100.1; setenv tftpserverip 192.168.100.1
Dalmore #tftpboot 0x81000000 zImage.multi_v7_defconfig
Waiting for Ethernet connection... done.
Using asx0 device
TFTP from server 192.168.100.1; our IP address is 192.168.100.100
Filename 'zImage.multi_v7_defconfig'.
Load address: 0x81000000
Loading: *#################################################  2.8 MiB/s
done
Bytes transferred = 3951472 (3c4b70 hex)
Dalmore #tftpboot 0x82000000 tegra114-dalmore.dtb
Using asx0 device
TFTP from server 192.168.100.1; our IP address is 192.168.100.100
Filename 'tegra114-dalmore.dtb'.
Load address: 0x82000000
Loading: *#################################################  2.6 MiB/s
done
Bytes transferred = 27540 (6b94 hex)
Dalmore #bootz 0x81000000 - 0x82000000
## Flattened Device Tree blob at 82000000
   Booting using the fdt blob at 0x82000000
   Loading Device Tree to 81ff6000, end 81fffb93 ... OK

Starting kernel ...

Timer summary in microseconds:
       Mark    Elapsed  Stage
          0          0  awake
  2,342,769  2,342,769  usb_start
  6,346,082  4,003,313  eth_start
  6,346,080         -2  tftp start
 10,127,512  3,781,432  tftp done
 11,357,843  1,230,331  start_kernel
[    0.000000] Booting Linux on physical CPU 0x0
[    0.000000] Linux version 3.11.0-rc2-next-20130723-12654-gb46cfb3 (pwalmsley@tamien) (gcc version 4.5.1 (Sourcery G++ Lite 2010.09-50) ) #1 SMP Tue Jul 23 14:29:48 PDT 2013
[    0.000000] CPU: ARMv7 Processor [412fc0f2] revision 2 (ARMv7), cr=10c5387d
[    0.000000] CPU: PIPT / VIPT nonaliasing data cache, PIPT instruction cache
[    0.000000] Machine: NVIDIA Tegra SoC (Flattened Device Tree), model: NVIDIA Tegra114 Dalmore evaluation board
[    0.000000] debug: ignoring loglevel setting.
[    0.000000] Memory policy: ECC disabled, Data cache writealloc
[    0.000000] On node 0 totalpages: 524032
[    0.000000] free_area_init_node: node 0, pgdat c07ac900, node_mem_map c07f4000
[    0.000000]   DMA zone: 1520 pages used for memmap
[    0.000000]   DMA zone: 0 pages reserved
[    0.000000]   DMA zone: 194560 pages, LIFO batch:31
[    0.000000]   HighMem zone: 2574 pages used for memmap
[    0.000000]   HighMem zone: 329472 pages, LIFO batch:31
[    0.000000] Tegra Revision: A01 SKU: 0 CPU Process: 1 Core Process: 1
[    0.000000] PERCPU: Embedded 5 pages/cpu @c180b000 s7168 r0 d13312 u32768
[    0.000000] pcpu-alloc: s7168 r0 d13312 u32768 alloc=8*4096
[    0.000000] pcpu-alloc: [0] 0 [0] 1 [0] 2 [0] 3 
[    0.000000] Built 1 zonelists in Zone order, mobility grouping on.  Total pages: 522512
[    0.000000] Kernel command line: ignore_loglevel console=ttyS0,115200n8 rw root=/dev/mmcblk0p1 rootwait gpt init=/bin/bash
[    0.000000] PID hash table entries: 4096 (order: 2, 16384 bytes)
[    0.000000] Dentry cache hash table entries: 131072 (order: 7, 524288 bytes)
[    0.000000] Inode-cache hash table entries: 65536 (order: 6, 262144 bytes)
[    0.000000] Memory: 2070588K/2096128K available (5363K kernel code, 584K rwdata, 1408K rodata, 475K init, 278K bss, 25540K reserved, 1317888K highmem)
[    0.000000] Virtual kernel memory layout:
[    0.000000]     vector  : 0xffff0000 - 0xffff1000   (   4 kB)
[    0.000000]     fixmap  : 0xfff00000 - 0xfffe0000   ( 896 kB)
[    0.000000]     vmalloc : 0xf0000000 - 0xff000000   ( 240 MB)
[    0.000000]     lowmem  : 0xc0000000 - 0xef800000   ( 760 MB)
[    0.000000]     pkmap   : 0xbfe00000 - 0xc0000000   (   2 MB)
[    0.000000]       .text : 0xc0008000 - 0xc06a4f34   (6772 kB)
[    0.000000]       .init : 0xc06a5000 - 0xc071bc00   ( 475 kB)
[    0.000000]       .data : 0xc071c000 - 0xc07ae040   ( 585 kB)
[    0.000000]        .bss : 0xc07ae040 - 0xc07f38d4   ( 279 kB)
[    0.000000] SLUB: HWalign=64, Order=0-3, MinObjects=0, CPUs=4, Nodes=1
[    0.000000] Hierarchical RCU implementation.
[    0.000000] NR_IRQS:16 nr_irqs:16 16
[    0.000000] sched_clock: 32 bits at 1000kHz, resolution 1000ns, wraps every 4294967ms
[    0.000000] Architected local timer running at 12.00MHz (virt).
[    0.000000] Switching to timer-based delay loop
[    0.000000] sched_clock: ARM arch timer >56 bits at 12000kHz, resolution 83ns
[    0.000000] Console: colour dummy device 80x30
[   11.519133] Calibrating delay loop (skipped), value calculated using timer frequency.. 24.00 BogoMIPS (lpj=120000)
[   11.519149] pid_max: default: 32768 minimum: 301
[   11.519303] Mount-cache hash table entries: 512
[   11.526776] CPU: Testing write buffer coherency: ok
[   11.527005] /cpus/cpu@0 missing clock-frequency property
[   11.527017] /cpus/cpu@1 missing clock-frequency property
[   11.527027] /cpus/cpu@2 missing clock-frequency property
[   11.527036] /cpus/cpu@3 missing clock-frequency property
[   11.527050] CPU0: thread -1, cpu 0, socket 0, mpidr 80000000
[   11.527078] Setting up static identity map for 0xc0517150 - 0xc05171e8
[   11.527278] unable to find compatible sirf rstc node in dtb
[   11.528478] CPU1: Booted secondary processor
[   11.528505] CPU1: thread -1, cpu 1, socket 0, mpidr 80000001
[   11.529038] CPU2: Booted secondary processor
[   11.529063] CPU2: thread -1, cpu 2, socket 0, mpidr 80000002
[   11.529579] CPU3: Booted secondary processor
[   11.529604] CPU3: thread -1, cpu 3, socket 0, mpidr 80000003
[   11.529693] Brought up 4 CPUs
[   11.529720] SMP: Total of 4 processors activated (96.00 BogoMIPS).
[   11.529727] CPU: All CPU(s) started in SVC mode.
[   11.530365] devtmpfs: initialized
[   11.535675] VFP support v0.3: implementor 41 architecture 4 part 30 variant f rev 0
[   11.535876] pinctrl core: initialized pinctrl subsystem
[   11.536224] regulator-dummy: no parameters
[   11.536585] NET: Registered protocol family 16
[   11.536810] DMA: preallocated 256 KiB pool for atomic coherent allocations
[   11.537018] unable to find compatible sirf pwrc node in dtb
[   11.546934] Serial: AMBA PL011 UART driver
[   11.551850] bio: create slab <bio-0> at 0
[   11.553218] edma-dma-engine edma-dma-engine.0: Can't allocate PaRAM dummy slot
[   11.553241] edma-dma-engine: probe of edma-dma-engine.0 failed with error -5
[   11.553615] vdd_ac_bat: 5000 mV 
[   11.553801] dvdd_ts: Failed to request enable GPIO61: -517
[   11.553890] reg-fixed-voltage 1.regulator: Failed to register regulator: -517
[   11.553909] platform 1.regulator: Driver reg-fixed-voltage requests probe deferral
[   11.554024] lcd_bl_en: Failed to request enable GPIO58: -517
[   11.554101] reg-fixed-voltage 2.regulator: Failed to register regulator: -517
[   11.554119] platform 2.regulator: Driver reg-fixed-voltage requests probe deferral
[   11.554235] usb1_vbus: Failed to request enable GPIO108: -517
[   11.554310] reg-fixed-voltage 3.regulator: Failed to register regulator: -517
[   11.554328] platform 3.regulator: Driver reg-fixed-voltage requests probe deferral
[   11.554440] usb2_vbus: Failed to request enable GPIO86: -517
[   11.554514] reg-fixed-voltage 4.regulator: Failed to register regulator: -517
[   11.554532] platform 4.regulator: Driver reg-fixed-voltage requests probe deferral
[   11.554643] vdd_hdmi_5v0: Failed to request enable GPIO81: -517
[   11.554716] reg-fixed-voltage 5.regulator: Failed to register regulator: -517
[   11.554734] platform 5.regulator: Driver reg-fixed-voltage requests probe deferral
[   11.554790] platform 6.regulator: Driver reg-fixed-voltage requests probe deferral
[   11.555685] vgaarb: loaded
[   11.556008] SCSI subsystem initialized
[   11.556150] libata version 3.00 loaded.
[   11.556330] usbcore: registered new interface driver usbfs
[   11.556369] usbcore: registered new interface driver hub
[   11.556458] usbcore: registered new device driver usb
[   11.559145] vdd-cpu: 500 <--> 1520 mV at 1100 mV 
[   11.559497] pps_core: LinuxPPS API ver. 1 registered
[   11.559507] pps_core: Software ver. 5.3.6 - Copyright 2005-2007 Rodolfo Giometti <giometti@linux.it>
[   11.559529] PTP clock support registered
[   11.559563] EDAC MC: Ver: 3.0.0
[   11.560439] Switched to clocksource arch_sys_counter
[   11.568049] NET: Registered protocol family 2
[   11.568542] TCP established hash table entries: 8192 (order: 4, 65536 bytes)
[   11.568733] TCP bind hash table entries: 8192 (order: 4, 65536 bytes)
[   11.568933] TCP: Hash tables configured (established 8192 bind 8192)
[   11.568992] TCP: reno registered
[   11.569008] UDP hash table entries: 512 (order: 2, 16384 bytes)
[   11.569049] UDP-Lite hash table entries: 512 (order: 2, 16384 bytes)
[   11.569280] NET: Registered protocol family 1
[   11.569544] RPC: Registered named UNIX socket transport module.
[   11.569554] RPC: Registered udp transport module.
[   11.569561] RPC: Registered tcp transport module.
[   11.569569] RPC: Registered tcp NFSv4.1 backchannel transport module.
[   11.569580] PCI: CLS 0 bytes, default 64
[   11.571510] bounce pool size: 64 pages
[   11.579071] NFS: Registering the id_resolver key type
[   11.579110] Key type id_resolver registered
[   11.579120] Key type id_legacy registered
[   11.579357] Block layer SCSI generic (bsg) driver version 0.4 loaded (major 251)
[   11.579369] io scheduler noop registered
[   11.579378] io scheduler deadline registered
[   11.579517] io scheduler cfq registered (default)
[   11.587855] tegra-apbdma 6000a000.dma: Tegra20 APB DMA driver register 32 channels
[   11.635467] Serial: 8250/16550 driver, 4 ports, IRQ sharing disabled
[   11.636604] Serial: IMX driver
[   11.637580] 70006300.serial: ttyS0 at MMIO 0x70006300 (irq = 122) is a Tegra
[   12.365193] console [ttyS0] enabled
[   12.369521] serial: Freescale lpuart driver
[   12.373877] [drm] Initialized drm 1.1.0 20060810
[   12.380803] ehci_hcd: USB 2.0 'Enhanced' Host Controller (EHCI) Driver
[   12.387312] ehci-pci: EHCI PCI platform driver
[   12.391766] ehci-platform: EHCI generic platform driver
[   12.397051] ehci-mxc: Freescale On-Chip EHCI Host driver
[   12.402402] ehci-omap: OMAP-EHCI Host Controller driver
[   12.407690] ehci-orion: EHCI orion driver
[   12.411753] SPEAr-ehci: EHCI SPEAr driver
[   12.415817] tegra-ehci: Tegra EHCI driver
[   12.420165] usbcore: registered new interface driver usb-storage
[   12.427031] mousedev: PS/2 mouse device common for all mice
[   12.433209] tegra_rtc 7000e000.rtc: rtc core: registered 7000e000.rtc as rtc0
[   12.440340] tegra_rtc 7000e000.rtc: Tegra internal Real Time Clock
[   12.447085] sdhci: Secure Digital Host Controller Interface driver
[   12.453229] sdhci: Copyright(c) Pierre Ossman
[   12.457873] sdhci-pltfm: SDHCI platform and OF driver helper
[   12.463818] sdhci-tegra 78000400.sdhci: Got CD GPIO #170.
[   12.470237] mmc0: no vqmmc regulator found
[   12.474313] mmc0: no vmmc regulator found
[   12.478310] mmc0: Invalid maximum block size, assuming 512 bytes
[   12.526574] mmc0: SDHCI controller on 78000400.sdhci [78000400.sdhci] using ADMA
[   12.534041] mmc1: no vqmmc regulator found
[   12.538134] mmc1: no vmmc regulator found
[   12.542121] mmc1: Invalid maximum block size, assuming 512 bytes
[   12.586335] mmc1: SDHCI controller on 78000600.sdhci [78000600.sdhci] using ADMA
[   12.594109] usbcore: registered new interface driver usbhid
[   12.599664] usbhid: USB HID core driver
[   12.603703] TCP: cubic registered
[   12.607486] NET: Registered protocol family 10
[   12.612518] sit: IPv6 over IPv4 tunneling driver
[   12.617689] Key type dns_resolver registered
[   12.622059] Registering SWP/SWPB emulation handler
[   12.629930] dvdd_ts: 1800 mV 
[   12.633179] lcd_bl_en: 5000 mV 
[   12.636588] usb1_vbus: 5000 mV 
[   12.639749] reg-fixed-voltage 3.regulator: Failed to find supply vin
[   12.646176] reg-fixed-voltage 3.regulator: Failed to register regulator: -517
[   12.653281] platform 3.regulator: Driver reg-fixed-voltage requests probe deferral
[   12.661240] usb2_vbus: 5000 mV 
[   12.664390] reg-fixed-voltage 4.regulator: Failed to find supply vin
[   12.670802] reg-fixed-voltage 4.regulator: Failed to register regulator: -517
[   12.677931] platform 4.regulator: Driver reg-fixed-voltage requests probe deferral
[   12.685814] vdd_hdmi_5v0: 5000 mV 
[   12.689236] reg-fixed-voltage 5.regulator: Failed to find supply vin
[   12.695633] reg-fixed-voltage 5.regulator: Failed to register regulator: -517
[   12.702750] platform 5.regulator: Driver reg-fixed-voltage requests probe deferral
[   12.708119] mmc1: BKOPS_EN bit is not set
[   12.714548] platform 6.regulator: Driver reg-fixed-voltage requests probe deferral
[   12.722720] tegra_rtc 7000e000.rtc: setting system clock to 1970-01-01 00:00:13 UTC (13)
[   12.731905] Waiting for root device /dev/mmcblk0p1...
[   12.734734] mmc1: new HS200 MMC card at address 0001
[   12.735177] mmcblk0: mmc1:0001 SEM32G 29.1 GiB 
[   12.735341] mmcblk0boot0: mmc1:0001 SEM32G partition 1 4.00 MiB
[   12.735494] mmcblk0boot1: mmc1:0001 SEM32G partition 2 4.00 MiB
[   12.735655] mmcblk0rpmb: mmc1:0001 SEM32G partition 3 4.00 MiB
[   12.738043] Primary GPT is invalid, using alternate GPT.
[   12.738067]  mmcblk0: p1 p2 p3 p4 p5
[   12.740948]  mmcblk0boot1: unknown partition table
[   12.742503]  mmcblk0boot0: unknown partition table
[   12.743037] usb1_vbus: 5000 mV 
[   12.743077] reg-fixed-voltage 3.regulator: Failed to find supply vin
[   12.743187] reg-fixed-voltage 3.regulator: Failed to register regulator: -517
[   12.743203] platform 3.regulator: Driver reg-fixed-voltage requests probe deferral
[   12.743684] usb2_vbus: 5000 mV 
[   12.743716] reg-fixed-voltage 4.regulator: Failed to find supply vin
[   12.743821] reg-fixed-voltage 4.regulator: Failed to register regulator: -517
[   12.743836] platform 4.regulator: Driver reg-fixed-voltage requests probe deferral
[   12.744268] vdd_hdmi_5v0: 5000 mV 
[   12.744300] reg-fixed-voltage 5.regulator: Failed to find supply vin
[   12.744406] reg-fixed-voltage 5.regulator: Failed to register regulator: -517
[   12.744421] platform 5.regulator: Driver reg-fixed-voltage requests probe deferral
[   12.744767] platform 6.regulator: Driver reg-fixed-voltage requests probe deferral
[   12.865876] EXT4-fs (mmcblk0p1): mounting ext3 file system using the ext4 subsystem
[   12.886472] EXT4-fs (mmcblk0p1): recovery complete
[   12.891252] EXT4-fs (mmcblk0p1): mounted filesystem with ordered data mode. Opts: (null)
[   12.899362] VFS: Mounted root (ext3 filesystem) on device 179:1.
[   12.907217] devtmpfs: mounted
[   12.910582] Freeing unused kernel memory: 472K (c06a5000 - c071b000)
bash: cannot set terminal process group (-1): Inappropriate ioctl for device
bash: no job control in this shell
I have no name!@(none):/# 