

U-Boot 2011.03 (Jun 11 2013 - 06:07:37)

T114
Board: NVIDIA Dalmore
DRAM:  2 GiB
MMC:   Tegra2 SD/MMC: 0, Tegra2 SD/MMC: 1
In:    serial
Out:   serial
Err:   serial
Net:   Net Initialization Skipped
No ethernet found.
Hit any key to stop autoboot:  2  0 
Dalmore #
Dalmore #usb reset
(Re)start USB...
USB:   Register 10011 NbrPorts 1
USB EHCI 1.10
scanning bus for devices... 2 USB Device(s) found
       scanning bus for storage devices... 0 Storage Device(s) found
       scanning bus for ethernet devices... 1 Ethernet Device(s) found
Dalmore #setenv bootargs 'ignore_loglevel console=ttyS0,115200n8 rw root=/dev/mmcblk0p1 rootwait gpt init=/bin/bash'
Dalmore #setenv ipaddr 192.168.100.100; setenv serverip 192.168.100.1; setenv tftpserverip 192.168.100.1
Dalmore #tftpboot 0x81000000 zImage.tegra_defconfig
Waiting for Ethernet connection... done.
Using asx0 device
TFTP from server 192.168.100.1; our IP address is 192.168.100.100
Filename 'zImage.tegra_defconfig'.
Load address: 0x81000000
Loading: *#################################################  2.8 MiB/s
done
Bytes transferred = 4353352 (426d48 hex)
Dalmore #tftpboot 0x82000000 tegra114-dalmore.dtb
Using asx0 device
TFTP from server 192.168.100.1; our IP address is 192.168.100.100
Filename 'tegra114-dalmore.dtb'.
Load address: 0x82000000
Loading: *#################################################  2.6 MiB/s
done
Bytes transferred = 27540 (6b94 hex)
Dalmore #bootz 0x81000000 - 0x82000000
## Flattened Device Tree blob at 82000000
   Booting using the fdt blob at 0x82000000
   Loading Device Tree to 81ff6000, end 81fffb93 ... OK

Starting kernel ...

Timer summary in microseconds:
       Mark    Elapsed  Stage
          0          0  awake
  2,354,802  2,354,802  usb_start
  6,357,845  4,003,043  eth_start
  6,357,843         -2  tftp start
 10,326,424  3,968,581  tftp done
 12,369,901  2,043,477  start_kernel
[    0.000000] Booting Linux on physical CPU 0x0
[    0.000000] Initializing cgroup subsys cpu
[    0.000000] Initializing cgroup subsys cpuacct
[    0.000000] Linux version 3.11.0-rc2-next-20130723-12654-gb46cfb3 (pwalmsley@tamien) (gcc version 4.5.1 (Sourcery G++ Lite 2010.09-50) ) #1 SMP PREEMPT Tue Jul 23 14:27:01 PDT 2013
[    0.000000] CPU: ARMv7 Processor [412fc0f2] revision 2 (ARMv7), cr=10c5387d
[    0.000000] CPU: PIPT / VIPT nonaliasing data cache, PIPT instruction cache
[    0.000000] Machine: NVIDIA Tegra SoC (Flattened Device Tree), model: NVIDIA Tegra114 Dalmore evaluation board
[    0.000000] debug: ignoring loglevel setting.
[    0.000000] Memory policy: ECC disabled, Data cache writealloc
[    0.000000] On node 0 totalpages: 524032
[    0.000000] free_area_init_node: node 0, pgdat c080de40, node_mem_map c0865000
[    0.000000]   Normal zone: 1520 pages used for memmap
[    0.000000]   Normal zone: 0 pages reserved
[    0.000000]   Normal zone: 194560 pages, LIFO batch:31
[    0.000000]   HighMem zone: 2574 pages used for memmap
[    0.000000]   HighMem zone: 329472 pages, LIFO batch:31
[    0.000000] Tegra Revision: A01 SKU: 0 CPU Process: 1 Core Process: 1
[    0.000000] PERCPU: Embedded 8 pages/cpu @c187c000 s9536 r8192 d15040 u32768
[    0.000000] pcpu-alloc: s9536 r8192 d15040 u32768 alloc=8*4096
[    0.000000] pcpu-alloc: [0] 0 [0] 1 [0] 2 [0] 3 
[    0.000000] Built 1 zonelists in Zone order, mobility grouping on.  Total pages: 522512
[    0.000000] Kernel command line: ignore_loglevel console=ttyS0,115200n8 rw root=/dev/mmcblk0p1 rootwait gpt init=/bin/bash
[    0.000000] PID hash table entries: 4096 (order: 2, 16384 bytes)
[    0.000000] Dentry cache hash table entries: 131072 (order: 7, 524288 bytes)
[    0.000000] Inode-cache hash table entries: 65536 (order: 6, 262144 bytes)
[    0.000000] Memory: 2070088K/2096128K available (5919K kernel code, 301K rwdata, 1752K rodata, 237K init, 342K bss, 26040K reserved, 1317888K highmem)
[    0.000000] Virtual kernel memory layout:
[    0.000000]     vector  : 0xffff0000 - 0xffff1000   (   4 kB)
[    0.000000]     fixmap  : 0xfff00000 - 0xfffe0000   ( 896 kB)
[    0.000000]     vmalloc : 0xf0000000 - 0xff000000   ( 240 MB)
[    0.000000]     lowmem  : 0xc0000000 - 0xef800000   ( 760 MB)
[    0.000000]     pkmap   : 0xbfe00000 - 0xc0000000   (   2 MB)
[    0.000000]     modules : 0xbf000000 - 0xbfe00000   (  14 MB)
[    0.000000]       .text : 0xc0008000 - 0xc0786274   (7673 kB)
[    0.000000]       .init : 0xc0787000 - 0xc07c2540   ( 238 kB)
[    0.000000]       .data : 0xc07c4000 - 0xc080f520   ( 302 kB)
[    0.000000]        .bss : 0xc080f520 - 0xc0864d88   ( 343 kB)
[    0.000000] Preemptible hierarchical RCU implementation.
[    0.000000] NR_IRQS:16 nr_irqs:16 16
[    0.000000] sched_clock: 32 bits at 1000kHz, resolution 1000ns, wraps every 4294967ms
[    0.000000] Architected local timer running at 12.00MHz (virt).
[    0.000000] Switching to timer-based delay loop
[    0.000000] sched_clock: ARM arch timer >56 bits at 12000kHz, resolution 83ns
[    0.000000] Console: colour dummy device 80x30
[   12.625732] Calibrating delay loop (skipped), value calculated using timer frequency.. 24.00 BogoMIPS (lpj=120000)
[   12.625749] pid_max: default: 32768 minimum: 301
[   12.626202] Mount-cache hash table entries: 512
[   12.643865] Initializing cgroup subsys debug
[   12.643882] Initializing cgroup subsys freezer
[   12.643936] CPU: Testing write buffer coherency: ok
[   12.644268] /cpus/cpu@0 missing clock-frequency property
[   12.644280] /cpus/cpu@1 missing clock-frequency property
[   12.644290] /cpus/cpu@2 missing clock-frequency property
[   12.644299] /cpus/cpu@3 missing clock-frequency property
[   12.644313] CPU0: thread -1, cpu 0, socket 0, mpidr 80000000
[   12.644351] Setting up static identity map for 0xc05a1a30 - 0xc05a1ac8
[   12.695874] CPU1: Booted secondary processor
[   12.695902] CPU1: thread -1, cpu 1, socket 0, mpidr 80000001
[   12.715811] CPU2: Booted secondary processor
[   12.715836] CPU2: thread -1, cpu 2, socket 0, mpidr 80000002
[   12.735734] CPU3: Booted secondary processor
[   12.735759] CPU3: thread -1, cpu 3, socket 0, mpidr 80000003
[   12.735868] Brought up 4 CPUs
[   12.735898] SMP: Total of 4 processors activated (96.00 BogoMIPS).
[   12.735905] CPU: All CPU(s) started in SVC mode.
[   12.736922] devtmpfs: initialized
[   12.749627] VFP support v0.3: implementor 41 architecture 4 part 30 variant f rev 0
[   12.750011] pinctrl core: initialized pinctrl subsystem
[   12.750549] regulator-dummy: no parameters
[   12.751052] NET: Registered protocol family 16
[   12.751324] DMA: preallocated 256 KiB pool for atomic coherent allocations
[   12.752099] cpuidle: using governor ladder
[   12.752110] cpuidle: using governor menu
[   12.762875] No ATAGs?
[   12.762904] hw-breakpoint: found 5 (+1 reserved) breakpoint and 4 watchpoint registers.
[   12.762913] hw-breakpoint: maximum watchpoint size is 8 bytes.
[   12.773764] bio: create slab <bio-0> at 0
[   12.775069] vdd_ac_bat: 5000 mV 
[   12.775380] dvdd_ts: Failed to request enable GPIO61: -517
[   12.775544] reg-fixed-voltage 1.regulator: Failed to register regulator: -517
[   12.775567] platform 1.regulator: Driver reg-fixed-voltage requests probe deferral
[   12.775766] lcd_bl_en: Failed to request enable GPIO58: -517
[   12.775917] reg-fixed-voltage 2.regulator: Failed to register regulator: -517
[   12.775939] platform 2.regulator: Driver reg-fixed-voltage requests probe deferral
[   12.776135] usb1_vbus: Failed to request enable GPIO108: -517
[   12.776282] reg-fixed-voltage 3.regulator: Failed to register regulator: -517
[   12.776303] platform 3.regulator: Driver reg-fixed-voltage requests probe deferral
[   12.776499] usb2_vbus: Failed to request enable GPIO86: -517
[   12.776644] reg-fixed-voltage 4.regulator: Failed to register regulator: -517
[   12.776665] platform 4.regulator: Driver reg-fixed-voltage requests probe deferral
[   12.776860] vdd_hdmi_5v0: Failed to request enable GPIO81: -517
[   12.777005] reg-fixed-voltage 5.regulator: Failed to register regulator: -517
[   12.777026] platform 5.regulator: Driver reg-fixed-voltage requests probe deferral
[   12.777108] platform 6.regulator: Driver reg-fixed-voltage requests probe deferral
[   12.778224] vgaarb: loaded
[   12.779340] SCSI subsystem initialized
[   12.779718] usbcore: registered new interface driver usbfs
[   12.779822] usbcore: registered new interface driver hub
[   12.779983] usbcore: registered new device driver usb
[   12.783892] vdd-cpu: 500 <--> 1520 mV at 1100 mV 
[   12.784540] tps65090 1-0048: No cache defaults, reading back from HW
[   12.790901] vdd-sys-5v0: no parameters
[   12.790951] vdd-sys-5v0: supplied by vdd_ac_bat
[   12.792417] vdd-sys-3v3: no parameters
[   12.792455] vdd-sys-3v3: supplied by vdd_ac_bat
[   12.793889] vdd-ao: no parameters
[   12.793928] vdd-ao: supplied by vdd_ac_bat
[   12.794197] vdd-lcd-bl: no parameters
[   12.794234] vdd-lcd-bl: supplied by vdd_ac_bat
[   12.794480] TPS65090_RAILSFET2: no parameters
[   12.794516] TPS65090_RAILSFET2: supplied by vdd_ac_bat
[   12.794791] vdd-modem-3v3: no parameters
[   12.794837] vdd-modem-3v3: supplied by vdd-sys-3v3
[   12.795106] avdd-lcd: no parameters
[   12.795140] avdd-lcd: supplied by vdd-sys-3v3
[   12.795390] vdd-lvds: no parameters
[   12.795422] vdd-lvds: supplied by vdd-sys-3v3
[   12.795691] vdd-sd-slot: no parameters
[   12.795724] vdd-sd-slot: supplied by vdd-sys-3v3
[   12.795991] vdd-com-3v3: no parameters
[   12.796026] vdd-com-3v3: supplied by vdd-sys-3v3
[   12.796282] vdd-sby-5v0: no parameters
[   12.796316] vdd-sby-5v0: supplied by vdd_ac_bat
[   12.796565] vdd-sby-3v3: no parameters
[   12.796598] vdd-sby-3v3: supplied by vdd_ac_bat
[   12.797380] palmas 1-0058: Irq flag is 0x00000004
[   12.805854] palmas 1-0058: Muxing GPIO ff, PWM 0, LED 0
[   12.814755] vddio-ddr: 1350 mV 
[   12.815604] vddio-ddr: supplied by vdd-ao
[   12.822557] vddio-1v8: 1800 mV 
[   12.823398] vddio-1v8: supplied by vdd-ao
[   12.830339] vdd-core: 900 <--> 1400 mV at 1100 mV 
[   12.831179] vdd-core: supplied by vdd-sys-3v3
[   12.835376] SMPS6: no parameters
[   12.843079] avdd-pll: 1050 mV 
[   12.843917] avdd-pll: supplied by vdd-sys-3v3
[   12.852250] sdhci-vdd-sd-slot: 2800 mV 
[   12.853093] sdhci-vdd-sd-slot: supplied by vdd-sys-3v3
[   12.854931] SMPS10: at 5000 mV 
[   12.857531] avdd-cam1: 2800 mV 
[   12.858369] avdd-cam1: supplied by vdd-sys-3v3
[   12.862369] avdd-cam2: 2800 mV 
[   12.863204] avdd-cam2: supplied by vdd-sys-3v3
[   12.867997] avdd-dsi-csi: 1200 mV 
[   12.868836] avdd-dsi-csi: supplied by vddio-1v8
[   12.873612] vpp-fuse: 1800 mV 
[   12.874447] vpp-fuse: supplied by vdd-sys-3v3
[   12.877685] LDO5: at 1200 mV 
[   12.878527] LDO5: supplied by vdd_ac_bat
[   12.881150] vdd-sensor-2v85: 2850 mV 
[   12.881989] vdd-sensor-2v85: supplied by vdd-sys-3v3
[   12.885999] vdd-af-cam1: 2800 mV 
[   12.886840] vdd-af-cam1: supplied by vdd-sys-3v3
[   12.894940] vdd-rtc: 900 mV 
[   12.895777] vdd-rtc: supplied by vdd-ao
[   12.899790] vddio-sdmmc-2: 1800 <--> 3300 mV at 3300 mV 
[   12.900628] vddio-sdmmc-2: supplied by sdhci-vdd-sd-slot
[   12.905407] hvdd-usb: 3300 mV 
[   12.906245] hvdd-usb: supplied by vdd-sys-5v0
[   12.911040] avdd-usb: 3300 mV 
[   12.911879] avdd-usb: supplied by vdd-sys-5v0
[   12.915086] rail-3v3: no parameters
[   12.917489] rail-5v0: no parameters
[   12.919063] REGEN3: no parameters
[   12.919294] SYSEN1: no parameters
[   12.919571] SYSEN2: no parameters
[   12.920015] Linux video capture interface: v2.00
[   12.920727] platform 7000f010.iommu: Driver tegra-smmu requests probe deferral
[   12.921023] Advanced Linux Sound Architecture Driver Initialized.
[   12.921794] Bluetooth: Core ver 2.16
[   12.921865] NET: Registered protocol family 31
[   12.921873] Bluetooth: HCI device and connection manager initialized
[   12.921898] Bluetooth: HCI socket layer initialized
[   12.921920] Bluetooth: L2CAP socket layer initialized
[   12.921976] Bluetooth: SCO socket layer initialized
[   12.922715] cfg80211: Calling CRDA to update world regulatory domain
[   12.923832] Switched to clocksource arch_sys_counter
[   12.938235] NET: Registered protocol family 2
[   12.939153] TCP established hash table entries: 8192 (order: 4, 65536 bytes)
[   12.939359] TCP bind hash table entries: 8192 (order: 4, 65536 bytes)
[   12.939536] TCP: Hash tables configured (established 8192 bind 8192)
[   12.939988] TCP: reno registered
[   12.940004] UDP hash table entries: 512 (order: 2, 16384 bytes)
[   12.940046] UDP-Lite hash table entries: 512 (order: 2, 16384 bytes)
[   12.940460] NET: Registered protocol family 1
[   12.941170] RPC: Registered named UNIX socket transport module.
[   12.941181] RPC: Registered udp transport module.
[   12.941189] RPC: Registered tcp transport module.
[   12.941197] RPC: Registered tcp NFSv4.1 backchannel transport module.
[   12.941209] PCI: CLS 0 bytes, default 64
[   12.945006] bounce pool size: 64 pages
[   12.946684] squashfs: version 4.0 (2009/01/31) Phillip Lougher
[   12.947506] msgmni has been set to 1469
[   12.949127] io scheduler noop registered (default)
[   12.960489] tegra-apbdma 6000a000.dma: Tegra20 APB DMA driver register 32 channels
[   12.960992] Serial: 8250/16550 driver, 4 ports, IRQ sharing disabled
[   12.963074] 70006300.serial: ttyS0 at MMIO 0x70006300 (irq = 122) is a Tegra
[   13.974385] console [ttyS0] enabled
[   13.978713] [drm] Initialized drm 1.1.0 20060810
[   13.989229] loop: module loaded
[   13.995034] m25p80 spi32766.0: w25q32dw (4096 Kbytes)
[   14.001912] pegasus: v0.9.3 (2013/04/25), Pegasus/Pegasus II USB Ethernet driver
[   14.009345] usbcore: registered new interface driver pegasus
[   14.015095] usbcore: registered new interface driver asix
[   14.020553] usbcore: registered new interface driver ax88179_178a
[   14.026677] usbcore: registered new interface driver cdc_ether
[   14.032584] usbcore: registered new interface driver r815x
[   14.038128] usbcore: registered new interface driver smsc75xx
[   14.043945] usbcore: registered new interface driver smsc95xx
[   14.049750] usbcore: registered new interface driver net1080
[   14.055443] usbcore: registered new interface driver cdc_subset
[   14.061416] usbcore: registered new interface driver zaurus
[   14.067057] usbcore: registered new interface driver cdc_ncm
[   14.072740] ehci_hcd: USB 2.0 'Enhanced' Host Controller (EHCI) Driver
[   14.079246] ehci-pci: EHCI PCI platform driver
[   14.083733] tegra-ehci: Tegra EHCI driver
[   14.087950] usbcore: registered new interface driver cdc_acm
[   14.093589] cdc_acm: USB Abstract Control Model driver for USB modems and ISDN adapters
[   14.101637] usbcore: registered new interface driver cdc_wdm
[   14.107354] usbcore: registered new interface driver usb-storage
[   14.113945] mousedev: PS/2 mouse device common for all mice
[   14.131538] palmas-rtc rtc.7: rtc core: registered rtc.7 as rtc0
[   14.141906] tegra_rtc 7000e000.rtc: rtc core: registered 7000e000.rtc as rtc1
[   14.149048] tegra_rtc 7000e000.rtc: Tegra internal Real Time Clock
[   14.156671] sbs-battery 0-000b: sbs_probe: Failed to get device status
[   14.163204] sbs-battery: probe of 0-000b failed with error -121
[   14.172762] sdhci: Secure Digital Host Controller Interface driver
[   14.178926] sdhci: Copyright(c) Pierre Ossman
[   14.183257] sdhci-pltfm: SDHCI platform and OF driver helper
[   14.189324] sdhci-tegra 78000400.sdhci: Got CD GPIO #170.
[   14.195749] mmc0: no vqmmc regulator found
[   14.199849] mmc0: no vmmc regulator found
[   14.203836] mmc0: Invalid maximum block size, assuming 512 bytes
[   14.248533] mmc0: SDHCI controller on 78000400.sdhci [78000400.sdhci] using ADMA
[   14.258084] mmc1: no vqmmc regulator found
[   14.262182] mmc1: no vmmc regulator found
[   14.266168] mmc1: Invalid maximum block size, assuming 512 bytes
[   14.308290] mmc1: SDHCI controller on 78000600.sdhci [78000600.sdhci] using ADMA
[   14.316333] usbcore: registered new interface driver usbhid
[   14.323934] usbhid: USB HID core driver
[   14.440038] mmc1: BKOPS_EN bit is not set
[   14.470457] mmc1: new HS200 MMC card at address 0001
[   14.475982] mmcblk0: mmc1:0001 SEM32G 29.1 GiB 
[   14.480829] mmcblk0boot0: mmc1:0001 SEM32G partition 1 4.00 MiB
[   14.487020] mmcblk0boot1: mmc1:0001 SEM32G partition 2 4.00 MiB
[   14.493201] mmcblk0rpmb: mmc1:0001 SEM32G partition 3 4.00 MiB
[   14.501504] Primary GPT is invalid, using alternate GPT.
[   14.506807]  mmcblk0: p1 p2 p3 p4 p5
[   14.513738]  mmcblk0boot1: unknown partition table
[   14.520179]  mmcblk0boot0: unknown partition table
[   14.777468] tegra-snd-rt5640 sound.4:  rt5640-aif1 <-> 70080400.i2s mapping ok
[   14.786026] input: NVIDIA Tegra Dalmore Headphones as /devices/soc0/sound.4/sound/card0/input0
[   14.796214] TCP: cubic registered
[   14.799824] NET: Registered protocol family 10
[   14.805625] mip6: Mobile IPv6
[   14.808602] sit: IPv6 over IPv4 tunneling driver
[   14.814862] NET: Registered protocol family 17
[   14.819343] NET: Registered protocol family 15
[   14.823934] Bluetooth: RFCOMM socket layer initialized
[   14.829066] Bluetooth: RFCOMM ver 1.11
[   14.832794] Bluetooth: BNEP (Ethernet Emulation) ver 1.3
[   14.838105] Bluetooth: BNEP socket layer initialized
[   14.843040] Bluetooth: HIDP (Human Interface Emulation) ver 1.2
[   14.848955] Bluetooth: HIDP socket layer initialized
[   14.854598] Registering SWP/SWPB emulation handler
[   14.864195] hvdd-usb: disabling
[   14.869972] vdd-af-cam1: disabling
[   14.876055] vdd-sensor-2v85: disabling
[   14.882294] LDO5: disabling
[   14.887775] vpp-fuse: disabling
[   14.893407] avdd-cam2: disabling
[   14.898850] avdd-cam1: disabling
[   14.905149] vdd-com-3v3: disabling
[   14.909294] vdd-lvds: disabling
[   14.913148] avdd-lcd: disabling
[   14.917041] vdd-lcd-bl: disabling
[   14.922112] dvdd_ts: 1800 mV 
[   14.925586] lcd_bl_en: 5000 mV 
[   14.929325] usb1_vbus: 5000 mV 
[   14.932521] usb1_vbus: supplied by vdd-sys-5v0
[   14.937390] usb2_vbus: 5000 mV 
[   14.940545] usb2_vbus: supplied by vdd-sys-5v0
[   14.945321] vdd_hdmi_5v0: 5000 mV 
[   14.948752] vdd_hdmi_5v0: supplied by vdd-sys-5v0
[   14.953662] platform 6.regulator: Driver reg-fixed-voltage requests probe deferral
[   14.961672] platform 6.regulator: Driver reg-fixed-voltage requests probe deferral
[   14.970449] input: gpio-keys.2 as /devices/soc0/gpio-keys.2/input/input1
[   14.977750] platform 6.regulator: Driver reg-fixed-voltage requests probe deferral
[   14.988706] palmas-rtc rtc.7: setting system clock to 2000-01-02 16:49:23 UTC (946831763)
[   14.997355] ALSA device list:
[   15.000313]   #0: NVIDIA Tegra Dalmore
[   15.014437] kjournald starting.  Commit interval 5 seconds
[   15.016222] EXT3-fs (mmcblk0p1): using internal journal
[   15.016243] EXT3-fs (mmcblk0p1): recovery complete
[   15.016248] EXT3-fs (mmcblk0p1): mounted filesystem with writeback data mode
[   15.016338] VFS: Mounted root (ext3 filesystem) on device 179:1.
[   15.017513] devtmpfs: mounted
[   15.017815] Freeing unused kernel memory: 236K (c0787000 - c07c2000)
bash: cannot set terminal process group (-1): Inappropriate ioctl for device
bash: no job control in this shell
I have no name!@(none):/# 