

U-Boot 2011.03 (Jun 11 2013 - 06:07:37)

T114
Board: NVIDIA Dalmore
DRAM:  2 GiB
MMC:   Tegra2 SD/MMC: 0, Tegra2 SD/MMC: 1
In:    serial
Out:   serial
Err:   serial
Net:   Net Initialization Skipped
No ethernet found.
Hit any key to stop autoboot:  2  1  0 
Dalmore #
Dalmore #usb reset
(Re)start USB...
USB:   Register 10011 NbrPorts 1
USB EHCI 1.10
scanning bus for devices... 2 USB Device(s) found
       scanning bus for storage devices... 0 Storage Device(s) found
       scanning bus for ethernet devices... 1 Ethernet Device(s) found
Dalmore #setenv bootargs 'ignore_loglevel console=ttyS0,115200n8 rw root=/dev/mmcblk0p1 rootwait gpt init=/bin/bash'
Dalmore #setenv ipaddr 192.168.100.100; setenv serverip 192.168.100.1; setenv tftpserverip 192.168.100.1
Dalmore #tftpboot 0x81000000 zImage.tegra_defconfig%tegra20,114_mergeconfig
Waiting for Ethernet connection... done.
Using asx0 device
TFTP from server 192.168.100.1; our IP address is 192.168.100.100
Filename 'zImage.tegra_defconfig%tegra20,114_mergeconfig'.
Load address: 0x81000000
Loading: *#################################################  2.8 MiB/s
done
Bytes transferred = 4332664 (421c78 hex)
Dalmore #tftpboot 0x82000000 tegra114-dalmore.dtb
Using asx0 device
TFTP from server 192.168.100.1; our IP address is 192.168.100.100
Filename 'tegra114-dalmore.dtb'.
Load address: 0x82000000
Loading: *#################################################  2.6 MiB/s
done
Bytes transferred = 27540 (6b94 hex)
Dalmore #bootz 0x81000000 - 0x82000000
## Flattened Device Tree blob at 82000000
   Booting using the fdt blob at 0x82000000
   Loading Device Tree to 81ff6000, end 81fffb93 ... OK

Starting kernel ...

Timer summary in microseconds:
       Mark    Elapsed  Stage
          0          0  awake
  3,039,943  3,039,943  usb_start
  7,045,073  4,005,130  eth_start
  7,045,070         -3  tftp start
 11,018,695  3,973,625  tftp done
 13,055,053  2,036,358  start_kernel
[    0.000000] Booting Linux on physical CPU 0x0
[    0.000000] Initializing cgroup subsys cpu
[    0.000000] Initializing cgroup subsys cpuacct
[    0.000000] Linux version 3.11.0-rc2-next-20130729-13889-ga54a4d5 (pwalmsley@tamien) (gcc version 4.5.1 (Sourcery G++ Lite 2010.09-50) ) #1 SMP PREEMPT Mon Jul 29 00:20:16 PDT 2013
[    0.000000] CPU: ARMv7 Processor [412fc0f2] revision 2 (ARMv7), cr=10c5387d
[    0.000000] CPU: PIPT / VIPT nonaliasing data cache, PIPT instruction cache
[    0.000000] Machine: NVIDIA Tegra SoC (Flattened Device Tree), model: NVIDIA Tegra114 Dalmore evaluation board
[    0.000000] debug: ignoring loglevel setting.
[    0.000000] Memory policy: ECC disabled, Data cache writealloc
[    0.000000] On node 0 totalpages: 524032
[    0.000000] free_area_init_node: node 0, pgdat c07fa5c0, node_mem_map c0851000
[    0.000000]   Normal zone: 1520 pages used for memmap
[    0.000000]   Normal zone: 0 pages reserved
[    0.000000]   Normal zone: 194560 pages, LIFO batch:31
[    0.000000]   HighMem zone: 2574 pages used for memmap
[    0.000000]   HighMem zone: 329472 pages, LIFO batch:31
[    0.000000] Tegra Revision: A01 SKU: 0 CPU Process: 1 Core Process: 1
[    0.000000] PERCPU: Embedded 8 pages/cpu @c1868000 s9216 r8192 d15360 u32768
[    0.000000] pcpu-alloc: s9216 r8192 d15360 u32768 alloc=8*4096
[    0.000000] pcpu-alloc: [0] 0 [0] 1 [0] 2 [0] 3 
[    0.000000] Built 1 zonelists in Zone order, mobility grouping on.  Total pages: 522512
[    0.000000] Kernel command line: ignore_loglevel console=ttyS0,115200n8 rw root=/dev/mmcblk0p1 rootwait gpt init=/bin/bash
[    0.000000] PID hash table entries: 4096 (order: 2, 16384 bytes)
[    0.000000] Dentry cache hash table entries: 131072 (order: 7, 524288 bytes)
[    0.000000] Inode-cache hash table entries: 65536 (order: 6, 262144 bytes)
[    0.000000] Memory: 2070168K/2096128K available (5911K kernel code, 287K rwdata, 1712K rodata, 225K init, 340K bss, 25960K reserved, 1317888K highmem)
[    0.000000] Virtual kernel memory layout:
[    0.000000]     vector  : 0xffff0000 - 0xffff1000   (   4 kB)
[    0.000000]     fixmap  : 0xfff00000 - 0xfffe0000   ( 896 kB)
[    0.000000]     vmalloc : 0xf0000000 - 0xff000000   ( 240 MB)
[    0.000000]     lowmem  : 0xc0000000 - 0xef800000   ( 760 MB)
[    0.000000]     pkmap   : 0xbfe00000 - 0xc0000000   (   2 MB)
[    0.000000]     modules : 0xbf000000 - 0xbfe00000   (  14 MB)
[    0.000000]       .text : 0xc0008000 - 0xc077a1b4   (7625 kB)
[    0.000000]       .init : 0xc077b000 - 0xc07b3400   ( 225 kB)
[    0.000000]       .data : 0xc07b4000 - 0xc07fbca0   ( 288 kB)
[    0.000000]        .bss : 0xc07fbca0 - 0xc0850d88   ( 341 kB)
[    0.000000] Preemptible hierarchical RCU implementation.
[    0.000000] NR_IRQS:16 nr_irqs:16 16
[    0.000000] sched_clock: 32 bits at 1000kHz, resolution 1000ns, wraps every 4294967ms
[    0.000000] Architected local timer running at 12.00MHz (virt).
[    0.000000] Switching to timer-based delay loop
[    0.000000] sched_clock: ARM arch timer >56 bits at 12000kHz, resolution 83ns
[    0.000000] Console: colour dummy device 80x30
[   13.302529] Calibrating delay loop (skipped), value calculated using timer frequency.. 24.00 BogoMIPS (lpj=120000)
[   13.302545] pid_max: default: 32768 minimum: 301
[   13.302994] Mount-cache hash table entries: 512
[   13.320659] Initializing cgroup subsys debug
[   13.320676] Initializing cgroup subsys freezer
[   13.320729] CPU: Testing write buffer coherency: ok
[   13.321058] /cpus/cpu@0 missing clock-frequency property
[   13.321070] /cpus/cpu@1 missing clock-frequency property
[   13.321079] /cpus/cpu@2 missing clock-frequency property
[   13.321088] /cpus/cpu@3 missing clock-frequency property
[   13.321102] CPU0: thread -1, cpu 0, socket 0, mpidr 80000000
[   13.321136] Setting up static identity map for 0xc059f0a8 - 0xc059f140
[   13.372766] CPU1: Booted secondary processor
[   13.372796] CPU1: thread -1, cpu 1, socket 0, mpidr 80000001
[   13.392703] CPU2: Booted secondary processor
[   13.392727] CPU2: thread -1, cpu 2, socket 0, mpidr 80000002
[   13.412629] CPU3: Booted secondary processor
[   13.412655] CPU3: thread -1, cpu 3, socket 0, mpidr 80000003
[   13.412762] Brought up 4 CPUs
[   13.412789] SMP: Total of 4 processors activated (96.00 BogoMIPS).
[   13.412796] CPU: All CPU(s) started in SVC mode.
[   13.413813] devtmpfs: initialized
[   13.426477] VFP support v0.3: implementor 41 architecture 4 part 30 variant f rev 0
[   13.426858] pinctrl core: initialized pinctrl subsystem
[   13.427399] regulator-dummy: no parameters
[   13.427895] NET: Registered protocol family 16
[   13.428164] DMA: preallocated 256 KiB pool for atomic coherent allocations
[   13.428929] cpuidle: using governor ladder
[   13.428940] cpuidle: using governor menu
[   13.439647] No ATAGs?
[   13.439675] hw-breakpoint: found 5 (+1 reserved) breakpoint and 4 watchpoint registers.
[   13.439685] hw-breakpoint: maximum watchpoint size is 8 bytes.
[   13.450400] bio: create slab <bio-0> at 0
[   13.451708] vdd_ac_bat: 5000 mV 
[   13.452011] dvdd_ts: Failed to request enable GPIO61: -517
[   13.452175] reg-fixed-voltage 1.regulator: Failed to register regulator: -517
[   13.452199] platform 1.regulator: Driver reg-fixed-voltage requests probe deferral
[   13.452396] lcd_bl_en: Failed to request enable GPIO58: -517
[   13.452543] reg-fixed-voltage 2.regulator: Failed to register regulator: -517
[   13.452564] platform 2.regulator: Driver reg-fixed-voltage requests probe deferral
[   13.452761] usb1_vbus: Failed to request enable GPIO108: -517
[   13.452905] reg-fixed-voltage 3.regulator: Failed to register regulator: -517
[   13.452926] platform 3.regulator: Driver reg-fixed-voltage requests probe deferral
[   13.453120] usb2_vbus: Failed to request enable GPIO86: -517
[   13.453262] reg-fixed-voltage 4.regulator: Failed to register regulator: -517
[   13.453283] platform 4.regulator: Driver reg-fixed-voltage requests probe deferral
[   13.453477] vdd_hdmi_5v0: Failed to request enable GPIO81: -517
[   13.453618] reg-fixed-voltage 5.regulator: Failed to register regulator: -517
[   13.453639] platform 5.regulator: Driver reg-fixed-voltage requests probe deferral
[   13.453722] platform 6.regulator: Driver reg-fixed-voltage requests probe deferral
[   13.454824] vgaarb: loaded
[   13.455928] SCSI subsystem initialized
[   13.456307] usbcore: registered new interface driver usbfs
[   13.456408] usbcore: registered new interface driver hub
[   13.456570] usbcore: registered new device driver usb
[   13.460464] vdd-cpu: 500 <--> 1520 mV at 1100 mV 
[   13.461111] tps65090 1-0048: No cache defaults, reading back from HW
[   13.467471] vdd-sys-5v0: no parameters
[   13.467521] vdd-sys-5v0: supplied by vdd_ac_bat
[   13.468987] vdd-sys-3v3: no parameters
[   13.469024] vdd-sys-3v3: supplied by vdd_ac_bat
[   13.470459] vdd-ao: no parameters
[   13.470494] vdd-ao: supplied by vdd_ac_bat
[   13.470764] vdd-lcd-bl: no parameters
[   13.470800] vdd-lcd-bl: supplied by vdd_ac_bat
[   13.471046] TPS65090_RAILSFET2: no parameters
[   13.471080] TPS65090_RAILSFET2: supplied by vdd_ac_bat
[   13.471338] vdd-modem-3v3: no parameters
[   13.471371] vdd-modem-3v3: supplied by vdd-sys-3v3
[   13.471668] avdd-lcd: no parameters
[   13.471704] avdd-lcd: supplied by vdd-sys-3v3
[   13.471955] vdd-lvds: no parameters
[   13.471987] vdd-lvds: supplied by vdd-sys-3v3
[   13.472251] vdd-sd-slot: no parameters
[   13.472283] vdd-sd-slot: supplied by vdd-sys-3v3
[   13.472554] vdd-com-3v3: no parameters
[   13.472587] vdd-com-3v3: supplied by vdd-sys-3v3
[   13.472840] vdd-sby-5v0: no parameters
[   13.472872] vdd-sby-5v0: supplied by vdd_ac_bat
[   13.473119] vdd-sby-3v3: no parameters
[   13.473151] vdd-sby-3v3: supplied by vdd_ac_bat
[   13.473925] palmas 1-0058: Irq flag is 0x00000004
[   13.482398] palmas 1-0058: Muxing GPIO ff, PWM 0, LED 0
[   13.491289] vddio-ddr: 1350 mV 
[   13.492136] vddio-ddr: supplied by vdd-ao
[   13.499094] vddio-1v8: 1800 mV 
[   13.499935] vddio-1v8: supplied by vdd-ao
[   13.506870] vdd-core: 900 <--> 1400 mV at 1100 mV 
[   13.507711] vdd-core: supplied by vdd-sys-3v3
[   13.511905] SMPS6: no parameters
[   13.519609] avdd-pll: 1050 mV 
[   13.520449] avdd-pll: supplied by vdd-sys-3v3
[   13.528777] sdhci-vdd-sd-slot: 2800 mV 
[   13.529618] sdhci-vdd-sd-slot: supplied by vdd-sys-3v3
[   13.531462] SMPS10: at 5000 mV 
[   13.534061] avdd-cam1: 2800 mV 
[   13.534899] avdd-cam1: supplied by vdd-sys-3v3
[   13.538899] avdd-cam2: 2800 mV 
[   13.539737] avdd-cam2: supplied by vdd-sys-3v3
[   13.544532] avdd-dsi-csi: 1200 mV 
[   13.545371] avdd-dsi-csi: supplied by vddio-1v8
[   13.550149] vpp-fuse: 1800 mV 
[   13.550987] vpp-fuse: supplied by vdd-sys-3v3
[   13.554211] LDO5: at 1200 mV 
[   13.555053] LDO5: supplied by vdd_ac_bat
[   13.557674] vdd-sensor-2v85: 2850 mV 
[   13.558511] vdd-sensor-2v85: supplied by vdd-sys-3v3
[   13.562523] vdd-af-cam1: 2800 mV 
[   13.563362] vdd-af-cam1: supplied by vdd-sys-3v3
[   13.571466] vdd-rtc: 900 mV 
[   13.572305] vdd-rtc: supplied by vdd-ao
[   13.576321] vddio-sdmmc-2: 1800 <--> 3300 mV at 3300 mV 
[   13.577161] vddio-sdmmc-2: supplied by sdhci-vdd-sd-slot
[   13.581939] hvdd-usb: 3300 mV 
[   13.582778] hvdd-usb: supplied by vdd-sys-5v0
[   13.587571] avdd-usb: 3300 mV 
[   13.588408] avdd-usb: supplied by vdd-sys-5v0
[   13.591611] rail-3v3: no parameters
[   13.594015] rail-5v0: no parameters
[   13.595592] REGEN3: no parameters
[   13.595811] SYSEN1: no parameters
[   13.596098] SYSEN2: no parameters
[   13.596534] Linux video capture interface: v2.00
[   13.597230] platform 7000f010.iommu: Driver tegra-smmu requests probe deferral
[   13.597524] Advanced Linux Sound Architecture Driver Initialized.
[   13.598281] Bluetooth: Core ver 2.16
[   13.598351] NET: Registered protocol family 31
[   13.598359] Bluetooth: HCI device and connection manager initialized
[   13.598384] Bluetooth: HCI socket layer initialized
[   13.598407] Bluetooth: L2CAP socket layer initialized
[   13.598463] Bluetooth: SCO socket layer initialized
[   13.599192] cfg80211: Calling CRDA to update world regulatory domain
[   13.600297] Switched to clocksource arch_sys_counter
[   13.614590] NET: Registered protocol family 2
[   13.615495] TCP established hash table entries: 8192 (order: 4, 65536 bytes)
[   13.615702] TCP bind hash table entries: 8192 (order: 4, 65536 bytes)
[   13.615878] TCP: Hash tables configured (established 8192 bind 8192)
[   13.616322] TCP: reno registered
[   13.616337] UDP hash table entries: 512 (order: 2, 16384 bytes)
[   13.616379] UDP-Lite hash table entries: 512 (order: 2, 16384 bytes)
[   13.616789] NET: Registered protocol family 1
[   13.617501] RPC: Registered named UNIX socket transport module.
[   13.617512] RPC: Registered udp transport module.
[   13.617519] RPC: Registered tcp transport module.
[   13.617526] RPC: Registered tcp NFSv4.1 backchannel transport module.
[   13.617538] PCI: CLS 0 bytes, default 64
[   13.621312] bounce pool size: 64 pages
[   13.622982] squashfs: version 4.0 (2009/01/31) Phillip Lougher
[   13.623806] msgmni has been set to 1469
[   13.625368] io scheduler noop registered (default)
[   13.636700] tegra-apbdma 6000a000.dma: Tegra20 APB DMA driver register 32 channels
[   13.637207] Serial: 8250/16550 driver, 4 ports, IRQ sharing disabled
[   13.639267] 70006300.serial: ttyS0 at MMIO 0x70006300 (irq = 122, base_baud = 25500000) is a Tegra
[   14.652414] console [ttyS0] enabled
[   14.656989] [drm] Initialized drm 1.1.0 20060810
[   14.667238] loop: module loaded
[   14.673005] m25p80 spi32766.0: w25q32dw (4096 Kbytes)
[   14.679874] pegasus: v0.9.3 (2013/04/25), Pegasus/Pegasus II USB Ethernet driver
[   14.687337] usbcore: registered new interface driver pegasus
[   14.693052] usbcore: registered new interface driver asix
[   14.698510] usbcore: registered new interface driver ax88179_178a
[   14.704633] usbcore: registered new interface driver cdc_ether
[   14.710545] usbcore: registered new interface driver r815x
[   14.716104] usbcore: registered new interface driver smsc75xx
[   14.721906] usbcore: registered new interface driver smsc95xx
[   14.727700] usbcore: registered new interface driver net1080
[   14.733393] usbcore: registered new interface driver cdc_subset
[   14.739364] usbcore: registered new interface driver zaurus
[   14.745017] usbcore: registered new interface driver cdc_ncm
[   14.750699] ehci_hcd: USB 2.0 'Enhanced' Host Controller (EHCI) Driver
[   14.757205] ehci-pci: EHCI PCI platform driver
[   14.761692] tegra-ehci: Tegra EHCI driver
[   14.765916] usbcore: registered new interface driver cdc_acm
[   14.771543] cdc_acm: USB Abstract Control Model driver for USB modems and ISDN adapters
[   14.779585] usbcore: registered new interface driver cdc_wdm
[   14.785307] usbcore: registered new interface driver usb-storage
[   14.791904] mousedev: PS/2 mouse device common for all mice
[   14.809506] palmas-rtc rtc.7: rtc core: registered rtc.7 as rtc0
[   14.819901] tegra_rtc 7000e000.rtc: rtc core: registered 7000e000.rtc as rtc1
[   14.827043] tegra_rtc 7000e000.rtc: Tegra internal Real Time Clock
[   14.834661] sbs-battery 0-000b: sbs_probe: Failed to get device status
[   14.841190] sbs-battery: probe of 0-000b failed with error -121
[   14.850765] sdhci: Secure Digital Host Controller Interface driver
[   14.856929] sdhci: Copyright(c) Pierre Ossman
[   14.861260] sdhci-pltfm: SDHCI platform and OF driver helper
[   14.867319] sdhci-tegra 78000400.sdhci: Got CD GPIO #170.
[   14.873746] mmc0: no vqmmc regulator found
[   14.877847] mmc0: no vmmc regulator found
[   14.881834] mmc0: Invalid maximum block size, assuming 512 bytes
[   14.925001] mmc0: SDHCI controller on 78000400.sdhci [78000400.sdhci] using ADMA
[   14.934552] mmc1: no vqmmc regulator found
[   14.938651] mmc1: no vmmc regulator found
[   14.942638] mmc1: Invalid maximum block size, assuming 512 bytes
[   14.984757] mmc1: SDHCI controller on 78000600.sdhci [78000600.sdhci] using ADMA
[   14.992786] usbcore: registered new interface driver usbhid
[   15.000390] usbhid: USB HID core driver
[   15.116469] mmc1: BKOPS_EN bit is not set
[   15.146884] mmc1: new HS200 MMC card at address 0001
[   15.152411] mmcblk0: mmc1:0001 SEM32G 29.1 GiB 
[   15.157263] mmcblk0boot0: mmc1:0001 SEM32G partition 1 4.00 MiB
[   15.163455] mmcblk0boot1: mmc1:0001 SEM32G partition 2 4.00 MiB
[   15.169619] mmcblk0rpmb: mmc1:0001 SEM32G partition 3 4.00 MiB
[   15.177940] Primary GPT is invalid, using alternate GPT.
[   15.183244]  mmcblk0: p1 p2 p3 p4 p5
[   15.190159]  mmcblk0boot1: unknown partition table
[   15.196609]  mmcblk0boot0: unknown partition table
[   15.435368] tegra-snd-rt5640 sound.4: ASoC: CPU DAI (null) not registered
[   15.442157] tegra-snd-rt5640 sound.4: snd_soc_register_card failed (-517)
[   15.449033] platform sound.4: Driver tegra-snd-rt5640 requests probe deferral
[   15.457096] TCP: cubic registered
[   15.460685] NET: Registered protocol family 10
[   15.466511] mip6: Mobile IPv6
[   15.469466] sit: IPv6 over IPv4 tunneling driver
[   15.475738] NET: Registered protocol family 17
[   15.480201] NET: Registered protocol family 15
[   15.484836] Bluetooth: RFCOMM socket layer initialized
[   15.489946] Bluetooth: RFCOMM ver 1.11
[   15.493690] Bluetooth: BNEP (Ethernet Emulation) ver 1.3
[   15.498987] Bluetooth: BNEP socket layer initialized
[   15.503936] Bluetooth: HIDP (Human Interface Emulation) ver 1.2
[   15.509836] Bluetooth: HIDP socket layer initialized
[   15.515436] Registering SWP/SWPB emulation handler
[   15.525221] hvdd-usb: disabling
[   15.530962] vdd-af-cam1: disabling
[   15.537067] vdd-sensor-2v85: disabling
[   15.543308] LDO5: disabling
[   15.548776] vpp-fuse: disabling
[   15.554415] avdd-cam2: disabling
[   15.560315] avdd-cam1: disabling
[   15.566574] vdd-com-3v3: disabling
[   15.570761] vdd-lvds: disabling
[   15.574647] avdd-lcd: disabling
[   15.578503] vdd-lcd-bl: disabling
[   15.583584] dvdd_ts: 1800 mV 
[   15.587098] lcd_bl_en: 5000 mV 
[   15.590650] usb1_vbus: 5000 mV 
[   15.593914] usb1_vbus: supplied by vdd-sys-5v0
[   15.598845] usb2_vbus: 5000 mV 
[   15.602021] usb2_vbus: supplied by vdd-sys-5v0
[   15.606936] vdd_hdmi_5v0: 5000 mV 
[   15.610349] vdd_hdmi_5v0: supplied by vdd-sys-5v0
[   15.615266] platform 6.regulator: Driver reg-fixed-voltage requests probe deferral
[   15.623494] tegra-snd-rt5640 sound.4: ASoC: CPU DAI (null) not registered
[   15.630286] tegra-snd-rt5640 sound.4: snd_soc_register_card failed (-517)
[   15.637073] platform sound.4: Driver tegra-snd-rt5640 requests probe deferral
[   15.644343] platform 6.regulator: Driver reg-fixed-voltage requests probe deferral
[   15.653237] input: gpio-keys.2 as /devices/soc0/gpio-keys.2/input/input0
[   15.661058] tegra-snd-rt5640 sound.4: ASoC: CPU DAI (null) not registered
[   15.667947] tegra-snd-rt5640 sound.4: snd_soc_register_card failed (-517)
[   15.674838] platform sound.4: Driver tegra-snd-rt5640 requests probe deferral
[   15.682298] platform 6.regulator: Driver reg-fixed-voltage requests probe deferral
[   15.691321] palmas-rtc rtc.7: setting system clock to 2000-01-08 02:41:44 UTC (947299304)
[   15.700059] ALSA device list:
[   15.703112]   No soundcards found.
 
[   15.724903] kjournald starting.  Commit interval 5 seconds
[   15.731632] EXT3-fs (mmcblk0p1): using internal journal
[   15.736947] EXT3-fs (mmcblk0p1): recovery complete
[   15.741788] EXT3-fs (mmcblk0p1): mounted filesystem with writeback data mode
[   15.748883] VFS: Mounted root (ext3 filesystem) on device 179:1.
[   15.756386] devtmpfs: mounted
[   15.759614] Freeing unused kernel memory: 224K (c077b000 - c07b3000)
bash: cannot set terminal process group (-1): Inappropriate ioctl for device
bash: no job control in this shell
I have no name!@(none):/#  
I have no name!@(none):/# 