[    0.000000] psci: probing for conduit method from DT.
[    0.000000] psci: PSCIv1.0 detected in firmware.
[    0.000000] psci: Using standard PSCI v0.2 function IDs
[    0.000000] psci: MIGRATE_INFO_UP_CPU reported invalid physical ID (0x80000000)
[    0.000000] percpu: Embedded 21 pages/cpu @ffff8000bff3b000 s48000 r8192 d29824 u86016
[    0.000000] Detected PIPT I-cache on CPU0
[    0.000000] CPU features: enabling workaround for ARM erratum 832075
[    0.000000] CPU features: enabling workaround for ARM erratum 834220
[    0.000000] Built 1 zonelists in Zone order, mobility grouping on.  Total pages: 735336
[    0.000000] Kernel command line: cros_secure vpr=0x08000000@0xf6800000 earlycon
[    0.000000] log_buf_len individual max cpu contribution: 4096 bytes
[    0.000000] log_buf_len total cpu_extra contributions: 12288 bytes
[    0.000000] log_buf_len min size: 16384 bytes
[    0.000000] log_buf_len: 32768 bytes
[    0.000000] early log buf free: 14408(87%)
[    0.000000] PID hash table entries: 4096 (order: 3, 32768 bytes)
[    0.000000] Dentry cache hash table entries: 524288 (order: 10, 4194304 bytes)
[    0.000000] Inode-cache hash table entries: 262144 (order: 9, 2097152 bytes)
[    0.000000] software IO TLB [mem 0xf1400000-0xf5400000] (64MB) mapped at [ffff800071400000-ffff8000753fffff]
[    0.000000] Memory: 2832692K/2988032K available (8252K kernel code, 852K rwdata, 3900K rodata, 1024K init, 283K bss, 138956K reserved, 16384K cma-reserved)
[    0.000000] Virtual kernel memory layout:
[    0.000000]     modules : 0xffff000000000000 - 0xffff000008000000   (   128 MB)
[    0.000000]     vmalloc : 0xffff000008000000 - 0xffff7dffbfff0000   (129022 GB)
[    0.000000]       .text : 0xffff000008080000 - 0xffff000008890000   (  8256 KB)
[    0.000000]     .rodata : 0xffff000008890000 - 0xffff000008c70000   (  3968 KB)
[    0.000000]       .init : 0xffff000008c70000 - 0xffff000008d70000   (  1024 KB)
[    0.000000]       .data : 0xffff000008d70000 - 0xffff000008e45200   (   853 KB)
[    0.000000]        .bss : 0xffff000008e45200 - 0xffff000008e8bf40   (   284 KB)
[    0.000000]     fixed   : 0xffff7dfffe7fd000 - 0xffff7dfffec00000   (  4108 KB)
[    0.000000]     PCI I/O : 0xffff7dfffee00000 - 0xffff7dffffe00000   (    16 MB)
[    0.000000]     vmemmap : 0xffff7e0000000000 - 0xffff800000000000   (  2048 GB maximum)
[    0.000000]               0xffff7e0000000000 - 0xffff7e0003000000   (    48 MB actual)
[    0.000000]     memory  : 0xffff800000000000 - 0xffff8000c0000000   (  3072 MB)
[    0.000000] SLUB: HWalign=64, Order=0-3, MinObjects=0, CPUs=4, Nodes=1
[    0.000000] Preemptible hierarchical RCU implementation.
[    0.000000] 	Build-time adjustment of leaf fanout to 64.
[    0.000000] 	RCU restricting CPUs from NR_CPUS=64 to nr_cpu_ids=4.
[    0.000000] RCU: Adjusting geometry for rcu_fanout_leaf=64, nr_cpu_ids=4
[    0.000000] NR_IRQS:64 nr_irqs:64 0
[    0.000000] GIC: Using split EOI/Deactivate mode
[    0.000000] /interrupt-controller@60004000: 192 interrupts forwarded to /interrupt-controller@50041000
[    0.000000] boot misc0 0x0: expected 0x80000
[    0.000000]  (comparison mask = 0x400ffffb)
[    0.000000] boot misc2 0x1f720005: expected 0x1f720f05
[    0.000000]  (comparison mask = 0xffffff17)
[    0.000000] PLL_C already enabled. Postponing set full defaults
[    0.000000] PLL_MB already enabled. Postponing set full defaults
[    0.000000] PLL_U already enabled. Postponing set full defaults
[    0.000000] PLL_D already enabled. Postponing set full defaults
[    0.000000] PLL_DP already enabled. Postponing set full defaults
[    0.000000] boot misc0 0x0: expected 0x20
[    0.000000]  (comparison mask = 0x7ffffff)
[    0.000000] boot misc1 0x90000000: expected 0xc0000000
[    0.000000]  (comparison mask = 0xf8000000)
[    0.000000] boot misc2 0x0: expected 0xf400f0da
[    0.000000]  (comparison mask = 0xffffffff)
[    0.000000] boot misc3 0x4b80: expected 0x2004f400
[    0.000000]  (comparison mask = 0xffffffff)
[    0.000000] PLL_P already enabled. Postponing set full defaults
[    0.000000] PLL_X already enabled. Postponing set full defaults
[    0.000000] boot misc1 0x0: expected 0x20
[    0.000000]  (comparison mask = 0xffffff)
[    0.000000] arm_arch_timer: Architected cp15 timer(s) running at 19.20MHz (phys).
[    0.000000] clocksource: arch_sys_counter: mask: 0xffffffffffffff max_cycles: 0x46d987e47, max_idle_ns: 440795202767 ns
[    0.000002] sched_clock: 56 bits at 19MHz, resolution 52ns, wraps every 4398046511078ns
[    0.008345] Console: colour dummy device 80x25
[    0.012923] Calibrating delay loop (skipped), value calculated using timer frequency.. 38.40 BogoMIPS (lpj=76800)
[    0.023479] pid_max: default: 32768 minimum: 301
[    0.028263] Security Framework initialized
[    0.032497] Mount-cache hash table entries: 8192 (order: 4, 65536 bytes)
[    0.039389] Mountpoint-cache hash table entries: 8192 (order: 4, 65536 bytes)
[    0.058762] ASID allocator initialised with 65536 entries
[    0.076999] Speedo Revision 4
[    0.080055] Tegra Revision: A02 SKU: 19 CPU Process: 0 SoC Process: 0
[    0.134803] EFI services will not be available.
[    0.163591] Detected PIPT I-cache on CPU1
[    0.163618] CPU1: Booted secondary processor [411fd071]
[    0.179602] Detected PIPT I-cache on CPU2
[    0.179621] CPU2: Booted secondary processor [411fd071]
[    0.195624] Detected PIPT I-cache on CPU3
[    0.195642] CPU3: Booted secondary processor [411fd071]
[    0.195683] Brought up 4 CPUs
[    0.227177] SMP: Total of 4 processors activated.
[    0.232012] CPU features: detected feature: 32-bit EL0 Support
[    0.238038] CPU: All CPU(s) started at EL2
[    0.242257] alternatives: patching kernel code
[    0.249194] devtmpfs: initialized
[    0.259140] DMI not present or invalid.
[    0.263217] clocksource: jiffies: mask: 0xffffffff max_cycles: 0xffffffff, max_idle_ns: 7645041785100000 ns
[    0.273465] pinctrl core: initialized pinctrl subsystem
[    0.279757] NET: Registered protocol family 16
[    0.300367] cpuidle: using governor menu
[    0.304850] vdso: 2 pages (1 code @ ffff000008897000, 1 data @ ffff000008d74000)
[    0.312465] hw-breakpoint: found 6 breakpoint and 4 watchpoint registers.
[    0.319901] DMA: preallocated 256 KiB pool for atomic allocations
[    0.327211] Serial: AMBA PL011 UART driver
[    0.359777] HugeTLB registered 2 MB page size, pre-allocated 0 pages
[    0.366857] ACPI: Interpreter disabled.
[    0.371152] PPLCD_VDD: Failed to request enable GPIO172: -517
[    0.377064] reg-fixed-voltage regulators:regulator@1: Failed to register regulator: -517
[    0.385710] PP1800_LCDIO: Failed to request enable GPIO171: -517
[    0.391889] reg-fixed-voltage regulators:regulator@5: Failed to register regulator: -517
[    0.400238] PP1800_CAM: Failed to request enable GPIO83: -517
[    0.406145] reg-fixed-voltage regulators:regulator@6: Failed to register regulator: -517
[    0.414834] vgaarb: loaded
[    0.417745] SCSI subsystem initialized
[    0.421840] usbcore: registered new interface driver usbfs
[    0.427509] usbcore: registered new interface driver hub
[    0.433006] usbcore: registered new device driver usb
[    0.438873] tegra-i2c 7000d100.i2c: could not find pctldev for node /host1x@50000000/dpaux@545c0000/pinmux-i2c, deferring probe
[    0.450753] pps_core: LinuxPPS API ver. 1 registered
[    0.455856] pps_core: Software ver. 5.3.6 - Copyright 2005-2007 Rodolfo Giometti <giometti@linux.it>
[    0.465252] PTP clock support registered
[    0.469402] dmi: Firmware registration failed.
[    0.474445] Advanced Linux Sound Architecture Driver Initialized.
[    0.481203] clocksource: Switched to clocksource arch_sys_counter
[    0.487546] VFS: Disk quotas dquot_6.6.0
[    0.491607] VFS: Dquot-cache hash table entries: 512 (order 0, 4096 bytes)
[    0.498855] pnp: PnP ACPI: disabled
[    0.508704] NET: Registered protocol family 2
[    0.513470] TCP established hash table entries: 32768 (order: 6, 262144 bytes)
[    0.521009] TCP bind hash table entries: 32768 (order: 7, 524288 bytes)
[    0.527994] TCP: Hash tables configured (established 32768 bind 32768)
[    0.534762] UDP hash table entries: 2048 (order: 4, 65536 bytes)
[    0.540959] UDP-Lite hash table entries: 2048 (order: 4, 65536 bytes)
[    0.547684] NET: Registered protocol family 1
[    0.552352] RPC: Registered named UNIX socket transport module.
[    0.558440] RPC: Registered udp transport module.
[    0.563271] RPC: Registered tcp transport module.
[    0.568102] RPC: Registered tcp NFSv4.1 backchannel transport module.
[    0.574840] Unpacking initramfs...
[    0.666392] Freeing initrd memory: 2360K (ffff80000a06f000 - ffff80000a2bd000)
[    0.674237] kvm [1]: 8-bit VMID
[    0.677470] kvm [1]: IDMAP page: 8087c000
[    0.681587] kvm [1]: HYP VA range: 800000000000:ffffffffffff
[    0.687974] kvm [1]: Hyp mode initialized successfully
[    0.693286] kvm [1]: vgic-v2@50044000
[    0.697117] kvm [1]: vgic interrupt IRQ1
[    0.701162] kvm [1]: virtual timer IRQ4
[    0.706592] futex hash table entries: 1024 (order: 5, 131072 bytes)
[    0.713089] audit: initializing netlink subsys (disabled)
[    0.718663] audit: type=2000 audit(0.603:1): initialized
[    0.724415] workingset: timestamp_bits=46 max_order=20 bucket_order=0
[    0.738001] squashfs: version 4.0 (2009/01/31) Phillip Lougher
[    0.744549] NFS: Registering the id_resolver key type
[    0.749756] Key type id_resolver registered
[    0.754051] Key type id_legacy registered
[    0.758176] nfs4filelayout_init: NFSv4 File Layout Driver Registering...
[    0.765185] 9p: Installing v9fs 9p2000 file system support
[    0.772278] Block layer SCSI generic (bsg) driver version 0.4 loaded (major 247)
[    0.779887] io scheduler noop registered
[    0.784016] io scheduler cfq registered (default)
[    0.790247] usb3-0 supply vbus not found, using dummy regulator
[    0.797253] libphy: mdio_driver_register: phy-bcm-ns2-pci
[    0.811240] tegra-apbdma 60020000.dma: Tegra20 APB DMA driver register 32 channels
[    0.819934] tegra-pmc 7000e400.pmc: i2c-thermtrip node not found, emergency thermal reset disabled.
[    0.829480] xenfs: not registering filesystem on non-xen platform
[    0.838758] Serial: 8250/16550 driver, 4 ports, IRQ sharing disabled
[    0.846552] 70006000.serial: ttyS0 at MMIO 0x70006000 (irq = 313, base_baud = 25500000) is a Tegra
[    0.855789] console [ttyS0] enabled
[    0.855789] console [ttyS0] enabled
[    0.862846] bootconsole [uart0] disabled
[    0.862846] bootconsole [uart0] disabled
[    0.871133] SuperH (H)SCI(F) driver initialized
[    0.875928] msm_serial: driver initialized
[    0.880358] Unable to detect cache hierarchy from DT for CPU 0
[    0.889442] loop: module loaded
[    0.895438] cros-ec-i2c 0-001e: Chrome EC device registered
[    0.901667] max77620 1-003c: PMIC Version OTP:0x35 and ES:0x8
[    0.915027] PP1200_RCAM: Bringing 1050000uV into 1200000-1200000uV
[    0.922274] PP2800L_RCAM: Bringing 3100000uV into 2800000-2800000uV
[    0.929002] PP1100_SOC_RTC: Bringing 1000000uV into 850000-850000uV
[    0.935872] PP2800L_FCAM: Bringing 3100000uV into 2800000-2800000uV
[    0.942621] PP_LDO6: Bringing 2800000uV into 1800000-1800000uV
[    0.949446] random: fast init done
[    0.955457] hisi_sas: driver version v1.6
[    0.961319] libphy: Fixed MDIO Bus: probed
[    0.965865] tun: Universal TUN/TAP device driver, 1.6
[    0.970910] tun: (C) 1999-2004 Max Krasnyansky <maxk@qualcomm.com>
[    0.977824] e1000e: Intel(R) PRO/1000 Network Driver - 3.2.6-k
[    0.983650] e1000e: Copyright(c) 1999 - 2015 Intel Corporation.
[    0.989612] igb: Intel(R) Gigabit Ethernet Network Driver - version 5.4.0-k
[    0.996561] igb: Copyright (c) 2007-2014 Intel Corporation.
[    1.002169] igbvf: Intel(R) Gigabit Virtual Function Network Driver - version 2.4.0-k
[    1.009987] igbvf: Copyright (c) 2009 - 2012 Intel Corporation.
[    1.015941] sky2: driver version 1.30
[    1.019992] VFIO - User Level meta-driver version: 0.3
[    1.026538] ehci_hcd: USB 2.0 'Enhanced' Host Controller (EHCI) Driver
[    1.033064] ehci-pci: EHCI PCI platform driver
[    1.037547] ehci-platform: EHCI generic platform driver
[    1.042858] ehci-exynos: EHCI EXYNOS driver
[    1.047107] ehci-msm: Qualcomm On-Chip EHCI Host Controller
[    1.052741] ohci_hcd: USB 1.1 'Open' Host Controller (OHCI) Driver
[    1.058917] ohci-pci: OHCI PCI platform driver
[    1.063396] ohci-platform: OHCI generic platform driver
[    1.068686] ohci-exynos: OHCI EXYNOS driver
[    1.133852] tegra-xusb 70090000.usb: Firmware timestamp: 2015-08-10 09:47:54 UTC
[    1.141255] tegra-xusb 70090000.usb: xHCI Host Controller
[    1.146656] tegra-xusb 70090000.usb: new USB bus registered, assigned bus number 1
[    1.155171] tegra-xusb 70090000.usb: hcc params 0x0184f525 hci version 0x100 quirks 0x00010010
[    1.163799] tegra-xusb 70090000.usb: irq 319, io mem 0x70090000
[    1.170103] hub 1-0:1.0: USB hub found
[    1.173869] hub 1-0:1.0: 5 ports detected
[    1.178179] tegra-xusb 70090000.usb: xHCI Host Controller
[    1.183573] tegra-xusb 70090000.usb: new USB bus registered, assigned bus number 2
[    1.191178] usb usb2: We don't know the algorithms for LPM for this host, disabling LPM.
[    1.199562] hub 2-0:1.0: USB hub found
[    1.203325] hub 2-0:1.0: 4 ports detected
[    1.207820] usbcore: registered new interface driver usb-storage
[    1.214469] mousedev: PS/2 mouse device common for all mice
[    1.341895] max77686-rtc max77620-rtc: rtc core: registered max77620-rtc as rtc0
[    1.349855] tegra_rtc 7000e000.rtc: rtc core: registered 7000e000.rtc as rtc1
[    1.357006] tegra_rtc 7000e000.rtc: Tegra internal Real Time Clock
[    1.363258] i2c /dev entries driver
[    1.368105] bq27xxx-battery 2-0055: support ver. 1.2.0 enabled
[    1.390265] sdhci: Secure Digital Host Controller Interface driver
[    1.396470] sdhci: Copyright(c) Pierre Ossman
[    1.401011] Synopsys Designware Multimedia Card Interface Driver
[    1.407299] sdhci-pltfm: SDHCI platform and OF driver helper
[    1.413130] mmc0: Unknown controller version (3). You may experience problems.
[    1.465218] mmc0: SDHCI controller on 700b0600.sdhci [700b0600.sdhci] using ADMA 64-bit
[    1.475822] ledtrig-cpu: registered to indicate activity on CPUs
[    1.485708] usbcore: registered new interface driver usbhid
[    1.491349] usbhid: USB HID core driver
[    1.496303] NET: Registered protocol family 17
[    1.500883] 9pnet: Installing 9P2000 support
[    1.505269] Key type dns_resolver registered
[    1.513316] registered taskstats version 1
[    1.522233] tegra-i2c 7000d100.i2c: could not find pctldev for node /host1x@50000000/dpaux@545c0000/pinmux-i2c, deferring probe
[    1.534676] input: gpio-keys as /devices/platform/gpio-keys/input/input0
[    1.541636] tegra-i2c 7000d100.i2c: could not find pctldev for node /host1x@50000000/dpaux@545c0000/pinmux-i2c, deferring probe
[    1.553670] mmc0: new high speed MMC card at address 0001
[    1.559316] mmcblk0: mmc0:0001 BGND3R 29.1 GiB 
[    1.563942] mmcblk0boot0: mmc0:0001 BGND3R partition 1 4.00 MiB
[    1.569954] mmcblk0boot1: mmc0:0001 BGND3R partition 2 4.00 MiB
[    1.575977] max77686-rtc max77620-rtc: setting system clock to 2000-07-15 09:52:35 UTC (963654755)
[    1.575991] mmcblk0rpmb: mmc0:0001 BGND3R partition 3 4.00 MiB
[    1.578420]  mmcblk0: p1 p2 p3 p4 p5 p6 p7 p8 p9 p10 p11
[    1.580295] tegra-i2c 7000d100.i2c: could not find pctldev for node /host1x@50000000/dpaux@545c0000/pinmux-i2c, deferring probe
[    1.607951] PP1200_AVDD: disabling
[    1.611423] PP1200_RCAM: disabling
[    1.614886] PP2800L_RCAM: disabling
[    1.618430] PP2800L_FCAM: disabling
[    1.621976] PP_LDO6: disabling
[    1.625079] PPLCD_VDD: disabling
[    1.628305] PP1800_LCDIO: disabling
[    1.631789] PP1800_CAM: disabling
[    1.635099] ALSA device list:
[    1.638060]   No soundcards found.
[    1.641978] Freeing unused kernel memory: 1024K (ffff800000c70000 - ffff800000d70000)

System initialization...

Mounting /proc :[SUCCESS]
Mounting /sys :[SUCCESS]
Mounting /dev :[SUCCESS]
Mounting /dev/pts :[SUCCESS]
Mounting /sys/kernel/debug :[SUCCESS]
Mounting other filesystems :[SUCCESS]
Enabling hot-plug :[SUCCESS]
Populating /dev :[SUCCESS]
Starting syslogd :[SUCCESS]
Starting telnetd :[SUCCESS]

System initialization complete.

Please press Enter to activate this console. 