
U-Boot SPL 2013.04-rc2-06423-gf2e8a87-dirty (May 15 2013 - 09:45:39)


U-Boot 2013.04-rc2-06423-gf2e8a87-dirty (May 15 2013 - 09:45:39)

TEGRA30
Board: NVIDIA Beaver
DRAM:  2 GiB
MMC:   Tegra SD/MMC: 0, Tegra SD/MMC: 1
*** Warning - bad CRC, using default environment

In:    serial
Out:   serial
Err:   serial
Hit any key to stop autoboot:  2  0 
Tegra30 (Beaver) # 
Tegra30 (Beaver) # setenv bootargs 'console=ttyS0,230400n8 noinitrd root=/dev/mmcblk0p1 rw rootwait gpt ignore_loglevel debug'
Tegra30 (Beaver) # loady 0x81000000
## Ready for binary (ymodem) download to 0x81000000 at 230400 bps...
CSending: zImage
Sending: 

Transfer complete
yzModem - CRC mode, 5(SOH)/4124(STX)/0(CAN) packets, 3 retries
## Total Size      = 0x00407130 = 4223280 Bytes
Tegra30 (Beaver) # loady 0x82000000
## Ready for binary (ymodem) download to 0x82000000 at 230400 bps...
CSending: tegra30-beaver.dtb
Sending: 

Transfer complete
yzModem - CRC mode, 4(SOH)/23(STX)/0(CAN) packets, 3 retries
## Total Size      = 0x00005d00 = 23808 Bytes
Tegra30 (Beaver) # bootz 0x81000000 - 0x82000000
## Flattened Device Tree blob at 82000000
   Booting using the fdt blob at 0x82000000
   Loading Device Tree to 8fff7000, end 8ffffcff ... OK

Starting kernel ...

Uncompressing Linux... done, booting the kernel.
[    0.000000] Booting Linux on physical CPU 0x0
[    0.000000] Initializing cgroup subsys cpu
[    0.000000] Initializing cgroup subsys cpuacct
[    0.000000] Linux version 3.14.0-rc1-next-20140207-39333-g72569d9 (pwalmsley@tamien) (gcc version 4.7.3 20130328 (prerelease) (crosstool-NG linaro-1.13.1-4.7-2013.04-20130415 - Linaro GCC 2013.04) ) #1 SMP PREEMPT Thu Feb 6 19:20:59 PST 2014
[    0.000000] CPU: ARMv7 Processor [412fc099] revision 9 (ARMv7), cr=10c5387d
[    0.000000] CPU: PIPT / VIPT nonaliasing data cache, VIPT aliasing instruction cache
[    0.000000] Machine model: NVIDIA Tegra30 Beaver evaluation board
[    0.000000] debug: ignoring loglevel setting.
[    0.000000] cma: CMA: reserved 16 MiB at ae800000
[    0.000000] Memory policy: Data cache writealloc
[    0.000000] On node 0 totalpages: 524032
[    0.000000] free_area_init_node: node 0, pgdat c080a7c0, node_mem_map ed7f0000
[    0.000000]   Normal zone: 1520 pages used for memmap
[    0.000000]   Normal zone: 0 pages reserved
[    0.000000]   Normal zone: 194560 pages, LIFO batch:31
[    0.000000]   HighMem zone: 2574 pages used for memmap
[    0.000000]   HighMem zone: 329472 pages, LIFO batch:31
[    0.000000] fuse_speedo_calib: ATE prog ver 3.3
[    0.000000] Tegra30: CPU Speedo ID 5, Soc Speedo ID 2
[    0.000000] Tegra Revision: A03 SKU: 128 CPU Process: 4 Core Process: 0
[    0.000000] L310 cache controller enabled
[    0.000000] l2x0: 8 ways, CACHE_ID 0x410000c7, AUX_CTRL 0x7e480001, Cache size: 1024 kB
[    0.000000] PERCPU: Embedded 8 pages/cpu @ed7bc000 s9088 r8192 d15488 u32768
[    0.000000] pcpu-alloc: s9088 r8192 d15488 u32768 alloc=8*4096
[    0.000000] pcpu-alloc: [0] 0 [0] 1 [0] 2 [0] 3 
[    0.000000] Built 1 zonelists in Zone order, mobility grouping on.  Total pages: 522512
[    0.000000] Kernel command line: console=ttyS0,230400n8 noinitrd root=/dev/mmcblk0p1 rw rootwait gpt ignore_loglevel debug
[    0.000000] PID hash table entries: 4096 (order: 2, 16384 bytes)
[    0.000000] Dentry cache hash table entries: 131072 (order: 7, 524288 bytes)
[    0.000000] Inode-cache hash table entries: 65536 (order: 6, 262144 bytes)
[    0.000000] Memory: 2053708K/2096128K available (5759K kernel code, 311K rwdata, 1888K rodata, 236K init, 340K bss, 42420K reserved, 1317888K highmem)
[    0.000000] Virtual kernel memory layout:
[    0.000000]     vector  : 0xffff0000 - 0xffff1000   (   4 kB)
[    0.000000]     fixmap  : 0xfff00000 - 0xfffe0000   ( 896 kB)
[    0.000000]     vmalloc : 0xf0000000 - 0xff000000   ( 240 MB)
[    0.000000]     lowmem  : 0xc0000000 - 0xef800000   ( 760 MB)
[    0.000000]     pkmap   : 0xbfe00000 - 0xc0000000   (   2 MB)
[    0.000000]     modules : 0xbf000000 - 0xbfe00000   (  14 MB)
[    0.000000]       .text : 0xc0008000 - 0xc07801dc   (7649 kB)
[    0.000000]       .init : 0xc0781000 - 0xc07bc380   ( 237 kB)
[    0.000000]       .data : 0xc07be000 - 0xc080bfe0   ( 312 kB)
[    0.000000]        .bss : 0xc080bfec - 0xc0861358   ( 341 kB)
[    0.000000] Preemptible hierarchical RCU implementation.
[    0.000000] NR_IRQS:16 nr_irqs:16 16
[  215.940508] sched_clock: 32 bits at 1000kHz, resolution 1000ns, wraps every 2147483648000ns
[    0.000444] Console: colour dummy device 80x30
[    0.000476] Calibrating delay loop... 2786.91 BogoMIPS (lpj=13934592)
[    0.059915] pid_max: default: 32768 minimum: 301
[    0.060253] Mount-cache hash table entries: 512
[    0.070631] Initializing cgroup subsys debug
[    0.070649] Initializing cgroup subsys freezer
[    0.070704] CPU: Testing write buffer coherency: ok
[    0.071081] CPU0: thread -1, cpu 0, socket 0, mpidr 80000000
[    0.071130] Setting up static identity map for 0x80575628 - 0x805756c0
[    0.131274] CPU1: Booted secondary processor
[    0.189980] CPU1: thread -1, cpu 1, socket 0, mpidr 80000001
[    0.211238] CPU2: Booted secondary processor
[    0.269980] CPU2: thread -1, cpu 2, socket 0, mpidr 80000002
[    0.291200] CPU3: Booted secondary processor
[    0.349979] CPU3: thread -1, cpu 3, socket 0, mpidr 80000003
[    0.350048] Brought up 4 CPUs
[    0.350065] SMP: Total of 4 processors activated.
[    0.350070] CPU: All CPU(s) started in SVC mode.
[    0.350913] devtmpfs: initialized
[    0.360841] VFP support v0.3: implementor 41 architecture 3 part 30 variant 9 rev 4
[    0.361388] pinctrl core: initialized pinctrl subsystem
[    0.361965] regulator-dummy: no parameters
[    0.363203] NET: Registered protocol family 16
[    0.365681] DMA: preallocated 256 KiB pool for atomic coherent allocations
[    0.366687] cpuidle: using governor ladder
[    0.366693] cpuidle: using governor menu
[    0.379057] No ATAGs?
[    0.379079] hw-breakpoint: found 5 (+1 reserved) breakpoint and 1 watchpoint registers.
[    0.379086] hw-breakpoint: maximum watchpoint size is 4 bytes.
[    0.393533] bio: create slab <bio-0> at 0
[    0.394762] vdd_5v_in: 5000 mV 
[    0.394905] platform 1.regulator: Driver reg-fixed-voltage requests probe deferral
[    0.394961] platform 2.regulator: Driver reg-fixed-voltage requests probe deferral
[    0.395237] vdd_5v_sata: 5000 mV 
[    0.395300] vdd_5v_sata: supplied by vdd_5v_in
[    0.395635] usb1_vbus: 5000 mV 
[    0.395708] usb1_vbus: supplied by vdd_5v_in
[    0.396041] usb3_vbus: 5000 mV 
[    0.396097] usb3_vbus: supplied by vdd_5v_in
[    0.396226] platform 6.regulator: Driver reg-fixed-voltage requests probe deferral
[    0.396487] sys_3v3_pexs: 3300 mV 
[    0.396545] reg-fixed-voltage 7.regulator: Failed to find supply vin
[    0.396638] reg-fixed-voltage 7.regulator: Failed to register regulator: -517
[    0.396650] platform 7.regulator: Driver reg-fixed-voltage requests probe deferral
[    0.397699] vgaarb: loaded
[    0.398704] SCSI subsystem initialized
[    0.399238] usbcore: registered new interface driver usbfs
[    0.399355] usbcore: registered new interface driver hub
[    0.399530] usbcore: registered new device driver usb
[    0.407974] vdd_1v8_gen: 1800 mV 
[    0.408073] vdd_1v8_gen: supplied by vdd_5v_in
[    0.411318] vddio_ddr_1v2: 1200 mV 
[    0.411876] vddio_ddr_1v2: supplied by vdd_5v_in
[    0.415340] vdd_1v5_gen: 1500 mV 
[    0.415426] vdd_1v5_gen: supplied by vdd_5v_in
[    0.418885] vdd_cpu,vdd_sys: 1000 mV 
[    0.421463] vdd_pexa,vdd_pexb: 1050 mV 
[    0.421549] vdd_pexa,vdd_pexb: supplied by vdd_1v5_gen
[    0.424467] vdd_sata,avdd_plle: 1050 mV 
[    0.424553] vdd_sata,avdd_plle: supplied by vdd_1v5_gen
[    0.427092] vdd_rtc: 1200 mV 
[    0.427179] vdd_rtc: supplied by vdd_5v_in
[    0.429720] vddio_sdmmc,avdd_vdac: 3300 mV 
[    0.429807] vddio_sdmmc,avdd_vdac: supplied by vdd_5v_in
[    0.432713] avdd_dsi_csi,pwrdet_mipi: 1200 mV 
[    0.432816] avdd_dsi_csi,pwrdet_mipi: supplied by vdd_1v8_gen
[    0.435352] vdd_pllm,x,u,a_p_c_s: 1200 mV 
[    0.435437] vdd_pllm,x,u,a_p_c_s: supplied by vdd_1v8_gen
[    0.438332] vdd_ddr_hs: 1000 mV 
[    0.438417] vdd_ddr_hs: supplied by vdd_1v8_gen
[    0.440812] tps62361-vout: 500 <--> 1500 mV at 1160 mV 
[    0.441042] Linux video capture interface: v2.00
[    0.441636] platform 7000f010.iommu: Driver tegra-smmu requests probe deferral
[    0.441919] Advanced Linux Sound Architecture Driver Initialized.
[    0.442959] Bluetooth: Core ver 2.18
[    0.443023] NET: Registered protocol family 31
[    0.443028] Bluetooth: HCI device and connection manager initialized
[    0.443046] Bluetooth: HCI socket layer initialized
[    0.443060] Bluetooth: L2CAP socket layer initialized
[    0.443096] Bluetooth: SCO socket layer initialized
[    0.443676] cfg80211: Calling CRDA to update world regulatory domain
[    0.444195] Switched to clocksource timer_us
[    0.460070] NET: Registered protocol family 2
[    0.460769] TCP established hash table entries: 8192 (order: 3, 32768 bytes)
[    0.460832] TCP bind hash table entries: 8192 (order: 4, 65536 bytes)
[    0.460914] TCP: Hash tables configured (established 8192 bind 8192)
[    0.461379] TCP: reno registered
[    0.461392] UDP hash table entries: 512 (order: 2, 16384 bytes)
[    0.461454] UDP-Lite hash table entries: 512 (order: 2, 16384 bytes)
[    0.461827] NET: Registered protocol family 1
[    0.462441] RPC: Registered named UNIX socket transport module.
[    0.462449] RPC: Registered udp transport module.
[    0.462453] RPC: Registered tcp transport module.
[    0.462457] RPC: Registered tcp NFSv4.1 backchannel transport module.
[    0.462467] PCI: CLS 0 bytes, default 64
[    0.464039] hw perfevents: enabled with ARMv7 Cortex-A9 PMU driver, 7 counters available
[    0.465923] futex hash table entries: 1024 (order: 4, 65536 bytes)
[    0.467300] bounce pool size: 64 pages
[    0.468418] squashfs: version 4.0 (2009/01/31) Phillip Lougher
[    0.469076] msgmni has been set to 1469
[    0.470228] io scheduler noop registered (default)
[    0.471347] platform 3000.pcie-controller: Driver tegra-pcie requests probe deferral
[    0.478325] tegra-apbdma 6000a000.dma: Tegra20 APB DMA driver register 32 channels
[    0.478975] Serial: 8250/16550 driver, 4 ports, IRQ sharing disabled
[    0.481374] 70006000.serial: ttyS0 at MMIO 0x70006000 (irq = 68, base_baud = 25500000) is a Tegra
[    0.887027] console [ttyS0] enabled
[    0.889612] [drm] Initialized drm 1.1.0 20060810
[    0.892032] tegra-dc 54200000.dc: missing "nvidia,head" property
[    0.895172] tegra-dc 54240000.dc: missing "nvidia,head" property
[    0.898802] tegra-hdmi 54280000.hdmi: failed to get VDD regulator
[    0.901870] platform 54280000.hdmi: Driver tegra-hdmi requests probe deferral
[    0.914368] loop: module loaded
[    0.919562] m25p80 spi32766.1: w25q32 (4096 Kbytes)
[    0.923963] pegasus: v0.9.3 (2013/04/25), Pegasus/Pegasus II USB Ethernet driver
[    0.927802] usbcore: registered new interface driver pegasus
[    0.930760] usbcore: registered new interface driver asix
[    0.933555] usbcore: registered new interface driver ax88179_178a
[    0.936714] usbcore: registered new interface driver cdc_ether
[    0.939742] usbcore: registered new interface driver r815x
[    0.942613] usbcore: registered new interface driver smsc75xx
[    0.945634] usbcore: registered new interface driver smsc95xx
[    0.948603] usbcore: registered new interface driver net1080
[    0.951528] usbcore: registered new interface driver cdc_subset
[    0.954611] usbcore: registered new interface driver zaurus
[    0.957535] usbcore: registered new interface driver cdc_ncm
[    0.960408] ehci_hcd: USB 2.0 'Enhanced' Host Controller (EHCI) Driver
[    0.963682] ehci-pci: EHCI PCI platform driver
[    0.966014] tegra-ehci: Tegra EHCI driver
[    0.968212] platform 7d004000.usb: Driver tegra-ehci requests probe deferral
[    0.971824] platform 7d008000.usb: Driver tegra-ehci requests probe deferral
[    0.975681] usbcore: registered new interface driver cdc_acm
[    0.978519] cdc_acm: USB Abstract Control Model driver for USB modems and ISDN adapters
[    0.982633] usbcore: registered new interface driver cdc_wdm
[    0.985607] usbcore: registered new interface driver usb-storage
[    0.988784] platform 7d004000.usb-phy: Driver tegra-phy requests probe deferral
[    0.994222] mousedev: PS/2 mouse device common for all mice
[    0.998615] tegra_rtc 7000e000.rtc: rtc core: registered 7000e000.rtc as rtc1
[    1.002222] tegra_rtc 7000e000.rtc: Tegra internal Real Time Clock
[    1.018532] tps65910-rtc tps65910-rtc: rtc core: registered tps65910-rtc as rtc0
[    1.023798] sdhci: Secure Digital Host Controller Interface driver
[    1.026913] sdhci: Copyright(c) Pierre Ossman
[    1.029097] sdhci-pltfm: SDHCI platform and OF driver helper
[    1.032306] sdhci-tegra 78000000.sdhci: Got CD GPIO #69.
[    1.035000] sdhci-tegra 78000000.sdhci: Got WP GPIO #155.
[    1.038758] mmc0: no vqmmc regulator found
[    1.040815] mmc0: no vmmc regulator found
[    1.042826] mmc0: Invalid maximum block size, assuming 512 bytes
[    1.084210] mmc0: SDHCI controller on 78000000.sdhci [78000000.sdhci] using ADMA
[    1.091048] mmc1: no vqmmc regulator found
[    1.093106] mmc1: no vmmc regulator found
[    1.095129] mmc1: Invalid maximum block size, assuming 512 bytes
[    1.144207] mmc1: SDHCI controller on 78000600.sdhci [78000600.sdhci] using ADMA
[    1.149037] usbcore: registered new interface driver usbhid
[    1.153865] usbhid: USB HID core driver
[    1.292621] mmc1: new high speed MMC card at address 0001
[    1.295876] isa bounce pool size: 16 pages
[    1.298094] mmcblk0: mmc1:0001 SEM16G 14.8 GiB 
[    1.300633] mmcblk0boot0: mmc1:0001 SEM16G partition 1 1.00 MiB
[    1.303876] mmcblk0boot1: mmc1:0001 SEM16G partition 2 1.00 MiB
[    1.307087] mmcblk0rpmb: mmc1:0001 SEM16G partition 3 128 KiB
[    1.314422] Primary GPT is invalid, using alternate GPT.
[    1.317105]  mmcblk0: p1 p2 p3 p4 p5
[    1.324657]  mmcblk0boot1: unknown partition table
[    1.330517]  mmcblk0boot0: unknown partition table
[    1.585206] tegra30-i2s 70080400.i2s: DMA channels sourced from device 70080000.ahub
[    1.597119] tegra-snd-rt5640 sound.4: rt5640-aif1 <-> 70080400.i2s mapping ok
[    1.604094] input: NVIDIA Tegra Beaver Headphones as /devices/soc0/sound.4/sound/card0/input0
[    1.610076] TCP: cubic registered
[    1.611937] NET: Registered protocol family 10
[    1.615272] mip6: Mobile IPv6
[    1.616766] sit: IPv6 over IPv4 tunneling driver
[    1.621165] NET: Registered protocol family 17
[    1.623428] NET: Registered protocol family 15
[    1.625822] Bluetooth: RFCOMM socket layer initialized
[    1.628419] Bluetooth: RFCOMM ver 1.11
[    1.630307] Bluetooth: BNEP (Ethernet Emulation) ver 1.3
[    1.632982] Bluetooth: BNEP socket layer initialized
[    1.635544] Bluetooth: HIDP (Human Interface Emulation) ver 1.2
[    1.638525] Bluetooth: HIDP socket layer initialized
[    1.641951] Registering SWP/SWPB emulation handler
[    1.645084] vdd_sata,avdd_plle: disabling
[    1.648880] chargepump_5v: 5000 mV 
[    1.652295] vdd_ddr: 1500 mV 
[    1.653854] vdd_ddr: supplied by vdd_5v_in
[    1.657211] sys_3v3,vdd_3v3_alw: 3300 mV 
[    1.659279] sys_3v3,vdd_3v3_alw: supplied by vdd_5v_in
[    1.662208] sys_3v3_pexs: 3300 mV 
[    1.663967] sys_3v3_pexs: supplied by sys_3v3,vdd_3v3_alw
[    1.667177] tegra-pcie 3000.pcie-controller: 2x3 configuration
[    1.674673] tegra-pcie 3000.pcie-controller: probing port 0, using 2 lanes
[    1.732425] tegra-pcie 3000.pcie-controller: probing port 2, using 2 lanes
[    2.140031] tegra-pcie 3000.pcie-controller: link 2 down, retrying
[    2.547280] tegra-pcie 3000.pcie-controller: link 2 down, retrying
[    2.954517] tegra-pcie 3000.pcie-controller: link 2 down, retrying
[    2.959630] tegra-pcie 3000.pcie-controller: link 2 down, ignoring
[    2.963055] tegra-pcie 3000.pcie-controller: PCI host bridge to bus 0000:00
[    2.966690] pci_bus 0000:00: root bus resource [mem 0x20000000-0x27ffffff]
[    2.970143] pci_bus 0000:00: root bus resource [mem 0x28000000-0x3fffffff pref]
[    2.973812] pci_bus 0000:00: root bus resource [bus 00-ff]
[    2.976579] pci_bus 0000:00: root bus resource [io  0x1000-0xffff]
[    2.979712] pci 0000:00:01.0: [10de:0e1c] type 01 class 0x060400
[    2.982777] pci 0000:00:01.0: PME# supported from D0 D1 D2 D3hot D3cold
[    2.986519] PCI: bus0: Fast back to back transfers disabled
[    2.989319] pci 0000:00:01.0: bridge configuration invalid ([bus 00-00]), reconfiguring
[    2.993573] pci 0000:01:00.0: [10ec:8168] type 00 class 0x020000
[    2.996618] pci 0000:01:00.0: reg 0x10: [io  0x0000-0x00ff]
[    2.999427] pci 0000:01:00.0: reg 0x18: [mem 0x00000000-0x00000fff 64bit pref]
[    3.003057] pci 0000:01:00.0: reg 0x20: [mem 0x00000000-0x00003fff 64bit pref]
[    3.006735] pci 0000:01:00.0: supports D1 D2
[    3.008878] pci 0000:01:00.0: PME# supported from D0 D1 D2 D3hot D3cold
[    3.024224] PCI: bus1: Fast back to back transfers disabled
[    3.027025] pci_bus 0000:01: busn_res: [bus 01-ff] end is updated to 01
[    3.030376] pci 0000:00:01.0: BAR 9: assigned [mem 0x28000000-0x280fffff 64bit pref]
[    3.034274] pci 0000:00:01.0: BAR 7: assigned [io  0x1000-0x1fff]
[    3.037338] pci 0000:01:00.0: BAR 4: assigned [mem 0x28000000-0x28003fff 64bit pref]
[    3.041231] pci 0000:01:00.0: BAR 2: assigned [mem 0x28004000-0x28004fff 64bit pref]
[    3.045132] pci 0000:01:00.0: BAR 0: assigned [io  0x1000-0x10ff]
[    3.048193] pci 0000:00:01.0: PCI bridge to [bus 01]
[    3.050684] pci 0000:00:01.0:   bridge window [io  0x1000-0x1fff]
[    3.053743] pci 0000:00:01.0:   bridge window [mem 0x28000000-0x280fffff 64bit pref]
[    3.057649] pci 0000:00:01.0: nv_msi_ht_cap_quirk didn't locate host bridge
[    3.061600] pcieport 0000:00:01.0: Signaling PME through PCIe PME interrupt
[    3.065111] pci 0000:01:00.0: Signaling PME through PCIe PME interrupt
[    3.068388] pcie_pme 0000:00:01.0:pcie01: service driver pcie_pme loaded
[    3.071976] r8169 Gigabit Ethernet driver 2.3LK-NAPI loaded
[    3.074831] PCI: enabling device 0000:01:00.0 (0140 -> 0143)
[    3.078947] r8169 0000:01:00.0 eth0: RTL8168evl/8111evl at 0xf002e000, 02:04:4b:01:60:a6, XID 0c900800 IRQ 473
[    3.083966] r8169 0000:01:00.0 eth0: jumbo features [frames: 9200 bytes, tx checksumming: ko]
[    3.090166] [drm] Supports vblank timestamp caching Rev 2 (21.10.2013).
[    3.093488] [drm] No driver support for vblank timestamp query.
[    3.096655] host1x drm: No connectors reported connected with modes
[    3.099806] [drm] Cannot find any crtc or sizes - going 1024x768
[    3.118636] Console: switching to colour frame buffer device 128x48
[    3.127459] host1x drm: fb0:  frame buffer device
[    3.129819] host1x drm: registered panic notifier
[    3.132185] [drm] Initialized tegra 0.0.0 20120330 on minor 0
[    3.135310] platform 7d004000.usb: Driver tegra-ehci requests probe deferral
[    3.141897] utmi_phy_clk_enable: timeout waiting for phy to stabilize
[    3.145145] tegra-ehci 7d008000.usb: EHCI Host Controller
[    3.147882] tegra-ehci 7d008000.usb: new USB bus registered, assigned bus number 1
[    3.152010] tegra-ehci 7d008000.usb: irq 129, io mem 0x7d008000
[    3.174606] tegra-ehci 7d008000.usb: USB 2.0 started, EHCI 1.00
[    3.178644] hub 1-0:1.0: USB hub found
[    3.180553] hub 1-0:1.0: 1 port detected
[    3.184222] tegra-ehci 7d004000.usb: EHCI Host Controller
[    3.186954] tegra-ehci 7d004000.usb: new USB bus registered, assigned bus number 2
[    3.191024] tegra-ehci 7d004000.usb: irq 53, io mem 0x7d004000
[    3.204595] tegra-ehci 7d004000.usb: USB 2.0 started, EHCI 1.00
[    3.208572] hub 2-0:1.0: USB hub found
[    3.210480] hub 2-0:1.0: 1 port detected
[    3.216846] tps65910-rtc tps65910-rtc: setting system clock to 2000-01-01 00:00:02 UTC (946684802)
[    3.229791] ALSA device list:
[    3.231291]   #0: NVIDIA Tegra Beaver
[    3.376025] kjournald starting.  Commit interval 5 seconds
[    3.377717] EXT3-fs (mmcblk0p1): using internal journal
[    3.379194] EXT3-fs (mmcblk0p1): recovery complete
[    3.379197] EXT3-fs (mmcblk0p1): mounted filesystem with writeback data mode
[    3.379270] VFS: Mounted root (ext3 filesystem) on device 179:1.
[    3.381556] devtmpfs: mounted
[    3.381781] Freeing unused kernel memory: 236K (c0781000 - c07bc000)
 
INIT: version 2.88 booting
[info] Using makefile-style concurrent boot in runlevel S.
[....] Starting the hotplug events dispatcher: udevd[    4.288113] udevd[178]: starting version 175
[ ok .
[....] Synthesizing the initial hotplug events...[ ok done.
[....] Waiting for /dev to be fully populated...[ ok done.
[....] Activating swap...[ ok done.
[....] Cleaning up temporary files... /tmp[ ok .
[....] Activating lvm and md swap...[ ok done.
[....] Checking file systems...[    6.734252] random: nonblocking pool is initialized
fsck from util-linux 2.20.1
[ ok done.
[....] Mounting local filesystems...[ ok done.
[....] Activating swapfile swap...[ ok done.
[....] Cleaning up temporary files...[ ok .
[....] Setting kernel variables ...[ ok done.
[....] Configuring network interfaces...[ ok done.
[....] Starting rpcbind daemon...[ ok .
[....] Starting NFS common utilities: statd idmapd[FAIL failed!
[....] Cleaning up temporary files...[ ok .
[....] Starting network benchmark server[ ok .
[....] startpar: service(s) returned failure: nfs-common ...[FAIL failed!
INIT: Entering runlevel: 2
[info] Using makefile-style concurrent boot in runlevel 2.
[....] Starting network benchmark server[FAIL failed!
[....] Starting rpcbind daemon...[....] Already running.[ ok .
[....] Starting NFS common utilities: statd idmapd[FAIL failed!
[....] Starting system message bus: dbus[ ok .
[....] startpar: service(s) returned failure: nfs-common ...[FAIL failed!

Debian GNU/Linux wheezy/sid armel ttyS0

armel login: 