
U-Boot SPL 2014.01-00219-gc4d376f (Feb 18 2014 - 19:57:18)


U-Boot 2014.01-00219-gc4d376f (Feb 18 2014 - 19:57:18)

TEGRA30
Board: NVIDIA Beaver
I2C:   ready
DRAM:  2 GiB
MMC:   Tegra SD/MMC: 0, Tegra SD/MMC: 1
In:    serial
Out:   serial
Err:   serial
Net:   Net Initialization Skipped
No ethernet found.
Hit any key to stop autoboot:  2  0 
Tegra30 (Beaver) # 
Tegra30 (Beaver) # usb reset
(Re)start USB...
USB0:   USB EHCI 1.00
scanning bus 0 for devices... 2 USB Device(s) found
       scanning usb for storage devices... 0 Storage Device(s) found
       scanning usb for ethernet devices... 
Warning: asx0 using MAC address from net device
1 Ethernet Device(s) found
Tegra30 (Beaver) # setenv bootargs 'ignore_loglevel console=ttyS0,115200n8 rw root=PARTUUID=edbe1840-3633-c751-7993-b0ac834f81e0 rootwait gpt debug noinitrd earlyprintk init=/bin/bash'
Tegra30 (Beaver) # setenv ipaddr 192.168.100.101; setenv serverip 192.168.100.1; setenv tftpserverip 192.168.100.1
Tegra30 (Beaver) # tftpboot 0x81000000 zImage.multi_v7_defconfig
Using asx0 device
TFTP from server 192.168.100.1; our IP address is 192.168.100.101
Filename 'zImage.multi_v7_defconfig'.
Load address: 0x81000000
Loading: *#################################################################
	 #################################################################
	 #################################################################
	 #################################################################
	 #################################################################
	 #################################################################
	 #################################################################
	 #########################
	 3.2 MiB/s
done
Bytes transferred = 7042832 (6b7710 hex)
Tegra30 (Beaver) # tftpboot 0x82000000 tegra30-beaver.dtb
Using asx0 device
TFTP from server 192.168.100.1; our IP address is 192.168.100.101
Filename 'tegra30-beaver.dtb'.
Load address: 0x82000000
Loading: *####
	 3.3 MiB/s
done
Bytes transferred = 51627 (c9ab hex)
Tegra30 (Beaver) # bootz 0x81000000 - 0x82000000
Kernel image @ 0x81000000 [ 0x000000 - 0x6b7710 ]
## Flattened Device Tree blob at 82000000
   Booting using the fdt blob at 0x82000000
   Loading Device Tree to 8fff0000, end 8ffff9aa ... OK

Starting kernel ...

[    0.000000] Booting Linux on physical CPU 0x0
[    0.000000] Linux version 4.6.0-rc5-next-20160428-114808-g86137b6 (pwalmsley@tamien) (gcc version 4.7.3 20130328 (prerelease) (crosstool-NG linaro-1.13.1-4.7-2013.04-20130415 - Linaro GCC 2013.04) ) #1 SMP Thu Apr 28 00:11:45 PDT 2016
[    0.000000] CPU: ARMv7 Processor [412fc099] revision 9 (ARMv7), cr=10c5387d
[    0.000000] CPU: PIPT / VIPT nonaliasing data cache, VIPT aliasing instruction cache
[    0.000000] Machine model: NVIDIA Tegra30 Beaver evaluation board
[    0.000000] debug: ignoring loglevel setting.
[    0.000000] cma: Reserved 64 MiB at 0xfb800000
[    0.000000] Memory policy: Data cache writealloc
[    0.000000] On node 0 totalpages: 524032
[    0.000000] free_area_init_node: node 0, pgdat c1418040, node_mem_map eeff8000
[    0.000000]   DMA zone: 1536 pages used for memmap
[    0.000000]   DMA zone: 0 pages reserved
[    0.000000]   DMA zone: 196608 pages, LIFO batch:31
[    0.000000]   HighMem zone: 327424 pages, LIFO batch:31
[    0.000000] percpu: Embedded 13 pages/cpu @eef8f000 s23744 r8192 d21312 u53248
[    0.000000] pcpu-alloc: s23744 r8192 d21312 u53248 alloc=13*4096
[    0.000000] pcpu-alloc: [0] 0 [0] 1 [0] 2 [0] 3 
[    0.000000] Built 1 zonelists in Zone order, mobility grouping on.  Total pages: 522496
[    0.000000] Kernel command line: ignore_loglevel console=ttyS0,115200n8 rw root=PARTUUID=edbe1840-3633-c751-7993-b0ac834f81e0 rootwait gpt debug noinitrd earlyprintk init=/bin/bash
[    0.000000] PID hash table entries: 4096 (order: 2, 16384 bytes)
[    0.000000] Dentry cache hash table entries: 131072 (order: 7, 524288 bytes)
[    0.000000] Inode-cache hash table entries: 65536 (order: 6, 262144 bytes)
[    0.000000] Memory: 1995052K/2096128K available (9527K kernel code, 1128K rwdata, 4184K rodata, 2048K init, 338K bss, 35540K reserved, 65536K cma-reserved, 1244160K highmem)
[    0.000000] Virtual kernel memory layout:
[    0.000000]     vector  : 0xffff0000 - 0xffff1000   (   4 kB)
[    0.000000]     fixmap  : 0xffc00000 - 0xfff00000   (3072 kB)
[    0.000000]     vmalloc : 0xf0800000 - 0xff800000   ( 240 MB)
[    0.000000]     lowmem  : 0xc0000000 - 0xf0000000   ( 768 MB)
[    0.000000]     pkmap   : 0xbfe00000 - 0xc0000000   (   2 MB)
[    0.000000]     modules : 0xbf000000 - 0xbfe00000   (  14 MB)
[    0.000000]       .text : 0xc0208000 - 0xc1063fe4   (14704 kB)
[    0.000000]       .init : 0xc1100000 - 0xc1300000   (2048 kB)
[    0.000000]       .data : 0xc1300000 - 0xc141a080   (1129 kB)
[    0.000000]        .bss : 0xc141c000 - 0xc1470a98   ( 339 kB)
[    0.000000] SLUB: HWalign=64, Order=0-3, MinObjects=0, CPUs=4, Nodes=1
[    0.000000] Hierarchical RCU implementation.
[    0.000000] 	Build-time adjustment of leaf fanout to 32.
[    0.000000] 	RCU restricting CPUs from NR_CPUS=16 to nr_cpu_ids=4.
[    0.000000] RCU: Adjusting geometry for rcu_fanout_leaf=32, nr_cpu_ids=4
[    0.000000] NR_IRQS:16 nr_irqs:16 16
[    0.000000] /interrupt-controller@60004000: 160 interrupts forwarded to /interrupt-controller@50041000
[    0.000000] L2C: platform modifies aux control register: 0x02080000 -> 0x3e480001
[    0.000000] L2C: DT/platform modifies aux control register: 0x02080000 -> 0x3e480001
[    0.000000] L2C-310 erratum 769419 enabled
[    0.000000] L2C-310 enabling early BRESP for Cortex-A9
[    0.000000] L2C-310: enabling full line of zeros but not enabled in Cortex-A9
[    0.000000] L2C-310 dynamic clock gating enabled, standby mode enabled
[    0.000000] L2C-310 cache controller enabled, 8 ways, 1024 kB
[    0.000000] L2C-310: CACHE_ID 0x410000c7, AUX_CTRL 0x4e480001
[    0.000014] sched_clock: 32 bits at 1000kHz, resolution 1000ns, wraps every 2147483647500ns
[    0.000031] clocksource: timer_us: mask: 0xffffffff max_cycles: 0xffffffff, max_idle_ns: 1911260446275 ns
[    0.000041] Switching to timer-based delay loop, resolution 1000ns
[    0.002777] Console: colour dummy device 80x30
[    0.002804] Calibrating delay loop (skipped), value calculated using timer frequency.. 2.00 BogoMIPS (lpj=5000)
[    0.002813] pid_max: default: 32768 minimum: 301
[    0.002899] Mount-cache hash table entries: 2048 (order: 1, 8192 bytes)
[    0.002907] Mountpoint-cache hash table entries: 2048 (order: 1, 8192 bytes)
[    0.003334] CPU: Testing write buffer coherency: ok
[    0.003618] CPU0: thread -1, cpu 0, socket 0, mpidr 80000000
[    0.003663] Setting up static identity map for 0x80300000 - 0x80300098
[    0.006126] Tegra Revision: A03 SKU: 128 CPU Process: 4 SoC Process: 0
[    0.010345] CPU1: thread -1, cpu 1, socket 0, mpidr 80000001
[    0.015331] CPU2: thread -1, cpu 2, socket 0, mpidr 80000002
[    0.020329] CPU3: thread -1, cpu 3, socket 0, mpidr 80000003
[    0.020374] Brought up 4 CPUs
[    0.020388] SMP: Total of 4 processors activated (8.00 BogoMIPS).
[    0.020393] CPU: All CPU(s) started in SVC mode.
[    0.021084] devtmpfs: initialized
[    0.029142] VFP support v0.3: implementor 41 architecture 3 part 30 variant 9 rev 4
[    0.029769] clocksource: jiffies: mask: 0xffffffff max_cycles: 0xffffffff, max_idle_ns: 9556302231375000 ns
[    0.033034] pinctrl core: initialized pinctrl subsystem
[    0.034520] NET: Registered protocol family 16
[    0.037234] DMA: preallocated 256 KiB pool for atomic coherent allocations
[    0.049925] cpuidle: using governor menu
[    0.058694] No ATAGs?
[    0.058722] hw-breakpoint: found 5 (+1 reserved) breakpoint and 1 watchpoint registers.
[    0.058728] hw-breakpoint: maximum watchpoint size is 4 bytes.
[    0.061923] Serial: AMBA PL011 UART driver
[    0.063272] tegra-mc 7000f000.memory-controller: no memory timings for RAM code 3 registered
[    0.082834] vdd_5v_sata: Failed to request enable GPIO30: -517
[    0.082848] reg-fixed-voltage regulators:regulator@3: Failed to register regulator: -517
[    0.082892] usb1_vbus: Failed to request enable GPIO238: -517
[    0.082899] reg-fixed-voltage regulators:regulator@4: Failed to register regulator: -517
[    0.082942] usb3_vbus: Failed to request enable GPIO236: -517
[    0.082950] reg-fixed-voltage regulators:regulator@5: Failed to register regulator: -517
[    0.083037] sys_3v3_pexs: Failed to request enable GPIO95: -517
[    0.083044] reg-fixed-voltage regulators:regulator@7: Failed to register regulator: -517
[    0.085076] vgaarb: loaded
[    0.085558] SCSI subsystem initialized
[    0.085668] libata version 3.00 loaded.
[    0.085826] usbcore: registered new interface driver usbfs
[    0.085868] usbcore: registered new interface driver hub
[    0.085905] usbcore: registered new device driver usb
[    0.092620] vrtc: supplied by vdd_5v_in
[    0.095927] vio: supplied by vdd_5v_in
[    0.101814] vdd1: supplied by vdd_5v_in
[    0.103175] vddio_ddr_1v2: Bringing 600000uV into 1200000-1200000uV
[    0.106820] vdd2: supplied by vdd_5v_in
[    0.116815] ldo1: supplied by vdd_1v5_gen
[    0.119194] ldo2: supplied by vdd_1v5_gen
[    0.119681] vdd_sata,avdd_plle: Bringing 1200000uV into 1050000-1050000uV
[    0.121923] ldo3: supplied by vdd_5v_in
[    0.124291] ldo4: supplied by vdd_5v_in
[    0.126826] ldo5: supplied by vdd_5v_in
[    0.131825] ldo6: supplied by vdd_1v8_gen
[    0.132296] avdd_dsi_csi,pwrdet_mipi: Bringing 1000000uV into 1200000-1200000uV
[    0.134531] ldo7: supplied by vdd_1v8_gen
[    0.141836] ldo8: supplied by vdd_1v8_gen
[    0.146864] pps_core: LinuxPPS API ver. 1 registered
[    0.146871] pps_core: Software ver. 5.3.6 - Copyright 2005-2007 Rodolfo Giometti <giometti@linux.it>
[    0.146883] PTP clock support registered
[    0.147019] EDAC MC: Ver: 3.0.0
[    0.148549] clocksource: Switched to clocksource timer_us
[    0.154328] NET: Registered protocol family 2
[    0.154730] TCP established hash table entries: 8192 (order: 3, 32768 bytes)
[    0.154784] TCP bind hash table entries: 8192 (order: 4, 65536 bytes)
[    0.154867] TCP: Hash tables configured (established 8192 bind 8192)
[    0.154952] UDP hash table entries: 512 (order: 2, 16384 bytes)
[    0.155011] UDP-Lite hash table entries: 512 (order: 2, 16384 bytes)
[    0.155178] NET: Registered protocol family 1
[    0.155403] RPC: Registered named UNIX socket transport module.
[    0.155410] RPC: Registered udp transport module.
[    0.155414] RPC: Registered tcp transport module.
[    0.155418] RPC: Registered tcp NFSv4.1 backchannel transport module.
[    0.155427] PCI: CLS 0 bytes, default 64
[    0.156173] hw perfevents: enabled with armv7_cortex_a9 PMU driver, 7 counters available
[    0.157061] futex hash table entries: 1024 (order: 4, 65536 bytes)
[    0.157590] workingset: timestamp_bits=28 max_order=19 bucket_order=0
[    0.162787] squashfs: version 4.0 (2009/01/31) Phillip Lougher
[    0.163255] NFS: Registering the id_resolver key type
[    0.163297] Key type id_resolver registered
[    0.163302] Key type id_legacy registered
[    0.163331] ntfs: driver 2.1.32 [Flags: R/O].
[    0.164172] bounce: pool size: 64 pages
[    0.164288] Block layer SCSI generic (bsg) driver version 0.4 loaded (major 248)
[    0.164297] io scheduler noop registered
[    0.164302] io scheduler deadline registered
[    0.164320] io scheduler cfq registered (default)
[    0.176818] tegra-pcie 3000.pcie-controller: 2x3 configuration
[    0.176974] tegra-pcie 3000.pcie-controller: Failed to get supply 'hvdd-pex': -517
[    0.180740] tegra-apbdma 6000a000.dma: Tegra20 APB DMA driver register 32 channels
[    0.181896] tegra-pmc 7000e400.pmc: i2c-thermtrip node not found, emergency thermal reset disabled.
[    0.213520] Serial: 8250/16550 driver, 4 ports, IRQ sharing disabled
[    0.215619] console [ttyS0] disabled
[    0.215656] 70006000.serial: ttyS0 at MMIO 0x70006000 (irq = 331, base_baud = 25500000) is a Tegra
[    1.073333] console [ttyS0] enabled
[    1.077326] SuperH (H)SCI(F) driver initialized
[    1.082465] msm_serial: driver initialized
[    1.086675] STMicroelectronics ASC driver initialized
[    1.093948] [drm] Initialized drm 1.1.0 20060810
[    1.100538] tegra-hdmi 54280000.hdmi: failed to get HDMI regulator
[    1.114546] brd: module loaded
[    1.121475] loop: module loaded
[    1.129635] m25p80 spi32766.1: w25q32 (4096 Kbytes)
[    1.136938] CAN device driver interface
[    1.141911] igb: Intel(R) Gigabit Ethernet Network Driver - version 5.3.0-k
[    1.148867] igb: Copyright (c) 2007-2014 Intel Corporation.
[    1.156227] pegasus: v0.9.3 (2013/04/25), Pegasus/Pegasus II USB Ethernet driver
[    1.163670] usbcore: registered new interface driver pegasus
[    1.169355] usbcore: registered new interface driver asix
[    1.174772] usbcore: registered new interface driver ax88179_178a
[    1.180880] usbcore: registered new interface driver cdc_ether
[    1.186737] usbcore: registered new interface driver smsc75xx
[    1.192508] usbcore: registered new interface driver smsc95xx
[    1.198277] usbcore: registered new interface driver net1080
[    1.203952] usbcore: registered new interface driver cdc_subset
[    1.209886] usbcore: registered new interface driver zaurus
[    1.215505] usbcore: registered new interface driver cdc_ncm
[    1.222641] ehci_hcd: USB 2.0 'Enhanced' Host Controller (EHCI) Driver
[    1.229169] ehci-pci: EHCI PCI platform driver
[    1.233631] ehci-platform: EHCI generic platform driver
[    1.238975] ehci-omap: OMAP-EHCI Host Controller driver
[    1.244279] ehci-orion: EHCI orion driver
[    1.248350] SPEAr-ehci: EHCI SPEAr driver
[    1.252438] ehci-st: EHCI STMicroelectronics driver
[    1.257390] ehci-exynos: EHCI EXYNOS driver
[    1.261662] ehci-atmel: EHCI Atmel driver
[    1.265745] tegra-ehci: Tegra EHCI driver
[    1.269931] ------------[ cut here ]------------
[    1.274576] WARNING: CPU: 1 PID: 1 at drivers/reset/core.c:187 __of_reset_control_get+0x1bc/0x228
[    1.283433] Modules linked in:
[    1.286494] CPU: 1 PID: 1 Comm: swapper/0 Not tainted 4.6.0-rc5-next-20160428-114808-g86137b6 #1
[    1.295256] Hardware name: NVIDIA Tegra SoC (Flattened Device Tree)
[    1.301546] [<c030f9a0>] (unwind_backtrace) from [<c030b088>] (show_stack+0x10/0x14)
[    1.309277] [<c030b088>] (show_stack) from [<c0584f08>] (dump_stack+0x84/0xa4)
[    1.316494] [<c0584f08>] (dump_stack) from [<c0341b64>] (__warn+0xd4/0x100)
[    1.323441] [<c0341b64>] (__warn) from [<c0341bb0>] (warn_slowpath_null+0x20/0x28)
[    1.330995] [<c0341bb0>] (warn_slowpath_null) from [<c069b5b8>] (__of_reset_control_get+0x1bc/0x228)
[    1.340115] [<c069b5b8>] (__of_reset_control_get) from [<c090bf20>] (tegra_ehci_probe+0x2d0/0x51c)
[    1.349065] [<c090bf20>] (tegra_ehci_probe) from [<c0774010>] (platform_drv_probe+0x50/0xb0)
[    1.357487] [<c0774010>] (platform_drv_probe) from [<c0772974>] (driver_probe_device+0x1f4/0x2b0)
[    1.366339] [<c0772974>] (driver_probe_device) from [<c0772adc>] (__driver_attach+0xac/0xb0)
[    1.374758] [<c0772adc>] (__driver_attach) from [<c0770f88>] (bus_for_each_dev+0x54/0x88)
[    1.382915] [<c0770f88>] (bus_for_each_dev) from [<c0771f68>] (bus_add_driver+0xe8/0x1f4)
[    1.391074] [<c0771f68>] (bus_add_driver) from [<c07732f8>] (driver_register+0x78/0xf4)
[    1.399060] [<c07732f8>] (driver_register) from [<c0301e5c>] (do_one_initcall+0x3c/0x16c)
[    1.407224] [<c0301e5c>] (do_one_initcall) from [<c1100d80>] (kernel_init_freeable+0x120/0x1ec)
[    1.415911] [<c1100d80>] (kernel_init_freeable) from [<c0b524fc>] (kernel_init+0x8/0x118)
[    1.424072] [<c0b524fc>] (kernel_init) from [<c0307f78>] (ret_from_fork+0x14/0x3c)
[    1.431649] ---[ end trace bd977e3630b98cee ]---
[    1.436264] tegra-ehci 7d004000.usb: can't get utmi-pads reset from the PHY
[    1.443215] tegra-ehci 7d004000.usb: continuing, but please update your DT
[    1.450251] ohci_hcd: USB 1.1 'Open' Host Controller (OHCI) Driver
[    1.456437] ohci-pci: OHCI PCI platform driver
[    1.460907] ohci-platform: OHCI generic platform driver
[    1.466235] ohci-omap3: OHCI OMAP3 driver
[    1.470318] SPEAr-ohci: OHCI SPEAr driver
[    1.474401] ohci-st: OHCI STMicroelectronics driver
[    1.479350] ohci-atmel: OHCI Atmel driver
[    1.483802] usbcore: registered new interface driver usb-storage
[    1.490767] mousedev: PS/2 mouse device common for all mice
[    1.498286] tegra_rtc 7000e000.rtc: rtc core: registered 7000e000.rtc as rtc1
[    1.505458] tegra_rtc 7000e000.rtc: Tegra internal Real Time Clock
[    1.524111] tps65910-rtc tps65910-rtc: rtc core: registered tps65910-rtc as rtc0
[    1.531690] i2c /dev entries driver
[    1.542453] sdhci: Secure Digital Host Controller Interface driver
[    1.548639] sdhci: Copyright(c) Pierre Ossman
[    1.553898] Synopsys Designware Multimedia Card Interface Driver
[    1.560540] sdhci-pltfm: SDHCI platform and OF driver helper
[    1.566743] sdhci-tegra 78000000.sdhci: Got CD GPIO
[    1.571633] sdhci-tegra 78000000.sdhci: Got WP GPIO
[    1.577661] mmc0: Invalid maximum block size, assuming 512 bytes
[    1.618630] mmc0: SDHCI controller on 78000000.sdhci [78000000.sdhci] using ADMA
[    1.629275] mmc1: Invalid maximum block size, assuming 512 bytes
[    1.668555] mmc1: SDHCI controller on 78000600.sdhci [78000600.sdhci] using ADMA
[    1.677056] ledtrig-cpu: registered to indicate activity on CPUs
[    1.683349] usbcore: registered new interface driver usbhid
[    1.688918] usbhid: USB HID core driver
[    1.695972] NET: Registered protocol family 10
[    1.700968] sit: IPv6 over IPv4 tunneling driver
[    1.706028] NET: Registered protocol family 17
[    1.710479] can: controller area network core (rev 20120528 abi 9)
[    1.716693] NET: Registered protocol family 29
[    1.721135] can: raw protocol (rev 20120528)
[    1.725400] can: broadcast manager protocol (rev 20120528 t)
[    1.731059] can: netlink gateway (rev 20130117) max_hops=1
[    1.736820] Key type dns_resolver registered
[    1.741481] ThumbEE CPU extension supported.
[    1.745756] Registering SWP/SWPB emulation handler
[    1.756582] vdd_ddr: supplied by vdd_5v_in
[    1.763358] vdd_5v_sata: supplied by vdd_5v_in
[    1.768177] usb1_vbus: supplied by vdd_5v_in
[    1.774797] usb3_vbus: supplied by vdd_5v_in
[    1.782150] sys_3v3,vdd_3v3_alw: supplied by vdd_5v_in
[    1.789902] +VDD_5V_HDMI: supplied by sys_3v3,vdd_3v3_alw
[    1.797531] sys_3v3_pexs: supplied by sys_3v3,vdd_3v3_alw
[    1.805645] tegra-pcie 3000.pcie-controller: 2x3 configuration
[    1.820247] tegra-pcie 3000.pcie-controller: probing port 0, using 2 lanes
[    1.881709] mmc1: new high speed MMC card at address 0001
[    1.885422] tegra-pcie 3000.pcie-controller: probing port 2, using 2 lanes
[    1.896676] mmcblk1: mmc1:0001 SEM16G 14.8 GiB 
[    1.903322] mmcblk1boot0: mmc1:0001 SEM16G partition 1 1.00 MiB
[    1.910915] mmcblk1boot1: mmc1:0001 SEM16G partition 2 1.00 MiB
[    1.918929] mmcblk1rpmb: mmc1:0001 SEM16G partition 3 128 KiB
[    1.932037] Primary GPT is invalid, using alternate GPT.
[    1.937362]  mmcblk1: p1 p2 p3 p4 p5
[    2.288787] tegra-pcie 3000.pcie-controller: link 2 down, retrying
[    2.698800] tegra-pcie 3000.pcie-controller: link 2 down, retrying
[    3.108818] tegra-pcie 3000.pcie-controller: link 2 down, retrying
[    3.117003] tegra-pcie 3000.pcie-controller: link 2 down, ignoring
[    3.123318] tegra-pcie 3000.pcie-controller: PCI host bridge to bus 0000:00
[    3.130279] pci_bus 0000:00: root bus resource [io  0x0000-0xffff]
[    3.136452] pci_bus 0000:00: root bus resource [mem 0x20000000-0x27ffffff]
[    3.143317] pci_bus 0000:00: root bus resource [mem 0x28000000-0x3fffffff pref]
[    3.150616] pci_bus 0000:00: root bus resource [bus 00-ff]
[    3.156116] pci 0000:00:01.0: [10de:0e1c] type 01 class 0x060400
[    3.162178] pci 0000:00:01.0: PME# supported from D0 D1 D2 D3hot D3cold
[    3.168936] PCI: bus0: Fast back to back transfers disabled
[    3.174509] pci 0000:00:01.0: bridge configuration invalid ([bus 00-00]), reconfiguring
[    3.182595] pci 0000:01:00.0: [10ec:8168] type 00 class 0x020000
[    3.188612] pci 0000:01:00.0: reg 0x10: [io  0x0000-0x00ff]
[    3.194191] pci 0000:01:00.0: reg 0x18: [mem 0x00000000-0x00000fff 64bit pref]
[    3.201410] pci 0000:01:00.0: reg 0x20: [mem 0x00000000-0x00003fff 64bit pref]
[    3.208692] pci 0000:01:00.0: supports D1 D2
[    3.212948] pci 0000:01:00.0: PME# supported from D0 D1 D2 D3hot D3cold
[    3.228573] PCI: bus1: Fast back to back transfers disabled
[    3.234144] pci_bus 0000:01: busn_res: [bus 01-ff] end is updated to 01
[    3.240811] pci 0000:00:01.0: BAR 9: assigned [mem 0x28000000-0x280fffff 64bit pref]
[    3.248548] pci 0000:00:01.0: BAR 7: assigned [io  0x1000-0x1fff]
[    3.254638] pci 0000:01:00.0: BAR 4: assigned [mem 0x28000000-0x28003fff 64bit pref]
[    3.262380] pci 0000:01:00.0: BAR 2: assigned [mem 0x28004000-0x28004fff 64bit pref]
[    3.270119] pci 0000:01:00.0: BAR 0: assigned [io  0x1000-0x10ff]
[    3.276207] pci 0000:00:01.0: PCI bridge to [bus 01]
[    3.281166] pci 0000:00:01.0:   bridge window [io  0x1000-0x1fff]
[    3.287252] pci 0000:00:01.0:   bridge window [mem 0x28000000-0x280fffff 64bit pref]
[    3.294997] pci 0000:00:01.0: nv_msi_ht_cap_quirk didn't locate host bridge
[    3.302055] pcieport 0000:00:01.0: enabling device (0140 -> 0143)
[    3.308289] pcieport 0000:00:01.0: Signaling PME through PCIe PME interrupt
[    3.315246] pci 0000:01:00.0: Signaling PME through PCIe PME interrupt
[    3.321767] pcie_pme 0000:00:01.0:pcie01: service driver pcie_pme loaded
[    3.328645] r8169 Gigabit Ethernet driver 2.3LK-NAPI loaded
[    3.334231] r8169 0000:01:00.0: enabling device (0140 -> 0143)
[    3.341366] r8169 0000:01:00.0 eth0: RTL8168evl/8111evl at 0xf09f2000, 02:04:4b:01:60:a6, XID 0c900800 IRQ 375
[    3.351369] r8169 0000:01:00.0 eth0: jumbo features [frames: 9200 bytes, tx checksumming: ko]
[    3.363487] [drm] Supports vblank timestamp caching Rev 2 (21.10.2013).
[    3.370107] [drm] No driver support for vblank timestamp query.
[    3.376046] drm drm: No connectors reported connected with modes
[    3.382052] [drm] Cannot find any crtc or sizes - going 1024x768
[    3.408293] Console: switching to colour frame buffer device 128x48
[    3.421238] drm drm: fb0:  frame buffer device
[    3.438554] [drm] Initialized tegra 0.0.0 20120330 on minor 0
[    3.449609] utmi_phy_clk_enable: timeout waiting for phy to stabilize
[    3.456076] tegra-ehci 7d004000.usb: EHCI Host Controller
[    3.461488] tegra-ehci 7d004000.usb: new USB bus registered, assigned bus number 1
[    3.469327] tegra-ehci 7d004000.usb: irq 343, io mem 0x7d004000
[    3.483566] tegra-ehci 7d004000.usb: USB 2.0 started, EHCI 1.00
[    3.490438] hub 1-0:1.0: USB hub found
[    3.494213] hub 1-0:1.0: 1 port detected
[    3.499254] tegra-ehci 7d008000.usb: EHCI Host Controller
[    3.504666] tegra-ehci 7d008000.usb: new USB bus registered, assigned bus number 2
[    3.512413] tegra-ehci 7d008000.usb: irq 344, io mem 0x7d008000
[    3.523570] tegra-ehci 7d008000.usb: USB 2.0 started, EHCI 1.00
[    3.530373] hub 2-0:1.0: USB hub found
[    3.534144] hub 2-0:1.0: 1 port detected
[    3.544883] tps65910-rtc tps65910-rtc: setting system clock to 2000-01-01 00:00:02 UTC (946684802)
[    3.558495] vdd_sata,avdd_plle: disabling
[    3.563336] usb1_vbus: disabling
[    3.569216] EXT4-fs (mmcblk1p1): mounting ext3 file system using the ext4 subsystem
[    3.587914] EXT4-fs (mmcblk1p1): warning: mounting fs with errors, running e2fsck is recommended
[    3.599355] EXT4-fs (mmcblk1p1): recovery complete
[    3.604155] EXT4-fs (mmcblk1p1): mounted filesystem with ordered data mode. Opts: (null)
[    3.612260] VFS: Mounted root (ext3 filesystem) on device 179:1.
[    3.630661] devtmpfs: mounted
[    3.636292] Freeing unused kernel memory: 2048K (c1100000 - c1300000)
bash: cannot set terminal process group (-1): Inappropriate ioctl for device
bash: no job control in this shell
root@(none):/# [    3.843577] usb 2-1: new high-speed USB device number 2 using tegra-ehci
mount -t sysfs none /sys
root@(none):/# 
root@(none):/# [    4.782203] asix 2-1:1.0 eth1: register 'asix' at usb-7d008000.usb-1, ASIX AX88772 USB 2.0 Ethernet, 00:50:b6:0f:67:60
mount -t debugfs none /sys/kernel/debug
root@(none):/# 
root@(none):/# rtcwake -d rtc1 -m mem -s 3
rtcwake: wakeup from "mem" using /dev/rtc1 at Thu Jan  1 00:00:21 1970
[    6.515820] PM: Syncing filesystems ... done.
[    6.528127] Freezing user space processes ... (elapsed 0.001 seconds) done.
[    6.536250] Freezing remaining freezable tasks ... (elapsed 0.001 seconds) done.
[    6.544884] Suspending console(s) (use no_console_suspend to debug)
[    6.588290] PM: suspend of devices complete after 36.125 msecs
[    6.590539] PM: late suspend of devices complete after 2.241 msecs
[    6.604007] PM: noirq suspend of devices complete after 13.460 msecs
[    6.604011] Disabling non-boot CPUs ...
[    6.604680] CPU1: shutdown
[    6.634948] CPU2: shutdown
[    6.649486] IRQ17 no longer affine to CPU3
[    6.649694] CPU3: shutdown
[    6.664036] Entering suspend state LP1
[    6.664049] Enabling non-boot CPUs ...
[    6.689555] CPU1 is up
[    6.714652] CPU2 is up
[    6.739775] CPU3 is up
[    6.740386] pcieport 0000:00:01.0: nv_msi_ht_cap_quirk didn't locate host bridge
[    6.753613] PM: noirq resume of devices complete after 13.831 msecs
[    6.755374] PM: early resume of devices complete after 1.395 msecs
[    6.821398] PM: resume of devices complete after 66.014 msecs
[    6.896610] Restarting tasks ... done.
root@(none):/# 
root@(none):/# rtcwake -d rtc1 -m mem -s 3
rtcwake: wakeup from "mem" using /dev/rtc1 at Thu Jan  1 00:00:26 1970
[    7.996378] PM: Syncing filesystems ... done.
[    8.008020] Freezing user space processes ... (elapsed 0.001 seconds) done.
[    8.016134] Freezing remaining freezable tasks ... (elapsed 0.001 seconds) done.
[    8.024751] Suspending console(s) (use no_console_suspend to debug)
[    8.061895] PM: suspend of devices complete after 29.959 msecs
[    8.063305] PM: late suspend of devices complete after 1.403 msecs
[    8.078996] PM: noirq suspend of devices complete after 15.683 msecs
[    8.078999] Disabling non-boot CPUs ...
[    8.079366] IRQ17 no longer affine to CPU1
[    8.079676] CPU1: shutdown
[    8.104933] CPU2: shutdown
[    8.119519] CPU3: shutdown
[    8.134009] Entering suspend state LP1
[    8.134024] Enabling non-boot CPUs ...
[    8.159718] CPU1 is up
[    8.184776] CPU2 is up
[    8.209926] CPU3 is up
[    8.210678] pcieport 0000:00:01.0: nv_msi_ht_cap_quirk didn't locate host bridge
[    8.223596] PM: noirq resume of devices complete after 13.655 msecs
[    8.225330] PM: early resume of devices complete after 1.296 msecs
[    8.296677] PM: resume of devices complete after 71.331 msecs
[    8.372106] Restarting tasks ... done.
root@(none):/# 
root@(none):/# rtcwake -d rtc1 -m mem -s 3
rtcwake: wakeup from "mem" using /dev/rtc1 at Thu Jan  1 00:00:31 1970
[    9.464724] PM: Syncing filesystems ... done.
[    9.478961] Freezing user space processes ... (elapsed 0.001 seconds) done.
[    9.487102] Freezing remaining freezable tasks ... (elapsed 0.001 seconds) done.
[    9.495787] Suspending console(s) (use no_console_suspend to debug)
[    9.539075] PM: suspend of devices complete after 35.815 msecs
[    9.541926] PM: late suspend of devices complete after 2.842 msecs
[    9.554046] PM: noirq suspend of devices complete after 12.112 msecs
[    9.554049] Disabling non-boot CPUs ...
[    9.554478] IRQ17 no longer affine to CPU1
[    9.554874] CPU1: shutdown
[    9.580152] CPU2: shutdown
[    9.594620] CPU3: shutdown
[    9.609022] Entering suspend state LP1
[    9.609038] Enabling non-boot CPUs ...
[    9.634683] CPU1 is up
[    9.659768] CPU2 is up
[    9.684891] CPU3 is up
[    9.685628] pcieport 0000:00:01.0: nv_msi_ht_cap_quirk didn't locate host bridge
[    9.698583] PM: noirq resume of devices complete after 13.684 msecs
[    9.700802] PM: early resume of devices complete after 1.785 msecs
[    9.771901] PM: resume of devices complete after 71.084 msecs
[    9.847346] Restarting tasks ... done.
root@(none):/# 
root@(none):/# rtcwake -d rtc1 -m mem -s 3
rtcwake: wakeup from "mem" using /dev/rtc1 at Thu Jan  1 00:00:36 1970
[   10.935090] PM: Syncing filesystems ... done.
[   10.949352] Freezing user space processes ... (elapsed 0.001 seconds) done.
[   10.957503] Freezing remaining freezable tasks ... (elapsed 0.001 seconds) done.
[   10.966196] Suspending console(s) (use no_console_suspend to debug)
[   11.007537] PM: suspend of devices complete after 33.858 msecs
[   11.008337] PM: late suspend of devices complete after 0.793 msecs
[   11.024043] PM: noirq suspend of devices complete after 15.694 msecs
[   11.024047] Disabling non-boot CPUs ...
[   11.024500] IRQ17 no longer affine to CPU1
[   11.024894] CPU1: shutdown
[   11.050100] CPU2: shutdown
[   11.064618] CPU3: shutdown
[   11.079003] Entering suspend state LP1
[   11.079016] Enabling non-boot CPUs ...
[   11.104663] CPU1 is up
[   11.129760] CPU2 is up
[   11.154881] CPU3 is up
[   11.155620] pcieport 0000:00:01.0: nv_msi_ht_cap_quirk didn't locate host bridge
[   11.168548] PM: noirq resume of devices complete after 13.658 msecs
[   11.171228] PM: early resume of devices complete after 2.262 msecs
[   11.241917] PM: resume of devices complete after 70.676 msecs
[   11.317353] Restarting tasks ... done.
root@(none):/# 
root@(none):/# rtcwake -d rtc1 -m mem -s 3
rtcwake: wakeup from "mem" using /dev/rtc1 at Thu Jan  1 00:00:41 1970
[   12.402787] PM: Syncing filesystems ... done.
[   12.417040] Freezing user space processes ... (elapsed 0.001 seconds) done.
[   12.425209] Freezing remaining freezable tasks ... (elapsed 0.001 seconds) done.
[   12.433888] Suspending console(s) (use no_console_suspend to debug)
[   12.474032] PM: suspend of devices complete after 32.676 msecs
[   12.476883] PM: late suspend of devices complete after 2.842 msecs
[   12.489005] PM: noirq suspend of devices complete after 12.112 msecs
[   12.489009] Disabling non-boot CPUs ...
[   12.489453] IRQ17 no longer affine to CPU1
[   12.489840] CPU1: shutdown
[   12.505092] CPU2: shutdown
[   12.519575] CPU3: shutdown
[   12.533979] Entering suspend state LP1
[   12.533994] Enabling non-boot CPUs ...
[   12.559648] CPU1 is up
[   12.584725] CPU2 is up
[   12.609847] CPU3 is up
[   12.610570] pcieport 0000:00:01.0: nv_msi_ht_cap_quirk didn't locate host bridge
[   12.623532] PM: noirq resume of devices complete after 13.677 msecs
[   12.625213] PM: early resume of devices complete after 1.267 msecs
[   12.696857] PM: resume of devices complete after 71.627 msecs
[   12.772302] Restarting tasks ... done.
root@(none):/# 
root@(none):/# rtcwake -d rtc1 -m mem -s 3
rtcwake: wakeup from "mem" using /dev/rtc1 at Thu Jan  1 00:00:46 1970
[   13.858596] PM: Syncing filesystems ... done.
[   13.872825] Freezing user space processes ... (elapsed 0.001 seconds) done.
[   13.880993] Freezing remaining freezable tasks ... (elapsed 0.001 seconds) done.
[   13.889655] Suspending console(s) (use no_console_suspend to debug)
[   13.926933] PM: suspend of devices complete after 29.799 msecs
[   13.928783] PM: late suspend of devices complete after 1.840 msecs
[   13.944007] PM: noirq suspend of devices complete after 15.215 msecs
[   13.944012] Disabling non-boot CPUs ...
[   13.944836] CPU1: shutdown
[   13.959832] IRQ17 no longer affine to CPU2
[   13.960092] CPU2: shutdown
[   13.974566] CPU3: shutdown
[   13.988956] Entering suspend state LP1
[   13.988971] Enabling non-boot CPUs ...
[   14.014635] CPU1 is up
[   14.039690] CPU2 is up
[   14.064827] CPU3 is up
[   14.065557] pcieport 0000:00:01.0: nv_msi_ht_cap_quirk didn't locate host bridge
[   14.078513] PM: noirq resume of devices complete after 13.676 msecs
[   14.080710] PM: early resume of devices complete after 1.760 msecs
[   14.151776] PM: resume of devices complete after 71.050 msecs
[   14.227245] Restarting tasks ... done.
root@(none):/# 
root@(none):/# rtcwake -d rtc1 -m mem -s 3
rtcwake: wakeup from "mem" using /dev/rtc1 at Thu Jan  1 00:00:51 1970
[   15.314370] PM: Syncing filesystems ... done.
[   15.328608] Freezing user space processes ... (elapsed 0.001 seconds) done.
[   15.336737] Freezing remaining freezable tasks ... (elapsed 0.001 seconds) done.
[   15.345423] Suspending console(s) (use no_console_suspend to debug)
[   15.386894] PM: suspend of devices complete after 34.005 msecs
[   15.388719] PM: late suspend of devices complete after 1.818 msecs
[   15.403976] PM: noirq suspend of devices complete after 15.248 msecs
[   15.403979] Disabling non-boot CPUs ...
[   15.404432] IRQ17 no longer affine to CPU1
[   15.404819] CPU1: shutdown
[   15.430034] CPU2: shutdown
[   15.444540] CPU3: shutdown
[   15.458958] Entering suspend state LP1
[   15.458973] Enabling non-boot CPUs ...
[   15.484614] CPU1 is up
[   15.509670] CPU2 is up
[   15.534808] CPU3 is up
[   15.535554] pcieport 0000:00:01.0: nv_msi_ht_cap_quirk didn't locate host bridge
[   15.548494] PM: noirq resume of devices complete after 13.673 msecs
[   15.550186] PM: early resume of devices complete after 1.270 msecs
[   15.616842] PM: resume of devices complete after 66.641 msecs
[   15.692278] Restarting tasks ... done.
root@(none):/# 
root@(none):/# rtcwake -d rtc1 -m mem -s 3
rtcwake: wakeup from "mem" using /dev/rtc1 at Thu Jan  1 00:00:56 1970
[   16.798001] PM: Syncing filesystems ... done.
[   16.812265] Freezing user space processes ... (elapsed 0.001 seconds) done.
[   16.820430] Freezing remaining freezable tasks ... (elapsed 0.001 seconds) done.
[   16.829102] Suspending console(s) (use no_console_suspend to debug)
[   16.873475] PM: suspend of devices complete after 36.893 msecs
[   16.875300] PM: late suspend of devices complete after 1.815 msecs
[   16.888952] PM: noirq suspend of devices complete after 13.645 msecs
[   16.888957] Disabling non-boot CPUs ...
[   16.889391] IRQ17 no longer affine to CPU1
[   16.889774] CPU1: shutdown
[   16.905051] CPU2: shutdown
[   16.919527] CPU3: shutdown
[   16.933904] Entering suspend state LP1
[   16.933917] Enabling non-boot CPUs ...
[   16.959580] CPU1 is up
[   16.984634] CPU2 is up
[   17.009766] CPU3 is up
[   17.010490] pcieport 0000:00:01.0: nv_msi_ht_cap_quirk didn't locate host bridge
[   17.023457] PM: noirq resume of devices complete after 13.682 msecs
[   17.025742] PM: early resume of devices complete after 1.843 msecs
[   17.096019] PM: resume of devices complete after 70.261 msecs
[   17.171440] Restarting tasks ... done.
root@(none):/# 
root@(none):/# rtcwake -d rtc1 -m mem -s 3
rtcwake: wakeup from "mem" using /dev/rtc1 at Thu Jan  1 00:01:01 1970
[   18.258971] PM: Syncing filesystems ... done.
[   18.273223] Freezing user space processes ... (elapsed 0.001 seconds) done.
[   18.281377] Freezing remaining freezable tasks ... (elapsed 0.001 seconds) done.
[   18.290054] Suspending console(s) (use no_console_suspend to debug)
[   18.333906] PM: suspend of devices complete after 36.384 msecs
[   18.336284] PM: late suspend of devices complete after 2.368 msecs
[   18.348929] PM: noirq suspend of devices complete after 12.636 msecs
[   18.348933] Disabling non-boot CPUs ...
[   18.349374] IRQ17 no longer affine to CPU1
[   18.349759] CPU1: shutdown
[   18.380016] CPU2: shutdown
[   18.394470] CPU3: shutdown
[   18.408902] Entering suspend state LP1
[   18.408918] Enabling non-boot CPUs ...
[   18.434560] CPU1 is up
[   18.459650] CPU2 is up
[   18.484764] CPU3 is up
[   18.485510] pcieport 0000:00:01.0: nv_msi_ht_cap_quirk didn't locate host bridge
[   18.498434] PM: noirq resume of devices complete after 13.658 msecs
[   18.501106] PM: early resume of devices complete after 2.241 msecs
[   18.571814] PM: resume of devices complete after 70.693 msecs
[   18.647293] Restarting tasks ... done.
root@(none):/# 
root@(none):/# rtcwake -d rtc1 -m mem -s 3
rtcwake: wakeup from "mem" using /dev/rtc1 at Thu Jan  1 00:01:06 1970
[   19.732582] PM: Syncing filesystems ... done.
[   19.745826] Freezing user space processes ... (elapsed 0.001 seconds) done.
[   19.753995] Freezing remaining freezable tasks ... (elapsed 0.001 seconds) done.
[   19.762657] Suspending console(s) (use no_console_suspend to debug)
[   19.803912] PM: suspend of devices complete after 33.777 msecs
[   19.805727] PM: late suspend of devices complete after 1.807 msecs
[   19.818902] PM: noirq suspend of devices complete after 13.168 msecs
[   19.818908] Disabling non-boot CPUs ...
[   19.819352] IRQ17 no longer affine to CPU1
[   19.819734] CPU1: shutdown
[   19.834987] CPU2: shutdown
[   19.849484] CPU3: shutdown
[   19.863863] Entering suspend state LP1
[   19.863879] Enabling non-boot CPUs ...
[   19.889519] CPU1 is up
[   19.914608] CPU2 is up
[   19.939720] CPU3 is up
[   19.940449] pcieport 0000:00:01.0: nv_msi_ht_cap_quirk didn't locate host bridge
[   19.953405] PM: noirq resume of devices complete after 13.678 msecs
[   19.954596] PM: early resume of devices complete after 0.765 msecs
[   20.021760] PM: resume of devices complete after 67.151 msecs
[   20.097198] Restarting tasks ... done.
root@(none):/# 
root@(none):/# NVTB SYSTEM SUSPEND TEST COMPLETE
