Diff for ./tegra114-dalmore-a04/tegra114-dalmore/multi_v7_defconfig_log.txt
--- /tmp/fooa	2014-06-03 16:45:48.708262313 -0700
+++ /tmp/foob	2014-06-03 16:45:48.712262280 -0700
@@ -37,20 +37,20 @@
 	 #################################################################
 	 #################################################################
 	 ###########
-	 3.6 MiB/s
+	 3.1 MiB/s
 done
-Bytes transferred = 4918608 (4b0d50 hex)
+Bytes transferred = 4921808 (4b19d0 hex)
 Tegra114 (Dalmore) # tftpboot 0x82000000 tegra114-dalmore.dtb
 Using asx0 device
 TFTP from server 192.168.100.1; our IP address is 192.168.100.100
 Filename 'tegra114-dalmore.dtb'.
 Load address: 0x82000000
 Loading: *###
-	 3.3 MiB/s
+	 3 MiB/s
 done
 Bytes transferred = 34244 (85c4 hex)
 Tegra114 (Dalmore) # bootz 0x81000000 - 0x82000000
-Kernel image @ 0x81000000 [ 0x000000 - 0x4b0d50 ]
+Kernel image @ 0x81000000 [ 0x000000 - 0x4b19d0 ]
 ## Flattened Device Tree blob at 82000000
    Booting using the fdt blob at 0x82000000
    Loading Device Tree to 8fff4000, end 8ffff5c3 ... OK
@@ -58,7 +58,7 @@
 Starting kernel ...
 
 Booting Linux on physical CPU 0x0
-Linux version 3.15.0-rc7-next-20140602-26988-ga0a962d (pwalmsley@kaivo) (gcc version 4.7.3 20130328 (prerelease) (crosstool-NG linaro-1.13.1-4.7-2013.04-20130415 - Linaro GCC 2013.04) ) #1 SMP Tue Jun 3 16:13:36 PDT 2014
+Linux version 3.15.0-rc8-next-20140603-27074-gc65cb03 (pwalmsley@kaivo) (gcc version 4.7.3 20130328 (prerelease) (crosstool-NG linaro-1.13.1-4.7-2013.04-20130415 - Linaro GCC 2013.04) ) #1 SMP Tue Jun 3 16:31:08 PDT 2014
 CPU: ARMv7 Processor [412fc0f2] revision 2 (ARMv7), cr=10c5387d
 CPU: PIPT / VIPT nonaliasing data cache, PIPT instruction cache
 Machine model: NVIDIA Tegra114 Dalmore evaluation board
@@ -66,7 +66,7 @@
 cma: CMA: reserved 64 MiB at ab800000
 Memory policy: Data cache writealloc
 On node 0 totalpages: 524032
-free_area_init_node: node 0, pgdat c0c3b340, node_mem_map ea7d8000
+free_area_init_node: node 0, pgdat c0c3b500, node_mem_map ea7d8000
   DMA zone: 1520 pages used for memmap
   DMA zone: 0 pages reserved
   DMA zone: 194560 pages, LIFO batch:31
@@ -89,10 +89,10 @@
     lowmem  : 0xc0000000 - 0xef800000   ( 760 MB)
     pkmap   : 0xbfe00000 - 0xc0000000   (   2 MB)
     modules : 0xbf000000 - 0xbfe00000   (  14 MB)
-      .text : 0xc0208000 - 0xc0ab99cc   (8903 kB)
+      .text : 0xc0208000 - 0xc0ab9a04   (8903 kB)
       .init : 0xc0aba000 - 0xc0b5d100   ( 653 kB)
-      .data : 0xc0b5e000 - 0xc0c3d040   ( 893 kB)
-       .bss : 0xc0c3d048 - 0xc0c88e20   ( 304 kB)
+      .data : 0xc0b5e000 - 0xc0c3d200   ( 893 kB)
+       .bss : 0xc0c3d208 - 0xc0c88fd8   ( 304 kB)
 SLUB: HWalign=64, Order=0-3, MinObjects=0, CPUs=4, Nodes=1
 Hierarchical RCU implementation.
 	RCU restricting CPUs from NR_CPUS=8 to nr_cpu_ids=4.
@@ -114,7 +114,7 @@
 /cpus/cpu@2 missing clock-frequency property
 /cpus/cpu@3 missing clock-frequency property
 CPU0: thread -1, cpu 0, socket 0, mpidr 80000000
-Setting up static identity map for 0x807fd838 - 0x807fd8d0
+Setting up static identity map for 0x807fe170 - 0x807fe208
 CPU1: Booted secondary processor
 CPU1: thread -1, cpu 1, socket 0, mpidr 80000001
 CPU2: Booted secondary processor
@@ -129,7 +129,7 @@
 pinctrl core: initialized pinctrl subsystem
 regulator-dummy: no parameters
 NET: Registered protocol family 16
-DMA: failed to allocate 256 KiB pool for atomic coherent allocation
+DMA: preallocated 256 KiB pool for atomic coherent allocations
 cpuidle: using governor ladder
 cpuidle: using governor menu
 No ATAGs?
@@ -272,8 +272,6 @@
 tegra-hdmi 54280000.hdmi: failed to get HDMI regulator
 platform 54280000.hdmi: Driver tegra-hdmi requests probe deferral
 loop: module loaded
-spi-tegra114 7000da00.spi:  Not able to allocate the dma buffer
-spi-tegra114: probe of 7000da00.spi failed with error -12
 CAN device driver interface
 pegasus: v0.9.3 (2013/04/25), Pegasus/Pegasus II USB Ethernet driver
 usbcore: registered new interface driver pegasus
@@ -340,9 +338,8 @@
  mmcblk0boot1: unknown partition table
  mmcblk0boot0: unknown partition table
 tegra30-i2s 70080400.i2s: DMA channels sourced from device 70080000.ahub
-rt5640 0-001c: ASoC: Failed to set cache compression type: -22
-tegra-snd-rt5640 sound: snd_soc_register_card failed (-22)
-tegra-snd-rt5640: probe of sound failed with error -22
+tegra-snd-rt5640 sound: rt5640-aif1 <-> 70080400.i2s mapping ok
+input: NVIDIA Tegra Dalmore Headphones as /devices/soc0/sound/sound/card0/input0
 TCP: cubic registered
 NET: Registered protocol family 17
 can: controller area network core (rev 20120528 abi 9)
@@ -375,31 +372,36 @@
 platform 54280000.hdmi: Driver tegra-hdmi requests probe deferral
 tegra-ehci 7d008000.usb: EHCI Host Controller
 tegra-ehci 7d008000.usb: new USB bus registered, assigned bus number 1
-tegra-ehci 7d008000.usb: can't setup: -12
-tegra-ehci 7d008000.usb: USB bus 1 deregistered
-tegra-ehci 7d008000.usb: Failed to add USB HCD
-tegra-ehci: probe of 7d008000.usb failed with error -12
-input: gpio-keys as /devices/soc0/gpio-keys/input/input0
+tegra-ehci 7d008000.usb: irq 129, io mem 0x7d008000
+tegra-ehci 7d008000.usb: USB 2.0 started, EHCI 1.10
+hub 1-0:1.0: USB hub found
+hub 1-0:1.0: 1 port detected
 i2c 0-004c: Driver lm90 requests probe deferral
 tegra-dsi 54300000.dsi: cannot get VDD supply
 platform 54300000.dsi: Driver tegra-dsi requests probe deferral
-palmas-rtc 7000d000.i2c:tps65913@58:rtc: setting system clock to 2000-01-02 00:37:52 UTC (946773472)
+tegra-hdmi 54280000.hdmi: failed to get PLL regulator
+platform 54280000.hdmi: Driver tegra-hdmi requests probe deferral
+input: gpio-keys as /devices/soc0/gpio-keys/input/input1
+i2c 0-004c: Driver lm90 requests probe deferral
+tegra-dsi 54300000.dsi: cannot get VDD supply
+platform 54300000.dsi: Driver tegra-dsi requests probe deferral
+palmas-rtc 7000d000.i2c:tps65913@58:rtc: setting system clock to 2000-01-02 00:55:16 UTC (946774516)
 VDD_5V0_HDMI_CON: disabling
 vdd_cam_1v8_reg: disabling
 vdd_hdmi_5v0: disabling
-usb2_vbus: disabling
 usb1_vbus: disabling
 dvdd_ts: disabling
 ALSA device list:
-tegra-hdmi 54280000.hdmi: failed to get PLL regulator
+  #0: NVIDIA Tegra Dalmore
+[   .hdmi: failed to get PLL regulator
 platform 54280000.hdmi: Driver tegra-hdmi requests probe deferral
-  No soundcards found.
 EXT4-fs (mmcblk0p1): mounting ext3 file system using the ext4 subsystem
 EXT4-fs (mmcblk0p1): recovery complete
 EXT4-fs (mmcblk0p1): mounted filesystem with ordered data mode. Opts: (null)
 VFS: Mounted root (ext3 filesystem) on device 179:1.
 devtmpfs: mounted
 Freeing unused kernel memory: 652K (c0aba000 - c0b5d000)
+usb 1-1: new high-speed USB device number 2 using tegra-ehci
 bash: cannot set terminal process group (-1): Inappropriate ioctl for device
 bash: no job control in this shell
 root@(none):/# 
\ No newline at end of file
Diff for ./tegra114-dalmore-a04/tegra114-dalmore/tegra_defconfig_log.txt
--- /tmp/fooa	2014-06-03 16:45:48.720262344 -0700
+++ /tmp/foob	2014-06-03 16:45:48.724262371 -0700
@@ -36,20 +36,20 @@
 	 #################################################################
 	 #################################################################
 	 #########################################
-	 3.4 MiB/s
+	 3.5 MiB/s
 done
-Bytes transferred = 4414504 (435c28 hex)
+Bytes transferred = 4416176 (4362b0 hex)
 Tegra114 (Dalmore) # tftpboot 0x82000000 tegra114-dalmore.dtb
 Using asx0 device
 TFTP from server 192.168.100.1; our IP address is 192.168.100.100
 Filename 'tegra114-dalmore.dtb'.
 Load address: 0x82000000
 Loading: *###
-	 3.3 MiB/s
+	 3 MiB/s
 done
 Bytes transferred = 34244 (85c4 hex)
 Tegra114 (Dalmore) # bootz 0x81000000 - 0x82000000
-Kernel image @ 0x81000000 [ 0x000000 - 0x435c28 ]
+Kernel image @ 0x81000000 [ 0x000000 - 0x4362b0 ]
 ## Flattened Device Tree blob at 82000000
    Booting using the fdt blob at 0x82000000
    Loading Device Tree to 8fff4000, end 8ffff5c3 ... OK
@@ -60,7 +60,7 @@
 Booting Linux on physical CPU 0x0
 Initializing cgroup subsys cpu
 Initializing cgroup subsys cpuacct
-Linux version 3.15.0-rc7-next-20140602-65758-ga0a962d (pwalmsley@tamien) (gcc version 4.7.3 20130328 (prerelease) (crosstool-NG linaro-1.13.1-4.7-2013.04-20130415 - Linaro GCC 2013.04) ) #1 SMP PREEMPT Tue Jun 3 16:13:58 PDT 2014
+Linux version 3.15.0-rc8-next-20140603-65844-gc65cb03 (pwalmsley@tamien) (gcc version 4.7.3 20130328 (prerelease) (crosstool-NG linaro-1.13.1-4.7-2013.04-20130415 - Linaro GCC 2013.04) ) #1 SMP PREEMPT Tue Jun 3 16:31:45 PDT 2014
 CPU: ARMv7 Processor [412fc0f2] revision 2 (ARMv7), cr=10c5387d
 CPU: PIPT / VIPT nonaliasing data cache, PIPT instruction cache
 Machine model: NVIDIA Tegra114 Dalmore evaluation board
@@ -68,7 +68,7 @@
 cma: CMA: reserved 64 MiB at ab800000
 Memory policy: Data cache writealloc
 On node 0 totalpages: 524032
-free_area_init_node: node 0, pgdat c0871d80, node_mem_map ea7d7000
+free_area_init_node: node 0, pgdat c0873f00, node_mem_map ea7d7000
   Normal zone: 1520 pages used for memmap
   Normal zone: 0 pages reserved
   Normal zone: 194560 pages, LIFO batch:31
@@ -83,7 +83,7 @@
 PID hash table entries: 4096 (order: 2, 16384 bytes)
 Dentry cache hash table entries: 131072 (order: 7, 524288 bytes)
 Inode-cache hash table entries: 65536 (order: 6, 262144 bytes)
-Memory: 2003960K/2096128K available (6027K kernel code, 333K rwdata, 1988K rodata, 264K init, 356K bss, 92168K reserved, 1317888K highmem)
+Memory: 2003952K/2096128K available (6027K kernel code, 334K rwdata, 1992K rodata, 264K init, 356K bss, 92176K reserved, 1317888K highmem)
 Virtual kernel memory layout:
     vector  : 0xffff0000 - 0xffff1000   (   4 kB)
     fixmap  : 0xffc00000 - 0xffe00000   (2048 kB)
@@ -91,10 +91,10 @@
     lowmem  : 0xc0000000 - 0xef800000   ( 760 MB)
     pkmap   : 0xbfe00000 - 0xc0000000   (   2 MB)
     modules : 0xbf000000 - 0xbfe00000   (  14 MB)
-      .text : 0xc0008000 - 0xc07dc294   (8017 kB)
-      .init : 0xc07dd000 - 0xc081f240   ( 265 kB)
-      .data : 0xc0820000 - 0xc08736c0   ( 334 kB)
-       .bss : 0xc08736cc - 0xc08cc8c0   ( 357 kB)
+      .text : 0xc0008000 - 0xc07dd2cc   (8021 kB)
+      .init : 0xc07de000 - 0xc0820240   ( 265 kB)
+      .data : 0xc0822000 - 0xc0875840   ( 335 kB)
+       .bss : 0xc087584c - 0xc08cea3c   ( 357 kB)
 Preemptible hierarchical RCU implementation.
 NR_IRQS:16 nr_irqs:16 16
 L2C: failed to init: -19
@@ -115,7 +115,7 @@
 /cpus/cpu@2 missing clock-frequency property
 /cpus/cpu@3 missing clock-frequency property
 CPU0: thread -1, cpu 0, socket 0, mpidr 80000000
-Setting up static identity map for 0x805b65c8 - 0x805b6660
+Setting up static identity map for 0x805b7048 - 0x805b70e0
 CPU1: Booted secondary processor
 CPU1: thread -1, cpu 1, socket 0, mpidr 80000001
 CPU2: Booted secondary processor
@@ -130,7 +130,7 @@
 pinctrl core: initialized pinctrl subsystem
 regulator-dummy: no parameters
 NET: Registered protocol family 16
-DMA: failed to allocate 256 KiB pool for atomic coherent allocation
+DMA: preallocated 256 KiB pool for atomic coherent allocations
 cpuidle: using governor ladder
 cpuidle: using governor menu
 No ATAGs?
@@ -261,8 +261,7 @@
 tegra-hdmi 54280000.hdmi: failed to get HDMI regulator
 platform 54280000.hdmi: Driver tegra-hdmi requests probe deferral
 loop: module loaded
-spi-tegra114 7000da00.spi:  Not able to allocate the dma buffer
-spi-tegra114: probe of 7000da00.spi failed with error -12
+m25p80 spi32766.0: w25q32dw (4096 Kbytes)
 CAN device driver interface
 pegasus: v0.9.3 (2013/04/25), Pegasus/Pegasus II USB Ethernet driver
 usbcore: registered new interface driver pegasus
@@ -321,9 +320,8 @@
  mmcblk0boot1: unknown partition table
  mmcblk0boot0: unknown partition table
 tegra30-i2s 70080400.i2s: DMA channels sourced from device 70080000.ahub
-rt5640 0-001c: ASoC: Failed to set cache compression type: -22
-tegra-snd-rt5640 sound: snd_soc_register_card failed (-22)
-tegra-snd-rt5640: probe of sound failed with error -22
+tegra-snd-rt5640 sound: rt5640-aif1 <-> 70080400.i2s mapping ok
+input: NVIDIA Tegra Dalmore Headphones as /devices/soc0/sound/sound/card0/input0
 TCP: cubic registered
 NET: Registered protocol family 10
 mip6: Mobile IPv6
@@ -364,32 +362,37 @@
 platform 54280000.hdmi: Driver tegra-hdmi requests probe deferral
 tegra-ehci 7d008000.usb: EHCI Host Controller
 tegra-ehci 7d008000.usb: new USB bus registered, assigned bus number 1
-tegra-ehci 7d008000.usb: can't setup: -12
-tegra-ehci 7d008000.usb: USB bus 1 deregistered
-tegra-ehci 7d008000.usb: Failed to add USB HCD
-tegra-ehci: probe of 7d008000.usb failed with error -12
-input: gpio-keys as /devices/soc0/gpio-keys/input/input0
+tegra-ehci 7d008000.usb: irq 129, io mem 0x7d008000
+tegra-ehci 7d008000.usb: USB 2.0 started, EHCI 1.10
+hub 1-0:1.0: USB hub found
+hub 1-0:1.0: 1 port detected
 i2c 0-004c: Driver lm90 requests probe deferral
 tegra-dsi 54300000.dsi: cannot get VDD supply
 platform 54300000.dsi: Driver tegra-dsi requests probe deferral
-palmas-rtc 7000d000.i2c:tps65913@58:rtc: setting system clock to 2000-01-02 00:36:53 UTC (946773413)
+tegra-hdmi 54280000.hdmi: failed to get PLL regulator
+platform 54280000.hdmi: Driver tegra-hdmi requests probe deferral
+input: gpio-keys as /devices/soc0/gpio-keys/input/input1
+i2c 0-004c: Driver lm90 requests probe deferral
+tegra-dsi 54300000.dsi: cannot get VDD supply
+platform 54300000.dsi: Driver tegra-dsi requests probe deferral
+palmas-rtc 7000d000.i2c:tps65913@58:rtc: setting system clock to 2000-01-02 00:54:18 UTC (946774458)
 tegra-hdmi 54280000.hdmi: failed to get PLL regulator
 platform 54280000.hdmi: Driver tegra-hdmi requests probe deferral
 VDD_5V0_HDMI_CON: disabling
 vdd_cam_1v8_reg: disabling
 vdd_hdmi_5v0: disabling
-usb2_vbus: disabling
 usb1_vbus: disabling
 dvdd_ts: disabling
 ALSA device list:
-  No soundcards found.
+  #0: NVIDIA Tegra Dalmore
 kjournald starting.  Commit interval 5 seconds
 EXT3-fs (mmcblk0p1): using internal journal
 EXT3-fs (mmcblk0p1): recovery complete
 EXT3-fs (mmcblk0p1): mounted filesystem with writeback data mode
 VFS: Mounted root (ext3 filesystem) on device 179:1.
 devtmpfs: mounted
-Freeing unused kernel memory: 264K (c07dd000 - c081f000)
+Freeing unused kernel memory: 264K (c07de000 - c0820000)
 bash: cannot set terminal process group (-1): Inappropriate ioctl for device
 bash: no job control in this shell
+usb 1-1: new high-speed USB device number 2 using tegra-ehci
 root@(none):/# 
\ No newline at end of file
Diff for ./tegra114-dalmore-a04/tegra114-dalmore/tegra_defconfig%tegra114_mergeconfig_log.txt
--- /tmp/fooa	2014-06-03 16:45:48.728262372 -0700
+++ /tmp/foob	2014-06-03 16:45:48.732262366 -0700
@@ -36,9 +36,9 @@
 	 #################################################################
 	 #################################################################
 	 #######################################
-	 2.9 MiB/s
+	 3.3 MiB/s
 done
-Bytes transferred = 4381536 (42db60 hex)
+Bytes transferred = 4382448 (42def0 hex)
 Tegra114 (Dalmore) # tftpboot 0x82000000 tegra114-dalmore.dtb
 Using asx0 device
 TFTP from server 192.168.100.1; our IP address is 192.168.100.100
@@ -49,7 +49,7 @@
 done
 Bytes transferred = 34244 (85c4 hex)
 Tegra114 (Dalmore) # bootz 0x81000000 - 0x82000000
-Kernel image @ 0x81000000 [ 0x000000 - 0x42db60 ]
+Kernel image @ 0x81000000 [ 0x000000 - 0x42def0 ]
 ## Flattened Device Tree blob at 82000000
    Booting using the fdt blob at 0x82000000
    Loading Device Tree to 8fff4000, end 8ffff5c3 ... OK
@@ -60,7 +60,7 @@
 Booting Linux on physical CPU 0x0
 Initializing cgroup subsys cpu
 Initializing cgroup subsys cpuacct
-Linux version 3.15.0-rc7-next-20140602-26988-ga0a962d (pwalmsley@kaivo) (gcc version 4.7.3 20130328 (prerelease) (crosstool-NG linaro-1.13.1-4.7-2013.04-20130415 - Linaro GCC 2013.04) ) #1 SMP PREEMPT Tue Jun 3 16:19:05 PDT 2014
+Linux version 3.15.0-rc8-next-20140603-27074-gc65cb03 (pwalmsley@kaivo) (gcc version 4.7.3 20130328 (prerelease) (crosstool-NG linaro-1.13.1-4.7-2013.04-20130415 - Linaro GCC 2013.04) ) #1 SMP PREEMPT Tue Jun 3 16:36:33 PDT 2014
 CPU: ARMv7 Processor [412fc0f2] revision 2 (ARMv7), cr=10c5387d
 CPU: PIPT / VIPT nonaliasing data cache, PIPT instruction cache
 Machine model: NVIDIA Tegra114 Dalmore evaluation board
@@ -68,7 +68,7 @@
 cma: CMA: reserved 64 MiB at ab800000
 Memory policy: Data cache writealloc
 On node 0 totalpages: 524032
-free_area_init_node: node 0, pgdat c0857e40, node_mem_map ea7d7000
+free_area_init_node: node 0, pgdat c0857f80, node_mem_map ea7d7000
   Normal zone: 1520 pages used for memmap
   Normal zone: 0 pages reserved
   Normal zone: 194560 pages, LIFO batch:31
@@ -83,7 +83,7 @@
 PID hash table entries: 4096 (order: 2, 16384 bytes)
 Dentry cache hash table entries: 131072 (order: 7, 524288 bytes)
 Inode-cache hash table entries: 65536 (order: 6, 262144 bytes)
-Memory: 2004064K/2096128K available (6002K kernel code, 317K rwdata, 1936K rodata, 252K init, 356K bss, 92064K reserved, 1317888K highmem)
+Memory: 2004064K/2096128K available (6006K kernel code, 318K rwdata, 1936K rodata, 252K init, 356K bss, 92064K reserved, 1317888K highmem)
 Virtual kernel memory layout:
     vector  : 0xffff0000 - 0xffff1000   (   4 kB)
     fixmap  : 0xffc00000 - 0xffe00000   (2048 kB)
@@ -91,10 +91,10 @@
     lowmem  : 0xc0000000 - 0xef800000   ( 760 MB)
     pkmap   : 0xbfe00000 - 0xc0000000   (   2 MB)
     modules : 0xbf000000 - 0xbfe00000   (  14 MB)
-      .text : 0xc0008000 - 0xc07c8f44   (7940 kB)
-      .init : 0xc07c9000 - 0xc0808240   ( 253 kB)
-      .data : 0xc080a000 - 0xc0859780   ( 318 kB)
-       .bss : 0xc085978c - 0xc08b2940   ( 357 kB)
+      .text : 0xc0008000 - 0xc07c9f7c   (7944 kB)
+      .init : 0xc07ca000 - 0xc0809240   ( 253 kB)
+      .data : 0xc080a000 - 0xc08598c0   ( 319 kB)
+       .bss : 0xc08598cc - 0xc08b2a7c   ( 357 kB)
 Preemptible hierarchical RCU implementation.
 NR_IRQS:16 nr_irqs:16 16
 L2C: failed to init: -19
@@ -115,7 +115,7 @@
 /cpus/cpu@2 missing clock-frequency property
 /cpus/cpu@3 missing clock-frequency property
 CPU0: thread -1, cpu 0, socket 0, mpidr 80000000
-Setting up static identity map for 0x805b0c88 - 0x805b0d20
+Setting up static identity map for 0x805b1708 - 0x805b17a0
 CPU1: Booted secondary processor
 CPU1: thread -1, cpu 1, socket 0, mpidr 80000001
 CPU2: Booted secondary processor
@@ -130,7 +130,7 @@
 pinctrl core: initialized pinctrl subsystem
 regulator-dummy: no parameters
 NET: Registered protocol family 16
-DMA: failed to allocate 256 KiB pool for atomic coherent allocation
+DMA: preallocated 256 KiB pool for atomic coherent allocations
 cpuidle: using governor ladder
 cpuidle: using governor menu
 No ATAGs?
@@ -261,8 +261,7 @@
 tegra-hdmi 54280000.hdmi: failed to get HDMI regulator
 platform 54280000.hdmi: Driver tegra-hdmi requests probe deferral
 loop: module loaded
-spi-tegra114 7000da00.spi:  Not able to allocate the dma buffer
-spi-tegra114: probe of 7000da00.spi failed with error -12
+m25p80 spi32766.0: w25q32dw (4096 Kbytes)
 CAN device driver interface
 pegasus: v0.9.3 (2013/04/25), Pegasus/Pegasus II USB Ethernet driver
 usbcore: registered new interface driver pegasus
@@ -366,35 +365,43 @@
 platform 54280000.hdmi: Driver tegra-hdmi requests probe deferral
 tegra-ehci 7d008000.usb: EHCI Host Controller
 tegra-ehci 7d008000.usb: new USB bus registered, assigned bus number 1
-tegra-ehci 7d008000.usb: can't setup: -12
-tegra-ehci 7d008000.usb: USB bus 1 deregistered
-tegra-ehci 7d008000.usb: Failed to add USB HCD
-tegra-ehci: probe of 7d008000.usb failed with error -12
-input: gpio-keys as /devices/soc0/gpio-keys/input/input0
+tegra-ehci 7d008000.usb: irq 129, io mem 0x7d008000
+tegra-ehci 7d008000.usb: USB 2.0 started, EHCI 1.10
+hub 1-0:1.0: USB hub found
+hub 1-0:1.0: 1 port detected
 i2c 0-004c: Driver lm90 requests probe deferral
 tegra-snd-rt5640 sound: ASoC: CPU DAI (null) not registered
 tegra-snd-rt5640 sound: snd_soc_register_card failed (-517)
 platform sound: Driver tegra-snd-rt5640 requests probe deferral
-palmas-rtc 7000d000.i2c:tps65913@58:rtc: setting system clock to 2000-01-02 00:41:42 UTC (946773702)
 tegra-dsi 54300000.dsi: cannot get VDD supply
 platform 54300000.dsi: Driver tegra-dsi requests probe deferral
 tegra-hdmi 54280000.hdmi: failed to get PLL regulator
 platform 54280000.hdmi: Driver tegra-hdmi requests probe deferral
+input: gpio-keys as /devices/soc0/gpio-keys/input/input0
+i2c 0-004c: Driver lm90 requests probe deferral
+tegra-snd-rt5640 sound: ASoC: CPU DAI (null) not registered
+tegra-snd-rt5640 sound: snd_soc_register_card failed (-517)
+palmas-rtc 7000d000.i2c:tps65913@58:rtc: setting system clock to 2000-01-02 00:59:06 UTC (946774746)
+platform sound: Driver tegra-snd-rt5640 requests probe deferral
 VDD_5V0_HDMI_CON: disabling
 vdd_cam_1v8_reg: disabling
 vdd_hdmi_5v0: disabling
-usb2_vbus: disabling
 usb1_vbus: disabling
 dvdd_ts: disabling
 ALSA device list:
   No soundcards found.
+tegra-dsi 54300000.dsi: cannot get VDD supply
+platform 54300000.dsi: Driver tegra-dsi requests probe deferral
+tegra-hdmi 54280000.hdmi: failed to get PLL regulator
+platform 54280000.hdmi: Driver tegra-hdmi requests probe deferral
 kjournald starting.  Commit interval 5 seconds
 EXT3-fs (mmcblk0p1): using internal journal
 EXT3-fs (mmcblk0p1): recovery complete
 EXT3-fs (mmcblk0p1): mounted filesystem with writeback data mode
 VFS: Mounted root (ext3 filesystem) on device 179:1.
 devtmpfs: mounted
-Freeing unused kernel memory: 252K (c07c9000 - c0808000)
+Freeing unused kernel memory: 252K (c07ca000 - c0809000)
 bash: cannot set terminal process group (-1): Inappropriate ioctl for device
-bash: no job control in this shell
+bash: no job contr[    2.931864] usb 1-1: new high-speed USB device number 2 using tegra-ehci
+ol in this shell
 root@(none):/# 
\ No newline at end of file
Diff for ./tegra114-dalmore-a04/tegra114-dalmore/tegra_defconfig%tegra20,114_mergeconfig_log.txt
--- /tmp/fooa	2014-06-03 16:45:48.740262359 -0700
+++ /tmp/foob	2014-06-03 16:45:48.740262359 -0700
@@ -38,18 +38,18 @@
 	 ########################################
 	 3.4 MiB/s
 done
-Bytes transferred = 4398808 (431ed8 hex)
+Bytes transferred = 4400480 (432560 hex)
 Tegra114 (Dalmore) # tftpboot 0x82000000 tegra114-dalmore.dtb
 Using asx0 device
 TFTP from server 192.168.100.1; our IP address is 192.168.100.100
 Filename 'tegra114-dalmore.dtb'.
 Load address: 0x82000000
 Loading: *###
-	 3.3 MiB/s
+	 3 MiB/s
 done
 Bytes transferred = 34244 (85c4 hex)
 Tegra114 (Dalmore) # bootz 0x81000000 - 0x82000000
-Kernel image @ 0x81000000 [ 0x000000 - 0x431ed8 ]
+Kernel image @ 0x81000000 [ 0x000000 - 0x432560 ]
 ## Flattened Device Tree blob at 82000000
    Booting using the fdt blob at 0x82000000
    Loading Device Tree to 8fff4000, end 8ffff5c3 ... OK
@@ -60,7 +60,7 @@
 Booting Linux on physical CPU 0x0
 Initializing cgroup subsys cpu
 Initializing cgroup subsys cpuacct
-Linux version 3.15.0-rc7-next-20140602-65758-ga0a962d (pwalmsley@tamien) (gcc version 4.7.3 20130328 (prerelease) (crosstool-NG linaro-1.13.1-4.7-2013.04-20130415 - Linaro GCC 2013.04) ) #1 SMP PREEMPT Tue Jun 3 16:19:50 PDT 2014
+Linux version 3.15.0-rc8-next-20140603-65844-gc65cb03 (pwalmsley@tamien) (gcc version 4.7.3 20130328 (prerelease) (crosstool-NG linaro-1.13.1-4.7-2013.04-20130415 - Linaro GCC 2013.04) ) #1 SMP PREEMPT Tue Jun 3 16:37:40 PDT 2014
 CPU: ARMv7 Processor [412fc0f2] revision 2 (ARMv7), cr=10c5387d
 CPU: PIPT / VIPT nonaliasing data cache, PIPT instruction cache
 Machine model: NVIDIA Tegra114 Dalmore evaluation board
@@ -68,7 +68,7 @@
 cma: CMA: reserved 64 MiB at ab800000
 Memory policy: Data cache writealloc
 On node 0 totalpages: 524032
-free_area_init_node: node 0, pgdat c0863fc0, node_mem_map ea7d7000
+free_area_init_node: node 0, pgdat c0866100, node_mem_map ea7d7000
   Normal zone: 1520 pages used for memmap
   Normal zone: 0 pages reserved
   Normal zone: 194560 pages, LIFO batch:31
@@ -83,7 +83,7 @@
 PID hash table entries: 4096 (order: 2, 16384 bytes)
 Dentry cache hash table entries: 131072 (order: 7, 524288 bytes)
 Inode-cache hash table entries: 65536 (order: 6, 262144 bytes)
-Memory: 2004016K/2096128K available (6015K kernel code, 326K rwdata, 1960K rodata, 256K init, 356K bss, 92112K reserved, 1317888K highmem)
+Memory: 2004008K/2096128K available (6019K kernel code, 326K rwdata, 1960K rodata, 256K init, 356K bss, 92120K reserved, 1317888K highmem)
 Virtual kernel memory layout:
     vector  : 0xffff0000 - 0xffff1000   (   4 kB)
     fixmap  : 0xffc00000 - 0xffe00000   (2048 kB)
@@ -91,10 +91,10 @@
     lowmem  : 0xc0000000 - 0xef800000   ( 760 MB)
     pkmap   : 0xbfe00000 - 0xc0000000   (   2 MB)
     modules : 0xbf000000 - 0xbfe00000   (  14 MB)
-      .text : 0xc0008000 - 0xc07d2160   (7977 kB)
-      .init : 0xc07d3000 - 0xc0813240   ( 257 kB)
-      .data : 0xc0814000 - 0xc0865900   ( 327 kB)
-       .bss : 0xc086590c - 0xc08beb00   ( 357 kB)
+      .text : 0xc0008000 - 0xc07d3198   (7981 kB)
+      .init : 0xc07d4000 - 0xc0814240   ( 257 kB)
+      .data : 0xc0816000 - 0xc0867a40   ( 327 kB)
+       .bss : 0xc0867a4c - 0xc08c0c3c   ( 357 kB)
 Preemptible hierarchical RCU implementation.
 NR_IRQS:16 nr_irqs:16 16
 L2C: failed to init: -19
@@ -115,7 +115,7 @@
 /cpus/cpu@2 missing clock-frequency property
 /cpus/cpu@3 missing clock-frequency property
 CPU0: thread -1, cpu 0, socket 0, mpidr 80000000
-Setting up static identity map for 0x805b3ae8 - 0x805b3b80
+Setting up static identity map for 0x805b4568 - 0x805b4600
 CPU1: Booted secondary processor
 CPU1: thread -1, cpu 1, socket 0, mpidr 80000001
 CPU2: Booted secondary processor
@@ -130,7 +130,7 @@
 pinctrl core: initialized pinctrl subsystem
 regulator-dummy: no parameters
 NET: Registered protocol family 16
-DMA: failed to allocate 256 KiB pool for atomic coherent allocation
+DMA: preallocated 256 KiB pool for atomic coherent allocations
 cpuidle: using governor ladder
 cpuidle: using governor menu
 No ATAGs?
@@ -261,8 +261,7 @@
 tegra-hdmi 54280000.hdmi: failed to get HDMI regulator
 platform 54280000.hdmi: Driver tegra-hdmi requests probe deferral
 loop: module loaded
-spi-tegra114 7000da00.spi:  Not able to allocate the dma buffer
-spi-tegra114: probe of 7000da00.spi failed with error -12
+m25p80 spi32766.0: w25q32dw (4096 Kbytes)
 CAN device driver interface
 pegasus: v0.9.3 (2013/04/25), Pegasus/Pegasus II USB Ethernet driver
 usbcore: registered new interface driver pegasus
@@ -366,35 +365,43 @@
 platform 54280000.hdmi: Driver tegra-hdmi requests probe deferral
 tegra-ehci 7d008000.usb: EHCI Host Controller
 tegra-ehci 7d008000.usb: new USB bus registered, assigned bus number 1
-tegra-ehci 7d008000.usb: can't setup: -12
-tegra-ehci 7d008000.usb: USB bus 1 deregistered
-tegra-ehci 7d008000.usb: Failed to add USB HCD
-tegra-ehci: probe of 7d008000.usb failed with error -12
-input: gpio-keys as /devices/soc0/gpio-keys/input/input0
+tegra-ehci 7d008000.usb: irq 129, io mem 0x7d008000
+tegra-ehci 7d008000.usb: USB 2.0 started, EHCI 1.10
+hub 1-0:1.0: USB hub found
+hub 1-0:1.0: 1 port detected
 i2c 0-004c: Driver lm90 requests probe deferral
 tegra-snd-rt5640 sound: ASoC: CPU DAI (null) not registered
 tegra-snd-rt5640 sound: snd_soc_register_card failed (-517)
 platform sound: Driver tegra-snd-rt5640 requests probe deferral
-palmas-rtc 7000d000.i2c:tps65913@58:rtc: setting system clock to 2000-01-02 00:42:40 UTC (946773760)
 tegra-dsi 54300000.dsi: cannot get VDD supply
+platform 54300000.dsi: Driver tegra-dsi requests probe deferral
+tegra-hdmi 54280000.hdmi: failed to get PLL regulator
+platform 54280000.hdmi: Driver tegra-hdmi requests probe deferral
+input: gpio-keys as /devices/soc0/gpio-keys/input/input0
+i2c 0-004c: Driver lm90 requests probe deferral
+tegra-snd-rt5640 sound: ASoC: CPU DAI (null) not registered
+tegra-snd-rt5640 sound: snd_soc_register_card failed (-517)
+palmas-rtc 7000d000.i2c:tps65913@58:rtc: setting system clock to 2000-01-02 01:00:04 UTC (946774804)
 VDD_5V0_HDMI_CON: disabling
+platform sound: Driver tegra-snd-rt5640 requests probe deferral
 vdd_cam_1v8_reg: disabling
 vdd_hdmi_5v0: disabling
-usb2_vbus: disabling
 usb1_vbus: disabling
 dvdd_ts: disabling
+tegra-dsi 54300000.dsi: cannot get VDD supply
 platform 54300000.dsi: Driver tegra-dsi requests probe deferral
 ALSA device list:
+  No soundcards found.
 tegra-hdmi 54280000.hdmi: failed to get PLL regulator
 platform 54280000.hdmi: Driver tegra-hdmi requests probe deferral
-  No soundcards found.
 kjournald starting.  Commit interval 5 seconds
 EXT3-fs (mmcblk0p1): using internal journal
 EXT3-fs (mmcblk0p1): recovery complete
 EXT3-fs (mmcblk0p1): mounted filesystem with writeback data mode
 VFS: Mounted root (ext3 filesystem) on device 179:1.
 devtmpfs: mounted
-Freeing unused kernel memory: 256K (c07d3000 - c0813000)
+Freeing unused kernel memory: 256K (c07d4000 - c0814000)
+usb 1-1: new high-speed USB device number 2 using tegra-ehci
 bash: cannot set terminal process group (-1): Inappropriate ioctl for device
 bash: no job control in this shell
 root@(none):/# 
\ No newline at end of file
Diff for ./tegra114-dalmore-a04/tegra114-dalmore/tegra_defconfig%tegra30,114_mergeconfig_log.txt
--- /tmp/fooa	2014-06-03 16:45:48.748262360 -0700
+++ /tmp/foob	2014-06-03 16:45:48.752262366 -0700
@@ -36,20 +36,20 @@
 	 #################################################################
 	 #################################################################
 	 ########################################
-	 3.5 MiB/s
+	 3.6 MiB/s
 done
-Bytes transferred = 4400512 (432580 hex)
+Bytes transferred = 4400384 (432500 hex)
 Tegra114 (Dalmore) # tftpboot 0x82000000 tegra114-dalmore.dtb
 Using asx0 device
 TFTP from server 192.168.100.1; our IP address is 192.168.100.100
 Filename 'tegra114-dalmore.dtb'.
 Load address: 0x82000000
 Loading: *###
-	 3 MiB/s
+	 3.3 MiB/s
 done
 Bytes transferred = 34244 (85c4 hex)
 Tegra114 (Dalmore) # bootz 0x81000000 - 0x82000000
-Kernel image @ 0x81000000 [ 0x000000 - 0x432580 ]
+Kernel image @ 0x81000000 [ 0x000000 - 0x432500 ]
 ## Flattened Device Tree blob at 82000000
    Booting using the fdt blob at 0x82000000
    Loading Device Tree to 8fff4000, end 8ffff5c3 ... OK
@@ -60,7 +60,7 @@
 Booting Linux on physical CPU 0x0
 Initializing cgroup subsys cpu
 Initializing cgroup subsys cpuacct
-Linux version 3.15.0-rc7-next-20140602-65758-ga0a962d (pwalmsley@tamien) (gcc version 4.7.3 20130328 (prerelease) (crosstool-NG linaro-1.13.1-4.7-2013.04-20130415 - Linaro GCC 2013.04) ) #1 SMP PREEMPT Tue Jun 3 16:22:46 PDT 2014
+Linux version 3.15.0-rc8-next-20140603-65844-gc65cb03 (pwalmsley@tamien) (gcc version 4.7.3 20130328 (prerelease) (crosstool-NG linaro-1.13.1-4.7-2013.04-20130415 - Linaro GCC 2013.04) ) #1 SMP PREEMPT Tue Jun 3 16:40:36 PDT 2014
 CPU: ARMv7 Processor [412fc0f2] revision 2 (ARMv7), cr=10c5387d
 CPU: PIPT / VIPT nonaliasing data cache, PIPT instruction cache
 Machine model: NVIDIA Tegra114 Dalmore evaluation board
@@ -68,7 +68,7 @@
 cma: CMA: reserved 64 MiB at ab800000
 Memory policy: Data cache writealloc
 On node 0 totalpages: 524032
-free_area_init_node: node 0, pgdat c0867bc0, node_mem_map ea7d7000
+free_area_init_node: node 0, pgdat c0867d40, node_mem_map ea7d7000
   Normal zone: 1520 pages used for memmap
   Normal zone: 0 pages reserved
   Normal zone: 194560 pages, LIFO batch:31
@@ -83,7 +83,7 @@
 PID hash table entries: 4096 (order: 2, 16384 bytes)
 Dentry cache hash table entries: 131072 (order: 7, 524288 bytes)
 Inode-cache hash table entries: 65536 (order: 6, 262144 bytes)
-Memory: 2004000K/2096128K available (6015K kernel code, 325K rwdata, 1968K rodata, 260K init, 356K bss, 92128K reserved, 1317888K highmem)
+Memory: 2004000K/2096128K available (6019K kernel code, 325K rwdata, 1968K rodata, 260K init, 356K bss, 92128K reserved, 1317888K highmem)
 Virtual kernel memory layout:
     vector  : 0xffff0000 - 0xffff1000   (   4 kB)
     fixmap  : 0xffc00000 - 0xffe00000   (2048 kB)
@@ -91,10 +91,10 @@
     lowmem  : 0xc0000000 - 0xef800000   ( 760 MB)
     pkmap   : 0xbfe00000 - 0xc0000000   (   2 MB)
     modules : 0xbf000000 - 0xbfe00000   (  14 MB)
-      .text : 0xc0008000 - 0xc07d4090   (7985 kB)
-      .init : 0xc07d5000 - 0xc0816240   ( 261 kB)
-      .data : 0xc0818000 - 0xc0869500   ( 326 kB)
-       .bss : 0xc086950c - 0xc08c2700   ( 357 kB)
+      .text : 0xc0008000 - 0xc07d50c8   (7989 kB)
+      .init : 0xc07d6000 - 0xc0817240   ( 261 kB)
+      .data : 0xc0818000 - 0xc0869680   ( 326 kB)
+       .bss : 0xc086968c - 0xc08c287c   ( 357 kB)
 Preemptible hierarchical RCU implementation.
 NR_IRQS:16 nr_irqs:16 16
 L2C: failed to init: -19
@@ -115,7 +115,7 @@
 /cpus/cpu@2 missing clock-frequency property
 /cpus/cpu@3 missing clock-frequency property
 CPU0: thread -1, cpu 0, socket 0, mpidr 80000000
-Setting up static identity map for 0x805b3840 - 0x805b38d8
+Setting up static identity map for 0x805b42c0 - 0x805b4358
 CPU1: Booted secondary processor
 CPU1: thread -1, cpu 1, socket 0, mpidr 80000001
 CPU2: Booted secondary processor
@@ -130,7 +130,7 @@
 pinctrl core: initialized pinctrl subsystem
 regulator-dummy: no parameters
 NET: Registered protocol family 16
-DMA: failed to allocate 256 KiB pool for atomic coherent allocation
+DMA: preallocated 256 KiB pool for atomic coherent allocations
 cpuidle: using governor ladder
 cpuidle: using governor menu
 No ATAGs?
@@ -261,8 +261,7 @@
 tegra-hdmi 54280000.hdmi: failed to get HDMI regulator
 platform 54280000.hdmi: Driver tegra-hdmi requests probe deferral
 loop: module loaded
-spi-tegra114 7000da00.spi:  Not able to allocate the dma buffer
-spi-tegra114: probe of 7000da00.spi failed with error -12
+m25p80 spi32766.0: w25q32dw (4096 Kbytes)
 CAN device driver interface
 pegasus: v0.9.3 (2013/04/25), Pegasus/Pegasus II USB Ethernet driver
 usbcore: registered new interface driver pegasus
@@ -321,9 +320,8 @@
  mmcblk0boot1: unknown partition table
  mmcblk0boot0: unknown partition table
 tegra30-i2s 70080400.i2s: DMA channels sourced from device 70080000.ahub
-rt5640 0-001c: ASoC: Failed to set cache compression type: -22
-tegra-snd-rt5640 sound: snd_soc_register_card failed (-22)
-tegra-snd-rt5640: probe of sound failed with error -22
+tegra-snd-rt5640 sound: rt5640-aif1 <-> 70080400.i2s mapping ok
+input: NVIDIA Tegra Dalmore Headphones as /devices/soc0/sound/sound/card0/input0
 TCP: cubic registered
 NET: Registered protocol family 10
 mip6: Mobile IPv6
@@ -364,32 +362,37 @@
 platform 54280000.hdmi: Driver tegra-hdmi requests probe deferral
 tegra-ehci 7d008000.usb: EHCI Host Controller
 tegra-ehci 7d008000.usb: new USB bus registered, assigned bus number 1
-tegra-ehci 7d008000.usb: can't setup: -12
-tegra-ehci 7d008000.usb: USB bus 1 deregistered
-tegra-ehci 7d008000.usb: Failed to add USB HCD
-tegra-ehci: probe of 7d008000.usb failed with error -12
-input: gpio-keys as /devices/soc0/gpio-keys/input/input0
+tegra-ehci 7d008000.usb: irq 129, io mem 0x7d008000
+tegra-ehci 7d008000.usb: USB 2.0 started, EHCI 1.10
+hub 1-0:1.0: USB hub found
+hub 1-0:1.0: 1 port detected
 i2c 0-004c: Driver lm90 requests probe deferral
 tegra-dsi 54300000.dsi: cannot get VDD supply
 platform 54300000.dsi: Driver tegra-dsi requests probe deferral
-palmas-rtc 7000d000.i2c:tps65913@58:rtc: setting system clock to 2000-01-02 00:45:04 UTC (946773904)
+tegra-hdmi 54280000.hdmi: failed to get PLL regulator
+platform 54280000.hdmi: Driver tegra-hdmi requests probe deferral
+input: gpio-keys as /devices/soc0/gpio-keys/input/input1
+i2c 0-004c: Driver lm90 requests probe deferral
+tegra-dsi 54300000.dsi: cannot get VDD supply
+platform 54300000.dsi: Driver tegra-dsi requests probe deferral
+palmas-rtc 7000d000.i2c:tps65913@58:rtc: setting system clock to 2000-01-02 01:02:52 UTC (946774972)
 tegra-hdmi 54280000.hdmi: failed to get PLL regulator
 platform 54280000.hdmi: Driver tegra-hdmi requests probe deferral
 VDD_5V0_HDMI_CON: disabling
 vdd_cam_1v8_reg: disabling
 vdd_hdmi_5v0: disabling
-usb2_vbus: disabling
 usb1_vbus: disabling
 dvdd_ts: disabling
 ALSA device list:
-  No soundcards found.
+  #0: NVIDIA Tegra Dalmore
 kjournald starting.  Commit interval 5 seconds
 EXT3-fs (mmcblk0p1): using internal journal
 EXT3-fs (mmcblk0p1): recovery complete
 EXT3-fs (mmcblk0p1): mounted filesystem with writeback data mode
 VFS: Mounted root (ext3 filesystem) on device 179:1.
 devtmpfs: mounted
-Freeing unused kernel memory: 260K (c07d5000 - c0816000)
+Freeing unused kernel memory: 260K (c07d6000 - c0817000)
 bash: cannot set terminal process group (-1): Inappropriate ioctl for device
 bash: no job control in this shell
+usb 1-1: new high-speed USB device number 2 using tegra-ehci
 root@(none):/# 
\ No newline at end of file
Diff for ./tegra30-beaver/tegra30-beaver/multi_v7_defconfig_log.txt
--- /tmp/fooa	2014-06-03 16:45:48.756262370 -0700
+++ /tmp/foob	2014-06-03 16:45:48.760262373 -0700
@@ -37,20 +37,20 @@
 	 #################################################################
 	 #################################################################
 	 ###########
-	 3.6 MiB/s
+	 3.5 MiB/s
 done
-Bytes transferred = 4918608 (4b0d50 hex)
+Bytes transferred = 4921808 (4b19d0 hex)
 Tegra30 (Beaver) # tftpboot 0x82000000 tegra30-beaver.dtb
 Using asx0 device
 TFTP from server 192.168.100.1; our IP address is 192.168.100.101
 Filename 'tegra30-beaver.dtb'.
 Load address: 0x82000000
 Loading: *##
-	 2.9 MiB/s
+	 3.3 MiB/s
 done
 Bytes transferred = 24197 (5e85 hex)
 Tegra30 (Beaver) # bootz 0x81000000 - 0x82000000
-Kernel image @ 0x81000000 [ 0x000000 - 0x4b0d50 ]
+Kernel image @ 0x81000000 [ 0x000000 - 0x4b19d0 ]
 ## Flattened Device Tree blob at 82000000
    Booting using the fdt blob at 0x82000000
    Loading Device Tree to 8fff7000, end 8ffffe84 ... OK
@@ -58,7 +58,7 @@
 Starting kernel ...
 
 Booting Linux on physical CPU 0x0
-Linux version 3.15.0-rc7-next-20140602-26988-ga0a962d (pwalmsley@kaivo) (gcc version 4.7.3 20130328 (prerelease) (crosstool-NG linaro-1.13.1-4.7-2013.04-20130415 - Linaro GCC 2013.04) ) #1 SMP Tue Jun 3 16:13:36 PDT 2014
+Linux version 3.15.0-rc8-next-20140603-27074-gc65cb03 (pwalmsley@kaivo) (gcc version 4.7.3 20130328 (prerelease) (crosstool-NG linaro-1.13.1-4.7-2013.04-20130415 - Linaro GCC 2013.04) ) #1 SMP Tue Jun 3 16:31:08 PDT 2014
 CPU: ARMv7 Processor [412fc099] revision 9 (ARMv7), cr=10c5387d
 CPU: PIPT / VIPT nonaliasing data cache, VIPT aliasing instruction cache
 Machine model: NVIDIA Tegra30 Beaver evaluation board
@@ -66,7 +66,7 @@
 cma: CMA: reserved 64 MiB at ab800000
 Memory policy: Data cache writealloc
 On node 0 totalpages: 524032
-free_area_init_node: node 0, pgdat c0c3b340, node_mem_map ea7d8000
+free_area_init_node: node 0, pgdat c0c3b500, node_mem_map ea7d8000
   DMA zone: 1520 pages used for memmap
   DMA zone: 0 pages reserved
   DMA zone: 194560 pages, LIFO batch:31
@@ -91,10 +91,10 @@
     lowmem  : 0xc0000000 - 0xef800000   ( 760 MB)
     pkmap   : 0xbfe00000 - 0xc0000000   (   2 MB)
     modules : 0xbf000000 - 0xbfe00000   (  14 MB)
-      .text : 0xc0208000 - 0xc0ab99cc   (8903 kB)
+      .text : 0xc0208000 - 0xc0ab9a04   (8903 kB)
       .init : 0xc0aba000 - 0xc0b5d100   ( 653 kB)
-      .data : 0xc0b5e000 - 0xc0c3d040   ( 893 kB)
-       .bss : 0xc0c3d048 - 0xc0c88e20   ( 304 kB)
+      .data : 0xc0b5e000 - 0xc0c3d200   ( 893 kB)
+       .bss : 0xc0c3d208 - 0xc0c88fd8   ( 304 kB)
 SLUB: HWalign=64, Order=0-3, MinObjects=0, CPUs=4, Nodes=1
 Hierarchical RCU implementation.
 	RCU restricting CPUs from NR_CPUS=8 to nr_cpu_ids=4.
@@ -117,7 +117,7 @@
 Mountpoint-cache hash table entries: 2048 (order: 1, 8192 bytes)
 CPU: Testing write buffer coherency: ok
 CPU0: thread -1, cpu 0, socket 0, mpidr 80000000
-Setting up static identity map for 0x807fd838 - 0x807fd8d0
+Setting up static identity map for 0x807fe170 - 0x807fe208
 CPU1: Booted secondary processor
 CPU1: thread -1, cpu 1, socket 0, mpidr 80000001
 CPU2: Booted secondary processor
@@ -132,7 +132,7 @@
 pinctrl core: initialized pinctrl subsystem
 regulator-dummy: no parameters
 NET: Registered protocol family 16
-DMA: failed to allocate 256 KiB pool for atomic coherent allocation
+DMA: preallocated 256 KiB pool for atomic coherent allocations
 cpuidle: using governor ladder
 cpuidle: using governor menu
 No ATAGs?
@@ -237,8 +237,6 @@
 tegra-hdmi 54280000.hdmi: failed to get HDMI regulator
 platform 54280000.hdmi: Driver tegra-hdmi requests probe deferral
 loop: module loaded
-spi-tegra-slink 7000da00.spi:  Not able to allocate the dma buffer
-spi-tegra-slink: probe of 7000da00.spi failed with error -12
 CAN device driver interface
 pegasus: v0.9.3 (2013/04/25), Pegasus/Pegasus II USB Ethernet driver
 usbcore: registered new interface driver pegasus
@@ -302,9 +300,8 @@
  mmcblk0boot1: unknown partition table
  mmcblk0boot0: unknown partition table
 tegra30-i2s 70080400.i2s: DMA channels sourced from device 70080000.ahub
-rt5640 4-001c: ASoC: Failed to set cache compression type: -22
-tegra-snd-rt5640 sound: snd_soc_register_card failed (-22)
-tegra-snd-rt5640: probe of sound failed with error -22
+tegra-snd-rt5640 sound: rt5640-aif1 <-> 70080400.i2s mapping ok
+input: NVIDIA Tegra Beaver Headphones as /devices/soc0/sound/sound/card0/input0
 TCP: cubic registered
 NET: Registered protocol family 17
 can: controller area network core (rev 20120528 abi 9)
@@ -371,27 +368,28 @@
 [drm] No driver support for vblank timestamp query.
 host1x drm: No connectors reported connected with modes
 [drm] Cannot find any crtc or sizes - going 1024x768
-host1x drm: failed to allocate buffer with size 3145728
+Console: switching to colour frame buffer device 128x48
+host1x drm: fb0:  frame buffer device
+host1x drm: registered panic notifier
 [drm] Initialized tegra 0.0.0 20120330 on minor 0
 platform 7d004000.usb: Driver tegra-ehci requests probe deferral
 platform 7d008000.usb: Driver tegra-ehci requests probe deferral
 tegra-ehci 7d004000.usb: EHCI Host Controller
 tegra-ehci 7d004000.usb: new USB bus registered, assigned bus number 1
-tegra-ehci 7d004000.usb: can't setup: -12
-tegra-ehci 7d004000.usb: USB bus 1 deregistered
-tegra-ehci 7d004000.usb: Failed to add USB HCD
-tegra-ehci: probe of 7d004000.usb failed with error -12
+tegra-ehci 7d004000.usb: irq 53, io mem 0x7d004000
+tegra-ehci 7d004000.usb: USB 2.0 started, EHCI 1.00
+hub 1-0:1.0: USB hub found
+hub 1-0:1.0: 1 port detected
 tegra-ehci 7d008000.usb: EHCI Host Controller
-tegra-ehci 7d008000.usb: new USB bus registered, assigned bus number 1
-tegra-ehci 7d008000.usb: can't setup: -12
-tegra-ehci 7d008000.usb: USB bus 1 deregistered
-tegra-ehci 7d008000.usb: Failed to add USB HCD
-tegra-ehci: probe of 7d008000.usb failed with error -12
+tegra-ehci 7d008000.usb: new USB bus registered, assigned bus number 2
+tegra-ehci 7d008000.usb: irq 129, io mem 0x7d008000
+tegra-ehci 7d008000.usb: USB 2.0 started, EHCI 1.00
+hub 2-0:1.0: USB hub found
+hub 2-0:1.0: 1 port detected
 tps65910-rtc tps65910-rtc: setting system clock to 2000-01-01 00:00:02 UTC (946684802)
-usb3_vbus: disabling
 usb1_vbus: disabling
 ALSA device list:
-  No soundcards found.
+  #0: NVIDIA Tegra Beaver
 EXT4-fs (mmcblk0p1): mounting ext3 file system using the ext4 subsystem
 EXT4-fs (mmcblk0p1): warning: mounting fs with errors, running e2fsck is recommended
 EXT4-fs (mmcblk0p1): recovery complete
@@ -399,6 +397,7 @@
 VFS: Mounted root (ext3 filesystem) on device 179:1.
 devtmpfs: mounted
 Freeing unused kernel memory: 652K (c0aba000 - c0b5d000)
+usb 2-1: new high-speed USB device number 2 using tegra-ehci
 bash: cannot set terminal process group (-1): Inappropriate ioctl for device
 bash: no job control in this shell
-root@(none):/# 
\ No newline at end of file
+root@(none):/# [    4.742888] asix 2-1:1.0 eth1: register 'asix' at usb-7d008000.usb-1, ASIX AX88772 USB 2.0 Ethernet, 00:50:b6:0f:68:6d
Diff for ./tegra30-beaver/tegra30-beaver/tegra_defconfig_log.txt
--- /tmp/fooa	2014-06-03 16:45:48.768262374 -0700
+++ /tmp/foob	2014-06-03 16:45:48.772262376 -0700
@@ -38,7 +38,7 @@
 	 #########################################
 	 3.6 MiB/s
 done
-Bytes transferred = 4414504 (435c28 hex)
+Bytes transferred = 4416176 (4362b0 hex)
 Tegra30 (Beaver) # tftpboot 0x82000000 tegra30-beaver.dtb
 Using asx0 device
 TFTP from server 192.168.100.1; our IP address is 192.168.100.101
@@ -49,7 +49,7 @@
 done
 Bytes transferred = 24197 (5e85 hex)
 Tegra30 (Beaver) # bootz 0x81000000 - 0x82000000
-Kernel image @ 0x81000000 [ 0x000000 - 0x435c28 ]
+Kernel image @ 0x81000000 [ 0x000000 - 0x4362b0 ]
 ## Flattened Device Tree blob at 82000000
    Booting using the fdt blob at 0x82000000
    Loading Device Tree to 8fff7000, end 8ffffe84 ... OK
@@ -60,7 +60,7 @@
 Booting Linux on physical CPU 0x0
 Initializing cgroup subsys cpu
 Initializing cgroup subsys cpuacct
-Linux version 3.15.0-rc7-next-20140602-65758-ga0a962d (pwalmsley@tamien) (gcc version 4.7.3 20130328 (prerelease) (crosstool-NG linaro-1.13.1-4.7-2013.04-20130415 - Linaro GCC 2013.04) ) #1 SMP PREEMPT Tue Jun 3 16:13:58 PDT 2014
+Linux version 3.15.0-rc8-next-20140603-65844-gc65cb03 (pwalmsley@tamien) (gcc version 4.7.3 20130328 (prerelease) (crosstool-NG linaro-1.13.1-4.7-2013.04-20130415 - Linaro GCC 2013.04) ) #1 SMP PREEMPT Tue Jun 3 16:31:45 PDT 2014
 CPU: ARMv7 Processor [412fc099] revision 9 (ARMv7), cr=10c5387d
 CPU: PIPT / VIPT nonaliasing data cache, VIPT aliasing instruction cache
 Machine model: NVIDIA Tegra30 Beaver evaluation board
@@ -68,7 +68,7 @@
 cma: CMA: reserved 64 MiB at ab800000
 Memory policy: Data cache writealloc
 On node 0 totalpages: 524032
-free_area_init_node: node 0, pgdat c0871d80, node_mem_map ea7d7000
+free_area_init_node: node 0, pgdat c0873f00, node_mem_map ea7d7000
   Normal zone: 1520 pages used for memmap
   Normal zone: 0 pages reserved
   Normal zone: 194560 pages, LIFO batch:31
@@ -85,7 +85,7 @@
 PID hash table entries: 4096 (order: 2, 16384 bytes)
 Dentry cache hash table entries: 131072 (order: 7, 524288 bytes)
 Inode-cache hash table entries: 65536 (order: 6, 262144 bytes)
-Memory: 2004012K/2096128K available (6027K kernel code, 333K rwdata, 1988K rodata, 264K init, 356K bss, 92116K reserved, 1317888K highmem)
+Memory: 2004004K/2096128K available (6027K kernel code, 334K rwdata, 1992K rodata, 264K init, 356K bss, 92124K reserved, 1317888K highmem)
 Virtual kernel memory layout:
     vector  : 0xffff0000 - 0xffff1000   (   4 kB)
     fixmap  : 0xffc00000 - 0xffe00000   (2048 kB)
@@ -93,10 +93,10 @@
     lowmem  : 0xc0000000 - 0xef800000   ( 760 MB)
     pkmap   : 0xbfe00000 - 0xc0000000   (   2 MB)
     modules : 0xbf000000 - 0xbfe00000   (  14 MB)
-      .text : 0xc0008000 - 0xc07dc294   (8017 kB)
-      .init : 0xc07dd000 - 0xc081f240   ( 265 kB)
-      .data : 0xc0820000 - 0xc08736c0   ( 334 kB)
-       .bss : 0xc08736cc - 0xc08cc8c0   ( 357 kB)
+      .text : 0xc0008000 - 0xc07dd2cc   (8021 kB)
+      .init : 0xc07de000 - 0xc0820240   ( 265 kB)
+      .data : 0xc0822000 - 0xc0875840   ( 335 kB)
+       .bss : 0xc087584c - 0xc08cea3c   ( 357 kB)
 Preemptible hierarchical RCU implementation.
 NR_IRQS:16 nr_irqs:16 16
 L2C: platform modifies aux control register: 0x02080000 -> 0x3e480001
@@ -118,7 +118,7 @@
 Initializing cgroup subsys debug
 CPU: Testing write buffer coherency: ok
 CPU0: thread -1, cpu 0, socket 0, mpidr 80000000
-Setting up static identity map for 0x805b65c8 - 0x805b6660
+Setting up static identity map for 0x805b7048 - 0x805b70e0
 CPU1: Booted secondary processor
 CPU1: thread -1, cpu 1, socket 0, mpidr 80000001
 CPU2: Booted secondary processor
@@ -133,7 +133,7 @@
 pinctrl core: initialized pinctrl subsystem
 regulator-dummy: no parameters
 NET: Registered protocol family 16
-DMA: failed to allocate 256 KiB pool for atomic coherent allocation
+DMA: preallocated 256 KiB pool for atomic coherent allocations
 cpuidle: using governor ladder
 cpuidle: using governor menu
 No ATAGs?
@@ -226,8 +226,7 @@
 tegra-hdmi 54280000.hdmi: failed to get HDMI regulator
 platform 54280000.hdmi: Driver tegra-hdmi requests probe deferral
 loop: module loaded
-spi-tegra-slink 7000da00.spi:  Not able to allocate the dma buffer
-spi-tegra-slink: probe of 7000da00.spi failed with error -12
+m25p80 spi32766.1: w25q32 (4096 Kbytes)
 CAN device driver interface
 pegasus: v0.9.3 (2013/04/25), Pegasus/Pegasus II USB Ethernet driver
 usbcore: registered new interface driver pegasus
@@ -283,9 +282,8 @@
  mmcblk0boot1: unknown partition table
  mmcblk0boot0: unknown partition table
 tegra30-i2s 70080400.i2s: DMA channels sourced from device 70080000.ahub
-rt5640 4-001c: ASoC: Failed to set cache compression type: -22
-tegra-snd-rt5640 sound: snd_soc_register_card failed (-22)
-tegra-snd-rt5640: probe of sound failed with error -22
+tegra-snd-rt5640 sound: rt5640-aif1 <-> 70080400.i2s mapping ok
+input: NVIDIA Tegra Beaver Headphones as /devices/soc0/sound/sound/card0/input0
 TCP: cubic registered
 NET: Registered protocol family 10
 mip6: Mobile IPv6
@@ -363,27 +361,28 @@
 [drm] No driver support for vblank timestamp query.
 host1x drm: No connectors reported connected with modes
 [drm] Cannot find any crtc or sizes - going 1024x768
-host1x drm: failed to allocate buffer with size 3145728
+Console: switching to colour frame buffer device 128x48
+host1x drm: fb0:  frame buffer device
+host1x drm: registered panic notifier
 [drm] Initialized tegra 0.0.0 20120330 on minor 0
 platform 7d004000.usb: Driver tegra-ehci requests probe deferral
 platform 7d008000.usb: Driver tegra-ehci requests probe deferral
 tegra-ehci 7d004000.usb: EHCI Host Controller
 tegra-ehci 7d004000.usb: new USB bus registered, assigned bus number 1
-tegra-ehci 7d004000.usb: can't setup: -12
-tegra-ehci 7d004000.usb: USB bus 1 deregistered
-tegra-ehci 7d004000.usb: Failed to add USB HCD
-tegra-ehci: probe of 7d004000.usb failed with error -12
+tegra-ehci 7d004000.usb: irq 53, io mem 0x7d004000
+tegra-ehci 7d004000.usb: USB 2.0 started, EHCI 1.00
+hub 1-0:1.0: USB hub found
+hub 1-0:1.0: 1 port detected
 tegra-ehci 7d008000.usb: EHCI Host Controller
-tegra-ehci 7d008000.usb: new USB bus registered, assigned bus number 1
-tegra-ehci 7d008000.usb: can't setup: -12
-tegra-ehci 7d008000.usb: USB bus 1 deregistered
-tegra-ehci 7d008000.usb: Failed to add USB HCD
-tegra-ehci: probe of 7d008000.usb failed with error -12
+tegra-ehci 7d008000.usb: new USB bus registered, assigned bus number 2
+tegra-ehci 7d008000.usb: irq 129, io mem 0x7d008000
+tegra-ehci 7d008000.usb: USB 2.0 started, EHCI 1.00
+hub 2-0:1.0: USB hub found
+hub 2-0:1.0: 1 port detected
 tps65910-rtc tps65910-rtc: setting system clock to 2000-01-01 00:00:02 UTC (946684802)
-usb3_vbus: disabling
 usb1_vbus: disabling
 ALSA device list:
-  No soundcards found.
+  #0: NVIDIA Tegra Beaver
 kjournald starting.  Commit interval 5 seconds
 EXT3-fs (mmcblk0p1): warning: mounting fs with errors, running e2fsck is recommended
 EXT3-fs (mmcblk0p1): using internal journal
@@ -391,7 +390,8 @@
 EXT3-fs (mmcblk0p1): mounted filesystem with writeback data mode
 VFS: Mounted root (ext3 filesystem) on device 179:1.
 devtmpfs: mounted
-Freeing unused kernel memory: 264K (c07dd000 - c081f000)
+Freeing unused kernel memory: 264K (c07de000 - c0820000)
+usb 2-1: new high-speed USB device number 2 using tegra-ehci
 bash: cannot set terminal process group (-1): Inappropriate ioctl for device
 bash: no job control in this shell
-root@(none):/# 
\ No newline at end of file
+root@(none):/# [    5.109465] asix 2-1:1.0 eth1: register 'asix' at usb-7d008000.usb-1, ASIX AX88772 USB 2.0 Ethernet, 00:50:b6:0f:68:6d
Diff for ./tegra30-beaver/tegra30-beaver/tegra_defconfig%tegra20,30_mergeconfig_log.txt
--- /tmp/fooa	2014-06-03 16:45:48.776262379 -0700
+++ /tmp/foob	2014-06-03 16:45:48.780262382 -0700
@@ -38,7 +38,7 @@
 	 #########################################
 	 3.5 MiB/s
 done
-Bytes transferred = 4410336 (434be0 hex)
+Bytes transferred = 4411296 (434fa0 hex)
 Tegra30 (Beaver) # tftpboot 0x82000000 tegra30-beaver.dtb
 Using asx0 device
 TFTP from server 192.168.100.1; our IP address is 192.168.100.101
@@ -49,7 +49,7 @@
 done
 Bytes transferred = 24197 (5e85 hex)
 Tegra30 (Beaver) # bootz 0x81000000 - 0x82000000
-Kernel image @ 0x81000000 [ 0x000000 - 0x434be0 ]
+Kernel image @ 0x81000000 [ 0x000000 - 0x434fa0 ]
 ## Flattened Device Tree blob at 82000000
    Booting using the fdt blob at 0x82000000
    Loading Device Tree to 8fff7000, end 8ffffe84 ... OK
@@ -60,7 +60,7 @@
 Booting Linux on physical CPU 0x0
 Initializing cgroup subsys cpu
 Initializing cgroup subsys cpuacct
-Linux version 3.15.0-rc7-next-20140602-26988-ga0a962d (pwalmsley@kaivo) (gcc version 4.7.3 20130328 (prerelease) (crosstool-NG linaro-1.13.1-4.7-2013.04-20130415 - Linaro GCC 2013.04) ) #1 SMP PREEMPT Tue Jun 3 16:21:44 PDT 2014
+Linux version 3.15.0-rc8-next-20140603-27074-gc65cb03 (pwalmsley@kaivo) (gcc version 4.7.3 20130328 (prerelease) (crosstool-NG linaro-1.13.1-4.7-2013.04-20130415 - Linaro GCC 2013.04) ) #1 SMP PREEMPT Tue Jun 3 16:39:11 PDT 2014
 CPU: ARMv7 Processor [412fc099] revision 9 (ARMv7), cr=10c5387d
 CPU: PIPT / VIPT nonaliasing data cache, VIPT aliasing instruction cache
 Machine model: NVIDIA Tegra30 Beaver evaluation board
@@ -68,7 +68,7 @@
 cma: CMA: reserved 64 MiB at ab800000
 Memory policy: Data cache writealloc
 On node 0 totalpages: 524032
-free_area_init_node: node 0, pgdat c086ae00, node_mem_map ea7d7000
+free_area_init_node: node 0, pgdat c086cf80, node_mem_map ea7d7000
   Normal zone: 1520 pages used for memmap
   Normal zone: 0 pages reserved
   Normal zone: 194560 pages, LIFO batch:31
@@ -85,7 +85,7 @@
 PID hash table entries: 4096 (order: 2, 16384 bytes)
 Dentry cache hash table entries: 131072 (order: 7, 524288 bytes)
 Inode-cache hash table entries: 65536 (order: 6, 262144 bytes)
-Memory: 2004040K/2096128K available (6023K kernel code, 329K rwdata, 1972K rodata, 260K init, 356K bss, 92088K reserved, 1317888K highmem)
+Memory: 2004032K/2096128K available (6027K kernel code, 330K rwdata, 1976K rodata, 260K init, 356K bss, 92096K reserved, 1317888K highmem)
 Virtual kernel memory layout:
     vector  : 0xffff0000 - 0xffff1000   (   4 kB)
     fixmap  : 0xffc00000 - 0xffe00000   (2048 kB)
@@ -93,10 +93,10 @@
     lowmem  : 0xc0000000 - 0xef800000   ( 760 MB)
     pkmap   : 0xbfe00000 - 0xc0000000   (   2 MB)
     modules : 0xbf000000 - 0xbfe00000   (  14 MB)
-      .text : 0xc0008000 - 0xc07d721c   (7997 kB)
-      .init : 0xc07d8000 - 0xc0819240   ( 261 kB)
-      .data : 0xc081a000 - 0xc086c740   ( 330 kB)
-       .bss : 0xc086c74c - 0xc08c5940   ( 357 kB)
+      .text : 0xc0008000 - 0xc07d9254   (8005 kB)
+      .init : 0xc07da000 - 0xc081b240   ( 261 kB)
+      .data : 0xc081c000 - 0xc086e8c0   ( 331 kB)
+       .bss : 0xc086e8cc - 0xc08c7abc   ( 357 kB)
 Preemptible hierarchical RCU implementation.
 NR_IRQS:16 nr_irqs:16 16
 L2C: platform modifies aux control register: 0x02080000 -> 0x3e480001
@@ -118,7 +118,7 @@
 Initializing cgroup subsys debug
 CPU: Testing write buffer coherency: ok
 CPU0: thread -1, cpu 0, socket 0, mpidr 80000000
-Setting up static identity map for 0x805b6088 - 0x805b6120
+Setting up static identity map for 0x805b6b08 - 0x805b6ba0
 CPU1: Booted secondary processor
 CPU1: thread -1, cpu 1, socket 0, mpidr 80000001
 CPU2: Booted secondary processor
@@ -133,7 +133,7 @@
 pinctrl core: initialized pinctrl subsystem
 regulator-dummy: no parameters
 NET: Registered protocol family 16
-DMA: failed to allocate 256 KiB pool for atomic coherent allocation
+DMA: preallocated 256 KiB pool for atomic coherent allocations
 cpuidle: using governor ladder
 cpuidle: using governor menu
 No ATAGs?
@@ -226,8 +226,7 @@
 tegra-hdmi 54280000.hdmi: failed to get HDMI regulator
 platform 54280000.hdmi: Driver tegra-hdmi requests probe deferral
 loop: module loaded
-spi-tegra-slink 7000da00.spi:  Not able to allocate the dma buffer
-spi-tegra-slink: probe of 7000da00.spi failed with error -12
+m25p80 spi32766.1: w25q32 (4096 Kbytes)
 CAN device driver interface
 pegasus: v0.9.3 (2013/04/25), Pegasus/Pegasus II USB Ethernet driver
 usbcore: registered new interface driver pegasus
@@ -283,9 +282,8 @@
  mmcblk0boot1: unknown partition table
  mmcblk0boot0: unknown partition table
 tegra30-i2s 70080400.i2s: DMA channels sourced from device 70080000.ahub
-rt5640 4-001c: ASoC: Failed to set cache compression type: -22
-tegra-snd-rt5640 sound: snd_soc_register_card failed (-22)
-tegra-snd-rt5640: probe of sound failed with error -22
+tegra-snd-rt5640 sound: rt5640-aif1 <-> 70080400.i2s mapping ok
+input: NVIDIA Tegra Beaver Headphones as /devices/soc0/sound/sound/card0/input0
 TCP: cubic registered
 NET: Registered protocol family 10
 mip6: Mobile IPv6
@@ -363,27 +361,28 @@
 [drm] No driver support for vblank timestamp query.
 host1x drm: No connectors reported connected with modes
 [drm] Cannot find any crtc or sizes - going 1024x768
-host1x drm: failed to allocate buffer with size 3145728
+Console: switching to colour frame buffer device 128x48
+host1x drm: fb0:  frame buffer device
+host1x drm: registered panic notifier
 [drm] Initialized tegra 0.0.0 20120330 on minor 0
 platform 7d004000.usb: Driver tegra-ehci requests probe deferral
 platform 7d008000.usb: Driver tegra-ehci requests probe deferral
 tegra-ehci 7d004000.usb: EHCI Host Controller
 tegra-ehci 7d004000.usb: new USB bus registered, assigned bus number 1
-tegra-ehci 7d004000.usb: can't setup: -12
-tegra-ehci 7d004000.usb: USB bus 1 deregistered
-tegra-ehci 7d004000.usb: Failed to add USB HCD
-tegra-ehci: probe of 7d004000.usb failed with error -12
+tegra-ehci 7d004000.usb: irq 53, io mem 0x7d004000
+tegra-ehci 7d004000.usb: USB 2.0 started, EHCI 1.00
+hub 1-0:1.0: USB hub found
+hub 1-0:1.0: 1 port detected
 tegra-ehci 7d008000.usb: EHCI Host Controller
-tegra-ehci 7d008000.usb: new USB bus registered, assigned bus number 1
-tegra-ehci 7d008000.usb: can't setup: -12
-tegra-ehci 7d008000.usb: USB bus 1 deregistered
-tegra-ehci 7d008000.usb: Failed to add USB HCD
-tegra-ehci: probe of 7d008000.usb failed with error -12
+tegra-ehci 7d008000.usb: new USB bus registered, assigned bus number 2
+tegra-ehci 7d008000.usb: irq 129, io mem 0x7d008000
+tegra-ehci 7d008000.usb: USB 2.0 started, EHCI 1.00
+hub 2-0:1.0: USB hub found
+hub 2-0:1.0: 1 port detected
 tps65910-rtc tps65910-rtc: setting system clock to 2000-01-01 00:00:02 UTC (946684802)
-usb3_vbus: disabling
 usb1_vbus: disabling
 ALSA device list:
-  No soundcards found.
+  #0: NVIDIA Tegra Beaver
 kjournald starting.  Commit interval 5 seconds
 EXT3-fs (mmcblk0p1): warning: mounting fs with errors, running e2fsck is recommended
 EXT3-fs (mmcblk0p1): using internal journal
@@ -391,7 +390,8 @@
 EXT3-fs (mmcblk0p1): mounted filesystem with writeback data mode
 VFS: Mounted root (ext3 filesystem) on device 179:1.
 devtmpfs: mounted
-Freeing unused kernel memory: 260K (c07d8000 - c0819000)
+Freeing unused kernel memory: 260K (c07da000 - c081b000)
+usb 2-1: new high-speed USB device number 2 using tegra-ehci
 bash: cannot set terminal process group (-1): Inappropriate ioctl for device
 bash: no job control in this shell
-root@(none):/# 
\ No newline at end of file
+root@(none):/# [    5.110367] asix 2-1:1.0 eth1: register 'asix' at usb-7d008000.usb-1, ASIX AX88772 USB 2.0 Ethernet, 00:50:b6:0f:68:6d
Diff for ./tegra30-beaver/tegra30-beaver/tegra_defconfig%tegra30,114_mergeconfig_log.txt
--- /tmp/fooa	2014-06-03 16:45:48.788262385 -0700
+++ /tmp/foob	2014-06-03 16:45:48.788262385 -0700
@@ -36,20 +36,20 @@
 	 #################################################################
 	 #################################################################
 	 ########################################
-	 3.4 MiB/s
+	 3.1 MiB/s
 done
-Bytes transferred = 4400512 (432580 hex)
+Bytes transferred = 4400384 (432500 hex)
 Tegra30 (Beaver) # tftpboot 0x82000000 tegra30-beaver.dtb
 Using asx0 device
 TFTP from server 192.168.100.1; our IP address is 192.168.100.101
 Filename 'tegra30-beaver.dtb'.
 Load address: 0x82000000
 Loading: *##
-	 2.6 MiB/s
+	 2.9 MiB/s
 done
 Bytes transferred = 24197 (5e85 hex)
 Tegra30 (Beaver) # bootz 0x81000000 - 0x82000000
-Kernel image @ 0x81000000 [ 0x000000 - 0x432580 ]
+Kernel image @ 0x81000000 [ 0x000000 - 0x432500 ]
 ## Flattened Device Tree blob at 82000000
    Booting using the fdt blob at 0x82000000
    Loading Device Tree to 8fff7000, end 8ffffe84 ... OK
@@ -60,7 +60,7 @@
 Booting Linux on physical CPU 0x0
 Initializing cgroup subsys cpu
 Initializing cgroup subsys cpuacct
-Linux version 3.15.0-rc7-next-20140602-65758-ga0a962d (pwalmsley@tamien) (gcc version 4.7.3 20130328 (prerelease) (crosstool-NG linaro-1.13.1-4.7-2013.04-20130415 - Linaro GCC 2013.04) ) #1 SMP PREEMPT Tue Jun 3 16:22:46 PDT 2014
+Linux version 3.15.0-rc8-next-20140603-65844-gc65cb03 (pwalmsley@tamien) (gcc version 4.7.3 20130328 (prerelease) (crosstool-NG linaro-1.13.1-4.7-2013.04-20130415 - Linaro GCC 2013.04) ) #1 SMP PREEMPT Tue Jun 3 16:40:36 PDT 2014
 CPU: ARMv7 Processor [412fc099] revision 9 (ARMv7), cr=10c5387d
 CPU: PIPT / VIPT nonaliasing data cache, VIPT aliasing instruction cache
 Machine model: NVIDIA Tegra30 Beaver evaluation board
@@ -68,7 +68,7 @@
 cma: CMA: reserved 64 MiB at ab800000
 Memory policy: Data cache writealloc
 On node 0 totalpages: 524032
-free_area_init_node: node 0, pgdat c0867bc0, node_mem_map ea7d7000
+free_area_init_node: node 0, pgdat c0867d40, node_mem_map ea7d7000
   Normal zone: 1520 pages used for memmap
   Normal zone: 0 pages reserved
   Normal zone: 194560 pages, LIFO batch:31
@@ -85,7 +85,7 @@
 PID hash table entries: 4096 (order: 2, 16384 bytes)
 Dentry cache hash table entries: 131072 (order: 7, 524288 bytes)
 Inode-cache hash table entries: 65536 (order: 6, 262144 bytes)
-Memory: 2004052K/2096128K available (6015K kernel code, 325K rwdata, 1968K rodata, 260K init, 356K bss, 92076K reserved, 1317888K highmem)
+Memory: 2004052K/2096128K available (6019K kernel code, 325K rwdata, 1968K rodata, 260K init, 356K bss, 92076K reserved, 1317888K highmem)
 Virtual kernel memory layout:
     vector  : 0xffff0000 - 0xffff1000   (   4 kB)
     fixmap  : 0xffc00000 - 0xffe00000   (2048 kB)
@@ -93,10 +93,10 @@
     lowmem  : 0xc0000000 - 0xef800000   ( 760 MB)
     pkmap   : 0xbfe00000 - 0xc0000000   (   2 MB)
     modules : 0xbf000000 - 0xbfe00000   (  14 MB)
-      .text : 0xc0008000 - 0xc07d4090   (7985 kB)
-      .init : 0xc07d5000 - 0xc0816240   ( 261 kB)
-      .data : 0xc0818000 - 0xc0869500   ( 326 kB)
-       .bss : 0xc086950c - 0xc08c2700   ( 357 kB)
+      .text : 0xc0008000 - 0xc07d50c8   (7989 kB)
+      .init : 0xc07d6000 - 0xc0817240   ( 261 kB)
+      .data : 0xc0818000 - 0xc0869680   ( 326 kB)
+       .bss : 0xc086968c - 0xc08c287c   ( 357 kB)
 Preemptible hierarchical RCU implementation.
 NR_IRQS:16 nr_irqs:16 16
 L2C: platform modifies aux control register: 0x02080000 -> 0x3e480001
@@ -118,7 +118,7 @@
 Initializing cgroup subsys debug
 CPU: Testing write buffer coherency: ok
 CPU0: thread -1, cpu 0, socket 0, mpidr 80000000
-Setting up static identity map for 0x805b3840 - 0x805b38d8
+Setting up static identity map for 0x805b42c0 - 0x805b4358
 CPU1: Booted secondary processor
 CPU1: thread -1, cpu 1, socket 0, mpidr 80000001
 CPU2: Booted secondary processor
@@ -133,7 +133,7 @@
 pinctrl core: initialized pinctrl subsystem
 regulator-dummy: no parameters
 NET: Registered protocol family 16
-DMA: failed to allocate 256 KiB pool for atomic coherent allocation
+DMA: preallocated 256 KiB pool for atomic coherent allocations
 cpuidle: using governor ladder
 cpuidle: using governor menu
 No ATAGs?
@@ -226,8 +226,7 @@
 tegra-hdmi 54280000.hdmi: failed to get HDMI regulator
 platform 54280000.hdmi: Driver tegra-hdmi requests probe deferral
 loop: module loaded
-spi-tegra-slink 7000da00.spi:  Not able to allocate the dma buffer
-spi-tegra-slink: probe of 7000da00.spi failed with error -12
+m25p80 spi32766.1: w25q32 (4096 Kbytes)
 CAN device driver interface
 pegasus: v0.9.3 (2013/04/25), Pegasus/Pegasus II USB Ethernet driver
 usbcore: registered new interface driver pegasus
@@ -283,9 +282,8 @@
  mmcblk0boot1: unknown partition table
  mmcblk0boot0: unknown partition table
 tegra30-i2s 70080400.i2s: DMA channels sourced from device 70080000.ahub
-rt5640 4-001c: ASoC: Failed to set cache compression type: -22
-tegra-snd-rt5640 sound: snd_soc_register_card failed (-22)
-tegra-snd-rt5640: probe of sound failed with error -22
+tegra-snd-rt5640 sound: rt5640-aif1 <-> 70080400.i2s mapping ok
+input: NVIDIA Tegra Beaver Headphones as /devices/soc0/sound/sound/card0/input0
 TCP: cubic registered
 NET: Registered protocol family 10
 mip6: Mobile IPv6
@@ -363,27 +361,28 @@
 [drm] No driver support for vblank timestamp query.
 host1x drm: No connectors reported connected with modes
 [drm] Cannot find any crtc or sizes - going 1024x768
-host1x drm: failed to allocate buffer with size 3145728
+Console: switching to colour frame buffer device 128x48
+host1x drm: fb0:  frame buffer device
+host1x drm: registered panic notifier
 [drm] Initialized tegra 0.0.0 20120330 on minor 0
 platform 7d004000.usb: Driver tegra-ehci requests probe deferral
 platform 7d008000.usb: Driver tegra-ehci requests probe deferral
 tegra-ehci 7d004000.usb: EHCI Host Controller
 tegra-ehci 7d004000.usb: new USB bus registered, assigned bus number 1
-tegra-ehci 7d004000.usb: can't setup: -12
-tegra-ehci 7d004000.usb: USB bus 1 deregistered
-tegra-ehci 7d004000.usb: Failed to add USB HCD
-tegra-ehci: probe of 7d004000.usb failed with error -12
+tegra-ehci 7d004000.usb: irq 53, io mem 0x7d004000
+tegra-ehci 7d004000.usb: USB 2.0 started, EHCI 1.00
+hub 1-0:1.0: USB hub found
+hub 1-0:1.0: 1 port detected
 tegra-ehci 7d008000.usb: EHCI Host Controller
-tegra-ehci 7d008000.usb: new USB bus registered, assigned bus number 1
-tegra-ehci 7d008000.usb: can't setup: -12
-tegra-ehci 7d008000.usb: USB bus 1 deregistered
-tegra-ehci 7d008000.usb: Failed to add USB HCD
-tegra-ehci: probe of 7d008000.usb failed with error -12
+tegra-ehci 7d008000.usb: new USB bus registered, assigned bus number 2
+tegra-ehci 7d008000.usb: irq 129, io mem 0x7d008000
+tegra-ehci 7d008000.usb: USB 2.0 started, EHCI 1.00
+hub 2-0:1.0: USB hub found
+hub 2-0:1.0: 1 port detected
 tps65910-rtc tps65910-rtc: setting system clock to 2000-01-01 00:00:02 UTC (946684802)
-usb3_vbus: disabling
 usb1_vbus: disabling
 ALSA device list:
-  No soundcards found.
+  #0: NVIDIA Tegra Beaver
 kjournald starting.  Commit interval 5 seconds
 EXT3-fs (mmcblk0p1): warning: mounting fs with errors, running e2fsck is recommended
 EXT3-fs (mmcblk0p1): using internal journal
@@ -391,7 +390,8 @@
 EXT3-fs (mmcblk0p1): mounted filesystem with writeback data mode
 VFS: Mounted root (ext3 filesystem) on device 179:1.
 devtmpfs: mounted
-Freeing unused kernel memory: 260K (c07d5000 - c0816000)
+Freeing unused kernel memory: 260K (c07d6000 - c0817000)
+usb 2-1: new high-speed USB device number 2 using tegra-ehci
 bash: cannot set terminal process group (-1): Inappropriate ioctl for device
 bash: no job control in this shell
-root@(none):/# 
\ No newline at end of file
+root@(none):/# [    5.110202] asix 2-1:1.0 eth1: register 'asix' at usb-7d008000.usb-1, ASIX AX88772 USB 2.0 Ethernet, 00:50:b6:0f:68:6d
Diff for ./tegra30-beaver/tegra30-beaver/tegra_defconfig%tegra30_mergeconfig_log.txt
--- /tmp/fooa	2014-06-03 16:45:48.796262390 -0700
+++ /tmp/foob	2014-06-03 16:45:48.800262393 -0700
@@ -38,18 +38,18 @@
 	 ########################################
 	 3.5 MiB/s
 done
-Bytes transferred = 4394952 (430fc8 hex)
+Bytes transferred = 4397112 (431838 hex)
 Tegra30 (Beaver) # tftpboot 0x82000000 tegra30-beaver.dtb
 Using asx0 device
 TFTP from server 192.168.100.1; our IP address is 192.168.100.101
 Filename 'tegra30-beaver.dtb'.
 Load address: 0x82000000
 Loading: *##
-	 2.1 MiB/s
+	 3.3 MiB/s
 done
 Bytes transferred = 24197 (5e85 hex)
 Tegra30 (Beaver) # bootz 0x81000000 - 0x82000000
-Kernel image @ 0x81000000 [ 0x000000 - 0x430fc8 ]
+Kernel image @ 0x81000000 [ 0x000000 - 0x431838 ]
 ## Flattened Device Tree blob at 82000000
    Booting using the fdt blob at 0x82000000
    Loading Device Tree to 8fff7000, end 8ffffe84 ... OK
@@ -60,7 +60,7 @@
 Booting Linux on physical CPU 0x0
 Initializing cgroup subsys cpu
 Initializing cgroup subsys cpuacct
-Linux version 3.15.0-rc7-next-20140602-65758-ga0a962d (pwalmsley@tamien) (gcc version 4.7.3 20130328 (prerelease) (crosstool-NG linaro-1.13.1-4.7-2013.04-20130415 - Linaro GCC 2013.04) ) #1 SMP PREEMPT Tue Jun 3 16:16:55 PDT 2014
+Linux version 3.15.0-rc8-next-20140603-65844-gc65cb03 (pwalmsley@tamien) (gcc version 4.7.3 20130328 (prerelease) (crosstool-NG linaro-1.13.1-4.7-2013.04-20130415 - Linaro GCC 2013.04) ) #1 SMP PREEMPT Tue Jun 3 16:34:43 PDT 2014
 CPU: ARMv7 Processor [412fc099] revision 9 (ARMv7), cr=10c5387d
 CPU: PIPT / VIPT nonaliasing data cache, VIPT aliasing instruction cache
 Machine model: NVIDIA Tegra30 Beaver evaluation board
@@ -68,7 +68,7 @@
 cma: CMA: reserved 64 MiB at ab800000
 Memory policy: Data cache writealloc
 On node 0 totalpages: 524032
-free_area_init_node: node 0, pgdat c0860c40, node_mem_map ea7d7000
+free_area_init_node: node 0, pgdat c0860dc0, node_mem_map ea7d7000
   Normal zone: 1520 pages used for memmap
   Normal zone: 0 pages reserved
   Normal zone: 194560 pages, LIFO batch:31
@@ -85,7 +85,7 @@
 PID hash table entries: 4096 (order: 2, 16384 bytes)
 Dentry cache hash table entries: 131072 (order: 7, 524288 bytes)
 Inode-cache hash table entries: 65536 (order: 6, 262144 bytes)
-Memory: 2004080K/2096128K available (6014K kernel code, 321K rwdata, 1952K rodata, 252K init, 356K bss, 92048K reserved, 1317888K highmem)
+Memory: 2004080K/2096128K available (6015K kernel code, 321K rwdata, 1952K rodata, 252K init, 356K bss, 92048K reserved, 1317888K highmem)
 Virtual kernel memory layout:
     vector  : 0xffff0000 - 0xffff1000   (   4 kB)
     fixmap  : 0xffc00000 - 0xffe00000   (2048 kB)
@@ -93,10 +93,10 @@
     lowmem  : 0xc0000000 - 0xef800000   ( 760 MB)
     pkmap   : 0xbfe00000 - 0xc0000000   (   2 MB)
     modules : 0xbf000000 - 0xbfe00000   (  14 MB)
-      .text : 0xc0008000 - 0xc07d0010   (7969 kB)
+      .text : 0xc0008000 - 0xc07d0048   (7969 kB)
       .init : 0xc07d1000 - 0xc0810240   ( 253 kB)
-      .data : 0xc0812000 - 0xc0862580   ( 322 kB)
-       .bss : 0xc086258c - 0xc08bb740   ( 357 kB)
+      .data : 0xc0812000 - 0xc0862700   ( 322 kB)
+       .bss : 0xc086270c - 0xc08bb8bc   ( 357 kB)
 Preemptible hierarchical RCU implementation.
 NR_IRQS:16 nr_irqs:16 16
 L2C: platform modifies aux control register: 0x02080000 -> 0x3e480001
@@ -118,7 +118,7 @@
 Initializing cgroup subsys debug
 CPU: Testing write buffer coherency: ok
 CPU0: thread -1, cpu 0, socket 0, mpidr 80000000
-Setting up static identity map for 0x805b3308 - 0x805b33a0
+Setting up static identity map for 0x805b3d88 - 0x805b3e20
 CPU1: Booted secondary processor
 CPU1: thread -1, cpu 1, socket 0, mpidr 80000001
 CPU2: Booted secondary processor
@@ -133,7 +133,7 @@
 pinctrl core: initialized pinctrl subsystem
 regulator-dummy: no parameters
 NET: Registered protocol family 16
-DMA: failed to allocate 256 KiB pool for atomic coherent allocation
+DMA: preallocated 256 KiB pool for atomic coherent allocations
 cpuidle: using governor ladder
 cpuidle: using governor menu
 No ATAGs?
@@ -226,8 +226,7 @@
 tegra-hdmi 54280000.hdmi: failed to get HDMI regulator
 platform 54280000.hdmi: Driver tegra-hdmi requests probe deferral
 loop: module loaded
-spi-tegra-slink 7000da00.spi:  Not able to allocate the dma buffer
-spi-tegra-slink: probe of 7000da00.spi failed with error -12
+m25p80 spi32766.1: w25q32 (4096 Kbytes)
 CAN device driver interface
 pegasus: v0.9.3 (2013/04/25), Pegasus/Pegasus II USB Ethernet driver
 usbcore: registered new interface driver pegasus
@@ -283,9 +282,8 @@
  mmcblk0boot1: unknown partition table
  mmcblk0boot0: unknown partition table
 tegra30-i2s 70080400.i2s: DMA channels sourced from device 70080000.ahub
-rt5640 4-001c: ASoC: Failed to set cache compression type: -22
-tegra-snd-rt5640 sound: snd_soc_register_card failed (-22)
-tegra-snd-rt5640: probe of sound failed with error -22
+tegra-snd-rt5640 sound: rt5640-aif1 <-> 70080400.i2s mapping ok
+input: NVIDIA Tegra Beaver Headphones as /devices/soc0/sound/sound/card0/input0
 TCP: cubic registered
 NET: Registered protocol family 10
 mip6: Mobile IPv6
@@ -363,27 +361,28 @@
 [drm] No driver support for vblank timestamp query.
 host1x drm: No connectors reported connected with modes
 [drm] Cannot find any crtc or sizes - going 1024x768
-host1x drm: failed to allocate buffer with size 3145728
+Console: switching to colour frame buffer device 128x48
+host1x drm: fb0:  frame buffer device
+host1x drm: registered panic notifier
 [drm] Initialized tegra 0.0.0 20120330 on minor 0
 platform 7d004000.usb: Driver tegra-ehci requests probe deferral
 platform 7d008000.usb: Driver tegra-ehci requests probe deferral
 tegra-ehci 7d004000.usb: EHCI Host Controller
 tegra-ehci 7d004000.usb: new USB bus registered, assigned bus number 1
-tegra-ehci 7d004000.usb: can't setup: -12
-tegra-ehci 7d004000.usb: USB bus 1 deregistered
-tegra-ehci 7d004000.usb: Failed to add USB HCD
-tegra-ehci: probe of 7d004000.usb failed with error -12
+tegra-ehci 7d004000.usb: irq 53, io mem 0x7d004000
+tegra-ehci 7d004000.usb: USB 2.0 started, EHCI 1.00
+hub 1-0:1.0: USB hub found
+hub 1-0:1.0: 1 port detected
 tegra-ehci 7d008000.usb: EHCI Host Controller
-tegra-ehci 7d008000.usb: new USB bus registered, assigned bus number 1
-tegra-ehci 7d008000.usb: can't setup: -12
-tegra-ehci 7d008000.usb: USB bus 1 deregistered
-tegra-ehci 7d008000.usb: Failed to add USB HCD
-tegra-ehci: probe of 7d008000.usb failed with error -12
+tegra-ehci 7d008000.usb: new USB bus registered, assigned bus number 2
+tegra-ehci 7d008000.usb: irq 129, io mem 0x7d008000
+tegra-ehci 7d008000.usb: USB 2.0 started, EHCI 1.00
+hub 2-0:1.0: USB hub found
+hub 2-0:1.0: 1 port detected
 tps65910-rtc tps65910-rtc: setting system clock to 2000-01-01 00:00:02 UTC (946684802)
-usb3_vbus: disabling
 usb1_vbus: disabling
 ALSA device list:
-  No soundcards found.
+  #0: NVIDIA Tegra Beaver
 kjournald starting.  Commit interval 5 seconds
 EXT3-fs (mmcblk0p1): warning: mounting fs with errors, running e2fsck is recommended
 EXT3-fs (mmcblk0p1): using internal journal
@@ -392,6 +391,7 @@
 VFS: Mounted root (ext3 filesystem) on device 179:1.
 devtmpfs: mounted
 Freeing unused kernel memory: 252K (c07d1000 - c0810000)
+usb 2-1: new high-speed USB device number 2 using tegra-ehci
 bash: cannot set terminal process group (-1): Inappropriate ioctl for device
 bash: no job control in this shell
-root@(none):/# 
\ No newline at end of file
+root@(none):/# [    5.110110] asix 2-1:1.0 eth1: register 'asix' at usb-7d008000.usb-1, ASIX AX88772 USB 2.0 Ethernet, 00:50:b6:0f:68:6d
