[    0.000000] Booting Linux on physical CPU 0x0000000000 [0x411fd070]
[    0.000000] Linux version 4.15.0-rc4-next-20171221-340845-g0e08c463db38 (jonathanh@tamien) (gcc version 4.9.2 20140904 (prerelease) (crosstool-NG linaro-1.13.1-4.9-2014.09 - Linaro GCC 4.9-2014.09)) #1 SMP PREEMPT Wed Dec 20 21:10:38 PST 2017
[    0.000000] Machine model: linux,dummy-virt
[    0.000000] Memory limited to 1024MB
[    0.000000] efi: Getting EFI parameters from FDT:
[    0.000000] efi: UEFI not found.
[    0.000000] cma: Reserved 16 MiB at 0x000000007f000000
[    0.000000] NUMA: No NUMA configuration found
[    0.000000] NUMA: Faking a node at [mem 0x0000000000000000-0x000000007fffffff]
[    0.000000] NUMA: NODE_DATA [mem 0x7efec000-0x7efedaff]
[    0.000000] Zone ranges:
[    0.000000]   DMA      [mem 0x0000000040000000-0x000000007fffffff]
[    0.000000]   Normal   empty
[    0.000000] Movable zone start for each node
[    0.000000] Early memory node ranges
[    0.000000]   node   0: [mem 0x0000000040000000-0x000000007fffffff]
[    0.000000] Initmem setup node 0 [mem 0x0000000040000000-0x000000007fffffff]
[    0.000000] psci: probing for conduit method from DT.
[    0.000000] psci: PSCIv0.2 detected in firmware.
[    0.000000] psci: Using standard PSCI v0.2 function IDs
[    0.000000] psci: Trusted OS migration not required
[    0.000000] random: fast init done
[    0.000000] percpu: Embedded 23 pages/cpu @        (ptrval) s55168 r8192 d30848 u94208
[    0.000000] Detected PIPT I-cache on CPU0
[    0.000000] CPU features: enabling workaround for ARM erratum 832075
[    0.000000] CPU features: enabling workaround for ARM erratum 834220
[    0.000000] Built 1 zonelists, mobility grouping on.  Total pages: 258048
[    0.000000] Policy zone: DMA
[    0.000000] Kernel command line: root=/dev/vda2 rw rootwait mem=1024M console=ttyAMA0,38400n8 init=/bin/bash
[    0.000000] Memory: 998520K/1048576K available (9724K kernel code, 1168K rwdata, 4508K rodata, 1152K init, 404K bss, 33672K reserved, 16384K cma-reserved)
[    0.000000] Virtual kernel memory layout:
[    0.000000]     modules : 0xffff000000000000 - 0xffff000008000000   (   128 MB)
[    0.000000]     vmalloc : 0xffff000008000000 - 0xffff7dffbfff0000   (129022 GB)
[    0.000000]       .text : 0x        (ptrval) - 0x        (ptrval)   (  9728 KB)
[    0.000000]     .rodata : 0x        (ptrval) - 0x        (ptrval)   (  4544 KB)
[    0.000000]       .init : 0x        (ptrval) - 0x        (ptrval)   (  1152 KB)
[    0.000000]       .data : 0x        (ptrval) - 0x        (ptrval)   (  1169 KB)
[    0.000000]        .bss : 0x        (ptrval) - 0x        (ptrval)   (   405 KB)
[    0.000000]     fixed   : 0xffff7dfffe7f9000 - 0xffff7dfffec00000   (  4124 KB)
[    0.000000]     PCI I/O : 0xffff7dfffee00000 - 0xffff7dffffe00000   (    16 MB)
[    0.000000]     vmemmap : 0xffff7e0000000000 - 0xffff800000000000   (  2048 GB maximum)
[    0.000000]               0xffff7e0000000000 - 0xffff7e0001000000   (    16 MB actual)
[    0.000000]     memory  : 0xffff800000000000 - 0xffff800040000000   (  1024 MB)
[    0.000000] SLUB: HWalign=64, Order=0-3, MinObjects=0, CPUs=1, Nodes=1
[    0.000000] Preemptible hierarchical RCU implementation.
[    0.000000] 	RCU restricting CPUs from NR_CPUS=64 to nr_cpu_ids=1.
[    0.000000] 	Tasks RCU enabled.
[    0.000000] RCU: Adjusting geometry for rcu_fanout_leaf=16, nr_cpu_ids=1
[    0.000000] NR_IRQS: 64, nr_irqs: 64, preallocated irqs: 0
[    0.000000] GICv2m: range[mem 0x08020000-0x08020fff], SPI[80:143]
[    0.000000] arch_timer: cp15 timer(s) running at 62.50MHz (virt).
[    0.000000] clocksource: arch_sys_counter: mask: 0xffffffffffffff max_cycles: 0x1cd42e208c, max_idle_ns: 881590405314 ns
[    0.000187] sched_clock: 56 bits at 62MHz, resolution 16ns, wraps every 4398046511096ns
[    0.008196] Console: colour dummy device 80x25
[    0.009898] Calibrating delay loop (skipped), value calculated using timer frequency.. 125.00 BogoMIPS (lpj=250000)
[    0.010086] pid_max: default: 32768 minimum: 301
[    0.011323] Security Framework initialized
[    0.014081] Dentry cache hash table entries: 131072 (order: 8, 1048576 bytes)
[    0.015196] Inode-cache hash table entries: 65536 (order: 7, 524288 bytes)
[    0.015483] Mount-cache hash table entries: 2048 (order: 2, 16384 bytes)
[    0.015584] Mountpoint-cache hash table entries: 2048 (order: 2, 16384 bytes)
[    0.062638] ASID allocator initialised with 32768 entries
[    0.069949] Hierarchical SRCU implementation.
[    0.087229] EFI services will not be available.
[    0.095295] smp: Bringing up secondary CPUs ...
[    0.095412] smp: Brought up 1 node, 1 CPU
[    0.095461] SMP: Total of 1 processors activated.
[    0.095589] CPU features: detected feature: 32-bit EL0 Support
[    0.098640] CPU: All CPU(s) started at EL1
[    0.099540] alternatives: patching kernel code
[    0.123633] devtmpfs: initialized
[    0.137740] Built 1 zonelists, mobility grouping on.  Total pages: 253726
[    0.137774] Policy zone: DMA
[    0.147336] clocksource: jiffies: mask: 0xffffffff max_cycles: 0xffffffff, max_idle_ns: 7645041785100000 ns
[    0.147556] futex hash table entries: 256 (order: 3, 32768 bytes)
[    0.149911] pinctrl core: initialized pinctrl subsystem
[    0.190906] DMI not present or invalid.
[    0.199274] NET: Registered protocol family 16
[    0.202826] audit: initializing netlink subsys (disabled)
[    0.206896] audit: type=2000 audit(0.184:1): state=initialized audit_enabled=0 res=1
[    0.228494] cpuidle: using governor menu
[    0.231014] vdso: 2 pages (1 code @ 00000000977b9ab2, 1 data @ 0000000076aba9cb)
[    0.232706] hw-breakpoint: found 6 breakpoint and 4 watchpoint registers.
[    0.241499] DMA: preallocated 256 KiB pool for atomic allocations
[    0.253572] Serial: AMBA PL011 UART driver
[    0.331369] 9000000.pl011: ttyAMA0 at MMIO 0x9000000 (irq = 39, base_baud = 0) is a PL011 rev1
[    0.377008] console [ttyAMA0] enabled
[    0.629755] HugeTLB registered 2.00 MiB page size, pre-allocated 0 pages
[    0.639648] cryptd: max_cpu_qlen set to 1000
[    0.650529] ACPI: Interpreter disabled.
[    0.668559] vgaarb: loaded
[    0.672980] SCSI subsystem initialized
[    0.688580] usbcore: registered new interface driver usbfs
[    0.689862] usbcore: registered new interface driver hub
[    0.691123] usbcore: registered new device driver usb
[    0.702958] pps_core: LinuxPPS API ver. 1 registered
[    0.703909] pps_core: Software ver. 5.3.6 - Copyright 2005-2007 Rodolfo Giometti <giometti@linux.it>
[    0.705862] PTP clock support registered
[    0.708704] EDAC MC: Ver: 3.0.0
[    0.723466] Advanced Linux Sound Architecture Driver Initialized.
[    0.743131] clocksource: Switched to clocksource arch_sys_counter
[    0.744734] VFS: Disk quotas dquot_6.6.0
[    0.745392] VFS: Dquot-cache hash table entries: 512 (order 0, 4096 bytes)
[    0.750822] pnp: PnP ACPI: disabled
[    0.841779] NET: Registered protocol family 2
[    0.849978] tcp_listen_portaddr_hash hash table entries: 512 (order: 1, 8192 bytes)
[    0.850809] TCP established hash table entries: 8192 (order: 4, 65536 bytes)
[    0.852077] TCP bind hash table entries: 8192 (order: 5, 131072 bytes)
[    0.852971] TCP: Hash tables configured (established 8192 bind 8192)
[    0.855298] UDP hash table entries: 512 (order: 2, 16384 bytes)
[    0.856065] UDP-Lite hash table entries: 512 (order: 2, 16384 bytes)
[    0.858437] NET: Registered protocol family 1
[    0.870743] RPC: Registered named UNIX socket transport module.
[    0.871787] RPC: Registered udp transport module.
[    0.872179] RPC: Registered tcp transport module.
[    0.872794] RPC: Registered tcp NFSv4.1 backchannel transport module.
[    0.897978] hw perfevents: enabled with armv8_pmuv3 PMU driver, 1 counters available
[    0.899674] kvm [1]: HYP mode not available
[    0.931069] Initialise system trusted keyrings
[    0.934210] workingset: timestamp_bits=44 max_order=18 bucket_order=0
[    1.027912] squashfs: version 4.0 (2009/01/31) Phillip Lougher
[    1.041758] NFS: Registering the id_resolver key type
[    1.042460] Key type id_resolver registered
[    1.042847] Key type id_legacy registered
[    1.043758] nfs4filelayout_init: NFSv4 File Layout Driver Registering...
[    1.046081] 9p: Installing v9fs 9p2000 file system support
[    1.066236] Key type asymmetric registered
[    1.066547] Asymmetric key parser 'x509' registered
[    1.068626] Block layer SCSI generic (bsg) driver version 0.4 loaded (major 245)
[    1.069226] io scheduler noop registered
[    1.072024] io scheduler cfq registered (default)
[    1.072370] io scheduler mq-deadline registered
[    1.072653] io scheduler kyber registered
[    1.141424] pl061_gpio 9030000.pl061: PL061 GPIO chip @0x0000000009030000 registered
[    1.161790] OF: PCI: host bridge /pcie@10000000 ranges:
[    1.162603] OF: PCI:    IO 0x3eff0000..0x3effffff -> 0x00000000
[    1.164176] OF: PCI:   MEM 0x10000000..0x3efeffff -> 0x10000000
[    1.164581] OF: PCI:   MEM 0x8000000000..0xffffffffff -> 0x8000000000
[    1.165638] pci-host-generic 3f000000.pcie: ECAM at [mem 0x3f000000-0x3fffffff] for [bus 00-0f]
[    1.168044] pci-host-generic 3f000000.pcie: PCI host bridge to bus 0000:00
[    1.168640] pci_bus 0000:00: root bus resource [bus 00-0f]
[    1.169050] pci_bus 0000:00: root bus resource [io  0x0000-0xffff]
[    1.169394] pci_bus 0000:00: root bus resource [mem 0x10000000-0x3efeffff]
[    1.169763] pci_bus 0000:00: root bus resource [mem 0x8000000000-0xffffffffff]
[    1.304513] Serial: 8250/16550 driver, 4 ports, IRQ sharing enabled
[    1.326924] SuperH (H)SCI(F) driver initialized
[    1.331625] msm_serial: driver initialized
[    1.338199] cacheinfo: Unable to detect cache hierarchy for CPU 0
[    1.388050] loop: module loaded
[    1.440813] libphy: Fixed MDIO Bus: probed
[    1.452849] tun: Universal TUN/TAP device driver, 1.6
[    1.462603] thunder-xcv, ver 1.0
[    1.463899] thunder-BGX, ver 1.0
[    1.464877] thunder-nic, ver 1.0
[    1.469573] e1000e: Intel(R) PRO/1000 Network Driver - 3.2.6-k
[    1.469925] e1000e: Copyright(c) 1999 - 2015 Intel Corporation.
[    1.471835] igb: Intel(R) Gigabit Ethernet Network Driver - version 5.4.0-k
[    1.472230] igb: Copyright (c) 2007-2014 Intel Corporation.
[    1.473367] igbvf: Intel(R) Gigabit Virtual Function Network Driver - version 2.4.0-k
[    1.473794] igbvf: Copyright (c) 2009 - 2012 Intel Corporation.
[    1.478147] sky2: driver version 1.30
[    1.485408] VFIO - User Level meta-driver version: 0.3
[    1.508044] ehci_hcd: USB 2.0 'Enhanced' Host Controller (EHCI) Driver
[    1.508518] ehci-pci: EHCI PCI platform driver
[    1.510603] ehci-platform: EHCI generic platform driver
[    1.512522] ehci-orion: EHCI orion driver
[    1.513605] ehci-exynos: EHCI EXYNOS driver
[    1.514735] ohci_hcd: USB 1.1 'Open' Host Controller (OHCI) Driver
[    1.516038] ohci-pci: OHCI PCI platform driver
[    1.517434] ohci-platform: OHCI generic platform driver
[    1.518912] ohci-exynos: OHCI EXYNOS driver
[    1.525964] usbcore: registered new interface driver usb-storage
[    1.564690] rtc-pl031 9010000.pl031: rtc core: registered pl031 as rtc0
[    1.573079] i2c /dev entries driver
[    1.616651] sdhci: Secure Digital Host Controller Interface driver
[    1.617008] sdhci: Copyright(c) Pierre Ossman
[    1.620990] Synopsys Designware Multimedia Card Interface Driver
[    1.630603] sdhci-pltfm: SDHCI platform and OF driver helper
[    1.644279] ledtrig-cpu: registered to indicate activity on CPUs
[    1.659876] usbcore: registered new interface driver usbhid
[    1.660205] usbhid: USB HID core driver
[    1.682561] NET: Registered protocol family 17
[    1.685493] 9pnet: Installing 9P2000 support
[    1.685975] Key type dns_resolver registered
[    1.690834] registered taskstats version 1
[    1.692299] Loading compiled-in X.509 certificates
[    1.704592] input: gpio-keys as /devices/platform/gpio-keys/input/input0
[    1.709544] rtc-pl031 9010000.pl031: setting system clock to 2017-12-21 05:17:30 UTC (1513833450)
[    1.712202] ALSA device list:
[    1.712443]   No soundcards found.
[    1.716531] uart-pl011 9000000.pl011: no DMA platform data
[    1.719713] Waiting for root device /dev/vda2...
