
U-Boot SPL 2014.01-00219-gc4d376f (Feb 18 2014 - 19:57:18)


U-Boot 2014.01-00219-gc4d376f (Feb 18 2014 - 19:57:18)

TEGRA30
Board: NVIDIA Beaver
I2C:   ready
DRAM:  2 GiB
MMC:   Tegra SD/MMC: 0, Tegra SD/MMC: 1
In:    serial
Out:   serial
Err:   serial
Net:   Net Initialization Skipped
No ethernet found.
Hit any key to stop autoboot:  2  0 
Tegra30 (Beaver) # 
Tegra30 (Beaver) # usb reset
(Re)start USB...
USB0:   USB EHCI 1.00
scanning bus 0 for devices... 2 USB Device(s) found
       scanning usb for storage devices... 0 Storage Device(s) found
       scanning usb for ethernet devices... 
Warning: asx0 using MAC address from net device
1 Ethernet Device(s) found
Tegra30 (Beaver) # setenv bootargs 'ignore_loglevel console=ttyS0,115200n8 rw root=PARTUUID=edbe1840-3633-c751-7993-b0ac834f81e0 rootwait gpt debug noinitrd earlyprintk init=/bin/bash'
Tegra30 (Beaver) # setenv ipaddr 192.168.100.101; setenv serverip 192.168.100.1; setenv tftpserverip 192.168.100.1
Tegra30 (Beaver) # tftpboot 0x81000000 zImage.multi_v7_defconfig
Using asx0 device
TFTP from server 192.168.100.1; our IP address is 192.168.100.101
Filename 'zImage.multi_v7_defconfig'.
Load address: 0x81000000
Loading: *#################################################################
	 #################################################################
	 #################################################################
	 #################################################################
	 #################################################################
	 #################################################################
	 #################################################################
	 ############################
	 3.3 MiB/s
done
Bytes transferred = 7086368 (6c2120 hex)
Tegra30 (Beaver) # tftpboot 0x82000000 tegra30-beaver.dtb
Using asx0 device
TFTP from server 192.168.100.1; our IP address is 192.168.100.101
Filename 'tegra30-beaver.dtb'.
Load address: 0x82000000
Loading: *####
	 2.9 MiB/s
done
Bytes transferred = 51572 (c974 hex)
Tegra30 (Beaver) # bootz 0x81000000 - 0x82000000
Kernel image @ 0x81000000 [ 0x000000 - 0x6c2120 ]
## Flattened Device Tree blob at 82000000
   Booting using the fdt blob at 0x82000000
   Loading Device Tree to 8fff0000, end 8ffff973 ... OK

Starting kernel ...

[    0.000000] Booting Linux on physical CPU 0x0
[    0.000000] Linux version 4.7.0-rc7-next-20160722-108808-g1312304 (pwalmsley@sellafield) (gcc version 4.7.3 20130328 (prerelease) (crosstool-NG linaro-1.13.1-4.7-2013.04-20130415 - Linaro GCC 2013.04) ) #1 SMP Fri Jul 22 00:35:00 PDT 2016
[    0.000000] CPU: ARMv7 Processor [412fc099] revision 9 (ARMv7), cr=10c5387d
[    0.000000] CPU: PIPT / VIPT nonaliasing data cache, VIPT aliasing instruction cache
[    0.000000] OF: fdt:Machine model: NVIDIA Tegra30 Beaver evaluation board
[    0.000000] debug: ignoring loglevel setting.
[    0.000000] cma: Reserved 64 MiB at 0xfb800000
[    0.000000] Memory policy: Data cache writealloc
[    0.000000] On node 0 totalpages: 524032
[    0.000000] free_area_init_node: node 0, pgdat c141cf40, node_mem_map eeffa000
[    0.000000]   DMA zone: 1536 pages used for memmap
[    0.000000]   DMA zone: 0 pages reserved
[    0.000000]   DMA zone: 196608 pages, LIFO batch:31
[    0.000000]   HighMem zone: 327424 pages, LIFO batch:31
[    0.000000] percpu: Embedded 14 pages/cpu @eef8d000 s26624 r8192 d22528 u57344
[    0.000000] pcpu-alloc: s26624 r8192 d22528 u57344 alloc=14*4096
[    0.000000] pcpu-alloc: [0] 0 [0] 1 [0] 2 [0] 3 
[    0.000000] Built 1 zonelists in Zone order, mobility grouping on.  Total pages: 522496
[    0.000000] Kernel command line: ignore_loglevel console=ttyS0,115200n8 rw root=PARTUUID=edbe1840-3633-c751-7993-b0ac834f81e0 rootwait gpt debug noinitrd earlyprintk init=/bin/bash
[    0.000000] PID hash table entries: 4096 (order: 2, 16384 bytes)
[    0.000000] Dentry cache hash table entries: 131072 (order: 7, 524288 bytes)
[    0.000000] Inode-cache hash table entries: 65536 (order: 6, 262144 bytes)
[    0.000000] Memory: 1995024K/2096128K available (9216K kernel code, 1147K rwdata, 3976K rodata, 2048K init, 343K bss, 35568K reserved, 65536K cma-reserved, 1244160K highmem)
[    0.000000] Virtual kernel memory layout:
[    0.000000]     vector  : 0xffff0000 - 0xffff1000   (   4 kB)
[    0.000000]     fixmap  : 0xffc00000 - 0xfff00000   (3072 kB)
[    0.000000]     vmalloc : 0xf0800000 - 0xff800000   ( 240 MB)
[    0.000000]     lowmem  : 0xc0000000 - 0xf0000000   ( 768 MB)
[    0.000000]     pkmap   : 0xbfe00000 - 0xc0000000   (   2 MB)
[    0.000000]     modules : 0xbf000000 - 0xbfe00000   (  14 MB)
[    0.000000]       .text : 0xc0208000 - 0xc0c00000   (10208 kB)
[    0.000000]       .init : 0xc1100000 - 0xc1300000   (2048 kB)
[    0.000000]       .data : 0xc1300000 - 0xc141edc0   (1148 kB)
[    0.000000]        .bss : 0xc1420000 - 0xc1475c48   ( 344 kB)
[    0.000000] SLUB: HWalign=64, Order=0-3, MinObjects=0, CPUs=4, Nodes=1
[    0.000000] Hierarchical RCU implementation.
[    0.000000] 	Build-time adjustment of leaf fanout to 32.
[    0.000000] 	RCU restricting CPUs from NR_CPUS=16 to nr_cpu_ids=4.
[    0.000000] RCU: Adjusting geometry for rcu_fanout_leaf=32, nr_cpu_ids=4
[    0.000000] NR_IRQS:16 nr_irqs:16 16
[    0.000000] /interrupt-controller@60004000: 160 interrupts forwarded to /interrupt-controller@50041000
[    0.000000] L2C: platform modifies aux control register: 0x02080000 -> 0x3e480001
[    0.000000] L2C: DT/platform modifies aux control register: 0x02080000 -> 0x3e480001
[    0.000000] L2C-310 erratum 769419 enabled
[    0.000000] L2C-310 enabling early BRESP for Cortex-A9
[    0.000000] L2C-310: enabling full line of zeros but not enabled in Cortex-A9
[    0.000000] L2C-310 dynamic clock gating enabled, standby mode enabled
[    0.000000] L2C-310 cache controller enabled, 8 ways, 1024 kB
[    0.000000] L2C-310: CACHE_ID 0x410000c7, AUX_CTRL 0x4e480001
[    0.000013] sched_clock: 32 bits at 1000kHz, resolution 1000ns, wraps every 2147483647500ns
[    0.000030] clocksource: timer_us: mask: 0xffffffff max_cycles: 0xffffffff, max_idle_ns: 1911260446275 ns
[    0.000039] Switching to timer-based delay loop, resolution 1000ns
[    0.002872] Console: colour dummy device 80x30
[    0.002900] Calibrating delay loop (skipped), value calculated using timer frequency.. 2.00 BogoMIPS (lpj=5000)
[    0.002910] pid_max: default: 32768 minimum: 301
[    0.002995] Mount-cache hash table entries: 2048 (order: 1, 8192 bytes)
[    0.003002] Mountpoint-cache hash table entries: 2048 (order: 1, 8192 bytes)
[    0.003438] CPU: Testing write buffer coherency: ok
[    0.003718] CPU0: thread -1, cpu 0, socket 0, mpidr 80000000
[    0.003763] Setting up static identity map for 0x80300000 - 0x80300098
[    0.006311] Tegra Revision: A03 SKU: 128 CPU Process: 4 SoC Process: 0
[    0.010360] CPU1: thread -1, cpu 1, socket 0, mpidr 80000001
[    0.015337] CPU2: thread -1, cpu 2, socket 0, mpidr 80000002
[    0.020336] CPU3: thread -1, cpu 3, socket 0, mpidr 80000003
[    0.020380] Brought up 4 CPUs
[    0.020394] SMP: Total of 4 processors activated (8.00 BogoMIPS).
[    0.020398] CPU: All CPU(s) started in SVC mode.
[    0.021073] devtmpfs: initialized
[    0.030240] VFP support v0.3: implementor 41 architecture 3 part 30 variant 9 rev 4
[    0.030683] clocksource: jiffies: mask: 0xffffffff max_cycles: 0xffffffff, max_idle_ns: 9556302231375000 ns
[    0.033920] pinctrl core: initialized pinctrl subsystem
[    0.035654] NET: Registered protocol family 16
[    0.038024] DMA: preallocated 256 KiB pool for atomic coherent allocations
[    0.049926] cpuidle: using governor menu
[    0.058656] No ATAGs?hw-breakpoint: found 5 (+1 reserved) breakpoint and 1 watchpoint registers.
[    0.058684] hw-breakpoint: maximum watchpoint size is 4 bytes.
[    0.061934] Serial: AMBA PL011 UART driver
[    0.063236] tegra-mc 7000f000.memory-controller: no memory timings for RAM code 3 registered
[    0.082919] vdd_5v_sata: Failed to request enable GPIO30: -517
[    0.082931] reg-fixed-voltage regulators:regulator@3: Failed to register regulator: -517
[    0.082975] usb1_vbus: Failed to request enable GPIO238: -517
[    0.082983] reg-fixed-voltage regulators:regulator@4: Failed to register regulator: -517
[    0.083025] usb3_vbus: Failed to request enable GPIO236: -517
[    0.083033] reg-fixed-voltage regulators:regulator@5: Failed to register regulator: -517
[    0.083121] sys_3v3_pexs: Failed to request enable GPIO95: -517
[    0.083128] reg-fixed-voltage regulators:regulator@7: Failed to register regulator: -517
[    0.085106] vgaarb: loaded
[    0.085596] SCSI subsystem initialized
[    0.085736] libata version 3.00 loaded.
[    0.085920] usbcore: registered new interface driver usbfs
[    0.085959] usbcore: registered new interface driver hub
[    0.085995] usbcore: registered new device driver usb
[    0.092695] vrtc: supplied by vdd_5v_in
[    0.095989] vio: supplied by vdd_5v_in
[    0.101835] vdd1: supplied by vdd_5v_in
[    0.103198] vddio_ddr_1v2: Bringing 600000uV into 1200000-1200000uV
[    0.106840] vdd2: supplied by vdd_5v_in
[    0.116821] ldo1: supplied by vdd_1v5_gen
[    0.119210] ldo2: supplied by vdd_1v5_gen
[    0.119681] vdd_sata,avdd_plle: Bringing 1200000uV into 1050000-1050000uV
[    0.121927] ldo3: supplied by vdd_5v_in
[    0.124289] ldo4: supplied by vdd_5v_in
[    0.126832] ldo5: supplied by vdd_5v_in
[    0.131837] ldo6: supplied by vdd_1v8_gen
[    0.132308] avdd_dsi_csi,pwrdet_mipi: Bringing 1000000uV into 1200000-1200000uV
[    0.134573] ldo7: supplied by vdd_1v8_gen
[    0.141826] ldo8: supplied by vdd_1v8_gen
[    0.146866] pps_core: LinuxPPS API ver. 1 registered
[    0.146871] pps_core: Software ver. 5.3.6 - Copyright 2005-2007 Rodolfo Giometti <giometti@linux.it>
[    0.146883] PTP clock support registered
[    0.147018] EDAC MC: Ver: 3.0.0
[    0.148548] clocksource: Switched to clocksource timer_us
[    0.154467] NET: Registered protocol family 2
[    0.154879] TCP established hash table entries: 8192 (order: 3, 32768 bytes)
[    0.154932] TCP bind hash table entries: 8192 (order: 4, 65536 bytes)
[    0.155015] TCP: Hash tables configured (established 8192 bind 8192)
[    0.155097] UDP hash table entries: 512 (order: 2, 16384 bytes)
[    0.155156] UDP-Lite hash table entries: 512 (order: 2, 16384 bytes)
[    0.155317] NET: Registered protocol family 1
[    0.155586] RPC: Registered named UNIX socket transport module.
[    0.155594] RPC: Registered udp transport module.
[    0.155597] RPC: Registered tcp transport module.
[    0.155601] RPC: Registered tcp NFSv4.1 backchannel transport module.
[    0.155610] PCI: CLS 0 bytes, default 64
[    0.156331] hw perfevents: /pmu: failed to probe PMU!
[    0.156338] hw perfevents: /pmu: failed to register PMU devices!
[    0.156349] armv7-pmu: probe of pmu failed with error -22
[    0.157243] futex hash table entries: 1024 (order: 4, 65536 bytes)
[    0.157636] workingset: timestamp_bits=30 max_order=19 bucket_order=0
[    0.163246] squashfs: version 4.0 (2009/01/31) Phillip Lougher
[    0.163751] NFS: Registering the id_resolver key type
[    0.163793] Key type id_resolver registered
[    0.163798] Key type id_legacy registered
[    0.163827] ntfs: driver 2.1.32 [Flags: R/O].
[    0.164583] bounce: pool size: 64 pages
[    0.164704] Block layer SCSI generic (bsg) driver version 0.4 loaded (major 248)
[    0.164712] io scheduler noop registered
[    0.164716] io scheduler deadline registered
[    0.164822] io scheduler cfq registered (default)
[    0.167131] libphy: mdio_driver_register: phy-bcm-ns2-pci
[    0.170681] tegra30-pinctrl 70000868.pinmux: invalid group "sdmmc3_dat6_pd3" for function "rsvd1"
[    0.170697] tegra30-pinctrl 70000868.pinmux: invalid group "sdmmc3_dat7_pd4" for function "rsvd1"
[    0.170711] tegra30-pinctrl 70000868.pinmux: invalid group "vi_vsync_pd6" for function "rsvd1"
[    0.170721] tegra30-pinctrl 70000868.pinmux: invalid group "vi_hsync_pd7" for function "rsvd1"
[    0.171191] tegra30-pinctrl 70000868.pinmux: invalid group "hdmi_int_pn7" for function "rsvd1"
[    0.171236] tegra30-pinctrl 70000868.pinmux: invalid group "ulpi_data3_po4" for function "rsvd1"
[    0.171576] tegra30-pinctrl 70000868.pinmux: invalid group "vi_d10_pt2" for function "rsvd1"
[    0.171588] tegra30-pinctrl 70000868.pinmux: invalid group "vi_d11_pt3" for function "rsvd1"
[    0.171600] tegra30-pinctrl 70000868.pinmux: invalid group "vi_d0_pt4" for function "rsvd1"
[    0.171642] tegra30-pinctrl 70000868.pinmux: invalid group "pu0" for function "rsvd1"
[    0.171674] tegra30-pinctrl 70000868.pinmux: invalid group "pu3" for function "rsvd1"
[    0.171711] tegra30-pinctrl 70000868.pinmux: invalid group "pu6" for function "rsvd1"
[    0.171753] tegra30-pinctrl 70000868.pinmux: invalid group "pv3" for function "rsvd1"
[    0.172256] tegra30-pinctrl 70000868.pinmux: invalid group "pbb0" for function "rsvd1"
[    0.172373] tegra30-pinctrl 70000868.pinmux: invalid group "pcc1" for function "rsvd1"
[    0.177626] tegra-pcie 3000.pcie-controller: 2x3 configuration
[    0.177769] tegra-pcie 3000.pcie-controller: Failed to get supply 'hvdd-pex': -517
[    0.181563] tegra-apbdma 6000a000.dma: Tegra20 APB DMA driver register 32 channels
[    0.182554] tegra-pmc 7000e400.pmc: i2c-thermtrip node not found, emergency thermal reset disabled.
[    0.214936] Serial: 8250/16550 driver, 4 ports, IRQ sharing disabled
[    0.217019] console [ttyS0] disabled
[    0.217078] 70006000.serial: ttyS0 at MMIO 0x70006000 (irq = 331, base_baud = 25500000) is a Tegra
[    1.212540] console [ttyS0] enabled
[    1.216553] SuperH (H)SCI(F) driver initialized
[    1.221670] msm_serial: driver initialized
[    1.225878] STMicroelectronics ASC driver initialized
[    1.233041] [drm] Initialized drm 1.1.0 20060810
[    1.239619] tegra-hdmi 54280000.hdmi: failed to get HDMI regulator
[    1.253892] brd: module loaded
[    1.260917] loop: module loaded
[    1.268965] m25p80 spi32766.1: w25q32 (4096 Kbytes)
[    1.275875] libphy: Fixed MDIO Bus: probed
[    1.280456] CAN device driver interface
[    1.285498] igb: Intel(R) Gigabit Ethernet Network Driver - version 5.3.0-k
[    1.292452] igb: Copyright (c) 2007-2014 Intel Corporation.
[    1.299832] pegasus: v0.9.3 (2013/04/25), Pegasus/Pegasus II USB Ethernet driver
[    1.307275] usbcore: registered new interface driver pegasus
[    1.312959] usbcore: registered new interface driver asix
[    1.318375] usbcore: registered new interface driver ax88179_178a
[    1.324488] usbcore: registered new interface driver cdc_ether
[    1.330343] usbcore: registered new interface driver smsc75xx
[    1.336113] usbcore: registered new interface driver smsc95xx
[    1.341871] usbcore: registered new interface driver net1080
[    1.347544] usbcore: registered new interface driver cdc_subset
[    1.353474] usbcore: registered new interface driver zaurus
[    1.359096] usbcore: registered new interface driver cdc_ncm
[    1.366071] ehci_hcd: USB 2.0 'Enhanced' Host Controller (EHCI) Driver
[    1.372595] ehci-pci: EHCI PCI platform driver
[    1.377063] ehci-platform: EHCI generic platform driver
[    1.382403] ehci-orion: EHCI orion driver
[    1.386485] SPEAr-ehci: EHCI SPEAr driver
[    1.390567] ehci-st: EHCI STMicroelectronics driver
[    1.395518] ehci-exynos: EHCI EXYNOS driver
[    1.399785] ehci-atmel: EHCI Atmel driver
[    1.403867] tegra-ehci: Tegra EHCI driver
[    1.408147] ohci_hcd: USB 1.1 'Open' Host Controller (OHCI) Driver
[    1.414333] ohci-pci: OHCI PCI platform driver
[    1.418798] ohci-platform: OHCI generic platform driver
[    1.424117] ohci-omap3: OHCI OMAP3 driver
[    1.428194] SPEAr-ohci: OHCI SPEAr driver
[    1.432278] ohci-st: OHCI STMicroelectronics driver
[    1.437226] ohci-atmel: OHCI Atmel driver
[    1.441662] usbcore: registered new interface driver usb-storage
[    1.448614] mousedev: PS/2 mouse device common for all mice
[    1.455989] tegra_rtc 7000e000.rtc: rtc core: registered 7000e000.rtc as rtc1
[    1.463159] tegra_rtc 7000e000.rtc: Tegra internal Real Time Clock
[    1.481899] tps65910-rtc tps65910-rtc: rtc core: registered tps65910-rtc as rtc0
[    1.489485] i2c /dev entries driver
[    1.500578] sdhci: Secure Digital Host Controller Interface driver
[    1.506762] sdhci: Copyright(c) Pierre Ossman
[    1.512009] Synopsys Designware Multimedia Card Interface Driver
[    1.518649] sdhci-pltfm: SDHCI platform and OF driver helper
[    1.524813] sdhci-tegra 78000000.sdhci: Got CD GPIO
[    1.529703] sdhci-tegra 78000000.sdhci: Got WP GPIO
[    1.535770] mmc0: Invalid maximum block size, assuming 512 bytes
[    1.588643] mmc0: SDHCI controller on 78000000.sdhci [78000000.sdhci] using ADMA
[    1.597206] mmc1: Invalid maximum block size, assuming 512 bytes
[    1.648552] mmc1: SDHCI controller on 78000600.sdhci [78000600.sdhci] using ADMA
[    1.657220] ledtrig-cpu: registered to indicate activity on CPUs
[    1.663434] usbcore: registered new interface driver usbhid
[    1.669008] usbhid: USB HID core driver
[    1.676555] NET: Registered protocol family 10
[    1.681617] sit: IPv6, IPv4 and MPLS over IPv4 tunneling driver
[    1.687972] NET: Registered protocol family 17
[    1.692424] can: controller area network core (rev 20120528 abi 9)
[    1.698636] NET: Registered protocol family 29
[    1.703066] can: raw protocol (rev 20120528)
[    1.707332] can: broadcast manager protocol (rev 20160617 t)
[    1.712986] can: netlink gateway (rev 20130117) max_hops=1
[    1.718755] Key type dns_resolver registered
[    1.723419] ThumbEE CPU extension supported.
[    1.727699] Registering SWP/SWPB emulation handler
[    1.745249] vdd_ddr: supplied by vdd_5v_in
[    1.751951] vdd_5v_sata: supplied by vdd_5v_in
[    1.758636] usb1_vbus: supplied by vdd_5v_in
[    1.765155] usb3_vbus: supplied by vdd_5v_in
[    1.774557] sys_3v3,vdd_3v3_alw: supplied by vdd_5v_in
[    1.780313] +VDD_5V_HDMI: supplied by sys_3v3,vdd_3v3_alw
[    1.785929] sys_3v3_pexs: supplied by sys_3v3,vdd_3v3_alw
[    1.792042] tegra-pcie 3000.pcie-controller: 2x3 configuration
[    1.802243] tegra-pcie 3000.pcie-controller: probing port 0, using 2 lanes
[    1.823233] mmc0: new ultra high speed DDR50 SDHC card at address aaaa
[    1.830945] mmcblk0: mmc0:aaaa SS04G 3.69 GiB 
[    1.842775] mmc1: new high speed MMC card at address 0001
[    1.850027] mmcblk1: mmc1:0001 SEM16G 14.8 GiB 
[    1.856433] mmcblk1boot0: mmc1:0001 SEM16G partition 1 1.00 MiB
[    1.865035] mmcblk1boot1: mmc1:0001 SEM16G partition 2 1.00 MiB
[    1.867490] tegra-pcie 3000.pcie-controller: probing port 2, using 2 lanes
[    1.880206] mmcblk1rpmb: mmc1:0001 SEM16G partition 3 128 KiB
[    1.886257]  mmcblk0: p1 p2 p3
[    1.894232] Primary GPT is invalid, using alternate GPT.
[    1.899552]  mmcblk1: p1 p2 p3 p4 p5
[    2.271487] tegra-pcie 3000.pcie-controller: link 2 down, retrying
[    2.681609] tegra-pcie 3000.pcie-controller: link 2 down, retrying
[    3.091733] tegra-pcie 3000.pcie-controller: link 2 down, retrying
[    3.099924] tegra-pcie 3000.pcie-controller: link 2 down, ignoring
[    3.106240] tegra-pcie 3000.pcie-controller: PCI host bridge to bus 0000:00
[    3.113205] pci_bus 0000:00: root bus resource [io  0x0000-0xffff]
[    3.119379] pci_bus 0000:00: root bus resource [mem 0x20000000-0x27ffffff]
[    3.126245] pci_bus 0000:00: root bus resource [mem 0x28000000-0x3fffffff pref]
[    3.133543] pci_bus 0000:00: root bus resource [bus 00-ff]
[    3.139044] pci 0000:00:01.0: [10de:0e1c] type 01 class 0x060400
[    3.145107] pci 0000:00:01.0: PME# supported from D0 D1 D2 D3hot D3cold
[    3.151870] PCI: bus0: Fast back to back transfers disabled
[    3.157442] pci 0000:00:01.0: bridge configuration invalid ([bus 00-00]), reconfiguring
[    3.165538] pci 0000:01:00.0: [10ec:8168] type 00 class 0x020000
[    3.171556] pci 0000:01:00.0: reg 0x10: [io  0x0000-0x00ff]
[    3.177136] pci 0000:01:00.0: reg 0x18: [mem 0x00000000-0x00000fff 64bit pref]
[    3.184356] pci 0000:01:00.0: reg 0x20: [mem 0x00000000-0x00003fff 64bit pref]
[    3.191637] pci 0000:01:00.0: supports D1 D2
[    3.195903] pci 0000:01:00.0: PME# supported from D0 D1 D2 D3hot D3cold
[    3.213576] PCI: bus1: Fast back to back transfers disabled
[    3.219146] pci_bus 0000:01: busn_res: [bus 01-ff] end is updated to 01
[    3.225821] pci 0000:00:01.0: BAR 9: assigned [mem 0x28000000-0x280fffff 64bit pref]
[    3.233558] pci 0000:00:01.0: BAR 7: assigned [io  0x1000-0x1fff]
[    3.239656] pci 0000:01:00.0: BAR 4: assigned [mem 0x28000000-0x28003fff 64bit pref]
[    3.247401] pci 0000:01:00.0: BAR 2: assigned [mem 0x28004000-0x28004fff 64bit pref]
[    3.255141] pci 0000:01:00.0: BAR 0: assigned [io  0x1000-0x10ff]
[    3.261231] pci 0000:00:01.0: PCI bridge to [bus 01]
[    3.266190] pci 0000:00:01.0:   bridge window [io  0x1000-0x1fff]
[    3.272276] pci 0000:00:01.0:   bridge window [mem 0x28000000-0x280fffff 64bit pref]
[    3.280023] pci 0000:00:01.0: nv_msi_ht_cap_quirk didn't locate host bridge
[    3.287042] pcieport 0000:00:01.0: enabling device (0140 -> 0143)
[    3.293310] pcieport 0000:00:01.0: Signaling PME through PCIe PME interrupt
[    3.300269] pci 0000:01:00.0: Signaling PME through PCIe PME interrupt
[    3.306789] pcie_pme 0000:00:01.0:pcie001: service driver pcie_pme loaded
[    3.313750] r8169 Gigabit Ethernet driver 2.3LK-NAPI loaded
[    3.319342] r8169 0000:01:00.0: enabling device (0140 -> 0143)
[    3.326490] r8169 0000:01:00.0 eth0: RTL8168evl/8111evl at 0xf09fa000, 02:04:4b:01:60:a6, XID 0c900800 IRQ 375
[    3.336491] r8169 0000:01:00.0 eth0: jumbo features [frames: 9200 bytes, tx checksumming: ko]
[    3.348464] [drm] Supports vblank timestamp caching Rev 2 (21.10.2013).
[    3.355085] [drm] No driver support for vblank timestamp query.
[    3.361026] drm drm: No connectors reported connected with modes
[    3.367033] [drm] Cannot find any crtc or sizes - going 1024x768
[    3.392656] Console: switching to colour frame buffer device 128x48
[    3.405343] drm drm: fb0:  frame buffer device
[    3.428556] [drm] Initialized tegra 0.0.0 20120330 on minor 0
[    3.439583] utmi_phy_clk_enable: timeout waiting for phy to stabilize
[    3.446052] tegra-ehci 7d004000.usb: EHCI Host Controller
[    3.451463] tegra-ehci 7d004000.usb: new USB bus registered, assigned bus number 1
[    3.459300] tegra-ehci 7d004000.usb: irq 343, io mem 0x7d004000
[    3.478567] tegra-ehci 7d004000.usb: USB 2.0 started, EHCI 1.00
[    3.485478] hub 1-0:1.0: USB hub found
[    3.489252] hub 1-0:1.0: 1 port detected
[    3.494288] tegra-ehci 7d008000.usb: EHCI Host Controller
[    3.499702] tegra-ehci 7d008000.usb: new USB bus registered, assigned bus number 2
[    3.507438] tegra-ehci 7d008000.usb: irq 344, io mem 0x7d008000
[    3.523561] tegra-ehci 7d008000.usb: USB 2.0 started, EHCI 1.00
[    3.530344] hub 2-0:1.0: USB hub found
[    3.534114] hub 2-0:1.0: 1 port detected
[    3.543273] tps65910-rtc tps65910-rtc: setting system clock to 2000-01-01 00:00:02 UTC (946684802)
[    3.556874] vdd_sata,avdd_plle: disabling
[    3.561663] usb1_vbus: disabling
[    3.566858] EXT4-fs (mmcblk1p1): mounting ext3 file system using the ext4 subsystem
[    3.633781] EXT4-fs (mmcblk1p1): warning: mounting fs with errors, running e2fsck is recommended
[    3.644031] EXT4-fs (mmcblk1p1): recovery complete
[    3.650028] EXT4-fs (mmcblk1p1): mounted filesystem with ordered data mode. Opts: (null)
[    3.658145] VFS: Mounted root (ext3 filesystem) on device 179:17.
[    3.674616] devtmpfs: mounted
[    3.680160] Freeing unused kernel memory: 2048K (c1100000 - c1300000)
bash: cannot set terminal process group (-1): Inappropriate ioctl for device
bash: no job control in this shell
root@(none):/# [    3.863581] usb 2-1: new high-speed USB device number 2 using tegra-ehci
