

Pass: Linux Boot Test 1
	Test Owner(s): N/A
	Execution Time 56.78 sec
	Percent passed so far: 50.0
	


Pass: Linux Boot Test 2
	Test Owner(s): N/A
	Execution Time 55.98 sec
	Percent passed so far: 100.0
	

Final Score: 100.0
[0004.378] I> Welcome to MB1 recovery(prd-version : 10.02.161215-t186-M-00.00-f24525c4)
[0004.386] I> rst_source : 0x0
[0004.389] I> rst_level : 0x0
[0004.392] I> Boot-device: eMMC
[0004.417] I> sdmmc ddr50 mode
[0004.420] I> Entering into 3p server..
[0004.424] I> Transport interface is USB
[0004.774] I> transport_usbf_priv_open USB configuration success
[0010.390] I> Populate eeprom info for module cvm
[0047.784] I> bit @ 0xd480000
[0047.787] I> Downloading bct_bootrom at 0x000000004004e800
[0047.794] I> downloaded image bct_bootrom successfully
[0047.803] I> Downloading bct_mb1 at 0x0000000040041000
[0047.813] I> MB1-BCT relocated to 0xd48bc00 from 0x40041000
[0047.818] I> Supported mb1-bct versions 9-12
[0047.823] I> Version of mb1 bct binary 12
[0047.826] W> MB1 BCT does not have controller prod config data
[0047.832] I> Bootrom patch version : 31 (correctly patched)
[0047.838] I> ATE fuse revision : 0x500a0
[0047.841] I> chip revision : A02P
[0047.845] I> disabled_core_mask: 0xffffff0c
[0047.849] I> Enabled Cores: 0xf3
[0047.852] I> TPC disable fuse status: 0
[0047.855] I> Booting Parker Sku
[0047.858] I> Ram repair fuse : 0x0
[0047.862] I> allocated(CO:30) base:0xf8000000 size:0x8000000 align: 0x8000000
[0047.869] I> allocated(CO:23) base:0xf7ff0000 size:0x10000 align: 0x10000
[0047.876] I> allocated(CO:31) base:0x0 size:0x0 align: 0x0
[0047.881] I> allocated(CO:1) base:0xf7e00000 size:0x100000 align: 0x100000
[0047.888] I> allocated(CO:2) base:0xf7d00000 size:0x100000 align: 0x100000
[0047.894] I> allocated(CO:3) base:0xf7c00000 size:0x100000 align: 0x100000
[0047.901] I> allocated(CO:4) base:0xf7b00000 size:0x100000 align: 0x100000
[0047.908] I> allocated(CO:5) base:0xf7a00000 size:0x100000 align: 0x100000
[0047.915] I> allocated(CO:8) base:0xf7900000 size:0x100000 align: 0x100000
[0047.922] I> allocated(CO:27) base:0x0 size:0x0 align: 0x0
[0047.927] I> allocated(CO:6) base:0xf7600000 size:0x200000 align: 0x200000
[0047.934] I> allocated(CO:7) base:0xf7000000 size:0x400000 align: 0x400000
[0047.941] I> allocated(CO:9) base:0xf7800000 size:0x100000 align: 0x100000
[0047.947] I> allocated(CO:10) base:0xf6800000 size:0x800000 align: 0x800000
[0047.954] I> allocated(CO:11) base:0x30000000 size:0x40000 align: 0x0
[0047.961] I> allocated(CO:12) base:0xf7500000 size:0x100000 align: 0x100000
[0047.968] I> allocated(CO:13) base:0x30040000 size:0x1000 align: 0x0
[0047.974] I> allocated(CO:14) base:0x30048000 size:0x1000 align: 0x0
[0047.980] I> allocated(CO:15) base:0x30049000 size:0x1000 align: 0x0
[0047.986] I> allocated(CO:16) base:0x3004a000 size:0x1000 align: 0x0
[0047.993] I> allocated(CO:17) base:0x3004b000 size:0x1000 align: 0x0
[0047.999] I> allocated(CO:19) base:0x3004d000 size:0x1000 align: 0x0
[0048.005] I> allocated(CO:18) base:0x3004c000 size:0x1000 align: 0x0
[0048.011] I> allocated(CO:20) base:0x3004e000 size:0x1000 align: 0x0
[0048.018] I> allocated(CO:21) base:0x3004f000 size:0x1000 align: 0x0
[0048.024] I> allocated(CO:22) base:0x0 size:0x0 align: 0x0
[0048.029] I> allocated(CO:32) base:0xf6000000 size:0x600000 align: 0x400000
[0048.036] I> allocated(CO:24) base:0x0 size:0x0 align: 0x0
[0048.041] I> allocated(CO:25) base:0x0 size:0x0 align: 0x0
[0048.047] I> allocated(CO:26) base:0x0 size:0x0 align: 0x0
[0048.052] I> allocated(CO:39) base:0x96000000 size:0x2000000 align: 0x2000000
[0048.059] I> allocated(CO:38) base:0x84000000 size:0x400000 align: 0x400000
[0048.066] I> allocated(CO:37) base:0xf7fc0000 size:0x20000 align: 0x20000
[0048.073] I> allocated(CO:40) base:0x84800000 size:0xb00000 align: 0x800000
[0048.080] I> allocated(CO:41) base:0xf7f00000 size:0x80000 align: 0x80000
[0048.086] I> allocated(CO:28) base:0x84400000 size:0x400000 align: 0x400000
[0048.094] I> Boot-device: eMMC
[0048.097] I> sdmmc bdev is already initialized
[0048.101] W> MB1 PMIC CFG is version 1.2
[0048.105] W> Rail ID 7 is not found on MB1 BCT
[0048.109] W> MB1 PMIC CFG is version 1.2
[0048.116] W> MB1 PMIC CFG is version 1.2
[0048.123] W> MB1 PMIC CFG is version 1.2
[0048.127] I> sdram slot : 1
[0048.130] I> Initializing SDRAM
[0048.136] I> mss encrypt status check successful
[0048.141] I> downloaded image bct_mb1 successfully
[0048.388] I> Downloading blob at 0x0000000085300000
[0048.790] I> downloaded image blob successfully
[0048.805] I> exiting nv3p server
[0048.809] I> disabled_core_mask: 0xffffff0c
[0048.813] I> Enabled Cores: 0xf3
[0048.816] I> TPC disable fuse status: 0
[0048.819] I> Booting Parker Sku
[0048.822] I> Setup temp. GSC#29 (base:0x30000000, size:0x00010000)
[0048.829] I> Loading preboot
[0048.833] I> Binary(1) of size 59024 is loaded @ 0x40000000
[0048.839] I> Restrict GSC#29 access to DPMU only
[0048.843] I> Updated LSR_DVCOMP_PARAMS: 0xc0760ec5c
[0048.848] I> Updated LSR_DVCOMP_PARAMS: 0xc07c0f85c
[0048.853] I> WP0 triggered
[0048.855] I> Waypoint-0 ACK received :)
[0048.859] I> WP0.5 triggered
[0048.863] I> Initialized SCRs
[0048.866] W> MB1 PMIC CFG is version 1.2
[0048.873] W> MB1 PMIC CFG is version 1.2
[0048.924] I> Waypoint-0.5 ACK received :)
[0048.928] I> Setup temp. GSC#28 (base:0x84400000, size:0x00400000)
[0048.934] I> Loading MTS-DMCE
[0048.947] I> Binary(2) of size 266624 is loaded @ 0x84400000
[0048.953] I> disabled_core_mask: 0xffffff0c
[0048.957] I> Loading MTS-PROPER
[0048.960] I> Binary(3) of size 1809872 is loaded @ 0x0
[0048.965] I> Restrict GSC#28 access to DPMU only
[0048.970] I> disabled_core_mask: 0xffffff0c
[0048.974] I> WP1 triggered
[0048.976] I> Loading MB2
[0048.979] I> Binary(8) of size 59696 is loaded @ 0x84000000
[0048.985] W> MB1 PMIC CFG is version 1.2
[0048.990] I> Configure DMCE carveout GSC#13
[0048.994] I> CPU reset vector: 0x96000000
[0048.998] I> MB2-params @ 0xf7f00000
[0049.002] I> Waypoint-1 ACK received :)
[0049.005] I> Configure SC7 carveout GSC#23
[0049.010] I> MB1 recovery done

[0049.015] I> Welcome to MB2(TBoot-BPMP) Recovery(version: 01.00.160913-t186-M-00.00-mobile-597f2c10)
[0049.024] I> Default Heap @ [0xd486400 - 0xd488400]
[0049.029] I> DMA Heap @ [0x84900000 - 0x85300000]
[0049.034] I> bit @ 0xd480000
[0049.036] I> BR-BCT relocated to 0xf7f20000
[0049.041] I> Boot-device: eMMC
[0049.045] I> pmic: reset reason (nverc)	: 0x10
[0049.049] I> Reading GPT from 512 for device 00000003
[0049.055] I> Reading GPT from 8388096 for device 00000003
[0049.062] I> Found 6 partitions in 00000003 device
[0049.067] I> Reading GPT from 512 for device 00010003
[0049.073] I> Found 18 partitions in 00010003 device
[0049.081] I> Binary(16) of size 524480 is loaded @ 0xf7600000
[0049.089] I> Binary(17) of size 326672 is loaded @ 0xf77b03e0
[0049.215] I> BPMP-FW load address = 0xf7600000
[0049.220] I> BPMP-FW DTB load address = 0x501b03e0
[0049.224] I> Copy BTCM section
[0049.228] I> Binary(13) of size 143872 is loaded @ 0x96000000
[0049.234] I> MB2-params @ 0xf7f00000
[0049.237] I> CPUBL-params @ 0xf7f00000
[0049.241] I> CPU-BL loaded at : 0x96000000
[0049.245] I> Loading TOS ...
[0049.248] I> Binary(14) of size 54384 is loaded @ 0x8490f400
[0049.254] I> Copying Monitor (length: 0xd270) from 0x8490f600 to 0x40000000
[0049.261] I> Erasing Monitor @ 0x8490f600
[0049.265] I> Unhalting SCE
[0049.269] I> Waypoint2-ACK: 0x5200b694
[0049.273] I> MB2(TBoot-BPMP) Recovery done

NOTICE:  BL31: v1.2(release):ff7a644
NOTICE:  BL31: Built : 21:06:35, Mar  1 2017
NOTICE:  Trusty image missing.
ERROR:   Error initializing runtime service trusty_fast
[0049.635] I> Welcome to TBoot-CPU Recovery(version: 01.00.160913-t186-M-00.00-mobile-e9641362)
[0049.644] I> gpio framework initialized
[0049.647] I> tegrabl_gpio_driver_register: register 'tegra_gpio_main_driver' driver
[0049.655] I> tegrabl_gpio_driver_register: register 'tegra_gpio_aon_driver' driver
[0049.662] I> tegrabl_tca9539_init: i2c bus: 0, slave addr: 0xee
[0049.671] I> tegrabl_gpio_driver_register: register 'tca9539_gpio_driver' driver
[0049.678] I> tegrabl_tca9539_init: i2c bus: 0, slave addr: 0xe8
[0049.686] I> tegrabl_gpio_driver_register: register 'tca9539_gpio_driver' driver
[0049.693] I> CPU: ARM Cortex A57
[0049.696] I> CPU: MIDR: 0x411fd073, MPIDR: 0x80000100
[0049.701] I> L2 ECC enabled : yes
[0049.704] I> CPU-BL Params @ 0xf7f00000
[0049.708] I>  0) Base:0x00000000 Size:0x00000000
[0049.713] I>  1) Base:0xf7e00000 Size:0x00100000
[0049.717] I>  2) Base:0xf7d00000 Size:0x00100000
[0049.721] I>  3) Base:0xf7c00000 Size:0x00100000
[0049.726] I>  4) Base:0xf7b00000 Size:0x00100000
[0049.730] I>  5) Base:0xf7a00000 Size:0x00100000
[0049.735] I>  6) Base:0xf7600000 Size:0x00200000
[0049.739] I>  7) Base:0xf7000000 Size:0x00400000
[0049.744] I>  8) Base:0xf7900000 Size:0x00100000
[0049.748] I>  9) Base:0xf7800000 Size:0x00100000
[0049.752] I> 10) Base:0xf6800000 Size:0x00800000
[0049.757] I> 11) Base:0x30000000 Size:0x00040000
[0049.761] I> 12) Base:0xf7500000 Size:0x00100000
[0049.766] I> 13) Base:0x30040000 Size:0x00001000
[0049.770] I> 14) Base:0x30048000 Size:0x00001000
[0049.775] I> 15) Base:0x30049000 Size:0x00001000
[0049.779] I> 16) Base:0x3004a000 Size:0x00001000
[0049.783] I> 17) Base:0x3004b000 Size:0x00001000
[0049.788] I> 18) Base:0x3004c000 Size:0x00001000
[0049.792] I> 19) Base:0x3004d000 Size:0x00001000
[0049.797] I> 20) Base:0x3004e000 Size:0x00001000
[0049.801] I> 21) Base:0x3004f000 Size:0x00001000
[0049.806] I> 22) Base:0x00000000 Size:0x00000000
[0049.810] I> 23) Base:0xf7ff0000 Size:0x00010000
[0049.815] I> 24) Base:0x00000000 Size:0x00000000
[0049.819] I> 25) Base:0x00000000 Size:0x00000000
[0049.823] I> 26) Base:0x00000000 Size:0x00000000
[0049.828] I> 27) Base:0x00000000 Size:0x00000000
[0049.832] I> 28) Base:0x84400000 Size:0x00400000
[0049.837] I> 29) Base:0x30000000 Size:0x00010000
[0049.841] I> 30) Base:0xf8000000 Size:0x08000000
[0049.846] I> 31) Base:0x00000000 Size:0x00000000
[0049.850] I> 32) Base:0xf6000000 Size:0x00600000
[0049.854] I> 33) Base:0x80000000 Size:0x76000000
[0049.859] I> 34) Base:0x100000000 Size:0x180000000
[0049.863] I> 35) Base:0x00000000 Size:0x00000000
[0049.868] I> 36) Base:0x00000000 Size:0x00000000
[0049.872] I> 37) Base:0xf7fc0000 Size:0x00020000
[0049.877] I> 38) Base:0x84000000 Size:0x00400000
[0049.881] I> 39) Base:0x96000000 Size:0x02000000
[0049.886] I> 40) Base:0x84800000 Size:0x00b00000
[0049.890] I> 41) Base:0xf7f00000 Size:0x00080000
[0049.894] I> 42) Base:0x00000000 Size:0x00000000
[0049.899] I> 43) Base:0x00000000 Size:0x00000000
[0049.903] I> Boot-device: eMMC
[0049.929] I> sdmmc ddr50 mode
[0049.933] I> sdmmc bdev is already initialized
[0049.937] I> Reading GPT from 512 for device 00000003
[0049.943] I> Reading GPT from 8388096 for device 00000003
[0049.949] I> Found 6 partitions in 00000003 device
[0049.954] I> Reading GPT from 512 for device 00010003
[0049.960] I> Found 18 partitions in 00010003 device
[0049.964] I> Recovery boot_type: 0
[0049.967] I> Entering 3p server
[0049.970] I> Entering into 3p server..
[0049.974] I> Transport interface is USB
[0050.341] I> transport_usbf_priv_open USB configuration success
[0053.856] I> Populate storage info
[0053.873] I> Erasing device 0: 3
[0053.877] I> Erasing device 16384 blocks from block 0
[0053.898] I> Erase successful.
[0053.903] I> Writing device 0: 3
[0053.907] I> Total write size is 16896 bytes
[0053.955] I> Reading GPT from 512 for device 00000003
[0053.961] I> Reading GPT from 8388096 for device 00000003
[0053.968] I> Found 6 partitions in 00000003 device
[0053.972] I> Write successful.
[0053.978] I> Erasing device 1: 3
[0053.981] I> Erasing device 61071360 blocks from block 0
[0054.490] I> Erase successful.
[0054.495] I> Writing device 1: 3
[0054.498] I> Total write size is 512 bytes
[0054.505] I> Write successful.
[0054.510] I> Writing device 1: 3
[0054.513] I> Total write size is 2688 bytes
[0054.521] I> Reading GPT from 512 for device 00010003
[0054.526] I> Found 17 partitions in 00010003 device
[0054.531] I> Write successful.
[0054.536] I> Writing device 1: 3
[0054.539] I> Total write size is 16896 bytes
[0054.547] I> Reading GPT from 512 for device 00010003
[0054.553] I> Found 17 partitions in 00010003 device
[0054.557] I> Write successful.
[0054.563] I> Writing mb1 partition
[0054.566] I> Total write size is 88368 bytes
[0054.604] I> Write successful.
[0054.610] I> Writing spe-fw partition
[0054.613] I> Total write size is 57184 bytes
[0054.648] I> Write successful.
[0054.654] I> Writing mb2 partition
[0054.657] I> Total write size is 60720 bytes
[0054.697] I> Write successful.
[0054.702] I> Writing mts-preboot partition
[0054.706] I> Total write size is 59824 bytes
[0054.751] I> Write successful.
[0054.757] I> Writing device 1: 3
[0054.760] I> Total write size is 512 bytes
[0054.766] I> Write successful.
[0054.772] I> Writing APP partition
[0054.775] I> Total write size is 27989244 bytes
[0056.124] I> Write successful.
[0056.130] I> Writing mts-bootpack partition
[0056.134] I> Total write size is 2077344 bytes
[0056.239] I> Write successful.
[0056.244] I> Writing cpu-bootloader partition
[0056.248] I> Total write size is 196176 bytes
[0056.265] I> Write successful.
[0056.271] I> Writing bootloader-dtb partition
[0056.275] I> Total write size is 248528 bytes
[0056.295] I> Write successful.
[0056.300] I> Writing secure-os partition
[0056.304] I> Total write size is 54784 bytes
[0056.313] I> Write successful.
[0056.319] I> Writing eks partition
[0056.322] I> Total write size is 1488 bytes
[0056.329] I> Write successful.
[0056.335] I> Writing bpmp-fw partition
[0056.338] I> Total write size is 524880 bytes
[0056.370] I> Write successful.
[0056.376] I> Writing bpmp-fw-dtb partition
[0056.380] I> Total write size is 327072 bytes
[0056.404] I> Write successful.
[0056.409] I> Writing sce-fw partition
[0056.413] I> Total write size is 65488 bytes
[0056.423] I> Write successful.
[0056.429] I> Writing sc7 partition
[0056.432] I> Total write size is 20848 bytes
[0056.440] I> Write successful.
[0056.445] I> Writing kernel partition
[0056.449] I> Total write size is 6735872 bytes
[0056.800] I> Write successful.
[0056.805] I> Writing kernel-dtb partition
[0056.809] I> Total write size is 248128 bytes
[0056.828] I> Write successful.
[0056.840] I> Writing BCT partition
[0056.843] I> Total write size is 3584 bytes
[0056.895] I> Write successful.
[0056.912] I> Writing MB1_BCT partition
[0056.916] I> Total write size is 49968 bytes
[0056.962] I> Write successful.
[0056.974] I> Rebooting : reset-coldboot


[0000.181] I> Welcome to MB2(TBoot-BPMP)(version: 01.00.160913-t186-M-00.00-mobile-f4c42291)
[0000.190] I> Default Heap @ [0xd486400 - 0xd488400]
[0000.195] I> DMA Heap @ [0x84900000 - 0x85300000]
[0000.199] I> bit @ 0xd480000
[0000.202] I> BR-BCT relocated to 0xf7f20000
[0000.206] I> Boot-device: eMMC
[0000.210] I> pmic: reset reason (nverc)	: 0x0
[0000.214] I> Reading GPT from 512 for device 00000003
[0000.220] I> Reading GPT from 8388096 for device 00000003
[0000.227] I> Found 6 partitions in 00000003 device
[0000.232] I> Reading GPT from 512 for device 00010003
[0000.239] I> Found 17 partitions in 00010003 device
[0000.244] W> No valid slot number is found in scratch register
[0000.250] W> Return default slot: _a
[0000.253] I> A/B: bin_type (16) slot 0
[0000.257] I> Select partition: bpmp-fw
[0000.260] I> Loading partition bpmp-fw at 0xf7600000
[0000.265] I> Reading two headers - addr:0xf7600000 blocks:1
[0000.270] I> Addr: 0xf7600000, start-block: 58739717, num_blocks: 1
[0000.285] I> Binary(16) of size 524480 is loaded @ 0xf7600000
[0000.291] W> No valid slot number is found in scratch register
[0000.297] W> Return default slot: _a
[0000.300] I> A/B: bin_type (17) slot 0
[0000.304] I> Select partition: bpmp-fw-dtb
[0000.308] I> Loading partition bpmp-fw-dtb at 0xf77f0000
[0000.313] I> Reading two headers - addr:0xf77f0000 blocks:1
[0000.318] I> Addr: 0xf77f0000, start-block: 58740925, num_blocks: 1
[0000.330] I> Binary(17) of size 326672 is loaded @ 0xf77b0200
[0000.458] I> BPMP-FW load address = 0xf7600000
[0000.462] I> BPMP-FW DTB load address = 0x501b0200
[0000.467] I> Loading SCE-FW ...
[0000.470] W> No valid slot number is found in scratch register
[0000.476] W> Return default slot: _a
[0000.479] I> A/B: bin_type (12) slot 0
[0000.483] I> Select partition: sce-fw
[0000.486] I> Loading partition sce-fw at 0xf7800000
[0000.491] I> Reading two headers - addr:0xf7800000 blocks:1
[0000.496] I> Addr: 0xf7800000, start-block: 58741925, num_blocks: 1
[0000.505] I> Binary(12) of size 65088 is loaded @ 0xf7800000
[0000.510] I> Init SCE
[0000.513] I> Copy BTCM section
[0000.516] W> No valid slot number is found in scratch register
[0000.521] W> Return default slot: _a
[0000.525] I> A/B: bin_type (13) slot 0
[0000.528] I> Select partition: cpu-bootloader
[0000.533] I> Loading partition cpu-bootloader at 0x96000000
[0000.538] I> Reading two headers - addr:0x96000000 blocks:1
[0000.543] I> Addr: 0x96000000, start-block: 58732545, num_blocks: 1
[0000.554] I> Binary(13) of size 195776 is loaded @ 0x96000000
[0000.559] W> No valid slot number is found in scratch register
[0000.565] W> Return default slot: _a
[0000.568] I> A/B: bin_type (20) slot 0
[0000.572] I> Select partition: bootloader-dtb
[0000.576] I> Loading partition bootloader-dtb at 0x85300000
[0000.582] I> Reading two headers - addr:0x85300000 blocks:1
[0000.587] I> Addr: 0x85300000, start-block: 58733057, num_blocks: 1
[0000.598] I> Binary(20) of size 248128 is loaded @ 0x85300000
[0000.604] I> MB2-params @ 0xf7f00000
[0000.607] I> CPUBL-params @ 0xf7f00000
[0000.611] I> CPU-BL loaded at : 0x96000000
[0000.615] I> Loading TOS ...
[0000.618] W> No valid slot number is found in scratch register
[0000.623] W> Return default slot: _a
[0000.627] I> A/B: bin_type (14) slot 0
[0000.630] I> Select partition: secure-os
[0000.634] I> Loading partition secure-os at 0x8490f400
[0000.639] I> Reading two headers - addr:0x8490f400 blocks:1
[0000.645] I> Addr: 0x8490f400, start-block: 58733569, num_blocks: 1
[0000.653] I> Binary(14) of size 54384 is loaded @ 0x8490f400
[0000.659] I> Copying Monitor (length: 0xd270) from 0x8490f600 to 0x40000000
[0000.666] I> Erasing Monitor @ 0x8490f600
[0000.670] I> Unhalting SCE
[0000.674] I> Waypoint2-ACK: 0x5200b8d0
[0000.678] I> MB2(TBoot-BPMP) done

NOTICE:  BL31: v1.2(release):ff7a644
NOTICE:  BL31: Built : 21:06:35, Mar  1 2017
NOTICE:  Trusty image missing.
ERROR:   Error initializing runtime service trusty_fast
[0001.040] I> Welcome to Cboot
[0001.042] I> Cboot Version: 00.00.2014.50-t186-fabbc56c
[0001.047] I> CPU-BL Params @ 0xf7f00000
[0001.051] I>  0) Base:0x00000000 Size:0x00000000
[0001.055] I>  1) Base:0xf7e00000 Size:0x00100000
[0001.060] I>  2) Base:0xf7d00000 Size:0x00100000
[0001.064] I>  3) Base:0xf7c00000 Size:0x00100000
[0001.069] I>  4) Base:0xf7b00000 Size:0x00100000
[0001.073] I>  5) Base:0xf7a00000 Size:0x00100000
[0001.078] I>  6) Base:0xf7600000 Size:0x00200000
[0001.082] I>  7) Base:0xf7000000 Size:0x00400000
[0001.086] I>  8) Base:0xf7900000 Size:0x00100000
[0001.091] I>  9) Base:0xf7800000 Size:0x00100000
[0001.095] I> 10) Base:0xf6800000 Size:0x00800000
[0001.100] I> 11) Base:0x30000000 Size:0x00040000
[0001.104] I> 12) Base:0xf7500000 Size:0x00100000
[0001.109] I> 13) Base:0x30040000 Size:0x00001000
[0001.113] I> 14) Base:0x30048000 Size:0x00001000
[0001.117] I> 15) Base:0x30049000 Size:0x00001000
[0001.122] I> 16) Base:0x3004a000 Size:0x00001000
[0001.126] I> 17) Base:0x3004b000 Size:0x00001000
[0001.131] I> 18) Base:0x3004c000 Size:0x00001000
[0001.135] I> 19) Base:0x3004d000 Size:0x00001000
[0001.140] I> 20) Base:0x3004e000 Size:0x00001000
[0001.144] I> 21) Base:0x3004f000 Size:0x00001000
[0001.148] I> 22) Base:0x00000000 Size:0x00000000
[0001.153] I> 23) Base:0xf7ff0000 Size:0x00010000
[0001.157] I> 24) Base:0x00000000 Size:0x00000000
[0001.162] I> 25) Base:0x00000000 Size:0x00000000
[0001.166] I> 26) Base:0x00000000 Size:0x00000000
[0001.171] I> 27) Base:0x00000000 Size:0x00000000
[0001.175] I> 28) Base:0x84400000 Size:0x00400000
[0001.179] I> 29) Base:0x30000000 Size:0x00010000
[0001.184] I> 30) Base:0xf8000000 Size:0x08000000
[0001.188] I> 31) Base:0x00000000 Size:0x00000000
[0001.193] I> 32) Base:0xf6000000 Size:0x00600000
[0001.197] I> 33) Base:0x80000000 Size:0x76000000
[0001.202] I> 34) Base:0x100000000 Size:0x180000000
[0001.206] I> 35) Base:0x00000000 Size:0x00000000
[0001.211] I> 36) Base:0x00000000 Size:0x00000000
[0001.215] I> 37) Base:0xf7fc0000 Size:0x00020000
[0001.220] I> 38) Base:0x84000000 Size:0x00400000
[0001.224] I> 39) Base:0x96000000 Size:0x02000000
[0001.228] I> 40) Base:0x84800000 Size:0x00b00000
[0001.233] I> 41) Base:0xf7f00000 Size:0x00080000
[0001.237] I> 42) Base:0x00000000 Size:0x00000000
[0001.242] I> 43) Base:0x00000000 Size:0x00000000
[0001.246] platform_init_interrupts-121, 1*
[0001.250] Interrupts Init done
[0001.254] calling constructors
[0001.257] initializing heap
[0001.259] initializing threads
[0001.262] initializing timers
[0001.265] creating bootstrap completion thread
[0001.270] top of bootstrap2()
[0001.273] CPU: ARM Cortex A57
[0001.276] CPU: MIDR: 0x411FD073, MPIDR: 0x80000100
[0001.281] initializing platform
[0001.285] I> Boot-device: eMMC
[0001.288] I> odm data is 1090000
[0001.291] I> Reading GPT from 512 for device 00000003
[0001.297] I> Reading GPT from 8388096 for device 00000003
[0001.303] I> Found 6 partitions in 00000003 device
[0001.308] I> Reading GPT from 512 for device 00010003
[0001.314] I> Found 17 partitions in 00010003 device
[0001.319] W> No valid slot number is found in scratch register
[0001.324] W> Return default slot: _a
[0001.328] I> A/B: bin_type (1) slot 0
[0001.331] I> Select partition: kernel-dtb
[0001.335] I> Loading partition kernel-dtb at 0x92000000
[0001.344] I> Kernel_dtb @0x92000000
[0001.347] I> Bl_dtb @0x85300000
[0001.350] I> gpio framework initialized
[0001.354] I> tegrabl_gpio_driver_register: register 'tegra_gpio_main_driver' driver
[0001.361] I> tegrabl_gpio_driver_register: register 'tegra_gpio_aon_driver' driver
[0001.369] I> tegrabl_tca9539_init: i2c bus: 0, slave addr: 0xee
[0001.377] I> tegrabl_gpio_driver_register: register 'tca9539_gpio_driver' driver
[0001.384] I> tegrabl_tca9539_init: i2c bus: 0, slave addr: 0xe8
[0001.392] I> tegrabl_gpio_driver_register: register 'tca9539_gpio_driver' driver
[0001.400] E> tegrabl_blob_init: BMP partition does not have valid Blob
[0001.407] E> tegrabl_load_bmp_blob: BMP blob initialization failed
[0001.413] W> Loading bmp blob to memory failed
[0001.421] I> Find /i2c@c250000's alias i2c7
[0001.425] I> Reading eeprom i2c=7 address=0x50
[0001.454] I> Device at /i2c@c250000:0x50
[0001.458] I> Reading eeprom i2c=7 address=0x57
[0001.487] I> Device at /i2c@c250000:0x57
[0001.492] I> Find /i2c@c240000's alias i2c1
[0001.496] I> Reading eeprom i2c=1 address=0x51
[0001.501] I> Eeprom read failed 0x1a800027
[0001.506] I> Find /i2c@3160000's alias i2c0
[0001.510] I> Reading eeprom i2c=0 address=0x50
[0001.515] I> Eeprom read failed 0x1a800027
[0001.520] I> Find /i2c@3180000's alias i2c2
[0001.524] I> Reading eeprom i2c=2 address=0x54
[0001.528] I> Enabling gpio chip_id = 2, gpio pin = 9
[0001.559] I> Disabling gpio chip_id = 2, gpio pin = 9
[0001.564] I> Device at /i2c@3180000:0x54
[0001.568] I> create_pm_ids: id: 3310-1000-B00-E, len: 15
[0001.573] I> config: mem-type:00,power-config:00,misc-config:00,modem-config:00,touch-config:00,display-config:00,, len: 93
[0001.584] I> create_pm_ids: id: 2597-0000-501-C, len: 15
[0001.589] I> config: mem-type:00,power-config:00,misc-config:00,modem-config:00,touch-config:00,display-config:00,, len: 93
[0001.600] I> create_pm_ids: id: 3326-1000-100-M, len: 15
[0001.605] I> config: mem-type:ff,power-config:ff,misc-config:ff,modem-config:ff,touch-config:ff,display-config:ff,, len: 93
[0001.616] initializing target
[0001.619] calling apps_init()
[0001.622] starting app android_boot_app
[0001.626] I> Gpio keyboard init success
[0001.630] I> Kernel type = Normal
[0001.633] I> Loading kernel/boot.img ...
[0001.637] W> No valid slot number is found in scratch register
[0001.642] W> Return default slot: _a
[0001.646] I> A/B: bin_type (0) slot 0
[0001.649] I> Select partition: kernel
[0001.653] I> Loading partition kernel at 0xa8000000
[0001.734] W> No valid slot number is found in scratch register
[0001.740] W> Return default slot: _a
[0001.743] I> A/B: bin_type (1) slot 0
[0001.747] I> Select partition: kernel-dtb
[0001.751] I> Loading partition kernel-dtb at 0x92000000
[0001.759] I> Kernel DTB @ 0x92000000
[0001.763] I> Verified boot state = Orange
[0001.767] E> tegrabl_display_clear: display is not initialized
[0001.772] I> Checking boot.img header magic ... [0001.776] I> [OK]
[0001.778] I> Valid boot.img @ 0xa8000000
[0001.782] I> decompressor handler not found
[0001.786] I> Copying kernel image (465664 bytes) from 0xa8000800 to 0x80080000 ... [0001.793] I> Done
[0001.795] I> Move ramdisk (len: 6266463) from 0xa8072800 to 0x98000000
[0001.805] I> Updated bpmp info to DTB
[0001.810] I> Ramdisk: Base: 0x98000000; Size: 0x5f9e5f
[0001.815] I> Updated initrd info to DTB
[0001.819] I> disabled_core_mask: 0xffffff0c
[0001.823] I> Kernel type = Normal
[0001.826] I> add_serialno: Serial Num = 0321517104642
[0001.831] W> No valid slot number is found in scratch register
[0001.837] W> Return default slot: _a
[0001.840] I> Linux Cmdline: root=/dev/nfs rw netdevwait ip=192.168.99.2:192.168.99.1:192.168.99.1:255.255.255.0::eth0:off nfsroot=192.168.99.1:/home/ausvrl2510/nfsroot fbcon=map:0 net.ifnames=0 console=tty0 OS=l4t console=ttyS0,115200n8 memtype=0 video=tegrafb no_console_suspend=1 earlycon=uart8250,mmio32,0x03100000 nvdumper_reserved=0xf7fc0000 gpt androidboot.secureos=none tegraid=18.1.2.0.0 tegra_keep_boot_clocks maxcpus=6 android.kerneltype=normal androidboot.serialno=0321517104642 androidboot.security=non-secure sdhci_tegra.en_boot_part_access=1 
[0001.888] I> Updated bootarg info to DTB
[0001.894] I> eeprom_get_mac_addr: MAC (type: 0): 00:04:4b:8c:a7:a8
[0001.900] I> eeprom_get_mac_addr: MAC (type: 1): 00:04:4b:8c:a7:a9
[0001.906] I> eeprom_get_mac_addr: MAC (type: 2): 00:04:4b:8c:a7:aa
[0001.912] E> "ids" doesn't exist, creating 
[0001.916] E> "connection" doesn't exist, creating 
[0001.921] E> "configs" doesn't exist, creating 
[0001.925] I> create_pm_ids: id: 3310-1000-B00-E, len: 15
[0001.930] I> config: mem-type:00,power-config:00,misc-config:00,modem-config:00,touch-config:00,display-config:00,, len: 93
[0001.941] I> create_pm_ids: id: 2597-0000-501-C, len: 15
[0001.946] I> config: mem-type:00,power-config:00,misc-config:00,modem-config:00,touch-config:00,display-config:00,, len: 93
[0001.957] I> create_pm_ids: id: 3326-1000-100-M, len: 15
[0001.962] I> config: mem-type:ff,power-config:ff,misc-config:ff,modem-config:ff,touch-config:ff,display-config:ff,, len: 93
[0001.973] I> Adding plugin-manager/ids/3310-1000-B00=/i2c@c250000:module@0x50
[0001.980] E> "i2c@c250000" doesn't exist, creating 
[0001.985] E> "module@0x50" doesn't exist, creating 
[0001.990] I> Adding plugin-manager/ids/2597-0000-501=/i2c@c250000:module@0x57
[0001.997] E> "module@0x57" doesn't exist, creating 
[0002.001] I> Adding plugin-manager/ids/3326-1000-100=/i2c@3180000:module@0x54
[0002.008] E> "i2c@3180000" doesn't exist, creating 
[0002.013] E> "module@0x54" doesn't exist, creating 
[0002.020] I> Adding plugin-manager/ids/3310-1000-B00-E
[0002.027] I> Adding plugin-manager/configs/3310-mem-type 00
[0002.032] I> Adding plugin-manager/configs/3310-power-config 00
[0002.038] I> Adding plugin-manager/configs/3310-misc-config 00
[0002.044] I> Adding plugin-manager/configs/3310-modem-config 00
[0002.050] I> Adding plugin-manager/configs/3310-touch-config 00
[0002.056] I> Adding plugin-manager/configs/3310-display-config 00
[0002.062] E> "chip-id" doesn't exist, creating 
[0002.066] I> Adding plugin-manager/chip-id/A02P
[0002.072] I> Updated memory info to DTB
[0002.078] E> "reset" doesn't exist, creating 
[0002.082] E> "pmc-reset-reason" doesn't exist, creating 
[0002.087] E> "pmic-reset-reason" doesn't exist, creating 
[0002.093] I> disabled_core_mask: 0xffffff0c
[0002.103] I> tegrabl_load_kernel_and_dtb: Done


U-Boot 2017.03-g8537ddd769f4 (Oct 04 2017 - 08:46:37 -0700)

TEGRA186
Model: NVIDIA P2771-0000-500
DRAM:  7.8 GiB
MMC:   Tegra SD/MMC: 0, Tegra SD/MMC: 1
*** Warning - bad CRC, using default environment

In:    serial
Out:   serial
Err:   serial
Net:   eth0: ethernet@2490000
Hit any key to stop autoboot:  2 [0000.184] I> Welcome to MB2(TBoot-BPMP)(version: 01.00.160913-t186-M-00.00-mobile-f4c42291)
[0000.192] I> Default Heap @ [0xd486400 - 0xd488400]
[0000.197] I> DMA Heap @ [0x84900000 - 0x85300000]
[0000.202] I> bit @ 0xd480000
[0000.205] I> BR-BCT relocated to 0xf7f20000
[0000.209] I> Boot-device: eMMC
[0000.213] I> pmic: reset reason (nverc)	: 0x10
[0000.217] I> Reading GPT from 512 for device 00000003
[0000.223] I> Reading GPT from 8388096 for device 00000003
[0000.230] I> Found 6 partitions in 00000003 device
[0000.235] I> Reading GPT from 512 for device 00010003
[0000.241] I> Found 17 partitions in 00010003 device
[0000.247] W> No valid slot number is found in scratch register
[0000.252] W> Return default slot: _a
[0000.256] I> A/B: bin_type (16) slot 0
[0000.259] I> Select partition: bpmp-fw
[0000.263] I> Loading partition bpmp-fw at 0xf7600000
[0000.268] I> Reading two headers - addr:0xf7600000 blocks:1
[0000.273] I> Addr: 0xf7600000, start-block: 58739717, num_blocks: 1
[0000.288] I> Binary(16) of size 524480 is loaded @ 0xf7600000
[0000.294] W> No valid slot number is found in scratch register
[0000.299] W> Return default slot: _a
[0000.303] I> A/B: bin_type (17) slot 0
[0000.306] I> Select partition: bpmp-fw-dtb
[0000.310] I> Loading partition bpmp-fw-dtb at 0xf77f0000
[0000.315] I> Reading two headers - addr:0xf77f0000 blocks:1
[0000.321] I> Addr: 0xf77f0000, start-block: 58740925, num_blocks: 1
[0000.333] I> Binary(17) of size 326672 is loaded @ 0xf77b0200
[0000.460] I> BPMP-FW load address = 0xf7600000
[0000.465] I> BPMP-FW DTB load address = 0x501b0200
[0000.470] I> Loading SCE-FW ...
[0000.473] W> No valid slot number is found in scratch register
[0000.478] W> Return default slot: _a
[0000.482] I> A/B: bin_type (12) slot 0
[0000.485] I> Select partition: sce-fw
[0000.489] I> Loading partition sce-fw at 0xf7800000
[0000.494] I> Reading two headers - addr:0xf7800000 blocks:1
[0000.499] I> Addr: 0xf7800000, start-block: 58741925, num_blocks: 1
[0000.508] I> Binary(12) of size 65088 is loaded @ 0xf7800000
[0000.513] I> Init SCE
[0000.515] I> Copy BTCM section
[0000.518] W> No valid slot number is found in scratch register
[0000.524] W> Return default slot: _a
[0000.527] I> A/B: bin_type (13) slot 0
[0000.531] I> Select partition: cpu-bootloader
[0000.535] I> Loading partition cpu-bootloader at 0x96000000
[0000.541] I> Reading two headers - addr:0x96000000 blocks:1
[0000.546] I> Addr: 0x96000000, start-block: 58732545, num_blocks: 1
[0000.556] I> Binary(13) of size 195776 is loaded @ 0x96000000
[0000.562] W> No valid slot number is found in scratch register
[0000.568] W> Return default slot: _a
[0000.571] I> A/B: bin_type (20) slot 0
[0000.575] I> Select partition: bootloader-dtb
[0000.579] I> Loading partition bootloader-dtb at 0x85300000
[0000.584] I> Reading two headers - addr:0x85300000 blocks:1
[0000.590] I> Addr: 0x85300000, start-block: 58733057, num_blocks: 1
[0000.601] I> Binary(20) of size 248128 is loaded @ 0x85300000
[0000.606] I> MB2-params @ 0xf7f00000
[0000.610] I> CPUBL-params @ 0xf7f00000
[0000.614] I> CPU-BL loaded at : 0x96000000
[0000.618] I> Loading TOS ...
[0000.620] W> No valid slot number is found in scratch register
[0000.626] W> Return default slot: _a
[0000.629] I> A/B: bin_type (14) slot 0
[0000.633] I> Select partition: secure-os
[0000.637] I> Loading partition secure-os at 0x8490f400
[0000.642] I> Reading two headers - addr:0x8490f400 blocks:1
[0000.647] I> Addr: 0x8490f400, start-block: 58733569, num_blocks: 1
[0000.656] I> Binary(14) of size 54384 is loaded @ 0x8490f400
[0000.661] I> Copying Monitor (length: 0xd270) from 0x8490f600 to 0x40000000
[0000.668] I> Erasing Monitor @ 0x8490f600
[0000.673] I> Unhalting SCE
[0000.676] I> Waypoint2-ACK: 0x5200b8d0
[0000.680] I> MB2(TBoot-BPMP) done

NOTICE:  BL31: v1.2(release):ff7a644
NOTICE:  BL31: Built : 21:06:35, Mar  1 2017
NOTICE:  Trusty image missing.
ERROR:   Error initializing runtime service trusty_fast
[0001.043] I> Welcome to Cboot
[0001.045] I> Cboot Version: 00.00.2014.50-t186-fabbc56c
[0001.050] I> CPU-BL Params @ 0xf7f00000
[0001.054] I>  0) Base:0x00000000 Size:0x00000000
[0001.059] I>  1) Base:0xf7e00000 Size:0x00100000
[0001.063] I>  2) Base:0xf7d00000 Size:0x00100000
[0001.067] I>  3) Base:0xf7c00000 Size:0x00100000
[0001.072] I>  4) Base:0xf7b00000 Size:0x00100000
[0001.076] I>  5) Base:0xf7a00000 Size:0x00100000
[0001.081] I>  6) Base:0xf7600000 Size:0x00200000
[0001.085] I>  7) Base:0xf7000000 Size:0x00400000
[0001.090] I>  8) Base:0xf7900000 Size:0x00100000
[0001.094] I>  9) Base:0xf7800000 Size:0x00100000
[0001.098] I> 10) Base:0xf6800000 Size:0x00800000
[0001.103] I> 11) Base:0x30000000 Size:0x00040000
[0001.107] I> 12) Base:0xf7500000 Size:0x00100000
[0001.112] I> 13) Base:0x30040000 Size:0x00001000
[0001.116] I> 14) Base:0x30048000 Size:0x00001000
[0001.121] I> 15) Base:0x30049000 Size:0x00001000
[0001.125] I> 16) Base:0x3004a000 Size:0x00001000
[0001.129] I> 17) Base:0x3004b000 Size:0x00001000
[0001.134] I> 18) Base:0x3004c000 Size:0x00001000
[0001.138] I> 19) Base:0x3004d000 Size:0x00001000
[0001.143] I> 20) Base:0x3004e000 Size:0x00001000
[0001.147] I> 21) Base:0x3004f000 Size:0x00001000
[0001.152] I> 22) Base:0x00000000 Size:0x00000000
[0001.156] I> 23) Base:0xf7ff0000 Size:0x00010000
[0001.160] I> 24) Base:0x00000000 Size:0x00000000
[0001.165] I> 25) Base:0x00000000 Size:0x00000000
[0001.169] I> 26) Base:0x00000000 Size:0x00000000
[0001.174] I> 27) Base:0x00000000 Size:0x00000000
[0001.178] I> 28) Base:0x84400000 Size:0x00400000
[0001.183] I> 29) Base:0x30000000 Size:0x00010000
[0001.187] I> 30) Base:0xf8000000 Size:0x08000000
[0001.191] I> 31) Base:0x00000000 Size:0x00000000
[0001.196] I> 32) Base:0xf6000000 Size:0x00600000
[0001.200] I> 33) Base:0x80000000 Size:0x76000000
[0001.205] I> 34) Base:0x100000000 Size:0x180000000
[0001.209] I> 35) Base:0x00000000 Size:0x00000000
[0001.214] I> 36) Base:0x00000000 Size:0x00000000
[0001.218] I> 37) Base:0xf7fc0000 Size:0x00020000
[0001.223] I> 38) Base:0x84000000 Size:0x00400000
[0001.227] I> 39) Base:0x96000000 Size:0x02000000
[0001.231] I> 40) Base:0x84800000 Size:0x00b00000
[0001.236] I> 41) Base:0xf7f00000 Size:0x00080000
[0001.240] I> 42) Base:0x00000000 Size:0x00000000
[0001.245] I> 43) Base:0x00000000 Size:0x00000000
[0001.249] platform_init_interrupts-121, 1*
[0001.253] Interrupts Init done
[0001.257] calling constructors
[0001.260] initializing heap
[0001.262] initializing threads
[0001.265] initializing timers
[0001.269] creating bootstrap completion thread
[0001.273] top of bootstrap2()
[0001.276] CPU: ARM Cortex A57
[0001.279] CPU: MIDR: 0x411FD073, MPIDR: 0x80000100
[0001.284] initializing platform
[0001.288] I> Boot-device: eMMC
[0001.291] I> odm data is 1090000
[0001.294] I> Reading GPT from 512 for device 00000003
[0001.300] I> Reading GPT from 8388096 for device 00000003
[0001.306] I> Found 6 partitions in 00000003 device
[0001.311] I> Reading GPT from 512 for device 00010003
[0001.317] I> Found 17 partitions in 00010003 device
[0001.322] W> No valid slot number is found in scratch register
[0001.327] W> Return default slot: _a
[0001.331] I> A/B: bin_type (1) slot 0
[0001.334] I> Select partition: kernel-dtb
[0001.338] I> Loading partition kernel-dtb at 0x92000000
[0001.347] I> Kernel_dtb @0x92000000
[0001.350] I> Bl_dtb @0x85300000
[0001.353] I> gpio framework initialized
[0001.357] I> tegrabl_gpio_driver_register: register 'tegra_gpio_main_driver' driver
[0001.364] I> tegrabl_gpio_driver_register: register 'tegra_gpio_aon_driver' driver
[0001.372] I> tegrabl_tca9539_init: i2c bus: 0, slave addr: 0xee
[0001.380] I> tegrabl_gpio_driver_register: register 'tca9539_gpio_driver' driver
[0001.387] I> tegrabl_tca9539_init: i2c bus: 0, slave addr: 0xe8
[0001.395] I> tegrabl_gpio_driver_register: register 'tca9539_gpio_driver' driver
[0001.403] E> tegrabl_blob_init: BMP partition does not have valid Blob
[0001.410] E> tegrabl_load_bmp_blob: BMP blob initialization failed
[0001.416] W> Loading bmp blob to memory failed
[0001.424] I> Find /i2c@c250000's alias i2c7
[0001.428] I> Reading eeprom i2c=7 address=0x50
[0001.457] I> Device at /i2c@c250000:0x50
[0001.461] I> Reading eeprom i2c=7 address=0x57
[0001.490] I> Device at /i2c@c250000:0x57
[0001.495] I> Find /i2c@c240000's alias i2c1
[0001.499] I> Reading eeprom i2c=1 address=0x51
[0001.505] I> Eeprom read failed 0x1a800027
[0001.509] I> Find /i2c@3160000's alias i2c0
[0001.513] I> Reading eeprom i2c=0 address=0x50
[0001.518] I> Eeprom read failed 0x1a800027
[0001.523] I> Find /i2c@3180000's alias i2c2
[0001.527] I> Reading eeprom i2c=2 address=0x54
[0001.531] I> Enabling gpio chip_id = 2, gpio pin = 9
[0001.562] I> Disabling gpio chip_id = 2, gpio pin = 9
[0001.567] I> Device at /i2c@3180000:0x54
[0001.571] I> create_pm_ids: id: 3310-1000-B00-E, len: 15
[0001.576] I> config: mem-type:00,power-config:00,misc-config:00,modem-config:00,touch-config:00,display-config:00,, len: 93
[0001.587] I> create_pm_ids: id: 2597-0000-501-C, len: 15
[0001.592] I> config: mem-type:00,power-config:00,misc-config:00,modem-config:00,touch-config:00,display-config:00,, len: 93
[0001.603] I> create_pm_ids: id: 3326-1000-100-M, len: 15
[0001.608] I> config: mem-type:ff,power-config:ff,misc-config:ff,modem-config:ff,touch-config:ff,display-config:ff,, len: 93
[0001.619] initializing target
[0001.622] calling apps_init()
[0001.625] starting app android_boot_app
[0001.629] I> Gpio keyboard init success
[0001.633] I> Kernel type = Normal
[0001.636] I> Loading kernel/boot.img ...
[0001.640] W> No valid slot number is found in scratch register
[0001.646] W> Return default slot: _a
[0001.649] I> A/B: bin_type (0) slot 0
[0001.652] I> Select partition: kernel
[0001.656] I> Loading partition kernel at 0xa8000000
[0001.737] W> No valid slot number is found in scratch register
[0001.743] W> Return default slot: _a
[0001.746] I> A/B: bin_type (1) slot 0
[0001.750] I> Select partition: kernel-dtb
[0001.754] I> Loading partition kernel-dtb at 0x92000000
[0001.762] I> Kernel DTB @ 0x92000000
[0001.766] I> Verified boot state = Orange
[0001.770] E> tegrabl_display_clear: display is not initialized
[0001.775] I> Checking boot.img header magic ... [0001.780] I> [OK]
[0001.781] I> Valid boot.img @ 0xa8000000
[0001.785] I> decompressor handler not found
[0001.789] I> Copying kernel image (465664 bytes) from 0xa8000800 to 0x80080000 ... [0001.796] I> Done
[0001.798] I> Move ramdisk (len: 6266463) from 0xa8072800 to 0x98000000
[0001.808] I> Updated bpmp info to DTB
[0001.813] I> Ramdisk: Base: 0x98000000; Size: 0x5f9e5f
[0001.818] I> Updated initrd info to DTB
[0001.822] I> disabled_core_mask: 0xffffff0c
[0001.826] I> Kernel type = Normal
[0001.829] I> add_serialno: Serial Num = 0321517104642
[0001.834] W> No valid slot number is found in scratch register
[0001.840] W> Return default slot: _a
[0001.843] I> Linux Cmdline: root=/dev/nfs rw netdevwait ip=192.168.99.2:192.168.99.1:192.168.99.1:255.255.255.0::eth0:off nfsroot=192.168.99.1:/home/ausvrl2510/nfsroot fbcon=map:0 net.ifnames=0 console=tty0 OS=l4t console=ttyS0,115200n8 memtype=0 video=tegrafb no_console_suspend=1 earlycon=uart8250,mmio32,0x03100000 nvdumper_reserved=0xf7fc0000 gpt androidboot.secureos=none tegraid=18.1.2.0.0 tegra_keep_boot_clocks maxcpus=6 android.kerneltype=normal androidboot.serialno=0321517104642 androidboot.security=non-secure sdhci_tegra.en_boot_part_access=1 
[0001.891] I> Updated bootarg info to DTB
[0001.897] I> eeprom_get_mac_addr: MAC (type: 0): 00:04:4b:8c:a7:a8
[0001.903] I> eeprom_get_mac_addr: MAC (type: 1): 00:04:4b:8c:a7:a9
[0001.909] I> eeprom_get_mac_addr: MAC (type: 2): 00:04:4b:8c:a7:aa
[0001.915] E> "ids" doesn't exist, creating 
[0001.919] E> "connection" doesn't exist, creating 
[0001.924] E> "configs" doesn't exist, creating 
[0001.928] I> create_pm_ids: id: 3310-1000-B00-E, len: 15
[0001.933] I> config: mem-type:00,power-config:00,misc-config:00,modem-config:00,touch-config:00,display-config:00,, len: 93
[0001.944] I> create_pm_ids: id: 2597-0000-501-C, len: 15
[0001.949] I> config: mem-type:00,power-config:00,misc-config:00,modem-config:00,touch-config:00,display-config:00,, len: 93
[0001.960] I> create_pm_ids: id: 3326-1000-100-M, len: 15
[0001.965] I> config: mem-type:ff,power-config:ff,misc-config:ff,modem-config:ff,touch-config:ff,display-config:ff,, len: 93
[0001.976] I> Adding plugin-manager/ids/3310-1000-B00=/i2c@c250000:module@0x50
[0001.983] E> "i2c@c250000" doesn't exist, creating 
[0001.988] E> "module@0x50" doesn't exist, creating 
[0001.993] I> Adding plugin-manager/ids/2597-0000-501=/i2c@c250000:module@0x57
[0002.000] E> "module@0x57" doesn't exist, creating 
[0002.005] I> Adding plugin-manager/ids/3326-1000-100=/i2c@3180000:module@0x54
[0002.012] E> "i2c@3180000" doesn't exist, creating 
[0002.016] E> "module@0x54" doesn't exist, creating 
[0002.023] I> Adding plugin-manager/ids/3310-1000-B00-E
[0002.030] I> Adding plugin-manager/configs/3310-mem-type 00
[0002.035] I> Adding plugin-manager/configs/3310-power-config 00
[0002.041] I> Adding plugin-manager/configs/3310-misc-config 00
[0002.047] I> Adding plugin-manager/configs/3310-modem-config 00
[0002.053] I> Adding plugin-manager/configs/3310-touch-config 00
[0002.059] I> Adding plugin-manager/configs/3310-display-config 00
[0002.065] E> "chip-id" doesn't exist, creating 
[0002.069] I> Adding plugin-manager/chip-id/A02P
[0002.075] I> Updated memory info to DTB
[0002.081] E> "reset" doesn't exist, creating 
[0002.085] E> "pmc-reset-reason" doesn't exist, creating 
[0002.090] E> "pmic-reset-reason" doesn't exist, creating 
[0002.096] I> disabled_core_mask: 0xffffff0c
[0002.106] I> tegrabl_load_kernel_and_dtb: Done


U-Boot 2017.03-g8537ddd769f4 (Oct 04 2017 - 08:46:37 -0700)

TEGRA186
Model: NVIDIA P2771-0000-500
DRAM:  7.8 GiB
MMC:   Tegra SD/MMC: 0, Tegra SD/MMC: 1
*** Warning - bad CRC, using default environment

In:    serial
Out:   serial
Err:   serial
Net:   eth0: ethernet@2490000
Hit any key to stop autoboot:  2  1  0 
MMC: no card present
mmc_init: -123, time 0
switch to partitions #0, OK
mmc0(part 0) is current device
Scanning mmc 0:1...
Found /boot/extlinux/extlinux.conf
Retrieving file: /boot/extlinux/extlinux.conf
431 bytes read in 70 ms (5.9 KiB/s)
p2771-0000 NFS boot options
1:	primary kernel
Enter choice: 1:	primary kernel
Retrieving file: /boot/initrd
6266463 bytes read in 201 ms (29.7 MiB/s)
Retrieving file: /boot/Image
17115648 bytes read in 456 ms (35.8 MiB/s)
append: console=ttyS0,115200n8 earlycon ignore_loglevel root=/dev/nfs rw netdevwait ip=192.168.99.2:192.168.99.1:192.168.99.1:255.255.255.0::eth0:off nfsroot=192.168.99.1:/home/ausvrl2510/nfsroot,nolock,nfsvers=2 rootwait
Retrieving file: /boot/tegra186-p2771-0000.dtb
23528 bytes read in 61 ms (376 KiB/s)
## Flattened Device Tree blob at 82000000
   Booting using the fdt blob at 0x82000000
   Using Device Tree in place at 0000000082000000, end 0000000082008be7

Starting kernel ...

[    1.594231] console [ttyS0] enabled
[    1.594231] console [ttyS0] enabled
[    1.601332] bootconsole [uart0] disabled
[    1.601332] bootconsole [uart0] disabled
[    1.609720] SuperH (H)SCI(F) driver initialized
[    1.614490] msm_serial: driver initialized
[    1.619059] arm-smmu 12000000.iommu: probing hardware configuration...
[    1.625585] arm-smmu 12000000.iommu: SMMUv2 with:
[    1.630284] arm-smmu 12000000.iommu: 	stage 1 translation
[    1.635678] arm-smmu 12000000.iommu: 	stage 2 translation
[    1.641069] arm-smmu 12000000.iommu: 	nested translation
[    1.646377] arm-smmu 12000000.iommu: 	stream matching with 128 register groups
[    1.653592] arm-smmu 12000000.iommu: 	64 context banks (0 stage-2 only)
[    1.660201] arm-smmu 12000000.iommu: 	Supported page sizes: 0x61311000
[    1.666720] arm-smmu 12000000.iommu: 	Stage-1: 48-bit VA -> 48-bit IPA
[    1.673247] arm-smmu 12000000.iommu: 	Stage-2: 48-bit IPA -> 48-bit PA
[    1.680185] cacheinfo: Unable to detect cache hierarchy for CPU 0
[    1.689876] loop: module loaded
[    1.695065] libphy: Fixed MDIO Bus: probed
[    1.699342] tun: Universal TUN/TAP device driver, 1.6
[    1.704826] thunder-xcv, ver 1.0
[    1.708080] thunder-BGX, ver 1.0
[    1.711328] thunder-nic, ver 1.0
[    1.714725] e1000e: Intel(R) PRO/1000 Network Driver - 3.2.6-k
[    1.720549] e1000e: Copyright(c) 1999 - 2015 Intel Corporation.
[    1.726481] igb: Intel(R) Gigabit Ethernet Network Driver - version 5.4.0-k
[    1.733433] igb: Copyright (c) 2007-2014 Intel Corporation.
[    1.739024] igbvf: Intel(R) Gigabit Virtual Function Network Driver - version 2.4.0-k
[    1.746841] igbvf: Copyright (c) 2009 - 2012 Intel Corporation.
[    1.752928] sky2: driver version 1.30
[    1.757166] dwc-eth-dwmac 2490000.ethernet: Cannot get CSR clock
[    1.763198] dwc-eth-dwmac 2490000.ethernet: no reset control found
[    1.782530] stmmac - user ID: 0x10, Synopsys ID: 0x41
[    1.787584] dwc-eth-dwmac 2490000.ethernet: DMA HW capability register supported
[    1.794987] dwc-eth-dwmac 2490000.ethernet: RX Checksum Offload Engine supported
[    1.802373] dwc-eth-dwmac 2490000.ethernet: TX Checksum insertion supported
[    1.809333] dwc-eth-dwmac 2490000.ethernet: Wake-Up On Lan supported
[    1.815694] dwc-eth-dwmac 2490000.ethernet: TSO supported
[    1.821087] dwc-eth-dwmac 2490000.ethernet: TSO feature enabled
[    1.826999] dwc-eth-dwmac 2490000.ethernet: Enable RX Mitigation via HW Watchdog Timer
[    1.834946] libphy: stmmac: probed
[    1.839181] VFIO - User Level meta-driver version: 0.3
[    1.844904] ehci_hcd: USB 2.0 'Enhanced' Host Controller (EHCI) Driver
[    1.851429] ehci-pci: EHCI PCI platform driver
[    1.855886] ehci-platform: EHCI generic platform driver
[    1.861169] ehci-orion: EHCI orion driver
[    1.865227] ehci-exynos: EHCI EXYNOS driver
[    1.869460] ohci_hcd: USB 1.1 'Open' Host Controller (OHCI) Driver
[    1.875639] ohci-pci: OHCI PCI platform driver
[    1.880099] ohci-platform: OHCI generic platform driver
[    1.885373] ohci-exynos: OHCI EXYNOS driver
[    1.889802] usbcore: registered new interface driver usb-storage
[    1.897203] i2c /dev entries driver
[    1.902777] max77620 0-003c: PMIC Version OTP:0x45 and ES:0x8
[    1.913176] max77620-sd0: supplied by regulator-dummy
[    1.918397] VDD_DDR_1V1_PMIC: Bringing 1125000uV into 1100000-1100000uV
[    1.926985] max77620-sd1: supplied by regulator-dummy
[    1.933381] max77620-sd2: supplied by regulator-dummy
[    1.939777] max77620-sd3: supplied by regulator-dummy
[    1.946370] max77620-ldo0: supplied by regulator-dummy
[    1.952332] max77620-ldo1: supplied by regulator-dummy
[    1.958218] max77620-ldo2: supplied by regulator-dummy
[    1.964492] max77620-ldo3: supplied by regulator-dummy
[    1.970274] max77620-ldo4: supplied by regulator-dummy
[    1.975423] VDD_RTC: Bringing 800000uV into 1000000-1000000uV
[    1.981928] max77620-ldo5: supplied by regulator-dummy
[    1.987091] VDDIO_SDMMC3_AP: Bringing 1800000uV into 2800000-2800000uV
[    1.994141] max77620-ldo6: supplied by regulator-dummy
[    1.999911] max77620-ldo7: supplied by regulator-dummy
[    2.005060] VDD_HDMI_1V05: Bringing 1000000uV into 1050000-1050000uV
[    2.012616] max77620-ldo8: supplied by regulator-dummy
[    2.017776] VDD_PEX_1V05: Bringing 1000000uV into 1050000-1050000uV
[    3.199540] max77686-rtc max77620-rtc: rtc core: registered max77620-rtc as rtc0
[    3.209070] sdhci: Secure Digital Host Controller Interface driver
[    3.215250] sdhci: Copyright(c) Pierre Ossman
[    3.219720] Synopsys Designware Multimedia Card Interface Driver
[    3.226146] sdhci-pltfm: SDHCI platform and OF driver helper
[    3.231960] sdhci-tegra 3400000.sdhci: Got CD GPIO
[    3.236757] sdhci-tegra 3400000.sdhci: Got WP GPIO
[    3.258450] mmc0: Unknown controller version (4). You may experience problems.
[    3.297190] mmc0: SDHCI controller on 3440000.sdhci [3440000.sdhci] using ADMA
[    3.313317] ledtrig-cpu: registered to indicate activity on CPUs
[    3.319891] usbcore: registered new interface driver usbhid
[    3.325463] usbhid: USB HID core driver
[    3.330352] NET: Registered protocol family 17
[    3.334866] 9pnet: Installing 9P2000 support
[    3.339160] Key type dns_resolver registered
[    3.343753] registered taskstats version 1
[    3.347848] Loading compiled-in X.509 certificates
[    3.360556] VDD_1V8_AP: supplied by VDD_1V8
[    3.365122] SD_CARD_SW_PWR: supplied by VDD_3V3_SYS
[    3.370680] pca953x 1-0074: 1-0074 supply vcc not found, using dummy regulator
[    3.388078] pca953x 1-0077: 1-0077 supply vcc not found, using dummy regulator
[    3.407483] tegra-pcie 10003000.pcie: 4x1, 1x1 configuration
[    3.414421] tegra-pcie 10003000.pcie: probing port 0, using 4 lanes
[    3.422704] tegra-pcie 10003000.pcie: Slot present pin change, signature: 00000018
[    3.823929] tegra-pcie 10003000.pcie: link 0 down, retrying
[    4.232678] tegra-pcie 10003000.pcie: link 0 down, retrying
[    4.641426] tegra-pcie 10003000.pcie: link 0 down, retrying
[    4.649002] tegra-pcie 10003000.pcie: link 0 down, ignoring
[    4.654638] tegra-pcie 10003000.pcie: PCI host bridge to bus 0000:00
[    4.660990] pci_bus 0000:00: root bus resource [io  0x0000-0xffff]
[    4.667165] pci_bus 0000:00: root bus resource [mem 0x50100000-0x57ffffff]
[    4.674030] pci_bus 0000:00: root bus resource [mem 0x58000000-0x7fffffff pref]
[    4.681329] pci_bus 0000:00: root bus resource [bus 00-ff]
[    4.687274] sdhci-tegra 3400000.sdhci: Got CD GPIO
[    4.692077] sdhci-tegra 3400000.sdhci: Got WP GPIO
[    4.705178] mmc1: Unknown controller version (4). You may experience problems.
[    4.743862] mmc1: SDHCI controller on 3400000.sdhci [3400000.sdhci] using ADMA
[    4.760117] mmc2: Unknown controller version (4). You may experience problems.
[    4.767802] mmc2: Switching to 3.3V signalling voltage failed
[    4.799116] mmc2: SDHCI controller on 3460000.sdhci [3460000.sdhci] using ADMA
[    4.807615] VDD_HDMI_5V0: supplied by VDD_5V0_SYS
[    4.813113] input: gpio-keys as /devices/platform/gpio-keys/input/input0
[    4.852560] max77686-rtc max77620-rtc: setting system clock to 2016-07-19 18:34:46 UTC (1468953286)
[    4.853768] mmc2: new high speed MMC card at address 0001
[    4.854174] mmcblk2: mmc2:0001 032G34 29.1 GiB 
[    4.854492] mmcblk2boot0: mmc2:0001 032G34 partition 1 4.00 MiB
[    4.854834] mmcblk2boot1: mmc2:0001 032G34 partition 2 4.00 MiB
[    4.854928] mmcblk2rpmb: mmc2:0001 032G34 partition 3 4.00 MiB, chardev (240:0)
[    4.856455]  mmcblk2: p1 p2 p3 p4 p5 p6 p7 p8 p9 p10 p11 p12 p13 p14 p15 p16 p17
[    4.898164] dwc-eth-dwmac 2490000.ethernet eth0: device MAC address 62:ef:e3:e3:33:f2
[    4.906484] Generic PHY stmmac-0:00: attached PHY driver [Generic PHY] (mii_bus:phy_addr=stmmac-0:00, irq=POLL)
[    4.917171] dwmac4: Master AXI performs any burst length
[    4.922588] dwc-eth-dwmac 2490000.ethernet eth0: IEEE 1588-2008 Advanced Timestamp supported
[    4.931120] dwc-eth-dwmac 2490000.ethernet eth0: registered PTP clock
[    9.023331] dwc-eth-dwmac 2490000.ethernet eth0: Link is Up - 1Gbps/Full - flow control rx/tx
[    9.046508] IP-Config: Complete:
[    9.049732]      device=eth0, hwaddr=62:ef:e3:e3:33:f2, ipaddr=192.168.99.2, mask=255.255.255.0, gw=192.168.99.1
[    9.059892]      host=192.168.99.2, domain=, nis-domain=(none)
[    9.065718]      bootserver=192.168.99.1, rootserver=192.168.99.1, rootpath=
[    9.091205] VDD_RTC: disabling
[    9.094256] VDDIO_SDMMC3_AP: disabling
[    9.098146] SD_CARD_SW_PWR: disabling
[    9.101810] VDD_HDMI_5V0: disabling
[    9.105298] ALSA device list:
[    9.108262]   No soundcards found.
[    9.112152] Freeing unused kernel memory: 1152K
/init: line 58: chmod: command not found
[ 18:34:50 ] L4T-INITRD Build DATE: Tue Jul 19 18:34:50 UTC 2016
[ 18:34:50 ] Root device found: nfs
[ 18:34:50 ] Ethernet interfaces: eth0
[ 18:34:50 ] IP Address: 192.168.99.2
[ 18:34:50 ] Rootfs mounted over nfs
[ 18:34:50 ] Switching from initrd to actual rootfs
[   10.020246] systemd[1]: systemd 229 running in system mode. (+PAM +AUDIT +SELINUX +IMA +APPARMOR +SMACK +SYSVINIT +UTMP +LIBCRYPTSETUP +GCRYPT +GNUTLS +ACL +XZ -LZ4 +SECCOMP +BLKID +ELFUTILS +KMOD -IDN)
[   10.038530] systemd[1]: Detected architecture arm64.

Welcome to [1mUbuntu 16.04 LTS[0m!

[   10.073220] systemd[1]: Set hostname to <tegra-ubuntu>.
[   10.699172] systemd[1]: Reached target Swap.
[[0;32m  OK  [0m] Reached target Swap.
[   10.714611] systemd[1]: Listening on udev Kernel Socket.
[[0;32m  OK  [0m] Listening on udev Kernel Socket.
[   10.730747] systemd[1]: Created slice User and Session Slice.
[[0;32m  OK  [0m] Created slice User and Session Slice.
[   10.750615] systemd[1]: Listening on Journal Socket (/dev/log).
[[0;32m  OK  [0m] Listening on Journal Socket (/dev/log).
[   10.770635] systemd[1]: Started Forward Password Requests to Wall Directory Watch.
[[0;32m  OK  [0m] Started Forward Password Requests to Wall Directory Watch.
[   10.790602] systemd[1]: Listening on udev Control Socket.
[[0;32m  OK  [0m] Listening on udev Control Socket.
[   10.806605] systemd[1]: Listening on Journal Socket.
[[0;32m  OK  [0m] Listening on Journal Socket.
[[0;32m  OK  [0m] Listening on Journal Audit Socket.
[[0;32m  OK  [0m] Listening on Syslog Socket.
[[0;32m  OK  [0m] Created slice System Slice.
         Starting Journal Service...
         Mounting RPC Pipe File System...
[[0;32m  OK  [0m] Created slice system-getty.slice.
         Mounting Debug File System...
         Starting Remount Root and Kernel File Systems...
         Mounting POSIX Message Queue File System...
[[0;32m  OK  [0m] Reached target Slices.
         Mounting Huge Pages File System...
         Starting Load Kernel Modules...
[[0;32m  OK  [0m] Reached target Encrypted Volumes.
         Starting Create Static Device Nodes in /dev...
[[0;32m  OK  [0m] Started Dispatch Password Requests to Console Directory Watch.
[[0;32m  OK  [0m] Reached target Paths.
[[0;32m  OK  [0m] Listening on /dev/initctl Compatibility Named Pipe.
[[0;32m  OK  [0m] Created slice system-serial\x2dgetty.slice.
[[0;32m  OK  [0m] Mounted Huge Pages File System.
[[0;32m  OK  [0m] Mounted Debug File System.
[[0;32m  OK  [0m] Mounted POSIX Message Queue File System.
[[0;32m  OK  [0m] Mounted RPC Pipe File System.
[[0;32m  OK  [0m] Started Journal Service.
[[0;32m  OK  [0m] Started Remount Root and Kernel File Systems.
[[0;32m  OK  [0m] Started Load Kernel Modules.
         Mounting Configuration File System...
         Starting Apply Kernel Variables...
         Starting Load/Save Random Seed...
         Starting udev Coldplug all Devices...
         Starting Flush Journal to Persistent Storage...
[[0;32m  OK  [0m] Mounted Configuration File System.
[[0;32m  OK  [0m] Started Create Static Device Nodes in /dev.
[[0;32m  OK  [0m] Reached target Local File Systems (Pre).
[[0;32m  OK  [0m] Reached target Local File Systems.
         Starting Set console keymap...
         Starting Preprocess NFS configuration...
         Starting udev Kernel Device Manager...
[[0;32m  OK  [0m] Started Apply Kernel Variables.
[[0;32m  OK  [0m] Started Load/Save Random Seed.
[[0;1;31mFAILED[0m] Failed to start Set console keymap.
See 'systemctl status console-setup.service' for details.
[   11.448630] systemd-journald[1489]: Received request to flush runtime journal from PID 1
         Starting Raise network interfaces...
[[0;32m  OK  [0m] Started Flush Journal to Persistent Storage.
         Starting Create Volatile Files and Directories...
[[0;32m  OK  [0m] Started Preprocess NFS configuration.
[[0;32m  OK  [0m] Reached target NFS client services.
[[0;32m  OK  [0m] Reached target Remote File Systems (Pre).
[[0;32m  OK  [0m] Reached target Remote File Systems.
[[0;32m  OK  [0m] Started udev Coldplug all Devices.
[[0;32m  OK  [0m] Started udev Kernel Device Manager.
[[0;32m  OK  [0m] Started Create Volatile Files and Directories.
         Starting Update UTMP about System Boot/Shutdown...
[[0;32m  OK  [0m] Reached target System Time Synchronized.
[[0;32m  OK  [0m] Started Update UTMP about System Boot/Shutdown.
[[0;32m  OK  [0m] Reached target System Initialization.
[[0;32m  OK  [0m] Started Daily apt activities.
[[0;32m  OK  [0m] Started Daily Cleanup of Temporary Directories.
[[0;32m  OK  [0m] Reached target Timers.
[[0;32m  OK  [0m] Listening on D-Bus System Message Bus Socket.
[[0;32m  OK  [0m] Listening on RPCbind Server Activation Socket.
[[0;32m  OK  [0m] Reached target Sockets.
[[0;32m  OK  [0m] Reached target Basic System.
[[0;32m  OK  [0m] Started D-Bus System Message Bus.
         Starting LSB: Set the CPU Frequency Scaling governor to "ondemand"...
         Starting System Logging Service...
         Starting Permit User Sessions...
[[0;32m  OK  [0m] Started Regular background program processing daemon.
         Starting Login Service...
[[0;32m  OK  [0m] Started Permit User Sessions.
[[0;32m  OK  [0m] Found device /dev/ttyS0.
[[0;32m  OK  [0m] Started LSB: Set the CPU Frequency Scaling governor to "ondemand".
[[0;32m  OK  [0m] Started System Logging Service.
[[0;32m  OK  [0m] Started Raise network interfaces.
[[0;32m  OK  [0m] Reached target Network.
         Starting OpenBSD Secure Shell server...
[[0;32m  OK  [0m] Reached target Network is Online.
         Starting /etc/rc.local Compatibility...
         Starting LSB: Start NTP daemon...
[[0;32m  OK  [0m] Started /etc/rc.local Compatibility.
[[0;32m  OK  [0m] Started Login Service.
[[0;32m  OK  [0m] Started Getty on tty1.
[[0;32m  OK  [0m] Started Serial Getty on ttyS0.
[[0;32m  OK  [0m] Reached target Login Prompts.
[[0;32m  OK  [0m] Started LSB: Start NTP daemon.
[[0;32m  OK  [0m] Started OpenBSD Secure Shell server.
[[0;32m  OK  [0m] Reached target Multi-User System.
[[0;32m  OK  [0m] Reached target Graphical Interface.
         Starting Update UTMP about System Runlevel Changes...
[[0;32m  OK  [0m] Started Update UTMP about System Runlevel Changes.

Ubuntu 16.04 LTS tegra-ubuntu ttyS0

tegra-ubuntu login: [0000.184] I> Welcome to MB2(TBoot-BPMP)(version: 01.00.160913-t186-M-00.00-mobile-f4c42291)
[0000.192] I> Default Heap @ [0xd486400 - 0xd488400]
[0000.197] I> DMA Heap @ [0x84900000 - 0x85300000]
[0000.202] I> bit @ 0xd480000
[0000.205] I> BR-BCT relocated to 0xf7f20000
[0000.209] I> Boot-device: eMMC
[0000.213] I> pmic: reset reason (nverc)	: 0x10
[0000.217] I> Reading GPT from 512 for device 00000003
[0000.223] I> Reading GPT from 8388096 for device 00000003
[0000.230] I> Found 6 partitions in 00000003 device
[0000.235] I> Reading GPT from 512 for device 00010003
[0000.241] I> Found 17 partitions in 00010003 device
[0000.246] W> No valid slot number is found in scratch register
[0000.252] W> Return default slot: _a
[0000.256] I> A/B: bin_type (16) slot 0
[0000.259] I> Select partition: bpmp-fw
[0000.263] I> Loading partition bpmp-fw at 0xf7600000
[0000.268] I> Reading two headers - addr:0xf7600000 blocks:1
[0000.273] I> Addr: 0xf7600000, start-block: 58739717, num_blocks: 1
[0000.288] I> Binary(16) of size 524480 is loaded @ 0xf7600000
[0000.294] W> No valid slot number is found in scratch register
[0000.299] W> Return default slot: _a
[0000.303] I> A/B: bin_type (17) slot 0
[0000.306] I> Select partition: bpmp-fw-dtb
[0000.310] I> Loading partition bpmp-fw-dtb at 0xf77f0000
[0000.315] I> Reading two headers - addr:0xf77f0000 blocks:1
[0000.321] I> Addr: 0xf77f0000, start-block: 58740925, num_blocks: 1
[0000.333] I> Binary(17) of size 326672 is loaded @ 0xf77b0200
[0000.460] I> BPMP-FW load address = 0xf7600000
[0000.465] I> BPMP-FW DTB load address = 0x501b0200
[0000.470] I> Loading SCE-FW ...
[0000.473] W> No valid slot number is found in scratch register
[0000.478] W> Return default slot: _a
[0000.482] I> A/B: bin_type (12) slot 0
[0000.485] I> Select partition: sce-fw
[0000.489] I> Loading partition sce-fw at 0xf7800000
[0000.493] I> Reading two headers - addr:0xf7800000 blocks:1
[0000.499] I> Addr: 0xf7800000, start-block: 58741925, num_blocks: 1
[0000.507] I> Binary(12) of size 65088 is loaded @ 0xf7800000
[0000.513] I> Init SCE
[0000.515] I> Copy BTCM section
[0000.518] W> No valid slot number is found in scratch register
[0000.524] W> Return default slot: _a
[0000.527] I> A/B: bin_type (13) slot 0
[0000.531] I> Select partition: cpu-bootloader
[0000.535] I> Loading partition cpu-bootloader at 0x96000000
[0000.541] I> Reading two headers - addr:0x96000000 blocks:1
[0000.546] I> Addr: 0x96000000, start-block: 58732545, num_blocks: 1
[0000.556] I> Binary(13) of size 195776 is loaded @ 0x96000000
[0000.562] W> No valid slot number is found in scratch register
[0000.568] W> Return default slot: _a
[0000.571] I> A/B: bin_type (20) slot 0
[0000.575] I> Select partition: bootloader-dtb
[0000.579] I> Loading partition bootloader-dtb at 0x85300000
[0000.584] I> Reading two headers - addr:0x85300000 blocks:1
[0000.590] I> Addr: 0x85300000, start-block: 58733057, num_blocks: 1
[0000.601] I> Binary(20) of size 248128 is loaded @ 0x85300000
[0000.606] I> MB2-params @ 0xf7f00000
[0000.610] I> CPUBL-params @ 0xf7f00000
[0000.614] I> CPU-BL loaded at : 0x96000000
[0000.618] I> Loading TOS ...
[0000.620] W> No valid slot number is found in scratch register
[0000.626] W> Return default slot: _a
[0000.629] I> A/B: bin_type (14) slot 0
[0000.633] I> Select partition: secure-os
[0000.637] I> Loading partition secure-os at 0x8490f400
[0000.642] I> Reading two headers - addr:0x8490f400 blocks:1
[0000.647] I> Addr: 0x8490f400, start-block: 58733569, num_blocks: 1
[0000.655] I> Binary(14) of size 54384 is loaded @ 0x8490f400
[0000.661] I> Copying Monitor (length: 0xd270) from 0x8490f600 to 0x40000000
[0000.668] I> Erasing Monitor @ 0x8490f600
[0000.673] I> Unhalting SCE
[0000.676] I> Waypoint2-ACK: 0x5200b8d0
[0000.680] I> MB2(TBoot-BPMP) done

NOTICE:  BL31: v1.2(release):ff7a644
NOTICE:  BL31: Built : 21:06:35, Mar  1 2017
NOTICE:  Trusty image missing.
ERROR:   Error initializing runtime service trusty_fast
[0001.042] I> Welcome to Cboot
[0001.045] I> Cboot Version: 00.00.2014.50-t186-fabbc56c
[0001.050] I> CPU-BL Params @ 0xf7f00000
[0001.054] I>  0) Base:0x00000000 Size:0x00000000
[0001.058] I>  1) Base:0xf7e00000 Size:0x00100000
[0001.063] I>  2) Base:0xf7d00000 Size:0x00100000
[0001.067] I>  3) Base:0xf7c00000 Size:0x00100000
[0001.072] I>  4) Base:0xf7b00000 Size:0x00100000
[0001.076] I>  5) Base:0xf7a00000 Size:0x00100000
[0001.080] I>  6) Base:0xf7600000 Size:0x00200000
[0001.085] I>  7) Base:0xf7000000 Size:0x00400000
[0001.089] I>  8) Base:0xf7900000 Size:0x00100000
[0001.094] I>  9) Base:0xf7800000 Size:0x00100000
[0001.098] I> 10) Base:0xf6800000 Size:0x00800000
[0001.103] I> 11) Base:0x30000000 Size:0x00040000
[0001.107] I> 12) Base:0xf7500000 Size:0x00100000
[0001.111] I> 13) Base:0x30040000 Size:0x00001000
[0001.116] I> 14) Base:0x30048000 Size:0x00001000
[0001.120] I> 15) Base:0x30049000 Size:0x00001000
[0001.125] I> 16) Base:0x3004a000 Size:0x00001000
[0001.129] I> 17) Base:0x3004b000 Size:0x00001000
[0001.134] I> 18) Base:0x3004c000 Size:0x00001000
[0001.138] I> 19) Base:0x3004d000 Size:0x00001000
[0001.142] I> 20) Base:0x3004e000 Size:0x00001000
[0001.147] I> 21) Base:0x3004f000 Size:0x00001000
[0001.151] I> 22) Base:0x00000000 Size:0x00000000
[0001.156] I> 23) Base:0xf7ff0000 Size:0x00010000
[0001.160] I> 24) Base:0x00000000 Size:0x00000000
[0001.165] I> 25) Base:0x00000000 Size:0x00000000
[0001.169] I> 26) Base:0x00000000 Size:0x00000000
[0001.173] I> 27) Base:0x00000000 Size:0x00000000
[0001.178] I> 28) Base:0x84400000 Size:0x00400000
[0001.182] I> 29) Base:0x30000000 Size:0x00010000
[0001.187] I> 30) Base:0xf8000000 Size:0x08000000
[0001.191] I> 31) Base:0x00000000 Size:0x00000000
[0001.196] I> 32) Base:0xf6000000 Size:0x00600000
[0001.200] I> 33) Base:0x80000000 Size:0x76000000
[0001.204] I> 34) Base:0x100000000 Size:0x180000000
[0001.209] I> 35) Base:0x00000000 Size:0x00000000
[0001.213] I> 36) Base:0x00000000 Size:0x00000000
[0001.218] I> 37) Base:0xf7fc0000 Size:0x00020000
[0001.222] I> 38) Base:0x84000000 Size:0x00400000
[0001.227] I> 39) Base:0x96000000 Size:0x02000000
[0001.231] I> 40) Base:0x84800000 Size:0x00b00000
[0001.236] I> 41) Base:0xf7f00000 Size:0x00080000
[0001.240] I> 42) Base:0x00000000 Size:0x00000000
[0001.244] I> 43) Base:0x00000000 Size:0x00000000
[0001.249] platform_init_interrupts-121, 1*
[0001.253] Interrupts Init done
[0001.256] calling constructors
[0001.259] initializing heap
[0001.262] initializing threads
[0001.265] initializing timers
[0001.268] creating bootstrap completion thread
[0001.273] top of bootstrap2()
[0001.276] CPU: ARM Cortex A57
[0001.279] CPU: MIDR: 0x411FD073, MPIDR: 0x80000100
[0001.284] initializing platform
[0001.287] I> Boot-device: eMMC
[0001.291] I> odm data is 1090000
[0001.294] I> Reading GPT from 512 for device 00000003
[0001.300] I> Reading GPT from 8388096 for device 00000003
[0001.306] I> Found 6 partitions in 00000003 device
[0001.311] I> Reading GPT from 512 for device 00010003
[0001.317] I> Found 17 partitions in 00010003 device
[0001.321] W> No valid slot number is found in scratch register
[0001.327] W> Return default slot: _a
[0001.330] I> A/B: bin_type (1) slot 0
[0001.334] I> Select partition: kernel-dtb
[0001.338] I> Loading partition kernel-dtb at 0x92000000
[0001.347] I> Kernel_dtb @0x92000000
[0001.350] I> Bl_dtb @0x85300000
[0001.353] I> gpio framework initialized
[0001.357] I> tegrabl_gpio_driver_register: register 'tegra_gpio_main_driver' driver
[0001.364] I> tegrabl_gpio_driver_register: register 'tegra_gpio_aon_driver' driver
[0001.371] I> tegrabl_tca9539_init: i2c bus: 0, slave addr: 0xee
[0001.380] I> tegrabl_gpio_driver_register: register 'tca9539_gpio_driver' driver
[0001.387] I> tegrabl_tca9539_init: i2c bus: 0, slave addr: 0xe8
[0001.395] I> tegrabl_gpio_driver_register: register 'tca9539_gpio_driver' driver
[0001.403] E> tegrabl_blob_init: BMP partition does not have valid Blob
[0001.410] E> tegrabl_load_bmp_blob: BMP blob initialization failed
[0001.416] W> Loading bmp blob to memory failed
[0001.424] I> Find /i2c@c250000's alias i2c7
[0001.428] I> Reading eeprom i2c=7 address=0x50
[0001.457] I> Device at /i2c@c250000:0x50
[0001.461] I> Reading eeprom i2c=7 address=0x57
[0001.490] I> Device at /i2c@c250000:0x57
[0001.494] I> Find /i2c@c240000's alias i2c1
[0001.498] I> Reading eeprom i2c=1 address=0x51
[0001.504] I> Eeprom read failed 0x1a800027
[0001.509] I> Find /i2c@3160000's alias i2c0
[0001.513] I> Reading eeprom i2c=0 address=0x50
[0001.518] I> Eeprom read failed 0x1a800027
[0001.523] I> Find /i2c@3180000's alias i2c2
[0001.527] I> Reading eeprom i2c=2 address=0x54
[0001.531] I> Enabling gpio chip_id = 2, gpio pin = 9
[0001.562] I> Disabling gpio chip_id = 2, gpio pin = 9
[0001.567] I> Device at /i2c@3180000:0x54
[0001.571] I> create_pm_ids: id: 3310-1000-B00-E, len: 15
[0001.576] I> config: mem-type:00,power-config:00,misc-config:00,modem-config:00,touch-config:00,display-config:00,, len: 93
[0001.587] I> create_pm_ids: id: 2597-0000-501-C, len: 15
[0001.592] I> config: mem-type:00,power-config:00,misc-config:00,modem-config:00,touch-config:00,display-config:00,, len: 93
[0001.603] I> create_pm_ids: id: 3326-1000-100-M, len: 15
[0001.608] I> config: mem-type:ff,power-config:ff,misc-config:ff,modem-config:ff,touch-config:ff,display-config:ff,, len: 93
[0001.619] initializing target
[0001.622] calling apps_init()
[0001.625] starting app android_boot_app
[0001.629] I> Gpio keyboard init success
[0001.633] I> Kernel type = Normal
[0001.636] I> Loading kernel/boot.img ...
[0001.640] W> No valid slot number is found in scratch register
[0001.645] W> Return default slot: _a
[0001.649] I> A/B: bin_type (0) slot 0
[0001.652] I> Select partition: kernel
[0001.656] I> Loading partition kernel at 0xa8000000
[0001.737] W> No valid slot number is found in scratch register
[0001.743] W> Return default slot: _a
[0001.746] I> A/B: bin_type (1) slot 0
[0001.749] I> Select partition: kernel-dtb
[0001.753] I> Loading partition kernel-dtb at 0x92000000
[0001.762] I> Kernel DTB @ 0x92000000
[0001.766] I> Verified boot state = Orange
[0001.769] E> tegrabl_display_clear: display is not initialized
[0001.775] I> Checking boot.img header magic ... [0001.779] I> [OK]
[0001.781] I> Valid boot.img @ 0xa8000000
[0001.785] I> decompressor handler not found
[0001.789] I> Copying kernel image (465664 bytes) from 0xa8000800 to 0x80080000 ... [0001.796] I> Done
[0001.798] I> Move ramdisk (len: 6266463) from 0xa8072800 to 0x98000000
[0001.807] I> Updated bpmp info to DTB
[0001.813] I> Ramdisk: Base: 0x98000000; Size: 0x5f9e5f
[0001.818] I> Updated initrd info to DTB
[0001.822] I> disabled_core_mask: 0xffffff0c
[0001.826] I> Kernel type = Normal
[0001.829] I> add_serialno: Serial Num = 0321517104642
[0001.834] W> No valid slot number is found in scratch register
[0001.839] W> Return default slot: _a
[0001.843] I> Linux Cmdline: root=/dev/nfs rw netdevwait ip=192.168.99.2:192.168.99.1:192.168.99.1:255.255.255.0::eth0:off nfsroot=192.168.99.1:/home/ausvrl2510/nfsroot fbcon=map:0 net.ifnames=0 console=tty0 OS=l4t console=ttyS0,115200n8 memtype=0 video=tegrafb no_console_suspend=1 earlycon=uart8250,mmio32,0x03100000 nvdumper_reserved=0xf7fc0000 gpt androidboot.secureos=none tegraid=18.1.2.0.0 tegra_keep_boot_clocks maxcpus=6 android.kerneltype=normal androidboot.serialno=0321517104642 androidboot.security=non-secure sdhci_tegra.en_boot_part_access=1 
[0001.891] I> Updated bootarg info to DTB
[0001.896] I> eeprom_get_mac_addr: MAC (type: 0): 00:04:4b:8c:a7:a8
[0001.902] I> eeprom_get_mac_addr: MAC (type: 1): 00:04:4b:8c:a7:a9
[0001.909] I> eeprom_get_mac_addr: MAC (type: 2): 00:04:4b:8c:a7:aa
[0001.915] E> "ids" doesn't exist, creating 
[0001.919] E> "connection" doesn't exist, creating 
[0001.923] E> "configs" doesn't exist, creating 
[0001.928] I> create_pm_ids: id: 3310-1000-B00-E, len: 15
[0001.933] I> config: mem-type:00,power-config:00,misc-config:00,modem-config:00,touch-config:00,display-config:00,, len: 93
[0001.944] I> create_pm_ids: id: 2597-0000-501-C, len: 15
[0001.949] I> config: mem-type:00,power-config:00,misc-config:00,modem-config:00,touch-config:00,display-config:00,, len: 93
[0001.960] I> create_pm_ids: id: 3326-1000-100-M, len: 15
[0001.965] I> config: mem-type:ff,power-config:ff,misc-config:ff,modem-config:ff,touch-config:ff,display-config:ff,, len: 93
[0001.976] I> Adding plugin-manager/ids/3310-1000-B00=/i2c@c250000:module@0x50
[0001.983] E> "i2c@c250000" doesn't exist, creating 
[0001.988] E> "module@0x50" doesn't exist, creating 
[0001.992] I> Adding plugin-manager/ids/2597-0000-501=/i2c@c250000:module@0x57
[0001.999] E> "module@0x57" doesn't exist, creating 
[0002.004] I> Adding plugin-manager/ids/3326-1000-100=/i2c@3180000:module@0x54
[0002.011] E> "i2c@3180000" doesn't exist, creating 
[0002.016] E> "module@0x54" doesn't exist, creating 
[0002.023] I> Adding plugin-manager/ids/3310-1000-B00-E
[0002.030] I> Adding plugin-manager/configs/3310-mem-type 00
[0002.035] I> Adding plugin-manager/configs/3310-power-config 00
[0002.041] I> Adding plugin-manager/configs/3310-misc-config 00
[0002.047] I> Adding plugin-manager/configs/3310-modem-config 00
[0002.053] I> Adding plugin-manager/configs/3310-touch-config 00
[0002.058] I> Adding plugin-manager/configs/3310-display-config 00
[0002.064] E> "chip-id" doesn't exist, creating 
[0002.069] I> Adding plugin-manager/chip-id/A02P
[0002.075] I> Updated memory info to DTB
[0002.081] E> "reset" doesn't exist, creating 
[0002.085] E> "pmc-reset-reason" doesn't exist, creating 
[0002.090] E> "pmic-reset-reason" doesn't exist, creating 
[0002.096] I> disabled_core_mask: 0xffffff0c
[0002.106] I> tegrabl_load_kernel_and_dtb: Done


U-Boot 2017.03-g8537ddd769f4 (Oct 04 2017 - 08:46:37 -0700)

TEGRA186
Model: NVIDIA P2771-0000-500
DRAM:  7.8 GiB
MMC:   Tegra SD/MMC: 0, Tegra SD/MMC: 1
*** Warning - bad CRC, using default environment

In:    serial
Out:   serial
Err:   serial
Net:   eth0: ethernet@2490000
Hit any key to stop autoboot:  2  1  0 
MMC: no card present
mmc_init: -123, time 1
switch to partitions #0, OK
mmc0(part 0) is current device
Scanning mmc 0:1...
Found /boot/extlinux/extlinux.conf
Retrieving file: /boot/extlinux/extlinux.conf
431 bytes read in 70 ms (5.9 KiB/s)
p2771-0000 NFS boot options
1:	primary kernel
Enter choice: 1:	primary kernel
Retrieving file: /boot/initrd
6266463 bytes read in 201 ms (29.7 MiB/s)
Retrieving file: /boot/Image
17115648 bytes read in 456 ms (35.8 MiB/s)
append: console=ttyS0,115200n8 earlycon ignore_loglevel root=/dev/nfs rw netdevwait ip=192.168.99.2:192.168.99.1:192.168.99.1:255.255.255.0::eth0:off nfsroot=192.168.99.1:/home/ausvrl2510/nfsroot,nolock,nfsvers=2 rootwait
Retrieving file: /boot/tegra186-p2771-0000.dtb
23528 bytes read in 61 ms (376 KiB/s)
## Flattened Device Tree blob at 82000000
   Booting using the fdt blob at 0x82000000
   Using Device Tree in place at 0000000082000000, end 0000000082008be7

Starting kernel ...

[    1.567926] console [ttyS0] enabled
[    1.567926] console [ttyS0] enabled
[    1.575025] bootconsole [uart0] disabled
[    1.575025] bootconsole [uart0] disabled
[    1.583388] SuperH (H)SCI(F) driver initialized
[    1.588158] msm_serial: driver initialized
[    1.592701] arm-smmu 12000000.iommu: probing hardware configuration...
[    1.599224] arm-smmu 12000000.iommu: SMMUv2 with:
[    1.603925] arm-smmu 12000000.iommu: 	stage 1 translation
[    1.609319] arm-smmu 12000000.iommu: 	stage 2 translation
[    1.614713] arm-smmu 12000000.iommu: 	nested translation
[    1.620019] arm-smmu 12000000.iommu: 	stream matching with 128 register groups
[    1.627233] arm-smmu 12000000.iommu: 	64 context banks (0 stage-2 only)
[    1.633839] arm-smmu 12000000.iommu: 	Supported page sizes: 0x61311000
[    1.640359] arm-smmu 12000000.iommu: 	Stage-1: 48-bit VA -> 48-bit IPA
[    1.646877] arm-smmu 12000000.iommu: 	Stage-2: 48-bit IPA -> 48-bit PA
[    1.653835] cacheinfo: Unable to detect cache hierarchy for CPU 0
[    1.663342] loop: module loaded
[    1.668498] libphy: Fixed MDIO Bus: probed
[    1.672899] tun: Universal TUN/TAP device driver, 1.6
[    1.678328] thunder-xcv, ver 1.0
[    1.681581] thunder-BGX, ver 1.0
[    1.684830] thunder-nic, ver 1.0
[    1.688220] e1000e: Intel(R) PRO/1000 Network Driver - 3.2.6-k
[    1.694048] e1000e: Copyright(c) 1999 - 2015 Intel Corporation.
[    1.699981] igb: Intel(R) Gigabit Ethernet Network Driver - version 5.4.0-k
[    1.706935] igb: Copyright (c) 2007-2014 Intel Corporation.
[    1.712519] igbvf: Intel(R) Gigabit Virtual Function Network Driver - version 2.4.0-k
[    1.720339] igbvf: Copyright (c) 2009 - 2012 Intel Corporation.
[    1.726425] sky2: driver version 1.30
[    1.730650] dwc-eth-dwmac 2490000.ethernet: Cannot get CSR clock
[    1.736683] dwc-eth-dwmac 2490000.ethernet: no reset control found
[    1.756033] stmmac - user ID: 0x10, Synopsys ID: 0x41
[    1.761086] dwc-eth-dwmac 2490000.ethernet: DMA HW capability register supported
[    1.768474] dwc-eth-dwmac 2490000.ethernet: RX Checksum Offload Engine supported
[    1.775860] dwc-eth-dwmac 2490000.ethernet: TX Checksum insertion supported
[    1.782815] dwc-eth-dwmac 2490000.ethernet: Wake-Up On Lan supported
[    1.789174] dwc-eth-dwmac 2490000.ethernet: TSO supported
[    1.794579] dwc-eth-dwmac 2490000.ethernet: TSO feature enabled
[    1.800492] dwc-eth-dwmac 2490000.ethernet: Enable RX Mitigation via HW Watchdog Timer
[    1.808440] libphy: stmmac: probed
[    1.812736] VFIO - User Level meta-driver version: 0.3
[    1.818484] ehci_hcd: USB 2.0 'Enhanced' Host Controller (EHCI) Driver
[    1.825006] ehci-pci: EHCI PCI platform driver
[    1.829465] ehci-platform: EHCI generic platform driver
[    1.834749] ehci-orion: EHCI orion driver
[    1.838805] ehci-exynos: EHCI EXYNOS driver
[    1.843035] ohci_hcd: USB 1.1 'Open' Host Controller (OHCI) Driver
[    1.849213] ohci-pci: OHCI PCI platform driver
[    1.853672] ohci-platform: OHCI generic platform driver
[    1.858951] ohci-exynos: OHCI EXYNOS driver
[    1.863380] usbcore: registered new interface driver usb-storage
[    1.870766] i2c /dev entries driver
[    1.876242] max77620 0-003c: PMIC Version OTP:0x45 and ES:0x8
[    1.886585] max77620-sd0: supplied by regulator-dummy
[    1.891809] VDD_DDR_1V1_PMIC: Bringing 1125000uV into 1100000-1100000uV
[    1.900370] max77620-sd1: supplied by regulator-dummy
[    1.906767] max77620-sd2: supplied by regulator-dummy
[    1.913196] max77620-sd3: supplied by regulator-dummy
[    1.919785] max77620-ldo0: supplied by regulator-dummy
[    1.925747] max77620-ldo1: supplied by regulator-dummy
[    1.931643] max77620-ldo2: supplied by regulator-dummy
[    1.937892] max77620-ldo3: supplied by regulator-dummy
[    1.943689] max77620-ldo4: supplied by regulator-dummy
[    1.948840] VDD_RTC: Bringing 800000uV into 1000000-1000000uV
[    1.955317] max77620-ldo5: supplied by regulator-dummy
[    1.960479] VDDIO_SDMMC3_AP: Bringing 1800000uV into 2800000-2800000uV
[    1.967533] max77620-ldo6: supplied by regulator-dummy
[    1.973308] max77620-ldo7: supplied by regulator-dummy
[    1.978454] VDD_HDMI_1V05: Bringing 1000000uV into 1050000-1050000uV
[    1.986030] max77620-ldo8: supplied by regulator-dummy
[    1.991190] VDD_PEX_1V05: Bringing 1000000uV into 1050000-1050000uV
[    3.171778] max77686-rtc max77620-rtc: rtc core: registered max77620-rtc as rtc0
[    3.181317] sdhci: Secure Digital Host Controller Interface driver
[    3.187494] sdhci: Copyright(c) Pierre Ossman
[    3.191959] Synopsys Designware Multimedia Card Interface Driver
[    3.198385] sdhci-pltfm: SDHCI platform and OF driver helper
[    3.204192] sdhci-tegra 3400000.sdhci: Got CD GPIO
[    3.208990] sdhci-tegra 3400000.sdhci: Got WP GPIO
[    3.230687] mmc0: Unknown controller version (4). You may experience problems.
[    3.267327] mmc0: SDHCI controller on 3440000.sdhci [3440000.sdhci] using ADMA
[    3.283455] ledtrig-cpu: registered to indicate activity on CPUs
[    3.289997] usbcore: registered new interface driver usbhid
[    3.295566] usbhid: USB HID core driver
[    3.300457] NET: Registered protocol family 17
[    3.304941] 9pnet: Installing 9P2000 support
[    3.309218] Key type dns_resolver registered
[    3.313807] registered taskstats version 1
[    3.317902] Loading compiled-in X.509 certificates
[    3.330749] VDD_1V8_AP: supplied by VDD_1V8
[    3.335305] SD_CARD_SW_PWR: supplied by VDD_3V3_SYS
[    3.340855] pca953x 1-0074: 1-0074 supply vcc not found, using dummy regulator
[    3.357938] pca953x 1-0077: 1-0077 supply vcc not found, using dummy regulator
[    3.377766] tegra-pcie 10003000.pcie: 4x1, 1x1 configuration
[    3.384182] tegra-pcie 10003000.pcie: probing port 0, using 4 lanes
[    3.392465] tegra-pcie 10003000.pcie: Slot present pin change, signature: 00000018
[    3.793874] tegra-pcie 10003000.pcie: link 0 down, retrying
[    4.202627] tegra-pcie 10003000.pcie: link 0 down, retrying
[    4.611363] tegra-pcie 10003000.pcie: link 0 down, retrying
[    4.618938] tegra-pcie 10003000.pcie: link 0 down, ignoring
[    4.624572] tegra-pcie 10003000.pcie: PCI host bridge to bus 0000:00
[    4.630925] pci_bus 0000:00: root bus resource [io  0x0000-0xffff]
[    4.637099] pci_bus 0000:00: root bus resource [mem 0x50100000-0x57ffffff]
[    4.643965] pci_bus 0000:00: root bus resource [mem 0x58000000-0x7fffffff pref]
[    4.651269] pci_bus 0000:00: root bus resource [bus 00-ff]
[    4.657216] sdhci-tegra 3400000.sdhci: Got CD GPIO
[    4.662019] sdhci-tegra 3400000.sdhci: Got WP GPIO
[    4.675123] mmc1: Unknown controller version (4). You may experience problems.
[    4.713857] mmc1: SDHCI controller on 3400000.sdhci [3400000.sdhci] using ADMA
[    4.730127] mmc2: Unknown controller version (4). You may experience problems.
[    4.737835] mmc2: Switching to 3.3V signalling voltage failed
[    4.769173] mmc2: SDHCI controller on 3460000.sdhci [3460000.sdhci] using ADMA
[    4.777676] VDD_HDMI_5V0: supplied by VDD_5V0_SYS
[    4.783176] input: gpio-keys as /devices/platform/gpio-keys/input/input0
[    4.822585] max77686-rtc max77620-rtc: setting system clock to 2016-07-19 18:35:48 UTC (1468953348)
[    4.831811] dwc-eth-dwmac 2490000.ethernet eth0: device MAC address ae:43:ee:c9:1a:c7
[    4.840155] Generic PHY stmmac-0:00: attached PHY driver [Generic PHY] (mii_bus:phy_addr=stmmac-0:00, irq=POLL)
[    4.850932] dwmac4: Master AXI performs any burst length
[    4.856372] dwc-eth-dwmac 2490000.ethernet eth0: IEEE 1588-2008 Advanced Timestamp supported
[    4.864909] dwc-eth-dwmac 2490000.ethernet eth0: registered PTP clock
[    4.874940] mmc2: new high speed MMC card at address 0001
[    4.880749] mmcblk2: mmc2:0001 032G34 29.1 GiB 
[    4.885606] mmcblk2boot0: mmc2:0001 032G34 partition 1 4.00 MiB
[    4.891847] mmcblk2boot1: mmc2:0001 032G34 partition 2 4.00 MiB
[    4.897846] mmcblk2rpmb: mmc2:0001 032G34 partition 3 4.00 MiB, chardev (240:0)
[    4.907226]  mmcblk2: p1 p2 p3 p4 p5 p6 p7 p8 p9 p10 p11 p12 p13 p14 p15 p16 p17
[    7.936182] dwc-eth-dwmac 2490000.ethernet eth0: Link is Up - 1Gbps/Full - flow control rx/tx
[    7.959210] IP-Config: Complete:
[    7.962435]      device=eth0, hwaddr=ae:43:ee:c9:1a:c7, ipaddr=192.168.99.2, mask=255.255.255.0, gw=192.168.99.1
[    7.972598]      host=192.168.99.2, domain=, nis-domain=(none)
[    7.978423]      bootserver=192.168.99.1, rootserver=192.168.99.1, rootpath=
[    7.998547] VDD_RTC: disabling
[    8.001611] VDDIO_SDMMC3_AP: disabling
[    8.005496] SD_CARD_SW_PWR: disabling
[    8.009157] VDD_HDMI_5V0: disabling
[    8.012642] ALSA device list:
[    8.015607]   No soundcards found.
[    8.019513] Freeing unused kernel memory: 1152K
/init: line 58: chmod: command not found
[ 18:35:51 ] L4T-INITRD Build DATE: Tue Jul 19 18:35:51 UTC 2016
[ 18:35:51 ] Root device found: nfs
[ 18:35:51 ] Ethernet interfaces: eth0
[ 18:35:51 ] IP Address: 192.168.99.2
[ 18:35:51 ] Rootfs mounted over nfs
[ 18:35:51 ] Switching from initrd to actual rootfs
[    8.316259] systemd[1]: systemd 229 running in system mode. (+PAM +AUDIT +SELINUX +IMA +APPARMOR +SMACK +SYSVINIT +UTMP +LIBCRYPTSETUP +GCRYPT +GNUTLS +ACL +XZ -LZ4 +SECCOMP +BLKID +ELFUTILS +KMOD -IDN)
[    8.334522] systemd[1]: Detected architecture arm64.

Welcome to [1mUbuntu 16.04 LTS[0m!

[    8.356679] systemd[1]: Set hostname to <tegra-ubuntu>.
[    8.793628] systemd[1]: Started Forward Password Requests to Wall Directory Watch.
[[0;32m  OK  [0m] Started Forward Password Requests to Wall Directory Watch.
[    8.815592] systemd[1]: Listening on Journal Socket.
[[0;32m  OK  [0m] Listening on Journal Socket.
[    8.831561] systemd[1]: Listening on Journal Audit Socket.
[[0;32m  OK  [0m] Listening on Journal Audit Socket.
[    8.847312] systemd[1]: Reached target Swap.
[[0;32m  OK  [0m] Reached target Swap.
[    8.863333] systemd[1]: Listening on udev Control Socket.
[[0;32m  OK  [0m] Listening on udev Control Socket.
[    8.879309] systemd[1]: Listening on /dev/initctl Compatibility Named Pipe.
[[0;32m  OK  [0m] Listening on /dev/initctl Compatibility Named Pipe.
[    8.899362] systemd[1]: Started Dispatch Password Requests to Console Directory Watch.
[[0;32m  OK  [0m] Started Dispatch Password Requests to Console Directory Watch.
[[0;32m  OK  [0m] Reached target Paths.
[[0;32m  OK  [0m] Created slice User and Session Slice.
[[0;32m  OK  [0m] Listening on udev Kernel Socket.
[[0;32m  OK  [0m] Reached target Encrypted Volumes.
[[0;32m  OK  [0m] Listening on Journal Socket (/dev/log).
[[0;32m  OK  [0m] Listening on Syslog Socket.
[[0;32m  OK  [0m] Created slice System Slice.
         Starting Load Kernel Modules...
         Mounting POSIX Message Queue File System...
         Mounting Debug File System...
         Mounting RPC Pipe File System...
[[0;32m  OK  [0m] Created slice system-getty.slice.
[[0;32m  OK  [0m] Reached target Slices.
         Starting Journal Service...
         Starting Remount Root and Kernel File Systems...
         Starting Create Static Device Nodes in /dev...
         Mounting Huge Pages File System...
[[0;32m  OK  [0m] Created slice system-serial\x2dgetty.slice.
[[0;32m  OK  [0m] Mounted Huge Pages File System.
[[0;32m  OK  [0m] Mounted Debug File System.
[[0;32m  OK  [0m] Mounted POSIX Message Queue File System.
[[0;32m  OK  [0m] Mounted RPC Pipe File System.
[[0;32m  OK  [0m] Started Journal Service.
[[0;32m  OK  [0m] Started Load Kernel Modules.
[[0;32m  OK  [0m] Started Remount Root and Kernel File Systems.
[[0;32m  OK  [0m] Started Create Static Device Nodes in /dev.
         Starting udev Kernel Device Manager...
         Starting udev Coldplug all Devices...
         Starting Load/Save Random Seed...
[[0;32m  OK  [0m] Reached target Local File Systems (Pre).
[[0;32m  OK  [0m] Reached target Local File Systems.
         Starting Set console keymap...
         Starting Preprocess NFS configuration...
         Starting Apply Kernel Variables...
         Mounting Configuration File System...
         Starting Flush Journal to Persistent Storage...
[[0;32m  OK  [0m] Mounted Configuration File System.
[[0;32m  OK  [0m] Started udev Kernel Device Manager.
[[0;32m  OK  [0m] Started Load/Save Random Seed.
[[0;1;31mFAILED[0m] Failed to start Set console keymap.
See 'systemctl status console-setup.service' for details.
[[0;32m  OK  [0m] Started Preprocess NFS configuration.
[[0;32m  OK  [0m] Started Apply Kernel Variables.
[    9.534833] systemd-journald[1499]: Received request to flush runtime journal from PID 1
         Starting Raise network interfaces...
[[0;32m  OK  [0m] Reached target NFS client services.
[[0;32m  OK  [0m] Reached target Remote File Systems (Pre).
[[0;32m  OK  [0m] Reached target Remote File Systems.
[[0;32m  OK  [0m] Started Flush Journal to Persistent Storage.
[[0;32m  OK  [0m] Started udev Coldplug all Devices.
[[0;32m  OK  [0m] Found device /dev/ttyS0.
[[0;32m  OK  [0m] Started Raise network interfaces.
[[0;32m  OK  [0m] Reached target Network.
[[0;32m  OK  [0m] Reached target Network is Online.
         Starting Create Volatile Files and Directories...
[[0;32m  OK  [0m] Started Create Volatile Files and Directories.
         Starting Update UTMP about System Boot/Shutdown...
[[0;32m  OK  [0m] Reached target System Time Synchronized.
[[0;32m  OK  [0m] Started Update UTMP about System Boot/Shutdown.
[[0;32m  OK  [0m] Reached target System Initialization.
[[0;32m  OK  [0m] Listening on RPCbind Server Activation Socket.
[[0;32m  OK  [0m] Started Daily Cleanup of Temporary Directories.
[[0;32m  OK  [0m] Started Daily apt activities.
[[0;32m  OK  [0m] Reached target Timers.
[[0;32m  OK  [0m] Listening on D-Bus System Message Bus Socket.
[[0;32m  OK  [0m] Reached target Sockets.
[[0;32m  OK  [0m] Reached target Basic System.
         Starting LSB: Start NTP daemon...
[[0;32m  OK  [0m] Started D-Bus System Message Bus.
         Starting OpenBSD Secure Shell server...
[[0;32m  OK  [0m] Started Regular background program processing daemon.
         Starting /etc/rc.local Compatibility...
         Starting Login Service...
         Starting Permit User Sessions...
         Starting LSB: Set the CPU Frequency Scaling governor to "ondemand"...
         Starting System Logging Service...
[[0;32m  OK  [0m] Started /etc/rc.local Compatibility.
[[0;32m  OK  [0m] Started Permit User Sessions.
[[0;32m  OK  [0m] Started System Logging Service.
[[0;32m  OK  [0m] Started LSB: Set the CPU Frequency Scaling governor to "ondemand".
[[0;32m  OK  [0m] Started Serial Getty on ttyS0.
[[0;32m  OK  [0m] Started Getty on tty1.
[[0;32m  OK  [0m] Reached target Login Prompts.
[[0;32m  OK  [0m] Started Login Service.
[[0;32m  OK  [0m] Started OpenBSD Secure Shell server.
[[0;32m  OK  [0m] Started LSB: Start NTP daemon.
[[0;32m  OK  [0m] Reached target Multi-User System.
[[0;32m  OK  [0m] Reached target Graphical Interface.
         Starting Update UTMP about System Runlevel Changes...
[[0;32m  OK  [0m] Started Update UTMP about System Runlevel Changes.

Ubuntu 16.04 LTS tegra-ubuntu ttyS0

tegra-ubuntu login: 