
U-Boot SPL 2015.04-rc3-00209-ga74ef40 (Mar 16 2015 - 14:43:39)


U-Boot 2015.04-rc3-00209-ga74ef40 (Mar 16 2015 - 14:43:39)

TEGRA20
Model: Compulab TrimSlice board
DRAM:  1 GiB
MMC:   Tegra SD/MMC: 0, Tegra SD/MMC: 1
SF: Detected W25Q80BL with page size 256 Bytes, erase size 4 KiB, total 1 MiB
tegra-pcie: PCI regions:
tegra-pcie:   I/O: 0x82000000-0x82010000
tegra-pcie:   non-prefetchable memory: 0xa0000000-0xa8000000
tegra-pcie:   prefetchable memory: 0xa8000000-0xc0000000
tegra-pcie: dual-mode configuration
tegra-pcie: probing port 0, using 2 lanes
In:    serial
Out:   serial
Err:   serial
Net:   RTL8169#0
Hit any key to stop autoboot:  2  0 
Tegra20 (TrimSlice) # 
Tegra20 (TrimSlice) # usb reset
resetting USB...
USB0:   USB EHCI 1.00
scanning bus 0 for devices... 3 USB Device(s) found
USB1:   USB EHCI 1.00
scanning bus 1 for devices... 1 USB Device(s) found
USB2:   lowlevel init failed
       scanning usb for storage devices... 0 Storage Device(s) found
       scanning usb for ethernet devices... 
Warning: asx0 using MAC address from net device
1 Ethernet Device(s) found
Tegra20 (TrimSlice) # setenv bootargs 'ignore_loglevel console=ttyS0,115200n8 rw root=PARTUUID=11eb23c1-01 rootwait gpt debug noinitrd earlyprintk init=/bin/bash'
Tegra20 (TrimSlice) # setenv ipaddr 192.168.100.103; setenv serverip 192.168.100.1; setenv tftpserverip 192.168.100.1
Tegra20 (TrimSlice) # tftpboot 0x00408000 zImage.multi_v7_defconfig
Using RTL8169#0 device
TFTP from server 192.168.100.1; our IP address is 192.168.100.103
Filename 'zImage.multi_v7_defconfig'.
Load address: 0x408000
Loading: *#################################################################
	 #################################################################
	 #################################################################
	 #################################################################
	 #################################################################
	 #################################################################
	 #################################################################
	 #################################################################
	 ###########################
	 4.1 MiB/s
done
Bytes transferred = 8020576 (7a6260 hex)
Tegra20 (TrimSlice) # tftpboot 0x02408000 tegra20-trimslice.dtb
Using RTL8169#0 device
TFTP from server 192.168.100.1; our IP address is 192.168.100.103
Filename 'tegra20-trimslice.dtb'.
Load address: 0x2408000
Loading: *##
	 3.4 MiB/s
done
Bytes transferred = 21454 (53ce hex)
Tegra20 (TrimSlice) # bootz 0x00408000 - 0x02408000
Kernel image @ 0x408000 [ 0x000000 - 0x7a6260 ]
## Flattened Device Tree blob at 02408000
   Booting using the fdt blob at 0x2408000
   Using Device Tree in place at 02408000, end 024103cd

Starting kernel ...

[    0.000000] Booting Linux on physical CPU 0x0
[    0.000000] Linux version 4.13.0-rc2-next-20170726-188105-g1b70c7a (jonathanh@sellafield) (gcc version 4.7.3 20130328 (prerelease) (crosstool-NG linaro-1.13.1-4.7-2013.04-20130415 - Linaro GCC 2013.04)) #1 SMP Tue Jul 25 23:20:54 PDT 2017
[    0.000000] CPU: ARMv7 Processor [411fc090] revision 0 (ARMv7), cr=10c5387d
[    0.000000] CPU: PIPT / VIPT nonaliasing data cache, VIPT aliasing instruction cache
[    0.000000] OF: fdt: Machine model: Compulab TrimSlice board
[    0.000000] debug: ignoring loglevel setting.
[    0.000000] Memory policy: Data cache writealloc
[    0.000000] efi: Getting EFI parameters from FDT:
[    0.000000] efi: UEFI not found.
[    0.000000] cma: Reserved 64 MiB at 0x3c000000
[    0.000000] On node 0 totalpages: 262144
[    0.000000] free_area_init_node: node 0, pgdat c157ee80, node_mem_map ef7f8000
[    0.000000]   DMA zone: 1536 pages used for memmap
[    0.000000]   DMA zone: 0 pages reserved
[    0.000000]   DMA zone: 196608 pages, LIFO batch:31
[    0.000000]   HighMem zone: 65536 pages, LIFO batch:15
[    0.000000] percpu: Embedded 17 pages/cpu @ef7c4000 s39360 r8192 d22080 u69632
[    0.000000] pcpu-alloc: s39360 r8192 d22080 u69632 alloc=17*4096
[    0.000000] pcpu-alloc: [0] 0 [0] 1 
[    0.000000] Built 1 zonelists in Zone order, mobility grouping on.  Total pages: 260608
[    0.000000] Kernel command line: ignore_loglevel console=ttyS0,115200n8 rw root=PARTUUID=11eb23c1-01 rootwait gpt debug noinitrd earlyprintk init=/bin/bash
[    0.000000] PID hash table entries: 4096 (order: 2, 16384 bytes)
[    0.000000] Dentry cache hash table entries: 131072 (order: 7, 524288 bytes)
[    0.000000] Inode-cache hash table entries: 65536 (order: 6, 262144 bytes)
[    0.000000] Memory: 954380K/1048576K available (10240K kernel code, 1563K rwdata, 4464K rodata, 2048K init, 402K bss, 28660K reserved, 65536K cma-reserved, 196608K highmem)
[    0.000000] Virtual kernel memory layout:
[    0.000000]     vector  : 0xffff0000 - 0xffff1000   (   4 kB)
[    0.000000]     fixmap  : 0xffc00000 - 0xfff00000   (3072 kB)
[    0.000000]     vmalloc : 0xf0800000 - 0xff800000   ( 240 MB)
[    0.000000]     lowmem  : 0xc0000000 - 0xf0000000   ( 768 MB)
[    0.000000]     pkmap   : 0xbfe00000 - 0xc0000000   (   2 MB)
[    0.000000]     modules : 0xbf000000 - 0xbfe00000   (  14 MB)
[    0.000000]       .text : 0xc0208000 - 0xc0d00000   (11232 kB)
[    0.000000]       .init : 0xc1200000 - 0xc1400000   (2048 kB)
[    0.000000]       .data : 0xc1400000 - 0xc1586ca0   (1564 kB)
[    0.000000]        .bss : 0xc158fca4 - 0xc15f473c   ( 403 kB)
[    0.000000] SLUB: HWalign=64, Order=0-3, MinObjects=0, CPUs=2, Nodes=1
[    0.000000] Hierarchical RCU implementation.
[    0.000000] 	RCU event tracing is enabled.
[    0.000000] 	RCU restricting CPUs from NR_CPUS=16 to nr_cpu_ids=2.
[    0.000000] RCU: Adjusting geometry for rcu_fanout_leaf=16, nr_cpu_ids=2
[    0.000000] NR_IRQS: 16, nr_irqs: 16, preallocated irqs: 16
[    0.000000] /interrupt-controller@60004000: 128 interrupts forwarded to /interrupt-controller@50041000
[    0.000000] L2C: platform modifies aux control register: 0x02080000 -> 0x3e480001
[    0.000000] L2C: DT/platform modifies aux control register: 0x02080000 -> 0x3e480001
[    0.000000] L2C-310 errata 727915 769419 enabled
[    0.000000] L2C-310 enabling early BRESP for Cortex-A9
[    0.000000] L2C-310: enabling full line of zeros but not enabled in Cortex-A9
[    0.000000] L2C-310 ID prefetch enabled, offset 1 lines
[    0.000000] L2C-310 cache controller enabled, 8 ways, 1024 kB
[    0.000000] L2C-310: CACHE_ID 0x410000c4, AUX_CTRL 0x7e480001
[    0.000009] sched_clock: 32 bits at 1000kHz, resolution 1000ns, wraps every 2147483647500ns
[    0.000026] clocksource: timer_us: mask: 0xffffffff max_cycles: 0xffffffff, max_idle_ns: 1911260446275 ns
[    0.000036] Switching to timer-based delay loop, resolution 1000ns
[    0.001674] Console: colour dummy device 80x30
[    0.001702] Calibrating delay loop (skipped), value calculated using timer frequency.. 2.00 BogoMIPS (lpj=10000)
[    0.001713] pid_max: default: 32768 minimum: 301
[    0.001788] Mount-cache hash table entries: 2048 (order: 1, 8192 bytes)
[    0.001799] Mountpoint-cache hash table entries: 2048 (order: 1, 8192 bytes)
[    0.002198] CPU: Testing write buffer coherency: ok
[    0.002399] CPU0: thread -1, cpu 0, socket 0, mpidr 80000000
[    0.002630] Setting up static identity map for 0x300000 - 0x3000a0
[    0.003266] Hierarchical SRCU implementation.
[    0.004109] Tegra Revision: A03 prime SKU: 8 CPU Process: 1 SoC Process: 2
[    0.004557] EFI services will not be available.
[    0.004647] smp: Bringing up secondary CPUs ...
[    0.005164] CPU1: thread -1, cpu 1, socket 0, mpidr 80000001
[    0.005238] smp: Brought up 1 node, 2 CPUs
[    0.005249] SMP: Total of 2 processors activated (4.00 BogoMIPS).
[    0.005254] CPU: All CPU(s) started in SVC mode.
[    0.005912] devtmpfs: initialized
[    0.009848] VFP support v0.3: implementor 41 architecture 3 part 30 variant 9 rev 1
[    0.010118] clocksource: jiffies: mask: 0xffffffff max_cycles: 0xffffffff, max_idle_ns: 19112604462750000 ns
[    0.010132] futex hash table entries: 512 (order: 3, 32768 bytes)
[    0.013069] pinctrl core: initialized pinctrl subsystem
[    0.014081] DMI not present or invalid.
[    0.014263] random: get_random_u32 called from bucket_table_alloc+0xe8/0x254 with crng_init=0
[    0.014330] NET: Registered protocol family 16
[    0.016632] DMA: preallocated 256 KiB pool for atomic coherent allocations
[    0.018183] cpuidle: using governor menu
[    0.036114] No ATAGs?
[    0.036177] hw-breakpoint: found 5 (+1 reserved) breakpoint and 1 watchpoint registers.
[    0.036188] hw-breakpoint: maximum watchpoint size is 4 bytes.
[    0.041589] Serial: AMBA PL011 UART driver
[    0.053662] AT91: Could not find identification node
[    0.054251] usb1_vbus: Failed to request enable GPIO170: -517
[    0.054267] reg-fixed-voltage regulators:regulator@2: Failed to register regulator: -517
[    0.057697] vgaarb: loaded
[    0.058288] SCSI subsystem initialized
[    0.058412] libata version 3.00 loaded.
[    0.058602] usbcore: registered new interface driver usbfs
[    0.058647] usbcore: registered new interface driver hub
[    0.058686] usbcore: registered new device driver usb
[    0.060756] pps_core: LinuxPPS API ver. 1 registered
[    0.060764] pps_core: Software ver. 5.3.6 - Copyright 2005-2007 Rodolfo Giometti <giometti@linux.it>
[    0.060779] PTP clock support registered
[    0.060916] EDAC MC: Ver: 3.0.0
[    0.061200] dmi: Firmware registration failed.
[    0.062739] clocksource: Switched to clocksource timer_us
[    0.101265] NET: Registered protocol family 2
[    0.101675] TCP established hash table entries: 8192 (order: 3, 32768 bytes)
[    0.101746] TCP bind hash table entries: 8192 (order: 4, 65536 bytes)
[    0.101859] TCP: Hash tables configured (established 8192 bind 8192)
[    0.101984] UDP hash table entries: 512 (order: 2, 16384 bytes)
[    0.102035] UDP-Lite hash table entries: 512 (order: 2, 16384 bytes)
[    0.102183] NET: Registered protocol family 1
[    0.102489] RPC: Registered named UNIX socket transport module.
[    0.102497] RPC: Registered udp transport module.
[    0.102503] RPC: Registered tcp transport module.
[    0.102508] RPC: Registered tcp NFSv4.1 backchannel transport module.
[    0.102517] PCI: CLS 0 bytes, default 64
[    0.103365] hw perfevents: no interrupt-affinity property for /pmu, guessing.
[    0.103530] hw perfevents: enabled with armv7_cortex_a9 PMU driver, 7 counters available
[    0.104860] workingset: timestamp_bits=30 max_order=18 bucket_order=0
[    0.111687] squashfs: version 4.0 (2009/01/31) Phillip Lougher
[    0.112321] NFS: Registering the id_resolver key type
[    0.112345] Key type id_resolver registered
[    0.112351] Key type id_legacy registered
[    0.112382] ntfs: driver 2.1.32 [Flags: R/O].
[    0.113115] random: fast init done
[    0.113689] bounce: pool size: 64 pages
[    0.113737] Block layer SCSI generic (bsg) driver version 0.4 loaded (major 248)
[    0.113746] io scheduler noop registered
[    0.113752] io scheduler deadline registered
[    0.113898] io scheduler cfq registered (default)
[    0.113906] io scheduler mq-deadline registered
[    0.113911] io scheduler kyber registered
[    0.125361] tegra-pcie 80003000.pcie: dual-mode configuration
[    0.126064] tegra-pcie 80003000.pcie: probing port 0, using 2 lanes
[    0.208583] tegra-pcie 80003000.pcie: PCI host bridge to bus 0000:00
[    0.208595] pci_bus 0000:00: root bus resource [io  0x0000-0xffff]
[    0.208604] pci_bus 0000:00: root bus resource [mem 0xa0000000-0xa7ffffff]
[    0.208612] pci_bus 0000:00: root bus resource [mem 0xa8000000-0xbfffffff pref]
[    0.208621] pci_bus 0000:00: root bus resource [bus 00-ff]
[    0.208650] pci 0000:00:01.0: [10de:0bf0] type 01 class 0x060000
[    0.208667] pci_bus 0000:00: 2-byte config write to 0000:00:01.0 offset 0x4 may corrupt adjacent RW1C bits
[    0.208678] pci_bus 0000:00: 2-byte config write to 0000:00:01.0 offset 0x4 may corrupt adjacent RW1C bits
[    0.208699] pci_bus 0000:00: 2-byte config write to 0000:00:01.0 offset 0x88 may corrupt adjacent RW1C bits
[    0.208724] pci_bus 0000:00: 2-byte config write to 0000:00:01.0 offset 0x52 may corrupt adjacent RW1C bits
[    0.208748] pci 0000:00:01.0: PME# supported from D0 D1 D2 D3hot D3cold
[    0.208759] pci_bus 0000:00: 2-byte config write to 0000:00:01.0 offset 0x4c may corrupt adjacent RW1C bits
[    0.208957] pci_bus 0000:00: 2-byte config write to 0000:00:01.0 offset 0x3e may corrupt adjacent RW1C bits
[    0.208969] pci_bus 0000:00: 2-byte config write to 0000:00:01.0 offset 0x4 may corrupt adjacent RW1C bits
[    0.208979] pci_bus 0000:00: 1-byte config write to 0000:00:01.0 offset 0xc may corrupt adjacent RW1C bits
[    0.208986] PCI: bus0: Fast back to back transfers disabled
[    0.208995] pci 0000:00:01.0: bridge configuration invalid ([bus 00-00]), reconfiguring
[    0.209005] pci_bus 0000:00: 2-byte config write to 0000:00:01.0 offset 0x3e may corrupt adjacent RW1C bits
[    0.209016] pci_bus 0000:00: 2-byte config write to 0000:00:01.0 offset 0x3e may corrupt adjacent RW1C bits
[    0.209148] pci 0000:01:00.0: [10ec:8168] type 00 class 0x020000
[    0.209182] pci 0000:01:00.0: reg 0x10: [io  0x0000-0x00ff]
[    0.209206] pci 0000:01:00.0: reg 0x18: [mem 0x00000000-0x00000fff 64bit pref]
[    0.209224] pci 0000:01:00.0: reg 0x20: [mem 0x00000000-0x00003fff 64bit pref]
[    0.209237] pci 0000:01:00.0: reg 0x30: [mem 0x00000000-0x0001ffff pref]
[    0.209311] pci 0000:01:00.0: supports D1 D2
[    0.209319] pci 0000:01:00.0: PME# supported from D0 D1 D2 D3hot D3cold
[    0.232789] PCI: bus1: Fast back to back transfers disabled
[    0.232802] pci_bus 0000:01: busn_res: [bus 01-ff] end is updated to 01
[    0.232837] pci 0000:00:01.0: BAR 8: assigned [mem 0xa0000000-0xa00fffff]
[    0.232848] pci 0000:00:01.0: BAR 9: assigned [mem 0xa8000000-0xa80fffff 64bit pref]
[    0.232857] pci 0000:00:01.0: BAR 7: assigned [io  0x1000-0x1fff]
[    0.232869] pci 0000:01:00.0: BAR 6: assigned [mem 0xa0000000-0xa001ffff pref]
[    0.232878] pci 0000:01:00.0: BAR 4: assigned [mem 0xa8000000-0xa8003fff 64bit pref]
[    0.232898] pci 0000:01:00.0: BAR 2: assigned [mem 0xa8004000-0xa8004fff 64bit pref]
[    0.232917] pci 0000:01:00.0: BAR 0: assigned [io  0x1000-0x10ff]
[    0.232927] pci 0000:00:01.0: PCI bridge to [bus 01]
[    0.232936] pci 0000:00:01.0:   bridge window [io  0x1000-0x1fff]
[    0.232944] pci 0000:00:01.0:   bridge window [mem 0xa0000000-0xa00fffff]
[    0.232952] pci 0000:00:01.0:   bridge window [mem 0xa8000000-0xa80fffff 64bit pref]
[    0.232975] pci 0000:00:01.0: nv_msi_ht_cap_quirk didn't locate host bridge
[    0.233028] Disabling cpuidle LP2 state, since PCIe IRQs are in use
[    0.233062] pcieport 0000:00:01.0: enabling device (0140 -> 0143)
[    0.233252] pcieport 0000:00:01.0: Signaling PME with IRQ 295
[    0.239591] tegra-apbdma 6000a000.dma: Tegra20 APB DMA driver register 16 channels
[    0.289855] Serial: 8250/16550 driver, 4 ports, IRQ sharing disabled
[    0.292123] console [ttyS0] disabled
[    0.292160] 70006000.serial: ttyS0 at MMIO 0x70006000 (irq = 279, base_baud = 13500000) is a Tegra
[    1.381357] console [ttyS0] enabled
[    1.385447] SuperH (H)SCI(F) driver initialized
[    1.390729] msm_serial: driver initialized
[    1.394969] STMicroelectronics ASC driver initialized
[    1.404401] tegra-hdmi 54280000.hdmi: 54280000.hdmi supply hdmi not found, using dummy regulator
[    1.415386] [drm] Supports vblank timestamp caching Rev 2 (21.10.2013).
[    1.421984] [drm] No driver support for vblank timestamp query.
[    1.427938] [drm] Cannot find any crtc or sizes
[    1.432473] [drm] Initialized tegra 0.0.0 20120330 for drm on minor 0
[    1.440461] [drm] Cannot find any crtc or sizes
[    1.451828] brd: module loaded
[    1.460246] loop: module loaded
[    1.469715] m25p80 spi32766.0: found s25fl008k, expected w25q80bl
[    1.475895] m25p80 spi32766.0: s25fl008k (1024 Kbytes)
[    1.483284] libphy: Fixed MDIO Bus: probed
[    1.488231] CAN device driver interface
[    1.492714] bgmac_bcma: Broadcom 47xx GBit MAC driver loaded
[    1.499404] e1000e: Intel(R) PRO/1000 Network Driver - 3.2.6-k
[    1.505236] e1000e: Copyright(c) 1999 - 2015 Intel Corporation.
[    1.511196] igb: Intel(R) Gigabit Ethernet Network Driver - version 5.4.0-k
[    1.518153] igb: Copyright (c) 2007-2014 Intel Corporation.
[    1.524306] r8169 Gigabit Ethernet driver 2.3LK-NAPI loaded
[    1.529884] r8169 0000:01:00.0: enabling device (0140 -> 0143)
[    1.536440] r8169 0000:01:00.0 eth0: RTL8168d/8111d at 0xf08f9000, 00:01:c0:13:7d:63, XID 081000c0 IRQ 296
[    1.546096] r8169 0000:01:00.0 eth0: jumbo features [frames: 9200 bytes, tx checksumming: ko]
[    1.556893] pegasus: v0.9.3 (2013/04/25), Pegasus/Pegasus II USB Ethernet driver
[    1.564354] usbcore: registered new interface driver pegasus
[    1.570038] usbcore: registered new interface driver asix
[    1.575470] usbcore: registered new interface driver ax88179_178a
[    1.581577] usbcore: registered new interface driver cdc_ether
[    1.587458] usbcore: registered new interface driver smsc75xx
[    1.593249] usbcore: registered new interface driver smsc95xx
[    1.599008] usbcore: registered new interface driver net1080
[    1.604698] usbcore: registered new interface driver cdc_subset
[    1.610631] usbcore: registered new interface driver zaurus
[    1.616251] usbcore: registered new interface driver cdc_ncm
[    1.622168] tegra-phy c5004000.usb-phy: no vbus regulator
[    1.628694] tegra-phy c5008000.usb-phy: no vbus regulator
[    1.635443] ehci_hcd: USB 2.0 'Enhanced' Host Controller (EHCI) Driver
[    1.641954] ehci-pci: EHCI PCI platform driver
[    1.646440] ehci-platform: EHCI generic platform driver
[    1.651812] ehci-orion: EHCI orion driver
[    1.655948] SPEAr-ehci: EHCI SPEAr driver
[    1.660047] ehci-st: EHCI STMicroelectronics driver
[    1.665031] ehci-exynos: EHCI EXYNOS driver
[    1.669317] ehci-atmel: EHCI Atmel driver
[    1.673433] tegra-ehci: Tegra EHCI driver
[    1.733949] ulpi_phy_power_on: ulpi write failed
[    1.738557] tegra-ehci c5004000.usb: Failed to power on the phy
[    1.744494] tegra-ehci: probe of c5004000.usb failed with error -110
[    1.753471] tegra-ehci c5008000.usb: EHCI Host Controller
[    1.758876] tegra-ehci c5008000.usb: new USB bus registered, assigned bus number 1
[    1.766593] tegra-ehci c5008000.usb: irq 290, io mem 0xc5008000
[    1.792761] tegra-ehci c5008000.usb: USB 2.0 started, EHCI 1.00
[    1.799303] hub 1-0:1.0: USB hub found
[    1.803087] hub 1-0:1.0: 1 port detected
[    1.807372] ohci_hcd: USB 1.1 'Open' Host Controller (OHCI) Driver
[    1.813565] ohci-pci: OHCI PCI platform driver
[    1.818050] ohci-platform: OHCI generic platform driver
[    1.823445] SPEAr-ohci: OHCI SPEAr driver
[    1.827548] ohci-st: OHCI STMicroelectronics driver
[    1.832514] ohci-atmel: OHCI Atmel driver
[    1.837124] usbcore: registered new interface driver usb-storage
[    1.845979] rtc-em3027 2-0056: rtc core: registered rtc-em3027 as rtc0
[    1.853709] tegra_rtc 7000e000.rtc: rtc core: registered 7000e000.rtc as rtc1
[    1.860856] tegra_rtc 7000e000.rtc: Tegra internal Real Time Clock
[    1.867449] i2c /dev entries driver
[    1.880457] sdhci: Secure Digital Host Controller Interface driver
[    1.886655] sdhci: Copyright(c) Pierre Ossman
[    1.892155] Synopsys Designware Multimedia Card Interface Driver
[    1.899106] sdhci-pltfm: SDHCI platform and OF driver helper
[    1.912882] mmc0: Invalid maximum block size, assuming 512 bytes
[    1.972762] mmc0: SDHCI controller on c8000000.sdhci [c8000000.sdhci] using ADMA
[    1.980260] sdhci-tegra c8000600.sdhci: Got CD GPIO
[    1.985158] sdhci-tegra c8000600.sdhci: Got WP GPIO
[    1.998145] mmc1: Invalid maximum block size, assuming 512 bytes
[    2.062844] mmc1: SDHCI controller on c8000600.sdhci [c8000600.sdhci] using ADMA
[    2.071657] ledtrig-cpu: registered to indicate activity on CPUs
[    2.077988] usbcore: registered new interface driver usbhid
[    2.083564] usbhid: USB HID core driver
[    2.090721] NET: Registered protocol family 10
[    2.096176] Segment Routing with IPv6
[    2.099873] sit: IPv6, IPv4 and MPLS over IPv4 tunneling driver
[    2.106332] NET: Registered protocol family 17
[    2.110770] can: controller area network core (rev 20170425 abi 9)
[    2.116998] NET: Registered protocol family 29
[    2.121430] can: raw protocol (rev 20170425)
[    2.125704] can: broadcast manager protocol (rev 20170425 t)
[    2.131351] can: netlink gateway (rev 20170425) max_hops=1
[    2.137178] Key type dns_resolver registered
[    2.141845] ThumbEE CPU extension supported.
[    2.146130] Registering SWP/SWPB emulation handler
[    2.159305] utmi_phy_clk_enable: timeout waiting for phy to stabilize
[    2.165786] tegra-ehci c5000000.usb: EHCI Host Controller
[    2.171190] tegra-ehci c5000000.usb: new USB bus registered, assigned bus number 2
[    2.172758] usb 1-1: new high-speed USB device number 2 using tegra-ehci
[    2.185633] tegra-ehci c5000000.usb: irq 288, io mem 0xc5000000
[    2.261765] mmc1: new high speed SD card at address b368
[    2.267519] mmcblk1: mmc1:b368 NCard 1.83 GiB (ro)
[    2.275022] mmcblk1: error -5 sending stop command, original cmd response 0x900, card status 0x900
[    2.284000] mmcblk1: error -5 transferring data, sector 3839992, nr 8, cmd response 0x900, card status 0x80000b00
[    2.332783] tegra-ehci c5000000.usb: USB 2.0 started, EHCI 1.00
[    2.339585] hub 2-0:1.0: USB hub found
[    2.343417] hub 2-0:1.0: 1 port detected
[    2.348719] input: gpio-keys as /devices/soc0/gpio-keys/input/input0
[    2.355820] rtc-em3027 2-0056: hctosys: unable to read the hardware clock
[    2.366815] hub 1-1:1.0: USB hub found
[    2.370747] hub 1-1:1.0: 4 ports detected
[    2.406922] mmcblk1: error -5 sending stop command, original cmd response 0x900, card status 0x900
[    2.415894] mmcblk1: error -5 transferring data, sector 3839992, nr 8, cmd response 0x900, card status 0x80000b00
[    2.426173] mmcblk1: retrying using single block read
[    2.433426]  mmcblk1: p1 p2
[    2.437141] Waiting for root device PARTUUID=11eb23c1-01...
[    2.692798] usb 1-1.2: new high-speed USB device number 3 using tegra-ehci
[    3.260662] mmc0: host does not support reading read-only switch, assuming write-enable
[    3.270807] mmc0: new high speed SDHC card at address b368
[    3.277525] mmcblk0: mmc0:b368 NCard 3.70 GiB 
[    3.285547] mmcblk0: error -5 sending stop command, original cmd response 0x900, card status 0x900
[    3.294614] mmcblk0: error -5 transferring data, sector 7759864, nr 8, cmd response 0x900, card status 0x80000b00
[    3.318006] asix 1-1.2:1.0 eth1: register 'asix' at usb-c5008000.usb-1.2, ASIX AX88772 USB 2.0 Ethernet, 00:60:6e:60:6c:68
[    3.398014] mmcblk0: error -5 sending stop command, original cmd response 0x900, card status 0x900
[    3.407039] mmcblk0: error -5 transferring data, sector 7759864, nr 8, cmd response 0x900, card status 0x80000b00
[    3.417352] mmcblk0: retrying using single block read
[    3.424669]  mmcblk0: p1
[    3.453827] mmcblk0: r/w command failed, status = 0x80000900
[    3.557383] EXT4-fs (mmcblk0p1): mounting ext3 file system using the ext4 subsystem
[    3.794121] EXT4-fs (mmcblk0p1): recovery complete
[    3.867653] EXT4-fs (mmcblk0p1): mounted filesystem with ordered data mode. Opts: (null)
[    3.875867] VFS: Mounted root (ext3 filesystem) on device 179:17.
[    3.891770] devtmpfs: mounted
[    3.899664] Freeing unused kernel memory: 2048K
bash: cannot set terminal process group (-1): Inappropriate ioctl for device
bash: no job control in this shell
root@(none):/#  
root@(none):/# mount -t sysfs none /sys
root@(none):/# 
root@(none):/# mount -t debugfs none /sys/kernel/debug
root@(none):/# 
root@(none):/# rtcwake -d rtc1 -m mem -s 3
rtcwake: assuming RTC uses UTC ...
rtcwake: wakeup from "mem" using /dev/rtc1 at Thu Jan  1 00:00:32 1970
[   14.173398] PM: suspend entry (mem)
[   14.176916] PM: Syncing filesystems ... done.
[   14.183817] Freezing user space processes ... (elapsed 0.001 seconds) done.
[   14.192103] OOM killer disabled.
[   14.195416] Freezing remaining freezable tasks ... (elapsed 0.001 seconds) done.
[   14.204253] Suspending console(s) (use no_console_suspend to debug)
[   14.249177] pci_generic_config_write32: 43 callbacks suppressed
[   14.249224] pci_bus 0000:00: 2-byte config write to 0000:00:01.0 offset 0x9c may corrupt adjacent RW1C bits
[   14.269305] pci_bus 0000:01: 2-byte config write to 0000:01:00.0 offset 0x44 may corrupt adjacent RW1C bits
[   14.269362] pci_bus 0000:01: 2-byte config write to 0000:01:00.0 offset 0x44 may corrupt adjacent RW1C bits
[   14.293409] Disabling non-boot CPUs ...
[   14.344098] IRQ294 no longer affine to CPU1
[   14.346475] Entering suspend state LP1
[   14.346524] Enabling non-boot CPUs ...
[   14.348017] CPU1 is up
[   14.350337] pci_bus 0000:00: 2-byte config write to 0000:00:01.0 offset 0x4c may corrupt adjacent RW1C bits
[   14.350407] pci_bus 0000:00: 2-byte config write to 0000:00:01.0 offset 0x88 may corrupt adjacent RW1C bits
[   14.350438] pci_bus 0000:00: 2-byte config write to 0000:00:01.0 offset 0x90 may corrupt adjacent RW1C bits
[   14.350466] pci_bus 0000:00: 2-byte config write to 0000:00:01.0 offset 0x98 may corrupt adjacent RW1C bits
[   14.350493] pci_bus 0000:00: 2-byte config write to 0000:00:01.0 offset 0x9c may corrupt adjacent RW1C bits
[   14.350573] pci_bus 0000:00: 2-byte config write to 0000:00:01.0 offset 0x52 may corrupt adjacent RW1C bits
[   14.350608] pci_bus 0000:00: 2-byte config write to 0000:00:01.0 offset 0x52 may corrupt adjacent RW1C bits
[   14.350689] pcieport 0000:00:01.0: nv_msi_ht_cap_quirk didn't locate host bridge
[   15.054052] OOM killer enabled.
[   15.057181] Restarting tasks ... done.
[   15.061856] PM: suspend exit
root@(none):/# 
root@(none):/# rtcwake -d rtc1 -m mem -s 3
rtcwake: assuming RTC uses UTC ...
rtcwake: wakeup from "mem" using /dev/rtc1 at Thu Jan  1 00:00:37 1970
[   15.907706] PM: suspend entry (mem)
[   15.911220] PM: Syncing filesystems ... done.
[   15.917181] Freezing user space processes ... (elapsed 0.001 seconds) done.
[   15.925608] OOM killer disabled.
[   15.928850] Freezing remaining freezable tasks ... (elapsed 0.001 seconds) done.
[   15.937743] Suspending console(s) (use no_console_suspend to debug)
[   16.023339] Disabling non-boot CPUs ...
[   16.064022] IRQ294 no longer affine to CPU1
[   16.065576] Entering suspend state LP1
[   16.065626] Enabling non-boot CPUs ...
[   16.067175] CPU1 is up
[   16.068646] pcieport 0000:00:01.0: nv_msi_ht_cap_quirk didn't locate host bridge
[   16.670929] OOM killer enabled.
[   16.674068] Restarting tasks ... done.
[   16.678222] PM: suspend exit
root@(none):/# 
root@(none):/# rtcwake -d rtc1 -m mem -s 3
rtcwake: assuming RTC uses UTC ...
rtcwake: wakeup from "mem" using /dev/rtc1 at Thu Jan  1 00:00:42 1970
[   17.627448] PM: suspend entry (mem)
[   17.630961] PM: Syncing filesystems ... done.
[   17.636919] Freezing user space processes ... (elapsed 0.001 seconds) done.
[   17.645326] OOM killer disabled.
[   17.648568] Freezing remaining freezable tasks ... (elapsed 0.001 seconds) done.
[   17.657457] Suspending console(s) (use no_console_suspend to debug)
[   17.753238] Disabling non-boot CPUs ...
[   17.793944] IRQ294 no longer affine to CPU1
[   17.795435] Entering suspend state LP1
[   17.795484] Enabling non-boot CPUs ...
[   17.797038] CPU1 is up
[   17.798452] pcieport 0000:00:01.0: nv_msi_ht_cap_quirk didn't locate host bridge
[   18.400141] OOM killer enabled.
[   18.403282] Restarting tasks ... done.
[   18.407452] PM: suspend exit
root@(none):/# 
root@(none):/# rtcwake -d rtc1 -m mem -s 3
rtcwake: assuming RTC uses UTC ...
rtcwake: wakeup from "mem" using /dev/rtc1 at Thu Jan  1 00:00:47 1970
[   19.357749] PM: suspend entry (mem)
[   19.361264] PM: Syncing filesystems ... done.
[   19.367271] Freezing user space processes ... (elapsed 0.001 seconds) done.
[   19.375694] OOM killer disabled.
[   19.378935] Freezing remaining freezable tasks ... (elapsed 0.001 seconds) done.
[   19.387825] Suspending console(s) (use no_console_suspend to debug)
[   19.427090] pci_generic_config_write32: 71 callbacks suppressed
[   19.427134] pci_bus 0000:00: 2-byte config write to 0000:00:01.0 offset 0x9c may corrupt adjacent RW1C bits
[   19.448052] pci_bus 0000:01: 2-byte config write to 0000:01:00.0 offset 0x44 may corrupt adjacent RW1C bits
[   19.448109] pci_bus 0000:01: 2-byte config write to 0000:01:00.0 offset 0x44 may corrupt adjacent RW1C bits
[   19.473195] Disabling non-boot CPUs ...
[   19.523793] IRQ294 no longer affine to CPU1
[   19.525181] Entering suspend state LP1
[   19.525231] Enabling non-boot CPUs ...
[   19.526798] CPU1 is up
[   19.527452] pci_bus 0000:00: 2-byte config write to 0000:00:01.0 offset 0x4c may corrupt adjacent RW1C bits
[   19.527500] pci_bus 0000:00: 2-byte config write to 0000:00:01.0 offset 0x88 may corrupt adjacent RW1C bits
[   19.527532] pci_bus 0000:00: 2-byte config write to 0000:00:01.0 offset 0x90 may corrupt adjacent RW1C bits
[   19.527560] pci_bus 0000:00: 2-byte config write to 0000:00:01.0 offset 0x98 may corrupt adjacent RW1C bits
[   19.527589] pci_bus 0000:00: 2-byte config write to 0000:00:01.0 offset 0x9c may corrupt adjacent RW1C bits
[   19.527670] pci_bus 0000:00: 2-byte config write to 0000:00:01.0 offset 0x52 may corrupt adjacent RW1C bits
[   19.527701] pci_bus 0000:00: 2-byte config write to 0000:00:01.0 offset 0x52 may corrupt adjacent RW1C bits
[   19.527781] pcieport 0000:00:01.0: nv_msi_ht_cap_quirk didn't locate host bridge
[   20.224009] OOM killer enabled.
[   20.227137] Restarting tasks ... done.
[   20.231566] PM: suspend exit
root@(none):/# 
root@(none):/# rtcwake -d rtc1 -m mem -s 3
rtcwake: assuming RTC uses UTC ...
rtcwake: wakeup from "mem" using /dev/rtc1 at Thu Jan  1 00:00:52 1970
[   21.087442] PM: suspend entry (mem)
[   21.090956] PM: Syncing filesystems ... done.
[   21.096874] Freezing user space processes ... (elapsed 0.001 seconds) done.
[   21.105300] OOM killer disabled.
[   21.108543] Freezing remaining freezable tasks ... (elapsed 0.001 seconds) done.
[   21.117434] Suspending console(s) (use no_console_suspend to debug)
[   21.203088] Disabling non-boot CPUs ...
[   21.253740] IRQ294 no longer affine to CPU1
[   21.255268] Entering suspend state LP1
[   21.255318] Enabling non-boot CPUs ...
[   21.256873] CPU1 is up
[   21.257710] pcieport 0000:00:01.0: nv_msi_ht_cap_quirk didn't locate host bridge
[   21.860079] OOM killer enabled.
[   21.863218] Restarting tasks ... done.
[   21.868028] PM: suspend exit
root@(none):/# 
root@(none):/# rtcwake -d rtc1 -m mem -s 3
rtcwake: assuming RTC uses UTC ...
rtcwake: wakeup from "mem" using /dev/rtc1 at Thu Jan  1 00:00:57 1970
[   22.817456] PM: suspend entry (mem)
[   22.820972] PM: Syncing filesystems ... done.
[   22.826982] Freezing user space processes ... (elapsed 0.001 seconds) done.
[   22.835419] OOM killer disabled.
[   22.838661] Freezing remaining freezable tasks ... (elapsed 0.001 seconds) done.
[   22.847554] Suspending console(s) (use no_console_suspend to debug)
[   22.933089] Disabling non-boot CPUs ...
[   22.983677] IRQ294 no longer affine to CPU1
[   22.985098] Entering suspend state LP1
[   22.985146] Enabling non-boot CPUs ...
[   22.986711] CPU1 is up
[   22.988198] pcieport 0000:00:01.0: nv_msi_ht_cap_quirk didn't locate host bridge
[   23.579947] OOM killer enabled.
[   23.583090] Restarting tasks ... done.
[   23.587248] PM: suspend exit
root@(none):/# 
root@(none):/# rtcwake -d rtc1 -m mem -s 3
rtcwake: assuming RTC uses UTC ...
rtcwake: wakeup from "mem" using /dev/rtc1 at Thu Jan  1 00:01:02 1970
[   24.547501] PM: suspend entry (mem)
[   24.551015] PM: Syncing filesystems ... done.
[   24.557015] Freezing user space processes ... (elapsed 0.001 seconds) done.
[   24.565444] OOM killer disabled.
[   24.568686] Freezing remaining freezable tasks ... (elapsed 0.001 seconds) done.
[   24.577576] Suspending console(s) (use no_console_suspend to debug)
[   24.616944] pci_generic_config_write32: 71 callbacks suppressed
[   24.616986] pci_bus 0000:00: 2-byte config write to 0000:00:01.0 offset 0x9c may corrupt adjacent RW1C bits
[   24.637835] pci_bus 0000:01: 2-byte config write to 0000:01:00.0 offset 0x44 may corrupt adjacent RW1C bits
[   24.637892] pci_bus 0000:01: 2-byte config write to 0000:01:00.0 offset 0x44 may corrupt adjacent RW1C bits
[   24.663009] Disabling non-boot CPUs ...
[   24.713600] IRQ294 no longer affine to CPU1
[   24.714984] Entering suspend state LP1
[   24.715032] Enabling non-boot CPUs ...
[   24.716591] CPU1 is up
[   24.717474] pci_bus 0000:00: 2-byte config write to 0000:00:01.0 offset 0x4c may corrupt adjacent RW1C bits
[   24.717523] pci_bus 0000:00: 2-byte config write to 0000:00:01.0 offset 0x88 may corrupt adjacent RW1C bits
[   24.717557] pci_bus 0000:00: 2-byte config write to 0000:00:01.0 offset 0x90 may corrupt adjacent RW1C bits
[   24.717588] pci_bus 0000:00: 2-byte config write to 0000:00:01.0 offset 0x98 may corrupt adjacent RW1C bits
[   24.717616] pci_bus 0000:00: 2-byte config write to 0000:00:01.0 offset 0x9c may corrupt adjacent RW1C bits
[   24.717699] pci_bus 0000:00: 2-byte config write to 0000:00:01.0 offset 0x52 may corrupt adjacent RW1C bits
[   24.717733] pci_bus 0000:00: 2-byte config write to 0000:00:01.0 offset 0x52 may corrupt adjacent RW1C bits
[   24.717813] pcieport 0000:00:01.0: nv_msi_ht_cap_quirk didn't locate host bridge
[   25.432785] OOM killer enabled.
[   25.435914] Restarting tasks ... done.
[   25.440503] PM: suspend exit
root@(none):/# 
root@(none):/# rtcwake -d rtc1 -m mem -s 3
rtcwake: assuming RTC uses UTC ...
rtcwake: wakeup from "mem" using /dev/rtc1 at Thu Jan  1 00:01:07 1970
[   26.277385] PM: suspend entry (mem)
[   26.280897] PM: Syncing filesystems ... done.
[   26.286910] Freezing user space processes ... (elapsed 0.001 seconds) done.
[   26.295333] OOM killer disabled.
[   26.298574] Freezing remaining freezable tasks ... (elapsed 0.001 seconds) done.
[   26.307467] Suspending console(s) (use no_console_suspend to debug)
[   26.392905] Disabling non-boot CPUs ...
[   26.443610] IRQ294 no longer affine to CPU1
[   26.445007] Entering suspend state LP1
[   26.445055] Enabling non-boot CPUs ...
[   26.446617] CPU1 is up
[   26.447747] pcieport 0000:00:01.0: nv_msi_ht_cap_quirk didn't locate host bridge
[   27.050105] OOM killer enabled.
[   27.053246] Restarting tasks ... done.
[   27.057970] PM: suspend exit
root@(none):/# 
root@(none):/# rtcwake -d rtc1 -m mem -s 3
rtcwake: assuming RTC uses UTC ...
rtcwake: wakeup from "mem" using /dev/rtc1 at Thu Jan  1 00:01:12 1970
[   28.007435] PM: suspend entry (mem)
[   28.010947] PM: Syncing filesystems ... done.
[   28.016952] Freezing user space processes ... (elapsed 0.001 seconds) done.
[   28.025376] OOM killer disabled.
[   28.028617] Freezing remaining freezable tasks ... (elapsed 0.001 seconds) done.
[   28.037507] Suspending console(s) (use no_console_suspend to debug)
[   28.122876] Disabling non-boot CPUs ...
[   28.173528] IRQ294 no longer affine to CPU1
[   28.174902] Entering suspend state LP1
[   28.174951] Enabling non-boot CPUs ...
[   28.176503] CPU1 is up
[   28.177563] pcieport 0000:00:01.0: nv_msi_ht_cap_quirk didn't locate host bridge
[   28.789997] OOM killer enabled.
[   28.793138] Restarting tasks ... done.
[   28.797221] PM: suspend exit
root@(none):/# 
root@(none):/# rtcwake -d rtc1 -m mem -s 3
rtcwake: assuming RTC uses UTC ...
rtcwake: wakeup from "mem" using /dev/rtc1 at Thu Jan  1 00:01:17 1970
[   29.737138] PM: suspend entry (mem)
[   29.740652] PM: Syncing filesystems ... done.
[   29.746633] Freezing user space processes ... (elapsed 0.001 seconds) done.
[   29.755065] OOM killer disabled.
[   29.758306] Freezing remaining freezable tasks ... (elapsed 0.001 seconds) done.
[   29.767196] Suspending console(s) (use no_console_suspend to debug)
[   29.806798] pci_generic_config_write32: 71 callbacks suppressed
[   29.806843] pci_bus 0000:00: 2-byte config write to 0000:00:01.0 offset 0x9c may corrupt adjacent RW1C bits
[   29.828301] pci_bus 0000:01: 2-byte config write to 0000:01:00.0 offset 0x44 may corrupt adjacent RW1C bits
[   29.828358] pci_bus 0000:01: 2-byte config write to 0000:01:00.0 offset 0x44 may corrupt adjacent RW1C bits
[   29.852813] Disabling non-boot CPUs ...
[   29.893468] IRQ294 no longer affine to CPU1
[   29.894848] Entering suspend state LP1
[   29.894897] Enabling non-boot CPUs ...
[   29.896465] CPU1 is up
[   29.898791] pci_bus 0000:00: 2-byte config write to 0000:00:01.0 offset 0x4c may corrupt adjacent RW1C bits
[   29.898862] pci_bus 0000:00: 2-byte config write to 0000:00:01.0 offset 0x88 may corrupt adjacent RW1C bits
[   29.898915] pci_bus 0000:00: 2-byte config write to 0000:00:01.0 offset 0x90 may corrupt adjacent RW1C bits
[   29.898945] pci_bus 0000:00: 2-byte config write to 0000:00:01.0 offset 0x98 may corrupt adjacent RW1C bits
[   29.898972] pci_bus 0000:00: 2-byte config write to 0000:00:01.0 offset 0x9c may corrupt adjacent RW1C bits
[   29.899056] pci_bus 0000:00: 2-byte config write to 0000:00:01.0 offset 0x52 may corrupt adjacent RW1C bits
[   29.899092] pci_bus 0000:00: 2-byte config write to 0000:00:01.0 offset 0x52 may corrupt adjacent RW1C bits
[   29.899173] pcieport 0000:00:01.0: nv_msi_ht_cap_quirk didn't locate host bridge
[   30.592668] OOM killer enabled.
[   30.595796] Restarting tasks ... done.
[   30.600540] PM: suspend exit
root@(none):/# 
root@(none):/# NVTB SYSTEM SUSPEND TEST COMPLETE
