

U-Boot 2015.04-00466-gedec83e90172 (Mar 14 2016 - 10:42:01)

TEGRA124
Model: Acer Chromebook 13 CB5-311
DRAM:  4 GiB
:   Tegra SD/MMC: 0, Tegra SD/MMC: 1, Tegra SD/MMC: 2
MMC init failed
Using default environment

In:    serial
Out:   serial
Err:   serial
Net:   Net Initialization Skipped
No ethernet found.
Hit any key to stop autoboot:  2  0 
Tegra124 (Nyan-big) # 
Tegra124 (Nyan-big) # usb start
starting USB...
USB0:   USB EHCI 1.10
scanning bus 0 for devices... 2 USB Device(s) found
USB1:   USB EHCI 1.10
scanning bus 1 for devices... 2 USB Device(s) found
       scanning usb for storage devices... 1 Storage Device(s) found
       scanning usb for ethernet devices... 
Warning: asx0 using MAC address from net device
1 Ethernet Device(s) found
Tegra124 (Nyan-big) # setenv bootargs 'ignore_loglevel console=ttyS0,115200n8 rw root=PARTUUID=4d36e82a-b3c0-4b4b-bfcd-afe5217ac023 rootwait gpt debug noinitrd earlyprintk init=/bin/bash'
Tegra124 (Nyan-big) # setenv ipaddr 192.168.100.102; setenv serverip 192.168.100.1; setenv tftpserverip 192.168.100.1
Tegra124 (Nyan-big) # tftpboot 0x82000000 zImage.tegra_defconfig
Using asx0 device
TFTP from server 192.168.100.1; our IP address is 192.168.100.102
Filename 'zImage.tegra_defconfig'.
Load address: 0x82000000
Loading: *#################################################################
	 #################################################################
	 #################################################################
	 #################################################################
	 #################################################################
	 #############################################
	 3.4 MiB/s
done
Bytes transferred = 5424384 (52c500 hex)
Tegra124 (Nyan-big) # tftpboot 0x83000000 tegra124-nyan-big.dtb
Using asx0 device
TFTP from server 192.168.100.1; our IP address is 192.168.100.102
Filename 'tegra124-nyan-big.dtb'.
Load address: 0x83000000
Loading: *#####
	 3.2 MiB/s
done
Bytes transferred = 66821 (10505 hex)
Tegra124 (Nyan-big) # bootz 0x82000000 - 0x83000000
Kernel image @ 0x82000000 [ 0x000000 - 0x52c500 ]
## Flattened Device Tree blob at 83000000
   Booting using the fdt blob at 0x83000000
   Using Device Tree in place at 83000000, end 83013504

Starting kernel ...

[    3.235632] console [ttyS0] enabled
[    3.239109] bootconsole [earlycon0] disabled
[    3.244365] [drm:drm_core_init] Initialized drm 1.1.0 20060810
[    3.250606] tegra-hdmi 54280000.hdmi: failed to get HDMI regulator
[    3.257192] tegra-dpaux 545c0000.dpaux: failed to get VDD supply: -517
[    3.264493] panel supply power not found, using dummy regulator
[    3.275842] loop: module loaded
[    3.279589] as3722 4-0040: AS3722 with revision 0x1 found
[    3.289707] as3722-sd2: supplied by +5V_SYS
[    3.294215] as3722-sd3: supplied by +5V_SYS
[    3.298572] +1.35V_LP0(sd3): Bringing 0uV into 1350000-1350000uV
[    3.304838] as3722-sd4: supplied by +5V_SYS
[    3.309172] +1.05V_RUN: Bringing 0uV into 1050000-1050000uV
[    3.315015] as3722-sd5: supplied by +5V_SYS
[    3.320795] as3722-ldo0: supplied by +1.35V_LP0(sd2)
[    3.326628] +1.8V_RUN_CAM: Bringing 0uV into 1800000-1800000uV
[    3.332734] as3722-ldo2: supplied by +1.8V_VDDIO
[    3.338465] as3722-ldo3: supplied by +3.3V_SYS
[    3.342917] +1.00V_LP0_VDD_RTC: Bringing 1100000uV into 1000000-1000000uV
[    3.350586] as3722-ldo4: supplied by +3.3V_SYS
[    3.355192] +3.3V_RUN_CAM: Bringing 0uV into 2800000-2800000uV
[    3.361298] as3722-ldo5: supplied by +1.8V_VDDIO
[    3.366081] +1.2V_RUN_CAM_FRONT: Bringing 0uV into 1200000-1200000uV
[    3.372862] +VDDIO_SDMMC3: Bringing 0uV into 1800000-1800000uV
[    3.378997] as3722-ldo7: supplied by +1.8V_VDDIO
[    3.383771] +1.05V_RUN_CAM_REAR: Bringing 0uV into 1050000-1050000uV
[    3.390416] as3722-ldo9: supplied by +5V_SYS
[    3.394996] +2.8V_RUN_TOUCH: Bringing 0uV into 2800000-2800000uV
[    3.401289] as3722-ldo10: supplied by +5V_SYS
[    3.405809] +2.8V_RUN_CAM_AF: Bringing 0uV into 2800000-2800000uV
[    3.412345] +1.8V_RUN_VPP_FUSE: Bringing 0uV into 1800000-1800000uV
[    3.461741] cros-ec-spi spi32766.0: Chrome EC device registered
[    3.471897] random: fast init done
[    3.477194] m25p80 spi32765.0: w25q32dw (4096 Kbytes)
[    3.483594] libphy: Fixed MDIO Bus: probed
[    3.487697] CAN device driver interface
[    3.491558] igb: Intel(R) Gigabit Ethernet Network Driver - version 5.3.0-k
[    3.498506] igb: Copyright (c) 2007-2014 Intel Corporation.
[    3.504174] pegasus: v0.9.3 (2013/04/25), Pegasus/Pegasus II USB Ethernet driver
[    3.511612] usbcore: registered new interface driver pegasus
[    3.517320] usbcore: registered new interface driver asix
[    3.522746] usbcore: registered new interface driver ax88179_178a
[    3.528877] usbcore: registered new interface driver cdc_ether
[    3.534755] usbcore: registered new interface driver smsc75xx
[    3.540541] usbcore: registered new interface driver smsc95xx
[    3.546325] usbcore: registered new interface driver net1080
[    3.552006] usbcore: registered new interface driver cdc_subset
[    3.557959] usbcore: registered new interface driver zaurus
[    3.563570] usbcore: registered new interface driver cdc_ncm
[    3.569327] ehci_hcd: USB 2.0 'Enhanced' Host Controller (EHCI) Driver
[    3.575843] ehci-pci: EHCI PCI platform driver
[    3.580313] tegra-ehci: Tegra EHCI driver
[    3.584643] usbcore: registered new interface driver cdc_acm
[    3.590294] cdc_acm: USB Abstract Control Model driver for USB modems and ISDN adapters
[    3.598322] usbcore: registered new interface driver cdc_wdm
[    3.604020] usbcore: registered new interface driver usb-storage
[    3.610286] mousedev: PS/2 mouse device common for all mice
[    3.616164] input: cros_ec as /devices/soc0/7000d400.spi/spi_master/spi32766/spi32766.0/7000d400.spi:cros-ec@0:keyboard-controller/input/input0
[    3.631198] as3722-rtc as3722-rtc: rtc core: registered as3722-rtc as rtc0
[    3.638066] as3722-rtc as3722-rtc: RTC interrupt 370
[    3.644885] tegra_rtc 7000e000.rtc: rtc core: registered 7000e000.rtc as rtc1
[    3.652034] tegra_rtc 7000e000.rtc: Tegra internal Real Time Clock
[    3.658340] i2c /dev entries driver
[    3.662590] usbcore: registered new interface driver uvcvideo
[    3.668329] USB Video Class driver (1.1.1)
[    3.672411] gspca_main: v2.14.0 registered
[    3.676788] 0-004c supply vcc not found, using dummy regulator
[    3.684560] tegra-wdt 60005000.timer: initialized (heartbeat = 120 sec, nowayout = 0)
[    3.692968] sdhci: Secure Digital Host Controller Interface driver
[    3.699144] sdhci: Copyright(c) Pierre Ossman
[    3.703486] sdhci-pltfm: SDHCI platform and OF driver helper
[    3.709284] sdhci-tegra 700b0000.sdhci: allocated mmc-pwrseq
[    3.715081] sdhci-tegra 700b0400.sdhci: Got CD GPIO
[    3.719951] sdhci-tegra 700b0400.sdhci: Got WP GPIO
[    3.724974] mmc0: Unknown controller version (3). You may experience problems.
[    3.732207] mmc0: Invalid maximum block size, assuming 512 bytes
[    3.794721] mmc0: SDHCI controller on 700b0600.sdhci [700b0600.sdhci] using ADMA 64-bit
[    3.805162] usbcore: registered new interface driver usbhid
[    3.813643] usbhid: USB HID core driver
[    3.824888] tegra30-i2s 70301100.i2s: DMA channels sourced from device 70300000.ahub
[    3.865175] max98090 0-0010: MAX98090 REVID=0x43
[    3.872462] max98090 0-0010: use default 2.8v micbias
[    3.875133] mmc0: new high speed MMC card at address 0001
[    3.875593] mmcblk0: mmc0:0001 MMC16G 14.4 GiB 
[    3.875787] mmcblk0boot0: mmc0:0001 MMC16G partition 1 2.00 MiB
[    3.875972] mmcblk0boot1: mmc0:0001 MMC16G partition 2 2.00 MiB
[    3.876137] mmcblk0rpmb: mmc0:0001 MMC16G partition 3 128 KiB
[    3.879314]  mmcblk0: p1 p2 p3 p4 p5 p6 p7 p8 p9 p10 p11 p12
[    3.913207] tegra-snd-max98090 sound: HiFi <-> 70301100.i2s mapping ok
[    3.921025] input: GoogleNyanBig Headphones as /devices/soc0/sound/sound/card1/input1
[    3.929140] input: GoogleNyanBig Mic Jack as /devices/soc0/sound/sound/card1/input2
[    4.224692] NET: Registered protocol family 10
[    4.384705] mip6: Mobile IPv6
[    4.387665] sit: IPv6, IPv4 and MPLS over IPv4 tunneling driver
[    4.394619] NET: Registered protocol family 17
[    4.399073] NET: Registered protocol family 15
[    4.403502] can: controller area network core (rev 20120528 abi 9)
[    4.444730] NET: Registered protocol family 29
[    4.449161] can: raw protocol (rev 20120528)
[    4.453418] can: broadcast manager protocol (rev 20160617 t)
[    4.459075] can: netlink gateway (rev 20130117) max_hops=1
[    4.494747] Bluetooth: RFCOMM socket layer initialized
[    4.499879] Bluetooth: RFCOMM ver 1.11
[    4.503619] Bluetooth: BNEP (Ethernet Emulation) ver 1.3
[    4.508929] Bluetooth: BNEP socket layer initialized
[    4.513879] Bluetooth: HIDP (Human Interface Emulation) ver 1.2
[    4.519793] Bluetooth: HIDP socket layer initialized
[    4.524887] Key type dns_resolver registered
[    4.529604] Registering SWP/SWPB emulation handler
[    4.535491] +3.3V_RUN: supplied by +3.3V_SYS
[    4.540261] +3.3V_AVDD_HDMI_AP_GATED: supplied by +3.3V_RUN
[    4.545928] +1.8V_RUN_CAM: supplied by +3.3V_RUN
[    4.550573] +VDDIO_SDMMC3: supplied by +3.3V_RUN
[    4.555225] +1.8V_RUN_VPP_FUSE: supplied by +3.3V_RUN
[    4.560376] +VDD_LED: supplied by +VDD_MUX
[    4.564673] +5V_VDD_TS_SW: supplied by +5V_SYS
[    4.569473] +5V_USB_HS: supplied by +5V_SYS
[    4.573859] +5V_USB_SS: supplied by +5V_SYS
[    4.578949] input: tegra-hda HDMI/DP,pcm=3 as /devices/soc0/70030000.hda/sound/card0/input3
[    4.588308] +3.3V_PANEL: supplied by +3.3V_RUN
[    4.593393] +3.3V_LP0: supplied by +3.3V_SYS
[    4.598133] +1.05V_RUN_AVDD_HDMI_PLL: supplied by +1.05V_RUN
[    4.603999] +5V_HDMI_CON: supplied by +5V_SYS
[    4.609468] usb3-0 supply vbus not found, using dummy regulator
[    4.615470] usb3-1 supply vbus not found, using dummy regulator
[    4.624008] tegra-sor 54540000.sor: failed to probe output: -517
[    4.630185] panel supply power not found, using dummy regulator
[    4.705409] tegra-xusb 70090000.usb: Firmware timestamp: 2014-09-16 02:10:07 UTC
[    4.712819] tegra-xusb 70090000.usb: xHCI Host Controller
[    4.718240] tegra-xusb 70090000.usb: new USB bus registered, assigned bus number 1
[    4.727839] tegra-xusb 70090000.usb: hcc params 0x0184f525 hci version 0x100 quirks 0x00010010
[    4.736476] tegra-xusb 70090000.usb: irq 342, io mem 0x70090000
[    4.743217] hub 1-0:1.0: USB hub found
[    4.747035] hub 1-0:1.0: 6 ports detected
[    4.751726] tegra-xusb 70090000.usb: xHCI Host Controller
[    4.757202] tegra-xusb 70090000.usb: new USB bus registered, assigned bus number 2
[    4.764866] usb usb2: We don't know the algorithms for LPM for this host, disabling LPM.
[    4.773768] hub 2-0:1.0: USB hub found
[    4.777581] hub 2-0:1.0: 2 ports detected
[    4.782696] sdhci-tegra 700b0000.sdhci: allocated mmc-pwrseq
[    4.788625] mmc1: Unknown controller version (3). You may experience problems.
[    4.795916] mmc1: Invalid maximum block size, assuming 512 bytes
[    4.802425] mmc1: Switching to 3.3V signalling voltage failed
[    4.864812] mmc1: SDHCI controller on 700b0000.sdhci [700b0000.sdhci] using ADMA 64-bit
[    4.873096] sdhci-tegra 700b0400.sdhci: Got CD GPIO
[    4.880010] sdhci-tegra 700b0400.sdhci: Got WP GPIO
[    4.888054] mmc2: Unknown controller version (3). You may experience problems.
[    4.895413] mmc2: Invalid maximum block size, assuming 512 bytes
[    4.931797] mmc1: new high speed SDIO card at address 0001
[    4.964898] mmc2: SDHCI controller on 700b0400.sdhci [700b0400.sdhci] using ADMA 64-bit
[    5.071276] [drm:drm_vblank_init] Supports vblank timestamp caching Rev 2 (21.10.2013).
[    5.079324] [drm:drm_vblank_init] No driver support for vblank timestamp query.
[    5.114720] usb 1-2: new high-speed USB device number 2 using tegra-xusb
[    5.116608] mmc2: new high speed SDHC card at address 0007
[    5.127520] mmcblk2: mmc2:0007 SD08G 7.42 GiB 
[    5.138012] GPT:Primary header alternate_lba != Alt. header my_lba
[    5.138016] GPT:3014591 != 15564799
[    5.138017] GPT:Primary header thinks Alt. header is not at the end of the disk.
[    5.138018] GPT:3014591 != 15564799
[    5.138019] GPT: Use GNU Parted to correct GPT errors.
[    5.138045]  mmcblk2: p1 p2 p3 p4 p5 p6 p7 p8 p9 p10 p11 p12
[    5.142914] Console: switching to colour frame buffer device 170x48
[    5.201024] drm drm: fb0:  frame buffer device
[    5.244778] [drm:host1x_drm_probe] Initialized tegra 0.0.0 20120330 on minor 0
[    5.252679] input: gpio-keys as /devices/soc0/gpio-keys/input/input4
[    5.260251] as3722-rtc as3722-rtc: setting system clock to 2000-01-01 00:00:23 UTC (946684823)
[    5.274490] +1.8V_RUN_CAM: disabling
[    5.278338] +1.2V_RUN_CAM_FRONT: disabling
[    5.282633] +1.05V_RUN_CAM_REAR: disabling
[    5.286968] +2.8V_RUN_TOUCH: disabling
[    5.290921] +2.8V_RUN_CAM_AF: disabling
[    5.294974] +1.8V_RUN_VPP_FUSE: disabling
[    5.299141] +5V_VDD_TS_SW: disabling
[    5.302900] ALSA device list:
[    5.305942]   #0: tegra-hda at 0x70038000 irq 341
[    5.310631]   #1: GoogleNyanBig
[    5.314554] EXT4-fs (mmcblk0p3): couldn't mount as ext3 due to feature incompatibilities
[    5.425006] uvcvideo: Found UVC 1.00 device HD WebCam (1bcf:2c67)
[    5.439974] input: HD WebCam as /devices/soc0/70090000.usb/usb1/1-2/1-2:1.0/input/input5
[    5.675010] EXT4-fs (mmcblk0p3): recovery complete
[    5.680580] EXT4-fs (mmcblk0p3): mounted filesystem with ordered data mode. Opts: (null)
[    5.688731] VFS: Mounted root (ext4 filesystem) on device 179:3.
[    5.695403] devtmpfs: mounted
[    5.698813] Freeing unused kernel memory: 1024K (c0c00000 - c0d00000)
bash: cannot set terminal process group (-1): Inappropriate ioctl for device
bash: no job control in th[    5.784726] usb 1-3: new high-speed USB device number 3 using tegra-xusb
is shell
root@(none):/# [    6.867612] asix 1-3:1.0 eth0: register 'asix' at usb-70090000.usb-3, ASIX AX88772 USB 2.0 Ethernet, c8:d7:19:90:fa:65
[    7.214781] usb 1-1: new high-speed USB device number 4 using tegra-xusb
[    7.393210] usb-storage 1-1:1.0: USB Mass Storage device detected
[    7.409913] scsi host0: usb-storage 1-1:1.0
[    8.566519] scsi 0:0:0:0: Direct-Access     SanDisk  SDDR-113         9412 PQ: 0 ANSI: 0
[    8.739292] sd 0:0:0:0: [sda] 15523840 512-byte logical blocks: (7.95 GB/7.40 GiB)
[    8.748038] sd 0:0:0:0: [sda] Write Protect is off
[    8.752820] sd 0:0:0:0: [sda] Mode Sense: 03 00 00 00
[    8.759082] sd 0:0:0:0: [sda] No Caching mode page found
[    8.764383] sd 0:0:0:0: [sda] Assuming drive cache: write through
[    8.790610]  sda: sda1 sda2 sda3 sda4 sda5 sda6 sda7 sda8 sda9 sda10 sda11 sda12 sda13
[    8.804440] sd 0:0:0:0: [sda] Attached SCSI removable disk
