
U-Boot SPL 2016.05-rc2 (Apr 21 2016 - 16:23:00)
Trying to boot from RAM


U-Boot 2016.05-rc2 (Apr 21 2016 - 16:23:00 -0700)

TEGRA124
Model: NVIDIA Jetson TK1
Board: NVIDIA Jetson TK1
DRAM:  2 GiB
MC:   Tegra SD/MMC: 0, Tegra SD/MMC: 1
In:    serial
Out:   serial
Err:   serial
Net:   No ethernet found.
Hit any key to stop autoboot:  2  0 
Tegra124 (Jetson TK1) # 
Tegra124 (Jetson TK1) # pci enum
Tegra124 (Jetson TK1) # setenv bootargs 'ignore_loglevel console=ttyS0,115200n8 rw root=PARTUUID=b1791faa-84e8-4e27-83a1-9fb0a77e8803 rootwait gpt debug noinitrd earlyprintk init=/bin/bash'
Tegra124 (Jetson TK1) # setenv ipaddr 192.168.100.102; setenv serverip 192.168.100.1; setenv tftpserverip 192.168.100.1
Tegra124 (Jetson TK1) # tftpboot 0x82000000 zImage.multi_v7_defconfig

Warning: eth_rtl8169 using MAC address from ROM
Using eth_rtl8169 device
TFTP from server 192.168.100.1; our IP address is 192.168.100.102
Filename 'zImage.multi_v7_defconfig'.
Load address: 0x82000000
Loading: *#################################################################
	 #################################################################
	 #################################################################
	 #################################################################
	 #################################################################
	 #################################################################
	 #################################################################
	 ############################
	 4 MiB/s
done
Bytes transferred = 7079272 (6c0568 hex)
Tegra124 (Jetson TK1) # tftpboot 0x83000000 tegra124-jetson-tk1.dtb
Using eth_rtl8169 device
TFTP from server 192.168.100.1; our IP address is 192.168.100.102
Filename 'tegra124-jetson-tk1.dtb'.
Load address: 0x83000000
Loading: *#####
	 3.7 MiB/s
done
Bytes transferred = 66737 (104b1 hex)
Tegra124 (Jetson TK1) # bootz 0x82000000 - 0x83000000
Kernel image @ 0x82000000 [ 0x000000 - 0x6c0568 ]
## Flattened Device Tree blob at 83000000
   Booting using the fdt blob at 0x83000000
   Using Device Tree in place at 83000000, end 830134b0

Starting kernel ...

[    0.000000] Booting Linux on physical CPU 0x0
[    0.000000] Linux version 4.6.0-next-20160520-95196-g89949ab (pwalmsley@sellafield) (gcc version 4.7.3 20130328 (prerelease) (crosstool-NG linaro-1.13.1-4.7-2013.04-20130415 - Linaro GCC 2013.04) ) #1 SMP Thu May 19 22:40:28 PDT 2016
[    0.000000] CPU: ARMv7 Processor [413fc0f3] revision 3 (ARMv7), cr=10c5387d
[    0.000000] CPU: div instructions available: patching division code
[    0.000000] CPU: PIPT / VIPT nonaliasing data cache, PIPT instruction cache
[    0.000000] Machine model: NVIDIA Tegra124 Jetson TK1
[    0.000000] debug: ignoring loglevel setting.
[    0.000000] cma: Reserved 64 MiB at 0xfb800000
[    0.000000] Memory policy: Data cache writealloc
[    0.000000] On node 0 totalpages: 524032
[    0.000000] free_area_init_node: node 0, pgdat c141bac0, node_mem_map eeff8000
[    0.000000]   DMA zone: 1536 pages used for memmap
[    0.000000]   DMA zone: 0 pages reserved
[    0.000000]   DMA zone: 196608 pages, LIFO batch:31
[    0.000000]   HighMem zone: 327424 pages, LIFO batch:31
[    0.000000] percpu: Embedded 13 pages/cpu @eef89000 s23808 r8192 d21248 u53248
[    0.000000] pcpu-alloc: s23808 r8192 d21248 u53248 alloc=13*4096
[    0.000000] pcpu-alloc: [0] 0 [0] 1 [0] 2 [0] 3 
[    0.000000] Built 1 zonelists in Zone order, mobility grouping on.  Total pages: 522496
[    0.000000] Kernel command line: ignore_loglevel console=ttyS0,115200n8 rw root=PARTUUID=b1791faa-84e8-4e27-83a1-9fb0a77e8803 rootwait gpt debug noinitrd earlyprintk init=/bin/bash
[    0.000000] PID hash table entries: 4096 (order: 2, 16384 bytes)
[    0.000000] Dentry cache hash table entries: 131072 (order: 7, 524288 bytes)
[    0.000000] Inode-cache hash table entries: 65536 (order: 6, 262144 bytes)
[    0.000000] Memory: 1994996K/2096128K available (9529K kernel code, 1142K rwdata, 4216K rodata, 2048K init, 343K bss, 35596K reserved, 65536K cma-reserved, 1244160K highmem)
[    0.000000] Virtual kernel memory layout:
[    0.000000]     vector  : 0xffff0000 - 0xffff1000   (   4 kB)
[    0.000000]     fixmap  : 0xffc00000 - 0xfff00000   (3072 kB)
[    0.000000]     vmalloc : 0xf0800000 - 0xff800000   ( 240 MB)
[    0.000000]     lowmem  : 0xc0000000 - 0xf0000000   ( 768 MB)
[    0.000000]     pkmap   : 0xbfe00000 - 0xc0000000   (   2 MB)
[    0.000000]     modules : 0xbf000000 - 0xbfe00000   (  14 MB)
[    0.000000]       .text : 0xc0208000 - 0xc106c540   (14738 kB)
[    0.000000]       .init : 0xc1100000 - 0xc1300000   (2048 kB)
[    0.000000]       .data : 0xc1300000 - 0xc141db20   (1143 kB)
[    0.000000]        .bss : 0xc141f000 - 0xc1474ca0   ( 344 kB)
[    0.000000] SLUB: HWalign=64, Order=0-3, MinObjects=0, CPUs=4, Nodes=1
[    0.000000] Hierarchical RCU implementation.
[    0.000000] 	Build-time adjustment of leaf fanout to 32.
[    0.000000] 	RCU restricting CPUs from NR_CPUS=16 to nr_cpu_ids=4.
[    0.000000] RCU: Adjusting geometry for rcu_fanout_leaf=32, nr_cpu_ids=4
[    0.000000] NR_IRQS:16 nr_irqs:16 16
[    0.000000] /interrupt-controller@60004000: 160 interrupts forwarded to /interrupt-controller@0,50041000
[    0.000000] Tegra clk 127: register failed with -17
[    0.000008] sched_clock: 32 bits at 1000kHz, resolution 1000ns, wraps every 2147483647500ns
[    0.000032] clocksource: timer_us: mask: 0xffffffff max_cycles: 0xffffffff, max_idle_ns: 1911260446275 ns
[    0.000046] Switching to timer-based delay loop, resolution 1000ns
[    0.005353] Architected cp15 timer(s) running at 12.00MHz (virt).
[    0.005370] clocksource: arch_sys_counter: mask: 0xffffffffffffff max_cycles: 0x2c47f4ee7, max_idle_ns: 440795202497 ns
[    0.005388] sched_clock: 56 bits at 12MHz, resolution 83ns, wraps every 4398046511096ns
[    0.005401] Switching to timer-based delay loop, resolution 83ns
[    0.005913] Console: colour dummy device 80x30
[    0.005939] Calibrating delay loop (skipped), value calculated using timer frequency.. 24.00 BogoMIPS (lpj=60000)
[    0.005953] pid_max: default: 32768 minimum: 301
[    0.006049] Mount-cache hash table entries: 2048 (order: 1, 8192 bytes)
[    0.006060] Mountpoint-cache hash table entries: 2048 (order: 1, 8192 bytes)
[    0.006656] CPU: Testing write buffer coherency: ok
[    0.006878] /cpus/cpu@0 missing clock-frequency property
[    0.006920] /cpus/cpu@1 missing clock-frequency property
[    0.006961] /cpus/cpu@2 missing clock-frequency property
[    0.007004] /cpus/cpu@3 missing clock-frequency property
[    0.007015] CPU0: thread -1, cpu 0, socket 0, mpidr 80000000
[    0.007035] Setting up static identity map for 0x80300000 - 0x80300098
[    0.010618] Tegra Revision: A01 SKU: 129 CPU Process: 1 SoC Process: 1
[    0.012074] CPU1: thread -1, cpu 1, socket 0, mpidr 80000001
[    0.015762] CPU2: thread -1, cpu 2, socket 0, mpidr 80000002
[    0.020760] CPU3: thread -1, cpu 3, socket 0, mpidr 80000003
[    0.025206] Brought up 4 CPUs
[    0.025226] SMP: Total of 4 processors activated (96.00 BogoMIPS).
[    0.025234] CPU: All CPU(s) started in SVC mode.
[    0.026713] devtmpfs: initialized
[    0.045624] VFP support v0.3: implementor 41 architecture 4 part 30 variant f rev 0
[    0.046321] clocksource: jiffies: mask: 0xffffffff max_cycles: 0xffffffff, max_idle_ns: 9556302231375000 ns
[    0.047689] pinctrl core: initialized pinctrl subsystem
[    0.049360] NET: Registered protocol family 16
[    0.051317] DMA: preallocated 256 KiB pool for atomic coherent allocations
[    0.065336] cpuidle: using governor menu
[    0.084766] No ATAGs?
[    0.084794] hw-breakpoint: found 5 (+1 reserved) breakpoint and 4 watchpoint registers.
[    0.084805] hw-breakpoint: maximum watchpoint size is 8 bytes.
[    0.091130] Serial: AMBA PL011 UART driver
[    0.120722] +5V_SYS: supplied by +VDD_MUX
[    0.121049] +3.3V_SYS: supplied by +VDD_MUX
[    0.121698] +USB0_VBUS_SW: Failed to request enable GPIO108: -517
[    0.121714] reg-fixed-voltage regulators:regulator@7: Failed to register regulator: -517
[    0.121804] +5V_USB_HS: Failed to request enable GPIO109: -517
[    0.121817] reg-fixed-voltage regulators:regulator@8: Failed to register regulator: -517
[    0.121984] +1.05V_RUN_AVDD_HDMI_PLL: Failed to request enable GPIO63: -517
[    0.121996] reg-fixed-voltage regulators:regulator@11: Failed to register regulator: -517
[    0.122083] +5V_HDMI_CON: Failed to request enable GPIO86: -517
[    0.122095] reg-fixed-voltage regulators:regulator@12: Failed to register regulator: -517
[    0.122183] +5V_SATA: Failed to request enable GPIO242: -517
[    0.122195] reg-fixed-voltage regulators:regulator@13: Failed to register regulator: -517
[    0.122282] +12V_SATA: Failed to request enable GPIO242: -517
[    0.122293] reg-fixed-voltage regulators:regulator@14: Failed to register regulator: -517
[    0.125646] vgaarb: loaded
[    0.126507] SCSI subsystem initialized
[    0.126657] libata version 3.00 loaded.
[    0.126945] usbcore: registered new interface driver usbfs
[    0.127019] usbcore: registered new interface driver hub
[    0.127092] usbcore: registered new device driver usb
[    0.130902] pps_core: LinuxPPS API ver. 1 registered
[    0.130912] pps_core: Software ver. 5.3.6 - Copyright 2005-2007 Rodolfo Giometti <giometti@linux.it>
[    0.130935] PTP clock support registered
[    0.131140] EDAC MC: Ver: 3.0.0
[    0.134314] clocksource: Switched to clocksource arch_sys_counter
[    0.145482] NET: Registered protocol family 2
[    0.146008] TCP established hash table entries: 8192 (order: 3, 32768 bytes)
[    0.146107] TCP bind hash table entries: 8192 (order: 4, 65536 bytes)
[    0.146293] TCP: Hash tables configured (established 8192 bind 8192)
[    0.146346] UDP hash table entries: 512 (order: 2, 16384 bytes)
[    0.146387] UDP-Lite hash table entries: 512 (order: 2, 16384 bytes)
[    0.146539] NET: Registered protocol family 1
[    0.146768] RPC: Registered named UNIX socket transport module.
[    0.146777] RPC: Registered udp transport module.
[    0.146784] RPC: Registered tcp transport module.
[    0.146791] RPC: Registered tcp NFSv4.1 backchannel transport module.
[    0.146802] PCI: CLS 0 bytes, default 64
[    0.147992] hw perfevents: enabled with armv7_cortex_a15 PMU driver, 7 counters available
[    0.149520] futex hash table entries: 1024 (order: 4, 65536 bytes)
[    0.150234] workingset: timestamp_bits=28 max_order=19 bucket_order=0
[    0.161694] squashfs: version 4.0 (2009/01/31) Phillip Lougher
[    0.162549] NFS: Registering the id_resolver key type
[    0.162584] Key type id_resolver registered
[    0.162592] Key type id_legacy registered
[    0.162635] ntfs: driver 2.1.32 [Flags: R/O].
[    0.163935] bounce: pool size: 64 pages
[    0.164144] Block layer SCSI generic (bsg) driver version 0.4 loaded (major 248)
[    0.164155] io scheduler noop registered
[    0.164163] io scheduler deadline registered
[    0.164198] io scheduler cfq registered (default)
[    0.170054] usb2-0 supply vbus not found, using dummy regulator
[    0.170178] usb2-1 supply vbus not found, using dummy regulator
[    0.170578] tegra-xusb-padctl 7009f000.padctl: failed to setup XUSB ports: -517
[    0.187301] tegra-pcie 1003000.pcie-controller: 2x1, 1x1 configuration
[    0.187354] tegra-pcie 1003000.pcie-controller: Failed to get supply 'avddio-pex': -517
[    0.194750] tegra-apbdma 60020000.dma: Tegra20 APB DMA driver register 32 channels
[    0.196792] tegra-pmc 7000e400.pmc: emergency thermal reset enabled
[    0.260271] Serial: 8250/16550 driver, 4 ports, IRQ sharing disabled
[    0.263245] console [ttyS0] disabled
[    0.263281] 70006300.serial: ttyS0 at MMIO 0x70006300 (irq = 333, base_baud = 25500000) is a Tegra
[    1.114936] console [ttyS0] enabled
[    1.119427] SuperH (H)SCI(F) driver initialized
[    1.125061] msm_serial: driver initialized
[    1.129373] STMicroelectronics ASC driver initialized
[    1.135364] serial-tegra serial@70006000: failed to get alias id, errno -19
[    1.142392] serial-tegra serial@70006040: failed to get alias id, errno -19
[    1.152507] [drm] Initialized drm 1.1.0 20060810
[    1.160663] tegra-hdmi 54280000.hdmi: failed to get HDMI regulator
[    1.180237] brd: module loaded
[    1.189290] loop: module loaded
[    1.192901] at24 0-0056: 256 byte 24c02 EEPROM, writable, 8 bytes/write
[    1.201204] as3722 4-0040: AS3722 with revision 0x1 found
[    1.212363] as3722-sd2: supplied by +5V_SYS
[    1.217037] as3722-sd3: supplied by +5V_SYS
[    1.221457] +1.35V_LP0(sd3): Bringing 0uV into 1350000-1350000uV
[    1.227854] as3722-sd4: supplied by +5V_SYS
[    1.232508] as3722-sd5: supplied by +5V_SYS
[    1.238582] as3722-ldo0: supplied by +1.35V_LP0(sd2)
[    1.244674] +1.8V_RUN_CAM: Bringing 0uV into 1800000-1800000uV
[    1.250930] as3722-ldo2: supplied by +1.8V_VDDIO
[    1.256858] as3722-ldo3: supplied by +3.3V_SYS
[    1.261365] +1.05V_LP0_VDD_RTC: Bringing 1100000uV into 1000000-1000000uV
[    1.269183] as3722-ldo4: supplied by +3.3V_SYS
[    1.273855] +2.8V_RUN_CAM: Bringing 0uV into 2800000-2800000uV
[    1.280113] as3722-ldo5: supplied by +1.8V_VDDIO
[    1.284955] +1.2V_RUN_CAM_FRONT: Bringing 0uV into 1200000-1200000uV
[    1.291937] +VDDIO_SDMMC3: bypassed regulator has no supply!
[    1.297608] +VDDIO_SDMMC3: failed to get the current voltage(-517)
[    1.303798] as3722-regulator as3722-regulator: regulator 13 register failed -517
[    1.316094] tegra-ahci 70027000.sata: couldn't get PHY in node sata: -517
[    1.337939] m25p80 spi32765.0: w25q32dw (4096 Kbytes)
[    1.346506] libphy: Fixed MDIO Bus: probed
[    1.351326] CAN device driver interface
[    1.357343] igb: Intel(R) Gigabit Ethernet Network Driver - version 5.3.0-k
[    1.364310] igb: Copyright (c) 2007-2014 Intel Corporation.
[    1.373415] pegasus: v0.9.3 (2013/04/25), Pegasus/Pegasus II USB Ethernet driver
[    1.380872] usbcore: registered new interface driver pegasus
[    1.386599] usbcore: registered new interface driver asix
[    1.392049] usbcore: registered new interface driver ax88179_178a
[    1.398192] usbcore: registered new interface driver cdc_ether
[    1.404092] usbcore: registered new interface driver smsc75xx
[    1.409912] usbcore: registered new interface driver smsc95xx
[    1.415708] usbcore: registered new interface driver net1080
[    1.421416] usbcore: registered new interface driver cdc_subset
[    1.427385] usbcore: registered new interface driver zaurus
[    1.433035] usbcore: registered new interface driver cdc_ncm
[    1.438962] tegra-phy 7d004000.usb-phy: no vbus regulator
[    1.446632] ehci_hcd: USB 2.0 'Enhanced' Host Controller (EHCI) Driver
[    1.453168] ehci-pci: EHCI PCI platform driver
[    1.457665] ehci-platform: EHCI generic platform driver
[    1.463134] ehci-omap: OMAP-EHCI Host Controller driver
[    1.468521] ehci-orion: EHCI orion driver
[    1.472695] SPEAr-ehci: EHCI SPEAr driver
[    1.476874] ehci-st: EHCI STMicroelectronics driver
[    1.481920] ehci-exynos: EHCI EXYNOS driver
[    1.486290] ehci-atmel: EHCI Atmel driver
[    1.490467] tegra-ehci: Tegra EHCI driver
[    1.494735] ------------[ cut here ]------------
[    1.499375] WARNING: CPU: 1 PID: 1 at drivers/reset/core.c:187 __of_reset_control_get+0x1bc/0x228
[    1.508244] Modules linked in:
[    1.511323] CPU: 1 PID: 1 Comm: swapper/0 Not tainted 4.6.0-next-20160520-95196-g89949ab #1
[    1.519660] Hardware name: NVIDIA Tegra SoC (Flattened Device Tree)
[    1.525938] [<c030f9d0>] (unwind_backtrace) from [<c030b0c8>] (show_stack+0x10/0x14)
[    1.533679] [<c030b0c8>] (show_stack) from [<c05864a8>] (dump_stack+0x84/0xa4)
[    1.540900] [<c05864a8>] (dump_stack) from [<c0341b88>] (__warn+0xd4/0x100)
[    1.547857] [<c0341b88>] (__warn) from [<c0341bd4>] (warn_slowpath_null+0x20/0x28)
[    1.555420] [<c0341bd4>] (warn_slowpath_null) from [<c06a0974>] (__of_reset_control_get+0x1bc/0x228)
[    1.564546] [<c06a0974>] (__of_reset_control_get) from [<c0912314>] (tegra_ehci_probe+0x2d0/0x51c)
[    1.573498] [<c0912314>] (tegra_ehci_probe) from [<c07794a4>] (platform_drv_probe+0x50/0xb0)
[    1.581931] [<c07794a4>] (platform_drv_probe) from [<c0777e08>] (driver_probe_device+0x1f4/0x2b0)
[    1.590794] [<c0777e08>] (driver_probe_device) from [<c0777f70>] (__driver_attach+0xac/0xb0)
[    1.599224] [<c0777f70>] (__driver_attach) from [<c077641c>] (bus_for_each_dev+0x54/0x88)
[    1.607393] [<c077641c>] (bus_for_each_dev) from [<c07773fc>] (bus_add_driver+0xe8/0x1f4)
[    1.615563] [<c07773fc>] (bus_add_driver) from [<c077878c>] (driver_register+0x78/0xf4)
[    1.623559] [<c077878c>] (driver_register) from [<c0301e7c>] (do_one_initcall+0x3c/0x16c)
[    1.631729] [<c0301e7c>] (do_one_initcall) from [<c1100d80>] (kernel_init_freeable+0x120/0x1ec)
[    1.640423] [<c1100d80>] (kernel_init_freeable) from [<c0b5b960>] (kernel_init+0x8/0x118)
[    1.648595] [<c0b5b960>] (kernel_init) from [<c0307fb8>] (ret_from_fork+0x14/0x3c)
[    1.656185] ---[ end trace 116a915489cc51bd ]---
[    1.660814] tegra-ehci 7d004000.usb: can't get utmi-pads reset from the PHY
[    1.667779] tegra-ehci 7d004000.usb: continuing, but please update your DT
[    1.674756] tegra-ehci 7d004000.usb: EHCI Host Controller
[    1.680185] tegra-ehci 7d004000.usb: new USB bus registered, assigned bus number 1
[    1.687936] tegra-ehci 7d004000.usb: irq 352, io mem 0x7d004000
[    1.699337] tegra-ehci 7d004000.usb: USB 2.0 started, EHCI 1.10
[    1.706089] hub 1-0:1.0: USB hub found
[    1.709899] hub 1-0:1.0: 1 port detected
[    1.714472] ohci_hcd: USB 1.1 'Open' Host Controller (OHCI) Driver
[    1.720672] ohci-pci: OHCI PCI platform driver
[    1.725181] ohci-platform: OHCI generic platform driver
[    1.730602] ohci-omap3: OHCI OMAP3 driver
[    1.734776] SPEAr-ohci: OHCI SPEAr driver
[    1.738936] ohci-st: OHCI STMicroelectronics driver
[    1.743979] ohci-atmel: OHCI Atmel driver
[    1.748828] usbcore: registered new interface driver usb-storage
[    1.756589] mousedev: PS/2 mouse device common for all mice
[    1.765476] as3722-rtc as3722-rtc: rtc core: registered as3722-rtc as rtc0
[    1.772369] as3722-rtc as3722-rtc: RTC interrupt 375
[    1.780774] tegra_rtc 7000e000.rtc: rtc core: registered 7000e000.rtc as rtc1
[    1.787967] tegra_rtc 7000e000.rtc: Tegra internal Real Time Clock
[    1.794774] i2c /dev entries driver
[    1.805312] 0-004c supply vcc not found, using dummy regulator
[    1.820988] sdhci: Secure Digital Host Controller Interface driver
[    1.827180] sdhci: Copyright(c) Pierre Ossman
[    1.833251] Synopsys Designware Multimedia Card Interface Driver
[    1.840485] sdhci-pltfm: SDHCI platform and OF driver helper
[    1.846978] sdhci-tegra 700b0400.sdhci: Got CD GPIO
[    1.851883] sdhci-tegra 700b0400.sdhci: Got WP GPIO
[    1.856828] mmc0: Unknown controller version (3). You may experience problems.
[    1.864340] mmc0: Unknown controller version (3). You may experience problems.
[    1.871621] mmc0: Invalid maximum block size, assuming 512 bytes
[    1.909339] mmc0: SDHCI controller on 700b0600.sdhci [700b0600.sdhci] using ADMA 64-bit
[    1.919085] ledtrig-cpu: registered to indicate activity on CPUs
[    1.925436] usbcore: registered new interface driver usbhid
[    1.931019] usbhid: USB HID core driver
[    1.939457] tegra124-dfll 70110000.clock: couldn't get vdd_cpu regulator
[    1.951107] NET: Registered protocol family 10
[    1.956255] sit: IPv6 over IPv4 tunneling driver
[    1.961565] NET: Registered protocol family 17
[    1.966052] can: controller area network core (rev 20120528 abi 9)
[    1.972323] NET: Registered protocol family 29
[    1.976786] can: raw protocol (rev 20120528)
[    1.981075] can: broadcast manager protocol (rev 20120528 t)
[    1.986755] can: netlink gateway (rev 20130117) max_hops=1
[    1.992648] Key type dns_resolver registered
[    1.997577] ThumbEE CPU extension supported.
[    2.001877] Registering SWP/SWPB emulation handler
[    2.012055] +3.3V_RUN: supplied by +3.3V_SYS
[    2.017702] +3.3V_AVDD_HDMI_AP_GATED: supplied by +3.3V_RUN
[    2.023828] +USB0_VBUS_SW: supplied by +5V_SYS
[    2.028967] +5V_USB_HS: supplied by +5V_SYS
[    2.034187] +3.3V_LP0: supplied by +3.3V_SYS
[    2.040206] +5V_HDMI_CON: supplied by +5V_SYS
[    2.045298] +5V_SATA: supplied by +5V_SYS
[    2.050005] +12V_SATA: supplied by +VDD_MUX
[    2.056537] usb2-0 supply vbus not found, using dummy regulator
[    2.060942] mmc0: new high speed MMC card at address 0001
[    2.062066] mmcblk0: mmc0:0001 SEM16G 14.7 GiB 
[    2.063174] mmcblk0boot0: mmc0:0001 SEM16G partition 1 4.00 MiB
[    2.064276] mmcblk0boot1: mmc0:0001 SEM16G partition 2 4.00 MiB
[    2.065327] mmcblk0rpmb: mmc0:0001 SEM16G partition 3 4.00 MiB
[    2.067504]  mmcblk0: p1
[    2.092965] usb2-1 supply vbus not found, using dummy regulator
[    2.099373] usb3-0 supply vbus not found, using dummy regulator
[    2.106597] tegra-pcie 1003000.pcie-controller: 2x1, 1x1 configuration
[    2.113238] tegra-pcie 1003000.pcie-controller: Failed to get supply 'avddio-pex': -517
[    2.123083] tegra-hdmi 54280000.hdmi: failed to get PLL regulator
[    2.133986] as3722-sd2: supplied by +5V_SYS
[    2.138610] as3722-sd3: supplied by +5V_SYS
[    2.143222] as3722-sd4: supplied by +5V_SYS
[    2.147765] +1.05V_RUN_AVDD_HDMI_PLL: supplied by +1.05V_RUN
[    2.153604] as3722-sd5: supplied by +5V_SYS
[    2.159690] as3722-ldo0: supplied by +1.35V_LP0(sd2)
[    2.165770] as3722-ldo1: supplied by +3.3V_RUN
[    2.170657] as3722-ldo2: supplied by +1.8V_VDDIO
[    2.176312] as3722-ldo3: supplied by +3.3V_SYS
[    2.181648] as3722-ldo4: supplied by +3.3V_SYS
[    2.186371] as3722-ldo5: supplied by +1.8V_VDDIO
[    2.191278] as3722-ldo6: supplied by +3.3V_RUN
[    2.196004] as3722-ldo7: supplied by +1.8V_VDDIO
[    2.201371] +1.05V_RUN_CAM_REAR: Bringing 0uV into 1050000-1050000uV
[    2.208471] as3722-ldo9: supplied by +5V_SYS
[    2.213962] +3.3V_RUN_TOUCH: Bringing 0uV into 2800000-2800000uV
[    2.220555] as3722-ldo10: supplied by +5V_SYS
[    2.225448] +2.8V_RUN_CAM_AF: Bringing 0uV into 2800000-2800000uV
[    2.232112] as3722-ldo11: supplied by +3.3V_RUN
[    2.237177] +1.8V_RUN_VPP_FUSE: Bringing 0uV into 1800000-1800000uV
[    2.246852] tegra-ahci 70027000.sata: AHCI 0001.0301 32 slots 2 ports 3 Gbps 0x1 impl platform mode
[    2.255916] tegra-ahci 70027000.sata: flags: 64bit ncq sntf pm led pio slum part sadm sds apst 
[    2.266505] scsi host0: tegra-ahci
[    2.271250] scsi host1: tegra-ahci
[    2.275034] ata1: SATA max UDMA/133 mmio [mem 0x70027000-0x70028fff] port 0x100 irq 343
[    2.283046] ata2: DUMMY
[    2.288222] tegra-ehci 7d008000.usb: EHCI Host Controller
[    2.293662] tegra-ehci 7d008000.usb: new USB bus registered, assigned bus number 2
[    2.301514] tegra-ehci 7d008000.usb: irq 353, io mem 0x7d008000
[    2.314435] tegra-ehci 7d008000.usb: USB 2.0 started, EHCI 1.10
[    2.321544] hub 2-0:1.0: USB hub found
[    2.325406] hub 2-0:1.0: 1 port detected
[    2.331943] sdhci-tegra 700b0400.sdhci: Got CD GPIO
[    2.336893] sdhci-tegra 700b0400.sdhci: Got WP GPIO
[    2.341885] mmc1: Unknown controller version (3). You may experience problems.
[    2.349419] mmc1: Invalid maximum block size, assuming 512 bytes
[    2.389866] mmc1: SDHCI controller on 700b0400.sdhci [700b0400.sdhci] using ADMA 64-bit
[    2.402458] tegra-pcie 1003000.pcie-controller: 2x1, 1x1 configuration
[    2.411214] tegra-pcie 1003000.pcie-controller: probing port 0, using 2 lanes
[    2.419560] tegra-pcie 1003000.pcie-controller: Slot present pin change, signature: 00000008
[    2.444888] tegra-pcie 1003000.pcie-controller: probing port 1, using 1 lanes
[    2.454119] tegra-pcie 1003000.pcie-controller: Slot present pin change, signature: 00000000
[    2.468945] tegra-pcie 1003000.pcie-controller: PCI host bridge to bus 0000:00
[    2.476209] pci_bus 0000:00: root bus resource [io  0x0000-0xffff]
[    2.482403] pci_bus 0000:00: root bus resource [mem 0x13000000-0x1fffffff]
[    2.489333] pci_bus 0000:00: root bus resource [mem 0x20000000-0x3fffffff pref]
[    2.496682] pci_bus 0000:00: root bus resource [bus 00-ff]
[    2.502244] pci 0000:00:01.0: [10de:0e12] type 01 class 0x060400
[    2.508409] pci 0000:00:01.0: PME# supported from D0 D1 D2 D3hot D3cold
[    2.515411] pci 0000:00:02.0: [10de:0e13] type 01 class 0x060400
[    2.521583] pci 0000:00:02.0: PME# supported from D0 D1 D2 D3hot D3cold
[    2.528603] PCI: bus0: Fast back to back transfers disabled
[    2.534218] pci 0000:00:01.0: bridge configuration invalid ([bus 00-00]), reconfiguring
[    2.542268] pci 0000:00:02.0: bridge configuration invalid ([bus 00-00]), reconfiguring
[    2.550566] pci 0000:01:00.0: [8086:4232] type 00 class 0x028000
[    2.556654] pci 0000:01:00.0: reg 0x10: [mem 0x00000000-0x00001fff 64bit]
[    2.563695] pci 0000:01:00.0: PME# supported from D0 D3hot D3cold
[    2.579470] PCI: bus1: Fast back to back transfers disabled
[    2.585106] pci_bus 0000:01: busn_res: [bus 01-ff] end is updated to 01
[    2.592033] pci 0000:02:00.0: [10ec:8168] type 00 class 0x020000
[    2.598108] pci 0000:02:00.0: reg 0x10: [io  0x0000-0x00ff]
[    2.603755] pci 0000:02:00.0: reg 0x18: [mem 0x00000000-0x00000fff 64bit]
[    2.608063] ata1: SATA link down (SStatus 0 SControl 300)
[    2.616041] pci 0000:02:00.0: reg 0x20: [mem 0x00000000-0x00003fff 64bit pref]
[    2.623470] pci 0000:02:00.0: supports D1 D2
[    2.627782] pci 0000:02:00.0: PME# supported from D0 D1 D2 D3hot D3cold
[    2.644463] PCI: bus2: Fast back to back transfers disabled
[    2.650069] pci_bus 0000:02: busn_res: [bus 02-ff] end is updated to 02
[    2.656861] pci 0000:00:01.0: BAR 8: assigned [mem 0x13000000-0x130fffff]
[    2.663687] pci 0000:00:02.0: BAR 8: assigned [mem 0x13100000-0x131fffff]
[    2.670493] pci 0000:00:02.0: BAR 9: assigned [mem 0x20000000-0x200fffff 64bit pref]
[    2.678281] pci 0000:00:02.0: BAR 7: assigned [io  0x1000-0x1fff]
[    2.684430] pci 0000:01:00.0: BAR 0: assigned [mem 0x13000000-0x13001fff 64bit]
[    2.691811] pci 0000:00:01.0: PCI bridge to [bus 01]
[    2.696834] pci 0000:00:01.0:   bridge window [mem 0x13000000-0x130fffff]
[    2.703686] pci 0000:02:00.0: BAR 4: assigned [mem 0x20000000-0x20003fff 64bit pref]
[    2.711498] pci 0000:02:00.0: BAR 2: assigned [mem 0x13100000-0x13100fff 64bit]
[    2.718874] pci 0000:02:00.0: BAR 0: assigned [io  0x1000-0x10ff]
[    2.725023] pci 0000:00:02.0: PCI bridge to [bus 02]
[    2.730034] pci 0000:00:02.0:   bridge window [io  0x1000-0x1fff]
[    2.736181] pci 0000:00:02.0:   bridge window [mem 0x13100000-0x131fffff]
[    2.743016] pci 0000:00:02.0:   bridge window [mem 0x20000000-0x200fffff 64bit pref]
[    2.750843] pci 0000:00:01.0: nv_msi_ht_cap_quirk didn't locate host bridge
[    2.757974] pcieport 0000:00:01.0: enabling device (0140 -> 0142)
[    2.764415] pcieport 0000:00:01.0: Signaling PME through PCIe PME interrupt
[    2.771421] pci 0000:01:00.0: Signaling PME through PCIe PME interrupt
[    2.777999] pcie_pme 0000:00:01.0:pcie001: service driver pcie_pme loaded
[    2.784933] pci 0000:00:02.0: nv_msi_ht_cap_quirk didn't locate host bridge
[    2.792058] pcieport 0000:00:02.0: enabling device (0140 -> 0143)
[    2.798473] pcieport 0000:00:02.0: Signaling PME through PCIe PME interrupt
[    2.805476] pci 0000:02:00.0: Signaling PME through PCIe PME interrupt
[    2.812051] pcie_pme 0000:00:02.0:pcie001: service driver pcie_pme loaded
[    2.819202] r8169 Gigabit Ethernet driver 2.3LK-NAPI loaded
[    2.824840] r8169 0000:02:00.0: enabling device (0140 -> 0143)
[    2.841029] r8169 0000:02:00.0 eth0: RTL8168g/8111g at 0xf0a52000, 00:04:4b:3a:d9:81, XID 0c000800 IRQ 393
[    2.850727] r8169 0000:02:00.0 eth0: jumbo features [frames: 9200 bytes, tx checksumming: ko]
[    2.863255] [drm] Supports vblank timestamp caching Rev 2 (21.10.2013).
[    2.869922] [drm] No driver support for vblank timestamp query.
[    2.880038] mmc1: new high speed SDHC card at address aaaa
[    2.886702] mmcblk1: mmc1:aaaa SD04G 3.69 GiB 
[    2.902224]  mmcblk1: p1 p2 p3
[    2.992088] tegra-hdmi 54280000.hdmi: cannot set audio to 44100 at 297000000 pclk
[    3.162127] Console: switching to colour frame buffer device 512x135
[    3.256919] drm drm: fb0:  frame buffer device
[    3.274455] [drm] Initialized tegra 0.0.0 20120330 on minor 0
[    3.281765] of: dev_pm_opp_of_cpumask_add_table: couldn't find opp table for cpu:0, -19
[    3.289814] cpufreq: cpufreq_online: CPU0: Running at unlisted freq: 696000 KHz
[    3.297141] cpufreq: cpufreq_online: CPU0: Unlisted initial frequency changed to: 714000 KHz
[    3.305739] cpu cpu1: cpufreq_init: failed to get clk: -2
[    3.311219] cpu cpu2: cpufreq_init: failed to get clk: -2
[    3.316694] cpu cpu3: cpufreq_init: failed to get clk: -2
[    3.324700] input: gpio-keys as /devices/soc0/gpio-keys/input/input0
[    3.334113] as3722-rtc as3722-rtc: setting system clock to 2000-01-01 00:00:40 UTC (946684840)
[    3.374093] +USB0_VBUS_SW: disabling
[    3.377797] +1.8V_RUN_CAM: disabling
[    3.382546] +2.8V_RUN_CAM: disabling
[    3.387165] +1.2V_RUN_CAM_FRONT: disabling
[    3.392353] +1.05V_RUN_CAM_REAR: disabling
[    3.397493] +3.3V_RUN_TOUCH: disabling
[    3.401556] +2.8V_RUN_CAM_AF: disabling
[    3.406376] +1.8V_RUN_VPP_FUSE: disabling
[    3.415718] EXT4-fs (mmcblk0p1): mounting ext3 file system using the ext4 subsystem
[    3.449680] EXT4-fs (mmcblk0p1): recovery complete
[    3.454617] EXT4-fs (mmcblk0p1): mounted filesystem with ordered data mode. Opts: (null)
[    3.462840] VFS: Mounted root (ext3 filesystem) on device 179:1.
[    3.475904] devtmpfs: mounted
[    3.484613] Freeing unused kernel memory: 2048K (c1100000 - c1300000)
bash: cannot set terminal process group (-1): Inappropriate ioctl for device
bash: no job control in this shell
root@(none):/# mount -t sysfs none /sys
root@(none):/# 
root@(none):/# mount -t debugfs none /sys/kernel/debug
root@(none):/# 
root@(none):/# rtcwake -d rtc1 -m mem -s 3
rtcwake: assuming RTC uses UTC ...
rtcwake: wakeup from "mem" using /dev/rtc1 at Thu Jan  1 00:00:19 1970
[    6.489177] PM: Syncing filesystems ... done.
[    6.753352] Freezing user space processes ... (elapsed 0.001 seconds) done.
[    6.762123] Freezing remaining freezable tasks ... (elapsed 0.001 seconds) done.
[    6.771296] Suspending console(s) (use no_console_suspend to debug)
[    6.866400] PM: suspend of devices complete after 86.121 msecs
[    6.871498] PM: late suspend of devices complete after 5.074 msecs
[    6.887895] PM: noirq suspend of devices complete after 16.377 msecs
[    6.887902] Disabling non-boot CPUs ...
[    6.889501] CPU1: shutdown
[    6.913885] IRQ17 no longer affine to CPU2
[    6.914649] CPU2: shutdown
[    6.934189] CPU3: shutdown
[    6.951804] Entering suspend state LP1
[    6.951819] Enabling non-boot CPUs ...
[    6.975112] cpu cpu1: cpufreq_init: failed to get clk: -2
[    6.975210] CPU1 is up
[    7.000178] cpu cpu2: cpufreq_init: failed to get clk: -2
[    7.000277] CPU2 is up
[    7.025304] cpu cpu3: cpufreq_init: failed to get clk: -2
[    7.025414] CPU3 is up
[    7.026155] pcieport 0000:00:01.0: nv_msi_ht_cap_quirk didn't locate host bridge
[    7.026157] pcieport 0000:00:02.0: nv_msi_ht_cap_quirk didn't locate host bridge
[    7.039407] PM: noirq resume of devices complete after 13.987 msecs
[    7.040736] PM: early resume of devices complete after 0.992 msecs
[    7.044754] tegra-hdmi 54280000.hdmi: cannot set audio to 44100 at 297000000 pclk
[    7.124679] PM: resume of devices complete after 83.930 msecs
[    7.231326] Restarting tasks ... done.
root@(none):/# 
root@(none):/# [    7.357132] ata1: SATA link down (SStatus 0 SControl 300)
rtcwake -d rtc1 -m mem -s 3
rtcwake: assuming RTC uses UTC ...
rtcwake: wakeup from "mem" using /dev/rtc1 at Thu Jan  1 00:00:24 1970
[    8.466692] PM: Syncing filesystems ... done.
[    8.658881] Freezing user space processes ... (elapsed 0.001 seconds) done.
[    8.667503] Freezing remaining freezable tasks ... (elapsed 0.001 seconds) done.
[    8.676714] Suspending console(s) (use no_console_suspend to debug)
[    8.792146] PM: suspend of devices complete after 106.495 msecs
[    8.798859] PM: late suspend of devices complete after 6.686 msecs
[    8.817745] PM: noirq suspend of devices complete after 18.867 msecs
[    8.817753] Disabling non-boot CPUs ...
[    8.819362] CPU1: shutdown
[    8.844692] CPU2: shutdown
[    8.863114] IRQ17 no longer affine to CPU3
[    8.863821] CPU3: shutdown
[    8.881731] Entering suspend state LP1
[    8.881745] Enabling non-boot CPUs ...
[    8.905081] cpu cpu1: cpufreq_init: failed to get clk: -2
[    8.905178] CPU1 is up
[    8.930136] cpu cpu2: cpufreq_init: failed to get clk: -2
[    8.930232] CPU2 is up
[    8.955275] cpu cpu3: cpufreq_init: failed to get clk: -2
[    8.955384] CPU3 is up
[    8.956134] pcieport 0000:00:02.0: nv_msi_ht_cap_quirk didn't locate host bridge
[    8.956136] pcieport 0000:00:01.0: nv_msi_ht_cap_quirk didn't locate host bridge
[    8.969377] PM: noirq resume of devices complete after 13.987 msecs
[    8.971345] PM: early resume of devices complete after 1.628 msecs
[    8.974103] tegra-hdmi 54280000.hdmi: cannot set audio to 44100 at 297000000 pclk
[    9.054011] PM: resume of devices complete after 82.655 msecs
[    9.160453] Restarting tasks ... done.
root@(none):/# 
root@(none):/# [    9.286939] ata1: SATA link down (SStatus 0 SControl 300)
rtcwake -d rtc1 -m mem -s 3
rtcwake: assuming RTC uses UTC ...
rtcwake: wakeup from "mem" using /dev/rtc1 at Thu Jan  1 00:00:29 1970
[   10.394357] PM: Syncing filesystems ... done.
[   10.610610] Freezing user space processes ... (elapsed 0.001 seconds) done.
[   10.619228] Freezing remaining freezable tasks ... (elapsed 0.001 seconds) done.
[   10.628426] Suspending console(s) (use no_console_suspend to debug)
[   10.722122] PM: suspend of devices complete after 84.785 msecs
[   10.728192] PM: late suspend of devices complete after 6.044 msecs
[   10.742740] PM: noirq suspend of devices complete after 14.529 msecs
[   10.742748] Disabling non-boot CPUs ...
[   10.744311] CPU1: shutdown
[   10.759537] CPU2: shutdown
[   10.788010] IRQ17 no longer affine to CPU3
[   10.788718] CPU3: shutdown
[   10.806673] Entering suspend state LP1
[   10.806687] Enabling non-boot CPUs ...
[   10.830051] cpu cpu1: cpufreq_init: failed to get clk: -2
[   10.830149] CPU1 is up
[   10.855113] cpu cpu2: cpufreq_init: failed to get clk: -2
[   10.855209] CPU2 is up
[   10.880243] cpu cpu3: cpufreq_init: failed to get clk: -2
[   10.880353] CPU3 is up
[   10.881093] pcieport 0000:00:02.0: nv_msi_ht_cap_quirk didn't locate host bridge
[   10.881095] pcieport 0000:00:01.0: nv_msi_ht_cap_quirk didn't locate host bridge
[   10.894349] PM: noirq resume of devices complete after 13.990 msecs
[   10.896099] PM: early resume of devices complete after 1.432 msecs
[   10.899442] tegra-hdmi 54280000.hdmi: cannot set audio to 44100 at 297000000 pclk
[   10.980137] PM: resume of devices complete after 84.029 msecs
[   11.086513] Restarting tasks ... done.
root@(none):/# 
root@(none):/# [   11.211828] ata1: SATA link down (SStatus 0 SControl 300)
rtcwake -d rtc1 -m mem -s 3
rtcwake: assuming RTC uses UTC ...
rtcwake: wakeup from "mem" using /dev/rtc1 at Thu Jan  1 00:00:34 1970
[   12.319205] PM: Syncing filesystems ... done.
[   12.580962] Freezing user space processes ... (elapsed 0.001 seconds) done.
[   12.589915] Freezing remaining freezable tasks ... (elapsed 0.002 seconds) done.
[   12.599582] Suspending console(s) (use no_console_suspend to debug)
[   12.692841] PM: suspend of devices complete after 83.024 msecs
[   12.702667] PM: late suspend of devices complete after 9.787 msecs
[   12.719510] PM: noirq suspend of devices complete after 16.815 msecs
[   12.719521] Disabling non-boot CPUs ...
[   12.721760] CPU1: shutdown
[   12.752167] CPU2: shutdown
[   12.769955] IRQ17 no longer affine to CPU3
[   12.770981] CPU3: shutdown
[   12.797842] Entering suspend state LP1
[   12.797856] Enabling non-boot CPUs ...
[   12.820028] cpu cpu1: cpufreq_init: failed to get clk: -2
[   12.820129] CPU1 is up
[   12.845082] cpu cpu2: cpufreq_init: failed to get clk: -2
[   12.845180] CPU2 is up
[   12.870208] cpu cpu3: cpufreq_init: failed to get clk: -2
[   12.870314] CPU3 is up
[   12.871046] pcieport 0000:00:01.0: nv_msi_ht_cap_quirk didn't locate host bridge
[   12.871060] pcieport 0000:00:02.0: nv_msi_ht_cap_quirk didn't locate host bridge
[   12.884319] PM: noirq resume of devices complete after 13.999 msecs
[   12.886204] PM: early resume of devices complete after 1.561 msecs
[   12.888903] tegra-hdmi 54280000.hdmi: cannot set audio to 44100 at 297000000 pclk
[   12.968802] PM: resume of devices complete after 82.588 msecs
[   13.075485] Restarting tasks ... done.
root@(none):/# 
root@(none):/# [   13.202012] ata1: SATA link down (SStatus 0 SControl 300)
rtcwake -d rtc1 -m mem -s 3
rtcwake: assuming RTC uses UTC ...
rtcwake: wakeup from "mem" using /dev/rtc1 at Thu Jan  1 00:00:39 1970
[   14.310005] PM: Syncing filesystems ... done.
[   14.554053] Freezing user space processes ... (elapsed 0.001 seconds) done.
[   14.562679] Freezing remaining freezable tasks ... (elapsed 0.001 seconds) done.
[   14.572003] Suspending console(s) (use no_console_suspend to debug)
[   14.677413] PM: suspend of devices complete after 96.504 msecs
[   14.684079] PM: late suspend of devices complete after 6.638 msecs
[   14.702672] PM: noirq suspend of devices complete after 18.573 msecs
[   14.702680] Disabling non-boot CPUs ...
[   14.704249] CPU1: shutdown
[   14.729598] CPU2: shutdown
[   14.748029] IRQ17 no longer affine to CPU3
[   14.748740] CPU3: shutdown
[   14.766641] Entering suspend state LP1
[   14.766655] Enabling non-boot CPUs ...
[   14.790009] cpu cpu1: cpufreq_init: failed to get clk: -2
[   14.790107] CPU1 is up
[   14.815058] cpu cpu2: cpufreq_init: failed to get clk: -2
[   14.815153] CPU2 is up
[   14.840188] cpu cpu3: cpufreq_init: failed to get clk: -2
[   14.840298] CPU3 is up
[   14.841057] pcieport 0000:00:02.0: nv_msi_ht_cap_quirk didn't locate host bridge
[   14.841059] pcieport 0000:00:01.0: nv_msi_ht_cap_quirk didn't locate host bridge
[   14.854290] PM: noirq resume of devices complete after 13.987 msecs
[   14.856340] PM: early resume of devices complete after 1.713 msecs
[   14.859307] tegra-hdmi 54280000.hdmi: cannot set audio to 44100 at 297000000 pclk
[   14.938336] PM: resume of devices complete after 81.987 msecs
[   15.044691] Restarting tasks ... done.
root@(none):/# 
root@(none):/# [   15.171693] ata1: SATA link down (SStatus 0 SControl 300)
rtcwake -d rtc1 -m mem -s 3
rtcwake: assuming RTC uses UTC ...
rtcwake: wakeup from "mem" using /dev/rtc1 at Thu Jan  1 00:00:44 1970
[   16.281409] PM: Syncing filesystems ... done.
[   16.536731] Freezing user space processes ... (elapsed 0.001 seconds) done.
[   16.545684] Freezing remaining freezable tasks ... (elapsed 0.001 seconds) done.
[   16.555197] Suspending console(s) (use no_console_suspend to debug)
[   16.653291] PM: suspend of devices complete after 87.954 msecs
[   16.663310] PM: late suspend of devices complete after 9.981 msecs
[   16.684415] PM: noirq suspend of devices complete after 21.076 msecs
[   16.684425] Disabling non-boot CPUs ...
[   16.686666] CPU1: shutdown
[   16.717057] CPU2: shutdown
[   16.735921] CPU3: shutdown
[   16.762742] Entering suspend state LP1
[   16.762756] Enabling non-boot CPUs ...
[   16.784964] cpu cpu1: cpufreq_init: failed to get clk: -2
[   16.785062] CPU1 is up
[   16.810020] cpu cpu2: cpufreq_init: failed to get clk: -2
[   16.810116] CPU2 is up
[   16.835149] cpu cpu3: cpufreq_init: failed to get clk: -2
[   16.835257] CPU3 is up
[   16.835947] pcieport 0000:00:02.0: nv_msi_ht_cap_quirk didn't locate host bridge
[   16.836057] pcieport 0000:00:01.0: nv_msi_ht_cap_quirk didn't locate host bridge
[   16.849258] PM: noirq resume of devices complete after 13.995 msecs
[   16.851016] PM: early resume of devices complete after 1.445 msecs
[   16.853666] tegra-hdmi 54280000.hdmi: cannot set audio to 44100 at 297000000 pclk
[   16.933469] PM: resume of devices complete after 82.443 msecs
[   17.035776] Restarting tasks ... done.
root@(none):/# 
root@(none):/# [   17.166646] ata1: SATA link down (SStatus 0 SControl 300)
rtcwake -d rtc1 -m mem -s 3
rtcwake: assuming RTC uses UTC ...
rtcwake: wakeup from "mem" using /dev/rtc1 at Thu Jan  1 00:00:49 1970
[   18.282509] PM: Syncing filesystems ... done.
[   18.543294] Freezing user space processes ... (elapsed 0.001 seconds) done.
[   18.552260] Freezing remaining freezable tasks ... (elapsed 0.001 seconds) done.
[   18.561795] Suspending console(s) (use no_console_suspend to debug)
[   18.692683] PM: suspend of devices complete after 120.531 msecs
[   18.700254] PM: late suspend of devices complete after 7.535 msecs
[   18.719658] PM: noirq suspend of devices complete after 19.370 msecs
[   18.719668] Disabling non-boot CPUs ...
[   18.721879] CPU1: shutdown
[   18.747129] CPU2: shutdown
[   18.764767] IRQ17 no longer affine to CPU3
[   18.765792] CPU3: shutdown
[   18.792746] Entering suspend state LP1
[   18.792761] Enabling non-boot CPUs ...
[   18.814937] cpu cpu1: cpufreq_init: failed to get clk: -2
[   18.815033] CPU1 is up
[   18.839993] cpu cpu2: cpufreq_init: failed to get clk: -2
[   18.840090] CPU2 is up
[   18.865125] cpu cpu3: cpufreq_init: failed to get clk: -2
[   18.865232] CPU3 is up
[   18.865967] pcieport 0000:00:02.0: nv_msi_ht_cap_quirk didn't locate host bridge
[   18.865969] pcieport 0000:00:01.0: nv_msi_ht_cap_quirk didn't locate host bridge
[   18.879226] PM: noirq resume of devices complete after 13.989 msecs
[   18.881131] PM: early resume of devices complete after 1.587 msecs
[   18.883720] tegra-hdmi 54280000.hdmi: cannot set audio to 44100 at 297000000 pclk
[   18.964389] PM: resume of devices complete after 83.249 msecs
[   19.070858] Restarting tasks ... done.
root@(none):/# 
root@(none):/# [   19.196571] ata1: SATA link down (SStatus 0 SControl 300)
rtcwake -d rtc1 -m mem -s 3
rtcwake: assuming RTC uses UTC ...
rtcwake: wakeup from "mem" using /dev/rtc1 at Thu Jan  1 00:00:54 1970
[   20.313010] PM: Syncing filesystems ... done.
[   20.574590] Freezing user space processes ... (elapsed 0.001 seconds) done.
[   20.583524] Freezing remaining freezable tasks ... (elapsed 0.001 seconds) done.
[   20.593026] Suspending console(s) (use no_console_suspend to debug)
[   20.722423] PM: suspend of devices complete after 119.054 msecs
[   20.731445] PM: late suspend of devices complete after 8.983 msecs
[   20.749361] PM: noirq suspend of devices complete after 17.889 msecs
[   20.749371] Disabling non-boot CPUs ...
[   20.751579] CPU1: shutdown
[   20.781979] CPU2: shutdown
[   20.804906] IRQ17 no longer affine to CPU3
[   20.805932] CPU3: shutdown
[   20.832661] Entering suspend state LP1
[   20.832676] Enabling non-boot CPUs ...
[   20.854893] cpu cpu1: cpufreq_init: failed to get clk: -2
[   20.854991] CPU1 is up
[   20.879953] cpu cpu2: cpufreq_init: failed to get clk: -2
[   20.880050] CPU2 is up
[   20.905079] cpu cpu3: cpufreq_init: failed to get clk: -2
[   20.905187] CPU3 is up
[   20.905953] pcieport 0000:00:02.0: nv_msi_ht_cap_quirk didn't locate host bridge
[   20.905956] pcieport 0000:00:01.0: nv_msi_ht_cap_quirk didn't locate host bridge
[   20.919194] PM: noirq resume of devices complete after 14.002 msecs
[   20.921069] PM: early resume of devices complete after 1.551 msecs
[   20.923820] tegra-hdmi 54280000.hdmi: cannot set audio to 44100 at 297000000 pclk
[   21.004587] PM: resume of devices complete after 83.509 msecs
[   21.111033] Restarting tasks ... done.
root@(none):/# 
root@(none):/# [   21.236563] ata1: SATA link down (SStatus 0 SControl 300)
rtcwake -d rtc1 -m mem -s 3
rtcwake: assuming RTC uses UTC ...
rtcwake: wakeup from "mem" using /dev/rtc1 at Thu Jan  1 00:00:59 1970
[   22.357485] PM: Syncing filesystems ... done.
[   22.620003] Freezing user space processes ... (elapsed 0.001 seconds) done.
[   22.628943] Freezing remaining freezable tasks ... (elapsed 0.001 seconds) done.
[   22.638479] Suspending console(s) (use no_console_suspend to debug)
[   22.757495] PM: suspend of devices complete after 108.779 msecs
[   22.767976] PM: late suspend of devices complete after 10.442 msecs
[   22.789349] PM: noirq suspend of devices complete after 21.344 msecs
[   22.789359] Disabling non-boot CPUs ...
[   22.791604] CPU1: shutdown
[   22.821885] CPU2: shutdown
[   22.839733] IRQ17 no longer affine to CPU3
[   22.840762] CPU3: shutdown
[   22.867641] Entering suspend state LP1
[   22.867656] Enabling non-boot CPUs ...
[   22.889866] cpu cpu1: cpufreq_init: failed to get clk: -2
[   22.889963] CPU1 is up
[   22.914924] cpu cpu2: cpufreq_init: failed to get clk: -2
[   22.915022] CPU2 is up
[   22.940050] cpu cpu3: cpufreq_init: failed to get clk: -2
[   22.940157] CPU3 is up
[   22.940900] pcieport 0000:00:02.0: nv_msi_ht_cap_quirk didn't locate host bridge
[   22.940902] pcieport 0000:00:01.0: nv_msi_ht_cap_quirk didn't locate host bridge
[   22.954162] PM: noirq resume of devices complete after 13.999 msecs
[   22.956226] PM: early resume of devices complete after 1.728 msecs
[   22.958815] tegra-hdmi 54280000.hdmi: cannot set audio to 44100 at 297000000 pclk
[   23.039280] PM: resume of devices complete after 83.045 msecs
[   23.145812] Restarting tasks ... done.
root@(none):/# 
root@(none):/# [   23.271577] ata1: SATA link down (SStatus 0 SControl 300)
rtcwake -d rtc1 -m mem -s 3
rtcwake: assuming RTC uses UTC ...
rtcwake: wakeup from "mem" using /dev/rtc1 at Thu Jan  1 00:01:04 1970
[   24.385569] PM: Syncing filesystems ... done.
[   24.646478] Freezing user space processes ... (elapsed 0.001 seconds) done.
[   24.655464] Freezing remaining freezable tasks ... (elapsed 0.001 seconds) done.
[   24.665012] Suspending console(s) (use no_console_suspend to debug)
[   24.792353] PM: suspend of devices complete after 116.968 msecs
[   24.799802] PM: late suspend of devices complete after 7.414 msecs
[   24.819570] PM: noirq suspend of devices complete after 19.734 msecs
[   24.819581] Disabling non-boot CPUs ...
[   24.821810] CPU1: shutdown
[   24.850899] IRQ17 no longer affine to CPU2
[   24.852030] CPU2: shutdown
[   24.870754] CPU3: shutdown
[   24.897613] Entering suspend state LP1
[   24.897628] Enabling non-boot CPUs ...
[   24.919824] cpu cpu1: cpufreq_init: failed to get clk: -2
[   24.919921] CPU1 is up
[   24.944884] cpu cpu2: cpufreq_init: failed to get clk: -2
[   24.944980] CPU2 is up
[   24.970016] cpu cpu3: cpufreq_init: failed to get clk: -2
[   24.970122] CPU3 is up
[   24.970861] pcieport 0000:00:02.0: nv_msi_ht_cap_quirk didn't locate host bridge
[   24.970863] pcieport 0000:00:01.0: nv_msi_ht_cap_quirk didn't locate host bridge
[   24.984129] PM: noirq resume of devices complete after 14.002 msecs
[   24.986034] PM: early resume of devices complete after 1.588 msecs
[   24.988742] tegra-hdmi 54280000.hdmi: cannot set audio to 44100 at 297000000 pclk
[   25.068633] PM: resume of devices complete after 82.591 msecs
[   25.175076] Restarting tasks ... done.
root@(none):/# 
root@(none):/# [   25.301483] ata1: SATA link down (SStatus 0 SControl 300)
NVTB SYSTEM SUSPEND TEST COMPLETE
