
U-Boot SPL 2016.05-rc2 (Apr 21 2016 - 16:23:00)
Trying to boot from RAM


U-Boot 2016.05-rc2 (Apr 21 2016 - 16:23:00 -0700)

TEGRA124
Model: NVIDIA Jetson TK1
Board: NVIDIA Jetson TK1
DRAM:  2 GiB
MC:   Tegra SD/MMC: 0, Tegra SD/MMC: 1
In:    serial
Out:   serial
Err:   serial
Net:   No ethernet found.
Hit any key to stop autoboot:  2  0 
Tegra124 (Jetson TK1) # 
Tegra124 (Jetson TK1) # pci enum
Tegra124 (Jetson TK1) # setenv bootargs 'ignore_loglevel console=ttyS0,115200n8 rw root=PARTUUID=b1791faa-84e8-4e27-83a1-9fb0a77e8803 rootwait gpt debug noinitrd earlyprintk init=/bin/bash'
Tegra124 (Jetson TK1) # setenv ipaddr 192.168.100.102; setenv serverip 192.168.100.1; setenv tftpserverip 192.168.100.1
Tegra124 (Jetson TK1) # tftpboot 0x82000000 zImage.multi_v7_defconfig

Warning: eth_rtl8169 using MAC address from ROM
Using eth_rtl8169 device
TFTP from server 192.168.100.1; our IP address is 192.168.100.102
Filename 'zImage.multi_v7_defconfig'.
Load address: 0x82000000
Loading: *#################################################################
	 #################################################################
	 #################################################################
	 #################################################################
	 #################################################################
	 #################################################################
	 #################################################################
	 #################################################################
	 ##########################
	 3.9 MiB/s
done
Bytes transferred = 8009184 (7a35e0 hex)
Tegra124 (Jetson TK1) # tftpboot 0x83000000 tegra124-jetson-tk1.dtb
Using eth_rtl8169 device
TFTP from server 192.168.100.1; our IP address is 192.168.100.102
Filename 'tegra124-jetson-tk1.dtb'.
Load address: 0x83000000
Loading: *#####
	 3.8 MiB/s
done
Bytes transferred = 67161 (10659 hex)
Tegra124 (Jetson TK1) # bootz 0x82000000 - 0x83000000
Kernel image @ 0x82000000 [ 0x000000 - 0x7a35e0 ]
## Flattened Device Tree blob at 83000000
   Booting using the fdt blob at 0x83000000
   Using Device Tree in place at 83000000, end 83013658

Starting kernel ...

[    0.000000] Booting Linux on physical CPU 0x0
[    0.000000] Linux version 4.12.0-rc7-next-20170630-183811-ga70e9c7 (jonathanh@sellafield) (gcc version 4.7.3 20130328 (prerelease) (crosstool-NG linaro-1.13.1-4.7-2013.04-20130415 - Linaro GCC 2013.04)) #1 SMP Fri Jun 30 00:05:18 PDT 2017
[    0.000000] CPU: ARMv7 Processor [413fc0f3] revision 3 (ARMv7), cr=10c5387d
[    0.000000] CPU: div instructions available: patching division code
[    0.000000] CPU: PIPT / VIPT nonaliasing data cache, PIPT instruction cache
[    0.000000] OF: fdt: Machine model: NVIDIA Tegra124 Jetson TK1
[    0.000000] debug: ignoring loglevel setting.
[    0.000000] Memory policy: Data cache writealloc
[    0.000000] efi: Getting EFI parameters from FDT:
[    0.000000] efi: UEFI not found.
[    0.000000] cma: Reserved 64 MiB at 0xfb800000
[    0.000000] On node 0 totalpages: 524032
[    0.000000] free_area_init_node: node 0, pgdat c157e040, node_mem_map eeff8000
[    0.000000]   DMA zone: 1536 pages used for memmap
[    0.000000]   DMA zone: 0 pages reserved
[    0.000000]   DMA zone: 196608 pages, LIFO batch:31
[    0.000000]   HighMem zone: 327424 pages, LIFO batch:31
[    0.000000] percpu: Embedded 17 pages/cpu @eef81000 s39488 r8192 d21952 u69632
[    0.000000] pcpu-alloc: s39488 r8192 d21952 u69632 alloc=17*4096
[    0.000000] pcpu-alloc: [0] 0 [0] 1 [0] 2 [0] 3 
[    0.000000] Built 1 zonelists in Zone order, mobility grouping on.  Total pages: 522496
[    0.000000] Kernel command line: ignore_loglevel console=ttyS0,115200n8 rw root=PARTUUID=b1791faa-84e8-4e27-83a1-9fb0a77e8803 rootwait gpt debug noinitrd earlyprintk init=/bin/bash
[    0.000000] PID hash table entries: 4096 (order: 2, 16384 bytes)
[    0.000000] Dentry cache hash table entries: 131072 (order: 7, 524288 bytes)
[    0.000000] Inode-cache hash table entries: 65536 (order: 6, 262144 bytes)
[    0.000000] Memory: 1993432K/2096128K available (10240K kernel code, 1559K rwdata, 4448K rodata, 2048K init, 402K bss, 37160K reserved, 65536K cma-reserved, 1244160K highmem)
[    0.000000] Virtual kernel memory layout:
[    0.000000]     vector  : 0xffff0000 - 0xffff1000   (   4 kB)
[    0.000000]     fixmap  : 0xffc00000 - 0xfff00000   (3072 kB)
[    0.000000]     vmalloc : 0xf0800000 - 0xff800000   ( 240 MB)
[    0.000000]     lowmem  : 0xc0000000 - 0xf0000000   ( 768 MB)
[    0.000000]     pkmap   : 0xbfe00000 - 0xc0000000   (   2 MB)
[    0.000000]     modules : 0xbf000000 - 0xbfe00000   (  14 MB)
[    0.000000]       .text : 0xc0208000 - 0xc0d00000   (11232 kB)
[    0.000000]       .init : 0xc1200000 - 0xc1400000   (2048 kB)
[    0.000000]       .data : 0xc1400000 - 0xc1585df0   (1560 kB)
[    0.000000]        .bss : 0xc158ecec - 0xc15f357c   ( 403 kB)
[    0.000000] SLUB: HWalign=64, Order=0-3, MinObjects=0, CPUs=4, Nodes=1
[    0.000000] Hierarchical RCU implementation.
[    0.000000] 	RCU event tracing is enabled.
[    0.000000] 	RCU restricting CPUs from NR_CPUS=16 to nr_cpu_ids=4.
[    0.000000] RCU: Adjusting geometry for rcu_fanout_leaf=16, nr_cpu_ids=4
[    0.000000] NR_IRQS: 16, nr_irqs: 16, preallocated irqs: 16
[    0.000000] /interrupt-controller@60004000: 160 interrupts forwarded to /interrupt-controller@50041000
[    0.000000] Tegra clk 127: register failed with -17
[    0.000009] sched_clock: 32 bits at 1000kHz, resolution 1000ns, wraps every 2147483647500ns
[    0.000029] clocksource: timer_us: mask: 0xffffffff max_cycles: 0xffffffff, max_idle_ns: 1911260446275 ns
[    0.000045] Switching to timer-based delay loop, resolution 1000ns
[    0.005086] arch_timer: cp15 timer(s) running at 12.00MHz (virt).
[    0.005105] clocksource: arch_sys_counter: mask: 0xffffffffffffff max_cycles: 0x2c47f4ee7, max_idle_ns: 440795202497 ns
[    0.005124] sched_clock: 56 bits at 12MHz, resolution 83ns, wraps every 4398046511096ns
[    0.005138] Switching to timer-based delay loop, resolution 83ns
[    0.005628] Console: colour dummy device 80x30
[    0.005657] Calibrating delay loop (skipped), value calculated using timer frequency.. 24.00 BogoMIPS (lpj=120000)
[    0.005675] pid_max: default: 32768 minimum: 301
[    0.005764] Mount-cache hash table entries: 2048 (order: 1, 8192 bytes)
[    0.005780] Mountpoint-cache hash table entries: 2048 (order: 1, 8192 bytes)
[    0.006243] CPU: Testing write buffer coherency: ok
[    0.006491] /cpus/cpu@0 missing clock-frequency property
[    0.006536] /cpus/cpu@1 missing clock-frequency property
[    0.006579] /cpus/cpu@2 missing clock-frequency property
[    0.006624] /cpus/cpu@3 missing clock-frequency property
[    0.006638] CPU0: thread -1, cpu 0, socket 0, mpidr 80000000
[    0.006923] Setting up static identity map for 0x80300000 - 0x803000a0
[    0.008888] Hierarchical SRCU implementation.
[    0.010763] Tegra Revision: A01 SKU: 129 CPU Process: 1 SoC Process: 1
[    0.011523] EFI services will not be available.
[    0.011670] smp: Bringing up secondary CPUs ...
[    0.012141] CPU1: thread -1, cpu 1, socket 0, mpidr 80000001
[    0.015421] CPU2: thread -1, cpu 2, socket 0, mpidr 80000002
[    0.025463] CPU3: thread -1, cpu 3, socket 0, mpidr 80000003
[    0.035001] smp: Brought up 1 node, 4 CPUs
[    0.035023] SMP: Total of 4 processors activated (96.00 BogoMIPS).
[    0.035031] CPU: All CPU(s) started in SVC mode.
[    0.036535] devtmpfs: initialized
[    0.053330] VFP support v0.3: implementor 41 architecture 4 part 30 variant f rev 0
[    0.053737] clocksource: jiffies: mask: 0xffffffff max_cycles: 0xffffffff, max_idle_ns: 19112604462750000 ns
[    0.053757] futex hash table entries: 1024 (order: 4, 65536 bytes)
[    0.055237] pinctrl core: initialized pinctrl subsystem
[    0.056875] DMI not present or invalid.
[    0.057046] random: get_random_u32 called from bucket_table_alloc+0xe8/0x254 with crng_init=0
[    0.057138] NET: Registered protocol family 16
[    0.059235] DMA: preallocated 256 KiB pool for atomic coherent allocations
[    0.061696] cpuidle: using governor menu
[    0.088973] No ATAGs?
[    0.089096] hw-breakpoint: found 5 (+1 reserved) breakpoint and 4 watchpoint registers.
[    0.089112] hw-breakpoint: maximum watchpoint size is 8 bytes.
[    0.096444] Serial: AMBA PL011 UART driver
[    0.113685] AT91: Could not find identification node
[    0.114261] +5V_SYS: supplied by +VDD_MUX
[    0.114549] +3.3V_SYS: supplied by +VDD_MUX
[    0.115226] +USB0_VBUS_SW: Failed to request enable GPIO108: -517
[    0.115242] reg-fixed-voltage regulators:regulator@7: Failed to register regulator: -517
[    0.115347] +5V_USB_HS: Failed to request enable GPIO109: -517
[    0.115361] reg-fixed-voltage regulators:regulator@8: Failed to register regulator: -517
[    0.115555] +1.05V_RUN_AVDD_HDMI_PLL: Failed to request enable GPIO63: -517
[    0.115569] reg-fixed-voltage regulators:regulator@11: Failed to register regulator: -517
[    0.115669] +5V_HDMI_CON: Failed to request enable GPIO86: -517
[    0.115682] reg-fixed-voltage regulators:regulator@12: Failed to register regulator: -517
[    0.115782] +5V_SATA: Failed to request enable GPIO242: -517
[    0.115795] reg-fixed-voltage regulators:regulator@13: Failed to register regulator: -517
[    0.115895] +12V_SATA: Failed to request enable GPIO242: -517
[    0.115908] reg-fixed-voltage regulators:regulator@14: Failed to register regulator: -517
[    0.118929] vgaarb: loaded
[    0.119729] SCSI subsystem initialized
[    0.119894] libata version 3.00 loaded.
[    0.120142] usbcore: registered new interface driver usbfs
[    0.120202] usbcore: registered new interface driver hub
[    0.120263] usbcore: registered new device driver usb
[    0.123819] pps_core: LinuxPPS API ver. 1 registered
[    0.123831] pps_core: Software ver. 5.3.6 - Copyright 2005-2007 Rodolfo Giometti <giometti@linux.it>
[    0.123854] PTP clock support registered
[    0.124044] EDAC MC: Ver: 3.0.0
[    0.124371] dmi: Firmware registration failed.
[    0.127045] clocksource: Switched to clocksource arch_sys_counter
[    0.183045] NET: Registered protocol family 2
[    0.183547] TCP established hash table entries: 8192 (order: 3, 32768 bytes)
[    0.183648] TCP bind hash table entries: 8192 (order: 4, 65536 bytes)
[    0.183836] TCP: Hash tables configured (established 8192 bind 8192)
[    0.183915] UDP hash table entries: 512 (order: 2, 16384 bytes)
[    0.183959] UDP-Lite hash table entries: 512 (order: 2, 16384 bytes)
[    0.184104] NET: Registered protocol family 1
[    0.184450] RPC: Registered named UNIX socket transport module.
[    0.184461] RPC: Registered udp transport module.
[    0.184470] RPC: Registered tcp transport module.
[    0.184479] RPC: Registered tcp NFSv4.1 backchannel transport module.
[    0.184492] PCI: CLS 0 bytes, default 64
[    0.185930] hw perfevents: enabled with armv7_cortex_a15 PMU driver, 7 counters available
[    0.187765] workingset: timestamp_bits=30 max_order=19 bucket_order=0
[    0.196285] squashfs: version 4.0 (2009/01/31) Phillip Lougher
[    0.197046] NFS: Registering the id_resolver key type
[    0.197070] Key type id_resolver registered
[    0.197080] Key type id_legacy registered
[    0.197123] ntfs: driver 2.1.32 [Flags: R/O].
[    0.197791] random: fast init done
[    0.198745] bounce: pool size: 64 pages
[    0.198792] Block layer SCSI generic (bsg) driver version 0.4 loaded (major 248)
[    0.198803] io scheduler noop registered
[    0.198813] io scheduler deadline registered
[    0.198984] io scheduler cfq registered (default)
[    0.198995] io scheduler mq-deadline registered
[    0.199004] io scheduler kyber registered
[    0.202613]  usb2-0: usb2-0 supply vbus not found, using dummy regulator
[    0.202730]  usb2-1: usb2-1 supply vbus not found, using dummy regulator
[    0.203207] tegra-xusb-padctl 7009f000.padctl: failed to setup XUSB ports: -517
[    0.221916] tegra-pcie 1003000.pcie: 2x1, 1x1 configuration
[    0.221971] tegra-pcie 1003000.pcie: Failed to get supply 'avddio-pex': -517
[    0.228140] tegra124-dfll 70110000.clock: couldn't get vdd_cpu regulator
[    0.235321] tegra-apbdma 60020000.dma: Tegra20 APB DMA driver register 32 channels
[    0.237983] tegra-pmc 7000e400.pmc: emergency thermal reset enabled
[    0.294583] Serial: 8250/16550 driver, 4 ports, IRQ sharing disabled
[    0.297275] console [ttyS0] disabled
[    0.297312] 70006300.serial: ttyS0 at MMIO 0x70006300 (irq = 335, base_baud = 25500000) is a Tegra
[    1.212833] console [ttyS0] enabled
[    1.217192] SuperH (H)SCI(F) driver initialized
[    1.222815] msm_serial: driver initialized
[    1.227116] STMicroelectronics ASC driver initialized
[    1.233043] 70006000.serial: ttyTHS1 at MMIO 0x70006000 (irq = 333, base_baud = 0) is a TEGRA_UART
[    1.242315] 70006040.serial: ttyTHS2 at MMIO 0x70006040 (irq = 334, base_baud = 0) is a TEGRA_UART
[    1.256526] tegra-hdmi 54280000.hdmi: failed to get HDMI regulator
[    1.274666] brd: module loaded
[    1.284262] loop: module loaded
[    1.288647] at24 0-0056: 256 byte 24c02 EEPROM, writable, 8 bytes/write
[    1.296985] as3722 4-0040: AS3722 with revision 0x1 found
[    1.309037] as3722-sd2: supplied by +5V_SYS
[    1.313647] as3722-sd3: supplied by +5V_SYS
[    1.318080] +1.35V_LP0(sd3): Bringing 0uV into 1350000-1350000uV
[    1.324424] as3722-sd4: supplied by +5V_SYS
[    1.329052] as3722-sd5: supplied by +5V_SYS
[    1.335057] as3722-ldo0: supplied by +1.35V_LP0(sd2)
[    1.341121] +1.8V_RUN_CAM: Bringing 0uV into 1800000-1800000uV
[    1.347322] as3722-ldo2: supplied by +1.8V_VDDIO
[    1.353211] as3722-ldo3: supplied by +3.3V_SYS
[    1.357710] +1.05V_LP0_VDD_RTC: Bringing 1100000uV into 1000000-1000000uV
[    1.365462] as3722-ldo4: supplied by +3.3V_SYS
[    1.370136] +2.8V_RUN_CAM: Bringing 0uV into 2800000-2800000uV
[    1.376326] as3722-ldo5: supplied by +1.8V_VDDIO
[    1.381183] +1.2V_RUN_CAM_FRONT: Bringing 0uV into 1200000-1200000uV
[    1.388107] +VDDIO_SDMMC3: bypassed regulator has no supply!
[    1.393759] +VDDIO_SDMMC3: failed to get the current voltage(-517)
[    1.399957] as3722-regulator as3722-regulator: regulator 13 register failed -517
[    1.413254] tegra-ahci 70027000.sata: couldn't get PHY in node sata: -517
[    1.435651] m25p80 spi32765.0: w25q32dw (4096 Kbytes)
[    1.443451] libphy: Fixed MDIO Bus: probed
[    1.448779] CAN device driver interface
[    1.453561] bgmac_bcma: Broadcom 47xx GBit MAC driver loaded
[    1.460640] e1000e: Intel(R) PRO/1000 Network Driver - 3.2.6-k
[    1.466463] e1000e: Copyright(c) 1999 - 2015 Intel Corporation.
[    1.472448] igb: Intel(R) Gigabit Ethernet Network Driver - version 5.4.0-k
[    1.479415] igb: Copyright (c) 2007-2014 Intel Corporation.
[    1.488990] pegasus: v0.9.3 (2013/04/25), Pegasus/Pegasus II USB Ethernet driver
[    1.496423] usbcore: registered new interface driver pegasus
[    1.502146] usbcore: registered new interface driver asix
[    1.507593] usbcore: registered new interface driver ax88179_178a
[    1.513713] usbcore: registered new interface driver cdc_ether
[    1.519606] usbcore: registered new interface driver smsc75xx
[    1.525399] usbcore: registered new interface driver smsc95xx
[    1.531192] usbcore: registered new interface driver net1080
[    1.536878] usbcore: registered new interface driver cdc_subset
[    1.542842] usbcore: registered new interface driver zaurus
[    1.548480] usbcore: registered new interface driver cdc_ncm
[    1.554370] tegra-phy 7d004000.usb-phy: no vbus regulator
[    1.561885] ehci_hcd: USB 2.0 'Enhanced' Host Controller (EHCI) Driver
[    1.568424] ehci-pci: EHCI PCI platform driver
[    1.572905] ehci-platform: EHCI generic platform driver
[    1.578354] ehci-orion: EHCI orion driver
[    1.582530] SPEAr-ehci: EHCI SPEAr driver
[    1.586683] ehci-st: EHCI STMicroelectronics driver
[    1.591717] ehci-exynos: EHCI EXYNOS driver
[    1.596060] ehci-atmel: EHCI Atmel driver
[    1.600221] tegra-ehci: Tegra EHCI driver
[    1.607068] tegra-ehci 7d004000.usb: EHCI Host Controller
[    1.612482] tegra-ehci 7d004000.usb: new USB bus registered, assigned bus number 1
[    1.620261] tegra-ehci 7d004000.usb: irq 354, io mem 0x7d004000
[    1.647064] tegra-ehci 7d004000.usb: USB 2.0 started, EHCI 1.10
[    1.653792] hub 1-0:1.0: USB hub found
[    1.657594] hub 1-0:1.0: 1 port detected
[    1.662046] ohci_hcd: USB 1.1 'Open' Host Controller (OHCI) Driver
[    1.668265] ohci-pci: OHCI PCI platform driver
[    1.672745] ohci-platform: OHCI generic platform driver
[    1.678184] SPEAr-ohci: OHCI SPEAr driver
[    1.682333] ohci-st: OHCI STMicroelectronics driver
[    1.687362] ohci-atmel: OHCI Atmel driver
[    1.692150] usbcore: registered new interface driver usb-storage
[    1.702772] as3722-rtc as3722-rtc: rtc core: registered as3722-rtc as rtc0
[    1.709674] as3722-rtc as3722-rtc: RTC interrupt 377
[    1.718101] tegra_rtc 7000e000.rtc: rtc core: registered 7000e000.rtc as rtc1
[    1.725260] tegra_rtc 7000e000.rtc: Tegra internal Real Time Clock
[    1.731989] i2c /dev entries driver
[    1.742553] lm90 0-004c: 0-004c supply vcc not found, using dummy regulator
[    1.760154] sdhci: Secure Digital Host Controller Interface driver
[    1.766326] sdhci: Copyright(c) Pierre Ossman
[    1.772341] Synopsys Designware Multimedia Card Interface Driver
[    1.779706] sdhci-pltfm: SDHCI platform and OF driver helper
[    1.786166] sdhci-tegra 700b0400.sdhci: Got CD GPIO
[    1.791077] sdhci-tegra 700b0400.sdhci: Got WP GPIO
[    1.812322] mmc0: Unknown controller version (3). You may experience problems.
[    1.819598] mmc0: Invalid maximum block size, assuming 512 bytes
[    1.887060] mmc0: SDHCI controller on 700b0600.sdhci [700b0600.sdhci] using ADMA
[    1.896428] ledtrig-cpu: registered to indicate activity on CPUs
[    1.902852] usbcore: registered new interface driver usbhid
[    1.908510] usbhid: USB HID core driver
[    1.917072] NET: Registered protocol family 10
[    1.922588] Segment Routing with IPv6
[    1.926357] sit: IPv6, IPv4 and MPLS over IPv4 tunneling driver
[    1.932867] NET: Registered protocol family 17
[    1.937335] can: controller area network core (rev 20170425 abi 9)
[    1.943557] NET: Registered protocol family 29
[    1.948012] can: raw protocol (rev 20170425)
[    1.952277] can: broadcast manager protocol (rev 20170425 t)
[    1.957948] can: netlink gateway (rev 20170425) max_hops=1
[    1.963732] Key type dns_resolver registered
[    1.968615] ThumbEE CPU extension supported.
[    1.972889] Registering SWP/SWPB emulation handler
[    1.990403] +3.3V_RUN: supplied by +3.3V_SYS
[    1.995567] +USB0_VBUS_SW: supplied by +5V_SYS
[    2.000343] +3.3V_AVDD_HDMI_AP_GATED: supplied by +3.3V_RUN
[    2.006346] +5V_USB_HS: supplied by +5V_SYS
[    2.011472] +3.3V_LP0: supplied by +3.3V_SYS
[    2.017681] +5V_HDMI_CON: supplied by +5V_SYS
[    2.022758] +5V_SATA: supplied by +5V_SYS
[    2.027323] +12V_SATA: supplied by +VDD_MUX
[    2.033580]  usb2-0: usb2-0 supply vbus not found, using dummy regulator
[    2.040462]  usb2-1: usb2-1 supply vbus not found, using dummy regulator
[    2.047548]  usb3-0: usb3-0 supply vbus not found, using dummy regulator
[    2.055748] tegra-pcie 1003000.pcie: 2x1, 1x1 configuration
[    2.061487] tegra-pcie 1003000.pcie: Failed to get supply 'avddio-pex': -517
[    2.070024] mmc0: new high speed MMC card at address 0001
[    2.071845] tegra124-dfll 70110000.clock: couldn't get vdd_cpu regulator
[    2.076376] tegra-hdmi 54280000.hdmi: failed to get PLL regulator
[    2.079938] as3722-sd2: supplied by +5V_SYS
[    2.080241] as3722-sd3: supplied by +5V_SYS
[    2.080556] as3722-sd4: supplied by +5V_SYS
[    2.080861] as3722-sd5: supplied by +5V_SYS
[    2.082330] as3722-ldo0: supplied by +1.35V_LP0(sd2)
[    2.082840] as3722-ldo1: supplied by +3.3V_RUN
[    2.083175] as3722-ldo2: supplied by +1.8V_VDDIO
[    2.084137] as3722-ldo3: supplied by +3.3V_SYS
[    2.085057] as3722-ldo4: supplied by +3.3V_SYS
[    2.085376] as3722-ldo5: supplied by +1.8V_VDDIO
[    2.085691] as3722-ldo6: supplied by +3.3V_RUN
[    2.086001] as3722-ldo7: supplied by +1.8V_VDDIO
[    2.086235] +1.05V_RUN_CAM_REAR: Bringing 0uV into 1050000-1050000uV
[    2.086633] as3722-ldo9: supplied by +5V_SYS
[    2.087061] +3.3V_RUN_TOUCH: Bringing 0uV into 2800000-2800000uV
[    2.087466] as3722-ldo10: supplied by +5V_SYS
[    2.087692] +2.8V_RUN_CAM_AF: Bringing 0uV into 2800000-2800000uV
[    2.088086] as3722-ldo11: supplied by +3.3V_RUN
[    2.088329] +1.8V_RUN_VPP_FUSE: Bringing 0uV into 1800000-1800000uV
[    2.098338] tegra-ahci 70027000.sata: AHCI 0001.0301 32 slots 2 ports 3 Gbps 0x1 impl platform mode
[    2.098351] tegra-ahci 70027000.sata: flags: 64bit ncq sntf pm led pio slum part sadm sds apst 
[    2.100139] scsi host0: tegra-ahci
[    2.100863] scsi host1: tegra-ahci
[    2.101265] ata1: SATA max UDMA/133 mmio [mem 0x70027000-0x70028fff] port 0x100 irq 345
[    2.101270] ata2: DUMMY
[    2.105046] tegra-ehci 7d008000.usb: EHCI Host Controller
[    2.105077] tegra-ehci 7d008000.usb: new USB bus registered, assigned bus number 2
[    2.105291] tegra-ehci 7d008000.usb: irq 355, io mem 0x7d008000
[    2.127157] tegra-ehci 7d008000.usb: USB 2.0 started, EHCI 1.10
[    2.128448] hub 2-0:1.0: USB hub found
[    2.128497] hub 2-0:1.0: 1 port detected
[    2.131563] sdhci-tegra 700b0400.sdhci: Got CD GPIO
[    2.131585] sdhci-tegra 700b0400.sdhci: Got WP GPIO
[    2.140101] mmc1: Unknown controller version (3). You may experience problems.
[    2.140196] mmc1: Invalid maximum block size, assuming 512 bytes
[    2.197394] mmc1: SDHCI controller on 700b0400.sdhci [700b0400.sdhci] using ADMA
[    2.198276] tegra-pcie 1003000.pcie: 2x1, 1x1 configuration
[    2.200418] tegra-pcie 1003000.pcie: probing port 0, using 2 lanes
[    2.203779] tegra-pcie 1003000.pcie: Slot present pin change, signature: 00000008
[    2.233410] tegra-pcie 1003000.pcie: probing port 1, using 1 lanes
[    2.235542] tegra-pcie 1003000.pcie: Slot present pin change, signature: 00000000
[    2.249398] tegra-pcie 1003000.pcie: PCI host bridge to bus 0000:00
[    2.249409] pci_bus 0000:00: root bus resource [io  0x0000-0xffff]
[    2.249417] pci_bus 0000:00: root bus resource [mem 0x13000000-0x1fffffff]
[    2.249424] pci_bus 0000:00: root bus resource [mem 0x20000000-0x3fffffff pref]
[    2.249433] pci_bus 0000:00: root bus resource [bus 00-ff]
[    2.249477] pci 0000:00:01.0: [10de:0e12] type 01 class 0x060400
[    2.249497] pci_bus 0000:00: 2-byte config write to 0000:00:01.0 offset 0x4 may corrupt adjacent RW1C bits
[    2.249510] pci_bus 0000:00: 2-byte config write to 0000:00:01.0 offset 0x4 may corrupt adjacent RW1C bits
[    2.249554] pci_bus 0000:00: 2-byte config write to 0000:00:01.0 offset 0x88 may corrupt adjacent RW1C bits
[    2.249587] pci_bus 0000:00: 2-byte config write to 0000:00:01.0 offset 0x52 may corrupt adjacent RW1C bits
[    2.249641] pci 0000:00:01.0: PME# supported from D0 D1 D2 D3hot D3cold
[    2.249652] pci_bus 0000:00: 2-byte config write to 0000:00:01.0 offset 0x4c may corrupt adjacent RW1C bits
[    2.249980] pci 0000:00:02.0: [10de:0e13] type 01 class 0x060400
[    2.249999] pci_bus 0000:00: 2-byte config write to 0000:00:02.0 offset 0x4 may corrupt adjacent RW1C bits
[    2.250012] pci_bus 0000:00: 2-byte config write to 0000:00:02.0 offset 0x4 may corrupt adjacent RW1C bits
[    2.250057] pci_bus 0000:00: 2-byte config write to 0000:00:02.0 offset 0x88 may corrupt adjacent RW1C bits
[    2.250090] pci_bus 0000:00: 2-byte config write to 0000:00:02.0 offset 0x52 may corrupt adjacent RW1C bits
[    2.250139] pci 0000:00:02.0: PME# supported from D0 D1 D2 D3hot D3cold
[    2.250150] pci_bus 0000:00: 2-byte config write to 0000:00:02.0 offset 0x4c may corrupt adjacent RW1C bits
[    2.250483] PCI: bus0: Fast back to back transfers disabled
[    2.250494] pci 0000:00:01.0: bridge configuration invalid ([bus 00-00]), reconfiguring
[    2.250514] pci 0000:00:02.0: bridge configuration invalid ([bus 00-00]), reconfiguring
[    2.250753] pci 0000:01:00.0: [8086:4232] type 00 class 0x028000
[    2.250831] pci 0000:01:00.0: reg 0x10: [mem 0x00000000-0x00001fff 64bit]
[    2.251055] pci 0000:01:00.0: PME# supported from D0 D3hot D3cold
[    2.277270] PCI: bus1: Fast back to back transfers disabled
[    2.277285] pci_bus 0000:01: busn_res: [bus 01-ff] end is updated to 01
[    2.277581] pci 0000:02:00.0: [10ec:8168] type 00 class 0x020000
[    2.277641] pci 0000:02:00.0: reg 0x10: [io  0x0000-0x00ff]
[    2.277684] pci 0000:02:00.0: reg 0x18: [mem 0x00000000-0x00000fff 64bit]
[    2.277714] pci 0000:02:00.0: reg 0x20: [mem 0x00000000-0x00003fff 64bit pref]
[    2.277881] pci 0000:02:00.0: supports D1 D2
[    2.277887] pci 0000:02:00.0: PME# supported from D0 D1 D2 D3hot D3cold
[    2.307237] PCI: bus2: Fast back to back transfers disabled
[    2.307252] pci_bus 0000:02: busn_res: [bus 02-ff] end is updated to 02
[    2.307305] pci 0000:00:01.0: BAR 8: assigned [mem 0x13000000-0x130fffff]
[    2.307315] pci 0000:00:02.0: BAR 8: assigned [mem 0x13100000-0x131fffff]
[    2.307325] pci 0000:00:02.0: BAR 9: assigned [mem 0x20000000-0x200fffff 64bit pref]
[    2.307334] pci 0000:00:02.0: BAR 7: assigned [io  0x1000-0x1fff]
[    2.307347] pci 0000:01:00.0: BAR 0: assigned [mem 0x13000000-0x13001fff 64bit]
[    2.307383] pci 0000:00:01.0: PCI bridge to [bus 01]
[    2.307396] pci 0000:00:01.0:   bridge window [mem 0x13000000-0x130fffff]
[    2.307425] pci 0000:02:00.0: BAR 4: assigned [mem 0x20000000-0x20003fff 64bit pref]
[    2.307464] pci 0000:02:00.0: BAR 2: assigned [mem 0x13100000-0x13100fff 64bit]
[    2.307493] pci 0000:02:00.0: BAR 0: assigned [io  0x1000-0x10ff]
[    2.307506] pci 0000:00:02.0: PCI bridge to [bus 02]
[    2.307514] pci 0000:00:02.0:   bridge window [io  0x1000-0x1fff]
[    2.307526] pci 0000:00:02.0:   bridge window [mem 0x13100000-0x131fffff]
[    2.307536] pci 0000:00:02.0:   bridge window [mem 0x20000000-0x200fffff 64bit pref]
[    2.307584] pci 0000:00:01.0: nv_msi_ht_cap_quirk didn't locate host bridge
[    2.307761] pcieport 0000:00:01.0: enabling device (0140 -> 0142)
[    2.308093] pcieport 0000:00:01.0: Signaling PME with IRQ 393
[    2.308225] pci 0000:00:02.0: nv_msi_ht_cap_quirk didn't locate host bridge
[    2.308346] pcieport 0000:00:02.0: enabling device (0140 -> 0143)
[    2.308614] pcieport 0000:00:02.0: Signaling PME with IRQ 394
[    2.309000] r8169 Gigabit Ethernet driver 2.3LK-NAPI loaded
[    2.309026] r8169 0000:02:00.0: enabling device (0140 -> 0143)
[    2.338933] r8169 0000:02:00.0 eth0: RTL8168g/8111g at 0xf0b5f000, 00:04:4b:3a:d9:81, XID 0c000800 IRQ 395
[    2.338942] r8169 0000:02:00.0 eth0: jumbo features [frames: 9200 bytes, tx checksumming: ko]
[    2.344060] +1.05V_RUN_AVDD_HDMI_PLL: supplied by +1.05V_RUN
[    2.346939] of: dev_pm_opp_of_cpumask_add_table: couldn't find opp table for cpu:0, -19
[    2.347083] cpufreq: cpufreq_online: CPU0: Running at unlisted freq: 696000 KHz
[    2.347115] cpufreq: cpufreq_online: CPU0: Unlisted initial frequency changed to: 714000 KHz
[    2.348196] input: gpio-keys as /devices/soc0/gpio-keys/input/input0
[    2.358067] as3722-rtc as3722-rtc: setting system clock to 2000-01-01 00:02:12 UTC (946684932)
[    2.358406] +3.3V_AVDD_HDMI_AP_GATED: disabling
[    2.358409] +USB0_VBUS_SW: disabling
[    2.358413] +1.05V_RUN_AVDD_HDMI_PLL: disabling
[    2.358415] +5V_HDMI_CON: disabling
[    2.358426] +1.8V_RUN_CAM: disabling
[    2.358694] +2.8V_RUN_CAM: disabling
[    2.358950] +1.2V_RUN_CAM_FRONT: disabling
[    2.359160] +1.05V_RUN_CAM_REAR: disabling
[    2.359269] +3.3V_RUN_TOUCH: disabling
[    2.359438] +2.8V_RUN_CAM_AF: disabling
[    2.359600] +1.8V_RUN_VPP_FUSE: disabling
[    2.439689] ata1: SATA link down (SStatus 0 SControl 300)
[    2.459916] mmc1: new high speed SDHC card at address aaaa
[    2.460288] mmcblk1: mmc1:aaaa SD04G 3.69 GiB 
[    2.469688]  mmcblk1: p1 p2 p3
[    2.832141] mmcblk0: mmc0:0001 SEM16G 14.7 GiB 
[    2.836795] mmcblk0boot0: mmc0:0001 SEM16G partition 1 4.00 MiB
[    2.842956] mmcblk0boot1: mmc0:0001 SEM16G partition 2 4.00 MiB
[    2.849140] mmcblk0rpmb: mmc0:0001 SEM16G partition 3 4.00 MiB
[    2.856489]  mmcblk0: p1
[    2.860598] EXT4-fs (mmcblk0p1): mounting ext3 file system using the ext4 subsystem
[    2.899881] EXT4-fs (mmcblk0p1): recovery complete
[    2.905492] EXT4-fs (mmcblk0p1): mounted filesystem with ordered data mode. Opts: (null)
[    2.913616] VFS: Mounted root (ext3 filesystem) on device 179:17.
[    2.923777] devtmpfs: mounted
[    2.927396] Freeing unused kernel memory: 2048K
bash: cannot set terminal process group (-1): Inappropriate ioctl for device
bash: no job control in this shell
root@(none):/# 