

U-Boot 2015.04-00466-gedec83e90172 (Mar 14 2016 - 10:42:01)

TEGRA124
Model: Acer Chromebook 13 CB5-311
DRAM:  4 GiB
C:   Tegra SD/MMC: 0, Tegra SD/MMC: 1, Tegra SD/MMC: 2
MMC init failed
Using default environment

In:    serial
Out:   serial
Err:   serial
Net:   Net Initialization Skipped
No ethernet found.
Hit any key to stop autoboot:  2  1  0 
Tegra124 (Nyan-big) # 
Tegra124 (Nyan-big) # usb start
starting USB...
USB0:   USB EHCI 1.10
scanning bus 0 for devices... 2 USB Device(s) found
USB1:   USB EHCI 1.10
scanning bus 1 for devices... 2 USB Device(s) found
       scanning usb for storage devices... 1 Storage Device(s) found
       scanning usb for ethernet devices... 
Warning: asx0 using MAC address from net device
1 Ethernet Device(s) found
Tegra124 (Nyan-big) # mw 0x7000e4a0 0x00080000
Tegra124 (Nyan-big) # setenv bootargs 'ignore_loglevel console=ttyS0,115200n8 rw root=PARTUUID=4d36e82a-b3c0-4b4b-bfcd-afe5217ac023 rootwait gpt debug noinitrd earlyprintk init=/bin/bash'
Tegra124 (Nyan-big) # setenv ipaddr 192.168.100.104; setenv serverip 192.168.100.1; setenv tftpserverip 192.168.100.1
Tegra124 (Nyan-big) # tftpboot 0x82000000 zImage.tegra_defconfig
Using asx0 device
TFTP from server 192.168.100.1; our IP address is 192.168.100.104
Filename 'zImage.tegra_defconfig'.
Load address: 0x82000000
Loading: *#################################################################
	 #################################################################
	 #################################################################
	 #################################################################
	 #################################################################
	 #################################################################
	 ##################################
	 3.2 MiB/s
done
Bytes transferred = 6221496 (5eeeb8 hex)
Tegra124 (Nyan-big) # tftpboot 0x83000000 tegra124-nyan-big.dtb
Using asx0 device
TFTP from server 192.168.100.1; our IP address is 192.168.100.104
Filename 'tegra124-nyan-big.dtb'.
Load address: 0x83000000
Loading: *#####
	 3.4 MiB/s
done
Bytes transferred = 67482 (1079a hex)
Tegra124 (Nyan-big) # bootz 0x82000000 - 0x83000000
Kernel image @ 0x82000000 [ 0x000000 - 0x5eeeb8 ]
## Flattened Device Tree blob at 83000000
   Booting using the fdt blob at 0x83000000
   Using Device Tree in place at 83000000, end 83013799

Starting kernel ...

[    0.000000] Booting Linux on physical CPU 0x0
[    0.000000] Linux version 4.15.0-next-20180208-29428-g957f771 (jonathanh@kaivo) (gcc version 4.7.3 20130328 (prerelease) (crosstool-NG linaro-1.13.1-4.7-2013.04-20130415 - Linaro GCC 2013.04)) #1 SMP PREEMPT Wed Feb 7 19:16:46 PST 2018
[    0.000000] CPU: ARMv7 Processor [413fc0f3] revision 3 (ARMv7), cr=10c5387d
[    0.000000] CPU: div instructions available: patching division code
[    0.000000] CPU: PIPT / VIPT nonaliasing data cache, PIPT instruction cache
[    0.000000] OF: fdt: Machine model: Acer Chromebook 13 CB5-311
[    0.000000] OF: fdt: Ignoring memory range 0x100000000 - 0x17ffff000
[    0.000000] debug: ignoring loglevel setting.
[    0.000000] bootconsole [earlycon0] enabled
[    0.000000] Memory policy: Data cache writealloc
[    0.000000] cma: Reserved 64 MiB at 0xfbc00000
[    0.000000] On node 0 totalpages: 524287
[    0.000000]   Normal zone: 1536 pages used for memmap
[    0.000000]   Normal zone: 0 pages reserved
[    0.000000]   Normal zone: 196608 pages, LIFO batch:31
[    0.000000]   HighMem zone: 327679 pages, LIFO batch:31
[    0.000000] random: fast init done
[    0.000000] percpu: Embedded 17 pages/cpu @(ptrval) s39296 r8192 d22144 u69632
[    0.000000] pcpu-alloc: s39296 r8192 d22144 u69632 alloc=17*4096
[    0.000000] pcpu-alloc: [0] 0 [0] 1 [0] 2 [0] 3 
[    0.000000] Built 1 zonelists, mobility grouping on.  Total pages: 522751
[    0.000000] Kernel command line: ignore_loglevel console=ttyS0,115200n8 rw root=PARTUUID=4d36e82a-b3c0-4b4b-bfcd-afe5217ac023 rootwait gpt debug noinitrd earlyprintk init=/bin/bash
[    0.000000] Dentry cache hash table entries: 131072 (order: 7, 524288 bytes)
[    0.000000] Inode-cache hash table entries: 65536 (order: 6, 262144 bytes)
[    0.000000] Memory: 1999508K/2097148K available (9216K kernel code, 783K rwdata, 2584K rodata, 1024K init, 298K bss, 32104K reserved, 65536K cma-reserved, 1245180K highmem)
[    0.000000] Virtual kernel memory layout:
[    0.000000]     vector  : 0xffff0000 - 0xffff1000   (   4 kB)
[    0.000000]     fixmap  : 0xffc00000 - 0xfff00000   (3072 kB)
[    0.000000]     vmalloc : 0xf0800000 - 0xff800000   ( 240 MB)
[    0.000000]     lowmem  : 0xc0000000 - 0xf0000000   ( 768 MB)
[    0.000000]     pkmap   : 0xbfe00000 - 0xc0000000   (   2 MB)
[    0.000000]     modules : 0xbf000000 - 0xbfe00000   (  14 MB)
[    0.000000]       .text : 0x(ptrval) - 0x(ptrval)   (10208 kB)
[    0.000000]       .init : 0x(ptrval) - 0x(ptrval)   (1024 kB)
[    0.000000]       .data : 0x(ptrval) - 0x(ptrval)   ( 784 kB)
[    0.000000]        .bss : 0x(ptrval) - 0x(ptrval)   ( 299 kB)
[    0.000000] Preemptible hierarchical RCU implementation.
[    0.000000] 	Tasks RCU enabled.
[    0.000000] NR_IRQS: 16, nr_irqs: 16, preallocated irqs: 16
[    0.000000] /interrupt-controller@60004000: 160 interrupts forwarded to /interrupt-controller@50041000
[    0.000000] Tegra clk 127: register failed with -17
[    0.000003] sched_clock: 32 bits at 1000kHz, resolution 1000ns, wraps every 2147483647500ns
[    0.008020] clocksource: timer_us: mask: 0xffffffff max_cycles: 0xffffffff, max_idle_ns: 1911260446275 ns
[    0.017552] Switching to timer-based delay loop, resolution 1000ns
[    0.024091] arch_timer: cp15 timer(s) running at 12.00MHz (virt).
[    0.029773] clocksource: arch_sys_counter: mask: 0xffffffffffffff max_cycles: 0x2c47f4ee7, max_idle_ns: 440795202497 ns
[    0.040520] sched_clock: 56 bits at 12MHz, resolution 83ns, wraps every 4398046511096ns
[    0.048491] Switching to timer-based delay loop, resolution 83ns
[    0.054678] Console: colour dummy device 80x30
[    0.058899] Calibrating delay loop (skipped), value calculated using timer frequency.. 24.00 BogoMIPS (lpj=120000)
[    0.069210] pid_max: default: 32768 minimum: 301
[    0.073975] Mount-cache hash table entries: 2048 (order: 1, 8192 bytes)
[    0.080391] Mountpoint-cache hash table entries: 2048 (order: 1, 8192 bytes)
[    0.087729] CPU: Testing write buffer coherency: ok
[    0.092400] /cpus/cpu@0 missing clock-frequency property
[    0.097554] /cpus/cpu@1 missing clock-frequency property
[    0.102851] /cpus/cpu@2 missing clock-frequency property
[    0.108128] /cpus/cpu@3 missing clock-frequency property
[    0.113410] CPU0: thread -1, cpu 0, socket 0, mpidr 80000000
[    0.153453] Setting up static identity map for 0x80100000 - 0x801000a0
[    0.158108] Hierarchical SRCU implementation.
[    0.173676] Tegra Revision: A01 SKU: 131 CPU Process: 1 SoC Process: 1
[    0.193457] smp: Bringing up secondary CPUs ...
[    0.243757] CPU1: thread -1, cpu 1, socket 0, mpidr 80000001
[    0.323786] CPU2: thread -1, cpu 2, socket 0, mpidr 80000002
[    0.403827] CPU3: thread -1, cpu 3, socket 0, mpidr 80000003
[    0.413605] smp: Brought up 1 node, 4 CPUs
[    0.432689] SMP: Total of 4 processors activated (96.00 BogoMIPS).
[    0.438842] CPU: All CPU(s) started in SVC mode.
[    0.444137] devtmpfs: initialized
[    0.453642] Built 1 zonelists, mobility grouping on.  Total pages: 516261
[    0.458685] VFP support v0.3: implementor 41 architecture 4 part 30 variant f rev 0
[    0.466321] clocksource: jiffies: mask: 0xffffffff max_cycles: 0xffffffff, max_idle_ns: 19112604462750000 ns
[    0.475931] futex hash table entries: 1024 (order: 4, 65536 bytes)
[    0.482219] pinctrl core: initialized pinctrl subsystem
[    0.487741] NET: Registered protocol family 16
[    0.492155] DMA: preallocated 256 KiB pool for atomic coherent allocations
[    0.499059] cpuidle: using governor menu
[    0.509922] No ATAGs?
[    0.509981] hw-breakpoint: found 5 (+1 reserved) breakpoint and 4 watchpoint registers.
[    0.518323] hw-breakpoint: maximum watchpoint size is 8 bytes.
[    0.525009] tegra-mc 70019000.memory-controller: no memory timings for RAM code 0 registered
[    0.532686] iommu: Adding device 50000000.host1x to group 0
[    0.538097] iommu: Adding device 54200000.dc to group 1
[    0.543299] iommu: Adding device 54240000.dc to group 1
[    0.548498] iommu: Adding device 57000000.gpu to group 2
[    0.559569] +5V_SYS: supplied by +VDD_MUX
[    0.561796] +3.3V_SYS: supplied by +VDD_MUX
[    0.566122] +VDD_LED: Failed to request enable GPIO122: -517
[    0.571455] reg-fixed-voltage regulators:regulator@5: Failed to register regulator: -517
[    0.579558] +5V_VDD_TS_SW: Failed to request enable GPIO81: -517
[    0.585494] reg-fixed-voltage regulators:regulator@6: Failed to register regulator: -517
[    0.593608] +5V_USB_HS: Failed to request enable GPIO108: -517
[    0.599361] reg-fixed-voltage regulators:regulator@7: Failed to register regulator: -517
[    0.607489] +5V_USB_SS: Failed to request enable GPIO109: -517
[    0.613228] reg-fixed-voltage regulators:regulator@8: Failed to register regulator: -517
[    0.621399] +1.05V_RUN_AVDD_HDMI_PLL: Failed to request enable GPIO63: -517
[    0.628221] reg-fixed-voltage regulators:regulator@11: Failed to register regulator: -517
[    0.636419] +5V_HDMI_CON: Failed to request enable GPIO86: -517
[    0.642261] reg-fixed-voltage regulators:regulator@12: Failed to register regulator: -517
[    0.650851] vgaarb: loaded
[    0.653361] SCSI subsystem initialized
[    0.656915] libata version 3.00 loaded.
[    0.660772] usbcore: registered new interface driver usbfs
[    0.666118] usbcore: registered new interface driver hub
[    0.671424] usbcore: registered new device driver usb
[    0.677630] Linux video capture interface: v2.00
[    0.681028] pps_core: LinuxPPS API ver. 1 registered
[    0.685949] pps_core: Software ver. 5.3.6 - Copyright 2005-2007 Rodolfo Giometti <giometti@linux.it>
[    0.695053] PTP clock support registered
[    0.699090] tegra-emc 7001b000.emc: no memory timings for RAM code 0 found in DT
[    0.706313] tegra-emc: probe of 7001b000.emc failed with error -2
[    0.712480] Advanced Linux Sound Architecture Driver Initialized.
[    0.718692] Bluetooth: Core ver 2.22
[    0.722013] NET: Registered protocol family 31
[    0.726421] Bluetooth: HCI device and connection manager initialized
[    0.732743] Bluetooth: HCI socket layer initialized
[    0.737600] Bluetooth: L2CAP socket layer initialized
[    0.742636] Bluetooth: SCO socket layer initialized
[    0.747721] clocksource: Switched to clocksource arch_sys_counter
[    0.785671] NET: Registered protocol family 2
[    0.788504] tcp_listen_portaddr_hash hash table entries: 512 (order: 0, 6144 bytes)
[    0.795760] TCP established hash table entries: 8192 (order: 3, 32768 bytes)
[    0.802806] TCP bind hash table entries: 8192 (order: 4, 65536 bytes)
[    0.809237] TCP: Hash tables configured (established 8192 bind 8192)
[    0.815676] UDP hash table entries: 512 (order: 2, 16384 bytes)
[    0.821413] UDP-Lite hash table entries: 512 (order: 2, 16384 bytes)
[    0.827847] NET: Registered protocol family 1
[    0.832342] RPC: Registered named UNIX socket transport module.
[    0.837954] RPC: Registered udp transport module.
[    0.842624] RPC: Registered tcp transport module.
[    0.847304] RPC: Registered tcp NFSv4.1 backchannel transport module.
[    0.863973] PCI: CLS 0 bytes, default 64
[    0.866677] hw perfevents: enabled with armv7_cortex_a15 PMU driver, 7 counters available
[    0.874810] Initialise system trusted keyrings
[    0.878628] workingset: timestamp_bits=30 max_order=19 bucket_order=0
[    0.885441] squashfs: version 4.0 (2009/01/31) Phillip Lougher
[    0.891089] NFS: Registering the id_resolver key type
[    0.895796] Key type id_resolver registered
[    0.899961] Key type id_legacy registered
[    0.905743] Key type asymmetric registered
[    0.908019] Asymmetric key parser 'x509' registered
[    0.912913] bounce: pool size: 64 pages
[    0.916700] io scheduler noop registered (default)
[    0.921450] io scheduler mq-deadline registered
[    0.925950] io scheduler kyber registered
[    0.930587] tegra-xusb-padctl 7009f000.padctl: failed to setup XUSB ports: -517
[    0.943042] tegra-apbdma 60020000.dma: Tegra20 APB DMA driver register 32 channels
[    0.949128] tegra-pmc 7000e400.pmc: i2c-thermtrip node not found, emergency thermal reset disabled.
[    0.957924] Serial: 8250/16550 driver, 4 ports, IRQ sharing disabled
[    0.964711] console [ttyS0] disabled
[    0.967598] 70006000.serial: ttyS0 at MMIO 0x70006000 (irq = 333, base_baud = 25500000) is a Tegra
[    0.976535] console [ttyS0] enabled
[    0.976535] console [ttyS0] enabled
[    0.982757] bootconsole [earlycon0] disabled
[    0.982757] bootconsole [earlycon0] disabled
[    1.008880] tegra-hdmi 54280000.hdmi: failed to get HDMI regulator
[    1.015358] tegra-dpaux 545c0000.dpaux: failed to get VDD supply: -517
[    1.022873] panel-simple panel: panel supply power not found, using dummy regulator
[    1.034263] loop: module loaded
[    1.037970] as3722 4-0040: AS3722 with revision 0x1 found
[    1.048043] as3722-sd2: supplied by +5V_SYS
[    1.052468] as3722-sd3: supplied by +5V_SYS
[    1.056805] +1.35V_LP0(sd3): Bringing 0uV into 1350000-1350000uV
[    1.062991] as3722-sd4: supplied by +5V_SYS
[    1.067326] +1.05V_RUN: Bringing 0uV into 1050000-1050000uV
[    1.073082] as3722-sd5: supplied by +5V_SYS
[    1.078693] as3722-ldo0: supplied by +1.35V_LP0(sd2)
[    1.084438] +1.8V_RUN_CAM: Bringing 0uV into 1800000-1800000uV
[    1.090468] as3722-ldo2: supplied by +1.8V_VDDIO
[    1.096100] as3722-ldo3: supplied by +3.3V_SYS
[    1.100561] +1.00V_LP0_VDD_RTC: Bringing 1100000uV into 1000000-1000000uV
[    1.108140] as3722-ldo4: supplied by +3.3V_SYS
[    1.112737] +3.3V_RUN_CAM: Bringing 0uV into 2800000-2800000uV
[    1.118764] as3722-ldo5: supplied by +1.8V_VDDIO
[    1.123539] +1.2V_RUN_CAM_FRONT: Bringing 0uV into 1200000-1200000uV
[    1.130237] +VDDIO_SDMMC3: Bringing 0uV into 1800000-1800000uV
[    1.136270] as3722-ldo7: supplied by +1.8V_VDDIO
[    1.141053] +1.05V_RUN_CAM_REAR: Bringing 0uV into 1050000-1050000uV
[    1.147603] as3722-ldo9: supplied by +5V_SYS
[    1.152183] +2.8V_RUN_TOUCH: Bringing 0uV into 2800000-2800000uV
[    1.158395] as3722-ldo10: supplied by +5V_SYS
[    1.162907] +2.8V_RUN_CAM_AF: Bringing 0uV into 2800000-2800000uV
[    1.169357] +1.8V_RUN_VPP_FUSE: Bringing 0uV into 1800000-1800000uV
[    1.191743] cros-ec-spi spi0.0: Chrome EC device registered
[    1.206628] m25p80 spi1.0: w25q32dw (4096 Kbytes)
[    1.212142] libphy: Fixed MDIO Bus: probed
[    1.216227] CAN device driver interface
[    1.220079] igb: Intel(R) Gigabit Ethernet Network Driver - version 5.4.0-k
[    1.227023] igb: Copyright (c) 2007-2014 Intel Corporation.
[    1.232634] pegasus: v0.9.3 (2013/04/25), Pegasus/Pegasus II USB Ethernet driver
[    1.240067] usbcore: registered new interface driver pegasus
[    1.245735] usbcore: registered new interface driver asix
[    1.251147] usbcore: registered new interface driver ax88179_178a
[    1.257240] usbcore: registered new interface driver cdc_ether
[    1.263092] usbcore: registered new interface driver smsc75xx
[    1.268853] usbcore: registered new interface driver smsc95xx
[    1.274605] usbcore: registered new interface driver net1080
[    1.280273] usbcore: registered new interface driver cdc_subset
[    1.286193] usbcore: registered new interface driver zaurus
[    1.291782] usbcore: registered new interface driver cdc_ncm
[    1.297514] ehci_hcd: USB 2.0 'Enhanced' Host Controller (EHCI) Driver
[    1.304033] ehci-pci: EHCI PCI platform driver
[    1.308489] tegra-ehci: Tegra EHCI driver
[    1.312755] usbcore: registered new interface driver cdc_acm
[    1.318406] cdc_acm: USB Abstract Control Model driver for USB modems and ISDN adapters
[    1.326408] usbcore: registered new interface driver cdc_wdm
[    1.332083] usbcore: registered new interface driver usb-storage
[    1.338742] input: cros_ec as /devices/soc0/7000d400.spi/spi_master/spi0/spi0.0/7000d400.spi:cros-ec@0:keyboard-controller/input/input0
[    1.358372] as3722-rtc as3722-rtc: rtc core: registered as3722-rtc as rtc0
[    1.365232] as3722-rtc as3722-rtc: RTC interrupt 372
[    1.371994] tegra_rtc 7000e000.rtc: rtc core: registered 7000e000.rtc as rtc1
[    1.379138] tegra_rtc 7000e000.rtc: Tegra internal Real Time Clock
[    1.385416] i2c /dev entries driver
[    1.389335] usbcore: registered new interface driver uvcvideo
[    1.395065] USB Video Class driver (1.1.1)
[    1.399158] gspca_main: v2.14.0 registered
[    1.403473] lm90 0-004c: 0-004c supply vcc not found, using dummy regulator
[    1.412138] tegra-wdt 60005000.timer: initialized (heartbeat = 120 sec, nowayout = 0)
[    1.420477] sdhci: Secure Digital Host Controller Interface driver
[    1.426640] sdhci: Copyright(c) Pierre Ossman
[    1.430995] sdhci-pltfm: SDHCI platform and OF driver helper
[    1.436765] sdhci-tegra 700b0000.sdhci: allocated mmc-pwrseq
[    1.450569] sdhci-tegra 700b0400.sdhci: Got CD GPIO
[    1.455440] sdhci-tegra 700b0400.sdhci: Got WP GPIO
[    1.475855] mmc0: Unknown controller version (3). You may experience problems.
[    1.483096] mmc0: Invalid maximum block size, assuming 512 bytes
[    1.519871] mmc0: SDHCI controller on 700b0600.sdhci [700b0600.sdhci] using ADMA
[    1.527583] usbcore: registered new interface driver usbhid
[    1.533264] usbhid: USB HID core driver
[    1.539367] tegra30-i2s 70301100.i2s: DMA channels sourced from device 70300000.ahub
[    1.587618] mmc0: new high speed MMC card at address 0001
[    1.593536] max98090 0-0010: MAX98090 REVID=0x43
[    1.594956] mmcblk0: mmc0:0001 MMC16G 14.4 GiB 
[    1.604316] max98090 0-0010: use default 2.8v micbias
[    1.604543] mmcblk0boot0: mmc0:0001 MMC16G partition 1 2.00 MiB
[    1.617133] mmcblk0boot1: mmc0:0001 MMC16G partition 2 2.00 MiB
[    1.623176] mmcblk0rpmb: mmc0:0001 MMC16G partition 3 128 KiB, chardev (247:0)
[    1.623349] tegra-snd-max98090 sound: HiFi <-> 70301100.i2s mapping ok
[    1.638403] input: GoogleNyanBig Headphones as /devices/soc0/sound/sound/card1/input1
[    1.639965]  mmcblk0: p1 p2 p3 p4 p5 p6 p7 p8 p9 p10 p11 p12
[    1.646381] input: GoogleNyanBig Mic Jack as /devices/soc0/sound/sound/card1/input2
[    1.660371] NET: Registered protocol family 10
[    1.665393] Segment Routing with IPv6
[    1.669121] mip6: Mobile IPv6
[    1.672080] sit: IPv6, IPv4 and MPLS over IPv4 tunneling driver
[    1.678535] NET: Registered protocol family 17
[    1.682974] NET: Registered protocol family 15
[    1.687403] can: controller area network core (rev 20170425 abi 9)
[    1.693653] NET: Registered protocol family 29
[    1.698092] can: raw protocol (rev 20170425)
[    1.702349] can: broadcast manager protocol (rev 20170425 t)
[    1.708002] can: netlink gateway (rev 20170425) max_hops=1
[    1.713544] Bluetooth: RFCOMM socket layer initialized
[    1.718684] Bluetooth: RFCOMM ver 1.11
[    1.722426] Bluetooth: BNEP (Ethernet Emulation) ver 1.3
[    1.727731] Bluetooth: BNEP socket layer initialized
[    1.732682] Bluetooth: HIDP (Human Interface Emulation) ver 1.2
[    1.738605] Bluetooth: HIDP socket layer initialized
[    1.743648] Key type dns_resolver registered
[    1.748109] Registering SWP/SWPB emulation handler
[    1.753143] Loading compiled-in X.509 certificates
[    1.775320] +3.3V_RUN: supplied by +3.3V_SYS
[    1.780322] +VDD_LED: supplied by +VDD_MUX
[    1.784518] +3.3V_AVDD_HDMI_AP_GATED: supplied by +3.3V_RUN
[    1.790218] +1.8V_RUN_CAM: supplied by +3.3V_RUN
[    1.794926] +VDDIO_SDMMC3: supplied by +3.3V_RUN
[    1.799600] +1.8V_RUN_VPP_FUSE: supplied by +3.3V_RUN
[    1.804777] +5V_VDD_TS_SW: supplied by +5V_SYS
[    1.809432] +5V_USB_HS: supplied by +5V_SYS
[    1.813947] +5V_USB_SS: supplied by +5V_SYS
[    1.819471] +3.3V_PANEL: supplied by +3.3V_RUN
[    1.824625] +3.3V_LP0: supplied by +3.3V_SYS
[    1.829612] +1.05V_RUN_AVDD_HDMI_PLL: supplied by +1.05V_RUN
[    1.835445] +5V_HDMI_CON: supplied by +5V_SYS
[    1.840424]  usb3-0: usb3-0 supply vbus not found, using dummy regulator
[    1.847157]  usb3-1: usb3-1 supply vbus not found, using dummy regulator
[    1.860221] tegra-sor 54540000.sor: failed to probe output: -517
[    1.866441] panel-simple panel: panel supply power not found, using dummy regulator
[    1.876206] tegra-xusb 70090000.usb: Direct firmware load for nvidia/tegra124/xusb.bin failed with error -2
[    1.885992] tegra-xusb 70090000.usb: failed to request firmware: -2
[    1.892277] tegra-xusb 70090000.usb: failed to load firmware: -2
[    1.899460] tegra-xusb: probe of 70090000.usb failed with error -2
[    1.906034] sdhci-tegra 700b0000.sdhci: allocated mmc-pwrseq
[    1.919905] mmc1: Unknown controller version (3). You may experience problems.
[    1.927146] mmc1: Invalid maximum block size, assuming 512 bytes
[    1.933563] mmc1: Switching to 3.3V signalling voltage failed
[    1.964578] mmc1: SDHCI controller on 700b0000.sdhci [700b0000.sdhci] using ADMA
[    1.972232] sdhci-tegra 700b0400.sdhci: Got CD GPIO
[    1.977104] sdhci-tegra 700b0400.sdhci: Got WP GPIO
[    1.987347] mmc2: Unknown controller version (3). You may experience problems.
[    1.994685] mmc2: Invalid maximum block size, assuming 512 bytes
[    2.030691] mmc2: SDHCI controller on 700b0400.sdhci [700b0400.sdhci] using ADMA
[    2.038238] mmc1: new high speed SDIO card at address 0001
[    2.044056] tegra-sor 54540000.sor: failed to probe output: -517
[    2.050240] panel-simple panel: panel supply power not found, using dummy regulator
[    2.058327] input: gpio-keys as /devices/soc0/gpio-keys/input/input3
[    2.064924] tegra-sor 54540000.sor: failed to probe output: -517
[    2.071396] as3722-rtc as3722-rtc: setting system clock to 2000-01-01 00:00:24 UTC (946684824)
[    2.080164] cfg80211: Loading compiled-in X.509 certificates for regulatory database
[    2.088021] panel-simple panel: panel supply power not found, using dummy regulator
[    2.097887] cfg80211: Loaded X.509 cert 'sforshee: 00b28ddf47aef9cea7'
[    2.104542] platform regulatory.0: Direct firmware load for regulatory.db failed with error -2
[    2.108112] +3.3V_AVDD_HDMI_AP_GATED: disabling
[    2.113213] cfg80211: failed to load regulatory.db
[    2.117673] +1.8V_RUN_CAM: disabling
[    2.118066] +1.2V_RUN_CAM_FRONT: disabling
[    2.130478] +1.05V_RUN_CAM_REAR: disabling
[    2.134776] +2.8V_RUN_TOUCH: disabling
[    2.138804] +2.8V_RUN_CAM_AF: disabling
[    2.142863] +1.8V_RUN_VPP_FUSE: disabling
[    2.147005] +VDD_LED: disabling
[    2.150180] +5V_VDD_TS_SW: disabling
[    2.153760] +5V_USB_HS: disabling
[    2.157066] +5V_USB_SS: disabling
[    2.160402] +3.3V_PANEL: disabling
[    2.163795] +1.05V_RUN_AVDD_HDMI_PLL: disabling
[    2.168349] +5V_HDMI_CON: disabling
[    2.171840] ALSA device list:
[    2.174808]   #1: GoogleNyanBig
[    2.263567] mmc2: new high speed SDHC card at address 0007
[    2.270908] mmcblk2: mmc2:0007 SD08G 7.42 GiB 
[    2.284640] GPT:Primary header alternate_lba != Alt. header my_lba
[    2.290843] GPT:3014591 != 15564799
[    2.294323] GPT:Primary header thinks Alt. header is not at the end of the disk.
[    2.301709] GPT:3014591 != 15564799
[    2.305184] GPT: Use GNU Parted to correct GPT errors.
[    2.310336]  mmcblk2: p1 p2 p3 p4 p5 p6 p7 p8 p9 p10 p11 p12
[    2.317351] tegra-sor 54540000.sor: failed to probe output: -517
[    2.323806] panel-simple panel: panel supply power not found, using dummy regulator
[    2.324279] EXT4-fs (mmcblk0p3): couldn't mount as ext3 due to feature incompatibilities
[    2.324309] input: tegra-hda HDMI/DP,pcm=3 as /devices/soc0/70030000.hda/sound/card0/input4
[    2.332279] tegra-sor 54540000.sor: failed to probe output: -517
[    2.604900] EXT4-fs (mmcblk0p3): recovery complete
[    2.609720] EXT4-fs (mmcblk0p3): mounted filesystem with ordered data mode. Opts: (null)
[    2.617829] VFS: Mounted root (ext4 filesystem) on device 179:3.
[    2.624821] devtmpfs: mounted
[    2.628252] Freeing unused kernel memory: 1024K
bash: cannot set terminal process group (-1): Inappropriate ioctl for device
bash: no job control in this shell
root@(none):/# mount -t sysfs none /sys
root@(none):/# 
root@(none):/# mount -t debugfs none /sys/kernel/debug
root@(none):/# 
root@(none):/# rtcwake -d rtc1 -m mem -s 3
rtcwake: assuming RTC uses UTC ...
rtcwake: wakeup from "mem" using /dev/rtc1 at Thu Jan  1 00:00:29 1970
[    5.638471] PM: suspend entry (deep)
[    5.642040] PM: Syncing filesystems ... done.
[    5.647927] Freezing user space processes ... (elapsed 0.001 seconds) done.
[    5.656040] OOM killer disabled.
[    5.659317] Freezing remaining freezable tasks ... (elapsed 0.001 seconds) done.
[    5.667938] Suspending console(s) (use no_console_suspend to debug)
[    5.851379] Disabling non-boot CPUs ...
[    5.907923] IRQ17 no longer affine to CPU1
[    6.028471] Entering suspend state LP1
[    6.028496] Enabling non-boot CPUs ...
[    6.029218] CPU1 is up
[    6.029849] CPU2 is up
[    6.030549] CPU3 is up
[    6.071562] cros-ec-spi spi0.0: spi transfer failed: -121
[    6.082763] mmc1: Switching to 3.3V signalling voltage failed
[    6.137530] panel-simple panel: panel supply power not found, using dummy regulator
[    6.138158] tegra-sor 54540000.sor: failed to probe output: -517
[    6.185542] OOM killer enabled.
[    6.188713] Restarting tasks ... done.
[    6.193123] PM: suspend exit
root@(none):/# 
root@(none):/# rtcwake -d rtc1 -m mem -s 3
rtcwake: assuming RTC uses UTC ...
rtcwake: wakeup from "mem" using /dev/rtc1 at Thu Jan  1 00:00:33 1970
[    6.687652] PM: suspend entry (deep)
[    6.691250] PM: Syncing filesystems ... done.
[    6.696974] Freezing user space processes ... (elapsed 0.001 seconds) done.
[    6.705032] OOM killer disabled.
[    6.708262] Freezing remaining freezable tasks ... (elapsed 0.001 seconds) done.
[    6.716811] Suspending console(s) (use no_console_suspend to debug)
[    6.901340] Disabling non-boot CPUs ...
[    7.058345] Entering suspend state LP1
[    7.058370] Enabling non-boot CPUs ...
[    7.059102] CPU1 is up
[    7.059732] CPU2 is up
[    7.060434] CPU3 is up
[    7.101805] cros-ec-spi spi0.0: spi transfer failed: -121
[    7.113146] mmc1: Switching to 3.3V signalling voltage failed
[    7.171306] panel-simple panel: panel supply power not found, using dummy regulator
[    7.171671] tegra-sor 54540000.sor: failed to probe output: -517
[    7.214953] OOM killer enabled.
[    7.218115] Restarting tasks ... done.
[    7.222278] PM: suspend exit
root@(none):/# 
root@(none):/# rtcwake -d rtc1 -m mem -s 3
rtcwake: assuming RTC uses UTC ...
rtcwake: wakeup from "mem" using /dev/rtc1 at Thu Jan  1 00:00:37 1970
[    7.716416] PM: suspend entry (deep)
[    7.720005] PM: Syncing filesystems ... done.
[    7.725516] Freezing user space processes ... (elapsed 0.001 seconds) done.
[    7.733651] OOM killer disabled.
[    7.736868] Freezing remaining freezable tasks ... (elapsed 0.001 seconds) done.
[    7.745430] Suspending console(s) (use no_console_suspend to debug)
[    7.931321] Disabling non-boot CPUs ...
[    8.078337] Entering suspend state LP1
[    8.078362] Enabling non-boot CPUs ...
[    8.079095] CPU1 is up
[    8.079744] CPU2 is up
[    8.080443] CPU3 is up
[    8.122215] cros-ec-spi spi0.0: spi transfer failed: -121
[    8.133528] mmc1: Switching to 3.3V signalling voltage failed
[    8.189512] panel-simple panel: panel supply power not found, using dummy regulator
[    8.189887] tegra-sor 54540000.sor: failed to probe output: -517
[    8.233160] OOM killer enabled.
[    8.236292] Restarting tasks ... done.
[    8.240721] PM: suspend exit
root@(none):/# 
root@(none):/# rtcwake -d rtc1 -m mem -s 3
rtcwake: assuming RTC uses UTC ...
rtcwake: wakeup from "mem" using /dev/rtc1 at Thu Jan  1 00:00:41 1970
[    8.737495] PM: suspend entry (deep)
[    8.741093] PM: Syncing filesystems ... done.
[    8.746825] Freezing user space processes ... (elapsed 0.001 seconds) done.
[    8.754949] OOM killer disabled.
[    8.758185] Freezing remaining freezable tasks ... (elapsed 0.001 seconds) done.
[    8.766743] Suspending console(s) (use no_console_suspend to debug)
[    8.950656] Disabling non-boot CPUs ...
[    9.098300] Entering suspend state LP1
[    9.098325] Enabling non-boot CPUs ...
[    9.099059] CPU1 is up
[    9.099714] CPU2 is up
[    9.100410] CPU3 is up
[    9.141688] cros-ec-spi spi0.0: spi transfer failed: -121
[    9.153032] mmc1: Switching to 3.3V signalling voltage failed
[    9.209028] panel-simple panel: panel supply power not found, using dummy regulator
[    9.209392] tegra-sor 54540000.sor: failed to probe output: -517
[    9.252733] OOM killer enabled.
[    9.255863] Restarting tasks ... done.
[    9.260054] PM: suspend exit
root@(none):/# 
root@(none):/# rtcwake -d rtc1 -m mem -s 3
rtcwake: assuming RTC uses UTC ...
rtcwake: wakeup from "mem" using /dev/rtc1 at Thu Jan  1 00:00:45 1970
[    9.757466] PM: suspend entry (deep)
[    9.761065] PM: Syncing filesystems ... done.
[    9.766728] Freezing user space processes ... (elapsed 0.001 seconds) done.
[    9.774857] OOM killer disabled.
[    9.778092] Freezing remaining freezable tasks ... (elapsed 0.001 seconds) done.
[    9.786641] Suspending console(s) (use no_console_suspend to debug)
[    9.970629] Disabling non-boot CPUs ...
[   10.118274] Entering suspend state LP1
[   10.118299] Enabling non-boot CPUs ...
[   10.119033] CPU1 is up
[   10.119681] CPU2 is up
[   10.120375] CPU3 is up
[   10.161713] cros-ec-spi spi0.0: spi transfer failed: -121
[   10.173054] mmc1: Switching to 3.3V signalling voltage failed
[   11.208252] panel-simple panel: panel supply power not found, using dummy regulator
[   11.208617] tegra-sor 54540000.sor: failed to probe output: -517
[   11.251918] OOM killer enabled.
[   11.255047] Restarting tasks ... done.
[   11.259244] PM: suspend exit
root@(none):/# 
root@(none):/# rtcwake -d rtc1 -m mem -s 3
rtcwake: assuming RTC uses UTC ...
rtcwake: wakeup from "mem" using /dev/rtc1 at Thu Jan  1 00:00:50 1970
[   11.776413] PM: suspend entry (deep)
[   11.780047] PM: Syncing filesystems ... done.
[   11.785761] Freezing user space processes ... (elapsed 0.001 seconds) done.
[   11.793849] OOM killer disabled.
[   11.797069] Freezing remaining freezable tasks ... (elapsed 0.001 seconds) done.
[   11.805635] Suspending console(s) (use no_console_suspend to debug)
[   11.990607] Disabling non-boot CPUs ...
[   12.138239] Entering suspend state LP1
[   12.138263] Enabling non-boot CPUs ...
[   12.138998] CPU1 is up
[   12.139655] CPU2 is up
[   12.140355] CPU3 is up
[   12.181517] cros-ec-spi spi0.0: spi transfer failed: -121
[   12.192846] mmc1: Switching to 3.3V signalling voltage failed
[   12.250607] panel-simple panel: panel supply power not found, using dummy regulator
[   12.250972] tegra-sor 54540000.sor: failed to probe output: -517
[   12.294311] OOM killer enabled.
[   12.297440] Restarting tasks ... done.
[   12.301629] PM: suspend exit
root@(none):/# 
root@(none):/# rtcwake -d rtc1 -m mem -s 3
rtcwake: assuming RTC uses UTC ...
rtcwake: wakeup from "mem" using /dev/rtc1 at Thu Jan  1 00:00:54 1970
[   12.797143] PM: suspend entry (deep)
[   12.800733] PM: Syncing filesystems ... done.
[   12.806189] Freezing user space processes ... (elapsed 0.001 seconds) done.
[   12.814331] OOM killer disabled.
[   12.817551] Freezing remaining freezable tasks ... (elapsed 0.001 seconds) done.
[   12.826143] Suspending console(s) (use no_console_suspend to debug)
[   13.011142] Disabling non-boot CPUs ...
[   13.158227] Entering suspend state LP1
[   13.158252] Enabling non-boot CPUs ...
[   13.158987] CPU1 is up
[   13.159634] CPU2 is up
[   13.160335] CPU3 is up
[   13.201589] cros-ec-spi spi0.0: spi transfer failed: -121
[   13.212928] mmc1: Switching to 3.3V signalling voltage failed
[   14.238199] panel-simple panel: panel supply power not found, using dummy regulator
[   14.238560] tegra-sor 54540000.sor: failed to probe output: -517
[   14.281840] OOM killer enabled.
[   14.284970] Restarting tasks ... done.
[   14.289184] PM: suspend exit
root@(none):/# 
root@(none):/# rtcwake -d rtc1 -m mem -s 3
rtcwake: assuming RTC uses UTC ...
rtcwake: wakeup from "mem" using /dev/rtc1 at Thu Jan  1 00:00:59 1970
[   14.817248] PM: suspend entry (deep)
[   14.820838] PM: Syncing filesystems ... done.
[   14.826526] Freezing user space processes ... (elapsed 0.001 seconds) done.
[   14.834651] OOM killer disabled.
[   14.837887] Freezing remaining freezable tasks ... (elapsed 0.001 seconds) done.
[   14.846362] Suspending console(s) (use no_console_suspend to debug)
[   15.031196] Disabling non-boot CPUs ...
[   15.188217] Entering suspend state LP1
[   15.188241] Enabling non-boot CPUs ...
[   15.188978] CPU1 is up
[   15.189615] CPU2 is up
[   15.190320] CPU3 is up
[   15.231666] cros-ec-spi spi0.0: spi transfer failed: -121
[   15.242970] mmc1: Switching to 3.3V signalling voltage failed
[   15.299033] panel-simple panel: panel supply power not found, using dummy regulator
[   15.299406] tegra-sor 54540000.sor: failed to probe output: -517
[   15.342686] OOM killer enabled.
[   15.345816] Restarting tasks ... done.
[   15.350012] PM: suspend exit
root@(none):/# 
root@(none):/# rtcwake -d rtc1 -m mem -s 3
rtcwake: assuming RTC uses UTC ...
rtcwake: wakeup from "mem" using /dev/rtc1 at Thu Jan  1 00:01:03 1970
[   15.847176] PM: suspend entry (deep)
[   15.850777] PM: Syncing filesystems ... done.
[   15.856276] Freezing user space processes ... (elapsed 0.001 seconds) done.
[   15.864347] OOM killer disabled.
[   15.867568] Freezing remaining freezable tasks ... (elapsed 0.001 seconds) done.
[   15.876107] Suspending console(s) (use no_console_suspend to debug)
[   16.059815] Disabling non-boot CPUs ...
[   16.208191] Entering suspend state LP1
[   16.208217] Enabling non-boot CPUs ...
[   16.208950] CPU1 is up
[   16.209604] CPU2 is up
[   16.210306] CPU3 is up
[   16.251459] cros-ec-spi spi0.0: spi transfer failed: -121
[   16.262803] mmc1: Switching to 3.3V signalling voltage failed
[   16.319092] panel-simple panel: panel supply power not found, using dummy regulator
[   16.319461] tegra-sor 54540000.sor: failed to probe output: -517
[   16.362736] OOM killer enabled.
[   16.365864] Restarting tasks ... done.
[   16.370043] PM: suspend exit
root@(none):/# 
root@(none):/# rtcwake -d rtc1 -m mem -s 3
rtcwake: assuming RTC uses UTC ...
rtcwake: wakeup from "mem" using /dev/rtc1 at Thu Jan  1 00:01:07 1970
[   16.867234] PM: suspend entry (deep)
[   16.870832] PM: Syncing filesystems ... done.
[   16.876477] Freezing user space processes ... (elapsed 0.001 seconds) done.
[   16.884534] OOM killer disabled.
[   16.887765] Freezing remaining freezable tasks ... (elapsed 0.001 seconds) done.
[   16.896235] Suspending console(s) (use no_console_suspend to debug)
[   17.081180] Disabling non-boot CPUs ...
[   17.238197] Entering suspend state LP1
[   17.238222] Enabling non-boot CPUs ...
[   17.238957] CPU1 is up
[   17.239594] CPU2 is up
[   17.240299] CPU3 is up
[   17.281535] cros-ec-spi spi0.0: spi transfer failed: -121
[   17.292871] mmc1: Switching to 3.3V signalling voltage failed
[   17.350944] panel-simple panel: panel supply power not found, using dummy regulator
[   17.351307] tegra-sor 54540000.sor: failed to probe output: -517
[   17.394588] OOM killer enabled.
[   17.397750] Restarting tasks ... done.
[   17.401924] PM: suspend exit
root@(none):/# 
root@(none):/# NVTB SYSTEM SUSPEND TEST COMPLETE
