

U-Boot 2015.04-00466-gedec83e90172 (Mar 14 2016 - 10:42:01)

TEGRA124
Model: Acer Chromebook 13 CB5-311
DRAM:  4 GiB
:   Tegra SD/MMC: 0, Tegra SD/MMC: 1, Tegra SD/MMC: 2
MMC init failed
Using default environment

In:    serial
Out:   serial
Err:   serial
Net:   Net Initialization Skipped
No ethernet found.
Hit any key to stop autoboot:  2  0 
Tegra124 (Nyan-big) # 
Tegra124 (Nyan-big) # usb start
starting USB...
USB0:   USB EHCI 1.10
scanning bus 0 for devices... 2 USB Device(s) found
USB1:   USB EHCI 1.10
scanning bus 1 for devices... 2 USB Device(s) found
       scanning usb for storage devices... 1 Storage Device(s) found
       scanning usb for ethernet devices... 
Warning: asx0 using MAC address from net device
1 Ethernet Device(s) found
Tegra124 (Nyan-big) # mw 0x7000e4a0 0x00080000
Tegra124 (Nyan-big) # setenv bootargs 'ignore_loglevel console=ttyS0,115200n8 rw root=PARTUUID=4d36e82a-b3c0-4b4b-bfcd-afe5217ac023 rootwait gpt debug noinitrd earlyprintk init=/bin/bash'
Tegra124 (Nyan-big) # setenv ipaddr 192.168.100.104; setenv serverip 192.168.100.1; setenv tftpserverip 192.168.100.1
Tegra124 (Nyan-big) # tftpboot 0x82000000 zImage.tegra_defconfig%tegra-fw
Using asx0 device
TFTP from server 192.168.100.1; our IP address is 192.168.100.104
Filename 'zImage.tegra_defconfig%tegra-fw'.
Load address: 0x82000000
Loading: *#################################################################
	 #################################################################
	 #################################################################
	 #################################################################
	 #################################################################
	 #################################################################
	 #############################################
	 3.6 MiB/s
done
Bytes transferred = 6384488 (616b68 hex)
Tegra124 (Nyan-big) # tftpboot 0x83000000 tegra124-nyan-big.dtb
Using asx0 device
TFTP from server 192.168.100.1; our IP address is 192.168.100.104
Filename 'tegra124-nyan-big.dtb'.
Load address: 0x83000000
Loading: *#####
	 3.2 MiB/s
done
Bytes transferred = 67482 (1079a hex)
Tegra124 (Nyan-big) # bootz 0x82000000 - 0x83000000
Kernel image @ 0x82000000 [ 0x000000 - 0x616b68 ]
## Flattened Device Tree blob at 83000000
   Booting using the fdt blob at 0x83000000
   Using Device Tree in place at 83000000, end 83013799

Starting kernel ...

[    0.000000] Booting Linux on physical CPU 0x0
[    0.000000] Linux version 4.15.0-next-20180208-231136-g957f771 (jonathanh@sellafield) (gcc version 4.7.3 20130328 (prerelease) (crosstool-NG linaro-1.13.1-4.7-2013.04-20130415 - Linaro GCC 2013.04)) #1 SMP PREEMPT Wed Feb 7 19:17:06 PST 2018
[    0.000000] CPU: ARMv7 Processor [413fc0f3] revision 3 (ARMv7), cr=10c5387d
[    0.000000] CPU: div instructions available: patching division code
[    0.000000] CPU: PIPT / VIPT nonaliasing data cache, PIPT instruction cache
[    0.000000] OF: fdt: Machine model: Acer Chromebook 13 CB5-311
[    0.000000] OF: fdt: Ignoring memory range 0x100000000 - 0x17ffff000
[    0.000000] debug: ignoring loglevel setting.
[    0.000000] bootconsole [earlycon0] enabled
[    0.000000] Memory policy: Data cache writealloc
[    0.000000] cma: Reserved 64 MiB at 0xfbc00000
[    0.000000] On node 0 totalpages: 524287
[    0.000000]   Normal zone: 1536 pages used for memmap
[    0.000000]   Normal zone: 0 pages reserved
[    0.000000]   Normal zone: 196608 pages, LIFO batch:31
[    0.000000]   HighMem zone: 327679 pages, LIFO batch:31
[    0.000000] random: fast init done
[    0.000000] percpu: Embedded 17 pages/cpu @(ptrval) s39296 r8192 d22144 u69632
[    0.000000] pcpu-alloc: s39296 r8192 d22144 u69632 alloc=17*4096
[    0.000000] pcpu-alloc: [0] 0 [0] 1 [0] 2 [0] 3 
[    0.000000] Built 1 zonelists, mobility grouping on.  Total pages: 522751
[    0.000000] Kernel command line: ignore_loglevel console=ttyS0,115200n8 rw root=PARTUUID=4d36e82a-b3c0-4b4b-bfcd-afe5217ac023 rootwait gpt debug noinitrd earlyprintk init=/bin/bash
[    0.000000] Dentry cache hash table entries: 131072 (order: 7, 524288 bytes)
[    0.000000] Inode-cache hash table entries: 65536 (order: 6, 262144 bytes)
[    0.000000] Memory: 1998484K/2097148K available (9216K kernel code, 783K rwdata, 2848K rodata, 1024K init, 298K bss, 33128K reserved, 65536K cma-reserved, 1245180K highmem)
[    0.000000] Virtual kernel memory layout:
[    0.000000]     vector  : 0xffff0000 - 0xffff1000   (   4 kB)
[    0.000000]     fixmap  : 0xffc00000 - 0xfff00000   (3072 kB)
[    0.000000]     vmalloc : 0xf0800000 - 0xff800000   ( 240 MB)
[    0.000000]     lowmem  : 0xc0000000 - 0xf0000000   ( 768 MB)
[    0.000000]     pkmap   : 0xbfe00000 - 0xc0000000   (   2 MB)
[    0.000000]     modules : 0xbf000000 - 0xbfe00000   (  14 MB)
[    0.000000]       .text : 0x(ptrval) - 0x(ptrval)   (10208 kB)
[    0.000000]       .init : 0x(ptrval) - 0x(ptrval)   (1024 kB)
[    0.000000]       .data : 0x(ptrval) - 0x(ptrval)   ( 784 kB)
[    0.000000]        .bss : 0x(ptrval) - 0x(ptrval)   ( 299 kB)
[    0.000000] Preemptible hierarchical RCU implementation.
[    0.000000] 	Tasks RCU enabled.
[    0.000000] NR_IRQS: 16, nr_irqs: 16, preallocated irqs: 16
[    0.000000] /interrupt-controller@60004000: 160 interrupts forwarded to /interrupt-controller@50041000
[    0.000000] Tegra clk 127: register failed with -17
[    0.000004] sched_clock: 32 bits at 1000kHz, resolution 1000ns, wraps every 2147483647500ns
[    0.008021] clocksource: timer_us: mask: 0xffffffff max_cycles: 0xffffffff, max_idle_ns: 1911260446275 ns
[    0.017553] Switching to timer-based delay loop, resolution 1000ns
[    0.024093] arch_timer: cp15 timer(s) running at 12.00MHz (virt).
[    0.029774] clocksource: arch_sys_counter: mask: 0xffffffffffffff max_cycles: 0x2c47f4ee7, max_idle_ns: 440795202497 ns
[    0.040520] sched_clock: 56 bits at 12MHz, resolution 83ns, wraps every 4398046511096ns
[    0.048492] Switching to timer-based delay loop, resolution 83ns
[    0.054676] Console: colour dummy device 80x30
[    0.058899] Calibrating delay loop (skipped), value calculated using timer frequency.. 24.00 BogoMIPS (lpj=120000)
[    0.069209] pid_max: default: 32768 minimum: 301
[    0.073975] Mount-cache hash table entries: 2048 (order: 1, 8192 bytes)
[    0.080392] Mountpoint-cache hash table entries: 2048 (order: 1, 8192 bytes)
[    0.087723] CPU: Testing write buffer coherency: ok
[    0.092400] /cpus/cpu@0 missing clock-frequency property
[    0.097554] /cpus/cpu@1 missing clock-frequency property
[    0.102851] /cpus/cpu@2 missing clock-frequency property
[    0.108128] /cpus/cpu@3 missing clock-frequency property
[    0.113410] CPU0: thread -1, cpu 0, socket 0, mpidr 80000000
[    0.153453] Setting up static identity map for 0x80100000 - 0x801000a0
[    0.158108] Hierarchical SRCU implementation.
[    0.173679] Tegra Revision: A01 SKU: 131 CPU Process: 1 SoC Process: 1
[    0.193458] smp: Bringing up secondary CPUs ...
[    0.243758] CPU1: thread -1, cpu 1, socket 0, mpidr 80000001
[    0.323786] CPU2: thread -1, cpu 2, socket 0, mpidr 80000002
[    0.403827] CPU3: thread -1, cpu 3, socket 0, mpidr 80000003
[    0.413605] smp: Brought up 1 node, 4 CPUs
[    0.432688] SMP: Total of 4 processors activated (96.00 BogoMIPS).
[    0.438841] CPU: All CPU(s) started in SVC mode.
[    0.444126] devtmpfs: initialized
[    0.453650] Built 1 zonelists, mobility grouping on.  Total pages: 516005
[    0.458696] VFP support v0.3: implementor 41 architecture 4 part 30 variant f rev 0
[    0.466331] clocksource: jiffies: mask: 0xffffffff max_cycles: 0xffffffff, max_idle_ns: 19112604462750000 ns
[    0.475941] futex hash table entries: 1024 (order: 4, 65536 bytes)
[    0.482230] pinctrl core: initialized pinctrl subsystem
[    0.487752] NET: Registered protocol family 16
[    0.492161] DMA: preallocated 256 KiB pool for atomic coherent allocations
[    0.499066] cpuidle: using governor menu
[    0.509917] No ATAGs?
[    0.509978] hw-breakpoint: found 5 (+1 reserved) breakpoint and 4 watchpoint registers.
[    0.518320] hw-breakpoint: maximum watchpoint size is 8 bytes.
[    0.525001] tegra-mc 70019000.memory-controller: no memory timings for RAM code 0 registered
[    0.532683] iommu: Adding device 50000000.host1x to group 0
[    0.538095] iommu: Adding device 54200000.dc to group 1
[    0.543295] iommu: Adding device 54240000.dc to group 1
[    0.548494] iommu: Adding device 57000000.gpu to group 2
[    0.559562] +5V_SYS: supplied by +VDD_MUX
[    0.561789] +3.3V_SYS: supplied by +VDD_MUX
[    0.566115] +VDD_LED: Failed to request enable GPIO122: -517
[    0.571448] reg-fixed-voltage regulators:regulator@5: Failed to register regulator: -517
[    0.579551] +5V_VDD_TS_SW: Failed to request enable GPIO81: -517
[    0.585488] reg-fixed-voltage regulators:regulator@6: Failed to register regulator: -517
[    0.593602] +5V_USB_HS: Failed to request enable GPIO108: -517
[    0.599355] reg-fixed-voltage regulators:regulator@7: Failed to register regulator: -517
[    0.607471] +5V_USB_SS: Failed to request enable GPIO109: -517
[    0.613221] reg-fixed-voltage regulators:regulator@8: Failed to register regulator: -517
[    0.621395] +1.05V_RUN_AVDD_HDMI_PLL: Failed to request enable GPIO63: -517
[    0.628215] reg-fixed-voltage regulators:regulator@11: Failed to register regulator: -517
[    0.636403] +5V_HDMI_CON: Failed to request enable GPIO86: -517
[    0.642255] reg-fixed-voltage regulators:regulator@12: Failed to register regulator: -517
[    0.650850] vgaarb: loaded
[    0.653355] SCSI subsystem initialized
[    0.656910] libata version 3.00 loaded.
[    0.660757] usbcore: registered new interface driver usbfs
[    0.666112] usbcore: registered new interface driver hub
[    0.671425] usbcore: registered new device driver usb
[    0.677619] Linux video capture interface: v2.00
[    0.681023] pps_core: LinuxPPS API ver. 1 registered
[    0.685945] pps_core: Software ver. 5.3.6 - Copyright 2005-2007 Rodolfo Giometti <giometti@linux.it>
[    0.695046] PTP clock support registered
[    0.699091] tegra-emc 7001b000.emc: no memory timings for RAM code 0 found in DT
[    0.706305] tegra-emc: probe of 7001b000.emc failed with error -2
[    0.712475] Advanced Linux Sound Architecture Driver Initialized.
[    0.718683] Bluetooth: Core ver 2.22
[    0.722006] NET: Registered protocol family 31
[    0.726414] Bluetooth: HCI device and connection manager initialized
[    0.732736] Bluetooth: HCI socket layer initialized
[    0.737593] Bluetooth: L2CAP socket layer initialized
[    0.742629] Bluetooth: SCO socket layer initialized
[    0.747724] clocksource: Switched to clocksource arch_sys_counter
[    0.785622] NET: Registered protocol family 2
[    0.788449] tcp_listen_portaddr_hash hash table entries: 512 (order: 0, 6144 bytes)
[    0.795708] TCP established hash table entries: 8192 (order: 3, 32768 bytes)
[    0.802755] TCP bind hash table entries: 8192 (order: 4, 65536 bytes)
[    0.809188] TCP: Hash tables configured (established 8192 bind 8192)
[    0.815627] UDP hash table entries: 512 (order: 2, 16384 bytes)
[    0.821364] UDP-Lite hash table entries: 512 (order: 2, 16384 bytes)
[    0.827798] NET: Registered protocol family 1
[    0.832288] RPC: Registered named UNIX socket transport module.
[    0.837904] RPC: Registered udp transport module.
[    0.842574] RPC: Registered tcp transport module.
[    0.847255] RPC: Registered tcp NFSv4.1 backchannel transport module.
[    0.863921] PCI: CLS 0 bytes, default 64
[    0.866623] hw perfevents: enabled with armv7_cortex_a15 PMU driver, 7 counters available
[    0.874756] Initialise system trusted keyrings
[    0.878579] workingset: timestamp_bits=30 max_order=19 bucket_order=0
[    0.885389] squashfs: version 4.0 (2009/01/31) Phillip Lougher
[    0.891010] NFS: Registering the id_resolver key type
[    0.895744] Key type id_resolver registered
[    0.899910] Key type id_legacy registered
[    0.905656] Key type asymmetric registered
[    0.907967] Asymmetric key parser 'x509' registered
[    0.912862] bounce: pool size: 64 pages
[    0.916648] io scheduler noop registered (default)
[    0.921399] io scheduler mq-deadline registered
[    0.925898] io scheduler kyber registered
[    0.930529] tegra-xusb-padctl 7009f000.padctl: failed to setup XUSB ports: -517
[    0.943001] tegra-apbdma 60020000.dma: Tegra20 APB DMA driver register 32 channels
[    0.949092] tegra-pmc 7000e400.pmc: i2c-thermtrip node not found, emergency thermal reset disabled.
[    0.957883] Serial: 8250/16550 driver, 4 ports, IRQ sharing disabled
[    0.964667] console [ttyS0] disabled
[    0.967558] 70006000.serial: ttyS0 at MMIO 0x70006000 (irq = 333, base_baud = 25500000) is a Tegra
[    0.976496] console [ttyS0] enabled
[    0.976496] console [ttyS0] enabled
[    0.982719] bootconsole [earlycon0] disabled
[    0.982719] bootconsole [earlycon0] disabled
[    1.008849] tegra-hdmi 54280000.hdmi: failed to get HDMI regulator
[    1.015326] tegra-dpaux 545c0000.dpaux: failed to get VDD supply: -517
[    1.022839] panel-simple panel: panel supply power not found, using dummy regulator
[    1.034223] loop: module loaded
[    1.037925] as3722 4-0040: AS3722 with revision 0x1 found
[    1.048002] as3722-sd2: supplied by +5V_SYS
[    1.052427] as3722-sd3: supplied by +5V_SYS
[    1.056763] +1.35V_LP0(sd3): Bringing 0uV into 1350000-1350000uV
[    1.062960] as3722-sd4: supplied by +5V_SYS
[    1.067296] +1.05V_RUN: Bringing 0uV into 1050000-1050000uV
[    1.073050] as3722-sd5: supplied by +5V_SYS
[    1.078653] as3722-ldo0: supplied by +1.35V_LP0(sd2)
[    1.084400] +1.8V_RUN_CAM: Bringing 0uV into 1800000-1800000uV
[    1.090424] as3722-ldo2: supplied by +1.8V_VDDIO
[    1.096056] as3722-ldo3: supplied by +3.3V_SYS
[    1.100516] +1.00V_LP0_VDD_RTC: Bringing 1100000uV into 1000000-1000000uV
[    1.108094] as3722-ldo4: supplied by +3.3V_SYS
[    1.112691] +3.3V_RUN_CAM: Bringing 0uV into 2800000-2800000uV
[    1.118719] as3722-ldo5: supplied by +1.8V_VDDIO
[    1.123495] +1.2V_RUN_CAM_FRONT: Bringing 0uV into 1200000-1200000uV
[    1.130195] +VDDIO_SDMMC3: Bringing 0uV into 1800000-1800000uV
[    1.136228] as3722-ldo7: supplied by +1.8V_VDDIO
[    1.141011] +1.05V_RUN_CAM_REAR: Bringing 0uV into 1050000-1050000uV
[    1.147559] as3722-ldo9: supplied by +5V_SYS
[    1.152139] +2.8V_RUN_TOUCH: Bringing 0uV into 2800000-2800000uV
[    1.158352] as3722-ldo10: supplied by +5V_SYS
[    1.162864] +2.8V_RUN_CAM_AF: Bringing 0uV into 2800000-2800000uV
[    1.169314] +1.8V_RUN_VPP_FUSE: Bringing 0uV into 1800000-1800000uV
[    1.191835] cros-ec-spi spi0.0: Chrome EC device registered
[    1.206761] m25p80 spi1.0: w25q32dw (4096 Kbytes)
[    1.212273] libphy: Fixed MDIO Bus: probed
[    1.216358] CAN device driver interface
[    1.220226] igb: Intel(R) Gigabit Ethernet Network Driver - version 5.4.0-k
[    1.227170] igb: Copyright (c) 2007-2014 Intel Corporation.
[    1.232786] pegasus: v0.9.3 (2013/04/25), Pegasus/Pegasus II USB Ethernet driver
[    1.240228] usbcore: registered new interface driver pegasus
[    1.245896] usbcore: registered new interface driver asix
[    1.251315] usbcore: registered new interface driver ax88179_178a
[    1.257409] usbcore: registered new interface driver cdc_ether
[    1.263266] usbcore: registered new interface driver smsc75xx
[    1.269027] usbcore: registered new interface driver smsc95xx
[    1.274779] usbcore: registered new interface driver net1080
[    1.280457] usbcore: registered new interface driver cdc_subset
[    1.286378] usbcore: registered new interface driver zaurus
[    1.291968] usbcore: registered new interface driver cdc_ncm
[    1.297700] ehci_hcd: USB 2.0 'Enhanced' Host Controller (EHCI) Driver
[    1.304225] ehci-pci: EHCI PCI platform driver
[    1.308683] tegra-ehci: Tegra EHCI driver
[    1.312948] usbcore: registered new interface driver cdc_acm
[    1.318600] cdc_acm: USB Abstract Control Model driver for USB modems and ISDN adapters
[    1.326603] usbcore: registered new interface driver cdc_wdm
[    1.332277] usbcore: registered new interface driver usb-storage
[    1.338938] input: cros_ec as /devices/soc0/7000d400.spi/spi_master/spi0/spi0.0/7000d400.spi:cros-ec@0:keyboard-controller/input/input0
[    1.358559] as3722-rtc as3722-rtc: rtc core: registered as3722-rtc as rtc0
[    1.365418] as3722-rtc as3722-rtc: RTC interrupt 372
[    1.372179] tegra_rtc 7000e000.rtc: rtc core: registered 7000e000.rtc as rtc1
[    1.379324] tegra_rtc 7000e000.rtc: Tegra internal Real Time Clock
[    1.385601] i2c /dev entries driver
[    1.389518] usbcore: registered new interface driver uvcvideo
[    1.395248] USB Video Class driver (1.1.1)
[    1.399341] gspca_main: v2.14.0 registered
[    1.403656] lm90 0-004c: 0-004c supply vcc not found, using dummy regulator
[    1.412323] tegra-wdt 60005000.timer: initialized (heartbeat = 120 sec, nowayout = 0)
[    1.420663] sdhci: Secure Digital Host Controller Interface driver
[    1.426828] sdhci: Copyright(c) Pierre Ossman
[    1.431182] sdhci-pltfm: SDHCI platform and OF driver helper
[    1.436953] sdhci-tegra 700b0000.sdhci: allocated mmc-pwrseq
[    1.450755] sdhci-tegra 700b0400.sdhci: Got CD GPIO
[    1.455626] sdhci-tegra 700b0400.sdhci: Got WP GPIO
[    1.475858] mmc0: Unknown controller version (3). You may experience problems.
[    1.483098] mmc0: Invalid maximum block size, assuming 512 bytes
[    1.519872] mmc0: SDHCI controller on 700b0600.sdhci [700b0600.sdhci] using ADMA
[    1.527580] usbcore: registered new interface driver usbhid
[    1.533261] usbhid: USB HID core driver
[    1.539360] tegra30-i2s 70301100.i2s: DMA channels sourced from device 70300000.ahub
[    1.587623] mmc0: new high speed MMC card at address 0001
[    1.593541] max98090 0-0010: MAX98090 REVID=0x43
[    1.594967] mmcblk0: mmc0:0001 MMC16G 14.4 GiB 
[    1.604314] max98090 0-0010: use default 2.8v micbias
[    1.604535] mmcblk0boot0: mmc0:0001 MMC16G partition 1 2.00 MiB
[    1.617138] mmcblk0boot1: mmc0:0001 MMC16G partition 2 2.00 MiB
[    1.623179] mmcblk0rpmb: mmc0:0001 MMC16G partition 3 128 KiB, chardev (247:0)
[    1.623354] tegra-snd-max98090 sound: HiFi <-> 70301100.i2s mapping ok
[    1.638098] input: GoogleNyanBig Headphones as /devices/soc0/sound/sound/card1/input1
[    1.639957]  mmcblk0: p1 p2 p3 p4 p5 p6 p7 p8 p9 p10 p11 p12
[    1.646080] input: GoogleNyanBig Mic Jack as /devices/soc0/sound/sound/card1/input2
[    1.660061] NET: Registered protocol family 10
[    1.665086] Segment Routing with IPv6
[    1.668814] mip6: Mobile IPv6
[    1.671773] sit: IPv6, IPv4 and MPLS over IPv4 tunneling driver
[    1.678221] NET: Registered protocol family 17
[    1.682662] NET: Registered protocol family 15
[    1.687094] can: controller area network core (rev 20170425 abi 9)
[    1.693339] NET: Registered protocol family 29
[    1.697780] can: raw protocol (rev 20170425)
[    1.702037] can: broadcast manager protocol (rev 20170425 t)
[    1.707683] can: netlink gateway (rev 20170425) max_hops=1
[    1.713232] Bluetooth: RFCOMM socket layer initialized
[    1.718374] Bluetooth: RFCOMM ver 1.11
[    1.722116] Bluetooth: BNEP (Ethernet Emulation) ver 1.3
[    1.727416] Bluetooth: BNEP socket layer initialized
[    1.732371] Bluetooth: HIDP (Human Interface Emulation) ver 1.2
[    1.738282] Bluetooth: HIDP socket layer initialized
[    1.743324] Key type dns_resolver registered
[    1.747789] Registering SWP/SWPB emulation handler
[    1.752823] Loading compiled-in X.509 certificates
[    1.764669] +3.3V_RUN: supplied by +3.3V_SYS
[    1.769610] +VDD_LED: supplied by +VDD_MUX
[    1.773809] +3.3V_AVDD_HDMI_AP_GATED: supplied by +3.3V_RUN
[    1.779543] +1.8V_RUN_CAM: supplied by +3.3V_RUN
[    1.784246] +VDDIO_SDMMC3: supplied by +3.3V_RUN
[    1.788986] +1.8V_RUN_VPP_FUSE: supplied by +3.3V_RUN
[    1.794161] +5V_VDD_TS_SW: supplied by +5V_SYS
[    1.798899] +5V_USB_HS: supplied by +5V_SYS
[    1.803216] +5V_USB_SS: supplied by +5V_SYS
[    1.808423] +3.3V_PANEL: supplied by +3.3V_RUN
[    1.813915] +3.3V_LP0: supplied by +3.3V_SYS
[    1.818963] +1.05V_RUN_AVDD_HDMI_PLL: supplied by +1.05V_RUN
[    1.824814] +5V_HDMI_CON: supplied by +5V_SYS
[    1.829917]  usb3-0: usb3-0 supply vbus not found, using dummy regulator
[    1.836649]  usb3-1: usb3-1 supply vbus not found, using dummy regulator
[    1.849784] tegra-sor 54540000.sor: failed to probe output: -517
[    1.855999] panel-simple panel: panel supply power not found, using dummy regulator
[    1.928460] tegra-xusb 70090000.usb: Firmware timestamp: 2014-09-16 02:10:07 UTC
[    1.935856] tegra-xusb 70090000.usb: xHCI Host Controller
[    1.941295] tegra-xusb 70090000.usb: new USB bus registered, assigned bus number 1
[    1.950809] tegra-xusb 70090000.usb: hcc params 0x0184f525 hci version 0x100 quirks 0x00010010
[    1.959439] tegra-xusb 70090000.usb: irq 344, io mem 0x70090000
[    1.965819] hub 1-0:1.0: USB hub found
[    1.969646] hub 1-0:1.0: 6 ports detected
[    1.974014] tegra-xusb 70090000.usb: xHCI Host Controller
[    1.979417] tegra-xusb 70090000.usb: new USB bus registered, assigned bus number 2
[    1.987082] usb usb2: We don't know the algorithms for LPM for this host, disabling LPM.
[    1.995576] hub 2-0:1.0: USB hub found
[    1.999386] hub 2-0:1.0: 2 ports detected
[    2.004401] sdhci-tegra 700b0000.sdhci: allocated mmc-pwrseq
[    2.017950] mmc1: Unknown controller version (3). You may experience problems.
[    2.025192] mmc1: Invalid maximum block size, assuming 512 bytes
[    2.031666] mmc1: Switching to 3.3V signalling voltage failed
[    2.060471] mmc1: SDHCI controller on 700b0000.sdhci [700b0000.sdhci] using ADMA
[    2.068110] sdhci-tegra 700b0400.sdhci: Got CD GPIO
[    2.072981] sdhci-tegra 700b0400.sdhci: Got WP GPIO
[    2.083217] mmc2: Unknown controller version (3). You may experience problems.
[    2.090555] mmc2: Invalid maximum block size, assuming 512 bytes
[    2.126205] mmc1: new high speed SDIO card at address 0001
[    2.132037] mmc2: SDHCI controller on 700b0400.sdhci [700b0400.sdhci] using ADMA
[    2.139643] tegra-sor 54540000.sor: failed to probe output: -517
[    2.145806] panel-simple panel: panel supply power not found, using dummy regulator
[    2.153924] input: gpio-keys as /devices/soc0/gpio-keys/input/input3
[    2.160549] tegra-sor 54540000.sor: failed to probe output: -517
[    2.166771] panel-simple panel: panel supply power not found, using dummy regulator
[    2.174720] as3722-rtc as3722-rtc: setting system clock to 2000-01-01 00:00:22 UTC (946684822)
[    2.183525] cfg80211: Loading compiled-in X.509 certificates for regulatory database
[    2.193475] cfg80211: Loaded X.509 cert 'sforshee: 00b28ddf47aef9cea7'
[    2.200228] platform regulatory.0: Direct firmware load for regulatory.db failed with error -2
[    2.208143] +3.3V_AVDD_HDMI_AP_GATED: disabling
[    2.208857] cfg80211: failed to load regulatory.db
[    2.213411] +1.8V_RUN_CAM: disabling
[    2.222045] +1.2V_RUN_CAM_FRONT: disabling
[    2.226282] +1.05V_RUN_CAM_REAR: disabling
[    2.230623] +2.8V_RUN_TOUCH: disabling
[    2.234482] +2.8V_RUN_CAM_AF: disabling
[    2.238826] +1.8V_RUN_VPP_FUSE: disabling
[    2.243019] +VDD_LED: disabling
[    2.246182] +5V_VDD_TS_SW: disabling
[    2.249788] +3.3V_PANEL: disabling
[    2.253182] +1.05V_RUN_AVDD_HDMI_PLL: disabling
[    2.257772] +5V_HDMI_CON: disabling
[    2.261294] ALSA device list:
[    2.264265]   #1: GoogleNyanBig
[    2.308170] tegra-sor 54540000.sor: failed to probe output: -517
[    2.314420] panel-simple panel: panel supply power not found, using dummy regulator
[    2.322602] input: tegra-hda HDMI/DP,pcm=3 as /devices/soc0/70030000.hda/sound/card0/input4
[    2.331054] EXT4-fs (mmcblk0p3): couldn't mount as ext3 due to feature incompatibilities
[    2.347777] usb 1-2: new high-speed USB device number 2 using tegra-xusb
[    2.365179] mmc2: new high speed SDHC card at address 0007
[    2.372583] mmcblk2: mmc2:0007 SD08G 7.42 GiB 
[    2.385196] GPT:Primary header alternate_lba != Alt. header my_lba
[    2.391406] GPT:3014591 != 15564799
[    2.394894] GPT:Primary header thinks Alt. header is not at the end of the disk.
[    2.402308] GPT:3014591 != 15564799
[    2.405785] GPT: Use GNU Parted to correct GPT errors.
[    2.410973]  mmcblk2: p1 p2 p3 p4 p5 p6 p7 p8 p9 p10 p11 p12
[    2.418065] tegra-sor 54540000.sor: failed to probe output: -517
[    2.424294] panel-simple panel: panel supply power not found, using dummy regulator
[    2.630029] EXT4-fs (mmcblk0p3): recovery complete
[    2.634816] EXT4-fs (mmcblk0p3): mounted filesystem with ordered data mode. Opts: (null)
[    2.642949] VFS: Mounted root (ext4 filesystem) on device 179:3.
[    2.649963] devtmpfs: mounted
[    2.653372] Freeing unused kernel memory: 1024K
[    2.670209] uvcvideo: Found UVC 1.00 device HD WebCam (1bcf:2c67)
[    2.684941] input: HD WebCam: HD WebCam as /devices/soc0/70090000.usb/usb1/1-2/1-2:1.0/input/input5
[    2.694532] tegra-sor 54540000.sor: failed to probe output: -517
[    2.700840] panel-simple panel: panel supply power not found, using dummy regulator
bash: cannot set terminal process group (-1): Inappropriate ioctl for device
bash: no job control in this shell
root@(none):/# [    2.888437] alloc_contig_range: [fbc79, fbc7a) PFNs busy
[    2.894112] alloc_contig_range: [fbc79, fbc7a) PFNs busy
[    2.899448] alloc_contig_range: [fbc7b, fbc7c) PFNs busy
[    2.904752] alloc_contig_range: [fbc7c, fbc7d) PFNs busy
[    2.910062] alloc_contig_range: [fbc7d, fbc7e) PFNs busy
[    2.915365] alloc_contig_range: [fbc7e, fbc7f) PFNs busy
[    2.920713] alloc_contig_range: [fbc7f, fbc80) PFNs busy
[    2.926017] alloc_contig_range: [fbca1, fbca2) PFNs busy
[    2.931331] alloc_contig_range: [fbca2, fbca3) PFNs busy
[    2.936633] alloc_contig_range: [fbca3, fbca4) PFNs busy
[    3.087817] usb 1-3: new high-speed USB device number 3 using tegra-xusb
mount -t sysfs none /sys
[    3.758144] asix 1-3:1.0 eth0: register 'asix' at usb-70090000.usb-3, ASIX AX88772 USB 2.0 Ethernet, c8:d7:19:90:fa:65
[    3.769154] tegra-sor 54540000.sor: failed to probe output: -517
[    3.775312] panel-simple panel: panel supply power not found, using dummy regulator
root@(none):/# 
root@(none):/# [    4.117817] usb 1-1: new high-speed USB device number 4 using tegra-xusb
[    4.306074] usb-storage 1-1:1.0: USB Mass Storage device detected
[    4.312965] scsi host0: usb-storage 1-1:1.0
[    4.317557] tegra-sor 54540000.sor: failed to probe output: -517
[    4.323805] panel-simple panel: panel supply power not found, using dummy regulator
mount -t debugfs none /sys/kernel/debug
root@(none):/# 
root@(none):/# [    5.319476] scsi 0:0:0:0: Direct-Access     SanDisk  SDDR-113         9412 PQ: 0 ANSI: 0
[    5.328210] tegra-sor 54540000.sor: failed to probe output: -517
[    5.334431] panel-simple panel: panel supply power not found, using dummy regulator
[    5.525542] sd 0:0:0:0: [sda] 15523840 512-byte logical blocks: (7.95 GB/7.40 GiB)
[    5.534094] sd 0:0:0:0: [sda] Write Protect is off
[    5.538916] sd 0:0:0:0: [sda] Mode Sense: 03 00 00 00
[    5.544931] sd 0:0:0:0: [sda] No Caching mode page found
[    5.550276] sd 0:0:0:0: [sda] Assuming drive cache: write through
[    5.577897]  sda: sda1 sda2 sda3 sda4 sda5 sda6 sda7 sda8 sda9 sda10 sda11 sda12 sda13
[    5.589877] sd 0:0:0:0: [sda] Attached SCSI removable disk
rtcwake -d rtc1 -m mem -s 3
rtcwake: assuming RTC uses UTC ...
rtcwake: wakeup from "mem" using /dev/rtc1 at Thu Jan  1 00:00:28 1970
[    5.809279] PM: suspend entry (deep)
[    5.812847] PM: Syncing filesystems ... done.
[    5.818904] Freezing user space processes ... (elapsed 0.001 seconds) done.
[    5.827016] OOM killer disabled.
[    5.830279] Freezing remaining freezable tasks ... (elapsed 0.001 seconds) done.
[    5.838840] Suspending console(s) (use no_console_suspend to debug)
[    6.041593] Disabling non-boot CPUs ...
[    6.077932] IRQ17 no longer affine to CPU1
[    6.198583] Entering suspend state LP1
[    6.198608] Enabling non-boot CPUs ...
[    6.199354] CPU1 is up
[    6.199994] CPU2 is up
[    6.200693] CPU3 is up
[    6.241562] cros-ec-spi spi0.0: spi transfer failed: -121
[    6.253926] mmc1: Switching to 3.3V signalling voltage failed
[    6.798737] tegra-sor 54540000.sor: failed to probe output: -517
[    6.798969] panel-simple panel: panel supply power not found, using dummy regulator
[    6.828766] OOM killer enabled.
[    6.831908] Restarting tasks ... done.
[    6.836609] PM: suspend exit
root@(none):/# 
root@(none):/# rtcwake -d rtc1 -m mem -s 3
rtcwake: assuming RTC uses UTC ...
rtcwake: wakeup from "mem" using /dev/rtc1 at Thu Jan  1 00:00:33 1970
[    7.176964] PM: suspend entry (deep)
[    7.180563] PM: Syncing filesystems ... done.
[    7.186248] Freezing user space processes ... (elapsed 0.001 seconds) done.
[    7.194437] OOM killer disabled.
[    7.197653] Freezing remaining freezable tasks ... (elapsed 0.001 seconds) done.
[    7.206269] Suspending console(s) (use no_console_suspend to debug)
[    7.391290] Disabling non-boot CPUs ...
[    7.558373] Entering suspend state LP1
[    7.558398] Enabling non-boot CPUs ...
[    7.559181] CPU1 is up
[    7.559850] CPU2 is up
[    7.560561] CPU3 is up
[    7.611755] cros-ec-spi spi0.0: spi transfer failed: -121
[    7.623956] mmc1: Switching to 3.3V signalling voltage failed
[    8.150629] tegra-sor 54540000.sor: failed to probe output: -517
[    8.150798] panel-simple panel: panel supply power not found, using dummy regulator
[    8.194169] OOM killer enabled.
[    8.197298] Restarting tasks ... done.
[    8.201653] PM: suspend exit
root@(none):/# 
root@(none):/# rtcwake -d rtc1 -m mem -s 3
rtcwake: assuming RTC uses UTC ...
rtcwake: wakeup from "mem" using /dev/rtc1 at Thu Jan  1 00:00:38 1970
[    8.537254] PM: suspend entry (deep)
[    8.540840] PM: Syncing filesystems ... done.
[    8.546485] Freezing user space processes ... (elapsed 0.001 seconds) done.
[    8.554672] OOM killer disabled.
[    8.557897] Freezing remaining freezable tasks ... (elapsed 0.001 seconds) done.
[    8.566487] Suspending console(s) (use no_console_suspend to debug)
[    8.751730] Disabling non-boot CPUs ...
[    8.867859] IRQ17 no longer affine to CPU2
[    8.928349] Entering suspend state LP1
[    8.928375] Enabling non-boot CPUs ...
[    8.929164] CPU1 is up
[    8.929835] CPU2 is up
[    8.930544] CPU3 is up
[    8.981718] cros-ec-spi spi0.0: spi transfer failed: -121
[    8.993896] mmc1: Switching to 3.3V signalling voltage failed
[    9.208180] usb 1-1: reset high-speed USB device number 4 using tegra-xusb
[    9.523297] tegra-sor 54540000.sor: failed to probe output: -517
[    9.523467] panel-simple panel: panel supply power not found, using dummy regulator
[    9.577932] OOM killer enabled.
[    9.581065] Restarting tasks ... done.
[    9.585315] PM: suspend exit
root@(none):/# 
root@(none):/# rtcwake -d rtc1 -m mem -s 3
rtcwake: assuming RTC uses UTC ...
rtcwake: wakeup from "mem" using /dev/rtc1 at Thu Jan  1 00:00:43 1970
[    9.906589] PM: suspend entry (deep)
[    9.910175] PM: Syncing filesystems ... done.
[    9.915631] Freezing user space processes ... (elapsed 0.001 seconds) done.
[    9.923820] OOM killer disabled.
[    9.927036] Freezing remaining freezable tasks ... (elapsed 0.001 seconds) done.
[    9.935626] Suspending console(s) (use no_console_suspend to debug)
[   10.121903] Disabling non-boot CPUs ...
[   10.268311] Entering suspend state LP1
[   10.268337] Enabling non-boot CPUs ...
[   10.269126] CPU1 is up
[   10.269793] CPU2 is up
[   10.270503] CPU3 is up
[   10.321682] cros-ec-spi spi0.0: spi transfer failed: -121
[   10.333914] mmc1: Switching to 3.3V signalling voltage failed
[   10.548049] usb 1-1: reset high-speed USB device number 4 using tegra-xusb
[   10.862564] tegra-sor 54540000.sor: failed to probe output: -517
[   10.862736] panel-simple panel: panel supply power not found, using dummy regulator
[   10.912969] OOM killer enabled.
[   10.916098] Restarting tasks ... done.
[   10.920548] PM: suspend exit
root@(none):/# 
root@(none):/# rtcwake -d rtc1 -m mem -s 3
rtcwake: assuming RTC uses UTC ...
rtcwake: wakeup from "mem" using /dev/rtc1 at Thu Jan  1 00:00:48 1970
[   11.246358] PM: suspend entry (deep)
[   11.249945] PM: Syncing filesystems ... done.
[   11.255493] Freezing user space processes ... (elapsed 0.001 seconds) done.
[   11.263670] OOM killer disabled.
[   11.266886] Freezing remaining freezable tasks ... (elapsed 0.001 seconds) done.
[   11.275475] Suspending console(s) (use no_console_suspend to debug)
[   11.461692] Disabling non-boot CPUs ...
[   11.547808] IRQ17 no longer affine to CPU2
[   11.608279] Entering suspend state LP1
[   11.608304] Enabling non-boot CPUs ...
[   11.609092] CPU1 is up
[   11.609757] CPU2 is up
[   11.610464] CPU3 is up
[   11.661665] cros-ec-spi spi0.0: spi transfer failed: -121
[   11.673864] mmc1: Switching to 3.3V signalling voltage failed
[   12.202174] tegra-sor 54540000.sor: failed to probe output: -517
[   12.202344] panel-simple panel: panel supply power not found, using dummy regulator
[   12.249807] OOM killer enabled.
[   12.252936] Restarting tasks ... done.
[   12.257217] PM: suspend exit
root@(none):/# 
root@(none):/# rtcwake -d rtc1 -m mem -s 3
rtcwake: assuming RTC uses UTC ...
rtcwake: wakeup from "mem" using /dev/rtc1 at Thu Jan  1 00:00:53 1970
[   12.587420] PM: suspend entry (deep)
[   12.591010] PM: Syncing filesystems ... done.
[   12.596485] Freezing user space processes ... (elapsed 0.001 seconds) done.
[   12.604579] OOM killer disabled.
[   12.607803] Freezing remaining freezable tasks ... (elapsed 0.001 seconds) done.
[   12.616368] Suspending console(s) (use no_console_suspend to debug)
[   12.801820] Disabling non-boot CPUs ...
[   12.837788] IRQ17 no longer affine to CPU1
[   12.948258] Entering suspend state LP1
[   12.948283] Enabling non-boot CPUs ...
[   12.949074] CPU1 is up
[   12.949738] CPU2 is up
[   12.950451] CPU3 is up
[   13.001658] cros-ec-spi spi0.0: spi transfer failed: -121
[   13.013882] mmc1: Switching to 3.3V signalling voltage failed
[   13.543200] tegra-sor 54540000.sor: failed to probe output: -517
[   13.543371] panel-simple panel: panel supply power not found, using dummy regulator
[   13.590905] OOM killer enabled.
[   13.594046] Restarting tasks ... done.
[   13.598562] PM: suspend exit
root@(none):/# 
root@(none):/# rtcwake -d rtc1 -m mem -s 3
rtcwake: assuming RTC uses UTC ...
rtcwake: wakeup from "mem" using /dev/rtc1 at Thu Jan  1 00:00:58 1970
[   13.927402] PM: suspend entry (deep)
[   13.930993] PM: Syncing filesystems ... done.
[   13.936483] Freezing user space processes ... (elapsed 0.001 seconds) done.
[   13.944627] OOM killer disabled.
[   13.947864] Freezing remaining freezable tasks ... (elapsed 0.001 seconds) done.
[   13.956441] Suspending console(s) (use no_console_suspend to debug)
[   14.141221] Disabling non-boot CPUs ...
[   14.237755] IRQ17 no longer affine to CPU2
[   14.298223] Entering suspend state LP1
[   14.298249] Enabling non-boot CPUs ...
[   14.299036] CPU1 is up
[   14.299701] CPU2 is up
[   14.300411] CPU3 is up
[   14.351455] cros-ec-spi spi0.0: spi transfer failed: -121
[   14.363667] mmc1: Switching to 3.3V signalling voltage failed
[   14.893079] tegra-sor 54540000.sor: failed to probe output: -517
[   14.893247] panel-simple panel: panel supply power not found, using dummy regulator
[   14.940819] OOM killer enabled.
[   14.943960] Restarting tasks ... done.
[   14.948318] PM: suspend exit
root@(none):/# 
root@(none):/# rtcwake -d rtc1 -m mem -s 3
rtcwake: assuming RTC uses UTC ...
rtcwake: wakeup from "mem" using /dev/rtc1 at Thu Jan  1 00:01:03 1970
[   15.277088] PM: suspend entry (deep)
[   15.280717] PM: Syncing filesystems ... done.
[   15.286228] Freezing user space processes ... (elapsed 0.001 seconds) done.
[   15.294406] OOM killer disabled.
[   15.297627] Freezing remaining freezable tasks ... (elapsed 0.001 seconds) done.
[   15.306201] Suspending console(s) (use no_console_suspend to debug)
[   15.491611] Disabling non-boot CPUs ...
[   15.597737] IRQ17 no longer affine to CPU2
[   15.658217] Entering suspend state LP1
[   15.658242] Enabling non-boot CPUs ...
[   15.659032] CPU1 is up
[   15.659698] CPU2 is up
[   15.660411] CPU3 is up
[   15.711627] cros-ec-spi spi0.0: spi transfer failed: -121
[   15.724119] mmc1: Switching to 3.3V signalling voltage failed
[   15.938053] usb 1-1: reset high-speed USB device number 4 using tegra-xusb
[   16.251607] tegra-sor 54540000.sor: failed to probe output: -517
[   16.251777] panel-simple panel: panel supply power not found, using dummy regulator
[   16.306105] OOM killer enabled.
[   16.309239] Restarting tasks ... done.
[   16.313545] PM: suspend exit
root@(none):/# 
root@(none):/# rtcwake -d rtc1 -m mem -s 3
rtcwake: assuming RTC uses UTC ...
rtcwake: wakeup from "mem" using /dev/rtc1 at Thu Jan  1 00:01:08 1970
[   16.636569] PM: suspend entry (deep)
[   16.640156] PM: Syncing filesystems ... done.
[   16.645608] Freezing user space processes ... (elapsed 0.001 seconds) done.
[   16.653785] OOM killer disabled.
[   16.657002] Freezing remaining freezable tasks ... (elapsed 0.001 seconds) done.
[   16.665578] Suspending console(s) (use no_console_suspend to debug)
[   16.851467] Disabling non-boot CPUs ...
[   16.957709] IRQ17 no longer affine to CPU2
[   17.018236] Entering suspend state LP1
[   17.018261] Enabling non-boot CPUs ...
[   17.019049] CPU1 is up
[   17.019716] CPU2 is up
[   17.020426] CPU3 is up
[   17.071568] cros-ec-spi spi0.0: spi transfer failed: -121
[   17.083692] mmc1: Switching to 3.3V signalling voltage failed
[   17.297922] usb 1-1: reset high-speed USB device number 4 using tegra-xusb
[   17.613544] tegra-sor 54540000.sor: failed to probe output: -517
[   17.613710] panel-simple panel: panel supply power not found, using dummy regulator
[   17.668022] OOM killer enabled.
[   17.671151] Restarting tasks ... done.
[   17.675415] PM: suspend exit
root@(none):/# 
root@(none):/# rtcwake -d rtc1 -m mem -s 3
rtcwake: assuming RTC uses UTC ...
rtcwake: wakeup from "mem" using /dev/rtc1 at Thu Jan  1 00:01:13 1970
[   17.997316] PM: suspend entry (deep)
[   18.000906] PM: Syncing filesystems ... done.
[   18.006601] Freezing user space processes ... (elapsed 0.001 seconds) done.
[   18.014685] OOM killer disabled.
[   18.017916] Freezing remaining freezable tasks ... (elapsed 0.001 seconds) done.
[   18.026479] Suspending console(s) (use no_console_suspend to debug)
[   18.211680] Disabling non-boot CPUs ...
[   18.368226] Entering suspend state LP1
[   18.368252] Enabling non-boot CPUs ...
[   18.369041] CPU1 is up
[   18.369705] CPU2 is up
[   18.370423] CPU3 is up
[   18.421543] cros-ec-spi spi0.0: spi transfer failed: -121
[   18.433983] mmc1: Switching to 3.3V signalling voltage failed
[   18.961914] tegra-sor 54540000.sor: failed to probe output: -517
[   18.962083] panel-simple panel: panel supply power not found, using dummy regulator
[   19.005454] OOM killer enabled.
[   19.008596] Restarting tasks ... done.
[   19.012779] PM: suspend exit
root@(none):/# 
NVTB SYSTEM SUSPEND TEST COMPLETE
root@(none):/# 