

U-Boot 2011.03 (Jun 11 2013 - 06:07:37)

T114
Board: NVIDIA Dalmore
DRAM:  2 GiB
MMC:   Tegra2 SD/MMC: 0, Tegra2 SD/MMC: 1
In:    serial
Out:   serial
Err:   serial
Net:   Net Initialization Skipped
No ethernet found.
Hit any key to stop autoboot:  2  1  0 
Dalmore #
Dalmore #usb reset
(Re)start USB...
USB:   Register 10011 NbrPorts 1
USB EHCI 1.10
scanning bus for devices... 2 USB Device(s) found
       scanning bus for storage devices... 0 Storage Device(s) found
       scanning bus for ethernet devices... 1 Ethernet Device(s) found
Dalmore #setenv bootargs 'ignore_loglevel console=ttyS0,115200n8 rw root=/dev/mmcblk0p1 rootwait gpt init=/bin/bash'
Dalmore #setenv ipaddr 192.168.100.100; setenv serverip 192.168.100.1; setenv tftpserverip 192.168.100.1
Dalmore #tftpboot 0x81000000 zImage.multi_v7_defconfig
Waiting for Ethernet connection... done.
Using asx0 device
TFTP from server 192.168.100.1; our IP address is 192.168.100.100
Filename 'zImage.multi_v7_defconfig'.
Load address: 0x81000000
Loading: *#################################################  2.8 MiB/s
done
Bytes transferred = 3641752 (379198 hex)
Dalmore #tftpboot 0x82000000 tegra114-dalmore.dtb
Using asx0 device
TFTP from server 192.168.100.1; our IP address is 192.168.100.100
Filename 'tegra114-dalmore.dtb'.
Load address: 0x82000000
Loading: *#################################################  2.3 MiB/s
done
Bytes transferred = 29436 (72fc hex)
Dalmore #bootz 0x81000000 - 0x82000000
## Flattened Device Tree blob at 82000000
   Booting using the fdt blob at 0x82000000
   Loading Device Tree to 81ff5000, end 81fff2fb ... OK

Starting kernel ...

Timer summary in microseconds:
       Mark    Elapsed  Stage
          0          0  awake
  3,075,663  3,075,663  usb_start
  7,078,968  4,003,305  eth_start
  7,078,965         -3  tftp start
 10,759,773  3,680,808  tftp done
 12,090,729  1,330,956  start_kernel
[    0.000000] Booting Linux on physical CPU 0x0
[    0.000000] Linux version 3.12.0-next-20131106-23138-g7e82ea4 (pwalmsley@kaivo) (gcc version 4.7.3 20130328 (prerelease) (crosstool-NG linaro-1.13.1-4.7-2013.04-20130415 - Linaro GCC 2013.04) ) #1 SMP Wed Nov 6 01:47:07 PST 2013
[    0.000000] CPU: ARMv7 Processor [412fc0f2] revision 2 (ARMv7), cr=10c5387d
[    0.000000] CPU: PIPT / VIPT nonaliasing data cache, PIPT instruction cache
[    0.000000] Machine model: NVIDIA Tegra114 Dalmore evaluation board
[    0.000000] debug: ignoring loglevel setting.
[    0.000000] Memory policy: ECC disabled, Data cache writealloc
[    0.000000] On node 0 totalpages: 524032
[    0.000000] free_area_init_node: node 0, pgdat c0746c00, node_mem_map c078e000
[    0.000000]   DMA zone: 1520 pages used for memmap
[    0.000000]   DMA zone: 0 pages reserved
[    0.000000]   DMA zone: 194560 pages, LIFO batch:31
[    0.000000]   HighMem zone: 2574 pages used for memmap
[    0.000000]   HighMem zone: 329472 pages, LIFO batch:31
[    0.000000] Tegra Revision: A01 SKU: 0 CPU Process: 1 Core Process: 1
[    0.000000] PERCPU: Embedded 5 pages/cpu @c17a6000 s6848 r0 d13632 u32768
[    0.000000] pcpu-alloc: s6848 r0 d13632 u32768 alloc=8*4096
[    0.000000] pcpu-alloc: [0] 0 [0] 1 [0] 2 [0] 3 
[    0.000000] Built 1 zonelists in Zone order, mobility grouping on.  Total pages: 522512
[    0.000000] Kernel command line: ignore_loglevel console=ttyS0,115200n8 rw root=/dev/mmcblk0p1 rootwait gpt init=/bin/bash
[    0.000000] PID hash table entries: 4096 (order: 2, 16384 bytes)
[    0.000000] Dentry cache hash table entries: 131072 (order: 7, 524288 bytes)
[    0.000000] Inode-cache hash table entries: 65536 (order: 6, 262144 bytes)
[    0.000000] Memory: 2070984K/2096128K available (4937K kernel code, 590K rwdata, 1412K rodata, 474K init, 280K bss, 25144K reserved, 1317888K highmem)
[    0.000000] Virtual kernel memory layout:
[    0.000000]     vector  : 0xffff0000 - 0xffff1000   (   4 kB)
[    0.000000]     fixmap  : 0xfff00000 - 0xfffe0000   ( 896 kB)
[    0.000000]     vmalloc : 0xf0000000 - 0xff000000   ( 240 MB)
[    0.000000]     lowmem  : 0xc0000000 - 0xef800000   ( 760 MB)
[    0.000000]     pkmap   : 0xbfe00000 - 0xc0000000   (   2 MB)
[    0.000000]       .text : 0xc0008000 - 0xc063b678   (6350 kB)
[    0.000000]       .init : 0xc063c000 - 0xc06b2ac0   ( 475 kB)
[    0.000000]       .data : 0xc06b4000 - 0xc0747a00   ( 591 kB)
[    0.000000]        .bss : 0xc0747a08 - 0xc078dd14   ( 281 kB)
[    0.000000] SLUB: HWalign=64, Order=0-3, MinObjects=0, CPUs=4, Nodes=1
[    0.000000] Hierarchical RCU implementation.
[    0.000000] NR_IRQS:16 nr_irqs:16 16
[    0.000000] sched_clock: 32 bits at 1000kHz, resolution 1000ns, wraps every 2147483648000ns
[    0.000000] Architected cp15 timer(s) running at 12.00MHz (virt).
[    0.000000] sched_clock: 56 bits at 12MHz, resolution 83ns, wraps every 2863311536128ns
[    0.000000] Switching to timer-based delay loop
[    0.000000] Console: colour dummy device 80x30
[    0.000226] Calibrating delay loop (skipped), value calculated using timer frequency.. 24.00 BogoMIPS (lpj=120000)
[    0.000242] pid_max: default: 32768 minimum: 301
[    0.000403] Mount-cache hash table entries: 512
[    0.008316] CPU: Testing write buffer coherency: ok
[    0.008562] /cpus/cpu@0 missing clock-frequency property
[    0.008584] /cpus/cpu@1 missing clock-frequency property
[    0.008605] /cpus/cpu@2 missing clock-frequency property
[    0.008628] /cpus/cpu@3 missing clock-frequency property
[    0.008640] CPU0: thread -1, cpu 0, socket 0, mpidr 80000000
[    0.008666] Setting up static identity map for 0x804aba78 - 0x804abb10
[    0.008879] unable to find compatible sirf rstc node in dtb
[    0.010392] CPU1: Booted secondary processor
[    0.010420] CPU1: thread -1, cpu 1, socket 0, mpidr 80000001
[    0.011036] CPU2: Booted secondary processor
[    0.011060] CPU2: thread -1, cpu 2, socket 0, mpidr 80000002
[    0.011660] CPU3: Booted secondary processor
[    0.011684] CPU3: thread -1, cpu 3, socket 0, mpidr 80000003
[    0.011844] Brought up 4 CPUs
[    0.011869] SMP: Total of 4 processors activated.
[    0.011878] CPU: All CPU(s) started in SVC mode.
[    0.012558] devtmpfs: initialized
[    0.017950] VFP support v0.3: implementor 41 architecture 4 part 30 variant f rev 0
[    0.018151] pinctrl core: initialized pinctrl subsystem
[    0.018513] regulator-dummy: no parameters
[    0.018885] NET: Registered protocol family 16
[    0.019118] DMA: preallocated 256 KiB pool for atomic coherent allocations
[    0.030094] Serial: AMBA PL011 UART driver
[    0.035520] bio: create slab <bio-0> at 0
[    0.036921] edma-dma-engine edma-dma-engine.0: Can't allocate PaRAM dummy slot
[    0.036943] edma-dma-engine: probe of edma-dma-engine.0 failed with error -5
[    0.037338] vdd_ac_bat: 5000 mV 
[    0.037525] dvdd_ts: Failed to request enable GPIO61: -517
[    0.037616] reg-fixed-voltage 1.regulator: Failed to register regulator: -517
[    0.037635] platform 1.regulator: Driver reg-fixed-voltage requests probe deferral
[    0.037755] lcd_bl_en: Failed to request enable GPIO58: -517
[    0.037836] reg-fixed-voltage 2.regulator: Failed to register regulator: -517
[    0.037854] platform 2.regulator: Driver reg-fixed-voltage requests probe deferral
[    0.037972] usb1_vbus: Failed to request enable GPIO108: -517
[    0.038051] reg-fixed-voltage 3.regulator: Failed to register regulator: -517
[    0.038070] platform 3.regulator: Driver reg-fixed-voltage requests probe deferral
[    0.038189] usb2_vbus: Failed to request enable GPIO86: -517
[    0.038267] reg-fixed-voltage 4.regulator: Failed to register regulator: -517
[    0.038286] platform 4.regulator: Driver reg-fixed-voltage requests probe deferral
[    0.038403] vdd_hdmi_5v0: Failed to request enable GPIO81: -517
[    0.038481] reg-fixed-voltage 5.regulator: Failed to register regulator: -517
[    0.038500] platform 5.regulator: Driver reg-fixed-voltage requests probe deferral
[    0.038561] platform 6.regulator: Driver reg-fixed-voltage requests probe deferral
[    0.039739] SCSI subsystem initialized
[    0.039898] libata version 3.00 loaded.
[    0.040097] usbcore: registered new interface driver usbfs
[    0.040136] usbcore: registered new interface driver hub
[    0.040225] usbcore: registered new device driver usb
[    0.043033] vdd-cpu: 500 <--> 1520 mV at 1100 mV 
[    0.043227] genirq: Setting trigger mode 8 for irq 118 failed (gic_set_type+0x0/0xfc)
[    0.043435] pps_core: LinuxPPS API ver. 1 registered
[    0.043445] pps_core: Software ver. 5.3.6 - Copyright 2005-2007 Rodolfo Giometti <giometti@linux.it>
[    0.043467] PTP clock support registered
[    0.043502] EDAC MC: Ver: 3.0.0
[    0.044393] Switched to clocksource arch_sys_counter
[    0.052090] NET: Registered protocol family 2
[    0.052614] TCP established hash table entries: 8192 (order: 3, 32768 bytes)
[    0.052704] TCP bind hash table entries: 8192 (order: 4, 65536 bytes)
[    0.052891] TCP: Hash tables configured (established 8192 bind 8192)
[    0.052948] TCP: reno registered
[    0.052964] UDP hash table entries: 512 (order: 2, 16384 bytes)
[    0.053006] UDP-Lite hash table entries: 512 (order: 2, 16384 bytes)
[    0.053283] NET: Registered protocol family 1
[    0.053570] RPC: Registered named UNIX socket transport module.
[    0.053579] RPC: Registered udp transport module.
[    0.053587] RPC: Registered tcp transport module.
[    0.053595] RPC: Registered tcp NFSv4.1 backchannel transport module.
[    0.055571] bounce pool size: 64 pages
[    0.062845] NFS: Registering the id_resolver key type
[    0.062880] Key type id_resolver registered
[    0.062890] Key type id_legacy registered
[    0.063130] Block layer SCSI generic (bsg) driver version 0.4 loaded (major 251)
[    0.063142] io scheduler noop registered
[    0.063151] io scheduler deadline registered
[    0.063285] io scheduler cfq registered (default)
[    0.071942] tegra-apbdma 6000a000.dma: Tegra20 APB DMA driver register 32 channels
[    0.119665] Serial: 8250/16550 driver, 4 ports, IRQ sharing disabled
[    0.120773] Serial: IMX driver
[    0.121775] 70006300.serial: ttyS0 at MMIO 0x70006300 (irq = 122, base_baud = 25500000) is a Tegra
[    0.851139] console [ttyS0] enabled
[    0.855539] serial: Freescale lpuart driver
[    0.860016] [drm] Initialized drm 1.1.0 20060810
[    0.867356] ehci_hcd: USB 2.0 'Enhanced' Host Controller (EHCI) Driver
[    0.873875] ehci-platform: EHCI generic platform driver
[    0.879212] ehci-omap: OMAP-EHCI Host Controller driver
[    0.884526] ehci-orion: EHCI orion driver
[    0.888612] SPEAr-ehci: EHCI SPEAr driver
[    0.892695] tegra-ehci: Tegra EHCI driver
[    0.896897] platform 7d008000.usb: Driver tegra-ehci requests probe deferral
[    0.904194] usbcore: registered new interface driver usb-storage
[    0.910684] platform 7d008000.usb-phy: Driver tegra-phy requests probe deferral
[    0.918765] mousedev: PS/2 mouse device common for all mice
[    0.925010] tegra_rtc 7000e000.rtc: rtc core: registered 7000e000.rtc as rtc0
[    0.932153] tegra_rtc 7000e000.rtc: Tegra internal Real Time Clock
[    0.938963] sdhci: Secure Digital Host Controller Interface driver
[    0.945143] sdhci: Copyright(c) Pierre Ossman
[    0.949810] sdhci-pltfm: SDHCI platform and OF driver helper
[    0.955905] sdhci-tegra 78000400.sdhci: Got CD GPIO #170.
[    0.962330] sdhci-tegra 78000400.sdhci: dummy supplies not allowed
[    0.968515] mmc0: no vqmmc regulator found
[    0.972610] sdhci-tegra 78000400.sdhci: dummy supplies not allowed
[    0.978788] mmc0: no vmmc regulator found
[    0.982792] mmc0: Invalid maximum block size, assuming 512 bytes
[    1.034406] mmc0: SDHCI controller on 78000400.sdhci [78000400.sdhci] using ADMA
[    1.041905] sdhci-tegra 78000600.sdhci: dummy supplies not allowed
[    1.048094] mmc1: no vqmmc regulator found
[    1.052188] sdhci-tegra 78000600.sdhci: dummy supplies not allowed
[    1.058369] mmc1: no vmmc regulator found
[    1.062371] mmc1: Invalid maximum block size, assuming 512 bytes
[    1.104402] mmc1: SDHCI controller on 78000600.sdhci [78000600.sdhci] using ADMA
[    1.112204] usbcore: registered new interface driver usbhid
[    1.117788] usbhid: USB HID core driver
[    1.121850] TCP: cubic registered
[    1.125653] NET: Registered protocol family 10
[    1.130748] sit: IPv6 over IPv4 tunneling driver
[    1.135961] Key type dns_resolver registered
[    1.140362] Registering SWP/SWPB emulation handler
[    1.148196] dvdd_ts: 1800 mV 
[    1.151450] lcd_bl_en: 5000 mV 
[    1.154863] usb1_vbus: 5000 mV 
[    1.158031] reg-fixed-voltage 3.regulator: Failed to find supply vin
[    1.164493] reg-fixed-voltage 3.regulator: Failed to register regulator: -517
[    1.171627] platform 3.regulator: Driver reg-fixed-voltage requests probe deferral
[    1.179656] usb2_vbus: 5000 mV 
[    1.182817] reg-fixed-voltage 4.regulator: Failed to find supply vin
[    1.189267] reg-fixed-voltage 4.regulator: Failed to register regulator: -517
[    1.196413] platform 4.regulator: Driver reg-fixed-voltage requests probe deferral
[    1.204349] vdd_hdmi_5v0: 5000 mV 
[    1.207784] reg-fixed-voltage 5.regulator: Failed to find supply vin
[    1.214211] reg-fixed-voltage 5.regulator: Failed to register regulator: -517
[    1.221357] platform 5.regulator: Driver reg-fixed-voltage requests probe deferral
[    1.226731] mmc1: BKOPS_EN bit is not set
[    1.233223] platform 6.regulator: Driver reg-fixed-voltage requests probe deferral
[    1.241275] platform 7d008000.usb: Driver tegra-ehci requests probe deferral
[    1.248697] platform 7d008000.usb-phy: Driver tegra-phy requests probe deferral
[    1.253370] mmc1: new HS200 MMC card at address 0001
[    1.253737] isa bounce pool size: 16 pages
[    1.253828] mmcblk0: mmc1:0001 SEM32G 29.1 GiB 
[    1.254026] mmcblk0boot0: mmc1:0001 SEM32G partition 1 4.00 MiB
[    1.254216] mmcblk0boot1: mmc1:0001 SEM32G partition 2 4.00 MiB
[    1.254442] mmcblk0rpmb: mmc1:0001 SEM32G partition 3 4.00 MiB
[    1.256824] Primary GPT is invalid, using alternate GPT.
[    1.256850]  mmcblk0: p1 p2 p3 p4 p5
[    1.259670]  mmcblk0boot1: unknown partition table
[    1.261258]  mmcblk0boot0: unknown partition table
[    1.305869] usb1_vbus: 5000 mV 
[    1.309035] reg-fixed-voltage 3.regulator: Failed to find supply vin
[    1.315482] reg-fixed-voltage 3.regulator: Failed to register regulator: -517
[    1.322615] platform 3.regulator: Driver reg-fixed-voltage requests probe deferral
[    1.330591] usb2_vbus: 5000 mV 
[    1.333752] reg-fixed-voltage 4.regulator: Failed to find supply vin
[    1.340193] reg-fixed-voltage 4.regulator: Failed to register regulator: -517
[    1.347337] platform 4.regulator: Driver reg-fixed-voltage requests probe deferral
[    1.355281] vdd_hdmi_5v0: 5000 mV 
[    1.358700] reg-fixed-voltage 5.regulator: Failed to find supply vin
[    1.365141] reg-fixed-voltage 5.regulator: Failed to register regulator: -517
[    1.372274] platform 5.regulator: Driver reg-fixed-voltage requests probe deferral
[    1.380144] platform 6.regulator: Driver reg-fixed-voltage requests probe deferral
[    1.388186] platform 7d008000.usb: Driver tegra-ehci requests probe deferral
[    1.395366] tegra_rtc 7000e000.rtc: setting system clock to 1970-01-01 00:00:14 UTC (14)
[    1.408340] EXT4-fs (mmcblk0p1): mounting ext3 file system using the ext4 subsystem
[    1.428651] EXT4-fs (mmcblk0p1): recovery complete
[    1.433451] EXT4-fs (mmcblk0p1): mounted filesystem with ordered data mode. Opts: (null)
[    1.441584] VFS: Mounted root (ext3 filesystem) on device 179:1.
[    1.449482] devtmpfs: mounted
[    1.452834] Freeing unused kernel memory: 472K (c063c000 - c06b2000)
bash: cannot set terminal process group (-1): Inappropriate ioctl for device
bash: no job control in this shell
I have no name!@(none):/# 