
U-Boot SPL 2014.01-00219-gc4d376f (Feb 18 2014 - 19:57:32)


U-Boot 2014.01-00219-gc4d376f (Feb 18 2014 - 19:57:32)

TEGRA114
Board: NVIDIA Dalmore
I2C:   ready
DRAM:  2 GiB
MMC:   Tegra SD/MMC: 0, Tegra SD/MMC: 1
In:    serial
Out:   serial
Err:   serial
Net:   Net Initialization Skipped
No ethernet found.
Hit any key to stop autoboot:  2  0 
Tegra114 (Dalmore) # 
Tegra114 (Dalmore) # usb reset
(Re)start USB...
USB0:   USB EHCI 1.10
scanning bus 0 for devices... 2 USB Device(s) found
       scanning usb for storage devices... 0 Storage Device(s) found
       scanning usb for ethernet devices... 
Warning: asx0 using MAC address from net device
1 Ethernet Device(s) found
Tegra114 (Dalmore) # setenv bootargs 'ignore_loglevel console=ttyS0,115200n8 rw root=PARTUUID=7369c667-ff51-ec4a-29cd-baabf2fbe346 rootwait gpt debug earlyprintk init=/bin/bash'
Tegra114 (Dalmore) # setenv ipaddr 192.168.100.100; setenv serverip 192.168.100.1; setenv tftpserverip 192.168.100.1
Tegra114 (Dalmore) # tftpboot 0x81000000 zImage.multi_v7_defconfig
Using asx0 device
TFTP from server 192.168.100.1; our IP address is 192.168.100.100
Filename 'zImage.multi_v7_defconfig'.
Load address: 0x81000000
Loading: *#################################################################
	 #################################################################
	 #################################################################
	 #################################################################
	 #################################################################
	 #################################################################
	 #################################################################
	 #################
	 3.3 MiB/s
done
Bytes transferred = 6921632 (699da0 hex)
Tegra114 (Dalmore) # tftpboot 0x82000000 tegra114-dalmore.dtb
Using asx0 device
TFTP from server 192.168.100.1; our IP address is 192.168.100.100
Filename 'tegra114-dalmore.dtb'.
Load address: 0x82000000
Loading: *###
	 2.8 MiB/s
done
Bytes transferred = 34912 (8860 hex)
Tegra114 (Dalmore) # bootz 0x81000000 - 0x82000000
Kernel image @ 0x81000000 [ 0x000000 - 0x699da0 ]
## Flattened Device Tree blob at 82000000
   Booting using the fdt blob at 0x82000000
   Loading Device Tree to 8fff4000, end 8ffff85f ... OK

Starting kernel ...

[    0.000000] Booting Linux on physical CPU 0x0
[    0.000000] Linux version 4.5.0-rc7-next-20160308-104101-g0c7106b (pwalmsley@tamien) (gcc version 4.7.3 20130328 (prerelease) (crosstool-NG linaro-1.13.1-4.7-2013.04-20130415 - Linaro GCC 2013.04) ) #1 SMP Tue Mar 8 05:00:34 PST 2016
[    0.000000] CPU: ARMv7 Processor [412fc0f2] revision 2 (ARMv7), cr=10c5387d
[    0.000000] CPU: div instructions available: patching division code
[    0.000000] CPU: PIPT / VIPT nonaliasing data cache, PIPT instruction cache
[    0.000000] Machine model: NVIDIA Tegra114 Dalmore evaluation board
[    0.000000] debug: ignoring loglevel setting.
[    0.000000] cma: Reserved 64 MiB at 0xfb800000
[    0.000000] Memory policy: Data cache writealloc
[    0.000000] On node 0 totalpages: 524032
[    0.000000] free_area_init_node: node 0, pgdat c141ba40, node_mem_map eeff8000
[    0.000000]   DMA zone: 1536 pages used for memmap
[    0.000000]   DMA zone: 0 pages reserved
[    0.000000]   DMA zone: 196608 pages, LIFO batch:31
[    0.000000]   HighMem zone: 327424 pages, LIFO batch:31
[    0.000000] PERCPU: Embedded 13 pages/cpu @eef9f000 s23744 r8192 d21312 u53248
[    0.000000] pcpu-alloc: s23744 r8192 d21312 u53248 alloc=13*4096
[    0.000000] pcpu-alloc: [0] 0 [0] 1 [0] 2 [0] 3 
[    0.000000] Built 1 zonelists in Zone order, mobility grouping on.  Total pages: 522496
[    0.000000] Kernel command line: ignore_loglevel console=ttyS0,115200n8 rw root=PARTUUID=7369c667-ff51-ec4a-29cd-baabf2fbe346 rootwait gpt debug earlyprintk init=/bin/bash
[    0.000000] PID hash table entries: 4096 (order: 2, 16384 bytes)
[    0.000000] Dentry cache hash table entries: 131072 (order: 7, 524288 bytes)
[    0.000000] Inode-cache hash table entries: 65536 (order: 6, 262144 bytes)
[    0.000000] Memory: 1995116K/2096128K available (9522K kernel code, 1142K rwdata, 4128K rodata, 2048K init, 342K bss, 35476K reserved, 65536K cma-reserved, 1244160K highmem)
[    0.000000] Virtual kernel memory layout:
[    0.000000]     vector  : 0xffff0000 - 0xffff1000   (   4 kB)
[    0.000000]     fixmap  : 0xffc00000 - 0xfff00000   (3072 kB)
[    0.000000]     vmalloc : 0xf0800000 - 0xff800000   ( 240 MB)
[    0.000000]     lowmem  : 0xc0000000 - 0xf0000000   ( 768 MB)
[    0.000000]     pkmap   : 0xbfe00000 - 0xc0000000   (   2 MB)
[    0.000000]     modules : 0xbf000000 - 0xbfe00000   (  14 MB)
[    0.000000]       .text : 0xc0208000 - 0xc105481c   (14643 kB)
[    0.000000]       .init : 0xc1100000 - 0xc1300000   (2048 kB)
[    0.000000]       .data : 0xc1300000 - 0xc141da80   (1143 kB)
[    0.000000]        .bss : 0xc141f000 - 0xc14748e0   ( 343 kB)
[    0.000000] SLUB: HWalign=64, Order=0-3, MinObjects=0, CPUs=4, Nodes=1
[    0.000000] Hierarchical RCU implementation.
[    0.000000] 	Build-time adjustment of leaf fanout to 32.
[    0.000000] 	RCU restricting CPUs from NR_CPUS=16 to nr_cpu_ids=4.
[    0.000000] RCU: Adjusting geometry for rcu_fanout_leaf=32, nr_cpu_ids=4
[    0.000000] NR_IRQS:16 nr_irqs:16 16
[    0.000000] /interrupt-controller@60004000: 160 interrupts forwarded to /interrupt-controller@50041000
[    0.000000] Tegra clk 127: register failed with -17
[    0.000008] sched_clock: 32 bits at 1000kHz, resolution 1000ns, wraps every 2147483647500ns
[    0.000027] clocksource: timer_us: mask: 0xffffffff max_cycles: 0xffffffff, max_idle_ns: 1911260446275 ns
[    0.000042] Switching to timer-based delay loop, resolution 1000ns
[    0.003009] Architected cp15 timer(s) running at 12.00MHz (virt).
[    0.003028] clocksource: arch_sys_counter: mask: 0xffffffffffffff max_cycles: 0x2c47f4ee7, max_idle_ns: 440795202497 ns
[    0.003047] sched_clock: 56 bits at 12MHz, resolution 83ns, wraps every 4398046511096ns
[    0.003060] Switching to timer-based delay loop, resolution 83ns
[    0.003411] Console: colour dummy device 80x30
[    0.003438] Calibrating delay loop (skipped), value calculated using timer frequency.. 24.00 BogoMIPS (lpj=60000)
[    0.003453] pid_max: default: 32768 minimum: 301
[    0.003551] Mount-cache hash table entries: 2048 (order: 1, 8192 bytes)
[    0.003563] Mountpoint-cache hash table entries: 2048 (order: 1, 8192 bytes)
[    0.004188] CPU: Testing write buffer coherency: ok
[    0.004403] /cpus/cpu@0 missing clock-frequency property
[    0.004433] /cpus/cpu@1 missing clock-frequency property
[    0.004462] /cpus/cpu@2 missing clock-frequency property
[    0.004490] /cpus/cpu@3 missing clock-frequency property
[    0.004503] CPU0: thread -1, cpu 0, socket 0, mpidr 80000000
[    0.004546] Setting up static identity map for 0x80300000 - 0x80300098
[    0.006834] Tegra Revision: A01 SKU: 0 CPU Process: 1 SoC Process: 0
[    0.008210] CPU1: thread -1, cpu 1, socket 0, mpidr 80000001
[    0.008849] CPU2: thread -1, cpu 2, socket 0, mpidr 80000002
[    0.009464] CPU3: thread -1, cpu 3, socket 0, mpidr 80000003
[    0.009550] Brought up 4 CPUs
[    0.009570] SMP: Total of 4 processors activated (96.00 BogoMIPS).
[    0.009579] CPU: All CPU(s) started in SVC mode.
[    0.011047] devtmpfs: initialized
[    0.021744] VFP support v0.3: implementor 41 architecture 4 part 30 variant f rev 0
[    0.022358] clocksource: jiffies: mask: 0xffffffff max_cycles: 0xffffffff, max_idle_ns: 9556302231375000 ns
[    0.023952] pinctrl core: initialized pinctrl subsystem
[    0.025755] NET: Registered protocol family 16
[    0.027968] DMA: preallocated 256 KiB pool for atomic coherent allocations
[    0.042940] cpuidle: using governor menu
[    0.058122] No ATAGs?
[    0.058159] hw-breakpoint: found 5 (+1 reserved) breakpoint and 4 watchpoint registers.
[    0.058169] hw-breakpoint: maximum watchpoint size is 8 bytes.
[    0.063411] Serial: AMBA PL011 UART driver
[    0.064842] tegra-mc 70019000.memory-controller: no memory timings for RAM code 3 registered
[    0.092833] dvdd_ts: Failed to request enable GPIO61: -517
[    0.092850] reg-fixed-voltage regulators:regulator@1: Failed to register regulator: -517
[    0.092947] usb1_vbus: Failed to request enable GPIO108: -517
[    0.092962] reg-fixed-voltage regulators:regulator@3: Failed to register regulator: -517
[    0.093078] usb2_vbus: Failed to request enable GPIO86: -517
[    0.093091] reg-fixed-voltage regulators:regulator@4: Failed to register regulator: -517
[    0.093510] VDD_5V0_HDMI_CON: Failed to request enable GPIO81: -517
[    0.093525] reg-fixed-voltage regulators:regulator@7: Failed to register regulator: -517
[    0.096568] vgaarb: loaded
[    0.097679] SCSI subsystem initialized
[    0.097863] libata version 3.00 loaded.
[    0.098206] usbcore: registered new interface driver usbfs
[    0.098275] usbcore: registered new interface driver hub
[    0.098343] usbcore: registered new device driver usb
[    0.102113] tps65090 2-0048: No cache defaults, reading back from HW
[    0.108406] genirq: Setting trigger mode 8 for irq 341 failed (irq_chip_set_type_parent+0x0/0x28)
[    0.108429] palmas 2-0058: Irq flag is 0x00000000
[    0.111642] palmas 2-0058: Muxing GPIO ff, PWM 0, LED 0
[    0.121627] sdhci-vdd-sd-slot: ramp_delay not set
[    0.146224] pps_core: LinuxPPS API ver. 1 registered
[    0.146233] pps_core: Software ver. 5.3.6 - Copyright 2005-2007 Rodolfo Giometti <giometti@linux.it>
[    0.146267] PTP clock support registered
[    0.146502] EDAC MC: Ver: 3.0.0
[    0.149141] clocksource: Switched to clocksource arch_sys_counter
[    0.160268] NET: Registered protocol family 2
[    0.160794] TCP established hash table entries: 8192 (order: 3, 32768 bytes)
[    0.160893] TCP bind hash table entries: 8192 (order: 4, 65536 bytes)
[    0.161080] TCP: Hash tables configured (established 8192 bind 8192)
[    0.161133] UDP hash table entries: 512 (order: 2, 16384 bytes)
[    0.161175] UDP-Lite hash table entries: 512 (order: 2, 16384 bytes)
[    0.161343] NET: Registered protocol family 1
[    0.161614] RPC: Registered named UNIX socket transport module.
[    0.161623] RPC: Registered udp transport module.
[    0.161631] RPC: Registered tcp transport module.
[    0.161639] RPC: Registered tcp NFSv4.1 backchannel transport module.
[    0.161661] PCI: CLS 0 bytes, default 64
[    0.164020] futex hash table entries: 1024 (order: 4, 65536 bytes)
[    0.164678] workingset: timestamp_bits=28 max_order=19 bucket_order=0
[    0.176845] squashfs: version 4.0 (2009/01/31) Phillip Lougher
[    0.177781] NFS: Registering the id_resolver key type
[    0.177818] Key type id_resolver registered
[    0.177827] Key type id_legacy registered
[    0.177905] ntfs: driver 2.1.32 [Flags: R/O].
[    0.179407] bounce: pool size: 64 pages
[    0.179634] Block layer SCSI generic (bsg) driver version 0.4 loaded (major 248)
[    0.179653] io scheduler noop registered
[    0.179671] io scheduler deadline registered
[    0.179712] io scheduler cfq registered (default)
[    0.201798] vdd-lcd-bl: supplied by vdd_ac_bat
[    0.208751] tegra-apbdma 6000a000.dma: Tegra20 APB DMA driver register 32 channels
[    0.210545] tegra-pmc 7000e400.pmc: i2c-thermtrip node not found, emergency thermal reset disabled.
[    0.277288] Serial: 8250/16550 driver, 4 ports, IRQ sharing disabled
[    0.280410] console [ttyS0] disabled
[    0.280449] 70006300.serial: ttyS0 at MMIO 0x70006300 (irq = 329, base_baud = 25500000) is a Tegra
[    1.098007] console [ttyS0] enabled
[    1.102322] SuperH (H)SCI(F) driver initialized
[    1.107858] msm_serial: driver initialized
[    1.112170] STMicroelectronics ASC driver initialized
[    1.119643] [drm] Initialized drm 1.1.0 20060810
[    1.127272] tegra-hdmi 54280000.hdmi: failed to get HDMI regulator
[    1.134032] vdd-ao: supplied by vdd_ac_bat
[    1.138369] vddio-1v8: supplied by vdd-ao
[    1.142768] avdd-dsi-csi: supplied by vddio-1v8
[    1.151223] vdd-sys-3v3: supplied by vdd_ac_bat
[    1.155996] avdd-lcd: supplied by vdd-sys-3v3
[    1.172113] brd: module loaded
[    1.181470] loop: module loaded
[    1.192280] m25p80 spi32766.0: w25q32dw (4096 Kbytes)
[    1.201032] libphy: Fixed MDIO Bus: probed
[    1.205883] CAN device driver interface
[    1.211678] igb: Intel(R) Gigabit Ethernet Network Driver - version 5.3.0-k
[    1.218647] igb: Copyright (c) 2007-2014 Intel Corporation.
[    1.227438] pegasus: v0.9.3 (2013/04/25), Pegasus/Pegasus II USB Ethernet driver
[    1.234894] usbcore: registered new interface driver pegasus
[    1.240630] usbcore: registered new interface driver asix
[    1.246088] usbcore: registered new interface driver ax88179_178a
[    1.252238] usbcore: registered new interface driver cdc_ether
[    1.258149] usbcore: registered new interface driver smsc75xx
[    1.263978] usbcore: registered new interface driver smsc95xx
[    1.269784] usbcore: registered new interface driver net1080
[    1.275502] usbcore: registered new interface driver cdc_subset
[    1.281478] usbcore: registered new interface driver zaurus
[    1.287144] usbcore: registered new interface driver cdc_ncm
[    1.294788] ehci_hcd: USB 2.0 'Enhanced' Host Controller (EHCI) Driver
[    1.301332] ehci-pci: EHCI PCI platform driver
[    1.305837] ehci-platform: EHCI generic platform driver
[    1.311271] ehci-omap: OMAP-EHCI Host Controller driver
[    1.316648] ehci-orion: EHCI orion driver
[    1.320817] SPEAr-ehci: EHCI SPEAr driver
[    1.324986] ehci-st: EHCI STMicroelectronics driver
[    1.330021] ehci-exynos: EHCI EXYNOS driver
[    1.334379] ehci-atmel: EHCI Atmel driver
[    1.338525] tegra-ehci: Tegra EHCI driver
[    1.342858] ohci_hcd: USB 1.1 'Open' Host Controller (OHCI) Driver
[    1.349066] ohci-pci: OHCI PCI platform driver
[    1.353575] ohci-platform: OHCI generic platform driver
[    1.358975] ohci-omap3: OHCI OMAP3 driver
[    1.363141] SPEAr-ohci: OHCI SPEAr driver
[    1.367311] ohci-st: OHCI STMicroelectronics driver
[    1.372347] ohci-atmel: OHCI Atmel driver
[    1.377124] usbcore: registered new interface driver usb-storage
[    1.384895] mousedev: PS/2 mouse device common for all mice
[    1.395635] palmas-rtc 7000d000.i2c:tps65913@58:rtc: rtc core: registered 7000d000.i2c:tps659 as rtc0
[    1.406810] tegra_rtc 7000e000.rtc: rtc core: registered 7000e000.rtc as rtc1
[    1.413999] tegra_rtc 7000e000.rtc: Tegra internal Real Time Clock
[    1.420779] i2c /dev entries driver
[    1.428448] sbs-battery 0-000b: sbs_probe: Failed to get device status
[    1.435004] sbs-battery: probe of 0-000b failed with error -121
[    1.444341] vdd-sensor-2v85: supplied by vdd-sys-3v3
[    1.457611] sdhci: Secure Digital Host Controller Interface driver
[    1.463804] sdhci: Copyright(c) Pierre Ossman
[    1.469740] Synopsys Designware Multimedia Card Interface Driver
[    1.476853] sdhci-pltfm: SDHCI platform and OF driver helper
[    1.483267] sdhci-tegra 78000400.sdhci: Got CD GPIO
[    1.488173] sdhci-tegra 78000400.sdhci: Got WP GPIO
[    1.494268] mmc0: Invalid maximum block size, assuming 512 bytes
[    1.534371] mmc0: SDHCI controller on 78000400.sdhci [78000400.sdhci] using ADMA
[    1.542058] mmc1: Invalid maximum block size, assuming 512 bytes
[    1.584159] mmc1: SDHCI controller on 78000600.sdhci [78000600.sdhci] using ADMA
[    1.593333] ledtrig-cpu: registered to indicate activity on CPUs
[    1.599878] usbcore: registered new interface driver usbhid
[    1.605461] usbhid: USB HID core driver
[    1.615050] NET: Registered protocol family 10
[    1.620245] sit: IPv6 over IPv4 tunneling driver
[    1.625615] NET: Registered protocol family 17
[    1.630097] can: controller area network core (rev 20120528 abi 9)
[    1.636352] NET: Registered protocol family 29
[    1.640815] can: raw protocol (rev 20120528)
[    1.645104] can: broadcast manager protocol (rev 20120528 t)
[    1.650789] can: netlink gateway (rev 20130117) max_hops=1
[    1.656696] Key type dns_resolver registered
[    1.661646] ThumbEE CPU extension supported.
[    1.665954] Registering SWP/SWPB emulation handler
[    1.681098] vdd-sys-5v0: supplied by vdd_ac_bat
[    1.688129] VDD_5V0_HDMI_CON: supplied by vdd-sys-5v0
[    1.698305] vdd_hdmi_5v0: supplied by vdd-sys-5v0
[    1.706881] [drm] Supports vblank timestamp caching Rev 2 (21.10.2013).
[    1.713555] [drm] No driver support for vblank timestamp query.
[    1.714196] mmc0: new high speed SDHC card at address aaaa
[    1.720442] mmcblk0: mmc0:aaaa SL16G 14.8 GiB 
[    1.735219] mmc1: new high speed MMC card at address 0001
[    1.742203] mmcblk1: mmc1:0001 SEM32G 29.1 GiB 
[    1.747575] mmcblk1boot0: mmc1:0001 SEM32G partition 1 4.00 MiB
[    1.755272] mmcblk1boot1: mmc1:0001 SEM32G partition 2 4.00 MiB
[    1.756078]  mmcblk0: p1 p2 p3
[    1.756915] mmcblk1rpmb: mmc1:0001 SEM32G partition 3 4.00 MiB
[    1.761299]  mmcblk1: p1 p2 p3 p4 p5 p6 p7 p8
[    1.793036] Console: switching to colour frame buffer device 240x75
[    1.839858] drm drm: fb0:  frame buffer device
[    1.859250] [drm] Initialized tegra 0.0.0 20120330 on minor 0
[    1.866346] usb2_vbus: supplied by vdd-sys-5v0
[    1.873186] tegra-ehci 7d008000.usb: EHCI Host Controller
[    1.878647] tegra-ehci 7d008000.usb: new USB bus registered, assigned bus number 1
[    1.886580] tegra-ehci 7d008000.usb: irq 339, io mem 0x7d008000
[    1.899252] tegra-ehci 7d008000.usb: USB 2.0 started, EHCI 1.10
[    1.906484] hub 1-0:1.0: USB hub found
[    1.910352] hub 1-0:1.0: 1 port detected
[    1.916086] input: gpio-keys as /devices/soc0/gpio-keys/input/input0
[    1.924967] palmas-rtc 7000d000.i2c:tps65913@58:rtc: setting system clock to 2000-01-01 00:17:05 UTC (946685825)
[    1.950830] dvdd_ts: disabling
[    1.953894] usb1_vbus: disabling
[    1.957168] vdd_cam_1v8_reg: disabling
[    1.962857] EXT4-fs (mmcblk1p1): mounting ext3 file system using the ext4 subsystem
[    2.040285] EXT4-fs (mmcblk1p1): recovery complete
[    2.046802] EXT4-fs (mmcblk1p1): mounted filesystem with ordered data mode. Opts: (null)
[    2.054978] VFS: Mounted root (ext3 filesystem) on device 179:17.
[    2.065712] devtmpfs: mounted
[    2.070609] Freeing unused kernel memory: 2048K (c1100000 - c1300000)
bash: cannot set terminal process group (-1): Inappropriate ioctl for device
bash: no job control in this shell
root@(none):/# [    2.224289] usb 1-1: new high-speed USB device number 2 using tegra-ehci
