
U-Boot SPL 2014.07-00097-g772e173 (Jul 25 2014 - 20:02:52)


U-Boot 2014.07-00097-g772e173 (Jul 25 2014 - 20:02:52)

TEGRA124
Board: NVIDIA Jetson TK1
I2C:   ready
DRAM:  2 GiB
MMC:   Tegra SD/MMC: 0, Tegra SD/MMC: 1
In:    serial
Out:   serial
Err:   serial
Net:   Net Initialization Skipped
No ethernet found.
Hit any key to stop autoboot:  2  0 
Tegra124 (Jetson TK1) # 
Tegra124 (Jetson TK1) # usb reset
(Re)start USB...
USB0:   USB EHCI 1.10
scanning bus 0 for devices... 1 USB Device(s) found
USB1:   USB EHCI 1.10
scanning bus 1 for devices... 2 USB Device(s) found
       scanning usb for storage devices... 0 Storage Device(s) found
       scanning usb for ethernet devices... 
Warning: asx0 using MAC address from net device
1 Ethernet Device(s) found
Tegra124 (Jetson TK1) # setenv bootargs 'ignore_loglevel console=ttyS0,115200n8 rw root=/dev/mmcblk0p1 rootwait gpt debug init=/bin/bash noinitrd'
Tegra124 (Jetson TK1) # setenv ipaddr 192.168.100.102; setenv serverip 192.168.100.1; setenv tftpserverip 192.168.100.1
Tegra124 (Jetson TK1) # tftpboot 0x81000000 zImage.multi_v7_defconfig
Using asx0 device
TFTP from server 192.168.100.1; our IP address is 192.168.100.102
Filename 'zImage.multi_v7_defconfig'.
Load address: 0x81000000
Loading: *#################################################################
	 #################################################################
	 #################################################################
	 #################################################################
	 #################################################################
	 ######################################
	 2.8 MiB/s
done
Bytes transferred = 5315336 (511b08 hex)
Tegra124 (Jetson TK1) # tftpboot 0x82000000 tegra124-jetson-tk1.dtb
Using asx0 device
TFTP from server 192.168.100.1; our IP address is 192.168.100.102
Filename 'tegra124-jetson-tk1.dtb'.
Load address: 0x82000000
Loading: *####
	 2.5 MiB/s
done
Bytes transferred = 47577 (b9d9 hex)
Tegra124 (Jetson TK1) # bootz 0x81000000 - 0x82000000
Kernel image @ 0x81000000 [ 0x000000 - 0x511b08 ]
## Flattened Device Tree blob at 82000000
   Booting using the fdt blob at 0x82000000
   Using Device Tree in place at 82000000, end 8200e9d8

Starting kernel ...

[    0.000000] Booting Linux on physical CPU 0x0
[    0.000000] Linux version 3.18.0-rc3-next-20141103-96358-ga641d0e (pwalmsley@tamien) (gcc version 4.7.3 20130328 (prerelease) (crosstool-NG linaro-1.13.1-4.7-2013.04-20130415 - Linaro GCC 2013.04) ) #1 SMP Sun Nov 2 21:48:30 PST 2014
[    0.000000] CPU: ARMv7 Processor [413fc0f3] revision 3 (ARMv7), cr=10c5387d
[    0.000000] CPU: PIPT / VIPT nonaliasing data cache, PIPT instruction cache
[    0.000000] Machine model: NVIDIA Tegra124 Jetson TK1
[    0.000000] debug: ignoring loglevel setting.
[    0.000000] cma: Reserved 64 MiB at 0xfb800000
[    0.000000] Memory policy: Data cache writealloc
[    0.000000] On node 0 totalpages: 524032
[    0.000000] free_area_init_node: node 0, pgdat c0d296c0, node_mem_map ee7f8000
[    0.000000]   DMA zone: 1520 pages used for memmap
[    0.000000]   DMA zone: 0 pages reserved
[    0.000000]   DMA zone: 194560 pages, LIFO batch:31
[    0.000000]   HighMem zone: 2574 pages used for memmap
[    0.000000]   HighMem zone: 329472 pages, LIFO batch:31
[    0.000000] PERCPU: Embedded 10 pages/cpu @ee79f000 s8384 r8192 d24384 u40960
[    0.000000] pcpu-alloc: s8384 r8192 d24384 u40960 alloc=10*4096
[    0.000000] pcpu-alloc: [0] 0 [0] 1 [0] 2 [0] 3 
[    0.000000] Built 1 zonelists in Zone order, mobility grouping on.  Total pages: 522512
[    0.000000] Kernel command line: ignore_loglevel console=ttyS0,115200n8 rw root=/dev/mmcblk0p1 rootwait gpt debug init=/bin/bash noinitrd
[    0.000000] PID hash table entries: 4096 (order: 2, 16384 bytes)
[    0.000000] Dentry cache hash table entries: 131072 (order: 7, 524288 bytes)
[    0.000000] Inode-cache hash table entries: 65536 (order: 6, 262144 bytes)
[    0.000000] Memory: 2001264K/2096128K available (6875K kernel code, 973K rwdata, 2820K rodata, 736K init, 309K bss, 29328K reserved, 65536K cma-reserved, 1252352K highmem)
[    0.000000] Virtual kernel memory layout:
[    0.000000]     vector  : 0xffff0000 - 0xffff1000   (   4 kB)
[    0.000000]     fixmap  : 0xffc00000 - 0xffe00000   (2048 kB)
[    0.000000]     vmalloc : 0xf0000000 - 0xff000000   ( 240 MB)
[    0.000000]     lowmem  : 0xc0000000 - 0xef800000   ( 760 MB)
[    0.000000]     pkmap   : 0xbfe00000 - 0xc0000000   (   2 MB)
[    0.000000]     modules : 0xbf000000 - 0xbfe00000   (  14 MB)
[    0.000000]       .text : 0xc0208000 - 0xc0b7ffe0   (9696 kB)
[    0.000000]       .init : 0xc0b80000 - 0xc0c38000   ( 736 kB)
[    0.000000]       .data : 0xc0c38000 - 0xc0d2b540   ( 974 kB)
[    0.000000]        .bss : 0xc0d2b540 - 0xc0d789a8   ( 310 kB)
[    0.000000] SLUB: HWalign=64, Order=0-3, MinObjects=0, CPUs=4, Nodes=1
[    0.000000] Hierarchical RCU implementation.
[    0.000000] 	RCU restricting CPUs from NR_CPUS=8 to nr_cpu_ids=4.
[    0.000000] RCU: Adjusting geometry for rcu_fanout_leaf=16, nr_cpu_ids=4
[    0.000000] NR_IRQS:16 nr_irqs:16 16
[    0.000000] L2C: failed to init: -19
[    0.000008] sched_clock: 32 bits at 1000kHz, resolution 1000ns, wraps every 2147483648000ns
[    0.000028] Switching to timer-based delay loop, resolution 1000ns
[    0.003579] Architected cp15 timer(s) running at 12.00MHz (virt).
[    0.003602] sched_clock: 56 bits at 12MHz, resolution 83ns, wraps every 2863311536128ns
[    0.003614] Switching to timer-based delay loop, resolution 83ns
[    0.003991] Console: colour dummy device 80x30
[    0.004014] Calibrating delay loop (skipped), value calculated using timer frequency.. 24.00 BogoMIPS (lpj=60000)
[    0.004028] pid_max: default: 32768 minimum: 301
[    0.004149] Mount-cache hash table entries: 2048 (order: 1, 8192 bytes)
[    0.004162] Mountpoint-cache hash table entries: 2048 (order: 1, 8192 bytes)
[    0.004682] CPU: Testing write buffer coherency: ok
[    0.004877] /cpus/cpu@0 missing clock-frequency property
[    0.004904] /cpus/cpu@1 missing clock-frequency property
[    0.004932] /cpus/cpu@2 missing clock-frequency property
[    0.004960] /cpus/cpu@3 missing clock-frequency property
[    0.004972] CPU0: thread -1, cpu 0, socket 0, mpidr 80000000
[    0.005021] Setting up static identity map for 0x8087e1c0 - 0x8087e258
[    0.007211] Tegra Revision: A01 SKU: 129 CPU Process: 1 Core Process: 1
[    0.008324] CPU1: Booted secondary processor
[    0.008350] CPU1: thread -1, cpu 1, socket 0, mpidr 80000001
[    0.008825] CPU2: Booted secondary processor
[    0.008849] CPU2: thread -1, cpu 2, socket 0, mpidr 80000002
[    0.009332] CPU3: Booted secondary processor
[    0.009355] CPU3: thread -1, cpu 3, socket 0, mpidr 80000003
[    0.009417] Brought up 4 CPUs
[    0.009445] SMP: Total of 4 processors activated.
[    0.009453] CPU: All CPU(s) started in SVC mode.
[    0.009985] devtmpfs: initialized
[    0.014837] VFP support v0.3: implementor 41 architecture 4 part 30 variant f rev 0
[    0.016660] pinctrl core: initialized pinctrl subsystem
[    0.032131] NET: Registered protocol family 16
[    0.034031] DMA: preallocated 256 KiB pool for atomic coherent allocations
[    0.048409] cpuidle: using governor ladder
[    0.063425] cpuidle: using governor menu
[    0.077127] No ATAGs?
[    0.077162] hw-breakpoint: found 5 (+1 reserved) breakpoint and 4 watchpoint registers.
[    0.077173] hw-breakpoint: maximum watchpoint size is 8 bytes.
[    0.077341] EXYNOS: PMU not supported
[    0.080506] Serial: AMBA PL011 UART driver
[    0.106913] edma-dma-engine edma-dma-engine.0: Can't allocate PaRAM dummy slot
[    0.106936] edma-dma-engine: probe of edma-dma-engine.0 failed with error -22
[    0.107785] +5V_SYS: supplied by +VDD_MUX
[    0.108070] +3.3V_SYS: supplied by +VDD_MUX
[    0.108214] platform regulators:regulator@3: Driver reg-fixed-voltage requests probe deferral
[    0.108416] reg-fixed-voltage regulators:regulator@4: Failed to find supply vin
[    0.108545] reg-fixed-voltage regulators:regulator@4: Failed to register regulator: -517
[    0.108567] platform regulators:regulator@4: Driver reg-fixed-voltage requests probe deferral
[    0.108739] +USB0_VBUS_SW: Failed to request enable GPIO108: -517
[    0.108832] reg-fixed-voltage regulators:regulator@7: Failed to register regulator: -517
[    0.108853] platform regulators:regulator@7: Driver reg-fixed-voltage requests probe deferral
[    0.109022] +5V_USB_HS: Failed to request enable GPIO109: -517
[    0.109113] reg-fixed-voltage regulators:regulator@8: Failed to register regulator: -517
[    0.109133] platform regulators:regulator@8: Driver reg-fixed-voltage requests probe deferral
[    0.109212] platform regulators:regulator@10: Driver reg-fixed-voltage requests probe deferral
[    0.109378] +1.05V_RUN_AVDD_HDMI_PLL: Failed to request enable GPIO63: -517
[    0.109469] reg-fixed-voltage regulators:regulator@11: Failed to register regulator: -517
[    0.109489] platform regulators:regulator@11: Driver reg-fixed-voltage requests probe deferral
[    0.109656] +5V_HDMI_CON: Failed to request enable GPIO86: -517
[    0.109746] reg-fixed-voltage regulators:regulator@12: Failed to register regulator: -517
[    0.109765] platform regulators:regulator@12: Driver reg-fixed-voltage requests probe deferral
[    0.109932] +5V_SATA: Failed to request enable GPIO242: -517
[    0.110021] reg-fixed-voltage regulators:regulator@13: Failed to register regulator: -517
[    0.110041] platform regulators:regulator@13: Driver reg-fixed-voltage requests probe deferral
[    0.110206] +12V_SATA: Failed to request enable GPIO242: -517
[    0.110295] reg-fixed-voltage regulators:regulator@14: Failed to register regulator: -517
[    0.110315] platform regulators:regulator@14: Driver reg-fixed-voltage requests probe deferral
[    0.112679] vgaarb: loaded
[    0.113336] SCSI subsystem initialized
[    0.113534] libata version 3.00 loaded.
[    0.113860] usbcore: registered new interface driver usbfs
[    0.113930] usbcore: registered new interface driver hub
[    0.114006] usbcore: registered new device driver usb
[    0.117256] Linux video capture interface: v2.00
[    0.117312] pps_core: LinuxPPS API ver. 1 registered
[    0.117321] pps_core: Software ver. 5.3.6 - Copyright 2005-2007 Rodolfo Giometti <giometti@linux.it>
[    0.117351] PTP clock support registered
[    0.117571] EDAC MC: Ver: 3.0.0
[    0.118385] Advanced Linux Sound Architecture Driver Initialized.
[    0.119471] Switched to clocksource arch_sys_counter
[    0.129943] NET: Registered protocol family 2
[    0.130512] TCP established hash table entries: 8192 (order: 3, 32768 bytes)
[    0.130602] TCP bind hash table entries: 8192 (order: 4, 65536 bytes)
[    0.130789] TCP: Hash tables configured (established 8192 bind 8192)
[    0.130834] TCP: reno registered
[    0.130848] UDP hash table entries: 512 (order: 2, 16384 bytes)
[    0.130889] UDP-Lite hash table entries: 512 (order: 2, 16384 bytes)
[    0.131063] NET: Registered protocol family 1
[    0.131296] RPC: Registered named UNIX socket transport module.
[    0.131305] RPC: Registered udp transport module.
[    0.131312] RPC: Registered tcp transport module.
[    0.131320] RPC: Registered tcp NFSv4.1 backchannel transport module.
[    0.131341] PCI: CLS 0 bytes, default 64
[    0.133569] futex hash table entries: 1024 (order: 4, 65536 bytes)
[    0.139458] ------------[ cut here ]------------
[    0.139482] WARNING: CPU: 2 PID: 0 at fs/dcache.c:255 __d_free+0x34/0x40()
[    0.139490] Modules linked in:
[    0.139507] CPU: 2 PID: 0 Comm: swapper/2 Not tainted 3.18.0-rc3-next-20141103-96358-ga641d0e #1
[    0.139536] [<c0215c88>] (unwind_backtrace) from [<c02116b0>] (show_stack+0x10/0x14)
[    0.139557] [<c02116b0>] (show_stack) from [<c0879474>] (dump_stack+0x78/0x94)
[    0.139575] [<c0879474>] (dump_stack) from [<c02484b8>] (warn_slowpath_common+0x64/0x88)
[    0.139593] [<c02484b8>] (warn_slowpath_common) from [<c02484f8>] (warn_slowpath_null+0x1c/0x24)
[    0.139610] [<c02484f8>] (warn_slowpath_null) from [<c0306ffc>] (__d_free+0x34/0x40)
[    0.139630] [<c0306ffc>] (__d_free) from [<c0288ef0>] (rcu_process_callbacks+0x3a8/0x544)
[    0.139650] [<c0288ef0>] (rcu_process_callbacks) from [<c024b400>] (__do_softirq+0xf0/0x240)
[    0.139668] [<c024b400>] (__do_softirq) from [<c024b7dc>] (irq_exit+0xa8/0x114)
[    0.139687] [<c024b7dc>] (irq_exit) from [<c027f550>] (__handle_domain_irq+0x58/0xa4)
[    0.139703] [<c027f550>] (__handle_domain_irq) from [<c0208958>] (gic_handle_irq+0x2c/0x68)
[    0.139720] [<c0208958>] (gic_handle_irq) from [<c0212200>] (__irq_svc+0x40/0x54)
[    0.139728] Exception stack(0xed8adf98 to 0xed8adfe0)
[    0.139738] df80:                                                       ffffffed 00000000
[    0.139750] dfa0: ed8adfe8 c021efc0 c0c404fc c0c40498 00000000 00000000 c0c36840 c0c35be8
[    0.139761] dfc0: ffffffed 00000000 00000000 ed8adfe0 c020f4b0 c020f4b4 60000113 ffffffff
[    0.139779] [<c0212200>] (__irq_svc) from [<c020f4b4>] (arch_cpu_idle+0x30/0x3c)
[    0.139795] [<c020f4b4>] (arch_cpu_idle) from [<c0275464>] (cpu_startup_entry+0x1a4/0x278)
[    0.139809] [<c0275464>] (cpu_startup_entry) from [<80208ac4>] (0x80208ac4)
[    0.139828] ---[ end trace 82c882391cd3ce0d ]---
[    0.139839] ------------[ cut here ]------------
[    0.139854] WARNING: CPU: 2 PID: 0 at fs/dcache.c:255 __d_free+0x34/0x40()
[    0.139861] Modules linked in:
[    0.139874] CPU: 2 PID: 0 Comm: swapper/2 Tainted: G        W      3.18.0-rc3-next-20141103-96358-ga641d0e #1
[    0.139893] [<c0215c88>] (unwind_backtrace) from [<c02116b0>] (show_stack+0x10/0x14)
[    0.139909] [<c02116b0>] (show_stack) from [<c0879474>] (dump_stack+0x78/0x94)
[    0.139924] [<c0879474>] (dump_stack) from [<c02484b8>] (warn_slowpath_common+0x64/0x88)
[    0.139940] [<c02484b8>] (warn_slowpath_common) from [<c02484f8>] (warn_slowpath_null+0x1c/0x24)
[    0.139957] [<c02484f8>] (warn_slowpath_null) from [<c0306ffc>] (__d_free+0x34/0x40)
[    0.139974] [<c0306ffc>] (__d_free) from [<c0288ef0>] (rcu_process_callbacks+0x3a8/0x544)
[    0.139992] [<c0288ef0>] (rcu_process_callbacks) from [<c024b400>] (__do_softirq+0xf0/0x240)
[    0.140009] [<c024b400>] (__do_softirq) from [<c024b7dc>] (irq_exit+0xa8/0x114)
[    0.140027] [<c024b7dc>] (irq_exit) from [<c027f550>] (__handle_domain_irq+0x58/0xa4)
[    0.140041] [<c027f550>] (__handle_domain_irq) from [<c0208958>] (gic_handle_irq+0x2c/0x68)
[    0.140057] [<c0208958>] (gic_handle_irq) from [<c0212200>] (__irq_svc+0x40/0x54)
[    0.140065] Exception stack(0xed8adf98 to 0xed8adfe0)
[    0.140074] df80:                                                       ffffffed 00000000
[    0.140085] dfa0: ed8adfe8 c021efc0 c0c404fc c0c40498 00000000 00000000 c0c36840 c0c35be8
[    0.140097] dfc0: ffffffed 00000000 00000000 ed8adfe0 c020f4b0 c020f4b4 60000113 ffffffff
[    0.140114] [<c0212200>] (__irq_svc) from [<c020f4b4>] (arch_cpu_idle+0x30/0x3c)
[    0.140129] [<c020f4b4>] (arch_cpu_idle) from [<c0275464>] (cpu_startup_entry+0x1a4/0x278)
[    0.140140] [<c0275464>] (cpu_startup_entry) from [<80208ac4>] (0x80208ac4)
[    0.140149] ---[ end trace 82c882391cd3ce0e ]---
[    0.140160] ------------[ cut here ]------------
[    0.140173] WARNING: CPU: 2 PID: 0 at fs/dcache.c:255 __d_free+0x34/0x40()
[    0.140180] Modules linked in:
[    0.140192] CPU: 2 PID: 0 Comm: swapper/2 Tainted: G        W      3.18.0-rc3-next-20141103-96358-ga641d0e #1
[    0.140210] [<c0215c88>] (unwind_backtrace) from [<c02116b0>] (show_stack+0x10/0x14)
[    0.140225] [<c02116b0>] (show_stack) from [<c0879474>] (dump_stack+0x78/0x94)
[    0.140240] [<c0879474>] (dump_stack) from [<c02484b8>] (warn_slowpath_common+0x64/0x88)
[    0.140256] [<c02484b8>] (warn_slowpath_common) from [<c02484f8>] (warn_slowpath_null+0x1c/0x24)
[    0.140272] [<c02484f8>] (warn_slowpath_null) from [<c0306ffc>] (__d_free+0x34/0x40)
[    0.140289] [<c0306ffc>] (__d_free) from [<c0288ef0>] (rcu_process_callbacks+0x3a8/0x544)
[    0.140306] [<c0288ef0>] (rcu_process_callbacks) from [<c024b400>] (__do_softirq+0xf0/0x240)
[    0.140323] [<c024b400>] (__do_softirq) from [<c024b7dc>] (irq_exit+0xa8/0x114)
[    0.140341] [<c024b7dc>] (irq_exit) from [<c027f550>] (__handle_domain_irq+0x58/0xa4)
[    0.140355] [<c027f550>] (__handle_domain_irq) from [<c0208958>] (gic_handle_irq+0x2c/0x68)
[    0.140371] [<c0208958>] (gic_handle_irq) from [<c0212200>] (__irq_svc+0x40/0x54)
[    0.140378] Exception stack(0xed8adf98 to 0xed8adfe0)
[    0.140387] df80:                                                       ffffffed 00000000
[    0.140398] dfa0: ed8adfe8 c021efc0 c0c404fc c0c40498 00000000 00000000 c0c36840 c0c35be8
[    0.140409] dfc0: ffffffed 00000000 00000000 ed8adfe0 c020f4b0 c020f4b4 60000113 ffffffff
[    0.140426] [<c0212200>] (__irq_svc) from [<c020f4b4>] (arch_cpu_idle+0x30/0x3c)
[    0.140440] [<c020f4b4>] (arch_cpu_idle) from [<c0275464>] (cpu_startup_entry+0x1a4/0x278)
[    0.140452] [<c0275464>] (cpu_startup_entry) from [<80208ac4>] (0x80208ac4)
[    0.140460] ---[ end trace 82c882391cd3ce0f ]---
[    0.140471] ------------[ cut here ]------------
[    0.140484] WARNING: CPU: 2 PID: 0 at fs/dcache.c:255 __d_free+0x34/0x40()
[    0.140490] Modules linked in:
[    0.140503] CPU: 2 PID: 0 Comm: swapper/2 Tainted: G        W      3.18.0-rc3-next-20141103-96358-ga641d0e #1
[    0.140521] [<c0215c88>] (unwind_backtrace) from [<c02116b0>] (show_stack+0x10/0x14)
[    0.140536] [<c02116b0>] (show_stack) from [<c0879474>] (dump_stack+0x78/0x94)
[    0.140551] [<c0879474>] (dump_stack) from [<c02484b8>] (warn_slowpath_common+0x64/0x88)
[    0.140567] [<c02484b8>] (warn_slowpath_common) from [<c02484f8>] (warn_slowpath_null+0x1c/0x24)
[    0.140582] [<c02484f8>] (warn_slowpath_null) from [<c0306ffc>] (__d_free+0x34/0x40)
[    0.140599] [<c0306ffc>] (__d_free) from [<c0288ef0>] (rcu_process_callbacks+0x3a8/0x544)
[    0.140616] [<c0288ef0>] (rcu_process_callbacks) from [<c024b400>] (__do_softirq+0xf0/0x240)
[    0.140633] [<c024b400>] (__do_softirq) from [<c024b7dc>] (irq_exit+0xa8/0x114)
[    0.140651] [<c024b7dc>] (irq_exit) from [<c027f550>] (__handle_domain_irq+0x58/0xa4)
[    0.140666] [<c027f550>] (__handle_domain_irq) from [<c0208958>] (gic_handle_irq+0x2c/0x68)
[    0.140682] [<c0208958>] (gic_handle_irq) from [<c0212200>] (__irq_svc+0x40/0x54)
[    0.140690] Exception stack(0xed8adf98 to 0xed8adfe0)
[    0.140698] df80:                                                       ffffffed 00000000
[    0.140709] dfa0: ed8adfe8 c021efc0 c0c404fc c0c40498 00000000 00000000 c0c36840 c0c35be8
[    0.140720] dfc0: ffffffed 00000000 00000000 ed8adfe0 c020f4b0 c020f4b4 60000113 ffffffff
[    0.140737] [<c0212200>] (__irq_svc) from [<c020f4b4>] (arch_cpu_idle+0x30/0x3c)
[    0.140752] [<c020f4b4>] (arch_cpu_idle) from [<c0275464>] (cpu_startup_entry+0x1a4/0x278)
[    0.140763] [<c0275464>] (cpu_startup_entry) from [<80208ac4>] (0x80208ac4)
[    0.140771] ---[ end trace 82c882391cd3ce10 ]---
[    0.145784] squashfs: version 4.0 (2009/01/31) Phillip Lougher
[    0.146589] NFS: Registering the id_resolver key type
[    0.146621] Key type id_resolver registered
[    0.146629] Key type id_legacy registered
[    0.147110] bounce: pool size: 64 pages
[    0.147319] Block layer SCSI generic (bsg) driver version 0.4 loaded (major 249)
[    0.147334] io scheduler noop registered
[    0.147347] io scheduler deadline registered
[    0.147544] io scheduler cfq registered (default)
[    0.149461] ------------[ cut here ]------------
[    0.149479] WARNING: CPU: 3 PID: 1 at fs/dcache.c:255 __d_free+0x34/0x40()
[    0.149487] Modules linked in:
[    0.149503] CPU: 3 PID: 1 Comm: swapper/0 Tainted: G        W      3.18.0-rc3-next-20141103-96358-ga641d0e #1
[    0.149527] [<c0215c88>] (unwind_backtrace) from [<c02116b0>] (show_stack+0x10/0x14)
[    0.149545] [<c02116b0>] (show_stack) from [<c0879474>] (dump_stack+0x78/0x94)
[    0.149562] [<c0879474>] (dump_stack) from [<c02484b8>] (warn_slowpath_common+0x64/0x88)
[    0.149580] [<c02484b8>] (warn_slowpath_common) from [<c02484f8>] (warn_slowpath_null+0x1c/0x24)
[    0.149597] [<c02484f8>] (warn_slowpath_null) from [<c0306ffc>] (__d_free+0x34/0x40)
[    0.149616] [<c0306ffc>] (__d_free) from [<c0288ef0>] (rcu_process_callbacks+0x3a8/0x544)
[    0.149635] [<c0288ef0>] (rcu_process_callbacks) from [<c024b400>] (__do_softirq+0xf0/0x240)
[    0.149653] [<c024b400>] (__do_softirq) from [<c024b7dc>] (irq_exit+0xa8/0x114)
[    0.149672] [<c024b7dc>] (irq_exit) from [<c027f550>] (__handle_domain_irq+0x58/0xa4)
[    0.149687] [<c027f550>] (__handle_domain_irq) from [<c0208958>] (gic_handle_irq+0x2c/0x68)
[    0.149704] [<c0208958>] (gic_handle_irq) from [<c0212200>] (__irq_svc+0x40/0x54)
[    0.149712] Exception stack(0xed86fdc8 to 0xed86fe10)
[    0.149724] fdc0:                   c0d5e5ac 20000113 eda910c0 0000255a 00001f87 ed83a708
[    0.149737] fde0: 00000001 000000d0 20000113 edb3dcc0 80000000 00000000 c0c39204 ed86fe10
[    0.149746] fe00: c0417150 c087db60 90000113 ffffffff
[    0.149766] [<c0212200>] (__irq_svc) from [<c087db60>] (_raw_spin_unlock_irqrestore+0x1c/0x20)
[    0.149783] [<c087db60>] (_raw_spin_unlock_irqrestore) from [<c0417150>] (ida_simple_get+0x80/0xd4)
[    0.149800] [<c0417150>] (ida_simple_get) from [<c03494e0>] (__kernfs_new_node+0x68/0xc4)
[    0.149815] [<c03494e0>] (__kernfs_new_node) from [<c034a3cc>] (kernfs_new_node+0x1c/0x38)
[    0.149829] [<c034a3cc>] (kernfs_new_node) from [<c034a6f0>] (kernfs_create_dir_ns+0x18/0x60)
[    0.149844] [<c034a6f0>] (kernfs_create_dir_ns) from [<c034c460>] (sysfs_create_dir_ns+0x48/0x90)
[    0.149859] [<c034c460>] (sysfs_create_dir_ns) from [<c0417cf8>] (kobject_add_internal+0xac/0x2d8)
[    0.149875] [<c0417cf8>] (kobject_add_internal) from [<c0418074>] (kobject_init_and_add+0x48/0x70)
[    0.149891] [<c0418074>] (kobject_init_and_add) from [<c055b16c>] (bus_add_driver+0x74/0x1d0)
[    0.149906] [<c055b16c>] (bus_add_driver) from [<c055c1bc>] (driver_register+0x78/0xf4)
[    0.149920] [<c055c1bc>] (driver_register) from [<c0208cc4>] (do_one_initcall+0x80/0x1d0)
[    0.149936] [<c0208cc4>] (do_one_initcall) from [<c0b80d54>] (kernel_init_freeable+0x10c/0x1d8)
[    0.149957] [<c0b80d54>] (kernel_init_freeable) from [<c0874c88>] (kernel_init+0x8/0xec)
[    0.149974] [<c0874c88>] (kernel_init) from [<c020e9f8>] (ret_from_fork+0x14/0x3c)
[    0.149983] ---[ end trace 82c882391cd3ce11 ]---
[    0.149990] ------------[ cut here ]------------
[    0.150005] WARNING: CPU: 3 PID: 1 at fs/dcache.c:255 __d_free+0x34/0x40()
[    0.150011] Modules linked in:
[    0.150024] CPU: 3 PID: 1 Comm: swapper/0 Tainted: G        W      3.18.0-rc3-next-20141103-96358-ga641d0e #1
[    0.150043] [<c0215c88>] (unwind_backtrace) from [<c02116b0>] (show_stack+0x10/0x14)
[    0.150058] [<c02116b0>] (show_stack) from [<c0879474>] (dump_stack+0x78/0x94)
[    0.150073] [<c0879474>] (dump_stack) from [<c02484b8>] (warn_slowpath_common+0x64/0x88)
[    0.150090] [<c02484b8>] (warn_slowpath_common) from [<c02484f8>] (warn_slowpath_null+0x1c/0x24)
[    0.150106] [<c02484f8>] (warn_slowpath_null) from [<c0306ffc>] (__d_free+0x34/0x40)
[    0.150123] [<c0306ffc>] (__d_free) from [<c0288ef0>] (rcu_process_callbacks+0x3a8/0x544)
[    0.150141] [<c0288ef0>] (rcu_process_callbacks) from [<c024b400>] (__do_softirq+0xf0/0x240)
[    0.150159] [<c024b400>] (__do_softirq) from [<c024b7dc>] (irq_exit+0xa8/0x114)
[    0.150177] [<c024b7dc>] (irq_exit) from [<c027f550>] (__handle_domain_irq+0x58/0xa4)
[    0.150192] [<c027f550>] (__handle_domain_irq) from [<c0208958>] (gic_handle_irq+0x2c/0x68)
[    0.150208] [<c0208958>] (gic_handle_irq) from [<c0212200>] (__irq_svc+0x40/0x54)
[    0.150216] Exception stack(0xed86fdc8 to 0xed86fe10)
[    0.150227] fdc0:                   c0d5e5ac 20000113 eda910c0 0000255a 00001f87 ed83a708
[    0.150238] fde0: 00000001 000000d0 20000113 edb3dcc0 80000000 00000000 c0c39204 ed86fe10
[    0.150247] fe00: c0417150 c087db60 90000113 ffffffff
[    0.150266] [<c0212200>] (__irq_svc) from [<c087db60>] (_raw_spin_unlock_irqrestore+0x1c/0x20)
[    0.150281] [<c087db60>] (_raw_spin_unlock_irqrestore) from [<c0417150>] (ida_simple_get+0x80/0xd4)
[    0.150294] [<c0417150>] (ida_simple_get) from [<c03494e0>] (__kernfs_new_node+0x68/0xc4)
[    0.150307] [<c03494e0>] (__kernfs_new_node) from [<c034a3cc>] (kernfs_new_node+0x1c/0x38)
[    0.150321] [<c034a3cc>] (kernfs_new_node) from [<c034a6f0>] (kernfs_create_dir_ns+0x18/0x60)
[    0.150335] [<c034a6f0>] (kernfs_create_dir_ns) from [<c034c460>] (sysfs_create_dir_ns+0x48/0x90)
[    0.150350] [<c034c460>] (sysfs_create_dir_ns) from [<c0417cf8>] (kobject_add_internal+0xac/0x2d8)
[    0.150365] [<c0417cf8>] (kobject_add_internal) from [<c0418074>] (kobject_init_and_add+0x48/0x70)
[    0.150379] [<c0418074>] (kobject_init_and_add) from [<c055b16c>] (bus_add_driver+0x74/0x1d0)
[    0.150393] [<c055b16c>] (bus_add_driver) from [<c055c1bc>] (driver_register+0x78/0xf4)
[    0.150406] [<c055c1bc>] (driver_register) from [<c0208cc4>] (do_one_initcall+0x80/0x1d0)
[    0.150420] [<c0208cc4>] (do_one_initcall) from [<c0b80d54>] (kernel_init_freeable+0x10c/0x1d8)
[    0.150435] [<c0b80d54>] (kernel_init_freeable) from [<c0874c88>] (kernel_init+0x8/0xec)
[    0.150451] [<c0874c88>] (kernel_init) from [<c020e9f8>] (ret_from_fork+0x14/0x3c)
[    0.150460] ---[ end trace 82c882391cd3ce12 ]---
[    0.150467] ------------[ cut here ]------------
[    0.150480] WARNING: CPU: 3 PID: 1 at fs/dcache.c:255 __d_free+0x34/0x40()
[    0.150486] Modules linked in:
[    0.150500] CPU: 3 PID: 1 Comm: swapper/0 Tainted: G        W      3.18.0-rc3-next-20141103-96358-ga641d0e #1
[    0.150518] [<c0215c88>] (unwind_backtrace) from [<c02116b0>] (show_stack+0x10/0x14)
[    0.150533] [<c02116b0>] (show_stack) from [<c0879474>] (dump_stack+0x78/0x94)
[    0.150549] [<c0879474>] (dump_stack) from [<c02484b8>] (warn_slowpath_common+0x64/0x88)
[    0.150565] [<c02484b8>] (warn_slowpath_common) from [<c02484f8>] (warn_slowpath_null+0x1c/0x24)
[    0.150581] [<c02484f8>] (warn_slowpath_null) from [<c0306ffc>] (__d_free+0x34/0x40)
[    0.150599] [<c0306ffc>] (__d_free) from [<c0288ef0>] (rcu_process_callbacks+0x3a8/0x544)
[    0.150617] [<c0288ef0>] (rcu_process_callbacks) from [<c024b400>] (__do_softirq+0xf0/0x240)
[    0.150635] [<c024b400>] (__do_softirq) from [<c024b7dc>] (irq_exit+0xa8/0x114)
[    0.150653] [<c024b7dc>] (irq_exit) from [<c027f550>] (__handle_domain_irq+0x58/0xa4)
[    0.150667] [<c027f550>] (__handle_domain_irq) from [<c0208958>] (gic_handle_irq+0x2c/0x68)
[    0.150683] [<c0208958>] (gic_handle_irq) from [<c0212200>] (__irq_svc+0x40/0x54)
[    0.150691] Exception stack(0xed86fdc8 to 0xed86fe10)
[    0.150702] fdc0:                   c0d5e5ac 20000113 eda910c0 0000255a 00001f87 ed83a708
[    0.150713] fde0: 00000001 000000d0 20000113 edb3dcc0 80000000 00000000 c0c39204 ed86fe10
[    0.150722] fe00: c0417150 c087db60 90000113 ffffffff
[    0.150741] [<c0212200>] (__irq_svc) from [<c087db60>] (_raw_spin_unlock_irqrestore+0x1c/0x20)
[    0.150756] [<c087db60>] (_raw_spin_unlock_irqrestore) from [<c0417150>] (ida_simple_get+0x80/0xd4)
[    0.150769] [<c0417150>] (ida_simple_get) from [<c03494e0>] (__kernfs_new_node+0x68/0xc4)
[    0.150782] [<c03494e0>] (__kernfs_new_node) from [<c034a3cc>] (kernfs_new_node+0x1c/0x38)
[    0.150795] [<c034a3cc>] (kernfs_new_node) from [<c034a6f0>] (kernfs_create_dir_ns+0x18/0x60)
[    0.150809] [<c034a6f0>] (kernfs_create_dir_ns) from [<c034c460>] (sysfs_create_dir_ns+0x48/0x90)
[    0.150823] [<c034c460>] (sysfs_create_dir_ns) from [<c0417cf8>] (kobject_add_internal+0xac/0x2d8)
[    0.150838] [<c0417cf8>] (kobject_add_internal) from [<c0418074>] (kobject_init_and_add+0x48/0x70)
[    0.150853] [<c0418074>] (kobject_init_and_add) from [<c055b16c>] (bus_add_driver+0x74/0x1d0)
[    0.150866] [<c055b16c>] (bus_add_driver) from [<c055c1bc>] (driver_register+0x78/0xf4)
[    0.150880] [<c055c1bc>] (driver_register) from [<c0208cc4>] (do_one_initcall+0x80/0x1d0)
[    0.150894] [<c0208cc4>] (do_one_initcall) from [<c0b80d54>] (kernel_init_freeable+0x10c/0x1d8)
[    0.150909] [<c0b80d54>] (kernel_init_freeable) from [<c0874c88>] (kernel_init+0x8/0xec)
[    0.150925] [<c0874c88>] (kernel_init) from [<c020e9f8>] (ret_from_fork+0x14/0x3c)
[    0.150933] ---[ end trace 82c882391cd3ce13 ]---
[    0.162241] tegra-pcie 1003000.pcie-controller: 2x1, 1x1 configuration
[    0.162288] tegra-pcie 1003000.pcie-controller: Failed to get supply 'avddio-pex': -517
[    0.162320] platform 1003000.pcie-controller: Driver tegra-pcie requests probe deferral
[    0.167159] tegra-apbdma 60020000.dma: Tegra20 APB DMA driver register 32 channels
[    0.232143] Serial: 8250/16550 driver, 4 ports, IRQ sharing disabled
[    0.233984] Serial: IMX driver
[    0.234500] msm_serial: driver initialized
[    0.235322] console [ttyS0] disabled
[    0.235361] of_serial 70006300.serial: ttyS0 at MMIO 0x70006300 (irq = 122, base_baud = 25500000) is a Tegra
[    2.599393] console [ttyS0] enabled
[    2.603612] STMicroelectronics ASC driver initialized
[    2.609519] serial: Freescale lpuart driver
[    2.613923] [drm] Initialized drm 1.1.0 20060810
[    2.618549] ------------[ cut here ]------------
[    2.618563] WARNING: CPU: 1 PID: 1 at fs/dcache.c:255 __d_free+0x34/0x40()
[    2.618568] Modules linked in:
[    2.618576] CPU: 1 PID: 1 Comm: swapper/0 Tainted: G        W      3.18.0-rc3-next-20141103-96358-ga641d0e #1
[    2.618601] [<c0215c88>] (unwind_backtrace) from [<c02116b0>] (show_stack+0x10/0x14)
[    2.618616] [<c02116b0>] (show_stack) from [<c0879474>] (dump_stack+0x78/0x94)
[    2.618630] [<c0879474>] (dump_stack) from [<c02484b8>] (warn_slowpath_common+0x64/0x88)
[    2.618642] [<c02484b8>] (warn_slowpath_common) from [<c02484f8>] (warn_slowpath_null+0x1c/0x24)
[    2.618653] [<c02484f8>] (warn_slowpath_null) from [<c0306ffc>] (__d_free+0x34/0x40)
[    2.618668] [<c0306ffc>] (__d_free) from [<c0288ef0>] (rcu_process_callbacks+0x3a8/0x544)
[    2.618683] [<c0288ef0>] (rcu_process_callbacks) from [<c024b400>] (__do_softirq+0xf0/0x240)
[    2.618696] [<c024b400>] (__do_softirq) from [<c024b7dc>] (irq_exit+0xa8/0x114)
[    2.618710] [<c024b7dc>] (irq_exit) from [<c027f550>] (__handle_domain_irq+0x58/0xa4)
[    2.618721] [<c027f550>] (__handle_domain_irq) from [<c0208958>] (gic_handle_irq+0x2c/0x68)
[    2.618734] [<c0208958>] (gic_handle_irq) from [<c0212200>] (__irq_svc+0x40/0x54)
[    2.618738] Exception stack(0xed86fde0 to 0xed86fe28)
[    2.618746] fde0: c0d67214 60000193 00000010 0000082a c0d3759c 00000006 00000153 00000006
[    2.618754] fe00: 00000000 00000006 c0d2f888 60000113 00000000 ed86fe28 c027cc68 c027dbd0
[    2.618758] fe20: 60000113 ffffffff
[    2.618772] [<c0212200>] (__irq_svc) from [<c027dbd0>] (console_unlock+0x4f0/0x548)
[    2.618784] [<c027dbd0>] (console_unlock) from [<c027e014>] (vprintk_emit+0x210/0x4dc)
[    2.618798] [<c027e014>] (vprintk_emit) from [<c087757c>] (printk+0x34/0x44)
[    2.618811] [<c087757c>] (printk) from [<c0bc0bdc>] (drm_core_init+0xb8/0x10c)
[    2.618822] [<c0bc0bdc>] (drm_core_init) from [<c0208cc4>] (do_one_initcall+0x80/0x1d0)
[    2.618832] [<c0208cc4>] (do_one_initcall) from [<c0b80d54>] (kernel_init_freeable+0x10c/0x1d8)
[    2.618844] [<c0b80d54>] (kernel_init_freeable) from [<c0874c88>] (kernel_init+0x8/0xec)
[    2.618855] [<c0874c88>] (kernel_init) from [<c020e9f8>] (ret_from_fork+0x14/0x3c)
[    2.618860] ---[ end trace 82c882391cd3ce14 ]---
[    2.823216] tegra-hdmi 54280000.hdmi: failed to get HDMI regulator
[    2.829421] platform 54280000.hdmi: Driver tegra-hdmi requests probe deferral
[    2.842604] loop: module loaded
[    2.846068] at24 0-0056: 256 byte 24c02 EEPROM, writable, 8 bytes/write
[    2.853874] as3722 4-0040: AS3722 with revision 0x1 found
[    2.864818] +1.35V_LP0(sd2): supplied by +5V_SYS
[    2.869992] +1.35V_LP0(sd3): supplied by +5V_SYS
[    2.875142] +1.05V_RUN: supplied by +5V_SYS
[    2.879747] +1.8V_VDDIO: supplied by +5V_SYS
[    2.885798] +1.05V_RUN_AVDD: supplied by +1.35V_LP0(sd2)
[    2.892116] as3722-regulator as3722-regulator: Failed to find supply vin-ldo1-6
[    2.899551] as3722-regulator as3722-regulator: regulator 8 register failed -517
[    2.908087] platform as3722-regulator: Driver as3722-regulator requests probe deferral
[    2.918055] tegra-ahci 70027000.sata: Failed to get supply 'avdd': -517
[    2.924683] tegra-ahci 70027000.sata: Failed to get regulators
[    2.930548] platform 70027000.sata: Driver tegra-ahci requests probe deferral
[    2.941020] m25p80 spi32765.0: w25q32dw (4096 Kbytes)
[    2.948026] CAN device driver interface
[    2.952890] igb: Intel(R) Gigabit Ethernet Network Driver - version 5.2.15-k
[    2.954467] ------------[ cut here ]------------
[    2.954481] WARNING: CPU: 0 PID: 0 at fs/dcache.c:255 __d_free+0x34/0x40()
[    2.954487] Modules linked in:
[    2.954496] CPU: 0 PID: 0 Comm: swapper/0 Tainted: G        W      3.18.0-rc3-next-20141103-96358-ga641d0e #1
[    2.954518] [<c0215c88>] (unwind_backtrace) from [<c02116b0>] (show_stack+0x10/0x14)
[    2.954533] [<c02116b0>] (show_stack) from [<c0879474>] (dump_stack+0x78/0x94)
[    2.954547] [<c0879474>] (dump_stack) from [<c02484b8>] (warn_slowpath_common+0x64/0x88)
[    2.954560] [<c02484b8>] (warn_slowpath_common) from [<c02484f8>] (warn_slowpath_null+0x1c/0x24)
[    2.954573] [<c02484f8>] (warn_slowpath_null) from [<c0306ffc>] (__d_free+0x34/0x40)
[    2.954587] [<c0306ffc>] (__d_free) from [<c0288ef0>] (rcu_process_callbacks+0x3a8/0x544)
[    2.954602] [<c0288ef0>] (rcu_process_callbacks) from [<c024b400>] (__do_softirq+0xf0/0x240)
[    2.954615] [<c024b400>] (__do_softirq) from [<c024b7dc>] (irq_exit+0xa8/0x114)
[    2.954629] [<c024b7dc>] (irq_exit) from [<c027f550>] (__handle_domain_irq+0x58/0xa4)
[    2.954641] [<c027f550>] (__handle_domain_irq) from [<c0208958>] (gic_handle_irq+0x2c/0x68)
[    2.954653] [<c0208958>] (gic_handle_irq) from [<c0212200>] (__irq_svc+0x40/0x54)
[    2.954659] Exception stack(0xc0c39f68 to 0xc0c39fb0)
[    2.954666] 9f60:                   ffffffed 00000000 c0c39fb8 c021efc0 c0c404fc c0c40498
[    2.954675] 9f80: 00000000 00000000 c0c36840 c0c35be8 ffffffed 00000000 00000000 c0c39fb0
[    2.954680] 9fa0: c020f4b0 c020f4b4 60000113 ffffffff
[    2.954694] [<c0212200>] (__irq_svc) from [<c020f4b4>] (arch_cpu_idle+0x30/0x3c)
[    2.954706] [<c020f4b4>] (arch_cpu_idle) from [<c0275464>] (cpu_startup_entry+0x1a4/0x278)
[    2.954717] [<c0275464>] (cpu_startup_entry) from [<c0b80bdc>] (start_kernel+0x330/0x39c)
[    2.954727] [<c0b80bdc>] (start_kernel) from [<80208074>] (0x80208074)
[    2.954732] ---[ end trace 82c882391cd3ce15 ]---
[    2.954736] ------------[ cut here ]------------
[    2.954747] WARNING: CPU: 0 PID: 0 at fs/dcache.c:255 __d_free+0x34/0x40()
[    2.954753] Modules linked in:
[    2.954760] CPU: 0 PID: 0 Comm: swapper/0 Tainted: G        W      3.18.0-rc3-next-20141103-96358-ga641d0e #1
[    2.954773] [<c0215c88>] (unwind_backtrace) from [<c02116b0>] (show_stack+0x10/0x14)
[    2.954784] [<c02116b0>] (show_stack) from [<c0879474>] (dump_stack+0x78/0x94)
[    2.954796] [<c0879474>] (dump_stack) from [<c02484b8>] (warn_slowpath_common+0x64/0x88)
[    2.954808] [<c02484b8>] (warn_slowpath_common) from [<c02484f8>] (warn_slowpath_null+0x1c/0x24)
[    2.954820] [<c02484f8>] (warn_slowpath_null) from [<c0306ffc>] (__d_free+0x34/0x40)
[    2.954833] [<c0306ffc>] (__d_free) from [<c0288ef0>] (rcu_process_callbacks+0x3a8/0x544)
[    2.954847] [<c0288ef0>] (rcu_process_callbacks) from [<c024b400>] (__do_softirq+0xf0/0x240)
[    2.954860] [<c024b400>] (__do_softirq) from [<c024b7dc>] (irq_exit+0xa8/0x114)
[    2.954873] [<c024b7dc>] (irq_exit) from [<c027f550>] (__handle_domain_irq+0x58/0xa4)
[    2.954884] [<c027f550>] (__handle_domain_irq) from [<c0208958>] (gic_handle_irq+0x2c/0x68)
[    2.954895] [<c0208958>] (gic_handle_irq) from [<c0212200>] (__irq_svc+0x40/0x54)
[    2.954900] Exception stack(0xc0c39f68 to 0xc0c39fb0)
[    2.954906] 9f60:                   ffffffed 00000000 c0c39fb8 c021efc0 c0c404fc c0c40498
[    2.954913] 9f80: 00000000 00000000 c0c36840 c0c35be8 ffffffed 00000000 00000000 c0c39fb0
[    2.954918] 9fa0: c020f4b0 c020f4b4 60000113 ffffffff
[    2.954931] [<c0212200>] (__irq_svc) from [<c020f4b4>] (arch_cpu_idle+0x30/0x3c)
[    2.954942] [<c020f4b4>] (arch_cpu_idle) from [<c0275464>] (cpu_startup_entry+0x1a4/0x278)
[    2.954951] [<c0275464>] (cpu_startup_entry) from [<c0b80bdc>] (start_kernel+0x330/0x39c)
[    2.954959] [<c0b80bdc>] (start_kernel) from [<80208074>] (0x80208074)
[    2.954963] ---[ end trace 82c882391cd3ce16 ]---
[    2.954966] ------------[ cut here ]------------
[    2.954976] WARNING: CPU: 0 PID: 0 at fs/dcache.c:255 __d_free+0x34/0x40()
[    2.954981] Modules linked in:
[    2.954988] CPU: 0 PID: 0 Comm: swapper/0 Tainted: G        W      3.18.0-rc3-next-20141103-96358-ga641d0e #1
[    2.955002] [<c0215c88>] (unwind_backtrace) from [<c02116b0>] (show_stack+0x10/0x14)
[    2.955013] [<c02116b0>] (show_stack) from [<c0879474>] (dump_stack+0x78/0x94)
[    2.955024] [<c0879474>] (dump_stack) from [<c02484b8>] (warn_slowpath_common+0x64/0x88)
[    2.955036] [<c02484b8>] (warn_slowpath_common) from [<c02484f8>] (warn_slowpath_null+0x1c/0x24)
[    2.955048] [<c02484f8>] (warn_slowpath_null) from [<c0306ffc>] (__d_free+0x34/0x40)
[    2.955061] [<c0306ffc>] (__d_free) from [<c0288ef0>] (rcu_process_callbacks+0x3a8/0x544)
[    2.955073] [<c0288ef0>] (rcu_process_callbacks) from [<c024b400>] (__do_softirq+0xf0/0x240)
[    2.955087] [<c024b400>] (__do_softirq) from [<c024b7dc>] (irq_exit+0xa8/0x114)
[    2.955100] [<c024b7dc>] (irq_exit) from [<c027f550>] (__handle_domain_irq+0x58/0xa4)
[    2.955111] [<c027f550>] (__handle_domain_irq) from [<c0208958>] (gic_handle_irq+0x2c/0x68)
[    2.955122] [<c0208958>] (gic_handle_irq) from [<c0212200>] (__irq_svc+0x40/0x54)
[    2.955125] Exception stack(0xc0c39f68 to 0xc0c39fb0)
[    2.955132] 9f60:                   ffffffed 00000000 c0c39fb8 c021efc0 c0c404fc c0c40498
[    2.955139] 9f80: 00000000 00000000 c0c36840 c0c35be8 ffffffed 00000000 00000000 c0c39fb0
[    2.955144] 9fa0: c020f4b0 c020f4b4 60000113 ffffffff
[    2.955157] [<c0212200>] (__irq_svc) from [<c020f4b4>] (arch_cpu_idle+0x30/0x3c)
[    2.955167] [<c020f4b4>] (arch_cpu_idle) from [<c0275464>] (cpu_startup_entry+0x1a4/0x278)
[    2.955176] [<c0275464>] (cpu_startup_entry) from [<c0b80bdc>] (start_kernel+0x330/0x39c)
[    2.955185] [<c0b80bdc>] (start_kernel) from [<80208074>] (0x80208074)
[    2.955189] ---[ end trace 82c882391cd3ce17 ]---
[    2.955192] ------------[ cut here ]------------
[    2.955202] WARNING: CPU: 0 PID: 0 at fs/dcache.c:255 __d_free+0x34/0x40()
[    2.955207] Modules linked in:
[    2.955214] CPU: 0 PID: 0 Comm: swapper/0 Tainted: G        W      3.18.0-rc3-next-20141103-96358-ga641d0e #1
[    2.955227] [<c0215c88>] (unwind_backtrace) from [<c02116b0>] (show_stack+0x10/0x14)
[    2.955238] [<c02116b0>] (show_stack) from [<c0879474>] (dump_stack+0x78/0x94)
[    2.955249] [<c0879474>] (dump_stack) from [<c02484b8>] (warn_slowpath_common+0x64/0x88)
[    2.955261] [<c02484b8>] (warn_slowpath_common) from [<c02484f8>] (warn_slowpath_null+0x1c/0x24)
[    2.955272] [<c02484f8>] (warn_slowpath_null) from [<c0306ffc>] (__d_free+0x34/0x40)
[    2.955286] [<c0306ffc>] (__d_free) from [<c0288ef0>] (rcu_process_callbacks+0x3a8/0x544)
[    2.955299] [<c0288ef0>] (rcu_process_callbacks) from [<c024b400>] (__do_softirq+0xf0/0x240)
[    2.955312] [<c024b400>] (__do_softirq) from [<c024b7dc>] (irq_exit+0xa8/0x114)
[    2.955324] [<c024b7dc>] (irq_exit) from [<c027f550>] (__handle_domain_irq+0x58/0xa4)
[    2.955335] [<c027f550>] (__handle_domain_irq) from [<c0208958>] (gic_handle_irq+0x2c/0x68)
[    2.955346] [<c0208958>] (gic_handle_irq) from [<c0212200>] (__irq_svc+0x40/0x54)
[    2.955350] Exception stack(0xc0c39f68 to 0xc0c39fb0)
[    2.955356] 9f60:                   ffffffed 00000000 c0c39fb8 c021efc0 c0c404fc c0c40498
[    2.955363] 9f80: 00000000 00000000 c0c36840 c0c35be8 ffffffed 00000000 00000000 c0c39fb0
[    2.955368] 9fa0: c020f4b0 c020f4b4 60000113 ffffffff
[    2.955380] [<c0212200>] (__irq_svc) from [<c020f4b4>] (arch_cpu_idle+0x30/0x3c)
[    2.955390] [<c020f4b4>] (arch_cpu_idle) from [<c0275464>] (cpu_startup_entry+0x1a4/0x278)
[    2.955399] [<c0275464>] (cpu_startup_entry) from [<c0b80bdc>] (start_kernel+0x330/0x39c)
[    2.955407] [<c0b80bdc>] (start_kernel) from [<80208074>] (0x80208074)
[    2.955411] ---[ end trace 82c882391cd3ce18 ]---
[    2.955415] ------------[ cut here ]------------
[    2.955424] WARNING: CPU: 0 PID: 0 at fs/dcache.c:255 __d_free+0x34/0x40()
[    2.955429] Modules linked in:
[    2.955436] CPU: 0 PID: 0 Comm: swapper/0 Tainted: G        W      3.18.0-rc3-next-20141103-96358-ga641d0e #1
[    2.955448] [<c0215c88>] (unwind_backtrace) from [<c02116b0>] (show_stack+0x10/0x14)
[    2.955458] [<c02116b0>] (show_stack) from [<c0879474>] (dump_stack+0x78/0x94)
[    2.955469] [<c0879474>] (dump_stack) from [<c02484b8>] (warn_slowpath_common+0x64/0x88)
[    2.955480] [<c02484b8>] (warn_slowpath_common) from [<c02484f8>] (warn_slowpath_null+0x1c/0x24)
[    2.955492] [<c02484f8>] (warn_slowpath_null) from [<c0306ffc>] (__d_free+0x34/0x40)
[    2.955505] [<c0306ffc>] (__d_free) from [<c0288ef0>] (rcu_process_callbacks+0x3a8/0x544)
[    2.955519] [<c0288ef0>] (rcu_process_callbacks) from [<c024b400>] (__do_softirq+0xf0/0x240)
[    2.955531] [<c024b400>] (__do_softirq) from [<c024b7dc>] (irq_exit+0xa8/0x114)
[    2.955544] [<c024b7dc>] (irq_exit) from [<c027f550>] (__handle_domain_irq+0x58/0xa4)
[    2.955555] [<c027f550>] (__handle_domain_irq) from [<c0208958>] (gic_handle_irq+0x2c/0x68)
[    2.955566] [<c0208958>] (gic_handle_irq) from [<c0212200>] (__irq_svc+0x40/0x54)
[    2.955570] Exception stack(0xc0c39f68 to 0xc0c39fb0)
[    2.955577] 9f60:                   ffffffed 00000000 c0c39fb8 c021efc0 c0c404fc c0c40498
[    2.955584] 9f80: 00000000 00000000 c0c36840 c0c35be8 ffffffed 00000000 00000000 c0c39fb0
[    2.955589] 9fa0: c020f4b0 c020f4b4 60000113 ffffffff
[    2.955601] [<c0212200>] (__irq_svc) from [<c020f4b4>] (arch_cpu_idle+0x30/0x3c)
[    2.955612] [<c020f4b4>] (arch_cpu_idle) from [<c0275464>] (cpu_startup_entry+0x1a4/0x278)
[    2.955622] [<c0275464>] (cpu_startup_entry) from [<c0b80bdc>] (start_kernel+0x330/0x39c)
[    2.955629] [<c0b80bdc>] (start_kernel) from [<80208074>] (0x80208074)
[    2.955632] ---[ end trace 82c882391cd3ce19 ]---
[    2.955652] ------------[ cut here ]------------
[    2.955662] WARNING: CPU: 0 PID: 3 at fs/dcache.c:255 __d_free+0x34/0x40()
[    2.955666] Modules linked in:
[    2.955673] CPU: 0 PID: 3 Comm: ksoftirqd/0 Tainted: G        W      3.18.0-rc3-next-20141103-96358-ga641d0e #1
[    2.955687] [<c0215c88>] (unwind_backtrace) from [<c02116b0>] (show_stack+0x10/0x14)
[    2.955698] [<c02116b0>] (show_stack) from [<c0879474>] (dump_stack+0x78/0x94)
[    2.955708] [<c0879474>] (dump_stack) from [<c02484b8>] (warn_slowpath_common+0x64/0x88)
[    2.955719] [<c02484b8>] (warn_slowpath_common) from [<c02484f8>] (warn_slowpath_null+0x1c/0x24)
[    2.955731] [<c02484f8>] (warn_slowpath_null) from [<c0306ffc>] (__d_free+0x34/0x40)
[    2.955744] [<c0306ffc>] (__d_free) from [<c0288ef0>] (rcu_process_callbacks+0x3a8/0x544)
[    2.955757] [<c0288ef0>] (rcu_process_callbacks) from [<c024b400>] (__do_softirq+0xf0/0x240)
[    2.955769] [<c024b400>] (__do_softirq) from [<c024b584>] (run_ksoftirqd+0x34/0x48)
[    2.955785] [<c024b584>] (run_ksoftirqd) from [<c0262eb8>] (smpboot_thread_fn+0x140/0x1b4)
[    2.955800] [<c0262eb8>] (smpboot_thread_fn) from [<c025f97c>] (kthread+0xd8/0xf4)
[    2.955813] [<c025f97c>] (kthread) from [<c020e9f8>] (ret_from_fork+0x14/0x3c)
[    2.955817] ---[ end trace 82c882391cd3ce1a ]---
[    2.955821] ------------[ cut here ]------------
[    2.955829] WARNING: CPU: 0 PID: 3 at fs/dcache.c:255 __d_free+0x34/0x40()
[    2.955833] Modules linked in:
[    2.955839] CPU: 0 PID: 3 Comm: ksoftirqd/0 Tainted: G        W      3.18.0-rc3-next-20141103-96358-ga641d0e #1
[    2.955852] [<c0215c88>] (unwind_backtrace) from [<c02116b0>] (show_stack+0x10/0x14)
[    2.955863] [<c02116b0>] (show_stack) from [<c0879474>] (dump_stack+0x78/0x94)
[    2.955874] [<c0879474>] (dump_stack) from [<c02484b8>] (warn_slowpath_common+0x64/0x88)
[    2.955886] [<c02484b8>] (warn_slowpath_common) from [<c02484f8>] (warn_slowpath_null+0x1c/0x24)
[    2.955897] [<c02484f8>] (warn_slowpath_null) from [<c0306ffc>] (__d_free+0x34/0x40)
[    2.955910] [<c0306ffc>] (__d_free) from [<c0288ef0>] (rcu_process_callbacks+0x3a8/0x544)
[    2.955923] [<c0288ef0>] (rcu_process_callbacks) from [<c024b400>] (__do_softirq+0xf0/0x240)
[    2.955935] [<c024b400>] (__do_softirq) from [<c024b584>] (run_ksoftirqd+0x34/0x48)
[    2.955948] [<c024b584>] (run_ksoftirqd) from [<c0262eb8>] (smpboot_thread_fn+0x140/0x1b4)
[    2.955962] [<c0262eb8>] (smpboot_thread_fn) from [<c025f97c>] (kthread+0xd8/0xf4)
[    2.955974] [<c025f97c>] (kthread) from [<c020e9f8>] (ret_from_fork+0x14/0x3c)
[    2.955978] ---[ end trace 82c882391cd3ce1b ]---
[    2.955982] ------------[ cut here ]------------
[    2.955991] WARNING: CPU: 0 PID: 3 at fs/dcache.c:255 __d_free+0x34/0x40()
[    2.955996] Modules linked in:
[    2.956003] CPU: 0 PID: 3 Comm: ksoftirqd/0 Tainted: G        W      3.18.0-rc3-next-20141103-96358-ga641d0e #1
[    2.956016] [<c0215c88>] (unwind_backtrace) from [<c02116b0>] (show_stack+0x10/0x14)
[    2.956027] [<c02116b0>] (show_stack) from [<c0879474>] (dump_stack+0x78/0x94)
[    2.956037] [<c0879474>] (dump_stack) from [<c02484b8>] (warn_slowpath_common+0x64/0x88)
[    2.956048] [<c02484b8>] (warn_slowpath_common) from [<c02484f8>] (warn_slowpath_null+0x1c/0x24)
[    2.956059] [<c02484f8>] (warn_slowpath_null) from [<c0306ffc>] (__d_free+0x34/0x40)
[    2.956071] [<c0306ffc>] (__d_free) from [<c0288ef0>] (rcu_process_callbacks+0x3a8/0x544)
[    2.956084] [<c0288ef0>] (rcu_process_callbacks) from [<c024b400>] (__do_softirq+0xf0/0x240)
[    2.956096] [<c024b400>] (__do_softirq) from [<c024b584>] (run_ksoftirqd+0x34/0x48)
[    2.956110] [<c024b584>] (run_ksoftirqd) from [<c0262eb8>] (smpboot_thread_fn+0x140/0x1b4)
[    2.956123] [<c0262eb8>] (smpboot_thread_fn) from [<c025f97c>] (kthread+0xd8/0xf4)
[    2.956135] [<c025f97c>] (kthread) from [<c020e9f8>] (ret_from_fork+0x14/0x3c)
[    2.956140] ---[ end trace 82c882391cd3ce1c ]---
[    2.956143] ------------[ cut here ]------------
[    2.956151] WARNING: CPU: 0 PID: 3 at fs/dcache.c:255 __d_free+0x34/0x40()
[    2.956156] Modules linked in:
[    2.956162] CPU: 0 PID: 3 Comm: ksoftirqd/0 Tainted: G        W      3.18.0-rc3-next-20141103-96358-ga641d0e #1
[    2.956175] [<c0215c88>] (unwind_backtrace) from [<c02116b0>] (show_stack+0x10/0x14)
[    2.956186] [<c02116b0>] (show_stack) from [<c0879474>] (dump_stack+0x78/0x94)
[    2.956196] [<c0879474>] (dump_stack) from [<c02484b8>] (warn_slowpath_common+0x64/0x88)
[    2.956207] [<c02484b8>] (warn_slowpath_common) from [<c02484f8>] (warn_slowpath_null+0x1c/0x24)
[    2.956219] [<c02484f8>] (warn_slowpath_null) from [<c0306ffc>] (__d_free+0x34/0x40)
[    2.956230] [<c0306ffc>] (__d_free) from [<c0288ef0>] (rcu_process_callbacks+0x3a8/0x544)
[    2.956244] [<c0288ef0>] (rcu_process_callbacks) from [<c024b400>] (__do_softirq+0xf0/0x240)
[    2.956256] [<c024b400>] (__do_softirq) from [<c024b584>] (run_ksoftirqd+0x34/0x48)
[    2.956269] [<c024b584>] (run_ksoftirqd) from [<c0262eb8>] (smpboot_thread_fn+0x140/0x1b4)
[    2.956283] [<c0262eb8>] (smpboot_thread_fn) from [<c025f97c>] (kthread+0xd8/0xf4)
[    2.956295] [<c025f97c>] (kthread) from [<c020e9f8>] (ret_from_fork+0x14/0x3c)
[    2.956299] ---[ end trace 82c882391cd3ce1d ]---
[    2.956303] ------------[ cut here ]------------
[    2.956312] WARNING: CPU: 0 PID: 3 at fs/dcache.c:255 __d_free+0x34/0x40()
[    2.956316] Modules linked in:
[    2.956322] CPU: 0 PID: 3 Comm: ksoftirqd/0 Tainted: G        W      3.18.0-rc3-next-20141103-96358-ga641d0e #1
[    2.956335] [<c0215c88>] (unwind_backtrace) from [<c02116b0>] (show_stack+0x10/0x14)
[    2.956346] [<c02116b0>] (show_stack) from [<c0879474>] (dump_stack+0x78/0x94)
[    2.956357] [<c0879474>] (dump_stack) from [<c02484b8>] (warn_slowpath_common+0x64/0x88)
[    2.956369] [<c02484b8>] (warn_slowpath_common) from [<c02484f8>] (warn_slowpath_null+0x1c/0x24)
[    2.956380] [<c02484f8>] (warn_slowpath_null) from [<c0306ffc>] (__d_free+0x34/0x40)
[    2.956392] [<c0306ffc>] (__d_free) from [<c0288ef0>] (rcu_process_callbacks+0x3a8/0x544)
[    2.956405] [<c0288ef0>] (rcu_process_callbacks) from [<c024b400>] (__do_softirq+0xf0/0x240)
[    2.956418] [<c024b400>] (__do_softirq) from [<c024b584>] (run_ksoftirqd+0x34/0x48)
[    2.956430] [<c024b584>] (run_ksoftirqd) from [<c0262eb8>] (smpboot_thread_fn+0x140/0x1b4)
[    2.956444] [<c0262eb8>] (smpboot_thread_fn) from [<c025f97c>] (kthread+0xd8/0xf4)
[    2.956455] [<c025f97c>] (kthread) from [<c020e9f8>] (ret_from_fork+0x14/0x3c)
[    2.956460] ---[ end trace 82c882391cd3ce1e ]---
[    2.956466] ------------[ cut here ]------------
[    2.956475] WARNING: CPU: 0 PID: 3 at fs/dcache.c:255 __d_free+0x34/0x40()
[    2.956479] Modules linked in:
[    2.956486] CPU: 0 PID: 3 Comm: ksoftirqd/0 Tainted: G        W      3.18.0-rc3-next-20141103-96358-ga641d0e #1
[    2.956499] [<c0215c88>] (unwind_backtrace) from [<c02116b0>] (show_stack+0x10/0x14)
[    2.956510] [<c02116b0>] (show_stack) from [<c0879474>] (dump_stack+0x78/0x94)
[    2.956520] [<c0879474>] (dump_stack) from [<c02484b8>] (warn_slowpath_common+0x64/0x88)
[    2.956531] [<c02484b8>] (warn_slowpath_common) from [<c02484f8>] (warn_slowpath_null+0x1c/0x24)
[    2.956542] [<c02484f8>] (warn_slowpath_null) from [<c0306ffc>] (__d_free+0x34/0x40)
[    2.956553] [<c0306ffc>] (__d_free) from [<c0288ef0>] (rcu_process_callbacks+0x3a8/0x544)
[    2.956567] [<c0288ef0>] (rcu_process_callbacks) from [<c024b400>] (__do_softirq+0xf0/0x240)
[    2.956580] [<c024b400>] (__do_softirq) from [<c024b584>] (run_ksoftirqd+0x34/0x48)
[    2.956592] [<c024b584>] (run_ksoftirqd) from [<c0262eb8>] (smpboot_thread_fn+0x140/0x1b4)
[    2.956605] [<c0262eb8>] (smpboot_thread_fn) from [<c025f97c>] (kthread+0xd8/0xf4)
[    2.956617] [<c025f97c>] (kthread) from [<c020e9f8>] (ret_from_fork+0x14/0x3c)
[    2.956621] ---[ end trace 82c882391cd3ce1f ]---
[    2.956624] ------------[ cut here ]------------
[    2.956632] WARNING: CPU: 0 PID: 3 at fs/dcache.c:255 __d_free+0x34/0x40()
[    2.956637] Modules linked in:
[    2.956644] CPU: 0 PID: 3 Comm: ksoftirqd/0 Tainted: G        W      3.18.0-rc3-next-20141103-96358-ga641d0e #1
[    2.956657] [<c0215c88>] (unwind_backtrace) from [<c02116b0>] (show_stack+0x10/0x14)
[    2.956668] [<c02116b0>] (show_stack) from [<c0879474>] (dump_stack+0x78/0x94)
[    2.956678] [<c0879474>] (dump_stack) from [<c02484b8>] (warn_slowpath_common+0x64/0x88)
[    2.956689] [<c02484b8>] (warn_slowpath_common) from [<c02484f8>] (warn_slowpath_null+0x1c/0x24)
[    2.956700] [<c02484f8>] (warn_slowpath_null) from [<c0306ffc>] (__d_free+0x34/0x40)
[    2.956712] [<c0306ffc>] (__d_free) from [<c0288ef0>] (rcu_process_callbacks+0x3a8/0x544)
[    2.956726] [<c0288ef0>] (rcu_process_callbacks) from [<c024b400>] (__do_softirq+0xf0/0x240)
[    2.956739] [<c024b400>] (__do_softirq) from [<c024b584>] (run_ksoftirqd+0x34/0x48)
[    2.956752] [<c024b584>] (run_ksoftirqd) from [<c0262eb8>] (smpboot_thread_fn+0x140/0x1b4)
[    2.956765] [<c0262eb8>] (smpboot_thread_fn) from [<c025f97c>] (kthread+0xd8/0xf4)
[    2.956776] [<c025f97c>] (kthread) from [<c020e9f8>] (ret_from_fork+0x14/0x3c)
[    2.956781] ---[ end trace 82c882391cd3ce20 ]---
[    2.956786] ------------[ cut here ]------------
[    2.956795] WARNING: CPU: 0 PID: 3 at fs/dcache.c:255 __d_free+0x34/0x40()
[    2.956799] Modules linked in:
[    2.956805] CPU: 0 PID: 3 Comm: ksoftirqd/0 Tainted: G        W      3.18.0-rc3-next-20141103-96358-ga641d0e #1
[    2.956819] [<c0215c88>] (unwind_backtrace) from [<c02116b0>] (show_stack+0x10/0x14)
[    2.956830] [<c02116b0>] (show_stack) from [<c0879474>] (dump_stack+0x78/0x94)
[    2.956840] [<c0879474>] (dump_stack) from [<c02484b8>] (warn_slowpath_common+0x64/0x88)
[    2.956851] [<c02484b8>] (warn_slowpath_common) from [<c02484f8>] (warn_slowpath_null+0x1c/0x24)
[    2.956862] [<c02484f8>] (warn_slowpath_null) from [<c0306ffc>] (__d_free+0x34/0x40)
[    2.956874] [<c0306ffc>] (__d_free) from [<c0288ef0>] (rcu_process_callbacks+0x3a8/0x544)
[    2.956886] [<c0288ef0>] (rcu_process_callbacks) from [<c024b400>] (__do_softirq+0xf0/0x240)
[    2.956899] [<c024b400>] (__do_softirq) from [<c024b584>] (run_ksoftirqd+0x34/0x48)
[    2.956912] [<c024b584>] (run_ksoftirqd) from [<c0262eb8>] (smpboot_thread_fn+0x140/0x1b4)
[    2.956925] [<c0262eb8>] (smpboot_thread_fn) from [<c025f97c>] (kthread+0xd8/0xf4)
[    2.956937] [<c025f97c>] (kthread) from [<c020e9f8>] (ret_from_fork+0x14/0x3c)
[    2.956940] ---[ end trace 82c882391cd3ce21 ]---
[    2.956944] ------------[ cut here ]------------
[    2.956953] WARNING: CPU: 0 PID: 3 at fs/dcache.c:255 __d_free+0x34/0x40()
[    2.956958] Modules linked in:
[    2.956965] CPU: 0 PID: 3 Comm: ksoftirqd/0 Tainted: G        W      3.18.0-rc3-next-20141103-96358-ga641d0e #1
[    2.956978] [<c0215c88>] (unwind_backtrace) from [<c02116b0>] (show_stack+0x10/0x14)
[    2.956990] [<c02116b0>] (show_stack) from [<c0879474>] (dump_stack+0x78/0x94)
[    2.957000] [<c0879474>] (dump_stack) from [<c02484b8>] (warn_slowpath_common+0x64/0x88)
[    2.957011] [<c02484b8>] (warn_slowpath_common) from [<c02484f8>] (warn_slowpath_null+0x1c/0x24)
[    2.957022] [<c02484f8>] (warn_slowpath_null) from [<c0306ffc>] (__d_free+0x34/0x40)
[    2.957034] [<c0306ffc>] (__d_free) from [<c0288ef0>] (rcu_process_callbacks+0x3a8/0x544)
[    2.957047] [<c0288ef0>] (rcu_process_callbacks) from [<c024b400>] (__do_softirq+0xf0/0x240)
[    2.957060] [<c024b400>] (__do_softirq) from [<c024b584>] (run_ksoftirqd+0x34/0x48)
[    2.957072] [<c024b584>] (run_ksoftirqd) from [<c0262eb8>] (smpboot_thread_fn+0x140/0x1b4)
[    2.957085] [<c0262eb8>] (smpboot_thread_fn) from [<c025f97c>] (kthread+0xd8/0xf4)
[    2.957097] [<c025f97c>] (kthread) from [<c020e9f8>] (ret_from_fork+0x14/0x3c)
[    2.957101] ---[ end trace 82c882391cd3ce22 ]---
[    2.957106] ------------[ cut here ]------------
[    2.957115] WARNING: CPU: 0 PID: 3 at fs/dcache.c:255 __d_free+0x34/0x40()
[    2.957120] Modules linked in:
[    2.957126] CPU: 0 PID: 3 Comm: ksoftirqd/0 Tainted: G        W      3.18.0-rc3-next-20141103-96358-ga641d0e #1
[    2.957139] [<c0215c88>] (unwind_backtrace) from [<c02116b0>] (show_stack+0x10/0x14)
[    2.957150] [<c02116b0>] (show_stack) from [<c0879474>] (dump_stack+0x78/0x94)
[    2.957161] [<c0879474>] (dump_stack) from [<c02484b8>] (warn_slowpath_common+0x64/0x88)
[    2.957173] [<c02484b8>] (warn_slowpath_common) from [<c02484f8>] (warn_slowpath_null+0x1c/0x24)
[    2.957185] [<c02484f8>] (warn_slowpath_null) from [<c0306ffc>] (__d_free+0x34/0x40)
[    2.957196] [<c0306ffc>] (__d_free) from [<c0288ef0>] (rcu_process_callbacks+0x3a8/0x544)
[    2.957210] [<c0288ef0>] (rcu_process_callbacks) from [<c024b400>] (__do_softirq+0xf0/0x240)
[    2.957222] [<c024b400>] (__do_softirq) from [<c024b584>] (run_ksoftirqd+0x34/0x48)
[    2.957235] [<c024b584>] (run_ksoftirqd) from [<c0262eb8>] (smpboot_thread_fn+0x140/0x1b4)
[    2.957248] [<c0262eb8>] (smpboot_thread_fn) from [<c025f97c>] (kthread+0xd8/0xf4)
[    2.957260] [<c025f97c>] (kthread) from [<c020e9f8>] (ret_from_fork+0x14/0x3c)
[    2.957265] ---[ end trace 82c882391cd3ce23 ]---
[    2.957270] ------------[ cut here ]------------
[    2.957279] WARNING: CPU: 0 PID: 3 at fs/dcache.c:255 __d_free+0x34/0x40()
[    2.957283] Modules linked in:
[    2.957290] CPU: 0 PID: 3 Comm: ksoftirqd/0 Tainted: G        W      3.18.0-rc3-next-20141103-96358-ga641d0e #1
[    2.957304] [<c0215c88>] (unwind_backtrace) from [<c02116b0>] (show_stack+0x10/0x14)
[    2.957314] [<c02116b0>] (show_stack) from [<c0879474>] (dump_stack+0x78/0x94)
[    2.957325] [<c0879474>] (dump_stack) from [<c02484b8>] (warn_slowpath_common+0x64/0x88)
[    2.957336] [<c02484b8>] (warn_slowpath_common) from [<c02484f8>] (warn_slowpath_null+0x1c/0x24)
[    2.957347] [<c02484f8>] (warn_slowpath_null) from [<c0306ffc>] (__d_free+0x34/0x40)
[    2.957359] [<c0306ffc>] (__d_free) from [<c0288ef0>] (rcu_process_callbacks+0x3a8/0x544)
[    2.957372] [<c0288ef0>] (rcu_process_callbacks) from [<c024b400>] (__do_softirq+0xf0/0x240)
[    2.957385] [<c024b400>] (__do_softirq) from [<c024b584>] (run_ksoftirqd+0x34/0x48)
[    2.957398] [<c024b584>] (run_ksoftirqd) from [<c0262eb8>] (smpboot_thread_fn+0x140/0x1b4)
[    2.957410] [<c0262eb8>] (smpboot_thread_fn) from [<c025f97c>] (kthread+0xd8/0xf4)
[    2.957422] [<c025f97c>] (kthread) from [<c020e9f8>] (ret_from_fork+0x14/0x3c)
[    2.957426] ---[ end trace 82c882391cd3ce24 ]---
[    2.957430] ------------[ cut here ]------------
[    2.957438] WARNING: CPU: 0 PID: 3 at fs/dcache.c:255 __d_free+0x34/0x40()
[    2.957442] Modules linked in:
[    2.957448] CPU: 0 PID: 3 Comm: ksoftirqd/0 Tainted: G        W      3.18.0-rc3-next-20141103-96358-ga641d0e #1
[    2.957461] [<c0215c88>] (unwind_backtrace) from [<c02116b0>] (show_stack+0x10/0x14)
[    2.957472] [<c02116b0>] (show_stack) from [<c0879474>] (dump_stack+0x78/0x94)
[    2.957483] [<c0879474>] (dump_stack) from [<c02484b8>] (warn_slowpath_common+0x64/0x88)
[    2.957494] [<c02484b8>] (warn_slowpath_common) from [<c02484f8>] (warn_slowpath_null+0x1c/0x24)
[    2.957504] [<c02484f8>] (warn_slowpath_null) from [<c0306ffc>] (__d_free+0x34/0x40)
[    2.957516] [<c0306ffc>] (__d_free) from [<c0288ef0>] (rcu_process_callbacks+0x3a8/0x544)
[    2.957529] [<c0288ef0>] (rcu_process_callbacks) from [<c024b400>] (__do_softirq+0xf0/0x240)
[    2.957542] [<c024b400>] (__do_softirq) from [<c024b584>] (run_ksoftirqd+0x34/0x48)
[    2.957556] [<c024b584>] (run_ksoftirqd) from [<c0262eb8>] (smpboot_thread_fn+0x140/0x1b4)
[    2.957568] [<c0262eb8>] (smpboot_thread_fn) from [<c025f97c>] (kthread+0xd8/0xf4)
[    2.957580] [<c025f97c>] (kthread) from [<c020e9f8>] (ret_from_fork+0x14/0x3c)
[    2.957584] ---[ end trace 82c882391cd3ce25 ]---
[    2.957587] ------------[ cut here ]------------
[    2.957595] WARNING: CPU: 0 PID: 3 at fs/dcache.c:255 __d_free+0x34/0x40()
[    2.957600] Modules linked in:
[    2.957606] CPU: 0 PID: 3 Comm: ksoftirqd/0 Tainted: G        W      3.18.0-rc3-next-20141103-96358-ga641d0e #1
[    2.957618] [<c0215c88>] (unwind_backtrace) from [<c02116b0>] (show_stack+0x10/0x14)
[    2.957630] [<c02116b0>] (show_stack) from [<c0879474>] (dump_stack+0x78/0x94)
[    2.957640] [<c0879474>] (dump_stack) from [<c02484b8>] (warn_slowpath_common+0x64/0x88)
[    2.957651] [<c02484b8>] (warn_slowpath_common) from [<c02484f8>] (warn_slowpath_null+0x1c/0x24)
[    2.957662] [<c02484f8>] (warn_slowpath_null) from [<c0306ffc>] (__d_free+0x34/0x40)
[    2.957674] [<c0306ffc>] (__d_free) from [<c0288ef0>] (rcu_process_callbacks+0x3a8/0x544)
[    2.957687] [<c0288ef0>] (rcu_process_callbacks) from [<c024b400>] (__do_softirq+0xf0/0x240)
[    2.957699] [<c024b400>] (__do_softirq) from [<c024b584>] (run_ksoftirqd+0x34/0x48)
[    2.957712] [<c024b584>] (run_ksoftirqd) from [<c0262eb8>] (smpboot_thread_fn+0x140/0x1b4)
[    2.957725] [<c0262eb8>] (smpboot_thread_fn) from [<c025f97c>] (kthread+0xd8/0xf4)
[    2.957737] [<c025f97c>] (kthread) from [<c020e9f8>] (ret_from_fork+0x14/0x3c)
[    2.957742] ---[ end trace 82c882391cd3ce26 ]---
[    2.957744] ------------[ cut here ]------------
[    2.957753] WARNING: CPU: 0 PID: 3 at fs/dcache.c:255 __d_free+0x34/0x40()
[    2.957758] Modules linked in:
[    2.957765] CPU: 0 PID: 3 Comm: ksoftirqd/0 Tainted: G        W      3.18.0-rc3-next-20141103-96358-ga641d0e #1
[    2.957777] [<c0215c88>] (unwind_backtrace) from [<c02116b0>] (show_stack+0x10/0x14)
[    2.957788] [<c02116b0>] (show_stack) from [<c0879474>] (dump_stack+0x78/0x94)
[    2.957799] [<c0879474>] (dump_stack) from [<c02484b8>] (warn_slowpath_common+0x64/0x88)
[    2.957810] [<c02484b8>] (warn_slowpath_common) from [<c02484f8>] (warn_slowpath_null+0x1c/0x24)
[    2.957821] [<c02484f8>] (warn_slowpath_null) from [<c0306ffc>] (__d_free+0x34/0x40)
[    2.957833] [<c0306ffc>] (__d_free) from [<c0288ef0>] (rcu_process_callbacks+0x3a8/0x544)
[    2.957846] [<c0288ef0>] (rcu_process_callbacks) from [<c024b400>] (__do_softirq+0xf0/0x240)
[    2.957858] [<c024b400>] (__do_softirq) from [<c024b584>] (run_ksoftirqd+0x34/0x48)
[    2.957872] [<c024b584>] (run_ksoftirqd) from [<c0262eb8>] (smpboot_thread_fn+0x140/0x1b4)
[    2.957885] [<c0262eb8>] (smpboot_thread_fn) from [<c025f97c>] (kthread+0xd8/0xf4)
[    2.957897] [<c025f97c>] (kthread) from [<c020e9f8>] (ret_from_fork+0x14/0x3c)
[    2.957901] ---[ end trace 82c882391cd3ce27 ]---
[    2.957905] ------------[ cut here ]------------
[    2.957914] WARNING: CPU: 0 PID: 3 at fs/dcache.c:255 __d_free+0x34/0x40()
[    2.957918] Modules linked in:
[    2.957925] CPU: 0 PID: 3 Comm: ksoftirqd/0 Tainted: G        W      3.18.0-rc3-next-20141103-96358-ga641d0e #1
[    2.957937] [<c0215c88>] (unwind_backtrace) from [<c02116b0>] (show_stack+0x10/0x14)
[    2.957948] [<c02116b0>] (show_stack) from [<c0879474>] (dump_stack+0x78/0x94)
[    2.957958] [<c0879474>] (dump_stack) from [<c02484b8>] (warn_slowpath_common+0x64/0x88)
[    2.957969] [<c02484b8>] (warn_slowpath_common) from [<c02484f8>] (warn_slowpath_null+0x1c/0x24)
[    2.957980] [<c02484f8>] (warn_slowpath_null) from [<c0306ffc>] (__d_free+0x34/0x40)
[    2.957992] [<c0306ffc>] (__d_free) from [<c0288ef0>] (rcu_process_callbacks+0x3a8/0x544)
[    2.958004] [<c0288ef0>] (rcu_process_callbacks) from [<c024b400>] (__do_softirq+0xf0/0x240)
[    2.958018] [<c024b400>] (__do_softirq) from [<c024b584>] (run_ksoftirqd+0x34/0x48)
[    2.958031] [<c024b584>] (run_ksoftirqd) from [<c0262eb8>] (smpboot_thread_fn+0x140/0x1b4)
[    2.958045] [<c0262eb8>] (smpboot_thread_fn) from [<c025f97c>] (kthread+0xd8/0xf4)
[    2.958056] [<c025f97c>] (kthread) from [<c020e9f8>] (ret_from_fork+0x14/0x3c)
[    2.958061] ---[ end trace 82c882391cd3ce28 ]---
[    2.958068] ------------[ cut here ]------------
[    2.958076] WARNING: CPU: 0 PID: 3 at fs/dcache.c:255 __d_free+0x34/0x40()
[    2.958081] Modules linked in:
[    2.958088] CPU: 0 PID: 3 Comm: ksoftirqd/0 Tainted: G        W      3.18.0-rc3-next-20141103-96358-ga641d0e #1
[    2.958100] [<c0215c88>] (unwind_backtrace) from [<c02116b0>] (show_stack+0x10/0x14)
[    2.958111] [<c02116b0>] (show_stack) from [<c0879474>] (dump_stack+0x78/0x94)
[    2.958122] [<c0879474>] (dump_stack) from [<c02484b8>] (warn_slowpath_common+0x64/0x88)
[    2.958133] [<c02484b8>] (warn_slowpath_common) from [<c02484f8>] (warn_slowpath_null+0x1c/0x24)
[    2.958144] [<c02484f8>] (warn_slowpath_null) from [<c0306ffc>] (__d_free+0x34/0x40)
[    2.958155] [<c0306ffc>] (__d_free) from [<c0288ef0>] (rcu_process_callbacks+0x3a8/0x544)
[    2.958169] [<c0288ef0>] (rcu_process_callbacks) from [<c024b400>] (__do_softirq+0xf0/0x240)
[    2.958181] [<c024b400>] (__do_softirq) from [<c024b584>] (run_ksoftirqd+0x34/0x48)
[    2.958194] [<c024b584>] (run_ksoftirqd) from [<c0262eb8>] (smpboot_thread_fn+0x140/0x1b4)
[    2.958208] [<c0262eb8>] (smpboot_thread_fn) from [<c025f97c>] (kthread+0xd8/0xf4)
[    2.958219] [<c025f97c>] (kthread) from [<c020e9f8>] (ret_from_fork+0x14/0x3c)
[    2.958224] ---[ end trace 82c882391cd3ce29 ]---
[    2.958228] ------------[ cut here ]------------
[    2.958237] WARNING: CPU: 0 PID: 3 at fs/dcache.c:255 __d_free+0x34/0x40()
[    2.958242] Modules linked in:
[    2.958249] CPU: 0 PID: 3 Comm: ksoftirqd/0 Tainted: G        W      3.18.0-rc3-next-20141103-96358-ga641d0e #1
[    2.958261] [<c0215c88>] (unwind_backtrace) from [<c02116b0>] (show_stack+0x10/0x14)
[    2.958272] [<c02116b0>] (show_stack) from [<c0879474>] (dump_stack+0x78/0x94)
[    2.958282] [<c0879474>] (dump_stack) from [<c02484b8>] (warn_slowpath_common+0x64/0x88)
[    2.958293] [<c02484b8>] (warn_slowpath_common) from [<c02484f8>] (warn_slowpath_null+0x1c/0x24)
[    2.958304] [<c02484f8>] (warn_slowpath_null) from [<c0306ffc>] (__d_free+0x34/0x40)
[    2.958316] [<c0306ffc>] (__d_free) from [<c0288ef0>] (rcu_process_callbacks+0x3a8/0x544)
[    2.958329] [<c0288ef0>] (rcu_process_callbacks) from [<c024b400>] (__do_softirq+0xf0/0x240)
[    2.958341] [<c024b400>] (__do_softirq) from [<c024b584>] (run_ksoftirqd+0x34/0x48)
[    2.958354] [<c024b584>] (run_ksoftirqd) from [<c0262eb8>] (smpboot_thread_fn+0x140/0x1b4)
[    2.958367] [<c0262eb8>] (smpboot_thread_fn) from [<c025f97c>] (kthread+0xd8/0xf4)
[    2.958379] [<c025f97c>] (kthread) from [<c020e9f8>] (ret_from_fork+0x14/0x3c)
[    2.958383] ---[ end trace 82c882391cd3ce2a ]---
[    2.958388] ------------[ cut here ]------------
[    2.958396] WARNING: CPU: 0 PID: 3 at fs/dcache.c:255 __d_free+0x34/0x40()
[    2.958401] Modules linked in:
[    2.958407] CPU: 0 PID: 3 Comm: ksoftirqd/0 Tainted: G        W      3.18.0-rc3-next-20141103-96358-ga641d0e #1
[    2.958420] [<c0215c88>] (unwind_backtrace) from [<c02116b0>] (show_stack+0x10/0x14)
[    2.958430] [<c02116b0>] (show_stack) from [<c0879474>] (dump_stack+0x78/0x94)
[    2.958440] [<c0879474>] (dump_stack) from [<c02484b8>] (warn_slowpath_common+0x64/0x88)
[    2.958451] [<c02484b8>] (warn_slowpath_common) from [<c02484f8>] (warn_slowpath_null+0x1c/0x24)
[    2.958462] [<c02484f8>] (warn_slowpath_null) from [<c0306ffc>] (__d_free+0x34/0x40)
[    2.958474] [<c0306ffc>] (__d_free) from [<c0288ef0>] (rcu_process_callbacks+0x3a8/0x544)
[    2.958487] [<c0288ef0>] (rcu_process_callbacks) from [<c024b400>] (__do_softirq+0xf0/0x240)
[    2.958499] [<c024b400>] (__do_softirq) from [<c024b584>] (run_ksoftirqd+0x34/0x48)
[    2.958512] [<c024b584>] (run_ksoftirqd) from [<c0262eb8>] (smpboot_thread_fn+0x140/0x1b4)
[    2.958525] [<c0262eb8>] (smpboot_thread_fn) from [<c025f97c>] (kthread+0xd8/0xf4)
[    2.958537] [<c025f97c>] (kthread) from [<c020e9f8>] (ret_from_fork+0x14/0x3c)
[    2.958542] ---[ end trace 82c882391cd3ce2b ]---
[    2.958546] ------------[ cut here ]------------
[    2.958555] WARNING: CPU: 0 PID: 3 at fs/dcache.c:255 __d_free+0x34/0x40()
[    2.958560] Modules linked in:
[    2.958566] CPU: 0 PID: 3 Comm: ksoftirqd/0 Tainted: G        W      3.18.0-rc3-next-20141103-96358-ga641d0e #1
[    2.958579] [<c0215c88>] (unwind_backtrace) from [<c02116b0>] (show_stack+0x10/0x14)
[    2.958590] [<c02116b0>] (show_stack) from [<c0879474>] (dump_stack+0x78/0x94)
[    2.958600] [<c0879474>] (dump_stack) from [<c02484b8>] (warn_slowpath_common+0x64/0x88)
[    2.958611] [<c02484b8>] (warn_slowpath_common) from [<c02484f8>] (warn_slowpath_null+0x1c/0x24)
[    2.958621] [<c02484f8>] (warn_slowpath_null) from [<c0306ffc>] (__d_free+0x34/0x40)
[    2.958633] [<c0306ffc>] (__d_free) from [<c0288ef0>] (rcu_process_callbacks+0x3a8/0x544)
[    2.958646] [<c0288ef0>] (rcu_process_callbacks) from [<c024b400>] (__do_softirq+0xf0/0x240)
[    2.958658] [<c024b400>] (__do_softirq) from [<c024b584>] (run_ksoftirqd+0x34/0x48)
[    2.958671] [<c024b584>] (run_ksoftirqd) from [<c0262eb8>] (smpboot_thread_fn+0x140/0x1b4)
[    2.958684] [<c0262eb8>] (smpboot_thread_fn) from [<c025f97c>] (kthread+0xd8/0xf4)
[    2.958696] [<c025f97c>] (kthread) from [<c020e9f8>] (ret_from_fork+0x14/0x3c)
[    2.958700] ---[ end trace 82c882391cd3ce2c ]---
[    2.958704] ------------[ cut here ]------------
[    2.958712] WARNING: CPU: 0 PID: 3 at fs/dcache.c:255 __d_free+0x34/0x40()
[    2.958717] Modules linked in:
[    2.958724] CPU: 0 PID: 3 Comm: ksoftirqd/0 Tainted: G        W      3.18.0-rc3-next-20141103-96358-ga641d0e #1
[    2.958736] [<c0215c88>] (unwind_backtrace) from [<c02116b0>] (show_stack+0x10/0x14)
[    2.958747] [<c02116b0>] (show_stack) from [<c0879474>] (dump_stack+0x78/0x94)
[    2.958757] [<c0879474>] (dump_stack) from [<c02484b8>] (warn_slowpath_common+0x64/0x88)
[    2.958768] [<c02484b8>] (warn_slowpath_common) from [<c02484f8>] (warn_slowpath_null+0x1c/0x24)
[    2.958779] [<c02484f8>] (warn_slowpath_null) from [<c0306ffc>] (__d_free+0x34/0x40)
[    2.958790] [<c0306ffc>] (__d_free) from [<c0288ef0>] (rcu_process_callbacks+0x3a8/0x544)
[    2.958803] [<c0288ef0>] (rcu_process_callbacks) from [<c024b400>] (__do_softirq+0xf0/0x240)
[    2.958815] [<c024b400>] (__do_softirq) from [<c024b584>] (run_ksoftirqd+0x34/0x48)
[    2.958828] [<c024b584>] (run_ksoftirqd) from [<c0262eb8>] (smpboot_thread_fn+0x140/0x1b4)
[    2.958841] [<c0262eb8>] (smpboot_thread_fn) from [<c025f97c>] (kthread+0xd8/0xf4)
[    2.958853] [<c025f97c>] (kthread) from [<c020e9f8>] (ret_from_fork+0x14/0x3c)
[    2.958857] ---[ end trace 82c882391cd3ce2d ]---
[    2.958865] ------------[ cut here ]------------
[    2.958874] WARNING: CPU: 0 PID: 3 at fs/dcache.c:255 __d_free+0x34/0x40()
[    2.958878] Modules linked in:
[    2.958885] CPU: 0 PID: 3 Comm: ksoftirqd/0 Tainted: G        W      3.18.0-rc3-next-20141103-96358-ga641d0e #1
[    2.958897] [<c0215c88>] (unwind_backtrace) from [<c02116b0>] (show_stack+0x10/0x14)
[    2.958908] [<c02116b0>] (show_stack) from [<c0879474>] (dump_stack+0x78/0x94)
[    2.958918] [<c0879474>] (dump_stack) from [<c02484b8>] (warn_slowpath_common+0x64/0x88)
[    2.958930] [<c02484b8>] (warn_slowpath_common) from [<c02484f8>] (warn_slowpath_null+0x1c/0x24)
[    2.958941] [<c02484f8>] (warn_slowpath_null) from [<c0306ffc>] (__d_free+0x34/0x40)
[    2.958952] [<c0306ffc>] (__d_free) from [<c0288ef0>] (rcu_process_callbacks+0x3a8/0x544)
[    2.958965] [<c0288ef0>] (rcu_process_callbacks) from [<c024b400>] (__do_softirq+0xf0/0x240)
[    2.958978] [<c024b400>] (__do_softirq) from [<c024b584>] (run_ksoftirqd+0x34/0x48)
[    2.958990] [<c024b584>] (run_ksoftirqd) from [<c0262eb8>] (smpboot_thread_fn+0x140/0x1b4)
[    2.959004] [<c0262eb8>] (smpboot_thread_fn) from [<c025f97c>] (kthread+0xd8/0xf4)
[    2.959016] [<c025f97c>] (kthread) from [<c020e9f8>] (ret_from_fork+0x14/0x3c)
[    2.959020] ---[ end trace 82c882391cd3ce2e ]---
[    2.959023] ------------[ cut here ]------------
[    2.959032] WARNING: CPU: 0 PID: 3 at fs/dcache.c:255 __d_free+0x34/0x40()
[    2.959037] Modules linked in:
[    2.959043] CPU: 0 PID: 3 Comm: ksoftirqd/0 Tainted: G        W      3.18.0-rc3-next-20141103-96358-ga641d0e #1
[    2.959056] [<c0215c88>] (unwind_backtrace) from [<c02116b0>] (show_stack+0x10/0x14)
[    2.959066] [<c02116b0>] (show_stack) from [<c0879474>] (dump_stack+0x78/0x94)
[    2.959076] [<c0879474>] (dump_stack) from [<c02484b8>] (warn_slowpath_common+0x64/0x88)
[    2.959087] [<c02484b8>] (warn_slowpath_common) from [<c02484f8>] (warn_slowpath_null+0x1c/0x24)
[    2.959098] [<c02484f8>] (warn_slowpath_null) from [<c0306ffc>] (__d_free+0x34/0x40)
[    2.959109] [<c0306ffc>] (__d_free) from [<c0288ef0>] (rcu_process_callbacks+0x3a8/0x544)
[    2.959123] [<c0288ef0>] (rcu_process_callbacks) from [<c024b400>] (__do_softirq+0xf0/0x240)
[    2.959135] [<c024b400>] (__do_softirq) from [<c024b584>] (run_ksoftirqd+0x34/0x48)
[    2.959148] [<c024b584>] (run_ksoftirqd) from [<c0262eb8>] (smpboot_thread_fn+0x140/0x1b4)
[    2.959160] [<c0262eb8>] (smpboot_thread_fn) from [<c025f97c>] (kthread+0xd8/0xf4)
[    2.959172] [<c025f97c>] (kthread) from [<c020e9f8>] (ret_from_fork+0x14/0x3c)
[    2.959177] ---[ end trace 82c882391cd3ce2f ]---
[    2.959180] ------------[ cut here ]------------
[    2.959189] WARNING: CPU: 0 PID: 3 at fs/dcache.c:255 __d_free+0x34/0x40()
[    2.959193] Modules linked in:
[    2.959199] CPU: 0 PID: 3 Comm: ksoftirqd/0 Tainted: G        W      3.18.0-rc3-next-20141103-96358-ga641d0e #1
[    2.959212] [<c0215c88>] (unwind_backtrace) from [<c02116b0>] (show_stack+0x10/0x14)
[    2.959223] [<c02116b0>] (show_stack) from [<c0879474>] (dump_stack+0x78/0x94)
[    2.959233] [<c0879474>] (dump_stack) from [<c02484b8>] (warn_slowpath_common+0x64/0x88)
[    2.959245] [<c02484b8>] (warn_slowpath_common) from [<c02484f8>] (warn_slowpath_null+0x1c/0x24)
[    2.959255] [<c02484f8>] (warn_slowpath_null) from [<c0306ffc>] (__d_free+0x34/0x40)
[    2.959267] [<c0306ffc>] (__d_free) from [<c0288ef0>] (rcu_process_callbacks+0x3a8/0x544)
[    2.959280] [<c0288ef0>] (rcu_process_callbacks) from [<c024b400>] (__do_softirq+0xf0/0x240)
[    2.959292] [<c024b400>] (__do_softirq) from [<c024b584>] (run_ksoftirqd+0x34/0x48)
[    2.959305] [<c024b584>] (run_ksoftirqd) from [<c0262eb8>] (smpboot_thread_fn+0x140/0x1b4)
[    2.959319] [<c0262eb8>] (smpboot_thread_fn) from [<c025f97c>] (kthread+0xd8/0xf4)
[    2.959330] [<c025f97c>] (kthread) from [<c020e9f8>] (ret_from_fork+0x14/0x3c)
[    2.959335] ---[ end trace 82c882391cd3ce30 ]---
[    2.959338] ------------[ cut here ]------------
[    2.959348] WARNING: CPU: 0 PID: 3 at fs/dcache.c:255 __d_free+0x34/0x40()
[    2.959352] Modules linked in:
[    2.959359] CPU: 0 PID: 3 Comm: ksoftirqd/0 Tainted: G        W      3.18.0-rc3-next-20141103-96358-ga641d0e #1
[    2.959371] [<c0215c88>] (unwind_backtrace) from [<c02116b0>] (show_stack+0x10/0x14)
[    2.959382] [<c02116b0>] (show_stack) from [<c0879474>] (dump_stack+0x78/0x94)
[    2.959392] [<c0879474>] (dump_stack) from [<c02484b8>] (warn_slowpath_common+0x64/0x88)
[    2.959402] [<c02484b8>] (warn_slowpath_common) from [<c02484f8>] (warn_slowpath_null+0x1c/0x24)
[    2.959413] [<c02484f8>] (warn_slowpath_null) from [<c0306ffc>] (__d_free+0x34/0x40)
[    2.959425] [<c0306ffc>] (__d_free) from [<c0288ef0>] (rcu_process_callbacks+0x3a8/0x544)
[    2.959438] [<c0288ef0>] (rcu_process_callbacks) from [<c024b400>] (__do_softirq+0xf0/0x240)
[    2.959450] [<c024b400>] (__do_softirq) from [<c024b584>] (run_ksoftirqd+0x34/0x48)
[    2.959482] [<c024b584>] (run_ksoftirqd) from [<c0262eb8>] (smpboot_thread_fn+0x140/0x1b4)
[    2.959496] [<c0262eb8>] (smpboot_thread_fn) from [<c025f97c>] (kthread+0xd8/0xf4)
[    2.959508] [<c025f97c>] (kthread) from [<c020e9f8>] (ret_from_fork+0x14/0x3c)
[    2.959512] ---[ end trace 82c882391cd3ce31 ]---
[    2.959517] ------------[ cut here ]------------
[    2.959526] WARNING: CPU: 0 PID: 3 at fs/dcache.c:255 __d_free+0x34/0x40()
[    2.959530] Modules linked in:
[    2.959536] CPU: 0 PID: 3 Comm: ksoftirqd/0 Tainted: G        W      3.18.0-rc3-next-20141103-96358-ga641d0e #1
[    2.959549] [<c0215c88>] (unwind_backtrace) from [<c02116b0>] (show_stack+0x10/0x14)
[    2.959560] [<c02116b0>] (show_stack) from [<c0879474>] (dump_stack+0x78/0x94)
[    2.959571] [<c0879474>] (dump_stack) from [<c02484b8>] (warn_slowpath_common+0x64/0x88)
[    2.959582] [<c02484b8>] (warn_slowpath_common) from [<c02484f8>] (warn_slowpath_null+0x1c/0x24)
[    2.959593] [<c02484f8>] (warn_slowpath_null) from [<c0306ffc>] (__d_free+0x34/0x40)
[    2.959605] [<c0306ffc>] (__d_free) from [<c0288ef0>] (rcu_process_callbacks+0x3a8/0x544)
[    2.959618] [<c0288ef0>] (rcu_process_callbacks) from [<c024b400>] (__do_softirq+0xf0/0x240)
[    2.959630] [<c024b400>] (__do_softirq) from [<c024b584>] (run_ksoftirqd+0x34/0x48)
[    2.959643] [<c024b584>] (run_ksoftirqd) from [<c0262eb8>] (smpboot_thread_fn+0x140/0x1b4)
[    2.959657] [<c0262eb8>] (smpboot_thread_fn) from [<c025f97c>] (kthread+0xd8/0xf4)
[    2.959668] [<c025f97c>] (kthread) from [<c020e9f8>] (ret_from_fork+0x14/0x3c)
[    2.959672] ---[ end trace 82c882391cd3ce32 ]---
[    2.959682] ------------[ cut here ]------------
[    2.959691] WARNING: CPU: 0 PID: 3 at fs/dcache.c:255 __d_free+0x34/0x40()
[    2.959696] Modules linked in:
[    2.959702] CPU: 0 PID: 3 Comm: ksoftirqd/0 Tainted: G        W      3.18.0-rc3-next-20141103-96358-ga641d0e #1
[    2.959715] [<c0215c88>] (unwind_backtrace) from [<c02116b0>] (show_stack+0x10/0x14)
[    2.959727] [<c02116b0>] (show_stack) from [<c0879474>] (dump_stack+0x78/0x94)
[    2.959737] [<c0879474>] (dump_stack) from [<c02484b8>] (warn_slowpath_common+0x64/0x88)
[    2.959748] [<c02484b8>] (warn_slowpath_common) from [<c02484f8>] (warn_slowpath_null+0x1c/0x24)
[    2.959759] [<c02484f8>] (warn_slowpath_null) from [<c0306ffc>] (__d_free+0x34/0x40)
[    2.959770] [<c0306ffc>] (__d_free) from [<c0288ef0>] (rcu_process_callbacks+0x3a8/0x544)
[    2.959784] [<c0288ef0>] (rcu_process_callbacks) from [<c024b400>] (__do_softirq+0xf0/0x240)
[    2.959796] [<c024b400>] (__do_softirq) from [<c024b584>] (run_ksoftirqd+0x34/0x48)
[    2.959809] [<c024b584>] (run_ksoftirqd) from [<c0262eb8>] (smpboot_thread_fn+0x140/0x1b4)
[    2.959821] [<c0262eb8>] (smpboot_thread_fn) from [<c025f97c>] (kthread+0xd8/0xf4)
[    2.959833] [<c025f97c>] (kthread) from [<c020e9f8>] (ret_from_fork+0x14/0x3c)
[    2.959838] ---[ end trace 82c882391cd3ce33 ]---
[    2.959841] ------------[ cut here ]------------
[    2.959850] WARNING: CPU: 0 PID: 3 at fs/dcache.c:255 __d_free+0x34/0x40()
[    2.959854] Modules linked in:
[    2.959861] CPU: 0 PID: 3 Comm: ksoftirqd/0 Tainted: G        W      3.18.0-rc3-next-20141103-96358-ga641d0e #1
[    2.959873] [<c0215c88>] (unwind_backtrace) from [<c02116b0>] (show_stack+0x10/0x14)
[    2.959885] [<c02116b0>] (show_stack) from [<c0879474>] (dump_stack+0x78/0x94)
[    2.959896] [<c0879474>] (dump_stack) from [<c02484b8>] (warn_slowpath_common+0x64/0x88)
[    2.959907] [<c02484b8>] (warn_slowpath_common) from [<c02484f8>] (warn_slowpath_null+0x1c/0x24)
[    2.959918] [<c02484f8>] (warn_slowpath_null) from [<c0306ffc>] (__d_free+0x34/0x40)
[    2.959929] [<c0306ffc>] (__d_free) from [<c0288ef0>] (rcu_process_callbacks+0x3a8/0x544)
[    2.959942] [<c0288ef0>] (rcu_process_callbacks) from [<c024b400>] (__do_softirq+0xf0/0x240)
[    2.959957] [<c024b400>] (__do_softirq) from [<c024b584>] (run_ksoftirqd+0x34/0x48)
[    2.959972] [<c024b584>] (run_ksoftirqd) from [<c0262eb8>] (smpboot_thread_fn+0x140/0x1b4)
[    2.959987] [<c0262eb8>] (smpboot_thread_fn) from [<c025f97c>] (kthread+0xd8/0xf4)
[    2.959998] [<c025f97c>] (kthread) from [<c020e9f8>] (ret_from_fork+0x14/0x3c)
[    2.960003] ---[ end trace 82c882391cd3ce34 ]---
[    2.960007] ------------[ cut here ]------------
[    2.960016] WARNING: CPU: 0 PID: 3 at fs/dcache.c:255 __d_free+0x34/0x40()
[    2.960020] Modules linked in:
[    2.960027] CPU: 0 PID: 3 Comm: ksoftirqd/0 Tainted: G        W      3.18.0-rc3-next-20141103-96358-ga641d0e #1
[    2.960041] [<c0215c88>] (unwind_backtrace) from [<c02116b0>] (show_stack+0x10/0x14)
[    2.960051] [<c02116b0>] (show_stack) from [<c0879474>] (dump_stack+0x78/0x94)
[    2.960062] [<c0879474>] (dump_stack) from [<c02484b8>] (warn_slowpath_common+0x64/0x88)
[    2.960073] [<c02484b8>] (warn_slowpath_common) from [<c02484f8>] (warn_slowpath_null+0x1c/0x24)
[    2.960085] [<c02484f8>] (warn_slowpath_null) from [<c0306ffc>] (__d_free+0x34/0x40)
[    2.960096] [<c0306ffc>] (__d_free) from [<c0288ef0>] (rcu_process_callbacks+0x3a8/0x544)
[    2.960110] [<c0288ef0>] (rcu_process_callbacks) from [<c024b400>] (__do_softirq+0xf0/0x240)
[    2.960122] [<c024b400>] (__do_softirq) from [<c024b584>] (run_ksoftirqd+0x34/0x48)
[    2.960135] [<c024b584>] (run_ksoftirqd) from [<c0262eb8>] (smpboot_thread_fn+0x140/0x1b4)
[    2.960148] [<c0262eb8>] (smpboot_thread_fn) from [<c025f97c>] (kthread+0xd8/0xf4)
[    2.960159] [<c025f97c>] (kthread) from [<c020e9f8>] (ret_from_fork+0x14/0x3c)
[    2.960164] ---[ end trace 82c882391cd3ce35 ]---
[    2.960169] ------------[ cut here ]------------
[    2.960177] WARNING: CPU: 0 PID: 3 at fs/dcache.c:255 __d_free+0x34/0x40()
[    2.960182] Modules linked in:
[    2.960189] CPU: 0 PID: 3 Comm: ksoftirqd/0 Tainted: G        W      3.18.0-rc3-next-20141103-96358-ga641d0e #1
[    2.960201] [<c0215c88>] (unwind_backtrace) from [<c02116b0>] (show_stack+0x10/0x14)
[    2.960212] [<c02116b0>] (show_stack) from [<c0879474>] (dump_stack+0x78/0x94)
[    2.960223] [<c0879474>] (dump_stack) from [<c02484b8>] (warn_slowpath_common+0x64/0x88)
[    2.960233] [<c02484b8>] (warn_slowpath_common) from [<c02484f8>] (warn_slowpath_null+0x1c/0x24)
[    2.960244] [<c02484f8>] (warn_slowpath_null) from [<c0306ffc>] (__d_free+0x34/0x40)
[    2.960256] [<c0306ffc>] (__d_free) from [<c0288ef0>] (rcu_process_callbacks+0x3a8/0x544)
[    2.960269] [<c0288ef0>] (rcu_process_callbacks) from [<c024b400>] (__do_softirq+0xf0/0x240)
[    2.960282] [<c024b400>] (__do_softirq) from [<c024b584>] (run_ksoftirqd+0x34/0x48)
[    2.960294] [<c024b584>] (run_ksoftirqd) from [<c0262eb8>] (smpboot_thread_fn+0x140/0x1b4)
[    2.960307] [<c0262eb8>] (smpboot_thread_fn) from [<c025f97c>] (kthread+0xd8/0xf4)
[    2.960319] [<c025f97c>] (kthread) from [<c020e9f8>] (ret_from_fork+0x14/0x3c)
[    2.960323] ---[ end trace 82c882391cd3ce36 ]---
[    2.960327] ------------[ cut here ]------------
[    2.960336] WARNING: CPU: 0 PID: 3 at fs/dcache.c:255 __d_free+0x34/0x40()
[    2.960340] Modules linked in:
[    2.960345] CPU: 0 PID: 3 Comm: ksoftirqd/0 Tainted: G        W      3.18.0-rc3-next-20141103-96358-ga641d0e #1
[    2.960359] [<c0215c88>] (unwind_backtrace) from [<c02116b0>] (show_stack+0x10/0x14)
[    2.960370] [<c02116b0>] (show_stack) from [<c0879474>] (dump_stack+0x78/0x94)
[    2.960380] [<c0879474>] (dump_stack) from [<c02484b8>] (warn_slowpath_common+0x64/0x88)
[    2.960391] [<c02484b8>] (warn_slowpath_common) from [<c02484f8>] (warn_slowpath_null+0x1c/0x24)
[    2.960402] [<c02484f8>] (warn_slowpath_null) from [<c0306ffc>] (__d_free+0x34/0x40)
[    2.960413] [<c0306ffc>] (__d_free) from [<c0288ef0>] (rcu_process_callbacks+0x3a8/0x544)
[    2.960426] [<c0288ef0>] (rcu_process_callbacks) from [<c024b400>] (__do_softirq+0xf0/0x240)
[    2.960439] [<c024b400>] (__do_softirq) from [<c024b584>] (run_ksoftirqd+0x34/0x48)
[    2.960452] [<c024b584>] (run_ksoftirqd) from [<c0262eb8>] (smpboot_thread_fn+0x140/0x1b4)
[    2.960464] [<c0262eb8>] (smpboot_thread_fn) from [<c025f97c>] (kthread+0xd8/0xf4)
[    2.960476] [<c025f97c>] (kthread) from [<c020e9f8>] (ret_from_fork+0x14/0x3c)
[    2.960482] ---[ end trace 82c882391cd3ce37 ]---
[    2.960489] ------------[ cut here ]------------
[    2.960498] WARNING: CPU: 0 PID: 3 at fs/dcache.c:255 __d_free+0x34/0x40()
[    2.960503] Modules linked in:
[    2.960509] CPU: 0 PID: 3 Comm: ksoftirqd/0 Tainted: G        W      3.18.0-rc3-next-20141103-96358-ga641d0e #1
[    2.960522] [<c0215c88>] (unwind_backtrace) from [<c02116b0>] (show_stack+0x10/0x14)
[    2.960532] [<c02116b0>] (show_stack) from [<c0879474>] (dump_stack+0x78/0x94)
[    2.960543] [<c0879474>] (dump_stack) from [<c02484b8>] (warn_slowpath_common+0x64/0x88)
[    2.960554] [<c02484b8>] (warn_slowpath_common) from [<c02484f8>] (warn_slowpath_null+0x1c/0x24)
[    2.960565] [<c02484f8>] (warn_slowpath_null) from [<c0306ffc>] (__d_free+0x34/0x40)
[    2.960577] [<c0306ffc>] (__d_free) from [<c0288ef0>] (rcu_process_callbacks+0x3a8/0x544)
[    2.960590] [<c0288ef0>] (rcu_process_callbacks) from [<c024b400>] (__do_softirq+0xf0/0x240)
[    2.960602] [<c024b400>] (__do_softirq) from [<c024b584>] (run_ksoftirqd+0x34/0x48)
[    2.960615] [<c024b584>] (run_ksoftirqd) from [<c0262eb8>] (smpboot_thread_fn+0x140/0x1b4)
[    2.960628] [<c0262eb8>] (smpboot_thread_fn) from [<c025f97c>] (kthread+0xd8/0xf4)
[    2.960640] [<c025f97c>] (kthread) from [<c020e9f8>] (ret_from_fork+0x14/0x3c)
[    2.960645] ---[ end trace 82c882391cd3ce38 ]---
[    2.960649] ------------[ cut here ]------------
[    2.960658] WARNING: CPU: 0 PID: 3 at fs/dcache.c:255 __d_free+0x34/0x40()
[    2.960662] Modules linked in:
[    2.960668] CPU: 0 PID: 3 Comm: ksoftirqd/0 Tainted: G        W      3.18.0-rc3-next-20141103-96358-ga641d0e #1
[    2.960682] [<c0215c88>] (unwind_backtrace) from [<c02116b0>] (show_stack+0x10/0x14)
[    2.960693] [<c02116b0>] (show_stack) from [<c0879474>] (dump_stack+0x78/0x94)
[    2.960702] [<c0879474>] (dump_stack) from [<c02484b8>] (warn_slowpath_common+0x64/0x88)
[    2.960714] [<c02484b8>] (warn_slowpath_common) from [<c02484f8>] (warn_slowpath_null+0x1c/0x24)
[    2.960724] [<c02484f8>] (warn_slowpath_null) from [<c0306ffc>] (__d_free+0x34/0x40)
[    2.960736] [<c0306ffc>] (__d_free) from [<c0288ef0>] (rcu_process_callbacks+0x3a8/0x544)
[    2.960749] [<c0288ef0>] (rcu_process_callbacks) from [<c024b400>] (__do_softirq+0xf0/0x240)
[    2.960762] [<c024b400>] (__do_softirq) from [<c024b584>] (run_ksoftirqd+0x34/0x48)
[    2.960775] [<c024b584>] (run_ksoftirqd) from [<c0262eb8>] (smpboot_thread_fn+0x140/0x1b4)
[    2.960788] [<c0262eb8>] (smpboot_thread_fn) from [<c025f97c>] (kthread+0xd8/0xf4)
[    2.960799] [<c025f97c>] (kthread) from [<c020e9f8>] (ret_from_fork+0x14/0x3c)
[    2.960804] ---[ end trace 82c882391cd3ce39 ]---
[    2.960808] ------------[ cut here ]------------
[    2.960817] WARNING: CPU: 0 PID: 3 at fs/dcache.c:255 __d_free+0x34/0x40()
[    2.960822] Modules linked in:
[    2.960828] CPU: 0 PID: 3 Comm: ksoftirqd/0 Tainted: G        W      3.18.0-rc3-next-20141103-96358-ga641d0e #1
[    2.960840] [<c0215c88>] (unwind_backtrace) from [<c02116b0>] (show_stack+0x10/0x14)
[    2.960851] [<c02116b0>] (show_stack) from [<c0879474>] (dump_stack+0x78/0x94)
[    2.960861] [<c0879474>] (dump_stack) from [<c02484b8>] (warn_slowpath_common+0x64/0x88)
[    2.960872] [<c02484b8>] (warn_slowpath_common) from [<c02484f8>] (warn_slowpath_null+0x1c/0x24)
[    2.960883] [<c02484f8>] (warn_slowpath_null) from [<c0306ffc>] (__d_free+0x34/0x40)
[    2.960895] [<c0306ffc>] (__d_free) from [<c0288ef0>] (rcu_process_callbacks+0x3a8/0x544)
[    2.960907] [<c0288ef0>] (rcu_process_callbacks) from [<c024b400>] (__do_softirq+0xf0/0x240)
[    2.960919] [<c024b400>] (__do_softirq) from [<c024b584>] (run_ksoftirqd+0x34/0x48)
[    2.960932] [<c024b584>] (run_ksoftirqd) from [<c0262eb8>] (smpboot_thread_fn+0x140/0x1b4)
[    2.960944] [<c0262eb8>] (smpboot_thread_fn) from [<c025f97c>] (kthread+0xd8/0xf4)
[    2.960956] [<c025f97c>] (kthread) from [<c020e9f8>] (ret_from_fork+0x14/0x3c)
[    2.960961] ---[ end trace 82c882391cd3ce3a ]---
[    2.960965] ------------[ cut here ]------------
[    2.960974] WARNING: CPU: 0 PID: 3 at fs/dcache.c:255 __d_free+0x34/0x40()
[    2.960978] Modules linked in:
[    2.960985] CPU: 0 PID: 3 Comm: ksoftirqd/0 Tainted: G        W      3.18.0-rc3-next-20141103-96358-ga641d0e #1
[    2.960997] [<c0215c88>] (unwind_backtrace) from [<c02116b0>] (show_stack+0x10/0x14)
[    2.961008] [<c02116b0>] (show_stack) from [<c0879474>] (dump_stack+0x78/0x94)
[    2.961019] [<c0879474>] (dump_stack) from [<c02484b8>] (warn_slowpath_common+0x64/0x88)
[    2.961031] [<c02484b8>] (warn_slowpath_common) from [<c02484f8>] (warn_slowpath_null+0x1c/0x24)
[    2.961042] [<c02484f8>] (warn_slowpath_null) from [<c0306ffc>] (__d_free+0x34/0x40)
[    2.961053] [<c0306ffc>] (__d_free) from [<c0288ef0>] (rcu_process_callbacks+0x3a8/0x544)
[    2.961066] [<c0288ef0>] (rcu_process_callbacks) from [<c024b400>] (__do_softirq+0xf0/0x240)
[    2.961079] [<c024b400>] (__do_softirq) from [<c024b584>] (run_ksoftirqd+0x34/0x48)
[    2.961091] [<c024b584>] (run_ksoftirqd) from [<c0262eb8>] (smpboot_thread_fn+0x140/0x1b4)
[    2.961105] [<c0262eb8>] (smpboot_thread_fn) from [<c025f97c>] (kthread+0xd8/0xf4)
[    2.961116] [<c025f97c>] (kthread) from [<c020e9f8>] (ret_from_fork+0x14/0x3c)
[    2.961121] ---[ end trace 82c882391cd3ce3b ]---
[    2.961124] ------------[ cut here ]------------
[    2.961133] WARNING: CPU: 0 PID: 3 at fs/dcache.c:255 __d_free+0x34/0x40()
[    2.961137] Modules linked in:
[    2.961144] CPU: 0 PID: 3 Comm: ksoftirqd/0 Tainted: G        W      3.18.0-rc3-next-20141103-96358-ga641d0e #1
[    2.961156] [<c0215c88>] (unwind_backtrace) from [<c02116b0>] (show_stack+0x10/0x14)
[    2.961167] [<c02116b0>] (show_stack) from [<c0879474>] (dump_stack+0x78/0x94)
[    2.961177] [<c0879474>] (dump_stack) from [<c02484b8>] (warn_slowpath_common+0x64/0x88)
[    2.961188] [<c02484b8>] (warn_slowpath_common) from [<c02484f8>] (warn_slowpath_null+0x1c/0x24)
[    2.961199] [<c02484f8>] (warn_slowpath_null) from [<c0306ffc>] (__d_free+0x34/0x40)
[    2.961211] [<c0306ffc>] (__d_free) from [<c0288ef0>] (rcu_process_callbacks+0x3a8/0x544)
[    2.961225] [<c0288ef0>] (rcu_process_callbacks) from [<c024b400>] (__do_softirq+0xf0/0x240)
[    2.961236] [<c024b400>] (__do_softirq) from [<c024b584>] (run_ksoftirqd+0x34/0x48)
[    2.961249] [<c024b584>] (run_ksoftirqd) from [<c0262eb8>] (smpboot_thread_fn+0x140/0x1b4)
[    2.961261] [<c0262eb8>] (smpboot_thread_fn) from [<c025f97c>] (kthread+0xd8/0xf4)
[    2.961273] [<c025f97c>] (kthread) from [<c020e9f8>] (ret_from_fork+0x14/0x3c)
[    2.961278] ---[ end trace 82c882391cd3ce3c ]---
[    2.961284] ------------[ cut here ]------------
[    2.961294] WARNING: CPU: 0 PID: 3 at fs/dcache.c:255 __d_free+0x34/0x40()
[    2.961299] Modules linked in:
[    2.961305] CPU: 0 PID: 3 Comm: ksoftirqd/0 Tainted: G        W      3.18.0-rc3-next-20141103-96358-ga641d0e #1
[    2.961319] [<c0215c88>] (unwind_backtrace) from [<c02116b0>] (show_stack+0x10/0x14)
[    2.961329] [<c02116b0>] (show_stack) from [<c0879474>] (dump_stack+0x78/0x94)
[    2.961339] [<c0879474>] (dump_stack) from [<c02484b8>] (warn_slowpath_common+0x64/0x88)
[    2.961350] [<c02484b8>] (warn_slowpath_common) from [<c02484f8>] (warn_slowpath_null+0x1c/0x24)
[    2.961361] [<c02484f8>] (warn_slowpath_null) from [<c0306ffc>] (__d_free+0x34/0x40)
[    2.961374] [<c0306ffc>] (__d_free) from [<c0288ef0>] (rcu_process_callbacks+0x3a8/0x544)
[    2.961386] [<c0288ef0>] (rcu_process_callbacks) from [<c024b400>] (__do_softirq+0xf0/0x240)
[    2.961399] [<c024b400>] (__do_softirq) from [<c024b584>] (run_ksoftirqd+0x34/0x48)
[    2.961411] [<c024b584>] (run_ksoftirqd) from [<c0262eb8>] (smpboot_thread_fn+0x140/0x1b4)
[    2.961424] [<c0262eb8>] (smpboot_thread_fn) from [<c025f97c>] (kthread+0xd8/0xf4)
[    2.961435] [<c025f97c>] (kthread) from [<c020e9f8>] (ret_from_fork+0x14/0x3c)
[    2.961439] ---[ end trace 82c882391cd3ce3d ]---
[    2.961443] ------------[ cut here ]------------
[    2.961452] WARNING: CPU: 0 PID: 3 at fs/dcache.c:255 __d_free+0x34/0x40()
[    2.961456] Modules linked in:
[    2.961463] CPU: 0 PID: 3 Comm: ksoftirqd/0 Tainted: G        W      3.18.0-rc3-next-20141103-96358-ga641d0e #1
[    2.961476] [<c0215c88>] (unwind_backtrace) from [<c02116b0>] (show_stack+0x10/0x14)
[    2.961487] [<c02116b0>] (show_stack) from [<c0879474>] (dump_stack+0x78/0x94)
[    2.961498] [<c0879474>] (dump_stack) from [<c02484b8>] (warn_slowpath_common+0x64/0x88)
[    2.961509] [<c02484b8>] (warn_slowpath_common) from [<c02484f8>] (warn_slowpath_null+0x1c/0x24)
[    2.961520] [<c02484f8>] (warn_slowpath_null) from [<c0306ffc>] (__d_free+0x34/0x40)
[    2.961533] [<c0306ffc>] (__d_free) from [<c0288ef0>] (rcu_process_callbacks+0x3a8/0x544)
[    2.961545] [<c0288ef0>] (rcu_process_callbacks) from [<c024b400>] (__do_softirq+0xf0/0x240)
[    2.961558] [<c024b400>] (__do_softirq) from [<c024b584>] (run_ksoftirqd+0x34/0x48)
[    2.961570] [<c024b584>] (run_ksoftirqd) from [<c0262eb8>] (smpboot_thread_fn+0x140/0x1b4)
[    2.961583] [<c0262eb8>] (smpboot_thread_fn) from [<c025f97c>] (kthread+0xd8/0xf4)
[    2.961595] [<c025f97c>] (kthread) from [<c020e9f8>] (ret_from_fork+0x14/0x3c)
[    2.961600] ---[ end trace 82c882391cd3ce3e ]---
[    2.961605] ------------[ cut here ]------------
[    2.961613] WARNING: CPU: 0 PID: 3 at fs/dcache.c:255 __d_free+0x34/0x40()
[    2.961617] Modules linked in:
[    2.961623] CPU: 0 PID: 3 Comm: ksoftirqd/0 Tainted: G        W      3.18.0-rc3-next-20141103-96358-ga641d0e #1
[    2.961636] [<c0215c88>] (unwind_backtrace) from [<c02116b0>] (show_stack+0x10/0x14)
[    2.961647] [<c02116b0>] (show_stack) from [<c0879474>] (dump_stack+0x78/0x94)
[    2.961657] [<c0879474>] (dump_stack) from [<c02484b8>] (warn_slowpath_common+0x64/0x88)
[    2.961668] [<c02484b8>] (warn_slowpath_common) from [<c02484f8>] (warn_slowpath_null+0x1c/0x24)
[    2.961679] [<c02484f8>] (warn_slowpath_null) from [<c0306ffc>] (__d_free+0x34/0x40)
[    2.961691] [<c0306ffc>] (__d_free) from [<c0288ef0>] (rcu_process_callbacks+0x3a8/0x544)
[    2.961704] [<c0288ef0>] (rcu_process_callbacks) from [<c024b400>] (__do_softirq+0xf0/0x240)
[    2.961717] [<c024b400>] (__do_softirq) from [<c024b584>] (run_ksoftirqd+0x34/0x48)
[    2.961729] [<c024b584>] (run_ksoftirqd) from [<c0262eb8>] (smpboot_thread_fn+0x140/0x1b4)
[    2.961742] [<c0262eb8>] (smpboot_thread_fn) from [<c025f97c>] (kthread+0xd8/0xf4)
[    2.961753] [<c025f97c>] (kthread) from [<c020e9f8>] (ret_from_fork+0x14/0x3c)
[    2.961758] ---[ end trace 82c882391cd3ce3f ]---
[    2.961762] ------------[ cut here ]------------
[    2.961771] WARNING: CPU: 0 PID: 3 at fs/dcache.c:255 __d_free+0x34/0x40()
[    2.961776] Modules linked in:
[    2.961781] CPU: 0 PID: 3 Comm: ksoftirqd/0 Tainted: G        W      3.18.0-rc3-next-20141103-96358-ga641d0e #1
[    2.961794] [<c0215c88>] (unwind_backtrace) from [<c02116b0>] (show_stack+0x10/0x14)
[    2.961805] [<c02116b0>] (show_stack) from [<c0879474>] (dump_stack+0x78/0x94)
[    2.961817] [<c0879474>] (dump_stack) from [<c02484b8>] (warn_slowpath_common+0x64/0x88)
[    2.961827] [<c02484b8>] (warn_slowpath_common) from [<c02484f8>] (warn_slowpath_null+0x1c/0x24)
[    2.961838] [<c02484f8>] (warn_slowpath_null) from [<c0306ffc>] (__d_free+0x34/0x40)
[    2.961849] [<c0306ffc>] (__d_free) from [<c0288ef0>] (rcu_process_callbacks+0x3a8/0x544)
[    2.961863] [<c0288ef0>] (rcu_process_callbacks) from [<c024b400>] (__do_softirq+0xf0/0x240)
[    2.961876] [<c024b400>] (__do_softirq) from [<c024b584>] (run_ksoftirqd+0x34/0x48)
[    2.961888] [<c024b584>] (run_ksoftirqd) from [<c0262eb8>] (smpboot_thread_fn+0x140/0x1b4)
[    2.961902] [<c0262eb8>] (smpboot_thread_fn) from [<c025f97c>] (kthread+0xd8/0xf4)
[    2.961914] [<c025f97c>] (kthread) from [<c020e9f8>] (ret_from_fork+0x14/0x3c)
[    2.961918] ---[ end trace 82c882391cd3ce40 ]---
[    2.961923] ------------[ cut here ]------------
[    2.961932] WARNING: CPU: 0 PID: 3 at fs/dcache.c:255 __d_free+0x34/0x40()
[    2.961936] Modules linked in:
[    2.961943] CPU: 0 PID: 3 Comm: ksoftirqd/0 Tainted: G        W      3.18.0-rc3-next-20141103-96358-ga641d0e #1
[    2.961956] [<c0215c88>] (unwind_backtrace) from [<c02116b0>] (show_stack+0x10/0x14)
[    2.961966] [<c02116b0>] (show_stack) from [<c0879474>] (dump_stack+0x78/0x94)
[    2.961977] [<c0879474>] (dump_stack) from [<c02484b8>] (warn_slowpath_common+0x64/0x88)
[    2.961988] [<c02484b8>] (warn_slowpath_common) from [<c02484f8>] (warn_slowpath_null+0x1c/0x24)
[    2.961999] [<c02484f8>] (warn_slowpath_null) from [<c0306ffc>] (__d_free+0x34/0x40)
[    2.962011] [<c0306ffc>] (__d_free) from [<c0288ef0>] (rcu_process_callbacks+0x3a8/0x544)
[    2.962024] [<c0288ef0>] (rcu_process_callbacks) from [<c024b400>] (__do_softirq+0xf0/0x240)
[    2.962037] [<c024b400>] (__do_softirq) from [<c024b584>] (run_ksoftirqd+0x34/0x48)
[    2.962049] [<c024b584>] (run_ksoftirqd) from [<c0262eb8>] (smpboot_thread_fn+0x140/0x1b4)
[    2.962062] [<c0262eb8>] (smpboot_thread_fn) from [<c025f97c>] (kthread+0xd8/0xf4)
[    2.962074] [<c025f97c>] (kthread) from [<c020e9f8>] (ret_from_fork+0x14/0x3c)
[    2.962079] ---[ end trace 82c882391cd3ce41 ]---
[    2.962086] ------------[ cut here ]------------
[    2.962095] WARNING: CPU: 0 PID: 3 at fs/dcache.c:255 __d_free+0x34/0x40()
[    2.962100] Modules linked in:
[    2.962106] CPU: 0 PID: 3 Comm: ksoftirqd/0 Tainted: G        W      3.18.0-rc3-next-20141103-96358-ga641d0e #1
[    2.962119] [<c0215c88>] (unwind_backtrace) from [<c02116b0>] (show_stack+0x10/0x14)
[    2.962129] [<c02116b0>] (show_stack) from [<c0879474>] (dump_stack+0x78/0x94)
[    2.962140] [<c0879474>] (dump_stack) from [<c02484b8>] (warn_slowpath_common+0x64/0x88)
[    2.962150] [<c02484b8>] (warn_slowpath_common) from [<c02484f8>] (warn_slowpath_null+0x1c/0x24)
[    2.962161] [<c02484f8>] (warn_slowpath_null) from [<c0306ffc>] (__d_free+0x34/0x40)
[    2.962173] [<c0306ffc>] (__d_free) from [<c0288ef0>] (rcu_process_callbacks+0x3a8/0x544)
[    2.962186] [<c0288ef0>] (rcu_process_callbacks) from [<c024b400>] (__do_softirq+0xf0/0x240)
[    2.962198] [<c024b400>] (__do_softirq) from [<c024b584>] (run_ksoftirqd+0x34/0x48)
[    2.962210] [<c024b584>] (run_ksoftirqd) from [<c0262eb8>] (smpboot_thread_fn+0x140/0x1b4)
[    2.962224] [<c0262eb8>] (smpboot_thread_fn) from [<c025f97c>] (kthread+0xd8/0xf4)
[    2.962235] [<c025f97c>] (kthread) from [<c020e9f8>] (ret_from_fork+0x14/0x3c)
[    2.962240] ---[ end trace 82c882391cd3ce42 ]---
[    2.962245] ------------[ cut here ]------------
[    2.962254] WARNING: CPU: 0 PID: 3 at fs/dcache.c:255 __d_free+0x34/0x40()
[    2.962258] Modules linked in:
[    2.962265] CPU: 0 PID: 3 Comm: ksoftirqd/0 Tainted: G        W      3.18.0-rc3-next-20141103-96358-ga641d0e #1
[    2.962277] [<c0215c88>] (unwind_backtrace) from [<c02116b0>] (show_stack+0x10/0x14)
[    2.962288] [<c02116b0>] (show_stack) from [<c0879474>] (dump_stack+0x78/0x94)
[    2.962298] [<c0879474>] (dump_stack) from [<c02484b8>] (warn_slowpath_common+0x64/0x88)
[    2.962309] [<c02484b8>] (warn_slowpath_common) from [<c02484f8>] (warn_slowpath_null+0x1c/0x24)
[    2.962320] [<c02484f8>] (warn_slowpath_null) from [<c0306ffc>] (__d_free+0x34/0x40)
[    2.962331] [<c0306ffc>] (__d_free) from [<c0288ef0>] (rcu_process_callbacks+0x3a8/0x544)
[    2.962345] [<c0288ef0>] (rcu_process_callbacks) from [<c024b400>] (__do_softirq+0xf0/0x240)
[    2.962357] [<c024b400>] (__do_softirq) from [<c024b584>] (run_ksoftirqd+0x34/0x48)
[    2.962370] [<c024b584>] (run_ksoftirqd) from [<c0262eb8>] (smpboot_thread_fn+0x140/0x1b4)
[    2.962382] [<c0262eb8>] (smpboot_thread_fn) from [<c025f97c>] (kthread+0xd8/0xf4)
[    2.962394] [<c025f97c>] (kthread) from [<c020e9f8>] (ret_from_fork+0x14/0x3c)
[    2.962399] ---[ end trace 82c882391cd3ce43 ]---
[    2.962404] ------------[ cut here ]------------
[    2.962413] WARNING: CPU: 0 PID: 3 at fs/dcache.c:255 __d_free+0x34/0x40()
[    2.962417] Modules linked in:
[    2.962424] CPU: 0 PID: 3 Comm: ksoftirqd/0 Tainted: G        W      3.18.0-rc3-next-20141103-96358-ga641d0e #1
[    2.962436] [<c0215c88>] (unwind_backtrace) from [<c02116b0>] (show_stack+0x10/0x14)
[    2.962446] [<c02116b0>] (show_stack) from [<c0879474>] (dump_stack+0x78/0x94)
[    2.962457] [<c0879474>] (dump_stack) from [<c02484b8>] (warn_slowpath_common+0x64/0x88)
[    2.962467] [<c02484b8>] (warn_slowpath_common) from [<c02484f8>] (warn_slowpath_null+0x1c/0x24)
[    2.962478] [<c02484f8>] (warn_slowpath_null) from [<c0306ffc>] (__d_free+0x34/0x40)
[    2.962490] [<c0306ffc>] (__d_free) from [<c0288ef0>] (rcu_process_callbacks+0x3a8/0x544)
[    2.962503] [<c0288ef0>] (rcu_process_callbacks) from [<c024b400>] (__do_softirq+0xf0/0x240)
[    2.962515] [<c024b400>] (__do_softirq) from [<c024b584>] (run_ksoftirqd+0x34/0x48)
[    2.962528] [<c024b584>] (run_ksoftirqd) from [<c0262eb8>] (smpboot_thread_fn+0x140/0x1b4)
[    2.962541] [<c0262eb8>] (smpboot_thread_fn) from [<c025f97c>] (kthread+0xd8/0xf4)
[    2.962553] [<c025f97c>] (kthread) from [<c020e9f8>] (ret_from_fork+0x14/0x3c)
[    2.962557] ---[ end trace 82c882391cd3ce44 ]---
[    2.962561] ------------[ cut here ]------------
[    2.962570] WARNING: CPU: 0 PID: 3 at fs/dcache.c:255 __d_free+0x34/0x40()
[    2.962575] Modules linked in:
[    2.962580] CPU: 0 PID: 3 Comm: ksoftirqd/0 Tainted: G        W      3.18.0-rc3-next-20141103-96358-ga641d0e #1
[    2.962593] [<c0215c88>] (unwind_backtrace) from [<c02116b0>] (show_stack+0x10/0x14)
[    2.962603] [<c02116b0>] (show_stack) from [<c0879474>] (dump_stack+0x78/0x94)
[    2.962613] [<c0879474>] (dump_stack) from [<c02484b8>] (warn_slowpath_common+0x64/0x88)
