
U-Boot SPL 2014.07-00097-g772e173 (Jul 25 2014 - 20:02:52)


U-Boot 2014.07-00097-g772e173 (Jul 25 2014 - 20:02:52)

TEGRA124
Board: NVIDIA Jetson TK1
I2C:   ready
DRAM:  2 GiB
MMC:   Tegra SD/MMC: 0, Tegra SD/MMC: 1
In:    serial
Out:   serial
Err:   serial
Net:   Net Initialization Skipped
No ethernet found.
Hit any key to stop autoboot:  2  0 
Tegra124 (Jetson TK1) # 
Tegra124 (Jetson TK1) # usb reset
(Re)start USB...
USB0:   USB EHCI 1.10
scanning bus 0 for devices... 1 USB Device(s) found
USB1:   USB EHCI 1.10
scanning bus 1 for devices... 2 USB Device(s) found
       scanning usb for storage devices... 0 Storage Device(s) found
       scanning usb for ethernet devices... 
Warning: asx0 using MAC address from net device
1 Ethernet Device(s) found
Tegra124 (Jetson TK1) # setenv bootargs 'ignore_loglevel console=ttyS0,115200n8 rw root=/dev/mmcblk0p1 rootwait gpt debug init=/bin/bash noinitrd'
Tegra124 (Jetson TK1) # setenv ipaddr 192.168.100.102; setenv serverip 192.168.100.1; setenv tftpserverip 192.168.100.1
Tegra124 (Jetson TK1) # tftpboot 0x81000000 zImage.tegra_defconfig
Using asx0 device
TFTP from server 192.168.100.1; our IP address is 192.168.100.102
Filename 'zImage.tegra_defconfig'.
Load address: 0x81000000
Loading: *#################################################################
	 #################################################################
	 #################################################################
	 #################################################################
	 ##############################################################
	 3 MiB/s
done
Bytes transferred = 4723504 (481330 hex)
Tegra124 (Jetson TK1) # tftpboot 0x82000000 tegra124-jetson-tk1.dtb
Using asx0 device
TFTP from server 192.168.100.1; our IP address is 192.168.100.102
Filename 'tegra124-jetson-tk1.dtb'.
Load address: 0x82000000
Loading: *####
	 2.7 MiB/s
done
Bytes transferred = 47577 (b9d9 hex)
Tegra124 (Jetson TK1) # bootz 0x81000000 - 0x82000000
Kernel image @ 0x81000000 [ 0x000000 - 0x481330 ]
## Flattened Device Tree blob at 82000000
   Booting using the fdt blob at 0x82000000
   Using Device Tree in place at 82000000, end 8200e9d8

Starting kernel ...

Uncompressing Linux... done, booting the kernel.
[    0.000000] Booting Linux on physical CPU 0x0
[    0.000000] Initializing cgroup subsys cpu
[    0.000000] Initializing cgroup subsys cpuacct
[    0.000000] Linux version 3.18.0-rc3-next-20141103-57588-ga641d0e (pwalmsley@kaivo) (gcc version 4.7.3 20130328 (prerelease) (crosstool-NG linaro-1.13.1-4.7-2013.04-20130415 - Linaro GCC 2013.04) ) #1 SMP PREEMPT Sun Nov 2 21:47:37 PST 2014
[    0.000000] CPU: ARMv7 Processor [413fc0f3] revision 3 (ARMv7), cr=10c5387d
[    0.000000] CPU: PIPT / VIPT nonaliasing data cache, PIPT instruction cache
[    0.000000] Machine model: NVIDIA Tegra124 Jetson TK1
[    0.000000] debug: ignoring loglevel setting.
[    0.000000] cma: Reserved 64 MiB at 0xfbc00000
[    0.000000] Memory policy: Data cache writealloc
[    0.000000] On node 0 totalpages: 524032
[    0.000000] free_area_init_node: node 0, pgdat c0910bc0, node_mem_map ee7f7000
[    0.000000]   Normal zone: 1520 pages used for memmap
[    0.000000]   Normal zone: 0 pages reserved
[    0.000000]   Normal zone: 194560 pages, LIFO batch:31
[    0.000000]   HighMem zone: 2574 pages used for memmap
[    0.000000]   HighMem zone: 329472 pages, LIFO batch:31
[    0.000000] PERCPU: Embedded 10 pages/cpu @ee79e000 s8832 r8192 d23936 u40960
[    0.000000] pcpu-alloc: s8832 r8192 d23936 u40960 alloc=10*4096
[    0.000000] pcpu-alloc: [0] 0 [0] 1 [0] 2 [0] 3 
[    0.000000] Built 1 zonelists in Zone order, mobility grouping on.  Total pages: 522512
[    0.000000] Kernel command line: ignore_loglevel console=ttyS0,115200n8 rw root=/dev/mmcblk0p1 rootwait gpt debug init=/bin/bash noinitrd
[    0.000000] PID hash table entries: 4096 (order: 2, 16384 bytes)
[    0.000000] Dentry cache hash table entries: 131072 (order: 7, 524288 bytes)
[    0.000000] Inode-cache hash table entries: 65536 (order: 6, 262144 bytes)
[    0.000000] Memory: 2003352K/2096128K available (6468K kernel code, 345K rwdata, 2144K rodata, 296K init, 362K bss, 27240K reserved, 65536K cma-reserved, 1252352K highmem)
[    0.000000] Virtual kernel memory layout:
[    0.000000]     vector  : 0xffff0000 - 0xffff1000   (   4 kB)
[    0.000000]     fixmap  : 0xffc00000 - 0xffe00000   (2048 kB)
[    0.000000]     vmalloc : 0xf0000000 - 0xff000000   ( 240 MB)
[    0.000000]     lowmem  : 0xc0000000 - 0xef800000   ( 760 MB)
[    0.000000]     pkmap   : 0xbfe00000 - 0xc0000000   (   2 MB)
[    0.000000]     modules : 0xbf000000 - 0xbfe00000   (  14 MB)
[    0.000000]       .text : 0xc0008000 - 0xc0871458   (8614 kB)
[    0.000000]       .init : 0xc0872000 - 0xc08bc000   ( 296 kB)
[    0.000000]       .data : 0xc08bc000 - 0xc0912660   ( 346 kB)
[    0.000000]        .bss : 0xc0912660 - 0xc096d19c   ( 363 kB)
[    0.000000] Preemptible hierarchical RCU implementation.
[    0.000000] NR_IRQS:16 nr_irqs:16 16
[    0.000000] L2C: failed to init: -19
[    0.000009] sched_clock: 32 bits at 1000kHz, resolution 1000ns, wraps every 2147483648000ns
[    0.000032] Switching to timer-based delay loop, resolution 1000ns
[    0.001039] Architected cp15 timer(s) running at 12.00MHz (virt).
[    0.001062] sched_clock: 56 bits at 12MHz, resolution 83ns, wraps every 2863311536128ns
[    0.001075] Switching to timer-based delay loop, resolution 83ns
[    0.001522] Console: colour dummy device 80x30
[    0.001549] Calibrating delay loop (skipped), value calculated using timer frequency.. 24.00 BogoMIPS (lpj=120000)
[    0.001564] pid_max: default: 32768 minimum: 301
[    0.002020] Mount-cache hash table entries: 2048 (order: 1, 8192 bytes)
[    0.002031] Mountpoint-cache hash table entries: 2048 (order: 1, 8192 bytes)
[    0.003406] Initializing cgroup subsys freezer
[    0.003433] Initializing cgroup subsys debug
[    0.003486] CPU: Testing write buffer coherency: ok
[    0.003790] /cpus/cpu@0 missing clock-frequency property
[    0.003819] /cpus/cpu@1 missing clock-frequency property
[    0.003847] /cpus/cpu@2 missing clock-frequency property
[    0.003876] /cpus/cpu@3 missing clock-frequency property
[    0.003889] CPU0: thread -1, cpu 0, socket 0, mpidr 80000000
[    0.003941] Setting up static identity map for 0x80621448 - 0x806214e0
[    0.041224] Tegra Revision: A01 SKU: 129 CPU Process: 1 Core Process: 1
[    0.061727] CPU1: Booted secondary processor
[    0.061753] CPU1: thread -1, cpu 1, socket 0, mpidr 80000001
[    0.081734] CPU2: Booted secondary processor
[    0.081758] CPU2: thread -1, cpu 2, socket 0, mpidr 80000002
[    0.101742] CPU3: Booted secondary processor
[    0.101766] CPU3: thread -1, cpu 3, socket 0, mpidr 80000003
[    0.101846] Brought up 4 CPUs
[    0.101872] SMP: Total of 4 processors activated.
[    0.101880] CPU: All CPU(s) started in SVC mode.
[    0.102771] devtmpfs: initialized
[    0.115321] VFP support v0.3: implementor 41 architecture 4 part 30 variant f rev 0
[    0.117437] pinctrl core: initialized pinctrl subsystem
[    0.156397] NET: Registered protocol family 16
[    0.157623] DMA: preallocated 256 KiB pool for atomic coherent allocations
[    0.180991] cpuidle: using governor ladder
[    0.211014] cpuidle: using governor menu
[    0.230602] No ATAGs?
[    0.230639] hw-breakpoint: found 5 (+1 reserved) breakpoint and 4 watchpoint registers.
[    0.230649] hw-breakpoint: maximum watchpoint size is 8 bytes.
[    0.284764] +5V_SYS: supplied by +VDD_MUX
[    0.285335] +3.3V_SYS: supplied by +VDD_MUX
[    0.285572] platform regulators:regulator@3: Driver reg-fixed-voltage requests probe deferral
[    0.286012] reg-fixed-voltage regulators:regulator@4: Failed to find supply vin
[    0.286200] reg-fixed-voltage regulators:regulator@4: Failed to register regulator: -517
[    0.286228] platform regulators:regulator@4: Driver reg-fixed-voltage requests probe deferral
[    0.286598] +USB0_VBUS_SW: Failed to request enable GPIO108: -517
[    0.286762] reg-fixed-voltage regulators:regulator@7: Failed to register regulator: -517
[    0.286789] platform regulators:regulator@7: Driver reg-fixed-voltage requests probe deferral
[    0.287157] +5V_USB_HS: Failed to request enable GPIO109: -517
[    0.287321] reg-fixed-voltage regulators:regulator@8: Failed to register regulator: -517
[    0.287347] platform regulators:regulator@8: Driver reg-fixed-voltage requests probe deferral
[    0.287459] platform regulators:regulator@10: Driver reg-fixed-voltage requests probe deferral
[    0.287826] +1.05V_RUN_AVDD_HDMI_PLL: Failed to request enable GPIO63: -517
[    0.287989] reg-fixed-voltage regulators:regulator@11: Failed to register regulator: -517
[    0.288015] platform regulators:regulator@11: Driver reg-fixed-voltage requests probe deferral
[    0.288380] +5V_HDMI_CON: Failed to request enable GPIO86: -517
[    0.288541] reg-fixed-voltage regulators:regulator@12: Failed to register regulator: -517
[    0.288567] platform regulators:regulator@12: Driver reg-fixed-voltage requests probe deferral
[    0.288932] +5V_SATA: Failed to request enable GPIO242: -517
[    0.289093] reg-fixed-voltage regulators:regulator@13: Failed to register regulator: -517
[    0.289119] platform regulators:regulator@13: Driver reg-fixed-voltage requests probe deferral
[    0.289483] +12V_SATA: Failed to request enable GPIO242: -517
[    0.289645] reg-fixed-voltage regulators:regulator@14: Failed to register regulator: -517
[    0.289671] platform regulators:regulator@14: Driver reg-fixed-voltage requests probe deferral
[    0.291425] vgaarb: loaded
[    0.292850] SCSI subsystem initialized
[    0.293163] libata version 3.00 loaded.
[    0.293888] usbcore: registered new interface driver usbfs
[    0.294050] usbcore: registered new interface driver hub
[    0.294212] usbcore: registered new device driver usb
[    0.299075] Linux video capture interface: v2.00
[    0.299211] pps_core: LinuxPPS API ver. 1 registered
[    0.299220] pps_core: Software ver. 5.3.6 - Copyright 2005-2007 Rodolfo Giometti <giometti@linux.it>
[    0.299287] PTP clock support registered
[    0.300531] Advanced Linux Sound Architecture Driver Initialized.
[    0.301953] Bluetooth: Core ver 2.19
[    0.302031] NET: Registered protocol family 31
[    0.302039] Bluetooth: HCI device and connection manager initialized
[    0.302062] Bluetooth: HCI socket layer initialized
[    0.302082] Bluetooth: L2CAP socket layer initialized
[    0.302136] Bluetooth: SCO socket layer initialized
[    0.302878] cfg80211: Calling CRDA to update world regulatory domain
[    0.303649] Switched to clocksource arch_sys_counter
[    0.326357] NET: Registered protocol family 2
[    0.327525] TCP established hash table entries: 8192 (order: 3, 32768 bytes)
[    0.327630] TCP bind hash table entries: 8192 (order: 4, 65536 bytes)
[    0.327816] TCP: Hash tables configured (established 8192 bind 8192)
[    0.328230] TCP: reno registered
[    0.328244] UDP hash table entries: 512 (order: 2, 16384 bytes)
[    0.328285] UDP-Lite hash table entries: 512 (order: 2, 16384 bytes)
[    0.328667] NET: Registered protocol family 1
[    0.329310] RPC: Registered named UNIX socket transport module.
[    0.329319] RPC: Registered udp transport module.
[    0.329327] RPC: Registered tcp transport module.
[    0.329334] RPC: Registered tcp NFSv4.1 backchannel transport module.
[    0.329358] PCI: CLS 0 bytes, default 64
[    0.333597] futex hash table entries: 1024 (order: 4, 65536 bytes)
[    0.333669] ------------[ cut here ]------------
[    0.333695] WARNING: CPU: 2 PID: 0 at fs/dcache.c:255 __d_free+0x34/0x40()
[    0.333704] Modules linked in:
[    0.333720] CPU: 2 PID: 0 Comm: swapper/2 Not tainted 3.18.0-rc3-next-20141103-57588-ga641d0e #1
[    0.333749] [<c0015b78>] (unwind_backtrace) from [<c0011518>] (show_stack+0x10/0x14)
[    0.333771] [<c0011518>] (show_stack) from [<c061a1c8>] (dump_stack+0x84/0xd0)
[    0.333790] [<c061a1c8>] (dump_stack) from [<c00254e0>] (warn_slowpath_common+0x64/0x88)
[    0.333807] [<c00254e0>] (warn_slowpath_common) from [<c0025520>] (warn_slowpath_null+0x1c/0x24)
[    0.333823] [<c0025520>] (warn_slowpath_null) from [<c00f1078>] (__d_free+0x34/0x40)
[    0.333844] [<c00f1078>] (__d_free) from [<c006b448>] (rcu_process_callbacks+0x3a8/0x544)
[    0.333864] [<c006b448>] (rcu_process_callbacks) from [<c00282b0>] (__do_softirq+0xf0/0x240)
[    0.333880] [<c00282b0>] (__do_softirq) from [<c00286a4>] (irq_exit+0xa8/0x114)
[    0.333900] [<c00286a4>] (irq_exit) from [<c0062400>] (__handle_domain_irq+0x58/0xa4)
[    0.333916] [<c0062400>] (__handle_domain_irq) from [<c00087a0>] (gic_handle_irq+0x20/0x5c)
[    0.333931] [<c00087a0>] (gic_handle_irq) from [<c00120c0>] (__irq_svc+0x40/0x74)
[    0.333940] Exception stack(0xee08ff98 to 0xee08ffe0)
[    0.333949] ff80:                                                       ffffffed 00000000
[    0.333961] ffa0: ee08ffe8 c001ef40 c08c44ec c08c4488 00000000 00000000 c08ba880 c08b9c40
[    0.333972] ffc0: ffffffed 00000000 00000000 ee08ffe0 c000f484 c000f488 60000113 ffffffff
[    0.333990] [<c00120c0>] (__irq_svc) from [<c000f488>] (arch_cpu_idle+0x30/0x3c)
[    0.334006] [<c000f488>] (arch_cpu_idle) from [<c00552f8>] (cpu_startup_entry+0x1a4/0x278)
[    0.334020] [<c00552f8>] (cpu_startup_entry) from [<80008864>] (0x80008864)
[    0.334040] ---[ end trace 71ec3e525477950f ]---
[    0.334053] ------------[ cut here ]------------
[    0.334069] WARNING: CPU: 2 PID: 0 at fs/dcache.c:255 __d_free+0x34/0x40()
[    0.334075] Modules linked in:
[    0.334089] CPU: 2 PID: 0 Comm: swapper/2 Tainted: G        W      3.18.0-rc3-next-20141103-57588-ga641d0e #1
[    0.334107] [<c0015b78>] (unwind_backtrace) from [<c0011518>] (show_stack+0x10/0x14)
[    0.334124] [<c0011518>] (show_stack) from [<c061a1c8>] (dump_stack+0x84/0xd0)
[    0.334140] [<c061a1c8>] (dump_stack) from [<c00254e0>] (warn_slowpath_common+0x64/0x88)
[    0.334155] [<c00254e0>] (warn_slowpath_common) from [<c0025520>] (warn_slowpath_null+0x1c/0x24)
[    0.334171] [<c0025520>] (warn_slowpath_null) from [<c00f1078>] (__d_free+0x34/0x40)
[    0.334190] [<c00f1078>] (__d_free) from [<c006b448>] (rcu_process_callbacks+0x3a8/0x544)
[    0.334207] [<c006b448>] (rcu_process_callbacks) from [<c00282b0>] (__do_softirq+0xf0/0x240)
[    0.334223] [<c00282b0>] (__do_softirq) from [<c00286a4>] (irq_exit+0xa8/0x114)
[    0.334241] [<c00286a4>] (irq_exit) from [<c0062400>] (__handle_domain_irq+0x58/0xa4)
[    0.334257] [<c0062400>] (__handle_domain_irq) from [<c00087a0>] (gic_handle_irq+0x20/0x5c)
[    0.334271] [<c00087a0>] (gic_handle_irq) from [<c00120c0>] (__irq_svc+0x40/0x74)
[    0.334279] Exception stack(0xee08ff98 to 0xee08ffe0)
[    0.334288] ff80:                                                       ffffffed 00000000
[    0.334299] ffa0: ee08ffe8 c001ef40 c08c44ec c08c4488 00000000 00000000 c08ba880 c08b9c40
[    0.334310] ffc0: ffffffed 00000000 00000000 ee08ffe0 c000f484 c000f488 60000113 ffffffff
[    0.334327] [<c00120c0>] (__irq_svc) from [<c000f488>] (arch_cpu_idle+0x30/0x3c)
[    0.334342] [<c000f488>] (arch_cpu_idle) from [<c00552f8>] (cpu_startup_entry+0x1a4/0x278)
[    0.334354] [<c00552f8>] (cpu_startup_entry) from [<80008864>] (0x80008864)
[    0.334363] ---[ end trace 71ec3e5254779510 ]---
[    0.334433] ------------[ cut here ]------------
[    0.334452] WARNING: CPU: 2 PID: 16 at fs/dcache.c:255 __d_free+0x34/0x40()
[    0.334460] Modules linked in:
[    0.334474] CPU: 2 PID: 16 Comm: ksoftirqd/2 Tainted: G        W      3.18.0-rc3-next-20141103-57588-ga641d0e #1
[    0.334494] [<c0015b78>] (unwind_backtrace) from [<c0011518>] (show_stack+0x10/0x14)
[    0.334512] [<c0011518>] (show_stack) from [<c061a1c8>] (dump_stack+0x84/0xd0)
[    0.334528] [<c061a1c8>] (dump_stack) from [<c00254e0>] (warn_slowpath_common+0x64/0x88)
[    0.334543] [<c00254e0>] (warn_slowpath_common) from [<c0025520>] (warn_slowpath_null+0x1c/0x24)
[    0.334560] [<c0025520>] (warn_slowpath_null) from [<c00f1078>] (__d_free+0x34/0x40)
[    0.334580] [<c00f1078>] (__d_free) from [<c006b448>] (rcu_process_callbacks+0x3a8/0x544)
[    0.334597] [<c006b448>] (rcu_process_callbacks) from [<c00282b0>] (__do_softirq+0xf0/0x240)
[    0.334613] [<c00282b0>] (__do_softirq) from [<c0028434>] (run_ksoftirqd+0x34/0x48)
[    0.334631] [<c0028434>] (run_ksoftirqd) from [<c003f798>] (smpboot_thread_fn+0x180/0x2ac)
[    0.334649] [<c003f798>] (smpboot_thread_fn) from [<c003c3e0>] (kthread+0xd8/0xf4)
[    0.334665] [<c003c3e0>] (kthread) from [<c000e9b8>] (ret_from_fork+0x14/0x3c)
[    0.334674] ---[ end trace 71ec3e5254779511 ]---
[    0.334701] ------------[ cut here ]------------
[    0.334717] WARNING: CPU: 2 PID: 16 at fs/dcache.c:255 __d_free+0x34/0x40()
[    0.334723] Modules linked in:
[    0.334736] CPU: 2 PID: 16 Comm: ksoftirqd/2 Tainted: G        W      3.18.0-rc3-next-20141103-57588-ga641d0e #1
[    0.334754] [<c0015b78>] (unwind_backtrace) from [<c0011518>] (show_stack+0x10/0x14)
[    0.334771] [<c0011518>] (show_stack) from [<c061a1c8>] (dump_stack+0x84/0xd0)
[    0.334786] [<c061a1c8>] (dump_stack) from [<c00254e0>] (warn_slowpath_common+0x64/0x88)
[    0.334801] [<c00254e0>] (warn_slowpath_common) from [<c0025520>] (warn_slowpath_null+0x1c/0x24)
[    0.334817] [<c0025520>] (warn_slowpath_null) from [<c00f1078>] (__d_free+0x34/0x40)
[    0.334836] [<c00f1078>] (__d_free) from [<c006b448>] (rcu_process_callbacks+0x3a8/0x544)
[    0.334858] [<c006b448>] (rcu_process_callbacks) from [<c00282b0>] (__do_softirq+0xf0/0x240)
[    0.334874] [<c00282b0>] (__do_softirq) from [<c0028434>] (run_ksoftirqd+0x34/0x48)
[    0.334890] [<c0028434>] (run_ksoftirqd) from [<c003f798>] (smpboot_thread_fn+0x180/0x2ac)
[    0.334909] [<c003f798>] (smpboot_thread_fn) from [<c003c3e0>] (kthread+0xd8/0xf4)
[    0.334924] [<c003c3e0>] (kthread) from [<c000e9b8>] (ret_from_fork+0x14/0x3c)
[    0.334933] ---[ end trace 71ec3e5254779512 ]---
[    0.336072] squashfs: version 4.0 (2009/01/31) Phillip Lougher
[    0.338643] bounce: pool size: 64 pages
[    0.338662] io scheduler noop registered (default)
[    0.349511] tegra-pcie 1003000.pcie-controller: 2x1, 1x1 configuration
[    0.349560] tegra-pcie 1003000.pcie-controller: Failed to get supply 'avddio-pex': -517
[    0.349602] platform 1003000.pcie-controller: Driver tegra-pcie requests probe deferral
[    0.359287] tegra-apbdma 60020000.dma: Tegra20 APB DMA driver register 32 channels
[    0.360467] Serial: 8250/16550 driver, 4 ports, IRQ sharing disabled
[    0.364061] console [ttyS0] disabled
[    0.364118] of_serial 70006300.serial: ttyS0 at MMIO 0x70006300 (irq = 122, base_baud = 25500000) is a Tegra
[    0.377022] ------------[ cut here ]------------
[    0.377037] WARNING: CPU: 0 PID: 1 at fs/dcache.c:255 __d_free+0x34/0x40()
[    0.377042] Modules linked in:
[    0.377050] CPU: 0 PID: 1 Comm: swapper/0 Tainted: G        W      3.18.0-rc3-next-20141103-57588-ga641d0e #1
[    0.377072] [<c0015b78>] (unwind_backtrace) from [<c0011518>] (show_stack+0x10/0x14)
[    0.377087] [<c0011518>] (show_stack) from [<c061a1c8>] (dump_stack+0x84/0xd0)
[    0.377101] [<c061a1c8>] (dump_stack) from [<c00254e0>] (warn_slowpath_common+0x64/0x88)
[    0.377112] [<c00254e0>] (warn_slowpath_common) from [<c0025520>] (warn_slowpath_null+0x1c/0x24)
[    0.377125] [<c0025520>] (warn_slowpath_null) from [<c00f1078>] (__d_free+0x34/0x40)
[    0.377141] [<c00f1078>] (__d_free) from [<c006b448>] (rcu_process_callbacks+0x3a8/0x544)
[    0.377156] [<c006b448>] (rcu_process_callbacks) from [<c00282b0>] (__do_softirq+0xf0/0x240)
[    0.377167] [<c00282b0>] (__do_softirq) from [<c00286a4>] (irq_exit+0xa8/0x114)
[    0.377182] [<c00286a4>] (irq_exit) from [<c0062400>] (__handle_domain_irq+0x58/0xa4)
[    0.377193] [<c0062400>] (__handle_domain_irq) from [<c00087a0>] (gic_handle_irq+0x20/0x5c)
[    0.377204] [<c00087a0>] (gic_handle_irq) from [<c00120c0>] (__irq_svc+0x40/0x74)
[    0.377208] Exception stack(0xee06bad8 to 0xee06bb20)
[    0.377214] bac0:                                                       c095bcf4 60000193
[    0.377222] bae0: 00000000 00000000 c0915a40 00000032 00000002 00000006 00000000 00000006
[    0.377229] bb00: 00000000 60000113 00000000 ee06bb20 c005fac8 c0060a90 60000113 ffffffff
[    0.377243] [<c00120c0>] (__irq_svc) from [<c0060a90>] (console_unlock+0x4b0/0x508)
[    0.377256] [<c0060a90>] (console_unlock) from [<c0061d20>] (register_console+0x290/0x364)
[    0.377271] [<c0061d20>] (register_console) from [<c0296608>] (uart_add_one_port+0x3bc/0x408)
[    0.377285] [<c0296608>] (uart_add_one_port) from [<c0299a18>] (serial8250_register_8250_port+0x270/0x380)
[    0.377299] [<c0299a18>] (serial8250_register_8250_port) from [<c02a02e8>] (of_platform_serial_probe+0x2c4/0x394)
[    0.377311] [<c02a02e8>] (of_platform_serial_probe) from [<c02e7574>] (platform_drv_probe+0x48/0xa4)
[    0.377325] [<c02e7574>] (platform_drv_probe) from [<c02e6140>] (driver_probe_device+0x10c/0x22c)
[    0.377337] [<c02e6140>] (driver_probe_device) from [<c02e62ec>] (__driver_attach+0x8c/0x90)
[    0.377349] [<c02e62ec>] (__driver_attach) from [<c02e4980>] (bus_for_each_dev+0x54/0x88)
[    0.377361] [<c02e4980>] (bus_for_each_dev) from [<c02e5940>] (bus_add_driver+0xd4/0x1d0)
[    0.377373] [<c02e5940>] (bus_add_driver) from [<c02e6910>] (driver_register+0x78/0xf4)
[    0.377384] [<c02e6910>] (driver_register) from [<c0008b04>] (do_one_initcall+0x80/0x1d0)
[    0.377396] [<c0008b04>] (do_one_initcall) from [<c0872d6c>] (kernel_init_freeable+0x108/0x1d4)
[    0.377411] [<c0872d6c>] (kernel_init_freeable) from [<c06163c4>] (kernel_init+0x8/0xec)
[    0.377424] [<c06163c4>] (kernel_init) from [<c000e9b8>] (ret_from_fork+0x14/0x3c)
[    0.377428] ---[ end trace 71ec3e5254779513 ]---
[    0.377433] ------------[ cut here ]------------
[    0.377444] WARNING: CPU: 0 PID: 1 at fs/dcache.c:255 __d_free+0x34/0x40()
[    0.377448] Modules linked in:
[    0.377455] CPU: 0 PID: 1 Comm: swapper/0 Tainted: G        W      3.18.0-rc3-next-20141103-57588-ga641d0e #1
[    0.377469] [<c0015b78>] (unwind_backtrace) from [<c0011518>] (show_stack+0x10/0x14)
[    0.377481] [<c0011518>] (show_stack) from [<c061a1c8>] (dump_stack+0x84/0xd0)
[    0.377492] [<c061a1c8>] (dump_stack) from [<c00254e0>] (warn_slowpath_common+0x64/0x88)
[    0.377502] [<c00254e0>] (warn_slowpath_common) from [<c0025520>] (warn_slowpath_null+0x1c/0x24)
[    0.377515] [<c0025520>] (warn_slowpath_null) from [<c00f1078>] (__d_free+0x34/0x40)
[    0.377529] [<c00f1078>] (__d_free) from [<c006b448>] (rcu_process_callbacks+0x3a8/0x544)
[    0.377542] [<c006b448>] (rcu_process_callbacks) from [<c00282b0>] (__do_softirq+0xf0/0x240)
[    0.377554] [<c00282b0>] (__do_softirq) from [<c00286a4>] (irq_exit+0xa8/0x114)
[    0.377567] [<c00286a4>] (irq_exit) from [<c0062400>] (__handle_domain_irq+0x58/0xa4)
[    0.377578] [<c0062400>] (__handle_domain_irq) from [<c00087a0>] (gic_handle_irq+0x20/0x5c)
[    0.377588] [<c00087a0>] (gic_handle_irq) from [<c00120c0>] (__irq_svc+0x40/0x74)
[    0.377592] Exception stack(0xee06bad8 to 0xee06bb20)
[    0.377597] bac0:                                                       c095bcf4 60000193
[    0.377604] bae0: 00000000 00000000 c0915a40 00000032 00000002 00000006 00000000 00000006
[    0.377610] bb00: 00000000 60000113 00000000 ee06bb20 c005fac8 c0060a90 60000113 ffffffff
[    0.377624] [<c00120c0>] (__irq_svc) from [<c0060a90>] (console_unlock+0x4b0/0x508)
[    0.377636] [<c0060a90>] (console_unlock) from [<c0061d20>] (register_console+0x290/0x364)
[    0.377650] [<c0061d20>] (register_console) from [<c0296608>] (uart_add_one_port+0x3bc/0x408)
[    0.377662] [<c0296608>] (uart_add_one_port) from [<c0299a18>] (serial8250_register_8250_port+0x270/0x380)
[    0.377674] [<c0299a18>] (serial8250_register_8250_port) from [<c02a02e8>] (of_platform_serial_probe+0x2c4/0x394)
[    0.377685] [<c02a02e8>] (of_platform_serial_probe) from [<c02e7574>] (platform_drv_probe+0x48/0xa4)
[    0.377696] [<c02e7574>] (platform_drv_probe) from [<c02e6140>] (driver_probe_device+0x10c/0x22c)
[    0.377708] [<c02e6140>] (driver_probe_device) from [<c02e62ec>] (__driver_attach+0x8c/0x90)
[    0.377719] [<c02e62ec>] (__driver_attach) from [<c02e4980>] (bus_for_each_dev+0x54/0x88)
[    0.377731] [<c02e4980>] (bus_for_each_dev) from [<c02e5940>] (bus_add_driver+0xd4/0x1d0)
[    0.377742] [<c02e5940>] (bus_add_driver) from [<c02e6910>] (driver_register+0x78/0xf4)
[    0.377753] [<c02e6910>] (driver_register) from [<c0008b04>] (do_one_initcall+0x80/0x1d0)
[    0.377764] [<c0008b04>] (do_one_initcall) from [<c0872d6c>] (kernel_init_freeable+0x108/0x1d4)
[    0.377777] [<c0872d6c>] (kernel_init_freeable) from [<c06163c4>] (kernel_init+0x8/0xec)
[    0.377789] [<c06163c4>] (kernel_init) from [<c000e9b8>] (ret_from_fork+0x14/0x3c)
[    0.377793] ---[ end trace 71ec3e5254779514 ]---
[    0.377797] ------------[ cut here ]------------
[    0.377807] WARNING: CPU: 0 PID: 1 at fs/dcache.c:255 __d_free+0x34/0x40()
[    0.377811] Modules linked in:
[    0.377818] CPU: 0 PID: 1 Comm: swapper/0 Tainted: G        W      3.18.0-rc3-next-20141103-57588-ga641d0e #1
[    0.377831] [<c0015b78>] (unwind_backtrace) from [<c0011518>] (show_stack+0x10/0x14)
[    0.377844] [<c0011518>] (show_stack) from [<c061a1c8>] (dump_stack+0x84/0xd0)
[    0.377855] [<c061a1c8>] (dump_stack) from [<c00254e0>] (warn_slowpath_common+0x64/0x88)
[    0.377865] [<c00254e0>] (warn_slowpath_common) from [<c0025520>] (warn_slowpath_null+0x1c/0x24)
[    0.377877] [<c0025520>] (warn_slowpath_null) from [<c00f1078>] (__d_free+0x34/0x40)
[    0.377892] [<c00f1078>] (__d_free) from [<c006b448>] (rcu_process_callbacks+0x3a8/0x544)
[    0.377905] [<c006b448>] (rcu_process_callbacks) from [<c00282b0>] (__do_softirq+0xf0/0x240)
[    0.377917] [<c00282b0>] (__do_softirq) from [<c00286a4>] (irq_exit+0xa8/0x114)
[    0.377931] [<c00286a4>] (irq_exit) from [<c0062400>] (__handle_domain_irq+0x58/0xa4)
[    0.377941] [<c0062400>] (__handle_domain_irq) from [<c00087a0>] (gic_handle_irq+0x20/0x5c)
[    0.377951] [<c00087a0>] (gic_handle_irq) from [<c00120c0>] (__irq_svc+0x40/0x74)
[    0.377955] Exception stack(0xee06bad8 to 0xee06bb20)
[    0.377960] bac0:                                                       c095bcf4 60000193
[    0.377966] bae0: 00000000 00000000 c0915a40 00000032 00000002 00000006 00000000 00000006
[    0.377973] bb00: 00000000 60000113 00000000 ee06bb20 c005fac8 c0060a90 60000113 ffffffff
[    0.377986] [<c00120c0>] (__irq_svc) from [<c0060a90>] (console_unlock+0x4b0/0x508)
[    0.377999] [<c0060a90>] (console_unlock) from [<c0061d20>] (register_console+0x290/0x364)
[    0.378013] [<c0061d20>] (register_console) from [<c0296608>] (uart_add_one_port+0x3bc/0x408)
[    0.378025] [<c0296608>] (uart_add_one_port) from [<c0299a18>] (serial8250_register_8250_port+0x270/0x380)
[    0.378037] [<c0299a18>] (serial8250_register_8250_port) from [<c02a02e8>] (of_platform_serial_probe+0x2c4/0x394)
[    0.378047] [<c02a02e8>] (of_platform_serial_probe) from [<c02e7574>] (platform_drv_probe+0x48/0xa4)
[    0.378058] [<c02e7574>] (platform_drv_probe) from [<c02e6140>] (driver_probe_device+0x10c/0x22c)
[    0.378071] [<c02e6140>] (driver_probe_device) from [<c02e62ec>] (__driver_attach+0x8c/0x90)
[    0.378082] [<c02e62ec>] (__driver_attach) from [<c02e4980>] (bus_for_each_dev+0x54/0x88)
[    0.378094] [<c02e4980>] (bus_for_each_dev) from [<c02e5940>] (bus_add_driver+0xd4/0x1d0)
[    0.378105] [<c02e5940>] (bus_add_driver) from [<c02e6910>] (driver_register+0x78/0xf4)
[    0.378116] [<c02e6910>] (driver_register) from [<c0008b04>] (do_one_initcall+0x80/0x1d0)
[    0.378127] [<c0008b04>] (do_one_initcall) from [<c0872d6c>] (kernel_init_freeable+0x108/0x1d4)
[    0.378140] [<c0872d6c>] (kernel_init_freeable) from [<c06163c4>] (kernel_init+0x8/0xec)
[    0.378152] [<c06163c4>] (kernel_init) from [<c000e9b8>] (ret_from_fork+0x14/0x3c)
[    0.378156] ---[ end trace 71ec3e5254779515 ]---
[    0.433659] ------------[ cut here ]------------
[    0.433675] WARNING: CPU: 1 PID: 0 at fs/dcache.c:255 __d_free+0x34/0x40()
[    0.433682] Modules linked in:
[    0.433690] CPU: 1 PID: 0 Comm: swapper/1 Tainted: G        W      3.18.0-rc3-next-20141103-57588-ga641d0e #1
[    0.433710] [<c0015b78>] (unwind_backtrace) from [<c0011518>] (show_stack+0x10/0x14)
[    0.433725] [<c0011518>] (show_stack) from [<c061a1c8>] (dump_stack+0x84/0xd0)
[    0.433737] [<c061a1c8>] (dump_stack) from [<c00254e0>] (warn_slowpath_common+0x64/0x88)
[    0.433748] [<c00254e0>] (warn_slowpath_common) from [<c0025520>] (warn_slowpath_null+0x1c/0x24)
[    0.433761] [<c0025520>] (warn_slowpath_null) from [<c00f1078>] (__d_free+0x34/0x40)
[    0.433776] [<c00f1078>] (__d_free) from [<c006b448>] (rcu_process_callbacks+0x3a8/0x544)
[    0.433790] [<c006b448>] (rcu_process_callbacks) from [<c00282b0>] (__do_softirq+0xf0/0x240)
[    0.433803] [<c00282b0>] (__do_softirq) from [<c00286a4>] (irq_exit+0xa8/0x114)
[    0.433817] [<c00286a4>] (irq_exit) from [<c0062400>] (__handle_domain_irq+0x58/0xa4)
[    0.433828] [<c0062400>] (__handle_domain_irq) from [<c00087a0>] (gic_handle_irq+0x20/0x5c)
[    0.433838] [<c00087a0>] (gic_handle_irq) from [<c00120c0>] (__irq_svc+0x40/0x74)
[    0.433843] Exception stack(0xee08df98 to 0xee08dfe0)
[    0.433849] df80:                                                       ffffffed 00000000
[    0.433856] dfa0: ee08dfe8 c001ef40 c08c44ec c08c4488 00000000 00000000 c08ba880 c08b9c40
[    0.433863] dfc0: ffffffed 00000000 00000000 ee08dfe0 c000f484 c000f488 60000113 ffffffff
[    0.433877] [<c00120c0>] (__irq_svc) from [<c000f488>] (arch_cpu_idle+0x30/0x3c)
[    0.433889] [<c000f488>] (arch_cpu_idle) from [<c00552f8>] (cpu_startup_entry+0x1a4/0x278)
[    0.433898] [<c00552f8>] (cpu_startup_entry) from [<80008864>] (0x80008864)
[    0.433902] ---[ end trace 71ec3e5254779516 ]---
[    2.804958] console [ttyS0] enabled
[    2.809805] [drm] Initialized drm 1.1.0 20060810
[    2.815658] tegra-hdmi 54280000.hdmi: failed to get HDMI regulator
[    2.821852] platform 54280000.hdmi: Driver tegra-hdmi requests probe deferral
[    2.841765] loop: module loaded
[    2.845506] at24 0-0056: 256 byte 24c02 EEPROM, writable, 8 bytes/write
[    2.852916] as3722 4-0040: AS3722 with revision 0x1 found
[    2.865235] +1.35V_LP0(sd2): supplied by +5V_SYS
[    2.870691] +1.35V_LP0(sd3): supplied by +5V_SYS
[    2.876145] +1.05V_RUN: supplied by +5V_SYS
[    2.881044] +1.8V_VDDIO: supplied by +5V_SYS
[    2.887718] +1.05V_RUN_AVDD: supplied by +1.35V_LP0(sd2)
[    2.894381] as3722-regulator as3722-regulator: Failed to find supply vin-ldo1-6
[    2.901875] as3722-regulator as3722-regulator: regulator 8 register failed -517
[    2.911116] platform as3722-regulator: Driver as3722-regulator requests probe deferral
[    2.921048] tegra-ahci 70027000.sata: Failed to get supply 'avdd': -517
[    2.927673] tegra-ahci 70027000.sata: Failed to get regulators
[    2.933539] platform 70027000.sata: Driver tegra-ahci requests probe deferral
[    2.944256] m25p80 spi32765.0: w25q32dw (4096 Kbytes)
[    2.952272] CAN device driver interface
[    2.953670] ------------[ cut here ]------------
[    2.953686] WARNING: CPU: 0 PID: 0 at fs/dcache.c:255 __d_free+0x34/0x40()
[    2.953693] Modules linked in:
[    2.953701] CPU: 0 PID: 0 Comm: swapper/0 Tainted: G        W      3.18.0-rc3-next-20141103-57588-ga641d0e #1
[    2.953722] [<c0015b78>] (unwind_backtrace) from [<c0011518>] (show_stack+0x10/0x14)
[    2.953738] [<c0011518>] (show_stack) from [<c061a1c8>] (dump_stack+0x84/0xd0)
[    2.953752] [<c061a1c8>] (dump_stack) from [<c00254e0>] (warn_slowpath_common+0x64/0x88)
[    2.953764] [<c00254e0>] (warn_slowpath_common) from [<c0025520>] (warn_slowpath_null+0x1c/0x24)
[    2.953777] [<c0025520>] (warn_slowpath_null) from [<c00f1078>] (__d_free+0x34/0x40)
[    2.953793] [<c00f1078>] (__d_free) from [<c006b448>] (rcu_process_callbacks+0x3a8/0x544)
[    2.953808] [<c006b448>] (rcu_process_callbacks) from [<c00282b0>] (__do_softirq+0xf0/0x240)
[    2.953820] [<c00282b0>] (__do_softirq) from [<c00286a4>] (irq_exit+0xa8/0x114)
[    2.953836] [<c00286a4>] (irq_exit) from [<c0062400>] (__handle_domain_irq+0x58/0xa4)
[    2.953848] [<c0062400>] (__handle_domain_irq) from [<c00087a0>] (gic_handle_irq+0x20/0x5c)
[    2.953860] [<c00087a0>] (gic_handle_irq) from [<c00120c0>] (__irq_svc+0x40/0x74)
[    2.953864] Exception stack(0xc08bdf68 to 0xc08bdfb0)
[    2.953872] df60:                   ffffffed 00000000 c08bdfb8 c001ef40 c08c44ec c08c4488
[    2.953881] df80: 00000000 00000000 c08ba880 c08b9c40 ffffffed 00000000 00000000 c08bdfb0
[    2.953886] dfa0: c000f484 c000f488 60000113 ffffffff
[    2.953900] [<c00120c0>] (__irq_svc) from [<c000f488>] (arch_cpu_idle+0x30/0x3c)
[    2.953912] [<c000f488>] (arch_cpu_idle) from [<c00552f8>] (cpu_startup_entry+0x1a4/0x278)
[    2.953924] [<c00552f8>] (cpu_startup_entry) from [<c0872bf8>] (start_kernel+0x34c/0x3b8)
[    2.953933] [<c0872bf8>] (start_kernel) from [<80008074>] (0x80008074)
[    2.953938] ---[ end trace 71ec3e5254779517 ]---
[    2.953943] ------------[ cut here ]------------
[    2.953955] WARNING: CPU: 0 PID: 0 at fs/dcache.c:255 __d_free+0x34/0x40()
[    2.953960] Modules linked in:
[    2.953968] CPU: 0 PID: 0 Comm: swapper/0 Tainted: G        W      3.18.0-rc3-next-20141103-57588-ga641d0e #1
[    2.953982] [<c0015b78>] (unwind_backtrace) from [<c0011518>] (show_stack+0x10/0x14)
[    2.953994] [<c0011518>] (show_stack) from [<c061a1c8>] (dump_stack+0x84/0xd0)
[    2.954005] [<c061a1c8>] (dump_stack) from [<c00254e0>] (warn_slowpath_common+0x64/0x88)
[    2.954017] [<c00254e0>] (warn_slowpath_common) from [<c0025520>] (warn_slowpath_null+0x1c/0x24)
[    2.954029] [<c0025520>] (warn_slowpath_null) from [<c00f1078>] (__d_free+0x34/0x40)
[    2.954043] [<c00f1078>] (__d_free) from [<c006b448>] (rcu_process_callbacks+0x3a8/0x544)
[    2.954057] [<c006b448>] (rcu_process_callbacks) from [<c00282b0>] (__do_softirq+0xf0/0x240)
[    2.954069] [<c00282b0>] (__do_softirq) from [<c00286a4>] (irq_exit+0xa8/0x114)
[    2.954082] [<c00286a4>] (irq_exit) from [<c0062400>] (__handle_domain_irq+0x58/0xa4)
[    2.954093] [<c0062400>] (__handle_domain_irq) from [<c00087a0>] (gic_handle_irq+0x20/0x5c)
[    2.954104] [<c00087a0>] (gic_handle_irq) from [<c00120c0>] (__irq_svc+0x40/0x74)
[    2.954108] Exception stack(0xc08bdf68 to 0xc08bdfb0)
[    2.954115] df60:                   ffffffed 00000000 c08bdfb8 c001ef40 c08c44ec c08c4488
[    2.954123] df80: 00000000 00000000 c08ba880 c08b9c40 ffffffed 00000000 00000000 c08bdfb0
[    2.954128] dfa0: c000f484 c000f488 60000113 ffffffff
[    2.954141] [<c00120c0>] (__irq_svc) from [<c000f488>] (arch_cpu_idle+0x30/0x3c)
[    2.954153] [<c000f488>] (arch_cpu_idle) from [<c00552f8>] (cpu_startup_entry+0x1a4/0x278)
[    2.954163] [<c00552f8>] (cpu_startup_entry) from [<c0872bf8>] (start_kernel+0x34c/0x3b8)
[    2.954171] [<c0872bf8>] (start_kernel) from [<80008074>] (0x80008074)
[    2.954176] ---[ end trace 71ec3e5254779518 ]---
[    2.954179] ------------[ cut here ]------------
[    2.954190] WARNING: CPU: 0 PID: 0 at fs/dcache.c:255 __d_free+0x34/0x40()
[    2.954195] Modules linked in:
[    2.954202] CPU: 0 PID: 0 Comm: swapper/0 Tainted: G        W      3.18.0-rc3-next-20141103-57588-ga641d0e #1
[    2.954215] [<c0015b78>] (unwind_backtrace) from [<c0011518>] (show_stack+0x10/0x14)
[    2.954227] [<c0011518>] (show_stack) from [<c061a1c8>] (dump_stack+0x84/0xd0)
[    2.954238] [<c061a1c8>] (dump_stack) from [<c00254e0>] (warn_slowpath_common+0x64/0x88)
[    2.954249] [<c00254e0>] (warn_slowpath_common) from [<c0025520>] (warn_slowpath_null+0x1c/0x24)
[    2.954261] [<c0025520>] (warn_slowpath_null) from [<c00f1078>] (__d_free+0x34/0x40)
[    2.954276] [<c00f1078>] (__d_free) from [<c006b448>] (rcu_process_callbacks+0x3a8/0x544)
[    2.954289] [<c006b448>] (rcu_process_callbacks) from [<c00282b0>] (__do_softirq+0xf0/0x240)
[    2.954300] [<c00282b0>] (__do_softirq) from [<c00286a4>] (irq_exit+0xa8/0x114)
[    2.954314] [<c00286a4>] (irq_exit) from [<c0062400>] (__handle_domain_irq+0x58/0xa4)
[    2.954325] [<c0062400>] (__handle_domain_irq) from [<c00087a0>] (gic_handle_irq+0x20/0x5c)
[    2.954336] [<c00087a0>] (gic_handle_irq) from [<c00120c0>] (__irq_svc+0x40/0x74)
[    2.954340] Exception stack(0xc08bdf68 to 0xc08bdfb0)
[    2.954347] df60:                   ffffffed 00000000 c08bdfb8 c001ef40 c08c44ec c08c4488
[    2.954354] df80: 00000000 00000000 c08ba880 c08b9c40 ffffffed 00000000 00000000 c08bdfb0
[    2.954359] dfa0: c000f484 c000f488 60000113 ffffffff
[    2.954372] [<c00120c0>] (__irq_svc) from [<c000f488>] (arch_cpu_idle+0x30/0x3c)
[    2.954383] [<c000f488>] (arch_cpu_idle) from [<c00552f8>] (cpu_startup_entry+0x1a4/0x278)
[    2.954393] [<c00552f8>] (cpu_startup_entry) from [<c0872bf8>] (start_kernel+0x34c/0x3b8)
[    2.954401] [<c0872bf8>] (start_kernel) from [<80008074>] (0x80008074)
[    2.954406] ---[ end trace 71ec3e5254779519 ]---
[    2.954410] ------------[ cut here ]------------
[    2.954420] WARNING: CPU: 0 PID: 0 at fs/dcache.c:255 __d_free+0x34/0x40()
[    2.954425] Modules linked in:
[    2.954431] CPU: 0 PID: 0 Comm: swapper/0 Tainted: G        W      3.18.0-rc3-next-20141103-57588-ga641d0e #1
[    2.954445] [<c0015b78>] (unwind_backtrace) from [<c0011518>] (show_stack+0x10/0x14)
[    2.954456] [<c0011518>] (show_stack) from [<c061a1c8>] (dump_stack+0x84/0xd0)
[    2.954468] [<c061a1c8>] (dump_stack) from [<c00254e0>] (warn_slowpath_common+0x64/0x88)
[    2.954478] [<c00254e0>] (warn_slowpath_common) from [<c0025520>] (warn_slowpath_null+0x1c/0x24)
[    2.954490] [<c0025520>] (warn_slowpath_null) from [<c00f1078>] (__d_free+0x34/0x40)
[    2.954504] [<c00f1078>] (__d_free) from [<c006b448>] (rcu_process_callbacks+0x3a8/0x544)
[    2.954518] [<c006b448>] (rcu_process_callbacks) from [<c00282b0>] (__do_softirq+0xf0/0x240)
[    2.954529] [<c00282b0>] (__do_softirq) from [<c00286a4>] (irq_exit+0xa8/0x114)
[    2.954543] [<c00286a4>] (irq_exit) from [<c0062400>] (__handle_domain_irq+0x58/0xa4)
[    2.954553] [<c0062400>] (__handle_domain_irq) from [<c00087a0>] (gic_handle_irq+0x20/0x5c)
[    2.954564] [<c00087a0>] (gic_handle_irq) from [<c00120c0>] (__irq_svc+0x40/0x74)
[    2.954568] Exception stack(0xc08bdf68 to 0xc08bdfb0)
[    2.954575] df60:                   ffffffed 00000000 c08bdfb8 c001ef40 c08c44ec c08c4488
[    2.954582] df80: 00000000 00000000 c08ba880 c08b9c40 ffffffed 00000000 00000000 c08bdfb0
[    2.954587] dfa0: c000f484 c000f488 60000113 ffffffff
[    2.954599] [<c00120c0>] (__irq_svc) from [<c000f488>] (arch_cpu_idle+0x30/0x3c)
[    2.954610] [<c000f488>] (arch_cpu_idle) from [<c00552f8>] (cpu_startup_entry+0x1a4/0x278)
[    2.954622] [<c00552f8>] (cpu_startup_entry) from [<c0872bf8>] (start_kernel+0x34c/0x3b8)
[    2.954629] [<c0872bf8>] (start_kernel) from [<80008074>] (0x80008074)
[    2.954633] ---[ end trace 71ec3e525477951a ]---
[    2.954638] ------------[ cut here ]------------
[    2.954647] WARNING: CPU: 0 PID: 0 at fs/dcache.c:255 __d_free+0x34/0x40()
[    2.954652] Modules linked in:
[    2.954659] CPU: 0 PID: 0 Comm: swapper/0 Tainted: G        W      3.18.0-rc3-next-20141103-57588-ga641d0e #1
[    2.954671] [<c0015b78>] (unwind_backtrace) from [<c0011518>] (show_stack+0x10/0x14)
[    2.954683] [<c0011518>] (show_stack) from [<c061a1c8>] (dump_stack+0x84/0xd0)
[    2.954695] [<c061a1c8>] (dump_stack) from [<c00254e0>] (warn_slowpath_common+0x64/0x88)
[    2.954705] [<c00254e0>] (warn_slowpath_common) from [<c0025520>] (warn_slowpath_null+0x1c/0x24)
[    2.954717] [<c0025520>] (warn_slowpath_null) from [<c00f1078>] (__d_free+0x34/0x40)
[    2.954731] [<c00f1078>] (__d_free) from [<c006b448>] (rcu_process_callbacks+0x3a8/0x544)
[    2.954745] [<c006b448>] (rcu_process_callbacks) from [<c00282b0>] (__do_softirq+0xf0/0x240)
[    2.954756] [<c00282b0>] (__do_softirq) from [<c00286a4>] (irq_exit+0xa8/0x114)
[    2.954770] [<c00286a4>] (irq_exit) from [<c0062400>] (__handle_domain_irq+0x58/0xa4)
[    2.954781] [<c0062400>] (__handle_domain_irq) from [<c00087a0>] (gic_handle_irq+0x20/0x5c)
[    2.954791] [<c00087a0>] (gic_handle_irq) from [<c00120c0>] (__irq_svc+0x40/0x74)
[    2.954795] Exception stack(0xc08bdf68 to 0xc08bdfb0)
[    2.954801] df60:                   ffffffed 00000000 c08bdfb8 c001ef40 c08c44ec c08c4488
[    2.954808] df80: 00000000 00000000 c08ba880 c08b9c40 ffffffed 00000000 00000000 c08bdfb0
[    2.954813] dfa0: c000f484 c000f488 60000113 ffffffff
[    2.954826] [<c00120c0>] (__irq_svc) from [<c000f488>] (arch_cpu_idle+0x30/0x3c)
[    2.954836] [<c000f488>] (arch_cpu_idle) from [<c00552f8>] (cpu_startup_entry+0x1a4/0x278)
[    2.954847] [<c00552f8>] (cpu_startup_entry) from [<c0872bf8>] (start_kernel+0x34c/0x3b8)
[    2.954856] [<c0872bf8>] (start_kernel) from [<80008074>] (0x80008074)
[    2.954860] ---[ end trace 71ec3e525477951b ]---
[    2.954899] ------------[ cut here ]------------
[    2.954911] WARNING: CPU: 0 PID: 3 at fs/dcache.c:255 __d_free+0x34/0x40()
[    2.954916] Modules linked in:
[    2.954922] CPU: 0 PID: 3 Comm: ksoftirqd/0 Tainted: G        W      3.18.0-rc3-next-20141103-57588-ga641d0e #1
[    2.954936] [<c0015b78>] (unwind_backtrace) from [<c0011518>] (show_stack+0x10/0x14)
[    2.954949] [<c0011518>] (show_stack) from [<c061a1c8>] (dump_stack+0x84/0xd0)
[    2.954961] [<c061a1c8>] (dump_stack) from [<c00254e0>] (warn_slowpath_common+0x64/0x88)
[    2.954972] [<c00254e0>] (warn_slowpath_common) from [<c0025520>] (warn_slowpath_null+0x1c/0x24)
[    2.954984] [<c0025520>] (warn_slowpath_null) from [<c00f1078>] (__d_free+0x34/0x40)
[    2.954998] [<c00f1078>] (__d_free) from [<c006b448>] (rcu_process_callbacks+0x3a8/0x544)
[    2.955011] [<c006b448>] (rcu_process_callbacks) from [<c00282b0>] (__do_softirq+0xf0/0x240)
[    2.955023] [<c00282b0>] (__do_softirq) from [<c0028434>] (run_ksoftirqd+0x34/0x48)
[    2.955036] [<c0028434>] (run_ksoftirqd) from [<c003f798>] (smpboot_thread_fn+0x180/0x2ac)
[    2.955049] [<c003f798>] (smpboot_thread_fn) from [<c003c3e0>] (kthread+0xd8/0xf4)
[    2.955060] [<c003c3e0>] (kthread) from [<c000e9b8>] (ret_from_fork+0x14/0x3c)
[    2.955064] ---[ end trace 71ec3e525477951c ]---
[    2.955069] ------------[ cut here ]------------
[    2.955079] WARNING: CPU: 0 PID: 3 at fs/dcache.c:255 __d_free+0x34/0x40()
[    2.955084] Modules linked in:
[    2.955090] CPU: 0 PID: 3 Comm: ksoftirqd/0 Tainted: G        W      3.18.0-rc3-next-20141103-57588-ga641d0e #1
[    2.955103] [<c0015b78>] (unwind_backtrace) from [<c0011518>] (show_stack+0x10/0x14)
[    2.955114] [<c0011518>] (show_stack) from [<c061a1c8>] (dump_stack+0x84/0xd0)
[    2.955126] [<c061a1c8>] (dump_stack) from [<c00254e0>] (warn_slowpath_common+0x64/0x88)
[    2.955136] [<c00254e0>] (warn_slowpath_common) from [<c0025520>] (warn_slowpath_null+0x1c/0x24)
[    2.955148] [<c0025520>] (warn_slowpath_null) from [<c00f1078>] (__d_free+0x34/0x40)
[    2.955162] [<c00f1078>] (__d_free) from [<c006b448>] (rcu_process_callbacks+0x3a8/0x544)
[    2.955176] [<c006b448>] (rcu_process_callbacks) from [<c00282b0>] (__do_softirq+0xf0/0x240)
[    2.955188] [<c00282b0>] (__do_softirq) from [<c0028434>] (run_ksoftirqd+0x34/0x48)
[    2.955200] [<c0028434>] (run_ksoftirqd) from [<c003f798>] (smpboot_thread_fn+0x180/0x2ac)
[    2.955213] [<c003f798>] (smpboot_thread_fn) from [<c003c3e0>] (kthread+0xd8/0xf4)
[    2.955224] [<c003c3e0>] (kthread) from [<c000e9b8>] (ret_from_fork+0x14/0x3c)
[    2.955228] ---[ end trace 71ec3e525477951d ]---
[    2.955232] ------------[ cut here ]------------
[    2.955242] WARNING: CPU: 0 PID: 3 at fs/dcache.c:255 __d_free+0x34/0x40()
[    2.955247] Modules linked in:
[    2.955253] CPU: 0 PID: 3 Comm: ksoftirqd/0 Tainted: G        W      3.18.0-rc3-next-20141103-57588-ga641d0e #1
[    2.955265] [<c0015b78>] (unwind_backtrace) from [<c0011518>] (show_stack+0x10/0x14)
[    2.955277] [<c0011518>] (show_stack) from [<c061a1c8>] (dump_stack+0x84/0xd0)
[    2.955288] [<c061a1c8>] (dump_stack) from [<c00254e0>] (warn_slowpath_common+0x64/0x88)
[    2.955298] [<c00254e0>] (warn_slowpath_common) from [<c0025520>] (warn_slowpath_null+0x1c/0x24)
[    2.955310] [<c0025520>] (warn_slowpath_null) from [<c00f1078>] (__d_free+0x34/0x40)
[    2.955324] [<c00f1078>] (__d_free) from [<c006b448>] (rcu_process_callbacks+0x3a8/0x544)
[    2.955338] [<c006b448>] (rcu_process_callbacks) from [<c00282b0>] (__do_softirq+0xf0/0x240)
[    2.955351] [<c00282b0>] (__do_softirq) from [<c0028434>] (run_ksoftirqd+0x34/0x48)
[    2.955363] [<c0028434>] (run_ksoftirqd) from [<c003f798>] (smpboot_thread_fn+0x180/0x2ac)
[    2.955375] [<c003f798>] (smpboot_thread_fn) from [<c003c3e0>] (kthread+0xd8/0xf4)
[    2.955385] [<c003c3e0>] (kthread) from [<c000e9b8>] (ret_from_fork+0x14/0x3c)
[    2.955389] ---[ end trace 71ec3e525477951e ]---
[    2.955393] ------------[ cut here ]------------
[    2.955403] WARNING: CPU: 0 PID: 3 at fs/dcache.c:255 __d_free+0x34/0x40()
[    2.955407] Modules linked in:
[    2.955414] CPU: 0 PID: 3 Comm: ksoftirqd/0 Tainted: G        W      3.18.0-rc3-next-20141103-57588-ga641d0e #1
[    2.955426] [<c0015b78>] (unwind_backtrace) from [<c0011518>] (show_stack+0x10/0x14)
[    2.955438] [<c0011518>] (show_stack) from [<c061a1c8>] (dump_stack+0x84/0xd0)
[    2.955449] [<c061a1c8>] (dump_stack) from [<c00254e0>] (warn_slowpath_common+0x64/0x88)
[    2.955460] [<c00254e0>] (warn_slowpath_common) from [<c0025520>] (warn_slowpath_null+0x1c/0x24)
[    2.955472] [<c0025520>] (warn_slowpath_null) from [<c00f1078>] (__d_free+0x34/0x40)
[    2.955486] [<c00f1078>] (__d_free) from [<c006b448>] (rcu_process_callbacks+0x3a8/0x544)
[    2.955500] [<c006b448>] (rcu_process_callbacks) from [<c00282b0>] (__do_softirq+0xf0/0x240)
[    2.955512] [<c00282b0>] (__do_softirq) from [<c0028434>] (run_ksoftirqd+0x34/0x48)
[    2.955524] [<c0028434>] (run_ksoftirqd) from [<c003f798>] (smpboot_thread_fn+0x180/0x2ac)
[    2.955535] [<c003f798>] (smpboot_thread_fn) from [<c003c3e0>] (kthread+0xd8/0xf4)
[    2.955546] [<c003c3e0>] (kthread) from [<c000e9b8>] (ret_from_fork+0x14/0x3c)
[    2.955551] ---[ end trace 71ec3e525477951f ]---
[    2.955555] ------------[ cut here ]------------
[    2.955565] WARNING: CPU: 0 PID: 3 at fs/dcache.c:255 __d_free+0x34/0x40()
[    2.955570] Modules linked in:
[    2.955577] CPU: 0 PID: 3 Comm: ksoftirqd/0 Tainted: G        W      3.18.0-rc3-next-20141103-57588-ga641d0e #1
[    2.955590] [<c0015b78>] (unwind_backtrace) from [<c0011518>] (show_stack+0x10/0x14)
[    2.955602] [<c0011518>] (show_stack) from [<c061a1c8>] (dump_stack+0x84/0xd0)
[    2.955613] [<c061a1c8>] (dump_stack) from [<c00254e0>] (warn_slowpath_common+0x64/0x88)
[    2.955623] [<c00254e0>] (warn_slowpath_common) from [<c0025520>] (warn_slowpath_null+0x1c/0x24)
[    2.955635] [<c0025520>] (warn_slowpath_null) from [<c00f1078>] (__d_free+0x34/0x40)
[    2.955649] [<c00f1078>] (__d_free) from [<c006b448>] (rcu_process_callbacks+0x3a8/0x544)
[    2.955663] [<c006b448>] (rcu_process_callbacks) from [<c00282b0>] (__do_softirq+0xf0/0x240)
[    2.955675] [<c00282b0>] (__do_softirq) from [<c0028434>] (run_ksoftirqd+0x34/0x48)
[    2.955687] [<c0028434>] (run_ksoftirqd) from [<c003f798>] (smpboot_thread_fn+0x180/0x2ac)
[    2.955699] [<c003f798>] (smpboot_thread_fn) from [<c003c3e0>] (kthread+0xd8/0xf4)
[    2.955710] [<c003c3e0>] (kthread) from [<c000e9b8>] (ret_from_fork+0x14/0x3c)
[    2.955714] ---[ end trace 71ec3e5254779520 ]---
[    2.955721] ------------[ cut here ]------------
[    2.955731] WARNING: CPU: 0 PID: 3 at fs/dcache.c:255 __d_free+0x34/0x40()
[    2.955736] Modules linked in:
[    2.955742] CPU: 0 PID: 3 Comm: ksoftirqd/0 Tainted: G        W      3.18.0-rc3-next-20141103-57588-ga641d0e #1
[    2.955755] [<c0015b78>] (unwind_backtrace) from [<c0011518>] (show_stack+0x10/0x14)
[    2.955766] [<c0011518>] (show_stack) from [<c061a1c8>] (dump_stack+0x84/0xd0)
[    2.955778] [<c061a1c8>] (dump_stack) from [<c00254e0>] (warn_slowpath_common+0x64/0x88)
[    2.955788] [<c00254e0>] (warn_slowpath_common) from [<c0025520>] (warn_slowpath_null+0x1c/0x24)
[    2.955800] [<c0025520>] (warn_slowpath_null) from [<c00f1078>] (__d_free+0x34/0x40)
[    2.955814] [<c00f1078>] (__d_free) from [<c006b448>] (rcu_process_callbacks+0x3a8/0x544)
[    2.955827] [<c006b448>] (rcu_process_callbacks) from [<c00282b0>] (__do_softirq+0xf0/0x240)
[    2.955839] [<c00282b0>] (__do_softirq) from [<c0028434>] (run_ksoftirqd+0x34/0x48)
[    2.955851] [<c0028434>] (run_ksoftirqd) from [<c003f798>] (smpboot_thread_fn+0x180/0x2ac)
[    2.955863] [<c003f798>] (smpboot_thread_fn) from [<c003c3e0>] (kthread+0xd8/0xf4)
[    2.955874] [<c003c3e0>] (kthread) from [<c000e9b8>] (ret_from_fork+0x14/0x3c)
[    2.955877] ---[ end trace 71ec3e5254779521 ]---
[    2.955882] ------------[ cut here ]------------
[    2.955892] WARNING: CPU: 0 PID: 3 at fs/dcache.c:255 __d_free+0x34/0x40()
[    2.955896] Modules linked in:
[    2.955903] CPU: 0 PID: 3 Comm: ksoftirqd/0 Tainted: G        W      3.18.0-rc3-next-20141103-57588-ga641d0e #1
[    2.955915] [<c0015b78>] (unwind_backtrace) from [<c0011518>] (show_stack+0x10/0x14)
[    2.955927] [<c0011518>] (show_stack) from [<c061a1c8>] (dump_stack+0x84/0xd0)
[    2.955938] [<c061a1c8>] (dump_stack) from [<c00254e0>] (warn_slowpath_common+0x64/0x88)
[    2.955948] [<c00254e0>] (warn_slowpath_common) from [<c0025520>] (warn_slowpath_null+0x1c/0x24)
[    2.955960] [<c0025520>] (warn_slowpath_null) from [<c00f1078>] (__d_free+0x34/0x40)
[    2.955974] [<c00f1078>] (__d_free) from [<c006b448>] (rcu_process_callbacks+0x3a8/0x544)
[    2.955988] [<c006b448>] (rcu_process_callbacks) from [<c00282b0>] (__do_softirq+0xf0/0x240)
[    2.955999] [<c00282b0>] (__do_softirq) from [<c0028434>] (run_ksoftirqd+0x34/0x48)
[    2.956011] [<c0028434>] (run_ksoftirqd) from [<c003f798>] (smpboot_thread_fn+0x180/0x2ac)
[    2.956023] [<c003f798>] (smpboot_thread_fn) from [<c003c3e0>] (kthread+0xd8/0xf4)
[    2.956034] [<c003c3e0>] (kthread) from [<c000e9b8>] (ret_from_fork+0x14/0x3c)
[    2.956037] ---[ end trace 71ec3e5254779522 ]---
[    2.956041] ------------[ cut here ]------------
[    2.956051] WARNING: CPU: 0 PID: 3 at fs/dcache.c:255 __d_free+0x34/0x40()
[    2.956056] Modules linked in:
[    2.956063] CPU: 0 PID: 3 Comm: ksoftirqd/0 Tainted: G        W      3.18.0-rc3-next-20141103-57588-ga641d0e #1
[    2.956076] [<c0015b78>] (unwind_backtrace) from [<c0011518>] (show_stack+0x10/0x14)
[    2.956087] [<c0011518>] (show_stack) from [<c061a1c8>] (dump_stack+0x84/0xd0)
[    2.956098] [<c061a1c8>] (dump_stack) from [<c00254e0>] (warn_slowpath_common+0x64/0x88)
[    2.956109] [<c00254e0>] (warn_slowpath_common) from [<c0025520>] (warn_slowpath_null+0x1c/0x24)
[    2.956120] [<c0025520>] (warn_slowpath_null) from [<c00f1078>] (__d_free+0x34/0x40)
[    2.956133] [<c00f1078>] (__d_free) from [<c006b448>] (rcu_process_callbacks+0x3a8/0x544)
[    2.956150] [<c006b448>] (rcu_process_callbacks) from [<c00282b0>] (__do_softirq+0xf0/0x240)
[    2.956163] [<c00282b0>] (__do_softirq) from [<c0028434>] (run_ksoftirqd+0x34/0x48)
[    2.956177] [<c0028434>] (run_ksoftirqd) from [<c003f798>] (smpboot_thread_fn+0x180/0x2ac)
[    2.956188] [<c003f798>] (smpboot_thread_fn) from [<c003c3e0>] (kthread+0xd8/0xf4)
[    2.956199] [<c003c3e0>] (kthread) from [<c000e9b8>] (ret_from_fork+0x14/0x3c)
[    2.956203] ---[ end trace 71ec3e5254779523 ]---
[    2.956206] ------------[ cut here ]------------
[    2.956216] WARNING: CPU: 0 PID: 3 at fs/dcache.c:255 __d_free+0x34/0x40()
[    2.956221] Modules linked in:
[    2.956227] CPU: 0 PID: 3 Comm: ksoftirqd/0 Tainted: G        W      3.18.0-rc3-next-20141103-57588-ga641d0e #1
[    2.956240] [<c0015b78>] (unwind_backtrace) from [<c0011518>] (show_stack+0x10/0x14)
[    2.956252] [<c0011518>] (show_stack) from [<c061a1c8>] (dump_stack+0x84/0xd0)
[    2.956264] [<c061a1c8>] (dump_stack) from [<c00254e0>] (warn_slowpath_common+0x64/0x88)
[    2.956274] [<c00254e0>] (warn_slowpath_common) from [<c0025520>] (warn_slowpath_null+0x1c/0x24)
[    2.956286] [<c0025520>] (warn_slowpath_null) from [<c00f1078>] (__d_free+0x34/0x40)
[    2.956299] [<c00f1078>] (__d_free) from [<c006b448>] (rcu_process_callbacks+0x3a8/0x544)
[    2.956313] [<c006b448>] (rcu_process_callbacks) from [<c00282b0>] (__do_softirq+0xf0/0x240)
[    2.956324] [<c00282b0>] (__do_softirq) from [<c0028434>] (run_ksoftirqd+0x34/0x48)
[    2.956336] [<c0028434>] (run_ksoftirqd) from [<c003f798>] (smpboot_thread_fn+0x180/0x2ac)
[    2.956348] [<c003f798>] (smpboot_thread_fn) from [<c003c3e0>] (kthread+0xd8/0xf4)
[    2.956358] [<c003c3e0>] (kthread) from [<c000e9b8>] (ret_from_fork+0x14/0x3c)
[    2.956362] ---[ end trace 71ec3e5254779524 ]---
[    2.956366] ------------[ cut here ]------------
[    2.956376] WARNING: CPU: 0 PID: 3 at fs/dcache.c:255 __d_free+0x34/0x40()
[    2.956381] Modules linked in:
[    2.956387] CPU: 0 PID: 3 Comm: ksoftirqd/0 Tainted: G        W      3.18.0-rc3-next-20141103-57588-ga641d0e #1
[    2.956400] [<c0015b78>] (unwind_backtrace) from [<c0011518>] (show_stack+0x10/0x14)
[    2.956412] [<c0011518>] (show_stack) from [<c061a1c8>] (dump_stack+0x84/0xd0)
[    2.956422] [<c061a1c8>] (dump_stack) from [<c00254e0>] (warn_slowpath_common+0x64/0x88)
[    2.956433] [<c00254e0>] (warn_slowpath_common) from [<c0025520>] (warn_slowpath_null+0x1c/0x24)
[    2.956444] [<c0025520>] (warn_slowpath_null) from [<c00f1078>] (__d_free+0x34/0x40)
[    2.956458] [<c00f1078>] (__d_free) from [<c006b448>] (rcu_process_callbacks+0x3a8/0x544)
[    2.956472] [<c006b448>] (rcu_process_callbacks) from [<c00282b0>] (__do_softirq+0xf0/0x240)
[    2.956483] [<c00282b0>] (__do_softirq) from [<c0028434>] (run_ksoftirqd+0x34/0x48)
[    2.956495] [<c0028434>] (run_ksoftirqd) from [<c003f798>] (smpboot_thread_fn+0x180/0x2ac)
[    2.956507] [<c003f798>] (smpboot_thread_fn) from [<c003c3e0>] (kthread+0xd8/0xf4)
[    2.956517] [<c003c3e0>] (kthread) from [<c000e9b8>] (ret_from_fork+0x14/0x3c)
[    2.956521] ---[ end trace 71ec3e5254779525 ]---
[    2.956528] ------------[ cut here ]------------
[    2.956537] WARNING: CPU: 0 PID: 3 at fs/dcache.c:255 __d_free+0x34/0x40()
[    2.956542] Modules linked in:
[    2.956548] CPU: 0 PID: 3 Comm: ksoftirqd/0 Tainted: G        W      3.18.0-rc3-next-20141103-57588-ga641d0e #1
[    2.956561] [<c0015b78>] (unwind_backtrace) from [<c0011518>] (show_stack+0x10/0x14)
[    2.956573] [<c0011518>] (show_stack) from [<c061a1c8>] (dump_stack+0x84/0xd0)
[    2.956585] [<c061a1c8>] (dump_stack) from [<c00254e0>] (warn_slowpath_common+0x64/0x88)
[    2.956596] [<c00254e0>] (warn_slowpath_common) from [<c0025520>] (warn_slowpath_null+0x1c/0x24)
[    2.956608] [<c0025520>] (warn_slowpath_null) from [<c00f1078>] (__d_free+0x34/0x40)
[    2.956622] [<c00f1078>] (__d_free) from [<c006b448>] (rcu_process_callbacks+0x3a8/0x544)
[    2.956636] [<c006b448>] (rcu_process_callbacks) from [<c00282b0>] (__do_softirq+0xf0/0x240)
[    2.956648] [<c00282b0>] (__do_softirq) from [<c0028434>] (run_ksoftirqd+0x34/0x48)
[    2.956659] [<c0028434>] (run_ksoftirqd) from [<c003f798>] (smpboot_thread_fn+0x180/0x2ac)
[    2.956671] [<c003f798>] (smpboot_thread_fn) from [<c003c3e0>] (kthread+0xd8/0xf4)
[    2.956683] [<c003c3e0>] (kthread) from [<c000e9b8>] (ret_from_fork+0x14/0x3c)
[    2.956686] ---[ end trace 71ec3e5254779526 ]---
[    2.956690] ------------[ cut here ]------------
[    2.956700] WARNING: CPU: 0 PID: 3 at fs/dcache.c:255 __d_free+0x34/0x40()
[    2.956704] Modules linked in:
[    2.956710] CPU: 0 PID: 3 Comm: ksoftirqd/0 Tainted: G        W      3.18.0-rc3-next-20141103-57588-ga641d0e #1
[    2.956722] [<c0015b78>] (unwind_backtrace) from [<c0011518>] (show_stack+0x10/0x14)
[    2.956733] [<c0011518>] (show_stack) from [<c061a1c8>] (dump_stack+0x84/0xd0)
[    2.956745] [<c061a1c8>] (dump_stack) from [<c00254e0>] (warn_slowpath_common+0x64/0x88)
[    2.956755] [<c00254e0>] (warn_slowpath_common) from [<c0025520>] (warn_slowpath_null+0x1c/0x24)
[    2.956768] [<c0025520>] (warn_slowpath_null) from [<c00f1078>] (__d_free+0x34/0x40)
[    2.956781] [<c00f1078>] (__d_free) from [<c006b448>] (rcu_process_callbacks+0x3a8/0x544)
[    2.956795] [<c006b448>] (rcu_process_callbacks) from [<c00282b0>] (__do_softirq+0xf0/0x240)
[    2.956806] [<c00282b0>] (__do_softirq) from [<c0028434>] (run_ksoftirqd+0x34/0x48)
[    2.956818] [<c0028434>] (run_ksoftirqd) from [<c003f798>] (smpboot_thread_fn+0x180/0x2ac)
[    2.956830] [<c003f798>] (smpboot_thread_fn) from [<c003c3e0>] (kthread+0xd8/0xf4)
[    2.956840] [<c003c3e0>] (kthread) from [<c000e9b8>] (ret_from_fork+0x14/0x3c)
[    2.956845] ---[ end trace 71ec3e5254779527 ]---
[    2.956849] ------------[ cut here ]------------
[    2.956859] WARNING: CPU: 0 PID: 3 at fs/dcache.c:255 __d_free+0x34/0x40()
[    2.956864] Modules linked in:
[    2.956871] CPU: 0 PID: 3 Comm: ksoftirqd/0 Tainted: G        W      3.18.0-rc3-next-20141103-57588-ga641d0e #1
[    2.956883] [<c0015b78>] (unwind_backtrace) from [<c0011518>] (show_stack+0x10/0x14)
[    2.956895] [<c0011518>] (show_stack) from [<c061a1c8>] (dump_stack+0x84/0xd0)
[    2.956905] [<c061a1c8>] (dump_stack) from [<c00254e0>] (warn_slowpath_common+0x64/0x88)
[    2.956916] [<c00254e0>] (warn_slowpath_common) from [<c0025520>] (warn_slowpath_null+0x1c/0x24)
[    2.956927] [<c0025520>] (warn_slowpath_null) from [<c00f1078>] (__d_free+0x34/0x40)
[    2.956941] [<c00f1078>] (__d_free) from [<c006b448>] (rcu_process_callbacks+0x3a8/0x544)
[    2.956954] [<c006b448>] (rcu_process_callbacks) from [<c00282b0>] (__do_softirq+0xf0/0x240)
[    2.956965] [<c00282b0>] (__do_softirq) from [<c0028434>] (run_ksoftirqd+0x34/0x48)
[    2.956978] [<c0028434>] (run_ksoftirqd) from [<c003f798>] (smpboot_thread_fn+0x180/0x2ac)
[    2.956989] [<c003f798>] (smpboot_thread_fn) from [<c003c3e0>] (kthread+0xd8/0xf4)
[    2.957000] [<c003c3e0>] (kthread) from [<c000e9b8>] (ret_from_fork+0x14/0x3c)
[    2.957005] ---[ end trace 71ec3e5254779528 ]---
[    2.957009] ------------[ cut here ]------------
[    2.957018] WARNING: CPU: 0 PID: 3 at fs/dcache.c:255 __d_free+0x34/0x40()
[    2.957023] Modules linked in:
[    2.957029] CPU: 0 PID: 3 Comm: ksoftirqd/0 Tainted: G        W      3.18.0-rc3-next-20141103-57588-ga641d0e #1
[    2.957041] [<c0015b78>] (unwind_backtrace) from [<c0011518>] (show_stack+0x10/0x14)
[    2.957053] [<c0011518>] (show_stack) from [<c061a1c8>] (dump_stack+0x84/0xd0)
[    2.957064] [<c061a1c8>] (dump_stack) from [<c00254e0>] (warn_slowpath_common+0x64/0x88)
[    2.957074] [<c00254e0>] (warn_slowpath_common) from [<c0025520>] (warn_slowpath_null+0x1c/0x24)
[    2.957086] [<c0025520>] (warn_slowpath_null) from [<c00f1078>] (__d_free+0x34/0x40)
[    2.957100] [<c00f1078>] (__d_free) from [<c006b448>] (rcu_process_callbacks+0x3a8/0x544)
[    2.957114] [<c006b448>] (rcu_process_callbacks) from [<c00282b0>] (__do_softirq+0xf0/0x240)
[    2.957125] [<c00282b0>] (__do_softirq) from [<c0028434>] (run_ksoftirqd+0x34/0x48)
[    2.957137] [<c0028434>] (run_ksoftirqd) from [<c003f798>] (smpboot_thread_fn+0x180/0x2ac)
[    2.957149] [<c003f798>] (smpboot_thread_fn) from [<c003c3e0>] (kthread+0xd8/0xf4)
[    2.957160] [<c003c3e0>] (kthread) from [<c000e9b8>] (ret_from_fork+0x14/0x3c)
[    2.957163] ---[ end trace 71ec3e5254779529 ]---
[    2.957168] ------------[ cut here ]------------
[    2.957177] WARNING: CPU: 0 PID: 3 at fs/dcache.c:255 __d_free+0x34/0x40()
[    2.957182] Modules linked in:
[    2.957189] CPU: 0 PID: 3 Comm: ksoftirqd/0 Tainted: G        W      3.18.0-rc3-next-20141103-57588-ga641d0e #1
[    2.957202] [<c0015b78>] (unwind_backtrace) from [<c0011518>] (show_stack+0x10/0x14)
[    2.957213] [<c0011518>] (show_stack) from [<c061a1c8>] (dump_stack+0x84/0xd0)
[    2.957225] [<c061a1c8>] (dump_stack) from [<c00254e0>] (warn_slowpath_common+0x64/0x88)
[    2.957235] [<c00254e0>] (warn_slowpath_common) from [<c0025520>] (warn_slowpath_null+0x1c/0x24)
[    2.957247] [<c0025520>] (warn_slowpath_null) from [<c00f1078>] (__d_free+0x34/0x40)
[    2.957261] [<c00f1078>] (__d_free) from [<c006b448>] (rcu_process_callbacks+0x3a8/0x544)
[    2.957275] [<c006b448>] (rcu_process_callbacks) from [<c00282b0>] (__do_softirq+0xf0/0x240)
[    2.957287] [<c00282b0>] (__do_softirq) from [<c0028434>] (run_ksoftirqd+0x34/0x48)
[    2.957298] [<c0028434>] (run_ksoftirqd) from [<c003f798>] (smpboot_thread_fn+0x180/0x2ac)
[    2.957309] [<c003f798>] (smpboot_thread_fn) from [<c003c3e0>] (kthread+0xd8/0xf4)
[    2.957321] [<c003c3e0>] (kthread) from [<c000e9b8>] (ret_from_fork+0x14/0x3c)
[    2.957325] ---[ end trace 71ec3e525477952a ]---
[    2.957332] ------------[ cut here ]------------
[    2.957342] WARNING: CPU: 0 PID: 3 at fs/dcache.c:255 __d_free+0x34/0x40()
[    2.957346] Modules linked in:
[    2.957353] CPU: 0 PID: 3 Comm: ksoftirqd/0 Tainted: G        W      3.18.0-rc3-next-20141103-57588-ga641d0e #1
[    2.957365] [<c0015b78>] (unwind_backtrace) from [<c0011518>] (show_stack+0x10/0x14)
[    2.957378] [<c0011518>] (show_stack) from [<c061a1c8>] (dump_stack+0x84/0xd0)
[    2.957390] [<c061a1c8>] (dump_stack) from [<c00254e0>] (warn_slowpath_common+0x64/0x88)
[    2.957400] [<c00254e0>] (warn_slowpath_common) from [<c0025520>] (warn_slowpath_null+0x1c/0x24)
[    2.957412] [<c0025520>] (warn_slowpath_null) from [<c00f1078>] (__d_free+0x34/0x40)
[    2.957425] [<c00f1078>] (__d_free) from [<c006b448>] (rcu_process_callbacks+0x3a8/0x544)
[    2.957440] [<c006b448>] (rcu_process_callbacks) from [<c00282b0>] (__do_softirq+0xf0/0x240)
[    2.957451] [<c00282b0>] (__do_softirq) from [<c0028434>] (run_ksoftirqd+0x34/0x48)
[    2.957462] [<c0028434>] (run_ksoftirqd) from [<c003f798>] (smpboot_thread_fn+0x180/0x2ac)
[    2.957474] [<c003f798>] (smpboot_thread_fn) from [<c003c3e0>] (kthread+0xd8/0xf4)
[    2.957484] [<c003c3e0>] (kthread) from [<c000e9b8>] (ret_from_fork+0x14/0x3c)
[    2.957488] ---[ end trace 71ec3e525477952b ]---
[    2.957492] ------------[ cut here ]------------
[    2.957502] WARNING: CPU: 0 PID: 3 at fs/dcache.c:255 __d_free+0x34/0x40()
[    2.957507] Modules linked in:
[    2.957513] CPU: 0 PID: 3 Comm: ksoftirqd/0 Tainted: G        W      3.18.0-rc3-next-20141103-57588-ga641d0e #1
[    2.957526] [<c0015b78>] (unwind_backtrace) from [<c0011518>] (show_stack+0x10/0x14)
[    2.957538] [<c0011518>] (show_stack) from [<c061a1c8>] (dump_stack+0x84/0xd0)
[    2.957549] [<c061a1c8>] (dump_stack) from [<c00254e0>] (warn_slowpath_common+0x64/0x88)
[    2.957560] [<c00254e0>] (warn_slowpath_common) from [<c0025520>] (warn_slowpath_null+0x1c/0x24)
[    2.957572] [<c0025520>] (warn_slowpath_null) from [<c00f1078>] (__d_free+0x34/0x40)
[    2.957587] [<c00f1078>] (__d_free) from [<c006b448>] (rcu_process_callbacks+0x3a8/0x544)
[    2.957600] [<c006b448>] (rcu_process_callbacks) from [<c00282b0>] (__do_softirq+0xf0/0x240)
[    2.957611] [<c00282b0>] (__do_softirq) from [<c0028434>] (run_ksoftirqd+0x34/0x48)
[    2.957624] [<c0028434>] (run_ksoftirqd) from [<c003f798>] (smpboot_thread_fn+0x180/0x2ac)
[    2.957635] [<c003f798>] (smpboot_thread_fn) from [<c003c3e0>] (kthread+0xd8/0xf4)
[    2.957647] [<c003c3e0>] (kthread) from [<c000e9b8>] (ret_from_fork+0x14/0x3c)
[    2.957651] ---[ end trace 71ec3e525477952c ]---
[    2.957655] ------------[ cut here ]------------
[    2.957665] WARNING: CPU: 0 PID: 3 at fs/dcache.c:255 __d_free+0x34/0x40()
[    2.957669] Modules linked in:
[    2.957676] CPU: 0 PID: 3 Comm: ksoftirqd/0 Tainted: G        W      3.18.0-rc3-next-20141103-57588-ga641d0e #1
[    2.957688] [<c0015b78>] (unwind_backtrace) from [<c0011518>] (show_stack+0x10/0x14)
[    2.957699] [<c0011518>] (show_stack) from [<c061a1c8>] (dump_stack+0x84/0xd0)
[    2.957710] [<c061a1c8>] (dump_stack) from [<c00254e0>] (warn_slowpath_common+0x64/0x88)
[    2.957722] [<c00254e0>] (warn_slowpath_common) from [<c0025520>] (warn_slowpath_null+0x1c/0x24)
[    2.957734] [<c0025520>] (warn_slowpath_null) from [<c00f1078>] (__d_free+0x34/0x40)
[    2.957748] [<c00f1078>] (__d_free) from [<c006b448>] (rcu_process_callbacks+0x3a8/0x544)
[    2.957761] [<c006b448>] (rcu_process_callbacks) from [<c00282b0>] (__do_softirq+0xf0/0x240)
[    2.957772] [<c00282b0>] (__do_softirq) from [<c0028434>] (run_ksoftirqd+0x34/0x48)
[    2.957784] [<c0028434>] (run_ksoftirqd) from [<c003f798>] (smpboot_thread_fn+0x180/0x2ac)
[    2.957797] [<c003f798>] (smpboot_thread_fn) from [<c003c3e0>] (kthread+0xd8/0xf4)
[    2.957808] [<c003c3e0>] (kthread) from [<c000e9b8>] (ret_from_fork+0x14/0x3c)
[    2.957812] ---[ end trace 71ec3e525477952d ]---
[    2.957816] ------------[ cut here ]------------
[    2.957826] WARNING: CPU: 0 PID: 3 at fs/dcache.c:255 __d_free+0x34/0x40()
[    2.957831] Modules linked in:
[    2.957837] CPU: 0 PID: 3 Comm: ksoftirqd/0 Tainted: G        W      3.18.0-rc3-next-20141103-57588-ga641d0e #1
[    2.957849] [<c0015b78>] (unwind_backtrace) from [<c0011518>] (show_stack+0x10/0x14)
[    2.957861] [<c0011518>] (show_stack) from [<c061a1c8>] (dump_stack+0x84/0xd0)
[    2.957873] [<c061a1c8>] (dump_stack) from [<c00254e0>] (warn_slowpath_common+0x64/0x88)
[    2.957883] [<c00254e0>] (warn_slowpath_common) from [<c0025520>] (warn_slowpath_null+0x1c/0x24)
[    2.957895] [<c0025520>] (warn_slowpath_null) from [<c00f1078>] (__d_free+0x34/0x40)
[    2.957908] [<c00f1078>] (__d_free) from [<c006b448>] (rcu_process_callbacks+0x3a8/0x544)
[    2.957921] [<c006b448>] (rcu_process_callbacks) from [<c00282b0>] (__do_softirq+0xf0/0x240)
[    2.957933] [<c00282b0>] (__do_softirq) from [<c0028434>] (run_ksoftirqd+0x34/0x48)
[    2.957944] [<c0028434>] (run_ksoftirqd) from [<c003f798>] (smpboot_thread_fn+0x180/0x2ac)
[    2.957956] [<c003f798>] (smpboot_thread_fn) from [<c003c3e0>] (kthread+0xd8/0xf4)
[    2.957968] [<c003c3e0>] (kthread) from [<c000e9b8>] (ret_from_fork+0x14/0x3c)
[    2.957971] ---[ end trace 71ec3e525477952e ]---
[    2.957975] ------------[ cut here ]------------
[    2.957985] WARNING: CPU: 0 PID: 3 at fs/dcache.c:255 __d_free+0x34/0x40()
[    2.957990] Modules linked in:
[    2.957997] CPU: 0 PID: 3 Comm: ksoftirqd/0 Tainted: G        W      3.18.0-rc3-next-20141103-57588-ga641d0e #1
[    2.958009] [<c0015b78>] (unwind_backtrace) from [<c0011518>] (show_stack+0x10/0x14)
[    2.958021] [<c0011518>] (show_stack) from [<c061a1c8>] (dump_stack+0x84/0xd0)
[    2.958032] [<c061a1c8>] (dump_stack) from [<c00254e0>] (warn_slowpath_common+0x64/0x88)
[    2.958042] [<c00254e0>] (warn_slowpath_common) from [<c0025520>] (warn_slowpath_null+0x1c/0x24)
[    2.958054] [<c0025520>] (warn_slowpath_null) from [<c00f1078>] (__d_free+0x34/0x40)
[    2.958067] [<c00f1078>] (__d_free) from [<c006b448>] (rcu_process_callbacks+0x3a8/0x544)
[    2.958081] [<c006b448>] (rcu_process_callbacks) from [<c00282b0>] (__do_softirq+0xf0/0x240)
[    2.958093] [<c00282b0>] (__do_softirq) from [<c0028434>] (run_ksoftirqd+0x34/0x48)
[    2.958105] [<c0028434>] (run_ksoftirqd) from [<c003f798>] (smpboot_thread_fn+0x180/0x2ac)
[    2.958116] [<c003f798>] (smpboot_thread_fn) from [<c003c3e0>] (kthread+0xd8/0xf4)
[    2.958127] [<c003c3e0>] (kthread) from [<c000e9b8>] (ret_from_fork+0x14/0x3c)
[    2.958131] ---[ end trace 71ec3e525477952f ]---
[    2.958138] ------------[ cut here ]------------
[    2.958148] WARNING: CPU: 0 PID: 3 at fs/dcache.c:255 __d_free+0x34/0x40()
[    2.958153] Modules linked in:
[    2.958158] CPU: 0 PID: 3 Comm: ksoftirqd/0 Tainted: G        W      3.18.0-rc3-next-20141103-57588-ga641d0e #1
[    2.958172] [<c0015b78>] (unwind_backtrace) from [<c0011518>] (show_stack+0x10/0x14)
[    2.958184] [<c0011518>] (show_stack) from [<c061a1c8>] (dump_stack+0x84/0xd0)
[    2.958195] [<c061a1c8>] (dump_stack) from [<c00254e0>] (warn_slowpath_common+0x64/0x88)
[    2.958206] [<c00254e0>] (warn_slowpath_common) from [<c0025520>] (warn_slowpath_null+0x1c/0x24)
[    2.958218] [<c0025520>] (warn_slowpath_null) from [<c00f1078>] (__d_free+0x34/0x40)
[    2.958231] [<c00f1078>] (__d_free) from [<c006b448>] (rcu_process_callbacks+0x3a8/0x544)
[    2.958244] [<c006b448>] (rcu_process_callbacks) from [<c00282b0>] (__do_softirq+0xf0/0x240)
[    2.958255] [<c00282b0>] (__do_softirq) from [<c0028434>] (run_ksoftirqd+0x34/0x48)
[    2.958268] [<c0028434>] (run_ksoftirqd) from [<c003f798>] (smpboot_thread_fn+0x180/0x2ac)
[    2.958279] [<c003f798>] (smpboot_thread_fn) from [<c003c3e0>] (kthread+0xd8/0xf4)
[    2.958290] [<c003c3e0>] (kthread) from [<c000e9b8>] (ret_from_fork+0x14/0x3c)
[    2.958294] ---[ end trace 71ec3e5254779530 ]---
[    2.958298] ------------[ cut here ]------------
[    2.958308] WARNING: CPU: 0 PID: 3 at fs/dcache.c:255 __d_free+0x34/0x40()
[    2.958313] Modules linked in:
[    2.958319] CPU: 0 PID: 3 Comm: ksoftirqd/0 Tainted: G        W      3.18.0-rc3-next-20141103-57588-ga641d0e #1
[    2.958331] [<c0015b78>] (unwind_backtrace) from [<c0011518>] (show_stack+0x10/0x14)
[    2.958344] [<c0011518>] (show_stack) from [<c061a1c8>] (dump_stack+0x84/0xd0)
[    2.958354] [<c061a1c8>] (dump_stack) from [<c00254e0>] (warn_slowpath_common+0x64/0x88)
[    2.958365] [<c00254e0>] (warn_slowpath_common) from [<c0025520>] (warn_slowpath_null+0x1c/0x24)
[    2.958376] [<c0025520>] (warn_slowpath_null) from [<c00f1078>] (__d_free+0x34/0x40)
[    2.958390] [<c00f1078>] (__d_free) from [<c006b448>] (rcu_process_callbacks+0x3a8/0x544)
[    2.958404] [<c006b448>] (rcu_process_callbacks) from [<c00282b0>] (__do_softirq+0xf0/0x240)
[    2.958415] [<c00282b0>] (__do_softirq) from [<c0028434>] (run_ksoftirqd+0x34/0x48)
[    2.958426] [<c0028434>] (run_ksoftirqd) from [<c003f798>] (smpboot_thread_fn+0x180/0x2ac)
[    2.958437] [<c003f798>] (smpboot_thread_fn) from [<c003c3e0>] (kthread+0xd8/0xf4)
[    2.958449] [<c003c3e0>] (kthread) from [<c000e9b8>] (ret_from_fork+0x14/0x3c)
[    2.958453] ---[ end trace 71ec3e5254779531 ]---
[    2.958456] ------------[ cut here ]------------
[    2.958467] WARNING: CPU: 0 PID: 3 at fs/dcache.c:255 __d_free+0x34/0x40()
[    2.958472] Modules linked in:
[    2.958478] CPU: 0 PID: 3 Comm: ksoftirqd/0 Tainted: G        W      3.18.0-rc3-next-20141103-57588-ga641d0e #1
[    2.958491] [<c0015b78>] (unwind_backtrace) from [<c0011518>] (show_stack+0x10/0x14)
[    2.958503] [<c0011518>] (show_stack) from [<c061a1c8>] (dump_stack+0x84/0xd0)
[    2.958515] [<c061a1c8>] (dump_stack) from [<c00254e0>] (warn_slowpath_common+0x64/0x88)
[    2.958525] [<c00254e0>] (warn_slowpath_common) from [<c0025520>] (warn_slowpath_null+0x1c/0x24)
[    2.958537] [<c0025520>] (warn_slowpath_null) from [<c00f1078>] (__d_free+0x34/0x40)
[    2.958551] [<c00f1078>] (__d_free) from [<c006b448>] (rcu_process_callbacks+0x3a8/0x544)
[    2.958565] [<c006b448>] (rcu_process_callbacks) from [<c00282b0>] (__do_softirq+0xf0/0x240)
[    2.958576] [<c00282b0>] (__do_softirq) from [<c0028434>] (run_ksoftirqd+0x34/0x48)
[    2.958587] [<c0028434>] (run_ksoftirqd) from [<c003f798>] (smpboot_thread_fn+0x180/0x2ac)
[    2.958598] [<c003f798>] (smpboot_thread_fn) from [<c003c3e0>] (kthread+0xd8/0xf4)
[    2.958610] [<c003c3e0>] (kthread) from [<c000e9b8>] (ret_from_fork+0x14/0x3c)
[    2.958614] ---[ end trace 71ec3e5254779532 ]---
[    2.958618] ------------[ cut here ]------------
[    2.958628] WARNING: CPU: 0 PID: 3 at fs/dcache.c:255 __d_free+0x34/0x40()
[    2.958632] Modules linked in:
[    2.958639] CPU: 0 PID: 3 Comm: ksoftirqd/0 Tainted: G        W      3.18.0-rc3-next-20141103-57588-ga641d0e #1
[    2.958652] [<c0015b78>] (unwind_backtrace) from [<c0011518>] (show_stack+0x10/0x14)
[    2.958664] [<c0011518>] (show_stack) from [<c061a1c8>] (dump_stack+0x84/0xd0)
[    2.958675] [<c061a1c8>] (dump_stack) from [<c00254e0>] (warn_slowpath_common+0x64/0x88)
[    2.958686] [<c00254e0>] (warn_slowpath_common) from [<c0025520>] (warn_slowpath_null+0x1c/0x24)
[    2.958698] [<c0025520>] (warn_slowpath_null) from [<c00f1078>] (__d_free+0x34/0x40)
[    2.958711] [<c00f1078>] (__d_free) from [<c006b448>] (rcu_process_callbacks+0x3a8/0x544)
[    2.958725] [<c006b448>] (rcu_process_callbacks) from [<c00282b0>] (__do_softirq+0xf0/0x240)
[    2.958736] [<c00282b0>] (__do_softirq) from [<c0028434>] (run_ksoftirqd+0x34/0x48)
[    2.958747] [<c0028434>] (run_ksoftirqd) from [<c003f798>] (smpboot_thread_fn+0x180/0x2ac)
[    2.958760] [<c003f798>] (smpboot_thread_fn) from [<c003c3e0>] (kthread+0xd8/0xf4)
[    2.958770] [<c003c3e0>] (kthread) from [<c000e9b8>] (ret_from_fork+0x14/0x3c)
[    2.958774] ---[ end trace 71ec3e5254779533 ]---
[    2.958777] ------------[ cut here ]------------
[    2.958788] WARNING: CPU: 0 PID: 3 at fs/dcache.c:255 __d_free+0x34/0x40()
[    2.958793] Modules linked in:
[    2.958799] CPU: 0 PID: 3 Comm: ksoftirqd/0 Tainted: G        W      3.18.0-rc3-next-20141103-57588-ga641d0e #1
[    2.958812] [<c0015b78>] (unwind_backtrace) from [<c0011518>] (show_stack+0x10/0x14)
[    2.958824] [<c0011518>] (show_stack) from [<c061a1c8>] (dump_stack+0x84/0xd0)
[    2.958835] [<c061a1c8>] (dump_stack) from [<c00254e0>] (warn_slowpath_common+0x64/0x88)
[    2.958845] [<c00254e0>] (warn_slowpath_common) from [<c0025520>] (warn_slowpath_null+0x1c/0x24)
[    2.958857] [<c0025520>] (warn_slowpath_null) from [<c00f1078>] (__d_free+0x34/0x40)
[    2.958870] [<c00f1078>] (__d_free) from [<c006b448>] (rcu_process_callbacks+0x3a8/0x544)
[    2.958884] [<c006b448>] (rcu_process_callbacks) from [<c00282b0>] (__do_softirq+0xf0/0x240)
[    2.958895] [<c00282b0>] (__do_softirq) from [<c0028434>] (run_ksoftirqd+0x34/0x48)
[    2.958907] [<c0028434>] (run_ksoftirqd) from [<c003f798>] (smpboot_thread_fn+0x180/0x2ac)
[    2.958919] [<c003f798>] (smpboot_thread_fn) from [<c003c3e0>] (kthread+0xd8/0xf4)
[    2.958929] [<c003c3e0>] (kthread) from [<c000e9b8>] (ret_from_fork+0x14/0x3c)
[    2.958933] ---[ end trace 71ec3e5254779534 ]---
[    2.958941] ------------[ cut here ]------------
[    2.958951] WARNING: CPU: 0 PID: 3 at fs/dcache.c:255 __d_free+0x34/0x40()
[    2.958956] Modules linked in:
[    2.958962] CPU: 0 PID: 3 Comm: ksoftirqd/0 Tainted: G        W      3.18.0-rc3-next-20141103-57588-ga641d0e #1
[    2.958975] [<c0015b78>] (unwind_backtrace) from [<c0011518>] (show_stack+0x10/0x14)
[    2.958987] [<c0011518>] (show_stack) from [<c061a1c8>] (dump_stack+0x84/0xd0)
[    2.958997] [<c061a1c8>] (dump_stack) from [<c00254e0>] (warn_slowpath_common+0x64/0x88)
[    2.959008] [<c00254e0>] (warn_slowpath_common) from [<c0025520>] (warn_slowpath_null+0x1c/0x24)
[    2.959020] [<c0025520>] (warn_slowpath_null) from [<c00f1078>] (__d_free+0x34/0x40)
[    2.959035] [<c00f1078>] (__d_free) from [<c006b448>] (rcu_process_callbacks+0x3a8/0x544)
[    2.959048] [<c006b448>] (rcu_process_callbacks) from [<c00282b0>] (__do_softirq+0xf0/0x240)
[    2.959060] [<c00282b0>] (__do_softirq) from [<c0028434>] (run_ksoftirqd+0x34/0x48)
[    2.959073] [<c0028434>] (run_ksoftirqd) from [<c003f798>] (smpboot_thread_fn+0x180/0x2ac)
[    2.959084] [<c003f798>] (smpboot_thread_fn) from [<c003c3e0>] (kthread+0xd8/0xf4)
[    2.959096] [<c003c3e0>] (kthread) from [<c000e9b8>] (ret_from_fork+0x14/0x3c)
[    2.959100] ---[ end trace 71ec3e5254779535 ]---
[    2.959104] ------------[ cut here ]------------
[    2.959114] WARNING: CPU: 0 PID: 3 at fs/dcache.c:255 __d_free+0x34/0x40()
[    2.959119] Modules linked in:
[    2.959125] CPU: 0 PID: 3 Comm: ksoftirqd/0 Tainted: G        W      3.18.0-rc3-next-20141103-57588-ga641d0e #1
[    2.959138] [<c0015b78>] (unwind_backtrace) from [<c0011518>] (show_stack+0x10/0x14)
[    2.959150] [<c0011518>] (show_stack) from [<c061a1c8>] (dump_stack+0x84/0xd0)
[    2.959161] [<c061a1c8>] (dump_stack) from [<c00254e0>] (warn_slowpath_common+0x64/0x88)
[    2.959172] [<c00254e0>] (warn_slowpath_common) from [<c0025520>] (warn_slowpath_null+0x1c/0x24)
[    2.959184] [<c0025520>] (warn_slowpath_null) from [<c00f1078>] (__d_free+0x34/0x40)
[    2.959197] [<c00f1078>] (__d_free) from [<c006b448>] (rcu_process_callbacks+0x3a8/0x544)
[    2.959210] [<c006b448>] (rcu_process_callbacks) from [<c00282b0>] (__do_softirq+0xf0/0x240)
[    2.959223] [<c00282b0>] (__do_softirq) from [<c0028434>] (run_ksoftirqd+0x34/0x48)
[    2.959235] [<c0028434>] (run_ksoftirqd) from [<c003f798>] (smpboot_thread_fn+0x180/0x2ac)
[    2.959246] [<c003f798>] (smpboot_thread_fn) from [<c003c3e0>] (kthread+0xd8/0xf4)
[    2.959257] [<c003c3e0>] (kthread) from [<c000e9b8>] (ret_from_fork+0x14/0x3c)
[    2.959261] ---[ end trace 71ec3e5254779536 ]---
[    2.959265] ------------[ cut here ]------------
[    2.959274] WARNING: CPU: 0 PID: 3 at fs/dcache.c:255 __d_free+0x34/0x40()
[    2.959279] Modules linked in:
[    2.959286] CPU: 0 PID: 3 Comm: ksoftirqd/0 Tainted: G        W      3.18.0-rc3-next-20141103-57588-ga641d0e #1
[    2.959298] [<c0015b78>] (unwind_backtrace) from [<c0011518>] (show_stack+0x10/0x14)
[    2.959310] [<c0011518>] (show_stack) from [<c061a1c8>] (dump_stack+0x84/0xd0)
[    2.959322] [<c061a1c8>] (dump_stack) from [<c00254e0>] (warn_slowpath_common+0x64/0x88)
[    2.959333] [<c00254e0>] (warn_slowpath_common) from [<c0025520>] (warn_slowpath_null+0x1c/0x24)
[    2.959346] [<c0025520>] (warn_slowpath_null) from [<c00f1078>] (__d_free+0x34/0x40)
[    2.959359] [<c00f1078>] (__d_free) from [<c006b448>] (rcu_process_callbacks+0x3a8/0x544)
[    2.959372] [<c006b448>] (rcu_process_callbacks) from [<c00282b0>] (__do_softirq+0xf0/0x240)
[    2.959383] [<c00282b0>] (__do_softirq) from [<c0028434>] (run_ksoftirqd+0x34/0x48)
[    2.959395] [<c0028434>] (run_ksoftirqd) from [<c003f798>] (smpboot_thread_fn+0x180/0x2ac)
[    2.959407] [<c003f798>] (smpboot_thread_fn) from [<c003c3e0>] (kthread+0xd8/0xf4)
[    2.959418] [<c003c3e0>] (kthread) from [<c000e9b8>] (ret_from_fork+0x14/0x3c)
[    2.959423] ---[ end trace 71ec3e5254779537 ]---
[    2.959428] ------------[ cut here ]------------
[    2.959437] WARNING: CPU: 0 PID: 3 at fs/dcache.c:255 __d_free+0x34/0x40()
[    2.959442] Modules linked in:
[    2.959449] CPU: 0 PID: 3 Comm: ksoftirqd/0 Tainted: G        W      3.18.0-rc3-next-20141103-57588-ga641d0e #1
[    2.959461] [<c0015b78>] (unwind_backtrace) from [<c0011518>] (show_stack+0x10/0x14)
[    2.959473] [<c0011518>] (show_stack) from [<c061a1c8>] (dump_stack+0x84/0xd0)
[    2.959484] [<c061a1c8>] (dump_stack) from [<c00254e0>] (warn_slowpath_common+0x64/0x88)
[    2.959495] [<c00254e0>] (warn_slowpath_common) from [<c0025520>] (warn_slowpath_null+0x1c/0x24)
[    2.959506] [<c0025520>] (warn_slowpath_null) from [<c00f1078>] (__d_free+0x34/0x40)
[    2.959521] [<c00f1078>] (__d_free) from [<c006b448>] (rcu_process_callbacks+0x3a8/0x544)
[    2.959534] [<c006b448>] (rcu_process_callbacks) from [<c00282b0>] (__do_softirq+0xf0/0x240)
[    2.959545] [<c00282b0>] (__do_softirq) from [<c0028434>] (run_ksoftirqd+0x34/0x48)
[    2.959557] [<c0028434>] (run_ksoftirqd) from [<c003f798>] (smpboot_thread_fn+0x180/0x2ac)
[    2.959569] [<c003f798>] (smpboot_thread_fn) from [<c003c3e0>] (kthread+0xd8/0xf4)
[    2.959580] [<c003c3e0>] (kthread) from [<c000e9b8>] (ret_from_fork+0x14/0x3c)
[    2.959585] ---[ end trace 71ec3e5254779538 ]---
[    2.959590] ------------[ cut here ]------------
[    2.959600] WARNING: CPU: 0 PID: 3 at fs/dcache.c:255 __d_free+0x34/0x40()
[    2.959604] Modules linked in:
[    2.959610] CPU: 0 PID: 3 Comm: ksoftirqd/0 Tainted: G        W      3.18.0-rc3-next-20141103-57588-ga641d0e #1
[    2.959623] [<c0015b78>] (unwind_backtrace) from [<c0011518>] (show_stack+0x10/0x14)
[    2.959634] [<c0011518>] (show_stack) from [<c061a1c8>] (dump_stack+0x84/0xd0)
[    2.959645] [<c061a1c8>] (dump_stack) from [<c00254e0>] (warn_slowpath_common+0x64/0x88)
[    2.959656] [<c00254e0>] (warn_slowpath_common) from [<c0025520>] (warn_slowpath_null+0x1c/0x24)
[    2.959667] [<c0025520>] (warn_slowpath_null) from [<c00f1078>] (__d_free+0x34/0x40)
[    2.959681] [<c00f1078>] (__d_free) from [<c006b448>] (rcu_process_callbacks+0x3a8/0x544)
[    2.959695] [<c006b448>] (rcu_process_callbacks) from [<c00282b0>] (__do_softirq+0xf0/0x240)
[    2.959706] [<c00282b0>] (__do_softirq) from [<c0028434>] (run_ksoftirqd+0x34/0x48)
[    2.959718] [<c0028434>] (run_ksoftirqd) from [<c003f798>] (smpboot_thread_fn+0x180/0x2ac)
[    2.959730] [<c003f798>] (smpboot_thread_fn) from [<c003c3e0>] (kthread+0xd8/0xf4)
[    2.959741] [<c003c3e0>] (kthread) from [<c000e9b8>] (ret_from_fork+0x14/0x3c)
[    2.959745] ---[ end trace 71ec3e5254779539 ]---
[    2.959752] ------------[ cut here ]------------
[    2.959762] WARNING: CPU: 0 PID: 3 at fs/dcache.c:255 __d_free+0x34/0x40()
[    2.959767] Modules linked in:
[    2.959774] CPU: 0 PID: 3 Comm: ksoftirqd/0 Tainted: G        W      3.18.0-rc3-next-20141103-57588-ga641d0e #1
[    2.959787] [<c0015b78>] (unwind_backtrace) from [<c0011518>] (show_stack+0x10/0x14)
[    2.959798] [<c0011518>] (show_stack) from [<c061a1c8>] (dump_stack+0x84/0xd0)
[    2.959810] [<c061a1c8>] (dump_stack) from [<c00254e0>] (warn_slowpath_common+0x64/0x88)
[    2.959821] [<c00254e0>] (warn_slowpath_common) from [<c0025520>] (warn_slowpath_null+0x1c/0x24)
[    2.959832] [<c0025520>] (warn_slowpath_null) from [<c00f1078>] (__d_free+0x34/0x40)
[    2.959847] [<c00f1078>] (__d_free) from [<c006b448>] (rcu_process_callbacks+0x3a8/0x544)
[    2.959860] [<c006b448>] (rcu_process_callbacks) from [<c00282b0>] (__do_softirq+0xf0/0x240)
[    2.959873] [<c00282b0>] (__do_softirq) from [<c0028434>] (run_ksoftirqd+0x34/0x48)
[    2.959885] [<c0028434>] (run_ksoftirqd) from [<c003f798>] (smpboot_thread_fn+0x180/0x2ac)
[    2.959896] [<c003f798>] (smpboot_thread_fn) from [<c003c3e0>] (kthread+0xd8/0xf4)
[    2.959908] [<c003c3e0>] (kthread) from [<c000e9b8>] (ret_from_fork+0x14/0x3c)
[    2.959911] ---[ end trace 71ec3e525477953a ]---
[    2.959915] ------------[ cut here ]------------
[    2.959925] WARNING: CPU: 0 PID: 3 at fs/dcache.c:255 __d_free+0x34/0x40()
[    2.959930] Modules linked in:
[    2.959937] CPU: 0 PID: 3 Comm: ksoftirqd/0 Tainted: G        W      3.18.0-rc3-next-20141103-57588-ga641d0e #1
[    2.959950] [<c0015b78>] (unwind_backtrace) from [<c0011518>] (show_stack+0x10/0x14)
[    2.959961] [<c0011518>] (show_stack) from [<c061a1c8>] (dump_stack+0x84/0xd0)
[    2.959973] [<c061a1c8>] (dump_stack) from [<c00254e0>] (warn_slowpath_common+0x64/0x88)
[    2.959983] [<c00254e0>] (warn_slowpath_common) from [<c0025520>] (warn_slowpath_null+0x1c/0x24)
[    2.959995] [<c0025520>] (warn_slowpath_null) from [<c00f1078>] (__d_free+0x34/0x40)
[    2.960009] [<c00f1078>] (__d_free) from [<c006b448>] (rcu_process_callbacks+0x3a8/0x544)
[    2.960022] [<c006b448>] (rcu_process_callbacks) from [<c00282b0>] (__do_softirq+0xf0/0x240)
[    2.960033] [<c00282b0>] (__do_softirq) from [<c0028434>] (run_ksoftirqd+0x34/0x48)
[    2.960045] [<c0028434>] (run_ksoftirqd) from [<c003f798>] (smpboot_thread_fn+0x180/0x2ac)
[    2.960057] [<c003f798>] (smpboot_thread_fn) from [<c003c3e0>] (kthread+0xd8/0xf4)
[    2.960068] [<c003c3e0>] (kthread) from [<c000e9b8>] (ret_from_fork+0x14/0x3c)
[    2.960071] ---[ end trace 71ec3e525477953b ]---
[    2.960075] ------------[ cut here ]------------
[    2.960085] WARNING: CPU: 0 PID: 3 at fs/dcache.c:255 __d_free+0x34/0x40()
[    2.960089] Modules linked in:
[    2.960096] CPU: 0 PID: 3 Comm: ksoftirqd/0 Tainted: G        W      3.18.0-rc3-next-20141103-57588-ga641d0e #1
[    2.960109] [<c0015b78>] (unwind_backtrace) from [<c0011518>] (show_stack+0x10/0x14)
[    2.960120] [<c0011518>] (show_stack) from [<c061a1c8>] (dump_stack+0x84/0xd0)
[    2.960131] [<c061a1c8>] (dump_stack) from [<c00254e0>] (warn_slowpath_common+0x64/0x88)
[    2.960142] [<c00254e0>] (warn_slowpath_common) from [<c0025520>] (warn_slowpath_null+0x1c/0x24)
[    2.960154] [<c0025520>] (warn_slowpath_null) from [<c00f1078>] (__d_free+0x34/0x40)
[    2.960167] [<c00f1078>] (__d_free) from [<c006b448>] (rcu_process_callbacks+0x3a8/0x544)
[    2.960181] [<c006b448>] (rcu_process_callbacks) from [<c00282b0>] (__do_softirq+0xf0/0x240)
[    2.960193] [<c00282b0>] (__do_softirq) from [<c0028434>] (run_ksoftirqd+0x34/0x48)
[    2.960204] [<c0028434>] (run_ksoftirqd) from [<c003f798>] (smpboot_thread_fn+0x180/0x2ac)
[    2.960216] [<c003f798>] (smpboot_thread_fn) from [<c003c3e0>] (kthread+0xd8/0xf4)
[    2.960227] [<c003c3e0>] (kthread) from [<c000e9b8>] (ret_from_fork+0x14/0x3c)
[    2.960231] ---[ end trace 71ec3e525477953c ]---
[    2.960235] ------------[ cut here ]------------
[    2.960245] WARNING: CPU: 0 PID: 3 at fs/dcache.c:255 __d_free+0x34/0x40()
[    2.960249] Modules linked in:
[    2.960255] CPU: 0 PID: 3 Comm: ksoftirqd/0 Tainted: G        W      3.18.0-rc3-next-20141103-57588-ga641d0e #1
[    2.960268] [<c0015b78>] (unwind_backtrace) from [<c0011518>] (show_stack+0x10/0x14)
[    2.960281] [<c0011518>] (show_stack) from [<c061a1c8>] (dump_stack+0x84/0xd0)
[    2.960292] [<c061a1c8>] (dump_stack) from [<c00254e0>] (warn_slowpath_common+0x64/0x88)
[    2.960302] [<c00254e0>] (warn_slowpath_common) from [<c0025520>] (warn_slowpath_null+0x1c/0x24)
[    2.960314] [<c0025520>] (warn_slowpath_null) from [<c00f1078>] (__d_free+0x34/0x40)
[    2.960328] [<c00f1078>] (__d_free) from [<c006b448>] (rcu_process_callbacks+0x3a8/0x544)
[    2.960342] [<c006b448>] (rcu_process_callbacks) from [<c00282b0>] (__do_softirq+0xf0/0x240)
[    2.960354] [<c00282b0>] (__do_softirq) from [<c0028434>] (run_ksoftirqd+0x34/0x48)
[    2.960366] [<c0028434>] (run_ksoftirqd) from [<c003f798>] (smpboot_thread_fn+0x180/0x2ac)
[    2.960377] [<c003f798>] (smpboot_thread_fn) from [<c003c3e0>] (kthread+0xd8/0xf4)
[    2.960388] [<c003c3e0>] (kthread) from [<c000e9b8>] (ret_from_fork+0x14/0x3c)
[    2.960392] ---[ end trace 71ec3e525477953d ]---
[    2.960395] ------------[ cut here ]------------
[    2.960405] WARNING: CPU: 0 PID: 3 at fs/dcache.c:255 __d_free+0x34/0x40()
[    2.960410] Modules linked in:
[    2.960417] CPU: 0 PID: 3 Comm: ksoftirqd/0 Tainted: G        W      3.18.0-rc3-next-20141103-57588-ga641d0e #1
[    2.960429] [<c0015b78>] (unwind_backtrace) from [<c0011518>] (show_stack+0x10/0x14)
[    2.960440] [<c0011518>] (show_stack) from [<c061a1c8>] (dump_stack+0x84/0xd0)
[    2.960452] [<c061a1c8>] (dump_stack) from [<c00254e0>] (warn_slowpath_common+0x64/0x88)
[    2.960463] [<c00254e0>] (warn_slowpath_common) from [<c0025520>] (warn_slowpath_null+0x1c/0x24)
[    2.960474] [<c0025520>] (warn_slowpath_null) from [<c00f1078>] (__d_free+0x34/0x40)
[    2.960488] [<c00f1078>] (__d_free) from [<c006b448>] (rcu_process_callbacks+0x3a8/0x544)
[    2.960502] [<c006b448>] (rcu_process_callbacks) from [<c00282b0>] (__do_softirq+0xf0/0x240)
[    2.960513] [<c00282b0>] (__do_softirq) from [<c0028434>] (run_ksoftirqd+0x34/0x48)
[    2.960524] [<c0028434>] (run_ksoftirqd) from [<c003f798>] (smpboot_thread_fn+0x180/0x2ac)
[    2.960536] [<c003f798>] (smpboot_thread_fn) from [<c003c3e0>] (kthread+0xd8/0xf4)
[    2.960546] [<c003c3e0>] (kthread) from [<c000e9b8>] (ret_from_fork+0x14/0x3c)
[    2.960551] ---[ end trace 71ec3e525477953e ]---
[    2.960558] ------------[ cut here ]------------
[    2.960568] WARNING: CPU: 0 PID: 3 at fs/dcache.c:255 __d_free+0x34/0x40()
[    2.960573] Modules linked in:
[    2.960579] CPU: 0 PID: 3 Comm: ksoftirqd/0 Tainted: G        W      3.18.0-rc3-next-20141103-57588-ga641d0e #1
[    2.960592] [<c0015b78>] (unwind_backtrace) from [<c0011518>] (show_stack+0x10/0x14)
[    2.960603] [<c0011518>] (show_stack) from [<c061a1c8>] (dump_stack+0x84/0xd0)
[    2.960615] [<c061a1c8>] (dump_stack) from [<c00254e0>] (warn_slowpath_common+0x64/0x88)
[    2.960625] [<c00254e0>] (warn_slowpath_common) from [<c0025520>] (warn_slowpath_null+0x1c/0x24)
[    2.960637] [<c0025520>] (warn_slowpath_null) from [<c00f1078>] (__d_free+0x34/0x40)
[    2.960651] [<c00f1078>] (__d_free) from [<c006b448>] (rcu_process_callbacks+0x3a8/0x544)
[    2.960664] [<c006b448>] (rcu_process_callbacks) from [<c00282b0>] (__do_softirq+0xf0/0x240)
[    2.960676] [<c00282b0>] (__do_softirq) from [<c0028434>] (run_ksoftirqd+0x34/0x48)
[    2.960688] [<c0028434>] (run_ksoftirqd) from [<c003f798>] (smpboot_thread_fn+0x180/0x2ac)
[    2.960700] [<c003f798>] (smpboot_thread_fn) from [<c003c3e0>] (kthread+0xd8/0xf4)
[    2.960711] [<c003c3e0>] (kthread) from [<c000e9b8>] (ret_from_fork+0x14/0x3c)
[    2.960714] ---[ end trace 71ec3e525477953f ]---
[    2.960718] ------------[ cut here ]------------
[    2.960728] WARNING: CPU: 0 PID: 3 at fs/dcache.c:255 __d_free+0x34/0x40()
[    2.960733] Modules linked in:
[    2.960739] CPU: 0 PID: 3 Comm: ksoftirqd/0 Tainted: G        W      3.18.0-rc3-next-20141103-57588-ga641d0e #1
[    2.960753] [<c0015b78>] (unwind_backtrace) from [<c0011518>] (show_stack+0x10/0x14)
[    2.960768] [<c0011518>] (show_stack) from [<c061a1c8>] (dump_stack+0x84/0xd0)
[    2.960780] [<c061a1c8>] (dump_stack) from [<c00254e0>] (warn_slowpath_common+0x64/0x88)
[    2.960791] [<c00254e0>] (warn_slowpath_common) from [<c0025520>] (warn_slowpath_null+0x1c/0x24)
[    2.960804] [<c0025520>] (warn_slowpath_null) from [<c00f1078>] (__d_free+0x34/0x40)
[    2.960818] [<c00f1078>] (__d_free) from [<c006b448>] (rcu_process_callbacks+0x3a8/0x544)
[    2.960832] [<c006b448>] (rcu_process_callbacks) from [<c00282b0>] (__do_softirq+0xf0/0x240)
[    2.960843] [<c00282b0>] (__do_softirq) from [<c0028434>] (run_ksoftirqd+0x34/0x48)
[    2.960855] [<c0028434>] (run_ksoftirqd) from [<c003f798>] (smpboot_thread_fn+0x180/0x2ac)
[    2.960867] [<c003f798>] (smpboot_thread_fn) from [<c003c3e0>] (kthread+0xd8/0xf4)
[    2.960877] [<c003c3e0>] (kthread) from [<c000e9b8>] (ret_from_fork+0x14/0x3c)
[    2.960881] ---[ end trace 71ec3e5254779540 ]---
[    2.960885] ------------[ cut here ]------------
[    2.960895] WARNING: CPU: 0 PID: 3 at fs/dcache.c:255 __d_free+0x34/0x40()
[    2.960900] Modules linked in:
[    2.960906] CPU: 0 PID: 3 Comm: ksoftirqd/0 Tainted: G        W      3.18.0-rc3-next-20141103-57588-ga641d0e #1
[    2.960918] [<c0015b78>] (unwind_backtrace) from [<c0011518>] (show_stack+0x10/0x14)
[    2.960930] [<c0011518>] (show_stack) from [<c061a1c8>] (dump_stack+0x84/0xd0)
[    2.960941] [<c061a1c8>] (dump_stack) from [<c00254e0>] (warn_slowpath_common+0x64/0x88)
[    2.960953] [<c00254e0>] (warn_slowpath_common) from [<c0025520>] (warn_slowpath_null+0x1c/0x24)
[    2.960965] [<c0025520>] (warn_slowpath_null) from [<c00f1078>] (__d_free+0x34/0x40)
[    2.960978] [<c00f1078>] (__d_free) from [<c006b448>] (rcu_process_callbacks+0x3a8/0x544)
[    2.960992] [<c006b448>] (rcu_process_callbacks) from [<c00282b0>] (__do_softirq+0xf0/0x240)
[    2.961005] [<c00282b0>] (__do_softirq) from [<c0028434>] (run_ksoftirqd+0x34/0x48)
[    2.961017] [<c0028434>] (run_ksoftirqd) from [<c003f798>] (smpboot_thread_fn+0x180/0x2ac)
[    2.961028] [<c003f798>] (smpboot_thread_fn) from [<c003c3e0>] (kthread+0xd8/0xf4)
[    2.961040] [<c003c3e0>] (kthread) from [<c000e9b8>] (ret_from_fork+0x14/0x3c)
[    2.961043] ---[ end trace 71ec3e5254779541 ]---
[    2.961047] ------------[ cut here ]------------
[    2.961057] WARNING: CPU: 0 PID: 3 at fs/dcache.c:255 __d_free+0x34/0x40()
[    2.961063] Modules linked in:
[    2.961069] CPU: 0 PID: 3 Comm: ksoftirqd/0 Tainted: G        W      3.18.0-rc3-next-20141103-57588-ga641d0e #1
[    2.961082] [<c0015b78>] (unwind_backtrace) from [<c0011518>] (show_stack+0x10/0x14)
[    2.961094] [<c0011518>] (show_stack) from [<c061a1c8>] (dump_stack+0x84/0xd0)
[    2.961105] [<c061a1c8>] (dump_stack) from [<c00254e0>] (warn_slowpath_common+0x64/0x88)
[    2.961117] [<c00254e0>] (warn_slowpath_common) from [<c0025520>] (warn_slowpath_null+0x1c/0x24)
[    2.961128] [<c0025520>] (warn_slowpath_null) from [<c00f1078>] (__d_free+0x34/0x40)
[    2.961142] [<c00f1078>] (__d_free) from [<c006b448>] (rcu_process_callbacks+0x3a8/0x544)
[    2.961157] [<c006b448>] (rcu_process_callbacks) from [<c00282b0>] (__do_softirq+0xf0/0x240)
[    2.961168] [<c00282b0>] (__do_softirq) from [<c0028434>] (run_ksoftirqd+0x34/0x48)
[    2.961179] [<c0028434>] (run_ksoftirqd) from [<c003f798>] (smpboot_thread_fn+0x180/0x2ac)
[    2.961190] [<c003f798>] (smpboot_thread_fn) from [<c003c3e0>] (kthread+0xd8/0xf4)
[    2.961202] [<c003c3e0>] (kthread) from [<c000e9b8>] (ret_from_fork+0x14/0x3c)
[    2.961206] ---[ end trace 71ec3e5254779542 ]---
[    2.961210] ------------[ cut here ]------------
[    2.961219] WARNING: CPU: 0 PID: 3 at fs/dcache.c:255 __d_free+0x34/0x40()
[    2.961224] Modules linked in:
[    2.961231] CPU: 0 PID: 3 Comm: ksoftirqd/0 Tainted: G        W      3.18.0-rc3-next-20141103-57588-ga641d0e #1
[    2.961244] [<c0015b78>] (unwind_backtrace) from [<c0011518>] (show_stack+0x10/0x14)
[    2.961256] [<c0011518>] (show_stack) from [<c061a1c8>] (dump_stack+0x84/0xd0)
[    2.961267] [<c061a1c8>] (dump_stack) from [<c00254e0>] (warn_slowpath_common+0x64/0x88)
[    2.961277] [<c00254e0>] (warn_slowpath_common) from [<c0025520>] (warn_slowpath_null+0x1c/0x24)
[    2.961289] [<c0025520>] (warn_slowpath_null) from [<c00f1078>] (__d_free+0x34/0x40)
[    2.961302] [<c00f1078>] (__d_free) from [<c006b448>] (rcu_process_callbacks+0x3a8/0x544)
[    2.961316] [<c006b448>] (rcu_process_callbacks) from [<c00282b0>] (__do_softirq+0xf0/0x240)
[    2.961327] [<c00282b0>] (__do_softirq) from [<c0028434>] (run_ksoftirqd+0x34/0x48)
[    2.961339] [<c0028434>] (run_ksoftirqd) from [<c003f798>] (smpboot_thread_fn+0x180/0x2ac)
[    2.961351] [<c003f798>] (smpboot_thread_fn) from [<c003c3e0>] (kthread+0xd8/0xf4)
[    2.961361] [<c003c3e0>] (kthread) from [<c000e9b8>] (ret_from_fork+0x14/0x3c)
[    2.961366] ---[ end trace 71ec3e5254779543 ]---
[    2.961372] ------------[ cut here ]------------
[    2.961382] WARNING: CPU: 0 PID: 3 at fs/dcache.c:255 __d_free+0x34/0x40()
[    2.961387] Modules linked in:
[    2.961393] CPU: 0 PID: 3 Comm: ksoftirqd/0 Tainted: G        W      3.18.0-rc3-next-20141103-57588-ga641d0e #1
[    2.961406] [<c0015b78>] (unwind_backtrace) from [<c0011518>] (show_stack+0x10/0x14)
[    2.961418] [<c0011518>] (show_stack) from [<c061a1c8>] (dump_stack+0x84/0xd0)
[    2.961430] [<c061a1c8>] (dump_stack) from [<c00254e0>] (warn_slowpath_common+0x64/0x88)
[    2.961440] [<c00254e0>] (warn_slowpath_common) from [<c0025520>] (warn_slowpath_null+0x1c/0x24)
[    2.961452] [<c0025520>] (warn_slowpath_null) from [<c00f1078>] (__d_free+0x34/0x40)
[    2.961466] [<c00f1078>] (__d_free) from [<c006b448>] (rcu_process_callbacks+0x3a8/0x544)
[    2.961479] [<c006b448>] (rcu_process_callbacks) from [<c00282b0>] (__do_softirq+0xf0/0x240)
[    2.961490] [<c00282b0>] (__do_softirq) from [<c0028434>] (run_ksoftirqd+0x34/0x48)
[    2.961502] [<c0028434>] (run_ksoftirqd) from [<c003f798>] (smpboot_thread_fn+0x180/0x2ac)
[    2.961514] [<c003f798>] (smpboot_thread_fn) from [<c003c3e0>] (kthread+0xd8/0xf4)
[    2.961525] [<c003c3e0>] (kthread) from [<c000e9b8>] (ret_from_fork+0x14/0x3c)
[    2.961529] ---[ end trace 71ec3e5254779544 ]---
[    2.961535] ------------[ cut here ]------------
[    2.961545] WARNING: CPU: 0 PID: 3 at fs/dcache.c:255 __d_free+0x34/0x40()
[    2.961550] Modules linked in:
[    2.961556] CPU: 0 PID: 3 Comm: ksoftirqd/0 Tainted: G        W      3.18.0-rc3-next-20141103-57588-ga641d0e #1
[    2.961569] [<c0015b78>] (unwind_backtrace) from [<c0011518>] (show_stack+0x10/0x14)
[    2.961580] [<c0011518>] (show_stack) from [<c061a1c8>] (dump_stack+0x84/0xd0)
[    2.961592] [<c061a1c8>] (dump_stack) from [<c00254e0>] (warn_slowpath_common+0x64/0x88)
[    2.961603] [<c00254e0>] (warn_slowpath_common) from [<c0025520>] (warn_slowpath_null+0x1c/0x24)
[    2.961614] [<c0025520>] (warn_slowpath_null) from [<c00f1078>] (__d_free+0x34/0x40)
[    2.961629] [<c00f1078>] (__d_free) from [<c006b448>] (rcu_process_callbacks+0x3a8/0x544)
[    2.961642] [<c006b448>] (rcu_process_callbacks) from [<c00282b0>] (__do_softirq+0xf0/0x240)
[    2.961654] [<c00282b0>] (__do_softirq) from [<c0028434>] (run_ksoftirqd+0x34/0x48)
[    2.961666] [<c0028434>] (run_ksoftirqd) from [<c003f798>] (smpboot_thread_fn+0x180/0x2ac)
[    2.961678] [<c003f798>] (smpboot_thread_fn) from [<c003c3e0>] (kthread+0xd8/0xf4)
[    2.961688] [<c003c3e0>] (kthread) from [<c000e9b8>] (ret_from_fork+0x14/0x3c)
[    2.961692] ---[ end trace 71ec3e5254779545 ]---
[    2.961697] ------------[ cut here ]------------
[    2.961706] WARNING: CPU: 0 PID: 3 at fs/dcache.c:255 __d_free+0x34/0x40()
[    2.961711] Modules linked in:
[    2.961717] CPU: 0 PID: 3 Comm: ksoftirqd/0 Tainted: G        W      3.18.0-rc3-next-20141103-57588-ga641d0e #1
[    2.961730] [<c0015b78>] (unwind_backtrace) from [<c0011518>] (show_stack+0x10/0x14)
[    2.961742] [<c0011518>] (show_stack) from [<c061a1c8>] (dump_stack+0x84/0xd0)
[    2.961754] [<c061a1c8>] (dump_stack) from [<c00254e0>] (warn_slowpath_common+0x64/0x88)
[    2.961764] [<c00254e0>] (warn_slowpath_common) from [<c0025520>] (warn_slowpath_null+0x1c/0x24)
[    2.961776] [<c0025520>] (warn_slowpath_null) from [<c00f1078>] (__d_free+0x34/0x40)
[    2.961789] [<c00f1078>] (__d_free) from [<c006b448>] (rcu_process_callbacks+0x3a8/0x544)
[    2.961804] [<c006b448>] (rcu_process_callbacks) from [<c00282b0>] (__do_softirq+0xf0/0x240)
[    2.961815] [<c00282b0>] (__do_softirq) from [<c0028434>] (run_ksoftirqd+0x34/0x48)
[    2.961827] [<c0028434>] (run_ksoftirqd) from [<c003f798>] (smpboot_thread_fn+0x180/0x2ac)
[    2.961838] [<c003f798>] (smpboot_thread_fn) from [<c003c3e0>] (kthread+0xd8/0xf4)
[    2.961850] [<c003c3e0>] (kthread) from [<c000e9b8>] (ret_from_fork+0x14/0x3c)
[    2.961853] ---[ end trace 71ec3e5254779546 ]---
[    2.961858] ------------[ cut here ]------------
[    2.961867] WARNING: CPU: 0 PID: 3 at fs/dcache.c:255 __d_free+0x34/0x40()
[    2.961873] Modules linked in:
[    2.961879] CPU: 0 PID: 3 Comm: ksoftirqd/0 Tainted: G        W      3.18.0-rc3-next-20141103-57588-ga641d0e #1
[    2.961891] [<c0015b78>] (unwind_backtrace) from [<c0011518>] (show_stack+0x10/0x14)
[    2.961903] [<c0011518>] (show_stack) from [<c061a1c8>] (dump_stack+0x84/0xd0)
[    2.961914] [<c061a1c8>] (dump_stack) from [<c00254e0>] (warn_slowpath_common+0x64/0x88)
[    2.961925] [<c00254e0>] (warn_slowpath_common) from [<c0025520>] (warn_slowpath_null+0x1c/0x24)
[    2.961937] [<c0025520>] (warn_slowpath_null) from [<c00f1078>] (__d_free+0x34/0x40)
[    2.961950] [<c00f1078>] (__d_free) from [<c006b448>] (rcu_process_callbacks+0x3a8/0x544)
[    2.961963] [<c006b448>] (rcu_process_callbacks) from [<c00282b0>] (__do_softirq+0xf0/0x240)
[    2.961975] [<c00282b0>] (__do_softirq) from [<c0028434>] (run_ksoftirqd+0x34/0x48)
[    2.961986] [<c0028434>] (run_ksoftirqd) from [<c003f798>] (smpboot_thread_fn+0x180/0x2ac)
[    2.961998] [<c003f798>] (smpboot_thread_fn) from [<c003c3e0>] (kthread+0xd8/0xf4)
[    2.962008] [<c003c3e0>] (kthread) from [<c000e9b8>] (ret_from_fork+0x14/0x3c)
[    2.962012] ---[ end trace 71ec3e5254779547 ]---
[    2.962017] ------------[ cut here ]------------
[    2.962027] WARNING: CPU: 0 PID: 3 at fs/dcache.c:255 __d_free+0x34/0x40()
[    2.962032] Modules linked in:
[    2.962038] CPU: 0 PID: 3 Comm: ksoftirqd/0 Tainted: G        W      3.18.0-rc3-next-20141103-57588-ga641d0e #1
[    2.962051] [<c0015b78>] (unwind_backtrace) from [<c0011518>] (show_stack+0x10/0x14)
[    2.962064] [<c0011518>] (show_stack) from [<c061a1c8>] (dump_stack+0x84/0xd0)
[    2.962075] [<c061a1c8>] (dump_stack) from [<c00254e0>] (warn_slowpath_common+0x64/0x88)
[    2.962086] [<c00254e0>] (warn_slowpath_common) from [<c0025520>] (warn_slowpath_null+0x1c/0x24)
[    2.962097] [<c0025520>] (warn_slowpath_null) from [<c00f1078>] (__d_free+0x34/0x40)
[    2.962111] [<c00f1078>] (__d_free) from [<c006b448>] (rcu_process_callbacks+0x3a8/0x544)
