
U-Boot SPL 2013.04-rc2-06423-gf2e8a87-dirty (May 15 2013 - 09:45:39)


U-Boot 2013.04-rc2-06423-gf2e8a87-dirty (May 15 2013 - 09:45:39)

TEGRA30
Board: NVIDIA Beaver
DRAM:  2 GiB
MMC:   Tegra SD/MMC: 0, Tegra SD/MMC: 1
*** Warning - bad CRC, using default environment

In:    serial
Out:   serial
Err:   serial
Hit any key to stop autoboot:  2  0 
Tegra30 (Beaver) # 
Tegra30 (Beaver) # setenv bootargs 'console=ttyS0,230400n8 noinitrd root=/dev/mmcblk0p1 rw rootwait gpt ignore_loglevel debug'
Tegra30 (Beaver) # loady 0x81000000
## Ready for binary (ymodem) download to 0x81000000 at 230400 bps...
CSending: zImage
Sending: 

Transfer complete
yzModem - CRC mode, 6(SOH)/3582(STX)/0(CAN) packets, 3 retries
## Total Size      = 0x0037f9e0 = 3668448 Bytes
Tegra30 (Beaver) # loady 0x82000000
## Ready for binary (ymodem) download to 0x82000000 at 230400 bps...
CSending: tegra30-beaver.dtb
Sending: 

Transfer complete
yzModem - CRC mode, 2(SOH)/17(STX)/0(CAN) packets, 3 retries
## Total Size      = 0x0000439d = 17309 Bytes
Tegra30 (Beaver) # bootz 0x81000000 - 0x82000000
## Flattened Device Tree blob at 82000000
   Booting using the fdt blob at 0x82000000
   Loading Device Tree to 8fff8000, end 8ffff39c ... OK

Starting kernel ...

[    0.000000] Booting Linux on physical CPU 0x0
[    0.000000] Linux version 3.10.0-next-20130701-10387-g40adc09 (pwalmsley@tamien) (gcc version 4.5.1 (Sourcery G++ Lite 2010.09-50) ) #1 SMP Tue Jul 2 03:21:37 PDT 2013
[    0.000000] CPU: ARMv7 Processor [412fc099] revision 9 (ARMv7), cr=10c5387d
[    0.000000] CPU: PIPT / VIPT nonaliasing data cache, VIPT aliasing instruction cache
[    0.000000] Machine: NVIDIA Tegra SoC (Flattened Device Tree), model: NVIDIA Tegra30 Beaver evaluation board
[    0.000000] debug: ignoring loglevel setting.
[    0.000000] Memory policy: ECC disabled, Data cache writealloc
[    0.000000] On node 0 totalpages: 524032
[    0.000000] free_area_init_node: node 0, pgdat c0728d00, node_mem_map c076d000
[    0.000000]   DMA zone: 1520 pages used for memmap
[    0.000000]   DMA zone: 0 pages reserved
[    0.000000]   DMA zone: 194560 pages, LIFO batch:31
[    0.000000]   HighMem zone: 2574 pages used for memmap
[    0.000000]   HighMem zone: 329472 pages, LIFO batch:31
[    0.000000] fuse_speedo_calib: ATE prog ver 3.3
[    0.000000] Tegra30: CPU Speedo ID 5, Soc Speedo ID 2
[    0.000000] Tegra Revision: A03 SKU: 128 CPU Process: 4 Core Process: 0
[    0.000000] L310 cache controller enabled
[    0.000000] l2x0: 8 ways, CACHE_ID 0x410000c7, AUX_CTRL 0x7e480001, Cache size: 1048576 B
[    0.000000] PERCPU: Embedded 5 pages/cpu @c177f000 s7168 r0 d13312 u32768
[    0.000000] pcpu-alloc: s7168 r0 d13312 u32768 alloc=8*4096
[    0.000000] pcpu-alloc: [0] 0 [0] 1 [0] 2 [0] 3 
[    0.000000] Built 1 zonelists in Zone order, mobility grouping on.  Total pages: 522512
[    0.000000] Kernel command line: console=ttyS0,230400n8 noinitrd root=/dev/mmcblk0p1 rw rootwait gpt ignore_loglevel debug
[    0.000000] PID hash table entries: 4096 (order: 2, 16384 bytes)
[    0.000000] Dentry cache hash table entries: 131072 (order: 7, 524288 bytes)
[    0.000000] Inode-cache hash table entries: 65536 (order: 6, 262144 bytes)
[    0.000000] Memory: 2071156K/2096128K available (4935K kernel code, 569K rwdata, 1336K rodata, 459K init, 265K bss, 24972K reserved, 1317888K highmem)
[    0.000000] Virtual kernel memory layout:
[    0.000000]     vector  : 0xffff0000 - 0xffff1000   (   4 kB)
[    0.000000]     fixmap  : 0xfff00000 - 0xfffe0000   ( 896 kB)
[    0.000000]     vmalloc : 0xf0000000 - 0xff000000   ( 240 MB)
[    0.000000]     lowmem  : 0xc0000000 - 0xef800000   ( 760 MB)
[    0.000000]     pkmap   : 0xbfe00000 - 0xc0000000   (   2 MB)
[    0.000000]       .text : 0xc0008000 - 0xc0628124   (6273 kB)
[    0.000000]       .init : 0xc0629000 - 0xc069bc00   ( 459 kB)
[    0.000000]       .data : 0xc069c000 - 0xc072a400   ( 569 kB)
[    0.000000]        .bss : 0xc072a400 - 0xc076ca0c   ( 266 kB)
[    0.000000] SLUB: HWalign=64, Order=0-3, MinObjects=0, CPUs=4, Nodes=1
[    0.000000] Hierarchical RCU implementation.
[    0.000000] NR_IRQS:16 nr_irqs:16 16
[    0.000000] sched_clock: 32 bits at 1000kHz, resolution 1000ns, wraps every 4294967ms
[    0.000000] Console: colour dummy device 80x30
[    0.000456] Calibrating delay loop... 1397.55 BogoMIPS (lpj=6987776)
[    0.090074] pid_max: default: 32768 minimum: 301
[    0.090181] Mount-cache hash table entries: 512
[    0.092209] CPU: Testing write buffer coherency: ok
[    0.092497] CPU0: thread -1, cpu 0, socket 0, mpidr 80000000
[    0.092562] Setting up static identity map for 0xc04b0c00 - 0xc04b0c98
[    0.092668] unable to find compatible sirf rstc node in dtb
[    0.093995] CPU1: Booted secondary processor
[    0.132547] CPU1: thread -1, cpu 1, socket 0, mpidr 80000001
[    0.133405] CPU2: Booted secondary processor
[    0.172547] CPU2: thread -1, cpu 2, socket 0, mpidr 80000002
[    0.173393] CPU3: Booted secondary processor
[    0.212547] CPU3: thread -1, cpu 3, socket 0, mpidr 80000003
[    0.212607] Brought up 4 CPUs
[    0.212624] SMP: Total of 4 processors activated (5590.22 BogoMIPS).
[    0.212628] CPU: All CPU(s) started in SVC mode.
[    0.213181] devtmpfs: initialized
[    0.215641] pinctrl core: initialized pinctrl subsystem
[    0.215876] regulator-dummy: no parameters
[    0.216128] NET: Registered protocol family 16
[    0.217545] DMA: preallocated 256 KiB pool for atomic coherent allocations
[    0.217669] unable to find compatible sirf pwrc node in dtb
[    0.224589] Serial: AMBA PL011 UART driver
[    0.226983] bio: create slab <bio-0> at 0
[    0.227825] edma-dma-engine edma-dma-engine.0: Can't allocate PaRAM dummy slot
[    0.227840] edma-dma-engine: probe of edma-dma-engine.0 failed with error -5
[    0.228084] vdd_5v_in: 5000 mV 
[    0.228145] platform 1.regulator: Driver reg-fixed-voltage requests probe deferral
[    0.228174] platform 2.regulator: Driver reg-fixed-voltage requests probe deferral
[    0.228247] vdd_5v_sata: 5000 mV 
[    0.228267] vdd_5v_sata: supplied by vdd_5v_in
[    0.228379] usb1_vbus: 5000 mV 
[    0.228396] usb1_vbus: supplied by vdd_5v_in
[    0.228534] usb3_vbus: 5000 mV 
[    0.228550] usb3_vbus: supplied by vdd_5v_in
[    0.228613] platform 6.regulator: Driver reg-fixed-voltage requests probe deferral
[    0.228684] sys_3v3_pexs: 3300 mV 
[    0.228702] reg-fixed-voltage 7.regulator: Failed to find supply vin
[    0.228752] reg-fixed-voltage 7.regulator: Failed to register regulator: -517
[    0.228762] platform 7.regulator: Driver reg-fixed-voltage requests probe deferral
[    0.229476] vgaarb: loaded
[    0.229680] SCSI subsystem initialized
[    0.229784] libata version 3.00 loaded.
[    0.229898] usbcore: registered new interface driver usbfs
[    0.229920] usbcore: registered new interface driver hub
[    0.229990] usbcore: registered new device driver usb
[    0.232392] tps62361-vout: 500 <--> 1500 mV at 1160 mV 
[    0.232610] pps_core: LinuxPPS API ver. 1 registered
[    0.232615] pps_core: Software ver. 5.3.6 - Copyright 2005-2007 Rodolfo Giometti <giometti@linux.it>
[    0.232627] PTP clock support registered
[    0.232646] EDAC MC: Ver: 3.0.0
[    0.233268] Switched to clocksource timer_us
[    0.238028] NET: Registered protocol family 2
[    0.238371] TCP established hash table entries: 8192 (order: 4, 65536 bytes)
[    0.238459] TCP bind hash table entries: 8192 (order: 4, 65536 bytes)
[    0.238531] TCP: Hash tables configured (established 8192 bind 8192)
[    0.238611] TCP: reno registered
[    0.238621] UDP hash table entries: 512 (order: 2, 16384 bytes)
[    0.238681] UDP-Lite hash table entries: 512 (order: 2, 16384 bytes)
[    0.238892] NET: Registered protocol family 1
[    0.238913] PCI: CLS 0 bytes, default 64
[    0.240684] bounce pool size: 64 pages
[    0.244812] Block layer SCSI generic (bsg) driver version 0.4 loaded (major 251)
[    0.244822] io scheduler noop registered
[    0.244826] io scheduler deadline registered
[    0.244916] io scheduler cfq registered (default)
[    0.247205] tegra-apbdma 6000a000.dma: Tegra20 APB DMA driver register 32 channels
[    0.276067] Serial: 8250/16550 driver, 4 ports, IRQ sharing disabled
[    0.277359] 70006000.serial: ttyS0 at MMIO 0x70006000 (irq = 68) is a Tegra
[    0.590821] console [ttyS0] enabled
[    0.593228] [drm] Initialized drm 1.1.0 20060810
[    0.596746] [drm] Supports vblank timestamp caching Rev 1 (10.10.2010).
[    0.600064] [drm] No driver support for vblank timestamp query.
[    0.603046] tegra-host1x 50000000.host1x: No connectors reported connected with modes
[    0.606987] [drm] Cannot find any crtc or sizes - going 1024x768
[    0.623941] Console: switching to colour frame buffer device 128x48
[    0.633523] tegra-host1x 50000000.host1x: fb0:  frame buffer device
[    0.636667] tegra-host1x 50000000.host1x: registered panic notifier
[    0.639816] [drm] Initialized tegra 0.0.0 20120330 on minor 0
[    0.644207] ehci_hcd: USB 2.0 'Enhanced' Host Controller (EHCI) Driver
[    0.647481] ehci-pci: EHCI PCI platform driver
[    0.649725] ehci-platform: EHCI generic platform driver
[    0.652398] ehci-mxc: Freescale On-Chip EHCI Host driver
[    0.655101] ehci-omap: OMAP-EHCI Host Controller driver
[    0.657762] ehci-orion: EHCI orion driver
[    0.659813] SPEAr-ehci: EHCI SPEAr driver
[    0.661864] tegra-ehci: Tegra EHCI driver
[    0.664088] usbcore: registered new interface driver usb-storage
[    0.667580] mousedev: PS/2 mouse device common for all mice
[    0.670761] tegra_rtc 7000e000.rtc: rtc core: registered 7000e000.rtc as rtc0
[    0.674362] tegra_rtc 7000e000.rtc: Tegra internal Real Time Clock
[    0.677789] sdhci: Secure Digital Host Controller Interface driver
[    0.680888] sdhci: Copyright(c) Pierre Ossman
[    0.683265] sdhci-pltfm: SDHCI platform and OF driver helper
[    0.686314] sdhci-tegra 78000000.sdhci: Got CD GPIO #69.
[    0.688988] sdhci-tegra 78000000.sdhci: Got WP GPIO #155.
[    0.692721] mmc0: no vqmmc regulator found
[    0.694786] mmc0: no vmmc regulator found
[    0.696798] mmc0: Invalid maximum block size, assuming 512 bytes
[    0.743275] mmc0: SDHCI controller on 78000000.sdhci [78000000.sdhci] using ADMA
[    0.748041] mmc1: no vqmmc regulator found
[    0.750096] mmc1: no vmmc regulator found
[    0.752106] mmc1: Invalid maximum block size, assuming 512 bytes
[    0.793271] mmc1: SDHCI controller on 78000600.sdhci [78000600.sdhci] using ADMA
[    0.797213] usbcore: registered new interface driver usbhid
[    0.800008] usbhid: USB HID core driver
[    0.802102] TCP: cubic registered
[    0.804062] NET: Registered protocol family 10
[    0.806668] sit: IPv6 over IPv4 tunneling driver
[    0.809374] VFP support v0.3: implementor 41 architecture 3 part 30 variant 9 rev 4
[    0.813249] Registering SWP/SWPB emulation handler
[    0.816217] platform 1.regulator: Driver reg-fixed-voltage requests probe deferral
[    0.820215] platform 2.regulator: Driver reg-fixed-voltage requests probe deferral
[    0.824151] platform 6.regulator: Driver reg-fixed-voltage requests probe deferral
[    0.828143] sys_3v3_pexs: 3300 mV 
[    0.829878] reg-fixed-voltage 7.regulator: Failed to find supply vin
[    0.833107] reg-fixed-voltage 7.regulator: Failed to register regulator: -517
[    0.836704] platform 7.regulator: Driver reg-fixed-voltage requests probe deferral
[    0.841584] tegra_rtc 7000e000.rtc: setting system clock to 1970-01-01 00:03:11 UTC (191)
[    0.846249] Waiting for root device /dev/mmcblk0p1...
[    0.951607] mmc1: new high speed MMC card at address 0001
[    0.954583] mmcblk0: mmc1:0001 SEM16G 14.8 GiB 
[    0.956957] mmcblk0boot0: mmc1:0001 SEM16G partition 1 1.00 MiB
[    0.960019] mmcblk0boot1: mmc1:0001 SEM16G partition 2 1.00 MiB
[    0.963076] mmcblk0rpmb: mmc1:0001 SEM16G partition 3 128 KiB
[    0.969637] Primary GPT is invalid, using alternate GPT.
[    0.972320]  mmcblk0: p1 p2 p3 p4 p5
[    0.977433]  mmcblk0boot1: unknown partition table
[    0.982674]  mmcblk0boot0: unknown partition table
[    0.985321] platform 1.regulator: Driver reg-fixed-voltage requests probe deferral
[    0.989307] platform 2.regulator: Driver reg-fixed-voltage requests probe deferral
[    0.993221] platform 6.regulator: Driver reg-fixed-voltage requests probe deferral
[    0.997205] sys_3v3_pexs: 3300 mV 
[    0.998938] reg-fixed-voltage 7.regulator: Failed to find supply vin
[    1.002167] reg-fixed-voltage 7.regulator: Failed to register regulator: -517
[    1.005767] platform 7.regulator: Driver reg-fixed-voltage requests probe deferral
[    1.065133] EXT4-fs (mmcblk0p1): mounting ext3 file system using the ext4 subsystem
[    1.379409] EXT4-fs (mmcblk0p1): recovery complete
[    1.383312] EXT4-fs (mmcblk0p1): mounted filesystem with ordered data mode. Opts: (null)
[    1.387410] VFS: Mounted root (ext3 filesystem) on device 179:1.
[    1.395440] devtmpfs: mounted
[    1.397282] Freeing unused kernel memory: 456K (c0629000 - c069b000)
INIT: version 2.88 booting
[info] Using makefile-style concurrent boot in runlevel S.
[....] Starting the hotplug events dispatcher: udevd[    2.265385] udevd[157]: starting version 175
[ ok .
[....] Synthesizing the initial hotplug events...[ ok done.
[....] Waiting for /dev to be fully populated...[ ok done.
[....] Activating swap...[ ok done.
[    3.499385] EXT4-fs (mmcblk0p1): re-mounted. Opts: (null)
[....] Cleaning up temporary files... /tmp[ ok .
[....] Activating lvm and md swap...[ ok done.
[....] Checking file systems...fsck from util-linux 2.20.1
[ ok done.
[....] Mounting local filesystems...[ ok done.
[....] Activating swapfile swap...[ ok done.
[....] Cleaning up temporary files...[ ok .
[....] Setting kernel variables ...[ ok done.
[....] Configuring network interfaces...[ ok done.
[....] Starting rpcbind daemon...[ ok .
[....] Starting NFS common utilities: statd[ ok .
[....] Cleaning up temporary files...[ ok .
[....] Starting network benchmark server[ ok .
INIT: Entering runlevel: 2
[info] Using makefile-style concurrent boot in runlevel 2.
[....] Starting network benchmark server[FAIL failed!
[....] Starting rpcbind daemon...[....] Already running.[ ok .
[....] Starting NFS common utilities: statd[ ok .
[....] Starting system message bus: dbus[ ok .

Debian GNU/Linux wheezy/sid armel ttyS0

armel login: 