
U-Boot SPL 2014.07-00097-g772e173 (Jul 25 2014 - 20:02:52)


U-Boot 2014.07-00097-g772e173 (Jul 25 2014 - 20:02:52)

TEGRA124
Board: NVIDIA Jetson TK1
I2C:   ready
DRAM:  2 GiB
MMC:   Tegra SD/MMC: 0, Tegra SD/MMC: 1
In:    serial
Out:   serial
Err:   serial
Net:   Net Initialization Skipped
No ethernet found.
Hit any key to stop autoboot:  2  0 
Tegra124 (Jetson TK1) # 
Tegra124 (Jetson TK1) # usb reset
(Re)start USB...
USB0:   USB EHCI 1.10
scanning bus 0 for devices... 1 USB Device(s) found
USB1:   USB EHCI 1.10
scanning bus 1 for devices... 2 USB Device(s) found
       scanning usb for storage devices... 0 Storage Device(s) found
       scanning usb for ethernet devices... 
Warning: asx0 using MAC address from net device
1 Ethernet Device(s) found
Tegra124 (Jetson TK1) # setenv bootargs 'ignore_loglevel console=ttyS0,115200n8 rw root=/dev/mmcblk0p1 rootwait gpt debug init=/bin/bash noinitrd'
Tegra124 (Jetson TK1) # setenv ipaddr 192.168.100.102; setenv serverip 192.168.100.1; setenv tftpserverip 192.168.100.1
Tegra124 (Jetson TK1) # tftpboot 0x81000000 zImage.multi_v7_defconfig
Using asx0 device
TFTP from server 192.168.100.1; our IP address is 192.168.100.102
Filename 'zImage.multi_v7_defconfig'.
Load address: 0x81000000
Loading: *#################################################################
	 #################################################################
	 #################################################################
	 #################################################################
	 #################################################################
	 #################################################################
	 ##
	 3.1 MiB/s
done
Bytes transferred = 5741712 (579c90 hex)
Tegra124 (Jetson TK1) # tftpboot 0x82000000 tegra124-jetson-tk1.dtb
Using asx0 device
TFTP from server 192.168.100.1; our IP address is 192.168.100.102
Filename 'tegra124-jetson-tk1.dtb'.
Load address: 0x82000000
Loading: *####
	 2.9 MiB/s
done
Bytes transferred = 48898 (bf02 hex)
Tegra124 (Jetson TK1) # bootz 0x81000000 - 0x82000000
Kernel image @ 0x81000000 [ 0x000000 - 0x579c90 ]
## Flattened Device Tree blob at 82000000
   Booting using the fdt blob at 0x82000000
   Using Device Tree in place at 82000000, end 8200ef01

Starting kernel ...

[    0.000000] Booting Linux on physical CPU 0x0
[    0.000000] Linux version 3.18.0-next-20141217-106643-g5fef85d (pwalmsley@tamien) (gcc version 4.7.3 20130328 (prerelease) (crosstool-NG linaro-1.13.1-4.7-2013.04-20130415 - Linaro GCC 2013.04) ) #1 SMP Tue Dec 16 21:18:51 PST 2014
[    0.000000] CPU: ARMv7 Processor [413fc0f3] revision 3 (ARMv7), cr=10c5387d
[    0.000000] CPU: PIPT / VIPT nonaliasing data cache, PIPT instruction cache
[    0.000000] Machine model: NVIDIA Tegra124 Jetson TK1
[    0.000000] debug: ignoring loglevel setting.
[    0.000000] cma: Reserved 64 MiB at 0xfb800000
[    0.000000] Memory policy: Data cache writealloc
[    0.000000] On node 0 totalpages: 524032
[    0.000000] free_area_init_node: node 0, pgdat c0dfb5c0, node_mem_map ee7f8000
[    0.000000]   DMA zone: 1520 pages used for memmap
[    0.000000]   DMA zone: 0 pages reserved
[    0.000000]   DMA zone: 194560 pages, LIFO batch:31
[    0.000000]   HighMem zone: 329472 pages, LIFO batch:31
[    0.000000] PERCPU: Embedded 10 pages/cpu @ee79e000 s8512 r8192 d24256 u40960
[    0.000000] pcpu-alloc: s8512 r8192 d24256 u40960 alloc=10*4096
[    0.000000] pcpu-alloc: [0] 0 [0] 1 [0] 2 [0] 3 
[    0.000000] Built 1 zonelists in Zone order, mobility grouping on.  Total pages: 522512
[    0.000000] Kernel command line: ignore_loglevel console=ttyS0,115200n8 rw root=/dev/mmcblk0p1 rootwait gpt debug init=/bin/bash noinitrd
[    0.000000] PID hash table entries: 4096 (order: 2, 16384 bytes)
[    0.000000] Dentry cache hash table entries: 131072 (order: 7, 524288 bytes)
[    0.000000] Inode-cache hash table entries: 65536 (order: 6, 262144 bytes)
[    0.000000] Memory: 2000424K/2096128K available (7473K kernel code, 957K rwdata, 3048K rodata, 764K init, 306K bss, 30168K reserved, 65536K cma-reserved, 1252352K highmem)
[    0.000000] Virtual kernel memory layout:
[    0.000000]     vector  : 0xffff0000 - 0xffff1000   (   4 kB)
[    0.000000]     fixmap  : 0xffc00000 - 0xfff00000   (3072 kB)
[    0.000000]     vmalloc : 0xf0000000 - 0xff000000   ( 240 MB)
[    0.000000]     lowmem  : 0xc0000000 - 0xef800000   ( 760 MB)
[    0.000000]     pkmap   : 0xbfe00000 - 0xc0000000   (   2 MB)
[    0.000000]     modules : 0xbf000000 - 0xbfe00000   (  14 MB)
[    0.000000]       .text : 0xc0208000 - 0xc0c4e844   (10523 kB)
[    0.000000]       .init : 0xc0c4f000 - 0xc0d0e000   ( 764 kB)
[    0.000000]       .data : 0xc0d0e000 - 0xc0dfd4a0   ( 958 kB)
[    0.000000]        .bss : 0xc0dfd4a0 - 0xc0e49f68   ( 307 kB)
[    0.000000] SLUB: HWalign=64, Order=0-3, MinObjects=0, CPUs=4, Nodes=1
[    0.000000] Hierarchical RCU implementation.
[    0.000000] 	RCU restricting CPUs from NR_CPUS=8 to nr_cpu_ids=4.
[    0.000000] RCU: Adjusting geometry for rcu_fanout_leaf=16, nr_cpu_ids=4
[    0.000000] NR_IRQS:16 nr_irqs:16 16
[    0.000000] L2C: failed to init: -19
[    0.000008] sched_clock: 32 bits at 1000kHz, resolution 1000ns, wraps every 2147483648000ns
[    0.000028] Switching to timer-based delay loop, resolution 1000ns
[    0.003776] Architected cp15 timer(s) running at 12.00MHz (virt).
[    0.003799] sched_clock: 56 bits at 12MHz, resolution 83ns, wraps every 2863311536128ns
[    0.003812] Switching to timer-based delay loop, resolution 83ns
[    0.004185] Console: colour dummy device 80x30
[    0.004208] Calibrating delay loop (skipped), value calculated using timer frequency.. 24.00 BogoMIPS (lpj=60000)
[    0.004223] pid_max: default: 32768 minimum: 301
[    0.004342] Mount-cache hash table entries: 2048 (order: 1, 8192 bytes)
[    0.004353] Mountpoint-cache hash table entries: 2048 (order: 1, 8192 bytes)
[    0.004966] CPU: Testing write buffer coherency: ok
[    0.005171] /cpus/cpu@0 missing clock-frequency property
[    0.005205] /cpus/cpu@1 missing clock-frequency property
[    0.005237] /cpus/cpu@2 missing clock-frequency property
[    0.005272] /cpus/cpu@3 missing clock-frequency property
[    0.005284] CPU0: thread -1, cpu 0, socket 0, mpidr 80000000
[    0.005328] Setting up static identity map for 0x80910218 - 0x809102b0
[    0.007601] Tegra Revision: A01 SKU: 129 CPU Process: 1 Core Process: 1
[    0.008748] CPU1: thread -1, cpu 1, socket 0, mpidr 80000001
[    0.009250] CPU2: thread -1, cpu 2, socket 0, mpidr 80000002
[    0.009746] CPU3: thread -1, cpu 3, socket 0, mpidr 80000003
[    0.009809] Brought up 4 CPUs
[    0.009828] CPU: All CPU(s) started in SVC mode.
[    0.010350] devtmpfs: initialized
[    0.011200] VFP support v0.3: implementor 41 architecture 4 part 30 variant f rev 0
[    0.013052] pinctrl core: initialized pinctrl subsystem
[    0.028910] NET: Registered protocol family 16
[    0.030897] DMA: preallocated 256 KiB pool for atomic coherent allocations
[    0.043562] cpuidle: using governor ladder
[    0.058577] cpuidle: using governor menu
[    0.073601] No ATAGs?
[    0.073635] hw-breakpoint: found 5 (+1 reserved) breakpoint and 4 watchpoint registers.
[    0.073646] hw-breakpoint: maximum watchpoint size is 8 bytes.
[    0.077220] Serial: AMBA PL011 UART driver
[    0.102816] +5V_SYS: supplied by +VDD_MUX
[    0.103091] +3.3V_SYS: supplied by +VDD_MUX
[    0.103243] platform regulators:regulator@3: Driver reg-fixed-voltage requests probe deferral
[    0.103449] reg-fixed-voltage regulators:regulator@4: Failed to find supply vin
[    0.103558] reg-fixed-voltage regulators:regulator@4: Failed to register regulator: -517
[    0.103580] platform regulators:regulator@4: Driver reg-fixed-voltage requests probe deferral
[    0.103778] +USB0_VBUS_SW: Failed to request enable GPIO108: -517
[    0.103870] reg-fixed-voltage regulators:regulator@7: Failed to register regulator: -517
[    0.103890] platform regulators:regulator@7: Driver reg-fixed-voltage requests probe deferral
[    0.104063] +5V_USB_HS: Failed to request enable GPIO109: -517
[    0.104151] reg-fixed-voltage regulators:regulator@8: Failed to register regulator: -517
[    0.104171] platform regulators:regulator@8: Driver reg-fixed-voltage requests probe deferral
[    0.104252] platform regulators:regulator@10: Driver reg-fixed-voltage requests probe deferral
[    0.104422] +1.05V_RUN_AVDD_HDMI_PLL: Failed to request enable GPIO63: -517
[    0.104509] reg-fixed-voltage regulators:regulator@11: Failed to register regulator: -517
[    0.104530] platform regulators:regulator@11: Driver reg-fixed-voltage requests probe deferral
[    0.104698] +5V_HDMI_CON: Failed to request enable GPIO86: -517
[    0.104785] reg-fixed-voltage regulators:regulator@12: Failed to register regulator: -517
[    0.104805] platform regulators:regulator@12: Driver reg-fixed-voltage requests probe deferral
[    0.104974] +5V_SATA: Failed to request enable GPIO242: -517
[    0.105060] reg-fixed-voltage regulators:regulator@13: Failed to register regulator: -517
[    0.105079] platform regulators:regulator@13: Driver reg-fixed-voltage requests probe deferral
[    0.105248] +12V_SATA: Failed to request enable GPIO242: -517
[    0.105334] reg-fixed-voltage regulators:regulator@14: Failed to register regulator: -517
[    0.105354] platform regulators:regulator@14: Driver reg-fixed-voltage requests probe deferral
[    0.107826] vgaarb: loaded
[    0.108500] SCSI subsystem initialized
[    0.108690] libata version 3.00 loaded.
[    0.109023] usbcore: registered new interface driver usbfs
[    0.109090] usbcore: registered new interface driver hub
[    0.109165] usbcore: registered new device driver usb
[    0.112705] Linux video capture interface: v2.00
[    0.112756] pps_core: LinuxPPS API ver. 1 registered
[    0.112766] pps_core: Software ver. 5.3.6 - Copyright 2005-2007 Rodolfo Giometti <giometti@linux.it>
[    0.112796] PTP clock support registered
[    0.113017] EDAC MC: Ver: 3.0.0
[    0.113719] Advanced Linux Sound Architecture Driver Initialized.
[    0.114790] Switched to clocksource arch_sys_counter
[    0.125717] NET: Registered protocol family 2
[    0.126263] TCP established hash table entries: 8192 (order: 3, 32768 bytes)
[    0.126352] TCP bind hash table entries: 8192 (order: 4, 65536 bytes)
[    0.126538] TCP: Hash tables configured (established 8192 bind 8192)
[    0.126585] TCP: reno registered
[    0.126598] UDP hash table entries: 512 (order: 2, 16384 bytes)
[    0.126640] UDP-Lite hash table entries: 512 (order: 2, 16384 bytes)
[    0.126821] NET: Registered protocol family 1
[    0.127036] RPC: Registered named UNIX socket transport module.
[    0.127046] RPC: Registered udp transport module.
[    0.127054] RPC: Registered tcp transport module.
[    0.127061] RPC: Registered tcp NFSv4.1 backchannel transport module.
[    0.127082] PCI: CLS 0 bytes, default 64
[    0.129365] futex hash table entries: 1024 (order: 4, 65536 bytes)
[    0.141190] squashfs: version 4.0 (2009/01/31) Phillip Lougher
[    0.141953] NFS: Registering the id_resolver key type
[    0.141980] Key type id_resolver registered
[    0.141988] Key type id_legacy registered
[    0.142067] ntfs: driver 2.1.31 [Flags: R/O].
[    0.143233] bounce: pool size: 64 pages
[    0.143455] Block layer SCSI generic (bsg) driver version 0.4 loaded (major 249)
[    0.143476] io scheduler noop registered
[    0.143494] io scheduler deadline registered
[    0.143701] io scheduler cfq registered (default)
[    0.157528] tegra-pcie 1003000.pcie-controller: 2x1, 1x1 configuration
[    0.157578] tegra-pcie 1003000.pcie-controller: Failed to get supply 'avddio-pex': -517
[    0.157612] platform 1003000.pcie-controller: Driver tegra-pcie requests probe deferral
[    0.162930] tegra-apbdma 60020000.dma: Tegra20 APB DMA driver register 32 channels
[    0.226332] Serial: 8250/16550 driver, 4 ports, IRQ sharing disabled
[    0.228688] msm_serial: driver initialized
[    0.229517] console [ttyS0] disabled
[    0.229554] of_serial 70006300.serial: ttyS0 at MMIO 0x70006300 (irq = 330, base_baud = 25500000) is a Tegra
[    1.100065] console [ttyS0] enabled
[    1.104312] STMicroelectronics ASC driver initialized
[    1.110459] [drm] Initialized drm 1.1.0 20060810
[    1.116572] tegra-hdmi 54280000.hdmi: failed to get HDMI regulator
[    1.122777] platform 54280000.hdmi: Driver tegra-hdmi requests probe deferral
[    1.136120] loop: module loaded
[    1.139549] at24 0-0056: 256 byte 24c02 EEPROM, writable, 8 bytes/write
[    1.147400] as3722 4-0040: AS3722 with revision 0x1 found
[    1.158360] +1.35V_LP0(sd2): supplied by +5V_SYS
[    1.163541] +1.35V_LP0(sd3): supplied by +5V_SYS
[    1.168697] +1.05V_RUN: supplied by +5V_SYS
[    1.173313] +1.8V_VDDIO: supplied by +5V_SYS
[    1.179370] +1.05V_RUN_AVDD: supplied by +1.35V_LP0(sd2)
[    1.185700] as3722-regulator as3722-regulator: Failed to find supply vin-ldo1-6
[    1.193122] as3722-regulator as3722-regulator: regulator 8 register failed -517
[    1.201654] platform as3722-regulator: Driver as3722-regulator requests probe deferral
[    1.211692] tegra-ahci 70027000.sata: Failed to get supply 'avdd': -517
[    1.218317] tegra-ahci 70027000.sata: Failed to get regulators
[    1.224184] platform 70027000.sata: Driver tegra-ahci requests probe deferral
[    1.234762] m25p80 spi32765.0: w25q32dw (4096 Kbytes)
[    1.242500] CAN device driver interface
[    1.247533] igb: Intel(R) Gigabit Ethernet Network Driver - version 5.2.15-k
[    1.254583] igb: Copyright (c) 2007-2014 Intel Corporation.
[    1.261949] pegasus: v0.9.3 (2013/04/25), Pegasus/Pegasus II USB Ethernet driver
[    1.269399] usbcore: registered new interface driver pegasus
[    1.275137] usbcore: registered new interface driver asix
[    1.280594] usbcore: registered new interface driver ax88179_178a
[    1.286745] usbcore: registered new interface driver cdc_ether
[    1.292655] usbcore: registered new interface driver smsc75xx
[    1.298483] usbcore: registered new interface driver smsc95xx
[    1.304291] usbcore: registered new interface driver net1080
[    1.310008] usbcore: registered new interface driver cdc_subset
[    1.315983] usbcore: registered new interface driver zaurus
[    1.321652] usbcore: registered new interface driver cdc_ncm
[    1.327655] ehci_hcd: USB 2.0 'Enhanced' Host Controller (EHCI) Driver
[    1.334190] ehci-pci: EHCI PCI platform driver
[    1.338694] ehci-platform: EHCI generic platform driver
[    1.344113] ehci-omap: OMAP-EHCI Host Controller driver
[    1.349487] ehci-orion: EHCI orion driver
[    1.353644] SPEAr-ehci: EHCI SPEAr driver
[    1.357803] ehci-st: EHCI STMicroelectronics driver
[    1.362826] tegra-ehci: Tegra EHCI driver
[    1.367316] ohci_hcd: USB 1.1 'Open' Host Controller (OHCI) Driver
[    1.373517] ohci-pci: OHCI PCI platform driver
[    1.378023] ohci-platform: OHCI generic platform driver
[    1.383396] ohci-omap3: OHCI OMAP3 driver
[    1.387553] SPEAr-ohci: OHCI SPEAr driver
[    1.391712] ohci-st: OHCI STMicroelectronics driver
[    1.397147] usbcore: registered new interface driver usb-storage
[    1.403378] tegra-phy 7d004000.usb-phy: no vbus regulator
[    1.409038] platform 7d008000.usb-phy: Driver tegra-phy requests probe deferral
[    1.417933] mousedev: PS/2 mouse device common for all mice
[    1.426790] as3722-rtc as3722-rtc: rtc core: registered as3722-rtc as rtc0
[    1.433680] as3722-rtc as3722-rtc: RTC interrupt 364
[    1.441765] tegra_rtc 7000e000.rtc: rtc core: registered 7000e000.rtc as rtc1
[    1.448947] tegra_rtc 7000e000.rtc: Tegra internal Real Time Clock
[    1.455665] i2c /dev entries driver
[    1.461346] usbcore: registered new interface driver uvcvideo
[    1.467098] USB Video Class driver (1.1.1)
[    1.471201] gspca_main: v2.14.0 registered
[    1.476468] 0-004c supply vcc not found, using dummy regulator
[    1.486853] Driver 'mmcblk' needs updating - please use bus_type methods
[    1.493638] sdhci: Secure Digital Host Controller Interface driver
[    1.499821] sdhci: Copyright(c) Pierre Ossman
[    1.505175] Synopsys Designware Multimedia Card Interface Driver
[    1.512097] sdhci-pltfm: SDHCI platform and OF driver helper
[    1.518413] sdhci-tegra 700b0400.sdhci: Got CD GPIO
[    1.523315] sdhci-tegra 700b0400.sdhci: Got WP GPIO
[    1.528233] mmc0: Unknown controller version (3). You may experience problems.
[    1.535537] sdhci-tegra 700b0400.sdhci: No vmmc regulator found
[    1.541496] platform 700b0400.sdhci: Driver sdhci-tegra requests probe deferral
[    1.548927] mmc0: Unknown controller version (3). You may experience problems.
[    1.556202] sdhci-tegra 700b0600.sdhci: No vmmc regulator found
[    1.562129] sdhci-tegra 700b0600.sdhci: No vqmmc regulator found
[    1.568138] mmc0: Invalid maximum block size, assuming 512 bytes
[    1.609812] mmc0: SDHCI controller on 700b0600.sdhci [700b0600.sdhci] using ADMA 64-bit
[    1.618899] ledtrig-cpu: registered to indicate activity on CPUs
[    1.625149] usbcore: registered new interface driver usbhid
[    1.630733] usbhid: USB HID core driver
[    1.638988] usbcore: registered new interface driver snd-usb-audio
[    1.678802] mmc0: BKOPS_EN bit is not set
[    1.686088] mmc0: new high speed MMC card at address 0001
[    1.691841] mmcblk0: mmc0:0001 SEM16G 14.6 GiB 
[    1.696487] mmcblk0boot0: mmc0:0001 SEM16G partition 1 4.00 MiB
[    1.702518] mmcblk0boot1: mmc0:0001 SEM16G partition 2 4.00 MiB
[    1.708551] mmcblk0rpmb: mmc0:0001 SEM16G partition 3 4.00 MiB
[    1.716358] Primary GPT is invalid, using alternate GPT.
[    1.721704]  mmcblk0: p1 p2 p3 p4 p5 p6 p7 p8 p9
[    2.062538] tegra30-i2s 70301100.i2s: DMA channels sourced from device 70300000.ahub
[    2.078914] tegra-snd-rt5640 sound: rt5640-aif1 <-> 70301100.i2s mapping ok
[    2.088905] input: NVIDIA Tegra Jetson TK1 Headphones as /devices/soc0/sound/sound/card0/input0
[    2.098975] TCP: cubic registered
[    2.102314] NET: Registered protocol family 17
[    2.106781] can: controller area network core (rev 20120528 abi 9)
[    2.113026] NET: Registered protocol family 29
[    2.117484] can: raw protocol (rev 20120528)
[    2.121767] can: broadcast manager protocol (rev 20120528 t)
[    2.127441] can: netlink gateway (rev 20130117) max_hops=1
[    2.133315] Key type dns_resolver registered
[    2.138208] ThumbEE CPU extension supported.
[    2.142500] Registering SWP/SWPB emulation handler
[    2.149643] +3.3V_RUN: supplied by +3.3V_SYS
[    2.154357] +3.3V_AVDD_HDMI_AP_GATED: supplied by +3.3V_RUN
[    2.160590] +USB0_VBUS_SW: supplied by +5V_SYS
[    2.165665] +5V_USB_HS: supplied by +5V_SYS
[    2.171165] +3.3V_LP0: supplied by +3.3V_SYS
[    2.176039] reg-fixed-voltage regulators:regulator@11: Failed to find supply vin
[    2.183621] reg-fixed-voltage regulators:regulator@11: Failed to register regulator: -517
[    2.191857] platform regulators:regulator@11: Driver reg-fixed-voltage requests probe deferral
[    2.201614] +5V_HDMI_CON: supplied by +5V_SYS
[    2.206563] +5V_SATA: supplied by +5V_SYS
[    2.211204] +12V_SATA: supplied by +VDD_MUX
[    2.216040] tegra-pcie 1003000.pcie-controller: 2x1, 1x1 configuration
[    2.222660] tegra-pcie 1003000.pcie-controller: Failed to get supply 'avddio-pex': -517
[    2.230744] platform 1003000.pcie-controller: Driver tegra-pcie requests probe deferral
[    2.239912] tegra-hdmi 54280000.hdmi: failed to get PLL regulator
[    2.246145] platform 54280000.hdmi: Driver tegra-hdmi requests probe deferral
[    2.256140] +1.35V_LP0(sd2): supplied by +5V_SYS
[    2.261065] +1.35V_LP0(sd3): supplied by +5V_SYS
[    2.266081] +1.05V_RUN: supplied by +5V_SYS
[    2.270656] +1.8V_VDDIO: supplied by +5V_SYS
[    2.276461] +1.05V_RUN_AVDD: supplied by +1.35V_LP0(sd2)
[    2.282340] +1.8V_RUN_CAM: supplied by +3.3V_RUN
[    2.288164] +1.2V_GEN_AVDD: supplied by +1.8V_VDDIO
[    2.294383] +1.05V_LP0_VDD_RTC: supplied by +3.3V_SYS
[    2.300030] +2.8V_RUN_CAM: supplied by +3.3V_SYS
[    2.305196] +1.2V_RUN_CAM_FRONT: supplied by +1.8V_VDDIO
[    2.310940] +VDDIO_SDMMC3: supplied by +3.3V_RUN
[    2.316113] +1.05V_RUN_CAM_REAR: supplied by +1.8V_VDDIO
[    2.322138] +3.3V_RUN_TOUCH: supplied by +5V_SYS
[    2.327319] +2.8V_RUN_CAM_AF: supplied by +5V_SYS
[    2.332584] +1.8V_RUN_VPP_FUSE: supplied by +3.3V_RUN
[    2.339779] tegra-ahci 70027000.sata: AHCI 0001.0301 32 slots 2 ports 3 Gbps 0x1 impl platform mode
[    2.348859] tegra-ahci 70027000.sata: flags: 64bit ncq sntf pm led pio slum part sadm sds apst 
[    2.359365] scsi host0: ahci_platform
[    2.363951] scsi host1: ahci_platform
[    2.367991] ata1: SATA max UDMA/133 mmio [mem 0x70027000-0x70028fff] port 0x100 irq 340
[    2.376000] ata2: DUMMY
[    2.380321] sdhci-tegra 700b0400.sdhci: Got CD GPIO
[    2.385256] sdhci-tegra 700b0400.sdhci: Got WP GPIO
[    2.390184] mmc1: Unknown controller version (3). You may experience problems.
[    2.397560] sdhci-tegra 700b0400.sdhci: No vmmc regulator found
[    2.403517] mmc1: Invalid maximum block size, assuming 512 bytes
[    2.445354] mmc1: SDHCI controller on 700b0400.sdhci [700b0400.sdhci] using ADMA 64-bit
[    2.453870] +1.05V_RUN_AVDD_HDMI_PLL: supplied by +1.05V_RUN
[    2.460055] tegra-pcie 1003000.pcie-controller: 2x1, 1x1 configuration
[    2.467801] tegra-pcie 1003000.pcie-controller: probing port 0, using 2 lanes
[    2.476988] tegra-pcie 1003000.pcie-controller: Slot present pin change, signature: 00000008
[    2.699958] ata1: SATA link down (SStatus 0 SControl 300)
[    2.904582] tegra-pcie 1003000.pcie-controller: link 0 down, retrying
[    3.332920] tegra-pcie 1003000.pcie-controller: link 0 down, retrying
[    3.761262] tegra-pcie 1003000.pcie-controller: link 0 down, retrying
[    3.769837] tegra-pcie 1003000.pcie-controller: link 0 down, ignoring
[    3.776322] tegra-pcie 1003000.pcie-controller: probing port 1, using 1 lanes
[    3.785580] tegra-pcie 1003000.pcie-controller: Slot present pin change, signature: 00000000
[    4.213568] tegra-pcie 1003000.pcie-controller: link 1 down, retrying
[    4.641749] tegra-pcie 1003000.pcie-controller: link 1 down, retrying
[    5.069958] tegra-pcie 1003000.pcie-controller: link 1 down, retrying
[    5.078538] tegra-pcie 1003000.pcie-controller: link 1 down, ignoring
[    5.085235] tegra-pcie 1003000.pcie-controller: PCI host bridge to bus 0000:00
[    5.092466] pci_bus 0000:00: root bus resource [mem 0x13000000-0x1fffffff]
[    5.099345] pci_bus 0000:00: root bus resource [mem 0x20000000-0x3fffffff pref]
[    5.106658] pci_bus 0000:00: root bus resource [bus 00-ff]
[    5.112148] pci_bus 0000:00: root bus resource [io  0x1000-0xffff]
[    5.118358] PCI: bus0: Fast back to back transfers enabled
[    5.126172] [drm] Supports vblank timestamp caching Rev 2 (21.10.2013).
[    5.132831] [drm] No driver support for vblank timestamp query.
[    5.138773] host1x drm: No connectors reported connected with modes
[    5.145066] [drm] Cannot find any crtc or sizes - going 1024x768
[    5.164579] Console: switching to colour frame buffer device 128x48
[    5.178131] host1x drm: fb0:  frame buffer device
[    5.182867] host1x drm: registered panic notifier
[    5.204938] [drm] Initialized tegra 0.0.0 20120330 on minor 0
[    5.211736] input: gpio-keys as /devices/soc0/gpio-keys/input/input1
[    5.219090] as3722-rtc as3722-rtc: setting system clock to 2000-02-01 00:00:18 UTC (949363218)
[    5.238744] +1.05V_RUN_AVDD_HDMI_PLL: disabling
[    5.243290] +1.8V_RUN_VPP_FUSE: disabling
[    5.247712] +2.8V_RUN_CAM_AF: disabling
[    5.251915] +3.3V_RUN_TOUCH: disabling
[    5.256032] +1.05V_RUN_CAM_REAR: disabling
[    5.260496] +1.2V_RUN_CAM_FRONT: disabling
[    5.264941] +2.8V_RUN_CAM: disabling
[    5.268643] +1.8V_RUN_CAM: disabling
[    5.272569] +USB0_VBUS_SW: disabling
[    5.276172] +3.3V_AVDD_HDMI_AP_GATED: disabling
[    5.281046] ALSA device list:
[    5.284010]   #0: NVIDIA Tegra Jetson TK1
[    5.289285] EXT4-fs (mmcblk0p1): couldn't mount as ext3 due to feature incompatibilities
[    5.298062] EXT4-fs (mmcblk0p1): couldn't mount as ext2 due to feature incompatibilities
[    5.312482] EXT4-fs (mmcblk0p1): recovery complete
[    5.317317] EXT4-fs (mmcblk0p1): mounted filesystem with ordered data mode. Opts: (null)
[    5.325447] VFS: Mounted root (ext4 filesystem) on device 179:1.
[    5.336056] devtmpfs: mounted
[    5.339605] Freeing unused kernel memory: 764K (c0c4f000 - c0d0e000)
bash: cannot set terminal process group (-1): Inappropriate ioctl for device
bash: no job control in this shell
root@(none):/# 