
U-Boot SPL 2016.05-rc2 (Apr 21 2016 - 16:23:00)
Trying to boot from RAM


U-Boot 2016.05-rc2 (Apr 21 2016 - 16:23:00 -0700)

TEGRA124
Model: NVIDIA Jetson TK1
Board: NVIDIA Jetson TK1
DRAM:  2 GiB
MC:   Tegra SD/MMC: 0, Tegra SD/MMC: 1
In:    serial
Out:   serial
Err:   serial
Net:   No ethernet found.
Hit any key to stop autoboot:  2  0 
Tegra124 (Jetson TK1) # 
Tegra124 (Jetson TK1) # pci enum
Tegra124 (Jetson TK1) # setenv bootargs 'ignore_loglevel console=ttyS0,115200n8 rw root=PARTUUID=b1791faa-84e8-4e27-83a1-9fb0a77e8803 rootwait gpt debug noinitrd earlyprintk init=/bin/bash'
Tegra124 (Jetson TK1) # setenv ipaddr 192.168.100.102; setenv serverip 192.168.100.1; setenv tftpserverip 192.168.100.1
Tegra124 (Jetson TK1) # tftpboot 0x82000000 zImage.tegra_defconfig%tegra-fw

Warning: eth_rtl8169 using MAC address from ROM
Using eth_rtl8169 device
TFTP from server 192.168.100.1; our IP address is 192.168.100.102
Filename 'zImage.tegra_defconfig%tegra-fw'.
Load address: 0x82000000
Loading: *#################################################################
	 #################################################################
	 #################################################################
	 #################################################################
	 #################################################################
	 #################################################################
	 ###########################################
	 4 MiB/s
done
Bytes transferred = 6354488 (60f638 hex)
Tegra124 (Jetson TK1) # tftpboot 0x83000000 tegra124-jetson-tk1.dtb
Using eth_rtl8169 device
TFTP from server 192.168.100.1; our IP address is 192.168.100.102
Filename 'tegra124-jetson-tk1.dtb'.
Load address: 0x83000000
Loading: *#####
	 3.7 MiB/s
done
Bytes transferred = 66544 (103f0 hex)
Tegra124 (Jetson TK1) # bootz 0x82000000 - 0x83000000
Kernel image @ 0x82000000 [ 0x000000 - 0x60f638 ]
## Flattened Device Tree blob at 83000000
   Booting using the fdt blob at 0x83000000
   Using Device Tree in place at 83000000, end 830133ef

Starting kernel ...

[    0.000000] Booting Linux on physical CPU 0x0
[    0.000000] Linux version 4.15.0-rc3-next-20171218-221814-g53600ec (jonathanh@sellafield) (gcc version 4.7.3 20130328 (prerelease) (crosstool-NG linaro-1.13.1-4.7-2013.04-20130415 - Linaro GCC 2013.04)) #1 SMP PREEMPT Mon Dec 18 05:12:28 PST 2017
[    0.000000] CPU: ARMv7 Processor [413fc0f3] revision 3 (ARMv7), cr=10c5387d
[    0.000000] CPU: div instructions available: patching division code
[    0.000000] CPU: PIPT / VIPT nonaliasing data cache, PIPT instruction cache
[    0.000000] OF: fdt: Machine model: NVIDIA Tegra124 Jetson TK1
[    0.000000] debug: ignoring loglevel setting.
[    0.000000] bootconsole [earlycon0] enabled
[    0.000000] Memory policy: Data cache writealloc
[    0.000000] cma: Reserved 64 MiB at 0xfbc00000
[    0.000000] On node 0 totalpages: 524032
[    0.000000]   Normal zone: 1536 pages used for memmap
[    0.000000]   Normal zone: 0 pages reserved
[    0.000000]   Normal zone: 196608 pages, LIFO batch:31
[    0.000000]   HighMem zone: 327424 pages, LIFO batch:31
[    0.000000] random: fast init done
[    0.000000] percpu: Embedded 17 pages/cpu @(ptrval) s39104 r8192 d22336 u69632
[    0.000000] pcpu-alloc: s39104 r8192 d22336 u69632 alloc=17*4096
[    0.000000] pcpu-alloc: [0] 0 [0] 1 [0] 2 [0] 3 
[    0.000000] Built 1 zonelists, mobility grouping on.  Total pages: 522496
[    0.000000] Kernel command line: ignore_loglevel console=ttyS0,115200n8 rw root=PARTUUID=b1791faa-84e8-4e27-83a1-9fb0a77e8803 rootwait gpt debug noinitrd earlyprintk init=/bin/bash
[    0.000000] Dentry cache hash table entries: 131072 (order: 7, 524288 bytes)
[    0.000000] Inode-cache hash table entries: 65536 (order: 6, 262144 bytes)
[    0.000000] Memory: 1997468K/2096128K available (9216K kernel code, 778K rwdata, 2832K rodata, 1024K init, 298K bss, 33124K reserved, 65536K cma-reserved, 1244160K highmem)
[    0.000000] Virtual kernel memory layout:
[    0.000000]     vector  : 0xffff0000 - 0xffff1000   (   4 kB)
[    0.000000]     fixmap  : 0xffc00000 - 0xfff00000   (3072 kB)
[    0.000000]     vmalloc : 0xf0800000 - 0xff800000   ( 240 MB)
[    0.000000]     lowmem  : 0xc0000000 - 0xf0000000   ( 768 MB)
[    0.000000]     pkmap   : 0xbfe00000 - 0xc0000000   (   2 MB)
[    0.000000]     modules : 0xbf000000 - 0xbfe00000   (  14 MB)
[    0.000000]       .text : 0x(ptrval) - 0x(ptrval)   (10208 kB)
[    0.000000]       .init : 0x(ptrval) - 0x(ptrval)   (1024 kB)
[    0.000000]       .data : 0x(ptrval) - 0x(ptrval)   ( 779 kB)
[    0.000000]        .bss : 0x(ptrval) - 0x(ptrval)   ( 299 kB)
[    0.000000] Preemptible hierarchical RCU implementation.
[    0.000000] 	Tasks RCU enabled.
[    0.000000] NR_IRQS: 16, nr_irqs: 16, preallocated irqs: 16
[    0.000000] /interrupt-controller@60004000: 160 interrupts forwarded to /interrupt-controller@50041000
[    0.000000] Tegra clk 127: register failed with -17
[    0.000009] sched_clock: 32 bits at 1000kHz, resolution 1000ns, wraps every 2147483647500ns
[    0.007456] clocksource: timer_us: mask: 0xffffffff max_cycles: 0xffffffff, max_idle_ns: 1911260446275 ns
[    0.016984] Switching to timer-based delay loop, resolution 1000ns
[    0.024165] arch_timer: cp15 timer(s) running at 12.00MHz (virt).
[    0.029207] clocksource: arch_sys_counter: mask: 0xffffffffffffff max_cycles: 0x2c47f4ee7, max_idle_ns: 440795202497 ns
[    0.039955] sched_clock: 56 bits at 12MHz, resolution 83ns, wraps every 4398046511096ns
[    0.047924] Switching to timer-based delay loop, resolution 83ns
[    0.054388] Console: colour dummy device 80x30
[    0.058339] Calibrating delay loop (skipped), value calculated using timer frequency.. 24.00 BogoMIPS (lpj=120000)
[    0.068648] pid_max: default: 32768 minimum: 301
[    0.073730] Mount-cache hash table entries: 2048 (order: 1, 8192 bytes)
[    0.079834] Mountpoint-cache hash table entries: 2048 (order: 1, 8192 bytes)
[    0.087668] CPU: Testing write buffer coherency: ok
[    0.091998] /cpus/cpu@0 missing clock-frequency property
[    0.097008] /cpus/cpu@1 missing clock-frequency property
[    0.102315] /cpus/cpu@2 missing clock-frequency property
[    0.107580] /cpus/cpu@3 missing clock-frequency property
[    0.112852] CPU0: thread -1, cpu 0, socket 0, mpidr 80000000
[    0.152968] Setting up static identity map for 0x80100000 - 0x801000a0
[    0.157722] Hierarchical SRCU implementation.
[    0.173502] Tegra Revision: A01 SKU: 129 CPU Process: 1 SoC Process: 1
[    0.192991] smp: Bringing up secondary CPUs ...
[    0.243622] CPU1: thread -1, cpu 1, socket 0, mpidr 80000001
[    0.323736] CPU2: thread -1, cpu 2, socket 0, mpidr 80000002
[    0.403855] CPU3: thread -1, cpu 3, socket 0, mpidr 80000003
[    0.413432] smp: Brought up 1 node, 4 CPUs
[    0.432520] SMP: Total of 4 processors activated (96.00 BogoMIPS).
[    0.438688] CPU: All CPU(s) started in SVC mode.
[    0.445133] devtmpfs: initialized
[    0.465976] Built 1 zonelists, mobility grouping on.  Total pages: 515751
[    0.471247] VFP support v0.3: implementor 41 architecture 4 part 30 variant f rev 0
[    0.478829] clocksource: jiffies: mask: 0xffffffff max_cycles: 0xffffffff, max_idle_ns: 19112604462750000 ns
[    0.488299] futex hash table entries: 1024 (order: 4, 65536 bytes)
[    0.494687] pinctrl core: initialized pinctrl subsystem
[    0.500830] NET: Registered protocol family 16
[    0.505293] DMA: preallocated 256 KiB pool for atomic coherent allocations
[    0.512341] cpuidle: using governor menu
[    0.537873] No ATAGs?
[    0.538011] hw-breakpoint: found 5 (+1 reserved) breakpoint and 4 watchpoint registers.
[    0.546373] hw-breakpoint: maximum watchpoint size is 8 bytes.
[    0.554120] iommu: Adding device 50000000.host1x to group 0
[    0.557885] iommu: Adding device 54200000.dc to group 1
[    0.563031] iommu: Adding device 54240000.dc to group 1
[    0.568272] iommu: Adding device 57000000.gpu to group 2
[    0.590684] +5V_SYS: supplied by +VDD_MUX
[    0.593172] +3.3V_SYS: supplied by +VDD_MUX
[    0.597736] +USB0_VBUS_SW: Failed to request enable GPIO108: -517
[    0.603053] reg-fixed-voltage regulators:regulator@7: Failed to register regulator: -517
[    0.611178] +5V_USB_HS: Failed to request enable GPIO109: -517
[    0.616908] reg-fixed-voltage regulators:regulator@8: Failed to register regulator: -517
[    0.625136] +1.05V_RUN_AVDD_HDMI_PLL: Failed to request enable GPIO63: -517
[    0.631931] reg-fixed-voltage regulators:regulator@11: Failed to register regulator: -517
[    0.640126] +5V_HDMI_CON: Failed to request enable GPIO86: -517
[    0.645940] reg-fixed-voltage regulators:regulator@12: Failed to register regulator: -517
[    0.654164] +5V_SATA: Failed to request enable GPIO242: -517
[    0.659715] reg-fixed-voltage regulators:regulator@13: Failed to register regulator: -517
[    0.667943] +12V_SATA: Failed to request enable GPIO242: -517
[    0.673581] reg-fixed-voltage regulators:regulator@14: Failed to register regulator: -517
[    0.683014] vgaarb: loaded
[    0.685183] SCSI subsystem initialized
[    0.688359] libata version 3.00 loaded.
[    0.692250] usbcore: registered new interface driver usbfs
[    0.697480] usbcore: registered new interface driver hub
[    0.702778] usbcore: registered new device driver usb
[    0.710981] Linux video capture interface: v2.00
[    0.713760] pps_core: LinuxPPS API ver. 1 registered
[    0.718649] pps_core: Software ver. 5.3.6 - Copyright 2005-2007 Rodolfo Giometti <giometti@linux.it>
[    0.727766] PTP clock support registered
[    0.733101] Advanced Linux Sound Architecture Driver Initialized.
[    0.738347] Bluetooth: Core ver 2.22
[    0.741298] NET: Registered protocol family 31
[    0.745695] Bluetooth: HCI device and connection manager initialized
[    0.752000] Bluetooth: HCI socket layer initialized
[    0.756878] Bluetooth: L2CAP socket layer initialized
[    0.761908] Bluetooth: SCO socket layer initialized
[    0.767381] clocksource: Switched to clocksource arch_sys_counter
[    0.863169] NET: Registered protocol family 2
[    0.866592] tcp_listen_portaddr_hash hash table entries: 512 (order: 0, 6144 bytes)
[    0.873349] TCP established hash table entries: 8192 (order: 3, 32768 bytes)
[    0.880381] TCP bind hash table entries: 8192 (order: 4, 65536 bytes)
[    0.886853] TCP: Hash tables configured (established 8192 bind 8192)
[    0.893512] UDP hash table entries: 512 (order: 2, 16384 bytes)
[    0.898961] UDP-Lite hash table entries: 512 (order: 2, 16384 bytes)
[    0.905549] NET: Registered protocol family 1
[    0.910295] RPC: Registered named UNIX socket transport module.
[    0.915449] RPC: Registered udp transport module.
[    0.920157] RPC: Registered tcp transport module.
[    0.924810] RPC: Registered tcp NFSv4.1 backchannel transport module.
[    0.931866] PCI: CLS 0 bytes, default 64
[    0.936932] hw perfevents: enabled with armv7_cortex_a15 PMU driver, 7 counters available
[    0.945049] Initialise system trusted keyrings
[    0.947900] workingset: timestamp_bits=30 max_order=19 bucket_order=0
[    0.955478] squashfs: version 4.0 (2009/01/31) Phillip Lougher
[    0.960720] NFS: Registering the id_resolver key type
[    0.964951] Key type id_resolver registered
[    0.969155] Key type id_legacy registered
[    0.978192] Key type asymmetric registered
[    0.980378] Asymmetric key parser 'x509' registered
[    0.985365] bounce: pool size: 64 pages
[    0.989131] io scheduler noop registered (default)
[    0.993811] io scheduler mq-deadline registered
[    0.998341] io scheduler kyber registered
[    1.004143]  usb2-0: usb2-0 supply vbus not found, using dummy regulator
[    1.009137]  usb2-1: usb2-1 supply vbus not found, using dummy regulator
[    1.016071] tegra-xusb-padctl 7009f000.padctl: failed to setup XUSB ports: -517
[    1.032006] tegra-pcie 1003000.pcie: 2x1, 1x1 configuration
[    1.035707] tegra-pcie 1003000.pcie: Failed to get supply 'avddio-pex': -517
[    1.045605] tegra124-dfll 70110000.clock: couldn't get vdd_cpu regulator
[    1.056280] tegra-apbdma 60020000.dma: Tegra20 APB DMA driver register 32 channels
[    1.063260] tegra-pmc 7000e400.pmc: emergency thermal reset enabled
[    1.068812] Serial: 8250/16550 driver, 4 ports, IRQ sharing disabled
[    1.076373] console [ttyS0] disabled
[    1.078123] 70006300.serial: ttyS0 at MMIO 0x70006300 (irq = 335, base_baud = 25500000) is a Tegra
[    1.087020] console [ttyS0] enabled
[    1.087020] console [ttyS0] enabled
[    1.093243] bootconsole [earlycon0] disabled
[    1.093243] bootconsole [earlycon0] disabled
[    1.102976] 70006000.serial: ttyTHS1 at MMIO 0x70006000 (irq = 333, base_baud = 0) is a TEGRA_UART
[    1.113657] 70006040.serial: ttyTHS2 at MMIO 0x70006040 (irq = 334, base_baud = 0) is a TEGRA_UART
[    1.142458] tegra-hdmi 54280000.hdmi: failed to get HDMI regulator
[    1.162158] loop: module loaded
[    1.166710] at24 0-0056: 256 byte 24c02 EEPROM, writable, 8 bytes/write
[    1.174148] as3722 4-0040: AS3722 with revision 0x1 found
[    1.186295] as3722-sd2: supplied by +5V_SYS
[    1.190981] as3722-sd3: supplied by +5V_SYS
[    1.195395] +1.35V_LP0(sd3): Bringing 0uV into 1350000-1350000uV
[    1.201788] as3722-sd4: supplied by +5V_SYS
[    1.206453] as3722-sd5: supplied by +5V_SYS
[    1.212544] as3722-ldo0: supplied by +1.35V_LP0(sd2)
[    1.218653] +1.8V_RUN_CAM: Bringing 0uV into 1800000-1800000uV
[    1.224882] as3722-ldo2: supplied by +1.8V_VDDIO
[    1.230903] as3722-ldo3: supplied by +3.3V_SYS
[    1.235410] +1.05V_LP0_VDD_RTC: Bringing 1100000uV into 1000000-1000000uV
[    1.243232] as3722-ldo4: supplied by +3.3V_SYS
[    1.247931] +2.8V_RUN_CAM: Bringing 0uV into 2800000-2800000uV
[    1.254161] as3722-ldo5: supplied by +1.8V_VDDIO
[    1.259037] +1.2V_RUN_CAM_FRONT: Bringing 0uV into 1200000-1200000uV
[    1.265991] +VDDIO_SDMMC3: bypassed regulator has no supply!
[    1.271665] +VDDIO_SDMMC3: failed to get the current voltage(-517)
[    1.277869] as3722-regulator as3722-regulator: regulator 13 register failed -517
[    1.289214] tegra-ahci 70027000.sata: couldn't get PHY in node sata: -517
[    1.307522] m25p80 spi1.0: w25q32dw (4096 Kbytes)
[    1.324414] libphy: Fixed MDIO Bus: probed
[    1.328725] CAN device driver interface
[    1.332611] igb: Intel(R) Gigabit Ethernet Network Driver - version 5.4.0-k
[    1.339614] igb: Copyright (c) 2007-2014 Intel Corporation.
[    1.345325] pegasus: v0.9.3 (2013/04/25), Pegasus/Pegasus II USB Ethernet driver
[    1.352832] usbcore: registered new interface driver pegasus
[    1.358606] usbcore: registered new interface driver asix
[    1.364053] usbcore: registered new interface driver ax88179_178a
[    1.370225] usbcore: registered new interface driver cdc_ether
[    1.376112] usbcore: registered new interface driver smsc75xx
[    1.381977] usbcore: registered new interface driver smsc95xx
[    1.387792] usbcore: registered new interface driver net1080
[    1.393494] usbcore: registered new interface driver cdc_subset
[    1.399508] usbcore: registered new interface driver zaurus
[    1.405141] usbcore: registered new interface driver cdc_ncm
[    1.411065] tegra-phy 7d000000.usb-phy: no vbus regulator
[    1.416689] tegra-phy 7d004000.usb-phy: no vbus regulator
[    1.422443] ehci_hcd: USB 2.0 'Enhanced' Host Controller (EHCI) Driver
[    1.428982] ehci-pci: EHCI PCI platform driver
[    1.433480] tegra-ehci: Tegra EHCI driver
[    1.440352] tegra-ehci 7d004000.usb: EHCI Host Controller
[    1.445771] tegra-ehci 7d004000.usb: new USB bus registered, assigned bus number 1
[    1.453594] tegra-ehci 7d004000.usb: irq 356, io mem 0x7d004000
[    1.487411] tegra-ehci 7d004000.usb: USB 2.0 started, EHCI 1.10
[    1.494220] hub 1-0:1.0: USB hub found
[    1.498032] hub 1-0:1.0: 1 port detected
[    1.503187] usbcore: registered new interface driver cdc_acm
[    1.508860] cdc_acm: USB Abstract Control Model driver for USB modems and ISDN adapters
[    1.516909] usbcore: registered new interface driver cdc_wdm
[    1.522669] usbcore: registered new interface driver usb-storage
[    1.536919] as3722-rtc as3722-rtc: rtc core: registered as3722-rtc as rtc0
[    1.543812] as3722-rtc as3722-rtc: RTC interrupt 379
[    1.551587] tegra_rtc 7000e000.rtc: rtc core: registered 7000e000.rtc as rtc1
[    1.558788] tegra_rtc 7000e000.rtc: Tegra internal Real Time Clock
[    1.565304] i2c /dev entries driver
[    1.570057] usbcore: registered new interface driver uvcvideo
[    1.575795] USB Video Class driver (1.1.1)
[    1.579907] gspca_main: v2.14.0 registered
[    1.584637] lm90 0-004c: 0-004c supply vcc not found, using dummy regulator
[    1.594945] tegra-wdt 60005000.timer: initialized (heartbeat = 120 sec, nowayout = 0)
[    1.603836] sdhci: Secure Digital Host Controller Interface driver
[    1.610165] sdhci: Copyright(c) Pierre Ossman
[    1.614518] sdhci-pltfm: SDHCI platform and OF driver helper
[    1.620519] sdhci-tegra 700b0400.sdhci: Got CD GPIO
[    1.625408] sdhci-tegra 700b0400.sdhci: Got WP GPIO
[    1.646695] mmc0: Unknown controller version (3). You may experience problems.
[    1.653975] mmc0: Invalid maximum block size, assuming 512 bytes
[    1.691103] mmc0: SDHCI controller on 700b0600.sdhci [700b0600.sdhci] using ADMA
[    1.699490] usbcore: registered new interface driver usbhid
[    1.705097] usbhid: USB HID core driver
[    1.749085] mmc0: new high speed MMC card at address 0001
[    1.759748] mmcblk0: mmc0:0001 SEM16G 14.7 GiB 
[    1.769426] mmcblk0boot0: mmc0:0001 SEM16G partition 1 4.00 MiB
[    1.780446] mmcblk0boot1: mmc0:0001 SEM16G partition 2 4.00 MiB
[    1.786591] mmcblk0rpmb: mmc0:0001 SEM16G partition 3 4.00 MiB, chardev (247:0)
[    1.795732]  mmcblk0: p1
[    2.148753] tegra30-i2s 70301100.i2s: DMA channels sourced from device 70300000.ahub
[    2.169057] tegra-snd-rt5640 sound: rt5640-aif1 <-> 70301100.i2s mapping ok
[    2.179919] input: NVIDIA Tegra Jetson TK1 Headphones as /devices/soc0/sound/sound/card1/input0
[    2.191216] NET: Registered protocol family 10
[    2.197079] Segment Routing with IPv6
[    2.200941] mip6: Mobile IPv6
[    2.203909] sit: IPv6, IPv4 and MPLS over IPv4 tunneling driver
[    2.211328] NET: Registered protocol family 17
[    2.215784] NET: Registered protocol family 15
[    2.220284] can: controller area network core (rev 20170425 abi 9)
[    2.226687] NET: Registered protocol family 29
[    2.231148] can: raw protocol (rev 20170425)
[    2.235411] can: broadcast manager protocol (rev 20170425 t)
[    2.241088] can: netlink gateway (rev 20170425) max_hops=1
[    2.246756] Bluetooth: RFCOMM socket layer initialized
[    2.251963] Bluetooth: RFCOMM ver 1.11
[    2.255732] Bluetooth: BNEP (Ethernet Emulation) ver 1.3
[    2.261062] Bluetooth: BNEP socket layer initialized
[    2.266019] Bluetooth: HIDP (Human Interface Emulation) ver 1.2
[    2.271955] Bluetooth: HIDP socket layer initialized
[    2.277128] Key type dns_resolver registered
[    2.281951] Registering SWP/SWPB emulation handler
[    2.287570] Loading compiled-in X.509 certificates
[    2.310343] +3.3V_RUN: supplied by +3.3V_SYS
[    2.315270] +USB0_VBUS_SW: supplied by +5V_SYS
[    2.320157] +3.3V_AVDD_HDMI_AP_GATED: supplied by +3.3V_RUN
[    2.326129] +5V_USB_HS: supplied by +5V_SYS
[    2.331216] +3.3V_LP0: supplied by +3.3V_SYS
[    2.336446] +5V_HDMI_CON: supplied by +5V_SYS
[    2.341556] +5V_SATA: supplied by +5V_SYS
[    2.346009] +12V_SATA: supplied by +VDD_MUX
[    2.351641]  usb2-0: usb2-0 supply vbus not found, using dummy regulator
[    2.358554]  usb2-1: usb2-1 supply vbus not found, using dummy regulator
[    2.365587]  usb3-0: usb3-0 supply vbus not found, using dummy regulator
[    2.373174] tegra-pcie 1003000.pcie: 2x1, 1x1 configuration
[    2.378811] tegra-pcie 1003000.pcie: Failed to get supply 'avddio-pex': -517
[    2.387934] tegra124-dfll 70110000.clock: couldn't get vdd_cpu regulator
[    2.396632] tegra-hdmi 54280000.hdmi: failed to get PLL regulator
[    2.405484] as3722-sd2: supplied by +5V_SYS
[    2.410018] as3722-sd3: supplied by +5V_SYS
[    2.414504] as3722-sd4: supplied by +5V_SYS
[    2.419187] as3722-sd5: supplied by +5V_SYS
[    2.424889] as3722-ldo0: supplied by +1.35V_LP0(sd2)
[    2.430868] as3722-ldo1: supplied by +3.3V_RUN
[    2.435611] as3722-ldo2: supplied by +1.8V_VDDIO
[    2.441338] as3722-ldo3: supplied by +3.3V_SYS
[    2.446701] as3722-ldo4: supplied by +3.3V_SYS
[    2.451483] as3722-ldo5: supplied by +1.8V_VDDIO
[    2.456406] as3722-ldo6: supplied by +3.3V_RUN
[    2.462128] input: tegra-hda HDMI/DP,pcm=3 as /devices/soc0/70030000.hda/sound/card0/input1
[    2.470758] as3722-ldo7: supplied by +1.8V_VDDIO
[    2.476318] +1.05V_RUN_CAM_REAR: Bringing 0uV into 1050000-1050000uV
[    2.483424] as3722-ldo9: supplied by +5V_SYS
[    2.488927] +3.3V_RUN_TOUCH: Bringing 0uV into 2800000-2800000uV
[    2.495658] as3722-ldo10: supplied by +5V_SYS
[    2.500806] +2.8V_RUN_CAM_AF: Bringing 0uV into 2800000-2800000uV
[    2.507675] as3722-ldo11: supplied by +3.3V_RUN
[    2.512954] +1.8V_RUN_VPP_FUSE: Bringing 0uV into 1800000-1800000uV
[    2.522211] tegra-ahci 70027000.sata: AHCI 0001.0301 32 slots 2 ports 3 Gbps 0x1 impl platform mode
[    2.531291] tegra-ahci 70027000.sata: flags: 64bit ncq sntf pm led pio slum part sadm sds apst 
[    2.541782] scsi host0: tegra-ahci
[    2.545877] scsi host1: tegra-ahci
[    2.549568] ata1: SATA max UDMA/133 mmio [mem 0x70027000-0x70028fff] port 0x100 irq 345
[    2.557583] ata2: DUMMY
[    2.561289] tegra-ehci 7d008000.usb: EHCI Host Controller
[    2.566704] tegra-ehci 7d008000.usb: new USB bus registered, assigned bus number 2
[    2.574547] tegra-ehci 7d008000.usb: irq 357, io mem 0x7d008000
[    2.607512] tegra-ehci 7d008000.usb: USB 2.0 started, EHCI 1.10
[    2.614622] hub 2-0:1.0: USB hub found
[    2.618497] hub 2-0:1.0: 1 port detected
[    2.698185] tegra-xusb 70090000.usb: Firmware timestamp: 2014-09-16 02:10:07 UTC
[    2.705609] tegra-xusb 70090000.usb: xHCI Host Controller
[    2.711056] tegra-xusb 70090000.usb: new USB bus registered, assigned bus number 3
[    2.721170] tegra-xusb 70090000.usb: hcc params 0x0184f525 hci version 0x100 quirks 0x00010010
[    2.729860] tegra-xusb 70090000.usb: irq 347, io mem 0x70090000
[    2.737205] hub 3-0:1.0: USB hub found
[    2.741084] hub 3-0:1.0: 6 ports detected
[    2.745960] tegra-xusb 70090000.usb: xHCI Host Controller
[    2.751428] tegra-xusb 70090000.usb: new USB bus registered, assigned bus number 4
[    2.759183] usb usb4: We don't know the algorithms for LPM for this host, disabling LPM.
[    2.768388] hub 4-0:1.0: USB hub found
[    2.772202] hub 4-0:1.0: 2 ports detected
[    2.778024] sdhci-tegra 700b0400.sdhci: Got CD GPIO
[    2.782950] sdhci-tegra 700b0400.sdhci: Got WP GPIO
[    2.796248] mmc1: Unknown controller version (3). You may experience problems.
[    2.803608] mmc1: Invalid maximum block size, assuming 512 bytes
[    2.840720] mmc1: SDHCI controller on 700b0400.sdhci [700b0400.sdhci] using ADMA
[    2.848496] tegra-pcie 1003000.pcie: 2x1, 1x1 configuration
[    2.856242] tegra-pcie 1003000.pcie: probing port 0, using 2 lanes
[    2.864094] tegra-pcie 1003000.pcie: Slot present pin change, signature: 00000008
[    2.888897] tegra-pcie 1003000.pcie: probing port 1, using 1 lanes
[    2.890930] ata1: SATA link down (SStatus 0 SControl 300)
[    2.902735] tegra-pcie 1003000.pcie: Slot present pin change, signature: 00000000
[    2.916718] tegra-pcie 1003000.pcie: PCI host bridge to bus 0000:00
[    2.923027] pci_bus 0000:00: root bus resource [io  0x0000-0xffff]
[    2.929278] pci_bus 0000:00: root bus resource [mem 0x13000000-0x1fffffff]
[    2.936257] pci_bus 0000:00: root bus resource [mem 0x20000000-0x3fffffff pref]
[    2.943641] pci_bus 0000:00: root bus resource [bus 00-ff]
[    2.949195] pci 0000:00:01.0: [10de:0e12] type 01 class 0x060400
[    2.955209] pci_bus 0000:00: 2-byte config write to 0000:00:01.0 offset 0x4 may corrupt adjacent RW1C bits
[    2.964918] pci_bus 0000:00: 2-byte config write to 0000:00:01.0 offset 0x4 may corrupt adjacent RW1C bits
[    2.974733] pci 0000:00:01.0: enabling Extended Tags
[    2.979763] pci_bus 0000:00: 2-byte config write to 0000:00:01.0 offset 0x88 may corrupt adjacent RW1C bits
[    2.989538] pci_bus 0000:00: 2-byte config write to 0000:00:01.0 offset 0x52 may corrupt adjacent RW1C bits
[    2.999373] pci 0000:00:01.0: PME# supported from D0 D1 D2 D3hot D3cold
[    3.006098] pci_bus 0000:00: 2-byte config write to 0000:00:01.0 offset 0x4c may corrupt adjacent RW1C bits
[    3.016206] pci 0000:00:02.0: [10de:0e13] type 01 class 0x060400
[    3.022240] pci_bus 0000:00: 2-byte config write to 0000:00:02.0 offset 0x4 may corrupt adjacent RW1C bits
[    3.031940] pci_bus 0000:00: 2-byte config write to 0000:00:02.0 offset 0x4 may corrupt adjacent RW1C bits
[    3.041683] pci 0000:00:02.0: enabling Extended Tags
[    3.046689] pci_bus 0000:00: 2-byte config write to 0000:00:02.0 offset 0x88 may corrupt adjacent RW1C bits
[    3.056463] pci_bus 0000:00: 2-byte config write to 0000:00:02.0 offset 0x52 may corrupt adjacent RW1C bits
[    3.066281] pci 0000:00:02.0: PME# supported from D0 D1 D2 D3hot D3cold
[    3.072965] pci_bus 0000:00: 2-byte config write to 0000:00:02.0 offset 0x4c may corrupt adjacent RW1C bits
[    3.083016] PCI: bus0: Fast back to back transfers disabled
[    3.088609] pci 0000:00:01.0: bridge configuration invalid ([bus 00-00]), reconfiguring
[    3.096654] pci 0000:00:02.0: bridge configuration invalid ([bus 00-00]), reconfiguring
[    3.104936] pci 0000:01:00.0: [8086:4232] type 00 class 0x028000
[    3.111064] pci 0000:01:00.0: reg 0x10: [mem 0x00000000-0x00001fff 64bit]
[    3.118217] PCI: bus1: Fast back to back transfers disabled
[    3.123846] pci_bus 0000:01: busn_res: [bus 01-ff] end is updated to 01
[    3.130745] pci 0000:02:00.0: [10ec:8168] type 00 class 0x020000
[    3.136834] pci 0000:02:00.0: reg 0x10: [io  0x0000-0x00ff]
[    3.142530] pci 0000:02:00.0: reg 0x18: [mem 0x00000000-0x00000fff 64bit]
[    3.149410] pci 0000:02:00.0: reg 0x20: [mem 0x00000000-0x00003fff 64bit pref]
[    3.156887] PCI: bus2: Fast back to back transfers disabled
[    3.162544] pci_bus 0000:02: busn_res: [bus 02-ff] end is updated to 02
[    3.169274] pci 0000:00:01.0: BAR 8: assigned [mem 0x13000000-0x130fffff]
[    3.176254] mmc1: new high speed SDHC card at address aaaa
[    3.181573] mmcblk1: mmc1:aaaa SD04G 3.69 GiB 
[    3.192456] pci 0000:00:02.0: BAR 8: assigned [mem 0x13100000-0x131fffff]
[    3.199410] pci 0000:00:02.0: BAR 9: assigned [mem 0x20000000-0x200fffff 64bit pref]
[    3.207292] pci 0000:00:02.0: BAR 7: assigned [io  0x1000-0x1fff]
[    3.213556] pci 0000:01:00.0: BAR 0: assigned [mem 0x13000000-0x13001fff 64bit]
[    3.221137] pci 0000:00:01.0: PCI bridge to [bus 01]
[    3.226342] pci 0000:00:01.0:   bridge window [mem 0x13000000-0x130fffff]
[    3.233306] pci 0000:02:00.0: BAR 4: assigned [mem 0x20000000-0x20003fff 64bit pref]
[    3.241231] pci 0000:02:00.0: BAR 2: assigned [mem 0x13100000-0x13100fff 64bit]
[    3.248719] pci 0000:02:00.0: BAR 0: assigned [io  0x1000-0x10ff]
[    3.254995]  mmcblk1: p1 p2 p3
[    3.258250] pci 0000:00:02.0: PCI bridge to [bus 02]
[    3.263418] pci 0000:00:02.0:   bridge window [io  0x1000-0x1fff]
[    3.269784] pci 0000:00:02.0:   bridge window [mem 0x13100000-0x131fffff]
[    3.277670] pci 0000:00:02.0:   bridge window [mem 0x20000000-0x200fffff 64bit pref]
[    3.285443] pci 0000:00:01.0: nv_msi_ht_cap_quirk didn't locate host bridge
[    3.292645] pcieport 0000:00:01.0: enabling device (0140 -> 0142)
[    3.299124] pcieport 0000:00:01.0: Signaling PME with IRQ 395
[    3.305092] pci 0000:00:02.0: nv_msi_ht_cap_quirk didn't locate host bridge
[    3.312279] pcieport 0000:00:02.0: enabling device (0140 -> 0143)
[    3.318772] pcieport 0000:00:02.0: Signaling PME with IRQ 396
[    3.324917] r8169 Gigabit Ethernet driver 2.3LK-NAPI loaded
[    3.330606] r8169 0000:02:00.0: enabling device (0140 -> 0143)
[    3.336494] r8169 0000:02:00.0 (unnamed net_device) (uninitialized): not PCI Express
[    3.369163] r8169 0000:02:00.0 eth0: RTL8168g/8111g at 0x69d30874, 00:04:4b:3a:d9:81, XID 0c000800 IRQ 22
[    3.378754] r8169 0000:02:00.0 eth0: jumbo features [frames: 9200 bytes, tx checksumming: ko]
[    3.390928] +1.05V_RUN_AVDD_HDMI_PLL: supplied by +1.05V_RUN
[    3.399880] [drm] Supports vblank timestamp caching Rev 2 (21.10.2013).
[    3.406506] [drm] No driver support for vblank timestamp query.
[    3.545529] tegra-hdmi 54280000.hdmi: cannot set audio to 48000 Hz at 297000000 Hz pixel clock
[    3.710515] Console: switching to colour frame buffer device 512x135
[    3.846267] drm drm: fb0:  frame buffer device
[    3.850883] [drm] Initialized tegra 0.0.0 20120330 for drm on minor 0
[    3.858360] cpufreq: cpufreq_online: CPU0: Running at unlisted freq: 696000 KHz
[    3.865682] cpufreq: cpufreq_online: CPU0: Unlisted initial frequency changed to: 714000 KHz
[    3.874753] input: gpio-keys as /devices/soc0/gpio-keys/input/input2
[    3.882222] as3722-rtc as3722-rtc: setting system clock to 2000-01-01 00:04:12 UTC (946685052)
[    3.890984] cfg80211: Loading compiled-in X.509 certificates for regulatory database
[    3.900394] cfg80211: Loaded X.509 cert 'sforshee: 00b28ddf47aef9cea7'
[    3.907016] platform regulatory.0: Direct firmware load for regulatory.db failed with error -2
[    3.907978] +USB0_VBUS_SW: disabling
[    3.907995] +1.8V_RUN_CAM: disabling
[    3.915720] +2.8V_RUN_CAM: disabling
[    3.919331] +1.2V_RUN_CAM_FRONT: disabling
[    3.922927] +1.05V_RUN_CAM_REAR: disabling
[    3.926523] +3.3V_RUN_TOUCH: disabling
[    3.930635] +2.8V_RUN_CAM_AF: disabling
[    3.934787] +1.8V_RUN_VPP_FUSE: disabling
[    3.938571] ALSA device list:
[    3.938575]   #0: tegra-hda at 0x70038000 irq 346
[    3.938576]   #1: NVIDIA Tegra Jetson TK1
[    3.958089] cfg80211: failed to load regulatory.db
[    3.963809] EXT4-fs (mmcblk0p1): mounting ext3 file system using the ext4 subsystem
[    3.995895] EXT4-fs (mmcblk0p1): recovery complete
[    4.001626] EXT4-fs (mmcblk0p1): mounted filesystem with ordered data mode. Opts: (null)
[    4.009860] VFS: Mounted root (ext3 filesystem) on device 179:1.
[    4.020510] devtmpfs: mounted
[    4.024027] Freeing unused kernel memory: 1024K
[    4.040701] 1 (bash): Uhuuh, elf segment at 3ad4a305 requested but the memory is mapped already
[    4.049508] Kernel panic - not syncing: Requested init /bin/bash failed (error -95).
[    4.057245] CPU: 0 PID: 1 Comm: bash Not tainted 4.15.0-rc3-next-20171218-221814-g53600ec #1
[    4.065665] Hardware name: NVIDIA Tegra SoC (Flattened Device Tree)
[    4.071938] [<c0110f48>] (unwind_backtrace) from [<c010c588>] (show_stack+0x10/0x14)
[    4.079671] [<c010c588>] (show_stack) from [<c096a1bc>] (dump_stack+0x84/0xa4)
[    4.086881] [<c096a1bc>] (dump_stack) from [<c0121c70>] (panic+0xd0/0x274)
[    4.093743] [<c0121c70>] (panic) from [<c097df28>] (kernel_init+0x94/0x114)
[    4.100689] [<c097df28>] (kernel_init) from [<c01010e8>] (ret_from_fork+0x14/0x2c)
[    4.108240] Exception stack(0xee8a7fb0 to 0xee8a7ff8)
[    4.113278] 7fa0:                                     00000000 00000000 00000000 00000000
[    4.121438] 7fc0: 00000000 00000000 00000000 00000000 00000000 00000000 00000000 00000000
[    4.129598] 7fe0: 00000000 00000000 00000000 00000000 00000013 00000000
[    4.136258] CPU3: stopping
[    4.138960] CPU: 3 PID: 0 Comm: swapper/3 Not tainted 4.15.0-rc3-next-20171218-221814-g53600ec #1
[    4.147812] Hardware name: NVIDIA Tegra SoC (Flattened Device Tree)
[    4.154069] [<c0110f48>] (unwind_backtrace) from [<c010c588>] (show_stack+0x10/0x14)
[    4.161798] [<c010c588>] (show_stack) from [<c096a1bc>] (dump_stack+0x84/0xa4)
[    4.169004] [<c096a1bc>] (dump_stack) from [<c010f4a0>] (handle_IPI+0x18c/0x32c)
[    4.176386] [<c010f4a0>] (handle_IPI) from [<c03fe7fc>] (gic_handle_irq+0x88/0x94)
[    4.183940] [<c03fe7fc>] (gic_handle_irq) from [<c0101a0c>] (__irq_svc+0x6c/0xa8)
[    4.191404] Exception stack(0xee8e3f38 to 0xee8e3f80)
[    4.196441] 3f20:                                                       00000000 00000005
[    4.204600] 3f40: 00000001 00000008 00000001 c0f0b020 00000003 00000001 c0fb5e1c c0e8d1b8
[    4.212759] 3f60: eefc31c0 00000001 00000000 ee8e3f88 c069c770 c069c85c 60000113 ffffffff
[    4.220921] [<c0101a0c>] (__irq_svc) from [<c069c85c>] (cpuidle_enter_state+0x1b4/0x3bc)
[    4.228998] [<c069c85c>] (cpuidle_enter_state) from [<c0162dfc>] (do_idle+0x184/0x204)
[    4.236899] [<c0162dfc>] (do_idle) from [<c0163104>] (cpu_startup_entry+0x18/0x1c)
[    4.244453] [<c0163104>] (cpu_startup_entry) from [<801025ac>] (0x801025ac)
[    4.251397] CPU1: stopping
[    4.254096] CPU: 1 PID: 0 Comm: swapper/1 Not tainted 4.15.0-rc3-next-20171218-221814-g53600ec #1
[    4.262946] Hardware name: NVIDIA Tegra SoC (Flattened Device Tree)
[    4.269203] [<c0110f48>] (unwind_backtrace) from [<c010c588>] (show_stack+0x10/0x14)
[    4.276931] [<c010c588>] (show_stack) from [<c096a1bc>] (dump_stack+0x84/0xa4)
[    4.284139] [<c096a1bc>] (dump_stack) from [<c010f4a0>] (handle_IPI+0x18c/0x32c)
[    4.291520] [<c010f4a0>] (handle_IPI) from [<c03fe7fc>] (gic_handle_irq+0x88/0x94)
[    4.299072] [<c03fe7fc>] (gic_handle_irq) from [<c0101a0c>] (__irq_svc+0x6c/0xa8)
[    4.306537] Exception stack(0xee8c1f38 to 0xee8c1f80)
[    4.311574] 1f20:                                                       00000000 00000005
[    4.319732] 1f40: 00000001 00000008 00000001 c0f0b020 00000001 00000001 c0fb5e1c c0e8d1b8
[    4.327892] 1f60: eefa11c0 00000001 c06bcf00 ee8c1f88 c069c770 c069c85c 60000113 ffffffff
[    4.336052] [<c0101a0c>] (__irq_svc) from [<c069c85c>] (cpuidle_enter_state+0x1b4/0x3bc)
[    4.344126] [<c069c85c>] (cpuidle_enter_state) from [<c0162dfc>] (do_idle+0x184/0x204)
[    4.352027] [<c0162dfc>] (do_idle) from [<c0163104>] (cpu_startup_entry+0x18/0x1c)
[    4.359580] [<c0163104>] (cpu_startup_entry) from [<801025ac>] (0x801025ac)
[    4.366523] CPU2: stopping
[    4.369222] CPU: 2 PID: 0 Comm: swapper/2 Not tainted 4.15.0-rc3-next-20171218-221814-g53600ec #1
[    4.378072] Hardware name: NVIDIA Tegra SoC (Flattened Device Tree)
[    4.384328] [<c0110f48>] (unwind_backtrace) from [<c010c588>] (show_stack+0x10/0x14)
[    4.392056] [<c010c588>] (show_stack) from [<c096a1bc>] (dump_stack+0x84/0xa4)
[    4.399264] [<c096a1bc>] (dump_stack) from [<c010f4a0>] (handle_IPI+0x18c/0x32c)
[    4.406644] [<c010f4a0>] (handle_IPI) from [<c03fe7fc>] (gic_handle_irq+0x88/0x94)
[    4.414196] [<c03fe7fc>] (gic_handle_irq) from [<c0101a0c>] (__irq_svc+0x6c/0xa8)
[    4.421660] Exception stack(0xee8e1f38 to 0xee8e1f80)
[    4.426698] 1f20:                                                       00000000 00000005
[    4.434857] 1f40: 00000001 00000008 00000001 c0f0b020 00000002 00000001 c0fb5e1c c0e8d1b8
[    4.443016] 1f60: eefb21c0 00000001 c06bcf00 ee8e1f88 c069c770 c069c85c 60000113 ffffffff
[    4.451177] [<c0101a0c>] (__irq_svc) from [<c069c85c>] (cpuidle_enter_state+0x1b4/0x3bc)
[    4.459251] [<c069c85c>] (cpuidle_enter_state) from [<c0162dfc>] (do_idle+0x184/0x204)
[    4.467152] [<c0162dfc>] (do_idle) from [<c0163104>] (cpu_startup_entry+0x18/0x1c)
[    4.474704] [<c0163104>] (cpu_startup_entry) from [<801025ac>] (0x801025ac)
[    4.481660] ---[ end Kernel panic - not syncing: Requested init /bin/bash failed (error -95).
 
[   17.677377] ------------[ cut here ]------------
[   17.681985] WARNING: CPU: 0 PID: 8 at kernel/irq_work.c:68 irq_work_queue_on+0xbc/0xfc
[   17.689881] Modules linked in:
[   17.692926] CPU: 0 PID: 8 Comm: rcu_preempt Not tainted 4.15.0-rc3-next-20171218-221814-g53600ec #1
[   17.701949] Hardware name: NVIDIA Tegra SoC (Flattened Device Tree)
[   17.708200] [<c0110f48>] (unwind_backtrace) from [<c010c588>] (show_stack+0x10/0x14)
[   17.715926] [<c010c588>] (show_stack) from [<c096a1bc>] (dump_stack+0x84/0xa4)
[   17.723129] [<c096a1bc>] (dump_stack) from [<c0121aa0>] (__warn+0xe4/0x110)
[   17.730073] [<c0121aa0>] (__warn) from [<c0121b10>] (warn_slowpath_null+0x44/0x4c)
[   17.737624] [<c0121b10>] (warn_slowpath_null) from [<c01d7b6c>] (irq_work_queue_on+0xbc/0xfc)
[   17.746129] [<c01d7b6c>] (irq_work_queue_on) from [<c0184604>] (rcu_implicit_dynticks_qs+0x280/0x2a0)
[   17.755327] [<c0184604>] (rcu_implicit_dynticks_qs) from [<c0182c94>] (force_qs_rnp+0x138/0x1d8)
[   17.764090] [<c0182c94>] (force_qs_rnp) from [<c01832bc>] (rcu_gp_kthread+0x588/0xb30)
[   17.771989] [<c01832bc>] (rcu_gp_kthread) from [<c013f3a0>] (kthread+0x11c/0x154)
[   17.779455] [<c013f3a0>] (kthread) from [<c01010e8>] (ret_from_fork+0x14/0x2c)
[   17.786657] Exception stack(0xee8b9fb0 to 0xee8b9ff8)
[   17.791693] 9fa0:                                     00000000 00000000 00000000 00000000
[   17.799851] 9fc0: 00000000 00000000 00000000 00000000 00000000 00000000 00000000 00000000
[   17.808007] 9fe0: 00000000 00000000 00000000 00000000 00000013 00000000
[   17.814602] ---[ end trace 4c193d476f06438c ]---
 
 
 
 
mount -t sysfs none /sys

