

U-Boot 2011.03 (Jun 11 2013 - 06:07:37)

T114
Board: NVIDIA Dalmore
DRAM:  2 GiB
MMC:   Tegra2 SD/MMC: 0, Tegra2 SD/MMC: 1
In:    serial
Out:   serial
Err:   serial
Net:   Net Initialization Skipped
No ethernet found.
Hit any key to stop autoboot:  2  0 
Dalmore #
Dalmore #usb reset
(Re)start USB...
USB:   Register 10011 NbrPorts 1
USB EHCI 1.10
scanning bus for devices... 2 USB Device(s) found
       scanning bus for storage devices... 0 Storage Device(s) found
       scanning bus for ethernet devices... 1 Ethernet Device(s) found
Dalmore #setenv bootargs 'ignore_loglevel console=ttyS0,115200n8 rw root=/dev/mmcblk0p1 rootwait gpt debug init=/bin/bash'
Dalmore #setenv ipaddr 192.168.100.100; setenv serverip 192.168.100.1; setenv tftpserverip 192.168.100.1
Dalmore #tftpboot 0x81000000 zImage.tegra_defconfig
Waiting for Ethernet connection... done.
Using asx0 device
TFTP from server 192.168.100.1; our IP address is 192.168.100.100
Filename 'zImage.tegra_defconfig'.
Load address: 0x81000000
Loading: *#################################################  2.8 MiB/s
done
Bytes transferred = 4160424 (3f7ba8 hex)
Dalmore #tftpboot 0x82000000 tegra114-dalmore.dtb
Using asx0 device
TFTP from server 192.168.100.1; our IP address is 192.168.100.100
Filename 'tegra114-dalmore.dtb'.
Load address: 0x82000000
Loading: *#################################################  2.3 MiB/s
done
Bytes transferred = 29436 (72fc hex)
Dalmore #bootz 0x81000000 - 0x82000000
## Flattened Device Tree blob at 82000000
   Booting using the fdt blob at 0x82000000
   Loading Device Tree to 81ff5000, end 81fff2fb ... OK

Starting kernel ...

Timer summary in microseconds:
       Mark    Elapsed  Stage
          0          0  awake
  2,139,863  2,139,863  usb_start
  6,142,897  4,003,034  eth_start
  6,142,895         -2  tftp start
 10,050,359  3,907,464  tftp done
 12,155,545  2,105,186  start_kernel
Uncompressing Linux... done, booting the kernel.
[    0.000000] Booting Linux on physical CPU 0x0
[    0.000000] Initializing cgroup subsys cpu
[    0.000000] Initializing cgroup subsys cpuacct
[    0.000000] Linux version 3.13.0-rc2-next-20131202-26873-g4740c30 (pwalmsley@tamien) (gcc version 4.7.3 20130328 (prerelease) (crosstool-NG linaro-1.13.1-4.7-2013.04-20130415 - Linaro GCC 2013.04) ) #1 SMP PREEMPT Sun Dec 1 21:48:45 PST 2013
[    0.000000] CPU: ARMv7 Processor [412fc0f2] revision 2 (ARMv7), cr=10c5387d
[    0.000000] CPU: PIPT / VIPT nonaliasing data cache, PIPT instruction cache
[    0.000000] Machine model: NVIDIA Tegra114 Dalmore evaluation board
[    0.000000] debug: ignoring loglevel setting.
[    0.000000] cma: CMA: reserved 16 MiB at ae800000
[    0.000000] Memory policy: Data cache writealloc
[    0.000000] On node 0 totalpages: 524032
[    0.000000] free_area_init_node: node 0, pgdat c07e7ac0, node_mem_map c0840000
[    0.000000]   Normal zone: 1520 pages used for memmap
[    0.000000]   Normal zone: 0 pages reserved
[    0.000000]   Normal zone: 194560 pages, LIFO batch:31
[    0.000000]   HighMem zone: 2574 pages used for memmap
[    0.000000]   HighMem zone: 329472 pages, LIFO batch:31
[    0.000000] Tegra Revision: A01 SKU: 0 CPU Process: 1 Core Process: 1
[    0.000000] PERCPU: Embedded 8 pages/cpu @c1858000 s9088 r8192 d15488 u32768
[    0.000000] pcpu-alloc: s9088 r8192 d15488 u32768 alloc=8*4096
[    0.000000] pcpu-alloc: [0] 0 [0] 1 [0] 2 [0] 3 
[    0.000000] Built 1 zonelists in Zone order, mobility grouping on.  Total pages: 522512
[    0.000000] Kernel command line: ignore_loglevel console=ttyS0,115200n8 rw root=/dev/mmcblk0p1 rootwait gpt debug init=/bin/bash
[    0.000000] PID hash table entries: 4096 (order: 2, 16384 bytes)
[    0.000000] Dentry cache hash table entries: 131072 (order: 7, 524288 bytes)
[    0.000000] Inode-cache hash table entries: 65536 (order: 6, 262144 bytes)
[    0.000000] Memory: 2053808K/2096128K available (5648K kernel code, 308K rwdata, 1860K rodata, 244K init, 347K bss, 42320K reserved, 1317888K highmem)
[    0.000000] Virtual kernel memory layout:
[    0.000000]     vector  : 0xffff0000 - 0xffff1000   (   4 kB)
[    0.000000]     fixmap  : 0xfff00000 - 0xfffe0000   ( 896 kB)
[    0.000000]     vmalloc : 0xf0000000 - 0xff000000   ( 240 MB)
[    0.000000]     lowmem  : 0xc0000000 - 0xef800000   ( 760 MB)
[    0.000000]     pkmap   : 0xbfe00000 - 0xc0000000   (   2 MB)
[    0.000000]     modules : 0xbf000000 - 0xbfe00000   (  14 MB)
[    0.000000]       .text : 0xc0008000 - 0xc075d414   (7510 kB)
[    0.000000]       .init : 0xc075e000 - 0xc079b380   ( 245 kB)
[    0.000000]       .data : 0xc079c000 - 0xc07e9220   ( 309 kB)
[    0.000000]        .bss : 0xc07e922c - 0xc083fff0   ( 348 kB)
[    0.000000] Preemptible hierarchical RCU implementation.
[    0.000000] NR_IRQS:16 nr_irqs:16 16
[    0.000000] sched_clock: 32 bits at 1000kHz, resolution 1000ns, wraps every 2147483648000ns
[    0.000000] Architected cp15 timer(s) running at 12.00MHz (virt).
[    0.000000] sched_clock: 56 bits at 12MHz, resolution 83ns, wraps every 2863311536128ns
[    0.000000] Switching to timer-based delay loop
[    0.000000] Console: colour dummy device 80x30
[    0.000487] Calibrating delay loop (skipped), value calculated using timer frequency.. 24.00 BogoMIPS (lpj=120000)
[    0.000504] pid_max: default: 32768 minimum: 301
[    0.000930] Mount-cache hash table entries: 512
[    0.019358] Initializing cgroup subsys debug
[    0.019376] Initializing cgroup subsys freezer
[    0.019446] CPU: Testing write buffer coherency: ok
[    0.019787] /cpus/cpu@0 missing clock-frequency property
[    0.019811] /cpus/cpu@1 missing clock-frequency property
[    0.019853] /cpus/cpu@2 missing clock-frequency property
[    0.019877] /cpus/cpu@3 missing clock-frequency property
[    0.019890] CPU0: thread -1, cpu 0, socket 0, mpidr 80000000
[    0.019917] Setting up static identity map for 0x8055a5d0 - 0x8055a668
[    0.080865] CPU1: Booted secondary processor
[    0.080895] CPU1: thread -1, cpu 1, socket 0, mpidr 80000001
[    0.100893] CPU2: Booted secondary processor
[    0.100918] CPU2: thread -1, cpu 2, socket 0, mpidr 80000002
[    0.120870] CPU3: Booted secondary processor
[    0.120895] CPU3: thread -1, cpu 3, socket 0, mpidr 80000003
[    0.121071] Brought up 4 CPUs
[    0.121099] SMP: Total of 4 processors activated.
[    0.121108] CPU: All CPU(s) started in SVC mode.
[    0.122127] devtmpfs: initialized
[    0.134974] VFP support v0.3: implementor 41 architecture 4 part 30 variant f rev 0
[    0.135685] pinctrl core: initialized pinctrl subsystem
[    0.136428] regulator-dummy: no parameters
[    0.137344] NET: Registered protocol family 16
[    0.138660] DMA: preallocated 256 KiB pool for atomic coherent allocations
[    0.139802] cpuidle: using governor ladder
[    0.139813] cpuidle: using governor menu
[    0.154140] No ATAGs?
[    0.154170] hw-breakpoint: found 5 (+1 reserved) breakpoint and 4 watchpoint registers.
[    0.154181] hw-breakpoint: maximum watchpoint size is 8 bytes.
[    0.171611] bio: create slab <bio-0> at 0
[    0.173276] vdd_ac_bat: 5000 mV 
[    0.173763] dvdd_ts: Failed to request enable GPIO61: -517
[    0.173925] reg-fixed-voltage 1.regulator: Failed to register regulator: -517
[    0.173951] platform 1.regulator: Driver reg-fixed-voltage requests probe deferral
[    0.174284] lcd_bl_en: Failed to request enable GPIO58: -517
[    0.174431] reg-fixed-voltage 2.regulator: Failed to register regulator: -517
[    0.174455] platform 2.regulator: Driver reg-fixed-voltage requests probe deferral
[    0.174788] usb1_vbus: Failed to request enable GPIO108: -517
[    0.174934] reg-fixed-voltage 3.regulator: Failed to register regulator: -517
[    0.174957] platform 3.regulator: Driver reg-fixed-voltage requests probe deferral
[    0.175289] usb2_vbus: Failed to request enable GPIO86: -517
[    0.175434] reg-fixed-voltage 4.regulator: Failed to register regulator: -517
[    0.175458] platform 4.regulator: Driver reg-fixed-voltage requests probe deferral
[    0.175788] vdd_hdmi_5v0: Failed to request enable GPIO81: -517
[    0.175933] reg-fixed-voltage 5.regulator: Failed to register regulator: -517
[    0.175956] platform 5.regulator: Driver reg-fixed-voltage requests probe deferral
[    0.176051] platform 6.regulator: Driver reg-fixed-voltage requests probe deferral
[    0.177440] vgaarb: loaded
[    0.178688] SCSI subsystem initialized
[    0.179269] usbcore: registered new interface driver usbfs
[    0.179430] usbcore: registered new interface driver hub
[    0.179612] usbcore: registered new device driver usb
[    0.184716] vdd-cpu: 500 <--> 1520 mV at 1100 mV 
[    0.185472] tps65090 1-0048: No cache defaults, reading back from HW
[    0.192097] vdd-sys-5v0: no parameters
[    0.192177] vdd-sys-5v0: supplied by vdd_ac_bat
[    0.193757] vdd-sys-3v3: no parameters
[    0.193826] vdd-sys-3v3: supplied by vdd_ac_bat
[    0.195362] vdd-ao: no parameters
[    0.195431] vdd-ao: supplied by vdd_ac_bat
[    0.195805] vdd-lcd-bl: no parameters
[    0.195873] vdd-lcd-bl: supplied by vdd_ac_bat
[    0.196243] TPS65090_RAILSFET2: no parameters
[    0.196312] TPS65090_RAILSFET2: supplied by vdd_ac_bat
[    0.196689] vdd-modem-3v3: no parameters
[    0.196754] vdd-modem-3v3: supplied by vdd-sys-3v3
[    0.197106] avdd-lcd: no parameters
[    0.197170] avdd-lcd: supplied by vdd-sys-3v3
[    0.197535] vdd-lvds: no parameters
[    0.197612] vdd-lvds: supplied by vdd-sys-3v3
[    0.197973] vdd-sd-slot: no parameters
[    0.198038] vdd-sd-slot: supplied by vdd-sys-3v3
[    0.198395] vdd-com-3v3: no parameters
[    0.198474] vdd-com-3v3: supplied by vdd-sys-3v3
[    0.198847] vdd-sby-5v0: no parameters
[    0.198907] vdd-sby-5v0: supplied by vdd_ac_bat
[    0.199260] vdd-sby-3v3: no parameters
[    0.199317] vdd-sby-3v3: supplied by vdd_ac_bat
[    0.199784] genirq: Setting trigger mode 8 for irq 118 failed (gic_set_type+0x0/0xf0)
[    0.200331] palmas 1-0058: Irq flag is 0x00000000
[    0.214882] palmas 1-0058: Muxing GPIO ff, PWM 0, LED 0
[    0.224174] vddio-ddr: 1350 mV 
[    0.225084] vddio-ddr: supplied by vdd-ao
[    0.232169] vddio-1v8: 1800 mV 
[    0.233087] vddio-1v8: supplied by vdd-ao
[    0.240176] vdd-core: 900 <--> 1400 mV at 1100 mV 
[    0.241082] vdd-core: supplied by vdd-sys-3v3
[    0.245406] SMPS6: no parameters
[    0.253324] avdd-pll: 1050 mV 
[    0.254232] avdd-pll: supplied by vdd-sys-3v3
[    0.262689] sdhci-vdd-sd-slot: 2800 mV 
[    0.263595] sdhci-vdd-sd-slot: supplied by vdd-sys-3v3
[    0.265547] SMPS10_OUT2: at 5000 mV 
[    0.267534] SMPS10_OUT1: at 5000 mV 
[    0.270332] avdd-cam1: 2800 mV 
[    0.271230] avdd-cam1: supplied by vdd-sys-3v3
[    0.275374] avdd-cam2: 2800 mV 
[    0.276269] avdd-cam2: supplied by vdd-sys-3v3
[    0.281174] avdd-dsi-csi: 1200 mV 
[    0.282082] avdd-dsi-csi: supplied by vddio-1v8
[    0.286982] vpp-fuse: 1800 mV 
[    0.287875] vpp-fuse: supplied by vdd-sys-3v3
[    0.291239] LDO5: at 1200 mV 
[    0.292137] LDO5: supplied by vdd_ac_bat
[    0.294878] vdd-sensor-2v85: 2850 mV 
[    0.295772] vdd-sensor-2v85: supplied by vdd-sys-3v3
[    0.299918] vdd-af-cam1: 2800 mV 
[    0.300816] vdd-af-cam1: supplied by vdd-sys-3v3
[    0.309068] vdd-rtc: 900 mV 
[    0.309963] vdd-rtc: supplied by vdd-ao
[    0.314099] vddio-sdmmc-2: 1800 <--> 3300 mV at 3300 mV 
[    0.314994] vddio-sdmmc-2: supplied by sdhci-vdd-sd-slot
[    0.319896] hvdd-usb: 3300 mV 
[    0.320793] hvdd-usb: supplied by vdd-sys-5v0
[    0.325721] avdd-usb: 3300 mV 
[    0.326617] avdd-usb: supplied by vdd-sys-5v0
[    0.329943] rail-3v3: no parameters
[    0.332460] rail-5v0: no parameters
[    0.334184] REGEN3: no parameters
[    0.334537] SYSEN1: no parameters
[    0.334873] SYSEN2: no parameters
[    0.335726] Linux video capture interface: v2.00
[    0.336621] platform 70019010.iommu: Driver tegra-smmu requests probe deferral
[    0.337012] Advanced Linux Sound Architecture Driver Initialized.
[    0.338263] Bluetooth: Core ver 2.17
[    0.338343] NET: Registered protocol family 31
[    0.338351] Bluetooth: HCI device and connection manager initialized
[    0.338375] Bluetooth: HCI socket layer initialized
[    0.338396] Bluetooth: L2CAP socket layer initialized
[    0.338430] Bluetooth: SCO socket layer initialized
[    0.339115] cfg80211: Calling CRDA to update world regulatory domain
[    0.340224] Switched to clocksource arch_sys_counter
[    0.361667] NET: Registered protocol family 2
[    0.362581] TCP established hash table entries: 8192 (order: 3, 32768 bytes)
[    0.362683] TCP bind hash table entries: 8192 (order: 4, 65536 bytes)
[    0.362870] TCP: Hash tables configured (established 8192 bind 8192)
[    0.363299] TCP: reno registered
[    0.363315] UDP hash table entries: 512 (order: 2, 16384 bytes)
[    0.363357] UDP-Lite hash table entries: 512 (order: 2, 16384 bytes)
[    0.363777] NET: Registered protocol family 1
[    0.364515] RPC: Registered named UNIX socket transport module.
[    0.364526] RPC: Registered udp transport module.
[    0.364533] RPC: Registered tcp transport module.
[    0.364542] RPC: Registered tcp NFSv4.1 backchannel transport module.
[    0.364555] PCI: CLS 0 bytes, default 64
[    0.369914] bounce pool size: 64 pages
[    0.371689] squashfs: version 4.0 (2009/01/31) Phillip Lougher
[    0.372451] msgmni has been set to 1469
[    0.374022] io scheduler noop registered (default)
[    0.401427] tegra-apbdma 6000a000.dma: Tegra20 APB DMA driver register 32 channels
[    0.402136] Serial: 8250/16550 driver, 4 ports, IRQ sharing disabled
[    0.405455] 70006300.serial: ttyS0 at MMIO 0x70006300 (irq = 122, base_baud = 25500000) is a Tegra
[    1.440189] console [ttyS0] enabled
[    1.444865] [drm] Initialized drm 1.1.0 20060810
[    1.460347] loop: module loaded
[    1.467198] m25p80 spi32766.0: w25q32dw (4096 Kbytes)
[    1.475107] pegasus: v0.9.3 (2013/04/25), Pegasus/Pegasus II USB Ethernet driver
[    1.482642] usbcore: registered new interface driver pegasus
[    1.488451] usbcore: registered new interface driver asix
[    1.493984] usbcore: registered new interface driver ax88179_178a
[    1.500179] usbcore: registered new interface driver cdc_ether
[    1.506139] usbcore: registered new interface driver r815x
[    1.511791] usbcore: registered new interface driver smsc75xx
[    1.517686] usbcore: registered new interface driver smsc95xx
[    1.523568] usbcore: registered new interface driver net1080
[    1.529335] usbcore: registered new interface driver cdc_subset
[    1.535376] usbcore: registered new interface driver zaurus
[    1.541133] usbcore: registered new interface driver cdc_ncm
[    1.546822] ehci_hcd: USB 2.0 'Enhanced' Host Controller (EHCI) Driver
[    1.553354] ehci-pci: EHCI PCI platform driver
[    1.557904] tegra-ehci: Tegra EHCI driver
[    1.562129] platform 7d008000.usb: Driver tegra-ehci requests probe deferral
[    1.569589] usbcore: registered new interface driver cdc_acm
[    1.575255] cdc_acm: USB Abstract Control Model driver for USB modems and ISDN adapters
[    1.583380] usbcore: registered new interface driver cdc_wdm
[    1.589191] usbcore: registered new interface driver usb-storage
[    1.595443] platform 7d008000.usb-phy: Driver tegra-phy requests probe deferral
[    1.603544] mousedev: PS/2 mouse device common for all mice
[    1.621732] palmas-rtc rtc.7: rtc core: registered rtc.7 as rtc0
[    1.632411] tegra_rtc 7000e000.rtc: rtc core: registered 7000e000.rtc as rtc1
[    1.639562] tegra_rtc 7000e000.rtc: Tegra internal Real Time Clock
[    1.647276] sbs-battery 0-000b: sbs_probe: Failed to get device status
[    1.653826] sbs-battery: probe of 0-000b failed with error -121
[    1.678614] sdhci: Secure Digital Host Controller Interface driver
[    1.684815] sdhci: Copyright(c) Pierre Ossman
[    1.689177] sdhci-pltfm: SDHCI platform and OF driver helper
[    1.695307] sdhci-tegra 78000400.sdhci: Got CD GPIO #170.
[    1.701813] sdhci-tegra 78000400.sdhci: dummy supplies not allowed
[    1.707995] mmc0: no vqmmc regulator found
[    1.712121] sdhci-tegra 78000400.sdhci: dummy supplies not allowed
[    1.718301] mmc0: no vmmc regulator found
[    1.722328] mmc0: Invalid maximum block size, assuming 512 bytes
[    1.770246] mmc0: SDHCI controller on 78000400.sdhci [78000400.sdhci] using ADMA
[    1.779862] sdhci-tegra 78000600.sdhci: dummy supplies not allowed
[    1.786062] mmc1: no vqmmc regulator found
[    1.790173] sdhci-tegra 78000600.sdhci: dummy supplies not allowed
[    1.796366] mmc1: no vmmc regulator found
[    1.800394] mmc1: Invalid maximum block size, assuming 512 bytes
[    1.850243] mmc1: SDHCI controller on 78000600.sdhci [78000600.sdhci] using ADMA
[    1.858664] usbcore: registered new interface driver usbhid
[    1.866336] usbhid: USB HID core driver
[    1.982511] mmc1: BKOPS_EN bit is not set
[    2.013133] mmc1: new HS200 MMC card at address 0001
[    2.018837] isa bounce pool size: 16 pages
[    2.023144] mmcblk0: mmc1:0001 SEM32G 29.1 GiB 
[    2.028062] mmcblk0boot0: mmc1:0001 SEM32G partition 1 4.00 MiB
[    2.034337] mmcblk0boot1: mmc1:0001 SEM32G partition 2 4.00 MiB
[    2.040604] mmcblk0rpmb: mmc1:0001 SEM32G partition 3 4.00 MiB
[    2.049392] Primary GPT is invalid, using alternate GPT.
[    2.054842]  mmcblk0: p1 p2 p3 p4 p5
[    2.063997]  mmcblk0boot1: unknown partition table
[    2.071132]  mmcblk0boot0: unknown partition table
[    2.348109] tegra-snd-rt5640 sound.4: rt5640-aif1 <-> 70080400.i2s mapping ok
[    2.360983] input: NVIDIA Tegra Dalmore Headphones as /devices/soc0/sound.4/sound/card0/input0
[    2.371745] TCP: cubic registered
[    2.375340] NET: Registered protocol family 10
[    2.381298] mip6: Mobile IPv6
[    2.384277] sit: IPv6 over IPv4 tunneling driver
[    2.391812] NET: Registered protocol family 17
[    2.396322] NET: Registered protocol family 15
[    2.400935] Bluetooth: RFCOMM socket layer initialized
[    2.406099] Bluetooth: RFCOMM ver 1.11
[    2.409881] Bluetooth: BNEP (Ethernet Emulation) ver 1.3
[    2.415232] Bluetooth: BNEP socket layer initialized
[    2.420199] Bluetooth: HIDP (Human Interface Emulation) ver 1.2
[    2.426159] Bluetooth: HIDP socket layer initialized
[    2.432451] Registering SWP/SWPB emulation handler
[    2.443358] hvdd-usb: disabling
[    2.449273] vdd-af-cam1: disabling
[    2.455792] LDO5: disabling
[    2.461500] vpp-fuse: disabling
[    2.467520] avdd-cam2: disabling
[    2.473439] avdd-cam1: disabling
[    2.480567] vdd-com-3v3: disabling
[    2.484576] vdd-lvds: disabling
[    2.488319] avdd-lcd: disabling
[    2.492132] vdd-lcd-bl: disabling
[    2.497224] dvdd_ts: 1800 mV 
[    2.501110] lcd_bl_en: 5000 mV 
[    2.505086] usb1_vbus: 5000 mV 
[    2.508415] usb1_vbus: supplied by vdd-sys-5v0
[    2.513784] usb2_vbus: 5000 mV 
[    2.517083] usb2_vbus: supplied by vdd-sys-5v0
[    2.522418] vdd_hdmi_5v0: 5000 mV 
[    2.526008] vdd_hdmi_5v0: supplied by vdd-sys-5v0
[    2.533825] vdd_cam_1v8_reg: 1800 mV 
[    2.538235] platform 7d008000.usb: Driver tegra-ehci requests probe deferral
[    2.546165] tegra-ehci 7d008000.usb: EHCI Host Controller
[    2.551627] tegra-ehci 7d008000.usb: new USB bus registered, assigned bus number 1
[    2.560203] tegra-ehci 7d008000.usb: irq 129, io mem 0x7d008000
[    2.580311] tegra-ehci 7d008000.usb: USB 2.0 started, EHCI 1.10
[    2.588496] hub 1-0:1.0: USB hub found
[    2.592512] hub 1-0:1.0: 1 port detected
[    2.598777] input: gpio-keys.2 as /devices/soc0/gpio-keys.2/input/input1
[    2.609610] palmas-rtc rtc.7: setting system clock to 2000-02-26 08:14:53 UTC (951552893)
[    2.632282] ALSA device list:
[    2.635315]   #0: NVIDIA Tegra Dalmore
[    2.651659] kjournald starting.  Commit interval 5 seconds
[    2.657236] EXT3-fs (mmcblk0p1): using internal journal
[    2.662623] EXT3-fs (mmcblk0p1): recovery complete
[    2.667479] EXT3-fs (mmcblk0p1): mounted filesystem with writeback data mode
[    2.674760] VFS: Mounted root (ext3 filesystem) on device 179:1.
[    2.683058] devtmpfs: mounted
[    2.686398] Freeing unused kernel memory: 244K (c075e000 - c079b000)
bash: cannot set terminal process group (-1): Inappropriate ioctl for device
bash: no job control in this shell
I have no name!@(none):/# [    2.910424] usb 1-1: new high-speed USB device number 2 using tegra-ehci
