
U-Boot SPL 2016.05-rc2 (Apr 21 2016 - 16:23:00)
Trying to boot from RAM


U-Boot 2016.05-rc2 (Apr 21 2016 - 16:23:00 -0700)

TEGRA124
Model: NVIDIA Jetson TK1
Board: NVIDIA Jetson TK1
DRAM:  2 GiB
MC:   Tegra SD/MMC: 0, Tegra SD/MMC: 1
In:    serial
Out:   serial
Err:   serial
Net:   No ethernet found.
Hit any key to stop autoboot:  2  0 
Tegra124 (Jetson TK1) # 
Tegra124 (Jetson TK1) # pci enum
Tegra124 (Jetson TK1) # setenv bootargs 'ignore_loglevel console=ttyS0,115200n8 rw root=PARTUUID=b1791faa-84e8-4e27-83a1-9fb0a77e8803 rootwait gpt debug noinitrd earlyprintk init=/bin/bash'
Tegra124 (Jetson TK1) # setenv ipaddr 192.168.100.102; setenv serverip 192.168.100.1; setenv tftpserverip 192.168.100.1
Tegra124 (Jetson TK1) # tftpboot 0x82000000 zImage.multi_v7_defconfig

Warning: eth_rtl8169 using MAC address from ROM
Using eth_rtl8169 device
TFTP from server 192.168.100.1; our IP address is 192.168.100.102
Filename 'zImage.multi_v7_defconfig'.
Load address: 0x82000000
Loading: *#################################################################
	 #################################################################
	 #################################################################
	 #################################################################
	 #################################################################
	 #################################################################
	 #################################################################
	 ##########################################
	 4 MiB/s
done
Bytes transferred = 7291880 (6f43e8 hex)
Tegra124 (Jetson TK1) # tftpboot 0x83000000 tegra124-jetson-tk1.dtb
Using eth_rtl8169 device
TFTP from server 192.168.100.1; our IP address is 192.168.100.102
Filename 'tegra124-jetson-tk1.dtb'.
Load address: 0x83000000
Loading: *#####
	 4 MiB/s
done
Bytes transferred = 67133 (1063d hex)
Tegra124 (Jetson TK1) # bootz 0x82000000 - 0x83000000
Kernel image @ 0x82000000 [ 0x000000 - 0x6f43e8 ]
## Flattened Device Tree blob at 83000000
   Booting using the fdt blob at 0x83000000
   Using Device Tree in place at 83000000, end 8301363c

Starting kernel ...

[    0.000000] Booting Linux on physical CPU 0x0
[    0.000000] Linux version 4.9.0-rc2-next-20161025-129519-g556dd18 (pwalmsley@sellafield) (gcc version 4.7.3 20130328 (prerelease) (crosstool-NG linaro-1.13.1-4.7-2013.04-20130415 - Linaro GCC 2013.04) ) #1 SMP Mon Oct 24 20:49:45 PDT 2016
[    0.000000] CPU: ARMv7 Processor [413fc0f3] revision 3 (ARMv7), cr=10c5387d
[    0.000000] CPU: div instructions available: patching division code
[    0.000000] CPU: PIPT / VIPT nonaliasing data cache, PIPT instruction cache
[    0.000000] OF: fdt:Machine model: NVIDIA Tegra124 Jetson TK1
[    0.000000] debug: ignoring loglevel setting.
[    0.000000] efi: Getting EFI parameters from FDT:
[    0.000000] efi: UEFI not found.
[    0.000000] cma: Reserved 64 MiB at 0xfb800000
[    0.000000] Memory policy: Data cache writealloc
[    0.000000] On node 0 totalpages: 524032
[    0.000000] free_area_init_node: node 0, pgdat c1426cc0, node_mem_map eeff8000
[    0.000000]   DMA zone: 1536 pages used for memmap
[    0.000000]   DMA zone: 0 pages reserved
[    0.000000]   DMA zone: 196608 pages, LIFO batch:31
[    0.000000]   HighMem zone: 327424 pages, LIFO batch:31
[    0.000000] percpu: Embedded 14 pages/cpu @eef85000 s26624 r8192 d22528 u57344
[    0.000000] pcpu-alloc: s26624 r8192 d22528 u57344 alloc=14*4096
[    0.000000] pcpu-alloc: [0] 0 [0] 1 [0] 2 [0] 3 
[    0.000000] Built 1 zonelists in Zone order, mobility grouping on.  Total pages: 522496
[    0.000000] Kernel command line: ignore_loglevel console=ttyS0,115200n8 rw root=PARTUUID=b1791faa-84e8-4e27-83a1-9fb0a77e8803 rootwait gpt debug noinitrd earlyprintk init=/bin/bash
[    0.000000] PID hash table entries: 4096 (order: 2, 16384 bytes)
[    0.000000] Dentry cache hash table entries: 131072 (order: 7, 524288 bytes)
[    0.000000] Inode-cache hash table entries: 65536 (order: 6, 262144 bytes)
[    0.000000] Memory: 1994936K/2096128K available (9216K kernel code, 1185K rwdata, 4076K rodata, 2048K init, 343K bss, 35656K reserved, 65536K cma-reserved, 1244160K highmem)
[    0.000000] Virtual kernel memory layout:
[    0.000000]     vector  : 0xffff0000 - 0xffff1000   (   4 kB)
[    0.000000]     fixmap  : 0xffc00000 - 0xfff00000   (3072 kB)
[    0.000000]     vmalloc : 0xf0800000 - 0xff800000   ( 240 MB)
[    0.000000]     lowmem  : 0xc0000000 - 0xf0000000   ( 768 MB)
[    0.000000]     pkmap   : 0xbfe00000 - 0xc0000000   (   2 MB)
[    0.000000]     modules : 0xbf000000 - 0xbfe00000   (  14 MB)
[    0.000000]       .text : 0xc0208000 - 0xc0c00000   (10208 kB)
[    0.000000]       .init : 0xc1100000 - 0xc1300000   (2048 kB)
[    0.000000]       .data : 0xc1300000 - 0xc14287a0   (1186 kB)
[    0.000000]        .bss : 0xc142a000 - 0xc147ffc8   ( 344 kB)
[    0.000000] SLUB: HWalign=64, Order=0-3, MinObjects=0, CPUs=4, Nodes=1
[    0.000000] Hierarchical RCU implementation.
[    0.000000] 	Build-time adjustment of leaf fanout to 32.
[    0.000000] 	RCU restricting CPUs from NR_CPUS=16 to nr_cpu_ids=4.
[    0.000000] RCU: Adjusting geometry for rcu_fanout_leaf=32, nr_cpu_ids=4
[    0.000000] NR_IRQS:16 nr_irqs:16 16
[    0.000000] /interrupt-controller@60004000: 160 interrupts forwarded to /interrupt-controller@50041000
[    0.000000] Tegra clk 127: register failed with -17
[    0.000008] sched_clock: 32 bits at 1000kHz, resolution 1000ns, wraps every 2147483647500ns
[    0.000031] clocksource: timer_us: mask: 0xffffffff max_cycles: 0xffffffff, max_idle_ns: 1911260446275 ns
[    0.000044] Switching to timer-based delay loop, resolution 1000ns
[    0.005531] arm_arch_timer: Architected cp15 timer(s) running at 12.00MHz (virt).
[    0.005548] clocksource: arch_sys_counter: mask: 0xffffffffffffff max_cycles: 0x2c47f4ee7, max_idle_ns: 440795202497 ns
[    0.005567] sched_clock: 56 bits at 12MHz, resolution 83ns, wraps every 4398046511096ns
[    0.005579] Switching to timer-based delay loop, resolution 83ns
[    0.006043] Console: colour dummy device 80x30
[    0.006074] Calibrating delay loop (skipped), value calculated using timer frequency.. 24.00 BogoMIPS (lpj=60000)
[    0.006088] pid_max: default: 32768 minimum: 301
[    0.006191] Mount-cache hash table entries: 2048 (order: 1, 8192 bytes)
[    0.006202] Mountpoint-cache hash table entries: 2048 (order: 1, 8192 bytes)
[    0.006795] CPU: Testing write buffer coherency: ok
[    0.007013] /cpus/cpu@0 missing clock-frequency property
[    0.007055] /cpus/cpu@1 missing clock-frequency property
[    0.007098] /cpus/cpu@2 missing clock-frequency property
[    0.007141] /cpus/cpu@3 missing clock-frequency property
[    0.007153] CPU0: thread -1, cpu 0, socket 0, mpidr 80000000
[    0.007389] Setting up static identity map for 0x80300000 - 0x80300098
[    0.010826] Tegra Revision: A01 SKU: 129 CPU Process: 1 SoC Process: 1
[    0.011498] EFI services will not be available.
[    0.012238] CPU1: thread -1, cpu 1, socket 0, mpidr 80000001
[    0.015899] CPU2: thread -1, cpu 2, socket 0, mpidr 80000002
[    0.020898] CPU3: thread -1, cpu 3, socket 0, mpidr 80000003
[    0.025418] Brought up 4 CPUs
[    0.025438] SMP: Total of 4 processors activated (96.00 BogoMIPS).
[    0.025445] CPU: All CPU(s) started in SVC mode.
[    0.026928] devtmpfs: initialized
[    0.047542] VFP support v0.3: implementor 41 architecture 4 part 30 variant f rev 0
[    0.047985] clocksource: jiffies: mask: 0xffffffff max_cycles: 0xffffffff, max_idle_ns: 9556302231375000 ns
[    0.049351] pinctrl core: initialized pinctrl subsystem
[    0.051130] NET: Registered protocol family 16
[    0.053065] DMA: preallocated 256 KiB pool for atomic coherent allocations
[    0.070546] cpuidle: using governor menu
[    0.100811] No ATAGs?
[    0.100839] hw-breakpoint: found 5 (+1 reserved) breakpoint and 4 watchpoint registers.
[    0.100850] hw-breakpoint: maximum watchpoint size is 8 bytes.
[    0.107824] Serial: AMBA PL011 UART driver
[    0.140863] +5V_SYS: supplied by +VDD_MUX
[    0.141166] +3.3V_SYS: supplied by +VDD_MUX
[    0.141802] +USB0_VBUS_SW: Failed to request enable GPIO108: -517
[    0.141817] reg-fixed-voltage regulators:regulator@7: Failed to register regulator: -517
[    0.141906] +5V_USB_HS: Failed to request enable GPIO109: -517
[    0.141919] reg-fixed-voltage regulators:regulator@8: Failed to register regulator: -517
[    0.142083] +1.05V_RUN_AVDD_HDMI_PLL: Failed to request enable GPIO63: -517
[    0.142095] reg-fixed-voltage regulators:regulator@11: Failed to register regulator: -517
[    0.142179] +5V_HDMI_CON: Failed to request enable GPIO86: -517
[    0.142191] reg-fixed-voltage regulators:regulator@12: Failed to register regulator: -517
[    0.142276] +5V_SATA: Failed to request enable GPIO242: -517
[    0.142287] reg-fixed-voltage regulators:regulator@13: Failed to register regulator: -517
[    0.142372] +12V_SATA: Failed to request enable GPIO242: -517
[    0.142383] reg-fixed-voltage regulators:regulator@14: Failed to register regulator: -517
[    0.145625] vgaarb: loaded
[    0.146502] SCSI subsystem initialized
[    0.146661] libata version 3.00 loaded.
[    0.146925] usbcore: registered new interface driver usbfs
[    0.146988] usbcore: registered new interface driver hub
[    0.147050] usbcore: registered new device driver usb
[    0.150634] pps_core: LinuxPPS API ver. 1 registered
[    0.150644] pps_core: Software ver. 5.3.6 - Copyright 2005-2007 Rodolfo Giometti <giometti@linux.it>
[    0.150666] PTP clock support registered
[    0.150889] EDAC MC: Ver: 3.0.0
[    0.154135] clocksource: Switched to clocksource arch_sys_counter
[    0.165440] NET: Registered protocol family 2
[    0.165954] TCP established hash table entries: 8192 (order: 3, 32768 bytes)
[    0.166052] TCP bind hash table entries: 8192 (order: 4, 65536 bytes)
[    0.166238] TCP: Hash tables configured (established 8192 bind 8192)
[    0.166285] UDP hash table entries: 512 (order: 2, 16384 bytes)
[    0.166326] UDP-Lite hash table entries: 512 (order: 2, 16384 bytes)
[    0.166481] NET: Registered protocol family 1
[    0.166797] RPC: Registered named UNIX socket transport module.
[    0.166807] RPC: Registered udp transport module.
[    0.166815] RPC: Registered tcp transport module.
[    0.166822] RPC: Registered tcp NFSv4.1 backchannel transport module.
[    0.166833] PCI: CLS 0 bytes, default 64
[    0.168028] hw perfevents: enabled with armv7_cortex_a15 PMU driver, 7 counters available
[    0.169527] futex hash table entries: 1024 (order: 4, 65536 bytes)
[    0.170248] workingset: timestamp_bits=30 max_order=19 bucket_order=0
[    0.181362] squashfs: version 4.0 (2009/01/31) Phillip Lougher
[    0.182207] NFS: Registering the id_resolver key type
[    0.182242] Key type id_resolver registered
[    0.182250] Key type id_legacy registered
[    0.182295] ntfs: driver 2.1.32 [Flags: R/O].
[    0.183561] bounce: pool size: 64 pages
[    0.183768] Block layer SCSI generic (bsg) driver version 0.4 loaded (major 248)
[    0.183778] io scheduler noop registered
[    0.183786] io scheduler deadline registered
[    0.183968] io scheduler cfq registered (default)
[    0.189555] usb2-0 supply vbus not found, using dummy regulator
[    0.189694] usb2-1 supply vbus not found, using dummy regulator
[    0.190087] tegra-xusb-padctl 7009f000.padctl: failed to setup XUSB ports: -517
[    0.190790] libphy: mdio_driver_register: phy-bcm-ns2-pci
[    0.207039] tegra-pcie 1003000.pcie-controller: 2x1, 1x1 configuration
[    0.207093] tegra-pcie 1003000.pcie-controller: Failed to get supply 'avddio-pex': -517
[    0.213163] tegra124-dfll 70110000.clock: couldn't get vdd_cpu regulator
[    0.221589] tegra-apbdma 60020000.dma: Tegra20 APB DMA driver register 32 channels
[    0.223541] tegra-pmc 7000e400.pmc: emergency thermal reset enabled
[    0.289532] Serial: 8250/16550 driver, 4 ports, IRQ sharing disabled
[    0.292547] console [ttyS0] disabled
[    0.292582] 70006300.serial: ttyS0 at MMIO 0x70006300 (irq = 335, base_baud = 25500000) is a Tegra
[    1.171115] console [ttyS0] enabled
[    1.175517] SuperH (H)SCI(F) driver initialized
[    1.181112] msm_serial: driver initialized
[    1.185428] STMicroelectronics ASC driver initialized
[    1.191370] 70006000.serial: ttyTHS1 at MMIO 0x70006000 (irq = 333, base_baud = 0) is a TEGRA_UART
[    1.200683] 70006040.serial: ttyTHS2 at MMIO 0x70006040 (irq = 334, base_baud = 0) is a TEGRA_UART
[    1.213064] [drm] Initialized
[    1.219274] tegra-hdmi 54280000.hdmi: failed to get HDMI regulator
[    1.239207] brd: module loaded
[    1.248469] loop: module loaded
[    1.252902] at24 0-0056: 256 byte 24c02 EEPROM, writable, 8 bytes/write
[    1.261235] as3722 4-0040: AS3722 with revision 0x1 found
[    1.273670] as3722-sd2: supplied by +5V_SYS
[    1.278342] as3722-sd3: supplied by +5V_SYS
[    1.282751] +1.35V_LP0(sd3): Bringing 0uV into 1350000-1350000uV
[    1.288889] +1.35V_LP0(sd3): ramp_delay not set
[    1.293675] as3722-sd4: supplied by +5V_SYS
[    1.298330] as3722-sd5: supplied by +5V_SYS
[    1.304420] as3722-ldo0: supplied by +1.35V_LP0(sd2)
[    1.310507] +1.8V_RUN_CAM: Bringing 0uV into 1800000-1800000uV
[    1.316474] +1.8V_RUN_CAM: ramp_delay not set
[    1.321136] as3722-ldo2: supplied by +1.8V_VDDIO
[    1.327058] as3722-ldo3: supplied by +3.3V_SYS
[    1.331555] +1.05V_LP0_VDD_RTC: Bringing 1100000uV into 1000000-1000000uV
[    1.338472] +1.05V_LP0_VDD_RTC: ramp_delay not set
[    1.344210] as3722-ldo4: supplied by +3.3V_SYS
[    1.348856] +2.8V_RUN_CAM: Bringing 0uV into 2800000-2800000uV
[    1.354821] +2.8V_RUN_CAM: ramp_delay not set
[    1.359491] as3722-ldo5: supplied by +1.8V_VDDIO
[    1.364329] +1.2V_RUN_CAM_FRONT: Bringing 0uV into 1200000-1200000uV
[    1.370813] +1.2V_RUN_CAM_FRONT: ramp_delay not set
[    1.376183] +VDDIO_SDMMC3: bypassed regulator has no supply!
[    1.381854] +VDDIO_SDMMC3: failed to get the current voltage(-517)
[    1.388045] as3722-regulator as3722-regulator: regulator 13 register failed -517
[    1.400789] tegra-ahci 70027000.sata: couldn't get PHY in node sata: -517
[    1.421832] random: fast init done
[    1.425423] m25p80 spi32765.0: w25q32dw (4096 Kbytes)
[    1.433607] libphy: Fixed MDIO Bus: probed
[    1.438895] CAN device driver interface
[    1.445043] e1000e: Intel(R) PRO/1000 Network Driver - 3.2.6-k
[    1.450882] e1000e: Copyright(c) 1999 - 2015 Intel Corporation.
[    1.456876] igb: Intel(R) Gigabit Ethernet Network Driver - version 5.4.0-k
[    1.463841] igb: Copyright (c) 2007-2014 Intel Corporation.
[    1.473128] pegasus: v0.9.3 (2013/04/25), Pegasus/Pegasus II USB Ethernet driver
[    1.480599] usbcore: registered new interface driver pegasus
[    1.486325] usbcore: registered new interface driver asix
[    1.491776] usbcore: registered new interface driver ax88179_178a
[    1.497919] usbcore: registered new interface driver cdc_ether
[    1.503819] usbcore: registered new interface driver smsc75xx
[    1.509634] usbcore: registered new interface driver smsc95xx
[    1.515429] usbcore: registered new interface driver net1080
[    1.521144] usbcore: registered new interface driver cdc_subset
[    1.527112] usbcore: registered new interface driver zaurus
[    1.532755] usbcore: registered new interface driver cdc_ncm
[    1.538652] tegra-phy 7d004000.usb-phy: no vbus regulator
[    1.546182] ehci_hcd: USB 2.0 'Enhanced' Host Controller (EHCI) Driver
[    1.552718] ehci-pci: EHCI PCI platform driver
[    1.557216] ehci-platform: EHCI generic platform driver
[    1.562668] ehci-orion: EHCI orion driver
[    1.566835] SPEAr-ehci: EHCI SPEAr driver
[    1.571007] ehci-st: EHCI STMicroelectronics driver
[    1.576053] ehci-exynos: EHCI EXYNOS driver
[    1.580417] ehci-atmel: EHCI Atmel driver
[    1.584586] tegra-ehci: Tegra EHCI driver
[    1.591425] tegra-ehci 7d004000.usb: EHCI Host Controller
[    1.596853] tegra-ehci 7d004000.usb: new USB bus registered, assigned bus number 1
[    1.604601] tegra-ehci 7d004000.usb: irq 354, io mem 0x7d004000
[    1.624157] tegra-ehci 7d004000.usb: USB 2.0 started, EHCI 1.10
[    1.630924] hub 1-0:1.0: USB hub found
[    1.634724] hub 1-0:1.0: 1 port detected
[    1.639267] ohci_hcd: USB 1.1 'Open' Host Controller (OHCI) Driver
[    1.645462] ohci-pci: OHCI PCI platform driver
[    1.649963] ohci-platform: OHCI generic platform driver
[    1.655375] ohci-omap3: OHCI OMAP3 driver
[    1.659548] SPEAr-ohci: OHCI SPEAr driver
[    1.663705] ohci-st: OHCI STMicroelectronics driver
[    1.668750] ohci-atmel: OHCI Atmel driver
[    1.673587] usbcore: registered new interface driver usb-storage
[    1.681303] mousedev: PS/2 mouse device common for all mice
[    1.690208] as3722-rtc as3722-rtc: rtc core: registered as3722-rtc as rtc0
[    1.697100] as3722-rtc as3722-rtc: RTC interrupt 377
[    1.705495] tegra_rtc 7000e000.rtc: rtc core: registered 7000e000.rtc as rtc1
[    1.712686] tegra_rtc 7000e000.rtc: Tegra internal Real Time Clock
[    1.719478] i2c /dev entries driver
[    1.730133] 0-004c supply vcc not found, using dummy regulator
[    1.746101] sdhci: Secure Digital Host Controller Interface driver
[    1.752293] sdhci: Copyright(c) Pierre Ossman
[    1.758337] Synopsys Designware Multimedia Card Interface Driver
[    1.765556] sdhci-pltfm: SDHCI platform and OF driver helper
[    1.772021] sdhci-tegra 700b0400.sdhci: Got CD GPIO
[    1.776930] sdhci-tegra 700b0400.sdhci: Got WP GPIO
[    1.782064] mmc0: Unknown controller version (3). You may experience problems.
[    1.789375] mmc0: Invalid maximum block size, assuming 512 bytes
[    1.839156] mmc0: SDHCI controller on 700b0600.sdhci [700b0600.sdhci] using ADMA
[    1.848679] ledtrig-cpu: registered to indicate activity on CPUs
[    1.855048] usbcore: registered new interface driver usbhid
[    1.860635] usbhid: USB HID core driver
[    1.868119] NET: Registered protocol family 10
[    1.873545] sit: IPv6, IPv4 and MPLS over IPv4 tunneling driver
[    1.880167] NET: Registered protocol family 17
[    1.884637] can: controller area network core (rev 20120528 abi 9)
[    1.890890] NET: Registered protocol family 29
[    1.895346] can: raw protocol (rev 20120528)
[    1.899628] can: broadcast manager protocol (rev 20160617 t)
[    1.905300] can: netlink gateway (rev 20130117) max_hops=1
[    1.911164] Key type dns_resolver registered
[    1.916091] ThumbEE CPU extension supported.
[    1.920384] Registering SWP/SWPB emulation handler
[    1.943465] +3.3V_RUN: supplied by +3.3V_SYS
[    1.948571] +3.3V_AVDD_HDMI_AP_GATED: supplied by +3.3V_RUN
[    1.954734] +USB0_VBUS_SW: supplied by +5V_SYS
[    1.960015] +5V_USB_HS: supplied by +5V_SYS
[    1.966241] +3.3V_LP0: supplied by +3.3V_SYS
[    1.972561] +5V_HDMI_CON: supplied by +5V_SYS
[    1.977480] +5V_SATA: supplied by +5V_SYS
[    1.982011] +12V_SATA: supplied by +VDD_MUX
[    1.988377] usb2-0 supply vbus not found, using dummy regulator
[    1.994614] usb2-1 supply vbus not found, using dummy regulator
[    2.001085] usb3-0 supply vbus not found, using dummy regulator
[    2.008604] tegra-pcie 1003000.pcie-controller: 2x1, 1x1 configuration
[    2.008775] mmc0: new high speed MMC card at address 0001
[    2.009844] mmcblk0: mmc0:0001 SEM16G 14.7 GiB 
[    2.010920] mmcblk0boot0: mmc0:0001 SEM16G partition 1 4.00 MiB
[    2.012004] mmcblk0boot1: mmc0:0001 SEM16G partition 2 4.00 MiB
[    2.013061] mmcblk0rpmb: mmc0:0001 SEM16G partition 3 4.00 MiB
[    2.042887] tegra-pcie 1003000.pcie-controller: Failed to get supply 'avddio-pex': -517
[    2.053921] tegra124-dfll 70110000.clock: couldn't get vdd_cpu regulator
[    2.061781]  mmcblk0: p1
[    2.065724] tegra-hdmi 54280000.hdmi: failed to get PLL regulator
[    2.076179] as3722-sd2: supplied by +5V_SYS
[    2.080888] as3722-sd3: supplied by +5V_SYS
[    2.085542] as3722-sd4: supplied by +5V_SYS
[    2.090087] +1.05V_RUN_AVDD_HDMI_PLL: supplied by +1.05V_RUN
[    2.095931] as3722-sd5: supplied by +5V_SYS
[    2.102022] as3722-ldo0: supplied by +1.35V_LP0(sd2)
[    2.107591] as3722-ldo1: supplied by +3.3V_RUN
[    2.112476] as3722-ldo2: supplied by +1.8V_VDDIO
[    2.118089] as3722-ldo3: supplied by +3.3V_SYS
[    2.123600] as3722-ldo4: supplied by +3.3V_SYS
[    2.128358] as3722-ldo5: supplied by +1.8V_VDDIO
[    2.133366] as3722-ldo6: supplied by +3.3V_RUN
[    2.138109] as3722-ldo7: supplied by +1.8V_VDDIO
[    2.143017] +1.05V_RUN_CAM_REAR: Bringing 0uV into 1050000-1050000uV
[    2.149752] +1.05V_RUN_CAM_REAR: ramp_delay not set
[    2.154996] as3722-ldo9: supplied by +5V_SYS
[    2.160669] +3.3V_RUN_TOUCH: Bringing 0uV into 2800000-2800000uV
[    2.167062] +3.3V_RUN_TOUCH: ramp_delay not set
[    2.171963] as3722-ldo10: supplied by +5V_SYS
[    2.177043] +2.8V_RUN_CAM_AF: Bringing 0uV into 2800000-2800000uV
[    2.183294] +2.8V_RUN_CAM_AF: ramp_delay not set
[    2.188254] as3722-ldo11: supplied by +3.3V_RUN
[    2.193505] +1.8V_RUN_VPP_FUSE: Bringing 0uV into 1800000-1800000uV
[    2.200159] +1.8V_RUN_VPP_FUSE: ramp_delay not set
[    2.208325] tegra-ahci 70027000.sata: AHCI 0001.0301 32 slots 2 ports 3 Gbps 0x1 impl platform mode
[    2.217399] tegra-ahci 70027000.sata: flags: 64bit ncq sntf pm led pio slum part sadm sds apst 
[    2.228196] scsi host0: tegra-ahci
[    2.232877] scsi host1: tegra-ahci
[    2.236670] ata1: SATA max UDMA/133 mmio [mem 0x70027000-0x70028fff] port 0x100 irq 345
[    2.244682] ata2: DUMMY
[    2.250552] tegra-ehci 7d008000.usb: EHCI Host Controller
[    2.255990] tegra-ehci 7d008000.usb: new USB bus registered, assigned bus number 2
[    2.263755] tegra-ehci 7d008000.usb: irq 355, io mem 0x7d008000
[    2.284252] tegra-ehci 7d008000.usb: USB 2.0 started, EHCI 1.10
[    2.291370] hub 2-0:1.0: USB hub found
[    2.295240] hub 2-0:1.0: 1 port detected
[    2.301829] sdhci-tegra 700b0400.sdhci: Got CD GPIO
[    2.306786] sdhci-tegra 700b0400.sdhci: Got WP GPIO
[    2.311932] mmc1: Unknown controller version (3). You may experience problems.
[    2.319274] mmc1: Invalid maximum block size, assuming 512 bytes
[    2.369718] mmc1: SDHCI controller on 700b0400.sdhci [700b0400.sdhci] using ADMA
[    2.377871] tegra-pcie 1003000.pcie-controller: 2x1, 1x1 configuration
[    2.391818] tegra-pcie 1003000.pcie-controller: probing port 0, using 2 lanes
[    2.401062] tegra-pcie 1003000.pcie-controller: Slot present pin change, signature: 00000008
[    2.425487] tegra-pcie 1003000.pcie-controller: probing port 1, using 1 lanes
[    2.434189] tegra-pcie 1003000.pcie-controller: Slot present pin change, signature: 00000000
[    2.449166] tegra-pcie 1003000.pcie-controller: PCI host bridge to bus 0000:00
[    2.456430] pci_bus 0000:00: root bus resource [io  0x0000-0xffff]
[    2.462659] pci_bus 0000:00: root bus resource [mem 0x13000000-0x1fffffff]
[    2.469589] pci_bus 0000:00: root bus resource [mem 0x20000000-0x3fffffff pref]
[    2.476943] pci_bus 0000:00: root bus resource [bus 00-ff]
[    2.482508] pci 0000:00:01.0: [10de:0e12] type 01 class 0x060400
[    2.488663] pci 0000:00:01.0: PME# supported from D0 D1 D2 D3hot D3cold
[    2.495718] pci 0000:00:02.0: [10de:0e13] type 01 class 0x060400
[    2.501877] pci 0000:00:02.0: PME# supported from D0 D1 D2 D3hot D3cold
[    2.508918] PCI: bus0: Fast back to back transfers disabled
[    2.514545] pci 0000:00:01.0: bridge configuration invalid ([bus 00-00]), reconfiguring
[    2.522597] pci 0000:00:02.0: bridge configuration invalid ([bus 00-00]), reconfiguring
[    2.530892] pci 0000:01:00.0: [8086:4232] type 00 class 0x028000
[    2.536978] pci 0000:01:00.0: reg 0x10: [mem 0x00000000-0x00001fff 64bit]
[    2.544017] pci 0000:01:00.0: PME# supported from D0 D3hot D3cold
[    2.562731] ata1: SATA link down (SStatus 0 SControl 300)
[    2.564269] PCI: bus1: Fast back to back transfers disabled
[    2.564282] pci_bus 0000:01: busn_res: [bus 01-ff] end is updated to 01
[    2.564577] pci 0000:02:00.0: [10ec:8168] type 00 class 0x020000
[    2.564613] pci 0000:02:00.0: reg 0x10: [io  0x0000-0x00ff]
[    2.564655] pci 0000:02:00.0: reg 0x18: [mem 0x00000000-0x00000fff 64bit]
[    2.564684] pci 0000:02:00.0: reg 0x20: [mem 0x00000000-0x00003fff 64bit pref]
[    2.564862] pci 0000:02:00.0: supports D1 D2
[    2.564868] pci 0000:02:00.0: PME# supported from D0 D1 D2 D3hot D3cold
[    2.579284] PCI: bus2: Fast back to back transfers disabled
[    2.579298] pci_bus 0000:02: busn_res: [bus 02-ff] end is updated to 02
[    2.579486] pci 0000:00:01.0: BAR 8: assigned [mem 0x13000000-0x130fffff]
[    2.579495] pci 0000:00:02.0: BAR 8: assigned [mem 0x13100000-0x131fffff]
[    2.579504] pci 0000:00:02.0: BAR 9: assigned [mem 0x20000000-0x200fffff 64bit pref]
[    2.579511] pci 0000:00:02.0: BAR 7: assigned [io  0x1000-0x1fff]
[    2.579522] pci 0000:01:00.0: BAR 0: assigned [mem 0x13000000-0x13001fff 64bit]
[    2.579556] pci 0000:00:01.0: PCI bridge to [bus 01]
[    2.579568] pci 0000:00:01.0:   bridge window [mem 0x13000000-0x130fffff]
[    2.579587] pci 0000:02:00.0: BAR 4: assigned [mem 0x20000000-0x20003fff 64bit pref]
[    2.579615] pci 0000:02:00.0: BAR 2: assigned [mem 0x13100000-0x13100fff 64bit]
[    2.579643] pci 0000:02:00.0: BAR 0: assigned [io  0x1000-0x10ff]
[    2.579655] pci 0000:00:02.0: PCI bridge to [bus 02]
[    2.579662] pci 0000:00:02.0:   bridge window [io  0x1000-0x1fff]
[    2.579674] pci 0000:00:02.0:   bridge window [mem 0x13100000-0x131fffff]
[    2.579683] pci 0000:00:02.0:   bridge window [mem 0x20000000-0x200fffff 64bit pref]
[    2.579723] pci 0000:00:01.0: nv_msi_ht_cap_quirk didn't locate host bridge
[    2.579838] pcieport 0000:00:01.0: enabling device (0140 -> 0142)
[    2.580176] pcieport 0000:00:01.0: Signaling PME through PCIe PME interrupt
[    2.580182] pci 0000:01:00.0: Signaling PME through PCIe PME interrupt
[    2.580192] pcie_pme 0000:00:01.0:pcie001: service driver pcie_pme loaded
[    2.580308] pci 0000:00:02.0: nv_msi_ht_cap_quirk didn't locate host bridge
[    2.580401] pcieport 0000:00:02.0: enabling device (0140 -> 0143)
[    2.580692] pcieport 0000:00:02.0: Signaling PME through PCIe PME interrupt
[    2.580697] pci 0000:02:00.0: Signaling PME through PCIe PME interrupt
[    2.580707] pcie_pme 0000:00:02.0:pcie001: service driver pcie_pme loaded
[    2.581044] r8169 Gigabit Ethernet driver 2.3LK-NAPI loaded
[    2.581067] r8169 0000:02:00.0: enabling device (0140 -> 0143)
[    2.601031] r8169 0000:02:00.0 eth0: RTL8168g/8111g at 0xf0a45000, 00:04:4b:3a:d9:81, XID 0c000800 IRQ 395
[    2.601039] r8169 0000:02:00.0 eth0: jumbo features [frames: 9200 bytes, tx checksumming: ko]
[    2.608758] [drm] Supports vblank timestamp caching Rev 2 (21.10.2013).
[    2.608762] [drm] No driver support for vblank timestamp query.
[    2.608792] drm drm: No connectors reported connected with modes
[    2.608801] [drm] Cannot find any crtc or sizes - going 1024x768
[    2.633209] mmc1: new high speed SDHC card at address aaaa
[    2.634157] mmcblk1: mmc1:aaaa SD04G 3.69 GiB 
[    2.648453]  mmcblk1: p1 p2 p3
[    2.864886] Console: switching to colour frame buffer device 128x48
[    2.878603] drm drm: fb0:  frame buffer device
[    2.899240] [drm] Initialized tegra 0.0.0 20120330 on minor 0
[    2.906730] of: dev_pm_opp_of_cpumask_add_table: couldn't find opp table for cpu:0, -19
[    2.914808] cpufreq: cpufreq_online: CPU0: Running at unlisted freq: 696000 KHz
[    2.922156] cpufreq: cpufreq_online: CPU0: Unlisted initial frequency changed to: 714000 KHz
[    2.931267] input: gpio-keys as /devices/soc0/gpio-keys/input/input0
[    2.938289] as3722-rtc as3722-rtc: setting system clock to 2000-01-01 00:00:12 UTC (946684812)
[    2.947409] +USB0_VBUS_SW: disabling
[    2.951011] +1.8V_RUN_CAM: disabling
[    2.954715] +2.8V_RUN_CAM: disabling
[    2.958405] +1.2V_RUN_CAM_FRONT: disabling
[    2.962620] +1.05V_RUN_CAM_REAR: disabling
[    2.966835] +3.3V_RUN_TOUCH: disabling
[    2.970717] +2.8V_RUN_CAM_AF: disabling
[    2.974658] +1.8V_RUN_VPP_FUSE: disabling
[    2.979631] EXT4-fs (mmcblk0p1): mounting ext3 file system using the ext4 subsystem
[    3.019092] EXT4-fs (mmcblk0p1): recovery complete
[    3.024886] EXT4-fs (mmcblk0p1): mounted filesystem with ordered data mode. Opts: (null)
[    3.033027] VFS: Mounted root (ext3 filesystem) on device 179:1.
[    3.043283] devtmpfs: mounted
[    3.047011] Freeing unused kernel memory: 2048K (c1100000 - c1300000)
bash: cannot set terminal process group (-1): Inappropriate ioctl for device
bash: no job control in this shell
root@(none):/# 