
U-Boot SPL 2014.01-00219-gc4d376f (Feb 18 2014 - 19:57:32)


U-Boot 2014.01-00219-gc4d376f (Feb 18 2014 - 19:57:32)

TEGRA114
Board: NVIDIA Dalmore
I2C:   ready
DRAM:  2 GiB
MMC:   Tegra SD/MMC: 0, Tegra SD/MMC: 1
In:    serial
Out:   serial
Err:   serial
Net:   Net Initialization Skipped
No ethernet found.
Hit any key to stop autoboot:  2  0 
Tegra114 (Dalmore) # 
Tegra114 (Dalmore) # usb reset
(Re)start USB...
USB0:   USB EHCI 1.10
scanning bus 0 for devices... 2 USB Device(s) found
       scanning usb for storage devices... 0 Storage Device(s) found
       scanning usb for ethernet devices... 
Warning: asx0 using MAC address from net device
1 Ethernet Device(s) found
Tegra114 (Dalmore) # setenv bootargs 'ignore_loglevel console=ttyS0,115200n8 rw root=PARTUUID=7369c667-ff51-ec4a-29cd-baabf2fbe346 rootwait gpt debug earlyprintk init=/bin/bash'
Tegra114 (Dalmore) # setenv ipaddr 192.168.100.100; setenv serverip 192.168.100.1; setenv tftpserverip 192.168.100.1
Tegra114 (Dalmore) # tftpboot 0x81000000 zImage.multi_v7_defconfig
Using asx0 device
TFTP from server 192.168.100.1; our IP address is 192.168.100.100
Filename 'zImage.multi_v7_defconfig'.
Load address: 0x81000000
Loading: *#################################################################
	 #################################################################
	 #################################################################
	 #################################################################
	 #################################################################
	 #################################################################
	 #################################################################
	 #################################################################
	 ####################
	 3 MiB/s
done
Bytes transferred = 7917888 (78d140 hex)
Tegra114 (Dalmore) # tftpboot 0x82000000 tegra114-dalmore.dtb
Using asx0 device
TFTP from server 192.168.100.1; our IP address is 192.168.100.100
Filename 'tegra114-dalmore.dtb'.
Load address: 0x82000000
Loading: *###
	 2.8 MiB/s
done
Bytes transferred = 35044 (88e4 hex)
Tegra114 (Dalmore) # bootz 0x81000000 - 0x82000000
Kernel image @ 0x81000000 [ 0x000000 - 0x78d140 ]
## Flattened Device Tree blob at 82000000
   Booting using the fdt blob at 0x82000000
   Loading Device Tree to 8fff4000, end 8ffff8e3 ... OK

Starting kernel ...

[    0.000000] Booting Linux on physical CPU 0x0
[    0.000000] Linux version 4.11.0-rc8-next-20170501-170385-gbedb13b (jonathanh@sellafield) (gcc version 4.7.3 20130328 (prerelease) (crosstool-NG linaro-1.13.1-4.7-2013.04-20130415 - Linaro GCC 2013.04) ) #1 SMP Fri May 5 02:35:08 PDT 2017
[    0.000000] CPU: ARMv7 Processor [412fc0f2] revision 2 (ARMv7), cr=10c5387d
[    0.000000] CPU: div instructions available: patching division code
[    0.000000] CPU: PIPT / VIPT nonaliasing data cache, PIPT instruction cache
[    0.000000] OF: fdt: Machine model: NVIDIA Tegra114 Dalmore evaluation board
[    0.000000] debug: ignoring loglevel setting.
[    0.000000] Memory policy: Data cache writealloc
[    0.000000] efi: Getting EFI parameters from FDT:
[    0.000000] efi: UEFI not found.
[    0.000000] cma: Reserved 64 MiB at 0xfb800000
[    0.000000] On node 0 totalpages: 524032
[    0.000000] free_area_init_node: node 0, pgdat c157fe00, node_mem_map eeff8000
[    0.000000]   DMA zone: 1536 pages used for memmap
[    0.000000]   DMA zone: 0 pages reserved
[    0.000000]   DMA zone: 196608 pages, LIFO batch:31
[    0.000000]   HighMem zone: 327424 pages, LIFO batch:31
[    0.000000] percpu: Embedded 17 pages/cpu @eef98000 s39488 r8192 d21952 u69632
[    0.000000] pcpu-alloc: s39488 r8192 d21952 u69632 alloc=17*4096
[    0.000000] pcpu-alloc: [0] 0 [0] 1 [0] 2 [0] 3 
[    0.000000] Built 1 zonelists in Zone order, mobility grouping on.  Total pages: 522496
[    0.000000] Kernel command line: ignore_loglevel console=ttyS0,115200n8 rw root=PARTUUID=7369c667-ff51-ec4a-29cd-baabf2fbe346 rootwait gpt debug earlyprintk init=/bin/bash
[    0.000000] PID hash table entries: 4096 (order: 2, 16384 bytes)
[    0.000000] Dentry cache hash table entries: 131072 (order: 7, 524288 bytes)
[    0.000000] Inode-cache hash table entries: 65536 (order: 6, 262144 bytes)
[    0.000000] Memory: 1993540K/2096128K available (10240K kernel code, 1566K rwdata, 4388K rodata, 2048K init, 411K bss, 37052K reserved, 65536K cma-reserved, 1244160K highmem)
[    0.000000] Virtual kernel memory layout:
[    0.000000]     vector  : 0xffff0000 - 0xffff1000   (   4 kB)
[    0.000000]     fixmap  : 0xffc00000 - 0xfff00000   (3072 kB)
[    0.000000]     vmalloc : 0xf0800000 - 0xff800000   ( 240 MB)
[    0.000000]     lowmem  : 0xc0000000 - 0xf0000000   ( 768 MB)
[    0.000000]     pkmap   : 0xbfe00000 - 0xc0000000   (   2 MB)
[    0.000000]     modules : 0xbf000000 - 0xbfe00000   (  14 MB)
[    0.000000]       .text : 0xc0208000 - 0xc0d00000   (11232 kB)
[    0.000000]       .init : 0xc1200000 - 0xc1400000   (2048 kB)
[    0.000000]       .data : 0xc1400000 - 0xc1587a70   (1567 kB)
[    0.000000]        .bss : 0xc1590d10 - 0xc15f7b58   ( 412 kB)
[    0.000000] SLUB: HWalign=64, Order=0-3, MinObjects=0, CPUs=4, Nodes=1
[    0.000000] Hierarchical RCU implementation.
[    0.000000] 	RCU debugfs-based tracing is enabled.
[    0.000000] 	RCU restricting CPUs from NR_CPUS=16 to nr_cpu_ids=4.
[    0.000000] RCU: Adjusting geometry for rcu_fanout_leaf=16, nr_cpu_ids=4
[    0.000000] NR_IRQS:16 nr_irqs:16 16
[    0.000000] /interrupt-controller@60004000: 160 interrupts forwarded to /interrupt-controller@50041000
[    0.000000] Tegra clk 127: register failed with -17
[    0.000009] sched_clock: 32 bits at 1000kHz, resolution 1000ns, wraps every 2147483647500ns
[    0.000028] clocksource: timer_us: mask: 0xffffffff max_cycles: 0xffffffff, max_idle_ns: 1911260446275 ns
[    0.000043] Switching to timer-based delay loop, resolution 1000ns
[    0.003129] arch_timer: cp15 timer(s) running at 12.00MHz (virt).
[    0.003149] clocksource: arch_sys_counter: mask: 0xffffffffffffff max_cycles: 0x2c47f4ee7, max_idle_ns: 440795202497 ns
[    0.003169] sched_clock: 56 bits at 12MHz, resolution 83ns, wraps every 4398046511096ns
[    0.003184] Switching to timer-based delay loop, resolution 83ns
[    0.003590] Console: colour dummy device 80x30
[    0.003621] Calibrating delay loop (skipped), value calculated using timer frequency.. 24.00 BogoMIPS (lpj=120000)
[    0.003639] pid_max: default: 32768 minimum: 301
[    0.003728] Mount-cache hash table entries: 2048 (order: 1, 8192 bytes)
[    0.003743] Mountpoint-cache hash table entries: 2048 (order: 1, 8192 bytes)
[    0.004241] CPU: Testing write buffer coherency: ok
[    0.004477] /cpus/cpu@0 missing clock-frequency property
[    0.004508] /cpus/cpu@1 missing clock-frequency property
[    0.004536] /cpus/cpu@2 missing clock-frequency property
[    0.004566] /cpus/cpu@3 missing clock-frequency property
[    0.004581] CPU0: thread -1, cpu 0, socket 0, mpidr 80000000
[    0.004877] Setting up static identity map for 0x80300000 - 0x803000a0
[    0.006096] Hierarchical SRCU implementation.
[    0.007416] Tegra Revision: A01 SKU: 0 CPU Process: 1 SoC Process: 0
[    0.008036] EFI services will not be available.
[    0.008274] smp: Bringing up secondary CPUs ...
[    0.008918] CPU1: thread -1, cpu 1, socket 0, mpidr 80000001
[    0.009639] CPU2: thread -1, cpu 2, socket 0, mpidr 80000002
[    0.010347] CPU3: thread -1, cpu 3, socket 0, mpidr 80000003
[    0.010436] smp: Brought up 1 node, 4 CPUs
[    0.010458] SMP: Total of 4 processors activated (96.00 BogoMIPS).
[    0.010467] CPU: All CPU(s) started in SVC mode.
[    0.011950] devtmpfs: initialized
[    0.021064] VFP support v0.3: implementor 41 architecture 4 part 30 variant f rev 0
[    0.021402] clocksource: jiffies: mask: 0xffffffff max_cycles: 0xffffffff, max_idle_ns: 19112604462750000 ns
[    0.021422] futex hash table entries: 1024 (order: 4, 65536 bytes)
[    0.022948] pinctrl core: initialized pinctrl subsystem
[    0.024704] NET: Registered protocol family 16
[    0.026881] DMA: preallocated 256 KiB pool for atomic coherent allocations
[    0.029007] cpuidle: using governor menu
[    0.051734] No ATAGs?
[    0.051863] hw-breakpoint: found 5 (+1 reserved) breakpoint and 4 watchpoint registers.
[    0.051880] hw-breakpoint: maximum watchpoint size is 8 bytes.
[    0.057359] Serial: AMBA PL011 UART driver
[    0.058097] tegra-mc 70019000.memory-controller: no memory timings for RAM code 3 registered
[    0.072794] AT91: Could not find identification node
[    0.073316] dvdd_ts: Failed to request enable GPIO61: -517
[    0.073338] reg-fixed-voltage regulators:regulator@1: Failed to register regulator: -517
[    0.073446] usb1_vbus: Failed to request enable GPIO108: -517
[    0.073461] reg-fixed-voltage regulators:regulator@3: Failed to register regulator: -517
[    0.073566] usb2_vbus: Failed to request enable GPIO86: -517
[    0.073580] reg-fixed-voltage regulators:regulator@4: Failed to register regulator: -517
[    0.074014] VDD_5V0_HDMI_CON: Failed to request enable GPIO81: -517
[    0.074029] reg-fixed-voltage regulators:regulator@7: Failed to register regulator: -517
[    0.076452] vgaarb: loaded
[    0.077238] SCSI subsystem initialized
[    0.077405] libata version 3.00 loaded.
[    0.077623] usbcore: registered new interface driver usbfs
[    0.077678] usbcore: registered new interface driver hub
[    0.077739] usbcore: registered new device driver usb
[    0.080949] tps65090 2-0048: No cache defaults, reading back from HW
[    0.082844] TPS65090_RAILSDCDC1: supplied by vdd_ac_bat
[    0.083917] TPS65090_RAILSDCDC2: supplied by vdd_ac_bat
[    0.084987] TPS65090_RAILSDCDC3: supplied by vdd_ac_bat
[    0.085508] TPS65090_RAILSFET1: supplied by vdd_ac_bat
[    0.085881] TPS65090_RAILSFET2: supplied by vdd_ac_bat
[    0.086247] TPS65090_RAILSFET3: supplied by vdd-sys-3v3
[    0.086763] TPS65090_RAILSFET4: supplied by vdd-sys-3v3
[    0.087293] TPS65090_RAILSFET5: supplied by vdd-sys-3v3
[    0.087811] TPS65090_RAILSFET6: supplied by vdd-sys-3v3
[    0.088648] TPS65090_RAILSFET7: supplied by vdd-sys-3v3
[    0.089177] TPS65090_RAILSLDO1: supplied by vdd_ac_bat
[    0.089381] TPS65090_RAILSLDO2: supplied by vdd_ac_bat
[    0.090303] palmas 2-0058: Irq flag is 0x00000004
[    0.092246] palmas 2-0058: Muxing GPIO ff, PWM 0, LED 0
[    0.094745] SMPS12: supplied by vdd-ao
[    0.095763] vdd_hdmi_5v0: supplied by vdd-sys-5v0
[    0.096572] SMPS3: supplied by vdd-ao
[    0.098302] SMPS457: supplied by vdd-sys-3v3
[    0.099949] SMPS6: supplied by regulator-dummy
[    0.101359] SMPS8: supplied by vdd-sys-3v3
[    0.102021] random: fast init done
[    0.102967] SMPS9: supplied by vdd-sys-3v3
[    0.103486] sdhci-vdd-sd-slot: Bringing 2840000uV into 2800000-2800000uV
[    0.104877] SMPS10_OUT2: supplied by regulator-dummy
[    0.105725] SMPS10_OUT1: supplied by regulator-dummy
[    0.106581] LDO1: supplied by vdd-sys-3v3
[    0.107703] LDO2: supplied by vdd-sys-3v3
[    0.108841] LDO3: supplied by vddio-1v8
[    0.109953] LDO4: supplied by vdd-sys-3v3
[    0.111078] LDO5: supplied by vdd_ac_bat
[    0.111775] LDO6: supplied by vdd-sys-3v3
[    0.112287] vdd-sensor-2v85: Bringing 2900000uV into 2850000-2850000uV
[    0.113652] LDO7: supplied by vdd-sys-3v3
[    0.115285] LDO8: supplied by vdd-ao
[    0.115812] vdd-rtc: Bringing 675000uV into 900000-900000uV
[    0.123886] LDO9: supplied by sdhci-vdd-sd-slot
[    0.134195] LDOLN: supplied by vdd-sys-5v0
[    0.135322] LDOUSB: supplied by vdd-sys-5v0
[    0.146494] pps_core: LinuxPPS API ver. 1 registered
[    0.146506] pps_core: Software ver. 5.3.6 - Copyright 2005-2007 Rodolfo Giometti <giometti@linux.it>
[    0.146530] PTP clock support registered
[    0.146710] EDAC MC: Ver: 3.0.0
[    0.148831] clocksource: Switched to clocksource arch_sys_counter
[    0.205542] NET: Registered protocol family 2
[    0.206060] TCP established hash table entries: 8192 (order: 3, 32768 bytes)
[    0.206162] TCP bind hash table entries: 8192 (order: 4, 65536 bytes)
[    0.206350] TCP: Hash tables configured (established 8192 bind 8192)
[    0.206438] UDP hash table entries: 512 (order: 2, 16384 bytes)
[    0.206482] UDP-Lite hash table entries: 512 (order: 2, 16384 bytes)
[    0.206636] NET: Registered protocol family 1
[    0.206954] RPC: Registered named UNIX socket transport module.
[    0.206966] RPC: Registered udp transport module.
[    0.206975] RPC: Registered tcp transport module.
[    0.206984] RPC: Registered tcp NFSv4.1 backchannel transport module.
[    0.206998] PCI: CLS 0 bytes, default 64
[    0.209479] workingset: timestamp_bits=30 max_order=19 bucket_order=0
[    0.218257] squashfs: version 4.0 (2009/01/31) Phillip Lougher
[    0.219009] NFS: Registering the id_resolver key type
[    0.219034] Key type id_resolver registered
[    0.219044] Key type id_legacy registered
[    0.219085] ntfs: driver 2.1.32 [Flags: R/O].
[    0.220774] bounce: pool size: 64 pages
[    0.220818] Block layer SCSI generic (bsg) driver version 0.4 loaded (major 247)
[    0.220830] io scheduler noop registered
[    0.220840] io scheduler deadline registered
[    0.220874] io scheduler cfq registered (default)
[    0.220886] io scheduler mq-deadline registered
[    0.220896] io scheduler kyber registered
[    0.250750] tegra-apbdma 6000a000.dma: Tegra20 APB DMA driver register 32 channels
[    0.253245] tegra-pmc 7000e400.pmc: i2c-thermtrip node not found, emergency thermal reset disabled.
[    0.308331] Serial: 8250/16550 driver, 4 ports, IRQ sharing disabled
[    0.311045] console [ttyS0] disabled
[    0.311086] 70006300.serial: ttyS0 at MMIO 0x70006300 (irq = 329, base_baud = 25500000) is a Tegra
[    1.314402] console [ttyS0] enabled
[    1.318622] SuperH (H)SCI(F) driver initialized
[    1.324046] msm_serial: driver initialized
[    1.328308] STMicroelectronics ASC driver initialized
[    1.338598] tegra-hdmi 54280000.hdmi: failed to get HDMI regulator
[    1.362801] brd: module loaded
[    1.373332] loop: module loaded
[    1.392967] m25p80 spi32766.0: w25q32dw (4096 Kbytes)
[    1.400938] libphy: Fixed MDIO Bus: probed
[    1.406063] CAN device driver interface
[    1.410758] bgmac_bcma: Broadcom 47xx GBit MAC driver loaded
[    1.417579] e1000e: Intel(R) PRO/1000 Network Driver - 3.2.6-k
[    1.423418] e1000e: Copyright(c) 1999 - 2015 Intel Corporation.
[    1.429396] igb: Intel(R) Gigabit Ethernet Network Driver - version 5.4.0-k
[    1.436345] igb: Copyright (c) 2007-2014 Intel Corporation.
[    1.445052] pegasus: v0.9.3 (2013/04/25), Pegasus/Pegasus II USB Ethernet driver
[    1.452504] usbcore: registered new interface driver pegasus
[    1.458201] usbcore: registered new interface driver asix
[    1.463646] usbcore: registered new interface driver ax88179_178a
[    1.469783] usbcore: registered new interface driver cdc_ether
[    1.475656] usbcore: registered new interface driver smsc75xx
[    1.481464] usbcore: registered new interface driver smsc95xx
[    1.487235] usbcore: registered new interface driver net1080
[    1.492938] usbcore: registered new interface driver cdc_subset
[    1.498895] usbcore: registered new interface driver zaurus
[    1.504511] usbcore: registered new interface driver cdc_ncm
[    1.512051] ehci_hcd: USB 2.0 'Enhanced' Host Controller (EHCI) Driver
[    1.518571] ehci-pci: EHCI PCI platform driver
[    1.523063] ehci-platform: EHCI generic platform driver
[    1.528459] ehci-orion: EHCI orion driver
[    1.532626] SPEAr-ehci: EHCI SPEAr driver
[    1.536754] ehci-st: EHCI STMicroelectronics driver
[    1.541764] ehci-exynos: EHCI EXYNOS driver
[    1.546083] ehci-atmel: EHCI Atmel driver
[    1.550224] tegra-ehci: Tegra EHCI driver
[    1.554515] ohci_hcd: USB 1.1 'Open' Host Controller (OHCI) Driver
[    1.560712] ohci-pci: OHCI PCI platform driver
[    1.565189] ohci-platform: OHCI generic platform driver
[    1.570569] ohci-omap3: OHCI OMAP3 driver
[    1.574695] SPEAr-ohci: OHCI SPEAr driver
[    1.578839] ohci-st: OHCI STMicroelectronics driver
[    1.583840] ohci-atmel: OHCI Atmel driver
[    1.588509] usbcore: registered new interface driver usb-storage
[    1.600132] palmas-rtc 7000d000.i2c:tps65913@58:rtc: rtc core: registered 7000d000.i2c:tps659 as rtc0
[    1.611174] tegra_rtc 7000e000.rtc: rtc core: registered 7000e000.rtc as rtc1
[    1.618333] tegra_rtc 7000e000.rtc: Tegra internal Real Time Clock
[    1.625004] i2c /dev entries driver
[    1.634702] sbs-battery 0-000b: sbs_probe: Failed to get device status
[    1.641259] sbs-battery: probe of 0-000b failed with error -121
[    1.657174] sdhci: Secure Digital Host Controller Interface driver
[    1.663378] sdhci: Copyright(c) Pierre Ossman
[    1.669131] Synopsys Designware Multimedia Card Interface Driver
[    1.676259] sdhci-pltfm: SDHCI platform and OF driver helper
[    1.682618] sdhci-tegra 78000400.sdhci: Got CD GPIO
[    1.687507] sdhci-tegra 78000400.sdhci: Got WP GPIO
[    1.700644] mmc0: Invalid maximum block size, assuming 512 bytes
[    1.768968] mmc0: SDHCI controller on 78000400.sdhci [78000400.sdhci] using ADMA
[    1.785611] mmc1: Invalid maximum block size, assuming 512 bytes
[    1.848875] mmc1: SDHCI controller on 78000600.sdhci [78000600.sdhci] using ADMA
[    1.858013] ledtrig-cpu: registered to indicate activity on CPUs
[    1.864412] usbcore: registered new interface driver usbhid
[    1.869998] usbhid: USB HID core driver
[    1.877452] NET: Registered protocol family 10
[    1.882831] Segment Routing with IPv6
[    1.886548] sit: IPv6, IPv4 and MPLS over IPv4 tunneling driver
[    1.893095] NET: Registered protocol family 17
[    1.897540] can: controller area network core (rev 20170425 abi 9)
[    1.903787] NET: Registered protocol family 29
[    1.908226] can: raw protocol (rev 20170425)
[    1.912515] can: broadcast manager protocol (rev 20170425 t)
[    1.918172] can: netlink gateway (rev 20170425) max_hops=1
[    1.923990] Key type dns_resolver registered
[    1.928863] ThumbEE CPU extension supported.
[    1.933136] Registering SWP/SWPB emulation handler
[    1.951817] usb1_vbus: supplied by vdd-sys-5v0
[    1.954492] mmc0: new high speed SDHC card at address aaaa
[    1.955063] mmcblk0: mmc0:aaaa SL16G 14.8 GiB 
[    1.967242] usb2_vbus: supplied by vdd-sys-5v0
[    1.975384] VDD_5V0_HDMI_CON: supplied by vdd-sys-5v0
[    1.983491]  mmcblk0: p1 p2 p3
[    1.993197] tegra-ehci 7d008000.usb: EHCI Host Controller
[    1.996343] mmc1: new high speed MMC card at address 0001
[    1.996934] mmcblk1: mmc1:0001 SEM32G 29.1 GiB 
[    1.997539] mmcblk1boot0: mmc1:0001 SEM32G partition 1 4.00 MiB
[    1.997901] mmcblk1boot1: mmc1:0001 SEM32G partition 2 4.00 MiB
[    1.998271] mmcblk1rpmb: mmc1:0001 SEM32G partition 3 4.00 MiB
[    2.002301]  mmcblk1: p1 p2 p3 p4 p5 p6 p7 p8
[    2.030716] tegra-ehci 7d008000.usb: new USB bus registered, assigned bus number 1
[    2.038480] tegra-ehci 7d008000.usb: irq 339, io mem 0x7d008000
[    2.068968] tegra-ehci 7d008000.usb: USB 2.0 started, EHCI 1.10
[    2.076082] hub 1-0:1.0: USB hub found
[    2.079976] hub 1-0:1.0: 1 port detected
[    2.085679] input: gpio-keys as /devices/soc0/gpio-keys/input/input0
[    2.094565] palmas-rtc 7000d000.i2c:tps65913@58:rtc: setting system clock to 2001-02-26 21:13:55 UTC (983222035)
[    2.105353] vdd_hdmi_5v0: disabling
[    2.116053] dvdd_ts: disabling
[    2.119154] usb1_vbus: disabling
[    2.122392] vdd_cam_1v8_reg: disabling
[    2.126141] VDD_5V0_HDMI_CON: disabling
[    2.131583] EXT4-fs (mmcblk1p1): mounting ext3 file system using the ext4 subsystem
[    2.154648] EXT4-fs (mmcblk1p1): recovery complete
[    2.159514] EXT4-fs (mmcblk1p1): mounted filesystem with ordered data mode. Opts: (null)
[    2.167636] VFS: Mounted root (ext3 filesystem) on device 179:17.
[    2.176411] devtmpfs: mounted
[    2.181462] Freeing unused kernel memory: 2048K
bash: cannot set terminal process group (-1): Inappropriate ioctl for device
bash: no job control in this shell
root@(none):/# [    2.438962] usb 1-1: new high-speed USB device number 2 using tegra-ehci
[    3.113595] asix 1-1:1.0 eth0: register 'asix' at usb-7d008000.usb-1, ASIX AX88772 USB 2.0 Ethernet, 00:50:b6:0d:b5:16
mount -t sysfs none /sys
root@(none):/# 
root@(none):/# mount -t debugfs none /sys/kernel/debug
root@(none):/# 
root@(none):/# rtcwake -d rtc1 -m mem -s 3
rtcwake: assuming RTC uses UTC ...
rtcwake: wakeup from "mem" using /dev/rtc1 at Thu Jan  1 00:00:20 1970
[    5.312379] PM: Syncing filesystems ... done.
[    5.318150] Freezing user space processes ... (elapsed 0.001 seconds) done.
[    5.326439] OOM killer disabled.
[    5.329695] Freezing remaining freezable tasks ... (elapsed 0.001 seconds) done.
[    5.338472] Suspending console(s) (use no_console_suspend to debug)
[    5.390737] PM: suspend of devices complete after 44.751 msecs
[    5.393814] PM: late suspend of devices complete after 3.061 msecs
[    5.396144] PM: noirq suspend of devices complete after 2.320 msecs
[    5.396150] Disabling non-boot CPUs ...
[    5.539600] IRQ17 no longer affine to CPU2
[    5.682833] Entering suspend state LP1
[    5.682833] Suspended for 7.686 seconds
[    5.682854] Enabling non-boot CPUs ...
[    5.713263] CPU1 is up
[    5.753369] CPU2 is up
[    5.794043] CPU3 is up
[    5.795188] PM: noirq resume of devices complete after 1.134 msecs
[    5.797593] PM: early resume of devices complete after 1.947 msecs
[    6.354153] PM: resume of devices complete after 556.541 msecs
[    6.418500] OOM killer enabled.
[    6.421648] Restarting tasks ... done.
root@(none):/# 
root@(none):/# rtcwake -d rtc1 -m mem -s 3
rtcwake: assuming RTC uses UTC ...
rtcwake: wakeup from "mem" using /dev/rtc1 at Thu Jan  1 00:00:30 1970
[    7.621393] PM: Syncing filesystems ... done.
[    7.626930] Freezing user space processes ... (elapsed 0.001 seconds) done.
[    7.635260] OOM killer disabled.
[    7.638484] Freezing remaining freezable tasks ... (elapsed 0.001 seconds) done.
[    7.647285] Suspending console(s) (use no_console_suspend to debug)
[    7.701217] PM: suspend of devices complete after 46.423 msecs
[    7.704280] PM: late suspend of devices complete after 3.047 msecs
[    7.706691] PM: noirq suspend of devices complete after 2.400 msecs
[    7.706696] Disabling non-boot CPUs ...
[    8.002557] Entering suspend state LP1
[    8.002557] Suspended for 8.263 seconds
[    8.002577] Enabling non-boot CPUs ...
[    8.033233] CPU1 is up
[    8.073295] CPU2 is up
[    8.113977] CPU3 is up
[    8.115097] PM: noirq resume of devices complete after 1.109 msecs
[    8.117748] PM: early resume of devices complete after 2.190 msecs
[    8.659916] PM: resume of devices complete after 542.152 msecs
[    8.720110] OOM killer enabled.
[    8.723245] Restarting tasks ... done.
root@(none):/# 
root@(none):/# rtcwake -d rtc1 -m mem -s 3
rtcwake: assuming RTC uses UTC ...
rtcwake: wakeup from "mem" using /dev/rtc1 at Thu Jan  1 00:00:40 1970
[    9.359937] PM: Syncing filesystems ... done.
[    9.365475] Freezing user space processes ... (elapsed 0.001 seconds) done.
[    9.373812] OOM killer disabled.
[    9.377034] Freezing remaining freezable tasks ... (elapsed 0.001 seconds) done.
[    9.385861] Suspending console(s) (use no_console_suspend to debug)
[    9.441162] PM: suspend of devices complete after 47.805 msecs
[    9.444221] PM: late suspend of devices complete after 3.044 msecs
[    9.446762] PM: noirq suspend of devices complete after 2.528 msecs
[    9.446768] Disabling non-boot CPUs ...
[    9.742520] Entering suspend state LP1
[    9.742520] Suspended for 7.676 seconds
[    9.742541] Enabling non-boot CPUs ...
[    9.773195] CPU1 is up
[    9.813246] CPU2 is up
[    9.853925] CPU3 is up
[    9.855040] PM: noirq resume of devices complete after 1.104 msecs
[    9.857427] PM: early resume of devices complete after 1.937 msecs
[   10.406514] PM: resume of devices complete after 549.069 msecs
[   10.466718] OOM killer enabled.
[   10.469865] Restarting tasks ... done.
root@(none):/# 
root@(none):/# rtcwake -d rtc1 -m mem -s 3
rtcwake: assuming RTC uses UTC ...
rtcwake: wakeup from "mem" using /dev/rtc1 at Thu Jan  1 00:00:50 1970
[   11.687665] PM: Syncing filesystems ... done.
[   11.692875] Freezing user space processes ... (elapsed 0.001 seconds) done.
[   11.701194] OOM killer disabled.
[   11.704418] Freezing remaining freezable tasks ... (elapsed 0.001 seconds) done.
[   11.713238] Suspending console(s) (use no_console_suspend to debug)
[   11.771087] PM: suspend of devices complete after 50.353 msecs
[   11.773878] PM: late suspend of devices complete after 2.773 msecs
[   11.776364] PM: noirq suspend of devices complete after 2.476 msecs
[   11.776369] Disabling non-boot CPUs ...
[   11.809173] IRQ17 no longer affine to CPU1
[   12.062468] Entering suspend state LP1
[   12.062468] Suspended for 8.263 seconds
[   12.062489] Enabling non-boot CPUs ...
[   12.093153] CPU1 is up
[   12.133207] CPU2 is up
[   12.173863] CPU3 is up
[   12.174977] PM: noirq resume of devices complete after 1.103 msecs
[   12.177489] PM: early resume of devices complete after 2.053 msecs
[   12.719566] PM: resume of devices complete after 542.059 msecs
[   12.783831] OOM killer enabled.
[   12.786966] Restarting tasks ... done.
root@(none):/# 
root@(none):/# rtcwake -d rtc1 -m mem -s 3
rtcwake: assuming RTC uses UTC ...
rtcwake: wakeup from "mem" using /dev/rtc1 at Thu Jan  1 00:01:00 1970
[   13.432227] PM: Syncing filesystems ... done.
[   13.437764] Freezing user space processes ... (elapsed 0.001 seconds) done.
[   13.446076] OOM killer disabled.
[   13.449329] Freezing remaining freezable tasks ... (elapsed 0.001 seconds) done.
[   13.458117] Suspending console(s) (use no_console_suspend to debug)
[   13.511049] PM: suspend of devices complete after 45.417 msecs
[   13.513886] PM: late suspend of devices complete after 2.820 msecs
[   13.516346] PM: noirq suspend of devices complete after 2.450 msecs
[   13.516351] Disabling non-boot CPUs ...
[   13.549123] IRQ17 no longer affine to CPU1
[   13.802443] Entering suspend state LP1
[   13.802443] Suspended for 7.677 seconds
[   13.802463] Enabling non-boot CPUs ...
[   13.833060] CPU1 is up
[   13.873201] CPU2 is up
[   13.913845] CPU3 is up
[   13.914967] PM: noirq resume of devices complete after 1.111 msecs
[   13.917805] PM: early resume of devices complete after 2.394 msecs
[   14.460096] PM: resume of devices complete after 542.274 msecs
[   14.524418] OOM killer enabled.
[   14.527551] Restarting tasks ... done.
root@(none):/# 
root@(none):/# rtcwake -d rtc1 -m mem -s 3
rtcwake: assuming RTC uses UTC ...
rtcwake: wakeup from "mem" using /dev/rtc1 at Thu Jan  1 00:01:10 1970
[   15.749954] PM: Syncing filesystems ... done.
[   15.755554] Freezing user space processes ... (elapsed 0.001 seconds) done.
[   15.763906] OOM killer disabled.
[   15.767129] Freezing remaining freezable tasks ... (elapsed 0.001 seconds) done.
[   15.775953] Suspending console(s) (use no_console_suspend to debug)
[   15.831047] PM: suspend of devices complete after 47.602 msecs
[   15.834106] PM: late suspend of devices complete after 3.042 msecs
[   15.836485] PM: noirq suspend of devices complete after 2.368 msecs
[   15.836490] Disabling non-boot CPUs ...
[   16.132407] Entering suspend state LP1
[   16.132407] Suspended for 8.253 seconds
[   16.132428] Enabling non-boot CPUs ...
[   16.162995] CPU1 is up
[   16.203129] CPU2 is up
[   16.243802] CPU3 is up
[   16.244930] PM: noirq resume of devices complete after 1.116 msecs
[   16.247327] PM: early resume of devices complete after 1.947 msecs
[   16.786986] PM: resume of devices complete after 539.642 msecs
[   16.847152] OOM killer enabled.
[   16.850299] Restarting tasks ... done.
root@(none):/# 
root@(none):/# rtcwake -d rtc1 -m mem -s 3
rtcwake: assuming RTC uses UTC ...
rtcwake: wakeup from "mem" using /dev/rtc1 at Thu Jan  1 00:01:20 1970
[   17.497897] PM: Syncing filesystems ... done.
[   17.503643] Freezing user space processes ... (elapsed 0.001 seconds) done.
[   17.511993] OOM killer disabled.
[   17.515217] Freezing remaining freezable tasks ... (elapsed 0.001 seconds) done.
[   17.524047] Suspending console(s) (use no_console_suspend to debug)
[   17.580330] PM: suspend of devices complete after 48.791 msecs
[   17.583314] PM: late suspend of devices complete after 2.967 msecs
[   17.585700] PM: noirq suspend of devices complete after 2.375 msecs
[   17.585705] Disabling non-boot CPUs ...
[   17.618987] IRQ17 no longer affine to CPU1
[   17.872333] Entering suspend state LP1
[   17.872333] Suspended for 7.677 seconds
[   17.872354] Enabling non-boot CPUs ...
[   17.902956] CPU1 is up
[   17.943100] CPU2 is up
[   17.983769] CPU3 is up
[   17.984879] PM: noirq resume of devices complete after 1.098 msecs
[   17.987285] PM: early resume of devices complete after 1.959 msecs
[   18.527934] PM: resume of devices complete after 540.631 msecs
[   18.592192] OOM killer enabled.
[   18.595328] Restarting tasks ... done.
root@(none):/# 
root@(none):/# rtcwake -d rtc1 -m mem -s 3
rtcwake: assuming RTC uses UTC ...
rtcwake: wakeup from "mem" using /dev/rtc1 at Thu Jan  1 00:01:30 1970
[   19.820292] PM: Syncing filesystems ... done.
[   19.825528] Freezing user space processes ... (elapsed 0.001 seconds) done.
[   19.833867] OOM killer disabled.
[   19.837090] Freezing remaining freezable tasks ... (elapsed 0.001 seconds) done.
[   19.845913] Suspending console(s) (use no_console_suspend to debug)
[   19.900515] PM: suspend of devices complete after 47.099 msecs
[   19.903366] PM: late suspend of devices complete after 2.835 msecs
[   19.905914] PM: noirq suspend of devices complete after 2.533 msecs
[   19.905919] Disabling non-boot CPUs ...
[   19.958990] IRQ17 no longer affine to CPU1
[   20.212314] Entering suspend state LP1
[   20.212314] Suspended for 8.243 seconds
[   20.212334] Enabling non-boot CPUs ...
[   20.242933] CPU1 is up
[   20.283023] CPU2 is up
[   20.323695] CPU3 is up
[   20.324859] PM: noirq resume of devices complete after 1.151 msecs
[   20.327567] PM: early resume of devices complete after 2.258 msecs
[   20.867279] PM: resume of devices complete after 539.696 msecs
[   20.931610] OOM killer enabled.
[   20.934744] Restarting tasks ... done.
root@(none):/# 
root@(none):/# rtcwake -d rtc1 -m mem -s 3
rtcwake: assuming RTC uses UTC ...
rtcwake: wakeup from "mem" using /dev/rtc1 at Thu Jan  1 00:01:40 1970
[   21.579380] PM: Syncing filesystems ... done.
[   21.584919] Freezing user space processes ... (elapsed 0.001 seconds) done.
[   21.593258] OOM killer disabled.
[   21.596481] Freezing remaining freezable tasks ... (elapsed 0.001 seconds) done.
[   21.605316] Suspending console(s) (use no_console_suspend to debug)
[   21.661060] PM: suspend of devices complete after 48.250 msecs
[   21.663815] PM: late suspend of devices complete after 2.738 msecs
[   21.666311] PM: noirq suspend of devices complete after 2.486 msecs
[   21.666317] Disabling non-boot CPUs ...
[   21.962357] Entering suspend state LP1
[   21.962357] Suspended for 7.666 seconds
[   21.962377] Enabling non-boot CPUs ...
[   21.992909] CPU1 is up
[   22.032997] CPU2 is up
[   22.073672] CPU3 is up
[   22.074794] PM: noirq resume of devices complete after 1.110 msecs
[   22.077210] PM: early resume of devices complete after 1.948 msecs
[   22.619905] PM: resume of devices complete after 542.678 msecs
[   22.680127] OOM killer enabled.
[   22.683262] Restarting tasks ... done.
root@(none):/# 
root@(none):/# rtcwake -d rtc1 -m mem -s 3
rtcwake: assuming RTC uses UTC ...
rtcwake: wakeup from "mem" using /dev/rtc1 at Thu Jan  1 00:01:50 1970
[   23.909742] PM: Syncing filesystems ... done.
[   23.915488] Freezing user space processes ... (elapsed 0.001 seconds) done.
[   23.923840] OOM killer disabled.
[   23.927064] Freezing remaining freezable tasks ... (elapsed 0.001 seconds) done.
[   23.935892] Suspending console(s) (use no_console_suspend to debug)
[   23.990286] PM: suspend of devices complete after 46.894 msecs
[   23.993356] PM: late suspend of devices complete after 3.054 msecs
[   23.995755] PM: noirq suspend of devices complete after 2.387 msecs
[   23.995760] Disabling non-boot CPUs ...
[   24.028842] IRQ17 no longer affine to CPU1
[   24.292196] Entering suspend state LP1
[   24.292196] Suspended for 8.253 seconds
[   24.292217] Enabling non-boot CPUs ...
[   24.322828] CPU1 is up
[   24.362934] CPU2 is up
[   24.403599] CPU3 is up
[   24.404709] PM: noirq resume of devices complete after 1.099 msecs
[   24.407026] PM: early resume of devices complete after 1.861 msecs
[   24.946162] PM: resume of devices complete after 539.118 msecs
[   25.010418] OOM killer enabled.
[   25.013553] Restarting tasks ... done.
root@(none):/# 
root@(none):/# NVTB SYSTEM SUSPEND TEST COMPLETE
