

U-Boot 2011.03 (Jun 11 2013 - 06:07:37)

T114
Board: NVIDIA Dalmore
DRAM:  2 GiB
MMC:   Tegra2 SD/MMC: 0, Tegra2 SD/MMC: 1
In:    serial
Out:   serial
Err:   serial
Net:   Net Initialization Skipped
No ethernet found.
Hit any key to stop autoboot:  2  0 
Dalmore #
Dalmore #usb reset
(Re)start USB...
USB:   Register 10011 NbrPorts 1
USB EHCI 1.10
scanning bus for devices... 2 USB Device(s) found
       scanning bus for storage devices... 0 Storage Device(s) found
       scanning bus for ethernet devices... 1 Ethernet Device(s) found
Dalmore #setenv bootargs 'ignore_loglevel console=ttyS0,115200n8 rw root=/dev/mmcblk0p1 rootwait gpt init=/bin/bash'
Dalmore #setenv ipaddr 192.168.100.100; setenv serverip 192.168.100.1; setenv tftpserverip 192.168.100.1
Dalmore #tftpboot 0x81000000 zImage.tegra_defconfig
Waiting for Ethernet connection... done.
Using asx0 device
TFTP from server 192.168.100.1; our IP address is 192.168.100.100
Filename 'zImage.tegra_defconfig'.
Load address: 0x81000000
Loading: *#################################################  2.8 MiB/s
done
Bytes transferred = 4488352 (447ca0 hex)
Dalmore #tftpboot 0x82000000 tegra114-dalmore.dtb
Using asx0 device
TFTP from server 192.168.100.1; our IP address is 192.168.100.100
Filename 'tegra114-dalmore.dtb'.
Load address: 0x82000000
Loading: *#################################################  2.8 MiB/s
done
Bytes transferred = 29073 (7191 hex)
Dalmore #bootz 0x81000000 - 0x82000000
## Flattened Device Tree blob at 82000000
   Booting using the fdt blob at 0x82000000
   Loading Device Tree to 81ff5000, end 81fff190 ... OK

Starting kernel ...

Timer summary in microseconds:
       Mark    Elapsed  Stage
          0          0  awake
  2,366,829  2,366,829  usb_start
  6,369,881  4,003,052  eth_start
  6,369,879         -2  tftp start
 10,342,705  3,972,826  tftp done
 12,381,937  2,039,232  start_kernel
Uncompressing Linux... done, booting the kernel.
[    0.000000] Booting Linux on physical CPU 0x0
[    0.000000] Initializing cgroup subsys cpu
[    0.000000] Initializing cgroup subsys cpuacct
[    0.000000] Linux version 3.11.0-next-20130909-11452-g98926a8 (pwalmsley@tamien) (gcc version 4.5.1 (Sourcery G++ Lite 2010.09-50) ) #1 SMP PREEMPT Sun Sep 8 23:48:03 PDT 2013
[    0.000000] CPU: ARMv7 Processor [412fc0f2] revision 2 (ARMv7), cr=10c5387d
[    0.000000] CPU: PIPT / VIPT nonaliasing data cache, PIPT instruction cache
[    0.000000] Machine: NVIDIA Tegra SoC (Flattened Device Tree), model: NVIDIA Tegra114 Dalmore evaluation board
[    0.000000] debug: ignoring loglevel setting.
[    0.000000] cma: CMA: reserved 16 MiB at ae800000
[    0.000000] Memory policy: ECC disabled, Data cache writealloc
[    0.000000] On node 0 totalpages: 524032
[    0.000000] free_area_init_node: node 0, pgdat c084f000, node_mem_map c08a7000
[    0.000000]   Normal zone: 1520 pages used for memmap
[    0.000000]   Normal zone: 0 pages reserved
[    0.000000]   Normal zone: 194560 pages, LIFO batch:31
[    0.000000]   HighMem zone: 2574 pages used for memmap
[    0.000000]   HighMem zone: 329472 pages, LIFO batch:31
[    0.000000] Tegra Revision: A01 SKU: 0 CPU Process: 1 Core Process: 1
[    0.000000] PERCPU: Embedded 8 pages/cpu @c18bf000 s9088 r8192 d15488 u32768
[    0.000000] pcpu-alloc: s9088 r8192 d15488 u32768 alloc=8*4096
[    0.000000] pcpu-alloc: [0] 0 [0] 1 [0] 2 [0] 3 
[    0.000000] Built 1 zonelists in Zone order, mobility grouping on.  Total pages: 522512
[    0.000000] Kernel command line: ignore_loglevel console=ttyS0,115200n8 rw root=/dev/mmcblk0p1 rootwait gpt init=/bin/bash
[    0.000000] PID hash table entries: 4096 (order: 2, 16384 bytes)
[    0.000000] Dentry cache hash table entries: 131072 (order: 7, 524288 bytes)
[    0.000000] Inode-cache hash table entries: 65536 (order: 6, 262144 bytes)
[    0.000000] Memory: 2053396K/2096128K available (6112K kernel code, 305K rwdata, 1820K rodata, 236K init, 343K bss, 42732K reserved, 1317888K highmem)
[    0.000000] Virtual kernel memory layout:
[    0.000000]     vector  : 0xffff0000 - 0xffff1000   (   4 kB)
[    0.000000]     fixmap  : 0xfff00000 - 0xfffe0000   ( 896 kB)
[    0.000000]     vmalloc : 0xf0000000 - 0xff000000   ( 240 MB)
[    0.000000]     lowmem  : 0xc0000000 - 0xef800000   ( 760 MB)
[    0.000000]     pkmap   : 0xbfe00000 - 0xc0000000   (   2 MB)
[    0.000000]     modules : 0xbf000000 - 0xbfe00000   (  14 MB)
[    0.000000]       .text : 0xc0008000 - 0xc07c7520   (7934 kB)
[    0.000000]       .init : 0xc07c8000 - 0xc0803380   ( 237 kB)
[    0.000000]       .data : 0xc0804000 - 0xc0850640   ( 306 kB)
[    0.000000]        .bss : 0xc085064c - 0xc08a645c   ( 344 kB)
[    0.000000] Preemptible hierarchical RCU implementation.
[    0.000000] NR_IRQS:16 nr_irqs:16 16
[    0.000000] sched_clock: 32 bits at 1MHz, resolution 1000ns, wraps every 4294967ms
[    0.000000] Architected cp15 timer(s) running at 12.00MHz (virt).
[    0.000000] Switching to timer-based delay loop
[    0.000000] sched_clock: ARM arch timer >56 bits at 12000kHz, resolution 83ns
[    0.000000] Console: colour dummy device 80x30
[   12.412247] Calibrating delay loop (skipped), value calculated using timer frequency.. 24.00 BogoMIPS (lpj=120000)
[   12.412265] pid_max: default: 32768 minimum: 301
[   12.412697] Mount-cache hash table entries: 512
[   12.431196] Initializing cgroup subsys debug
[   12.431223] Initializing cgroup subsys freezer
[   12.431281] CPU: Testing write buffer coherency: ok
[   12.431647] /cpus/cpu@0 missing clock-frequency property
[   12.431689] /cpus/cpu@1 missing clock-frequency property
[   12.431715] /cpus/cpu@2 missing clock-frequency property
[   12.431756] /cpus/cpu@3 missing clock-frequency property
[   12.431770] CPU0: thread -1, cpu 0, socket 0, mpidr 80000000
[   12.431797] Setting up static identity map for 0xc05d0b00 - 0xc05d0b98
[   12.492169] CPU1: Booted secondary processor
[   12.492198] CPU1: thread -1, cpu 1, socket 0, mpidr 80000001
[   12.512080] CPU2: Booted secondary processor
[   12.512106] CPU2: thread -1, cpu 2, socket 0, mpidr 80000002
[   12.532018] CPU3: Booted secondary processor
[   12.532044] CPU3: thread -1, cpu 3, socket 0, mpidr 80000003
[   12.532149] Brought up 4 CPUs
[   12.532176] SMP: Total of 4 processors activated.
[   12.532185] CPU: All CPU(s) started in SVC mode.
[   12.533182] devtmpfs: initialized
[   12.546109] VFP support v0.3: implementor 41 architecture 4 part 30 variant f rev 0
[   12.546488] pinctrl core: initialized pinctrl subsystem
[   12.547011] regulator-dummy: no parameters
[   12.550020] NET: Registered protocol family 16
[   12.551350] DMA: preallocated 256 KiB pool for atomic coherent allocations
[   12.552125] cpuidle: using governor ladder
[   12.552137] cpuidle: using governor menu
[   12.562912] No ATAGs?
[   12.562941] hw-breakpoint: found 5 (+1 reserved) breakpoint and 4 watchpoint registers.
[   12.562951] hw-breakpoint: maximum watchpoint size is 8 bytes.
[   12.574222] bio: create slab <bio-0> at 0
[   12.575708] vdd_ac_bat: 5000 mV 
[   12.576034] dvdd_ts: Failed to request enable GPIO61: -517
[   12.576194] reg-fixed-voltage 1.regulator: Failed to register regulator: -517
[   12.576217] platform 1.regulator: Driver reg-fixed-voltage requests probe deferral
[   12.576414] lcd_bl_en: Failed to request enable GPIO58: -517
[   12.576557] reg-fixed-voltage 2.regulator: Failed to register regulator: -517
[   12.576579] platform 2.regulator: Driver reg-fixed-voltage requests probe deferral
[   12.576775] usb1_vbus: Failed to request enable GPIO108: -517
[   12.576918] reg-fixed-voltage 3.regulator: Failed to register regulator: -517
[   12.576940] platform 3.regulator: Driver reg-fixed-voltage requests probe deferral
[   12.577136] usb2_vbus: Failed to request enable GPIO86: -517
[   12.577276] reg-fixed-voltage 4.regulator: Failed to register regulator: -517
[   12.577298] platform 4.regulator: Driver reg-fixed-voltage requests probe deferral
[   12.577492] vdd_hdmi_5v0: Failed to request enable GPIO81: -517
[   12.577632] reg-fixed-voltage 5.regulator: Failed to register regulator: -517
[   12.577653] platform 5.regulator: Driver reg-fixed-voltage requests probe deferral
[   12.577732] platform 6.regulator: Driver reg-fixed-voltage requests probe deferral
[   12.578737] vgaarb: loaded
[   12.579838] SCSI subsystem initialized
[   12.580218] usbcore: registered new interface driver usbfs
[   12.580317] usbcore: registered new interface driver hub
[   12.580475] usbcore: registered new device driver usb
[   12.584412] vdd-cpu: 500 <--> 1520 mV at 1100 mV 
[   12.585040] tps65090 1-0048: No cache defaults, reading back from HW
[   12.591421] vdd-sys-5v0: no parameters
[   12.591471] vdd-sys-5v0: supplied by vdd_ac_bat
[   12.592912] vdd-sys-3v3: no parameters
[   12.592961] vdd-sys-3v3: supplied by vdd_ac_bat
[   12.594390] vdd-ao: no parameters
[   12.594426] vdd-ao: supplied by vdd_ac_bat
[   12.594676] vdd-lcd-bl: no parameters
[   12.594712] vdd-lcd-bl: supplied by vdd_ac_bat
[   12.594959] TPS65090_RAILSFET2: no parameters
[   12.594995] TPS65090_RAILSFET2: supplied by vdd_ac_bat
[   12.595239] vdd-modem-3v3: no parameters
[   12.595274] vdd-modem-3v3: supplied by vdd-sys-3v3
[   12.595549] avdd-lcd: no parameters
[   12.595583] avdd-lcd: supplied by vdd-sys-3v3
[   12.595825] vdd-lvds: no parameters
[   12.595858] vdd-lvds: supplied by vdd-sys-3v3
[   12.596104] vdd-sd-slot: no parameters
[   12.596149] vdd-sd-slot: supplied by vdd-sys-3v3
[   12.596407] vdd-com-3v3: no parameters
[   12.596440] vdd-com-3v3: supplied by vdd-sys-3v3
[   12.596678] vdd-sby-5v0: no parameters
[   12.596711] vdd-sby-5v0: supplied by vdd_ac_bat
[   12.596961] vdd-sby-3v3: no parameters
[   12.596994] vdd-sby-3v3: supplied by vdd_ac_bat
[   12.597352] genirq: Setting trigger mode 8 for irq 118 failed (gic_set_type+0x0/0xf0)
[   12.597791] palmas 1-0058: Irq flag is 0x00000000
[   12.612061] palmas 1-0058: Muxing GPIO ff, PWM 0, LED 0
[   12.621012] vddio-ddr: 1350 mV 
[   12.621856] vddio-ddr: supplied by vdd-ao
[   12.628815] vddio-1v8: 1800 mV 
[   12.629656] vddio-1v8: supplied by vdd-ao
[   12.636596] vdd-core: 900 <--> 1400 mV at 1100 mV 
[   12.637434] vdd-core: supplied by vdd-sys-3v3
[   12.641629] SMPS6: no parameters
[   12.649345] avdd-pll: 1050 mV 
[   12.650188] avdd-pll: supplied by vdd-sys-3v3
[   12.658513] sdhci-vdd-sd-slot: 2800 mV 
[   12.659354] sdhci-vdd-sd-slot: supplied by vdd-sys-3v3
[   12.661191] SMPS10_OUT2: at 5000 mV 
[   12.663002] SMPS10_OUT1: at 5000 mV 
[   12.665618] avdd-cam1: 2800 mV 
[   12.666457] avdd-cam1: supplied by vdd-sys-3v3
[   12.670480] avdd-cam2: 2800 mV 
[   12.671319] avdd-cam2: supplied by vdd-sys-3v3
[   12.676096] avdd-dsi-csi: 1200 mV 
[   12.676935] avdd-dsi-csi: supplied by vddio-1v8
[   12.681732] vpp-fuse: 1800 mV 
[   12.682570] vpp-fuse: supplied by vdd-sys-3v3
[   12.685785] LDO5: at 1200 mV 
[   12.686628] LDO5: supplied by vdd_ac_bat
[   12.689278] vdd-sensor-2v85: 2850 mV 
[   12.690115] vdd-sensor-2v85: supplied by vdd-sys-3v3
[   12.694122] vdd-af-cam1: 2800 mV 
[   12.694961] vdd-af-cam1: supplied by vdd-sys-3v3
[   12.703056] vdd-rtc: 900 mV 
[   12.703894] vdd-rtc: supplied by vdd-ao
[   12.707893] vddio-sdmmc-2: 1800 <--> 3300 mV at 3300 mV 
[   12.708732] vddio-sdmmc-2: supplied by sdhci-vdd-sd-slot
[   12.713531] hvdd-usb: 3300 mV 
[   12.714369] hvdd-usb: supplied by vdd-sys-5v0
[   12.719151] avdd-usb: 3300 mV 
[   12.719990] avdd-usb: supplied by vdd-sys-5v0
[   12.723293] rail-3v3: no parameters
[   12.725662] rail-5v0: no parameters
[   12.727246] REGEN3: no parameters
[   12.727454] SYSEN1: no parameters
[   12.727641] SYSEN2: no parameters
[   12.728122] Linux video capture interface: v2.00
[   12.728822] platform 7000f010.iommu: Driver tegra-smmu requests probe deferral
[   12.729119] Advanced Linux Sound Architecture Driver Initialized.
[   12.729896] Bluetooth: Core ver 2.16
[   12.729970] NET: Registered protocol family 31
[   12.729978] Bluetooth: HCI device and connection manager initialized
[   12.730004] Bluetooth: HCI socket layer initialized
[   12.730026] Bluetooth: L2CAP socket layer initialized
[   12.730075] Bluetooth: SCO socket layer initialized
[   12.730830] cfg80211: Calling CRDA to update world regulatory domain
[   12.731948] Switched to clocksource arch_sys_counter
[   12.745805] NET: Registered protocol family 2
[   12.746722] TCP established hash table entries: 8192 (order: 4, 65536 bytes)
[   12.746924] TCP bind hash table entries: 8192 (order: 4, 65536 bytes)
[   12.747101] TCP: Hash tables configured (established 8192 bind 8192)
[   12.747554] TCP: reno registered
[   12.747570] UDP hash table entries: 512 (order: 2, 16384 bytes)
[   12.747611] UDP-Lite hash table entries: 512 (order: 2, 16384 bytes)
[   12.748024] NET: Registered protocol family 1
[   12.748739] RPC: Registered named UNIX socket transport module.
[   12.748750] RPC: Registered udp transport module.
[   12.748758] RPC: Registered tcp transport module.
[   12.748766] RPC: Registered tcp NFSv4.1 backchannel transport module.
[   12.748778] PCI: CLS 0 bytes, default 64
[   12.752558] bounce pool size: 64 pages
[   12.754247] squashfs: version 4.0 (2009/01/31) Phillip Lougher
[   12.755060] msgmni has been set to 1468
[   12.756741] io scheduler noop registered (default)
[   12.768482] tegra-apbdma 6000a000.dma: Tegra20 APB DMA driver register 32 channels
[   12.769032] Serial: 8250/16550 driver, 4 ports, IRQ sharing disabled
[   12.771113] 70006300.serial: ttyS0 at MMIO 0x70006300 (irq = 122, base_baud = 25500000) is a Tegra
[   13.798825] console [ttyS0] enabled
[   13.803185] [drm] Initialized drm 1.1.0 20060810
[   13.813569] loop: module loaded
[   13.819564] m25p80 spi32766.0: w25q32dw (4096 Kbytes)
[   13.826437] pegasus: v0.9.3 (2013/04/25), Pegasus/Pegasus II USB Ethernet driver
[   13.833890] usbcore: registered new interface driver pegasus
[   13.839624] usbcore: registered new interface driver asix
[   13.845059] usbcore: registered new interface driver ax88179_178a
[   13.851217] usbcore: registered new interface driver cdc_ether
[   13.857084] usbcore: registered new interface driver r815x
[   13.862643] usbcore: registered new interface driver smsc75xx
[   13.868461] usbcore: registered new interface driver smsc95xx
[   13.874238] usbcore: registered new interface driver net1080
[   13.879949] usbcore: registered new interface driver cdc_subset
[   13.885898] usbcore: registered new interface driver zaurus
[   13.891578] usbcore: registered new interface driver cdc_ncm
[   13.897245] ehci_hcd: USB 2.0 'Enhanced' Host Controller (EHCI) Driver
[   13.903751] ehci-pci: EHCI PCI platform driver
[   13.908253] tegra-ehci: Tegra EHCI driver
[   13.912445] platform 7d008000.usb: Driver tegra-ehci requests probe deferral
[   13.919755] usbcore: registered new interface driver cdc_acm
[   13.925381] cdc_acm: USB Abstract Control Model driver for USB modems and ISDN adapters
[   13.933422] usbcore: registered new interface driver cdc_wdm
[   13.939164] usbcore: registered new interface driver usb-storage
[   13.945374] platform 7d008000.usb-phy: Driver tegra-phy requests probe deferral
[   13.953228] mousedev: PS/2 mouse device common for all mice
[   13.970944] palmas-rtc rtc.7: rtc core: registered rtc.7 as rtc0
[   13.981320] tegra_rtc 7000e000.rtc: rtc core: registered 7000e000.rtc as rtc1
[   13.988472] tegra_rtc 7000e000.rtc: Tegra internal Real Time Clock
[   13.996020] sbs-battery 0-000b: sbs_probe: Failed to get device status
[   14.002542] sbs-battery: probe of 0-000b failed with error -121
[   14.012165] sdhci: Secure Digital Host Controller Interface driver
[   14.018331] sdhci: Copyright(c) Pierre Ossman
[   14.022663] sdhci-pltfm: SDHCI platform and OF driver helper
[   14.028720] sdhci-tegra 78000400.sdhci: Got CD GPIO #170.
[   14.035150] mmc0: no vqmmc regulator found
[   14.039249] mmc0: no vmmc regulator found
[   14.043236] mmc0: Invalid maximum block size, assuming 512 bytes
[   14.086532] mmc0: SDHCI controller on 78000400.sdhci [78000400.sdhci] using ADMA
[   14.096082] mmc1: no vqmmc regulator found
[   14.100180] mmc1: no vmmc regulator found
[   14.104166] mmc1: Invalid maximum block size, assuming 512 bytes
[   14.146288] mmc1: SDHCI controller on 78000600.sdhci [78000600.sdhci] using ADMA
[   14.154342] usbcore: registered new interface driver usbhid
[   14.161945] usbhid: USB HID core driver
[   14.278024] mmc1: BKOPS_EN bit is not set
[   14.308430] mmc1: new HS200 MMC card at address 0001
[   14.313946] mmcblk0: mmc1:0001 SEM32G 29.1 GiB 
[   14.318804] mmcblk0boot0: mmc1:0001 SEM32G partition 1 4.00 MiB
[   14.325021] mmcblk0boot1: mmc1:0001 SEM32G partition 2 4.00 MiB
[   14.331185] mmcblk0rpmb: mmc1:0001 SEM32G partition 3 4.00 MiB
[   14.339503] Primary GPT is invalid, using alternate GPT.
[   14.344806]  mmcblk0: p1 p2 p3 p4 p5
[   14.351702]  mmcblk0boot1: unknown partition table
[   14.358149]  mmcblk0boot0: unknown partition table
[   14.606061] tegra-snd-rt5640 sound.4:  rt5640-aif1 <-> 70080400.i2s mapping ok
[   14.618163] input: NVIDIA Tegra Dalmore Headphones as /devices/soc0/sound.4/sound/card0/input0
[   14.628351] TCP: cubic registered
[   14.631929] NET: Registered protocol family 10
[   14.637780] mip6: Mobile IPv6
[   14.640737] sit: IPv6 over IPv4 tunneling driver
[   14.647151] NET: Registered protocol family 17
[   14.651611] NET: Registered protocol family 15
[   14.656232] Bluetooth: RFCOMM socket layer initialized
[   14.661344] Bluetooth: RFCOMM ver 1.11
[   14.665089] Bluetooth: BNEP (Ethernet Emulation) ver 1.3
[   14.670388] Bluetooth: BNEP socket layer initialized
[   14.675339] Bluetooth: HIDP (Human Interface Emulation) ver 1.2
[   14.681241] Bluetooth: HIDP socket layer initialized
[   14.686800] Registering SWP/SWPB emulation handler
[   14.696228] hvdd-usb: disabling
[   14.701753] vdd-af-cam1: disabling
[   14.707859] vdd-sensor-2v85: disabling
[   14.714101] LDO5: disabling
[   14.719572] vpp-fuse: disabling
[   14.725217] avdd-cam2: disabling
[   14.731124] avdd-cam1: disabling
[   14.738170] vdd-com-3v3: disabling
[   14.742149] vdd-lvds: disabling
[   14.745883] avdd-lcd: disabling
[   14.749608] vdd-lcd-bl: disabling
[   14.754186] dvdd_ts: 1800 mV 
[   14.757707] lcd_bl_en: 5000 mV 
[   14.761252] usb1_vbus: 5000 mV 
[   14.764513] usb1_vbus: supplied by vdd-sys-5v0
[   14.769434] usb2_vbus: 5000 mV 
[   14.772609] usb2_vbus: supplied by vdd-sys-5v0
[   14.777454] vdd_hdmi_5v0: 5000 mV 
[   14.780869] vdd_hdmi_5v0: supplied by vdd-sys-5v0
[   14.787946] vdd_cam_1v8_reg: 1800 mV 
[   14.792137] platform 7d008000.usb: Driver tegra-ehci requests probe deferral
[   14.799907] tegra-ehci 7d008000.usb: EHCI Host Controller
[   14.805323] tegra-ehci 7d008000.usb: new USB bus registered, assigned bus number 1
[   14.813877] tegra-ehci 7d008000.usb: irq 129, io mem 0x7d008000
[   14.833654] tegra-ehci 7d008000.usb: USB 2.0 started, EHCI 1.10
[   14.841010] hub 1-0:1.0: USB hub found
[   14.844856] hub 1-0:1.0: 1 port detected
[   14.850295] input: gpio-keys.2 as /devices/soc0/gpio-keys.2/input/input1
[   14.861612] palmas-rtc rtc.7: setting system clock to 2000-02-03 13:56:12 UTC (949586172)
[   14.870334] ALSA device list:
[   14.873297]   #0: NVIDIA Tegra Dalmore
[   14.903114] kjournald starting.  Commit interval 5 seconds
[   14.910224] EXT3-fs (mmcblk0p1): using internal journal
[   14.915505] EXT3-fs (mmcblk0p1): recovery complete
[   14.920271] EXT3-fs (mmcblk0p1): mounted filesystem with writeback data mode
[   14.927382] VFS: Mounted root (ext3 filesystem) on device 179:1.
[   14.934498] devtmpfs: mounted
[   14.937720] Freeing unused kernel memory: 236K (c07c8000 - c0803000)
bash: cannot set terminal process group (-1): Inappropriate ioctl for device
bash: no job control in this shell
I have no name!@(none):/# [   15.162462] usb 1-1: new high-speed USB device number 2 using tegra-ehci
