
U-Boot SPL 2016.05-rc2 (Apr 21 2016 - 16:23:00)
Trying to boot from RAM


U-Boot 2016.05-rc2 (Apr 21 2016 - 16:23:00 -0700)

TEGRA124
Model: NVIDIA Jetson TK1
Board: NVIDIA Jetson TK1
DRAM:  2 GiB
MC:   Tegra SD/MMC: 0, Tegra SD/MMC: 1
In:    serial
Out:   serial
Err:   serial
Net:   No ethernet found.
Hit any key to stop autoboot:  2  0 
Tegra124 (Jetson TK1) # 
Tegra124 (Jetson TK1) # pci enum
Tegra124 (Jetson TK1) # setenv bootargs 'ignore_loglevel console=ttyS0,115200n8 rw root=PARTUUID=b1791faa-84e8-4e27-83a1-9fb0a77e8803 rootwait gpt debug noinitrd earlyprintk init=/bin/bash'
Tegra124 (Jetson TK1) # setenv ipaddr 192.168.100.102; setenv serverip 192.168.100.1; setenv tftpserverip 192.168.100.1
Tegra124 (Jetson TK1) # tftpboot 0x82000000 zImage.multi_v7_defconfig

Warning: eth_rtl8169 using MAC address from ROM
Using eth_rtl8169 device
TFTP from server 192.168.100.1; our IP address is 192.168.100.102
Filename 'zImage.multi_v7_defconfig'.
Load address: 0x82000000
Loading: *#################################################################
	 #################################################################
	 #################################################################
	 #################################################################
	 #################################################################
	 #################################################################
	 #################################################################
	 ################################
	 3.9 MiB/s
done
Bytes transferred = 7148912 (6d1570 hex)
Tegra124 (Jetson TK1) # tftpboot 0x83000000 tegra124-jetson-tk1.dtb
Using eth_rtl8169 device
TFTP from server 192.168.100.1; our IP address is 192.168.100.102
Filename 'tegra124-jetson-tk1.dtb'.
Load address: 0x83000000
Loading: *#####
	 3.7 MiB/s
done
Bytes transferred = 66621 (1043d hex)
Tegra124 (Jetson TK1) # bootz 0x82000000 - 0x83000000
Kernel image @ 0x82000000 [ 0x000000 - 0x6d1570 ]
## Flattened Device Tree blob at 83000000
   Booting using the fdt blob at 0x83000000
   Using Device Tree in place at 83000000, end 8301343c

Starting kernel ...

[    0.000000] Booting Linux on physical CPU 0x0
[    0.000000] Linux version 4.8.0-rc5-next-20160908-117085-g4affa54 (pwalmsley@sellafield) (gcc version 4.7.3 20130328 (prerelease) (crosstool-NG linaro-1.13.1-4.7-2013.04-20130415 - Linaro GCC 2013.04) ) #1 SMP Wed Sep 7 23:03:47 PDT 2016
[    0.000000] CPU: ARMv7 Processor [413fc0f3] revision 3 (ARMv7), cr=10c5387d
[    0.000000] CPU: div instructions available: patching division code
[    0.000000] CPU: PIPT / VIPT nonaliasing data cache, PIPT instruction cache
[    0.000000] OF: fdt:Machine model: NVIDIA Tegra124 Jetson TK1
[    0.000000] debug: ignoring loglevel setting.
[    0.000000] cma: Reserved 64 MiB at 0xfb800000
[    0.000000] Memory policy: Data cache writealloc
[    0.000000] On node 0 totalpages: 524032
[    0.000000] free_area_init_node: node 0, pgdat c1420c00, node_mem_map eeff8000
[    0.000000]   DMA zone: 1536 pages used for memmap
[    0.000000]   DMA zone: 0 pages reserved
[    0.000000]   DMA zone: 196608 pages, LIFO batch:31
[    0.000000]   HighMem zone: 327424 pages, LIFO batch:31
[    0.000000] percpu: Embedded 14 pages/cpu @eef85000 s26112 r8192 d23040 u57344
[    0.000000] pcpu-alloc: s26112 r8192 d23040 u57344 alloc=14*4096
[    0.000000] pcpu-alloc: [0] 0 [0] 1 [0] 2 [0] 3 
[    0.000000] Built 1 zonelists in Zone order, mobility grouping on.  Total pages: 522496
[    0.000000] Kernel command line: ignore_loglevel console=ttyS0,115200n8 rw root=PARTUUID=b1791faa-84e8-4e27-83a1-9fb0a77e8803 rootwait gpt debug noinitrd earlyprintk init=/bin/bash
[    0.000000] PID hash table entries: 4096 (order: 2, 16384 bytes)
[    0.000000] Dentry cache hash table entries: 131072 (order: 7, 524288 bytes)
[    0.000000] Inode-cache hash table entries: 65536 (order: 6, 262144 bytes)
[    0.000000] Memory: 1994960K/2096128K available (9216K kernel code, 1162K rwdata, 4028K rodata, 2048K init, 342K bss, 35632K reserved, 65536K cma-reserved, 1244160K highmem)
[    0.000000] Virtual kernel memory layout:
[    0.000000]     vector  : 0xffff0000 - 0xffff1000   (   4 kB)
[    0.000000]     fixmap  : 0xffc00000 - 0xfff00000   (3072 kB)
[    0.000000]     vmalloc : 0xf0800000 - 0xff800000   ( 240 MB)
[    0.000000]     lowmem  : 0xc0000000 - 0xf0000000   ( 768 MB)
[    0.000000]     pkmap   : 0xbfe00000 - 0xc0000000   (   2 MB)
[    0.000000]     modules : 0xbf000000 - 0xbfe00000   (  14 MB)
[    0.000000]       .text : 0xc0208000 - 0xc0c00000   (10208 kB)
[    0.000000]       .init : 0xc1100000 - 0xc1300000   (2048 kB)
[    0.000000]       .data : 0xc1300000 - 0xc14229e0   (1163 kB)
[    0.000000]        .bss : 0xc1424000 - 0xc1479ac8   ( 343 kB)
[    0.000000] SLUB: HWalign=64, Order=0-3, MinObjects=0, CPUs=4, Nodes=1
[    0.000000] Hierarchical RCU implementation.
[    0.000000] 	Build-time adjustment of leaf fanout to 32.
[    0.000000] 	RCU restricting CPUs from NR_CPUS=16 to nr_cpu_ids=4.
[    0.000000] RCU: Adjusting geometry for rcu_fanout_leaf=32, nr_cpu_ids=4
[    0.000000] NR_IRQS:16 nr_irqs:16 16
[    0.000000] /interrupt-controller@60004000: 160 interrupts forwarded to /interrupt-controller@50041000
[    0.000000] Tegra clk 127: register failed with -17
[    0.000008] sched_clock: 32 bits at 1000kHz, resolution 1000ns, wraps every 2147483647500ns
[    0.000031] clocksource: timer_us: mask: 0xffffffff max_cycles: 0xffffffff, max_idle_ns: 1911260446275 ns
[    0.000045] Switching to timer-based delay loop, resolution 1000ns
[    0.005470] arm_arch_timer: Architected cp15 timer(s) running at 12.00MHz (virt).
[    0.005488] clocksource: arch_sys_counter: mask: 0xffffffffffffff max_cycles: 0x2c47f4ee7, max_idle_ns: 440795202497 ns
[    0.005505] sched_clock: 56 bits at 12MHz, resolution 83ns, wraps every 4398046511096ns
[    0.005517] Switching to timer-based delay loop, resolution 83ns
[    0.006034] Console: colour dummy device 80x30
[    0.006061] Calibrating delay loop (skipped), value calculated using timer frequency.. 24.00 BogoMIPS (lpj=60000)
[    0.006075] pid_max: default: 32768 minimum: 301
[    0.006169] Mount-cache hash table entries: 2048 (order: 1, 8192 bytes)
[    0.006180] Mountpoint-cache hash table entries: 2048 (order: 1, 8192 bytes)
[    0.006776] CPU: Testing write buffer coherency: ok
[    0.006993] /cpus/cpu@0 missing clock-frequency property
[    0.007033] /cpus/cpu@1 missing clock-frequency property
[    0.007074] /cpus/cpu@2 missing clock-frequency property
[    0.007116] /cpus/cpu@3 missing clock-frequency property
[    0.007128] CPU0: thread -1, cpu 0, socket 0, mpidr 80000000
[    0.007149] Setting up static identity map for 0x80300000 - 0x80300098
[    0.010877] Tegra Revision: A01 SKU: 129 CPU Process: 1 SoC Process: 1
[    0.012358] CPU1: thread -1, cpu 1, socket 0, mpidr 80000001
[    0.016019] CPU2: thread -1, cpu 2, socket 0, mpidr 80000002
[    0.021022] CPU3: thread -1, cpu 3, socket 0, mpidr 80000003
[    0.025466] Brought up 4 CPUs
[    0.025486] SMP: Total of 4 processors activated (96.00 BogoMIPS).
[    0.025494] CPU: All CPU(s) started in SVC mode.
[    0.025550] span: 0-3 (max cpu_capacity = 1024)
[    0.026981] devtmpfs: initialized
[    0.048787] VFP support v0.3: implementor 41 architecture 4 part 30 variant f rev 0
[    0.049218] clocksource: jiffies: mask: 0xffffffff max_cycles: 0xffffffff, max_idle_ns: 9556302231375000 ns
[    0.050589] pinctrl core: initialized pinctrl subsystem
[    0.052329] NET: Registered protocol family 16
[    0.054241] DMA: preallocated 256 KiB pool for atomic coherent allocations
[    0.070597] cpuidle: using governor menu
[    0.089137] No ATAGs?
[    0.089165] hw-breakpoint: found 5 (+1 reserved) breakpoint and 4 watchpoint registers.
[    0.089175] hw-breakpoint: maximum watchpoint size is 8 bytes.
[    0.095352] Serial: AMBA PL011 UART driver
[    0.130646] +5V_SYS: supplied by +VDD_MUX
[    0.130977] +3.3V_SYS: supplied by +VDD_MUX
[    0.131616] +USB0_VBUS_SW: Failed to request enable GPIO108: -517
[    0.131632] reg-fixed-voltage regulators:regulator@7: Failed to register regulator: -517
[    0.131720] +5V_USB_HS: Failed to request enable GPIO109: -517
[    0.131733] reg-fixed-voltage regulators:regulator@8: Failed to register regulator: -517
[    0.131894] +1.05V_RUN_AVDD_HDMI_PLL: Failed to request enable GPIO63: -517
[    0.131907] reg-fixed-voltage regulators:regulator@11: Failed to register regulator: -517
[    0.131991] +5V_HDMI_CON: Failed to request enable GPIO86: -517
[    0.132003] reg-fixed-voltage regulators:regulator@12: Failed to register regulator: -517
[    0.132087] +5V_SATA: Failed to request enable GPIO242: -517
[    0.132098] reg-fixed-voltage regulators:regulator@13: Failed to register regulator: -517
[    0.132180] +12V_SATA: Failed to request enable GPIO242: -517
[    0.132192] reg-fixed-voltage regulators:regulator@14: Failed to register regulator: -517
[    0.135426] vgaarb: loaded
[    0.136299] SCSI subsystem initialized
[    0.136468] libata version 3.00 loaded.
[    0.136759] usbcore: registered new interface driver usbfs
[    0.136825] usbcore: registered new interface driver hub
[    0.136889] usbcore: registered new device driver usb
[    0.140479] pps_core: LinuxPPS API ver. 1 registered
[    0.140488] pps_core: Software ver. 5.3.6 - Copyright 2005-2007 Rodolfo Giometti <giometti@linux.it>
[    0.140511] PTP clock support registered
[    0.140706] EDAC MC: Ver: 3.0.0
[    0.143957] clocksource: Switched to clocksource arch_sys_counter
[    0.155194] NET: Registered protocol family 2
[    0.155713] TCP established hash table entries: 8192 (order: 3, 32768 bytes)
[    0.155811] TCP bind hash table entries: 8192 (order: 4, 65536 bytes)
[    0.155997] TCP: Hash tables configured (established 8192 bind 8192)
[    0.156048] UDP hash table entries: 512 (order: 2, 16384 bytes)
[    0.156089] UDP-Lite hash table entries: 512 (order: 2, 16384 bytes)
[    0.156248] NET: Registered protocol family 1
[    0.156560] RPC: Registered named UNIX socket transport module.
[    0.156570] RPC: Registered udp transport module.
[    0.156577] RPC: Registered tcp transport module.
[    0.156584] RPC: Registered tcp NFSv4.1 backchannel transport module.
[    0.156594] PCI: CLS 0 bytes, default 64
[    0.157792] hw perfevents: enabled with armv7_cortex_a15 PMU driver, 7 counters available
[    0.159311] futex hash table entries: 1024 (order: 4, 65536 bytes)
[    0.160031] workingset: timestamp_bits=30 max_order=19 bucket_order=0
[    0.171213] squashfs: version 4.0 (2009/01/31) Phillip Lougher
[    0.172059] NFS: Registering the id_resolver key type
[    0.172081] Key type id_resolver registered
[    0.172089] Key type id_legacy registered
[    0.172130] ntfs: driver 2.1.32 [Flags: R/O].
[    0.173388] bounce: pool size: 64 pages
[    0.173598] Block layer SCSI generic (bsg) driver version 0.4 loaded (major 248)
[    0.173608] io scheduler noop registered
[    0.173616] io scheduler deadline registered
[    0.173818] io scheduler cfq registered (default)
[    0.179460] usb2-0 supply vbus not found, using dummy regulator
[    0.179590] usb2-1 supply vbus not found, using dummy regulator
[    0.179981] tegra-xusb-padctl 7009f000.padctl: failed to setup XUSB ports: -517
[    0.180663] libphy: mdio_driver_register: phy-bcm-ns2-pci
[    0.196568] tegra-pcie 1003000.pcie-controller: 2x1, 1x1 configuration
[    0.196621] tegra-pcie 1003000.pcie-controller: Failed to get supply 'avddio-pex': -517
[    0.203809] tegra-apbdma 60020000.dma: Tegra20 APB DMA driver register 32 channels
[    0.205755] tegra-pmc 7000e400.pmc: emergency thermal reset enabled
[    0.271786] Serial: 8250/16550 driver, 4 ports, IRQ sharing disabled
[    0.274772] console [ttyS0] disabled
[    0.274806] 70006300.serial: ttyS0 at MMIO 0x70006300 (irq = 333, base_baud = 25500000) is a Tegra
[    1.138592] console [ttyS0] enabled
[    1.143047] SuperH (H)SCI(F) driver initialized
[    1.148634] msm_serial: driver initialized
[    1.152947] STMicroelectronics ASC driver initialized
[    1.158887] serial-tegra serial@0,70006000: failed to get alias id, errno -19
[    1.166086] serial-tegra serial@0,70006040: failed to get alias id, errno -19
[    1.176336] [drm] Initialized drm 1.1.0 20060810
[    1.184202] tegra-hdmi 54280000.hdmi: failed to get HDMI regulator
[    1.204016] brd: module loaded
[    1.213226] loop: module loaded
[    1.217671] at24 0-0056: 256 byte 24c02 EEPROM, writable, 8 bytes/write
[    1.225950] as3722 4-0040: AS3722 with revision 0x1 found
[    1.237192] as3722-sd2: supplied by +5V_SYS
[    1.241848] as3722-sd3: supplied by +5V_SYS
[    1.246259] +1.35V_LP0(sd3): Bringing 0uV into 1350000-1350000uV
[    1.252651] as3722-sd4: supplied by +5V_SYS
[    1.257297] as3722-sd5: supplied by +5V_SYS
[    1.263358] as3722-ldo0: supplied by +1.35V_LP0(sd2)
[    1.269451] +1.8V_RUN_CAM: Bringing 0uV into 1800000-1800000uV
[    1.275709] as3722-ldo2: supplied by +1.8V_VDDIO
[    1.281642] as3722-ldo3: supplied by +3.3V_SYS
[    1.286150] +1.05V_LP0_VDD_RTC: Bringing 1100000uV into 1000000-1000000uV
[    1.293987] as3722-ldo4: supplied by +3.3V_SYS
[    1.298636] +2.8V_RUN_CAM: Bringing 0uV into 2800000-2800000uV
[    1.304893] as3722-ldo5: supplied by +1.8V_VDDIO
[    1.309737] +1.2V_RUN_CAM_FRONT: Bringing 0uV into 1200000-1200000uV
[    1.316707] +VDDIO_SDMMC3: bypassed regulator has no supply!
[    1.322379] +VDDIO_SDMMC3: failed to get the current voltage(-517)
[    1.328571] as3722-regulator as3722-regulator: regulator 13 register failed -517
[    1.341209] tegra-ahci 70027000.sata: couldn't get PHY in node sata: -517
[    1.361123] random: fast init done
[    1.364720] m25p80 spi32765.0: w25q32dw (4096 Kbytes)
[    1.372900] libphy: Fixed MDIO Bus: probed
[    1.378186] CAN device driver interface
[    1.384299] igb: Intel(R) Gigabit Ethernet Network Driver - version 5.3.0-k
[    1.391266] igb: Copyright (c) 2007-2014 Intel Corporation.
[    1.400320] pegasus: v0.9.3 (2013/04/25), Pegasus/Pegasus II USB Ethernet driver
[    1.407774] usbcore: registered new interface driver pegasus
[    1.413500] usbcore: registered new interface driver asix
[    1.418968] usbcore: registered new interface driver ax88179_178a
[    1.425117] usbcore: registered new interface driver cdc_ether
[    1.431019] usbcore: registered new interface driver smsc75xx
[    1.436840] usbcore: registered new interface driver smsc95xx
[    1.442635] usbcore: registered new interface driver net1080
[    1.448345] usbcore: registered new interface driver cdc_subset
[    1.454314] usbcore: registered new interface driver zaurus
[    1.459961] usbcore: registered new interface driver cdc_ncm
[    1.465841] tegra-phy 7d004000.usb-phy: no vbus regulator
[    1.473276] ehci_hcd: USB 2.0 'Enhanced' Host Controller (EHCI) Driver
[    1.479815] ehci-pci: EHCI PCI platform driver
[    1.484313] ehci-platform: EHCI generic platform driver
[    1.489766] ehci-orion: EHCI orion driver
[    1.493920] SPEAr-ehci: EHCI SPEAr driver
[    1.498092] ehci-st: EHCI STMicroelectronics driver
[    1.503130] ehci-exynos: EHCI EXYNOS driver
[    1.507492] ehci-atmel: EHCI Atmel driver
[    1.511662] tegra-ehci: Tegra EHCI driver
[    1.518509] tegra-ehci 7d004000.usb: EHCI Host Controller
[    1.523958] tegra-ehci 7d004000.usb: new USB bus registered, assigned bus number 1
[    1.531699] tegra-ehci 7d004000.usb: irq 352, io mem 0x7d004000
[    1.548982] tegra-ehci 7d004000.usb: USB 2.0 started, EHCI 1.10
[    1.555744] hub 1-0:1.0: USB hub found
[    1.559544] hub 1-0:1.0: 1 port detected
[    1.564086] ohci_hcd: USB 1.1 'Open' Host Controller (OHCI) Driver
[    1.570287] ohci-pci: OHCI PCI platform driver
[    1.574795] ohci-platform: OHCI generic platform driver
[    1.580215] ohci-omap3: OHCI OMAP3 driver
[    1.584391] SPEAr-ohci: OHCI SPEAr driver
[    1.588545] ohci-st: OHCI STMicroelectronics driver
[    1.593582] ohci-atmel: OHCI Atmel driver
[    1.598411] usbcore: registered new interface driver usb-storage
[    1.606185] mousedev: PS/2 mouse device common for all mice
[    1.614944] as3722-rtc as3722-rtc: rtc core: registered as3722-rtc as rtc0
[    1.621831] as3722-rtc as3722-rtc: RTC interrupt 375
[    1.630188] tegra_rtc 7000e000.rtc: rtc core: registered 7000e000.rtc as rtc1
[    1.637379] tegra_rtc 7000e000.rtc: Tegra internal Real Time Clock
[    1.644176] i2c /dev entries driver
[    1.654854] 0-004c supply vcc not found, using dummy regulator
[    1.670552] sdhci: Secure Digital Host Controller Interface driver
[    1.676746] sdhci: Copyright(c) Pierre Ossman
[    1.682756] Synopsys Designware Multimedia Card Interface Driver
[    1.689977] sdhci-pltfm: SDHCI platform and OF driver helper
[    1.696419] sdhci-tegra 700b0400.sdhci: Got CD GPIO
[    1.701330] sdhci-tegra 700b0400.sdhci: Got WP GPIO
[    1.706467] mmc0: Unknown controller version (3). You may experience problems.
[    1.713794] mmc0: Invalid maximum block size, assuming 512 bytes
[    1.763982] mmc0: SDHCI controller on 700b0600.sdhci [700b0600.sdhci] using ADMA
[    1.773424] ledtrig-cpu: registered to indicate activity on CPUs
[    1.779794] usbcore: registered new interface driver usbhid
[    1.785379] usbhid: USB HID core driver
[    1.794371] tegra124-dfll 70110000.clock: couldn't get vdd_cpu regulator
[    1.811992] NET: Registered protocol family 10
[    1.817355] sit: IPv6, IPv4 and MPLS over IPv4 tunneling driver
[    1.824022] NET: Registered protocol family 17
[    1.828467] can: controller area network core (rev 20120528 abi 9)
[    1.834733] NET: Registered protocol family 29
[    1.839194] can: raw protocol (rev 20120528)
[    1.843456] can: broadcast manager protocol (rev 20160617 t)
[    1.849132] can: netlink gateway (rev 20130117) max_hops=1
[    1.855011] Key type dns_resolver registered
[    1.859945] ThumbEE CPU extension supported.
[    1.864246] Registering SWP/SWPB emulation handler
[    1.871859] +3.3V_RUN: supplied by +3.3V_SYS
[    1.877278] +3.3V_AVDD_HDMI_AP_GATED: supplied by +3.3V_RUN
[    1.883408] +USB0_VBUS_SW: supplied by +5V_SYS
[    1.888541] +5V_USB_HS: supplied by +5V_SYS
[    1.894131] +3.3V_LP0: supplied by +3.3V_SYS
[    1.900418] +5V_HDMI_CON: supplied by +5V_SYS
[    1.905579] +5V_SATA: supplied by +5V_SYS
[    1.910508] +12V_SATA: supplied by +VDD_MUX
[    1.915391] mmc0: new high speed MMC card at address 0001
[    1.917018] usb2-0 supply vbus not found, using dummy regulator
[    1.917176] usb2-1 supply vbus not found, using dummy regulator
[    1.917556] usb3-0 supply vbus not found, using dummy regulator
[    1.918904] tegra-pcie 1003000.pcie-controller: 2x1, 1x1 configuration
[    1.919023] tegra-pcie 1003000.pcie-controller: Failed to get supply 'avddio-pex': -517
[    1.921374] tegra-hdmi 54280000.hdmi: failed to get PLL regulator
[    1.927161] as3722-sd2: supplied by +5V_SYS
[    1.927635] as3722-sd3: supplied by +5V_SYS
[    1.927998] as3722-sd4: supplied by +5V_SYS
[    1.928310] +1.05V_RUN_AVDD_HDMI_PLL: supplied by +1.05V_RUN
[    1.928401] as3722-sd5: supplied by +5V_SYS
[    1.930355] as3722-ldo0: supplied by +1.35V_LP0(sd2)
[    1.931253] as3722-ldo1: supplied by +3.3V_RUN
[    1.931699] as3722-ldo2: supplied by +1.8V_VDDIO
[    1.932714] as3722-ldo3: supplied by +3.3V_SYS
[    1.933661] as3722-ldo4: supplied by +3.3V_SYS
[    1.934062] as3722-ldo5: supplied by +1.8V_VDDIO
[    1.934496] as3722-ldo6: supplied by +3.3V_RUN
[    1.934874] as3722-ldo7: supplied by +1.8V_VDDIO
[    1.935471] +1.05V_RUN_CAM_REAR: Bringing 0uV into 1050000-1050000uV
[    1.936204] as3722-ldo9: supplied by +5V_SYS
[    1.937449] +3.3V_RUN_TOUCH: Bringing 0uV into 2800000-2800000uV
[    1.937947] as3722-ldo10: supplied by +5V_SYS
[    1.938176] +2.8V_RUN_CAM_AF: Bringing 0uV into 2800000-2800000uV
[    1.938994] as3722-ldo11: supplied by +3.3V_RUN
[    1.939582] +1.8V_RUN_VPP_FUSE: Bringing 0uV into 1800000-1800000uV
[    1.943314] tegra-ahci 70027000.sata: AHCI 0001.0301 32 slots 2 ports 3 Gbps 0x1 impl platform mode
[    1.943326] tegra-ahci 70027000.sata: flags: 64bit ncq sntf pm led pio slum part sadm sds apst 
[    1.945511] scsi host0: tegra-ahci
[    1.946691] scsi host1: tegra-ahci
[    1.947122] ata1: SATA max UDMA/133 mmio [mem 0x70027000-0x70028fff] port 0x100 irq 343
[    1.947128] ata2: DUMMY
[    1.950879] tegra-ehci 7d008000.usb: EHCI Host Controller
[    1.950910] tegra-ehci 7d008000.usb: new USB bus registered, assigned bus number 2
[    1.951135] tegra-ehci 7d008000.usb: irq 353, io mem 0x7d008000
[    1.964111] tegra-ehci 7d008000.usb: USB 2.0 started, EHCI 1.10
[    1.965198] hub 2-0:1.0: USB hub found
[    1.965245] hub 2-0:1.0: 1 port detected
[    1.968281] sdhci-tegra 700b0400.sdhci: Got CD GPIO
[    1.968303] sdhci-tegra 700b0400.sdhci: Got WP GPIO
[    1.968522] mmc1: Unknown controller version (3). You may experience problems.
[    1.968614] mmc1: Invalid maximum block size, assuming 512 bytes
[    2.014738] mmc1: SDHCI controller on 700b0400.sdhci [700b0400.sdhci] using ADMA
[    2.020950] tegra-pcie 1003000.pcie-controller: 2x1, 1x1 configuration
[    2.023225] tegra-pcie 1003000.pcie-controller: probing port 0, using 2 lanes
[    2.025381] tegra-pcie 1003000.pcie-controller: Slot present pin change, signature: 00000008
[    2.055251] tegra-pcie 1003000.pcie-controller: probing port 1, using 1 lanes
[    2.057421] tegra-pcie 1003000.pcie-controller: Slot present pin change, signature: 00000000
[    2.071423] tegra-pcie 1003000.pcie-controller: PCI host bridge to bus 0000:00
[    2.071433] pci_bus 0000:00: root bus resource [io  0x0000-0xffff]
[    2.071440] pci_bus 0000:00: root bus resource [mem 0x13000000-0x1fffffff]
[    2.071449] pci_bus 0000:00: root bus resource [mem 0x20000000-0x3fffffff pref]
[    2.071455] pci_bus 0000:00: root bus resource [bus 00-ff]
[    2.071497] pci 0000:00:01.0: [10de:0e12] type 01 class 0x060400
[    2.071630] pci 0000:00:01.0: PME# supported from D0 D1 D2 D3hot D3cold
[    2.071984] pci 0000:00:02.0: [10de:0e13] type 01 class 0x060400
[    2.072101] pci 0000:00:02.0: PME# supported from D0 D1 D2 D3hot D3cold
[    2.072460] PCI: bus0: Fast back to back transfers disabled
[    2.072469] pci 0000:00:01.0: bridge configuration invalid ([bus 00-00]), reconfiguring
[    2.072487] pci 0000:00:02.0: bridge configuration invalid ([bus 00-00]), reconfiguring
[    2.072726] pci 0000:01:00.0: [8086:4232] type 00 class 0x028000
[    2.072778] pci 0000:01:00.0: reg 0x10: [mem 0x00000000-0x00001fff 64bit]
[    2.073004] pci 0000:01:00.0: PME# supported from D0 D3hot D3cold
[    2.084101] PCI: bus1: Fast back to back transfers disabled
[    2.084115] pci_bus 0000:01: busn_res: [bus 01-ff] end is updated to 01
[    2.084400] pci 0000:02:00.0: [10ec:8168] type 00 class 0x020000
[    2.084435] pci 0000:02:00.0: reg 0x10: [io  0x0000-0x00ff]
[    2.084478] pci 0000:02:00.0: reg 0x18: [mem 0x00000000-0x00000fff 64bit]
[    2.084507] pci 0000:02:00.0: reg 0x20: [mem 0x00000000-0x00003fff 64bit pref]
[    2.084683] pci 0000:02:00.0: supports D1 D2
[    2.084689] pci 0000:02:00.0: PME# supported from D0 D1 D2 D3hot D3cold
[    2.099143] PCI: bus2: Fast back to back transfers disabled
[    2.099159] pci_bus 0000:02: busn_res: [bus 02-ff] end is updated to 02
[    2.099353] pci 0000:00:01.0: BAR 8: assigned [mem 0x13000000-0x130fffff]
[    2.099365] pci 0000:00:02.0: BAR 8: assigned [mem 0x13100000-0x131fffff]
[    2.099378] pci 0000:00:02.0: BAR 9: assigned [mem 0x20000000-0x200fffff 64bit pref]
[    2.099389] pci 0000:00:02.0: BAR 7: assigned [io  0x1000-0x1fff]
[    2.099405] pci 0000:01:00.0: BAR 0: assigned [mem 0x13000000-0x13001fff 64bit]
[    2.099441] pci 0000:00:01.0: PCI bridge to [bus 01]
[    2.099455] pci 0000:00:01.0:   bridge window [mem 0x13000000-0x130fffff]
[    2.099474] pci 0000:02:00.0: BAR 4: assigned [mem 0x20000000-0x20003fff 64bit pref]
[    2.099502] pci 0000:02:00.0: BAR 2: assigned [mem 0x13100000-0x13100fff 64bit]
[    2.099529] pci 0000:02:00.0: BAR 0: assigned [io  0x1000-0x10ff]
[    2.099541] pci 0000:00:02.0: PCI bridge to [bus 02]
[    2.099549] pci 0000:00:02.0:   bridge window [io  0x1000-0x1fff]
[    2.099559] pci 0000:00:02.0:   bridge window [mem 0x13100000-0x131fffff]
[    2.099568] pci 0000:00:02.0:   bridge window [mem 0x20000000-0x200fffff 64bit pref]
[    2.099614] pci 0000:00:01.0: nv_msi_ht_cap_quirk didn't locate host bridge
[    2.099738] pcieport 0000:00:01.0: enabling device (0140 -> 0142)
[    2.100028] pcieport 0000:00:01.0: Signaling PME through PCIe PME interrupt
[    2.100035] pci 0000:01:00.0: Signaling PME through PCIe PME interrupt
[    2.100045] pcie_pme 0000:00:01.0:pcie001: service driver pcie_pme loaded
[    2.100167] pci 0000:00:02.0: nv_msi_ht_cap_quirk didn't locate host bridge
[    2.100250] pcieport 0000:00:02.0: enabling device (0140 -> 0143)
[    2.100494] pcieport 0000:00:02.0: Signaling PME through PCIe PME interrupt
[    2.100500] pci 0000:02:00.0: Signaling PME through PCIe PME interrupt
[    2.100510] pcie_pme 0000:00:02.0:pcie001: service driver pcie_pme loaded
[    2.100860] r8169 Gigabit Ethernet driver 2.3LK-NAPI loaded
[    2.100884] r8169 0000:02:00.0: enabling device (0140 -> 0143)
[    2.116021] r8169 0000:02:00.0 eth0: RTL8168g/8111g at 0xf0a43000, 00:04:4b:3a:d9:81, XID 0c000800 IRQ 393
[    2.116031] r8169 0000:02:00.0 eth0: jumbo features [frames: 9200 bytes, tx checksumming: ko]
[    2.119654] [drm] Supports vblank timestamp caching Rev 2 (21.10.2013).
[    2.119658] [drm] No driver support for vblank timestamp query.
[    2.119690] drm drm: No connectors reported connected with modes
[    2.119699] [drm] Cannot find any crtc or sizes - going 1024x768
[    2.262153] ata1: SATA link down (SStatus 0 SControl 300)
[    2.268796] mmc1: new high speed SDHC card at address aaaa
[    2.270158] mmcblk1: mmc1:aaaa SD04G 3.69 GiB 
[    2.280049]  mmcblk1: p1 p2 p3
[    2.586535] mmcblk0: mmc0:0001 SEM16G 14.7 GiB 
[    2.587531] mmcblk0boot0: mmc0:0001 SEM16G partition 1 4.00 MiB
[    2.588462] mmcblk0boot1: mmc0:0001 SEM16G partition 2 4.00 MiB
[    2.589059] mmcblk0rpmb: mmc0:0001 SEM16G partition 3 4.00 MiB
[    2.593250] Console: switching to colour frame buffer device 128x48
[    2.601224]  mmcblk0: p1
[    2.631899] drm drm: fb0:  frame buffer device
[    2.654067] [drm] Initialized tegra 0.0.0 20120330 on minor 0
[    2.661574] of: dev_pm_opp_of_cpumask_add_table: couldn't find opp table for cpu:0, -19
[    2.669646] cpufreq: cpufreq_online: CPU0: Running at unlisted freq: 696000 KHz
[    2.676981] cpufreq: cpufreq_online: CPU0: Unlisted initial frequency changed to: 714000 KHz
[    2.686086] input: gpio-keys as /devices/soc0/gpio-keys/input/input0
[    2.693357] as3722-rtc as3722-rtc: setting system clock to 2000-01-01 00:02:35 UTC (946684955)
[    2.705434] +USB0_VBUS_SW: disabling
[    2.709056] +1.8V_RUN_CAM: disabling
[    2.712822] +2.8V_RUN_CAM: disabling
[    2.716638] +1.2V_RUN_CAM_FRONT: disabling
[    2.720970] +1.05V_RUN_CAM_REAR: disabling
[    2.725276] +3.3V_RUN_TOUCH: disabling
[    2.729195] +2.8V_RUN_CAM_AF: disabling
[    2.733175] +1.8V_RUN_VPP_FUSE: disabling
[    2.738431] EXT4-fs (mmcblk0p1): mounting ext3 file system using the ext4 subsystem
[    2.759813] EXT4-fs (mmcblk0p1): recovery complete
[    2.764631] EXT4-fs (mmcblk0p1): mounted filesystem with ordered data mode. Opts: (null)
[    2.772745] VFS: Mounted root (ext3 filesystem) on device 179:17.
[    2.782912] devtmpfs: mounted
[    2.786526] Freeing unused kernel memory: 2048K (c1100000 - c1300000)
bash: cannot set terminal process group (-1): Inappropriate ioctl for device
bash: no job control in this shell
root@(none):/# mount -t sysfs none /sys
root@(none):/# 
root@(none):/# mount -t debugfs none /sys/kernel/debug
root@(none):/# 
root@(none):/# rtcwake -d rtc1 -m mem -s 3
rtcwake: assuming RTC uses UTC ...
rtcwake: wakeup from "mem" using /dev/rtc1 at Thu Jan  1 00:00:18 1970
[    5.462892] PM: Syncing filesystems ... done.
[    5.485557] Freezing user space processes ... (elapsed 0.001 seconds) done.
[    5.494179] Freezing remaining freezable tasks ... (elapsed 0.001 seconds) done.
[    5.503270] Suspending console(s) (use no_console_suspend to debug)
[    5.582256] PM: suspend of devices complete after 70.024 msecs
[    5.589569] PM: late suspend of devices complete after 7.275 msecs
[    5.614427] PM: noirq suspend of devices complete after 24.828 msecs
[    5.614438] Disabling non-boot CPUs ...
[    5.614897] span: 0,2-3 (max cpu_capacity = 1024)
[    5.616892] CPU1: shutdown
[    5.639779] span: 0,3 (max cpu_capacity = 1024)
[    5.640912] IRQ17 no longer affine to CPU2
[    5.641960] CPU2: shutdown
[    5.673763] span: 0 (max cpu_capacity = 1024)
[    5.675690] CPU3: shutdown
[    5.697536] Entering suspend state LP1
[    5.697536] Suspended for 3.278 seconds
[    5.697548] Enabling non-boot CPUs ...
[    5.709749] span: 0-1 (max cpu_capacity = 1024)
[    5.709801] CPU1 is up
[    5.729783] span: 0-2 (max cpu_capacity = 1024)
[    5.729831] CPU2 is up
[    5.749920] span: 0-3 (max cpu_capacity = 1024)
[    5.749972] CPU3 is up
[    5.750703] pcieport 0000:00:01.0: nv_msi_ht_cap_quirk didn't locate host bridge
[    5.750771] pcieport 0000:00:02.0: nv_msi_ht_cap_quirk didn't locate host bridge
[    5.769045] PM: noirq resume of devices complete after 19.068 msecs
[    5.770442] PM: early resume of devices complete after 1.070 msecs
[    5.799594] PM: resume of devices complete after 29.142 msecs
[    5.913291] Restarting tasks ... done.
root@(none):/# 
root@(none):/# [    6.091517] ata1: SATA link down (SStatus 0 SControl 300)
rtcwake -d rtc1 -m mem -s 3
rtcwake: assuming RTC uses UTC ...
rtcwake: wakeup from "mem" using /dev/rtc1 at Thu Jan  1 00:00:23 1970
[    7.213269] PM: Syncing filesystems ... done.
[    7.235699] Freezing user space processes ... (elapsed 0.001 seconds) done.
[    7.244389] Freezing remaining freezable tasks ... (elapsed 0.001 seconds) done.
[    7.253513] Suspending console(s) (use no_console_suspend to debug)
[    7.331640] PM: suspend of devices complete after 69.165 msecs
[    7.340515] PM: late suspend of devices complete after 8.841 msecs
[    7.364319] PM: noirq suspend of devices complete after 23.777 msecs
[    7.364330] Disabling non-boot CPUs ...
[    7.364801] span: 0,2-3 (max cpu_capacity = 1024)
[    7.366746] CPU1: shutdown
[    7.404842] span: 0,3 (max cpu_capacity = 1024)
[    7.406776] CPU2: shutdown
[    7.428823] span: 0 (max cpu_capacity = 1024)
[    7.430589] CPU3: shutdown
[    7.447479] Entering suspend state LP1
[    7.447479] Suspended for 3.249 seconds
[    7.447491] Enabling non-boot CPUs ...
[    7.459731] span: 0-1 (max cpu_capacity = 1024)
[    7.459782] CPU1 is up
[    7.479750] span: 0-2 (max cpu_capacity = 1024)
[    7.479798] CPU2 is up
[    7.499885] span: 0-3 (max cpu_capacity = 1024)
[    7.499938] CPU3 is up
[    7.500699] pcieport 0000:00:02.0: nv_msi_ht_cap_quirk didn't locate host bridge
[    7.500702] pcieport 0000:00:01.0: nv_msi_ht_cap_quirk didn't locate host bridge
[    7.518992] PM: noirq resume of devices complete after 19.048 msecs
[    7.520073] PM: early resume of devices complete after 0.763 msecs
[    7.549027] PM: resume of devices complete after 28.946 msecs
[    7.658672] Restarting tasks ... done.
root@(none):/# 
root@(none):/# [    7.841501] ata1: SATA link down (SStatus 0 SControl 300)
rtcwake -d rtc1 -m mem -s 3
rtcwake: assuming RTC uses UTC ...
rtcwake: wakeup from "mem" using /dev/rtc1 at Thu Jan  1 00:00:28 1970
[    8.963607] PM: Syncing filesystems ... done.
[    8.985765] Freezing user space processes ... (elapsed 0.001 seconds) done.
[    8.994457] Freezing remaining freezable tasks ... (elapsed 0.001 seconds) done.
[    9.003572] Suspending console(s) (use no_console_suspend to debug)
[    9.083017] PM: suspend of devices complete after 70.483 msecs
[    9.090708] PM: late suspend of devices complete after 7.656 msecs
[    9.114238] PM: noirq suspend of devices complete after 23.499 msecs
[    9.114249] Disabling non-boot CPUs ...
[    9.114692] span: 0,2-3 (max cpu_capacity = 1024)
[    9.115650] IRQ17 no longer affine to CPU1
[    9.116759] CPU1: shutdown
[    9.149756] span: 0,3 (max cpu_capacity = 1024)
[    9.151577] CPU2: shutdown
[    9.173755] span: 0 (max cpu_capacity = 1024)
[    9.175592] CPU3: shutdown
[    9.197557] Entering suspend state LP1
[    9.197557] Suspended for 3.249 seconds
[    9.197569] Enabling non-boot CPUs ...
[    9.209686] span: 0-1 (max cpu_capacity = 1024)
[    9.209736] CPU1 is up
[    9.229719] span: 0-2 (max cpu_capacity = 1024)
[    9.229768] CPU2 is up
[    9.249851] span: 0-3 (max cpu_capacity = 1024)
[    9.249911] CPU3 is up
[    9.250596] pcieport 0000:00:01.0: nv_msi_ht_cap_quirk didn't locate host bridge
[    9.250749] pcieport 0000:00:02.0: nv_msi_ht_cap_quirk didn't locate host bridge
[    9.268963] PM: noirq resume of devices complete after 19.046 msecs
[    9.271131] PM: early resume of devices complete after 1.830 msecs
[    9.299688] PM: resume of devices complete after 28.548 msecs
[    9.413370] Restarting tasks ... done.
root@(none):/# 
root@(none):/# [    9.591417] ata1: SATA link down (SStatus 0 SControl 300)
rtcwake -d rtc1 -m mem -s 3
rtcwake: assuming RTC uses UTC ...
rtcwake: wakeup from "mem" using /dev/rtc1 at Thu Jan  1 00:00:33 1970
[   10.715665] PM: Syncing filesystems ... done.
[   10.732895] Freezing user space processes ... (elapsed 0.001 seconds) done.
[   10.741387] Freezing remaining freezable tasks ... (elapsed 0.001 seconds) done.
[   10.750346] Suspending console(s) (use no_console_suspend to debug)
[   10.826640] PM: suspend of devices complete after 68.113 msecs
[   10.831672] PM: late suspend of devices complete after 5.008 msecs
[   10.852400] PM: noirq suspend of devices complete after 20.710 msecs
[   10.852407] Disabling non-boot CPUs ...
[   10.852711] span: 0,2-3 (max cpu_capacity = 1024)
[   10.853351] IRQ17 no longer affine to CPU1
[   10.854158] CPU1: shutdown
[   10.882781] span: 0,3 (max cpu_capacity = 1024)
[   10.884123] CPU2: shutdown
[   10.912134] span: 0 (max cpu_capacity = 1024)
[   10.913369] CPU3: shutdown
[   10.936294] Entering suspend state LP1
[   10.936294] Suspended for 3.261 seconds
[   10.936306] Enabling non-boot CPUs ...
[   10.949647] span: 0-1 (max cpu_capacity = 1024)
[   10.949697] CPU1 is up
[   10.969676] span: 0-2 (max cpu_capacity = 1024)
[   10.969724] CPU2 is up
[   10.989813] span: 0-3 (max cpu_capacity = 1024)
[   10.989869] CPU3 is up
[   10.990605] pcieport 0000:00:02.0: nv_msi_ht_cap_quirk didn't locate host bridge
[   10.990607] pcieport 0000:00:01.0: nv_msi_ht_cap_quirk didn't locate host bridge
[   11.008928] PM: noirq resume of devices complete after 19.054 msecs
[   11.010729] PM: early resume of devices complete after 1.468 msecs
[   11.039430] PM: resume of devices complete after 28.692 msecs
[   11.153095] Restarting tasks ... done.
root@(none):/# 
root@(none):/# [   11.331437] ata1: SATA link down (SStatus 0 SControl 300)
rtcwake -d rtc1 -m mem -s 3
rtcwake: assuming RTC uses UTC ...
rtcwake: wakeup from "mem" using /dev/rtc1 at Thu Jan  1 00:00:38 1970
[   12.462013] PM: Syncing filesystems ... done.
[   12.485439] Freezing user space processes ... (elapsed 0.001 seconds) done.
[   12.494100] Freezing remaining freezable tasks ... (elapsed 0.001 seconds) done.
[   12.503318] Suspending console(s) (use no_console_suspend to debug)
[   12.582382] PM: suspend of devices complete after 70.117 msecs
[   12.592980] PM: late suspend of devices complete after 10.559 msecs
[   12.619017] PM: noirq suspend of devices complete after 26.009 msecs
[   12.619028] Disabling non-boot CPUs ...
[   12.619476] span: 0,2-3 (max cpu_capacity = 1024)
[   12.621530] CPU1: shutdown
[   12.654679] span: 0,3 (max cpu_capacity = 1024)
[   12.656517] CPU2: shutdown
[   12.678715] span: 0 (max cpu_capacity = 1024)
[   12.680563] CPU3: shutdown
[   12.702510] Entering suspend state LP1
[   12.702510] Suspended for 3.233 seconds
[   12.702522] Enabling non-boot CPUs ...
[   12.714614] span: 0-1 (max cpu_capacity = 1024)
[   12.714665] CPU1 is up
[   12.734636] span: 0-2 (max cpu_capacity = 1024)
[   12.734684] CPU2 is up
[   12.754769] span: 0-3 (max cpu_capacity = 1024)
[   12.754822] CPU3 is up
[   12.755509] pcieport 0000:00:01.0: nv_msi_ht_cap_quirk didn't locate host bridge
[   12.755662] pcieport 0000:00:02.0: nv_msi_ht_cap_quirk didn't locate host bridge
[   12.773888] PM: noirq resume of devices complete after 19.061 msecs
[   12.775535] PM: early resume of devices complete after 1.313 msecs
[   12.804614] PM: resume of devices complete after 29.068 msecs
[   12.914405] Restarting tasks ... done.
root@(none):/# 
root@(none):/# [   13.096385] ata1: SATA link down (SStatus 0 SControl 300)
rtcwake -d rtc1 -m mem -s 3
rtcwake: assuming RTC uses UTC ...
rtcwake: wakeup from "mem" using /dev/rtc1 at Thu Jan  1 00:00:43 1970
[   14.217441] PM: Syncing filesystems ... done.
[   14.240157] Freezing user space processes ... (elapsed 0.001 seconds) done.
[   14.248861] Freezing remaining freezable tasks ... (elapsed 0.001 seconds) done.
[   14.257988] Suspending console(s) (use no_console_suspend to debug)
[   14.337020] PM: suspend of devices complete after 70.077 msecs
[   14.346122] PM: late suspend of devices complete after 9.066 msecs
[   14.368953] PM: noirq suspend of devices complete after 22.805 msecs
[   14.368963] Disabling non-boot CPUs ...
[   14.369432] span: 0,2-3 (max cpu_capacity = 1024)
[   14.371384] CPU1: shutdown
[   14.399673] span: 0,3 (max cpu_capacity = 1024)
[   14.401607] CPU2: shutdown
[   14.428634] span: 0 (max cpu_capacity = 1024)
[   14.429464] IRQ17 no longer affine to CPU3
[   14.430502] CPU3: shutdown
[   14.452322] Entering suspend state LP1
[   14.452322] Suspended for 3.250 seconds
[   14.452334] Enabling non-boot CPUs ...
[   14.464567] span: 0-1 (max cpu_capacity = 1024)
[   14.464618] CPU1 is up
[   14.484594] span: 0-2 (max cpu_capacity = 1024)
[   14.484642] CPU2 is up
[   14.504727] span: 0-3 (max cpu_capacity = 1024)
[   14.504785] CPU3 is up
[   14.505517] pcieport 0000:00:01.0: nv_msi_ht_cap_quirk didn't locate host bridge
[   14.505520] pcieport 0000:00:02.0: nv_msi_ht_cap_quirk didn't locate host bridge
[   14.523851] PM: noirq resume of devices complete after 19.061 msecs
[   14.525720] PM: early resume of devices complete after 1.533 msecs
[   14.554424] PM: resume of devices complete after 28.695 msecs
[   14.668151] Restarting tasks ... done.
root@(none):/# 
root@(none):/# [   14.846322] ata1: SATA link down (SStatus 0 SControl 300)
rtcwake -d rtc1 -m mem -s 3
rtcwake: assuming RTC uses UTC ...
rtcwake: wakeup from "mem" using /dev/rtc1 at Thu Jan  1 00:00:48 1970
[   15.965256] PM: Syncing filesystems ... done.
[   15.987988] Freezing user space processes ... (elapsed 0.001 seconds) done.
[   15.996700] Freezing remaining freezable tasks ... (elapsed 0.001 seconds) done.
[   16.005913] Suspending console(s) (use no_console_suspend to debug)
[   16.080958] PM: suspend of devices complete after 65.992 msecs
[   16.084289] PM: late suspend of devices complete after 3.316 msecs
[   16.105562] PM: noirq suspend of devices complete after 21.262 msecs
[   16.105566] Disabling non-boot CPUs ...
[   16.105727] span: 0,2-3 (max cpu_capacity = 1024)
[   16.106479] CPU1: shutdown
[   16.130732] span: 0,3 (max cpu_capacity = 1024)
[   16.131438] CPU2: shutdown
[   16.160428] span: 0 (max cpu_capacity = 1024)
[   16.161070] CPU3: shutdown
[   16.174952] Entering suspend state LP1
[   16.174952] Suspended for 3.277 seconds
[   16.174964] Enabling non-boot CPUs ...
[   16.189553] span: 0-1 (max cpu_capacity = 1024)
[   16.189603] CPU1 is up
[   16.209572] span: 0-2 (max cpu_capacity = 1024)
[   16.209620] CPU2 is up
[   16.229712] span: 0-3 (max cpu_capacity = 1024)
[   16.229766] CPU3 is up
[   16.230452] pcieport 0000:00:01.0: nv_msi_ht_cap_quirk didn't locate host bridge
[   16.230610] pcieport 0000:00:02.0: nv_msi_ht_cap_quirk didn't locate host bridge
[   16.248816] PM: noirq resume of devices complete after 19.045 msecs
[   16.250590] PM: early resume of devices complete after 1.453 msecs
[   16.279738] PM: resume of devices complete after 29.138 msecs
[   16.389439] Restarting tasks ... done.
root@(none):/# 
root@(none):/# [   16.571326] ata1: SATA link down (SStatus 0 SControl 300)
rtcwake -d rtc1 -m mem -s 3
rtcwake: assuming RTC uses UTC ...
rtcwake: wakeup from "mem" using /dev/rtc1 at Thu Jan  1 00:00:53 1970
[   17.698378] PM: Syncing filesystems ... done.
[   17.721354] Freezing user space processes ... (elapsed 0.001 seconds) done.
[   17.730006] Freezing remaining freezable tasks ... (elapsed 0.001 seconds) done.
[   17.739214] Suspending console(s) (use no_console_suspend to debug)
[   17.817208] PM: suspend of devices complete after 69.080 msecs
[   17.824695] PM: late suspend of devices complete after 7.451 msecs
[   17.849157] PM: noirq suspend of devices complete after 24.435 msecs
[   17.849167] Disabling non-boot CPUs ...
[   17.849614] span: 0,2-3 (max cpu_capacity = 1024)
[   17.851628] CPU1: shutdown
[   17.874552] span: 0,3 (max cpu_capacity = 1024)
[   17.876363] CPU2: shutdown
[   17.898591] span: 0 (max cpu_capacity = 1024)
[   17.900520] CPU3: shutdown
[   17.922335] Entering suspend state LP1
[   17.922335] Suspended for 3.252 seconds
[   17.922347] Enabling non-boot CPUs ...
[   17.934498] span: 0-1 (max cpu_capacity = 1024)
[   17.934550] CPU1 is up
[   17.954525] span: 0-2 (max cpu_capacity = 1024)
[   17.954573] CPU2 is up
[   17.974652] span: 0-3 (max cpu_capacity = 1024)
[   17.974706] CPU3 is up
[   17.975387] pcieport 0000:00:02.0: nv_msi_ht_cap_quirk didn't locate host bridge
[   17.975490] pcieport 0000:00:01.0: nv_msi_ht_cap_quirk didn't locate host bridge
[   17.993779] PM: noirq resume of devices complete after 19.068 msecs
[   17.995130] PM: early resume of devices complete after 1.016 msecs
[   18.024323] PM: resume of devices complete after 29.184 msecs
[   18.133955] Restarting tasks ... done.
root@(none):/# 
root@(none):/# [   18.316280] ata1: SATA link down (SStatus 0 SControl 300)
rtcwake -d rtc1 -m mem -s 3
rtcwake: assuming RTC uses UTC ...
rtcwake: wakeup from "mem" using /dev/rtc1 at Thu Jan  1 00:00:58 1970
[   19.437450] PM: Syncing filesystems ... done.
[   19.460181] Freezing user space processes ... (elapsed 0.001 seconds) done.
[   19.468885] Freezing remaining freezable tasks ... (elapsed 0.001 seconds) done.
[   19.478011] Suspending console(s) (use no_console_suspend to debug)
[   19.557002] PM: suspend of devices complete after 70.029 msecs
[   19.564254] PM: late suspend of devices complete after 7.219 msecs
[   19.589013] PM: noirq suspend of devices complete after 24.726 msecs
[   19.589024] Disabling non-boot CPUs ...
[   19.589473] span: 0,2-3 (max cpu_capacity = 1024)
[   19.591531] CPU1: shutdown
[   19.614495] span: 0,3 (max cpu_capacity = 1024)
[   19.616326] CPU2: shutdown
[   19.638534] span: 0 (max cpu_capacity = 1024)
[   19.640388] CPU3: shutdown
[   19.662307] Entering suspend state LP1
[   19.662307] Suspended for 3.259 seconds
[   19.662319] Enabling non-boot CPUs ...
[   19.674465] span: 0-1 (max cpu_capacity = 1024)
[   19.674516] CPU1 is up
[   19.694489] span: 0-2 (max cpu_capacity = 1024)
[   19.694537] CPU2 is up
[   19.714629] span: 0-3 (max cpu_capacity = 1024)
[   19.714681] CPU3 is up
[   19.715367] pcieport 0000:00:01.0: nv_msi_ht_cap_quirk didn't locate host bridge
[   19.715430] pcieport 0000:00:02.0: nv_msi_ht_cap_quirk didn't locate host bridge
[   19.733730] PM: noirq resume of devices complete after 19.044 msecs
[   19.734816] PM: early resume of devices complete after 0.764 msecs
[   19.764010] PM: resume of devices complete after 29.186 msecs
[   19.873706] Restarting tasks ... done.
root@(none):/# 
root@(none):/# [   20.056204] ata1: SATA link down (SStatus 0 SControl 300)
rtcwake -d rtc1 -m mem -s 3
rtcwake: assuming RTC uses UTC ...
rtcwake: wakeup from "mem" using /dev/rtc1 at Thu Jan  1 00:01:03 1970
[   21.182311] PM: Syncing filesystems ... done.
[   21.205297] Freezing user space processes ... (elapsed 0.001 seconds) done.
[   21.213963] Freezing remaining freezable tasks ... (elapsed 0.001 seconds) done.
[   21.223101] Suspending console(s) (use no_console_suspend to debug)
[   21.301517] PM: suspend of devices complete after 69.454 msecs
[   21.311509] PM: late suspend of devices complete after 9.955 msecs
[   21.333927] PM: noirq suspend of devices complete after 22.389 msecs
[   21.333937] Disabling non-boot CPUs ...
[   21.334384] span: 0,2-3 (max cpu_capacity = 1024)
[   21.336350] CPU1: shutdown
[   21.369508] span: 0,3 (max cpu_capacity = 1024)
[   21.371345] CPU2: shutdown
[   21.393488] span: 0 (max cpu_capacity = 1024)
[   21.395338] CPU3: shutdown
[   21.417283] Entering suspend state LP1
[   21.417283] Suspended for 3.244 seconds
[   21.417295] Enabling non-boot CPUs ...
[   21.429424] span: 0-1 (max cpu_capacity = 1024)
[   21.429476] CPU1 is up
[   21.449456] span: 0-2 (max cpu_capacity = 1024)
[   21.449504] CPU2 is up
[   21.469586] span: 0-3 (max cpu_capacity = 1024)
[   21.469639] CPU3 is up
[   21.470332] pcieport 0000:00:02.0: nv_msi_ht_cap_quirk didn't locate host bridge
[   21.470437] pcieport 0000:00:01.0: nv_msi_ht_cap_quirk didn't locate host bridge
[   21.488703] PM: noirq resume of devices complete after 19.059 msecs
[   21.490449] PM: early resume of devices complete after 1.422 msecs
[   21.518995] PM: resume of devices complete after 28.538 msecs
[   21.628634] Restarting tasks ... done.
root@(none):/# 
root@(none):/# [   21.811201] ata1: SATA link down (SStatus 0 SControl 300)
NVTB SYSTEM SUSPEND TEST COMPLETE
