
U-Boot SPL 2015.04-rc3-00209-ga74ef40 (Mar 16 2015 - 14:43:39)


U-Boot 2015.04-rc3-00209-ga74ef40 (Mar 16 2015 - 14:43:39)

TEGRA20
Model: Compulab TrimSlice board
DRAM:  1 GiB
MMC:   Tegra SD/MMC: 0, Tegra SD/MMC: 1
SF: Detected W25Q80BL with page size 256 Bytes, erase size 4 KiB, total 1 MiB
tegra-pcie: PCI regions:
tegra-pcie:   I/O: 0x82000000-0x82010000
tegra-pcie:   non-prefetchable memory: 0xa0000000-0xa8000000
tegra-pcie:   prefetchable memory: 0xa8000000-0xc0000000
tegra-pcie: dual-mode configuration
tegra-pcie: probing port 0, using 2 lanes
In:    serial
Out:   serial
Err:   serial
Net:   RTL8169#0
Hit any key to stop autoboot:  2  0 
Tegra20 (TrimSlice) # 
Tegra20 (TrimSlice) # usb reset
resetting USB...
USB0:   USB EHCI 1.00
scanning bus 0 for devices... 3 USB Device(s) found
USB1:   USB EHCI 1.00
scanning bus 1 for devices... 1 USB Device(s) found
USB2:   lowlevel init failed
       scanning usb for storage devices... 0 Storage Device(s) found
       scanning usb for ethernet devices... 
Warning: asx0 using MAC address from net device
1 Ethernet Device(s) found
Tegra20 (TrimSlice) # setenv bootargs 'ignore_loglevel console=ttyS0,115200n8 rw root=PARTUUID=11eb23c1-01 rootwait gpt debug noinitrd earlyprintk init=/bin/bash'
Tegra20 (TrimSlice) # setenv ipaddr 192.168.100.103; setenv serverip 192.168.100.1; setenv tftpserverip 192.168.100.1
Tegra20 (TrimSlice) # tftpboot 0x00408000 zImage.multi_v7_defconfig
Using RTL8169#0 device
TFTP from server 192.168.100.1; our IP address is 192.168.100.103
Filename 'zImage.multi_v7_defconfig'.
Load address: 0x408000
Loading: *#################################################################
	 #################################################################
	 #################################################################
	 #################################################################
	 #################################################################
	 #################################################################
	 #################################################################
	 ############################
	 913.1 KiB/s
done
Bytes transferred = 7079112 (6c04c8 hex)
Tegra20 (TrimSlice) # tftpboot 0x02408000 tegra20-trimslice.dtb
Using RTL8169#0 device
TFTP from server 192.168.100.1; our IP address is 192.168.100.103
Filename 'tegra20-trimslice.dtb'.
Load address: 0x2408000
Loading: *##
	 898.4 KiB/s
done
Bytes transferred = 21172 (52b4 hex)
Tegra20 (TrimSlice) # bootz 0x00408000 - 0x02408000
Kernel image @ 0x408000 [ 0x000000 - 0x6c04c8 ]
## Flattened Device Tree blob at 02408000
   Booting using the fdt blob at 0x2408000
   Using Device Tree in place at 02408000, end 024102b3

Starting kernel ...

[    0.000000] Booting Linux on physical CPU 0x0
[    0.000000] Linux version 4.6.0-next-20160518-94993-g621a2a0 (pwalmsley@sellafield) (gcc version 4.7.3 20130328 (prerelease) (crosstool-NG linaro-1.13.1-4.7-2013.04-20130415 - Linaro GCC 2013.04) ) #1 SMP Tue May 17 22:04:51 PDT 2016
[    0.000000] CPU: ARMv7 Processor [411fc090] revision 0 (ARMv7), cr=10c5387d
[    0.000000] CPU: PIPT / VIPT nonaliasing data cache, VIPT aliasing instruction cache
[    0.000000] Machine model: Compulab TrimSlice board
[    0.000000] debug: ignoring loglevel setting.
[    0.000000] cma: Reserved 64 MiB at 0x3c000000
[    0.000000] Memory policy: Data cache writealloc
[    0.000000] On node 0 totalpages: 262144
[    0.000000] free_area_init_node: node 0, pgdat c141bb40, node_mem_map ef7f8000
[    0.000000]   DMA zone: 1536 pages used for memmap
[    0.000000]   DMA zone: 0 pages reserved
[    0.000000]   DMA zone: 196608 pages, LIFO batch:31
[    0.000000]   HighMem zone: 65536 pages, LIFO batch:15
[    0.000000] percpu: Embedded 13 pages/cpu @ef7c9000 s23808 r8192 d21248 u53248
[    0.000000] pcpu-alloc: s23808 r8192 d21248 u53248 alloc=13*4096
[    0.000000] pcpu-alloc: [0] 0 [0] 1 
[    0.000000] Built 1 zonelists in Zone order, mobility grouping on.  Total pages: 260608
[    0.000000] Kernel command line: ignore_loglevel console=ttyS0,115200n8 rw root=PARTUUID=11eb23c1-01 rootwait gpt debug noinitrd earlyprintk init=/bin/bash
[    0.000000] PID hash table entries: 4096 (order: 2, 16384 bytes)
[    0.000000] Dentry cache hash table entries: 131072 (order: 7, 524288 bytes)
[    0.000000] Inode-cache hash table entries: 65536 (order: 6, 262144 bytes)
[    0.000000] Memory: 955932K/1048576K available (9529K kernel code, 1142K rwdata, 4216K rodata, 2048K init, 343K bss, 27108K reserved, 65536K cma-reserved, 196608K highmem)
[    0.000000] Virtual kernel memory layout:
[    0.000000]     vector  : 0xffff0000 - 0xffff1000   (   4 kB)
[    0.000000]     fixmap  : 0xffc00000 - 0xfff00000   (3072 kB)
[    0.000000]     vmalloc : 0xf0800000 - 0xff800000   ( 240 MB)
[    0.000000]     lowmem  : 0xc0000000 - 0xf0000000   ( 768 MB)
[    0.000000]     pkmap   : 0xbfe00000 - 0xc0000000   (   2 MB)
[    0.000000]     modules : 0xbf000000 - 0xbfe00000   (  14 MB)
[    0.000000]       .text : 0xc0208000 - 0xc106c538   (14738 kB)
[    0.000000]       .init : 0xc1100000 - 0xc1300000   (2048 kB)
[    0.000000]       .data : 0xc1300000 - 0xc141dba0   (1143 kB)
[    0.000000]        .bss : 0xc141f000 - 0xc1474ca0   ( 344 kB)
[    0.000000] SLUB: HWalign=64, Order=0-3, MinObjects=0, CPUs=2, Nodes=1
[    0.000000] Hierarchical RCU implementation.
[    0.000000] 	Build-time adjustment of leaf fanout to 32.
[    0.000000] 	RCU restricting CPUs from NR_CPUS=16 to nr_cpu_ids=2.
[    0.000000] RCU: Adjusting geometry for rcu_fanout_leaf=32, nr_cpu_ids=2
[    0.000000] NR_IRQS:16 nr_irqs:16 16
[    0.000000] /interrupt-controller@60004000: 128 interrupts forwarded to /interrupt-controller@50041000
[    0.000000] L2C: platform modifies aux control register: 0x02080000 -> 0x3e480001
[    0.000000] L2C: DT/platform modifies aux control register: 0x02080000 -> 0x3e480001
[    0.000000] L2C-310 errata 727915 769419 enabled
[    0.000000] L2C-310 enabling early BRESP for Cortex-A9
[    0.000000] L2C-310: enabling full line of zeros but not enabled in Cortex-A9
[    0.000000] L2C-310 ID prefetch enabled, offset 1 lines
[    0.000000] L2C-310 cache controller enabled, 8 ways, 1024 kB
[    0.000000] L2C-310: CACHE_ID 0x410000c4, AUX_CTRL 0x7e480001
[    0.000010] sched_clock: 32 bits at 1000kHz, resolution 1000ns, wraps every 2147483647500ns
[    0.000027] clocksource: timer_us: mask: 0xffffffff max_cycles: 0xffffffff, max_idle_ns: 1911260446275 ns
[    0.000037] Switching to timer-based delay loop, resolution 1000ns
[    0.000833] Console: colour dummy device 80x30
[    0.000855] Calibrating delay loop (skipped), value calculated using timer frequency.. 2.00 BogoMIPS (lpj=5000)
[    0.000865] pid_max: default: 32768 minimum: 301
[    0.000940] Mount-cache hash table entries: 2048 (order: 1, 8192 bytes)
[    0.000949] Mountpoint-cache hash table entries: 2048 (order: 1, 8192 bytes)
[    0.001434] CPU: Testing write buffer coherency: ok
[    0.001596] CPU0: thread -1, cpu 0, socket 0, mpidr 80000000
[    0.001619] Setting up static identity map for 0x300000 - 0x300098
[    0.003173] Tegra Revision: A03 prime SKU: 8 CPU Process: 1 SoC Process: 2
[    0.004084] CPU1: thread -1, cpu 1, socket 0, mpidr 80000001
[    0.004149] Brought up 2 CPUs
[    0.004161] SMP: Total of 2 processors activated (4.00 BogoMIPS).
[    0.004166] CPU: All CPU(s) started in SVC mode.
[    0.004817] devtmpfs: initialized
[    0.008772] VFP support v0.3: implementor 41 architecture 3 part 30 variant 9 rev 1
[    0.009083] clocksource: jiffies: mask: 0xffffffff max_cycles: 0xffffffff, max_idle_ns: 9556302231375000 ns
[    0.012028] pinctrl core: initialized pinctrl subsystem
[    0.013202] NET: Registered protocol family 16
[    0.015343] DMA: preallocated 256 KiB pool for atomic coherent allocations
[    0.030508] cpuidle: using governor menu
[    0.042741] No ATAGs?
[    0.042762] hw-breakpoint: found 5 (+1 reserved) breakpoint and 1 watchpoint registers.
[    0.042770] hw-breakpoint: maximum watchpoint size is 4 bytes.
[    0.046288] Serial: AMBA PL011 UART driver
[    0.073813] usb1_vbus: Failed to request enable GPIO170: -517
[    0.073827] reg-fixed-voltage regulators:regulator@2: Failed to register regulator: -517
[    0.077626] vgaarb: loaded
[    0.078215] SCSI subsystem initialized
[    0.078332] libata version 3.00 loaded.
[    0.078530] usbcore: registered new interface driver usbfs
[    0.078578] usbcore: registered new interface driver hub
[    0.078618] usbcore: registered new device driver usb
[    0.080812] pps_core: LinuxPPS API ver. 1 registered
[    0.080819] pps_core: Software ver. 5.3.6 - Copyright 2005-2007 Rodolfo Giometti <giometti@linux.it>
[    0.080836] PTP clock support registered
[    0.080981] EDAC MC: Ver: 3.0.0
[    0.082775] clocksource: Switched to clocksource timer_us
[    0.090572] NET: Registered protocol family 2
[    0.091016] TCP established hash table entries: 8192 (order: 3, 32768 bytes)
[    0.091091] TCP bind hash table entries: 8192 (order: 4, 65536 bytes)
[    0.091205] TCP: Hash tables configured (established 8192 bind 8192)
[    0.091292] UDP hash table entries: 512 (order: 2, 16384 bytes)
[    0.091338] UDP-Lite hash table entries: 512 (order: 2, 16384 bytes)
[    0.091476] NET: Registered protocol family 1
[    0.091697] RPC: Registered named UNIX socket transport module.
[    0.091705] RPC: Registered udp transport module.
[    0.091710] RPC: Registered tcp transport module.
[    0.091715] RPC: Registered tcp NFSv4.1 backchannel transport module.
[    0.091724] PCI: CLS 0 bytes, default 64
[    0.092390] hw perfevents: enabled with armv7_cortex_a9 PMU driver, 7 counters available
[    0.093520] futex hash table entries: 512 (order: 3, 32768 bytes)
[    0.094087] workingset: timestamp_bits=28 max_order=18 bucket_order=0
[    0.101807] squashfs: version 4.0 (2009/01/31) Phillip Lougher
[    0.102408] NFS: Registering the id_resolver key type
[    0.102436] Key type id_resolver registered
[    0.102442] Key type id_legacy registered
[    0.102474] ntfs: driver 2.1.32 [Flags: R/O].
[    0.103441] bounce: pool size: 64 pages
[    0.103598] Block layer SCSI generic (bsg) driver version 0.4 loaded (major 248)
[    0.103607] io scheduler noop registered
[    0.103613] io scheduler deadline registered
[    0.103638] io scheduler cfq registered (default)
[    0.115120] tegra-pcie 80003000.pcie-controller: dual-mode configuration
[    0.115824] tegra-pcie 80003000.pcie-controller: probing port 0, using 2 lanes
[    0.198227] tegra-pcie 80003000.pcie-controller: PCI host bridge to bus 0000:00
[    0.198239] pci_bus 0000:00: root bus resource [io  0x0000-0xffff]
[    0.198248] pci_bus 0000:00: root bus resource [mem 0xa0000000-0xa7ffffff]
[    0.198257] pci_bus 0000:00: root bus resource [mem 0xa8000000-0xbfffffff pref]
[    0.198265] pci_bus 0000:00: root bus resource [bus 00-ff]
[    0.198299] pci 0000:00:01.0: [10de:0bf0] type 01 class 0x060000
[    0.198358] pci 0000:00:01.0: PME# supported from D0 D1 D2 D3hot D3cold
[    0.198556] PCI: bus0: Fast back to back transfers disabled
[    0.198568] pci 0000:00:01.0: bridge configuration invalid ([bus 00-00]), reconfiguring
[    0.198696] pci 0000:01:00.0: [10ec:8168] type 00 class 0x020000
[    0.198719] pci 0000:01:00.0: reg 0x10: [io  0x0000-0x00ff]
[    0.198740] pci 0000:01:00.0: reg 0x18: [mem 0x00000000-0x00000fff 64bit pref]
[    0.198757] pci 0000:01:00.0: reg 0x20: [mem 0x00000000-0x00003fff 64bit pref]
[    0.198769] pci 0000:01:00.0: reg 0x30: [mem 0x00000000-0x0001ffff pref]
[    0.198845] pci 0000:01:00.0: supports D1 D2
[    0.198853] pci 0000:01:00.0: PME# supported from D0 D1 D2 D3hot D3cold
[    0.207809] PCI: bus1: Fast back to back transfers disabled
[    0.207822] pci_bus 0000:01: busn_res: [bus 01-ff] end is updated to 01
[    0.207833] Disabling cpuidle LP2 state, since PCIe IRQs are in use
[    0.207902] pci 0000:00:01.0: BAR 8: assigned [mem 0xa0000000-0xa00fffff]
[    0.207914] pci 0000:00:01.0: BAR 9: assigned [mem 0xa8000000-0xa80fffff 64bit pref]
[    0.207924] pci 0000:00:01.0: BAR 7: assigned [io  0x1000-0x1fff]
[    0.207936] pci 0000:01:00.0: BAR 6: assigned [mem 0xa0000000-0xa001ffff pref]
[    0.207946] pci 0000:01:00.0: BAR 4: assigned [mem 0xa8000000-0xa8003fff 64bit pref]
[    0.207963] pci 0000:01:00.0: BAR 2: assigned [mem 0xa8004000-0xa8004fff 64bit pref]
[    0.207979] pci 0000:01:00.0: BAR 0: assigned [io  0x1000-0x10ff]
[    0.207989] pci 0000:00:01.0: PCI bridge to [bus 01]
[    0.207997] pci 0000:00:01.0:   bridge window [io  0x1000-0x1fff]
[    0.208006] pci 0000:00:01.0:   bridge window [mem 0xa0000000-0xa00fffff]
[    0.208014] pci 0000:00:01.0:   bridge window [mem 0xa8000000-0xa80fffff 64bit pref]
[    0.208034] pci 0000:00:01.0: nv_msi_ht_cap_quirk didn't locate host bridge
[    0.208102] pcieport 0000:00:01.0: enabling device (0140 -> 0143)
[    0.208252] pcieport 0000:00:01.0: Signaling PME through PCIe PME interrupt
[    0.208261] pci 0000:01:00.0: Signaling PME through PCIe PME interrupt
[    0.208270] pcie_pme 0000:00:01.0:pcie001: service driver pcie_pme loaded
[    0.212133] tegra-apbdma 6000a000.dma: Tegra20 APB DMA driver register 16 channels
[    0.258359] Serial: 8250/16550 driver, 4 ports, IRQ sharing disabled
[    0.260744] console [ttyS0] disabled
[    0.260773] 70006000.serial: ttyS0 at MMIO 0x70006000 (irq = 33, base_baud = 13500000) is a Tegra
[    1.205280] console [ttyS0] enabled
[    1.209382] SuperH (H)SCI(F) driver initialized
[    1.214689] msm_serial: driver initialized
[    1.218942] STMicroelectronics ASC driver initialized
[    1.226709] [drm] Initialized drm 1.1.0 20060810
[    1.233782] 54280000.hdmi supply hdmi not found, using dummy regulator
[    1.243513] [drm] Supports vblank timestamp caching Rev 2 (21.10.2013).
[    1.250123] [drm] No driver support for vblank timestamp query.
[    1.256059] drm drm: No connectors reported connected with modes
[    1.262064] [drm] Cannot find any crtc or sizes - going 1024x768
[    1.284111] Console: switching to colour frame buffer device 128x48
[    1.298795] drm drm: fb0:  frame buffer device
[    1.317783] [drm] Initialized tegra 0.0.0 20120330 on minor 0
[    1.332232] brd: module loaded
[    1.339578] loop: module loaded
[    1.348273] m25p80 spi32766.0: found s25fl008k, expected w25q80bl
[    1.354380] m25p80 spi32766.0: s25fl008k (1024 Kbytes)
[    1.361918] libphy: Fixed MDIO Bus: probed
[    1.366552] CAN device driver interface
[    1.371861] igb: Intel(R) Gigabit Ethernet Network Driver - version 5.3.0-k
[    1.378821] igb: Copyright (c) 2007-2014 Intel Corporation.
[    1.384934] r8169 Gigabit Ethernet driver 2.3LK-NAPI loaded
[    1.390531] r8169 0000:01:00.0: enabling device (0140 -> 0143)
[    1.397123] r8169 0000:01:00.0 eth0: RTL8168d/8111d at 0xf0878000, 00:01:c0:13:7d:63, XID 081000c0 IRQ 296
[    1.406779] r8169 0000:01:00.0 eth0: jumbo features [frames: 9200 bytes, tx checksumming: ko]
[    1.417273] pegasus: v0.9.3 (2013/04/25), Pegasus/Pegasus II USB Ethernet driver
[    1.424728] usbcore: registered new interface driver pegasus
[    1.430432] usbcore: registered new interface driver asix
[    1.435865] usbcore: registered new interface driver ax88179_178a
[    1.441992] usbcore: registered new interface driver cdc_ether
[    1.447874] usbcore: registered new interface driver smsc75xx
[    1.453665] usbcore: registered new interface driver smsc95xx
[    1.459450] usbcore: registered new interface driver net1080
[    1.465140] usbcore: registered new interface driver cdc_subset
[    1.471090] usbcore: registered new interface driver zaurus
[    1.476723] usbcore: registered new interface driver cdc_ncm
[    1.482525] tegra-phy c5008000.usb-phy: no vbus regulator
[    1.489035] tegra-phy c5004000.usb-phy: no vbus regulator
[    1.496011] ehci_hcd: USB 2.0 'Enhanced' Host Controller (EHCI) Driver
[    1.502542] ehci-pci: EHCI PCI platform driver
[    1.507024] ehci-platform: EHCI generic platform driver
[    1.512420] ehci-omap: OMAP-EHCI Host Controller driver
[    1.517755] ehci-orion: EHCI orion driver
[    1.521873] SPEAr-ehci: EHCI SPEAr driver
[    1.525996] ehci-st: EHCI STMicroelectronics driver
[    1.530984] ehci-exynos: EHCI EXYNOS driver
[    1.535293] ehci-atmel: EHCI Atmel driver
[    1.539411] tegra-ehci: Tegra EHCI driver
[    1.543556] ------------[ cut here ]------------
[    1.548189] WARNING: CPU: 0 PID: 1 at drivers/reset/core.c:187 __of_reset_control_get+0x1bc/0x228
[    1.557050] Modules linked in:
[    1.560113] CPU: 0 PID: 1 Comm: swapper/0 Not tainted 4.6.0-next-20160518-94993-g621a2a0 #1
[    1.568442] Hardware name: NVIDIA Tegra SoC (Flattened Device Tree)
[    1.574719] [<c030f9d0>] (unwind_backtrace) from [<c030b0c8>] (show_stack+0x10/0x14)
[    1.582450] [<c030b0c8>] (show_stack) from [<c0585fc8>] (dump_stack+0x84/0xa4)
[    1.589663] [<c0585fc8>] (dump_stack) from [<c0341b6c>] (__warn+0xd4/0x100)
[    1.596612] [<c0341b6c>] (__warn) from [<c0341bb8>] (warn_slowpath_null+0x20/0x28)
[    1.604167] [<c0341bb8>] (warn_slowpath_null) from [<c06a0494>] (__of_reset_control_get+0x1bc/0x228)
[    1.613287] [<c06a0494>] (__of_reset_control_get) from [<c0911eb8>] (tegra_ehci_probe+0x2d0/0x51c)
[    1.622230] [<c0911eb8>] (tegra_ehci_probe) from [<c0778f9c>] (platform_drv_probe+0x50/0xb0)
[    1.630659] [<c0778f9c>] (platform_drv_probe) from [<c0777900>] (driver_probe_device+0x1f4/0x2b0)
[    1.639514] [<c0777900>] (driver_probe_device) from [<c0777a68>] (__driver_attach+0xac/0xb0)
[    1.647935] [<c0777a68>] (__driver_attach) from [<c0775f14>] (bus_for_each_dev+0x54/0x88)
[    1.656096] [<c0775f14>] (bus_for_each_dev) from [<c0776ef4>] (bus_add_driver+0xe8/0x1f4)
[    1.664258] [<c0776ef4>] (bus_add_driver) from [<c0778284>] (driver_register+0x78/0xf4)
[    1.672245] [<c0778284>] (driver_register) from [<c0301e7c>] (do_one_initcall+0x3c/0x16c)
[    1.680411] [<c0301e7c>] (do_one_initcall) from [<c1100d80>] (kernel_init_freeable+0x120/0x1ec)
[    1.689102] [<c1100d80>] (kernel_init_freeable) from [<c0b5bc84>] (kernel_init+0x8/0x118)
[    1.697266] [<c0b5bc84>] (kernel_init) from [<c0307fb8>] (ret_from_fork+0x14/0x3c)
[    1.704846] ---[ end trace 4cd109e5fddbd80c ]---
[    1.709466] tegra-ehci c5008000.usb: can't get utmi-pads reset from the PHY
[    1.716422] tegra-ehci c5008000.usb: continuing, but please update your DT
[    1.725871] tegra-ehci c5008000.usb: EHCI Host Controller
[    1.731290] tegra-ehci c5008000.usb: new USB bus registered, assigned bus number 1
[    1.739160] tegra-ehci c5008000.usb: irq 22, io mem 0xc5008000
[    1.752793] tegra-ehci c5008000.usb: USB 2.0 started, EHCI 1.00
[    1.759337] hub 1-0:1.0: USB hub found
[    1.763124] hub 1-0:1.0: 1 port detected
[    1.783981] ulpi_phy_power_on: ulpi write failed
[    1.788602] tegra-ehci c5004000.usb: Failed to power on the phy
[    1.794537] tegra-ehci: probe of c5004000.usb failed with error -110
[    1.801064] ohci_hcd: USB 1.1 'Open' Host Controller (OHCI) Driver
[    1.807252] ohci-pci: OHCI PCI platform driver
[    1.811742] ohci-platform: OHCI generic platform driver
[    1.817125] ohci-omap3: OHCI OMAP3 driver
[    1.821244] SPEAr-ohci: OHCI SPEAr driver
[    1.825364] ohci-st: OHCI STMicroelectronics driver
[    1.830348] ohci-atmel: OHCI Atmel driver
[    1.834963] usbcore: registered new interface driver usb-storage
[    1.842212] mousedev: PS/2 mouse device common for all mice
[    1.849688] rtc-em3027 0-0056: rtc core: registered rtc-em3027 as rtc0
[    1.857390] tegra_rtc 7000e000.rtc: rtc core: registered 7000e000.rtc as rtc1
[    1.864554] tegra_rtc 7000e000.rtc: Tegra internal Real Time Clock
[    1.871135] i2c /dev entries driver
[    1.883788] sdhci: Secure Digital Host Controller Interface driver
[    1.889979] sdhci: Copyright(c) Pierre Ossman
[    1.895533] Synopsys Designware Multimedia Card Interface Driver
[    1.902381] sdhci-pltfm: SDHCI platform and OF driver helper
[    1.908596] sdhci-tegra c8000600.sdhci: Got CD GPIO
[    1.913499] sdhci-tegra c8000600.sdhci: Got WP GPIO
[    1.918577] mmc0: Invalid maximum block size, assuming 512 bytes
[    1.952882] mmc0: SDHCI controller on c8000600.sdhci [c8000600.sdhci] using ADMA
[    1.960543] mmc1: Invalid maximum block size, assuming 512 bytes
[    1.992788] mmc1: SDHCI controller on c8000000.sdhci [c8000000.sdhci] using ADMA
[    2.001514] ledtrig-cpu: registered to indicate activity on CPUs
[    2.007915] usbcore: registered new interface driver usbhid
[    2.013488] usbhid: USB HID core driver
[    2.021777] NET: Registered protocol family 10
[    2.026944] sit: IPv6 over IPv4 tunneling driver
[    2.032045] NET: Registered protocol family 17
[    2.036503] can: controller area network core (rev 20120528 abi 9)
[    2.042726] NET: Registered protocol family 29
[    2.047171] can: raw protocol (rev 20120528)
[    2.051441] can: broadcast manager protocol (rev 20120528 t)
[    2.057099] can: netlink gateway (rev 20130117) max_hops=1
[    2.062915] Key type dns_resolver registered
[    2.067529] ThumbEE CPU extension supported.
[    2.071813] Registering SWP/SWPB emulation handler
[    2.078756] usb 1-1: new high-speed USB device number 2 using tegra-ehci
[    2.082586] utmi_phy_clk_enable: timeout waiting for phy to stabilize
[    2.082615] tegra-ehci c5000000.usb: EHCI Host Controller
[    2.082637] tegra-ehci c5000000.usb: new USB bus registered, assigned bus number 2
[    2.082981] tegra-ehci c5000000.usb: irq 24, io mem 0xc5000000
[    2.087802] tegra-ehci c5000000.usb: USB 2.0 started, EHCI 1.00
[    2.088409] hub 2-0:1.0: USB hub found
[    2.088438] hub 2-0:1.0: 1 port detected
[    2.094832] input: gpio-keys as /devices/soc0/gpio-keys/input/input0
[    2.095420] rtc-em3027 0-0056: hctosys: unable to read the hardware clock
[    2.140197] Waiting for root device PARTUUID=11eb23c1-01...
[    2.154552] mmc0: new high speed SD card at address b368
[    2.160256] mmcblk0: mmc0:b368 NCard 1.83 GiB (ro)
[    2.167481]  mmcblk0: p1 p2
[    2.259889] mmc1: host does not support reading read-only switch, assuming write-enable
[    2.269103] hub 1-1:1.0: USB hub found
[    2.272986] mmc1: new high speed SDHC card at address b368
[    2.278722] hub 1-1:1.0: 4 ports detected
[    2.282952] mmcblk1: mmc1:b368 NCard 3.70 GiB 
[    2.289424]  mmcblk1: p1
[    2.353558] EXT4-fs (mmcblk1p1): mounting ext3 file system using the ext4 subsystem
[    2.572864] usb 1-1.2: new high-speed USB device number 3 using tegra-ehci
[    3.491178] asix 1-1.2:1.0 eth1: register 'asix' at usb-c5008000.usb-1.2, ASIX AX88772 USB 2.0 Ethernet, 00:60:6e:60:6c:68
[    3.695026] EXT4-fs (mmcblk1p1): recovery complete
[    3.775876] EXT4-fs (mmcblk1p1): mounted filesystem with ordered data mode. Opts: (null)
[    3.784136] VFS: Mounted root (ext3 filesystem) on device 179:17.
[    3.800700] devtmpfs: mounted
[    3.808671] Freeing unused kernel memory: 2048K (c1100000 - c1300000)
bash: cannot set terminal process group (-1): Inappropriate ioctl for device
bash: no job control in this shell
root@(none):/# 