

U-Boot 2011.03 (Jun 11 2013 - 06:07:37)

T114
Board: NVIDIA Dalmore
DRAM:  2 GiB
MMC:   Tegra2 SD/MMC: 0, Tegra2 SD/MMC: 1
In:    serial
Out:   serial
Err:   serial
Net:   Net Initialization Skipped
No ethernet found.
Hit any key to stop autoboot:  2  1  0 
Dalmore #
Dalmore #usb reset
(Re)start USB...
USB:   Register 10011 NbrPorts 1
USB EHCI 1.10
scanning bus for devices... 2 USB Device(s) found
       scanning bus for storage devices... 0 Storage Device(s) found
       scanning bus for ethernet devices... 1 Ethernet Device(s) found
Dalmore #setenv bootargs 'ignore_loglevel console=ttyS0,115200n8 rw root=/dev/mmcblk0p1 rootwait gpt init=/bin/bash'
Dalmore #setenv ipaddr 192.168.100.100; setenv serverip 192.168.100.1; setenv tftpserverip 192.168.100.1
Dalmore #tftpboot 0x81000000 zImage.tegra_defconfig
Waiting for Ethernet connection... done.
Using asx0 device
TFTP from server 192.168.100.1; our IP address is 192.168.100.100
Filename 'zImage.tegra_defconfig'.
Load address: 0x81000000
Loading: *#################################################  2.8 MiB/s
done
Bytes transferred = 4460400 (440f70 hex)
Dalmore #tftpboot 0x82000000 tegra114-dalmore.dtb
Using asx0 device
TFTP from server 192.168.100.1; our IP address is 192.168.100.100
Filename 'tegra114-dalmore.dtb'.
Load address: 0x82000000
Loading: *#################################################  2.5 MiB/s
done
Bytes transferred = 29073 (7191 hex)
Dalmore #bootz 0x81000000 - 0x82000000
## Flattened Device Tree blob at 82000000
   Booting using the fdt blob at 0x82000000
   Loading Device Tree to 81ff5000, end 81fff190 ... OK

Starting kernel ...

Timer summary in microseconds:
       Mark    Elapsed  Stage
          0          0  awake
  2,988,319  2,988,319  usb_start
  6,991,363  4,003,044  eth_start
  6,991,361         -2  tftp start
 10,951,946  3,960,585  tftp done
 13,003,419  2,051,473  start_kernel
[    0.000000] Booting Linux on physical CPU 0x0
[    0.000000] Initializing cgroup subsys cpu
[    0.000000] Initializing cgroup subsys cpuacct
[    0.000000] Linux version 3.11.0-rc6-next-20130822-07857-g245f086 (pwalmsley@tamien) (gcc version 4.5.1 (Sourcery G++ Lite 2010.09-50) ) #1 SMP PREEMPT Thu Aug 22 01:18:15 PDT 2013
[    0.000000] CPU: ARMv7 Processor [412fc0f2] revision 2 (ARMv7), cr=10c5387d
[    0.000000] CPU: PIPT / VIPT nonaliasing data cache, PIPT instruction cache
[    0.000000] Machine: NVIDIA Tegra SoC (Flattened Device Tree), model: NVIDIA Tegra114 Dalmore evaluation board
[    0.000000] debug: ignoring loglevel setting.
[    0.000000] Memory policy: ECC disabled, Data cache writealloc
[    0.000000] On node 0 totalpages: 524032
[    0.000000] free_area_init_node: node 0, pgdat c0840e40, node_mem_map c0899000
[    0.000000]   Normal zone: 1520 pages used for memmap
[    0.000000]   Normal zone: 0 pages reserved
[    0.000000]   Normal zone: 194560 pages, LIFO batch:31
[    0.000000]   HighMem zone: 2574 pages used for memmap
[    0.000000]   HighMem zone: 329472 pages, LIFO batch:31
[    0.000000] Tegra Revision: A01 SKU: 0 CPU Process: 1 Core Process: 1
[    0.000000] PERCPU: Embedded 8 pages/cpu @c18b1000 s9152 r8192 d15424 u32768
[    0.000000] pcpu-alloc: s9152 r8192 d15424 u32768 alloc=8*4096
[    0.000000] pcpu-alloc: [0] 0 [0] 1 [0] 2 [0] 3 
[    0.000000] Built 1 zonelists in Zone order, mobility grouping on.  Total pages: 522512
[    0.000000] Kernel command line: ignore_loglevel console=ttyS0,115200n8 rw root=/dev/mmcblk0p1 rootwait gpt init=/bin/bash
[    0.000000] PID hash table entries: 4096 (order: 2, 16384 bytes)
[    0.000000] Dentry cache hash table entries: 131072 (order: 7, 524288 bytes)
[    0.000000] Inode-cache hash table entries: 65536 (order: 6, 262144 bytes)
[    0.000000] Memory: 2069868K/2096128K available (6079K kernel code, 305K rwdata, 1796K rodata, 232K init, 342K bss, 26260K reserved, 1317888K highmem)
[    0.000000] Virtual kernel memory layout:
[    0.000000]     vector  : 0xffff0000 - 0xffff1000   (   4 kB)
[    0.000000]     fixmap  : 0xfff00000 - 0xfffe0000   ( 896 kB)
[    0.000000]     vmalloc : 0xf0000000 - 0xff000000   ( 240 MB)
[    0.000000]     lowmem  : 0xc0000000 - 0xef800000   ( 760 MB)
[    0.000000]     pkmap   : 0xbfe00000 - 0xc0000000   (   2 MB)
[    0.000000]     modules : 0xbf000000 - 0xbfe00000   (  14 MB)
[    0.000000]       .text : 0xc0008000 - 0xc07b90b0   (7877 kB)
[    0.000000]       .init : 0xc07ba000 - 0xc07f43c0   ( 233 kB)
[    0.000000]       .data : 0xc07f6000 - 0xc0842540   ( 306 kB)
[    0.000000]        .bss : 0xc084254c - 0xc0898078   ( 343 kB)
[    0.000000] Preemptible hierarchical RCU implementation.
[    0.000000] NR_IRQS:16 nr_irqs:16 16
[    0.000000] sched_clock: 32 bits at 1MHz, resolution 1000ns, wraps every 4294967ms
[    0.000000] Architected local timer running at 12.00MHz (virt).
[    0.000000] Switching to timer-based delay loop
[    0.000000] sched_clock: ARM arch timer >56 bits at 12000kHz, resolution 83ns
[    0.000000] Console: colour dummy device 80x30
[   13.008537] Calibrating delay loop (skipped), value calculated using timer frequency.. 24.00 BogoMIPS (lpj=120000)
[   13.008555] pid_max: default: 32768 minimum: 301
[   13.008991] Mount-cache hash table entries: 512
[   13.027293] Initializing cgroup subsys debug
[   13.027311] Initializing cgroup subsys freezer
[   13.027372] CPU: Testing write buffer coherency: ok
[   13.027713] /cpus/cpu@0 missing clock-frequency property
[   13.027726] /cpus/cpu@1 missing clock-frequency property
[   13.027736] /cpus/cpu@2 missing clock-frequency property
[   13.027745] /cpus/cpu@3 missing clock-frequency property
[   13.027760] CPU0: thread -1, cpu 0, socket 0, mpidr 80000000
[   13.027790] Setting up static identity map for 0xc05c8630 - 0xc05c86c8
[   13.078670] CPU1: Booted secondary processor
[   13.078700] CPU1: thread -1, cpu 1, socket 0, mpidr 80000001
[   13.098607] CPU2: Booted secondary processor
[   13.098633] CPU2: thread -1, cpu 2, socket 0, mpidr 80000002
[   13.118562] CPU3: Booted secondary processor
[   13.118586] CPU3: thread -1, cpu 3, socket 0, mpidr 80000003
[   13.118693] Brought up 4 CPUs
[   13.118723] SMP: Total of 4 processors activated (96.00 BogoMIPS).
[   13.118732] CPU: All CPU(s) started in SVC mode.
[   13.119757] devtmpfs: initialized
[   13.132683] VFP support v0.3: implementor 41 architecture 4 part 30 variant f rev 0
[   13.133054] pinctrl core: initialized pinctrl subsystem
[   13.133586] regulator-dummy: no parameters
[   13.134075] NET: Registered protocol family 16
[   13.134339] DMA: preallocated 256 KiB pool for atomic coherent allocations
[   13.135104] cpuidle: using governor ladder
[   13.135116] cpuidle: using governor menu
[   13.145699] No ATAGs?
[   13.145726] hw-breakpoint: found 5 (+1 reserved) breakpoint and 4 watchpoint registers.
[   13.145738] hw-breakpoint: maximum watchpoint size is 8 bytes.
[   13.156471] bio: create slab <bio-0> at 0
[   13.157919] vdd_ac_bat: 5000 mV 
[   13.158242] dvdd_ts: Failed to request enable GPIO61: -517
[   13.158399] reg-fixed-voltage 1.regulator: Failed to register regulator: -517
[   13.158424] platform 1.regulator: Driver reg-fixed-voltage requests probe deferral
[   13.158624] lcd_bl_en: Failed to request enable GPIO58: -517
[   13.158767] reg-fixed-voltage 2.regulator: Failed to register regulator: -517
[   13.158790] platform 2.regulator: Driver reg-fixed-voltage requests probe deferral
[   13.158987] usb1_vbus: Failed to request enable GPIO108: -517
[   13.159127] reg-fixed-voltage 3.regulator: Failed to register regulator: -517
[   13.159149] platform 3.regulator: Driver reg-fixed-voltage requests probe deferral
[   13.159345] usb2_vbus: Failed to request enable GPIO86: -517
[   13.159484] reg-fixed-voltage 4.regulator: Failed to register regulator: -517
[   13.159506] platform 4.regulator: Driver reg-fixed-voltage requests probe deferral
[   13.159700] vdd_hdmi_5v0: Failed to request enable GPIO81: -517
[   13.159839] reg-fixed-voltage 5.regulator: Failed to register regulator: -517
[   13.159860] platform 5.regulator: Driver reg-fixed-voltage requests probe deferral
[   13.159943] platform 6.regulator: Driver reg-fixed-voltage requests probe deferral
[   13.160959] vgaarb: loaded
[   13.162037] SCSI subsystem initialized
[   13.162416] usbcore: registered new interface driver usbfs
[   13.162506] usbcore: registered new interface driver hub
[   13.162668] usbcore: registered new device driver usb
[   13.166540] vdd-cpu: 500 <--> 1520 mV at 1100 mV 
[   13.167171] tps65090 1-0048: No cache defaults, reading back from HW
[   13.173578] vdd-sys-5v0: no parameters
[   13.173626] vdd-sys-5v0: supplied by vdd_ac_bat
[   13.175066] vdd-sys-3v3: no parameters
[   13.175115] vdd-sys-3v3: supplied by vdd_ac_bat
[   13.176550] vdd-ao: no parameters
[   13.176587] vdd-ao: supplied by vdd_ac_bat
[   13.176842] vdd-lcd-bl: no parameters
[   13.176877] vdd-lcd-bl: supplied by vdd_ac_bat
[   13.177133] TPS65090_RAILSFET2: no parameters
[   13.177169] TPS65090_RAILSFET2: supplied by vdd_ac_bat
[   13.177413] vdd-modem-3v3: no parameters
[   13.177446] vdd-modem-3v3: supplied by vdd-sys-3v3
[   13.177726] avdd-lcd: no parameters
[   13.177759] avdd-lcd: supplied by vdd-sys-3v3
[   13.178005] vdd-lvds: no parameters
[   13.178038] vdd-lvds: supplied by vdd-sys-3v3
[   13.178283] vdd-sd-slot: no parameters
[   13.178326] vdd-sd-slot: supplied by vdd-sys-3v3
[   13.178594] vdd-com-3v3: no parameters
[   13.178626] vdd-com-3v3: supplied by vdd-sys-3v3
[   13.178872] vdd-sby-5v0: no parameters
[   13.178905] vdd-sby-5v0: supplied by vdd_ac_bat
[   13.179154] vdd-sby-3v3: no parameters
[   13.179187] vdd-sby-3v3: supplied by vdd_ac_bat
[   13.179552] genirq: Setting trigger mode 8 for irq 118 failed (gic_set_type+0x0/0xf0)
[   13.179974] palmas 1-0058: Irq flag is 0x00000000
[   13.194241] palmas 1-0058: Muxing GPIO ff, PWM 0, LED 0
[   13.203203] vddio-ddr: 1350 mV 
[   13.204044] vddio-ddr: supplied by vdd-ao
[   13.210995] vddio-1v8: 1800 mV 
[   13.211846] vddio-1v8: supplied by vdd-ao
[   13.218778] vdd-core: 900 <--> 1400 mV at 1100 mV 
[   13.219617] vdd-core: supplied by vdd-sys-3v3
[   13.223821] SMPS6: no parameters
[   13.231514] avdd-pll: 1050 mV 
[   13.232354] avdd-pll: supplied by vdd-sys-3v3
[   13.240678] sdhci-vdd-sd-slot: 2800 mV 
[   13.241519] sdhci-vdd-sd-slot: supplied by vdd-sys-3v3
[   13.243348] SMPS10_OUT2: at 5000 mV 
[   13.245159] SMPS10_OUT1: at 5000 mV 
[   13.247781] avdd-cam1: 2800 mV 
[   13.248619] avdd-cam1: supplied by vdd-sys-3v3
[   13.252628] avdd-cam2: 2800 mV 
[   13.253464] avdd-cam2: supplied by vdd-sys-3v3
[   13.258242] avdd-dsi-csi: 1200 mV 
[   13.259080] avdd-dsi-csi: supplied by vddio-1v8
[   13.263881] vpp-fuse: 1800 mV 
[   13.264718] vpp-fuse: supplied by vdd-sys-3v3
[   13.267916] LDO5: at 1200 mV 
[   13.268760] LDO5: supplied by vdd_ac_bat
[   13.271401] vdd-sensor-2v85: 2850 mV 
[   13.272238] vdd-sensor-2v85: supplied by vdd-sys-3v3
[   13.276234] vdd-af-cam1: 2800 mV 
[   13.277073] vdd-af-cam1: supplied by vdd-sys-3v3
[   13.285169] vdd-rtc: 900 mV 
[   13.286005] vdd-rtc: supplied by vdd-ao
[   13.290007] vddio-sdmmc-2: 1800 <--> 3300 mV at 3300 mV 
[   13.290846] vddio-sdmmc-2: supplied by sdhci-vdd-sd-slot
[   13.295641] hvdd-usb: 3300 mV 
[   13.296478] hvdd-usb: supplied by vdd-sys-5v0
[   13.301258] avdd-usb: 3300 mV 
[   13.302094] avdd-usb: supplied by vdd-sys-5v0
[   13.305376] rail-3v3: no parameters
[   13.307748] rail-5v0: no parameters
[   13.309329] REGEN3: no parameters
[   13.309539] SYSEN1: no parameters
[   13.309726] SYSEN2: no parameters
[   13.310210] Linux video capture interface: v2.00
[   13.310903] platform 7000f010.iommu: Driver tegra-smmu requests probe deferral
[   13.311209] Advanced Linux Sound Architecture Driver Initialized.
[   13.311979] Bluetooth: Core ver 2.16
[   13.312050] NET: Registered protocol family 31
[   13.312059] Bluetooth: HCI device and connection manager initialized
[   13.312084] Bluetooth: HCI socket layer initialized
[   13.312107] Bluetooth: L2CAP socket layer initialized
[   13.312155] Bluetooth: SCO socket layer initialized
[   13.312871] cfg80211: Calling CRDA to update world regulatory domain
[   13.313976] Switched to clocksource arch_sys_counter
[   13.327989] NET: Registered protocol family 2
[   13.328909] TCP established hash table entries: 8192 (order: 4, 65536 bytes)
[   13.329108] TCP bind hash table entries: 8192 (order: 4, 65536 bytes)
[   13.329285] TCP: Hash tables configured (established 8192 bind 8192)
[   13.329733] TCP: reno registered
[   13.329750] UDP hash table entries: 512 (order: 2, 16384 bytes)
[   13.329792] UDP-Lite hash table entries: 512 (order: 2, 16384 bytes)
[   13.330213] NET: Registered protocol family 1
[   13.330927] RPC: Registered named UNIX socket transport module.
[   13.330940] RPC: Registered udp transport module.
[   13.330948] RPC: Registered tcp transport module.
[   13.330956] RPC: Registered tcp NFSv4.1 backchannel transport module.
[   13.330969] PCI: CLS 0 bytes, default 64
[   13.334718] bounce pool size: 64 pages
[   13.336384] squashfs: version 4.0 (2009/01/31) Phillip Lougher
[   13.337181] msgmni has been set to 1468
[   13.338766] io scheduler noop registered (default)
[   13.350425] tegra-apbdma 6000a000.dma: Tegra20 APB DMA driver register 32 channels
[   13.350975] Serial: 8250/16550 driver, 4 ports, IRQ sharing disabled
[   13.353066] 70006300.serial: ttyS0 at MMIO 0x70006300 (irq = 122, base_baud = 25500000) is a Tegra
[   14.377776] console [ttyS0] enabled
[   14.382136] [drm] Initialized drm 1.1.0 20060810
[   14.392464] loop: module loaded
[   14.398211] m25p80 spi32766.0: w25q32dw (4096 Kbytes)
[   14.405085] pegasus: v0.9.3 (2013/04/25), Pegasus/Pegasus II USB Ethernet driver
[   14.412548] usbcore: registered new interface driver pegasus
[   14.418262] usbcore: registered new interface driver asix
[   14.423719] usbcore: registered new interface driver ax88179_178a
[   14.429870] usbcore: registered new interface driver cdc_ether
[   14.435737] usbcore: registered new interface driver r815x
[   14.441297] usbcore: registered new interface driver smsc75xx
[   14.447096] usbcore: registered new interface driver smsc95xx
[   14.452889] usbcore: registered new interface driver net1080
[   14.458583] usbcore: registered new interface driver cdc_subset
[   14.464556] usbcore: registered new interface driver zaurus
[   14.470234] usbcore: registered new interface driver cdc_ncm
[   14.475900] ehci_hcd: USB 2.0 'Enhanced' Host Controller (EHCI) Driver
[   14.482406] ehci-pci: EHCI PCI platform driver
[   14.486892] tegra-ehci: Tegra EHCI driver
[   14.491097] platform 7d008000.usb: Driver tegra-ehci requests probe deferral
[   14.498385] usbcore: registered new interface driver cdc_acm
[   14.504028] cdc_acm: USB Abstract Control Model driver for USB modems and ISDN adapters
[   14.512066] usbcore: registered new interface driver cdc_wdm
[   14.517802] usbcore: registered new interface driver usb-storage
[   14.524022] platform 7d008000.usb-phy: Driver tegra-phy requests probe deferral
[   14.531874] mousedev: PS/2 mouse device common for all mice
[   14.549455] palmas-rtc rtc.7: rtc core: registered rtc.7 as rtc0
[   14.559803] tegra_rtc 7000e000.rtc: rtc core: registered 7000e000.rtc as rtc1
[   14.566940] tegra_rtc 7000e000.rtc: Tegra internal Real Time Clock
[   14.574502] sbs-battery 0-000b: sbs_probe: Failed to get device status
[   14.581025] sbs-battery: probe of 0-000b failed with error -121
[   14.590557] sdhci: Secure Digital Host Controller Interface driver
[   14.596702] sdhci: Copyright(c) Pierre Ossman
[   14.601050] sdhci-pltfm: SDHCI platform and OF driver helper
[   14.607092] sdhci-tegra 78000400.sdhci: Got CD GPIO #170.
[   14.613539] mmc0: no vqmmc regulator found
[   14.617621] mmc0: no vmmc regulator found
[   14.621623] mmc0: Invalid maximum block size, assuming 512 bytes
[   14.668558] mmc0: SDHCI controller on 78000400.sdhci [78000400.sdhci] using ADMA
[   14.678106] mmc1: no vqmmc regulator found
[   14.682206] mmc1: no vmmc regulator found
[   14.686193] mmc1: Invalid maximum block size, assuming 512 bytes
[   14.728314] mmc1: SDHCI controller on 78000600.sdhci [78000600.sdhci] using ADMA
[   14.736361] usbcore: registered new interface driver usbhid
[   14.743965] usbhid: USB HID core driver
[   14.860037] mmc1: BKOPS_EN bit is not set
[   14.890444] mmc1: new HS200 MMC card at address 0001
[   14.895964] mmcblk0: mmc1:0001 SEM32G 29.1 GiB 
[   14.900812] mmcblk0boot0: mmc1:0001 SEM32G partition 1 4.00 MiB
[   14.907017] mmcblk0boot1: mmc1:0001 SEM32G partition 2 4.00 MiB
[   14.913190] mmcblk0rpmb: mmc1:0001 SEM32G partition 3 4.00 MiB
[   14.921500] Primary GPT is invalid, using alternate GPT.
[   14.926805]  mmcblk0: p1 p2 p3 p4 p5
[   14.933721]  mmcblk0boot1: unknown partition table
[   14.940155]  mmcblk0boot0: unknown partition table
[   15.197519] tegra-snd-rt5640 sound.4:  rt5640-aif1 <-> 70080400.i2s mapping ok
[   15.206024] input: NVIDIA Tegra Dalmore Headphones as /devices/soc0/sound.4/sound/card0/input0
[   15.216232] TCP: cubic registered
[   15.219828] NET: Registered protocol family 10
[   15.225658] mip6: Mobile IPv6
[   15.228636] sit: IPv6 over IPv4 tunneling driver
[   15.235004] NET: Registered protocol family 17
[   15.239488] NET: Registered protocol family 15
[   15.244082] Bluetooth: RFCOMM socket layer initialized
[   15.249212] Bluetooth: RFCOMM ver 1.11
[   15.252940] Bluetooth: BNEP (Ethernet Emulation) ver 1.3
[   15.258248] Bluetooth: BNEP socket layer initialized
[   15.263185] Bluetooth: HIDP (Human Interface Emulation) ver 1.2
[   15.269098] Bluetooth: HIDP socket layer initialized
[   15.274641] Registering SWP/SWPB emulation handler
[   15.284064] hvdd-usb: disabling
[   15.289615] vdd-af-cam1: disabling
[   15.295684] vdd-sensor-2v85: disabling
[   15.301956] LDO5: disabling
[   15.307432] vpp-fuse: disabling
[   15.313064] avdd-cam2: disabling
[   15.318693] avdd-cam1: disabling
[   15.325688] vdd-com-3v3: disabling
[   15.329700] vdd-lvds: disabling
[   15.333418] avdd-lcd: disabling
[   15.337158] vdd-lcd-bl: disabling
[   15.341977] dvdd_ts: 1800 mV 
[   15.345373] lcd_bl_en: 5000 mV 
[   15.349074] usb1_vbus: 5000 mV 
[   15.352257] usb1_vbus: supplied by vdd-sys-5v0
[   15.357147] usb2_vbus: 5000 mV 
[   15.360302] usb2_vbus: supplied by vdd-sys-5v0
[   15.365070] vdd_hdmi_5v0: 5000 mV 
[   15.368498] vdd_hdmi_5v0: supplied by vdd-sys-5v0
[   15.375562] vdd_cam_1v8_reg: 1800 mV 
[   15.379760] platform 7d008000.usb: Driver tegra-ehci requests probe deferral
[   15.387533] tegra-ehci 7d008000.usb: EHCI Host Controller
[   15.392933] tegra-ehci 7d008000.usb: new USB bus registered, assigned bus number 1
[   15.400656] tegra-ehci 7d008000.usb: irq 129, io mem 0x7d008000
[   15.425639] tegra-ehci 7d008000.usb: USB 2.0 started, EHCI 1.10
[   15.432946] hub 1-0:1.0: USB hub found
[   15.436793] hub 1-0:1.0: 1 port detected
[   15.442389] input: gpio-keys.2 as /devices/soc0/gpio-keys.2/input/input1
[   15.453399] palmas-rtc rtc.7: setting system clock to 2000-01-16 15:25:34 UTC (948036334)
[   15.462134] ALSA device list:
[   15.465098]   #0: NVIDIA Tegra Dalmore
[   15.495973] kjournald starting.  Commit interval 5 seconds
[   15.502618] EXT3-fs (mmcblk0p1): using internal journal
[   15.507910] EXT3-fs (mmcblk0p1): recovery complete
[   15.512680] EXT3-fs (mmcblk0p1): mounted filesystem with writeback data mode
[   15.519780] VFS: Mounted root (ext3 filesystem) on device 179:1.
[   15.527731] devtmpfs: mounted
[   15.530987] Freeing unused kernel memory: 232K (c07ba000 - c07f4000)
bash: cannot set terminal process group (-1): Inappropriate ioctl for device
bash: no job control in this shell
I have no name!@(none):/# [   15.754412] usb 1-1: new high-speed USB device number 2 using tegra-ehci
