
U-Boot SPL 2015.04-rc3-00209-ga74ef40 (Mar 16 2015 - 14:43:39)


U-Boot 2015.04-rc3-00209-ga74ef40 (Mar 16 2015 - 14:43:39)

TEGRA20
Model: Compulab TrimSlice board
DRAM:  1 GiB
MMC:   Tegra SD/MMC: 0, Tegra SD/MMC: 1
SF: Detected W25Q80BL with page size 256 Bytes, erase size 4 KiB, total 1 MiB
tegra-pcie: PCI regions:
tegra-pcie:   I/O: 0x82000000-0x82010000
tegra-pcie:   non-prefetchable memory: 0xa0000000-0xa8000000
tegra-pcie:   prefetchable memory: 0xa8000000-0xc0000000
tegra-pcie: dual-mode configuration
tegra-pcie: probing port 0, using 2 lanes
In:    serial
Out:   serial
Err:   serial
Net:   RTL8169#0
Hit any key to stop autoboot:  2  0 
Tegra20 (TrimSlice) # 
Tegra20 (TrimSlice) # usb reset
resetting USB...
USB0:   USB EHCI 1.00
scanning bus 0 for devices... 3 USB Device(s) found
USB1:   USB EHCI 1.00
scanning bus 1 for devices... 1 USB Device(s) found
USB2:   lowlevel init failed
       scanning usb for storage devices... 0 Storage Device(s) found
       scanning usb for ethernet devices... 
Warning: asx0 using MAC address from net device
1 Ethernet Device(s) found
Tegra20 (TrimSlice) # setenv bootargs 'ignore_loglevel console=ttyS0,115200n8 rw root=PARTUUID=11eb23c1-01 rootwait gpt debug noinitrd earlyprintk init=/bin/bash'
Tegra20 (TrimSlice) # setenv ipaddr 192.168.100.103; setenv serverip 192.168.100.1; setenv tftpserverip 192.168.100.1
Tegra20 (TrimSlice) # tftpboot 0x00408000 zImage.multi_v7_defconfig
Using RTL8169#0 device
TFTP from server 192.168.100.1; our IP address is 192.168.100.103
Filename 'zImage.multi_v7_defconfig'.
Load address: 0x408000
Loading: *#################################################################
	 #################################################################
	 #################################################################
	 #################################################################
	 #################################################################
	 #################################################################
	 #################################################################
	 ######################################################
	 4.1 MiB/s
done
Bytes transferred = 7461680 (71db30 hex)
Tegra20 (TrimSlice) # tftpboot 0x02408000 tegra20-trimslice.dtb
Using RTL8169#0 device
TFTP from server 192.168.100.1; our IP address is 192.168.100.103
Filename 'tegra20-trimslice.dtb'.
Load address: 0x2408000
Loading: *##
	 4.1 MiB/s
done
Bytes transferred = 21404 (539c hex)
Tegra20 (TrimSlice) # bootz 0x00408000 - 0x02408000
Kernel image @ 0x408000 [ 0x000000 - 0x71db30 ]
## Flattened Device Tree blob at 02408000
   Booting using the fdt blob at 0x2408000
   Using Device Tree in place at 02408000, end 0241039b

Starting kernel ...

[    0.000000] Booting Linux on physical CPU 0x0
[    0.000000] Linux version 4.10.0-rc5-next-20170124-147837-g766074e (pwalmsley@sellafield) (gcc version 4.7.3 20130328 (prerelease) (crosstool-NG linaro-1.13.1-4.7-2013.04-20130415 - Linaro GCC 2013.04) ) #1 SMP Tue Jan 24 05:33:23 PST 2017
[    0.000000] CPU: ARMv7 Processor [411fc090] revision 0 (ARMv7), cr=10c5387d
[    0.000000] CPU: PIPT / VIPT nonaliasing data cache, VIPT aliasing instruction cache
[    0.000000] OF: fdt:Machine model: Compulab TrimSlice board
[    0.000000] debug: ignoring loglevel setting.
[    0.000000] efi: Getting EFI parameters from FDT:
[    0.000000] efi: UEFI not found.
[    0.000000] cma: Reserved 64 MiB at 0x3c000000
[    0.000000] Memory policy: Data cache writealloc
[    0.000000] On node 0 totalpages: 262144
[    0.000000] free_area_init_node: node 0, pgdat c1436cc0, node_mem_map ef7f8000
[    0.000000]   DMA zone: 1536 pages used for memmap
[    0.000000]   DMA zone: 0 pages reserved
[    0.000000]   DMA zone: 196608 pages, LIFO batch:31
[    0.000000]   HighMem zone: 65536 pages, LIFO batch:15
[    0.000000] percpu: Embedded 16 pages/cpu @ef7c6000 s34304 r8192 d23040 u65536
[    0.000000] pcpu-alloc: s34304 r8192 d23040 u65536 alloc=16*4096
[    0.000000] pcpu-alloc: [0] 0 [0] 1 
[    0.000000] Built 1 zonelists in Zone order, mobility grouping on.  Total pages: 260608
[    0.000000] Kernel command line: ignore_loglevel console=ttyS0,115200n8 rw root=PARTUUID=11eb23c1-01 rootwait gpt debug noinitrd earlyprintk init=/bin/bash
[    0.000000] PID hash table entries: 4096 (order: 2, 16384 bytes)
[    0.000000] Dentry cache hash table entries: 131072 (order: 7, 524288 bytes)
[    0.000000] Inode-cache hash table entries: 65536 (order: 6, 262144 bytes)
[    0.000000] Memory: 955624K/1048576K available (9216K kernel code, 1249K rwdata, 4176K rodata, 2048K init, 534K bss, 27416K reserved, 65536K cma-reserved, 196608K highmem)
[    0.000000] Virtual kernel memory layout:
[    0.000000]     vector  : 0xffff0000 - 0xffff1000   (   4 kB)
[    0.000000]     fixmap  : 0xffc00000 - 0xfff00000   (3072 kB)
[    0.000000]     vmalloc : 0xf0800000 - 0xff800000   ( 240 MB)
[    0.000000]     lowmem  : 0xc0000000 - 0xf0000000   ( 768 MB)
[    0.000000]     pkmap   : 0xbfe00000 - 0xc0000000   (   2 MB)
[    0.000000]     modules : 0xbf000000 - 0xbfe00000   (  14 MB)
[    0.000000]       .text : 0xc0208000 - 0xc0c00000   (10208 kB)
[    0.000000]       .init : 0xc1100000 - 0xc1300000   (2048 kB)
[    0.000000]       .data : 0xc1300000 - 0xc14387c0   (1250 kB)
[    0.000000]        .bss : 0xc143a000 - 0xc14bfa28   ( 535 kB)
[    0.000000] SLUB: HWalign=64, Order=0-3, MinObjects=0, CPUs=2, Nodes=1
[    0.000000] Hierarchical RCU implementation.
[    0.000000] 	RCU debugfs-based tracing is enabled.
[    0.000000] 	Build-time adjustment of leaf fanout to 32.
[    0.000000] 	RCU restricting CPUs from NR_CPUS=16 to nr_cpu_ids=2.
[    0.000000] RCU: Adjusting geometry for rcu_fanout_leaf=32, nr_cpu_ids=2
[    0.000000] NR_IRQS:16 nr_irqs:16 16
[    0.000000] /interrupt-controller@60004000: 128 interrupts forwarded to /interrupt-controller@50041000
[    0.000000] L2C: platform modifies aux control register: 0x02080000 -> 0x3e480001
[    0.000000] L2C: DT/platform modifies aux control register: 0x02080000 -> 0x3e480001
[    0.000000] L2C-310 errata 727915 769419 enabled
[    0.000000] L2C-310 enabling early BRESP for Cortex-A9
[    0.000000] L2C-310: enabling full line of zeros but not enabled in Cortex-A9
[    0.000000] L2C-310 ID prefetch enabled, offset 1 lines
[    0.000000] L2C-310 cache controller enabled, 8 ways, 1024 kB
[    0.000000] L2C-310: CACHE_ID 0x410000c4, AUX_CTRL 0x7e480001
[    0.000009] sched_clock: 32 bits at 1000kHz, resolution 1000ns, wraps every 2147483647500ns
[    0.000026] clocksource: timer_us: mask: 0xffffffff max_cycles: 0xffffffff, max_idle_ns: 1911260446275 ns
[    0.000037] Switching to timer-based delay loop, resolution 1000ns
[    0.001598] Console: colour dummy device 80x30
[    0.001623] Calibrating delay loop (skipped), value calculated using timer frequency.. 2.00 BogoMIPS (lpj=10000)
[    0.001635] pid_max: default: 32768 minimum: 301
[    0.001718] Mount-cache hash table entries: 2048 (order: 1, 8192 bytes)
[    0.001726] Mountpoint-cache hash table entries: 2048 (order: 1, 8192 bytes)
[    0.002156] CPU: Testing write buffer coherency: ok
[    0.002358] CPU0: thread -1, cpu 0, socket 0, mpidr 80000000
[    0.002518] Setting up static identity map for 0x300000 - 0x300098
[    0.003962] Tegra Revision: A03 prime SKU: 8 CPU Process: 1 SoC Process: 2
[    0.004336] EFI services will not be available.
[    0.004494] smp: Bringing up secondary CPUs ...
[    0.005028] CPU1: thread -1, cpu 1, socket 0, mpidr 80000001
[    0.005087] smp: Brought up 1 node, 2 CPUs
[    0.005099] SMP: Total of 2 processors activated (4.00 BogoMIPS).
[    0.005105] CPU: All CPU(s) started in SVC mode.
[    0.005741] devtmpfs: initialized
[    0.009297] VFP support v0.3: implementor 41 architecture 3 part 30 variant 9 rev 1
[    0.009504] clocksource: jiffies: mask: 0xffffffff max_cycles: 0xffffffff, max_idle_ns: 19112604462750000 ns
[    0.012495] pinctrl core: initialized pinctrl subsystem
[    0.013656] NET: Registered protocol family 16
[    0.015787] DMA: preallocated 256 KiB pool for atomic coherent allocations
[    0.017328] cpuidle: using governor menu
[    0.034633] No ATAGs?
[    0.034703] hw-breakpoint: found 5 (+1 reserved) breakpoint and 1 watchpoint registers.
[    0.034714] hw-breakpoint: maximum watchpoint size is 4 bytes.
[    0.039804] Serial: AMBA PL011 UART driver
[    0.051036] usb1_vbus: Failed to request enable GPIO170: -517
[    0.051051] reg-fixed-voltage regulators:regulator@2: Failed to register regulator: -517
[    0.054558] vgaarb: loaded
[    0.055114] SCSI subsystem initialized
[    0.055235] libata version 3.00 loaded.
[    0.055418] usbcore: registered new interface driver usbfs
[    0.055472] usbcore: registered new interface driver hub
[    0.055511] usbcore: registered new device driver usb
[    0.057445] pps_core: LinuxPPS API ver. 1 registered
[    0.057453] pps_core: Software ver. 5.3.6 - Copyright 2005-2007 Rodolfo Giometti <giometti@linux.it>
[    0.057470] PTP clock support registered
[    0.057609] EDAC MC: Ver: 3.0.0
[    0.059355] clocksource: Switched to clocksource timer_us
[    0.066701] NET: Registered protocol family 2
[    0.067102] TCP established hash table entries: 8192 (order: 3, 32768 bytes)
[    0.067173] TCP bind hash table entries: 8192 (order: 4, 65536 bytes)
[    0.067286] TCP: Hash tables configured (established 8192 bind 8192)
[    0.067380] UDP hash table entries: 512 (order: 2, 16384 bytes)
[    0.067425] UDP-Lite hash table entries: 512 (order: 2, 16384 bytes)
[    0.067561] NET: Registered protocol family 1
[    0.067819] RPC: Registered named UNIX socket transport module.
[    0.067827] RPC: Registered udp transport module.
[    0.067833] RPC: Registered tcp transport module.
[    0.067838] RPC: Registered tcp NFSv4.1 backchannel transport module.
[    0.067847] PCI: CLS 0 bytes, default 64
[    0.068631] hw perfevents: enabled with armv7_cortex_a9 PMU driver, 7 counters available
[    0.069602] futex hash table entries: 512 (order: 3, 32768 bytes)
[    0.070133] workingset: timestamp_bits=30 max_order=18 bucket_order=0
[    0.076825] squashfs: version 4.0 (2009/01/31) Phillip Lougher
[    0.077412] NFS: Registering the id_resolver key type
[    0.077433] Key type id_resolver registered
[    0.077439] Key type id_legacy registered
[    0.077469] ntfs: driver 2.1.32 [Flags: R/O].
[    0.078616] bounce: pool size: 64 pages
[    0.078782] Block layer SCSI generic (bsg) driver version 0.4 loaded (major 248)
[    0.078790] io scheduler noop registered
[    0.078797] io scheduler deadline registered
[    0.078941] io scheduler cfq registered (default)
[    0.078948] io scheduler mq-deadline registered
[    0.089700] tegra-pcie 80003000.pcie-controller: dual-mode configuration
[    0.090396] tegra-pcie 80003000.pcie-controller: probing port 0, using 2 lanes
[    0.172867] tegra-pcie 80003000.pcie-controller: PCI host bridge to bus 0000:00
[    0.172879] pci_bus 0000:00: root bus resource [io  0x0000-0xffff]
[    0.172888] pci_bus 0000:00: root bus resource [mem 0xa0000000-0xa7ffffff]
[    0.172896] pci_bus 0000:00: root bus resource [mem 0xa8000000-0xbfffffff pref]
[    0.172905] pci_bus 0000:00: root bus resource [bus 00-ff]
[    0.172933] pci 0000:00:01.0: [10de:0bf0] type 01 class 0x060000
[    0.172982] pci_bus 0000:00: 2-byte config write to 0000:00:01.0 offset 0x52 may corrupt adjacent RW1C bits
[    0.173006] pci 0000:00:01.0: PME# supported from D0 D1 D2 D3hot D3cold
[    0.173017] pci_bus 0000:00: 2-byte config write to 0000:00:01.0 offset 0x4c may corrupt adjacent RW1C bits
[    0.173195] pci_bus 0000:00: 2-byte config write to 0000:00:01.0 offset 0x3e may corrupt adjacent RW1C bits
[    0.173207] pci_bus 0000:00: 2-byte config write to 0000:00:01.0 offset 0x4 may corrupt adjacent RW1C bits
[    0.173218] pci_bus 0000:00: 1-byte config write to 0000:00:01.0 offset 0xc may corrupt adjacent RW1C bits
[    0.173224] PCI: bus0: Fast back to back transfers disabled
[    0.173234] pci 0000:00:01.0: bridge configuration invalid ([bus 00-00]), reconfiguring
[    0.173244] pci_bus 0000:00: 2-byte config write to 0000:00:01.0 offset 0x3e may corrupt adjacent RW1C bits
[    0.173255] pci_bus 0000:00: 2-byte config write to 0000:00:01.0 offset 0x3e may corrupt adjacent RW1C bits
[    0.173265] pci_bus 0000:00: 2-byte config write to 0000:00:01.0 offset 0x3e may corrupt adjacent RW1C bits
[    0.173275] pci_bus 0000:00: 2-byte config write to 0000:00:01.0 offset 0x6 may corrupt adjacent RW1C bits
[    0.173391] pci 0000:01:00.0: [10ec:8168] type 00 class 0x020000
[    0.173415] pci 0000:01:00.0: reg 0x10: [io  0x0000-0x00ff]
[    0.173439] pci 0000:01:00.0: reg 0x18: [mem 0x00000000-0x00000fff 64bit pref]
[    0.173458] pci 0000:01:00.0: reg 0x20: [mem 0x00000000-0x00003fff 64bit pref]
[    0.173471] pci 0000:01:00.0: reg 0x30: [mem 0x00000000-0x0001ffff pref]
[    0.173510] pci_bus 0000:01: 2-byte config write to 0000:01:00.0 offset 0x52 may corrupt adjacent RW1C bits
[    0.173570] pci 0000:01:00.0: supports D1 D2
[    0.173578] pci 0000:01:00.0: PME# supported from D0 D1 D2 D3hot D3cold
[    0.199390] PCI: bus1: Fast back to back transfers disabled
[    0.199403] pci_bus 0000:01: busn_res: [bus 01-ff] end is updated to 01
[    0.199415] Disabling cpuidle LP2 state, since PCIe IRQs are in use
[    0.199474] pci 0000:00:01.0: BAR 8: assigned [mem 0xa0000000-0xa00fffff]
[    0.199485] pci 0000:00:01.0: BAR 9: assigned [mem 0xa8000000-0xa80fffff 64bit pref]
[    0.199495] pci 0000:00:01.0: BAR 7: assigned [io  0x1000-0x1fff]
[    0.199506] pci 0000:01:00.0: BAR 6: assigned [mem 0xa0000000-0xa001ffff pref]
[    0.199516] pci 0000:01:00.0: BAR 4: assigned [mem 0xa8000000-0xa8003fff 64bit pref]
[    0.199535] pci 0000:01:00.0: BAR 2: assigned [mem 0xa8004000-0xa8004fff 64bit pref]
[    0.199554] pci 0000:01:00.0: BAR 0: assigned [io  0x1000-0x10ff]
[    0.199565] pci 0000:00:01.0: PCI bridge to [bus 01]
[    0.199573] pci 0000:00:01.0:   bridge window [io  0x1000-0x1fff]
[    0.199582] pci 0000:00:01.0:   bridge window [mem 0xa0000000-0xa00fffff]
[    0.199590] pci 0000:00:01.0:   bridge window [mem 0xa8000000-0xa80fffff 64bit pref]
[    0.199612] pci 0000:00:01.0: nv_msi_ht_cap_quirk didn't locate host bridge
[    0.199661] pcieport 0000:00:01.0: enabling device (0140 -> 0143)
[    0.199847] pcieport 0000:00:01.0: Signaling PME with IRQ 295
[    0.205466] tegra-apbdma 6000a000.dma: Tegra20 APB DMA driver register 16 channels
[    0.254359] Serial: 8250/16550 driver, 4 ports, IRQ sharing disabled
[    0.256538] console [ttyS0] disabled
[    0.256574] 70006000.serial: ttyS0 at MMIO 0x70006000 (irq = 279, base_baud = 13500000) is a Tegra
[    1.312042] console [ttyS0] enabled
[    1.316097] SuperH (H)SCI(F) driver initialized
[    1.321339] msm_serial: driver initialized
[    1.325562] STMicroelectronics ASC driver initialized
[    1.335402] 54280000.hdmi supply hdmi not found, using dummy regulator
[    1.343868] [drm] Supports vblank timestamp caching Rev 2 (21.10.2013).
[    1.350489] [drm] No driver support for vblank timestamp query.
[    1.356425] [drm] Cannot find any crtc or sizes - going 1024x768
[    1.378406] Console: switching to colour frame buffer device 128x48
[    1.393096] drm drm: fb0:  frame buffer device
[    1.397575] [drm] Initialized tegra 0.0.0 20120330 for drm on minor 0
[    1.412966] brd: module loaded
[    1.420358] loop: module loaded
[    1.429040] m25p80 spi32766.0: found s25fl008k, expected w25q80bl
[    1.435155] m25p80 spi32766.0: s25fl008k (1024 Kbytes)
[    1.442481] libphy: Fixed MDIO Bus: probed
[    1.447302] CAN device driver interface
[    1.451812] bgmac_bcma: Broadcom 47xx GBit MAC driver loaded
[    1.458383] e1000e: Intel(R) PRO/1000 Network Driver - 3.2.6-k
[    1.464249] e1000e: Copyright(c) 1999 - 2015 Intel Corporation.
[    1.470217] igb: Intel(R) Gigabit Ethernet Network Driver - version 5.4.0-k
[    1.477160] igb: Copyright (c) 2007-2014 Intel Corporation.
[    1.483259] r8169 Gigabit Ethernet driver 2.3LK-NAPI loaded
[    1.488845] r8169 0000:01:00.0: enabling device (0140 -> 0143)
[    1.495447] r8169 0000:01:00.0 eth0: RTL8168d/8111d at 0xf08fc000, 00:01:c0:13:7d:63, XID 081000c0 IRQ 296
[    1.505104] r8169 0000:01:00.0 eth0: jumbo features [frames: 9200 bytes, tx checksumming: ko]
[    1.515681] pegasus: v0.9.3 (2013/04/25), Pegasus/Pegasus II USB Ethernet driver
[    1.523137] usbcore: registered new interface driver pegasus
[    1.528820] usbcore: registered new interface driver asix
[    1.534249] usbcore: registered new interface driver ax88179_178a
[    1.540368] usbcore: registered new interface driver cdc_ether
[    1.546232] usbcore: registered new interface driver smsc75xx
[    1.552023] usbcore: registered new interface driver smsc95xx
[    1.557781] usbcore: registered new interface driver net1080
[    1.563468] usbcore: registered new interface driver cdc_subset
[    1.569414] usbcore: registered new interface driver zaurus
[    1.575014] usbcore: registered new interface driver cdc_ncm
[    1.580935] tegra-phy c5004000.usb-phy: no vbus regulator
[    1.587403] tegra-phy c5008000.usb-phy: no vbus regulator
[    1.594082] ehci_hcd: USB 2.0 'Enhanced' Host Controller (EHCI) Driver
[    1.600612] ehci-pci: EHCI PCI platform driver
[    1.605079] ehci-platform: EHCI generic platform driver
[    1.610461] ehci-orion: EHCI orion driver
[    1.614559] SPEAr-ehci: EHCI SPEAr driver
[    1.618655] ehci-st: EHCI STMicroelectronics driver
[    1.623638] ehci-exynos: EHCI EXYNOS driver
[    1.627922] ehci-atmel: EHCI Atmel driver
[    1.632033] tegra-ehci: Tegra EHCI driver
[    1.690561] ulpi_phy_power_on: ulpi write failed
[    1.695168] tegra-ehci c5004000.usb: Failed to power on the phy
[    1.701104] tegra-ehci: probe of c5004000.usb failed with error -110
[    1.710075] tegra-ehci c5008000.usb: EHCI Host Controller
[    1.715480] tegra-ehci c5008000.usb: new USB bus registered, assigned bus number 1
[    1.723298] tegra-ehci c5008000.usb: irq 290, io mem 0xc5008000
[    1.749375] tegra-ehci c5008000.usb: USB 2.0 started, EHCI 1.00
[    1.755898] hub 1-0:1.0: USB hub found
[    1.759679] hub 1-0:1.0: 1 port detected
[    1.763901] ohci_hcd: USB 1.1 'Open' Host Controller (OHCI) Driver
[    1.770091] ohci-pci: OHCI PCI platform driver
[    1.774577] ohci-platform: OHCI generic platform driver
[    1.779957] ohci-omap3: OHCI OMAP3 driver
[    1.784058] SPEAr-ohci: OHCI SPEAr driver
[    1.788155] ohci-st: OHCI STMicroelectronics driver
[    1.793142] ohci-atmel: OHCI Atmel driver
[    1.797718] usbcore: registered new interface driver usb-storage
[    1.804892] mousedev: PS/2 mouse device common for all mice
[    1.812020] rtc-em3027 2-0056: rtc core: registered rtc-em3027 as rtc0
[    1.819719] tegra_rtc 7000e000.rtc: rtc core: registered 7000e000.rtc as rtc1
[    1.826870] tegra_rtc 7000e000.rtc: Tegra internal Real Time Clock
[    1.833446] i2c /dev entries driver
[    1.845811] sdhci: Secure Digital Host Controller Interface driver
[    1.852008] sdhci: Copyright(c) Pierre Ossman
[    1.857490] Synopsys Designware Multimedia Card Interface Driver
[    1.864304] sdhci-pltfm: SDHCI platform and OF driver helper
[    1.870781] mmc0: Invalid maximum block size, assuming 512 bytes
[    1.929374] mmc0: SDHCI controller on c8000000.sdhci [c8000000.sdhci] using ADMA
[    1.936846] sdhci-tegra c8000600.sdhci: Got CD GPIO
[    1.941742] sdhci-tegra c8000600.sdhci: Got WP GPIO
[    1.946773] mmc1: Invalid maximum block size, assuming 512 bytes
[    2.009445] mmc1: SDHCI controller on c8000600.sdhci [c8000600.sdhci] using ADMA
[    2.018185] ledtrig-cpu: registered to indicate activity on CPUs
[    2.024471] usbcore: registered new interface driver usbhid
[    2.030045] usbhid: USB HID core driver
[    2.036950] NET: Registered protocol family 10
[    2.042264] Segment Routing with IPv6
[    2.045959] sit: IPv6, IPv4 and MPLS over IPv4 tunneling driver
[    2.052395] NET: Registered protocol family 17
[    2.056832] can: controller area network core (rev 20120528 abi 9)
[    2.063066] NET: Registered protocol family 29
[    2.067498] can: raw protocol (rev 20120528)
[    2.071772] can: broadcast manager protocol (rev 20161123 t)
[    2.077419] can: netlink gateway (rev 20130117) max_hops=1
[    2.083220] Key type dns_resolver registered
[    2.087865] ThumbEE CPU extension supported.
[    2.092150] Registering SWP/SWPB emulation handler
[    2.104913] utmi_phy_clk_enable: timeout waiting for phy to stabilize
[    2.108065] mmc0: host does not support reading read-only switch, assuming write-enable
[    2.109894] mmc0: new high speed SDHC card at address b368
[    2.119535] mmcblk0: mmc0:b368 NCard 3.70 GiB 
[    2.129295] tegra-ehci c5000000.usb: EHCI Host Controller
[    2.134716] tegra-ehci c5000000.usb: new USB bus registered, assigned bus number 2
[    2.136424]  mmcblk0: p1
[    2.145118] tegra-ehci c5000000.usb: irq 288, io mem 0xc5000000
[    2.159383] usb 1-1: new high-speed USB device number 2 using tegra-ehci
[    2.189401] tegra-ehci c5000000.usb: USB 2.0 started, EHCI 1.00
[    2.196209] hub 2-0:1.0: USB hub found
[    2.200028] hub 2-0:1.0: 1 port detected
[    2.205220] input: gpio-keys as /devices/soc0/gpio-keys/input/input0
[    2.212286] rtc-em3027 2-0056: setting system clock to 2015-02-06 22:20:49 UTC (1423261249)
[    2.222544] EXT4-fs (mmcblk0p1): mounting ext3 file system using the ext4 subsystem
[    2.228364] mmc1: new high speed SD card at address b368
[    2.228874] mmcblk1: mmc1:b368 NCard 1.83 GiB (ro)
[    2.231550]  mmcblk1: p1 p2
[    2.323474] EXT4-fs (mmcblk0p1): recovery complete
[    2.328269] EXT4-fs (mmcblk0p1): mounted filesystem with ordered data mode. Opts: (null)
[    2.336401] VFS: Mounted root (ext3 filesystem) on device 179:1.
[    2.345563] devtmpfs: mounted
[    2.351044] Freeing unused kernel memory: 2048K
[    2.380777] hub 1-1:1.0: USB hub found
[    2.384939] hub 1-1:1.0: 4 ports detected
[    2.427924] random: fast init done
bash: cannot set terminal process group (-1): Inappropriate ioctl for device
bash: no job control in this shell
root@(none):/# [    2.709410] usb 1-1.2: new high-speed USB device number 3 using tegra-ehci
mount -t sysfs none /sys
root@(none):/# 
root@(none):/# mount -t debugfs none /sys/kernel/debug
root@(none):/# 
root@(none):/# rtcwake -d rtc1 -m mem -s 3
rtcwake: assuming RTC uses UTC ...
rtcwake: wakeup from "mem" using /dev/rtc1 at Thu Jan  1 00:00:23 1970
[    7.460962] PM: Syncing filesystems ... done.
[    7.506896] Freezing user space processes ... (elapsed 0.001 seconds) done.
[    7.515377] Freezing remaining freezable tasks ... (elapsed 0.001 seconds) done.
[    7.524406] Suspending console(s) (use no_console_suspend to debug)
[    7.564535] pci_generic_config_write32: 37 callbacks suppressed
[    7.564581] pci_bus 0000:00: 2-byte config write to 0000:00:01.0 offset 0x9c may corrupt adjacent RW1C bits
[    7.576992] PM: suspend of devices complete after 43.782 msecs
[    7.581660] PM: late suspend of devices complete after 4.634 msecs
[    7.586098] pci_bus 0000:01: 2-byte config write to 0000:01:00.0 offset 0x44 may corrupt adjacent RW1C bits
[    7.586159] pci_bus 0000:01: 2-byte config write to 0000:01:00.0 offset 0x44 may corrupt adjacent RW1C bits
[    7.610040] PM: noirq suspend of devices complete after 28.348 msecs
[    7.610053] Disabling non-boot CPUs ...
[    7.611895] CPU1: shutdown
[    7.673873] Entering suspend state LP1
[    7.673873] Suspended for 1.419 seconds
[    7.673916] Enabling non-boot CPUs ...
[    7.703729] CPU1 is up
[    7.704607] pci_bus 0000:00: 2-byte config write to 0000:00:01.0 offset 0x4c may corrupt adjacent RW1C bits
[    7.704656] pci_bus 0000:00: 2-byte config write to 0000:00:01.0 offset 0x88 may corrupt adjacent RW1C bits
[    7.704690] pci_bus 0000:00: 2-byte config write to 0000:00:01.0 offset 0x90 may corrupt adjacent RW1C bits
[    7.704719] pci_bus 0000:00: 2-byte config write to 0000:00:01.0 offset 0x98 may corrupt adjacent RW1C bits
[    7.704747] pci_bus 0000:00: 2-byte config write to 0000:00:01.0 offset 0x9c may corrupt adjacent RW1C bits
[    7.704828] pci_bus 0000:00: 2-byte config write to 0000:00:01.0 offset 0x52 may corrupt adjacent RW1C bits
[    7.704860] pci_bus 0000:00: 2-byte config write to 0000:00:01.0 offset 0x52 may corrupt adjacent RW1C bits
[    7.704932] pcieport 0000:00:01.0: nv_msi_ht_cap_quirk didn't locate host bridge
[    7.729634] PM: noirq resume of devices complete after 25.872 msecs
[    7.733284] PM: early resume of devices complete after 2.911 msecs
[    8.278065] PM: resume of devices complete after 544.747 msecs
[    8.449246] Restarting tasks ... done.
root@(none):/# 
root@(none):/# rtcwake -d rtc1 -m mem -s 3
rtcwake: assuming RTC uses UTC ...
rtcwake: wakeup from "mem" using /dev/rtc1 at Thu Jan  1 00:00:28 1970
[    9.254076] PM: Syncing filesystems ... done.
[    9.299119] Freezing user space processes ... (elapsed 0.001 seconds) done.
[    9.307649] Freezing remaining freezable tasks ... (elapsed 0.001 seconds) done.
[    9.316724] Suspending console(s) (use no_console_suspend to debug)
[    9.367005] PM: suspend of devices complete after 41.466 msecs
[    9.371927] PM: late suspend of devices complete after 4.889 msecs
[    9.399910] PM: noirq suspend of devices complete after 27.950 msecs
[    9.399923] Disabling non-boot CPUs ...
[    9.401866] CPU1: shutdown
[    9.462789] Entering suspend state LP1
[    9.462789] Suspended for 3.210 seconds
[    9.462831] Enabling non-boot CPUs ...
[    9.493656] CPU1 is up
[    9.496193] pcieport 0000:00:01.0: nv_msi_ht_cap_quirk didn't locate host bridge
[    9.519610] PM: noirq resume of devices complete after 25.918 msecs
[    9.523117] PM: early resume of devices complete after 2.958 msecs
[   10.068390] PM: resume of devices complete after 545.240 msecs
[   10.134435] Restarting tasks ... done.
root@(none):/# 
root@(none):/# rtcwake -d rtc1 -m mem -s 3
rtcwake: assuming RTC uses UTC ...
rtcwake: wakeup from "mem" using /dev/rtc1 at Thu Jan  1 00:00:33 1970
[   11.043796] PM: Syncing filesystems ... done.
[   11.088875] Freezing user space processes ... (elapsed 0.001 seconds) done.
[   11.097324] Freezing remaining freezable tasks ... (elapsed 0.001 seconds) done.
[   11.106403] Suspending console(s) (use no_console_suspend to debug)
[   11.156860] PM: suspend of devices complete after 41.668 msecs
[   11.161833] PM: late suspend of devices complete after 4.941 msecs
[   11.189832] PM: noirq suspend of devices complete after 27.967 msecs
[   11.189845] Disabling non-boot CPUs ...
[   11.191789] CPU1: shutdown
[   11.252676] Entering suspend state LP1
[   11.252676] Suspended for 3.210 seconds
[   11.252719] Enabling non-boot CPUs ...
[   11.283638] CPU1 is up
[   11.284885] pcieport 0000:00:01.0: nv_msi_ht_cap_quirk didn't locate host bridge
[   11.309451] PM: noirq resume of devices complete after 25.778 msecs
[   11.313199] PM: early resume of devices complete after 3.014 msecs
[   11.858282] PM: resume of devices complete after 545.050 msecs
[   11.926336] Restarting tasks ... done.
root@(none):/# 
root@(none):/# rtcwake -d rtc1 -m mem -s 3
rtcwake: assuming RTC uses UTC ...
rtcwake: wakeup from "mem" using /dev/rtc1 at Thu Jan  1 00:00:38 1970
[   12.833821] PM: Syncing filesystems ... done.
[   12.878872] Freezing user space processes ... (elapsed 0.001 seconds) done.
[   12.887404] Freezing remaining freezable tasks ... (elapsed 0.001 seconds) done.
[   12.896474] Suspending console(s) (use no_console_suspend to debug)
[   12.934096] pci_generic_config_write32: 65 callbacks suppressed
[   12.934142] pci_bus 0000:00: 2-byte config write to 0000:00:01.0 offset 0x9c may corrupt adjacent RW1C bits
[   12.946516] PM: suspend of devices complete after 41.273 msecs
[   12.951421] PM: late suspend of devices complete after 4.872 msecs
[   12.955912] pci_bus 0000:01: 2-byte config write to 0000:01:00.0 offset 0x44 may corrupt adjacent RW1C bits
[   12.955971] pci_bus 0000:01: 2-byte config write to 0000:01:00.0 offset 0x44 may corrupt adjacent RW1C bits
[   12.979757] PM: noirq suspend of devices complete after 28.304 msecs
[   12.979770] Disabling non-boot CPUs ...
[   12.981597] CPU1: shutdown
[   13.042505] Entering suspend state LP1
[   13.042505] Suspended for 3.210 seconds
[   13.042547] Enabling non-boot CPUs ...
[   13.073523] CPU1 is up
[   13.074742] pci_bus 0000:00: 2-byte config write to 0000:00:01.0 offset 0x4c may corrupt adjacent RW1C bits
[   13.074793] pci_bus 0000:00: 2-byte config write to 0000:00:01.0 offset 0x88 may corrupt adjacent RW1C bits
[   13.074824] pci_bus 0000:00: 2-byte config write to 0000:00:01.0 offset 0x90 may corrupt adjacent RW1C bits
[   13.074853] pci_bus 0000:00: 2-byte config write to 0000:00:01.0 offset 0x98 may corrupt adjacent RW1C bits
[   13.074882] pci_bus 0000:00: 2-byte config write to 0000:00:01.0 offset 0x9c may corrupt adjacent RW1C bits
[   13.074961] pci_bus 0000:00: 2-byte config write to 0000:00:01.0 offset 0x52 may corrupt adjacent RW1C bits
[   13.074993] pci_bus 0000:00: 2-byte config write to 0000:00:01.0 offset 0x52 may corrupt adjacent RW1C bits
[   13.075064] pcieport 0000:00:01.0: nv_msi_ht_cap_quirk didn't locate host bridge
[   13.099371] PM: noirq resume of devices complete after 25.815 msecs
[   13.103104] PM: early resume of devices complete after 2.996 msecs
[   13.647391] PM: resume of devices complete after 544.252 msecs
[   13.818508] Restarting tasks ... done.
root@(none):/# 
root@(none):/# rtcwake -d rtc1 -m mem -s 3
rtcwake: assuming RTC uses UTC ...
rtcwake: wakeup from "mem" using /dev/rtc1 at Thu Jan  1 00:00:43 1970
[   14.623780] PM: Syncing filesystems ... done.
[   14.668822] Freezing user space processes ... (elapsed 0.001 seconds) done.
[   14.677356] Freezing remaining freezable tasks ... (elapsed 0.001 seconds) done.
[   14.686432] Suspending console(s) (use no_console_suspend to debug)
[   14.736864] PM: suspend of devices complete after 42.877 msecs
[   14.741573] PM: late suspend of devices complete after 4.677 msecs
[   14.769721] PM: noirq suspend of devices complete after 28.117 msecs
[   14.769735] Disabling non-boot CPUs ...
[   14.771696] CPU1: shutdown
[   14.832459] Entering suspend state LP1
[   14.832459] Suspended for 3.209 seconds
[   14.832501] Enabling non-boot CPUs ...
[   14.863491] CPU1 is up
[   14.864749] pcieport 0000:00:01.0: nv_msi_ht_cap_quirk didn't locate host bridge
[   14.889276] PM: noirq resume of devices complete after 25.751 msecs
[   14.892984] PM: early resume of devices complete after 2.984 msecs
[   15.437504] PM: resume of devices complete after 544.486 msecs
[   15.505436] Restarting tasks ... done.
root@(none):/# 
root@(none):/# rtcwake -d rtc1 -m mem -s 3
rtcwake: assuming RTC uses UTC ...
rtcwake: wakeup from "mem" using /dev/rtc1 at Thu Jan  1 00:00:48 1970
[   16.413602] PM: Syncing filesystems ... done.
[   16.458683] Freezing user space processes ... (elapsed 0.001 seconds) done.
[   16.467234] Freezing remaining freezable tasks ... (elapsed 0.001 seconds) done.
[   16.476315] Suspending console(s) (use no_console_suspend to debug)
[   16.526350] PM: suspend of devices complete after 41.237 msecs
[   16.531218] PM: late suspend of devices complete after 4.835 msecs
[   16.559623] PM: noirq suspend of devices complete after 28.372 msecs
[   16.559636] Disabling non-boot CPUs ...
[   16.561628] CPU1: shutdown
[   16.622415] Entering suspend state LP1
[   16.622415] Suspended for 3.209 seconds
[   16.622458] Enabling non-boot CPUs ...
[   16.653388] CPU1 is up
[   16.654779] pcieport 0000:00:01.0: nv_msi_ht_cap_quirk didn't locate host bridge
[   16.679192] PM: noirq resume of devices complete after 25.769 msecs
[   16.682914] PM: early resume of devices complete after 2.987 msecs
[   17.228002] PM: resume of devices complete after 545.052 msecs
[   17.296039] Restarting tasks ... done.
root@(none):/# 
root@(none):/# rtcwake -d rtc1 -m mem -s 3
rtcwake: assuming RTC uses UTC ...
rtcwake: wakeup from "mem" using /dev/rtc1 at Thu Jan  1 00:00:53 1970
[   18.203507] PM: Syncing filesystems ... done.
[   18.248541] Freezing user space processes ... (elapsed 0.001 seconds) done.
[   18.256984] Freezing remaining freezable tasks ... (elapsed 0.001 seconds) done.
[   18.266087] Suspending console(s) (use no_console_suspend to debug)
[   18.304934] pci_generic_config_write32: 65 callbacks suppressed
[   18.304981] pci_bus 0000:00: 2-byte config write to 0000:00:01.0 offset 0x9c may corrupt adjacent RW1C bits
[   18.316826] PM: suspend of devices complete after 41.954 msecs
[   18.321449] PM: late suspend of devices complete after 4.590 msecs
[   18.325303] pci_bus 0000:01: 2-byte config write to 0000:01:00.0 offset 0x44 may corrupt adjacent RW1C bits
[   18.325361] pci_bus 0000:01: 2-byte config write to 0000:01:00.0 offset 0x44 may corrupt adjacent RW1C bits
[   18.349495] PM: noirq suspend of devices complete after 28.014 msecs
[   18.349508] Disabling non-boot CPUs ...
[   18.351315] CPU1: shutdown
[   18.412254] Entering suspend state LP1
[   18.412254] Suspended for 3.210 seconds
[   18.412297] Enabling non-boot CPUs ...
[   18.443267] CPU1 is up
[   18.444759] pci_bus 0000:00: 2-byte config write to 0000:00:01.0 offset 0x4c may corrupt adjacent RW1C bits
[   18.444809] pci_bus 0000:00: 2-byte config write to 0000:00:01.0 offset 0x88 may corrupt adjacent RW1C bits
[   18.444839] pci_bus 0000:00: 2-byte config write to 0000:00:01.0 offset 0x90 may corrupt adjacent RW1C bits
[   18.444870] pci_bus 0000:00: 2-byte config write to 0000:00:01.0 offset 0x98 may corrupt adjacent RW1C bits
[   18.444897] pci_bus 0000:00: 2-byte config write to 0000:00:01.0 offset 0x9c may corrupt adjacent RW1C bits
[   18.444977] pci_bus 0000:00: 2-byte config write to 0000:00:01.0 offset 0x52 may corrupt adjacent RW1C bits
[   18.445008] pci_bus 0000:00: 2-byte config write to 0000:00:01.0 offset 0x52 may corrupt adjacent RW1C bits
[   18.445080] pcieport 0000:00:01.0: nv_msi_ht_cap_quirk didn't locate host bridge
[   18.469107] PM: noirq resume of devices complete after 25.805 msecs
[   18.472853] PM: early resume of devices complete after 2.994 msecs
[   19.017048] PM: resume of devices complete after 544.160 msecs
[   19.188136] Restarting tasks ... done.
root@(none):/# 
root@(none):/# rtcwake -d rtc1 -m mem -s 3
rtcwake: assuming RTC uses UTC ...
rtcwake: wakeup from "mem" using /dev/rtc1 at Thu Jan  1 00:00:58 1970
[   20.003408] PM: Syncing filesystems ... done.
[   20.048544] Freezing user space processes ... (elapsed 0.001 seconds) done.
[   20.057073] Freezing remaining freezable tasks ... (elapsed 0.001 seconds) done.
[   20.066174] Suspending console(s) (use no_console_suspend to debug)
[   20.116547] PM: suspend of devices complete after 41.578 msecs
[   20.121122] PM: late suspend of devices complete after 4.542 msecs
[   20.149459] PM: noirq suspend of devices complete after 28.306 msecs
[   20.149473] Disabling non-boot CPUs ...
[   20.151427] CPU1: shutdown
[   20.212185] Entering suspend state LP1
[   20.212185] Suspended for 3.199 seconds
[   20.212228] Enabling non-boot CPUs ...
[   20.243126] CPU1 is up
[   20.245686] pcieport 0000:00:01.0: nv_msi_ht_cap_quirk didn't locate host bridge
[   20.269019] PM: noirq resume of devices complete after 25.859 msecs
[   20.272775] PM: early resume of devices complete after 3.018 msecs
[   20.817021] PM: resume of devices complete after 544.210 msecs
[   20.885032] Restarting tasks ... done.
root@(none):/# 
root@(none):/# rtcwake -d rtc1 -m mem -s 3
rtcwake: assuming RTC uses UTC ...
rtcwake: wakeup from "mem" using /dev/rtc1 at Thu Jan  1 00:01:03 1970
[   21.803272] PM: Syncing filesystems ... done.
[   21.842496] Freezing user space processes ... (elapsed 0.001 seconds) done.
[   21.850867] Freezing remaining freezable tasks ... (elapsed 0.001 seconds) done.
[   21.859740] Suspending console(s) (use no_console_suspend to debug)
[   21.915958] PM: suspend of devices complete after 48.177 msecs
[   21.920740] PM: late suspend of devices complete after 4.749 msecs
[   21.949409] PM: noirq suspend of devices complete after 28.637 msecs
[   21.949421] Disabling non-boot CPUs ...
[   21.951340] CPU1: shutdown
[   22.012104] Entering suspend state LP1
[   22.012104] Suspended for 3.199 seconds
[   22.012147] Enabling non-boot CPUs ...
[   22.043043] CPU1 is up
[   22.044294] pcieport 0000:00:01.0: nv_msi_ht_cap_quirk didn't locate host bridge
[   22.068933] PM: noirq resume of devices complete after 25.854 msecs
[   22.072708] PM: early resume of devices complete after 3.031 msecs
[   22.617640] PM: resume of devices complete after 544.898 msecs
[   22.685626] Restarting tasks ... done.
root@(none):/# 
root@(none):/# rtcwake -d rtc1 -m mem -s 3
rtcwake: assuming RTC uses UTC ...
rtcwake: wakeup from "mem" using /dev/rtc1 at Thu Jan  1 00:01:08 1970
[   23.603300] PM: Syncing filesystems ... done.
[   23.648358] Freezing user space processes ... (elapsed 0.001 seconds) done.
[   23.656889] Freezing remaining freezable tasks ... (elapsed 0.001 seconds) done.
[   23.665961] Suspending console(s) (use no_console_suspend to debug)
[   23.703725] pci_generic_config_write32: 65 callbacks suppressed
[   23.703771] pci_bus 0000:00: 2-byte config write to 0000:00:01.0 offset 0x9c may corrupt adjacent RW1C bits
[   23.716189] PM: suspend of devices complete after 41.451 msecs
[   23.721083] PM: late suspend of devices complete after 4.861 msecs
[   23.725579] pci_bus 0000:01: 2-byte config write to 0000:01:00.0 offset 0x44 may corrupt adjacent RW1C bits
[   23.725636] pci_bus 0000:01: 2-byte config write to 0000:01:00.0 offset 0x44 may corrupt adjacent RW1C bits
[   23.749226] PM: noirq suspend of devices complete after 28.111 msecs
[   23.749239] Disabling non-boot CPUs ...
[   23.751044] CPU1: shutdown
[   23.811936] Entering suspend state LP1
[   23.811936] Suspended for 3.200 seconds
[   23.811978] Enabling non-boot CPUs ...
[   23.843007] CPU1 is up
[   23.843716] pci_bus 0000:00: 2-byte config write to 0000:00:01.0 offset 0x4c may corrupt adjacent RW1C bits
[   23.843764] pci_bus 0000:00: 2-byte config write to 0000:00:01.0 offset 0x88 may corrupt adjacent RW1C bits
[   23.843796] pci_bus 0000:00: 2-byte config write to 0000:00:01.0 offset 0x90 may corrupt adjacent RW1C bits
[   23.843824] pci_bus 0000:00: 2-byte config write to 0000:00:01.0 offset 0x98 may corrupt adjacent RW1C bits
[   23.843852] pci_bus 0000:00: 2-byte config write to 0000:00:01.0 offset 0x9c may corrupt adjacent RW1C bits
[   23.843933] pci_bus 0000:00: 2-byte config write to 0000:00:01.0 offset 0x52 may corrupt adjacent RW1C bits
[   23.843966] pci_bus 0000:00: 2-byte config write to 0000:00:01.0 offset 0x52 may corrupt adjacent RW1C bits
[   23.844036] pcieport 0000:00:01.0: nv_msi_ht_cap_quirk didn't locate host bridge
[   23.868841] PM: noirq resume of devices complete after 25.801 msecs
[   23.872569] PM: early resume of devices complete after 2.999 msecs
[   24.417036] PM: resume of devices complete after 544.432 msecs
[   24.588154] Restarting tasks ... done.
root@(none):/# 
root@(none):/# NVTB SYSTEM SUSPEND TEST COMPLETE
