
U-Boot SPL 2014.01-00219-gc4d376f (Feb 18 2014 - 19:57:18)


U-Boot 2014.01-00219-gc4d376f (Feb 18 2014 - 19:57:18)

TEGRA30
Board: NVIDIA Beaver
I2C:   ready
DRAM:  2 GiB
MMC:   Tegra SD/MMC: 0, Tegra SD/MMC: 1
In:    serial
Out:   serial
Err:   serial
Net:   Net Initialization Skipped
No ethernet found.
Hit any key to stop autoboot:  2  0 
Tegra30 (Beaver) # 
Tegra30 (Beaver) # usb reset
(Re)start USB...
USB0:   USB EHCI 1.00
scanning bus 0 for devices... 2 USB Device(s) found
       scanning usb for storage devices... 0 Storage Device(s) found
       scanning usb for ethernet devices... 
Warning: asx0 using MAC address from net device
1 Ethernet Device(s) found
Tegra30 (Beaver) # setenv bootargs 'ignore_loglevel console=ttyS0,115200n8 rw root=/dev/mmcblk0p1 rootwait gpt debug init=/bin/bash noinitrd'
Tegra30 (Beaver) # setenv ipaddr 192.168.100.101; setenv serverip 192.168.100.1; setenv tftpserverip 192.168.100.1
Tegra30 (Beaver) # tftpboot 0x81000000 zImage.multi_v7_defconfig
Using asx0 device
TFTP from server 192.168.100.1; our IP address is 192.168.100.101
Filename 'zImage.multi_v7_defconfig'.
Load address: 0x81000000
Loading: *#################################################################
	 #################################################################
	 #################################################################
	 #################################################################
	 ############################################################
	 3.3 MiB/s
done
Bytes transferred = 4697448 (47ad68 hex)
Tegra30 (Beaver) # tftpboot 0x82000000 tegra30-beaver.dtb
Using asx0 device
TFTP from server 192.168.100.1; our IP address is 192.168.100.101
Filename 'tegra30-beaver.dtb'.
Load address: 0x82000000
Loading: *##
	 2.6 MiB/s
done
Bytes transferred = 24197 (5e85 hex)
Tegra30 (Beaver) # bootz 0x81000000 - 0x82000000
Kernel image @ 0x81000000 [ 0x000000 - 0x47ad68 ]
## Flattened Device Tree blob at 82000000
   Booting using the fdt blob at 0x82000000
   Loading Device Tree to 8fff7000, end 8ffffe84 ... OK

Starting kernel ...

[    0.000000] Booting Linux on physical CPU 0x0
[    0.000000] Linux version 3.15.0-rc5-next-20140515-21120-gb2fef0d (pwalmsley@kaivo) (gcc version 4.7.3 20130328 (prerelease) (crosstool-NG linaro-1.13.1-4.7-2013.04-20130415 - Linaro GCC 2013.04) ) #1 SMP Tue Jun 3 13:15:16 PDT 2014
[    0.000000] CPU: ARMv7 Processor [412fc099] revision 9 (ARMv7), cr=10c5387d
[    0.000000] CPU: PIPT / VIPT nonaliasing data cache, VIPT aliasing instruction cache
[    0.000000] Machine model: NVIDIA Tegra30 Beaver evaluation board
[    0.000000] debug: ignoring loglevel setting.
[    0.000000] cma: CMA: reserved 64 MiB at ab800000
[    0.000000] Memory policy: Data cache writealloc
[    0.000000] On node 0 totalpages: 524032
[    0.000000] free_area_init_node: node 0, pgdat c0b9ff00, node_mem_map ea7d8000
[    0.000000]   DMA zone: 1520 pages used for memmap
[    0.000000]   DMA zone: 0 pages reserved
[    0.000000]   DMA zone: 194560 pages, LIFO batch:31
[    0.000000]   HighMem zone: 2574 pages used for memmap
[    0.000000]   HighMem zone: 329472 pages, LIFO batch:31
[    0.000000] fuse_speedo_calib: ATE prog ver 3.3
[    0.000000] Tegra30: CPU Speedo ID 5, Soc Speedo ID 2
[    0.000000] Tegra Revision: A03 SKU: 128 CPU Process: 4 Core Process: 0
[    0.000000] L310 cache controller enabled
[    0.000000] l2x0: 8 ways, CACHE_ID 0x410000c7, AUX_CTRL 0x7e480001, Cache size: 1024 kB
[    0.000000] PERCPU: Embedded 7 pages/cpu @ea79d000 s7744 r8192 d12736 u32768
[    0.000000] pcpu-alloc: s7744 r8192 d12736 u32768 alloc=8*4096
[    0.000000] pcpu-alloc: [0] 0 [0] 1 [0] 2 [0] 3 
[    0.000000] Built 1 zonelists in Zone order, mobility grouping on.  Total pages: 522512
[    0.000000] Kernel command line: ignore_loglevel console=ttyS0,115200n8 rw root=/dev/mmcblk0p1 rootwait gpt debug init=/bin/bash noinitrd
[    0.000000] PID hash table entries: 4096 (order: 2, 16384 bytes)
[    0.000000] Dentry cache hash table entries: 131072 (order: 7, 524288 bytes)
[    0.000000] Inode-cache hash table entries: 65536 (order: 6, 262144 bytes)
[    0.000000] Memory: 2002888K/2096128K available (6084K kernel code, 774K rwdata, 2404K rodata, 559K init, 289K bss, 93240K reserved, 1317888K highmem)
[    0.000000] Virtual kernel memory layout:
[    0.000000]     vector  : 0xffff0000 - 0xffff1000   (   4 kB)
[    0.000000]     fixmap  : 0xffc00000 - 0xffe00000   (2048 kB)
[    0.000000]     vmalloc : 0xf0000000 - 0xff000000   ( 240 MB)
[    0.000000]     lowmem  : 0xc0000000 - 0xef800000   ( 760 MB)
[    0.000000]     pkmap   : 0xbfe00000 - 0xc0000000   (   2 MB)
[    0.000000]     modules : 0xbf000000 - 0xbfe00000   (  14 MB)
[    0.000000]       .text : 0xc0208000 - 0xc0a52298   (8489 kB)
[    0.000000]       .init : 0xc0a53000 - 0xc0adee40   ( 560 kB)
[    0.000000]       .data : 0xc0ae0000 - 0xc0ba1ba0   ( 775 kB)
[    0.000000]        .bss : 0xc0ba1ba8 - 0xc0bea250   ( 290 kB)
[    0.000000] SLUB: HWalign=64, Order=0-3, MinObjects=0, CPUs=4, Nodes=1
[    0.000000] Hierarchical RCU implementation.
[    0.000000] NR_IRQS:16 nr_irqs:16 16
[    0.000012] sched_clock: 32 bits at 1000kHz, resolution 1000ns, wraps every 2147483648000ns
[    0.000796] Console: colour dummy device 80x30
[    0.000825] Calibrating delay loop... 2793.47 BogoMIPS (lpj=13967360)
[    0.059936] pid_max: default: 32768 minimum: 301
[    0.060039] Mount-cache hash table entries: 2048 (order: 1, 8192 bytes)
[    0.060047] Mountpoint-cache hash table entries: 2048 (order: 1, 8192 bytes)
[    0.060522] CPU: Testing write buffer coherency: ok
[    0.060797] CPU0: thread -1, cpu 0, socket 0, mpidr 80000000
[    0.060885] Setting up static identity map for 0x807bf748 - 0x807bf7e0
[    0.062811] CPU1: Booted secondary processor
[    0.119979] CPU1: thread -1, cpu 1, socket 0, mpidr 80000001
[    0.120839] CPU2: Booted secondary processor
[    0.179978] CPU2: thread -1, cpu 2, socket 0, mpidr 80000002
[    0.180832] CPU3: Booted secondary processor
[    0.239978] CPU3: thread -1, cpu 3, socket 0, mpidr 80000003
[    0.240042] Brought up 4 CPUs
[    0.240058] SMP: Total of 4 processors activated.
[    0.240063] CPU: All CPU(s) started in SVC mode.
[    0.240568] devtmpfs: initialized
[    0.243103] VFP support v0.3: implementor 41 architecture 3 part 30 variant 9 rev 4
[    0.243392] pinctrl core: initialized pinctrl subsystem
[    0.243672] regulator-dummy: no parameters
[    0.249946] NET: Registered protocol family 16
[    0.253025] DMA: preallocated 256 KiB pool for atomic coherent allocations
[    0.253794] cpuidle: using governor ladder
[    0.253804] cpuidle: using governor menu
[    0.260127] No ATAGs?
[    0.261242] Serial: AMBA PL011 UART driver
[    0.291830] edma-dma-engine edma-dma-engine.0: Can't allocate PaRAM dummy slot
[    0.291850] edma-dma-engine: probe of edma-dma-engine.0 failed with error -5
[    0.292170] vdd_5v_in: 5000 mV 
[    0.292264] platform regulator.6: Driver reg-fixed-voltage requests probe deferral
[    0.292298] platform regulator.7: Driver reg-fixed-voltage requests probe deferral
[    0.292385] vdd_5v_sata: Failed to request enable GPIO30: -517
[    0.292435] reg-fixed-voltage regulator.8: Failed to register regulator: -517
[    0.292445] platform regulator.8: Driver reg-fixed-voltage requests probe deferral
[    0.292526] usb1_vbus: Failed to request enable GPIO238: -517
[    0.292568] reg-fixed-voltage regulator.9: Failed to register regulator: -517
[    0.292579] platform regulator.9: Driver reg-fixed-voltage requests probe deferral
[    0.292660] usb3_vbus: Failed to request enable GPIO236: -517
[    0.292701] reg-fixed-voltage regulator.10: Failed to register regulator: -517
[    0.292710] platform regulator.10: Driver reg-fixed-voltage requests probe deferral
[    0.292743] platform regulator.11: Driver reg-fixed-voltage requests probe deferral
[    0.292824] sys_3v3_pexs: Failed to request enable GPIO95: -517
[    0.292865] reg-fixed-voltage regulator.12: Failed to register regulator: -517
[    0.292875] platform regulator.12: Driver reg-fixed-voltage requests probe deferral
[    0.292954] +VDD_5V_HDMI: 5000 mV 
[    0.292980] reg-fixed-voltage regulator.13: Failed to find supply vin
[    0.293024] reg-fixed-voltage regulator.13: Failed to register regulator: -517
[    0.293034] platform regulator.13: Driver reg-fixed-voltage requests probe deferral
[    0.294294] vgaarb: loaded
[    0.294653] SCSI subsystem initialized
[    0.294780] libata version 3.00 loaded.
[    0.294964] usbcore: registered new interface driver usbfs
[    0.295001] usbcore: registered new interface driver hub
[    0.295066] usbcore: registered new device driver usb
[    0.309970] vdd_1v8_gen: 1800 mV 
[    0.310017] vdd_1v8_gen: supplied by vdd_5v_in
[    0.319966] vddio_ddr_1v2: 1200 mV 
[    0.320463] vddio_ddr_1v2: supplied by vdd_5v_in
[    0.329965] vdd_1v5_gen: 1500 mV 
[    0.329997] vdd_1v5_gen: supplied by vdd_5v_in
[    0.339965] vdd_cpu,vdd_sys: 1000 mV 
[    0.342318] vdd_pexa,vdd_pexb: 1050 mV 
[    0.342347] vdd_pexa,vdd_pexb: supplied by vdd_1v5_gen
[    0.345038] vdd_sata,avdd_plle: 1050 mV 
[    0.345066] vdd_sata,avdd_plle: supplied by vdd_1v5_gen
[    0.349966] vdd_rtc: 1200 mV 
[    0.350007] vdd_rtc: supplied by vdd_5v_in
[    0.359965] vddio_sdmmc,avdd_vdac: 3300 mV 
[    0.359995] vddio_sdmmc,avdd_vdac: supplied by vdd_5v_in
[    0.362688] avdd_dsi_csi,pwrdet_mipi: 1200 mV 
[    0.362718] avdd_dsi_csi,pwrdet_mipi: supplied by vdd_1v8_gen
[    0.369965] vdd_pllm,x,u,a_p_c_s: 1200 mV 
[    0.369994] vdd_pllm,x,u,a_p_c_s: supplied by vdd_1v8_gen
[    0.379964] vdd_ddr_hs: 1000 mV 
[    0.379993] vdd_ddr_hs: supplied by vdd_1v8_gen
[    0.381740] tps62361-vout: 500 <--> 1500 mV at 1160 mV 
[    0.381879] Linux video capture interface: v2.00
[    0.381919] pps_core: LinuxPPS API ver. 1 registered
[    0.381924] pps_core: Software ver. 5.3.6 - Copyright 2005-2007 Rodolfo Giometti <giometti@linux.it>
[    0.381940] PTP clock support registered
[    0.381984] EDAC MC: Ver: 3.0.0
[    0.382439] platform 7000f010.iommu: Driver tegra-smmu requests probe deferral
[    0.382562] Advanced Linux Sound Architecture Driver Initialized.
[    0.383280] Switched to clocksource timer_us
[    0.389035] NET: Registered protocol family 2
[    0.389384] TCP established hash table entries: 8192 (order: 3, 32768 bytes)
[    0.389432] TCP bind hash table entries: 8192 (order: 4, 65536 bytes)
[    0.389515] TCP: Hash tables configured (established 8192 bind 8192)
[    0.389582] TCP: reno registered
[    0.389594] UDP hash table entries: 512 (order: 2, 16384 bytes)
[    0.389654] UDP-Lite hash table entries: 512 (order: 2, 16384 bytes)
[    0.389829] NET: Registered protocol family 1
[    0.390081] RPC: Registered named UNIX socket transport module.
[    0.390088] RPC: Registered udp transport module.
[    0.390092] RPC: Registered tcp transport module.
[    0.390096] RPC: Registered tcp NFSv4.1 backchannel transport module.
[    0.390112] PCI: CLS 0 bytes, default 64
[    0.391383] futex hash table entries: 1024 (order: 4, 65536 bytes)
[    0.392305] bounce: pool size: 64 pages
[    0.397588] squashfs: version 4.0 (2009/01/31) Phillip Lougher
[    0.398008] NFS: Registering the id_resolver key type
[    0.398044] Key type id_resolver registered
[    0.398049] Key type id_legacy registered
[    0.398087] msgmni has been set to 1465
[    0.398446] Block layer SCSI generic (bsg) driver version 0.4 loaded (major 249)
[    0.398460] io scheduler noop registered
[    0.398468] io scheduler deadline registered
[    0.398579] io scheduler cfq registered (default)
[    0.401541] platform 3000.pcie-controller: Driver tegra-pcie requests probe deferral
[    0.404108] tegra-apbdma 6000a000.dma: Tegra20 APB DMA driver register 32 channels
[    0.437308] Serial: 8250/16550 driver, 4 ports, IRQ sharing disabled
[    0.438325] Serial: IMX driver
[    0.438547] msm_serial: driver initialized
[    0.439118] console [ttyS0] disabled
[    0.439147] 70006000.serial: ttyS0 at MMIO 0x70006000 (irq = 68, base_baud = 25500000) is a Tegra
[    1.324497] console [ttyS0] enabled
[    1.328444] STMicroelectronics ASC driver initialized
[    1.333921] serial: Freescale lpuart driver
[    1.338226] [drm] Initialized drm 1.1.0 20060810
[    1.343358] tegra-hdmi 54280000.hdmi: failed to get HDMI regulator
[    1.349533] platform 54280000.hdmi: Driver tegra-hdmi requests probe deferral
[    1.360071] loop: module loaded
[    1.367026] pegasus: v0.9.3 (2013/04/25), Pegasus/Pegasus II USB Ethernet driver
[    1.374478] usbcore: registered new interface driver pegasus
[    1.380159] usbcore: registered new interface driver asix
[    1.385587] usbcore: registered new interface driver ax88179_178a
[    1.391690] usbcore: registered new interface driver cdc_ether
[    1.397562] usbcore: registered new interface driver smsc75xx
[    1.403341] usbcore: registered new interface driver smsc95xx
[    1.409097] usbcore: registered new interface driver net1080
[    1.414774] usbcore: registered new interface driver cdc_subset
[    1.420703] usbcore: registered new interface driver zaurus
[    1.426337] usbcore: registered new interface driver cdc_ncm
[    1.432005] ehci_hcd: USB 2.0 'Enhanced' Host Controller (EHCI) Driver
[    1.438526] ehci-pci: EHCI PCI platform driver
[    1.442986] ehci-platform: EHCI generic platform driver
[    1.448308] ehci-omap: OMAP-EHCI Host Controller driver
[    1.453588] ehci-orion: EHCI orion driver
[    1.457655] SPEAr-ehci: EHCI SPEAr driver
[    1.461712] tegra-ehci: Tegra EHCI driver
[    1.465852] platform 7d004000.usb: Driver tegra-ehci requests probe deferral
[    1.472923] platform 7d008000.usb: Driver tegra-ehci requests probe deferral
[    1.480233] usbcore: registered new interface driver usb-storage
[    1.486554] platform 7d004000.usb-phy: Driver tegra-phy requests probe deferral
[    1.493907] platform 7d008000.usb-phy: Driver tegra-phy requests probe deferral
[    1.501996] mousedev: PS/2 mouse device common for all mice
[    1.508635] tegra_rtc 7000e000.rtc: rtc core: registered 7000e000.rtc as rtc1
[    1.515786] tegra_rtc 7000e000.rtc: Tegra internal Real Time Clock
[    1.534685] tps65910-rtc tps65910-rtc: rtc core: registered tps65910-rtc as rtc0
[    1.542173] i2c /dev entries driver
[    1.546475] usbcore: registered new interface driver uvcvideo
[    1.552206] USB Video Class driver (1.1.1)
[    1.556302] gspca_main: v2.14.0 registered
[    1.562138] sdhci: Secure Digital Host Controller Interface driver
[    1.568313] sdhci: Copyright(c) Pierre Ossman
[    1.573089] sdhci-pltfm: SDHCI platform and OF driver helper
[    1.579179] sdhci-tegra 78000000.sdhci: Got CD GPIO #69.
[    1.584501] sdhci-tegra 78000000.sdhci: Got WP GPIO #155.
[    1.590923] mmc0: no vqmmc regulator found
[    1.595019] mmc0: no vmmc regulator found
[    1.599015] mmc0: Invalid maximum block size, assuming 512 bytes
[    1.643289] mmc0: SDHCI controller on 78000000.sdhci [78000000.sdhci] using ADMA
[    1.651738] mmc1: no vqmmc regulator found
[    1.655837] mmc1: no vmmc regulator found
[    1.659834] mmc1: Invalid maximum block size, assuming 512 bytes
[    1.703284] mmc1: SDHCI controller on 78000600.sdhci [78000600.sdhci] using ADMA
[    1.712967] usbcore: registered new interface driver usbhid
[    1.720544] usbhid: USB HID core driver
[    1.871692] mmc1: new high speed MMC card at address 0001
[    1.877324] mmcblk0: mmc1:0001 SEM16G 14.8 GiB 
[    1.881918] mmcblk0boot0: mmc1:0001 SEM16G partition 1 1.00 MiB
[    1.887900] mmcblk0boot1: mmc1:0001 SEM16G partition 2 1.00 MiB
[    1.893894] mmcblk0rpmb: mmc1:0001 SEM16G partition 3 128 KiB
[    1.903525] Primary GPT is invalid, using alternate GPT.
[    1.908839]  mmcblk0: p1 p2 p3 p4 p5
[    1.916305]  mmcblk0boot1: unknown partition table
[    1.923963]  mmcblk0boot0: unknown partition table
[    2.144252] tegra30-i2s 70080400.i2s: DMA channels sourced from device 70080000.ahub
[    2.159863] tegra-snd-rt5640 sound.14: rt5640-aif1 <-> 70080400.i2s mapping ok
[    2.169118] input: NVIDIA Tegra Beaver Headphones as /devices/soc0/sound.14/sound/card0/input0
[    2.178637] TCP: cubic registered
[    2.181950] NET: Registered protocol family 17
[    2.186553] Key type dns_resolver registered
[    2.191154] ThumbEE CPU extension supported.
[    2.195445] Registering SWP/SWPB emulation handler
[    2.200673] vdd_sata,avdd_plle: disabling
[    2.206750] chargepump_5v: 5000 mV 
[    2.212133] vdd_ddr: 1500 mV 
[    2.215133] vdd_ddr: supplied by vdd_5v_in
[    2.219393] vdd_5v_sata: 5000 mV 
[    2.222714] vdd_5v_sata: supplied by vdd_5v_in
[    2.227338] usb1_vbus: 5000 mV 
[    2.230486] usb1_vbus: supplied by vdd_5v_in
[    2.234912] usb3_vbus: 5000 mV 
[    2.238072] usb3_vbus: supplied by vdd_5v_in
[    2.243870] sys_3v3,vdd_3v3_alw: 3300 mV 
[    2.247886] sys_3v3,vdd_3v3_alw: supplied by vdd_5v_in
[    2.253212] sys_3v3_pexs: 3300 mV 
[    2.256639] sys_3v3_pexs: supplied by sys_3v3,vdd_3v3_alw
[    2.262188] +VDD_5V_HDMI: 5000 mV 
[    2.265608] +VDD_5V_HDMI: supplied by sys_3v3,vdd_3v3_alw
[    2.271483] tegra-pcie 3000.pcie-controller: 2x3 configuration
[    2.281839] tegra-pcie 3000.pcie-controller: probing port 0, using 2 lanes
[    2.342955] tegra-pcie 3000.pcie-controller: probing port 2, using 2 lanes
[    2.753581] tegra-pcie 3000.pcie-controller: link 2 down, retrying
[    3.163484] tegra-pcie 3000.pcie-controller: link 2 down, retrying
[    3.573380] tegra-pcie 3000.pcie-controller: link 2 down, retrying
[    3.581557] tegra-pcie 3000.pcie-controller: link 2 down, ignoring
[    3.587849] tegra-pcie 3000.pcie-controller: PCI host bridge to bus 0000:00
[    3.594810] pci_bus 0000:00: root bus resource [mem 0x20000000-0x27ffffff]
[    3.601669] pci_bus 0000:00: root bus resource [mem 0x28000000-0x3fffffff pref]
[    3.608969] pci_bus 0000:00: root bus resource [bus 00-ff]
[    3.614447] pci_bus 0000:00: root bus resource [io  0x1000-0xffff]
[    3.620632] pci 0000:00:01.0: [10de:0e1c] type 01 class 0x060400
[    3.626682] pci 0000:00:01.0: PME# supported from D0 D1 D2 D3hot D3cold
[    3.633427] PCI: bus0: Fast back to back transfers disabled
[    3.638987] pci 0000:00:01.0: bridge configuration invalid ([bus 00-00]), reconfiguring
[    3.647089] pci 0000:01:00.0: [10ec:8168] type 00 class 0x020000
[    3.653098] pci 0000:01:00.0: reg 0x10: [io  0x0000-0x00ff]
[    3.658680] pci 0000:01:00.0: reg 0x18: [mem 0x00000000-0x00000fff 64bit pref]
[    3.665899] pci 0000:01:00.0: reg 0x20: [mem 0x00000000-0x00003fff 64bit pref]
[    3.673148] pci 0000:01:00.0: supports D1 D2
[    3.677413] pci 0000:01:00.0: PME# supported from D0 D1 D2 D3hot D3cold
[    3.684140] PCI: bus1: Fast back to back transfers disabled
[    3.689702] pci_bus 0000:01: busn_res: [bus 01-ff] end is updated to 01
[    3.696367] pci 0000:00:01.0: BAR 9: assigned [mem 0x28000000-0x280fffff 64bit pref]
[    3.704106] pci 0000:00:01.0: BAR 7: assigned [io  0x1000-0x1fff]
[    3.710188] pci 0000:01:00.0: BAR 4: assigned [mem 0x28000000-0x28003fff 64bit pref]
[    3.717928] pci 0000:01:00.0: BAR 2: assigned [mem 0x28004000-0x28004fff 64bit pref]
[    3.725666] pci 0000:01:00.0: BAR 0: assigned [io  0x1000-0x10ff]
[    3.731747] pci 0000:00:01.0: PCI bridge to [bus 01]
[    3.736706] pci 0000:00:01.0:   bridge window [io  0x1000-0x1fff]
[    3.742786] pci 0000:00:01.0:   bridge window [mem 0x28000000-0x280fffff 64bit pref]
[    3.750529] pci 0000:00:01.0: nv_msi_ht_cap_quirk didn't locate host bridge
[    3.757625] r8169 Gigabit Ethernet driver 2.3LK-NAPI loaded
[    3.763207] r8169 0000:01:00.0: enabling device (0140 -> 0143)
[    3.769575] r8169 0000:01:00.0 eth0: RTL8168evl/8111evl at 0xf002e000, 02:04:4b:01:60:a6, XID 0c900800 IRQ 472
[    3.779570] r8169 0000:01:00.0 eth0: jumbo features [frames: 9200 bytes, tx checksumming: ko]
[    3.790000] [drm] Supports vblank timestamp caching Rev 2 (21.10.2013).
[    3.796644] [drm] No driver support for vblank timestamp query.
[    3.802578] host1x drm: No connectors reported connected with modes
[    3.808860] [drm] Cannot find any crtc or sizes - going 1024x768
[    3.829582] Console: switching to colour frame buffer device 128x48
[    3.842080] host1x drm: fb0:  frame buffer device
[    3.846781] host1x drm: registered panic notifier
[    3.873678] [drm] Initialized tegra 0.0.0 20120330 on minor 0
[    3.879873] platform 7d004000.usb: Driver tegra-ehci requests probe deferral
[    3.887259] platform 7d008000.usb: Driver tegra-ehci requests probe deferral
[    3.898624] tegra-ehci 7d004000.usb: EHCI Host Controller
[    3.904044] tegra-ehci 7d004000.usb: new USB bus registered, assigned bus number 1
[    3.911836] tegra-ehci 7d004000.usb: irq 53, io mem 0x7d004000
[    3.933288] tegra-ehci 7d004000.usb: USB 2.0 started, EHCI 1.00
[    3.939650] hub 1-0:1.0: USB hub found
[    3.943428] hub 1-0:1.0: 1 port detected
[    3.947772] tegra-ehci 7d008000.usb: EHCI Host Controller
[    3.953168] tegra-ehci 7d008000.usb: new USB bus registered, assigned bus number 2
[    3.960916] tegra-ehci 7d008000.usb: irq 129, io mem 0x7d008000
[    3.983674] tegra-ehci 7d008000.usb: USB 2.0 started, EHCI 1.00
[    3.989966] hub 2-0:1.0: USB hub found
[    3.993739] hub 2-0:1.0: 1 port detected
[    4.001639] tps65910-rtc tps65910-rtc: setting system clock to 2000-01-01 00:00:02 UTC (946684802)
[    4.014558] ALSA device list:
[    4.017522]   #0: NVIDIA Tegra Beaver
[    4.023788] EXT4-fs (mmcblk0p1): mounting ext3 file system using the ext4 subsystem
[    4.048664] EXT4-fs (mmcblk0p1): warning: mounting fs with errors, running e2fsck is recommended
[    4.058963] EXT4-fs (mmcblk0p1): recovery complete
[    4.063775] EXT4-fs (mmcblk0p1): mounted filesystem with ordered data mode. Opts: (null)
[    4.071876] VFS: Mounted root (ext3 filesystem) on device 179:1.
[    4.096542] devtmpfs: mounted
[    4.099981] Freeing unused kernel memory: 556K (c0a53000 - c0ade000)
[    4.313896] usb 2-1: new high-speed USB device number 2 using tegra-ehci
bash: cannot set terminal process group (-1): Inappropriate ioctl for device
bash: no job control in this shell
root@(none):/# [    4.804651] asix 2-1:1.0 eth1: register 'asix' at usb-7d008000.usb-1, ASIX AX88772 USB 2.0 Ethernet, 00:50:b6:0f:68:6d
