Diff for ./tegra114-dalmore-a04/tegra114-dalmore/multi_v7_defconfig_log.txt
--- /tmp/fooa	2014-04-06 23:36:51.905714412 -0700
+++ /tmp/foob	2014-04-06 23:36:51.909714414 -0700
@@ -35,10 +35,10 @@
 	 #################################################################
 	 #################################################################
 	 #################################################################
-	 ###########################################################
-	 3.4 MiB/s
+	 ##########################################################
+	 3.5 MiB/s
 done
-Bytes transferred = 4674072 (475218 hex)
+Bytes transferred = 4660544 (471d40 hex)
 Tegra114 (Dalmore) # tftpboot 0x82000000 tegra114-dalmore.dtb
 Using asx0 device
 TFTP from server 192.168.100.1; our IP address is 192.168.100.100
@@ -49,7 +49,7 @@
 done
 Bytes transferred = 33963 (84ab hex)
 Tegra114 (Dalmore) # bootz 0x81000000 - 0x82000000
-Kernel image @ 0x81000000 [ 0x000000 - 0x475218 ]
+Kernel image @ 0x81000000 [ 0x000000 - 0x471d40 ]
 ## Flattened Device Tree blob at 82000000
    Booting using the fdt blob at 0x82000000
    Loading Device Tree to 8fff4000, end 8ffff4aa ... OK
@@ -57,7 +57,7 @@
 Starting kernel ...
 
 Booting Linux on physical CPU 0x0
-Linux version 3.14.0-next-20140403-52451-g4b22efd (pwalmsley@tamien) (gcc version 4.7.3 20130328 (prerelease) (crosstool-NG linaro-1.13.1-4.7-2013.04-20130415 - Linaro GCC 2013.04) ) #1 SMP Wed Apr 2 22:21:49 PDT 2014
+Linux version 3.14.0-next-20140407-52403-gabfcdfd (pwalmsley@tamien) (gcc version 4.7.3 20130328 (prerelease) (crosstool-NG linaro-1.13.1-4.7-2013.04-20130415 - Linaro GCC 2013.04) ) #1 SMP Sun Apr 6 23:07:50 PDT 2014
 CPU: ARMv7 Processor [412fc0f2] revision 2 (ARMv7), cr=10c5387d
 CPU: PIPT / VIPT nonaliasing data cache, PIPT instruction cache
 Machine model: NVIDIA Tegra114 Dalmore evaluation board
@@ -65,7 +65,7 @@
 cma: CMA: reserved 64 MiB at ab800000
 Memory policy: Data cache writealloc
 On node 0 totalpages: 524032
-free_area_init_node: node 0, pgdat c0b9a9c0, node_mem_map ea7d9000
+free_area_init_node: node 0, pgdat c0b93c40, node_mem_map ea7d9000
   DMA zone: 1520 pages used for memmap
   DMA zone: 0 pages reserved
   DMA zone: 194560 pages, LIFO batch:31
@@ -80,7 +80,7 @@
 PID hash table entries: 4096 (order: 2, 16384 bytes)
 Dentry cache hash table entries: 131072 (order: 7, 524288 bytes)
 Inode-cache hash table entries: 65536 (order: 6, 262144 bytes)
-Memory: 2002864K/2096128K available (6042K kernel code, 793K rwdata, 2424K rodata, 544K init, 289K bss, 93264K reserved, 1317888K highmem)
+Memory: 2002888K/2096128K available (6025K kernel code, 790K rwdata, 2420K rodata, 544K init, 289K bss, 93240K reserved, 1317888K highmem)
 Virtual kernel memory layout:
     vector  : 0xffff0000 - 0xffff1000   (   4 kB)
     fixmap  : 0xfff00000 - 0xfffe0000   ( 896 kB)
@@ -88,10 +88,10 @@
     lowmem  : 0xc0000000 - 0xef800000   ( 760 MB)
     pkmap   : 0xbfe00000 - 0xc0000000   (   2 MB)
     modules : 0xbf000000 - 0xbfe00000   (  14 MB)
-      .text : 0xc0208000 - 0xc0a4cb54   (8467 kB)
-      .init : 0xc0a4d000 - 0xc0ad5000   ( 544 kB)
-      .data : 0xc0ad6000 - 0xc0b9c660   ( 794 kB)
-       .bss : 0xc0b9c668 - 0xc0be4e20   ( 290 kB)
+      .text : 0xc0208000 - 0xc0a479c4   (8447 kB)
+      .init : 0xc0a48000 - 0xc0ad0000   ( 544 kB)
+      .data : 0xc0ad0000 - 0xc0b958e0   ( 791 kB)
+       .bss : 0xc0b958e8 - 0xc0bde020   ( 290 kB)
 SLUB: HWalign=64, Order=0-3, MinObjects=0, CPUs=4, Nodes=1
 Hierarchical RCU implementation.
 NR_IRQS:16 nr_irqs:16 16
@@ -110,7 +110,7 @@
 /cpus/cpu@2 missing clock-frequency property
 /cpus/cpu@3 missing clock-frequency property
 CPU0: thread -1, cpu 0, socket 0, mpidr 80000000
-Setting up static identity map for 0x807b5678 - 0x807b5710
+Setting up static identity map for 0x807b2170 - 0x807b2208
 CPU1: Booted secondary processor
 CPU1: thread -1, cpu 1, socket 0, mpidr 80000001
 CPU2: Booted secondary processor
@@ -351,7 +351,7 @@
 hub 1-0:1.0: USB hub found
 hub 1-0:1.0: 1 port detected
 input: gpio-keys.3 as /devices/soc0/gpio-keys.3/input/input1
-palmas-rtc rtc.8: setting system clock to 2000-02-16 20:34:28 UTC (950733268)
+palmas-rtc rtc.8: setting system clock to 2000-02-20 21:20:38 UTC (951081638)
 ALSA device list:
   #0: NVIDIA Tegra Dalmore
 EXT4-fs (mmcblk0p1): mounting ext3 file system using the ext4 subsystem
@@ -359,7 +359,7 @@
 EXT4-fs (mmcblk0p1): mounted filesystem with ordered data mode. Opts: (null)
 VFS: Mounted root (ext3 filesystem) on device 179:1.
 devtmpfs: mounted
-Freeing unused kernel memory: 544K (c0a4d000 - c0ad5000)
+Freeing unused kernel memory: 544K (c0a48000 - c0ad0000)
 bash: cannot set terminal process group (-1): Inappropriate ioctl for device
 bash: no job control in this shell
 usb 1-1: new high-speed USB device number 2 using tegra-ehci
Diff for ./tegra114-dalmore-a04/tegra114-dalmore/tegra_defconfig_log.txt
--- /tmp/fooa	2014-04-06 23:36:51.913714416 -0700
+++ /tmp/foob	2014-04-06 23:36:51.917714418 -0700
@@ -35,21 +35,21 @@
 	 #################################################################
 	 #################################################################
 	 #################################################################
-	 #####################################
+	 ####################################
 	 3.5 MiB/s
 done
-Bytes transferred = 4345480 (424e88 hex)
+Bytes transferred = 4338648 (4233d8 hex)
 Tegra114 (Dalmore) # tftpboot 0x82000000 tegra114-dalmore.dtb
 Using asx0 device
 TFTP from server 192.168.100.1; our IP address is 192.168.100.100
 Filename 'tegra114-dalmore.dtb'.
 Load address: 0x82000000
 Loading: *###
-	 3.2 MiB/s
+	 2.7 MiB/s
 done
 Bytes transferred = 33963 (84ab hex)
 Tegra114 (Dalmore) # bootz 0x81000000 - 0x82000000
-Kernel image @ 0x81000000 [ 0x000000 - 0x424e88 ]
+Kernel image @ 0x81000000 [ 0x000000 - 0x4233d8 ]
 ## Flattened Device Tree blob at 82000000
    Booting using the fdt blob at 0x82000000
    Loading Device Tree to 8fff4000, end 8ffff4aa ... OK
@@ -60,7 +60,7 @@
 Booting Linux on physical CPU 0x0
 Initializing cgroup subsys cpu
 Initializing cgroup subsys cpuacct
-Linux version 3.14.0-next-20140403-52451-g4b22efd (pwalmsley@tamien) (gcc version 4.7.3 20130328 (prerelease) (crosstool-NG linaro-1.13.1-4.7-2013.04-20130415 - Linaro GCC 2013.04) ) #1 SMP PREEMPT Wed Apr 2 22:18:40 PDT 2014
+Linux version 3.14.0-next-20140407-52403-gabfcdfd (pwalmsley@tamien) (gcc version 4.7.3 20130328 (prerelease) (crosstool-NG linaro-1.13.1-4.7-2013.04-20130415 - Linaro GCC 2013.04) ) #1 SMP PREEMPT Sun Apr 6 23:04:30 PDT 2014
 CPU: ARMv7 Processor [412fc0f2] revision 2 (ARMv7), cr=10c5387d
 CPU: PIPT / VIPT nonaliasing data cache, PIPT instruction cache
 Machine model: NVIDIA Tegra114 Dalmore evaluation board
@@ -68,7 +68,7 @@
 cma: CMA: reserved 64 MiB at ab800000
 Memory policy: Data cache writealloc
 On node 0 totalpages: 524032
-free_area_init_node: node 0, pgdat c0852240, node_mem_map ea7d8000
+free_area_init_node: node 0, pgdat c084f400, node_mem_map ea7d8000
   Normal zone: 1520 pages used for memmap
   Normal zone: 0 pages reserved
   Normal zone: 194560 pages, LIFO batch:31
@@ -83,7 +83,7 @@
 PID hash table entries: 4096 (order: 2, 16384 bytes)
 Dentry cache hash table entries: 131072 (order: 7, 524288 bytes)
 Inode-cache hash table entries: 65536 (order: 6, 262144 bytes)
-Memory: 2004104K/2096128K available (5920K kernel code, 334K rwdata, 1972K rodata, 260K init, 345K bss, 92024K reserved, 1317888K highmem)
+Memory: 2004112K/2096128K available (5912K kernel code, 331K rwdata, 1972K rodata, 260K init, 345K bss, 92016K reserved, 1317888K highmem)
 Virtual kernel memory layout:
     vector  : 0xffff0000 - 0xffff1000   (   4 kB)
     fixmap  : 0xfff00000 - 0xfffe0000   ( 896 kB)
@@ -91,10 +91,10 @@
     lowmem  : 0xc0000000 - 0xef800000   ( 760 MB)
     pkmap   : 0xbfe00000 - 0xc0000000   (   2 MB)
     modules : 0xbf000000 - 0xbfe00000   (  14 MB)
-      .text : 0xc0008000 - 0xc07bd46c   (7894 kB)
-      .init : 0xc07be000 - 0xc07ff3c0   ( 261 kB)
-      .data : 0xc0800000 - 0xc0853a80   ( 335 kB)
-       .bss : 0xc0853a8c - 0xc08a9fd0   ( 346 kB)
+      .text : 0xc0008000 - 0xc07bb3f4   (7885 kB)
+      .init : 0xc07bc000 - 0xc07fd3c0   ( 261 kB)
+      .data : 0xc07fe000 - 0xc0850c40   ( 332 kB)
+       .bss : 0xc0850c4c - 0xc08a7150   ( 346 kB)
 Preemptible hierarchical RCU implementation.
 NR_IRQS:16 nr_irqs:16 16
 sched_clock: 32 bits at 1000kHz, resolution 1000ns, wraps every 2147483648000ns
@@ -114,7 +114,7 @@
 /cpus/cpu@2 missing clock-frequency property
 /cpus/cpu@3 missing clock-frequency property
 CPU0: thread -1, cpu 0, socket 0, mpidr 80000000
-Setting up static identity map for 0x8059cf58 - 0x8059cff0
+Setting up static identity map for 0x8059b050 - 0x8059b0e8
 CPU1: Booted secondary processor
 CPU1: thread -1, cpu 1, socket 0, mpidr 80000001
 CPU2: Booted secondary processor
@@ -353,7 +353,7 @@
 hub 1-0:1.0: USB hub found
 hub 1-0:1.0: 1 port detected
 input: gpio-keys.3 as /devices/soc0/gpio-keys.3/input/input1
-palmas-rtc rtc.8: setting system clock to 2000-02-16 20:32:33 UTC (950733153)
+palmas-rtc rtc.8: setting system clock to 2000-02-20 21:18:14 UTC (951081494)
 ALSA device list:
   #0: NVIDIA Tegra Dalmore
 kjournald starting.  Commit interval 5 seconds
@@ -362,7 +362,7 @@
 EXT3-fs (mmcblk0p1): mounted filesystem with writeback data mode
 VFS: Mounted root (ext3 filesystem) on device 179:1.
 devtmpfs: mounted
-Freeing unused kernel memory: 260K (c07be000 - c07ff000)
+Freeing unused kernel memory: 260K (c07bc000 - c07fd000)
 bash: cannot set terminal process group (-1): Inappropriate ioctl for device
 bash: no job control in this shell
-root@(none):/# [    2.830020] usb 1-1: new high-speed USB device number 2 using tegra-ehci
+root@(none):/# [    2.840019] usb 1-1: new high-speed USB device number 2 using tegra-ehci
Diff for ./tegra114-dalmore-a04/tegra114-dalmore/tegra_defconfig%tegra114_mergeconfig_log.txt
--- /tmp/fooa	2014-04-06 23:36:51.953714432 -0700
+++ /tmp/foob	2014-04-06 23:36:51.953714432 -0700
@@ -38,18 +38,18 @@
 	 ##################################
 	 3.5 MiB/s
 done
-Bytes transferred = 4309608 (41c268 hex)
+Bytes transferred = 4303936 (41ac40 hex)
 Tegra114 (Dalmore) # tftpboot 0x82000000 tegra114-dalmore.dtb
 Using asx0 device
 TFTP from server 192.168.100.1; our IP address is 192.168.100.100
 Filename 'tegra114-dalmore.dtb'.
 Load address: 0x82000000
 Loading: *###
-	 2.9 MiB/s
+	 3.2 MiB/s
 done
 Bytes transferred = 33963 (84ab hex)
 Tegra114 (Dalmore) # bootz 0x81000000 - 0x82000000
-Kernel image @ 0x81000000 [ 0x000000 - 0x41c268 ]
+Kernel image @ 0x81000000 [ 0x000000 - 0x41ac40 ]
 ## Flattened Device Tree blob at 82000000
    Booting using the fdt blob at 0x82000000
    Loading Device Tree to 8fff4000, end 8ffff4aa ... OK
@@ -60,7 +60,7 @@
 Booting Linux on physical CPU 0x0
 Initializing cgroup subsys cpu
 Initializing cgroup subsys cpuacct
-Linux version 3.14.0-next-20140403-52451-g4b22efd (pwalmsley@tamien) (gcc version 4.7.3 20130328 (prerelease) (crosstool-NG linaro-1.13.1-4.7-2013.04-20130415 - Linaro GCC 2013.04) ) #1 SMP PREEMPT Wed Apr 2 22:30:23 PDT 2014
+Linux version 3.14.0-next-20140407-52403-gabfcdfd (pwalmsley@tamien) (gcc version 4.7.3 20130328 (prerelease) (crosstool-NG linaro-1.13.1-4.7-2013.04-20130415 - Linaro GCC 2013.04) ) #1 SMP PREEMPT Sun Apr 6 23:16:27 PDT 2014
 CPU: ARMv7 Processor [412fc0f2] revision 2 (ARMv7), cr=10c5387d
 CPU: PIPT / VIPT nonaliasing data cache, PIPT instruction cache
 Machine model: NVIDIA Tegra114 Dalmore evaluation board
@@ -68,7 +68,7 @@
 cma: CMA: reserved 64 MiB at ab800000
 Memory policy: Data cache writealloc
 On node 0 totalpages: 524032
-free_area_init_node: node 0, pgdat c0834300, node_mem_map ea7d8000
+free_area_init_node: node 0, pgdat c08314c0, node_mem_map ea7d8000
   Normal zone: 1520 pages used for memmap
   Normal zone: 0 pages reserved
   Normal zone: 194560 pages, LIFO batch:31
@@ -83,7 +83,7 @@
 PID hash table entries: 4096 (order: 2, 16384 bytes)
 Dentry cache hash table entries: 131072 (order: 7, 524288 bytes)
 Inode-cache hash table entries: 65536 (order: 6, 262144 bytes)
-Memory: 2004220K/2096128K available (5899K kernel code, 318K rwdata, 1904K rodata, 244K init, 345K bss, 91908K reserved, 1317888K highmem)
+Memory: 2004232K/2096128K available (5891K kernel code, 315K rwdata, 1904K rodata, 244K init, 345K bss, 91896K reserved, 1317888K highmem)
 Virtual kernel memory layout:
     vector  : 0xffff0000 - 0xffff1000   (   4 kB)
     fixmap  : 0xfff00000 - 0xfffe0000   ( 896 kB)
@@ -91,10 +91,10 @@
     lowmem  : 0xc0000000 - 0xef800000   ( 760 MB)
     pkmap   : 0xbfe00000 - 0xc0000000   (   2 MB)
     modules : 0xbf000000 - 0xbfe00000   (  14 MB)
-      .text : 0xc0008000 - 0xc07a70fc   (7805 kB)
-      .init : 0xc07a8000 - 0xc07e53c0   ( 245 kB)
-      .data : 0xc07e6000 - 0xc0835b40   ( 319 kB)
-       .bss : 0xc0835b4c - 0xc088c050   ( 346 kB)
+      .text : 0xc0008000 - 0xc07a5084   (7797 kB)
+      .init : 0xc07a6000 - 0xc07e33c0   ( 245 kB)
+      .data : 0xc07e4000 - 0xc0832d00   ( 316 kB)
+       .bss : 0xc0832d0c - 0xc08891d0   ( 346 kB)
 Preemptible hierarchical RCU implementation.
 NR_IRQS:16 nr_irqs:16 16
 sched_clock: 32 bits at 1000kHz, resolution 1000ns, wraps every 2147483648000ns
@@ -114,7 +114,7 @@
 /cpus/cpu@2 missing clock-frequency property
 /cpus/cpu@3 missing clock-frequency property
 CPU0: thread -1, cpu 0, socket 0, mpidr 80000000
-Setting up static identity map for 0x80597598 - 0x80597630
+Setting up static identity map for 0x80595718 - 0x805957b0
 CPU1: Booted secondary processor
 CPU1: thread -1, cpu 1, socket 0, mpidr 80000001
 CPU2: Booted secondary processor
@@ -360,7 +360,7 @@
 platform sound.5: Driver tegra-snd-rt5640 requests probe deferral
 input: gpio-keys.3 as /devices/soc0/gpio-keys.3/input/input0
 tegra-snd-rt5640 sound.5: ASoC: CPU DAI (null) not registered
-palmas-rtc rtc.8: setting system clock to 2000-02-16 20:43:09 UTC (950733789)
+palmas-rtc rtc.8: setting system clock to 2000-02-20 21:29:18 UTC (951082158)
 tegra-snd-rt5640 sound.5: snd_soc_register_card failed (-517)
 platform sound.5: Driver tegra-snd-rt5640 requests probe deferral
 ALSA device list:
@@ -371,7 +371,7 @@
 EXT3-fs (mmcblk0p1): mounted filesystem with writeback data mode
 VFS: Mounted root (ext3 filesystem) on device 179:1.
 devtmpfs: mounted
-Freeing unused kernel memory: 244K (c07a8000 - c07e5000)
+Freeing unused kernel memory: 244K (c07a6000 - c07e3000)
 bash: cannot set terminal process group (-1): Inappropriate ioctl for device
 bash: no job control in this shell
-root@(none):/# [    2.819835] usb 1-1: new high-speed USB device number 2 using tegra-ehci
+root@(none):/# [    2.829884] usb 1-1: new high-speed USB device number 2 using tegra-ehci
Diff for ./tegra114-dalmore-a04/tegra114-dalmore/tegra_defconfig%tegra20,114_mergeconfig_log.txt
--- /tmp/fooa	2014-04-06 23:36:51.961714433 -0700
+++ /tmp/foob	2014-04-06 23:36:51.965714434 -0700
@@ -38,18 +38,18 @@
 	 ###################################
 	 3.4 MiB/s
 done
-Bytes transferred = 4326656 (420500 hex)
+Bytes transferred = 4320528 (41ed10 hex)
 Tegra114 (Dalmore) # tftpboot 0x82000000 tegra114-dalmore.dtb
 Using asx0 device
 TFTP from server 192.168.100.1; our IP address is 192.168.100.100
 Filename 'tegra114-dalmore.dtb'.
 Load address: 0x82000000
 Loading: *###
-	 2.7 MiB/s
+	 2.9 MiB/s
 done
 Bytes transferred = 33963 (84ab hex)
 Tegra114 (Dalmore) # bootz 0x81000000 - 0x82000000
-Kernel image @ 0x81000000 [ 0x000000 - 0x420500 ]
+Kernel image @ 0x81000000 [ 0x000000 - 0x41ed10 ]
 ## Flattened Device Tree blob at 82000000
    Booting using the fdt blob at 0x82000000
    Loading Device Tree to 8fff4000, end 8ffff4aa ... OK
@@ -60,7 +60,7 @@
 Booting Linux on physical CPU 0x0
 Initializing cgroup subsys cpu
 Initializing cgroup subsys cpuacct
-Linux version 3.14.0-next-20140403-52451-g4b22efd (pwalmsley@tamien) (gcc version 4.7.3 20130328 (prerelease) (crosstool-NG linaro-1.13.1-4.7-2013.04-20130415 - Linaro GCC 2013.04) ) #1 SMP PREEMPT Wed Apr 2 22:33:16 PDT 2014
+Linux version 3.14.0-next-20140407-52403-gabfcdfd (pwalmsley@tamien) (gcc version 4.7.3 20130328 (prerelease) (crosstool-NG linaro-1.13.1-4.7-2013.04-20130415 - Linaro GCC 2013.04) ) #1 SMP PREEMPT Sun Apr 6 23:19:20 PDT 2014
 CPU: ARMv7 Processor [412fc0f2] revision 2 (ARMv7), cr=10c5387d
 CPU: PIPT / VIPT nonaliasing data cache, PIPT instruction cache
 Machine model: NVIDIA Tegra114 Dalmore evaluation board
@@ -68,7 +68,7 @@
 cma: CMA: reserved 64 MiB at ab800000
 Memory policy: Data cache writealloc
 On node 0 totalpages: 524032
-free_area_init_node: node 0, pgdat c0842480, node_mem_map ea7d8000
+free_area_init_node: node 0, pgdat c083f640, node_mem_map ea7d8000
   Normal zone: 1520 pages used for memmap
   Normal zone: 0 pages reserved
   Normal zone: 194560 pages, LIFO batch:31
@@ -83,7 +83,7 @@
 PID hash table entries: 4096 (order: 2, 16384 bytes)
 Dentry cache hash table entries: 131072 (order: 7, 524288 bytes)
 Inode-cache hash table entries: 65536 (order: 6, 262144 bytes)
-Memory: 2004164K/2096128K available (5911K kernel code, 327K rwdata, 1932K rodata, 252K init, 345K bss, 91964K reserved, 1317888K highmem)
+Memory: 2004176K/2096128K available (5903K kernel code, 323K rwdata, 1932K rodata, 252K init, 345K bss, 91952K reserved, 1317888K highmem)
 Virtual kernel memory layout:
     vector  : 0xffff0000 - 0xffff1000   (   4 kB)
     fixmap  : 0xfff00000 - 0xfffe0000   ( 896 kB)
@@ -91,10 +91,10 @@
     lowmem  : 0xc0000000 - 0xef800000   ( 760 MB)
     pkmap   : 0xbfe00000 - 0xc0000000   (   2 MB)
     modules : 0xbf000000 - 0xbfe00000   (  14 MB)
-      .text : 0xc0008000 - 0xc07b1328   (7845 kB)
-      .init : 0xc07b2000 - 0xc07f13c0   ( 253 kB)
-      .data : 0xc07f2000 - 0xc0843cc0   ( 328 kB)
-       .bss : 0xc0843ccc - 0xc089a210   ( 346 kB)
+      .text : 0xc0008000 - 0xc07af2b0   (7837 kB)
+      .init : 0xc07b0000 - 0xc07ef3c0   ( 253 kB)
+      .data : 0xc07f0000 - 0xc0840e80   ( 324 kB)
+       .bss : 0xc0840e8c - 0xc0897390   ( 346 kB)
 Preemptible hierarchical RCU implementation.
 NR_IRQS:16 nr_irqs:16 16
 sched_clock: 32 bits at 1000kHz, resolution 1000ns, wraps every 2147483648000ns
@@ -114,7 +114,7 @@
 /cpus/cpu@2 missing clock-frequency property
 /cpus/cpu@3 missing clock-frequency property
 CPU0: thread -1, cpu 0, socket 0, mpidr 80000000
-Setting up static identity map for 0x8059a428 - 0x8059a4c0
+Setting up static identity map for 0x80598528 - 0x805985c0
 CPU1: Booted secondary processor
 CPU1: thread -1, cpu 1, socket 0, mpidr 80000001
 CPU2: Booted secondary processor
@@ -360,7 +360,7 @@
 platform sound.5: Driver tegra-snd-rt5640 requests probe deferral
 input: gpio-keys.3 as /devices/soc0/gpio-keys.3/input/input0
 tegra-snd-rt5640 sound.5: ASoC: CPU DAI (null) not registered
-palmas-rtc rtc.8: setting system clock to 2000-02-16 20:46:03 UTC (950733963)
+palmas-rtc rtc.8: setting system clock to 2000-02-20 21:32:41 UTC (951082361)
 tegra-snd-rt5640 sound.5: snd_soc_register_card failed (-517)
 platform sound.5: Driver tegra-snd-rt5640 requests probe deferral
 ALSA device list:
@@ -371,7 +371,8 @@
 EXT3-fs (mmcblk0p1): mounted filesystem with writeback data mode
 VFS: Mounted root (ext3 filesystem) on device 179:1.
 devtmpfs: mounted
-Freeing unused kernel memory: 252K (c07b2000 - c07f1000)
+Freeing unused kernel memory: 252K (c07b0000 - c07ef000)
 bash: cannot set terminal process group (-1): Inappropriate ioctl for device
 bash: no job control in this shell
-root@(none):/# [    2.819933] usb 1-1: new high-speed USB device number 2 using tegra-ehci
+usb 1-1: new high-speed USB device number 2 using tegra-ehci
+root@(none):/# 
\ No newline at end of file
Diff for ./tegra114-dalmore-a04/tegra114-dalmore/tegra_defconfig%tegra30,114_mergeconfig_log.txt
--- /tmp/fooa	2014-04-06 23:36:51.969714436 -0700
+++ /tmp/foob	2014-04-06 23:36:51.973714438 -0700
@@ -36,9 +36,9 @@
 	 #################################################################
 	 #################################################################
 	 ###################################
-	 3.2 MiB/s
+	 3.3 MiB/s
 done
-Bytes transferred = 4328648 (420cc8 hex)
+Bytes transferred = 4322480 (41f4b0 hex)
 Tegra114 (Dalmore) # tftpboot 0x82000000 tegra114-dalmore.dtb
 Using asx0 device
 TFTP from server 192.168.100.1; our IP address is 192.168.100.100
@@ -49,7 +49,7 @@
 done
 Bytes transferred = 33963 (84ab hex)
 Tegra114 (Dalmore) # bootz 0x81000000 - 0x82000000
-Kernel image @ 0x81000000 [ 0x000000 - 0x420cc8 ]
+Kernel image @ 0x81000000 [ 0x000000 - 0x41f4b0 ]
 ## Flattened Device Tree blob at 82000000
    Booting using the fdt blob at 0x82000000
    Loading Device Tree to 8fff4000, end 8ffff4aa ... OK
@@ -60,7 +60,7 @@
 Booting Linux on physical CPU 0x0
 Initializing cgroup subsys cpu
 Initializing cgroup subsys cpuacct
-Linux version 3.14.0-next-20140403-52451-g4b22efd (pwalmsley@tamien) (gcc version 4.7.3 20130328 (prerelease) (crosstool-NG linaro-1.13.1-4.7-2013.04-20130415 - Linaro GCC 2013.04) ) #1 SMP PREEMPT Wed Apr 2 22:39:07 PDT 2014
+Linux version 3.14.0-next-20140407-52403-gabfcdfd (pwalmsley@tamien) (gcc version 4.7.3 20130328 (prerelease) (crosstool-NG linaro-1.13.1-4.7-2013.04-20130415 - Linaro GCC 2013.04) ) #1 SMP PREEMPT Sun Apr 6 23:25:06 PDT 2014
 CPU: ARMv7 Processor [412fc0f2] revision 2 (ARMv7), cr=10c5387d
 CPU: PIPT / VIPT nonaliasing data cache, PIPT instruction cache
 Machine model: NVIDIA Tegra114 Dalmore evaluation board
@@ -68,7 +68,7 @@
 cma: CMA: reserved 64 MiB at ab800000
 Memory policy: Data cache writealloc
 On node 0 totalpages: 524032
-free_area_init_node: node 0, pgdat c08440c0, node_mem_map ea7d8000
+free_area_init_node: node 0, pgdat c0843240, node_mem_map ea7d8000
   Normal zone: 1520 pages used for memmap
   Normal zone: 0 pages reserved
   Normal zone: 194560 pages, LIFO batch:31
@@ -83,7 +83,7 @@
 PID hash table entries: 4096 (order: 2, 16384 bytes)
 Dentry cache hash table entries: 131072 (order: 7, 524288 bytes)
 Inode-cache hash table entries: 65536 (order: 6, 262144 bytes)
-Memory: 2004160K/2096128K available (5907K kernel code, 326K rwdata, 1944K rodata, 252K init, 345K bss, 91968K reserved, 1317888K highmem)
+Memory: 2004164K/2096128K available (5903K kernel code, 322K rwdata, 1944K rodata, 252K init, 345K bss, 91964K reserved, 1317888K highmem)
 Virtual kernel memory layout:
     vector  : 0xffff0000 - 0xffff1000   (   4 kB)
     fixmap  : 0xfff00000 - 0xfffe0000   ( 896 kB)
@@ -91,10 +91,10 @@
     lowmem  : 0xc0000000 - 0xef800000   ( 760 MB)
     pkmap   : 0xbfe00000 - 0xc0000000   (   2 MB)
     modules : 0xbf000000 - 0xbfe00000   (  14 MB)
-      .text : 0xc0008000 - 0xc07b3264   (7853 kB)
-      .init : 0xc07b4000 - 0xc07f33c0   ( 253 kB)
-      .data : 0xc07f4000 - 0xc0845900   ( 327 kB)
-       .bss : 0xc084590c - 0xc089be50   ( 346 kB)
+      .text : 0xc0008000 - 0xc07b21ec   (7849 kB)
+      .init : 0xc07b3000 - 0xc07f23c0   ( 253 kB)
+      .data : 0xc07f4000 - 0xc0844a80   ( 323 kB)
+       .bss : 0xc0844a8c - 0xc089af90   ( 346 kB)
 Preemptible hierarchical RCU implementation.
 NR_IRQS:16 nr_irqs:16 16
 sched_clock: 32 bits at 1000kHz, resolution 1000ns, wraps every 2147483648000ns
@@ -114,7 +114,7 @@
 /cpus/cpu@2 missing clock-frequency property
 /cpus/cpu@3 missing clock-frequency property
 CPU0: thread -1, cpu 0, socket 0, mpidr 80000000
-Setting up static identity map for 0x8059a1c0 - 0x8059a258
+Setting up static identity map for 0x80598300 - 0x80598398
 CPU1: Booted secondary processor
 CPU1: thread -1, cpu 1, socket 0, mpidr 80000001
 CPU2: Booted secondary processor
@@ -353,7 +353,7 @@
 hub 1-0:1.0: USB hub found
 hub 1-0:1.0: 1 port detected
 input: gpio-keys.3 as /devices/soc0/gpio-keys.3/input/input1
-palmas-rtc rtc.8: setting system clock to 2000-02-16 20:51:39 UTC (950734299)
+palmas-rtc rtc.8: setting system clock to 2000-02-20 21:37:50 UTC (951082670)
 ALSA device list:
   #0: NVIDIA Tegra Dalmore
 kjournald starting.  Commit interval 5 seconds
@@ -362,7 +362,7 @@
 EXT3-fs (mmcblk0p1): mounted filesystem with writeback data mode
 VFS: Mounted root (ext3 filesystem) on device 179:1.
 devtmpfs: mounted
-Freeing unused kernel memory: 252K (c07b4000 - c07f3000)
+Freeing unused kernel memory: 252K (c07b3000 - c07f2000)
 bash: cannot set terminal process group (-1): Inappropriate ioctl for device
 bash: no job control in this shell
-root@(none):/# [    2.819790] usb 1-1: new high-speed USB device number 2 using tegra-ehci
+root@(none):/# [    2.829753] usb 1-1: new high-speed USB device number 2 using tegra-ehci
Diff for ./tegra30-beaver/tegra30-beaver/multi_v7_defconfig_log.txt
--- /tmp/fooa	2014-04-06 23:36:51.981714441 -0700
+++ /tmp/foob	2014-04-06 23:36:51.981714441 -0700
@@ -35,10 +35,10 @@
 	 #################################################################
 	 #################################################################
 	 #################################################################
-	 ###########################################################
+	 ##########################################################
 	 3.5 MiB/s
 done
-Bytes transferred = 4674072 (475218 hex)
+Bytes transferred = 4660544 (471d40 hex)
 Tegra30 (Beaver) # tftpboot 0x82000000 tegra30-beaver.dtb
 Using asx0 device
 TFTP from server 192.168.100.1; our IP address is 192.168.100.101
@@ -49,7 +49,7 @@
 done
 Bytes transferred = 23973 (5da5 hex)
 Tegra30 (Beaver) # bootz 0x81000000 - 0x82000000
-Kernel image @ 0x81000000 [ 0x000000 - 0x475218 ]
+Kernel image @ 0x81000000 [ 0x000000 - 0x471d40 ]
 ## Flattened Device Tree blob at 82000000
    Booting using the fdt blob at 0x82000000
    Loading Device Tree to 8fff7000, end 8ffffda4 ... OK
@@ -57,7 +57,7 @@
 Starting kernel ...
 
 Booting Linux on physical CPU 0x0
-Linux version 3.14.0-next-20140403-52451-g4b22efd (pwalmsley@tamien) (gcc version 4.7.3 20130328 (prerelease) (crosstool-NG linaro-1.13.1-4.7-2013.04-20130415 - Linaro GCC 2013.04) ) #1 SMP Wed Apr 2 22:21:49 PDT 2014
+Linux version 3.14.0-next-20140407-52403-gabfcdfd (pwalmsley@tamien) (gcc version 4.7.3 20130328 (prerelease) (crosstool-NG linaro-1.13.1-4.7-2013.04-20130415 - Linaro GCC 2013.04) ) #1 SMP Sun Apr 6 23:07:50 PDT 2014
 CPU: ARMv7 Processor [412fc099] revision 9 (ARMv7), cr=10c5387d
 CPU: PIPT / VIPT nonaliasing data cache, VIPT aliasing instruction cache
 Machine model: NVIDIA Tegra30 Beaver evaluation board
@@ -65,7 +65,7 @@
 cma: CMA: reserved 64 MiB at ab800000
 Memory policy: Data cache writealloc
 On node 0 totalpages: 524032
-free_area_init_node: node 0, pgdat c0b9a9c0, node_mem_map ea7d9000
+free_area_init_node: node 0, pgdat c0b93c40, node_mem_map ea7d9000
   DMA zone: 1520 pages used for memmap
   DMA zone: 0 pages reserved
   DMA zone: 194560 pages, LIFO batch:31
@@ -84,7 +84,7 @@
 PID hash table entries: 4096 (order: 2, 16384 bytes)
 Dentry cache hash table entries: 131072 (order: 7, 524288 bytes)
 Inode-cache hash table entries: 65536 (order: 6, 262144 bytes)
-Memory: 2002916K/2096128K available (6042K kernel code, 793K rwdata, 2424K rodata, 544K init, 289K bss, 93212K reserved, 1317888K highmem)
+Memory: 2002940K/2096128K available (6025K kernel code, 790K rwdata, 2420K rodata, 544K init, 289K bss, 93188K reserved, 1317888K highmem)
 Virtual kernel memory layout:
     vector  : 0xffff0000 - 0xffff1000   (   4 kB)
     fixmap  : 0xfff00000 - 0xfffe0000   ( 896 kB)
@@ -92,10 +92,10 @@
     lowmem  : 0xc0000000 - 0xef800000   ( 760 MB)
     pkmap   : 0xbfe00000 - 0xc0000000   (   2 MB)
     modules : 0xbf000000 - 0xbfe00000   (  14 MB)
-      .text : 0xc0208000 - 0xc0a4cb54   (8467 kB)
-      .init : 0xc0a4d000 - 0xc0ad5000   ( 544 kB)
-      .data : 0xc0ad6000 - 0xc0b9c660   ( 794 kB)
-       .bss : 0xc0b9c668 - 0xc0be4e20   ( 290 kB)
+      .text : 0xc0208000 - 0xc0a479c4   (8447 kB)
+      .init : 0xc0a48000 - 0xc0ad0000   ( 544 kB)
+      .data : 0xc0ad0000 - 0xc0b958e0   ( 791 kB)
+       .bss : 0xc0b958e8 - 0xc0bde020   ( 290 kB)
 SLUB: HWalign=64, Order=0-3, MinObjects=0, CPUs=4, Nodes=1
 Hierarchical RCU implementation.
 NR_IRQS:16 nr_irqs:16 16
@@ -107,7 +107,7 @@
 Mountpoint-cache hash table entries: 2048 (order: 1, 8192 bytes)
 CPU: Testing write buffer coherency: ok
 CPU0: thread -1, cpu 0, socket 0, mpidr 80000000
-Setting up static identity map for 0x807b5678 - 0x807b5710
+Setting up static identity map for 0x807b2170 - 0x807b2208
 CPU1: Booted secondary processor
 CPU1: thread -1, cpu 1, socket 0, mpidr 80000001
 CPU2: Booted secondary processor
@@ -364,8 +364,8 @@
 EXT4-fs (mmcblk0p1): mounted filesystem with ordered data mode. Opts: (null)
 VFS: Mounted root (ext3 filesystem) on device 179:1.
 devtmpfs: mounted
-Freeing unused kernel memory: 544K (c0a4d000 - c0ad5000)
+Freeing unused kernel memory: 544K (c0a48000 - c0ad0000)
 usb 2-1: new high-speed USB device number 2 using tegra-ehci
 bash: cannot set terminal process group (-1): Inappropriate ioctl for device
 bash: no job control in this shell
-root@(none):/# [    4.704495] asix 2-1:1.0 eth1: register 'asix' at usb-7d008000.usb-1, ASIX AX88772 USB 2.0 Ethernet, 00:50:b6:0f:68:6d
+root@(none):/# [    4.714480] asix 2-1:1.0 eth1: register 'asix' at usb-7d008000.usb-1, ASIX AX88772 USB 2.0 Ethernet, 00:50:b6:0f:68:6d
Diff for ./tegra30-beaver/tegra30-beaver/tegra_defconfig_log.txt
--- /tmp/fooa	2014-04-06 23:36:51.989714443 -0700
+++ /tmp/foob	2014-04-06 23:36:51.993714445 -0700
@@ -35,21 +35,21 @@
 	 #################################################################
 	 #################################################################
 	 #################################################################
-	 #####################################
-	 3.5 MiB/s
+	 ####################################
+	 3.4 MiB/s
 done
-Bytes transferred = 4345480 (424e88 hex)
+Bytes transferred = 4338648 (4233d8 hex)
 Tegra30 (Beaver) # tftpboot 0x82000000 tegra30-beaver.dtb
 Using asx0 device
 TFTP from server 192.168.100.1; our IP address is 192.168.100.101
 Filename 'tegra30-beaver.dtb'.
 Load address: 0x82000000
 Loading: *##
-	 3.3 MiB/s
+	 2.9 MiB/s
 done
 Bytes transferred = 23973 (5da5 hex)
 Tegra30 (Beaver) # bootz 0x81000000 - 0x82000000
-Kernel image @ 0x81000000 [ 0x000000 - 0x424e88 ]
+Kernel image @ 0x81000000 [ 0x000000 - 0x4233d8 ]
 ## Flattened Device Tree blob at 82000000
    Booting using the fdt blob at 0x82000000
    Loading Device Tree to 8fff7000, end 8ffffda4 ... OK
@@ -60,7 +60,7 @@
 Booting Linux on physical CPU 0x0
 Initializing cgroup subsys cpu
 Initializing cgroup subsys cpuacct
-Linux version 3.14.0-next-20140403-52451-g4b22efd (pwalmsley@tamien) (gcc version 4.7.3 20130328 (prerelease) (crosstool-NG linaro-1.13.1-4.7-2013.04-20130415 - Linaro GCC 2013.04) ) #1 SMP PREEMPT Wed Apr 2 22:18:40 PDT 2014
+Linux version 3.14.0-next-20140407-52403-gabfcdfd (pwalmsley@tamien) (gcc version 4.7.3 20130328 (prerelease) (crosstool-NG linaro-1.13.1-4.7-2013.04-20130415 - Linaro GCC 2013.04) ) #1 SMP PREEMPT Sun Apr 6 23:04:30 PDT 2014
 CPU: ARMv7 Processor [412fc099] revision 9 (ARMv7), cr=10c5387d
 CPU: PIPT / VIPT nonaliasing data cache, VIPT aliasing instruction cache
 Machine model: NVIDIA Tegra30 Beaver evaluation board
@@ -68,7 +68,7 @@
 cma: CMA: reserved 64 MiB at ab800000
 Memory policy: Data cache writealloc
 On node 0 totalpages: 524032
-free_area_init_node: node 0, pgdat c0852240, node_mem_map ea7d8000
+free_area_init_node: node 0, pgdat c084f400, node_mem_map ea7d8000
   Normal zone: 1520 pages used for memmap
   Normal zone: 0 pages reserved
   Normal zone: 194560 pages, LIFO batch:31
@@ -87,7 +87,7 @@
 PID hash table entries: 4096 (order: 2, 16384 bytes)
 Dentry cache hash table entries: 131072 (order: 7, 524288 bytes)
 Inode-cache hash table entries: 65536 (order: 6, 262144 bytes)
-Memory: 2004156K/2096128K available (5920K kernel code, 334K rwdata, 1972K rodata, 260K init, 345K bss, 91972K reserved, 1317888K highmem)
+Memory: 2004164K/2096128K available (5912K kernel code, 331K rwdata, 1972K rodata, 260K init, 345K bss, 91964K reserved, 1317888K highmem)
 Virtual kernel memory layout:
     vector  : 0xffff0000 - 0xffff1000   (   4 kB)
     fixmap  : 0xfff00000 - 0xfffe0000   ( 896 kB)
@@ -95,10 +95,10 @@
     lowmem  : 0xc0000000 - 0xef800000   ( 760 MB)
     pkmap   : 0xbfe00000 - 0xc0000000   (   2 MB)
     modules : 0xbf000000 - 0xbfe00000   (  14 MB)
-      .text : 0xc0008000 - 0xc07bd46c   (7894 kB)
-      .init : 0xc07be000 - 0xc07ff3c0   ( 261 kB)
-      .data : 0xc0800000 - 0xc0853a80   ( 335 kB)
-       .bss : 0xc0853a8c - 0xc08a9fd0   ( 346 kB)
+      .text : 0xc0008000 - 0xc07bb3f4   (7885 kB)
+      .init : 0xc07bc000 - 0xc07fd3c0   ( 261 kB)
+      .data : 0xc07fe000 - 0xc0850c40   ( 332 kB)
+       .bss : 0xc0850c4c - 0xc08a7150   ( 346 kB)
 Preemptible hierarchical RCU implementation.
 NR_IRQS:16 nr_irqs:16 16
 sched_clock: 32 bits at 1000kHz, resolution 1000ns, wraps every 2147483648000ns
@@ -111,7 +111,7 @@
 Initializing cgroup subsys freezer
 CPU: Testing write buffer coherency: ok
 CPU0: thread -1, cpu 0, socket 0, mpidr 80000000
-Setting up static identity map for 0x8059cf58 - 0x8059cff0
+Setting up static identity map for 0x8059b050 - 0x8059b0e8
 CPU1: Booted secondary processor
 CPU1: thread -1, cpu 1, socket 0, mpidr 80000001
 CPU2: Booted secondary processor
@@ -371,8 +371,8 @@
 EXT3-fs (mmcblk0p1): mounted filesystem with writeback data mode
 VFS: Mounted root (ext3 filesystem) on device 179:1.
 devtmpfs: mounted
-Freeing unused kernel memory: 260K (c07be000 - c07ff000)
+Freeing unused kernel memory: 260K (c07bc000 - c07fd000)
 usb 2-1: new high-speed USB device number 2 using tegra-ehci
 bash: cannot set terminal process group (-1): Inappropriate ioctl for device
 bash: no job control in this shell
-root@(none):/# [    4.938907] asix 2-1:1.0 eth1: register 'asix' at usb-7d008000.usb-1, ASIX AX88772 USB 2.0 Ethernet, 00:50:b6:0f:68:6d
+root@(none):/# [    4.938559] asix 2-1:1.0 eth1: register 'asix' at usb-7d008000.usb-1, ASIX AX88772 USB 2.0 Ethernet, 00:50:b6:0f:68:6d
Diff for ./tegra30-beaver/tegra30-beaver/tegra_defconfig%tegra20,30_mergeconfig_log.txt
--- /tmp/fooa	2014-04-06 23:36:52.005714449 -0700
+++ /tmp/foob	2014-04-06 23:36:52.009714450 -0700
@@ -35,10 +35,10 @@
 	 #################################################################
 	 #################################################################
 	 #################################################################
-	 ####################################
+	 ###################################
 	 3.5 MiB/s
 done
-Bytes transferred = 4338104 (4231b8 hex)
+Bytes transferred = 4330048 (421240 hex)
 Tegra30 (Beaver) # tftpboot 0x82000000 tegra30-beaver.dtb
 Using asx0 device
 TFTP from server 192.168.100.1; our IP address is 192.168.100.101
@@ -49,7 +49,7 @@
 done
 Bytes transferred = 23973 (5da5 hex)
 Tegra30 (Beaver) # bootz 0x81000000 - 0x82000000
-Kernel image @ 0x81000000 [ 0x000000 - 0x4231b8 ]
+Kernel image @ 0x81000000 [ 0x000000 - 0x421240 ]
 ## Flattened Device Tree blob at 82000000
    Booting using the fdt blob at 0x82000000
    Loading Device Tree to 8fff7000, end 8ffffda4 ... OK
@@ -60,7 +60,7 @@
 Booting Linux on physical CPU 0x0
 Initializing cgroup subsys cpu
 Initializing cgroup subsys cpuacct
-Linux version 3.14.0-next-20140403-52451-g4b22efd (pwalmsley@tamien) (gcc version 4.7.3 20130328 (prerelease) (crosstool-NG linaro-1.13.1-4.7-2013.04-20130415 - Linaro GCC 2013.04) ) #1 SMP PREEMPT Wed Apr 2 22:36:11 PDT 2014
+Linux version 3.14.0-next-20140407-52403-gabfcdfd (pwalmsley@tamien) (gcc version 4.7.3 20130328 (prerelease) (crosstool-NG linaro-1.13.1-4.7-2013.04-20130415 - Linaro GCC 2013.04) ) #1 SMP PREEMPT Sun Apr 6 23:22:13 PDT 2014
 CPU: ARMv7 Processor [412fc099] revision 9 (ARMv7), cr=10c5387d
 CPU: PIPT / VIPT nonaliasing data cache, VIPT aliasing instruction cache
 Machine model: NVIDIA Tegra30 Beaver evaluation board
@@ -68,7 +68,7 @@
 cma: CMA: reserved 64 MiB at ab800000
 Memory policy: Data cache writealloc
 On node 0 totalpages: 524032
-free_area_init_node: node 0, pgdat c084b2c0, node_mem_map ea7d8000
+free_area_init_node: node 0, pgdat c0846480, node_mem_map ea7d8000
   Normal zone: 1520 pages used for memmap
   Normal zone: 0 pages reserved
   Normal zone: 194560 pages, LIFO batch:31
@@ -87,7 +87,7 @@
 PID hash table entries: 4096 (order: 2, 16384 bytes)
 Dentry cache hash table entries: 131072 (order: 7, 524288 bytes)
 Inode-cache hash table entries: 65536 (order: 6, 262144 bytes)
-Memory: 2004180K/2096128K available (5920K kernel code, 330K rwdata, 1948K rodata, 256K init, 345K bss, 91948K reserved, 1317888K highmem)
+Memory: 2004200K/2096128K available (5911K kernel code, 327K rwdata, 1948K rodata, 252K init, 345K bss, 91928K reserved, 1317888K highmem)
 Virtual kernel memory layout:
     vector  : 0xffff0000 - 0xffff1000   (   4 kB)
     fixmap  : 0xfff00000 - 0xfffe0000   ( 896 kB)
@@ -95,10 +95,10 @@
     lowmem  : 0xc0000000 - 0xef800000   ( 760 MB)
     pkmap   : 0xbfe00000 - 0xc0000000   (   2 MB)
     modules : 0xbf000000 - 0xbfe00000   (  14 MB)
-      .text : 0xc0008000 - 0xc07b73f4   (7869 kB)
-      .init : 0xc07b8000 - 0xc07f83c0   ( 257 kB)
-      .data : 0xc07fa000 - 0xc084cb00   ( 331 kB)
-       .bss : 0xc084cb0c - 0xc08a3050   ( 346 kB)
+      .text : 0xc0008000 - 0xc07b537c   (7861 kB)
+      .init : 0xc07b6000 - 0xc07f53c0   ( 253 kB)
+      .data : 0xc07f6000 - 0xc0847cc0   ( 328 kB)
+       .bss : 0xc0847ccc - 0xc089e1d0   ( 346 kB)
 Preemptible hierarchical RCU implementation.
 NR_IRQS:16 nr_irqs:16 16
 sched_clock: 32 bits at 1000kHz, resolution 1000ns, wraps every 2147483648000ns
@@ -111,7 +111,7 @@
 Initializing cgroup subsys freezer
 CPU: Testing write buffer coherency: ok
 CPU0: thread -1, cpu 0, socket 0, mpidr 80000000
-Setting up static identity map for 0x8059c9d8 - 0x8059ca70
+Setting up static identity map for 0x8059ab10 - 0x8059aba8
 CPU1: Booted secondary processor
 CPU1: thread -1, cpu 1, socket 0, mpidr 80000001
 CPU2: Booted secondary processor
@@ -371,8 +371,8 @@
 EXT3-fs (mmcblk0p1): mounted filesystem with writeback data mode
 VFS: Mounted root (ext3 filesystem) on device 179:1.
 devtmpfs: mounted
-Freeing unused kernel memory: 256K (c07b8000 - c07f8000)
+Freeing unused kernel memory: 252K (c07b6000 - c07f5000)
 usb 2-1: new high-speed USB device number 2 using tegra-ehci
 bash: cannot set terminal process group (-1): Inappropriate ioctl for device
 bash: no job control in this shell
-root@(none):/# [    4.938875] asix 2-1:1.0 eth1: register 'asix' at usb-7d008000.usb-1, ASIX AX88772 USB 2.0 Ethernet, 00:50:b6:0f:68:6d
+root@(none):/# [    4.938535] asix 2-1:1.0 eth1: register 'asix' at usb-7d008000.usb-1, ASIX AX88772 USB 2.0 Ethernet, 00:50:b6:0f:68:6d
Diff for ./tegra30-beaver/tegra30-beaver/tegra_defconfig%tegra30,114_mergeconfig_log.txt
--- /tmp/fooa	2014-04-06 23:36:52.033714457 -0700
+++ /tmp/foob	2014-04-06 23:36:52.033714457 -0700
@@ -38,7 +38,7 @@
 	 ###################################
 	 3.1 MiB/s
 done
-Bytes transferred = 4328648 (420cc8 hex)
+Bytes transferred = 4322480 (41f4b0 hex)
 Tegra30 (Beaver) # tftpboot 0x82000000 tegra30-beaver.dtb
 Using asx0 device
 TFTP from server 192.168.100.1; our IP address is 192.168.100.101
@@ -49,7 +49,7 @@
 done
 Bytes transferred = 23973 (5da5 hex)
 Tegra30 (Beaver) # bootz 0x81000000 - 0x82000000
-Kernel image @ 0x81000000 [ 0x000000 - 0x420cc8 ]
+Kernel image @ 0x81000000 [ 0x000000 - 0x41f4b0 ]
 ## Flattened Device Tree blob at 82000000
    Booting using the fdt blob at 0x82000000
    Loading Device Tree to 8fff7000, end 8ffffda4 ... OK
@@ -60,7 +60,7 @@
 Booting Linux on physical CPU 0x0
 Initializing cgroup subsys cpu
 Initializing cgroup subsys cpuacct
-Linux version 3.14.0-next-20140403-52451-g4b22efd (pwalmsley@tamien) (gcc version 4.7.3 20130328 (prerelease) (crosstool-NG linaro-1.13.1-4.7-2013.04-20130415 - Linaro GCC 2013.04) ) #1 SMP PREEMPT Wed Apr 2 22:39:07 PDT 2014
+Linux version 3.14.0-next-20140407-52403-gabfcdfd (pwalmsley@tamien) (gcc version 4.7.3 20130328 (prerelease) (crosstool-NG linaro-1.13.1-4.7-2013.04-20130415 - Linaro GCC 2013.04) ) #1 SMP PREEMPT Sun Apr 6 23:25:06 PDT 2014
 CPU: ARMv7 Processor [412fc099] revision 9 (ARMv7), cr=10c5387d
 CPU: PIPT / VIPT nonaliasing data cache, VIPT aliasing instruction cache
 Machine model: NVIDIA Tegra30 Beaver evaluation board
@@ -68,7 +68,7 @@
 cma: CMA: reserved 64 MiB at ab800000
 Memory policy: Data cache writealloc
 On node 0 totalpages: 524032
-free_area_init_node: node 0, pgdat c08440c0, node_mem_map ea7d8000
+free_area_init_node: node 0, pgdat c0843240, node_mem_map ea7d8000
   Normal zone: 1520 pages used for memmap
   Normal zone: 0 pages reserved
   Normal zone: 194560 pages, LIFO batch:31
@@ -87,7 +87,7 @@
 PID hash table entries: 4096 (order: 2, 16384 bytes)
 Dentry cache hash table entries: 131072 (order: 7, 524288 bytes)
 Inode-cache hash table entries: 65536 (order: 6, 262144 bytes)
-Memory: 2004212K/2096128K available (5907K kernel code, 326K rwdata, 1944K rodata, 252K init, 345K bss, 91916K reserved, 1317888K highmem)
+Memory: 2004216K/2096128K available (5903K kernel code, 322K rwdata, 1944K rodata, 252K init, 345K bss, 91912K reserved, 1317888K highmem)
 Virtual kernel memory layout:
     vector  : 0xffff0000 - 0xffff1000   (   4 kB)
     fixmap  : 0xfff00000 - 0xfffe0000   ( 896 kB)
@@ -95,10 +95,10 @@
     lowmem  : 0xc0000000 - 0xef800000   ( 760 MB)
     pkmap   : 0xbfe00000 - 0xc0000000   (   2 MB)
     modules : 0xbf000000 - 0xbfe00000   (  14 MB)
-      .text : 0xc0008000 - 0xc07b3264   (7853 kB)
-      .init : 0xc07b4000 - 0xc07f33c0   ( 253 kB)
-      .data : 0xc07f4000 - 0xc0845900   ( 327 kB)
-       .bss : 0xc084590c - 0xc089be50   ( 346 kB)
+      .text : 0xc0008000 - 0xc07b21ec   (7849 kB)
+      .init : 0xc07b3000 - 0xc07f23c0   ( 253 kB)
+      .data : 0xc07f4000 - 0xc0844a80   ( 323 kB)
+       .bss : 0xc0844a8c - 0xc089af90   ( 346 kB)
 Preemptible hierarchical RCU implementation.
 NR_IRQS:16 nr_irqs:16 16
 sched_clock: 32 bits at 1000kHz, resolution 1000ns, wraps every 2147483648000ns
@@ -111,7 +111,7 @@
 Initializing cgroup subsys freezer
 CPU: Testing write buffer coherency: ok
 CPU0: thread -1, cpu 0, socket 0, mpidr 80000000
-Setting up static identity map for 0x8059a1c0 - 0x8059a258
+Setting up static identity map for 0x80598300 - 0x80598398
 CPU1: Booted secondary processor
 CPU1: thread -1, cpu 1, socket 0, mpidr 80000001
 CPU2: Booted secondary processor
@@ -371,8 +371,8 @@
 EXT3-fs (mmcblk0p1): mounted filesystem with writeback data mode
 VFS: Mounted root (ext3 filesystem) on device 179:1.
 devtmpfs: mounted
-Freeing unused kernel memory: 252K (c07b4000 - c07f3000)
+Freeing unused kernel memory: 252K (c07b3000 - c07f2000)
 usb 2-1: new high-speed USB device number 2 using tegra-ehci
 bash: cannot set terminal process group (-1): Inappropriate ioctl for device
 bash: no job control in this shell
-root@(none):/# [    4.938795] asix 2-1:1.0 eth1: register 'asix' at usb-7d008000.usb-1, ASIX AX88772 USB 2.0 Ethernet, 00:50:b6:0f:68:6d
+root@(none):/# [    4.938827] asix 2-1:1.0 eth1: register 'asix' at usb-7d008000.usb-1, ASIX AX88772 USB 2.0 Ethernet, 00:50:b6:0f:68:6d
Diff for ./tegra30-beaver/tegra30-beaver/tegra_defconfig%tegra30_mergeconfig_log.txt
--- /tmp/fooa	2014-04-06 23:36:52.049714465 -0700
+++ /tmp/foob	2014-04-06 23:36:52.053714466 -0700
@@ -27,35 +27,29 @@
 Tegra30 (Beaver) # setenv bootargs 'ignore_loglevel console=ttyS0,115200n8 rw root=/dev/mmcblk0p1 rootwait gpt debug init=/bin/bash noinitrd'
 Tegra30 (Beaver) # setenv ipaddr 192.168.100.101; setenv serverip 192.168.100.1; setenv tftpserverip 192.168.100.1
 Tegra30 (Beaver) # tftpboot 0x81000000 zImage.tegra_defconfig%tegra30_mergeconfig
-Waiting for Ethernet connection... done.
 Using asx0 device
 TFTP from server 192.168.100.1; our IP address is 192.168.100.101
 Filename 'zImage.tegra_defconfig%tegra30_mergeconfig'.
 Load address: 0x81000000
-Loading: *EHCI timed out on TD - token=0x8008d80
-T #######EHCI timed out on TD - token=0x8008d80
-T EHCI timed out on TD - token=0x8008d80
-T EHCI timed out on TD - token=0x8008d80
-T ##########################################################
+Loading: *#################################################################
 	 #################################################################
 	 #################################################################
 	 #################################################################
 	 ###################################
-	 121.1 KiB/s
+	 3.5 MiB/s
 done
-Bytes transferred = 4323048 (41f6e8 hex)
+Bytes transferred = 4316400 (41dcf0 hex)
 Tegra30 (Beaver) # tftpboot 0x82000000 tegra30-beaver.dtb
-Waiting for Ethernet connection... done.
 Using asx0 device
 TFTP from server 192.168.100.1; our IP address is 192.168.100.101
 Filename 'tegra30-beaver.dtb'.
 Load address: 0x82000000
 Loading: *##
-	 835.9 KiB/s
+	 2.9 MiB/s
 done
 Bytes transferred = 23973 (5da5 hex)
 Tegra30 (Beaver) # bootz 0x81000000 - 0x82000000
-Kernel image @ 0x81000000 [ 0x000000 - 0x41f6e8 ]
+Kernel image @ 0x81000000 [ 0x000000 - 0x41dcf0 ]
 ## Flattened Device Tree blob at 82000000
    Booting using the fdt blob at 0x82000000
    Loading Device Tree to 8fff7000, end 8ffffda4 ... OK
@@ -66,7 +60,7 @@
 Booting Linux on physical CPU 0x0
 Initializing cgroup subsys cpu
 Initializing cgroup subsys cpuacct
-Linux version 3.14.0-next-20140403-52451-g4b22efd (pwalmsley@tamien) (gcc version 4.7.3 20130328 (prerelease) (crosstool-NG linaro-1.13.1-4.7-2013.04-20130415 - Linaro GCC 2013.04) ) #1 SMP PREEMPT Wed Apr 2 22:27:27 PDT 2014
+Linux version 3.14.0-next-20140407-52403-gabfcdfd (pwalmsley@tamien) (gcc version 4.7.3 20130328 (prerelease) (crosstool-NG linaro-1.13.1-4.7-2013.04-20130415 - Linaro GCC 2013.04) ) #1 SMP PREEMPT Sun Apr 6 23:13:32 PDT 2014
 CPU: ARMv7 Processor [412fc099] revision 9 (ARMv7), cr=10c5387d
 CPU: PIPT / VIPT nonaliasing data cache, VIPT aliasing instruction cache
 Machine model: NVIDIA Tegra30 Beaver evaluation board
@@ -74,7 +68,7 @@
 cma: CMA: reserved 64 MiB at ab800000
 Memory policy: Data cache writealloc
 On node 0 totalpages: 524032
-free_area_init_node: node 0, pgdat c083d140, node_mem_map ea7d8000
+free_area_init_node: node 0, pgdat c083a2c0, node_mem_map ea7d8000
   Normal zone: 1520 pages used for memmap
   Normal zone: 0 pages reserved
   Normal zone: 194560 pages, LIFO batch:31
@@ -93,7 +87,7 @@
 PID hash table entries: 4096 (order: 2, 16384 bytes)
 Dentry cache hash table entries: 131072 (order: 7, 524288 bytes)
 Inode-cache hash table entries: 65536 (order: 6, 262144 bytes)
-Memory: 2004240K/2096128K available (5907K kernel code, 322K rwdata, 1924K rodata, 248K init, 345K bss, 91888K reserved, 1317888K highmem)
+Memory: 2004252K/2096128K available (5899K kernel code, 318K rwdata, 1920K rodata, 248K init, 345K bss, 91876K reserved, 1317888K highmem)
 Virtual kernel memory layout:
     vector  : 0xffff0000 - 0xffff1000   (   4 kB)
     fixmap  : 0xfff00000 - 0xfffe0000   ( 896 kB)
@@ -101,10 +95,10 @@
     lowmem  : 0xc0000000 - 0xef800000   ( 760 MB)
     pkmap   : 0xbfe00000 - 0xc0000000   (   2 MB)
     modules : 0xbf000000 - 0xbfe00000   (  14 MB)
-      .text : 0xc0008000 - 0xc07ae1e4   (7833 kB)
-      .init : 0xc07af000 - 0xc07ed3c0   ( 249 kB)
-      .data : 0xc07ee000 - 0xc083e980   ( 323 kB)
-       .bss : 0xc083e98c - 0xc0894e90   ( 346 kB)
+      .text : 0xc0008000 - 0xc07ab16c   (7821 kB)
+      .init : 0xc07ac000 - 0xc07ea3c0   ( 249 kB)
+      .data : 0xc07ec000 - 0xc083bb00   ( 319 kB)
+       .bss : 0xc083bb0c - 0xc0891fd0   ( 346 kB)
 Preemptible hierarchical RCU implementation.
 NR_IRQS:16 nr_irqs:16 16
 sched_clock: 32 bits at 1000kHz, resolution 1000ns, wraps every 2147483648000ns
@@ -117,7 +111,7 @@
 Initializing cgroup subsys freezer
 CPU: Testing write buffer coherency: ok
 CPU0: thread -1, cpu 0, socket 0, mpidr 80000000
-Setting up static identity map for 0x80599c48 - 0x80599ce0
+Setting up static identity map for 0x80597dc0 - 0x80597e58
 CPU1: Booted secondary processor
 CPU1: thread -1, cpu 1, socket 0, mpidr 80000001
 CPU2: Booted secondary processor
@@ -377,8 +371,8 @@
 EXT3-fs (mmcblk0p1): mounted filesystem with writeback data mode
 VFS: Mounted root (ext3 filesystem) on device 179:1.
 devtmpfs: mounted
-Freeing unused kernel memory: 248K (c07af000 - c07ed000)
+Freeing unused kernel memory: 248K (c07ac000 - c07ea000)
 usb 2-1: new high-speed USB device number 2 using tegra-ehci
 bash: cannot set terminal process group (-1): Inappropriate ioctl for device
 bash: no job control in this shell
-root@(none):/# [    4.938744] asix 2-1:1.0 eth1: register 'asix' at usb-7d008000.usb-1, ASIX AX88772 USB 2.0 Ethernet, 00:50:b6:0f:68:6d
+root@(none):/# [    4.938809] asix 2-1:1.0 eth1: register 'asix' at usb-7d008000.usb-1, ASIX AX88772 USB 2.0 Ethernet, 00:50:b6:0f:68:6d
