

U-Boot 2011.03 (Jun 11 2013 - 06:07:37)

T114
Board: NVIDIA Dalmore
DRAM:  2 GiB
MMC:   Tegra2 SD/MMC: 0, Tegra2 SD/MMC: 1
In:    serial
Out:   serial
Err:   serial
Net:   Net Initialization Skipped
No ethernet found.
Hit any key to stop autoboot:  2  1  0 
Dalmore #
Dalmore #usb reset
(Re)start USB...
USB:   Register 10011 NbrPorts 1
USB EHCI 1.10
scanning bus for devices... 2 USB Device(s) found
       scanning bus for storage devices... 0 Storage Device(s) found
       scanning bus for ethernet devices... 1 Ethernet Device(s) found
Dalmore #setenv bootargs 'ignore_loglevel console=ttyS0,115200n8 rw root=/dev/mmcblk0p1 rootwait gpt debug init=/bin/bash'
Dalmore #setenv ipaddr 192.168.100.100; setenv serverip 192.168.100.1; setenv tftpserverip 192.168.100.1
Dalmore #tftpboot 0x81000000 zImage.tegra_defconfig
Waiting for Ethernet connection... done.
Using asx0 device
TFTP from server 192.168.100.1; our IP address is 192.168.100.100
Filename 'zImage.tegra_defconfig'.
Load address: 0x81000000
Loading: *#################################################  2.9 MiB/s
done
Bytes transferred = 4153288 (3f5fc8 hex)
Dalmore #tftpboot 0x82000000 tegra114-dalmore.dtb
Using asx0 device
TFTP from server 192.168.100.1; our IP address is 192.168.100.100
Filename 'tegra114-dalmore.dtb'.
Load address: 0x82000000
Loading: *#################################################  2.3 MiB/s
done
Bytes transferred = 29436 (72fc hex)
Dalmore #bootz 0x81000000 - 0x82000000
## Flattened Device Tree blob at 82000000
   Booting using the fdt blob at 0x82000000
   Loading Device Tree to 81ff5000, end 81fff2fb ... OK

Starting kernel ...

Timer summary in microseconds:
       Mark    Elapsed  Stage
          0          0  awake
  3,052,340  3,052,340  usb_start
  7,055,662  4,003,322  eth_start
  7,055,660         -2  tftp start
 10,877,462  3,821,802  tftp done
 13,067,787  2,190,325  start_kernel
Uncompressing Linux... done, booting the kernel.
[    0.000000] Booting Linux on physical CPU 0x0
[    0.000000] Initializing cgroup subsys cpu
[    0.000000] Initializing cgroup subsys cpuacct
[    0.000000] Linux version 3.12.0-next-20131121-25092-gc469e3b (pwalmsley@tamien) (gcc version 4.7.3 20130328 (prerelease) (crosstool-NG linaro-1.13.1-4.7-2013.04-20130415 - Linaro GCC 2013.04) ) #1 SMP PREEMPT Wed Nov 20 19:18:47 PST 2013
[    0.000000] CPU: ARMv7 Processor [412fc0f2] revision 2 (ARMv7), cr=10c5387d
[    0.000000] CPU: PIPT / VIPT nonaliasing data cache, PIPT instruction cache
[    0.000000] Machine model: NVIDIA Tegra114 Dalmore evaluation board
[    0.000000] debug: ignoring loglevel setting.
[    0.000000] cma: CMA: reserved 16 MiB at ae800000
[    0.000000] Memory policy: Data cache writealloc
[    0.000000] On node 0 totalpages: 524032
[    0.000000] free_area_init_node: node 0, pgdat c07e60c0, node_mem_map c083f000
[    0.000000]   Normal zone: 1520 pages used for memmap
[    0.000000]   Normal zone: 0 pages reserved
[    0.000000]   Normal zone: 194560 pages, LIFO batch:31
[    0.000000]   HighMem zone: 2574 pages used for memmap
[    0.000000]   HighMem zone: 329472 pages, LIFO batch:31
[    0.000000] Tegra Revision: A01 SKU: 0 CPU Process: 1 Core Process: 1
[    0.000000] PERCPU: Embedded 8 pages/cpu @c1857000 s9088 r8192 d15488 u32768
[    0.000000] pcpu-alloc: s9088 r8192 d15488 u32768 alloc=8*4096
[    0.000000] pcpu-alloc: [0] 0 [0] 1 [0] 2 [0] 3 
[    0.000000] Built 1 zonelists in Zone order, mobility grouping on.  Total pages: 522512
[    0.000000] Kernel command line: ignore_loglevel console=ttyS0,115200n8 rw root=/dev/mmcblk0p1 rootwait gpt debug init=/bin/bash
[    0.000000] PID hash table entries: 4096 (order: 2, 16384 bytes)
[    0.000000] Dentry cache hash table entries: 131072 (order: 7, 524288 bytes)
[    0.000000] Inode-cache hash table entries: 65536 (order: 6, 262144 bytes)
[    0.000000] Memory: 2053812K/2096128K available (5639K kernel code, 310K rwdata, 1860K rodata, 244K init, 347K bss, 42316K reserved, 1317888K highmem)
[    0.000000] Virtual kernel memory layout:
[    0.000000]     vector  : 0xffff0000 - 0xffff1000   (   4 kB)
[    0.000000]     fixmap  : 0xfff00000 - 0xfffe0000   ( 896 kB)
[    0.000000]     vmalloc : 0xf0000000 - 0xff000000   ( 240 MB)
[    0.000000]     lowmem  : 0xc0000000 - 0xef800000   ( 760 MB)
[    0.000000]     pkmap   : 0xbfe00000 - 0xc0000000   (   2 MB)
[    0.000000]     modules : 0xbf000000 - 0xbfe00000   (  14 MB)
[    0.000000]       .text : 0xc0008000 - 0xc075b3c8   (7501 kB)
[    0.000000]       .init : 0xc075c000 - 0xc0799380   ( 245 kB)
[    0.000000]       .data : 0xc079a000 - 0xc07e7820   ( 311 kB)
[    0.000000]        .bss : 0xc07e782c - 0xc083e5f0   ( 348 kB)
[    0.000000] Preemptible hierarchical RCU implementation.
[    0.000000] NR_IRQS:16 nr_irqs:16 16
[    0.000000] sched_clock: 32 bits at 1000kHz, resolution 1000ns, wraps every 2147483648000ns
[    0.000000] Architected cp15 timer(s) running at 12.00MHz (virt).
[    0.000000] sched_clock: 56 bits at 12MHz, resolution 83ns, wraps every 2863311536128ns
[    0.000000] Switching to timer-based delay loop
[    0.000000] Console: colour dummy device 80x30
[    0.000482] Calibrating delay loop (skipped), value calculated using timer frequency.. 24.00 BogoMIPS (lpj=120000)
[    0.000498] pid_max: default: 32768 minimum: 301
[    0.000925] Mount-cache hash table entries: 512
[    0.019522] Initializing cgroup subsys debug
[    0.019540] Initializing cgroup subsys freezer
[    0.019606] CPU: Testing write buffer coherency: ok
[    0.019962] /cpus/cpu@0 missing clock-frequency property
[    0.019985] /cpus/cpu@1 missing clock-frequency property
[    0.020007] /cpus/cpu@2 missing clock-frequency property
[    0.020030] /cpus/cpu@3 missing clock-frequency property
[    0.020043] CPU0: thread -1, cpu 0, socket 0, mpidr 80000000
[    0.020071] Setting up static identity map for 0x805590f0 - 0x80559188
[    0.080761] CPU1: Booted secondary processor
[    0.080791] CPU1: thread -1, cpu 1, socket 0, mpidr 80000001
[    0.100775] CPU2: Booted secondary processor
[    0.100800] CPU2: thread -1, cpu 2, socket 0, mpidr 80000002
[    0.120780] CPU3: Booted secondary processor
[    0.120805] CPU3: thread -1, cpu 3, socket 0, mpidr 80000003
[    0.120977] Brought up 4 CPUs
[    0.121004] SMP: Total of 4 processors activated.
[    0.121012] CPU: All CPU(s) started in SVC mode.
[    0.122017] devtmpfs: initialized
[    0.134862] VFP support v0.3: implementor 41 architecture 4 part 30 variant f rev 0
[    0.135238] pinctrl core: initialized pinctrl subsystem
[    0.135753] regulator-dummy: no parameters
[    0.136553] NET: Registered protocol family 16
[    0.137868] DMA: preallocated 256 KiB pool for atomic coherent allocations
[    0.138629] cpuidle: using governor ladder
[    0.138640] cpuidle: using governor menu
[    0.150138] No ATAGs?
[    0.150166] hw-breakpoint: found 5 (+1 reserved) breakpoint and 4 watchpoint registers.
[    0.150178] hw-breakpoint: maximum watchpoint size is 8 bytes.
[    0.161163] bio: create slab <bio-0> at 0
[    0.162605] vdd_ac_bat: 5000 mV 
[    0.162922] dvdd_ts: Failed to request enable GPIO61: -517
[    0.163083] reg-fixed-voltage 1.regulator: Failed to register regulator: -517
[    0.163108] platform 1.regulator: Driver reg-fixed-voltage requests probe deferral
[    0.163306] lcd_bl_en: Failed to request enable GPIO58: -517
[    0.163452] reg-fixed-voltage 2.regulator: Failed to register regulator: -517
[    0.163474] platform 2.regulator: Driver reg-fixed-voltage requests probe deferral
[    0.163672] usb1_vbus: Failed to request enable GPIO108: -517
[    0.163816] reg-fixed-voltage 3.regulator: Failed to register regulator: -517
[    0.163838] platform 3.regulator: Driver reg-fixed-voltage requests probe deferral
[    0.164033] usb2_vbus: Failed to request enable GPIO86: -517
[    0.164175] reg-fixed-voltage 4.regulator: Failed to register regulator: -517
[    0.164196] platform 4.regulator: Driver reg-fixed-voltage requests probe deferral
[    0.164391] vdd_hdmi_5v0: Failed to request enable GPIO81: -517
[    0.164532] reg-fixed-voltage 5.regulator: Failed to register regulator: -517
[    0.164554] platform 5.regulator: Driver reg-fixed-voltage requests probe deferral
[    0.164632] platform 6.regulator: Driver reg-fixed-voltage requests probe deferral
[    0.165627] vgaarb: loaded
[    0.166661] SCSI subsystem initialized
[    0.167030] usbcore: registered new interface driver usbfs
[    0.167134] usbcore: registered new interface driver hub
[    0.167289] usbcore: registered new device driver usb
[    0.171523] vdd-cpu: 500 <--> 1520 mV at 1100 mV 
[    0.172141] tps65090 1-0048: No cache defaults, reading back from HW
[    0.178518] vdd-sys-5v0: no parameters
[    0.178570] vdd-sys-5v0: supplied by vdd_ac_bat
[    0.180014] vdd-sys-3v3: no parameters
[    0.180074] vdd-sys-3v3: supplied by vdd_ac_bat
[    0.181496] vdd-ao: no parameters
[    0.181533] vdd-ao: supplied by vdd_ac_bat
[    0.181794] vdd-lcd-bl: no parameters
[    0.181831] vdd-lcd-bl: supplied by vdd_ac_bat
[    0.182081] TPS65090_RAILSFET2: no parameters
[    0.182117] TPS65090_RAILSFET2: supplied by vdd_ac_bat
[    0.182361] vdd-modem-3v3: no parameters
[    0.182394] vdd-modem-3v3: supplied by vdd-sys-3v3
[    0.182643] avdd-lcd: no parameters
[    0.182677] avdd-lcd: supplied by vdd-sys-3v3
[    0.182918] vdd-lvds: no parameters
[    0.182951] vdd-lvds: supplied by vdd-sys-3v3
[    0.183212] vdd-sd-slot: no parameters
[    0.183246] vdd-sd-slot: supplied by vdd-sys-3v3
[    0.183497] vdd-com-3v3: no parameters
[    0.183531] vdd-com-3v3: supplied by vdd-sys-3v3
[    0.183783] vdd-sby-5v0: no parameters
[    0.183818] vdd-sby-5v0: supplied by vdd_ac_bat
[    0.184058] vdd-sby-3v3: no parameters
[    0.184091] vdd-sby-3v3: supplied by vdd_ac_bat
[    0.184458] genirq: Setting trigger mode 8 for irq 118 failed (gic_set_type+0x0/0xf0)
[    0.184883] palmas 1-0058: Irq flag is 0x00000000
[    0.199190] palmas 1-0058: Muxing GPIO ff, PWM 0, LED 0
[    0.208182] vddio-ddr: 1350 mV 
[    0.209029] vddio-ddr: supplied by vdd-ao
[    0.215998] vddio-1v8: 1800 mV 
[    0.216840] vddio-1v8: supplied by vdd-ao
[    0.223797] vdd-core: 900 <--> 1400 mV at 1100 mV 
[    0.224639] vdd-core: supplied by vdd-sys-3v3
[    0.228831] SMPS6: no parameters
[    0.236577] avdd-pll: 1050 mV 
[    0.237421] avdd-pll: supplied by vdd-sys-3v3
[    0.245739] sdhci-vdd-sd-slot: 2800 mV 
[    0.246580] sdhci-vdd-sd-slot: supplied by vdd-sys-3v3
[    0.248411] SMPS10_OUT2: at 5000 mV 
[    0.250233] SMPS10_OUT1: at 5000 mV 
[    0.252864] avdd-cam1: 2800 mV 
[    0.253702] avdd-cam1: supplied by vdd-sys-3v3
[    0.257712] avdd-cam2: 2800 mV 
[    0.258551] avdd-cam2: supplied by vdd-sys-3v3
[    0.263331] avdd-dsi-csi: 1200 mV 
[    0.264169] avdd-dsi-csi: supplied by vddio-1v8
[    0.268969] vpp-fuse: 1800 mV 
[    0.269808] vpp-fuse: supplied by vdd-sys-3v3
[    0.273020] LDO5: at 1200 mV 
[    0.273864] LDO5: supplied by vdd_ac_bat
[    0.276491] vdd-sensor-2v85: 2850 mV 
[    0.277330] vdd-sensor-2v85: supplied by vdd-sys-3v3
[    0.281372] vdd-af-cam1: 2800 mV 
[    0.282210] vdd-af-cam1: supplied by vdd-sys-3v3
[    0.290335] vdd-rtc: 900 mV 
[    0.291175] vdd-rtc: supplied by vdd-ao
[    0.295187] vddio-sdmmc-2: 1800 <--> 3300 mV at 3300 mV 
[    0.296026] vddio-sdmmc-2: supplied by sdhci-vdd-sd-slot
[    0.300820] hvdd-usb: 3300 mV 
[    0.301661] hvdd-usb: supplied by vdd-sys-5v0
[    0.306445] avdd-usb: 3300 mV 
[    0.307284] avdd-usb: supplied by vdd-sys-5v0
[    0.310572] rail-3v3: no parameters
[    0.312950] rail-5v0: no parameters
[    0.314547] REGEN3: no parameters
[    0.314734] SYSEN1: no parameters
[    0.314920] SYSEN2: no parameters
[    0.315543] Linux video capture interface: v2.00
[    0.316235] platform 70019010.iommu: Driver tegra-smmu requests probe deferral
[    0.316539] Advanced Linux Sound Architecture Driver Initialized.
[    0.317256] Bluetooth: Core ver 2.17
[    0.317326] NET: Registered protocol family 31
[    0.317335] Bluetooth: HCI device and connection manager initialized
[    0.317359] Bluetooth: HCI socket layer initialized
[    0.317381] Bluetooth: L2CAP socket layer initialized
[    0.317416] Bluetooth: SCO socket layer initialized
[    0.317997] cfg80211: Calling CRDA to update world regulatory domain
[    0.319004] Switched to clocksource arch_sys_counter
[    0.332993] NET: Registered protocol family 2
[    0.333906] TCP established hash table entries: 8192 (order: 3, 32768 bytes)
[    0.334007] TCP bind hash table entries: 8192 (order: 4, 65536 bytes)
[    0.334193] TCP: Hash tables configured (established 8192 bind 8192)
[    0.334606] TCP: reno registered
[    0.334621] UDP hash table entries: 512 (order: 2, 16384 bytes)
[    0.334664] UDP-Lite hash table entries: 512 (order: 2, 16384 bytes)
[    0.335086] NET: Registered protocol family 1
[    0.335802] RPC: Registered named UNIX socket transport module.
[    0.335814] RPC: Registered udp transport module.
[    0.335822] RPC: Registered tcp transport module.
[    0.335830] RPC: Registered tcp NFSv4.1 backchannel transport module.
[    0.335843] PCI: CLS 0 bytes, default 64
[    0.340018] bounce pool size: 64 pages
[    0.341696] squashfs: version 4.0 (2009/01/31) Phillip Lougher
[    0.342475] msgmni has been set to 1469
[    0.344109] io scheduler noop registered (default)
[    0.367527] tegra-apbdma 6000a000.dma: Tegra20 APB DMA driver register 32 channels
[    0.368082] Serial: 8250/16550 driver, 4 ports, IRQ sharing disabled
[    0.370215] 70006300.serial: ttyS0 at MMIO 0x70006300 (irq = 122, base_baud = 25500000) is a Tegra
[    1.404710] console [ttyS0] enabled
[    1.409194] [drm] Initialized drm 1.1.0 20060810
[    1.419908] loop: module loaded
[    1.425933] m25p80 spi32766.0: w25q32dw (4096 Kbytes)
[    1.432833] pegasus: v0.9.3 (2013/04/25), Pegasus/Pegasus II USB Ethernet driver
[    1.440321] usbcore: registered new interface driver pegasus
[    1.446055] usbcore: registered new interface driver asix
[    1.451528] usbcore: registered new interface driver ax88179_178a
[    1.457674] usbcore: registered new interface driver cdc_ether
[    1.463593] usbcore: registered new interface driver r815x
[    1.469173] usbcore: registered new interface driver smsc75xx
[    1.474994] usbcore: registered new interface driver smsc95xx
[    1.480817] usbcore: registered new interface driver net1080
[    1.486538] usbcore: registered new interface driver cdc_subset
[    1.492526] usbcore: registered new interface driver zaurus
[    1.498195] usbcore: registered new interface driver cdc_ncm
[    1.503903] ehci_hcd: USB 2.0 'Enhanced' Host Controller (EHCI) Driver
[    1.510434] ehci-pci: EHCI PCI platform driver
[    1.514936] tegra-ehci: Tegra EHCI driver
[    1.519141] platform 7d008000.usb: Driver tegra-ehci requests probe deferral
[    1.526447] usbcore: registered new interface driver cdc_acm
[    1.532113] cdc_acm: USB Abstract Control Model driver for USB modems and ISDN adapters
[    1.540180] usbcore: registered new interface driver cdc_wdm
[    1.545933] usbcore: registered new interface driver usb-storage
[    1.552161] platform 7d008000.usb-phy: Driver tegra-phy requests probe deferral
[    1.560121] mousedev: PS/2 mouse device common for all mice
[    1.577725] palmas-rtc rtc.7: rtc core: registered rtc.7 as rtc0
[    1.588130] tegra_rtc 7000e000.rtc: rtc core: registered 7000e000.rtc as rtc1
[    1.595302] tegra_rtc 7000e000.rtc: Tegra internal Real Time Clock
[    1.602880] sbs-battery 0-000b: sbs_probe: Failed to get device status
[    1.609431] sbs-battery: probe of 0-000b failed with error -121
[    1.633636] sdhci: Secure Digital Host Controller Interface driver
[    1.639839] sdhci: Copyright(c) Pierre Ossman
[    1.644201] sdhci-pltfm: SDHCI platform and OF driver helper
[    1.650298] sdhci-tegra 78000400.sdhci: Got CD GPIO #170.
[    1.656780] sdhci-tegra 78000400.sdhci: dummy supplies not allowed
[    1.662982] mmc0: no vqmmc regulator found
[    1.667096] sdhci-tegra 78000400.sdhci: dummy supplies not allowed
[    1.673292] mmc0: no vmmc regulator found
[    1.677307] mmc0: Invalid maximum block size, assuming 512 bytes
[    1.729033] mmc0: SDHCI controller on 78000400.sdhci [78000400.sdhci] using ADMA
[    1.738636] sdhci-tegra 78000600.sdhci: dummy supplies not allowed
[    1.744839] mmc1: no vqmmc regulator found
[    1.748951] sdhci-tegra 78000600.sdhci: dummy supplies not allowed
[    1.755148] mmc1: no vmmc regulator found
[    1.759178] mmc1: Invalid maximum block size, assuming 512 bytes
[    1.809026] mmc1: SDHCI controller on 78000600.sdhci [78000600.sdhci] using ADMA
[    1.817152] usbcore: registered new interface driver usbhid
[    1.824830] usbhid: USB HID core driver
[    1.941322] mmc1: BKOPS_EN bit is not set
[    1.971948] mmc1: new HS200 MMC card at address 0001
[    1.977436] isa bounce pool size: 16 pages
[    1.981740] mmcblk0: mmc1:0001 SEM32G 29.1 GiB 
[    1.986631] mmcblk0boot0: mmc1:0001 SEM32G partition 1 4.00 MiB
[    1.992926] mmcblk0boot1: mmc1:0001 SEM32G partition 2 4.00 MiB
[    1.999186] mmcblk0rpmb: mmc1:0001 SEM32G partition 3 4.00 MiB
[    2.007641] Primary GPT is invalid, using alternate GPT.
[    2.013054]  mmcblk0: p1 p2 p3 p4 p5
[    2.020347]  mmcblk0boot1: unknown partition table
[    2.026866]  mmcblk0boot0: unknown partition table
[    2.307153] tegra-snd-rt5640 sound.4: rt5640-aif1 <-> 70080400.i2s mapping ok
[    2.319467] input: NVIDIA Tegra Dalmore Headphones as /devices/soc0/sound.4/sound/card0/input0
[    2.329928] TCP: cubic registered
[    2.333545] NET: Registered protocol family 10
[    2.339566] mip6: Mobile IPv6
[    2.342590] sit: IPv6 over IPv4 tunneling driver
[    2.349175] NET: Registered protocol family 17
[    2.353713] NET: Registered protocol family 15
[    2.358305] Bluetooth: RFCOMM socket layer initialized
[    2.363537] Bluetooth: RFCOMM ver 1.11
[    2.367322] Bluetooth: BNEP (Ethernet Emulation) ver 1.3
[    2.372712] Bluetooth: BNEP socket layer initialized
[    2.377693] Bluetooth: HIDP (Human Interface Emulation) ver 1.2
[    2.383679] Bluetooth: HIDP socket layer initialized
[    2.389404] Registering SWP/SWPB emulation handler
[    2.399800] hvdd-usb: disabling
[    2.405587] vdd-af-cam1: disabling
[    2.412255] LDO5: disabling
[    2.417528] vpp-fuse: disabling
[    2.422913] avdd-cam2: disabling
[    2.428348] avdd-cam1: disabling
[    2.435404] vdd-com-3v3: disabling
[    2.439409] vdd-lvds: disabling
[    2.443153] avdd-lcd: disabling
[    2.446939] vdd-lcd-bl: disabling
[    2.452246] dvdd_ts: 1800 mV 
[    2.455988] lcd_bl_en: 5000 mV 
[    2.459907] usb1_vbus: 5000 mV 
[    2.463266] usb1_vbus: supplied by vdd-sys-5v0
[    2.468351] usb2_vbus: 5000 mV 
[    2.471697] usb2_vbus: supplied by vdd-sys-5v0
[    2.476768] vdd_hdmi_5v0: 5000 mV 
[    2.480373] vdd_hdmi_5v0: supplied by vdd-sys-5v0
[    2.488438] vdd_cam_1v8_reg: 1800 mV 
[    2.493148] platform 7d008000.usb: Driver tegra-ehci requests probe deferral
[    2.501327] tegra-ehci 7d008000.usb: EHCI Host Controller
[    2.506847] tegra-ehci 7d008000.usb: new USB bus registered, assigned bus number 1
[    2.515945] tegra-ehci 7d008000.usb: irq 129, io mem 0x7d008000
[    2.539068] tegra-ehci 7d008000.usb: USB 2.0 started, EHCI 1.10
[    2.546681] hub 1-0:1.0: USB hub found
[    2.550691] hub 1-0:1.0: 1 port detected
[    2.556447] input: gpio-keys.2 as /devices/soc0/gpio-keys.2/input/input1
[    2.568874] palmas-rtc rtc.7: setting system clock to 2000-02-15 05:44:27 UTC (950593467)
[    2.592085] ALSA device list:
[    2.595120]   #0: NVIDIA Tegra Dalmore
[    2.612940] kjournald starting.  Commit interval 5 seconds
[    2.618517] EXT3-fs (mmcblk0p1): using internal journal
[    2.623921] EXT3-fs (mmcblk0p1): recovery complete
[    2.628778] EXT3-fs (mmcblk0p1): mounted filesystem with writeback data mode
[    2.636084] VFS: Mounted root (ext3 filesystem) on device 179:1.
[    2.644497] devtmpfs: mounted
[    2.647837] Freeing unused kernel memory: 244K (c075c000 - c0799000)
bash: cannot set terminal process group (-1): Inappropriate ioctl for device
bash: no job control in this shell
I have no name!@(none):/# [    2.869166] usb 1-1: new high-speed USB device number 2 using tegra-ehci
