Diff for ./qemu-vexpress64/__internal/defconfig_log.txt
--- /tmp/fooa	2016-02-08 03:24:13.201583342 -0800
+++ /tmp/foob	2016-02-08 03:24:13.205583339 -0800
@@ -1,5 +1,5 @@
 Booting Linux on physical CPU 0x0
-Linux version 4.5.0-rc2-next-20160205+ (pwalmsley@tamien) (gcc version 4.9.2 20140904 (prerelease) (crosstool-NG linaro-1.13.1-4.9-2014.09 - Linaro GCC 4.9-2014.09) ) #1 SMP PREEMPT Thu Feb 4 20:19:40 PST 2016
+Linux version 4.5.0-rc2-next-20160208+ (pwalmsley@tamien) (gcc version 4.9.2 20140904 (prerelease) (crosstool-NG linaro-1.13.1-4.9-2014.09 - Linaro GCC 4.9-2014.09) ) #1 SMP PREEMPT Mon Feb 8 03:19:28 PST 2016
 Boot CPU: AArch64 Processor [411fd070]
 Memory limited to 1024MB
 efi: Getting EFI parameters from FDT:
@@ -19,7 +19,7 @@
 Dentry cache hash table entries: 131072 (order: 8, 1048576 bytes)
 Inode-cache hash table entries: 65536 (order: 7, 524288 bytes)
 software IO TLB [mem 0x79c00000-0x7dc00000] (64MB) mapped at [ffffffc039c00000-ffffffc03dbfffff]
-Memory: 937296K/1048576K available (6508K kernel code, 590K rwdata, 2676K rodata, 724K init, 242K bss, 94896K reserved, 16384K cma-reserved)
+Memory: 937280K/1048576K available (6512K kernel code, 603K rwdata, 2676K rodata, 724K init, 242K bss, 94912K reserved, 16384K cma-reserved)
 Virtual kernel memory layout:
     vmalloc : 0xffffff8000000000 - 0xffffffbdbfff0000   (   246 GB)
     vmemmap : 0xffffffbdc0000000 - 0xffffffbfc0000000   (     8 GB maximum)
@@ -28,9 +28,9 @@
     PCI I/O : 0xffffffbffae00000 - 0xffffffbffbe00000   (    16 MB)
     modules : 0xffffffbffc000000 - 0xffffffc000000000   (    64 MB)
     memory  : 0xffffffc000000000 - 0xffffffc040000000   (  1024 MB)
-      .init : 0xffffffc00097b000 - 0xffffffc000a30000   (   724 KB)
-      .text : 0xffffffc000080000 - 0xffffffc00097a164   (  9193 KB)
-      .data : 0xffffffc000a30000 - 0xffffffc000ac3a00   (   591 KB)
+      .init : 0xffffffc00097c000 - 0xffffffc000a31000   (   724 KB)
+      .text : 0xffffffc000080000 - 0xffffffc00097b164   (  9197 KB)
+      .data : 0xffffffc000a31000 - 0xffffffc000ac7e00   (   604 KB)
 SLUB: HWalign=64, Order=0-3, MinObjects=0, CPUs=1, Nodes=1
 Preemptible hierarchical RCU implementation.
 	Build-time adjustment of leaf fanout to 64.
@@ -58,7 +58,7 @@
 pinctrl core: initialized pinctrl subsystem
 NET: Registered protocol family 16
 cpuidle: using governor menu
-vdso: 2 pages (1 code @ ffffffc000a35000, 1 data @ ffffffc000a34000)
+vdso: 2 pages (1 code @ ffffffc000a39000, 1 data @ ffffffc000a38000)
 hw-breakpoint: found 6 breakpoint and 4 watchpoint registers.
 DMA: preallocated 256 KiB pool for atomic allocations
 Serial: AMBA PL011 UART driver
@@ -92,7 +92,7 @@
 kvm [1]: HYP mode not available
 futex hash table entries: 256 (order: 3, 32768 bytes)
 audit: initializing netlink subsys (disabled)
-audit: type=2000 audit(0.452:1): initialized
+audit: type=2000 audit(0.460:1): initialized
 workingset: timestamp_bits=44 max_order=18 bucket_order=0
 squashfs: version 4.0 (2009/01/31) Phillip Lougher
 NFS: Registering the id_resolver key type
@@ -139,7 +139,7 @@
 9pnet: Installing 9P2000 support
 Key type dns_resolver registered
 registered taskstats version 1
-rtc-pl031 9010000.pl031: setting system clock to 2016-02-05 04:20:09 UTC (1454646009)
+rtc-pl031 9010000.pl031: setting system clock to 2016-02-08 11:19:58 UTC (1454930398)
 ALSA device list:
   No soundcards found.
 uart-pl011 9000000.pl011: no DMA platform data
@@ -148,7 +148,7 @@
 EXT4-fs (vda2): mounted filesystem with ordered data mode. Opts: (null)
 VFS: Mounted root (ext4 filesystem) on device 254:2.
 devtmpfs: mounted
-Freeing unused kernel memory: 724K (ffffffc00097b000 - ffffffc000a30000)
+Freeing unused kernel memory: 724K (ffffffc00097c000 - ffffffc000a31000)
 bash: cannot set terminal process group (-1): Inappropriate ioctl for device
 bash: no job control in this shell
 bash-4.3# 
\ No newline at end of file
Diff for ./tegra114-dalmore-a04/tegra114-dalmore/multi_v7_defconfig_log.txt
--- /tmp/fooa	2016-02-08 03:24:13.209583337 -0800
+++ /tmp/foob	2016-02-08 03:24:13.213583334 -0800
@@ -39,9 +39,9 @@
 	 #################################################################
 	 #################################################################
 	 ########
-	 3.3 MiB/s
+	 3.2 MiB/s
 done
-Bytes transferred = 6790424 (679d18 hex)
+Bytes transferred = 6791776 (67a260 hex)
 Tegra114 (Dalmore) # tftpboot 0x82000000 tegra114-dalmore.dtb
 Using asx0 device
 TFTP from server 192.168.100.1; our IP address is 192.168.100.100
@@ -52,7 +52,7 @@
 done
 Bytes transferred = 34894 (884e hex)
 Tegra114 (Dalmore) # bootz 0x81000000 - 0x82000000
-Kernel image @ 0x81000000 [ 0x000000 - 0x679d18 ]
+Kernel image @ 0x81000000 [ 0x000000 - 0x67a260 ]
 ## Flattened Device Tree blob at 82000000
    Booting using the fdt blob at 0x82000000
    Loading Device Tree to 8fff4000, end 8ffff84d ... OK
@@ -60,7 +60,7 @@
 Starting kernel ...
 
 Booting Linux on physical CPU 0x0
-Linux version 4.5.0-rc2-next-20160205-70441-gbc91a31 (pwalmsley@sellafield) (gcc version 4.7.3 20130328 (prerelease) (crosstool-NG linaro-1.13.1-4.7-2013.04-20130415 - Linaro GCC 2013.04) ) #1 SMP Thu Feb 4 20:17:51 PST 2016
+Linux version 4.5.0-rc2-next-20160208-71094-g32a75162 (pwalmsley@sellafield) (gcc version 4.7.3 20130328 (prerelease) (crosstool-NG linaro-1.13.1-4.7-2013.04-20130415 - Linaro GCC 2013.04) ) #1 SMP Mon Feb 8 03:17:37 PST 2016
 CPU: ARMv7 Processor [412fc0f2] revision 2 (ARMv7), cr=10c5387d
 CPU: div instructions available: patching division code
 CPU: PIPT / VIPT nonaliasing data cache, PIPT instruction cache
@@ -69,7 +69,7 @@
 cma: Reserved 64 MiB at 0xfb800000
 Memory policy: Data cache writealloc
 On node 0 totalpages: 524032
-free_area_init_node: node 0, pgdat c1074740, node_mem_map eeff8000
+free_area_init_node: node 0, pgdat c1076840, node_mem_map eeff8000
   DMA zone: 1536 pages used for memmap
   DMA zone: 0 pages reserved
   DMA zone: 196608 pages, LIFO batch:31
@@ -82,7 +82,7 @@
 PID hash table entries: 4096 (order: 2, 16384 bytes)
 Dentry cache hash table entries: 131072 (order: 7, 524288 bytes)
 Inode-cache hash table entries: 65536 (order: 6, 262144 bytes)
-Memory: 1997860K/2096128K available (8507K kernel code, 1113K rwdata, 4052K rodata, 1100K init, 345K bss, 32732K reserved, 65536K cma-reserved, 1244160K highmem)
+Memory: 1997852K/2096128K available (8511K kernel code, 1114K rwdata, 4056K rodata, 1100K init, 345K bss, 32740K reserved, 65536K cma-reserved, 1244160K highmem)
 Virtual kernel memory layout:
     vector  : 0xffff0000 - 0xffff1000   (   4 kB)
     fixmap  : 0xffc00000 - 0xfff00000   (3072 kB)
@@ -90,10 +90,10 @@
     lowmem  : 0xc0000000 - 0xf0000000   ( 768 MB)
     pkmap   : 0xbfe00000 - 0xc0000000   (   2 MB)
     modules : 0xbf000000 - 0xbfe00000   (  14 MB)
-      .text : 0xc0208000 - 0xc0e4cf80   (12564 kB)
-      .init : 0xc0e4d000 - 0xc0f60000   (1100 kB)
-      .data : 0xc0f60000 - 0xc1076700   (1114 kB)
-       .bss : 0xc1079000 - 0xc10cf6a0   ( 346 kB)
+      .text : 0xc0208000 - 0xc0e4efec   (12572 kB)
+      .init : 0xc0e4f000 - 0xc0f62000   (1100 kB)
+      .data : 0xc0f62000 - 0xc1078800   (1114 kB)
+       .bss : 0xc107b000 - 0xc10d16a0   ( 346 kB)
 SLUB: HWalign=64, Order=0-3, MinObjects=0, CPUs=4, Nodes=1
 Hierarchical RCU implementation.
 	Build-time adjustment of leaf fanout to 32.
@@ -295,7 +295,7 @@
 hub 1-0:1.0: USB hub found
 hub 1-0:1.0: 1 port detected
 input: gpio-keys as /devices/soc0/gpio-keys/input/input0
-palmas-rtc 7000d000.i2c:tps65913@58:rtc: setting system clock to 2000-01-16 09:27:58 UTC (948014878)
+palmas-rtc 7000d000.i2c:tps65913@58:rtc: setting system clock to 2000-01-19 16:27:58 UTC (948299278)
 dvdd_ts: disabling
 usb1_vbus: disabling
 vdd_cam_1v8_reg: disabling
@@ -304,7 +304,7 @@
 EXT4-fs (mmcblk0p1): mounted filesystem with ordered data mode. Opts: (null)
 VFS: Mounted root (ext3 filesystem) on device 179:1.
 devtmpfs: mounted
-Freeing unused kernel memory: 1100K (c0e4d000 - c0f60000)
+Freeing unused kernel memory: 1100K (c0e4f000 - c0f62000)
 bash: cannot set terminal process group (-1): Inappropriate ioctl for device
 bash: no job control in this shell
-root@(none):/# [    2.224364] usb 1-1: new high-speed USB device number 2 using tegra-ehci
+root@(none):/# [    2.224168] usb 1-1: new high-speed USB device number 2 using tegra-ehci
Diff for ./tegra114-dalmore-a04/tegra114-dalmore/tegra_defconfig_log.txt
--- /tmp/fooa	2016-02-08 03:24:13.217583332 -0800
+++ /tmp/foob	2016-02-08 03:24:13.221583330 -0800
@@ -37,20 +37,20 @@
 	 #################################################################
 	 #################################################################
 	 ##################################
-	 2.9 MiB/s
+	 3 MiB/s
 done
-Bytes transferred = 5264704 (505540 hex)
+Bytes transferred = 5267712 (506100 hex)
 Tegra114 (Dalmore) # tftpboot 0x82000000 tegra114-dalmore.dtb
 Using asx0 device
 TFTP from server 192.168.100.1; our IP address is 192.168.100.100
 Filename 'tegra114-dalmore.dtb'.
 Load address: 0x82000000
 Loading: *###
-	 2.8 MiB/s
+	 2.6 MiB/s
 done
 Bytes transferred = 34894 (884e hex)
 Tegra114 (Dalmore) # bootz 0x81000000 - 0x82000000
-Kernel image @ 0x81000000 [ 0x000000 - 0x505540 ]
+Kernel image @ 0x81000000 [ 0x000000 - 0x506100 ]
 ## Flattened Device Tree blob at 82000000
    Booting using the fdt blob at 0x82000000
    Loading Device Tree to 8fff4000, end 8ffff84d ... OK
@@ -59,7 +59,7 @@
 
 Uncompressing Linux... done, booting the kernel.
 Booting Linux on physical CPU 0x0
-Linux version 4.5.0-rc2-next-20160205-70441-gbc91a31 (pwalmsley@kaivo) (gcc version 4.7.3 20130328 (prerelease) (crosstool-NG linaro-1.13.1-4.7-2013.04-20130415 - Linaro GCC 2013.04) ) #1 SMP PREEMPT Thu Feb 4 20:18:13 PST 2016
+Linux version 4.5.0-rc2-next-20160208-71094-g32a75162 (pwalmsley@kaivo) (gcc version 4.7.3 20130328 (prerelease) (crosstool-NG linaro-1.13.1-4.7-2013.04-20130415 - Linaro GCC 2013.04) ) #1 SMP PREEMPT Mon Feb 8 03:17:59 PST 2016
 CPU: ARMv7 Processor [412fc0f2] revision 2 (ARMv7), cr=10c5387d
 CPU: div instructions available: patching division code
 CPU: PIPT / VIPT nonaliasing data cache, PIPT instruction cache
@@ -69,7 +69,7 @@
 cma: Reserved 64 MiB at 0xfbc00000
 Memory policy: Data cache writealloc
 On node 0 totalpages: 524032
-free_area_init_node: node 0, pgdat c0a376c0, node_mem_map eeff7000
+free_area_init_node: node 0, pgdat c0a377c0, node_mem_map eeff7000
   Normal zone: 1536 pages used for memmap
   Normal zone: 0 pages reserved
   Normal zone: 196608 pages, LIFO batch:31
@@ -82,7 +82,7 @@
 PID hash table entries: 4096 (order: 2, 16384 bytes)
 Dentry cache hash table entries: 131072 (order: 7, 524288 bytes)
 Inode-cache hash table entries: 65536 (order: 6, 262144 bytes)
-Memory: 2002172K/2096128K available (7225K kernel code, 372K rwdata, 2492K rodata, 344K init, 367K bss, 28420K reserved, 65536K cma-reserved, 1244160K highmem)
+Memory: 2002172K/2096128K available (7229K kernel code, 372K rwdata, 2492K rodata, 340K init, 367K bss, 28420K reserved, 65536K cma-reserved, 1244160K highmem)
 Virtual kernel memory layout:
     vector  : 0xffff0000 - 0xffff1000   (   4 kB)
     fixmap  : 0xffc00000 - 0xfff00000   (3072 kB)
@@ -90,9 +90,9 @@
     lowmem  : 0xc0000000 - 0xf0000000   ( 768 MB)
     pkmap   : 0xbfe00000 - 0xc0000000   (   2 MB)
     modules : 0xbf000000 - 0xbfe00000   (  14 MB)
-      .text : 0xc0008000 - 0xc098588c   (9719 kB)
-      .init : 0xc0986000 - 0xc09dc000   ( 344 kB)
-      .data : 0xc09dc000 - 0xc0a39220   ( 373 kB)
+      .text : 0xc0008000 - 0xc09868c8   (9723 kB)
+      .init : 0xc0987000 - 0xc09dc000   ( 340 kB)
+      .data : 0xc09dc000 - 0xc0a39320   ( 373 kB)
        .bss : 0xc0a3c000 - 0xc0a97dcc   ( 368 kB)
 Preemptible hierarchical RCU implementation.
 	Build-time adjustment of leaf fanout to 32.
@@ -292,7 +292,7 @@
 hub 1-0:1.0: USB hub found
 hub 1-0:1.0: 1 port detected
 input: gpio-keys as /devices/soc0/gpio-keys/input/input1
-palmas-rtc 7000d000.i2c:tps65913@58:rtc: setting system clock to 2000-01-16 09:29:40 UTC (948014980)
+palmas-rtc 7000d000.i2c:tps65913@58:rtc: setting system clock to 2000-01-19 16:29:38 UTC (948299378)
 dvdd_ts: disabling
 usb1_vbus: disabling
 vdd_cam_1v8_reg: disabling
@@ -303,7 +303,7 @@
 EXT4-fs (mmcblk0p1): mounted filesystem with ordered data mode. Opts: (null)
 VFS: Mounted root (ext3 filesystem) on device 179:1.
 devtmpfs: mounted
-Freeing unused kernel memory: 344K (c0986000 - c09dc000)
+Freeing unused kernel memory: 340K (c0987000 - c09dc000)
 bash: cannot set terminal process group (-1): Inappropriate ioctl for device
 bash: no job control in this shell
-root@(none):/# [    2.527528] usb 1-1: new high-speed USB device number 2 using tegra-ehci
+root@(none):/# [    2.517430] usb 1-1: new high-speed USB device number 2 using tegra-ehci
Diff for ./tegra124-jetson-tk1/tegra124-jetson-tk1/multi_v7_defconfig_log.txt
--- /tmp/fooa	2016-02-08 03:24:13.225583327 -0800
+++ /tmp/foob	2016-02-08 03:24:13.225583327 -0800
@@ -43,18 +43,18 @@
 	 ########
 	 3.2 MiB/s
 done
-Bytes transferred = 6790424 (679d18 hex)
+Bytes transferred = 6791776 (67a260 hex)
 Tegra124 (Jetson TK1) # tftpboot 0x83000000 tegra124-jetson-tk1.dtb
 Using asx0 device
 TFTP from server 192.168.100.1; our IP address is 192.168.100.102
 Filename 'tegra124-jetson-tk1.dtb'.
 Load address: 0x83000000
 Loading: *#####
-	 3.1 MiB/s
+	 3.2 MiB/s
 done
 Bytes transferred = 64218 (fada hex)
 Tegra124 (Jetson TK1) # bootz 0x82000000 - 0x83000000
-Kernel image @ 0x82000000 [ 0x000000 - 0x679d18 ]
+Kernel image @ 0x82000000 [ 0x000000 - 0x67a260 ]
 ## Flattened Device Tree blob at 83000000
    Booting using the fdt blob at 0x83000000
    Using Device Tree in place at 83000000, end 83012ad9
@@ -62,7 +62,7 @@
 Starting kernel ...
 
 Booting Linux on physical CPU 0x0
-Linux version 4.5.0-rc2-next-20160205-70441-gbc91a31 (pwalmsley@sellafield) (gcc version 4.7.3 20130328 (prerelease) (crosstool-NG linaro-1.13.1-4.7-2013.04-20130415 - Linaro GCC 2013.04) ) #1 SMP Thu Feb 4 20:17:51 PST 2016
+Linux version 4.5.0-rc2-next-20160208-71094-g32a75162 (pwalmsley@sellafield) (gcc version 4.7.3 20130328 (prerelease) (crosstool-NG linaro-1.13.1-4.7-2013.04-20130415 - Linaro GCC 2013.04) ) #1 SMP Mon Feb 8 03:17:37 PST 2016
 CPU: ARMv7 Processor [413fc0f3] revision 3 (ARMv7), cr=10c5387d
 CPU: div instructions available: patching division code
 CPU: PIPT / VIPT nonaliasing data cache, PIPT instruction cache
@@ -71,7 +71,7 @@
 cma: Reserved 64 MiB at 0xfb800000
 Memory policy: Data cache writealloc
 On node 0 totalpages: 524032
-free_area_init_node: node 0, pgdat c1074740, node_mem_map eeff8000
+free_area_init_node: node 0, pgdat c1076840, node_mem_map eeff8000
   DMA zone: 1536 pages used for memmap
   DMA zone: 0 pages reserved
   DMA zone: 196608 pages, LIFO batch:31
@@ -84,7 +84,7 @@
 PID hash table entries: 4096 (order: 2, 16384 bytes)
 Dentry cache hash table entries: 131072 (order: 7, 524288 bytes)
 Inode-cache hash table entries: 65536 (order: 6, 262144 bytes)
-Memory: 1997752K/2096128K available (8507K kernel code, 1113K rwdata, 4052K rodata, 1100K init, 345K bss, 32840K reserved, 65536K cma-reserved, 1244160K highmem)
+Memory: 1997744K/2096128K available (8511K kernel code, 1114K rwdata, 4056K rodata, 1100K init, 345K bss, 32848K reserved, 65536K cma-reserved, 1244160K highmem)
 Virtual kernel memory layout:
     vector  : 0xffff0000 - 0xffff1000   (   4 kB)
     fixmap  : 0xffc00000 - 0xfff00000   (3072 kB)
@@ -92,10 +92,10 @@
     lowmem  : 0xc0000000 - 0xf0000000   ( 768 MB)
     pkmap   : 0xbfe00000 - 0xc0000000   (   2 MB)
     modules : 0xbf000000 - 0xbfe00000   (  14 MB)
-      .text : 0xc0208000 - 0xc0e4cf80   (12564 kB)
-      .init : 0xc0e4d000 - 0xc0f60000   (1100 kB)
-      .data : 0xc0f60000 - 0xc1076700   (1114 kB)
-       .bss : 0xc1079000 - 0xc10cf6a0   ( 346 kB)
+      .text : 0xc0208000 - 0xc0e4efec   (12572 kB)
+      .init : 0xc0e4f000 - 0xc0f62000   (1100 kB)
+      .data : 0xc0f62000 - 0xc1078800   (1114 kB)
+       .bss : 0xc107b000 - 0xc10d16a0   ( 346 kB)
 SLUB: HWalign=64, Order=0-3, MinObjects=0, CPUs=4, Nodes=1
 Hierarchical RCU implementation.
 	Build-time adjustment of leaf fanout to 32.
@@ -366,7 +366,7 @@
 EXT4-fs (mmcblk0p1): mounted filesystem with ordered data mode. Opts: (null)
 VFS: Mounted root (ext4 filesystem) on device 179:1.
 devtmpfs: mounted
-Freeing unused kernel memory: 1100K (c0e4d000 - c0f60000)
+Freeing unused kernel memory: 1100K (c0e4f000 - c0f62000)
 bash: cannot set terminal process group (-1): Inappropriate ioctl for device
 bash: no job control in this shell
 root@(none):/# 
\ No newline at end of file
Diff for ./tegra124-jetson-tk1/tegra124-jetson-tk1/tegra_defconfig_log.txt
--- /tmp/fooa	2016-02-08 03:24:13.233583323 -0800
+++ /tmp/foob	2016-02-08 03:24:13.233583323 -0800
@@ -29,6 +29,7 @@
 Tegra124 (Jetson TK1) # setenv bootargs 'ignore_loglevel console=ttyS0,115200n8 rw root=/dev/mmcblk0p1 rootwait gpt debug noinitrd earlyprintk init=/bin/bash'
 Tegra124 (Jetson TK1) # setenv ipaddr 192.168.100.102; setenv serverip 192.168.100.1; setenv tftpserverip 192.168.100.1
 Tegra124 (Jetson TK1) # tftpboot 0x82000000 zImage.tegra_defconfig
+Waiting for Ethernet connection... done.
 Using asx0 device
 TFTP from server 192.168.100.1; our IP address is 192.168.100.102
 Filename 'zImage.tegra_defconfig'.
@@ -39,9 +40,9 @@
 	 #################################################################
 	 #################################################################
 	 ##################################
-	 2.9 MiB/s
+	 3 MiB/s
 done
-Bytes transferred = 5264704 (505540 hex)
+Bytes transferred = 5267712 (506100 hex)
 Tegra124 (Jetson TK1) # tftpboot 0x83000000 tegra124-jetson-tk1.dtb
 Using asx0 device
 TFTP from server 192.168.100.1; our IP address is 192.168.100.102
@@ -52,7 +53,7 @@
 done
 Bytes transferred = 64218 (fada hex)
 Tegra124 (Jetson TK1) # bootz 0x82000000 - 0x83000000
-Kernel image @ 0x82000000 [ 0x000000 - 0x505540 ]
+Kernel image @ 0x82000000 [ 0x000000 - 0x506100 ]
 ## Flattened Device Tree blob at 83000000
    Booting using the fdt blob at 0x83000000
    Using Device Tree in place at 83000000, end 83012ad9
@@ -61,7 +62,7 @@
 
 Uncompressing Linux... done, booting the kernel.
 Booting Linux on physical CPU 0x0
-Linux version 4.5.0-rc2-next-20160205-70441-gbc91a31 (pwalmsley@kaivo) (gcc version 4.7.3 20130328 (prerelease) (crosstool-NG linaro-1.13.1-4.7-2013.04-20130415 - Linaro GCC 2013.04) ) #1 SMP PREEMPT Thu Feb 4 20:18:13 PST 2016
+Linux version 4.5.0-rc2-next-20160208-71094-g32a75162 (pwalmsley@kaivo) (gcc version 4.7.3 20130328 (prerelease) (crosstool-NG linaro-1.13.1-4.7-2013.04-20130415 - Linaro GCC 2013.04) ) #1 SMP PREEMPT Mon Feb 8 03:17:59 PST 2016
 CPU: ARMv7 Processor [413fc0f3] revision 3 (ARMv7), cr=10c5387d
 CPU: div instructions available: patching division code
 CPU: PIPT / VIPT nonaliasing data cache, PIPT instruction cache
@@ -71,7 +72,7 @@
 cma: Reserved 64 MiB at 0xfbc00000
 Memory policy: Data cache writealloc
 On node 0 totalpages: 524032
-free_area_init_node: node 0, pgdat c0a376c0, node_mem_map eeff7000
+free_area_init_node: node 0, pgdat c0a377c0, node_mem_map eeff7000
   Normal zone: 1536 pages used for memmap
   Normal zone: 0 pages reserved
   Normal zone: 196608 pages, LIFO batch:31
@@ -84,7 +85,7 @@
 PID hash table entries: 4096 (order: 2, 16384 bytes)
 Dentry cache hash table entries: 131072 (order: 7, 524288 bytes)
 Inode-cache hash table entries: 65536 (order: 6, 262144 bytes)
-Memory: 2002064K/2096128K available (7225K kernel code, 372K rwdata, 2492K rodata, 344K init, 367K bss, 28528K reserved, 65536K cma-reserved, 1244160K highmem)
+Memory: 2002064K/2096128K available (7229K kernel code, 372K rwdata, 2492K rodata, 340K init, 367K bss, 28528K reserved, 65536K cma-reserved, 1244160K highmem)
 Virtual kernel memory layout:
     vector  : 0xffff0000 - 0xffff1000   (   4 kB)
     fixmap  : 0xffc00000 - 0xfff00000   (3072 kB)
@@ -92,9 +93,9 @@
     lowmem  : 0xc0000000 - 0xf0000000   ( 768 MB)
     pkmap   : 0xbfe00000 - 0xc0000000   (   2 MB)
     modules : 0xbf000000 - 0xbfe00000   (  14 MB)
-      .text : 0xc0008000 - 0xc098588c   (9719 kB)
-      .init : 0xc0986000 - 0xc09dc000   ( 344 kB)
-      .data : 0xc09dc000 - 0xc0a39220   ( 373 kB)
+      .text : 0xc0008000 - 0xc09868c8   (9723 kB)
+      .init : 0xc0987000 - 0xc09dc000   ( 340 kB)
+      .data : 0xc09dc000 - 0xc0a39320   ( 373 kB)
        .bss : 0xc0a3c000 - 0xc0a97dcc   ( 368 kB)
 Preemptible hierarchical RCU implementation.
 	Build-time adjustment of leaf fanout to 32.
@@ -279,8 +280,8 @@
 NET: Registered protocol family 29
 can: raw protocol (rev 20120528)
 can: broadcast manager protocol (rev 20120528 t)
-can: netlink gateway (rev 20130117) max_hops=1
 input: tegra-hda HDMI/DP,pcm=3 as /devices/soc0/70030000.hda/sound/card0/input1
+can: netlink gateway (rev 20130117) max_hops=1
 Bluetooth: RFCOMM socket layer initialized
 Bluetooth: RFCOMM ver 1.11
 Bluetooth: BNEP (Ethernet Emulation) ver 1.3
@@ -302,16 +303,42 @@
 tegra-pcie 1003000.pcie-controller: link 0 down, ignoring
 tegra-pcie 1003000.pcie-controller: probing port 1, using 1 lanes
 tegra-pcie 1003000.pcie-controller: Slot present pin change, signature: 00000000
-tegra-pcie 1003000.pcie-controller: link 1 down, retrying
-tegra-pcie 1003000.pcie-controller: link 1 down, retrying
-tegra-pcie 1003000.pcie-controller: link 1 down, retrying
-tegra-pcie 1003000.pcie-controller: link 1 down, ignoring
 tegra-pcie 1003000.pcie-controller: PCI host bridge to bus 0000:00
 pci_bus 0000:00: root bus resource [mem 0x13000000-0x1fffffff]
 pci_bus 0000:00: root bus resource [mem 0x20000000-0x3fffffff pref]
 pci_bus 0000:00: root bus resource [bus 00-ff]
 pci_bus 0000:00: root bus resource [io  0x1000-0xffff]
-PCI: bus0: Fast back to back transfers enabled
+pci 0000:00:02.0: [10de:0e13] type 01 class 0x060400
+pci 0000:00:02.0: PME# supported from D0 D1 D2 D3hot D3cold
+PCI: bus0: Fast back to back transfers disabled
+pci 0000:00:02.0: bridge configuration invalid ([bus 00-00]), reconfiguring
+pci 0000:01:00.0: [10ec:8168] type 00 class 0x020000
+pci 0000:01:00.0: reg 0x10: [io  0x0000-0x00ff]
+pci 0000:01:00.0: reg 0x18: [mem 0x00000000-0x00000fff 64bit]
+pci 0000:01:00.0: reg 0x20: [mem 0x00000000-0x00003fff 64bit pref]
+pci 0000:01:00.0: supports D1 D2
+pci 0000:01:00.0: PME# supported from D0 D1 D2 D3hot D3cold
+PCI: bus1: Fast back to back transfers disabled
+pci_bus 0000:01: busn_res: [bus 01-ff] end is updated to 01
+pci 0000:00:02.0: BAR 8: assigned [mem 0x13000000-0x130fffff]
+pci 0000:00:02.0: BAR 9: assigned [mem 0x20000000-0x200fffff 64bit pref]
+pci 0000:00:02.0: BAR 7: assigned [io  0x1000-0x1fff]
+pci 0000:01:00.0: BAR 4: assigned [mem 0x20000000-0x20003fff 64bit pref]
+pci 0000:01:00.0: BAR 2: assigned [mem 0x13000000-0x13000fff 64bit]
+pci 0000:01:00.0: BAR 0: assigned [io  0x1000-0x10ff]
+pci 0000:00:02.0: PCI bridge to [bus 01]
+pci 0000:00:02.0:   bridge window [io  0x1000-0x1fff]
+pci 0000:00:02.0:   bridge window [mem 0x13000000-0x130fffff]
+pci 0000:00:02.0:   bridge window [mem 0x20000000-0x200fffff 64bit pref]
+pci 0000:00:02.0: nv_msi_ht_cap_quirk didn't locate host bridge
+pcieport 0000:00:02.0: enabling device (0140 -> 0143)
+pcieport 0000:00:02.0: Signaling PME through PCIe PME interrupt
+pci 0000:01:00.0: Signaling PME through PCIe PME interrupt
+pcie_pme 0000:00:02.0:pcie01: service driver pcie_pme loaded
+r8169 Gigabit Ethernet driver 2.3LK-NAPI loaded
+r8169 0000:01:00.0: enabling device (0140 -> 0143)
+r8169 0000:01:00.0 eth0: RTL8168g/8111g at 0xf0952000, 00:04:4b:25:b3:b4, XID 0c000800 IRQ 390
+r8169 0000:01:00.0 eth0: jumbo features [frames: 9200 bytes, tx checksumming: ko]
 +5V_HDMI_CON: supplied by +5V_SYS
 +1.05V_RUN_AVDD_HDMI_PLL: supplied by +1.05V_RUN
 +3.3V_RUN: supplied by +3.3V_SYS
@@ -347,7 +374,7 @@
 mmc1: Invalid maximum block size, assuming 512 bytes
 mmc1: SDHCI controller on 700b0400.sdhci [700b0400.sdhci] using ADMA 64-bit
 input: gpio-keys as /devices/soc0/gpio-keys/input/input2
-as3722-rtc as3722-rtc: setting system clock to 2000-01-01 00:01:57 UTC (946684917)
+as3722-rtc as3722-rtc: setting system clock to 2000-01-01 00:02:31 UTC (946684951)
 +1.8V_RUN_CAM: disabling
 +2.8V_RUN_CAM: disabling
 +1.2V_RUN_CAM_FRONT: disabling
@@ -361,12 +388,12 @@
   #1: NVIDIA Tegra Jetson TK1
 ata1: SATA link down (SStatus 0 SControl 300)
 EXT4-fs (mmcblk0p1): couldn't mount as ext3 due to feature incompatibilities
-usb 2-1: new high-speed USB device number 2 using tegra-ehci
 EXT4-fs (mmcblk0p1): recovery complete
 EXT4-fs (mmcblk0p1): mounted filesystem with ordered data mode. Opts: (null)
+usb 2-1: new high-speed USB device number 2 using tegra-ehci
 VFS: Mounted root (ext4 filesystem) on device 179:1.
 devtmpfs: mounted
-Freeing unused kernel memory: 344K (c0986000 - c09dc000)
+Freeing unused kernel memory: 340K (c0987000 - c09dc000)
 bash: cannot set terminal process group (-1): Inappropriate ioctl for device
 bash: no job control in this shell
 root@(none):/# 
\ No newline at end of file
Diff for ./tegra132-norrin/tegra132-norrin/defconfig_log.txt
--- /tmp/fooa	1969-12-31 16:00:00.000000000 -0800
+++ /tmp/foob	2016-02-08 03:24:13.241583318 -0800
@@ -0,0 +1,279 @@
+Rebooting device after flashing.
+TegraBoot Init
+Processing in cold boot mode
+NVRM Initialized shmoo database
+NVRM CLOCKS: PLLX0:      0 Khz
+NVRM CLOCKS: PLLM0:      792000 Khz
+NVRM CLOCKS: PLLC0:      0 Khz
+NVRM CLOCKS: PLLP0:      408000 Khz
+NVRM CLOCKS: PLLA0:      11289 Khz
+NVRM CLOCKS: CPU:        12000 Khz
+NVRM CLOCKS: AVP:        48000 Khz
+NVRM CLOCKS: System Bus: 48000 Khz
+NVRM CLOCKS: Memory Controller: 792000
+NVRM CLOCKS: External Memory Controller: 792000
+0x00 BoardInfo: 0x0001:0x0007:0x065c:0x03e8:0x00:0x42:0x00:0xff:0xff:0xff:0xff:0xff:0xff
+ 0x01 BoardInfo: 0x0001:0x0007:0x0162:0x0001:0x00:0x42:0x00:0x00:0x00:0x00:0x00:0x00:0x00
+ 0x02 BoardInfo: 0x0000:0x0000:0x0000:0x0000:0x00:0x00:0x00:0x00:0x00:0x00:0x00:0x00:0x00
+ 0x03 BoardInfo: 0x0000:0x0000:0x0000:0x0000:0x00:0x00:0x00:0x00:0x00:0x00:0x00:0x00:0x00
+ 0x04 BoardInfo: 0x0001:0x0007:0x0713:0x03e8:0x00:0x42:0x00:0xff:0xff:0xff:0xff:0xff:0xff
+ 0x05 BoardInfo: 0x0000:0x0000:0x0000:0x0000:0x00:0x00:0x00:0x00:0x00:0x00:0x00:0x00:0x00
+ 0x06 BoardInfo: 0x0001:0x0007:0x0176:0x0001:0x01:0x43:0x00:0xff:0xff:0xff:0xff:0xff:0xff
+ 0x07 BoardInfo: 0x0001:0x0007:0x0156:0x0000:0x00:0x46:0x05:0xff:0xff:0xff:0xff:0xff:0xff
+ ADJUSTED CLOCKS:
+MC clock is set to 792000 KHz
+EMC clock is set to 792000 KHz (DDR clock is at 396000 KHz)
+PLLX0 clock is set to      0 KHz
+PLLC0 clock is set to      0 KHz
+CPU clock is set to  12000 KHz
+System and AVP clock is set to  48000 KHz
+GraphicsHost clock is set to 163200 KHz
+MSENC clock is set to  79200 KHz
+Vde clock is set to 204000 KHz
+
+Bootloader-Cpu Init at (time stamp): 1801032 us
+
+Pinmux changes applied in kernel way
+
+(version UNDEF_BUILD)
+Platform Pre Boot configuration...
+The proc BoardInfo: 0x0176:0x0001:0x01:0x43:0x00
+Initializing Display
+This Pmu Module is not present.
+
+(version UNDEF_BUILD)
+
+Device - Unlocked 
+
+
+
+Serial Number  17418A202140000000A078300 
+
+Checking for android ota recovery 
+[NvPartMgrGetIdByName]:Could not find a match for given partition name[NvPartMgrGetIdByName]:Could not find a match for given partition name(FastbootBMPRead) Unsuccesful attempt to read BMP image
+Could not render BMP on screen
+Cold-booting Linux
+Platform Pre OS Boot configuration...
+Setting VddId=2 to 1150 mV
+FastbootAddAtag: setting ATAG (1413545985)
+The proc BoardInfo: 0x0176:0x0001:0x01:0x43:0x00
+FastbootAddAtag: setting ATAG (0)
+
+Board Id Read Time: 3 us
+Power Rail enable Time: 1 us
+
+Miscellaneous avp time: 1801006  us
+Bootloader (AosInit) time: 734246 us
+Bootloader Main Init time: 180075 us
+BlockDevMgrInit time: 157546 us
+PartMgrInit time: 9 us
+StorMgrInit time: 30 us
+FsMgrInit time: 2 us
+Partition Table load: 76753 us 
+Display init time: 574680 us
+Kernel read time: 285 msec
+Load Kernel Size:   12410880 Bytes
+Bl Kernel ReadSpeed: 43546000 Bytes/sec
+Pre-Kernel Jump time: 1440648 us
+Clearing 32 Bit State and Warm resetting to 64bit mode: 5425506 us
+Booting Linux on physical CPU 0x0
+Linux version 4.5.0-rc2-next-20160208+ (pwalmsley@tamien) (gcc version 4.9.2 20140904 (prerelease) (crosstool-NG linaro-1.13.1-4.9-2014.09 - Linaro GCC 4.9-2014.09) ) #1 SMP PREEMPT Mon Feb 8 03:19:28 PST 2016
+Boot CPU: AArch64 Processor [4e0f0000]
+Memory limited to 1734MB
+efi: Getting EFI parameters from FDT:
+efi: UEFI not found.
+cma: Reserved 16 MiB at 0x00000000eb400000
+/cpus/cpu@1: missing enable-method property
+PERCPU: Embedded 20 pages/cpu @ffffffc06c5aa000 s41984 r8192 d31744 u81920
+Detected PIPT I-cache on CPU0
+Built 1 zonelists in Zone order, mobility grouping on.  Total pages: 436968
+Kernel command line: tegraid=13.1.3.0.0 mem=1734M@2048M memtype=255 vpr=151M@3817M ddr_die=2048M@2048M section=256M commchip_id=0 usb_port_owner_info=0 lane_owner_info=0 emc_max_dvfs=0 touch_id=0@0 video=tegrafb no_console_suspend=1 console=ttyS0,115200n8 debug_uartport=lsport,0 earlyprintk=uart8250-32bit,0x70006000 usbcore.old_scheme_first=1 lp0_vec=0@0x0 tegra_fbmem=32899072@0xad012000 core_edp_mv=1150 core_edp_ma=4000 pmuboard=0x0176:0x0001:0x01:0x43:0x00 displayboard=0x0162:0x0001:0x00:0x42:0x00 power_supply=Adapter audio_codec=rt5640 board_info=0x0176:0x0001:0x01:0x43:0x00 tegraboot=sdmmc gpt gpt_sector=94207 modem_id=0 android.kerneltype=normal
+PID hash table entries: 4096 (order: 3, 32768 bytes)
+Dentry cache hash table entries: 262144 (order: 9, 2097152 bytes)
+Inode-cache hash table entries: 131072 (order: 8, 1048576 bytes)
+software IO TLB [mem 0xe5200000-0xe9200000] (64MB) mapped at [ffffffc065200000-ffffffc0691fffff]
+Memory: 1644644K/1775616K available (6512K kernel code, 603K rwdata, 2676K rodata, 724K init, 242K bss, 114588K reserved, 16384K cma-reserved)
+Virtual kernel memory layout:
+    vmalloc : 0xffffff8000000000 - 0xffffffbdbfff0000   (   246 GB)
+    vmemmap : 0xffffffbdc0000000 - 0xffffffbfc0000000   (     8 GB maximum)
+              0xffffffbdc2000000 - 0xffffffbdc3b18000   (    27 MB actual)
+    fixed   : 0xffffffbffa7fd000 - 0xffffffbffac00000   (  4108 KB)
+    PCI I/O : 0xffffffbffae00000 - 0xffffffbffbe00000   (    16 MB)
+    modules : 0xffffffbffc000000 - 0xffffffc000000000   (    64 MB)
+    memory  : 0xffffffc000000000 - 0xffffffc06c600000   (  1734 MB)
+      .init : 0xffffffc00097c000 - 0xffffffc000a31000   (   724 KB)
+      .text : 0xffffffc000080000 - 0xffffffc00097b164   (  9197 KB)
+      .data : 0xffffffc000a31000 - 0xffffffc000ac7e00   (   604 KB)
+SLUB: HWalign=64, Order=0-3, MinObjects=0, CPUs=1, Nodes=1
+Preemptible hierarchical RCU implementation.
+	Build-time adjustment of leaf fanout to 64.
+	RCU restricting CPUs from NR_CPUS=64 to nr_cpu_ids=1.
+RCU: Adjusting geometry for rcu_fanout_leaf=64, nr_cpu_ids=1
+NR_IRQS:64 nr_irqs:64 0
+/interrupt-controller@60004000: 160 interrupts forwarded to /interrupt-controller@0,50041000
+Tegra clk 127: register failed with -17
+Architected cp15 timer(s) running at 12.00MHz (virt).
+clocksource: arch_sys_counter: mask: 0xffffffffffffff max_cycles: 0x2c47f4ee7, max_idle_ns: 440795202497 ns
+sched_clock: 56 bits at 12MHz, resolution 83ns, wraps every 4398046511096ns
+Console: colour dummy device 80x25
+Calibrating delay loop (skipped), value calculated using timer frequency.. 24.00 BogoMIPS (lpj=48000)
+pid_max: default: 32768 minimum: 301
+Security Framework initialized
+Mount-cache hash table entries: 4096 (order: 3, 32768 bytes)
+Mountpoint-cache hash table entries: 4096 (order: 3, 32768 bytes)
+ASID allocator initialised with 256 entries
+EFI services will not be available.
+Brought up 1 CPUs
+SMP: Total of 1 processors activated.
+CPU: All CPU(s) started at EL1
+devtmpfs: initialized
+DMI not present or invalid.
+clocksource: jiffies: mask: 0xffffffff max_cycles: 0xffffffff, max_idle_ns: 7645041785100000 ns
+pinctrl core: initialized pinctrl subsystem
+NET: Registered protocol family 16
+cpuidle: using governor menu
+vdso: 2 pages (1 code @ ffffffc000a39000, 1 data @ ffffffc000a38000)
+hw-breakpoint: found 6 breakpoint and 4 watchpoint registers.
+DMA: preallocated 256 KiB pool for atomic allocations
+Serial: AMBA PL011 UART driver
+HugeTLB registered 2 MB page size, pre-allocated 0 pages
++VDD_LED: Failed to request enable GPIO122: -517
+reg-fixed-voltage regulators:regulator@5: Failed to register regulator: -517
++5V_USB_HS: Failed to request enable GPIO108: -517
+reg-fixed-voltage regulators:regulator@6: Failed to register regulator: -517
++5V_USB_SS: Failed to request enable GPIO109: -517
+reg-fixed-voltage regulators:regulator@7: Failed to register regulator: -517
++1.05V_RUN_AVDD_HDMI_PLL_AP_GATE: Failed to request enable GPIO63: -517
+reg-fixed-voltage regulators:regulator@9: Failed to register regulator: -517
++5V_HDMI_CON: Failed to request enable GPIO86: -517
+reg-fixed-voltage regulators:regulator@10: Failed to register regulator: -517
++5V_VDD_TS: Failed to request enable GPIO81: -517
+reg-fixed-voltage regulators:regulator@11: Failed to register regulator: -517
+vgaarb: loaded
+SCSI subsystem initialized
+usbcore: registered new interface driver usbfs
+usbcore: registered new interface driver hub
+usbcore: registered new device driver usb
+pps_core: LinuxPPS API ver. 1 registered
+pps_core: Software ver. 5.3.6 - Copyright 2005-2007 Rodolfo Giometti <giometti@linux.it>
+PTP clock support registered
+dmi: Firmware registration failed.
+Advanced Linux Sound Architecture Driver Initialized.
+clocksource: Switched to clocksource arch_sys_counter
+VFS: Disk quotas dquot_6.6.0
+VFS: Dquot-cache hash table entries: 512 (order 0, 4096 bytes)
+NET: Registered protocol family 2
+TCP established hash table entries: 16384 (order: 5, 131072 bytes)
+TCP bind hash table entries: 16384 (order: 6, 262144 bytes)
+TCP: Hash tables configured (established 16384 bind 16384)
+UDP hash table entries: 1024 (order: 3, 32768 bytes)
+UDP-Lite hash table entries: 1024 (order: 3, 32768 bytes)
+NET: Registered protocol family 1
+RPC: Registered named UNIX socket transport module.
+RPC: Registered udp transport module.
+RPC: Registered tcp transport module.
+RPC: Registered tcp NFSv4.1 backchannel transport module.
+Unpacking initramfs...
+Freeing initrd memory: 1588K (ffffffc001680000 - ffffffc00180d000)
+kvm [1]: HYP mode not available
+futex hash table entries: 256 (order: 3, 32768 bytes)
+audit: initializing netlink subsys (disabled)
+audit: type=2000 audit(0.859:1): initialized
+workingset: timestamp_bits=44 max_order=19 bucket_order=0
+squashfs: version 4.0 (2009/01/31) Phillip Lougher
+NFS: Registering the id_resolver key type
+Key type id_resolver registered
+Key type id_legacy registered
+fuse init (API version 7.24)
+9p: Installing v9fs 9p2000 file system support
+io scheduler noop registered
+io scheduler cfq registered (default)
+tegra-apbdma 60020000.dma: Tegra20 APB DMA driver register 32 channels
+tegra-pmc 7000e400.pmc: i2c-thermtrip node not found, emergency thermal reset disabled.
+xenfs: not registering filesystem on non-xen platform
+Serial: 8250/16550 driver, 4 ports, IRQ sharing disabled
+console [ttyS0] disabled
+70006000.serial: ttyS0 at MMIO 0x70006000 (irq = 317, base_baud = 25500000) is a Tegra
+console [ttyS0] enabled
+SuperH (H)SCI(F) driver initialized
+msm_serial: driver initialized
+Unable to detect cache hierarchy from DT for CPU 0
+loop: module loaded
+tun: Universal TUN/TAP device driver, 1.6
+tun: (C) 1999-2004 Max Krasnyansky <maxk@qualcomm.com>
+e1000e: Intel(R) PRO/1000 Network Driver - 3.2.6-k
+e1000e: Copyright(c) 1999 - 2015 Intel Corporation.
+igb: Intel(R) Gigabit Ethernet Network Driver - version 5.3.0-k
+igb: Copyright (c) 2007-2014 Intel Corporation.
+igbvf: Intel(R) Gigabit Virtual Function Network Driver - version 2.0.2-k
+igbvf: Copyright (c) 2009 - 2012 Intel Corporation.
+sky2: driver version 1.30
+VFIO - User Level meta-driver version: 0.3
+ehci_hcd: USB 2.0 'Enhanced' Host Controller (EHCI) Driver
+ehci-pci: EHCI PCI platform driver
+ehci-platform: EHCI generic platform driver
+ohci_hcd: USB 1.1 'Open' Host Controller (OHCI) Driver
+ohci-pci: OHCI PCI platform driver
+ohci-platform: OHCI generic platform driver
+usbcore: registered new interface driver usb-storage
+mousedev: PS/2 mouse device common for all mice
+sdhci: Secure Digital Host Controller Interface driver
+sdhci: Copyright(c) Pierre Ossman
+Synopsys Designware Multimedia Card Interface Driver
+sdhci-pltfm: SDHCI platform and OF driver helper
+sdhci-tegra 700b0400.sdhci: Got CD GPIO
+sdhci-tegra 700b0400.sdhci: Got WP GPIO
+mmc0: Unknown controller version (3). You may experience problems.
+mmc0: Unknown controller version (3). You may experience problems.
+mmc0: Invalid maximum block size, assuming 512 bytes
+mmc0: SDHCI controller on 700b0600.sdhci [700b0600.sdhci] using ADMA 64-bit
+ledtrig-cpu: registered to indicate activity on CPUs
+usbcore: registered new interface driver usbhid
+usbhid: USB HID core driver
+NET: Registered protocol family 17
+9pnet: Installing 9P2000 support
+Key type dns_resolver registered
+registered taskstats version 1
+sdhci-tegra 700b0400.sdhci: Got CD GPIO
+sdhci-tegra 700b0400.sdhci: Got WP GPIO
+mmc1: Unknown controller version (3). You may experience problems.
+mmc0: new HS200 MMC card at address 0001
+input: gpio-keys as /devices/platform/gpio-keys/input/input0
+sdhci-tegra 700b0400.sdhci: Got CD GPIO
+mmcblk0: mmc0:0001 SEM16G 14.7 GiB 
+hctosys: unable to open rtc device (rtc0)
+sdhci-tegra 700b0400.sdhci: Got WP GPIO
+mmc1: Unknown controller version (3). You may experience problems.
+mmcblk0boot0: mmc0:0001 SEM16G partition 1 4.00 MiB
+mmcblk0boot1: mmc0:0001 SEM16G partition 2 4.00 MiB
+mmcblk0rpmb: mmc0:0001 SEM16G partition 3 4.00 MiB
+ mmcblk0: p1 p2 p3 p4 p5 p6 p7 p8
++3.3V_AVDD_HDMI_AP_GATED: disabling
++VDD_LED: disabling
+sdhci-tegra 700b0400.sdhci: Got CD GPIO
++5V_USB_HS: disabling
++5V_USB_SS: disabling
+sdhci-tegra 700b0400.sdhci: Got WP GPIO
++1.05V_RUN_AVDD_HDMI_PLL_AP_GATE: disabling
+mmc1: Unknown controller version (3). You may experience problems.
++5V_HDMI_CON: disabling
+ALSA device list:
+  No soundcards found.
+Freeing unused kernel memory: 724K (ffffffc00097c000 - ffffffc000a31000)
+
+System initialization...
+
+Mounting /proc :[SUCCESS]
+Mounting /sys :[SUCCESS]
+Mounting /dev :[SUCCESS]
+Mounting /dev/pts :[SUCCESS]
+Mounting /sys/kernel/debug :[SUCCESS]
+Mounting other filesystems :[SUCCESS]
+Enabling hot-plug :[SUCCESS]
+Starting syslogd :[SUCCESS]
+
+System initialization complete.
+
+
+
+Please press Enter to activate this console. 
\ No newline at end of file
Diff for ./tegra20-trimslice/tegra20-trimslice/multi_v7_defconfig_log.txt
--- /tmp/fooa	2016-02-08 03:24:13.245583316 -0800
+++ /tmp/foob	2016-02-08 03:24:13.249583314 -0800
@@ -49,18 +49,18 @@
 	 ########
 	 4.1 MiB/s
 done
-Bytes transferred = 6790424 (679d18 hex)
+Bytes transferred = 6791776 (67a260 hex)
 Tegra20 (TrimSlice) # tftpboot 0x02408000 tegra20-trimslice.dtb
 Using RTL8169#0 device
 TFTP from server 192.168.100.1; our IP address is 192.168.100.103
 Filename 'tegra20-trimslice.dtb'.
 Load address: 0x2408000
 Loading: *##
-	 4 MiB/s
+	 3.4 MiB/s
 done
 Bytes transferred = 21130 (528a hex)
 Tegra20 (TrimSlice) # bootz 0x00408000 - 0x02408000
-Kernel image @ 0x408000 [ 0x000000 - 0x679d18 ]
+Kernel image @ 0x408000 [ 0x000000 - 0x67a260 ]
 ## Flattened Device Tree blob at 02408000
    Booting using the fdt blob at 0x2408000
    Using Device Tree in place at 02408000, end 02410289
@@ -68,7 +68,7 @@
 Starting kernel ...
 
 Booting Linux on physical CPU 0x0
-Linux version 4.5.0-rc2-next-20160205-70441-gbc91a31 (pwalmsley@sellafield) (gcc version 4.7.3 20130328 (prerelease) (crosstool-NG linaro-1.13.1-4.7-2013.04-20130415 - Linaro GCC 2013.04) ) #1 SMP Thu Feb 4 20:17:51 PST 2016
+Linux version 4.5.0-rc2-next-20160208-71094-g32a75162 (pwalmsley@sellafield) (gcc version 4.7.3 20130328 (prerelease) (crosstool-NG linaro-1.13.1-4.7-2013.04-20130415 - Linaro GCC 2013.04) ) #1 SMP Mon Feb 8 03:17:37 PST 2016
 CPU: ARMv7 Processor [411fc090] revision 0 (ARMv7), cr=10c5387d
 CPU: PIPT / VIPT nonaliasing data cache, VIPT aliasing instruction cache
 Machine model: Compulab TrimSlice board
@@ -76,7 +76,7 @@
 cma: Reserved 64 MiB at 0x3c000000
 Memory policy: Data cache writealloc
 On node 0 totalpages: 262144
-free_area_init_node: node 0, pgdat c1074740, node_mem_map ef7f8000
+free_area_init_node: node 0, pgdat c1076840, node_mem_map ef7f8000
   DMA zone: 1536 pages used for memmap
   DMA zone: 0 pages reserved
   DMA zone: 196608 pages, LIFO batch:31
@@ -89,7 +89,7 @@
 PID hash table entries: 4096 (order: 2, 16384 bytes)
 Dentry cache hash table entries: 131072 (order: 7, 524288 bytes)
 Inode-cache hash table entries: 65536 (order: 6, 262144 bytes)
-Memory: 958676K/1048576K available (8507K kernel code, 1113K rwdata, 4052K rodata, 1100K init, 345K bss, 24364K reserved, 65536K cma-reserved, 196608K highmem)
+Memory: 958668K/1048576K available (8511K kernel code, 1114K rwdata, 4056K rodata, 1100K init, 345K bss, 24372K reserved, 65536K cma-reserved, 196608K highmem)
 Virtual kernel memory layout:
     vector  : 0xffff0000 - 0xffff1000   (   4 kB)
     fixmap  : 0xffc00000 - 0xfff00000   (3072 kB)
@@ -97,10 +97,10 @@
     lowmem  : 0xc0000000 - 0xf0000000   ( 768 MB)
     pkmap   : 0xbfe00000 - 0xc0000000   (   2 MB)
     modules : 0xbf000000 - 0xbfe00000   (  14 MB)
-      .text : 0xc0208000 - 0xc0e4cf80   (12564 kB)
-      .init : 0xc0e4d000 - 0xc0f60000   (1100 kB)
-      .data : 0xc0f60000 - 0xc1076700   (1114 kB)
-       .bss : 0xc1079000 - 0xc10cf6a0   ( 346 kB)
+      .text : 0xc0208000 - 0xc0e4efec   (12572 kB)
+      .init : 0xc0e4f000 - 0xc0f62000   (1100 kB)
+      .data : 0xc0f62000 - 0xc1078800   (1114 kB)
+       .bss : 0xc107b000 - 0xc10d16a0   ( 346 kB)
 SLUB: HWalign=64, Order=0-3, MinObjects=0, CPUs=2, Nodes=1
 Hierarchical RCU implementation.
 	Build-time adjustment of leaf fanout to 32.
@@ -322,30 +322,29 @@
 tegra-ehci c5000000.usb: EHCI Host Controller
 tegra-ehci c5000000.usb: new USB bus registered, assigned bus number 2
 tegra-ehci c5000000.usb: irq 288, io mem 0xc5000000
+mmc0: host does not support reading read-only switch, assuming write-enable
+mmc0: new high speed SDHC card at address b368
+mmcblk0: mmc0:b368 NCard 3.70 GiB 
+ mmcblk0: p1
 usb 1-1: new high-speed USB device number 2 using tegra-ehci
 tegra-ehci c5000000.usb: USB 2.0 started, EHCI 1.00
 hub 2-0:1.0: USB hub found
+mmc1: new high speed SD card at address b368
+mmcblk1: mmc1:b368 NCard 1.83 GiB (ro)
+ mmcblk1: p1 p2
 hub 2-0:1.0: 1 port detected
 input: gpio-keys as /devices/soc0/gpio-keys/input/input0
-rtc-em3027 2-0056: setting system clock to 2014-12-28 06:17:18 UTC (1419747438)
-mmc0: host does not support reading read-only switch, assuming write-enable
-Waiting for root device PARTUUID=11eb23c1-01...
-mmc1: new high speed SD card at address b368
-mmc0: new high speed SDHC card at address b368
-mmcblk0: mmc1:b368 NCard 1.83 GiB (ro)
-mmcblk1: mmc0:b368 NCard 3.70 GiB 
- mmcblk1: p1
- mmcblk0: p1 p2
+rtc-em3027 2-0056: setting system clock to 2014-12-28 06:40:19 UTC (1419748819)
+EXT4-fs (mmcblk0p1): mounting ext3 file system using the ext4 subsystem
 hub 1-1:1.0: USB hub found
 hub 1-1:1.0: 4 ports detected
-EXT4-fs (mmcblk1p1): mounting ext3 file system using the ext4 subsystem
 usb 1-1.2: new high-speed USB device number 3 using tegra-ehci
 asix 1-1.2:1.0 eth1: register 'asix' at usb-c5008000.usb-1.2, ASIX AX88772 USB 2.0 Ethernet, 00:60:6e:60:6c:68
-EXT4-fs (mmcblk1p1): recovery complete
-EXT4-fs (mmcblk1p1): mounted filesystem with ordered data mode. Opts: (null)
-VFS: Mounted root (ext3 filesystem) on device 179:17.
+EXT4-fs (mmcblk0p1): recovery complete
+EXT4-fs (mmcblk0p1): mounted filesystem with ordered data mode. Opts: (null)
+VFS: Mounted root (ext3 filesystem) on device 179:1.
 devtmpfs: mounted
-Freeing unused kernel memory: 1100K (c0e4d000 - c0f60000)
+Freeing unused kernel memory: 1100K (c0e4f000 - c0f62000)
 bash: cannot set terminal process group (-1): Inappropriate ioctl for device
 bash: no job control in this shell
 root@(none):/# 
\ No newline at end of file
Diff for ./tegra20-trimslice/tegra20-trimslice/tegra_defconfig_log.txt
--- /tmp/fooa	2016-02-08 03:24:13.253583312 -0800
+++ /tmp/foob	2016-02-08 03:24:13.257583309 -0800
@@ -19,7 +19,7 @@
 Out:   serial
 Err:   serial
 Net:   RTL8169#0
-Hit any key to stop autoboot:  2  0 
+Hit any key to stop autoboot:  2  1  0 
 Tegra20 (TrimSlice) # 
 Tegra20 (TrimSlice) # usb reset
 resetting USB...
@@ -45,20 +45,20 @@
 	 #################################################################
 	 #################################################################
 	 ##################################
-	 3.3 MiB/s
+	 4.1 MiB/s
 done
-Bytes transferred = 5264704 (505540 hex)
+Bytes transferred = 5267712 (506100 hex)
 Tegra20 (TrimSlice) # tftpboot 0x02408000 tegra20-trimslice.dtb
 Using RTL8169#0 device
 TFTP from server 192.168.100.1; our IP address is 192.168.100.103
 Filename 'tegra20-trimslice.dtb'.
 Load address: 0x2408000
 Loading: *##
-	 2.9 MiB/s
+	 4 MiB/s
 done
 Bytes transferred = 21130 (528a hex)
 Tegra20 (TrimSlice) # bootz 0x00408000 - 0x02408000
-Kernel image @ 0x408000 [ 0x000000 - 0x505540 ]
+Kernel image @ 0x408000 [ 0x000000 - 0x506100 ]
 ## Flattened Device Tree blob at 02408000
    Booting using the fdt blob at 0x2408000
    Using Device Tree in place at 02408000, end 02410289
@@ -67,7 +67,7 @@
 
 Uncompressing Linux... done, booting the kernel.
 Booting Linux on physical CPU 0x0
-Linux version 4.5.0-rc2-next-20160205-70441-gbc91a31 (pwalmsley@kaivo) (gcc version 4.7.3 20130328 (prerelease) (crosstool-NG linaro-1.13.1-4.7-2013.04-20130415 - Linaro GCC 2013.04) ) #1 SMP PREEMPT Thu Feb 4 20:18:13 PST 2016
+Linux version 4.5.0-rc2-next-20160208-71094-g32a75162 (pwalmsley@kaivo) (gcc version 4.7.3 20130328 (prerelease) (crosstool-NG linaro-1.13.1-4.7-2013.04-20130415 - Linaro GCC 2013.04) ) #1 SMP PREEMPT Mon Feb 8 03:17:59 PST 2016
 CPU: ARMv7 Processor [411fc090] revision 0 (ARMv7), cr=10c5387d
 CPU: PIPT / VIPT nonaliasing data cache, VIPT aliasing instruction cache
 Machine model: Compulab TrimSlice board
@@ -76,7 +76,7 @@
 cma: Reserved 64 MiB at 0x3c000000
 Memory policy: Data cache writealloc
 On node 0 totalpages: 262144
-free_area_init_node: node 0, pgdat c0a376c0, node_mem_map ef7f7000
+free_area_init_node: node 0, pgdat c0a377c0, node_mem_map ef7f7000
   Normal zone: 1536 pages used for memmap
   Normal zone: 0 pages reserved
   Normal zone: 196608 pages, LIFO batch:31
@@ -89,7 +89,7 @@
 PID hash table entries: 4096 (order: 2, 16384 bytes)
 Dentry cache hash table entries: 131072 (order: 7, 524288 bytes)
 Inode-cache hash table entries: 65536 (order: 6, 262144 bytes)
-Memory: 962988K/1048576K available (7225K kernel code, 372K rwdata, 2492K rodata, 344K init, 367K bss, 20052K reserved, 65536K cma-reserved, 196608K highmem)
+Memory: 962988K/1048576K available (7229K kernel code, 372K rwdata, 2492K rodata, 340K init, 367K bss, 20052K reserved, 65536K cma-reserved, 196608K highmem)
 Virtual kernel memory layout:
     vector  : 0xffff0000 - 0xffff1000   (   4 kB)
     fixmap  : 0xffc00000 - 0xfff00000   (3072 kB)
@@ -97,9 +97,9 @@
     lowmem  : 0xc0000000 - 0xf0000000   ( 768 MB)
     pkmap   : 0xbfe00000 - 0xc0000000   (   2 MB)
     modules : 0xbf000000 - 0xbfe00000   (  14 MB)
-      .text : 0xc0008000 - 0xc098588c   (9719 kB)
-      .init : 0xc0986000 - 0xc09dc000   ( 344 kB)
-      .data : 0xc09dc000 - 0xc0a39220   ( 373 kB)
+      .text : 0xc0008000 - 0xc09868c8   (9723 kB)
+      .init : 0xc0987000 - 0xc09dc000   ( 340 kB)
+      .data : 0xc09dc000 - 0xc0a39320   ( 373 kB)
        .bss : 0xc0a3c000 - 0xc0a97dcc   ( 368 kB)
 Preemptible hierarchical RCU implementation.
 	Build-time adjustment of leaf fanout to 32.
@@ -306,21 +306,18 @@
 tlv320aic23-codec 2-001a: ASoC: no dapm match for MICIN --> NULL --> Mic Input
 tlv320aic23-codec 2-001a: ASoC: Failed to add route MICIN -> NULL -> Mic Input
 tegra-snd-trimslice sound: tlv320aic23-hifi <-> 70002800.i2s mapping ok
-NET: Registered protocol family 10
 usb 1-1: new high-speed USB device number 2 using tegra-ehci
+NET: Registered protocol family 10
+mmc0: host does not support reading read-only switch, assuming write-enable
 mip6: Mobile IPv6
+mmc1: new high speed SD card at address b368
 sit: IPv6 over IPv4 tunneling driver
+mmc0: new high speed SDHC card at address b368
+mmcblk0: mmc1:b368 NCard 1.83 GiB (ro)
 NET: Registered protocol family 17
 NET: Registered protocol family 15
-mmc0: host does not support reading read-only switch, assuming write-enable
 can: controller area network core (rev 20120528 abi 9)
-mmc1: new high speed SD card at address b368
-mmc0: new high speed SDHC card at address b368
-mmcblk0: mmc1:b368 NCard 1.83 GiB (ro)
- mmcblk0: p1 p2
-mmcblk1: mmc0:b368 NCard 3.70 GiB 
 NET: Registered protocol family 29
- mmcblk1: p1
 can: raw protocol (rev 20120528)
 can: broadcast manager protocol (rev 20120528 t)
 can: netlink gateway (rev 20130117) max_hops=1
@@ -335,14 +332,17 @@
 utmi_phy_clk_enable: timeout waiting for phy to stabilize
 tegra-ehci c5000000.usb: EHCI Host Controller
 tegra-ehci c5000000.usb: new USB bus registered, assigned bus number 2
-hub 1-1:1.0: USB hub found
-hub 1-1:1.0: 4 ports detected
 tegra-ehci c5000000.usb: irq 288, io mem 0xc5000000
+mmcblk1: mmc0:b368 NCard 3.70 GiB 
+ mmcblk1: p1
+ mmcblk0: p1 p2
 tegra-ehci c5000000.usb: USB 2.0 started, EHCI 1.00
 hub 2-0:1.0: USB hub found
 hub 2-0:1.0: 1 port detected
+hub 1-1:1.0: USB hub found
+hub 1-1:1.0: 4 ports detected
 input: gpio-keys as /devices/soc0/gpio-keys/input/input0
-rtc-em3027 2-0056: setting system clock to 2014-12-28 06:18:19 UTC (1419747499)
+rtc-em3027 2-0056: setting system clock to 2014-12-28 06:41:19 UTC (1419748879)
 ALSA device list:
   #0: tegra-trimslice
 EXT4-fs (mmcblk1p1): mounting ext3 file system using the ext4 subsystem
@@ -352,7 +352,7 @@
 EXT4-fs (mmcblk1p1): mounted filesystem with ordered data mode. Opts: (null)
 VFS: Mounted root (ext3 filesystem) on device 179:17.
 devtmpfs: mounted
-Freeing unused kernel memory: 344K (c0986000 - c09dc000)
+Freeing unused kernel memory: 340K (c0987000 - c09dc000)
 bash: cannot set terminal process group (-1): Inappropriate ioctl for device
 bash: no job control in this shell
 root@(none):/# 
\ No newline at end of file
Diff for ./tegra210-p2371-0000/tegra210-p2371-0000/defconfig_log.txt
--- /tmp/fooa	2016-02-08 03:24:13.261583307 -0800
+++ /tmp/foob	2016-02-08 03:24:13.261583307 -0800
@@ -64,17 +64,17 @@
 Loading and Validation of Secure OS Successful
 NvTbootPackSdramParams: start. 
 NvTbootPackSdramParams: done. 
-Tegraboot started after 797949 us
-Basic modules init took 348945 us
+Tegraboot started after 791274 us
+Basic modules init took 349206 us
 Sec Bootdevice Read Time = 202 ms, Read Size = 8459 KB
-Next stage binary read took 14366 us
-Carveout took 252716 us
-CPU initialization took 92304 us
-Total time taken by TegraBoot 708331 us
+Next stage binary read took 14367 us
+Carveout took 252725 us
+CPU initialization took 92323 us
+Total time taken by TegraBoot 708621 us
 
 Starting CPU & Halting co-processor 
 
-64b[0001.636] LPDDR4 Training: Number of tables = 10
+64b[0001.629] LPDDR4 Training: Number of tables = 10
 EMC Training (SRC-freq: 204000; DST-freq: 408000)
 EMC Training Successful
 EMC Training (SRC-freq: 204000; DST-freq: 665600)
@@ -108,7 +108,7 @@
 Tegra210 (P2371-0000) # 
 Tegra210 (P2371-0000) # ums 0 mmc 0
 UMS: disk start sector: 0x0, count: 0x1d5a000
-|/-\|/-\/-\|/-\/-\|/-\/-\|/-\/-\|/-\/-\|/-\/-\|/-\/-\|/-\/-\|/-\/-\|/-\/-\|/-\/-\|/-CTRL+C - Operation aborted
+|/-\|/-\/-\|/-\/-\|/-\/-\|/-\/-\|/-\/-\|/-\/-\|/-\/-\|/-\/-\CTRL+C - Operation aborted
 Tegra210 (P2371-0000) # 
 Tegra210 (P2371-0000) # env set fdt_copy_node_names /cpus:/psci
 Tegra210 (P2371-0000) # setenv rootpart 1
@@ -117,9 +117,9 @@
 Tegra210 (P2371-0000) # part uuid ${devtype} ${devnum}:${rootpart} uuid
 Tegra210 (P2371-0000) # setenv bootargs ignore_loglevel console=ttyS0,115200n8 earlycon=uart8250,mmio32,0x70006000 rw root=/dev/mmcblk0p1 rootwait debug earlyprintk init=/bin/bash
 Tegra210 (P2371-0000) # load ${devtype} ${devnum}:${rootpart} ${kernel_addr_r} /boot/Image.defconfig
-10762752 bytes read in 697 ms (14.7 MiB/s)
+10780160 bytes read in 698 ms (14.7 MiB/s)
 Tegra210 (P2371-0000) # load ${devtype} ${devnum}:${rootpart} ${fdt_addr_r} /boot/tegra210-p2371-0000.dtb
-37136 bytes read in 460 ms (78.1 KiB/s)
+37136 bytes read in 461 ms (78.1 KiB/s)
 Tegra210 (P2371-0000) # load ${devtype} ${devnum}:${rootpart} ${ramdisk_addr_r} /boot/tegra-ramdisk.img
 1627787 bytes read in 495 ms (3.1 MiB/s)
 Tegra210 (P2371-0000) # ramdisk_size=${filesize}
@@ -131,11 +131,11 @@
 Starting kernel ...
 
 Booting Linux on physical CPU 0x0
-Linux version 4.5.0-rc2-next-20160205+ (pwalmsley@tamien) (gcc version 4.9.2 20140904 (prerelease) (crosstool-NG linaro-1.13.1-4.9-2014.09 - Linaro GCC 4.9-2014.09) ) #1 SMP PREEMPT Thu Feb 4 20:19:40 PST 2016
+Linux version 4.5.0-rc2-next-20160208+ (pwalmsley@tamien) (gcc version 4.9.2 20140904 (prerelease) (crosstool-NG linaro-1.13.1-4.9-2014.09 - Linaro GCC 4.9-2014.09) ) #1 SMP PREEMPT Mon Feb 8 03:19:28 PST 2016
 Boot CPU: AArch64 Processor [411fd071]
 debug: ignoring loglevel setting.
-earlycon: Early serial console at MMIO32 0x70006000 (options '')
-bootconsole [uart0] enabled
+earlycon: uart8250 at MMIO32 0x0000000070006000 (options '')
+bootconsole [uart8250] enabled
 efi: Getting EFI parameters from FDT:
 efi: UEFI not found.
 cma: Reserved 16 MiB at 0x00000000fe000000
@@ -166,7 +166,7 @@
 Dentry cache hash table entries: 524288 (order: 10, 4194304 bytes)
 Inode-cache hash table entries: 262144 (order: 9, 2097152 bytes)
 software IO TLB [mem 0xfa000000-0xfe000000] (64MB) mapped at [ffffffc07a000000-ffffffc07dffffff]
-Memory: 2982232K/3131392K available (6508K kernel code, 590K rwdata, 2676K rodata, 724K init, 242K bss, 132776K reserved, 16384K cma-reserved)
+Memory: 2982216K/3131392K available (6512K kernel code, 603K rwdata, 2676K rodata, 724K init, 242K bss, 132792K reserved, 16384K cma-reserved)
 Virtual kernel memory layout:
     vmalloc : 0xffffff8000000000 - 0xffffffbdbfff0000   (   246 GB)
     vmemmap : 0xffffffbdc0000000 - 0xffffffbfc0000000   (     8 GB maximum)
@@ -175,9 +175,9 @@
     PCI I/O : 0xffffffbffae00000 - 0xffffffbffbe00000   (    16 MB)
     modules : 0xffffffbffc000000 - 0xffffffc000000000   (    64 MB)
     memory  : 0xffffffc000000000 - 0xffffffc0c0000000   (  3072 MB)
-      .init : 0xffffffc00097b000 - 0xffffffc000a30000   (   724 KB)
-      .text : 0xffffffc000080000 - 0xffffffc00097a164   (  9193 KB)
-      .data : 0xffffffc000a30000 - 0xffffffc000ac3a00   (   591 KB)
+      .init : 0xffffffc00097c000 - 0xffffffc000a31000   (   724 KB)
+      .text : 0xffffffc000080000 - 0xffffffc00097b164   (  9197 KB)
+      .data : 0xffffffc000a31000 - 0xffffffc000ac7e00   (   604 KB)
 SLUB: HWalign=64, Order=0-3, MinObjects=0, CPUs=4, Nodes=1
 Preemptible hierarchical RCU implementation.
 	Build-time adjustment of leaf fanout to 64.
@@ -221,7 +221,7 @@
 pinctrl core: initialized pinctrl subsystem
 NET: Registered protocol family 16
 cpuidle: using governor menu
-vdso: 2 pages (1 code @ ffffffc000a35000, 1 data @ ffffffc000a34000)
+vdso: 2 pages (1 code @ ffffffc000a39000, 1 data @ ffffffc000a38000)
 hw-breakpoint: found 6 breakpoint and 4 watchpoint registers.
 DMA: preallocated 256 KiB pool for atomic allocations
 Serial: AMBA PL011 UART driver
@@ -258,7 +258,7 @@
 kvm [1]: Hyp mode initialized successfully
 futex hash table entries: 1024 (order: 5, 131072 bytes)
 audit: initializing netlink subsys (disabled)
-audit: type=2000 audit(0.419:1): initialized
+audit: type=2000 audit(0.411:1): initialized
 workingset: timestamp_bits=44 max_order=20 bucket_order=0
 squashfs: version 4.0 (2009/01/31) Phillip Lougher
 NFS: Registering the id_resolver key type
@@ -276,8 +276,8 @@
 70006000.serial: ttyS0 at MMIO 0x70006000 (irq = 312, base_baud = 25500000) is a Tegra
 console [ttyS0] enabled
 console [ttyS0] enabled
-bootconsole [uart0] disabled
-bootconsole [uart0] disabled
+bootconsole [uart8250] disabled
+bootconsole [uart8250] disabled
 SuperH (H)SCI(F) driver initialized
 msm_serial: driver initialized
 Unable to detect cache hierarchy from DT for CPU 0
@@ -327,7 +327,7 @@
 EXT4-fs (mmcblk0p1): mounted filesystem with ordered data mode. Opts: (null)
 VFS: Mounted root (ext4 filesystem) on device 179:1.
 devtmpfs: mounted
-Freeing unused kernel memory: 724K (ffffffc00097b000 - ffffffc000a30000)
+Freeing unused kernel memory: 724K (ffffffc00097c000 - ffffffc000a31000)
 bash: cannot set terminal process group (-1): Inappropriate ioctl for device
 bash: no job control in this shell
 root@(none):/# 
\ No newline at end of file
Diff for ./tegra30-beaver/tegra30-beaver/multi_v7_defconfig_log.txt
--- /tmp/fooa	2016-02-08 03:24:13.269583302 -0800
+++ /tmp/foob	2016-02-08 03:24:13.269583302 -0800
@@ -39,20 +39,20 @@
 	 #################################################################
 	 #################################################################
 	 ########
-	 3.4 MiB/s
+	 3.3 MiB/s
 done
-Bytes transferred = 6790424 (679d18 hex)
+Bytes transferred = 6791776 (67a260 hex)
 Tegra30 (Beaver) # tftpboot 0x82000000 tegra30-beaver.dtb
 Using asx0 device
 TFTP from server 192.168.100.1; our IP address is 192.168.100.101
 Filename 'tegra30-beaver.dtb'.
 Load address: 0x82000000
 Loading: *####
-	 3.1 MiB/s
+	 3.3 MiB/s
 done
 Bytes transferred = 51467 (c90b hex)
 Tegra30 (Beaver) # bootz 0x81000000 - 0x82000000
-Kernel image @ 0x81000000 [ 0x000000 - 0x679d18 ]
+Kernel image @ 0x81000000 [ 0x000000 - 0x67a260 ]
 ## Flattened Device Tree blob at 82000000
    Booting using the fdt blob at 0x82000000
    Loading Device Tree to 8fff0000, end 8ffff90a ... OK
@@ -60,7 +60,7 @@
 Starting kernel ...
 
 Booting Linux on physical CPU 0x0
-Linux version 4.5.0-rc2-next-20160205-70441-gbc91a31 (pwalmsley@sellafield) (gcc version 4.7.3 20130328 (prerelease) (crosstool-NG linaro-1.13.1-4.7-2013.04-20130415 - Linaro GCC 2013.04) ) #1 SMP Thu Feb 4 20:17:51 PST 2016
+Linux version 4.5.0-rc2-next-20160208-71094-g32a75162 (pwalmsley@sellafield) (gcc version 4.7.3 20130328 (prerelease) (crosstool-NG linaro-1.13.1-4.7-2013.04-20130415 - Linaro GCC 2013.04) ) #1 SMP Mon Feb 8 03:17:37 PST 2016
 CPU: ARMv7 Processor [412fc099] revision 9 (ARMv7), cr=10c5387d
 CPU: PIPT / VIPT nonaliasing data cache, VIPT aliasing instruction cache
 Machine model: NVIDIA Tegra30 Beaver evaluation board
@@ -68,7 +68,7 @@
 cma: Reserved 64 MiB at 0xfb800000
 Memory policy: Data cache writealloc
 On node 0 totalpages: 524032
-free_area_init_node: node 0, pgdat c1074740, node_mem_map eeff8000
+free_area_init_node: node 0, pgdat c1076840, node_mem_map eeff8000
   DMA zone: 1536 pages used for memmap
   DMA zone: 0 pages reserved
   DMA zone: 196608 pages, LIFO batch:31
@@ -81,7 +81,7 @@
 PID hash table entries: 4096 (order: 2, 16384 bytes)
 Dentry cache hash table entries: 131072 (order: 7, 524288 bytes)
 Inode-cache hash table entries: 65536 (order: 6, 262144 bytes)
-Memory: 1997780K/2096128K available (8507K kernel code, 1113K rwdata, 4052K rodata, 1100K init, 345K bss, 32812K reserved, 65536K cma-reserved, 1244160K highmem)
+Memory: 1997772K/2096128K available (8511K kernel code, 1114K rwdata, 4056K rodata, 1100K init, 345K bss, 32820K reserved, 65536K cma-reserved, 1244160K highmem)
 Virtual kernel memory layout:
     vector  : 0xffff0000 - 0xffff1000   (   4 kB)
     fixmap  : 0xffc00000 - 0xfff00000   (3072 kB)
@@ -89,10 +89,10 @@
     lowmem  : 0xc0000000 - 0xf0000000   ( 768 MB)
     pkmap   : 0xbfe00000 - 0xc0000000   (   2 MB)
     modules : 0xbf000000 - 0xbfe00000   (  14 MB)
-      .text : 0xc0208000 - 0xc0e4cf80   (12564 kB)
-      .init : 0xc0e4d000 - 0xc0f60000   (1100 kB)
-      .data : 0xc0f60000 - 0xc1076700   (1114 kB)
-       .bss : 0xc1079000 - 0xc10cf6a0   ( 346 kB)
+      .text : 0xc0208000 - 0xc0e4efec   (12572 kB)
+      .init : 0xc0e4f000 - 0xc0f62000   (1100 kB)
+      .data : 0xc0f62000 - 0xc1078800   (1114 kB)
+       .bss : 0xc107b000 - 0xc10d16a0   ( 346 kB)
 SLUB: HWalign=64, Order=0-3, MinObjects=0, CPUs=4, Nodes=1
 Hierarchical RCU implementation.
 	Build-time adjustment of leaf fanout to 32.
@@ -359,7 +359,7 @@
 EXT4-fs (mmcblk0p1): mounted filesystem with ordered data mode. Opts: (null)
 VFS: Mounted root (ext3 filesystem) on device 179:1.
 devtmpfs: mounted
-Freeing unused kernel memory: 1100K (c0e4d000 - c0f60000)
+Freeing unused kernel memory: 1100K (c0e4f000 - c0f62000)
 bash: cannot set terminal process group (-1): Inappropriate ioctl for device
 bash: no job control in this shell
-root@(none):/# [    3.733457] usb 2-1: new high-speed USB device number 2 using tegra-ehci
+root@(none):/# [    3.728882] usb 2-1: new high-speed USB device number 2 using tegra-ehci
Diff for ./tegra30-beaver/tegra30-beaver/tegra_defconfig_log.txt
--- /tmp/fooa	2016-02-08 03:24:13.273583299 -0800
+++ /tmp/foob	2016-02-08 03:24:13.277583297 -0800
@@ -37,20 +37,20 @@
 	 #################################################################
 	 #################################################################
 	 ##################################
-	 3.4 MiB/s
+	 3.1 MiB/s
 done
-Bytes transferred = 5264704 (505540 hex)
+Bytes transferred = 5267712 (506100 hex)
 Tegra30 (Beaver) # tftpboot 0x82000000 tegra30-beaver.dtb
 Using asx0 device
 TFTP from server 192.168.100.1; our IP address is 192.168.100.101
 Filename 'tegra30-beaver.dtb'.
 Load address: 0x82000000
 Loading: *####
-	 3.5 MiB/s
+	 2.9 MiB/s
 done
 Bytes transferred = 51467 (c90b hex)
 Tegra30 (Beaver) # bootz 0x81000000 - 0x82000000
-Kernel image @ 0x81000000 [ 0x000000 - 0x505540 ]
+Kernel image @ 0x81000000 [ 0x000000 - 0x506100 ]
 ## Flattened Device Tree blob at 82000000
    Booting using the fdt blob at 0x82000000
    Loading Device Tree to 8fff0000, end 8ffff90a ... OK
@@ -59,7 +59,7 @@
 
 Uncompressing Linux... done, booting the kernel.
 Booting Linux on physical CPU 0x0
-Linux version 4.5.0-rc2-next-20160205-70441-gbc91a31 (pwalmsley@kaivo) (gcc version 4.7.3 20130328 (prerelease) (crosstool-NG linaro-1.13.1-4.7-2013.04-20130415 - Linaro GCC 2013.04) ) #1 SMP PREEMPT Thu Feb 4 20:18:13 PST 2016
+Linux version 4.5.0-rc2-next-20160208-71094-g32a75162 (pwalmsley@kaivo) (gcc version 4.7.3 20130328 (prerelease) (crosstool-NG linaro-1.13.1-4.7-2013.04-20130415 - Linaro GCC 2013.04) ) #1 SMP PREEMPT Mon Feb 8 03:17:59 PST 2016
 CPU: ARMv7 Processor [412fc099] revision 9 (ARMv7), cr=10c5387d
 CPU: PIPT / VIPT nonaliasing data cache, VIPT aliasing instruction cache
 Machine model: NVIDIA Tegra30 Beaver evaluation board
@@ -68,7 +68,7 @@
 cma: Reserved 64 MiB at 0xfbc00000
 Memory policy: Data cache writealloc
 On node 0 totalpages: 524032
-free_area_init_node: node 0, pgdat c0a376c0, node_mem_map eeff7000
+free_area_init_node: node 0, pgdat c0a377c0, node_mem_map eeff7000
   Normal zone: 1536 pages used for memmap
   Normal zone: 0 pages reserved
   Normal zone: 196608 pages, LIFO batch:31
@@ -81,7 +81,7 @@
 PID hash table entries: 4096 (order: 2, 16384 bytes)
 Dentry cache hash table entries: 131072 (order: 7, 524288 bytes)
 Inode-cache hash table entries: 65536 (order: 6, 262144 bytes)
-Memory: 2002092K/2096128K available (7225K kernel code, 372K rwdata, 2492K rodata, 344K init, 367K bss, 28500K reserved, 65536K cma-reserved, 1244160K highmem)
+Memory: 2002092K/2096128K available (7229K kernel code, 372K rwdata, 2492K rodata, 340K init, 367K bss, 28500K reserved, 65536K cma-reserved, 1244160K highmem)
 Virtual kernel memory layout:
     vector  : 0xffff0000 - 0xffff1000   (   4 kB)
     fixmap  : 0xffc00000 - 0xfff00000   (3072 kB)
@@ -89,9 +89,9 @@
     lowmem  : 0xc0000000 - 0xf0000000   ( 768 MB)
     pkmap   : 0xbfe00000 - 0xc0000000   (   2 MB)
     modules : 0xbf000000 - 0xbfe00000   (  14 MB)
-      .text : 0xc0008000 - 0xc098588c   (9719 kB)
-      .init : 0xc0986000 - 0xc09dc000   ( 344 kB)
-      .data : 0xc09dc000 - 0xc0a39220   ( 373 kB)
+      .text : 0xc0008000 - 0xc09868c8   (9723 kB)
+      .init : 0xc0987000 - 0xc09dc000   ( 340 kB)
+      .data : 0xc09dc000 - 0xc0a39320   ( 373 kB)
        .bss : 0xc0a3c000 - 0xc0a97dcc   ( 368 kB)
 Preemptible hierarchical RCU implementation.
 	Build-time adjustment of leaf fanout to 32.
@@ -359,7 +359,7 @@
 EXT4-fs (mmcblk0p1): mounted filesystem with ordered data mode. Opts: (null)
 VFS: Mounted root (ext3 filesystem) on device 179:1.
 devtmpfs: mounted
-Freeing unused kernel memory: 344K (c0986000 - c09dc000)
+Freeing unused kernel memory: 340K (c0987000 - c09dc000)
 bash: cannot set terminal process group (-1): Inappropriate ioctl for device
 bash: no job control in this shell
 usb 2-1: new high-speed USB device number 2 using tegra-ehci
