
U-Boot SPL 2014.01-00219-gc4d376f (Feb 18 2014 - 19:57:32)


U-Boot 2014.01-00219-gc4d376f (Feb 18 2014 - 19:57:32)

TEGRA114
Board: NVIDIA Dalmore
I2C:   ready
DRAM:  2 GiB
MMC:   Tegra SD/MMC: 0, Tegra SD/MMC: 1
In:    serial
Out:   serial
Err:   serial
Net:   Net Initialization Skipped
No ethernet found.
Hit any key to stop autoboot:  2  0 
Tegra114 (Dalmore) # 
Tegra114 (Dalmore) # usb reset
(Re)start USB...
USB0:   USB EHCI 1.10
scanning bus 0 for devices... 2 USB Device(s) found
       scanning usb for storage devices... 0 Storage Device(s) found
       scanning usb for ethernet devices... 
Warning: asx0 using MAC address from net device
1 Ethernet Device(s) found
Tegra114 (Dalmore) # setenv bootargs 'ignore_loglevel console=ttyS0,115200n8 rw root=/dev/mmcblk0p1 rootwait gpt debug earlyprintk init=/bin/bash'
Tegra114 (Dalmore) # setenv ipaddr 192.168.100.100; setenv serverip 192.168.100.1; setenv tftpserverip 192.168.100.1
Tegra114 (Dalmore) # tftpboot 0x81000000 zImage.multi_v7_defconfig
Using asx0 device
TFTP from server 192.168.100.1; our IP address is 192.168.100.100
Filename 'zImage.multi_v7_defconfig'.
Load address: 0x81000000
Loading: *#################################################################
	 #################################################################
	 #################################################################
	 #################################################################
	 #################################################################
	 #################################################################
	 #################################################################
	 ########
	 3.3 MiB/s
done
Bytes transferred = 6788728 (679678 hex)
Tegra114 (Dalmore) # tftpboot 0x82000000 tegra114-dalmore.dtb
Using asx0 device
TFTP from server 192.168.100.1; our IP address is 192.168.100.100
Filename 'tegra114-dalmore.dtb'.
Load address: 0x82000000
Loading: *###
	 3 MiB/s
done
Bytes transferred = 34894 (884e hex)
Tegra114 (Dalmore) # bootz 0x81000000 - 0x82000000
Kernel image @ 0x81000000 [ 0x000000 - 0x679678 ]
## Flattened Device Tree blob at 82000000
   Booting using the fdt blob at 0x82000000
   Loading Device Tree to 8fff4000, end 8ffff84d ... OK

Starting kernel ...

[    0.000000] Booting Linux on physical CPU 0x0
[    0.000000] Linux version 4.5.0-rc1-next-20160201-69474-g99e8324 (pwalmsley@sellafield) (gcc version 4.7.3 20130328 (prerelease) (crosstool-NG linaro-1.13.1-4.7-2013.04-20130415 - Linaro GCC 2013.04) ) #1 SMP Sun Jan 31 22:47:50 PST 2016
[    0.000000] CPU: ARMv7 Processor [412fc0f2] revision 2 (ARMv7), cr=10c5387d
[    0.000000] CPU: div instructions available: patching division code
[    0.000000] CPU: PIPT / VIPT nonaliasing data cache, PIPT instruction cache
[    0.000000] Machine model: NVIDIA Tegra114 Dalmore evaluation board
[    0.000000] debug: ignoring loglevel setting.
[    0.000000] cma: Reserved 64 MiB at 0xfb800000
[    0.000000] Memory policy: Data cache writealloc
[    0.000000] On node 0 totalpages: 524032
[    0.000000] free_area_init_node: node 0, pgdat c1074580, node_mem_map eeff8000
[    0.000000]   DMA zone: 1536 pages used for memmap
[    0.000000]   DMA zone: 0 pages reserved
[    0.000000]   DMA zone: 196608 pages, LIFO batch:31
[    0.000000]   HighMem zone: 327424 pages, LIFO batch:31
[    0.000000] PERCPU: Embedded 13 pages/cpu @eef9f000 s22976 r8192 d22080 u53248
[    0.000000] pcpu-alloc: s22976 r8192 d22080 u53248 alloc=13*4096
[    0.000000] pcpu-alloc: [0] 0 [0] 1 [0] 2 [0] 3 
[    0.000000] Built 1 zonelists in Zone order, mobility grouping on.  Total pages: 522496
[    0.000000] Kernel command line: ignore_loglevel console=ttyS0,115200n8 rw root=/dev/mmcblk0p1 rootwait gpt debug earlyprintk init=/bin/bash
[    0.000000] PID hash table entries: 4096 (order: 2, 16384 bytes)
[    0.000000] Dentry cache hash table entries: 131072 (order: 7, 524288 bytes)
[    0.000000] Inode-cache hash table entries: 65536 (order: 6, 262144 bytes)
[    0.000000] Memory: 1997860K/2096128K available (8507K kernel code, 1113K rwdata, 4052K rodata, 1100K init, 345K bss, 32732K reserved, 65536K cma-reserved, 1244160K highmem)
[    0.000000] Virtual kernel memory layout:
[    0.000000]     vector  : 0xffff0000 - 0xffff1000   (   4 kB)
[    0.000000]     fixmap  : 0xffc00000 - 0xfff00000   (3072 kB)
[    0.000000]     vmalloc : 0xf0800000 - 0xff800000   ( 240 MB)
[    0.000000]     lowmem  : 0xc0000000 - 0xf0000000   ( 768 MB)
[    0.000000]     pkmap   : 0xbfe00000 - 0xc0000000   (   2 MB)
[    0.000000]     modules : 0xbf000000 - 0xbfe00000   (  14 MB)
[    0.000000]       .text : 0xc0208000 - 0xc0e4cf00   (12564 kB)
[    0.000000]       .init : 0xc0e4d000 - 0xc0f60000   (1100 kB)
[    0.000000]       .data : 0xc0f60000 - 0xc1076540   (1114 kB)
[    0.000000]        .bss : 0xc1079000 - 0xc10cf5e0   ( 346 kB)
[    0.000000] SLUB: HWalign=64, Order=0-3, MinObjects=0, CPUs=4, Nodes=1
[    0.000000] Hierarchical RCU implementation.
[    0.000000] 	Build-time adjustment of leaf fanout to 32.
[    0.000000] 	RCU restricting CPUs from NR_CPUS=16 to nr_cpu_ids=4.
[    0.000000] RCU: Adjusting geometry for rcu_fanout_leaf=32, nr_cpu_ids=4
[    0.000000] NR_IRQS:16 nr_irqs:16 16
[    0.000000] /interrupt-controller@60004000: 160 interrupts forwarded to /interrupt-controller@50041000
[    0.000000] Tegra clk 127: register failed with -17
[    0.000008] sched_clock: 32 bits at 1000kHz, resolution 1000ns, wraps every 2147483647500ns
[    0.000027] clocksource: timer_us: mask: 0xffffffff max_cycles: 0xffffffff, max_idle_ns: 1911260446275 ns
[    0.000041] Switching to timer-based delay loop, resolution 1000ns
[    0.003054] Architected cp15 timer(s) running at 12.00MHz (virt).
[    0.003072] clocksource: arch_sys_counter: mask: 0xffffffffffffff max_cycles: 0x2c47f4ee7, max_idle_ns: 440795202497 ns
[    0.003091] sched_clock: 56 bits at 12MHz, resolution 83ns, wraps every 4398046511096ns
[    0.003104] Switching to timer-based delay loop, resolution 83ns
[    0.003486] Console: colour dummy device 80x30
[    0.003512] Calibrating delay loop (skipped), value calculated using timer frequency.. 24.00 BogoMIPS (lpj=60000)
[    0.003528] pid_max: default: 32768 minimum: 301
[    0.003635] Mount-cache hash table entries: 2048 (order: 1, 8192 bytes)
[    0.003647] Mountpoint-cache hash table entries: 2048 (order: 1, 8192 bytes)
[    0.004258] CPU: Testing write buffer coherency: ok
[    0.004475] /cpus/cpu@0 missing clock-frequency property
[    0.004505] /cpus/cpu@1 missing clock-frequency property
[    0.004534] /cpus/cpu@2 missing clock-frequency property
[    0.004562] /cpus/cpu@3 missing clock-frequency property
[    0.004575] CPU0: thread -1, cpu 0, socket 0, mpidr 80000000
[    0.004622] Setting up static identity map for 0x80209000 - 0x80209098
[    0.006931] Tegra Revision: A01 SKU: 0 CPU Process: 1 SoC Process: 0
[    0.008243] CPU1: thread -1, cpu 1, socket 0, mpidr 80000001
[    0.008902] CPU2: thread -1, cpu 2, socket 0, mpidr 80000002
[    0.009552] CPU3: thread -1, cpu 3, socket 0, mpidr 80000003
[    0.009630] Brought up 4 CPUs
[    0.009651] SMP: Total of 4 processors activated (96.00 BogoMIPS).
[    0.009659] CPU: All CPU(s) started in SVC mode.
[    0.011070] devtmpfs: initialized
[    0.021528] VFP support v0.3: implementor 41 architecture 4 part 30 variant f rev 0
[    0.022143] clocksource: jiffies: mask: 0xffffffff max_cycles: 0xffffffff, max_idle_ns: 9556302231375000 ns
[    0.023741] pinctrl core: initialized pinctrl subsystem
[    0.025445] NET: Registered protocol family 16
[    0.027617] DMA: preallocated 256 KiB pool for atomic coherent allocations
[    0.042981] cpuidle: using governor menu
[    0.057628] No ATAGs?
[    0.057662] hw-breakpoint: found 5 (+1 reserved) breakpoint and 4 watchpoint registers.
[    0.057673] hw-breakpoint: maximum watchpoint size is 8 bytes.
[    0.062778] Serial: AMBA PL011 UART driver
[    0.064084] tegra-mc 70019000.memory-controller: no memory timings for RAM code 3 registered
[    0.092789] dvdd_ts: Failed to request enable GPIO61: -517
[    0.092910] reg-fixed-voltage regulators:regulator@1: Failed to register regulator: -517
[    0.093157] usb1_vbus: Failed to request enable GPIO108: -517
[    0.093265] reg-fixed-voltage regulators:regulator@3: Failed to register regulator: -517
[    0.093488] usb2_vbus: Failed to request enable GPIO86: -517
[    0.093592] reg-fixed-voltage regulators:regulator@4: Failed to register regulator: -517
[    0.094109] VDD_5V0_HDMI_CON: Failed to request enable GPIO81: -517
[    0.094219] reg-fixed-voltage regulators:regulator@7: Failed to register regulator: -517
[    0.097272] vgaarb: loaded
[    0.098308] SCSI subsystem initialized
[    0.098490] libata version 3.00 loaded.
[    0.098797] usbcore: registered new interface driver usbfs
[    0.098865] usbcore: registered new interface driver hub
[    0.098943] usbcore: registered new device driver usb
[    0.102691] tps65090 2-0048: No cache defaults, reading back from HW
[    0.108883] genirq: Setting trigger mode 8 for irq 341 failed (irq_chip_set_type_parent+0x0/0x28)
[    0.108907] palmas 2-0058: Irq flag is 0x00000000
[    0.111510] palmas 2-0058: Muxing GPIO ff, PWM 0, LED 0
[    0.121840] sdhci-vdd-sd-slot: ramp_delay not set
[    0.146262] pps_core: LinuxPPS API ver. 1 registered
[    0.146273] pps_core: Software ver. 5.3.6 - Copyright 2005-2007 Rodolfo Giometti <giometti@linux.it>
[    0.146301] PTP clock support registered
[    0.146524] EDAC MC: Ver: 3.0.0
[    0.149085] clocksource: Switched to clocksource arch_sys_counter
[    0.159999] NET: Registered protocol family 2
[    0.160521] TCP established hash table entries: 8192 (order: 3, 32768 bytes)
[    0.160620] TCP bind hash table entries: 8192 (order: 4, 65536 bytes)
[    0.160807] TCP: Hash tables configured (established 8192 bind 8192)
[    0.160862] UDP hash table entries: 512 (order: 2, 16384 bytes)
[    0.160905] UDP-Lite hash table entries: 512 (order: 2, 16384 bytes)
[    0.161078] NET: Registered protocol family 1
[    0.161339] RPC: Registered named UNIX socket transport module.
[    0.161349] RPC: Registered udp transport module.
[    0.161357] RPC: Registered tcp transport module.
[    0.161365] RPC: Registered tcp NFSv4.1 backchannel transport module.
[    0.161389] PCI: CLS 0 bytes, default 64
[    0.163665] futex hash table entries: 1024 (order: 4, 65536 bytes)
[    0.176269] squashfs: version 4.0 (2009/01/31) Phillip Lougher
[    0.177221] NFS: Registering the id_resolver key type
[    0.177252] Key type id_resolver registered
[    0.177262] Key type id_legacy registered
[    0.177344] ntfs: driver 2.1.32 [Flags: R/O].
[    0.178818] bounce: pool size: 64 pages
[    0.179047] Block layer SCSI generic (bsg) driver version 0.4 loaded (major 249)
[    0.179098] io scheduler noop registered
[    0.179118] io scheduler deadline registered
[    0.179159] io scheduler cfq registered (default)
[    0.200924] vdd-lcd-bl: supplied by vdd_ac_bat
[    0.207616] tegra-apbdma 6000a000.dma: Tegra20 APB DMA driver register 32 channels
[    0.209334] tegra-pmc 7000e400.pmc: i2c-thermtrip node not found, emergency thermal reset disabled.
[    0.270134] Serial: 8250/16550 driver, 4 ports, IRQ sharing disabled
[    0.273148] console [ttyS0] disabled
[    0.273185] 70006300.serial: ttyS0 at MMIO 0x70006300 (irq = 329, base_baud = 25500000) is a Tegra
[    1.082002] console [ttyS0] enabled
[    1.086311] SuperH (H)SCI(F) driver initialized
[    1.091823] msm_serial: driver initialized
[    1.096141] STMicroelectronics ASC driver initialized
[    1.103521] [drm] Initialized drm 1.1.0 20060810
[    1.110170] tegra-hdmi 54280000.hdmi: failed to get HDMI regulator
[    1.116909] vdd-ao: supplied by vdd_ac_bat
[    1.121245] vddio-1v8: supplied by vdd-ao
[    1.125663] avdd-dsi-csi: supplied by vddio-1v8
[    1.133958] vdd-sys-3v3: supplied by vdd_ac_bat
[    1.138722] avdd-lcd: supplied by vdd-sys-3v3
[    1.154639] brd: module loaded
[    1.163851] loop: module loaded
[    1.174264] m25p80 spi32766.0: w25q32dw (4096 Kbytes)
[    1.182895] libphy: Fixed MDIO Bus: probed
[    1.187750] CAN device driver interface
[    1.193543] igb: Intel(R) Gigabit Ethernet Network Driver - version 5.3.0-k
[    1.200512] igb: Copyright (c) 2007-2014 Intel Corporation.
[    1.209205] pegasus: v0.9.3 (2013/04/25), Pegasus/Pegasus II USB Ethernet driver
[    1.216661] usbcore: registered new interface driver pegasus
[    1.222395] usbcore: registered new interface driver asix
[    1.227853] usbcore: registered new interface driver ax88179_178a
[    1.234003] usbcore: registered new interface driver cdc_ether
[    1.239919] usbcore: registered new interface driver smsc75xx
[    1.245742] usbcore: registered new interface driver smsc95xx
[    1.251546] usbcore: registered new interface driver net1080
[    1.257264] usbcore: registered new interface driver cdc_subset
[    1.263241] usbcore: registered new interface driver zaurus
[    1.268909] usbcore: registered new interface driver cdc_ncm
[    1.276535] ehci_hcd: USB 2.0 'Enhanced' Host Controller (EHCI) Driver
[    1.283082] ehci-pci: EHCI PCI platform driver
[    1.287592] ehci-platform: EHCI generic platform driver
[    1.293041] ehci-omap: OMAP-EHCI Host Controller driver
[    1.298422] ehci-orion: EHCI orion driver
[    1.302587] SPEAr-ehci: EHCI SPEAr driver
[    1.306756] ehci-st: EHCI STMicroelectronics driver
[    1.311791] ehci-exynos: EHCI EXYNOS driver
[    1.316147] ehci-atmel: EHCI Atmel driver
[    1.320313] tegra-ehci: Tegra EHCI driver
[    1.324661] ohci_hcd: USB 1.1 'Open' Host Controller (OHCI) Driver
[    1.330868] ohci-pci: OHCI PCI platform driver
[    1.335377] ohci-platform: OHCI generic platform driver
[    1.340775] ohci-omap3: OHCI OMAP3 driver
[    1.344939] SPEAr-ohci: OHCI SPEAr driver
[    1.349114] ohci-st: OHCI STMicroelectronics driver
[    1.354152] ohci-atmel: OHCI Atmel driver
[    1.358704] usbcore: registered new interface driver usb-storage
[    1.366308] mousedev: PS/2 mouse device common for all mice
[    1.376981] palmas-rtc 7000d000.i2c:tps65913@58:rtc: rtc core: registered 7000d000.i2c:tps659 as rtc0
[    1.388136] tegra_rtc 7000e000.rtc: rtc core: registered 7000e000.rtc as rtc1
[    1.395331] tegra_rtc 7000e000.rtc: Tegra internal Real Time Clock
[    1.402110] i2c /dev entries driver
[    1.409598] sbs-battery 0-000b: sbs_probe: Failed to get device status
[    1.416154] sbs-battery: probe of 0-000b failed with error -121
[    1.425266] vdd-sensor-2v85: supplied by vdd-sys-3v3
[    1.438211] sdhci: Secure Digital Host Controller Interface driver
[    1.444403] sdhci: Copyright(c) Pierre Ossman
[    1.450323] Synopsys Designware Multimedia Card Interface Driver
[    1.457444] sdhci-pltfm: SDHCI platform and OF driver helper
[    1.463884] sdhci-tegra 78000400.sdhci: Got CD GPIO
[    1.468790] sdhci-tegra 78000400.sdhci: Got WP GPIO
[    1.474849] mmc0: Invalid maximum block size, assuming 512 bytes
[    1.514284] mmc0: SDHCI controller on 78000400.sdhci [78000400.sdhci] using ADMA
[    1.524015] mmc1: Invalid maximum block size, assuming 512 bytes
[    1.564105] mmc1: SDHCI controller on 78000600.sdhci [78000600.sdhci] using ADMA
[    1.573107] ledtrig-cpu: registered to indicate activity on CPUs
[    1.579488] usbcore: registered new interface driver usbhid
[    1.585070] usbhid: USB HID core driver
[    1.594006] NET: Registered protocol family 10
[    1.599219] sit: IPv6 over IPv4 tunneling driver
[    1.604549] NET: Registered protocol family 17
[    1.609009] can: controller area network core (rev 20120528 abi 9)
[    1.615269] NET: Registered protocol family 29
[    1.619734] can: raw protocol (rev 20120528)
[    1.624004] can: broadcast manager protocol (rev 20120528 t)
[    1.629687] can: netlink gateway (rev 20130117) max_hops=1
[    1.635584] Key type dns_resolver registered
[    1.640528] ThumbEE CPU extension supported.
[    1.644830] Registering SWP/SWPB emulation handler
[    1.670396] vdd-sys-5v0: supplied by vdd_ac_bat
[    1.677546] VDD_5V0_HDMI_CON: supplied by vdd-sys-5v0
[    1.688488] vdd_hdmi_5v0: supplied by vdd-sys-5v0
[    1.697025] [drm] Supports vblank timestamp caching Rev 2 (21.10.2013).
[    1.703682] [drm] No driver support for vblank timestamp query.
[    1.730500] mmc1: new HS200 MMC card at address 0001
[    1.731743] mmcblk0: mmc1:0001 SEM32G 29.1 GiB 
[    1.732334] mmcblk0boot0: mmc1:0001 SEM32G partition 1 4.00 MiB
[    1.732941] mmcblk0boot1: mmc1:0001 SEM32G partition 2 4.00 MiB
[    1.733429] mmcblk0rpmb: mmc1:0001 SEM32G partition 3 4.00 MiB
[    1.737869]  mmcblk0: p1 p2 p3 p4 p5 p6 p7 p8
[    1.769357] Console: switching to colour frame buffer device 240x75
[    1.828834] drm drm: fb0:  frame buffer device
[    1.844212] [drm] Initialized tegra 0.0.0 20120330 on minor 0
[    1.851342] usb2_vbus: supplied by vdd-sys-5v0
[    1.858157] tegra-ehci 7d008000.usb: EHCI Host Controller
[    1.863615] tegra-ehci 7d008000.usb: new USB bus registered, assigned bus number 1
[    1.871528] tegra-ehci 7d008000.usb: irq 339, io mem 0x7d008000
[    1.884211] tegra-ehci 7d008000.usb: USB 2.0 started, EHCI 1.10
[    1.891391] hub 1-0:1.0: USB hub found
[    1.895259] hub 1-0:1.0: 1 port detected
[    1.901304] input: gpio-keys as /devices/soc0/gpio-keys/input/input0
[    1.910225] palmas-rtc 7000d000.i2c:tps65913@58:rtc: setting system clock to 2000-01-12 11:58:20 UTC (947678300)
[    1.935874] dvdd_ts: disabling
[    1.938934] usb1_vbus: disabling
[    1.942201] vdd_cam_1v8_reg: disabling
[    1.947743] EXT4-fs (mmcblk0p1): mounting ext3 file system using the ext4 subsystem
[    1.968685] EXT4-fs (mmcblk0p1): recovery complete
[    1.973553] EXT4-fs (mmcblk0p1): mounted filesystem with ordered data mode. Opts: (null)
[    1.981720] VFS: Mounted root (ext3 filesystem) on device 179:1.
[    1.990132] devtmpfs: mounted
[    1.993983] Freeing unused kernel memory: 1100K (c0e4d000 - c0f60000)
bash: cannot set terminal process group (-1): Inappropriate ioctl for device
bash: no job control in this shell
root@(none):/# [    2.209214] usb 1-1: new high-speed USB device number 2 using tegra-ehci
[    3.154790] asix 1-1:1.0 eth0: register 'asix' at usb-7d008000.usb-1, ASIX AX88772 USB 2.0 Ethernet, 00:50:b6:0d:b5:16
mount -t sysfs none /sys
root@(none):/# 
root@(none):/# mount -t debugfs none /sys/kernel/debug
root@(none):/# 
root@(none):/# rtcwake -d rtc1 -m mem -s 3
rtcwake: assuming RTC uses UTC ...
rtcwake: wakeup from "mem" using /dev/rtc1 at Thu Jan  1 00:00:20 1970
[    5.369330] PM: Syncing filesystems ... done.
[    5.396500] Freezing user space processes ... (elapsed 0.001 seconds) done.
[    5.404872] Freezing remaining freezable tasks ... (elapsed 0.001 seconds) done.
[    5.413668] Suspending console(s) (use no_console_suspend to debug)
[    5.456355] PM: suspend of devices complete after 35.024 msecs
[    5.459004] PM: late suspend of devices complete after 2.632 msecs
[    5.460876] PM: noirq suspend of devices complete after 1.862 msecs
[    5.460880] Disabling non-boot CPUs ...
[    5.461318] IRQ16 no longer affine to CPU1
[    5.461713] CPU1: shutdown
[    5.491666] CPU2: shutdown
[    5.516337] CPU3: shutdown
[    5.530297] Entering suspend state LP1
[    5.530322] Enabling non-boot CPUs ...
[    5.555746] CPU1 is up
[    5.580964] CPU2 is up
[    5.606270] CPU3 is up
[    5.607525] PM: noirq resume of devices complete after 1.244 msecs
[    5.609856] PM: early resume of devices complete after 1.888 msecs
[    5.705871] PM: resume of devices complete after 95.997 msecs
[    5.774594] Restarting tasks ... done.
root@(none):/# 
root@(none):/# rtcwake -d rtc1 -m mem -s 3
rtcwake: assuming RTC uses UTC ...
rtcwake: wakeup from "mem" using /dev/rtc1 at Thu Jan  1 00:00:29 1970
[    6.394583] PM: Syncing filesystems ... done.
[    6.421209] Freezing user space processes ... (elapsed 0.001 seconds) done.
[    6.429571] Freezing remaining freezable tasks ... (elapsed 0.001 seconds) done.
[    6.438447] Suspending console(s) (use no_console_suspend to debug)
[    6.488563] PM: suspend of devices complete after 42.473 msecs
[    6.491472] PM: late suspend of devices complete after 2.891 msecs
[    6.493422] PM: noirq suspend of devices complete after 1.939 msecs
[    6.493426] Disabling non-boot CPUs ...
[    6.493849] IRQ16 no longer affine to CPU1
[    6.494252] CPU1: shutdown
[    6.516681] CPU2: shutdown
[    6.541368] CPU3: shutdown
[    6.555259] Entering suspend state LP1
[    6.555284] Enabling non-boot CPUs ...
[    6.580688] CPU1 is up
[    6.605913] CPU2 is up
[    6.631229] CPU3 is up
[    6.632537] PM: noirq resume of devices complete after 1.297 msecs
[    6.635227] PM: early resume of devices complete after 2.224 msecs
[    6.730814] PM: resume of devices complete after 95.567 msecs
[    6.799621] Restarting tasks ... done.
root@(none):/# 
root@(none):/# rtcwake -d rtc1 -m mem -s 3
rtcwake: assuming RTC uses UTC ...
rtcwake: wakeup from "mem" using /dev/rtc1 at Thu Jan  1 00:00:38 1970
[    7.394296] PM: Syncing filesystems ... done.
[    7.421225] Freezing user space processes ... (elapsed 0.001 seconds) done.
[    7.429621] Freezing remaining freezable tasks ... (elapsed 0.001 seconds) done.
[    7.438428] Suspending console(s) (use no_console_suspend to debug)
[    7.481349] PM: suspend of devices complete after 35.261 msecs
[    7.484199] PM: late suspend of devices complete after 2.833 msecs
[    7.486323] PM: noirq suspend of devices complete after 2.109 msecs
[    7.486327] Disabling non-boot CPUs ...
[    7.487180] CPU1: shutdown
[    7.511644] CPU2: shutdown
[    7.536285] CPU3: shutdown
[    7.550216] Entering suspend state LP1
[    7.550241] Enabling non-boot CPUs ...
[    7.575660] CPU1 is up
[    7.600883] CPU2 is up
[    7.626205] CPU3 is up
[    7.627490] PM: noirq resume of devices complete after 1.275 msecs
[    7.630533] PM: early resume of devices complete after 2.578 msecs
[    7.725832] PM: resume of devices complete after 95.281 msecs
[    7.790550] Restarting tasks ... done.
root@(none):/# 
root@(none):/# rtcwake -d rtc1 -m mem -s 3
rtcwake: assuming RTC uses UTC ...
rtcwake: wakeup from "mem" using /dev/rtc1 at Thu Jan  1 00:00:47 1970
[    8.386994] PM: Syncing filesystems ... done.
[    8.413637] Freezing user space processes ... (elapsed 0.001 seconds) done.
[    8.421983] Freezing remaining freezable tasks ... (elapsed 0.001 seconds) done.
[    8.430845] Suspending console(s) (use no_console_suspend to debug)
[    8.475600] PM: suspend of devices complete after 37.109 msecs
[    8.478146] PM: late suspend of devices complete after 2.529 msecs
[    8.480201] PM: noirq suspend of devices complete after 2.045 msecs
[    8.480205] Disabling non-boot CPUs ...
[    8.480629] IRQ16 no longer affine to CPU1
[    8.481021] CPU1: shutdown
[    8.506609] CPU2: shutdown
[    8.531270] CPU3: shutdown
[    8.545192] Entering suspend state LP1
[    8.545217] Enabling non-boot CPUs ...
[    8.570626] CPU1 is up
[    8.595854] CPU2 is up
[    8.621177] CPU3 is up
[    8.622424] PM: noirq resume of devices complete after 1.237 msecs
[    8.625449] PM: early resume of devices complete after 2.578 msecs
[    8.721099] PM: resume of devices complete after 95.632 msecs
[    8.789873] Restarting tasks ... done.
root@(none):/# 
root@(none):/# rtcwake -d rtc1 -m mem -s 3
rtcwake: assuming RTC uses UTC ...
rtcwake: wakeup from "mem" using /dev/rtc1 at Thu Jan  1 00:00:56 1970
[    9.392415] PM: Syncing filesystems ... done.
[    9.419487] Freezing user space processes ... (elapsed 0.001 seconds) done.
[    9.427835] Freezing remaining freezable tasks ... (elapsed 0.001 seconds) done.
[    9.436743] Suspending console(s) (use no_console_suspend to debug)
[    9.487022] PM: suspend of devices complete after 42.644 msecs
[    9.489732] PM: late suspend of devices complete after 2.693 msecs
[    9.491787] PM: noirq suspend of devices complete after 2.046 msecs
[    9.491792] Disabling non-boot CPUs ...
[    9.492209] IRQ16 no longer affine to CPU1
[    9.492604] CPU1: shutdown
[    9.516562] CPU2: shutdown
[    9.541227] CPU3: shutdown
[    9.555129] Entering suspend state LP1
[    9.555154] Enabling non-boot CPUs ...
[    9.580579] CPU1 is up
[    9.605802] CPU2 is up
[    9.631128] CPU3 is up
[    9.632366] PM: noirq resume of devices complete after 1.228 msecs
[    9.635265] PM: early resume of devices complete after 2.457 msecs
[    9.730986] PM: resume of devices complete after 95.704 msecs
[    9.799751] Restarting tasks ... done.
root@(none):/# 
root@(none):/# NVTB SYSTEM SUSPEND TEST COMPLETE
