
U-Boot SPL 2016.05-rc2 (Apr 21 2016 - 16:23:00)
Trying to boot from RAM


U-Boot 2016.05-rc2 (Apr 21 2016 - 16:23:00 -0700)

TEGRA124
Model: NVIDIA Jetson TK1
Board: NVIDIA Jetson TK1
DRAM:  2 GiB
MC:   Tegra SD/MMC: 0, Tegra SD/MMC: 1
In:    serial
Out:   serial
Err:   serial
Net:   No ethernet found.
Hit any key to stop autoboot:  2  0 
Tegra124 (Jetson TK1) # 
Tegra124 (Jetson TK1) # pci enum
Tegra124 (Jetson TK1) # setenv bootargs 'ignore_loglevel console=ttyS0,115200n8 rw root=PARTUUID=b1791faa-84e8-4e27-83a1-9fb0a77e8803 rootwait gpt debug noinitrd earlyprintk init=/bin/bash'
Tegra124 (Jetson TK1) # setenv ipaddr 192.168.100.102; setenv serverip 192.168.100.1; setenv tftpserverip 192.168.100.1
Tegra124 (Jetson TK1) # tftpboot 0x82000000 zImage.multi_v7_defconfig

Warning: eth_rtl8169 using MAC address from ROM
Using eth_rtl8169 device
TFTP from server 192.168.100.1; our IP address is 192.168.100.102
Filename 'zImage.multi_v7_defconfig'.
Load address: 0x82000000
Loading: *#################################################################
	 #################################################################
	 #################################################################
	 #################################################################
	 #################################################################
	 #################################################################
	 #################################################################
	 ###########################################
	 3.2 MiB/s
done
Bytes transferred = 7307552 (6f8120 hex)
Tegra124 (Jetson TK1) # tftpboot 0x83000000 tegra124-jetson-tk1.dtb
Using eth_rtl8169 device
TFTP from server 192.168.100.1; our IP address is 192.168.100.102
Filename 'tegra124-jetson-tk1.dtb'.
Load address: 0x83000000
Loading: *#####
	 3.6 MiB/s
done
Bytes transferred = 67133 (1063d hex)
Tegra124 (Jetson TK1) # bootz 0x82000000 - 0x83000000
Kernel image @ 0x82000000 [ 0x000000 - 0x6f8120 ]
## Flattened Device Tree blob at 83000000
   Booting using the fdt blob at 0x83000000
   Using Device Tree in place at 83000000, end 8301363c

Starting kernel ...

[    0.000000] Booting Linux on physical CPU 0x0
[    0.000000] Linux version 4.9.0-rc4-next-20161109-132978-g6b9ac96 (pwalmsley@sellafield) (gcc version 4.7.3 20130328 (prerelease) (crosstool-NG linaro-1.13.1-4.7-2013.04-20130415 - Linaro GCC 2013.04) ) #1 SMP Tue Nov 8 20:49:01 PST 2016
[    0.000000] CPU: ARMv7 Processor [413fc0f3] revision 3 (ARMv7), cr=10c5387d
[    0.000000] CPU: div instructions available: patching division code
[    0.000000] CPU: PIPT / VIPT nonaliasing data cache, PIPT instruction cache
[    0.000000] OF: fdt:Machine model: NVIDIA Tegra124 Jetson TK1
[    0.000000] debug: ignoring loglevel setting.
[    0.000000] efi: Getting EFI parameters from FDT:
[    0.000000] efi: UEFI not found.
[    0.000000] cma: Reserved 64 MiB at 0xfb800000
[    0.000000] Memory policy: Data cache writealloc
[    0.000000] On node 0 totalpages: 524032
[    0.000000] free_area_init_node: node 0, pgdat c14294c0, node_mem_map eeff8000
[    0.000000]   DMA zone: 1536 pages used for memmap
[    0.000000]   DMA zone: 0 pages reserved
[    0.000000]   DMA zone: 196608 pages, LIFO batch:31
[    0.000000]   HighMem zone: 327424 pages, LIFO batch:31
[    0.000000] percpu: Embedded 14 pages/cpu @eef8e000 s26688 r8192 d22464 u57344
[    0.000000] pcpu-alloc: s26688 r8192 d22464 u57344 alloc=14*4096
[    0.000000] pcpu-alloc: [0] 0 [0] 1 [0] 2 [0] 3 
[    0.000000] Built 1 zonelists in Zone order, mobility grouping on.  Total pages: 522496
[    0.000000] Kernel command line: ignore_loglevel console=ttyS0,115200n8 rw root=PARTUUID=b1791faa-84e8-4e27-83a1-9fb0a77e8803 rootwait gpt debug noinitrd earlyprintk init=/bin/bash
[    0.000000] PID hash table entries: 4096 (order: 2, 16384 bytes)
[    0.000000] Dentry cache hash table entries: 131072 (order: 7, 524288 bytes)
[    0.000000] Inode-cache hash table entries: 65536 (order: 6, 262144 bytes)
[    0.000000] Memory: 1994964K/2096128K available (9216K kernel code, 1195K rwdata, 4084K rodata, 2048K init, 343K bss, 35628K reserved, 65536K cma-reserved, 1244160K highmem)
[    0.000000] Virtual kernel memory layout:
[    0.000000]     vector  : 0xffff0000 - 0xffff1000   (   4 kB)
[    0.000000]     fixmap  : 0xffc00000 - 0xfff00000   (3072 kB)
[    0.000000]     vmalloc : 0xf0800000 - 0xff800000   ( 240 MB)
[    0.000000]     lowmem  : 0xc0000000 - 0xf0000000   ( 768 MB)
[    0.000000]     pkmap   : 0xbfe00000 - 0xc0000000   (   2 MB)
[    0.000000]     modules : 0xbf000000 - 0xbfe00000   (  14 MB)
[    0.000000]       .text : 0xc0208000 - 0xc0c00000   (10208 kB)
[    0.000000]       .init : 0xc1100000 - 0xc1300000   (2048 kB)
[    0.000000]       .data : 0xc1300000 - 0xc142afa0   (1196 kB)
[    0.000000]        .bss : 0xc142c000 - 0xc1481f08   ( 344 kB)
[    0.000000] SLUB: HWalign=64, Order=0-3, MinObjects=0, CPUs=4, Nodes=1
[    0.000000] Hierarchical RCU implementation.
[    0.000000] 	Build-time adjustment of leaf fanout to 32.
[    0.000000] 	RCU restricting CPUs from NR_CPUS=16 to nr_cpu_ids=4.
[    0.000000] RCU: Adjusting geometry for rcu_fanout_leaf=32, nr_cpu_ids=4
[    0.000000] NR_IRQS:16 nr_irqs:16 16
[    0.000000] /interrupt-controller@60004000: 160 interrupts forwarded to /interrupt-controller@50041000
[    0.000000] Tegra clk 127: register failed with -17
[    0.000008] sched_clock: 32 bits at 1000kHz, resolution 1000ns, wraps every 2147483647500ns
[    0.000031] clocksource: timer_us: mask: 0xffffffff max_cycles: 0xffffffff, max_idle_ns: 1911260446275 ns
[    0.000044] Switching to timer-based delay loop, resolution 1000ns
[    0.005497] arm_arch_timer: Architected cp15 timer(s) running at 12.00MHz (virt).
[    0.005514] clocksource: arch_sys_counter: mask: 0xffffffffffffff max_cycles: 0x2c47f4ee7, max_idle_ns: 440795202497 ns
[    0.005532] sched_clock: 56 bits at 12MHz, resolution 83ns, wraps every 4398046511096ns
[    0.005545] Switching to timer-based delay loop, resolution 83ns
[    0.006010] Console: colour dummy device 80x30
[    0.006042] Calibrating delay loop (skipped), value calculated using timer frequency.. 24.00 BogoMIPS (lpj=60000)
[    0.006057] pid_max: default: 32768 minimum: 301
[    0.006158] Mount-cache hash table entries: 2048 (order: 1, 8192 bytes)
[    0.006169] Mountpoint-cache hash table entries: 2048 (order: 1, 8192 bytes)
[    0.006755] CPU: Testing write buffer coherency: ok
[    0.006974] /cpus/cpu@0 missing clock-frequency property
[    0.007017] /cpus/cpu@1 missing clock-frequency property
[    0.007058] /cpus/cpu@2 missing clock-frequency property
[    0.007101] /cpus/cpu@3 missing clock-frequency property
[    0.007113] CPU0: thread -1, cpu 0, socket 0, mpidr 80000000
[    0.007352] Setting up static identity map for 0x80300000 - 0x80300098
[    0.010774] Tegra Revision: A01 SKU: 129 CPU Process: 1 SoC Process: 1
[    0.011441] EFI services will not be available.
[    0.011672] smp: Bringing up secondary CPUs ...
[    0.012195] CPU1: thread -1, cpu 1, socket 0, mpidr 80000001
[    0.015852] CPU2: thread -1, cpu 2, socket 0, mpidr 80000002
[    0.020849] CPU3: thread -1, cpu 3, socket 0, mpidr 80000003
[    0.025368] smp: Brought up 1 node, 4 CPUs
[    0.025388] SMP: Total of 4 processors activated (96.00 BogoMIPS).
[    0.025396] CPU: All CPU(s) started in SVC mode.
[    0.026872] devtmpfs: initialized
[    0.047787] VFP support v0.3: implementor 41 architecture 4 part 30 variant f rev 0
[    0.048224] clocksource: jiffies: mask: 0xffffffff max_cycles: 0xffffffff, max_idle_ns: 9556302231375000 ns
[    0.049611] pinctrl core: initialized pinctrl subsystem
[    0.051399] NET: Registered protocol family 16
[    0.053347] DMA: preallocated 256 KiB pool for atomic coherent allocations
[    0.055952] cpuidle: using governor menu
[    0.086564] No ATAGs?
[    0.086592] hw-breakpoint: found 5 (+1 reserved) breakpoint and 4 watchpoint registers.
[    0.086602] hw-breakpoint: maximum watchpoint size is 8 bytes.
[    0.093633] Serial: AMBA PL011 UART driver
[    0.111689] +5V_SYS: supplied by +VDD_MUX
[    0.111997] +3.3V_SYS: supplied by +VDD_MUX
[    0.112646] +USB0_VBUS_SW: Failed to request enable GPIO108: -517
[    0.112662] reg-fixed-voltage regulators:regulator@7: Failed to register regulator: -517
[    0.112751] +5V_USB_HS: Failed to request enable GPIO109: -517
[    0.112764] reg-fixed-voltage regulators:regulator@8: Failed to register regulator: -517
[    0.112929] +1.05V_RUN_AVDD_HDMI_PLL: Failed to request enable GPIO63: -517
[    0.112942] reg-fixed-voltage regulators:regulator@11: Failed to register regulator: -517
[    0.113026] +5V_HDMI_CON: Failed to request enable GPIO86: -517
[    0.113038] reg-fixed-voltage regulators:regulator@12: Failed to register regulator: -517
[    0.113124] +5V_SATA: Failed to request enable GPIO242: -517
[    0.113136] reg-fixed-voltage regulators:regulator@13: Failed to register regulator: -517
[    0.113220] +12V_SATA: Failed to request enable GPIO242: -517
[    0.113232] reg-fixed-voltage regulators:regulator@14: Failed to register regulator: -517
[    0.116525] vgaarb: loaded
[    0.117389] SCSI subsystem initialized
[    0.117549] libata version 3.00 loaded.
[    0.117818] usbcore: registered new interface driver usbfs
[    0.117885] usbcore: registered new interface driver hub
[    0.117951] usbcore: registered new device driver usb
[    0.121591] pps_core: LinuxPPS API ver. 1 registered
[    0.121600] pps_core: Software ver. 5.3.6 - Copyright 2005-2007 Rodolfo Giometti <giometti@linux.it>
[    0.121623] PTP clock support registered
[    0.121819] EDAC MC: Ver: 3.0.0
[    0.124999] clocksource: Switched to clocksource arch_sys_counter
[    0.136384] NET: Registered protocol family 2
[    0.136902] TCP established hash table entries: 8192 (order: 3, 32768 bytes)
[    0.137001] TCP bind hash table entries: 8192 (order: 4, 65536 bytes)
[    0.137188] TCP: Hash tables configured (established 8192 bind 8192)
[    0.137246] UDP hash table entries: 512 (order: 2, 16384 bytes)
[    0.137287] UDP-Lite hash table entries: 512 (order: 2, 16384 bytes)
[    0.137441] NET: Registered protocol family 1
[    0.137754] RPC: Registered named UNIX socket transport module.
[    0.137764] RPC: Registered udp transport module.
[    0.137772] RPC: Registered tcp transport module.
[    0.137779] RPC: Registered tcp NFSv4.1 backchannel transport module.
[    0.137790] PCI: CLS 0 bytes, default 64
[    0.139079] hw perfevents: enabled with armv7_cortex_a15 PMU driver, 7 counters available
[    0.140563] futex hash table entries: 1024 (order: 4, 65536 bytes)
[    0.141300] workingset: timestamp_bits=30 max_order=19 bucket_order=0
[    0.152537] squashfs: version 4.0 (2009/01/31) Phillip Lougher
[    0.153401] NFS: Registering the id_resolver key type
[    0.153429] Key type id_resolver registered
[    0.153437] Key type id_legacy registered
[    0.153480] ntfs: driver 2.1.32 [Flags: R/O].
[    0.155082] bounce: pool size: 64 pages
[    0.155282] Block layer SCSI generic (bsg) driver version 0.4 loaded (major 248)
[    0.155292] io scheduler noop registered
[    0.155300] io scheduler deadline registered
[    0.155492] io scheduler cfq registered (default)
[    0.160814] usb2-0 supply vbus not found, using dummy regulator
[    0.160935] usb2-1 supply vbus not found, using dummy regulator
[    0.161448] tegra-xusb-padctl 7009f000.padctl: failed to setup XUSB ports: -517
[    0.162155] libphy: mdio_driver_register: phy-bcm-ns2-pci
[    0.178416] tegra-pcie 1003000.pcie-controller: 2x1, 1x1 configuration
[    0.178469] tegra-pcie 1003000.pcie-controller: Failed to get supply 'avddio-pex': -517
[    0.184508] tegra124-dfll 70110000.clock: couldn't get vdd_cpu regulator
[    0.195633] tegra-apbdma 60020000.dma: Tegra20 APB DMA driver register 32 channels
[    0.197590] tegra-pmc 7000e400.pmc: emergency thermal reset enabled
[    0.262482] Serial: 8250/16550 driver, 4 ports, IRQ sharing disabled
[    0.265564] console [ttyS0] disabled
[    0.265601] 70006300.serial: ttyS0 at MMIO 0x70006300 (irq = 335, base_baud = 25500000) is a Tegra
[    0.315028] ------------[ cut here ]------------
[    0.315048] WARNING: CPU: 2 PID: 0 at kernel/rcu/tree.c:379 rcu_note_context_switch+0x24/0x2c
[    0.315055] Modules linked in:
[    0.315064] CPU: 2 PID: 0 Comm: swapper/2 Not tainted 4.9.0-rc4-next-20161109-132978-g6b9ac96 #1
[    0.315068] Hardware name: NVIDIA Tegra SoC (Flattened Device Tree)
[    0.315093] [<c030fab8>] (unwind_backtrace) from [<c030b104>] (show_stack+0x10/0x14)
[    0.315111] [<c030b104>] (show_stack) from [<c0591610>] (dump_stack+0x84/0xa4)
[    0.315128] [<c0591610>] (dump_stack) from [<c0342be0>] (__warn+0xd4/0x100)
[    0.315141] [<c0342be0>] (__warn) from [<c0342c2c>] (warn_slowpath_null+0x20/0x28)
[    0.315155] [<c0342c2c>] (warn_slowpath_null) from [<c0393afc>] (rcu_note_context_switch+0x24/0x2c)
[    0.315172] [<c0393afc>] (rcu_note_context_switch) from [<c0bbc6f4>] (__schedule+0x64/0x500)
[    0.315186] [<c0bbc6f4>] (__schedule) from [<c0bbccb4>] (schedule+0x38/0x9c)
[    0.315199] [<c0bbccb4>] (schedule) from [<c0bbcf28>] (schedule_preempt_disabled+0xc/0x10)
[    0.315214] [<c0bbcf28>] (schedule_preempt_disabled) from [<c037ad94>] (cpu_startup_entry+0x180/0x1f4)
[    0.315226] [<c037ad94>] (cpu_startup_entry) from [<80301c2c>] (0x80301c2c)
[    0.315234] ---[ end trace 064be80ebb098362 ]---
[    1.264235] console [ttyS0] enabled
[    1.268647] SuperH (H)SCI(F) driver initialized
[    1.274265] msm_serial: driver initialized
[    1.278574] STMicroelectronics ASC driver initialized
[    1.284542] 70006000.serial: ttyTHS1 at MMIO 0x70006000 (irq = 333, base_baud = 0) is a TEGRA_UART
[    1.293856] 70006040.serial: ttyTHS2 at MMIO 0x70006040 (irq = 334, base_baud = 0) is a TEGRA_UART
[    1.306269] [drm] Initialized
[    1.312448] tegra-hdmi 54280000.hdmi: failed to get HDMI regulator
[    1.332621] brd: module loaded
[    1.341897] loop: module loaded
[    1.346313] at24 0-0056: 256 byte 24c02 EEPROM, writable, 8 bytes/write
[    1.354664] as3722 4-0040: AS3722 with revision 0x1 found
[    1.367156] as3722-sd2: supplied by +5V_SYS
[    1.371831] as3722-sd3: supplied by +5V_SYS
[    1.376249] +1.35V_LP0(sd3): Bringing 0uV into 1350000-1350000uV
[    1.382631] as3722-sd4: supplied by +5V_SYS
[    1.387284] as3722-sd5: supplied by +5V_SYS
[    1.393385] as3722-ldo0: supplied by +1.35V_LP0(sd2)
[    1.399480] +1.8V_RUN_CAM: Bringing 0uV into 1800000-1800000uV
[    1.405731] as3722-ldo2: supplied by +1.8V_VDDIO
[    1.411687] as3722-ldo3: supplied by +3.3V_SYS
[    1.416184] +1.05V_LP0_VDD_RTC: Bringing 1100000uV into 1000000-1000000uV
[    1.423994] as3722-ldo4: supplied by +3.3V_SYS
[    1.428671] +2.8V_RUN_CAM: Bringing 0uV into 2800000-2800000uV
[    1.434941] as3722-ldo5: supplied by +1.8V_VDDIO
[    1.439789] +1.2V_RUN_CAM_FRONT: Bringing 0uV into 1200000-1200000uV
[    1.446754] +VDDIO_SDMMC3: bypassed regulator has no supply!
[    1.452427] +VDDIO_SDMMC3: failed to get the current voltage(-517)
[    1.458625] as3722-regulator as3722-regulator: regulator 13 register failed -517
[    1.472427] tegra-ahci 70027000.sata: couldn't get PHY in node sata: -517
[    1.492020] random: fast init done
[    1.495551] m25p80 spi32765.0: w25q32dw (4096 Kbytes)
[    1.503927] libphy: Fixed MDIO Bus: probed
[    1.509248] CAN device driver interface
[    1.515432] e1000e: Intel(R) PRO/1000 Network Driver - 3.2.6-k
[    1.521268] e1000e: Copyright(c) 1999 - 2015 Intel Corporation.
[    1.527264] igb: Intel(R) Gigabit Ethernet Network Driver - version 5.4.0-k
[    1.534225] igb: Copyright (c) 2007-2014 Intel Corporation.
[    1.543565] pegasus: v0.9.3 (2013/04/25), Pegasus/Pegasus II USB Ethernet driver
[    1.551019] usbcore: registered new interface driver pegasus
[    1.556749] usbcore: registered new interface driver asix
[    1.562199] usbcore: registered new interface driver ax88179_178a
[    1.568344] usbcore: registered new interface driver cdc_ether
[    1.574245] usbcore: registered new interface driver smsc75xx
[    1.580061] usbcore: registered new interface driver smsc95xx
[    1.585862] usbcore: registered new interface driver net1080
[    1.591574] usbcore: registered new interface driver cdc_subset
[    1.597543] usbcore: registered new interface driver zaurus
[    1.603195] usbcore: registered new interface driver cdc_ncm
[    1.609081] tegra-phy 7d004000.usb-phy: no vbus regulator
[    1.616644] ehci_hcd: USB 2.0 'Enhanced' Host Controller (EHCI) Driver
[    1.623178] ehci-pci: EHCI PCI platform driver
[    1.627676] ehci-platform: EHCI generic platform driver
[    1.633131] ehci-orion: EHCI orion driver
[    1.637300] SPEAr-ehci: EHCI SPEAr driver
[    1.641479] ehci-st: EHCI STMicroelectronics driver
[    1.646521] ehci-exynos: EHCI EXYNOS driver
[    1.650885] ehci-atmel: EHCI Atmel driver
[    1.655061] tegra-ehci: Tegra EHCI driver
[    1.661902] tegra-ehci 7d004000.usb: EHCI Host Controller
[    1.667330] tegra-ehci 7d004000.usb: new USB bus registered, assigned bus number 1
[    1.675090] tegra-ehci 7d004000.usb: irq 354, io mem 0x7d004000
[    1.695022] tegra-ehci 7d004000.usb: USB 2.0 started, EHCI 1.10
[    1.701785] hub 1-0:1.0: USB hub found
[    1.705591] hub 1-0:1.0: 1 port detected
[    1.710163] ohci_hcd: USB 1.1 'Open' Host Controller (OHCI) Driver
[    1.716372] ohci-pci: OHCI PCI platform driver
[    1.720875] ohci-platform: OHCI generic platform driver
[    1.726300] ohci-omap3: OHCI OMAP3 driver
[    1.730478] SPEAr-ohci: OHCI SPEAr driver
[    1.734633] ohci-st: OHCI STMicroelectronics driver
[    1.739677] ohci-atmel: OHCI Atmel driver
[    1.744504] usbcore: registered new interface driver usb-storage
[    1.752235] mousedev: PS/2 mouse device common for all mice
[    1.761157] as3722-rtc as3722-rtc: rtc core: registered as3722-rtc as rtc0
[    1.768046] as3722-rtc as3722-rtc: RTC interrupt 377
[    1.776480] tegra_rtc 7000e000.rtc: rtc core: registered 7000e000.rtc as rtc1
[    1.783666] tegra_rtc 7000e000.rtc: Tegra internal Real Time Clock
[    1.790461] i2c /dev entries driver
[    1.801136] 0-004c supply vcc not found, using dummy regulator
[    1.817300] sdhci: Secure Digital Host Controller Interface driver
[    1.823493] sdhci: Copyright(c) Pierre Ossman
[    1.829559] Synopsys Designware Multimedia Card Interface Driver
[    1.836793] sdhci-pltfm: SDHCI platform and OF driver helper
[    1.843253] sdhci-tegra 700b0400.sdhci: Got CD GPIO
[    1.848162] sdhci-tegra 700b0400.sdhci: Got WP GPIO
[    1.853312] mmc0: Unknown controller version (3). You may experience problems.
[    1.860618] mmc0: Invalid maximum block size, assuming 512 bytes
[    1.910025] mmc0: SDHCI controller on 700b0600.sdhci [700b0600.sdhci] using ADMA
[    1.919508] ledtrig-cpu: registered to indicate activity on CPUs
[    1.925873] usbcore: registered new interface driver usbhid
[    1.931455] usbhid: USB HID core driver
[    1.938964] NET: Registered protocol family 10
[    1.944394] sit: IPv6, IPv4 and MPLS over IPv4 tunneling driver
[    1.951009] NET: Registered protocol family 17
[    1.955477] can: controller area network core (rev 20120528 abi 9)
[    1.961729] NET: Registered protocol family 29
[    1.966185] can: raw protocol (rev 20120528)
[    1.970468] can: broadcast manager protocol (rev 20160617 t)
[    1.976141] can: netlink gateway (rev 20130117) max_hops=1
[    1.982011] Key type dns_resolver registered
[    1.986951] ThumbEE CPU extension supported.
[    1.991242] Registering SWP/SWPB emulation handler
[    2.012502] +3.3V_RUN: supplied by +3.3V_SYS
[    2.017897] +3.3V_AVDD_HDMI_AP_GATED: supplied by +3.3V_RUN
[    2.023995] +USB0_VBUS_SW: supplied by +5V_SYS
[    2.028958] +5V_USB_HS: supplied by +5V_SYS
[    2.034926] +3.3V_LP0: supplied by +3.3V_SYS
[    2.040798] +5V_HDMI_CON: supplied by +5V_SYS
[    2.046025] +5V_SATA: supplied by +5V_SYS
[    2.050918] +12V_SATA: supplied by +VDD_MUX
[    2.051151] mmc0: new high speed MMC card at address 0001
[    2.052493] mmcblk0: mmc0:0001 SEM16G 14.7 GiB 
[    2.053291] mmcblk0boot0: mmc0:0001 SEM16G partition 1 4.00 MiB
[    2.054143] mmcblk0boot1: mmc0:0001 SEM16G partition 2 4.00 MiB
[    2.055180] mmcblk0rpmb: mmc0:0001 SEM16G partition 3 4.00 MiB
[    2.062863]  mmcblk0: p1
[    2.087256] usb2-0 supply vbus not found, using dummy regulator
[    2.093396] usb2-1 supply vbus not found, using dummy regulator
[    2.099726] usb3-0 supply vbus not found, using dummy regulator
[    2.106911] tegra-pcie 1003000.pcie-controller: 2x1, 1x1 configuration
[    2.113553] tegra-pcie 1003000.pcie-controller: Failed to get supply 'avddio-pex': -517
[    2.124586] tegra124-dfll 70110000.clock: couldn't get vdd_cpu regulator
[    2.137903] tegra-hdmi 54280000.hdmi: failed to get PLL regulator
[    2.148343] as3722-sd2: supplied by +5V_SYS
[    2.152965] as3722-sd3: supplied by +5V_SYS
[    2.157450] as3722-sd4: supplied by +5V_SYS
[    2.162065] +1.05V_RUN_AVDD_HDMI_PLL: supplied by +1.05V_RUN
[    2.167865] as3722-sd5: supplied by +5V_SYS
[    2.174030] as3722-ldo0: supplied by +1.35V_LP0(sd2)
[    2.179554] as3722-ldo1: supplied by +3.3V_RUN
[    2.184426] as3722-ldo2: supplied by +1.8V_VDDIO
[    2.190072] as3722-ldo3: supplied by +3.3V_SYS
[    2.195476] as3722-ldo4: supplied by +3.3V_SYS
[    2.200237] as3722-ldo5: supplied by +1.8V_VDDIO
[    2.205249] as3722-ldo6: supplied by +3.3V_RUN
[    2.209963] as3722-ldo7: supplied by +1.8V_VDDIO
[    2.215398] +1.05V_RUN_CAM_REAR: Bringing 0uV into 1050000-1050000uV
[    2.222514] as3722-ldo9: supplied by +5V_SYS
[    2.228091] +3.3V_RUN_TOUCH: Bringing 0uV into 2800000-2800000uV
[    2.234868] as3722-ldo10: supplied by +5V_SYS
[    2.240043] +2.8V_RUN_CAM_AF: Bringing 0uV into 2800000-2800000uV
[    2.246889] as3722-ldo11: supplied by +3.3V_RUN
[    2.252229] +1.8V_RUN_VPP_FUSE: Bringing 0uV into 1800000-1800000uV
[    2.262027] tegra-ahci 70027000.sata: AHCI 0001.0301 32 slots 2 ports 3 Gbps 0x1 impl platform mode
[    2.271105] tegra-ahci 70027000.sata: flags: 64bit ncq sntf pm led pio slum part sadm sds apst 
[    2.281795] scsi host0: tegra-ahci
[    2.286464] scsi host1: tegra-ahci
[    2.290267] ata1: SATA max UDMA/133 mmio [mem 0x70027000-0x70028fff] port 0x100 irq 345
[    2.298278] ata2: DUMMY
[    2.304097] tegra-ehci 7d008000.usb: EHCI Host Controller
[    2.309553] tegra-ehci 7d008000.usb: new USB bus registered, assigned bus number 2
[    2.317325] tegra-ehci 7d008000.usb: irq 355, io mem 0x7d008000
[    2.335119] tegra-ehci 7d008000.usb: USB 2.0 started, EHCI 1.10
[    2.342309] hub 2-0:1.0: USB hub found
[    2.346160] hub 2-0:1.0: 1 port detected
[    2.352831] sdhci-tegra 700b0400.sdhci: Got CD GPIO
[    2.357780] sdhci-tegra 700b0400.sdhci: Got WP GPIO
[    2.362909] mmc1: Unknown controller version (3). You may experience problems.
[    2.370223] mmc1: Invalid maximum block size, assuming 512 bytes
[    2.420590] mmc1: SDHCI controller on 700b0400.sdhci [700b0400.sdhci] using ADMA
[    2.428751] tegra-pcie 1003000.pcie-controller: 2x1, 1x1 configuration
[    2.437382] tegra-pcie 1003000.pcie-controller: probing port 0, using 2 lanes
[    2.446787] tegra-pcie 1003000.pcie-controller: Slot present pin change, signature: 00000008
[    2.471234] tegra-pcie 1003000.pcie-controller: probing port 1, using 1 lanes
[    2.480478] tegra-pcie 1003000.pcie-controller: Slot present pin change, signature: 00000000
[    2.495206] tegra-pcie 1003000.pcie-controller: PCI host bridge to bus 0000:00
[    2.502445] pci_bus 0000:00: root bus resource [io  0x0000-0xffff]
[    2.508641] pci_bus 0000:00: root bus resource [mem 0x13000000-0x1fffffff]
[    2.515552] pci_bus 0000:00: root bus resource [mem 0x20000000-0x3fffffff pref]
[    2.522900] pci_bus 0000:00: root bus resource [bus 00-ff]
[    2.528463] pci 0000:00:01.0: [10de:0e12] type 01 class 0x060400
[    2.534616] pci 0000:00:01.0: PME# supported from D0 D1 D2 D3hot D3cold
[    2.541629] pci 0000:00:02.0: [10de:0e13] type 01 class 0x060400
[    2.547802] pci 0000:00:02.0: PME# supported from D0 D1 D2 D3hot D3cold
[    2.554787] PCI: bus0: Fast back to back transfers disabled
[    2.560412] pci 0000:00:01.0: bridge configuration invalid ([bus 00-00]), reconfiguring
[    2.568460] pci 0000:00:02.0: bridge configuration invalid ([bus 00-00]), reconfiguring
[    2.576768] pci 0000:01:00.0: [8086:4232] type 00 class 0x028000
[    2.582863] pci 0000:01:00.0: reg 0x10: [mem 0x00000000-0x00001fff 64bit]
[    2.589892] pci 0000:01:00.0: PME# supported from D0 D3hot D3cold
[    2.610154] PCI: bus1: Fast back to back transfers disabled
[    2.615790] pci_bus 0000:01: busn_res: [bus 01-ff] end is updated to 01
[    2.618642] ata1: SATA link down (SStatus 0 SControl 300)
[    2.628126] pci 0000:02:00.0: [10ec:8168] type 00 class 0x020000
[    2.634173] pci 0000:02:00.0: reg 0x10: [io  0x0000-0x00ff]
[    2.639786] pci 0000:02:00.0: reg 0x18: [mem 0x00000000-0x00000fff 64bit]
[    2.646600] pci 0000:02:00.0: reg 0x20: [mem 0x00000000-0x00003fff 64bit pref]
[    2.653974] pci 0000:02:00.0: supports D1 D2
[    2.658256] pci 0000:02:00.0: PME# supported from D0 D1 D2 D3hot D3cold
[    2.680146] PCI: bus2: Fast back to back transfers disabled
[    2.685753] pci_bus 0000:02: busn_res: [bus 02-ff] end is updated to 02
[    2.692556] pci 0000:00:01.0: BAR 8: assigned [mem 0x13000000-0x130fffff]
[    2.699388] pci 0000:00:02.0: BAR 8: assigned [mem 0x13100000-0x131fffff]
[    2.706192] pci 0000:00:02.0: BAR 9: assigned [mem 0x20000000-0x200fffff 64bit pref]
[    2.713982] pci 0000:00:02.0: BAR 7: assigned [io  0x1000-0x1fff]
[    2.720128] pci 0000:01:00.0: BAR 0: assigned [mem 0x13000000-0x13001fff 64bit]
[    2.727472] pci 0000:00:01.0: PCI bridge to [bus 01]
[    2.732451] pci 0000:00:01.0:   bridge window [mem 0x13000000-0x130fffff]
[    2.739257] pci 0000:02:00.0: BAR 4: assigned [mem 0x20000000-0x20003fff 64bit pref]
[    2.747025] pci 0000:02:00.0: BAR 2: assigned [mem 0x13100000-0x13100fff 64bit]
[    2.754358] pci 0000:02:00.0: BAR 0: assigned [io  0x1000-0x10ff]
[    2.760468] pci 0000:00:02.0: PCI bridge to [bus 02]
[    2.765443] pci 0000:00:02.0:   bridge window [io  0x1000-0x1fff]
[    2.771548] pci 0000:00:02.0:   bridge window [mem 0x13100000-0x131fffff]
[    2.778343] pci 0000:00:02.0:   bridge window [mem 0x20000000-0x200fffff 64bit pref]
[    2.786123] pci 0000:00:01.0: nv_msi_ht_cap_quirk didn't locate host bridge
[    2.793207] pcieport 0000:00:01.0: enabling device (0140 -> 0142)
[    2.799649] pcieport 0000:00:01.0: Signaling PME through PCIe PME interrupt
[    2.806623] pci 0000:01:00.0: Signaling PME through PCIe PME interrupt
[    2.813162] pcie_pme 0000:00:01.0:pcie001: service driver pcie_pme loaded
[    2.820068] pci 0000:00:02.0: nv_msi_ht_cap_quirk didn't locate host bridge
[    2.827110] pcieport 0000:00:02.0: enabling device (0140 -> 0143)
[    2.833454] pcieport 0000:00:02.0: Signaling PME through PCIe PME interrupt
[    2.840428] pci 0000:02:00.0: Signaling PME through PCIe PME interrupt
[    2.847001] pcie_pme 0000:00:02.0:pcie001: service driver pcie_pme loaded
[    2.854128] r8169 Gigabit Ethernet driver 2.3LK-NAPI loaded
[    2.859734] r8169 0000:02:00.0: enabling device (0140 -> 0143)
[    2.882527] r8169 0000:02:00.0 eth0: RTL8168g/8111g at 0xf0b4b000, 00:04:4b:3a:d9:81, XID 0c000800 IRQ 395
[    2.892217] r8169 0000:02:00.0 eth0: jumbo features [frames: 9200 bytes, tx checksumming: ko]
[    2.905082] mmc1: new high speed SDHC card at address aaaa
[    2.912114] mmcblk1: mmc1:aaaa SD04G 3.69 GiB 
[    2.918366] [drm] Supports vblank timestamp caching Rev 2 (21.10.2013).
[    2.925029] [drm] No driver support for vblank timestamp query.
[    2.941823]  mmcblk1: p1 p2 p3
[    3.055595] tegra-hdmi 54280000.hdmi: cannot set audio to 48000 Hz at 297000000 Hz pixel clock
[    3.223308] Console: switching to colour frame buffer device 512x135
[    3.318633] drm drm: fb0:  frame buffer device
[    3.323539] [drm] Initialized tegra 0.0.0 20120330 on minor 0
[    3.330906] of: dev_pm_opp_of_cpumask_add_table: couldn't find opp table for cpu:0, -19
[    3.338946] cpufreq: cpufreq_online: CPU0: Running at unlisted freq: 696000 KHz
[    3.346270] cpufreq: cpufreq_online: CPU0: Unlisted initial frequency changed to: 714000 KHz
[    3.355462] input: gpio-keys as /devices/soc0/gpio-keys/input/input0
[    3.362765] as3722-rtc as3722-rtc: setting system clock to 2000-01-01 00:00:15 UTC (946684815)
[    3.371842] +USB0_VBUS_SW: disabling
[    3.375455] +1.8V_RUN_CAM: disabling
[    3.379225] +2.8V_RUN_CAM: disabling
[    3.383050] +1.2V_RUN_CAM_FRONT: disabling
[    3.387366] +1.05V_RUN_CAM_REAR: disabling
[    3.391682] +3.3V_RUN_TOUCH: disabling
[    3.395606] +2.8V_RUN_CAM_AF: disabling
[    3.399594] +1.8V_RUN_VPP_FUSE: disabling
[    3.404779] EXT4-fs (mmcblk0p1): mounting ext3 file system using the ext4 subsystem
[    3.445178] EXT4-fs (mmcblk0p1): recovery complete
[    3.450815] EXT4-fs (mmcblk0p1): mounted filesystem with ordered data mode. Opts: (null)
[    3.458942] VFS: Mounted root (ext3 filesystem) on device 179:1.
[    3.468835] devtmpfs: mounted
[    3.472443] Freeing unused kernel memory: 2048K
bash: cannot set terminal process group (-1): Inappropriate ioctl for device
bash: no job control in this shell
root@(none):/# 