[    0.000000] Booting Linux on physical CPU 0x0
[    0.000000] Linux version 4.12.0-rc5-next-20170613-297092-gbc4c75f (jonathanh@tamien) (gcc version 4.9.2 20140904 (prerelease) (crosstool-NG linaro-1.13.1-4.9-2014.09 - Linaro GCC 4.9-2014.09) ) #1 SMP PREEMPT Tue Jun 13 02:20:10 PDT 2017
[    0.000000] Boot CPU: AArch64 Processor [411fd070]
[    0.000000] Machine model: linux,dummy-virt
[    0.000000] Memory limited to 1024MB
[    0.000000] efi: Getting EFI parameters from FDT:
[    0.000000] efi: UEFI not found.
[    0.000000] cma: Reserved 16 MiB at 0x000000007f000000
[    0.000000] NUMA: No NUMA configuration found
[    0.000000] NUMA: Faking a node at [mem 0x0000000000000000-0x000000007fffffff]
[    0.000000] NUMA: Adding memblock [0x40000000 - 0x7fffffff] on node 0
[    0.000000] NUMA: Initmem setup node 0 [mem 0x40000000-0x7fffffff]
[    0.000000] NUMA: NODE_DATA [mem 0x7efeae80-0x7efec97f]
[    0.000000] Zone ranges:
[    0.000000]   DMA      [mem 0x0000000040000000-0x000000007fffffff]
[    0.000000]   Normal   empty
[    0.000000] Movable zone start for each node
[    0.000000] Early memory node ranges
[    0.000000]   node   0: [mem 0x0000000040000000-0x000000007fffffff]
[    0.000000] Initmem setup node 0 [mem 0x0000000040000000-0x000000007fffffff]
[    0.000000] psci: probing for conduit method from DT.
[    0.000000] psci: PSCIv0.2 detected in firmware.
[    0.000000] psci: Using standard PSCI v0.2 function IDs
[    0.000000] psci: Trusted OS migration not required
[    0.000000] percpu: Embedded 24 pages/cpu @ffff80003efcf000 s59776 r8192 d30336 u98304
[    0.000000] Detected PIPT I-cache on CPU0
[    0.000000] CPU features: enabling workaround for ARM erratum 832075
[    0.000000] CPU features: enabling workaround for ARM erratum 834220
[    0.000000] Built 1 zonelists in Node order, mobility grouping on.  Total pages: 258048
[    0.000000] Policy zone: DMA
[    0.000000] Kernel command line: root=/dev/vda2 rw rootwait mem=1024M console=ttyAMA0,38400n8 init=/bin/bash
[    0.000000] PID hash table entries: 4096 (order: 3, 32768 bytes)
[    0.000000] Memory: 999676K/1048576K available (8892K kernel code, 1088K rwdata, 4320K rodata, 1088K init, 398K bss, 32516K reserved, 16384K cma-reserved)
[    0.000000] Virtual kernel memory layout:
[    0.000000]     modules : 0xffff000000000000 - 0xffff000008000000   (   128 MB)
[    0.000000]     vmalloc : 0xffff000008000000 - 0xffff7dffbfff0000   (129022 GB)
[    0.000000]       .text : 0xffff000008080000 - 0xffff000008930000   (  8896 KB)
[    0.000000]     .rodata : 0xffff000008930000 - 0xffff000008d70000   (  4352 KB)
[    0.000000]       .init : 0xffff000008d70000 - 0xffff000008e80000   (  1088 KB)
[    0.000000]       .data : 0xffff000008e80000 - 0xffff000008f90200   (  1089 KB)
[    0.000000]        .bss : 0xffff000008f90200 - 0xffff000008ff3bc0   (   399 KB)
[    0.000000]     fixed   : 0xffff7dfffe7fd000 - 0xffff7dfffec00000   (  4108 KB)
[    0.000000]     PCI I/O : 0xffff7dfffee00000 - 0xffff7dffffe00000   (    16 MB)
[    0.000000]     vmemmap : 0xffff7e0000000000 - 0xffff800000000000   (  2048 GB maximum)
[    0.000000]               0xffff7e0000000000 - 0xffff7e0001000000   (    16 MB actual)
[    0.000000]     memory  : 0xffff800000000000 - 0xffff800040000000   (  1024 MB)
[    0.000000] SLUB: HWalign=64, Order=0-3, MinObjects=0, CPUs=1, Nodes=1
[    0.000000] Preemptible hierarchical RCU implementation.
[    0.000000] 	RCU restricting CPUs from NR_CPUS=64 to nr_cpu_ids=1.
[    0.000000] 	Tasks RCU enabled.
[    0.000000] RCU: Adjusting geometry for rcu_fanout_leaf=16, nr_cpu_ids=1
[    0.000000] NR_IRQS: 64, nr_irqs: 64, preallocated irqs: 0
[    0.000000] GICv2m: range[mem 0x08020000-0x08020fff], SPI[80:143]
[    0.000000] arch_timer: WARNING: Invalid trigger for IRQ3, assuming level low
[    0.000000] arch_timer: WARNING: Please fix your firmware
[    0.000000] arch_timer: cp15 timer(s) running at 62.50MHz (virt).
[    0.000000] clocksource: arch_sys_counter: mask: 0xffffffffffffff max_cycles: 0x1cd42e208c, max_idle_ns: 881590405314 ns
[    0.000182] sched_clock: 56 bits at 62MHz, resolution 16ns, wraps every 4398046511096ns
[    0.007127] Console: colour dummy device 80x25
[    0.008466] Calibrating delay loop (skipped), value calculated using timer frequency.. 125.00 BogoMIPS (lpj=250000)
[    0.008637] pid_max: default: 32768 minimum: 301
[    0.010031] Security Framework initialized
[    0.012911] Dentry cache hash table entries: 131072 (order: 8, 1048576 bytes)
[    0.014128] Inode-cache hash table entries: 65536 (order: 7, 524288 bytes)
[    0.014362] Mount-cache hash table entries: 2048 (order: 2, 16384 bytes)
[    0.014454] Mountpoint-cache hash table entries: 2048 (order: 2, 16384 bytes)
[    0.057218] ASID allocator initialised with 65536 entries
[    0.071269] Hierarchical SRCU implementation.
[    0.087837] random: crng_initialize+0x4c/0x118 get_random_bytes called with crng_init=0
[    0.099567] EFI services will not be available.
[    0.116815] smp: Bringing up secondary CPUs ...
[    0.117014] smp: Brought up 1 node, 1 CPU
[    0.117087] SMP: Total of 1 processors activated.
[    0.117289] CPU features: detected feature: 32-bit EL0 Support
[    0.119477] CPU: All CPU(s) started at EL1
[    0.120769] alternatives: patching kernel code
[    0.142033] devtmpfs: initialized
[    0.163510] clocksource: jiffies: mask: 0xffffffff max_cycles: 0xffffffff, max_idle_ns: 7645041785100000 ns
[    0.163725] futex hash table entries: 256 (order: 3, 32768 bytes)
[    0.167523] pinctrl core: initialized pinctrl subsystem
[    0.200271] DMI not present or invalid.
[    0.205168] random: bucket_table_alloc+0x114/0x29c get_random_u32 called with crng_init=0
[    0.207841] NET: Registered protocol family 16
[    0.231321] cpuidle: using governor menu
[    0.232766] vdso: 2 pages (1 code @ ffff000008937000, 1 data @ ffff000008e85000)
[    0.233016] hw-breakpoint: found 6 breakpoint and 4 watchpoint registers.
[    0.241681] DMA: preallocated 256 KiB pool for atomic allocations
[    0.246390] Serial: AMBA PL011 UART driver
[    0.316889] 9000000.pl011: ttyAMA0 at MMIO 0x9000000 (irq = 39, base_baud = 0) is a PL011 rev1
[    0.344686] console [ttyAMA0] enabled
[    0.351273] irq: type mismatch, failed to map hwirq-27 for /intc!
[    0.532077] HugeTLB registered 2 MB page size, pre-allocated 0 pages
[    0.553412] ACPI: Interpreter disabled.
[    0.568499] vgaarb: loaded
[    0.572297] SCSI subsystem initialized
[    0.583731] usbcore: registered new interface driver usbfs
[    0.586194] usbcore: registered new interface driver hub
[    0.587334] usbcore: registered new device driver usb
[    0.597838] pps_core: LinuxPPS API ver. 1 registered
[    0.598299] pps_core: Software ver. 5.3.6 - Copyright 2005-2007 Rodolfo Giometti <giometti@linux.it>
[    0.600121] PTP clock support registered
[    0.603098] dmi: Firmware registration failed.
[    0.605558] Advanced Linux Sound Architecture Driver Initialized.
[    0.623644] clocksource: Switched to clocksource arch_sys_counter
[    0.628625] VFS: Disk quotas dquot_6.6.0
[    0.629571] VFS: Dquot-cache hash table entries: 512 (order 0, 4096 bytes)
[    0.634474] pnp: PnP ACPI: disabled
[    0.716821] NET: Registered protocol family 2
[    0.717840] random: neigh_hash_alloc+0x6c/0xd0 get_random_u32 called with crng_init=0
[    0.724387] random: rt_genid_init+0x1c/0x34 get_random_u32 called with crng_init=0
[    0.726102] TCP established hash table entries: 8192 (order: 4, 65536 bytes)
[    0.727147] TCP bind hash table entries: 8192 (order: 5, 131072 bytes)
[    0.728348] TCP: Hash tables configured (established 8192 bind 8192)
[    0.730264] UDP hash table entries: 512 (order: 2, 16384 bytes)
[    0.731104] UDP-Lite hash table entries: 512 (order: 2, 16384 bytes)
[    0.733437] NET: Registered protocol family 1
[    0.745305] RPC: Registered named UNIX socket transport module.
[    0.745873] RPC: Registered udp transport module.
[    0.746286] RPC: Registered tcp transport module.
[    0.746690] RPC: Registered tcp NFSv4.1 backchannel transport module.
[    0.757324] kvm [1]: HYP mode not available
[    0.777978] audit: initializing netlink subsys (disabled)
[    0.782074] audit: type=2000 audit(0.723:1): state=initialized audit_enabled=0 res=1
[    0.783359] workingset: timestamp_bits=44 max_order=18 bucket_order=0
[    0.867350] squashfs: version 4.0 (2009/01/31) Phillip Lougher
[    0.878546] NFS: Registering the id_resolver key type
[    0.880747] random: key_alloc+0x208/0x484 get_random_bytes called with crng_init=0
[    0.882221] Key type id_resolver registered
[    0.882730] Key type id_legacy registered
[    0.883356] nfs4filelayout_init: NFSv4 File Layout Driver Registering...
[    0.885932] 9p: Installing v9fs 9p2000 file system support
[    0.909159] Block layer SCSI generic (bsg) driver version 0.4 loaded (major 247)
[    0.909870] io scheduler noop registered
[    0.911116] io scheduler cfq registered (default)
[    0.913468] io scheduler mq-deadline registered
[    0.913847] io scheduler kyber registered
[    0.961754] pl061_gpio 9030000.pl061: PL061 GPIO chip @0x0000000009030000 registered
[    0.974719] OF: PCI: host bridge /pcie@10000000 ranges:
[    0.976304] OF: PCI:    IO 0x3eff0000..0x3effffff -> 0x00000000
[    0.977077] OF: PCI:   MEM 0x10000000..0x3efeffff -> 0x10000000
[    0.977575] OF: PCI:   MEM 0x8000000000..0xffffffffff -> 0x8000000000
[    0.978638] pci-host-generic 3f000000.pcie: ECAM at [mem 0x3f000000-0x3fffffff] for [bus 00-0f]
[    0.981392] pci-host-generic 3f000000.pcie: PCI host bridge to bus 0000:00
[    0.982117] pci_bus 0000:00: root bus resource [bus 00-0f]
[    0.982649] pci_bus 0000:00: root bus resource [io  0x0000-0xffff]
[    0.983186] pci_bus 0000:00: root bus resource [mem 0x10000000-0x3efeffff]
[    0.984452] pci_bus 0000:00: root bus resource [mem 0x8000000000-0xffffffffff]
[    1.060849] xenfs: not registering filesystem on non-xen platform
[    1.106655] Serial: 8250/16550 driver, 4 ports, IRQ sharing enabled
[    1.124731] SuperH (H)SCI(F) driver initialized
[    1.128549] msm_serial: driver initialized
[    1.136959] cacheinfo: Unable to detect cache hierarchy for CPU 0
[    1.234272] loop: module loaded
[    1.305268]  vda: vda1 vda2
[    1.327989] hisi_sas: driver version v1.6
[    1.362214] libphy: Fixed MDIO Bus: probed
[    1.371311] tun: Universal TUN/TAP device driver, 1.6
[    1.390380] e1000e: Intel(R) PRO/1000 Network Driver - 3.2.6-k
[    1.390682] e1000e: Copyright(c) 1999 - 2015 Intel Corporation.
[    1.392052] igb: Intel(R) Gigabit Ethernet Network Driver - version 5.4.0-k
[    1.392418] igb: Copyright (c) 2007-2014 Intel Corporation.
[    1.393198] igbvf: Intel(R) Gigabit Virtual Function Network Driver - version 2.4.0-k
[    1.393592] igbvf: Copyright (c) 2009 - 2012 Intel Corporation.
[    1.397813] sky2: driver version 1.30
[    1.403165] VFIO - User Level meta-driver version: 0.3
[    1.425895] ehci_hcd: USB 2.0 'Enhanced' Host Controller (EHCI) Driver
[    1.426458] ehci-pci: EHCI PCI platform driver
[    1.428356] ehci-platform: EHCI generic platform driver
[    1.429765] ehci-orion: EHCI orion driver
[    1.430784] ehci-exynos: EHCI EXYNOS driver
[    1.432552] ehci-msm: Qualcomm On-Chip EHCI Host Controller
[    1.433842] ohci_hcd: USB 1.1 'Open' Host Controller (OHCI) Driver
[    1.434254] ohci-pci: OHCI PCI platform driver
[    1.435888] ohci-platform: OHCI generic platform driver
[    1.437322] ohci-exynos: OHCI EXYNOS driver
[    1.442732] usbcore: registered new interface driver usb-storage
[    1.466572] rtc-pl031 9010000.pl031: rtc core: registered pl031 as rtc0
[    1.473635] i2c /dev entries driver
[    1.506207] sdhci: Secure Digital Host Controller Interface driver
[    1.506544] sdhci: Copyright(c) Pierre Ossman
[    1.510480] Synopsys Designware Multimedia Card Interface Driver
[    1.519118] sdhci-pltfm: SDHCI platform and OF driver helper
[    1.531327] ledtrig-cpu: registered to indicate activity on CPUs
[    1.552704] usbcore: registered new interface driver usbhid
[    1.553069] usbhid: USB HID core driver
[    1.573900] NET: Registered protocol family 17
[    1.575370] 9pnet: Installing 9P2000 support
[    1.577337] Key type dns_resolver registered
[    1.578745] random: init_oops_id+0x38/0x44 get_random_bytes called with crng_init=0
[    1.582941] registered taskstats version 1
[    1.584995] random: key_alloc+0x208/0x484 get_random_bytes called with crng_init=0
[    1.586340] random: prandom_seed_full_state+0x40/0xe0 get_random_bytes called with crng_init=0
[    1.593874] input: gpio-keys as /devices/platform/gpio-keys/input/input0
[    1.598187] rtc-pl031 9010000.pl031: setting system clock to 2017-06-13 09:20:58 UTC (1497345658)
[    1.600296] ALSA device list:
[    1.600510]   No soundcards found.
[    1.604024] uart-pl011 9000000.pl011: no DMA platform data
[    1.610350] EXT4-fs (vda2): couldn't mount as ext3 due to feature incompatibilities
[    1.628897] random: ext4_fill_super+0x15d4/0x2b40 get_random_bytes called with crng_init=0
[    1.702792] EXT4-fs (vda2): recovery complete
[    1.704353] EXT4-fs (vda2): mounted filesystem with ordered data mode. Opts: (null)
[    1.704986] VFS: Mounted root (ext4 filesystem) on device 254:2.
[    1.712059] devtmpfs: mounted
[    1.759869] Freeing unused kernel memory: 1088K
[    1.808514] random: arch_mmap_rnd+0x18/0x64 get_random_u64 called with crng_init=0
[    1.809664] random: load_elf_binary+0x2c0/0x106c get_random_u64 called with crng_init=0
[    1.810383] random: arch_align_stack+0x3c/0x54 get_random_u32 called with crng_init=0
[    1.832070] random: load_elf_binary+0x8c8/0x106c get_random_bytes called with crng_init=0
[    1.833325] random: randomize_page+0x40/0x5c get_random_u64 called with crng_init=0
bash: cannot set terminal process group (-1): Inappropriate ioctl for device
bash: no job control in this shell
bash-4.3# 