
U-Boot SPL 2016.05-rc2 (Apr 21 2016 - 16:23:00)
Trying to boot from RAM


U-Boot 2016.05-rc2 (Apr 21 2016 - 16:23:00 -0700)

TEGRA124
Model: NVIDIA Jetson TK1
Board: NVIDIA Jetson TK1
DRAM:  2 GiB
MC:   Tegra SD/MMC: 0, Tegra SD/MMC: 1
In:    serial
Out:   serial
Err:   serial
Net:   No ethernet found.
Hit any key to stop autoboot:  2  0 
Tegra124 (Jetson TK1) # 
Tegra124 (Jetson TK1) # pci enum
Tegra124 (Jetson TK1) # setenv bootargs 'ignore_loglevel console=ttyS0,115200n8 rw root=PARTUUID=b1791faa-84e8-4e27-83a1-9fb0a77e8803 rootwait gpt debug noinitrd earlyprintk init=/bin/bash'
Tegra124 (Jetson TK1) # setenv ipaddr 192.168.100.102; setenv serverip 192.168.100.1; setenv tftpserverip 192.168.100.1
Tegra124 (Jetson TK1) # tftpboot 0x82000000 zImage.multi_v7_defconfig

Warning: eth_rtl8169 using MAC address from ROM
Using eth_rtl8169 device
TFTP from server 192.168.100.1; our IP address is 192.168.100.102
Filename 'zImage.multi_v7_defconfig'.
Load address: 0x82000000
Loading: *#################################################################
	 #################################################################
	 #################################################################
	 #################################################################
	 #################################################################
	 #################################################################
	 #################################################################
	 ##############################################
	 4 MiB/s
done
Bytes transferred = 7351416 (702c78 hex)
Tegra124 (Jetson TK1) # tftpboot 0x83000000 tegra124-jetson-tk1.dtb
Using eth_rtl8169 device
TFTP from server 192.168.100.1; our IP address is 192.168.100.102
Filename 'tegra124-jetson-tk1.dtb'.
Load address: 0x83000000
Loading: *#####
	 3.8 MiB/s
done
Bytes transferred = 67133 (1063d hex)
Tegra124 (Jetson TK1) # bootz 0x82000000 - 0x83000000
Kernel image @ 0x82000000 [ 0x000000 - 0x702c78 ]
## Flattened Device Tree blob at 83000000
   Booting using the fdt blob at 0x83000000
   Using Device Tree in place at 83000000, end 8301363c

Starting kernel ...

[    0.000000] Booting Linux on physical CPU 0x0
[    0.000000] Linux version 4.9.0-rc5-next-20161117-135252-ge3b16de (pwalmsley@sellafield) (gcc version 4.7.3 20130328 (prerelease) (crosstool-NG linaro-1.13.1-4.7-2013.04-20130415 - Linaro GCC 2013.04) ) #1 SMP Wed Nov 16 22:19:29 PST 2016
[    0.000000] CPU: ARMv7 Processor [413fc0f3] revision 3 (ARMv7), cr=10c5387d
[    0.000000] CPU: div instructions available: patching division code
[    0.000000] CPU: PIPT / VIPT nonaliasing data cache, PIPT instruction cache
[    0.000000] OF: fdt:Machine model: NVIDIA Tegra124 Jetson TK1
[    0.000000] debug: ignoring loglevel setting.
[    0.000000] efi: Getting EFI parameters from FDT:
[    0.000000] efi: UEFI not found.
[    0.000000] cma: Reserved 64 MiB at 0xfb800000
[    0.000000] Memory policy: Data cache writealloc
[    0.000000] On node 0 totalpages: 524032
[    0.000000] free_area_init_node: node 0, pgdat c1428d80, node_mem_map eeff8000
[    0.000000]   DMA zone: 1536 pages used for memmap
[    0.000000]   DMA zone: 0 pages reserved
[    0.000000]   DMA zone: 196608 pages, LIFO batch:31
[    0.000000]   HighMem zone: 327424 pages, LIFO batch:31
[    0.000000] percpu: Embedded 14 pages/cpu @eef8e000 s26688 r8192 d22464 u57344
[    0.000000] pcpu-alloc: s26688 r8192 d22464 u57344 alloc=14*4096
[    0.000000] pcpu-alloc: [0] 0 [0] 1 [0] 2 [0] 3 
[    0.000000] Built 1 zonelists in Zone order, mobility grouping on.  Total pages: 522496
[    0.000000] Kernel command line: ignore_loglevel console=ttyS0,115200n8 rw root=PARTUUID=b1791faa-84e8-4e27-83a1-9fb0a77e8803 rootwait gpt debug noinitrd earlyprintk init=/bin/bash
[    0.000000] PID hash table entries: 4096 (order: 2, 16384 bytes)
[    0.000000] Dentry cache hash table entries: 131072 (order: 7, 524288 bytes)
[    0.000000] Inode-cache hash table entries: 65536 (order: 6, 262144 bytes)
[    0.000000] Memory: 1994832K/2096128K available (9216K kernel code, 1194K rwdata, 4112K rodata, 2048K init, 473K bss, 35760K reserved, 65536K cma-reserved, 1244160K highmem)
[    0.000000] Virtual kernel memory layout:
[    0.000000]     vector  : 0xffff0000 - 0xffff1000   (   4 kB)
[    0.000000]     fixmap  : 0xffc00000 - 0xfff00000   (3072 kB)
[    0.000000]     vmalloc : 0xf0800000 - 0xff800000   ( 240 MB)
[    0.000000]     lowmem  : 0xc0000000 - 0xf0000000   ( 768 MB)
[    0.000000]     pkmap   : 0xbfe00000 - 0xc0000000   (   2 MB)
[    0.000000]     modules : 0xbf000000 - 0xbfe00000   (  14 MB)
[    0.000000]       .text : 0xc0208000 - 0xc0c00000   (10208 kB)
[    0.000000]       .init : 0xc1100000 - 0xc1300000   (2048 kB)
[    0.000000]       .data : 0xc1300000 - 0xc142a880   (1195 kB)
[    0.000000]        .bss : 0xc142c000 - 0xc14a24c8   ( 474 kB)
[    0.000000] SLUB: HWalign=64, Order=0-3, MinObjects=0, CPUs=4, Nodes=1
[    0.000000] Hierarchical RCU implementation.
[    0.000000] 	Build-time adjustment of leaf fanout to 32.
[    0.000000] 	RCU restricting CPUs from NR_CPUS=16 to nr_cpu_ids=4.
[    0.000000] RCU: Adjusting geometry for rcu_fanout_leaf=32, nr_cpu_ids=4
[    0.000000] NR_IRQS:16 nr_irqs:16 16
[    0.000000] /interrupt-controller@60004000: 160 interrupts forwarded to /interrupt-controller@50041000
[    0.000000] Tegra clk 127: register failed with -17
[    0.000009] sched_clock: 32 bits at 1000kHz, resolution 1000ns, wraps every 2147483647500ns
[    0.000032] clocksource: timer_us: mask: 0xffffffff max_cycles: 0xffffffff, max_idle_ns: 1911260446275 ns
[    0.000046] Switching to timer-based delay loop, resolution 1000ns
[    0.005056] arm_arch_timer: Architected cp15 timer(s) running at 12.00MHz (virt).
[    0.005075] clocksource: arch_sys_counter: mask: 0xffffffffffffff max_cycles: 0x2c47f4ee7, max_idle_ns: 440795202497 ns
[    0.005094] sched_clock: 56 bits at 12MHz, resolution 83ns, wraps every 4398046511096ns
[    0.005106] Switching to timer-based delay loop, resolution 83ns
[    0.005556] Console: colour dummy device 80x30
[    0.005588] Calibrating delay loop (skipped), value calculated using timer frequency.. 24.00 BogoMIPS (lpj=60000)
[    0.005603] pid_max: default: 32768 minimum: 301
[    0.005704] Mount-cache hash table entries: 2048 (order: 1, 8192 bytes)
[    0.005715] Mountpoint-cache hash table entries: 2048 (order: 1, 8192 bytes)
[    0.006300] CPU: Testing write buffer coherency: ok
[    0.006520] /cpus/cpu@0 missing clock-frequency property
[    0.006562] /cpus/cpu@1 missing clock-frequency property
[    0.006604] /cpus/cpu@2 missing clock-frequency property
[    0.006646] /cpus/cpu@3 missing clock-frequency property
[    0.006658] CPU0: thread -1, cpu 0, socket 0, mpidr 80000000
[    0.006898] Setting up static identity map for 0x80300000 - 0x80300098
[    0.010207] Tegra Revision: A01 SKU: 129 CPU Process: 1 SoC Process: 1
[    0.010857] EFI services will not be available.
[    0.011086] smp: Bringing up secondary CPUs ...
[    0.011609] CPU1: thread -1, cpu 1, socket 0, mpidr 80000001
[    0.015304] CPU2: thread -1, cpu 2, socket 0, mpidr 80000002
[    0.020299] CPU3: thread -1, cpu 3, socket 0, mpidr 80000003
[    0.024818] smp: Brought up 1 node, 4 CPUs
[    0.024837] SMP: Total of 4 processors activated (96.00 BogoMIPS).
[    0.024845] CPU: All CPU(s) started in SVC mode.
[    0.026308] devtmpfs: initialized
[    0.047426] VFP support v0.3: implementor 41 architecture 4 part 30 variant f rev 0
[    0.047869] clocksource: jiffies: mask: 0xffffffff max_cycles: 0xffffffff, max_idle_ns: 9556302231375000 ns
[    0.049235] pinctrl core: initialized pinctrl subsystem
[    0.051110] NET: Registered protocol family 16
[    0.053059] DMA: preallocated 256 KiB pool for atomic coherent allocations
[    0.055652] cpuidle: using governor menu
[    0.087112] No ATAGs?
[    0.087139] hw-breakpoint: found 5 (+1 reserved) breakpoint and 4 watchpoint registers.
[    0.087150] hw-breakpoint: maximum watchpoint size is 8 bytes.
[    0.094295] Serial: AMBA PL011 UART driver
[    0.112427] +5V_SYS: supplied by +VDD_MUX
[    0.112734] +3.3V_SYS: supplied by +VDD_MUX
[    0.113397] +USB0_VBUS_SW: Failed to request enable GPIO108: -517
[    0.113412] reg-fixed-voltage regulators:regulator@7: Failed to register regulator: -517
[    0.113501] +5V_USB_HS: Failed to request enable GPIO109: -517
[    0.113514] reg-fixed-voltage regulators:regulator@8: Failed to register regulator: -517
[    0.113680] +1.05V_RUN_AVDD_HDMI_PLL: Failed to request enable GPIO63: -517
[    0.113693] reg-fixed-voltage regulators:regulator@11: Failed to register regulator: -517
[    0.113780] +5V_HDMI_CON: Failed to request enable GPIO86: -517
[    0.113792] reg-fixed-voltage regulators:regulator@12: Failed to register regulator: -517
[    0.113878] +5V_SATA: Failed to request enable GPIO242: -517
[    0.113890] reg-fixed-voltage regulators:regulator@13: Failed to register regulator: -517
[    0.113975] +12V_SATA: Failed to request enable GPIO242: -517
[    0.113987] reg-fixed-voltage regulators:regulator@14: Failed to register regulator: -517
[    0.117276] vgaarb: loaded
[    0.118092] SCSI subsystem initialized
[    0.118251] libata version 3.00 loaded.
[    0.118523] usbcore: registered new interface driver usbfs
[    0.118586] usbcore: registered new interface driver hub
[    0.118659] usbcore: registered new device driver usb
[    0.122316] pps_core: LinuxPPS API ver. 1 registered
[    0.122325] pps_core: Software ver. 5.3.6 - Copyright 2005-2007 Rodolfo Giometti <giometti@linux.it>
[    0.122348] PTP clock support registered
[    0.122547] EDAC MC: Ver: 3.0.0
[    0.125776] clocksource: Switched to clocksource arch_sys_counter
[    0.137454] NET: Registered protocol family 2
[    0.137971] TCP established hash table entries: 8192 (order: 3, 32768 bytes)
[    0.138069] TCP bind hash table entries: 8192 (order: 4, 65536 bytes)
[    0.138256] TCP: Hash tables configured (established 8192 bind 8192)
[    0.138315] UDP hash table entries: 512 (order: 2, 16384 bytes)
[    0.138356] UDP-Lite hash table entries: 512 (order: 2, 16384 bytes)
[    0.138510] NET: Registered protocol family 1
[    0.138823] RPC: Registered named UNIX socket transport module.
[    0.138832] RPC: Registered udp transport module.
[    0.138839] RPC: Registered tcp transport module.
[    0.138845] RPC: Registered tcp NFSv4.1 backchannel transport module.
[    0.138856] PCI: CLS 0 bytes, default 64
[    0.140074] hw perfevents: enabled with armv7_cortex_a15 PMU driver, 7 counters available
[    0.141632] futex hash table entries: 1024 (order: 4, 65536 bytes)
[    0.142389] workingset: timestamp_bits=30 max_order=19 bucket_order=0
[    0.153471] squashfs: version 4.0 (2009/01/31) Phillip Lougher
[    0.154304] NFS: Registering the id_resolver key type
[    0.154333] Key type id_resolver registered
[    0.154341] Key type id_legacy registered
[    0.154385] ntfs: driver 2.1.32 [Flags: R/O].
[    0.155978] bounce: pool size: 64 pages
[    0.156180] Block layer SCSI generic (bsg) driver version 0.4 loaded (major 248)
[    0.156190] io scheduler noop registered
[    0.156198] io scheduler deadline registered
[    0.156391] io scheduler cfq registered (default)
[    0.161882] usb2-0 supply vbus not found, using dummy regulator
[    0.162011] usb2-1 supply vbus not found, using dummy regulator
[    0.162415] tegra-xusb-padctl 7009f000.padctl: failed to setup XUSB ports: -517
[    0.179336] tegra-pcie 1003000.pcie-controller: 2x1, 1x1 configuration
[    0.179390] tegra-pcie 1003000.pcie-controller: Failed to get supply 'avddio-pex': -517
[    0.185423] tegra124-dfll 70110000.clock: couldn't get vdd_cpu regulator
[    0.193801] tegra-apbdma 60020000.dma: Tegra20 APB DMA driver register 32 channels
[    0.195800] tegra-pmc 7000e400.pmc: emergency thermal reset enabled
[    0.262435] Serial: 8250/16550 driver, 4 ports, IRQ sharing disabled
[    0.265469] console [ttyS0] disabled
[    0.265505] 70006300.serial: ttyS0 at MMIO 0x70006300 (irq = 335, base_baud = 25500000) is a Tegra
[    1.144388] console [ttyS0] enabled
[    1.148778] SuperH (H)SCI(F) driver initialized
[    1.154379] msm_serial: driver initialized
[    1.158686] STMicroelectronics ASC driver initialized
[    1.164647] 70006000.serial: ttyTHS1 at MMIO 0x70006000 (irq = 333, base_baud = 0) is a TEGRA_UART
[    1.173972] 70006040.serial: ttyTHS2 at MMIO 0x70006040 (irq = 334, base_baud = 0) is a TEGRA_UART
[    1.186411] [drm] Initialized
[    1.192623] tegra-hdmi 54280000.hdmi: failed to get HDMI regulator
[    1.212837] brd: module loaded
[    1.222473] loop: module loaded
[    1.226901] at24 0-0056: 256 byte 24c02 EEPROM, writable, 8 bytes/write
[    1.235305] as3722 4-0040: AS3722 with revision 0x1 found
[    1.247730] as3722-sd2: supplied by +5V_SYS
[    1.252401] as3722-sd3: supplied by +5V_SYS
[    1.256816] +1.35V_LP0(sd3): Bringing 0uV into 1350000-1350000uV
[    1.263201] as3722-sd4: supplied by +5V_SYS
[    1.267859] as3722-sd5: supplied by +5V_SYS
[    1.273944] as3722-ldo0: supplied by +1.35V_LP0(sd2)
[    1.280045] +1.8V_RUN_CAM: Bringing 0uV into 1800000-1800000uV
[    1.286304] as3722-ldo2: supplied by +1.8V_VDDIO
[    1.292245] as3722-ldo3: supplied by +3.3V_SYS
[    1.296742] +1.05V_LP0_VDD_RTC: Bringing 1100000uV into 1000000-1000000uV
[    1.304559] as3722-ldo4: supplied by +3.3V_SYS
[    1.309232] +2.8V_RUN_CAM: Bringing 0uV into 2800000-2800000uV
[    1.315489] as3722-ldo5: supplied by +1.8V_VDDIO
[    1.320335] +1.2V_RUN_CAM_FRONT: Bringing 0uV into 1200000-1200000uV
[    1.327309] +VDDIO_SDMMC3: bypassed regulator has no supply!
[    1.332982] +VDDIO_SDMMC3: failed to get the current voltage(-517)
[    1.339173] as3722-regulator as3722-regulator: regulator 13 register failed -517
[    1.352034] tegra-ahci 70027000.sata: couldn't get PHY in node sata: -517
[    1.371609] random: fast init done
[    1.375164] m25p80 spi32765.0: w25q32dw (4096 Kbytes)
[    1.383615] libphy: Fixed MDIO Bus: probed
[    1.388899] CAN device driver interface
[    1.395040] e1000e: Intel(R) PRO/1000 Network Driver - 3.2.6-k
[    1.400882] e1000e: Copyright(c) 1999 - 2015 Intel Corporation.
[    1.406871] igb: Intel(R) Gigabit Ethernet Network Driver - version 5.4.0-k
[    1.413836] igb: Copyright (c) 2007-2014 Intel Corporation.
[    1.423134] pegasus: v0.9.3 (2013/04/25), Pegasus/Pegasus II USB Ethernet driver
[    1.430590] usbcore: registered new interface driver pegasus
[    1.436317] usbcore: registered new interface driver asix
[    1.441769] usbcore: registered new interface driver ax88179_178a
[    1.447911] usbcore: registered new interface driver cdc_ether
[    1.453816] usbcore: registered new interface driver smsc75xx
[    1.459630] usbcore: registered new interface driver smsc95xx
[    1.465426] usbcore: registered new interface driver net1080
[    1.471136] usbcore: registered new interface driver cdc_subset
[    1.477103] usbcore: registered new interface driver zaurus
[    1.482747] usbcore: registered new interface driver cdc_ncm
[    1.488644] tegra-phy 7d004000.usb-phy: no vbus regulator
[    1.496152] ehci_hcd: USB 2.0 'Enhanced' Host Controller (EHCI) Driver
[    1.502688] ehci-pci: EHCI PCI platform driver
[    1.507189] ehci-platform: EHCI generic platform driver
[    1.512643] ehci-orion: EHCI orion driver
[    1.516811] SPEAr-ehci: EHCI SPEAr driver
[    1.520985] ehci-st: EHCI STMicroelectronics driver
[    1.526023] ehci-exynos: EHCI EXYNOS driver
[    1.530372] ehci-atmel: EHCI Atmel driver
[    1.534540] tegra-ehci: Tegra EHCI driver
[    1.541398] tegra-ehci 7d004000.usb: EHCI Host Controller
[    1.546827] tegra-ehci 7d004000.usb: new USB bus registered, assigned bus number 1
[    1.554573] tegra-ehci 7d004000.usb: irq 354, io mem 0x7d004000
[    1.570803] tegra-ehci 7d004000.usb: USB 2.0 started, EHCI 1.10
[    1.577576] hub 1-0:1.0: USB hub found
[    1.581375] hub 1-0:1.0: 1 port detected
[    1.585924] ohci_hcd: USB 1.1 'Open' Host Controller (OHCI) Driver
[    1.592128] ohci-pci: OHCI PCI platform driver
[    1.596629] ohci-platform: OHCI generic platform driver
[    1.602045] ohci-omap3: OHCI OMAP3 driver
[    1.606222] SPEAr-ohci: OHCI SPEAr driver
[    1.610378] ohci-st: OHCI STMicroelectronics driver
[    1.615416] ohci-atmel: OHCI Atmel driver
[    1.620273] usbcore: registered new interface driver usb-storage
[    1.627987] mousedev: PS/2 mouse device common for all mice
[    1.636803] as3722-rtc as3722-rtc: rtc core: registered as3722-rtc as rtc0
[    1.643693] as3722-rtc as3722-rtc: RTC interrupt 377
[    1.652141] tegra_rtc 7000e000.rtc: rtc core: registered 7000e000.rtc as rtc1
[    1.659328] tegra_rtc 7000e000.rtc: Tegra internal Real Time Clock
[    1.666114] i2c /dev entries driver
[    1.676820] 0-004c supply vcc not found, using dummy regulator
[    1.692888] sdhci: Secure Digital Host Controller Interface driver
[    1.699084] sdhci: Copyright(c) Pierre Ossman
[    1.705144] Synopsys Designware Multimedia Card Interface Driver
[    1.712378] sdhci-pltfm: SDHCI platform and OF driver helper
[    1.718828] sdhci-tegra 700b0400.sdhci: Got CD GPIO
[    1.723739] sdhci-tegra 700b0400.sdhci: Got WP GPIO
[    1.728878] mmc0: Unknown controller version (3). You may experience problems.
[    1.736198] mmc0: Invalid maximum block size, assuming 512 bytes
[    1.785802] mmc0: SDHCI controller on 700b0600.sdhci [700b0600.sdhci] using ADMA
[    1.795239] ledtrig-cpu: registered to indicate activity on CPUs
[    1.801602] usbcore: registered new interface driver usbhid
[    1.807186] usbhid: USB HID core driver
[    1.815001] NET: Registered protocol family 10
[    1.820379] Segment Routing with IPv6
[    1.824112] sit: IPv6, IPv4 and MPLS over IPv4 tunneling driver
[    1.830720] NET: Registered protocol family 17
[    1.835189] can: controller area network core (rev 20120528 abi 9)
[    1.841439] NET: Registered protocol family 29
[    1.845896] can: raw protocol (rev 20120528)
[    1.850158] can: broadcast manager protocol (rev 20160617 t)
[    1.855829] can: netlink gateway (rev 20130117) max_hops=1
[    1.861696] Key type dns_resolver registered
[    1.866627] ThumbEE CPU extension supported.
[    1.870918] Registering SWP/SWPB emulation handler
[    1.892191] +3.3V_RUN: supplied by +3.3V_SYS
[    1.897565] +3.3V_AVDD_HDMI_AP_GATED: supplied by +3.3V_RUN
[    1.903690] +USB0_VBUS_SW: supplied by +5V_SYS
[    1.908682] +5V_USB_HS: supplied by +5V_SYS
[    1.914871] +3.3V_LP0: supplied by +3.3V_SYS
[    1.921178] +5V_HDMI_CON: supplied by +5V_SYS
[    1.926295] +5V_SATA: supplied by +5V_SYS
[    1.931232] +12V_SATA: supplied by +VDD_MUX
[    1.932436] mmc0: new high speed MMC card at address 0001
[    1.933913] mmcblk0: mmc0:0001 SEM16G 14.7 GiB 
[    1.934607] mmcblk0boot0: mmc0:0001 SEM16G partition 1 4.00 MiB
[    1.935408] mmcblk0boot1: mmc0:0001 SEM16G partition 2 4.00 MiB
[    1.936188] mmcblk0rpmb: mmc0:0001 SEM16G partition 3 4.00 MiB
[    1.943211]  mmcblk0: p1
[    1.967659] usb2-0 supply vbus not found, using dummy regulator
[    1.973789] usb2-1 supply vbus not found, using dummy regulator
[    1.980176] usb3-0 supply vbus not found, using dummy regulator
[    1.987437] tegra-pcie 1003000.pcie-controller: 2x1, 1x1 configuration
[    1.994098] tegra-pcie 1003000.pcie-controller: Failed to get supply 'avddio-pex': -517
[    2.005143] tegra124-dfll 70110000.clock: couldn't get vdd_cpu regulator
[    2.015817] tegra-hdmi 54280000.hdmi: failed to get PLL regulator
[    2.027266] as3722-sd2: supplied by +5V_SYS
[    2.031889] as3722-sd3: supplied by +5V_SYS
[    2.036487] as3722-sd4: supplied by +5V_SYS
[    2.040960] +1.05V_RUN_AVDD_HDMI_PLL: supplied by +1.05V_RUN
[    2.046800] as3722-sd5: supplied by +5V_SYS
[    2.052775] as3722-ldo0: supplied by +1.35V_LP0(sd2)
[    2.058822] as3722-ldo1: supplied by +3.3V_RUN
[    2.063649] as3722-ldo2: supplied by +1.8V_VDDIO
[    2.069286] as3722-ldo3: supplied by +3.3V_SYS
[    2.074630] as3722-ldo4: supplied by +3.3V_SYS
[    2.079459] as3722-ldo5: supplied by +1.8V_VDDIO
[    2.084377] as3722-ldo6: supplied by +3.3V_RUN
[    2.089202] as3722-ldo7: supplied by +1.8V_VDDIO
[    2.094132] +1.05V_RUN_CAM_REAR: Bringing 0uV into 1050000-1050000uV
[    2.101255] as3722-ldo9: supplied by +5V_SYS
[    2.106982] +3.3V_RUN_TOUCH: Bringing 0uV into 2800000-2800000uV
[    2.113768] as3722-ldo10: supplied by +5V_SYS
[    2.118929] +2.8V_RUN_CAM_AF: Bringing 0uV into 2800000-2800000uV
[    2.125603] as3722-ldo11: supplied by +3.3V_RUN
[    2.130726] +1.8V_RUN_VPP_FUSE: Bringing 0uV into 1800000-1800000uV
[    2.140755] tegra-ahci 70027000.sata: AHCI 0001.0301 32 slots 2 ports 3 Gbps 0x1 impl platform mode
[    2.149848] tegra-ahci 70027000.sata: flags: 64bit ncq sntf pm led pio slum part sadm sds apst 
[    2.160824] scsi host0: tegra-ahci
[    2.165513] scsi host1: tegra-ahci
[    2.169334] ata1: SATA max UDMA/133 mmio [mem 0x70027000-0x70028fff] port 0x100 irq 345
[    2.177346] ata2: DUMMY
[    2.183230] tegra-ehci 7d008000.usb: EHCI Host Controller
[    2.188690] tegra-ehci 7d008000.usb: new USB bus registered, assigned bus number 2
[    2.196448] tegra-ehci 7d008000.usb: irq 355, io mem 0x7d008000
[    2.215902] tegra-ehci 7d008000.usb: USB 2.0 started, EHCI 1.10
[    2.223045] hub 2-0:1.0: USB hub found
[    2.226897] hub 2-0:1.0: 1 port detected
[    2.233512] sdhci-tegra 700b0400.sdhci: Got CD GPIO
[    2.238464] sdhci-tegra 700b0400.sdhci: Got WP GPIO
[    2.243598] mmc1: Unknown controller version (3). You may experience problems.
[    2.250937] mmc1: Invalid maximum block size, assuming 512 bytes
[    2.301355] mmc1: SDHCI controller on 700b0400.sdhci [700b0400.sdhci] using ADMA
[    2.309529] tegra-pcie 1003000.pcie-controller: 2x1, 1x1 configuration
[    2.317841] tegra-pcie 1003000.pcie-controller: probing port 0, using 2 lanes
[    2.327303] tegra-pcie 1003000.pcie-controller: Slot present pin change, signature: 00000008
[    2.351761] tegra-pcie 1003000.pcie-controller: probing port 1, using 1 lanes
[    2.361003] tegra-pcie 1003000.pcie-controller: Slot present pin change, signature: 00000000
[    2.375699] tegra-pcie 1003000.pcie-controller: PCI host bridge to bus 0000:00
[    2.382956] pci_bus 0000:00: root bus resource [io  0x0000-0xffff]
[    2.389154] pci_bus 0000:00: root bus resource [mem 0x13000000-0x1fffffff]
[    2.396063] pci_bus 0000:00: root bus resource [mem 0x20000000-0x3fffffff pref]
[    2.403417] pci_bus 0000:00: root bus resource [bus 00-ff]
[    2.408982] pci 0000:00:01.0: [10de:0e12] type 01 class 0x060400
[    2.415129] pci 0000:00:01.0: PME# supported from D0 D1 D2 D3hot D3cold
[    2.422173] pci 0000:00:02.0: [10de:0e13] type 01 class 0x060400
[    2.428344] pci 0000:00:02.0: PME# supported from D0 D1 D2 D3hot D3cold
[    2.435366] PCI: bus0: Fast back to back transfers disabled
[    2.440987] pci 0000:00:01.0: bridge configuration invalid ([bus 00-00]), reconfiguring
[    2.449030] pci 0000:00:02.0: bridge configuration invalid ([bus 00-00]), reconfiguring
[    2.457342] pci 0000:01:00.0: [8086:4232] type 00 class 0x028000
[    2.463421] pci 0000:01:00.0: reg 0x10: [mem 0x00000000-0x00001fff 64bit]
[    2.470445] pci 0000:01:00.0: PME# supported from D0 D3hot D3cold
[    2.490930] PCI: bus1: Fast back to back transfers disabled
[    2.496567] pci_bus 0000:01: busn_res: [bus 01-ff] end is updated to 01
[    2.499451] ata1: SATA link down (SStatus 0 SControl 300)
[    2.508910] pci 0000:02:00.0: [10ec:8168] type 00 class 0x020000
[    2.514957] pci 0000:02:00.0: reg 0x10: [io  0x0000-0x00ff]
[    2.520569] pci 0000:02:00.0: reg 0x18: [mem 0x00000000-0x00000fff 64bit]
[    2.527398] pci 0000:02:00.0: reg 0x20: [mem 0x00000000-0x00003fff 64bit pref]
[    2.534808] pci 0000:02:00.0: supports D1 D2
[    2.539097] pci 0000:02:00.0: PME# supported from D0 D1 D2 D3hot D3cold
[    2.560923] PCI: bus2: Fast back to back transfers disabled
[    2.566530] pci_bus 0000:02: busn_res: [bus 02-ff] end is updated to 02
[    2.573328] pci 0000:00:01.0: BAR 8: assigned [mem 0x13000000-0x130fffff]
[    2.580161] pci 0000:00:02.0: BAR 8: assigned [mem 0x13100000-0x131fffff]
[    2.586965] pci 0000:00:02.0: BAR 9: assigned [mem 0x20000000-0x200fffff 64bit pref]
[    2.594717] pci 0000:00:02.0: BAR 7: assigned [io  0x1000-0x1fff]
[    2.600830] pci 0000:01:00.0: BAR 0: assigned [mem 0x13000000-0x13001fff 64bit]
[    2.608205] pci 0000:00:01.0: PCI bridge to [bus 01]
[    2.613189] pci 0000:00:01.0:   bridge window [mem 0x13000000-0x130fffff]
[    2.619999] pci 0000:02:00.0: BAR 4: assigned [mem 0x20000000-0x20003fff 64bit pref]
[    2.627770] pci 0000:02:00.0: BAR 2: assigned [mem 0x13100000-0x13100fff 64bit]
[    2.635104] pci 0000:02:00.0: BAR 0: assigned [io  0x1000-0x10ff]
[    2.641212] pci 0000:00:02.0: PCI bridge to [bus 02]
[    2.646187] pci 0000:00:02.0:   bridge window [io  0x1000-0x1fff]
[    2.652295] pci 0000:00:02.0:   bridge window [mem 0x13100000-0x131fffff]
[    2.659131] pci 0000:00:02.0:   bridge window [mem 0x20000000-0x200fffff 64bit pref]
[    2.666947] pci 0000:00:01.0: nv_msi_ht_cap_quirk didn't locate host bridge
[    2.674018] pcieport 0000:00:01.0: enabling device (0140 -> 0142)
[    2.680403] pcieport 0000:00:01.0: Signaling PME through PCIe PME interrupt
[    2.687376] pci 0000:01:00.0: Signaling PME through PCIe PME interrupt
[    2.693916] pcie_pme 0000:00:01.0:pcie001: service driver pcie_pme loaded
[    2.700816] pci 0000:00:02.0: nv_msi_ht_cap_quirk didn't locate host bridge
[    2.707855] pcieport 0000:00:02.0: enabling device (0140 -> 0143)
[    2.714213] pcieport 0000:00:02.0: Signaling PME through PCIe PME interrupt
[    2.721187] pci 0000:02:00.0: Signaling PME through PCIe PME interrupt
[    2.727725] pcie_pme 0000:00:02.0:pcie001: service driver pcie_pme loaded
[    2.734841] r8169 Gigabit Ethernet driver 2.3LK-NAPI loaded
[    2.740475] r8169 0000:02:00.0: enabling device (0140 -> 0143)
[    2.763478] r8169 0000:02:00.0 eth0: RTL8168g/8111g at 0xf0b4b000, 00:04:4b:3a:d9:81, XID 0c000800 IRQ 395
[    2.773165] r8169 0000:02:00.0 eth0: jumbo features [frames: 9200 bytes, tx checksumming: ko]
[    2.786097] mmc1: new high speed SDHC card at address aaaa
[    2.792758] mmcblk1: mmc1:aaaa SD04G 3.69 GiB 
[    2.798994] [drm] Supports vblank timestamp caching Rev 2 (21.10.2013).
[    2.805661] [drm] No driver support for vblank timestamp query.
[    2.822297]  mmcblk1: p1 p2 p3
[    2.935552] tegra-hdmi 54280000.hdmi: cannot set audio to 48000 Hz at 297000000 Hz pixel clock
[    3.103534] Console: switching to colour frame buffer device 512x135
[    3.199046] drm drm: fb0:  frame buffer device
[    3.203623] [drm] Initialized tegra 0.0.0 20120330 on minor 0
[    3.210987] of: dev_pm_opp_of_cpumask_add_table: couldn't find opp table for cpu:0, -19
[    3.219022] cpufreq: cpufreq_online: CPU0: Running at unlisted freq: 696000 KHz
[    3.226346] cpufreq: cpufreq_online: CPU0: Unlisted initial frequency changed to: 714000 KHz
[    3.235506] input: gpio-keys as /devices/soc0/gpio-keys/input/input0
[    3.242841] as3722-rtc as3722-rtc: setting system clock to 2000-01-01 00:02:09 UTC (946684929)
[    3.251917] +USB0_VBUS_SW: disabling
[    3.255495] +1.8V_RUN_CAM: disabling
[    3.259313] +2.8V_RUN_CAM: disabling
[    3.263114] +1.2V_RUN_CAM_FRONT: disabling
[    3.267455] +1.05V_RUN_CAM_REAR: disabling
[    3.271730] +3.3V_RUN_TOUCH: disabling
[    3.275629] +2.8V_RUN_CAM_AF: disabling
[    3.279683] +1.8V_RUN_VPP_FUSE: disabling
[    3.284800] EXT4-fs (mmcblk0p1): mounting ext3 file system using the ext4 subsystem
[    3.325983] EXT4-fs (mmcblk0p1): recovery complete
[    3.331611] EXT4-fs (mmcblk0p1): mounted filesystem with ordered data mode. Opts: (null)
[    3.339738] VFS: Mounted root (ext3 filesystem) on device 179:1.
[    3.349917] devtmpfs: mounted
[    3.353538] Freeing unused kernel memory: 2048K
bash: cannot set terminal process group (-1): Inappropriate ioctl for device
bash: no job control in this shell
root@(none):/# 