
U-Boot SPL 2015.04-rc3-00209-ga74ef40 (Mar 16 2015 - 14:43:39)


U-Boot 2015.04-rc3-00209-ga74ef40 (Mar 16 2015 - 14:43:39)

TEGRA20
Model: Compulab TrimSlice board
DRAM:  1 GiB
MMC:   Tegra SD/MMC: 0, Tegra SD/MMC: 1
SF: Detected W25Q80BL with page size 256 Bytes, erase size 4 KiB, total 1 MiB
tegra-pcie: PCI regions:
tegra-pcie:   I/O: 0x82000000-0x82010000
tegra-pcie:   non-prefetchable memory: 0xa0000000-0xa8000000
tegra-pcie:   prefetchable memory: 0xa8000000-0xc0000000
tegra-pcie: dual-mode configuration
tegra-pcie: probing port 0, using 2 lanes
In:    serial
Out:   serial
Err:   serial
Net:   RTL8169#0
Hit any key to stop autoboot:  2  0 
Tegra20 (TrimSlice) # 
Tegra20 (TrimSlice) # usb reset
resetting USB...
USB0:   USB EHCI 1.00
scanning bus 0 for devices... 3 USB Device(s) found
USB1:   USB EHCI 1.00
scanning bus 1 for devices... 1 USB Device(s) found
USB2:   lowlevel init failed
       scanning usb for storage devices... 0 Storage Device(s) found
       scanning usb for ethernet devices... 
Warning: asx0 using MAC address from net device
1 Ethernet Device(s) found
Tegra20 (TrimSlice) # setenv bootargs 'ignore_loglevel console=ttyS0,115200n8 rw root=PARTUUID=11eb23c1-01 rootwait gpt debug noinitrd earlyprintk init=/bin/bash'
Tegra20 (TrimSlice) # setenv ipaddr 192.168.100.103; setenv serverip 192.168.100.1; setenv tftpserverip 192.168.100.1
Tegra20 (TrimSlice) # tftpboot 0x00408000 zImage.multi_v7_defconfig
Using RTL8169#0 device
TFTP from server 192.168.100.1; our IP address is 192.168.100.103
Filename 'zImage.multi_v7_defconfig'.
Load address: 0x408000
Loading: *#################################################################
	 #################################################################
	 #################################################################
	 #################################################################
	 #################################################################
	 #################################################################
	 #################################################################
	 #################
	 4 MiB/s
done
Bytes transferred = 6926312 (69afe8 hex)
Tegra20 (TrimSlice) # tftpboot 0x02408000 tegra20-trimslice.dtb
Using RTL8169#0 device
TFTP from server 192.168.100.1; our IP address is 192.168.100.103
Filename 'tegra20-trimslice.dtb'.
Load address: 0x2408000
Loading: *##
	 3.4 MiB/s
done
Bytes transferred = 21128 (5288 hex)
Tegra20 (TrimSlice) # bootz 0x00408000 - 0x02408000
Kernel image @ 0x408000 [ 0x000000 - 0x69afe8 ]
## Flattened Device Tree blob at 02408000
   Booting using the fdt blob at 0x2408000
   Using Device Tree in place at 02408000, end 02410287

Starting kernel ...

[    0.000000] Booting Linux on physical CPU 0x0
[    0.000000] Linux version 4.6.0-rc1-next-20160329-83440-g682b931 (pwalmsley@sellafield) (gcc version 4.7.3 20130328 (prerelease) (crosstool-NG linaro-1.13.1-4.7-2013.04-20130415 - Linaro GCC 2013.04) ) #1 SMP Mon Mar 28 18:19:35 PDT 2016
[    0.000000] CPU: ARMv7 Processor [411fc090] revision 0 (ARMv7), cr=10c5387d
[    0.000000] CPU: PIPT / VIPT nonaliasing data cache, VIPT aliasing instruction cache
[    0.000000] Machine model: Compulab TrimSlice board
[    0.000000] debug: ignoring loglevel setting.
[    0.000000] cma: Reserved 64 MiB at 0x3c000000
[    0.000000] Memory policy: Data cache writealloc
[    0.000000] On node 0 totalpages: 262144
[    0.000000] free_area_init_node: node 0, pgdat c141b600, node_mem_map ef7f8000
[    0.000000]   DMA zone: 1536 pages used for memmap
[    0.000000]   DMA zone: 0 pages reserved
[    0.000000]   DMA zone: 196608 pages, LIFO batch:31
[    0.000000]   HighMem zone: 65536 pages, LIFO batch:15
[    0.000000] percpu: Embedded 12 pages/cpu @ef7cb000 s19776 r8192 d21184 u49152
[    0.000000] pcpu-alloc: s19776 r8192 d21184 u49152 alloc=12*4096
[    0.000000] pcpu-alloc: [0] 0 [0] 1 
[    0.000000] Built 1 zonelists in Zone order, mobility grouping on.  Total pages: 260608
[    0.000000] Kernel command line: ignore_loglevel console=ttyS0,115200n8 rw root=PARTUUID=11eb23c1-01 rootwait gpt debug noinitrd earlyprintk init=/bin/bash
[    0.000000] PID hash table entries: 4096 (order: 2, 16384 bytes)
[    0.000000] Dentry cache hash table entries: 131072 (order: 7, 524288 bytes)
[    0.000000] Inode-cache hash table entries: 65536 (order: 6, 262144 bytes)
[    0.000000] Memory: 955940K/1048576K available (9523K kernel code, 1141K rwdata, 4112K rodata, 2048K init, 341K bss, 27100K reserved, 65536K cma-reserved, 196608K highmem)
[    0.000000] Virtual kernel memory layout:
[    0.000000]     vector  : 0xffff0000 - 0xffff1000   (   4 kB)
[    0.000000]     fixmap  : 0xffc00000 - 0xfff00000   (3072 kB)
[    0.000000]     vmalloc : 0xf0800000 - 0xff800000   ( 240 MB)
[    0.000000]     lowmem  : 0xc0000000 - 0xf0000000   ( 768 MB)
[    0.000000]     pkmap   : 0xbfe00000 - 0xc0000000   (   2 MB)
[    0.000000]     modules : 0xbf000000 - 0xbfe00000   (  14 MB)
[    0.000000]       .text : 0xc0208000 - 0xc1050c04   (14628 kB)
[    0.000000]       .init : 0xc1100000 - 0xc1300000   (2048 kB)
[    0.000000]       .data : 0xc1300000 - 0xc141d640   (1142 kB)
[    0.000000]        .bss : 0xc141f000 - 0xc1474558   ( 342 kB)
[    0.000000] SLUB: HWalign=64, Order=0-3, MinObjects=0, CPUs=2, Nodes=1
[    0.000000] Hierarchical RCU implementation.
[    0.000000] 	Build-time adjustment of leaf fanout to 32.
[    0.000000] 	RCU restricting CPUs from NR_CPUS=16 to nr_cpu_ids=2.
[    0.000000] RCU: Adjusting geometry for rcu_fanout_leaf=32, nr_cpu_ids=2
[    0.000000] NR_IRQS:16 nr_irqs:16 16
[    0.000000] /interrupt-controller@60004000: 128 interrupts forwarded to /interrupt-controller@50041000
[    0.000000] L2C: platform modifies aux control register: 0x02080000 -> 0x3e480001
[    0.000000] L2C: DT/platform modifies aux control register: 0x02080000 -> 0x3e480001
[    0.000000] L2C-310 errata 727915 769419 enabled
[    0.000000] L2C-310 enabling early BRESP for Cortex-A9
[    0.000000] L2C-310: enabling full line of zeros but not enabled in Cortex-A9
[    0.000000] L2C-310 ID prefetch enabled, offset 1 lines
[    0.000000] L2C-310 cache controller enabled, 8 ways, 1024 kB
[    0.000000] L2C-310: CACHE_ID 0x410000c4, AUX_CTRL 0x7e480001
[    0.000010] sched_clock: 32 bits at 1000kHz, resolution 1000ns, wraps every 2147483647500ns
[    0.000027] clocksource: timer_us: mask: 0xffffffff max_cycles: 0xffffffff, max_idle_ns: 1911260446275 ns
[    0.000037] Switching to timer-based delay loop, resolution 1000ns
[    0.001550] Console: colour dummy device 80x30
[    0.001571] Calibrating delay loop (skipped), value calculated using timer frequency.. 2.00 BogoMIPS (lpj=5000)
[    0.001581] pid_max: default: 32768 minimum: 301
[    0.001656] Mount-cache hash table entries: 2048 (order: 1, 8192 bytes)
[    0.001664] Mountpoint-cache hash table entries: 2048 (order: 1, 8192 bytes)
[    0.002141] CPU: Testing write buffer coherency: ok
[    0.002323] CPU0: thread -1, cpu 0, socket 0, mpidr 80000000
[    0.002346] Setting up static identity map for 0x300000 - 0x300098
[    0.003603] Tegra Revision: A03 prime SKU: 8 CPU Process: 1 SoC Process: 2
[    0.004617] CPU1: thread -1, cpu 1, socket 0, mpidr 80000001
[    0.004679] Brought up 2 CPUs
[    0.004690] SMP: Total of 2 processors activated (4.00 BogoMIPS).
[    0.004696] CPU: All CPU(s) started in SVC mode.
[    0.005360] devtmpfs: initialized
[    0.009302] VFP support v0.3: implementor 41 architecture 3 part 30 variant 9 rev 1
[    0.009600] clocksource: jiffies: mask: 0xffffffff max_cycles: 0xffffffff, max_idle_ns: 9556302231375000 ns
[    0.012646] pinctrl core: initialized pinctrl subsystem
[    0.013784] NET: Registered protocol family 16
[    0.015806] DMA: preallocated 256 KiB pool for atomic coherent allocations
[    0.029920] cpuidle: using governor menu
[    0.041353] No ATAGs?
[    0.041374] hw-breakpoint: found 5 (+1 reserved) breakpoint and 1 watchpoint registers.
[    0.041381] hw-breakpoint: maximum watchpoint size is 4 bytes.
[    0.044758] Serial: AMBA PL011 UART driver
[    0.068308] usb1_vbus: Failed to request enable GPIO170: -517
[    0.068322] reg-fixed-voltage regulators:regulator@2: Failed to register regulator: -517
[    0.071982] vgaarb: loaded
[    0.072648] SCSI subsystem initialized
[    0.072763] libata version 3.00 loaded.
[    0.072963] usbcore: registered new interface driver usbfs
[    0.073009] usbcore: registered new interface driver hub
[    0.073047] usbcore: registered new device driver usb
[    0.075155] pps_core: LinuxPPS API ver. 1 registered
[    0.075162] pps_core: Software ver. 5.3.6 - Copyright 2005-2007 Rodolfo Giometti <giometti@linux.it>
[    0.075178] PTP clock support registered
[    0.075326] EDAC MC: Ver: 3.0.0
[    0.077117] clocksource: Switched to clocksource timer_us
[    0.084909] NET: Registered protocol family 2
[    0.085339] TCP established hash table entries: 8192 (order: 3, 32768 bytes)
[    0.085409] TCP bind hash table entries: 8192 (order: 4, 65536 bytes)
[    0.085523] TCP: Hash tables configured (established 8192 bind 8192)
[    0.085591] UDP hash table entries: 512 (order: 2, 16384 bytes)
[    0.085638] UDP-Lite hash table entries: 512 (order: 2, 16384 bytes)
[    0.085786] NET: Registered protocol family 1
[    0.086015] RPC: Registered named UNIX socket transport module.
[    0.086023] RPC: Registered udp transport module.
[    0.086028] RPC: Registered tcp transport module.
[    0.086033] RPC: Registered tcp NFSv4.1 backchannel transport module.
[    0.086042] PCI: CLS 0 bytes, default 64
[    0.086824] hw perfevents: enabled with armv7_cortex_a9 PMU driver, 7 counters available
[    0.087816] futex hash table entries: 512 (order: 3, 32768 bytes)
[    0.088378] workingset: timestamp_bits=28 max_order=18 bucket_order=0
[    0.096280] squashfs: version 4.0 (2009/01/31) Phillip Lougher
[    0.096875] NFS: Registering the id_resolver key type
[    0.096906] Key type id_resolver registered
[    0.096911] Key type id_legacy registered
[    0.096943] ntfs: driver 2.1.32 [Flags: R/O].
[    0.097903] bounce: pool size: 64 pages
[    0.098062] Block layer SCSI generic (bsg) driver version 0.4 loaded (major 248)
[    0.098071] io scheduler noop registered
[    0.098077] io scheduler deadline registered
[    0.098102] io scheduler cfq registered (default)
[    0.109083] tegra-pcie 80003000.pcie-controller: dual-mode configuration
[    0.109676] tegra-pcie 80003000.pcie-controller: probing port 0, using 2 lanes
[    0.193485] tegra-pcie 80003000.pcie-controller: PCI host bridge to bus 0000:00
[    0.193498] pci_bus 0000:00: root bus resource [io  0x0000-0xffff]
[    0.193506] pci_bus 0000:00: root bus resource [mem 0xa0000000-0xa7ffffff]
[    0.193515] pci_bus 0000:00: root bus resource [mem 0xa8000000-0xbfffffff pref]
[    0.193523] pci_bus 0000:00: root bus resource [bus 00-ff]
[    0.193550] pci 0000:00:01.0: [10de:0bf0] type 01 class 0x060000
[    0.193607] pci 0000:00:01.0: PME# supported from D0 D1 D2 D3hot D3cold
[    0.193796] PCI: bus0: Fast back to back transfers disabled
[    0.193807] pci 0000:00:01.0: bridge configuration invalid ([bus 00-00]), reconfiguring
[    0.193948] pci 0000:01:00.0: [10ec:8168] type 00 class 0x020000
[    0.193970] pci 0000:01:00.0: reg 0x10: [io  0x0000-0x00ff]
[    0.193992] pci 0000:01:00.0: reg 0x18: [mem 0x00000000-0x00000fff 64bit pref]
[    0.194008] pci 0000:01:00.0: reg 0x20: [mem 0x00000000-0x00003fff 64bit pref]
[    0.194020] pci 0000:01:00.0: reg 0x30: [mem 0x00000000-0x0001ffff pref]
[    0.194096] pci 0000:01:00.0: supports D1 D2
[    0.194104] pci 0000:01:00.0: PME# supported from D0 D1 D2 D3hot D3cold
[    0.202152] PCI: bus1: Fast back to back transfers disabled
[    0.202164] pci_bus 0000:01: busn_res: [bus 01-ff] end is updated to 01
[    0.202175] Disabling cpuidle LP2 state, since PCIe IRQs are in use
[    0.202230] pci 0000:00:01.0: BAR 8: assigned [mem 0xa0000000-0xa00fffff]
[    0.202242] pci 0000:00:01.0: BAR 9: assigned [mem 0xa8000000-0xa80fffff 64bit pref]
[    0.202251] pci 0000:00:01.0: BAR 7: assigned [io  0x1000-0x1fff]
[    0.202263] pci 0000:01:00.0: BAR 6: assigned [mem 0xa0000000-0xa001ffff pref]
[    0.202273] pci 0000:01:00.0: BAR 4: assigned [mem 0xa8000000-0xa8003fff 64bit pref]
[    0.202289] pci 0000:01:00.0: BAR 2: assigned [mem 0xa8004000-0xa8004fff 64bit pref]
[    0.202305] pci 0000:01:00.0: BAR 0: assigned [io  0x1000-0x10ff]
[    0.202315] pci 0000:00:01.0: PCI bridge to [bus 01]
[    0.202323] pci 0000:00:01.0:   bridge window [io  0x1000-0x1fff]
[    0.202331] pci 0000:00:01.0:   bridge window [mem 0xa0000000-0xa00fffff]
[    0.202339] pci 0000:00:01.0:   bridge window [mem 0xa8000000-0xa80fffff 64bit pref]
[    0.202359] pci 0000:00:01.0: nv_msi_ht_cap_quirk didn't locate host bridge
[    0.202423] pcieport 0000:00:01.0: enabling device (0140 -> 0143)
[    0.202584] pcieport 0000:00:01.0: Signaling PME through PCIe PME interrupt
[    0.202593] pci 0000:01:00.0: Signaling PME through PCIe PME interrupt
[    0.202602] pcie_pme 0000:00:01.0:pcie01: service driver pcie_pme loaded
[    0.206354] tegra-apbdma 6000a000.dma: Tegra20 APB DMA driver register 16 channels
[    0.256497] Serial: 8250/16550 driver, 4 ports, IRQ sharing disabled
[    0.258912] console [ttyS0] disabled
[    0.258948] 70006000.serial: ttyS0 at MMIO 0x70006000 (irq = 279, base_baud = 13500000) is a Tegra
[    1.203661] console [ttyS0] enabled
[    1.207754] SuperH (H)SCI(F) driver initialized
[    1.213039] msm_serial: driver initialized
[    1.217288] STMicroelectronics ASC driver initialized
[    1.224091] [drm] Initialized drm 1.1.0 20060810
[    1.230915] 54280000.hdmi supply hdmi not found, using dummy regulator
[    1.240496] [drm] Supports vblank timestamp caching Rev 2 (21.10.2013).
[    1.247114] [drm] No driver support for vblank timestamp query.
[    1.253064] drm drm: No connectors reported connected with modes
[    1.259071] [drm] Cannot find any crtc or sizes - going 1024x768
[    1.281217] Console: switching to colour frame buffer device 128x48
[    1.295914] drm drm: fb0:  frame buffer device
[    1.312128] [drm] Initialized tegra 0.0.0 20120330 on minor 0
[    1.326529] brd: module loaded
[    1.333855] loop: module loaded
[    1.342434] m25p80 spi32766.0: found s25fl008k, expected w25q80bl
[    1.348541] m25p80 spi32766.0: s25fl008k (1024 Kbytes)
[    1.356075] libphy: Fixed MDIO Bus: probed
[    1.360693] CAN device driver interface
[    1.365991] igb: Intel(R) Gigabit Ethernet Network Driver - version 5.3.0-k
[    1.372950] igb: Copyright (c) 2007-2014 Intel Corporation.
[    1.379043] r8169 Gigabit Ethernet driver 2.3LK-NAPI loaded
[    1.384640] r8169 0000:01:00.0: enabling device (0140 -> 0143)
[    1.391252] r8169 0000:01:00.0 eth0: RTL8168d/8111d at 0xf0878000, 00:01:c0:13:7d:63, XID 081000c0 IRQ 296
[    1.400908] r8169 0000:01:00.0 eth0: jumbo features [frames: 9200 bytes, tx checksumming: ko]
[    1.411360] pegasus: v0.9.3 (2013/04/25), Pegasus/Pegasus II USB Ethernet driver
[    1.418818] usbcore: registered new interface driver pegasus
[    1.424522] usbcore: registered new interface driver asix
[    1.429964] usbcore: registered new interface driver ax88179_178a
[    1.436091] usbcore: registered new interface driver cdc_ether
[    1.441967] usbcore: registered new interface driver smsc75xx
[    1.447761] usbcore: registered new interface driver smsc95xx
[    1.453537] usbcore: registered new interface driver net1080
[    1.459225] usbcore: registered new interface driver cdc_subset
[    1.465172] usbcore: registered new interface driver zaurus
[    1.470806] usbcore: registered new interface driver cdc_ncm
[    1.476754] tegra-phy c5004000.usb-phy: no vbus regulator
[    1.483249] tegra-phy c5008000.usb-phy: no vbus regulator
[    1.489867] ehci_hcd: USB 2.0 'Enhanced' Host Controller (EHCI) Driver
[    1.496398] ehci-pci: EHCI PCI platform driver
[    1.500877] ehci-platform: EHCI generic platform driver
[    1.506262] ehci-omap: OMAP-EHCI Host Controller driver
[    1.511595] ehci-orion: EHCI orion driver
[    1.515713] SPEAr-ehci: EHCI SPEAr driver
[    1.519832] ehci-st: EHCI STMicroelectronics driver
[    1.524819] ehci-exynos: EHCI EXYNOS driver
[    1.529129] ehci-atmel: EHCI Atmel driver
[    1.533248] tegra-ehci: Tegra EHCI driver
[    1.558325] ulpi_phy_power_on: ulpi write failed
[    1.562946] tegra-ehci c5004000.usb: Failed to power on the phy
[    1.568875] tegra-ehci: probe of c5004000.usb failed with error -110
[    1.577864] tegra-ehci c5008000.usb: EHCI Host Controller
[    1.583278] tegra-ehci c5008000.usb: new USB bus registered, assigned bus number 1
[    1.591095] tegra-ehci c5008000.usb: irq 290, io mem 0xc5008000
[    1.602134] tegra-ehci c5008000.usb: USB 2.0 started, EHCI 1.00
[    1.608682] hub 1-0:1.0: USB hub found
[    1.612461] hub 1-0:1.0: 1 port detected
[    1.616694] ohci_hcd: USB 1.1 'Open' Host Controller (OHCI) Driver
[    1.622882] ohci-pci: OHCI PCI platform driver
[    1.627370] ohci-platform: OHCI generic platform driver
[    1.632753] ohci-omap3: OHCI OMAP3 driver
[    1.636858] SPEAr-ohci: OHCI SPEAr driver
[    1.640975] ohci-st: OHCI STMicroelectronics driver
[    1.645956] ohci-atmel: OHCI Atmel driver
[    1.650574] usbcore: registered new interface driver usb-storage
[    1.657829] mousedev: PS/2 mouse device common for all mice
[    1.665256] rtc-em3027 2-0056: rtc core: registered rtc-em3027 as rtc0
[    1.672976] tegra_rtc 7000e000.rtc: rtc core: registered 7000e000.rtc as rtc1
[    1.680143] tegra_rtc 7000e000.rtc: Tegra internal Real Time Clock
[    1.686736] i2c /dev entries driver
[    1.698421] sdhci: Secure Digital Host Controller Interface driver
[    1.704611] sdhci: Copyright(c) Pierre Ossman
[    1.710159] Synopsys Designware Multimedia Card Interface Driver
[    1.716997] sdhci-pltfm: SDHCI platform and OF driver helper
[    1.723496] mmc0: Invalid maximum block size, assuming 512 bytes
[    1.757136] mmc0: SDHCI controller on c8000000.sdhci [c8000000.sdhci] using ADMA
[    1.764634] sdhci-tegra c8000600.sdhci: Got CD GPIO
[    1.769527] sdhci-tegra c8000600.sdhci: Got WP GPIO
[    1.774562] mmc1: Invalid maximum block size, assuming 512 bytes
[    1.807211] mmc1: SDHCI controller on c8000600.sdhci [c8000600.sdhci] using ADMA
[    1.815897] ledtrig-cpu: registered to indicate activity on CPUs
[    1.822312] usbcore: registered new interface driver usbhid
[    1.827884] usbhid: USB HID core driver
[    1.835984] NET: Registered protocol family 10
[    1.841142] sit: IPv6 over IPv4 tunneling driver
[    1.846252] NET: Registered protocol family 17
[    1.850709] can: controller area network core (rev 20120528 abi 9)
[    1.856933] NET: Registered protocol family 29
[    1.861377] can: raw protocol (rev 20120528)
[    1.865646] can: broadcast manager protocol (rev 20120528 t)
[    1.871304] can: netlink gateway (rev 20130117) max_hops=1
[    1.877125] Key type dns_resolver registered
[    1.881732] ThumbEE CPU extension supported.
[    1.886017] Registering SWP/SWPB emulation handler
[    1.895627] utmi_phy_clk_enable: timeout waiting for phy to stabilize
[    1.902094] tegra-ehci c5000000.usb: EHCI Host Controller
[    1.907515] tegra-ehci c5000000.usb: new USB bus registered, assigned bus number 2
[    1.915365] tegra-ehci c5000000.usb: irq 288, io mem 0xc5000000
[    1.959109] mmc0: host does not support reading read-only switch, assuming write-enable
[    1.968916] mmc0: new high speed SDHC card at address b368
[    1.974757] mmcblk0: mmc0:b368 NCard 3.70 GiB 
[    1.981108]  mmcblk0: p1
[    1.997144] usb 1-1: new high-speed USB device number 2 using tegra-ehci
[    2.007161] tegra-ehci c5000000.usb: USB 2.0 started, EHCI 1.00
[    2.007358] mmc1: new high speed SD card at address b368
[    2.013330] mmcblk1: mmc1:b368 NCard 1.83 GiB (ro)
[    2.020902]  mmcblk1: p1 p2
[    2.026985] hub 2-0:1.0: USB hub found
[    2.030805] hub 2-0:1.0: 1 port detected
[    2.036129] input: gpio-keys as /devices/soc0/gpio-keys/input/input0
[    2.043214] rtc-em3027 2-0056: setting system clock to 2014-12-28 13:05:53 UTC (1419771953)
[    2.057973] EXT4-fs (mmcblk0p1): mounting ext3 file system using the ext4 subsystem
[    2.143458] hub 1-1:1.0: USB hub found
[    2.147365] hub 1-1:1.0: 4 ports detected
[    2.152138] EXT4-fs (mmcblk0p1): recovery complete
[    2.156940] EXT4-fs (mmcblk0p1): mounted filesystem with ordered data mode. Opts: (null)
[    2.165067] VFS: Mounted root (ext3 filesystem) on device 179:1.
[    2.179510] devtmpfs: mounted
[    2.185043] Freeing unused kernel memory: 2048K (c1100000 - c1300000)
bash: cannot set terminal process group (-1): Inappropriate ioctl for device
bash: no job control in this shell
[    2.437187] usb 1-1.2: new high-speed USB device number 3 using tegra-ehci
root@(none):/# mount -t sysfs none /sys
root@(none):/# 
root@(none):/# mount -t debugfs none /sys/kernel/debug
root@(none):/# 
root@(none):/# rtcwake -d rtc1 -m mem -s 3
rtcwake: assuming RTC uses UTC ...
rtcwake: wakeup from "mem" using /dev/rtc1 at Thu Jan  1 00:00:22 1970
[    6.960332] PM: Syncing filesystems ... done.
[    7.006774] Freezing user space processes ... (elapsed 0.001 seconds) done.
[    7.015275] Freezing remaining freezable tasks ... (elapsed 0.001 seconds) done.
[    7.024339] Suspending console(s) (use no_console_suspend to debug)
[    7.059713] PM: suspend of devices complete after 26.440 msecs
[    7.063348] PM: late suspend of devices complete after 3.603 msecs
[    7.077799] PM: noirq suspend of devices complete after 14.420 msecs
[    7.077810] Disabling non-boot CPUs ...
[    7.079611] CPU1: shutdown
[    7.105354] Entering suspend state LP1
[    7.105405] Enabling non-boot CPUs ...
[    7.131453] CPU1 is up
[    7.132432] pcieport 0000:00:01.0: nv_msi_ht_cap_quirk didn't locate host bridge
[    7.147409] PM: noirq resume of devices complete after 15.921 msecs
[    7.151005] PM: early resume of devices complete after 2.846 msecs
[    7.215729] PM: resume of devices complete after 64.690 msecs
[    7.279828] Restarting tasks ... done.
root@(none):/# 
root@(none):/# rtcwake -d rtc1 -m mem -s 3
rtcwake: assuming RTC uses UTC ...
rtcwake: wakeup from "mem" using /dev/rtc1 at Thu Jan  1 00:00:26 1970
[    7.982150] PM: Syncing filesystems ... done.
[    8.027715] Freezing user space processes ... (elapsed 0.001 seconds) done.
[    8.036236] Freezing remaining freezable tasks ... (elapsed 0.001 seconds) done.
[    8.045314] Suspending console(s) (use no_console_suspend to debug)
[    8.079409] PM: suspend of devices complete after 25.167 msecs
[    8.082933] PM: late suspend of devices complete after 3.493 msecs
[    8.097730] PM: noirq suspend of devices complete after 14.764 msecs
[    8.097741] Disabling non-boot CPUs ...
[    8.099709] CPU1: shutdown
[    8.125287] Entering suspend state LP1
[    8.125335] Enabling non-boot CPUs ...
[    8.151447] CPU1 is up
[    8.153010] pcieport 0000:00:01.0: nv_msi_ht_cap_quirk didn't locate host bridge
[    8.167371] PM: noirq resume of devices complete after 15.890 msecs
[    8.171021] PM: early resume of devices complete after 2.932 msecs
[    8.235559] PM: resume of devices complete after 64.507 msecs
[    8.299631] Restarting tasks ... done.
root@(none):/# 
root@(none):/# rtcwake -d rtc1 -m mem -s 3
rtcwake: assuming RTC uses UTC ...
rtcwake: wakeup from "mem" using /dev/rtc1 at Thu Jan  1 00:00:30 1970
[    9.001163] PM: Syncing filesystems ... done.
[    9.046629] Freezing user space processes ... (elapsed 0.001 seconds) done.
[    9.055182] Freezing remaining freezable tasks ... (elapsed 0.001 seconds) done.
[    9.064317] Suspending console(s) (use no_console_suspend to debug)
[    9.098587] PM: suspend of devices complete after 25.370 msecs
[    9.102132] PM: late suspend of devices complete after 3.512 msecs
[    9.117644] PM: noirq suspend of devices complete after 15.482 msecs
[    9.117655] Disabling non-boot CPUs ...
[    9.119598] CPU1: shutdown
[    9.145236] Entering suspend state LP1
[    9.145286] Enabling non-boot CPUs ...
[    9.171347] CPU1 is up
[    9.172158] pcieport 0000:00:01.0: nv_msi_ht_cap_quirk didn't locate host bridge
[    9.187263] PM: noirq resume of devices complete after 15.884 msecs
[    9.190965] PM: early resume of devices complete after 2.956 msecs
[    9.260637] PM: resume of devices complete after 69.639 msecs
[    9.324713] Restarting tasks ... done.
root@(none):/# 
root@(none):/# rtcwake -d rtc1 -m mem -s 3
rtcwake: assuming RTC uses UTC ...
rtcwake: wakeup from "mem" using /dev/rtc1 at Thu Jan  1 00:00:34 1970
[   10.022089] PM: Syncing filesystems ... done.
[   10.067575] Freezing user space processes ... (elapsed 0.001 seconds) done.
[   10.076106] Freezing remaining freezable tasks ... (elapsed 0.001 seconds) done.
[   10.085002] Suspending console(s) (use no_console_suspend to debug)
[   10.113830] PM: suspend of devices complete after 19.903 msecs
[   10.117413] PM: late suspend of devices complete after 3.552 msecs
[   10.132603] PM: noirq suspend of devices complete after 15.160 msecs
[   10.132613] Disabling non-boot CPUs ...
[   10.134563] CPU1: shutdown
[   10.160197] Entering suspend state LP1
[   10.160246] Enabling non-boot CPUs ...
[   10.186300] CPU1 is up
[   10.187309] pcieport 0000:00:01.0: nv_msi_ht_cap_quirk didn't locate host bridge
[   10.202232] PM: noirq resume of devices complete after 15.899 msecs
[   10.205631] PM: early resume of devices complete after 2.853 msecs
[   10.274551] PM: resume of devices complete after 68.888 msecs
[   10.338569] Restarting tasks ... done.
root@(none):/# 
root@(none):/# rtcwake -d rtc1 -m mem -s 3
rtcwake: assuming RTC uses UTC ...
rtcwake: wakeup from "mem" using /dev/rtc1 at Thu Jan  1 00:00:38 1970
[   11.036466] PM: Syncing filesystems ... done.
[   11.082030] Freezing user space processes ... (elapsed 0.001 seconds) done.
[   11.090516] Freezing remaining freezable tasks ... (elapsed 0.001 seconds) done.
[   11.099642] Suspending console(s) (use no_console_suspend to debug)
[   11.134129] PM: suspend of devices complete after 25.590 msecs
[   11.137680] PM: late suspend of devices complete after 3.520 msecs
[   11.152518] PM: noirq suspend of devices complete after 14.808 msecs
[   11.152529] Disabling non-boot CPUs ...
[   11.154350] CPU1: shutdown
[   11.170128] Entering suspend state LP1
[   11.170177] Enabling non-boot CPUs ...
[   11.196262] CPU1 is up
[   11.197574] pcieport 0000:00:01.0: nv_msi_ht_cap_quirk didn't locate host bridge
[   11.212193] PM: noirq resume of devices complete after 15.898 msecs
[   11.215909] PM: early resume of devices complete after 2.973 msecs
[   11.280422] PM: resume of devices complete after 64.481 msecs
[   11.344491] Restarting tasks ... done.
root@(none):/# 
root@(none):/# rtcwake -d rtc1 -m mem -s 3
rtcwake: assuming RTC uses UTC ...
rtcwake: wakeup from "mem" using /dev/rtc1 at Thu Jan  1 00:00:42 1970
[   12.046792] PM: Syncing filesystems ... done.
[   12.092319] Freezing user space processes ... (elapsed 0.001 seconds) done.
[   12.100848] Freezing remaining freezable tasks ... (elapsed 0.001 seconds) done.
[   12.109921] Suspending console(s) (use no_console_suspend to debug)
[   12.139436] PM: suspend of devices complete after 20.599 msecs
[   12.142978] PM: late suspend of devices complete after 3.510 msecs
[   12.157522] PM: noirq suspend of devices complete after 14.514 msecs
[   12.157534] Disabling non-boot CPUs ...
[   12.159347] CPU1: shutdown
[   12.175086] Entering suspend state LP1
[   12.175135] Enabling non-boot CPUs ...
[   12.201248] CPU1 is up
[   12.202734] pcieport 0000:00:01.0: nv_msi_ht_cap_quirk didn't locate host bridge
[   12.217129] PM: noirq resume of devices complete after 15.849 msecs
[   12.220769] PM: early resume of devices complete after 2.911 msecs
[   12.285300] PM: resume of devices complete after 64.500 msecs
[   12.349349] Restarting tasks ... done.
root@(none):/# 
root@(none):/# rtcwake -d rtc1 -m mem -s 3
rtcwake: assuming RTC uses UTC ...
rtcwake: wakeup from "mem" using /dev/rtc1 at Thu Jan  1 00:00:46 1970
[   13.052065] PM: Syncing filesystems ... done.
[   13.097465] Freezing user space processes ... (elapsed 0.001 seconds) done.
[   13.105984] Freezing remaining freezable tasks ... (elapsed 0.001 seconds) done.
[   13.115064] Suspending console(s) (use no_console_suspend to debug)
[   13.143695] PM: suspend of devices complete after 19.716 msecs
[   13.147523] PM: late suspend of devices complete after 3.797 msecs
[   13.162370] PM: noirq suspend of devices complete after 14.817 msecs
[   13.162381] Disabling non-boot CPUs ...
[   13.164187] CPU1: shutdown
[   13.189975] Entering suspend state LP1
[   13.190023] Enabling non-boot CPUs ...
[   13.216101] CPU1 is up
[   13.217629] pcieport 0000:00:01.0: nv_msi_ht_cap_quirk didn't locate host bridge
[   13.232030] PM: noirq resume of devices complete after 15.896 msecs
[   13.235706] PM: early resume of devices complete after 2.927 msecs
[   13.300287] PM: resume of devices complete after 64.549 msecs
[   13.364342] Restarting tasks ... done.
root@(none):/# 
root@(none):/# rtcwake -d rtc1 -m mem -s 3
rtcwake: assuming RTC uses UTC ...
rtcwake: wakeup from "mem" using /dev/rtc1 at Thu Jan  1 00:00:50 1970
[   14.066441] PM: Syncing filesystems ... done.
[   14.111912] Freezing user space processes ... (elapsed 0.001 seconds) done.
[   14.120394] Freezing remaining freezable tasks ... (elapsed 0.001 seconds) done.
[   14.129515] Suspending console(s) (use no_console_suspend to debug)
[   14.165092] PM: suspend of devices complete after 26.676 msecs
[   14.168884] PM: late suspend of devices complete after 3.761 msecs
[   14.187346] PM: noirq suspend of devices complete after 18.432 msecs
[   14.187357] Disabling non-boot CPUs ...
[   14.189381] CPU1: shutdown
[   14.204939] Entering suspend state LP1
[   14.204990] Enabling non-boot CPUs ...
[   14.231111] CPU1 is up
[   14.232417] pcieport 0000:00:01.0: nv_msi_ht_cap_quirk didn't locate host bridge
[   14.246967] PM: noirq resume of devices complete after 15.825 msecs
[   14.250639] PM: early resume of devices complete after 2.926 msecs
[   14.315341] PM: resume of devices complete after 64.669 msecs
[   14.379400] Restarting tasks ... done.
root@(none):/# 
root@(none):/# rtcwake -d rtc1 -m mem -s 3
rtcwake: assuming RTC uses UTC ...
rtcwake: wakeup from "mem" using /dev/rtc1 at Thu Jan  1 00:00:54 1970
[   15.081422] PM: Syncing filesystems ... done.
[   15.126920] Freezing user space processes ... (elapsed 0.001 seconds) done.
[   15.135409] Freezing remaining freezable tasks ... (elapsed 0.001 seconds) done.
[   15.144534] Suspending console(s) (use no_console_suspend to debug)
[   15.178417] PM: suspend of devices complete after 24.972 msecs
[   15.182312] PM: late suspend of devices complete after 3.863 msecs
[   15.197301] PM: noirq suspend of devices complete after 14.960 msecs
[   15.197312] Disabling non-boot CPUs ...
[   15.199141] CPU1: shutdown
[   15.224848] Entering suspend state LP1
[   15.224897] Enabling non-boot CPUs ...
[   15.250993] CPU1 is up
[   15.252594] pcieport 0000:00:01.0: nv_msi_ht_cap_quirk didn't locate host bridge
[   15.266904] PM: noirq resume of devices complete after 15.878 msecs
[   15.270576] PM: early resume of devices complete after 2.922 msecs
[   15.335092] PM: resume of devices complete after 64.484 msecs
[   15.399148] Restarting tasks ... done.
root@(none):/# 
root@(none):/# rtcwake -d rtc1 -m mem -s 3
rtcwake: assuming RTC uses UTC ...
rtcwake: wakeup from "mem" using /dev/rtc1 at Thu Jan  1 00:00:58 1970
[   16.101347] PM: Syncing filesystems ... done.
[   16.146820] Freezing user space processes ... (elapsed 0.001 seconds) done.
[   16.155303] Freezing remaining freezable tasks ... (elapsed 0.001 seconds) done.
[   16.164420] Suspending console(s) (use no_console_suspend to debug)
[   16.198872] PM: suspend of devices complete after 25.549 msecs
[   16.202440] PM: late suspend of devices complete after 3.537 msecs
[   16.217283] PM: noirq suspend of devices complete after 14.813 msecs
[   16.217293] Disabling non-boot CPUs ...
[   16.219147] CPU1: shutdown
[   16.234826] Entering suspend state LP1
[   16.234875] Enabling non-boot CPUs ...
[   16.260990] CPU1 is up
[   16.262612] pcieport 0000:00:01.0: nv_msi_ht_cap_quirk didn't locate host bridge
[   16.276843] PM: noirq resume of devices complete after 15.819 msecs
[   16.280486] PM: early resume of devices complete after 2.917 msecs
[   16.345106] PM: resume of devices complete after 64.587 msecs
[   16.409166] Restarting tasks ... done.
root@(none):/# 
root@(none):/# NVTB SYSTEM SUSPEND TEST COMPLETE
