Diff for ./tegra30-beaver/tegra30-beaver/tegra_defconfig%tegra30,114_mergeconfig_log.txt
--- /tmp/fooa	2014-01-22 00:09:18.273144470 -0800
+++ /tmp/foob	2014-01-22 00:09:18.277144474 -0800
@@ -23,7 +23,7 @@
 
 Transfer complete
 yzModem - CRC mode, 7(SOH)/4073(STX)/0(CAN) packets, 3 retries
-## Total Size      = 0x003fa650 = 4171344 Bytes
+## Total Size      = 0x003fa628 = 4171304 Bytes
 Tegra30 (Beaver) # loady 0x82000000
 ## Ready for binary (ymodem) download to 0x82000000 at 230400 bps...
 CSending: tegra30-beaver.dtb
@@ -43,7 +43,7 @@
 Booting Linux on physical CPU 0x0
 Initializing cgroup subsys cpu
 Initializing cgroup subsys cpuacct
-Linux version 3.13.0-next-20140121-11586-g7ff18d0 (pwalmsley@kaivo) (gcc version 4.7.3 20130328 (prerelease) (crosstool-NG linaro-1.13.1-4.7-2013.04-20130415 - Linaro GCC 2013.04) ) #1 SMP PREEMPT Mon Jan 20 22:55:16 PST 2014
+Linux version 3.13.0-next-20140122-11779-gc70b3a9 (pwalmsley@kaivo) (gcc version 4.7.3 20130328 (prerelease) (crosstool-NG linaro-1.13.1-4.7-2013.04-20130415 - Linaro GCC 2013.04) ) #1 SMP PREEMPT Tue Jan 21 23:55:26 PST 2014
 CPU: ARMv7 Processor [412fc099] revision 9 (ARMv7), cr=10c5387d
 CPU: PIPT / VIPT nonaliasing data cache, VIPT aliasing instruction cache
 Machine model: NVIDIA Tegra30 Beaver evaluation board
@@ -93,7 +93,7 @@
 Initializing cgroup subsys freezer
 CPU: Testing write buffer coherency: ok
 CPU0: thread -1, cpu 0, socket 0, mpidr 80000000
-Setting up static identity map for 0x80564580 - 0x80564618
+Setting up static identity map for 0x80564488 - 0x80564520
 CPU1: Booted secondary processor
 CPU1: thread -1, cpu 1, socket 0, mpidr 80000001
 CPU2: Booted secondary processor
@@ -346,7 +346,7 @@
  
 INIT: version 2.88 booting
 Using makefile-style concurrent boot in runlevel S.
-Starting the hotplug events dispatcher: udevd[    4.284825] udevd[178]: starting version 175
+Starting the hotplug events dispatcher: udevd[    4.265484] udevd[179]: starting version 175
 [ ok .
 Synthesizing the initial hotplug events...[ ok done.
 Waiting for /dev to be fully populated...[ ok done.
Diff for ./tegra30-beaver/tegra30-beaver/tegra_defconfig_log.txt
--- /tmp/fooa	2014-01-22 00:09:18.281144477 -0800
+++ /tmp/foob	2014-01-22 00:09:18.285144480 -0800
@@ -22,8 +22,8 @@
 Sending: 
 
 Transfer complete
-yzModem - CRC mode, 4(SOH)/4091(STX)/0(CAN) packets, 3 retries
-## Total Size      = 0x003fecc8 = 4189384 Bytes
+yzModem - CRC mode, 4(SOH)/4090(STX)/0(CAN) packets, 3 retries
+## Total Size      = 0x003fe8f0 = 4188400 Bytes
 Tegra30 (Beaver) # loady 0x82000000
 ## Ready for binary (ymodem) download to 0x82000000 at 230400 bps...
 CSending: tegra30-beaver.dtb
@@ -43,7 +43,7 @@
 Booting Linux on physical CPU 0x0
 Initializing cgroup subsys cpu
 Initializing cgroup subsys cpuacct
-Linux version 3.13.0-next-20140121-37076-g7ff18d0 (pwalmsley@tamien) (gcc version 4.7.3 20130328 (prerelease) (crosstool-NG linaro-1.13.1-4.7-2013.04-20130415 - Linaro GCC 2013.04) ) #1 SMP PREEMPT Mon Jan 20 22:48:13 PST 2014
+Linux version 3.13.0-next-20140122-37269-gc70b3a9 (pwalmsley@tamien) (gcc version 4.7.3 20130328 (prerelease) (crosstool-NG linaro-1.13.1-4.7-2013.04-20130415 - Linaro GCC 2013.04) ) #1 SMP PREEMPT Tue Jan 21 23:48:14 PST 2014
 CPU: ARMv7 Processor [412fc099] revision 9 (ARMv7), cr=10c5387d
 CPU: PIPT / VIPT nonaliasing data cache, VIPT aliasing instruction cache
 Machine model: NVIDIA Tegra30 Beaver evaluation board
@@ -93,7 +93,7 @@
 Initializing cgroup subsys freezer
 CPU: Testing write buffer coherency: ok
 CPU0: thread -1, cpu 0, socket 0, mpidr 80000000
-Setting up static identity map for 0x805677f8 - 0x80567890
+Setting up static identity map for 0x805676f8 - 0x80567790
 CPU1: Booted secondary processor
 CPU1: thread -1, cpu 1, socket 0, mpidr 80000001
 CPU2: Booted secondary processor
@@ -346,7 +346,7 @@
  
 INIT: version 2.88 booting
 Using makefile-style concurrent boot in runlevel S.
-Starting the hotplug events dispatcher: udevd[    4.301460] udevd[179]: starting version 175
+Starting the hotplug events dispatcher: udevd[    4.283053] udevd[178]: starting version 175
 [ ok .
 Synthesizing the initial hotplug events...[ ok done.
 Waiting for /dev to be fully populated...[ ok done.
Diff for ./tegra30-beaver/tegra30-beaver/tegra_defconfig%tegra30_mergeconfig_log.txt
--- /tmp/fooa	2014-01-22 00:09:18.293144483 -0800
+++ /tmp/foob	2014-01-22 00:09:18.297144483 -0800
@@ -22,15 +22,15 @@
 Sending: 
 
 Transfer complete
-yzModem - CRC mode, 7(SOH)/4068(STX)/0(CAN) packets, 3 retries
-## Total Size      = 0x003f9210 = 4166160 Bytes
+yzModem - CRC mode, 4(SOH)/4067(STX)/0(CAN) packets, 3 retries
+## Total Size      = 0x003f8ca8 = 4164776 Bytes
 Tegra30 (Beaver) # loady 0x82000000
 ## Ready for binary (ymodem) download to 0x82000000 at 230400 bps...
 CSending: tegra30-beaver.dtb
 Sending: 
 
 Transfer complete
-xyzModem - CRC mode, 4(SOH)/23(STX)/0(CAN) packets, 3 retries
+zModem - CRC mode, 4(SOH)/23(STX)/0(CAN) packets, 3 retries
 ## Total Size      = 0x00005d00 = 23808 Bytes
 Tegra30 (Beaver) # bootz 0x81000000 - 0x82000000
 ## Flattened Device Tree blob at 82000000
@@ -43,7 +43,7 @@
 Booting Linux on physical CPU 0x0
 Initializing cgroup subsys cpu
 Initializing cgroup subsys cpuacct
-Linux version 3.13.0-next-20140121-37076-g7ff18d0 (pwalmsley@tamien) (gcc version 4.7.3 20130328 (prerelease) (crosstool-NG linaro-1.13.1-4.7-2013.04-20130415 - Linaro GCC 2013.04) ) #1 SMP PREEMPT Mon Jan 20 22:50:58 PST 2014
+Linux version 3.13.0-next-20140122-37269-gc70b3a9 (pwalmsley@tamien) (gcc version 4.7.3 20130328 (prerelease) (crosstool-NG linaro-1.13.1-4.7-2013.04-20130415 - Linaro GCC 2013.04) ) #1 SMP PREEMPT Tue Jan 21 23:50:59 PST 2014
 CPU: ARMv7 Processor [412fc099] revision 9 (ARMv7), cr=10c5387d
 CPU: PIPT / VIPT nonaliasing data cache, VIPT aliasing instruction cache
 Machine model: NVIDIA Tegra30 Beaver evaluation board
@@ -51,7 +51,7 @@
 cma: CMA: reserved 16 MiB at ae800000
 Memory policy: Data cache writealloc
 On node 0 totalpages: 524032
-free_area_init_node: node 0, pgdat c07e5100, node_mem_map ed7f0000
+free_area_init_node: node 0, pgdat c07e7100, node_mem_map ed7f0000
   Normal zone: 1520 pages used for memmap
   Normal zone: 0 pages reserved
   Normal zone: 194560 pages, LIFO batch:31
@@ -70,7 +70,7 @@
 PID hash table entries: 4096 (order: 2, 16384 bytes)
 Dentry cache hash table entries: 131072 (order: 7, 524288 bytes)
 Inode-cache hash table entries: 65536 (order: 6, 262144 bytes)
-Memory: 2053864K/2096128K available (5685K kernel code, 306K rwdata, 1828K rodata, 232K init, 336K bss, 42264K reserved, 1317888K highmem)
+Memory: 2053856K/2096128K available (5685K kernel code, 306K rwdata, 1832K rodata, 232K init, 336K bss, 42272K reserved, 1317888K highmem)
 Virtual kernel memory layout:
     vector  : 0xffff0000 - 0xffff1000   (   4 kB)
     fixmap  : 0xfff00000 - 0xfffe0000   ( 896 kB)
@@ -78,10 +78,10 @@
     lowmem  : 0xc0000000 - 0xef800000   ( 760 MB)
     pkmap   : 0xbfe00000 - 0xc0000000   (   2 MB)
     modules : 0xbf000000 - 0xbfe00000   (  14 MB)
-      .text : 0xc0008000 - 0xc075e960   (7515 kB)
-      .init : 0xc075f000 - 0xc0799380   ( 233 kB)
-      .data : 0xc079a000 - 0xc07e6860   ( 307 kB)
-       .bss : 0xc07e686c - 0xc083aa98   ( 337 kB)
+      .text : 0xc0008000 - 0xc075f960   (7519 kB)
+      .init : 0xc0760000 - 0xc079a380   ( 233 kB)
+      .data : 0xc079c000 - 0xc07e8860   ( 307 kB)
+       .bss : 0xc07e886c - 0xc083ca98   ( 337 kB)
 Preemptible hierarchical RCU implementation.
 NR_IRQS:16 nr_irqs:16 16
 sched_clock: 32 bits at 1000kHz, resolution 1000ns, wraps every 2147483648000ns
@@ -93,7 +93,7 @@
 Initializing cgroup subsys freezer
 CPU: Testing write buffer coherency: ok
 CPU0: thread -1, cpu 0, socket 0, mpidr 80000000
-Setting up static identity map for 0x80564008 - 0x805640a0
+Setting up static identity map for 0x80563f08 - 0x80563fa0
 CPU1: Booted secondary processor
 CPU1: thread -1, cpu 1, socket 0, mpidr 80000001
 CPU2: Booted secondary processor
@@ -342,20 +342,20 @@
 EXT3-fs (mmcblk0p1): mounted filesystem with writeback data mode
 VFS: Mounted root (ext3 filesystem) on device 179:1.
 devtmpfs: mounted
-Freeing unused kernel memory: 232K (c075f000 - c0799000)
+Freeing unused kernel memory: 232K (c0760000 - c079a000)
  
 INIT: version 2.88 booting
 Using makefile-style concurrent boot in runlevel S.
-Starting the hotplug events dispatcher: udevd[    4.276306] udevd[178]: starting version 175
+Starting the hotplug events dispatcher: udevd[    4.303204] udevd[179]: starting version 175
 [ ok .
 Synthesizing the initial hotplug events...[ ok done.
 Waiting for /dev to be fully populated...[ ok done.
 Activating swap...[ ok done.
 Cleaning up temporary files... /tmp[ ok .
-random: nonblocking pool is initialized
 Activating lvm and md swap...[ ok done.
 Checking file systems...fsck from util-linux 2.20.1
 [ ok done.
+random: nonblocking pool is initialized
 Mounting local filesystems...mount: unknown filesystem type 'debugfs'
 [FAILfailed.
 Activating swapfile swap...[ ok done.
Diff for ./tegra30-beaver/tegra30-beaver/multi_v7_defconfig_log.txt
--- /tmp/fooa	2014-01-22 00:09:18.301144484 -0800
+++ /tmp/foob	2014-01-22 00:09:18.305144486 -0800
@@ -22,15 +22,15 @@
 Sending: 
 
 Transfer complete
-yzModem - CRC mode, 6(SOH)/4359(STX)/0(CAN) packets, 3 retries
-## Total Size      = 0x00441e00 = 4464128 Bytes
+yzModem - CRC mode, 3(SOH)/4360(STX)/0(CAN) packets, 3 retries
+## Total Size      = 0x00442060 = 4464736 Bytes
 Tegra30 (Beaver) # loady 0x82000000
 ## Ready for binary (ymodem) download to 0x82000000 at 230400 bps...
 CSending: tegra30-beaver.dtb
 Sending: 
 
 Transfer complete
-xyzModem - CRC mode, 4(SOH)/23(STX)/0(CAN) packets, 3 retries
+yzModem - CRC mode, 4(SOH)/23(STX)/0(CAN) packets, 3 retries
 ## Total Size      = 0x00005d00 = 23808 Bytes
 Tegra30 (Beaver) # bootz 0x81000000 - 0x82000000
 ## Flattened Device Tree blob at 82000000
@@ -40,7 +40,7 @@
 Starting kernel ...
 
 Booting Linux on physical CPU 0x0
-Linux version 3.13.0-next-20140121-11586-g7ff18d0 (pwalmsley@kaivo) (gcc version 4.7.3 20130328 (prerelease) (crosstool-NG linaro-1.13.1-4.7-2013.04-20130415 - Linaro GCC 2013.04) ) #1 SMP Mon Jan 20 22:47:20 PST 2014
+Linux version 3.13.0-next-20140122-11779-gc70b3a9 (pwalmsley@kaivo) (gcc version 4.7.3 20130328 (prerelease) (crosstool-NG linaro-1.13.1-4.7-2013.04-20130415 - Linaro GCC 2013.04) ) #1 SMP Tue Jan 21 23:47:22 PST 2014
 CPU: ARMv7 Processor [412fc099] revision 9 (ARMv7), cr=10c5387d
 CPU: PIPT / VIPT nonaliasing data cache, VIPT aliasing instruction cache
 Machine model: NVIDIA Tegra30 Beaver evaluation board
@@ -48,7 +48,7 @@
 cma: CMA: reserved 16 MiB at ae800000
 Memory policy: Data cache writealloc
 On node 0 totalpages: 524032
-free_area_init_node: node 0, pgdat c0919e00, node_mem_map ed7f1000
+free_area_init_node: node 0, pgdat c091be00, node_mem_map ed7f1000
   DMA zone: 1520 pages used for memmap
   DMA zone: 0 pages reserved
   DMA zone: 194560 pages, LIFO batch:31
@@ -67,7 +67,7 @@
 PID hash table entries: 4096 (order: 2, 16384 bytes)
 Dentry cache hash table entries: 131072 (order: 7, 524288 bytes)
 Inode-cache hash table entries: 65536 (order: 6, 262144 bytes)
-Memory: 2052700K/2096128K available (5786K kernel code, 678K rwdata, 2320K rodata, 508K init, 284K bss, 43428K reserved, 1317888K highmem)
+Memory: 2052692K/2096128K available (5786K kernel code, 678K rwdata, 2324K rodata, 508K init, 284K bss, 43436K reserved, 1317888K highmem)
 Virtual kernel memory layout:
     vector  : 0xffff0000 - 0xffff1000   (   4 kB)
     fixmap  : 0xfff00000 - 0xfffe0000   ( 896 kB)
@@ -75,10 +75,10 @@
     lowmem  : 0xc0000000 - 0xef800000   ( 760 MB)
     pkmap   : 0xbfe00000 - 0xc0000000   (   2 MB)
     modules : 0xbf000000 - 0xbfe00000   (  14 MB)
-      .text : 0xc0008000 - 0xc07f2a1c   (8107 kB)
-      .init : 0xc07f3000 - 0xc0872000   ( 508 kB)
-      .data : 0xc0872000 - 0xc091b980   ( 679 kB)
-       .bss : 0xc091b988 - 0xc0962bb8   ( 285 kB)
+      .text : 0xc0008000 - 0xc07f3a38   (8111 kB)
+      .init : 0xc07f4000 - 0xc0873000   ( 508 kB)
+      .data : 0xc0874000 - 0xc091d980   ( 679 kB)
+       .bss : 0xc091d988 - 0xc0964bb8   ( 285 kB)
 SLUB: HWalign=64, Order=0-3, MinObjects=0, CPUs=4, Nodes=1
 Hierarchical RCU implementation.
 NR_IRQS:16 nr_irqs:16 16
@@ -89,7 +89,7 @@
 Mount-cache hash table entries: 512
 CPU: Testing write buffer coherency: ok
 CPU0: thread -1, cpu 0, socket 0, mpidr 80000000
-Setting up static identity map for 0x80577280 - 0x80577318
+Setting up static identity map for 0x80577258 - 0x805772f0
 unable to find compatible sirf rstc node in dtb
 CPU1: Booted secondary processor
 CPU1: thread -1, cpu 1, socket 0, mpidr 80000001
@@ -336,11 +336,11 @@
 EXT4-fs (mmcblk0p1): mounted filesystem with ordered data mode. Opts: (null)
 VFS: Mounted root (ext3 filesystem) on device 179:1.
 devtmpfs: mounted
-Freeing unused kernel memory: 508K (c07f3000 - c0872000)
+Freeing unused kernel memory: 508K (c07f4000 - c0873000)
  
 INIT: version 2.88 booting
 Using makefile-style concurrent boot in runlevel S.
-Starting the hotplug events dispatcher: udevd[    4.123515] udevd[173]: starting version 175
+Starting the hotplug events dispatcher: udevd[    4.134252] udevd[173]: starting version 175
 [ ok .
 Synthesizing the initial hotplug events...[ ok done.
 Waiting for /dev to be fully populated...[ ok done.
@@ -352,8 +352,8 @@
 [ ok done.
 Mounting local filesystems...[ ok done.
 Activating swapfile swap...[ ok done.
-Cleaning up temporary files...[ ok .
 random: nonblocking pool is initialized
+Cleaning up temporary files...[ ok .
 Setting kernel variables ...[ ok done.
 Configuring network interfaces...[ ok done.
 Starting rpcbind daemon...rpcbind: cannot create socket for udp6
Diff for ./tegra30-beaver/tegra30-beaver/tegra_defconfig%tegra20,30_mergeconfig_log.txt
--- /tmp/fooa	2014-01-22 00:09:18.313144490 -0800
+++ /tmp/foob	2014-01-22 00:09:18.313144490 -0800
@@ -22,15 +22,15 @@
 Sending: 
 
 Transfer complete
-yzModem - CRC mode, 3(SOH)/4084(STX)/0(CAN) packets, 3 retries
-## Total Size      = 0x003fd048 = 4182088 Bytes
+yzModem - CRC mode, 2(SOH)/4084(STX)/0(CAN) packets, 3 retries
+## Total Size      = 0x003fcf98 = 4181912 Bytes
 Tegra30 (Beaver) # loady 0x82000000
 ## Ready for binary (ymodem) download to 0x82000000 at 230400 bps...
 CSending: tegra30-beaver.dtb
 Sending: 
 
 Transfer complete
-odem - CRC mode, 4(SOH)/23(STX)/0(CAN) packets, 3 retries
+yzModem - CRC mode, 4(SOH)/23(STX)/0(CAN) packets, 3 retries
 ## Total Size      = 0x00005d00 = 23808 Bytes
 Tegra30 (Beaver) # bootz 0x81000000 - 0x82000000
 ## Flattened Device Tree blob at 82000000
@@ -43,7 +43,7 @@
 Booting Linux on physical CPU 0x0
 Initializing cgroup subsys cpu
 Initializing cgroup subsys cpuacct
-Linux version 3.13.0-next-20140121-11586-g7ff18d0 (pwalmsley@kaivo) (gcc version 4.7.3 20130328 (prerelease) (crosstool-NG linaro-1.13.1-4.7-2013.04-20130415 - Linaro GCC 2013.04) ) #1 SMP PREEMPT Mon Jan 20 22:53:20 PST 2014
+Linux version 3.13.0-next-20140122-11779-gc70b3a9 (pwalmsley@kaivo) (gcc version 4.7.3 20130328 (prerelease) (crosstool-NG linaro-1.13.1-4.7-2013.04-20130415 - Linaro GCC 2013.04) ) #1 SMP PREEMPT Tue Jan 21 23:53:30 PST 2014
 CPU: ARMv7 Processor [412fc099] revision 9 (ARMv7), cr=10c5387d
 CPU: PIPT / VIPT nonaliasing data cache, VIPT aliasing instruction cache
 Machine model: NVIDIA Tegra30 Beaver evaluation board
@@ -70,7 +70,7 @@
 PID hash table entries: 4096 (order: 2, 16384 bytes)
 Dentry cache hash table entries: 131072 (order: 7, 524288 bytes)
 Inode-cache hash table entries: 65536 (order: 6, 262144 bytes)
-Memory: 2053800K/2096128K available (5701K kernel code, 314K rwdata, 1860K rodata, 240K init, 336K bss, 42328K reserved, 1317888K highmem)
+Memory: 2053800K/2096128K available (5697K kernel code, 314K rwdata, 1860K rodata, 240K init, 336K bss, 42328K reserved, 1317888K highmem)
 Virtual kernel memory layout:
     vector  : 0xffff0000 - 0xffff1000   (   4 kB)
     fixmap  : 0xfff00000 - 0xfffe0000   ( 896 kB)
@@ -78,8 +78,8 @@
     lowmem  : 0xc0000000 - 0xef800000   ( 760 MB)
     pkmap   : 0xbfe00000 - 0xc0000000   (   2 MB)
     modules : 0xbf000000 - 0xbfe00000   (  14 MB)
-      .text : 0xc0008000 - 0xc076ab88   (7563 kB)
-      .init : 0xc076b000 - 0xc07a73c0   ( 241 kB)
+      .text : 0xc0008000 - 0xc0769b88   (7559 kB)
+      .init : 0xc076a000 - 0xc07a63c0   ( 241 kB)
       .data : 0xc07a8000 - 0xc07f68e0   ( 315 kB)
        .bss : 0xc07f68ec - 0xc084ab58   ( 337 kB)
 Preemptible hierarchical RCU implementation.
@@ -93,7 +93,7 @@
 Initializing cgroup subsys freezer
 CPU: Testing write buffer coherency: ok
 CPU0: thread -1, cpu 0, socket 0, mpidr 80000000
-Setting up static identity map for 0x80567278 - 0x80567310
+Setting up static identity map for 0x80567178 - 0x80567210
 CPU1: Booted secondary processor
 CPU1: thread -1, cpu 1, socket 0, mpidr 80000001
 CPU2: Booted secondary processor
@@ -342,11 +342,11 @@
 EXT3-fs (mmcblk0p1): mounted filesystem with writeback data mode
 VFS: Mounted root (ext3 filesystem) on device 179:1.
 devtmpfs: mounted
-Freeing unused kernel memory: 240K (c076b000 - c07a7000)
+Freeing unused kernel memory: 240K (c076a000 - c07a6000)
  
 INIT: version 2.88 booting
 Using makefile-style concurrent boot in runlevel S.
-Starting the hotplug events dispatcher: udevd[    4.273497] udevd[178]: starting version 175
+Starting the hotplug events dispatcher: udevd[    4.305430] udevd[179]: starting version 175
 [ ok .
 Synthesizing the initial hotplug events...[ ok done.
 Waiting for /dev to be fully populated...[ ok done.
Diff for ./tegra114-dalmore-headless/tegra114-dalmore/tegra_defconfig%tegra30,114_mergeconfig_log.txt
--- /tmp/fooa	2014-01-22 00:09:18.321144495 -0800
+++ /tmp/foob	2014-01-22 00:09:18.325144497 -0800
@@ -30,7 +30,7 @@
 Load address: 0x81000000
 Loading: *#################################################  2.8 MiB/s
 done
-Bytes transferred = 4171344 (3fa650 hex)
+Bytes transferred = 4171304 (3fa628 hex)
 Dalmore #tftpboot 0x82000000 tegra114-dalmore.dtb
 Using asx0 device
 TFTP from server 192.168.100.1; our IP address is 192.168.100.100
@@ -49,16 +49,16 @@
 Timer summary in microseconds:
        Mark    Elapsed  Stage
           0          0  awake
-  3,067,213  3,067,213  usb_start
-  7,072,333  4,005,120  eth_start
-  7,072,330         -3  tftp start
- 10,946,708  3,874,378  tftp done
- 13,082,320  2,135,612  start_kernel
+  2,992,295  2,992,295  usb_start
+  6,997,416  4,005,121  eth_start
+  6,997,413         -3  tftp start
+ 10,868,668  3,871,255  tftp done
+ 13,007,403  2,138,735  start_kernel
 Uncompressing Linux... done, booting the kernel.
 Booting Linux on physical CPU 0x0
 Initializing cgroup subsys cpu
 Initializing cgroup subsys cpuacct
-Linux version 3.13.0-next-20140121-11586-g7ff18d0 (pwalmsley@kaivo) (gcc version 4.7.3 20130328 (prerelease) (crosstool-NG linaro-1.13.1-4.7-2013.04-20130415 - Linaro GCC 2013.04) ) #1 SMP PREEMPT Mon Jan 20 22:55:16 PST 2014
+Linux version 3.13.0-next-20140122-11779-gc70b3a9 (pwalmsley@kaivo) (gcc version 4.7.3 20130328 (prerelease) (crosstool-NG linaro-1.13.1-4.7-2013.04-20130415 - Linaro GCC 2013.04) ) #1 SMP PREEMPT Tue Jan 21 23:55:26 PST 2014
 CPU: ARMv7 Processor [412fc0f2] revision 2 (ARMv7), cr=10c5387d
 CPU: PIPT / VIPT nonaliasing data cache, PIPT instruction cache
 Machine model: NVIDIA Tegra114 Dalmore evaluation board
@@ -111,7 +111,7 @@
 /cpus/cpu@2 missing clock-frequency property
 /cpus/cpu@3 missing clock-frequency property
 CPU0: thread -1, cpu 0, socket 0, mpidr 80000000
-Setting up static identity map for 0x80564580 - 0x80564618
+Setting up static identity map for 0x80564488 - 0x80564520
 CPU1: Booted secondary processor
 CPU1: thread -1, cpu 1, socket 0, mpidr 80000001
 CPU2: Booted secondary processor
@@ -312,4 +312,63 @@
  mmcblk0: p1 p2 p3 p4 p5
  mmcblk0boot1: unknown partition table
  mmcblk0boot0: unknown partition table
-random: nonblocking pool is initialized
+tegra30-i2s 70080400.i2s: DMA channels sourced from device 70080000.ahub
+tegra-snd-rt5640 sound.5: rt5640-aif1 <-> 70080400.i2s mapping ok
+input: NVIDIA Tegra Dalmore Headphones as /devices/soc0/sound.5/sound/card0/input0
+TCP: cubic registered
+NET: Registered protocol family 10
+mip6: Mobile IPv6
+sit: IPv6 over IPv4 tunneling driver
+NET: Registered protocol family 17
+NET: Registered protocol family 15
+Bluetooth: RFCOMM socket layer initialized
+Bluetooth: RFCOMM ver 1.11
+Bluetooth: BNEP (Ethernet Emulation) ver 1.3
+Bluetooth: BNEP socket layer initialized
+Bluetooth: HIDP (Human Interface Emulation) ver 1.2
+Bluetooth: HIDP socket layer initialized
+Registering SWP/SWPB emulation handler
+hvdd-usb: disabling
+vdd-af-cam1: disabling
+LDO5: disabling
+vpp-fuse: disabling
+avdd-cam2: disabling
+avdd-cam1: disabling
+vdd-com-3v3: disabling
+vdd-lvds: disabling
+avdd-lcd: disabling
+dvdd_ts: 1800 mV 
+usb1_vbus: 5000 mV 
+usb1_vbus: supplied by vdd-sys-5v0
+usb2_vbus: 5000 mV 
+usb2_vbus: supplied by vdd-sys-5v0
+vdd_hdmi_5v0: 5000 mV 
+vdd_hdmi_5v0: supplied by vdd-sys-5v0
+vdd_cam_1v8_reg: 1800 mV 
+[drm] Supports vblank timestamp caching Rev 2 (21.10.2013).
+[drm] No driver support for vblank timestamp query.
+Console: switching to colour frame buffer device 240x75
+host1x drm: fb0:  frame buffer device
+host1x drm: registered panic notifier
+[drm] Initialized tegra 0.0.0 20120330 on minor 0
+platform 7d008000.usb: Driver tegra-ehci requests probe deferral
+tegra-ehci 7d008000.usb: EHCI Host Controller
+tegra-ehci 7d008000.usb: new USB bus registered, assigned bus number 1
+tegra-ehci 7d008000.usb: irq 129, io mem 0x7d008000
+tegra-ehci 7d008000.usb: USB 2.0 started, EHCI 1.10
+hub 1-0:1.0: USB hub found
+hub 1-0:1.0: 1 port detected
+input: gpio-keys.3 as /devices/soc0/gpio-keys.3/input/input1
+palmas-rtc rtc.8: setting system clock to 2000-04-17 10:23:05 UTC (955966985)
+ALSA device list:
+  #0: NVIDIA Tegra Dalmore
+kjournald starting.  Commit interval 5 seconds
+EXT3-fs (mmcblk0p1): using internal journal
+EXT3-fs (mmcblk0p1): recovery complete
+EXT3-fs (mmcblk0p1): mounted filesystem with writeback data mode
+VFS: Mounted root (ext3 filesystem) on device 179:1.
+devtmpfs: mounted
+Freeing unused kernel memory: 236K (c0767000 - c07a2000)
+bash: cannot set terminal process group (-1): Inappropriate ioctl for device
+bash: no job control in this shell
+I have no name!@(none):/# [    3.000741] usb 1-1: new high-speed USB device number 2 using tegra-ehci
Diff for ./tegra114-dalmore-headless/tegra114-dalmore/tegra_defconfig%tegra20,114_mergeconfig_log.txt
--- /tmp/fooa	2014-01-22 00:09:18.329144498 -0800
+++ /tmp/foob	2014-01-22 00:09:18.333144500 -0800
@@ -30,7 +30,7 @@
 Load address: 0x81000000
 Loading: *#################################################  2.8 MiB/s
 done
-Bytes transferred = 4170352 (3fa270 hex)
+Bytes transferred = 4170192 (3fa1d0 hex)
 Dalmore #tftpboot 0x82000000 tegra114-dalmore.dtb
 Using asx0 device
 TFTP from server 192.168.100.1; our IP address is 192.168.100.100
@@ -49,16 +49,16 @@
 Timer summary in microseconds:
        Mark    Elapsed  Stage
           0          0  awake
-  2,139,668  2,139,668  usb_start
-  6,145,014  4,005,346  eth_start
-  6,145,012         -2  tftp start
- 10,054,913  3,909,901  tftp done
- 12,155,184  2,100,271  start_kernel
+  2,132,327  2,132,327  usb_start
+  6,137,516  4,005,189  eth_start
+  6,137,514         -2  tftp start
+ 10,048,950  3,911,436  tftp done
+ 12,147,625  2,098,675  start_kernel
 Uncompressing Linux... done, booting the kernel.
 Booting Linux on physical CPU 0x0
 Initializing cgroup subsys cpu
 Initializing cgroup subsys cpuacct
-Linux version 3.13.0-next-20140121-37076-g7ff18d0 (pwalmsley@tamien) (gcc version 4.7.3 20130328 (prerelease) (crosstool-NG linaro-1.13.1-4.7-2013.04-20130415 - Linaro GCC 2013.04) ) #1 SMP PREEMPT Mon Jan 20 22:53:42 PST 2014
+Linux version 3.13.0-next-20140122-37269-gc70b3a9 (pwalmsley@tamien) (gcc version 4.7.3 20130328 (prerelease) (crosstool-NG linaro-1.13.1-4.7-2013.04-20130415 - Linaro GCC 2013.04) ) #1 SMP PREEMPT Tue Jan 21 23:53:44 PST 2014
 CPU: ARMv7 Processor [412fc0f2] revision 2 (ARMv7), cr=10c5387d
 CPU: PIPT / VIPT nonaliasing data cache, PIPT instruction cache
 Machine model: NVIDIA Tegra114 Dalmore evaluation board
@@ -111,7 +111,7 @@
 /cpus/cpu@2 missing clock-frequency property
 /cpus/cpu@3 missing clock-frequency property
 CPU0: thread -1, cpu 0, socket 0, mpidr 80000000
-Setting up static identity map for 0x80564cc8 - 0x80564d60
+Setting up static identity map for 0x80564bd0 - 0x80564c68
 CPU1: Booted secondary processor
 CPU1: thread -1, cpu 1, socket 0, mpidr 80000001
 CPU2: Booted secondary processor
@@ -366,7 +366,7 @@
 platform sound.5: Driver tegra-snd-rt5640 requests probe deferral
 input: gpio-keys.3 as /devices/soc0/gpio-keys.3/input/input0
 tegra-snd-rt5640 sound.5: ASoC: CPU DAI (null) not registered
-palmas-rtc rtc.8: setting system clock to 2000-04-16 09:21:18 UTC (955876878)
+palmas-rtc rtc.8: setting system clock to 2000-04-17 10:21:22 UTC (955966882)
 tegra-snd-rt5640 sound.5: snd_soc_register_card failed (-517)
 platform sound.5: Driver tegra-snd-rt5640 requests probe deferral
 ALSA device list:
@@ -380,4 +380,4 @@
 Freeing unused kernel memory: 236K (c0764000 - c079f000)
 bash: cannot set terminal process group (-1): Inappropriate ioctl for device
 bash: no job control in this shell
-I have no name!@(none):/# [    3.011036]
\ No newline at end of file
+I have no name!@(none):/# 
\ No newline at end of file
Diff for ./tegra114-dalmore-headless/tegra114-dalmore/tegra_defconfig_log.txt
--- /tmp/fooa	2014-01-22 00:09:18.341144504 -0800
+++ /tmp/foob	2014-01-22 00:09:18.345144506 -0800
@@ -11,7 +11,7 @@
 Err:   serial
 Net:   Net Initialization Skipped
 No ethernet found.
-Hit any key to stop autoboot:  2  1  0 
+Hit any key to stop autoboot:  2  0 
 Dalmore #
 Dalmore #usb reset
 (Re)start USB...
@@ -30,13 +30,13 @@
 Load address: 0x81000000
 Loading: *#################################################  2.8 MiB/s
 done
-Bytes transferred = 4189384 (3fecc8 hex)
+Bytes transferred = 4188400 (3fe8f0 hex)
 Dalmore #tftpboot 0x82000000 tegra114-dalmore.dtb
 Using asx0 device
 TFTP from server 192.168.100.1; our IP address is 192.168.100.100
 Filename 'tegra114-dalmore.dtb'.
 Load address: 0x82000000
-Loading: *#################################################  2.7 MiB/s
+Loading: *#################################################  2.5 MiB/s
 done
 Bytes transferred = 34015 (84df hex)
 Dalmore #bootz 0x81000000 - 0x82000000
@@ -49,16 +49,16 @@
 Timer summary in microseconds:
        Mark    Elapsed  Stage
           0          0  awake
-  3,079,651  3,079,651  usb_start
-  7,082,686  4,003,035  eth_start
-  7,082,683         -3  tftp start
- 10,949,022  3,866,339  tftp done
- 13,094,758  2,145,736  start_kernel
+  2,124,275  2,124,275  usb_start
+  6,127,311  4,003,036  eth_start
+  6,127,309         -2  tftp start
+ 10,001,524  3,874,215  tftp done
+ 12,139,393  2,137,869  start_kernel
 Uncompressing Linux... done, booting the kernel.
 Booting Linux on physical CPU 0x0
 Initializing cgroup subsys cpu
 Initializing cgroup subsys cpuacct
-Linux version 3.13.0-next-20140121-37076-g7ff18d0 (pwalmsley@tamien) (gcc version 4.7.3 20130328 (prerelease) (crosstool-NG linaro-1.13.1-4.7-2013.04-20130415 - Linaro GCC 2013.04) ) #1 SMP PREEMPT Mon Jan 20 22:48:13 PST 2014
+Linux version 3.13.0-next-20140122-37269-gc70b3a9 (pwalmsley@tamien) (gcc version 4.7.3 20130328 (prerelease) (crosstool-NG linaro-1.13.1-4.7-2013.04-20130415 - Linaro GCC 2013.04) ) #1 SMP PREEMPT Tue Jan 21 23:48:14 PST 2014
 CPU: ARMv7 Processor [412fc0f2] revision 2 (ARMv7), cr=10c5387d
 CPU: PIPT / VIPT nonaliasing data cache, PIPT instruction cache
 Machine model: NVIDIA Tegra114 Dalmore evaluation board
@@ -111,7 +111,7 @@
 /cpus/cpu@2 missing clock-frequency property
 /cpus/cpu@3 missing clock-frequency property
 CPU0: thread -1, cpu 0, socket 0, mpidr 80000000
-Setting up static identity map for 0x805677f8 - 0x80567890
+Setting up static identity map for 0x805676f8 - 0x80567790
 CPU1: Booted secondary processor
 CPU1: thread -1, cpu 1, socket 0, mpidr 80000001
 CPU2: Booted secondary processor
@@ -359,7 +359,7 @@
 hub 1-0:1.0: USB hub found
 hub 1-0:1.0: 1 port detected
 input: gpio-keys.3 as /devices/soc0/gpio-keys.3/input/input1
-palmas-rtc rtc.8: setting system clock to 2000-04-16 09:16:59 UTC (955876619)
+palmas-rtc rtc.8: setting system clock to 2000-04-17 10:16:05 UTC (955966565)
 ALSA device list:
   #0: NVIDIA Tegra Dalmore
 kjournald starting.  Commit interval 5 seconds
@@ -371,4 +371,4 @@
 Freeing unused kernel memory: 244K (c0772000 - c07af000)
 bash: cannot set terminal process group (-1): Inappropriate ioctl for device
 bash: no job control in this shell
-I have no name!@(none):/# 
\ No newline at end of file
+I have no name!@(none):/# [    2.991035] usb 1-1: new high-speed USB device number 2 using tegra-ehci
Diff for ./tegra114-dalmore-headless/tegra114-dalmore/multi_v7_defconfig_log.txt
--- /tmp/fooa	2014-01-22 00:09:18.349144508 -0800
+++ /tmp/foob	2014-01-22 00:09:18.353144509 -0800
@@ -30,13 +30,13 @@
 Load address: 0x81000000
 Loading: *#################################################  2.8 MiB/s
 done
-Bytes transferred = 4464128 (441e00 hex)
+Bytes transferred = 4464736 (442060 hex)
 Dalmore #tftpboot 0x82000000 tegra114-dalmore.dtb
 Using asx0 device
 TFTP from server 192.168.100.1; our IP address is 192.168.100.100
 Filename 'tegra114-dalmore.dtb'.
 Load address: 0x82000000
-Loading: *#################################################  2.7 MiB/s
+Loading: *#################################################  2.5 MiB/s
 done
 Bytes transferred = 34015 (84df hex)
 Dalmore #bootz 0x81000000 - 0x82000000
@@ -49,13 +49,13 @@
 Timer summary in microseconds:
        Mark    Elapsed  Stage
           0          0  awake
-  3,048,708  3,048,708  usb_start
-  7,052,022  4,003,314  eth_start
-  7,052,020         -2  tftp start
- 11,064,707  4,012,687  tftp done
- 13,063,842  1,999,135  start_kernel
+  3,071,310  3,071,310  usb_start
+  7,074,632  4,003,322  eth_start
+  7,074,629         -3  tftp start
+ 11,040,935  3,966,306  tftp done
+ 13,086,452  2,045,517  start_kernel
 Booting Linux on physical CPU 0x0
-Linux version 3.13.0-next-20140121-11586-g7ff18d0 (pwalmsley@kaivo) (gcc version 4.7.3 20130328 (prerelease) (crosstool-NG linaro-1.13.1-4.7-2013.04-20130415 - Linaro GCC 2013.04) ) #1 SMP Mon Jan 20 22:47:20 PST 2014
+Linux version 3.13.0-next-20140122-11779-gc70b3a9 (pwalmsley@kaivo) (gcc version 4.7.3 20130328 (prerelease) (crosstool-NG linaro-1.13.1-4.7-2013.04-20130415 - Linaro GCC 2013.04) ) #1 SMP Tue Jan 21 23:47:22 PST 2014
 CPU: ARMv7 Processor [412fc0f2] revision 2 (ARMv7), cr=10c5387d
 CPU: PIPT / VIPT nonaliasing data cache, PIPT instruction cache
 Machine model: NVIDIA Tegra114 Dalmore evaluation board
@@ -63,7 +63,7 @@
 cma: CMA: reserved 16 MiB at ae800000
 Memory policy: Data cache writealloc
 On node 0 totalpages: 524032
-free_area_init_node: node 0, pgdat c0919e00, node_mem_map ed7f1000
+free_area_init_node: node 0, pgdat c091be00, node_mem_map ed7f1000
   DMA zone: 1520 pages used for memmap
   DMA zone: 0 pages reserved
   DMA zone: 194560 pages, LIFO batch:31
@@ -78,7 +78,7 @@
 PID hash table entries: 4096 (order: 2, 16384 bytes)
 Dentry cache hash table entries: 131072 (order: 7, 524288 bytes)
 Inode-cache hash table entries: 65536 (order: 6, 262144 bytes)
-Memory: 2052668K/2096128K available (5786K kernel code, 678K rwdata, 2320K rodata, 508K init, 284K bss, 43460K reserved, 1317888K highmem)
+Memory: 2052660K/2096128K available (5786K kernel code, 678K rwdata, 2324K rodata, 508K init, 284K bss, 43468K reserved, 1317888K highmem)
 Virtual kernel memory layout:
     vector  : 0xffff0000 - 0xffff1000   (   4 kB)
     fixmap  : 0xfff00000 - 0xfffe0000   ( 896 kB)
@@ -86,10 +86,10 @@
     lowmem  : 0xc0000000 - 0xef800000   ( 760 MB)
     pkmap   : 0xbfe00000 - 0xc0000000   (   2 MB)
     modules : 0xbf000000 - 0xbfe00000   (  14 MB)
-      .text : 0xc0008000 - 0xc07f2a1c   (8107 kB)
-      .init : 0xc07f3000 - 0xc0872000   ( 508 kB)
-      .data : 0xc0872000 - 0xc091b980   ( 679 kB)
-       .bss : 0xc091b988 - 0xc0962bb8   ( 285 kB)
+      .text : 0xc0008000 - 0xc07f3a38   (8111 kB)
+      .init : 0xc07f4000 - 0xc0873000   ( 508 kB)
+      .data : 0xc0874000 - 0xc091d980   ( 679 kB)
+       .bss : 0xc091d988 - 0xc0964bb8   ( 285 kB)
 SLUB: HWalign=64, Order=0-3, MinObjects=0, CPUs=4, Nodes=1
 Hierarchical RCU implementation.
 NR_IRQS:16 nr_irqs:16 16
@@ -107,7 +107,7 @@
 /cpus/cpu@2 missing clock-frequency property
 /cpus/cpu@3 missing clock-frequency property
 CPU0: thread -1, cpu 0, socket 0, mpidr 80000000
-Setting up static identity map for 0x80577280 - 0x80577318
+Setting up static identity map for 0x80577258 - 0x805772f0
 unable to find compatible sirf rstc node in dtb
 CPU1: Booted secondary processor
 CPU1: thread -1, cpu 1, socket 0, mpidr 80000001
Diff for ./tegra114-dalmore-headless/tegra114-dalmore/tegra_defconfig%tegra114_mergeconfig_log.txt
--- /tmp/fooa	2014-01-22 00:09:18.361144513 -0800
+++ /tmp/foob	2014-01-22 00:09:18.361144513 -0800
@@ -30,7 +30,7 @@
 Load address: 0x81000000
 Loading: *#################################################  2.8 MiB/s
 done
-Bytes transferred = 4151272 (3f57e8 hex)
+Bytes transferred = 4150864 (3f5650 hex)
 Dalmore #tftpboot 0x82000000 tegra114-dalmore.dtb
 Using asx0 device
 TFTP from server 192.168.100.1; our IP address is 192.168.100.100
@@ -49,16 +49,16 @@
 Timer summary in microseconds:
        Mark    Elapsed  Stage
           0          0  awake
-  2,988,637  2,988,637  usb_start
-  6,993,530  4,004,893  eth_start
-  6,993,528         -2  tftp start
- 10,845,008  3,851,480  tftp done
- 13,003,788  2,158,780  start_kernel
+  3,064,698  3,064,698  usb_start
+  7,069,567  4,004,869  eth_start
+  7,069,564         -3  tftp start
+ 10,926,445  3,856,881  tftp done
+ 13,079,824  2,153,379  start_kernel
 Uncompressing Linux... done, booting the kernel.
 Booting Linux on physical CPU 0x0
 Initializing cgroup subsys cpu
 Initializing cgroup subsys cpuacct
-Linux version 3.13.0-next-20140121-11586-g7ff18d0 (pwalmsley@kaivo) (gcc version 4.7.3 20130328 (prerelease) (crosstool-NG linaro-1.13.1-4.7-2013.04-20130415 - Linaro GCC 2013.04) ) #1 SMP PREEMPT Mon Jan 20 22:51:23 PST 2014
+Linux version 3.13.0-next-20140122-11779-gc70b3a9 (pwalmsley@kaivo) (gcc version 4.7.3 20130328 (prerelease) (crosstool-NG linaro-1.13.1-4.7-2013.04-20130415 - Linaro GCC 2013.04) ) #1 SMP PREEMPT Tue Jan 21 23:51:30 PST 2014
 CPU: ARMv7 Processor [412fc0f2] revision 2 (ARMv7), cr=10c5387d
 CPU: PIPT / VIPT nonaliasing data cache, PIPT instruction cache
 Machine model: NVIDIA Tegra114 Dalmore evaluation board
@@ -111,7 +111,7 @@
 /cpus/cpu@2 missing clock-frequency property
 /cpus/cpu@3 missing clock-frequency property
 CPU0: thread -1, cpu 0, socket 0, mpidr 80000000
-Setting up static identity map for 0x80561978 - 0x80561a10
+Setting up static identity map for 0x80561880 - 0x80561918
 CPU1: Booted secondary processor
 CPU1: thread -1, cpu 1, socket 0, mpidr 80000001
 CPU2: Booted secondary processor
@@ -368,7 +368,7 @@
 tegra-snd-rt5640 sound.5: ASoC: CPU DAI (null) not registered
 tegra-snd-rt5640 sound.5: snd_soc_register_card failed (-517)
 platform sound.5: Driver tegra-snd-rt5640 requests probe deferral
-palmas-rtc rtc.8: setting system clock to 2000-04-16 09:19:55 UTC (955876795)
+palmas-rtc rtc.8: setting system clock to 2000-04-17 10:19:56 UTC (955966796)
 ALSA device list:
   No soundcards found.
 kjournald starting.  Commit interval 5 seconds
@@ -380,4 +380,4 @@
 Freeing unused kernel memory: 232K (c0758000 - c0792000)
 bash: cannot set terminal process group (-1): Inappropriate ioctl for device
 bash: no job control in this shell
-I have no name!@(none):/# [    2.981073] usb 1-1: new high-speed USB device number 2 using tegra-ehci
+I have no name!@(none):/# 
\ No newline at end of file
