Diff for ./qemu-vexpress64/__internal/defconfig_log.txt
--- /tmp/fooa	2016-07-21 00:12:36.801612102 -0700
+++ /tmp/foob	2016-07-21 00:12:36.801612102 -0700
@@ -1,5 +1,5 @@
 Booting Linux on physical CPU 0x0
-Linux version 4.7.0-rc7-next-20160720+ (pwalmsley@tamien) (gcc version 4.9.2 20140904 (prerelease) (crosstool-NG linaro-1.13.1-4.9-2014.09 - Linaro GCC 4.9-2014.09) ) #1 SMP PREEMPT Wed Jul 20 01:30:36 PDT 2016
+Linux version 4.7.0-rc7-next-20160721+ (pwalmsley@tamien) (gcc version 4.9.2 20140904 (prerelease) (crosstool-NG linaro-1.13.1-4.9-2014.09 - Linaro GCC 4.9-2014.09) ) #1 SMP PREEMPT Thu Jul 21 00:06:39 PDT 2016
 Boot CPU: AArch64 Processor [411fd070]
 Memory limited to 1024MB
 efi: Getting EFI parameters from FDT:
@@ -97,7 +97,7 @@
 kvm [1]: HYP mode not available
 futex hash table entries: 256 (order: 3, 32768 bytes)
 audit: initializing netlink subsys (disabled)
-audit: type=2000 audit(0.600:1): initialized
+audit: type=2000 audit(0.612:1): initialized
 workingset: timestamp_bits=46 max_order=18 bucket_order=0
 squashfs: version 4.0 (2009/01/31) Phillip Lougher
 NFS: Registering the id_resolver key type
@@ -163,7 +163,7 @@
 Key type dns_resolver registered
 registered taskstats version 1
 input: gpio-keys as /devices/platform/gpio-keys/input/input0
-rtc-pl031 9010000.pl031: setting system clock to 2016-07-20 08:31:10 UTC (1469003470)
+rtc-pl031 9010000.pl031: setting system clock to 2016-07-21 07:07:19 UTC (1469084839)
 ALSA device list:
   No soundcards found.
 uart-pl011 9000000.pl011: no DMA platform data
Diff for ./tegra114-dalmore-a04/tegra114-dalmore/multi_v7_defconfig_log.txt
--- /tmp/fooa	2016-07-21 00:12:36.809612113 -0700
+++ /tmp/foob	2016-07-21 00:12:36.809612113 -0700
@@ -41,18 +41,18 @@
 	 ############################
 	 3.1 MiB/s
 done
-Bytes transferred = 7086128 (6c2030 hex)
+Bytes transferred = 7087600 (6c25f0 hex)
 Tegra114 (Dalmore) # tftpboot 0x82000000 tegra114-dalmore.dtb
 Using asx0 device
 TFTP from server 192.168.100.1; our IP address is 192.168.100.100
 Filename 'tegra114-dalmore.dtb'.
 Load address: 0x82000000
 Loading: *###
-	 2.8 MiB/s
+	 3 MiB/s
 done
 Bytes transferred = 34956 (888c hex)
 Tegra114 (Dalmore) # bootz 0x81000000 - 0x82000000
-Kernel image @ 0x81000000 [ 0x000000 - 0x6c2030 ]
+Kernel image @ 0x81000000 [ 0x000000 - 0x6c25f0 ]
 ## Flattened Device Tree blob at 82000000
    Booting using the fdt blob at 0x82000000
    Loading Device Tree to 8fff4000, end 8ffff88b ... OK
@@ -60,7 +60,7 @@
 Starting kernel ...
 
 Booting Linux on physical CPU 0x0
-Linux version 4.7.0-rc7-next-20160720-108392-g25026d1 (pwalmsley@sellafield) (gcc version 4.7.3 20130328 (prerelease) (crosstool-NG linaro-1.13.1-4.7-2013.04-20130415 - Linaro GCC 2013.04) ) #1 SMP Wed Jul 20 01:27:46 PDT 2016
+Linux version 4.7.0-rc7-next-20160721-108564-g58d3615 (pwalmsley@sellafield) (gcc version 4.7.3 20130328 (prerelease) (crosstool-NG linaro-1.13.1-4.7-2013.04-20130415 - Linaro GCC 2013.04) ) #1 SMP Thu Jul 21 00:04:13 PDT 2016
 CPU: ARMv7 Processor [412fc0f2] revision 2 (ARMv7), cr=10c5387d
 CPU: div instructions available: patching division code
 CPU: PIPT / VIPT nonaliasing data cache, PIPT instruction cache
@@ -288,9 +288,13 @@
  mmcblk0: p1 p2 p3
 tegra-ehci 7d008000.usb: EHCI Host Controller
 tegra-ehci 7d008000.usb: new USB bus registered, assigned bus number 1
-mmc1: new high speed MMC card at address 0001
 tegra-ehci 7d008000.usb: irq 339, io mem 0x7d008000
+mmc1: new high speed MMC card at address 0001
 mmcblk1: mmc1:0001 SEM32G 29.1 GiB 
+mmcblk1boot0: mmc1:0001 SEM32G partition 1 4.00 MiB
+mmcblk1boot1: mmc1:0001 SEM32G partition 2 4.00 MiB
+mmcblk1rpmb: mmc1:0001 SEM32G partition 3 4.00 MiB
+ mmcblk1: p1 p2 p3 p4 p5 p6 p7 p8
 tegra-ehci 7d008000.usb: USB 2.0 started, EHCI 1.10
 hub 1-0:1.0: USB hub found
 hub 1-0:1.0: 1 port detected
@@ -304,13 +308,7 @@
 dvdd_ts: disabling
 usb1_vbus: disabling
 VDD_5V0_HDMI_CON: disabling
-mmcblk1boot0: mmc1:0001 SEM32G partition 1 4.00 MiB
-mmcblk1boot1: mmc1:0001 SEM32G partition 2 4.00 MiB
-mmcblk1rpmb: mmc1:0001 SEM32G partition 3 4.00 MiB
- mmcblk1: p1 p2 p3 p4 p5 p6 p7 p8
 EXT4-fs (mmcblk1p1): mounting ext3 file system using the ext4 subsystem
-tegra-hdmi 54280000.hdmi: failed to get PLL regulator
-tegra-dsi 54300000.dsi: cannot get VDD supply
 EXT4-fs (mmcblk1p1): recovery complete
 EXT4-fs (mmcblk1p1): mounted filesystem with ordered data mode. Opts: (null)
 VFS: Mounted root (ext3 filesystem) on device 179:17.
@@ -318,5 +316,4 @@
 Freeing unused kernel memory: 2048K (c1100000 - c1300000)
 bash: cannot set terminal process group (-1): Inappropriate ioctl for device
 bash: no job control in this shell
-usb 1-1: new high-speed USB device number 2 using tegra-ehci
-root@(none):/# 
\ No newline at end of file
+root@(none):/# [    2.155602] usb 1-1: new high-speed USB device number 2 using tegra-ehci
Diff for ./tegra114-dalmore-a04/tegra114-dalmore/tegra_defconfig_log.txt
--- /tmp/fooa	2016-07-21 00:12:36.817612125 -0700
+++ /tmp/foob	2016-07-21 00:12:36.817612125 -0700
@@ -37,20 +37,20 @@
 	 #################################################################
 	 #################################################################
 	 ############################################
-	 3.1 MiB/s
+	 3 MiB/s
 done
-Bytes transferred = 5406184 (527de8 hex)
+Bytes transferred = 5408144 (528590 hex)
 Tegra114 (Dalmore) # tftpboot 0x82000000 tegra114-dalmore.dtb
 Using asx0 device
 TFTP from server 192.168.100.1; our IP address is 192.168.100.100
 Filename 'tegra114-dalmore.dtb'.
 Load address: 0x82000000
 Loading: *###
-	 2.8 MiB/s
+	 2.6 MiB/s
 done
 Bytes transferred = 34956 (888c hex)
 Tegra114 (Dalmore) # bootz 0x81000000 - 0x82000000
-Kernel image @ 0x81000000 [ 0x000000 - 0x527de8 ]
+Kernel image @ 0x81000000 [ 0x000000 - 0x528590 ]
 ## Flattened Device Tree blob at 82000000
    Booting using the fdt blob at 0x82000000
    Loading Device Tree to 8fff4000, end 8ffff88b ... OK
@@ -59,7 +59,7 @@
 
 Uncompressing Linux... done, booting the kernel.
 Booting Linux on physical CPU 0x0
-Linux version 4.7.0-rc7-next-20160720-108392-g25026d1 (pwalmsley@kaivo) (gcc version 4.7.3 20130328 (prerelease) (crosstool-NG linaro-1.13.1-4.7-2013.04-20130415 - Linaro GCC 2013.04) ) #1 SMP PREEMPT Wed Jul 20 01:27:52 PDT 2016
+Linux version 4.7.0-rc7-next-20160721-108564-g58d3615 (pwalmsley@kaivo) (gcc version 4.7.3 20130328 (prerelease) (crosstool-NG linaro-1.13.1-4.7-2013.04-20130415 - Linaro GCC 2013.04) ) #1 SMP PREEMPT Thu Jul 21 00:04:11 PDT 2016
 CPU: ARMv7 Processor [412fc0f2] revision 2 (ARMv7), cr=10c5387d
 CPU: div instructions available: patching division code
 CPU: PIPT / VIPT nonaliasing data cache, PIPT instruction cache
@@ -263,8 +263,8 @@
 mmcblk1boot0: mmc1:0001 SEM32G partition 1 4.00 MiB
 mmcblk1boot1: mmc1:0001 SEM32G partition 2 4.00 MiB
 mmcblk1rpmb: mmc1:0001 SEM32G partition 3 4.00 MiB
- mmcblk1: p1 p2 p3 p4 p5 p6 p7 p8
  mmcblk0: p1 p2 p3
+ mmcblk1: p1 p2 p3 p4 p5 p6 p7 p8
 tegra30-i2s 70080400.i2s: DMA channels sourced from device 70080000.ahub
 tegra-snd-rt5640 sound: rt5640-aif1 <-> 70080400.i2s mapping ok
 input: NVIDIA Tegra Dalmore Headphones as /devices/soc0/sound/sound/card0/input0
@@ -317,4 +317,5 @@
 Freeing unused kernel memory: 1024K (c0c00000 - c0d00000)
 bash: cannot set terminal process group (-1): Inappropriate ioctl for device
 bash: no job control in this shell
-root@(none):/# [    5.820270] usb 1-1: new high-speed USB device number 2 using tegra-ehci
+usb 1-1: new high-speed USB device number 2 using tegra-ehci
+root@(none):/# 
\ No newline at end of file
Diff for ./tegra124-jetson-tk1/tegra124-jetson-tk1/multi_v7_defconfig_log.txt
--- /tmp/fooa	2016-07-21 00:12:36.821612131 -0700
+++ /tmp/foob	2016-07-21 00:12:36.825612137 -0700
@@ -34,9 +34,9 @@
 	 #################################################################
 	 #################################################################
 	 ############################
-	 3.9 MiB/s
+	 4 MiB/s
 done
-Bytes transferred = 7086128 (6c2030 hex)
+Bytes transferred = 7087600 (6c25f0 hex)
 Tegra124 (Jetson TK1) # tftpboot 0x83000000 tegra124-jetson-tk1.dtb
 Using eth_rtl8169 device
 TFTP from server 192.168.100.1; our IP address is 192.168.100.102
@@ -47,7 +47,7 @@
 done
 Bytes transferred = 66405 (10365 hex)
 Tegra124 (Jetson TK1) # bootz 0x82000000 - 0x83000000
-Kernel image @ 0x82000000 [ 0x000000 - 0x6c2030 ]
+Kernel image @ 0x82000000 [ 0x000000 - 0x6c25f0 ]
 ## Flattened Device Tree blob at 83000000
    Booting using the fdt blob at 0x83000000
    Using Device Tree in place at 83000000, end 83013364
@@ -55,7 +55,7 @@
 Starting kernel ...
 
 Booting Linux on physical CPU 0x0
-Linux version 4.7.0-rc7-next-20160720-108392-g25026d1 (pwalmsley@sellafield) (gcc version 4.7.3 20130328 (prerelease) (crosstool-NG linaro-1.13.1-4.7-2013.04-20130415 - Linaro GCC 2013.04) ) #1 SMP Wed Jul 20 01:27:46 PDT 2016
+Linux version 4.7.0-rc7-next-20160721-108564-g58d3615 (pwalmsley@sellafield) (gcc version 4.7.3 20130328 (prerelease) (crosstool-NG linaro-1.13.1-4.7-2013.04-20130415 - Linaro GCC 2013.04) ) #1 SMP Thu Jul 21 00:04:13 PDT 2016
 CPU: ARMv7 Processor [413fc0f3] revision 3 (ARMv7), cr=10c5387d
 CPU: div instructions available: patching division code
 CPU: PIPT / VIPT nonaliasing data cache, PIPT instruction cache
@@ -305,12 +305,6 @@
 +5V_SATA: supplied by +5V_SYS
 +12V_SATA: supplied by +VDD_MUX
 usb2-0 supply vbus not found, using dummy regulator
-mmc0: new high speed MMC card at address 0001
-mmcblk0: mmc0:0001 SEM16G 14.7 GiB 
-mmcblk0boot0: mmc0:0001 SEM16G partition 1 4.00 MiB
-mmcblk0boot1: mmc0:0001 SEM16G partition 2 4.00 MiB
-mmcblk0rpmb: mmc0:0001 SEM16G partition 3 4.00 MiB
- mmcblk0: p1
 usb2-1 supply vbus not found, using dummy regulator
 usb3-0 supply vbus not found, using dummy regulator
 tegra-pcie 1003000.pcie-controller: 2x1, 1x1 configuration
@@ -321,6 +315,7 @@
 as3722-sd4: supplied by +5V_SYS
 +1.05V_RUN_AVDD_HDMI_PLL: supplied by +1.05V_RUN
 as3722-sd5: supplied by +5V_SYS
+mmc0: new high speed MMC card at address 0001
 as3722-ldo0: supplied by +1.35V_LP0(sd2)
 as3722-ldo1: supplied by +3.3V_RUN
 as3722-ldo2: supplied by +1.8V_VDDIO
@@ -374,7 +369,6 @@
 pci 0000:01:00.0: reg 0x10: [mem 0x00000000-0x00001fff 64bit]
 pci 0000:01:00.0: PME# supported from D0 D3hot D3cold
 PCI: bus1: Fast back to back transfers disabled
-ata1: SATA link down (SStatus 0 SControl 300)
 pci_bus 0000:01: busn_res: [bus 01-ff] end is updated to 01
 pci 0000:02:00.0: [10ec:8168] type 00 class 0x020000
 pci 0000:02:00.0: reg 0x10: [io  0x0000-0x00ff]
@@ -410,15 +404,21 @@
 pcie_pme 0000:00:02.0:pcie001: service driver pcie_pme loaded
 r8169 Gigabit Ethernet driver 2.3LK-NAPI loaded
 r8169 0000:02:00.0: enabling device (0140 -> 0143)
-mmc1: new high speed SDHC card at address aaaa
-mmcblk1: mmc1:aaaa SD04G 3.69 GiB 
-r8169 0000:02:00.0 eth0: RTL8168g/8111g at 0xf0a52000, 00:04:4b:3a:d9:81, XID 0c000800 IRQ 395
+r8169 0000:02:00.0 eth0: RTL8168g/8111g at 0xf0a48000, 00:04:4b:3a:d9:81, XID 0c000800 IRQ 395
 r8169 0000:02:00.0 eth0: jumbo features [frames: 9200 bytes, tx checksumming: ko]
 [drm] Supports vblank timestamp caching Rev 2 (21.10.2013).
 [drm] No driver support for vblank timestamp query.
 drm drm: No connectors reported connected with modes
 [drm] Cannot find any crtc or sizes - going 1024x768
+ata1: SATA link down (SStatus 0 SControl 300)
+mmc1: new high speed SDHC card at address aaaa
+mmcblk1: mmc1:aaaa SD04G 3.69 GiB 
  mmcblk1: p1 p2 p3
+mmcblk0: mmc0:0001 SEM16G 14.7 GiB 
+mmcblk0boot0: mmc0:0001 SEM16G partition 1 4.00 MiB
+mmcblk0boot1: mmc0:0001 SEM16G partition 2 4.00 MiB
+mmcblk0rpmb: mmc0:0001 SEM16G partition 3 4.00 MiB
+ mmcblk0: p1
 Console: switching to colour frame buffer device 128x48
 drm drm: fb0:  frame buffer device
 [drm] Initialized tegra 0.0.0 20120330 on minor 0
@@ -426,7 +426,7 @@
 cpufreq: cpufreq_online: CPU0: Running at unlisted freq: 696000 KHz
 cpufreq: cpufreq_online: CPU0: Unlisted initial frequency changed to: 714000 KHz
 input: gpio-keys as /devices/soc0/gpio-keys/input/input0
-as3722-rtc as3722-rtc: setting system clock to 2000-01-01 00:08:25 UTC (946685305)
+as3722-rtc as3722-rtc: setting system clock to 2000-01-01 00:00:12 UTC (946684812)
 +USB0_VBUS_SW: disabling
 +1.8V_RUN_CAM: disabling
 +2.8V_RUN_CAM: disabling
@@ -438,7 +438,7 @@
 EXT4-fs (mmcblk0p1): mounting ext3 file system using the ext4 subsystem
 EXT4-fs (mmcblk0p1): recovery complete
 EXT4-fs (mmcblk0p1): mounted filesystem with ordered data mode. Opts: (null)
-VFS: Mounted root (ext3 filesystem) on device 179:1.
+VFS: Mounted root (ext3 filesystem) on device 179:17.
 devtmpfs: mounted
 Freeing unused kernel memory: 2048K (c1100000 - c1300000)
 bash: cannot set terminal process group (-1): Inappropriate ioctl for device
Diff for ./tegra124-jetson-tk1/tegra124-jetson-tk1/tegra_defconfig_log.txt
--- /tmp/fooa	2016-07-21 00:12:36.829612143 -0700
+++ /tmp/foob	2016-07-21 00:12:36.833612149 -0700
@@ -32,20 +32,20 @@
 	 #################################################################
 	 #################################################################
 	 ############################################
-	 3.9 MiB/s
+	 3.7 MiB/s
 done
-Bytes transferred = 5406184 (527de8 hex)
+Bytes transferred = 5408144 (528590 hex)
 Tegra124 (Jetson TK1) # tftpboot 0x83000000 tegra124-jetson-tk1.dtb
 Using eth_rtl8169 device
 TFTP from server 192.168.100.1; our IP address is 192.168.100.102
 Filename 'tegra124-jetson-tk1.dtb'.
 Load address: 0x83000000
 Loading: *#####
-	 2.9 MiB/s
+	 3.2 MiB/s
 done
 Bytes transferred = 66405 (10365 hex)
 Tegra124 (Jetson TK1) # bootz 0x82000000 - 0x83000000
-Kernel image @ 0x82000000 [ 0x000000 - 0x527de8 ]
+Kernel image @ 0x82000000 [ 0x000000 - 0x528590 ]
 ## Flattened Device Tree blob at 83000000
    Booting using the fdt blob at 0x83000000
    Using Device Tree in place at 83000000, end 83013364
@@ -54,7 +54,7 @@
 
 Uncompressing Linux... done, booting the kernel.
 Booting Linux on physical CPU 0x0
-Linux version 4.7.0-rc7-next-20160720-108392-g25026d1 (pwalmsley@kaivo) (gcc version 4.7.3 20130328 (prerelease) (crosstool-NG linaro-1.13.1-4.7-2013.04-20130415 - Linaro GCC 2013.04) ) #1 SMP PREEMPT Wed Jul 20 01:27:52 PDT 2016
+Linux version 4.7.0-rc7-next-20160721-108564-g58d3615 (pwalmsley@kaivo) (gcc version 4.7.3 20130328 (prerelease) (crosstool-NG linaro-1.13.1-4.7-2013.04-20130415 - Linaro GCC 2013.04) ) #1 SMP PREEMPT Thu Jul 21 00:04:11 PDT 2016
 CPU: ARMv7 Processor [413fc0f3] revision 3 (ARMv7), cr=10c5387d
 CPU: div instructions available: patching division code
 CPU: PIPT / VIPT nonaliasing data cache, PIPT instruction cache
@@ -441,7 +441,7 @@
 cpufreq: cpufreq_online: CPU0: Running at unlisted freq: 696000 KHz
 cpufreq: cpufreq_online: CPU0: Unlisted initial frequency changed to: 714000 KHz
 input: gpio-keys as /devices/soc0/gpio-keys/input/input2
-as3722-rtc as3722-rtc: setting system clock to 2000-01-01 00:09:52 UTC (946685392)
+as3722-rtc as3722-rtc: setting system clock to 2000-01-01 00:00:17 UTC (946684817)
 +USB0_VBUS_SW: disabling
 +1.8V_RUN_CAM: disabling
 +2.8V_RUN_CAM: disabling
Diff for ./tegra124-nyan-big/tegra124-nyan-big/multi_v7_defconfig_log.txt
--- /tmp/fooa	2016-07-21 00:12:36.837612154 -0700
+++ /tmp/foob	2016-07-21 00:12:36.841612160 -0700
@@ -41,9 +41,9 @@
 	 #################################################################
 	 #################################################################
 	 ############################
-	 3 MiB/s
+	 2.8 MiB/s
 done
-Bytes transferred = 7086128 (6c2030 hex)
+Bytes transferred = 7087600 (6c25f0 hex)
 Tegra124 (Nyan-big) # tftpboot 0x83000000 tegra124-nyan-big.dtb
 Using asx0 device
 TFTP from server 192.168.100.1; our IP address is 192.168.100.102
@@ -54,7 +54,7 @@
 done
 Bytes transferred = 66821 (10505 hex)
 Tegra124 (Nyan-big) # bootz 0x82000000 - 0x83000000
-Kernel image @ 0x82000000 [ 0x000000 - 0x6c2030 ]
+Kernel image @ 0x82000000 [ 0x000000 - 0x6c25f0 ]
 ## Flattened Device Tree blob at 83000000
    Booting using the fdt blob at 0x83000000
    Using Device Tree in place at 83000000, end 83013504
@@ -62,7 +62,7 @@
 Starting kernel ...
 
 Booting Linux on physical CPU 0x0
-Linux version 4.7.0-rc7-next-20160720-108392-g25026d1 (pwalmsley@sellafield) (gcc version 4.7.3 20130328 (prerelease) (crosstool-NG linaro-1.13.1-4.7-2013.04-20130415 - Linaro GCC 2013.04) ) #1 SMP Wed Jul 20 01:27:46 PDT 2016
+Linux version 4.7.0-rc7-next-20160721-108564-g58d3615 (pwalmsley@sellafield) (gcc version 4.7.3 20130328 (prerelease) (crosstool-NG linaro-1.13.1-4.7-2013.04-20130415 - Linaro GCC 2013.04) ) #1 SMP Thu Jul 21 00:04:13 PDT 2016
 CPU: ARMv7 Processor [413fc0f3] revision 3 (ARMv7), cr=10c5387d
 CPU: div instructions available: patching division code
 CPU: PIPT / VIPT nonaliasing data cache, PIPT instruction cache
@@ -292,7 +292,6 @@
 usbcore: registered new interface driver usbhid
 usbhid: USB HID core driver
 NET: Registered protocol family 10
-input: Elan Touchpad as /devices/soc0/7000c400.i2c/i2c-1/1-0015/input/input0
 sit: IPv6, IPv4 and MPLS over IPv4 tunneling driver
 NET: Registered protocol family 17
 can: controller area network core (rev 20120528 abi 9)
@@ -303,6 +302,7 @@
 Key type dns_resolver registered
 ThumbEE CPU extension supported.
 Registering SWP/SWPB emulation handler
+input: Elan Touchpad as /devices/soc0/7000c400.i2c/i2c-1/1-0015/input/input0
 +3.3V_RUN: supplied by +3.3V_SYS
 +3.3V_AVDD_HDMI_AP_GATED: supplied by +3.3V_RUN
 +1.8V_RUN_CAM: supplied by +3.3V_RUN
@@ -312,17 +312,17 @@
 +5V_VDD_TS_SW: supplied by +5V_SYS
 +5V_USB_HS: supplied by +5V_SYS
 +5V_USB_SS: supplied by +5V_SYS
++3.3V_PANEL: supplied by +3.3V_RUN
++3.3V_LP0: supplied by +3.3V_SYS
 mmc0: new high speed MMC card at address 0001
 mmcblk0: mmc0:0001 MMC16G 14.4 GiB 
-+3.3V_PANEL: supplied by +3.3V_RUN
 mmcblk0boot0: mmc0:0001 MMC16G partition 1 2.00 MiB
-+3.3V_LP0: supplied by +3.3V_SYS
 mmcblk0boot1: mmc0:0001 MMC16G partition 2 2.00 MiB
 mmcblk0rpmb: mmc0:0001 MMC16G partition 3 128 KiB
+ mmcblk0: p1 p2 p3 p4 p5 p6 p7 p8 p9 p10 p11 p12
 +1.05V_RUN_AVDD_HDMI_PLL: supplied by +1.05V_RUN
 elan_i2c 1-0015: failed to read report data: -121
 elan_i2c 1-0015: failed to read report data: -121
- mmcblk0: p1 p2 p3 p4 p5 p6 p7 p8 p9 p10 p11 p12
 +5V_HDMI_CON: supplied by +5V_SYS
 usb3-0 supply vbus not found, using dummy regulator
 usb3-1 supply vbus not found, using dummy regulator
Diff for ./tegra124-nyan-big/tegra124-nyan-big/tegra_defconfig_log.txt
--- /tmp/fooa	2016-07-21 00:12:36.845612165 -0700
+++ /tmp/foob	2016-07-21 00:12:36.849612171 -0700
@@ -14,7 +14,7 @@
 Err:   serial
 Net:   Net Initialization Skipped
 No ethernet found.
-Hit any key to stop autoboot:  2  0 
+Hit any key to stop autoboot:  2  1  0 
 Tegra124 (Nyan-big) # 
 Tegra124 (Nyan-big) # usb start
 starting USB...
@@ -33,26 +33,26 @@
 TFTP from server 192.168.100.1; our IP address is 192.168.100.102
 Filename 'zImage.tegra_defconfig'.
 Load address: 0x82000000
-Loading: *#################################################################
+Loading: *############T T ######################################################
 	 #################################################################
 	 #################################################################
 	 #################################################################
 	 #################################################################
 	 ############################################
-	 3.5 MiB/s
+	 446.3 KiB/s
 done
-Bytes transferred = 5406184 (527de8 hex)
+Bytes transferred = 5408144 (528590 hex)
 Tegra124 (Nyan-big) # tftpboot 0x83000000 tegra124-nyan-big.dtb
 Using asx0 device
 TFTP from server 192.168.100.1; our IP address is 192.168.100.102
 Filename 'tegra124-nyan-big.dtb'.
 Load address: 0x83000000
 Loading: *#####
-	 3 MiB/s
+	 3.4 MiB/s
 done
 Bytes transferred = 66821 (10505 hex)
 Tegra124 (Nyan-big) # bootz 0x82000000 - 0x83000000
-Kernel image @ 0x82000000 [ 0x000000 - 0x527de8 ]
+Kernel image @ 0x82000000 [ 0x000000 - 0x528590 ]
 ## Flattened Device Tree blob at 83000000
    Booting using the fdt blob at 0x83000000
    Using Device Tree in place at 83000000, end 83013504
@@ -175,10 +175,10 @@
 +VDDIO_SDMMC3: supplied by +3.3V_RUN
 +1.8V_RUN_VPP_FUSE: supplied by +3.3V_RUN
 +VDD_LED: supplied by +VDD_MUX
+input: tegra-hda HDMI/DP,pcm=3 as /devices/soc0/70030000.hda/sound/card0/input3
 +5V_VDD_TS_SW: supplied by +5V_SYS
 +5V_USB_HS: supplied by +5V_SYS
 +5V_USB_SS: supplied by +5V_SYS
-input: tegra-hda HDMI/DP,pcm=3 as /devices/soc0/70030000.hda/sound/card0/input3
 +3.3V_PANEL: supplied by +3.3V_RUN
 +3.3V_LP0: supplied by +3.3V_SYS
 +1.05V_RUN_AVDD_HDMI_PLL: supplied by +1.05V_RUN
@@ -216,17 +216,17 @@
 usb 1-2: new high-speed USB device number 2 using tegra-xusb
 mmc2: new high speed SDHC card at address 0007
 mmcblk2: mmc2:0007 SD08G 7.42 GiB 
+Console: switching to colour frame buffer device 170x48
 GPT:Primary header alternate_lba != Alt. header my_lba
 GPT:3014591 != 15564799
 GPT:Primary header thinks Alt. header is not at the end of the disk.
 GPT:3014591 != 15564799
 GPT: Use GNU Parted to correct GPT errors.
  mmcblk2: p1 p2 p3 p4 p5 p6 p7 p8 p9 p10 p11 p12
-Console: switching to colour frame buffer device 170x48
 drm drm: fb0:  frame buffer device
 [drm] Initialized tegra 0.0.0 20120330 on minor 0
 input: gpio-keys as /devices/soc0/gpio-keys/input/input4
-as3722-rtc as3722-rtc: setting system clock to 2000-01-01 00:00:23 UTC (946684823)
+as3722-rtc as3722-rtc: setting system clock to 2000-01-01 00:00:35 UTC (946684835)
 +1.8V_RUN_CAM: disabling
 +1.2V_RUN_CAM_FRONT: disabling
 +1.05V_RUN_CAM_REAR: disabling
@@ -247,7 +247,7 @@
 Freeing unused kernel memory: 1024K (c0c00000 - c0d00000)
 bash: cannot set terminal process group (-1): Inappropriate ioctl for device
 bash: no job control in this shell
-root@(none):/# [    5.704767] usb 1-3: new high-speed USB device number 3 using tegra-xusb
+root@(none):/# [    5.734715] usb 1-3: new high-speed USB device number 3 using tegra-xusb
 asix 1-3:1.0 eth0: register 'asix' at usb-70090000.usb-3, ASIX AX88772 USB 2.0 Ethernet, c8:d7:19:90:fa:65
 usb 1-1: new high-speed USB device number 4 using tegra-xusb
 usb-storage 1-1:1.0: USB Mass Storage device detected
Diff for ./tegra132-norrin/tegra132-norrin/defconfig_log.txt
--- /tmp/fooa	2016-07-21 00:12:36.853612177 -0700
+++ /tmp/foob	2016-07-21 00:12:36.857612183 -0700
@@ -31,7 +31,7 @@
 MSENC clock is set to  79200 KHz
 Vde clock is set to 204000 KHz
 
-Bootloader-Cpu Init at (time stamp): 1800056 us
+Bootloader-Cpu Init at (time stamp): 1800388 us
 
 Pinmux changes applied in kernel way
 
@@ -62,22 +62,22 @@
 Board Id Read Time: 3 us
 Power Rail enable Time: 1 us
 
-Miscellaneous avp time: 1800030  us
-Bootloader (AosInit) time: 734248 us
-Bootloader Main Init time: 180093 us
-BlockDevMgrInit time: 157542 us
+Miscellaneous avp time: 1800362  us
+Bootloader (AosInit) time: 733473 us
+Bootloader Main Init time: 180418 us
+BlockDevMgrInit time: 157680 us
 PartMgrInit time: 8 us
-StorMgrInit time: 31 us
-FsMgrInit time: 2 us
-Partition Table load: 76694 us 
-Display init time: 574783 us
-Kernel read time: 369 msec
+StorMgrInit time: 30 us
+FsMgrInit time: 3 us
+Partition Table load: 76892 us 
+Display init time: 574452 us
+Kernel read time: 368 msec
 Load Kernel Size:   16001024 Bytes
-Bl Kernel ReadSpeed: 43363000 Bytes/sec
-Pre-Kernel Jump time: 1711819 us
-Clearing 32 Bit State and Warm resetting to 64bit mode: 5802733 us
+Bl Kernel ReadSpeed: 43481000 Bytes/sec
+Pre-Kernel Jump time: 1712484 us
+Clearing 32 Bit State and Warm resetting to 64bit mode: 5804631 us
 Booting Linux on physical CPU 0x0
-Linux version 4.7.0-rc7-next-20160720+ (pwalmsley@tamien) (gcc version 4.9.2 20140904 (prerelease) (crosstool-NG linaro-1.13.1-4.9-2014.09 - Linaro GCC 4.9-2014.09) ) #1 SMP PREEMPT Wed Jul 20 01:30:36 PDT 2016
+Linux version 4.7.0-rc7-next-20160721+ (pwalmsley@tamien) (gcc version 4.9.2 20140904 (prerelease) (crosstool-NG linaro-1.13.1-4.9-2014.09 - Linaro GCC 4.9-2014.09) ) #1 SMP PREEMPT Thu Jul 21 00:06:39 PDT 2016
 Boot CPU: AArch64 Processor [4e0f0000]
 Memory limited to 1734MB
 efi: Getting EFI parameters from FDT:
@@ -184,7 +184,7 @@
 kvm [1]: HYP mode not available
 futex hash table entries: 256 (order: 3, 32768 bytes)
 audit: initializing netlink subsys (disabled)
-audit: type=2000 audit(1.103:1): initialized
+audit: type=2000 audit(1.107:1): initialized
 workingset: timestamp_bits=46 max_order=19 bucket_order=0
 squashfs: version 4.0 (2009/01/31) Phillip Lougher
 NFS: Registering the id_resolver key type
@@ -249,10 +249,9 @@
 NET: Registered protocol family 17
 9pnet: Installing 9P2000 support
 Key type dns_resolver registered
+mmc0: new high speed MMC card at address 0001
 registered taskstats version 1
 +VDD_LED: supplied by +VDD_MUX
-mmc0: new high speed MMC card at address 0001
-mmcblk0: mmc0:0001 SEM16G 14.7 GiB 
 +5V_USB_HS: supplied by +5V_SYS
 +5V_USB_SS: supplied by +5V_SYS
 +5V_HDMI_CON: supplied by +5V_SYS
@@ -273,6 +272,7 @@
 ALSA device list:
   No soundcards found.
 Freeing unused kernel memory: 960K (ffff800000bc0000 - ffff800000cb0000)
+mmcblk0: mmc0:0001 SEM16G 14.7 GiB 
 mmcblk0boot0: mmc0:0001 SEM16G partition 1 4.00 MiB
 mmcblk0boot1: mmc0:0001 SEM16G partition 2 4.00 MiB
 mmcblk0rpmb: mmc0:0001 SEM16G partition 3 4.00 MiB
Diff for ./tegra20-trimslice/tegra20-trimslice/multi_v7_defconfig_log.txt
--- /tmp/fooa	2016-07-21 00:12:36.861612189 -0700
+++ /tmp/foob	2016-07-21 00:12:36.861612189 -0700
@@ -47,9 +47,9 @@
 	 #################################################################
 	 #################################################################
 	 ############################
-	 912.1 KiB/s
+	 898.4 KiB/s
 done
-Bytes transferred = 7086128 (6c2030 hex)
+Bytes transferred = 7087600 (6c25f0 hex)
 Tegra20 (TrimSlice) # tftpboot 0x02408000 tegra20-trimslice.dtb
 Using RTL8169#0 device
 TFTP from server 192.168.100.1; our IP address is 192.168.100.103
@@ -60,7 +60,7 @@
 done
 Bytes transferred = 21172 (52b4 hex)
 Tegra20 (TrimSlice) # bootz 0x00408000 - 0x02408000
-Kernel image @ 0x408000 [ 0x000000 - 0x6c2030 ]
+Kernel image @ 0x408000 [ 0x000000 - 0x6c25f0 ]
 ## Flattened Device Tree blob at 02408000
    Booting using the fdt blob at 0x2408000
    Using Device Tree in place at 02408000, end 024102b3
@@ -68,7 +68,7 @@
 Starting kernel ...
 
 Booting Linux on physical CPU 0x0
-Linux version 4.7.0-rc7-next-20160720-108392-g25026d1 (pwalmsley@sellafield) (gcc version 4.7.3 20130328 (prerelease) (crosstool-NG linaro-1.13.1-4.7-2013.04-20130415 - Linaro GCC 2013.04) ) #1 SMP Wed Jul 20 01:27:46 PDT 2016
+Linux version 4.7.0-rc7-next-20160721-108564-g58d3615 (pwalmsley@sellafield) (gcc version 4.7.3 20130328 (prerelease) (crosstool-NG linaro-1.13.1-4.7-2013.04-20130415 - Linaro GCC 2013.04) ) #1 SMP Thu Jul 21 00:04:13 PDT 2016
 CPU: ARMv7 Processor [411fc090] revision 0 (ARMv7), cr=10c5387d
 CPU: PIPT / VIPT nonaliasing data cache, VIPT aliasing instruction cache
 OF: fdt:Machine model: Compulab TrimSlice board
@@ -322,17 +322,17 @@
 tegra-ehci c5000000.usb: new USB bus registered, assigned bus number 2
 tegra-ehci c5000000.usb: irq 288, io mem 0xc5000000
 mmc0: host does not support reading read-only switch, assuming write-enable
-mmc0: new high speed SDHC card at address b368
-mmcblk0: mmc0:b368 NCard 3.70 GiB 
 usb 1-1: new high-speed USB device number 2 using tegra-ehci
- mmcblk0: p1
+mmc1: new high speed SD card at address b368
+mmc0: new high speed SDHC card at address b368
 tegra-ehci c5000000.usb: USB 2.0 started, EHCI 1.00
+mmcblk1: mmc1:b368 NCard 1.83 GiB (ro)
 hub 2-0:1.0: USB hub found
 hub 2-0:1.0: 1 port detected
-mmc1: new high speed SD card at address b368
+mmcblk0: mmc0:b368 NCard 3.70 GiB 
 input: gpio-keys as /devices/soc0/gpio-keys/input/input0
-mmcblk1: mmc1:b368 NCard 1.83 GiB (ro)
 rtc-em3027 2-0056: hctosys: unable to read the hardware clock
+ mmcblk0: p1
  mmcblk1: p1 p2
 EXT4-fs (mmcblk0p1): mounting ext3 file system using the ext4 subsystem
 hub 1-1:1.0: USB hub found
@@ -341,7 +341,7 @@
 EXT4-fs (mmcblk0p1): recovery complete
 asix 1-1.2:1.0 eth1: register 'asix' at usb-c5008000.usb-1.2, ASIX AX88772 USB 2.0 Ethernet, 00:60:6e:60:6c:68
 EXT4-fs (mmcblk0p1): mounted filesystem with ordered data mode. Opts: (null)
-VFS: Mounted root (ext3 filesystem) on device 179:1.
+VFS: Mounted root (ext3 filesystem) on device 179:17.
 devtmpfs: mounted
 Freeing unused kernel memory: 2048K (c1100000 - c1300000)
 bash: cannot set terminal process group (-1): Inappropriate ioctl for device
Diff for ./tegra20-trimslice/tegra20-trimslice/tegra_defconfig_log.txt
--- /tmp/fooa	2016-07-21 00:12:36.869612201 -0700
+++ /tmp/foob	2016-07-21 00:12:36.869612201 -0700
@@ -19,7 +19,7 @@
 Out:   serial
 Err:   serial
 Net:   RTL8169#0
-Hit any key to stop autoboot:  2  0 
+Hit any key to stop autoboot:  2  1  0 
 Tegra20 (TrimSlice) # 
 Tegra20 (TrimSlice) # usb reset
 resetting USB...
@@ -45,20 +45,20 @@
 	 #################################################################
 	 #################################################################
 	 ############################################
-	 4 MiB/s
+	 907.2 KiB/s
 done
-Bytes transferred = 5406184 (527de8 hex)
+Bytes transferred = 5408144 (528590 hex)
 Tegra20 (TrimSlice) # tftpboot 0x02408000 tegra20-trimslice.dtb
 Using RTL8169#0 device
 TFTP from server 192.168.100.1; our IP address is 192.168.100.103
 Filename 'tegra20-trimslice.dtb'.
 Load address: 0x2408000
 Loading: *##
-	 3.4 MiB/s
+	 861.3 KiB/s
 done
 Bytes transferred = 21172 (52b4 hex)
 Tegra20 (TrimSlice) # bootz 0x00408000 - 0x02408000
-Kernel image @ 0x408000 [ 0x000000 - 0x527de8 ]
+Kernel image @ 0x408000 [ 0x000000 - 0x528590 ]
 ## Flattened Device Tree blob at 02408000
    Booting using the fdt blob at 0x2408000
    Using Device Tree in place at 02408000, end 024102b3
@@ -67,7 +67,7 @@
 
 Uncompressing Linux... done, booting the kernel.
 Booting Linux on physical CPU 0x0
-Linux version 4.7.0-rc7-next-20160720-108392-g25026d1 (pwalmsley@kaivo) (gcc version 4.7.3 20130328 (prerelease) (crosstool-NG linaro-1.13.1-4.7-2013.04-20130415 - Linaro GCC 2013.04) ) #1 SMP PREEMPT Wed Jul 20 01:27:52 PDT 2016
+Linux version 4.7.0-rc7-next-20160721-108564-g58d3615 (pwalmsley@kaivo) (gcc version 4.7.3 20130328 (prerelease) (crosstool-NG linaro-1.13.1-4.7-2013.04-20130415 - Linaro GCC 2013.04) ) #1 SMP PREEMPT Thu Jul 21 00:04:11 PDT 2016
 CPU: ARMv7 Processor [411fc090] revision 0 (ARMv7), cr=10c5387d
 CPU: PIPT / VIPT nonaliasing data cache, VIPT aliasing instruction cache
 OF: fdt:Machine model: Compulab TrimSlice board
@@ -306,11 +306,11 @@
 tlv320aic23-codec 2-001a: ASoC: no dapm match for MICIN --> NULL --> Mic Input
 tlv320aic23-codec 2-001a: ASoC: Failed to add route MICIN -> NULL -> Mic Input
 tegra-snd-trimslice sound: tlv320aic23-hifi <-> 70002800.i2s mapping ok
-usb 1-1: new high-speed USB device number 2 using tegra-ehci
 mmc0: host does not support reading read-only switch, assuming write-enable
 mmc0: new high speed SDHC card at address b368
 mmcblk0: mmc0:b368 NCard 3.70 GiB 
  mmcblk0: p1
+usb 1-1: new high-speed USB device number 2 using tegra-ehci
 mmc1: new high speed SD card at address b368
 mmcblk1: mmc1:b368 NCard 1.83 GiB (ro)
  mmcblk1: p1 p2
@@ -322,10 +322,10 @@
 NET: Registered protocol family 17
 NET: Registered protocol family 15
 can: controller area network core (rev 20120528 abi 9)
+usb 1-1.2: new high-speed USB device number 3 using tegra-ehci
 NET: Registered protocol family 29
 can: raw protocol (rev 20120528)
 can: broadcast manager protocol (rev 20160617 t)
-usb 1-1.2: new high-speed USB device number 3 using tegra-ehci
 can: netlink gateway (rev 20130117) max_hops=1
 Bluetooth: RFCOMM socket layer initialized
 Bluetooth: RFCOMM ver 1.11
Diff for ./tegra210-p2371-0000/tegra210-p2371-0000/defconfig_log.txt
--- /tmp/fooa	2016-07-21 00:12:36.877612212 -0700
+++ /tmp/foob	2016-07-21 00:12:36.877612212 -0700
@@ -64,17 +64,17 @@
 Loading and Validation of Secure OS Successful
 NvTbootPackSdramParams: start. 
 NvTbootPackSdramParams: done. 
-Tegraboot started after 726365 us
-Basic modules init took 350978 us
+Tegraboot started after 758828 us
+Basic modules init took 348485 us
 Sec Bootdevice Read Time = 202 ms, Read Size = 8459 KB
-Next stage binary read took 14384 us
-Carveout took 252724 us
-CPU initialization took 92334 us
-Total time taken by TegraBoot 710420 us
+Next stage binary read took 14365 us
+Carveout took 252733 us
+CPU initialization took 92308 us
+Total time taken by TegraBoot 707891 us
 
 Starting CPU & Halting co-processor 
 
-64b[0001.568] LPDDR4 Training: Number of tables = 10
+64b[0001.597] LPDDR4 Training: Number of tables = 10
 EMC Training (SRC-freq: 204000; DST-freq: 408000)
 EMC Training Successful
 EMC Training (SRC-freq: 204000; DST-freq: 665600)
@@ -108,7 +108,7 @@
 Tegra210 (P2371-0000) # 
 Tegra210 (P2371-0000) # ums 0 mmc 0
 UMS: disk start sector: 0x0, count: 0x1d5a000
-|/-\|/-\/-\|/-\/-\|/-\/-\|/-\/-\|/-\/-\|/-\/-\|/-\/-\|/-\/-CTRL+C - Operation aborted
+|/-\|/-\/-\|/-\/-\|/-\/-\|/-\/-\|/-\/-\|/-\/-\|/-\/-\|/-\/-\|/-\/-\|/-\/-\|/-\/-\|/-\/CTRL+C - Operation aborted
 Tegra210 (P2371-0000) # 
 Tegra210 (P2371-0000) # env set fdt_copy_node_names /cpus:/psci
 Tegra210 (P2371-0000) # setenv rootpart 1
@@ -117,11 +117,11 @@
 Tegra210 (P2371-0000) # part uuid ${devtype} ${devnum}:${rootpart} uuid
 Tegra210 (P2371-0000) # setenv bootargs ignore_loglevel console=ttyS0,115200n8 earlycon=uart8250,mmio32,0x70006000 rw root=PARTUUID=00000000-0001-0000-788f-a75600000000 rootwait debug earlyprintk init=/bin/bash
 Tegra210 (P2371-0000) # load ${devtype} ${devnum}:${rootpart} ${kernel_addr_r} /boot/Image.defconfig
-13573120 bytes read in 764 ms (16.9 MiB/s)
+13573120 bytes read in 763 ms (17 MiB/s)
 Tegra210 (P2371-0000) # load ${devtype} ${devnum}:${rootpart} ${fdt_addr_r} /boot/tegra210-p2371-0000.dtb
 41182 bytes read in 454 ms (87.9 KiB/s)
 Tegra210 (P2371-0000) # load ${devtype} ${devnum}:${rootpart} ${ramdisk_addr_r} /boot/tegra-ramdisk.img
-1627787 bytes read in 496 ms (3.1 MiB/s)
+1627787 bytes read in 494 ms (3.1 MiB/s)
 Tegra210 (P2371-0000) # ramdisk_size=${filesize}
 Tegra210 (P2371-0000) # booti ${kernel_addr_r} - ${fdt_addr_r}
 ## Flattened Device Tree blob at 82000000
@@ -131,7 +131,7 @@
 Starting kernel ...
 
 Booting Linux on physical CPU 0x0
-Linux version 4.7.0-rc7-next-20160720+ (pwalmsley@tamien) (gcc version 4.9.2 20140904 (prerelease) (crosstool-NG linaro-1.13.1-4.9-2014.09 - Linaro GCC 4.9-2014.09) ) #1 SMP PREEMPT Wed Jul 20 01:30:36 PDT 2016
+Linux version 4.7.0-rc7-next-20160721+ (pwalmsley@tamien) (gcc version 4.9.2 20140904 (prerelease) (crosstool-NG linaro-1.13.1-4.9-2014.09 - Linaro GCC 4.9-2014.09) ) #1 SMP PREEMPT Thu Jul 21 00:06:39 PDT 2016
 Boot CPU: AArch64 Processor [411fd071]
 debug: ignoring loglevel setting.
 earlycon: uart8250 at MMIO32 0x0000000070006000 (options '')
@@ -266,7 +266,7 @@
 kvm [1]: virtual timer IRQ4
 futex hash table entries: 1024 (order: 5, 131072 bytes)
 audit: initializing netlink subsys (disabled)
-audit: type=2000 audit(0.455:1): initialized
+audit: type=2000 audit(0.447:1): initialized
 workingset: timestamp_bits=46 max_order=20 bucket_order=0
 squashfs: version 4.0 (2009/01/31) Phillip Lougher
 NFS: Registering the id_resolver key type
Diff for ./tegra210-smaug/tegra210-smaug/defconfig_log.txt
--- /tmp/fooa	2016-07-21 00:12:36.881612218 -0700
+++ /tmp/foob	2016-07-21 00:12:36.885612224 -0700
@@ -1,4 +1,4 @@
-oot CPU: AArch64 Processor [411fd071]
+0] Boot CPU: AArch64 Processor [411fd071]
 earlycon: uart0 at MMIO 0x0000000070006000 (options '115200n8')
 bootconsole [uart0] enabled
 efi: Getting EFI parameters from FDT:
@@ -60,7 +60,7 @@
  (comparison mask = 0xf8000000)
 boot misc2 0x0: expected 0xf400f0da
  (comparison mask = 0xffffffff)
-boot misc3 0xef88: expected 0x2004f400
+boot misc3 0xf290: expected 0x2004f400
  (comparison mask = 0xffffffff)
 PLL_P already enabled. Postponing set full defaults
 PLL_X already enabled. Postponing set full defaults
@@ -73,7 +73,7 @@
 console [tty0] enabled
 bootconsole [uart0] disabled
 Booting Linux on physical CPU 0x0
-Linux version 4.7.0-rc7-next-20160720+ (pwalmsley@tamien) (gcc version 4.9.2 20140904 (prerelease) (crosstool-NG linaro-1.13.1-4.9-2014.09 - Linaro GCC 4.9-2014.09) ) #1 SMP PREEMPT Wed Jul 20 01:30:36 PDT 2016
+Linux version 4.7.0-rc7-next-20160721+ (pwalmsley@tamien) (gcc version 4.9.2 20140904 (prerelease) (crosstool-NG linaro-1.13.1-4.9-2014.09 - Linaro GCC 4.9-2014.09) ) #1 SMP PREEMPT Thu Jul 21 00:06:39 PDT 2016
 Boot CPU: AArch64 Processor [411fd071]
 earlycon: uart0 at MMIO 0x0000000070006000 (options '115200n8')
 bootconsole [uart0] enabled
@@ -136,7 +136,7 @@
  (comparison mask = 0xf8000000)
 boot misc2 0x0: expected 0xf400f0da
  (comparison mask = 0xffffffff)
-boot misc3 0xef88: expected 0x2004f400
+boot misc3 0xf290: expected 0x2004f400
  (comparison mask = 0xffffffff)
 PLL_P already enabled. Postponing set full defaults
 PLL_X already enabled. Postponing set full defaults
@@ -222,7 +222,7 @@
 kvm [1]: virtual timer IRQ4
 futex hash table entries: 1024 (order: 5, 131072 bytes)
 audit: initializing netlink subsys (disabled)
-audit: type=2000 audit(0.275:1): initialized
+audit: type=2000 audit(0.287:1): initialized
 workingset: timestamp_bits=46 max_order=20 bucket_order=0
 squashfs: version 4.0 (2009/01/31) Phillip Lougher
 NFS: Registering the id_resolver key type
@@ -292,13 +292,8 @@
 Key type dns_resolver registered
 registered taskstats version 1
 input: gpio-keys as /devices/platform/gpio-keys/input/input0
+max77686-rtc max77620-rtc: setting system clock to 2000-05-01 12:37:12 UTC (957184632)
 mmc0: new high speed MMC card at address 0001
-max77686-rtc max77620-rtc: setting system clock to 2000-04-30 14:01:03 UTC (957103263)
-mmcblk0: mmc0:0001 BGND3R 29.1 GiB 
-mmcblk0boot0: mmc0:0001 BGND3R partition 1 4.00 MiB
-mmcblk0boot1: mmc0:0001 BGND3R partition 2 4.00 MiB
-mmcblk0rpmb: mmc0:0001 BGND3R partition 3 4.00 MiB
- mmcblk0: p1 p2 p3 p4 p5 p6 p7 p8 p9 p10 p11
 USBC_VBUS: disabling
 PP1200_AVDD: disabling
 PP1200_RCAM: disabling
@@ -311,7 +306,12 @@
 PP1800_CAM: disabling
 ALSA device list:
   No soundcards found.
+mmcblk0: mmc0:0001 BGND3R 29.1 GiB 
 Freeing unused kernel memory: 960K (ffff800000bc0000 - ffff800000cb0000)
+mmcblk0boot0: mmc0:0001 BGND3R partition 1 4.00 MiB
+mmcblk0boot1: mmc0:0001 BGND3R partition 2 4.00 MiB
+mmcblk0rpmb: mmc0:0001 BGND3R partition 3 4.00 MiB
+ mmcblk0: p1 p2 p3 p4 p5 p6 p7 p8 p9 p10 p11
 
 System initialization...
 
Diff for ./tegra30-beaver/tegra30-beaver/multi_v7_defconfig_log.txt
--- /tmp/fooa	2016-07-21 00:12:36.889612230 -0700
+++ /tmp/foob	2016-07-21 00:12:36.893612235 -0700
@@ -39,20 +39,20 @@
 	 #################################################################
 	 #################################################################
 	 ############################
-	 3.3 MiB/s
+	 3.1 MiB/s
 done
-Bytes transferred = 7086128 (6c2030 hex)
+Bytes transferred = 7087600 (6c25f0 hex)
 Tegra30 (Beaver) # tftpboot 0x82000000 tegra30-beaver.dtb
 Using asx0 device
 TFTP from server 192.168.100.1; our IP address is 192.168.100.101
 Filename 'tegra30-beaver.dtb'.
 Load address: 0x82000000
 Loading: *####
-	 2.9 MiB/s
+	 3.3 MiB/s
 done
 Bytes transferred = 51572 (c974 hex)
 Tegra30 (Beaver) # bootz 0x81000000 - 0x82000000
-Kernel image @ 0x81000000 [ 0x000000 - 0x6c2030 ]
+Kernel image @ 0x81000000 [ 0x000000 - 0x6c25f0 ]
 ## Flattened Device Tree blob at 82000000
    Booting using the fdt blob at 0x82000000
    Loading Device Tree to 8fff0000, end 8ffff973 ... OK
@@ -60,7 +60,7 @@
 Starting kernel ...
 
 Booting Linux on physical CPU 0x0
-Linux version 4.7.0-rc7-next-20160720-108392-g25026d1 (pwalmsley@sellafield) (gcc version 4.7.3 20130328 (prerelease) (crosstool-NG linaro-1.13.1-4.7-2013.04-20130415 - Linaro GCC 2013.04) ) #1 SMP Wed Jul 20 01:27:46 PDT 2016
+Linux version 4.7.0-rc7-next-20160721-108564-g58d3615 (pwalmsley@sellafield) (gcc version 4.7.3 20130328 (prerelease) (crosstool-NG linaro-1.13.1-4.7-2013.04-20130415 - Linaro GCC 2013.04) ) #1 SMP Thu Jul 21 00:04:13 PDT 2016
 CPU: ARMv7 Processor [412fc099] revision 9 (ARMv7), cr=10c5387d
 CPU: PIPT / VIPT nonaliasing data cache, VIPT aliasing instruction cache
 OF: fdt:Machine model: NVIDIA Tegra30 Beaver evaluation board
@@ -296,13 +296,11 @@
 usb1_vbus: supplied by vdd_5v_in
 usb3_vbus: supplied by vdd_5v_in
 sys_3v3,vdd_3v3_alw: supplied by vdd_5v_in
-+VDD_5V_HDMI: supplied by sys_3v3,vdd_3v3_alw
 mmc0: new ultra high speed DDR50 SDHC card at address aaaa
++VDD_5V_HDMI: supplied by sys_3v3,vdd_3v3_alw
 mmcblk0: mmc0:aaaa SS04G 3.69 GiB 
 sys_3v3_pexs: supplied by sys_3v3,vdd_3v3_alw
 tegra-pcie 3000.pcie-controller: 2x3 configuration
-tegra-pcie 3000.pcie-controller: probing port 0, using 2 lanes
- mmcblk0: p1 p2 p3
 mmc1: new high speed MMC card at address 0001
 mmcblk1: mmc1:0001 SEM16G 14.8 GiB 
 mmcblk1boot0: mmc1:0001 SEM16G partition 1 1.00 MiB
@@ -310,6 +308,8 @@
 mmcblk1rpmb: mmc1:0001 SEM16G partition 3 128 KiB
 Primary GPT is invalid, using alternate GPT.
  mmcblk1: p1 p2 p3 p4 p5
+ mmcblk0: p1 p2 p3
+tegra-pcie 3000.pcie-controller: probing port 0, using 2 lanes
 tegra-pcie 3000.pcie-controller: probing port 2, using 2 lanes
 tegra-pcie 3000.pcie-controller: link 2 down, retrying
 tegra-pcie 3000.pcie-controller: link 2 down, retrying
@@ -347,7 +347,7 @@
 pcie_pme 0000:00:01.0:pcie001: service driver pcie_pme loaded
 r8169 Gigabit Ethernet driver 2.3LK-NAPI loaded
 r8169 0000:01:00.0: enabling device (0140 -> 0143)
-r8169 0000:01:00.0 eth0: RTL8168evl/8111evl at 0xf09fc000, 02:04:4b:01:60:a6, XID 0c900800 IRQ 375
+r8169 0000:01:00.0 eth0: RTL8168evl/8111evl at 0xf097e000, 02:04:4b:01:60:a6, XID 0c900800 IRQ 375
 r8169 0000:01:00.0 eth0: jumbo features [frames: 9200 bytes, tx checksumming: ko]
 [drm] Supports vblank timestamp caching Rev 2 (21.10.2013).
 [drm] No driver support for vblank timestamp query.
@@ -381,4 +381,4 @@
 Freeing unused kernel memory: 2048K (c1100000 - c1300000)
 bash: cannot set terminal process group (-1): Inappropriate ioctl for device
 bash: no job control in this shell
-root@(none):/# [    3.898957] usb 2-1: new high-speed USB device number 2 using tegra-ehci
+root@(none):/# [    3.938577] usb 2-1: new high-speed USB device number 2 using tegra-ehci
Diff for ./tegra30-beaver/tegra30-beaver/tegra_defconfig_log.txt
--- /tmp/fooa	2016-07-21 00:12:36.897612241 -0700
+++ /tmp/foob	2016-07-21 00:12:36.901612247 -0700
@@ -37,20 +37,20 @@
 	 #################################################################
 	 #################################################################
 	 ############################################
-	 3.1 MiB/s
+	 3.2 MiB/s
 done
-Bytes transferred = 5406184 (527de8 hex)
+Bytes transferred = 5408144 (528590 hex)
 Tegra30 (Beaver) # tftpboot 0x82000000 tegra30-beaver.dtb
 Using asx0 device
 TFTP from server 192.168.100.1; our IP address is 192.168.100.101
 Filename 'tegra30-beaver.dtb'.
 Load address: 0x82000000
 Loading: *####
-	 2.9 MiB/s
+	 3.1 MiB/s
 done
 Bytes transferred = 51572 (c974 hex)
 Tegra30 (Beaver) # bootz 0x81000000 - 0x82000000
-Kernel image @ 0x81000000 [ 0x000000 - 0x527de8 ]
+Kernel image @ 0x81000000 [ 0x000000 - 0x528590 ]
 ## Flattened Device Tree blob at 82000000
    Booting using the fdt blob at 0x82000000
    Loading Device Tree to 8fff0000, end 8ffff973 ... OK
@@ -59,7 +59,7 @@
 
 Uncompressing Linux... done, booting the kernel.
 Booting Linux on physical CPU 0x0
-Linux version 4.7.0-rc7-next-20160720-108392-g25026d1 (pwalmsley@kaivo) (gcc version 4.7.3 20130328 (prerelease) (crosstool-NG linaro-1.13.1-4.7-2013.04-20130415 - Linaro GCC 2013.04) ) #1 SMP PREEMPT Wed Jul 20 01:27:52 PDT 2016
+Linux version 4.7.0-rc7-next-20160721-108564-g58d3615 (pwalmsley@kaivo) (gcc version 4.7.3 20130328 (prerelease) (crosstool-NG linaro-1.13.1-4.7-2013.04-20130415 - Linaro GCC 2013.04) ) #1 SMP PREEMPT Thu Jul 21 00:04:11 PDT 2016
 CPU: ARMv7 Processor [412fc099] revision 9 (ARMv7), cr=10c5387d
 CPU: PIPT / VIPT nonaliasing data cache, VIPT aliasing instruction cache
 OF: fdt:Machine model: NVIDIA Tegra30 Beaver evaluation board
@@ -273,8 +273,8 @@
 mmcblk1: mmc1:0001 SEM16G 14.8 GiB 
 mmcblk1boot0: mmc1:0001 SEM16G partition 1 1.00 MiB
 mmcblk1boot1: mmc1:0001 SEM16G partition 2 1.00 MiB
-mmcblk1rpmb: mmc1:0001 SEM16G partition 3 128 KiB
 mmc0: new ultra high speed DDR50 SDHC card at address aaaa
+mmcblk1rpmb: mmc1:0001 SEM16G partition 3 128 KiB
 mmcblk0: mmc0:aaaa SS04G 3.69 GiB 
 Primary GPT is invalid, using alternate GPT.
  mmcblk1: p1 p2 p3 p4 p5
@@ -382,4 +382,5 @@
 Freeing unused kernel memory: 1024K (c0c00000 - c0d00000)
 bash: cannot set terminal process group (-1): Inappropriate ioctl for device
 bash: no job control in this shell
-root@(none):/# [    7.711010] usb 2-1: new high-speed USB device number 2 using tegra-ehci
+usb 2-1: new high-speed USB device number 2 using tegra-ehci
+root@(none):/# 
\ No newline at end of file
