
U-Boot SPL 2015.04-rc3-00209-ga74ef40 (Mar 16 2015 - 14:43:39)


U-Boot 2015.04-rc3-00209-ga74ef40 (Mar 16 2015 - 14:43:39)

TEGRA20
Model: Compulab TrimSlice board
DRAM:  1 GiB
MMC:   Tegra SD/MMC: 0, Tegra SD/MMC: 1
SF: Detected W25Q80BL with page size 256 Bytes, erase size 4 KiB, total 1 MiB
tegra-pcie: PCI regions:
tegra-pcie:   I/O: 0x82000000-0x82010000
tegra-pcie:   non-prefetchable memory: 0xa0000000-0xa8000000
tegra-pcie:   prefetchable memory: 0xa8000000-0xc0000000
tegra-pcie: dual-mode configuration
tegra-pcie: probing port 0, using 2 lanes
In:    serial
Out:   serial
Err:   serial
Net:   RTL8169#0
Hit any key to stop autoboot:  2  0 
Tegra20 (TrimSlice) # 
Tegra20 (TrimSlice) # usb reset
resetting USB...
USB0:   USB EHCI 1.00
scanning bus 0 for devices... 3 USB Device(s) found
USB1:   USB EHCI 1.00
scanning bus 1 for devices... 1 USB Device(s) found
USB2:   lowlevel init failed
       scanning usb for storage devices... 0 Storage Device(s) found
       scanning usb for ethernet devices... 
Warning: asx0 using MAC address from net device
1 Ethernet Device(s) found
Tegra20 (TrimSlice) # setenv bootargs 'ignore_loglevel console=ttyS0,115200n8 rw root=PARTUUID=11eb23c1-01 rootwait gpt debug noinitrd earlyprintk init=/bin/bash'
Tegra20 (TrimSlice) # setenv ipaddr 192.168.100.103; setenv serverip 192.168.100.1; setenv tftpserverip 192.168.100.1
Tegra20 (TrimSlice) # tftpboot 0x00408000 zImage.multi_v7_defconfig
Using RTL8169#0 device
TFTP from server 192.168.100.1; our IP address is 192.168.100.103
Filename 'zImage.multi_v7_defconfig'.
Load address: 0x408000
Loading: *#################################################################
	 #################################################################
	 #################################################################
	 #################################################################
	 #################################################################
	 #################################################################
	 #################################################################
	 ############################################
	 4.1 MiB/s
done
Bytes transferred = 7313280 (6f9780 hex)
Tegra20 (TrimSlice) # tftpboot 0x02408000 tegra20-trimslice.dtb
Using RTL8169#0 device
TFTP from server 192.168.100.1; our IP address is 192.168.100.103
Filename 'tegra20-trimslice.dtb'.
Load address: 0x2408000
Loading: *##
	 3.4 MiB/s
done
Bytes transferred = 21404 (539c hex)
Tegra20 (TrimSlice) # bootz 0x00408000 - 0x02408000
Kernel image @ 0x408000 [ 0x000000 - 0x6f9780 ]
## Flattened Device Tree blob at 02408000
   Booting using the fdt blob at 0x2408000
   Using Device Tree in place at 02408000, end 0241039b

Starting kernel ...

[    0.000000] Booting Linux on physical CPU 0x0
[    0.000000] Linux version 4.9.0-rc4-next-20161111-133604-g37634f0 (pwalmsley@sellafield) (gcc version 4.7.3 20130328 (prerelease) (crosstool-NG linaro-1.13.1-4.7-2013.04-20130415 - Linaro GCC 2013.04) ) #1 SMP Thu Nov 10 20:19:07 PST 2016
[    0.000000] CPU: ARMv7 Processor [411fc090] revision 0 (ARMv7), cr=10c5387d
[    0.000000] CPU: PIPT / VIPT nonaliasing data cache, VIPT aliasing instruction cache
[    0.000000] OF: fdt:Machine model: Compulab TrimSlice board
[    0.000000] debug: ignoring loglevel setting.
[    0.000000] efi: Getting EFI parameters from FDT:
[    0.000000] efi: UEFI not found.
[    0.000000] cma: Reserved 64 MiB at 0x3c000000
[    0.000000] Memory policy: Data cache writealloc
[    0.000000] On node 0 totalpages: 262144
[    0.000000] free_area_init_node: node 0, pgdat c1428f80, node_mem_map ef7f8000
[    0.000000]   DMA zone: 1536 pages used for memmap
[    0.000000]   DMA zone: 0 pages reserved
[    0.000000]   DMA zone: 196608 pages, LIFO batch:31
[    0.000000]   HighMem zone: 65536 pages, LIFO batch:15
[    0.000000] percpu: Embedded 14 pages/cpu @ef7ca000 s26688 r8192 d22464 u57344
[    0.000000] pcpu-alloc: s26688 r8192 d22464 u57344 alloc=14*4096
[    0.000000] pcpu-alloc: [0] 0 [0] 1 
[    0.000000] Built 1 zonelists in Zone order, mobility grouping on.  Total pages: 260608
[    0.000000] Kernel command line: ignore_loglevel console=ttyS0,115200n8 rw root=PARTUUID=11eb23c1-01 rootwait gpt debug noinitrd earlyprintk init=/bin/bash
[    0.000000] PID hash table entries: 4096 (order: 2, 16384 bytes)
[    0.000000] Dentry cache hash table entries: 131072 (order: 7, 524288 bytes)
[    0.000000] Inode-cache hash table entries: 65536 (order: 6, 262144 bytes)
[    0.000000] Memory: 955888K/1048576K available (9216K kernel code, 1194K rwdata, 4100K rodata, 2048K init, 343K bss, 27152K reserved, 65536K cma-reserved, 196608K highmem)
[    0.000000] Virtual kernel memory layout:
[    0.000000]     vector  : 0xffff0000 - 0xffff1000   (   4 kB)
[    0.000000]     fixmap  : 0xffc00000 - 0xfff00000   (3072 kB)
[    0.000000]     vmalloc : 0xf0800000 - 0xff800000   ( 240 MB)
[    0.000000]     lowmem  : 0xc0000000 - 0xf0000000   ( 768 MB)
[    0.000000]     pkmap   : 0xbfe00000 - 0xc0000000   (   2 MB)
[    0.000000]     modules : 0xbf000000 - 0xbfe00000   (  14 MB)
[    0.000000]       .text : 0xc0208000 - 0xc0c00000   (10208 kB)
[    0.000000]       .init : 0xc1100000 - 0xc1300000   (2048 kB)
[    0.000000]       .data : 0xc1300000 - 0xc142aa80   (1195 kB)
[    0.000000]        .bss : 0xc142c000 - 0xc1481dc8   ( 344 kB)
[    0.000000] SLUB: HWalign=64, Order=0-3, MinObjects=0, CPUs=2, Nodes=1
[    0.000000] Hierarchical RCU implementation.
[    0.000000] 	Build-time adjustment of leaf fanout to 32.
[    0.000000] 	RCU restricting CPUs from NR_CPUS=16 to nr_cpu_ids=2.
[    0.000000] RCU: Adjusting geometry for rcu_fanout_leaf=32, nr_cpu_ids=2
[    0.000000] NR_IRQS:16 nr_irqs:16 16
[    0.000000] /interrupt-controller@60004000: 128 interrupts forwarded to /interrupt-controller@50041000
[    0.000000] L2C: platform modifies aux control register: 0x02080000 -> 0x3e480001
[    0.000000] L2C: DT/platform modifies aux control register: 0x02080000 -> 0x3e480001
[    0.000000] L2C-310 errata 727915 769419 enabled
[    0.000000] L2C-310 enabling early BRESP for Cortex-A9
[    0.000000] L2C-310: enabling full line of zeros but not enabled in Cortex-A9
[    0.000000] L2C-310 ID prefetch enabled, offset 1 lines
[    0.000000] L2C-310 cache controller enabled, 8 ways, 1024 kB
[    0.000000] L2C-310: CACHE_ID 0x410000c4, AUX_CTRL 0x7e480001
[    0.000009] sched_clock: 32 bits at 1000kHz, resolution 1000ns, wraps every 2147483647500ns
[    0.000025] clocksource: timer_us: mask: 0xffffffff max_cycles: 0xffffffff, max_idle_ns: 1911260446275 ns
[    0.000035] Switching to timer-based delay loop, resolution 1000ns
[    0.001637] Console: colour dummy device 80x30
[    0.001661] Calibrating delay loop (skipped), value calculated using timer frequency.. 2.00 BogoMIPS (lpj=5000)
[    0.001672] pid_max: default: 32768 minimum: 301
[    0.001756] Mount-cache hash table entries: 2048 (order: 1, 8192 bytes)
[    0.001765] Mountpoint-cache hash table entries: 2048 (order: 1, 8192 bytes)
[    0.002238] CPU: Testing write buffer coherency: ok
[    0.002417] CPU0: thread -1, cpu 0, socket 0, mpidr 80000000
[    0.002589] Setting up static identity map for 0x300000 - 0x300098
[    0.003904] Tegra Revision: A03 prime SKU: 8 CPU Process: 1 SoC Process: 2
[    0.004279] EFI services will not be available.
[    0.004432] smp: Bringing up secondary CPUs ...
[    0.004972] CPU1: thread -1, cpu 1, socket 0, mpidr 80000001
[    0.005040] smp: Brought up 1 node, 2 CPUs
[    0.005051] SMP: Total of 2 processors activated (4.00 BogoMIPS).
[    0.005056] CPU: All CPU(s) started in SVC mode.
[    0.005706] devtmpfs: initialized
[    0.009975] VFP support v0.3: implementor 41 architecture 3 part 30 variant 9 rev 1
[    0.010203] clocksource: jiffies: mask: 0xffffffff max_cycles: 0xffffffff, max_idle_ns: 9556302231375000 ns
[    0.013082] pinctrl core: initialized pinctrl subsystem
[    0.014247] NET: Registered protocol family 16
[    0.016201] DMA: preallocated 256 KiB pool for atomic coherent allocations
[    0.017742] cpuidle: using governor menu
[    0.035377] No ATAGs?
[    0.035399] hw-breakpoint: found 5 (+1 reserved) breakpoint and 1 watchpoint registers.
[    0.035406] hw-breakpoint: maximum watchpoint size is 4 bytes.
[    0.040905] Serial: AMBA PL011 UART driver
[    0.052172] usb1_vbus: Failed to request enable GPIO170: -517
[    0.052187] reg-fixed-voltage regulators:regulator@2: Failed to register regulator: -517
[    0.055680] vgaarb: loaded
[    0.056284] SCSI subsystem initialized
[    0.056406] libata version 3.00 loaded.
[    0.056600] usbcore: registered new interface driver usbfs
[    0.056647] usbcore: registered new interface driver hub
[    0.056694] usbcore: registered new device driver usb
[    0.058673] pps_core: LinuxPPS API ver. 1 registered
[    0.058681] pps_core: Software ver. 5.3.6 - Copyright 2005-2007 Rodolfo Giometti <giometti@linux.it>
[    0.058698] PTP clock support registered
[    0.058838] EDAC MC: Ver: 3.0.0
[    0.060684] clocksource: Switched to clocksource timer_us
[    0.068153] NET: Registered protocol family 2
[    0.068575] TCP established hash table entries: 8192 (order: 3, 32768 bytes)
[    0.068645] TCP bind hash table entries: 8192 (order: 4, 65536 bytes)
[    0.068759] TCP: Hash tables configured (established 8192 bind 8192)
[    0.068843] UDP hash table entries: 512 (order: 2, 16384 bytes)
[    0.068889] UDP-Lite hash table entries: 512 (order: 2, 16384 bytes)
[    0.069037] NET: Registered protocol family 1
[    0.069313] RPC: Registered named UNIX socket transport module.
[    0.069321] RPC: Registered udp transport module.
[    0.069326] RPC: Registered tcp transport module.
[    0.069331] RPC: Registered tcp NFSv4.1 backchannel transport module.
[    0.069340] PCI: CLS 0 bytes, default 64
[    0.070198] hw perfevents: enabled with armv7_cortex_a9 PMU driver, 7 counters available
[    0.071159] futex hash table entries: 512 (order: 3, 32768 bytes)
[    0.071693] workingset: timestamp_bits=30 max_order=18 bucket_order=0
[    0.078833] squashfs: version 4.0 (2009/01/31) Phillip Lougher
[    0.079407] NFS: Registering the id_resolver key type
[    0.079428] Key type id_resolver registered
[    0.079435] Key type id_legacy registered
[    0.079467] ntfs: driver 2.1.32 [Flags: R/O].
[    0.080566] bounce: pool size: 64 pages
[    0.080746] Block layer SCSI generic (bsg) driver version 0.4 loaded (major 248)
[    0.080756] io scheduler noop registered
[    0.080762] io scheduler deadline registered
[    0.080883] io scheduler cfq registered (default)
[    0.083598] libphy: mdio_driver_register: phy-bcm-ns2-pci
[    0.092083] tegra-pcie 80003000.pcie-controller: dual-mode configuration
[    0.092776] tegra-pcie 80003000.pcie-controller: probing port 0, using 2 lanes
[    0.175207] tegra-pcie 80003000.pcie-controller: PCI host bridge to bus 0000:00
[    0.175218] pci_bus 0000:00: root bus resource [io  0x0000-0xffff]
[    0.175227] pci_bus 0000:00: root bus resource [mem 0xa0000000-0xa7ffffff]
[    0.175236] pci_bus 0000:00: root bus resource [mem 0xa8000000-0xbfffffff pref]
[    0.175244] pci_bus 0000:00: root bus resource [bus 00-ff]
[    0.175271] pci 0000:00:01.0: [10de:0bf0] type 01 class 0x060000
[    0.175334] pci 0000:00:01.0: PME# supported from D0 D1 D2 D3hot D3cold
[    0.175525] PCI: bus0: Fast back to back transfers disabled
[    0.175537] pci 0000:00:01.0: bridge configuration invalid ([bus 00-00]), reconfiguring
[    0.175663] pci 0000:01:00.0: [10ec:8168] type 00 class 0x020000
[    0.175716] pci 0000:01:00.0: reg 0x10: [io  0x0000-0x00ff]
[    0.175739] pci 0000:01:00.0: reg 0x18: [mem 0x00000000-0x00000fff 64bit pref]
[    0.175756] pci 0000:01:00.0: reg 0x20: [mem 0x00000000-0x00003fff 64bit pref]
[    0.175769] pci 0000:01:00.0: reg 0x30: [mem 0x00000000-0x0001ffff pref]
[    0.175848] pci 0000:01:00.0: supports D1 D2
[    0.175856] pci 0000:01:00.0: PME# supported from D0 D1 D2 D3hot D3cold
[    0.190714] PCI: bus1: Fast back to back transfers disabled
[    0.190726] pci_bus 0000:01: busn_res: [bus 01-ff] end is updated to 01
[    0.190738] Disabling cpuidle LP2 state, since PCIe IRQs are in use
[    0.190797] pci 0000:00:01.0: BAR 8: assigned [mem 0xa0000000-0xa00fffff]
[    0.190809] pci 0000:00:01.0: BAR 9: assigned [mem 0xa8000000-0xa80fffff 64bit pref]
[    0.190818] pci 0000:00:01.0: BAR 7: assigned [io  0x1000-0x1fff]
[    0.190831] pci 0000:01:00.0: BAR 6: assigned [mem 0xa0000000-0xa001ffff pref]
[    0.190841] pci 0000:01:00.0: BAR 4: assigned [mem 0xa8000000-0xa8003fff 64bit pref]
[    0.190858] pci 0000:01:00.0: BAR 2: assigned [mem 0xa8004000-0xa8004fff 64bit pref]
[    0.190874] pci 0000:01:00.0: BAR 0: assigned [io  0x1000-0x10ff]
[    0.190885] pci 0000:00:01.0: PCI bridge to [bus 01]
[    0.190893] pci 0000:00:01.0:   bridge window [io  0x1000-0x1fff]
[    0.190901] pci 0000:00:01.0:   bridge window [mem 0xa0000000-0xa00fffff]
[    0.190910] pci 0000:00:01.0:   bridge window [mem 0xa8000000-0xa80fffff 64bit pref]
[    0.190930] pci 0000:00:01.0: nv_msi_ht_cap_quirk didn't locate host bridge
[    0.190981] pcieport 0000:00:01.0: enabling device (0140 -> 0143)
[    0.191183] pcieport 0000:00:01.0: Signaling PME through PCIe PME interrupt
[    0.191192] pci 0000:01:00.0: Signaling PME through PCIe PME interrupt
[    0.191202] pcie_pme 0000:00:01.0:pcie001: service driver pcie_pme loaded
[    0.196977] tegra-apbdma 6000a000.dma: Tegra20 APB DMA driver register 16 channels
[    0.247367] Serial: 8250/16550 driver, 4 ports, IRQ sharing disabled
[    0.249711] console [ttyS0] disabled
[    0.249745] 70006000.serial: ttyS0 at MMIO 0x70006000 (irq = 279, base_baud = 13500000) is a Tegra
[    1.218883] console [ttyS0] enabled
[    1.222961] SuperH (H)SCI(F) driver initialized
[    1.228230] msm_serial: driver initialized
[    1.232469] STMicroelectronics ASC driver initialized
[    1.240198] [drm] Initialized
[    1.245392] 54280000.hdmi supply hdmi not found, using dummy regulator
[    1.254041] [drm] Supports vblank timestamp caching Rev 2 (21.10.2013).
[    1.260658] [drm] No driver support for vblank timestamp query.
[    1.266608] drm drm: No connectors reported connected with modes
[    1.272615] [drm] Cannot find any crtc or sizes - going 1024x768
[    1.294665] Console: switching to colour frame buffer device 128x48
[    1.309356] drm drm: fb0:  frame buffer device
[    1.313871] [drm] Initialized tegra 0.0.0 20120330 on minor 0
[    1.328762] brd: module loaded
[    1.336241] loop: module loaded
[    1.345040] m25p80 spi32766.0: found s25fl008k, expected w25q80bl
[    1.351149] m25p80 spi32766.0: s25fl008k (1024 Kbytes)
[    1.358559] libphy: Fixed MDIO Bus: probed
[    1.363545] CAN device driver interface
[    1.368942] e1000e: Intel(R) PRO/1000 Network Driver - 3.2.6-k
[    1.374775] e1000e: Copyright(c) 1999 - 2015 Intel Corporation.
[    1.380749] igb: Intel(R) Gigabit Ethernet Network Driver - version 5.4.0-k
[    1.387705] igb: Copyright (c) 2007-2014 Intel Corporation.
[    1.393803] r8169 Gigabit Ethernet driver 2.3LK-NAPI loaded
[    1.399401] r8169 0000:01:00.0: enabling device (0140 -> 0143)
[    1.406042] r8169 0000:01:00.0 eth0: RTL8168d/8111d at 0xf08fc000, 00:01:c0:13:7d:63, XID 081000c0 IRQ 296
[    1.415695] r8169 0000:01:00.0 eth0: jumbo features [frames: 9200 bytes, tx checksumming: ko]
[    1.426310] pegasus: v0.9.3 (2013/04/25), Pegasus/Pegasus II USB Ethernet driver
[    1.433759] usbcore: registered new interface driver pegasus
[    1.439458] usbcore: registered new interface driver asix
[    1.444890] usbcore: registered new interface driver ax88179_178a
[    1.451011] usbcore: registered new interface driver cdc_ether
[    1.456888] usbcore: registered new interface driver smsc75xx
[    1.462674] usbcore: registered new interface driver smsc95xx
[    1.468456] usbcore: registered new interface driver net1080
[    1.474144] usbcore: registered new interface driver cdc_subset
[    1.480091] usbcore: registered new interface driver zaurus
[    1.485717] usbcore: registered new interface driver cdc_ncm
[    1.491638] tegra-phy c5004000.usb-phy: no vbus regulator
[    1.498124] tegra-phy c5008000.usb-phy: no vbus regulator
[    1.504798] ehci_hcd: USB 2.0 'Enhanced' Host Controller (EHCI) Driver
[    1.511328] ehci-pci: EHCI PCI platform driver
[    1.515807] ehci-platform: EHCI generic platform driver
[    1.521192] ehci-orion: EHCI orion driver
[    1.525290] SPEAr-ehci: EHCI SPEAr driver
[    1.529407] ehci-st: EHCI STMicroelectronics driver
[    1.534396] ehci-exynos: EHCI EXYNOS driver
[    1.538700] ehci-atmel: EHCI Atmel driver
[    1.542813] tegra-ehci: Tegra EHCI driver
[    1.576892] ulpi_phy_power_on: ulpi write failed
[    1.581514] tegra-ehci c5004000.usb: Failed to power on the phy
[    1.587444] tegra-ehci: probe of c5004000.usb failed with error -110
[    1.596437] tegra-ehci c5008000.usb: EHCI Host Controller
[    1.601852] tegra-ehci c5008000.usb: new USB bus registered, assigned bus number 1
[    1.609659] tegra-ehci c5008000.usb: irq 290, io mem 0xc5008000
[    1.625702] tegra-ehci c5008000.usb: USB 2.0 started, EHCI 1.00
[    1.632222] hub 1-0:1.0: USB hub found
[    1.636002] hub 1-0:1.0: 1 port detected
[    1.640217] ohci_hcd: USB 1.1 'Open' Host Controller (OHCI) Driver
[    1.646404] ohci-pci: OHCI PCI platform driver
[    1.650891] ohci-platform: OHCI generic platform driver
[    1.656273] ohci-omap3: OHCI OMAP3 driver
[    1.660382] SPEAr-ohci: OHCI SPEAr driver
[    1.664508] ohci-st: OHCI STMicroelectronics driver
[    1.669492] ohci-atmel: OHCI Atmel driver
[    1.674078] usbcore: registered new interface driver usb-storage
[    1.681287] mousedev: PS/2 mouse device common for all mice
[    1.688463] rtc-em3027 2-0056: rtc core: registered rtc-em3027 as rtc0
[    1.696166] tegra_rtc 7000e000.rtc: rtc core: registered 7000e000.rtc as rtc1
[    1.703327] tegra_rtc 7000e000.rtc: Tegra internal Real Time Clock
[    1.709917] i2c /dev entries driver
[    1.722708] sdhci: Secure Digital Host Controller Interface driver
[    1.728900] sdhci: Copyright(c) Pierre Ossman
[    1.734411] Synopsys Designware Multimedia Card Interface Driver
[    1.741280] sdhci-pltfm: SDHCI platform and OF driver helper
[    1.747737] mmc0: Invalid maximum block size, assuming 512 bytes
[    1.790705] mmc0: SDHCI controller on c8000000.sdhci [c8000000.sdhci] using ADMA
[    1.798200] sdhci-tegra c8000600.sdhci: Got CD GPIO
[    1.803094] sdhci-tegra c8000600.sdhci: Got WP GPIO
[    1.808139] mmc1: Invalid maximum block size, assuming 512 bytes
[    1.850808] mmc1: SDHCI controller on c8000600.sdhci [c8000600.sdhci] using ADMA
[    1.859627] ledtrig-cpu: registered to indicate activity on CPUs
[    1.865957] usbcore: registered new interface driver usbhid
[    1.871567] usbhid: USB HID core driver
[    1.878227] NET: Registered protocol family 10
[    1.900714] IPv6: Attempt to unregister permanent protocol 6
[    1.906439] IPv6: Attempt to unregister permanent protocol 136
[    1.912361] IPv6: Attempt to unregister permanent protocol 17
[    1.970699] usb 1-1: new high-speed USB device number 2 using tegra-ehci
[    1.985905] mmc1: new high speed SD card at address b368
[    1.991582] mmcblk1: mmc1:b368 NCard 1.83 GiB (ro)
[    1.996569] mmc0: host does not support reading read-only switch, assuming write-enable
[    2.006379] mmc0: new high speed SDHC card at address b368
[    2.012078]  mmcblk1: p1 p2
[    2.015511] mmcblk0: mmc0:b368 NCard 3.70 GiB 
[    2.021739]  mmcblk0: p1
[    2.127214] hub 1-1:1.0: USB hub found
[    2.131197] hub 1-1:1.0: 4 ports detected
[    2.195725] ------------[ cut here ]------------
[    2.200369] WARNING: CPU: 1 PID: 0 at kernel/rcu/tree.c:380 rcu_note_context_switch+0x24/0x2c
[    2.208879] Modules linked in:
[    2.211943] CPU: 1 PID: 0 Comm: swapper/1 Not tainted 4.9.0-rc4-next-20161111-133604-g37634f0 #1
[    2.220714] Hardware name: NVIDIA Tegra SoC (Flattened Device Tree)
[    2.227013] [<c030fab8>] (unwind_backtrace) from [<c030b104>] (show_stack+0x10/0x14)
[    2.230807] NET: Unregistered protocol family 10
[    2.231290] sit: IPv6, IPv4 and MPLS over IPv4 tunneling driver
[    2.232075] NET: Registered protocol family 17
[    2.232094] can: controller area network core (rev 20120528 abi 9)
[    2.232193] NET: Registered protocol family 29
[    2.232201] can: raw protocol (rev 20120528)
[    2.232207] can: broadcast manager protocol (rev 20160617 t)
[    2.232218] can: netlink gateway (rev 20130117) max_hops=1
[    2.232847] Key type dns_resolver registered
[    2.233624] ThumbEE CPU extension supported.
[    2.233639] Registering SWP/SWPB emulation handler
[    2.288943] [<c030b104>] (show_stack) from [<c0592150>] (dump_stack+0x84/0xa4)
[    2.296177] [<c0592150>] (dump_stack) from [<c0342be0>] (__warn+0xd4/0x100)
[    2.303141] [<c0342be0>] (__warn) from [<c0342c2c>] (warn_slowpath_null+0x20/0x28)
[    2.310716] [<c0342c2c>] (warn_slowpath_null) from [<c0393b00>] (rcu_note_context_switch+0x24/0x2c)
[    2.319762] [<c0393b00>] (rcu_note_context_switch) from [<c0bbef5c>] (__schedule+0x64/0x500)
[    2.328194] [<c0bbef5c>] (__schedule) from [<c0bbf51c>] (schedule+0x38/0x9c)
[    2.335241] [<c0bbf51c>] (schedule) from [<c0bbf790>] (schedule_preempt_disabled+0xc/0x10)
[    2.343508] [<c0bbf790>] (schedule_preempt_disabled) from [<c037ad94>] (cpu_startup_entry+0x180/0x1f4)
[    2.352829] [<c037ad94>] (cpu_startup_entry) from [<00301c2c>] (0x301c2c)
[    2.359625] ---[ end trace 5ef4bb43ef5cae44 ]---
[    2.376226] utmi_phy_clk_enable: timeout waiting for phy to stabilize
[    2.382732] tegra-ehci c5000000.usb: EHCI Host Controller
[    2.388185] tegra-ehci c5000000.usb: new USB bus registered, assigned bus number 2
[    2.396423] tegra-ehci c5000000.usb: irq 288, io mem 0xc5000000
[    2.460724] usb 1-1.2: new high-speed USB device number 3 using tegra-ehci
[    2.480719] tegra-ehci c5000000.usb: USB 2.0 started, EHCI 1.00
[    2.487633] hub 2-0:1.0: USB hub found
[    2.491446] hub 2-0:1.0: 1 port detected
[    2.496735] input: gpio-keys as /devices/soc0/gpio-keys/input/input0
[    2.503800] rtc-em3027 2-0056: setting system clock to 2015-02-05 23:11:21 UTC (1423177881)
[    2.514278] EXT4-fs (mmcblk0p1): mounting ext3 file system using the ext4 subsystem
[    3.039306] random: fast init done
[    3.048619] asix 1-1.2:1.0 eth1: register 'asix' at usb-c5008000.usb-1.2, ASIX AX88772 USB 2.0 Ethernet, 00:60:6e:60:6c:68
[    3.861920] EXT4-fs (mmcblk0p1): recovery complete
[    3.936197] EXT4-fs (mmcblk0p1): mounted filesystem with ordered data mode. Opts: (null)
[    3.944447] VFS: Mounted root (ext3 filesystem) on device 179:17.
[    3.955266] devtmpfs: mounted
[    3.965429] Freeing unused kernel memory: 2048K
bash: cannot set terminal process group (-1): Inappropriate ioctl for device
bash: no job control in this shell
root@(none):/# 