
U-Boot SPL 2014.01-00219-gc4d376f (Feb 18 2014 - 19:57:18)


U-Boot 2014.01-00219-gc4d376f (Feb 18 2014 - 19:57:18)

TEGRA30
Board: NVIDIA Beaver
I2C:   ready
DRAM:  2 GiB
MMC:   Tegra SD/MMC: 0, Tegra SD/MMC: 1
In:    serial
Out:   serial
Err:   serial
Net:   Net Initialization Skipped
No ethernet found.
Hit any key to stop autoboot:  2  0 
Tegra30 (Beaver) # 
Tegra30 (Beaver) # usb reset
(Re)start USB...
USB0:   USB EHCI 1.00
scanning bus 0 for devices... 2 USB Device(s) found
       scanning usb for storage devices... 0 Storage Device(s) found
       scanning usb for ethernet devices... 
Warning: asx0 using MAC address from net device
1 Ethernet Device(s) found
Tegra30 (Beaver) # setenv bootargs 'ignore_loglevel console=ttyS0,115200n8 rw root=PARTUUID=edbe1840-3633-c751-7993-b0ac834f81e0 rootwait gpt debug noinitrd earlyprintk init=/bin/bash'
Tegra30 (Beaver) # setenv ipaddr 192.168.100.101; setenv serverip 192.168.100.1; setenv tftpserverip 192.168.100.1
Tegra30 (Beaver) # tftpboot 0x81000000 zImage.multi_v7_defconfig
Using asx0 device
TFTP from server 192.168.100.1; our IP address is 192.168.100.101
Filename 'zImage.multi_v7_defconfig'.
Load address: 0x81000000
Loading: *#################################################################
	 #################################################################
	 #################################################################
	 #################################################################
	 #################################################################
	 #################################################################
	 #################################################################
	 #################################################################
	 ###########################
	 3.2 MiB/s
done
Bytes transferred = 8025448 (7a7568 hex)
Tegra30 (Beaver) # tftpboot 0x82000000 tegra30-beaver.dtb
Using asx0 device
TFTP from server 192.168.100.1; our IP address is 192.168.100.101
Filename 'tegra30-beaver.dtb'.
Load address: 0x82000000
Loading: *####
	 3.3 MiB/s
done
Bytes transferred = 51848 (ca88 hex)
Tegra30 (Beaver) # bootz 0x81000000 - 0x82000000
Kernel image @ 0x81000000 [ 0x000000 - 0x7a7568 ]
## Flattened Device Tree blob at 82000000
   Booting using the fdt blob at 0x82000000
   Loading Device Tree to 8fff0000, end 8ffffa87 ... OK

Starting kernel ...

[    0.000000] Booting Linux on physical CPU 0x0
[    0.000000] Linux version 4.13.0-rc3-next-20170801-189524-gf3613e0 (jonathanh@sellafield) (gcc version 4.7.3 20130328 (prerelease) (crosstool-NG linaro-1.13.1-4.7-2013.04-20130415 - Linaro GCC 2013.04)) #1 SMP Tue Aug 1 00:51:15 PDT 2017
[    0.000000] CPU: ARMv7 Processor [412fc099] revision 9 (ARMv7), cr=10c5387d
[    0.000000] CPU: PIPT / VIPT nonaliasing data cache, VIPT aliasing instruction cache
[    0.000000] OF: fdt: Machine model: NVIDIA Tegra30 Beaver evaluation board
[    0.000000] debug: ignoring loglevel setting.
[    0.000000] Memory policy: Data cache writealloc
[    0.000000] efi: Getting EFI parameters from FDT:
[    0.000000] efi: UEFI not found.
[    0.000000] cma: Reserved 64 MiB at 0xfb800000
[    0.000000] On node 0 totalpages: 524032
[    0.000000] free_area_init_node: node 0, pgdat c157c2c0, node_mem_map eeff8000
[    0.000000]   DMA zone: 1536 pages used for memmap
[    0.000000]   DMA zone: 0 pages reserved
[    0.000000]   DMA zone: 196608 pages, LIFO batch:31
[    0.000000]   HighMem zone: 327424 pages, LIFO batch:31
[    0.000000] percpu: Embedded 17 pages/cpu @eef88000 s39488 r8192 d21952 u69632
[    0.000000] pcpu-alloc: s39488 r8192 d21952 u69632 alloc=17*4096
[    0.000000] pcpu-alloc: [0] 0 [0] 1 [0] 2 [0] 3 
[    0.000000] Built 1 zonelists, mobility grouping on.  Total pages: 522496
[    0.000000] Kernel command line: ignore_loglevel console=ttyS0,115200n8 rw root=PARTUUID=edbe1840-3633-c751-7993-b0ac834f81e0 rootwait gpt debug noinitrd earlyprintk init=/bin/bash
[    0.000000] PID hash table entries: 4096 (order: 2, 16384 bytes)
[    0.000000] Dentry cache hash table entries: 131072 (order: 7, 524288 bytes)
[    0.000000] Inode-cache hash table entries: 65536 (order: 6, 262144 bytes)
[    0.000000] Memory: 1993472K/2096128K available (10240K kernel code, 1552K rwdata, 4480K rodata, 2048K init, 404K bss, 37120K reserved, 65536K cma-reserved, 1244160K highmem)
[    0.000000] Virtual kernel memory layout:
[    0.000000]     vector  : 0xffff0000 - 0xffff1000   (   4 kB)
[    0.000000]     fixmap  : 0xffc00000 - 0xfff00000   (3072 kB)
[    0.000000]     vmalloc : 0xf0800000 - 0xff800000   ( 240 MB)
[    0.000000]     lowmem  : 0xc0000000 - 0xf0000000   ( 768 MB)
[    0.000000]     pkmap   : 0xbfe00000 - 0xc0000000   (   2 MB)
[    0.000000]     modules : 0xbf000000 - 0xbfe00000   (  14 MB)
[    0.000000]       .text : 0xc0208000 - 0xc0d00000   (11232 kB)
[    0.000000]       .init : 0xc1200000 - 0xc1400000   (2048 kB)
[    0.000000]       .data : 0xc1400000 - 0xc15840b8   (1553 kB)
[    0.000000]        .bss : 0xc158dc68 - 0xc15f303c   ( 405 kB)
[    0.000000] SLUB: HWalign=64, Order=0-3, MinObjects=0, CPUs=4, Nodes=1
[    0.000000] Hierarchical RCU implementation.
[    0.000000] 	RCU event tracing is enabled.
[    0.000000] 	RCU restricting CPUs from NR_CPUS=16 to nr_cpu_ids=4.
[    0.000000] RCU: Adjusting geometry for rcu_fanout_leaf=16, nr_cpu_ids=4
[    0.000000] NR_IRQS: 16, nr_irqs: 16, preallocated irqs: 16
[    0.000000] /interrupt-controller@60004000: 160 interrupts forwarded to /interrupt-controller@50041000
[    0.000000] L2C: platform modifies aux control register: 0x02080000 -> 0x3e480001
[    0.000000] L2C: DT/platform modifies aux control register: 0x02080000 -> 0x3e480001
[    0.000000] L2C-310 erratum 769419 enabled
[    0.000000] L2C-310 enabling early BRESP for Cortex-A9
[    0.000000] L2C-310: enabling full line of zeros but not enabled in Cortex-A9
[    0.000000] L2C-310 dynamic clock gating enabled, standby mode enabled
[    0.000000] L2C-310 cache controller enabled, 8 ways, 1024 kB
[    0.000000] L2C-310: CACHE_ID 0x410000c7, AUX_CTRL 0x4e480001
[    0.000012] sched_clock: 32 bits at 1000kHz, resolution 1000ns, wraps every 2147483647500ns
[    0.000030] clocksource: timer_us: mask: 0xffffffff max_cycles: 0xffffffff, max_idle_ns: 1911260446275 ns
[    0.000038] Switching to timer-based delay loop, resolution 1000ns
[    0.002966] Console: colour dummy device 80x30
[    0.002997] Calibrating delay loop (skipped), value calculated using timer frequency.. 2.00 BogoMIPS (lpj=10000)
[    0.003007] pid_max: default: 32768 minimum: 301
[    0.003087] Mount-cache hash table entries: 2048 (order: 1, 8192 bytes)
[    0.003096] Mountpoint-cache hash table entries: 2048 (order: 1, 8192 bytes)
[    0.003480] CPU: Testing write buffer coherency: ok
[    0.003793] CPU0: thread -1, cpu 0, socket 0, mpidr 80000000
[    0.004018] Setting up static identity map for 0x80300000 - 0x803000a0
[    0.005357] Hierarchical SRCU implementation.
[    0.006683] Tegra Revision: A03 SKU: 128 CPU Process: 4 SoC Process: 0
[    0.007252] EFI services will not be available.
[    0.007353] smp: Bringing up secondary CPUs ...
[    0.010375] CPU1: thread -1, cpu 1, socket 0, mpidr 80000001
[    0.020351] CPU2: thread -1, cpu 2, socket 0, mpidr 80000002
[    0.030333] CPU3: thread -1, cpu 3, socket 0, mpidr 80000003
[    0.030387] smp: Brought up 1 node, 4 CPUs
[    0.030400] SMP: Total of 4 processors activated (8.00 BogoMIPS).
[    0.030405] CPU: All CPU(s) started in SVC mode.
[    0.031118] devtmpfs: initialized
[    0.038036] VFP support v0.3: implementor 41 architecture 3 part 30 variant 9 rev 4
[    0.038484] clocksource: jiffies: mask: 0xffffffff max_cycles: 0xffffffff, max_idle_ns: 19112604462750000 ns
[    0.038503] futex hash table entries: 1024 (order: 4, 65536 bytes)
[    0.041944] pinctrl core: initialized pinctrl subsystem
[    0.043313] DMI not present or invalid.
[    0.043524] random: get_random_u32 called from bucket_table_alloc+0xe8/0x254 with crng_init=0
[    0.043588] NET: Registered protocol family 16
[    0.046118] DMA: preallocated 256 KiB pool for atomic coherent allocations
[    0.047782] cpuidle: using governor menu
[    0.060149] No ATAGs?
[    0.060260] hw-breakpoint: found 5 (+1 reserved) breakpoint and 1 watchpoint registers.
[    0.060272] hw-breakpoint: maximum watchpoint size is 4 bytes.
[    0.064511] Serial: AMBA PL011 UART driver
[    0.064968] tegra-mc 7000f000.memory-controller: no memory timings for RAM code 3 registered
[    0.073150] AT91: Could not find identification node
[    0.073643] vdd_5v_sata: Failed to request enable GPIO30: -517
[    0.073657] reg-fixed-voltage regulators:regulator@3: Failed to register regulator: -517
[    0.073707] usb1_vbus: Failed to request enable GPIO238: -517
[    0.073714] reg-fixed-voltage regulators:regulator@4: Failed to register regulator: -517
[    0.073761] usb3_vbus: Failed to request enable GPIO236: -517
[    0.073768] reg-fixed-voltage regulators:regulator@5: Failed to register regulator: -517
[    0.073866] sys_3v3_pexs: Failed to request enable GPIO95: -517
[    0.073873] reg-fixed-voltage regulators:regulator@7: Failed to register regulator: -517
[    0.075604] vgaarb: loaded
[    0.076055] SCSI subsystem initialized
[    0.076195] libata version 3.00 loaded.
[    0.076325] usbcore: registered new interface driver usbfs
[    0.076353] usbcore: registered new interface driver hub
[    0.076390] usbcore: registered new device driver usb
[    0.083298] vrtc: supplied by vdd_5v_in
[    0.086583] vio: supplied by vdd_5v_in
[    0.091866] vdd1: supplied by vdd_5v_in
[    0.092317] random: fast init done
[    0.093223] vddio_ddr_1v2: Bringing 600000uV into 1200000-1200000uV
[    0.101820] vdd2: supplied by vdd_5v_in
[    0.121798] ldo1: supplied by vdd_1v5_gen
[    0.124178] ldo2: supplied by vdd_1v5_gen
[    0.124650] vdd_sata,avdd_plle: Bringing 1200000uV into 1050000-1050000uV
[    0.126872] ldo3: supplied by vdd_5v_in
[    0.129212] ldo4: supplied by vdd_5v_in
[    0.131809] ldo5: supplied by vdd_5v_in
[    0.141797] ldo6: supplied by vdd_1v8_gen
[    0.142268] avdd_dsi_csi,pwrdet_mipi: Bringing 1000000uV into 1200000-1200000uV
[    0.144506] ldo7: supplied by vdd_1v8_gen
[    0.151795] ldo8: supplied by vdd_1v8_gen
[    0.161869] pps_core: LinuxPPS API ver. 1 registered
[    0.161875] pps_core: Software ver. 5.3.6 - Copyright 2005-2007 Rodolfo Giometti <giometti@linux.it>
[    0.161888] PTP clock support registered
[    0.162020] EDAC MC: Ver: 3.0.0
[    0.162219] dmi: Firmware registration failed.
[    0.163510] clocksource: Switched to clocksource timer_us
[    0.195092] NET: Registered protocol family 2
[    0.195489] TCP established hash table entries: 8192 (order: 3, 32768 bytes)
[    0.195544] TCP bind hash table entries: 8192 (order: 4, 65536 bytes)
[    0.195627] TCP: Hash tables configured (established 8192 bind 8192)
[    0.195771] UDP hash table entries: 512 (order: 2, 16384 bytes)
[    0.195839] UDP-Lite hash table entries: 512 (order: 2, 16384 bytes)
[    0.196039] NET: Registered protocol family 1
[    0.196388] RPC: Registered named UNIX socket transport module.
[    0.196396] RPC: Registered udp transport module.
[    0.196400] RPC: Registered tcp transport module.
[    0.196404] RPC: Registered tcp NFSv4.1 backchannel transport module.
[    0.196414] PCI: CLS 0 bytes, default 64
[    0.197203] hw perfevents: no interrupt-affinity property for /pmu, guessing.
[    0.197409] hw perfevents: enabled with armv7_cortex_a9 PMU driver, 7 counters available
[    0.198525] workingset: timestamp_bits=30 max_order=19 bucket_order=0
[    0.201586] squashfs: version 4.0 (2009/01/31) Phillip Lougher
[    0.201974] NFS: Registering the id_resolver key type
[    0.202002] Key type id_resolver registered
[    0.202007] Key type id_legacy registered
[    0.202036] ntfs: driver 2.1.32 [Flags: R/O].
[    0.203066] bounce: pool size: 64 pages
[    0.203103] Block layer SCSI generic (bsg) driver version 0.4 loaded (major 248)
[    0.203113] io scheduler noop registered
[    0.203117] io scheduler deadline registered
[    0.203245] io scheduler cfq registered (default)
[    0.203251] io scheduler mq-deadline registered
[    0.203256] io scheduler kyber registered
[    0.209249] tegra30-pinctrl 70000868.pinmux: invalid group "sdmmc3_dat6_pd3" for function "rsvd1"
[    0.209264] tegra30-pinctrl 70000868.pinmux: invalid group "sdmmc3_dat7_pd4" for function "rsvd1"
[    0.209278] tegra30-pinctrl 70000868.pinmux: invalid group "vi_vsync_pd6" for function "rsvd1"
[    0.209287] tegra30-pinctrl 70000868.pinmux: invalid group "vi_hsync_pd7" for function "rsvd1"
[    0.209747] tegra30-pinctrl 70000868.pinmux: invalid group "hdmi_int_pn7" for function "rsvd1"
[    0.209791] tegra30-pinctrl 70000868.pinmux: invalid group "ulpi_data3_po4" for function "rsvd1"
[    0.210118] tegra30-pinctrl 70000868.pinmux: invalid group "vi_d10_pt2" for function "rsvd1"
[    0.210131] tegra30-pinctrl 70000868.pinmux: invalid group "vi_d11_pt3" for function "rsvd1"
[    0.210143] tegra30-pinctrl 70000868.pinmux: invalid group "vi_d0_pt4" for function "rsvd1"
[    0.210184] tegra30-pinctrl 70000868.pinmux: invalid group "pu0" for function "rsvd1"
[    0.210213] tegra30-pinctrl 70000868.pinmux: invalid group "pu3" for function "rsvd1"
[    0.210242] tegra30-pinctrl 70000868.pinmux: invalid group "pu6" for function "rsvd1"
[    0.210282] tegra30-pinctrl 70000868.pinmux: invalid group "pv3" for function "rsvd1"
[    0.210776] tegra30-pinctrl 70000868.pinmux: invalid group "pbb0" for function "rsvd1"
[    0.210889] tegra30-pinctrl 70000868.pinmux: invalid group "pcc1" for function "rsvd1"
[    0.215834] tegra-pcie 3000.pcie: 2x3 configuration
[    0.215988] tegra-pcie 3000.pcie: Failed to get supply 'hvdd-pex': -517
[    0.221225] tegra-apbdma 6000a000.dma: Tegra20 APB DMA driver register 32 channels
[    0.222998] tegra-pmc 7000e400.pmc: i2c-thermtrip node not found, emergency thermal reset disabled.
[    0.251217] Serial: 8250/16550 driver, 4 ports, IRQ sharing disabled
[    0.253231] console [ttyS0] disabled
[    0.253273] 70006000.serial: ttyS0 at MMIO 0x70006000 (irq = 331, base_baud = 25500000) is a Tegra
[    1.297271] console [ttyS0] enabled
[    1.301272] SuperH (H)SCI(F) driver initialized
[    1.306389] msm_serial: driver initialized
[    1.310575] STMicroelectronics ASC driver initialized
[    1.319322] tegra-hdmi 54280000.hdmi: failed to get HDMI regulator
[    1.332016] brd: module loaded
[    1.339875] loop: module loaded
[    1.348609] m25p80 spi32766.1: w25q32 (4096 Kbytes)
[    1.355101] libphy: Fixed MDIO Bus: probed
[    1.359690] CAN device driver interface
[    1.364058] bgmac_bcma: Broadcom 47xx GBit MAC driver loaded
[    1.370410] e1000e: Intel(R) PRO/1000 Network Driver - 3.2.6-k
[    1.376247] e1000e: Copyright(c) 1999 - 2015 Intel Corporation.
[    1.382182] igb: Intel(R) Gigabit Ethernet Network Driver - version 5.4.0-k
[    1.389143] igb: Copyright (c) 2007-2014 Intel Corporation.
[    1.396735] pegasus: v0.9.3 (2013/04/25), Pegasus/Pegasus II USB Ethernet driver
[    1.404181] usbcore: registered new interface driver pegasus
[    1.409848] usbcore: registered new interface driver asix
[    1.415261] usbcore: registered new interface driver ax88179_178a
[    1.421354] usbcore: registered new interface driver cdc_ether
[    1.427201] usbcore: registered new interface driver smsc75xx
[    1.432953] usbcore: registered new interface driver smsc95xx
[    1.438718] usbcore: registered new interface driver net1080
[    1.444385] usbcore: registered new interface driver cdc_subset
[    1.450303] usbcore: registered new interface driver zaurus
[    1.455900] usbcore: registered new interface driver cdc_ncm
[    1.462925] ehci_hcd: USB 2.0 'Enhanced' Host Controller (EHCI) Driver
[    1.469451] ehci-pci: EHCI PCI platform driver
[    1.473916] ehci-platform: EHCI generic platform driver
[    1.479242] ehci-orion: EHCI orion driver
[    1.483325] SPEAr-ehci: EHCI SPEAr driver
[    1.487405] ehci-st: EHCI STMicroelectronics driver
[    1.492339] ehci-exynos: EHCI EXYNOS driver
[    1.496605] ehci-atmel: EHCI Atmel driver
[    1.500672] tegra-ehci: Tegra EHCI driver
[    1.504981] ohci_hcd: USB 1.1 'Open' Host Controller (OHCI) Driver
[    1.511155] ohci-pci: OHCI PCI platform driver
[    1.515624] ohci-platform: OHCI generic platform driver
[    1.520945] SPEAr-ohci: OHCI SPEAr driver
[    1.525033] ohci-st: OHCI STMicroelectronics driver
[    1.529969] ohci-atmel: OHCI Atmel driver
[    1.534387] usbcore: registered new interface driver usb-storage
[    1.542996] tegra_rtc 7000e000.rtc: rtc core: registered 7000e000.rtc as rtc1
[    1.550173] tegra_rtc 7000e000.rtc: Tegra internal Real Time Clock
[    1.568987] tps65910-rtc tps65910-rtc: rtc core: registered tps65910-rtc as rtc0
[    1.576576] i2c /dev entries driver
[    1.587875] sdhci: Secure Digital Host Controller Interface driver
[    1.594064] sdhci: Copyright(c) Pierre Ossman
[    1.599273] Synopsys Designware Multimedia Card Interface Driver
[    1.605972] sdhci-pltfm: SDHCI platform and OF driver helper
[    1.612137] sdhci-tegra 78000000.sdhci: Got CD GPIO
[    1.617035] sdhci-tegra 78000000.sdhci: Got WP GPIO
[    1.630200] mmc0: Invalid maximum block size, assuming 512 bytes
[    1.693601] mmc0: SDHCI controller on 78000000.sdhci [78000000.sdhci] using ADMA
[    1.709969] mmc1: Invalid maximum block size, assuming 512 bytes
[    1.773532] mmc1: SDHCI controller on 78000600.sdhci [78000600.sdhci] using ADMA
[    1.782255] ledtrig-cpu: registered to indicate activity on CPUs
[    1.788470] usbcore: registered new interface driver usbhid
[    1.794040] usbhid: USB HID core driver
[    1.800238] NET: Registered protocol family 10
[    1.805333] Segment Routing with IPv6
[    1.809025] sit: IPv6, IPv4 and MPLS over IPv4 tunneling driver
[    1.815317] NET: Registered protocol family 17
[    1.819757] can: controller area network core (rev 20170425 abi 9)
[    1.825978] NET: Registered protocol family 29
[    1.830409] can: raw protocol (rev 20170425)
[    1.834681] can: broadcast manager protocol (rev 20170425 t)
[    1.840329] can: netlink gateway (rev 20170425) max_hops=1
[    1.846072] Key type dns_resolver registered
[    1.850689] ThumbEE CPU extension supported.
[    1.854970] Registering SWP/SWPB emulation handler
[    1.870088] vdd_ddr: supplied by vdd_5v_in
[    1.875023] vdd_5v_sata: supplied by vdd_5v_in
[    1.879804] usb1_vbus: supplied by vdd_5v_in
[    1.884387] usb3_vbus: supplied by vdd_5v_in
[    1.889884] sys_3v3,vdd_3v3_alw: supplied by vdd_5v_in
[    1.895805] sys_3v3_pexs: supplied by sys_3v3,vdd_3v3_alw
[    1.901312] +VDD_5V_HDMI: supplied by sys_3v3,vdd_3v3_alw
[    1.907398] tegra-pcie 3000.pcie: 2x3 configuration
[    1.912756] mmc1: new high speed MMC card at address 0001
[    1.915335] tegra-pcie 3000.pcie: probing port 0, using 2 lanes
[    1.924968] mmcblk1: mmc1:0001 SEM16G 14.8 GiB 
[    1.929602] mmcblk1boot0: mmc1:0001 SEM16G partition 1 1.00 MiB
[    1.936180] mmcblk1boot1: mmc1:0001 SEM16G partition 2 1.00 MiB
[    1.942186] mmcblk1rpmb: mmc1:0001 SEM16G partition 3 128 KiB
[    1.951897] Primary GPT is invalid, using alternate GPT.
[    1.957227]  mmcblk1: p1 p2 p3 p4 p5
[    1.962836] mmc0: new ultra high speed DDR50 SDHC card at address aaaa
[    1.970029] mmcblk0: mmc0:aaaa SS04G 3.69 GiB 
[    1.973670] tegra-pcie 3000.pcie: probing port 2, using 2 lanes
[    2.001491]  mmcblk0: p1 p2 p3
[    2.377531] tegra-pcie 3000.pcie: link 2 down, retrying
[    2.786565] tegra-pcie 3000.pcie: link 2 down, retrying
[    3.195591] tegra-pcie 3000.pcie: link 2 down, retrying
[    3.202814] tegra-pcie 3000.pcie: link 2 down, ignoring
[    3.208157] tegra-pcie 3000.pcie: PCI host bridge to bus 0000:00
[    3.214166] pci_bus 0000:00: root bus resource [io  0x0000-0xffff]
[    3.220330] pci_bus 0000:00: root bus resource [mem 0x20000000-0x27ffffff]
[    3.227197] pci_bus 0000:00: root bus resource [mem 0x28000000-0x3fffffff pref]
[    3.234497] pci_bus 0000:00: root bus resource [bus 00-ff]
[    3.239992] pci 0000:00:01.0: [10de:0e1c] type 01 class 0x060400
[    3.246004] pci_bus 0000:00: 2-byte config write to 0000:00:01.0 offset 0x4 may corrupt adjacent RW1C bits
[    3.255647] pci_bus 0000:00: 2-byte config write to 0000:00:01.0 offset 0x4 may corrupt adjacent RW1C bits
[    3.265301] pci_bus 0000:00: 2-byte config write to 0000:00:01.0 offset 0x88 may corrupt adjacent RW1C bits
[    3.275046] pci_bus 0000:00: 2-byte config write to 0000:00:01.0 offset 0x52 may corrupt adjacent RW1C bits
[    3.284788] pci 0000:00:01.0: PME# supported from D0 D1 D2 D3hot D3cold
[    3.291387] pci_bus 0000:00: 2-byte config write to 0000:00:01.0 offset 0x4c may corrupt adjacent RW1C bits
[    3.301243] pci_bus 0000:00: 2-byte config write to 0000:00:01.0 offset 0x3e may corrupt adjacent RW1C bits
[    3.310977] pci_bus 0000:00: 2-byte config write to 0000:00:01.0 offset 0x4 may corrupt adjacent RW1C bits
[    3.320618] pci_bus 0000:00: 1-byte config write to 0000:00:01.0 offset 0xc may corrupt adjacent RW1C bits
[    3.330256] PCI: bus0: Fast back to back transfers disabled
[    3.335823] pci 0000:00:01.0: bridge configuration invalid ([bus 00-00]), reconfiguring
[    3.343816] pci_bus 0000:00: 2-byte config write to 0000:00:01.0 offset 0x3e may corrupt adjacent RW1C bits
[    3.353543] pci_bus 0000:00: 2-byte config write to 0000:00:01.0 offset 0x3e may corrupt adjacent RW1C bits
[    3.363346] pci 0000:01:00.0: [10ec:8168] type 00 class 0x020000
[    3.369374] pci 0000:01:00.0: reg 0x10: [io  0x0000-0x00ff]
[    3.374957] pci 0000:01:00.0: reg 0x18: [mem 0x00000000-0x00000fff 64bit pref]
[    3.382170] pci 0000:01:00.0: reg 0x20: [mem 0x00000000-0x00003fff 64bit pref]
[    3.389451] pci 0000:01:00.0: supports D1 D2
[    3.393716] pci 0000:01:00.0: PME# supported from D0 D1 D2 D3hot D3cold
[    3.423540] PCI: bus1: Fast back to back transfers disabled
[    3.429103] pci_bus 0000:01: busn_res: [bus 01-ff] end is updated to 01
[    3.435738] pci 0000:00:01.0: BAR 9: assigned [mem 0x28000000-0x280fffff 64bit pref]
[    3.443464] pci 0000:00:01.0: BAR 7: assigned [io  0x1000-0x1fff]
[    3.449554] pci 0000:01:00.0: BAR 4: assigned [mem 0x28000000-0x28003fff 64bit pref]
[    3.457299] pci 0000:01:00.0: BAR 2: assigned [mem 0x28004000-0x28004fff 64bit pref]
[    3.465042] pci 0000:01:00.0: BAR 0: assigned [io  0x1000-0x10ff]
[    3.471124] pci 0000:00:01.0: PCI bridge to [bus 01]
[    3.476082] pci 0000:00:01.0:   bridge window [io  0x1000-0x1fff]
[    3.482162] pci 0000:00:01.0:   bridge window [mem 0x28000000-0x280fffff 64bit pref]
[    3.489913] pci 0000:00:01.0: nv_msi_ht_cap_quirk didn't locate host bridge
[    3.496967] pcieport 0000:00:01.0: enabling device (0140 -> 0143)
[    3.503241] pcieport 0000:00:01.0: Signaling PME with IRQ 374
[    3.509241] r8169 Gigabit Ethernet driver 2.3LK-NAPI loaded
[    3.514832] r8169 0000:01:00.0: enabling device (0140 -> 0143)
[    3.521532] r8169 0000:01:00.0 eth0: RTL8168evl/8111evl at 0xf0b1c000, 02:04:4b:01:60:a6, XID 0c900800 IRQ 375
[    3.531533] r8169 0000:01:00.0 eth0: jumbo features [frames: 9200 bytes, tx checksumming: ko]
[    3.542937] [drm] Supports vblank timestamp caching Rev 2 (21.10.2013).
[    3.549582] [drm] No driver support for vblank timestamp query.
[    3.555545] [drm] Cannot find any crtc or sizes
[    3.560079] [drm] Initialized tegra 0.0.0 20120330 for drm on minor 0
[    3.571715] utmi_phy_clk_enable: timeout waiting for phy to stabilize
[    3.578181] tegra-ehci 7d004000.usb: EHCI Host Controller
[    3.583593] tegra-ehci 7d004000.usb: new USB bus registered, assigned bus number 1
[    3.591356] tegra-ehci 7d004000.usb: irq 343, io mem 0x7d004000
[    3.597330] [drm] Cannot find any crtc or sizes
[    3.623904] tegra-ehci 7d004000.usb: USB 2.0 started, EHCI 1.00
[    3.630299] hub 1-0:1.0: USB hub found
[    3.634090] hub 1-0:1.0: 1 port detected
[    3.639180] tegra-ehci 7d008000.usb: EHCI Host Controller
[    3.644600] tegra-ehci 7d008000.usb: new USB bus registered, assigned bus number 2
[    3.652326] tegra-ehci 7d008000.usb: irq 344, io mem 0x7d008000
[    3.683903] tegra-ehci 7d008000.usb: USB 2.0 started, EHCI 1.00
[    3.690237] hub 2-0:1.0: USB hub found
[    3.694021] hub 2-0:1.0: 1 port detected
[    3.703174] tps65910-rtc tps65910-rtc: setting system clock to 2000-01-01 00:00:02 UTC (946684802)
[    3.712688] vdd_sata,avdd_plle: disabling
[    3.717452] usb1_vbus: disabling
[    3.722241] EXT4-fs (mmcblk1p1): mounting ext3 file system using the ext4 subsystem
[    3.772954] EXT4-fs (mmcblk1p1): warning: mounting fs with errors, running e2fsck is recommended
[    3.783149] EXT4-fs (mmcblk1p1): recovery complete
[    3.789138] EXT4-fs (mmcblk1p1): mounted filesystem with ordered data mode. Opts: (null)
[    3.797254] VFS: Mounted root (ext3 filesystem) on device 179:1.
[    3.807402] devtmpfs: mounted
[    3.812823] Freeing unused kernel memory: 2048K
bash: cannot set terminal process group (-1): Inappropriate ioctl for device
bash: no job control in this shell
root@(none):/# [    4.053927] usb 2-1: new high-speed USB device number 2 using tegra-ehci
[    4.734026] asix 2-1:1.0 eth1: register 'asix' at usb-7d008000.usb-1, ASIX AX88772 USB 2.0 Ethernet, 00:50:b6:0f:67:60
