
U-Boot SPL 2014.01-00219-gc4d376f (Feb 18 2014 - 19:57:32)


U-Boot 2014.01-00219-gc4d376f (Feb 18 2014 - 19:57:32)

TEGRA114
Board: NVIDIA Dalmore
I2C:   ready
DRAM:  2 GiB
MMC:   Tegra SD/MMC: 0, Tegra SD/MMC: 1
In:    serial
Out:   serial
Err:   serial
Net:   Net Initialization Skipped
No ethernet found.
Hit any key to stop autoboot:  2  0 
Tegra114 (Dalmore) # 
Tegra114 (Dalmore) # usb reset
(Re)start USB...
USB0:   USB EHCI 1.10
scanning bus 0 for devices... 2 USB Device(s) found
       scanning usb for storage devices... 0 Storage Device(s) found
       scanning usb for ethernet devices... 
Warning: asx0 using MAC address from net device
1 Ethernet Device(s) found
Tegra114 (Dalmore) # setenv bootargs 'ignore_loglevel console=ttyS0,115200n8 rw root=PARTUUID=7369c667-ff51-ec4a-29cd-baabf2fbe346 rootwait gpt debug earlyprintk init=/bin/bash'
Tegra114 (Dalmore) # setenv ipaddr 192.168.100.100; setenv serverip 192.168.100.1; setenv tftpserverip 192.168.100.1
Tegra114 (Dalmore) # tftpboot 0x81000000 zImage.tegra_defconfig
Using asx0 device
TFTP from server 192.168.100.1; our IP address is 192.168.100.100
Filename 'zImage.tegra_defconfig'.
Load address: 0x81000000
Loading: *#################################################################
	 #################################################################
	 #################################################################
	 #################################################################
	 #################################################################
	 #################################################################
	 #################################
	 3.2 MiB/s
done
Bytes transferred = 6196624 (5e8d90 hex)
Tegra114 (Dalmore) # tftpboot 0x82000000 tegra114-dalmore.dtb
Using asx0 device
TFTP from server 192.168.100.1; our IP address is 192.168.100.100
Filename 'tegra114-dalmore.dtb'.
Load address: 0x82000000
Loading: *###
	 2.7 MiB/s
done
Bytes transferred = 34502 (86c6 hex)
Tegra114 (Dalmore) # bootz 0x81000000 - 0x82000000
Kernel image @ 0x81000000 [ 0x000000 - 0x5e8d90 ]
## Flattened Device Tree blob at 82000000
   Booting using the fdt blob at 0x82000000
   Loading Device Tree to 8fff4000, end 8ffff6c5 ... OK

Starting kernel ...

[    0.000000] Booting Linux on physical CPU 0x0
[    0.000000] Linux version 4.15.0-rc4-next-20171222-21537-g3514267 (jonathanh@kaivo) (gcc version 4.7.3 20130328 (prerelease) (crosstool-NG linaro-1.13.1-4.7-2013.04-20130415 - Linaro GCC 2013.04)) #1 SMP PREEMPT Thu Dec 21 21:47:48 PST 2017
[    0.000000] CPU: ARMv7 Processor [412fc0f2] revision 2 (ARMv7), cr=10c5387d
[    0.000000] CPU: div instructions available: patching division code
[    0.000000] CPU: PIPT / VIPT nonaliasing data cache, PIPT instruction cache
[    0.000000] OF: fdt: Machine model: NVIDIA Tegra114 Dalmore evaluation board
[    0.000000] debug: ignoring loglevel setting.
[    0.000000] bootconsole [earlycon0] enabled
[    0.000000] Memory policy: Data cache writealloc
[    0.000000] cma: Reserved 64 MiB at 0xfbc00000
[    0.000000] On node 0 totalpages: 524032
[    0.000000]   Normal zone: 1536 pages used for memmap
[    0.000000]   Normal zone: 0 pages reserved
[    0.000000]   Normal zone: 196608 pages, LIFO batch:31
[    0.000000]   HighMem zone: 327424 pages, LIFO batch:31
[    0.000000] random: fast init done
[    0.000000] percpu: Embedded 17 pages/cpu @(ptrval) s39104 r8192 d22336 u69632
[    0.000000] pcpu-alloc: s39104 r8192 d22336 u69632 alloc=17*4096
[    0.000000] pcpu-alloc: [0] 0 [0] 1 [0] 2 [0] 3 
[    0.000000] Built 1 zonelists, mobility grouping on.  Total pages: 522496
[    0.000000] Kernel command line: ignore_loglevel console=ttyS0,115200n8 rw root=PARTUUID=7369c667-ff51-ec4a-29cd-baabf2fbe346 rootwait gpt debug earlyprintk init=/bin/bash
[    0.000000] Dentry cache hash table entries: 131072 (order: 7, 524288 bytes)
[    0.000000] Inode-cache hash table entries: 65536 (order: 6, 262144 bytes)
[    0.000000] Memory: 1998600K/2096128K available (9216K kernel code, 780K rwdata, 2576K rodata, 1024K init, 298K bss, 31992K reserved, 65536K cma-reserved, 1244160K highmem)
[    0.000000] Virtual kernel memory layout:
[    0.000000]     vector  : 0xffff0000 - 0xffff1000   (   4 kB)
[    0.000000]     fixmap  : 0xffc00000 - 0xfff00000   (3072 kB)
[    0.000000]     vmalloc : 0xf0800000 - 0xff800000   ( 240 MB)
[    0.000000]     lowmem  : 0xc0000000 - 0xf0000000   ( 768 MB)
[    0.000000]     pkmap   : 0xbfe00000 - 0xc0000000   (   2 MB)
[    0.000000]     modules : 0xbf000000 - 0xbfe00000   (  14 MB)
[    0.000000]       .text : 0x(ptrval) - 0x(ptrval)   (10208 kB)
[    0.000000]       .init : 0x(ptrval) - 0x(ptrval)   (1024 kB)
[    0.000000]       .data : 0x(ptrval) - 0x(ptrval)   ( 781 kB)
[    0.000000]        .bss : 0x(ptrval) - 0x(ptrval)   ( 299 kB)
[    0.000000] Preemptible hierarchical RCU implementation.
[    0.000000] 	Tasks RCU enabled.
[    0.000000] NR_IRQS: 16, nr_irqs: 16, preallocated irqs: 16
[    0.000000] /interrupt-controller@60004000: 160 interrupts forwarded to /interrupt-controller@50041000
[    0.000000] Tegra clk 127: register failed with -17
[    0.000008] sched_clock: 32 bits at 1000kHz, resolution 1000ns, wraps every 2147483647500ns
[    0.007673] clocksource: timer_us: mask: 0xffffffff max_cycles: 0xffffffff, max_idle_ns: 1911260446275 ns
[    0.017202] Switching to timer-based delay loop, resolution 1000ns
[    0.024064] arch_timer: cp15 timer(s) running at 12.00MHz (virt).
[    0.029425] clocksource: arch_sys_counter: mask: 0xffffffffffffff max_cycles: 0x2c47f4ee7, max_idle_ns: 440795202497 ns
[    0.040172] sched_clock: 56 bits at 12MHz, resolution 83ns, wraps every 4398046511096ns
[    0.048140] Switching to timer-based delay loop, resolution 83ns
[    0.054616] Console: colour dummy device 80x30
[    0.058558] Calibrating delay loop (skipped), value calculated using timer frequency.. 24.00 BogoMIPS (lpj=120000)
[    0.068865] pid_max: default: 32768 minimum: 301
[    0.073947] Mount-cache hash table entries: 2048 (order: 1, 8192 bytes)
[    0.080052] Mountpoint-cache hash table entries: 2048 (order: 1, 8192 bytes)
[    0.087909] CPU: Testing write buffer coherency: ok
[    0.092207] /cpus/cpu@0 missing clock-frequency property
[    0.097209] /cpus/cpu@1 missing clock-frequency property
[    0.102519] /cpus/cpu@2 missing clock-frequency property
[    0.107785] /cpus/cpu@3 missing clock-frequency property
[    0.113069] CPU0: thread -1, cpu 0, socket 0, mpidr 80000000
[    0.153184] Setting up static identity map for 0x80100000 - 0x801000a0
[    0.157941] Hierarchical SRCU implementation.
[    0.173658] Tegra Revision: A01 SKU: 0 CPU Process: 1 SoC Process: 0
[    0.193210] smp: Bringing up secondary CPUs ...
[    0.243872] CPU1: thread -1, cpu 1, socket 0, mpidr 80000001
[    0.313978] CPU2: thread -1, cpu 2, socket 0, mpidr 80000002
[    0.384069] CPU3: thread -1, cpu 3, socket 0, mpidr 80000003
[    0.384183] smp: Brought up 1 node, 4 CPUs
[    0.403271] SMP: Total of 4 processors activated (96.00 BogoMIPS).
[    0.409461] CPU: All CPU(s) started in SVC mode.
[    0.415900] devtmpfs: initialized
[    0.428630] Built 1 zonelists, mobility grouping on.  Total pages: 516034
[    0.433939] VFP support v0.3: implementor 41 architecture 4 part 30 variant f rev 0
[    0.441496] clocksource: jiffies: mask: 0xffffffff max_cycles: 0xffffffff, max_idle_ns: 19112604462750000 ns
[    0.450955] futex hash table entries: 1024 (order: 4, 65536 bytes)
[    0.457338] pinctrl core: initialized pinctrl subsystem
[    0.463548] NET: Registered protocol family 16
[    0.467997] DMA: preallocated 256 KiB pool for atomic coherent allocations
[    0.474998] cpuidle: using governor menu
[    0.497044] No ATAGs?
[    0.497185] hw-breakpoint: found 5 (+1 reserved) breakpoint and 4 watchpoint registers.
[    0.505548] hw-breakpoint: maximum watchpoint size is 8 bytes.
[    0.512317] tegra-mc 70019000.memory-controller: no memory timings for RAM code 3 registered
[    0.519976] iommu: Adding device 54200000.dc to group 0
[    0.524988] iommu: Adding device 54240000.dc to group 0
[    0.546881] dvdd_ts: Failed to request enable GPIO61: -517
[    0.550491] reg-fixed-voltage regulators:regulator@1: Failed to register regulator: -517
[    0.558630] usb1_vbus: Failed to request enable GPIO108: -517
[    0.564291] reg-fixed-voltage regulators:regulator@3: Failed to register regulator: -517
[    0.572408] usb2_vbus: Failed to request enable GPIO86: -517
[    0.577955] reg-fixed-voltage regulators:regulator@4: Failed to register regulator: -517
[    0.586514] VDD_5V0_HDMI_CON: Failed to request enable GPIO81: -517
[    0.592266] reg-fixed-voltage regulators:regulator@7: Failed to register regulator: -517
[    0.601485] vgaarb: loaded
[    0.603770] SCSI subsystem initialized
[    0.606950] libata version 3.00 loaded.
[    0.610847] usbcore: registered new interface driver usbfs
[    0.616066] usbcore: registered new interface driver hub
[    0.621365] usbcore: registered new device driver usb
[    0.629455] tps65090 2-0048: No cache defaults, reading back from HW
[    0.635866] TPS65090_RAILSDCDC1: supplied by vdd_ac_bat
[    0.640341] TPS65090_RAILSDCDC2: supplied by vdd_ac_bat
[    0.645488] TPS65090_RAILSDCDC3: supplied by vdd_ac_bat
[    0.650177] TPS65090_RAILSFET1: supplied by vdd_ac_bat
[    0.655110] TPS65090_RAILSFET2: supplied by vdd_ac_bat
[    0.660250] TPS65090_RAILSFET3: supplied by vdd-sys-3v3
[    0.665595] TPS65090_RAILSFET4: supplied by vdd-sys-3v3
[    0.670805] TPS65090_RAILSFET5: supplied by vdd-sys-3v3
[    0.675981] TPS65090_RAILSFET6: supplied by vdd-sys-3v3
[    0.681531] TPS65090_RAILSFET7: supplied by vdd-sys-3v3
[    0.686381] TPS65090_RAILSLDO1: supplied by vdd_ac_bat
[    0.691214] TPS65090_RAILSLDO2: supplied by vdd_ac_bat
[    0.696857] palmas 2-0058: Irq flag is 0x00000004
[    0.702924] palmas 2-0058: Muxing GPIO ff, PWM 0, LED 0
[    0.708669] SMPS12: supplied by vdd-ao
[    0.711590] vdd_hdmi_5v0: supplied by vdd-sys-5v0
[    0.716023] SMPS3: supplied by vdd-ao
[    0.720627] SMPS457: supplied by vdd-sys-3v3
[    0.724807] SMPS6: supplied by regulator-dummy
[    0.728967] SMPS8: supplied by vdd-sys-3v3
[    0.733229] SMPS9: supplied by vdd-sys-3v3
[    0.736175] sdhci-vdd-sd-slot: Bringing 2840000uV into 2800000-2800000uV
[    0.743748] SMPS10_OUT2: supplied by regulator-dummy
[    0.748161] SMPS10_OUT1: supplied by regulator-dummy
[    0.753095] LDO1: supplied by vdd-sys-3v3
[    0.757393] LDO2: supplied by vdd-sys-3v3
[    0.761343] LDO3: supplied by vddio-1v8
[    0.765168] LDO4: supplied by vdd-sys-3v3
[    0.769157] LDO5: supplied by vdd_ac_bat
[    0.772603] LDO6: supplied by vdd-sys-3v3
[    0.776388] vdd-sensor-2v85: Bringing 2900000uV into 2850000-2850000uV
[    0.783760] LDO7: supplied by vdd-sys-3v3
[    0.788041] LDO8: supplied by vdd-ao
[    0.790421] vdd-rtc: Bringing 675000uV into 900000-900000uV
[    0.806144] LDO9: supplied by sdhci-vdd-sd-slot
[    0.816462] LDOLN: supplied by vdd-sys-5v0
[    0.819833] LDOUSB: supplied by vdd-sys-5v0
[    0.828757] Linux video capture interface: v2.00
[    0.831544] pps_core: LinuxPPS API ver. 1 registered
[    0.836426] pps_core: Software ver. 5.3.6 - Copyright 2005-2007 Rodolfo Giometti <giometti@linux.it>
[    0.845545] PTP clock support registered
[    0.850026] Advanced Linux Sound Architecture Driver Initialized.
[    0.856133] Bluetooth: Core ver 2.22
[    0.859077] NET: Registered protocol family 31
[    0.863463] Bluetooth: HCI device and connection manager initialized
[    0.869777] Bluetooth: HCI socket layer initialized
[    0.874643] Bluetooth: L2CAP socket layer initialized
[    0.879697] Bluetooth: SCO socket layer initialized
[    0.885176] clocksource: Switched to clocksource arch_sys_counter
[    0.986100] NET: Registered protocol family 2
[    0.989572] tcp_listen_portaddr_hash hash table entries: 512 (order: 0, 6144 bytes)
[    0.996286] TCP established hash table entries: 8192 (order: 3, 32768 bytes)
[    1.003285] TCP bind hash table entries: 8192 (order: 4, 65536 bytes)
[    1.009811] TCP: Hash tables configured (established 8192 bind 8192)
[    1.016448] UDP hash table entries: 512 (order: 2, 16384 bytes)
[    1.021863] UDP-Lite hash table entries: 512 (order: 2, 16384 bytes)
[    1.028499] NET: Registered protocol family 1
[    1.033218] RPC: Registered named UNIX socket transport module.
[    1.038411] RPC: Registered udp transport module.
[    1.043059] RPC: Registered tcp transport module.
[    1.047763] RPC: Registered tcp NFSv4.1 backchannel transport module.
[    1.054801] PCI: CLS 0 bytes, default 64
[    1.060701] Initialise system trusted keyrings
[    1.063417] workingset: timestamp_bits=30 max_order=19 bucket_order=0
[    1.071072] squashfs: version 4.0 (2009/01/31) Phillip Lougher
[    1.076268] NFS: Registering the id_resolver key type
[    1.080503] Key type id_resolver registered
[    1.084641] Key type id_legacy registered
[    1.093536] Key type asymmetric registered
[    1.095756] Asymmetric key parser 'x509' registered
[    1.100712] bounce: pool size: 64 pages
[    1.104452] io scheduler noop registered (default)
[    1.109182] io scheduler mq-deadline registered
[    1.113663] io scheduler kyber registered
[    1.135061] tegra-apbdma 6000a000.dma: Tegra20 APB DMA driver register 32 channels
[    1.141937] tegra-pmc 7000e400.pmc: i2c-thermtrip node not found, emergency thermal reset disabled.
[    1.150355] Serial: 8250/16550 driver, 4 ports, IRQ sharing disabled
[    1.158033] console [ttyS0] disabled
[    1.159747] 70006300.serial: ttyS0 at MMIO 0x70006300 (irq = 329, base_baud = 25500000) is a Tegra
[    1.168698] console [ttyS0] enabled
[    1.168698] console [ttyS0] enabled
[    1.174870] bootconsole [earlycon0] disabled
[    1.174870] bootconsole [earlycon0] disabled
[    1.202848] tegra-hdmi 54280000.hdmi: failed to get HDMI regulator
[    1.228320] loop: module loaded
[    1.243207] m25p80 spi0.0: w25q32dw (4096 Kbytes)
[    1.260159] libphy: Fixed MDIO Bus: probed
[    1.264254] CAN device driver interface
[    1.268176] igb: Intel(R) Gigabit Ethernet Network Driver - version 5.4.0-k
[    1.275126] igb: Copyright (c) 2007-2014 Intel Corporation.
[    1.280849] pegasus: v0.9.3 (2013/04/25), Pegasus/Pegasus II USB Ethernet driver
[    1.288321] usbcore: registered new interface driver pegasus
[    1.294044] usbcore: registered new interface driver asix
[    1.299509] usbcore: registered new interface driver ax88179_178a
[    1.305679] usbcore: registered new interface driver cdc_ether
[    1.311577] usbcore: registered new interface driver smsc75xx
[    1.317406] usbcore: registered new interface driver smsc95xx
[    1.323202] usbcore: registered new interface driver net1080
[    1.328926] usbcore: registered new interface driver cdc_subset
[    1.334888] usbcore: registered new interface driver zaurus
[    1.340547] usbcore: registered new interface driver cdc_ncm
[    1.346453] tegra-phy 7d000000.usb-phy: no vbus regulator
[    1.352316] ehci_hcd: USB 2.0 'Enhanced' Host Controller (EHCI) Driver
[    1.358861] ehci-pci: EHCI PCI platform driver
[    1.363358] tegra-ehci: Tegra EHCI driver
[    1.368067] usbcore: registered new interface driver cdc_acm
[    1.373719] cdc_acm: USB Abstract Control Model driver for USB modems and ISDN adapters
[    1.381799] usbcore: registered new interface driver cdc_wdm
[    1.387546] usbcore: registered new interface driver usb-storage
[    1.405671] palmas-rtc 7000d000.i2c:tps65913@58:rtc: rtc core: registered 7000d000.i2c:tps65913@58:rtc as rtc0
[    1.417215] tegra_rtc 7000e000.rtc: rtc core: registered 7000e000.rtc as rtc1
[    1.424394] tegra_rtc 7000e000.rtc: Tegra internal Real Time Clock
[    1.430914] i2c /dev entries driver
[    1.435368] usbcore: registered new interface driver uvcvideo
[    1.441107] USB Video Class driver (1.1.1)
[    1.445217] gspca_main: v2.14.0 registered
[    1.450235] sbs-battery 0-000b: sbs_probe: Failed to get device status
[    1.456796] sbs-battery: probe of 0-000b failed with error -121
[    1.467947] tegra-wdt 60005000.timer: initialized (heartbeat = 120 sec, nowayout = 0)
[    1.476564] sdhci: Secure Digital Host Controller Interface driver
[    1.482735] sdhci: Copyright(c) Pierre Ossman
[    1.487108] sdhci-pltfm: SDHCI platform and OF driver helper
[    1.493063] sdhci-tegra 78000400.sdhci: Got CD GPIO
[    1.497977] sdhci-tegra 78000400.sdhci: Got WP GPIO
[    1.511104] mmc0: Invalid maximum block size, assuming 512 bytes
[    1.548431] mmc0: SDHCI controller on 78000400.sdhci [78000400.sdhci] using ADMA
[    1.563283] mmc1: Invalid maximum block size, assuming 512 bytes
[    1.598293] mmc1: SDHCI controller on 78000600.sdhci [78000600.sdhci] using ADMA
[    1.606687] usbcore: registered new interface driver usbhid
[    1.612290] usbhid: USB HID core driver
[    1.655645] mmc1: new high speed MMC card at address 0001
[    1.667006] mmcblk1: mmc1:0001 SEM32G 29.1 GiB 
[    1.674693] mmc0: new high speed SDHC card at address aaaa
[    1.687444] mmcblk1boot0: mmc1:0001 SEM32G partition 1 4.00 MiB
[    1.695587] mmcblk0: mmc0:aaaa SL16G 14.8 GiB 
[    1.703954] mmcblk1boot1: mmc1:0001 SEM32G partition 2 4.00 MiB
[    1.710151] mmcblk1rpmb: mmc1:0001 SEM32G partition 3 4.00 MiB, chardev (247:0)
[    1.720643]  mmcblk1: p1 p2 p3 p4 p5 p6 p7 p8
[    1.727602]  mmcblk0: p1 p2 p3
[    2.049013] tegra30-i2s 70080400.i2s: DMA channels sourced from device 70080000.ahub
[    2.065675] tegra-snd-rt5640 sound: rt5640-aif1 <-> 70080400.i2s mapping ok
[    2.077242] input: NVIDIA Tegra Dalmore Headphones as /devices/soc0/sound/sound/card0/input0
[    2.088122] NET: Registered protocol family 10
[    2.093958] Segment Routing with IPv6
[    2.097821] mip6: Mobile IPv6
[    2.100788] sit: IPv6, IPv4 and MPLS over IPv4 tunneling driver
[    2.108238] NET: Registered protocol family 17
[    2.112697] NET: Registered protocol family 15
[    2.117158] can: controller area network core (rev 20170425 abi 9)
[    2.123533] NET: Registered protocol family 29
[    2.127992] can: raw protocol (rev 20170425)
[    2.132256] can: broadcast manager protocol (rev 20170425 t)
[    2.137934] can: netlink gateway (rev 20170425) max_hops=1
[    2.143605] Bluetooth: RFCOMM socket layer initialized
[    2.148781] Bluetooth: RFCOMM ver 1.11
[    2.152537] Bluetooth: BNEP (Ethernet Emulation) ver 1.3
[    2.157867] Bluetooth: BNEP socket layer initialized
[    2.162825] Bluetooth: HIDP (Human Interface Emulation) ver 1.2
[    2.168759] Bluetooth: HIDP socket layer initialized
[    2.173927] Key type dns_resolver registered
[    2.178706] Registering SWP/SWPB emulation handler
[    2.184310] Loading compiled-in X.509 certificates
[    2.208426] usb1_vbus: supplied by vdd-sys-5v0
[    2.213501] usb2_vbus: supplied by vdd-sys-5v0
[    2.219576] VDD_5V0_HDMI_CON: supplied by vdd-sys-5v0
[    2.229039] [drm] Supports vblank timestamp caching Rev 2 (21.10.2013).
[    2.235720] [drm] No driver support for vblank timestamp query.
[    2.336792] Console: switching to colour frame buffer device 240x75
[    2.375350] drm drm: fb0:  frame buffer device
[    2.379964] [drm] Initialized tegra 0.0.0 20120330 for drm on minor 0
[    2.387601] tegra-ehci 7d008000.usb: EHCI Host Controller
[    2.393024] tegra-ehci 7d008000.usb: new USB bus registered, assigned bus number 1
[    2.400899] alloc_contig_range: [fbc4b, fbc4c) PFNs busy
[    2.406416] alloc_contig_range: [fbc60, fbc61) PFNs busy
[    2.411908] alloc_contig_range: [fbc61, fbc62) PFNs busy
[    2.417431] alloc_contig_range: [fbc62, fbc63) PFNs busy
[    2.422921] alloc_contig_range: [fbc63, fbc64) PFNs busy
[    2.428432] alloc_contig_range: [fbc64, fbc65) PFNs busy
[    2.433934] alloc_contig_range: [fbc65, fbc66) PFNs busy
[    2.439446] alloc_contig_range: [fbc66, fbc67) PFNs busy
[    2.444936] alloc_contig_range: [fbc67, fbc68) PFNs busy
[    2.450459] alloc_contig_range: [fbc68, fbc69) PFNs busy
[    2.955734] tegra-ehci 7d008000.usb: irq 340, io mem 0x7d008000
[    2.985317] tegra-ehci 7d008000.usb: USB 2.0 started, EHCI 1.10
[    2.992524] hub 1-0:1.0: USB hub found
[    2.996410] hub 1-0:1.0: 1 port detected
[    3.001674] input: gpio-keys as /devices/soc0/gpio-keys/input/input1
[    3.010552] palmas-rtc 7000d000.i2c:tps65913@58:rtc: setting system clock to 2000-05-14 12:49:22 UTC (958308562)
[    3.021100] cfg80211: Loading compiled-in X.509 certificates for regulatory database
[    3.032590] cfg80211: Loaded X.509 cert 'sforshee: 00b28ddf47aef9cea7'
[    3.039436] platform regulatory.0: Direct firmware load for regulatory.db failed with error -2
[    3.048124] cfg80211: failed to load regulatory.db
[    3.054943] dvdd_ts: disabling
[    3.058066] usb1_vbus: disabling
[    3.061295] vdd_cam_1v8_reg: disabling
[    3.065044] ALSA device list:
[    3.068070]   #0: NVIDIA Tegra Dalmore
[    3.073375] EXT4-fs (mmcblk1p1): mounting ext3 file system using the ext4 subsystem
[    3.096114] EXT4-fs (mmcblk1p1): recovery complete
[    3.100932] EXT4-fs (mmcblk1p1): mounted filesystem with ordered data mode. Opts: (null)
[    3.109164] VFS: Mounted root (ext3 filesystem) on device 179:1.
[    3.120972] devtmpfs: mounted
[    3.124992] Freeing unused kernel memory: 1024K
bash: cannot set terminal process group (-1): Inappropriate ioctl for device
bash: no job control in this shell
root@(none):/# [    3.365268] usb 1-1: new high-speed USB device number 2 using tegra-ehci
[    4.050675] asix 1-1:1.0 eth0: register 'asix' at usb-7d008000.usb-1, ASIX AX88772 USB 2.0 Ethernet, 00:50:b6:0d:b5:16
mount -t sysfs none /sys
root@(none):/# 
root@(none):/# mount -t debugfs none /sys/kernel/debug
root@(none):/# 
root@(none):/# rtcwake -d rtc1 -m mem -s 3
rtcwake: assuming RTC uses UTC ...
rtcwake: wakeup from "mem" using /dev/rtc1 at Thu Jan  1 00:00:20 1970
[    6.241795] PM: suspend entry (deep)
[    6.245413] PM: Syncing filesystems ... done.
[    6.251755] Freezing user space processes ... (elapsed 0.001 seconds) done.
[    6.252995] OOM killer disabled.
[    6.252999] Freezing remaining freezable tasks ... (elapsed 0.001 seconds) done.
[    6.254327] Suspending console(s) (use no_console_suspend to debug)
[    6.401274] Disabling non-boot CPUs ...
[    6.576808] Entering suspend state LP1
[    6.576854] Enabling non-boot CPUs ...
[    6.578615] CPU1 is up
[    6.580264] CPU2 is up
[    6.582079] CPU3 is up
[    7.216740] OOM killer enabled.
[    7.219884] Restarting tasks ... done.
root@(none):/# 
root@(none):/# [    7.224610] PM: suspend exit
rtcwake -d rtc1 -m mem -s 3
rtcwake: assuming RTC uses UTC ...
rtcwake: wakeup from "mem" using /dev/rtc1 at Thu Jan  1 00:00:29 1970
[    8.358582] PM: suspend entry (deep)
[    8.362160] PM: Syncing filesystems ... done.
[    8.367568] Freezing user space processes ... (elapsed 0.001 seconds) done.
[    8.368883] OOM killer disabled.
[    8.368887] Freezing remaining freezable tasks ... (elapsed 0.001 seconds) done.
[    8.370211] Suspending console(s) (use no_console_suspend to debug)
[    8.520977] Disabling non-boot CPUs ...
[    8.555620] IRQ17 no longer affine to CPU1
[    8.686678] Entering suspend state LP1
[    8.686724] Enabling non-boot CPUs ...
[    8.688501] CPU1 is up
[    8.690163] CPU2 is up
[    8.692002] CPU3 is up
[    9.331597] OOM killer enabled.
[    9.334732] Restarting tasks ... done.
root@(none):/# 
root@(none):/# [    9.339398] PM: suspend exit
rtcwake -d rtc1 -m mem -s 3
rtcwake: assuming RTC uses UTC ...
rtcwake: wakeup from "mem" using /dev/rtc1 at Thu Jan  1 00:00:39 1970
[    9.880448] PM: suspend entry (deep)
[    9.884027] PM: Syncing filesystems ... done.
[    9.889512] Freezing user space processes ... (elapsed 0.001 seconds) done.
[    9.890813] OOM killer disabled.
[    9.890817] Freezing remaining freezable tasks ... (elapsed 0.001 seconds) done.
[    9.892161] Suspending console(s) (use no_console_suspend to debug)
[   10.031215] Disabling non-boot CPUs ...
[   10.135525] IRQ17 no longer affine to CPU2
[   10.196539] Entering suspend state LP1
[   10.196586] Enabling non-boot CPUs ...
[   10.198374] CPU1 is up
[   10.200049] CPU2 is up
[   10.201900] CPU3 is up
[   10.841448] OOM killer enabled.
[   10.844583] Restarting tasks ... done.
root@(none):/# 
root@(none):/# [   10.849260] PM: suspend exit
rtcwake -d rtc1 -m mem -s 3
rtcwake: assuming RTC uses UTC ...
rtcwake: wakeup from "mem" using /dev/rtc1 at Thu Jan  1 00:00:48 1970
[   11.978432] PM: suspend entry (deep)
[   11.982010] PM: Syncing filesystems ... done.
[   11.987653] Freezing user space processes ... (elapsed 0.001 seconds) done.
[   11.988989] OOM killer disabled.
[   11.988993] Freezing remaining freezable tasks ... (elapsed 0.001 seconds) done.
[   11.990345] Suspending console(s) (use no_console_suspend to debug)
[   12.141115] Disabling non-boot CPUs ...
[   12.235499] IRQ17 no longer affine to CPU2
[   12.296409] Entering suspend state LP1
[   12.296456] Enabling non-boot CPUs ...
[   12.298249] CPU1 is up
[   12.299932] CPU2 is up
[   12.301781] CPU3 is up
[   12.941761] OOM killer enabled.
[   12.944897] Restarting tasks ... done.
root@(none):/# 
root@(none):/# [   12.949554] PM: suspend exit
rtcwake -d rtc1 -m mem -s 3
rtcwake: assuming RTC uses UTC ...
rtcwake: wakeup from "mem" using /dev/rtc1 at Thu Jan  1 00:00:58 1970
[   13.496986] PM: suspend entry (deep)
[   13.500564] PM: Syncing filesystems ... done.
[   13.505750] Freezing user space processes ... (elapsed 0.001 seconds) done.
[   13.507069] OOM killer disabled.
[   13.507073] Freezing remaining freezable tasks ... (elapsed 0.001 seconds) done.
[   13.508409] Suspending console(s) (use no_console_suspend to debug)
[   13.660885] Disabling non-boot CPUs ...
[   13.816565] Entering suspend state LP1
[   13.816612] Enabling non-boot CPUs ...
[   13.818392] CPU1 is up
[   13.820069] CPU2 is up
[   13.821911] CPU3 is up
[   14.456775] OOM killer enabled.
[   14.459920] Restarting tasks ... done.
root@(none):/# 
root@(none):/# [   14.464572] PM: suspend exit
rtcwake -d rtc1 -m mem -s 3
rtcwake: assuming RTC uses UTC ...
rtcwake: wakeup from "mem" using /dev/rtc1 at Thu Jan  1 00:01:07 1970
[   15.598802] PM: suspend entry (deep)
[   15.602379] PM: Syncing filesystems ... done.
[   15.607585] Freezing user space processes ... (elapsed 0.001 seconds) done.
[   15.608902] OOM killer disabled.
[   15.608905] Freezing remaining freezable tasks ... (elapsed 0.001 seconds) done.
[   15.610254] Suspending console(s) (use no_console_suspend to debug)
[   15.761285] Disabling non-boot CPUs ...
[   15.875425] IRQ17 no longer affine to CPU2
[   15.936407] Entering suspend state LP1
[   15.936454] Enabling non-boot CPUs ...
[   15.938240] CPU1 is up
[   15.939920] CPU2 is up
[   15.941758] CPU3 is up
[   16.580964] OOM killer enabled.
[   16.584099] Restarting tasks ... done.
root@(none):/# 
root@(none):/# [   16.588785] PM: suspend exit
rtcwake -d rtc1 -m mem -s 3
rtcwake: assuming RTC uses UTC ...
rtcwake: wakeup from "mem" using /dev/rtc1 at Thu Jan  1 00:01:17 1970
[   17.127922] PM: suspend entry (deep)
[   17.131499] PM: Syncing filesystems ... done.
[   17.136622] Freezing user space processes ... (elapsed 0.001 seconds) done.
[   17.137918] OOM killer disabled.
[   17.137922] Freezing remaining freezable tasks ... (elapsed 0.001 seconds) done.
[   17.139261] Suspending console(s) (use no_console_suspend to debug)
[   17.281292] Disabling non-boot CPUs ...
[   17.395375] IRQ17 no longer affine to CPU2
[   17.456501] Entering suspend state LP1
[   17.456548] Enabling non-boot CPUs ...
[   17.458326] CPU1 is up
[   17.460008] CPU2 is up
[   17.461844] CPU3 is up
[   18.100844] OOM killer enabled.
[   18.103980] Restarting tasks ... done.
root@(none):/# 
root@(none):/# [   18.108642] PM: suspend exit
rtcwake -d rtc1 -m mem -s 3
rtcwake: assuming RTC uses UTC ...
rtcwake: wakeup from "mem" using /dev/rtc1 at Thu Jan  1 00:01:26 1970
[   19.239131] PM: suspend entry (deep)
[   19.242714] PM: Syncing filesystems ... done.
[   19.248247] Freezing user space processes ... (elapsed 0.001 seconds) done.
[   19.249562] OOM killer disabled.
[   19.249566] Freezing remaining freezable tasks ... (elapsed 0.001 seconds) done.
[   19.250922] Suspending console(s) (use no_console_suspend to debug)
[   19.400481] Disabling non-boot CPUs ...
[   19.445361] IRQ17 no longer affine to CPU1
[   19.556241] Entering suspend state LP1
[   19.556289] Enabling non-boot CPUs ...
[   19.558070] CPU1 is up
[   19.559736] CPU2 is up
[   19.561576] CPU3 is up
[   20.201859] OOM killer enabled.
[   20.205012] Restarting tasks ... done.
root@(none):/# 
root@(none):/# [   20.209638] PM: suspend exit
rtcwake -d rtc1 -m mem -s 3
rtcwake: assuming RTC uses UTC ...
rtcwake: wakeup from "mem" using /dev/rtc1 at Thu Jan  1 00:01:36 1970
[   20.747949] PM: suspend entry (deep)
[   20.751527] PM: Syncing filesystems ... done.
[   20.756716] Freezing user space processes ... (elapsed 0.001 seconds) done.
[   20.758026] OOM killer disabled.
[   20.758029] Freezing remaining freezable tasks ... (elapsed 0.001 seconds) done.
[   20.759364] Suspending console(s) (use no_console_suspend to debug)
[   20.901283] Disabling non-boot CPUs ...
[   21.015289] IRQ17 no longer affine to CPU2
[   21.076415] Entering suspend state LP1
[   21.076462] Enabling non-boot CPUs ...
[   21.078248] CPU1 is up
[   21.079919] CPU2 is up
[   21.081752] CPU3 is up
[   21.720868] OOM killer enabled.
[   21.724003] Restarting tasks ... done.
root@(none):/# 
root@(none):/# [   21.728674] PM: suspend exit
rtcwake -d rtc1 -m mem -s 3
rtcwake: assuming RTC uses UTC ...
rtcwake: wakeup from "mem" using /dev/rtc1 at Thu Jan  1 00:01:45 1970
[   22.858526] PM: suspend entry (deep)
[   22.862107] PM: Syncing filesystems ... done.
[   22.867371] Freezing user space processes ... (elapsed 0.001 seconds) done.
[   22.868708] OOM killer disabled.
[   22.868712] Freezing remaining freezable tasks ... (elapsed 0.001 seconds) done.
[   22.870063] Suspending console(s) (use no_console_suspend to debug)
[   23.020931] Disabling non-boot CPUs ...
[   23.115246] IRQ17 no longer affine to CPU2
[   23.176149] Entering suspend state LP1
[   23.176196] Enabling non-boot CPUs ...
[   23.177979] CPU1 is up
[   23.179652] CPU2 is up
[   23.181489] CPU3 is up
[   23.821369] OOM killer enabled.
[   23.824504] Restarting tasks ... done.
root@(none):/# 
[   23.829150] PM: suspend exit
root@(none):/# NVTB SYSTEM SUSPEND TEST COMPLETE
