
U-Boot SPL 2014.01-00219-gc4d376f (Feb 18 2014 - 19:57:18)


U-Boot 2014.01-00219-gc4d376f (Feb 18 2014 - 19:57:18)

TEGRA30
Board: NVIDIA Beaver
I2C:   ready
DRAM:  2 GiB
MMC:   Tegra SD/MMC: 0, Tegra SD/MMC: 1
In:    serial
Out:   serial
Err:   serial
Net:   Net Initialization Skipped
No ethernet found.
Hit any key to stop autoboot:  2  0 
Tegra30 (Beaver) # 
Tegra30 (Beaver) # usb reset
(Re)start USB...
USB0:   USB EHCI 1.00
scanning bus 0 for devices... 2 USB Device(s) found
       scanning usb for storage devices... 0 Storage Device(s) found
       scanning usb for ethernet devices... 
Warning: asx0 using MAC address from net device
1 Ethernet Device(s) found
Tegra30 (Beaver) # setenv bootargs 'ignore_loglevel console=ttyS0,115200n8 rw root=PARTUUID=edbe1840-3633-c751-7993-b0ac834f81e0 rootwait gpt debug noinitrd earlyprintk init=/bin/bash'
Tegra30 (Beaver) # setenv ipaddr 192.168.100.101; setenv serverip 192.168.100.1; setenv tftpserverip 192.168.100.1
Tegra30 (Beaver) # tftpboot 0x81000000 zImage.multi_v7_defconfig
Using asx0 device
TFTP from server 192.168.100.1; our IP address is 192.168.100.101
Filename 'zImage.multi_v7_defconfig'.
Load address: 0x81000000
Loading: *#################################################################
	 #################################################################
	 #################################################################
	 #################################################################
	 #################################################################
	 #################################################################
	 #################################################################
	 ############################################################
	 2.9 MiB/s
done
Bytes transferred = 7547624 (732ae8 hex)
Tegra30 (Beaver) # tftpboot 0x82000000 tegra30-beaver.dtb
Using asx0 device
TFTP from server 192.168.100.1; our IP address is 192.168.100.101
Filename 'tegra30-beaver.dtb'.
Load address: 0x82000000
Loading: *####
	 2.6 MiB/s
done
Bytes transferred = 51804 (ca5c hex)
Tegra30 (Beaver) # bootz 0x81000000 - 0x82000000
Kernel image @ 0x81000000 [ 0x000000 - 0x732ae8 ]
## Flattened Device Tree blob at 82000000
   Booting using the fdt blob at 0x82000000
   Loading Device Tree to 8fff0000, end 8ffffa5b ... OK

Starting kernel ...

[    0.000000] Booting Linux on physical CPU 0x0
[    0.000000] Linux version 4.11.0-rc1-next-20170307-156560-g3c90632 (pwalmsley@sellafield) (gcc version 4.7.3 20130328 (prerelease) (crosstool-NG linaro-1.13.1-4.7-2013.04-20130415 - Linaro GCC 2013.04) ) #1 SMP Tue Mar 7 13:21:37 PST 2017
[    0.000000] CPU: ARMv7 Processor [412fc099] revision 9 (ARMv7), cr=10c5387d
[    0.000000] CPU: PIPT / VIPT nonaliasing data cache, VIPT aliasing instruction cache
[    0.000000] OF: fdt: Machine model: NVIDIA Tegra30 Beaver evaluation board
[    0.000000] debug: ignoring loglevel setting.
[    0.000000] efi: Getting EFI parameters from FDT:
[    0.000000] efi: UEFI not found.
[    0.000000] cma: Reserved 64 MiB at 0xfb800000
[    0.000000] Memory policy: Data cache writealloc
[    0.000000] On node 0 totalpages: 524032
[    0.000000] free_area_init_node: node 0, pgdat c1539880, node_mem_map eeff8000
[    0.000000]   DMA zone: 1536 pages used for memmap
[    0.000000]   DMA zone: 0 pages reserved
[    0.000000]   DMA zone: 196608 pages, LIFO batch:31
[    0.000000]   HighMem zone: 327424 pages, LIFO batch:31
[    0.000000] percpu: Embedded 16 pages/cpu @eef8c000 s34432 r8192 d22912 u65536
[    0.000000] pcpu-alloc: s34432 r8192 d22912 u65536 alloc=16*4096
[    0.000000] pcpu-alloc: [0] 0 [0] 1 [0] 2 [0] 3 
[    0.000000] Built 1 zonelists in Zone order, mobility grouping on.  Total pages: 522496
[    0.000000] Kernel command line: ignore_loglevel console=ttyS0,115200n8 rw root=PARTUUID=edbe1840-3633-c751-7993-b0ac834f81e0 rootwait gpt debug noinitrd earlyprintk init=/bin/bash
[    0.000000] PID hash table entries: 4096 (order: 2, 16384 bytes)
[    0.000000] Dentry cache hash table entries: 131072 (order: 7, 524288 bytes)
[    0.000000] Inode-cache hash table entries: 65536 (order: 6, 262144 bytes)
[    0.000000] Memory: 1993684K/2096128K available (10240K kernel code, 1260K rwdata, 4240K rodata, 2048K init, 536K bss, 36908K reserved, 65536K cma-reserved, 1244160K highmem)
[    0.000000] Virtual kernel memory layout:
[    0.000000]     vector  : 0xffff0000 - 0xffff1000   (   4 kB)
[    0.000000]     fixmap  : 0xffc00000 - 0xfff00000   (3072 kB)
[    0.000000]     vmalloc : 0xf0800000 - 0xff800000   ( 240 MB)
[    0.000000]     lowmem  : 0xc0000000 - 0xf0000000   ( 768 MB)
[    0.000000]     pkmap   : 0xbfe00000 - 0xc0000000   (   2 MB)
[    0.000000]     modules : 0xbf000000 - 0xbfe00000   (  14 MB)
[    0.000000]       .text : 0xc0208000 - 0xc0d00000   (11232 kB)
[    0.000000]       .init : 0xc1200000 - 0xc1400000   (2048 kB)
[    0.000000]       .data : 0xc1400000 - 0xc153b1e0   (1261 kB)
[    0.000000]        .bss : 0xc153d000 - 0xc15c32f8   ( 537 kB)
[    0.000000] SLUB: HWalign=64, Order=0-3, MinObjects=0, CPUs=4, Nodes=1
[    0.000000] Hierarchical RCU implementation.
[    0.000000] 	RCU debugfs-based tracing is enabled.
[    0.000000] 	Build-time adjustment of leaf fanout to 32.
[    0.000000] 	RCU restricting CPUs from NR_CPUS=16 to nr_cpu_ids=4.
[    0.000000] RCU: Adjusting geometry for rcu_fanout_leaf=32, nr_cpu_ids=4
[    0.000000] NR_IRQS:16 nr_irqs:16 16
[    0.000000] /interrupt-controller@60004000: 160 interrupts forwarded to /interrupt-controller@50041000
[    0.000000] L2C: platform modifies aux control register: 0x02080000 -> 0x3e480001
[    0.000000] L2C: DT/platform modifies aux control register: 0x02080000 -> 0x3e480001
[    0.000000] L2C-310 erratum 769419 enabled
[    0.000000] L2C-310 enabling early BRESP for Cortex-A9
[    0.000000] L2C-310: enabling full line of zeros but not enabled in Cortex-A9
[    0.000000] L2C-310 dynamic clock gating enabled, standby mode enabled
[    0.000000] L2C-310 cache controller enabled, 8 ways, 1024 kB
[    0.000000] L2C-310: CACHE_ID 0x410000c7, AUX_CTRL 0x4e480001
[    0.000013] sched_clock: 32 bits at 1000kHz, resolution 1000ns, wraps every 2147483647500ns
[    0.000030] clocksource: timer_us: mask: 0xffffffff max_cycles: 0xffffffff, max_idle_ns: 1911260446275 ns
[    0.000039] Switching to timer-based delay loop, resolution 1000ns
[    0.002816] Console: colour dummy device 80x30
[    0.002844] Calibrating delay loop (skipped), value calculated using timer frequency.. 2.00 BogoMIPS (lpj=10000)
[    0.002854] pid_max: default: 32768 minimum: 301
[    0.002931] Mount-cache hash table entries: 2048 (order: 1, 8192 bytes)
[    0.002941] Mountpoint-cache hash table entries: 2048 (order: 1, 8192 bytes)
[    0.003317] CPU: Testing write buffer coherency: ok
[    0.003636] CPU0: thread -1, cpu 0, socket 0, mpidr 80000000
[    0.003793] Setting up static identity map for 0x80300000 - 0x80300098
[    0.006393] Tegra Revision: A03 SKU: 128 CPU Process: 4 SoC Process: 0
[    0.006884] EFI services will not be available.
[    0.007037] smp: Bringing up secondary CPUs ...
[    0.010371] CPU1: thread -1, cpu 1, socket 0, mpidr 80000001
[    0.020332] CPU2: thread -1, cpu 2, socket 0, mpidr 80000002
[    0.030331] CPU3: thread -1, cpu 3, socket 0, mpidr 80000003
[    0.030373] smp: Brought up 1 node, 4 CPUs
[    0.030387] SMP: Total of 4 processors activated (8.00 BogoMIPS).
[    0.030392] CPU: All CPU(s) started in SVC mode.
[    0.031071] devtmpfs: initialized
[    0.039337] VFP support v0.3: implementor 41 architecture 3 part 30 variant 9 rev 4
[    0.039750] clocksource: jiffies: mask: 0xffffffff max_cycles: 0xffffffff, max_idle_ns: 19112604462750000 ns
[    0.039768] futex hash table entries: 1024 (order: 4, 65536 bytes)
[    0.043163] pinctrl core: initialized pinctrl subsystem
[    0.044920] NET: Registered protocol family 16
[    0.047870] DMA: preallocated 256 KiB pool for atomic coherent allocations
[    0.049574] cpuidle: using governor menu
[    0.064046] No ATAGs?
[    0.064152] hw-breakpoint: found 5 (+1 reserved) breakpoint and 1 watchpoint registers.
[    0.064162] hw-breakpoint: maximum watchpoint size is 4 bytes.
[    0.068119] Serial: AMBA PL011 UART driver
[    0.068589] tegra-mc 7000f000.memory-controller: no memory timings for RAM code 3 registered
[    0.077624] AT91: Could not find identification node
[    0.078081] vdd_5v_sata: Failed to request enable GPIO30: -517
[    0.078096] reg-fixed-voltage regulators:regulator@3: Failed to register regulator: -517
[    0.078140] usb1_vbus: Failed to request enable GPIO238: -517
[    0.078148] reg-fixed-voltage regulators:regulator@4: Failed to register regulator: -517
[    0.078191] usb3_vbus: Failed to request enable GPIO236: -517
[    0.078198] reg-fixed-voltage regulators:regulator@5: Failed to register regulator: -517
[    0.078287] sys_3v3_pexs: Failed to request enable GPIO95: -517
[    0.078295] reg-fixed-voltage regulators:regulator@7: Failed to register regulator: -517
[    0.080216] vgaarb: loaded
[    0.080672] SCSI subsystem initialized
[    0.080808] libata version 3.00 loaded.
[    0.080953] usbcore: registered new interface driver usbfs
[    0.080985] usbcore: registered new interface driver hub
[    0.081022] usbcore: registered new device driver usb
[    0.088069] vrtc: supplied by vdd_5v_in
[    0.091358] vio: supplied by vdd_5v_in
[    0.101821] vdd1: supplied by vdd_5v_in
[    0.103174] vddio_ddr_1v2: Bringing 600000uV into 1200000-1200000uV
[    0.111827] vdd2: supplied by vdd_5v_in
[    0.131811] ldo1: supplied by vdd_1v5_gen
[    0.134198] ldo2: supplied by vdd_1v5_gen
[    0.134667] vdd_sata,avdd_plle: Bringing 1200000uV into 1050000-1050000uV
[    0.136895] ldo3: supplied by vdd_5v_in
[    0.139255] ldo4: supplied by vdd_5v_in
[    0.141813] ldo5: supplied by vdd_5v_in
[    0.151814] ldo6: supplied by vdd_1v8_gen
[    0.152284] avdd_dsi_csi,pwrdet_mipi: Bringing 1000000uV into 1200000-1200000uV
[    0.154534] ldo7: supplied by vdd_1v8_gen
[    0.161820] ldo8: supplied by vdd_1v8_gen
[    0.171912] pps_core: LinuxPPS API ver. 1 registered
[    0.171918] pps_core: Software ver. 5.3.6 - Copyright 2005-2007 Rodolfo Giometti <giometti@linux.it>
[    0.171932] PTP clock support registered
[    0.172075] EDAC MC: Ver: 3.0.0
[    0.173581] clocksource: Switched to clocksource timer_us
[    0.178797] NET: Registered protocol family 2
[    0.179176] TCP established hash table entries: 8192 (order: 3, 32768 bytes)
[    0.179230] TCP bind hash table entries: 8192 (order: 4, 65536 bytes)
[    0.179313] TCP: Hash tables configured (established 8192 bind 8192)
[    0.179431] UDP hash table entries: 512 (order: 2, 16384 bytes)
[    0.179496] UDP-Lite hash table entries: 512 (order: 2, 16384 bytes)
[    0.179662] NET: Registered protocol family 1
[    0.179904] RPC: Registered named UNIX socket transport module.
[    0.179961] RPC: Registered udp transport module.
[    0.179966] RPC: Registered tcp transport module.
[    0.179971] RPC: Registered tcp NFSv4.1 backchannel transport module.
[    0.179981] PCI: CLS 0 bytes, default 64
[    0.180759] hw perfevents: enabled with armv7_cortex_a9 PMU driver, 7 counters available
[    0.181991] workingset: timestamp_bits=30 max_order=19 bucket_order=0
[    0.186693] squashfs: version 4.0 (2009/01/31) Phillip Lougher
[    0.187110] NFS: Registering the id_resolver key type
[    0.187134] Key type id_resolver registered
[    0.187139] Key type id_legacy registered
[    0.187167] ntfs: driver 2.1.32 [Flags: R/O].
[    0.188191] bounce: pool size: 64 pages
[    0.188225] Block layer SCSI generic (bsg) driver version 0.4 loaded (major 248)
[    0.188233] io scheduler noop registered
[    0.188237] io scheduler deadline registered
[    0.188333] io scheduler cfq registered (default)
[    0.188339] io scheduler mq-deadline registered
[    0.194358] tegra30-pinctrl 70000868.pinmux: invalid group "sdmmc3_dat6_pd3" for function "rsvd1"
[    0.194373] tegra30-pinctrl 70000868.pinmux: invalid group "sdmmc3_dat7_pd4" for function "rsvd1"
[    0.194387] tegra30-pinctrl 70000868.pinmux: invalid group "vi_vsync_pd6" for function "rsvd1"
[    0.194396] tegra30-pinctrl 70000868.pinmux: invalid group "vi_hsync_pd7" for function "rsvd1"
[    0.194841] tegra30-pinctrl 70000868.pinmux: invalid group "hdmi_int_pn7" for function "rsvd1"
[    0.194884] tegra30-pinctrl 70000868.pinmux: invalid group "ulpi_data3_po4" for function "rsvd1"
[    0.195206] tegra30-pinctrl 70000868.pinmux: invalid group "vi_d10_pt2" for function "rsvd1"
[    0.195225] tegra30-pinctrl 70000868.pinmux: invalid group "vi_d11_pt3" for function "rsvd1"
[    0.195238] tegra30-pinctrl 70000868.pinmux: invalid group "vi_d0_pt4" for function "rsvd1"
[    0.195278] tegra30-pinctrl 70000868.pinmux: invalid group "pu0" for function "rsvd1"
[    0.195308] tegra30-pinctrl 70000868.pinmux: invalid group "pu3" for function "rsvd1"
[    0.195337] tegra30-pinctrl 70000868.pinmux: invalid group "pu6" for function "rsvd1"
[    0.195378] tegra30-pinctrl 70000868.pinmux: invalid group "pv3" for function "rsvd1"
[    0.195858] tegra30-pinctrl 70000868.pinmux: invalid group "pbb0" for function "rsvd1"
[    0.195971] tegra30-pinctrl 70000868.pinmux: invalid group "pcc1" for function "rsvd1"
[    0.201207] tegra-pcie 3000.pcie-controller: 2x3 configuration
[    0.201351] tegra-pcie 3000.pcie-controller: Failed to get supply 'hvdd-pex': -517
[    0.206800] tegra-apbdma 6000a000.dma: Tegra20 APB DMA driver register 32 channels
[    0.207955] tegra-pmc 7000e400.pmc: i2c-thermtrip node not found, emergency thermal reset disabled.
[    0.239536] Serial: 8250/16550 driver, 4 ports, IRQ sharing disabled
[    0.241623] console [ttyS0] disabled
[    0.241664] 70006000.serial: ttyS0 at MMIO 0x70006000 (irq = 331, base_baud = 25500000) is a Tegra
[    1.257286] console [ttyS0] enabled
[    1.261309] SuperH (H)SCI(F) driver initialized
[    1.266426] msm_serial: driver initialized
[    1.270615] STMicroelectronics ASC driver initialized
[    1.279855] tegra-hdmi 54280000.hdmi: failed to get HDMI regulator
[    1.294168] brd: module loaded
[    1.302946] loop: module loaded
[    1.311437] m25p80 spi32766.1: w25q32 (4096 Kbytes)
[    1.318196] libphy: Fixed MDIO Bus: probed
[    1.322948] CAN device driver interface
[    1.327392] bgmac_bcma: Broadcom 47xx GBit MAC driver loaded
[    1.333796] e1000e: Intel(R) PRO/1000 Network Driver - 3.2.6-k
[    1.339612] e1000e: Copyright(c) 1999 - 2015 Intel Corporation.
[    1.345560] igb: Intel(R) Gigabit Ethernet Network Driver - version 5.4.0-k
[    1.352502] igb: Copyright (c) 2007-2014 Intel Corporation.
[    1.359989] pegasus: v0.9.3 (2013/04/25), Pegasus/Pegasus II USB Ethernet driver
[    1.367432] usbcore: registered new interface driver pegasus
[    1.373101] usbcore: registered new interface driver asix
[    1.378520] usbcore: registered new interface driver ax88179_178a
[    1.384626] usbcore: registered new interface driver cdc_ether
[    1.390468] usbcore: registered new interface driver smsc75xx
[    1.396233] usbcore: registered new interface driver smsc95xx
[    1.401979] usbcore: registered new interface driver net1080
[    1.407652] usbcore: registered new interface driver cdc_subset
[    1.413583] usbcore: registered new interface driver zaurus
[    1.419177] usbcore: registered new interface driver cdc_ncm
[    1.426196] ehci_hcd: USB 2.0 'Enhanced' Host Controller (EHCI) Driver
[    1.432708] ehci-pci: EHCI PCI platform driver
[    1.437186] ehci-platform: EHCI generic platform driver
[    1.442518] ehci-orion: EHCI orion driver
[    1.446604] SPEAr-ehci: EHCI SPEAr driver
[    1.450676] ehci-st: EHCI STMicroelectronics driver
[    1.455624] ehci-exynos: EHCI EXYNOS driver
[    1.459882] ehci-atmel: EHCI Atmel driver
[    1.463964] tegra-ehci: Tegra EHCI driver
[    1.468255] ohci_hcd: USB 1.1 'Open' Host Controller (OHCI) Driver
[    1.474439] ohci-pci: OHCI PCI platform driver
[    1.478899] ohci-platform: OHCI generic platform driver
[    1.484223] ohci-omap3: OHCI OMAP3 driver
[    1.488300] SPEAr-ohci: OHCI SPEAr driver
[    1.492373] ohci-st: OHCI STMicroelectronics driver
[    1.497321] ohci-atmel: OHCI Atmel driver
[    1.501742] usbcore: registered new interface driver usb-storage
[    1.510201] tegra_rtc 7000e000.rtc: rtc core: registered 7000e000.rtc as rtc1
[    1.517374] tegra_rtc 7000e000.rtc: Tegra internal Real Time Clock
[    1.526263] random: fast init done
[    1.539549] tps65910-rtc tps65910-rtc: rtc core: registered tps65910-rtc as rtc0
[    1.547144] i2c /dev entries driver
[    1.558693] sdhci: Secure Digital Host Controller Interface driver
[    1.564885] sdhci: Copyright(c) Pierre Ossman
[    1.570137] Synopsys Designware Multimedia Card Interface Driver
[    1.576806] sdhci-pltfm: SDHCI platform and OF driver helper
[    1.582953] sdhci-tegra 78000000.sdhci: Got CD GPIO
[    1.587845] sdhci-tegra 78000000.sdhci: Got WP GPIO
[    1.593951] mmc0: Invalid maximum block size, assuming 512 bytes
[    1.601177] mmc0: Failed to register LED device: -517
[    1.608547] mmc0: Invalid maximum block size, assuming 512 bytes
[    1.615710] mmc0: Failed to register LED device: -517
[    1.623068] ledtrig-cpu: registered to indicate activity on CPUs
[    1.629277] usbcore: registered new interface driver usbhid
[    1.634843] usbhid: USB HID core driver
[    1.641116] NET: Registered protocol family 10
[    1.646158] Segment Routing with IPv6
[    1.649848] sit: IPv6, IPv4 and MPLS over IPv4 tunneling driver
[    1.656184] NET: Registered protocol family 17
[    1.660620] can: controller area network core (rev 20120528 abi 9)
[    1.666915] NET: Registered protocol family 29
[    1.671347] can: raw protocol (rev 20120528)
[    1.675614] can: broadcast manager protocol (rev 20161123 t)
[    1.681261] can: netlink gateway (rev 20130117) max_hops=1
[    1.687002] Key type dns_resolver registered
[    1.691657] ThumbEE CPU extension supported.
[    1.695935] Registering SWP/SWPB emulation handler
[    1.710865] vdd_ddr: supplied by vdd_5v_in
[    1.716211] vdd_5v_sata: supplied by vdd_5v_in
[    1.720952] usb1_vbus: supplied by vdd_5v_in
[    1.725561] usb3_vbus: supplied by vdd_5v_in
[    1.731047] sys_3v3,vdd_3v3_alw: supplied by vdd_5v_in
[    1.736964] sys_3v3_pexs: supplied by sys_3v3,vdd_3v3_alw
[    1.742471] +VDD_5V_HDMI: supplied by sys_3v3,vdd_3v3_alw
[    1.748510] tegra-pcie 3000.pcie-controller: 2x3 configuration
[    1.756718] tegra-pcie 3000.pcie-controller: probing port 0, using 2 lanes
[    1.821862] tegra-pcie 3000.pcie-controller: probing port 2, using 2 lanes
[    2.232500] tegra-pcie 3000.pcie-controller: link 2 down, retrying
[    2.642448] tegra-pcie 3000.pcie-controller: link 2 down, retrying
[    3.051974] tegra-pcie 3000.pcie-controller: link 2 down, retrying
[    3.060160] tegra-pcie 3000.pcie-controller: link 2 down, ignoring
[    3.066454] tegra-pcie 3000.pcie-controller: PCI host bridge to bus 0000:00
[    3.073404] pci_bus 0000:00: root bus resource [io  0x0000-0xffff]
[    3.079580] pci_bus 0000:00: root bus resource [mem 0x20000000-0x27ffffff]
[    3.086446] pci_bus 0000:00: root bus resource [mem 0x28000000-0x3fffffff pref]
[    3.093745] pci_bus 0000:00: root bus resource [bus 00-ff]
[    3.099239] pci 0000:00:01.0: [10de:0e1c] type 01 class 0x060400
[    3.105264] pci_bus 0000:00: 2-byte config write to 0000:00:01.0 offset 0x88 may corrupt adjacent RW1C bits
[    3.115020] pci_bus 0000:00: 2-byte config write to 0000:00:01.0 offset 0x52 may corrupt adjacent RW1C bits
[    3.124765] pci 0000:00:01.0: PME# supported from D0 D1 D2 D3hot D3cold
[    3.131364] pci_bus 0000:00: 2-byte config write to 0000:00:01.0 offset 0x4c may corrupt adjacent RW1C bits
[    3.141243] pci_bus 0000:00: 2-byte config write to 0000:00:01.0 offset 0x3e may corrupt adjacent RW1C bits
[    3.150974] pci_bus 0000:00: 2-byte config write to 0000:00:01.0 offset 0x4 may corrupt adjacent RW1C bits
[    3.160614] pci_bus 0000:00: 1-byte config write to 0000:00:01.0 offset 0xc may corrupt adjacent RW1C bits
[    3.170252] PCI: bus0: Fast back to back transfers disabled
[    3.175818] pci 0000:00:01.0: bridge configuration invalid ([bus 00-00]), reconfiguring
[    3.183811] pci_bus 0000:00: 2-byte config write to 0000:00:01.0 offset 0x3e may corrupt adjacent RW1C bits
[    3.193531] pci_bus 0000:00: 2-byte config write to 0000:00:01.0 offset 0x3e may corrupt adjacent RW1C bits
[    3.203257] pci_bus 0000:00: 2-byte config write to 0000:00:01.0 offset 0x3e may corrupt adjacent RW1C bits
[    3.212984] pci_bus 0000:00: 2-byte config write to 0000:00:01.0 offset 0x6 may corrupt adjacent RW1C bits
[    3.222722] pci 0000:01:00.0: [10ec:8168] type 00 class 0x020000
[    3.228744] pci 0000:01:00.0: reg 0x10: [io  0x0000-0x00ff]
[    3.234326] pci 0000:01:00.0: reg 0x18: [mem 0x00000000-0x00000fff 64bit pref]
[    3.241540] pci 0000:01:00.0: reg 0x20: [mem 0x00000000-0x00003fff 64bit pref]
[    3.248827] pci 0000:01:00.0: supports D1 D2
[    3.253084] pci 0000:01:00.0: PME# supported from D0 D1 D2 D3hot D3cold
[    3.283610] PCI: bus1: Fast back to back transfers disabled
[    3.289171] pci_bus 0000:01: busn_res: [bus 01-ff] end is updated to 01
[    3.295841] pci 0000:00:01.0: BAR 9: assigned [mem 0x28000000-0x280fffff 64bit pref]
[    3.303578] pci 0000:00:01.0: BAR 7: assigned [io  0x1000-0x1fff]
[    3.309659] pci 0000:01:00.0: BAR 4: assigned [mem 0x28000000-0x28003fff 64bit pref]
[    3.317404] pci 0000:01:00.0: BAR 2: assigned [mem 0x28004000-0x28004fff 64bit pref]
[    3.325147] pci 0000:01:00.0: BAR 0: assigned [io  0x1000-0x10ff]
[    3.331229] pci 0000:00:01.0: PCI bridge to [bus 01]
[    3.336189] pci 0000:00:01.0:   bridge window [io  0x1000-0x1fff]
[    3.342267] pci 0000:00:01.0:   bridge window [mem 0x28000000-0x280fffff 64bit pref]
[    3.350017] pci 0000:00:01.0: nv_msi_ht_cap_quirk didn't locate host bridge
[    3.357027] pcieport 0000:00:01.0: enabling device (0140 -> 0143)
[    3.363325] pcieport 0000:00:01.0: Signaling PME with IRQ 374
[    3.369281] r8169 Gigabit Ethernet driver 2.3LK-NAPI loaded
[    3.374868] r8169 0000:01:00.0: enabling device (0140 -> 0143)
[    3.381070] alloc_contig_range: [fb848, fb849) PFNs busy
[    3.386974] r8169 0000:01:00.0 eth0: RTL8168evl/8111evl at 0xf0aec000, 02:04:4b:01:60:a6, XID 0c900800 IRQ 375
[    3.396972] r8169 0000:01:00.0 eth0: jumbo features [frames: 9200 bytes, tx checksumming: ko]
[    3.408340] [drm] Supports vblank timestamp caching Rev 2 (21.10.2013).
[    3.414960] [drm] No driver support for vblank timestamp query.
[    3.420895] [drm] Cannot find any crtc or sizes - going 1024x768
[    3.447330] Console: switching to colour frame buffer device 128x48
[    3.459643] drm drm: fb0:  frame buffer device
[    3.464144] [drm] Initialized tegra 0.0.0 20120330 for drm on minor 0
[    3.476209] utmi_phy_clk_enable: timeout waiting for phy to stabilize
[    3.482665] tegra-ehci 7d004000.usb: EHCI Host Controller
[    3.488089] tegra-ehci 7d004000.usb: new USB bus registered, assigned bus number 1
[    3.495786] alloc_contig_range: [fb848, fb849) PFNs busy
[    3.501192] alloc_contig_range: [fb848, fb849) PFNs busy
[    3.506594] alloc_contig_range: [fb848, fb849) PFNs busy
[    3.511975] tegra-ehci 7d004000.usb: irq 343, io mem 0x7d004000
[    3.543989] tegra-ehci 7d004000.usb: USB 2.0 started, EHCI 1.00
[    3.551232] hub 1-0:1.0: USB hub found
[    3.555008] hub 1-0:1.0: 1 port detected
[    3.560107] tegra-ehci 7d008000.usb: EHCI Host Controller
[    3.565524] tegra-ehci 7d008000.usb: new USB bus registered, assigned bus number 2
[    3.573171] alloc_contig_range: [fb848, fb849) PFNs busy
[    3.578578] alloc_contig_range: [fb848, fb849) PFNs busy
[    3.583981] alloc_contig_range: [fb848, fb849) PFNs busy
[    3.589349] tegra-ehci 7d008000.usb: irq 344, io mem 0x7d008000
[    3.623976] tegra-ehci 7d008000.usb: USB 2.0 started, EHCI 1.00
[    3.631104] hub 2-0:1.0: USB hub found
[    3.634879] hub 2-0:1.0: 1 port detected
[    3.640247] sdhci-tegra 78000000.sdhci: Got CD GPIO
[    3.645143] sdhci-tegra 78000000.sdhci: Got WP GPIO
[    3.651250] alloc_contig_range: [fb848, fb849) PFNs busy
[    3.656626] mmc0: Invalid maximum block size, assuming 512 bytes
[    3.664649] mmc0: Failed to register LED device: -517
[    3.674060] alloc_contig_range: [fb848, fb849) PFNs busy
[    3.679412] mmc0: Invalid maximum block size, assuming 512 bytes
[    3.686986] mmc0: Failed to register LED device: -517
[    3.699387] tps65910-rtc tps65910-rtc: setting system clock to 2000-01-01 00:00:02 UTC (946684802)
[    3.709010] vdd_sata,avdd_plle: disabling
[    3.713753] usb1_vbus: disabling
[    3.717403] Waiting for root device PARTUUID=edbe1840-3633-c751-7993-b0ac834f81e0...
[    3.993977] usb 2-1: new high-speed USB device number 2 using tegra-ehci
[    4.656714] asix 2-1:1.0 eth1: register 'asix' at usb-7d008000.usb-1, ASIX AX88772 USB 2.0 Ethernet, 00:50:b6:0f:67:60
[    4.669057] sdhci-tegra 78000000.sdhci: Got CD GPIO
[    4.673961] sdhci-tegra 78000000.sdhci: Got WP GPIO
[    4.680095] alloc_contig_range: [fb848, fb849) PFNs busy
[    4.685500] mmc0: Invalid maximum block size, assuming 512 bytes
[    4.693115] mmc0: Failed to register LED device: -517
[    4.702523] alloc_contig_range: [fb848, fb849) PFNs busy
[    4.707892] mmc0: Invalid maximum block size, assuming 512 bytes
[    4.715839] mmc0: Failed to register LED device: -517
mount -t sysfs none /sys

