Diff for ./qemu-vexpress64/__internal/defconfig_log.txt
--- /tmp/fooa	2016-07-22 00:42:48.355248235 -0700
+++ /tmp/foob	2016-07-22 00:42:48.355248235 -0700
@@ -1,5 +1,5 @@
 Booting Linux on physical CPU 0x0
-Linux version 4.7.0-rc7-next-20160721+ (pwalmsley@tamien) (gcc version 4.9.2 20140904 (prerelease) (crosstool-NG linaro-1.13.1-4.9-2014.09 - Linaro GCC 4.9-2014.09) ) #1 SMP PREEMPT Thu Jul 21 00:06:39 PDT 2016
+Linux version 4.7.0-rc7-next-20160722+ (pwalmsley@tamien) (gcc version 4.9.2 20140904 (prerelease) (crosstool-NG linaro-1.13.1-4.9-2014.09 - Linaro GCC 4.9-2014.09) ) #1 SMP PREEMPT Fri Jul 22 00:37:15 PDT 2016
 Boot CPU: AArch64 Processor [411fd070]
 Memory limited to 1024MB
 efi: Getting EFI parameters from FDT:
@@ -97,7 +97,7 @@
 kvm [1]: HYP mode not available
 futex hash table entries: 256 (order: 3, 32768 bytes)
 audit: initializing netlink subsys (disabled)
-audit: type=2000 audit(0.612:1): initialized
+audit: type=2000 audit(0.632:1): initialized
 workingset: timestamp_bits=46 max_order=18 bucket_order=0
 squashfs: version 4.0 (2009/01/31) Phillip Lougher
 NFS: Registering the id_resolver key type
@@ -163,7 +163,7 @@
 Key type dns_resolver registered
 registered taskstats version 1
 input: gpio-keys as /devices/platform/gpio-keys/input/input0
-rtc-pl031 9010000.pl031: setting system clock to 2016-07-21 07:07:19 UTC (1469084839)
+rtc-pl031 9010000.pl031: setting system clock to 2016-07-22 07:37:50 UTC (1469173070)
 ALSA device list:
   No soundcards found.
 uart-pl011 9000000.pl011: no DMA platform data
Diff for ./tegra114-dalmore-a04/tegra114-dalmore/multi_v7_defconfig_log.txt
--- /tmp/fooa	2016-07-22 00:42:48.375248259 -0700
+++ /tmp/foob	2016-07-22 00:42:48.379248264 -0700
@@ -39,20 +39,20 @@
 	 #################################################################
 	 #################################################################
 	 ############################
-	 3.1 MiB/s
+	 2.9 MiB/s
 done
-Bytes transferred = 7087600 (6c25f0 hex)
+Bytes transferred = 7086368 (6c2120 hex)
 Tegra114 (Dalmore) # tftpboot 0x82000000 tegra114-dalmore.dtb
 Using asx0 device
 TFTP from server 192.168.100.1; our IP address is 192.168.100.100
 Filename 'tegra114-dalmore.dtb'.
 Load address: 0x82000000
 Loading: *###
-	 3 MiB/s
+	 2.8 MiB/s
 done
 Bytes transferred = 34956 (888c hex)
 Tegra114 (Dalmore) # bootz 0x81000000 - 0x82000000
-Kernel image @ 0x81000000 [ 0x000000 - 0x6c25f0 ]
+Kernel image @ 0x81000000 [ 0x000000 - 0x6c2120 ]
 ## Flattened Device Tree blob at 82000000
    Booting using the fdt blob at 0x82000000
    Loading Device Tree to 8fff4000, end 8ffff88b ... OK
@@ -60,7 +60,7 @@
 Starting kernel ...
 
 Booting Linux on physical CPU 0x0
-Linux version 4.7.0-rc7-next-20160721-108564-g58d3615 (pwalmsley@sellafield) (gcc version 4.7.3 20130328 (prerelease) (crosstool-NG linaro-1.13.1-4.7-2013.04-20130415 - Linaro GCC 2013.04) ) #1 SMP Thu Jul 21 00:04:13 PDT 2016
+Linux version 4.7.0-rc7-next-20160722-108808-g1312304 (pwalmsley@sellafield) (gcc version 4.7.3 20130328 (prerelease) (crosstool-NG linaro-1.13.1-4.7-2013.04-20130415 - Linaro GCC 2013.04) ) #1 SMP Fri Jul 22 00:35:00 PDT 2016
 CPU: ARMv7 Processor [412fc0f2] revision 2 (ARMv7), cr=10c5387d
 CPU: div instructions available: patching division code
 CPU: PIPT / VIPT nonaliasing data cache, PIPT instruction cache
@@ -69,7 +69,7 @@
 cma: Reserved 64 MiB at 0xfb800000
 Memory policy: Data cache writealloc
 On node 0 totalpages: 524032
-free_area_init_node: node 0, pgdat c141cf00, node_mem_map eeffa000
+free_area_init_node: node 0, pgdat c141cf40, node_mem_map eeffa000
   DMA zone: 1536 pages used for memmap
   DMA zone: 0 pages reserved
   DMA zone: 196608 pages, LIFO batch:31
@@ -92,7 +92,7 @@
     modules : 0xbf000000 - 0xbfe00000   (  14 MB)
       .text : 0xc0208000 - 0xc0c00000   (10208 kB)
       .init : 0xc1100000 - 0xc1300000   (2048 kB)
-      .data : 0xc1300000 - 0xc141ed80   (1148 kB)
+      .data : 0xc1300000 - 0xc141edc0   (1148 kB)
        .bss : 0xc1420000 - 0xc1475c48   ( 344 kB)
 SLUB: HWalign=64, Order=0-3, MinObjects=0, CPUs=4, Nodes=1
 Hierarchical RCU implementation.
@@ -292,9 +292,6 @@
 mmc1: new high speed MMC card at address 0001
 mmcblk1: mmc1:0001 SEM32G 29.1 GiB 
 mmcblk1boot0: mmc1:0001 SEM32G partition 1 4.00 MiB
-mmcblk1boot1: mmc1:0001 SEM32G partition 2 4.00 MiB
-mmcblk1rpmb: mmc1:0001 SEM32G partition 3 4.00 MiB
- mmcblk1: p1 p2 p3 p4 p5 p6 p7 p8
 tegra-ehci 7d008000.usb: USB 2.0 started, EHCI 1.10
 hub 1-0:1.0: USB hub found
 hub 1-0:1.0: 1 port detected
@@ -308,7 +305,12 @@
 dvdd_ts: disabling
 usb1_vbus: disabling
 VDD_5V0_HDMI_CON: disabling
+mmcblk1boot1: mmc1:0001 SEM32G partition 2 4.00 MiB
+mmcblk1rpmb: mmc1:0001 SEM32G partition 3 4.00 MiB
+ mmcblk1: p1 p2 p3 p4 p5 p6 p7 p8
 EXT4-fs (mmcblk1p1): mounting ext3 file system using the ext4 subsystem
+tegra-hdmi 54280000.hdmi: failed to get PLL regulator
+tegra-dsi 54300000.dsi: cannot get VDD supply
 EXT4-fs (mmcblk1p1): recovery complete
 EXT4-fs (mmcblk1p1): mounted filesystem with ordered data mode. Opts: (null)
 VFS: Mounted root (ext3 filesystem) on device 179:17.
@@ -316,4 +318,5 @@
 Freeing unused kernel memory: 2048K (c1100000 - c1300000)
 bash: cannot set terminal process group (-1): Inappropriate ioctl for device
 bash: no job control in this shell
-root@(none):/# [    2.155602] usb 1-1: new high-speed USB device number 2 using tegra-ehci
+usb 1-1: new high-speed USB device number 2 using tegra-ehci
+root@(none):/# 
\ No newline at end of file
Diff for ./tegra114-dalmore-a04/tegra114-dalmore/tegra_defconfig_log.txt
--- /tmp/fooa	2016-07-22 00:42:48.383248270 -0700
+++ /tmp/foob	2016-07-22 00:42:48.387248275 -0700
@@ -37,9 +37,9 @@
 	 #################################################################
 	 #################################################################
 	 ############################################
-	 3 MiB/s
+	 3.1 MiB/s
 done
-Bytes transferred = 5408144 (528590 hex)
+Bytes transferred = 5406832 (528070 hex)
 Tegra114 (Dalmore) # tftpboot 0x82000000 tegra114-dalmore.dtb
 Using asx0 device
 TFTP from server 192.168.100.1; our IP address is 192.168.100.100
@@ -50,7 +50,7 @@
 done
 Bytes transferred = 34956 (888c hex)
 Tegra114 (Dalmore) # bootz 0x81000000 - 0x82000000
-Kernel image @ 0x81000000 [ 0x000000 - 0x528590 ]
+Kernel image @ 0x81000000 [ 0x000000 - 0x528070 ]
 ## Flattened Device Tree blob at 82000000
    Booting using the fdt blob at 0x82000000
    Loading Device Tree to 8fff4000, end 8ffff88b ... OK
@@ -59,7 +59,7 @@
 
 Uncompressing Linux... done, booting the kernel.
 Booting Linux on physical CPU 0x0
-Linux version 4.7.0-rc7-next-20160721-108564-g58d3615 (pwalmsley@kaivo) (gcc version 4.7.3 20130328 (prerelease) (crosstool-NG linaro-1.13.1-4.7-2013.04-20130415 - Linaro GCC 2013.04) ) #1 SMP PREEMPT Thu Jul 21 00:04:11 PDT 2016
+Linux version 4.7.0-rc7-next-20160722-108808-g1312304 (pwalmsley@kaivo) (gcc version 4.7.3 20130328 (prerelease) (crosstool-NG linaro-1.13.1-4.7-2013.04-20130415 - Linaro GCC 2013.04) ) #1 SMP PREEMPT Fri Jul 22 00:34:39 PDT 2016
 CPU: ARMv7 Processor [412fc0f2] revision 2 (ARMv7), cr=10c5387d
 CPU: div instructions available: patching division code
 CPU: PIPT / VIPT nonaliasing data cache, PIPT instruction cache
@@ -82,7 +82,7 @@
 PID hash table entries: 4096 (order: 2, 16384 bytes)
 Dentry cache hash table entries: 131072 (order: 7, 524288 bytes)
 Inode-cache hash table entries: 65536 (order: 6, 262144 bytes)
-Memory: 1999944K/2096128K available (8192K kernel code, 375K rwdata, 2440K rodata, 1024K init, 366K bss, 30648K reserved, 65536K cma-reserved, 1244160K highmem)
+Memory: 1999944K/2096128K available (8192K kernel code, 375K rwdata, 2444K rodata, 1024K init, 366K bss, 30648K reserved, 65536K cma-reserved, 1244160K highmem)
 Virtual kernel memory layout:
     vector  : 0xffff0000 - 0xffff1000   (   4 kB)
     fixmap  : 0xffc00000 - 0xfff00000   (3072 kB)
@@ -317,5 +317,4 @@
 Freeing unused kernel memory: 1024K (c0c00000 - c0d00000)
 bash: cannot set terminal process group (-1): Inappropriate ioctl for device
 bash: no job control in this shell
-usb 1-1: new high-speed USB device number 2 using tegra-ehci
-root@(none):/# 
\ No newline at end of file
+root@(none):/# [    5.829460] usb 1-1: new high-speed USB device number 2 using tegra-ehci
Diff for ./tegra124-jetson-tk1/tegra124-jetson-tk1/multi_v7_defconfig_log.txt
--- /tmp/fooa	2016-07-22 00:42:48.391248280 -0700
+++ /tmp/foob	2016-07-22 00:42:48.395248284 -0700
@@ -9,7 +9,7 @@
 Model: NVIDIA Jetson TK1
 Board: NVIDIA Jetson TK1
 DRAM:  2 GiB
-MMC:   Tegra SD/MMC: 0, Tegra SD/MMC: 1
+MC:   Tegra SD/MMC: 0, Tegra SD/MMC: 1
 In:    serial
 Out:   serial
 Err:   serial
@@ -34,28 +34,28 @@
 	 #################################################################
 	 #################################################################
 	 ############################
-	 4 MiB/s
+	 3.2 MiB/s
 done
-Bytes transferred = 7087600 (6c25f0 hex)
+Bytes transferred = 7086368 (6c2120 hex)
 Tegra124 (Jetson TK1) # tftpboot 0x83000000 tegra124-jetson-tk1.dtb
 Using eth_rtl8169 device
 TFTP from server 192.168.100.1; our IP address is 192.168.100.102
 Filename 'tegra124-jetson-tk1.dtb'.
 Load address: 0x83000000
 Loading: *#####
-	 3.7 MiB/s
+	 3.3 MiB/s
 done
-Bytes transferred = 66405 (10365 hex)
+Bytes transferred = 66621 (1043d hex)
 Tegra124 (Jetson TK1) # bootz 0x82000000 - 0x83000000
-Kernel image @ 0x82000000 [ 0x000000 - 0x6c25f0 ]
+Kernel image @ 0x82000000 [ 0x000000 - 0x6c2120 ]
 ## Flattened Device Tree blob at 83000000
    Booting using the fdt blob at 0x83000000
-   Using Device Tree in place at 83000000, end 83013364
+   Using Device Tree in place at 83000000, end 8301343c
 
 Starting kernel ...
 
 Booting Linux on physical CPU 0x0
-Linux version 4.7.0-rc7-next-20160721-108564-g58d3615 (pwalmsley@sellafield) (gcc version 4.7.3 20130328 (prerelease) (crosstool-NG linaro-1.13.1-4.7-2013.04-20130415 - Linaro GCC 2013.04) ) #1 SMP Thu Jul 21 00:04:13 PDT 2016
+Linux version 4.7.0-rc7-next-20160722-108808-g1312304 (pwalmsley@sellafield) (gcc version 4.7.3 20130328 (prerelease) (crosstool-NG linaro-1.13.1-4.7-2013.04-20130415 - Linaro GCC 2013.04) ) #1 SMP Fri Jul 22 00:35:00 PDT 2016
 CPU: ARMv7 Processor [413fc0f3] revision 3 (ARMv7), cr=10c5387d
 CPU: div instructions available: patching division code
 CPU: PIPT / VIPT nonaliasing data cache, PIPT instruction cache
@@ -64,7 +64,7 @@
 cma: Reserved 64 MiB at 0xfb800000
 Memory policy: Data cache writealloc
 On node 0 totalpages: 524032
-free_area_init_node: node 0, pgdat c141cf00, node_mem_map eeffa000
+free_area_init_node: node 0, pgdat c141cf40, node_mem_map eeffa000
   DMA zone: 1536 pages used for memmap
   DMA zone: 0 pages reserved
   DMA zone: 196608 pages, LIFO batch:31
@@ -87,7 +87,7 @@
     modules : 0xbf000000 - 0xbfe00000   (  14 MB)
       .text : 0xc0208000 - 0xc0c00000   (10208 kB)
       .init : 0xc1100000 - 0xc1300000   (2048 kB)
-      .data : 0xc1300000 - 0xc141ed80   (1148 kB)
+      .data : 0xc1300000 - 0xc141edc0   (1148 kB)
        .bss : 0xc1420000 - 0xc1475c48   ( 344 kB)
 SLUB: HWalign=64, Order=0-3, MinObjects=0, CPUs=4, Nodes=1
 Hierarchical RCU implementation.
@@ -193,13 +193,13 @@
 tegra-pmc 7000e400.pmc: emergency thermal reset enabled
 Serial: 8250/16550 driver, 4 ports, IRQ sharing disabled
 console [ttyS0] disabled
-70006300.serial: ttyS0 at MMIO 0x70006300 (irq = 335, base_baud = 25500000) is a Tegra
+70006300.serial: ttyS0 at MMIO 0x70006300 (irq = 333, base_baud = 25500000) is a Tegra
 console [ttyS0] enabled
 SuperH (H)SCI(F) driver initialized
 msm_serial: driver initialized
 STMicroelectronics ASC driver initialized
-70006000.serial: ttyTHS1 at MMIO 0x70006000 (irq = 333, base_baud = 0) is a TEGRA_UART
-70006040.serial: ttyTHS2 at MMIO 0x70006040 (irq = 334, base_baud = 0) is a TEGRA_UART
+serial-tegra serial@0,70006000: failed to get alias id, errno -19
+serial-tegra serial@0,70006040: failed to get alias id, errno -19
 [drm] Initialized drm 1.1.0 20060810
 tegra-hdmi 54280000.hdmi: failed to get HDMI regulator
 brd: module loaded
@@ -252,7 +252,7 @@
 tegra-ehci: Tegra EHCI driver
 tegra-ehci 7d004000.usb: EHCI Host Controller
 tegra-ehci 7d004000.usb: new USB bus registered, assigned bus number 1
-tegra-ehci 7d004000.usb: irq 354, io mem 0x7d004000
+tegra-ehci 7d004000.usb: irq 352, io mem 0x7d004000
 tegra-ehci 7d004000.usb: USB 2.0 started, EHCI 1.10
 hub 1-0:1.0: USB hub found
 hub 1-0:1.0: 1 port detected
@@ -266,7 +266,7 @@
 usbcore: registered new interface driver usb-storage
 mousedev: PS/2 mouse device common for all mice
 as3722-rtc as3722-rtc: rtc core: registered as3722-rtc as rtc0
-as3722-rtc as3722-rtc: RTC interrupt 377
+as3722-rtc as3722-rtc: RTC interrupt 375
 tegra_rtc 7000e000.rtc: rtc core: registered 7000e000.rtc as rtc1
 tegra_rtc 7000e000.rtc: Tegra internal Real Time Clock
 i2c /dev entries driver
@@ -335,11 +335,11 @@
 tegra-ahci 70027000.sata: flags: 64bit ncq sntf pm led pio slum part sadm sds apst 
 scsi host0: tegra-ahci
 scsi host1: tegra-ahci
-ata1: SATA max UDMA/133 mmio [mem 0x70027000-0x70028fff] port 0x100 irq 345
+ata1: SATA max UDMA/133 mmio [mem 0x70027000-0x70028fff] port 0x100 irq 343
 ata2: DUMMY
 tegra-ehci 7d008000.usb: EHCI Host Controller
 tegra-ehci 7d008000.usb: new USB bus registered, assigned bus number 2
-tegra-ehci 7d008000.usb: irq 355, io mem 0x7d008000
+tegra-ehci 7d008000.usb: irq 353, io mem 0x7d008000
 tegra-ehci 7d008000.usb: USB 2.0 started, EHCI 1.10
 hub 2-0:1.0: USB hub found
 hub 2-0:1.0: 1 port detected
@@ -404,7 +404,7 @@
 pcie_pme 0000:00:02.0:pcie001: service driver pcie_pme loaded
 r8169 Gigabit Ethernet driver 2.3LK-NAPI loaded
 r8169 0000:02:00.0: enabling device (0140 -> 0143)
-r8169 0000:02:00.0 eth0: RTL8168g/8111g at 0xf0a48000, 00:04:4b:3a:d9:81, XID 0c000800 IRQ 395
+r8169 0000:02:00.0 eth0: RTL8168g/8111g at 0xf0a48000, 00:04:4b:3a:d9:81, XID 0c000800 IRQ 393
 r8169 0000:02:00.0 eth0: jumbo features [frames: 9200 bytes, tx checksumming: ko]
 [drm] Supports vblank timestamp caching Rev 2 (21.10.2013).
 [drm] No driver support for vblank timestamp query.
@@ -426,7 +426,7 @@
 cpufreq: cpufreq_online: CPU0: Running at unlisted freq: 696000 KHz
 cpufreq: cpufreq_online: CPU0: Unlisted initial frequency changed to: 714000 KHz
 input: gpio-keys as /devices/soc0/gpio-keys/input/input0
-as3722-rtc as3722-rtc: setting system clock to 2000-01-01 00:00:12 UTC (946684812)
+as3722-rtc as3722-rtc: setting system clock to 2000-01-01 00:02:43 UTC (946684963)
 +USB0_VBUS_SW: disabling
 +1.8V_RUN_CAM: disabling
 +2.8V_RUN_CAM: disabling
Diff for ./tegra124-jetson-tk1/tegra124-jetson-tk1/tegra_defconfig_log.txt
--- /tmp/fooa	2016-07-22 00:42:48.399248289 -0700
+++ /tmp/foob	2016-07-22 00:42:48.403248294 -0700
@@ -32,29 +32,29 @@
 	 #################################################################
 	 #################################################################
 	 ############################################
-	 3.7 MiB/s
+	 4 MiB/s
 done
-Bytes transferred = 5408144 (528590 hex)
+Bytes transferred = 5406832 (528070 hex)
 Tegra124 (Jetson TK1) # tftpboot 0x83000000 tegra124-jetson-tk1.dtb
 Using eth_rtl8169 device
 TFTP from server 192.168.100.1; our IP address is 192.168.100.102
 Filename 'tegra124-jetson-tk1.dtb'.
 Load address: 0x83000000
 Loading: *#####
-	 3.2 MiB/s
+	 3.7 MiB/s
 done
-Bytes transferred = 66405 (10365 hex)
+Bytes transferred = 66621 (1043d hex)
 Tegra124 (Jetson TK1) # bootz 0x82000000 - 0x83000000
-Kernel image @ 0x82000000 [ 0x000000 - 0x528590 ]
+Kernel image @ 0x82000000 [ 0x000000 - 0x528070 ]
 ## Flattened Device Tree blob at 83000000
    Booting using the fdt blob at 0x83000000
-   Using Device Tree in place at 83000000, end 83013364
+   Using Device Tree in place at 83000000, end 8301343c
 
 Starting kernel ...
 
 Uncompressing Linux... done, booting the kernel.
 Booting Linux on physical CPU 0x0
-Linux version 4.7.0-rc7-next-20160721-108564-g58d3615 (pwalmsley@kaivo) (gcc version 4.7.3 20130328 (prerelease) (crosstool-NG linaro-1.13.1-4.7-2013.04-20130415 - Linaro GCC 2013.04) ) #1 SMP PREEMPT Thu Jul 21 00:04:11 PDT 2016
+Linux version 4.7.0-rc7-next-20160722-108808-g1312304 (pwalmsley@kaivo) (gcc version 4.7.3 20130328 (prerelease) (crosstool-NG linaro-1.13.1-4.7-2013.04-20130415 - Linaro GCC 2013.04) ) #1 SMP PREEMPT Fri Jul 22 00:34:39 PDT 2016
 CPU: ARMv7 Processor [413fc0f3] revision 3 (ARMv7), cr=10c5387d
 CPU: div instructions available: patching division code
 CPU: PIPT / VIPT nonaliasing data cache, PIPT instruction cache
@@ -77,7 +77,7 @@
 PID hash table entries: 4096 (order: 2, 16384 bytes)
 Dentry cache hash table entries: 131072 (order: 7, 524288 bytes)
 Inode-cache hash table entries: 65536 (order: 6, 262144 bytes)
-Memory: 1999824K/2096128K available (8192K kernel code, 375K rwdata, 2440K rodata, 1024K init, 366K bss, 30768K reserved, 65536K cma-reserved, 1244160K highmem)
+Memory: 1999824K/2096128K available (8192K kernel code, 375K rwdata, 2444K rodata, 1024K init, 366K bss, 30768K reserved, 65536K cma-reserved, 1244160K highmem)
 Virtual kernel memory layout:
     vector  : 0xffff0000 - 0xffff1000   (   4 kB)
     fixmap  : 0xffc00000 - 0xfff00000   (3072 kB)
@@ -191,13 +191,13 @@
 tegra-pmc 7000e400.pmc: emergency thermal reset enabled
 Serial: 8250/16550 driver, 4 ports, IRQ sharing disabled
 console [ttyS0] disabled
-70006300.serial: ttyS0 at MMIO 0x70006300 (irq = 335, base_baud = 25500000) is a Tegra
+70006300.serial: ttyS0 at MMIO 0x70006300 (irq = 333, base_baud = 25500000) is a Tegra
 console [ttyS0] enabled
 console [ttyS0] enabled
 bootconsole [earlycon0] disabled
 bootconsole [earlycon0] disabled
-70006000.serial: ttyTHS1 at MMIO 0x70006000 (irq = 333, base_baud = 0) is a TEGRA_UART
-70006040.serial: ttyTHS2 at MMIO 0x70006040 (irq = 334, base_baud = 0) is a TEGRA_UART
+serial-tegra serial@0,70006000: failed to get alias id, errno -19
+serial-tegra serial@0,70006040: failed to get alias id, errno -19
 [drm] Initialized drm 1.1.0 20060810
 tegra-hdmi 54280000.hdmi: failed to get HDMI regulator
 loop: module loaded
@@ -243,7 +243,7 @@
 tegra-ehci: Tegra EHCI driver
 tegra-ehci 7d004000.usb: EHCI Host Controller
 tegra-ehci 7d004000.usb: new USB bus registered, assigned bus number 1
-tegra-ehci 7d004000.usb: irq 354, io mem 0x7d004000
+tegra-ehci 7d004000.usb: irq 352, io mem 0x7d004000
 tegra-ehci 7d004000.usb: USB 2.0 started, EHCI 1.10
 hub 1-0:1.0: USB hub found
 hub 1-0:1.0: 1 port detected
@@ -253,7 +253,7 @@
 usbcore: registered new interface driver usb-storage
 mousedev: PS/2 mouse device common for all mice
 as3722-rtc as3722-rtc: rtc core: registered as3722-rtc as rtc0
-as3722-rtc as3722-rtc: RTC interrupt 377
+as3722-rtc as3722-rtc: RTC interrupt 375
 tegra_rtc 7000e000.rtc: rtc core: registered 7000e000.rtc as rtc1
 tegra_rtc 7000e000.rtc: Tegra internal Real Time Clock
 i2c /dev entries driver
@@ -344,11 +344,11 @@
 tegra-ahci 70027000.sata: flags: 64bit ncq sntf pm led pio slum part sadm sds apst 
 scsi host0: tegra-ahci
 scsi host1: tegra-ahci
-ata1: SATA max UDMA/133 mmio [mem 0x70027000-0x70028fff] port 0x100 irq 345
+ata1: SATA max UDMA/133 mmio [mem 0x70027000-0x70028fff] port 0x100 irq 343
 ata2: DUMMY
 tegra-ehci 7d008000.usb: EHCI Host Controller
 tegra-ehci 7d008000.usb: new USB bus registered, assigned bus number 2
-tegra-ehci 7d008000.usb: irq 355, io mem 0x7d008000
+tegra-ehci 7d008000.usb: irq 353, io mem 0x7d008000
 tegra-ehci 7d008000.usb: USB 2.0 started, EHCI 1.10
 hub 2-0:1.0: USB hub found
 hub 2-0:1.0: 1 port detected
@@ -356,7 +356,7 @@
 tegra-xusb 70090000.usb: xHCI Host Controller
 tegra-xusb 70090000.usb: new USB bus registered, assigned bus number 3
 tegra-xusb 70090000.usb: hcc params 0x0184f525 hci version 0x100 quirks 0x00010010
-tegra-xusb 70090000.usb: irq 347, io mem 0x70090000
+tegra-xusb 70090000.usb: irq 345, io mem 0x70090000
 hub 3-0:1.0: USB hub found
 hub 3-0:1.0: 6 ports detected
 tegra-xusb 70090000.usb: xHCI Host Controller
@@ -407,9 +407,9 @@
 pci 0000:00:02.0: BAR 9: assigned [mem 0x20000000-0x200fffff 64bit pref]
 pci 0000:00:02.0: BAR 7: assigned [io  0x1000-0x1fff]
 pci 0000:01:00.0: BAR 0: assigned [mem 0x13000000-0x13001fff 64bit]
+ mmcblk1: p1 p2 p3
 pci 0000:00:01.0: PCI bridge to [bus 01]
 pci 0000:00:01.0:   bridge window [mem 0x13000000-0x130fffff]
- mmcblk1: p1 p2 p3
 pci 0000:02:00.0: BAR 4: assigned [mem 0x20000000-0x20003fff 64bit pref]
 pci 0000:02:00.0: BAR 2: assigned [mem 0x13100000-0x13100fff 64bit]
 pci 0000:02:00.0: BAR 0: assigned [io  0x1000-0x10ff]
@@ -429,7 +429,7 @@
 pcie_pme 0000:00:02.0:pcie001: service driver pcie_pme loaded
 r8169 Gigabit Ethernet driver 2.3LK-NAPI loaded
 r8169 0000:02:00.0: enabling device (0140 -> 0143)
-r8169 0000:02:00.0 eth0: RTL8168g/8111g at 0xf09fc000, 00:04:4b:3a:d9:81, XID 0c000800 IRQ 395
+r8169 0000:02:00.0 eth0: RTL8168g/8111g at 0xf09fc000, 00:04:4b:3a:d9:81, XID 0c000800 IRQ 393
 r8169 0000:02:00.0 eth0: jumbo features [frames: 9200 bytes, tx checksumming: ko]
 [drm] Supports vblank timestamp caching Rev 2 (21.10.2013).
 [drm] No driver support for vblank timestamp query.
@@ -441,7 +441,7 @@
 cpufreq: cpufreq_online: CPU0: Running at unlisted freq: 696000 KHz
 cpufreq: cpufreq_online: CPU0: Unlisted initial frequency changed to: 714000 KHz
 input: gpio-keys as /devices/soc0/gpio-keys/input/input2
-as3722-rtc as3722-rtc: setting system clock to 2000-01-01 00:00:17 UTC (946684817)
+as3722-rtc as3722-rtc: setting system clock to 2000-01-01 00:00:16 UTC (946684816)
 +USB0_VBUS_SW: disabling
 +1.8V_RUN_CAM: disabling
 +2.8V_RUN_CAM: disabling
@@ -451,7 +451,7 @@
 +2.8V_RUN_CAM_AF: disabling
 +1.8V_RUN_VPP_FUSE: disabling
 ALSA device list:
-  #0: tegra-hda at 0x70038000 irq 346
+  #0: tegra-hda at 0x70038000 irq 344
   #1: NVIDIA Tegra Jetson TK1
 EXT4-fs (mmcblk0p1): mounting ext3 file system using the ext4 subsystem
 EXT4-fs (mmcblk0p1): recovery complete
Diff for ./tegra124-nyan-big/tegra124-nyan-big/multi_v7_defconfig_log.txt
--- /tmp/fooa	2016-07-22 00:42:48.407248299 -0700
+++ /tmp/foob	2016-07-22 00:42:48.411248305 -0700
@@ -5,7 +5,7 @@
 TEGRA124
 Model: Acer Chromebook 13 CB5-311
 DRAM:  4 GiB
-:   Tegra SD/MMC: 0, Tegra SD/MMC: 1, Tegra SD/MMC: 2
+C:   Tegra SD/MMC: 0, Tegra SD/MMC: 1, Tegra SD/MMC: 2
 MMC init failed
 Using default environment
 
@@ -14,7 +14,7 @@
 Err:   serial
 Net:   Net Initialization Skipped
 No ethernet found.
-Hit any key to stop autoboot:  2  0 
+Hit any key to stop autoboot:  2  1  0 
 Tegra124 (Nyan-big) # 
 Tegra124 (Nyan-big) # usb start
 starting USB...
@@ -41,20 +41,20 @@
 	 #################################################################
 	 #################################################################
 	 ############################
-	 2.8 MiB/s
+	 3.6 MiB/s
 done
-Bytes transferred = 7087600 (6c25f0 hex)
+Bytes transferred = 7086368 (6c2120 hex)
 Tegra124 (Nyan-big) # tftpboot 0x83000000 tegra124-nyan-big.dtb
 Using asx0 device
 TFTP from server 192.168.100.1; our IP address is 192.168.100.102
 Filename 'tegra124-nyan-big.dtb'.
 Load address: 0x83000000
 Loading: *#####
-	 2.7 MiB/s
+	 3.4 MiB/s
 done
 Bytes transferred = 66821 (10505 hex)
 Tegra124 (Nyan-big) # bootz 0x82000000 - 0x83000000
-Kernel image @ 0x82000000 [ 0x000000 - 0x6c25f0 ]
+Kernel image @ 0x82000000 [ 0x000000 - 0x6c2120 ]
 ## Flattened Device Tree blob at 83000000
    Booting using the fdt blob at 0x83000000
    Using Device Tree in place at 83000000, end 83013504
@@ -62,7 +62,7 @@
 Starting kernel ...
 
 Booting Linux on physical CPU 0x0
-Linux version 4.7.0-rc7-next-20160721-108564-g58d3615 (pwalmsley@sellafield) (gcc version 4.7.3 20130328 (prerelease) (crosstool-NG linaro-1.13.1-4.7-2013.04-20130415 - Linaro GCC 2013.04) ) #1 SMP Thu Jul 21 00:04:13 PDT 2016
+Linux version 4.7.0-rc7-next-20160722-108808-g1312304 (pwalmsley@sellafield) (gcc version 4.7.3 20130328 (prerelease) (crosstool-NG linaro-1.13.1-4.7-2013.04-20130415 - Linaro GCC 2013.04) ) #1 SMP Fri Jul 22 00:35:00 PDT 2016
 CPU: ARMv7 Processor [413fc0f3] revision 3 (ARMv7), cr=10c5387d
 CPU: div instructions available: patching division code
 CPU: PIPT / VIPT nonaliasing data cache, PIPT instruction cache
@@ -72,7 +72,7 @@
 cma: Reserved 64 MiB at 0xfb800000
 Memory policy: Data cache writealloc
 On node 0 totalpages: 524287
-free_area_init_node: node 0, pgdat c141cf00, node_mem_map eeffa000
+free_area_init_node: node 0, pgdat c141cf40, node_mem_map eeffa000
   DMA zone: 1536 pages used for memmap
   DMA zone: 0 pages reserved
   DMA zone: 196608 pages, LIFO batch:31
@@ -95,7 +95,7 @@
     modules : 0xbf000000 - 0xbfe00000   (  14 MB)
       .text : 0xc0208000 - 0xc0c00000   (10208 kB)
       .init : 0xc1100000 - 0xc1300000   (2048 kB)
-      .data : 0xc1300000 - 0xc141ed80   (1148 kB)
+      .data : 0xc1300000 - 0xc141edc0   (1148 kB)
        .bss : 0xc1420000 - 0xc1475c48   ( 344 kB)
 SLUB: HWalign=64, Order=0-3, MinObjects=0, CPUs=4, Nodes=1
 Hierarchical RCU implementation.
@@ -291,6 +291,7 @@
 ledtrig-cpu: registered to indicate activity on CPUs
 usbcore: registered new interface driver usbhid
 usbhid: USB HID core driver
+input: Elan Touchpad as /devices/soc0/7000c400.i2c/i2c-1/1-0015/input/input0
 NET: Registered protocol family 10
 sit: IPv6, IPv4 and MPLS over IPv4 tunneling driver
 NET: Registered protocol family 17
@@ -302,7 +303,6 @@
 Key type dns_resolver registered
 ThumbEE CPU extension supported.
 Registering SWP/SWPB emulation handler
-input: Elan Touchpad as /devices/soc0/7000c400.i2c/i2c-1/1-0015/input/input0
 +3.3V_RUN: supplied by +3.3V_SYS
 +3.3V_AVDD_HDMI_AP_GATED: supplied by +3.3V_RUN
 +1.8V_RUN_CAM: supplied by +3.3V_RUN
@@ -314,15 +314,7 @@
 +5V_USB_SS: supplied by +5V_SYS
 +3.3V_PANEL: supplied by +3.3V_RUN
 +3.3V_LP0: supplied by +3.3V_SYS
-mmc0: new high speed MMC card at address 0001
-mmcblk0: mmc0:0001 MMC16G 14.4 GiB 
-mmcblk0boot0: mmc0:0001 MMC16G partition 1 2.00 MiB
-mmcblk0boot1: mmc0:0001 MMC16G partition 2 2.00 MiB
-mmcblk0rpmb: mmc0:0001 MMC16G partition 3 128 KiB
- mmcblk0: p1 p2 p3 p4 p5 p6 p7 p8 p9 p10 p11 p12
 +1.05V_RUN_AVDD_HDMI_PLL: supplied by +1.05V_RUN
-elan_i2c 1-0015: failed to read report data: -121
-elan_i2c 1-0015: failed to read report data: -121
 +5V_HDMI_CON: supplied by +5V_SYS
 usb3-0 supply vbus not found, using dummy regulator
 usb3-1 supply vbus not found, using dummy regulator
@@ -333,12 +325,17 @@
 mmc1: Invalid maximum block size, assuming 512 bytes
 +1.8V_VDDIO: voltage operation not allowed
 mmc1: Switching to 3.3V signalling voltage failed
+mmc0: new high speed MMC card at address 0001
+mmcblk0: mmc0:0001 MMC16G 14.4 GiB 
+mmcblk0boot0: mmc0:0001 MMC16G partition 1 2.00 MiB
+mmcblk0boot1: mmc0:0001 MMC16G partition 2 2.00 MiB
+mmcblk0rpmb: mmc0:0001 MMC16G partition 3 128 KiB
+ mmcblk0: p1 p2 p3 p4 p5 p6 p7 p8 p9 p10 p11 p12
 mmc1: SDHCI controller on 700b0000.sdhci [700b0000.sdhci] using ADMA 64-bit
 sdhci-tegra 700b0400.sdhci: Got CD GPIO
 sdhci-tegra 700b0400.sdhci: Got WP GPIO
 mmc2: Unknown controller version (3). You may experience problems.
 mmc2: Invalid maximum block size, assuming 512 bytes
-elan_i2c 1-0015: invalid report id data (ff)
 mmc1: new high speed SDIO card at address 0001
 mmc2: SDHCI controller on 700b0400.sdhci [700b0400.sdhci] using ADMA 64-bit
 [drm] Supports vblank timestamp caching Rev 2 (21.10.2013).
Diff for ./tegra124-nyan-big/tegra124-nyan-big/tegra_defconfig_log.txt
--- /tmp/fooa	2016-07-22 00:42:48.415248310 -0700
+++ /tmp/foob	2016-07-22 00:42:48.419248314 -0700
@@ -33,26 +33,26 @@
 TFTP from server 192.168.100.1; our IP address is 192.168.100.102
 Filename 'zImage.tegra_defconfig'.
 Load address: 0x82000000
-Loading: *############T T ######################################################
+Loading: *#################################################################
 	 #################################################################
 	 #################################################################
 	 #################################################################
 	 #################################################################
 	 ############################################
-	 446.3 KiB/s
+	 3.4 MiB/s
 done
-Bytes transferred = 5408144 (528590 hex)
+Bytes transferred = 5406832 (528070 hex)
 Tegra124 (Nyan-big) # tftpboot 0x83000000 tegra124-nyan-big.dtb
 Using asx0 device
 TFTP from server 192.168.100.1; our IP address is 192.168.100.102
 Filename 'tegra124-nyan-big.dtb'.
 Load address: 0x83000000
 Loading: *#####
-	 3.4 MiB/s
+	 3 MiB/s
 done
 Bytes transferred = 66821 (10505 hex)
 Tegra124 (Nyan-big) # bootz 0x82000000 - 0x83000000
-Kernel image @ 0x82000000 [ 0x000000 - 0x528590 ]
+Kernel image @ 0x82000000 [ 0x000000 - 0x528070 ]
 ## Flattened Device Tree blob at 83000000
    Booting using the fdt blob at 0x83000000
    Using Device Tree in place at 83000000, end 83013504
@@ -174,8 +174,8 @@
 +1.8V_RUN_CAM: supplied by +3.3V_RUN
 +VDDIO_SDMMC3: supplied by +3.3V_RUN
 +1.8V_RUN_VPP_FUSE: supplied by +3.3V_RUN
-+VDD_LED: supplied by +VDD_MUX
 input: tegra-hda HDMI/DP,pcm=3 as /devices/soc0/70030000.hda/sound/card0/input3
++VDD_LED: supplied by +VDD_MUX
 +5V_VDD_TS_SW: supplied by +5V_SYS
 +5V_USB_HS: supplied by +5V_SYS
 +5V_USB_SS: supplied by +5V_SYS
@@ -216,17 +216,17 @@
 usb 1-2: new high-speed USB device number 2 using tegra-xusb
 mmc2: new high speed SDHC card at address 0007
 mmcblk2: mmc2:0007 SD08G 7.42 GiB 
-Console: switching to colour frame buffer device 170x48
 GPT:Primary header alternate_lba != Alt. header my_lba
 GPT:3014591 != 15564799
 GPT:Primary header thinks Alt. header is not at the end of the disk.
 GPT:3014591 != 15564799
 GPT: Use GNU Parted to correct GPT errors.
  mmcblk2: p1 p2 p3 p4 p5 p6 p7 p8 p9 p10 p11 p12
+Console: switching to colour frame buffer device 170x48
 drm drm: fb0:  frame buffer device
 [drm] Initialized tegra 0.0.0 20120330 on minor 0
 input: gpio-keys as /devices/soc0/gpio-keys/input/input4
-as3722-rtc as3722-rtc: setting system clock to 2000-01-01 00:00:35 UTC (946684835)
+as3722-rtc as3722-rtc: setting system clock to 2000-01-01 00:00:24 UTC (946684824)
 +1.8V_RUN_CAM: disabling
 +1.2V_RUN_CAM_FRONT: disabling
 +1.05V_RUN_CAM_REAR: disabling
@@ -247,7 +247,7 @@
 Freeing unused kernel memory: 1024K (c0c00000 - c0d00000)
 bash: cannot set terminal process group (-1): Inappropriate ioctl for device
 bash: no job control in this shell
-root@(none):/# [    5.734715] usb 1-3: new high-speed USB device number 3 using tegra-xusb
+root@(none):/# [    5.704718] usb 1-3: new high-speed USB device number 3 using tegra-xusb
 asix 1-3:1.0 eth0: register 'asix' at usb-70090000.usb-3, ASIX AX88772 USB 2.0 Ethernet, c8:d7:19:90:fa:65
 usb 1-1: new high-speed USB device number 4 using tegra-xusb
 usb-storage 1-1:1.0: USB Mass Storage device detected
Diff for ./tegra132-norrin/tegra132-norrin/defconfig_log.txt
--- /tmp/fooa	2016-07-22 00:42:48.423248318 -0700
+++ /tmp/foob	2016-07-22 00:42:48.427248325 -0700
@@ -31,7 +31,7 @@
 MSENC clock is set to  79200 KHz
 Vde clock is set to 204000 KHz
 
-Bootloader-Cpu Init at (time stamp): 1800388 us
+Bootloader-Cpu Init at (time stamp): 1800735 us
 
 Pinmux changes applied in kernel way
 
@@ -62,22 +62,22 @@
 Board Id Read Time: 3 us
 Power Rail enable Time: 1 us
 
-Miscellaneous avp time: 1800362  us
-Bootloader (AosInit) time: 733473 us
-Bootloader Main Init time: 180418 us
-BlockDevMgrInit time: 157680 us
+Miscellaneous avp time: 1800709  us
+Bootloader (AosInit) time: 734246 us
+Bootloader Main Init time: 180088 us
+BlockDevMgrInit time: 157517 us
 PartMgrInit time: 8 us
-StorMgrInit time: 30 us
-FsMgrInit time: 3 us
-Partition Table load: 76892 us 
-Display init time: 574452 us
-Kernel read time: 368 msec
+StorMgrInit time: 31 us
+FsMgrInit time: 2 us
+Partition Table load: 76703 us 
+Display init time: 574680 us
+Kernel read time: 369 msec
 Load Kernel Size:   16001024 Bytes
-Bl Kernel ReadSpeed: 43481000 Bytes/sec
-Pre-Kernel Jump time: 1712484 us
-Clearing 32 Bit State and Warm resetting to 64bit mode: 5804631 us
+Bl Kernel ReadSpeed: 43363000 Bytes/sec
+Pre-Kernel Jump time: 1711866 us
+Clearing 32 Bit State and Warm resetting to 64bit mode: 5805979 us
 Booting Linux on physical CPU 0x0
-Linux version 4.7.0-rc7-next-20160721+ (pwalmsley@tamien) (gcc version 4.9.2 20140904 (prerelease) (crosstool-NG linaro-1.13.1-4.9-2014.09 - Linaro GCC 4.9-2014.09) ) #1 SMP PREEMPT Thu Jul 21 00:06:39 PDT 2016
+Linux version 4.7.0-rc7-next-20160722+ (pwalmsley@tamien) (gcc version 4.9.2 20140904 (prerelease) (crosstool-NG linaro-1.13.1-4.9-2014.09 - Linaro GCC 4.9-2014.09) ) #1 SMP PREEMPT Fri Jul 22 00:37:15 PDT 2016
 Boot CPU: AArch64 Processor [4e0f0000]
 Memory limited to 1734MB
 efi: Getting EFI parameters from FDT:
@@ -252,6 +252,8 @@
 mmc0: new high speed MMC card at address 0001
 registered taskstats version 1
 +VDD_LED: supplied by +VDD_MUX
+mmcblk0: mmc0:0001 SEM16G 14.7 GiB 
+mmcblk0boot0: mmc0:0001 SEM16G partition 1 4.00 MiB
 +5V_USB_HS: supplied by +5V_SYS
 +5V_USB_SS: supplied by +5V_SYS
 +5V_HDMI_CON: supplied by +5V_SYS
@@ -272,8 +274,6 @@
 ALSA device list:
   No soundcards found.
 Freeing unused kernel memory: 960K (ffff800000bc0000 - ffff800000cb0000)
-mmcblk0: mmc0:0001 SEM16G 14.7 GiB 
-mmcblk0boot0: mmc0:0001 SEM16G partition 1 4.00 MiB
 mmcblk0boot1: mmc0:0001 SEM16G partition 2 4.00 MiB
 mmcblk0rpmb: mmc0:0001 SEM16G partition 3 4.00 MiB
  mmcblk0: p1 p2 p3 p4 p5 p6 p7 p8
Diff for ./tegra20-trimslice/tegra20-trimslice/multi_v7_defconfig_log.txt
--- /tmp/fooa	2016-07-22 00:42:48.431248331 -0700
+++ /tmp/foob	2016-07-22 00:42:48.431248331 -0700
@@ -47,20 +47,20 @@
 	 #################################################################
 	 #################################################################
 	 ############################
-	 898.4 KiB/s
+	 4 MiB/s
 done
-Bytes transferred = 7087600 (6c25f0 hex)
+Bytes transferred = 7086368 (6c2120 hex)
 Tegra20 (TrimSlice) # tftpboot 0x02408000 tegra20-trimslice.dtb
 Using RTL8169#0 device
 TFTP from server 192.168.100.1; our IP address is 192.168.100.103
 Filename 'tegra20-trimslice.dtb'.
 Load address: 0x2408000
 Loading: *##
-	 861.3 KiB/s
+	 3.4 MiB/s
 done
 Bytes transferred = 21172 (52b4 hex)
 Tegra20 (TrimSlice) # bootz 0x00408000 - 0x02408000
-Kernel image @ 0x408000 [ 0x000000 - 0x6c25f0 ]
+Kernel image @ 0x408000 [ 0x000000 - 0x6c2120 ]
 ## Flattened Device Tree blob at 02408000
    Booting using the fdt blob at 0x2408000
    Using Device Tree in place at 02408000, end 024102b3
@@ -68,7 +68,7 @@
 Starting kernel ...
 
 Booting Linux on physical CPU 0x0
-Linux version 4.7.0-rc7-next-20160721-108564-g58d3615 (pwalmsley@sellafield) (gcc version 4.7.3 20130328 (prerelease) (crosstool-NG linaro-1.13.1-4.7-2013.04-20130415 - Linaro GCC 2013.04) ) #1 SMP Thu Jul 21 00:04:13 PDT 2016
+Linux version 4.7.0-rc7-next-20160722-108808-g1312304 (pwalmsley@sellafield) (gcc version 4.7.3 20130328 (prerelease) (crosstool-NG linaro-1.13.1-4.7-2013.04-20130415 - Linaro GCC 2013.04) ) #1 SMP Fri Jul 22 00:35:00 PDT 2016
 CPU: ARMv7 Processor [411fc090] revision 0 (ARMv7), cr=10c5387d
 CPU: PIPT / VIPT nonaliasing data cache, VIPT aliasing instruction cache
 OF: fdt:Machine model: Compulab TrimSlice board
@@ -76,7 +76,7 @@
 cma: Reserved 64 MiB at 0x3c000000
 Memory policy: Data cache writealloc
 On node 0 totalpages: 262144
-free_area_init_node: node 0, pgdat c141cf00, node_mem_map ef7fa000
+free_area_init_node: node 0, pgdat c141cf40, node_mem_map ef7fa000
   DMA zone: 1536 pages used for memmap
   DMA zone: 0 pages reserved
   DMA zone: 196608 pages, LIFO batch:31
@@ -99,7 +99,7 @@
     modules : 0xbf000000 - 0xbfe00000   (  14 MB)
       .text : 0xc0208000 - 0xc0c00000   (10208 kB)
       .init : 0xc1100000 - 0xc1300000   (2048 kB)
-      .data : 0xc1300000 - 0xc141ed80   (1148 kB)
+      .data : 0xc1300000 - 0xc141edc0   (1148 kB)
        .bss : 0xc1420000 - 0xc1475c48   ( 344 kB)
 SLUB: HWalign=64, Order=0-3, MinObjects=0, CPUs=2, Nodes=1
 Hierarchical RCU implementation.
@@ -322,17 +322,17 @@
 tegra-ehci c5000000.usb: new USB bus registered, assigned bus number 2
 tegra-ehci c5000000.usb: irq 288, io mem 0xc5000000
 mmc0: host does not support reading read-only switch, assuming write-enable
-usb 1-1: new high-speed USB device number 2 using tegra-ehci
-mmc1: new high speed SD card at address b368
 mmc0: new high speed SDHC card at address b368
+mmcblk0: mmc0:b368 NCard 3.70 GiB 
+usb 1-1: new high-speed USB device number 2 using tegra-ehci
+ mmcblk0: p1
 tegra-ehci c5000000.usb: USB 2.0 started, EHCI 1.00
-mmcblk1: mmc1:b368 NCard 1.83 GiB (ro)
 hub 2-0:1.0: USB hub found
 hub 2-0:1.0: 1 port detected
-mmcblk0: mmc0:b368 NCard 3.70 GiB 
+mmc1: new high speed SD card at address b368
 input: gpio-keys as /devices/soc0/gpio-keys/input/input0
+mmcblk1: mmc1:b368 NCard 1.83 GiB (ro)
 rtc-em3027 2-0056: hctosys: unable to read the hardware clock
- mmcblk0: p1
  mmcblk1: p1 p2
 EXT4-fs (mmcblk0p1): mounting ext3 file system using the ext4 subsystem
 hub 1-1:1.0: USB hub found
@@ -341,7 +341,7 @@
 EXT4-fs (mmcblk0p1): recovery complete
 asix 1-1.2:1.0 eth1: register 'asix' at usb-c5008000.usb-1.2, ASIX AX88772 USB 2.0 Ethernet, 00:60:6e:60:6c:68
 EXT4-fs (mmcblk0p1): mounted filesystem with ordered data mode. Opts: (null)
-VFS: Mounted root (ext3 filesystem) on device 179:17.
+VFS: Mounted root (ext3 filesystem) on device 179:1.
 devtmpfs: mounted
 Freeing unused kernel memory: 2048K (c1100000 - c1300000)
 bash: cannot set terminal process group (-1): Inappropriate ioctl for device
Diff for ./tegra20-trimslice/tegra20-trimslice/tegra_defconfig_log.txt
--- /tmp/fooa	2016-07-22 00:42:48.439248339 -0700
+++ /tmp/foob	2016-07-22 00:42:48.439248339 -0700
@@ -19,7 +19,7 @@
 Out:   serial
 Err:   serial
 Net:   RTL8169#0
-Hit any key to stop autoboot:  2  1  0 
+Hit any key to stop autoboot:  2  0 
 Tegra20 (TrimSlice) # 
 Tegra20 (TrimSlice) # usb reset
 resetting USB...
@@ -45,20 +45,20 @@
 	 #################################################################
 	 #################################################################
 	 ############################################
-	 907.2 KiB/s
+	 4 MiB/s
 done
-Bytes transferred = 5408144 (528590 hex)
+Bytes transferred = 5406832 (528070 hex)
 Tegra20 (TrimSlice) # tftpboot 0x02408000 tegra20-trimslice.dtb
 Using RTL8169#0 device
 TFTP from server 192.168.100.1; our IP address is 192.168.100.103
 Filename 'tegra20-trimslice.dtb'.
 Load address: 0x2408000
 Loading: *##
-	 861.3 KiB/s
+	 3.4 MiB/s
 done
 Bytes transferred = 21172 (52b4 hex)
 Tegra20 (TrimSlice) # bootz 0x00408000 - 0x02408000
-Kernel image @ 0x408000 [ 0x000000 - 0x528590 ]
+Kernel image @ 0x408000 [ 0x000000 - 0x528070 ]
 ## Flattened Device Tree blob at 02408000
    Booting using the fdt blob at 0x2408000
    Using Device Tree in place at 02408000, end 024102b3
@@ -67,7 +67,7 @@
 
 Uncompressing Linux... done, booting the kernel.
 Booting Linux on physical CPU 0x0
-Linux version 4.7.0-rc7-next-20160721-108564-g58d3615 (pwalmsley@kaivo) (gcc version 4.7.3 20130328 (prerelease) (crosstool-NG linaro-1.13.1-4.7-2013.04-20130415 - Linaro GCC 2013.04) ) #1 SMP PREEMPT Thu Jul 21 00:04:11 PDT 2016
+Linux version 4.7.0-rc7-next-20160722-108808-g1312304 (pwalmsley@kaivo) (gcc version 4.7.3 20130328 (prerelease) (crosstool-NG linaro-1.13.1-4.7-2013.04-20130415 - Linaro GCC 2013.04) ) #1 SMP PREEMPT Fri Jul 22 00:34:39 PDT 2016
 CPU: ARMv7 Processor [411fc090] revision 0 (ARMv7), cr=10c5387d
 CPU: PIPT / VIPT nonaliasing data cache, VIPT aliasing instruction cache
 OF: fdt:Machine model: Compulab TrimSlice board
@@ -89,7 +89,7 @@
 PID hash table entries: 4096 (order: 2, 16384 bytes)
 Dentry cache hash table entries: 131072 (order: 7, 524288 bytes)
 Inode-cache hash table entries: 65536 (order: 6, 262144 bytes)
-Memory: 960768K/1048576K available (8192K kernel code, 375K rwdata, 2440K rodata, 1024K init, 366K bss, 22272K reserved, 65536K cma-reserved, 196608K highmem)
+Memory: 960768K/1048576K available (8192K kernel code, 375K rwdata, 2444K rodata, 1024K init, 366K bss, 22272K reserved, 65536K cma-reserved, 196608K highmem)
 Virtual kernel memory layout:
     vector  : 0xffff0000 - 0xffff1000   (   4 kB)
     fixmap  : 0xffc00000 - 0xfff00000   (3072 kB)
@@ -306,11 +306,11 @@
 tlv320aic23-codec 2-001a: ASoC: no dapm match for MICIN --> NULL --> Mic Input
 tlv320aic23-codec 2-001a: ASoC: Failed to add route MICIN -> NULL -> Mic Input
 tegra-snd-trimslice sound: tlv320aic23-hifi <-> 70002800.i2s mapping ok
+usb 1-1: new high-speed USB device number 2 using tegra-ehci
 mmc0: host does not support reading read-only switch, assuming write-enable
 mmc0: new high speed SDHC card at address b368
 mmcblk0: mmc0:b368 NCard 3.70 GiB 
  mmcblk0: p1
-usb 1-1: new high-speed USB device number 2 using tegra-ehci
 mmc1: new high speed SD card at address b368
 mmcblk1: mmc1:b368 NCard 1.83 GiB (ro)
  mmcblk1: p1 p2
@@ -322,10 +322,10 @@
 NET: Registered protocol family 17
 NET: Registered protocol family 15
 can: controller area network core (rev 20120528 abi 9)
-usb 1-1.2: new high-speed USB device number 3 using tegra-ehci
 NET: Registered protocol family 29
 can: raw protocol (rev 20120528)
 can: broadcast manager protocol (rev 20160617 t)
+usb 1-1.2: new high-speed USB device number 3 using tegra-ehci
 can: netlink gateway (rev 20130117) max_hops=1
 Bluetooth: RFCOMM socket layer initialized
 Bluetooth: RFCOMM ver 1.11
Diff for ./tegra210-p2371-0000/tegra210-p2371-0000/defconfig_log.txt
--- /tmp/fooa	2016-07-22 00:42:48.447248350 -0700
+++ /tmp/foob	2016-07-22 00:42:48.447248350 -0700
@@ -64,17 +64,17 @@
 Loading and Validation of Secure OS Successful
 NvTbootPackSdramParams: start. 
 NvTbootPackSdramParams: done. 
-Tegraboot started after 758828 us
-Basic modules init took 348485 us
+Tegraboot started after 775889 us
+Basic modules init took 348534 us
 Sec Bootdevice Read Time = 202 ms, Read Size = 8459 KB
-Next stage binary read took 14365 us
-Carveout took 252733 us
-CPU initialization took 92308 us
-Total time taken by TegraBoot 707891 us
+Next stage binary read took 14371 us
+Carveout took 252721 us
+CPU initialization took 92327 us
+Total time taken by TegraBoot 707953 us
 
 Starting CPU & Halting co-processor 
 
-64b[0001.597] LPDDR4 Training: Number of tables = 10
+64b[0001.614] LPDDR4 Training: Number of tables = 10
 EMC Training (SRC-freq: 204000; DST-freq: 408000)
 EMC Training Successful
 EMC Training (SRC-freq: 204000; DST-freq: 665600)
@@ -108,7 +108,7 @@
 Tegra210 (P2371-0000) # 
 Tegra210 (P2371-0000) # ums 0 mmc 0
 UMS: disk start sector: 0x0, count: 0x1d5a000
-|/-\|/-\/-\|/-\/-\|/-\/-\|/-\/-\|/-\/-\|/-\/-\|/-\/-\|/-\/-\|/-\/-\|/-\/-\|/-\/-\|/-\/CTRL+C - Operation aborted
+|/-\|/-\/-\|/-\/-\|/-\/-\|/-\/-\|/-\/-\|/-\/-\|/-\/-\|/-\/-\|/-\/-\|/-\/-\|/-\/-\|CTRL+C - Operation aborted
 Tegra210 (P2371-0000) # 
 Tegra210 (P2371-0000) # env set fdt_copy_node_names /cpus:/psci
 Tegra210 (P2371-0000) # setenv rootpart 1
@@ -131,7 +131,7 @@
 Starting kernel ...
 
 Booting Linux on physical CPU 0x0
-Linux version 4.7.0-rc7-next-20160721+ (pwalmsley@tamien) (gcc version 4.9.2 20140904 (prerelease) (crosstool-NG linaro-1.13.1-4.9-2014.09 - Linaro GCC 4.9-2014.09) ) #1 SMP PREEMPT Thu Jul 21 00:06:39 PDT 2016
+Linux version 4.7.0-rc7-next-20160722+ (pwalmsley@tamien) (gcc version 4.9.2 20140904 (prerelease) (crosstool-NG linaro-1.13.1-4.9-2014.09 - Linaro GCC 4.9-2014.09) ) #1 SMP PREEMPT Fri Jul 22 00:37:15 PDT 2016
 Boot CPU: AArch64 Processor [411fd071]
 debug: ignoring loglevel setting.
 earlycon: uart8250 at MMIO32 0x0000000070006000 (options '')
@@ -266,7 +266,7 @@
 kvm [1]: virtual timer IRQ4
 futex hash table entries: 1024 (order: 5, 131072 bytes)
 audit: initializing netlink subsys (disabled)
-audit: type=2000 audit(0.447:1): initialized
+audit: type=2000 audit(0.451:1): initialized
 workingset: timestamp_bits=46 max_order=20 bucket_order=0
 squashfs: version 4.0 (2009/01/31) Phillip Lougher
 NFS: Registering the id_resolver key type
Diff for ./tegra210-smaug/tegra210-smaug/defconfig_log.txt
--- /tmp/fooa	2016-07-22 00:42:48.455248360 -0700
+++ /tmp/foob	2016-07-22 00:42:48.455248360 -0700
@@ -1,9 +1,3 @@
-0] Boot CPU: AArch64 Processor [411fd071]
-earlycon: uart0 at MMIO 0x0000000070006000 (options '115200n8')
-bootconsole [uart0] enabled
-efi: Getting EFI parameters from FDT:
-efi: UEFI not found.
-cma: Reserved 16 MiB at 0x00000000f5400000
 psci: probing for conduit method from DT.
 psci: PSCIv1.0 detected in firmware.
 psci: Using standard PSCI v0.2 function IDs
@@ -60,7 +54,7 @@
  (comparison mask = 0xf8000000)
 boot misc2 0x0: expected 0xf400f0da
  (comparison mask = 0xffffffff)
-boot misc3 0xf290: expected 0x2004f400
+boot misc3 0xf648: expected 0x2004f400
  (comparison mask = 0xffffffff)
 PLL_P already enabled. Postponing set full defaults
 PLL_X already enabled. Postponing set full defaults
@@ -73,7 +67,7 @@
 console [tty0] enabled
 bootconsole [uart0] disabled
 Booting Linux on physical CPU 0x0
-Linux version 4.7.0-rc7-next-20160721+ (pwalmsley@tamien) (gcc version 4.9.2 20140904 (prerelease) (crosstool-NG linaro-1.13.1-4.9-2014.09 - Linaro GCC 4.9-2014.09) ) #1 SMP PREEMPT Thu Jul 21 00:06:39 PDT 2016
+Linux version 4.7.0-rc7-next-20160722+ (pwalmsley@tamien) (gcc version 4.9.2 20140904 (prerelease) (crosstool-NG linaro-1.13.1-4.9-2014.09 - Linaro GCC 4.9-2014.09) ) #1 SMP PREEMPT Fri Jul 22 00:37:15 PDT 2016
 Boot CPU: AArch64 Processor [411fd071]
 earlycon: uart0 at MMIO 0x0000000070006000 (options '115200n8')
 bootconsole [uart0] enabled
@@ -136,7 +130,7 @@
  (comparison mask = 0xf8000000)
 boot misc2 0x0: expected 0xf400f0da
  (comparison mask = 0xffffffff)
-boot misc3 0xf290: expected 0x2004f400
+boot misc3 0xf648: expected 0x2004f400
  (comparison mask = 0xffffffff)
 PLL_P already enabled. Postponing set full defaults
 PLL_X already enabled. Postponing set full defaults
@@ -222,7 +216,7 @@
 kvm [1]: virtual timer IRQ4
 futex hash table entries: 1024 (order: 5, 131072 bytes)
 audit: initializing netlink subsys (disabled)
-audit: type=2000 audit(0.287:1): initialized
+audit: type=2000 audit(0.279:1): initialized
 workingset: timestamp_bits=46 max_order=20 bucket_order=0
 squashfs: version 4.0 (2009/01/31) Phillip Lougher
 NFS: Registering the id_resolver key type
@@ -292,8 +286,13 @@
 Key type dns_resolver registered
 registered taskstats version 1
 input: gpio-keys as /devices/platform/gpio-keys/input/input0
-max77686-rtc max77620-rtc: setting system clock to 2000-05-01 12:37:12 UTC (957184632)
 mmc0: new high speed MMC card at address 0001
+max77686-rtc max77620-rtc: setting system clock to 2000-05-02 13:07:56 UTC (957272876)
+mmcblk0: mmc0:0001 BGND3R 29.1 GiB 
+mmcblk0boot0: mmc0:0001 BGND3R partition 1 4.00 MiB
+mmcblk0boot1: mmc0:0001 BGND3R partition 2 4.00 MiB
+mmcblk0rpmb: mmc0:0001 BGND3R partition 3 4.00 MiB
+ mmcblk0: p1 p2 p3 p4 p5 p6 p7 p8 p9 p10 p11
 USBC_VBUS: disabling
 PP1200_AVDD: disabling
 PP1200_RCAM: disabling
@@ -306,12 +305,7 @@
 PP1800_CAM: disabling
 ALSA device list:
   No soundcards found.
-mmcblk0: mmc0:0001 BGND3R 29.1 GiB 
 Freeing unused kernel memory: 960K (ffff800000bc0000 - ffff800000cb0000)
-mmcblk0boot0: mmc0:0001 BGND3R partition 1 4.00 MiB
-mmcblk0boot1: mmc0:0001 BGND3R partition 2 4.00 MiB
-mmcblk0rpmb: mmc0:0001 BGND3R partition 3 4.00 MiB
- mmcblk0: p1 p2 p3 p4 p5 p6 p7 p8 p9 p10 p11
 
 System initialization...
 
Diff for ./tegra30-beaver/tegra30-beaver/multi_v7_defconfig_log.txt
--- /tmp/fooa	2016-07-22 00:42:48.463248369 -0700
+++ /tmp/foob	2016-07-22 00:42:48.463248369 -0700
@@ -39,20 +39,20 @@
 	 #################################################################
 	 #################################################################
 	 ############################
-	 3.1 MiB/s
+	 3.3 MiB/s
 done
-Bytes transferred = 7087600 (6c25f0 hex)
+Bytes transferred = 7086368 (6c2120 hex)
 Tegra30 (Beaver) # tftpboot 0x82000000 tegra30-beaver.dtb
 Using asx0 device
 TFTP from server 192.168.100.1; our IP address is 192.168.100.101
 Filename 'tegra30-beaver.dtb'.
 Load address: 0x82000000
 Loading: *####
-	 3.3 MiB/s
+	 2.9 MiB/s
 done
 Bytes transferred = 51572 (c974 hex)
 Tegra30 (Beaver) # bootz 0x81000000 - 0x82000000
-Kernel image @ 0x81000000 [ 0x000000 - 0x6c25f0 ]
+Kernel image @ 0x81000000 [ 0x000000 - 0x6c2120 ]
 ## Flattened Device Tree blob at 82000000
    Booting using the fdt blob at 0x82000000
    Loading Device Tree to 8fff0000, end 8ffff973 ... OK
@@ -60,7 +60,7 @@
 Starting kernel ...
 
 Booting Linux on physical CPU 0x0
-Linux version 4.7.0-rc7-next-20160721-108564-g58d3615 (pwalmsley@sellafield) (gcc version 4.7.3 20130328 (prerelease) (crosstool-NG linaro-1.13.1-4.7-2013.04-20130415 - Linaro GCC 2013.04) ) #1 SMP Thu Jul 21 00:04:13 PDT 2016
+Linux version 4.7.0-rc7-next-20160722-108808-g1312304 (pwalmsley@sellafield) (gcc version 4.7.3 20130328 (prerelease) (crosstool-NG linaro-1.13.1-4.7-2013.04-20130415 - Linaro GCC 2013.04) ) #1 SMP Fri Jul 22 00:35:00 PDT 2016
 CPU: ARMv7 Processor [412fc099] revision 9 (ARMv7), cr=10c5387d
 CPU: PIPT / VIPT nonaliasing data cache, VIPT aliasing instruction cache
 OF: fdt:Machine model: NVIDIA Tegra30 Beaver evaluation board
@@ -68,7 +68,7 @@
 cma: Reserved 64 MiB at 0xfb800000
 Memory policy: Data cache writealloc
 On node 0 totalpages: 524032
-free_area_init_node: node 0, pgdat c141cf00, node_mem_map eeffa000
+free_area_init_node: node 0, pgdat c141cf40, node_mem_map eeffa000
   DMA zone: 1536 pages used for memmap
   DMA zone: 0 pages reserved
   DMA zone: 196608 pages, LIFO batch:31
@@ -91,7 +91,7 @@
     modules : 0xbf000000 - 0xbfe00000   (  14 MB)
       .text : 0xc0208000 - 0xc0c00000   (10208 kB)
       .init : 0xc1100000 - 0xc1300000   (2048 kB)
-      .data : 0xc1300000 - 0xc141ed80   (1148 kB)
+      .data : 0xc1300000 - 0xc141edc0   (1148 kB)
        .bss : 0xc1420000 - 0xc1475c48   ( 344 kB)
 SLUB: HWalign=64, Order=0-3, MinObjects=0, CPUs=4, Nodes=1
 Hierarchical RCU implementation.
@@ -296,21 +296,21 @@
 usb1_vbus: supplied by vdd_5v_in
 usb3_vbus: supplied by vdd_5v_in
 sys_3v3,vdd_3v3_alw: supplied by vdd_5v_in
-mmc0: new ultra high speed DDR50 SDHC card at address aaaa
 +VDD_5V_HDMI: supplied by sys_3v3,vdd_3v3_alw
-mmcblk0: mmc0:aaaa SS04G 3.69 GiB 
 sys_3v3_pexs: supplied by sys_3v3,vdd_3v3_alw
 tegra-pcie 3000.pcie-controller: 2x3 configuration
+tegra-pcie 3000.pcie-controller: probing port 0, using 2 lanes
+mmc0: new ultra high speed DDR50 SDHC card at address aaaa
+mmcblk0: mmc0:aaaa SS04G 3.69 GiB 
 mmc1: new high speed MMC card at address 0001
 mmcblk1: mmc1:0001 SEM16G 14.8 GiB 
 mmcblk1boot0: mmc1:0001 SEM16G partition 1 1.00 MiB
 mmcblk1boot1: mmc1:0001 SEM16G partition 2 1.00 MiB
+tegra-pcie 3000.pcie-controller: probing port 2, using 2 lanes
 mmcblk1rpmb: mmc1:0001 SEM16G partition 3 128 KiB
+ mmcblk0: p1 p2 p3
 Primary GPT is invalid, using alternate GPT.
  mmcblk1: p1 p2 p3 p4 p5
- mmcblk0: p1 p2 p3
-tegra-pcie 3000.pcie-controller: probing port 0, using 2 lanes
-tegra-pcie 3000.pcie-controller: probing port 2, using 2 lanes
 tegra-pcie 3000.pcie-controller: link 2 down, retrying
 tegra-pcie 3000.pcie-controller: link 2 down, retrying
 tegra-pcie 3000.pcie-controller: link 2 down, retrying
@@ -347,7 +347,7 @@
 pcie_pme 0000:00:01.0:pcie001: service driver pcie_pme loaded
 r8169 Gigabit Ethernet driver 2.3LK-NAPI loaded
 r8169 0000:01:00.0: enabling device (0140 -> 0143)
-r8169 0000:01:00.0 eth0: RTL8168evl/8111evl at 0xf097e000, 02:04:4b:01:60:a6, XID 0c900800 IRQ 375
+r8169 0000:01:00.0 eth0: RTL8168evl/8111evl at 0xf09fa000, 02:04:4b:01:60:a6, XID 0c900800 IRQ 375
 r8169 0000:01:00.0 eth0: jumbo features [frames: 9200 bytes, tx checksumming: ko]
 [drm] Supports vblank timestamp caching Rev 2 (21.10.2013).
 [drm] No driver support for vblank timestamp query.
@@ -381,4 +381,4 @@
 Freeing unused kernel memory: 2048K (c1100000 - c1300000)
 bash: cannot set terminal process group (-1): Inappropriate ioctl for device
 bash: no job control in this shell
-root@(none):/# [    3.938577] usb 2-1: new high-speed USB device number 2 using tegra-ehci
+root@(none):/# [    3.863581] usb 2-1: new high-speed USB device number 2 using tegra-ehci
Diff for ./tegra30-beaver/tegra30-beaver/tegra_defconfig_log.txt
--- /tmp/fooa	2016-07-22 00:42:48.471248379 -0700
+++ /tmp/foob	2016-07-22 00:42:48.475248385 -0700
@@ -37,20 +37,20 @@
 	 #################################################################
 	 #################################################################
 	 ############################################
-	 3.2 MiB/s
+	 3.1 MiB/s
 done
-Bytes transferred = 5408144 (528590 hex)
+Bytes transferred = 5406832 (528070 hex)
 Tegra30 (Beaver) # tftpboot 0x82000000 tegra30-beaver.dtb
 Using asx0 device
 TFTP from server 192.168.100.1; our IP address is 192.168.100.101
 Filename 'tegra30-beaver.dtb'.
 Load address: 0x82000000
 Loading: *####
-	 3.1 MiB/s
+	 2.7 MiB/s
 done
 Bytes transferred = 51572 (c974 hex)
 Tegra30 (Beaver) # bootz 0x81000000 - 0x82000000
-Kernel image @ 0x81000000 [ 0x000000 - 0x528590 ]
+Kernel image @ 0x81000000 [ 0x000000 - 0x528070 ]
 ## Flattened Device Tree blob at 82000000
    Booting using the fdt blob at 0x82000000
    Loading Device Tree to 8fff0000, end 8ffff973 ... OK
@@ -59,7 +59,7 @@
 
 Uncompressing Linux... done, booting the kernel.
 Booting Linux on physical CPU 0x0
-Linux version 4.7.0-rc7-next-20160721-108564-g58d3615 (pwalmsley@kaivo) (gcc version 4.7.3 20130328 (prerelease) (crosstool-NG linaro-1.13.1-4.7-2013.04-20130415 - Linaro GCC 2013.04) ) #1 SMP PREEMPT Thu Jul 21 00:04:11 PDT 2016
+Linux version 4.7.0-rc7-next-20160722-108808-g1312304 (pwalmsley@kaivo) (gcc version 4.7.3 20130328 (prerelease) (crosstool-NG linaro-1.13.1-4.7-2013.04-20130415 - Linaro GCC 2013.04) ) #1 SMP PREEMPT Fri Jul 22 00:34:39 PDT 2016
 CPU: ARMv7 Processor [412fc099] revision 9 (ARMv7), cr=10c5387d
 CPU: PIPT / VIPT nonaliasing data cache, VIPT aliasing instruction cache
 OF: fdt:Machine model: NVIDIA Tegra30 Beaver evaluation board
@@ -81,7 +81,7 @@
 PID hash table entries: 4096 (order: 2, 16384 bytes)
 Dentry cache hash table entries: 131072 (order: 7, 524288 bytes)
 Inode-cache hash table entries: 65536 (order: 6, 262144 bytes)
-Memory: 1999864K/2096128K available (8192K kernel code, 375K rwdata, 2440K rodata, 1024K init, 366K bss, 30728K reserved, 65536K cma-reserved, 1244160K highmem)
+Memory: 1999864K/2096128K available (8192K kernel code, 375K rwdata, 2444K rodata, 1024K init, 366K bss, 30728K reserved, 65536K cma-reserved, 1244160K highmem)
 Virtual kernel memory layout:
     vector  : 0xffff0000 - 0xffff1000   (   4 kB)
     fixmap  : 0xffc00000 - 0xfff00000   (3072 kB)
@@ -273,11 +273,11 @@
 mmcblk1: mmc1:0001 SEM16G 14.8 GiB 
 mmcblk1boot0: mmc1:0001 SEM16G partition 1 1.00 MiB
 mmcblk1boot1: mmc1:0001 SEM16G partition 2 1.00 MiB
-mmc0: new ultra high speed DDR50 SDHC card at address aaaa
 mmcblk1rpmb: mmc1:0001 SEM16G partition 3 128 KiB
-mmcblk0: mmc0:aaaa SS04G 3.69 GiB 
 Primary GPT is invalid, using alternate GPT.
  mmcblk1: p1 p2 p3 p4 p5
+mmc0: new ultra high speed DDR50 SDHC card at address aaaa
+mmcblk0: mmc0:aaaa SS04G 3.69 GiB 
  mmcblk0: p1 p2 p3
 tegra30-i2s 70080400.i2s: DMA channels sourced from device 70080000.ahub
 tegra-snd-rt5640 sound: rt5640-aif1 <-> 70080400.i2s mapping ok
@@ -382,5 +382,4 @@
 Freeing unused kernel memory: 1024K (c0c00000 - c0d00000)
 bash: cannot set terminal process group (-1): Inappropriate ioctl for device
 bash: no job control in this shell
-usb 2-1: new high-speed USB device number 2 using tegra-ehci
-root@(none):/# 
\ No newline at end of file
+root@(none):/# [    7.761020] usb 2-1: new high-speed USB device number 2 using tegra-ehci
