
U-Boot SPL 2014.01-00219-gc4d376f (Feb 18 2014 - 19:57:18)


U-Boot 2014.01-00219-gc4d376f (Feb 18 2014 - 19:57:18)

TEGRA30
Board: NVIDIA Beaver
I2C:   ready
DRAM:  2 GiB
MMC:   Tegra SD/MMC: 0, Tegra SD/MMC: 1
In:    serial
Out:   serial
Err:   serial
Net:   Net Initialization Skipped
No ethernet found.
Hit any key to stop autoboot:  2  0 
Tegra30 (Beaver) # 
Tegra30 (Beaver) # usb reset
(Re)start USB...
USB0:   USB EHCI 1.00
scanning bus 0 for devices... 2 USB Device(s) found
       scanning usb for storage devices... 0 Storage Device(s) found
       scanning usb for ethernet devices... 
Warning: asx0 using MAC address from net device
1 Ethernet Device(s) found
Tegra30 (Beaver) # setenv bootargs 'ignore_loglevel console=ttyS0,115200n8 rw root=/dev/mmcblk0p1 rootwait gpt debug noinitrd earlyprintk init=/bin/bash'
Tegra30 (Beaver) # setenv ipaddr 192.168.100.101; setenv serverip 192.168.100.1; setenv tftpserverip 192.168.100.1
Tegra30 (Beaver) # tftpboot 0x81000000 zImage.multi_v7_defconfig
Using asx0 device
TFTP from server 192.168.100.1; our IP address is 192.168.100.101
Filename 'zImage.multi_v7_defconfig'.
Load address: 0x81000000
Loading: *#################################################################
	 #################################################################
	 #################################################################
	 #################################################################
	 #################################################################
	 #################################################################
	 #################################################################
	 ################
	 3.4 MiB/s
done
Bytes transferred = 6907120 (6964f0 hex)
Tegra30 (Beaver) # tftpboot 0x82000000 tegra30-beaver.dtb
Using asx0 device
TFTP from server 192.168.100.1; our IP address is 192.168.100.101
Filename 'tegra30-beaver.dtb'.
Load address: 0x82000000
Loading: *####
	 3.1 MiB/s
done
Bytes transferred = 51467 (c90b hex)
Tegra30 (Beaver) # bootz 0x81000000 - 0x82000000
Kernel image @ 0x81000000 [ 0x000000 - 0x6964f0 ]
## Flattened Device Tree blob at 82000000
   Booting using the fdt blob at 0x82000000
   Loading Device Tree to 8fff0000, end 8ffff90a ... OK

Starting kernel ...

[    0.000000] Booting Linux on physical CPU 0x0
[    0.000000] Linux version 4.5.0-rc6-next-20160302-78015-ga8c73a7 (pwalmsley@sellafield) (gcc version 4.7.3 20130328 (prerelease) (crosstool-NG linaro-1.13.1-4.7-2013.04-20130415 - Linaro GCC 2013.04) ) #1 SMP Tue Mar 1 23:18:40 PST 2016
[    0.000000] CPU: ARMv7 Processor [412fc099] revision 9 (ARMv7), cr=10c5387d
[    0.000000] CPU: PIPT / VIPT nonaliasing data cache, VIPT aliasing instruction cache
[    0.000000] Machine model: NVIDIA Tegra30 Beaver evaluation board
[    0.000000] debug: ignoring loglevel setting.
[    0.000000] cma: Reserved 64 MiB at 0xfb800000
[    0.000000] Memory policy: Data cache writealloc
[    0.000000] On node 0 totalpages: 524032
[    0.000000] free_area_init_node: node 0, pgdat c1418b40, node_mem_map eeff8000
[    0.000000]   DMA zone: 1536 pages used for memmap
[    0.000000]   DMA zone: 0 pages reserved
[    0.000000]   DMA zone: 196608 pages, LIFO batch:31
[    0.000000]   HighMem zone: 327424 pages, LIFO batch:31
[    0.000000] PERCPU: Embedded 13 pages/cpu @eef8f000 s23808 r8192 d21248 u53248
[    0.000000] pcpu-alloc: s23808 r8192 d21248 u53248 alloc=13*4096
[    0.000000] pcpu-alloc: [0] 0 [0] 1 [0] 2 [0] 3 
[    0.000000] Built 1 zonelists in Zone order, mobility grouping on.  Total pages: 522496
[    0.000000] Kernel command line: ignore_loglevel console=ttyS0,115200n8 rw root=/dev/mmcblk0p1 rootwait gpt debug noinitrd earlyprintk init=/bin/bash
[    0.000000] PID hash table entries: 4096 (order: 2, 16384 bytes)
[    0.000000] Dentry cache hash table entries: 131072 (order: 7, 524288 bytes)
[    0.000000] Inode-cache hash table entries: 65536 (order: 6, 262144 bytes)
[    0.000000] Memory: 1995048K/2096128K available (9521K kernel code, 1130K rwdata, 4100K rodata, 2048K init, 342K bss, 35544K reserved, 65536K cma-reserved, 1244160K highmem)
[    0.000000] Virtual kernel memory layout:
[    0.000000]     vector  : 0xffff0000 - 0xffff1000   (   4 kB)
[    0.000000]     fixmap  : 0xffc00000 - 0xfff00000   (3072 kB)
[    0.000000]     vmalloc : 0xf0800000 - 0xff800000   ( 240 MB)
[    0.000000]     lowmem  : 0xc0000000 - 0xf0000000   ( 768 MB)
[    0.000000]     pkmap   : 0xbfe00000 - 0xc0000000   (   2 MB)
[    0.000000]     modules : 0xbf000000 - 0xbfe00000   (  14 MB)
[    0.000000]       .text : 0xc0208000 - 0xc104d69c   (14614 kB)
[    0.000000]       .init : 0xc1100000 - 0xc1300000   (2048 kB)
[    0.000000]       .data : 0xc1300000 - 0xc141ab80   (1131 kB)
[    0.000000]        .bss : 0xc141c000 - 0xc1471920   ( 343 kB)
[    0.000000] SLUB: HWalign=64, Order=0-3, MinObjects=0, CPUs=4, Nodes=1
[    0.000000] Hierarchical RCU implementation.
[    0.000000] 	Build-time adjustment of leaf fanout to 32.
[    0.000000] 	RCU restricting CPUs from NR_CPUS=16 to nr_cpu_ids=4.
[    0.000000] RCU: Adjusting geometry for rcu_fanout_leaf=32, nr_cpu_ids=4
[    0.000000] NR_IRQS:16 nr_irqs:16 16
[    0.000000] /interrupt-controller@60004000: 160 interrupts forwarded to /interrupt-controller@50041000
[    0.000000] L2C: platform modifies aux control register: 0x02080000 -> 0x3e480001
[    0.000000] L2C: DT/platform modifies aux control register: 0x02080000 -> 0x3e480001
[    0.000000] L2C-310 erratum 769419 enabled
[    0.000000] L2C-310 enabling early BRESP for Cortex-A9
[    0.000000] L2C-310: enabling full line of zeros but not enabled in Cortex-A9
[    0.000000] L2C-310 dynamic clock gating enabled, standby mode enabled
[    0.000000] L2C-310 cache controller enabled, 8 ways, 1024 kB
[    0.000000] L2C-310: CACHE_ID 0x410000c7, AUX_CTRL 0x4e480001
[    0.000013] sched_clock: 32 bits at 1000kHz, resolution 1000ns, wraps every 2147483647500ns
[    0.000031] clocksource: timer_us: mask: 0xffffffff max_cycles: 0xffffffff, max_idle_ns: 1911260446275 ns
[    0.000040] Switching to timer-based delay loop, resolution 1000ns
[    0.002743] Console: colour dummy device 80x30
[    0.002767] Calibrating delay loop (skipped), value calculated using timer frequency.. 2.00 BogoMIPS (lpj=5000)
[    0.002777] pid_max: default: 32768 minimum: 301
[    0.002863] Mount-cache hash table entries: 2048 (order: 1, 8192 bytes)
[    0.002870] Mountpoint-cache hash table entries: 2048 (order: 1, 8192 bytes)
[    0.003292] CPU: Testing write buffer coherency: ok
[    0.003575] CPU0: thread -1, cpu 0, socket 0, mpidr 80000000
[    0.003643] Setting up static identity map for 0x80300000 - 0x80300098
[    0.005944] Tegra Revision: A03 SKU: 128 CPU Process: 4 SoC Process: 0
[    0.010344] CPU1: thread -1, cpu 1, socket 0, mpidr 80000001
[    0.015330] CPU2: thread -1, cpu 2, socket 0, mpidr 80000002
[    0.020327] CPU3: thread -1, cpu 3, socket 0, mpidr 80000003
[    0.020365] Brought up 4 CPUs
[    0.020378] SMP: Total of 4 processors activated (8.00 BogoMIPS).
[    0.020383] CPU: All CPU(s) started in SVC mode.
[    0.021081] devtmpfs: initialized
[    0.029281] VFP support v0.3: implementor 41 architecture 3 part 30 variant 9 rev 4
[    0.029983] clocksource: jiffies: mask: 0xffffffff max_cycles: 0xffffffff, max_idle_ns: 9556302231375000 ns
[    0.033395] pinctrl core: initialized pinctrl subsystem
[    0.035037] NET: Registered protocol family 16
[    0.037741] DMA: preallocated 256 KiB pool for atomic coherent allocations
[    0.049926] cpuidle: using governor menu
[    0.058546] No ATAGs?
[    0.058577] hw-breakpoint: found 5 (+1 reserved) breakpoint and 1 watchpoint registers.
[    0.058584] hw-breakpoint: maximum watchpoint size is 4 bytes.
[    0.061736] Serial: AMBA PL011 UART driver
[    0.062985] tegra-mc 7000f000.memory-controller: no memory timings for RAM code 3 registered
[    0.083082] vdd_5v_sata: Failed to request enable GPIO30: -517
[    0.083095] reg-fixed-voltage regulators:regulator@3: Failed to register regulator: -517
[    0.083137] usb1_vbus: Failed to request enable GPIO238: -517
[    0.083144] reg-fixed-voltage regulators:regulator@4: Failed to register regulator: -517
[    0.083186] usb3_vbus: Failed to request enable GPIO236: -517
[    0.083194] reg-fixed-voltage regulators:regulator@5: Failed to register regulator: -517
[    0.083281] sys_3v3_pexs: Failed to request enable GPIO95: -517
[    0.083289] reg-fixed-voltage regulators:regulator@7: Failed to register regulator: -517
[    0.085413] vgaarb: loaded
[    0.086007] SCSI subsystem initialized
[    0.086122] libata version 3.00 loaded.
[    0.086319] usbcore: registered new interface driver usbfs
[    0.086358] usbcore: registered new interface driver hub
[    0.086393] usbcore: registered new device driver usb
[    0.141734] pps_core: LinuxPPS API ver. 1 registered
[    0.141742] pps_core: Software ver. 5.3.6 - Copyright 2005-2007 Rodolfo Giometti <giometti@linux.it>
[    0.141756] PTP clock support registered
[    0.141903] EDAC MC: Ver: 3.0.0
[    0.143481] clocksource: Switched to clocksource timer_us
[    0.149517] NET: Registered protocol family 2
[    0.149923] TCP established hash table entries: 8192 (order: 3, 32768 bytes)
[    0.149977] TCP bind hash table entries: 8192 (order: 4, 65536 bytes)
[    0.150060] TCP: Hash tables configured (established 8192 bind 8192)
[    0.150134] UDP hash table entries: 512 (order: 2, 16384 bytes)
[    0.150199] UDP-Lite hash table entries: 512 (order: 2, 16384 bytes)
[    0.150378] NET: Registered protocol family 1
[    0.150654] RPC: Registered named UNIX socket transport module.
[    0.150661] RPC: Registered udp transport module.
[    0.150666] RPC: Registered tcp transport module.
[    0.150670] RPC: Registered tcp NFSv4.1 backchannel transport module.
[    0.150696] PCI: CLS 0 bytes, default 64
[    0.151464] hw perfevents: enabled with armv7_cortex_a9 PMU driver, 7 counters available
[    0.152438] futex hash table entries: 1024 (order: 4, 65536 bytes)
[    0.153030] workingset: timestamp_bits=28 max_order=19 bucket_order=0
[    0.158664] squashfs: version 4.0 (2009/01/31) Phillip Lougher
[    0.159158] NFS: Registering the id_resolver key type
[    0.159196] Key type id_resolver registered
[    0.159201] Key type id_legacy registered
[    0.159253] ntfs: driver 2.1.32 [Flags: R/O].
[    0.160140] bounce: pool size: 64 pages
[    0.160276] Block layer SCSI generic (bsg) driver version 0.4 loaded (major 248)
[    0.160291] io scheduler noop registered
[    0.160300] io scheduler deadline registered
[    0.160322] io scheduler cfq registered (default)
[    0.165662] tegra30-pinctrl 70000868.pinmux: invalid group "sdmmc3_dat6_pd3" for function "rsvd1"
[    0.165677] tegra30-pinctrl 70000868.pinmux: invalid group "sdmmc3_dat7_pd4" for function "rsvd1"
[    0.165691] tegra30-pinctrl 70000868.pinmux: invalid group "vi_vsync_pd6" for function "rsvd1"
[    0.165700] tegra30-pinctrl 70000868.pinmux: invalid group "vi_hsync_pd7" for function "rsvd1"
[    0.166156] tegra30-pinctrl 70000868.pinmux: invalid group "hdmi_int_pn7" for function "rsvd1"
[    0.166199] tegra30-pinctrl 70000868.pinmux: invalid group "ulpi_data3_po4" for function "rsvd1"
[    0.166520] tegra30-pinctrl 70000868.pinmux: invalid group "vi_d10_pt2" for function "rsvd1"
[    0.166532] tegra30-pinctrl 70000868.pinmux: invalid group "vi_d11_pt3" for function "rsvd1"
[    0.166544] tegra30-pinctrl 70000868.pinmux: invalid group "vi_d0_pt4" for function "rsvd1"
[    0.166583] tegra30-pinctrl 70000868.pinmux: invalid group "pu0" for function "rsvd1"
[    0.166612] tegra30-pinctrl 70000868.pinmux: invalid group "pu3" for function "rsvd1"
[    0.166642] tegra30-pinctrl 70000868.pinmux: invalid group "pu6" for function "rsvd1"
[    0.166681] tegra30-pinctrl 70000868.pinmux: invalid group "pv3" for function "rsvd1"
[    0.167166] tegra30-pinctrl 70000868.pinmux: invalid group "pbb0" for function "rsvd1"
[    0.167277] tegra30-pinctrl 70000868.pinmux: invalid group "pcc1" for function "rsvd1"
[    0.172726] tegra-pcie 3000.pcie-controller: 2x3 configuration
[    0.172839] vdd_1v5_gen: supplied by vdd_5v_in
[    0.172886] vdd_pexa,vdd_pexb: supplied by vdd_1v5_gen
[    0.172982] tegra-pcie 3000.pcie-controller: Failed to get supply 'hvdd-pex': -517
[    0.176960] tegra-apbdma 6000a000.dma: Tegra20 APB DMA driver register 32 channels
[    0.177996] tegra-pmc 7000e400.pmc: i2c-thermtrip node not found, emergency thermal reset disabled.
[    0.210564] Serial: 8250/16550 driver, 4 ports, IRQ sharing disabled
[    0.212687] console [ttyS0] disabled
[    0.212726] 70006000.serial: ttyS0 at MMIO 0x70006000 (irq = 331, base_baud = 25500000) is a Tegra
[    1.134804] console [ttyS0] enabled
[    1.138805] SuperH (H)SCI(F) driver initialized
[    1.143944] msm_serial: driver initialized
[    1.148145] STMicroelectronics ASC driver initialized
[    1.154845] [drm] Initialized drm 1.1.0 20060810
[    1.161310] tegra-hdmi 54280000.hdmi: failed to get HDMI regulator
[    1.175135] brd: module loaded
[    1.182032] loop: module loaded
[    1.190212] m25p80 spi32766.1: w25q32 (4096 Kbytes)
[    1.197076] libphy: Fixed MDIO Bus: probed
[    1.201596] CAN device driver interface
[    1.206579] igb: Intel(R) Gigabit Ethernet Network Driver - version 5.3.0-k
[    1.213535] igb: Copyright (c) 2007-2014 Intel Corporation.
[    1.220957] pegasus: v0.9.3 (2013/04/25), Pegasus/Pegasus II USB Ethernet driver
[    1.228398] usbcore: registered new interface driver pegasus
[    1.234088] usbcore: registered new interface driver asix
[    1.239509] usbcore: registered new interface driver ax88179_178a
[    1.245622] usbcore: registered new interface driver cdc_ether
[    1.251494] usbcore: registered new interface driver smsc75xx
[    1.257280] usbcore: registered new interface driver smsc95xx
[    1.263049] usbcore: registered new interface driver net1080
[    1.268729] usbcore: registered new interface driver cdc_subset
[    1.274667] usbcore: registered new interface driver zaurus
[    1.280293] usbcore: registered new interface driver cdc_ncm
[    1.287327] ehci_hcd: USB 2.0 'Enhanced' Host Controller (EHCI) Driver
[    1.293861] ehci-pci: EHCI PCI platform driver
[    1.298324] ehci-platform: EHCI generic platform driver
[    1.303678] ehci-omap: OMAP-EHCI Host Controller driver
[    1.308981] ehci-orion: EHCI orion driver
[    1.313056] SPEAr-ehci: EHCI SPEAr driver
[    1.317146] ehci-st: EHCI STMicroelectronics driver
[    1.322102] ehci-exynos: EHCI EXYNOS driver
[    1.326377] ehci-atmel: EHCI Atmel driver
[    1.330467] tegra-ehci: Tegra EHCI driver
[    1.334795] ohci_hcd: USB 1.1 'Open' Host Controller (OHCI) Driver
[    1.340985] ohci-pci: OHCI PCI platform driver
[    1.345461] ohci-platform: OHCI generic platform driver
[    1.350787] ohci-omap3: OHCI OMAP3 driver
[    1.354876] SPEAr-ohci: OHCI SPEAr driver
[    1.358966] ohci-st: OHCI STMicroelectronics driver
[    1.363928] ohci-atmel: OHCI Atmel driver
[    1.368355] usbcore: registered new interface driver usb-storage
[    1.375430] mousedev: PS/2 mouse device common for all mice
[    1.383078] tegra_rtc 7000e000.rtc: rtc core: registered 7000e000.rtc as rtc1
[    1.390245] tegra_rtc 7000e000.rtc: Tegra internal Real Time Clock
[    1.408948] tps65910-rtc tps65910-rtc: rtc core: registered tps65910-rtc as rtc0
[    1.416536] i2c /dev entries driver
[    1.426811] sdhci: Secure Digital Host Controller Interface driver
[    1.432996] sdhci: Copyright(c) Pierre Ossman
[    1.438282] Synopsys Designware Multimedia Card Interface Driver
[    1.444930] sdhci-pltfm: SDHCI platform and OF driver helper
[    1.451136] sdhci-tegra 78000000.sdhci: Got CD GPIO
[    1.456025] sdhci-tegra 78000000.sdhci: Got WP GPIO
[    1.462047] mmc0: Invalid maximum block size, assuming 512 bytes
[    1.503563] mmc0: SDHCI controller on 78000000.sdhci [78000000.sdhci] using ADMA
[    1.514193] mmc1: Invalid maximum block size, assuming 512 bytes
[    1.553485] mmc1: SDHCI controller on 78000600.sdhci [78000600.sdhci] using ADMA
[    1.562130] ledtrig-cpu: registered to indicate activity on CPUs
[    1.568457] usbcore: registered new interface driver usbhid
[    1.574026] usbhid: USB HID core driver
[    1.581230] NET: Registered protocol family 10
[    1.586239] sit: IPv6 over IPv4 tunneling driver
[    1.591294] NET: Registered protocol family 17
[    1.595755] can: controller area network core (rev 20120528 abi 9)
[    1.601973] NET: Registered protocol family 29
[    1.606420] can: raw protocol (rev 20120528)
[    1.610690] can: broadcast manager protocol (rev 20120528 t)
[    1.616349] can: netlink gateway (rev 20130117) max_hops=1
[    1.622122] Key type dns_resolver registered
[    1.626799] ThumbEE CPU extension supported.
[    1.631084] Registering SWP/SWPB emulation handler
[    1.653658] tegra-pcie 3000.pcie-controller: 2x3 configuration
[    1.659645] sys_3v3,vdd_3v3_alw: supplied by vdd_5v_in
[    1.666820] sys_3v3_pexs: supplied by sys_3v3,vdd_3v3_alw
[    1.679933] tegra-pcie 3000.pcie-controller: probing port 0, using 2 lanes
[    1.747124] tegra-pcie 3000.pcie-controller: probing port 2, using 2 lanes
[    1.754850] mmc1: new high speed MMC card at address 0001
[    1.761849] mmcblk0: mmc1:0001 SEM16G 14.8 GiB 
[    1.767686] mmcblk0boot0: mmc1:0001 SEM16G partition 1 1.00 MiB
[    1.774974] mmcblk0boot1: mmc1:0001 SEM16G partition 2 1.00 MiB
[    1.782547] mmcblk0rpmb: mmc1:0001 SEM16G partition 3 128 KiB
[    1.794877] Primary GPT is invalid, using alternate GPT.
[    1.800205]  mmcblk0: p1 p2 p3 p4 p5
[    2.157899] tegra-pcie 3000.pcie-controller: link 2 down, retrying
[    2.567909] tegra-pcie 3000.pcie-controller: link 2 down, retrying
[    2.977896] tegra-pcie 3000.pcie-controller: link 2 down, retrying
[    2.986086] tegra-pcie 3000.pcie-controller: link 2 down, ignoring
[    2.992386] tegra-pcie 3000.pcie-controller: PCI host bridge to bus 0000:00
[    2.999349] pci_bus 0000:00: root bus resource [mem 0x20000000-0x27ffffff]
[    3.006216] pci_bus 0000:00: root bus resource [mem 0x28000000-0x3fffffff pref]
[    3.013515] pci_bus 0000:00: root bus resource [bus 00-ff]
[    3.018993] pci_bus 0000:00: root bus resource [io  0x1000-0xffff]
[    3.025186] pci 0000:00:01.0: [10de:0e1c] type 01 class 0x060400
[    3.031244] pci 0000:00:01.0: PME# supported from D0 D1 D2 D3hot D3cold
[    3.038004] PCI: bus0: Fast back to back transfers disabled
[    3.043576] pci 0000:00:01.0: bridge configuration invalid ([bus 00-00]), reconfiguring
[    3.051676] pci 0000:01:00.0: [10ec:8168] type 00 class 0x020000
[    3.057691] pci 0000:01:00.0: reg 0x10: [io  0x0000-0x00ff]
[    3.063270] pci 0000:01:00.0: reg 0x18: [mem 0x00000000-0x00000fff 64bit pref]
[    3.070490] pci 0000:01:00.0: reg 0x20: [mem 0x00000000-0x00003fff 64bit pref]
[    3.077772] pci 0000:01:00.0: supports D1 D2
[    3.082038] pci 0000:01:00.0: PME# supported from D0 D1 D2 D3hot D3cold
[    3.098505] PCI: bus1: Fast back to back transfers disabled
[    3.104075] pci_bus 0000:01: busn_res: [bus 01-ff] end is updated to 01
[    3.110742] pci 0000:00:01.0: BAR 9: assigned [mem 0x28000000-0x280fffff 64bit pref]
[    3.118478] pci 0000:00:01.0: BAR 7: assigned [io  0x1000-0x1fff]
[    3.124567] pci 0000:01:00.0: BAR 4: assigned [mem 0x28000000-0x28003fff 64bit pref]
[    3.132309] pci 0000:01:00.0: BAR 2: assigned [mem 0x28004000-0x28004fff 64bit pref]
[    3.140049] pci 0000:01:00.0: BAR 0: assigned [io  0x1000-0x10ff]
[    3.146136] pci 0000:00:01.0: PCI bridge to [bus 01]
[    3.151095] pci 0000:00:01.0:   bridge window [io  0x1000-0x1fff]
[    3.157180] pci 0000:00:01.0:   bridge window [mem 0x28000000-0x280fffff 64bit pref]
[    3.164925] pci 0000:00:01.0: nv_msi_ht_cap_quirk didn't locate host bridge
[    3.171986] pcieport 0000:00:01.0: enabling device (0140 -> 0143)
[    3.178217] pcieport 0000:00:01.0: Signaling PME through PCIe PME interrupt
[    3.185174] pci 0000:01:00.0: Signaling PME through PCIe PME interrupt
[    3.191694] pcie_pme 0000:00:01.0:pcie01: service driver pcie_pme loaded
[    3.198563] r8169 Gigabit Ethernet driver 2.3LK-NAPI loaded
[    3.204148] r8169 0000:01:00.0: enabling device (0140 -> 0143)
[    3.211260] r8169 0000:01:00.0 eth0: RTL8168evl/8111evl at 0xf09f2000, 02:04:4b:01:60:a6, XID 0c900800 IRQ 375
[    3.221261] r8169 0000:01:00.0 eth0: jumbo features [frames: 9200 bytes, tx checksumming: ko]
[    3.230753] +VDD_5V_HDMI: supplied by sys_3v3,vdd_3v3_alw
[    3.236271] vdd_1v8_gen: supplied by vdd_5v_in
[    3.242487] [drm] Supports vblank timestamp caching Rev 2 (21.10.2013).
[    3.249106] [drm] No driver support for vblank timestamp query.
[    3.255050] drm drm: No connectors reported connected with modes
[    3.261062] [drm] Cannot find any crtc or sizes - going 1024x768
[    3.287435] Console: switching to colour frame buffer device 128x48
[    3.300369] drm drm: fb0:  frame buffer device
[    3.318486] [drm] Initialized tegra 0.0.0 20120330 on minor 0
[    3.327248] usb3_vbus: supplied by vdd_5v_in
[    3.333765] utmi_phy_clk_enable: timeout waiting for phy to stabilize
[    3.340224] tegra-ehci 7d004000.usb: EHCI Host Controller
[    3.345635] tegra-ehci 7d004000.usb: new USB bus registered, assigned bus number 1
[    3.353459] tegra-ehci 7d004000.usb: irq 343, io mem 0x7d004000
[    3.368499] tegra-ehci 7d004000.usb: USB 2.0 started, EHCI 1.00
[    3.375348] hub 1-0:1.0: USB hub found
[    3.379121] hub 1-0:1.0: 1 port detected
[    3.384097] tegra-ehci 7d008000.usb: EHCI Host Controller
[    3.389507] tegra-ehci 7d008000.usb: new USB bus registered, assigned bus number 2
[    3.397238] tegra-ehci 7d008000.usb: irq 344, io mem 0x7d008000
[    3.408491] tegra-ehci 7d008000.usb: USB 2.0 started, EHCI 1.00
[    3.415258] hub 2-0:1.0: USB hub found
[    3.419025] hub 2-0:1.0: 1 port detected
[    3.428232] tps65910-rtc tps65910-rtc: setting system clock to 2000-01-01 00:00:02 UTC (946684802)
[    3.442274] vdd_sata,avdd_plle: disabling
[    3.447083] usb1_vbus: disabling
[    3.452314] EXT4-fs (mmcblk0p1): mounting ext3 file system using the ext4 subsystem
[    3.465911] EXT4-fs (mmcblk0p1): warning: mounting fs with errors, running e2fsck is recommended
[    3.476132] EXT4-fs (mmcblk0p1): recovery complete
[    3.480934] EXT4-fs (mmcblk0p1): mounted filesystem with ordered data mode. Opts: (null)
[    3.489046] VFS: Mounted root (ext3 filesystem) on device 179:1.
[    3.505409] devtmpfs: mounted
[    3.510989] Freeing unused kernel memory: 2048K (c1100000 - c1300000)
bash: cannot set terminal process group (-1): Inappropriate ioctl for device
bash: no job control in this shell
root@(none):/# [    3.728503] usb 2-1: new high-speed USB device number 2 using tegra-ehci
mount -t sysfs none /sys
root@(none):/# 
root@(none):/# [    4.667170] asix 2-1:1.0 eth1: register 'asix' at usb-7d008000.usb-1, ASIX AX88772 USB 2.0 Ethernet, 00:50:b6:0f:67:60
mount -t debugfs none /sys/kernel/debug
root@(none):/# 
root@(none):/# rtcwake -d rtc1 -m mem -s 3
rtcwake: wakeup from "mem" using /dev/rtc1 at Thu Jan  1 00:00:21 1970
[    6.519533] PM: Syncing filesystems ... done.
[    6.532761] Freezing user space processes ... (elapsed 0.001 seconds) done.
[    6.540882] Freezing remaining freezable tasks ... (elapsed 0.001 seconds) done.
[    6.549513] Suspending console(s) (use no_console_suspend to debug)
[    6.591669] PM: suspend of devices complete after 34.883 msecs
[    6.592362] PM: late suspend of devices complete after 0.687 msecs
[    6.603957] PM: noirq suspend of devices complete after 11.588 msecs
[    6.603961] Disabling non-boot CPUs ...
[    6.604558] CPU1: shutdown
[    6.624847] CPU2: shutdown
[    6.639289] IRQ17 no longer affine to CPU3
[    6.639481] CPU3: shutdown
[    6.653963] Entering suspend state LP1
[    6.653976] Enabling non-boot CPUs ...
[    6.679478] CPU1 is up
[    6.704588] CPU2 is up
[    6.729723] CPU3 is up
[    6.730331] pcieport 0000:00:01.0: nv_msi_ht_cap_quirk didn't locate host bridge
[    6.743552] PM: noirq resume of devices complete after 13.822 msecs
[    6.744522] PM: early resume of devices complete after 0.590 msecs
[    6.810733] PM: resume of devices complete after 66.202 msecs
[    6.885936] Restarting tasks ... done.
root@(none):/# 
root@(none):/# rtcwake -d rtc1 -m mem -s 3
rtcwake: wakeup from "mem" using /dev/rtc1 at Thu Jan  1 00:00:26 1970
[    8.133511] PM: Syncing filesystems ... done.
[    8.145152] Freezing user space processes ... (elapsed 0.001 seconds) done.
[    8.153250] Freezing remaining freezable tasks ... (elapsed 0.001 seconds) done.
[    8.161859] Suspending console(s) (use no_console_suspend to debug)
[    8.202392] PM: suspend of devices complete after 33.339 msecs
[    8.204322] PM: late suspend of devices complete after 1.922 msecs
[    8.218912] PM: noirq suspend of devices complete after 14.583 msecs
[    8.218915] Disabling non-boot CPUs ...
[    8.219210] IRQ17 no longer affine to CPU1
[    8.219509] CPU1: shutdown
[    8.244779] CPU2: shutdown
[    8.259435] CPU3: shutdown
[    8.273935] Entering suspend state LP1
[    8.273951] Enabling non-boot CPUs ...
[    8.299620] CPU1 is up
[    8.324723] CPU2 is up
[    8.349846] CPU3 is up
[    8.350560] pcieport 0000:00:01.0: nv_msi_ht_cap_quirk didn't locate host bridge
[    8.363523] PM: noirq resume of devices complete after 13.667 msecs
[    8.364469] PM: early resume of devices complete after 0.700 msecs
[    8.431881] PM: resume of devices complete after 67.401 msecs
[    8.507313] Restarting tasks ... done.
root@(none):/# 
root@(none):/# rtcwake -d rtc1 -m mem -s 3
rtcwake: wakeup from "mem" using /dev/rtc1 at Thu Jan  1 00:00:31 1970
[    9.743556] PM: Syncing filesystems ... done.
[    9.756812] Freezing user space processes ... (elapsed 0.001 seconds) done.
[    9.764972] Freezing remaining freezable tasks ... (elapsed 0.001 seconds) done.
[    9.773640] Suspending console(s) (use no_console_suspend to debug)
[    9.811952] PM: suspend of devices complete after 30.842 msecs
[    9.812795] PM: late suspend of devices complete after 0.835 msecs
[    9.824002] PM: noirq suspend of devices complete after 11.197 msecs
[    9.824005] Disabling non-boot CPUs ...
[    9.824392] IRQ17 no longer affine to CPU1
[    9.824772] CPU1: shutdown
[    9.840010] CPU2: shutdown
[    9.854494] CPU3: shutdown
[    9.868945] Entering suspend state LP1
[    9.868960] Enabling non-boot CPUs ...
[    9.894599] CPU1 is up
[    9.919690] CPU2 is up
[    9.944811] CPU3 is up
[    9.945550] pcieport 0000:00:01.0: nv_msi_ht_cap_quirk didn't locate host bridge
[    9.958507] PM: noirq resume of devices complete after 13.686 msecs
[    9.960670] PM: early resume of devices complete after 1.741 msecs
[   10.031868] PM: resume of devices complete after 71.186 msecs
[   10.107337] Restarting tasks ... done.
root@(none):/# 
root@(none):/# rtcwake -d rtc1 -m mem -s 3
rtcwake: wakeup from "mem" using /dev/rtc1 at Thu Jan  1 00:00:36 1970
[   11.352807] PM: Syncing filesystems ... done.
[   11.367560] Freezing user space processes ... (elapsed 0.001 seconds) done.
[   11.375719] Freezing remaining freezable tasks ... (elapsed 0.001 seconds) done.
[   11.384388] Suspending console(s) (use no_console_suspend to debug)
[   11.426441] PM: suspend of devices complete after 34.585 msecs
[   11.427259] PM: late suspend of devices complete after 0.810 msecs
[   11.438962] PM: noirq suspend of devices complete after 11.695 msecs
[   11.438964] Disabling non-boot CPUs ...
[   11.439342] IRQ17 no longer affine to CPU1
[   11.439723] CPU1: shutdown
[   11.455015] CPU2: shutdown
[   11.469484] CPU3: shutdown
[   11.483917] Entering suspend state LP1
[   11.483930] Enabling non-boot CPUs ...
[   11.509568] CPU1 is up
[   11.534668] CPU2 is up
[   11.559791] CPU3 is up
[   11.560514] pcieport 0000:00:01.0: nv_msi_ht_cap_quirk didn't locate host bridge
[   11.573478] PM: noirq resume of devices complete after 13.678 msecs
[   11.575433] PM: early resume of devices complete after 1.709 msecs
[   11.647400] PM: resume of devices complete after 71.957 msecs
[   11.722810] Restarting tasks ... done.
root@(none):/# 
root@(none):/# rtcwake -d rtc1 -m mem -s 3
rtcwake: wakeup from "mem" using /dev/rtc1 at Thu Jan  1 00:00:41 1970
[   12.962532] PM: Syncing filesystems ... done.
[   12.975771] Freezing user space processes ... (elapsed 0.001 seconds) done.
[   12.983932] Freezing remaining freezable tasks ... (elapsed 0.001 seconds) done.
[   12.992594] Suspending console(s) (use no_console_suspend to debug)
[   13.032379] PM: suspend of devices complete after 32.316 msecs
[   13.033195] PM: late suspend of devices complete after 0.806 msecs
[   13.048967] PM: noirq suspend of devices complete after 15.761 msecs
[   13.048972] Disabling non-boot CPUs ...
[   13.049345] IRQ17 no longer affine to CPU1
[   13.049721] CPU1: shutdown
[   13.074965] CPU2: shutdown
[   13.089482] CPU3: shutdown
[   13.103901] Entering suspend state LP1
[   13.103916] Enabling non-boot CPUs ...
[   13.129538] CPU1 is up
[   13.154634] CPU2 is up
[   13.179765] CPU3 is up
[   13.180494] pcieport 0000:00:01.0: nv_msi_ht_cap_quirk didn't locate host bridge
[   13.193455] PM: noirq resume of devices complete after 13.682 msecs
[   13.195597] PM: early resume of devices complete after 1.702 msecs
[   13.265834] PM: resume of devices complete after 70.227 msecs
[   13.341281] Restarting tasks ... done.
root@(none):/# 
root@(none):/# NVTB SYSTEM SUSPEND TEST COMPLETE
