

U-Boot 2011.03 (Jun 11 2013 - 06:07:37)

T114
Board: NVIDIA Dalmore
DRAM:  2 GiB
MMC:   Tegra2 SD/MMC: 0, Tegra2 SD/MMC: 1
In:    serial
Out:   serial
Err:   serial
Net:   Net Initialization Skipped
No ethernet found.
Hit any key to stop autoboot:  2  0 
Dalmore #
Dalmore #usb reset
(Re)start USB...
USB:   Register 10011 NbrPorts 1
USB EHCI 1.10
scanning bus for devices... 2 USB Device(s) found
       scanning bus for storage devices... 0 Storage Device(s) found
       scanning bus for ethernet devices... 1 Ethernet Device(s) found
Dalmore #setenv bootargs 'ignore_loglevel console=ttyS0,115200n8 rw root=/dev/mmcblk0p1 rootwait gpt init=/bin/bash'
Dalmore #setenv ipaddr 192.168.100.100; setenv serverip 192.168.100.1; setenv tftpserverip 192.168.100.1
Dalmore #tftpboot 0x81000000 zImage.tegra_defconfig
Waiting for Ethernet connection... done.
Using asx0 device
TFTP from server 192.168.100.1; our IP address is 192.168.100.100
Filename 'zImage.tegra_defconfig'.
Load address: 0x81000000
Loading: *#################################################  2.8 MiB/s
done
Bytes transferred = 4144920 (3f3f18 hex)
Dalmore #tftpboot 0x82000000 tegra114-dalmore.dtb
Using asx0 device
TFTP from server 192.168.100.1; our IP address is 192.168.100.100
Filename 'tegra114-dalmore.dtb'.
Load address: 0x82000000
Loading: *#################################################  2.6 MiB/s
done
Bytes transferred = 29436 (72fc hex)
Dalmore #bootz 0x81000000 - 0x82000000
## Flattened Device Tree blob at 82000000
   Booting using the fdt blob at 0x82000000
   Loading Device Tree to 81ff5000, end 81fff2fb ... OK

Starting kernel ...

Timer summary in microseconds:
       Mark    Elapsed  Stage
          0          0  awake
  2,740,787  2,740,787  usb_start
  6,743,970  4,003,183  eth_start
  6,743,968         -2  tftp start
 10,595,659  3,851,691  tftp done
 12,756,121  2,160,462  start_kernel
Uncompressing Linux... done, booting the kernel.
[    0.000000] Booting Linux on physical CPU 0x0
[    0.000000] Initializing cgroup subsys cpu
[    0.000000] Initializing cgroup subsys cpuacct
[    0.000000] Linux version 3.12.0-rc7-next-20131101-22409-gbcab41d (pwalmsley@tamien) (gcc version 4.7.3 20130328 (prerelease) (crosstool-NG linaro-1.13.1-4.7-2013.04-20130415 - Linaro GCC 2013.04) ) #1 SMP PREEMPT Tue Nov 5 18:33:26 PST 2013
[    0.000000] CPU: ARMv7 Processor [412fc0f2] revision 2 (ARMv7), cr=10c5387d
[    0.000000] CPU: PIPT / VIPT nonaliasing data cache, PIPT instruction cache
[    0.000000] Machine model: NVIDIA Tegra114 Dalmore evaluation board
[    0.000000] debug: ignoring loglevel setting.
[    0.000000] cma: CMA: reserved 16 MiB at ae800000
[    0.000000] Memory policy: ECC disabled, Data cache writealloc
[    0.000000] On node 0 totalpages: 524032
[    0.000000] free_area_init_node: node 0, pgdat c07e28c0, node_mem_map c083a000
[    0.000000]   Normal zone: 1520 pages used for memmap
[    0.000000]   Normal zone: 0 pages reserved
[    0.000000]   Normal zone: 194560 pages, LIFO batch:31
[    0.000000]   HighMem zone: 2574 pages used for memmap
[    0.000000]   HighMem zone: 329472 pages, LIFO batch:31
[    0.000000] Tegra Revision: A01 SKU: 0 CPU Process: 1 Core Process: 1
[    0.000000] PERCPU: Embedded 8 pages/cpu @c1852000 s9152 r8192 d15424 u32768
[    0.000000] pcpu-alloc: s9152 r8192 d15424 u32768 alloc=8*4096
[    0.000000] pcpu-alloc: [0] 0 [0] 1 [0] 2 [0] 3 
[    0.000000] Built 1 zonelists in Zone order, mobility grouping on.  Total pages: 522512
[    0.000000] Kernel command line: ignore_loglevel console=ttyS0,115200n8 rw root=/dev/mmcblk0p1 rootwait gpt init=/bin/bash
[    0.000000] PID hash table entries: 4096 (order: 2, 16384 bytes)
[    0.000000] Dentry cache hash table entries: 131072 (order: 7, 524288 bytes)
[    0.000000] Inode-cache hash table entries: 65536 (order: 6, 262144 bytes)
[    0.000000] Memory: 2053832K/2096128K available (5623K kernel code, 312K rwdata, 1856K rodata, 244K init, 343K bss, 42296K reserved, 1317888K highmem)
[    0.000000] Virtual kernel memory layout:
[    0.000000]     vector  : 0xffff0000 - 0xffff1000   (   4 kB)
[    0.000000]     fixmap  : 0xfff00000 - 0xfffe0000   ( 896 kB)
[    0.000000]     vmalloc : 0xf0000000 - 0xff000000   ( 240 MB)
[    0.000000]     lowmem  : 0xc0000000 - 0xef800000   ( 760 MB)
[    0.000000]     pkmap   : 0xbfe00000 - 0xc0000000   (   2 MB)
[    0.000000]     modules : 0xbf000000 - 0xbfe00000   (  14 MB)
[    0.000000]       .text : 0xc0008000 - 0xc075629c   (7481 kB)
[    0.000000]       .init : 0xc0757000 - 0xc07943c0   ( 245 kB)
[    0.000000]       .data : 0xc0796000 - 0xc07e4000   ( 312 kB)
[    0.000000]        .bss : 0xc07e400c - 0xc0839de4   ( 344 kB)
[    0.000000] Preemptible hierarchical RCU implementation.
[    0.000000] NR_IRQS:16 nr_irqs:16 16
[    0.000000] sched_clock: 32 bits at 1000kHz, resolution 1000ns, wraps every 2147483648000ns
[    0.000000] arch_timer: No interrupt available, giving up
[    0.000000] Console: colour dummy device 80x30
[    0.000948] Calibrating delay loop... 1384.44 BogoMIPS (lpj=6922240)
[    0.090057] pid_max: default: 32768 minimum: 301
[    0.090489] Mount-cache hash table entries: 512
[    0.109076] Initializing cgroup subsys debug
[    0.109094] Initializing cgroup subsys freezer
[    0.109159] CPU: Testing write buffer coherency: ok
[    0.109494] /cpus/cpu@0 missing clock-frequency property
[    0.109518] /cpus/cpu@1 missing clock-frequency property
[    0.109540] /cpus/cpu@2 missing clock-frequency property
[    0.109563] /cpus/cpu@3 missing clock-frequency property
[    0.109577] CPU0: thread -1, cpu 0, socket 0, mpidr 80000000
[    0.109603] Setting up static identity map for 0x80555160 - 0x805551f8
[    0.160960] CPU1: Booted secondary processor
[    0.250132] CPU1: thread -1, cpu 1, socket 0, mpidr 80000001
[    0.270944] CPU2: Booted secondary processor
[    0.360133] CPU2: thread -1, cpu 2, socket 0, mpidr 80000002
[    0.380942] CPU3: Booted secondary processor
[    0.470132] CPU3: thread -1, cpu 3, socket 0, mpidr 80000003
[    0.470249] Brought up 4 CPUs
[    0.470276] SMP: Total of 4 processors activated.
[    0.470284] CPU: All CPU(s) started in SVC mode.
[    0.471312] devtmpfs: initialized
[    0.484080] VFP support v0.3: implementor 41 architecture 4 part 30 variant f rev 0
[    0.484457] pinctrl core: initialized pinctrl subsystem
[    0.484973] regulator-dummy: no parameters
[    0.485760] NET: Registered protocol family 16
[    0.487080] DMA: preallocated 256 KiB pool for atomic coherent allocations
[    0.487835] cpuidle: using governor ladder
[    0.487846] cpuidle: using governor menu
[    0.499254] No ATAGs?
[    0.499284] hw-breakpoint: found 5 (+1 reserved) breakpoint and 4 watchpoint registers.
[    0.499294] hw-breakpoint: maximum watchpoint size is 8 bytes.
[    0.510308] bio: create slab <bio-0> at 0
[    0.511764] vdd_ac_bat: 5000 mV 
[    0.512091] dvdd_ts: Failed to request enable GPIO61: -517
[    0.512250] reg-fixed-voltage 1.regulator: Failed to register regulator: -517
[    0.512275] platform 1.regulator: Driver reg-fixed-voltage requests probe deferral
[    0.512474] lcd_bl_en: Failed to request enable GPIO58: -517
[    0.512619] reg-fixed-voltage 2.regulator: Failed to register regulator: -517
[    0.512642] platform 2.regulator: Driver reg-fixed-voltage requests probe deferral
[    0.512841] usb1_vbus: Failed to request enable GPIO108: -517
[    0.512985] reg-fixed-voltage 3.regulator: Failed to register regulator: -517
[    0.513008] platform 3.regulator: Driver reg-fixed-voltage requests probe deferral
[    0.513205] usb2_vbus: Failed to request enable GPIO86: -517
[    0.513348] reg-fixed-voltage 4.regulator: Failed to register regulator: -517
[    0.513370] platform 4.regulator: Driver reg-fixed-voltage requests probe deferral
[    0.513566] vdd_hdmi_5v0: Failed to request enable GPIO81: -517
[    0.513708] reg-fixed-voltage 5.regulator: Failed to register regulator: -517
[    0.513731] platform 5.regulator: Driver reg-fixed-voltage requests probe deferral
[    0.513810] platform 6.regulator: Driver reg-fixed-voltage requests probe deferral
[    0.514818] vgaarb: loaded
[    0.515857] SCSI subsystem initialized
[    0.516223] usbcore: registered new interface driver usbfs
[    0.516324] usbcore: registered new interface driver hub
[    0.516485] usbcore: registered new device driver usb
[    0.520730] vdd-cpu: 500 <--> 1520 mV at 1100 mV 
[    0.521354] tps65090 1-0048: No cache defaults, reading back from HW
[    0.527720] vdd-sys-5v0: no parameters
[    0.527770] vdd-sys-5v0: supplied by vdd_ac_bat
[    0.529225] vdd-sys-3v3: no parameters
[    0.529264] vdd-sys-3v3: supplied by vdd_ac_bat
[    0.530685] vdd-ao: no parameters
[    0.530724] vdd-ao: supplied by vdd_ac_bat
[    0.530987] vdd-lcd-bl: no parameters
[    0.531024] vdd-lcd-bl: supplied by vdd_ac_bat
[    0.531270] TPS65090_RAILSFET2: no parameters
[    0.531307] TPS65090_RAILSFET2: supplied by vdd_ac_bat
[    0.531556] vdd-modem-3v3: no parameters
[    0.531589] vdd-modem-3v3: supplied by vdd-sys-3v3
[    0.531839] avdd-lcd: no parameters
[    0.531874] avdd-lcd: supplied by vdd-sys-3v3
[    0.532119] vdd-lvds: no parameters
[    0.532151] vdd-lvds: supplied by vdd-sys-3v3
[    0.532404] vdd-sd-slot: no parameters
[    0.532438] vdd-sd-slot: supplied by vdd-sys-3v3
[    0.532694] vdd-com-3v3: no parameters
[    0.532728] vdd-com-3v3: supplied by vdd-sys-3v3
[    0.532978] vdd-sby-5v0: no parameters
[    0.533012] vdd-sby-5v0: supplied by vdd_ac_bat
[    0.533251] vdd-sby-3v3: no parameters
[    0.533284] vdd-sby-3v3: supplied by vdd_ac_bat
[    0.533644] genirq: Setting trigger mode 8 for irq 118 failed (gic_set_type+0x0/0xf0)
[    0.534076] palmas 1-0058: Irq flag is 0x00000000
[    0.548396] palmas 1-0058: Muxing GPIO ff, PWM 0, LED 0
[    0.557379] vddio-ddr: 1350 mV 
[    0.558225] vddio-ddr: supplied by vdd-ao
[    0.565210] vddio-1v8: 1800 mV 
[    0.566053] vddio-1v8: supplied by vdd-ao
[    0.573015] vdd-core: 900 <--> 1400 mV at 1100 mV 
[    0.573857] vdd-core: supplied by vdd-sys-3v3
[    0.578052] SMPS6: no parameters
[    0.585779] avdd-pll: 1050 mV 
[    0.586621] avdd-pll: supplied by vdd-sys-3v3
[    0.594970] sdhci-vdd-sd-slot: 2800 mV 
[    0.595814] sdhci-vdd-sd-slot: supplied by vdd-sys-3v3
[    0.597648] SMPS10_OUT2: at 5000 mV 
[    0.599463] SMPS10_OUT1: at 5000 mV 
[    0.602081] avdd-cam1: 2800 mV 
[    0.602922] avdd-cam1: supplied by vdd-sys-3v3
[    0.606955] avdd-cam2: 2800 mV 
[    0.607797] avdd-cam2: supplied by vdd-sys-3v3
[    0.612600] avdd-dsi-csi: 1200 mV 
[    0.613438] avdd-dsi-csi: supplied by vddio-1v8
[    0.618240] vpp-fuse: 1800 mV 
[    0.619079] vpp-fuse: supplied by vdd-sys-3v3
[    0.622290] LDO5: at 1200 mV 
[    0.623134] LDO5: supplied by vdd_ac_bat
[    0.625772] vdd-sensor-2v85: 2850 mV 
[    0.626612] vdd-sensor-2v85: supplied by vdd-sys-3v3
[    0.630632] vdd-af-cam1: 2800 mV 
[    0.631471] vdd-af-cam1: supplied by vdd-sys-3v3
[    0.639609] vdd-rtc: 900 mV 
[    0.640451] vdd-rtc: supplied by vdd-ao
[    0.644455] vddio-sdmmc-2: 1800 <--> 3300 mV at 3300 mV 
[    0.645295] vddio-sdmmc-2: supplied by sdhci-vdd-sd-slot
[    0.650115] hvdd-usb: 3300 mV 
[    0.650959] hvdd-usb: supplied by vdd-sys-5v0
[    0.655749] avdd-usb: 3300 mV 
[    0.656588] avdd-usb: supplied by vdd-sys-5v0
[    0.659873] rail-3v3: no parameters
[    0.662240] rail-5v0: no parameters
[    0.663850] REGEN3: no parameters
[    0.664041] SYSEN1: no parameters
[    0.664229] SYSEN2: no parameters
[    0.664806] Linux video capture interface: v2.00
[    0.665497] platform 70019010.iommu: Driver tegra-smmu requests probe deferral
[    0.665803] Advanced Linux Sound Architecture Driver Initialized.
[    0.666555] Bluetooth: Core ver 2.17
[    0.666622] NET: Registered protocol family 31
[    0.666631] Bluetooth: HCI device and connection manager initialized
[    0.666656] Bluetooth: HCI socket layer initialized
[    0.666678] Bluetooth: L2CAP socket layer initialized
[    0.666713] Bluetooth: SCO socket layer initialized
[    0.667455] cfg80211: Calling CRDA to update world regulatory domain
[    0.668472] Switched to clocksource timer_us
[    0.670111] Clockevents: could not switch to one-shot mode:
[    0.670116] Clockevents: could not switch to one-shot mode:
[    0.670122] Clockevents: could not switch to one-shot mode:
[    0.670127]  dummy_timer is not functional.
[    0.670131]  dummy_timer is not functional.
[    0.670140] Clockevents: could not switch to one-shot mode: dummy_timer is not functional.
[    0.670145] Could not switch to high resolution mode on CPU 3
[    0.670150] Could not switch to high resolution mode on CPU 2
[    0.670157] Could not switch to high resolution mode on CPU 1
[    0.670180]  dummy_timer is not functional.
[    0.670188] Could not switch to high resolution mode on CPU 0
[    0.682306] NET: Registered protocol family 2
[    0.683223] TCP established hash table entries: 8192 (order: 3, 32768 bytes)
[    0.683323] TCP bind hash table entries: 8192 (order: 4, 65536 bytes)
[    0.683510] TCP: Hash tables configured (established 8192 bind 8192)
[    0.683932] TCP: reno registered
[    0.683949] UDP hash table entries: 512 (order: 2, 16384 bytes)
[    0.683990] UDP-Lite hash table entries: 512 (order: 2, 16384 bytes)
[    0.684418] NET: Registered protocol family 1
[    0.685133] RPC: Registered named UNIX socket transport module.
[    0.685144] RPC: Registered udp transport module.
[    0.685152] RPC: Registered tcp transport module.
[    0.685160] RPC: Registered tcp NFSv4.1 backchannel transport module.
[    0.685173] PCI: CLS 0 bytes, default 64
[    0.688831] bounce pool size: 64 pages
[    0.690524] squashfs: version 4.0 (2009/01/31) Phillip Lougher
[    0.691314] msgmni has been set to 1469
[    0.692925] io scheduler noop registered (default)
[    0.716297] tegra-apbdma 6000a000.dma: Tegra20 APB DMA driver register 32 channels
[    0.716831] Serial: 8250/16550 driver, 4 ports, IRQ sharing disabled
[    0.718919] 70006300.serial: ttyS0 at MMIO 0x70006300 (irq = 122, base_baud = 25500000) is a Tegra
[    1.797162] console [ttyS0] enabled
[    1.801532] [drm] Initialized drm 1.1.0 20060810
[    1.812140] loop: module loaded
[    1.818091] m25p80 spi32766.0: w25q32dw (4096 Kbytes)
[    1.824979] pegasus: v0.9.3 (2013/04/25), Pegasus/Pegasus II USB Ethernet driver
[    1.832455] usbcore: registered new interface driver pegasus
[    1.838191] usbcore: registered new interface driver asix
[    1.843667] usbcore: registered new interface driver ax88179_178a
[    1.849813] usbcore: registered new interface driver cdc_ether
[    1.855721] usbcore: registered new interface driver r815x
[    1.861301] usbcore: registered new interface driver smsc75xx
[    1.867124] usbcore: registered new interface driver smsc95xx
[    1.872935] usbcore: registered new interface driver net1080
[    1.878657] usbcore: registered new interface driver cdc_subset
[    1.884649] usbcore: registered new interface driver zaurus
[    1.890328] usbcore: registered new interface driver cdc_ncm
[    1.896015] ehci_hcd: USB 2.0 'Enhanced' Host Controller (EHCI) Driver
[    1.902541] ehci-pci: EHCI PCI platform driver
[    1.907043] tegra-ehci: Tegra EHCI driver
[    1.911243] platform 7d008000.usb: Driver tegra-ehci requests probe deferral
[    1.918548] usbcore: registered new interface driver cdc_acm
[    1.924207] cdc_acm: USB Abstract Control Model driver for USB modems and ISDN adapters
[    1.932270] usbcore: registered new interface driver cdc_wdm
[    1.938015] usbcore: registered new interface driver usb-storage
[    1.944242] platform 7d008000.usb-phy: Driver tegra-phy requests probe deferral
[    1.952198] mousedev: PS/2 mouse device common for all mice
[    1.969643] palmas-rtc rtc.7: rtc core: registered rtc.7 as rtc0
[    1.975676] palmas-rtc rtc.7: IRQ request failed, err = -22
[    1.981499] palmas-rtc: probe of rtc.7 failed with error -22
[    1.987619] tegra_rtc 7000e000.rtc: rtc core: registered 7000e000.rtc as rtc1
[    1.994813] tegra_rtc 7000e000.rtc: Tegra internal Real Time Clock
[    2.002388] sbs-battery 0-000b: sbs_probe: Failed to get device status
[    2.008919] sbs-battery: probe of 0-000b failed with error -121
[    2.021111] sdhci: Secure Digital Host Controller Interface driver
[    2.027281] sdhci: Copyright(c) Pierre Ossman
[    2.031650] sdhci-pltfm: SDHCI platform and OF driver helper
[    2.037691] sdhci-tegra 78000400.sdhci: Got CD GPIO #170.
[    2.044166] sdhci-tegra 78000400.sdhci: dummy supplies not allowed
[    2.050358] mmc0: no vqmmc regulator found
[    2.054458] sdhci-tegra 78000400.sdhci: dummy supplies not allowed
[    2.060643] mmc0: no vmmc regulator found
[    2.064648] mmc0: Invalid maximum block size, assuming 512 bytes
[    2.120128] mmc0: SDHCI controller on 78000400.sdhci [78000400.sdhci] using ADMA
[    2.129698] sdhci-tegra 78000600.sdhci: dummy supplies not allowed
[    2.135890] mmc1: no vqmmc regulator found
[    2.139989] sdhci-tegra 78000600.sdhci: dummy supplies not allowed
[    2.146174] mmc1: no vmmc regulator found
[    2.150192] mmc1: Invalid maximum block size, assuming 512 bytes
[    2.210120] mmc1: SDHCI controller on 78000600.sdhci [78000600.sdhci] using ADMA
[    2.218221] usbcore: registered new interface driver usbhid
[    2.225875] usbhid: USB HID core driver
[    2.342383] mmc1: BKOPS_EN bit is not set
[    2.375870] mmc1: new HS200 MMC card at address 0001
[    2.381422] mmcblk0: mmc1:0001 SEM32G 29.1 GiB 
[    2.386278] mmcblk0boot0: mmc1:0001 SEM32G partition 1 4.00 MiB
[    2.392517] mmcblk0boot1: mmc1:0001 SEM32G partition 2 4.00 MiB
[    2.398748] mmcblk0rpmb: mmc1:0001 SEM32G partition 3 4.00 MiB
[    2.407009] Primary GPT is invalid, using alternate GPT.
[    2.412357]  mmcblk0: p1 p2 p3 p4 p5
[    2.419229]  mmcblk0boot1: unknown partition table
[    2.425658]  mmcblk0boot0: unknown partition table
[    2.671104] tegra-snd-rt5640 sound.4: rt5640-aif1 <-> 70080400.i2s mapping ok
[    2.682917] input: NVIDIA Tegra Dalmore Headphones as /devices/soc0/sound.4/sound/card0/input0
[    2.693147] TCP: cubic registered
[    2.696729] NET: Registered protocol family 10
[    2.702580] mip6: Mobile IPv6
[    2.705549] sit: IPv6 over IPv4 tunneling driver
[    2.711930] NET: Registered protocol family 17
[    2.716409] NET: Registered protocol family 15
[    2.720998] Bluetooth: RFCOMM socket layer initialized
[    2.721070] Bluetooth: Bind failed -22
[    2.729886] Bluetooth: RFCOMM ver 1.11
[    2.733665] Bluetooth: BNEP (Ethernet Emulation) ver 1.3
[    2.738984] Bluetooth: BNEP socket layer initialized
[    2.743957] Bluetooth: HIDP (Human Interface Emulation) ver 1.2
[    2.749882] Bluetooth: HIDP socket layer initialized
[    2.755507] Registering SWP/SWPB emulation handler
[    2.764168] hvdd-usb: disabling
[    2.769477] vdd-af-cam1: disabling
[    2.775069] vdd-sensor-2v85: disabling
[    2.780983] LDO5: disabling
[    2.785942] vpp-fuse: disabling
[    2.791252] avdd-cam2: disabling
[    2.796648] avdd-cam1: disabling
[    2.803636] vdd-com-3v3: disabling
[    2.807625] vdd-lvds: disabling
[    2.811373] avdd-lcd: disabling
[    2.815107] vdd-lcd-bl: disabling
[    2.819443] dvdd_ts: 1800 mV 
[    2.822758] lcd_bl_en: 5000 mV 
[    2.826233] usb1_vbus: 5000 mV 
[    2.829411] usb1_vbus: supplied by vdd-sys-5v0
[    2.834212] usb2_vbus: 5000 mV 
[    2.837378] usb2_vbus: supplied by vdd-sys-5v0
[    2.842186] vdd_hdmi_5v0: 5000 mV 
[    2.845615] vdd_hdmi_5v0: supplied by vdd-sys-5v0
[    2.852664] vdd_cam_1v8_reg: 1800 mV 
[    2.856850] platform 7d008000.usb: Driver tegra-ehci requests probe deferral
[    2.864604] tegra-ehci 7d008000.usb: EHCI Host Controller
[    2.870023] tegra-ehci 7d008000.usb: new USB bus registered, assigned bus number 1
[    2.877935] tegra-ehci 7d008000.usb: irq 129, io mem 0x7d008000
[    2.900134] tegra-ehci 7d008000.usb: USB 2.0 started, EHCI 1.10
[    2.906995] hub 1-0:1.0: USB hub found
[    2.910810] hub 1-0:1.0: 1 port detected
[    2.916032] input: gpio-keys.2 as /devices/soc0/gpio-keys.2/input/input1
[    2.923136] drivers/rtc/hctosys.c: unable to open rtc device (rtc0)
[    2.943313] ALSA device list:
[    2.946281]   #0: NVIDIA Tegra Dalmore
[    2.959191] kjournald starting.  Commit interval 5 seconds
[    2.960752] EXT3-fs (mmcblk0p1): using internal journal
[    2.960769] EXT3-fs (mmcblk0p1): recovery complete
[    2.960776] EXT3-fs (mmcblk0p1): mounted filesystem with writeback data mode
[    2.960845] VFS: Mounted root (ext3 filesystem) on device 179:1.
[    2.961945] devtmpfs: mounted
[    2.962240] Freeing unused kernel memory: 244K (c0757000 - c0794000)
bash: cannot set terminal process group (-1): Inappropriate ioctl for device
bash: no job control in this shell
I have no name!@(none):/# [    3.230166] usb 1-1: new high-speed USB device number 2 using tegra-ehci
[    3.722868] asix 1-1:1.0 eth0: register 'asix' at usb-7d008000.usb-1, ASIX AX88772 USB 2.0 Ethernet, 00:50:b6:0d:b5:16
