

U-Boot 2015.04-00466-gedec83e90172 (Mar 14 2016 - 10:42:01)

TEGRA124
Model: Acer Chromebook 13 CB5-311
DRAM:  4 GiB
:   Tegra SD/MMC: 0, Tegra SD/MMC: 1, Tegra SD/MMC: 2
MMC init failed
Using default environment

In:    serial
Out:   serial
Err:   serial
Net:   Net Initialization Skipped
No ethernet found.
Hit any key to stop autoboot:  2  1  0 
Tegra124 (Nyan-big) # 
Tegra124 (Nyan-big) # usb start
starting USB...
USB0:   USB EHCI 1.10
scanning bus 0 for devices... 2 USB Device(s) found
USB1:   USB EHCI 1.10
scanning bus 1 for devices... 2 USB Device(s) found
       scanning usb for storage devices... 1 Storage Device(s) found
       scanning usb for ethernet devices... 
Warning: asx0 using MAC address from net device
1 Ethernet Device(s) found
Tegra124 (Nyan-big) # mw 0x7000e4a0 0x00080000
Tegra124 (Nyan-big) # setenv bootargs 'ignore_loglevel console=ttyS0,115200n8 rw root=PARTUUID=4d36e82a-b3c0-4b4b-bfcd-afe5217ac023 rootwait gpt debug noinitrd earlyprintk init=/bin/bash'
Tegra124 (Nyan-big) # setenv ipaddr 192.168.100.102; setenv serverip 192.168.100.1; setenv tftpserverip 192.168.100.1
Tegra124 (Nyan-big) # tftpboot 0x82000000 zImage.multi_v7_defconfig
Using asx0 device
TFTP from server 192.168.100.1; our IP address is 192.168.100.102
Filename 'zImage.multi_v7_defconfig'.
Load address: 0x82000000
Loading: *#################################################################
	 #################################################################
	 #################################################################
	 #################################################################
	 #################################################################
	 #################################################################
	 #################################################################
	 #################################################################
	 #######################################
	 2.3 MiB/s
done
Bytes transferred = 8204808 (7d3208 hex)
Tegra124 (Nyan-big) # tftpboot 0x83000000 tegra124-nyan-big.dtb
Using asx0 device
TFTP from server 192.168.100.1; our IP address is 192.168.100.102
Filename 'tegra124-nyan-big.dtb'.
Load address: 0x83000000
Loading: *#####
	 2.7 MiB/s
done
Bytes transferred = 68203 (10a6b hex)
Tegra124 (Nyan-big) # bootz 0x82000000 - 0x83000000
Kernel image @ 0x82000000 [ 0x000000 - 0x7d3200 ]
## Flattened Device Tree blob at 83000000
   Booting using the fdt blob at 0x83000000
   Using Device Tree in place at 83000000, end 83013a6a

Starting kernel ...

[    0.000000] Booting Linux on physical CPU 0x0
[    0.000000] Linux version 4.14.0-rc4-next-20171012-205980-gdcc70ea (jonathanh@sellafield) (gcc version 4.7.3 20130328 (prerelease) (crosstool-NG linaro-1.13.1-4.7-2013.04-20130415 - Linaro GCC 2013.04)) #1 SMP Thu Oct 12 20:04:52 PDT 2017
[    0.000000] CPU: ARMv7 Processor [413fc0f3] revision 3 (ARMv7), cr=10c5387d
[    0.000000] CPU: div instructions available: patching division code
[    0.000000] CPU: PIPT / VIPT nonaliasing data cache, PIPT instruction cache
[    0.000000] OF: fdt: Machine model: Acer Chromebook 13 CB5-311
[    0.000000] OF: fdt: Ignoring memory range 0x100000000 - 0x17ffff000
[    0.000000] debug: ignoring loglevel setting.
[    0.000000] Memory policy: Data cache writealloc
[    0.000000] efi: Getting EFI parameters from FDT:
[    0.000000] efi: UEFI not found.
[    0.000000] cma: Reserved 64 MiB at 0xfb800000
[    0.000000] On node 0 totalpages: 524287
[    0.000000] free_area_init_node: node 0, pgdat c16850c0, node_mem_map eeff8000
[    0.000000]   DMA zone: 1536 pages used for memmap
[    0.000000]   DMA zone: 0 pages reserved
[    0.000000]   DMA zone: 196608 pages, LIFO batch:31
[    0.000000]   HighMem zone: 327679 pages, LIFO batch:31
[    0.000000] random: fast init done
[    0.000000] percpu: Embedded 17 pages/cpu @eef83000 s39744 r8192 d21696 u69632
[    0.000000] pcpu-alloc: s39744 r8192 d21696 u69632 alloc=17*4096
[    0.000000] pcpu-alloc: [0] 0 [0] 1 [0] 2 [0] 3 
[    0.000000] Built 1 zonelists, mobility grouping on.  Total pages: 522751
[    0.000000] Kernel command line: ignore_loglevel console=ttyS0,115200n8 rw root=PARTUUID=4d36e82a-b3c0-4b4b-bfcd-afe5217ac023 rootwait gpt debug noinitrd earlyprintk init=/bin/bash
[    0.000000] PID hash table entries: 4096 (order: 2, 16384 bytes)
[    0.000000] Dentry cache hash table entries: 131072 (order: 7, 524288 bytes)
[    0.000000] Inode-cache hash table entries: 65536 (order: 6, 262144 bytes)
[    0.000000] Memory: 1993412K/2097148K available (11264K kernel code, 1620K rwdata, 4524K rodata, 2048K init, 403K bss, 38200K reserved, 65536K cma-reserved, 1245180K highmem)
[    0.000000] Virtual kernel memory layout:
[    0.000000]     vector  : 0xffff0000 - 0xffff1000   (   4 kB)
[    0.000000]     fixmap  : 0xffc00000 - 0xfff00000   (3072 kB)
[    0.000000]     vmalloc : 0xf0800000 - 0xff800000   ( 240 MB)
[    0.000000]     lowmem  : 0xc0000000 - 0xf0000000   ( 768 MB)
[    0.000000]     pkmap   : 0xbfe00000 - 0xc0000000   (   2 MB)
[    0.000000]     modules : 0xbf000000 - 0xbfe00000   (  14 MB)
[    0.000000]       .text : 0xc0208000 - 0xc0e00000   (12256 kB)
[    0.000000]       .init : 0xc1300000 - 0xc1500000   (2048 kB)
[    0.000000]       .data : 0xc1500000 - 0xc1695130   (1621 kB)
[    0.000000]        .bss : 0xc1695130 - 0xc16f9efc   ( 404 kB)
[    0.000000] SLUB: HWalign=64, Order=0-3, MinObjects=0, CPUs=4, Nodes=1
[    0.000000] Hierarchical RCU implementation.
[    0.000000] 	RCU event tracing is enabled.
[    0.000000] 	RCU restricting CPUs from NR_CPUS=16 to nr_cpu_ids=4.
[    0.000000] RCU: Adjusting geometry for rcu_fanout_leaf=16, nr_cpu_ids=4
[    0.000000] NR_IRQS: 16, nr_irqs: 16, preallocated irqs: 16
[    0.000000] /interrupt-controller@60004000: 160 interrupts forwarded to /interrupt-controller@50041000
[    0.000000] Tegra clk 127: register failed with -17
[    0.000003] sched_clock: 32 bits at 1000kHz, resolution 1000ns, wraps every 2147483647500ns
[    0.000011] clocksource: timer_us: mask: 0xffffffff max_cycles: 0xffffffff, max_idle_ns: 1911260446275 ns
[    0.000017] Switching to timer-based delay loop, resolution 1000ns
[    0.001747] arch_timer: cp15 timer(s) running at 12.00MHz (virt).
[    0.001754] clocksource: arch_sys_counter: mask: 0xffffffffffffff max_cycles: 0x2c47f4ee7, max_idle_ns: 440795202497 ns
[    0.001760] sched_clock: 56 bits at 12MHz, resolution 83ns, wraps every 4398046511096ns
[    0.001765] Switching to timer-based delay loop, resolution 83ns
[    0.001981] Console: colour dummy device 80x30
[    0.001997] Calibrating delay loop (skipped), value calculated using timer frequency.. 24.00 BogoMIPS (lpj=120000)
[    0.002003] pid_max: default: 32768 minimum: 301
[    0.002050] Mount-cache hash table entries: 2048 (order: 1, 8192 bytes)
[    0.002056] Mountpoint-cache hash table entries: 2048 (order: 1, 8192 bytes)
[    0.002258] CPU: Testing write buffer coherency: ok
[    0.002390] /cpus/cpu@0 missing clock-frequency property
[    0.002405] /cpus/cpu@1 missing clock-frequency property
[    0.002420] /cpus/cpu@2 missing clock-frequency property
[    0.002435] /cpus/cpu@3 missing clock-frequency property
[    0.002441] CPU0: thread -1, cpu 0, socket 0, mpidr 80000000
[    0.002558] Setting up static identity map for 0x80300000 - 0x803000a0
[    0.003259] Hierarchical SRCU implementation.
[    0.003943] Tegra Revision: A01 SKU: 131 CPU Process: 1 SoC Process: 1
[    0.004210] EFI services will not be available.
[    0.004271] smp: Bringing up secondary CPUs ...
[    0.004561] CPU1: thread -1, cpu 1, socket 0, mpidr 80000001
[    0.012014] CPU2: thread -1, cpu 2, socket 0, mpidr 80000002
[    0.022021] CPU3: thread -1, cpu 3, socket 0, mpidr 80000003
[    0.031748] smp: Brought up 1 node, 4 CPUs
[    0.031756] SMP: Total of 4 processors activated (96.00 BogoMIPS).
[    0.031760] CPU: All CPU(s) started in SVC mode.
[    0.032313] devtmpfs: initialized
[    0.037301] VFP support v0.3: implementor 41 architecture 4 part 30 variant f rev 0
[    0.037501] clocksource: jiffies: mask: 0xffffffff max_cycles: 0xffffffff, max_idle_ns: 19112604462750000 ns
[    0.037509] futex hash table entries: 1024 (order: 4, 65536 bytes)
[    0.038083] pinctrl core: initialized pinctrl subsystem
[    0.038714] DMI not present or invalid.
[    0.038820] NET: Registered protocol family 16
[    0.039558] DMA: preallocated 256 KiB pool for atomic coherent allocations
[    0.040435] cpuidle: using governor menu
[    0.048798] No ATAGs?
[    0.048854] hw-breakpoint: found 5 (+1 reserved) breakpoint and 4 watchpoint registers.
[    0.048860] hw-breakpoint: maximum watchpoint size is 8 bytes.
[    0.051655] Serial: AMBA PL011 UART driver
[    0.052094] tegra-mc 70019000.memory-controller: no memory timings for RAM code 0 registered
[    0.052205] iommu: Adding device reg-dummy to group 0
[    0.052235] iommu: Adding device 50000000.host1x to group 1
[    0.052259] iommu: Adding device 54200000.dc to group 2
[    0.052285] iommu: Adding device 54240000.dc to group 3
[    0.052296] iommu: Adding device 54280000.hdmi to group 4
[    0.052308] iommu: Adding device 54540000.sor to group 5
[    0.052319] iommu: Adding device 545c0000.dpaux to group 6
[    0.052343] iommu: Adding device 57000000.gpu to group 7
[    0.052353] iommu: Adding device 60005000.timer to group 8
[    0.052364] iommu: Adding device 60007000.flow-controller to group 9
[    0.052375] iommu: Adding device 6000c800.actmon to group 10
[    0.052389] iommu: Adding device 6000d000.gpio to group 11
[    0.052400] iommu: Adding device 60020000.dma to group 12
[    0.052411] iommu: Adding device 70000800.apbmisc to group 13
[    0.052422] iommu: Adding device 70000868.pinmux to group 14
[    0.052432] iommu: Adding device 70006000.serial to group 15
[    0.052443] iommu: Adding device 7000a000.pwm to group 16
[    0.052453] iommu: Adding device 7000c000.i2c to group 17
[    0.052465] iommu: Adding device 7000c400.i2c to group 18
[    0.052476] iommu: Adding device 7000c500.i2c to group 19
[    0.052489] iommu: Adding device 7000c700.i2c to group 20
[    0.052499] iommu: Adding device 7000d000.i2c to group 21
[    0.052512] iommu: Adding device 7000d400.spi to group 22
[    0.052523] iommu: Adding device 7000da00.spi to group 23
[    0.052534] iommu: Adding device 7000e000.rtc to group 24
[    0.052544] iommu: Adding device 7000e400.pmc to group 25
[    0.052555] iommu: Adding device 7000f800.fuse to group 26
[    0.052566] iommu: Adding device 70019000.memory-controller to group 27
[    0.052578] iommu: Adding device 7001b000.emc to group 28
[    0.052589] iommu: Adding device 70030000.hda to group 29
[    0.052600] iommu: Adding device 70090000.usb to group 30
[    0.052611] iommu: Adding device 7009f000.padctl to group 31
[    0.052625] iommu: Adding device 700b0000.sdhci to group 32
[    0.052636] iommu: Adding device 700b0400.sdhci to group 33
[    0.052647] iommu: Adding device 700b0600.sdhci to group 34
[    0.052657] iommu: Adding device 700e2000.thermal-sensor to group 35
[    0.052670] iommu: Adding device 70300000.ahub to group 36
[    0.052680] iommu: Adding device pmu to group 37
[    0.052692] iommu: Adding device timer to group 38
[    0.052703] iommu: Adding device sdhci0_pwrseq to group 39
[    0.052714] iommu: Adding device backlight to group 40
[    0.052725] iommu: Adding device clocks to group 41
[    0.052735] iommu: Adding device gpio-keys to group 42
[    0.052748] iommu: Adding device regulators to group 43
[    0.052759] iommu: Adding device regulators:regulator@0 to group 44
[    0.052771] iommu: Adding device regulators:regulator@1 to group 45
[    0.052782] iommu: Adding device regulators:regulator@2 to group 46
[    0.052793] iommu: Adding device regulators:regulator@3 to group 47
[    0.052804] iommu: Adding device regulators:regulator@4 to group 48
[    0.052816] iommu: Adding device regulators:regulator@5 to group 49
[    0.052827] iommu: Adding device regulators:regulator@6 to group 50
[    0.052838] iommu: Adding device regulators:regulator@7 to group 51
[    0.052849] iommu: Adding device regulators:regulator@8 to group 52
[    0.052861] iommu: Adding device regulators:regulator@9 to group 53
[    0.052874] iommu: Adding device regulators:regulator@10 to group 54
[    0.052885] iommu: Adding device regulators:regulator@11 to group 55
[    0.052896] iommu: Adding device regulators:regulator@12 to group 56
[    0.052906] iommu: Adding device sound to group 57
[    0.052916] iommu: Adding device gpio-restart to group 58
[    0.052927] iommu: Adding device panel to group 59
[    0.058018] AT91: Could not find identification node
[    0.058224] +5V_SYS: supplied by +VDD_MUX
[    0.058322] +3.3V_SYS: supplied by +VDD_MUX
[    0.058535] +VDD_LED: Failed to request enable GPIO122: -517
[    0.058541] reg-fixed-voltage regulators:regulator@5: Failed to register regulator: -517
[    0.058575] +5V_VDD_TS_SW: Failed to request enable GPIO81: -517
[    0.058580] reg-fixed-voltage regulators:regulator@6: Failed to register regulator: -517
[    0.058612] +5V_USB_HS: Failed to request enable GPIO108: -517
[    0.058617] reg-fixed-voltage regulators:regulator@7: Failed to register regulator: -517
[    0.058649] +5V_USB_SS: Failed to request enable GPIO109: -517
[    0.058654] reg-fixed-voltage regulators:regulator@8: Failed to register regulator: -517
[    0.058743] +1.05V_RUN_AVDD_HDMI_PLL: Failed to request enable GPIO63: -517
[    0.058748] reg-fixed-voltage regulators:regulator@11: Failed to register regulator: -517
[    0.058779] +5V_HDMI_CON: Failed to request enable GPIO86: -517
[    0.058784] reg-fixed-voltage regulators:regulator@12: Failed to register regulator: -517
[    0.059772] vgaarb: loaded
[    0.060037] SCSI subsystem initialized
[    0.060107] libata version 3.00 loaded.
[    0.060186] usbcore: registered new interface driver usbfs
[    0.060204] usbcore: registered new interface driver hub
[    0.060228] usbcore: registered new device driver usb
[    0.061504] pps_core: LinuxPPS API ver. 1 registered
[    0.061509] pps_core: Software ver. 5.3.6 - Copyright 2005-2007 Rodolfo Giometti <giometti@linux.it>
[    0.061517] PTP clock support registered
[    0.061582] EDAC MC: Ver: 3.0.0
[    0.061688] dmi: Firmware registration failed.
[    0.062003] tegra-emc 7001b000.emc: no memory timings for RAM code 0 found in DT
[    0.062013] tegra-emc: probe of 7001b000.emc failed with error -2
[    0.062436] clocksource: Switched to clocksource arch_sys_counter
[    0.081945] NET: Registered protocol family 2
[    0.082137] TCP established hash table entries: 8192 (order: 3, 32768 bytes)
[    0.082171] TCP bind hash table entries: 8192 (order: 4, 65536 bytes)
[    0.082233] TCP: Hash tables configured (established 8192 bind 8192)
[    0.082268] UDP hash table entries: 512 (order: 2, 16384 bytes)
[    0.082284] UDP-Lite hash table entries: 512 (order: 2, 16384 bytes)
[    0.082341] NET: Registered protocol family 1
[    0.082514] RPC: Registered named UNIX socket transport module.
[    0.082518] RPC: Registered udp transport module.
[    0.082521] RPC: Registered tcp transport module.
[    0.082523] RPC: Registered tcp NFSv4.1 backchannel transport module.
[    0.082528] PCI: CLS 0 bytes, default 64
[    0.083094] hw perfevents: enabled with armv7_cortex_a15 PMU driver, 7 counters available
[    0.083379] iommu: Adding device alarmtimer to group 60
[    0.083693] Initialise system trusted keyrings
[    0.083754] workingset: timestamp_bits=30 max_order=19 bucket_order=0
[    0.086072] squashfs: version 4.0 (2009/01/31) Phillip Lougher
[    0.086300] NFS: Registering the id_resolver key type
[    0.086312] Key type id_resolver registered
[    0.086315] Key type id_legacy registered
[    0.086331] ntfs: driver 2.1.32 [Flags: R/O].
[    0.086876] Key type asymmetric registered
[    0.086881] Asymmetric key parser 'x509' registered
[    0.086902] bounce: pool size: 64 pages
[    0.086922] Block layer SCSI generic (bsg) driver version 0.4 loaded (major 247)
[    0.086926] io scheduler noop registered
[    0.086929] io scheduler deadline registered
[    0.087007] io scheduler cfq registered (default)
[    0.087010] io scheduler mq-deadline registered
[    0.087014] io scheduler kyber registered
[    0.088383] tegra-xusb-padctl 7009f000.padctl: failed to setup XUSB ports: -517
[    0.098994] tegra-apbdma 60020000.dma: Tegra20 APB DMA driver register 32 channels
[    0.100062] tegra-pmc 7000e400.pmc: i2c-thermtrip node not found, emergency thermal reset disabled.
[    0.117387] Serial: 8250/16550 driver, 4 ports, IRQ sharing disabled
[    0.117430] iommu: Adding device serial8250 to group 61
[    0.118462] console [ttyS0] disabled
[    0.118481] 70006000.serial: ttyS0 at MMIO 0x70006000 (irq = 333, base_baud = 25500000) is a Tegra
[    1.380623] console [ttyS0] enabled
[    1.384415] SuperH (H)SCI(F) driver initialized
[    1.389289] msm_serial: driver initialized
[    1.393443] STMicroelectronics ASC driver initialized
[    1.400773] tegra-hdmi 54280000.hdmi: failed to get HDMI regulator
[    1.407317] tegra-dpaux 545c0000.dpaux: failed to get VDD supply: -517
[    1.414733] panel-simple panel: panel supply power not found, using dummy regulator
[    1.425065] brd: module loaded
[    1.430474] loop: module loaded
[    1.434545] as3722 4-0040: AS3722 with revision 0x1 found
[    1.441050] iommu: Adding device as3722-pinctrl to group 62
[    1.447957] iommu: Adding device as3722-regulator to group 63
[    1.455812] as3722-sd2: supplied by +5V_SYS
[    1.460213] as3722-sd3: supplied by +5V_SYS
[    1.464551] +1.35V_LP0(sd3): Bringing 0uV into 1350000-1350000uV
[    1.470708] as3722-sd4: supplied by +5V_SYS
[    1.475090] +1.05V_RUN: Bringing 0uV into 1050000-1050000uV
[    1.480814] as3722-sd5: supplied by +5V_SYS
[    1.486377] as3722-ldo0: supplied by +1.35V_LP0(sd2)
[    1.492092] +1.8V_RUN_CAM: Bringing 0uV into 1800000-1800000uV
[    1.498101] as3722-ldo2: supplied by +1.8V_VDDIO
[    1.503706] as3722-ldo3: supplied by +3.3V_SYS
[    1.508149] +1.00V_LP0_VDD_RTC: Bringing 1100000uV into 1000000-1000000uV
[    1.515708] as3722-ldo4: supplied by +3.3V_SYS
[    1.520303] +3.3V_RUN_CAM: Bringing 0uV into 2800000-2800000uV
[    1.526308] as3722-ldo5: supplied by +1.8V_VDDIO
[    1.531072] +1.2V_RUN_CAM_FRONT: Bringing 0uV into 1200000-1200000uV
[    1.537744] +VDDIO_SDMMC3: Bringing 0uV into 1800000-1800000uV
[    1.543760] as3722-ldo7: supplied by +1.8V_VDDIO
[    1.548524] +1.05V_RUN_CAM_REAR: Bringing 0uV into 1050000-1050000uV
[    1.555066] as3722-ldo9: supplied by +5V_SYS
[    1.559629] +2.8V_RUN_TOUCH: Bringing 0uV into 2800000-2800000uV
[    1.565820] as3722-ldo10: supplied by +5V_SYS
[    1.570322] +2.8V_RUN_CAM_AF: Bringing 0uV into 2800000-2800000uV
[    1.576751] +1.8V_RUN_VPP_FUSE: Bringing 0uV into 1800000-1800000uV
[    1.583249] iommu: Adding device as3722-rtc to group 64
[    1.588609] iommu: Adding device as3722-adc to group 65
[    1.593936] iommu: Adding device as3722-power-off to group 66
[    1.599768] iommu: Adding device as3722-wdt to group 67
[    1.616578] m25p80 spi1.0: w25q32dw (4096 Kbytes)
[    1.622075] iommu: Adding device Fixed MDIO bus.0 to group 68
[    1.627962] libphy: Fixed MDIO Bus: probed
[    1.632384] CAN device driver interface
[    1.636529] bgmac_bcma: Broadcom 47xx GBit MAC driver loaded
[    1.642638] e1000e: Intel(R) PRO/1000 Network Driver - 3.2.6-k
[    1.648455] e1000e: Copyright(c) 1999 - 2015 Intel Corporation.
[    1.654379] igb: Intel(R) Gigabit Ethernet Network Driver - version 5.4.0-k
[    1.661321] igb: Copyright (c) 2007-2014 Intel Corporation.
[    1.668154] pegasus: v0.9.3 (2013/04/25), Pegasus/Pegasus II USB Ethernet driver
[    1.675560] usbcore: registered new interface driver pegasus
[    1.681216] usbcore: registered new interface driver asix
[    1.686616] usbcore: registered new interface driver ax88179_178a
[    1.692707] usbcore: registered new interface driver cdc_ether
[    1.698539] usbcore: registered new interface driver smsc75xx
[    1.704289] usbcore: registered new interface driver smsc95xx
[    1.710029] usbcore: registered new interface driver net1080
[    1.715688] usbcore: registered new interface driver cdc_subset
[    1.721600] usbcore: registered new interface driver zaurus
[    1.727178] usbcore: registered new interface driver cdc_ncm
[    1.733494] ehci_hcd: USB 2.0 'Enhanced' Host Controller (EHCI) Driver
[    1.740006] ehci-pci: EHCI PCI platform driver
[    1.744454] ehci-platform: EHCI generic platform driver
[    1.749733] ehci-orion: EHCI orion driver
[    1.753788] SPEAr-ehci: EHCI SPEAr driver
[    1.757831] ehci-st: EHCI STMicroelectronics driver
[    1.762747] ehci-exynos: EHCI EXYNOS driver
[    1.766970] ehci-atmel: EHCI Atmel driver
[    1.771012] tegra-ehci: Tegra EHCI driver
[    1.775080] ohci_hcd: USB 1.1 'Open' Host Controller (OHCI) Driver
[    1.781248] ohci-pci: OHCI PCI platform driver
[    1.785696] ohci-platform: OHCI generic platform driver
[    1.790969] SPEAr-ohci: OHCI SPEAr driver
[    1.795018] ohci-st: OHCI STMicroelectronics driver
[    1.799928] ohci-atmel: OHCI Atmel driver
[    1.804189] usbcore: registered new interface driver usb-storage
[    1.811263] elan_i2c 1-0015: 1-0015 supply vcc not found, using dummy regulator
[    1.818632] as3722-rtc as3722-rtc: rtc core: registered as3722-rtc as rtc0
[    1.825504] as3722-rtc as3722-rtc: RTC interrupt 372
[    1.832451] tegra_rtc 7000e000.rtc: rtc core: registered 7000e000.rtc as rtc1
[    1.839585] tegra_rtc 7000e000.rtc: Tegra internal Real Time Clock
[    1.845942] i2c /dev entries driver
[    1.851808] lm90 0-004c: 0-004c supply vcc not found, using dummy regulator
[    1.862122] iommu: Adding device cpufreq-tegra124 to group 69
[    1.868930] sdhci: Secure Digital Host Controller Interface driver
[    1.875103] sdhci: Copyright(c) Pierre Ossman
[    1.879999] Synopsys Designware Multimedia Card Interface Driver
[    1.886499] sdhci-pltfm: SDHCI platform and OF driver helper
[    1.892435] sdhci-tegra 700b0000.sdhci: allocated mmc-pwrseq
[    1.906240] sdhci-tegra 700b0400.sdhci: Got CD GPIO
[    1.911110] sdhci-tegra 700b0400.sdhci: Got WP GPIO
[    1.930564] mmc0: Unknown controller version (3). You may experience problems.
[    1.937804] mmc0: Invalid maximum block size, assuming 512 bytes
[    1.995300] elan_i2c 1-0015: Elan Touchpad: Module ID: 0x002a, Firmware: 0x0005, Sample: 0x0007, IAP: 0x0009
[    2.002445] mmc0: SDHCI controller on 700b0600.sdhci [700b0600.sdhci] using ADMA
[    2.012611] ledtrig-cpu: registered to indicate activity on CPUs
[    2.012664] input: Elan Touchpad as /devices/soc0/7000c400.i2c/i2c-1/1-0015/input/input0
[    2.026803] usbcore: registered new interface driver usbhid
[    2.032360] usbhid: USB HID core driver
[    2.037590] NET: Registered protocol family 10
[    2.042597] Segment Routing with IPv6
[    2.046268] sit: IPv6, IPv4 and MPLS over IPv4 tunneling driver
[    2.052369] NET: Registered protocol family 17
[    2.056817] can: controller area network core (rev 20170425 abi 9)
[    2.063011] NET: Registered protocol family 29
[    2.067442] can: raw protocol (rev 20170425)
[    2.071698] can: broadcast manager protocol (rev 20170425 t)
[    2.077351] can: netlink gateway (rev 20170425) max_hops=1
[    2.082950] Key type dns_resolver registered
[    2.087410] ThumbEE CPU extension supported.
[    2.091680] Registering SWP/SWPB emulation handler
[    2.092621] mmc0: new high speed MMC card at address 0001
[    2.092861] mmcblk0: mmc0:0001 MMC16G 14.4 GiB 
[    2.092930] mmcblk0boot0: mmc0:0001 MMC16G partition 1 2.00 MiB
[    2.093001] mmcblk0boot1: mmc0:0001 MMC16G partition 2 2.00 MiB
[    2.096766] mmcblk0rpmb: mmc0:0001 MMC16G partition 3 128 KiB, chardev (237:0)
[    2.100707]  mmcblk0: p1 p2 p3 p4 p5 p6 p7 p8 p9 p10 p11 p12
[    2.131852] Loading compiled-in X.509 certificates
[    2.141494] +3.3V_RUN: supplied by +3.3V_SYS
[    2.146618] +VDD_LED: supplied by +VDD_MUX
[    2.150782] +3.3V_AVDD_HDMI_AP_GATED: supplied by +3.3V_RUN
[    2.156484] +1.8V_RUN_CAM: supplied by +3.3V_RUN
[    2.161180] +VDDIO_SDMMC3: supplied by +3.3V_RUN
[    2.165909] +1.8V_RUN_VPP_FUSE: supplied by +3.3V_RUN
[    2.171175] +5V_VDD_TS_SW: supplied by +5V_SYS
[    2.175970] +5V_USB_HS: supplied by +5V_SYS
[    2.180318] +5V_USB_SS: supplied by +5V_SYS
[    2.185376] +3.3V_PANEL: supplied by +3.3V_RUN
[    2.190806] +3.3V_LP0: supplied by +3.3V_SYS
[    2.196020] +1.05V_RUN_AVDD_HDMI_PLL: supplied by +1.05V_RUN
[    2.196251] elan_i2c 1-0015: failed to read report data: -121
[    2.207768] +5V_HDMI_CON: supplied by +5V_SYS
[    2.212869]  usb3-0: usb3-0 supply vbus not found, using dummy regulator
[    2.219597]  usb3-1: usb3-1 supply vbus not found, using dummy regulator
[    2.229983] tegra-sor 54540000.sor: failed to probe output: -517
[    2.236766] panel-simple panel: panel supply power not found, using dummy regulator
[    2.245594] sdhci-tegra 700b0000.sdhci: allocated mmc-pwrseq
[    2.259473] mmc1: Unknown controller version (3). You may experience problems.
[    2.266958] mmc1: Invalid maximum block size, assuming 512 bytes
[    2.273372] mmc1: Switching to 3.3V signalling voltage failed
[    2.332506] mmc1: SDHCI controller on 700b0000.sdhci [700b0000.sdhci] using ADMA
[    2.333359] elan_i2c 1-0015: invalid report id data (ff)
[    2.345978] sdhci-tegra 700b0400.sdhci: Got CD GPIO
[    2.350848] sdhci-tegra 700b0400.sdhci: Got WP GPIO
[    2.364250] mmc2: Unknown controller version (3). You may experience problems.
[    2.371550] mmc2: Invalid maximum block size, assuming 512 bytes
[    2.405934] mmc1: new high speed SDIO card at address 0001
[    2.442603] mmc2: SDHCI controller on 700b0400.sdhci [700b0400.sdhci] using ADMA
[    2.546278] [drm] Supports vblank timestamp caching Rev 2 (21.10.2013).
[    2.552907] [drm] No driver support for vblank timestamp query.
[    2.594124] mmc2: new high speed SDHC card at address 0007
[    2.594461] mmcblk2: mmc2:0007 SD08G 7.42 GiB 
[    2.604478] GPT:Primary header alternate_lba != Alt. header my_lba
[    2.604482] GPT:3014591 != 15564799
[    2.604484] GPT:Primary header thinks Alt. header is not at the end of the disk.
[    2.604485] GPT:3014591 != 15564799
[    2.604487] GPT: Use GNU Parted to correct GPT errors.
[    2.604511]  mmcblk2: p1 p2 p3 p4 p5 p6 p7 p8 p9 p10 p11 p12
[    2.641569] Console: switching to colour frame buffer device 170x48
[    2.705691] drm drm: fb0:  frame buffer device
[    2.710174] [drm] Initialized tegra 0.0.0 20120330 for drm on minor 0
[    2.717645] input: gpio-keys as /devices/soc0/gpio-keys/input/input1
[    2.725263] as3722-rtc as3722-rtc: setting system clock to 2000-01-03 16:45:59 UTC (946917959)
[    2.734284] +1.8V_RUN_CAM: disabling
[    2.738062] +3.3V_RUN_CAM: disabling
[    2.741795] +1.2V_RUN_CAM_FRONT: disabling
[    2.746165] +1.05V_RUN_CAM_REAR: disabling
[    2.750419] +2.8V_RUN_TOUCH: disabling
[    2.754406] +2.8V_RUN_CAM_AF: disabling
[    2.758400] +1.8V_RUN_VPP_FUSE: disabling
[    2.762558] +5V_VDD_TS_SW: disabling
[    2.766130] +5V_USB_HS: disabling
[    2.769434] +5V_USB_SS: disabling
[    2.773666] EXT4-fs (mmcblk0p3): couldn't mount as ext3 due to feature incompatibilities
[    2.782258] EXT4-fs (mmcblk0p3): couldn't mount as ext2 due to feature incompatibilities
[    3.087295] EXT4-fs (mmcblk0p3): recovery complete
[    3.092835] EXT4-fs (mmcblk0p3): mounted filesystem with ordered data mode. Opts: (null)
[    3.100937] VFS: Mounted root (ext4 filesystem) on device 179:3.
[    3.108189] devtmpfs: mounted
[    3.111852] Freeing unused kernel memory: 2048K
bash: cannot set terminal process group (-1): Inappropriate ioctl for device
bash: no job control in this shell
root@(none):/# mount -t sysfs none /sys
root@(none):/# 
root@(none):/# mount -t debugfs none /sys/kernel/debug
root@(none):/# 
root@(none):/# rtcwake -d rtc1 -m mem -s 3
rtcwake: assuming RTC uses UTC ...
rtcwake: wakeup from "mem" using /dev/rtc1 at Thu Jan  1 00:00:30 1970
[    5.801798] PM: suspend entry (deep)
[    5.805414] PM: Syncing filesystems ... done.
[    5.824675] Freezing user space processes ... (elapsed 0.001 seconds) done.
[    5.832807] OOM killer disabled.
[    5.836026] Freezing remaining freezable tasks ... (elapsed 0.001 seconds) done.
[    5.844635] Suspending console(s) (use no_console_suspend to debug)
[    5.890756] Disabling non-boot CPUs ...
[    6.083089] Entering suspend state LP1
[    6.083102] Enabling non-boot CPUs ...
[    6.083486] CPU1 is up
[    6.083784] CPU2 is up
[    6.084114] CPU3 is up
[    6.252972] mmc1: Switching to 3.3V signalling voltage failed
[    6.512496] tegra-sor 54540000.sor: failed to attach SOR: -110
[    6.571869] OOM killer enabled.
[    6.575005] Restarting tasks ... done.
[    6.590799] PM: suspend exit
root@(none):/# 
root@(none):/# rtcwake -d rtc1 -m mem -s 3
rtcwake: assuming RTC uses UTC ...
rtcwake: wakeup from "mem" using /dev/rtc1 at Thu Jan  1 00:00:35 1970
[    7.572557] PM: suspend entry (deep)
[    7.576127] PM: Syncing filesystems ... done.
[    7.590908] Freezing user space processes ... (elapsed 0.001 seconds) done.
[    7.598962] OOM killer disabled.
[    7.602178] Freezing remaining freezable tasks ... (elapsed 0.001 seconds) done.
[    7.610640] Suspending console(s) (use no_console_suspend to debug)
[    7.657340] Disabling non-boot CPUs ...
[    7.692589] IRQ17 no longer affine to CPU1
[    7.792982] Entering suspend state LP1
[    7.792995] Enabling non-boot CPUs ...
[    7.793356] CPU1 is up
[    7.793650] CPU2 is up
[    7.793982] CPU3 is up
[    7.962335] mmc1: Switching to 3.3V signalling voltage failed
[    8.212497] tegra-sor 54540000.sor: failed to attach SOR: -110
[    8.285282] OOM killer enabled.
[    8.288417] Restarting tasks ... done.
[    8.300018] PM: suspend exit
root@(none):/# 
root@(none):/# rtcwake -d rtc1 -m mem -s 3
rtcwake: assuming RTC uses UTC ...
rtcwake: wakeup from "mem" using /dev/rtc1 at Thu Jan  1 00:00:40 1970
[    9.282243] PM: suspend entry (deep)
[    9.285860] PM: Syncing filesystems ... done.
[    9.300111] Freezing user space processes ... (elapsed 0.001 seconds) done.
[    9.308234] OOM killer disabled.
[    9.311450] Freezing remaining freezable tasks ... (elapsed 0.001 seconds) done.
[    9.320002] Suspending console(s) (use no_console_suspend to debug)
[    9.366405] Disabling non-boot CPUs ...
[    9.472563] IRQ17 no longer affine to CPU2
[    9.532940] Entering suspend state LP1
[    9.532953] Enabling non-boot CPUs ...
[    9.533317] CPU1 is up
[    9.533613] CPU2 is up
[    9.533946] CPU3 is up
[    9.702933] mmc1: Switching to 3.3V signalling voltage failed
[    9.962448] tegra-sor 54540000.sor: failed to attach SOR: -110
[   10.025962] OOM killer enabled.
[   10.029096] Restarting tasks ... done.
[   10.040749] PM: suspend exit
root@(none):/# 
root@(none):/# rtcwake -d rtc1 -m mem -s 3
rtcwake: assuming RTC uses UTC ...
rtcwake: wakeup from "mem" using /dev/rtc1 at Thu Jan  1 00:00:45 1970
[   11.022481] PM: suspend entry (deep)
[   11.026052] PM: Syncing filesystems ... done.
[   11.040873] Freezing user space processes ... (elapsed 0.001 seconds) done.
[   11.048927] OOM killer disabled.
[   11.052143] Freezing remaining freezable tasks ... (elapsed 0.001 seconds) done.
[   11.060609] Suspending console(s) (use no_console_suspend to debug)
[   11.107301] Disabling non-boot CPUs ...
[   11.192544] IRQ17 no longer affine to CPU1
[   11.312924] Entering suspend state LP1
[   11.312937] Enabling non-boot CPUs ...
[   11.313300] CPU1 is up
[   11.313595] CPU2 is up
[   11.313926] CPU3 is up
[   11.482286] mmc1: Switching to 3.3V signalling voltage failed
[   11.732376] tegra-sor 54540000.sor: failed to attach SOR: -110
[   11.805146] OOM killer enabled.
[   11.808279] Restarting tasks ... done.
[   11.819966] PM: suspend exit
root@(none):/# 
root@(none):/# rtcwake -d rtc1 -m mem -s 3
rtcwake: assuming RTC uses UTC ...
rtcwake: wakeup from "mem" using /dev/rtc1 at Thu Jan  1 00:00:50 1970
[   12.802700] PM: suspend entry (deep)
[   12.806269] PM: Syncing filesystems ... done.
[   12.820107] Freezing user space processes ... (elapsed 0.001 seconds) done.
[   12.828234] OOM killer disabled.
[   12.831450] Freezing remaining freezable tasks ... (elapsed 0.001 seconds) done.
[   12.839982] Suspending console(s) (use no_console_suspend to debug)
[   12.886471] Disabling non-boot CPUs ...
[   13.012517] IRQ17 no longer affine to CPU2
[   13.082989] Entering suspend state LP1
[   13.083002] Enabling non-boot CPUs ...
[   13.083365] CPU1 is up
[   13.083661] CPU2 is up
[   13.083990] CPU3 is up
[   13.252429] mmc1: Switching to 3.3V signalling voltage failed
[   13.512414] tegra-sor 54540000.sor: failed to attach SOR: -110
[   13.575298] OOM killer enabled.
[   13.578430] Restarting tasks ... done.
[   13.590074] PM: suspend exit
root@(none):/# 
root@(none):/# rtcwake -d rtc1 -m mem -s 3
rtcwake: assuming RTC uses UTC ...
rtcwake: wakeup from "mem" using /dev/rtc1 at Thu Jan  1 00:00:55 1970
[   14.572439] PM: suspend entry (deep)
[   14.576009] PM: Syncing filesystems ... done.
[   14.590212] Freezing user space processes ... (elapsed 0.001 seconds) done.
[   14.598330] OOM killer disabled.
[   14.601546] Freezing remaining freezable tasks ... (elapsed 0.001 seconds) done.
[   14.610105] Suspending console(s) (use no_console_suspend to debug)
[   14.656723] Disabling non-boot CPUs ...
[   14.832479] IRQ17 no longer affine to CPU3
[   14.832908] Entering suspend state LP1
[   14.832921] Enabling non-boot CPUs ...
[   14.833285] CPU1 is up
[   14.833579] CPU2 is up
[   14.833912] CPU3 is up
[   15.003891] mmc1: Switching to 3.3V signalling voltage failed
[   15.262335] tegra-sor 54540000.sor: failed to attach SOR: -110
[   15.326942] OOM killer enabled.
[   15.330083] Restarting tasks ... done.
[   15.341588] PM: suspend exit
root@(none):/# 
root@(none):/# rtcwake -d rtc1 -m mem -s 3
rtcwake: assuming RTC uses UTC ...
rtcwake: wakeup from "mem" using /dev/rtc1 at Thu Jan  1 00:01:00 1970
[   16.322614] PM: suspend entry (deep)
[   16.326185] PM: Syncing filesystems ... done.
[   16.341701] Freezing user space processes ... (elapsed 0.001 seconds) done.
[   16.349819] OOM killer disabled.
[   16.353054] Freezing remaining freezable tasks ... (elapsed 0.001 seconds) done.
[   16.361590] Suspending console(s) (use no_console_suspend to debug)
[   16.408014] Disabling non-boot CPUs ...
[   16.562874] Entering suspend state LP1
[   16.562886] Enabling non-boot CPUs ...
[   16.563250] CPU1 is up
[   16.563550] CPU2 is up
[   16.563879] CPU3 is up
[   16.733532] mmc1: Switching to 3.3V signalling voltage failed
[   16.992341] tegra-sor 54540000.sor: failed to attach SOR: -110
[   17.052456] OOM killer enabled.
[   17.055588] Restarting tasks ... done.
[   17.071300] PM: suspend exit
root@(none):/# 
root@(none):/# rtcwake -d rtc1 -m mem -s 3
rtcwake: assuming RTC uses UTC ...
rtcwake: wakeup from "mem" using /dev/rtc1 at Thu Jan  1 00:01:05 1970
[   18.052560] PM: suspend entry (deep)
[   18.056130] PM: Syncing filesystems ... done.
[   18.071387] Freezing user space processes ... (elapsed 0.001 seconds) done.
[   18.079500] OOM killer disabled.
[   18.082737] Freezing remaining freezable tasks ... (elapsed 0.001 seconds) done.
[   18.091262] Suspending console(s) (use no_console_suspend to debug)
[   18.137701] Disabling non-boot CPUs ...
[   18.292837] Entering suspend state LP1
[   18.292850] Enabling non-boot CPUs ...
[   18.293212] CPU1 is up
[   18.293513] CPU2 is up
[   18.293848] CPU3 is up
[   18.463303] mmc1: Switching to 3.3V signalling voltage failed
[   18.722341] tegra-sor 54540000.sor: failed to attach SOR: -110
[   18.782037] OOM killer enabled.
[   18.785194] Restarting tasks ... done.
[   18.800978] PM: suspend exit
root@(none):/# 
root@(none):/# rtcwake -d rtc1 -m mem -s 3
rtcwake: assuming RTC uses UTC ...
rtcwake: wakeup from "mem" using /dev/rtc1 at Thu Jan  1 00:01:10 1970
[   19.782104] PM: suspend entry (deep)
[   19.785706] PM: Syncing filesystems ... done.
[   19.801084] Freezing user space processes ... (elapsed 0.001 seconds) done.
[   19.809225] OOM killer disabled.
[   19.812447] Freezing remaining freezable tasks ... (elapsed 0.001 seconds) done.
[   19.821018] Suspending console(s) (use no_console_suspend to debug)
[   19.867094] Disabling non-boot CPUs ...
[   20.022408] IRQ17 no longer affine to CPU3
[   20.022879] Entering suspend state LP1
[   20.022892] Enabling non-boot CPUs ...
[   20.023256] CPU1 is up
[   20.023556] CPU2 is up
[   20.023892] CPU3 is up
[   20.192384] mmc1: Switching to 3.3V signalling voltage failed
[   20.452274] tegra-sor 54540000.sor: failed to attach SOR: -110
[   20.515210] OOM killer enabled.
[   20.518343] Restarting tasks ... done.
[   20.529995] PM: suspend exit
root@(none):/# 
root@(none):/# rtcwake -d rtc1 -m mem -s 3
rtcwake: assuming RTC uses UTC ...
rtcwake: wakeup from "mem" using /dev/rtc1 at Thu Jan  1 00:01:15 1970
[   21.512029] PM: suspend entry (deep)
[   21.515629] PM: Syncing filesystems ... done.
[   21.530127] Freezing user space processes ... (elapsed 0.001 seconds) done.
[   21.538264] OOM killer disabled.
[   21.541484] Freezing remaining freezable tasks ... (elapsed 0.001 seconds) done.
[   21.550085] Suspending console(s) (use no_console_suspend to debug)
[   21.596442] Disabling non-boot CPUs ...
[   21.762386] IRQ17 no longer affine to CPU3
[   21.762853] Entering suspend state LP1
[   21.762866] Enabling non-boot CPUs ...
[   21.763229] CPU1 is up
[   21.763529] CPU2 is up
[   21.763865] CPU3 is up
[   21.933389] mmc1: Switching to 3.3V signalling voltage failed
[   22.192267] tegra-sor 54540000.sor: failed to attach SOR: -110
[   22.256379] OOM killer enabled.
[   22.259511] Restarting tasks ... done.
[   22.271166] PM: suspend exit
root@(none):/# 
root@(none):/# NVTB SYSTEM SUSPEND TEST COMPLETE
