

U-Boot 2015.04-00466-gedec83e90172 (Mar 14 2016 - 10:42:01)

TEGRA124
Model: Acer Chromebook 13 CB5-311
DRAM:  4 GiB
C:   Tegra SD/MMC: 0, Tegra SD/MMC: 1, Tegra SD/MMC: 2
MMC init failed
Using default environment

In:    serial
Out:   serial
Err:   serial
Net:   Net Initialization Skipped
No ethernet found.
Hit any key to stop autoboot:  2  1  0 
Tegra124 (Nyan-big) # 
Tegra124 (Nyan-big) # usb start
starting USB...
USB0:   USB EHCI 1.10
scanning bus 0 for devices... 2 USB Device(s) found
USB1:   USB EHCI 1.10
scanning bus 1 for devices... 2 USB Device(s) found
       scanning usb for storage devices... 1 Storage Device(s) found
       scanning usb for ethernet devices... 
Warning: asx0 using MAC address from net device
1 Ethernet Device(s) found
Tegra124 (Nyan-big) # mw 0x7000e4a0 0x00080000
Tegra124 (Nyan-big) # setenv bootargs 'ignore_loglevel console=ttyS0,115200n8 rw root=PARTUUID=4d36e82a-b3c0-4b4b-bfcd-afe5217ac023 rootwait gpt debug noinitrd earlyprintk init=/bin/bash'
Tegra124 (Nyan-big) # setenv ipaddr 192.168.100.102; setenv serverip 192.168.100.1; setenv tftpserverip 192.168.100.1
Tegra124 (Nyan-big) # tftpboot 0x82000000 zImage.multi_v7_defconfig
Using asx0 device
TFTP from server 192.168.100.1; our IP address is 192.168.100.102
Filename 'zImage.multi_v7_defconfig'.
Load address: 0x82000000
Loading: *#################################################################
	 #################################################################
	 #################################################################
	 #################################################################
	 #################################################################
	 #################################################################
	 #################################################################
	 #################################################################
	 #####################################
	 3.3 MiB/s
done
Bytes transferred = 8172040 (7cb208 hex)
Tegra124 (Nyan-big) # tftpboot 0x83000000 tegra124-nyan-big.dtb
Using asx0 device
TFTP from server 192.168.100.1; our IP address is 192.168.100.102
Filename 'tegra124-nyan-big.dtb'.
Load address: 0x83000000
Loading: *#####
	 3.4 MiB/s
done
Bytes transferred = 68203 (10a6b hex)
Tegra124 (Nyan-big) # bootz 0x82000000 - 0x83000000
Kernel image @ 0x82000000 [ 0x000000 - 0x7cb200 ]
## Flattened Device Tree blob at 83000000
   Booting using the fdt blob at 0x83000000
   Using Device Tree in place at 83000000, end 83013a6a

Starting kernel ...

[    0.000000] Booting Linux on physical CPU 0x0
[    0.000000] Linux version 4.14.0-rc2-next-20170926-202105-gd35adcb (jonathanh@sellafield) (gcc version 4.7.3 20130328 (prerelease) (crosstool-NG linaro-1.13.1-4.7-2013.04-20130415 - Linaro GCC 2013.04)) #1 SMP Mon Sep 25 22:37:06 PDT 2017
[    0.000000] CPU: ARMv7 Processor [413fc0f3] revision 3 (ARMv7), cr=10c5387d
[    0.000000] CPU: div instructions available: patching division code
[    0.000000] CPU: PIPT / VIPT nonaliasing data cache, PIPT instruction cache
[    0.000000] OF: fdt: Machine model: Acer Chromebook 13 CB5-311
[    0.000000] OF: fdt: Ignoring memory range 0x100000000 - 0x17ffff000
[    0.000000] debug: ignoring loglevel setting.
[    0.000000] Memory policy: Data cache writealloc
[    0.000000] efi: Getting EFI parameters from FDT:
[    0.000000] efi: UEFI not found.
[    0.000000] cma: Reserved 64 MiB at 0xfb800000
[    0.000000] On node 0 totalpages: 524287
[    0.000000] free_area_init_node: node 0, pgdat c1590240, node_mem_map eeff8000
[    0.000000]   DMA zone: 1536 pages used for memmap
[    0.000000]   DMA zone: 0 pages reserved
[    0.000000]   DMA zone: 196608 pages, LIFO batch:31
[    0.000000]   HighMem zone: 327679 pages, LIFO batch:31
[    0.000000] random: fast init done
[    0.000000] percpu: Embedded 17 pages/cpu @eef83000 s39616 r8192 d21824 u69632
[    0.000000] pcpu-alloc: s39616 r8192 d21824 u69632 alloc=17*4096
[    0.000000] pcpu-alloc: [0] 0 [0] 1 [0] 2 [0] 3 
[    0.000000] Built 1 zonelists, mobility grouping on.  Total pages: 522751
[    0.000000] Kernel command line: ignore_loglevel console=ttyS0,115200n8 rw root=PARTUUID=4d36e82a-b3c0-4b4b-bfcd-afe5217ac023 rootwait gpt debug noinitrd earlyprintk init=/bin/bash
[    0.000000] PID hash table entries: 4096 (order: 2, 16384 bytes)
[    0.000000] Dentry cache hash table entries: 131072 (order: 7, 524288 bytes)
[    0.000000] Inode-cache hash table entries: 65536 (order: 6, 262144 bytes)
[    0.000000] Memory: 1994380K/2097148K available (10240K kernel code, 1633K rwdata, 4508K rodata, 2048K init, 401K bss, 37232K reserved, 65536K cma-reserved, 1245180K highmem)
[    0.000000] Virtual kernel memory layout:
[    0.000000]     vector  : 0xffff0000 - 0xffff1000   (   4 kB)
[    0.000000]     fixmap  : 0xffc00000 - 0xfff00000   (3072 kB)
[    0.000000]     vmalloc : 0xf0800000 - 0xff800000   ( 240 MB)
[    0.000000]     lowmem  : 0xc0000000 - 0xf0000000   ( 768 MB)
[    0.000000]     pkmap   : 0xbfe00000 - 0xc0000000   (   2 MB)
[    0.000000]     modules : 0xbf000000 - 0xbfe00000   (  14 MB)
[    0.000000]       .text : 0xc0208000 - 0xc0d00000   (11232 kB)
[    0.000000]       .init : 0xc1200000 - 0xc1400000   (2048 kB)
[    0.000000]       .data : 0xc1400000 - 0xc15986e8   (1634 kB)
[    0.000000]        .bss : 0xc15a1bc0 - 0xc16062bc   ( 402 kB)
[    0.000000] SLUB: HWalign=64, Order=0-3, MinObjects=0, CPUs=4, Nodes=1
[    0.000000] Hierarchical RCU implementation.
[    0.000000] 	RCU event tracing is enabled.
[    0.000000] 	RCU restricting CPUs from NR_CPUS=16 to nr_cpu_ids=4.
[    0.000000] RCU: Adjusting geometry for rcu_fanout_leaf=16, nr_cpu_ids=4
[    0.000000] NR_IRQS: 16, nr_irqs: 16, preallocated irqs: 16
[    0.000000] /interrupt-controller@60004000: 160 interrupts forwarded to /interrupt-controller@50041000
[    0.000000] Tegra clk 127: register failed with -17
[    0.000005] sched_clock: 32 bits at 1000kHz, resolution 1000ns, wraps every 2147483647500ns
[    0.000012] clocksource: timer_us: mask: 0xffffffff max_cycles: 0xffffffff, max_idle_ns: 1911260446275 ns
[    0.000018] Switching to timer-based delay loop, resolution 1000ns
[    0.001896] arch_timer: cp15 timer(s) running at 12.00MHz (virt).
[    0.001903] clocksource: arch_sys_counter: mask: 0xffffffffffffff max_cycles: 0x2c47f4ee7, max_idle_ns: 440795202497 ns
[    0.001910] sched_clock: 56 bits at 12MHz, resolution 83ns, wraps every 4398046511096ns
[    0.001915] Switching to timer-based delay loop, resolution 83ns
[    0.002132] Console: colour dummy device 80x30
[    0.002148] Calibrating delay loop (skipped), value calculated using timer frequency.. 24.00 BogoMIPS (lpj=120000)
[    0.002154] pid_max: default: 32768 minimum: 301
[    0.002194] Mount-cache hash table entries: 2048 (order: 1, 8192 bytes)
[    0.002199] Mountpoint-cache hash table entries: 2048 (order: 1, 8192 bytes)
[    0.002405] CPU: Testing write buffer coherency: ok
[    0.002531] /cpus/cpu@0 missing clock-frequency property
[    0.002547] /cpus/cpu@1 missing clock-frequency property
[    0.002561] /cpus/cpu@2 missing clock-frequency property
[    0.002577] /cpus/cpu@3 missing clock-frequency property
[    0.002582] CPU0: thread -1, cpu 0, socket 0, mpidr 80000000
[    0.002706] Setting up static identity map for 0x80300000 - 0x803000a0
[    0.003434] Hierarchical SRCU implementation.
[    0.004143] Tegra Revision: A01 SKU: 131 CPU Process: 1 SoC Process: 1
[    0.004423] EFI services will not be available.
[    0.004483] smp: Bringing up secondary CPUs ...
[    0.004717] CPU1: thread -1, cpu 1, socket 0, mpidr 80000001
[    0.012111] CPU2: thread -1, cpu 2, socket 0, mpidr 80000002
[    0.022120] CPU3: thread -1, cpu 3, socket 0, mpidr 80000003
[    0.031890] smp: Brought up 1 node, 4 CPUs
[    0.031898] SMP: Total of 4 processors activated (96.00 BogoMIPS).
[    0.031901] CPU: All CPU(s) started in SVC mode.
[    0.032453] devtmpfs: initialized
[    0.037453] VFP support v0.3: implementor 41 architecture 4 part 30 variant f rev 0
[    0.037646] clocksource: jiffies: mask: 0xffffffff max_cycles: 0xffffffff, max_idle_ns: 19112604462750000 ns
[    0.037655] futex hash table entries: 1024 (order: 4, 65536 bytes)
[    0.038230] pinctrl core: initialized pinctrl subsystem
[    0.038862] DMI not present or invalid.
[    0.038970] NET: Registered protocol family 16
[    0.039717] DMA: preallocated 256 KiB pool for atomic coherent allocations
[    0.040602] cpuidle: using governor menu
[    0.048958] No ATAGs?
[    0.049012] hw-breakpoint: found 5 (+1 reserved) breakpoint and 4 watchpoint registers.
[    0.049019] hw-breakpoint: maximum watchpoint size is 8 bytes.
[    0.051820] Serial: AMBA PL011 UART driver
[    0.052191] tegra-mc 70019000.memory-controller: no memory timings for RAM code 0 registered
[    0.052302] iommu: Adding device reg-dummy to group 0
[    0.052329] iommu: Adding device 50000000.host1x to group 1
[    0.052355] iommu: Adding device 54200000.dc to group 2
[    0.052378] iommu: Adding device 54240000.dc to group 3
[    0.052392] iommu: Adding device 54280000.hdmi to group 4
[    0.052403] iommu: Adding device 54540000.sor to group 5
[    0.052416] iommu: Adding device 545c0000.dpaux to group 6
[    0.052440] iommu: Adding device 57000000.gpu to group 7
[    0.052451] iommu: Adding device 60005000.timer to group 8
[    0.052462] iommu: Adding device 60007000.flow-controller to group 9
[    0.052473] iommu: Adding device 6000c800.actmon to group 10
[    0.052484] iommu: Adding device 6000d000.gpio to group 11
[    0.052497] iommu: Adding device 60020000.dma to group 12
[    0.052508] iommu: Adding device 70000800.apbmisc to group 13
[    0.052519] iommu: Adding device 70000868.pinmux to group 14
[    0.052529] iommu: Adding device 70006000.serial to group 15
[    0.052542] iommu: Adding device 7000a000.pwm to group 16
[    0.052553] iommu: Adding device 7000c000.i2c to group 17
[    0.052564] iommu: Adding device 7000c400.i2c to group 18
[    0.052575] iommu: Adding device 7000c500.i2c to group 19
[    0.052588] iommu: Adding device 7000c700.i2c to group 20
[    0.052599] iommu: Adding device 7000d000.i2c to group 21
[    0.052612] iommu: Adding device 7000d400.spi to group 22
[    0.052623] iommu: Adding device 7000da00.spi to group 23
[    0.052633] iommu: Adding device 7000e000.rtc to group 24
[    0.052644] iommu: Adding device 7000e400.pmc to group 25
[    0.052655] iommu: Adding device 7000f800.fuse to group 26
[    0.052669] iommu: Adding device 70019000.memory-controller to group 27
[    0.052679] iommu: Adding device 7001b000.emc to group 28
[    0.052692] iommu: Adding device 70030000.hda to group 29
[    0.052704] iommu: Adding device 70090000.usb to group 30
[    0.052714] iommu: Adding device 7009f000.padctl to group 31
[    0.052725] iommu: Adding device 700b0000.sdhci to group 32
[    0.052736] iommu: Adding device 700b0400.sdhci to group 33
[    0.052746] iommu: Adding device 700b0600.sdhci to group 34
[    0.052757] iommu: Adding device 700e2000.thermal-sensor to group 35
[    0.052767] iommu: Adding device 70300000.ahub to group 36
[    0.052780] iommu: Adding device pmu to group 37
[    0.052793] iommu: Adding device timer to group 38
[    0.052804] iommu: Adding device sdhci0_pwrseq to group 39
[    0.052815] iommu: Adding device backlight to group 40
[    0.052826] iommu: Adding device clocks to group 41
[    0.052836] iommu: Adding device gpio-keys to group 42
[    0.052847] iommu: Adding device regulators to group 43
[    0.052857] iommu: Adding device regulators:regulator@0 to group 44
[    0.052868] iommu: Adding device regulators:regulator@1 to group 45
[    0.052881] iommu: Adding device regulators:regulator@2 to group 46
[    0.052892] iommu: Adding device regulators:regulator@3 to group 47
[    0.052905] iommu: Adding device regulators:regulator@4 to group 48
[    0.052915] iommu: Adding device regulators:regulator@5 to group 49
[    0.052926] iommu: Adding device regulators:regulator@6 to group 50
[    0.052937] iommu: Adding device regulators:regulator@7 to group 51
[    0.052948] iommu: Adding device regulators:regulator@8 to group 52
[    0.052960] iommu: Adding device regulators:regulator@9 to group 53
[    0.052973] iommu: Adding device regulators:regulator@10 to group 54
[    0.052984] iommu: Adding device regulators:regulator@11 to group 55
[    0.052994] iommu: Adding device regulators:regulator@12 to group 56
[    0.053005] iommu: Adding device sound to group 57
[    0.053016] iommu: Adding device gpio-restart to group 58
[    0.053029] iommu: Adding device panel to group 59
[    0.058059] AT91: Could not find identification node
[    0.058271] +5V_SYS: supplied by +VDD_MUX
[    0.058370] +3.3V_SYS: supplied by +VDD_MUX
[    0.058586] +VDD_LED: Failed to request enable GPIO122: -517
[    0.058592] reg-fixed-voltage regulators:regulator@5: Failed to register regulator: -517
[    0.058626] +5V_VDD_TS_SW: Failed to request enable GPIO81: -517
[    0.058631] reg-fixed-voltage regulators:regulator@6: Failed to register regulator: -517
[    0.058664] +5V_USB_HS: Failed to request enable GPIO108: -517
[    0.058669] reg-fixed-voltage regulators:regulator@7: Failed to register regulator: -517
[    0.058702] +5V_USB_SS: Failed to request enable GPIO109: -517
[    0.058706] reg-fixed-voltage regulators:regulator@8: Failed to register regulator: -517
[    0.058797] +1.05V_RUN_AVDD_HDMI_PLL: Failed to request enable GPIO63: -517
[    0.058802] reg-fixed-voltage regulators:regulator@11: Failed to register regulator: -517
[    0.058835] +5V_HDMI_CON: Failed to request enable GPIO86: -517
[    0.058839] reg-fixed-voltage regulators:regulator@12: Failed to register regulator: -517
[    0.059826] vgaarb: loaded
[    0.060083] SCSI subsystem initialized
[    0.060155] libata version 3.00 loaded.
[    0.060230] usbcore: registered new interface driver usbfs
[    0.060247] usbcore: registered new interface driver hub
[    0.060269] usbcore: registered new device driver usb
[    0.061550] pps_core: LinuxPPS API ver. 1 registered
[    0.061555] pps_core: Software ver. 5.3.6 - Copyright 2005-2007 Rodolfo Giometti <giometti@linux.it>
[    0.061563] PTP clock support registered
[    0.061628] EDAC MC: Ver: 3.0.0
[    0.061733] dmi: Firmware registration failed.
[    0.062053] tegra-emc 7001b000.emc: no memory timings for RAM code 0 found in DT
[    0.062063] tegra-emc: probe of 7001b000.emc failed with error -2
[    0.062494] clocksource: Switched to clocksource arch_sys_counter
[    0.081854] NET: Registered protocol family 2
[    0.082048] TCP established hash table entries: 8192 (order: 3, 32768 bytes)
[    0.082082] TCP bind hash table entries: 8192 (order: 4, 65536 bytes)
[    0.082144] TCP: Hash tables configured (established 8192 bind 8192)
[    0.082178] UDP hash table entries: 512 (order: 2, 16384 bytes)
[    0.082193] UDP-Lite hash table entries: 512 (order: 2, 16384 bytes)
[    0.082251] NET: Registered protocol family 1
[    0.082403] RPC: Registered named UNIX socket transport module.
[    0.082407] RPC: Registered udp transport module.
[    0.082410] RPC: Registered tcp transport module.
[    0.082413] RPC: Registered tcp NFSv4.1 backchannel transport module.
[    0.082419] PCI: CLS 0 bytes, default 64
[    0.083014] hw perfevents: enabled with armv7_cortex_a15 PMU driver, 7 counters available
[    0.083291] iommu: Adding device alarmtimer to group 60
[    0.083653] workingset: timestamp_bits=30 max_order=19 bucket_order=0
[    0.085672] squashfs: version 4.0 (2009/01/31) Phillip Lougher
[    0.085889] NFS: Registering the id_resolver key type
[    0.085901] Key type id_resolver registered
[    0.085904] Key type id_legacy registered
[    0.085921] ntfs: driver 2.1.32 [Flags: R/O].
[    0.086472] bounce: pool size: 64 pages
[    0.086492] Block layer SCSI generic (bsg) driver version 0.4 loaded (major 248)
[    0.086496] io scheduler noop registered
[    0.086500] io scheduler deadline registered
[    0.086574] io scheduler cfq registered (default)
[    0.086577] io scheduler mq-deadline registered
[    0.086581] io scheduler kyber registered
[    0.087849] tegra-xusb-padctl 7009f000.padctl: failed to setup XUSB ports: -517
[    0.098333] tegra-apbdma 60020000.dma: Tegra20 APB DMA driver register 32 channels
[    0.099390] tegra-pmc 7000e400.pmc: i2c-thermtrip node not found, emergency thermal reset disabled.
[    0.116500] Serial: 8250/16550 driver, 4 ports, IRQ sharing disabled
[    0.116541] iommu: Adding device serial8250 to group 61
[    0.117555] console [ttyS0] disabled
[    0.117572] 70006000.serial: ttyS0 at MMIO 0x70006000 (irq = 333, base_baud = 25500000) is a Tegra
[    1.366380] console [ttyS0] enabled
[    1.370162] SuperH (H)SCI(F) driver initialized
[    1.375052] msm_serial: driver initialized
[    1.379195] STMicroelectronics ASC driver initialized
[    1.386579] tegra-hdmi 54280000.hdmi: failed to get HDMI regulator
[    1.393125] tegra-dpaux 545c0000.dpaux: failed to get VDD supply: -517
[    1.400552] panel-simple panel: panel supply power not found, using dummy regulator
[    1.410844] brd: module loaded
[    1.416125] loop: module loaded
[    1.420167] as3722 4-0040: AS3722 with revision 0x1 found
[    1.426681] iommu: Adding device as3722-pinctrl to group 62
[    1.433574] iommu: Adding device as3722-regulator to group 63
[    1.441425] as3722-sd2: supplied by +5V_SYS
[    1.445884] as3722-sd3: supplied by +5V_SYS
[    1.450214] +1.35V_LP0(sd3): Bringing 0uV into 1350000-1350000uV
[    1.456381] as3722-sd4: supplied by +5V_SYS
[    1.460711] +1.05V_RUN: Bringing 0uV into 1050000-1050000uV
[    1.466447] as3722-sd5: supplied by +5V_SYS
[    1.471994] as3722-ldo0: supplied by +1.35V_LP0(sd2)
[    1.477724] +1.8V_RUN_CAM: Bringing 0uV into 1800000-1800000uV
[    1.483725] as3722-ldo2: supplied by +1.8V_VDDIO
[    1.489321] as3722-ldo3: supplied by +3.3V_SYS
[    1.493772] +1.00V_LP0_VDD_RTC: Bringing 1100000uV into 1000000-1000000uV
[    1.501329] as3722-ldo4: supplied by +3.3V_SYS
[    1.505925] +3.3V_RUN_CAM: Bringing 0uV into 2800000-2800000uV
[    1.511922] as3722-ldo5: supplied by +1.8V_VDDIO
[    1.516693] +1.2V_RUN_CAM_FRONT: Bringing 0uV into 1200000-1200000uV
[    1.523370] +VDDIO_SDMMC3: Bringing 0uV into 1800000-1800000uV
[    1.529375] as3722-ldo7: supplied by +1.8V_VDDIO
[    1.534152] +1.05V_RUN_CAM_REAR: Bringing 0uV into 1050000-1050000uV
[    1.540682] as3722-ldo9: supplied by +5V_SYS
[    1.545249] +2.8V_RUN_TOUCH: Bringing 0uV into 2800000-2800000uV
[    1.551432] as3722-ldo10: supplied by +5V_SYS
[    1.555942] +2.8V_RUN_CAM_AF: Bringing 0uV into 2800000-2800000uV
[    1.562369] +1.8V_RUN_VPP_FUSE: Bringing 0uV into 1800000-1800000uV
[    1.568859] iommu: Adding device as3722-rtc to group 64
[    1.574216] iommu: Adding device as3722-adc to group 65
[    1.579529] iommu: Adding device as3722-power-off to group 66
[    1.585370] iommu: Adding device as3722-wdt to group 67
[    1.602365] m25p80 spi1.0: w25q32dw (4096 Kbytes)
[    1.607864] iommu: Adding device Fixed MDIO bus.0 to group 68
[    1.613751] libphy: Fixed MDIO Bus: probed
[    1.618167] CAN device driver interface
[    1.622306] bgmac_bcma: Broadcom 47xx GBit MAC driver loaded
[    1.628416] e1000e: Intel(R) PRO/1000 Network Driver - 3.2.6-k
[    1.634239] e1000e: Copyright(c) 1999 - 2015 Intel Corporation.
[    1.640160] igb: Intel(R) Gigabit Ethernet Network Driver - version 5.4.0-k
[    1.647108] igb: Copyright (c) 2007-2014 Intel Corporation.
[    1.653929] pegasus: v0.9.3 (2013/04/25), Pegasus/Pegasus II USB Ethernet driver
[    1.661326] usbcore: registered new interface driver pegasus
[    1.666991] usbcore: registered new interface driver asix
[    1.672385] usbcore: registered new interface driver ax88179_178a
[    1.678479] usbcore: registered new interface driver cdc_ether
[    1.684316] usbcore: registered new interface driver smsc75xx
[    1.690059] usbcore: registered new interface driver smsc95xx
[    1.695804] usbcore: registered new interface driver net1080
[    1.701457] usbcore: registered new interface driver cdc_subset
[    1.707377] usbcore: registered new interface driver zaurus
[    1.712958] usbcore: registered new interface driver cdc_ncm
[    1.719258] ehci_hcd: USB 2.0 'Enhanced' Host Controller (EHCI) Driver
[    1.725775] ehci-pci: EHCI PCI platform driver
[    1.730217] ehci-platform: EHCI generic platform driver
[    1.735502] ehci-orion: EHCI orion driver
[    1.739551] SPEAr-ehci: EHCI SPEAr driver
[    1.743602] ehci-st: EHCI STMicroelectronics driver
[    1.748511] ehci-exynos: EHCI EXYNOS driver
[    1.752742] ehci-atmel: EHCI Atmel driver
[    1.756785] tegra-ehci: Tegra EHCI driver
[    1.760844] ohci_hcd: USB 1.1 'Open' Host Controller (OHCI) Driver
[    1.767017] ohci-pci: OHCI PCI platform driver
[    1.771459] ohci-platform: OHCI generic platform driver
[    1.776737] SPEAr-ohci: OHCI SPEAr driver
[    1.780781] ohci-st: OHCI STMicroelectronics driver
[    1.785696] ohci-atmel: OHCI Atmel driver
[    1.789947] usbcore: registered new interface driver usb-storage
[    1.796948] elan_i2c 1-0015: 1-0015 supply vcc not found, using dummy regulator
[    1.804315] as3722-rtc as3722-rtc: rtc core: registered as3722-rtc as rtc0
[    1.811180] as3722-rtc as3722-rtc: RTC interrupt 372
[    1.818133] tegra_rtc 7000e000.rtc: rtc core: registered 7000e000.rtc as rtc1
[    1.825273] tegra_rtc 7000e000.rtc: Tegra internal Real Time Clock
[    1.831622] i2c /dev entries driver
[    1.836422] IR NEC protocol handler initialized
[    1.840940] IR RC5(x/sz) protocol handler initialized
[    1.845985] IR RC6 protocol handler initialized
[    1.850502] IR JVC protocol handler initialized
[    1.855023] IR Sony protocol handler initialized
[    1.859626] IR SANYO protocol handler initialized
[    1.864321] IR Sharp protocol handler initialized
[    1.869011] IR MCE Keyboard/mouse protocol handler initialized
[    1.874831] IR XMP protocol handler initialized
[    1.880461] lm90 0-004c: 0-004c supply vcc not found, using dummy regulator
[    1.890774] iommu: Adding device cpufreq-tegra124 to group 69
[    1.897624] sdhci: Secure Digital Host Controller Interface driver
[    1.903802] sdhci: Copyright(c) Pierre Ossman
[    1.908702] Synopsys Designware Multimedia Card Interface Driver
[    1.915144] sdhci-pltfm: SDHCI platform and OF driver helper
[    1.921073] sdhci-tegra 700b0000.sdhci: allocated mmc-pwrseq
[    1.934873] sdhci-tegra 700b0400.sdhci: Got CD GPIO
[    1.939756] sdhci-tegra 700b0400.sdhci: Got WP GPIO
[    1.960618] mmc0: Unknown controller version (3). You may experience problems.
[    1.967870] mmc0: Invalid maximum block size, assuming 512 bytes
[    1.992437] elan_i2c 1-0015: Elan Touchpad: Module ID: 0x002a, Firmware: 0x0005, Sample: 0x0007, IAP: 0x0009
[    2.002368] input: Elan Touchpad as /devices/soc0/7000c400.i2c/i2c-1/1-0015/input/input0
[    2.032502] mmc0: SDHCI controller on 700b0600.sdhci [700b0600.sdhci] using ADMA
[    2.040625] ledtrig-cpu: registered to indicate activity on CPUs
[    2.046796] usbcore: registered new interface driver usbhid
[    2.052353] usbhid: USB HID core driver
[    2.057556] NET: Registered protocol family 10
[    2.062284] Segment Routing with IPv6
[    2.065977] sit: IPv6, IPv4 and MPLS over IPv4 tunneling driver
[    2.072075] NET: Registered protocol family 17
[    2.076517] can: controller area network core (rev 20170425 abi 9)
[    2.082708] NET: Registered protocol family 29
[    2.087138] can: raw protocol (rev 20170425)
[    2.091394] can: broadcast manager protocol (rev 20170425 t)
[    2.097047] can: netlink gateway (rev 20170425) max_hops=1
[    2.102640] Key type dns_resolver registered
[    2.107093] ThumbEE CPU extension supported.
[    2.111353] Registering SWP/SWPB emulation handler
[    2.121969] +3.3V_RUN: supplied by +3.3V_SYS
[    2.126857] +VDD_LED: supplied by +VDD_MUX
[    2.131105] +3.3V_AVDD_HDMI_AP_GATED: supplied by +3.3V_RUN
[    2.136724] +1.8V_RUN_CAM: supplied by +3.3V_RUN
[    2.141357] +VDDIO_SDMMC3: supplied by +3.3V_RUN
[    2.146000] +1.8V_RUN_VPP_FUSE: supplied by +3.3V_RUN
[    2.151258] +5V_VDD_TS_SW: supplied by +5V_SYS
[    2.156061] +5V_USB_HS: supplied by +5V_SYS
[    2.160405] +5V_USB_SS: supplied by +5V_SYS
[    2.165553] +3.3V_PANEL: supplied by +3.3V_RUN
[    2.170799] +3.3V_LP0: supplied by +3.3V_SYS
[    2.173547] mmc0: new high speed MMC card at address 0001
[    2.175378] mmcblk0: mmc0:0001 MMC16G 14.4 GiB 
[    2.175678] mmcblk0boot0: mmc0:0001 MMC16G partition 1 2.00 MiB
[    2.175794] mmcblk0boot1: mmc0:0001 MMC16G partition 2 2.00 MiB
[    2.185322] mmcblk0rpmb: mmc0:0001 MMC16G partition 3 128 KiB, chardev (237:0)
[    2.190890]  mmcblk0: p1 p2 p3 p4 p5 p6 p7 p8 p9 p10 p11 p12
[    2.210299] +1.05V_RUN_AVDD_HDMI_PLL: supplied by +1.05V_RUN
[    2.210560] elan_i2c 1-0015: failed to read report data: -121
[    2.210933] elan_i2c 1-0015: failed to read report data: -121
[    2.227797] +5V_HDMI_CON: supplied by +5V_SYS
[    2.232890]  usb3-0: usb3-0 supply vbus not found, using dummy regulator
[    2.239617]  usb3-1: usb3-1 supply vbus not found, using dummy regulator
[    2.249969] tegra-sor 54540000.sor: failed to probe output: -517
[    2.256756] panel-simple panel: panel supply power not found, using dummy regulator
[    2.265508] sdhci-tegra 700b0000.sdhci: allocated mmc-pwrseq
[    2.279404] mmc1: Unknown controller version (3). You may experience problems.
[    2.286853] mmc1: Invalid maximum block size, assuming 512 bytes
[    2.293255] mmc1: Switching to 3.3V signalling voltage failed
[    2.352581] mmc1: SDHCI controller on 700b0000.sdhci [700b0000.sdhci] using ADMA
[    2.360730] sdhci-tegra 700b0400.sdhci: Got CD GPIO
[    2.365644] sdhci-tegra 700b0400.sdhci: Got WP GPIO
[    2.367977] elan_i2c 1-0015: invalid report id data (ff)
[    2.384380] mmc2: Unknown controller version (3). You may experience problems.
[    2.391682] mmc2: Invalid maximum block size, assuming 512 bytes
[    2.424554] mmc1: new high speed SDIO card at address 0001
[    2.462615] mmc2: SDHCI controller on 700b0400.sdhci [700b0400.sdhci] using ADMA
[    2.567007] [drm] Supports vblank timestamp caching Rev 2 (21.10.2013).
[    2.573626] [drm] No driver support for vblank timestamp query.
[    2.623133] mmc2: new high speed SDHC card at address 0007
[    2.623348] mmcblk2: mmc2:0007 SD08G 7.42 GiB 
[    2.633450] GPT:Primary header alternate_lba != Alt. header my_lba
[    2.633454] GPT:3014591 != 15564799
[    2.633455] GPT:Primary header thinks Alt. header is not at the end of the disk.
[    2.633456] GPT:3014591 != 15564799
[    2.633457] GPT: Use GNU Parted to correct GPT errors.
[    2.633484]  mmcblk2: p1 p2 p3 p4 p5 p6 p7 p8 p9 p10 p11 p12
[    2.662217] Console: switching to colour frame buffer device 170x48
[    2.726378] drm drm: fb0:  frame buffer device
[    2.730861] [drm] Initialized tegra 0.0.0 20120330 for drm on minor 0
[    2.738318] input: gpio-keys as /devices/soc0/gpio-keys/input/input1
[    2.745945] as3722-rtc as3722-rtc: setting system clock to 2000-01-01 14:32:29 UTC (946737149)
[    2.754944] +1.8V_RUN_CAM: disabling
[    2.758724] +3.3V_RUN_CAM: disabling
[    2.762455] +1.2V_RUN_CAM_FRONT: disabling
[    2.766823] +1.05V_RUN_CAM_REAR: disabling
[    2.771077] +2.8V_RUN_TOUCH: disabling
[    2.775074] +2.8V_RUN_CAM_AF: disabling
[    2.779065] +1.8V_RUN_VPP_FUSE: disabling
[    2.783319] +5V_VDD_TS_SW: disabling
[    2.786891] +5V_USB_HS: disabling
[    2.790194] +5V_USB_SS: disabling
[    2.794455] EXT4-fs (mmcblk0p3): couldn't mount as ext3 due to feature incompatibilities
[    2.803159] EXT4-fs (mmcblk0p3): couldn't mount as ext2 due to feature incompatibilities
[    3.298950] EXT4-fs (mmcblk0p3): recovery complete
[    3.304677] EXT4-fs (mmcblk0p3): mounted filesystem with ordered data mode. Opts: (null)
[    3.312809] VFS: Mounted root (ext4 filesystem) on device 179:3.
[    3.319537] devtmpfs: mounted
[    3.323336] Freeing unused kernel memory: 2048K
bash: cannot set terminal process group (-1): Inappropriate ioctl for device
bash: no job control in this shell
root@(none):/# 