

U-Boot 2015.04-00466-gedec83e90172 (Mar 14 2016 - 10:42:01)

TEGRA124
Model: Acer Chromebook 13 CB5-311
DRAM:  4 GiB
C:   Tegra SD/MMC: 0, Tegra SD/MMC: 1, Tegra SD/MMC: 2
MMC init failed
Using default environment

In:    serial
Out:   serial
Err:   serial
Net:   Net Initialization Skipped
No ethernet found.
Hit any key to stop autoboot:  2  1  0 
Tegra124 (Nyan-big) # 
Tegra124 (Nyan-big) # usb start
starting USB...
USB0:   USB EHCI 1.10
scanning bus 0 for devices... 2 USB Device(s) found
USB1:   USB EHCI 1.10
scanning bus 1 for devices... 2 USB Device(s) found
       scanning usb for storage devices... 1 Storage Device(s) found
       scanning usb for ethernet devices... 
Warning: asx0 using MAC address from net device
1 Ethernet Device(s) found
Tegra124 (Nyan-big) # mw 0x7000e4a0 0x00080000
Tegra124 (Nyan-big) # setenv bootargs 'ignore_loglevel console=ttyS0,115200n8 rw root=PARTUUID=4d36e82a-b3c0-4b4b-bfcd-afe5217ac023 rootwait gpt debug noinitrd earlyprintk init=/bin/bash'
Tegra124 (Nyan-big) # setenv ipaddr 192.168.100.104; setenv serverip 192.168.100.1; setenv tftpserverip 192.168.100.1
Tegra124 (Nyan-big) # tftpboot 0x82000000 zImage.tegra_defconfig%tegra-fw
Using asx0 device
TFTP from server 192.168.100.1; our IP address is 192.168.100.104
Filename 'zImage.tegra_defconfig%tegra-fw'.
Load address: 0x82000000
Loading: *#################################################################
	 #################################################################
	 #################################################################
	 #################################################################
	 #################################################################
	 #################################################################
	 ############################################
	 3.6 MiB/s
done
Bytes transferred = 6368864 (612e60 hex)
Tegra124 (Nyan-big) # tftpboot 0x83000000 tegra124-nyan-big.dtb
Using asx0 device
TFTP from server 192.168.100.1; our IP address is 192.168.100.104
Filename 'tegra124-nyan-big.dtb'.
Load address: 0x83000000
Loading: *#####
	 3.6 MiB/s
done
Bytes transferred = 67482 (1079a hex)
Tegra124 (Nyan-big) # bootz 0x82000000 - 0x83000000
Kernel image @ 0x82000000 [ 0x000000 - 0x612e60 ]
## Flattened Device Tree blob at 83000000
   Booting using the fdt blob at 0x83000000
   Using Device Tree in place at 83000000, end 83013799

Starting kernel ...

[    0.000000] Booting Linux on physical CPU 0x0
[    0.000000] Linux version 4.15.0-rc2-next-20171207-219543-ge40fd8d (jonathanh@sellafield) (gcc version 4.7.3 20130328 (prerelease) (crosstool-NG linaro-1.13.1-4.7-2013.04-20130415 - Linaro GCC 2013.04)) #1 SMP PREEMPT Thu Dec 7 01:31:04 PST 2017
[    0.000000] CPU: ARMv7 Processor [413fc0f3] revision 3 (ARMv7), cr=10c5387d
[    0.000000] CPU: div instructions available: patching division code
[    0.000000] CPU: PIPT / VIPT nonaliasing data cache, PIPT instruction cache
[    0.000000] OF: fdt: Machine model: Acer Chromebook 13 CB5-311
[    0.000000] OF: fdt: Ignoring memory range 0x100000000 - 0x17ffff000
[    0.000000] debug: ignoring loglevel setting.
[    0.000000] bootconsole [earlycon0] enabled
[    0.000000] Memory policy: Data cache writealloc
[    0.000000] cma: Reserved 64 MiB at 0xfbc00000
[    0.000000] On node 0 totalpages: 524287
[    0.000000]   Normal zone: 1536 pages used for memmap
[    0.000000]   Normal zone: 0 pages reserved
[    0.000000]   Normal zone: 196608 pages, LIFO batch:31
[    0.000000]   HighMem zone: 327679 pages, LIFO batch:31
[    0.000000] random: fast init done
[    0.000000] percpu: Embedded 17 pages/cpu @(ptrval) s39104 r8192 d22336 u69632
[    0.000000] pcpu-alloc: s39104 r8192 d22336 u69632 alloc=17*4096
[    0.000000] pcpu-alloc: [0] 0 [0] 1 [0] 2 [0] 3 
[    0.000000] Built 1 zonelists, mobility grouping on.  Total pages: 522751
[    0.000000] Kernel command line: ignore_loglevel console=ttyS0,115200n8 rw root=PARTUUID=4d36e82a-b3c0-4b4b-bfcd-afe5217ac023 rootwait gpt debug noinitrd earlyprintk init=/bin/bash
[    0.000000] Dentry cache hash table entries: 131072 (order: 7, 524288 bytes)
[    0.000000] Inode-cache hash table entries: 65536 (order: 6, 262144 bytes)
[    0.000000] Memory: 1998488K/2097148K available (9216K kernel code, 777K rwdata, 2824K rodata, 1024K init, 298K bss, 33124K reserved, 65536K cma-reserved, 1245180K highmem)
[    0.000000] Virtual kernel memory layout:
[    0.000000]     vector  : 0xffff0000 - 0xffff1000   (   4 kB)
[    0.000000]     fixmap  : 0xffc00000 - 0xfff00000   (3072 kB)
[    0.000000]     vmalloc : 0xf0800000 - 0xff800000   ( 240 MB)
[    0.000000]     lowmem  : 0xc0000000 - 0xf0000000   ( 768 MB)
[    0.000000]     pkmap   : 0xbfe00000 - 0xc0000000   (   2 MB)
[    0.000000]     modules : 0xbf000000 - 0xbfe00000   (  14 MB)
[    0.000000]       .text : 0x(ptrval) - 0x(ptrval)   (10208 kB)
[    0.000000]       .init : 0x(ptrval) - 0x(ptrval)   (1024 kB)
[    0.000000]       .data : 0x(ptrval) - 0x(ptrval)   ( 778 kB)
[    0.000000]        .bss : 0x(ptrval) - 0x(ptrval)   ( 299 kB)
[    0.000000] Preemptible hierarchical RCU implementation.
[    0.000000] 	Tasks RCU enabled.
[    0.000000] NR_IRQS: 16, nr_irqs: 16, preallocated irqs: 16
[    0.000000] /interrupt-controller@60004000: 160 interrupts forwarded to /interrupt-controller@50041000
[    0.000000] Tegra clk 127: register failed with -17
[    0.000004] sched_clock: 32 bits at 1000kHz, resolution 1000ns, wraps every 2147483647500ns
[    0.008020] clocksource: timer_us: mask: 0xffffffff max_cycles: 0xffffffff, max_idle_ns: 1911260446275 ns
[    0.017552] Switching to timer-based delay loop, resolution 1000ns
[    0.024069] arch_timer: cp15 timer(s) running at 12.00MHz (virt).
[    0.029773] clocksource: arch_sys_counter: mask: 0xffffffffffffff max_cycles: 0x2c47f4ee7, max_idle_ns: 440795202497 ns
[    0.040520] sched_clock: 56 bits at 12MHz, resolution 83ns, wraps every 4398046511096ns
[    0.048491] Switching to timer-based delay loop, resolution 83ns
[    0.054666] Console: colour dummy device 80x30
[    0.058899] Calibrating delay loop (skipped), value calculated using timer frequency.. 24.00 BogoMIPS (lpj=120000)
[    0.069209] pid_max: default: 32768 minimum: 301
[    0.073973] Mount-cache hash table entries: 2048 (order: 1, 8192 bytes)
[    0.080391] Mountpoint-cache hash table entries: 2048 (order: 1, 8192 bytes)
[    0.087736] CPU: Testing write buffer coherency: ok
[    0.092401] /cpus/cpu@0 missing clock-frequency property
[    0.097554] /cpus/cpu@1 missing clock-frequency property
[    0.102850] /cpus/cpu@2 missing clock-frequency property
[    0.108128] /cpus/cpu@3 missing clock-frequency property
[    0.113410] CPU0: thread -1, cpu 0, socket 0, mpidr 80000000
[    0.153456] Setting up static identity map for 0x80100000 - 0x801000a0
[    0.158112] Hierarchical SRCU implementation.
[    0.173661] Tegra Revision: A01 SKU: 131 CPU Process: 1 SoC Process: 1
[    0.193458] smp: Bringing up secondary CPUs ...
[    0.243705] CPU1: thread -1, cpu 1, socket 0, mpidr 80000001
[    0.323733] CPU2: thread -1, cpu 2, socket 0, mpidr 80000002
[    0.403776] CPU3: thread -1, cpu 3, socket 0, mpidr 80000003
[    0.413607] smp: Brought up 1 node, 4 CPUs
[    0.432685] SMP: Total of 4 processors activated (96.00 BogoMIPS).
[    0.438844] CPU: All CPU(s) started in SVC mode.
[    0.444127] devtmpfs: initialized
[    0.453064] VFP support v0.3: implementor 41 architecture 4 part 30 variant f rev 0
[    0.458969] clocksource: jiffies: mask: 0xffffffff max_cycles: 0xffffffff, max_idle_ns: 19112604462750000 ns
[    0.468601] futex hash table entries: 1024 (order: 4, 65536 bytes)
[    0.475283] pinctrl core: initialized pinctrl subsystem
[    0.480416] NET: Registered protocol family 16
[    0.484916] DMA: preallocated 256 KiB pool for atomic coherent allocations
[    0.491664] cpuidle: using governor menu
[    0.502655] No ATAGs?
[    0.502714] hw-breakpoint: found 5 (+1 reserved) breakpoint and 4 watchpoint registers.
[    0.511054] hw-breakpoint: maximum watchpoint size is 8 bytes.
[    0.517731] tegra-mc 70019000.memory-controller: no memory timings for RAM code 0 registered
[    0.525401] iommu: Adding device reg-dummy to group 0
[    0.530312] iommu: Adding device 50000000.host1x to group 1
[    0.535865] iommu: Adding device 54200000.dc to group 2
[    0.541054] iommu: Adding device 54240000.dc to group 3
[    0.546249] iommu: Adding device 54280000.hdmi to group 4
[    0.551617] iommu: Adding device 54540000.sor to group 5
[    0.556908] iommu: Adding device 545c0000.dpaux to group 6
[    0.562377] iommu: Adding device 57000000.gpu to group 7
[    0.567655] iommu: Adding device 60005000.timer to group 8
[    0.573108] iommu: Adding device 60007000.flow-controller to group 9
[    0.579441] iommu: Adding device 6000c800.actmon to group 10
[    0.585070] iommu: Adding device 6000d000.gpio to group 11
[    0.590537] iommu: Adding device 60020000.dma to group 12
[    0.595901] iommu: Adding device 70000800.apbmisc to group 13
[    0.601628] iommu: Adding device 70000868.pinmux to group 14
[    0.607254] iommu: Adding device 70006000.serial to group 15
[    0.612894] iommu: Adding device 7000a000.pwm to group 16
[    0.618264] iommu: Adding device 7000c000.i2c to group 17
[    0.623641] iommu: Adding device 7000c400.i2c to group 18
[    0.629010] iommu: Adding device 7000c500.i2c to group 19
[    0.634388] iommu: Adding device 7000c700.i2c to group 20
[    0.639754] iommu: Adding device 7000d000.i2c to group 21
[    0.645137] iommu: Adding device 7000d400.spi to group 22
[    0.650501] iommu: Adding device 7000da00.spi to group 23
[    0.655881] iommu: Adding device 7000e000.rtc to group 24
[    0.661248] iommu: Adding device 7000e400.pmc to group 25
[    0.666630] iommu: Adding device 7000f800.fuse to group 26
[    0.672081] iommu: Adding device 70019000.memory-controller to group 27
[    0.678676] iommu: Adding device 7001b000.emc to group 28
[    0.684042] iommu: Adding device 70030000.hda to group 29
[    0.689422] iommu: Adding device 70090000.usb to group 30
[    0.694788] iommu: Adding device 7009f000.padctl to group 31
[    0.700428] iommu: Adding device 700b0000.sdhci to group 32
[    0.705968] iommu: Adding device 700b0400.sdhci to group 33
[    0.711525] iommu: Adding device 700b0600.sdhci to group 34
[    0.717062] iommu: Adding device 700e2000.thermal-sensor to group 35
[    0.723394] iommu: Adding device 70300000.ahub to group 36
[    0.728849] iommu: Adding device pmu to group 37
[    0.733453] iommu: Adding device timer to group 38
[    0.738207] iommu: Adding device sdhci0_pwrseq to group 39
[    0.743674] iommu: Adding device backlight to group 40
[    0.748783] iommu: Adding device clocks to group 41
[    0.753634] iommu: Adding device gpio-keys to group 42
[    0.758754] iommu: Adding device regulators to group 43
[    0.763947] iommu: Adding device regulators:regulator@0 to group 44
[    0.770193] iommu: Adding device regulators:regulator@1 to group 45
[    0.776427] iommu: Adding device regulators:regulator@2 to group 46
[    0.782674] iommu: Adding device regulators:regulator@3 to group 47
[    0.788910] iommu: Adding device regulators:regulator@4 to group 48
[    0.795158] iommu: Adding device regulators:regulator@5 to group 49
[    0.801388] iommu: Adding device regulators:regulator@6 to group 50
[    0.807634] iommu: Adding device regulators:regulator@7 to group 51
[    0.813868] iommu: Adding device regulators:regulator@8 to group 52
[    0.820117] iommu: Adding device regulators:regulator@9 to group 53
[    0.826348] iommu: Adding device regulators:regulator@10 to group 54
[    0.832683] iommu: Adding device regulators:regulator@11 to group 55
[    0.839001] iommu: Adding device regulators:regulator@12 to group 56
[    0.845334] iommu: Adding device sound to group 57
[    0.850095] iommu: Adding device gpio-restart to group 58
[    0.855473] iommu: Adding device panel to group 59
[    0.865945] +5V_SYS: supplied by +VDD_MUX
[    0.868172] +3.3V_SYS: supplied by +VDD_MUX
[    0.872469] +VDD_LED: Failed to request enable GPIO122: -517
[    0.877841] reg-fixed-voltage regulators:regulator@5: Failed to register regulator: -517
[    0.885927] +5V_VDD_TS_SW: Failed to request enable GPIO81: -517
[    0.891890] reg-fixed-voltage regulators:regulator@6: Failed to register regulator: -517
[    0.899967] +5V_USB_HS: Failed to request enable GPIO108: -517
[    0.905747] reg-fixed-voltage regulators:regulator@7: Failed to register regulator: -517
[    0.913832] +5V_USB_SS: Failed to request enable GPIO109: -517
[    0.919612] reg-fixed-voltage regulators:regulator@8: Failed to register regulator: -517
[    0.927757] +1.05V_RUN_AVDD_HDMI_PLL: Failed to request enable GPIO63: -517
[    0.934606] reg-fixed-voltage regulators:regulator@11: Failed to register regulator: -517
[    0.942778] +5V_HDMI_CON: Failed to request enable GPIO86: -517
[    0.948644] reg-fixed-voltage regulators:regulator@12: Failed to register regulator: -517
[    0.957216] vgaarb: loaded
[    0.959747] SCSI subsystem initialized
[    0.963289] libata version 3.00 loaded.
[    0.967127] usbcore: registered new interface driver usbfs
[    0.972499] usbcore: registered new interface driver hub
[    0.977792] usbcore: registered new device driver usb
[    0.984034] Linux video capture interface: v2.00
[    0.987402] pps_core: LinuxPPS API ver. 1 registered
[    0.992316] pps_core: Software ver. 5.3.6 - Copyright 2005-2007 Rodolfo Giometti <giometti@linux.it>
[    1.001436] PTP clock support registered
[    1.005460] tegra-emc 7001b000.emc: no memory timings for RAM code 0 found in DT
[    1.012696] tegra-emc: probe of 7001b000.emc failed with error -2
[    1.018852] Advanced Linux Sound Architecture Driver Initialized.
[    1.025070] Bluetooth: Core ver 2.22
[    1.028387] NET: Registered protocol family 31
[    1.032789] Bluetooth: HCI device and connection manager initialized
[    1.039127] Bluetooth: HCI socket layer initialized
[    1.043971] Bluetooth: L2CAP socket layer initialized
[    1.049012] Bluetooth: SCO socket layer initialized
[    1.054106] clocksource: Switched to clocksource arch_sys_counter
[    1.091320] NET: Registered protocol family 2
[    1.094148] tcp_listen_portaddr_hash hash table entries: 512 (order: 0, 6144 bytes)
[    1.101409] TCP established hash table entries: 8192 (order: 3, 32768 bytes)
[    1.108451] TCP bind hash table entries: 8192 (order: 4, 65536 bytes)
[    1.114887] TCP: Hash tables configured (established 8192 bind 8192)
[    1.121324] UDP hash table entries: 512 (order: 2, 16384 bytes)
[    1.127063] UDP-Lite hash table entries: 512 (order: 2, 16384 bytes)
[    1.133487] NET: Registered protocol family 1
[    1.137995] RPC: Registered named UNIX socket transport module.
[    1.143593] RPC: Registered udp transport module.
[    1.148283] RPC: Registered tcp transport module.
[    1.152953] RPC: Registered tcp NFSv4.1 backchannel transport module.
[    1.159540] iommu: Adding device regulatory.0 to group 60
[    1.164831] PCI: CLS 0 bytes, default 64
[    1.169339] hw perfevents: enabled with armv7_cortex_a15 PMU driver, 7 counters available
[    1.177059] iommu: Adding device alarmtimer to group 61
[    1.182383] Initialise system trusted keyrings
[    1.186495] workingset: timestamp_bits=30 max_order=19 bucket_order=0
[    1.193304] squashfs: version 4.0 (2009/01/31) Phillip Lougher
[    1.198921] NFS: Registering the id_resolver key type
[    1.203662] Key type id_resolver registered
[    1.207825] Key type id_legacy registered
[    1.213528] Key type asymmetric registered
[    1.215883] Asymmetric key parser 'x509' registered
[    1.220779] bounce: pool size: 64 pages
[    1.224568] io scheduler noop registered (default)
[    1.229307] io scheduler mq-deadline registered
[    1.233814] io scheduler kyber registered
[    1.238449] tegra-xusb-padctl 7009f000.padctl: failed to setup XUSB ports: -517
[    1.250835] tegra-apbdma 60020000.dma: Tegra20 APB DMA driver register 32 channels
[    1.256916] tegra-pmc 7000e400.pmc: i2c-thermtrip node not found, emergency thermal reset disabled.
[    1.265714] Serial: 8250/16550 driver, 4 ports, IRQ sharing disabled
[    1.271866] iommu: Adding device serial8250 to group 62
[    1.277701] console [ttyS0] disabled
[    1.280590] 70006000.serial: ttyS0 at MMIO 0x70006000 (irq = 333, base_baud = 25500000) is a Tegra
[    1.289527] console [ttyS0] enabled
[    1.289527] console [ttyS0] enabled
[    1.295751] bootconsole [earlycon0] disabled
[    1.295751] bootconsole [earlycon0] disabled
[    1.321798] tegra-hdmi 54280000.hdmi: failed to get HDMI regulator
[    1.328348] tegra-dpaux 545c0000.dpaux: failed to get VDD supply: -517
[    1.335811] panel-simple panel: panel supply power not found, using dummy regulator
[    1.347083] loop: module loaded
[    1.350777] as3722 4-0040: AS3722 with revision 0x1 found
[    1.357384] iommu: Adding device as3722-pinctrl to group 63
[    1.364319] iommu: Adding device as3722-regulator to group 64
[    1.372147] as3722-sd2: supplied by +5V_SYS
[    1.376588] as3722-sd3: supplied by +5V_SYS
[    1.380927] +1.35V_LP0(sd3): Bringing 0uV into 1350000-1350000uV
[    1.387118] as3722-sd4: supplied by +5V_SYS
[    1.391454] +1.05V_RUN: Bringing 0uV into 1050000-1050000uV
[    1.397207] as3722-sd5: supplied by +5V_SYS
[    1.402807] as3722-ldo0: supplied by +1.35V_LP0(sd2)
[    1.408553] +1.8V_RUN_CAM: Bringing 0uV into 1800000-1800000uV
[    1.414576] as3722-ldo2: supplied by +1.8V_VDDIO
[    1.420209] as3722-ldo3: supplied by +3.3V_SYS
[    1.424672] +1.00V_LP0_VDD_RTC: Bringing 1100000uV into 1000000-1000000uV
[    1.432242] as3722-ldo4: supplied by +3.3V_SYS
[    1.436849] +3.3V_RUN_CAM: Bringing 0uV into 2800000-2800000uV
[    1.442864] as3722-ldo5: supplied by +1.8V_VDDIO
[    1.447643] +1.2V_RUN_CAM_FRONT: Bringing 0uV into 1200000-1200000uV
[    1.454347] +VDDIO_SDMMC3: Bringing 0uV into 1800000-1800000uV
[    1.460372] as3722-ldo7: supplied by +1.8V_VDDIO
[    1.465155] +1.05V_RUN_CAM_REAR: Bringing 0uV into 1050000-1050000uV
[    1.471706] as3722-ldo9: supplied by +5V_SYS
[    1.476284] +2.8V_RUN_TOUCH: Bringing 0uV into 2800000-2800000uV
[    1.482485] as3722-ldo10: supplied by +5V_SYS
[    1.487009] +2.8V_RUN_CAM_AF: Bringing 0uV into 2800000-2800000uV
[    1.493446] +1.8V_RUN_VPP_FUSE: Bringing 0uV into 1800000-1800000uV
[    1.499970] iommu: Adding device as3722-rtc to group 65
[    1.505250] iommu: Adding device as3722-adc to group 66
[    1.510515] iommu: Adding device as3722-power-off to group 67
[    1.516308] iommu: Adding device as3722-wdt to group 68
[    1.534374] iommu: Adding device cros-ec-ctl.0.auto to group 69
[    1.540353] iommu: Adding device 7000d400.spi:cros-ec@0:i2c-tunnel to group 70
[    1.547682] iommu: Adding device 7000d400.spi:cros-ec@0:keyboard-controller to group 71
[    1.558584] cros-ec-spi spi0.0: Chrome EC device registered
[    1.573427] m25p80 spi1.0: w25q32dw (4096 Kbytes)
[    1.588897] iommu: Adding device Fixed MDIO bus.0 to group 72
[    1.594707] libphy: Fixed MDIO Bus: probed
[    1.598790] CAN device driver interface
[    1.602635] igb: Intel(R) Gigabit Ethernet Network Driver - version 5.4.0-k
[    1.609584] igb: Copyright (c) 2007-2014 Intel Corporation.
[    1.615195] pegasus: v0.9.3 (2013/04/25), Pegasus/Pegasus II USB Ethernet driver
[    1.622598] usbcore: registered new interface driver pegasus
[    1.628276] usbcore: registered new interface driver asix
[    1.633677] usbcore: registered new interface driver ax88179_178a
[    1.639784] usbcore: registered new interface driver cdc_ether
[    1.645631] usbcore: registered new interface driver smsc75xx
[    1.651383] usbcore: registered new interface driver smsc95xx
[    1.657140] usbcore: registered new interface driver net1080
[    1.662800] usbcore: registered new interface driver cdc_subset
[    1.668728] usbcore: registered new interface driver zaurus
[    1.674317] usbcore: registered new interface driver cdc_ncm
[    1.680050] ehci_hcd: USB 2.0 'Enhanced' Host Controller (EHCI) Driver
[    1.686567] ehci-pci: EHCI PCI platform driver
[    1.691017] tegra-ehci: Tegra EHCI driver
[    1.695288] usbcore: registered new interface driver cdc_acm
[    1.700931] cdc_acm: USB Abstract Control Model driver for USB modems and ISDN adapters
[    1.708942] usbcore: registered new interface driver cdc_wdm
[    1.714615] usbcore: registered new interface driver usb-storage
[    1.721270] input: cros_ec as /devices/soc0/7000d400.spi/spi_master/spi0/spi0.0/7000d400.spi:cros-ec@0:keyboard-controller/input/input0
[    1.740769] as3722-rtc as3722-rtc: rtc core: registered as3722-rtc as rtc0
[    1.747636] as3722-rtc as3722-rtc: RTC interrupt 372
[    1.754403] tegra_rtc 7000e000.rtc: rtc core: registered 7000e000.rtc as rtc1
[    1.761539] tegra_rtc 7000e000.rtc: Tegra internal Real Time Clock
[    1.767822] i2c /dev entries driver
[    1.771722] usbcore: registered new interface driver uvcvideo
[    1.777462] USB Video Class driver (1.1.1)
[    1.781546] gspca_main: v2.14.0 registered
[    1.785868] lm90 0-004c: 0-004c supply vcc not found, using dummy regulator
[    1.794517] tegra-wdt 60005000.timer: initialized (heartbeat = 120 sec, nowayout = 0)
[    1.802540] iommu: Adding device cpufreq-tegra124 to group 73
[    1.808606] sdhci: Secure Digital Host Controller Interface driver
[    1.814783] sdhci: Copyright(c) Pierre Ossman
[    1.819128] sdhci-pltfm: SDHCI platform and OF driver helper
[    1.824900] sdhci-tegra 700b0000.sdhci: allocated mmc-pwrseq
[    1.838242] sdhci-tegra 700b0400.sdhci: Got CD GPIO
[    1.843112] sdhci-tegra 700b0400.sdhci: Got WP GPIO
[    1.862242] mmc0: Unknown controller version (3). You may experience problems.
[    1.869482] mmc0: Invalid maximum block size, assuming 512 bytes
[    1.906258] mmc0: SDHCI controller on 700b0600.sdhci [700b0600.sdhci] using ADMA
[    1.913969] usbcore: registered new interface driver usbhid
[    1.919651] usbhid: USB HID core driver
[    1.924353] iommu: Adding device snd-soc-dummy to group 74
[    1.930993] iommu: Adding device 70301100.i2s to group 75
[    1.936938] tegra30-i2s 70301100.i2s: DMA channels sourced from device 70300000.ahub
[    1.983833] mmc0: new high speed MMC card at address 0001
[    1.991048] mmcblk0: mmc0:0001 MMC16G 14.4 GiB 
[    1.996100] max98090 0-0010: MAX98090 REVID=0x43
[    2.002069] mmcblk0boot0: mmc0:0001 MMC16G partition 1 2.00 MiB
[    2.009747] mmcblk0boot1: mmc0:0001 MMC16G partition 2 2.00 MiB
[    2.015801] mmcblk0rpmb: mmc0:0001 MMC16G partition 3 128 KiB, chardev (247:0)
[    2.024367] max98090 0-0010: use default 2.8v micbias
[    2.026130]  mmcblk0: p1 p2 p3 p4 p5 p6 p7 p8 p9 p10 p11 p12
[    2.037489] tegra-snd-max98090 sound: HiFi <-> 70301100.i2s mapping ok
[    2.045000] input: GoogleNyanBig Headphones as /devices/soc0/sound/sound/card1/input1
[    2.052932] input: GoogleNyanBig Mic Jack as /devices/soc0/sound/sound/card1/input2
[    2.061155] NET: Registered protocol family 10
[    2.066114] Segment Routing with IPv6
[    2.069829] mip6: Mobile IPv6
[    2.072787] sit: IPv6, IPv4 and MPLS over IPv4 tunneling driver
[    2.079231] NET: Registered protocol family 17
[    2.083669] NET: Registered protocol family 15
[    2.088107] can: controller area network core (rev 20170425 abi 9)
[    2.094354] NET: Registered protocol family 29
[    2.098784] can: raw protocol (rev 20170425)
[    2.103040] can: broadcast manager protocol (rev 20170425 t)
[    2.108696] can: netlink gateway (rev 20170425) max_hops=1
[    2.114248] Bluetooth: RFCOMM socket layer initialized
[    2.119382] Bluetooth: RFCOMM ver 1.11
[    2.123123] Bluetooth: BNEP (Ethernet Emulation) ver 1.3
[    2.128433] Bluetooth: BNEP socket layer initialized
[    2.133383] Bluetooth: HIDP (Human Interface Emulation) ver 1.2
[    2.139294] Bluetooth: HIDP socket layer initialized
[    2.144345] Key type dns_resolver registered
[    2.148789] Registering SWP/SWPB emulation handler
[    2.153849] Loading compiled-in X.509 certificates
[    2.165004] +3.3V_RUN: supplied by +3.3V_SYS
[    2.169902] +VDD_LED: supplied by +VDD_MUX
[    2.174097] +3.3V_AVDD_HDMI_AP_GATED: supplied by +3.3V_RUN
[    2.179832] +1.8V_RUN_CAM: supplied by +3.3V_RUN
[    2.184570] +VDDIO_SDMMC3: supplied by +3.3V_RUN
[    2.189213] +1.8V_RUN_VPP_FUSE: supplied by +3.3V_RUN
[    2.194462] +5V_VDD_TS_SW: supplied by +5V_SYS
[    2.199075] +5V_USB_HS: supplied by +5V_SYS
[    2.203392] +5V_USB_SS: supplied by +5V_SYS
[    2.208729] +3.3V_PANEL: supplied by +3.3V_RUN
[    2.214221] +3.3V_LP0: supplied by +3.3V_SYS
[    2.218962] +1.05V_RUN_AVDD_HDMI_PLL: supplied by +1.05V_RUN
[    2.224909] +5V_HDMI_CON: supplied by +5V_SYS
[    2.229856]  usb3-0: usb3-0 supply vbus not found, using dummy regulator
[    2.236683]  usb3-1: usb3-1 supply vbus not found, using dummy regulator
[    2.245928] tegra-sor 54540000.sor: failed to probe output: -517
[    2.252087] panel-simple panel: panel supply power not found, using dummy regulator
[    2.324868] tegra-xusb 70090000.usb: Firmware timestamp: 2014-09-16 02:10:07 UTC
[    2.332265] tegra-xusb 70090000.usb: xHCI Host Controller
[    2.337686] tegra-xusb 70090000.usb: new USB bus registered, assigned bus number 1
[    2.347262] tegra-xusb 70090000.usb: hcc params 0x0184f525 hci version 0x100 quirks 0x00010010
[    2.355917] tegra-xusb 70090000.usb: irq 344, io mem 0x70090000
[    2.362469] hub 1-0:1.0: USB hub found
[    2.366288] hub 1-0:1.0: 6 ports detected
[    2.370654] tegra-xusb 70090000.usb: xHCI Host Controller
[    2.376081] tegra-xusb 70090000.usb: new USB bus registered, assigned bus number 2
[    2.383762] usb usb2: We don't know the algorithms for LPM for this host, disabling LPM.
[    2.392430] hub 2-0:1.0: USB hub found
[    2.396241] hub 2-0:1.0: 2 ports detected
[    2.401283] sdhci-tegra 700b0000.sdhci: allocated mmc-pwrseq
[    2.414397] mmc1: Unknown controller version (3). You may experience problems.
[    2.421655] mmc1: Invalid maximum block size, assuming 512 bytes
[    2.428120] mmc1: Switching to 3.3V signalling voltage failed
[    2.456866] mmc1: SDHCI controller on 700b0000.sdhci [700b0000.sdhci] using ADMA
[    2.464512] sdhci-tegra 700b0400.sdhci: Got CD GPIO
[    2.469385] sdhci-tegra 700b0400.sdhci: Got WP GPIO
[    2.479636] mmc2: Unknown controller version (3). You may experience problems.
[    2.486973] mmc2: Invalid maximum block size, assuming 512 bytes
[    2.523195] mmc1: new high speed SDIO card at address 0001
[    2.529037] mmc2: SDHCI controller on 700b0400.sdhci [700b0400.sdhci] using ADMA
[    2.536615] tegra-sor 54540000.sor: failed to probe output: -517
[    2.542773] panel-simple panel: panel supply power not found, using dummy regulator
[    2.550878] input: gpio-keys as /devices/soc0/gpio-keys/input/input3
[    2.557818] tegra-sor 54540000.sor: failed to probe output: -517
[    2.564036] panel-simple panel: panel supply power not found, using dummy regulator
[    2.571699] as3722-rtc as3722-rtc: setting system clock to 2000-01-01 17:00:13 UTC (946746013)
[    2.571849] cfg80211: Loading compiled-in X.509 certificates for regulatory database
[    2.573579] cfg80211: Loaded X.509 cert 'sforshee: 00b28ddf47aef9cea7'
[    2.573702] platform regulatory.0: Direct firmware load for regulatory.db failed with error -2
[    2.573706] cfg80211: failed to load regulatory.db
[    2.573999] +3.3V_AVDD_HDMI_AP_GATED: disabling
[    2.574011] +1.8V_RUN_CAM: disabling
[    2.574183] +1.2V_RUN_CAM_FRONT: disabling
[    2.574432] +1.05V_RUN_CAM_REAR: disabling
[    2.574675] +2.8V_RUN_TOUCH: disabling
[    2.574916] +2.8V_RUN_CAM_AF: disabling
[    2.575153] +1.8V_RUN_VPP_FUSE: disabling
[    2.575394] +VDD_LED: disabling
[    2.575398] +5V_VDD_TS_SW: disabling
[    2.575405] +3.3V_PANEL: disabling
[    2.575408] +1.05V_RUN_AVDD_HDMI_PLL: disabling
[    2.575410] +5V_HDMI_CON: disabling
[    2.575413] ALSA device list:
[    2.575416]   #1: GoogleNyanBig
[    2.704610] tegra-sor 54540000.sor: failed to probe output: -517
[    2.710827] panel-simple panel: panel supply power not found, using dummy regulator
[    2.719043] input: tegra-hda HDMI/DP,pcm=3 as /devices/soc0/70030000.hda/sound/card0/input4
[    2.728523] EXT4-fs (mmcblk0p3): couldn't mount as ext3 due to feature incompatibilities
[    2.785955] mmc2: new high speed SDHC card at address 0007
[    2.793291] mmcblk2: mmc2:0007 SD08G 7.42 GiB 
[    2.804154] usb 1-2: new high-speed USB device number 2 using tegra-xusb
[    2.813461] GPT:Primary header alternate_lba != Alt. header my_lba
[    2.819649] GPT:3014591 != 15564799
[    2.823125] GPT:Primary header thinks Alt. header is not at the end of the disk.
[    2.830507] GPT:3014591 != 15564799
[    2.833983] GPT: Use GNU Parted to correct GPT errors.
[    2.839134]  mmcblk2: p1 p2 p3 p4 p5 p6 p7 p8 p9 p10 p11 p12
[    2.847068] tegra-sor 54540000.sor: failed to probe output: -517
[    2.853229] panel-simple panel: panel supply power not found, using dummy regulator
[    2.935569] EXT4-fs (mmcblk0p3): recovery complete
[    2.940928] EXT4-fs (mmcblk0p3): mounted filesystem with ordered data mode. Opts: (null)
[    2.949048] VFS: Mounted root (ext4 filesystem) on device 179:3.
[    2.955710] devtmpfs: mounted
[    2.959150] Freeing unused kernel memory: 1024K
bash: cannot set terminal process group (-1): Inappropriate ioctl for device
bash: no job control in this shell
root@(none):/# [    3.126673] uvcvideo: Found UVC 1.00 device HD WebCam (1bcf:2c67)
[    3.141551] input: HD WebCam: HD WebCam as /devices/soc0/70090000.usb/usb1/1-2/1-2:1.0/input/input5
[    3.151243] tegra-sor 54540000.sor: failed to probe output: -517
[    3.157429] panel-simple panel: panel supply power not found, using dummy regulator
[    3.494196] usb 1-3: new high-speed USB device number 3 using tegra-xusb
mount -t sysfs none /sys
root@(none):/# 
root@(none):/# [    4.153147] asix 1-3:1.0 eth0: register 'asix' at usb-70090000.usb-3, ASIX AX88772 USB 2.0 Ethernet, c8:d7:19:90:fa:65
[    4.164161] tegra-sor 54540000.sor: failed to probe output: -517
[    4.170319] panel-simple panel: panel supply power not found, using dummy regulator
[    4.504197] usb 1-1: new high-speed USB device number 4 using tegra-xusb
mount -t debugfs none /sys/kernel/debug
[    4.692359] usb-storage 1-1:1.0: USB Mass Storage device detected
[    4.699231] scsi host0: usb-storage 1-1:1.0
[    4.703823] tegra-sor 54540000.sor: failed to probe output: -517
[    4.710604] panel-simple panel: panel supply power not found, using dummy regulator
root@(none):/# 
root@(none):/# rtcwake -d rtc1 -m mem -s 3
rtcwake: assuming RTC uses UTC ...
rtcwake: wakeup from "mem" using /dev/rtc1 at Thu Jan  1 00:00:28 1970
[    5.739202] PM: suspend entry (deep)
[    5.742770] PM: Syncing filesystems ... done.
[    5.748638] Freezing user space processes ... (elapsed 0.001 seconds) done.
[    5.756894] OOM killer disabled.
[    5.760130] Freezing remaining freezable tasks ... 
[    5.760295] scsi 0:0:0:0: Direct-Access     SanDisk  SDDR-113         9412 PQ: 0 ANSI: 0
[    5.773779] tegra-sor 54540000.sor: failed to probe output: -517
[    5.779951] panel-simple panel: panel supply power not found, using dummy regulator
[    5.965890] sd 0:0:0:0: [sda] 15523840 512-byte logical blocks: (7.95 GB/7.40 GiB)
[    5.973577] (elapsed 0.213 seconds) done.
[    5.977666] Suspending console(s) (use no_console_suspend to debug)
[    5.984473] sd 0:0:0:0: [sda] Write Protect is off
[    5.984478] sd 0:0:0:0: [sda] Mode Sense: 03 00 00 00
[    5.985241] sd 0:0:0:0: [sda] No Caching mode page found
[    5.985244] sd 0:0:0:0: [sda] Assuming drive cache: write through
[    6.006157]  sda: sda1 sda2 sda3 sda4 sda5 sda6 sda7 sda8 sda9 sda10 sda11 sda12 sda13
[    6.010776] sd 0:0:0:0: [sda] Attached SCSI removable disk
[    6.197703] Disabling non-boot CPUs ...
[    6.364921] Entering suspend state LP1
[    6.364947] Enabling non-boot CPUs ...
[    6.365631] CPU1 is up
[    6.366239] CPU2 is up
[    6.366877] CPU3 is up
[    6.407873] cros-ec-spi spi0.0: spi transfer failed: -121
[    6.420086] mmc1: Switching to 3.3V signalling voltage failed
[    6.634714] usb 1-1: reset high-speed USB device number 4 using tegra-xusb
[    6.959109] tegra-sor 54540000.sor: failed to probe output: -517
[    6.959328] panel-simple panel: panel supply power not found, using dummy regulator
[    7.034325] OOM killer enabled.
[    7.037453] Restarting tasks ... done.
[    7.042059] PM: suspend exit
root@(none):/# 
root@(none):/# rtcwake -d rtc1 -m mem -s 3
rtcwake: assuming RTC uses UTC ...
rtcwake: wakeup from "mem" using /dev/rtc1 at Thu Jan  1 00:00:33 1970
[    8.043495] PM: suspend entry (deep)
[    8.047081] PM: Syncing filesystems ... done.
[    8.052779] Freezing user space processes ... (elapsed 0.001 seconds) done.
[    8.060946] OOM killer disabled.
[    8.064167] Freezing remaining freezable tasks ... (elapsed 0.001 seconds) done.
[    8.072764] Suspending console(s) (use no_console_suspend to debug)
[    8.257844] Disabling non-boot CPUs ...
[    8.374254] IRQ17 no longer affine to CPU2
[    8.444853] Entering suspend state LP1
[    8.444877] Enabling non-boot CPUs ...
[    8.445600] CPU1 is up
[    8.446217] CPU2 is up
[    8.446872] CPU3 is up
[    8.488178] cros-ec-spi spi0.0: spi transfer failed: -121
[    8.500577] mmc1: Switching to 3.3V signalling voltage failed
[    8.714578] usb 1-1: reset high-speed USB device number 4 using tegra-xusb
[    9.029046] tegra-sor 54540000.sor: failed to probe output: -517
[    9.029210] panel-simple panel: panel supply power not found, using dummy regulator
[    9.083535] OOM killer enabled.
[    9.086670] Restarting tasks ... done.
[    9.091066] PM: suspend exit
root@(none):/# 
root@(none):/# rtcwake -d rtc1 -m mem -s 3
rtcwake: assuming RTC uses UTC ...
rtcwake: wakeup from "mem" using /dev/rtc1 at Thu Jan  1 00:00:38 1970
[   10.123408] PM: suspend entry (deep)
[   10.126994] PM: Syncing filesystems ... done.
[   10.132677] Freezing user space processes ... (elapsed 0.001 seconds) done.
[   10.140760] OOM killer disabled.
[   10.143976] Freezing remaining freezable tasks ... (elapsed 0.001 seconds) done.
[   10.152563] Suspending console(s) (use no_console_suspend to debug)
[   10.347238] Disabling non-boot CPUs ...
[   10.454231] IRQ17 no longer affine to CPU2
[   10.524807] Entering suspend state LP1
[   10.524833] Enabling non-boot CPUs ...
[   10.525569] CPU1 is up
[   10.526185] CPU2 is up
[   10.526846] CPU3 is up
[   10.568597] cros-ec-spi spi0.0: spi transfer failed: -121
[   10.581013] mmc1: Switching to 3.3V signalling voltage failed
[   10.794556] usb 1-1: reset high-speed USB device number 4 using tegra-xusb
[   11.614730] tegra-sor 54540000.sor: failed to probe output: -517
[   11.614892] panel-simple panel: panel supply power not found, using dummy regulator
[   11.669266] OOM killer enabled.
[   11.672406] Restarting tasks ... done.
[   11.676817] PM: suspend exit
root@(none):/# 
root@(none):/# rtcwake -d rtc1 -m mem -s 3
rtcwake: assuming RTC uses UTC ...
rtcwake: wakeup from "mem" using /dev/rtc1 at Thu Jan  1 00:00:43 1970
[   12.202822] PM: suspend entry (deep)
[   12.206425] PM: Syncing filesystems ... done.
[   12.212109] Freezing user space processes ... (elapsed 0.001 seconds) done.
[   12.220302] OOM killer disabled.
[   12.223523] Freezing remaining freezable tasks ... (elapsed 0.001 seconds) done.
[   12.232166] Suspending console(s) (use no_console_suspend to debug)
[   12.417300] Disabling non-boot CPUs ...
[   12.594793] Entering suspend state LP1
[   12.594818] Enabling non-boot CPUs ...
[   12.595558] CPU1 is up
[   12.596175] CPU2 is up
[   12.596832] CPU3 is up
[   12.638063] cros-ec-spi spi0.0: spi transfer failed: -121
[   12.650325] mmc1: Switching to 3.3V signalling voltage failed
[   13.179722] tegra-sor 54540000.sor: failed to probe output: -517
[   13.179886] panel-simple panel: panel supply power not found, using dummy regulator
[   13.223255] OOM killer enabled.
[   13.226397] Restarting tasks ... done.
[   13.230603] PM: suspend exit
root@(none):/# 
root@(none):/# rtcwake -d rtc1 -m mem -s 3
rtcwake: assuming RTC uses UTC ...
rtcwake: wakeup from "mem" using /dev/rtc1 at Thu Jan  1 00:00:48 1970
[   14.274048] PM: suspend entry (deep)
[   14.277623] PM: Syncing filesystems ... done.
[   14.283372] Freezing user space processes ... (elapsed 0.001 seconds) done.
[   14.291548] OOM killer disabled.
[   14.294783] Freezing remaining freezable tasks ... (elapsed 0.001 seconds) done.
[   14.303275] Suspending console(s) (use no_console_suspend to debug)
[   14.487223] Disabling non-boot CPUs ...
[   14.634708] Entering suspend state LP1
[   14.634734] Enabling non-boot CPUs ...
[   14.635476] CPU1 is up
[   14.636091] CPU2 is up
[   14.636754] CPU3 is up
[   14.678033] cros-ec-spi spi0.0: spi transfer failed: -121
[   14.690324] mmc1: Switching to 3.3V signalling voltage failed
[   14.904507] usb 1-1: reset high-speed USB device number 4 using tegra-xusb
[   15.218497] tegra-sor 54540000.sor: failed to probe output: -517
[   15.218663] panel-simple panel: panel supply power not found, using dummy regulator
[   15.269004] OOM killer enabled.
[   15.272145] Restarting tasks ... done.
[   15.276449] PM: suspend exit
root@(none):/# 
root@(none):/# rtcwake -d rtc1 -m mem -s 3
rtcwake: assuming RTC uses UTC ...
rtcwake: wakeup from "mem" using /dev/rtc1 at Thu Jan  1 00:00:53 1970
[   16.312222] PM: suspend entry (deep)
[   16.315807] PM: Syncing filesystems ... done.
[   16.321287] Freezing user space processes ... (elapsed 0.001 seconds) done.
[   16.329467] OOM killer disabled.
[   16.332683] Freezing remaining freezable tasks ... (elapsed 0.001 seconds) done.
[   16.341284] Suspending console(s) (use no_console_suspend to debug)
[   16.527432] Disabling non-boot CPUs ...
[   16.604182] IRQ17 no longer affine to CPU1
[   16.714664] Entering suspend state LP1
[   16.714689] Enabling non-boot CPUs ...
[   16.715433] CPU1 is up
[   16.716053] CPU2 is up
[   16.716714] CPU3 is up
[   16.757894] cros-ec-spi spi0.0: spi transfer failed: -121
[   16.770117] mmc1: Switching to 3.3V signalling voltage failed
[   16.984483] usb 1-1: reset high-speed USB device number 4 using tegra-xusb
[   17.298976] tegra-sor 54540000.sor: failed to probe output: -517
[   17.299141] panel-simple panel: panel supply power not found, using dummy regulator
[   17.353576] OOM killer enabled.
[   17.356732] Restarting tasks ... done.
[   17.361023] PM: suspend exit
root@(none):/# 
root@(none):/# rtcwake -d rtc1 -m mem -s 3
rtcwake: assuming RTC uses UTC ...
rtcwake: wakeup from "mem" using /dev/rtc1 at Thu Jan  1 00:00:58 1970
[   18.391895] PM: suspend entry (deep)
[   18.395477] PM: Syncing filesystems ... done.
[   18.400938] Freezing user space processes ... (elapsed 0.001 seconds) done.
[   18.409020] OOM killer disabled.
[   18.412236] Freezing remaining freezable tasks ... (elapsed 0.001 seconds) done.
[   18.420831] Suspending console(s) (use no_console_suspend to debug)
[   18.607571] Disabling non-boot CPUs ...
[   18.784625] Entering suspend state LP1
[   18.784650] Enabling non-boot CPUs ...
[   18.785395] CPU1 is up
[   18.786012] CPU2 is up
[   18.786672] CPU3 is up
[   18.827876] cros-ec-spi spi0.0: spi transfer failed: -121
[   18.840001] mmc1: Switching to 3.3V signalling voltage failed
[   19.369056] tegra-sor 54540000.sor: failed to probe output: -517
[   19.369220] panel-simple panel: panel supply power not found, using dummy regulator
[   19.412667] OOM killer enabled.
[   19.415832] Restarting tasks ... done.
[   19.420130] PM: suspend exit
root@(none):/# 
root@(none):/# rtcwake -d rtc1 -m mem -s 3
rtcwake: assuming RTC uses UTC ...
rtcwake: wakeup from "mem" using /dev/rtc1 at Thu Jan  1 00:01:03 1970
[   20.462368] PM: suspend entry (deep)
[   20.465956] PM: Syncing filesystems ... done.
[   20.471496] Freezing user space processes ... (elapsed 0.001 seconds) done.
[   20.479709] OOM killer disabled.
[   20.482929] Freezing remaining freezable tasks ... (elapsed 0.001 seconds) done.
[   20.491567] Suspending console(s) (use no_console_suspend to debug)
[   20.677661] Disabling non-boot CPUs ...
[   20.844089] IRQ17 no longer affine to CPU3
[   20.844624] Entering suspend state LP1
[   20.844650] Enabling non-boot CPUs ...
[   20.845393] CPU1 is up
[   20.846011] CPU2 is up
[   20.846669] CPU3 is up
[   20.887900] cros-ec-spi spi0.0: spi transfer failed: -121
[   20.899915] mmc1: Switching to 3.3V signalling voltage failed
[   21.114416] usb 1-1: reset high-speed USB device number 4 using tegra-xusb
[   21.429042] tegra-sor 54540000.sor: failed to probe output: -517
[   21.429208] panel-simple panel: panel supply power not found, using dummy regulator
[   21.483640] OOM killer enabled.
[   21.486804] Restarting tasks ... done.
[   21.491012] PM: suspend exit
root@(none):/# 
root@(none):/# rtcwake -d rtc1 -m mem -s 3
rtcwake: assuming RTC uses UTC ...
rtcwake: wakeup from "mem" using /dev/rtc1 at Thu Jan  1 00:01:08 1970
[   22.521875] PM: suspend entry (deep)
[   22.525450] PM: Syncing filesystems ... done.
[   22.530910] Freezing user space processes ... (elapsed 0.001 seconds) done.
[   22.538993] OOM killer disabled.
[   22.542209] Freezing remaining freezable tasks ... (elapsed 0.001 seconds) done.
[   22.550802] Suspending console(s) (use no_console_suspend to debug)
[   22.737318] Disabling non-boot CPUs ...
[   22.914595] Entering suspend state LP1
[   22.914620] Enabling non-boot CPUs ...
[   22.915365] CPU1 is up
[   22.915980] CPU2 is up
[   22.916642] CPU3 is up
[   22.957850] cros-ec-spi spi0.0: spi transfer failed: -121
[   22.969966] mmc1: Switching to 3.3V signalling voltage failed
[   23.184427] usb 1-1: reset high-speed USB device number 4 using tegra-xusb
[   23.498779] tegra-sor 54540000.sor: failed to probe output: -517
[   23.498944] panel-simple panel: panel supply power not found, using dummy regulator
[   23.549280] OOM killer enabled.
[   23.552422] Restarting tasks ... done.
[   23.556864] PM: suspend exit
root@(none):/# 
root@(none):/# rtcwake -d rtc1 -m mem -s 3
rtcwake: assuming RTC uses UTC ...
rtcwake: wakeup from "mem" using /dev/rtc1 at Thu Jan  1 00:01:13 1970
[   24.591856] PM: suspend entry (deep)
[   24.595432] PM: Syncing filesystems ... done.
[   24.600886] Freezing user space processes ... (elapsed 0.001 seconds) done.
[   24.608972] OOM killer disabled.
[   24.612187] Freezing remaining freezable tasks ... (elapsed 0.001 seconds) done.
[   24.620778] Suspending console(s) (use no_console_suspend to debug)
[   24.807442] Disabling non-boot CPUs ...
[   24.954572] Entering suspend state LP1
[   24.954598] Enabling non-boot CPUs ...
[   24.955341] CPU1 is up
[   24.955958] CPU2 is up
[   24.956618] CPU3 is up
[   24.997816] cros-ec-spi spi0.0: spi transfer failed: -121
[   25.010023] mmc1: Switching to 3.3V signalling voltage failed
[   25.539743] tegra-sor 54540000.sor: failed to probe output: -517
[   25.539907] panel-simple panel: panel supply power not found, using dummy regulator
[   25.583280] OOM killer enabled.
[   25.586421] Restarting tasks ... done.
[   25.590639] PM: suspend exit
root@(none):/# 
root@(none):/# NVTB SYSTEM SUSPEND TEST COMPLETE
