
U-Boot SPL 2015.04-rc3-00209-ga74ef40 (Mar 16 2015 - 14:43:39)


U-Boot 2015.04-rc3-00209-ga74ef40 (Mar 16 2015 - 14:43:39)

TEGRA20
Model: Compulab TrimSlice board
DRAM:  1 GiB
MMC:   Tegra SD/MMC: 0, Tegra SD/MMC: 1
SF: Detected W25Q80BL with page size 256 Bytes, erase size 4 KiB, total 1 MiB
tegra-pcie: PCI regions:
tegra-pcie:   I/O: 0x82000000-0x82010000
tegra-pcie:   non-prefetchable memory: 0xa0000000-0xa8000000
tegra-pcie:   prefetchable memory: 0xa8000000-0xc0000000
tegra-pcie: dual-mode configuration
tegra-pcie: probing port 0, using 2 lanes
In:    serial
Out:   serial
Err:   serial
Net:   RTL8169#0
Hit any key to stop autoboot:  2  1  0 
Tegra20 (TrimSlice) # 
Tegra20 (TrimSlice) # usb reset
resetting USB...
USB0:   USB EHCI 1.00
scanning bus 0 for devices... 3 USB Device(s) found
USB1:   USB EHCI 1.00
scanning bus 1 for devices... 1 USB Device(s) found
USB2:   lowlevel init failed
       scanning usb for storage devices... 0 Storage Device(s) found
       scanning usb for ethernet devices... 
Warning: asx0 using MAC address from net device
1 Ethernet Device(s) found
Tegra20 (TrimSlice) # setenv bootargs 'ignore_loglevel console=ttyS0,115200n8 rw root=PARTUUID=11eb23c1-01 rootwait gpt debug noinitrd earlyprintk init=/bin/bash'
Tegra20 (TrimSlice) # setenv ipaddr 192.168.100.103; setenv serverip 192.168.100.1; setenv tftpserverip 192.168.100.1
Tegra20 (TrimSlice) # tftpboot 0x00408000 zImage.tegra_defconfig
Using RTL8169#0 device
TFTP from server 192.168.100.1; our IP address is 192.168.100.103
Filename 'zImage.tegra_defconfig'.
Load address: 0x408000
Loading: *#################################################################
	 #################################################################
	 #################################################################
	 #################################################################
	 #################################################################
	 ######################################
	 4.1 MiB/s
done
Bytes transferred = 5322912 (5138a0 hex)
Tegra20 (TrimSlice) # tftpboot 0x02408000 tegra20-trimslice.dtb
Using RTL8169#0 device
TFTP from server 192.168.100.1; our IP address is 192.168.100.103
Filename 'tegra20-trimslice.dtb'.
Load address: 0x2408000
Loading: *##
	 3.4 MiB/s
done
Bytes transferred = 21172 (52b4 hex)
Tegra20 (TrimSlice) # bootz 0x00408000 - 0x02408000
Kernel image @ 0x408000 [ 0x000000 - 0x5138a0 ]
## Flattened Device Tree blob at 02408000
   Booting using the fdt blob at 0x2408000
   Using Device Tree in place at 02408000, end 024102b3

Starting kernel ...

Uncompressing Linux... done, booting the kernel.
[    0.000000] Booting Linux on physical CPU 0x0
[    0.000000] Linux version 4.6.0-rc2-next-20160408-85857-g6e5921e (pwalmsley@kaivo) (gcc version 4.7.3 20130328 (prerelease) (crosstool-NG linaro-1.13.1-4.7-2013.04-20130415 - Linaro GCC 2013.04) ) #1 SMP PREEMPT Thu Apr 7 21:48:39 PDT 2016
[    0.000000] CPU: ARMv7 Processor [411fc090] revision 0 (ARMv7), cr=10c5387d
[    0.000000] CPU: PIPT / VIPT nonaliasing data cache, VIPT aliasing instruction cache
[    0.000000] Machine model: Compulab TrimSlice board
[    0.000000] debug: ignoring loglevel setting.
[    0.000000] bootconsole [earlycon0] enabled
[    0.000000] cma: Reserved 64 MiB at 0x3c000000
[    0.000000] Memory policy: Data cache writealloc
[    0.000000] On node 0 totalpages: 262144
[    0.000000] free_area_init_node: node 0, pgdat c0c5c740, node_mem_map ef7f7000
[    0.000000]   Normal zone: 1536 pages used for memmap
[    0.000000]   Normal zone: 0 pages reserved
[    0.000000]   Normal zone: 196608 pages, LIFO batch:31
[    0.000000]   HighMem zone: 65536 pages, LIFO batch:15
[    0.000000] percpu: Embedded 12 pages/cpu @ef7ca000 s19776 r8192 d21184 u49152
[    0.000000] pcpu-alloc: s19776 r8192 d21184 u49152 alloc=12*4096
[    0.000000] pcpu-alloc: [0] 0 [0] 1 
[    0.000000] Built 1 zonelists in Zone order, mobility grouping on.  Total pages: 260608
[    0.000000] Kernel command line: ignore_loglevel console=ttyS0,115200n8 rw root=PARTUUID=11eb23c1-01 rootwait gpt debug noinitrd earlyprintk init=/bin/bash
[    0.000000] PID hash table entries: 4096 (order: 2, 16384 bytes)
[    0.000000] Dentry cache hash table entries: 131072 (order: 7, 524288 bytes)
[    0.000000] Inode-cache hash table entries: 65536 (order: 6, 262144 bytes)
[    0.000000] Memory: 961800K/1048576K available (7412K kernel code, 376K rwdata, 2520K rodata, 1024K init, 362K bss, 21240K reserved, 65536K cma-reserved, 196608K highmem)
[    0.000000] Virtual kernel memory layout:
[    0.000000]     vector  : 0xffff0000 - 0xffff1000   (   4 kB)
[    0.000000]     fixmap  : 0xffc00000 - 0xfff00000   (3072 kB)
[    0.000000]     vmalloc : 0xf0800000 - 0xff800000   ( 240 MB)
[    0.000000]     lowmem  : 0xc0000000 - 0xf0000000   ( 768 MB)
[    0.000000]     pkmap   : 0xbfe00000 - 0xc0000000   (   2 MB)
[    0.000000]     modules : 0xbf000000 - 0xbfe00000   (  14 MB)
[    0.000000]       .text : 0xc0008000 - 0xc0ab3380   (10925 kB)
[    0.000000]       .init : 0xc0b00000 - 0xc0c00000   (1024 kB)
[    0.000000]       .data : 0xc0c00000 - 0xc0c5e2c0   ( 377 kB)
[    0.000000]        .bss : 0xc0c60000 - 0xc0cbaa8c   ( 363 kB)
[    0.000000] Preemptible hierarchical RCU implementation.
[    0.000000] 	Build-time adjustment of leaf fanout to 32.
[    0.000000] 	RCU restricting CPUs from NR_CPUS=4 to nr_cpu_ids=2.
[    0.000000] RCU: Adjusting geometry for rcu_fanout_leaf=32, nr_cpu_ids=2
[    0.000000] NR_IRQS:16 nr_irqs:16 16
[    0.000000] /interrupt-controller@60004000: 128 interrupts forwarded to /interrupt-controller@50041000
[    0.000000] L2C: platform modifies aux control register: 0x02080000 -> 0x3e480001
[    0.000000] L2C: DT/platform modifies aux control register: 0x02080000 -> 0x3e480001
[    0.000000] L2C-310 errata 727915 769419 enabled
[    0.000000] L2C-310 enabling early BRESP for Cortex-A9
[    0.000000] L2C-310: enabling full line of zeros but not enabled in Cortex-A9
[    0.000000] L2C-310 ID prefetch enabled, offset 1 lines
[    0.000000] L2C-310 cache controller enabled, 8 ways, 1024 kB
[    0.000000] L2C-310: CACHE_ID 0x410000c4, AUX_CTRL 0x7e480001
[    0.000010] sched_clock: 32 bits at 1000kHz, resolution 1000ns, wraps every 2147483647500ns
[    0.008355] clocksource: timer_us: mask: 0xffffffff max_cycles: 0xffffffff, max_idle_ns: 1911260446275 ns
[    0.017970] Switching to timer-based delay loop, resolution 1000ns
[    0.024829] Console: colour dummy device 80x30
[    0.029273] Calibrating delay loop (skipped), value calculated using timer frequency.. 2.00 BogoMIPS (lpj=10000)
[    0.039489] pid_max: default: 32768 minimum: 301
[    0.044626] Mount-cache hash table entries: 2048 (order: 1, 8192 bytes)
[    0.051239] Mountpoint-cache hash table entries: 2048 (order: 1, 8192 bytes)
[    0.059835] CPU: Testing write buffer coherency: ok
[    0.064972] CPU0: thread -1, cpu 0, socket 0, mpidr 80000000
[    0.070652] Setting up static identity map for 0x100000 - 0x100098
[    0.078222] Tegra Revision: A03 prime SKU: 8 CPU Process: 1 SoC Process: 2
[    0.086691] CPU1: thread -1, cpu 1, socket 0, mpidr 80000001
[    0.086767] Brought up 2 CPUs
[    0.095449] SMP: Total of 2 processors activated (4.00 BogoMIPS).
[    0.101608] CPU: All CPU(s) started in SVC mode.
[    0.107313] devtmpfs: initialized
[    0.126207] VFP support v0.3: implementor 41 architecture 3 part 30 variant 9 rev 1
[    0.134416] clocksource: jiffies: mask: 0xffffffff max_cycles: 0xffffffff, max_idle_ns: 19112604462750000 ns
[    0.146992] pinctrl core: initialized pinctrl subsystem
[    0.154196] NET: Registered protocol family 16
[    0.160252] DMA: preallocated 256 KiB pool for atomic coherent allocations
[    0.189979] cpuidle: using governor menu
[    0.212929] No ATAGs?
[    0.214949] hw-breakpoint: found 5 (+1 reserved) breakpoint and 1 watchpoint registers.
[    0.223269] hw-breakpoint: maximum watchpoint size is 4 bytes.
[    0.283372] usb1_vbus: Failed to request enable GPIO170: -517
[    0.289114] reg-fixed-voltage regulators:regulator@2: Failed to register regulator: -517
[    0.301111] vgaarb: loaded
[    0.305264] SCSI subsystem initialized
[    0.309293] libata version 3.00 loaded.
[    0.313838] usbcore: registered new interface driver usbfs
[    0.319467] usbcore: registered new interface driver hub
[    0.324911] usbcore: registered new device driver usb
[    0.332609] Linux video capture interface: v2.00
[    0.337335] pps_core: LinuxPPS API ver. 1 registered
[    0.342302] pps_core: Software ver. 5.3.6 - Copyright 2005-2007 Rodolfo Giometti <giometti@linux.it>
[    0.351540] PTP clock support registered
[    0.356475] Advanced Linux Sound Architecture Driver Initialized.
[    0.364251] Bluetooth: Core ver 2.21
[    0.367898] NET: Registered protocol family 31
[    0.372345] Bluetooth: HCI device and connection manager initialized
[    0.378759] Bluetooth: HCI socket layer initialized
[    0.383706] Bluetooth: L2CAP socket layer initialized
[    0.388836] Bluetooth: SCO socket layer initialized
[    0.395328] clocksource: Switched to clocksource timer_us
[    0.425071] NET: Registered protocol family 2
[    0.430606] TCP established hash table entries: 8192 (order: 3, 32768 bytes)
[    0.437726] TCP bind hash table entries: 8192 (order: 4, 65536 bytes)
[    0.444259] TCP: Hash tables configured (established 8192 bind 8192)
[    0.451226] UDP hash table entries: 512 (order: 2, 16384 bytes)
[    0.457193] UDP-Lite hash table entries: 512 (order: 2, 16384 bytes)
[    0.463907] NET: Registered protocol family 1
[    0.468982] RPC: Registered named UNIX socket transport module.
[    0.474889] RPC: Registered udp transport module.
[    0.479677] RPC: Registered tcp transport module.
[    0.484422] RPC: Registered tcp NFSv4.1 backchannel transport module.
[    0.490938] PCI: CLS 0 bytes, default 64
[    0.497136] hw perfevents: enabled with armv7_cortex_a9 PMU driver, 7 counters available
[    0.507403] futex hash table entries: 512 (order: 3, 32768 bytes)
[    0.515011] workingset: timestamp_bits=28 max_order=18 bucket_order=0
[    0.522586] squashfs: version 4.0 (2009/01/31) Phillip Lougher
[    0.529212] NFS: Registering the id_resolver key type
[    0.534288] Key type id_resolver registered
[    0.538523] Key type id_legacy registered
[    0.546760] bounce: pool size: 64 pages
[    0.550592] io scheduler noop registered (default)
[    0.560197] tegra-pcie 80003000.pcie-controller: dual-mode configuration
[    0.567886] tegra-pcie 80003000.pcie-controller: probing port 0, using 2 lanes
[    0.645905] tegra-pcie 80003000.pcie-controller: PCI host bridge to bus 0000:00
[    0.653204] pci_bus 0000:00: root bus resource [io  0x0000-0xffff]
[    0.659461] pci_bus 0000:00: root bus resource [mem 0xa0000000-0xa7ffffff]
[    0.666387] pci_bus 0000:00: root bus resource [mem 0xa8000000-0xbfffffff pref]
[    0.673742] pci_bus 0000:00: root bus resource [bus 00-ff]
[    0.679339] pci 0000:00:01.0: [10de:0bf0] type 01 class 0x060000
[    0.685418] pci 0000:00:01.0: PME# supported from D0 D1 D2 D3hot D3cold
[    0.692625] PCI: bus0: Fast back to back transfers disabled
[    0.698203] pci 0000:00:01.0: bridge configuration invalid ([bus 00-00]), reconfiguring
[    0.706612] pci 0000:01:00.0: [10ec:8168] type 00 class 0x020000
[    0.712620] pci 0000:01:00.0: reg 0x10: [io  0x0000-0x00ff]
[    0.718271] pci 0000:01:00.0: reg 0x18: [mem 0x00000000-0x00000fff 64bit pref]
[    0.725541] pci 0000:01:00.0: reg 0x20: [mem 0x00000000-0x00003fff 64bit pref]
[    0.732805] pci 0000:01:00.0: reg 0x30: [mem 0x00000000-0x0001ffff pref]
[    0.739640] pci 0000:01:00.0: supports D1 D2
[    0.743901] pci 0000:01:00.0: PME# supported from D0 D1 D2 D3hot D3cold
[    0.765362] PCI: bus1: Fast back to back transfers disabled
[    0.770927] pci_bus 0000:01: busn_res: [bus 01-ff] end is updated to 01
[    0.777616] Disabling cpuidle LP2 state, since PCIe IRQs are in use
[    0.783977] pci 0000:00:01.0: BAR 8: assigned [mem 0xa0000000-0xa00fffff]
[    0.790789] pci 0000:00:01.0: BAR 9: assigned [mem 0xa8000000-0xa80fffff 64bit pref]
[    0.798583] pci 0000:00:01.0: BAR 7: assigned [io  0x1000-0x1fff]
[    0.804732] pci 0000:01:00.0: BAR 6: assigned [mem 0xa0000000-0xa001ffff pref]
[    0.812018] pci 0000:01:00.0: BAR 4: assigned [mem 0xa8000000-0xa8003fff 64bit pref]
[    0.819824] pci 0000:01:00.0: BAR 2: assigned [mem 0xa8004000-0xa8004fff 64bit pref]
[    0.827623] pci 0000:01:00.0: BAR 0: assigned [io  0x1000-0x10ff]
[    0.833761] pci 0000:00:01.0: PCI bridge to [bus 01]
[    0.838795] pci 0000:00:01.0:   bridge window [io  0x1000-0x1fff]
[    0.844938] pci 0000:00:01.0:   bridge window [mem 0xa0000000-0xa00fffff]
[    0.851795] pci 0000:00:01.0:   bridge window [mem 0xa8000000-0xa80fffff 64bit pref]
[    0.859605] pci 0000:00:01.0: nv_msi_ht_cap_quirk didn't locate host bridge
[    0.866719] pcieport 0000:00:01.0: enabling device (0140 -> 0143)
[    0.873198] pcieport 0000:00:01.0: Signaling PME through PCIe PME interrupt
[    0.880163] pci 0000:01:00.0: Signaling PME through PCIe PME interrupt
[    0.886745] pcie_pme 0000:00:01.0:pcie01: service driver pcie_pme loaded
[    0.899619] tegra-apbdma 6000a000.dma: Tegra20 APB DMA driver register 16 channels
[    0.908729] Serial: 8250/16550 driver, 4 ports, IRQ sharing disabled
[    0.918730] console [ttyS0] disabled
[    0.922334] 70006000.serial: ttyS0 at MMIO 0x70006000 (irq = 279, base_baud = 13500000) is a Tegra
[    0.931375] console [ttyS0] enabled
[    0.931375] console [ttyS0] enabled
[    0.938360] bootconsole [earlycon0] disabled
[    0.938360] bootconsole [earlycon0] disabled
[    0.949308] [drm] Initialized drm 1.1.0 20060810
[    0.954868] 54280000.hdmi supply hdmi not found, using dummy regulator
[    0.966519] [drm] Supports vblank timestamp caching Rev 2 (21.10.2013).
[    0.973119] [drm] No driver support for vblank timestamp query.
[    0.979160] drm drm: No connectors reported connected with modes
[    0.985159] [drm] Cannot find any crtc or sizes - going 1024x768
[    1.008221] Console: switching to colour frame buffer device 128x48
[    1.022263] drm drm: fb0:  frame buffer device
[    1.055352] [drm] Initialized tegra 0.0.0 20120330 on minor 0
[    1.076354] loop: module loaded
[    1.083445] m25p80 spi32766.0: found s25fl008k, expected w25q80bl
[    1.089619] m25p80 spi32766.0: s25fl008k (1024 Kbytes)
[    1.097743] CAN device driver interface
[    1.101688] igb: Intel(R) Gigabit Ethernet Network Driver - version 5.3.0-k
[    1.108678] igb: Copyright (c) 2007-2014 Intel Corporation.
[    1.114504] r8169 Gigabit Ethernet driver 2.3LK-NAPI loaded
[    1.120175] r8169 0000:01:00.0: enabling device (0140 -> 0143)
[    1.127760] r8169 0000:01:00.0 eth0: RTL8168d/8111d at 0xf085e000, 00:01:c0:13:7d:63, XID 081000c0 IRQ 296
[    1.137440] r8169 0000:01:00.0 eth0: jumbo features [frames: 9200 bytes, tx checksumming: ko]
[    1.146145] pegasus: v0.9.3 (2013/04/25), Pegasus/Pegasus II USB Ethernet driver
[    1.153665] usbcore: registered new interface driver pegasus
[    1.159505] usbcore: registered new interface driver asix
[    1.165012] usbcore: registered new interface driver ax88179_178a
[    1.171229] usbcore: registered new interface driver cdc_ether
[    1.177232] usbcore: registered new interface driver smsc75xx
[    1.183128] usbcore: registered new interface driver smsc95xx
[    1.188996] usbcore: registered new interface driver net1080
[    1.194772] usbcore: registered new interface driver cdc_subset
[    1.200834] usbcore: registered new interface driver zaurus
[    1.206585] usbcore: registered new interface driver cdc_ncm
[    1.212602] tegra-phy c5004000.usb-phy: no vbus regulator
[    1.219136] tegra-phy c5008000.usb-phy: no vbus regulator
[    1.224651] ehci_hcd: USB 2.0 'Enhanced' Host Controller (EHCI) Driver
[    1.231178] ehci-pci: EHCI PCI platform driver
[    1.235754] tegra-ehci: Tegra EHCI driver
[    1.276536] ulpi_phy_power_on: ulpi write failed
[    1.281145] tegra-ehci c5004000.usb: Failed to power on the phy
[    1.287084] tegra-ehci: probe of c5004000.usb failed with error -110
[    1.296105] tegra-ehci c5008000.usb: EHCI Host Controller
[    1.301533] tegra-ehci c5008000.usb: new USB bus registered, assigned bus number 1
[    1.309484] tegra-ehci c5008000.usb: irq 290, io mem 0xc5008000
[    1.335348] tegra-ehci c5008000.usb: USB 2.0 started, EHCI 1.00
[    1.342945] hub 1-0:1.0: USB hub found
[    1.346751] hub 1-0:1.0: 1 port detected
[    1.351856] usbcore: registered new interface driver cdc_acm
[    1.357536] cdc_acm: USB Abstract Control Model driver for USB modems and ISDN adapters
[    1.365677] usbcore: registered new interface driver cdc_wdm
[    1.371515] usbcore: registered new interface driver usb-storage
[    1.378310] mousedev: PS/2 mouse device common for all mice
[    1.386332] rtc-em3027 2-0056: rtc core: registered rtc-em3027 as rtc0
[    1.393944] tegra_rtc 7000e000.rtc: rtc core: registered 7000e000.rtc as rtc1
[    1.401208] tegra_rtc 7000e000.rtc: Tegra internal Real Time Clock
[    1.407742] i2c /dev entries driver
[    1.412773] usbcore: registered new interface driver uvcvideo
[    1.418522] USB Video Class driver (1.1.1)
[    1.422606] gspca_main: v2.14.0 registered
[    1.428380] sdhci: Secure Digital Host Controller Interface driver
[    1.434544] sdhci: Copyright(c) Pierre Ossman
[    1.438928] sdhci-pltfm: SDHCI platform and OF driver helper
[    1.445048] mmc0: Invalid maximum block size, assuming 512 bytes
[    1.485382] mmc0: SDHCI controller on c8000000.sdhci [c8000000.sdhci] using ADMA
[    1.492965] sdhci-tegra c8000600.sdhci: Got CD GPIO
[    1.498920] sdhci-tegra c8000600.sdhci: Got WP GPIO
[    1.505970] mmc1: Invalid maximum block size, assuming 512 bytes
[    1.545703] mmc1: SDHCI controller on c8000600.sdhci [c8000600.sdhci] using ADMA
[    1.553980] usbcore: registered new interface driver usbhid
[    1.559673] usbhid: USB HID core driver
[    1.574635] tlv320aic23-codec 2-001a: Control not supported for path LLINEIN -> [NULL] -> Line Input
[    1.583854] tlv320aic23-codec 2-001a: ASoC: no dapm match for LLINEIN --> NULL --> Line Input
[    1.592446] tlv320aic23-codec 2-001a: ASoC: Failed to add route LLINEIN -> NULL -> Line Input
[    1.602170] tlv320aic23-codec 2-001a: Control not supported for path RLINEIN -> [NULL] -> Line Input
[    1.613405] tlv320aic23-codec 2-001a: ASoC: no dapm match for RLINEIN --> NULL --> Line Input
[    1.621996] tlv320aic23-codec 2-001a: ASoC: Failed to add route RLINEIN -> NULL -> Line Input
[    1.630584] tlv320aic23-codec 2-001a: Control not supported for path MICIN -> [NULL] -> Mic Input
[    1.639493] tlv320aic23-codec 2-001a: ASoC: no dapm match for MICIN --> NULL --> Mic Input
[    1.647751] tlv320aic23-codec 2-001a: ASoC: Failed to add route MICIN -> NULL -> Mic Input
[    1.657200] tegra-snd-trimslice sound: tlv320aic23-hifi <-> 70002800.i2s mapping ok
[    1.665359] usb 1-1: new high-speed USB device number 2 using tegra-ehci
[    1.674664] NET: Registered protocol family 10
[    1.681257] mip6: Mobile IPv6
[    1.684326] sit: IPv6 over IPv4 tunneling driver
[    1.692525] NET: Registered protocol family 17
[    1.697017] mmc0: host does not support reading read-only switch, assuming write-enable
[    1.705220] mmc1: new high speed SD card at address b368
[    1.705920] mmc0: new high speed SDHC card at address b368
[    1.716690] NET: Registered protocol family 15
[    1.716987] mmcblk1: mmc0:b368 NCard 3.70 GiB 
[    1.717692] mmcblk0: mmc1:b368 NCard 1.83 GiB (ro)
[    1.723222]  mmcblk1: p1
[    1.723788]  mmcblk0: p1 p2
[    1.735823] can: controller area network core (rev 20120528 abi 9)
[    1.742184] NET: Registered protocol family 29
[    1.747253] can: raw protocol (rev 20120528)
[    1.751515] can: broadcast manager protocol (rev 20120528 t)
[    1.757233] can: netlink gateway (rev 20130117) max_hops=1
[    1.762936] Bluetooth: RFCOMM socket layer initialized
[    1.768116] Bluetooth: RFCOMM ver 1.11
[    1.771869] Bluetooth: BNEP (Ethernet Emulation) ver 1.3
[    1.777207] Bluetooth: BNEP socket layer initialized
[    1.782160] Bluetooth: HIDP (Human Interface Emulation) ver 1.2
[    1.788098] Bluetooth: HIDP socket layer initialized
[    1.793485] Key type dns_resolver registered
[    1.798738] Registering SWP/SWPB emulation handler
[    1.808708] utmi_phy_clk_enable: timeout waiting for phy to stabilize
[    1.815163] tegra-ehci c5000000.usb: EHCI Host Controller
[    1.820665] tegra-ehci c5000000.usb: new USB bus registered, assigned bus number 2
[    1.828793] tegra-ehci c5000000.usb: irq 288, io mem 0xc5000000
[    1.837862] hub 1-1:1.0: USB hub found
[    1.841810] hub 1-1:1.0: 4 ports detected
[    1.845358] tegra-ehci c5000000.usb: USB 2.0 started, EHCI 1.00
[    1.852770] hub 2-0:1.0: USB hub found
[    1.856594] hub 2-0:1.0: 1 port detected
[    1.862666] input: gpio-keys as /devices/soc0/gpio-keys/input/input0
[    1.870197] rtc-em3027 2-0056: setting system clock to 2014-12-28 13:59:30 UTC (1419775170)
[    1.888031] ALSA device list:
[    1.890997]   #0: tegra-trimslice
[    1.895913] EXT4-fs (mmcblk1p1): mounting ext3 file system using the ext4 subsystem
[    1.989277] EXT4-fs (mmcblk1p1): recovery complete
[    1.994070] EXT4-fs (mmcblk1p1): mounted filesystem with ordered data mode. Opts: (null)
[    2.002240] VFS: Mounted root (ext3 filesystem) on device 179:17.
[    2.017135] devtmpfs: mounted
[    2.021291] Freeing unused kernel memory: 1024K (c0b00000 - c0c00000)
[    2.125403] usb 1-1.2: new high-speed USB device number 3 using tegra-ehci
bash: cannot set terminal process group (-1): Inappropriate ioctl for device
bash: no job control in this shell
root@(none):/# mount -t sysfs none /sys
root@(none):/# 
root@(none):/# mount -t debugfs none /sys/kernel/debug
root@(none):/# 
root@(none):/# rtcwake -d rtc1 -m mem -s 3
rtcwake: assuming RTC uses UTC ...
rtcwake: wakeup from "mem" using /dev/rtc1 at Thu Jan  1 00:00:23 1970
[    6.748638] PM: Syncing filesystems ... done.
[    6.775527] Freezing user space processes ... (elapsed 0.009 seconds) done.
[    6.785532] Freezing remaining freezable tasks ... (elapsed 0.009 seconds) done.
[    6.785542] Suspending console(s) (use no_console_suspend to debug)
[    6.852159] PM: suspend of devices complete after 31.296 msecs
[    6.856063] PM: late suspend of devices complete after 3.874 msecs
[    6.876147] PM: noirq suspend of devices complete after 20.054 msecs
[    6.876160] Disabling non-boot CPUs ...
[    6.926737] CPU1: shutdown
[    6.963968] Entering suspend state LP1
[    6.964073] Enabling non-boot CPUs ...
[    7.020433] Slab corruption (Not tainted): kernfs_node_cache start=ef33dd08, len=80
[    7.020449] Redzone: 0x9f911029d74e35b/0x9f911029d74e35b
[    7.020487] Last user: [<c024c010>](kernfs_put+0xd8/0x194)
[    7.020518] 020: 6b 6b 6b 6b 22 21 20 6b 6b 6b 6b 6b 6b 6b 6b 6b  kkkk"! kkkkkkkkk
[    7.020534] Prev obj: start=ef33dca0, len=80
[    7.020547] Redzone: 0xd84156c5635688c0/0xd84156c5635688c0
[    7.020572] Last user: [<c024bb30>](__kernfs_new_node+0x3c/0xbc)
[    7.020595] 000: 01 00 00 00 00 00 00 00 b8 d5 33 ef d8 e7 9b c0  ..........3.....
[    7.020618] 010: 29 d4 33 ef 78 db 33 ef 18 d0 33 ef 00 00 00 00  ).3.x.3...3.....
[    7.020631] Next obj: start=ef33dd70, len=80
[    7.020644] Redzone: 0xd84156c5635688c0/0xd84156c5635688c0
[    7.020666] Last user: [<c024bb30>](__kernfs_new_node+0x3c/0xbc)
[    7.020688] 000: 01 00 00 00 00 00 00 00 78 32 34 ef 84 eb 9b c0  ........x24.....
[    7.020709] 010: e8 dd 33 ef 00 00 00 00 00 00 00 00 00 00 00 00  ..3.............
[    7.021830] Slab corruption (Not tainted): kernfs_node_cache start=ef33e620, len=80
[    7.021844] Redzone: 0x9f911029d74e35b/0x9f911029d74e35b
[    7.021869] Last user: [<c024c010>](kernfs_put+0xd8/0x194)
[    7.021895] 020: 6b 6b 6b 6b 6b 0e 0f 6b 6b 6b 6b 6b 6b 6b 6b 6b  kkkkk..kkkkkkkkk
[    7.021910] Prev obj: start=ef33e5b8, len=80
[    7.021922] Redzone: 0xd84156c5635688c0/0xd84156c5635688c0
[    7.021944] Last user: [<c024bb30>](__kernfs_new_node+0x3c/0xbc)
[    7.021967] 000: 01 00 00 00 00 00 00 00 68 9b 33 ef 40 48 33 ef  ........h.3.@H3.
[    7.021990] 010: 20 9f 33 ef 00 00 00 00 00 00 00 00 00 00 00 00   .3.............
[    7.022002] Next obj: start=ef33e688, len=80
[    7.022014] Redzone: 0xd84156c5635688c0/0xd84156c5635688c0
[    7.022035] Last user: [<c024bb30>](__kernfs_new_node+0x3c/0xbc)
[    7.022057] 000: 01 00 00 00 00 00 00 00 30 ea 33 ef ec ed 9b c0  ........0.3.....
[    7.022079] 010: d9 e9 33 ef 58 23 34 ef 00 00 00 00 00 00 00 00  ..3.X#4.........
[    7.023374] Slab corruption (Not tainted): kernfs_node_cache start=ef339688, len=80
[    7.023388] Redzone: 0x9f911029d74e35b/0x9f911029d74e35b
[    7.023414] Last user: [<c024c010>](kernfs_put+0xd8/0x194)
[    7.023439] 020: 6b 6b 13 12 11 26 10 6b 6b 6b 6b 6b 6b 6b 6b 6b  kk...&.kkkkkkkkk
[    7.023453] Prev obj: start=ef339620, len=80
[    7.023466] Redzone: 0xd84156c5635688c0/0xd84156c5635688c0
[    7.023488] Last user: [<c024bb30>](__kernfs_new_node+0x3c/0xbc)
[    7.023510] 000: 01 00 00 00 00 00 00 00 78 8f 33 ef 4c e7 9b c0  ........x.3.L...
[    7.023532] 010: 51 8e 33 ef c8 95 33 ef 20 92 33 ef 00 00 00 00  Q.3...3. .3.....
[    7.023544] Next obj: start=ef3396f0, len=80
[    7.023556] Redzone: 0xd84156c5635688c0/0xd84156c5635688c0
[    7.023579] Last user: [<c024bb30>](__kernfs_new_node+0x3c/0xbc)
[    7.023601] 000: 01 00 00 00 00 00 00 00 b8 e5 33 ef 90 eb 9b c0  ..........3.....
[    7.023622] 010: 68 97 33 ef 00 00 00 00 00 00 00 00 00 00 00 00  h.3.............
[    7.024919] Slab corruption (Not tainted): kernfs_node_cache start=ef3369c8, len=80
[    7.024933] Redzone: 0x9f911029d74e35b/0x9f911029d74e35b
[    7.024957] Last user: [<c024c010>](kernfs_put+0xd8/0x194)
[    7.024982] 020: 6b 6b 1b 1a 19 17 18 6b 6b 6b 6b 6b 6b 6b 6b 6b  kk.....kkkkkkkkk
[    7.024996] Prev obj: start=ef336960, len=80
[    7.025009] Redzone: 0xd84156c5635688c0/0xd84156c5635688c0
[    7.025030] Last user: [<c024bb30>](__kernfs_new_node+0x3c/0xbc)
[    7.025052] 000: 01 00 00 00 00 00 00 00 40 2e 34 ef c0 c8 33 ef  ........@.4...3.
[    7.025075] 010: 20 32 34 ef 00 00 00 00 00 00 00 00 00 00 00 00   24.............
[    7.025087] Next obj: start=ef336a30, len=80
[    7.025098] Redzone: 0xd84156c5635688c0/0xd84156c5635688c0
[    7.025121] Last user: [<c024bb30>](__kernfs_new_node+0x3c/0xbc)
[    7.025142] 000: 01 00 00 00 00 00 00 00 78 9f 33 ef 90 eb 9b c0  ........x.3.....
[    7.025164] 010: a8 6a 33 ef 00 00 00 00 00 00 00 00 00 00 00 00  .j3.............
[    7.026648] Slab corruption (Not tainted): kernfs_node_cache start=ef287008, len=80
[    7.026664] Redzone: 0x9f911029d74e35b/0x9f911029d74e35b
[    7.026690] Last user: [<c024c010>](kernfs_put+0xd8/0x194)
[    7.026717] 020: 6b 6b 03 02 01 1f 00 6b 6b 6b 6b 6b 6b 6b 6b 6b  kk.....kkkkkkkkk
[    7.026732] Next obj: start=ef287070, len=80
[    7.026744] Redzone: 0xd84156c5635688c0/0xd84156c5635688c0
[    7.026767] Last user: [<c024bb30>](__kernfs_new_node+0x3c/0xbc)
[    7.026790] 000: 01 00 00 00 00 00 00 00 60 69 33 ef 90 eb 9b c0  ........`i3.....
[    7.026813] 010: e8 70 28 ef 00 00 00 00 00 00 00 00 00 00 00 00  .p(.............
[    7.027163] Slab corruption (Not tainted): kernfs_node_cache start=ef283348, len=80
[    7.027177] Redzone: 0x9f911029d74e35b/0x9f911029d74e35b
[    7.027200] Last user: [<c024c010>](kernfs_put+0xd8/0x194)
[    7.027225] 020: 6b 6b 0b 0a 09 07 08 6b 6b 6b 6b 6b 6b 6b 6b 6b  kk.....kkkkkkkkk
[    7.027238] Prev obj: start=ef2832e0, len=80
[    7.027250] Redzone: 0xd84156c5635688c0/0xd84156c5635688c0
[    7.027272] Last user: [<c024bb30>](__kernfs_new_node+0x3c/0xbc)
[    7.027293] 000: 02 00 00 00 00 00 00 00 d0 0b 12 ef 40 c9 9d c0  ............@...
[    7.027315] 010: 50 51 1b ef 00 00 00 00 00 00 00 00 00 00 00 00  PQ..............
[    7.027327] Next obj: start=ef2833b0, len=80
[    7.027340] Redzone: 0xd84156c5635688c0/0xd84156c5635688c0
[    7.027359] Last user: [<c024bb30>](__kernfs_new_node+0x3c/0xbc)
[    7.027381] 000: 01 00 00 00 00 00 00 00 a0 7c 28 ef 90 eb 9b c0  .........|(.....
[    7.027402] 010: 28 34 28 ef 00 00 00 00 00 00 00 00 00 00 00 00  (4(.............
[    7.027661] Slab corruption (Not tainted): kernfs_node_cache start=ef29b620, len=80
[    7.027674] Redzone: 0x9f911029d74e35b/0x9f911029d74e35b
[    7.027696] Last user: [<c024c010>](kernfs_put+0xd8/0x194)
[    7.027720] 020: 6b 6b 6b 6b 6b 6b 0f 6b 6b 6b 6b 6b 6b 6b 6b 6b  kkkkkk.kkkkkkkkk
[    7.027733] Prev obj: start=ef29b5b8, len=80
[    7.027745] Redzone: 0xd84156c5635688c0/0xd84156c5635688c0
[    7.027765] Last user: [<c024bb30>](__kernfs_new_node+0x3c/0xbc)
[    7.027787] 000: 06 00 00 00 00 00 00 00 90 a8 29 ef 00 cf 2a ef  ..........)...*.
[    7.027808] 010: b9 ae 29 ef 48 1c 2a ef 88 af 29 ef 00 00 00 00  ..).H.*...).....
[    7.027820] Next obj: start=ef29b688, len=80
[    7.027832] Redzone: 0xd84156c5635688c0/0xd84156c5635688c0
[    7.027853] Last user: [<c024bb30>](__kernfs_new_node+0x3c/0xbc)
[    7.027875] 000: 01 00 00 00 00 00 00 00 98 ba 29 ef 00 ee 9b c0  ..........).....
[    7.027897] 010: 09 b9 29 ef 00 00 00 00 f0 22 28 ef 00 00 00 00  ..)......"(.....
[    7.027977] Slab corruption (Not tainted): kernfs_node_cache start=ef29ad08, len=80
[    7.027990] Redzone: 0x9f911029d74e35b/0x9f911029d74e35b
[    7.028011] Last user: [<c024c010>](kernfs_put+0xd8/0x194)
[    7.028034] 020: 6b 6b 6b 23 22 21 20 6b 6b 6b 6b 6b 6b 6b 6b 6b  kkk#"! kkkkkkkkk
[    7.028048] Prev obj: start=ef29aca0, len=80
[    7.028061] Redzone: 0xd84156c5635688c0/0xd84156c5635688c0
[    7.028081] Last user: [<c024bb30>](__kernfs_new_node+0x3c/0xbc)
[    7.028103] 000: 01 00 00 00 00 00 00 00 20 a6 29 ef ec e7 9b c0  ........ .).....
[    7.028125] 010: e0 ab 29 ef 00 00 00 00 00 00 00 00 00 00 00 00  ..).............
[    7.028136] Next obj: start=ef29ad70, len=80
[    7.028148] Redzone: 0xd84156c5635688c0/0xd84156c5635688c0
[    7.028168] Last user: [<c024bb30>](__kernfs_new_node+0x3c/0xbc)
[    7.028189] 000: 01 00 00 00 00 00 00 00 e0 32 28 ef 78 c9 9d c0  .........2(.x...
[    7.028210] 010: e9 ad 29 ef 58 33 28 ef 30 b6 29 ef 00 00 00 00  ..).X3(.0.).....
[    7.030078] CPU1 is up
[    7.032211] pcieport 0000:00:01.0: nv_msi_ht_cap_quirk didn't locate host bridge
[    7.045633] PM: noirq resume of devices complete after 15.521 msecs
[    7.048961] PM: early resume of devices complete after 2.346 msecs
[    7.119766] PM: resume of devices complete after 70.775 msecs
[    7.851160] Restarting tasks ... done.
root@(none):/# 
root@(none):/# rtcwake -d rtc1 -m mem -s 3
[    8.707527] slab: double free detected in cache 'anon_vma', objp ee8a8360
[    8.714662] ------------[ cut here ]------------
[    8.719294] kernel BUG at mm/slab.c:2508!
[    8.723318] Internal error: Oops - BUG: 0 [#1] PREEMPT SMP ARM
[    8.729156] Modules linked in:
[    8.732249] CPU: 1 PID: 15 Comm: kworker/1:0 Not tainted 4.6.0-rc2-next-20160408-85857-g6e5921e #1
[    8.741211] Hardware name: NVIDIA Tegra SoC (Flattened Device Tree)
[    8.747514] Workqueue: events cache_reap
[    8.751463] task: ef092100 ti: ef09c000 task.ti: ef09c000
[    8.756882] PC is at free_block+0x254/0x264
[    8.761082] LR is at free_block+0x254/0x264
[    8.765285] pc : [<c01eb88c>]    lr : [<c01eb88c>]    psr: 20070093
[    8.765285] sp : ef09de70  ip : 00000001  fp : 00000000
[    8.776768] r10: ee8a8360  r9 : ee8a8fc8  r8 : ef018a80
[    8.782004] r7 : ef011f80  r6 : ee8a8fff  r5 : ef018b10  r4 : efdc8500
[    8.788539] r3 : ef09c000  r2 : 00000001  r1 : 60070093  r0 : 0000003d
[    8.795079] Flags: nzCv  IRQs off  FIQs on  Mode SVC_32  ISA ARM  Segment none
[    8.802309] Control: 10c5387d  Table: 2e8c804a  DAC: 00000051
[    8.808065] Process kworker/1:0 (pid: 15, stack limit = 0xef09c210)
[    8.814341] Stack: (0xef09de70 to 0xef09e000)
[    8.818718] de60:                                     c0c9f080 ef014410 00000003 ef011f84
[    8.826918] de80: ef011f94 ef09dec0 c71c71c8 00000601 ef027a00 ef09dec0 ef014400 00000003
[    8.835116] dea0: ef011f80 ef018a80 ef7d7450 ef014410 c0c02100 c01ed630 ef09dec0 c0139c14
[    8.843315] dec0: ef09dec0 ef09dec0 ef01a5c0 ef018a80 ef011f80 00000000 c0c0f870 c0c02100
[    8.851513] dee0: c0c02100 c01ed844 00000000 c07de578 ef023a80 ef7d7450 ef7d9d00 ef7de600
[    8.859710] df00: 00000000 ef7d9d00 00000000 c0133904 ef7d9d00 00000001 ef023a80 ef7d9d18
[    8.867907] df20: 00000001 ef7d9d00 ef023a98 ef7d9d00 00000008 c0133b70 00000000 c0c02100
[    8.876103] df40: 00000000 ef031240 00000000 ef023a80 c0133b44 00000000 00000000 00000000
[    8.884300] df60: 00000000 c0138c7c 8e5fb95d 00000000 db6df5ed ef023a80 00000000 00000000
[    8.892496] df80: ef09df80 ef09df80 00000000 00000000 ef09df90 ef09df90 ef09dfac ef031240
[    8.900689] dfa0: c0138ba4 00000000 00000000 c0107938 00000000 00000000 00000000 00000000
[    8.908882] dfc0: 00000000 00000000 00000000 00000000 00000000 00000000 00000000 00000000
[    8.917078] dfe0: 00000000 00000000 00000000 00000000 00000013 00000000 c6d2acc1 edfff81a
[    8.925299] [<c01eb88c>] (free_block) from [<c01ed630>] (drain_array+0xc4/0x104)
[    8.932728] [<c01ed630>] (drain_array) from [<c01ed844>] (cache_reap+0xb4/0x140)
[    8.940163] [<c01ed844>] (cache_reap) from [<c0133904>] (process_one_work+0x120/0x328)
[    8.948109] [<c0133904>] (process_one_work) from [<c0133b70>] (worker_thread+0x2c/0x4b4)
[    8.956224] [<c0133b70>] (worker_thread) from [<c0138c7c>] (kthread+0xd8/0xf4)
[    8.963482] [<c0138c7c>] (kthread) from [<c0107938>] (ret_from_fork+0x14/0x3c)
[    8.970726] Code: e5981040 e1a0200a e59f000c ebfefedb (e7f001f2) 
[    8.976835] ---[ end trace 06ecb7340ae82560 ]---
[    8.981470] note: kworker/1:0[15] exited with preempt_count 1
