
U-Boot SPL 2016.05-rc2 (Apr 21 2016 - 16:23:00)
Trying to boot from RAM


U-Boot 2016.05-rc2 (Apr 21 2016 - 16:23:00 -0700)

TEGRA124
Model: NVIDIA Jetson TK1
Board: NVIDIA Jetson TK1
DRAM:  2 GiB
MC:   Tegra SD/MMC: 0, Tegra SD/MMC: 1
In:    serial
Out:   serial
Err:   serial
Net:   No ethernet found.
Hit any key to stop autoboot:  2  0 
Tegra124 (Jetson TK1) # 
Tegra124 (Jetson TK1) # pci enum
Tegra124 (Jetson TK1) # setenv bootargs 'ignore_loglevel console=ttyS0,115200n8 rw root=PARTUUID=b1791faa-84e8-4e27-83a1-9fb0a77e8803 rootwait gpt debug noinitrd earlyprintk init=/bin/bash'
Tegra124 (Jetson TK1) # setenv ipaddr 192.168.100.102; setenv serverip 192.168.100.1; setenv tftpserverip 192.168.100.1
Tegra124 (Jetson TK1) # tftpboot 0x82000000 zImage.multi_v7_defconfig

Warning: eth_rtl8169 using MAC address from ROM
Using eth_rtl8169 device
TFTP from server 192.168.100.1; our IP address is 192.168.100.102
Filename 'zImage.multi_v7_defconfig'.
Load address: 0x82000000
Loading: *#################################################################
	 #################################################################
	 #################################################################
	 #################################################################
	 #################################################################
	 #################################################################
	 #################################################################
	 #######################################
	 4 MiB/s
done
Bytes transferred = 7248848 (6e9bd0 hex)
Tegra124 (Jetson TK1) # tftpboot 0x83000000 tegra124-jetson-tk1.dtb
Using eth_rtl8169 device
TFTP from server 192.168.100.1; our IP address is 192.168.100.102
Filename 'tegra124-jetson-tk1.dtb'.
Load address: 0x83000000
Loading: *#####
	 3.7 MiB/s
done
Bytes transferred = 66737 (104b1 hex)
Tegra124 (Jetson TK1) # bootz 0x82000000 - 0x83000000
Kernel image @ 0x82000000 [ 0x000000 - 0x6e9bd0 ]
## Flattened Device Tree blob at 83000000
   Booting using the fdt blob at 0x83000000
   Using Device Tree in place at 83000000, end 830134b0

Starting kernel ...

[    0.000000] Booting Linux on physical CPU 0x0
[    0.000000] Linux version 4.7.0-rc2-next-20160607-97824-g7b95734 (pwalmsley@sellafield) (gcc version 4.7.3 20130328 (prerelease) (crosstool-NG linaro-1.13.1-4.7-2013.04-20130415 - Linaro GCC 2013.04) ) #1 SMP Mon Jun 6 22:19:22 PDT 2016
[    0.000000] CPU: ARMv7 Processor [413fc0f3] revision 3 (ARMv7), cr=10c5387d
[    0.000000] CPU: div instructions available: patching division code
[    0.000000] CPU: PIPT / VIPT nonaliasing data cache, PIPT instruction cache
[    0.000000] Machine model: NVIDIA Tegra124 Jetson TK1
[    0.000000] debug: ignoring loglevel setting.
[    0.000000] cma: Reserved 64 MiB at 0xfb800000
[    0.000000] Memory policy: Data cache writealloc
[    0.000000] On node 0 totalpages: 524032
[    0.000000] free_area_init_node: node 0, pgdat c141c100, node_mem_map eeff8000
[    0.000000]   DMA zone: 1536 pages used for memmap
[    0.000000]   DMA zone: 0 pages reserved
[    0.000000]   DMA zone: 196608 pages, LIFO batch:31
[    0.000000]   HighMem zone: 327424 pages, LIFO batch:31
[    0.000000] percpu: Embedded 13 pages/cpu @eef89000 s23808 r8192 d21248 u53248
[    0.000000] pcpu-alloc: s23808 r8192 d21248 u53248 alloc=13*4096
[    0.000000] pcpu-alloc: [0] 0 [0] 1 [0] 2 [0] 3 
[    0.000000] Built 1 zonelists in Zone order, mobility grouping on.  Total pages: 522496
[    0.000000] Kernel command line: ignore_loglevel console=ttyS0,115200n8 rw root=PARTUUID=b1791faa-84e8-4e27-83a1-9fb0a77e8803 rootwait gpt debug noinitrd earlyprintk init=/bin/bash
[    0.000000] PID hash table entries: 4096 (order: 2, 16384 bytes)
[    0.000000] Dentry cache hash table entries: 131072 (order: 7, 524288 bytes)
[    0.000000] Inode-cache hash table entries: 65536 (order: 6, 262144 bytes)
[    0.000000] Memory: 1994992K/2096128K available (9529K kernel code, 1144K rwdata, 4480K rodata, 2048K init, 342K bss, 35600K reserved, 65536K cma-reserved, 1244160K highmem)
[    0.000000] Virtual kernel memory layout:
[    0.000000]     vector  : 0xffff0000 - 0xffff1000   (   4 kB)
[    0.000000]     fixmap  : 0xffc00000 - 0xfff00000   (3072 kB)
[    0.000000]     vmalloc : 0xf0800000 - 0xff800000   ( 240 MB)
[    0.000000]     lowmem  : 0xc0000000 - 0xf0000000   ( 768 MB)
[    0.000000]     pkmap   : 0xbfe00000 - 0xc0000000   (   2 MB)
[    0.000000]     modules : 0xbf000000 - 0xbfe00000   (  14 MB)
[    0.000000]       .text : 0xc0208000 - 0xc10ae60c   (15002 kB)
[    0.000000]       .init : 0xc1100000 - 0xc1300000   (2048 kB)
[    0.000000]       .data : 0xc1300000 - 0xc141e160   (1145 kB)
[    0.000000]        .bss : 0xc1420000 - 0xc1475920   ( 343 kB)
[    0.000000] SLUB: HWalign=64, Order=0-3, MinObjects=0, CPUs=4, Nodes=1
[    0.000000] Hierarchical RCU implementation.
[    0.000000] 	Build-time adjustment of leaf fanout to 32.
[    0.000000] 	RCU restricting CPUs from NR_CPUS=16 to nr_cpu_ids=4.
[    0.000000] RCU: Adjusting geometry for rcu_fanout_leaf=32, nr_cpu_ids=4
[    0.000000] NR_IRQS:16 nr_irqs:16 16
[    0.000000] /interrupt-controller@60004000: 160 interrupts forwarded to /interrupt-controller@0,50041000
[    0.000000] Tegra clk 127: register failed with -17
[    0.000008] sched_clock: 32 bits at 1000kHz, resolution 1000ns, wraps every 2147483647500ns
[    0.000030] clocksource: timer_us: mask: 0xffffffff max_cycles: 0xffffffff, max_idle_ns: 1911260446275 ns
[    0.000044] Switching to timer-based delay loop, resolution 1000ns
[    0.005400] Architected cp15 timer(s) running at 12.00MHz (virt).
[    0.005418] clocksource: arch_sys_counter: mask: 0xffffffffffffff max_cycles: 0x2c47f4ee7, max_idle_ns: 440795202497 ns
[    0.005437] sched_clock: 56 bits at 12MHz, resolution 83ns, wraps every 4398046511096ns
[    0.005450] Switching to timer-based delay loop, resolution 83ns
[    0.005965] Console: colour dummy device 80x30
[    0.005990] Calibrating delay loop (skipped), value calculated using timer frequency.. 24.00 BogoMIPS (lpj=60000)
[    0.006006] pid_max: default: 32768 minimum: 301
[    0.006104] Mount-cache hash table entries: 2048 (order: 1, 8192 bytes)
[    0.006116] Mountpoint-cache hash table entries: 2048 (order: 1, 8192 bytes)
[    0.006718] CPU: Testing write buffer coherency: ok
[    0.006936] /cpus/cpu@0 missing clock-frequency property
[    0.006977] /cpus/cpu@1 missing clock-frequency property
[    0.007018] /cpus/cpu@2 missing clock-frequency property
[    0.007062] /cpus/cpu@3 missing clock-frequency property
[    0.007074] CPU0: thread -1, cpu 0, socket 0, mpidr 80000000
[    0.007096] Setting up static identity map for 0x80300000 - 0x80300098
[    0.010756] Tegra Revision: A01 SKU: 129 CPU Process: 1 SoC Process: 1
[    0.012157] CPU1: thread -1, cpu 1, socket 0, mpidr 80000001
[    0.015841] CPU2: thread -1, cpu 2, socket 0, mpidr 80000002
[    0.020834] CPU3: thread -1, cpu 3, socket 0, mpidr 80000003
[    0.025344] Brought up 4 CPUs
[    0.025364] SMP: Total of 4 processors activated (96.00 BogoMIPS).
[    0.025372] CPU: All CPU(s) started in SVC mode.
[    0.026851] devtmpfs: initialized
[    0.045568] VFP support v0.3: implementor 41 architecture 4 part 30 variant f rev 0
[    0.045985] clocksource: jiffies: mask: 0xffffffff max_cycles: 0xffffffff, max_idle_ns: 9556302231375000 ns
[    0.047354] pinctrl core: initialized pinctrl subsystem
[    0.049183] NET: Registered protocol family 16
[    0.051129] DMA: preallocated 256 KiB pool for atomic coherent allocations
[    0.065474] cpuidle: using governor menu
[    0.085052] No ATAGs?
[    0.085079] hw-breakpoint: found 5 (+1 reserved) breakpoint and 4 watchpoint registers.
[    0.085090] hw-breakpoint: maximum watchpoint size is 8 bytes.
[    0.091438] Serial: AMBA PL011 UART driver
[    0.120729] +5V_SYS: supplied by +VDD_MUX
[    0.121053] +3.3V_SYS: supplied by +VDD_MUX
[    0.121702] +USB0_VBUS_SW: Failed to request enable GPIO108: -517
[    0.121718] reg-fixed-voltage regulators:regulator@7: Failed to register regulator: -517
[    0.121807] +5V_USB_HS: Failed to request enable GPIO109: -517
[    0.121820] reg-fixed-voltage regulators:regulator@8: Failed to register regulator: -517
[    0.121986] +1.05V_RUN_AVDD_HDMI_PLL: Failed to request enable GPIO63: -517
[    0.122000] reg-fixed-voltage regulators:regulator@11: Failed to register regulator: -517
[    0.122087] +5V_HDMI_CON: Failed to request enable GPIO86: -517
[    0.122100] reg-fixed-voltage regulators:regulator@12: Failed to register regulator: -517
[    0.122186] +5V_SATA: Failed to request enable GPIO242: -517
[    0.122198] reg-fixed-voltage regulators:regulator@13: Failed to register regulator: -517
[    0.122285] +12V_SATA: Failed to request enable GPIO242: -517
[    0.122297] reg-fixed-voltage regulators:regulator@14: Failed to register regulator: -517
[    0.125660] vgaarb: loaded
[    0.126540] SCSI subsystem initialized
[    0.126706] libata version 3.00 loaded.
[    0.126989] usbcore: registered new interface driver usbfs
[    0.127059] usbcore: registered new interface driver hub
[    0.127123] usbcore: registered new device driver usb
[    0.130946] pps_core: LinuxPPS API ver. 1 registered
[    0.130956] pps_core: Software ver. 5.3.6 - Copyright 2005-2007 Rodolfo Giometti <giometti@linux.it>
[    0.130980] PTP clock support registered
[    0.131185] EDAC MC: Ver: 3.0.0
[    0.134358] clocksource: Switched to clocksource arch_sys_counter
[    0.145675] NET: Registered protocol family 2
[    0.146203] TCP established hash table entries: 8192 (order: 3, 32768 bytes)
[    0.146302] TCP bind hash table entries: 8192 (order: 4, 65536 bytes)
[    0.146489] TCP: Hash tables configured (established 8192 bind 8192)
[    0.146542] UDP hash table entries: 512 (order: 2, 16384 bytes)
[    0.146584] UDP-Lite hash table entries: 512 (order: 2, 16384 bytes)
[    0.146738] NET: Registered protocol family 1
[    0.146971] RPC: Registered named UNIX socket transport module.
[    0.146980] RPC: Registered udp transport module.
[    0.146988] RPC: Registered tcp transport module.
[    0.146996] RPC: Registered tcp NFSv4.1 backchannel transport module.
[    0.147007] PCI: CLS 0 bytes, default 64
[    0.148202] hw perfevents: enabled with armv7_cortex_a15 PMU driver, 7 counters available
[    0.149725] futex hash table entries: 1024 (order: 4, 65536 bytes)
[    0.150442] workingset: timestamp_bits=28 max_order=19 bucket_order=0
[    0.161831] squashfs: version 4.0 (2009/01/31) Phillip Lougher
[    0.162684] NFS: Registering the id_resolver key type
[    0.162711] Key type id_resolver registered
[    0.162719] Key type id_legacy registered
[    0.162762] ntfs: driver 2.1.32 [Flags: R/O].
[    0.164068] bounce: pool size: 64 pages
[    0.164276] Block layer SCSI generic (bsg) driver version 0.4 loaded (major 248)
[    0.164287] io scheduler noop registered
[    0.164295] io scheduler deadline registered
[    0.164328] io scheduler cfq registered (default)
[    0.170181] usb2-0 supply vbus not found, using dummy regulator
[    0.170306] usb2-1 supply vbus not found, using dummy regulator
[    0.170706] tegra-xusb-padctl 7009f000.padctl: failed to setup XUSB ports: -517
[    0.187532] tegra-pcie 1003000.pcie-controller: 2x1, 1x1 configuration
[    0.187587] tegra-pcie 1003000.pcie-controller: Failed to get supply 'avddio-pex': -517
[    0.195028] tegra-apbdma 60020000.dma: Tegra20 APB DMA driver register 32 channels
[    0.197071] tegra-pmc 7000e400.pmc: emergency thermal reset enabled
[    0.261511] Serial: 8250/16550 driver, 4 ports, IRQ sharing disabled
[    0.264492] console [ttyS0] disabled
[    0.264528] 70006300.serial: ttyS0 at MMIO 0x70006300 (irq = 333, base_baud = 25500000) is a Tegra
[    1.116381] console [ttyS0] enabled
[    1.120820] SuperH (H)SCI(F) driver initialized
[    1.126425] msm_serial: driver initialized
[    1.130742] STMicroelectronics ASC driver initialized
[    1.136742] serial-tegra serial@70006000: failed to get alias id, errno -19
[    1.143769] serial-tegra serial@70006040: failed to get alias id, errno -19
[    1.153871] [drm] Initialized drm 1.1.0 20060810
[    1.162057] tegra-hdmi 54280000.hdmi: failed to get HDMI regulator
[    1.181823] brd: module loaded
[    1.191044] loop: module loaded
[    1.194639] at24 0-0056: 256 byte 24c02 EEPROM, writable, 8 bytes/write
[    1.202952] as3722 4-0040: AS3722 with revision 0x1 found
[    1.214163] as3722-sd2: supplied by +5V_SYS
[    1.218837] as3722-sd3: supplied by +5V_SYS
[    1.223248] +1.35V_LP0(sd3): Bringing 0uV into 1350000-1350000uV
[    1.229643] as3722-sd4: supplied by +5V_SYS
[    1.234279] as3722-sd5: supplied by +5V_SYS
[    1.240365] as3722-ldo0: supplied by +1.35V_LP0(sd2)
[    1.246458] +1.8V_RUN_CAM: Bringing 0uV into 1800000-1800000uV
[    1.252723] as3722-ldo2: supplied by +1.8V_VDDIO
[    1.258658] as3722-ldo3: supplied by +3.3V_SYS
[    1.263154] +1.05V_LP0_VDD_RTC: Bringing 1100000uV into 1000000-1000000uV
[    1.270970] as3722-ldo4: supplied by +3.3V_SYS
[    1.275655] +2.8V_RUN_CAM: Bringing 0uV into 2800000-2800000uV
[    1.281914] as3722-ldo5: supplied by +1.8V_VDDIO
[    1.286759] +1.2V_RUN_CAM_FRONT: Bringing 0uV into 1200000-1200000uV
[    1.293720] +VDDIO_SDMMC3: bypassed regulator has no supply!
[    1.299394] +VDDIO_SDMMC3: failed to get the current voltage(-517)
[    1.305584] as3722-regulator as3722-regulator: regulator 13 register failed -517
[    1.317872] tegra-ahci 70027000.sata: couldn't get PHY in node sata: -517
[    1.339844] m25p80 spi32765.0: w25q32dw (4096 Kbytes)
[    1.348409] libphy: Fixed MDIO Bus: probed
[    1.353216] CAN device driver interface
[    1.359214] igb: Intel(R) Gigabit Ethernet Network Driver - version 5.3.0-k
[    1.366182] igb: Copyright (c) 2007-2014 Intel Corporation.
[    1.375270] pegasus: v0.9.3 (2013/04/25), Pegasus/Pegasus II USB Ethernet driver
[    1.382724] usbcore: registered new interface driver pegasus
[    1.388450] usbcore: registered new interface driver asix
[    1.393905] usbcore: registered new interface driver ax88179_178a
[    1.400051] usbcore: registered new interface driver cdc_ether
[    1.405955] usbcore: registered new interface driver smsc75xx
[    1.411776] usbcore: registered new interface driver smsc95xx
[    1.417573] usbcore: registered new interface driver net1080
[    1.423291] usbcore: registered new interface driver cdc_subset
[    1.429261] usbcore: registered new interface driver zaurus
[    1.434917] usbcore: registered new interface driver cdc_ncm
[    1.440841] tegra-phy 7d004000.usb-phy: no vbus regulator
[    1.448457] ehci_hcd: USB 2.0 'Enhanced' Host Controller (EHCI) Driver
[    1.454995] ehci-pci: EHCI PCI platform driver
[    1.459492] ehci-platform: EHCI generic platform driver
[    1.464953] ehci-omap: OMAP-EHCI Host Controller driver
[    1.470344] ehci-orion: EHCI orion driver
[    1.474515] SPEAr-ehci: EHCI SPEAr driver
[    1.478674] ehci-st: EHCI STMicroelectronics driver
[    1.483718] ehci-exynos: EHCI EXYNOS driver
[    1.488091] ehci-atmel: EHCI Atmel driver
[    1.492269] tegra-ehci: Tegra EHCI driver
[    1.496534] ------------[ cut here ]------------
[    1.501175] WARNING: CPU: 0 PID: 1 at drivers/reset/core.c:224 __of_reset_control_get+0x1bc/0x228
[    1.510044] Modules linked in:
[    1.513111] CPU: 0 PID: 1 Comm: swapper/0 Not tainted 4.7.0-rc2-next-20160607-97824-g7b95734 #1
[    1.521793] Hardware name: NVIDIA Tegra SoC (Flattened Device Tree)
[    1.528071] [<c030f9a8>] (unwind_backtrace) from [<c030b088>] (show_stack+0x10/0x14)
[    1.535812] [<c030b088>] (show_stack) from [<c0587468>] (dump_stack+0x84/0xa4)
[    1.543031] [<c0587468>] (dump_stack) from [<c0341b8c>] (__warn+0xd4/0x100)
[    1.549988] [<c0341b8c>] (__warn) from [<c0341bd8>] (warn_slowpath_null+0x20/0x28)
[    1.557552] [<c0341bd8>] (warn_slowpath_null) from [<c06a1e20>] (__of_reset_control_get+0x1bc/0x228)
[    1.566679] [<c06a1e20>] (__of_reset_control_get) from [<c09144cc>] (tegra_ehci_probe+0x2d0/0x51c)
[    1.575633] [<c09144cc>] (tegra_ehci_probe) from [<c077af40>] (platform_drv_probe+0x50/0xb0)
[    1.584064] [<c077af40>] (platform_drv_probe) from [<c07798a4>] (driver_probe_device+0x1f4/0x2b0)
[    1.592930] [<c07798a4>] (driver_probe_device) from [<c0779a0c>] (__driver_attach+0xac/0xb0)
[    1.601360] [<c0779a0c>] (__driver_attach) from [<c0777eb8>] (bus_for_each_dev+0x54/0x88)
[    1.609530] [<c0777eb8>] (bus_for_each_dev) from [<c0778e98>] (bus_add_driver+0xe8/0x1f4)
[    1.617702] [<c0778e98>] (bus_add_driver) from [<c077a228>] (driver_register+0x78/0xf4)
[    1.625698] [<c077a228>] (driver_register) from [<c0301e5c>] (do_one_initcall+0x3c/0x16c)
[    1.633870] [<c0301e5c>] (do_one_initcall) from [<c1100d80>] (kernel_init_freeable+0x120/0x1ec)
[    1.642562] [<c1100d80>] (kernel_init_freeable) from [<c0b5e5a4>] (kernel_init+0x8/0x118)
[    1.650732] [<c0b5e5a4>] (kernel_init) from [<c0307f78>] (ret_from_fork+0x14/0x3c)
[    1.658323] ---[ end trace 72513347575ec3a0 ]---
[    1.662954] tegra-ehci 7d004000.usb: can't get utmi-pads reset from the PHY
[    1.669922] tegra-ehci 7d004000.usb: continuing, but please update your DT
[    1.676902] tegra-ehci 7d004000.usb: EHCI Host Controller
[    1.682346] tegra-ehci 7d004000.usb: new USB bus registered, assigned bus number 1
[    1.690233] tegra-ehci 7d004000.usb: irq 352, io mem 0x7d004000
[    1.704380] tegra-ehci 7d004000.usb: USB 2.0 started, EHCI 1.10
[    1.711152] hub 1-0:1.0: USB hub found
[    1.714964] hub 1-0:1.0: 1 port detected
[    1.719529] ohci_hcd: USB 1.1 'Open' Host Controller (OHCI) Driver
[    1.725739] ohci-pci: OHCI PCI platform driver
[    1.730243] ohci-platform: OHCI generic platform driver
[    1.735670] ohci-omap3: OHCI OMAP3 driver
[    1.739848] SPEAr-ohci: OHCI SPEAr driver
[    1.744010] ohci-st: OHCI STMicroelectronics driver
[    1.749058] ohci-atmel: OHCI Atmel driver
[    1.753926] usbcore: registered new interface driver usb-storage
[    1.761705] mousedev: PS/2 mouse device common for all mice
[    1.770662] as3722-rtc as3722-rtc: rtc core: registered as3722-rtc as rtc0
[    1.777554] as3722-rtc as3722-rtc: RTC interrupt 375
[    1.785970] tegra_rtc 7000e000.rtc: rtc core: registered 7000e000.rtc as rtc1
[    1.793160] tegra_rtc 7000e000.rtc: Tegra internal Real Time Clock
[    1.799959] i2c /dev entries driver
[    1.810544] 0-004c supply vcc not found, using dummy regulator
[    1.826205] sdhci: Secure Digital Host Controller Interface driver
[    1.832398] sdhci: Copyright(c) Pierre Ossman
[    1.838467] Synopsys Designware Multimedia Card Interface Driver
[    1.845696] sdhci-pltfm: SDHCI platform and OF driver helper
[    1.852188] sdhci-tegra 700b0400.sdhci: Got CD GPIO
[    1.857097] sdhci-tegra 700b0400.sdhci: Got WP GPIO
[    1.862037] mmc0: Unknown controller version (3). You may experience problems.
[    1.869551] mmc0: Unknown controller version (3). You may experience problems.
[    1.876842] mmc0: Invalid maximum block size, assuming 512 bytes
[    1.914383] mmc0: SDHCI controller on 700b0600.sdhci [700b0600.sdhci] using ADMA 64-bit
[    1.924101] ledtrig-cpu: registered to indicate activity on CPUs
[    1.930459] usbcore: registered new interface driver usbhid
[    1.936041] usbhid: USB HID core driver
[    1.944450] tegra124-dfll 70110000.clock: couldn't get vdd_cpu regulator
[    1.956058] NET: Registered protocol family 10
[    1.961190] sit: IPv6 over IPv4 tunneling driver
[    1.966513] NET: Registered protocol family 17
[    1.971001] can: controller area network core (rev 20120528 abi 9)
[    1.977259] NET: Registered protocol family 29
[    1.981735] can: raw protocol (rev 20120528)
[    1.986023] can: broadcast manager protocol (rev 20120528 t)
[    1.991703] can: netlink gateway (rev 20130117) max_hops=1
[    1.997580] Key type dns_resolver registered
[    2.002520] ThumbEE CPU extension supported.
[    2.006819] Registering SWP/SWPB emulation handler
[    2.017740] +3.3V_RUN: supplied by +3.3V_SYS
[    2.023007] +3.3V_AVDD_HDMI_AP_GATED: supplied by +3.3V_RUN
[    2.029163] +USB0_VBUS_SW: supplied by +5V_SYS
[    2.034286] +5V_USB_HS: supplied by +5V_SYS
[    2.040369] +3.3V_LP0: supplied by +3.3V_SYS
[    2.047025] +5V_HDMI_CON: supplied by +5V_SYS
[    2.052117] +5V_SATA: supplied by +5V_SYS
[    2.056655] +12V_SATA: supplied by +VDD_MUX
[    2.062969] usb2-0 supply vbus not found, using dummy regulator
[    2.066176] mmc0: new high speed MMC card at address 0001
[    2.067299] mmcblk0: mmc0:0001 SEM16G 14.7 GiB 
[    2.068486] mmcblk0boot0: mmc0:0001 SEM16G partition 1 4.00 MiB
[    2.069592] mmcblk0boot1: mmc0:0001 SEM16G partition 2 4.00 MiB
[    2.070332] mmcblk0rpmb: mmc0:0001 SEM16G partition 3 4.00 MiB
[    2.096825] usb2-1 supply vbus not found, using dummy regulator
[    2.103130] usb3-0 supply vbus not found, using dummy regulator
[    2.110515] tegra-pcie 1003000.pcie-controller: 2x1, 1x1 configuration
[    2.111482]  mmcblk0: p1
[    2.119715] tegra-pcie 1003000.pcie-controller: Failed to get supply 'avddio-pex': -517
[    2.129628] tegra-hdmi 54280000.hdmi: failed to get PLL regulator
[    2.140595] as3722-sd2: supplied by +5V_SYS
[    2.145274] as3722-sd3: supplied by +5V_SYS
[    2.149899] as3722-sd4: supplied by +5V_SYS
[    2.154374] +1.05V_RUN_AVDD_HDMI_PLL: supplied by +1.05V_RUN
[    2.160202] as3722-sd5: supplied by +5V_SYS
[    2.166215] as3722-ldo0: supplied by +1.35V_LP0(sd2)
[    2.172283] as3722-ldo1: supplied by +3.3V_RUN
[    2.177174] as3722-ldo2: supplied by +1.8V_VDDIO
[    2.182831] as3722-ldo3: supplied by +3.3V_SYS
[    2.188174] as3722-ldo4: supplied by +3.3V_SYS
[    2.192905] as3722-ldo5: supplied by +1.8V_VDDIO
[    2.197809] as3722-ldo6: supplied by +3.3V_RUN
[    2.202542] as3722-ldo7: supplied by +1.8V_VDDIO
[    2.207910] +1.05V_RUN_CAM_REAR: Bringing 0uV into 1050000-1050000uV
[    2.215014] as3722-ldo9: supplied by +5V_SYS
[    2.220495] +3.3V_RUN_TOUCH: Bringing 0uV into 2800000-2800000uV
[    2.227086] as3722-ldo10: supplied by +5V_SYS
[    2.231978] +2.8V_RUN_CAM_AF: Bringing 0uV into 2800000-2800000uV
[    2.238643] as3722-ldo11: supplied by +3.3V_RUN
[    2.243717] +1.8V_RUN_VPP_FUSE: Bringing 0uV into 1800000-1800000uV
[    2.253494] tegra-ahci 70027000.sata: AHCI 0001.0301 32 slots 2 ports 3 Gbps 0x1 impl platform mode
[    2.262572] tegra-ahci 70027000.sata: flags: 64bit ncq sntf pm led pio slum part sadm sds apst 
[    2.273186] scsi host0: tegra-ahci
[    2.277974] scsi host1: tegra-ahci
[    2.281762] ata1: SATA max UDMA/133 mmio [mem 0x70027000-0x70028fff] port 0x100 irq 343
[    2.289775] ata2: DUMMY
[    2.295375] tegra-ehci 7d008000.usb: EHCI Host Controller
[    2.300811] tegra-ehci 7d008000.usb: new USB bus registered, assigned bus number 2
[    2.308578] tegra-ehci 7d008000.usb: irq 353, io mem 0x7d008000
[    2.324480] tegra-ehci 7d008000.usb: USB 2.0 started, EHCI 1.10
[    2.331620] hub 2-0:1.0: USB hub found
[    2.335471] hub 2-0:1.0: 1 port detected
[    2.341926] sdhci-tegra 700b0400.sdhci: Got CD GPIO
[    2.346876] sdhci-tegra 700b0400.sdhci: Got WP GPIO
[    2.351859] mmc1: Unknown controller version (3). You may experience problems.
[    2.359335] mmc1: Invalid maximum block size, assuming 512 bytes
[    2.399926] mmc1: SDHCI controller on 700b0400.sdhci [700b0400.sdhci] using ADMA 64-bit
[    2.412517] tegra-pcie 1003000.pcie-controller: 2x1, 1x1 configuration
[    2.426711] tegra-pcie 1003000.pcie-controller: probing port 0, using 2 lanes
[    2.436194] tegra-pcie 1003000.pcie-controller: Slot present pin change, signature: 00000008
[    2.460177] tegra-pcie 1003000.pcie-controller: probing port 1, using 1 lanes
[    2.469479] tegra-pcie 1003000.pcie-controller: Slot present pin change, signature: 00000000
[    2.483840] tegra-pcie 1003000.pcie-controller: PCI host bridge to bus 0000:00
[    2.491109] pci_bus 0000:00: root bus resource [io  0x0000-0xffff]
[    2.497338] pci_bus 0000:00: root bus resource [mem 0x13000000-0x1fffffff]
[    2.504249] pci_bus 0000:00: root bus resource [mem 0x20000000-0x3fffffff pref]
[    2.511595] pci_bus 0000:00: root bus resource [bus 00-ff]
[    2.517150] pci 0000:00:01.0: [10de:0e12] type 01 class 0x060400
[    2.523319] pci 0000:00:01.0: PME# supported from D0 D1 D2 D3hot D3cold
[    2.530328] pci 0000:00:02.0: [10de:0e13] type 01 class 0x060400
[    2.536476] pci 0000:00:02.0: PME# supported from D0 D1 D2 D3hot D3cold
[    2.543490] PCI: bus0: Fast back to back transfers disabled
[    2.549105] pci 0000:00:01.0: bridge configuration invalid ([bus 00-00]), reconfiguring
[    2.557156] pci 0000:00:02.0: bridge configuration invalid ([bus 00-00]), reconfiguring
[    2.565464] pci 0000:01:00.0: [8086:4232] type 00 class 0x028000
[    2.571566] pci 0000:01:00.0: reg 0x10: [mem 0x00000000-0x00001fff 64bit]
[    2.578606] pci 0000:01:00.0: PME# supported from D0 D3hot D3cold
[    2.594514] PCI: bus1: Fast back to back transfers disabled
[    2.600151] pci_bus 0000:01: busn_res: [bus 01-ff] end is updated to 01
[    2.603060] ata1: SATA link down (SStatus 0 SControl 300)
[    2.612512] pci 0000:02:00.0: [10ec:8168] type 00 class 0x020000
[    2.618593] pci 0000:02:00.0: reg 0x10: [io  0x0000-0x00ff]
[    2.624249] pci 0000:02:00.0: reg 0x18: [mem 0x00000000-0x00000fff 64bit]
[    2.631107] pci 0000:02:00.0: reg 0x20: [mem 0x00000000-0x00003fff 64bit pref]
[    2.638535] pci 0000:02:00.0: supports D1 D2
[    2.642848] pci 0000:02:00.0: PME# supported from D0 D1 D2 D3hot D3cold
[    2.659507] PCI: bus2: Fast back to back transfers disabled
[    2.665114] pci_bus 0000:02: busn_res: [bus 02-ff] end is updated to 02
[    2.671914] pci 0000:00:01.0: BAR 8: assigned [mem 0x13000000-0x130fffff]
[    2.678749] pci 0000:00:02.0: BAR 8: assigned [mem 0x13100000-0x131fffff]
[    2.685589] pci 0000:00:02.0: BAR 9: assigned [mem 0x20000000-0x200fffff 64bit pref]
[    2.693381] pci 0000:00:02.0: BAR 7: assigned [io  0x1000-0x1fff]
[    2.699530] pci 0000:01:00.0: BAR 0: assigned [mem 0x13000000-0x13001fff 64bit]
[    2.706915] pci 0000:00:01.0: PCI bridge to [bus 01]
[    2.711933] pci 0000:00:01.0:   bridge window [mem 0x13000000-0x130fffff]
[    2.718786] pci 0000:02:00.0: BAR 4: assigned [mem 0x20000000-0x20003fff 64bit pref]
[    2.726598] pci 0000:02:00.0: BAR 2: assigned [mem 0x13100000-0x13100fff 64bit]
[    2.733972] pci 0000:02:00.0: BAR 0: assigned [io  0x1000-0x10ff]
[    2.740118] pci 0000:00:02.0: PCI bridge to [bus 02]
[    2.745132] pci 0000:00:02.0:   bridge window [io  0x1000-0x1fff]
[    2.751278] pci 0000:00:02.0:   bridge window [mem 0x13100000-0x131fffff]
[    2.758113] pci 0000:00:02.0:   bridge window [mem 0x20000000-0x200fffff 64bit pref]
[    2.765941] pci 0000:00:01.0: nv_msi_ht_cap_quirk didn't locate host bridge
[    2.773074] pcieport 0000:00:01.0: enabling device (0140 -> 0142)
[    2.779528] pcieport 0000:00:01.0: Signaling PME through PCIe PME interrupt
[    2.786535] pci 0000:01:00.0: Signaling PME through PCIe PME interrupt
[    2.793111] pcie_pme 0000:00:01.0:pcie001: service driver pcie_pme loaded
[    2.800047] pci 0000:00:02.0: nv_msi_ht_cap_quirk didn't locate host bridge
[    2.807171] pcieport 0000:00:02.0: enabling device (0140 -> 0143)
[    2.813583] pcieport 0000:00:02.0: Signaling PME through PCIe PME interrupt
[    2.820590] pci 0000:02:00.0: Signaling PME through PCIe PME interrupt
[    2.827164] pcie_pme 0000:00:02.0:pcie001: service driver pcie_pme loaded
[    2.834316] r8169 Gigabit Ethernet driver 2.3LK-NAPI loaded
[    2.839955] r8169 0000:02:00.0: enabling device (0140 -> 0143)
[    2.856182] r8169 0000:02:00.0 eth0: RTL8168g/8111g at 0xf0a52000, 00:04:4b:3a:d9:81, XID 0c000800 IRQ 393
[    2.865900] r8169 0000:02:00.0 eth0: jumbo features [frames: 9200 bytes, tx checksumming: ko]
[    2.878496] [drm] Supports vblank timestamp caching Rev 2 (21.10.2013).
[    2.885158] [drm] No driver support for vblank timestamp query.
[    2.893013] mmc1: new high speed SDHC card at address aaaa
[    2.899234] mmcblk1: mmc1:aaaa SD04G 3.69 GiB 
[    2.917222]  mmcblk1: p1 p2 p3
[    3.009811] tegra-hdmi 54280000.hdmi: cannot set audio to 44100 at 297000000 pclk
[    3.180887] Console: switching to colour frame buffer device 512x135
[    3.275935] drm drm: fb0:  frame buffer device
[    3.294487] [drm] Initialized tegra 0.0.0 20120330 on minor 0
[    3.302013] of: dev_pm_opp_of_cpumask_add_table: couldn't find opp table for cpu:0, -19
[    3.310067] cpufreq: cpufreq_online: CPU0: Running at unlisted freq: 696000 KHz
[    3.317391] cpufreq: cpufreq_online: CPU0: Unlisted initial frequency changed to: 714000 KHz
[    3.325984] cpu cpu1: cpufreq_init: failed to get clk: -2
[    3.331465] cpu cpu2: cpufreq_init: failed to get clk: -2
[    3.336941] cpu cpu3: cpufreq_init: failed to get clk: -2
[    3.343308] input: gpio-keys as /devices/soc0/gpio-keys/input/input0
[    3.350931] as3722-rtc as3722-rtc: setting system clock to 2000-01-01 00:00:39 UTC (946684839)
[    3.365515] +USB0_VBUS_SW: disabling
[    3.369095] +1.8V_RUN_CAM: disabling
[    3.373063] +2.8V_RUN_CAM: disabling
[    3.377032] +1.2V_RUN_CAM_FRONT: disabling
[    3.381362] +1.05V_RUN_CAM_REAR: disabling
[    3.385680] +3.3V_RUN_TOUCH: disabling
[    3.389660] +2.8V_RUN_CAM_AF: disabling
[    3.393689] +1.8V_RUN_VPP_FUSE: disabling
[    3.399699] EXT4-fs (mmcblk0p1): mounting ext3 file system using the ext4 subsystem
[    3.430741] EXT4-fs (mmcblk0p1): recovery complete
[    3.435676] EXT4-fs (mmcblk0p1): mounted filesystem with ordered data mode. Opts: (null)
[    3.443900] VFS: Mounted root (ext3 filesystem) on device 179:1.
[    3.457437] devtmpfs: mounted
[    3.466115] Freeing unused kernel memory: 2048K (c1100000 - c1300000)
bash: cannot set terminal process group (-1): Inappropriate ioctl for device
bash: no job control in this shell
root@(none):/# mount -t sysfs none /sys
root@(none):/# 
root@(none):/# mount -t debugfs none /sys/kernel/debug
root@(none):/# 
root@(none):/# rtcwake -d rtc1 -m mem -s 3
rtcwake: assuming RTC uses UTC ...
rtcwake: wakeup from "mem" using /dev/rtc1 at Thu Jan  1 00:00:19 1970
[    6.450367] PM: Syncing filesystems ... done.
[    6.714889] Freezing user space processes ... (elapsed 0.001 seconds) done.
[    6.723431] Freezing remaining freezable tasks ... (elapsed 0.001 seconds) done.
[    6.732113] Suspending console(s) (use no_console_suspend to debug)
[    6.845770] PM: suspend of devices complete after 106.691 msecs
[    6.847519] PM: late suspend of devices complete after 1.740 msecs
[    6.860018] PM: noirq suspend of devices complete after 12.494 msecs
[    6.860020] Disabling non-boot CPUs ...
[    6.860436] CPU1: shutdown
[    6.875431] CPU2: shutdown
[    6.890327] CPU3: shutdown
[    6.904803] Entering suspend state LP1
[    6.904817] Enabling non-boot CPUs ...
[    6.929970] cpu cpu1: cpufreq_init: failed to get clk: -2
[    6.930049] CPU1 is up
[    6.954998] cpu cpu2: cpufreq_init: failed to get clk: -2
[    6.955076] CPU2 is up
[    6.980106] cpu cpu3: cpufreq_init: failed to get clk: -2
[    6.980193] CPU3 is up
[    6.980849] pcieport 0000:00:02.0: nv_msi_ht_cap_quirk didn't locate host bridge
[    6.980851] pcieport 0000:00:01.0: nv_msi_ht_cap_quirk didn't locate host bridge
[    6.994445] PM: noirq resume of devices complete after 14.247 msecs
[    6.995671] PM: early resume of devices complete after 0.924 msecs
[    6.998347] tegra-hdmi 54280000.hdmi: cannot set audio to 44100 at 297000000 pclk
[    7.077724] PM: resume of devices complete after 82.043 msecs
[    7.180061] Restarting tasks ... done.
root@(none):/# 
root@(none):/# [    7.306912] ata1: SATA link down (SStatus 0 SControl 300)
rtcwake -d rtc1 -m mem -s 3
rtcwake: assuming RTC uses UTC ...
rtcwake: wakeup from "mem" using /dev/rtc1 at Thu Jan  1 00:00:23 1970
[    7.475729] PM: Syncing filesystems ... done.
[    7.526725] Freezing user space processes ... (elapsed 0.001 seconds) done.
[    7.534978] Freezing remaining freezable tasks ... (elapsed 0.001 seconds) done.
[    7.543661] Suspending console(s) (use no_console_suspend to debug)
[    7.660845] PM: suspend of devices complete after 110.081 msecs
[    7.663060] PM: late suspend of devices complete after 2.203 msecs
[    7.675354] PM: noirq suspend of devices complete after 12.287 msecs
[    7.675356] Disabling non-boot CPUs ...
[    7.675890] CPU1: shutdown
[    7.690931] CPU2: shutdown
[    7.715667] CPU3: shutdown
[    7.730036] Entering suspend state LP1
[    7.730051] Enabling non-boot CPUs ...
[    7.755082] cpu cpu1: cpufreq_init: failed to get clk: -2
[    7.755181] CPU1 is up
[    7.780144] cpu cpu2: cpufreq_init: failed to get clk: -2
[    7.780240] CPU2 is up
[    7.805267] cpu cpu3: cpufreq_init: failed to get clk: -2
[    7.805380] CPU3 is up
[    7.806069] pcieport 0000:00:02.0: nv_msi_ht_cap_quirk didn't locate host bridge
[    7.806166] pcieport 0000:00:01.0: nv_msi_ht_cap_quirk didn't locate host bridge
[    7.819432] PM: noirq resume of devices complete after 14.046 msecs
[    7.821238] PM: early resume of devices complete after 1.473 msecs
[    7.824556] tegra-hdmi 54280000.hdmi: cannot set audio to 44100 at 297000000 pclk
[    7.903951] PM: resume of devices complete after 82.705 msecs
[    8.007570] Restarting tasks ... done.
[    8.138363] ata1: SATA link down (SStatus 0 SControl 300)
root@(none):/# 
root@(none):/# rtcwake -d rtc1 -m mem -s 3
rtcwake: assuming RTC uses UTC ...
rtcwake: wakeup from "mem" using /dev/rtc1 at Thu Jan  1 00:00:28 1970
[    9.324223] PM: Syncing filesystems ... done.
[    9.581283] Freezing user space processes ... (elapsed 0.001 seconds) done.
[    9.590283] Freezing remaining freezable tasks ... (elapsed 0.001 seconds) done.
[    9.599797] Suspending console(s) (use no_console_suspend to debug)
[    9.702907] PM: suspend of devices complete after 92.897 msecs
[    9.713610] PM: late suspend of devices complete after 10.664 msecs
[    9.734629] PM: noirq suspend of devices complete after 20.990 msecs
[    9.734639] Disabling non-boot CPUs ...
[    9.736970] CPU1: shutdown
[    9.757141] CPU2: shutdown
[    9.775803] CPU3: shutdown
[    9.802884] Entering suspend state LP1
[    9.802899] Enabling non-boot CPUs ...
[    9.825054] cpu cpu1: cpufreq_init: failed to get clk: -2
[    9.825154] CPU1 is up
[    9.850108] cpu cpu2: cpufreq_init: failed to get clk: -2
[    9.850205] CPU2 is up
[    9.875242] cpu cpu3: cpufreq_init: failed to get clk: -2
[    9.875348] CPU3 is up
[    9.876084] pcieport 0000:00:01.0: nv_msi_ht_cap_quirk didn't locate host bridge
[    9.876087] pcieport 0000:00:02.0: nv_msi_ht_cap_quirk didn't locate host bridge
[    9.889401] PM: noirq resume of devices complete after 14.047 msecs
[    9.891057] PM: early resume of devices complete after 1.345 msecs
[    9.893723] tegra-hdmi 54280000.hdmi: cannot set audio to 44100 at 297000000 pclk
[    9.973744] PM: resume of devices complete after 82.678 msecs
[   10.076122] Restarting tasks ... done.
root@(none):/# 
root@(none):/# [   10.206920] ata1: SATA link down (SStatus 0 SControl 300)
rtcwake -d rtc1 -m mem -s 3
rtcwake: assuming RTC uses UTC ...
rtcwake: wakeup from "mem" using /dev/rtc1 at Thu Jan  1 00:00:32 1970
[   10.370261] PM: Syncing filesystems ... done.
[   10.412993] Freezing user space processes ... (elapsed 0.001 seconds) done.
[   10.421301] Freezing remaining freezable tasks ... (elapsed 0.001 seconds) done.
[   10.430040] Suspending console(s) (use no_console_suspend to debug)
[   10.555869] PM: suspend of devices complete after 118.609 msecs
[   10.558670] PM: late suspend of devices complete after 2.788 msecs
[   10.570510] PM: noirq suspend of devices complete after 11.832 msecs
[   10.570513] Disabling non-boot CPUs ...
[   10.571131] CPU1: shutdown
[   10.586188] CPU2: shutdown
[   10.610662] IRQ17 no longer affine to CPU3
[   10.610955] CPU3: shutdown
[   10.625111] Entering suspend state LP1
[   10.625126] Enabling non-boot CPUs ...
[   10.650027] cpu cpu1: cpufreq_init: failed to get clk: -2
[   10.650124] CPU1 is up
[   10.675090] cpu cpu2: cpufreq_init: failed to get clk: -2
[   10.675186] CPU2 is up
[   10.700216] cpu cpu3: cpufreq_init: failed to get clk: -2
[   10.700321] CPU3 is up
[   10.701010] pcieport 0000:00:02.0: nv_msi_ht_cap_quirk didn't locate host bridge
[   10.701084] pcieport 0000:00:01.0: nv_msi_ht_cap_quirk didn't locate host bridge
[   10.714380] PM: noirq resume of devices complete after 14.053 msecs
[   10.715992] PM: early resume of devices complete after 1.275 msecs
[   10.719181] tegra-hdmi 54280000.hdmi: cannot set audio to 44100 at 297000000 pclk
[   10.800103] PM: resume of devices complete after 84.101 msecs
[   10.907427] Restarting tasks ... done.
[   11.030011] ata1: SATA link down (SStatus 0 SControl 300)
root@(none):/# 
root@(none):/# rtcwake -d rtc1 -m mem -s 3
rtcwake: assuming RTC uses UTC ...
rtcwake: wakeup from "mem" using /dev/rtc1 at Thu Jan  1 00:00:37 1970
[   12.220802] PM: Syncing filesystems ... done.
[   12.483149] Freezing user space processes ... (elapsed 0.001 seconds) done.
[   12.492122] Freezing remaining freezable tasks ... (elapsed 0.001 seconds) done.
[   12.501661] Suspending console(s) (use no_console_suspend to debug)
[   12.597961] PM: suspend of devices complete after 86.085 msecs
[   12.608721] PM: late suspend of devices complete after 10.721 msecs
[   12.629521] PM: noirq suspend of devices complete after 20.770 msecs
[   12.629530] Disabling non-boot CPUs ...
[   12.631879] CPU1: shutdown
[   12.656102] IRQ17 no longer affine to CPU2
[   12.657224] CPU2: shutdown
[   12.675818] CPU3: shutdown
[   12.702829] Entering suspend state LP1
[   12.702844] Enabling non-boot CPUs ...
[   12.724997] cpu cpu1: cpufreq_init: failed to get clk: -2
[   12.725095] CPU1 is up
[   12.750057] cpu cpu2: cpufreq_init: failed to get clk: -2
[   12.750150] CPU2 is up
[   12.775191] cpu cpu3: cpufreq_init: failed to get clk: -2
[   12.775297] CPU3 is up
[   12.776017] pcieport 0000:00:01.0: nv_msi_ht_cap_quirk didn't locate host bridge
[   12.776045] pcieport 0000:00:02.0: nv_msi_ht_cap_quirk didn't locate host bridge
[   12.789346] PM: noirq resume of devices complete after 14.043 msecs
[   12.790927] PM: early resume of devices complete after 1.240 msecs
[   12.793702] tegra-hdmi 54280000.hdmi: cannot set audio to 44100 at 297000000 pclk
[   12.873905] PM: resume of devices complete after 82.967 msecs
[   12.980369] Restarting tasks ... done.
root@(none):/# 
root@(none):/# [   13.106853] ata1: SATA link down (SStatus 0 SControl 300)
rtcwake -d rtc1 -m mem -s 3
rtcwake: assuming RTC uses UTC ...
rtcwake: wakeup from "mem" using /dev/rtc1 at Thu Jan  1 00:00:41 1970
[   13.270568] PM: Syncing filesystems ... done.
[   13.318977] Freezing user space processes ... (elapsed 0.001 seconds) done.
[   13.327212] Freezing remaining freezable tasks ... (elapsed 0.001 seconds) done.
[   13.335917] Suspending console(s) (use no_console_suspend to debug)
[   13.450762] PM: suspend of devices complete after 107.789 msecs
[   13.452642] PM: late suspend of devices complete after 1.870 msecs
[   13.465178] PM: noirq suspend of devices complete after 12.530 msecs
[   13.465181] Disabling non-boot CPUs ...
[   13.465676] CPU1: shutdown
[   13.480703] CPU2: shutdown
[   13.495230] IRQ17 no longer affine to CPU3
[   13.495477] CPU3: shutdown
[   13.509877] Entering suspend state LP1
[   13.509892] Enabling non-boot CPUs ...
[   13.534975] cpu cpu1: cpufreq_init: failed to get clk: -2
[   13.535075] CPU1 is up
[   13.560029] cpu cpu2: cpufreq_init: failed to get clk: -2
[   13.560126] CPU2 is up
[   13.585152] cpu cpu3: cpufreq_init: failed to get clk: -2
[   13.585261] CPU3 is up
[   13.586001] pcieport 0000:00:02.0: nv_msi_ht_cap_quirk didn't locate host bridge
[   13.586004] pcieport 0000:00:01.0: nv_msi_ht_cap_quirk didn't locate host bridge
[   13.599324] PM: noirq resume of devices complete after 14.057 msecs
[   13.601035] PM: early resume of devices complete after 1.549 msecs
[   13.604047] tegra-hdmi 54280000.hdmi: cannot set audio to 44100 at 297000000 pclk
[   13.683423] PM: resume of devices complete after 82.379 msecs
[   13.790418] Restarting tasks ... done.
[   13.918880] ata1: SATA link down (SStatus 0 SControl 300)
root@(none):/# 
root@(none):/# rtcwake -d rtc1 -m mem -s 3
rtcwake: assuming RTC uses UTC ...
rtcwake: wakeup from "mem" using /dev/rtc1 at Thu Jan  1 00:00:46 1970
[   15.106053] PM: Syncing filesystems ... done.
[   15.362379] Freezing user space processes ... (elapsed 0.001 seconds) done.
[   15.371398] Freezing remaining freezable tasks ... (elapsed 0.001 seconds) done.
[   15.380916] Suspending console(s) (use no_console_suspend to debug)
[   15.482670] PM: suspend of devices complete after 91.626 msecs
[   15.490560] PM: late suspend of devices complete after 7.851 msecs
[   15.509589] PM: noirq suspend of devices complete after 18.998 msecs
[   15.509599] Disabling non-boot CPUs ...
[   15.511830] CPU1: shutdown
[   15.542178] CPU2: shutdown
[   15.560966] CPU3: shutdown
[   15.587774] Entering suspend state LP1
[   15.587789] Enabling non-boot CPUs ...
[   15.609959] cpu cpu1: cpufreq_init: failed to get clk: -2
[   15.610059] CPU1 is up
[   15.635004] cpu cpu2: cpufreq_init: failed to get clk: -2
[   15.635101] CPU2 is up
[   15.660129] cpu cpu3: cpufreq_init: failed to get clk: -2
[   15.660237] CPU3 is up
[   15.660965] pcieport 0000:00:01.0: nv_msi_ht_cap_quirk didn't locate host bridge
[   15.660967] pcieport 0000:00:02.0: nv_msi_ht_cap_quirk didn't locate host bridge
[   15.674298] PM: noirq resume of devices complete after 14.055 msecs
[   15.675777] PM: early resume of devices complete after 1.165 msecs
[   15.679197] tegra-hdmi 54280000.hdmi: cannot set audio to 44100 at 297000000 pclk
[   15.759874] PM: resume of devices complete after 84.087 msecs
[   15.862172] Restarting tasks ... done.
root@(none):/# 
root@(none):/# [   15.991985] ata1: SATA link down (SStatus 0 SControl 300)
rtcwake -d rtc1 -m mem -s 3
rtcwake: assuming RTC uses UTC ...
rtcwake: wakeup from "mem" using /dev/rtc1 at Thu Jan  1 00:00:50 1970
[   16.156772] PM: Syncing filesystems ... done.
[   16.213266] Freezing user space processes ... (elapsed 0.001 seconds) done.
[   16.221568] Freezing remaining freezable tasks ... (elapsed 0.001 seconds) done.
[   16.230358] Suspending console(s) (use no_console_suspend to debug)
[   16.340678] PM: suspend of devices complete after 103.160 msecs
[   16.342759] PM: late suspend of devices complete after 2.070 msecs
[   16.355282] PM: noirq suspend of devices complete after 12.515 msecs
[   16.355285] Disabling non-boot CPUs ...
[   16.355849] CPU1: shutdown
[   16.370921] CPU2: shutdown
[   16.385357] IRQ17 no longer affine to CPU3
[   16.385632] CPU3: shutdown
[   16.399944] Entering suspend state LP1
[   16.399959] Enabling non-boot CPUs ...
[   16.424922] cpu cpu1: cpufreq_init: failed to get clk: -2
[   16.425019] CPU1 is up
[   16.449986] cpu cpu2: cpufreq_init: failed to get clk: -2
[   16.450081] CPU2 is up
[   16.475122] cpu cpu3: cpufreq_init: failed to get clk: -2
[   16.475226] CPU3 is up
[   16.475958] pcieport 0000:00:02.0: nv_msi_ht_cap_quirk didn't locate host bridge
[   16.475960] pcieport 0000:00:01.0: nv_msi_ht_cap_quirk didn't locate host bridge
[   16.489277] PM: noirq resume of devices complete after 14.045 msecs
[   16.491005] PM: early resume of devices complete after 1.391 msecs
[   16.493577] tegra-hdmi 54280000.hdmi: cannot set audio to 44100 at 297000000 pclk
[   16.573758] PM: resume of devices complete after 82.744 msecs
[   16.680235] Restarting tasks ... done.
root@(none):/# 
root@(none):/# [   16.806770] ata1: SATA link down (SStatus 0 SControl 300)
rtcwake -d rtc1 -m mem -s 3
rtcwake: assuming RTC uses UTC ...
rtcwake: wakeup from "mem" using /dev/rtc1 at Thu Jan  1 00:00:55 1970
[   17.996374] PM: Syncing filesystems ... done.
[   18.257836] Freezing user space processes ... (elapsed 0.001 seconds) done.
[   18.266839] Freezing remaining freezable tasks ... (elapsed 0.001 seconds) done.
[   18.276378] Suspending console(s) (use no_console_suspend to debug)
[   18.367658] PM: suspend of devices complete after 81.061 msecs
[   18.375306] PM: late suspend of devices complete after 7.608 msecs
[   18.394587] PM: noirq suspend of devices complete after 19.248 msecs
[   18.394598] Disabling non-boot CPUs ...
[   18.396986] CPU1: shutdown
[   18.416954] CPU2: shutdown
[   18.435654] CPU3: shutdown
[   18.462719] Entering suspend state LP1
[   18.462733] Enabling non-boot CPUs ...
[   18.484890] cpu cpu1: cpufreq_init: failed to get clk: -2
[   18.484988] CPU1 is up
[   18.509951] cpu cpu2: cpufreq_init: failed to get clk: -2
[   18.510046] CPU2 is up
[   18.535083] cpu cpu3: cpufreq_init: failed to get clk: -2
[   18.535190] CPU3 is up
[   18.535916] pcieport 0000:00:02.0: nv_msi_ht_cap_quirk didn't locate host bridge
[   18.535920] pcieport 0000:00:01.0: nv_msi_ht_cap_quirk didn't locate host bridge
[   18.549244] PM: noirq resume of devices complete after 14.047 msecs
[   18.551161] PM: early resume of devices complete after 1.587 msecs
[   18.553793] tegra-hdmi 54280000.hdmi: cannot set audio to 44100 at 297000000 pclk
[   18.634273] PM: resume of devices complete after 83.102 msecs
[   18.736509] Restarting tasks ... done.
root@(none):/# 
root@(none):/# [   18.866740] ata1: SATA link down (SStatus 0 SControl 300)
rtcwake -d rtc1 -m mem -s 3
rtcwake: assuming RTC uses UTC ...
rtcwake: wakeup from "mem" using /dev/rtc1 at Thu Jan  1 00:00:59 1970
[   19.037201] PM: Syncing filesystems ... done.
[   19.093462] Freezing user space processes ... (elapsed 0.001 seconds) done.
[   19.101749] Freezing remaining freezable tasks ... (elapsed 0.001 seconds) done.
[   19.110528] Suspending console(s) (use no_console_suspend to debug)
[   19.210570] PM: suspend of devices complete after 92.887 msecs
[   19.212061] PM: late suspend of devices complete after 1.485 msecs
[   19.225158] PM: noirq suspend of devices complete after 13.090 msecs
[   19.225160] Disabling non-boot CPUs ...
[   19.225462] IRQ17 no longer affine to CPU1
[   19.225736] CPU1: shutdown
[   19.240841] CPU2: shutdown
[   19.255575] CPU3: shutdown
[   19.269881] Entering suspend state LP1
[   19.269896] Enabling non-boot CPUs ...
[   19.294864] cpu cpu1: cpufreq_init: failed to get clk: -2
[   19.294964] CPU1 is up
[   19.319918] cpu cpu2: cpufreq_init: failed to get clk: -2
[   19.320014] CPU2 is up
[   19.345058] cpu cpu3: cpufreq_init: failed to get clk: -2
[   19.345163] CPU3 is up
[   19.345907] pcieport 0000:00:02.0: nv_msi_ht_cap_quirk didn't locate host bridge
[   19.345909] pcieport 0000:00:01.0: nv_msi_ht_cap_quirk didn't locate host bridge
[   19.359219] PM: noirq resume of devices complete after 14.051 msecs
[   19.360844] PM: early resume of devices complete after 1.292 msecs
[   19.363584] tegra-hdmi 54280000.hdmi: cannot set audio to 44100 at 297000000 pclk
[   19.443916] PM: resume of devices complete after 83.061 msecs
[   19.550346] Restarting tasks ... done.
root@(none):/# 
root@(none):/# [   19.676716] ata1: SATA link down (SStatus 0 SControl 300)
NVTB SYSTEM SUSPEND TEST COMPLETE
