[    0.000000] Booting Linux on physical CPU 0x0000000000 [0x411fd071]
[    0.000000] Linux version 4.15.0-rc9-next-20180126-347956-gf0701bf7db7a (jonathanh@tamien) (gcc version 4.9.2 20140904 (prerelease) (crosstool-NG linaro-1.13.1-4.9-2014.09 - Linaro GCC 4.9-2014.09)) #1 SMP PREEMPT Thu Jan 25 19:26:17 PST 2018
[    0.000000] Machine model: Google Pixel C
[    0.000000] efi: Getting EFI parameters from FDT:
[    0.000000] efi: UEFI not found.
[    0.000000] cma: Reserved 16 MiB at 0x00000000f5400000
[    0.000000] earlycon: uart0 at MMIO 0x0000000070006000 (options '115200n8')
[    0.000000] bootconsole [uart0] enabled
[    0.000000] NUMA: No NUMA configuration found
[    0.000000] NUMA: Faking a node at [mem 0x0000000000000000-0x000000013fffffff]
[    0.000000] NUMA: NODE_DATA [mem 0x13fface80-0x13ffae97f]
[    0.000000] Zone ranges:
[    0.000000]   DMA32    [mem 0x0000000080000000-0x00000000ffffffff]
[    0.000000]   Normal   [mem 0x0000000100000000-0x000000013fffffff]
[    0.000000] Movable zone start for each node
[    0.000000] Early memory node ranges
[    0.000000]   node   0: [mem 0x0000000080000000-0x00000000f65fffff]
[    0.000000]   node   0: [mem 0x0000000100000000-0x000000013fffffff]
[    0.000000] Initmem setup node 0 [mem 0x0000000080000000-0x000000013fffffff]
[    0.000000] psci: probing for conduit method from DT.
[    0.000000] psci: PSCIv1.0 detected in firmware.
[    0.000000] psci: Using standard PSCI v0.2 function IDs
[    0.000000] psci: MIGRATE_INFO_UP_CPU reported invalid physical ID (0x80000000)
[    0.000000] random: get_random_bytes called from start_kernel+0xb0/0x414 with crng_init=0
[    0.000000] percpu: Embedded 24 pages/cpu @        (ptrval) s57984 r8192 d32128 u98304
[    0.000000] Detected PIPT I-cache on CPU0
[    0.000000] CPU features: enabling workaround for ARM erratum 832075
[    0.000000] CPU features: enabling workaround for ARM erratum 834220
[    0.000000] Built 1 zonelists, mobility grouping on.  Total pages: 735336
[    0.000000] Policy zone: Normal
[    0.000000] Kernel command line: cros_secure vpr=0x08000000@0xf6800000 earlycon
[    0.000000] software IO TLB [mem 0xf1400000-0xf5400000] (64MB) mapped at [        (ptrval)-        (ptrval)]
[    0.000000] Memory: 2835016K/2988032K available (9788K kernel code, 1240K rwdata, 4608K rodata, 1152K init, 404K bss, 136632K reserved, 16384K cma-reserved)
[    0.000000] SLUB: HWalign=64, Order=0-3, MinObjects=0, CPUs=4, Nodes=1
[    0.000000] Preemptible hierarchical RCU implementation.
[    0.000000] 	RCU restricting CPUs from NR_CPUS=64 to nr_cpu_ids=4.
[    0.000000] 	Tasks RCU enabled.
[    0.000000] RCU: Adjusting geometry for rcu_fanout_leaf=16, nr_cpu_ids=4
[    0.000000] NR_IRQS: 64, nr_irqs: 64, preallocated irqs: 0
[    0.000000] GIC: Using split EOI/Deactivate mode
[    0.000000] /interrupt-controller@60004000: 192 interrupts forwarded to /interrupt-controller@50041000
[    0.000000] boot misc0 0x0: expected 0x80000
[    0.000000]  (comparison mask = 0x400ffffb)
[    0.000000] boot misc2 0x1f720005: expected 0x1f720f05
[    0.000000]  (comparison mask = 0xffffff17)
[    0.000000] PLL_C already enabled. Postponing set full defaults
[    0.000000] boot misc0 0x0: expected 0x20
[    0.000000]  (comparison mask = 0x7ffffff)
[    0.000000] boot misc1 0x10000000: expected 0xc0000000
[    0.000000]  (comparison mask = 0xf8000000)
[    0.000000] boot misc2 0x0: expected 0xf400f0da
[    0.000000]  (comparison mask = 0xffffffff)
[    0.000000] boot misc3 0x0: expected 0x2004f400
[    0.000000]  (comparison mask = 0xffffffff)
[    0.000000] PLL_DP already enabled. Postponing set full defaults
[    0.000000] boot misc1 0x0: expected 0x20
[    0.000000]  (comparison mask = 0xffffff)
[    0.000000] PLL_X already enabled. Postponing set full defaults
[    0.000000] arch_timer: cp15 timer(s) running at 19.20MHz (phys).
[    0.000000] clocksource: arch_sys_counter: mask: 0xffffffffffffff max_cycles: 0x46d987e47, max_idle_ns: 440795202767 ns
[    0.000003] sched_clock: 56 bits at 19MHz, resolution 52ns, wraps every 4398046511078ns
[    0.000233] Console: colour dummy device 80x25
[    0.000308] console [tty0] enabled
[    0.000368] bootconsole [uart0] disabled
[    0.000468] Calibrating delay loop (skipped), value calculated using timer frequency.. 38.40 BogoMIPS (lpj=76800)
[    0.000483] pid_max: default: 32768 minimum: 301
[    0.000529] Security Framework initialized
[    0.001922] Dentry cache hash table entries: 524288 (order: 10, 4194304 bytes)
[    0.002636] Inode-cache hash table entries: 262144 (order: 9, 2097152 bytes)
[    0.002684] Mount-cache hash table entries: 8192 (order: 4, 65536 bytes)
[    0.002713] Mountpoint-cache hash table entries: 8192 (order: 4, 65536 bytes)
[    0.015696] ASID allocator initialised with 32768 entries
[    0.023691] Hierarchical SRCU implementation.
[    0.033110] Speedo Revision 4
[    0.033126] random: fast init done
[    0.033134] Tegra Revision: A02 SKU: 19 CPU Process: 0 SoC Process: 0
[    0.079845] EFI services will not be available.
[    0.087775] smp: Bringing up secondary CPUs ...
[    0.115906] Detected PIPT I-cache on CPU1
[    0.115940] CPU1: Booted secondary processor 0x0000000001 [0x411fd071]
[    0.143932] Detected PIPT I-cache on CPU2
[    0.143952] CPU2: Booted secondary processor 0x0000000002 [0x411fd071]
[    0.171968] Detected PIPT I-cache on CPU3
[    0.171988] CPU3: Booted secondary processor 0x0000000003 [0x411fd071]
[    0.172030] smp: Brought up 1 node, 4 CPUs
[    0.172066] SMP: Total of 4 processors activated.
[    0.172075] CPU features: detected feature: 32-bit EL0 Support
[    0.172083] CPU features: detected feature: Kernel page table isolation (KPTI)
[    0.172567] CPU: All CPU(s) started at EL2
[    0.172582] alternatives: patching kernel code
[    0.175482] devtmpfs: initialized
[    0.180313] Built 1 zonelists, mobility grouping on.  Total pages: 712850
[    0.180328] Policy zone: Normal
[    0.181120] clocksource: jiffies: mask: 0xffffffff max_cycles: 0xffffffff, max_idle_ns: 7645041785100000 ns
[    0.181165] futex hash table entries: 1024 (order: 5, 131072 bytes)
[    0.181272] pinctrl core: initialized pinctrl subsystem
[    0.182306] DMI not present or invalid.
[    0.182539] NET: Registered protocol family 16
[    0.182712] audit: initializing netlink subsys (disabled)
[    0.182804] audit: type=2000 audit(0.180:1): state=initialized audit_enabled=0 res=1
[    0.184020] cpuidle: using governor menu
[    0.184153] vdso: 2 pages (1 code @ 00000000c9dc2b4c, 1 data @ 000000009eb6168f)
[    0.184171] hw-breakpoint: found 6 breakpoint and 4 watchpoint registers.
[    0.184744] DMA: preallocated 256 KiB pool for atomic allocations
[    0.186567] Serial: AMBA PL011 UART driver
[    0.204165] HugeTLB registered 2.00 MiB page size, pre-allocated 0 pages
[    0.204415] cryptd: max_cpu_qlen set to 1000
[    0.204830] ACPI: Interpreter disabled.
[    0.205231] PPLCD_VDD: Failed to request enable GPIO172: -517
[    0.205246] reg-fixed-voltage regulators:regulator@1: Failed to register regulator: -517
[    0.205580] PP1800_LCDIO: Failed to request enable GPIO171: -517
[    0.205592] reg-fixed-voltage regulators:regulator@5: Failed to register regulator: -517
[    0.205639] PP1800_CAM: Failed to request enable GPIO83: -517
[    0.205650] reg-fixed-voltage regulators:regulator@6: Failed to register regulator: -517
[    0.206140] vgaarb: loaded
[    0.206343] SCSI subsystem initialized
[    0.206748] usbcore: registered new interface driver usbfs
[    0.206783] usbcore: registered new interface driver hub
[    0.206820] usbcore: registered new device driver usb
[    0.207714] tegra-i2c 7000d100.i2c: could not find pctldev for node /host1x@50000000/dpaux@545c0000/pinmux-i2c, deferring probe
[    0.207792] pps_core: LinuxPPS API ver. 1 registered
[    0.207801] pps_core: Software ver. 5.3.6 - Copyright 2005-2007 Rodolfo Giometti <giometti@linux.it>
[    0.207819] PTP clock support registered
[    0.207904] EDAC MC: Ver: 3.0.0
[    0.208284] Advanced Linux Sound Architecture Driver Initialized.
[    0.208689] clocksource: Switched to clocksource arch_sys_counter
[    0.208792] VFS: Disk quotas dquot_6.6.0
[    0.208837] VFS: Dquot-cache hash table entries: 512 (order 0, 4096 bytes)
[    0.208943] pnp: PnP ACPI: disabled
[    0.213033] NET: Registered protocol family 2
[    0.213363] tcp_listen_portaddr_hash hash table entries: 2048 (order: 3, 32768 bytes)
[    0.213411] TCP established hash table entries: 32768 (order: 6, 262144 bytes)
[    0.213584] TCP bind hash table entries: 32768 (order: 7, 524288 bytes)
[    0.213779] TCP: Hash tables configured (established 32768 bind 32768)
[    0.213874] UDP hash table entries: 2048 (order: 4, 65536 bytes)
[    0.213913] UDP-Lite hash table entries: 2048 (order: 4, 65536 bytes)
[    0.214024] NET: Registered protocol family 1
[    0.214225] RPC: Registered named UNIX socket transport module.
[    0.214238] RPC: Registered udp transport module.
[    0.214246] RPC: Registered tcp transport module.
[    0.214253] RPC: Registered tcp NFSv4.1 backchannel transport module.
[    0.214357] Unpacking initramfs...
[    0.225767] Freeing initrd memory: 3408K
[    0.226153] kvm [1]: 8-bit VMID
[    0.226164] kvm [1]: IDMAP page: 80a03000
[    0.226171] kvm [1]: HYP VA range: 800000000000:ffffffffffff
[    0.226916] kvm [1]: vgic-v2@50044000
[    0.226984] kvm [1]: vgic interrupt IRQ1
[    0.227000] kvm [1]: virtual timer IRQ4
[    0.227057] kvm [1]: Hyp mode initialized successfully
[    0.229006] Initialise system trusted keyrings
[    0.229095] workingset: timestamp_bits=44 max_order=20 bucket_order=0
[    0.232606] squashfs: version 4.0 (2009/01/31) Phillip Lougher
[    0.233017] NFS: Registering the id_resolver key type
[    0.233039] Key type id_resolver registered
[    0.233046] Key type id_legacy registered
[    0.233058] nfs4filelayout_init: NFSv4 File Layout Driver Registering...
[    0.233161] 9p: Installing v9fs 9p2000 file system support
[    0.234605] Key type asymmetric registered
[    0.234616] Asymmetric key parser 'x509' registered
[    0.234711] Block layer SCSI generic (bsg) driver version 0.4 loaded (major 245)
[    0.234724] io scheduler noop registered
[    0.234835] io scheduler cfq registered (default)
[    0.234845] io scheduler mq-deadline registered
[    0.234852] io scheduler kyber registered
[    0.236424]  usb3-0: usb3-0 supply vbus not found, using dummy regulator
[    0.243225] EINJ: ACPI disabled.
[    0.246456] tegra-apbdma 60020000.dma: Tegra20 APB DMA driver register 32 channels
[    0.248015] tegra-pmc 7000e400.pmc: i2c-thermtrip node not found, emergency thermal reset disabled.
[    0.250502] Serial: 8250/16550 driver, 4 ports, IRQ sharing enabled
[    0.251849] 70006000.serial: ttyS0 at MMIO 0x70006000 (irq = 314, base_baud = 25500000) is a Tegra
[    1.211281] console [ttyS0] enabled
[    1.215205] SuperH (H)SCI(F) driver initialized
[    1.219998] msm_serial: driver initialized
[    1.224433] cacheinfo: Unable to detect cache hierarchy for CPU 0
[    1.234169] loop: module loaded
[    1.242626] cros-ec-i2c 0-001e: Chrome EC device registered
[    1.248888] max77620 1-003c: PMIC Version OTP:0x35 and ES:0x8
[    1.257263] max77620-sd0: supplied by regulator-dummy
[    1.263454] max77620-sd1: supplied by regulator-dummy
[    1.269601] max77620-sd2: supplied by regulator-dummy
[    1.275716] max77620-sd3: supplied by regulator-dummy
[    1.281845] max77620-ldo0: supplied by regulator-dummy
[    1.287483] max77620-ldo1: supplied by regulator-dummy
[    1.292655] PP1200_RCAM: Bringing 1050000uV into 1200000-1200000uV
[    1.299241] max77620-ldo2: supplied by regulator-dummy
[    1.304922] max77620-ldo3: supplied by regulator-dummy
[    1.310075] PP2800L_RCAM: Bringing 3100000uV into 2800000-2800000uV
[    1.316752] max77620-ldo4: supplied by regulator-dummy
[    1.321923] PP1100_SOC_RTC: Bringing 1000000uV into 850000-850000uV
[    1.328756] max77620-ldo5: supplied by regulator-dummy
[    1.333918] PP2800L_FCAM: Bringing 3100000uV into 2800000-2800000uV
[    1.340595] max77620-ldo6: supplied by regulator-dummy
[    1.345747] PP_LDO6: Bringing 2800000uV into 1800000-1800000uV
[    1.352000] max77620-ldo7: supplied by regulator-dummy
[    1.357754] max77620-ldo8: supplied by regulator-dummy
[    1.366925] libphy: Fixed MDIO Bus: probed
[    1.371371] tun: Universal TUN/TAP device driver, 1.6
[    1.376912] thunder-xcv, ver 1.0
[    1.380154] thunder-BGX, ver 1.0
[    1.383407] thunder-nic, ver 1.0
[    1.386843] e1000e: Intel(R) PRO/1000 Network Driver - 3.2.6-k
[    1.392671] e1000e: Copyright(c) 1999 - 2015 Intel Corporation.
[    1.398610] igb: Intel(R) Gigabit Ethernet Network Driver - version 5.4.0-k
[    1.405565] igb: Copyright (c) 2007-2014 Intel Corporation.
[    1.411158] igbvf: Intel(R) Gigabit Virtual Function Network Driver - version 2.4.0-k
[    1.418982] igbvf: Copyright (c) 2009 - 2012 Intel Corporation.
[    1.425106] sky2: driver version 1.30
[    1.429056] VFIO - User Level meta-driver version: 0.3
[    1.434854] ehci_hcd: USB 2.0 'Enhanced' Host Controller (EHCI) Driver
[    1.441381] ehci-pci: EHCI PCI platform driver
[    1.445842] ehci-platform: EHCI generic platform driver
[    1.451142] ehci-orion: EHCI orion driver
[    1.455208] ehci-exynos: EHCI EXYNOS driver
[    1.459444] ohci_hcd: USB 1.1 'Open' Host Controller (OHCI) Driver
[    1.465628] ohci-pci: OHCI PCI platform driver
[    1.470093] ohci-platform: OHCI generic platform driver
[    1.475382] ohci-exynos: OHCI EXYNOS driver
[    1.541335] tegra-xusb 70090000.usb: Firmware timestamp: 2015-08-10 09:47:54 UTC
[    1.548740] tegra-xusb 70090000.usb: xHCI Host Controller
[    1.554149] tegra-xusb 70090000.usb: new USB bus registered, assigned bus number 1
[    1.562990] tegra-xusb 70090000.usb: hcc params 0x0184f525 hci version 0x100 quirks 0x00010010
[    1.571626] tegra-xusb 70090000.usb: irq 320, io mem 0x70090000
[    1.577959] hub 1-0:1.0: USB hub found
[    1.581730] hub 1-0:1.0: 5 ports detected
[    1.586043] tegra-xusb 70090000.usb: xHCI Host Controller
[    1.591447] tegra-xusb 70090000.usb: new USB bus registered, assigned bus number 2
[    1.599061] usb usb2: We don't know the algorithms for LPM for this host, disabling LPM.
[    1.607393] hub 2-0:1.0: USB hub found
[    1.611164] hub 2-0:1.0: 4 ports detected
[    1.615671] usbcore: registered new interface driver usb-storage
[    1.749243] max77686-rtc max77620-rtc: rtc core: registered max77620-rtc as rtc0
[    1.757256] tegra_rtc 7000e000.rtc: rtc core: registered 7000e000.rtc as rtc1
[    1.764407] tegra_rtc 7000e000.rtc: Tegra internal Real Time Clock
[    1.770693] i2c /dev entries driver
[    1.775865] (NULL device *): hwmon: 'bq27742-0' is not a valid name attribute, please fix
[    1.801069] sdhci: Secure Digital Host Controller Interface driver
[    1.807284] sdhci: Copyright(c) Pierre Ossman
[    1.811787] Synopsys Designware Multimedia Card Interface Driver
[    1.818340] sdhci-pltfm: SDHCI platform and OF driver helper
[    1.832331] mmc0: Unknown controller version (3). You may experience problems.
[    1.870587] mmc0: SDHCI controller on 700b0600.sdhci [700b0600.sdhci] using ADMA 64-bit
[    1.879494] ledtrig-cpu: registered to indicate activity on CPUs
[    1.886270] usbcore: registered new interface driver usbhid
[    1.891892] usbhid: USB HID core driver
[    1.897521] NET: Registered protocol family 17
[    1.902104] 9pnet: Installing 9P2000 support
[    1.906469] Key type dns_resolver registered
[    1.911125] registered taskstats version 1
[    1.915314] Loading compiled-in X.509 certificates
[    1.926970] tegra-i2c 7000d100.i2c: could not find pctldev for node /host1x@50000000/dpaux@545c0000/pinmux-i2c, deferring probe
[    1.939845] input: gpio-keys as /devices/platform/gpio-keys/input/input0
[    1.946831] tegra-i2c 7000d100.i2c: could not find pctldev for node /host1x@50000000/dpaux@545c0000/pinmux-i2c, deferring probe
[    1.953637] mmc0: new high speed MMC card at address 0001
[    1.964209] mmcblk0: mmc0:0001 BGND3R 29.1 GiB 
[    1.969141] mmcblk0boot0: mmc0:0001 BGND3R partition 1 4.00 MiB
[    1.975456] mmcblk0boot1: mmc0:0001 BGND3R partition 2 4.00 MiB
[    1.981494] mmcblk0rpmb: mmc0:0001 BGND3R partition 3 4.00 MiB, chardev (240:0)
[    1.981499] max77686-rtc max77620-rtc: setting system clock to 2001-11-06 08:56:08 UTC (1005036968)
[    1.982124] PP1200_AVDD: disabling
[    1.991568]  mmcblk0: p1 p2 p3 p4 p5 p6 p7 p8 p9 p10 p11
[    2.001271] PP1200_RCAM: disabling
[    2.008308] tegra-i2c 7000d100.i2c: could not find pctldev for node /host1x@50000000/dpaux@545c0000/pinmux-i2c, deferring probe
[    2.021456] PP2800L_RCAM: disabling
[    2.025022] PP2800L_FCAM: disabling
[    2.028562] PP_LDO6: disabling
[    2.031683] PPLCD_VDD: disabling
[    2.034917] PP1800_LCDIO: disabling
[    2.038407] PP1800_CAM: disabling
[    2.041722] ALSA device list:
[    2.044686]   No soundcards found.
[    2.048752] Freeing unused kernel memory: 1152K

System initialization...

Mounting /proc :[SUCCESS]
Mounting /sys :[SUCCESS]
Mounting /dev :[SUCCESS]
Mounting /dev/pts :[SUCCESS]
Mounting /sys/kernel/debug :[SUCCESS]
Mounting other filesystems :[SUCCESS]
Enabling hot-plug :[SUCCESS]
Populating /dev :[SUCCESS]
Starting syslogd :[SUCCESS]
Starting telnetd :[SUCCESS]

System initialization complete.

Please press Enter to activate this console. 