
U-Boot SPL 2014.01-00219-gc4d376f (Feb 18 2014 - 19:57:18)


U-Boot 2014.01-00219-gc4d376f (Feb 18 2014 - 19:57:18)

TEGRA30
Board: NVIDIA Beaver
I2C:   ready
DRAM:  2 GiB
MMC:   Tegra SD/MMC: 0, Tegra SD/MMC: 1
In:    serial
Out:   serial
Err:   serial
Net:   Net Initialization Skipped
No ethernet found.
Hit any key to stop autoboot:  2  0 
Tegra30 (Beaver) # 
Tegra30 (Beaver) # usb reset
(Re)start USB...
USB0:   USB EHCI 1.00
scanning bus 0 for devices... 2 USB Device(s) found
       scanning usb for storage devices... 0 Storage Device(s) found
       scanning usb for ethernet devices... 
Warning: asx0 using MAC address from net device
1 Ethernet Device(s) found
Tegra30 (Beaver) # setenv bootargs 'ignore_loglevel console=ttyS0,115200n8 rw root=PARTUUID=edbe1840-3633-c751-7993-b0ac834f81e0 rootwait gpt debug noinitrd earlyprintk init=/bin/bash'
Tegra30 (Beaver) # setenv ipaddr 192.168.100.101; setenv serverip 192.168.100.1; setenv tftpserverip 192.168.100.1
Tegra30 (Beaver) # tftpboot 0x81000000 zImage.multi_v7_defconfig
Using asx0 device
TFTP from server 192.168.100.1; our IP address is 192.168.100.101
Filename 'zImage.multi_v7_defconfig'.
Load address: 0x81000000
Loading: *#################################################################
	 #################################################################
	 #################################################################
	 #################################################################
	 #################################################################
	 #################################################################
	 #################################################################
	 #################################################################
	 ########################
	 3.3 MiB/s
done
Bytes transferred = 7972240 (79a590 hex)
Tegra30 (Beaver) # tftpboot 0x82000000 tegra30-beaver.dtb
Using asx0 device
TFTP from server 192.168.100.1; our IP address is 192.168.100.101
Filename 'tegra30-beaver.dtb'.
Load address: 0x82000000
Loading: *####
	 3.5 MiB/s
done
Bytes transferred = 51848 (ca88 hex)
Tegra30 (Beaver) # bootz 0x81000000 - 0x82000000
Kernel image @ 0x81000000 [ 0x000000 - 0x79a590 ]
## Flattened Device Tree blob at 82000000
   Booting using the fdt blob at 0x82000000
   Loading Device Tree to 8fff0000, end 8ffffa87 ... OK

Starting kernel ...

[    0.000000] Booting Linux on physical CPU 0x0
[    0.000000] Linux version 4.12.0-rc6-next-20170622-181880-g09c1728 (jonathanh@sellafield) (gcc version 4.7.3 20130328 (prerelease) (crosstool-NG linaro-1.13.1-4.7-2013.04-20130415 - Linaro GCC 2013.04)) #1 SMP Tue Jun 27 03:37:06 PDT 2017
[    0.000000] CPU: ARMv7 Processor [412fc099] revision 9 (ARMv7), cr=10c5387d
[    0.000000] CPU: PIPT / VIPT nonaliasing data cache, VIPT aliasing instruction cache
[    0.000000] OF: fdt: Machine model: NVIDIA Tegra30 Beaver evaluation board
[    0.000000] debug: ignoring loglevel setting.
[    0.000000] Memory policy: Data cache writealloc
[    0.000000] efi: Getting EFI parameters from FDT:
[    0.000000] efi: UEFI not found.
[    0.000000] cma: Reserved 64 MiB at 0xfb800000
[    0.000000] On node 0 totalpages: 524032
[    0.000000] free_area_init_node: node 0, pgdat c157e480, node_mem_map eeff8000
[    0.000000]   DMA zone: 1536 pages used for memmap
[    0.000000]   DMA zone: 0 pages reserved
[    0.000000]   DMA zone: 196608 pages, LIFO batch:31
[    0.000000]   HighMem zone: 327424 pages, LIFO batch:31
[    0.000000] percpu: Embedded 17 pages/cpu @eef88000 s39168 r8192 d22272 u69632
[    0.000000] pcpu-alloc: s39168 r8192 d22272 u69632 alloc=17*4096
[    0.000000] pcpu-alloc: [0] 0 [0] 1 [0] 2 [0] 3 
[    0.000000] Built 1 zonelists in Zone order, mobility grouping on.  Total pages: 522496
[    0.000000] Kernel command line: ignore_loglevel console=ttyS0,115200n8 rw root=PARTUUID=edbe1840-3633-c751-7993-b0ac834f81e0 rootwait gpt debug noinitrd earlyprintk init=/bin/bash
[    0.000000] PID hash table entries: 4096 (order: 2, 16384 bytes)
[    0.000000] Dentry cache hash table entries: 131072 (order: 7, 524288 bytes)
[    0.000000] Inode-cache hash table entries: 65536 (order: 6, 262144 bytes)
[    0.000000] Memory: 1993472K/2096128K available (10240K kernel code, 1560K rwdata, 4436K rodata, 2048K init, 401K bss, 37120K reserved, 65536K cma-reserved, 1244160K highmem)
[    0.000000] Virtual kernel memory layout:
[    0.000000]     vector  : 0xffff0000 - 0xffff1000   (   4 kB)
[    0.000000]     fixmap  : 0xffc00000 - 0xfff00000   (3072 kB)
[    0.000000]     vmalloc : 0xf0800000 - 0xff800000   ( 240 MB)
[    0.000000]     lowmem  : 0xc0000000 - 0xf0000000   ( 768 MB)
[    0.000000]     pkmap   : 0xbfe00000 - 0xc0000000   (   2 MB)
[    0.000000]     modules : 0xbf000000 - 0xbfe00000   (  14 MB)
[    0.000000]       .text : 0xc0208000 - 0xc0d00000   (11232 kB)
[    0.000000]       .init : 0xc1200000 - 0xc1400000   (2048 kB)
[    0.000000]       .data : 0xc1400000 - 0xc1586168   (1561 kB)
[    0.000000]        .bss : 0xc158fcbc - 0xc15f42fc   ( 402 kB)
[    0.000000] SLUB: HWalign=64, Order=0-3, MinObjects=0, CPUs=4, Nodes=1
[    0.000000] Hierarchical RCU implementation.
[    0.000000] 	RCU event tracing is enabled.
[    0.000000] 	RCU restricting CPUs from NR_CPUS=16 to nr_cpu_ids=4.
[    0.000000] RCU: Adjusting geometry for rcu_fanout_leaf=16, nr_cpu_ids=4
[    0.000000] NR_IRQS: 16, nr_irqs: 16, preallocated irqs: 16
[    0.000000] /interrupt-controller@60004000: 160 interrupts forwarded to /interrupt-controller@50041000
[    0.000000] L2C: platform modifies aux control register: 0x02080000 -> 0x3e480001
[    0.000000] L2C: DT/platform modifies aux control register: 0x02080000 -> 0x3e480001
[    0.000000] L2C-310 erratum 769419 enabled
[    0.000000] L2C-310 enabling early BRESP for Cortex-A9
[    0.000000] L2C-310: enabling full line of zeros but not enabled in Cortex-A9
[    0.000000] L2C-310 dynamic clock gating enabled, standby mode enabled
[    0.000000] L2C-310 cache controller enabled, 8 ways, 1024 kB
[    0.000000] L2C-310: CACHE_ID 0x410000c7, AUX_CTRL 0x4e480001
[    0.000013] sched_clock: 32 bits at 1000kHz, resolution 1000ns, wraps every 2147483647500ns
[    0.000031] clocksource: timer_us: mask: 0xffffffff max_cycles: 0xffffffff, max_idle_ns: 1911260446275 ns
[    0.000039] Switching to timer-based delay loop, resolution 1000ns
[    0.002709] Console: colour dummy device 80x30
[    0.002739] Calibrating delay loop (skipped), value calculated using timer frequency.. 2.00 BogoMIPS (lpj=10000)
[    0.002749] pid_max: default: 32768 minimum: 301
[    0.002821] Mount-cache hash table entries: 2048 (order: 1, 8192 bytes)
[    0.002830] Mountpoint-cache hash table entries: 2048 (order: 1, 8192 bytes)
[    0.003195] CPU: Testing write buffer coherency: ok
[    0.003504] CPU0: thread -1, cpu 0, socket 0, mpidr 80000000
[    0.003726] Setting up static identity map for 0x80300000 - 0x803000a0
[    0.005004] Hierarchical SRCU implementation.
[    0.006276] Tegra Revision: A03 SKU: 128 CPU Process: 4 SoC Process: 0
[    0.006818] EFI services will not be available.
[    0.006917] smp: Bringing up secondary CPUs ...
[    0.010383] CPU1: thread -1, cpu 1, socket 0, mpidr 80000001
[    0.020361] CPU2: thread -1, cpu 2, socket 0, mpidr 80000002
[    0.030341] CPU3: thread -1, cpu 3, socket 0, mpidr 80000003
[    0.030385] smp: Brought up 1 node, 4 CPUs
[    0.030398] SMP: Total of 4 processors activated (8.00 BogoMIPS).
[    0.030402] CPU: All CPU(s) started in SVC mode.
[    0.031101] devtmpfs: initialized
[    0.039373] VFP support v0.3: implementor 41 architecture 3 part 30 variant 9 rev 4
[    0.039800] clocksource: jiffies: mask: 0xffffffff max_cycles: 0xffffffff, max_idle_ns: 19112604462750000 ns
[    0.039819] futex hash table entries: 1024 (order: 4, 65536 bytes)
[    0.043202] pinctrl core: initialized pinctrl subsystem
[    0.044690] DMI not present or invalid.
[    0.044897] random: bucket_table_alloc+0xe8/0x254 get_random_u32 called with crng_init=0
[    0.044952] NET: Registered protocol family 16
[    0.047916] DMA: preallocated 256 KiB pool for atomic coherent allocations
[    0.049579] cpuidle: using governor menu
[    0.063662] No ATAGs?
[    0.063764] hw-breakpoint: found 5 (+1 reserved) breakpoint and 1 watchpoint registers.
[    0.063774] hw-breakpoint: maximum watchpoint size is 4 bytes.
[    0.068028] Serial: AMBA PL011 UART driver
[    0.068502] tegra-mc 7000f000.memory-controller: no memory timings for RAM code 3 registered
[    0.077900] AT91: Could not find identification node
[    0.078384] vdd_5v_sata: Failed to request enable GPIO30: -517
[    0.078398] reg-fixed-voltage regulators:regulator@3: Failed to register regulator: -517
[    0.078445] usb1_vbus: Failed to request enable GPIO238: -517
[    0.078452] reg-fixed-voltage regulators:regulator@4: Failed to register regulator: -517
[    0.078500] usb3_vbus: Failed to request enable GPIO236: -517
[    0.078507] reg-fixed-voltage regulators:regulator@5: Failed to register regulator: -517
[    0.078608] sys_3v3_pexs: Failed to request enable GPIO95: -517
[    0.078615] reg-fixed-voltage regulators:regulator@7: Failed to register regulator: -517
[    0.080367] vgaarb: loaded
[    0.080852] SCSI subsystem initialized
[    0.080981] libata version 3.00 loaded.
[    0.081131] usbcore: registered new interface driver usbfs
[    0.081164] usbcore: registered new interface driver hub
[    0.081197] usbcore: registered new device driver usb
[    0.088264] vrtc: supplied by vdd_5v_in
[    0.091565] vio: supplied by vdd_5v_in
[    0.101833] vdd1: supplied by vdd_5v_in
[    0.103190] vddio_ddr_1v2: Bringing 600000uV into 1200000-1200000uV
[    0.111841] vdd2: supplied by vdd_5v_in
[    0.131833] ldo1: supplied by vdd_1v5_gen
[    0.134219] ldo2: supplied by vdd_1v5_gen
[    0.134691] vdd_sata,avdd_plle: Bringing 1200000uV into 1050000-1050000uV
[    0.136924] ldo3: supplied by vdd_5v_in
[    0.139284] ldo4: supplied by vdd_5v_in
[    0.141832] ldo5: supplied by vdd_5v_in
[    0.151834] ldo6: supplied by vdd_1v8_gen
[    0.152304] avdd_dsi_csi,pwrdet_mipi: Bringing 1000000uV into 1200000-1200000uV
[    0.154557] ldo7: supplied by vdd_1v8_gen
[    0.161828] ldo8: supplied by vdd_1v8_gen
[    0.171942] pps_core: LinuxPPS API ver. 1 registered
[    0.171949] pps_core: Software ver. 5.3.6 - Copyright 2005-2007 Rodolfo Giometti <giometti@linux.it>
[    0.171962] PTP clock support registered
[    0.172100] EDAC MC: Ver: 3.0.0
[    0.172327] dmi: Firmware registration failed.
[    0.173645] clocksource: Switched to clocksource timer_us
[    0.205939] NET: Registered protocol family 2
[    0.206004] random: neigh_hash_alloc+0x70/0xb8 get_random_u32 called with crng_init=0
[    0.206384] random: rt_genid_init+0x18/0x28 get_random_u32 called with crng_init=0
[    0.206407] TCP established hash table entries: 8192 (order: 3, 32768 bytes)
[    0.206461] TCP bind hash table entries: 8192 (order: 4, 65536 bytes)
[    0.206545] TCP: Hash tables configured (established 8192 bind 8192)
[    0.206691] UDP hash table entries: 512 (order: 2, 16384 bytes)
[    0.206764] UDP-Lite hash table entries: 512 (order: 2, 16384 bytes)
[    0.206939] NET: Registered protocol family 1
[    0.207264] RPC: Registered named UNIX socket transport module.
[    0.207272] RPC: Registered udp transport module.
[    0.207276] RPC: Registered tcp transport module.
[    0.207280] RPC: Registered tcp NFSv4.1 backchannel transport module.
[    0.207290] PCI: CLS 0 bytes, default 64
[    0.208085] hw perfevents: no interrupt-affinity property for /pmu, guessing.
[    0.208292] hw perfevents: enabled with armv7_cortex_a9 PMU driver, 7 counters available
[    0.209447] workingset: timestamp_bits=30 max_order=19 bucket_order=0
[    0.214331] squashfs: version 4.0 (2009/01/31) Phillip Lougher
[    0.214783] NFS: Registering the id_resolver key type
[    0.214817] random: key_alloc+0x220/0x394 get_random_bytes called with crng_init=0
[    0.214834] Key type id_resolver registered
[    0.214839] Key type id_legacy registered
[    0.214868] ntfs: driver 2.1.32 [Flags: R/O].
[    0.215969] bounce: pool size: 64 pages
[    0.216010] Block layer SCSI generic (bsg) driver version 0.4 loaded (major 248)
[    0.216018] io scheduler noop registered
[    0.216023] io scheduler deadline registered
[    0.216045] io scheduler cfq registered (default)
[    0.216050] io scheduler mq-deadline registered
[    0.216054] io scheduler kyber registered
[    0.222885] tegra30-pinctrl 70000868.pinmux: invalid group "sdmmc3_dat6_pd3" for function "rsvd1"
[    0.222900] tegra30-pinctrl 70000868.pinmux: invalid group "sdmmc3_dat7_pd4" for function "rsvd1"
[    0.222914] tegra30-pinctrl 70000868.pinmux: invalid group "vi_vsync_pd6" for function "rsvd1"
[    0.222923] tegra30-pinctrl 70000868.pinmux: invalid group "vi_hsync_pd7" for function "rsvd1"
[    0.223383] tegra30-pinctrl 70000868.pinmux: invalid group "hdmi_int_pn7" for function "rsvd1"
[    0.223434] tegra30-pinctrl 70000868.pinmux: invalid group "ulpi_data3_po4" for function "rsvd1"
[    0.223811] tegra30-pinctrl 70000868.pinmux: invalid group "vi_d10_pt2" for function "rsvd1"
[    0.223826] tegra30-pinctrl 70000868.pinmux: invalid group "vi_d11_pt3" for function "rsvd1"
[    0.223838] tegra30-pinctrl 70000868.pinmux: invalid group "vi_d0_pt4" for function "rsvd1"
[    0.223879] tegra30-pinctrl 70000868.pinmux: invalid group "pu0" for function "rsvd1"
[    0.223909] tegra30-pinctrl 70000868.pinmux: invalid group "pu3" for function "rsvd1"
[    0.223939] tegra30-pinctrl 70000868.pinmux: invalid group "pu6" for function "rsvd1"
[    0.223979] tegra30-pinctrl 70000868.pinmux: invalid group "pv3" for function "rsvd1"
[    0.224467] tegra30-pinctrl 70000868.pinmux: invalid group "pbb0" for function "rsvd1"
[    0.224587] tegra30-pinctrl 70000868.pinmux: invalid group "pcc1" for function "rsvd1"
[    0.229769] tegra-pcie 3000.pcie: 2x3 configuration
[    0.229918] tegra-pcie 3000.pcie: Failed to get supply 'hvdd-pex': -517
[    0.235634] tegra-apbdma 6000a000.dma: Tegra20 APB DMA driver register 32 channels
[    0.237104] tegra-pmc 7000e400.pmc: i2c-thermtrip node not found, emergency thermal reset disabled.
[    0.269175] Serial: 8250/16550 driver, 4 ports, IRQ sharing disabled
[    0.271172] console [ttyS0] disabled
[    0.271211] 70006000.serial: ttyS0 at MMIO 0x70006000 (irq = 331, base_baud = 25500000) is a Tegra
[    1.335633] console [ttyS0] enabled
[    1.339640] SuperH (H)SCI(F) driver initialized
[    1.344785] msm_serial: driver initialized
[    1.348972] STMicroelectronics ASC driver initialized
[    1.357485] tegra-hdmi 54280000.hdmi: failed to get HDMI regulator
[    1.371083] brd: module loaded
[    1.379419] loop: module loaded
[    1.388175] m25p80 spi32766.1: w25q32 (4096 Kbytes)
[    1.394843] libphy: Fixed MDIO Bus: probed
[    1.399639] CAN device driver interface
[    1.404106] bgmac_bcma: Broadcom 47xx GBit MAC driver loaded
[    1.410482] e1000e: Intel(R) PRO/1000 Network Driver - 3.2.6-k
[    1.416309] e1000e: Copyright(c) 1999 - 2015 Intel Corporation.
[    1.422249] igb: Intel(R) Gigabit Ethernet Network Driver - version 5.4.0-k
[    1.429202] igb: Copyright (c) 2007-2014 Intel Corporation.
[    1.436823] pegasus: v0.9.3 (2013/04/25), Pegasus/Pegasus II USB Ethernet driver
[    1.444273] usbcore: registered new interface driver pegasus
[    1.449942] usbcore: registered new interface driver asix
[    1.455355] usbcore: registered new interface driver ax88179_178a
[    1.461450] usbcore: registered new interface driver cdc_ether
[    1.467318] usbcore: registered new interface driver smsc75xx
[    1.473076] usbcore: registered new interface driver smsc95xx
[    1.478833] usbcore: registered new interface driver net1080
[    1.484506] usbcore: registered new interface driver cdc_subset
[    1.490428] usbcore: registered new interface driver zaurus
[    1.496006] random: usbnet_init+0x14/0x30 get_random_bytes called with crng_init=0
[    1.503590] usbcore: registered new interface driver cdc_ncm
[    1.510659] ehci_hcd: USB 2.0 'Enhanced' Host Controller (EHCI) Driver
[    1.517184] ehci-pci: EHCI PCI platform driver
[    1.521644] ehci-platform: EHCI generic platform driver
[    1.526988] ehci-orion: EHCI orion driver
[    1.531074] SPEAr-ehci: EHCI SPEAr driver
[    1.535158] ehci-st: EHCI STMicroelectronics driver
[    1.540095] ehci-exynos: EHCI EXYNOS driver
[    1.544366] ehci-atmel: EHCI Atmel driver
[    1.548435] tegra-ehci: Tegra EHCI driver
[    1.552735] ohci_hcd: USB 1.1 'Open' Host Controller (OHCI) Driver
[    1.558920] ohci-pci: OHCI PCI platform driver
[    1.563382] ohci-platform: OHCI generic platform driver
[    1.568717] SPEAr-ohci: OHCI SPEAr driver
[    1.572792] ohci-st: OHCI STMicroelectronics driver
[    1.577744] ohci-atmel: OHCI Atmel driver
[    1.582160] usbcore: registered new interface driver usb-storage
[    1.590742] tegra_rtc 7000e000.rtc: rtc core: registered 7000e000.rtc as rtc1
[    1.597917] tegra_rtc 7000e000.rtc: Tegra internal Real Time Clock
[    1.606778] random: fast init done
[    1.620088] tps65910-rtc tps65910-rtc: rtc core: registered tps65910-rtc as rtc0
[    1.627687] i2c /dev entries driver
[    1.639393] sdhci: Secure Digital Host Controller Interface driver
[    1.645581] sdhci: Copyright(c) Pierre Ossman
[    1.650815] Synopsys Designware Multimedia Card Interface Driver
[    1.657556] sdhci-pltfm: SDHCI platform and OF driver helper
[    1.663728] sdhci-tegra 78000000.sdhci: Got CD GPIO
[    1.668601] sdhci-tegra 78000000.sdhci: Got WP GPIO
[    1.681755] mmc0: Invalid maximum block size, assuming 512 bytes
[    1.743734] mmc0: SDHCI controller on 78000000.sdhci [78000000.sdhci] using ADMA
[    1.760095] mmc1: Invalid maximum block size, assuming 512 bytes
[    1.823666] mmc1: SDHCI controller on 78000600.sdhci [78000600.sdhci] using ADMA
[    1.832397] ledtrig-cpu: registered to indicate activity on CPUs
[    1.838682] usbcore: registered new interface driver usbhid
[    1.844254] usbhid: USB HID core driver
[    1.850537] NET: Registered protocol family 10
[    1.855689] Segment Routing with IPv6
[    1.859380] sit: IPv6, IPv4 and MPLS over IPv4 tunneling driver
[    1.865733] NET: Registered protocol family 17
[    1.870171] can: controller area network core (rev 20170425 abi 9)
[    1.876399] NET: Registered protocol family 29
[    1.880830] can: raw protocol (rev 20170425)
[    1.885104] can: broadcast manager protocol (rev 20170425 t)
[    1.890751] can: netlink gateway (rev 20170425) max_hops=1
[    1.896506] Key type dns_resolver registered
[    1.901177] ThumbEE CPU extension supported.
[    1.905460] Registering SWP/SWPB emulation handler
[    1.920531] vdd_ddr: supplied by vdd_5v_in
[    1.925482] vdd_5v_sata: supplied by vdd_5v_in
[    1.930253] usb1_vbus: supplied by vdd_5v_in
[    1.934849] usb3_vbus: supplied by vdd_5v_in
[    1.940350] sys_3v3,vdd_3v3_alw: supplied by vdd_5v_in
[    1.946285] sys_3v3_pexs: supplied by sys_3v3,vdd_3v3_alw
[    1.951801] +VDD_5V_HDMI: supplied by sys_3v3,vdd_3v3_alw
[    1.957340] mmc1: new high speed MMC card at address 0001
[    1.957871] tegra-pcie 3000.pcie: 2x3 configuration
[    1.965225] tegra-pcie 3000.pcie: probing port 0, using 2 lanes
[    1.973957] mmcblk1: mmc1:0001 SEM16G 14.8 GiB 
[    1.979001] mmcblk1boot0: mmc1:0001 SEM16G partition 1 1.00 MiB
[    1.985021] mmcblk1boot1: mmc1:0001 SEM16G partition 2 1.00 MiB
[    1.991449] mmcblk1rpmb: mmc1:0001 SEM16G partition 3 128 KiB
[    1.998444] mmc0: new ultra high speed DDR50 SDHC card at address aaaa
[    2.005310] mmcblk0: mmc0:aaaa SS04G 3.69 GiB 
[    2.010538] Primary GPT is invalid, using alternate GPT.
[    2.015865]  mmcblk1: p1 p2 p3 p4 p5
[    2.023593] tegra-pcie 3000.pcie: probing port 2, using 2 lanes
[    2.036618]  mmcblk0: p1 p2 p3
[    2.433363] tegra-pcie 3000.pcie: link 2 down, retrying
[    2.842421] tegra-pcie 3000.pcie: link 2 down, retrying
[    3.251475] tegra-pcie 3000.pcie: link 2 down, retrying
[    3.258713] tegra-pcie 3000.pcie: link 2 down, ignoring
[    3.264058] tegra-pcie 3000.pcie: PCI host bridge to bus 0000:00
[    3.270054] pci_bus 0000:00: root bus resource [io  0x0000-0xffff]
[    3.276230] pci_bus 0000:00: root bus resource [mem 0x20000000-0x27ffffff]
[    3.283087] pci_bus 0000:00: root bus resource [mem 0x28000000-0x3fffffff pref]
[    3.290388] pci_bus 0000:00: root bus resource [bus 00-ff]
[    3.295891] pci 0000:00:01.0: [10de:0e1c] type 01 class 0x060400
[    3.301894] pci_bus 0000:00: 2-byte config write to 0000:00:01.0 offset 0x4 may corrupt adjacent RW1C bits
[    3.311536] pci_bus 0000:00: 2-byte config write to 0000:00:01.0 offset 0x4 may corrupt adjacent RW1C bits
[    3.321191] pci_bus 0000:00: 2-byte config write to 0000:00:01.0 offset 0x88 may corrupt adjacent RW1C bits
[    3.330939] pci_bus 0000:00: 2-byte config write to 0000:00:01.0 offset 0x52 may corrupt adjacent RW1C bits
[    3.340682] pci 0000:00:01.0: PME# supported from D0 D1 D2 D3hot D3cold
[    3.347291] pci_bus 0000:00: 2-byte config write to 0000:00:01.0 offset 0x4c may corrupt adjacent RW1C bits
[    3.357182] pci_bus 0000:00: 2-byte config write to 0000:00:01.0 offset 0x3e may corrupt adjacent RW1C bits
[    3.366914] pci_bus 0000:00: 2-byte config write to 0000:00:01.0 offset 0x4 may corrupt adjacent RW1C bits
[    3.376556] pci_bus 0000:00: 1-byte config write to 0000:00:01.0 offset 0xc may corrupt adjacent RW1C bits
[    3.386193] PCI: bus0: Fast back to back transfers disabled
[    3.391753] pci 0000:00:01.0: bridge configuration invalid ([bus 00-00]), reconfiguring
[    3.399747] pci_bus 0000:00: 2-byte config write to 0000:00:01.0 offset 0x3e may corrupt adjacent RW1C bits
[    3.409474] pci_bus 0000:00: 2-byte config write to 0000:00:01.0 offset 0x3e may corrupt adjacent RW1C bits
[    3.419297] pci 0000:01:00.0: [10ec:8168] type 00 class 0x020000
[    3.425324] pci 0000:01:00.0: reg 0x10: [io  0x0000-0x00ff]
[    3.430897] pci 0000:01:00.0: reg 0x18: [mem 0x00000000-0x00000fff 64bit pref]
[    3.438122] pci 0000:01:00.0: reg 0x20: [mem 0x00000000-0x00003fff 64bit pref]
[    3.445403] pci 0000:01:00.0: supports D1 D2
[    3.449660] pci 0000:01:00.0: PME# supported from D0 D1 D2 D3hot D3cold
[    3.483676] PCI: bus1: Fast back to back transfers disabled
[    3.489237] pci_bus 0000:01: busn_res: [bus 01-ff] end is updated to 01
[    3.495868] pci 0000:00:01.0: BAR 9: assigned [mem 0x28000000-0x280fffff 64bit pref]
[    3.503593] pci 0000:00:01.0: BAR 7: assigned [io  0x1000-0x1fff]
[    3.509684] pci 0000:01:00.0: BAR 4: assigned [mem 0x28000000-0x28003fff 64bit pref]
[    3.517429] pci 0000:01:00.0: BAR 2: assigned [mem 0x28004000-0x28004fff 64bit pref]
[    3.525172] pci 0000:01:00.0: BAR 0: assigned [io  0x1000-0x10ff]
[    3.531253] pci 0000:00:01.0: PCI bridge to [bus 01]
[    3.536212] pci 0000:00:01.0:   bridge window [io  0x1000-0x1fff]
[    3.542292] pci 0000:00:01.0:   bridge window [mem 0x28000000-0x280fffff 64bit pref]
[    3.550043] pci 0000:00:01.0: nv_msi_ht_cap_quirk didn't locate host bridge
[    3.557103] pcieport 0000:00:01.0: enabling device (0140 -> 0143)
[    3.563385] pcieport 0000:00:01.0: Signaling PME with IRQ 374
[    3.569354] r8169 Gigabit Ethernet driver 2.3LK-NAPI loaded
[    3.574942] r8169 0000:01:00.0: enabling device (0140 -> 0143)
[    3.581721] r8169 0000:01:00.0 eth0: RTL8168evl/8111evl at 0xf0b1c000, 02:04:4b:01:60:a6, XID 0c900800 IRQ 375
[    3.591726] r8169 0000:01:00.0 eth0: jumbo features [frames: 9200 bytes, tx checksumming: ko]
[    3.606819] utmi_phy_clk_enable: timeout waiting for phy to stabilize
[    3.613267] tegra-ehci 7d004000.usb: EHCI Host Controller
[    3.618689] tegra-ehci 7d004000.usb: new USB bus registered, assigned bus number 1
[    3.626449] tegra-ehci 7d004000.usb: irq 343, io mem 0x7d004000
[    3.653664] tegra-ehci 7d004000.usb: USB 2.0 started, EHCI 1.00
[    3.660157] hub 1-0:1.0: USB hub found
[    3.663948] hub 1-0:1.0: 1 port detected
[    3.669043] tegra-ehci 7d008000.usb: EHCI Host Controller
[    3.674477] tegra-ehci 7d008000.usb: new USB bus registered, assigned bus number 2
[    3.682207] tegra-ehci 7d008000.usb: irq 344, io mem 0x7d008000
[    3.714032] tegra-ehci 7d008000.usb: USB 2.0 started, EHCI 1.00
[    3.720415] hub 2-0:1.0: USB hub found
[    3.724200] hub 2-0:1.0: 1 port detected
[    3.733344] tps65910-rtc tps65910-rtc: setting system clock to 2000-01-01 00:00:02 UTC (946684802)
[    3.742860] vdd_sata,avdd_plle: disabling
[    3.747612] usb1_vbus: disabling
[    3.752331] EXT4-fs (mmcblk1p1): mounting ext3 file system using the ext4 subsystem
[    3.768126] EXT4-fs (mmcblk1p1): warning: mounting fs with errors, running e2fsck is recommended
[    3.778370] EXT4-fs (mmcblk1p1): recovery complete
[    3.783156] EXT4-fs (mmcblk1p1): mounted filesystem with ordered data mode. Opts: (null)
[    3.791273] VFS: Mounted root (ext3 filesystem) on device 179:1.
[    3.808290] devtmpfs: mounted
[    3.813805] Freeing unused kernel memory: 2048K
bash: cannot set terminal process group (-1): Inappropriate ioctl for device
bash: no job control in this shell
root@(none):/# [    4.084064] usb 2-1: new high-speed USB device number 2 using tegra-ehci
[    4.764190] asix 2-1:1.0 eth1: register 'asix' at usb-7d008000.usb-1, ASIX AX88772 USB 2.0 Ethernet, 00:50:b6:0f:67:60
mount -t sysfs none /sys
root@(none):/# 
root@(none):/# mount -t debugfs none /sys/kernel/debug
root@(none):/# 
root@(none):/# rtcwake -d rtc1 -m mem -s 3
rtcwake: wakeup from "mem" using /dev/rtc1 at Thu Jan  1 00:00:22 1970
[    7.522547] PM: Syncing filesystems ... done.
[    7.527809] Freezing user space processes ... (elapsed 0.001 seconds) done.
[    7.535876] OOM killer disabled.
[    7.539091] Freezing remaining freezable tasks ... (elapsed 0.001 seconds) done.
[    7.547605] Suspending console(s) (use no_console_suspend to debug)
[    7.654262] Disabling non-boot CPUs ...
[    7.704104] IRQ346 no longer affine to CPU1
[    7.794042] IRQ347 no longer affine to CPU2
[    7.893815] IRQ17 no longer affine to CPU3
[    7.893939] IRQ348 no longer affine to CPU3
[    7.945211] Entering suspend state LP1
[    7.945211] Suspended for 2.918 seconds
[    7.945225] Enabling non-boot CPUs ...
[    7.975678] CPU1 is up
[    8.015731] CPU2 is up
[    8.055975] CPU3 is up
[    8.056713] pcieport 0000:00:01.0: nv_msi_ht_cap_quirk didn't locate host bridge
[    8.671360] OOM killer enabled.
[    8.674495] Restarting tasks ... done.
root@(none):/# 
root@(none):/# rtcwake -d rtc1 -m mem -s 3
rtcwake: wakeup from "mem" using /dev/rtc1 at Thu Jan  1 00:00:27 1970
[    9.698618] PM: Syncing filesystems ... done.
[    9.704377] Freezing user space processes ... (elapsed 0.001 seconds) done.
[    9.712430] OOM killer disabled.
[    9.715661] Freezing remaining freezable tasks ... (elapsed 0.001 seconds) done.
[    9.724169] Suspending console(s) (use no_console_suspend to debug)
[    9.764508] pci_generic_config_write32: 68 callbacks suppressed
[    9.764519] pci_bus 0000:00: 2-byte config write to 0000:00:01.0 offset 0x9c may corrupt adjacent RW1C bits
[    9.807883] pci_bus 0000:01: 2-byte config write to 0000:01:00.0 offset 0x44 may corrupt adjacent RW1C bits
[    9.807899] pci_bus 0000:01: 2-byte config write to 0000:01:00.0 offset 0x44 may corrupt adjacent RW1C bits
[    9.834228] Disabling non-boot CPUs ...
[    9.874059] IRQ346 no longer affine to CPU1
[    9.953850] IRQ17 no longer affine to CPU2
[    9.954015] IRQ347 no longer affine to CPU2
[   10.063897] IRQ348 no longer affine to CPU3
[   10.115095] Entering suspend state LP1
[   10.115095] Suspended for 2.830 seconds
[   10.115114] Enabling non-boot CPUs ...
[   10.145976] CPU1 is up
[   10.186107] CPU2 is up
[   10.226377] CPU3 is up
[   10.227271] pci_bus 0000:00: 2-byte config write to 0000:00:01.0 offset 0x4c may corrupt adjacent RW1C bits
[   10.227286] pci_bus 0000:00: 2-byte config write to 0000:00:01.0 offset 0x88 may corrupt adjacent RW1C bits
[   10.227296] pci_bus 0000:00: 2-byte config write to 0000:00:01.0 offset 0x90 may corrupt adjacent RW1C bits
[   10.227302] pci_bus 0000:00: 2-byte config write to 0000:00:01.0 offset 0x98 may corrupt adjacent RW1C bits
[   10.227307] pci_bus 0000:00: 2-byte config write to 0000:00:01.0 offset 0x9c may corrupt adjacent RW1C bits
[   10.227333] pci_bus 0000:00: 2-byte config write to 0000:00:01.0 offset 0x52 may corrupt adjacent RW1C bits
[   10.227341] pci_bus 0000:00: 2-byte config write to 0000:00:01.0 offset 0x52 may corrupt adjacent RW1C bits
[   10.227368] pcieport 0000:00:01.0: nv_msi_ht_cap_quirk didn't locate host bridge
[   10.938344] OOM killer enabled.
[   10.941474] Restarting tasks ... done.
root@(none):/# 
root@(none):/# rtcwake -d rtc1 -m mem -s 3
rtcwake: wakeup from "mem" using /dev/rtc1 at Thu Jan  1 00:00:32 1970
[   11.863369] PM: Syncing filesystems ... done.
[   11.869546] Freezing user space processes ... (elapsed 0.001 seconds) done.
[   11.877658] OOM killer disabled.
[   11.880876] Freezing remaining freezable tasks ... (elapsed 0.001 seconds) done.
[   11.889411] Suspending console(s) (use no_console_suspend to debug)
[   11.994335] Disabling non-boot CPUs ...
[   12.043944] IRQ17 no longer affine to CPU1
[   12.044144] IRQ346 no longer affine to CPU1
[   12.285292] Entering suspend state LP1
[   12.285292] Suspended for 2.829 seconds
[   12.285310] Enabling non-boot CPUs ...
[   12.315970] CPU1 is up
[   12.356033] CPU2 is up
[   12.396329] CPU3 is up
[   12.397198] pcieport 0000:00:01.0: nv_msi_ht_cap_quirk didn't locate host bridge
[   13.015007] OOM killer enabled.
[   13.018136] Restarting tasks ... done.
root@(none):/# 
root@(none):/# rtcwake -d rtc1 -m mem -s 3
rtcwake: wakeup from "mem" using /dev/rtc1 at Thu Jan  1 00:00:37 1970
[   14.023386] PM: Syncing filesystems ... done.
[   14.030065] Freezing user space processes ... (elapsed 0.001 seconds) done.
[   14.038166] OOM killer disabled.
[   14.041382] Freezing remaining freezable tasks ... (elapsed 0.001 seconds) done.
[   14.049914] Suspending console(s) (use no_console_suspend to debug)
[   14.154325] Disabling non-boot CPUs ...
[   14.203927] migrate_irqs: 2 callbacks suppressed
[   14.203931] IRQ17 no longer affine to CPU1
[   14.204131] IRQ346 no longer affine to CPU1
[   14.314082] IRQ347 no longer affine to CPU2
[   14.414029] IRQ348 no longer affine to CPU3
[   14.455652] Entering suspend state LP1
[   14.455652] Suspended for 2.829 seconds
[   14.455672] Enabling non-boot CPUs ...
[   14.486097] CPU1 is up
[   14.526135] CPU2 is up
[   14.566317] CPU3 is up
[   14.567238] pcieport 0000:00:01.0: nv_msi_ht_cap_quirk didn't locate host bridge
[   15.191654] OOM killer enabled.
[   15.194791] Restarting tasks ... done.
root@(none):/# 
root@(none):/# rtcwake -d rtc1 -m mem -s 3
rtcwake: wakeup from "mem" using /dev/rtc1 at Thu Jan  1 00:00:42 1970
[   16.182647] PM: Syncing filesystems ... done.
[   16.188812] Freezing user space processes ... (elapsed 0.001 seconds) done.
[   16.196918] OOM killer disabled.
[   16.200134] Freezing remaining freezable tasks ... (elapsed 0.001 seconds) done.
[   16.208670] Suspending console(s) (use no_console_suspend to debug)
[   16.254194] pci_generic_config_write32: 65 callbacks suppressed
[   16.254209] pci_bus 0000:00: 2-byte config write to 0000:00:01.0 offset 0x9c may corrupt adjacent RW1C bits
[   16.301253] pci_bus 0000:01: 2-byte config write to 0000:01:00.0 offset 0x44 may corrupt adjacent RW1C bits
[   16.301272] pci_bus 0000:01: 2-byte config write to 0000:01:00.0 offset 0x44 may corrupt adjacent RW1C bits
[   16.324310] Disabling non-boot CPUs ...
[   16.373906] IRQ17 no longer affine to CPU1
[   16.374106] IRQ346 no longer affine to CPU1
[   16.474191] IRQ347 no longer affine to CPU2
[   16.583914] IRQ348 no longer affine to CPU3
[   16.625617] Entering suspend state LP1
[   16.625617] Suspended for 2.830 seconds
[   16.625639] Enabling non-boot CPUs ...
[   16.655932] CPU1 is up
[   16.696100] CPU2 is up
[   16.736346] CPU3 is up
[   16.737212] pci_bus 0000:00: 2-byte config write to 0000:00:01.0 offset 0x4c may corrupt adjacent RW1C bits
[   16.737230] pci_bus 0000:00: 2-byte config write to 0000:00:01.0 offset 0x88 may corrupt adjacent RW1C bits
[   16.737238] pci_bus 0000:00: 2-byte config write to 0000:00:01.0 offset 0x90 may corrupt adjacent RW1C bits
[   16.737243] pci_bus 0000:00: 2-byte config write to 0000:00:01.0 offset 0x98 may corrupt adjacent RW1C bits
[   16.737247] pci_bus 0000:00: 2-byte config write to 0000:00:01.0 offset 0x9c may corrupt adjacent RW1C bits
[   16.737270] pci_bus 0000:00: 2-byte config write to 0000:00:01.0 offset 0x52 may corrupt adjacent RW1C bits
[   16.737277] pci_bus 0000:00: 2-byte config write to 0000:00:01.0 offset 0x52 may corrupt adjacent RW1C bits
[   16.737305] pcieport 0000:00:01.0: nv_msi_ht_cap_quirk didn't locate host bridge
[   17.459201] OOM killer enabled.
[   17.462331] Restarting tasks ... done.
root@(none):/# 
root@(none):/# rtcwake -d rtc1 -m mem -s 3
rtcwake: wakeup from "mem" using /dev/rtc1 at Thu Jan  1 00:00:47 1970
[   18.422495] PM: Syncing filesystems ... done.
[   18.428666] Freezing user space processes ... (elapsed 0.001 seconds) done.
[   18.436774] OOM killer disabled.
[   18.439990] Freezing remaining freezable tasks ... (elapsed 0.001 seconds) done.
[   18.448527] Suspending console(s) (use no_console_suspend to debug)
[   18.564245] Disabling non-boot CPUs ...
[   18.613869] IRQ17 no longer affine to CPU1
[   18.614070] IRQ346 no longer affine to CPU1
[   18.855219] Entering suspend state LP1
[   18.855219] Suspended for 2.770 seconds
[   18.855236] Enabling non-boot CPUs ...
[   18.885848] CPU1 is up
[   18.925983] CPU2 is up
[   18.966255] CPU3 is up
[   18.967138] pcieport 0000:00:01.0: nv_msi_ht_cap_quirk didn't locate host bridge
[   19.584556] OOM killer enabled.
[   19.587686] Restarting tasks ... done.
root@(none):/# 
root@(none):/# rtcwake -d rtc1 -m mem -s 3
rtcwake: wakeup from "mem" using /dev/rtc1 at Thu Jan  1 00:00:52 1970
[   20.581953] PM: Syncing filesystems ... done.
[   20.588151] Freezing user space processes ... (elapsed 0.001 seconds) done.
[   20.596260] OOM killer disabled.
[   20.599477] Freezing remaining freezable tasks ... (elapsed 0.001 seconds) done.
[   20.608013] Suspending console(s) (use no_console_suspend to debug)
[   20.724229] Disabling non-boot CPUs ...
[   20.773841] migrate_irqs: 2 callbacks suppressed
[   20.773846] IRQ17 no longer affine to CPU1
[   20.774047] IRQ346 no longer affine to CPU1
[   20.853959] IRQ347 no longer affine to CPU2
[   20.953823] IRQ348 no longer affine to CPU3
[   21.005146] Entering suspend state LP1
[   21.005146] Suspended for 2.850 seconds
[   21.005165] Enabling non-boot CPUs ...
[   21.035764] CPU1 is up
[   21.075947] CPU2 is up
[   21.116216] CPU3 is up
[   21.117112] pcieport 0000:00:01.0: nv_msi_ht_cap_quirk didn't locate host bridge
[   21.750713] OOM killer enabled.
[   21.753849] Restarting tasks ... done.
root@(none):/# 
root@(none):/# rtcwake -d rtc1 -m mem -s 3
rtcwake: wakeup from "mem" using /dev/rtc1 at Thu Jan  1 00:00:57 1970
[   22.741537] PM: Syncing filesystems ... done.
[   22.747723] Freezing user space processes ... (elapsed 0.001 seconds) done.
[   22.755821] OOM killer disabled.
[   22.759037] Freezing remaining freezable tasks ... (elapsed 0.001 seconds) done.
[   22.767577] Suspending console(s) (use no_console_suspend to debug)
[   22.814584] pci_generic_config_write32: 65 callbacks suppressed
[   22.814600] pci_bus 0000:00: 2-byte config write to 0000:00:01.0 offset 0x9c may corrupt adjacent RW1C bits
[   22.859496] pci_bus 0000:01: 2-byte config write to 0000:01:00.0 offset 0x44 may corrupt adjacent RW1C bits
[   22.859513] pci_bus 0000:01: 2-byte config write to 0000:01:00.0 offset 0x44 may corrupt adjacent RW1C bits
[   22.884185] Disabling non-boot CPUs ...
[   22.933792] IRQ17 no longer affine to CPU1
[   22.933996] IRQ346 no longer affine to CPU1
[   23.033920] IRQ347 no longer affine to CPU2
[   23.133777] IRQ348 no longer affine to CPU3
[   23.165183] Entering suspend state LP1
[   23.165183] Suspended for 2.839 seconds
[   23.165200] Enabling non-boot CPUs ...
[   23.195775] CPU1 is up
[   23.235865] CPU2 is up
[   23.276180] CPU3 is up
[   23.277020] pci_bus 0000:00: 2-byte config write to 0000:00:01.0 offset 0x4c may corrupt adjacent RW1C bits
[   23.277041] pci_bus 0000:00: 2-byte config write to 0000:00:01.0 offset 0x88 may corrupt adjacent RW1C bits
[   23.277048] pci_bus 0000:00: 2-byte config write to 0000:00:01.0 offset 0x90 may corrupt adjacent RW1C bits
[   23.277053] pci_bus 0000:00: 2-byte config write to 0000:00:01.0 offset 0x98 may corrupt adjacent RW1C bits
[   23.277060] pci_bus 0000:00: 2-byte config write to 0000:00:01.0 offset 0x9c may corrupt adjacent RW1C bits
[   23.277081] pci_bus 0000:00: 2-byte config write to 0000:00:01.0 offset 0x52 may corrupt adjacent RW1C bits
[   23.277089] pci_bus 0000:00: 2-byte config write to 0000:00:01.0 offset 0x52 may corrupt adjacent RW1C bits
[   23.277119] pcieport 0000:00:01.0: nv_msi_ht_cap_quirk didn't locate host bridge
[   24.006338] OOM killer enabled.
[   24.009466] Restarting tasks ... done.
root@(none):/# 
root@(none):/# rtcwake -d rtc1 -m mem -s 3
rtcwake: wakeup from "mem" using /dev/rtc1 at Thu Jan  1 00:01:02 1970
[   24.874763] PM: Syncing filesystems ... done.
[   24.880933] Freezing user space processes ... (elapsed 0.001 seconds) done.
[   24.889034] OOM killer disabled.
[   24.892251] Freezing remaining freezable tasks ... (elapsed 0.001 seconds) done.
[   24.900784] Suspending console(s) (use no_console_suspend to debug)
[   25.014167] Disabling non-boot CPUs ...
[   25.063769] IRQ17 no longer affine to CPU1
[   25.063973] IRQ346 no longer affine to CPU1
[   25.295202] Entering suspend state LP1
[   25.295202] Suspended for 2.869 seconds
[   25.295221] Enabling non-boot CPUs ...
[   25.325810] CPU1 is up
[   25.365919] CPU2 is up
[   25.406168] CPU3 is up
[   25.407091] pcieport 0000:00:01.0: nv_msi_ht_cap_quirk didn't locate host bridge
[   26.024406] OOM killer enabled.
[   26.027535] Restarting tasks ... done.
root@(none):/# 
root@(none):/# rtcwake -d rtc1 -m mem -s 3
rtcwake: wakeup from "mem" using /dev/rtc1 at Thu Jan  1 00:01:07 1970
[   27.005185] PM: Syncing filesystems ... done.
[   27.010854] Freezing user space processes ... (elapsed 0.001 seconds) done.
[   27.018958] OOM killer disabled.
[   27.022175] Freezing remaining freezable tasks ... (elapsed 0.001 seconds) done.
[   27.030712] Suspending console(s) (use no_console_suspend to debug)
[   27.144125] Disabling non-boot CPUs ...
[   27.203747] migrate_irqs: 2 callbacks suppressed
[   27.203752] IRQ17 no longer affine to CPU1
[   27.203948] IRQ346 no longer affine to CPU1
[   27.304048] IRQ347 no longer affine to CPU2
[   27.413734] IRQ348 no longer affine to CPU3
[   27.435319] Entering suspend state LP1
[   27.435319] Suspended for 2.859 seconds
[   27.435337] Enabling non-boot CPUs ...
[   27.465770] CPU1 is up
[   27.505872] CPU2 is up
[   27.546183] CPU3 is up
[   27.547078] pcieport 0000:00:01.0: nv_msi_ht_cap_quirk didn't locate host bridge
[   28.188323] OOM killer enabled.
[   28.191456] Restarting tasks ... done.
root@(none):/# 
root@(none):/# NVTB SYSTEM SUSPEND TEST COMPLETE
