
U-Boot SPL 2013.04-rc2-06423-gf2e8a87-dirty (May 15 2013 - 09:45:39)


U-Boot 2013.04-rc2-06423-gf2e8a87-dirty (May 15 2013 - 09:45:39)

TEGRA30
Board: NVIDIA Beaver
DRAM:  2 GiB
MMC:   Tegra SD/MMC: 0, Tegra SD/MMC: 1
*** Warning - bad CRC, using default environment

In:    serial
Out:   serial
Err:   serial
Hit any key to stop autoboot:  2  0 
Tegra30 (Beaver) # 
Tegra30 (Beaver) # setenv bootargs 'console=ttyS0,230400n8 noinitrd root=/dev/mmcblk0p1 rw rootwait gpt ignore_loglevel debug'
Tegra30 (Beaver) # loady 0x81000000
## Ready for binary (ymodem) download to 0x81000000 at 230400 bps...
CSending: zImage
Sending: 

Transfer complete
yzModem - CRC mode, 8(SOH)/4089(STX)/0(CAN) packets, 3 retries
## Total Size      = 0x003fe6e0 = 4187872 Bytes
Tegra30 (Beaver) # loady 0x82000000
## Ready for binary (ymodem) download to 0x82000000 at 230400 bps...
CSending: tegra30-beaver.dtb
Sending: 

Transfer complete
xyzModem - CRC mode, 2(SOH)/17(STX)/0(CAN) packets, 3 retries
## Total Size      = 0x0000439d = 17309 Bytes
Tegra30 (Beaver) # bootz 0x81000000 - 0x82000000
## Flattened Device Tree blob at 82000000
   Booting using the fdt blob at 0x82000000
   Loading Device Tree to 8fff8000, end 8ffff39c ... OK

Starting kernel ...

[    0.000000] Booting Linux on physical CPU 0x0
[    0.000000] Initializing cgroup subsys cpu
[    0.000000] Initializing cgroup subsys cpuacct
[    0.000000] Linux version 3.11.0-rc1-next-20130718-12102-gcfda1b6 (pwalmsley@tamien) (gcc version 4.5.1 (Sourcery G++ Lite 2010.09-50) ) #1 SMP PREEMPT Thu Jul 18 14:54:48 PDT 2013
[    0.000000] CPU: ARMv7 Processor [412fc099] revision 9 (ARMv7), cr=10c5387d
[    0.000000] CPU: PIPT / VIPT nonaliasing data cache, VIPT aliasing instruction cache
[    0.000000] Machine: NVIDIA Tegra SoC (Flattened Device Tree), model: NVIDIA Tegra30 Beaver evaluation board
[    0.000000] debug: ignoring loglevel setting.
[    0.000000] Memory policy: ECC disabled, Data cache writealloc
[    0.000000] On node 0 totalpages: 524032
[    0.000000] free_area_init_node: node 0, pgdat c07a9c00, node_mem_map c07ff000
[    0.000000]   Normal zone: 1520 pages used for memmap
[    0.000000]   Normal zone: 0 pages reserved
[    0.000000]   Normal zone: 194560 pages, LIFO batch:31
[    0.000000]   HighMem zone: 2574 pages used for memmap
[    0.000000]   HighMem zone: 329472 pages, LIFO batch:31
[    0.000000] fuse_speedo_calib: ATE prog ver 3.3
[    0.000000] Tegra30: CPU Speedo ID 5, Soc Speedo ID 2
[    0.000000] Tegra Revision: A03 SKU: 128 CPU Process: 4 Core Process: 0
[    0.000000] L310 cache controller enabled
[    0.000000] l2x0: 8 ways, CACHE_ID 0x410000c7, AUX_CTRL 0x7e480001, Cache size: 1048576 B
[    0.000000] PERCPU: Embedded 8 pages/cpu @c1811000 s9472 r8192 d15104 u32768
[    0.000000] pcpu-alloc: s9472 r8192 d15104 u32768 alloc=8*4096
[    0.000000] pcpu-alloc: [0] 0 [0] 1 [0] 2 [0] 3 
[    0.000000] Built 1 zonelists in Zone order, mobility grouping on.  Total pages: 522512
[    0.000000] Kernel command line: console=ttyS0,230400n8 noinitrd root=/dev/mmcblk0p1 rw rootwait gpt ignore_loglevel debug
[    0.000000] PID hash table entries: 4096 (order: 2, 16384 bytes)
[    0.000000] Dentry cache hash table entries: 131072 (order: 7, 524288 bytes)
[    0.000000] Inode-cache hash table entries: 65536 (order: 6, 262144 bytes)
[    0.000000] Memory: 2070524K/2096128K available (5724K kernel code, 258K rwdata, 1616K rodata, 209K init, 337K bss, 25604K reserved, 1317888K highmem)
[    0.000000] Virtual kernel memory layout:
[    0.000000]     vector  : 0xffff0000 - 0xffff1000   (   4 kB)
[    0.000000]     fixmap  : 0xfff00000 - 0xfffe0000   ( 896 kB)
[    0.000000]     vmalloc : 0xf0000000 - 0xff000000   ( 240 MB)
[    0.000000]     lowmem  : 0xc0000000 - 0xef800000   ( 760 MB)
[    0.000000]     pkmap   : 0xbfe00000 - 0xc0000000   (   2 MB)
[    0.000000]     modules : 0xbf000000 - 0xbfe00000   (  14 MB)
[    0.000000]       .text : 0xc0008000 - 0xc0733784   (7342 kB)
[    0.000000]       .init : 0xc0734000 - 0xc0768500   ( 210 kB)
[    0.000000]       .data : 0xc076a000 - 0xc07aa980   ( 259 kB)
[    0.000000]        .bss : 0xc07aa980 - 0xc07fefc8   ( 338 kB)
[    0.000000] Preemptible hierarchical RCU implementation.
[    0.000000] NR_IRQS:16 nr_irqs:16 16
[    0.000000] sched_clock: 32 bits at 1000kHz, resolution 1000ns, wraps every 4294967ms
[    0.000000] Console: colour dummy device 80x30
[    0.000529] Calibrating delay loop... 2786.91 BogoMIPS (lpj=13934592)
[    0.059999] pid_max: default: 32768 minimum: 301
[    0.060361] Mount-cache hash table entries: 512
[    0.069100] Initializing cgroup subsys debug
[    0.069115] Initializing cgroup subsys freezer
[    0.069155] CPU: Testing write buffer coherency: ok
[    0.069527] CPU0: thread -1, cpu 0, socket 0, mpidr 80000000
[    0.069592] Setting up static identity map for 0xc0572ea0 - 0xc0572f38
[    0.239557] CPU1: failed to boot: -110
[    0.260825] CPU2: Booted secondary processor
[    0.319568] CPU2: thread -1, cpu 2, socket 0, mpidr 80000002
[    0.340848] CPU3: Booted secondary processor
[    0.399568] CPU3: thread -1, cpu 3, socket 0, mpidr 80000003
[    0.399638] Brought up 3 CPUs
[    0.399652] SMP: Total of 3 processors activated (8373.86 BogoMIPS).
[    0.399656] CPU: All CPU(s) started in SVC mode.
[    0.400454] devtmpfs: initialized
[    0.411413] pinctrl core: initialized pinctrl subsystem
[    0.411826] regulator-dummy: no parameters
[    0.412198] NET: Registered protocol family 16
[    0.413536] DMA: preallocated 256 KiB pool for atomic coherent allocations
[    0.414075] cpuidle: using governor ladder
[    0.414082] cpuidle: using governor menu
[    0.421708] No ATAGs?
[    0.421730] hw-breakpoint: found 5 (+1 reserved) breakpoint and 1 watchpoint registers.
[    0.421737] hw-breakpoint: maximum watchpoint size is 4 bytes.
[    0.430839] bio: create slab <bio-0> at 0
[    0.431885] vdd_5v_in: 5000 mV 
[    0.431993] platform 1.regulator: Driver reg-fixed-voltage requests probe deferral
[    0.432035] platform 2.regulator: Driver reg-fixed-voltage requests probe deferral
[    0.432185] vdd_5v_sata: 5000 mV 
[    0.432230] vdd_5v_sata: supplied by vdd_5v_in
[    0.432463] usb1_vbus: 5000 mV 
[    0.432486] usb1_vbus: supplied by vdd_5v_in
[    0.432695] usb3_vbus: 5000 mV 
[    0.432716] usb3_vbus: supplied by vdd_5v_in
[    0.432828] platform 6.regulator: Driver reg-fixed-voltage requests probe deferral
[    0.432962] sys_3v3_pexs: 3300 mV 
[    0.432988] reg-fixed-voltage 7.regulator: Failed to find supply vin
[    0.433086] reg-fixed-voltage 7.regulator: Failed to register regulator: -517
[    0.433098] platform 7.regulator: Driver reg-fixed-voltage requests probe deferral
[    0.434569] SCSI subsystem initialized
[    0.434903] usbcore: registered new interface driver usbfs
[    0.434972] usbcore: registered new interface driver hub
[    0.435119] usbcore: registered new device driver usb
[    0.438619] tps62361-vout: 500 <--> 1500 mV at 1160 mV 
[    0.438985] tps65910 4-002d: VMBCH-Threshold not specified
[    0.438993] tps65910 4-002d: VMBCH2-Threshold not specified
[    0.444332] vdd_1v8_gen: 1800 mV 
[    0.444376] vdd_1v8_gen: supplied by vdd_5v_in
[    0.447537] vddio_ddr_1v2: 1200 mV 
[    0.448030] vddio_ddr_1v2: supplied by vdd_5v_in
[    0.451395] vdd_1v5_gen: 1500 mV 
[    0.451427] vdd_1v5_gen: supplied by vdd_5v_in
[    0.454825] vdd_cpu,vdd_sys: 1000 mV 
[    0.457264] vdd_pexa,vdd_pexb: 1050 mV 
[    0.457294] vdd_pexa,vdd_pexb: supplied by vdd_1v5_gen
[    0.460090] vdd_sata,avdd_plle: 1050 mV 
[    0.460123] vdd_sata,avdd_plle: supplied by vdd_1v5_gen
[    0.462581] vdd_rtc: 1200 mV 
[    0.462628] vdd_rtc: supplied by vdd_5v_in
[    0.465089] vddio_sdmmc,avdd_vdac: 3300 mV 
[    0.465120] vddio_sdmmc,avdd_vdac: supplied by vdd_5v_in
[    0.467916] avdd_dsi_csi,pwrdet_mipi: 1200 mV 
[    0.467964] avdd_dsi_csi,pwrdet_mipi: supplied by vdd_1v8_gen
[    0.470430] vdd_pllm,x,u,a_p_c_s: 1200 mV 
[    0.470461] vdd_pllm,x,u,a_p_c_s: supplied by vdd_1v8_gen
[    0.473236] vdd_ddr_hs: 1000 mV 
[    0.473284] vdd_ddr_hs: supplied by vdd_1v8_gen
[    0.473627] Linux video capture interface: v2.00
[    0.474120] platform 7000f010.iommu: Driver tegra-smmu requests probe deferral
[    0.474348] Advanced Linux Sound Architecture Driver Initialized.
[    0.474959] Bluetooth: Core ver 2.16
[    0.475020] NET: Registered protocol family 31
[    0.475025] Bluetooth: HCI device and connection manager initialized
[    0.475049] Bluetooth: HCI socket layer initialized
[    0.475065] Bluetooth: L2CAP socket layer initialized
[    0.475102] Bluetooth: SCO socket layer initialized
[    0.475615] cfg80211: Calling CRDA to update world regulatory domain
[    0.476367] Switched to clocksource timer_us
[    0.486257] NET: Registered protocol family 2
[    0.486941] TCP established hash table entries: 8192 (order: 4, 65536 bytes)
[    0.487040] TCP bind hash table entries: 8192 (order: 4, 65536 bytes)
[    0.487112] TCP: Hash tables configured (established 8192 bind 8192)
[    0.487635] TCP: reno registered
[    0.487648] UDP hash table entries: 512 (order: 2, 16384 bytes)
[    0.487715] UDP-Lite hash table entries: 512 (order: 2, 16384 bytes)
[    0.488090] NET: Registered protocol family 1
[    0.488740] RPC: Registered named UNIX socket transport module.
[    0.488746] RPC: Registered udp transport module.
[    0.488750] RPC: Registered tcp transport module.
[    0.488754] RPC: Registered tcp NFSv4.1 backchannel transport module.
[    0.489712] hw perfevents: enabled with ARMv7 Cortex-A9 PMU driver, 7 counters available
[    0.492034] bounce pool size: 64 pages
[    0.493278] squashfs: version 4.0 (2009/01/31) Phillip Lougher
[    0.493973] msgmni has been set to 1469
[    0.495098] io scheduler noop registered (default)
[    0.499077] tegra-apbdma 6000a000.dma: Tegra20 APB DMA driver register 32 channels
[    0.499478] Serial: 8250/16550 driver, 4 ports, IRQ sharing disabled
[    0.500766] 70006000.serial: ttyS0 at MMIO 0x70006000 (irq = 68) is a Tegra
[    0.891903] console [ttyS0] enabled
[    0.894285] [drm] Initialized drm 1.1.0 20060810
[    0.898394] [drm] Supports vblank timestamp caching Rev 1 (10.10.2010).
[    0.901715] [drm] No driver support for vblank timestamp query.
[    0.904698] tegra-host1x 50000000.host1x: No connectors reported connected with modes
[    0.908667] [drm] Cannot find any crtc or sizes - going 1024x768
[    0.925882] Console: switching to colour frame buffer device 128x48
[    0.935062] tegra-host1x 50000000.host1x: fb0:  frame buffer device
[    0.938221] tegra-host1x 50000000.host1x: registered panic notifier
[    0.941372] [drm] Initialized tegra 0.0.0 20120330 on minor 0
[    0.947797] loop: module loaded
[    0.951862] m25p80 spi32766.1: w25q32 (4096 Kbytes)
[    0.955336] pegasus: v0.9.3 (2013/04/25), Pegasus/Pegasus II USB Ethernet driver
[    0.959146] usbcore: registered new interface driver pegasus
[    0.962050] usbcore: registered new interface driver asix
[    0.964807] usbcore: registered new interface driver ax88179_178a
[    0.967940] usbcore: registered new interface driver cdc_ether
[    0.970916] usbcore: registered new interface driver r815x
[    0.973729] usbcore: registered new interface driver smsc75xx
[    0.976691] usbcore: registered new interface driver smsc95xx
[    0.979623] usbcore: registered new interface driver net1080
[    0.982512] usbcore: registered new interface driver cdc_subset
[    0.985528] usbcore: registered new interface driver zaurus
[    0.988422] usbcore: registered new interface driver cdc_ncm
[    0.991298] ehci_hcd: USB 2.0 'Enhanced' Host Controller (EHCI) Driver
[    0.994570] tegra-ehci: Tegra EHCI driver
[    0.996772] usbcore: registered new interface driver cdc_acm
[    0.999609] cdc_acm: USB Abstract Control Model driver for USB modems and ISDN adapters
[    1.003672] usbcore: registered new interface driver cdc_wdm
[    1.006594] usbcore: registered new interface driver usb-storage
[    1.010041] mousedev: PS/2 mouse device common for all mice
[    1.013820] tegra_rtc 7000e000.rtc: rtc core: registered 7000e000.rtc as rtc0
[    1.017443] tegra_rtc 7000e000.rtc: Tegra internal Real Time Clock
[    1.033418] tps65910-rtc tps65910-rtc: rtc core: registered tps65910-rtc as rtc1
[    1.038442] sdhci: Secure Digital Host Controller Interface driver
[    1.041542] sdhci: Copyright(c) Pierre Ossman
[    1.043726] sdhci-pltfm: SDHCI platform and OF driver helper
[    1.046892] sdhci-tegra 78000000.sdhci: Got CD GPIO #69.
[    1.049569] sdhci-tegra 78000000.sdhci: Got WP GPIO #155.
[    1.052331] mmc0: no vqmmc regulator found
[    1.054388] mmc0: no vmmc regulator found
[    1.056412] mmc0: Invalid maximum block size, assuming 512 bytes
[    1.096379] mmc0: SDHCI controller on 78000000.sdhci [78000000.sdhci] using ADMA
[    1.101187] mmc1: no vqmmc regulator found
[    1.103245] mmc1: no vmmc regulator found
[    1.105255] mmc1: Invalid maximum block size, assuming 512 bytes
[    1.146376] mmc1: SDHCI controller on 78000600.sdhci [78000600.sdhci] using ADMA
[    1.152806] usbcore: registered new interface driver usbhid
[    1.157643] usbhid: USB HID core driver
[    1.304802] mmc1: new high speed MMC card at address 0001
[    1.308045] mmcblk0: mmc1:0001 SEM16G 14.8 GiB 
[    1.310558] mmcblk0boot0: mmc1:0001 SEM16G partition 1 1.00 MiB
[    1.313754] mmcblk0boot1: mmc1:0001 SEM16G partition 2 1.00 MiB
[    1.316959] mmcblk0rpmb: mmc1:0001 SEM16G partition 3 128 KiB
[    1.323719] Primary GPT is invalid, using alternate GPT.
[    1.326419]  mmcblk0: p1 p2 p3 p4 p5
[    1.332149]  mmcblk0boot1: unknown partition table
[    1.337545]  mmcblk0boot0: unknown partition table
[    1.590839] tegra-snd-rt5640 sound.4:  rt5640-aif1 <-> 70080400.i2s mapping ok
[    1.595401] input: NVIDIA Tegra Beaver Headphones as /devices/soc0/sound.4/sound/card0/input0
[    1.600893] TCP: cubic registered
[    1.602751] NET: Registered protocol family 10
[    1.606035] mip6: Mobile IPv6
[    1.607553] sit: IPv6 over IPv4 tunneling driver
[    1.611034] NET: Registered protocol family 17
[    1.613299] NET: Registered protocol family 15
[    1.615677] Bluetooth: RFCOMM socket layer initialized
[    1.618277] Bluetooth: RFCOMM ver 1.11
[    1.620159] Bluetooth: BNEP (Ethernet Emulation) ver 1.3
[    1.622836] Bluetooth: BNEP socket layer initialized
[    1.625324] Bluetooth: HIDP (Human Interface Emulation) ver 1.2
[    1.628315] Bluetooth: HIDP socket layer initialized
[    1.630981] VFP support v0.3: implementor 41 architecture 3 part 30 variant 9 rev 4
[    1.635092] Registering SWP/SWPB emulation handler
[    1.637988] vdd_sata,avdd_plle: disabling
[    1.641680] chargepump_5v: 5000 mV 
[    1.644962] vdd_ddr: 1500 mV 
[    1.646504] vdd_ddr: supplied by vdd_5v_in
[    1.649746] sys_3v3,vdd_3v3_alw: 3300 mV 
[    1.651780] sys_3v3,vdd_3v3_alw: supplied by vdd_5v_in
[    1.654605] sys_3v3_pexs: 3300 mV 
[    1.656331] sys_3v3_pexs: supplied by sys_3v3,vdd_3v3_alw
[    1.659799] tegra_rtc 7000e000.rtc: setting system clock to 1970-01-01 00:03:36 UTC (216)
[    1.664128] ALSA device list:
[    1.665618]   #0: NVIDIA Tegra Beaver
[    1.831928] kjournald starting.  Commit interval 5 seconds
[    1.833712] EXT3-fs (mmcblk0p1): using internal journal
[    1.835293] EXT3-fs (mmcblk0p1): recovery complete
[    1.835296] EXT3-fs (mmcblk0p1): mounted filesystem with writeback data mode
[    1.835377] VFS: Mounted root (ext3 filesystem) on device 179:1.
[    1.837700] devtmpfs: mounted
[    1.837905] Freeing unused kernel memory: 208K (c0734000 - c0768000)
INIT: version 2.88 booting
[info] Using makefile-style concurrent boot in runlevel S.
[....] Starting the hotplug events dispatcher: udevd[    2.728155] udevd[177]: starting version 175
[ ok .
[....] Synthesizing the initial hotplug events...[ ok done.
[....] Waiting for /dev to be fully populated...[ ok done.
[....] Activating swap...[ ok done.
[....] Cleaning up temporary files... /tmp[ ok .
[....] Activating lvm and md swap...[ ok done.
[....] Checking file systems...fsck from util-linux 2.20.1
[ ok done.
[....] Mounting local filesystems...[ ok done.
[....] Activating swapfile swap...[ ok done.
[....] Cleaning up temporary files...[ ok .
[....] Setting kernel variables ...[ ok done.
[....] Configuring network interfaces...[ ok done.
[....] Starting rpcbind daemon...[ ok .
[....] Starting NFS common utilities: statd idmapd[FAIL failed!
[....] Cleaning up temporary files...[ ok .
[....] Starting network benchmark server[ ok .
[....] startpar: service(s) returned failure: nfs-common ...[FAIL failed!
INIT: Entering runlevel: 2
[info] Using makefile-style concurrent boot in runlevel 2.
[....] Starting network benchmark server[FAIL failed!
[....] Starting rpcbind daemon...[....] Already running.[ ok .
[....] Starting system message bus: dbus[ ok .
[....] Starting NFS common utilities: statd idmapd[FAIL failed!
[....] startpar: service(s) returned failure: nfs-common ...[FAIL failed!

Debian GNU/Linux wheezy/sid armel ttyS0

armel login: 