
U-Boot SPL 2014.01-00219-gc4d376f (Feb 18 2014 - 19:57:32)


U-Boot 2014.01-00219-gc4d376f (Feb 18 2014 - 19:57:32)

TEGRA114
Board: NVIDIA Dalmore
I2C:   ready
DRAM:  2 GiB
MMC:   Tegra SD/MMC: 0, Tegra SD/MMC: 1
In:    serial
Out:   serial
Err:   serial
Net:   Net Initialization Skipped
No ethernet found.
Hit any key to stop autoboot:  2  0 
Tegra114 (Dalmore) # 
Tegra114 (Dalmore) # usb reset
(Re)start USB...
USB0:   USB EHCI 1.10
scanning bus 0 for devices... 2 USB Device(s) found
       scanning usb for storage devices... 0 Storage Device(s) found
       scanning usb for ethernet devices... 
Warning: asx0 using MAC address from net device
1 Ethernet Device(s) found
Tegra114 (Dalmore) # setenv bootargs 'ignore_loglevel console=ttyS0,115200n8 rw root=PARTUUID=7369c667-ff51-ec4a-29cd-baabf2fbe346 rootwait gpt debug earlyprintk init=/bin/bash'
Tegra114 (Dalmore) # setenv ipaddr 192.168.100.100; setenv serverip 192.168.100.1; setenv tftpserverip 192.168.100.1
Tegra114 (Dalmore) # tftpboot 0x81000000 zImage.multi_v7_defconfig
Using asx0 device
TFTP from server 192.168.100.1; our IP address is 192.168.100.100
Filename 'zImage.multi_v7_defconfig'.
Load address: 0x81000000
Loading: *#################################################################
	 #################################################################
	 #################################################################
	 #################################################################
	 #################################################################
	 #################################################################
	 #################################################################
	 #################################################################
	 #######################################
	 3.1 MiB/s
done
Bytes transferred = 8200712 (7d2208 hex)
Tegra114 (Dalmore) # tftpboot 0x82000000 tegra114-dalmore.dtb
Using asx0 device
TFTP from server 192.168.100.1; our IP address is 192.168.100.100
Filename 'tegra114-dalmore.dtb'.
Load address: 0x82000000
Loading: *###
	 2.8 MiB/s
done
Bytes transferred = 35036 (88dc hex)
Tegra114 (Dalmore) # bootz 0x81000000 - 0x82000000
Kernel image @ 0x81000000 [ 0x000000 - 0x7d2200 ]
## Flattened Device Tree blob at 82000000
   Booting using the fdt blob at 0x82000000
   Loading Device Tree to 8fff4000, end 8ffff8db ... OK

Starting kernel ...

[    0.000000] Booting Linux on physical CPU 0x0
[    0.000000] Linux version 4.14.0-rc5-next-20171017-207394-ga7dd402 (jonathanh@sellafield) (gcc version 4.7.3 20130328 (prerelease) (crosstool-NG linaro-1.13.1-4.7-2013.04-20130415 - Linaro GCC 2013.04)) #1 SMP Tue Oct 17 14:04:37 PDT 2017
[    0.000000] CPU: ARMv7 Processor [412fc0f2] revision 2 (ARMv7), cr=10c5387d
[    0.000000] CPU: div instructions available: patching division code
[    0.000000] CPU: PIPT / VIPT nonaliasing data cache, PIPT instruction cache
[    0.000000] OF: fdt: Machine model: NVIDIA Tegra114 Dalmore evaluation board
[    0.000000] debug: ignoring loglevel setting.
[    0.000000] Memory policy: Data cache writealloc
[    0.000000] efi: Getting EFI parameters from FDT:
[    0.000000] efi: UEFI not found.
[    0.000000] cma: Reserved 64 MiB at 0xfb800000
[    0.000000] On node 0 totalpages: 524032
[    0.000000] free_area_init_node: node 0, pgdat c1683a40, node_mem_map eeff8000
[    0.000000]   DMA zone: 1536 pages used for memmap
[    0.000000]   DMA zone: 0 pages reserved
[    0.000000]   DMA zone: 196608 pages, LIFO batch:31
[    0.000000]   HighMem zone: 327424 pages, LIFO batch:31
[    0.000000] random: fast init done
[    0.000000] percpu: Embedded 17 pages/cpu @eef9a000 s39744 r8192 d21696 u69632
[    0.000000] pcpu-alloc: s39744 r8192 d21696 u69632 alloc=17*4096
[    0.000000] pcpu-alloc: [0] 0 [0] 1 [0] 2 [0] 3 
[    0.000000] Built 1 zonelists, mobility grouping on.  Total pages: 522496
[    0.000000] Kernel command line: ignore_loglevel console=ttyS0,115200n8 rw root=PARTUUID=7369c667-ff51-ec4a-29cd-baabf2fbe346 rootwait gpt debug earlyprintk init=/bin/bash
[    0.000000] Dentry cache hash table entries: 131072 (order: 7, 524288 bytes)
[    0.000000] Inode-cache hash table entries: 65536 (order: 6, 262144 bytes)
[    0.000000] Memory: 1992536K/2096128K available (11264K kernel code, 1614K rwdata, 4520K rodata, 2048K init, 403K bss, 38056K reserved, 65536K cma-reserved, 1244160K highmem)
[    0.000000] Virtual kernel memory layout:
[    0.000000]     vector  : 0xffff0000 - 0xffff1000   (   4 kB)
[    0.000000]     fixmap  : 0xffc00000 - 0xfff00000   (3072 kB)
[    0.000000]     vmalloc : 0xf0800000 - 0xff800000   ( 240 MB)
[    0.000000]     lowmem  : 0xc0000000 - 0xf0000000   ( 768 MB)
[    0.000000]     pkmap   : 0xbfe00000 - 0xc0000000   (   2 MB)
[    0.000000]     modules : 0xbf000000 - 0xbfe00000   (  14 MB)
[    0.000000]       .text : 0xc0208000 - 0xc0e00000   (12256 kB)
[    0.000000]       .init : 0xc1300000 - 0xc1500000   (2048 kB)
[    0.000000]       .data : 0xc1500000 - 0xc169399c   (1615 kB)
[    0.000000]        .bss : 0xc169399c - 0xc16f88fc   ( 404 kB)
[    0.000000] SLUB: HWalign=64, Order=0-3, MinObjects=0, CPUs=4, Nodes=1
[    0.000000] Hierarchical RCU implementation.
[    0.000000] 	RCU event tracing is enabled.
[    0.000000] 	RCU restricting CPUs from NR_CPUS=16 to nr_cpu_ids=4.
[    0.000000] RCU: Adjusting geometry for rcu_fanout_leaf=16, nr_cpu_ids=4
[    0.000000] NR_IRQS: 16, nr_irqs: 16, preallocated irqs: 16
[    0.000000] /interrupt-controller@60004000: 160 interrupts forwarded to /interrupt-controller@50041000
[    0.000000] Tegra clk 127: register failed with -17
[    0.000008] sched_clock: 32 bits at 1000kHz, resolution 1000ns, wraps every 2147483647500ns
[    0.000028] clocksource: timer_us: mask: 0xffffffff max_cycles: 0xffffffff, max_idle_ns: 1911260446275 ns
[    0.000044] Switching to timer-based delay loop, resolution 1000ns
[    0.003232] arch_timer: cp15 timer(s) running at 12.00MHz (virt).
[    0.003250] clocksource: arch_sys_counter: mask: 0xffffffffffffff max_cycles: 0x2c47f4ee7, max_idle_ns: 440795202497 ns
[    0.003269] sched_clock: 56 bits at 12MHz, resolution 83ns, wraps every 4398046511096ns
[    0.003284] Switching to timer-based delay loop, resolution 83ns
[    0.003702] Console: colour dummy device 80x30
[    0.003737] Calibrating delay loop (skipped), value calculated using timer frequency.. 24.00 BogoMIPS (lpj=120000)
[    0.003755] pid_max: default: 32768 minimum: 301
[    0.003876] Mount-cache hash table entries: 2048 (order: 1, 8192 bytes)
[    0.003891] Mountpoint-cache hash table entries: 2048 (order: 1, 8192 bytes)
[    0.004410] CPU: Testing write buffer coherency: ok
[    0.004671] /cpus/cpu@0 missing clock-frequency property
[    0.004703] /cpus/cpu@1 missing clock-frequency property
[    0.004733] /cpus/cpu@2 missing clock-frequency property
[    0.004766] /cpus/cpu@3 missing clock-frequency property
[    0.004779] CPU0: thread -1, cpu 0, socket 0, mpidr 80000000
[    0.005093] Setting up static identity map for 0x80300000 - 0x803000a0
[    0.006330] Hierarchical SRCU implementation.
[    0.007701] Tegra Revision: A01 SKU: 0 CPU Process: 1 SoC Process: 0
[    0.008344] EFI services will not be available.
[    0.008508] smp: Bringing up secondary CPUs ...
[    0.009107] CPU1: thread -1, cpu 1, socket 0, mpidr 80000001
[    0.009799] CPU2: thread -1, cpu 2, socket 0, mpidr 80000002
[    0.010480] CPU3: thread -1, cpu 3, socket 0, mpidr 80000003
[    0.010585] smp: Brought up 1 node, 4 CPUs
[    0.010607] SMP: Total of 4 processors activated (96.00 BogoMIPS).
[    0.010616] CPU: All CPU(s) started in SVC mode.
[    0.012130] devtmpfs: initialized
[    0.020285] VFP support v0.3: implementor 41 architecture 4 part 30 variant f rev 0
[    0.020597] clocksource: jiffies: mask: 0xffffffff max_cycles: 0xffffffff, max_idle_ns: 19112604462750000 ns
[    0.020617] futex hash table entries: 1024 (order: 4, 65536 bytes)
[    0.022050] pinctrl core: initialized pinctrl subsystem
[    0.023386] DMI not present or invalid.
[    0.023646] NET: Registered protocol family 16
[    0.025819] DMA: preallocated 256 KiB pool for atomic coherent allocations
[    0.027818] cpuidle: using governor menu
[    0.049589] No ATAGs?
[    0.049720] hw-breakpoint: found 5 (+1 reserved) breakpoint and 4 watchpoint registers.
[    0.049737] hw-breakpoint: maximum watchpoint size is 8 bytes.
[    0.055184] Serial: AMBA PL011 UART driver
[    0.056101] tegra-mc 70019000.memory-controller: no memory timings for RAM code 3 registered
[    0.056228] iommu: Adding device reg-dummy to group 0
[    0.056270] iommu: Adding device 50000000.host1x to group 1
[    0.056309] iommu: Adding device 54140000.gr2d to group 2
[    0.056343] iommu: Adding device 54180000.gr3d to group 3
[    0.056413] iommu: Adding device 54200000.dc to group 4
[    0.056482] iommu: Adding device 54240000.dc to group 5
[    0.056516] iommu: Adding device 54280000.hdmi to group 6
[    0.056549] iommu: Adding device 54300000.dsi to group 7
[    0.056586] iommu: Adding device 60005000.timer to group 8
[    0.056619] iommu: Adding device 60007000.flow-controller to group 9
[    0.056652] iommu: Adding device 6000a000.dma to group 10
[    0.056684] iommu: Adding device 6000c000.ahb to group 11
[    0.056722] iommu: Adding device 6000d000.gpio to group 12
[    0.056755] iommu: Adding device 70000800.apbmisc to group 13
[    0.056786] iommu: Adding device 70000868.pinmux to group 14
[    0.056819] iommu: Adding device 70006300.serial to group 15
[    0.056851] iommu: Adding device 7000a000.pwm to group 16
[    0.056892] iommu: Adding device 7000c000.i2c to group 17
[    0.056927] iommu: Adding device 7000c700.i2c to group 18
[    0.056959] iommu: Adding device 7000d000.i2c to group 19
[    0.056992] iommu: Adding device 7000da00.spi to group 20
[    0.057024] iommu: Adding device 7000e000.rtc to group 21
[    0.057057] iommu: Adding device 7000e400.pmc to group 22
[    0.057098] iommu: Adding device 7000f800.fuse to group 23
[    0.057132] iommu: Adding device 70019000.memory-controller to group 24
[    0.057170] iommu: Adding device 70080000.ahub to group 25
[    0.057203] iommu: Adding device 700e3000.mipi to group 26
[    0.057235] iommu: Adding device 78000400.sdhci to group 27
[    0.057267] iommu: Adding device 78000600.sdhci to group 28
[    0.057300] iommu: Adding device 7d000000.usb to group 29
[    0.057334] iommu: Adding device 7d000000.usb-phy to group 30
[    0.057367] iommu: Adding device 7d008000.usb to group 31
[    0.057401] iommu: Adding device 7d008000.usb-phy to group 32
[    0.057433] iommu: Adding device timer to group 33
[    0.057474] iommu: Adding device backlight to group 34
[    0.057507] iommu: Adding device clocks to group 35
[    0.057538] iommu: Adding device gpio-keys to group 36
[    0.057572] iommu: Adding device regulators to group 37
[    0.057605] iommu: Adding device regulators:regulator@0 to group 38
[    0.057638] iommu: Adding device regulators:regulator@1 to group 39
[    0.057671] iommu: Adding device regulators:regulator@3 to group 40
[    0.057705] iommu: Adding device regulators:regulator@4 to group 41
[    0.057743] iommu: Adding device regulators:regulator@5 to group 42
[    0.057777] iommu: Adding device regulators:regulator@6 to group 43
[    0.057816] iommu: Adding device regulators:regulator@7 to group 44
[    0.057849] iommu: Adding device sound to group 45
[    0.072094] AT91: Could not find identification node
[    0.072578] dvdd_ts: Failed to request enable GPIO61: -517
[    0.072600] reg-fixed-voltage regulators:regulator@1: Failed to register regulator: -517
[    0.072708] usb1_vbus: Failed to request enable GPIO108: -517
[    0.072722] reg-fixed-voltage regulators:regulator@3: Failed to register regulator: -517
[    0.072825] usb2_vbus: Failed to request enable GPIO86: -517
[    0.072839] reg-fixed-voltage regulators:regulator@4: Failed to register regulator: -517
[    0.073307] VDD_5V0_HDMI_CON: Failed to request enable GPIO81: -517
[    0.073322] reg-fixed-voltage regulators:regulator@7: Failed to register regulator: -517
[    0.075720] vgaarb: loaded
[    0.076420] SCSI subsystem initialized
[    0.076596] libata version 3.00 loaded.
[    0.076796] usbcore: registered new interface driver usbfs
[    0.076847] usbcore: registered new interface driver hub
[    0.076915] usbcore: registered new device driver usb
[    0.080179] tps65090 2-0048: No cache defaults, reading back from HW
[    0.081187] iommu: Adding device tps65090-pmic to group 46
[    0.082131] TPS65090_RAILSDCDC1: supplied by vdd_ac_bat
[    0.083193] TPS65090_RAILSDCDC2: supplied by vdd_ac_bat
[    0.084242] TPS65090_RAILSDCDC3: supplied by vdd_ac_bat
[    0.084747] TPS65090_RAILSFET1: supplied by vdd_ac_bat
[    0.085112] TPS65090_RAILSFET2: supplied by vdd_ac_bat
[    0.085453] TPS65090_RAILSFET3: supplied by vdd-sys-3v3
[    0.085968] TPS65090_RAILSFET4: supplied by vdd-sys-3v3
[    0.086484] TPS65090_RAILSFET5: supplied by vdd-sys-3v3
[    0.086990] TPS65090_RAILSFET6: supplied by vdd-sys-3v3
[    0.087816] TPS65090_RAILSFET7: supplied by vdd-sys-3v3
[    0.088333] TPS65090_RAILSLDO1: supplied by vdd_ac_bat
[    0.088529] TPS65090_RAILSLDO2: supplied by vdd_ac_bat
[    0.088851] iommu: Adding device tps65090-charger to group 47
[    0.089452] palmas 2-0058: Irq flag is 0x00000004
[    0.091407] palmas 2-0058: Muxing GPIO ff, PWM 0, LED 0
[    0.091645] iommu: Adding device 7000d000.i2c:tps65913@58:gpio to group 48
[    0.092177] iommu: Adding device 7000d000.i2c:tps65913@58:pmic to group 49
[    0.094011] SMPS12: supplied by vdd-ao
[    0.094997] vdd_hdmi_5v0: supplied by vdd-sys-5v0
[    0.095807] SMPS3: supplied by vdd-ao
[    0.097530] SMPS457: supplied by vdd-sys-3v3
[    0.099144] SMPS6: supplied by regulator-dummy
[    0.100541] SMPS8: supplied by vdd-sys-3v3
[    0.102116] SMPS9: supplied by vdd-sys-3v3
[    0.102632] sdhci-vdd-sd-slot: Bringing 2840000uV into 2800000-2800000uV
[    0.104084] SMPS10_OUT2: supplied by regulator-dummy
[    0.104906] SMPS10_OUT1: supplied by regulator-dummy
[    0.105739] LDO1: supplied by vdd-sys-3v3
[    0.106830] LDO2: supplied by vdd-sys-3v3
[    0.107940] LDO3: supplied by vddio-1v8
[    0.109025] LDO4: supplied by vdd-sys-3v3
[    0.110124] LDO5: supplied by vdd_ac_bat
[    0.110796] LDO6: supplied by vdd-sys-3v3
[    0.111306] vdd-sensor-2v85: Bringing 2900000uV into 2850000-2850000uV
[    0.112622] LDO7: supplied by vdd-sys-3v3
[    0.114269] LDO8: supplied by vdd-ao
[    0.114795] vdd-rtc: Bringing 675000uV into 900000-900000uV
[    0.123965] LDO9: supplied by sdhci-vdd-sd-slot
[    0.134283] LDOLN: supplied by vdd-sys-5v0
[    0.135389] LDOUSB: supplied by vdd-sys-5v0
[    0.145721] iommu: Adding device 7000d000.i2c:tps65913@58:rtc to group 50
[    0.146146] iommu: Adding device 7000d000.i2c:tps65913@58:pinmux to group 51
[    0.146705] pps_core: LinuxPPS API ver. 1 registered
[    0.146716] pps_core: Software ver. 5.3.6 - Copyright 2005-2007 Rodolfo Giometti <giometti@linux.it>
[    0.146738] PTP clock support registered
[    0.146924] EDAC MC: Ver: 3.0.0
[    0.147211] dmi: Firmware registration failed.
[    0.149003] clocksource: Switched to clocksource arch_sys_counter
[    0.200523] NET: Registered protocol family 2
[    0.201030] TCP established hash table entries: 8192 (order: 3, 32768 bytes)
[    0.201130] TCP bind hash table entries: 8192 (order: 4, 65536 bytes)
[    0.201318] TCP: Hash tables configured (established 8192 bind 8192)
[    0.201402] UDP hash table entries: 512 (order: 2, 16384 bytes)
[    0.201446] UDP-Lite hash table entries: 512 (order: 2, 16384 bytes)
[    0.201598] NET: Registered protocol family 1
[    0.202000] RPC: Registered named UNIX socket transport module.
[    0.202011] RPC: Registered udp transport module.
[    0.202021] RPC: Registered tcp transport module.
[    0.202030] RPC: Registered tcp NFSv4.1 backchannel transport module.
[    0.202043] PCI: CLS 0 bytes, default 64
[    0.203478] iommu: Adding device alarmtimer to group 52
[    0.204204] Initialise system trusted keyrings
[    0.204343] workingset: timestamp_bits=30 max_order=19 bucket_order=0
[    0.211289] squashfs: version 4.0 (2009/01/31) Phillip Lougher
[    0.211912] NFS: Registering the id_resolver key type
[    0.211936] Key type id_resolver registered
[    0.211946] Key type id_legacy registered
[    0.211989] ntfs: driver 2.1.32 [Flags: R/O].
[    0.213691] Key type asymmetric registered
[    0.213704] Asymmetric key parser 'x509' registered
[    0.213759] bounce: pool size: 64 pages
[    0.213812] Block layer SCSI generic (bsg) driver version 0.4 loaded (major 247)
[    0.213824] io scheduler noop registered
[    0.213834] io scheduler deadline registered
[    0.214056] io scheduler cfq registered (default)
[    0.214067] io scheduler mq-deadline registered
[    0.214077] io scheduler kyber registered
[    0.245743] tegra-apbdma 6000a000.dma: Tegra20 APB DMA driver register 32 channels
[    0.248376] tegra-pmc 7000e400.pmc: i2c-thermtrip node not found, emergency thermal reset disabled.
[    0.300212] Serial: 8250/16550 driver, 4 ports, IRQ sharing disabled
[    0.300316] iommu: Adding device serial8250 to group 53
[    0.302917] console [ttyS0] disabled
[    0.302960] 70006300.serial: ttyS0 at MMIO 0x70006300 (irq = 329, base_baud = 25500000) is a Tegra
[    1.626609] console [ttyS0] enabled
[    1.630890] SuperH (H)SCI(F) driver initialized
[    1.636391] msm_serial: driver initialized
[    1.640682] STMicroelectronics ASC driver initialized
[    1.651472] tegra-hdmi 54280000.hdmi: failed to get HDMI regulator
[    1.673423] brd: module loaded
[    1.683142] loop: module loaded
[    1.693778] ------------[ cut here ]------------
[    1.698407] WARNING: CPU: 0 PID: 1 at ./include/linux/idr.h:113 spi_register_controller+0x57c/0x614
[    1.707465] Modules linked in:
[    1.710569] CPU: 0 PID: 1 Comm: swapper/0 Not tainted 4.14.0-rc5-next-20171017-207394-ga7dd402 #1
[    1.719428] Hardware name: NVIDIA Tegra SoC (Flattened Device Tree)
[    1.725706] [<c03118f8>] (unwind_backtrace) from [<c030ca48>] (show_stack+0x10/0x14)
[    1.733446] [<c030ca48>] (show_stack) from [<c0cf2df8>] (dump_stack+0x84/0xa4)
[    1.740670] [<c0cf2df8>] (dump_stack) from [<c0341fc4>] (__warn+0xd8/0x104)
[    1.747630] [<c0341fc4>] (__warn) from [<c0342010>] (warn_slowpath_null+0x20/0x28)
[    1.755196] [<c0342010>] (warn_slowpath_null) from [<c095df7c>] (spi_register_controller+0x57c/0x614)
[    1.764411] [<c095df7c>] (spi_register_controller) from [<c095e048>] (devm_spi_register_controller+0x34/0x70)
[    1.774319] [<c095e048>] (devm_spi_register_controller) from [<c096f1d4>] (tegra_spi_probe+0x298/0x35c)
[    1.783706] [<c096f1d4>] (tegra_spi_probe) from [<c089f028>] (platform_drv_probe+0x50/0xb0)
[    1.792054] [<c089f028>] (platform_drv_probe) from [<c089d75c>] (driver_probe_device+0x238/0x2e4)
[    1.800921] [<c089d75c>] (driver_probe_device) from [<c089d8b4>] (__driver_attach+0xac/0xb0)
[    1.809354] [<c089d8b4>] (__driver_attach) from [<c089be08>] (bus_for_each_dev+0x54/0x88)
[    1.817526] [<c089be08>] (bus_for_each_dev) from [<c089ccb4>] (bus_add_driver+0xe4/0x1f0)
[    1.825698] [<c089ccb4>] (bus_add_driver) from [<c089e35c>] (driver_register+0x78/0xf4)
[    1.833698] [<c089e35c>] (driver_register) from [<c03021dc>] (do_one_initcall+0x48/0x18c)
[    1.841871] [<c03021dc>] (do_one_initcall) from [<c1300dc4>] (kernel_init_freeable+0x10c/0x1d0)
[    1.850566] [<c1300dc4>] (kernel_init_freeable) from [<c0d06664>] (kernel_init+0x8/0x114)
[    1.858739] [<c0d06664>] (kernel_init) from [<c0308310>] (ret_from_fork+0x14/0x24)
[    1.866322] ---[ end trace 7b9e35a0c78f490f ]---
[    1.870945] ------------[ cut here ]------------
[    1.875563] WARNING: CPU: 0 PID: 1 at drivers/spi/spi.c:2123 spi_register_controller+0x4a0/0x614
[    1.884347] couldn't get idr
[    1.884353] Modules linked in:
[    1.890292] CPU: 0 PID: 1 Comm: swapper/0 Tainted: G        W        4.14.0-rc5-next-20171017-207394-ga7dd402 #1
[    1.900448] Hardware name: NVIDIA Tegra SoC (Flattened Device Tree)
[    1.906714] [<c03118f8>] (unwind_backtrace) from [<c030ca48>] (show_stack+0x10/0x14)
[    1.914450] [<c030ca48>] (show_stack) from [<c0cf2df8>] (dump_stack+0x84/0xa4)
[    1.921668] [<c0cf2df8>] (dump_stack) from [<c0341fc4>] (__warn+0xd8/0x104)
[    1.928627] [<c0341fc4>] (__warn) from [<c0342090>] (warn_slowpath_fmt+0x38/0x48)
[    1.936107] [<c0342090>] (warn_slowpath_fmt) from [<c095dea0>] (spi_register_controller+0x4a0/0x614)
[    1.945232] [<c095dea0>] (spi_register_controller) from [<c095e048>] (devm_spi_register_controller+0x34/0x70)
[    1.955137] [<c095e048>] (devm_spi_register_controller) from [<c096f1d4>] (tegra_spi_probe+0x298/0x35c)
[    1.964521] [<c096f1d4>] (tegra_spi_probe) from [<c089f028>] (platform_drv_probe+0x50/0xb0)
[    1.972865] [<c089f028>] (platform_drv_probe) from [<c089d75c>] (driver_probe_device+0x238/0x2e4)
[    1.981730] [<c089d75c>] (driver_probe_device) from [<c089d8b4>] (__driver_attach+0xac/0xb0)
[    1.990163] [<c089d8b4>] (__driver_attach) from [<c089be08>] (bus_for_each_dev+0x54/0x88)
[    1.998333] [<c089be08>] (bus_for_each_dev) from [<c089ccb4>] (bus_add_driver+0xe4/0x1f0)
[    2.006505] [<c089ccb4>] (bus_add_driver) from [<c089e35c>] (driver_register+0x78/0xf4)
[    2.014502] [<c089e35c>] (driver_register) from [<c03021dc>] (do_one_initcall+0x48/0x18c)
[    2.022673] [<c03021dc>] (do_one_initcall) from [<c1300dc4>] (kernel_init_freeable+0x10c/0x1d0)
[    2.031365] [<c1300dc4>] (kernel_init_freeable) from [<c0d06664>] (kernel_init+0x8/0x114)
[    2.039537] [<c0d06664>] (kernel_init) from [<c0308310>] (ret_from_fork+0x14/0x24)
[    2.047111] ---[ end trace 7b9e35a0c78f4910 ]---
[    2.051738] spi-tegra114 7000da00.spi: can not register to master err -22
[    2.058682] spi-tegra114: probe of 7000da00.spi failed with error -22
[    2.066559] iommu: Adding device Fixed MDIO bus.0 to group 54
[    2.072766] libphy: Fixed MDIO Bus: probed
[    2.077874] CAN device driver interface
[    2.082551] bgmac_bcma: Broadcom 47xx GBit MAC driver loaded
[    2.089433] e1000e: Intel(R) PRO/1000 Network Driver - 3.2.6-k
[    2.095257] e1000e: Copyright(c) 1999 - 2015 Intel Corporation.
[    2.101234] igb: Intel(R) Gigabit Ethernet Network Driver - version 5.4.0-k
[    2.108183] igb: Copyright (c) 2007-2014 Intel Corporation.
[    2.117168] pegasus: v0.9.3 (2013/04/25), Pegasus/Pegasus II USB Ethernet driver
[    2.124622] usbcore: registered new interface driver pegasus
[    2.130329] usbcore: registered new interface driver asix
[    2.135750] usbcore: registered new interface driver ax88179_178a
[    2.141889] usbcore: registered new interface driver cdc_ether
[    2.147755] usbcore: registered new interface driver smsc75xx
[    2.153552] usbcore: registered new interface driver smsc95xx
[    2.159341] usbcore: registered new interface driver net1080
[    2.165019] usbcore: registered new interface driver cdc_subset
[    2.170975] usbcore: registered new interface driver zaurus
[    2.176588] usbcore: registered new interface driver cdc_ncm
[    2.182488] tegra-phy 7d000000.usb-phy: no vbus regulator
[    2.189939] ehci_hcd: USB 2.0 'Enhanced' Host Controller (EHCI) Driver
[    2.196458] ehci-pci: EHCI PCI platform driver
[    2.200951] ehci-platform: EHCI generic platform driver
[    2.206350] ehci-orion: EHCI orion driver
[    2.210517] SPEAr-ehci: EHCI SPEAr driver
[    2.214647] ehci-st: EHCI STMicroelectronics driver
[    2.219666] ehci-exynos: EHCI EXYNOS driver
[    2.223992] ehci-atmel: EHCI Atmel driver
[    2.228120] tegra-ehci: Tegra EHCI driver
[    2.232440] ohci_hcd: USB 1.1 'Open' Host Controller (OHCI) Driver
[    2.238622] ohci-pci: OHCI PCI platform driver
[    2.243118] ohci-platform: OHCI generic platform driver
[    2.248500] SPEAr-ohci: OHCI SPEAr driver
[    2.252650] ohci-st: OHCI STMicroelectronics driver
[    2.257647] ohci-atmel: OHCI Atmel driver
[    2.262347] usbcore: registered new interface driver usb-storage
[    2.272435] iommu: Adding device ci_hdrc.0 to group 55
[    2.286260] palmas-rtc 7000d000.i2c:tps65913@58:rtc: rtc core: registered 7000d000.i2c:tps65913@58:rtc as rtc0
[    2.298037] tegra_rtc 7000e000.rtc: rtc core: registered 7000e000.rtc as rtc1
[    2.305239] tegra_rtc 7000e000.rtc: Tegra internal Real Time Clock
[    2.311944] i2c /dev entries driver
[    2.321889] sbs-battery 0-000b: sbs_probe: Failed to get device status
[    2.328422] sbs-battery: probe of 0-000b failed with error -121
[    2.344623] sdhci: Secure Digital Host Controller Interface driver
[    2.350819] sdhci: Copyright(c) Pierre Ossman
[    2.356629] Synopsys Designware Multimedia Card Interface Driver
[    2.363989] sdhci-pltfm: SDHCI platform and OF driver helper
[    2.370395] sdhci-tegra 78000400.sdhci: Got CD GPIO
[    2.375283] sdhci-tegra 78000400.sdhci: Got WP GPIO
[    2.388394] mmc0: Invalid maximum block size, assuming 512 bytes
[    2.459154] mmc0: SDHCI controller on 78000400.sdhci [78000400.sdhci] using ADMA
[    2.475852] mmc1: Invalid maximum block size, assuming 512 bytes
[    2.539047] mmc1: SDHCI controller on 78000600.sdhci [78000600.sdhci] using ADMA
[    2.548420] ledtrig-cpu: registered to indicate activity on CPUs
[    2.554770] usbcore: registered new interface driver usbhid
[    2.560356] usbhid: USB HID core driver
[    2.568001] NET: Registered protocol family 10
[    2.573330] Segment Routing with IPv6
[    2.577130] sit: IPv6, IPv4 and MPLS over IPv4 tunneling driver
[    2.583610] NET: Registered protocol family 17
[    2.588056] can: controller area network core (rev 20170425 abi 9)
[    2.594308] NET: Registered protocol family 29
[    2.598747] can: raw protocol (rev 20170425)
[    2.603036] can: broadcast manager protocol (rev 20170425 t)
[    2.608692] can: netlink gateway (rev 20170425) max_hops=1
[    2.614481] Key type dns_resolver registered
[    2.619254] ThumbEE CPU extension supported.
[    2.623524] Registering SWP/SWPB emulation handler
[    2.628840] Loading compiled-in X.509 certificates
[    2.645916] mmc0: new high speed SDHC card at address aaaa
[    2.647866] usb1_vbus: supplied by vdd-sys-5v0
[    2.649318] usb2_vbus: supplied by vdd-sys-5v0
[    2.652957] VDD_5V0_HDMI_CON: supplied by vdd-sys-5v0
[    2.666292] mmcblk0: mmc0:aaaa SL16G 14.8 GiB 
[    2.667796] [drm] Supports vblank timestamp caching Rev 2 (21.10.2013).
[    2.667799] [drm] No driver support for vblank timestamp query.
[    2.701011] mmc1: new high speed MMC card at address 0001
[    2.701775]  mmcblk0: p1 p2 p3
[    2.702634] mmcblk1: mmc1:0001 SEM32G 29.1 GiB 
[    2.703105] mmcblk1boot0: mmc1:0001 SEM32G partition 1 4.00 MiB
[    2.703546] mmcblk1boot1: mmc1:0001 SEM32G partition 2 4.00 MiB
[    2.703730] mmcblk1rpmb: mmc1:0001 SEM32G partition 3 4.00 MiB, chardev (237:0)
[    2.706190]  mmcblk1: p1 p2 p3 p4 p5 p6 p7 p8
[    2.763827] Console: switching to colour frame buffer device 240x75
[    2.840017] drm drm: fb0:  frame buffer device
[    2.844569] [drm] Initialized tegra 0.0.0 20120330 for drm on minor 0
[    2.854322] tegra-ehci 7d008000.usb: EHCI Host Controller
[    2.859793] tegra-ehci 7d008000.usb: new USB bus registered, assigned bus number 1
[    2.868016] tegra-ehci 7d008000.usb: irq 340, io mem 0x7d008000
[    2.899136] tegra-ehci 7d008000.usb: USB 2.0 started, EHCI 1.10
[    2.906233] hub 1-0:1.0: USB hub found
[    2.910104] hub 1-0:1.0: 1 port detected
[    2.915820] input: gpio-keys as /devices/soc0/gpio-keys/input/input0
[    2.924762] palmas-rtc 7000d000.i2c:tps65913@58:rtc: setting system clock to 2000-03-10 04:04:03 UTC (952661043)
[    2.940750] dvdd_ts: disabling
[    2.943809] usb1_vbus: disabling
[    2.947034] vdd_cam_1v8_reg: disabling
[    2.952490] EXT4-fs (mmcblk1p1): mounting ext3 file system using the ext4 subsystem
[    3.021637] EXT4-fs (mmcblk1p1): recovery complete
[    3.027816] EXT4-fs (mmcblk1p1): mounted filesystem with ordered data mode. Opts: (null)
[    3.036016] VFS: Mounted root (ext3 filesystem) on device 179:17.
[    3.046164] devtmpfs: mounted
[    3.051161] Freeing unused kernel memory: 2048K
bash: cannot set terminal process group (-1): Inappropriate ioctl for device
bash: no job control in this shell
root@(none):/# [    3.279166] usb 1-1: new high-speed USB device number 2 using tegra-ehci
