

U-Boot 2011.03 (Jun 11 2013 - 06:07:37)

T114
Board: NVIDIA Dalmore
DRAM:  2 GiB
MMC:   Tegra2 SD/MMC: 0, Tegra2 SD/MMC: 1
In:    serial
Out:   serial
Err:   serial
Net:   Net Initialization Skipped
No ethernet found.
Hit any key to stop autoboot:  2  1  0 
Dalmore #
Dalmore #usb reset
(Re)start USB...
USB:   Register 10011 NbrPorts 1
USB EHCI 1.10
scanning bus for devices... 2 USB Device(s) found
       scanning bus for storage devices... 0 Storage Device(s) found
       scanning bus for ethernet devices... 1 Ethernet Device(s) found
Dalmore #setenv bootargs 'ignore_loglevel console=ttyS0,115200n8 rw root=/dev/mmcblk0p1 rootwait gpt init=/bin/bash'
Dalmore #setenv ipaddr 192.168.100.100; setenv serverip 192.168.100.1; setenv tftpserverip 192.168.100.1
Dalmore #tftpboot 0x81000000 zImage.tegra_defconfig%tegra114_mergeconfig
Waiting for Ethernet connection... done.
Using asx0 device
TFTP from server 192.168.100.1; our IP address is 192.168.100.100
Filename 'zImage.tegra_defconfig%tegra114_mergeconfig'.
Load address: 0x81000000
Loading: *#################################################  2.7 MiB/s
done
Bytes transferred = 4444960 (43d320 hex)
Dalmore #tftpboot 0x82000000 tegra114-dalmore.dtb
Using asx0 device
TFTP from server 192.168.100.1; our IP address is 192.168.100.100
Filename 'tegra114-dalmore.dtb'.
Load address: 0x82000000
Loading: *#################################################  2.6 MiB/s
done
Bytes transferred = 29436 (72fc hex)
Dalmore #bootz 0x81000000 - 0x82000000
## Flattened Device Tree blob at 82000000
   Booting using the fdt blob at 0x82000000
   Loading Device Tree to 81ff5000, end 81fff2fb ... OK

Starting kernel ...

Timer summary in microseconds:
       Mark    Elapsed  Stage
          0          0  awake
  2,995,675  2,995,675  usb_start
  7,000,544  4,004,869  eth_start
  7,000,541         -3  tftp start
 11,038,425  4,037,884  tftp done
 13,010,801  1,972,376  start_kernel
Uncompressing Linux... done, booting the kernel.
[    0.000000] Booting Linux on physical CPU 0x0
[    0.000000] Initializing cgroup subsys cpu
[    0.000000] Initializing cgroup subsys cpuacct
[    0.000000] Linux version 3.12.0-rc1-11242-ge03b49d (pwalmsley@kaivo) (gcc version 4.5.1 (Sourcery G++ Lite 2010.09-50) ) #1 SMP PREEMPT Wed Oct 16 04:01:41 PDT 2013
[    0.000000] CPU: ARMv7 Processor [412fc0f2] revision 2 (ARMv7), cr=10c5387d
[    0.000000] CPU: PIPT / VIPT nonaliasing data cache, PIPT instruction cache
[    0.000000] Machine: NVIDIA Tegra SoC (Flattened Device Tree), model: NVIDIA Tegra114 Dalmore evaluation board
[    0.000000] debug: ignoring loglevel setting.
[    0.000000] cma: CMA: reserved 16 MiB at ae800000
[    0.000000] Memory policy: ECC disabled, Data cache writealloc
[    0.000000] On node 0 totalpages: 524032
[    0.000000] free_area_init_node: node 0, pgdat c082ca80, node_mem_map c0884000
[    0.000000]   Normal zone: 1520 pages used for memmap
[    0.000000]   Normal zone: 0 pages reserved
[    0.000000]   Normal zone: 194560 pages, LIFO batch:31
[    0.000000]   HighMem zone: 2574 pages used for memmap
[    0.000000]   HighMem zone: 329472 pages, LIFO batch:31
[    0.000000] Tegra Revision: A01 SKU: 0 CPU Process: 1 Core Process: 1
[    0.000000] PERCPU: Embedded 8 pages/cpu @c189c000 s9024 r8192 d15552 u32768
[    0.000000] pcpu-alloc: s9024 r8192 d15552 u32768 alloc=8*4096
[    0.000000] pcpu-alloc: [0] 0 [0] 1 [0] 2 [0] 3 
[    0.000000] Built 1 zonelists in Zone order, mobility grouping on.  Total pages: 522512
[    0.000000] Kernel command line: ignore_loglevel console=ttyS0,115200n8 rw root=/dev/mmcblk0p1 rootwait gpt init=/bin/bash
[    0.000000] PID hash table entries: 4096 (order: 2, 16384 bytes)
[    0.000000] Dentry cache hash table entries: 131072 (order: 7, 524288 bytes)
[    0.000000] Inode-cache hash table entries: 65536 (order: 6, 262144 bytes)
[    0.000000] Memory: 2053536K/2096128K available (6091K kernel code, 280K rwdata, 1740K rodata, 220K init, 340K bss, 42592K reserved, 1317888K highmem)
[    0.000000] Virtual kernel memory layout:
[    0.000000]     vector  : 0xffff0000 - 0xffff1000   (   4 kB)
[    0.000000]     fixmap  : 0xfff00000 - 0xfffe0000   ( 896 kB)
[    0.000000]     vmalloc : 0xf0000000 - 0xff000000   ( 240 MB)
[    0.000000]     lowmem  : 0xc0000000 - 0xef800000   ( 760 MB)
[    0.000000]     pkmap   : 0xbfe00000 - 0xc0000000   (   2 MB)
[    0.000000]     modules : 0xbf000000 - 0xbfe00000   (  14 MB)
[    0.000000]       .text : 0xc0008000 - 0xc07ae1ec   (7833 kB)
[    0.000000]       .init : 0xc07af000 - 0xc07e6340   ( 221 kB)
[    0.000000]       .data : 0xc07e8000 - 0xc082e0c0   ( 281 kB)
[    0.000000]        .bss : 0xc082e0cc - 0xc08833dc   ( 341 kB)
[    0.000000] Preemptible hierarchical RCU implementation.
[    0.000000] NR_IRQS:16 nr_irqs:16 16
[    0.000000] sched_clock: 32 bits at 1000kHz, resolution 1000ns, wraps every 4294967ms
[    0.000000] Architected cp15 timer(s) running at 12.00MHz (virt).
[    0.000000] Switching to timer-based delay loop
[    0.000000] sched_clock: ARM arch timer >56 bits at 12000kHz, resolution 83ns
[    0.000000] Console: colour dummy device 80x30
[   13.021645] Calibrating delay loop (skipped), value calculated using timer frequency.. 24.00 BogoMIPS (lpj=120000)
[   13.021662] pid_max: default: 32768 minimum: 301
[   13.022097] Mount-cache hash table entries: 512
[   13.041280] Initializing cgroup subsys debug
[   13.041299] Initializing cgroup subsys freezer
[   13.041358] CPU: Testing write buffer coherency: ok
[   13.041708] /cpus/cpu@0 missing clock-frequency property
[   13.041735] /cpus/cpu@1 missing clock-frequency property
[   13.041776] /cpus/cpu@2 missing clock-frequency property
[   13.041803] /cpus/cpu@3 missing clock-frequency property
[   13.041816] CPU0: thread -1, cpu 0, socket 0, mpidr 80000000
[   13.041843] Setting up static identity map for 0xc05caf50 - 0xc05cafe8
[   13.101569] CPU1: Booted secondary processor
[   13.101599] CPU1: thread -1, cpu 1, socket 0, mpidr 80000001
[   13.121460] CPU2: Booted secondary processor
[   13.121485] CPU2: thread -1, cpu 2, socket 0, mpidr 80000002
[   13.141419] CPU3: Booted secondary processor
[   13.141444] CPU3: thread -1, cpu 3, socket 0, mpidr 80000003
[   13.141550] Brought up 4 CPUs
[   13.141577] SMP: Total of 4 processors activated.
[   13.141585] CPU: All CPU(s) started in SVC mode.
[   13.142587] devtmpfs: initialized
[   13.155755] VFP support v0.3: implementor 41 architecture 4 part 30 variant f rev 0
[   13.156134] pinctrl core: initialized pinctrl subsystem
[   13.156659] regulator-dummy: no parameters
[   13.159680] NET: Registered protocol family 16
[   13.161017] DMA: preallocated 256 KiB pool for atomic coherent allocations
[   13.161796] cpuidle: using governor ladder
[   13.161807] cpuidle: using governor menu
[   13.172884] No ATAGs?
[   13.172913] hw-breakpoint: found 5 (+1 reserved) breakpoint and 4 watchpoint registers.
[   13.172923] hw-breakpoint: maximum watchpoint size is 8 bytes.
[   13.183925] bio: create slab <bio-0> at 0
[   13.185301] vdd_ac_bat: 5000 mV 
[   13.185691] dvdd_ts: Failed to request enable GPIO61: -517
[   13.185850] reg-fixed-voltage 1.regulator: Failed to register regulator: -517
[   13.185876] platform 1.regulator: Driver reg-fixed-voltage requests probe deferral
[   13.186074] lcd_bl_en: Failed to request enable GPIO58: -517
[   13.186218] reg-fixed-voltage 2.regulator: Failed to register regulator: -517
[   13.186242] platform 2.regulator: Driver reg-fixed-voltage requests probe deferral
[   13.186438] usb1_vbus: Failed to request enable GPIO108: -517
[   13.186580] reg-fixed-voltage 3.regulator: Failed to register regulator: -517
[   13.186603] platform 3.regulator: Driver reg-fixed-voltage requests probe deferral
[   13.186799] usb2_vbus: Failed to request enable GPIO86: -517
[   13.186940] reg-fixed-voltage 4.regulator: Failed to register regulator: -517
[   13.186964] platform 4.regulator: Driver reg-fixed-voltage requests probe deferral
[   13.187159] vdd_hdmi_5v0: Failed to request enable GPIO81: -517
[   13.187301] reg-fixed-voltage 5.regulator: Failed to register regulator: -517
[   13.187324] platform 5.regulator: Driver reg-fixed-voltage requests probe deferral
[   13.187403] platform 6.regulator: Driver reg-fixed-voltage requests probe deferral
[   13.188431] vgaarb: loaded
[   13.189513] SCSI subsystem initialized
[   13.189877] usbcore: registered new interface driver usbfs
[   13.189968] usbcore: registered new interface driver hub
[   13.190137] usbcore: registered new device driver usb
[   13.194435] vdd-cpu: 500 <--> 1520 mV at 1100 mV 
[   13.195064] tps65090 1-0048: No cache defaults, reading back from HW
[   13.201424] vdd-sys-5v0: no parameters
[   13.201473] vdd-sys-5v0: supplied by vdd_ac_bat
[   13.202921] vdd-sys-3v3: no parameters
[   13.202970] vdd-sys-3v3: supplied by vdd_ac_bat
[   13.204398] vdd-ao: no parameters
[   13.204436] vdd-ao: supplied by vdd_ac_bat
[   13.204688] vdd-lcd-bl: no parameters
[   13.204725] vdd-lcd-bl: supplied by vdd_ac_bat
[   13.204973] TPS65090_RAILSFET2: no parameters
[   13.205010] TPS65090_RAILSFET2: supplied by vdd_ac_bat
[   13.205252] vdd-modem-3v3: no parameters
[   13.205287] vdd-modem-3v3: supplied by vdd-sys-3v3
[   13.205546] avdd-lcd: no parameters
[   13.205580] avdd-lcd: supplied by vdd-sys-3v3
[   13.205831] vdd-lvds: no parameters
[   13.205864] vdd-lvds: supplied by vdd-sys-3v3
[   13.206107] vdd-sd-slot: no parameters
[   13.206152] vdd-sd-slot: supplied by vdd-sys-3v3
[   13.206420] vdd-com-3v3: no parameters
[   13.206454] vdd-com-3v3: supplied by vdd-sys-3v3
[   13.206691] vdd-sby-5v0: no parameters
[   13.206724] vdd-sby-5v0: supplied by vdd_ac_bat
[   13.206975] vdd-sby-3v3: no parameters
[   13.207009] vdd-sby-3v3: supplied by vdd_ac_bat
[   13.207381] genirq: Setting trigger mode 8 for irq 118 failed (gic_set_type+0x0/0xf0)
[   13.207797] palmas 1-0058: Irq flag is 0x00000000
[   13.222093] palmas 1-0058: Muxing GPIO ff, PWM 0, LED 0
[   13.231042] vddio-ddr: 1350 mV 
[   13.231886] vddio-ddr: supplied by vdd-ao
[   13.238846] vddio-1v8: 1800 mV 
[   13.239686] vddio-1v8: supplied by vdd-ao
[   13.246621] vdd-core: 900 <--> 1400 mV at 1100 mV 
[   13.247461] vdd-core: supplied by vdd-sys-3v3
[   13.251659] SMPS6: no parameters
[   13.259353] avdd-pll: 1050 mV 
[   13.260195] avdd-pll: supplied by vdd-sys-3v3
[   13.268530] sdhci-vdd-sd-slot: 2800 mV 
[   13.269370] sdhci-vdd-sd-slot: supplied by vdd-sys-3v3
[   13.271234] SMPS10_OUT2: at 5000 mV 
[   13.273047] SMPS10_OUT1: at 5000 mV 
[   13.275677] avdd-cam1: 2800 mV 
[   13.276517] avdd-cam1: supplied by vdd-sys-3v3
[   13.280529] avdd-cam2: 2800 mV 
[   13.281368] avdd-cam2: supplied by vdd-sys-3v3
[   13.286134] avdd-dsi-csi: 1200 mV 
[   13.286973] avdd-dsi-csi: supplied by vddio-1v8
[   13.291784] vpp-fuse: 1800 mV 
[   13.292622] vpp-fuse: supplied by vdd-sys-3v3
[   13.295835] LDO5: at 1200 mV 
[   13.296679] LDO5: supplied by vdd_ac_bat
[   13.299324] vdd-sensor-2v85: 2850 mV 
[   13.300177] vdd-sensor-2v85: supplied by vdd-sys-3v3
[   13.304174] vdd-af-cam1: 2800 mV 
[   13.305014] vdd-af-cam1: supplied by vdd-sys-3v3
[   13.313121] vdd-rtc: 900 mV 
[   13.313960] vdd-rtc: supplied by vdd-ao
[   13.317958] vddio-sdmmc-2: 1800 <--> 3300 mV at 3300 mV 
[   13.318798] vddio-sdmmc-2: supplied by sdhci-vdd-sd-slot
[   13.323601] hvdd-usb: 3300 mV 
[   13.324439] hvdd-usb: supplied by vdd-sys-5v0
[   13.329217] avdd-usb: 3300 mV 
[   13.330071] avdd-usb: supplied by vdd-sys-5v0
[   13.333356] rail-3v3: no parameters
[   13.335734] rail-5v0: no parameters
[   13.337316] REGEN3: no parameters
[   13.337531] SYSEN1: no parameters
[   13.337719] SYSEN2: no parameters
[   13.338342] Linux video capture interface: v2.00
[   13.338921] platform 7000f010.iommu: Driver tegra-smmu requests probe deferral
[   13.339235] Advanced Linux Sound Architecture Driver Initialized.
[   13.339994] Bluetooth: Core ver 2.16
[   13.340087] NET: Registered protocol family 31
[   13.340096] Bluetooth: HCI device and connection manager initialized
[   13.340122] Bluetooth: HCI socket layer initialized
[   13.340144] Bluetooth: L2CAP socket layer initialized
[   13.340191] Bluetooth: SCO socket layer initialized
[   13.340925] cfg80211: Calling CRDA to update world regulatory domain
[   13.342023] Switched to clocksource arch_sys_counter
[   13.355932] NET: Registered protocol family 2
[   13.356857] TCP established hash table entries: 8192 (order: 4, 65536 bytes)
[   13.357059] TCP bind hash table entries: 8192 (order: 4, 65536 bytes)
[   13.357236] TCP: Hash tables configured (established 8192 bind 8192)
[   13.357690] TCP: reno registered
[   13.357707] UDP hash table entries: 512 (order: 2, 16384 bytes)
[   13.357748] UDP-Lite hash table entries: 512 (order: 2, 16384 bytes)
[   13.358164] NET: Registered protocol family 1
[   13.358892] RPC: Registered named UNIX socket transport module.
[   13.358902] RPC: Registered udp transport module.
[   13.358910] RPC: Registered tcp transport module.
[   13.358917] RPC: Registered tcp NFSv4.1 backchannel transport module.
[   13.358929] PCI: CLS 0 bytes, default 64
[   13.362574] bounce pool size: 64 pages
[   13.364273] squashfs: version 4.0 (2009/01/31) Phillip Lougher
[   13.365090] msgmni has been set to 1468
[   13.366766] io scheduler noop registered (default)
[   13.390404] tegra-apbdma 6000a000.dma: Tegra20 APB DMA driver register 32 channels
[   13.390957] Serial: 8250/16550 driver, 4 ports, IRQ sharing disabled
[   13.393086] 70006300.serial: ttyS0 at MMIO 0x70006300 (irq = 122, base_baud = 25500000) is a Tegra
[   14.420095] console [ttyS0] enabled
[   14.424440] [drm] Initialized drm 1.1.0 20060810
[   14.434815] loop: module loaded
[   14.440810] m25p80 spi32766.0: w25q32dw (4096 Kbytes)
[   14.447722] pegasus: v0.9.3 (2013/04/25), Pegasus/Pegasus II USB Ethernet driver
[   14.455155] usbcore: registered new interface driver pegasus
[   14.460909] usbcore: registered new interface driver asix
[   14.466343] usbcore: registered new interface driver ax88179_178a
[   14.472497] usbcore: registered new interface driver cdc_ether
[   14.478382] usbcore: registered new interface driver r815x
[   14.483926] usbcore: registered new interface driver smsc75xx
[   14.489744] usbcore: registered new interface driver smsc95xx
[   14.495532] usbcore: registered new interface driver net1080
[   14.501252] usbcore: registered new interface driver cdc_subset
[   14.507200] usbcore: registered new interface driver zaurus
[   14.512868] usbcore: registered new interface driver cdc_ncm
[   14.518552] ehci_hcd: USB 2.0 'Enhanced' Host Controller (EHCI) Driver
[   14.525042] ehci-pci: EHCI PCI platform driver
[   14.529542] tegra-ehci: Tegra EHCI driver
[   14.533732] platform 7d008000.usb: Driver tegra-ehci requests probe deferral
[   14.541045] usbcore: registered new interface driver cdc_acm
[   14.546670] cdc_acm: USB Abstract Control Model driver for USB modems and ISDN adapters
[   14.554711] usbcore: registered new interface driver cdc_wdm
[   14.560446] usbcore: registered new interface driver usb-storage
[   14.566661] platform 7d008000.usb-phy: Driver tegra-phy requests probe deferral
[   14.574543] mousedev: PS/2 mouse device common for all mice
[   14.592215] palmas-rtc rtc.7: rtc core: registered rtc.7 as rtc0
[   14.602602] tegra_rtc 7000e000.rtc: rtc core: registered 7000e000.rtc as rtc1
[   14.609745] tegra_rtc 7000e000.rtc: Tegra internal Real Time Clock
[   14.617293] sbs-battery 0-000b: sbs_probe: Failed to get device status
[   14.623799] sbs-battery: probe of 0-000b failed with error -121
[   14.635947] sdhci: Secure Digital Host Controller Interface driver
[   14.642113] sdhci: Copyright(c) Pierre Ossman
[   14.646446] sdhci-pltfm: SDHCI platform and OF driver helper
[   14.652508] sdhci-tegra 78000400.sdhci: Got CD GPIO #170.
[   14.658957] mmc0: no vqmmc regulator found
[   14.663038] mmc0: no vmmc regulator found
[   14.667042] mmc0: Invalid maximum block size, assuming 512 bytes
[   14.716528] mmc0: SDHCI controller on 78000400.sdhci [78000400.sdhci] using ADMA
[   14.726081] mmc1: no vqmmc regulator found
[   14.730182] mmc1: no vmmc regulator found
[   14.734168] mmc1: Invalid maximum block size, assuming 512 bytes
[   14.776284] mmc1: SDHCI controller on 78000600.sdhci [78000600.sdhci] using ADMA
[   14.784344] usbcore: registered new interface driver usbhid
[   14.791946] usbhid: USB HID core driver
[   14.908027] mmc1: BKOPS_EN bit is not set
[   14.938448] mmc1: new HS200 MMC card at address 0001
[   14.943977] mmcblk0: mmc1:0001 SEM32G 29.1 GiB 
[   14.948821] mmcblk0boot0: mmc1:0001 SEM32G partition 1 4.00 MiB
[   14.955005] mmcblk0boot1: mmc1:0001 SEM32G partition 2 4.00 MiB
[   14.961204] mmcblk0rpmb: mmc1:0001 SEM32G partition 3 4.00 MiB
[   14.969520] Primary GPT is invalid, using alternate GPT.
[   14.974825]  mmcblk0: p1 p2 p3 p4 p5
[   14.981726]  mmcblk0boot1: unknown partition table
[   14.988169]  mmcblk0boot0: unknown partition table
[   15.221767] tegra-snd-rt5640 sound.4: ASoC: CPU DAI (null) not registered
[   15.228669] tegra-snd-rt5640 sound.4: snd_soc_register_card failed (-517)
[   15.235458] platform sound.4: Driver tegra-snd-rt5640 requests probe deferral
[   15.243499] TCP: cubic registered
[   15.247132] NET: Registered protocol family 10
[   15.252985] mip6: Mobile IPv6
[   15.255988] sit: IPv6 over IPv4 tunneling driver
[   15.262286] NET: Registered protocol family 17
[   15.266769] NET: Registered protocol family 15
[   15.271347] Bluetooth: RFCOMM socket layer initialized
[   15.276482] Bluetooth: RFCOMM ver 1.11
[   15.280211] Bluetooth: BNEP (Ethernet Emulation) ver 1.3
[   15.285522] Bluetooth: BNEP socket layer initialized
[   15.290458] Bluetooth: HIDP (Human Interface Emulation) ver 1.2
[   15.296371] Bluetooth: HIDP socket layer initialized
[   15.302019] Registering SWP/SWPB emulation handler
[   15.311461] hvdd-usb: disabling
[   15.317008] vdd-af-cam1: disabling
[   15.323060] vdd-sensor-2v85: disabling
[   15.329322] LDO5: disabling
[   15.334782] vpp-fuse: disabling
[   15.340409] avdd-cam2: disabling
[   15.346300] avdd-cam1: disabling
[   15.354012] vdd-com-3v3: disabling
[   15.358122] vdd-lvds: disabling
[   15.361856] avdd-lcd: disabling
[   15.365612] vdd-lcd-bl: disabling
[   15.370177] dvdd_ts: 1800 mV 
[   15.373719] lcd_bl_en: 5000 mV 
[   15.377439] usb1_vbus: 5000 mV 
[   15.380624] usb1_vbus: supplied by vdd-sys-5v0
[   15.385522] usb2_vbus: 5000 mV 
[   15.388676] usb2_vbus: supplied by vdd-sys-5v0
[   15.393449] vdd_hdmi_5v0: 5000 mV 
[   15.396882] vdd_hdmi_5v0: supplied by vdd-sys-5v0
[   15.403939] vdd_cam_1v8_reg: 1800 mV 
[   15.408108] platform 7d008000.usb: Driver tegra-ehci requests probe deferral
[   15.415951] tegra-snd-rt5640 sound.4: ASoC: CPU DAI (null) not registered
[   15.422742] tegra-snd-rt5640 sound.4: snd_soc_register_card failed (-517)
[   15.429530] platform sound.4: Driver tegra-snd-rt5640 requests probe deferral
[   15.436973] tegra-ehci 7d008000.usb: EHCI Host Controller
[   15.442407] tegra-ehci 7d008000.usb: new USB bus registered, assigned bus number 1
[   15.450952] tegra-ehci 7d008000.usb: irq 129, io mem 0x7d008000
[   15.473599] tegra-ehci 7d008000.usb: USB 2.0 started, EHCI 1.10
[   15.480949] hub 1-0:1.0: USB hub found
[   15.484807] hub 1-0:1.0: 1 port detected
[   15.489682] tegra-snd-rt5640 sound.4: ASoC: CPU DAI (null) not registered
[   15.496544] tegra-snd-rt5640 sound.4: snd_soc_register_card failed (-517)
[   15.503409] platform sound.4: Driver tegra-snd-rt5640 requests probe deferral
[   15.511674] input: gpio-keys.2 as /devices/soc0/gpio-keys.2/input/input0
[   15.519457] tegra-snd-rt5640 sound.4: ASoC: CPU DAI (null) not registered
[   15.526442] tegra-snd-rt5640 sound.4: snd_soc_register_card failed (-517)
[   15.533339] platform sound.4: Driver tegra-snd-rt5640 requests probe deferral
[   15.541926] palmas-rtc rtc.7: setting system clock to 2000-01-10 13:25:32 UTC (947510732)
[   15.564931] ALSA device list:
[   15.567888]   No soundcards found.
[   15.598862] kjournald starting.  Commit interval 5 seconds
[   15.605616] EXT3-fs (mmcblk0p1): using internal journal
[   15.610848] EXT3-fs (mmcblk0p1): recovery complete
[   15.615665] EXT3-fs (mmcblk0p1): mounted filesystem with writeback data mode
[   15.622756] VFS: Mounted root (ext3 filesystem) on device 179:1.
[   15.630712] devtmpfs: mounted
[   15.634022] Freeing unused kernel memory: 220K (c07af000 - c07e6000)
bash: cannot set terminal process group (-1): Inappropriate ioctl for device
bash: no job control in this shell
I have no name!@(none):/# [   15.802312] usb 1-1: new high-speed USB device number 2 using tegra-ehci
