

U-Boot 2015.04-00466-gedec83e90172 (Mar 14 2016 - 10:42:01)

TEGRA124
Model: Acer Chromebook 13 CB5-311
DRAM:  4 GiB
:   Tegra SD/MMC: 0, Tegra SD/MMC: 1, Tegra SD/MMC: 2
MMC init failed
Using default environment

In:    serial
Out:   serial
Err:   serial
Net:   Net Initialization Skipped
No ethernet found.
Hit any key to stop autoboot:  2  0 
Tegra124 (Nyan-big) # 
Tegra124 (Nyan-big) # usb start
starting USB...
USB0:   USB EHCI 1.10
scanning bus 0 for devices... 2 USB Device(s) found
USB1:   USB EHCI 1.10
scanning bus 1 for devices... 2 USB Device(s) found
       scanning usb for storage devices... 1 Storage Device(s) found
       scanning usb for ethernet devices... 
Warning: asx0 using MAC address from net device
1 Ethernet Device(s) found
Tegra124 (Nyan-big) # mw 0x7000e4a0 0x00080000
Tegra124 (Nyan-big) # setenv bootargs 'ignore_loglevel console=ttyS0,115200n8 rw root=PARTUUID=4d36e82a-b3c0-4b4b-bfcd-afe5217ac023 rootwait gpt debug noinitrd earlyprintk init=/bin/bash'
Tegra124 (Nyan-big) # setenv ipaddr 192.168.100.102; setenv serverip 192.168.100.1; setenv tftpserverip 192.168.100.1
Tegra124 (Nyan-big) # tftpboot 0x82000000 zImage.multi_v7_defconfig
Using asx0 device
TFTP from server 192.168.100.1; our IP address is 192.168.100.102
Filename 'zImage.multi_v7_defconfig'.
Load address: 0x82000000
Loading: *#################################################################
	 #################################################################
	 #################################################################
	 #################################################################
	 #################################################################
	 #################################################################
	 #################################################################
	 #########################################################
	 2.9 MiB/s
done
Bytes transferred = 7513896 (72a728 hex)
Tegra124 (Nyan-big) # tftpboot 0x83000000 tegra124-nyan-big.dtb
Using asx0 device
TFTP from server 192.168.100.1; our IP address is 192.168.100.102
Filename 'tegra124-nyan-big.dtb'.
Load address: 0x83000000
Loading: *#####
	 2.7 MiB/s
done
Bytes transferred = 68155 (10a3b hex)
Tegra124 (Nyan-big) # bootz 0x82000000 - 0x83000000
Kernel image @ 0x82000000 [ 0x000000 - 0x72a728 ]
## Flattened Device Tree blob at 83000000
   Booting using the fdt blob at 0x83000000
   Using Device Tree in place at 83000000, end 83013a3a

Starting kernel ...

[    0.000000] Booting Linux on physical CPU 0x0
[    0.000000] Linux version 4.10.0-rc8-next-20170214-153018-gb483962 (pwalmsley@sellafield) (gcc version 4.7.3 20130328 (prerelease) (crosstool-NG linaro-1.13.1-4.7-2013.04-20130415 - Linaro GCC 2013.04) ) #1 SMP Mon Feb 13 23:19:58 PST 2017
[    0.000000] CPU: ARMv7 Processor [413fc0f3] revision 3 (ARMv7), cr=10c5387d
[    0.000000] CPU: div instructions available: patching division code
[    0.000000] CPU: PIPT / VIPT nonaliasing data cache, PIPT instruction cache
[    0.000000] OF: fdt: Machine model: Acer Chromebook 13 CB5-311
[    0.000000] OF: fdt: Ignoring memory range 0x100000000 - 0x17ffff000
[    0.000000] debug: ignoring loglevel setting.
[    0.000000] efi: Getting EFI parameters from FDT:
[    0.000000] efi: UEFI not found.
[    0.000000] cma: Reserved 64 MiB at 0xfb800000
[    0.000000] Memory policy: Data cache writealloc
[    0.000000] On node 0 totalpages: 524287
[    0.000000] free_area_init_node: node 0, pgdat c153a680, node_mem_map eeff8000
[    0.000000]   DMA zone: 1536 pages used for memmap
[    0.000000]   DMA zone: 0 pages reserved
[    0.000000]   DMA zone: 196608 pages, LIFO batch:31
[    0.000000]   HighMem zone: 327679 pages, LIFO batch:31
[    0.000000] percpu: Embedded 16 pages/cpu @eef85000 s34432 r8192 d22912 u65536
[    0.000000] pcpu-alloc: s34432 r8192 d22912 u65536 alloc=16*4096
[    0.000000] pcpu-alloc: [0] 0 [0] 1 [0] 2 [0] 3 
[    0.000000] Built 1 zonelists in Zone order, mobility grouping on.  Total pages: 522751
[    0.000000] Kernel command line: ignore_loglevel console=ttyS0,115200n8 rw root=PARTUUID=4d36e82a-b3c0-4b4b-bfcd-afe5217ac023 rootwait gpt debug noinitrd earlyprintk init=/bin/bash
[    0.000000] PID hash table entries: 4096 (order: 2, 16384 bytes)
[    0.000000] Dentry cache hash table entries: 131072 (order: 7, 524288 bytes)
[    0.000000] Inode-cache hash table entries: 65536 (order: 6, 262144 bytes)
[    0.000000] Memory: 1994660K/2097148K available (10240K kernel code, 1263K rwdata, 4204K rodata, 2048K init, 536K bss, 36952K reserved, 65536K cma-reserved, 1245180K highmem)
[    0.000000] Virtual kernel memory layout:
[    0.000000]     vector  : 0xffff0000 - 0xffff1000   (   4 kB)
[    0.000000]     fixmap  : 0xffc00000 - 0xfff00000   (3072 kB)
[    0.000000]     vmalloc : 0xf0800000 - 0xff800000   ( 240 MB)
[    0.000000]     lowmem  : 0xc0000000 - 0xf0000000   ( 768 MB)
[    0.000000]     pkmap   : 0xbfe00000 - 0xc0000000   (   2 MB)
[    0.000000]     modules : 0xbf000000 - 0xbfe00000   (  14 MB)
[    0.000000]       .text : 0xc0208000 - 0xc0d00000   (11232 kB)
[    0.000000]       .init : 0xc1200000 - 0xc1400000   (2048 kB)
[    0.000000]       .data : 0xc1400000 - 0xc153bfa0   (1264 kB)
[    0.000000]        .bss : 0xc153d000 - 0xc15c31f8   ( 537 kB)
[    0.000000] SLUB: HWalign=64, Order=0-3, MinObjects=0, CPUs=4, Nodes=1
[    0.000000] Hierarchical RCU implementation.
[    0.000000] 	RCU debugfs-based tracing is enabled.
[    0.000000] 	Build-time adjustment of leaf fanout to 32.
[    0.000000] 	RCU restricting CPUs from NR_CPUS=16 to nr_cpu_ids=4.
[    0.000000] RCU: Adjusting geometry for rcu_fanout_leaf=32, nr_cpu_ids=4
[    0.000000] NR_IRQS:16 nr_irqs:16 16
[    0.000000] /interrupt-controller@60004000: 160 interrupts forwarded to /interrupt-controller@50041000
[    0.000000] Tegra clk 127: register failed with -17
[    0.000004] sched_clock: 32 bits at 1000kHz, resolution 1000ns, wraps every 2147483647500ns
[    0.000013] clocksource: timer_us: mask: 0xffffffff max_cycles: 0xffffffff, max_idle_ns: 1911260446275 ns
[    0.000019] Switching to timer-based delay loop, resolution 1000ns
[    0.001670] arm_arch_timer: Architected cp15 timer(s) running at 12.00MHz (virt).
[    0.001677] clocksource: arch_sys_counter: mask: 0xffffffffffffff max_cycles: 0x2c47f4ee7, max_idle_ns: 440795202497 ns
[    0.001684] sched_clock: 56 bits at 12MHz, resolution 83ns, wraps every 4398046511096ns
[    0.001689] Switching to timer-based delay loop, resolution 83ns
[    0.001896] Console: colour dummy device 80x30
[    0.001911] Calibrating delay loop (skipped), value calculated using timer frequency.. 24.00 BogoMIPS (lpj=120000)
[    0.001917] pid_max: default: 32768 minimum: 301
[    0.001959] Mount-cache hash table entries: 2048 (order: 1, 8192 bytes)
[    0.001964] Mountpoint-cache hash table entries: 2048 (order: 1, 8192 bytes)
[    0.002158] CPU: Testing write buffer coherency: ok
[    0.002281] /cpus/cpu@0 missing clock-frequency property
[    0.002296] /cpus/cpu@1 missing clock-frequency property
[    0.002310] /cpus/cpu@2 missing clock-frequency property
[    0.002325] /cpus/cpu@3 missing clock-frequency property
[    0.002330] CPU0: thread -1, cpu 0, socket 0, mpidr 80000000
[    0.002408] Setting up static identity map for 0x80300000 - 0x80300098
[    0.003728] Tegra Revision: A01 SKU: 131 CPU Process: 1 SoC Process: 1
[    0.003950] EFI services will not be available.
[    0.004044] smp: Bringing up secondary CPUs ...
[    0.004330] CPU1: thread -1, cpu 1, socket 0, mpidr 80000001
[    0.011835] CPU2: thread -1, cpu 2, socket 0, mpidr 80000002
[    0.021835] CPU3: thread -1, cpu 3, socket 0, mpidr 80000003
[    0.031568] smp: Brought up 1 node, 4 CPUs
[    0.031577] SMP: Total of 4 processors activated (96.00 BogoMIPS).
[    0.031580] CPU: All CPU(s) started in SVC mode.
[    0.032124] devtmpfs: initialized
[    0.037744] VFP support v0.3: implementor 41 architecture 4 part 30 variant f rev 0
[    0.037933] clocksource: jiffies: mask: 0xffffffff max_cycles: 0xffffffff, max_idle_ns: 19112604462750000 ns
[    0.038466] pinctrl core: initialized pinctrl subsystem
[    0.039231] NET: Registered protocol family 16
[    0.039968] DMA: preallocated 256 KiB pool for atomic coherent allocations
[    0.040852] cpuidle: using governor menu
[    0.049869] No ATAGs?
[    0.049927] hw-breakpoint: found 5 (+1 reserved) breakpoint and 4 watchpoint registers.
[    0.049933] hw-breakpoint: maximum watchpoint size is 8 bytes.
[    0.052547] Serial: AMBA PL011 UART driver
[    0.052906] tegra-mc 70019000.memory-controller: no memory timings for RAM code 0 registered
[    0.058141] +5V_SYS: supplied by +VDD_MUX
[    0.058237] +3.3V_SYS: supplied by +VDD_MUX
[    0.058442] +VDD_LED: Failed to request enable GPIO122: -517
[    0.058448] reg-fixed-voltage regulators:regulator@5: Failed to register regulator: -517
[    0.058478] +5V_VDD_TS_SW: Failed to request enable GPIO81: -517
[    0.058483] reg-fixed-voltage regulators:regulator@6: Failed to register regulator: -517
[    0.058512] +5V_USB_HS: Failed to request enable GPIO108: -517
[    0.058516] reg-fixed-voltage regulators:regulator@7: Failed to register regulator: -517
[    0.058545] +5V_USB_SS: Failed to request enable GPIO109: -517
[    0.058549] reg-fixed-voltage regulators:regulator@8: Failed to register regulator: -517
[    0.058625] +1.05V_RUN_AVDD_HDMI_PLL: Failed to request enable GPIO63: -517
[    0.058630] reg-fixed-voltage regulators:regulator@11: Failed to register regulator: -517
[    0.058658] +5V_HDMI_CON: Failed to request enable GPIO86: -517
[    0.058662] reg-fixed-voltage regulators:regulator@12: Failed to register regulator: -517
[    0.059741] vgaarb: loaded
[    0.060018] SCSI subsystem initialized
[    0.060075] libata version 3.00 loaded.
[    0.060162] usbcore: registered new interface driver usbfs
[    0.060183] usbcore: registered new interface driver hub
[    0.060210] usbcore: registered new device driver usb
[    0.061505] pps_core: LinuxPPS API ver. 1 registered
[    0.061509] pps_core: Software ver. 5.3.6 - Copyright 2005-2007 Rodolfo Giometti <giometti@linux.it>
[    0.061517] PTP clock support registered
[    0.061584] EDAC MC: Ver: 3.0.0
[    0.062024] tegra-emc 7001b000.emc: no memory timings for RAM code 0 found in DT
[    0.062034] tegra-emc: probe of 7001b000.emc failed with error -2
[    0.062456] clocksource: Switched to clocksource arch_sys_counter
[    0.065666] NET: Registered protocol family 2
[    0.065856] TCP established hash table entries: 8192 (order: 3, 32768 bytes)
[    0.065890] TCP bind hash table entries: 8192 (order: 4, 65536 bytes)
[    0.065952] TCP: Hash tables configured (established 8192 bind 8192)
[    0.065986] UDP hash table entries: 512 (order: 2, 16384 bytes)
[    0.066001] UDP-Lite hash table entries: 512 (order: 2, 16384 bytes)
[    0.066057] NET: Registered protocol family 1
[    0.066184] RPC: Registered named UNIX socket transport module.
[    0.066188] RPC: Registered udp transport module.
[    0.066191] RPC: Registered tcp transport module.
[    0.066194] RPC: Registered tcp NFSv4.1 backchannel transport module.
[    0.066199] PCI: CLS 0 bytes, default 64
[    0.066637] hw perfevents: enabled with armv7_cortex_a15 PMU driver, 7 counters available
[    0.067131] futex hash table entries: 1024 (order: 4, 65536 bytes)
[    0.067373] workingset: timestamp_bits=30 max_order=19 bucket_order=0
[    0.070149] squashfs: version 4.0 (2009/01/31) Phillip Lougher
[    0.070391] NFS: Registering the id_resolver key type
[    0.070403] Key type id_resolver registered
[    0.070407] Key type id_legacy registered
[    0.070422] ntfs: driver 2.1.32 [Flags: R/O].
[    0.070957] bounce: pool size: 64 pages
[    0.070974] Block layer SCSI generic (bsg) driver version 0.4 loaded (major 248)
[    0.070978] io scheduler noop registered
[    0.070981] io scheduler deadline registered
[    0.071038] io scheduler cfq registered (default)
[    0.071042] io scheduler mq-deadline registered
[    0.072892] tegra-xusb-padctl 7009f000.padctl: failed to setup XUSB ports: -517
[    0.082666] tegra-apbdma 60020000.dma: Tegra20 APB DMA driver register 32 channels
[    0.083366] tegra-pmc 7000e400.pmc: i2c-thermtrip node not found, emergency thermal reset disabled.
[    0.101625] Serial: 8250/16550 driver, 4 ports, IRQ sharing disabled
[    0.102764] console [ttyS0] disabled
[    0.102781] 70006000.serial: ttyS0 at MMIO 0x70006000 (irq = 333, base_baud = 25500000) is a Tegra
[    0.987291] console [ttyS0] enabled
[    0.991050] SuperH (H)SCI(F) driver initialized
[    0.995913] msm_serial: driver initialized
[    1.000058] STMicroelectronics ASC driver initialized
[    1.007658] tegra-hdmi 54280000.hdmi: failed to get HDMI regulator
[    1.014199] tegra-dpaux 545c0000.dpaux: failed to get VDD supply: -517
[    1.021485] panel-simple panel: panel supply power not found, using dummy regulator
[    1.032640] brd: module loaded
[    1.038025] loop: module loaded
[    1.042053] as3722 4-0040: AS3722 with revision 0x1 found
[    1.052008] as3722-sd2: supplied by +5V_SYS
[    1.056429] as3722-sd3: supplied by +5V_SYS
[    1.060754] +1.35V_LP0(sd3): Bringing 0uV into 1350000-1350000uV
[    1.066965] as3722-sd4: supplied by +5V_SYS
[    1.071291] +1.05V_RUN: Bringing 0uV into 1050000-1050000uV
[    1.077030] as3722-sd5: supplied by +5V_SYS
[    1.082541] as3722-ldo0: supplied by +1.35V_LP0(sd2)
[    1.088260] +1.8V_RUN_CAM: Bringing 0uV into 1800000-1800000uV
[    1.094280] as3722-ldo2: supplied by +1.8V_VDDIO
[    1.099889] as3722-ldo3: supplied by +3.3V_SYS
[    1.104340] +1.00V_LP0_VDD_RTC: Bringing 1100000uV into 1000000-1000000uV
[    1.111903] as3722-ldo4: supplied by +3.3V_SYS
[    1.116509] +3.3V_RUN_CAM: Bringing 0uV into 2800000-2800000uV
[    1.122529] as3722-ldo5: supplied by +1.8V_VDDIO
[    1.127290] +1.2V_RUN_CAM_FRONT: Bringing 0uV into 1200000-1200000uV
[    1.133976] +VDDIO_SDMMC3: Bringing 0uV into 1800000-1800000uV
[    1.140000] as3722-ldo7: supplied by +1.8V_VDDIO
[    1.144770] +1.05V_RUN_CAM_REAR: Bringing 0uV into 1050000-1050000uV
[    1.151314] as3722-ldo9: supplied by +5V_SYS
[    1.155878] +2.8V_RUN_TOUCH: Bringing 0uV into 2800000-2800000uV
[    1.162067] as3722-ldo10: supplied by +5V_SYS
[    1.166577] +2.8V_RUN_CAM_AF: Bringing 0uV into 2800000-2800000uV
[    1.173008] +1.8V_RUN_VPP_FUSE: Bringing 0uV into 1800000-1800000uV
[    1.185400] random: fast init done
[    1.191349] m25p80 spi32765.0: w25q32dw (4096 Kbytes)
[    1.197458] libphy: Fixed MDIO Bus: probed
[    1.201934] CAN device driver interface
[    1.206093] bgmac_bcma: Broadcom 47xx GBit MAC driver loaded
[    1.212214] e1000e: Intel(R) PRO/1000 Network Driver - 3.2.6-k
[    1.218036] e1000e: Copyright(c) 1999 - 2015 Intel Corporation.
[    1.223964] igb: Intel(R) Gigabit Ethernet Network Driver - version 5.4.0-k
[    1.230908] igb: Copyright (c) 2007-2014 Intel Corporation.
[    1.237693] pegasus: v0.9.3 (2013/04/25), Pegasus/Pegasus II USB Ethernet driver
[    1.245096] usbcore: registered new interface driver pegasus
[    1.250755] usbcore: registered new interface driver asix
[    1.256155] usbcore: registered new interface driver ax88179_178a
[    1.262242] usbcore: registered new interface driver cdc_ether
[    1.268079] usbcore: registered new interface driver smsc75xx
[    1.273832] usbcore: registered new interface driver smsc95xx
[    1.279572] usbcore: registered new interface driver net1080
[    1.285232] usbcore: registered new interface driver cdc_subset
[    1.291145] usbcore: registered new interface driver zaurus
[    1.296725] usbcore: registered new interface driver cdc_ncm
[    1.303027] ehci_hcd: USB 2.0 'Enhanced' Host Controller (EHCI) Driver
[    1.309538] ehci-pci: EHCI PCI platform driver
[    1.313987] ehci-platform: EHCI generic platform driver
[    1.319267] ehci-orion: EHCI orion driver
[    1.323317] SPEAr-ehci: EHCI SPEAr driver
[    1.327362] ehci-st: EHCI STMicroelectronics driver
[    1.332275] ehci-exynos: EHCI EXYNOS driver
[    1.336507] ehci-atmel: EHCI Atmel driver
[    1.340551] tegra-ehci: Tegra EHCI driver
[    1.344619] ohci_hcd: USB 1.1 'Open' Host Controller (OHCI) Driver
[    1.350788] ohci-pci: OHCI PCI platform driver
[    1.355236] ohci-platform: OHCI generic platform driver
[    1.360503] ohci-omap3: OHCI OMAP3 driver
[    1.364553] SPEAr-ohci: OHCI SPEAr driver
[    1.368599] ohci-st: OHCI STMicroelectronics driver
[    1.373516] ohci-atmel: OHCI Atmel driver
[    1.377768] usbcore: registered new interface driver usb-storage
[    1.384802] elan_i2c 1-0015: 1-0015 supply vcc not found, using dummy regulator
[    1.393467] as3722-rtc as3722-rtc: rtc core: registered as3722-rtc as rtc0
[    1.400325] as3722-rtc as3722-rtc: RTC interrupt 372
[    1.407224] tegra_rtc 7000e000.rtc: rtc core: registered 7000e000.rtc as rtc1
[    1.414361] tegra_rtc 7000e000.rtc: Tegra internal Real Time Clock
[    1.420713] i2c /dev entries driver
[    1.426586] lm90 0-004c: 0-004c supply vcc not found, using dummy regulator
[    1.437959] sdhci: Secure Digital Host Controller Interface driver
[    1.444139] sdhci: Copyright(c) Pierre Ossman
[    1.449036] Synopsys Designware Multimedia Card Interface Driver
[    1.455436] sdhci-pltfm: SDHCI platform and OF driver helper
[    1.461352] sdhci-tegra 700b0000.sdhci: allocated mmc-pwrseq
[    1.467118] sdhci-tegra 700b0400.sdhci: Got CD GPIO
[    1.471989] sdhci-tegra 700b0400.sdhci: Got WP GPIO
[    1.476978] mmc0: Unknown controller version (3). You may experience problems.
[    1.484216] mmc0: Invalid maximum block size, assuming 512 bytes
[    1.552464] mmc0: SDHCI controller on 700b0600.sdhci [700b0600.sdhci] using ADMA
[    1.560545] ledtrig-cpu: registered to indicate activity on CPUs
[    1.566672] usbcore: registered new interface driver usbhid
[    1.572228] usbhid: USB HID core driver
[    1.577475] NET: Registered protocol family 10
[    1.582309] Segment Routing with IPv6
[    1.586014] sit: IPv6, IPv4 and MPLS over IPv4 tunneling driver
[    1.592141] NET: Registered protocol family 17
[    1.596588] can: controller area network core (rev 20120528 abi 9)
[    1.602827] NET: Registered protocol family 29
[    1.607262] can: raw protocol (rev 20120528)
[    1.611526] can: broadcast manager protocol (rev 20161123 t)
[    1.617181] can: netlink gateway (rev 20130117) max_hops=1
[    1.622789] Key type dns_resolver registered
[    1.627062] elan_i2c 1-0015: Elan Touchpad: Module ID: 0x002a, Firmware: 0x0005, Sample: 0x0007, IAP: 0x0009
[    1.637100] input: Elan Touchpad as /devices/soc0/7000c400.i2c/i2c-1/1-0015/input/input0
[    1.639136] ThumbEE CPU extension supported.
[    1.639143] Registering SWP/SWPB emulation handler
[    1.659576] +3.3V_RUN: supplied by +3.3V_SYS
[    1.664500] +VDD_LED: supplied by +VDD_MUX
[    1.668662] +3.3V_AVDD_HDMI_AP_GATED: supplied by +3.3V_RUN
[    1.674338] +1.8V_RUN_CAM: supplied by +3.3V_RUN
[    1.678983] +VDDIO_SDMMC3: supplied by +3.3V_RUN
[    1.683713] +1.8V_RUN_VPP_FUSE: supplied by +3.3V_RUN
[    1.688973] +5V_VDD_TS_SW: supplied by +5V_SYS
[    1.693790] +5V_USB_HS: supplied by +5V_SYS
[    1.698134] +5V_USB_SS: supplied by +5V_SYS
[    1.702956] +3.3V_PANEL: supplied by +3.3V_RUN
[    1.709133] +3.3V_LP0: supplied by +3.3V_SYS
[    1.714145] +1.05V_RUN_AVDD_HDMI_PLL: supplied by +1.05V_RUN
[    1.719900] elan_i2c 1-0015: failed to read report data: -121
[    1.720104] +5V_HDMI_CON: supplied by +5V_SYS
[    1.720996]  usb3-0: usb3-0 supply vbus not found, using dummy regulator
[    1.721059]  usb3-1: usb3-1 supply vbus not found, using dummy regulator
[    1.725557] tegra-sor 54540000.sor: failed to probe output: -517
[    1.726674] panel-simple panel: panel supply power not found, using dummy regulator
[    1.727801] sdhci-tegra 700b0000.sdhci: allocated mmc-pwrseq
[    1.727904] mmc1: Unknown controller version (3). You may experience problems.
[    1.727947] mmc1: Invalid maximum block size, assuming 512 bytes
[    1.728356] mmc1: Switching to 3.3V signalling voltage failed
[    1.738746] mmc0: new high speed MMC card at address 0001
[    1.739371] mmcblk0: mmc0:0001 MMC16G 14.4 GiB 
[    1.739949] mmcblk0boot0: mmc0:0001 MMC16G partition 1 2.00 MiB
[    1.740467] mmcblk0boot1: mmc0:0001 MMC16G partition 2 2.00 MiB
[    1.740611] mmcblk0rpmb: mmc0:0001 MMC16G partition 3 128 KiB
[    1.744695]  mmcblk0: p1 p2 p3 p4 p5 p6 p7 p8 p9 p10 p11 p12
[    1.802556] mmc1: SDHCI controller on 700b0000.sdhci [700b0000.sdhci] using ADMA
[    1.803608] sdhci-tegra 700b0400.sdhci: Got CD GPIO
[    1.803623] sdhci-tegra 700b0400.sdhci: Got WP GPIO
[    1.803754] mmc2: Unknown controller version (3). You may experience problems.
[    1.803809] mmc2: Invalid maximum block size, assuming 512 bytes
[    1.842208] mmc1: new high speed SDIO card at address 0001
[    1.856608] elan_i2c 1-0015: invalid report id data (ff)
[    1.862736] mmc2: SDHCI controller on 700b0400.sdhci [700b0400.sdhci] using ADMA
[    1.967950] [drm] Supports vblank timestamp caching Rev 2 (21.10.2013).
[    1.974570] [drm] No driver support for vblank timestamp query.
[    2.023858] mmc2: new high speed SDHC card at address 0007
[    2.024257] mmcblk2: mmc2:0007 SD08G 7.42 GiB 
[    2.033359] GPT:Primary header alternate_lba != Alt. header my_lba
[    2.033363] GPT:3014591 != 15564799
[    2.033365] GPT:Primary header thinks Alt. header is not at the end of the disk.
[    2.033366] GPT:3014591 != 15564799
[    2.033367] GPT: Use GNU Parted to correct GPT errors.
[    2.033392]  mmcblk2: p1 p2 p3 p4 p5 p6 p7 p8 p9 p10 p11 p12
[    2.062397] Console: switching to colour frame buffer device 170x48
[    2.126524] drm drm: fb0:  frame buffer device
[    2.130994] [drm] Initialized tegra 0.0.0 20120330 for drm on minor 0
[    2.138478] input: gpio-keys as /devices/soc0/gpio-keys/input/input1
[    2.146013] as3722-rtc as3722-rtc: setting system clock to 2000-01-01 00:00:23 UTC (946684823)
[    2.155164] +1.8V_RUN_CAM: disabling
[    2.158862] +3.3V_RUN_CAM: disabling
[    2.162641] +1.2V_RUN_CAM_FRONT: disabling
[    2.166914] +1.05V_RUN_CAM_REAR: disabling
[    2.171105] +2.8V_RUN_TOUCH: disabling
[    2.175017] +2.8V_RUN_CAM_AF: disabling
[    2.178959] +1.8V_RUN_VPP_FUSE: disabling
[    2.183097] +5V_VDD_TS_SW: disabling
[    2.186668] +5V_USB_HS: disabling
[    2.189971] +5V_USB_SS: disabling
[    2.194203] EXT4-fs (mmcblk0p3): couldn't mount as ext3 due to feature incompatibilities
[    2.202851] EXT4-fs (mmcblk0p3): couldn't mount as ext2 due to feature incompatibilities
[    2.346473] EXT4-fs (mmcblk0p3): recovery complete
[    2.352096] EXT4-fs (mmcblk0p3): mounted filesystem with ordered data mode. Opts: (null)
[    2.360243] VFS: Mounted root (ext4 filesystem) on device 179:3.
[    2.366913] devtmpfs: mounted
[    2.370551] Freeing unused kernel memory: 2048K
bash: cannot set terminal process group (-1): Inappropriate ioctl for device
bash: no job control in this shell
root@(none):/# mount -t sysfs none /sys
root@(none):/# 
root@(none):/# mount -t debugfs none /sys/kernel/debug
root@(none):/# 
root@(none):/# rtcwake -d rtc1 -m mem -s 3
rtcwake: assuming RTC uses UTC ...
rtcwake: wakeup from "mem" using /dev/rtc1 at Thu Jan  1 00:00:27 1970
[    4.804222] PM: Syncing filesystems ... done.
[    4.828892] Freezing user space processes ... (elapsed 0.001 seconds) done.
[    4.837040] Freezing remaining freezable tasks ... (elapsed 0.001 seconds) done.
[    4.845710] Suspending console(s) (use no_console_suspend to debug)
[    4.892346] PM: suspend of devices complete after 39.793 msecs
[    4.893584] PM: late suspend of devices complete after 1.230 msecs
[    4.894565] PM: noirq suspend of devices complete after 0.976 msecs
[    4.894567] Disabling non-boot CPUs ...
[    4.934536] IRQ17 no longer affine to CPU2
[    5.043995] Entering suspend state LP1
[    5.043995] Suspended for 3.098 seconds
[    5.044005] Enabling non-boot CPUs ...
[    5.073999] CPU1 is up
[    5.113884] CPU2 is up
[    5.154071] CPU3 is up
[    5.154548] PM: noirq resume of devices complete after 0.472 msecs
[    5.155757] PM: early resume of devices complete after 0.906 msecs
[    5.311629] mmc1: Switching to 3.3V signalling voltage failed
[    5.562449] tegra-sor 54540000.sor: failed to attach SOR: -110
[    5.599402] PM: resume of devices complete after 443.638 msecs
[    5.674891] Restarting tasks ... done.
root@(none):/# 
root@(none):/# rtcwake -d rtc1 -m mem -s 3
rtcwake: assuming RTC uses UTC ...
rtcwake: wakeup from "mem" using /dev/rtc1 at Thu Jan  1 00:00:32 1970
[    6.791529] PM: Syncing filesystems ... done.
[    6.816221] Freezing user space processes ... (elapsed 0.001 seconds) done.
[    6.824289] Freezing remaining freezable tasks ... (elapsed 0.001 seconds) done.
[    6.832901] Suspending console(s) (use no_console_suspend to debug)
[    6.878859] PM: suspend of devices complete after 39.156 msecs
[    6.880301] PM: late suspend of devices complete after 1.434 msecs
[    6.881155] PM: noirq suspend of devices complete after 0.849 msecs
[    6.881157] Disabling non-boot CPUs ...
[    6.881360] IRQ17 no longer affine to CPU1
[    7.073912] Entering suspend state LP1
[    7.073912] Suspended for 2.969 seconds
[    7.073922] Enabling non-boot CPUs ...
[    7.103967] CPU1 is up
[    7.143850] CPU2 is up
[    7.184032] CPU3 is up
[    7.184529] PM: noirq resume of devices complete after 0.492 msecs
[    7.185843] PM: early resume of devices complete after 1.020 msecs
[    7.342510] mmc1: Switching to 3.3V signalling voltage failed
[    7.602483] tegra-sor 54540000.sor: failed to attach SOR: -110
[    7.630262] PM: resume of devices complete after 444.409 msecs
[    7.705846] Restarting tasks ... done.
root@(none):/# 
root@(none):/# rtcwake -d rtc1 -m mem -s 3
rtcwake: assuming RTC uses UTC ...
rtcwake: wakeup from "mem" using /dev/rtc1 at Thu Jan  1 00:00:37 1970
[    8.821346] PM: Syncing filesystems ... done.
[    8.846971] Freezing user space processes ... (elapsed 0.001 seconds) done.
[    8.855127] Freezing remaining freezable tasks ... (elapsed 0.001 seconds) done.
[    8.863752] Suspending console(s) (use no_console_suspend to debug)
[    8.910485] PM: suspend of devices complete after 39.928 msecs
[    8.911740] PM: late suspend of devices complete after 1.247 msecs
[    8.912617] PM: noirq suspend of devices complete after 0.872 msecs
[    8.912619] Disabling non-boot CPUs ...
[    8.984336] IRQ17 no longer affine to CPU2
[    9.103890] Entering suspend state LP1
[    9.103890] Suspended for 2.969 seconds
[    9.103900] Enabling non-boot CPUs ...
[    9.133958] CPU1 is up
[    9.173809] CPU2 is up
[    9.214012] CPU3 is up
[    9.214478] PM: noirq resume of devices complete after 0.460 msecs
[    9.216013] PM: early resume of devices complete after 1.213 msecs
[    9.371511] mmc1: Switching to 3.3V signalling voltage failed
[    9.622449] tegra-sor 54540000.sor: failed to attach SOR: -110
[    9.659056] PM: resume of devices complete after 443.038 msecs
[    9.734548] Restarting tasks ... done.
root@(none):/# 
root@(none):/# rtcwake -d rtc1 -m mem -s 3
rtcwake: assuming RTC uses UTC ...
rtcwake: wakeup from "mem" using /dev/rtc1 at Thu Jan  1 00:00:42 1970
[   10.851319] PM: Syncing filesystems ... done.
[   10.875872] Freezing user space processes ... (elapsed 0.001 seconds) done.
[   10.883936] Freezing remaining freezable tasks ... (elapsed 0.001 seconds) done.
[   10.892551] Suspending console(s) (use no_console_suspend to debug)
[   10.938417] PM: suspend of devices complete after 39.061 msecs
[   10.939783] PM: late suspend of devices complete after 1.357 msecs
[   10.940720] PM: noirq suspend of devices complete after 0.932 msecs
[   10.940722] Disabling non-boot CPUs ...
[   10.940928] IRQ17 no longer affine to CPU1
[   11.113868] Entering suspend state LP1
[   11.113868] Suspended for 2.989 seconds
[   11.113878] Enabling non-boot CPUs ...
[   11.143942] CPU1 is up
[   11.183792] CPU2 is up
[   11.223996] CPU3 is up
[   11.224465] PM: noirq resume of devices complete after 0.465 msecs
[   11.225879] PM: early resume of devices complete after 1.092 msecs
[   11.381297] mmc1: Switching to 3.3V signalling voltage failed
[   11.632373] tegra-sor 54540000.sor: failed to attach SOR: -110
[   11.668861] PM: resume of devices complete after 442.976 msecs
[   11.744345] Restarting tasks ... done.
root@(none):/# 
root@(none):/# rtcwake -d rtc1 -m mem -s 3
rtcwake: assuming RTC uses UTC ...
rtcwake: wakeup from "mem" using /dev/rtc1 at Thu Jan  1 00:00:47 1970
[   12.861970] PM: Syncing filesystems ... done.
[   12.885687] Freezing user space processes ... (elapsed 0.001 seconds) done.
[   12.893752] Freezing remaining freezable tasks ... (elapsed 0.001 seconds) done.
[   12.902372] Suspending console(s) (use no_console_suspend to debug)
[   12.948901] PM: suspend of devices complete after 39.727 msecs
[   12.950306] PM: late suspend of devices complete after 1.396 msecs
[   12.951196] PM: noirq suspend of devices complete after 0.886 msecs
[   12.951199] Disabling non-boot CPUs ...
[   13.123837] Entering suspend state LP1
[   13.123837] Suspended for 2.989 seconds
[   13.123848] Enabling non-boot CPUs ...
[   13.153899] CPU1 is up
[   13.193759] CPU2 is up
[   13.233968] CPU3 is up
[   13.234437] PM: noirq resume of devices complete after 0.463 msecs
[   13.235842] PM: early resume of devices complete after 1.083 msecs
[   13.391485] mmc1: Switching to 3.3V signalling voltage failed
[   13.642375] tegra-sor 54540000.sor: failed to attach SOR: -110
[   13.679010] PM: resume of devices complete after 443.162 msecs
[   13.750414] Restarting tasks ... done.
root@(none):/# 
root@(none):/# rtcwake -d rtc1 -m mem -s 3
rtcwake: assuming RTC uses UTC ...
rtcwake: wakeup from "mem" using /dev/rtc1 at Thu Jan  1 00:00:52 1970
[   14.871273] PM: Syncing filesystems ... done.
[   14.895830] Freezing user space processes ... (elapsed 0.001 seconds) done.
[   14.903982] Freezing remaining freezable tasks ... (elapsed 0.001 seconds) done.
[   14.912604] Suspending console(s) (use no_console_suspend to debug)
[   14.959342] PM: suspend of devices complete after 39.934 msecs
[   14.960733] PM: late suspend of devices complete after 1.382 msecs
[   14.961681] PM: noirq suspend of devices complete after 0.943 msecs
[   14.961683] Disabling non-boot CPUs ...
[   15.133815] Entering suspend state LP1
[   15.133815] Suspended for 2.989 seconds
[   15.133825] Enabling non-boot CPUs ...
[   15.163901] CPU1 is up
[   15.203750] CPU2 is up
[   15.243957] CPU3 is up
[   15.244427] PM: noirq resume of devices complete after 0.466 msecs
[   15.245931] PM: early resume of devices complete after 1.201 msecs
[   15.401430] mmc1: Switching to 3.3V signalling voltage failed
[   15.652337] tegra-sor 54540000.sor: failed to attach SOR: -110
[   15.689010] PM: resume of devices complete after 443.073 msecs
[   15.760413] Restarting tasks ... done.
root@(none):/# 
root@(none):/# rtcwake -d rtc1 -m mem -s 3
rtcwake: assuming RTC uses UTC ...
rtcwake: wakeup from "mem" using /dev/rtc1 at Thu Jan  1 00:00:57 1970
[   16.882714] PM: Syncing filesystems ... done.
[   16.905832] Freezing user space processes ... (elapsed 0.001 seconds) done.
[   16.913999] Freezing remaining freezable tasks ... (elapsed 0.001 seconds) done.
[   16.922622] Suspending console(s) (use no_console_suspend to debug)
[   16.969498] PM: suspend of devices complete after 40.075 msecs
[   16.970755] PM: late suspend of devices complete after 1.249 msecs
[   16.971612] PM: noirq suspend of devices complete after 0.853 msecs
[   16.971614] Disabling non-boot CPUs ...
[   17.163798] Entering suspend state LP1
[   17.163798] Suspended for 2.969 seconds
[   17.163809] Enabling non-boot CPUs ...
[   17.193864] CPU1 is up
[   17.233715] CPU2 is up
[   17.273924] CPU3 is up
[   17.274390] PM: noirq resume of devices complete after 0.462 msecs
[   17.275631] PM: early resume of devices complete after 0.947 msecs
[   17.431332] mmc1: Switching to 3.3V signalling voltage failed
[   17.682359] tegra-sor 54540000.sor: failed to attach SOR: -110
[   17.718947] PM: resume of devices complete after 443.308 msecs
[   17.790376] Restarting tasks ... done.
root@(none):/# 
root@(none):/# rtcwake -d rtc1 -m mem -s 3
rtcwake: assuming RTC uses UTC ...
rtcwake: wakeup from "mem" using /dev/rtc1 at Thu Jan  1 00:01:02 1970
[   18.912631] PM: Syncing filesystems ... done.
[   18.935715] Freezing user space processes ... (elapsed 0.001 seconds) done.
[   18.943780] Freezing remaining freezable tasks ... (elapsed 0.001 seconds) done.
[   18.952398] Suspending console(s) (use no_console_suspend to debug)
[   18.998296] PM: suspend of devices complete after 39.093 msecs
[   18.999753] PM: late suspend of devices complete after 1.448 msecs
[   19.000620] PM: noirq suspend of devices complete after 0.863 msecs
[   19.000622] Disabling non-boot CPUs ...
[   19.173779] Entering suspend state LP1
[   19.173779] Suspended for 2.989 seconds
[   19.173790] Enabling non-boot CPUs ...
[   19.203836] CPU1 is up
[   19.243701] CPU2 is up
[   19.283911] CPU3 is up
[   19.284379] PM: noirq resume of devices complete after 0.463 msecs
[   19.285764] PM: early resume of devices complete after 1.069 msecs
[   19.441606] mmc1: Switching to 3.3V signalling voltage failed
[   19.702303] tegra-sor 54540000.sor: failed to attach SOR: -110
[   19.729123] PM: resume of devices complete after 443.353 msecs
[   19.800532] Restarting tasks ... done.
root@(none):/# 
root@(none):/# rtcwake -d rtc1 -m mem -s 3
rtcwake: assuming RTC uses UTC ...
rtcwake: wakeup from "mem" using /dev/rtc1 at Thu Jan  1 00:01:07 1970
[   20.922920] PM: Syncing filesystems ... done.
[   20.945942] Freezing user space processes ... (elapsed 0.001 seconds) done.
[   20.954101] Freezing remaining freezable tasks ... (elapsed 0.001 seconds) done.
[   20.962726] Suspending console(s) (use no_console_suspend to debug)
[   21.009568] PM: suspend of devices complete after 40.040 msecs
[   21.010915] PM: late suspend of devices complete after 1.338 msecs
[   21.011856] PM: noirq suspend of devices complete after 0.937 msecs
[   21.011858] Disabling non-boot CPUs ...
[   21.012061] IRQ17 no longer affine to CPU1
[   21.183773] Entering suspend state LP1
[   21.183773] Suspended for 2.989 seconds
[   21.183784] Enabling non-boot CPUs ...
[   21.213838] CPU1 is up
[   21.253687] CPU2 is up
[   21.293901] CPU3 is up
[   21.294369] PM: noirq resume of devices complete after 0.462 msecs
[   21.295916] PM: early resume of devices complete after 1.226 msecs
[   21.452278] mmc1: Switching to 3.3V signalling voltage failed
[   21.712310] tegra-sor 54540000.sor: failed to attach SOR: -110
[   21.739844] PM: resume of devices complete after 443.922 msecs
[   21.815354] Restarting tasks ... done.
root@(none):/# 
root@(none):/# rtcwake -d rtc1 -m mem -s 3
rtcwake: assuming RTC uses UTC ...
rtcwake: wakeup from "mem" using /dev/rtc1 at Thu Jan  1 00:01:12 1970
[   22.932591] PM: Syncing filesystems ... done.
[   22.956647] Freezing user space processes ... (elapsed 0.001 seconds) done.
[   22.964720] Freezing remaining freezable tasks ... (elapsed 0.001 seconds) done.
[   22.973337] Suspending console(s) (use no_console_suspend to debug)
[   23.019947] PM: suspend of devices complete after 39.809 msecs
[   23.021258] PM: late suspend of devices complete after 1.303 msecs
[   23.022138] PM: noirq suspend of devices complete after 0.875 msecs
[   23.022140] Disabling non-boot CPUs ...
[   23.223748] Entering suspend state LP1
[   23.223748] Suspended for 2.959 seconds
[   23.223759] Enabling non-boot CPUs ...
[   23.253791] CPU1 is up
[   23.293662] CPU2 is up
[   23.333869] CPU3 is up
[   23.334331] PM: noirq resume of devices complete after 0.458 msecs
[   23.335871] PM: early resume of devices complete after 1.238 msecs
[   23.491342] mmc1: Switching to 3.3V signalling voltage failed
[   23.742276] tegra-sor 54540000.sor: failed to attach SOR: -110
[   23.778919] PM: resume of devices complete after 443.042 msecs
[   23.850323] Restarting tasks ... done.
root@(none):/# 
root@(none):/# NVTB SYSTEM SUSPEND TEST COMPLETE
