
U-Boot SPL 2016.05-rc2 (Apr 21 2016 - 16:23:00)
Trying to boot from RAM


U-Boot 2016.05-rc2 (Apr 21 2016 - 16:23:00 -0700)

TEGRA124
Model: NVIDIA Jetson TK1
Board: NVIDIA Jetson TK1
DRAM:  2 GiB
MMC:   Tegra SD/MMC: 0, Tegra SD/MMC: 1
In:    serial
Out:   serial
Err:   serial
Net:   No ethernet found.
Hit any key to stop autoboot:  2  0 
Tegra124 (Jetson TK1) # 
Tegra124 (Jetson TK1) # pci enum
Tegra124 (Jetson TK1) # setenv bootargs 'ignore_loglevel console=ttyS0,115200n8 rw root=PARTUUID=b1791faa-84e8-4e27-83a1-9fb0a77e8803 rootwait gpt debug noinitrd earlyprintk init=/bin/bash'
Tegra124 (Jetson TK1) # setenv ipaddr 192.168.100.102; setenv serverip 192.168.100.1; setenv tftpserverip 192.168.100.1
Tegra124 (Jetson TK1) # tftpboot 0x82000000 zImage.multi_v7_defconfig

Warning: eth_rtl8169 using MAC address from ROM
Using eth_rtl8169 device
TFTP from server 192.168.100.1; our IP address is 192.168.100.102
Filename 'zImage.multi_v7_defconfig'.
Load address: 0x82000000
Loading: *#################################################################
	 #################################################################
	 #################################################################
	 #################################################################
	 #################################################################
	 #################################################################
	 #################################################################
	 #################################################################
	 ###############################
	 3.9 MiB/s
done
Bytes transferred = 8077824 (7b4200 hex)
Tegra124 (Jetson TK1) # tftpboot 0x83000000 tegra124-jetson-tk1.dtb
Using eth_rtl8169 device
TFTP from server 192.168.100.1; our IP address is 192.168.100.102
Filename 'tegra124-jetson-tk1.dtb'.
Load address: 0x83000000
Loading: *#####
	 3.7 MiB/s
done
Bytes transferred = 66544 (103f0 hex)
Tegra124 (Jetson TK1) # bootz 0x82000000 - 0x83000000
Kernel image @ 0x82000000 [ 0x000000 - 0x7b4200 ]
## Flattened Device Tree blob at 83000000
   Booting using the fdt blob at 0x83000000
   Using Device Tree in place at 83000000, end 830133ef

Starting kernel ...

[    0.000000] Booting Linux on physical CPU 0x0
[    0.000000] Linux version 4.15.0-rc4-next-20171221-340845-g0e08c463db38 (jonathanh@tamien) (gcc version 4.7.3 20130328 (prerelease) (crosstool-NG linaro-1.13.1-4.7-2013.04-20130415 - Linaro GCC 2013.04)) #1 SMP Wed Dec 20 21:04:31 PST 2017
[    0.000000] CPU: ARMv7 Processor [413fc0f3] revision 3 (ARMv7), cr=10c5387d
[    0.000000] CPU: div instructions available: patching division code
[    0.000000] CPU: PIPT / VIPT nonaliasing data cache, PIPT instruction cache
[    0.000000] OF: fdt: Machine model: NVIDIA Tegra124 Jetson TK1
[    0.000000] debug: ignoring loglevel setting.
[    0.000000] Memory policy: Data cache writealloc
[    0.000000] efi: Getting EFI parameters from FDT:
[    0.000000] efi: UEFI not found.
[    0.000000] cma: Reserved 64 MiB at 0xfb800000
[    0.000000] On node 0 totalpages: 524032
[    0.000000]   DMA zone: 1536 pages used for memmap
[    0.000000]   DMA zone: 0 pages reserved
[    0.000000]   DMA zone: 196608 pages, LIFO batch:31
[    0.000000]   HighMem zone: 327424 pages, LIFO batch:31
[    0.000000] random: fast init done
[    0.000000] percpu: Embedded 17 pages/cpu @(ptrval) s39040 r8192 d22400 u69632
[    0.000000] pcpu-alloc: s39040 r8192 d22400 u69632 alloc=17*4096
[    0.000000] pcpu-alloc: [0] 0 [0] 1 [0] 2 [0] 3 
[    0.000000] Built 1 zonelists, mobility grouping on.  Total pages: 522496
[    0.000000] Kernel command line: ignore_loglevel console=ttyS0,115200n8 rw root=PARTUUID=b1791faa-84e8-4e27-83a1-9fb0a77e8803 rootwait gpt debug noinitrd earlyprintk init=/bin/bash
[    0.000000] Dentry cache hash table entries: 131072 (order: 7, 524288 bytes)
[    0.000000] Inode-cache hash table entries: 65536 (order: 6, 262144 bytes)
[    0.000000] Memory: 1992460K/2096128K available (11264K kernel code, 1582K rwdata, 4316K rodata, 2048K init, 404K bss, 38132K reserved, 65536K cma-reserved, 1244160K highmem)
[    0.000000] Virtual kernel memory layout:
[    0.000000]     vector  : 0xffff0000 - 0xffff1000   (   4 kB)
[    0.000000]     fixmap  : 0xffc00000 - 0xfff00000   (3072 kB)
[    0.000000]     vmalloc : 0xf0800000 - 0xff800000   ( 240 MB)
[    0.000000]     lowmem  : 0xc0000000 - 0xf0000000   ( 768 MB)
[    0.000000]     pkmap   : 0xbfe00000 - 0xc0000000   (   2 MB)
[    0.000000]     modules : 0xbf000000 - 0xbfe00000   (  14 MB)
[    0.000000]       .text : 0x(ptrval) - 0x(ptrval)   (12256 kB)
[    0.000000]       .init : 0x(ptrval) - 0x(ptrval)   (2048 kB)
[    0.000000]       .data : 0x(ptrval) - 0x(ptrval)   (1583 kB)
[    0.000000]        .bss : 0x(ptrval) - 0x(ptrval)   ( 405 kB)
[    0.000000] SLUB: HWalign=64, Order=0-3, MinObjects=0, CPUs=4, Nodes=1
[    0.000000] Hierarchical RCU implementation.
[    0.000000] 	RCU event tracing is enabled.
[    0.000000] 	RCU restricting CPUs from NR_CPUS=16 to nr_cpu_ids=4.
[    0.000000] RCU: Adjusting geometry for rcu_fanout_leaf=16, nr_cpu_ids=4
[    0.000000] NR_IRQS: 16, nr_irqs: 16, preallocated irqs: 16
[    0.000000] /interrupt-controller@60004000: 160 interrupts forwarded to /interrupt-controller@50041000
[    0.000000] Tegra clk 127: register failed with -17
[    0.000008] sched_clock: 32 bits at 1000kHz, resolution 1000ns, wraps every 2147483647500ns
[    0.000028] clocksource: timer_us: mask: 0xffffffff max_cycles: 0xffffffff, max_idle_ns: 1911260446275 ns
[    0.000043] Switching to timer-based delay loop, resolution 1000ns
[    0.005266] arch_timer: cp15 timer(s) running at 12.00MHz (virt).
[    0.005286] clocksource: arch_sys_counter: mask: 0xffffffffffffff max_cycles: 0x2c47f4ee7, max_idle_ns: 440795202497 ns
[    0.005306] sched_clock: 56 bits at 12MHz, resolution 83ns, wraps every 4398046511096ns
[    0.005319] Switching to timer-based delay loop, resolution 83ns
[    0.005835] Console: colour dummy device 80x30
[    0.005869] Calibrating delay loop (skipped), value calculated using timer frequency.. 24.00 BogoMIPS (lpj=120000)
[    0.005887] pid_max: default: 32768 minimum: 301
[    0.006005] Mount-cache hash table entries: 2048 (order: 1, 8192 bytes)
[    0.006019] Mountpoint-cache hash table entries: 2048 (order: 1, 8192 bytes)
[    0.006518] CPU: Testing write buffer coherency: ok
[    0.006790] /cpus/cpu@0 missing clock-frequency property
[    0.006835] /cpus/cpu@1 missing clock-frequency property
[    0.006879] /cpus/cpu@2 missing clock-frequency property
[    0.006924] /cpus/cpu@3 missing clock-frequency property
[    0.006937] CPU0: thread -1, cpu 0, socket 0, mpidr 80000000
[    0.007235] Setting up static identity map for 0x80300000 - 0x803000a0
[    0.009225] Hierarchical SRCU implementation.
[    0.011152] Tegra Revision: A01 SKU: 129 CPU Process: 1 SoC Process: 1
[    0.011983] EFI services will not be available.
[    0.012143] smp: Bringing up secondary CPUs ...
[    0.012711] CPU1: thread -1, cpu 1, socket 0, mpidr 80000001
[    0.015775] CPU2: thread -1, cpu 2, socket 0, mpidr 80000002
[    0.025802] CPU3: thread -1, cpu 3, socket 0, mpidr 80000003
[    0.035263] smp: Brought up 1 node, 4 CPUs
[    0.035285] SMP: Total of 4 processors activated (96.00 BogoMIPS).
[    0.035293] CPU: All CPU(s) started in SVC mode.
[    0.036823] devtmpfs: initialized
[    0.051718] Built 1 zonelists, mobility grouping on.  Total pages: 514499
[    0.052083] VFP support v0.3: implementor 41 architecture 4 part 30 variant f rev 0
[    0.052508] clocksource: jiffies: mask: 0xffffffff max_cycles: 0xffffffff, max_idle_ns: 19112604462750000 ns
[    0.052527] futex hash table entries: 1024 (order: 4, 65536 bytes)
[    0.052713] pinctrl core: initialized pinctrl subsystem
[    0.054208] DMI not present or invalid.
[    0.054466] NET: Registered protocol family 16
[    0.056512] DMA: preallocated 256 KiB pool for atomic coherent allocations
[    0.059009] cpuidle: using governor menu
[    0.084681] No ATAGs?
[    0.084806] hw-breakpoint: found 5 (+1 reserved) breakpoint and 4 watchpoint registers.
[    0.084822] hw-breakpoint: maximum watchpoint size is 8 bytes.
[    0.092639] Serial: AMBA PL011 UART driver
[    0.094125] iommu: Adding device 50000000.host1x to group 0
[    0.094205] iommu: Adding device 54200000.dc to group 1
[    0.094265] iommu: Adding device 54240000.dc to group 1
[    0.094338] iommu: Adding device 57000000.gpu to group 2
[    0.109577] AT91: Could not find identification node
[    0.110143] +5V_SYS: supplied by +VDD_MUX
[    0.110426] +3.3V_SYS: supplied by +VDD_MUX
[    0.111039] +USB0_VBUS_SW: Failed to request enable GPIO108: -517
[    0.111054] reg-fixed-voltage regulators:regulator@7: Failed to register regulator: -517
[    0.111153] +5V_USB_HS: Failed to request enable GPIO109: -517
[    0.111167] reg-fixed-voltage regulators:regulator@8: Failed to register regulator: -517
[    0.111348] +1.05V_RUN_AVDD_HDMI_PLL: Failed to request enable GPIO63: -517
[    0.111362] reg-fixed-voltage regulators:regulator@11: Failed to register regulator: -517
[    0.111457] +5V_HDMI_CON: Failed to request enable GPIO86: -517
[    0.111471] reg-fixed-voltage regulators:regulator@12: Failed to register regulator: -517
[    0.111565] +5V_SATA: Failed to request enable GPIO242: -517
[    0.111578] reg-fixed-voltage regulators:regulator@13: Failed to register regulator: -517
[    0.111674] +12V_SATA: Failed to request enable GPIO242: -517
[    0.111687] reg-fixed-voltage regulators:regulator@14: Failed to register regulator: -517
[    0.114842] vgaarb: loaded
[    0.115615] SCSI subsystem initialized
[    0.115801] libata version 3.00 loaded.
[    0.116003] usbcore: registered new interface driver usbfs
[    0.116056] usbcore: registered new interface driver hub
[    0.116114] usbcore: registered new device driver usb
[    0.119638] pps_core: LinuxPPS API ver. 1 registered
[    0.119649] pps_core: Software ver. 5.3.6 - Copyright 2005-2007 Rodolfo Giometti <giometti@linux.it>
[    0.119671] PTP clock support registered
[    0.119865] EDAC MC: Ver: 3.0.0
[    0.122751] clocksource: Switched to clocksource arch_sys_counter
[    0.173000] NET: Registered protocol family 2
[    0.173498] tcp_listen_portaddr_hash hash table entries: 512 (order: 0, 6144 bytes)
[    0.173530] TCP established hash table entries: 8192 (order: 3, 32768 bytes)
[    0.173629] TCP bind hash table entries: 8192 (order: 4, 65536 bytes)
[    0.173816] TCP: Hash tables configured (established 8192 bind 8192)
[    0.173898] UDP hash table entries: 512 (order: 2, 16384 bytes)
[    0.173945] UDP-Lite hash table entries: 512 (order: 2, 16384 bytes)
[    0.174096] NET: Registered protocol family 1
[    0.174419] RPC: Registered named UNIX socket transport module.
[    0.174430] RPC: Registered udp transport module.
[    0.174439] RPC: Registered tcp transport module.
[    0.174447] RPC: Registered tcp NFSv4.1 backchannel transport module.
[    0.174460] PCI: CLS 0 bytes, default 64
[    0.175953] hw perfevents: enabled with armv7_cortex_a15 PMU driver, 7 counters available
[    0.177481] Initialise system trusted keyrings
[    0.177627] workingset: timestamp_bits=30 max_order=19 bucket_order=0
[    0.184141] squashfs: version 4.0 (2009/01/31) Phillip Lougher
[    0.184715] NFS: Registering the id_resolver key type
[    0.184748] Key type id_resolver registered
[    0.184757] Key type id_legacy registered
[    0.184803] ntfs: driver 2.1.32 [Flags: R/O].
[    0.186268] Key type asymmetric registered
[    0.186280] Asymmetric key parser 'x509' registered
[    0.186334] bounce: pool size: 64 pages
[    0.186384] Block layer SCSI generic (bsg) driver version 0.4 loaded (major 246)
[    0.186395] io scheduler noop registered
[    0.186404] io scheduler deadline registered
[    0.186625] io scheduler cfq registered (default)
[    0.186636] io scheduler mq-deadline registered
[    0.186646] io scheduler kyber registered
[    0.190835]  usb2-0: usb2-0 supply vbus not found, using dummy regulator
[    0.190940]  usb2-1: usb2-1 supply vbus not found, using dummy regulator
[    0.191310] tegra-xusb-padctl 7009f000.padctl: failed to setup XUSB ports: -517
[    0.211242] tegra-pcie 1003000.pcie: 2x1, 1x1 configuration
[    0.211299] tegra-pcie 1003000.pcie: Failed to get supply 'avddio-pex': -517
[    0.217906] tegra124-dfll 70110000.clock: couldn't get vdd_cpu regulator
[    0.224545] tegra-apbdma 60020000.dma: Tegra20 APB DMA driver register 32 channels
[    0.228000] tegra-pmc 7000e400.pmc: emergency thermal reset enabled
[    0.279130] Serial: 8250/16550 driver, 4 ports, IRQ sharing disabled
[    0.281756] console [ttyS0] disabled
[    0.281796] 70006300.serial: ttyS0 at MMIO 0x70006300 (irq = 335, base_baud = 25500000) is a Tegra
[    1.219242] console [ttyS0] enabled
[    1.223677] SuperH (H)SCI(F) driver initialized
[    1.229364] msm_serial: driver initialized
[    1.233680] STMicroelectronics ASC driver initialized
[    1.239429] 70006000.serial: ttyTHS1 at MMIO 0x70006000 (irq = 333, base_baud = 0) is a TEGRA_UART
[    1.248694] 70006040.serial: ttyTHS2 at MMIO 0x70006040 (irq = 334, base_baud = 0) is a TEGRA_UART
[    1.263330] Failed to attached device 54200000.dc to IOMMU_mapping
[    1.277722] Failed to attached device 54240000.dc to IOMMU_mapping
[    1.292650] tegra-hdmi 54280000.hdmi: failed to get HDMI regulator
[    1.309986] brd: module loaded
[    1.319306] loop: module loaded
[    1.323697] at24 0-0056: 256 byte 24c02 EEPROM, writable, 8 bytes/write
[    1.332036] as3722 4-0040: AS3722 with revision 0x1 found
[    1.343748] as3722-sd2: supplied by +5V_SYS
[    1.348332] as3722-sd3: supplied by +5V_SYS
[    1.352727] +1.35V_LP0(sd3): Bringing 0uV into 1350000-1350000uV
[    1.359058] as3722-sd4: supplied by +5V_SYS
[    1.363671] as3722-sd5: supplied by +5V_SYS
[    1.369613] as3722-ldo0: supplied by +1.35V_LP0(sd2)
[    1.375665] +1.8V_RUN_CAM: Bringing 0uV into 1800000-1800000uV
[    1.381834] as3722-ldo2: supplied by +1.8V_VDDIO
[    1.387707] as3722-ldo3: supplied by +3.3V_SYS
[    1.392195] +1.05V_LP0_VDD_RTC: Bringing 1100000uV into 1000000-1000000uV
[    1.399956] as3722-ldo4: supplied by +3.3V_SYS
[    1.404629] +2.8V_RUN_CAM: Bringing 0uV into 2800000-2800000uV
[    1.410797] as3722-ldo5: supplied by +1.8V_VDDIO
[    1.415646] +1.2V_RUN_CAM_FRONT: Bringing 0uV into 1200000-1200000uV
[    1.422542] +VDDIO_SDMMC3: bypassed regulator has no supply!
[    1.428216] +VDDIO_SDMMC3: failed to get the current voltage(-517)
[    1.434408] as3722-regulator as3722-regulator: regulator 13 register failed -517
[    1.447083] tegra-ahci 70027000.sata: couldn't get PHY in node sata: -517
[    1.469643] m25p80 spi1.0: w25q32dw (4096 Kbytes)
[    1.477011] libphy: Fixed MDIO Bus: probed
[    1.482047] CAN device driver interface
[    1.486902] bgmac_bcma: Broadcom 47xx GBit MAC driver loaded
[    1.494049] e1000e: Intel(R) PRO/1000 Network Driver - 3.2.6-k
[    1.499874] e1000e: Copyright(c) 1999 - 2015 Intel Corporation.
[    1.505928] igb: Intel(R) Gigabit Ethernet Network Driver - version 5.4.0-k
[    1.512894] igb: Copyright (c) 2007-2014 Intel Corporation.
[    1.522685] pegasus: v0.9.3 (2013/04/25), Pegasus/Pegasus II USB Ethernet driver
[    1.530131] usbcore: registered new interface driver pegasus
[    1.535836] usbcore: registered new interface driver asix
[    1.541260] usbcore: registered new interface driver ax88179_178a
[    1.547401] usbcore: registered new interface driver cdc_ether
[    1.553280] usbcore: registered new interface driver smsc75xx
[    1.559056] usbcore: registered new interface driver smsc95xx
[    1.564839] usbcore: registered new interface driver net1080
[    1.570519] usbcore: registered new interface driver cdc_subset
[    1.576475] usbcore: registered new interface driver zaurus
[    1.582081] usbcore: registered new interface driver cdc_ncm
[    1.587980] tegra-phy 7d000000.usb-phy: no vbus regulator
[    1.593589] tegra-phy 7d004000.usb-phy: no vbus regulator
[    1.601127] ehci_hcd: USB 2.0 'Enhanced' Host Controller (EHCI) Driver
[    1.607666] ehci-pci: EHCI PCI platform driver
[    1.612136] ehci-platform: EHCI generic platform driver
[    1.617592] ehci-orion: EHCI orion driver
[    1.621767] SPEAr-ehci: EHCI SPEAr driver
[    1.625944] ehci-st: EHCI STMicroelectronics driver
[    1.630961] ehci-exynos: EHCI EXYNOS driver
[    1.635321] ehci-atmel: EHCI Atmel driver
[    1.639469] tegra-ehci: Tegra EHCI driver
[    1.646341] tegra-ehci 7d004000.usb: EHCI Host Controller
[    1.651752] tegra-ehci 7d004000.usb: new USB bus registered, assigned bus number 1
[    1.659502] tegra-ehci 7d004000.usb: irq 356, io mem 0x7d004000
[    1.692764] tegra-ehci 7d004000.usb: USB 2.0 started, EHCI 1.10
[    1.699331] hub 1-0:1.0: USB hub found
[    1.703140] hub 1-0:1.0: 1 port detected
[    1.707619] ohci_hcd: USB 1.1 'Open' Host Controller (OHCI) Driver
[    1.713823] ohci-pci: OHCI PCI platform driver
[    1.718296] ohci-platform: OHCI generic platform driver
[    1.723745] SPEAr-ohci: OHCI SPEAr driver
[    1.727896] ohci-st: OHCI STMicroelectronics driver
[    1.732928] ohci-atmel: OHCI Atmel driver
[    1.737768] usbcore: registered new interface driver usb-storage
[    1.752809] as3722-rtc as3722-rtc: rtc core: registered as3722-rtc as rtc0
[    1.759680] as3722-rtc as3722-rtc: RTC interrupt 379
[    1.768060] tegra_rtc 7000e000.rtc: rtc core: registered 7000e000.rtc as rtc1
[    1.775262] tegra_rtc 7000e000.rtc: Tegra internal Real Time Clock
[    1.782013] i2c /dev entries driver
[    1.792916] lm90 0-004c: 0-004c supply vcc not found, using dummy regulator
[    1.810749] sdhci: Secure Digital Host Controller Interface driver
[    1.816942] sdhci: Copyright(c) Pierre Ossman
[    1.823199] Synopsys Designware Multimedia Card Interface Driver
[    1.830810] sdhci-pltfm: SDHCI platform and OF driver helper
[    1.837325] sdhci-tegra 700b0400.sdhci: Got CD GPIO
[    1.842213] sdhci-tegra 700b0400.sdhci: Got WP GPIO
[    1.863473] mmc0: Unknown controller version (3). You may experience problems.
[    1.870731] mmc0: Invalid maximum block size, assuming 512 bytes
[    1.907712] mmc0: SDHCI controller on 700b0600.sdhci [700b0600.sdhci] using ADMA
[    1.917384] ledtrig-cpu: registered to indicate activity on CPUs
[    1.923690] usbcore: registered new interface driver usbhid
[    1.929253] usbhid: USB HID core driver
[    1.937457] NET: Registered protocol family 10
[    1.942789] Segment Routing with IPv6
[    1.946507] sit: IPv6, IPv4 and MPLS over IPv4 tunneling driver
[    1.952954] NET: Registered protocol family 17
[    1.957399] can: controller area network core (rev 20170425 abi 9)
[    1.963642] NET: Registered protocol family 29
[    1.968081] can: raw protocol (rev 20170425)
[    1.972343] can: broadcast manager protocol (rev 20170425 t)
[    1.978020] can: netlink gateway (rev 20170425) max_hops=1
[    1.983796] Key type dns_resolver registered
[    1.988573] ThumbEE CPU extension supported.
[    1.992867] Registering SWP/SWPB emulation handler
[    1.998165] Loading compiled-in X.509 certificates
[    2.018126] +3.3V_RUN: supplied by +3.3V_SYS
[    2.023819] +USB0_VBUS_SW: supplied by +5V_SYS
[    2.028544] +3.3V_AVDD_HDMI_AP_GATED: supplied by +3.3V_RUN
[    2.034705] +5V_USB_HS: supplied by +5V_SYS
[    2.040850] +3.3V_LP0: supplied by +3.3V_SYS
[    2.045536] mmc0: new high speed MMC card at address 0001
[    2.047465] +5V_HDMI_CON: supplied by +5V_SYS
[    2.048101] +5V_SATA: supplied by +5V_SYS
[    2.048720] +12V_SATA: supplied by +VDD_MUX
[    2.050354]  usb2-0: usb2-0 supply vbus not found, using dummy regulator
[    2.050473]  usb2-1: usb2-1 supply vbus not found, using dummy regulator
[    2.050758]  usb3-0: usb3-0 supply vbus not found, using dummy regulator
[    2.052104] tegra-pcie 1003000.pcie: 2x1, 1x1 configuration
[    2.052159] tegra-pcie 1003000.pcie: Failed to get supply 'avddio-pex': -517
[    2.055470] tegra124-dfll 70110000.clock: couldn't get vdd_cpu regulator
[    2.059460] tegra-hdmi 54280000.hdmi: failed to get PLL regulator
[    2.065724] as3722-sd2: supplied by +5V_SYS
[    2.066059] as3722-sd3: supplied by +5V_SYS
[    2.066344] as3722-sd4: supplied by +5V_SYS
[    2.066616] as3722-sd5: supplied by +5V_SYS
[    2.068478] as3722-ldo0: supplied by +1.35V_LP0(sd2)
[    2.069370] as3722-ldo1: supplied by +3.3V_RUN
[    2.069763] as3722-ldo2: supplied by +1.8V_VDDIO
[    2.070744] as3722-ldo3: supplied by +3.3V_SYS
[    2.071648] as3722-ldo4: supplied by +3.3V_SYS
[    2.071948] as3722-ldo5: supplied by +1.8V_VDDIO
[    2.072240] as3722-ldo6: supplied by +3.3V_RUN
[    2.072535] as3722-ldo7: supplied by +1.8V_VDDIO
[    2.073141] +1.05V_RUN_CAM_REAR: Bringing 0uV into 1050000-1050000uV
[    2.073865] as3722-ldo9: supplied by +5V_SYS
[    2.075130] +3.3V_RUN_TOUCH: Bringing 0uV into 2800000-2800000uV
[    2.075605] as3722-ldo10: supplied by +5V_SYS
[    2.075844] +2.8V_RUN_CAM_AF: Bringing 0uV into 2800000-2800000uV
[    2.076589] as3722-ldo11: supplied by +3.3V_RUN
[    2.077179] +1.8V_RUN_VPP_FUSE: Bringing 0uV into 1800000-1800000uV
[    2.081124] tegra-ahci 70027000.sata: AHCI 0001.0301 32 slots 2 ports 3 Gbps 0x1 impl platform mode
[    2.081136] tegra-ahci 70027000.sata: flags: 64bit ncq sntf pm led pio slum part sadm sds apst 
[    2.082457] scsi host0: tegra-ahci
[    2.083197] scsi host1: tegra-ahci
[    2.083502] ata1: SATA max UDMA/133 mmio [mem 0x70027000-0x70028fff] port 0x100 irq 345
[    2.083508] ata2: DUMMY
[    2.087655] tegra-ehci 7d008000.usb: EHCI Host Controller
[    2.087683] tegra-ehci 7d008000.usb: new USB bus registered, assigned bus number 2
[    2.087889] tegra-ehci 7d008000.usb: irq 357, io mem 0x7d008000
[    2.112883] tegra-ehci 7d008000.usb: USB 2.0 started, EHCI 1.10
[    2.113744] hub 2-0:1.0: USB hub found
[    2.113792] hub 2-0:1.0: 1 port detected
[    2.116883] sdhci-tegra 700b0400.sdhci: Got CD GPIO
[    2.116906] sdhci-tegra 700b0400.sdhci: Got WP GPIO
[    2.125418] mmc1: Unknown controller version (3). You may experience problems.
[    2.125524] mmc1: Invalid maximum block size, assuming 512 bytes
[    2.156093] mmc1: SDHCI controller on 700b0400.sdhci [700b0400.sdhci] using ADMA
[    2.157035] tegra-pcie 1003000.pcie: 2x1, 1x1 configuration
[    2.159543] tegra-pcie 1003000.pcie: probing port 0, using 2 lanes
[    2.161020] tegra-pcie 1003000.pcie: Slot present pin change, signature: 00000008
[    2.192793] tegra-pcie 1003000.pcie: probing port 1, using 1 lanes
[    2.194965] tegra-pcie 1003000.pcie: Slot present pin change, signature: 00000000
[    2.209440] tegra-pcie 1003000.pcie: PCI host bridge to bus 0000:00
[    2.209449] pci_bus 0000:00: root bus resource [io  0x0000-0xffff]
[    2.209457] pci_bus 0000:00: root bus resource [mem 0x13000000-0x1fffffff]
[    2.209465] pci_bus 0000:00: root bus resource [mem 0x20000000-0x3fffffff pref]
[    2.209474] pci_bus 0000:00: root bus resource [bus 00-ff]
[    2.209518] pci 0000:00:01.0: [10de:0e12] type 01 class 0x060400
[    2.209539] pci_bus 0000:00: 2-byte config write to 0000:00:01.0 offset 0x4 may corrupt adjacent RW1C bits
[    2.209551] pci_bus 0000:00: 2-byte config write to 0000:00:01.0 offset 0x4 may corrupt adjacent RW1C bits
[    2.209613] pci 0000:00:01.0: enabling Extended Tags
[    2.209626] pci_bus 0000:00: 2-byte config write to 0000:00:01.0 offset 0x88 may corrupt adjacent RW1C bits
[    2.209684] pci_bus 0000:00: 2-byte config write to 0000:00:01.0 offset 0x52 may corrupt adjacent RW1C bits
[    2.209741] pci 0000:00:01.0: PME# supported from D0 D1 D2 D3hot D3cold
[    2.209753] pci_bus 0000:00: 2-byte config write to 0000:00:01.0 offset 0x4c may corrupt adjacent RW1C bits
[    2.210070] pci 0000:00:02.0: [10de:0e13] type 01 class 0x060400
[    2.210092] pci_bus 0000:00: 2-byte config write to 0000:00:02.0 offset 0x4 may corrupt adjacent RW1C bits
[    2.210104] pci_bus 0000:00: 2-byte config write to 0000:00:02.0 offset 0x4 may corrupt adjacent RW1C bits
[    2.210146] pci 0000:00:02.0: enabling Extended Tags
[    2.210156] pci_bus 0000:00: 2-byte config write to 0000:00:02.0 offset 0x88 may corrupt adjacent RW1C bits
[    2.210196] pci_bus 0000:00: 2-byte config write to 0000:00:02.0 offset 0x52 may corrupt adjacent RW1C bits
[    2.210250] pci 0000:00:02.0: PME# supported from D0 D1 D2 D3hot D3cold
[    2.210260] pci_bus 0000:00: 2-byte config write to 0000:00:02.0 offset 0x4c may corrupt adjacent RW1C bits
[    2.210561] PCI: bus0: Fast back to back transfers disabled
[    2.210572] pci 0000:00:01.0: bridge configuration invalid ([bus 00-00]), reconfiguring
[    2.210592] pci 0000:00:02.0: bridge configuration invalid ([bus 00-00]), reconfiguring
[    2.210796] pci 0000:01:00.0: [8086:4232] type 00 class 0x028000
[    2.210856] pci 0000:01:00.0: reg 0x10: [mem 0x00000000-0x00001fff 64bit]
[    2.211146] PCI: bus1: Fast back to back transfers disabled
[    2.211158] pci_bus 0000:01: busn_res: [bus 01-ff] end is updated to 01
[    2.211360] pci 0000:02:00.0: [10ec:8168] type 00 class 0x020000
[    2.211400] pci 0000:02:00.0: reg 0x10: [io  0x0000-0x00ff]
[    2.211443] pci 0000:02:00.0: reg 0x18: [mem 0x00000000-0x00000fff 64bit]
[    2.211472] pci 0000:02:00.0: reg 0x20: [mem 0x00000000-0x00003fff 64bit pref]
[    2.211683] PCI: bus2: Fast back to back transfers disabled
[    2.211692] pci_bus 0000:02: busn_res: [bus 02-ff] end is updated to 02
[    2.211738] pci 0000:00:01.0: BAR 8: assigned [mem 0x13000000-0x130fffff]
[    2.211747] pci 0000:00:02.0: BAR 8: assigned [mem 0x13100000-0x131fffff]
[    2.211757] pci 0000:00:02.0: BAR 9: assigned [mem 0x20000000-0x200fffff 64bit pref]
[    2.211766] pci 0000:00:02.0: BAR 7: assigned [io  0x1000-0x1fff]
[    2.211778] pci 0000:01:00.0: BAR 0: assigned [mem 0x13000000-0x13001fff 64bit]
[    2.211810] pci 0000:00:01.0: PCI bridge to [bus 01]
[    2.211824] pci 0000:00:01.0:   bridge window [mem 0x13000000-0x130fffff]
[    2.211844] pci 0000:02:00.0: BAR 4: assigned [mem 0x20000000-0x20003fff 64bit pref]
[    2.211870] pci 0000:02:00.0: BAR 2: assigned [mem 0x13100000-0x13100fff 64bit]
[    2.211894] pci 0000:02:00.0: BAR 0: assigned [io  0x1000-0x10ff]
[    2.211907] pci 0000:00:02.0: PCI bridge to [bus 02]
[    2.211915] pci 0000:00:02.0:   bridge window [io  0x1000-0x1fff]
[    2.211927] pci 0000:00:02.0:   bridge window [mem 0x13100000-0x131fffff]
[    2.211937] pci 0000:00:02.0:   bridge window [mem 0x20000000-0x200fffff 64bit pref]
[    2.211978] pci 0000:00:01.0: nv_msi_ht_cap_quirk didn't locate host bridge
[    2.212130] pcieport 0000:00:01.0: enabling device (0140 -> 0142)
[    2.212408] pcieport 0000:00:01.0: Signaling PME with IRQ 395
[    2.212599] pci 0000:00:02.0: nv_msi_ht_cap_quirk didn't locate host bridge
[    2.212718] pcieport 0000:00:02.0: enabling device (0140 -> 0143)
[    2.213055] pcieport 0000:00:02.0: Signaling PME with IRQ 396
[    2.213529] r8169 Gigabit Ethernet driver 2.3LK-NAPI loaded
[    2.213564] r8169 0000:02:00.0: enabling device (0140 -> 0143)
[    2.213619] r8169 0000:02:00.0 (unnamed net_device) (uninitialized): not PCI Express
[    2.244356] r8169 0000:02:00.0 eth0: RTL8168g/8111g at 0x90e8d055, 00:04:4b:3a:d9:81, XID 0c000800 IRQ 22
[    2.244365] r8169 0000:02:00.0 eth0: jumbo features [frames: 9200 bytes, tx checksumming: ko]
[    2.249606] +1.05V_RUN_AVDD_HDMI_PLL: supplied by +1.05V_RUN
[    2.251819] [drm] Supports vblank timestamp caching Rev 2 (21.10.2013).
[    2.251824] [drm] No driver support for vblank timestamp query.
[    2.251874] [drm] Cannot find any crtc or sizes
[    2.252023] [drm] Initialized tegra 0.0.0 20120330 for drm on minor 0
[    2.254328] cpufreq: cpufreq_online: CPU0: Running at unlisted freq: 696000 KHz
[    2.254356] cpufreq: cpufreq_online: CPU0: Unlisted initial frequency changed to: 714000 KHz
[    2.255108] input: gpio-keys as /devices/soc0/gpio-keys/input/input0
[    2.260106] as3722-rtc as3722-rtc: setting system clock to 2000-01-01 00:05:15 UTC (946685115)
[    2.260459] +USB0_VBUS_SW: disabling
[    2.260473] +1.8V_RUN_CAM: disabling
[    2.260639] +2.8V_RUN_CAM: disabling
[    2.260825] +1.2V_RUN_CAM_FRONT: disabling
[    2.261009] +1.05V_RUN_CAM_REAR: disabling
[    2.261120] +3.3V_RUN_TOUCH: disabling
[    2.261228] +2.8V_RUN_CAM_AF: disabling
[    2.261334] +1.8V_RUN_VPP_FUSE: disabling
[    2.395851] mmc1: new high speed SDHC card at address aaaa
[    2.396206] mmcblk1: mmc1:aaaa SD04G 3.69 GiB 
[    2.402874] tegra-hdmi 54280000.hdmi: cannot set audio to 48000 Hz at 297000000 Hz pixel clock
[    2.406323]  mmcblk1: p1 p2 p3
[    2.415885] ata1: SATA link down (SStatus 0 SControl 300)
[    2.864988] mmcblk0: mmc0:0001 SEM16G 14.7 GiB 
[    2.865156] mmcblk0boot0: mmc0:0001 SEM16G partition 1 4.00 MiB
[    2.865380] mmcblk0boot1: mmc0:0001 SEM16G partition 2 4.00 MiB
[    2.865674] mmcblk0rpmb: mmc0:0001 SEM16G partition 3 4.00 MiB, chardev (236:0)
[    2.867523]  mmcblk0: p1
[    2.869335] EXT4-fs (mmcblk0p1): mounting ext3 file system using the ext4 subsystem
[    2.882623] EXT4-fs (mmcblk0p1): recovery complete
[    2.882631] EXT4-fs (mmcblk0p1): mounted filesystem with ordered data mode. Opts: (null)
[    2.882652] VFS: Mounted root (ext3 filesystem) on device 179:17.
[    2.886917] devtmpfs: mounted
[    2.889324] Freeing unused kernel memory: 2048K
[    3.049090] Console: switching to colour frame buffer device 512x135
[    3.308939] drm drm: fb0:  frame buffer device
bash: cannot set terminal process group (-1): Inappropriate ioctl for device
bash: no job control in this shell
root@(none):/# mount -t sysfs none /sys
root@(none):/# 
root@(none):/# mount -t debugfs none /sys/kernel/debug
root@(none):/# 
root@(none):/# rtcwake -d rtc1 -m mem -s 3
rtcwake: assuming RTC uses UTC ...
rtcwake: wakeup from "mem" using /dev/rtc1 at Thu Jan  1 00:00:20 1970
[    6.390208] PM: suspend entry (deep)
[    6.393832] PM: Syncing filesystems ... done.
[    6.452822] Freezing user space processes ... (elapsed 0.001 seconds) done.
[    6.460949] OOM killer disabled.
[    6.464189] Freezing remaining freezable tasks ... (elapsed 0.001 seconds) done.
[    6.472764] Suspending console(s) (use no_console_suspend to debug)
[    6.556703] Disabling non-boot CPUs ...
[    6.662888] IRQ17 no longer affine to CPU2
[    6.703425] Entering suspend state LP1
[    6.703439] Enabling non-boot CPUs ...
[    6.703819] CPU1 is up
[    6.704163] CPU2 is up
[    6.704544] CPU3 is up
[    6.705451] pcieport 0000:00:01.0: nv_msi_ht_cap_quirk didn't locate host bridge
[    6.705497] pcieport 0000:00:02.0: nv_msi_ht_cap_quirk didn't locate host bridge
[    6.753222] tegra-hdmi 54280000.hdmi: cannot set audio to 48000 Hz at 297000000 Hz pixel clock
[    6.920884] OOM killer enabled.
[    6.924021] Restarting tasks ... done.
[    7.006700] PM: suspend exit
root@(none):/# 
root@(none):/# [    7.057164] ata1: SATA link down (SStatus 0 SControl 300)
rtcwake -d rtc1 -m mem -s 3
rtcwake: assuming RTC uses UTC ...
rtcwake: wakeup from "mem" using /dev/rtc1 at Thu Jan  1 00:00:24 1970
[    7.281326] PM: suspend entry (deep)
[    7.284981] PM: Syncing filesystems ... done.
[    7.341306] Freezing user space processes ... (elapsed 0.001 seconds) done.
[    7.349502] OOM killer disabled.
[    7.352751] Freezing remaining freezable tasks ... (elapsed 0.001 seconds) done.
[    7.361351] Suspending console(s) (use no_console_suspend to debug)
[    7.380911] pci_generic_config_write32: 78 callbacks suppressed
[    7.380917] pci_bus 0000:00: 2-byte config write to 0000:00:02.0 offset 0x9c may corrupt adjacent RW1C bits
[    7.380925] pci_bus 0000:00: 2-byte config write to 0000:00:01.0 offset 0x9c may corrupt adjacent RW1C bits
[    7.447358] Disabling non-boot CPUs ...
[    7.572866] IRQ17 no longer affine to CPU2
[    7.623285] Entering suspend state LP1
[    7.623299] Enabling non-boot CPUs ...
[    7.623698] CPU1 is up
[    7.624044] CPU2 is up
[    7.624440] CPU3 is up
[    7.625237] pci_bus 0000:00: 2-byte config write to 0000:00:01.0 offset 0x4c may corrupt adjacent RW1C bits
[    7.625246] pci_bus 0000:00: 2-byte config write to 0000:00:02.0 offset 0x4c may corrupt adjacent RW1C bits
[    7.625258] pci_bus 0000:00: 2-byte config write to 0000:00:01.0 offset 0x88 may corrupt adjacent RW1C bits
[    7.625264] pci_bus 0000:00: 2-byte config write to 0000:00:02.0 offset 0x88 may corrupt adjacent RW1C bits
[    7.625270] pci_bus 0000:00: 2-byte config write to 0000:00:01.0 offset 0x90 may corrupt adjacent RW1C bits
[    7.625275] pci_bus 0000:00: 2-byte config write to 0000:00:02.0 offset 0x90 may corrupt adjacent RW1C bits
[    7.625281] pci_bus 0000:00: 2-byte config write to 0000:00:01.0 offset 0x98 may corrupt adjacent RW1C bits
[    7.625286] pci_bus 0000:00: 2-byte config write to 0000:00:02.0 offset 0x98 may corrupt adjacent RW1C bits
[    7.625392] pcieport 0000:00:02.0: nv_msi_ht_cap_quirk didn't locate host bridge
[    7.625394] pcieport 0000:00:01.0: nv_msi_ht_cap_quirk didn't locate host bridge
[    7.663154] tegra-hdmi 54280000.hdmi: cannot set audio to 48000 Hz at 297000000 Hz pixel clock
[    7.934009] OOM killer enabled.
[    7.937146] Restarting tasks ... done.
[    7.965654] ata1: SATA link down (SStatus 0 SControl 300)
[    8.007506] PM: suspend exit
root@(none):/# 
root@(none):/# rtcwake -d rtc1 -m mem -s 3
rtcwake: assuming RTC uses UTC ...
rtcwake: wakeup from "mem" using /dev/rtc1 at Thu Jan  1 00:00:29 1970
[    9.199904] PM: suspend entry (deep)
[    9.203556] PM: Syncing filesystems ... done.
[    9.382061] Freezing user space processes ... (elapsed 0.001 seconds) done.
[    9.390539] OOM killer disabled.
[    9.393836] Freezing remaining freezable tasks ... (elapsed 0.001 seconds) done.
[    9.402577] Suspending console(s) (use no_console_suspend to debug)
[    9.487482] Disabling non-boot CPUs ...
[    9.642814] IRQ17 no longer affine to CPU3
[    9.643254] Entering suspend state LP1
[    9.643268] Enabling non-boot CPUs ...
[    9.643667] CPU1 is up
[    9.644016] CPU2 is up
[    9.644410] CPU3 is up
[    9.645332] pcieport 0000:00:01.0: nv_msi_ht_cap_quirk didn't locate host bridge
[    9.645334] pcieport 0000:00:02.0: nv_msi_ht_cap_quirk didn't locate host bridge
[    9.683153] tegra-hdmi 54280000.hdmi: cannot set audio to 48000 Hz at 297000000 Hz pixel clock
[    9.850684] OOM killer enabled.
[    9.853820] Restarting tasks ... done.
[    9.936619] PM: suspend exit
root@(none):/# 
root@(none):/# [    9.987085] ata1: SATA link down (SStatus 0 SControl 300)
rtcwake -d rtc1 -m mem -s 3
rtcwake: assuming RTC uses UTC ...
rtcwake: wakeup from "mem" using /dev/rtc1 at Thu Jan  1 00:00:33 1970
[   10.220300] PM: suspend entry (deep)
[   10.223974] PM: Syncing filesystems ... done.
[   10.440651] Freezing user space processes ... (elapsed 0.001 seconds) done.
[   10.449189] OOM killer disabled.
[   10.452434] Freezing remaining freezable tasks ... (elapsed 0.001 seconds) done.
[   10.461265] Suspending console(s) (use no_console_suspend to debug)
[   10.556680] Disabling non-boot CPUs ...
[   10.713228] Entering suspend state LP1
[   10.713241] Enabling non-boot CPUs ...
[   10.713642] CPU1 is up
[   10.713988] CPU2 is up
[   10.714383] CPU3 is up
[   10.715312] pcieport 0000:00:01.0: nv_msi_ht_cap_quirk didn't locate host bridge
[   10.715315] pcieport 0000:00:02.0: nv_msi_ht_cap_quirk didn't locate host bridge
[   10.753136] tegra-hdmi 54280000.hdmi: cannot set audio to 48000 Hz at 297000000 Hz pixel clock
[   10.916727] OOM killer enabled.
[   10.919856] Restarting tasks ... done.
[   11.006740] PM: suspend exit
root@(none):/# 
root@(none):/# [   11.057448] ata1: SATA link down (SStatus 0 SControl 300)
rtcwake -d rtc1 -m mem -s 3
rtcwake: assuming RTC uses UTC ...
rtcwake: wakeup from "mem" using /dev/rtc1 at Thu Jan  1 00:00:37 1970
[   11.299063] PM: suspend entry (deep)
[   11.302734] PM: Syncing filesystems ... done.
[   11.425233] Freezing user space processes ... (elapsed 0.001 seconds) done.
[   11.433536] OOM killer disabled.
[   11.436766] Freezing remaining freezable tasks ... (elapsed 0.001 seconds) done.
[   11.445435] Suspending console(s) (use no_console_suspend to debug)
[   11.547550] Disabling non-boot CPUs ...
[   11.703214] Entering suspend state LP1
[   11.703227] Enabling non-boot CPUs ...
[   11.703576] CPU1 is up
[   11.703872] CPU2 is up
[   11.704199] CPU3 is up
[   11.704891] pcieport 0000:00:02.0: nv_msi_ht_cap_quirk didn't locate host bridge
[   11.704955] pcieport 0000:00:01.0: nv_msi_ht_cap_quirk didn't locate host bridge
[   11.743094] tegra-hdmi 54280000.hdmi: cannot set audio to 48000 Hz at 297000000 Hz pixel clock
[   11.899352] OOM killer enabled.
[   11.902480] Restarting tasks ... done.
[   11.939686] PM: suspend exit
root@(none):/# 
root@(none):/# [   12.047632] ata1: SATA link down (SStatus 0 SControl 300)
rtcwake -d rtc1 -m mem -s 3
rtcwake: assuming RTC uses UTC ...
rtcwake: wakeup from "mem" using /dev/rtc1 at Thu Jan  1 00:00:41 1970
[   12.282217] PM: suspend entry (deep)
[   12.285891] PM: Syncing filesystems ... done.
[   12.584246] Freezing user space processes ... (elapsed 0.001 seconds) done.
[   12.592580] OOM killer disabled.
[   12.595813] Freezing remaining freezable tasks ... (elapsed 0.001 seconds) done.
[   12.604370] Suspending console(s) (use no_console_suspend to debug)
[   12.621146] pci_generic_config_write32: 102 callbacks suppressed
[   12.621152] pci_bus 0000:00: 2-byte config write to 0000:00:02.0 offset 0x9c may corrupt adjacent RW1C bits
[   12.621167] pci_bus 0000:00: 2-byte config write to 0000:00:01.0 offset 0x9c may corrupt adjacent RW1C bits
[   12.697328] Disabling non-boot CPUs ...
[   12.853189] Entering suspend state LP1
[   12.853203] Enabling non-boot CPUs ...
[   12.853603] CPU1 is up
[   12.853949] CPU2 is up
[   12.854343] CPU3 is up
[   12.855154] pci_bus 0000:00: 2-byte config write to 0000:00:01.0 offset 0x4c may corrupt adjacent RW1C bits
[   12.855163] pci_bus 0000:00: 2-byte config write to 0000:00:02.0 offset 0x4c may corrupt adjacent RW1C bits
[   12.855175] pci_bus 0000:00: 2-byte config write to 0000:00:01.0 offset 0x88 may corrupt adjacent RW1C bits
[   12.855181] pci_bus 0000:00: 2-byte config write to 0000:00:02.0 offset 0x88 may corrupt adjacent RW1C bits
[   12.855186] pci_bus 0000:00: 2-byte config write to 0000:00:01.0 offset 0x90 may corrupt adjacent RW1C bits
[   12.855192] pci_bus 0000:00: 2-byte config write to 0000:00:02.0 offset 0x90 may corrupt adjacent RW1C bits
[   12.855197] pci_bus 0000:00: 2-byte config write to 0000:00:01.0 offset 0x98 may corrupt adjacent RW1C bits
[   12.855203] pci_bus 0000:00: 2-byte config write to 0000:00:02.0 offset 0x98 may corrupt adjacent RW1C bits
[   12.855309] pcieport 0000:00:02.0: nv_msi_ht_cap_quirk didn't locate host bridge
[   12.855310] pcieport 0000:00:01.0: nv_msi_ht_cap_quirk didn't locate host bridge
[   12.903072] tegra-hdmi 54280000.hdmi: cannot set audio to 48000 Hz at 297000000 Hz pixel clock
[   13.169993] OOM killer enabled.
[   13.173129] Restarting tasks ... done.
[   13.195494] ata1: SATA link down (SStatus 0 SControl 300)
[   13.239345] PM: suspend exit
root@(none):/# 
root@(none):/# rtcwake -d rtc1 -m mem -s 3
rtcwake: assuming RTC uses UTC ...
rtcwake: wakeup from "mem" using /dev/rtc1 at Thu Jan  1 00:00:46 1970
[   14.428553] PM: suspend entry (deep)
[   14.432136] PM: Syncing filesystems ... done.
[   14.579810] Freezing user space processes ... (elapsed 0.001 seconds) done.
[   14.588232] OOM killer disabled.
[   14.591470] Freezing remaining freezable tasks ... (elapsed 0.001 seconds) done.
[   14.600202] Suspending console(s) (use no_console_suspend to debug)
[   14.687464] Disabling non-boot CPUs ...
[   14.873181] Entering suspend state LP1
[   14.873193] Enabling non-boot CPUs ...
[   14.873540] CPU1 is up
[   14.873828] CPU2 is up
[   14.874150] CPU3 is up
[   14.874863] pcieport 0000:00:02.0: nv_msi_ht_cap_quirk didn't locate host bridge
[   14.874864] pcieport 0000:00:01.0: nv_msi_ht_cap_quirk didn't locate host bridge
[   14.913046] tegra-hdmi 54280000.hdmi: cannot set audio to 48000 Hz at 297000000 Hz pixel clock
[   15.068701] OOM killer enabled.
[   15.071832] Restarting tasks ... done.
[   15.109702] PM: suspend exit
root@(none):/# 
root@(none):/# [   15.217726] ata1: SATA link down (SStatus 0 SControl 300)
rtcwake -d rtc1 -m mem -s 3
rtcwake: assuming RTC uses UTC ...
rtcwake: wakeup from "mem" using /dev/rtc1 at Thu Jan  1 00:00:50 1970
[   15.451382] PM: suspend entry (deep)
[   15.455059] PM: Syncing filesystems ... done.
[   15.543016] Freezing user space processes ... (elapsed 0.001 seconds) done.
[   15.551193] OOM killer disabled.
[   15.554435] Freezing remaining freezable tasks ... (elapsed 0.001 seconds) done.
[   15.563019] Suspending console(s) (use no_console_suspend to debug)
[   15.647332] Disabling non-boot CPUs ...
[   15.803175] Entering suspend state LP1
[   15.803187] Enabling non-boot CPUs ...
[   15.803540] CPU1 is up
[   15.803836] CPU2 is up
[   15.804169] CPU3 is up
[   15.804908] pcieport 0000:00:02.0: nv_msi_ht_cap_quirk didn't locate host bridge
[   15.804926] pcieport 0000:00:01.0: nv_msi_ht_cap_quirk didn't locate host bridge
[   15.843006] tegra-hdmi 54280000.hdmi: cannot set audio to 48000 Hz at 297000000 Hz pixel clock
[   15.999297] OOM killer enabled.
[   16.002425] Restarting tasks ... done.
[   16.039596] PM: suspend exit
root@(none):/# 
root@(none):/# [   16.147439] ata1: SATA link down (SStatus 0 SControl 300)
rtcwake -d rtc1 -m mem -s 3
rtcwake: assuming RTC uses UTC ...
rtcwake: wakeup from "mem" using /dev/rtc1 at Thu Jan  1 00:00:54 1970
[   16.380238] PM: suspend entry (deep)
[   16.383888] PM: Syncing filesystems ... done.
[   16.486671] Freezing user space processes ... (elapsed 0.001 seconds) done.
[   16.494895] OOM killer disabled.
[   16.498115] Freezing remaining freezable tasks ... (elapsed 0.001 seconds) done.
[   16.506706] Suspending console(s) (use no_console_suspend to debug)
[   16.615725] Disabling non-boot CPUs ...
[   16.783102] Entering suspend state LP1
[   16.783114] Enabling non-boot CPUs ...
[   16.783469] CPU1 is up
[   16.783767] CPU2 is up
[   16.784098] CPU3 is up
[   16.784856] pcieport 0000:00:02.0: nv_msi_ht_cap_quirk didn't locate host bridge
[   16.784858] pcieport 0000:00:01.0: nv_msi_ht_cap_quirk didn't locate host bridge
[   16.832986] tegra-hdmi 54280000.hdmi: cannot set audio to 48000 Hz at 297000000 Hz pixel clock
[   16.989260] OOM killer enabled.
[   16.992388] Restarting tasks ... done.
[   17.031024] PM: suspend exit
root@(none):/# 
root@(none):/# [   17.127343] ata1: SATA link down (SStatus 0 SControl 300)
rtcwake -d rtc1 -m mem -s 3
rtcwake: assuming RTC uses UTC ...
rtcwake: wakeup from "mem" using /dev/rtc1 at Thu Jan  1 00:00:58 1970
[   17.360567] PM: suspend entry (deep)
[   17.364227] PM: Syncing filesystems ... done.
[   17.506422] Freezing user space processes ... (elapsed 0.001 seconds) done.
[   17.514660] OOM killer disabled.
[   17.517883] Freezing remaining freezable tasks ... (elapsed 0.001 seconds) done.
[   17.526485] Suspending console(s) (use no_console_suspend to debug)
[   17.616856] Disabling non-boot CPUs ...
[   17.763088] Entering suspend state LP1
[   17.763101] Enabling non-boot CPUs ...
[   17.763505] CPU1 is up
[   17.763855] CPU2 is up
[   17.764250] CPU3 is up
[   17.765061] pci_generic_config_write32: 104 callbacks suppressed
[   17.765068] pci_bus 0000:00: 2-byte config write to 0000:00:02.0 offset 0x4c may corrupt adjacent RW1C bits
[   17.765076] pci_bus 0000:00: 2-byte config write to 0000:00:01.0 offset 0x4c may corrupt adjacent RW1C bits
[   17.765088] pci_bus 0000:00: 2-byte config write to 0000:00:02.0 offset 0x88 may corrupt adjacent RW1C bits
[   17.765094] pci_bus 0000:00: 2-byte config write to 0000:00:01.0 offset 0x88 may corrupt adjacent RW1C bits
[   17.765099] pci_bus 0000:00: 2-byte config write to 0000:00:02.0 offset 0x90 may corrupt adjacent RW1C bits
[   17.765105] pci_bus 0000:00: 2-byte config write to 0000:00:01.0 offset 0x90 may corrupt adjacent RW1C bits
[   17.765110] pci_bus 0000:00: 2-byte config write to 0000:00:02.0 offset 0x98 may corrupt adjacent RW1C bits
[   17.765115] pci_bus 0000:00: 2-byte config write to 0000:00:01.0 offset 0x98 may corrupt adjacent RW1C bits
[   17.765121] pci_bus 0000:00: 2-byte config write to 0000:00:02.0 offset 0x9c may corrupt adjacent RW1C bits
[   17.765126] pci_bus 0000:00: 2-byte config write to 0000:00:01.0 offset 0x9c may corrupt adjacent RW1C bits
[   17.765230] pcieport 0000:00:01.0: nv_msi_ht_cap_quirk didn't locate host bridge
[   17.765231] pcieport 0000:00:02.0: nv_msi_ht_cap_quirk didn't locate host bridge
[   17.802993] tegra-hdmi 54280000.hdmi: cannot set audio to 48000 Hz at 297000000 Hz pixel clock
[   18.069852] OOM killer enabled.
[   18.072988] Restarting tasks ... done.
[   18.105465] ata1: SATA link down (SStatus 0 SControl 300)
[   18.205409] PM: suspend exit
root@(none):/# 
root@(none):/# NVTB SYSTEM SUSPEND TEST COMPLETE
