
U-Boot SPL 2014.07-00097-g772e173 (Jul 25 2014 - 20:02:52)


U-Boot 2014.07-00097-g772e173 (Jul 25 2014 - 20:02:52)

TEGRA124
Board: NVIDIA Jetson TK1
I2C:   ready
DRAM:  2 GiB
MMC:   Tegra SD/MMC: 0, Tegra SD/MMC: 1
In:    serial
Out:   serial
Err:   serial
Net:   Net Initialization Skipped
No ethernet found.
Hit any key to stop autoboot:  2  0 
Tegra124 (Jetson TK1) # 
Tegra124 (Jetson TK1) # usb reset
(Re)start USB...
USB0:   USB EHCI 1.10
scanning bus 0 for devices... 1 USB Device(s) found
USB1:   USB EHCI 1.10
scanning bus 1 for devices... 2 USB Device(s) found
       scanning usb for storage devices... 0 Storage Device(s) found
       scanning usb for ethernet devices... 
Warning: asx0 using MAC address from net device
1 Ethernet Device(s) found
Tegra124 (Jetson TK1) # setenv bootargs 'ignore_loglevel console=ttyS0,115200n8 rw root=/dev/mmcblk0p1 rootwait gpt debug init=/bin/bash noinitrd'
Tegra124 (Jetson TK1) # setenv ipaddr 192.168.100.102; setenv serverip 192.168.100.1; setenv tftpserverip 192.168.100.1
Tegra124 (Jetson TK1) # tftpboot 0x81000000 zImage.multi_v7_defconfig
Using asx0 device
TFTP from server 192.168.100.1; our IP address is 192.168.100.102
Filename 'zImage.multi_v7_defconfig'.
Load address: 0x81000000
Loading: *#################################################################
	 #################################################################
	 #################################################################
	 #################################################################
	 #################################################################
	 ####################################
	 3.1 MiB/s
done
Bytes transferred = 5299128 (50dbb8 hex)
Tegra124 (Jetson TK1) # tftpboot 0x82000000 tegra124-jetson-tk1.dtb
Using asx0 device
TFTP from server 192.168.100.1; our IP address is 192.168.100.102
Filename 'tegra124-jetson-tk1.dtb'.
Load address: 0x82000000
Loading: *####
	 3 MiB/s
done
Bytes transferred = 47577 (b9d9 hex)
Tegra124 (Jetson TK1) # bootz 0x81000000 - 0x82000000
Kernel image @ 0x81000000 [ 0x000000 - 0x50dbb8 ]
## Flattened Device Tree blob at 82000000
   Booting using the fdt blob at 0x82000000
   Using Device Tree in place at 82000000, end 8200e9d8

Starting kernel ...

[    0.000000] Booting Linux on physical CPU 0x0
[    0.000000] Linux version 3.18.0-rc1-next-20141021-93409-g92dfcb6 (pwalmsley@tamien) (gcc version 4.7.3 20130328 (prerelease) (crosstool-NG linaro-1.13.1-4.7-2013.04-20130415 - Linaro GCC 2013.04) ) #1 SMP Mon Oct 20 20:34:32 PDT 2014
[    0.000000] CPU: ARMv7 Processor [413fc0f3] revision 3 (ARMv7), cr=10c5387d
[    0.000000] CPU: PIPT / VIPT nonaliasing data cache, PIPT instruction cache
[    0.000000] Machine model: NVIDIA Tegra124 Jetson TK1
[    0.000000] debug: ignoring loglevel setting.
[    0.000000] cma: Reserved 64 MiB at fb800000
[    0.000000] Memory policy: Data cache writealloc
[    0.000000] On node 0 totalpages: 524032
[    0.000000] free_area_init_node: node 0, pgdat c0d16700, node_mem_map ee7f8000
[    0.000000]   DMA zone: 1520 pages used for memmap
[    0.000000]   DMA zone: 0 pages reserved
[    0.000000]   DMA zone: 194560 pages, LIFO batch:31
[    0.000000]   HighMem zone: 2574 pages used for memmap
[    0.000000]   HighMem zone: 329472 pages, LIFO batch:31
[    0.000000] PERCPU: Embedded 10 pages/cpu @ee79f000 s8512 r8192 d24256 u40960
[    0.000000] pcpu-alloc: s8512 r8192 d24256 u40960 alloc=10*4096
[    0.000000] pcpu-alloc: [0] 0 [0] 1 [0] 2 [0] 3 
[    0.000000] Built 1 zonelists in Zone order, mobility grouping on.  Total pages: 522512
[    0.000000] Kernel command line: ignore_loglevel console=ttyS0,115200n8 rw root=/dev/mmcblk0p1 rootwait gpt debug init=/bin/bash noinitrd
[    0.000000] PID hash table entries: 4096 (order: 2, 16384 bytes)
[    0.000000] Dentry cache hash table entries: 131072 (order: 7, 524288 bytes)
[    0.000000] Inode-cache hash table entries: 65536 (order: 6, 262144 bytes)
[    0.000000] Memory: 2001340K/2096128K available (6870K kernel code, 937K rwdata, 2788K rodata, 732K init, 309K bss, 94788K reserved, 1252352K highmem)
[    0.000000] Virtual kernel memory layout:
[    0.000000]     vector  : 0xffff0000 - 0xffff1000   (   4 kB)
[    0.000000]     fixmap  : 0xffc00000 - 0xffe00000   (2048 kB)
[    0.000000]     vmalloc : 0xf0000000 - 0xff000000   ( 240 MB)
[    0.000000]     lowmem  : 0xc0000000 - 0xef800000   ( 760 MB)
[    0.000000]     pkmap   : 0xbfe00000 - 0xc0000000   (   2 MB)
[    0.000000]     modules : 0xbf000000 - 0xbfe00000   (  14 MB)
[    0.000000]       .text : 0xc0208000 - 0xc0b76e64   (9660 kB)
[    0.000000]       .init : 0xc0b77000 - 0xc0c2e000   ( 732 kB)
[    0.000000]       .data : 0xc0c2e000 - 0xc0d18580   ( 938 kB)
[    0.000000]        .bss : 0xc0d18580 - 0xc0d659a8   ( 310 kB)
[    0.000000] SLUB: HWalign=64, Order=0-3, MinObjects=0, CPUs=4, Nodes=1
[    0.000000] Hierarchical RCU implementation.
[    0.000000] 	RCU restricting CPUs from NR_CPUS=8 to nr_cpu_ids=4.
[    0.000000] RCU: Adjusting geometry for rcu_fanout_leaf=16, nr_cpu_ids=4
[    0.000000] NR_IRQS:16 nr_irqs:16 16
[    0.000000] L2C: failed to init: -19
[    0.000008] sched_clock: 32 bits at 1000kHz, resolution 1000ns, wraps every 2147483648000ns
[    0.000027] Switching to timer-based delay loop, resolution 1000ns
[    0.003817] Console: colour dummy device 80x30
[    0.003840] Calibrating delay loop (skipped), value calculated using timer frequency.. 2.00 BogoMIPS (lpj=5000)
[    0.003854] pid_max: default: 32768 minimum: 301
[    0.003975] Mount-cache hash table entries: 2048 (order: 1, 8192 bytes)
[    0.003987] Mountpoint-cache hash table entries: 2048 (order: 1, 8192 bytes)
[    0.004509] CPU: Testing write buffer coherency: ok
[    0.004703] /cpus/cpu@0 missing clock-frequency property
[    0.004731] /cpus/cpu@1 missing clock-frequency property
[    0.004758] /cpus/cpu@2 missing clock-frequency property
[    0.004787] /cpus/cpu@3 missing clock-frequency property
[    0.004799] CPU0: thread -1, cpu 0, socket 0, mpidr 80000000
[    0.004849] Setting up static identity map for 0x8087df38 - 0x8087dfd0
[    0.007060] Tegra Revision: A01 SKU: 129 CPU Process: 1 Core Process: 1
[    0.008235] CPU1: Booted secondary processor
[    0.008262] CPU1: thread -1, cpu 1, socket 0, mpidr 80000001
[    0.008774] CPU2: Booted secondary processor
[    0.008798] CPU2: thread -1, cpu 2, socket 0, mpidr 80000002
[    0.009291] CPU3: Booted secondary processor
[    0.009315] CPU3: thread -1, cpu 3, socket 0, mpidr 80000003
[    0.009381] Brought up 4 CPUs
[    0.009406] SMP: Total of 4 processors activated.
[    0.009414] CPU: All CPU(s) started in SVC mode.
[    0.009951] devtmpfs: initialized
[    0.014744] VFP support v0.3: implementor 41 architecture 4 part 30 variant f rev 0
[    0.016568] pinctrl core: initialized pinctrl subsystem
[    0.017008] regulator-dummy: no parameters
[    0.032040] NET: Registered protocol family 16
[    0.033977] DMA: preallocated 256 KiB pool for atomic coherent allocations
[    0.048467] cpuidle: using governor ladder
[    0.063485] cpuidle: using governor menu
[    0.077080] No ATAGs?
[    0.077117] hw-breakpoint: found 5 (+1 reserved) breakpoint and 4 watchpoint registers.
[    0.077128] hw-breakpoint: maximum watchpoint size is 8 bytes.
[    0.077285] EXYNOS: PMU not supported
[    0.080345] Serial: AMBA PL011 UART driver
[    0.106987] edma-dma-engine edma-dma-engine.0: Can't allocate PaRAM dummy slot
[    0.107011] edma-dma-engine: probe of edma-dma-engine.0 failed with error -22
[    0.107610] +VDD_MUX: 12000 mV 
[    0.107827] +5V_SYS: 5000 mV 
[    0.107874] +5V_SYS: supplied by +VDD_MUX
[    0.108121] +3.3V_SYS: 3300 mV 
[    0.108165] +3.3V_SYS: supplied by +VDD_MUX
[    0.108311] platform regulators:regulator@3: Driver reg-fixed-voltage requests probe deferral
[    0.108476] +3.3V_AVDD_HDMI_AP_GATED: 3300 mV 
[    0.108523] reg-fixed-voltage regulators:regulator@4: Failed to find supply vin
[    0.108652] reg-fixed-voltage regulators:regulator@4: Failed to register regulator: -517
[    0.108673] platform regulators:regulator@4: Driver reg-fixed-voltage requests probe deferral
[    0.108848] +USB0_VBUS_SW: Failed to request enable GPIO108: -517
[    0.108941] reg-fixed-voltage regulators:regulator@7: Failed to register regulator: -517
[    0.108961] platform regulators:regulator@7: Driver reg-fixed-voltage requests probe deferral
[    0.109127] +5V_USB_HS: Failed to request enable GPIO109: -517
[    0.109219] reg-fixed-voltage regulators:regulator@8: Failed to register regulator: -517
[    0.109239] platform regulators:regulator@8: Driver reg-fixed-voltage requests probe deferral
[    0.109318] platform regulators:regulator@10: Driver reg-fixed-voltage requests probe deferral
[    0.109482] +1.05V_RUN_AVDD_HDMI_PLL: Failed to request enable GPIO63: -517
[    0.109573] reg-fixed-voltage regulators:regulator@11: Failed to register regulator: -517
[    0.109594] platform regulators:regulator@11: Driver reg-fixed-voltage requests probe deferral
[    0.109757] +5V_HDMI_CON: Failed to request enable GPIO86: -517
[    0.109848] reg-fixed-voltage regulators:regulator@12: Failed to register regulator: -517
[    0.109869] platform regulators:regulator@12: Driver reg-fixed-voltage requests probe deferral
[    0.110031] +5V_SATA: Failed to request enable GPIO242: -517
[    0.110122] reg-fixed-voltage regulators:regulator@13: Failed to register regulator: -517
[    0.110143] platform regulators:regulator@13: Driver reg-fixed-voltage requests probe deferral
[    0.110307] +12V_SATA: Failed to request enable GPIO242: -517
[    0.110397] reg-fixed-voltage regulators:regulator@14: Failed to register regulator: -517
[    0.110417] platform regulators:regulator@14: Driver reg-fixed-voltage requests probe deferral
[    0.112709] vgaarb: loaded
[    0.113369] SCSI subsystem initialized
[    0.113533] libata version 3.00 loaded.
[    0.113878] usbcore: registered new interface driver usbfs
[    0.113947] usbcore: registered new interface driver hub
[    0.114025] usbcore: registered new device driver usb
[    0.117289] Linux video capture interface: v2.00
[    0.117346] pps_core: LinuxPPS API ver. 1 registered
[    0.117355] pps_core: Software ver. 5.3.6 - Copyright 2005-2007 Rodolfo Giometti <giometti@linux.it>
[    0.117385] PTP clock support registered
[    0.117608] EDAC MC: Ver: 3.0.0
[    0.118427] Advanced Linux Sound Architecture Driver Initialized.
[    0.119504] Switched to clocksource timer_us
[    0.130236] NET: Registered protocol family 2
[    0.130805] TCP established hash table entries: 8192 (order: 3, 32768 bytes)
[    0.130896] TCP bind hash table entries: 8192 (order: 4, 65536 bytes)
[    0.131082] TCP: Hash tables configured (established 8192 bind 8192)
[    0.131127] TCP: reno registered
[    0.131141] UDP hash table entries: 512 (order: 2, 16384 bytes)
[    0.131183] UDP-Lite hash table entries: 512 (order: 2, 16384 bytes)
[    0.131360] NET: Registered protocol family 1
[    0.131605] RPC: Registered named UNIX socket transport module.
[    0.131615] RPC: Registered udp transport module.
[    0.131622] RPC: Registered tcp transport module.
[    0.131630] RPC: Registered tcp NFSv4.1 backchannel transport module.
[    0.131652] PCI: CLS 0 bytes, default 64
[    0.133861] futex hash table entries: 1024 (order: 4, 65536 bytes)
[    0.145940] squashfs: version 4.0 (2009/01/31) Phillip Lougher
[    0.146759] NFS: Registering the id_resolver key type
[    0.146791] Key type id_resolver registered
[    0.146800] Key type id_legacy registered
[    0.147266] bounce: pool size: 64 pages
[    0.147474] Block layer SCSI generic (bsg) driver version 0.4 loaded (major 249)
[    0.147489] io scheduler noop registered
[    0.147503] io scheduler deadline registered
[    0.147700] io scheduler cfq registered (default)
[    0.160710] tegra-pcie 1003000.pcie-controller: 2x1, 1x1 configuration
[    0.160758] tegra-pcie 1003000.pcie-controller: Failed to get supply 'avddio-pex': -517
[    0.160792] platform 1003000.pcie-controller: Driver tegra-pcie requests probe deferral
[    0.165582] tegra-apbdma 60020000.dma: Tegra20 APB DMA driver register 32 channels
[    0.232504] Serial: 8250/16550 driver, 4 ports, IRQ sharing disabled
[    0.234361] Serial: IMX driver
[    0.234874] msm_serial: driver initialized
[    0.235704] console [ttyS0] disabled
[    0.235743] of_serial 70006300.serial: ttyS0 at MMIO 0x70006300 (irq = 122, base_baud = 25500000) is a Tegra
[    1.140605] console [ttyS0] enabled
[    1.144842] STMicroelectronics ASC driver initialized
[    1.150725] serial: Freescale lpuart driver
[    1.155141] [drm] Initialized drm 1.1.0 20060810
[    1.161021] tegra-hdmi 54280000.hdmi: failed to get HDMI regulator
[    1.167226] platform 54280000.hdmi: Driver tegra-hdmi requests probe deferral
[    1.180439] loop: module loaded
[    1.183886] at24 0-0056: 256 byte 24c02 EEPROM, writable, 8 bytes/write
[    1.191698] as3722 4-0040: AS3722 with revision 0x1 found
[    1.200971] +VDD_CPU_AP: 700 <--> 1400 mV at 1000 mV 3500 mA 
[    1.207747] +VDD_CORE: 700 <--> 1350 mV at 1100 mV 2500 mA 
[    1.213989] +1.35V_LP0(sd2): 1350 mV 
[    1.217722] +1.35V_LP0(sd2): supplied by +5V_SYS
[    1.222827] +1.35V_LP0(sd3): 1350 mV 
[    1.226565] +1.35V_LP0(sd3): supplied by +5V_SYS
[    1.231650] +1.05V_RUN: 1050 mV 
[    1.234946] +1.05V_RUN: supplied by +5V_SYS
[    1.239469] +1.8V_VDDIO: 1800 mV 
[    1.242853] +1.8V_VDDIO: supplied by +5V_SYS
[    1.248491] +VDD_GPU_AP: 650 <--> 1200 mV at 1000 mV 3500 mA 
[    1.254608] +1.05V_RUN_AVDD: 1050 mV at 300 mA 
[    1.259190] +1.05V_RUN_AVDD: supplied by +1.35V_LP0(sd2)
[    1.265452] +1.8V_RUN_CAM: 1800 mV at 150 mA 
[    1.269890] as3722-regulator as3722-regulator: Failed to find supply vin-ldo1-6
[    1.277312] as3722-regulator as3722-regulator: regulator 8 register failed -517
[    1.285846] platform as3722-regulator: Driver as3722-regulator requests probe deferral
[    1.295826] tegra-ahci 70027000.sata: Failed to get supply 'avdd': -517
[    1.302451] tegra-ahci 70027000.sata: Failed to get regulators
[    1.308325] platform 70027000.sata: Driver tegra-ahci requests probe deferral
[    1.318740] m25p80 spi32765.0: w25q32dw (4096 Kbytes)
[    1.325779] CAN device driver interface
[    1.330649] igb: Intel(R) Gigabit Ethernet Network Driver - version 5.2.15-k
[    1.337700] igb: Copyright (c) 2007-2014 Intel Corporation.
[    1.345043] pegasus: v0.9.3 (2013/04/25), Pegasus/Pegasus II USB Ethernet driver
[    1.352495] usbcore: registered new interface driver pegasus
[    1.358233] usbcore: registered new interface driver asix
[    1.363696] usbcore: registered new interface driver ax88179_178a
[    1.369850] usbcore: registered new interface driver cdc_ether
[    1.375767] usbcore: registered new interface driver smsc75xx
[    1.381593] usbcore: registered new interface driver smsc95xx
[    1.387398] usbcore: registered new interface driver net1080
[    1.393118] usbcore: registered new interface driver cdc_subset
[    1.399096] usbcore: registered new interface driver zaurus
[    1.404774] usbcore: registered new interface driver cdc_ncm
[    1.410781] ehci_hcd: USB 2.0 'Enhanced' Host Controller (EHCI) Driver
[    1.417321] ehci-pci: EHCI PCI platform driver
[    1.421827] ehci-platform: EHCI generic platform driver
[    1.427241] ehci-omap: OMAP-EHCI Host Controller driver
[    1.432609] ehci-orion: EHCI orion driver
[    1.436765] SPEAr-ehci: EHCI SPEAr driver
[    1.440917] tegra-ehci: Tegra EHCI driver
[    1.445185] platform 7d004000.usb: Driver tegra-ehci requests probe deferral
[    1.452377] platform 7d008000.usb: Driver tegra-ehci requests probe deferral
[    1.459520] ohci_hcd: USB 1.1 'Open' Host Controller (OHCI) Driver
[    1.465718] ohci-pci: OHCI PCI platform driver
[    1.470222] ohci-platform: OHCI generic platform driver
[    1.475588] ohci-omap3: OHCI OMAP3 driver
[    1.479736] SPEAr-ohci: OHCI SPEAr driver
[    1.484259] usbcore: registered new interface driver usb-storage
[    1.490483] tegra-phy 7d004000.usb-phy: no vbus regulator
[    1.496168] platform 7d008000.usb-phy: Driver tegra-phy requests probe deferral
[    1.504902] mousedev: PS/2 mouse device common for all mice
[    1.513731] as3722-rtc as3722-rtc: rtc core: registered as3722-rtc as rtc0
[    1.520619] as3722-rtc as3722-rtc: RTC interrupt 464
[    1.528636] tegra_rtc 7000e000.rtc: rtc core: registered 7000e000.rtc as rtc1
[    1.535794] tegra_rtc 7000e000.rtc: Tegra internal Real Time Clock
[    1.542515] i2c /dev entries driver
[    1.548221] usbcore: registered new interface driver uvcvideo
[    1.553974] USB Video Class driver (1.1.1)
[    1.558081] gspca_main: v2.14.0 registered
[    1.563177] 0-004c supply vcc not found, using dummy regulator
[    1.573529] sdhci: Secure Digital Host Controller Interface driver
[    1.579723] sdhci: Copyright(c) Pierre Ossman
[    1.585055] Synopsys Designware Multimedia Card Interface Driver
[    1.591898] sdhci-pltfm: SDHCI platform and OF driver helper
[    1.598213] sdhci-tegra 700b0400.sdhci: Got CD GPIO
[    1.603116] sdhci-tegra 700b0400.sdhci: Got WP GPIO
[    1.608034] mmc0: Unknown controller version (3). You may experience problems.
[    1.615340] sdhci-tegra 700b0400.sdhci: No vmmc regulator found
[    1.621305] platform 700b0400.sdhci: Driver sdhci-tegra requests probe deferral
[    1.628738] mmc0: Unknown controller version (3). You may experience problems.
[    1.636006] sdhci-tegra 700b0600.sdhci: No vmmc regulator found
[    1.641935] sdhci-tegra 700b0600.sdhci: No vqmmc regulator found
[    1.647946] mmc0: Invalid maximum block size, assuming 512 bytes
[    1.689529] mmc0: SDHCI controller on 700b0600.sdhci [700b0600.sdhci] using ADMA
[    1.698125] ledtrig-cpu: registered to indicate activity on CPUs
[    1.704379] usbcore: registered new interface driver usbhid
[    1.709966] usbhid: USB HID core driver
[    1.753510] mmc0: BKOPS_EN bit is not set
[    1.760845] mmc0: new high speed MMC card at address 0001
[    1.766603] mmcblk0: mmc0:0001 SEM16G 14.6 GiB 
[    1.771264] mmcblk0boot0: mmc0:0001 SEM16G partition 1 4.00 MiB
[    1.777303] mmcblk0boot1: mmc0:0001 SEM16G partition 2 4.00 MiB
[    1.783339] mmcblk0rpmb: mmc0:0001 SEM16G partition 3 4.00 MiB
[    1.791181] Primary GPT is invalid, using alternate GPT.
[    1.796532]  mmcblk0: p1 p2 p3 p4 p5 p6 p7 p8 p9
[    2.132167] tegra30-i2s 70301100.i2s: DMA channels sourced from device 70300000.ahub
[    2.148716] tegra-snd-rt5640 sound: rt5640-aif1 <-> 70301100.i2s mapping ok
[    2.158781] input: NVIDIA Tegra Jetson TK1 Headphones as /devices/soc0/sound/sound/card0/input0
[    2.168839] TCP: cubic registered
[    2.172181] NET: Registered protocol family 17
[    2.176651] can: controller area network core (rev 20120528 abi 9)
[    2.182898] NET: Registered protocol family 29
[    2.187360] can: raw protocol (rev 20120528)
[    2.191644] can: broadcast manager protocol (rev 20120528 t)
[    2.197322] can: netlink gateway (rev 20130117) max_hops=1
[    2.203201] Key type dns_resolver registered
[    2.208064] ThumbEE CPU extension supported.
[    2.212360] Registering SWP/SWPB emulation handler
[    2.219557] +3.3V_RUN: 3300 mV 
[    2.222779] +3.3V_RUN: supplied by +3.3V_SYS
[    2.227555] +3.3V_AVDD_HDMI_AP_GATED: 3300 mV 
[    2.232100] +3.3V_AVDD_HDMI_AP_GATED: supplied by +3.3V_RUN
[    2.238151] +USB0_VBUS_SW: 5000 mV 
[    2.241746] +USB0_VBUS_SW: supplied by +5V_SYS
[    2.246658] +5V_USB_HS: 5000 mV 
[    2.250002] +5V_USB_HS: supplied by +5V_SYS
[    2.256982] +3.3V_LP0: 3300 mV 
[    2.260244] +3.3V_LP0: supplied by +3.3V_SYS
[    2.265073] +1.05V_RUN_AVDD_HDMI_PLL: 1050 mV 
[    2.269639] reg-fixed-voltage regulators:regulator@11: Failed to find supply vin
[    2.277204] reg-fixed-voltage regulators:regulator@11: Failed to register regulator: -517
[    2.285428] platform regulators:regulator@11: Driver reg-fixed-voltage requests probe deferral
[    2.295172] +5V_HDMI_CON: 5000 mV 
[    2.298655] +5V_HDMI_CON: supplied by +5V_SYS
[    2.303484] +5V_SATA: 5000 mV 
[    2.306642] +5V_SATA: supplied by +5V_SYS
[    2.311107] +12V_SATA: 12000 mV 
[    2.314394] +12V_SATA: supplied by +VDD_MUX
[    2.319149] tegra-pcie 1003000.pcie-controller: 2x1, 1x1 configuration
[    2.325761] tegra-pcie 1003000.pcie-controller: Failed to get supply 'avddio-pex': -517
[    2.333820] platform 1003000.pcie-controller: Driver tegra-pcie requests probe deferral
[    2.342853] tegra-hdmi 54280000.hdmi: failed to get PLL regulator
[    2.349051] platform 54280000.hdmi: Driver tegra-hdmi requests probe deferral
[    2.358250] +VDD_CPU_AP: 700 <--> 1400 mV at 1000 mV 3500 mA 
[    2.365672] +VDD_CORE: 700 <--> 1350 mV at 1100 mV 2500 mA 
[    2.372252] +1.35V_LP0(sd2): 1350 mV 
[    2.376035] +1.35V_LP0(sd2): supplied by +5V_SYS
[    2.380849] +1.35V_LP0(sd3): 1350 mV 
[    2.384580] +1.35V_LP0(sd3): supplied by +5V_SYS
[    2.389379] +1.05V_RUN: 1050 mV 
[    2.392676] +1.05V_RUN: supplied by +5V_SYS
[    2.397038] +1.8V_VDDIO: 1800 mV 
[    2.400422] +1.8V_VDDIO: supplied by +5V_SYS
[    2.406327] +VDD_GPU_AP: 650 <--> 1200 mV at 1000 mV 3500 mA 
[    2.412357] +1.05V_RUN_AVDD: 1050 mV at 300 mA 
[    2.416975] +1.05V_RUN_AVDD: supplied by +1.35V_LP0(sd2)
[    2.423024] +1.8V_RUN_CAM: 1800 mV at 150 mA 
[    2.427534] +1.8V_RUN_CAM: supplied by +3.3V_RUN
[    2.433721] +1.2V_GEN_AVDD: 1200 mV at 150 mA 
[    2.438283] +1.2V_GEN_AVDD: supplied by +1.8V_VDDIO
[    2.445122] +1.05V_LP0_VDD_RTC: 1000 mV at 150 mA 
[    2.450039] +1.05V_LP0_VDD_RTC: supplied by +3.3V_SYS
[    2.456088] +2.8V_RUN_CAM: 2800 mV at 150 mA 
[    2.460593] +2.8V_RUN_CAM: supplied by +3.3V_SYS
[    2.466204] +1.2V_RUN_CAM_FRONT: 1200 mV at 150 mA 
[    2.471218] +1.2V_RUN_CAM_FRONT: supplied by +1.8V_VDDIO
[    2.477541] +VDDIO_SDMMC3: 1800 <--> 3300 mV at 150 mA 
[    2.482907] +VDDIO_SDMMC3: supplied by +3.3V_RUN
[    2.488822] +1.05V_RUN_CAM_REAR: 1050 mV at 150 mA 
[    2.493843] +1.05V_RUN_CAM_REAR: supplied by +1.8V_VDDIO
[    2.500902] +3.3V_RUN_TOUCH: 2800 mV at 150 mA 
[    2.505574] +3.3V_RUN_TOUCH: supplied by +5V_SYS
[    2.511512] +2.8V_RUN_CAM_AF: 2800 mV at 150 mA 
[    2.516282] +2.8V_RUN_CAM_AF: supplied by +5V_SYS
[    2.522113] +1.8V_RUN_VPP_FUSE: 1800 mV at 150 mA 
[    2.527055] +1.8V_RUN_VPP_FUSE: supplied by +3.3V_RUN
[    2.534524] tegra-ahci 70027000.sata: AHCI 0001.0301 32 slots 2 ports 3 Gbps 0x1 impl platform mode
[    2.543583] tegra-ahci 70027000.sata: flags: 64bit ncq sntf pm led pio slum part sadm sds apst 
[    2.554096] scsi host0: ahci_platform
[    2.558734] scsi host1: ahci_platform
[    2.562759] ata1: SATA max UDMA/133 mmio [mem 0x70027000-0x70028fff] port 0x100 irq 55
[    2.570685] ata2: DUMMY
[    2.576725] tegra-ehci 7d004000.usb: EHCI Host Controller
[    2.582181] tegra-ehci 7d004000.usb: new USB bus registered, assigned bus number 1
[    2.589918] tegra-ehci 7d004000.usb: irq 53, io mem 0x7d004000
[    2.604540] tegra-ehci 7d004000.usb: USB 2.0 started, EHCI 1.10
[    2.611372] hub 1-0:1.0: USB hub found
[    2.615198] hub 1-0:1.0: 1 port detected
[    2.620327] platform 7d008000.usb: Driver tegra-ehci requests probe deferral
[    2.628977] sdhci-tegra 700b0400.sdhci: Got CD GPIO
[    2.633881] sdhci-tegra 700b0400.sdhci: Got WP GPIO
[    2.638799] mmc1: Unknown controller version (3). You may experience problems.
[    2.646142] sdhci-tegra 700b0400.sdhci: No vmmc regulator found
[    2.652108] mmc1: Invalid maximum block size, assuming 512 bytes
[    2.695082] mmc1: SDHCI controller on 700b0400.sdhci [700b0400.sdhci] using ADMA
[    2.702910] +1.05V_RUN_AVDD_HDMI_PLL: 1050 mV 
[    2.707433] +1.05V_RUN_AVDD_HDMI_PLL: supplied by +1.05V_RUN
[    2.713571] tegra-pcie 1003000.pcie-controller: 2x1, 1x1 configuration
[    2.721365] tegra-pcie 1003000.pcie-controller: probing port 0, using 2 lanes
[    2.730707] tegra-pcie 1003000.pcie-controller: Slot present pin change, signature: 00000008
[    2.894680] ata1: SATA link down (SStatus 0 SControl 300)
[    3.158769] tegra-pcie 1003000.pcie-controller: link 0 down, retrying
[    3.587420] tegra-pcie 1003000.pcie-controller: link 0 down, retrying
[    4.016079] tegra-pcie 1003000.pcie-controller: link 0 down, retrying
[    4.024666] tegra-pcie 1003000.pcie-controller: link 0 down, ignoring
[    4.031152] tegra-pcie 1003000.pcie-controller: probing port 1, using 1 lanes
[    4.040412] tegra-pcie 1003000.pcie-controller: Slot present pin change, signature: 00000000
[    4.468932] tegra-pcie 1003000.pcie-controller: link 1 down, retrying
[    4.897564] tegra-pcie 1003000.pcie-controller: link 1 down, retrying
[    5.326041] tegra-pcie 1003000.pcie-controller: link 1 down, retrying
[    5.334629] tegra-pcie 1003000.pcie-controller: link 1 down, ignoring
[    5.341325] tegra-pcie 1003000.pcie-controller: PCI host bridge to bus 0000:00
[    5.348560] pci_bus 0000:00: root bus resource [mem 0x13000000-0x1fffffff]
[    5.355443] pci_bus 0000:00: root bus resource [mem 0x20000000-0x3fffffff pref]
[    5.362757] pci_bus 0000:00: root bus resource [bus 00-ff]
[    5.368248] pci_bus 0000:00: root bus resource [io  0x1000-0xffff]
[    5.374459] PCI: bus0: Fast back to back transfers enabled
[    5.382072] [drm] Supports vblank timestamp caching Rev 2 (21.10.2013).
[    5.388740] [drm] No driver support for vblank timestamp query.
[    5.394684] host1x drm: No connectors reported connected with modes
[    5.400981] [drm] Cannot find any crtc or sizes - going 1024x768
[    5.416703] Console: switching to colour frame buffer device 128x48
[    5.430326] host1x drm: fb0:  frame buffer device
[    5.435060] host1x drm: registered panic notifier
[    5.454659] [drm] Initialized tegra 0.0.0 20120330 on minor 0
[    5.461348] tegra-ehci 7d008000.usb: EHCI Host Controller
[    5.466808] tegra-ehci 7d008000.usb: new USB bus registered, assigned bus number 2
[    5.474688] tegra-ehci 7d008000.usb: irq 129, io mem 0x7d008000
[    5.489659] tegra-ehci 7d008000.usb: USB 2.0 started, EHCI 1.10
[    5.496468] hub 2-0:1.0: USB hub found
[    5.500285] hub 2-0:1.0: 1 port detected
[    5.505586] input: gpio-keys as /devices/soc0/gpio-keys/input/input1
[    5.512970] as3722-rtc as3722-rtc: setting system clock to 2000-02-01 00:00:19 UTC (949363219)
[    5.532701] +1.05V_RUN_AVDD_HDMI_PLL: disabling
[    5.537289] +1.8V_RUN_VPP_FUSE: disabling
[    5.541732] +2.8V_RUN_CAM_AF: disabling
[    5.545943] +3.3V_RUN_TOUCH: disabling
[    5.550066] +1.05V_RUN_CAM_REAR: disabling
[    5.554535] +1.2V_RUN_CAM_FRONT: disabling
[    5.558756] +2.8V_RUN_CAM: disabling
[    5.562467] +1.8V_RUN_CAM: disabling
[    5.566179] +USB0_VBUS_SW: disabling
[    5.569768] +3.3V_AVDD_HDMI_AP_GATED: disabling
[    5.574626] ALSA device list:
[    5.577590]   #0: NVIDIA Tegra Jetson TK1
[    5.582833] EXT4-fs (mmcblk0p1): couldn't mount as ext3 due to feature incompatibilities
[    5.591636] EXT4-fs (mmcblk0p1): couldn't mount as ext2 due to feature incompatibilities
[    5.606239] EXT4-fs (mmcblk0p1): recovery complete
[    5.611092] EXT4-fs (mmcblk0p1): mounted filesystem with ordered data mode. Opts: (null)
[    5.619273] VFS: Mounted root (ext4 filesystem) on device 179:1.
[    5.626884] devtmpfs: mounted
[    5.630588] Freeing unused kernel memory: 732K (c0b77000 - c0c2e000)
[    5.809653] usb 2-1: new high-speed USB device number 2 using tegra-ehci
bash: cannot set terminal process group (-1): Inappropriate ioctl for device
bash: no job control in this shell
root@(none):/# 