
U-Boot SPL 2015.04-rc3-00209-ga74ef40 (Mar 16 2015 - 14:43:39)


U-Boot 2015.04-rc3-00209-ga74ef40 (Mar 16 2015 - 14:43:39)

TEGRA20
Model: Compulab TrimSlice board
DRAM:  1 GiB
MMC:   Tegra SD/MMC: 0, Tegra SD/MMC: 1
SF: Detected W25Q80BL with page size 256 Bytes, erase size 4 KiB, total 1 MiB
tegra-pcie: PCI regions:
tegra-pcie:   I/O: 0x82000000-0x82010000
tegra-pcie:   non-prefetchable memory: 0xa0000000-0xa8000000
tegra-pcie:   prefetchable memory: 0xa8000000-0xc0000000
tegra-pcie: dual-mode configuration
tegra-pcie: probing port 0, using 2 lanes
In:    serial
Out:   serial
Err:   serial
Net:   RTL8169#0
Hit any key to stop autoboot:  2  0 
Tegra20 (TrimSlice) # 
Tegra20 (TrimSlice) # usb reset
resetting USB...
USB0:   USB EHCI 1.00
scanning bus 0 for devices... 3 USB Device(s) found
USB1:   USB EHCI 1.00
scanning bus 1 for devices... 1 USB Device(s) found
USB2:   lowlevel init failed
       scanning usb for storage devices... 0 Storage Device(s) found
       scanning usb for ethernet devices... 
Warning: asx0 using MAC address from net device
1 Ethernet Device(s) found
Tegra20 (TrimSlice) # setenv bootargs 'ignore_loglevel console=ttyS0,115200n8 rw root=PARTUUID=11eb23c1-01 rootwait gpt debug noinitrd earlyprintk init=/bin/bash'
Tegra20 (TrimSlice) # setenv ipaddr 192.168.100.103; setenv serverip 192.168.100.1; setenv tftpserverip 192.168.100.1
Tegra20 (TrimSlice) # tftpboot 0x00408000 zImage.multi_v7_defconfig
Using RTL8169#0 device
TFTP from server 192.168.100.1; our IP address is 192.168.100.103
Filename 'zImage.multi_v7_defconfig'.
Load address: 0x408000
Loading: *#################################################################
	 #################################################################
	 #################################################################
	 #################################################################
	 #################################################################
	 #################################################################
	 #################################################################
	 #################################################################
	 ###########################
	 4 MiB/s
done
Bytes transferred = 8016488 (7a5268 hex)
Tegra20 (TrimSlice) # tftpboot 0x02408000 tegra20-trimslice.dtb
Using RTL8169#0 device
TFTP from server 192.168.100.1; our IP address is 192.168.100.103
Filename 'tegra20-trimslice.dtb'.
Load address: 0x2408000
Loading: *##
	 3.4 MiB/s
done
Bytes transferred = 21454 (53ce hex)
Tegra20 (TrimSlice) # bootz 0x00408000 - 0x02408000
Kernel image @ 0x408000 [ 0x000000 - 0x7a5268 ]
## Flattened Device Tree blob at 02408000
   Booting using the fdt blob at 0x2408000
   Using Device Tree in place at 02408000, end 024103cd

Starting kernel ...

[    0.000000] Booting Linux on physical CPU 0x0
[    0.000000] Linux version 4.12.0-next-20170707-184785-ge29b367 (jonathanh@sellafield) (gcc version 4.7.3 20130328 (prerelease) (crosstool-NG linaro-1.13.1-4.7-2013.04-20130415 - Linaro GCC 2013.04)) #1 SMP Thu Jul 6 22:05:48 PDT 2017
[    0.000000] CPU: ARMv7 Processor [411fc090] revision 0 (ARMv7), cr=10c5387d
[    0.000000] CPU: PIPT / VIPT nonaliasing data cache, VIPT aliasing instruction cache
[    0.000000] OF: fdt: Machine model: Compulab TrimSlice board
[    0.000000] debug: ignoring loglevel setting.
[    0.000000] Memory policy: Data cache writealloc
[    0.000000] efi: Getting EFI parameters from FDT:
[    0.000000] efi: UEFI not found.
[    0.000000] cma: Reserved 64 MiB at 0x3c000000
[    0.000000] On node 0 totalpages: 262144
[    0.000000] free_area_init_node: node 0, pgdat c157dd40, node_mem_map ef7f8000
[    0.000000]   DMA zone: 1536 pages used for memmap
[    0.000000]   DMA zone: 0 pages reserved
[    0.000000]   DMA zone: 196608 pages, LIFO batch:31
[    0.000000]   HighMem zone: 65536 pages, LIFO batch:15
[    0.000000] percpu: Embedded 17 pages/cpu @ef7c4000 s39488 r8192 d21952 u69632
[    0.000000] pcpu-alloc: s39488 r8192 d21952 u69632 alloc=17*4096
[    0.000000] pcpu-alloc: [0] 0 [0] 1 
[    0.000000] Built 1 zonelists in Zone order, mobility grouping on.  Total pages: 260608
[    0.000000] Kernel command line: ignore_loglevel console=ttyS0,115200n8 rw root=PARTUUID=11eb23c1-01 rootwait gpt debug noinitrd earlyprintk init=/bin/bash
[    0.000000] PID hash table entries: 4096 (order: 2, 16384 bytes)
[    0.000000] Dentry cache hash table entries: 131072 (order: 7, 524288 bytes)
[    0.000000] Inode-cache hash table entries: 65536 (order: 6, 262144 bytes)
[    0.000000] Memory: 954384K/1048576K available (10240K kernel code, 1558K rwdata, 4452K rodata, 2048K init, 402K bss, 28656K reserved, 65536K cma-reserved, 196608K highmem)
[    0.000000] Virtual kernel memory layout:
[    0.000000]     vector  : 0xffff0000 - 0xffff1000   (   4 kB)
[    0.000000]     fixmap  : 0xffc00000 - 0xfff00000   (3072 kB)
[    0.000000]     vmalloc : 0xf0800000 - 0xff800000   ( 240 MB)
[    0.000000]     lowmem  : 0xc0000000 - 0xf0000000   ( 768 MB)
[    0.000000]     pkmap   : 0xbfe00000 - 0xc0000000   (   2 MB)
[    0.000000]     modules : 0xbf000000 - 0xbfe00000   (  14 MB)
[    0.000000]       .text : 0xc0208000 - 0xc0d00000   (11232 kB)
[    0.000000]       .init : 0xc1200000 - 0xc1400000   (2048 kB)
[    0.000000]       .data : 0xc1400000 - 0xc1585af0   (1559 kB)
[    0.000000]        .bss : 0xc158ecc8 - 0xc15f383c   ( 403 kB)
[    0.000000] SLUB: HWalign=64, Order=0-3, MinObjects=0, CPUs=2, Nodes=1
[    0.000000] Hierarchical RCU implementation.
[    0.000000] 	RCU event tracing is enabled.
[    0.000000] 	RCU restricting CPUs from NR_CPUS=16 to nr_cpu_ids=2.
[    0.000000] RCU: Adjusting geometry for rcu_fanout_leaf=16, nr_cpu_ids=2
[    0.000000] NR_IRQS: 16, nr_irqs: 16, preallocated irqs: 16
[    0.000000] /interrupt-controller@60004000: 128 interrupts forwarded to /interrupt-controller@50041000
[    0.000000] L2C: platform modifies aux control register: 0x02080000 -> 0x3e480001
[    0.000000] L2C: DT/platform modifies aux control register: 0x02080000 -> 0x3e480001
[    0.000000] L2C-310 errata 727915 769419 enabled
[    0.000000] L2C-310 enabling early BRESP for Cortex-A9
[    0.000000] L2C-310: enabling full line of zeros but not enabled in Cortex-A9
[    0.000000] L2C-310 ID prefetch enabled, offset 1 lines
[    0.000000] L2C-310 cache controller enabled, 8 ways, 1024 kB
[    0.000000] L2C-310: CACHE_ID 0x410000c4, AUX_CTRL 0x7e480001
[    0.000009] sched_clock: 32 bits at 1000kHz, resolution 1000ns, wraps every 2147483647500ns
[    0.000025] clocksource: timer_us: mask: 0xffffffff max_cycles: 0xffffffff, max_idle_ns: 1911260446275 ns
[    0.000036] Switching to timer-based delay loop, resolution 1000ns
[    0.001667] Console: colour dummy device 80x30
[    0.001694] Calibrating delay loop (skipped), value calculated using timer frequency.. 2.00 BogoMIPS (lpj=10000)
[    0.001706] pid_max: default: 32768 minimum: 301
[    0.001778] Mount-cache hash table entries: 2048 (order: 1, 8192 bytes)
[    0.001790] Mountpoint-cache hash table entries: 2048 (order: 1, 8192 bytes)
[    0.002190] CPU: Testing write buffer coherency: ok
[    0.002390] CPU0: thread -1, cpu 0, socket 0, mpidr 80000000
[    0.002619] Setting up static identity map for 0x300000 - 0x3000a0
[    0.003262] Hierarchical SRCU implementation.
[    0.004109] Tegra Revision: A03 prime SKU: 8 CPU Process: 1 SoC Process: 2
[    0.004561] EFI services will not be available.
[    0.004650] smp: Bringing up secondary CPUs ...
[    0.005163] CPU1: thread -1, cpu 1, socket 0, mpidr 80000001
[    0.005227] smp: Brought up 1 node, 2 CPUs
[    0.005238] SMP: Total of 2 processors activated (4.00 BogoMIPS).
[    0.005243] CPU: All CPU(s) started in SVC mode.
[    0.005893] devtmpfs: initialized
[    0.009667] VFP support v0.3: implementor 41 architecture 3 part 30 variant 9 rev 1
[    0.009886] clocksource: jiffies: mask: 0xffffffff max_cycles: 0xffffffff, max_idle_ns: 19112604462750000 ns
[    0.009943] futex hash table entries: 512 (order: 3, 32768 bytes)
[    0.012974] pinctrl core: initialized pinctrl subsystem
[    0.013943] DMI not present or invalid.
[    0.014116] random: get_random_u32 called from bucket_table_alloc+0xe8/0x254 with crng_init=0
[    0.014184] NET: Registered protocol family 16
[    0.016423] DMA: preallocated 256 KiB pool for atomic coherent allocations
[    0.017906] cpuidle: using governor menu
[    0.035115] No ATAGs?
[    0.035194] hw-breakpoint: found 5 (+1 reserved) breakpoint and 1 watchpoint registers.
[    0.035205] hw-breakpoint: maximum watchpoint size is 4 bytes.
[    0.040588] Serial: AMBA PL011 UART driver
[    0.052282] AT91: Could not find identification node
[    0.052834] usb1_vbus: Failed to request enable GPIO170: -517
[    0.052850] reg-fixed-voltage regulators:regulator@2: Failed to register regulator: -517
[    0.056268] vgaarb: loaded
[    0.056842] SCSI subsystem initialized
[    0.056966] libata version 3.00 loaded.
[    0.057150] usbcore: registered new interface driver usbfs
[    0.057191] usbcore: registered new interface driver hub
[    0.057229] usbcore: registered new device driver usb
[    0.059182] pps_core: LinuxPPS API ver. 1 registered
[    0.059190] pps_core: Software ver. 5.3.6 - Copyright 2005-2007 Rodolfo Giometti <giometti@linux.it>
[    0.059206] PTP clock support registered
[    0.059340] EDAC MC: Ver: 3.0.0
[    0.059605] dmi: Firmware registration failed.
[    0.061159] clocksource: Switched to clocksource timer_us
[    0.100765] NET: Registered protocol family 2
[    0.101236] TCP established hash table entries: 8192 (order: 3, 32768 bytes)
[    0.101307] TCP bind hash table entries: 8192 (order: 4, 65536 bytes)
[    0.101420] TCP: Hash tables configured (established 8192 bind 8192)
[    0.101538] UDP hash table entries: 512 (order: 2, 16384 bytes)
[    0.101588] UDP-Lite hash table entries: 512 (order: 2, 16384 bytes)
[    0.101720] NET: Registered protocol family 1
[    0.102014] RPC: Registered named UNIX socket transport module.
[    0.102023] RPC: Registered udp transport module.
[    0.102028] RPC: Registered tcp transport module.
[    0.102033] RPC: Registered tcp NFSv4.1 backchannel transport module.
[    0.102042] PCI: CLS 0 bytes, default 64
[    0.102834] hw perfevents: no interrupt-affinity property for /pmu, guessing.
[    0.102987] hw perfevents: enabled with armv7_cortex_a9 PMU driver, 7 counters available
[    0.104264] workingset: timestamp_bits=30 max_order=18 bucket_order=0
[    0.110792] squashfs: version 4.0 (2009/01/31) Phillip Lougher
[    0.111456] NFS: Registering the id_resolver key type
[    0.111477] Key type id_resolver registered
[    0.111483] Key type id_legacy registered
[    0.111514] ntfs: driver 2.1.32 [Flags: R/O].
[    0.112199] random: fast init done
[    0.112767] bounce: pool size: 64 pages
[    0.112812] Block layer SCSI generic (bsg) driver version 0.4 loaded (major 248)
[    0.112821] io scheduler noop registered
[    0.112827] io scheduler deadline registered
[    0.112975] io scheduler cfq registered (default)
[    0.112982] io scheduler mq-deadline registered
[    0.112988] io scheduler kyber registered
[    0.124361] tegra-pcie 80003000.pcie: dual-mode configuration
[    0.125060] tegra-pcie 80003000.pcie: probing port 0, using 2 lanes
[    0.207333] tegra-pcie 80003000.pcie: PCI host bridge to bus 0000:00
[    0.207344] pci_bus 0000:00: root bus resource [io  0x0000-0xffff]
[    0.207353] pci_bus 0000:00: root bus resource [mem 0xa0000000-0xa7ffffff]
[    0.207361] pci_bus 0000:00: root bus resource [mem 0xa8000000-0xbfffffff pref]
[    0.207370] pci_bus 0000:00: root bus resource [bus 00-ff]
[    0.207400] pci 0000:00:01.0: [10de:0bf0] type 01 class 0x060000
[    0.207418] pci_bus 0000:00: 2-byte config write to 0000:00:01.0 offset 0x4 may corrupt adjacent RW1C bits
[    0.207428] pci_bus 0000:00: 2-byte config write to 0000:00:01.0 offset 0x4 may corrupt adjacent RW1C bits
[    0.207449] pci_bus 0000:00: 2-byte config write to 0000:00:01.0 offset 0x88 may corrupt adjacent RW1C bits
[    0.207473] pci_bus 0000:00: 2-byte config write to 0000:00:01.0 offset 0x52 may corrupt adjacent RW1C bits
[    0.207497] pci 0000:00:01.0: PME# supported from D0 D1 D2 D3hot D3cold
[    0.207508] pci_bus 0000:00: 2-byte config write to 0000:00:01.0 offset 0x4c may corrupt adjacent RW1C bits
[    0.207705] pci_bus 0000:00: 2-byte config write to 0000:00:01.0 offset 0x3e may corrupt adjacent RW1C bits
[    0.207717] pci_bus 0000:00: 2-byte config write to 0000:00:01.0 offset 0x4 may corrupt adjacent RW1C bits
[    0.207727] pci_bus 0000:00: 1-byte config write to 0000:00:01.0 offset 0xc may corrupt adjacent RW1C bits
[    0.207733] PCI: bus0: Fast back to back transfers disabled
[    0.207742] pci 0000:00:01.0: bridge configuration invalid ([bus 00-00]), reconfiguring
[    0.207751] pci_bus 0000:00: 2-byte config write to 0000:00:01.0 offset 0x3e may corrupt adjacent RW1C bits
[    0.207762] pci_bus 0000:00: 2-byte config write to 0000:00:01.0 offset 0x3e may corrupt adjacent RW1C bits
[    0.207883] pci 0000:01:00.0: [10ec:8168] type 00 class 0x020000
[    0.207916] pci 0000:01:00.0: reg 0x10: [io  0x0000-0x00ff]
[    0.207941] pci 0000:01:00.0: reg 0x18: [mem 0x00000000-0x00000fff 64bit pref]
[    0.207959] pci 0000:01:00.0: reg 0x20: [mem 0x00000000-0x00003fff 64bit pref]
[    0.207972] pci 0000:01:00.0: reg 0x30: [mem 0x00000000-0x0001ffff pref]
[    0.208046] pci 0000:01:00.0: supports D1 D2
[    0.208053] pci 0000:01:00.0: PME# supported from D0 D1 D2 D3hot D3cold
[    0.231214] PCI: bus1: Fast back to back transfers disabled
[    0.231227] pci_bus 0000:01: busn_res: [bus 01-ff] end is updated to 01
[    0.231254] pci 0000:00:01.0: BAR 8: assigned [mem 0xa0000000-0xa00fffff]
[    0.231266] pci 0000:00:01.0: BAR 9: assigned [mem 0xa8000000-0xa80fffff 64bit pref]
[    0.231275] pci 0000:00:01.0: BAR 7: assigned [io  0x1000-0x1fff]
[    0.231288] pci 0000:01:00.0: BAR 6: assigned [mem 0xa0000000-0xa001ffff pref]
[    0.231298] pci 0000:01:00.0: BAR 4: assigned [mem 0xa8000000-0xa8003fff 64bit pref]
[    0.231317] pci 0000:01:00.0: BAR 2: assigned [mem 0xa8004000-0xa8004fff 64bit pref]
[    0.231336] pci 0000:01:00.0: BAR 0: assigned [io  0x1000-0x10ff]
[    0.231347] pci 0000:00:01.0: PCI bridge to [bus 01]
[    0.231355] pci 0000:00:01.0:   bridge window [io  0x1000-0x1fff]
[    0.231365] pci 0000:00:01.0:   bridge window [mem 0xa0000000-0xa00fffff]
[    0.231373] pci 0000:00:01.0:   bridge window [mem 0xa8000000-0xa80fffff 64bit pref]
[    0.231395] pci 0000:00:01.0: nv_msi_ht_cap_quirk didn't locate host bridge
[    0.231450] Disabling cpuidle LP2 state, since PCIe IRQs are in use
[    0.231483] pcieport 0000:00:01.0: enabling device (0140 -> 0143)
[    0.231679] pcieport 0000:00:01.0: Signaling PME with IRQ 295
[    0.237902] tegra-apbdma 6000a000.dma: Tegra20 APB DMA driver register 16 channels
[    0.286516] Serial: 8250/16550 driver, 4 ports, IRQ sharing disabled
[    0.288745] console [ttyS0] disabled
[    0.288783] 70006000.serial: ttyS0 at MMIO 0x70006000 (irq = 279, base_baud = 13500000) is a Tegra
[    1.377500] console [ttyS0] enabled
[    1.381585] SuperH (H)SCI(F) driver initialized
[    1.386870] msm_serial: driver initialized
[    1.391091] STMicroelectronics ASC driver initialized
[    1.400439] tegra-hdmi 54280000.hdmi: 54280000.hdmi supply hdmi not found, using dummy regulator
[    1.411407] [drm] Supports vblank timestamp caching Rev 2 (21.10.2013).
[    1.418006] [drm] No driver support for vblank timestamp query.
[    1.423957] [drm] Cannot find any crtc or sizes - going 1024x768
[    1.445934] Console: switching to colour frame buffer device 128x48
[    1.460610] drm drm: fb0:  frame buffer device
[    1.465104] [drm] Initialized tegra 0.0.0 20120330 for drm on minor 0
[    1.479722] brd: module loaded
[    1.487855] loop: module loaded
[    1.497274] m25p80 spi32766.0: found s25fl008k, expected w25q80bl
[    1.503467] m25p80 spi32766.0: s25fl008k (1024 Kbytes)
[    1.510689] libphy: Fixed MDIO Bus: probed
[    1.515683] CAN device driver interface
[    1.520188] bgmac_bcma: Broadcom 47xx GBit MAC driver loaded
[    1.526798] e1000e: Intel(R) PRO/1000 Network Driver - 3.2.6-k
[    1.532633] e1000e: Copyright(c) 1999 - 2015 Intel Corporation.
[    1.538593] igb: Intel(R) Gigabit Ethernet Network Driver - version 5.4.0-k
[    1.545550] igb: Copyright (c) 2007-2014 Intel Corporation.
[    1.551721] r8169 Gigabit Ethernet driver 2.3LK-NAPI loaded
[    1.557301] r8169 0000:01:00.0: enabling device (0140 -> 0143)
[    1.563961] r8169 0000:01:00.0 eth0: RTL8168d/8111d at 0xf08f9000, 00:01:c0:13:7d:63, XID 081000c0 IRQ 296
[    1.573617] r8169 0000:01:00.0 eth0: jumbo features [frames: 9200 bytes, tx checksumming: ko]
[    1.584431] pegasus: v0.9.3 (2013/04/25), Pegasus/Pegasus II USB Ethernet driver
[    1.591887] usbcore: registered new interface driver pegasus
[    1.597577] usbcore: registered new interface driver asix
[    1.603008] usbcore: registered new interface driver ax88179_178a
[    1.609114] usbcore: registered new interface driver cdc_ether
[    1.614987] usbcore: registered new interface driver smsc75xx
[    1.620757] usbcore: registered new interface driver smsc95xx
[    1.626534] usbcore: registered new interface driver net1080
[    1.632222] usbcore: registered new interface driver cdc_subset
[    1.638152] usbcore: registered new interface driver zaurus
[    1.643789] usbcore: registered new interface driver cdc_ncm
[    1.649706] tegra-phy c5004000.usb-phy: no vbus regulator
[    1.656205] tegra-phy c5008000.usb-phy: no vbus regulator
[    1.662945] ehci_hcd: USB 2.0 'Enhanced' Host Controller (EHCI) Driver
[    1.669457] ehci-pci: EHCI PCI platform driver
[    1.673943] ehci-platform: EHCI generic platform driver
[    1.679308] ehci-orion: EHCI orion driver
[    1.683454] SPEAr-ehci: EHCI SPEAr driver
[    1.687553] ehci-st: EHCI STMicroelectronics driver
[    1.692537] ehci-exynos: EHCI EXYNOS driver
[    1.696821] ehci-atmel: EHCI Atmel driver
[    1.700916] tegra-ehci: Tegra EHCI driver
[    1.762366] ulpi_phy_power_on: ulpi write failed
[    1.766973] tegra-ehci c5004000.usb: Failed to power on the phy
[    1.772909] tegra-ehci: probe of c5004000.usb failed with error -110
[    1.781888] tegra-ehci c5008000.usb: EHCI Host Controller
[    1.787293] tegra-ehci c5008000.usb: new USB bus registered, assigned bus number 1
[    1.795108] tegra-ehci c5008000.usb: irq 290, io mem 0xc5008000
[    1.821182] tegra-ehci c5008000.usb: USB 2.0 started, EHCI 1.00
[    1.827721] hub 1-0:1.0: USB hub found
[    1.831503] hub 1-0:1.0: 1 port detected
[    1.835733] ohci_hcd: USB 1.1 'Open' Host Controller (OHCI) Driver
[    1.841927] ohci-pci: OHCI PCI platform driver
[    1.846406] ohci-platform: OHCI generic platform driver
[    1.851809] SPEAr-ohci: OHCI SPEAr driver
[    1.855912] ohci-st: OHCI STMicroelectronics driver
[    1.860881] ohci-atmel: OHCI Atmel driver
[    1.865489] usbcore: registered new interface driver usb-storage
[    1.874348] rtc-em3027 2-0056: rtc core: registered rtc-em3027 as rtc0
[    1.881968] tegra_rtc 7000e000.rtc: rtc core: registered 7000e000.rtc as rtc1
[    1.889114] tegra_rtc 7000e000.rtc: Tegra internal Real Time Clock
[    1.895704] i2c /dev entries driver
[    1.908741] sdhci: Secure Digital Host Controller Interface driver
[    1.914945] sdhci: Copyright(c) Pierre Ossman
[    1.920449] Synopsys Designware Multimedia Card Interface Driver
[    1.927414] sdhci-pltfm: SDHCI platform and OF driver helper
[    1.941378] mmc0: Invalid maximum block size, assuming 512 bytes
[    2.001183] mmc0: SDHCI controller on c8000000.sdhci [c8000000.sdhci] using ADMA
[    2.008662] sdhci-tegra c8000600.sdhci: Got CD GPIO
[    2.013559] sdhci-tegra c8000600.sdhci: Got WP GPIO
[    2.026594] mmc1: Invalid maximum block size, assuming 512 bytes
[    2.091286] mmc1: SDHCI controller on c8000600.sdhci [c8000600.sdhci] using ADMA
[    2.100054] ledtrig-cpu: registered to indicate activity on CPUs
[    2.106368] usbcore: registered new interface driver usbhid
[    2.111944] usbhid: USB HID core driver
[    2.119077] NET: Registered protocol family 10
[    2.124533] Segment Routing with IPv6
[    2.128235] sit: IPv6, IPv4 and MPLS over IPv4 tunneling driver
[    2.134669] NET: Registered protocol family 17
[    2.139106] can: controller area network core (rev 20170425 abi 9)
[    2.145332] NET: Registered protocol family 29
[    2.149763] can: raw protocol (rev 20170425)
[    2.154036] can: broadcast manager protocol (rev 20170425 t)
[    2.159685] can: netlink gateway (rev 20170425) max_hops=1
[    2.165456] Key type dns_resolver registered
[    2.170089] ThumbEE CPU extension supported.
[    2.174374] Registering SWP/SWPB emulation handler
[    2.187411] utmi_phy_clk_enable: timeout waiting for phy to stabilize
[    2.193890] tegra-ehci c5000000.usb: EHCI Host Controller
[    2.199295] tegra-ehci c5000000.usb: new USB bus registered, assigned bus number 2
[    2.201179] usb 1-1: new high-speed USB device number 2 using tegra-ehci
[    2.213853] tegra-ehci c5000000.usb: irq 288, io mem 0xc5000000
[    2.290174] mmc1: new high speed SD card at address b368
[    2.295938] mmcblk1: mmc1:b368 NCard 1.83 GiB (ro)
[    2.303426] mmcblk1: error -5 sending stop command, original cmd response 0x900, card status 0x900
[    2.312403] mmcblk1: error -5 transferring data, sector 3839992, nr 8, cmd response 0x900, card status 0x80000b00
[    2.361201] tegra-ehci c5000000.usb: USB 2.0 started, EHCI 1.00
[    2.367975] hub 2-0:1.0: USB hub found
[    2.371817] hub 2-0:1.0: 1 port detected
[    2.377008] input: gpio-keys as /devices/soc0/gpio-keys/input/input0
[    2.384110] rtc-em3027 2-0056: hctosys: unable to read the hardware clock
[    2.385244] hub 1-1:1.0: USB hub found
[    2.385389] hub 1-1:1.0: 4 ports detected
[    2.415337] mmcblk1: error -5 sending stop command, original cmd response 0x900, card status 0x900
[    2.424320] mmcblk1: error -5 transferring data, sector 3839992, nr 8, cmd response 0x900, card status 0x80000b00
[    2.434589] mmcblk1: retrying using single block read
[    2.441824]  mmcblk1: p1 p2
[    2.445501] Waiting for root device PARTUUID=11eb23c1-01...
[    2.711217] usb 1-1.2: new high-speed USB device number 3 using tegra-ehci
[    3.259066] mmc0: host does not support reading read-only switch, assuming write-enable
[    3.269201] mmc0: new high speed SDHC card at address b368
[    3.275955] mmcblk0: mmc0:b368 NCard 3.70 GiB 
[    3.283911] mmcblk0: error -5 sending stop command, original cmd response 0x900, card status 0x900
[    3.292971] mmcblk0: error -5 transferring data, sector 7759864, nr 8, cmd response 0x900, card status 0x80000b00
[    3.336312] asix 1-1.2:1.0 eth1: register 'asix' at usb-c5008000.usb-1.2, ASIX AX88772 USB 2.0 Ethernet, 00:60:6e:60:6c:68
[    3.396011] mmcblk0: error -5 sending stop command, original cmd response 0x900, card status 0x900
[    3.405082] mmcblk0: error -5 transferring data, sector 7759864, nr 8, cmd response 0x900, card status 0x80000b00
[    3.415443] mmcblk0: retrying using single block read
[    3.423107]  mmcblk0: p1
[    3.442241] mmcblk0: r/w command failed, status = 0x80000900
[    3.535797] EXT4-fs (mmcblk0p1): mounting ext3 file system using the ext4 subsystem
[    3.775812] EXT4-fs (mmcblk0p1): recovery complete
[    3.850693] EXT4-fs (mmcblk0p1): mounted filesystem with ordered data mode. Opts: (null)
[    3.858908] VFS: Mounted root (ext3 filesystem) on device 179:17.
[    3.874873] devtmpfs: mounted
[    3.882786] Freeing unused kernel memory: 2048K
bash: cannot set terminal process group (-1): Inappropriate ioctl for device
bash: no job control in this shell
root@(none):/#  
root@(none):/# mount -t sysfs none /sys
root@(none):/# 
root@(none):/# mount -t debugfs none /sys/kernel/debug
root@(none):/# 
root@(none):/# rtcwake -d rtc1 -m mem -s 3
rtcwake: assuming RTC uses UTC ...
rtcwake: wakeup from "mem" using /dev/rtc1 at Thu Jan  1 00:00:33 1970
[   15.772940] PM: Syncing filesystems ... done.
[   15.819066] Freezing user space processes ... (elapsed 0.001 seconds) done.
[   15.827343] OOM killer disabled.
[   15.830574] Freezing remaining freezable tasks ... (elapsed 0.001 seconds) done.
[   15.839238] Suspending console(s) (use no_console_suspend to debug)
[   15.876492] pci_generic_config_write32: 43 callbacks suppressed
[   15.876536] pci_bus 0000:00: 2-byte config write to 0000:00:01.0 offset 0x9c may corrupt adjacent RW1C bits
[   15.897612] pci_bus 0000:01: 2-byte config write to 0000:01:00.0 offset 0x44 may corrupt adjacent RW1C bits
[   15.897670] pci_bus 0000:01: 2-byte config write to 0000:01:00.0 offset 0x44 may corrupt adjacent RW1C bits
[   15.921854] Disabling non-boot CPUs ...
[   15.972445] IRQ294 no longer affine to CPU1
[   15.974991] Entering suspend state LP1
[   15.974991] Suspended for 2.265 seconds
[   15.975039] Enabling non-boot CPUs ...
[   15.976468] CPU1 is up
[   15.978886] pci_bus 0000:00: 2-byte config write to 0000:00:01.0 offset 0x4c may corrupt adjacent RW1C bits
[   15.978935] pci_bus 0000:00: 2-byte config write to 0000:00:01.0 offset 0x88 may corrupt adjacent RW1C bits
[   15.978966] pci_bus 0000:00: 2-byte config write to 0000:00:01.0 offset 0x90 may corrupt adjacent RW1C bits
[   15.978994] pci_bus 0000:00: 2-byte config write to 0000:00:01.0 offset 0x98 may corrupt adjacent RW1C bits
[   15.979023] pci_bus 0000:00: 2-byte config write to 0000:00:01.0 offset 0x9c may corrupt adjacent RW1C bits
[   15.979103] pci_bus 0000:00: 2-byte config write to 0000:00:01.0 offset 0x52 may corrupt adjacent RW1C bits
[   15.979135] pci_bus 0000:00: 2-byte config write to 0000:00:01.0 offset 0x52 may corrupt adjacent RW1C bits
[   15.979212] pcieport 0000:00:01.0: nv_msi_ht_cap_quirk didn't locate host bridge
[   16.686334] OOM killer enabled.
[   16.689463] Restarting tasks ... done.
root@(none):/# 
root@(none):/# rtcwake -d rtc1 -m mem -s 3
rtcwake: assuming RTC uses UTC ...
rtcwake: wakeup from "mem" using /dev/rtc1 at Thu Jan  1 00:00:38 1970
[   17.425856] PM: Syncing filesystems ... done.
[   17.471002] Freezing user space processes ... (elapsed 0.001 seconds) done.
[   17.479436] OOM killer disabled.
[   17.482764] Freezing remaining freezable tasks ... (elapsed 0.001 seconds) done.
[   17.491638] Suspending console(s) (use no_console_suspend to debug)
[   17.551708] Disabling non-boot CPUs ...
[   17.602347] IRQ294 no longer affine to CPU1
[   17.603913] Entering suspend state LP1
[   17.603913] Suspended for 3.370 seconds
[   17.603960] Enabling non-boot CPUs ...
[   17.605453] CPU1 is up
[   17.606892] pcieport 0000:00:01.0: nv_msi_ht_cap_quirk didn't locate host bridge
[   18.212650] OOM killer enabled.
[   18.215778] Restarting tasks ... done.
root@(none):/# 
root@(none):/# rtcwake -d rtc1 -m mem -s 3
rtcwake: assuming RTC uses UTC ...
rtcwake: wakeup from "mem" using /dev/rtc1 at Thu Jan  1 00:00:43 1970
[   19.055916] PM: Syncing filesystems ... done.
[   19.101183] Freezing user space processes ... (elapsed 0.001 seconds) done.
[   19.109511] OOM killer disabled.
[   19.112872] Freezing remaining freezable tasks ... (elapsed 0.001 seconds) done.
[   19.121744] Suspending console(s) (use no_console_suspend to debug)
[   19.211671] Disabling non-boot CPUs ...
[   19.252235] IRQ294 no longer affine to CPU1
[   19.253708] Entering suspend state LP1
[   19.253708] Suspended for 3.350 seconds
[   19.253754] Enabling non-boot CPUs ...
[   19.255270] CPU1 is up
[   19.257871] pcieport 0000:00:01.0: nv_msi_ht_cap_quirk didn't locate host bridge
[   19.863017] OOM killer enabled.
[   19.866146] Restarting tasks ... done.
root@(none):/# 
root@(none):/# rtcwake -d rtc1 -m mem -s 3
rtcwake: assuming RTC uses UTC ...
rtcwake: wakeup from "mem" using /dev/rtc1 at Thu Jan  1 00:00:48 1970
[   20.705765] PM: Syncing filesystems ... done.
[   20.750847] Freezing user space processes ... (elapsed 0.001 seconds) done.
[   20.759270] OOM killer disabled.
[   20.762592] Freezing remaining freezable tasks ... (elapsed 0.001 seconds) done.
[   20.771475] Suspending console(s) (use no_console_suspend to debug)
[   20.861594] Disabling non-boot CPUs ...
[   20.932263] IRQ294 no longer affine to CPU1
[   20.933723] Entering suspend state LP1
[   20.933723] Suspended for 3.319 seconds
[   20.933771] Enabling non-boot CPUs ...
[   20.935260] CPU1 is up
[   20.937701] pci_generic_config_write32: 68 callbacks suppressed
[   20.937747] pci_bus 0000:00: 2-byte config write to 0000:00:01.0 offset 0x4c may corrupt adjacent RW1C bits
[   20.937820] pci_bus 0000:00: 2-byte config write to 0000:00:01.0 offset 0x88 may corrupt adjacent RW1C bits
[   20.937853] pci_bus 0000:00: 2-byte config write to 0000:00:01.0 offset 0x90 may corrupt adjacent RW1C bits
[   20.937900] pci_bus 0000:00: 2-byte config write to 0000:00:01.0 offset 0x98 may corrupt adjacent RW1C bits
[   20.937931] pci_bus 0000:00: 2-byte config write to 0000:00:01.0 offset 0x9c may corrupt adjacent RW1C bits
[   20.938013] pci_bus 0000:00: 2-byte config write to 0000:00:01.0 offset 0x52 may corrupt adjacent RW1C bits
[   20.938046] pci_bus 0000:00: 2-byte config write to 0000:00:01.0 offset 0x52 may corrupt adjacent RW1C bits
[   20.938078] pci_bus 0000:00: 2-byte config write to 0000:00:01.0 offset 0x5c may corrupt adjacent RW1C bits
[   20.938109] pci_bus 0000:00: 2-byte config write to 0000:00:01.0 offset 0x52 may corrupt adjacent RW1C bits
[   20.938170] pcieport 0000:00:01.0: nv_msi_ht_cap_quirk didn't locate host bridge
[   20.938314] pci_bus 0000:01: 2-byte config write to 0000:01:00.0 offset 0x44 may corrupt adjacent RW1C bits
[   21.635219] OOM killer enabled.
[   21.638348] Restarting tasks ... done.
root@(none):/# 
root@(none):/# rtcwake -d rtc1 -m mem -s 3
rtcwake: assuming RTC uses UTC ...
rtcwake: wakeup from "mem" using /dev/rtc1 at Thu Jan  1 00:00:53 1970
[   22.385500] PM: Syncing filesystems ... done.
[   22.430591] Freezing user space processes ... (elapsed 0.001 seconds) done.
[   22.438921] OOM killer disabled.
[   22.442239] Freezing remaining freezable tasks ... (elapsed 0.001 seconds) done.
[   22.451137] Suspending console(s) (use no_console_suspend to debug)
[   22.541421] Disabling non-boot CPUs ...
[   22.592049] IRQ294 no longer affine to CPU1
[   22.593667] Entering suspend state LP1
[   22.593667] Suspended for 3.339 seconds
[   22.593712] Enabling non-boot CPUs ...
[   22.595215] CPU1 is up
[   22.596085] pcieport 0000:00:01.0: nv_msi_ht_cap_quirk didn't locate host bridge
[   23.202178] OOM killer enabled.
[   23.205307] Restarting tasks ... done.
root@(none):/# 
root@(none):/# rtcwake -d rtc1 -m mem -s 3
rtcwake: assuming RTC uses UTC ...
rtcwake: wakeup from "mem" using /dev/rtc1 at Thu Jan  1 00:00:58 1970
[   24.045303] PM: Syncing filesystems ... done.
[   24.090412] Freezing user space processes ... (elapsed 0.001 seconds) done.
[   24.098742] OOM killer disabled.
[   24.102062] Freezing remaining freezable tasks ... (elapsed 0.001 seconds) done.
[   24.110950] Suspending console(s) (use no_console_suspend to debug)
[   24.181363] Disabling non-boot CPUs ...
[   24.221973] IRQ294 no longer affine to CPU1
[   24.223576] Entering suspend state LP1
[   24.223576] Suspended for 3.370 seconds
[   24.223623] Enabling non-boot CPUs ...
[   24.225130] CPU1 is up
[   24.226334] pcieport 0000:00:01.0: nv_msi_ht_cap_quirk didn't locate host bridge
[   24.832691] OOM killer enabled.
[   24.835820] Restarting tasks ... done.
root@(none):/# 
root@(none):/# rtcwake -d rtc1 -m mem -s 3
rtcwake: assuming RTC uses UTC ...
rtcwake: wakeup from "mem" using /dev/rtc1 at Thu Jan  1 00:01:03 1970
[   25.675578] PM: Syncing filesystems ... done.
[   25.720841] Freezing user space processes ... (elapsed 0.001 seconds) done.
[   25.729162] OOM killer disabled.
[   25.732493] Freezing remaining freezable tasks ... (elapsed 0.001 seconds) done.
[   25.741364] Suspending console(s) (use no_console_suspend to debug)
[   25.831296] Disabling non-boot CPUs ...
[   25.881976] IRQ294 no longer affine to CPU1
[   25.883483] Entering suspend state LP1
[   25.883483] Suspended for 3.340 seconds
[   25.883529] Enabling non-boot CPUs ...
[   25.885023] CPU1 is up
[   25.886333] pcieport 0000:00:01.0: nv_msi_ht_cap_quirk didn't locate host bridge
[   26.492221] OOM killer enabled.
[   26.495350] Restarting tasks ... done.
root@(none):/# 
root@(none):/# rtcwake -d rtc1 -m mem -s 3
rtcwake: assuming RTC uses UTC ...
rtcwake: wakeup from "mem" using /dev/rtc1 at Thu Jan  1 00:01:08 1970
[   27.335199] PM: Syncing filesystems ... done.
[   27.380290] Freezing user space processes ... (elapsed 0.001 seconds) done.
[   27.388615] OOM killer disabled.
[   27.391936] Freezing remaining freezable tasks ... (elapsed 0.001 seconds) done.
[   27.400827] Suspending console(s) (use no_console_suspend to debug)
[   27.436976] pci_generic_config_write32: 87 callbacks suppressed
[   27.437020] pci_bus 0000:00: 2-byte config write to 0000:00:01.0 offset 0x9c may corrupt adjacent RW1C bits
[   27.457819] pci_bus 0000:01: 2-byte config write to 0000:01:00.0 offset 0x44 may corrupt adjacent RW1C bits
[   27.457875] pci_bus 0000:01: 2-byte config write to 0000:01:00.0 offset 0x44 may corrupt adjacent RW1C bits
[   27.481270] Disabling non-boot CPUs ...
[   27.551792] IRQ294 no longer affine to CPU1
[   27.553231] Entering suspend state LP1
[   27.553231] Suspended for 3.330 seconds
[   27.553278] Enabling non-boot CPUs ...
[   27.554782] CPU1 is up
[   27.557196] pci_bus 0000:00: 2-byte config write to 0000:00:01.0 offset 0x4c may corrupt adjacent RW1C bits
[   27.557245] pci_bus 0000:00: 2-byte config write to 0000:00:01.0 offset 0x88 may corrupt adjacent RW1C bits
[   27.557275] pci_bus 0000:00: 2-byte config write to 0000:00:01.0 offset 0x90 may corrupt adjacent RW1C bits
[   27.557303] pci_bus 0000:00: 2-byte config write to 0000:00:01.0 offset 0x98 may corrupt adjacent RW1C bits
[   27.557332] pci_bus 0000:00: 2-byte config write to 0000:00:01.0 offset 0x9c may corrupt adjacent RW1C bits
[   27.557412] pci_bus 0000:00: 2-byte config write to 0000:00:01.0 offset 0x52 may corrupt adjacent RW1C bits
[   27.557445] pci_bus 0000:00: 2-byte config write to 0000:00:01.0 offset 0x52 may corrupt adjacent RW1C bits
[   27.557521] pcieport 0000:00:01.0: nv_msi_ht_cap_quirk didn't locate host bridge
[   28.253758] OOM killer enabled.
[   28.256886] Restarting tasks ... done.
root@(none):/# 
root@(none):/# rtcwake -d rtc1 -m mem -s 3
rtcwake: assuming RTC uses UTC ...
rtcwake: wakeup from "mem" using /dev/rtc1 at Thu Jan  1 00:01:13 1970
[   29.005139] PM: Syncing filesystems ... done.
[   29.050203] Freezing user space processes ... (elapsed 0.001 seconds) done.
[   29.058532] OOM killer disabled.
[   29.061853] Freezing remaining freezable tasks ... (elapsed 0.001 seconds) done.
[   29.070750] Suspending console(s) (use no_console_suspend to debug)
[   29.161107] Disabling non-boot CPUs ...
[   29.201801] IRQ294 no longer affine to CPU1
[   29.203389] Entering suspend state LP1
[   29.203389] Suspended for 3.349 seconds
[   29.203437] Enabling non-boot CPUs ...
[   29.204915] CPU1 is up
[   29.206077] pcieport 0000:00:01.0: nv_msi_ht_cap_quirk didn't locate host bridge
[   29.828126] OOM killer enabled.
[   29.831266] Restarting tasks ... done.
root@(none):/# 
root@(none):/# rtcwake -d rtc1 -m mem -s 3
rtcwake: assuming RTC uses UTC ...
rtcwake: wakeup from "mem" using /dev/rtc1 at Thu Jan  1 00:01:18 1970
[   30.655015] PM: Syncing filesystems ... done.
[   30.700108] Freezing user space processes ... (elapsed 0.001 seconds) done.
[   30.708439] OOM killer disabled.
[   30.711758] Freezing remaining freezable tasks ... (elapsed 0.001 seconds) done.
[   30.720643] Suspending console(s) (use no_console_suspend to debug)
[   30.811001] Disabling non-boot CPUs ...
[   30.851677] IRQ294 no longer affine to CPU1
[   30.853170] Entering suspend state LP1
[   30.853170] Suspended for 3.350 seconds
[   30.853217] Enabling non-boot CPUs ...
[   30.854714] CPU1 is up
[   30.857263] pcieport 0000:00:01.0: nv_msi_ht_cap_quirk didn't locate host bridge
[   31.461758] OOM killer enabled.
[   31.464886] Restarting tasks ... done.
root@(none):/# 
root@(none):/# NVTB SYSTEM SUSPEND TEST COMPLETE
