
U-Boot SPL 2013.04-rc2-06423-gf2e8a87-dirty (May 15 2013 - 09:45:39)


U-Boot 2013.04-rc2-06423-gf2e8a87-dirty (May 15 2013 - 09:45:39)

TEGRA30
Board: NVIDIA Beaver
DRAM:  2 GiB
MMC:   Tegra SD/MMC: 0, Tegra SD/MMC: 1
*** Warning - bad CRC, using default environment

In:    serial
Out:   serial
Err:   serial
Hit any key to stop autoboot:  2  0 
Tegra30 (Beaver) # 
Tegra30 (Beaver) # setenv bootargs 'console=ttyS0,230400n8 noinitrd root=/dev/mmcblk0p1 rw rootwait gpt ignore_loglevel debug'
Tegra30 (Beaver) # loady 0x81000000
## Ready for binary (ymodem) download to 0x81000000 at 230400 bps...
CSending: zImage
Sending: 

Transfer complete
yzModem - CRC mode, 8(SOH)/3847(STX)/0(CAN) packets, 3 retries
## Total Size      = 0x003c1e90 = 3939984 Bytes
Tegra30 (Beaver) # loady 0x82000000
## Ready for binary (ymodem) download to 0x82000000 at 230400 bps...
CSending: tegra30-beaver.dtb
Sending: 

Transfer complete
yzModem - CRC mode, 6(SOH)/20(STX)/0(CAN) packets, 3 retries
## Total Size      = 0x000051a8 = 20904 Bytes
Tegra30 (Beaver) # bootz 0x81000000 - 0x82000000
## Flattened Device Tree blob at 82000000
   Booting using the fdt blob at 0x82000000
   Loading Device Tree to 8fff7000, end 8ffff1a7 ... OK

Starting kernel ...

[    0.000000] Booting Linux on physical CPU 0x0
[    0.000000] Linux version 3.12.0-rc2-next-20130925-13669-g050f4da (pwalmsley@tamien) (gcc version 4.5.1 (Sourcery G++ Lite 2010.09-50) ) #1 SMP Tue Sep 24 22:20:30 PDT 2013
[    0.000000] CPU: ARMv7 Processor [412fc099] revision 9 (ARMv7), cr=10c5387d
[    0.000000] CPU: PIPT / VIPT nonaliasing data cache, VIPT aliasing instruction cache
[    0.000000] Machine: NVIDIA Tegra SoC (Flattened Device Tree), model: NVIDIA Tegra30 Beaver evaluation board
[    0.000000] debug: ignoring loglevel setting.
[    0.000000] Memory policy: ECC disabled, Data cache writealloc
[    0.000000] On node 0 totalpages: 524032
[    0.000000] free_area_init_node: node 0, pgdat c07a4d40, node_mem_map c07ec000
[    0.000000]   DMA zone: 1520 pages used for memmap
[    0.000000]   DMA zone: 0 pages reserved
[    0.000000]   DMA zone: 194560 pages, LIFO batch:31
[    0.000000]   HighMem zone: 2574 pages used for memmap
[    0.000000]   HighMem zone: 329472 pages, LIFO batch:31
[    0.000000] fuse_speedo_calib: ATE prog ver 3.3
[    0.000000] Tegra30: CPU Speedo ID 5, Soc Speedo ID 2
[    0.000000] Tegra Revision: A03 SKU: 128 CPU Process: 4 Core Process: 0
[    0.000000] L310 cache controller enabled
[    0.000000] l2x0: 8 ways, CACHE_ID 0x410000c7, AUX_CTRL 0x7e480001, Cache size: 1024 kB
[    0.000000] PERCPU: Embedded 5 pages/cpu @c17ff000 s6976 r0 d13504 u32768
[    0.000000] pcpu-alloc: s6976 r0 d13504 u32768 alloc=8*4096
[    0.000000] pcpu-alloc: [0] 0 [0] 1 [0] 2 [0] 3 
[    0.000000] Built 1 zonelists in Zone order, mobility grouping on.  Total pages: 522512
[    0.000000] Kernel command line: console=ttyS0,230400n8 noinitrd root=/dev/mmcblk0p1 rw rootwait gpt ignore_loglevel debug
[    0.000000] PID hash table entries: 4096 (order: 2, 16384 bytes)
[    0.000000] Dentry cache hash table entries: 131072 (order: 7, 524288 bytes)
[    0.000000] Inode-cache hash table entries: 65536 (order: 6, 262144 bytes)
[    0.000000] Memory: 2070636K/2096128K available (5333K kernel code, 590K rwdata, 1392K rodata, 478K init, 278K bss, 25492K reserved, 1317888K highmem)
[    0.000000] Virtual kernel memory layout:
[    0.000000]     vector  : 0xffff0000 - 0xffff1000   (   4 kB)
[    0.000000]     fixmap  : 0xfff00000 - 0xfffe0000   ( 896 kB)
[    0.000000]     vmalloc : 0xf0000000 - 0xff000000   ( 240 MB)
[    0.000000]     lowmem  : 0xc0000000 - 0xef800000   ( 760 MB)
[    0.000000]     pkmap   : 0xbfe00000 - 0xc0000000   (   2 MB)
[    0.000000]       .text : 0xc0008000 - 0xc06995dc   (6726 kB)
[    0.000000]       .init : 0xc069a000 - 0xc0711b40   ( 479 kB)
[    0.000000]       .data : 0xc0712000 - 0xc07a5b20   ( 591 kB)
[    0.000000]        .bss : 0xc07a5b28 - 0xc07eb634   ( 279 kB)
[    0.000000] SLUB: HWalign=64, Order=0-3, MinObjects=0, CPUs=4, Nodes=1
[    0.000000] Hierarchical RCU implementation.
[    0.000000] NR_IRQS:16 nr_irqs:16 16
[    0.000000] sched_clock: 32 bits at 1000kHz, resolution 1000ns, wraps every 2147483648000ns
[    0.000000] Console: colour dummy device 80x30
[    0.000556] Calibrating delay loop... 1397.55 BogoMIPS (lpj=6987776)
[    0.089984] pid_max: default: 32768 minimum: 301
[    0.090082] Mount-cache hash table entries: 512
[    0.092411] CPU: Testing write buffer coherency: ok
[    0.092724] CPU0: thread -1, cpu 0, socket 0, mpidr 80000000
[    0.092771] Setting up static identity map for 0xc05103d0 - 0xc0510468
[    0.092893] unable to find compatible sirf rstc node in dtb
[    0.094217] CPU1: Booted secondary processor
[    0.129977] CPU1: thread -1, cpu 1, socket 0, mpidr 80000001
[    0.130846] CPU2: Booted secondary processor
[    0.169976] CPU2: thread -1, cpu 2, socket 0, mpidr 80000002
[    0.170820] CPU3: Booted secondary processor
[    0.209977] CPU3: thread -1, cpu 3, socket 0, mpidr 80000003
[    0.210035] Brought up 4 CPUs
[    0.210050] SMP: Total of 4 processors activated.
[    0.210056] CPU: All CPU(s) started in SVC mode.
[    0.210600] devtmpfs: initialized
[    0.212949] VFP support v0.3: implementor 41 architecture 3 part 30 variant 9 rev 4
[    0.213100] pinctrl core: initialized pinctrl subsystem
[    0.213341] regulator-dummy: no parameters
[    0.215247] NET: Registered protocol family 16
[    0.216682] DMA: preallocated 256 KiB pool for atomic coherent allocations
[    0.224143] Serial: AMBA PL011 UART driver
[    0.227022] bio: create slab <bio-0> at 0
[    0.227890] edma-dma-engine edma-dma-engine.0: Can't allocate PaRAM dummy slot
[    0.227907] edma-dma-engine: probe of edma-dma-engine.0 failed with error -5
[    0.228160] vdd_5v_in: 5000 mV 
[    0.228224] platform 1.regulator: Driver reg-fixed-voltage requests probe deferral
[    0.228254] platform 2.regulator: Driver reg-fixed-voltage requests probe deferral
[    0.228331] vdd_5v_sata: 5000 mV 
[    0.228352] vdd_5v_sata: supplied by vdd_5v_in
[    0.228465] usb1_vbus: 5000 mV 
[    0.228483] usb1_vbus: supplied by vdd_5v_in
[    0.228621] usb3_vbus: 5000 mV 
[    0.228638] usb3_vbus: supplied by vdd_5v_in
[    0.228706] platform 6.regulator: Driver reg-fixed-voltage requests probe deferral
[    0.228784] sys_3v3_pexs: 3300 mV 
[    0.228804] reg-fixed-voltage 7.regulator: Failed to find supply vin
[    0.228855] reg-fixed-voltage 7.regulator: Failed to register regulator: -517
[    0.228865] platform 7.regulator: Driver reg-fixed-voltage requests probe deferral
[    0.229729] SCSI subsystem initialized
[    0.229846] libata version 3.00 loaded.
[    0.229991] usbcore: registered new interface driver usbfs
[    0.230017] usbcore: registered new interface driver hub
[    0.230072] usbcore: registered new device driver usb
[    0.232548] tps62361-vout: 500 <--> 1500 mV at 1160 mV 
[    0.232712] pps_core: LinuxPPS API ver. 1 registered
[    0.232717] pps_core: Software ver. 5.3.6 - Copyright 2005-2007 Rodolfo Giometti <giometti@linux.it>
[    0.232730] PTP clock support registered
[    0.232749] EDAC MC: Ver: 3.0.0
[    0.233388] Switched to clocksource timer_us
[    0.238187] NET: Registered protocol family 2
[    0.238541] TCP established hash table entries: 8192 (order: 4, 65536 bytes)
[    0.238621] TCP bind hash table entries: 8192 (order: 4, 65536 bytes)
[    0.238701] TCP: Hash tables configured (established 8192 bind 8192)
[    0.238787] TCP: reno registered
[    0.238801] UDP hash table entries: 512 (order: 2, 16384 bytes)
[    0.238862] UDP-Lite hash table entries: 512 (order: 2, 16384 bytes)
[    0.239075] NET: Registered protocol family 1
[    0.239348] RPC: Registered named UNIX socket transport module.
[    0.239354] RPC: Registered udp transport module.
[    0.239357] RPC: Registered tcp transport module.
[    0.239361] RPC: Registered tcp NFSv4.1 backchannel transport module.
[    0.241323] bounce pool size: 64 pages
[    0.245694] NFS: Registering the id_resolver key type
[    0.245730] Key type id_resolver registered
[    0.245735] Key type id_legacy registered
[    0.245878] Block layer SCSI generic (bsg) driver version 0.4 loaded (major 251)
[    0.245886] io scheduler noop registered
[    0.245891] io scheduler deadline registered
[    0.245972] io scheduler cfq registered (default)
[    0.248398] tegra-apbdma 6000a000.dma: Tegra20 APB DMA driver register 32 channels
[    0.278014] Serial: 8250/16550 driver, 4 ports, IRQ sharing disabled
[    0.278831] Serial: IMX driver
[    0.279403] 70006000.serial: ttyS0 at MMIO 0x70006000 (irq = 68, base_baud = 25500000) is a Tegra
[    0.610195] console [ttyS0] enabled
[    0.612547] serial: Freescale lpuart driver
[    0.614857] [drm] Initialized drm 1.1.0 20060810
[    0.618147] tegra-hdmi 54280000.hdmi: failed to get VDD regulator
[    0.621213] platform 54280000.hdmi: Driver tegra-hdmi requests probe deferral
[    0.626541] ehci_hcd: USB 2.0 'Enhanced' Host Controller (EHCI) Driver
[    0.629818] ehci-platform: EHCI generic platform driver
[    0.632496] ehci-omap: OMAP-EHCI Host Controller driver
[    0.635188] ehci-orion: EHCI orion driver
[    0.637245] SPEAr-ehci: EHCI SPEAr driver
[    0.639299] tegra-ehci: Tegra EHCI driver
[    0.641411] platform 7d008000.usb: Driver tegra-ehci requests probe deferral
[    0.645126] usbcore: registered new interface driver usb-storage
[    0.649952] mousedev: PS/2 mouse device common for all mice
[    0.653190] tegra_rtc 7000e000.rtc: rtc core: registered 7000e000.rtc as rtc0
[    0.656802] tegra_rtc 7000e000.rtc: Tegra internal Real Time Clock
[    0.660276] sdhci: Secure Digital Host Controller Interface driver
[    0.663385] sdhci: Copyright(c) Pierre Ossman
[    0.665758] sdhci-pltfm: SDHCI platform and OF driver helper
[    0.668841] sdhci-tegra 78000000.sdhci: Got CD GPIO #69.
[    0.671516] sdhci-tegra 78000000.sdhci: Got WP GPIO #155.
[    0.674266] sdhci-tegra 78000000.sdhci: dummy supplies not allowed
[    0.677365] mmc0: no vqmmc regulator found
[    0.679421] sdhci-tegra 78000000.sdhci: dummy supplies not allowed
[    0.682519] mmc0: no vmmc regulator found
[    0.684537] mmc0: Invalid maximum block size, assuming 512 bytes
[    0.733402] mmc0: SDHCI controller on 78000000.sdhci [78000000.sdhci] using ADMA
[    0.738166] sdhci-tegra 78000600.sdhci: dummy supplies not allowed
[    0.741267] mmc1: no vqmmc regulator found
[    0.743322] sdhci-tegra 78000600.sdhci: dummy supplies not allowed
[    0.746433] mmc1: no vmmc regulator found
[    0.748443] mmc1: Invalid maximum block size, assuming 512 bytes
[    0.793394] mmc1: SDHCI controller on 78000600.sdhci [78000600.sdhci] using ADMA
[    0.797370] usbcore: registered new interface driver usbhid
[    0.800165] usbhid: USB HID core driver
[    0.802281] TCP: cubic registered
[    0.804271] NET: Registered protocol family 10
[    0.806925] sit: IPv6 over IPv4 tunneling driver
[    0.809657] Key type dns_resolver registered
[    0.811901] Registering SWP/SWPB emulation handler
[    0.816264] platform 1.regulator: Driver reg-fixed-voltage requests probe deferral
[    0.820300] platform 2.regulator: Driver reg-fixed-voltage requests probe deferral
[    0.824254] platform 6.regulator: Driver reg-fixed-voltage requests probe deferral
[    0.828261] sys_3v3_pexs: 3300 mV 
[    0.829999] reg-fixed-voltage 7.regulator: Failed to find supply vin
[    0.833233] reg-fixed-voltage 7.regulator: Failed to register regulator: -517
[    0.836829] platform 7.regulator: Driver reg-fixed-voltage requests probe deferral
[    0.840821] tegra-hdmi 54280000.hdmi: failed to get VDD regulator
[    0.843892] platform 54280000.hdmi: Driver tegra-hdmi requests probe deferral
[    0.850507] utmi_phy_clk_enable: timeout waiting for phy to stabilize
[    0.853752] tegra-ehci 7d008000.usb: EHCI Host Controller
[    0.856475] tegra-ehci 7d008000.usb: new USB bus registered, assigned bus number 1
[    0.860385] tegra-ehci 7d008000.usb: irq 129, io mem 0x7d008000
[    0.883398] tegra-ehci 7d008000.usb: USB 2.0 started, EHCI 1.00
[    0.886798] hub 1-0:1.0: USB hub found
[    0.888703] hub 1-0:1.0: 1 port detected
[    0.890942] platform 1.regulator: Driver reg-fixed-voltage requests probe deferral
[    0.894912] platform 2.regulator: Driver reg-fixed-voltage requests probe deferral
[    0.898833] platform 6.regulator: Driver reg-fixed-voltage requests probe deferral
[    0.902800] sys_3v3_pexs: 3300 mV 
[    0.904548] reg-fixed-voltage 7.regulator: Failed to find supply vin
[    0.907777] reg-fixed-voltage 7.regulator: Failed to register regulator: -517
[    0.911360] platform 7.regulator: Driver reg-fixed-voltage requests probe deferral
[    0.915358] tegra-hdmi 54280000.hdmi: failed to get VDD regulator
[    0.918421] platform 54280000.hdmi: Driver tegra-hdmi requests probe deferral
[    0.922082] tegra_rtc 7000e000.rtc: setting system clock to 1970-01-01 00:03:23 UTC (203)
[    0.926791] Waiting for root device /dev/mmcblk0p1...
[    0.951791] mmc1: new high speed MMC card at address 0001
[    0.954815] mmcblk0: mmc1:0001 SEM16G 14.8 GiB 
[    0.957190] mmcblk0boot0: mmc1:0001 SEM16G partition 1 1.00 MiB
[    0.960258] mmcblk0boot1: mmc1:0001 SEM16G partition 2 1.00 MiB
[    0.963315] mmcblk0rpmb: mmc1:0001 SEM16G partition 3 128 KiB
[    0.970105] Primary GPT is invalid, using alternate GPT.
[    0.972787]  mmcblk0: p1 p2 p3 p4 p5
[    0.978156]  mmcblk0boot1: unknown partition table
[    0.983348]  mmcblk0boot0: unknown partition table
[    0.986008] platform 1.regulator: Driver reg-fixed-voltage requests probe deferral
[    0.990016] platform 2.regulator: Driver reg-fixed-voltage requests probe deferral
[    0.993971] platform 6.regulator: Driver reg-fixed-voltage requests probe deferral
[    0.997947] sys_3v3_pexs: 3300 mV 
[    0.999685] reg-fixed-voltage 7.regulator: Failed to find supply vin
[    1.002914] reg-fixed-voltage 7.regulator: Failed to register regulator: -517
[    1.006512] platform 7.regulator: Driver reg-fixed-voltage requests probe deferral
[    1.010502] tegra-hdmi 54280000.hdmi: failed to get VDD regulator
[    1.013573] platform 54280000.hdmi: Driver tegra-hdmi requests probe deferral
[    1.035273] EXT4-fs (mmcblk0p1): mounting ext3 file system using the ext4 subsystem
[    1.186146] EXT4-fs (mmcblk0p1): recovery complete
[    1.190078] EXT4-fs (mmcblk0p1): mounted filesystem with ordered data mode. Opts: (null)
[    1.194205] VFS: Mounted root (ext3 filesystem) on device 179:1.
[    1.202245] devtmpfs: mounted
[    1.204064] Freeing unused kernel memory: 476K (c069a000 - c0711000)
 
INIT: version 2.88 booting
[info] Using makefile-style concurrent boot in runlevel S.
[....] Starting the hotplug events dispatcher: udevd[    2.074261] udevd[158]: starting version 175
[ ok .
[....] Synthesizing the initial hotplug events...[ ok done.
[....] Waiting for /dev to be fully populated...[ ok done.
[....] Activating swap...[ ok done.
[    3.090943] EXT4-fs (mmcblk0p1): re-mounted. Opts: (null)
[....] Cleaning up temporary files... /tmp[ ok .
[....] Activating lvm and md swap...[ ok done.
[....] Checking file systems...fsck from util-linux 2.20.1
[ ok done.
[....] Mounting local filesystems...[ ok done.
[....] Activating swapfile swap...[ ok done.
[....] Cleaning up temporary files...[ ok .
[....] Setting kernel variables ...[ ok done.
[....] Configuring network interfaces...[ ok done.
[....] Starting rpcbind daemon...[ ok .
[....] Starting NFS common utilities: statd idmapd[ ok .
[....] Cleaning up temporary files...[ ok .
[....] Starting network benchmark server[ ok .
INIT: Entering runlevel: 2
[info] Using makefile-style concurrent boot in runlevel 2.
[....] Starting network benchmark server[FAIL failed!
[....] Starting rpcbind daemon...[....] Already running.[ ok .
[....] Starting NFS common utilities: statd idmapd[ ok .
[....] Starting system message bus: dbus[ ok .

Debian GNU/Linux wheezy/sid armel ttyS0

armel login: 