
U-Boot SPL 2014.01-00219-gc4d376f (Feb 18 2014 - 19:57:32)


U-Boot 2014.01-00219-gc4d376f (Feb 18 2014 - 19:57:32)

TEGRA114
Board: NVIDIA Dalmore
I2C:   ready
DRAM:  2 GiB
MMC:   Tegra SD/MMC: 0, Tegra SD/MMC: 1
In:    serial
Out:   serial
Err:   serial
Net:   Net Initialization Skipped
No ethernet found.
Hit any key to stop autoboot:  2  0 
Tegra114 (Dalmore) # 
Tegra114 (Dalmore) # usb reset
(Re)start USB...
USB0:   USB EHCI 1.10
scanning bus 0 for devices... 2 USB Device(s) found
       scanning usb for storage devices... 0 Storage Device(s) found
       scanning usb for ethernet devices... 
Warning: asx0 using MAC address from net device
1 Ethernet Device(s) found
Tegra114 (Dalmore) # setenv bootargs 'ignore_loglevel console=ttyS0,115200n8 rw root=PARTUUID=7369c667-ff51-ec4a-29cd-baabf2fbe346 rootwait gpt debug earlyprintk init=/bin/bash'
Tegra114 (Dalmore) # setenv ipaddr 192.168.100.100; setenv serverip 192.168.100.1; setenv tftpserverip 192.168.100.1
Tegra114 (Dalmore) # tftpboot 0x81000000 zImage.multi_v7_defconfig
Using asx0 device
TFTP from server 192.168.100.1; our IP address is 192.168.100.100
Filename 'zImage.multi_v7_defconfig'.
Load address: 0x81000000
Loading: *#################################################################
	 #################################################################
	 #################################################################
	 #################################################################
	 #################################################################
	 #################################################################
	 #################################################################
	 #################################################################
	 ################################
	 3.2 MiB/s
done
Bytes transferred = 8102400 (7ba200 hex)
Tegra114 (Dalmore) # tftpboot 0x82000000 tegra114-dalmore.dtb
Using asx0 device
TFTP from server 192.168.100.1; our IP address is 192.168.100.100
Filename 'tegra114-dalmore.dtb'.
Load address: 0x82000000
Loading: *###
	 3 MiB/s
done
Bytes transferred = 34502 (86c6 hex)
Tegra114 (Dalmore) # bootz 0x81000000 - 0x82000000
Kernel image @ 0x81000000 [ 0x000000 - 0x7ba200 ]
## Flattened Device Tree blob at 82000000
   Booting using the fdt blob at 0x82000000
   Loading Device Tree to 8fff4000, end 8ffff6c5 ... OK

Starting kernel ...

[    0.000000] Booting Linux on physical CPU 0x0
[    0.000000] Linux version 4.15.0-rc7-next-20180111-344872-g8418f8876404 (jonathanh@tamien) (gcc version 4.7.3 20130328 (prerelease) (crosstool-NG linaro-1.13.1-4.7-2013.04-20130415 - Linaro GCC 2013.04)) #1 SMP Wed Jan 10 22:34:45 PST 2018
[    0.000000] CPU: ARMv7 Processor [412fc0f2] revision 2 (ARMv7), cr=10c5387d
[    0.000000] CPU: div instructions available: patching division code
[    0.000000] CPU: PIPT / VIPT nonaliasing data cache, PIPT instruction cache
[    0.000000] OF: fdt: Machine model: NVIDIA Tegra114 Dalmore evaluation board
[    0.000000] debug: ignoring loglevel setting.
[    0.000000] Memory policy: Data cache writealloc
[    0.000000] efi: Getting EFI parameters from FDT:
[    0.000000] efi: UEFI not found.
[    0.000000] cma: Reserved 64 MiB at 0xfb800000
[    0.000000] On node 0 totalpages: 524032
[    0.000000]   DMA zone: 1536 pages used for memmap
[    0.000000]   DMA zone: 0 pages reserved
[    0.000000]   DMA zone: 196608 pages, LIFO batch:31
[    0.000000]   HighMem zone: 327424 pages, LIFO batch:31
[    0.000000] random: fast init done
[    0.000000] percpu: Embedded 17 pages/cpu @(ptrval) s39040 r8192 d22400 u69632
[    0.000000] pcpu-alloc: s39040 r8192 d22400 u69632 alloc=17*4096
[    0.000000] pcpu-alloc: [0] 0 [0] 1 [0] 2 [0] 3 
[    0.000000] Built 1 zonelists, mobility grouping on.  Total pages: 522496
[    0.000000] Kernel command line: ignore_loglevel console=ttyS0,115200n8 rw root=PARTUUID=7369c667-ff51-ec4a-29cd-baabf2fbe346 rootwait gpt debug earlyprintk init=/bin/bash
[    0.000000] Dentry cache hash table entries: 131072 (order: 7, 524288 bytes)
[    0.000000] Inode-cache hash table entries: 65536 (order: 6, 262144 bytes)
[    0.000000] Memory: 1992584K/2096128K available (11264K kernel code, 1563K rwdata, 4328K rodata, 2048K init, 405K bss, 38008K reserved, 65536K cma-reserved, 1244160K highmem)
[    0.000000] Virtual kernel memory layout:
[    0.000000]     vector  : 0xffff0000 - 0xffff1000   (   4 kB)
[    0.000000]     fixmap  : 0xffc00000 - 0xfff00000   (3072 kB)
[    0.000000]     vmalloc : 0xf0800000 - 0xff800000   ( 240 MB)
[    0.000000]     lowmem  : 0xc0000000 - 0xf0000000   ( 768 MB)
[    0.000000]     pkmap   : 0xbfe00000 - 0xc0000000   (   2 MB)
[    0.000000]     modules : 0xbf000000 - 0xbfe00000   (  14 MB)
[    0.000000]       .text : 0x(ptrval) - 0x(ptrval)   (12256 kB)
[    0.000000]       .init : 0x(ptrval) - 0x(ptrval)   (2048 kB)
[    0.000000]       .data : 0x(ptrval) - 0x(ptrval)   (1564 kB)
[    0.000000]        .bss : 0x(ptrval) - 0x(ptrval)   ( 406 kB)
[    0.000000] SLUB: HWalign=64, Order=0-3, MinObjects=0, CPUs=4, Nodes=1
[    0.000000] Hierarchical RCU implementation.
[    0.000000] 	RCU event tracing is enabled.
[    0.000000] 	RCU restricting CPUs from NR_CPUS=16 to nr_cpu_ids=4.
[    0.000000] RCU: Adjusting geometry for rcu_fanout_leaf=16, nr_cpu_ids=4
[    0.000000] NR_IRQS: 16, nr_irqs: 16, preallocated irqs: 16
[    0.000000] /interrupt-controller@60004000: 160 interrupts forwarded to /interrupt-controller@50041000
[    0.000000] Tegra clk 127: register failed with -17
[    0.000009] sched_clock: 32 bits at 1000kHz, resolution 1000ns, wraps every 2147483647500ns
[    0.000029] clocksource: timer_us: mask: 0xffffffff max_cycles: 0xffffffff, max_idle_ns: 1911260446275 ns
[    0.000045] Switching to timer-based delay loop, resolution 1000ns
[    0.003218] arch_timer: cp15 timer(s) running at 12.00MHz (virt).
[    0.003238] clocksource: arch_sys_counter: mask: 0xffffffffffffff max_cycles: 0x2c47f4ee7, max_idle_ns: 440795202497 ns
[    0.003257] sched_clock: 56 bits at 12MHz, resolution 83ns, wraps every 4398046511096ns
[    0.003272] Switching to timer-based delay loop, resolution 83ns
[    0.003696] Console: colour dummy device 80x30
[    0.003732] Calibrating delay loop (skipped), value calculated using timer frequency.. 24.00 BogoMIPS (lpj=120000)
[    0.003750] pid_max: default: 32768 minimum: 301
[    0.003874] Mount-cache hash table entries: 2048 (order: 1, 8192 bytes)
[    0.003890] Mountpoint-cache hash table entries: 2048 (order: 1, 8192 bytes)
[    0.004406] CPU: Testing write buffer coherency: ok
[    0.004663] /cpus/cpu@0 missing clock-frequency property
[    0.004694] /cpus/cpu@1 missing clock-frequency property
[    0.004725] /cpus/cpu@2 missing clock-frequency property
[    0.004756] /cpus/cpu@3 missing clock-frequency property
[    0.004771] CPU0: thread -1, cpu 0, socket 0, mpidr 80000000
[    0.005084] Setting up static identity map for 0x80300000 - 0x803000a0
[    0.006331] Hierarchical SRCU implementation.
[    0.007488] brcmstb: biuctrl: missing BIU control node
[    0.007499] brcmstb: biuctrl: MCP: Unable to disable write pairing!
[    0.008429] Tegra Revision: A01 SKU: 0 CPU Process: 1 SoC Process: 0
[    0.009138] EFI services will not be available.
[    0.009303] smp: Bringing up secondary CPUs ...
[    0.009896] CPU1: thread -1, cpu 1, socket 0, mpidr 80000001
[    0.010577] CPU2: thread -1, cpu 2, socket 0, mpidr 80000002
[    0.011250] CPU3: thread -1, cpu 3, socket 0, mpidr 80000003
[    0.011354] smp: Brought up 1 node, 4 CPUs
[    0.011377] SMP: Total of 4 processors activated (96.00 BogoMIPS).
[    0.011386] CPU: All CPU(s) started in SVC mode.
[    0.012880] devtmpfs: initialized
[    0.021795] Built 1 zonelists, mobility grouping on.  Total pages: 514530
[    0.022136] VFP support v0.3: implementor 41 architecture 4 part 30 variant f rev 0
[    0.022474] clocksource: jiffies: mask: 0xffffffff max_cycles: 0xffffffff, max_idle_ns: 19112604462750000 ns
[    0.022493] futex hash table entries: 1024 (order: 4, 65536 bytes)
[    0.022684] pinctrl core: initialized pinctrl subsystem
[    0.023970] DMI not present or invalid.
[    0.024237] NET: Registered protocol family 16
[    0.026328] DMA: preallocated 256 KiB pool for atomic coherent allocations
[    0.028394] cpuidle: using governor menu
[    0.049574] No ATAGs?
[    0.049704] hw-breakpoint: found 5 (+1 reserved) breakpoint and 4 watchpoint registers.
[    0.049721] hw-breakpoint: maximum watchpoint size is 8 bytes.
[    0.054807] Serial: AMBA PL011 UART driver
[    0.055723] tegra-mc 70019000.memory-controller: no memory timings for RAM code 3 registered
[    0.055900] iommu: Adding device 54200000.dc to group 0
[    0.055957] iommu: Adding device 54240000.dc to group 0
[    0.069790] AT91: Could not find identification node
[    0.070272] dvdd_ts: Failed to request enable GPIO61: -517
[    0.070294] reg-fixed-voltage regulators:regulator@1: Failed to register regulator: -517
[    0.070400] usb1_vbus: Failed to request enable GPIO108: -517
[    0.070415] reg-fixed-voltage regulators:regulator@3: Failed to register regulator: -517
[    0.070516] usb2_vbus: Failed to request enable GPIO86: -517
[    0.070531] reg-fixed-voltage regulators:regulator@4: Failed to register regulator: -517
[    0.070946] VDD_5V0_HDMI_CON: Failed to request enable GPIO81: -517
[    0.070962] reg-fixed-voltage regulators:regulator@7: Failed to register regulator: -517
[    0.073394] vgaarb: loaded
[    0.074097] SCSI subsystem initialized
[    0.074275] libata version 3.00 loaded.
[    0.074473] usbcore: registered new interface driver usbfs
[    0.074522] usbcore: registered new interface driver hub
[    0.074587] usbcore: registered new device driver usb
[    0.077799] tps65090 2-0048: No cache defaults, reading back from HW
[    0.079710] TPS65090_RAILSDCDC1: supplied by vdd_ac_bat
[    0.080762] TPS65090_RAILSDCDC2: supplied by vdd_ac_bat
[    0.081821] TPS65090_RAILSDCDC3: supplied by vdd_ac_bat
[    0.082334] TPS65090_RAILSFET1: supplied by vdd_ac_bat
[    0.082700] TPS65090_RAILSFET2: supplied by vdd_ac_bat
[    0.083039] TPS65090_RAILSFET3: supplied by vdd-sys-3v3
[    0.083563] TPS65090_RAILSFET4: supplied by vdd-sys-3v3
[    0.084083] TPS65090_RAILSFET5: supplied by vdd-sys-3v3
[    0.084588] TPS65090_RAILSFET6: supplied by vdd-sys-3v3
[    0.085411] TPS65090_RAILSFET7: supplied by vdd-sys-3v3
[    0.085924] TPS65090_RAILSLDO1: supplied by vdd_ac_bat
[    0.086119] TPS65090_RAILSLDO2: supplied by vdd_ac_bat
[    0.087015] palmas 2-0058: Irq flag is 0x00000004
[    0.088976] palmas 2-0058: Muxing GPIO ff, PWM 0, LED 0
[    0.091477] SMPS12: supplied by vdd-ao
[    0.092480] vdd_hdmi_5v0: supplied by vdd-sys-5v0
[    0.093295] SMPS3: supplied by vdd-ao
[    0.095033] SMPS457: supplied by vdd-sys-3v3
[    0.096655] SMPS6: supplied by regulator-dummy
[    0.098037] SMPS8: supplied by vdd-sys-3v3
[    0.099614] SMPS9: supplied by vdd-sys-3v3
[    0.100136] sdhci-vdd-sd-slot: Bringing 2840000uV into 2800000-2800000uV
[    0.101509] SMPS10_OUT2: supplied by regulator-dummy
[    0.102332] SMPS10_OUT1: supplied by regulator-dummy
[    0.103160] LDO1: supplied by vdd-sys-3v3
[    0.104305] LDO2: supplied by vdd-sys-3v3
[    0.105415] LDO3: supplied by vddio-1v8
[    0.106513] LDO4: supplied by vdd-sys-3v3
[    0.107615] LDO5: supplied by vdd_ac_bat
[    0.108293] LDO6: supplied by vdd-sys-3v3
[    0.108807] vdd-sensor-2v85: Bringing 2900000uV into 2850000-2850000uV
[    0.110128] LDO7: supplied by vdd-sys-3v3
[    0.111755] LDO8: supplied by vdd-ao
[    0.112277] vdd-rtc: Bringing 675000uV into 900000-900000uV
[    0.114035] LDO9: supplied by sdhci-vdd-sd-slot
[    0.124350] LDOLN: supplied by vdd-sys-5v0
[    0.125464] LDOUSB: supplied by vdd-sys-5v0
[    0.136712] pps_core: LinuxPPS API ver. 1 registered
[    0.136723] pps_core: Software ver. 5.3.6 - Copyright 2005-2007 Rodolfo Giometti <giometti@linux.it>
[    0.136746] PTP clock support registered
[    0.136933] EDAC MC: Ver: 3.0.0
[    0.139114] clocksource: Switched to clocksource arch_sys_counter
[    0.190978] NET: Registered protocol family 2
[    0.191500] tcp_listen_portaddr_hash hash table entries: 512 (order: 0, 6144 bytes)
[    0.191533] TCP established hash table entries: 8192 (order: 3, 32768 bytes)
[    0.191632] TCP bind hash table entries: 8192 (order: 4, 65536 bytes)
[    0.191820] TCP: Hash tables configured (established 8192 bind 8192)
[    0.191905] UDP hash table entries: 512 (order: 2, 16384 bytes)
[    0.191951] UDP-Lite hash table entries: 512 (order: 2, 16384 bytes)
[    0.192106] NET: Registered protocol family 1
[    0.192442] RPC: Registered named UNIX socket transport module.
[    0.192454] RPC: Registered udp transport module.
[    0.192464] RPC: Registered tcp transport module.
[    0.192473] RPC: Registered tcp NFSv4.1 backchannel transport module.
[    0.192487] PCI: CLS 0 bytes, default 64
[    0.194618] Initialise system trusted keyrings
[    0.194754] workingset: timestamp_bits=30 max_order=19 bucket_order=0
[    0.201499] squashfs: version 4.0 (2009/01/31) Phillip Lougher
[    0.202088] NFS: Registering the id_resolver key type
[    0.202113] Key type id_resolver registered
[    0.202123] Key type id_legacy registered
[    0.202167] ntfs: driver 2.1.32 [Flags: R/O].
[    0.203719] Key type asymmetric registered
[    0.203732] Asymmetric key parser 'x509' registered
[    0.203785] bounce: pool size: 64 pages
[    0.203836] Block layer SCSI generic (bsg) driver version 0.4 loaded (major 246)
[    0.203848] io scheduler noop registered
[    0.203858] io scheduler deadline registered
[    0.204079] io scheduler cfq registered (default)
[    0.204091] io scheduler mq-deadline registered
[    0.204101] io scheduler kyber registered
[    0.236402] tegra-apbdma 6000a000.dma: Tegra20 APB DMA driver register 32 channels
[    0.239395] tegra-pmc 7000e400.pmc: i2c-thermtrip node not found, emergency thermal reset disabled.
[    0.291241] Serial: 8250/16550 driver, 4 ports, IRQ sharing disabled
[    0.293886] console [ttyS0] disabled
[    0.293929] 70006300.serial: ttyS0 at MMIO 0x70006300 (irq = 329, base_baud = 25500000) is a Tegra
[    1.337715] console [ttyS0] enabled
[    1.341994] SuperH (H)SCI(F) driver initialized
[    1.347511] msm_serial: driver initialized
[    1.351802] STMicroelectronics ASC driver initialized
[    1.362166] Failed to attached device 54200000.dc to IOMMU_mapping
[    1.376552] Failed to attached device 54240000.dc to IOMMU_mapping
[    1.391433] tegra-hdmi 54280000.hdmi: failed to get HDMI regulator
[    1.413577] brd: module loaded
[    1.423350] loop: module loaded
[    1.443583] m25p80 spi0.0: w25q32dw (4096 Kbytes)
[    1.450921] libphy: Fixed MDIO Bus: probed
[    1.455967] CAN device driver interface
[    1.460711] bgmac_bcma: Broadcom 47xx GBit MAC driver loaded
[    1.467580] e1000e: Intel(R) PRO/1000 Network Driver - 3.2.6-k
[    1.473417] e1000e: Copyright(c) 1999 - 2015 Intel Corporation.
[    1.479389] igb: Intel(R) Gigabit Ethernet Network Driver - version 5.4.0-k
[    1.486341] igb: Copyright (c) 2007-2014 Intel Corporation.
[    1.495441] pegasus: v0.9.3 (2013/04/25), Pegasus/Pegasus II USB Ethernet driver
[    1.502887] usbcore: registered new interface driver pegasus
[    1.508578] usbcore: registered new interface driver asix
[    1.514011] usbcore: registered new interface driver ax88179_178a
[    1.520145] usbcore: registered new interface driver cdc_ether
[    1.526008] usbcore: registered new interface driver smsc75xx
[    1.531805] usbcore: registered new interface driver smsc95xx
[    1.537569] usbcore: registered new interface driver net1080
[    1.543266] usbcore: registered new interface driver cdc_subset
[    1.549216] usbcore: registered new interface driver zaurus
[    1.554829] usbcore: registered new interface driver cdc_ncm
[    1.560716] tegra-phy 7d000000.usb-phy: no vbus regulator
[    1.568127] ehci_hcd: USB 2.0 'Enhanced' Host Controller (EHCI) Driver
[    1.574663] ehci-pci: EHCI PCI platform driver
[    1.579149] ehci-platform: EHCI generic platform driver
[    1.584549] ehci-orion: EHCI orion driver
[    1.588697] SPEAr-ehci: EHCI SPEAr driver
[    1.592843] ehci-st: EHCI STMicroelectronics driver
[    1.597840] ehci-exynos: EHCI EXYNOS driver
[    1.602186] ehci-atmel: EHCI Atmel driver
[    1.606312] tegra-ehci: Tegra EHCI driver
[    1.610627] ohci_hcd: USB 1.1 'Open' Host Controller (OHCI) Driver
[    1.616808] ohci-pci: OHCI PCI platform driver
[    1.621300] ohci-platform: OHCI generic platform driver
[    1.626683] SPEAr-ohci: OHCI SPEAr driver
[    1.630828] ohci-st: OHCI STMicroelectronics driver
[    1.635825] ohci-atmel: OHCI Atmel driver
[    1.640527] usbcore: registered new interface driver usb-storage
[    1.659184] palmas-rtc 7000d000.i2c:tps65913@58:rtc: rtc core: registered 7000d000.i2c:tps65913@58:rtc as rtc0
[    1.670963] tegra_rtc 7000e000.rtc: rtc core: registered 7000e000.rtc as rtc1
[    1.678129] tegra_rtc 7000e000.rtc: Tegra internal Real Time Clock
[    1.684848] i2c /dev entries driver
[    1.694772] sbs-battery 0-000b: sbs_probe: Failed to get device status
[    1.701335] sbs-battery: probe of 0-000b failed with error -121
[    1.717616] sdhci: Secure Digital Host Controller Interface driver
[    1.723825] sdhci: Copyright(c) Pierre Ossman
[    1.729747] Synopsys Designware Multimedia Card Interface Driver
[    1.737094] sdhci-pltfm: SDHCI platform and OF driver helper
[    1.743489] sdhci-tegra 78000400.sdhci: Got CD GPIO
[    1.748377] sdhci-tegra 78000400.sdhci: Got WP GPIO
[    1.761510] mmc0: Invalid maximum block size, assuming 512 bytes
[    1.798589] mmc0: SDHCI controller on 78000400.sdhci [78000400.sdhci] using ADMA
[    1.811218] mmc1: Invalid maximum block size, assuming 512 bytes
[    1.848206] mmc1: SDHCI controller on 78000600.sdhci [78000600.sdhci] using ADMA
[    1.857627] ledtrig-cpu: registered to indicate activity on CPUs
[    1.864008] usbcore: registered new interface driver usbhid
[    1.869592] usbhid: USB HID core driver
[    1.877324] NET: Registered protocol family 10
[    1.882697] Segment Routing with IPv6
[    1.886418] sit: IPv6, IPv4 and MPLS over IPv4 tunneling driver
[    1.892889] NET: Registered protocol family 17
[    1.897336] can: controller area network core (rev 20170425 abi 9)
[    1.903592] NET: Registered protocol family 29
[    1.908031] can: raw protocol (rev 20170425)
[    1.912311] can: broadcast manager protocol (rev 20170425 t)
[    1.917969] can: netlink gateway (rev 20170425) max_hops=1
[    1.923748] Key type dns_resolver registered
[    1.928518] ThumbEE CPU extension supported.
[    1.932805] Registering SWP/SWPB emulation handler
[    1.938133] Loading compiled-in X.509 certificates
[    1.949832] mmc0: new high speed SDHC card at address aaaa
[    1.956022] mmcblk0: mmc0:aaaa SL16G 14.8 GiB 
[    1.958335] usb1_vbus: supplied by vdd-sys-5v0
[    1.965720] usb2_vbus: supplied by vdd-sys-5v0
[    1.973810] VDD_5V0_HDMI_CON: supplied by vdd-sys-5v0
[    1.985182] [drm] Supports vblank timestamp caching Rev 2 (21.10.2013).
[    1.989067]  mmcblk0: p1 p2 p3
[    1.994934] [drm] No driver support for vblank timestamp query.
[    1.996577] mmc1: new high speed MMC card at address 0001
[    1.997294] mmcblk1: mmc1:0001 SEM32G 29.1 GiB 
[    1.997736] mmcblk1boot0: mmc1:0001 SEM32G partition 1 4.00 MiB
[    1.998200] mmcblk1boot1: mmc1:0001 SEM32G partition 2 4.00 MiB
[    1.998410] mmcblk1rpmb: mmc1:0001 SEM32G partition 3 4.00 MiB, chardev (236:0)
[    2.001202]  mmcblk1: p1 p2 p3 p4 p5 p6 p7 p8
[    2.129466] Console: switching to colour frame buffer device 240x75
[    2.169024] drm drm: fb0:  frame buffer device
[    2.173633] [drm] Initialized tegra 0.0.0 20120330 for drm on minor 0
[    2.183483] tegra-ehci 7d008000.usb: EHCI Host Controller
[    2.188899] tegra-ehci 7d008000.usb: new USB bus registered, assigned bus number 1
[    2.196794] alloc_contig_range: [fb84b, fb84c) PFNs busy
[    2.202319] alloc_contig_range: [fb850, fb851) PFNs busy
[    2.207815] alloc_contig_range: [fb851, fb852) PFNs busy
[    2.213417] alloc_contig_range: [fb852, fb853) PFNs busy
[    2.218911] alloc_contig_range: [fb853, fb854) PFNs busy
[    2.224425] alloc_contig_range: [fb854, fb855) PFNs busy
[    2.230023] alloc_contig_range: [fb855, fb856) PFNs busy
[    2.235516] alloc_contig_range: [fb856, fb857) PFNs busy
[    2.241028] alloc_contig_range: [fb857, fb858) PFNs busy
[    2.246583] alloc_contig_range: [fb858, fb859) PFNs busy
[    3.346877] tegra-ehci 7d008000.usb: irq 340, io mem 0x7d008000
[    3.379243] tegra-ehci 7d008000.usb: USB 2.0 started, EHCI 1.10
[    3.386270] hub 1-0:1.0: USB hub found
[    3.390136] hub 1-0:1.0: 1 port detected
[    3.395881] input: gpio-keys as /devices/soc0/gpio-keys/input/input0
[    3.404901] palmas-rtc 7000d000.i2c:tps65913@58:rtc: setting system clock to 2000-06-03 13:39:16 UTC (960039556)
[    3.421301] dvdd_ts: disabling
[    3.424360] usb1_vbus: disabling
[    3.427584] vdd_cam_1v8_reg: disabling
[    3.433360] EXT4-fs (mmcblk1p1): mounting ext3 file system using the ext4 subsystem
[    3.526437] EXT4-fs (mmcblk1p1): recovery complete
[    3.532589] EXT4-fs (mmcblk1p1): mounted filesystem with ordered data mode. Opts: (null)
[    3.540769] VFS: Mounted root (ext3 filesystem) on device 179:17.
[    3.551642] devtmpfs: mounted
[    3.556503] Freeing unused kernel memory: 2048K
bash: cannot set terminal process group (-1): Inappropriate ioctl for device
bash: no job control in this shell
root@(none):/# [    3.759264] usb 1-1: new high-speed USB device number 2 using tegra-ehci
