
U-Boot SPL 2013.04-rc2-06423-gf2e8a87-dirty (May 15 2013 - 09:45:39)


U-Boot 2013.04-rc2-06423-gf2e8a87-dirty (May 15 2013 - 09:45:39)

TEGRA30
Board: NVIDIA Beaver
DRAM:  2 GiB
MMC:   Tegra SD/MMC: 0, Tegra SD/MMC: 1
*** Warning - bad CRC, using default environment

In:    serial
Out:   serial
Err:   serial
Hit any key to stop autoboot:  2  0 
Tegra30 (Beaver) # 
Tegra30 (Beaver) # setenv bootargs 'console=ttyS0,230400n8 noinitrd root=/dev/mmcblk0p1 rw rootwait gpt ignore_loglevel debug'
Tegra30 (Beaver) # loady 0x81000000
## Ready for binary (ymodem) download to 0x81000000 at 230400 bps...
CSending: zImage
Sending: 

Transfer complete
yzModem - CRC mode, 9(SOH)/4127(STX)/0(CAN) packets, 3 retries
## Total Size      = 0x00407f70 = 4226928 Bytes
Tegra30 (Beaver) # loady 0x82000000
## Ready for binary (ymodem) download to 0x82000000 at 230400 bps...
CSending: tegra30-beaver.dtb
Sending: 

Transfer complete
yzModem - CRC mode, 4(SOH)/23(STX)/0(CAN) packets, 3 retries
## Total Size      = 0x00005d00 = 23808 Bytes
Tegra30 (Beaver) # bootz 0x81000000 - 0x82000000
## Flattened Device Tree blob at 82000000
   Booting using the fdt blob at 0x82000000
   Loading Device Tree to 8fff7000, end 8ffffcff ... OK

Starting kernel ...

[    0.000000] Booting Linux on physical CPU 0x0
[    0.000000] Linux version 3.13.0-rc5-next-20131224-06834-g1ba337c (pwalmsley@kaivo) (gcc version 4.7.3 20130328 (prerelease) (crosstool-NG linaro-1.13.1-4.7-2013.04-20130415 - Linaro GCC 2013.04) ) #1 Mon Dec 23 21:47:15 PST 2013
[    0.000000] CPU: ARMv7 Processor [412fc099] revision 9 (ARMv7), cr=10c53c7d
[    0.000000] CPU: PIPT / VIPT nonaliasing data cache, VIPT aliasing instruction cache
[    0.000000] Machine model: NVIDIA Tegra30 Beaver evaluation board
[    0.000000] debug: ignoring loglevel setting.
[    0.000000] cma: CMA: reserved 16 MiB at ae800000
[    0.000000] Memory policy: Data cache writeback
[    0.000000] On node 0 totalpages: 524032
[    0.000000] free_area_init_node: node 0, pgdat c08a13f0, node_mem_map c08e7000
[    0.000000]   DMA zone: 1520 pages used for memmap
[    0.000000]   DMA zone: 0 pages reserved
[    0.000000]   DMA zone: 194560 pages, LIFO batch:31
[    0.000000]   HighMem zone: 2574 pages used for memmap
[    0.000000]   HighMem zone: 329472 pages, LIFO batch:31
[    0.000000] ------------[ cut here ]------------
[    0.000000] WARNING: CPU: 0 PID: 0 at arch/arm/kernel/devtree.c:147 arm_dt_init_cpu_maps+0xa0/0x128()
[    0.000000] DT /cpu 2 nodes greater than max cores 1, capping them
[    0.000000] Modules linked in:
[    0.000000] CPU: 0 PID: 0 Comm: swapper Not tainted 3.13.0-rc5-next-20131224-06834-g1ba337c #1
[    0.000000] [<c001361c>] (unwind_backtrace) from [<c0010934>] (show_stack+0x10/0x14)
[    0.000000] [<c0010934>] (show_stack) from [<c003c4c0>] (warn_slowpath_common+0x64/0x84)
[    0.000000] [<c003c4c0>] (warn_slowpath_common) from [<c003c574>] (warn_slowpath_fmt+0x30/0x40)
[    0.000000] [<c003c574>] (warn_slowpath_fmt) from [<c0793848>] (arm_dt_init_cpu_maps+0xa0/0x128)
[    0.000000] [<c0793848>] (arm_dt_init_cpu_maps) from [<c0792e24>] (setup_arch+0x5f4/0x7a4)
[    0.000000] [<c0792e24>] (setup_arch) from [<c0790778>] (start_kernel+0x64/0x364)
[    0.000000] [<c0790778>] (start_kernel) from [<80008070>] (0x80008070)
[    0.000000] ---[ end trace 3406ff24bd97382e ]---
[    0.000000] CPU: All CPU(s) started in SVC mode.
[    0.000000] fuse_speedo_calib: ATE prog ver 3.3
[    0.000000] Tegra30: CPU Speedo ID 5, Soc Speedo ID 2
[    0.000000] Tegra Revision: A03 SKU: 128 CPU Process: 4 Core Process: 0
[    0.000000] L310 cache controller enabled
[    0.000000] l2x0: 8 ways, CACHE_ID 0x410000c7, AUX_CTRL 0x7e480001, Cache size: 1024 kB
[    0.000000] pcpu-alloc: s0 r0 d32768 u32768 alloc=1*32768
[    0.000000] pcpu-alloc: [0] 0 
[    0.000000] Built 1 zonelists in Zone order, mobility grouping on.  Total pages: 522512
[    0.000000] Kernel command line: console=ttyS0,230400n8 noinitrd root=/dev/mmcblk0p1 rw rootwait gpt ignore_loglevel debug
[    0.000000] PID hash table entries: 4096 (order: 2, 16384 bytes)
[    0.000000] Dentry cache hash table entries: 131072 (order: 7, 524288 bytes)
[    0.000000] Inode-cache hash table entries: 65536 (order: 6, 262144 bytes)
[    0.000000] Memory: 2053280K/2096128K available (5449K kernel code, 675K rwdata, 2260K rodata, 423K init, 269K bss, 42848K reserved, 1317888K highmem)
[    0.000000] Virtual kernel memory layout:
[    0.000000]     vector  : 0xffff0000 - 0xffff1000   (   4 kB)
[    0.000000]     fixmap  : 0xfff00000 - 0xfffe0000   ( 896 kB)
[    0.000000]     vmalloc : 0xf0000000 - 0xff000000   ( 240 MB)
[    0.000000]     lowmem  : 0xc0000000 - 0xef800000   ( 760 MB)
[    0.000000]     pkmap   : 0xbfe00000 - 0xc0000000   (   2 MB)
[    0.000000]     modules : 0xbf000000 - 0xbfe00000   (  14 MB)
[    0.000000]       .text : 0xc0008000 - 0xc078f640   (7710 kB)
[    0.000000]       .init : 0xc0790000 - 0xc07f9f3c   ( 424 kB)
[    0.000000]       .data : 0xc07fa000 - 0xc08a2f20   ( 676 kB)
[    0.000000]        .bss : 0xc08a2f20 - 0xc08e66e0   ( 270 kB)
[    0.000000] SLUB: HWalign=64, Order=0-3, MinObjects=0, CPUs=1, Nodes=1
[    0.000000] NR_IRQS:16 nr_irqs:16 16
[    0.000000] sched_clock: 32 bits at 1000kHz, resolution 1000ns, wraps every 2147483648000ns
[    0.000000] Console: colour dummy device 80x30
[    0.000276] Calibrating delay loop... 2793.47 BogoMIPS (lpj=13967360)
[    0.060021] pid_max: default: 32768 minimum: 301
[    0.060116] Mount-cache hash table entries: 512
[    0.062208] CPU: Testing write buffer coherency: ok
[    0.062434] Setting up static identity map for 0x805254c0 - 0x80525558
[    0.062536] unable to find compatible sirf rstc node in dtb
[    0.063111] devtmpfs: initialized
[    0.064156] VFP support v0.3: implementor 41 architecture 3 part 30 variant 9 rev 4
[    0.064283] pinctrl core: initialized pinctrl subsystem
[    0.064526] regulator-dummy: no parameters
[    0.065578] NET: Registered protocol family 16
[    0.066918] DMA: preallocated 256 KiB pool for atomic coherent allocations
[    0.067429] cpuidle: using governor ladder
[    0.067436] cpuidle: using governor menu
[    0.073093] No ATAGs?
[    0.074472] Serial: AMBA PL011 UART driver
[    0.077710] bio: create slab <bio-0> at 0
[    0.078597] edma-dma-engine edma-dma-engine.0: Can't allocate PaRAM dummy slot
[    0.078613] edma-dma-engine: probe of edma-dma-engine.0 failed with error -5
[    0.078822] vdd_5v_in: 5000 mV 
[    0.078880] platform 1.regulator: Driver reg-fixed-voltage requests probe deferral
[    0.078908] platform 2.regulator: Driver reg-fixed-voltage requests probe deferral
[    0.079016] vdd_5v_sata: 5000 mV 
[    0.079037] vdd_5v_sata: supplied by vdd_5v_in
[    0.079151] usb1_vbus: 5000 mV 
[    0.079169] usb1_vbus: supplied by vdd_5v_in
[    0.079276] usb3_vbus: 5000 mV 
[    0.079295] usb3_vbus: supplied by vdd_5v_in
[    0.079365] platform 6.regulator: Driver reg-fixed-voltage requests probe deferral
[    0.079454] sys_3v3_pexs: 3300 mV 
[    0.079477] reg-fixed-voltage 7.regulator: Failed to find supply vin
[    0.079532] reg-fixed-voltage 7.regulator: Failed to register regulator: -517
[    0.079541] platform 7.regulator: Driver reg-fixed-voltage requests probe deferral
[    0.080118] vgaarb: loaded
[    0.080416] SCSI subsystem initialized
[    0.080518] libata version 3.00 loaded.
[    0.080677] usbcore: registered new interface driver usbfs
[    0.080712] usbcore: registered new interface driver hub
[    0.080769] usbcore: registered new device driver usb
[    0.087170] vdd_1v8_gen: 1800 mV 
[    0.087207] vdd_1v8_gen: supplied by vdd_5v_in
[    0.090182] vddio_ddr_1v2: 1200 mV 
[    0.090657] vddio_ddr_1v2: supplied by vdd_5v_in
[    0.093864] vdd_1v5_gen: 1500 mV 
[    0.093902] vdd_1v5_gen: supplied by vdd_5v_in
[    0.097094] vdd_cpu,vdd_sys: 1000 mV 
[    0.099398] vdd_pexa,vdd_pexb: 1050 mV 
[    0.099425] vdd_pexa,vdd_pexb: supplied by vdd_1v5_gen
[    0.102091] vdd_sata,avdd_plle: 1050 mV 
[    0.102118] vdd_sata,avdd_plle: supplied by vdd_1v5_gen
[    0.104412] vdd_rtc: 1200 mV 
[    0.104441] vdd_rtc: supplied by vdd_5v_in
[    0.106770] vddio_sdmmc,avdd_vdac: 3300 mV 
[    0.106798] vddio_sdmmc,avdd_vdac: supplied by vdd_5v_in
[    0.109426] avdd_dsi_csi,pwrdet_mipi: 1200 mV 
[    0.109449] avdd_dsi_csi,pwrdet_mipi: supplied by vdd_1v8_gen
[    0.111752] vdd_pllm,x,u,a_p_c_s: 1200 mV 
[    0.111775] vdd_pllm,x,u,a_p_c_s: supplied by vdd_1v8_gen
[    0.114424] vdd_ddr_hs: 1000 mV 
[    0.114448] vdd_ddr_hs: supplied by vdd_1v8_gen
[    0.116178] tps62361-vout: 500 <--> 1500 mV at 1160 mV 
[    0.116269] Linux video capture interface: v2.00
[    0.116299] pps_core: LinuxPPS API ver. 1 registered
[    0.116303] pps_core: Software ver. 5.3.6 - Copyright 2005-2007 Rodolfo Giometti <giometti@linux.it>
[    0.116316] PTP clock support registered
[    0.116340] EDAC MC: Ver: 3.0.0
[    0.116696] platform 7000f010.iommu: Driver tegra-smmu requests probe deferral
[    0.116791] Advanced Linux Sound Architecture Driver Initialized.
[    0.117320] Switched to clocksource timer_us
[    0.122029] NET: Registered protocol family 2
[    0.122323] TCP established hash table entries: 8192 (order: 3, 32768 bytes)
[    0.122372] TCP bind hash table entries: 8192 (order: 3, 32768 bytes)
[    0.122417] TCP: Hash tables configured (established 8192 bind 8192)
[    0.122508] TCP: reno registered
[    0.122516] UDP hash table entries: 512 (order: 1, 8192 bytes)
[    0.122531] UDP-Lite hash table entries: 512 (order: 1, 8192 bytes)
[    0.122646] NET: Registered protocol family 1
[    0.122842] RPC: Registered named UNIX socket transport module.
[    0.122847] RPC: Registered udp transport module.
[    0.122850] RPC: Registered tcp transport module.
[    0.122853] RPC: Registered tcp NFSv4.1 backchannel transport module.
[    0.122859] PCI: CLS 0 bytes, default 64
[    0.124303] bounce pool size: 64 pages
[    0.128617] squashfs: version 4.0 (2009/01/31) Phillip Lougher
[    0.129197] NFS: Registering the id_resolver key type
[    0.129229] Key type id_resolver registered
[    0.129233] Key type id_legacy registered
[    0.129259] msgmni has been set to 1468
[    0.129588] Block layer SCSI generic (bsg) driver version 0.4 loaded (major 250)
[    0.129597] io scheduler noop registered
[    0.129600] io scheduler deadline registered
[    0.129684] io scheduler cfq registered (default)
[    0.130560] platform 3000.pcie-controller: Driver tegra-pcie requests probe deferral
[    0.132781] tegra-apbdma 6000a000.dma: Tegra20 APB DMA driver register 32 channels
[    0.160323] Serial: 8250/16550 driver, 4 ports, IRQ sharing disabled
[    0.161143] Serial: IMX driver
[    0.161681] 70006000.serial: ttyS0 at MMIO 0x70006000 (irq = 68, base_baud = 25500000) is a Tegra
[    0.586568] console [ttyS0] enabled
[    0.588603] STMicroelectronics ASC driver initialized
[    0.591461] serial: Freescale lpuart driver
[    0.593667] [drm] Initialized drm 1.1.0 20060810
[    0.596589] tegra-hdmi 54280000.hdmi: failed to get VDD regulator
[    0.599669] platform 54280000.hdmi: Driver tegra-hdmi requests probe deferral
[    0.605932] loop: module loaded
[    0.609345] m25p80 spi32766.1: w25q32 (4096 Kbytes)
[    0.612611] pegasus: v0.9.3 (2013/04/25), Pegasus/Pegasus II USB Ethernet driver
[    0.616360] usbcore: registered new interface driver pegasus
[    0.619256] usbcore: registered new interface driver asix
[    0.621985] usbcore: registered new interface driver ax88179_178a
[    0.625059] usbcore: registered new interface driver cdc_ether
[    0.628012] usbcore: registered new interface driver r815x
[    0.630790] usbcore: registered new interface driver smsc75xx
[    0.633698] usbcore: registered new interface driver smsc95xx
[    0.636599] usbcore: registered new interface driver net1080
[    0.639468] usbcore: registered new interface driver cdc_subset
[    0.642465] usbcore: registered new interface driver zaurus
[    0.645308] usbcore: registered new interface driver cdc_ncm
[    0.648172] ehci_hcd: USB 2.0 'Enhanced' Host Controller (EHCI) Driver
[    0.651445] ehci-pci: EHCI PCI platform driver
[    0.653710] ehci-platform: EHCI generic platform driver
[    0.656392] ehci-omap: OMAP-EHCI Host Controller driver
[    0.659073] ehci-orion: EHCI orion driver
[    0.661132] SPEAr-ehci: EHCI SPEAr driver
[    0.663189] tegra-ehci: Tegra EHCI driver
[    0.665305] platform 7d004000.usb: Driver tegra-ehci requests probe deferral
[    0.668888] platform 7d008000.usb: Driver tegra-ehci requests probe deferral
[    0.672647] usbcore: registered new interface driver usb-storage
[    0.675930] platform 7d004000.usb-phy: Driver tegra-phy requests probe deferral
[    0.681182] mousedev: PS/2 mouse device common for all mice
[    0.684738] tegra_rtc 7000e000.rtc: rtc core: registered 7000e000.rtc as rtc0
[    0.688349] tegra_rtc 7000e000.rtc: Tegra internal Real Time Clock
[    0.703972] tps65910-rtc tps65910-rtc: rtc core: registered tps65910-rtc as rtc1
[    0.707773] i2c /dev entries driver
[    0.711155] sdhci: Secure Digital Host Controller Interface driver
[    0.714255] sdhci: Copyright(c) Pierre Ossman
[    0.716653] sdhci-pltfm: SDHCI platform and OF driver helper
[    0.719766] sdhci-tegra 78000000.sdhci: Got CD GPIO #69.
[    0.722440] sdhci-tegra 78000000.sdhci: Got WP GPIO #155.
[    0.726174] mmc0: no vqmmc regulator found
[    0.728239] mmc0: no vmmc regulator found
[    0.730250] mmc0: Invalid maximum block size, assuming 512 bytes
[    0.777331] mmc0: SDHCI controller on 78000000.sdhci [78000000.sdhci] using ADMA
[    0.782089] mmc1: no vqmmc regulator found
[    0.784144] mmc1: no vmmc regulator found
[    0.786154] mmc1: Invalid maximum block size, assuming 512 bytes
[    0.827327] mmc1: SDHCI controller on 78000600.sdhci [78000600.sdhci] using ADMA
[    0.831493] usbcore: registered new interface driver usbhid
[    0.834286] usbhid: USB HID core driver
[    0.975600] mmc1: new high speed MMC card at address 0001
[    0.978456] isa bounce pool size: 16 pages
[    0.980560] mmcblk0: mmc1:0001 SEM16G 14.8 GiB 
[    0.982887] mmcblk0boot0: mmc1:0001 SEM16G partition 1 1.00 MiB
[    0.985903] mmcblk0boot1: mmc1:0001 SEM16G partition 2 1.00 MiB
[    0.988931] mmcblk0rpmb: mmc1:0001 SEM16G partition 3 128 KiB
[    0.995594] Primary GPT is invalid, using alternate GPT.
[    0.998282]  mmcblk0: p1 p2 p3 p4 p5
[    1.003604]  mmcblk0boot1: unknown partition table
[    1.008832]  mmcblk0boot0: unknown partition table
[    1.247748] tegra30-i2s 70080400.i2s: DMA channels sourced from device 70080000.ahub
[    1.258470] tegra-snd-rt5640 sound.4: rt5640-aif1 <-> 70080400.i2s mapping ok
[    1.263844] input: NVIDIA Tegra Beaver Headphones as /devices/soc0/sound.4/sound/card0/input0
[    1.268912] TCP: cubic registered
[    1.270581] NET: Registered protocol family 17
[    1.272927] Key type dns_resolver registered
[    1.275512] vdd_sata,avdd_plle: disabling
[    1.279047] chargepump_5v: 5000 mV 
[    1.282198] vdd_ddr: 1500 mV 
[    1.283714] vdd_ddr: supplied by vdd_5v_in
[    1.286822] sys_3v3,vdd_3v3_alw: 3300 mV 
[    1.288862] sys_3v3,vdd_3v3_alw: supplied by vdd_5v_in
[    1.291609] sys_3v3_pexs: 3300 mV 
[    1.293333] sys_3v3_pexs: supplied by sys_3v3,vdd_3v3_alw
[    1.296356] tegra-pcie 3000.pcie-controller: 2x3 configuration
[    1.303762] tegra-pcie 3000.pcie-controller: probing port 0, using 2 lanes
[    1.361345] tegra-pcie 3000.pcie-controller: probing port 2, using 2 lanes
[    1.767728] tegra-pcie 3000.pcie-controller: link 2 down, retrying
[    2.173759] tegra-pcie 3000.pcie-controller: link 2 down, retrying
[    2.579796] tegra-pcie 3000.pcie-controller: link 2 down, retrying
[    2.584901] tegra-pcie 3000.pcie-controller: link 2 down, ignoring
[    2.588114] tegra-pcie 3000.pcie-controller: PCI host bridge to bus 0000:00
[    2.591611] pci_bus 0000:00: root bus resource [mem 0x20000000-0x27ffffff]
[    2.595059] pci_bus 0000:00: root bus resource [mem 0x28000000-0x3fffffff pref]
[    2.598734] pci_bus 0000:00: root bus resource [bus 00-ff]
[    2.601486] pci_bus 0000:00: root bus resource [io  0x1000-0xffff]
[    2.604605] pci 0000:00:01.0: [10de:0e1c] type 01 class 0x060400
[    2.607669] pci 0000:00:01.0: PME# supported from D0 D1 D2 D3hot D3cold
[    2.611098] PCI: bus0: Fast back to back transfers disabled
[    2.613895] pci 0000:00:01.0: bridge configuration invalid ([bus 00-00]), reconfiguring
[    2.618017] pci 0000:01:00.0: [10ec:8168] type 00 class 0x020000
[    2.621044] pci 0000:01:00.0: reg 0x10: [io  0x0000-0x00ff]
[    2.623849] pci 0000:01:00.0: reg 0x18: [mem 0x00000000-0x00000fff 64bit pref]
[    2.627486] pci 0000:01:00.0: reg 0x20: [mem 0x00000000-0x00003fff 64bit pref]
[    2.631150] pci 0000:01:00.0: supports D1 D2
[    2.633291] pci 0000:01:00.0: PME# supported from D0 D1 D2 D3hot D3cold
[    2.636710] PCI: bus1: Fast back to back transfers disabled
[    2.639517] pci_bus 0000:01: busn_res: [bus 01-ff] end is updated to 01
[    2.642861] pci 0000:00:01.0: BAR 9: assigned [mem 0x28000000-0x280fffff 64bit pref]
[    2.646747] pci 0000:00:01.0: BAR 7: assigned [io  0x1000-0x1fff]
[    2.649813] pci 0000:01:00.0: BAR 4: assigned [mem 0x28000000-0x28003fff 64bit pref]
[    2.653704] pci 0000:01:00.0: BAR 2: assigned [mem 0x28004000-0x28004fff 64bit pref]
[    2.657599] pci 0000:01:00.0: BAR 0: assigned [io  0x1000-0x10ff]
[    2.660658] pci 0000:00:01.0: PCI bridge to [bus 01]
[    2.663150] pci 0000:00:01.0:   bridge window [io  0x1000-0x1fff]
[    2.666207] pci 0000:00:01.0:   bridge window [mem 0x28000000-0x280fffff 64bit pref]
[    2.670107] pci 0000:00:01.0: nv_msi_ht_cap_quirk didn't locate host bridge
[    2.673729] r8169 Gigabit Ethernet driver 2.3LK-NAPI loaded
[    2.676548] PCI: enabling device 0000:01:00.0 (0140 -> 0143)
[    2.679891] r8169 0000:01:00.0 eth0: RTL8168evl/8111evl at 0xf002e000, 02:04:4b:01:60:a6, XID 0c900800 IRQ 472
[    2.684909] r8169 0000:01:00.0 eth0: jumbo features [frames: 9200 bytes, tx checksumming: ko]
[    2.690013] [drm] Supports vblank timestamp caching Rev 2 (21.10.2013).
[    2.693331] [drm] No driver support for vblank timestamp query.
[    2.696325] host1x drm: No connectors reported connected with modes
[    2.699485] [drm] Cannot find any crtc or sizes - going 1024x768
[    2.713939] Console: switching to colour frame buffer device 128x48
[    2.723111] host1x drm: fb0:  frame buffer device
[    2.725469] host1x drm: registered panic notifier
[    2.727840] [drm] Initialized tegra 0.0.0 20120330 on minor 0
[    2.731070] platform 7d004000.usb: Driver tegra-ehci requests probe deferral
[    2.737729] utmi_phy_clk_enable: timeout waiting for phy to stabilize
[    2.740963] tegra-ehci 7d008000.usb: EHCI Host Controller
[    2.743682] tegra-ehci 7d008000.usb: new USB bus registered, assigned bus number 1
[    2.747710] tegra-ehci 7d008000.usb: irq 129, io mem 0x7d008000
[    2.767336] tegra-ehci 7d008000.usb: USB 2.0 started, EHCI 1.00
[    2.770659] hub 1-0:1.0: USB hub found
[    2.772556] hub 1-0:1.0: 1 port detected
[    2.775844] tegra-ehci 7d004000.usb: EHCI Host Controller
[    2.778573] tegra-ehci 7d004000.usb: new USB bus registered, assigned bus number 2
[    2.782486] tegra-ehci 7d004000.usb: irq 53, io mem 0x7d004000
[    2.797333] tegra-ehci 7d004000.usb: USB 2.0 started, EHCI 1.00
[    2.800619] hub 2-0:1.0: USB hub found
[    2.802513] hub 2-0:1.0: 1 port detected
[    2.804986] tegra_rtc 7000e000.rtc: setting system clock to 1970-01-01 00:03:38 UTC (218)
[    2.809098] spear_cpufreq: Invalid cpufreq_tbl
[    2.811399] ALSA device list:
[    2.812978]   #0: NVIDIA Tegra Beaver
[    2.817060] EXT4-fs (mmcblk0p1): mounting ext3 file system using the ext4 subsystem
[    2.975081] EXT4-fs (mmcblk0p1): recovery complete
[    2.979002] EXT4-fs (mmcblk0p1): mounted filesystem with ordered data mode. Opts: (null)
[    2.983090] VFS: Mounted root (ext3 filesystem) on device 179:1.
[    2.990040] devtmpfs: mounted
[    2.992013] Freeing unused kernel memory: 420K (c0790000 - c07f9000)
INIT: version 2.88 booting
[info] Using makefile-style concurrent boot in runlevel S.
[....] Starting the hotplug events dispatcher: udevd[    3.837148] udevd[152]: starting version 175
[ ok .
[....] Synthesizing the initial hotplug events...