92 interrupts forwarded to /interrupt-controller@50041000
[    0.000000] boot misc0 0x0: expected 0x80000
[    0.000000]  (comparison mask = 0x400ffffb)
[    0.000000] boot misc2 0x1f720005: expected 0x1f720f05
[    0.000000]  (comparison mask = 0xffffff17)
[    0.000000] PLL_C already enabled. Postponing set full defaults
[    0.000000] PLL_MB already enabled. Postponing set full defaults
[    0.000000] PLL_U already enabled. Postponing set full defaults
[    0.000000] PLL_D already enabled. Postponing set full defaults
[    0.000000] PLL_DP already enabled. Postponing set full defaults
[    0.000000] boot misc0 0x0: expected 0x20
[    0.000000]  (comparison mask = 0x7ffffff)
[    0.000000] boot misc1 0x90000000: expected 0xc0000000
[    0.000000]  (comparison mask = 0xf8000000)
[    0.000000] boot misc2 0x0: expected 0xf400f0da
[    0.000000]  (comparison mask = 0xffffffff)
[    0.000000] boot misc3 0xbeb0: expected 0x2004f400
[    0.000000]  (comparison mask = 0xffffffff)
[    0.000000] PLL_P already enabled. Postponing set full defaults
[    0.000000] PLL_X already enabled. Postponing set full defaults
[    0.000000] boot misc1 0x0: expected 0x20
[    0.000000]  (comparison mask = 0xffffff)
[    0.000000] Architected cp15 timer(s) running at 19.20MHz (phys).
[    0.000000] clocksource: arch_sys_counter: mask: 0xffffffffffffff max_cycles: 0x46d987e47, max_idle_ns: 440795202767 ns
[    0.000002] sched_clock: 56 bits at 19MHz, resolution 52ns, wraps every 4398046511078ns
[    0.008322] Console: colour dummy device 80x25
[    0.012892] console [tty0] enabled
[    0.016385] bootconsole [uart0] disabled
[    0.000000] Booting Linux on physical CPU 0x0
[    0.000000] Linux version 4.7.0-rc5-next-20160701+ (pwalmsley@tamien) (gcc version 4.9.2 20140904 (prerelease) (crosstool-NG linaro-1.13.1-4.9-2014.09 - Linaro GCC 4.9-2014.09) ) #1 SMP PREEMPT Tue Jul 12 03:50:58 PDT 2016
[    0.000000] Boot CPU: AArch64 Processor [411fd071]
[    0.000000] earlycon: uart0 at MMIO 0x0000000070006000 (options '115200n8')
[    0.000000] bootconsole [uart0] enabled
[    0.000000] efi: Getting EFI parameters from FDT:
[    0.000000] efi: UEFI not found.
[    0.000000] cma: Reserved 16 MiB at 0x00000000f5400000
[    0.000000] psci: probing for conduit method from DT.
[    0.000000] psci: PSCIv1.0 detected in firmware.
[    0.000000] psci: Using standard PSCI v0.2 function IDs
[    0.000000] psci: MIGRATE_INFO_UP_CPU reported invalid physical ID (0x80000000)
[    0.000000] percpu: Embedded 20 pages/cpu @ffff8000bff45000 s42880 r8192 d30848 u81920
[    0.000000] Detected PIPT I-cache on CPU0
[    0.000000] CPU features: enabling workaround for ARM erratum 832075
[    0.000000] CPU features: enabling workaround for ARM erratum 834220
[    0.000000] Built 1 zonelists in Zone order, mobility grouping on.  Total pages: 735336
[    0.000000] Kernel command line: cros_secure vpr=0x08000000@0xf6800000 earlycon
[    0.000000] log_buf_len individual max cpu contribution: 4096 bytes
[    0.000000] log_buf_len total cpu_extra contributions: 12288 bytes
[    0.000000] log_buf_len min size: 16384 bytes
[    0.000000] log_buf_len: 32768 bytes
[    0.000000] early log buf free: 14420(88%)
[    0.000000] PID hash table entries: 4096 (order: 3, 32768 bytes)
[    0.000000] Dentry cache hash table entries: 524288 (order: 10, 4194304 bytes)
[    0.000000] Inode-cache hash table entries: 262144 (order: 9, 2097152 bytes)
[    0.000000] software IO TLB [mem 0xf1400000-0xf5400000] (64MB) mapped at [ffff800071400000-ffff8000753fffff]
[    0.000000] Memory: 2833804K/2988032K available (7676K kernel code, 764K rwdata, 3592K rodata, 960K init, 267K bss, 137844K reserved, 16384K cma-reserved)
[    0.000000] Virtual kernel memory layout:
[    0.000000]     modules : 0xffff000000000000 - 0xffff000008000000   (   128 MB)
[    0.000000]     vmalloc : 0xffff000008000000 - 0xffff7dffbfff0000   (129022 GB)
[    0.000000]       .text : 0xffff000008080000 - 0xffff000008800000   (  7680 KB)
[    0.000000]     .rodata : 0xffff000008800000 - 0xffff000008b90000   (  3648 KB)
[    0.000000]       .init : 0xffff000008b90000 - 0xffff000008c80000   (   960 KB)
[    0.000000]       .data : 0xffff000008c80000 - 0xffff000008d3f000   (   764 KB)
[    0.000000]        .bss : 0xffff000008d3f000 - 0xffff000008d81eb8   (   268 KB)
[    0.000000]     fixed   : 0xffff7dfffe7fd000 - 0xffff7dfffec00000   (  4108 KB)
[    0.000000]     PCI I/O : 0xffff7dfffee00000 - 0xffff7dffffe00000   (    16 MB)
[    0.000000]     vmemmap : 0xffff7e0000000000 - 0xffff800000000000   (  2048 GB maximum)
[    0.000000]               0xffff7e0000000000 - 0xffff7e0003000000   (    48 MB actual)
[    0.000000]     memory  : 0xffff800000000000 - 0xffff8000c0000000   (  3072 MB)
[    0.000000] SLUB: HWalign=64, Order=0-3, MinObjects=0, CPUs=4, Nodes=1
[    0.000000] Preemptible hierarchical RCU implementation.
[    0.000000] 	Build-time adjustment of leaf fanout to 64.
[    0.000000] 	RCU restricting CPUs from NR_CPUS=64 to nr_cpu_ids=4.
[    0.000000] RCU: Adjusting geometry for rcu_fanout_leaf=64, nr_cpu_ids=4
[    0.000000] NR_IRQS:64 nr_irqs:64 0
[    0.000000] GIC: Using split EOI/Deactivate mode
[    0.000000] /interrupt-controller@60004000: 192 interrupts forwarded to /interrupt-controller@50041000
[    0.000000] boot misc0 0x0: expected 0x80000
[    0.000000]  (comparison mask = 0x400ffffb)
[    0.000000] boot misc2 0x1f720005: expected 0x1f720f05
[    0.000000]  (comparison mask = 0xffffff17)
[    0.000000] PLL_C already enabled. Postponing set full defaults
[    0.000000] PLL_MB already enabled. Postponing set full defaults
[    0.000000] PLL_U already enabled. Postponing set full defaults
[    0.000000] PLL_D already enabled. Postponing set full defaults
[    0.000000] PLL_DP already enabled. Postponing set full defaults
[    0.000000] boot misc0 0x0: expected 0x20
[    0.000000]  (comparison mask = 0x7ffffff)
[    0.000000] boot misc1 0x90000000: expected 0xc0000000
[    0.000000]  (comparison mask = 0xf8000000)
[    0.000000] boot misc2 0x0: expected 0xf400f0da
[    0.000000]  (comparison mask = 0xffffffff)
[    0.000000] boot misc3 0xbeb0: expected 0x2004f400
[    0.000000]  (comparison mask = 0xffffffff)
[    0.000000] PLL_P already enabled. Postponing set full defaults
[    0.000000] PLL_X already enabled. Postponing set full defaults
[    0.000000] boot misc1 0x0: expected 0x20
[    0.000000]  (comparison mask = 0xffffff)
[    0.000000] Architected cp15 timer(s) running at 19.20MHz (phys).
[    0.000000] clocksource: arch_sys_counter: mask: 0xffffffffffffff max_cycles: 0x46d987e47, max_idle_ns: 440795202767 ns
[    0.000002] sched_clock: 56 bits at 19MHz, resolution 52ns, wraps every 4398046511078ns
[    0.008322] Console: colour dummy device 80x25
[    0.012892] console [tty0] enabled
[    0.016385] bootconsole [uart0] disabled
[    0.020427] Calibrating delay loop (skipped), value calculated using timer frequency.. 38.40 BogoMIPS (lpj=76800)
[    0.020439] pid_max: default: 32768 minimum: 301
[    0.020489] Security Framework initialized
[    0.020518] Mount-cache hash table entries: 8192 (order: 4, 65536 bytes)
[    0.020527] Mountpoint-cache hash table entries: 8192 (order: 4, 65536 bytes)
[    0.021113] ASID allocator initialised with 65536 entries
[    0.045105] Speedo Revision 4
[    0.045124] Tegra Revision: A02 SKU: 19 CPU Process: 0 SoC Process: 0
[    0.092568] EFI services will not be available.
[    0.116648] Detected PIPT I-cache on CPU1
[    0.116674] CPU1: Booted secondary processor [411fd071]
[    0.132654] Detected PIPT I-cache on CPU2
[    0.132673] CPU2: Booted secondary processor [411fd071]
[    0.148675] Detected PIPT I-cache on CPU3
[    0.148693] CPU3: Booted secondary processor [411fd071]
[    0.148734] Brought up 4 CPUs
[    0.148766] SMP: Total of 4 processors activated.
[    0.148773] CPU features: detected feature: 32-bit EL0 Support
[    0.148782] CPU: All CPU(s) started at EL2
[    0.148799] alternatives: patching kernel code
[    0.150764] devtmpfs: initialized
[    0.156835] DMI not present or invalid.
[    0.156978] clocksource: jiffies: mask: 0xffffffff max_cycles: 0xffffffff, max_idle_ns: 7645041785100000 ns
[    0.157223] pinctrl core: initialized pinctrl subsystem
[    0.158098] NET: Registered protocol family 16
[    0.168655] cpuidle: using governor menu
[    0.168770] vdso: 2 pages (1 code @ ffff000008806000, 1 data @ ffff000008c84000)
[    0.168794] hw-breakpoint: found 6 breakpoint and 4 watchpoint registers.
[    0.169235] DMA: preallocated 256 KiB pool for atomic allocations
[    0.169388] Serial: AMBA PL011 UART driver
[    0.193258] HugeTLB registered 2 MB page size, pre-allocated 0 pages
[    0.193821] ACPI: Interpreter disabled.
[    0.194085] PPLCD_VDD: Failed to request enable GPIO172: -517
[    0.194101] reg-fixed-voltage regulators:regulator@1: Failed to register regulator: -517
[    0.194427] PP1800_LCDIO: Failed to request enable GPIO171: -517
[    0.194441] reg-fixed-voltage regulators:regulator@5: Failed to register regulator: -517
[    0.194487] PP1800_CAM: Failed to request enable GPIO83: -517
[    0.194499] reg-fixed-voltage regulators:regulator@6: Failed to register regulator: -517
[    0.195188] vgaarb: loaded
[    0.195346] SCSI subsystem initialized
[    0.195595] usbcore: registered new interface driver usbfs
[    0.195633] usbcore: registered new interface driver hub
[    0.195684] usbcore: registered new device driver usb
[    0.196343] pps_core: LinuxPPS API ver. 1 registered
[    0.196356] pps_core: Software ver. 5.3.6 - Copyright 2005-2007 Rodolfo Giometti <giometti@linux.it>
[    0.196380] PTP clock support registered
[    0.196470] dmi: Firmware registration failed.
[    0.196575] Advanced Linux Sound Architecture Driver Initialized.
[    0.196984] clocksource: Switched to clocksource arch_sys_counter
[    0.197064] VFS: Disk quotas dquot_6.6.0
[    0.197100] VFS: Dquot-cache hash table entries: 512 (order 0, 4096 bytes)
[    0.197244] pnp: PnP ACPI: disabled
[    0.201353] NET: Registered protocol family 2
[    0.201656] TCP established hash table entries: 32768 (order: 6, 262144 bytes)
[    0.201784] TCP bind hash table entries: 32768 (order: 7, 524288 bytes)
[    0.201985] TCP: Hash tables configured (established 32768 bind 32768)
[    0.202046] UDP hash table entries: 2048 (order: 4, 65536 bytes)
[    0.202076] UDP-Lite hash table entries: 2048 (order: 4, 65536 bytes)
[    0.202180] NET: Registered protocol family 1
[    0.202361] RPC: Registered named UNIX socket transport module.
[    0.202373] RPC: Registered udp transport module.
[    0.202382] RPC: Registered tcp transport module.
[    0.202391] RPC: Registered tcp NFSv4.1 backchannel transport module.
[    0.202516] Unpacking initramfs...
[    0.287914] Freeing initrd memory: 2360K (ffff800009f68000 - ffff80000a1b6000)
[    0.288623] kvm [1]: 8-bit VMID
[    0.288635] kvm [1]: Hyp mode initialized successfully
[    0.288680] kvm [1]: vgic-v2@50044000
[    0.288715] kvm [1]: vgic interrupt IRQ1
[    0.288786] kvm [1]: virtual timer IRQ4
[    0.290042] futex hash table entries: 1024 (order: 5, 131072 bytes)
[    0.290110] audit: initializing netlink subsys (disabled)
[    0.290155] audit: type=2000 audit(0.279:1): initialized
[    0.290415] workingset: timestamp_bits=44 max_order=20 bucket_order=0
[    0.295996] squashfs: version 4.0 (2009/01/31) Phillip Lougher
[    0.296507] NFS: Registering the id_resolver key type
[    0.296538] Key type id_resolver registered
[    0.296547] Key type id_legacy registered
[    0.296562] nfs4filelayout_init: NFSv4 File Layout Driver Registering...
[    0.296684] fuse init (API version 7.25)
[    0.296973] 9p: Installing v9fs 9p2000 file system support
[    0.298237] io scheduler noop registered
[    0.298340] io scheduler cfq registered (default)
[    0.298900] libphy: mdio_driver_register: phy-bcm-ns2-pci
[    0.304827] tegra-apbdma 60020000.dma: Tegra20 APB DMA driver register 32 channels
[    0.305231] tegra-pmc 7000e400.pmc: i2c-thermtrip node not found, emergency thermal reset disabled.
[    0.305383] xenfs: not registering filesystem on non-xen platform
[    0.307317] Serial: 8250/16550 driver, 4 ports, IRQ sharing disabled
[    0.308285] 70006000.serial: ttyS0 at MMIO 0x70006000 (irq = 312, base_baud = 25500000) is a Tegra
[    1.252916] console [ttyS0] enabled
[    1.256690] SuperH (H)SCI(F) driver initialized
[    1.261394] msm_serial: driver initialized
[    1.265718] Unable to detect cache hierarchy from DT for CPU 0
[    1.274220] loop: module loaded
[    1.279380] cros-ec-i2c 0-001e: Chrome EC device registered
[    1.285541] max77620 1-003c: PMIC Version OTP:0x35 and ES:0x8
[    1.298631] PP1200_RCAM: Bringing 1050000uV into 1200000-1200000uV
[    1.305832] PP2800L_RCAM: Bringing 3100000uV into 2800000-2800000uV
[    1.312552] PP1100_SOC_RTC: Bringing 1000000uV into 850000-850000uV
[    1.319411] PP2800L_FCAM: Bringing 3100000uV into 2800000-2800000uV
[    1.326139] PP_LDO6: Bringing 2800000uV into 1800000-1800000uV
[    1.335744] libphy: Fixed MDIO Bus: probed
[    1.340139] tun: Universal TUN/TAP device driver, 1.6
[    1.345194] tun: (C) 1999-2004 Max Krasnyansky <maxk@qualcomm.com>
[    1.351691] e1000e: Intel(R) PRO/1000 Network Driver - 3.2.6-k
[    1.357523] e1000e: Copyright(c) 1999 - 2015 Intel Corporation.
[    1.363471] igb: Intel(R) Gigabit Ethernet Network Driver - version 5.3.0-k
[    1.370425] igb: Copyright (c) 2007-2014 Intel Corporation.
[    1.376027] igbvf: Intel(R) Gigabit Virtual Function Network Driver - version 2.0.2-k
[    1.383853] igbvf: Copyright (c) 2009 - 2012 Intel Corporation.
[    1.389795] sky2: driver version 1.30
[    1.393721] VFIO - User Level meta-driver version: 0.3
[    1.399827] ehci_hcd: USB 2.0 'Enhanced' Host Controller (EHCI) Driver
[    1.406359] ehci-pci: EHCI PCI platform driver
[    1.410824] ehci-platform: EHCI generic platform driver
[    1.416110] ehci-msm: Qualcomm On-Chip EHCI Host Controller
[    1.421722] ohci_hcd: USB 1.1 'Open' Host Controller (OHCI) Driver
[    1.427919] ohci-pci: OHCI PCI platform driver
[    1.432383] ohci-platform: OHCI generic platform driver
[    1.437770] usbcore: registered new interface driver usb-storage
[    1.444323] mousedev: PS/2 mouse device common for all mice
[    1.579719] max77686-rtc max77620-rtc: rtc core: registered max77620-rtc as rtc0
[    1.587562] tegra_rtc 7000e000.rtc: rtc core: registered 7000e000.rtc as rtc1
[    1.594719] tegra_rtc 7000e000.rtc: Tegra internal Real Time Clock
[    1.600972] i2c /dev entries driver
[    1.605503] thermal thermal_zone0: failed to read out thermal zone (-19)
[    1.612216] bq27xxx-battery 2-0055: support ver. 1.2.0 enabled
[    1.634305] sdhci: Secure Digital Host Controller Interface driver
[    1.640511] sdhci: Copyright(c) Pierre Ossman
[    1.644903] Synopsys Designware Multimedia Card Interface Driver
[    1.651169] sdhci-pltfm: SDHCI platform and OF driver helper
[    1.656966] mmc0: Unknown controller version (3). You may experience problems.
[    1.700998] mmc0: SDHCI controller on 700b0600.sdhci [700b0600.sdhci] using ADMA 64-bit
[    1.709351] ledtrig-cpu: registered to indicate activity on CPUs
[    1.717454] usbcore: registered new interface driver usbhid
[    1.723032] usbhid: USB HID core driver
[    1.727984] NET: Registered protocol family 17
[    1.732479] 9pnet: Installing 9P2000 support
[    1.736794] Key type dns_resolver registered
[    1.741373] registered taskstats version 1
[    1.746808] input: gpio-keys as /devices/platform/gpio-keys/input/input0
[    1.761465] mmc0: new high speed MMC card at address 0001
[    1.767095] mmcblk0: mmc0:0001 BGND3R 29.1 GiB 
[    1.771729] mmcblk0boot0: mmc0:0001 BGND3R partition 1 4.00 MiB
[    1.777743] mmcblk0boot1: mmc0:0001 BGND3R partition 2 4.00 MiB
[    1.783751] mmcblk0rpmb: mmc0:0001 BGND3R partition 3 4.00 MiB
[    1.789582] max77686-rtc max77620-rtc: setting system clock to 2000-04-22 16:21:44 UTC (956420504)
[    1.800640]  mmcblk0: p1 p2 p3 p4 p5 p6 p7 p8 p9 p10 p11
[    1.802718] USBC_VBUS: disabling
[    1.802727] PP1200_AVDD: disabling
[    1.802795] PP1200_RCAM: disabling
[    1.802848] PP2800L_RCAM: disabling
[    1.802900] PP2800L_FCAM: disabling
[    1.802952] PP_LDO6: disabling
[    1.803004] AVDDIO_1V05: disabling
[    1.803055] PPLCD_VDD: disabling
[    1.803060] PP1800_LCDIO: disabling
[    1.803062] PP1800_CAM: disabling
[    1.803333] ALSA device list:
[    1.803335]   No soundcards found.
[    1.846294] Freeing unused kernel memory: 960K (ffff800000b90000 - ffff800000c80000)

System initialization...

Mounting /proc :[SUCCESS]
Mounting /sys :[SUCCESS]
Mounting /dev :[SUCCESS]
Mounting /dev/pts :[SUCCESS]
Mounting /sys/kernel/debug :[SUCCESS]
Mounting other filesystems :[SUCCESS]
Enabling hot-plug :[SUCCESS]
Populating /dev :[SUCCESS]
Starting syslogd :[SUCCESS]
Starting telnetd :[SUCCESS]

System initialization complete.

Please press Enter to activate this console. 