
U-Boot SPL 2016.05-rc2 (Apr 21 2016 - 16:23:00)
Trying to boot from RAM


U-Boot 2016.05-rc2 (Apr 21 2016 - 16:23:00 -0700)

TEGRA124
Model: NVIDIA Jetson TK1
Board: NVIDIA Jetson TK1
DRAM:  2 GiB
MC:   Tegra SD/MMC: 0, Tegra SD/MMC: 1
In:    serial
Out:   serial
Err:   serial
Net:   No ethernet found.
Hit any key to stop autoboot:  2  0 
Tegra124 (Jetson TK1) # 
Tegra124 (Jetson TK1) # pci enum
Tegra124 (Jetson TK1) # setenv bootargs 'ignore_loglevel console=ttyS0,115200n8 rw root=PARTUUID=b1791faa-84e8-4e27-83a1-9fb0a77e8803 rootwait gpt debug noinitrd earlyprintk init=/bin/bash'
Tegra124 (Jetson TK1) # setenv ipaddr 192.168.100.102; setenv serverip 192.168.100.1; setenv tftpserverip 192.168.100.1
Tegra124 (Jetson TK1) # tftpboot 0x82000000 zImage.multi_v7_defconfig

Warning: eth_rtl8169 using MAC address from ROM
Using eth_rtl8169 device
TFTP from server 192.168.100.1; our IP address is 192.168.100.102
Filename 'zImage.multi_v7_defconfig'.
Load address: 0x82000000
Loading: *#################################################################
	 #################################################################
	 #################################################################
	 #################################################################
	 #################################################################
	 #################################################################
	 #################################################################
	 #################################################################
	 #####################################
	 3.2 MiB/s
done
Bytes transferred = 8172040 (7cb208 hex)
Tegra124 (Jetson TK1) # tftpboot 0x83000000 tegra124-jetson-tk1.dtb
Using eth_rtl8169 device
TFTP from server 192.168.100.1; our IP address is 192.168.100.102
Filename 'tegra124-jetson-tk1.dtb'.
Load address: 0x83000000
Loading: *#####
	 3.2 MiB/s
done
Bytes transferred = 67173 (10665 hex)
Tegra124 (Jetson TK1) # bootz 0x82000000 - 0x83000000
Kernel image @ 0x82000000 [ 0x000000 - 0x7cb200 ]
## Flattened Device Tree blob at 83000000
   Booting using the fdt blob at 0x83000000
   Using Device Tree in place at 83000000, end 83013664

Starting kernel ...

[    0.000000] Booting Linux on physical CPU 0x0
[    0.000000] Linux version 4.14.0-rc2-next-20170929-203152-g1418b85 (jonathanh@sellafield) (gcc version 4.7.3 20130328 (prerelease) (crosstool-NG linaro-1.13.1-4.7-2013.04-20130415 - Linaro GCC 2013.04)) #1 SMP Thu Sep 28 23:22:07 PDT 2017
[    0.000000] CPU: ARMv7 Processor [413fc0f3] revision 3 (ARMv7), cr=10c5387d
[    0.000000] CPU: div instructions available: patching division code
[    0.000000] CPU: PIPT / VIPT nonaliasing data cache, PIPT instruction cache
[    0.000000] OF: fdt: Machine model: NVIDIA Tegra124 Jetson TK1
[    0.000000] debug: ignoring loglevel setting.
[    0.000000] Memory policy: Data cache writealloc
[    0.000000] efi: Getting EFI parameters from FDT:
[    0.000000] efi: UEFI not found.
[    0.000000] cma: Reserved 64 MiB at 0xfb800000
[    0.000000] On node 0 totalpages: 524032
[    0.000000] free_area_init_node: node 0, pgdat c1590400, node_mem_map eeff8000
[    0.000000]   DMA zone: 1536 pages used for memmap
[    0.000000]   DMA zone: 0 pages reserved
[    0.000000]   DMA zone: 196608 pages, LIFO batch:31
[    0.000000]   HighMem zone: 327424 pages, LIFO batch:31
[    0.000000] random: fast init done
[    0.000000] percpu: Embedded 17 pages/cpu @eef84000 s39616 r8192 d21824 u69632
[    0.000000] pcpu-alloc: s39616 r8192 d21824 u69632 alloc=17*4096
[    0.000000] pcpu-alloc: [0] 0 [0] 1 [0] 2 [0] 3 
[    0.000000] Built 1 zonelists, mobility grouping on.  Total pages: 522496
[    0.000000] Kernel command line: ignore_loglevel console=ttyS0,115200n8 rw root=PARTUUID=b1791faa-84e8-4e27-83a1-9fb0a77e8803 rootwait gpt debug noinitrd earlyprintk init=/bin/bash
[    0.000000] PID hash table entries: 4096 (order: 2, 16384 bytes)
[    0.000000] Dentry cache hash table entries: 131072 (order: 7, 524288 bytes)
[    0.000000] Inode-cache hash table entries: 65536 (order: 6, 262144 bytes)
[    0.000000] Memory: 1993364K/2096128K available (10240K kernel code, 1634K rwdata, 4512K rodata, 2048K init, 401K bss, 37228K reserved, 65536K cma-reserved, 1244160K highmem)
[    0.000000] Virtual kernel memory layout:
[    0.000000]     vector  : 0xffff0000 - 0xffff1000   (   4 kB)
[    0.000000]     fixmap  : 0xffc00000 - 0xfff00000   (3072 kB)
[    0.000000]     vmalloc : 0xf0800000 - 0xff800000   ( 240 MB)
[    0.000000]     lowmem  : 0xc0000000 - 0xf0000000   ( 768 MB)
[    0.000000]     pkmap   : 0xbfe00000 - 0xc0000000   (   2 MB)
[    0.000000]     modules : 0xbf000000 - 0xbfe00000   (  14 MB)
[    0.000000]       .text : 0xc0208000 - 0xc0d00000   (11232 kB)
[    0.000000]       .init : 0xc1200000 - 0xc1400000   (2048 kB)
[    0.000000]       .data : 0xc1400000 - 0xc15988a8   (1635 kB)
[    0.000000]        .bss : 0xc15a1ba8 - 0xc16061bc   ( 402 kB)
[    0.000000] SLUB: HWalign=64, Order=0-3, MinObjects=0, CPUs=4, Nodes=1
[    0.000000] Hierarchical RCU implementation.
[    0.000000] 	RCU event tracing is enabled.
[    0.000000] 	RCU restricting CPUs from NR_CPUS=16 to nr_cpu_ids=4.
[    0.000000] RCU: Adjusting geometry for rcu_fanout_leaf=16, nr_cpu_ids=4
[    0.000000] NR_IRQS: 16, nr_irqs: 16, preallocated irqs: 16
[    0.000000] /interrupt-controller@60004000: 160 interrupts forwarded to /interrupt-controller@50041000
[    0.000000] Tegra clk 127: register failed with -17
[    0.000009] sched_clock: 32 bits at 1000kHz, resolution 1000ns, wraps every 2147483647500ns
[    0.000029] clocksource: timer_us: mask: 0xffffffff max_cycles: 0xffffffff, max_idle_ns: 1911260446275 ns
[    0.000044] Switching to timer-based delay loop, resolution 1000ns
[    0.005518] arch_timer: cp15 timer(s) running at 12.00MHz (virt).
[    0.005537] clocksource: arch_sys_counter: mask: 0xffffffffffffff max_cycles: 0x2c47f4ee7, max_idle_ns: 440795202497 ns
[    0.005557] sched_clock: 56 bits at 12MHz, resolution 83ns, wraps every 4398046511096ns
[    0.005571] Switching to timer-based delay loop, resolution 83ns
[    0.006052] Console: colour dummy device 80x30
[    0.006086] Calibrating delay loop (skipped), value calculated using timer frequency.. 24.00 BogoMIPS (lpj=120000)
[    0.006104] pid_max: default: 32768 minimum: 301
[    0.006222] Mount-cache hash table entries: 2048 (order: 1, 8192 bytes)
[    0.006237] Mountpoint-cache hash table entries: 2048 (order: 1, 8192 bytes)
[    0.006741] CPU: Testing write buffer coherency: ok
[    0.007001] /cpus/cpu@0 missing clock-frequency property
[    0.007047] /cpus/cpu@1 missing clock-frequency property
[    0.007091] /cpus/cpu@2 missing clock-frequency property
[    0.007137] /cpus/cpu@3 missing clock-frequency property
[    0.007150] CPU0: thread -1, cpu 0, socket 0, mpidr 80000000
[    0.007434] Setting up static identity map for 0x80300000 - 0x803000a0
[    0.009455] Hierarchical SRCU implementation.
[    0.011399] Tegra Revision: A01 SKU: 129 CPU Process: 1 SoC Process: 1
[    0.012198] EFI services will not be available.
[    0.012352] smp: Bringing up secondary CPUs ...
[    0.012833] CPU1: thread -1, cpu 1, socket 0, mpidr 80000001
[    0.015937] CPU2: thread -1, cpu 2, socket 0, mpidr 80000002
[    0.025964] CPU3: thread -1, cpu 3, socket 0, mpidr 80000003
[    0.035508] smp: Brought up 1 node, 4 CPUs
[    0.035530] SMP: Total of 4 processors activated (96.00 BogoMIPS).
[    0.035539] CPU: All CPU(s) started in SVC mode.
[    0.037067] devtmpfs: initialized
[    0.050746] VFP support v0.3: implementor 41 architecture 4 part 30 variant f rev 0
[    0.051126] clocksource: jiffies: mask: 0xffffffff max_cycles: 0xffffffff, max_idle_ns: 19112604462750000 ns
[    0.051146] futex hash table entries: 1024 (order: 4, 65536 bytes)
[    0.052590] pinctrl core: initialized pinctrl subsystem
[    0.054137] DMI not present or invalid.
[    0.054382] NET: Registered protocol family 16
[    0.056524] DMA: preallocated 256 KiB pool for atomic coherent allocations
[    0.058930] cpuidle: using governor menu
[    0.083918] No ATAGs?
[    0.084046] hw-breakpoint: found 5 (+1 reserved) breakpoint and 4 watchpoint registers.
[    0.084062] hw-breakpoint: maximum watchpoint size is 8 bytes.
[    0.091391] Serial: AMBA PL011 UART driver
[    0.092576] iommu: Adding device reg-dummy to group 0
[    0.092614] iommu: Adding device 1003000.pcie to group 1
[    0.092690] iommu: Adding device 50000000.host1x to group 2
[    0.092761] iommu: Adding device 54200000.dc to group 3
[    0.092829] iommu: Adding device 54240000.dc to group 4
[    0.092865] iommu: Adding device 54280000.hdmi to group 5
[    0.092938] iommu: Adding device 57000000.gpu to group 6
[    0.092975] iommu: Adding device 60005000.timer to group 7
[    0.093007] iommu: Adding device 60007000.flow-controller to group 8
[    0.093038] iommu: Adding device 6000c800.actmon to group 9
[    0.093070] iommu: Adding device 6000d000.gpio to group 10
[    0.093101] iommu: Adding device 60020000.dma to group 11
[    0.093132] iommu: Adding device 70000800.apbmisc to group 12
[    0.093167] iommu: Adding device 70000868.pinmux to group 13
[    0.093199] iommu: Adding device 70006000.serial to group 14
[    0.093229] iommu: Adding device 70006040.serial to group 15
[    0.093260] iommu: Adding device 70006300.serial to group 16
[    0.093292] iommu: Adding device 7000c000.i2c to group 17
[    0.093326] iommu: Adding device 7000c400.i2c to group 18
[    0.093357] iommu: Adding device 7000c500.i2c to group 19
[    0.093390] iommu: Adding device 7000c700.i2c to group 20
[    0.093420] iommu: Adding device 7000d000.i2c to group 21
[    0.093455] iommu: Adding device 7000d400.spi to group 22
[    0.093485] iommu: Adding device 7000da00.spi to group 23
[    0.093516] iommu: Adding device 7000e000.rtc to group 24
[    0.093547] iommu: Adding device 7000e400.pmc to group 25
[    0.093577] iommu: Adding device 7000f800.fuse to group 26
[    0.093608] iommu: Adding device 70019000.memory-controller to group 27
[    0.093644] iommu: Adding device 7001b000.emc to group 28
[    0.093675] iommu: Adding device 70027000.sata to group 29
[    0.093710] iommu: Adding device 70030000.hda to group 30
[    0.093742] iommu: Adding device 70090000.usb to group 31
[    0.093773] iommu: Adding device 7009f000.padctl to group 32
[    0.093804] iommu: Adding device 700b0400.sdhci to group 33
[    0.093835] iommu: Adding device 700b0600.sdhci to group 34
[    0.093866] iommu: Adding device 700e2000.thermal-sensor to group 35
[    0.093898] iommu: Adding device 70110000.clock to group 36
[    0.093933] iommu: Adding device 70300000.ahub to group 37
[    0.093964] iommu: Adding device 7d000000.usb to group 38
[    0.094003] iommu: Adding device 7d000000.usb-phy to group 39
[    0.094034] iommu: Adding device 7d004000.usb to group 40
[    0.094066] iommu: Adding device 7d004000.usb-phy to group 41
[    0.094096] iommu: Adding device 7d008000.usb to group 42
[    0.094128] iommu: Adding device 7d008000.usb-phy to group 43
[    0.094158] iommu: Adding device pmu to group 44
[    0.094190] iommu: Adding device timer to group 45
[    0.094221] iommu: Adding device clocks to group 46
[    0.094257] iommu: Adding device gpio-keys to group 47
[    0.094288] iommu: Adding device regulators to group 48
[    0.094319] iommu: Adding device regulators:regulator@0 to group 49
[    0.094355] iommu: Adding device regulators:regulator@1 to group 50
[    0.094385] iommu: Adding device regulators:regulator@2 to group 51
[    0.094416] iommu: Adding device regulators:regulator@3 to group 52
[    0.094448] iommu: Adding device regulators:regulator@4 to group 53
[    0.094478] iommu: Adding device regulators:regulator@7 to group 54
[    0.094514] iommu: Adding device regulators:regulator@8 to group 55
[    0.094545] iommu: Adding device regulators:regulator@10 to group 56
[    0.094577] iommu: Adding device regulators:regulator@11 to group 57
[    0.094609] iommu: Adding device regulators:regulator@12 to group 58
[    0.094640] iommu: Adding device regulators:regulator@13 to group 59
[    0.094675] iommu: Adding device regulators:regulator@14 to group 60
[    0.094706] iommu: Adding device sound to group 61
[    0.109402] AT91: Could not find identification node
[    0.109974] +5V_SYS: supplied by +VDD_MUX
[    0.110259] +3.3V_SYS: supplied by +VDD_MUX
[    0.110868] +USB0_VBUS_SW: Failed to request enable GPIO108: -517
[    0.110884] reg-fixed-voltage regulators:regulator@7: Failed to register regulator: -517
[    0.110982] +5V_USB_HS: Failed to request enable GPIO109: -517
[    0.110997] reg-fixed-voltage regulators:regulator@8: Failed to register regulator: -517
[    0.111180] +1.05V_RUN_AVDD_HDMI_PLL: Failed to request enable GPIO63: -517
[    0.111195] reg-fixed-voltage regulators:regulator@11: Failed to register regulator: -517
[    0.111290] +5V_HDMI_CON: Failed to request enable GPIO86: -517
[    0.111303] reg-fixed-voltage regulators:regulator@12: Failed to register regulator: -517
[    0.111400] +5V_SATA: Failed to request enable GPIO242: -517
[    0.111413] reg-fixed-voltage regulators:regulator@13: Failed to register regulator: -517
[    0.111508] +12V_SATA: Failed to request enable GPIO242: -517
[    0.111521] reg-fixed-voltage regulators:regulator@14: Failed to register regulator: -517
[    0.114503] vgaarb: loaded
[    0.115235] SCSI subsystem initialized
[    0.115404] libata version 3.00 loaded.
[    0.115628] usbcore: registered new interface driver usbfs
[    0.115677] usbcore: registered new interface driver hub
[    0.115736] usbcore: registered new device driver usb
[    0.119203] pps_core: LinuxPPS API ver. 1 registered
[    0.119215] pps_core: Software ver. 5.3.6 - Copyright 2005-2007 Rodolfo Giometti <giometti@linux.it>
[    0.119237] PTP clock support registered
[    0.119425] EDAC MC: Ver: 3.0.0
[    0.119698] dmi: Firmware registration failed.
[    0.122275] clocksource: Switched to clocksource arch_sys_counter
[    0.176703] NET: Registered protocol family 2
[    0.177212] TCP established hash table entries: 8192 (order: 3, 32768 bytes)
[    0.177313] TCP bind hash table entries: 8192 (order: 4, 65536 bytes)
[    0.177501] TCP: Hash tables configured (established 8192 bind 8192)
[    0.177582] UDP hash table entries: 512 (order: 2, 16384 bytes)
[    0.177629] UDP-Lite hash table entries: 512 (order: 2, 16384 bytes)
[    0.177781] NET: Registered protocol family 1
[    0.178110] RPC: Registered named UNIX socket transport module.
[    0.178122] RPC: Registered udp transport module.
[    0.178130] RPC: Registered tcp transport module.
[    0.178139] RPC: Registered tcp NFSv4.1 backchannel transport module.
[    0.178151] PCI: CLS 0 bytes, default 64
[    0.179641] hw perfevents: enabled with armv7_cortex_a15 PMU driver, 7 counters available
[    0.180380] iommu: Adding device alarmtimer to group 62
[    0.181278] workingset: timestamp_bits=30 max_order=19 bucket_order=0
[    0.187747] squashfs: version 4.0 (2009/01/31) Phillip Lougher
[    0.188323] NFS: Registering the id_resolver key type
[    0.188350] Key type id_resolver registered
[    0.188360] Key type id_legacy registered
[    0.188402] ntfs: driver 2.1.32 [Flags: R/O].
[    0.189888] bounce: pool size: 64 pages
[    0.189942] Block layer SCSI generic (bsg) driver version 0.4 loaded (major 248)
[    0.189954] io scheduler noop registered
[    0.189963] io scheduler deadline registered
[    0.190173] io scheduler cfq registered (default)
[    0.190184] io scheduler mq-deadline registered
[    0.190194] io scheduler kyber registered
[    0.193962]  usb2-0: usb2-0 supply vbus not found, using dummy regulator
[    0.194070]  usb2-1: usb2-1 supply vbus not found, using dummy regulator
[    0.194529] tegra-xusb-padctl 7009f000.padctl: failed to setup XUSB ports: -517
[    0.213359] tegra-pcie 1003000.pcie: 2x1, 1x1 configuration
[    0.213414] tegra-pcie 1003000.pcie: Failed to get supply 'avddio-pex': -517
[    0.219521] tegra124-dfll 70110000.clock: couldn't get vdd_cpu regulator
[    0.226409] tegra-apbdma 60020000.dma: Tegra20 APB DMA driver register 32 channels
[    0.229464] tegra-pmc 7000e400.pmc: emergency thermal reset enabled
[    0.277641] Serial: 8250/16550 driver, 4 ports, IRQ sharing disabled
[    0.277736] iommu: Adding device serial8250 to group 63
[    0.280209] console [ttyS0] disabled
[    0.280249] 70006300.serial: ttyS0 at MMIO 0x70006300 (irq = 335, base_baud = 25500000) is a Tegra
[    1.545183] console [ttyS0] enabled
[    1.549547] SuperH (H)SCI(F) driver initialized
[    1.555195] msm_serial: driver initialized
[    1.559473] STMicroelectronics ASC driver initialized
[    1.565432] 70006000.serial: ttyTHS1 at MMIO 0x70006000 (irq = 333, base_baud = 0) is a TEGRA_UART
[    1.574700] 70006040.serial: ttyTHS2 at MMIO 0x70006040 (irq = 334, base_baud = 0) is a TEGRA_UART
[    1.589614] tegra-hdmi 54280000.hdmi: failed to get HDMI regulator
[    1.606354] brd: module loaded
[    1.615291] loop: module loaded
[    1.619601] at24 0-0056: 256 byte 24c02 EEPROM, writable, 8 bytes/write
[    1.627933] as3722 4-0040: AS3722 with revision 0x1 found
[    1.635256] iommu: Adding device as3722-pinctrl to group 64
[    1.642317] iommu: Adding device as3722-regulator to group 65
[    1.650876] as3722-sd2: supplied by +5V_SYS
[    1.655542] as3722-sd3: supplied by +5V_SYS
[    1.659941] +1.35V_LP0(sd3): Bringing 0uV into 1350000-1350000uV
[    1.666278] as3722-sd4: supplied by +5V_SYS
[    1.670866] as3722-sd5: supplied by +5V_SYS
[    1.676829] as3722-ldo0: supplied by +1.35V_LP0(sd2)
[    1.682870] +1.8V_RUN_CAM: Bringing 0uV into 1800000-1800000uV
[    1.689035] as3722-ldo2: supplied by +1.8V_VDDIO
[    1.694931] as3722-ldo3: supplied by +3.3V_SYS
[    1.699407] +1.05V_LP0_VDD_RTC: Bringing 1100000uV into 1000000-1000000uV
[    1.707178] as3722-ldo4: supplied by +3.3V_SYS
[    1.711831] +2.8V_RUN_CAM: Bringing 0uV into 2800000-2800000uV
[    1.718023] as3722-ldo5: supplied by +1.8V_VDDIO
[    1.722872] +1.2V_RUN_CAM_FRONT: Bringing 0uV into 1200000-1200000uV
[    1.729760] +VDDIO_SDMMC3: bypassed regulator has no supply!
[    1.735434] +VDDIO_SDMMC3: failed to get the current voltage(-517)
[    1.741610] as3722-regulator as3722-regulator: regulator 13 register failed -517
[    1.752195] iommu: Adding device as3722-rtc to group 66
[    1.757770] iommu: Adding device as3722-adc to group 67
[    1.763311] iommu: Adding device as3722-power-off to group 68
[    1.769345] iommu: Adding device as3722-wdt to group 69
[    1.776404] tegra-ahci 70027000.sata: couldn't get PHY in node sata: -517
[    1.798771] m25p80 spi1.0: w25q32dw (4096 Kbytes)
[    1.805876] iommu: Adding device Fixed MDIO bus.0 to group 70
[    1.811964] libphy: Fixed MDIO Bus: probed
[    1.817035] CAN device driver interface
[    1.821804] bgmac_bcma: Broadcom 47xx GBit MAC driver loaded
[    1.828875] e1000e: Intel(R) PRO/1000 Network Driver - 3.2.6-k
[    1.834714] e1000e: Copyright(c) 1999 - 2015 Intel Corporation.
[    1.840669] igb: Intel(R) Gigabit Ethernet Network Driver - version 5.4.0-k
[    1.847635] igb: Copyright (c) 2007-2014 Intel Corporation.
[    1.857030] pegasus: v0.9.3 (2013/04/25), Pegasus/Pegasus II USB Ethernet driver
[    1.864488] usbcore: registered new interface driver pegasus
[    1.870175] usbcore: registered new interface driver asix
[    1.875615] usbcore: registered new interface driver ax88179_178a
[    1.881727] usbcore: registered new interface driver cdc_ether
[    1.887608] usbcore: registered new interface driver smsc75xx
[    1.893403] usbcore: registered new interface driver smsc95xx
[    1.899172] usbcore: registered new interface driver net1080
[    1.904869] usbcore: registered new interface driver cdc_subset
[    1.910807] usbcore: registered new interface driver zaurus
[    1.916432] usbcore: registered new interface driver cdc_ncm
[    1.922333] tegra-phy 7d000000.usb-phy: no vbus regulator
[    1.927923] tegra-phy 7d004000.usb-phy: no vbus regulator
[    1.935365] ehci_hcd: USB 2.0 'Enhanced' Host Controller (EHCI) Driver
[    1.941884] ehci-pci: EHCI PCI platform driver
[    1.946377] ehci-platform: EHCI generic platform driver
[    1.951807] ehci-orion: EHCI orion driver
[    1.955994] SPEAr-ehci: EHCI SPEAr driver
[    1.960138] ehci-st: EHCI STMicroelectronics driver
[    1.965168] ehci-exynos: EHCI EXYNOS driver
[    1.969503] ehci-atmel: EHCI Atmel driver
[    1.973664] tegra-ehci: Tegra EHCI driver
[    1.980514] tegra-ehci 7d004000.usb: EHCI Host Controller
[    1.985945] tegra-ehci 7d004000.usb: new USB bus registered, assigned bus number 1
[    1.993699] tegra-ehci 7d004000.usb: irq 355, io mem 0x7d004000
[    2.022300] tegra-ehci 7d004000.usb: USB 2.0 started, EHCI 1.10
[    2.028880] hub 1-0:1.0: USB hub found
[    2.032683] hub 1-0:1.0: 1 port detected
[    2.037153] ohci_hcd: USB 1.1 'Open' Host Controller (OHCI) Driver
[    2.043354] ohci-pci: OHCI PCI platform driver
[    2.047828] ohci-platform: OHCI generic platform driver
[    2.053263] SPEAr-ohci: OHCI SPEAr driver
[    2.057416] ohci-st: OHCI STMicroelectronics driver
[    2.062444] ohci-atmel: OHCI Atmel driver
[    2.067226] usbcore: registered new interface driver usb-storage
[    2.074790] iommu: Adding device ci_hdrc.0 to group 71
[    2.086978] as3722-rtc as3722-rtc: rtc core: registered as3722-rtc as rtc0
[    2.093877] as3722-rtc as3722-rtc: RTC interrupt 378
[    2.102244] tegra_rtc 7000e000.rtc: rtc core: registered 7000e000.rtc as rtc1
[    2.109439] tegra_rtc 7000e000.rtc: Tegra internal Real Time Clock
[    2.116188] i2c /dev entries driver
[    2.123627] IR NEC protocol handler initialized
[    2.128153] IR RC5(x/sz) protocol handler initialized
[    2.133215] IR RC6 protocol handler initialized
[    2.137737] IR JVC protocol handler initialized
[    2.142280] IR Sony protocol handler initialized
[    2.146891] IR SANYO protocol handler initialized
[    2.151586] IR Sharp protocol handler initialized
[    2.156298] IR MCE Keyboard/mouse protocol handler initialized
[    2.162122] IR XMP protocol handler initialized
[    2.169858] lm90 0-004c: 0-004c supply vcc not found, using dummy regulator
[    2.184994] iommu: Adding device cpufreq-tegra124 to group 72
[    2.193200] sdhci: Secure Digital Host Controller Interface driver
[    2.199371] sdhci: Copyright(c) Pierre Ossman
[    2.205430] Synopsys Designware Multimedia Card Interface Driver
[    2.212814] sdhci-pltfm: SDHCI platform and OF driver helper
[    2.219266] sdhci-tegra 700b0400.sdhci: Got CD GPIO
[    2.224179] sdhci-tegra 700b0400.sdhci: Got WP GPIO
[    2.244568] mmc0: Unknown controller version (3). You may experience problems.
[    2.251824] mmc0: Invalid maximum block size, assuming 512 bytes
[    2.322299] mmc0: SDHCI controller on 700b0600.sdhci [700b0600.sdhci] using ADMA
[    2.331879] ledtrig-cpu: registered to indicate activity on CPUs
[    2.338262] usbcore: registered new interface driver usbhid
[    2.343848] usbhid: USB HID core driver
[    2.351741] NET: Registered protocol family 10
[    2.356885] Segment Routing with IPv6
[    2.360686] sit: IPv6, IPv4 and MPLS over IPv4 tunneling driver
[    2.367139] NET: Registered protocol family 17
[    2.371584] can: controller area network core (rev 20170425 abi 9)
[    2.377830] NET: Registered protocol family 29
[    2.382288] can: raw protocol (rev 20170425)
[    2.386553] can: broadcast manager protocol (rev 20170425 t)
[    2.392209] can: netlink gateway (rev 20170425) max_hops=1
[    2.397982] Key type dns_resolver registered
[    2.402780] ThumbEE CPU extension supported.
[    2.407051] Registering SWP/SWPB emulation handler
[    2.425875] +3.3V_RUN: supplied by +3.3V_SYS
[    2.431441] +USB0_VBUS_SW: supplied by +5V_SYS
[    2.436163] +3.3V_AVDD_HDMI_AP_GATED: supplied by +3.3V_RUN
[    2.442098] +5V_USB_HS: supplied by +5V_SYS
[    2.448100] +3.3V_LP0: supplied by +3.3V_SYS
[    2.454624] +5V_HDMI_CON: supplied by +5V_SYS
[    2.459663] +5V_SATA: supplied by +5V_SYS
[    2.464395] +12V_SATA: supplied by +VDD_MUX
[    2.470370]  usb2-0: usb2-0 supply vbus not found, using dummy regulator
[    2.470964] mmc0: new high speed MMC card at address 0001
[    2.471708] mmcblk0: mmc0:0001 SEM16G 14.7 GiB 
[    2.472238] mmcblk0boot0: mmc0:0001 SEM16G partition 1 4.00 MiB
[    2.472907] mmcblk0boot1: mmc0:0001 SEM16G partition 2 4.00 MiB
[    2.477639] mmcblk0rpmb: mmc0:0001 SEM16G partition 3 4.00 MiB, chardev (237:0)
[    2.480539]  mmcblk0: p1
[    2.508901]  usb2-1: usb2-1 supply vbus not found, using dummy regulator
[    2.515949]  usb3-0: usb3-0 supply vbus not found, using dummy regulator
[    2.523973] tegra-pcie 1003000.pcie: 2x1, 1x1 configuration
[    2.529605] tegra-pcie 1003000.pcie: Failed to get supply 'avddio-pex': -517
[    2.539272] tegra124-dfll 70110000.clock: couldn't get vdd_cpu regulator
[    2.549888] tegra-hdmi 54280000.hdmi: failed to get PLL regulator
[    2.560581] as3722-sd2: supplied by +5V_SYS
[    2.565143] as3722-sd3: supplied by +5V_SYS
[    2.569544] as3722-sd4: supplied by +5V_SYS
[    2.574074] as3722-sd5: supplied by +5V_SYS
[    2.579935] as3722-ldo0: supplied by +1.35V_LP0(sd2)
[    2.585739] as3722-ldo1: supplied by +3.3V_RUN
[    2.590505] as3722-ldo2: supplied by +1.8V_VDDIO
[    2.596226] as3722-ldo3: supplied by +3.3V_SYS
[    2.601508] as3722-ldo4: supplied by +3.3V_SYS
[    2.606310] as3722-ldo5: supplied by +1.8V_VDDIO
[    2.611170] as3722-ldo6: supplied by +3.3V_RUN
[    2.615861] as3722-ldo7: supplied by +1.8V_VDDIO
[    2.621248] +1.05V_RUN_CAM_REAR: Bringing 0uV into 1050000-1050000uV
[    2.628373] as3722-ldo9: supplied by +5V_SYS
[    2.633987] +3.3V_RUN_TOUCH: Bringing 0uV into 2800000-2800000uV
[    2.640539] as3722-ldo10: supplied by +5V_SYS
[    2.645502] +2.8V_RUN_CAM_AF: Bringing 0uV into 2800000-2800000uV
[    2.652347] as3722-ldo11: supplied by +3.3V_RUN
[    2.657645] +1.8V_RUN_VPP_FUSE: Bringing 0uV into 1800000-1800000uV
[    2.667669] tegra-ahci 70027000.sata: AHCI 0001.0301 32 slots 2 ports 3 Gbps 0x1 impl platform mode
[    2.676744] tegra-ahci 70027000.sata: flags: 64bit ncq sntf pm led pio slum part sadm sds apst 
[    2.687500] scsi host0: tegra-ahci
[    2.692050] scsi host1: tegra-ahci
[    2.695747] ata1: SATA max UDMA/133 mmio [mem 0x70027000-0x70028fff] port 0x100 irq 345
[    2.703782] ata2: DUMMY
[    2.709358] tegra-ehci 7d008000.usb: EHCI Host Controller
[    2.714801] tegra-ehci 7d008000.usb: new USB bus registered, assigned bus number 2
[    2.722607] tegra-ehci 7d008000.usb: irq 356, io mem 0x7d008000
[    2.752396] tegra-ehci 7d008000.usb: USB 2.0 started, EHCI 1.10
[    2.759122] hub 2-0:1.0: USB hub found
[    2.762974] hub 2-0:1.0: 1 port detected
[    2.769472] sdhci-tegra 700b0400.sdhci: Got CD GPIO
[    2.774425] sdhci-tegra 700b0400.sdhci: Got WP GPIO
[    2.786502] mmc1: Unknown controller version (3). You may experience problems.
[    2.793849] mmc1: Invalid maximum block size, assuming 512 bytes
[    2.862832] mmc1: SDHCI controller on 700b0400.sdhci [700b0400.sdhci] using ADMA
[    2.870992] tegra-pcie 1003000.pcie: 2x1, 1x1 configuration
[    2.879834] tegra-pcie 1003000.pcie: probing port 0, using 2 lanes
[    2.888238] tegra-pcie 1003000.pcie: Slot present pin change, signature: 00000008
[    2.912427] tegra-pcie 1003000.pcie: probing port 1, using 1 lanes
[    2.920769] tegra-pcie 1003000.pcie: Slot present pin change, signature: 00000000
[    2.934552] tegra-pcie 1003000.pcie: PCI host bridge to bus 0000:00
[    2.940831] pci_bus 0000:00: root bus resource [io  0x0000-0xffff]
[    2.947058] pci_bus 0000:00: root bus resource [mem 0x13000000-0x1fffffff]
[    2.953967] pci_bus 0000:00: root bus resource [mem 0x20000000-0x3fffffff pref]
[    2.961281] pci_bus 0000:00: root bus resource [bus 00-ff]
[    2.966847] pci 0000:00:01.0: [10de:0e12] type 01 class 0x060400
[    2.972921] pci_bus 0000:00: 2-byte config write to 0000:00:01.0 offset 0x4 may corrupt adjacent RW1C bits
[    2.982621] pci_bus 0000:00: 2-byte config write to 0000:00:01.0 offset 0x4 may corrupt adjacent RW1C bits
[    2.992354] pci 0000:00:01.0: enabling Extended Tags
[    2.997334] pci_bus 0000:00: 2-byte config write to 0000:00:01.0 offset 0x88 may corrupt adjacent RW1C bits
[    3.007132] pci_bus 0000:00: 2-byte config write to 0000:00:01.0 offset 0x52 may corrupt adjacent RW1C bits
[    3.016956] pci 0000:00:01.0: PME# supported from D0 D1 D2 D3hot D3cold
[    3.023620] pci_bus 0000:00: 2-byte config write to 0000:00:01.0 offset 0x4c may corrupt adjacent RW1C bits
[    3.033639] pci 0000:00:02.0: [10de:0e13] type 01 class 0x060400
[    3.039665] pci_bus 0000:00: 2-byte config write to 0000:00:02.0 offset 0x4 may corrupt adjacent RW1C bits
[    3.046005] ata1: SATA link down (SStatus 0 SControl 300)
[    3.054754] pci_bus 0000:00: 2-byte config write to 0000:00:02.0 offset 0x4 may corrupt adjacent RW1C bits
[    3.064471] pci 0000:00:02.0: enabling Extended Tags
[    3.069439] pci_bus 0000:00: 2-byte config write to 0000:00:02.0 offset 0x88 may corrupt adjacent RW1C bits
[    3.079208] pci_bus 0000:00: 2-byte config write to 0000:00:02.0 offset 0x52 may corrupt adjacent RW1C bits
[    3.088990] pci 0000:00:02.0: PME# supported from D0 D1 D2 D3hot D3cold
[    3.095617] pci_bus 0000:00: 2-byte config write to 0000:00:02.0 offset 0x4c may corrupt adjacent RW1C bits
[    3.105641] PCI: bus0: Fast back to back transfers disabled
[    3.111222] pci 0000:00:01.0: bridge configuration invalid ([bus 00-00]), reconfiguring
[    3.119268] pci 0000:00:02.0: bridge configuration invalid ([bus 00-00]), reconfiguring
[    3.127512] pci 0000:01:00.0: [8086:4232] type 00 class 0x028000
[    3.133627] pci 0000:01:00.0: reg 0x10: [mem 0x00000000-0x00001fff 64bit]
[    3.140610] pci 0000:01:00.0: PME# supported from D0 D3hot D3cold
[    3.161849] mmc1: new high speed SDHC card at address aaaa
[    3.168055] mmcblk1: mmc1:aaaa SD04G 3.69 GiB 
[    3.172869] PCI: bus1: Fast back to back transfers disabled
[    3.178470] pci_bus 0000:01: busn_res: [bus 01-ff] end is updated to 01
[    3.185331] pci 0000:02:00.0: [10ec:8168] type 00 class 0x020000
[    3.191379] pci 0000:02:00.0: reg 0x10: [io  0x0000-0x00ff]
[    3.197008] pci 0000:02:00.0: reg 0x18: [mem 0x00000000-0x00000fff 64bit]
[    3.203826] pci 0000:02:00.0: reg 0x20: [mem 0x00000000-0x00003fff 64bit pref]
[    3.211179] pci 0000:02:00.0: supports D1 D2
[    3.215463] pci 0000:02:00.0: PME# supported from D0 D1 D2 D3hot D3cold
[    3.235632]  mmcblk1: p1 p2 p3
[    3.252434] PCI: bus2: Fast back to back transfers disabled
[    3.258013] pci_bus 0000:02: busn_res: [bus 02-ff] end is updated to 02
[    3.264728] pci 0000:00:01.0: BAR 8: assigned [mem 0x13000000-0x130fffff]
[    3.271528] pci 0000:00:02.0: BAR 8: assigned [mem 0x13100000-0x131fffff]
[    3.278367] pci 0000:00:02.0: BAR 9: assigned [mem 0x20000000-0x200fffff 64bit pref]
[    3.286144] pci 0000:00:02.0: BAR 7: assigned [io  0x1000-0x1fff]
[    3.292241] pci 0000:01:00.0: BAR 0: assigned [mem 0x13000000-0x13001fff 64bit]
[    3.299590] pci 0000:00:01.0: PCI bridge to [bus 01]
[    3.304594] pci 0000:00:01.0:   bridge window [mem 0x13000000-0x130fffff]
[    3.311394] pci 0000:02:00.0: BAR 4: assigned [mem 0x20000000-0x20003fff 64bit pref]
[    3.319170] pci 0000:02:00.0: BAR 2: assigned [mem 0x13100000-0x13100fff 64bit]
[    3.326533] pci 0000:02:00.0: BAR 0: assigned [io  0x1000-0x10ff]
[    3.332649] pci 0000:00:02.0: PCI bridge to [bus 02]
[    3.337610] pci 0000:00:02.0:   bridge window [io  0x1000-0x1fff]
[    3.343740] pci 0000:00:02.0:   bridge window [mem 0x13100000-0x131fffff]
[    3.350524] pci 0000:00:02.0:   bridge window [mem 0x20000000-0x200fffff 64bit pref]
[    3.358309] pci 0000:00:01.0: nv_msi_ht_cap_quirk didn't locate host bridge
[    3.365446] pcieport 0000:00:01.0: enabling device (0140 -> 0142)
[    3.371778] pcieport 0000:00:01.0: Signaling PME with IRQ 394
[    3.377679] pci 0000:00:02.0: nv_msi_ht_cap_quirk didn't locate host bridge
[    3.384813] pcieport 0000:00:02.0: enabling device (0140 -> 0143)
[    3.391145] pcieport 0000:00:02.0: Signaling PME with IRQ 395
[    3.397257] r8169 Gigabit Ethernet driver 2.3LK-NAPI loaded
[    3.402898] r8169 0000:02:00.0: enabling device (0140 -> 0143)
[    3.433944] r8169 0000:02:00.0 eth0: RTL8168g/8111g at 0xf0b81000, 00:04:4b:3a:d9:81, XID 0c000800 IRQ 396
[    3.443618] r8169 0000:02:00.0 eth0: jumbo features [frames: 9200 bytes, tx checksumming: ko]
[    3.455999] +1.05V_RUN_AVDD_HDMI_PLL: supplied by +1.05V_RUN
[    3.464308] [drm] Supports vblank timestamp caching Rev 2 (21.10.2013).
[    3.470916] [drm] No driver support for vblank timestamp query.
[    3.600202] tegra-hdmi 54280000.hdmi: cannot set audio to 48000 Hz at 297000000 Hz pixel clock
[    3.846701] Console: switching to colour frame buffer device 512x135
[    3.945298] drm drm: fb0:  frame buffer device
[    3.949824] [drm] Initialized tegra 0.0.0 20120330 for drm on minor 0
[    3.957468] iommu: Adding device cpufreq-dt.0 to group 73
[    3.963250] cpufreq: cpufreq_online: CPU0: Running at unlisted freq: 696000 KHz
[    3.970564] cpufreq: cpufreq_online: CPU0: Unlisted initial frequency changed to: 714000 KHz
[    3.979787] input: gpio-keys as /devices/soc0/gpio-keys/input/input0
[    3.987087] as3722-rtc as3722-rtc: setting system clock to 2000-01-01 00:02:38 UTC (946684958)
[    3.996035] +USB0_VBUS_SW: disabling
[    3.999608] +1.8V_RUN_CAM: disabling
[    4.003422] +2.8V_RUN_CAM: disabling
[    4.007191] +1.2V_RUN_CAM_FRONT: disabling
[    4.011439] +1.05V_RUN_CAM_REAR: disabling
[    4.015775] +3.3V_RUN_TOUCH: disabling
[    4.019725] +2.8V_RUN_CAM_AF: disabling
[    4.023788] +1.8V_RUN_VPP_FUSE: disabling
[    4.028880] EXT4-fs (mmcblk0p1): mounting ext3 file system using the ext4 subsystem
[    4.052951] EXT4-fs (mmcblk0p1): recovery complete
[    4.057762] EXT4-fs (mmcblk0p1): mounted filesystem with ordered data mode. Opts: (null)
[    4.065985] VFS: Mounted root (ext3 filesystem) on device 179:1.
[    4.077456] devtmpfs: mounted
[    4.081718] Freeing unused kernel memory: 2048K
bash: cannot set terminal process group (-1): Inappropriate ioctl for device
bash: no job control in this shell
root@(none):/# mount -t sysfs none /sys
root@(none):/# 
root@(none):/# mount -t debugfs none /sys/kernel/debug
root@(none):/# 
root@(none):/# rtcwake -d rtc1 -m mem -s 3
rtcwake: assuming RTC uses UTC ...
rtcwake: wakeup from "mem" using /dev/rtc1 at Thu Jan  1 00:00:21 1970
[    7.364431] PM: suspend entry (deep)
[    7.368010] PM: Syncing filesystems ... done.
[    7.431669] Freezing user space processes ... (elapsed 0.001 seconds) done.
[    7.439711] OOM killer disabled.
[    7.442933] Freezing remaining freezable tasks ... (elapsed 0.001 seconds) done.
[    7.451586] Suspending console(s) (use no_console_suspend to debug)
