[    0.000000] Booting Linux on physical CPU 0x0
[    0.000000] Linux version 4.13.0-rc6-next-20170823-195720-gcc6d46b (jonathanh@kaivo) (gcc version 4.9.2 20140904 (prerelease) (crosstool-NG linaro-1.13.1-4.9-2014.09 - Linaro GCC 4.9-2014.09)) #1 SMP PREEMPT Mon Aug 28 05:01:23 PDT 2017
[    0.000000] Boot CPU: AArch64 Processor [411fd070]
[    0.000000] Machine model: linux,dummy-virt
[    0.000000] Memory limited to 1024MB
[    0.000000] efi: Getting EFI parameters from FDT:
[    0.000000] efi: UEFI not found.
[    0.000000] cma: Reserved 16 MiB at 0x000000007f000000
[    0.000000] NUMA: No NUMA configuration found
[    0.000000] NUMA: Faking a node at [mem 0x0000000000000000-0x000000007fffffff]
[    0.000000] NUMA: NODE_DATA [mem 0x7efeaf00-0x7efec9ff]
[    0.000000] Zone ranges:
[    0.000000]   DMA      [mem 0x0000000040000000-0x000000007fffffff]
[    0.000000]   Normal   empty
[    0.000000] Movable zone start for each node
[    0.000000] Early memory node ranges
[    0.000000]   node   0: [mem 0x0000000040000000-0x000000007fffffff]
[    0.000000] Initmem setup node 0 [mem 0x0000000040000000-0x000000007fffffff]
[    0.000000] psci: probing for conduit method from DT.
[    0.000000] psci: PSCIv0.2 detected in firmware.
[    0.000000] psci: Using standard PSCI v0.2 function IDs
[    0.000000] psci: Trusted OS migration not required
[    0.000000] random: fast init done
[    0.000000] percpu: Embedded 23 pages/cpu @ffff80003efd0000 s55552 r8192 d30464 u94208
[    0.000000] Detected PIPT I-cache on CPU0
[    0.000000] CPU features: enabling workaround for ARM erratum 832075
[    0.000000] CPU features: enabling workaround for ARM erratum 834220
[    0.000000] Built 1 zonelists, mobility grouping on.  Total pages: 258048
[    0.000000] Policy zone: DMA
[    0.000000] Kernel command line: root=/dev/vda2 rw rootwait mem=1024M console=ttyAMA0,38400n8 init=/bin/bash
[    0.000000] PID hash table entries: 4096 (order: 3, 32768 bytes)
[    0.000000] Memory: 998976K/1048576K available (9212K kernel code, 1142K rwdata, 4540K rodata, 1152K init, 402K bss, 33216K reserved, 16384K cma-reserved)
[    0.000000] Virtual kernel memory layout:
[    0.000000]     modules : 0xffff000000000000 - 0xffff000008000000   (   128 MB)
[    0.000000]     vmalloc : 0xffff000008000000 - 0xffff7dffbfff0000   (129022 GB)
[    0.000000]       .text : 0xffff000008080000 - 0xffff000008980000   (  9216 KB)
[    0.000000]     .rodata : 0xffff000008980000 - 0xffff000008e00000   (  4608 KB)
[    0.000000]       .init : 0xffff000008e00000 - 0xffff000008f20000   (  1152 KB)
[    0.000000]       .data : 0xffff000008f20000 - 0xffff00000903da00   (  1143 KB)
[    0.000000]        .bss : 0xffff00000903da00 - 0xffff0000090a23f0   (   403 KB)
[    0.000000]     fixed   : 0xffff7dfffe7fd000 - 0xffff7dfffec00000   (  4108 KB)
[    0.000000]     PCI I/O : 0xffff7dfffee00000 - 0xffff7dffffe00000   (    16 MB)
[    0.000000]     vmemmap : 0xffff7e0000000000 - 0xffff800000000000   (  2048 GB maximum)
[    0.000000]               0xffff7e0000000000 - 0xffff7e0001000000   (    16 MB actual)
[    0.000000]     memory  : 0xffff800000000000 - 0xffff800040000000   (  1024 MB)
[    0.000000] SLUB: HWalign=64, Order=0-3, MinObjects=0, CPUs=1, Nodes=1
[    0.000000] Preemptible hierarchical RCU implementation.
[    0.000000] 	RCU restricting CPUs from NR_CPUS=64 to nr_cpu_ids=1.
[    0.000000] 	Tasks RCU enabled.
[    0.000000] RCU: Adjusting geometry for rcu_fanout_leaf=16, nr_cpu_ids=1
[    0.000000] NR_IRQS: 64, nr_irqs: 64, preallocated irqs: 0
[    0.000000] GICv2m: range[mem 0x08020000-0x08020fff], SPI[80:143]
[    0.000000] arch_timer: cp15 timer(s) running at 62.50MHz (virt).
[    0.000000] clocksource: arch_sys_counter: mask: 0xffffffffffffff max_cycles: 0x1cd42e208c, max_idle_ns: 881590405314 ns
[    0.000181] sched_clock: 56 bits at 62MHz, resolution 16ns, wraps every 4398046511096ns
[    0.008104] Console: colour dummy device 80x25
[    0.009471] Calibrating delay loop (skipped), value calculated using timer frequency.. 125.00 BogoMIPS (lpj=250000)
[    0.009669] pid_max: default: 32768 minimum: 301
[    0.011155] Security Framework initialized
[    0.013452] Dentry cache hash table entries: 131072 (order: 8, 1048576 bytes)
[    0.014740] Inode-cache hash table entries: 65536 (order: 7, 524288 bytes)
[    0.014980] Mount-cache hash table entries: 2048 (order: 2, 16384 bytes)
[    0.015077] Mountpoint-cache hash table entries: 2048 (order: 2, 16384 bytes)
[    0.058672] ASID allocator initialised with 65536 entries
[    0.066536] Hierarchical SRCU implementation.
[    0.084514] EFI services will not be available.
[    0.092273] smp: Bringing up secondary CPUs ...
[    0.092392] smp: Brought up 1 node, 1 CPU
[    0.092439] SMP: Total of 1 processors activated.
[    0.092567] CPU features: detected feature: 32-bit EL0 Support
[    0.094002] CPU: All CPU(s) started at EL1
[    0.094715] alternatives: patching kernel code
[    0.120577] devtmpfs: initialized
[    0.140308] clocksource: jiffies: mask: 0xffffffff max_cycles: 0xffffffff, max_idle_ns: 7645041785100000 ns
[    0.140503] futex hash table entries: 256 (order: 3, 32768 bytes)
[    0.152798] pinctrl core: initialized pinctrl subsystem
[    0.184065] DMI not present or invalid.
[    0.191771] NET: Registered protocol family 16
[    0.215191] cpuidle: using governor menu
[    0.217322] vdso: 2 pages (1 code @ ffff000008986000, 1 data @ ffff000008f25000)
[    0.218579] hw-breakpoint: found 6 breakpoint and 4 watchpoint registers.
[    0.227629] DMA: preallocated 256 KiB pool for atomic allocations
[    0.234365] Serial: AMBA PL011 UART driver
[    0.307939] 9000000.pl011: ttyAMA0 at MMIO 0x9000000 (irq = 39, base_baud = 0) is a PL011 rev1
[    0.338115] console [ttyAMA0] enabled
[    0.572733] HugeTLB registered 2.00 MiB page size, pre-allocated 0 pages
[    0.594590] ACPI: Interpreter disabled.
[    0.610346] vgaarb: loaded
[    0.614361] SCSI subsystem initialized
[    0.630954] usbcore: registered new interface driver usbfs
[    0.632292] usbcore: registered new interface driver hub
[    0.633849] usbcore: registered new device driver usb
[    0.644396] pps_core: LinuxPPS API ver. 1 registered
[    0.644707] pps_core: Software ver. 5.3.6 - Copyright 2005-2007 Rodolfo Giometti <giometti@linux.it>
[    0.646465] PTP clock support registered
[    0.648539] EDAC MC: Ver: 3.0.0
[    0.655307] dmi: Firmware registration failed.
[    0.659506] Advanced Linux Sound Architecture Driver Initialized.
[    0.676608] clocksource: Switched to clocksource arch_sys_counter
[    0.677945] VFS: Disk quotas dquot_6.6.0
[    0.678496] VFS: Dquot-cache hash table entries: 512 (order 0, 4096 bytes)
[    0.683162] pnp: PnP ACPI: disabled
[    0.765912] NET: Registered protocol family 2
[    0.773646] TCP established hash table entries: 8192 (order: 4, 65536 bytes)
[    0.774490] TCP bind hash table entries: 8192 (order: 5, 131072 bytes)
[    0.775141] TCP: Hash tables configured (established 8192 bind 8192)
[    0.777206] UDP hash table entries: 512 (order: 2, 16384 bytes)
[    0.777789] UDP-Lite hash table entries: 512 (order: 2, 16384 bytes)
[    0.779871] NET: Registered protocol family 1
[    0.793837] RPC: Registered named UNIX socket transport module.
[    0.794473] RPC: Registered udp transport module.
[    0.794901] RPC: Registered tcp transport module.
[    0.795403] RPC: Registered tcp NFSv4.1 backchannel transport module.
[    0.817421] hw perfevents: enabled with armv8_pmuv3 PMU driver, 1 counters available
[    0.819042] kvm [1]: HYP mode not available
[    0.840021] audit: initializing netlink subsys (disabled)
[    0.850046] audit: type=2000 audit(0.792:1): state=initialized audit_enabled=0 res=1
[    0.851406] workingset: timestamp_bits=44 max_order=18 bucket_order=0
[    0.931937] squashfs: version 4.0 (2009/01/31) Phillip Lougher
[    0.943774] NFS: Registering the id_resolver key type
[    0.945732] Key type id_resolver registered
[    0.945991] Key type id_legacy registered
[    0.946353] nfs4filelayout_init: NFSv4 File Layout Driver Registering...
[    0.948408] 9p: Installing v9fs 9p2000 file system support
[    0.970660] Block layer SCSI generic (bsg) driver version 0.4 loaded (major 246)
[    0.971225] io scheduler noop registered
[    0.973476] io scheduler cfq registered (default)
[    0.973780] io scheduler mq-deadline registered
[    0.974045] io scheduler kyber registered
[    1.031581] pl061_gpio 9030000.pl061: PL061 GPIO chip @0x0000000009030000 registered
[    1.047217] OF: PCI: host bridge /pcie@10000000 ranges:
[    1.047976] OF: PCI:    IO 0x3eff0000..0x3effffff -> 0x00000000
[    1.049594] OF: PCI:   MEM 0x10000000..0x3efeffff -> 0x10000000
[    1.049965] OF: PCI:   MEM 0x8000000000..0xffffffffff -> 0x8000000000
[    1.050974] pci-host-generic 3f000000.pcie: ECAM at [mem 0x3f000000-0x3fffffff] for [bus 00-0f]
[    1.053499] pci-host-generic 3f000000.pcie: PCI host bridge to bus 0000:00
[    1.054121] pci_bus 0000:00: root bus resource [bus 00-0f]
[    1.054516] pci_bus 0000:00: root bus resource [io  0x0000-0xffff]
[    1.054870] pci_bus 0000:00: root bus resource [mem 0x10000000-0x3efeffff]
[    1.055236] pci_bus 0000:00: root bus resource [mem 0x8000000000-0xffffffffff]
[    1.125243] Tegra Chip ID not yet available
[    1.125861] ------------[ cut here ]------------
[    1.126592] WARNING: CPU: 0 PID: 1 at drivers/soc/tegra/fuse/tegra-apbmisc.c:48 tegra_get_chip_id+0x30/0x3c
[    1.127112] Modules linked in:
[    1.127584] CPU: 0 PID: 1 Comm: swapper/0 Not tainted 4.13.0-rc6-next-20170823-195720-gcc6d46b #1
[    1.128019] Hardware name: linux,dummy-virt (DT)
[    1.128338] task: ffff80003d9d0000 task.stack: ffff000008028000
[    1.128731] PC is at tegra_get_chip_id+0x30/0x3c
[    1.129023] LR is at tegra_get_chip_id+0x30/0x3c
[    1.129300] pc : [<ffff0000084eb748>] lr : [<ffff0000084eb748>] pstate: 60000145
[    1.129712] sp : ffff00000802bd80
[    1.129954] x29: ffff00000802bd80 x28: ffff000008e880a0 
[    1.130338] x27: ffff000009042000 x26: ffff000008e00478 
[    1.130683] x25: ffff000008e88100 x24: ffff000009042000 
[    1.131016] x23: ffff000008debc48 x22: ffff000008e88070 
[    1.131354] x21: 0000000000000000 x20: ffff000008e3ca60 
[    1.131689] x19: ffff80003d13b680 x18: 0000000000000007 
[    1.132021] x17: 000000000000000e x16: 0000000000000001 
[    1.132354] x15: 0000000000000019 x14: 0000000000000033 
[    1.132694] x13: 000000000000004c x12: 0000000000000000 
[    1.133020] x11: 0000000000000095 x10: 0000000000000006 
[    1.133385] x9 : 0000000000000096 x8 : ffff000008545efc 
[    1.133723] x7 : 4920706968432061 x6 : ffff00000906ad60 
[    1.134050] x5 : 0000000000000000 x4 : 0000000000000000 
[    1.134399] x3 : ffffffffffffffff x2 : ffff000008f43658 
[    1.134756] x1 : ffff80003d9d0000 x0 : 000000000000001f 
[    1.135204] Call trace:
[    1.135567] Exception stack(0xffff00000802bc40 to 0xffff00000802bd80)
[    1.136038] bc40: 000000000000001f ffff80003d9d0000 ffff000008f43658 ffffffffffffffff
[    1.136531] bc60: 0000000000000000 0000000000000000 ffff00000906ad60 4920706968432061
[    1.136969] bc80: ffff000008545efc 0000000000000096 0000000000000006 0000000000000095
[    1.137410] bca0: 0000000000000000 000000000000004c 0000000000000033 0000000000000019
[    1.137871] bcc0: 0000000000000001 000000000000000e 0000000000000007 ffff80003d13b680
[    1.138290] bce0: ffff000008e3ca60 0000000000000000 ffff000008e88070 ffff000008debc48
[    1.138766] bd00: ffff000009042000 ffff000008e88100 ffff000008e00478 ffff000009042000
[    1.139197] bd20: ffff000008e880a0 ffff00000802bd80 ffff0000084eb748 ffff00000802bd80
[    1.139631] bd40: ffff0000084eb748 0000000060000145 00000000ffffffff 0000000000000000
[    1.140053] bd60: ffffffffffffffff 00000000fffffffd ffff00000802bd80 ffff0000084eb748
[    1.140520] [<ffff0000084eb748>] tegra_get_chip_id+0x30/0x3c
[    1.140866] [<ffff000008e3c9f4>] tegra_soc_device_register+0x6c/0xd8
[    1.141234] [<ffff000008e3ca70>] tegra_init_soc+0x10/0x40
[    1.141568] [<ffff000008084144>] do_one_initcall+0x38/0x118
[    1.141897] [<ffff000008e00d18>] kernel_init_freeable+0x18c/0x228
[    1.142244] [<ffff00000896457c>] kernel_init+0x10/0xfc
[    1.142565] [<ffff000008085300>] ret_from_fork+0x10/0x20
[    1.143021] ---[ end trace a9fc52f35da37a65 ]---
[    1.210306] Serial: 8250/16550 driver, 4 ports, IRQ sharing enabled
[    1.231678] SuperH (H)SCI(F) driver initialized
[    1.235772] msm_serial: driver initialized
[    1.243970] cacheinfo: Unable to detect cache hierarchy for CPU 0
[    1.289921] loop: module loaded
[    1.332099]  vda: vda1 vda2
[    1.395182] libphy: Fixed MDIO Bus: probed
[    1.405864] tun: Universal TUN/TAP device driver, 1.6
[    1.426946] e1000e: Intel(R) PRO/1000 Network Driver - 3.2.6-k
[    1.427284] e1000e: Copyright(c) 1999 - 2015 Intel Corporation.
[    1.429126] igb: Intel(R) Gigabit Ethernet Network Driver - version 5.4.0-k
[    1.429534] igb: Copyright (c) 2007-2014 Intel Corporation.
[    1.430618] igbvf: Intel(R) Gigabit Virtual Function Network Driver - version 2.4.0-k
[    1.431041] igbvf: Copyright (c) 2009 - 2012 Intel Corporation.
[    1.435234] sky2: driver version 1.30
[    1.441910] VFIO - User Level meta-driver version: 0.3
[    1.464014] ehci_hcd: USB 2.0 'Enhanced' Host Controller (EHCI) Driver
[    1.465231] ehci-pci: EHCI PCI platform driver
[    1.466579] ehci-platform: EHCI generic platform driver
[    1.467791] ehci-orion: EHCI orion driver
[    1.469537] ehci-exynos: EHCI EXYNOS driver
[    1.470811] ehci-msm: Qualcomm On-Chip EHCI Host Controller
[    1.472322] ohci_hcd: USB 1.1 'Open' Host Controller (OHCI) Driver
[    1.473257] ohci-pci: OHCI PCI platform driver
[    1.474359] ohci-platform: OHCI generic platform driver
[    1.475588] ohci-exynos: OHCI EXYNOS driver
[    1.481697] usbcore: registered new interface driver usb-storage
[    1.512863] rtc-pl031 9010000.pl031: rtc core: registered pl031 as rtc0
[    1.520386] i2c /dev entries driver
[    1.560203] sdhci: Secure Digital Host Controller Interface driver
[    1.560994] sdhci: Copyright(c) Pierre Ossman
[    1.563892] Synopsys Designware Multimedia Card Interface Driver
[    1.573782] sdhci-pltfm: SDHCI platform and OF driver helper
[    1.586952] ledtrig-cpu: registered to indicate activity on CPUs
[    1.600937] usbcore: registered new interface driver usbhid
[    1.601239] usbhid: USB HID core driver
[    1.626518] NET: Registered protocol family 17
[    1.628164] 9pnet: Installing 9P2000 support
[    1.629414] Key type dns_resolver registered
[    1.634253] registered taskstats version 1
[    1.646200] input: gpio-keys as /devices/platform/gpio-keys/input/input0
[    1.650884] rtc-pl031 9010000.pl031: setting system clock to 2017-08-28 12:02:05 UTC (1503921725)
[    1.652401] ALSA device list:
[    1.653679]   No soundcards found.
[    1.657808] uart-pl011 9000000.pl011: no DMA platform data
[    1.665389] EXT4-fs (vda2): couldn't mount as ext3 due to feature incompatibilities
[    1.715166] EXT4-fs (vda2): recovery complete
[    1.716021] EXT4-fs (vda2): mounted filesystem with ordered data mode. Opts: (null)
[    1.717309] VFS: Mounted root (ext4 filesystem) on device 254:2.
[    1.720292] devtmpfs: mounted
