
U-Boot SPL 2016.05-rc2 (Apr 21 2016 - 16:23:00)
Trying to boot from RAM


U-Boot 2016.05-rc2 (Apr 21 2016 - 16:23:00 -0700)

TEGRA124
Model: NVIDIA Jetson TK1
Board: NVIDIA Jetson TK1
DRAM:  2 GiB
MC:   Tegra SD/MMC: 0, Tegra SD/MMC: 1
In:    serial
Out:   serial
Err:   serial
Net:   No ethernet found.
Hit any key to stop autoboot:  2  0 
Tegra124 (Jetson TK1) # 
Tegra124 (Jetson TK1) # pci enum
Tegra124 (Jetson TK1) # setenv bootargs 'ignore_loglevel console=ttyS0,115200n8 rw root=PARTUUID=b1791faa-84e8-4e27-83a1-9fb0a77e8803 rootwait gpt debug noinitrd earlyprintk init=/bin/bash'
Tegra124 (Jetson TK1) # setenv ipaddr 192.168.100.102; setenv serverip 192.168.100.1; setenv tftpserverip 192.168.100.1
Tegra124 (Jetson TK1) # tftpboot 0x82000000 zImage.multi_v7_defconfig

Warning: eth_rtl8169 using MAC address from ROM
Using eth_rtl8169 device
TFTP from server 192.168.100.1; our IP address is 192.168.100.102
Filename 'zImage.multi_v7_defconfig'.
Load address: 0x82000000
Loading: *#################################################################
	 #################################################################
	 #################################################################
	 #################################################################
	 #################################################################
	 #################################################################
	 #################################################################
	 #################################################
	 946.3 KiB/s
done
Bytes transferred = 7390496 (70c520 hex)
Tegra124 (Jetson TK1) # tftpboot 0x83000000 tegra124-jetson-tk1.dtb
Using eth_rtl8169 device
TFTP from server 192.168.100.1; our IP address is 192.168.100.102
Filename 'tegra124-jetson-tk1.dtb'.
Load address: 0x83000000
Loading: *#####
	 936.5 KiB/s
done
Bytes transferred = 67133 (1063d hex)
Tegra124 (Jetson TK1) # bootz 0x82000000 - 0x83000000
Kernel image @ 0x82000000 [ 0x000000 - 0x70c520 ]
## Flattened Device Tree blob at 83000000
   Booting using the fdt blob at 0x83000000
   Using Device Tree in place at 83000000, end 8301363c

Starting kernel ...

[    0.000000] Booting Linux on physical CPU 0x0
[    0.000000] Linux version 4.9.0-rc8-next-20161205-139470-gcef87e9 (pwalmsley@sellafield) (gcc version 4.7.3 20130328 (prerelease) (crosstool-NG linaro-1.13.1-4.7-2013.04-20130415 - Linaro GCC 2013.04) ) #1 SMP Tue Dec 6 04:18:15 PST 2016
[    0.000000] CPU: ARMv7 Processor [413fc0f3] revision 3 (ARMv7), cr=10c5387d
[    0.000000] CPU: div instructions available: patching division code
[    0.000000] CPU: PIPT / VIPT nonaliasing data cache, PIPT instruction cache
[    0.000000] OF: fdt:Machine model: NVIDIA Tegra124 Jetson TK1
[    0.000000] debug: ignoring loglevel setting.
[    0.000000] efi: Getting EFI parameters from FDT:
[    0.000000] efi: UEFI not found.
[    0.000000] cma: Reserved 64 MiB at 0xfb800000
[    0.000000] Memory policy: Data cache writealloc
[    0.000000] On node 0 totalpages: 524032
[    0.000000] free_area_init_node: node 0, pgdat c142a4c0, node_mem_map eeff8000
[    0.000000]   DMA zone: 1536 pages used for memmap
[    0.000000]   DMA zone: 0 pages reserved
[    0.000000]   DMA zone: 196608 pages, LIFO batch:31
[    0.000000]   HighMem zone: 327424 pages, LIFO batch:31
[    0.000000] percpu: Embedded 14 pages/cpu @eef8e000 s26176 r8192 d22976 u57344
[    0.000000] pcpu-alloc: s26176 r8192 d22976 u57344 alloc=14*4096
[    0.000000] pcpu-alloc: [0] 0 [0] 1 [0] 2 [0] 3 
[    0.000000] Built 1 zonelists in Zone order, mobility grouping on.  Total pages: 522496
[    0.000000] Kernel command line: ignore_loglevel console=ttyS0,115200n8 rw root=PARTUUID=b1791faa-84e8-4e27-83a1-9fb0a77e8803 rootwait gpt debug noinitrd earlyprintk init=/bin/bash
[    0.000000] PID hash table entries: 4096 (order: 2, 16384 bytes)
[    0.000000] Dentry cache hash table entries: 131072 (order: 7, 524288 bytes)
[    0.000000] Inode-cache hash table entries: 65536 (order: 6, 262144 bytes)
[    0.000000] Memory: 1994828K/2096128K available (9216K kernel code, 1199K rwdata, 4132K rodata, 2048K init, 472K bss, 35764K reserved, 65536K cma-reserved, 1244160K highmem)
[    0.000000] Virtual kernel memory layout:
[    0.000000]     vector  : 0xffff0000 - 0xffff1000   (   4 kB)
[    0.000000]     fixmap  : 0xffc00000 - 0xfff00000   (3072 kB)
[    0.000000]     vmalloc : 0xf0800000 - 0xff800000   ( 240 MB)
[    0.000000]     lowmem  : 0xc0000000 - 0xf0000000   ( 768 MB)
[    0.000000]     pkmap   : 0xbfe00000 - 0xc0000000   (   2 MB)
[    0.000000]     modules : 0xbf000000 - 0xbfe00000   (  14 MB)
[    0.000000]       .text : 0xc0208000 - 0xc0c00000   (10208 kB)
[    0.000000]       .init : 0xc1100000 - 0xc1300000   (2048 kB)
[    0.000000]       .data : 0xc1300000 - 0xc142bfc0   (1200 kB)
[    0.000000]        .bss : 0xc142d000 - 0xc14a3310   ( 473 kB)
[    0.000000] SLUB: HWalign=64, Order=0-3, MinObjects=0, CPUs=4, Nodes=1
[    0.000000] Hierarchical RCU implementation.
[    0.000000] 	Build-time adjustment of leaf fanout to 32.
[    0.000000] 	RCU restricting CPUs from NR_CPUS=16 to nr_cpu_ids=4.
[    0.000000] RCU: Adjusting geometry for rcu_fanout_leaf=32, nr_cpu_ids=4
[    0.000000] NR_IRQS:16 nr_irqs:16 16
[    0.000000] /interrupt-controller@60004000: 160 interrupts forwarded to /interrupt-controller@50041000
[    0.000000] Tegra clk 127: register failed with -17
[    0.000009] sched_clock: 32 bits at 1000kHz, resolution 1000ns, wraps every 2147483647500ns
[    0.000031] clocksource: timer_us: mask: 0xffffffff max_cycles: 0xffffffff, max_idle_ns: 1911260446275 ns
[    0.000045] Switching to timer-based delay loop, resolution 1000ns
[    0.004965] arm_arch_timer: Architected cp15 timer(s) running at 12.00MHz (virt).
[    0.004983] clocksource: arch_sys_counter: mask: 0xffffffffffffff max_cycles: 0x2c47f4ee7, max_idle_ns: 440795202497 ns
[    0.005001] sched_clock: 56 bits at 12MHz, resolution 83ns, wraps every 4398046511096ns
[    0.005013] Switching to timer-based delay loop, resolution 83ns
[    0.005456] Console: colour dummy device 80x30
[    0.005487] Calibrating delay loop (skipped), value calculated using timer frequency.. 24.00 BogoMIPS (lpj=120000)
[    0.005502] pid_max: default: 32768 minimum: 301
[    0.005604] Mount-cache hash table entries: 2048 (order: 1, 8192 bytes)
[    0.005615] Mountpoint-cache hash table entries: 2048 (order: 1, 8192 bytes)
[    0.006201] CPU: Testing write buffer coherency: ok
[    0.006454] /cpus/cpu@0 missing clock-frequency property
[    0.006496] /cpus/cpu@1 missing clock-frequency property
[    0.006537] /cpus/cpu@2 missing clock-frequency property
[    0.006581] /cpus/cpu@3 missing clock-frequency property
[    0.006593] CPU0: thread -1, cpu 0, socket 0, mpidr 80000000
[    0.006830] Setting up static identity map for 0x80300000 - 0x80300098
[    0.010350] Tegra Revision: A01 SKU: 129 CPU Process: 1 SoC Process: 1
[    0.010986] EFI services will not be available.
[    0.011213] smp: Bringing up secondary CPUs ...
[    0.011734] CPU1: thread -1, cpu 1, socket 0, mpidr 80000001
[    0.015141] CPU2: thread -1, cpu 2, socket 0, mpidr 80000002
[    0.025132] CPU3: thread -1, cpu 3, socket 0, mpidr 80000003
[    0.034653] smp: Brought up 1 node, 4 CPUs
[    0.034672] SMP: Total of 4 processors activated (96.00 BogoMIPS).
[    0.034679] CPU: All CPU(s) started in SVC mode.
[    0.036161] devtmpfs: initialized
[    0.056838] VFP support v0.3: implementor 41 architecture 4 part 30 variant f rev 0
[    0.057285] clocksource: jiffies: mask: 0xffffffff max_cycles: 0xffffffff, max_idle_ns: 19112604462750000 ns
[    0.058649] pinctrl core: initialized pinctrl subsystem
[    0.060486] NET: Registered protocol family 16
[    0.062440] DMA: preallocated 256 KiB pool for atomic coherent allocations
[    0.065011] cpuidle: using governor menu
[    0.096453] No ATAGs?
[    0.096584] hw-breakpoint: found 5 (+1 reserved) breakpoint and 4 watchpoint registers.
[    0.096595] hw-breakpoint: maximum watchpoint size is 8 bytes.
[    0.103395] Serial: AMBA PL011 UART driver
[    0.121583] +5V_SYS: supplied by +VDD_MUX
[    0.121900] +3.3V_SYS: supplied by +VDD_MUX
[    0.122567] +USB0_VBUS_SW: Failed to request enable GPIO108: -517
[    0.122582] reg-fixed-voltage regulators:regulator@7: Failed to register regulator: -517
[    0.122672] +5V_USB_HS: Failed to request enable GPIO109: -517
[    0.122685] reg-fixed-voltage regulators:regulator@8: Failed to register regulator: -517
[    0.122851] +1.05V_RUN_AVDD_HDMI_PLL: Failed to request enable GPIO63: -517
[    0.122864] reg-fixed-voltage regulators:regulator@11: Failed to register regulator: -517
[    0.122949] +5V_HDMI_CON: Failed to request enable GPIO86: -517
[    0.122962] reg-fixed-voltage regulators:regulator@12: Failed to register regulator: -517
[    0.123046] +5V_SATA: Failed to request enable GPIO242: -517
[    0.123058] reg-fixed-voltage regulators:regulator@13: Failed to register regulator: -517
[    0.123143] +12V_SATA: Failed to request enable GPIO242: -517
[    0.123155] reg-fixed-voltage regulators:regulator@14: Failed to register regulator: -517
[    0.126537] vgaarb: loaded
[    0.127390] SCSI subsystem initialized
[    0.127553] libata version 3.00 loaded.
[    0.127834] usbcore: registered new interface driver usbfs
[    0.127905] usbcore: registered new interface driver hub
[    0.127976] usbcore: registered new device driver usb
[    0.131614] pps_core: LinuxPPS API ver. 1 registered
[    0.131623] pps_core: Software ver. 5.3.6 - Copyright 2005-2007 Rodolfo Giometti <giometti@linux.it>
[    0.131654] PTP clock support registered
[    0.131848] EDAC MC: Ver: 3.0.0
[    0.135034] clocksource: Switched to clocksource arch_sys_counter
[    0.146154] NET: Registered protocol family 2
[    0.146675] TCP established hash table entries: 8192 (order: 3, 32768 bytes)
[    0.146773] TCP bind hash table entries: 8192 (order: 4, 65536 bytes)
[    0.146960] TCP: Hash tables configured (established 8192 bind 8192)
[    0.147017] UDP hash table entries: 512 (order: 2, 16384 bytes)
[    0.147058] UDP-Lite hash table entries: 512 (order: 2, 16384 bytes)
[    0.147209] NET: Registered protocol family 1
[    0.147526] RPC: Registered named UNIX socket transport module.
[    0.147536] RPC: Registered udp transport module.
[    0.147543] RPC: Registered tcp transport module.
[    0.147550] RPC: Registered tcp NFSv4.1 backchannel transport module.
[    0.147560] PCI: CLS 0 bytes, default 64
[    0.148781] hw perfevents: enabled with armv7_cortex_a15 PMU driver, 7 counters available
[    0.150274] futex hash table entries: 1024 (order: 4, 65536 bytes)
[    0.151032] workingset: timestamp_bits=30 max_order=19 bucket_order=0
[    0.162155] squashfs: version 4.0 (2009/01/31) Phillip Lougher
[    0.162984] NFS: Registering the id_resolver key type
[    0.163005] Key type id_resolver registered
[    0.163013] Key type id_legacy registered
[    0.163060] ntfs: driver 2.1.32 [Flags: R/O].
[    0.164678] bounce: pool size: 64 pages
[    0.164880] Block layer SCSI generic (bsg) driver version 0.4 loaded (major 248)
[    0.164890] io scheduler noop registered
[    0.164898] io scheduler deadline registered
[    0.165122] io scheduler cfq registered (default)
[    0.170407] usb2-0 supply vbus not found, using dummy regulator
[    0.170538] usb2-1 supply vbus not found, using dummy regulator
[    0.170945] tegra-xusb-padctl 7009f000.padctl: failed to setup XUSB ports: -517
[    0.187737] tegra-pcie 1003000.pcie-controller: 2x1, 1x1 configuration
[    0.187790] tegra-pcie 1003000.pcie-controller: Failed to get supply 'avddio-pex': -517
[    0.193848] tegra124-dfll 70110000.clock: couldn't get vdd_cpu regulator
[    0.202288] tegra-apbdma 60020000.dma: Tegra20 APB DMA driver register 32 channels
[    0.204366] tegra-pmc 7000e400.pmc: emergency thermal reset enabled
[    0.266406] Serial: 8250/16550 driver, 4 ports, IRQ sharing disabled
[    0.269401] console [ttyS0] disabled
[    0.269437] 70006300.serial: ttyS0 at MMIO 0x70006300 (irq = 335, base_baud = 25500000) is a Tegra
[    1.147869] console [ttyS0] enabled
[    1.152237] SuperH (H)SCI(F) driver initialized
[    1.157833] msm_serial: driver initialized
[    1.162117] STMicroelectronics ASC driver initialized
[    1.168077] 70006000.serial: ttyTHS1 at MMIO 0x70006000 (irq = 333, base_baud = 0) is a TEGRA_UART
[    1.177387] 70006040.serial: ttyTHS2 at MMIO 0x70006040 (irq = 334, base_baud = 0) is a TEGRA_UART
[    1.189764] [drm] Initialized
[    1.195949] tegra-hdmi 54280000.hdmi: failed to get HDMI regulator
[    1.216201] brd: module loaded
[    1.225648] loop: module loaded
[    1.230027] at24 0-0056: 256 byte 24c02 EEPROM, writable, 8 bytes/write
[    1.238370] as3722 4-0040: AS3722 with revision 0x1 found
[    1.250503] as3722-sd2: supplied by +5V_SYS
[    1.255221] as3722-sd3: supplied by +5V_SYS
[    1.259616] +1.35V_LP0(sd3): Bringing 0uV into 1350000-1350000uV
[    1.266006] as3722-sd4: supplied by +5V_SYS
[    1.270625] as3722-sd5: supplied by +5V_SYS
[    1.276711] as3722-ldo0: supplied by +1.35V_LP0(sd2)
[    1.282785] +1.8V_RUN_CAM: Bringing 0uV into 1800000-1800000uV
[    1.289037] as3722-ldo2: supplied by +1.8V_VDDIO
[    1.294961] as3722-ldo3: supplied by +3.3V_SYS
[    1.299461] +1.05V_LP0_VDD_RTC: Bringing 1100000uV into 1000000-1000000uV
[    1.307278] as3722-ldo4: supplied by +3.3V_SYS
[    1.311934] +2.8V_RUN_CAM: Bringing 0uV into 2800000-2800000uV
[    1.318205] as3722-ldo5: supplied by +1.8V_VDDIO
[    1.323031] +1.2V_RUN_CAM_FRONT: Bringing 0uV into 1200000-1200000uV
[    1.329998] +VDDIO_SDMMC3: bypassed regulator has no supply!
[    1.335670] +VDDIO_SDMMC3: failed to get the current voltage(-517)
[    1.341845] as3722-regulator as3722-regulator: regulator 13 register failed -517
[    1.354598] tegra-ahci 70027000.sata: couldn't get PHY in node sata: -517
[    1.374426] random: fast init done
[    1.377993] m25p80 spi32765.0: w25q32dw (4096 Kbytes)
[    1.386292] libphy: Fixed MDIO Bus: probed
[    1.391551] CAN device driver interface
[    1.396453] bgmac_bcma: Broadcom 47xx GBit MAC driver loaded
[    1.403454] e1000e: Intel(R) PRO/1000 Network Driver - 3.2.6-k
[    1.409296] e1000e: Copyright(c) 1999 - 2015 Intel Corporation.
[    1.415280] igb: Intel(R) Gigabit Ethernet Network Driver - version 5.4.0-k
[    1.422228] igb: Copyright (c) 2007-2014 Intel Corporation.
[    1.431552] pegasus: v0.9.3 (2013/04/25), Pegasus/Pegasus II USB Ethernet driver
[    1.439005] usbcore: registered new interface driver pegasus
[    1.444716] usbcore: registered new interface driver asix
[    1.450167] usbcore: registered new interface driver ax88179_178a
[    1.456307] usbcore: registered new interface driver cdc_ether
[    1.462188] usbcore: registered new interface driver smsc75xx
[    1.468001] usbcore: registered new interface driver smsc95xx
[    1.473777] usbcore: registered new interface driver net1080
[    1.479485] usbcore: registered new interface driver cdc_subset
[    1.485459] usbcore: registered new interface driver zaurus
[    1.491083] usbcore: registered new interface driver cdc_ncm
[    1.496971] tegra-phy 7d004000.usb-phy: no vbus regulator
[    1.504442] ehci_hcd: USB 2.0 'Enhanced' Host Controller (EHCI) Driver
[    1.510979] ehci-pci: EHCI PCI platform driver
[    1.515476] ehci-platform: EHCI generic platform driver
[    1.520918] ehci-orion: EHCI orion driver
[    1.525088] SPEAr-ehci: EHCI SPEAr driver
[    1.529243] ehci-st: EHCI STMicroelectronics driver
[    1.534264] ehci-exynos: EHCI EXYNOS driver
[    1.538631] ehci-atmel: EHCI Atmel driver
[    1.542782] tegra-ehci: Tegra EHCI driver
[    1.549645] tegra-ehci 7d004000.usb: EHCI Host Controller
[    1.555077] tegra-ehci 7d004000.usb: new USB bus registered, assigned bus number 1
[    1.562854] tegra-ehci 7d004000.usb: irq 354, io mem 0x7d004000
[    1.595055] tegra-ehci 7d004000.usb: USB 2.0 started, EHCI 1.10
[    1.601828] hub 1-0:1.0: USB hub found
[    1.605644] hub 1-0:1.0: 1 port detected
[    1.610183] ohci_hcd: USB 1.1 'Open' Host Controller (OHCI) Driver
[    1.616383] ohci-pci: OHCI PCI platform driver
[    1.620870] ohci-platform: OHCI generic platform driver
[    1.626294] ohci-omap3: OHCI OMAP3 driver
[    1.630447] SPEAr-ohci: OHCI SPEAr driver
[    1.634603] ohci-st: OHCI STMicroelectronics driver
[    1.639646] ohci-atmel: OHCI Atmel driver
[    1.644477] usbcore: registered new interface driver usb-storage
[    1.652186] mousedev: PS/2 mouse device common for all mice
[    1.661083] as3722-rtc as3722-rtc: rtc core: registered as3722-rtc as rtc0
[    1.667970] as3722-rtc as3722-rtc: RTC interrupt 377
[    1.676353] tegra_rtc 7000e000.rtc: rtc core: registered 7000e000.rtc as rtc1
[    1.683524] tegra_rtc 7000e000.rtc: Tegra internal Real Time Clock
[    1.690307] i2c /dev entries driver
[    1.700997] 0-004c supply vcc not found, using dummy regulator
[    1.716961] sdhci: Secure Digital Host Controller Interface driver
[    1.723132] sdhci: Copyright(c) Pierre Ossman
[    1.729193] Synopsys Designware Multimedia Card Interface Driver
[    1.736423] sdhci-pltfm: SDHCI platform and OF driver helper
[    1.742865] sdhci-tegra 700b0400.sdhci: Got CD GPIO
[    1.747775] sdhci-tegra 700b0400.sdhci: Got WP GPIO
[    1.752906] mmc0: Unknown controller version (3). You may experience problems.
[    1.760214] mmc0: Invalid maximum block size, assuming 512 bytes
[    1.825057] mmc0: SDHCI controller on 700b0600.sdhci [700b0600.sdhci] using ADMA
[    1.834465] ledtrig-cpu: registered to indicate activity on CPUs
[    1.840826] usbcore: registered new interface driver usbhid
[    1.846409] usbhid: USB HID core driver
[    1.854345] NET: Registered protocol family 10
[    1.859716] Segment Routing with IPv6
[    1.863422] sit: IPv6, IPv4 and MPLS over IPv4 tunneling driver
[    1.870035] NET: Registered protocol family 17
[    1.874482] can: controller area network core (rev 20120528 abi 9)
[    1.880735] NET: Registered protocol family 29
[    1.885192] can: raw protocol (rev 20120528)
[    1.889455] can: broadcast manager protocol (rev 20161123 t)
[    1.895126] can: netlink gateway (rev 20130117) max_hops=1
[    1.900968] Key type dns_resolver registered
[    1.905904] ThumbEE CPU extension supported.
[    1.910174] Registering SWP/SWPB emulation handler
[    1.933125] +3.3V_RUN: supplied by +3.3V_SYS
[    1.938641] +3.3V_AVDD_HDMI_AP_GATED: supplied by +3.3V_RUN
[    1.944738] +USB0_VBUS_SW: supplied by +5V_SYS
[    1.949972] +5V_USB_HS: supplied by +5V_SYS
[    1.955994] +3.3V_LP0: supplied by +3.3V_SYS
[    1.963114] +5V_HDMI_CON: supplied by +5V_SYS
[    1.968323] +5V_SATA: supplied by +5V_SYS
[    1.972887] +12V_SATA: supplied by +VDD_MUX
[    1.978805] usb2-0 supply vbus not found, using dummy regulator
[    1.984838] usb2-1 supply vbus not found, using dummy regulator
[    1.991152] usb3-0 supply vbus not found, using dummy regulator
[    2.004382] tegra-pcie 1003000.pcie-controller: 2x1, 1x1 configuration
[    2.011024] tegra-pcie 1003000.pcie-controller: Failed to get supply 'avddio-pex': -517
[    2.022075] tegra124-dfll 70110000.clock: couldn't get vdd_cpu regulator
[    2.032203] tegra-hdmi 54280000.hdmi: failed to get PLL regulator
[    2.043548] as3722-sd2: supplied by +5V_SYS
[    2.048098] as3722-sd3: supplied by +5V_SYS
[    2.052554] as3722-sd4: supplied by +5V_SYS
[    2.057107] +1.05V_RUN_AVDD_HDMI_PLL: supplied by +1.05V_RUN
[    2.062853] as3722-sd5: supplied by +5V_SYS
[    2.069168] as3722-ldo0: supplied by +1.35V_LP0(sd2)
[    2.076489] as3722-ldo1: supplied by +3.3V_RUN
[    2.081310] as3722-ldo2: supplied by +1.8V_VDDIO
[    2.087059] as3722-ldo3: supplied by +3.3V_SYS
[    2.092479] as3722-ldo4: supplied by +3.3V_SYS
[    2.097332] as3722-ldo5: supplied by +1.8V_VDDIO
[    2.102325] as3722-ldo6: supplied by +3.3V_RUN
[    2.107171] as3722-ldo7: supplied by +1.8V_VDDIO
[    2.112308] +1.05V_RUN_CAM_REAR: Bringing 0uV into 1050000-1050000uV
[    2.119316] as3722-ldo9: supplied by +5V_SYS
[    2.125724] +3.3V_RUN_TOUCH: Bringing 0uV into 2800000-2800000uV
[    2.132371] as3722-ldo10: supplied by +5V_SYS
[    2.137355] +2.8V_RUN_CAM_AF: Bringing 0uV into 2800000-2800000uV
[    2.144045] as3722-ldo11: supplied by +3.3V_RUN
[    2.149104] mmc0: new high speed MMC card at address 0001
[    2.155462] +1.8V_RUN_VPP_FUSE: Bringing 0uV into 1800000-1800000uV
[    2.161808] mmcblk0: mmc0:0001 SEM16G 14.7 GiB 
[    2.168725] mmcblk0boot0: mmc0:0001 SEM16G partition 1 4.00 MiB
[    2.175447] mmcblk0boot1: mmc0:0001 SEM16G partition 2 4.00 MiB
[    2.181876] tegra-ahci 70027000.sata: AHCI 0001.0301 32 slots 2 ports 3 Gbps 0x1 impl platform mode
[    2.190985] tegra-ahci 70027000.sata: flags: 64bit ncq sntf pm led pio slum part sadm sds apst 
[    2.201285] mmcblk0rpmb: mmc0:0001 SEM16G partition 3 4.00 MiB
[    2.208236] scsi host0: tegra-ahci
[    2.213050]  mmcblk0: p1
[    2.215862] scsi host1: tegra-ahci
[    2.219616] ata1: SATA max UDMA/133 mmio [mem 0x70027000-0x70028fff] port 0x100 irq 345
[    2.227657] ata2: DUMMY
[    2.233421] tegra-ehci 7d008000.usb: EHCI Host Controller
[    2.238889] tegra-ehci 7d008000.usb: new USB bus registered, assigned bus number 2
[    2.248173] tegra-ehci 7d008000.usb: irq 355, io mem 0x7d008000
[    2.275164] tegra-ehci 7d008000.usb: USB 2.0 started, EHCI 1.10
[    2.282104] hub 2-0:1.0: USB hub found
[    2.285965] hub 2-0:1.0: 1 port detected
[    2.292465] sdhci-tegra 700b0400.sdhci: Got CD GPIO
[    2.297422] sdhci-tegra 700b0400.sdhci: Got WP GPIO
[    2.302505] mmc1: Unknown controller version (3). You may experience problems.
[    2.309845] mmc1: Invalid maximum block size, assuming 512 bytes
[    2.375601] mmc1: SDHCI controller on 700b0400.sdhci [700b0400.sdhci] using ADMA
[    2.383719] tegra-pcie 1003000.pcie-controller: 2x1, 1x1 configuration
[    2.392087] tegra-pcie 1003000.pcie-controller: probing port 0, using 2 lanes
[    2.401467] tegra-pcie 1003000.pcie-controller: Slot present pin change, signature: 00000008
[    2.425972] tegra-pcie 1003000.pcie-controller: probing port 1, using 1 lanes
[    2.435187] tegra-pcie 1003000.pcie-controller: Slot present pin change, signature: 00000000
[    2.449530] tegra-pcie 1003000.pcie-controller: PCI host bridge to bus 0000:00
[    2.456797] pci_bus 0000:00: root bus resource [io  0x0000-0xffff]
[    2.462985] pci_bus 0000:00: root bus resource [mem 0x13000000-0x1fffffff]
[    2.469892] pci_bus 0000:00: root bus resource [mem 0x20000000-0x3fffffff pref]
[    2.477243] pci_bus 0000:00: root bus resource [bus 00-ff]
[    2.482778] pci 0000:00:01.0: [10de:0e12] type 01 class 0x060400
[    2.488951] pci 0000:00:01.0: PME# supported from D0 D1 D2 D3hot D3cold
[    2.495967] pci 0000:00:02.0: [10de:0e13] type 01 class 0x060400
[    2.502091] pci 0000:00:02.0: PME# supported from D0 D1 D2 D3hot D3cold
[    2.509111] PCI: bus0: Fast back to back transfers disabled
[    2.514695] pci 0000:00:01.0: bridge configuration invalid ([bus 00-00]), reconfiguring
[    2.522733] pci 0000:00:02.0: bridge configuration invalid ([bus 00-00]), reconfiguring
[    2.531041] pci 0000:01:00.0: [8086:4232] type 00 class 0x028000
[    2.537134] pci 0000:01:00.0: reg 0x10: [mem 0x00000000-0x00001fff 64bit]
[    2.544130] pci 0000:01:00.0: PME# supported from D0 D3hot D3cold
[    2.558775] ata1: SATA link down (SStatus 0 SControl 300)
[    2.575225] PCI: bus1: Fast back to back transfers disabled
[    2.580825] pci_bus 0000:01: busn_res: [bus 01-ff] end is updated to 01
[    2.587745] pci 0000:02:00.0: [10ec:8168] type 00 class 0x020000
[    2.593778] pci 0000:02:00.0: reg 0x10: [io  0x0000-0x00ff]
[    2.599424] pci 0000:02:00.0: reg 0x18: [mem 0x00000000-0x00000fff 64bit]
[    2.606274] pci 0000:02:00.0: reg 0x20: [mem 0x00000000-0x00003fff 64bit pref]
[    2.613639] pci 0000:02:00.0: supports D1 D2
[    2.617923] pci 0000:02:00.0: PME# supported from D0 D1 D2 D3hot D3cold
[    2.645182] PCI: bus2: Fast back to back transfers disabled
[    2.650759] pci_bus 0000:02: busn_res: [bus 02-ff] end is updated to 02
[    2.657548] pci 0000:00:01.0: BAR 8: assigned [mem 0x13000000-0x130fffff]
[    2.664329] pci 0000:00:02.0: BAR 8: assigned [mem 0x13100000-0x131fffff]
[    2.671133] pci 0000:00:02.0: BAR 9: assigned [mem 0x20000000-0x200fffff 64bit pref]
[    2.678918] pci 0000:00:02.0: BAR 7: assigned [io  0x1000-0x1fff]
[    2.685030] pci 0000:01:00.0: BAR 0: assigned [mem 0x13000000-0x13001fff 64bit]
[    2.692355] pci 0000:00:01.0: PCI bridge to [bus 01]
[    2.697334] pci 0000:00:01.0:   bridge window [mem 0x13000000-0x130fffff]
[    2.704125] pci 0000:02:00.0: BAR 4: assigned [mem 0x20000000-0x20003fff 64bit pref]
[    2.711897] pci 0000:02:00.0: BAR 2: assigned [mem 0x13100000-0x13100fff 64bit]
[    2.719267] pci 0000:02:00.0: BAR 0: assigned [io  0x1000-0x10ff]
[    2.725377] pci 0000:00:02.0: PCI bridge to [bus 02]
[    2.730337] pci 0000:00:02.0:   bridge window [io  0x1000-0x1fff]
[    2.736443] pci 0000:00:02.0:   bridge window [mem 0x13100000-0x131fffff]
[    2.743236] pci 0000:00:02.0:   bridge window [mem 0x20000000-0x200fffff 64bit pref]
[    2.751039] pci 0000:00:01.0: nv_msi_ht_cap_quirk didn't locate host bridge
[    2.758117] pcieport 0000:00:01.0: enabling device (0140 -> 0142)
[    2.764486] pcieport 0000:00:01.0: Signaling PME through PCIe PME interrupt
[    2.771458] pci 0000:01:00.0: Signaling PME through PCIe PME interrupt
[    2.777999] pcie_pme 0000:00:01.0:pcie001: service driver pcie_pme loaded
[    2.784899] pci 0000:00:02.0: nv_msi_ht_cap_quirk didn't locate host bridge
[    2.791978] pcieport 0000:00:02.0: enabling device (0140 -> 0143)
[    2.798357] pcieport 0000:00:02.0: Signaling PME through PCIe PME interrupt
[    2.805329] pci 0000:02:00.0: Signaling PME through PCIe PME interrupt
[    2.811851] pcie_pme 0000:00:02.0:pcie001: service driver pcie_pme loaded
[    2.818921] r8169 Gigabit Ethernet driver 2.3LK-NAPI loaded
[    2.824504] r8169 0000:02:00.0: enabling device (0140 -> 0143)
[    2.846066] mmc1: new high speed SDHC card at address aaaa
[    2.852768] mmcblk1: mmc1:aaaa SD04G 3.69 GiB 
[    2.859599] r8169 0000:02:00.0 eth0: RTL8168g/8111g at 0xf0b4b000, 00:04:4b:3a:d9:81, XID 0c000800 IRQ 395
[    2.869307] r8169 0000:02:00.0 eth0: jumbo features [frames: 9200 bytes, tx checksumming: ko]
[    2.884818] [drm] Supports vblank timestamp caching Rev 2 (21.10.2013).
[    2.891472] [drm] No driver support for vblank timestamp query.
[    2.905619]  mmcblk1: p1 p2 p3
[    3.023450] tegra-hdmi 54280000.hdmi: cannot set audio to 48000 Hz at 297000000 Hz pixel clock
[    3.191179] Console: switching to colour frame buffer device 512x135
[    3.286383] drm drm: fb0:  frame buffer device
[    3.290936] [drm] Initialized tegra 0.0.0 20120330 on minor 0
[    3.298333] of: dev_pm_opp_of_cpumask_add_table: couldn't find opp table for cpu:0, -19
[    3.306373] cpufreq: cpufreq_online: CPU0: Running at unlisted freq: 696000 KHz
[    3.313682] cpufreq: cpufreq_online: CPU0: Unlisted initial frequency changed to: 714000 KHz
[    3.322972] input: gpio-keys as /devices/soc0/gpio-keys/input/input0
[    3.330271] as3722-rtc as3722-rtc: setting system clock to 2000-01-01 00:00:18 UTC (946684818)
[    3.339392] +USB0_VBUS_SW: disabling
[    3.342971] +1.8V_RUN_CAM: disabling
[    3.346812] +2.8V_RUN_CAM: disabling
[    3.350591] +1.2V_RUN_CAM_FRONT: disabling
[    3.354845] +1.05V_RUN_CAM_REAR: disabling
[    3.359177] +3.3V_RUN_TOUCH: disabling
[    3.363082] +2.8V_RUN_CAM_AF: disabling
[    3.367156] +1.8V_RUN_VPP_FUSE: disabling
[    3.372311] EXT4-fs (mmcblk0p1): mounting ext3 file system using the ext4 subsystem
[    3.415310] EXT4-fs (mmcblk0p1): recovery complete
[    3.421096] EXT4-fs (mmcblk0p1): mounted filesystem with ordered data mode. Opts: (null)
[    3.429213] VFS: Mounted root (ext3 filesystem) on device 179:1.
[    3.438919] devtmpfs: mounted
[    3.442598] Freeing unused kernel memory: 2048K
bash: cannot set terminal process group (-1): Inappropriate ioctl for device
bash: no job control in this shell
root@(none):/# 