EFI parameters from FDT:
[    0.000000] efi: UEFI not found.
[    0.000000] cma: Reserved 16 MiB at 0x00000000f5400000
[    0.000000] earlycon: uart0 at MMIO 0x0000000070006000 (options '115200n8')
[    0.000000] bootconsole [uart0] enabled
[    0.000000] NUMA: No NUMA configuration found
[    0.000000] NUMA: Faking a node at [mem 0x0000000000000000-0x000000013fffffff]
[    0.000000] NUMA: Adding memblock [0x80000000 - 0xf65fffff] on node 0
[    0.000000] NUMA: Adding memblock [0x100000000 - 0x13fffffff] on node 0
[    0.000000] NUMA: Initmem setup node 0 [mem 0x80000000-0x13fffffff]
[    0.000000] NUMA: NODE_DATA [mem 0x13ffa0c80-0x13ffa277f]
[    0.000000] Zone ranges:
[    0.000000]   DMA      [mem 0x0000000080000000-0x00000000ffffffff]
[    0.000000]   Normal   [mem 0x0000000100000000-0x000000013fffffff]
[    0.000000] Movable zone start for each node
[    0.000000] Early memory node ranges
[    0.000000]   node   0: [mem 0x0000000080000000-0x00000000f65fffff]
[    0.000000]   node   0: [mem 0x0000000100000000-0x000000013fffffff]
[    0.000000] Initmem setup node 0 [mem 0x0000000080000000-0x000000013fffffff]
[    0.000000] psci: probing for conduit method from DT.
[    0.000000] psci: PSCIv1.0 detected in firmware.
[    0.000000] psci: Using standard PSCI v0.2 function IDs
[    0.000000] psci: MIGRATE_INFO_UP_CPU reported invalid physical ID (0x80000000)
[    0.000000] percpu: Embedded 24 pages/cpu @ffff8000bff3d000 s59648 r8192 d30464 u98304
[    0.000000] Detected PIPT I-cache on CPU0
[    0.000000] CPU features: enabling workaround for ARM erratum 832075
[    0.000000] CPU features: enabling workaround for ARM erratum 834220
[    0.000000] Built 1 zonelists in Node order, mobility grouping on.  Total pages: 735336
[    0.000000] Policy zone: Normal
[    0.000000] Kernel command line: cros_secure vpr=0x08000000@0xf6800000 earlycon
[    0.000000] PID hash table entries: 4096 (order: 3, 32768 bytes)
[    0.000000] software IO TLB [mem 0xf1400000-0xf5400000] (64MB) mapped at [ffff800071400000-ffff8000753fffff]
[    0.000000] Memory: 2838516K/2988032K available (8892K kernel code, 1088K rwdata, 4332K rodata, 1088K init, 398K bss, 133132K reserved, 16384K cma-reserved)
[    0.000000] Virtual kernel memory layout:
[    0.000000]     modules : 0xffff000000000000 - 0xffff000008000000   (   128 MB)
[    0.000000]     vmalloc : 0xffff000008000000 - 0xffff7dffbfff0000   (129022 GB)
[    0.000000]       .text : 0xffff000008080000 - 0xffff000008930000   (  8896 KB)
[    0.000000]     .rodata : 0xffff000008930000 - 0xffff000008d70000   (  4352 KB)
[    0.000000]       .init : 0xffff000008d70000 - 0xffff000008e80000   (  1088 KB)
[    0.000000]       .data : 0xffff000008e80000 - 0xffff000008f90200   (  1089 KB)
[    0.000000]        .bss : 0xffff000008f90200 - 0xffff000008ff3b40   (   399 KB)
[    0.000000]     fixed   : 0xffff7dfffe7fd000 - 0xffff7dfffec00000   (  4108 KB)
[    0.000000]     PCI I/O : 0xffff7dfffee00000 - 0xffff7dffffe00000   (    16 MB)
[    0.000000]     vmemmap : 0xffff7e0000000000 - 0xffff800000000000   (  2048 GB maximum)
[    0.000000]               0xffff7e0000000000 - 0xffff7e0003000000   (    48 MB actual)
[    0.000000]     memory  : 0xffff800000000000 - 0xffff8000c0000000   (  3072 MB)
[    0.000000] SLUB: HWalign=64, Order=0-3, MinObjects=0, CPUs=4, Nodes=1
[    0.000000] Preemptible hierarchical RCU implementation.
[    0.000000] 	RCU restricting CPUs from NR_CPUS=64 to nr_cpu_ids=4.
[    0.000000] 	Tasks RCU enabled.
[    0.000000] RCU: Adjusting geometry for rcu_fanout_leaf=16, nr_cpu_ids=4
[    0.000000] NR_IRQS: 64, nr_irqs: 64, preallocated irqs: 0
[    0.000000] GIC: Using split EOI/Deactivate mode
[    0.000000] /interrupt-controller@60004000: 192 interrupts forwarded to /interrupt-controller@50041000
[    0.000000] boot misc0 0x0: expected 0x80000
[    0.000000]  (comparison mask = 0x400ffffb)
[    0.000000] boot misc2 0x1f720005: expected 0x1f720f05
[    0.000000]  (comparison mask = 0xffffff17)
[    0.000000] PLL_C already enabled. Postponing set full defaults
[    0.000000] PLL_DP already enabled. Postponing set full defaults
[    0.000000] boot misc0 0x0: expected 0x20
[    0.000000]  (comparison mask = 0x7ffffff)
[    0.000000] boot misc1 0x90000000: expected 0xc0000000
[    0.000000]  (comparison mask = 0xf8000000)
[    0.000000] boot misc2 0x0: expected 0xf400f0da
[    0.000000]  (comparison mask = 0xffffffff)
[    0.000000] boot misc3 0x8ca: expected 0x2004f400
[    0.000000]  (comparison mask = 0xffffffff)
[    0.000000] boot misc1 0x0: expected 0x20
[    0.000000]  (comparison mask = 0xffffff)
[    0.000000] PLL_X already enabled. Postponing set full defaults
[    0.000000] arch_timer: cp15 timer(s) running at 19.20MHz (phys).
[    0.000000] clocksource: arch_sys_counter: mask: 0xffffffffffffff max_cycles: 0x46d987e47, max_idle_ns: 440795202767 ns
[    0.000003] sched_clock: 56 bits at 19MHz, resolution 52ns, wraps every 4398046511078ns
[    0.008352] Console: colour dummy device 80x25
[    0.012923] console [tty0] enabled
[    0.016416] bootconsole [uart0] disabled
[    0.000000] Booting Linux on physical CPU 0x0
[    0.000000] Linux version 4.12.0-rc6-next-20170620-299116-gac1d73c (jonathanh@tamien) (gcc version 4.9.2 20140904 (prerelease) (crosstool-NG linaro-1.13.1-4.9-2014.09 - Linaro GCC 4.9-2014.09) ) #1 SMP PREEMPT Tue Jun 27 01:52:43 PDT 2017
[    0.000000] Boot CPU: AArch64 Processor [411fd071]
[    0.000000] Machine model: Google Pixel C
[    0.000000] efi: Getting EFI parameters from FDT:
[    0.000000] efi: UEFI not found.
[    0.000000] cma: Reserved 16 MiB at 0x00000000f5400000
[    0.000000] earlycon: uart0 at MMIO 0x0000000070006000 (options '115200n8')
[    0.000000] bootconsole [uart0] enabled
[    0.000000] NUMA: No NUMA configuration found
[    0.000000] NUMA: Faking a node at [mem 0x0000000000000000-0x000000013fffffff]
[    0.000000] NUMA: Adding memblock [0x80000000 - 0xf65fffff] on node 0
[    0.000000] NUMA: Adding memblock [0x100000000 - 0x13fffffff] on node 0
[    0.000000] NUMA: Initmem setup node 0 [mem 0x80000000-0x13fffffff]
[    0.000000] NUMA: NODE_DATA [mem 0x13ffa0c80-0x13ffa277f]
[    0.000000] Zone ranges:
[    0.000000]   DMA      [mem 0x0000000080000000-0x00000000ffffffff]
[    0.000000]   Normal   [mem 0x0000000100000000-0x000000013fffffff]
[    0.000000] Movable zone start for each node
[    0.000000] Early memory node ranges
[    0.000000]   node   0: [mem 0x0000000080000000-0x00000000f65fffff]
[    0.000000]   node   0: [mem 0x0000000100000000-0x000000013fffffff]
[    0.000000] Initmem setup node 0 [mem 0x0000000080000000-0x000000013fffffff]
[    0.000000] psci: probing for conduit method from DT.
[    0.000000] psci: PSCIv1.0 detected in firmware.
[    0.000000] psci: Using standard PSCI v0.2 function IDs
[    0.000000] psci: MIGRATE_INFO_UP_CPU reported invalid physical ID (0x80000000)
[    0.000000] percpu: Embedded 24 pages/cpu @ffff8000bff3d000 s59648 r8192 d30464 u98304
[    0.000000] Detected PIPT I-cache on CPU0
[    0.000000] CPU features: enabling workaround for ARM erratum 832075
[    0.000000] CPU features: enabling workaround for ARM erratum 834220
[    0.000000] Built 1 zonelists in Node order, mobility grouping on.  Total pages: 735336
[    0.000000] Policy zone: Normal
[    0.000000] Kernel command line: cros_secure vpr=0x08000000@0xf6800000 earlycon
[    0.000000] PID hash table entries: 4096 (order: 3, 32768 bytes)
[    0.000000] software IO TLB [mem 0xf1400000-0xf5400000] (64MB) mapped at [ffff800071400000-ffff8000753fffff]
[    0.000000] Memory: 2838516K/2988032K available (8892K kernel code, 1088K rwdata, 4332K rodata, 1088K init, 398K bss, 133132K reserved, 16384K cma-reserved)
[    0.000000] Virtual kernel memory layout:
[    0.000000]     modules : 0xffff000000000000 - 0xffff000008000000   (   128 MB)
[    0.000000]     vmalloc : 0xffff000008000000 - 0xffff7dffbfff0000   (129022 GB)
[    0.000000]       .text : 0xffff000008080000 - 0xffff000008930000   (  8896 KB)
[    0.000000]     .rodata : 0xffff000008930000 - 0xffff000008d70000   (  4352 KB)
[    0.000000]       .init : 0xffff000008d70000 - 0xffff000008e80000   (  1088 KB)
[    0.000000]       .data : 0xffff000008e80000 - 0xffff000008f90200   (  1089 KB)
[    0.000000]        .bss : 0xffff000008f90200 - 0xffff000008ff3b40   (   399 KB)
[    0.000000]     fixed   : 0xffff7dfffe7fd000 - 0xffff7dfffec00000   (  4108 KB)
[    0.000000]     PCI I/O : 0xffff7dfffee00000 - 0xffff7dffffe00000   (    16 MB)
[    0.000000]     vmemmap : 0xffff7e0000000000 - 0xffff800000000000   (  2048 GB maximum)
[    0.000000]               0xffff7e0000000000 - 0xffff7e0003000000   (    48 MB actual)
[    0.000000]     memory  : 0xffff800000000000 - 0xffff8000c0000000   (  3072 MB)
[    0.000000] SLUB: HWalign=64, Order=0-3, MinObjects=0, CPUs=4, Nodes=1
[    0.000000] Preemptible hierarchical RCU implementation.
[    0.000000] 	RCU restricting CPUs from NR_CPUS=64 to nr_cpu_ids=4.
[    0.000000] 	Tasks RCU enabled.
[    0.000000] RCU: Adjusting geometry for rcu_fanout_leaf=16, nr_cpu_ids=4
[    0.000000] NR_IRQS: 64, nr_irqs: 64, preallocated irqs: 0
[    0.000000] GIC: Using split EOI/Deactivate mode
[    0.000000] /interrupt-controller@60004000: 192 interrupts forwarded to /interrupt-controller@50041000
[    0.000000] boot misc0 0x0: expected 0x80000
[    0.000000]  (comparison mask = 0x400ffffb)
[    0.000000] boot misc2 0x1f720005: expected 0x1f720f05
[    0.000000]  (comparison mask = 0xffffff17)
[    0.000000] PLL_C already enabled. Postponing set full defaults
[    0.000000] PLL_DP already enabled. Postponing set full defaults
[    0.000000] boot misc0 0x0: expected 0x20
[    0.000000]  (comparison mask = 0x7ffffff)
[    0.000000] boot misc1 0x90000000: expected 0xc0000000
[    0.000000]  (comparison mask = 0xf8000000)
[    0.000000] boot misc2 0x0: expected 0xf400f0da
[    0.000000]  (comparison mask = 0xffffffff)
[    0.000000] boot misc3 0x8ca: expected 0x2004f400
[    0.000000]  (comparison mask = 0xffffffff)
[    0.000000] boot misc1 0x0: expected 0x20
[    0.000000]  (comparison mask = 0xffffff)
[    0.000000] PLL_X already enabled. Postponing set full defaults
[    0.000000] arch_timer: cp15 timer(s) running at 19.20MHz (phys).
[    0.000000] clocksource: arch_sys_counter: mask: 0xffffffffffffff max_cycles: 0x46d987e47, max_idle_ns: 440795202767 ns
[    0.000003] sched_clock: 56 bits at 19MHz, resolution 52ns, wraps every 4398046511078ns
[    0.008352] Console: colour dummy device 80x25
[    0.012923] console [tty0] enabled
[    0.016416] bootconsole [uart0] disabled
[    0.020479] Calibrating delay loop (skipped), value calculated using timer frequency.. 38.40 BogoMIPS (lpj=76800)
[    0.020493] pid_max: default: 32768 minimum: 301
[    0.020549] Security Framework initialized
[    0.022135] Dentry cache hash table entries: 524288 (order: 10, 4194304 bytes)
[    0.022930] Inode-cache hash table entries: 262144 (order: 9, 2097152 bytes)
[    0.022974] Mount-cache hash table entries: 8192 (order: 4, 65536 bytes)
[    0.023009] Mountpoint-cache hash table entries: 8192 (order: 4, 65536 bytes)
[    0.036503] ASID allocator initialised with 65536 entries
[    0.044497] Hierarchical SRCU implementation.
[    0.053250] Speedo Revision 4
[    0.053269] Tegra Revision: A02 SKU: 19 CPU Process: 0 SoC Process: 0
[    0.100653] random: crng_initialize+0x4c/0x118 get_random_bytes called with crng_init=0
[    0.100666] EFI services will not be available.
[    0.108579] smp: Bringing up secondary CPUs ...
[    0.136706] Detected PIPT I-cache on CPU1
[    0.136733] CPU1: Booted secondary processor [411fd071]
[    0.164730] Detected PIPT I-cache on CPU2
[    0.164748] CPU2: Booted secondary processor [411fd071]
[    0.192762] Detected PIPT I-cache on CPU3
[    0.192780] CPU3: Booted secondary processor [411fd071]
[    0.192814] smp: Brought up 1 node, 4 CPUs
[    0.192854] SMP: Total of 4 processors activated.
[    0.192867] CPU features: detected feature: 32-bit EL0 Support
[    0.192974] CPU: All CPU(s) started at EL2
[    0.192995] alternatives: patching kernel code
[    0.195713] devtmpfs: initialized
[    0.200786] clocksource: jiffies: mask: 0xffffffff max_cycles: 0xffffffff, max_idle_ns: 7645041785100000 ns
[    0.200837] futex hash table entries: 1024 (order: 5, 131072 bytes)
[    0.201132] pinctrl core: initialized pinctrl subsystem
[    0.202225] DMI not present or invalid.
[    0.202391] random: bucket_table_alloc+0x114/0x29c get_random_u32 called with crng_init=0
[    0.202451] NET: Registered protocol family 16
[    0.203545] cpuidle: using governor menu
[    0.203999] vdso: 2 pages (1 code @ ffff000008937000, 1 data @ ffff000008e85000)
[    0.204021] hw-breakpoint: found 6 breakpoint and 4 watchpoint registers.
[    0.204560] DMA: preallocated 256 KiB pool for atomic allocations
[    0.205589] Serial: AMBA PL011 UART driver
[    0.219258] HugeTLB registered 2.00 MiB page size, pre-allocated 0 pages
[    0.219816] ACPI: Interpreter disabled.
[    0.220201] PPLCD_VDD: Failed to request enable GPIO172: -517
[    0.220218] reg-fixed-voltage regulators:regulator@1: Failed to register regulator: -517
[    0.220535] PP1800_LCDIO: Failed to request enable GPIO171: -517
[    0.220549] reg-fixed-voltage regulators:regulator@5: Failed to register regulator: -517
[    0.220601] PP1800_CAM: Failed to request enable GPIO83: -517
[    0.220614] reg-fixed-voltage regulators:regulator@6: Failed to register regulator: -517
[    0.220915] vgaarb: loaded
[    0.221062] SCSI subsystem initialized
[    0.221302] usbcore: registered new interface driver usbfs
[    0.221336] usbcore: registered new interface driver hub
[    0.221384] usbcore: registered new device driver usb
[    0.222196] tegra-i2c 7000d100.i2c: could not find pctldev for node /host1x@50000000/dpaux@545c0000/pinmux-i2c, deferring probe
[    0.222279] pps_core: LinuxPPS API ver. 1 registered
[    0.222290] pps_core: Software ver. 5.3.6 - Copyright 2005-2007 Rodolfo Giometti <giometti@linux.it>
[    0.222314] PTP clock support registered
[    0.222460] dmi: Firmware registration failed.
[    0.222922] Advanced Linux Sound Architecture Driver Initialized.
[    0.223322] clocksource: Switched to clocksource arch_sys_counter
[    0.223412] VFS: Disk quotas dquot_6.6.0
[    0.223455] VFS: Dquot-cache hash table entries: 512 (order 0, 4096 bytes)
[    0.223587] pnp: PnP ACPI: disabled
[    0.227724] NET: Registered protocol family 2
[    0.227771] random: neigh_hash_alloc+0x6c/0xd0 get_random_u32 called with crng_init=0
[    0.228011] random: rt_genid_init+0x1c/0x34 get_random_u32 called with crng_init=0
[    0.228094] TCP established hash table entries: 32768 (order: 6, 262144 bytes)
[    0.228285] TCP bind hash table entries: 32768 (order: 7, 524288 bytes)
[    0.228487] TCP: Hash tables configured (established 32768 bind 32768)
[    0.228583] UDP hash table entries: 2048 (order: 4, 65536 bytes)
[    0.228622] UDP-Lite hash table entries: 2048 (order: 4, 65536 bytes)
[    0.228729] NET: Registered protocol family 1
[    0.228954] RPC: Registered named UNIX socket transport module.
[    0.228968] RPC: Registered udp transport module.
[    0.228978] RPC: Registered tcp transport module.
[    0.228988] RPC: Registered tcp NFSv4.1 backchannel transport module.
[    0.229092] Unpacking initramfs...
[    0.275377] Freeing initrd memory: 1280K
[    0.275716] kvm [1]: 8-bit VMID
[    0.275730] kvm [1]: IDMAP page: 80923000
[    0.275741] kvm [1]: HYP VA range: 800000000000:ffffffffffff
[    0.276314] kvm [1]: Hyp mode initialized successfully
[    0.276360] kvm [1]: vgic-v2@50044000
[    0.276430] kvm [1]: vgic interrupt IRQ1
[    0.276447] kvm [1]: virtual timer IRQ4
[    0.277782] audit: initializing netlink subsys (disabled)
[    0.277874] audit: type=2000 audit(0.266:1): state=initialized audit_enabled=0 res=1
[    0.278015] workingset: timestamp_bits=44 max_order=20 bucket_order=0
[    0.281662] squashfs: version 4.0 (2009/01/31) Phillip Lougher
[    0.282051] NFS: Registering the id_resolver key type
[    0.282077] random: key_alloc+0x208/0x484 get_random_bytes called with crng_init=0
[    0.282098] Key type id_resolver registered
[    0.282107] Key type id_legacy registered
[    0.282122] nfs4filelayout_init: NFSv4 File Layout Driver Registering...
[    0.282225] 9p: Installing v9fs 9p2000 file system support
[    0.283548] Block layer SCSI generic (bsg) driver version 0.4 loaded (major 247)
[    0.283568] io scheduler noop registered
[    0.283680] io scheduler cfq registered (default)
[    0.283692] io scheduler mq-deadline registered
[    0.283702] io scheduler kyber registered
[    0.284847]  usb3-0: usb3-0 supply vbus not found, using dummy regulator
[    0.293069] tegra-apbdma 60020000.dma: Tegra20 APB DMA driver register 32 channels
[    0.294025] tegra-pmc 7000e400.pmc: i2c-thermtrip node not found, emergency thermal reset disabled.
[    0.294227] xenfs: not registering filesystem on non-xen platform
[    0.296197] Serial: 8250/16550 driver, 4 ports, IRQ sharing enabled
[    0.297214] 70006000.serial: ttyS0 at MMIO 0x70006000 (irq = 314, base_baud = 25500000) is a Tegra
[    1.364007] console [ttyS0] enabled
[    1.367791] SuperH (H)SCI(F) driver initialized
[    1.372515] msm_serial: driver initialized
[    1.376952] cacheinfo: Unable to detect cache hierarchy for CPU 0
[    1.386339] loop: module loaded
[    1.393346] cros-ec-i2c 0-001e: Chrome EC device registered
[    1.399562] max77620 1-003c: PMIC Version OTP:0x35 and ES:0x8
[    1.407830] max77620-sd0: supplied by regulator-dummy
[    1.414024] max77620-sd1: supplied by regulator-dummy
[    1.420179] max77620-sd2: supplied by regulator-dummy
[    1.426281] max77620-sd3: supplied by regulator-dummy
[    1.432402] max77620-ldo0: supplied by regulator-dummy
[    1.438054] max77620-ldo1: supplied by regulator-dummy
[    1.443212] PP1200_RCAM: Bringing 1050000uV into 1200000-1200000uV
[    1.449795] max77620-ldo2: supplied by regulator-dummy
[    1.455480] max77620-ldo3: supplied by regulator-dummy
[    1.460650] PP2800L_RCAM: Bringing 3100000uV into 2800000-2800000uV
[    1.467328] max77620-ldo4: supplied by regulator-dummy
[    1.472479] PP1100_SOC_RTC: Bringing 1000000uV into 850000-850000uV
[    1.479272] max77620-ldo5: supplied by regulator-dummy
[    1.484424] PP2800L_FCAM: Bringing 3100000uV into 2800000-2800000uV
[    1.491084] random: fast init done
[    1.494499] max77620-ldo6: supplied by regulator-dummy
[    1.499664] PP_LDO6: Bringing 2800000uV into 1800000-1800000uV
[    1.505913] max77620-ldo7: supplied by regulator-dummy
[    1.511656] max77620-ldo8: supplied by regulator-dummy
[    1.518809] hisi_sas: driver version v1.6
[    1.524302] libphy: Fixed MDIO Bus: probed
[    1.528632] tun: Universal TUN/TAP device driver, 1.6
[    1.534251] e1000e: Intel(R) PRO/1000 Network Driver - 3.2.6-k
[    1.540085] e1000e: Copyright(c) 1999 - 2015 Intel Corporation.
[    1.546028] igb: Intel(R) Gigabit Ethernet Network Driver - version 5.4.0-k
[    1.552984] igb: Copyright (c) 2007-2014 Intel Corporation.
[    1.558581] igbvf: Intel(R) Gigabit Virtual Function Network Driver - version 2.4.0-k
[    1.566408] igbvf: Copyright (c) 2009 - 2012 Intel Corporation.
[    1.572510] sky2: driver version 1.30
[    1.576433] VFIO - User Level meta-driver version: 0.3
[    1.582257] ehci_hcd: USB 2.0 'Enhanced' Host Controller (EHCI) Driver
[    1.588786] ehci-pci: EHCI PCI platform driver
[    1.593250] ehci-platform: EHCI generic platform driver
[    1.598537] ehci-orion: EHCI orion driver
[    1.602600] ehci-exynos: EHCI EXYNOS driver
[    1.606833] ehci-msm: Qualcomm On-Chip EHCI Host Controller
[    1.612453] ohci_hcd: USB 1.1 'Open' Host Controller (OHCI) Driver
[    1.618635] ohci-pci: OHCI PCI platform driver
[    1.623103] ohci-platform: OHCI generic platform driver
[    1.628383] ohci-exynos: OHCI EXYNOS driver
[    1.691964] tegra-xusb 70090000.usb: Firmware timestamp: 2015-08-10 09:47:54 UTC
[    1.699377] tegra-xusb 70090000.usb: xHCI Host Controller
[    1.704787] tegra-xusb 70090000.usb: new USB bus registered, assigned bus number 1
[    1.713346] tegra-xusb 70090000.usb: hcc params 0x0184f525 hci version 0x100 quirks 0x00010010
[    1.721981] tegra-xusb 70090000.usb: irq 320, io mem 0x70090000
[    1.728267] hub 1-0:1.0: USB hub found
[    1.732038] hub 1-0:1.0: 5 ports detected
[    1.736318] tegra-xusb 70090000.usb: xHCI Host Controller
[    1.741722] tegra-xusb 70090000.usb: new USB bus registered, assigned bus number 2
[    1.749338] usb usb2: We don't know the algorithms for LPM for this host, disabling LPM.
[    1.757678] hub 2-0:1.0: USB hub found
[    1.761448] hub 2-0:1.0: 4 ports detected
[    1.765893] usbcore: registered new interface driver usb-storage
[    1.899881] max77686-rtc max77620-rtc: rtc core: registered max77620-rtc as rtc0
[    1.907871] tegra_rtc 7000e000.rtc: rtc core: registered 7000e000.rtc as rtc1
[    1.915025] tegra_rtc 7000e000.rtc: Tegra internal Real Time Clock
[    1.921284] i2c /dev entries driver
[    1.926232] (NULL device *): hwmon_device_register() is deprecated. Please convert the driver to use hwmon_device_register_with_info().
[    1.938454] bq27xxx-battery 2-0055: support ver. 1.2.0 enabled
[    1.960769] sdhci: Secure Digital Host Controller Interface driver
[    1.966982] sdhci: Copyright(c) Pierre Ossman
[    1.971520] Synopsys Designware Multimedia Card Interface Driver
[    1.977974] sdhci-pltfm: SDHCI platform and OF driver helper
[    1.991896] mmc0: Unknown controller version (3). You may experience problems.
[    2.043355] mmc0: SDHCI controller on 700b0600.sdhci [700b0600.sdhci] using ADMA 64-bit
[    2.055256] ledtrig-cpu: registered to indicate activity on CPUs
[    2.062117] usbcore: registered new interface driver usbhid
[    2.067775] usbhid: USB HID core driver
[    2.073034] NET: Registered protocol family 17
[    2.077615] 9pnet: Installing 9P2000 support
[    2.082048] Key type dns_resolver registered
[    2.089816] registered taskstats version 1
[    2.099238] tegra-i2c 7000d100.i2c: could not find pctldev for node /host1x@50000000/dpaux@545c0000/pinmux-i2c, deferring probe
[    2.111831] input: gpio-keys as /devices/platform/gpio-keys/input/input0
[    2.118770] tegra-i2c 7000d100.i2c: could not find pctldev for node /host1x@50000000/dpaux@545c0000/pinmux-i2c, deferring probe
[    2.126528] mmc0: new high speed MMC card at address 0001
[    2.126742] mmcblk0: mmc0:0001 BGND3R 29.1 GiB 
[    2.126818] mmcblk0boot0: mmc0:0001 BGND3R partition 1 4.00 MiB
[    2.126889] mmcblk0boot1: mmc0:0001 BGND3R partition 2 4.00 MiB
[    2.126957] mmcblk0rpmb: mmc0:0001 BGND3R partition 3 4.00 MiB
[    2.129382]  mmcblk0: p1 p2 p3 p4 p5 p6 p7 p8 p9 p10 p11
[    2.152014] max77686-rtc max77620-rtc: setting system clock to 2001-04-07 14:18:11 UTC (986653091)
[    2.152490] PP1200_AVDD: disabling
[    2.152546] PP1200_RCAM: disabling
[    2.152597] PP2800L_RCAM: disabling
[    2.152648] PP2800L_FCAM: disabling
[    2.152697] PP_LDO6: disabling
[    2.152748] PPLCD_VDD: disabling
[    2.152751] PP1800_LCDIO: disabling
[    2.152754] PP1800_CAM: disabling
[    2.152756] ALSA device list:
[    2.152758]   No soundcards found.
[    2.205811] Freeing unused kernel memory: 1088K
[    2.205824] tegra-i2c 7000d100.i2c: could not find pctldev for node /host1x@50000000/dpaux@545c0000/pinmux-i2c, deferring probe

System initialization...

Mounting /proc :[SUCCESS]
Mounting /sys :[SUCCESS]
Mounting /dev :[SUCCESS]
Mounting /dev/pts :[SUCCESS]
Mounting /sys/kernel/debug :[SUCCESS]
Mounting other filesystems :[SUCCESS]
Enabling hot-plug :[SUCCESS]
Populating /dev :[SUCCESS]
Starting syslogd :[SUCCESS]
Starting telnetd :[SUCCESS]

System initialization complete.

Please press Enter to activate this console. 