Diff for ./tegra30-beaver/tegra30-beaver/tegra_defconfig%tegra30,114_mergeconfig_log.txt
--- /tmp/fooa	2014-02-02 20:08:25.857373562 -0800
+++ /tmp/foob	2014-02-02 20:08:25.861373439 -0800
@@ -22,8 +22,8 @@
 Sending: 
 
 Transfer complete
-yzModem - CRC mode, 4(SOH)/4076(STX)/0(CAN) packets, 3 retries
-## Total Size      = 0x003fb088 = 4173960 Bytes
+yzModem - CRC mode, 4(SOH)/4123(STX)/0(CAN) packets, 3 retries
+## Total Size      = 0x00406cb8 = 4222136 Bytes
 Tegra30 (Beaver) # loady 0x82000000
 ## Ready for binary (ymodem) download to 0x82000000 at 230400 bps...
 CSending: tegra30-beaver.dtb
@@ -43,7 +43,7 @@
 Booting Linux on physical CPU 0x0
 Initializing cgroup subsys cpu
 Initializing cgroup subsys cpuacct
-Linux version 3.13.0-next-20140131-13312-g7e8bf24 (pwalmsley@kaivo) (gcc version 4.7.3 20130328 (prerelease) (crosstool-NG linaro-1.13.1-4.7-2013.04-20130415 - Linaro GCC 2013.04) ) #1 SMP PREEMPT Thu Jan 30 18:55:14 PST 2014
+Linux version 3.13.0-next-20140203-13440-g01ed8c4 (pwalmsley@kaivo) (gcc version 4.7.3 20130328 (prerelease) (crosstool-NG linaro-1.13.1-4.7-2013.04-20130415 - Linaro GCC 2013.04) ) #1 SMP PREEMPT Sun Feb 2 19:55:16 PST 2014
 CPU: ARMv7 Processor [412fc099] revision 9 (ARMv7), cr=10c5387d
 CPU: PIPT / VIPT nonaliasing data cache, VIPT aliasing instruction cache
 Machine model: NVIDIA Tegra30 Beaver evaluation board
@@ -51,7 +51,7 @@
 cma: CMA: reserved 16 MiB at ae800000
 Memory policy: Data cache writealloc
 On node 0 totalpages: 524032
-free_area_init_node: node 0, pgdat c07efd40, node_mem_map ed7f0000
+free_area_init_node: node 0, pgdat c0810c80, node_mem_map ed7f0000
   Normal zone: 1520 pages used for memmap
   Normal zone: 0 pages reserved
   Normal zone: 194560 pages, LIFO batch:31
@@ -70,7 +70,7 @@
 PID hash table entries: 4096 (order: 2, 16384 bytes)
 Dentry cache hash table entries: 131072 (order: 7, 524288 bytes)
 Inode-cache hash table entries: 65536 (order: 6, 262144 bytes)
-Memory: 2053820K/2096128K available (5689K kernel code, 309K rwdata, 1860K rodata, 236K init, 336K bss, 42308K reserved, 1317888K highmem)
+Memory: 2053684K/2096128K available (5755K kernel code, 312K rwdata, 1912K rodata, 240K init, 340K bss, 42444K reserved, 1317888K highmem)
 Virtual kernel memory layout:
     vector  : 0xffff0000 - 0xffff1000   (   4 kB)
     fixmap  : 0xfff00000 - 0xfffe0000   ( 896 kB)
@@ -78,10 +78,10 @@
     lowmem  : 0xc0000000 - 0xef800000   ( 760 MB)
     pkmap   : 0xbfe00000 - 0xc0000000   (   2 MB)
     modules : 0xbf000000 - 0xbfe00000   (  14 MB)
-      .text : 0xc0008000 - 0xc0767a18   (7551 kB)
-      .init : 0xc0768000 - 0xc07a3380   ( 237 kB)
-      .data : 0xc07a4000 - 0xc07f14a0   ( 310 kB)
-       .bss : 0xc07f14ac - 0xc0845718   ( 337 kB)
+      .text : 0xc0008000 - 0xc0785120   (7669 kB)
+      .init : 0xc0786000 - 0xc07c2380   ( 241 kB)
+      .data : 0xc07c4000 - 0xc08123e0   ( 313 kB)
+       .bss : 0xc08123ec - 0xc0867798   ( 341 kB)
 Preemptible hierarchical RCU implementation.
 NR_IRQS:16 nr_irqs:16 16
 sched_clock: 32 bits at 1000kHz, resolution 1000ns, wraps every 2147483648000ns
@@ -93,7 +93,7 @@
 Initializing cgroup subsys freezer
 CPU: Testing write buffer coherency: ok
 CPU0: thread -1, cpu 0, socket 0, mpidr 80000000
-Setting up static identity map for 0x805648b0 - 0x80564948
+Setting up static identity map for 0x805742d0 - 0x80574368
 CPU1: Booted secondary processor
 CPU1: thread -1, cpu 1, socket 0, mpidr 80000001
 CPU2: Booted secondary processor
@@ -344,11 +344,11 @@
 EXT3-fs (mmcblk0p1): mounted filesystem with writeback data mode
 VFS: Mounted root (ext3 filesystem) on device 179:1.
 devtmpfs: mounted
-Freeing unused kernel memory: 236K (c0768000 - c07a3000)
+Freeing unused kernel memory: 240K (c0786000 - c07c2000)
  
 INIT: version 2.88 booting
 Using makefile-style concurrent boot in runlevel S.
-Starting the hotplug events dispatcher: udevd[    4.275534] udevd[178]: starting version 175
+Starting the hotplug events dispatcher: udevd[    4.302862] udevd[178]: starting version 175
 [ ok .
 Synthesizing the initial hotplug events...[ ok done.
 Waiting for /dev to be fully populated...[ ok done.
@@ -358,8 +358,7 @@
 Activating lvm and md swap...[ ok done.
 Checking file systems...fsck from util-linux 2.20.1
 [ ok done.
-Mounting local filesystems...mount: unknown filesystem type 'debugfs'
-[FAILfailed.
+Mounting local filesystems...[ ok done.
 Activating swapfile swap...[ ok done.
 Cleaning up temporary files...[ ok .
 Setting kernel variables ...[ ok done.
Diff for ./tegra30-beaver/tegra30-beaver/tegra_defconfig_log.txt
--- /tmp/fooa	2014-02-02 20:08:25.865373297 -0800
+++ /tmp/foob	2014-02-02 20:08:25.869373257 -0800
@@ -22,8 +22,8 @@
 Sending: 
 
 Transfer complete
-yzModem - CRC mode, 3(SOH)/4091(STX)/0(CAN) packets, 3 retries
-## Total Size      = 0x003fec38 = 4189240 Bytes
+xyzModem - CRC mode, 6(SOH)/4140(STX)/0(CAN) packets, 3 retries
+## Total Size      = 0x0040b1b0 = 4239792 Bytes
 Tegra30 (Beaver) # loady 0x82000000
 ## Ready for binary (ymodem) download to 0x82000000 at 230400 bps...
 CSending: tegra30-beaver.dtb
@@ -43,7 +43,7 @@
 Booting Linux on physical CPU 0x0
 Initializing cgroup subsys cpu
 Initializing cgroup subsys cpuacct
-Linux version 3.13.0-next-20140131-38802-g7e8bf24 (pwalmsley@tamien) (gcc version 4.7.3 20130328 (prerelease) (crosstool-NG linaro-1.13.1-4.7-2013.04-20130415 - Linaro GCC 2013.04) ) #1 SMP PREEMPT Thu Jan 30 18:48:14 PST 2014
+Linux version 3.13.0-next-20140203-38930-g01ed8c4 (pwalmsley@tamien) (gcc version 4.7.3 20130328 (prerelease) (crosstool-NG linaro-1.13.1-4.7-2013.04-20130415 - Linaro GCC 2013.04) ) #1 SMP PREEMPT Sun Feb 2 19:48:16 PST 2014
 CPU: ARMv7 Processor [412fc099] revision 9 (ARMv7), cr=10c5387d
 CPU: PIPT / VIPT nonaliasing data cache, VIPT aliasing instruction cache
 Machine model: NVIDIA Tegra30 Beaver evaluation board
@@ -51,7 +51,7 @@
 cma: CMA: reserved 16 MiB at ae800000
 Memory policy: Data cache writealloc
 On node 0 totalpages: 524032
-free_area_init_node: node 0, pgdat c07fdd80, node_mem_map ed7f0000
+free_area_init_node: node 0, pgdat c081ecc0, node_mem_map ed7f0000
   Normal zone: 1520 pages used for memmap
   Normal zone: 0 pages reserved
   Normal zone: 194560 pages, LIFO batch:31
@@ -70,7 +70,7 @@
 PID hash table entries: 4096 (order: 2, 16384 bytes)
 Dentry cache hash table entries: 131072 (order: 7, 524288 bytes)
 Inode-cache hash table entries: 65536 (order: 6, 262144 bytes)
-Memory: 2053764K/2096128K available (5702K kernel code, 317K rwdata, 1888K rodata, 244K init, 336K bss, 42364K reserved, 1317888K highmem)
+Memory: 2053628K/2096128K available (5767K kernel code, 321K rwdata, 1944K rodata, 248K init, 340K bss, 42500K reserved, 1317888K highmem)
 Virtual kernel memory layout:
     vector  : 0xffff0000 - 0xffff1000   (   4 kB)
     fixmap  : 0xfff00000 - 0xfffe0000   ( 896 kB)
@@ -78,10 +78,10 @@
     lowmem  : 0xc0000000 - 0xef800000   ( 760 MB)
     pkmap   : 0xbfe00000 - 0xc0000000   (   2 MB)
     modules : 0xbf000000 - 0xbfe00000   (  14 MB)
-      .text : 0xc0008000 - 0xc0771c38   (7592 kB)
-      .init : 0xc0772000 - 0xc07af3c0   ( 245 kB)
-      .data : 0xc07b0000 - 0xc07ff4e0   ( 318 kB)
-       .bss : 0xc07ff4ec - 0xc0853798   ( 337 kB)
+      .text : 0xc0008000 - 0xc0790340   (7713 kB)
+      .init : 0xc0791000 - 0xc07cf3c0   ( 249 kB)
+      .data : 0xc07d0000 - 0xc0820420   ( 322 kB)
+       .bss : 0xc082042c - 0xc0875818   ( 341 kB)
 Preemptible hierarchical RCU implementation.
 NR_IRQS:16 nr_irqs:16 16
 sched_clock: 32 bits at 1000kHz, resolution 1000ns, wraps every 2147483648000ns
@@ -93,7 +93,7 @@
 Initializing cgroup subsys freezer
 CPU: Testing write buffer coherency: ok
 CPU0: thread -1, cpu 0, socket 0, mpidr 80000000
-Setting up static identity map for 0x80567ae8 - 0x80567b80
+Setting up static identity map for 0x80577520 - 0x805775b8
 CPU1: Booted secondary processor
 CPU1: thread -1, cpu 1, socket 0, mpidr 80000001
 CPU2: Booted secondary processor
@@ -184,7 +184,7 @@
 futex hash table entries: 1024 (order: 4, 65536 bytes)
 bounce pool size: 64 pages
 squashfs: version 4.0 (2009/01/31) Phillip Lougher
-msgmni has been set to 1469
+msgmni has been set to 1468
 io scheduler noop registered (default)
 platform 3000.pcie-controller: Driver tegra-pcie requests probe deferral
 tegra-apbdma 6000a000.dma: Tegra20 APB DMA driver register 32 channels
@@ -344,22 +344,21 @@
 EXT3-fs (mmcblk0p1): mounted filesystem with writeback data mode
 VFS: Mounted root (ext3 filesystem) on device 179:1.
 devtmpfs: mounted
-Freeing unused kernel memory: 244K (c0772000 - c07af000)
+Freeing unused kernel memory: 248K (c0791000 - c07cf000)
  
 INIT: version 2.88 booting
 Using makefile-style concurrent boot in runlevel S.
-Starting the hotplug events dispatcher: udevd[    4.300722] udevd[178]: starting version 175
+Starting the hotplug events dispatcher: udevd[    4.322514] udevd[179]: starting version 175
 [ ok .
 Synthesizing the initial hotplug events...[ ok done.
 Waiting for /dev to be fully populated...[ ok done.
 Activating swap...[ ok done.
 Cleaning up temporary files... /tmp[ ok .
-random: nonblocking pool is initialized
 Activating lvm and md swap...[ ok done.
-Checking file systems...fsck from util-linux 2.20.1
+Checking file systems...[    6.800598] random: nonblocking pool is initialized
+fsck from util-linux 2.20.1
 [ ok done.
-Mounting local filesystems...mount: unknown filesystem type 'debugfs'
-[FAILfailed.
+Mounting local filesystems...[ ok done.
 Activating swapfile swap...[ ok done.
 Cleaning up temporary files...[ ok .
 Setting kernel variables ...[ ok done.
Diff for ./tegra30-beaver/tegra30-beaver/tegra_defconfig%tegra30_mergeconfig_log.txt
--- /tmp/fooa	2014-02-02 20:08:25.877373340 -0800
+++ /tmp/foob	2014-02-02 20:08:25.881373369 -0800
@@ -22,8 +22,8 @@
 Sending: 
 
 Transfer complete
-yzModem - CRC mode, 9(SOH)/4069(STX)/0(CAN) packets, 3 retries
-## Total Size      = 0x003f9748 = 4167496 Bytes
+yzModem - CRC mode, 3(SOH)/4117(STX)/0(CAN) packets, 3 retries
+## Total Size      = 0x00405448 = 4215880 Bytes
 Tegra30 (Beaver) # loady 0x82000000
 ## Ready for binary (ymodem) download to 0x82000000 at 230400 bps...
 CSending: tegra30-beaver.dtb
@@ -43,7 +43,7 @@
 Booting Linux on physical CPU 0x0
 Initializing cgroup subsys cpu
 Initializing cgroup subsys cpuacct
-Linux version 3.13.0-next-20140131-38802-g7e8bf24 (pwalmsley@tamien) (gcc version 4.7.3 20130328 (prerelease) (crosstool-NG linaro-1.13.1-4.7-2013.04-20130415 - Linaro GCC 2013.04) ) #1 SMP PREEMPT Thu Jan 30 18:51:01 PST 2014
+Linux version 3.13.0-next-20140203-38930-g01ed8c4 (pwalmsley@tamien) (gcc version 4.7.3 20130328 (prerelease) (crosstool-NG linaro-1.13.1-4.7-2013.04-20130415 - Linaro GCC 2013.04) ) #1 SMP PREEMPT Sun Feb 2 19:51:02 PST 2014
 CPU: ARMv7 Processor [412fc099] revision 9 (ARMv7), cr=10c5387d
 CPU: PIPT / VIPT nonaliasing data cache, VIPT aliasing instruction cache
 Machine model: NVIDIA Tegra30 Beaver evaluation board
@@ -51,7 +51,7 @@
 cma: CMA: reserved 16 MiB at ae800000
 Memory policy: Data cache writealloc
 On node 0 totalpages: 524032
-free_area_init_node: node 0, pgdat c07e7140, node_mem_map ed7f0000
+free_area_init_node: node 0, pgdat c0806040, node_mem_map ed7f0000
   Normal zone: 1520 pages used for memmap
   Normal zone: 0 pages reserved
   Normal zone: 194560 pages, LIFO batch:31
@@ -70,7 +70,7 @@
 PID hash table entries: 4096 (order: 2, 16384 bytes)
 Dentry cache hash table entries: 131072 (order: 7, 524288 bytes)
 Inode-cache hash table entries: 65536 (order: 6, 262144 bytes)
-Memory: 2053856K/2096128K available (5689K kernel code, 306K rwdata, 1832K rodata, 232K init, 336K bss, 42272K reserved, 1317888K highmem)
+Memory: 2053728K/2096128K available (5751K kernel code, 309K rwdata, 1884K rodata, 236K init, 340K bss, 42400K reserved, 1317888K highmem)
 Virtual kernel memory layout:
     vector  : 0xffff0000 - 0xffff1000   (   4 kB)
     fixmap  : 0xfff00000 - 0xfffe0000   ( 896 kB)
@@ -78,10 +78,10 @@
     lowmem  : 0xc0000000 - 0xef800000   ( 760 MB)
     pkmap   : 0xbfe00000 - 0xc0000000   (   2 MB)
     modules : 0xbf000000 - 0xbfe00000   (  14 MB)
-      .text : 0xc0008000 - 0xc0760988   (7523 kB)
-      .init : 0xc0761000 - 0xc079b380   ( 233 kB)
-      .data : 0xc079c000 - 0xc07e88a0   ( 307 kB)
-       .bss : 0xc07e88ac - 0xc083cad8   ( 337 kB)
+      .text : 0xc0008000 - 0xc077d090   (7637 kB)
+      .init : 0xc077e000 - 0xc07b9380   ( 237 kB)
+      .data : 0xc07ba000 - 0xc08077a0   ( 310 kB)
+       .bss : 0xc08077ac - 0xc085cb18   ( 341 kB)
 Preemptible hierarchical RCU implementation.
 NR_IRQS:16 nr_irqs:16 16
 sched_clock: 32 bits at 1000kHz, resolution 1000ns, wraps every 2147483648000ns
@@ -93,7 +93,7 @@
 Initializing cgroup subsys freezer
 CPU: Testing write buffer coherency: ok
 CPU0: thread -1, cpu 0, socket 0, mpidr 80000000
-Setting up static identity map for 0x80564338 - 0x805643d0
+Setting up static identity map for 0x80573d50 - 0x80573de8
 CPU1: Booted secondary processor
 CPU1: thread -1, cpu 1, socket 0, mpidr 80000001
 CPU2: Booted secondary processor
@@ -344,11 +344,11 @@
 EXT3-fs (mmcblk0p1): mounted filesystem with writeback data mode
 VFS: Mounted root (ext3 filesystem) on device 179:1.
 devtmpfs: mounted
-Freeing unused kernel memory: 232K (c0761000 - c079b000)
+Freeing unused kernel memory: 236K (c077e000 - c07b9000)
  
 INIT: version 2.88 booting
 Using makefile-style concurrent boot in runlevel S.
-Starting the hotplug events dispatcher: udevd[    4.295622] udevd[178]: starting version 175
+Starting the hotplug events dispatcher: udevd[    4.334379] udevd[178]: starting version 175
 [ ok .
 Synthesizing the initial hotplug events...[ ok done.
 Waiting for /dev to be fully populated...[ ok done.
@@ -358,8 +358,7 @@
 Activating lvm and md swap...[ ok done.
 Checking file systems...fsck from util-linux 2.20.1
 [ ok done.
-Mounting local filesystems...mount: unknown filesystem type 'debugfs'
-[FAILfailed.
+Mounting local filesystems...[ ok done.
 Activating swapfile swap...[ ok done.
 Cleaning up temporary files...[ ok .
 Setting kernel variables ...[ ok done.
@@ -373,8 +372,8 @@
 Using makefile-style concurrent boot in runlevel 2.
 Starting network benchmark server[FAIL failed!
 Starting rpcbind daemon...[....] Already running.[ ok .
-Starting system message bus: dbus[ ok .
 Starting NFS common utilities: statd idmapd[FAIL failed!
+Starting system message bus: dbus[ ok .
 startpar: service(s) returned failure: nfs-common ...[FAIL failed!
 
 Debian GNU/Linux wheezy/sid armel ttyS0
Diff for ./tegra30-beaver/tegra30-beaver/multi_v7_defconfig_log.txt
--- /tmp/fooa	2014-02-02 20:08:25.885373369 -0800
+++ /tmp/foob	2014-02-02 20:08:25.889373365 -0800
@@ -22,15 +22,15 @@
 Sending: 
 
 Transfer complete
-yzModem - CRC mode, 8(SOH)/4369(STX)/0(CAN) packets, 3 retries
-## Total Size      = 0x004446c0 = 4474560 Bytes
+yzModem - CRC mode, 5(SOH)/4400(STX)/0(CAN) packets, 3 retries
+## Total Size      = 0x0044c140 = 4505920 Bytes
 Tegra30 (Beaver) # loady 0x82000000
 ## Ready for binary (ymodem) download to 0x82000000 at 230400 bps...
 CSending: tegra30-beaver.dtb
 Sending: 
 
 Transfer complete
-yzModem - CRC mode, 4(SOH)/23(STX)/0(CAN) packets, 3 retries
+xyzModem - CRC mode, 4(SOH)/23(STX)/0(CAN) packets, 3 retries
 ## Total Size      = 0x00005d00 = 23808 Bytes
 Tegra30 (Beaver) # bootz 0x81000000 - 0x82000000
 ## Flattened Device Tree blob at 82000000
@@ -40,7 +40,7 @@
 Starting kernel ...
 
 Booting Linux on physical CPU 0x0
-Linux version 3.13.0-next-20140131-13312-g7e8bf24 (pwalmsley@kaivo) (gcc version 4.7.3 20130328 (prerelease) (crosstool-NG linaro-1.13.1-4.7-2013.04-20130415 - Linaro GCC 2013.04) ) #1 SMP Thu Jan 30 18:47:19 PST 2014
+Linux version 3.13.0-next-20140203-13440-g01ed8c4 (pwalmsley@kaivo) (gcc version 4.7.3 20130328 (prerelease) (crosstool-NG linaro-1.13.1-4.7-2013.04-20130415 - Linaro GCC 2013.04) ) #1 SMP Sun Feb 2 19:47:21 PST 2014
 CPU: ARMv7 Processor [412fc099] revision 9 (ARMv7), cr=10c5387d
 CPU: PIPT / VIPT nonaliasing data cache, VIPT aliasing instruction cache
 Machine model: NVIDIA Tegra30 Beaver evaluation board
@@ -48,7 +48,7 @@
 cma: CMA: reserved 16 MiB at ae800000
 Memory policy: Data cache writealloc
 On node 0 totalpages: 524032
-free_area_init_node: node 0, pgdat c0920e80, node_mem_map ed7f1000
+free_area_init_node: node 0, pgdat c0930b40, node_mem_map ed7f1000
   DMA zone: 1520 pages used for memmap
   DMA zone: 0 pages reserved
   DMA zone: 194560 pages, LIFO batch:31
@@ -67,7 +67,7 @@
 PID hash table entries: 4096 (order: 2, 16384 bytes)
 Dentry cache hash table entries: 131072 (order: 7, 524288 bytes)
 Inode-cache hash table entries: 65536 (order: 6, 262144 bytes)
-Memory: 2052672K/2096128K available (5794K kernel code, 682K rwdata, 2328K rodata, 512K init, 284K bss, 43456K reserved, 1317888K highmem)
+Memory: 2052608K/2096128K available (5851K kernel code, 681K rwdata, 2340K rodata, 512K init, 284K bss, 43520K reserved, 1317888K highmem)
 Virtual kernel memory layout:
     vector  : 0xffff0000 - 0xffff1000   (   4 kB)
     fixmap  : 0xfff00000 - 0xfffe0000   ( 896 kB)
@@ -75,10 +75,10 @@
     lowmem  : 0xc0000000 - 0xef800000   ( 760 MB)
     pkmap   : 0xbfe00000 - 0xc0000000   (   2 MB)
     modules : 0xbf000000 - 0xbfe00000   (  14 MB)
-      .text : 0xc0008000 - 0xc07f6b78   (8123 kB)
-      .init : 0xc07f7000 - 0xc0877000   ( 512 kB)
-      .data : 0xc0878000 - 0xc0922a00   ( 683 kB)
-       .bss : 0xc0922a08 - 0xc0969b40   ( 285 kB)
+      .text : 0xc0008000 - 0xc0807fbc   (8192 kB)
+      .init : 0xc0808000 - 0xc0888000   ( 512 kB)
+      .data : 0xc0888000 - 0xc09326c0   ( 682 kB)
+       .bss : 0xc09326c8 - 0xc0979840   ( 285 kB)
 SLUB: HWalign=64, Order=0-3, MinObjects=0, CPUs=4, Nodes=1
 Hierarchical RCU implementation.
 NR_IRQS:16 nr_irqs:16 16
@@ -89,7 +89,7 @@
 Mount-cache hash table entries: 512
 CPU: Testing write buffer coherency: ok
 CPU0: thread -1, cpu 0, socket 0, mpidr 80000000
-Setting up static identity map for 0x80579ee8 - 0x80579f80
+Setting up static identity map for 0x80587298 - 0x80587330
 unable to find compatible sirf rstc node in dtb
 CPU1: Booted secondary processor
 CPU1: thread -1, cpu 1, socket 0, mpidr 80000001
@@ -338,20 +338,20 @@
 EXT4-fs (mmcblk0p1): mounted filesystem with ordered data mode. Opts: (null)
 VFS: Mounted root (ext3 filesystem) on device 179:1.
 devtmpfs: mounted
-Freeing unused kernel memory: 512K (c07f7000 - c0877000)
+Freeing unused kernel memory: 512K (c0808000 - c0888000)
  
 INIT: version 2.88 booting
 Using makefile-style concurrent boot in runlevel S.
-Starting the hotplug events dispatcher: udevd[    4.144587] udevd[174]: starting version 175
+Starting the hotplug events dispatcher: udevd[    4.144656] udevd[174]: starting version 175
 [ ok .
 Synthesizing the initial hotplug events...[ ok done.
 Waiting for /dev to be fully populated...[ ok done.
 Activating swap...[ ok done.
 EXT4-fs (mmcblk0p1): re-mounted. Opts: (null)
 Cleaning up temporary files... /tmp[ ok .
-random: nonblocking pool is initialized
 Activating lvm and md swap...[ ok done.
-Checking file systems...fsck from util-linux 2.20.1
+Checking file systems...[    6.318337] random: nonblocking pool is initialized
+fsck from util-linux 2.20.1
 [ ok done.
 Mounting local filesystems...[ ok done.
 Activating swapfile swap...[ ok done.
Diff for ./tegra30-beaver/tegra30-beaver/tegra_defconfig%tegra20,30_mergeconfig_log.txt
--- /tmp/fooa	2014-02-02 20:08:25.897373360 -0800
+++ /tmp/foob	2014-02-02 20:08:25.897373360 -0800
@@ -22,8 +22,8 @@
 Sending: 
 
 Transfer complete
-yzModem - CRC mode, 7(SOH)/4086(STX)/0(CAN) packets, 3 retries
-## Total Size      = 0x003fda68 = 4184680 Bytes
+yzModem - CRC mode, 2(SOH)/4135(STX)/0(CAN) packets, 3 retries
+## Total Size      = 0x00409c00 = 4234240 Bytes
 Tegra30 (Beaver) # loady 0x82000000
 ## Ready for binary (ymodem) download to 0x82000000 at 230400 bps...
 CSending: tegra30-beaver.dtb
@@ -43,7 +43,7 @@
 Booting Linux on physical CPU 0x0
 Initializing cgroup subsys cpu
 Initializing cgroup subsys cpuacct
-Linux version 3.13.0-next-20140131-13312-g7e8bf24 (pwalmsley@kaivo) (gcc version 4.7.3 20130328 (prerelease) (crosstool-NG linaro-1.13.1-4.7-2013.04-20130415 - Linaro GCC 2013.04) ) #1 SMP PREEMPT Thu Jan 30 18:53:19 PST 2014
+Linux version 3.13.0-next-20140203-13440-g01ed8c4 (pwalmsley@kaivo) (gcc version 4.7.3 20130328 (prerelease) (crosstool-NG linaro-1.13.1-4.7-2013.04-20130415 - Linaro GCC 2013.04) ) #1 SMP PREEMPT Sun Feb 2 19:53:18 PST 2014
 CPU: ARMv7 Processor [412fc099] revision 9 (ARMv7), cr=10c5387d
 CPU: PIPT / VIPT nonaliasing data cache, VIPT aliasing instruction cache
 Machine model: NVIDIA Tegra30 Beaver evaluation board
@@ -51,7 +51,7 @@
 cma: CMA: reserved 16 MiB at ae800000
 Memory policy: Data cache writealloc
 On node 0 totalpages: 524032
-free_area_init_node: node 0, pgdat c07f71c0, node_mem_map ed7f0000
+free_area_init_node: node 0, pgdat c08140c0, node_mem_map ed7f0000
   Normal zone: 1520 pages used for memmap
   Normal zone: 0 pages reserved
   Normal zone: 194560 pages, LIFO batch:31
@@ -70,7 +70,7 @@
 PID hash table entries: 4096 (order: 2, 16384 bytes)
 Dentry cache hash table entries: 131072 (order: 7, 524288 bytes)
 Inode-cache hash table entries: 65536 (order: 6, 262144 bytes)
-Memory: 2053792K/2096128K available (5701K kernel code, 314K rwdata, 1864K rodata, 240K init, 336K bss, 42336K reserved, 1317888K highmem)
+Memory: 2053672K/2096128K available (5763K kernel code, 318K rwdata, 1916K rodata, 240K init, 340K bss, 42456K reserved, 1317888K highmem)
 Virtual kernel memory layout:
     vector  : 0xffff0000 - 0xffff1000   (   4 kB)
     fixmap  : 0xfff00000 - 0xfffe0000   ( 896 kB)
@@ -78,10 +78,10 @@
     lowmem  : 0xc0000000 - 0xef800000   ( 760 MB)
     pkmap   : 0xbfe00000 - 0xc0000000   (   2 MB)
     modules : 0xbf000000 - 0xbfe00000   (  14 MB)
-      .text : 0xc0008000 - 0xc076bbb0   (7567 kB)
-      .init : 0xc076c000 - 0xc07a83c0   ( 241 kB)
-      .data : 0xc07aa000 - 0xc07f8920   ( 315 kB)
-       .bss : 0xc07f892c - 0xc084cb98   ( 337 kB)
+      .text : 0xc0008000 - 0xc07882b8   (7681 kB)
+      .init : 0xc0789000 - 0xc07c53c0   ( 241 kB)
+      .data : 0xc07c6000 - 0xc0815820   ( 319 kB)
+       .bss : 0xc081582c - 0xc086abd8   ( 341 kB)
 Preemptible hierarchical RCU implementation.
 NR_IRQS:16 nr_irqs:16 16
 sched_clock: 32 bits at 1000kHz, resolution 1000ns, wraps every 2147483648000ns
@@ -93,7 +93,7 @@
 Initializing cgroup subsys freezer
 CPU: Testing write buffer coherency: ok
 CPU0: thread -1, cpu 0, socket 0, mpidr 80000000
-Setting up static identity map for 0x805675a8 - 0x80567640
+Setting up static identity map for 0x80576fe0 - 0x80577078
 CPU1: Booted secondary processor
 CPU1: thread -1, cpu 1, socket 0, mpidr 80000001
 CPU2: Booted secondary processor
@@ -344,23 +344,22 @@
 EXT3-fs (mmcblk0p1): mounted filesystem with writeback data mode
 VFS: Mounted root (ext3 filesystem) on device 179:1.
 devtmpfs: mounted
-Freeing unused kernel memory: 240K (c076c000 - c07a8000)
+Freeing unused kernel memory: 240K (c0789000 - c07c5000)
  
 INIT: version 2.88 booting
 Using makefile-style concurrent boot in runlevel S.
-Starting the hotplug events dispatcher: udevd[    4.284521] udevd[178]: starting version 175
+Starting the hotplug events dispatcher: udevd[    4.273386] udevd[179]: starting version 175
 [ ok .
 Synthesizing the initial hotplug events...[ ok done.
 Waiting for /dev to be fully populated...[ ok done.
 Activating swap...[ ok done.
 Cleaning up temporary files... /tmp[ ok .
+random: nonblocking pool is initialized
 Activating lvm and md swap...[ ok done.
 Checking file systems...fsck from util-linux 2.20.1
 [ ok done.
-Mounting local filesystems...mount: unknown filesystem type 'debugfs'
-[FAILfailed.
+Mounting local filesystems...[ ok done.
 Activating swapfile swap...[ ok done.
-random: nonblocking pool is initialized
 Cleaning up temporary files...[ ok .
 Setting kernel variables ...[ ok done.
 Configuring network interfaces...[ ok done.
Diff for ./tegra114-dalmore-headless/tegra114-dalmore/tegra_defconfig%tegra30,114_mergeconfig_log.txt
--- /tmp/fooa	2014-02-02 20:08:25.905373366 -0800
+++ /tmp/foob	2014-02-02 20:08:25.909373370 -0800
@@ -30,13 +30,13 @@
 Load address: 0x81000000
 Loading: *#################################################  2.8 MiB/s
 done
-Bytes transferred = 4173960 (3fb088 hex)
+Bytes transferred = 4222136 (406cb8 hex)
 Dalmore #tftpboot 0x82000000 tegra114-dalmore.dtb
 Using asx0 device
 TFTP from server 192.168.100.1; our IP address is 192.168.100.100
 Filename 'tegra114-dalmore.dtb'.
 Load address: 0x82000000
-Loading: *#################################################  2.7 MiB/s
+Loading: *#################################################  2.5 MiB/s
 done
 Bytes transferred = 34015 (84df hex)
 Dalmore #bootz 0x81000000 - 0x82000000
@@ -49,16 +49,16 @@
 Timer summary in microseconds:
        Mark    Elapsed  Stage
           0          0  awake
-  3,082,635  3,082,635  usb_start
-  7,087,764  4,005,129  eth_start
-  7,087,761         -3  tftp start
- 11,004,632  3,916,871  tftp done
- 13,097,771  2,093,139  start_kernel
+  3,088,676  3,088,676  usb_start
+  7,093,796  4,005,120  eth_start
+  7,093,793         -3  tftp start
+ 10,969,048  3,875,255  tftp done
+ 13,103,792  2,134,744  start_kernel
 Uncompressing Linux... done, booting the kernel.
 Booting Linux on physical CPU 0x0
 Initializing cgroup subsys cpu
 Initializing cgroup subsys cpuacct
-Linux version 3.13.0-next-20140131-13312-g7e8bf24 (pwalmsley@kaivo) (gcc version 4.7.3 20130328 (prerelease) (crosstool-NG linaro-1.13.1-4.7-2013.04-20130415 - Linaro GCC 2013.04) ) #1 SMP PREEMPT Thu Jan 30 18:55:14 PST 2014
+Linux version 3.13.0-next-20140203-13440-g01ed8c4 (pwalmsley@kaivo) (gcc version 4.7.3 20130328 (prerelease) (crosstool-NG linaro-1.13.1-4.7-2013.04-20130415 - Linaro GCC 2013.04) ) #1 SMP PREEMPT Sun Feb 2 19:55:16 PST 2014
 CPU: ARMv7 Processor [412fc0f2] revision 2 (ARMv7), cr=10c5387d
 CPU: PIPT / VIPT nonaliasing data cache, PIPT instruction cache
 Machine model: NVIDIA Tegra114 Dalmore evaluation board
@@ -66,7 +66,7 @@
 cma: CMA: reserved 16 MiB at ae800000
 Memory policy: Data cache writealloc
 On node 0 totalpages: 524032
-free_area_init_node: node 0, pgdat c07efd40, node_mem_map ed7f0000
+free_area_init_node: node 0, pgdat c0810c80, node_mem_map ed7f0000
   Normal zone: 1520 pages used for memmap
   Normal zone: 0 pages reserved
   Normal zone: 194560 pages, LIFO batch:31
@@ -81,7 +81,7 @@
 PID hash table entries: 4096 (order: 2, 16384 bytes)
 Dentry cache hash table entries: 131072 (order: 7, 524288 bytes)
 Inode-cache hash table entries: 65536 (order: 6, 262144 bytes)
-Memory: 2053788K/2096128K available (5689K kernel code, 309K rwdata, 1860K rodata, 236K init, 336K bss, 42340K reserved, 1317888K highmem)
+Memory: 2053652K/2096128K available (5755K kernel code, 312K rwdata, 1912K rodata, 240K init, 340K bss, 42476K reserved, 1317888K highmem)
 Virtual kernel memory layout:
     vector  : 0xffff0000 - 0xffff1000   (   4 kB)
     fixmap  : 0xfff00000 - 0xfffe0000   ( 896 kB)
@@ -89,10 +89,10 @@
     lowmem  : 0xc0000000 - 0xef800000   ( 760 MB)
     pkmap   : 0xbfe00000 - 0xc0000000   (   2 MB)
     modules : 0xbf000000 - 0xbfe00000   (  14 MB)
-      .text : 0xc0008000 - 0xc0767a18   (7551 kB)
-      .init : 0xc0768000 - 0xc07a3380   ( 237 kB)
-      .data : 0xc07a4000 - 0xc07f14a0   ( 310 kB)
-       .bss : 0xc07f14ac - 0xc0845718   ( 337 kB)
+      .text : 0xc0008000 - 0xc0785120   (7669 kB)
+      .init : 0xc0786000 - 0xc07c2380   ( 241 kB)
+      .data : 0xc07c4000 - 0xc08123e0   ( 313 kB)
+       .bss : 0xc08123ec - 0xc0867798   ( 341 kB)
 Preemptible hierarchical RCU implementation.
 NR_IRQS:16 nr_irqs:16 16
 sched_clock: 32 bits at 1000kHz, resolution 1000ns, wraps every 2147483648000ns
@@ -111,7 +111,7 @@
 /cpus/cpu@2 missing clock-frequency property
 /cpus/cpu@3 missing clock-frequency property
 CPU0: thread -1, cpu 0, socket 0, mpidr 80000000
-Setting up static identity map for 0x805648b0 - 0x80564948
+Setting up static identity map for 0x805742d0 - 0x80574368
 CPU1: Booted secondary processor
 CPU1: thread -1, cpu 1, socket 0, mpidr 80000001
 CPU2: Booted secondary processor
@@ -361,7 +361,7 @@
 hub 1-0:1.0: USB hub found
 hub 1-0:1.0: 1 port detected
 input: gpio-keys.3 as /devices/soc0/gpio-keys.3/input/input1
-palmas-rtc rtc.8: setting system clock to 2000-04-26 05:23:17 UTC (956726597)
+palmas-rtc rtc.8: setting system clock to 2000-04-29 06:23:23 UTC (956989403)
 ALSA device list:
   #0: NVIDIA Tegra Dalmore
 kjournald starting.  Commit interval 5 seconds
@@ -370,7 +370,7 @@
 EXT3-fs (mmcblk0p1): mounted filesystem with writeback data mode
 VFS: Mounted root (ext3 filesystem) on device 179:1.
 devtmpfs: mounted
-Freeing unused kernel memory: 236K (c0768000 - c07a3000)
+Freeing unused kernel memory: 240K (c0786000 - c07c2000)
 bash: cannot set terminal process group (-1): Inappropriate ioctl for device
 bash: no job control in this shell
 I have no name!@(none):/# 
\ No newline at end of file
Diff for ./tegra114-dalmore-headless/tegra114-dalmore/tegra_defconfig%tegra20,114_mergeconfig_log.txt
--- /tmp/fooa	2014-02-02 20:08:25.913373373 -0800
+++ /tmp/foob	2014-02-02 20:08:25.917373375 -0800
@@ -30,7 +30,7 @@
 Load address: 0x81000000
 Loading: *#################################################  2.8 MiB/s
 done
-Bytes transferred = 4172488 (3faac8 hex)
+Bytes transferred = 4221056 (406880 hex)
 Dalmore #tftpboot 0x82000000 tegra114-dalmore.dtb
 Using asx0 device
 TFTP from server 192.168.100.1; our IP address is 192.168.100.100
@@ -49,16 +49,16 @@
 Timer summary in microseconds:
        Mark    Elapsed  Stage
           0          0  awake
-  2,140,054  2,140,054  usb_start
-  6,145,278  4,005,224  eth_start
-  6,145,275         -3  tftp start
- 10,361,173  4,215,898  tftp done
- 12,155,448  1,794,275  start_kernel
+  2,145,966  2,145,966  usb_start
+  6,151,226  4,005,260  eth_start
+  6,151,223         -3  tftp start
+ 10,026,463  3,875,240  tftp done
+ 12,161,370  2,134,907  start_kernel
 Uncompressing Linux... done, booting the kernel.
 Booting Linux on physical CPU 0x0
 Initializing cgroup subsys cpu
 Initializing cgroup subsys cpuacct
-Linux version 3.13.0-next-20140131-38802-g7e8bf24 (pwalmsley@tamien) (gcc version 4.7.3 20130328 (prerelease) (crosstool-NG linaro-1.13.1-4.7-2013.04-20130415 - Linaro GCC 2013.04) ) #1 SMP PREEMPT Thu Jan 30 18:53:47 PST 2014
+Linux version 3.13.0-next-20140203-38930-g01ed8c4 (pwalmsley@tamien) (gcc version 4.7.3 20130328 (prerelease) (crosstool-NG linaro-1.13.1-4.7-2013.04-20130415 - Linaro GCC 2013.04) ) #1 SMP PREEMPT Sun Feb 2 19:53:48 PST 2014
 CPU: ARMv7 Processor [412fc0f2] revision 2 (ARMv7), cr=10c5387d
 CPU: PIPT / VIPT nonaliasing data cache, PIPT instruction cache
 Machine model: NVIDIA Tegra114 Dalmore evaluation board
@@ -66,7 +66,7 @@
 cma: CMA: reserved 16 MiB at ae800000
 Memory policy: Data cache writealloc
 On node 0 totalpages: 524032
-free_area_init_node: node 0, pgdat c07ec3c0, node_mem_map ed7f0000
+free_area_init_node: node 0, pgdat c080d300, node_mem_map ed7f0000
   Normal zone: 1520 pages used for memmap
   Normal zone: 0 pages reserved
   Normal zone: 194560 pages, LIFO batch:31
@@ -81,7 +81,7 @@
 PID hash table entries: 4096 (order: 2, 16384 bytes)
 Dentry cache hash table entries: 131072 (order: 7, 524288 bytes)
 Inode-cache hash table entries: 65536 (order: 6, 262144 bytes)
-Memory: 2053804K/2096128K available (5689K kernel code, 310K rwdata, 1844K rodata, 236K init, 336K bss, 42324K reserved, 1317888K highmem)
+Memory: 2053668K/2096128K available (5755K kernel code, 314K rwdata, 1896K rodata, 240K init, 340K bss, 42460K reserved, 1317888K highmem)
 Virtual kernel memory layout:
     vector  : 0xffff0000 - 0xffff1000   (   4 kB)
     fixmap  : 0xfff00000 - 0xfffe0000   ( 896 kB)
@@ -89,10 +89,10 @@
     lowmem  : 0xc0000000 - 0xef800000   ( 760 MB)
     pkmap   : 0xbfe00000 - 0xc0000000   (   2 MB)
     modules : 0xbf000000 - 0xbfe00000   (  14 MB)
-      .text : 0xc0008000 - 0xc0763aec   (7535 kB)
-      .init : 0xc0764000 - 0xc079f3c0   ( 237 kB)
-      .data : 0xc07a0000 - 0xc07edb20   ( 311 kB)
-       .bss : 0xc07edb2c - 0xc0841d98   ( 337 kB)
+      .text : 0xc0008000 - 0xc07811f4   (7653 kB)
+      .init : 0xc0782000 - 0xc07be3c0   ( 241 kB)
+      .data : 0xc07c0000 - 0xc080ea60   ( 315 kB)
+       .bss : 0xc080ea6c - 0xc0863e18   ( 341 kB)
 Preemptible hierarchical RCU implementation.
 NR_IRQS:16 nr_irqs:16 16
 sched_clock: 32 bits at 1000kHz, resolution 1000ns, wraps every 2147483648000ns
@@ -111,7 +111,7 @@
 /cpus/cpu@2 missing clock-frequency property
 /cpus/cpu@3 missing clock-frequency property
 CPU0: thread -1, cpu 0, socket 0, mpidr 80000000
-Setting up static identity map for 0x80564fb8 - 0x80565050
+Setting up static identity map for 0x805749f8 - 0x80574a90
 CPU1: Booted secondary processor
 CPU1: thread -1, cpu 1, socket 0, mpidr 80000001
 CPU2: Booted secondary processor
@@ -368,7 +368,7 @@
 platform sound.5: Driver tegra-snd-rt5640 requests probe deferral
 input: gpio-keys.3 as /devices/soc0/gpio-keys.3/input/input0
 tegra-snd-rt5640 sound.5: ASoC: CPU DAI (null) not registered
-palmas-rtc rtc.8: setting system clock to 2000-04-26 05:21:48 UTC (956726508)
+palmas-rtc rtc.8: setting system clock to 2000-04-29 06:21:57 UTC (956989317)
 tegra-snd-rt5640 sound.5: snd_soc_register_card failed (-517)
 platform sound.5: Driver tegra-snd-rt5640 requests probe deferral
 ALSA device list:
@@ -379,7 +379,12 @@
 EXT3-fs (mmcblk0p1): mounted filesystem with writeback data mode
 VFS: Mounted root (ext3 filesystem) on device 179:1.
 devtmpfs: mounted
-Freeing unused kernel memory: 236K (c0764000 - c079f000)
+Freeing unused kernel memory: 240K (c0782000 - c07be000)
 bash: cannot set terminal process group (-1): Inappropriate ioctl for device
 bash: no job control in this shell
-I have no name!@(none):/# [    2.990737] usb 1-1: new high-speed USB device number 2 using tegra-ehci
+I have no name!@(none):/# [    3.014900] usb 1-1: new high-speed USB device number 2 using tegra-ehci
+random: nonblocking pool is initialized
+asix 1-1:1.0 eth0: register 'asix' at usb-7d008000.usb-1, ASIX AX88772 USB 2.0 Ethernet, 00:50:b6:0d:b5:16
+tegra-snd-rt5640 sound.5: ASoC: CPU DAI (null) not registered
+tegra-snd-rt5640 sound.5: snd_soc_register_card failed (-517)
+platform sound.5: Driver tegra-snd-rt5640 requests probe deferral
Diff for ./tegra114-dalmore-headless/tegra114-dalmore/tegra_defconfig_log.txt
--- /tmp/fooa	2014-02-02 20:08:25.925373377 -0800
+++ /tmp/foob	2014-02-02 20:08:25.929373379 -0800
@@ -28,15 +28,15 @@
 TFTP from server 192.168.100.1; our IP address is 192.168.100.100
 Filename 'zImage.tegra_defconfig'.
 Load address: 0x81000000
-Loading: *#################################################  2.8 MiB/s
+Loading: *#################################################  2.7 MiB/s
 done
-Bytes transferred = 4189240 (3fec38 hex)
+Bytes transferred = 4239792 (40b1b0 hex)
 Dalmore #tftpboot 0x82000000 tegra114-dalmore.dtb
 Using asx0 device
 TFTP from server 192.168.100.1; our IP address is 192.168.100.100
 Filename 'tegra114-dalmore.dtb'.
 Load address: 0x82000000
-Loading: *#################################################  2.5 MiB/s
+Loading: *#################################################  2.7 MiB/s
 done
 Bytes transferred = 34015 (84df hex)
 Dalmore #bootz 0x81000000 - 0x82000000
@@ -49,16 +49,16 @@
 Timer summary in microseconds:
        Mark    Elapsed  Stage
           0          0  awake
-  3,036,624  3,036,624  usb_start
-  7,039,659  4,003,035  eth_start
-  7,039,656         -3  tftp start
- 10,908,373  3,868,717  tftp done
- 13,051,740  2,143,367  start_kernel
+  3,084,739  3,084,739  usb_start
+  7,087,784  4,003,045  eth_start
+  7,087,781         -3  tftp start
+ 10,997,986  3,910,205  tftp done
+ 13,099,849  2,101,863  start_kernel
 Uncompressing Linux... done, booting the kernel.
 Booting Linux on physical CPU 0x0
 Initializing cgroup subsys cpu
 Initializing cgroup subsys cpuacct
-Linux version 3.13.0-next-20140131-38802-g7e8bf24 (pwalmsley@tamien) (gcc version 4.7.3 20130328 (prerelease) (crosstool-NG linaro-1.13.1-4.7-2013.04-20130415 - Linaro GCC 2013.04) ) #1 SMP PREEMPT Thu Jan 30 18:48:14 PST 2014
+Linux version 3.13.0-next-20140203-38930-g01ed8c4 (pwalmsley@tamien) (gcc version 4.7.3 20130328 (prerelease) (crosstool-NG linaro-1.13.1-4.7-2013.04-20130415 - Linaro GCC 2013.04) ) #1 SMP PREEMPT Sun Feb 2 19:48:16 PST 2014
 CPU: ARMv7 Processor [412fc0f2] revision 2 (ARMv7), cr=10c5387d
 CPU: PIPT / VIPT nonaliasing data cache, PIPT instruction cache
 Machine model: NVIDIA Tegra114 Dalmore evaluation board
@@ -66,7 +66,7 @@
 cma: CMA: reserved 16 MiB at ae800000
 Memory policy: Data cache writealloc
 On node 0 totalpages: 524032
-free_area_init_node: node 0, pgdat c07fdd80, node_mem_map ed7f0000
+free_area_init_node: node 0, pgdat c081ecc0, node_mem_map ed7f0000
   Normal zone: 1520 pages used for memmap
   Normal zone: 0 pages reserved
   Normal zone: 194560 pages, LIFO batch:31
@@ -81,7 +81,7 @@
 PID hash table entries: 4096 (order: 2, 16384 bytes)
 Dentry cache hash table entries: 131072 (order: 7, 524288 bytes)
 Inode-cache hash table entries: 65536 (order: 6, 262144 bytes)
-Memory: 2053732K/2096128K available (5702K kernel code, 317K rwdata, 1888K rodata, 244K init, 336K bss, 42396K reserved, 1317888K highmem)
+Memory: 2053596K/2096128K available (5767K kernel code, 321K rwdata, 1944K rodata, 248K init, 340K bss, 42532K reserved, 1317888K highmem)
 Virtual kernel memory layout:
     vector  : 0xffff0000 - 0xffff1000   (   4 kB)
     fixmap  : 0xfff00000 - 0xfffe0000   ( 896 kB)
@@ -89,10 +89,10 @@
     lowmem  : 0xc0000000 - 0xef800000   ( 760 MB)
     pkmap   : 0xbfe00000 - 0xc0000000   (   2 MB)
     modules : 0xbf000000 - 0xbfe00000   (  14 MB)
-      .text : 0xc0008000 - 0xc0771c38   (7592 kB)
-      .init : 0xc0772000 - 0xc07af3c0   ( 245 kB)
-      .data : 0xc07b0000 - 0xc07ff4e0   ( 318 kB)
-       .bss : 0xc07ff4ec - 0xc0853798   ( 337 kB)
+      .text : 0xc0008000 - 0xc0790340   (7713 kB)
+      .init : 0xc0791000 - 0xc07cf3c0   ( 249 kB)
+      .data : 0xc07d0000 - 0xc0820420   ( 322 kB)
+       .bss : 0xc082042c - 0xc0875818   ( 341 kB)
 Preemptible hierarchical RCU implementation.
 NR_IRQS:16 nr_irqs:16 16
 sched_clock: 32 bits at 1000kHz, resolution 1000ns, wraps every 2147483648000ns
@@ -111,7 +111,7 @@
 /cpus/cpu@2 missing clock-frequency property
 /cpus/cpu@3 missing clock-frequency property
 CPU0: thread -1, cpu 0, socket 0, mpidr 80000000
-Setting up static identity map for 0x80567ae8 - 0x80567b80
+Setting up static identity map for 0x80577520 - 0x805775b8
 CPU1: Booted secondary processor
 CPU1: thread -1, cpu 1, socket 0, mpidr 80000001
 CPU2: Booted secondary processor
@@ -248,7 +248,7 @@
 futex hash table entries: 1024 (order: 4, 65536 bytes)
 bounce pool size: 64 pages
 squashfs: version 4.0 (2009/01/31) Phillip Lougher
-msgmni has been set to 1469
+msgmni has been set to 1468
 io scheduler noop registered (default)
 tegra-apbdma 6000a000.dma: Tegra20 APB DMA driver register 32 channels
 Serial: 8250/16550 driver, 4 ports, IRQ sharing disabled
@@ -361,7 +361,7 @@
 hub 1-0:1.0: USB hub found
 hub 1-0:1.0: 1 port detected
 input: gpio-keys.3 as /devices/soc0/gpio-keys.3/input/input1
-palmas-rtc rtc.8: setting system clock to 2000-04-26 05:17:33 UTC (956726253)
+palmas-rtc rtc.8: setting system clock to 2000-04-29 06:17:38 UTC (956989058)
 ALSA device list:
   #0: NVIDIA Tegra Dalmore
 kjournald starting.  Commit interval 5 seconds
@@ -370,7 +370,7 @@
 EXT3-fs (mmcblk0p1): mounted filesystem with writeback data mode
 VFS: Mounted root (ext3 filesystem) on device 179:1.
 devtmpfs: mounted
-Freeing unused kernel memory: 244K (c0772000 - c07af000)
+Freeing unused kernel memory: 248K (c0791000 - c07cf000)
 bash: cannot set terminal process group (-1): Inappropriate ioctl for device
 bash: no job control in this shell
 I have no name!@(none):/# 
\ No newline at end of file
Diff for ./tegra114-dalmore-headless/tegra114-dalmore/multi_v7_defconfig_log.txt
--- /tmp/fooa	2014-02-02 20:08:25.933373382 -0800
+++ /tmp/foob	2014-02-02 20:08:25.937373385 -0800
@@ -30,7 +30,7 @@
 Load address: 0x81000000
 Loading: *#################################################  2.8 MiB/s
 done
-Bytes transferred = 4474560 (4446c0 hex)
+Bytes transferred = 4505920 (44c140 hex)
 Dalmore #tftpboot 0x82000000 tegra114-dalmore.dtb
 Using asx0 device
 TFTP from server 192.168.100.1; our IP address is 192.168.100.100
@@ -49,13 +49,13 @@
 Timer summary in microseconds:
        Mark    Elapsed  Stage
           0          0  awake
-  3,060,706  3,060,706  usb_start
-  7,064,020  4,003,314  eth_start
-  7,064,018         -2  tftp start
- 11,034,083  3,970,065  tftp done
- 13,075,972  2,041,889  start_kernel
+  3,082,351  3,082,351  usb_start
+  7,085,656  4,003,305  eth_start
+  7,085,654         -2  tftp start
+ 11,058,726  3,973,072  tftp done
+ 13,097,488  2,038,762  start_kernel
 Booting Linux on physical CPU 0x0
-Linux version 3.13.0-next-20140131-13312-g7e8bf24 (pwalmsley@kaivo) (gcc version 4.7.3 20130328 (prerelease) (crosstool-NG linaro-1.13.1-4.7-2013.04-20130415 - Linaro GCC 2013.04) ) #1 SMP Thu Jan 30 18:47:19 PST 2014
+Linux version 3.13.0-next-20140203-13440-g01ed8c4 (pwalmsley@kaivo) (gcc version 4.7.3 20130328 (prerelease) (crosstool-NG linaro-1.13.1-4.7-2013.04-20130415 - Linaro GCC 2013.04) ) #1 SMP Sun Feb 2 19:47:21 PST 2014
 CPU: ARMv7 Processor [412fc0f2] revision 2 (ARMv7), cr=10c5387d
 CPU: PIPT / VIPT nonaliasing data cache, PIPT instruction cache
 Machine model: NVIDIA Tegra114 Dalmore evaluation board
@@ -63,7 +63,7 @@
 cma: CMA: reserved 16 MiB at ae800000
 Memory policy: Data cache writealloc
 On node 0 totalpages: 524032
-free_area_init_node: node 0, pgdat c0920e80, node_mem_map ed7f1000
+free_area_init_node: node 0, pgdat c0930b40, node_mem_map ed7f1000
   DMA zone: 1520 pages used for memmap
   DMA zone: 0 pages reserved
   DMA zone: 194560 pages, LIFO batch:31
@@ -78,7 +78,7 @@
 PID hash table entries: 4096 (order: 2, 16384 bytes)
 Dentry cache hash table entries: 131072 (order: 7, 524288 bytes)
 Inode-cache hash table entries: 65536 (order: 6, 262144 bytes)
-Memory: 2052640K/2096128K available (5794K kernel code, 682K rwdata, 2328K rodata, 512K init, 284K bss, 43488K reserved, 1317888K highmem)
+Memory: 2052576K/2096128K available (5851K kernel code, 681K rwdata, 2340K rodata, 512K init, 284K bss, 43552K reserved, 1317888K highmem)
 Virtual kernel memory layout:
     vector  : 0xffff0000 - 0xffff1000   (   4 kB)
     fixmap  : 0xfff00000 - 0xfffe0000   ( 896 kB)
@@ -86,10 +86,10 @@
     lowmem  : 0xc0000000 - 0xef800000   ( 760 MB)
     pkmap   : 0xbfe00000 - 0xc0000000   (   2 MB)
     modules : 0xbf000000 - 0xbfe00000   (  14 MB)
-      .text : 0xc0008000 - 0xc07f6b78   (8123 kB)
-      .init : 0xc07f7000 - 0xc0877000   ( 512 kB)
-      .data : 0xc0878000 - 0xc0922a00   ( 683 kB)
-       .bss : 0xc0922a08 - 0xc0969b40   ( 285 kB)
+      .text : 0xc0008000 - 0xc0807fbc   (8192 kB)
+      .init : 0xc0808000 - 0xc0888000   ( 512 kB)
+      .data : 0xc0888000 - 0xc09326c0   ( 682 kB)
+       .bss : 0xc09326c8 - 0xc0979840   ( 285 kB)
 SLUB: HWalign=64, Order=0-3, MinObjects=0, CPUs=4, Nodes=1
 Hierarchical RCU implementation.
 NR_IRQS:16 nr_irqs:16 16
@@ -107,7 +107,7 @@
 /cpus/cpu@2 missing clock-frequency property
 /cpus/cpu@3 missing clock-frequency property
 CPU0: thread -1, cpu 0, socket 0, mpidr 80000000
-Setting up static identity map for 0x80579ee8 - 0x80579f80
+Setting up static identity map for 0x80587298 - 0x80587330
 unable to find compatible sirf rstc node in dtb
 CPU1: Booted secondary processor
 CPU1: thread -1, cpu 1, socket 0, mpidr 80000001
@@ -247,7 +247,7 @@
 NFS: Registering the id_resolver key type
 Key type id_resolver registered
 Key type id_legacy registered
-msgmni has been set to 1467
+msgmni has been set to 1466
 Block layer SCSI generic (bsg) driver version 0.4 loaded (major 250)
 io scheduler noop registered
 io scheduler deadline registered
@@ -323,3 +323,53 @@
  mmcblk0boot0: unknown partition table
 random: nonblocking pool is initialized
 tegra30-i2s 70080400.i2s: DMA channels sourced from device 70080000.ahub
+tegra-snd-rt5640 sound.5: rt5640-aif1 <-> 70080400.i2s mapping ok
+input: NVIDIA Tegra Dalmore Headphones as /devices/soc0/sound.5/sound/card0/input0
+TCP: cubic registered
+NET: Registered protocol family 17
+Key type dns_resolver registered
+Registering SWP/SWPB emulation handler
+hvdd-usb: disabling
+vdd-af-cam1: disabling
+LDO5: disabling
+vpp-fuse: disabling
+avdd-cam2: disabling
+avdd-cam1: disabling
+vdd-com-3v3: disabling
+vdd-lvds: disabling
+avdd-lcd: disabling
+dvdd_ts: 1800 mV 
+usb1_vbus: 5000 mV 
+usb1_vbus: supplied by vdd-sys-5v0
+usb2_vbus: 5000 mV 
+usb2_vbus: supplied by vdd-sys-5v0
+vdd_hdmi_5v0: 5000 mV 
+vdd_hdmi_5v0: supplied by vdd-sys-5v0
+vdd_cam_1v8_reg: 1800 mV 
+[drm] Supports vblank timestamp caching Rev 2 (21.10.2013).
+[drm] No driver support for vblank timestamp query.
+Console: switching to colour frame buffer device 240x75
+host1x drm: fb0:  frame buffer device
+host1x drm: registered panic notifier
+[drm] Initialized tegra 0.0.0 20120330 on minor 0
+platform 7d008000.usb: Driver tegra-ehci requests probe deferral
+tegra-ehci 7d008000.usb: EHCI Host Controller
+tegra-ehci 7d008000.usb: new USB bus registered, assigned bus number 1
+tegra-ehci 7d008000.usb: irq 129, io mem 0x7d008000
+tegra-ehci 7d008000.usb: USB 2.0 started, EHCI 1.10
+hub 1-0:1.0: USB hub found
+hub 1-0:1.0: 1 port detected
+input: gpio-keys.3 as /devices/soc0/gpio-keys.3/input/input1
+palmas-rtc rtc.8: setting system clock to 2000-04-29 06:16:31 UTC (956988991)
+spear_cpufreq: Invalid cpufreq_tbl
+ALSA device list:
+  #0: NVIDIA Tegra Dalmore
+EXT4-fs (mmcblk0p1): mounting ext3 file system using the ext4 subsystem
+EXT4-fs (mmcblk0p1): recovery complete
+EXT4-fs (mmcblk0p1): mounted filesystem with ordered data mode. Opts: (null)
+VFS: Mounted root (ext3 filesystem) on device 179:1.
+devtmpfs: mounted
+Freeing unused kernel memory: 512K (c0808000 - c0888000)
+bash: cannot set terminal process group (-1): Inappropriate ioctl for device
+bash: no job control in this shell
+I have no name!@(none):/# [   50.927307] usb 1-1: new high-speed USB device number 2 using tegra-ehci
Diff for ./tegra114-dalmore-headless/tegra114-dalmore/tegra_defconfig%tegra114_mergeconfig_log.txt
--- /tmp/fooa	2014-02-02 20:08:25.945373389 -0800
+++ /tmp/foob	2014-02-02 20:08:25.945373389 -0800
@@ -30,7 +30,7 @@
 Load address: 0x81000000
 Loading: *#################################################  2.8 MiB/s
 done
-Bytes transferred = 4152472 (3f5c98 hex)
+Bytes transferred = 4201792 (401d40 hex)
 Dalmore #tftpboot 0x82000000 tegra114-dalmore.dtb
 Using asx0 device
 TFTP from server 192.168.100.1; our IP address is 192.168.100.100
@@ -49,16 +49,16 @@
 Timer summary in microseconds:
        Mark    Elapsed  Stage
           0          0  awake
-  3,084,142  3,084,142  usb_start
-  7,089,009  4,004,867  eth_start
-  7,089,007         -2  tftp start
- 10,944,388  3,855,381  tftp done
- 13,099,250  2,154,862  start_kernel
+  3,040,383  3,040,383  usb_start
+  7,045,252  4,004,869  eth_start
+  7,045,249         -3  tftp start
+ 10,950,756  3,905,507  tftp done
+ 13,055,552  2,104,796  start_kernel
 Uncompressing Linux... done, booting the kernel.
 Booting Linux on physical CPU 0x0
 Initializing cgroup subsys cpu
 Initializing cgroup subsys cpuacct
-Linux version 3.13.0-next-20140131-13312-g7e8bf24 (pwalmsley@kaivo) (gcc version 4.7.3 20130328 (prerelease) (crosstool-NG linaro-1.13.1-4.7-2013.04-20130415 - Linaro GCC 2013.04) ) #1 SMP PREEMPT Thu Jan 30 18:51:23 PST 2014
+Linux version 3.13.0-next-20140203-13440-g01ed8c4 (pwalmsley@kaivo) (gcc version 4.7.3 20130328 (prerelease) (crosstool-NG linaro-1.13.1-4.7-2013.04-20130415 - Linaro GCC 2013.04) ) #1 SMP PREEMPT Sun Feb 2 19:51:22 PST 2014
 CPU: ARMv7 Processor [412fc0f2] revision 2 (ARMv7), cr=10c5387d
 CPU: PIPT / VIPT nonaliasing data cache, PIPT instruction cache
 Machine model: NVIDIA Tegra114 Dalmore evaluation board
@@ -66,7 +66,7 @@
 cma: CMA: reserved 16 MiB at ae800000
 Memory policy: Data cache writealloc
 On node 0 totalpages: 524032
-free_area_init_node: node 0, pgdat c07de340, node_mem_map ed7f0000
+free_area_init_node: node 0, pgdat c07fd280, node_mem_map ed7f0000
   Normal zone: 1520 pages used for memmap
   Normal zone: 0 pages reserved
   Normal zone: 194560 pages, LIFO batch:31
@@ -81,7 +81,7 @@
 PID hash table entries: 4096 (order: 2, 16384 bytes)
 Dentry cache hash table entries: 131072 (order: 7, 524288 bytes)
 Inode-cache hash table entries: 65536 (order: 6, 262144 bytes)
-Memory: 2053860K/2096128K available (5677K kernel code, 302K rwdata, 1812K rodata, 232K init, 336K bss, 42268K reserved, 1317888K highmem)
+Memory: 2053732K/2096128K available (5742K kernel code, 306K rwdata, 1864K rodata, 232K init, 340K bss, 42396K reserved, 1317888K highmem)
 Virtual kernel memory layout:
     vector  : 0xffff0000 - 0xffff1000   (   4 kB)
     fixmap  : 0xfff00000 - 0xfffe0000   ( 896 kB)
@@ -89,10 +89,10 @@
     lowmem  : 0xc0000000 - 0xef800000   ( 760 MB)
     pkmap   : 0xbfe00000 - 0xc0000000   (   2 MB)
     modules : 0xbf000000 - 0xbfe00000   (  14 MB)
-      .text : 0xc0008000 - 0xc07588a8   (7491 kB)
-      .init : 0xc0759000 - 0xc0793380   ( 233 kB)
-      .data : 0xc0794000 - 0xc07dfaa0   ( 303 kB)
-       .bss : 0xc07dfaac - 0xc0833cd8   ( 337 kB)
+      .text : 0xc0008000 - 0xc0775fb0   (7608 kB)
+      .init : 0xc0776000 - 0xc07b0380   ( 233 kB)
+      .data : 0xc07b2000 - 0xc07fe9e0   ( 307 kB)
+       .bss : 0xc07fe9ec - 0xc0853d58   ( 341 kB)
 Preemptible hierarchical RCU implementation.
 NR_IRQS:16 nr_irqs:16 16
 sched_clock: 32 bits at 1000kHz, resolution 1000ns, wraps every 2147483648000ns
@@ -111,7 +111,7 @@
 /cpus/cpu@2 missing clock-frequency property
 /cpus/cpu@3 missing clock-frequency property
 CPU0: thread -1, cpu 0, socket 0, mpidr 80000000
-Setting up static identity map for 0x80561ca8 - 0x80561d40
+Setting up static identity map for 0x805716e8 - 0x80571780
 CPU1: Booted secondary processor
 CPU1: thread -1, cpu 1, socket 0, mpidr 80000001
 CPU2: Booted secondary processor
@@ -368,7 +368,7 @@
 platform sound.5: Driver tegra-snd-rt5640 requests probe deferral
 input: gpio-keys.3 as /devices/soc0/gpio-keys.3/input/input0
 tegra-snd-rt5640 sound.5: ASoC: CPU DAI (null) not registered
-palmas-rtc rtc.8: setting system clock to 2000-04-26 05:19:29 UTC (956726369)
+palmas-rtc rtc.8: setting system clock to 2000-04-29 06:19:34 UTC (956989174)
 tegra-snd-rt5640 sound.5: snd_soc_register_card failed (-517)
 platform sound.5: Driver tegra-snd-rt5640 requests probe deferral
 ALSA device list:
@@ -379,7 +379,7 @@
 EXT3-fs (mmcblk0p1): mounted filesystem with writeback data mode
 VFS: Mounted root (ext3 filesystem) on device 179:1.
 devtmpfs: mounted
-Freeing unused kernel memory: 232K (c0759000 - c0793000)
+Freeing unused kernel memory: 232K (c0776000 - c07b0000)
 bash: cannot set terminal process group (-1): Inappropriate ioctl for device
 bash: no job control in this shell
-I have no name!@(none):/# [    2.991020] usb 1-1: new high-speed USB device number 2 using tegra-ehci
+I have no name!@(none):/# 
\ No newline at end of file
