
U-Boot SPL 2014.07-00097-g772e173 (Jul 25 2014 - 20:02:52)


U-Boot 2014.07-00097-g772e173 (Jul 25 2014 - 20:02:52)

TEGRA124
Board: NVIDIA Jetson TK1
I2C:   ready
DRAM:  2 GiB
MMC:   Tegra SD/MMC: 0, Tegra SD/MMC: 1
In:    serial
Out:   serial
Err:   serial
Net:   Net Initialization Skipped
No ethernet found.
Hit any key to stop autoboot:  2  0 
Tegra124 (Jetson TK1) # 
Tegra124 (Jetson TK1) # usb reset
(Re)start USB...
USB0:   USB EHCI 1.10
scanning bus 0 for devices... 1 USB Device(s) found
USB1:   USB EHCI 1.10
scanning bus 1 for devices... 2 USB Device(s) found
       scanning usb for storage devices... 0 Storage Device(s) found
       scanning usb for ethernet devices... 
Warning: asx0 using MAC address from net device
1 Ethernet Device(s) found
Tegra124 (Jetson TK1) # setenv bootargs 'ignore_loglevel console=ttyS0,115200n8 rw root=PARTUUID=8683e640-b305-6c03-ae83-3c34ba91e1b7 rootwait gpt debug noinitrd earlyprintk init=/bin/bash'
Tegra124 (Jetson TK1) # setenv ipaddr 192.168.100.102; setenv serverip 192.168.100.1; setenv tftpserverip 192.168.100.1
Tegra124 (Jetson TK1) # tftpboot 0x82000000 zImage.tegra_defconfig
Using asx0 device
TFTP from server 192.168.100.1; our IP address is 192.168.100.102
Filename 'zImage.tegra_defconfig'.
Load address: 0x82000000
Loading: *#################################################################
	 #################################################################
	 #################################################################
	 #################################################################
	 #################################################################
	 #######################################
	 3.2 MiB/s
done
Bytes transferred = 5329528 (515278 hex)
Tegra124 (Jetson TK1) # tftpboot 0x83000000 tegra124-jetson-tk1.dtb
Using asx0 device
TFTP from server 192.168.100.1; our IP address is 192.168.100.102
Filename 'tegra124-jetson-tk1.dtb'.
Load address: 0x83000000
Loading: *#####
	 2.9 MiB/s
done
Bytes transferred = 64488 (fbe8 hex)
Tegra124 (Jetson TK1) # bootz 0x82000000 - 0x83000000
Kernel image @ 0x82000000 [ 0x000000 - 0x515278 ]
## Flattened Device Tree blob at 83000000
   Booting using the fdt blob at 0x83000000
   Using Device Tree in place at 83000000, end 83012be7

Starting kernel ...

Uncompressing Linux... done, booting the kernel.
[    0.000000] Booting Linux on physical CPU 0x0
[    0.000000] Linux version 4.6.0-rc3-next-20160415-87276-gaec98d5 (pwalmsley@kaivo) (gcc version 4.7.3 20130328 (prerelease) (crosstool-NG linaro-1.13.1-4.7-2013.04-20130415 - Linaro GCC 2013.04) ) #1 SMP PREEMPT Thu Apr 14 22:23:14 PDT 2016
[    0.000000] CPU: ARMv7 Processor [413fc0f3] revision 3 (ARMv7), cr=10c5387d
[    0.000000] CPU: div instructions available: patching division code
[    0.000000] CPU: PIPT / VIPT nonaliasing data cache, PIPT instruction cache
[    0.000000] Machine model: NVIDIA Tegra124 Jetson TK1
[    0.000000] debug: ignoring loglevel setting.
[    0.000000] bootconsole [earlycon0] enabled
[    0.000000] cma: Reserved 64 MiB at 0xfbc00000
[    0.000000] Memory policy: Data cache writealloc
[    0.000000] On node 0 totalpages: 524032
[    0.000000] free_area_init_node: node 0, pgdat c0c5c340, node_mem_map eeff7000
[    0.000000]   Normal zone: 1536 pages used for memmap
[    0.000000]   Normal zone: 0 pages reserved
[    0.000000]   Normal zone: 196608 pages, LIFO batch:31
[    0.000000]   HighMem zone: 327424 pages, LIFO batch:31
[    0.000000] percpu: Embedded 12 pages/cpu @eef8e000 s19776 r8192 d21184 u49152
[    0.000000] pcpu-alloc: s19776 r8192 d21184 u49152 alloc=12*4096
[    0.000000] pcpu-alloc: [0] 0 [0] 1 [0] 2 [0] 3 
[    0.000000] Built 1 zonelists in Zone order, mobility grouping on.  Total pages: 522496
[    0.000000] Kernel command line: ignore_loglevel console=ttyS0,115200n8 rw root=PARTUUID=8683e640-b305-6c03-ae83-3c34ba91e1b7 rootwait gpt debug noinitrd earlyprintk init=/bin/bash
[    0.000000] PID hash table entries: 4096 (order: 2, 16384 bytes)
[    0.000000] Dentry cache hash table entries: 131072 (order: 7, 524288 bytes)
[    0.000000] Inode-cache hash table entries: 65536 (order: 6, 262144 bytes)
[    0.000000] Memory: 2000888K/2096128K available (7413K kernel code, 375K rwdata, 2524K rodata, 1024K init, 362K bss, 29704K reserved, 65536K cma-reserved, 1244160K highmem)
[    0.000000] Virtual kernel memory layout:
[    0.000000]     vector  : 0xffff0000 - 0xffff1000   (   4 kB)
[    0.000000]     fixmap  : 0xffc00000 - 0xfff00000   (3072 kB)
[    0.000000]     vmalloc : 0xf0800000 - 0xff800000   ( 240 MB)
[    0.000000]     lowmem  : 0xc0000000 - 0xf0000000   ( 768 MB)
[    0.000000]     pkmap   : 0xbfe00000 - 0xc0000000   (   2 MB)
[    0.000000]     modules : 0xbf000000 - 0xbfe00000   (  14 MB)
[    0.000000]       .text : 0xc0008000 - 0xc0ab4498   (10930 kB)
[    0.000000]       .init : 0xc0b00000 - 0xc0c00000   (1024 kB)
[    0.000000]       .data : 0xc0c00000 - 0xc0c5dec0   ( 376 kB)
[    0.000000]        .bss : 0xc0c5f000 - 0xc0cb9a4c   ( 363 kB)
[    0.000000] Preemptible hierarchical RCU implementation.
[    0.000000] 	Build-time adjustment of leaf fanout to 32.
[    0.000000] NR_IRQS:16 nr_irqs:16 16
[    0.000000] /interrupt-controller@60004000: 160 interrupts forwarded to /interrupt-controller@0,50041000
[    0.000000] Tegra clk 127: register failed with -17
[    0.000008] sched_clock: 32 bits at 1000kHz, resolution 1000ns, wraps every 2147483647500ns
[    0.007312] clocksource: timer_us: mask: 0xffffffff max_cycles: 0xffffffff, max_idle_ns: 1911260446275 ns
[    0.016923] Switching to timer-based delay loop, resolution 1000ns
[    0.024345] Architected cp15 timer(s) running at 12.00MHz (virt).
[    0.029319] clocksource: arch_sys_counter: mask: 0xffffffffffffff max_cycles: 0x2c47f4ee7, max_idle_ns: 440795202497 ns
[    0.040154] sched_clock: 56 bits at 12MHz, resolution 83ns, wraps every 4398046511096ns
[    0.048208] Switching to timer-based delay loop, resolution 83ns
[    0.054726] Console: colour dummy device 80x30
[    0.058793] Calibrating delay loop (skipped), value calculated using timer frequency.. 24.00 BogoMIPS (lpj=120000)
[    0.069177] pid_max: default: 32768 minimum: 301
[    0.074432] Mount-cache hash table entries: 2048 (order: 1, 8192 bytes)
[    0.080549] Mountpoint-cache hash table entries: 2048 (order: 1, 8192 bytes)
[    0.089066] CPU: Testing write buffer coherency: ok
[    0.092859] /cpus/cpu@0 missing clock-frequency property
[    0.097979] /cpus/cpu@1 missing clock-frequency property
[    0.103374] /cpus/cpu@2 missing clock-frequency property
[    0.108727] /cpus/cpu@3 missing clock-frequency property
[    0.114089] CPU0: thread -1, cpu 0, socket 0, mpidr 80000000
[    0.119805] Setting up static identity map for 0x80100000 - 0x80100098
[    0.128089] Tegra Revision: A01 SKU: 129 CPU Process: 1 SoC Process: 1
[    0.134869] CPU1: thread -1, cpu 1, socket 0, mpidr 80000001
[    0.137448] CPU2: thread -1, cpu 2, socket 0, mpidr 80000002
[    0.147467] CPU3: thread -1, cpu 3, socket 0, mpidr 80000003
[    0.156456] Brought up 4 CPUs
[    0.174762] SMP: Total of 4 processors activated (96.00 BogoMIPS).
[    0.180999] CPU: All CPU(s) started in SVC mode.
[    0.187561] devtmpfs: initialized
[    0.237548] VFP support v0.3: implementor 41 architecture 4 part 30 variant f rev 0
[    0.243944] clocksource: jiffies: mask: 0xffffffff max_cycles: 0xffffffff, max_idle_ns: 19112604462750000 ns
[    0.254636] pinctrl core: initialized pinctrl subsystem
[    0.260464] NET: Registered protocol family 16
[    0.264422] DMA: preallocated 256 KiB pool for atomic coherent allocations
[    0.293356] cpuidle: using governor menu
[    0.319476] No ATAGs?
[    0.319683] hw-breakpoint: found 5 (+1 reserved) breakpoint and 4 watchpoint registers.
[    0.328003] hw-breakpoint: maximum watchpoint size is 8 bytes.
[    0.391818] +5V_SYS: supplied by +VDD_MUX
[    0.394581] +3.3V_SYS: supplied by +VDD_MUX
[    0.399092] +USB0_VBUS_SW: Failed to request enable GPIO108: -517
[    0.404412] reg-fixed-voltage regulators:regulator@7: Failed to register regulator: -517
[    0.412696] +5V_USB_HS: Failed to request enable GPIO109: -517
[    0.418450] reg-fixed-voltage regulators:regulator@8: Failed to register regulator: -517
[    0.426846] +1.05V_RUN_AVDD_HDMI_PLL: Failed to request enable GPIO63: -517
[    0.433617] reg-fixed-voltage regulators:regulator@11: Failed to register regulator: -517
[    0.441985] +5V_HDMI_CON: Failed to request enable GPIO86: -517
[    0.447829] reg-fixed-voltage regulators:regulator@12: Failed to register regulator: -517
[    0.456198] +5V_SATA: Failed to request enable GPIO242: -517
[    0.461782] reg-fixed-voltage regulators:regulator@13: Failed to register regulator: -517
[    0.470150] +12V_SATA: Failed to request enable GPIO242: -517
[    0.475823] reg-fixed-voltage regulators:regulator@14: Failed to register regulator: -517
[    0.485974] vgaarb: loaded
[    0.488303] SCSI subsystem initialized
[    0.490951] libata version 3.00 loaded.
[    0.495268] usbcore: registered new interface driver usbfs
[    0.500269] usbcore: registered new interface driver hub
[    0.505660] usbcore: registered new device driver usb
[    0.514881] Linux video capture interface: v2.00
[    0.517794] pps_core: LinuxPPS API ver. 1 registered
[    0.522697] pps_core: Software ver. 5.3.6 - Copyright 2005-2007 Rodolfo Giometti <giometti@linux.it>
[    0.531951] PTP clock support registered
[    0.537666] Advanced Linux Sound Architecture Driver Initialized.
[    0.543686] Bluetooth: Core ver 2.21
[    0.545729] NET: Registered protocol family 31
[    0.550171] Bluetooth: HCI device and connection manager initialized
[    0.556626] Bluetooth: HCI socket layer initialized
[    0.561537] Bluetooth: L2CAP socket layer initialized
[    0.566708] Bluetooth: SCO socket layer initialized
[    0.573105] clocksource: Switched to clocksource arch_sys_counter
[    0.602132] NET: Registered protocol family 2
[    0.606037] TCP established hash table entries: 8192 (order: 3, 32768 bytes)
[    0.611862] TCP bind hash table entries: 8192 (order: 4, 65536 bytes)
[    0.618471] TCP: Hash tables configured (established 8192 bind 8192)
[    0.625142] UDP hash table entries: 512 (order: 2, 16384 bytes)
[    0.630696] UDP-Lite hash table entries: 512 (order: 2, 16384 bytes)
[    0.637519] NET: Registered protocol family 1
[    0.642206] RPC: Registered named UNIX socket transport module.
[    0.647503] RPC: Registered udp transport module.
[    0.652243] RPC: Registered tcp transport module.
[    0.657027] RPC: Registered tcp NFSv4.1 backchannel transport module.
[    0.663530] PCI: CLS 0 bytes, default 64
[    0.669433] hw perfevents: enabled with armv7_cortex_a15 PMU driver, 7 counters available
[    0.678502] futex hash table entries: 1024 (order: 4, 65536 bytes)
[    0.684581] workingset: timestamp_bits=28 max_order=19 bucket_order=0
[    0.690887] squashfs: version 4.0 (2009/01/31) Phillip Lougher
[    0.696244] NFS: Registering the id_resolver key type
[    0.700388] Key type id_resolver registered
[    0.704629] Key type id_legacy registered
[    0.712901] bounce: pool size: 64 pages
[    0.714957] io scheduler noop registered (default)
[    0.730052] tegra-pcie 1003000.pcie-controller: 2x1, 1x1 configuration
[    0.734841] tegra-pcie 1003000.pcie-controller: Failed to get supply 'avddio-pex': -517
[    0.754203] tegra-apbdma 60020000.dma: Tegra20 APB DMA driver register 32 channels
[    0.760871] tegra-pmc 7000e400.pmc: emergency thermal reset enabled
[    0.767073] Serial: 8250/16550 driver, 4 ports, IRQ sharing disabled
[    0.776479] console [ttyS0] disabled
[    0.778275] 70006300.serial: ttyS0 at MMIO 0x70006300 (irq = 331, base_baud = 25500000) is a Tegra
[    0.787326] console [ttyS0] enabled
[    0.787326] console [ttyS0] enabled
[    0.793617] bootconsole [earlycon0] disabled
[    0.793617] bootconsole [earlycon0] disabled
[    0.803517] serial-tegra serial@70006000: failed to get alias id, errno -19
[    0.811776] serial-tegra serial@70006040: failed to get alias id, errno -19
[    0.820545] [drm] Initialized drm 1.1.0 20060810
[    0.826427] tegra-hdmi 54280000.hdmi: failed to get HDMI regulator
[    0.851196] loop: module loaded
[    0.855270] at24 0-0056: 256 byte 24c02 EEPROM, writable, 8 bytes/write
[    0.862680] as3722 4-0040: AS3722 with revision 0x1 found
[    0.876101] +1.35V_LP0(sd3): Bringing 0uV into 1350000-1350000uV
[    0.882870] +1.05V_RUN: Bringing 0uV into 1050000-1050000uV
[    0.892731] +1.8V_RUN_CAM: Bringing 0uV into 1800000-1800000uV
[    0.900683] +1.05V_LP0_VDD_RTC: Bringing 1100000uV into 1000000-1000000uV
[    0.908902] +2.8V_RUN_CAM: Bringing 0uV into 2800000-2800000uV
[    0.915552] +1.2V_RUN_CAM_FRONT: Bringing 0uV into 1200000-1200000uV
[    0.922712] +VDDIO_SDMMC3: failed to get the current voltage(-22)
[    0.928827] as3722-regulator as3722-regulator: regulator 13 register failed -22
[    0.939492] as3722-regulator: probe of as3722-regulator failed with error -22
[    0.948791] tegra-ahci 70027000.sata: Failed to get supply 'avdd': -517
[    0.955455] tegra-ahci 70027000.sata: Failed to get regulators
[    0.974241] m25p80 spi32765.0: w25q32dw (4096 Kbytes)
[    0.992522] CAN device driver interface
[    0.996488] igb: Intel(R) Gigabit Ethernet Network Driver - version 5.3.0-k
[    1.003456] igb: Copyright (c) 2007-2014 Intel Corporation.
[    1.009356] pegasus: v0.9.3 (2013/04/25), Pegasus/Pegasus II USB Ethernet driver
[    1.016886] usbcore: registered new interface driver pegasus
[    1.022696] usbcore: registered new interface driver asix
[    1.028233] usbcore: registered new interface driver ax88179_178a
[    1.034456] usbcore: registered new interface driver cdc_ether
[    1.040450] usbcore: registered new interface driver smsc75xx
[    1.046381] usbcore: registered new interface driver smsc95xx
[    1.052235] usbcore: registered new interface driver net1080
[    1.058029] usbcore: registered new interface driver cdc_subset
[    1.064082] usbcore: registered new interface driver zaurus
[    1.069816] usbcore: registered new interface driver cdc_ncm
[    1.075803] tegra-phy 7d004000.usb-phy: no vbus regulator
[    1.081643] ehci_hcd: USB 2.0 'Enhanced' Host Controller (EHCI) Driver
[    1.088184] ehci-pci: EHCI PCI platform driver
[    1.092740] tegra-ehci: Tegra EHCI driver
[    1.097030] ------------[ cut here ]------------
[    1.101658] WARNING: CPU: 0 PID: 1 at drivers/reset/core.c:187 __of_reset_control_get+0x1b4/0x218
[    1.110533] Modules linked in:
[    1.113615] CPU: 0 PID: 1 Comm: swapper/0 Not tainted 4.6.0-rc3-next-20160415-87276-gaec98d5 #1
[    1.122297] Hardware name: NVIDIA Tegra SoC (Flattened Device Tree)
[    1.128574] [<c010f1f8>] (unwind_backtrace) from [<c010a86c>] (show_stack+0x10/0x14)
[    1.136316] [<c010a86c>] (show_stack) from [<c033a9d4>] (dump_stack+0x84/0xa4)
[    1.143539] [<c033a9d4>] (dump_stack) from [<c011f0dc>] (__warn+0xd4/0x100)
[    1.150498] [<c011f0dc>] (__warn) from [<c011f128>] (warn_slowpath_null+0x20/0x28)
[    1.158062] [<c011f128>] (warn_slowpath_null) from [<c03b933c>] (__of_reset_control_get+0x1b4/0x218)
[    1.167189] [<c03b933c>] (__of_reset_control_get) from [<c050a808>] (tegra_ehci_probe+0x2c8/0x514)
[    1.176142] [<c050a808>] (tegra_ehci_probe) from [<c043910c>] (platform_drv_probe+0x50/0xb0)
[    1.184573] [<c043910c>] (platform_drv_probe) from [<c0437b38>] (driver_probe_device+0x1f4/0x2b0)
[    1.193436] [<c0437b38>] (driver_probe_device) from [<c0437ca0>] (__driver_attach+0xac/0xb0)
[    1.201863] [<c0437ca0>] (__driver_attach) from [<c043615c>] (bus_for_each_dev+0x54/0x88)
[    1.210031] [<c043615c>] (bus_for_each_dev) from [<c043712c>] (bus_add_driver+0xe8/0x1f4)
[    1.218198] [<c043712c>] (bus_add_driver) from [<c043849c>] (driver_register+0x78/0xf4)
[    1.226193] [<c043849c>] (driver_register) from [<c010179c>] (do_one_initcall+0x3c/0x16c)
[    1.234364] [<c010179c>] (do_one_initcall) from [<c0b00d90>] (kernel_init_freeable+0x11c/0x1e8)
[    1.243056] [<c0b00d90>] (kernel_init_freeable) from [<c07df378>] (kernel_init+0x8/0x118)
[    1.251225] [<c07df378>] (kernel_init) from [<c0107938>] (ret_from_fork+0x14/0x3c)
[    1.258812] ---[ end trace 9c433b8511d035ea ]---
[    1.263443] tegra-ehci 7d004000.usb: can't get utmi-pads reset from the PHY
[    1.270394] tegra-ehci 7d004000.usb: continuing, but please update your DT
[    1.277376] tegra-ehci 7d004000.usb: EHCI Host Controller
[    1.282815] tegra-ehci 7d004000.usb: new USB bus registered, assigned bus number 1
[    1.290724] tegra-ehci 7d004000.usb: irq 348, io mem 0x7d004000
[    1.313133] tegra-ehci 7d004000.usb: USB 2.0 started, EHCI 1.10
[    1.320800] hub 1-0:1.0: USB hub found
[    1.324609] hub 1-0:1.0: 1 port detected
[    1.329956] usbcore: registered new interface driver cdc_acm
[    1.335626] cdc_acm: USB Abstract Control Model driver for USB modems and ISDN adapters
[    1.343762] usbcore: registered new interface driver cdc_wdm
[    1.349602] usbcore: registered new interface driver usb-storage
[    1.356378] mousedev: PS/2 mouse device common for all mice
[    1.365681] as3722-rtc as3722-rtc: rtc core: registered as3722-rtc as rtc0
[    1.372549] as3722-rtc as3722-rtc: RTC interrupt 371
[    1.380643] tegra_rtc 7000e000.rtc: rtc core: registered 7000e000.rtc as rtc1
[    1.387888] tegra_rtc 7000e000.rtc: Tegra internal Real Time Clock
[    1.394480] i2c /dev entries driver
[    1.400248] usbcore: registered new interface driver uvcvideo
[    1.406013] USB Video Class driver (1.1.1)
[    1.410101] gspca_main: v2.14.0 registered
[    1.415040] 0-004c supply vcc not found, using dummy regulator
[    1.424296] tegra-wdt 60005000.timer: initialized (heartbeat = 120 sec, nowayout = 0)
[    1.433053] sdhci: Secure Digital Host Controller Interface driver
[    1.439247] sdhci: Copyright(c) Pierre Ossman
[    1.443620] sdhci-pltfm: SDHCI platform and OF driver helper
[    1.449596] sdhci-tegra 700b0400.sdhci: Got CD GPIO
[    1.454516] sdhci-tegra 700b0400.sdhci: Got WP GPIO
[    1.459441] mmc0: Unknown controller version (3). You may experience problems.
[    1.466992] mmc0: Unknown controller version (3). You may experience problems.
[    1.474296] mmc0: Invalid maximum block size, assuming 512 bytes
[    1.523174] mmc0: SDHCI controller on 700b0600.sdhci [700b0600.sdhci] using ADMA 64-bit
[    1.537631] usbcore: registered new interface driver usbhid
[    1.543316] usbhid: USB HID core driver
[    1.558951] tegra124-dfll 70110000.clock: couldn't get vdd_cpu regulator
[    1.600620] mmc0: new high speed MMC card at address 0001
[    1.607003] mmcblk0: mmc0:0001 SEM16G 14.7 GiB 
[    1.611968] mmcblk0boot0: mmc0:0001 SEM16G partition 1 4.00 MiB
[    1.618347] mmcblk0boot1: mmc0:0001 SEM16G partition 2 4.00 MiB
[    1.624744] mmcblk0rpmb: mmc0:0001 SEM16G partition 3 4.00 MiB
[    1.633079] Primary GPT is invalid, using alternate GPT.
[    1.638434]  mmcblk0: p1 p2 p3 p4 p5 p6 p7 p8 p9
[    1.986525] tegra30-i2s 70301100.i2s: DMA channels sourced from device 70300000.ahub
[    2.001660] rt5640 0-001c: ASoC: no source widget found for DAC L2 Power
[    2.008384] rt5640 0-001c: ASoC: Failed to add route DAC L2 Power -> direct -> IF2 DAC L
[    2.016523] rt5640 0-001c: ASoC: no source widget found for DAC R2 Power
[    2.023248] rt5640 0-001c: ASoC: Failed to add route DAC R2 Power -> direct -> IF2 DAC R
[    2.033779] tegra-snd-rt5640 sound: rt5640-aif1 <-> 70301100.i2s mapping ok
[    2.045600] input: NVIDIA Tegra Jetson TK1 Headphones as /devices/soc0/sound/sound/card1/input0
[    2.057064] NET: Registered protocol family 10
[    2.063144] mip6: Mobile IPv6
[    2.066110] sit: IPv6 over IPv4 tunneling driver
[    2.074949] input: tegra-hda HDMI/DP,pcm=3 as /devices/soc0/70030000.hda/sound/card0/input1
[    2.083969] NET: Registered protocol family 17
[    2.088444] NET: Registered protocol family 15
[    2.092881] can: controller area network core (rev 20120528 abi 9)
[    2.099267] NET: Registered protocol family 29
[    2.103727] can: raw protocol (rev 20120528)
[    2.107993] can: broadcast manager protocol (rev 20120528 t)
[    2.113675] can: netlink gateway (rev 20130117) max_hops=1
[    2.119348] Bluetooth: RFCOMM socket layer initialized
[    2.124534] Bluetooth: RFCOMM ver 1.11
[    2.128288] Bluetooth: BNEP (Ethernet Emulation) ver 1.3
[    2.133625] Bluetooth: BNEP socket layer initialized
[    2.138581] Bluetooth: HIDP (Human Interface Emulation) ver 1.2
[    2.144521] Bluetooth: HIDP socket layer initialized
[    2.149811] Key type dns_resolver registered
[    2.155365] Registering SWP/SWPB emulation handler
[    2.163326] +3.3V_RUN: supplied by +3.3V_SYS
[    2.167687] +3.3V_AVDD_HDMI_AP_GATED: supplied by +3.3V_RUN
[    2.174713] +USB0_VBUS_SW: supplied by +5V_SYS
[    2.179908] +5V_USB_HS: supplied by +5V_SYS
[    2.185514] +3.3V_LP0: supplied by +3.3V_SYS
[    2.192371] tegra-pcie 1003000.pcie-controller: 2x1, 1x1 configuration
[    2.199017] tegra-pcie 1003000.pcie-controller: Failed to get supply 'avddio-pex': -517
[    2.207728] +5V_HDMI_CON: supplied by +5V_SYS
[    2.212282] tegra-hdmi 54280000.hdmi: failed to get PLL regulator
[    2.219106] tegra-ahci 70027000.sata: Failed to get supply 'avdd': -517
[    2.225827] tegra-ahci 70027000.sata: Failed to get regulators
[    2.232803] tegra-ehci 7d008000.usb: EHCI Host Controller
[    2.238312] tegra-ehci 7d008000.usb: new USB bus registered, assigned bus number 2
[    2.246396] tegra-ehci 7d008000.usb: irq 349, io mem 0x7d008000
[    2.263267] tegra-ehci 7d008000.usb: USB 2.0 started, EHCI 1.10
[    2.271108] hub 2-0:1.0: USB hub found
[    2.274973] hub 2-0:1.0: 1 port detected
[    2.280350] sdhci-tegra 700b0400.sdhci: Got CD GPIO
[    2.285378] sdhci-tegra 700b0400.sdhci: Got WP GPIO
[    2.290349] mmc1: Unknown controller version (3). You may experience problems.
[    2.298203] cpu cpu0: _opp_add: duplicate OPPs detected. Existing: freq: 204000000, volt: 900000, enabled: 1. New: freq: 204000000, volt: 900000, enabled: 1
[    2.312262] cpu cpu0: _opp_add: duplicate OPPs detected. Existing: freq: 306000000, volt: 900000, enabled: 1. New: freq: 306000000, volt: 900000, enabled: 1
[    2.326311] cpu cpu0: _opp_add: duplicate OPPs detected. Existing: freq: 408000000, volt: 900000, enabled: 1. New: freq: 408000000, volt: 900000, enabled: 1
[    2.340311] cpu cpu0: _opp_add: duplicate OPPs detected. Existing: freq: 510000000, volt: 900000, enabled: 1. New: freq: 510000000, volt: 900000, enabled: 1
[    2.354308] cpu cpu0: _opp_add: duplicate OPPs detected. Existing: freq: 612000000, volt: 900000, enabled: 1. New: freq: 612000000, volt: 900000, enabled: 1
[    2.368303] cpu cpu0: _opp_add: duplicate OPPs detected. Existing: freq: 714000000, volt: 900000, enabled: 1. New: freq: 714000000, volt: 900000, enabled: 1
[    2.382424] cpu cpu0: _opp_add: duplicate OPPs detected. Existing: freq: 816000000, volt: 900000, enabled: 1. New: freq: 816000000, volt: 900000, enabled: 1
[    2.396424] cpu cpu0: _opp_add: duplicate OPPs detected. Existing: freq: 918000000, volt: 900000, enabled: 1. New: freq: 918000000, volt: 900000, enabled: 1
[    2.410420] cpu cpu0: _opp_add: duplicate OPPs detected. Existing: freq: 1020000000, volt: 900000, enabled: 1. New: freq: 1020000000, volt: 900000, enabled: 1
[    2.424591] cpu cpu0: _opp_add: duplicate OPPs detected. Existing: freq: 1122000000, volt: 900000, enabled: 1. New: freq: 1122000000, volt: 900000, enabled: 1
[    2.438760] cpu cpu0: _opp_add: duplicate OPPs detected. Existing: freq: 1224000000, volt: 900000, enabled: 1. New: freq: 1224000000, volt: 900000, enabled: 1
[    2.452929] cpu cpu0: _opp_add: duplicate OPPs detected. Existing: freq: 1326000000, volt: 900000, enabled: 1. New: freq: 1326000000, volt: 900000, enabled: 1
[    2.467099] cpu cpu0: _opp_add: duplicate OPPs detected. Existing: freq: 1428000000, volt: 900000, enabled: 1. New: freq: 1428000000, volt: 900000, enabled: 1
[    2.481397] cpu cpu0: _opp_add: duplicate OPPs detected. Existing: freq: 1530000000, volt: 900000, enabled: 1. New: freq: 1530000000, volt: 900000, enabled: 1
[    2.495574] cpu cpu0: _opp_add: duplicate OPPs detected. Existing: freq: 1632000000, volt: 920000, enabled: 1. New: freq: 1632000000, volt: 920000, enabled: 1
[    2.509743] cpu cpu0: _opp_add: duplicate OPPs detected. Existing: freq: 1734000000, volt: 960000, enabled: 1. New: freq: 1734000000, volt: 960000, enabled: 1
[    2.523923] cpu cpu0: _opp_add: duplicate OPPs detected. Existing: freq: 1836000000, volt: 990000, enabled: 1. New: freq: 1836000000, volt: 990000, enabled: 1
[    2.538219] cpu cpu0: _opp_add: duplicate OPPs detected. Existing: freq: 1938000000, volt: 1030000, enabled: 1. New: freq: 1938000000, volt: 1030000, enabled: 1
[    2.552565] cpu cpu0: _opp_add: duplicate OPPs detected. Existing: freq: 2014500000, volt: 1060000, enabled: 1. New: freq: 2014500000, volt: 1060000, enabled: 1
[    2.566908] cpu cpu0: _opp_add: duplicate OPPs detected. Existing: freq: 2116500000, volt: 1100000, enabled: 1. New: freq: 2116500000, volt: 1100000, enabled: 1
[    2.581250] cpu cpu0: _opp_add: duplicate OPPs detected. Existing: freq: 2218500000, volt: 1140000, enabled: 1. New: freq: 2218500000, volt: 1140000, enabled: 1
[    2.595598] usb 2-1: new high-speed USB device number 2 using tegra-ehci
[    2.602505] cpu cpu0: _opp_add: duplicate OPPs detected. Existing: freq: 2320500000, volt: 1180000, enabled: 1. New: freq: 2320500000, volt: 1180000, enabled: 1
[    2.616933] tegra124-dfll 70110000.clock: couldn't get vdd_cpu regulator
[    2.623958] tegra-pcie 1003000.pcie-controller: 2x1, 1x1 configuration
[    2.630528] tegra-pcie 1003000.pcie-controller: Failed to get supply 'avddio-pex': -517
[    2.639115] tegra-hdmi 54280000.hdmi: failed to get PLL regulator
[    2.645776] tegra-ahci 70027000.sata: Failed to get supply 'avdd': -517
[    2.652381] tegra-ahci 70027000.sata: Failed to get regulators
[    2.659714] input: gpio-keys as /devices/soc0/gpio-keys/input/input2
[    2.667796] sdhci-tegra 700b0400.sdhci: Got CD GPIO
[    2.672705] as3722-rtc as3722-rtc: setting system clock to 2000-01-01 00:00:15 UTC (946684815)
[    2.672737] sdhci-tegra 700b0400.sdhci: Got WP GPIO
[    2.672819] mmc1: Unknown controller version (3). You may experience problems.
[    2.673574] cpu cpu0: _opp_add: duplicate OPPs detected. Existing: freq: 204000000, volt: 900000, enabled: 1. New: freq: 204000000, volt: 900000, enabled: 1
[    2.673588] cpu cpu0: _opp_add: duplicate OPPs detected. Existing: freq: 306000000, volt: 900000, enabled: 1. New: freq: 306000000, volt: 900000, enabled: 1
[    2.673600] cpu cpu0: _opp_add: duplicate OPPs detected. Existing: freq: 408000000, volt: 900000, enabled: 1. New: freq: 408000000, volt: 900000, enabled: 1
[    2.673611] cpu cpu0: _opp_add: duplicate OPPs detected. Existing: freq: 510000000, volt: 900000, enabled: 1. New: freq: 510000000, volt: 900000, enabled: 1
[    2.673623] cpu cpu0: _opp_add: duplicate OPPs detected. Existing: freq: 612000000, volt: 900000, enabled: 1. New: freq: 612000000, volt: 900000, enabled: 1
[    2.673635] cpu cpu0: _opp_add: duplicate OPPs detected. Existing: freq: 714000000, volt: 900000, enabled: 1. New: freq: 714000000, volt: 900000, enabled: 1
[    2.673646] cpu cpu0: _opp_add: duplicate OPPs detected. Existing: freq: 816000000, volt: 900000, enabled: 1. New: freq: 816000000, volt: 900000, enabled: 1
[    2.673657] cpu cpu0: _opp_add: duplicate OPPs detected. Existing: freq: 918000000, volt: 900000, enabled: 1. New: freq: 918000000, volt: 900000, enabled: 1
[    2.673669] cpu cpu0: _opp_add: duplicate OPPs detected. Existing: freq: 1020000000, volt: 900000, enabled: 1. New: freq: 1020000000, volt: 900000, enabled: 1
[    2.673680] cpu cpu0: _opp_add: duplicate OPPs detected. Existing: freq: 1122000000, volt: 900000, enabled: 1. New: freq: 1122000000, volt: 900000, enabled: 1
[    2.673692] cpu cpu0: _opp_add: duplicate OPPs detected. Existing: freq: 1224000000, volt: 900000, enabled: 1. New: freq: 1224000000, volt: 900000, enabled: 1
[    2.673703] cpu cpu0: _opp_add: duplicate OPPs detected. Existing: freq: 1326000000, volt: 900000, enabled: 1. New: freq: 1326000000, volt: 900000, enabled: 1
[    2.673714] cpu cpu0: _opp_add: duplicate OPPs detected. Existing: freq: 1428000000, volt: 900000, enabled: 1. New: freq: 1428000000, volt: 900000, enabled: 1
[    2.673726] cpu cpu0: _opp_add: duplicate OPPs detected. Existing: freq: 1530000000, volt: 900000, enabled: 1. New: freq: 1530000000, volt: 900000, enabled: 1
[    2.673737] cpu cpu0: _opp_add: duplicate OPPs detected. Existing: freq: 1632000000, volt: 920000, enabled: 1. New: freq: 1632000000, volt: 920000, enabled: 1
[    2.673749] cpu cpu0: _opp_add: duplicate OPPs detected. Existing: freq: 1734000000, volt: 960000, enabled: 1. New: freq: 1734000000, volt: 960000, enabled: 1
[    2.673759] cpu cpu0: _opp_add: duplicate OPPs detected. Existing: freq: 1836000000, volt: 990000, enabled: 1. New: freq: 1836000000, volt: 990000, enabled: 1
[    2.673771] cpu cpu0: _opp_add: duplicate OPPs detected. Existing: freq: 1938000000, volt: 1030000, enabled: 1. New: freq: 1938000000, volt: 1030000, enabled: 1
[    2.673783] cpu cpu0: _opp_add: duplicate OPPs detected. Existing: freq: 2014500000, volt: 1060000, enabled: 1. New: freq: 2014500000, volt: 1060000, enabled: 1
[    2.673794] cpu cpu0: _opp_add: duplicate OPPs detected. Existing: freq: 2116500000, volt: 1100000, enabled: 1. New: freq: 2116500000, volt: 1100000, enabled: 1
[    2.673809] cpu cpu0: _opp_add: duplicate OPPs detected. Existing: freq: 2218500000, volt: 1140000, enabled: 1. New: freq: 2218500000, volt: 1140000, enabled: 1
[    2.673821] cpu cpu0: _opp_add: duplicate OPPs detected. Existing: freq: 2320500000, volt: 1180000, enabled: 1. New: freq: 2320500000, volt: 1180000, enabled: 1
[    2.673863] tegra124-dfll 70110000.clock: couldn't get vdd_cpu regulator
[    2.674165] tegra-pcie 1003000.pcie-controller: 2x1, 1x1 configuration
[    2.674219] tegra-pcie 1003000.pcie-controller: Failed to get supply 'avddio-pex': -517
[    2.674864] tegra-hdmi 54280000.hdmi: failed to get PLL regulator
[    2.675551] tegra-ahci 70027000.sata: Failed to get supply 'avdd': -517
[    2.675557] tegra-ahci 70027000.sata: Failed to get regulators
[    3.061869] +3.3V_AVDD_HDMI_AP_GATED: disabling
[    3.066438] +USB0_VBUS_SW: disabling
[    3.070012] +1.05V_RUN_AVDD_HDMI_PLL: disabling
[    3.074551] +5V_HDMI_CON: disabling
[    3.078035] +5V_SATA: disabling
[    3.081171] +12V_SATA: disabling
[    3.084684] ALSA device list:
[    3.087646]   #0: tegra-hda at 0x70038000 irq 342
[    3.092341]   #1: NVIDIA Tegra Jetson TK1
[    3.601718] asix 2-1:1.0 eth0: register 'asix' at usb-7d008000.usb-1, ASIX AX88772 USB 2.0 Ethernet, 00:50:b6:11:31:3b
[    3.613253] sdhci-tegra 700b0400.sdhci: Got CD GPIO
[    3.618167] sdhci-tegra 700b0400.sdhci: Got WP GPIO
[    3.623683] mmc1: Unknown controller version (3). You may experience problems.
[    3.631652] cpu cpu0: _opp_add: duplicate OPPs detected. Existing: freq: 204000000, volt: 900000, enabled: 1. New: freq: 204000000, volt: 900000, enabled: 1
[    3.645740] cpu cpu0: _opp_add: duplicate OPPs detected. Existing: freq: 306000000, volt: 900000, enabled: 1. New: freq: 306000000, volt: 900000, enabled: 1
[    3.645887] EXT4-fs (mmcblk0p1): couldn't mount as ext3 due to feature incompatibilities
[    3.667981] cpu cpu0: _opp_add: duplicate OPPs detected. Existing: freq: 408000000, volt: 900000, enabled: 1. New: freq: 408000000, volt: 900000, enabled: 1
[    3.682072] cpu cpu0: _opp_add: duplicate OPPs detected. Existing: freq: 510000000, volt: 900000, enabled: 1. New: freq: 510000000, volt: 900000, enabled: 1
[    3.696158] cpu cpu0: _opp_add: duplicate OPPs detected. Existing: freq: 612000000, volt: 900000, enabled: 1. New: freq: 612000000, volt: 900000, enabled: 1
[    3.710250] cpu cpu0: _opp_add: duplicate OPPs detected. Existing: freq: 714000000, volt: 900000, enabled: 1. New: freq: 714000000, volt: 900000, enabled: 1
[    3.724458] cpu cpu0: _opp_add: duplicate OPPs detected. Existing: freq: 816000000, volt: 900000, enabled: 1. New: freq: 816000000, volt: 900000, enabled: 1
[    3.738553] cpu cpu0: _opp_add: duplicate OPPs detected. Existing: freq: 918000000, volt: 900000, enabled: 1. New: freq: 918000000, volt: 900000, enabled: 1
[    3.752637] cpu cpu0: _opp_add: duplicate OPPs detected. Existing: freq: 1020000000, volt: 900000, enabled: 1. New: freq: 1020000000, volt: 900000, enabled: 1
[    3.766892] cpu cpu0: _opp_add: duplicate OPPs detected. Existing: freq: 1122000000, volt: 900000, enabled: 1. New: freq: 1122000000, volt: 900000, enabled: 1
[    3.781149] cpu cpu0: _opp_add: duplicate OPPs detected. Existing: freq: 1224000000, volt: 900000, enabled: 1. New: freq: 1224000000, volt: 900000, enabled: 1
[    3.795415] cpu cpu0: _opp_add: duplicate OPPs detected. Existing: freq: 1326000000, volt: 900000, enabled: 1. New: freq: 1326000000, volt: 900000, enabled: 1
[    3.809659] cpu cpu0: _opp_add: duplicate OPPs detected. Existing: freq: 1428000000, volt: 900000, enabled: 1. New: freq: 1428000000, volt: 900000, enabled: 1
[    3.823908] cpu cpu0: _opp_add: duplicate OPPs detected. Existing: freq: 1530000000, volt: 900000, enabled: 1. New: freq: 1530000000, volt: 900000, enabled: 1
[    3.838158] cpu cpu0: _opp_add: duplicate OPPs detected. Existing: freq: 1632000000, volt: 920000, enabled: 1. New: freq: 1632000000, volt: 920000, enabled: 1
[    3.852406] cpu cpu0: _opp_add: duplicate OPPs detected. Existing: freq: 1734000000, volt: 960000, enabled: 1. New: freq: 1734000000, volt: 960000, enabled: 1
[    3.866667] cpu cpu0: _opp_add: duplicate OPPs detected. Existing: freq: 1836000000, volt: 990000, enabled: 1. New: freq: 1836000000, volt: 990000, enabled: 1
[    3.880915] cpu cpu0: _opp_add: duplicate OPPs detected. Existing: freq: 1938000000, volt: 1030000, enabled: 1. New: freq: 1938000000, volt: 1030000, enabled: 1
[    3.895340] cpu cpu0: _opp_add: duplicate OPPs detected. Existing: freq: 2014500000, volt: 1060000, enabled: 1. New: freq: 2014500000, volt: 1060000, enabled: 1
[    3.909762] cpu cpu0: _opp_add: duplicate OPPs detected. Existing: freq: 2116500000, volt: 1100000, enabled: 1. New: freq: 2116500000, volt: 1100000, enabled: 1
[    3.924196] cpu cpu0: _opp_add: duplicate OPPs detected. Existing: freq: 2218500000, volt: 1140000, enabled: 1. New: freq: 2218500000, volt: 1140000, enabled: 1
[    3.938618] cpu cpu0: _opp_add: duplicate OPPs detected. Existing: freq: 2320500000, volt: 1180000, enabled: 1. New: freq: 2320500000, volt: 1180000, enabled: 1
[    3.953114] tegra124-dfll 70110000.clock: couldn't get vdd_cpu regulator
[    3.960251] tegra-pcie 1003000.pcie-controller: 2x1, 1x1 configuration
[    3.966942] tegra-pcie 1003000.pcie-controller: Failed to get supply 'avddio-pex': -517
[    3.975839] tegra-hdmi 54280000.hdmi: failed to get PLL regulator
[    3.982857] tegra-ahci 70027000.sata: Failed to get supply 'avdd': -517
[    3.989562] tegra-ahci 70027000.sata: Failed to get regulators
[    3.996485] sdhci-tegra 700b0400.sdhci: Got CD GPIO
[    3.997450] EXT4-fs (mmcblk0p1): warning: mounting fs with errors, running e2fsck is recommended
[    4.010291] sdhci-tegra 700b0400.sdhci: Got WP GPIO
[    4.015337] mmc1: Unknown controller version (3). You may experience problems.
[    4.016832] EXT4-fs (mmcblk0p1): recovery complete
[    4.027631] EXT4-fs (mmcblk0p1): mounted filesystem with ordered data mode. Opts: (null)
[    4.035883] VFS: Mounted root (ext4 filesystem) on device 179:1.
[    4.047644] devtmpfs: mounted
[    4.051692] Freeing unused kernel memory: 1024K (c0b00000 - c0c00000)
bash: cannot set terminal process group (-1): Inappropriate ioctl for device
bash: no job control in this shell
root@(none):/# 