
U-Boot SPL 2015.04-rc3-00209-ga74ef40 (Mar 16 2015 - 14:43:39)


U-Boot 2015.04-rc3-00209-ga74ef40 (Mar 16 2015 - 14:43:39)

TEGRA20
Model: Compulab TrimSlice board
DRAM:  1 GiB
MMC:   Tegra SD/MMC: 0, Tegra SD/MMC: 1
SF: Detected W25Q80BL with page size 256 Bytes, erase size 4 KiB, total 1 MiB
tegra-pcie: PCI regions:
tegra-pcie:   I/O: 0x82000000-0x82010000
tegra-pcie:   non-prefetchable memory: 0xa0000000-0xa8000000
tegra-pcie:   prefetchable memory: 0xa8000000-0xc0000000
tegra-pcie: dual-mode configuration
tegra-pcie: probing port 0, using 2 lanes
In:    serial
Out:   serial
Err:   serial
Net:   RTL8169#0
Hit any key to stop autoboot:  2  0 
Tegra20 (TrimSlice) # 
Tegra20 (TrimSlice) # usb reset
resetting USB...
USB0:   USB EHCI 1.00
scanning bus 0 for devices... 3 USB Device(s) found
USB1:   USB EHCI 1.00
scanning bus 1 for devices... 1 USB Device(s) found
USB2:   lowlevel init failed
       scanning usb for storage devices... 0 Storage Device(s) found
       scanning usb for ethernet devices... 
Warning: asx0 using MAC address from net device
1 Ethernet Device(s) found
Tegra20 (TrimSlice) # setenv bootargs 'ignore_loglevel console=ttyS0,115200n8 rw root=PARTUUID=11eb23c1-01 rootwait gpt debug noinitrd earlyprintk init=/bin/bash'
Tegra20 (TrimSlice) # setenv ipaddr 192.168.100.103; setenv serverip 192.168.100.1; setenv tftpserverip 192.168.100.1
Tegra20 (TrimSlice) # tftpboot 0x00408000 zImage.multi_v7_defconfig
Using RTL8169#0 device
TFTP from server 192.168.100.1; our IP address is 192.168.100.103
Filename 'zImage.multi_v7_defconfig'.
Load address: 0x408000
Loading: *#################################################################
	 #################################################################
	 #################################################################
	 #################################################################
	 #################################################################
	 #################################################################
	 #################################################################
	 #########################################################
	 3.8 MiB/s
done
Bytes transferred = 7505888 (7287e0 hex)
Tegra20 (TrimSlice) # tftpboot 0x02408000 tegra20-trimslice.dtb
Using RTL8169#0 device
TFTP from server 192.168.100.1; our IP address is 192.168.100.103
Filename 'tegra20-trimslice.dtb'.
Load address: 0x2408000
Loading: *##
	 2.6 MiB/s
done
Bytes transferred = 21426 (53b2 hex)
Tegra20 (TrimSlice) # bootz 0x00408000 - 0x02408000
Kernel image @ 0x408000 [ 0x000000 - 0x7287e0 ]
## Flattened Device Tree blob at 02408000
   Booting using the fdt blob at 0x2408000
   Using Device Tree in place at 02408000, end 024103b1

Starting kernel ...

[    0.000000] Booting Linux on physical CPU 0x0
[    0.000000] Linux version 4.10.0-rc6-next-20170206-151418-gce05054 (pwalmsley@sellafield) (gcc version 4.7.3 20130328 (prerelease) (crosstool-NG linaro-1.13.1-4.7-2013.04-20130415 - Linaro GCC 2013.04) ) #1 SMP Sun Feb 5 23:56:34 PST 2017
[    0.000000] CPU: ARMv7 Processor [411fc090] revision 0 (ARMv7), cr=10c5387d
[    0.000000] CPU: PIPT / VIPT nonaliasing data cache, VIPT aliasing instruction cache
[    0.000000] OF: fdt:Machine model: Compulab TrimSlice board
[    0.000000] debug: ignoring loglevel setting.
[    0.000000] efi: Getting EFI parameters from FDT:
[    0.000000] efi: UEFI not found.
[    0.000000] cma: Reserved 64 MiB at 0x3c000000
[    0.000000] Memory policy: Data cache writealloc
[    0.000000] On node 0 totalpages: 262144
[    0.000000] free_area_init_node: node 0, pgdat c153a680, node_mem_map ef7f8000
[    0.000000]   DMA zone: 1536 pages used for memmap
[    0.000000]   DMA zone: 0 pages reserved
[    0.000000]   DMA zone: 196608 pages, LIFO batch:31
[    0.000000]   HighMem zone: 65536 pages, LIFO batch:15
[    0.000000] percpu: Embedded 16 pages/cpu @ef7c6000 s34432 r8192 d22912 u65536
[    0.000000] pcpu-alloc: s34432 r8192 d22912 u65536 alloc=16*4096
[    0.000000] pcpu-alloc: [0] 0 [0] 1 
[    0.000000] Built 1 zonelists in Zone order, mobility grouping on.  Total pages: 260608
[    0.000000] Kernel command line: ignore_loglevel console=ttyS0,115200n8 rw root=PARTUUID=11eb23c1-01 rootwait gpt debug noinitrd earlyprintk init=/bin/bash
[    0.000000] PID hash table entries: 4096 (order: 2, 16384 bytes)
[    0.000000] Dentry cache hash table entries: 131072 (order: 7, 524288 bytes)
[    0.000000] Inode-cache hash table entries: 65536 (order: 6, 262144 bytes)
[    0.000000] Memory: 954584K/1048576K available (10240K kernel code, 1264K rwdata, 4200K rodata, 2048K init, 535K bss, 28456K reserved, 65536K cma-reserved, 196608K highmem)
[    0.000000] Virtual kernel memory layout:
[    0.000000]     vector  : 0xffff0000 - 0xffff1000   (   4 kB)
[    0.000000]     fixmap  : 0xffc00000 - 0xfff00000   (3072 kB)
[    0.000000]     vmalloc : 0xf0800000 - 0xff800000   ( 240 MB)
[    0.000000]     lowmem  : 0xc0000000 - 0xf0000000   ( 768 MB)
[    0.000000]     pkmap   : 0xbfe00000 - 0xc0000000   (   2 MB)
[    0.000000]     modules : 0xbf000000 - 0xbfe00000   (  14 MB)
[    0.000000]       .text : 0xc0208000 - 0xc0d00000   (11232 kB)
[    0.000000]       .init : 0xc1200000 - 0xc1400000   (2048 kB)
[    0.000000]       .data : 0xc1400000 - 0xc153c180   (1265 kB)
[    0.000000]        .bss : 0xc153e000 - 0xc15c3df8   ( 536 kB)
[    0.000000] SLUB: HWalign=64, Order=0-3, MinObjects=0, CPUs=2, Nodes=1
[    0.000000] Hierarchical RCU implementation.
[    0.000000] 	RCU debugfs-based tracing is enabled.
[    0.000000] 	RCU restricting CPUs from NR_CPUS=16 to nr_cpu_ids=2.
[    0.000000] RCU: Adjusting geometry for rcu_fanout_leaf=16, nr_cpu_ids=2
[    0.000000] NR_IRQS:16 nr_irqs:16 16
[    0.000000] /interrupt-controller@60004000: 128 interrupts forwarded to /interrupt-controller@50041000
[    0.000000] L2C: platform modifies aux control register: 0x02080000 -> 0x3e480001
[    0.000000] L2C: DT/platform modifies aux control register: 0x02080000 -> 0x3e480001
[    0.000000] L2C-310 errata 727915 769419 enabled
[    0.000000] L2C-310 enabling early BRESP for Cortex-A9
[    0.000000] L2C-310: enabling full line of zeros but not enabled in Cortex-A9
[    0.000000] L2C-310 ID prefetch enabled, offset 1 lines
[    0.000000] L2C-310 cache controller enabled, 8 ways, 1024 kB
[    0.000000] L2C-310: CACHE_ID 0x410000c4, AUX_CTRL 0x7e480001
[    0.000010] sched_clock: 32 bits at 1000kHz, resolution 1000ns, wraps every 2147483647500ns
[    0.000026] clocksource: timer_us: mask: 0xffffffff max_cycles: 0xffffffff, max_idle_ns: 1911260446275 ns
[    0.000036] Switching to timer-based delay loop, resolution 1000ns
[    0.001615] Console: colour dummy device 80x30
[    0.001639] Calibrating delay loop (skipped), value calculated using timer frequency.. 2.00 BogoMIPS (lpj=10000)
[    0.001650] pid_max: default: 32768 minimum: 301
[    0.001733] Mount-cache hash table entries: 2048 (order: 1, 8192 bytes)
[    0.001743] Mountpoint-cache hash table entries: 2048 (order: 1, 8192 bytes)
[    0.002172] CPU: Testing write buffer coherency: ok
[    0.002374] CPU0: thread -1, cpu 0, socket 0, mpidr 80000000
[    0.002528] Setting up static identity map for 0x300000 - 0x300098
[    0.003971] Tegra Revision: A03 prime SKU: 8 CPU Process: 1 SoC Process: 2
[    0.004348] EFI services will not be available.
[    0.004503] smp: Bringing up secondary CPUs ...
[    0.005030] CPU1: thread -1, cpu 1, socket 0, mpidr 80000001
[    0.005089] smp: Brought up 1 node, 2 CPUs
[    0.005101] SMP: Total of 2 processors activated (4.00 BogoMIPS).
[    0.005107] CPU: All CPU(s) started in SVC mode.
[    0.005742] devtmpfs: initialized
[    0.009380] VFP support v0.3: implementor 41 architecture 3 part 30 variant 9 rev 1
[    0.009588] clocksource: jiffies: mask: 0xffffffff max_cycles: 0xffffffff, max_idle_ns: 19112604462750000 ns
[    0.012563] pinctrl core: initialized pinctrl subsystem
[    0.013796] NET: Registered protocol family 16
[    0.015798] DMA: preallocated 256 KiB pool for atomic coherent allocations
[    0.017256] cpuidle: using governor menu
[    0.034565] No ATAGs?
[    0.034632] hw-breakpoint: found 5 (+1 reserved) breakpoint and 1 watchpoint registers.
[    0.034643] hw-breakpoint: maximum watchpoint size is 4 bytes.
[    0.039858] Serial: AMBA PL011 UART driver
[    0.050933] usb1_vbus: Failed to request enable GPIO170: -517
[    0.050948] reg-fixed-voltage regulators:regulator@2: Failed to register regulator: -517
[    0.054458] vgaarb: loaded
[    0.055021] SCSI subsystem initialized
[    0.055160] libata version 3.00 loaded.
[    0.055334] usbcore: registered new interface driver usbfs
[    0.055385] usbcore: registered new interface driver hub
[    0.055423] usbcore: registered new device driver usb
[    0.057358] pps_core: LinuxPPS API ver. 1 registered
[    0.057366] pps_core: Software ver. 5.3.6 - Copyright 2005-2007 Rodolfo Giometti <giometti@linux.it>
[    0.057381] PTP clock support registered
[    0.057518] EDAC MC: Ver: 3.0.0
[    0.059214] clocksource: Switched to clocksource timer_us
[    0.066419] NET: Registered protocol family 2
[    0.066829] TCP established hash table entries: 8192 (order: 3, 32768 bytes)
[    0.066899] TCP bind hash table entries: 8192 (order: 4, 65536 bytes)
[    0.067013] TCP: Hash tables configured (established 8192 bind 8192)
[    0.067110] UDP hash table entries: 512 (order: 2, 16384 bytes)
[    0.067155] UDP-Lite hash table entries: 512 (order: 2, 16384 bytes)
[    0.067297] NET: Registered protocol family 1
[    0.067550] RPC: Registered named UNIX socket transport module.
[    0.067558] RPC: Registered udp transport module.
[    0.067564] RPC: Registered tcp transport module.
[    0.067569] RPC: Registered tcp NFSv4.1 backchannel transport module.
[    0.067578] PCI: CLS 0 bytes, default 64
[    0.068367] hw perfevents: enabled with armv7_cortex_a9 PMU driver, 7 counters available
[    0.069335] futex hash table entries: 512 (order: 3, 32768 bytes)
[    0.069856] workingset: timestamp_bits=30 max_order=18 bucket_order=0
[    0.076533] squashfs: version 4.0 (2009/01/31) Phillip Lougher
[    0.077119] NFS: Registering the id_resolver key type
[    0.077139] Key type id_resolver registered
[    0.077146] Key type id_legacy registered
[    0.077176] ntfs: driver 2.1.32 [Flags: R/O].
[    0.078331] bounce: pool size: 64 pages
[    0.078376] Block layer SCSI generic (bsg) driver version 0.4 loaded (major 248)
[    0.078384] io scheduler noop registered
[    0.078390] io scheduler deadline registered
[    0.078532] io scheduler cfq registered (default)
[    0.078539] io scheduler mq-deadline registered
[    0.089561] tegra-pcie 80003000.pcie-controller: dual-mode configuration
[    0.090261] tegra-pcie 80003000.pcie-controller: probing port 0, using 2 lanes
[    0.172743] tegra-pcie 80003000.pcie-controller: PCI host bridge to bus 0000:00
[    0.172755] pci_bus 0000:00: root bus resource [io  0x0000-0xffff]
[    0.172765] pci_bus 0000:00: root bus resource [mem 0xa0000000-0xa7ffffff]
[    0.172774] pci_bus 0000:00: root bus resource [mem 0xa8000000-0xbfffffff pref]
[    0.172782] pci_bus 0000:00: root bus resource [bus 00-ff]
[    0.172810] pci 0000:00:01.0: [10de:0bf0] type 01 class 0x060000
[    0.172857] pci_bus 0000:00: 2-byte config write to 0000:00:01.0 offset 0x52 may corrupt adjacent RW1C bits
[    0.172881] pci 0000:00:01.0: PME# supported from D0 D1 D2 D3hot D3cold
[    0.172892] pci_bus 0000:00: 2-byte config write to 0000:00:01.0 offset 0x4c may corrupt adjacent RW1C bits
[    0.173072] pci_bus 0000:00: 2-byte config write to 0000:00:01.0 offset 0x3e may corrupt adjacent RW1C bits
[    0.173084] pci_bus 0000:00: 2-byte config write to 0000:00:01.0 offset 0x4 may corrupt adjacent RW1C bits
[    0.173094] pci_bus 0000:00: 1-byte config write to 0000:00:01.0 offset 0xc may corrupt adjacent RW1C bits
[    0.173101] PCI: bus0: Fast back to back transfers disabled
[    0.173111] pci 0000:00:01.0: bridge configuration invalid ([bus 00-00]), reconfiguring
[    0.173120] pci_bus 0000:00: 2-byte config write to 0000:00:01.0 offset 0x3e may corrupt adjacent RW1C bits
[    0.173132] pci_bus 0000:00: 2-byte config write to 0000:00:01.0 offset 0x3e may corrupt adjacent RW1C bits
[    0.173143] pci_bus 0000:00: 2-byte config write to 0000:00:01.0 offset 0x3e may corrupt adjacent RW1C bits
[    0.173153] pci_bus 0000:00: 2-byte config write to 0000:00:01.0 offset 0x6 may corrupt adjacent RW1C bits
[    0.173277] pci 0000:01:00.0: [10ec:8168] type 00 class 0x020000
[    0.173301] pci 0000:01:00.0: reg 0x10: [io  0x0000-0x00ff]
[    0.173326] pci 0000:01:00.0: reg 0x18: [mem 0x00000000-0x00000fff 64bit pref]
[    0.173344] pci 0000:01:00.0: reg 0x20: [mem 0x00000000-0x00003fff 64bit pref]
[    0.173357] pci 0000:01:00.0: reg 0x30: [mem 0x00000000-0x0001ffff pref]
[    0.173397] pci_bus 0000:01: 2-byte config write to 0000:01:00.0 offset 0x52 may corrupt adjacent RW1C bits
[    0.173448] pci 0000:01:00.0: supports D1 D2
[    0.173455] pci 0000:01:00.0: PME# supported from D0 D1 D2 D3hot D3cold
[    0.199253] PCI: bus1: Fast back to back transfers disabled
[    0.199265] pci_bus 0000:01: busn_res: [bus 01-ff] end is updated to 01
[    0.199277] Disabling cpuidle LP2 state, since PCIe IRQs are in use
[    0.199337] pci 0000:00:01.0: BAR 8: assigned [mem 0xa0000000-0xa00fffff]
[    0.199349] pci 0000:00:01.0: BAR 9: assigned [mem 0xa8000000-0xa80fffff 64bit pref]
[    0.199359] pci 0000:00:01.0: BAR 7: assigned [io  0x1000-0x1fff]
[    0.199372] pci 0000:01:00.0: BAR 6: assigned [mem 0xa0000000-0xa001ffff pref]
[    0.199383] pci 0000:01:00.0: BAR 4: assigned [mem 0xa8000000-0xa8003fff 64bit pref]
[    0.199402] pci 0000:01:00.0: BAR 2: assigned [mem 0xa8004000-0xa8004fff 64bit pref]
[    0.199421] pci 0000:01:00.0: BAR 0: assigned [io  0x1000-0x10ff]
[    0.199433] pci 0000:00:01.0: PCI bridge to [bus 01]
[    0.199441] pci 0000:00:01.0:   bridge window [io  0x1000-0x1fff]
[    0.199450] pci 0000:00:01.0:   bridge window [mem 0xa0000000-0xa00fffff]
[    0.199459] pci 0000:00:01.0:   bridge window [mem 0xa8000000-0xa80fffff 64bit pref]
[    0.199481] pci 0000:00:01.0: nv_msi_ht_cap_quirk didn't locate host bridge
[    0.199531] pcieport 0000:00:01.0: enabling device (0140 -> 0143)
[    0.199722] pcieport 0000:00:01.0: Signaling PME with IRQ 295
[    0.205665] tegra-apbdma 6000a000.dma: Tegra20 APB DMA driver register 16 channels
[    0.253564] Serial: 8250/16550 driver, 4 ports, IRQ sharing disabled
[    0.255759] console [ttyS0] disabled
[    0.255795] 70006000.serial: ttyS0 at MMIO 0x70006000 (irq = 279, base_baud = 13500000) is a Tegra
[    1.305955] console [ttyS0] enabled
[    1.310030] SuperH (H)SCI(F) driver initialized
[    1.315240] msm_serial: driver initialized
[    1.319489] STMicroelectronics ASC driver initialized
[    1.329507] 54280000.hdmi supply hdmi not found, using dummy regulator
[    1.337950] [drm] Supports vblank timestamp caching Rev 2 (21.10.2013).
[    1.344571] [drm] No driver support for vblank timestamp query.
[    1.350513] [drm] Cannot find any crtc or sizes - going 1024x768
[    1.372638] Console: switching to colour frame buffer device 128x48
[    1.387312] drm drm: fb0:  frame buffer device
[    1.391808] [drm] Initialized tegra 0.0.0 20120330 for drm on minor 0
[    1.407073] brd: module loaded
[    1.414966] loop: module loaded
[    1.423697] m25p80 spi32766.0: found s25fl008k, expected w25q80bl
[    1.429802] m25p80 spi32766.0: s25fl008k (1024 Kbytes)
[    1.437175] libphy: Fixed MDIO Bus: probed
[    1.442117] CAN device driver interface
[    1.446607] bgmac_bcma: Broadcom 47xx GBit MAC driver loaded
[    1.453189] e1000e: Intel(R) PRO/1000 Network Driver - 3.2.6-k
[    1.459006] e1000e: Copyright(c) 1999 - 2015 Intel Corporation.
[    1.464977] igb: Intel(R) Gigabit Ethernet Network Driver - version 5.4.0-k
[    1.471931] igb: Copyright (c) 2007-2014 Intel Corporation.
[    1.478022] r8169 Gigabit Ethernet driver 2.3LK-NAPI loaded
[    1.483621] r8169 0000:01:00.0: enabling device (0140 -> 0143)
[    1.490254] r8169 0000:01:00.0 eth0: RTL8168d/8111d at 0xf08fc000, 00:01:c0:13:7d:63, XID 081000c0 IRQ 296
[    1.499915] r8169 0000:01:00.0 eth0: jumbo features [frames: 9200 bytes, tx checksumming: ko]
[    1.510514] pegasus: v0.9.3 (2013/04/25), Pegasus/Pegasus II USB Ethernet driver
[    1.517943] usbcore: registered new interface driver pegasus
[    1.523648] usbcore: registered new interface driver asix
[    1.529070] usbcore: registered new interface driver ax88179_178a
[    1.535191] usbcore: registered new interface driver cdc_ether
[    1.541065] usbcore: registered new interface driver smsc75xx
[    1.546833] usbcore: registered new interface driver smsc95xx
[    1.552606] usbcore: registered new interface driver net1080
[    1.558277] usbcore: registered new interface driver cdc_subset
[    1.564222] usbcore: registered new interface driver zaurus
[    1.569851] usbcore: registered new interface driver cdc_ncm
[    1.575753] tegra-phy c5004000.usb-phy: no vbus regulator
[    1.582242] tegra-phy c5008000.usb-phy: no vbus regulator
[    1.588908] ehci_hcd: USB 2.0 'Enhanced' Host Controller (EHCI) Driver
[    1.595438] ehci-pci: EHCI PCI platform driver
[    1.599918] ehci-platform: EHCI generic platform driver
[    1.605278] ehci-orion: EHCI orion driver
[    1.609394] SPEAr-ehci: EHCI SPEAr driver
[    1.613493] ehci-st: EHCI STMicroelectronics driver
[    1.618455] ehci-exynos: EHCI EXYNOS driver
[    1.622757] ehci-atmel: EHCI Atmel driver
[    1.626852] tegra-ehci: Tegra EHCI driver
[    1.690416] ulpi_phy_power_on: ulpi write failed
[    1.695024] tegra-ehci c5004000.usb: Failed to power on the phy
[    1.700958] tegra-ehci: probe of c5004000.usb failed with error -110
[    1.709930] tegra-ehci c5008000.usb: EHCI Host Controller
[    1.715333] tegra-ehci c5008000.usb: new USB bus registered, assigned bus number 1
[    1.723146] tegra-ehci c5008000.usb: irq 290, io mem 0xc5008000
[    1.749231] tegra-ehci c5008000.usb: USB 2.0 started, EHCI 1.00
[    1.755741] hub 1-0:1.0: USB hub found
[    1.759522] hub 1-0:1.0: 1 port detected
[    1.763738] ohci_hcd: USB 1.1 'Open' Host Controller (OHCI) Driver
[    1.769930] ohci-pci: OHCI PCI platform driver
[    1.774408] ohci-platform: OHCI generic platform driver
[    1.779790] ohci-omap3: OHCI OMAP3 driver
[    1.783890] SPEAr-ohci: OHCI SPEAr driver
[    1.787989] ohci-st: OHCI STMicroelectronics driver
[    1.792971] ohci-atmel: OHCI Atmel driver
[    1.797556] usbcore: registered new interface driver usb-storage
[    1.806047] rtc-em3027 2-0056: rtc core: registered rtc-em3027 as rtc0
[    1.813716] tegra_rtc 7000e000.rtc: rtc core: registered 7000e000.rtc as rtc1
[    1.820884] tegra_rtc 7000e000.rtc: Tegra internal Real Time Clock
[    1.827457] i2c /dev entries driver
[    1.840011] sdhci: Secure Digital Host Controller Interface driver
[    1.846177] sdhci: Copyright(c) Pierre Ossman
[    1.851694] Synopsys Designware Multimedia Card Interface Driver
[    1.858505] sdhci-pltfm: SDHCI platform and OF driver helper
[    1.864942] mmc0: Invalid maximum block size, assuming 512 bytes
[    1.929230] mmc0: SDHCI controller on c8000000.sdhci [c8000000.sdhci] using ADMA
[    1.936703] sdhci-tegra c8000600.sdhci: Got CD GPIO
[    1.941601] sdhci-tegra c8000600.sdhci: Got WP GPIO
[    1.946629] mmc1: Invalid maximum block size, assuming 512 bytes
[    2.009296] mmc1: SDHCI controller on c8000600.sdhci [c8000600.sdhci] using ADMA
[    2.018045] ledtrig-cpu: registered to indicate activity on CPUs
[    2.024331] usbcore: registered new interface driver usbhid
[    2.029905] usbhid: USB HID core driver
[    2.036959] NET: Registered protocol family 10
[    2.042297] Segment Routing with IPv6
[    2.045993] sit: IPv6, IPv4 and MPLS over IPv4 tunneling driver
[    2.052421] NET: Registered protocol family 17
[    2.056859] can: controller area network core (rev 20120528 abi 9)
[    2.063206] NET: Registered protocol family 29
[    2.067638] can: raw protocol (rev 20120528)
[    2.071913] can: broadcast manager protocol (rev 20161123 t)
[    2.077561] can: netlink gateway (rev 20130117) max_hops=1
[    2.083361] Key type dns_resolver registered
[    2.087988] ThumbEE CPU extension supported.
[    2.092273] Registering SWP/SWPB emulation handler
[    2.105151] utmi_phy_clk_enable: timeout waiting for phy to stabilize
[    2.111636] tegra-ehci c5000000.usb: EHCI Host Controller
[    2.117040] tegra-ehci c5000000.usb: new USB bus registered, assigned bus number 2
[    2.124906] tegra-ehci c5000000.usb: irq 288, io mem 0xc5000000
[    2.126231] mmc0: host does not support reading read-only switch, assuming write-enable
[    2.128039] mmc0: new high speed SDHC card at address b368
[    2.131008] mmcblk0: mmc0:b368 NCard 3.70 GiB 
[    2.146017]  mmcblk0: p1
[    2.159286] usb 1-1: new high-speed USB device number 2 using tegra-ehci
[    2.189250] tegra-ehci c5000000.usb: USB 2.0 started, EHCI 1.00
[    2.196010] hub 2-0:1.0: USB hub found
[    2.199845] hub 2-0:1.0: 1 port detected
[    2.205012] input: gpio-keys as /devices/soc0/gpio-keys/input/input0
[    2.212084] rtc-em3027 2-0056: setting system clock to 2015-02-07 05:30:51 UTC (1423287051)
[    2.222335] EXT4-fs (mmcblk0p1): mounting ext3 file system using the ext4 subsystem
[    2.228190] mmc1: new high speed SD card at address b368
[    2.228686] mmcblk1: mmc1:b368 NCard 1.83 GiB (ro)
[    2.231339]  mmcblk1: p1 p2
[    2.380375] hub 1-1:1.0: USB hub found
[    2.384295] hub 1-1:1.0: 4 ports detected
[    2.474091] EXT4-fs (mmcblk0p1): recovery complete
[    2.552322] EXT4-fs (mmcblk0p1): mounted filesystem with ordered data mode. Opts: (null)
[    2.560533] VFS: Mounted root (ext3 filesystem) on device 179:1.
[    2.570683] devtmpfs: mounted
[    2.579367] Freeing unused kernel memory: 2048K
[    2.621617] random: fast init done
[    2.709331] usb 1-1.2: new high-speed USB device number 3 using tegra-ehci
bash: cannot set terminal process group (-1): Inappropriate ioctl for device
bash: no job control in this shell
root@(none):/# [    3.361828] asix 1-1.2:1.0 eth1: register 'asix' at usb-c5008000.usb-1.2, ASIX AX88772 USB 2.0 Ethernet, 00:60:6e:60:6c:68
 
root@(none):/# mount -t sysfs none /sys
root@(none):/# 
root@(none):/# mount -t debugfs none /sys/kernel/debug
root@(none):/# 
root@(none):/# rtcwake -d rtc1 -m mem -s 3
rtcwake: assuming RTC uses UTC ...
rtcwake: wakeup from "mem" using /dev/rtc1 at Thu Jan  1 00:00:32 1970
[   15.357261] PM: Syncing filesystems ... done.
[   15.403360] Freezing user space processes ... (elapsed 0.001 seconds) done.
[   15.411825] Freezing remaining freezable tasks ... (elapsed 0.001 seconds) done.
[   15.420845] Suspending console(s) (use no_console_suspend to debug)
[   15.465233] pci_generic_config_write32: 37 callbacks suppressed
[   15.465280] pci_bus 0000:00: 2-byte config write to 0000:00:01.0 offset 0x9c may corrupt adjacent RW1C bits
[   15.476874] PM: suspend of devices complete after 47.208 msecs
[   15.481822] PM: late suspend of devices complete after 4.918 msecs
[   15.485650] pci_bus 0000:01: 2-byte config write to 0000:01:00.0 offset 0x44 may corrupt adjacent RW1C bits
[   15.485708] pci_bus 0000:01: 2-byte config write to 0000:01:00.0 offset 0x44 may corrupt adjacent RW1C bits
[   15.509887] PM: noirq suspend of devices complete after 28.034 msecs
[   15.509900] Disabling non-boot CPUs ...
[   15.558520] Entering suspend state LP1
[   15.558520] Suspended for 1.738 seconds
[   15.558565] Enabling non-boot CPUs ...
[   15.588248] CPU1 is up
[   15.589152] pci_bus 0000:00: 2-byte config write to 0000:00:01.0 offset 0x4c may corrupt adjacent RW1C bits
[   15.589313] pci_bus 0000:00: 2-byte config write to 0000:00:01.0 offset 0x88 may corrupt adjacent RW1C bits
[   15.589348] pci_bus 0000:00: 2-byte config write to 0000:00:01.0 offset 0x90 may corrupt adjacent RW1C bits
[   15.589378] pci_bus 0000:00: 2-byte config write to 0000:00:01.0 offset 0x98 may corrupt adjacent RW1C bits
[   15.589406] pci_bus 0000:00: 2-byte config write to 0000:00:01.0 offset 0x9c may corrupt adjacent RW1C bits
[   15.589487] pci_bus 0000:00: 2-byte config write to 0000:00:01.0 offset 0x52 may corrupt adjacent RW1C bits
[   15.589521] pci_bus 0000:00: 2-byte config write to 0000:00:01.0 offset 0x52 may corrupt adjacent RW1C bits
[   15.589594] pcieport 0000:00:01.0: nv_msi_ht_cap_quirk didn't locate host bridge
[   15.619600] PM: noirq resume of devices complete after 31.317 msecs
[   15.623148] PM: early resume of devices complete after 2.966 msecs
[   16.168395] PM: resume of devices complete after 545.215 msecs
[   16.336789] Restarting tasks ... done.
root@(none):/# 
root@(none):/# rtcwake -d rtc1 -m mem -s 3
rtcwake: assuming RTC uses UTC ...
rtcwake: wakeup from "mem" using /dev/rtc1 at Thu Jan  1 00:00:37 1970
[   16.953560] PM: Syncing filesystems ... done.
[   16.998603] Freezing user space processes ... (elapsed 0.001 seconds) done.
[   17.007041] Freezing remaining freezable tasks ... (elapsed 0.001 seconds) done.
[   17.016105] Suspending console(s) (use no_console_suspend to debug)
[   17.067004] PM: suspend of devices complete after 42.070 msecs
[   17.072019] PM: late suspend of devices complete after 4.983 msecs
[   17.099813] PM: noirq suspend of devices complete after 27.764 msecs
[   17.099827] Disabling non-boot CPUs ...
[   17.137299] Entering suspend state LP1
[   17.137299] Suspended for 3.421 seconds
[   17.137344] Enabling non-boot CPUs ...
[   17.168270] CPU1 is up
[   17.170997] pcieport 0000:00:01.0: nv_msi_ht_cap_quirk didn't locate host bridge
[   17.199974] PM: noirq resume of devices complete after 31.671 msecs
[   17.203842] PM: early resume of devices complete after 3.124 msecs
[   17.748078] PM: resume of devices complete after 544.203 msecs
[   17.813340] Restarting tasks ... done.
root@(none):/# 
root@(none):/# rtcwake -d rtc1 -m mem -s 3
rtcwake: assuming RTC uses UTC ...
rtcwake: wakeup from "mem" using /dev/rtc1 at Thu Jan  1 00:00:42 1970
[   18.533593] PM: Syncing filesystems ... done.
[   18.578698] Freezing user space processes ... (elapsed 0.001 seconds) done.
[   18.587141] Freezing remaining freezable tasks ... (elapsed 0.001 seconds) done.
[   18.596222] Suspending console(s) (use no_console_suspend to debug)
[   18.645994] PM: suspend of devices complete after 40.988 msecs
[   18.650697] PM: late suspend of devices complete after 4.671 msecs
[   18.679763] PM: noirq suspend of devices complete after 29.035 msecs
[   18.679776] Disabling non-boot CPUs ...
[   18.747126] Entering suspend state LP1
[   18.747126] Suspended for 3.390 seconds
[   18.747171] Enabling non-boot CPUs ...
[   18.778142] CPU1 is up
[   18.780836] pcieport 0000:00:01.0: nv_msi_ht_cap_quirk didn't locate host bridge
[   18.809884] PM: noirq resume of devices complete after 31.708 msecs
[   18.813838] PM: early resume of devices complete after 3.197 msecs
[   19.358240] PM: resume of devices complete after 544.369 msecs
[   19.421564] Restarting tasks ... done.
root@(none):/# 
root@(none):/# rtcwake -d rtc1 -m mem -s 3
rtcwake: assuming RTC uses UTC ...
rtcwake: wakeup from "mem" using /dev/rtc1 at Thu Jan  1 00:00:47 1970
[   20.143488] PM: Syncing filesystems ... done.
[   20.188539] Freezing user space processes ... (elapsed 0.001 seconds) done.
[   20.196976] Freezing remaining freezable tasks ... (elapsed 0.001 seconds) done.
[   20.206061] Suspending console(s) (use no_console_suspend to debug)
[   20.256085] PM: suspend of devices complete after 41.258 msecs
[   20.261076] PM: late suspend of devices complete after 4.960 msecs
[   20.289669] PM: noirq suspend of devices complete after 28.560 msecs
[   20.289681] Disabling non-boot CPUs ...
[   20.356975] Entering suspend state LP1
[   20.356975] Suspended for 3.390 seconds
[   20.357020] Enabling non-boot CPUs ...
[   20.388025] CPU1 is up
[   20.388844] pcieport 0000:00:01.0: nv_msi_ht_cap_quirk didn't locate host bridge
[   20.419223] PM: noirq resume of devices complete after 31.163 msecs
[   20.422734] PM: early resume of devices complete after 2.948 msecs
[   20.957623] PM: resume of devices complete after 534.856 msecs
[   21.022867] Restarting tasks ... done.
root@(none):/# 
root@(none):/# rtcwake -d rtc1 -m mem -s 3
rtcwake: assuming RTC uses UTC ...
rtcwake: wakeup from "mem" using /dev/rtc1 at Thu Jan  1 00:00:52 1970
[   21.753474] PM: Syncing filesystems ... done.
[   21.798493] Freezing user space processes ... (elapsed 0.001 seconds) done.
[   21.806934] Freezing remaining freezable tasks ... (elapsed 0.001 seconds) done.
[   21.816002] Suspending console(s) (use no_console_suspend to debug)
[   21.854979] pci_generic_config_write32: 90 callbacks suppressed
[   21.855024] pci_bus 0000:00: 2-byte config write to 0000:00:01.0 offset 0x9c may corrupt adjacent RW1C bits
[   21.867043] PM: suspend of devices complete after 42.277 msecs
[   21.871890] PM: late suspend of devices complete after 4.816 msecs
[   21.876407] pci_bus 0000:01: 2-byte config write to 0000:01:00.0 offset 0x44 may corrupt adjacent RW1C bits
[   21.876463] pci_bus 0000:01: 2-byte config write to 0000:01:00.0 offset 0x44 may corrupt adjacent RW1C bits
[   21.899549] PM: noirq suspend of devices complete after 27.629 msecs
[   21.899562] Disabling non-boot CPUs ...
[   21.946994] Entering suspend state LP1
[   21.946994] Suspended for 3.409 seconds
[   21.947037] Enabling non-boot CPUs ...
[   21.977948] CPU1 is up
[   21.980540] pci_bus 0000:00: 2-byte config write to 0000:00:01.0 offset 0x4c may corrupt adjacent RW1C bits
[   21.980588] pci_bus 0000:00: 2-byte config write to 0000:00:01.0 offset 0x88 may corrupt adjacent RW1C bits
[   21.980621] pci_bus 0000:00: 2-byte config write to 0000:00:01.0 offset 0x90 may corrupt adjacent RW1C bits
[   21.980650] pci_bus 0000:00: 2-byte config write to 0000:00:01.0 offset 0x98 may corrupt adjacent RW1C bits
[   21.980679] pci_bus 0000:00: 2-byte config write to 0000:00:01.0 offset 0x9c may corrupt adjacent RW1C bits
[   21.980759] pci_bus 0000:00: 2-byte config write to 0000:00:01.0 offset 0x52 may corrupt adjacent RW1C bits
[   21.980792] pci_bus 0000:00: 2-byte config write to 0000:00:01.0 offset 0x52 may corrupt adjacent RW1C bits
[   21.980863] pcieport 0000:00:01.0: nv_msi_ht_cap_quirk didn't locate host bridge
[   22.009717] PM: noirq resume of devices complete after 31.735 msecs
[   22.013248] PM: early resume of devices complete after 2.958 msecs
[   22.558054] PM: resume of devices complete after 544.773 msecs
[   22.726422] Restarting tasks ... done.
root@(none):/# 
root@(none):/# rtcwake -d rtc1 -m mem -s 3
rtcwake: assuming RTC uses UTC ...
rtcwake: wakeup from "mem" using /dev/rtc1 at Thu Jan  1 00:00:57 1970
[   23.343282] PM: Syncing filesystems ... done.
[   23.388374] Freezing user space processes ... (elapsed 0.001 seconds) done.
[   23.396816] Freezing remaining freezable tasks ... (elapsed 0.001 seconds) done.
[   23.405888] Suspending console(s) (use no_console_suspend to debug)
[   23.456319] PM: suspend of devices complete after 41.640 msecs
[   23.461320] PM: late suspend of devices complete after 4.969 msecs
[   23.489447] PM: noirq suspend of devices complete after 28.096 msecs
[   23.489460] Disabling non-boot CPUs ...
[   23.526878] Entering suspend state LP1
[   23.526878] Suspended for 3.420 seconds
[   23.526921] Enabling non-boot CPUs ...
[   23.557838] CPU1 is up
[   23.559056] pcieport 0000:00:01.0: nv_msi_ht_cap_quirk didn't locate host bridge
[   23.589175] PM: noirq resume of devices complete after 31.300 msecs
[   23.592701] PM: early resume of devices complete after 2.951 msecs
[   24.137171] PM: resume of devices complete after 544.436 msecs
[   24.202423] Restarting tasks ... done.
root@(none):/# 
root@(none):/# rtcwake -d rtc1 -m mem -s 3
rtcwake: assuming RTC uses UTC ...
rtcwake: wakeup from "mem" using /dev/rtc1 at Thu Jan  1 00:01:02 1970
[   24.933321] PM: Syncing filesystems ... done.
[   24.978353] Freezing user space processes ... (elapsed 0.001 seconds) done.
[   24.986787] Freezing remaining freezable tasks ... (elapsed 0.001 seconds) done.
[   24.995857] Suspending console(s) (use no_console_suspend to debug)
[   25.046034] PM: suspend of devices complete after 41.423 msecs
[   25.050760] PM: late suspend of devices complete after 4.694 msecs
[   25.079375] PM: noirq suspend of devices complete after 28.583 msecs
[   25.079387] Disabling non-boot CPUs ...
[   25.126786] Entering suspend state LP1
[   25.126786] Suspended for 3.400 seconds
[   25.126829] Enabling non-boot CPUs ...
[   25.157820] CPU1 is up
[   25.158809] pcieport 0000:00:01.0: nv_msi_ht_cap_quirk didn't locate host bridge
[   25.189080] PM: noirq resume of devices complete after 31.226 msecs
[   25.192649] PM: early resume of devices complete after 2.998 msecs
[   25.737301] PM: resume of devices complete after 544.618 msecs
[   25.802555] Restarting tasks ... done.
root@(none):/# 
root@(none):/# rtcwake -d rtc1 -m mem -s 3
rtcwake: assuming RTC uses UTC ...
rtcwake: wakeup from "mem" using /dev/rtc1 at Thu Jan  1 00:01:07 1970
[   26.533202] PM: Syncing filesystems ... done.
[   26.578249] Freezing user space processes ... (elapsed 0.001 seconds) done.
[   26.586690] Freezing remaining freezable tasks ... (elapsed 0.001 seconds) done.
[   26.595761] Suspending console(s) (use no_console_suspend to debug)
[   26.646849] PM: suspend of devices complete after 42.321 msecs
[   26.651682] PM: late suspend of devices complete after 4.801 msecs
[   26.679297] PM: noirq suspend of devices complete after 27.583 msecs
[   26.679310] Disabling non-boot CPUs ...
[   26.716681] Entering suspend state LP1
[   26.716681] Suspended for 3.410 seconds
[   26.716725] Enabling non-boot CPUs ...
[   26.747695] CPU1 is up
[   26.748660] pcieport 0000:00:01.0: nv_msi_ht_cap_quirk didn't locate host bridge
[   26.778905] PM: noirq resume of devices complete after 31.175 msecs
[   26.782415] PM: early resume of devices complete after 2.939 msecs
[   27.317732] PM: resume of devices complete after 535.283 msecs
[   27.382995] Restarting tasks ... done.
root@(none):/# 
root@(none):/# rtcwake -d rtc1 -m mem -s 3
rtcwake: assuming RTC uses UTC ...
rtcwake: wakeup from "mem" using /dev/rtc1 at Thu Jan  1 00:01:12 1970
[   28.123150] PM: Syncing filesystems ... done.
[   28.168175] Freezing user space processes ... (elapsed 0.001 seconds) done.
[   28.176619] Freezing remaining freezable tasks ... (elapsed 0.001 seconds) done.
[   28.185689] Suspending console(s) (use no_console_suspend to debug)
[   28.224406] pci_generic_config_write32: 90 callbacks suppressed
[   28.224451] pci_bus 0000:00: 2-byte config write to 0000:00:01.0 offset 0x9c may corrupt adjacent RW1C bits
[   28.236194] PM: suspend of devices complete after 41.741 msecs
[   28.241043] PM: late suspend of devices complete after 4.817 msecs
[   28.245495] pci_bus 0000:01: 2-byte config write to 0000:01:00.0 offset 0x44 may corrupt adjacent RW1C bits
[   28.245550] pci_bus 0000:01: 2-byte config write to 0000:01:00.0 offset 0x44 may corrupt adjacent RW1C bits
[   28.269186] PM: noirq suspend of devices complete after 28.113 msecs
[   28.269198] Disabling non-boot CPUs ...
[   28.316608] Entering suspend state LP1
[   28.316608] Suspended for 3.399 seconds
[   28.316652] Enabling non-boot CPUs ...
[   28.347623] CPU1 is up
[   28.348889] pci_bus 0000:00: 2-byte config write to 0000:00:01.0 offset 0x4c may corrupt adjacent RW1C bits
[   28.348937] pci_bus 0000:00: 2-byte config write to 0000:00:01.0 offset 0x88 may corrupt adjacent RW1C bits
[   28.348967] pci_bus 0000:00: 2-byte config write to 0000:00:01.0 offset 0x90 may corrupt adjacent RW1C bits
[   28.348995] pci_bus 0000:00: 2-byte config write to 0000:00:01.0 offset 0x98 may corrupt adjacent RW1C bits
[   28.349025] pci_bus 0000:00: 2-byte config write to 0000:00:01.0 offset 0x9c may corrupt adjacent RW1C bits
[   28.349105] pci_bus 0000:00: 2-byte config write to 0000:00:01.0 offset 0x52 may corrupt adjacent RW1C bits
[   28.349137] pci_bus 0000:00: 2-byte config write to 0000:00:01.0 offset 0x52 may corrupt adjacent RW1C bits
[   28.349209] pcieport 0000:00:01.0: nv_msi_ht_cap_quirk didn't locate host bridge
[   28.378771] PM: noirq resume of devices complete after 31.113 msecs
[   28.382285] PM: early resume of devices complete after 2.944 msecs
[   28.927677] PM: resume of devices complete after 545.357 msecs
[   29.096051] Restarting tasks ... done.
root@(none):/# 
root@(none):/# rtcwake -d rtc1 -m mem -s 3
rtcwake: assuming RTC uses UTC ...
rtcwake: wakeup from "mem" using /dev/rtc1 at Thu Jan  1 00:01:17 1970
[   29.722902] PM: Syncing filesystems ... done.
[   29.767923] Freezing user space processes ... (elapsed 0.001 seconds) done.
[   29.776360] Freezing remaining freezable tasks ... (elapsed 0.001 seconds) done.
[   29.785424] Suspending console(s) (use no_console_suspend to debug)
[   29.835904] PM: suspend of devices complete after 41.716 msecs
[   29.840953] PM: late suspend of devices complete after 5.016 msecs
[   29.869091] PM: noirq suspend of devices complete after 28.108 msecs
[   29.869104] Disabling non-boot CPUs ...
[   29.936553] Entering suspend state LP1
[   29.936553] Suspended for 3.379 seconds
[   29.936596] Enabling non-boot CPUs ...
[   29.967493] CPU1 is up
[   29.970183] pcieport 0000:00:01.0: nv_msi_ht_cap_quirk didn't locate host bridge
[   29.999255] PM: noirq resume of devices complete after 31.727 msecs
[   30.003163] PM: early resume of devices complete after 3.154 msecs
[   30.546811] PM: resume of devices complete after 543.615 msecs
[   30.612054] Restarting tasks ... done.
root@(none):/# 
root@(none):/# NVTB SYSTEM SUSPEND TEST COMPLETE
