
U-Boot SPL 2015.04-rc3-00209-ga74ef40 (Mar 16 2015 - 14:43:39)


U-Boot 2015.04-rc3-00209-ga74ef40 (Mar 16 2015 - 14:43:39)

TEGRA20
Model: Compulab TrimSlice board
DRAM:  1 GiB
MMC:   Tegra SD/MMC: 0, Tegra SD/MMC: 1
SF: Detected W25Q80BL with page size 256 Bytes, erase size 4 KiB, total 1 MiB
tegra-pcie: PCI regions:
tegra-pcie:   I/O: 0x82000000-0x82010000
tegra-pcie:   non-prefetchable memory: 0xa0000000-0xa8000000
tegra-pcie:   prefetchable memory: 0xa8000000-0xc0000000
tegra-pcie: dual-mode configuration
tegra-pcie: probing port 0, using 2 lanes
In:    serial
Out:   serial
Err:   serial
Net:   RTL8169#0
Hit any key to stop autoboot:  2  1  0 
Tegra20 (TrimSlice) # 
Tegra20 (TrimSlice) # usb reset
resetting USB...
USB0:   USB EHCI 1.00
scanning bus 0 for devices... 3 USB Device(s) found
USB1:   USB EHCI 1.00
scanning bus 1 for devices... 1 USB Device(s) found
USB2:   lowlevel init failed
       scanning usb for storage devices... 0 Storage Device(s) found
       scanning usb for ethernet devices... 
Warning: asx0 using MAC address from net device
1 Ethernet Device(s) found
Tegra20 (TrimSlice) # setenv bootargs 'ignore_loglevel console=ttyS0,115200n8 rw root=PARTUUID=11eb23c1-01 rootwait gpt debug noinitrd earlyprintk init=/bin/bash'
Tegra20 (TrimSlice) # setenv ipaddr 192.168.100.103; setenv serverip 192.168.100.1; setenv tftpserverip 192.168.100.1
Tegra20 (TrimSlice) # tftpboot 0x00408000 zImage.multi_v7_defconfig
Using RTL8169#0 device
TFTP from server 192.168.100.1; our IP address is 192.168.100.103
Filename 'zImage.multi_v7_defconfig'.
Load address: 0x408000
Loading: *#################################################################
	 #################################################################
	 #################################################################
	 #################################################################
	 #################################################################
	 #################################################################
	 #################################################################
	 #########################
	 4.1 MiB/s
done
Bytes transferred = 7042856 (6b7728 hex)
Tegra20 (TrimSlice) # tftpboot 0x02408000 tegra20-trimslice.dtb
Using RTL8169#0 device
TFTP from server 192.168.100.1; our IP address is 192.168.100.103
Filename 'tegra20-trimslice.dtb'.
Load address: 0x2408000
Loading: *##
	 3.4 MiB/s
done
Bytes transferred = 21172 (52b4 hex)
Tegra20 (TrimSlice) # bootz 0x00408000 - 0x02408000
Kernel image @ 0x408000 [ 0x000000 - 0x6b7728 ]
## Flattened Device Tree blob at 02408000
   Booting using the fdt blob at 0x2408000
   Using Device Tree in place at 02408000, end 024102b3

Starting kernel ...

[    0.000000] Booting Linux on physical CPU 0x0
[    0.000000] Linux version 4.6.0-rc5-next-20160427-90066-g29fab3a (pwalmsley@sellafield) (gcc version 4.7.3 20130328 (prerelease) (crosstool-NG linaro-1.13.1-4.7-2013.04-20130415 - Linaro GCC 2013.04) ) #1 SMP Wed Apr 27 00:18:52 PDT 2016
[    0.000000] CPU: ARMv7 Processor [411fc090] revision 0 (ARMv7), cr=10c5387d
[    0.000000] CPU: PIPT / VIPT nonaliasing data cache, VIPT aliasing instruction cache
[    0.000000] Machine model: Compulab TrimSlice board
[    0.000000] debug: ignoring loglevel setting.
[    0.000000] cma: Reserved 64 MiB at 0x3c000000
[    0.000000] Memory policy: Data cache writealloc
[    0.000000] On node 0 totalpages: 262144
[    0.000000] free_area_init_node: node 0, pgdat c1417fc0, node_mem_map ef7f8000
[    0.000000]   DMA zone: 1536 pages used for memmap
[    0.000000]   DMA zone: 0 pages reserved
[    0.000000]   DMA zone: 196608 pages, LIFO batch:31
[    0.000000]   HighMem zone: 65536 pages, LIFO batch:15
[    0.000000] percpu: Embedded 13 pages/cpu @ef7c9000 s23744 r8192 d21312 u53248
[    0.000000] pcpu-alloc: s23744 r8192 d21312 u53248 alloc=13*4096
[    0.000000] pcpu-alloc: [0] 0 [0] 1 
[    0.000000] Built 1 zonelists in Zone order, mobility grouping on.  Total pages: 260608
[    0.000000] Kernel command line: ignore_loglevel console=ttyS0,115200n8 rw root=PARTUUID=11eb23c1-01 rootwait gpt debug noinitrd earlyprintk init=/bin/bash
[    0.000000] PID hash table entries: 4096 (order: 2, 16384 bytes)
[    0.000000] Dentry cache hash table entries: 131072 (order: 7, 524288 bytes)
[    0.000000] Inode-cache hash table entries: 65536 (order: 6, 262144 bytes)
[    0.000000] Memory: 955952K/1048576K available (9527K kernel code, 1128K rwdata, 4184K rodata, 2048K init, 338K bss, 27088K reserved, 65536K cma-reserved, 196608K highmem)
[    0.000000] Virtual kernel memory layout:
[    0.000000]     vector  : 0xffff0000 - 0xffff1000   (   4 kB)
[    0.000000]     fixmap  : 0xffc00000 - 0xfff00000   (3072 kB)
[    0.000000]     vmalloc : 0xf0800000 - 0xff800000   ( 240 MB)
[    0.000000]     lowmem  : 0xc0000000 - 0xf0000000   ( 768 MB)
[    0.000000]     pkmap   : 0xbfe00000 - 0xc0000000   (   2 MB)
[    0.000000]     modules : 0xbf000000 - 0xbfe00000   (  14 MB)
[    0.000000]       .text : 0xc0208000 - 0xc1063f98   (14704 kB)
[    0.000000]       .init : 0xc1100000 - 0xc1300000   (2048 kB)
[    0.000000]       .data : 0xc1300000 - 0xc141a000   (1128 kB)
[    0.000000]        .bss : 0xc141b000 - 0xc146fa98   ( 339 kB)
[    0.000000] SLUB: HWalign=64, Order=0-3, MinObjects=0, CPUs=2, Nodes=1
[    0.000000] Hierarchical RCU implementation.
[    0.000000] 	Build-time adjustment of leaf fanout to 32.
[    0.000000] 	RCU restricting CPUs from NR_CPUS=16 to nr_cpu_ids=2.
[    0.000000] RCU: Adjusting geometry for rcu_fanout_leaf=32, nr_cpu_ids=2
[    0.000000] NR_IRQS:16 nr_irqs:16 16
[    0.000000] /interrupt-controller@60004000: 128 interrupts forwarded to /interrupt-controller@50041000
[    0.000000] L2C: platform modifies aux control register: 0x02080000 -> 0x3e480001
[    0.000000] L2C: DT/platform modifies aux control register: 0x02080000 -> 0x3e480001
[    0.000000] L2C-310 errata 727915 769419 enabled
[    0.000000] L2C-310 enabling early BRESP for Cortex-A9
[    0.000000] L2C-310: enabling full line of zeros but not enabled in Cortex-A9
[    0.000000] L2C-310 ID prefetch enabled, offset 1 lines
[    0.000000] L2C-310 cache controller enabled, 8 ways, 1024 kB
[    0.000000] L2C-310: CACHE_ID 0x410000c4, AUX_CTRL 0x7e480001
[    0.000010] sched_clock: 32 bits at 1000kHz, resolution 1000ns, wraps every 2147483647500ns
[    0.000026] clocksource: timer_us: mask: 0xffffffff max_cycles: 0xffffffff, max_idle_ns: 1911260446275 ns
[    0.000037] Switching to timer-based delay loop, resolution 1000ns
[    0.001666] Console: colour dummy device 80x30
[    0.001689] Calibrating delay loop (skipped), value calculated using timer frequency.. 2.00 BogoMIPS (lpj=5000)
[    0.001699] pid_max: default: 32768 minimum: 301
[    0.001773] Mount-cache hash table entries: 2048 (order: 1, 8192 bytes)
[    0.001782] Mountpoint-cache hash table entries: 2048 (order: 1, 8192 bytes)
[    0.002257] CPU: Testing write buffer coherency: ok
[    0.002437] CPU0: thread -1, cpu 0, socket 0, mpidr 80000000
[    0.002460] Setting up static identity map for 0x300000 - 0x300098
[    0.003917] Tegra Revision: A03 prime SKU: 8 CPU Process: 1 SoC Process: 2
[    0.004948] CPU1: thread -1, cpu 1, socket 0, mpidr 80000001
[    0.005013] Brought up 2 CPUs
[    0.005025] SMP: Total of 2 processors activated (4.00 BogoMIPS).
[    0.005030] CPU: All CPU(s) started in SVC mode.
[    0.005678] devtmpfs: initialized
[    0.009604] VFP support v0.3: implementor 41 architecture 3 part 30 variant 9 rev 1
[    0.009933] clocksource: jiffies: mask: 0xffffffff max_cycles: 0xffffffff, max_idle_ns: 9556302231375000 ns
[    0.012904] pinctrl core: initialized pinctrl subsystem
[    0.014051] NET: Registered protocol family 16
[    0.016224] DMA: preallocated 256 KiB pool for atomic coherent allocations
[    0.029917] cpuidle: using governor menu
[    0.041315] No ATAGs?
[    0.041336] hw-breakpoint: found 5 (+1 reserved) breakpoint and 1 watchpoint registers.
[    0.041344] hw-breakpoint: maximum watchpoint size is 4 bytes.
[    0.044881] Serial: AMBA PL011 UART driver
[    0.068334] usb1_vbus: Failed to request enable GPIO170: -517
[    0.068348] reg-fixed-voltage regulators:regulator@2: Failed to register regulator: -517
[    0.072039] vgaarb: loaded
[    0.072622] SCSI subsystem initialized
[    0.072737] libata version 3.00 loaded.
[    0.072936] usbcore: registered new interface driver usbfs
[    0.072983] usbcore: registered new interface driver hub
[    0.073022] usbcore: registered new device driver usb
[    0.075171] pps_core: LinuxPPS API ver. 1 registered
[    0.075179] pps_core: Software ver. 5.3.6 - Copyright 2005-2007 Rodolfo Giometti <giometti@linux.it>
[    0.075201] PTP clock support registered
[    0.075352] EDAC MC: Ver: 3.0.0
[    0.077121] clocksource: Switched to clocksource timer_us
[    0.084811] NET: Registered protocol family 2
[    0.085247] TCP established hash table entries: 8192 (order: 3, 32768 bytes)
[    0.085359] TCP bind hash table entries: 8192 (order: 4, 65536 bytes)
[    0.085472] TCP: Hash tables configured (established 8192 bind 8192)
[    0.085548] UDP hash table entries: 512 (order: 2, 16384 bytes)
[    0.085592] UDP-Lite hash table entries: 512 (order: 2, 16384 bytes)
[    0.085742] NET: Registered protocol family 1
[    0.085964] RPC: Registered named UNIX socket transport module.
[    0.085972] RPC: Registered udp transport module.
[    0.085977] RPC: Registered tcp transport module.
[    0.085982] RPC: Registered tcp NFSv4.1 backchannel transport module.
[    0.085990] PCI: CLS 0 bytes, default 64
[    0.086783] hw perfevents: enabled with armv7_cortex_a9 PMU driver, 7 counters available
[    0.087765] futex hash table entries: 512 (order: 3, 32768 bytes)
[    0.088335] workingset: timestamp_bits=28 max_order=18 bucket_order=0
[    0.095757] squashfs: version 4.0 (2009/01/31) Phillip Lougher
[    0.096346] NFS: Registering the id_resolver key type
[    0.096378] Key type id_resolver registered
[    0.096384] Key type id_legacy registered
[    0.096415] ntfs: driver 2.1.32 [Flags: R/O].
[    0.097364] bounce: pool size: 64 pages
[    0.097518] Block layer SCSI generic (bsg) driver version 0.4 loaded (major 248)
[    0.097527] io scheduler noop registered
[    0.097533] io scheduler deadline registered
[    0.097559] io scheduler cfq registered (default)
[    0.108929] tegra-pcie 80003000.pcie-controller: dual-mode configuration
[    0.109635] tegra-pcie 80003000.pcie-controller: probing port 0, using 2 lanes
[    0.193330] tegra-pcie 80003000.pcie-controller: PCI host bridge to bus 0000:00
[    0.193343] pci_bus 0000:00: root bus resource [io  0x0000-0xffff]
[    0.193351] pci_bus 0000:00: root bus resource [mem 0xa0000000-0xa7ffffff]
[    0.193359] pci_bus 0000:00: root bus resource [mem 0xa8000000-0xbfffffff pref]
[    0.193367] pci_bus 0000:00: root bus resource [bus 00-ff]
[    0.193400] pci 0000:00:01.0: [10de:0bf0] type 01 class 0x060000
[    0.193459] pci 0000:00:01.0: PME# supported from D0 D1 D2 D3hot D3cold
[    0.193651] PCI: bus0: Fast back to back transfers disabled
[    0.193662] pci 0000:00:01.0: bridge configuration invalid ([bus 00-00]), reconfiguring
[    0.193788] pci 0000:01:00.0: [10ec:8168] type 00 class 0x020000
[    0.193810] pci 0000:01:00.0: reg 0x10: [io  0x0000-0x00ff]
[    0.193831] pci 0000:01:00.0: reg 0x18: [mem 0x00000000-0x00000fff 64bit pref]
[    0.193848] pci 0000:01:00.0: reg 0x20: [mem 0x00000000-0x00003fff 64bit pref]
[    0.193860] pci 0000:01:00.0: reg 0x30: [mem 0x00000000-0x0001ffff pref]
[    0.193936] pci 0000:01:00.0: supports D1 D2
[    0.193944] pci 0000:01:00.0: PME# supported from D0 D1 D2 D3hot D3cold
[    0.202155] PCI: bus1: Fast back to back transfers disabled
[    0.202167] pci_bus 0000:01: busn_res: [bus 01-ff] end is updated to 01
[    0.202179] Disabling cpuidle LP2 state, since PCIe IRQs are in use
[    0.202235] pci 0000:00:01.0: BAR 8: assigned [mem 0xa0000000-0xa00fffff]
[    0.202246] pci 0000:00:01.0: BAR 9: assigned [mem 0xa8000000-0xa80fffff 64bit pref]
[    0.202255] pci 0000:00:01.0: BAR 7: assigned [io  0x1000-0x1fff]
[    0.202267] pci 0000:01:00.0: BAR 6: assigned [mem 0xa0000000-0xa001ffff pref]
[    0.202277] pci 0000:01:00.0: BAR 4: assigned [mem 0xa8000000-0xa8003fff 64bit pref]
[    0.202294] pci 0000:01:00.0: BAR 2: assigned [mem 0xa8004000-0xa8004fff 64bit pref]
[    0.202310] pci 0000:01:00.0: BAR 0: assigned [io  0x1000-0x10ff]
[    0.202320] pci 0000:00:01.0: PCI bridge to [bus 01]
[    0.202328] pci 0000:00:01.0:   bridge window [io  0x1000-0x1fff]
[    0.202336] pci 0000:00:01.0:   bridge window [mem 0xa0000000-0xa00fffff]
[    0.202344] pci 0000:00:01.0:   bridge window [mem 0xa8000000-0xa80fffff 64bit pref]
[    0.202364] pci 0000:00:01.0: nv_msi_ht_cap_quirk didn't locate host bridge
[    0.202432] pcieport 0000:00:01.0: enabling device (0140 -> 0143)
[    0.202582] pcieport 0000:00:01.0: Signaling PME through PCIe PME interrupt
[    0.202591] pci 0000:01:00.0: Signaling PME through PCIe PME interrupt
[    0.202600] pcie_pme 0000:00:01.0:pcie01: service driver pcie_pme loaded
[    0.206362] tegra-apbdma 6000a000.dma: Tegra20 APB DMA driver register 16 channels
[    0.252209] Serial: 8250/16550 driver, 4 ports, IRQ sharing disabled
[    0.254526] console [ttyS0] disabled
[    0.254560] 70006000.serial: ttyS0 at MMIO 0x70006000 (irq = 279, base_baud = 13500000) is a Tegra
[    1.199419] console [ttyS0] enabled
[    1.203519] SuperH (H)SCI(F) driver initialized
[    1.208820] msm_serial: driver initialized
[    1.213076] STMicroelectronics ASC driver initialized
[    1.220845] [drm] Initialized drm 1.1.0 20060810
[    1.227774] 54280000.hdmi supply hdmi not found, using dummy regulator
[    1.237495] [drm] Supports vblank timestamp caching Rev 2 (21.10.2013).
[    1.244108] [drm] No driver support for vblank timestamp query.
[    1.250054] drm drm: No connectors reported connected with modes
[    1.256063] [drm] Cannot find any crtc or sizes - going 1024x768
[    1.278215] Console: switching to colour frame buffer device 128x48
[    1.292900] drm drm: fb0:  frame buffer device
[    1.312133] [drm] Initialized tegra 0.0.0 20120330 on minor 0
[    1.326485] brd: module loaded
[    1.333732] loop: module loaded
[    1.342430] m25p80 spi32766.0: found s25fl008k, expected w25q80bl
[    1.348537] m25p80 spi32766.0: s25fl008k (1024 Kbytes)
[    1.356650] CAN device driver interface
[    1.361972] igb: Intel(R) Gigabit Ethernet Network Driver - version 5.3.0-k
[    1.368932] igb: Copyright (c) 2007-2014 Intel Corporation.
[    1.375028] r8169 Gigabit Ethernet driver 2.3LK-NAPI loaded
[    1.380624] r8169 0000:01:00.0: enabling device (0140 -> 0143)
[    1.387237] r8169 0000:01:00.0 eth0: RTL8168d/8111d at 0xf0878000, 00:01:c0:13:7d:63, XID 081000c0 IRQ 296
[    1.396888] r8169 0000:01:00.0 eth0: jumbo features [frames: 9200 bytes, tx checksumming: ko]
[    1.407398] pegasus: v0.9.3 (2013/04/25), Pegasus/Pegasus II USB Ethernet driver
[    1.414855] usbcore: registered new interface driver pegasus
[    1.420557] usbcore: registered new interface driver asix
[    1.425990] usbcore: registered new interface driver ax88179_178a
[    1.432124] usbcore: registered new interface driver cdc_ether
[    1.437999] usbcore: registered new interface driver smsc75xx
[    1.443793] usbcore: registered new interface driver smsc95xx
[    1.449568] usbcore: registered new interface driver net1080
[    1.455264] usbcore: registered new interface driver cdc_subset
[    1.461213] usbcore: registered new interface driver zaurus
[    1.466841] usbcore: registered new interface driver cdc_ncm
[    1.472800] tegra-phy c5004000.usb-phy: no vbus regulator
[    1.479297] tegra-phy c5008000.usb-phy: no vbus regulator
[    1.486118] ehci_hcd: USB 2.0 'Enhanced' Host Controller (EHCI) Driver
[    1.492648] ehci-pci: EHCI PCI platform driver
[    1.497130] ehci-platform: EHCI generic platform driver
[    1.502520] ehci-omap: OMAP-EHCI Host Controller driver
[    1.507854] ehci-orion: EHCI orion driver
[    1.511954] SPEAr-ehci: EHCI SPEAr driver
[    1.516081] ehci-st: EHCI STMicroelectronics driver
[    1.521071] ehci-exynos: EHCI EXYNOS driver
[    1.525381] ehci-atmel: EHCI Atmel driver
[    1.529503] tegra-ehci: Tegra EHCI driver
[    1.533686] ------------[ cut here ]------------
[    1.538327] WARNING: CPU: 0 PID: 1 at drivers/reset/core.c:187 __of_reset_control_get+0x1bc/0x228
[    1.547188] Modules linked in:
[    1.550240] CPU: 0 PID: 1 Comm: swapper/0 Not tainted 4.6.0-rc5-next-20160427-90066-g29fab3a #1
[    1.558916] Hardware name: NVIDIA Tegra SoC (Flattened Device Tree)
[    1.565193] [<c030f9a0>] (unwind_backtrace) from [<c030b07c>] (show_stack+0x10/0x14)
[    1.572923] [<c030b07c>] (show_stack) from [<c0584c88>] (dump_stack+0x84/0xa4)
[    1.580137] [<c0584c88>] (dump_stack) from [<c0341a24>] (__warn+0xd4/0x100)
[    1.587086] [<c0341a24>] (__warn) from [<c0341a70>] (warn_slowpath_null+0x20/0x28)
[    1.594642] [<c0341a70>] (warn_slowpath_null) from [<c069b288>] (__of_reset_control_get+0x1bc/0x228)
[    1.603760] [<c069b288>] (__of_reset_control_get) from [<c090bb2c>] (tegra_ehci_probe+0x2d0/0x51c)
[    1.612706] [<c090bb2c>] (tegra_ehci_probe) from [<c0773c38>] (platform_drv_probe+0x50/0xb0)
[    1.621128] [<c0773c38>] (platform_drv_probe) from [<c077259c>] (driver_probe_device+0x1f4/0x2b0)
[    1.629982] [<c077259c>] (driver_probe_device) from [<c0772704>] (__driver_attach+0xac/0xb0)
[    1.638401] [<c0772704>] (__driver_attach) from [<c0770bb0>] (bus_for_each_dev+0x54/0x88)
[    1.646560] [<c0770bb0>] (bus_for_each_dev) from [<c0771b90>] (bus_add_driver+0xe8/0x1f4)
[    1.654720] [<c0771b90>] (bus_add_driver) from [<c0772f20>] (driver_register+0x78/0xf4)
[    1.662707] [<c0772f20>] (driver_register) from [<c0301e5c>] (do_one_initcall+0x3c/0x16c)
[    1.670870] [<c0301e5c>] (do_one_initcall) from [<c1100d80>] (kernel_init_freeable+0x120/0x1ec)
[    1.679555] [<c1100d80>] (kernel_init_freeable) from [<c0b521f4>] (kernel_init+0x8/0x118)
[    1.687716] [<c0b521f4>] (kernel_init) from [<c0307f78>] (ret_from_fork+0x14/0x3c)
[    1.695297] ---[ end trace cb7e522fc92be724 ]---
[    1.699916] tegra-ehci c5000000.usb: can't get utmi-pads reset from the PHY
[    1.706872] tegra-ehci c5000000.usb: continuing, but please update your DT
[    1.733329] ulpi_phy_power_on: ulpi write failed
[    1.737950] tegra-ehci c5004000.usb: Failed to power on the phy
[    1.743879] tegra-ehci: probe of c5004000.usb failed with error -110
[    1.752872] tegra-ehci c5008000.usb: EHCI Host Controller
[    1.758286] tegra-ehci c5008000.usb: new USB bus registered, assigned bus number 1
[    1.766096] tegra-ehci c5008000.usb: irq 290, io mem 0xc5008000
[    1.777137] tegra-ehci c5008000.usb: USB 2.0 started, EHCI 1.00
[    1.783681] hub 1-0:1.0: USB hub found
[    1.787461] hub 1-0:1.0: 1 port detected
[    1.791706] ohci_hcd: USB 1.1 'Open' Host Controller (OHCI) Driver
[    1.797897] ohci-pci: OHCI PCI platform driver
[    1.802385] ohci-platform: OHCI generic platform driver
[    1.807770] ohci-omap3: OHCI OMAP3 driver
[    1.811882] SPEAr-ohci: OHCI SPEAr driver
[    1.816001] ohci-st: OHCI STMicroelectronics driver
[    1.820983] ohci-atmel: OHCI Atmel driver
[    1.825588] usbcore: registered new interface driver usb-storage
[    1.832847] mousedev: PS/2 mouse device common for all mice
[    1.840298] rtc-em3027 2-0056: rtc core: registered rtc-em3027 as rtc0
[    1.847997] tegra_rtc 7000e000.rtc: rtc core: registered 7000e000.rtc as rtc1
[    1.855166] tegra_rtc 7000e000.rtc: Tegra internal Real Time Clock
[    1.861748] i2c /dev entries driver
[    1.874202] sdhci: Secure Digital Host Controller Interface driver
[    1.880396] sdhci: Copyright(c) Pierre Ossman
[    1.885964] Synopsys Designware Multimedia Card Interface Driver
[    1.892849] sdhci-pltfm: SDHCI platform and OF driver helper
[    1.899357] mmc0: Invalid maximum block size, assuming 512 bytes
[    1.932142] mmc0: SDHCI controller on c8000000.sdhci [c8000000.sdhci] using ADMA
[    1.939642] sdhci-tegra c8000600.sdhci: Got CD GPIO
[    1.944544] sdhci-tegra c8000600.sdhci: Got WP GPIO
[    1.949583] mmc1: Invalid maximum block size, assuming 512 bytes
[    1.982216] mmc1: SDHCI controller on c8000600.sdhci [c8000600.sdhci] using ADMA
[    1.990830] ledtrig-cpu: registered to indicate activity on CPUs
[    1.997234] usbcore: registered new interface driver usbhid
[    2.002807] usbhid: USB HID core driver
[    2.011082] NET: Registered protocol family 10
[    2.016201] sit: IPv6 over IPv4 tunneling driver
[    2.021303] NET: Registered protocol family 17
[    2.025761] can: controller area network core (rev 20120528 abi 9)
[    2.031988] NET: Registered protocol family 29
[    2.036434] can: raw protocol (rev 20120528)
[    2.040702] can: broadcast manager protocol (rev 20120528 t)
[    2.046363] can: netlink gateway (rev 20130117) max_hops=1
[    2.052184] Key type dns_resolver registered
[    2.056793] ThumbEE CPU extension supported.
[    2.061074] Registering SWP/SWPB emulation handler
[    2.073779] utmi_phy_clk_enable: timeout waiting for phy to stabilize
[    2.080256] tegra-ehci c5000000.usb: EHCI Host Controller
[    2.085674] tegra-ehci c5000000.usb: new USB bus registered, assigned bus number 2
[    2.093585] tegra-ehci c5000000.usb: irq 288, io mem 0xc5000000
[    2.107144] usb 1-1: new high-speed USB device number 2 using tegra-ehci
[    2.117159] tegra-ehci c5000000.usb: USB 2.0 started, EHCI 1.00
[    2.123738] hub 2-0:1.0: USB hub found
[    2.127556] hub 2-0:1.0: 1 port detected
[    2.132390] input: gpio-keys as /devices/soc0/gpio-keys/input/input0
[    2.139296] rtc-em3027 2-0056: setting system clock to 2014-12-29 15:28:54 UTC (1419866934)
[    2.151484] Waiting for root device PARTUUID=11eb23c1-01...
[    2.160753] mmc0: host does not support reading read-only switch, assuming write-enable
[    2.170569] mmc0: new high speed SDHC card at address b368
[    2.176463] mmcblk0: mmc0:b368 NCard 3.70 GiB 
[    2.183486]  mmcblk0: p1
[    2.192354] mmc1: new high speed SD card at address b368
[    2.198059] mmcblk1: mmc1:b368 NCard 1.83 GiB (ro)
[    2.205240]  mmcblk1: p1 p2
[    2.253280] hub 1-1:1.0: USB hub found
[    2.257125] hub 1-1:1.0: 4 ports detected
[    2.362849] EXT4-fs (mmcblk0p1): mounting ext3 file system using the ext4 subsystem
[    2.448490] EXT4-fs (mmcblk0p1): recovery complete
[    2.453301] EXT4-fs (mmcblk0p1): mounted filesystem with ordered data mode. Opts: (null)
[    2.461408] VFS: Mounted root (ext3 filesystem) on device 179:1.
[    2.470811] devtmpfs: mounted
[    2.475675] Freeing unused kernel memory: 2048K (c1100000 - c1300000)
[    2.537264] usb 1-1.2: new high-speed USB device number 3 using tegra-ehci
bash: cannot set terminal process group (-1): Inappropriate ioctl for device
bash: no job control in this shell
root@(none):/# mount -t sysfs none /sys
root@(none):/# 
root@(none):/# mount -t debugfs none /sys/kernel/debug
root@(none):/# 
root@(none):/# rtcwake -d rtc1 -m mem -s 3
rtcwake: assuming RTC uses UTC ...
rtcwake: wakeup from "mem" using /dev/rtc1 at Thu Jan  1 00:00:23 1970
[    6.520710] PM: Syncing filesystems ... done.
[    6.567297] Freezing user space processes ... (elapsed 0.001 seconds) done.
[    6.575719] Freezing remaining freezable tasks ... (elapsed 0.001 seconds) done.
[    6.584796] Suspending console(s) (use no_console_suspend to debug)
[    6.620611] PM: suspend of devices complete after 26.876 msecs
[    6.624274] PM: late suspend of devices complete after 3.632 msecs
[    6.642781] PM: noirq suspend of devices complete after 18.475 msecs
[    6.642793] Disabling non-boot CPUs ...
[    6.644718] CPU1: shutdown
[    6.670268] Entering suspend state LP1
[    6.670318] Enabling non-boot CPUs ...
[    6.696449] CPU1 is up
[    6.697427] pcieport 0000:00:01.0: nv_msi_ht_cap_quirk didn't locate host bridge
[    6.712412] PM: noirq resume of devices complete after 15.929 msecs
[    6.716014] PM: early resume of devices complete after 2.878 msecs
[    6.785642] PM: resume of devices complete after 69.594 msecs
[    6.849649] Restarting tasks ... done.
root@(none):/# 
root@(none):/# rtcwake -d rtc1 -m mem -s 3
rtcwake: assuming RTC uses UTC ...
rtcwake: wakeup from "mem" using /dev/rtc1 at Thu Jan  1 00:00:27 1970
[    7.447232] PM: Syncing filesystems ... done.
[    7.492796] Freezing user space processes ... (elapsed 0.001 seconds) done.
[    7.501313] Freezing remaining freezable tasks ... (elapsed 0.001 seconds) done.
[    7.510055] Suspending console(s) (use no_console_suspend to debug)
[    7.544008] PM: suspend of devices complete after 25.032 msecs
[    7.547722] PM: late suspend of devices complete after 3.682 msecs
[    7.562718] PM: noirq suspend of devices complete after 14.964 msecs
[    7.562729] Disabling non-boot CPUs ...
[    7.564663] CPU1: shutdown
[    7.590250] Entering suspend state LP1
[    7.590301] Enabling non-boot CPUs ...
[    7.616348] CPU1 is up
[    7.617331] pcieport 0000:00:01.0: nv_msi_ht_cap_quirk didn't locate host bridge
[    7.632360] PM: noirq resume of devices complete after 15.979 msecs
[    7.635744] PM: early resume of devices complete after 2.854 msecs
[    7.697960] PM: resume of devices complete after 62.182 msecs
[    7.761243] Restarting tasks ... done.
root@(none):/# 
root@(none):/# rtcwake -d rtc1 -m mem -s 3
rtcwake: assuming RTC uses UTC ...
rtcwake: wakeup from "mem" using /dev/rtc1 at Thu Jan  1 00:00:31 1970
[    8.366842] PM: Syncing filesystems ... done.
[    8.412402] Freezing user space processes ... (elapsed 0.001 seconds) done.
[    8.420876] Freezing remaining freezable tasks ... (elapsed 0.001 seconds) done.
[    8.429967] Suspending console(s) (use no_console_suspend to debug)
[    8.464307] PM: suspend of devices complete after 25.414 msecs
[    8.467887] PM: late suspend of devices complete after 3.547 msecs
[    8.482674] PM: noirq suspend of devices complete after 14.755 msecs
[    8.482685] Disabling non-boot CPUs ...
[    8.484711] CPU1: shutdown
[    8.500173] Entering suspend state LP1
[    8.500224] Enabling non-boot CPUs ...
[    8.526372] CPU1 is up
[    8.527579] pcieport 0000:00:01.0: nv_msi_ht_cap_quirk didn't locate host bridge
[    8.542321] PM: noirq resume of devices complete after 15.916 msecs
[    8.545965] PM: early resume of devices complete after 2.929 msecs
[    8.610590] PM: resume of devices complete after 64.591 msecs
[    8.674581] Restarting tasks ... done.
root@(none):/# 
root@(none):/# rtcwake -d rtc1 -m mem -s 3
rtcwake: assuming RTC uses UTC ...
rtcwake: wakeup from "mem" using /dev/rtc1 at Thu Jan  1 00:00:35 1970
[    9.272394] PM: Syncing filesystems ... done.
[    9.305203] Freezing user space processes ... (elapsed 0.001 seconds) done.
[    9.313626] Freezing remaining freezable tasks ... (elapsed 0.001 seconds) done.
[    9.322545] Suspending console(s) (use no_console_suspend to debug)
[    9.353658] PM: suspend of devices complete after 22.996 msecs
[    9.357413] PM: late suspend of devices complete after 3.723 msecs
[    9.372610] PM: noirq suspend of devices complete after 15.165 msecs
[    9.372621] Disabling non-boot CPUs ...
[    9.374544] CPU1: shutdown
[    9.400124] Entering suspend state LP1
[    9.400174] Enabling non-boot CPUs ...
[    9.426242] CPU1 is up
[    9.427564] pcieport 0000:00:01.0: nv_msi_ht_cap_quirk didn't locate host bridge
[    9.442247] PM: noirq resume of devices complete after 15.972 msecs
[    9.445875] PM: early resume of devices complete after 2.916 msecs
[    9.510407] PM: resume of devices complete after 64.499 msecs
[    9.574391] Restarting tasks ... done.
root@(none):/# 
root@(none):/# rtcwake -d rtc1 -m mem -s 3
rtcwake: assuming RTC uses UTC ...
rtcwake: wakeup from "mem" using /dev/rtc1 at Thu Jan  1 00:00:39 1970
[   10.172417] PM: Syncing filesystems ... done.
[   10.205230] Freezing user space processes ... (elapsed 0.001 seconds) done.
[   10.213650] Freezing remaining freezable tasks ... (elapsed 0.001 seconds) done.
[   10.222574] Suspending console(s) (use no_console_suspend to debug)
[   10.253939] PM: suspend of devices complete after 23.250 msecs
[   10.257538] PM: late suspend of devices complete after 3.564 msecs
[   10.272472] PM: noirq suspend of devices complete after 14.901 msecs
[   10.272483] Disabling non-boot CPUs ...
[   10.274289] CPU1: shutdown
[   10.290080] Entering suspend state LP1
[   10.290130] Enabling non-boot CPUs ...
[   10.316183] CPU1 is up
[   10.317248] pcieport 0000:00:01.0: nv_msi_ht_cap_quirk didn't locate host bridge
[   10.332167] PM: noirq resume of devices complete after 15.951 msecs
[   10.335545] PM: early resume of devices complete after 2.845 msecs
[   10.400547] PM: resume of devices complete after 64.968 msecs
[   10.464529] Restarting tasks ... done.
root@(none):/# 
root@(none):/# rtcwake -d rtc1 -m mem -s 3
rtcwake: assuming RTC uses UTC ...
rtcwake: wakeup from "mem" using /dev/rtc1 at Thu Jan  1 00:00:43 1970
[   11.062301] PM: Syncing filesystems ... done.
[   11.095117] Freezing user space processes ... (elapsed 0.001 seconds) done.
[   11.103537] Freezing remaining freezable tasks ... (elapsed 0.001 seconds) done.
[   11.112451] Suspending console(s) (use no_console_suspend to debug)
[   11.144784] PM: suspend of devices complete after 24.219 msecs
[   11.148705] PM: late suspend of devices complete after 3.888 msecs
[   11.162475] PM: noirq suspend of devices complete after 13.738 msecs
[   11.162486] Disabling non-boot CPUs ...
[   11.164323] CPU1: shutdown
[   11.180019] Entering suspend state LP1
[   11.180068] Enabling non-boot CPUs ...
[   11.206128] CPU1 is up
[   11.208676] pcieport 0000:00:01.0: nv_msi_ht_cap_quirk didn't locate host bridge
[   11.222061] PM: noirq resume of devices complete after 15.899 msecs
[   11.225415] PM: early resume of devices complete after 2.825 msecs
[   11.285438] PM: resume of devices complete after 59.990 msecs
[   11.349390] Restarting tasks ... done.
root@(none):/# 
root@(none):/# rtcwake -d rtc1 -m mem -s 3
rtcwake: assuming RTC uses UTC ...
rtcwake: wakeup from "mem" using /dev/rtc1 at Thu Jan  1 00:00:47 1970
[   11.952161] PM: Syncing filesystems ... done.
[   11.984939] Freezing user space processes ... (elapsed 0.001 seconds) done.
[   11.993379] Freezing remaining freezable tasks ... (elapsed 0.001 seconds) done.
[   12.002323] Suspending console(s) (use no_console_suspend to debug)
[   12.033273] PM: suspend of devices complete after 22.832 msecs
[   12.036872] PM: late suspend of devices complete after 3.566 msecs
[   12.052400] PM: noirq suspend of devices complete after 15.495 msecs
[   12.052412] Disabling non-boot CPUs ...
[   12.054222] CPU1: shutdown
[   12.079921] Entering suspend state LP1
[   12.079971] Enabling non-boot CPUs ...
[   12.106037] CPU1 is up
[   12.108590] pcieport 0000:00:01.0: nv_msi_ht_cap_quirk didn't locate host bridge
[   12.121998] PM: noirq resume of devices complete after 15.928 msecs
[   12.125358] PM: early resume of devices complete after 2.830 msecs
[   12.185398] PM: resume of devices complete after 60.006 msecs
[   12.249335] Restarting tasks ... done.
root@(none):/# 
root@(none):/# rtcwake -d rtc1 -m mem -s 3
rtcwake: assuming RTC uses UTC ...
rtcwake: wakeup from "mem" using /dev/rtc1 at Thu Jan  1 00:00:51 1970
[   12.856521] PM: Syncing filesystems ... done.
[   12.902094] Freezing user space processes ... (elapsed 0.001 seconds) done.
[   12.910571] Freezing remaining freezable tasks ... (elapsed 0.001 seconds) done.
[   12.919653] Suspending console(s) (use no_console_suspend to debug)
[   12.953428] PM: suspend of devices complete after 24.850 msecs
[   12.957021] PM: late suspend of devices complete after 3.561 msecs
[   12.972385] PM: noirq suspend of devices complete after 15.332 msecs
[   12.972396] Disabling non-boot CPUs ...
[   12.974388] CPU1: shutdown
[   12.999864] Entering suspend state LP1
[   12.999914] Enabling non-boot CPUs ...
[   13.025996] CPU1 is up
[   13.027225] pcieport 0000:00:01.0: nv_msi_ht_cap_quirk didn't locate host bridge
[   13.041994] PM: noirq resume of devices complete after 15.964 msecs
[   13.045666] PM: early resume of devices complete after 2.939 msecs
[   13.114887] PM: resume of devices complete after 69.188 msecs
[   13.178856] Restarting tasks ... done.
root@(none):/# 
root@(none):/# rtcwake -d rtc1 -m mem -s 3
rtcwake: assuming RTC uses UTC ...
rtcwake: wakeup from "mem" using /dev/rtc1 at Thu Jan  1 00:00:55 1970
[   13.772142] PM: Syncing filesystems ... done.
[   13.804938] Freezing user space processes ... (elapsed 0.001 seconds) done.
[   13.813360] Freezing remaining freezable tasks ... (elapsed 0.001 seconds) done.
[   13.822287] Suspending console(s) (use no_console_suspend to debug)
[   13.850647] PM: suspend of devices complete after 20.250 msecs
[   13.854225] PM: late suspend of devices complete after 3.545 msecs
[   13.872270] PM: noirq suspend of devices complete after 18.014 msecs
[   13.872281] Disabling non-boot CPUs ...
[   13.874222] CPU1: shutdown
[   13.899811] Entering suspend state LP1
[   13.899861] Enabling non-boot CPUs ...
[   13.925933] CPU1 is up
[   13.927181] pcieport 0000:00:01.0: nv_msi_ht_cap_quirk didn't locate host bridge
[   13.941878] PM: noirq resume of devices complete after 15.911 msecs
[   13.945493] PM: early resume of devices complete after 2.907 msecs
[   14.005154] PM: resume of devices complete after 59.627 msecs
[   14.069117] Restarting tasks ... done.
root@(none):/# 
root@(none):/# rtcwake -d rtc1 -m mem -s 3
rtcwake: assuming RTC uses UTC ...
rtcwake: wakeup from "mem" using /dev/rtc1 at Thu Jan  1 00:00:59 1970
[   14.671924] PM: Syncing filesystems ... done.
[   14.704762] Freezing user space processes ... (elapsed 0.001 seconds) done.
[   14.713194] Freezing remaining freezable tasks ... (elapsed 0.001 seconds) done.
[   14.722100] Suspending console(s) (use no_console_suspend to debug)
[   14.759046] PM: suspend of devices complete after 28.836 msecs
[   14.762659] PM: late suspend of devices complete after 3.580 msecs
[   14.777201] PM: noirq suspend of devices complete after 14.509 msecs
[   14.777212] Disabling non-boot CPUs ...
[   14.779136] CPU1: shutdown
[   14.804737] Entering suspend state LP1
[   14.804787] Enabling non-boot CPUs ...
[   14.830850] CPU1 is up
[   14.831931] pcieport 0000:00:01.0: nv_msi_ht_cap_quirk didn't locate host bridge
[   14.846867] PM: noirq resume of devices complete after 15.981 msecs
[   14.850500] PM: early resume of devices complete after 2.926 msecs
[   14.920141] PM: resume of devices complete after 69.608 msecs
[   14.984120] Restarting tasks ... done.
root@(none):/# 
root@(none):/# NVTB SYSTEM SUSPEND TEST COMPLETE
