

U-Boot 2011.03 (Jun 11 2013 - 06:07:37)

T114
Board: NVIDIA Dalmore
DRAM:  2 GiB
MMC:   Tegra2 SD/MMC: 0, Tegra2 SD/MMC: 1
In:    serial
Out:   serial
Err:   serial
Net:   Net Initialization Skipped
No ethernet found.
Hit any key to stop autoboot:  2  1  0 
Dalmore #
Dalmore #usb reset
(Re)start USB...
USB:   Register 10011 NbrPorts 1
USB EHCI 1.10
scanning bus for devices... 2 USB Device(s) found
       scanning bus for storage devices... 0 Storage Device(s) found
       scanning bus for ethernet devices... 1 Ethernet Device(s) found
Dalmore #setenv bootargs 'ignore_loglevel console=ttyS0,115200n8 rw root=/dev/mmcblk0p1 rootwait gpt init=/bin/bash'
Dalmore #setenv ipaddr 192.168.100.100; setenv serverip 192.168.100.1; setenv tftpserverip 192.168.100.1
Dalmore #tftpboot 0x81000000 zImage.tegra_defconfig
Waiting for Ethernet connection... done.
Using asx0 device
TFTP from server 192.168.100.1; our IP address is 192.168.100.100
Filename 'zImage.tegra_defconfig'.
Load address: 0x81000000
Loading: *#################################################  2.8 MiB/s
done
Bytes transferred = 4364024 (4296f8 hex)
Dalmore #tftpboot 0x82000000 tegra114-dalmore.dtb
Using asx0 device
TFTP from server 192.168.100.1; our IP address is 192.168.100.100
Filename 'tegra114-dalmore.dtb'.
Load address: 0x82000000
Loading: *#################################################  2.4 MiB/s
done
Bytes transferred = 27540 (6b94 hex)
Dalmore #bootz 0x81000000 - 0x82000000
## Flattened Device Tree blob at 82000000
   Booting using the fdt blob at 0x82000000
   Loading Device Tree to 81ff6000, end 81fffb93 ... OK

Starting kernel ...

Timer summary in microseconds:
       Mark    Elapsed  Stage
          0          0  awake
  2,968,426  2,968,426  usb_start
  6,971,470  4,003,044  eth_start
  6,971,467         -3  tftp start
 10,897,176  3,925,709  tftp done
 12,983,544  2,086,368  start_kernel
[    0.000000] Booting Linux on physical CPU 0x0
[    0.000000] Initializing cgroup subsys cpu
[    0.000000] Initializing cgroup subsys cpuacct
[    0.000000] Linux version 3.11.0-rc4-next-20130807-04601-g5114d2f (pwalmsley@tamien) (gcc version 4.5.1 (Sourcery G++ Lite 2010.09-50) ) #1 SMP PREEMPT Tue Aug 6 23:18:02 PDT 2013
[    0.000000] CPU: ARMv7 Processor [412fc0f2] revision 2 (ARMv7), cr=10c5387d
[    0.000000] CPU: PIPT / VIPT nonaliasing data cache, PIPT instruction cache
[    0.000000] Machine: NVIDIA Tegra SoC (Flattened Device Tree), model: NVIDIA Tegra114 Dalmore evaluation board
[    0.000000] debug: ignoring loglevel setting.
[    0.000000] Memory policy: ECC disabled, Data cache writealloc
[    0.000000] On node 0 totalpages: 524032
[    0.000000] free_area_init_node: node 0, pgdat c0812380, node_mem_map c086a000
[    0.000000]   Normal zone: 1520 pages used for memmap
[    0.000000]   Normal zone: 0 pages reserved
[    0.000000]   Normal zone: 194560 pages, LIFO batch:31
[    0.000000]   HighMem zone: 2574 pages used for memmap
[    0.000000]   HighMem zone: 329472 pages, LIFO batch:31
[    0.000000] Tegra Revision: A01 SKU: 0 CPU Process: 1 Core Process: 1
[    0.000000] PERCPU: Embedded 8 pages/cpu @c1881000 s9152 r8192 d15424 u32768
[    0.000000] pcpu-alloc: s9152 r8192 d15424 u32768 alloc=8*4096
[    0.000000] pcpu-alloc: [0] 0 [0] 1 [0] 2 [0] 3 
[    0.000000] Built 1 zonelists in Zone order, mobility grouping on.  Total pages: 522512
[    0.000000] Kernel command line: ignore_loglevel console=ttyS0,115200n8 rw root=/dev/mmcblk0p1 rootwait gpt init=/bin/bash
[    0.000000] PID hash table entries: 4096 (order: 2, 16384 bytes)
[    0.000000] Dentry cache hash table entries: 131072 (order: 7, 524288 bytes)
[    0.000000] Inode-cache hash table entries: 65536 (order: 6, 262144 bytes)
[    0.000000] Memory: 2070064K/2096128K available (5936K kernel code, 302K rwdata, 1756K rodata, 236K init, 342K bss, 26064K reserved, 1317888K highmem)
[    0.000000] Virtual kernel memory layout:
[    0.000000]     vector  : 0xffff0000 - 0xffff1000   (   4 kB)
[    0.000000]     fixmap  : 0xfff00000 - 0xfffe0000   ( 896 kB)
[    0.000000]     vmalloc : 0xf0000000 - 0xff000000   ( 240 MB)
[    0.000000]     lowmem  : 0xc0000000 - 0xef800000   ( 760 MB)
[    0.000000]     pkmap   : 0xbfe00000 - 0xc0000000   (   2 MB)
[    0.000000]     modules : 0xbf000000 - 0xbfe00000   (  14 MB)
[    0.000000]       .text : 0xc0008000 - 0xc078b41c   (7694 kB)
[    0.000000]       .init : 0xc078c000 - 0xc07c73c0   ( 237 kB)
[    0.000000]       .data : 0xc07c8000 - 0xc0813a80   ( 303 kB)
[    0.000000]        .bss : 0xc0813a80 - 0xc0869288   ( 343 kB)
[    0.000000] Preemptible hierarchical RCU implementation.
[    0.000000] NR_IRQS:16 nr_irqs:16 16
[    0.000000] sched_clock: 32 bits at 1000kHz, resolution 1000ns, wraps every 4294967ms
[    0.000000] Architected local timer running at 12.00MHz (virt).
[    0.000000] Switching to timer-based delay loop
[    0.000000] sched_clock: ARM arch timer >56 bits at 12000kHz, resolution 83ns
[    0.000000] Console: colour dummy device 80x30
[   12.961153] Calibrating delay loop (skipped), value calculated using timer frequency.. 24.00 BogoMIPS (lpj=120000)
[   12.961169] pid_max: default: 32768 minimum: 301
[   12.961608] Mount-cache hash table entries: 512
[   12.979376] Initializing cgroup subsys debug
[   12.979393] Initializing cgroup subsys freezer
[   12.979454] CPU: Testing write buffer coherency: ok
[   12.979786] /cpus/cpu@0 missing clock-frequency property
[   12.979799] /cpus/cpu@1 missing clock-frequency property
[   12.979808] /cpus/cpu@2 missing clock-frequency property
[   12.979817] /cpus/cpu@3 missing clock-frequency property
[   12.979831] CPU0: thread -1, cpu 0, socket 0, mpidr 80000000
[   12.979866] Setting up static identity map for 0xc05a52e0 - 0xc05a5378
[   13.031408] CPU1: Booted secondary processor
[   13.031436] CPU1: thread -1, cpu 1, socket 0, mpidr 80000001
[   13.051325] CPU2: Booted secondary processor
[   13.051350] CPU2: thread -1, cpu 2, socket 0, mpidr 80000002
[   13.071267] CPU3: Booted secondary processor
[   13.071292] CPU3: thread -1, cpu 3, socket 0, mpidr 80000003
[   13.071397] Brought up 4 CPUs
[   13.071427] SMP: Total of 4 processors activated (96.00 BogoMIPS).
[   13.071435] CPU: All CPU(s) started in SVC mode.
[   13.072440] devtmpfs: initialized
[   13.085360] VFP support v0.3: implementor 41 architecture 4 part 30 variant f rev 0
[   13.085740] pinctrl core: initialized pinctrl subsystem
[   13.086269] regulator-dummy: no parameters
[   13.086762] NET: Registered protocol family 16
[   13.087012] DMA: preallocated 256 KiB pool for atomic coherent allocations
[   13.087769] cpuidle: using governor ladder
[   13.087780] cpuidle: using governor menu
[   13.098157] No ATAGs?
[   13.098189] hw-breakpoint: found 5 (+1 reserved) breakpoint and 4 watchpoint registers.
[   13.098200] hw-breakpoint: maximum watchpoint size is 8 bytes.
[   13.109026] bio: create slab <bio-0> at 0
[   13.110396] vdd_ac_bat: 5000 mV 
[   13.110694] dvdd_ts: Failed to request enable GPIO61: -517
[   13.110852] reg-fixed-voltage 1.regulator: Failed to register regulator: -517
[   13.110876] platform 1.regulator: Driver reg-fixed-voltage requests probe deferral
[   13.111068] lcd_bl_en: Failed to request enable GPIO58: -517
[   13.111215] reg-fixed-voltage 2.regulator: Failed to register regulator: -517
[   13.111237] platform 2.regulator: Driver reg-fixed-voltage requests probe deferral
[   13.111429] usb1_vbus: Failed to request enable GPIO108: -517
[   13.111572] reg-fixed-voltage 3.regulator: Failed to register regulator: -517
[   13.111595] platform 3.regulator: Driver reg-fixed-voltage requests probe deferral
[   13.111786] usb2_vbus: Failed to request enable GPIO86: -517
[   13.111928] reg-fixed-voltage 4.regulator: Failed to register regulator: -517
[   13.111949] platform 4.regulator: Driver reg-fixed-voltage requests probe deferral
[   13.112141] vdd_hdmi_5v0: Failed to request enable GPIO81: -517
[   13.112282] reg-fixed-voltage 5.regulator: Failed to register regulator: -517
[   13.112303] platform 5.regulator: Driver reg-fixed-voltage requests probe deferral
[   13.112386] platform 6.regulator: Driver reg-fixed-voltage requests probe deferral
[   13.113488] vgaarb: loaded
[   13.114590] SCSI subsystem initialized
[   13.114969] usbcore: registered new interface driver usbfs
[   13.115068] usbcore: registered new interface driver hub
[   13.115231] usbcore: registered new device driver usb
[   13.119115] vdd-cpu: 500 <--> 1520 mV at 1100 mV 
[   13.119750] tps65090 1-0048: No cache defaults, reading back from HW
[   13.126110] vdd-sys-5v0: no parameters
[   13.126158] vdd-sys-5v0: supplied by vdd_ac_bat
[   13.127617] vdd-sys-3v3: no parameters
[   13.127655] vdd-sys-3v3: supplied by vdd_ac_bat
[   13.129082] vdd-ao: no parameters
[   13.129121] vdd-ao: supplied by vdd_ac_bat
[   13.129384] vdd-lcd-bl: no parameters
[   13.129421] vdd-lcd-bl: supplied by vdd_ac_bat
[   13.129659] TPS65090_RAILSFET2: no parameters
[   13.129694] TPS65090_RAILSFET2: supplied by vdd_ac_bat
[   13.129945] vdd-modem-3v3: no parameters
[   13.129990] vdd-modem-3v3: supplied by vdd-sys-3v3
[   13.130268] avdd-lcd: no parameters
[   13.130301] avdd-lcd: supplied by vdd-sys-3v3
[   13.130546] vdd-lvds: no parameters
[   13.130578] vdd-lvds: supplied by vdd-sys-3v3
[   13.130834] vdd-sd-slot: no parameters
[   13.130868] vdd-sd-slot: supplied by vdd-sys-3v3
[   13.131129] vdd-com-3v3: no parameters
[   13.131163] vdd-com-3v3: supplied by vdd-sys-3v3
[   13.131409] vdd-sby-5v0: no parameters
[   13.131443] vdd-sby-5v0: supplied by vdd_ac_bat
[   13.131684] vdd-sby-3v3: no parameters
[   13.131716] vdd-sby-3v3: supplied by vdd_ac_bat
[   13.132087] genirq: Setting trigger mode 8 for irq 118 failed (gic_set_type+0x0/0xf0)
[   13.132515] palmas 1-0058: Irq flag is 0x00000000
[   13.146770] palmas 1-0058: Muxing GPIO ff, PWM 0, LED 0
[   13.155725] vddio-ddr: 1350 mV 
[   13.156569] vddio-ddr: supplied by vdd-ao
[   13.163527] vddio-1v8: 1800 mV 
[   13.164369] vddio-1v8: supplied by vdd-ao
[   13.171298] vdd-core: 900 <--> 1400 mV at 1100 mV 
[   13.172148] vdd-core: supplied by vdd-sys-3v3
[   13.176336] SMPS6: no parameters
[   13.184032] avdd-pll: 1050 mV 
[   13.184884] avdd-pll: supplied by vdd-sys-3v3
[   13.193206] sdhci-vdd-sd-slot: 2800 mV 
[   13.194047] sdhci-vdd-sd-slot: supplied by vdd-sys-3v3
[   13.195877] SMPS10: at 5000 mV 
[   13.198479] avdd-cam1: 2800 mV 
[   13.199316] avdd-cam1: supplied by vdd-sys-3v3
[   13.203314] avdd-cam2: 2800 mV 
[   13.204162] avdd-cam2: supplied by vdd-sys-3v3
[   13.208941] avdd-dsi-csi: 1200 mV 
[   13.209775] avdd-dsi-csi: supplied by vddio-1v8
[   13.214549] vpp-fuse: 1800 mV 
[   13.215395] vpp-fuse: supplied by vdd-sys-3v3
[   13.218604] LDO5: at 1200 mV 
[   13.219444] LDO5: supplied by vdd_ac_bat
[   13.222075] vdd-sensor-2v85: 2850 mV 
[   13.222922] vdd-sensor-2v85: supplied by vdd-sys-3v3
[   13.226919] vdd-af-cam1: 2800 mV 
[   13.227753] vdd-af-cam1: supplied by vdd-sys-3v3
[   13.235850] vdd-rtc: 900 mV 
[   13.236709] vdd-rtc: supplied by vdd-ao
[   13.240702] vddio-sdmmc-2: 1800 <--> 3300 mV at 3300 mV 
[   13.241541] vddio-sdmmc-2: supplied by sdhci-vdd-sd-slot
[   13.246317] hvdd-usb: 3300 mV 
[   13.247165] hvdd-usb: supplied by vdd-sys-5v0
[   13.251946] avdd-usb: 3300 mV 
[   13.252783] avdd-usb: supplied by vdd-sys-5v0
[   13.255998] rail-3v3: no parameters
[   13.258384] rail-5v0: no parameters
[   13.259957] REGEN3: no parameters
[   13.260251] SYSEN1: no parameters
[   13.260456] SYSEN2: no parameters
[   13.260891] Linux video capture interface: v2.00
[   13.261591] platform 7000f010.iommu: Driver tegra-smmu requests probe deferral
[   13.261880] Advanced Linux Sound Architecture Driver Initialized.
[   13.262655] Bluetooth: Core ver 2.16
[   13.262727] NET: Registered protocol family 31
[   13.262735] Bluetooth: HCI device and connection manager initialized
[   13.262760] Bluetooth: HCI socket layer initialized
[   13.262782] Bluetooth: L2CAP socket layer initialized
[   13.262837] Bluetooth: SCO socket layer initialized
[   13.263568] cfg80211: Calling CRDA to update world regulatory domain
[   13.264646] Switched to clocksource arch_sys_counter
[   13.278573] NET: Registered protocol family 2
[   13.279472] TCP established hash table entries: 8192 (order: 4, 65536 bytes)
[   13.279669] TCP bind hash table entries: 8192 (order: 4, 65536 bytes)
[   13.279846] TCP: Hash tables configured (established 8192 bind 8192)
[   13.280293] TCP: reno registered
[   13.280308] UDP hash table entries: 512 (order: 2, 16384 bytes)
[   13.280351] UDP-Lite hash table entries: 512 (order: 2, 16384 bytes)
[   13.280768] NET: Registered protocol family 1
[   13.281463] RPC: Registered named UNIX socket transport module.
[   13.281474] RPC: Registered udp transport module.
[   13.281482] RPC: Registered tcp transport module.
[   13.281490] RPC: Registered tcp NFSv4.1 backchannel transport module.
[   13.281501] PCI: CLS 0 bytes, default 64
[   13.285256] bounce pool size: 64 pages
[   13.286918] squashfs: version 4.0 (2009/01/31) Phillip Lougher
[   13.287726] msgmni has been set to 1469
[   13.289321] io scheduler noop registered (default)
[   13.300575] tegra-apbdma 6000a000.dma: Tegra20 APB DMA driver register 32 channels
[   13.301083] Serial: 8250/16550 driver, 4 ports, IRQ sharing disabled
[   13.303120] 70006300.serial: ttyS0 at MMIO 0x70006300 (irq = 122, base_baud = 25500000) is a Tegra
[   14.324066] console [ttyS0] enabled
[   14.328407] [drm] Initialized drm 1.1.0 20060810
[   14.338859] loop: module loaded
[   14.344630] m25p80 spi32766.0: w25q32dw (4096 Kbytes)
[   14.351553] pegasus: v0.9.3 (2013/04/25), Pegasus/Pegasus II USB Ethernet driver
[   14.358983] usbcore: registered new interface driver pegasus
[   14.364732] usbcore: registered new interface driver asix
[   14.370165] usbcore: registered new interface driver ax88179_178a
[   14.376314] usbcore: registered new interface driver cdc_ether
[   14.382220] usbcore: registered new interface driver r815x
[   14.387763] usbcore: registered new interface driver smsc75xx
[   14.393582] usbcore: registered new interface driver smsc95xx
[   14.399371] usbcore: registered new interface driver net1080
[   14.405081] usbcore: registered new interface driver cdc_subset
[   14.411056] usbcore: registered new interface driver zaurus
[   14.416697] usbcore: registered new interface driver cdc_ncm
[   14.422382] ehci_hcd: USB 2.0 'Enhanced' Host Controller (EHCI) Driver
[   14.428872] ehci-pci: EHCI PCI platform driver
[   14.433370] tegra-ehci: Tegra EHCI driver
[   14.437589] usbcore: registered new interface driver cdc_acm
[   14.443230] cdc_acm: USB Abstract Control Model driver for USB modems and ISDN adapters
[   14.451276] usbcore: registered new interface driver cdc_wdm
[   14.456995] usbcore: registered new interface driver usb-storage
[   14.463579] mousedev: PS/2 mouse device common for all mice
[   14.481175] palmas-rtc rtc.7: rtc core: registered rtc.7 as rtc0
[   14.491613] tegra_rtc 7000e000.rtc: rtc core: registered 7000e000.rtc as rtc1
[   14.498735] tegra_rtc 7000e000.rtc: Tegra internal Real Time Clock
[   14.506305] sbs-battery 0-000b: sbs_probe: Failed to get device status
[   14.512829] sbs-battery: probe of 0-000b failed with error -121
[   14.522372] sdhci: Secure Digital Host Controller Interface driver
[   14.528518] sdhci: Copyright(c) Pierre Ossman
[   14.532866] sdhci-pltfm: SDHCI platform and OF driver helper
[   14.538922] sdhci-tegra 78000400.sdhci: Got CD GPIO #170.
[   14.545371] mmc0: no vqmmc regulator found
[   14.549450] mmc0: no vmmc regulator found
[   14.553453] mmc0: Invalid maximum block size, assuming 512 bytes
[   14.599309] mmc0: SDHCI controller on 78000400.sdhci [78000400.sdhci] using ADMA
[   14.608856] mmc1: no vqmmc regulator found
[   14.612952] mmc1: no vmmc regulator found
[   14.616938] mmc1: Invalid maximum block size, assuming 512 bytes
[   14.659065] mmc1: SDHCI controller on 78000600.sdhci [78000600.sdhci] using ADMA
[   14.667109] usbcore: registered new interface driver usbhid
[   14.674708] usbhid: USB HID core driver
[   14.790814] mmc1: BKOPS_EN bit is not set
[   14.821230] mmc1: new HS200 MMC card at address 0001
[   14.826748] mmcblk0: mmc1:0001 SEM32G 29.1 GiB 
[   14.831611] mmcblk0boot0: mmc1:0001 SEM32G partition 1 4.00 MiB
[   14.837819] mmcblk0boot1: mmc1:0001 SEM32G partition 2 4.00 MiB
[   14.843985] mmcblk0rpmb: mmc1:0001 SEM32G partition 3 4.00 MiB
[   14.852293] Primary GPT is invalid, using alternate GPT.
[   14.857598]  mmcblk0: p1 p2 p3 p4 p5
[   14.864511]  mmcblk0boot1: unknown partition table
[   14.870949]  mmcblk0boot0: unknown partition table
[   15.128491] tegra-snd-rt5640 sound.4:  rt5640-aif1 <-> 70080400.i2s mapping ok
[   15.136988] input: NVIDIA Tegra Dalmore Headphones as /devices/soc0/sound.4/sound/card0/input0
[   15.147156] TCP: cubic registered
[   15.150738] NET: Registered protocol family 10
[   15.156500] mip6: Mobile IPv6
[   15.159477] sit: IPv6 over IPv4 tunneling driver
[   15.165718] NET: Registered protocol family 17
[   15.170200] NET: Registered protocol family 15
[   15.174775] Bluetooth: RFCOMM socket layer initialized
[   15.179903] Bluetooth: RFCOMM ver 1.11
[   15.183632] Bluetooth: BNEP (Ethernet Emulation) ver 1.3
[   15.188943] Bluetooth: BNEP socket layer initialized
[   15.193879] Bluetooth: HIDP (Human Interface Emulation) ver 1.2
[   15.199794] Bluetooth: HIDP socket layer initialized
[   15.205440] Registering SWP/SWPB emulation handler
[   15.215143] hvdd-usb: disabling
[   15.220909] vdd-af-cam1: disabling
[   15.226979] vdd-sensor-2v85: disabling
[   15.233201] LDO5: disabling
[   15.238663] vpp-fuse: disabling
[   15.244288] avdd-cam2: disabling
[   15.250207] avdd-cam1: disabling
[   15.256420] vdd-com-3v3: disabling
[   15.260431] vdd-lvds: disabling
[   15.264149] avdd-lcd: disabling
[   15.267891] vdd-lcd-bl: disabling
[   15.272401] dvdd_ts: 1800 mV 
[   15.275868] lcd_bl_en: 5000 mV 
[   15.279613] usb1_vbus: 5000 mV 
[   15.282807] usb1_vbus: supplied by vdd-sys-5v0
[   15.287662] usb2_vbus: 5000 mV 
[   15.290817] usb2_vbus: supplied by vdd-sys-5v0
[   15.295603] vdd_hdmi_5v0: 5000 mV 
[   15.299033] vdd_hdmi_5v0: supplied by vdd-sys-5v0
[   15.306512] vdd_cam_1v8_reg: 1800 mV 
[   15.311714] input: gpio-keys.2 as /devices/soc0/gpio-keys.2/input/input1
[   15.322568] palmas-rtc rtc.7: setting system clock to 2000-01-01 13:24:54 UTC (946733094)
[   15.331200] ALSA device list:
[   15.334157]   #0: NVIDIA Tegra Dalmore
[   15.357622] kjournald starting.  Commit interval 5 seconds
[   15.364323] EXT3-fs (mmcblk0p1): using internal journal
[   15.369639] EXT3-fs (mmcblk0p1): recovery complete
[   15.374418] EXT3-fs (mmcblk0p1): mounted filesystem with writeback data mode
[   15.381568] VFS: Mounted root (ext3 filesystem) on device 179:1.
[   15.389069] devtmpfs: mounted
[   15.392306] Freeing unused kernel memory: 236K (c078c000 - c07c7000)
bash: cannot set terminal process group (-1): Inappropriate ioctl for device
bash: no job control in this shell
I have no name!@(none):/# 