
U-Boot SPL 2014.01-00219-gc4d376f (Feb 18 2014 - 19:57:32)


U-Boot 2014.01-00219-gc4d376f (Feb 18 2014 - 19:57:32)

TEGRA114
Board: NVIDIA Dalmore
I2C:   ready
DRAM:  2 GiB
MMC:   Tegra SD/MMC: 0, Tegra SD/MMC: 1
In:    serial
Out:   serial
Err:   serial
Net:   Net Initialization Skipped
No ethernet found.
Hit any key to stop autoboot:  2  0 
Tegra114 (Dalmore) # 
Tegra114 (Dalmore) # usb reset
(Re)start USB...
USB0:   USB EHCI 1.10
scanning bus 0 for devices... 2 USB Device(s) found
       scanning usb for storage devices... 0 Storage Device(s) found
       scanning usb for ethernet devices... 
Warning: asx0 using MAC address from net device
1 Ethernet Device(s) found
Tegra114 (Dalmore) # setenv bootargs 'ignore_loglevel console=ttyS0,115200n8 rw root=PARTUUID=7369c667-ff51-ec4a-29cd-baabf2fbe346 rootwait gpt debug earlyprintk init=/bin/bash'
Tegra114 (Dalmore) # setenv ipaddr 192.168.100.100; setenv serverip 192.168.100.1; setenv tftpserverip 192.168.100.1
Tegra114 (Dalmore) # tftpboot 0x81000000 zImage.tegra_defconfig
Using asx0 device
TFTP from server 192.168.100.1; our IP address is 192.168.100.100
Filename 'zImage.tegra_defconfig'.
Load address: 0x81000000
Loading: *#################################################################
	 #################################################################
	 #################################################################
	 #################################################################
	 #################################################################
	 ######################################
	 3 MiB/s
done
Bytes transferred = 5316104 (511e08 hex)
Tegra114 (Dalmore) # tftpboot 0x82000000 tegra114-dalmore.dtb
Using asx0 device
TFTP from server 192.168.100.1; our IP address is 192.168.100.100
Filename 'tegra114-dalmore.dtb'.
Load address: 0x82000000
Loading: *###
	 2.8 MiB/s
done
Bytes transferred = 34912 (8860 hex)
Tegra114 (Dalmore) # bootz 0x81000000 - 0x82000000
Kernel image @ 0x81000000 [ 0x000000 - 0x511e08 ]
## Flattened Device Tree blob at 82000000
   Booting using the fdt blob at 0x82000000
   Loading Device Tree to 8fff4000, end 8ffff85f ... OK

Starting kernel ...

Uncompressing Linux... done, booting the kernel.
[    0.000000] Booting Linux on physical CPU 0x0
[    0.000000] Linux version 4.5.0-rc7-next-20160314-81361-g4342eec (pwalmsley@kaivo) (gcc version 4.7.3 20130328 (prerelease) (crosstool-NG linaro-1.13.1-4.7-2013.04-20130415 - Linaro GCC 2013.04) ) #1 SMP PREEMPT Mon Mar 14 00:19:03 PDT 2016
[    0.000000] CPU: ARMv7 Processor [412fc0f2] revision 2 (ARMv7), cr=10c5387d
[    0.000000] CPU: div instructions available: patching division code
[    0.000000] CPU: PIPT / VIPT nonaliasing data cache, PIPT instruction cache
[    0.000000] Machine model: NVIDIA Tegra114 Dalmore evaluation board
[    0.000000] debug: ignoring loglevel setting.
[    0.000000] bootconsole [earlycon0] enabled
[    0.000000] cma: Reserved 64 MiB at 0xfbc00000
[    0.000000] Memory policy: Data cache writealloc
[    0.000000] On node 0 totalpages: 524032
[    0.000000] free_area_init_node: node 0, pgdat c0c5c400, node_mem_map eeff7000
[    0.000000]   Normal zone: 1536 pages used for memmap
[    0.000000]   Normal zone: 0 pages reserved
[    0.000000]   Normal zone: 196608 pages, LIFO batch:31
[    0.000000]   HighMem zone: 327424 pages, LIFO batch:31
[    0.000000] percpu: Embedded 13 pages/cpu @eef9e000 s24000 r8192 d21056 u53248
[    0.000000] pcpu-alloc: s24000 r8192 d21056 u53248 alloc=13*4096
[    0.000000] pcpu-alloc: [0] 0 [0] 1 [0] 2 [0] 3 
[    0.000000] Built 1 zonelists in Zone order, mobility grouping on.  Total pages: 522496
[    0.000000] Kernel command line: ignore_loglevel console=ttyS0,115200n8 rw root=PARTUUID=7369c667-ff51-ec4a-29cd-baabf2fbe346 rootwait gpt debug earlyprintk init=/bin/bash
[    0.000000] PID hash table entries: 4096 (order: 2, 16384 bytes)
[    0.000000] Dentry cache hash table entries: 131072 (order: 7, 524288 bytes)
[    0.000000] Inode-cache hash table entries: 65536 (order: 6, 262144 bytes)
[    0.000000] Memory: 2000980K/2096128K available (7412K kernel code, 375K rwdata, 2520K rodata, 1024K init, 362K bss, 29612K reserved, 65536K cma-reserved, 1244160K highmem)
[    0.000000] Virtual kernel memory layout:
[    0.000000]     vector  : 0xffff0000 - 0xffff1000   (   4 kB)
[    0.000000]     fixmap  : 0xffc00000 - 0xfff00000   (3072 kB)
[    0.000000]     vmalloc : 0xf0800000 - 0xff800000   ( 240 MB)
[    0.000000]     lowmem  : 0xc0000000 - 0xf0000000   ( 768 MB)
[    0.000000]     pkmap   : 0xbfe00000 - 0xc0000000   (   2 MB)
[    0.000000]     modules : 0xbf000000 - 0xbfe00000   (  14 MB)
[    0.000000]       .text : 0xc0008000 - 0xc0ab31f8   (10925 kB)
[    0.000000]       .init : 0xc0b00000 - 0xc0c00000   (1024 kB)
[    0.000000]       .data : 0xc0c00000 - 0xc0c5df80   ( 376 kB)
[    0.000000]        .bss : 0xc0c5f000 - 0xc0cb9a88   ( 363 kB)
[    0.000000] Preemptible hierarchical RCU implementation.
[    0.000000] 	Build-time adjustment of leaf fanout to 32.
[    0.000000] NR_IRQS:16 nr_irqs:16 16
[    0.000000] /interrupt-controller@60004000: 160 interrupts forwarded to /interrupt-controller@50041000
[    0.000000] Tegra clk 127: register failed with -17
[    0.000008] sched_clock: 32 bits at 1000kHz, resolution 1000ns, wraps every 2147483647500ns
[    0.007470] clocksource: timer_us: mask: 0xffffffff max_cycles: 0xffffffff, max_idle_ns: 1911260446275 ns
[    0.017087] Switching to timer-based delay loop, resolution 1000ns
[    0.024158] Architected cp15 timer(s) running at 12.00MHz (virt).
[    0.029482] clocksource: arch_sys_counter: mask: 0xffffffffffffff max_cycles: 0x2c47f4ee7, max_idle_ns: 440795202497 ns
[    0.040318] sched_clock: 56 bits at 12MHz, resolution 83ns, wraps every 4398046511096ns
[    0.048370] Switching to timer-based delay loop, resolution 83ns
[    0.054883] Console: colour dummy device 80x30
[    0.058957] Calibrating delay loop (skipped), value calculated using timer frequency.. 24.00 BogoMIPS (lpj=120000)
[    0.069341] pid_max: default: 32768 minimum: 301
[    0.074592] Mount-cache hash table entries: 2048 (order: 1, 8192 bytes)
[    0.080712] Mountpoint-cache hash table entries: 2048 (order: 1, 8192 bytes)
[    0.089281] CPU: Testing write buffer coherency: ok
[    0.093028] /cpus/cpu@0 missing clock-frequency property
[    0.098132] /cpus/cpu@1 missing clock-frequency property
[    0.103527] /cpus/cpu@2 missing clock-frequency property
[    0.108881] /cpus/cpu@3 missing clock-frequency property
[    0.114251] CPU0: thread -1, cpu 0, socket 0, mpidr 80000000
[    0.119991] Setting up static identity map for 0x80100000 - 0x80100098
[    0.177093] Tegra Revision: A01 SKU: 0 CPU Process: 1 SoC Process: 0
[    0.227261] CPU1: thread -1, cpu 1, socket 0, mpidr 80000001
[    0.267309] CPU2: thread -1, cpu 2, socket 0, mpidr 80000002
[    0.307375] CPU3: thread -1, cpu 3, socket 0, mpidr 80000003
[    0.307482] Brought up 4 CPUs
[    0.325789] SMP: Total of 4 processors activated (96.00 BogoMIPS).
[    0.332038] CPU: All CPU(s) started in SVC mode.
[    0.338555] devtmpfs: initialized
[    0.369581] VFP support v0.3: implementor 41 architecture 4 part 30 variant f rev 0
[    0.376128] clocksource: jiffies: mask: 0xffffffff max_cycles: 0xffffffff, max_idle_ns: 19112604462750000 ns
[    0.386743] pinctrl core: initialized pinctrl subsystem
[    0.392668] NET: Registered protocol family 16
[    0.396689] DMA: preallocated 256 KiB pool for atomic coherent allocations
[    0.403863] ------------[ cut here ]------------
[    0.406931] WARNING: CPU: 0 PID: 1 at drivers/i2c/i2c-core.c:1930 i2c_register_driver+0x64/0x7c
[    0.415651] Modules linked in:
[    0.418777] CPU: 0 PID: 1 Comm: swapper/0 Not tainted 4.5.0-rc7-next-20160314-81361-g4342eec #1
[    0.427525] Hardware name: NVIDIA Tegra SoC (Flattened Device Tree)
[    0.433874] [<c010f200>] (unwind_backtrace) from [<c010a874>] (show_stack+0x10/0x14)
[    0.441668] [<c010a874>] (show_stack) from [<c0339174>] (dump_stack+0x84/0xa4)
[    0.448946] [<c0339174>] (dump_stack) from [<c011f100>] (__warn+0xd4/0x100)
[    0.455962] [<c011f100>] (__warn) from [<c011f14c>] (warn_slowpath_null+0x20/0x28)
[    0.463587] [<c011f14c>] (warn_slowpath_null) from [<c054d17c>] (i2c_register_driver+0x64/0x7c)
[    0.472342] [<c054d17c>] (i2c_register_driver) from [<c0b20ae4>] (i2c_init+0x4c/0x88)
[    0.480227] [<c0b20ae4>] (i2c_init) from [<c0101768>] (do_one_initcall+0x84/0x1d4)
[    0.487856] [<c0101768>] (do_one_initcall) from [<c0b00d94>] (kernel_init_freeable+0x11c/0x1e8)
[    0.496609] [<c0b00d94>] (kernel_init_freeable) from [<c07d99a8>] (kernel_init+0x8/0x118)
[    0.504841] [<c07d99a8>] (kernel_init) from [<c0107938>] (ret_from_fork+0x14/0x3c)
[    0.512483] ---[ end trace ac3b8d60e47a7803 ]---
[    0.542544] cpuidle: using governor menu
[    0.565261] No ATAGs?
[    0.565477] hw-breakpoint: found 5 (+1 reserved) breakpoint and 4 watchpoint registers.
[    0.573789] hw-breakpoint: maximum watchpoint size is 8 bytes.
[    0.580842] tegra-mc 70019000.memory-controller: no memory timings for RAM code 3 registered
[    0.640316] ------------[ cut here ]------------
[    0.643118] WARNING: CPU: 0 PID: 1 at drivers/i2c/i2c-core.c:1930 i2c_register_driver+0x64/0x7c
[    0.651884] Modules linked in:
[    0.654986] CPU: 0 PID: 1 Comm: swapper/0 Tainted: G        W       4.5.0-rc7-next-20160314-81361-g4342eec #1
[    0.664948] Hardware name: NVIDIA Tegra SoC (Flattened Device Tree)
[    0.671291] [<c010f200>] (unwind_backtrace) from [<c010a874>] (show_stack+0x10/0x14)
[    0.679089] [<c010a874>] (show_stack) from [<c0339174>] (dump_stack+0x84/0xa4)
[    0.686367] [<c0339174>] (dump_stack) from [<c011f100>] (__warn+0xd4/0x100)
[    0.693382] [<c011f100>] (__warn) from [<c011f14c>] (warn_slowpath_null+0x20/0x28)
[    0.701010] [<c011f14c>] (warn_slowpath_null) from [<c054d17c>] (i2c_register_driver+0x64/0x7c)
[    0.709763] [<c054d17c>] (i2c_register_driver) from [<c0101768>] (do_one_initcall+0x84/0x1d4)
[    0.718345] [<c0101768>] (do_one_initcall) from [<c0b00d94>] (kernel_init_freeable+0x11c/0x1e8)
[    0.727098] [<c0b00d94>] (kernel_init_freeable) from [<c07d99a8>] (kernel_init+0x8/0x118)
[    0.735329] [<c07d99a8>] (kernel_init) from [<c0107938>] (ret_from_fork+0x14/0x3c)
[    0.742966] ---[ end trace ac3b8d60e47a7804 ]---
[    0.749068] dvdd_ts: Failed to request enable GPIO61: -517
[    0.753202] reg-fixed-voltage regulators:regulator@1: Failed to register regulator: -517
[    0.761458] usb1_vbus: Failed to request enable GPIO108: -517
[    0.767153] reg-fixed-voltage regulators:regulator@3: Failed to register regulator: -517
[    0.775408] usb2_vbus: Failed to request enable GPIO86: -517
[    0.781019] reg-fixed-voltage regulators:regulator@4: Failed to register regulator: -517
[    0.789873] VDD_5V0_HDMI_CON: Failed to request enable GPIO81: -517
[    0.795495] reg-fixed-voltage regulators:regulator@7: Failed to register regulator: -517
[    0.804363] ------------[ cut here ]------------
[    0.808320] WARNING: CPU: 0 PID: 1 at drivers/i2c/i2c-core.c:1930 i2c_register_driver+0x64/0x7c
[    0.817046] Modules linked in:
[    0.820172] CPU: 0 PID: 1 Comm: swapper/0 Tainted: G        W       4.5.0-rc7-next-20160314-81361-g4342eec #1
[    0.830134] Hardware name: NVIDIA Tegra SoC (Flattened Device Tree)
[    0.836476] [<c010f200>] (unwind_backtrace) from [<c010a874>] (show_stack+0x10/0x14)
[    0.844273] [<c010a874>] (show_stack) from [<c0339174>] (dump_stack+0x84/0xa4)
[    0.851551] [<c0339174>] (dump_stack) from [<c011f100>] (__warn+0xd4/0x100)
[    0.858569] [<c011f100>] (__warn) from [<c011f14c>] (warn_slowpath_null+0x20/0x28)
[    0.866196] [<c011f14c>] (warn_slowpath_null) from [<c054d17c>] (i2c_register_driver+0x64/0x7c)
[    0.874949] [<c054d17c>] (i2c_register_driver) from [<c0101768>] (do_one_initcall+0x84/0x1d4)
[    0.883531] [<c0101768>] (do_one_initcall) from [<c0b00d94>] (kernel_init_freeable+0x11c/0x1e8)
[    0.892282] [<c0b00d94>] (kernel_init_freeable) from [<c07d99a8>] (kernel_init+0x8/0x118)
[    0.900514] [<c07d99a8>] (kernel_init) from [<c0107938>] (ret_from_fork+0x14/0x3c)
[    0.908151] ---[ end trace ac3b8d60e47a7805 ]---
[    0.912823] ------------[ cut here ]------------
[    0.917501] WARNING: CPU: 0 PID: 1 at drivers/i2c/i2c-core.c:1930 i2c_register_driver+0x64/0x7c
[    0.926260] Modules linked in:
[    0.929371] CPU: 0 PID: 1 Comm: swapper/0 Tainted: G        W       4.5.0-rc7-next-20160314-81361-g4342eec #1
[    0.939334] Hardware name: NVIDIA Tegra SoC (Flattened Device Tree)
[    0.945672] [<c010f200>] (unwind_backtrace) from [<c010a874>] (show_stack+0x10/0x14)
[    0.953471] [<c010a874>] (show_stack) from [<c0339174>] (dump_stack+0x84/0xa4)
[    0.960750] [<c0339174>] (dump_stack) from [<c011f100>] (__warn+0xd4/0x100)
[    0.967769] [<c011f100>] (__warn) from [<c011f14c>] (warn_slowpath_null+0x20/0x28)
[    0.975397] [<c011f14c>] (warn_slowpath_null) from [<c054d17c>] (i2c_register_driver+0x64/0x7c)
[    0.984149] [<c054d17c>] (i2c_register_driver) from [<c0101768>] (do_one_initcall+0x84/0x1d4)
[    0.992730] [<c0101768>] (do_one_initcall) from [<c0b00d94>] (kernel_init_freeable+0x11c/0x1e8)
[    1.001482] [<c0b00d94>] (kernel_init_freeable) from [<c07d99a8>] (kernel_init+0x8/0x118)
[    1.009714] [<c07d99a8>] (kernel_init) from [<c0107938>] (ret_from_fork+0x14/0x3c)
[    1.017350] ---[ end trace ac3b8d60e47a7806 ]---
[    1.023014] vgaarb: loaded
[    1.024800] ------------[ cut here ]------------
[    1.029496] WARNING: CPU: 0 PID: 1 at drivers/i2c/i2c-core.c:1930 i2c_register_driver+0x64/0x7c
[    1.038219] Modules linked in:
[    1.041345] CPU: 0 PID: 1 Comm: swapper/0 Tainted: G        W       4.5.0-rc7-next-20160314-81361-g4342eec #1
[    1.051307] Hardware name: NVIDIA Tegra SoC (Flattened Device Tree)
[    1.057647] [<c010f200>] (unwind_backtrace) from [<c010a874>] (show_stack+0x10/0x14)
[    1.065445] [<c010a874>] (show_stack) from [<c0339174>] (dump_stack+0x84/0xa4)
[    1.072724] [<c0339174>] (dump_stack) from [<c011f100>] (__warn+0xd4/0x100)
[    1.079742] [<c011f100>] (__warn) from [<c011f14c>] (warn_slowpath_null+0x20/0x28)
[    1.087370] [<c011f14c>] (warn_slowpath_null) from [<c054d17c>] (i2c_register_driver+0x64/0x7c)
[    1.096122] [<c054d17c>] (i2c_register_driver) from [<c0101768>] (do_one_initcall+0x84/0x1d4)
[    1.104703] [<c0101768>] (do_one_initcall) from [<c0b00d94>] (kernel_init_freeable+0x11c/0x1e8)
[    1.113455] [<c0b00d94>] (kernel_init_freeable) from [<c07d99a8>] (kernel_init+0x8/0x118)
[    1.121687] [<c07d99a8>] (kernel_init) from [<c0107938>] (ret_from_fork+0x14/0x3c)
[    1.129325] ---[ end trace ac3b8d60e47a7807 ]---
[    1.133998] ------------[ cut here ]------------
[    1.138674] WARNING: CPU: 0 PID: 1 at drivers/i2c/i2c-core.c:1930 i2c_register_driver+0x64/0x7c
[    1.147434] Modules linked in:
[    1.150544] CPU: 0 PID: 1 Comm: swapper/0 Tainted: G        W       4.5.0-rc7-next-20160314-81361-g4342eec #1
[    1.160507] Hardware name: NVIDIA Tegra SoC (Flattened Device Tree)
[    1.166846] [<c010f200>] (unwind_backtrace) from [<c010a874>] (show_stack+0x10/0x14)
[    1.174644] [<c010a874>] (show_stack) from [<c0339174>] (dump_stack+0x84/0xa4)
[    1.181923] [<c0339174>] (dump_stack) from [<c011f100>] (__warn+0xd4/0x100)
[    1.188942] [<c011f100>] (__warn) from [<c011f14c>] (warn_slowpath_null+0x20/0x28)
[    1.196569] [<c011f14c>] (warn_slowpath_null) from [<c054d17c>] (i2c_register_driver+0x64/0x7c)
[    1.205322] [<c054d17c>] (i2c_register_driver) from [<c0101768>] (do_one_initcall+0x84/0x1d4)
[    1.213903] [<c0101768>] (do_one_initcall) from [<c0b00d94>] (kernel_init_freeable+0x11c/0x1e8)
[    1.222655] [<c0b00d94>] (kernel_init_freeable) from [<c07d99a8>] (kernel_init+0x8/0x118)
[    1.230887] [<c07d99a8>] (kernel_init) from [<c0107938>] (ret_from_fork+0x14/0x3c)
[    1.238523] ---[ end trace ac3b8d60e47a7808 ]---
[    1.243198] ------------[ cut here ]------------
[    1.247874] WARNING: CPU: 0 PID: 1 at drivers/i2c/i2c-core.c:1930 i2c_register_driver+0x64/0x7c
[    1.256633] Modules linked in:
[    1.259744] CPU: 0 PID: 1 Comm: swapper/0 Tainted: G        W       4.5.0-rc7-next-20160314-81361-g4342eec #1
[    1.269707] Hardware name: NVIDIA Tegra SoC (Flattened Device Tree)
[    1.276045] [<c010f200>] (unwind_backtrace) from [<c010a874>] (show_stack+0x10/0x14)
[    1.283845] [<c010a874>] (show_stack) from [<c0339174>] (dump_stack+0x84/0xa4)
[    1.291122] [<c0339174>] (dump_stack) from [<c011f100>] (__warn+0xd4/0x100)
[    1.298142] [<c011f100>] (__warn) from [<c011f14c>] (warn_slowpath_null+0x20/0x28)
[    1.305770] [<c011f14c>] (warn_slowpath_null) from [<c054d17c>] (i2c_register_driver+0x64/0x7c)
[    1.314523] [<c054d17c>] (i2c_register_driver) from [<c0b1ebd0>] (max8907_i2c_init+0x10/0x34)
[    1.323103] [<c0b1ebd0>] (max8907_i2c_init) from [<c0101768>] (do_one_initcall+0x84/0x1d4)
[    1.331423] [<c0101768>] (do_one_initcall) from [<c0b00d94>] (kernel_init_freeable+0x11c/0x1e8)
[    1.340175] [<c0b00d94>] (kernel_init_freeable) from [<c07d99a8>] (kernel_init+0x8/0x118)
[    1.348407] [<c07d99a8>] (kernel_init) from [<c0107938>] (ret_from_fork+0x14/0x3c)
[    1.356044] ---[ end trace ac3b8d60e47a7809 ]---
[    1.360708] Failed to register I2C driver: -11
[    1.365224] ------------[ cut here ]------------
[    1.369915] WARNING: CPU: 0 PID: 1 at drivers/i2c/i2c-core.c:1930 i2c_register_driver+0x64/0x7c
[    1.378646] Modules linked in:
[    1.381771] CPU: 0 PID: 1 Comm: swapper/0 Tainted: G        W       4.5.0-rc7-next-20160314-81361-g4342eec #1
[    1.391734] Hardware name: NVIDIA Tegra SoC (Flattened Device Tree)
[    1.398072] [<c010f200>] (unwind_backtrace) from [<c010a874>] (show_stack+0x10/0x14)
[    1.405871] [<c010a874>] (show_stack) from [<c0339174>] (dump_stack+0x84/0xa4)
[    1.413150] [<c0339174>] (dump_stack) from [<c011f100>] (__warn+0xd4/0x100)
[    1.420169] [<c011f100>] (__warn) from [<c011f14c>] (warn_slowpath_null+0x20/0x28)
[    1.427797] [<c011f14c>] (warn_slowpath_null) from [<c054d17c>] (i2c_register_driver+0x64/0x7c)
[    1.436548] [<c054d17c>] (i2c_register_driver) from [<c0101768>] (do_one_initcall+0x84/0x1d4)
[    1.445130] [<c0101768>] (do_one_initcall) from [<c0b00d94>] (kernel_init_freeable+0x11c/0x1e8)
[    1.453881] [<c0b00d94>] (kernel_init_freeable) from [<c07d99a8>] (kernel_init+0x8/0x118)
[    1.462114] [<c07d99a8>] (kernel_init) from [<c0107938>] (ret_from_fork+0x14/0x3c)
[    1.469750] ---[ end trace ac3b8d60e47a780a ]---
[    1.474425] ------------[ cut here ]------------
[    1.479100] WARNING: CPU: 0 PID: 1 at drivers/i2c/i2c-core.c:1930 i2c_register_driver+0x64/0x7c
[    1.487860] Modules linked in:
[    1.490970] CPU: 0 PID: 1 Comm: swapper/0 Tainted: G        W       4.5.0-rc7-next-20160314-81361-g4342eec #1
[    1.500934] Hardware name: NVIDIA Tegra SoC (Flattened Device Tree)
[    1.507272] [<c010f200>] (unwind_backtrace) from [<c010a874>] (show_stack+0x10/0x14)
[    1.515071] [<c010a874>] (show_stack) from [<c0339174>] (dump_stack+0x84/0xa4)
[    1.522350] [<c0339174>] (dump_stack) from [<c011f100>] (__warn+0xd4/0x100)
[    1.529369] [<c011f100>] (__warn) from [<c011f14c>] (warn_slowpath_null+0x20/0x28)
[    1.536997] [<c011f14c>] (warn_slowpath_null) from [<c054d17c>] (i2c_register_driver+0x64/0x7c)
[    1.545748] [<c054d17c>] (i2c_register_driver) from [<c0101768>] (do_one_initcall+0x84/0x1d4)
[    1.554330] [<c0101768>] (do_one_initcall) from [<c0b00d94>] (kernel_init_freeable+0x11c/0x1e8)
[    1.563081] [<c0b00d94>] (kernel_init_freeable) from [<c07d99a8>] (kernel_init+0x8/0x118)
[    1.571313] [<c07d99a8>] (kernel_init) from [<c0107938>] (ret_from_fork+0x14/0x3c)
[    1.578951] ---[ end trace ac3b8d60e47a780b ]---
[    1.583625] ------------[ cut here ]------------
[    1.588301] WARNING: CPU: 0 PID: 1 at drivers/i2c/i2c-core.c:1930 i2c_register_driver+0x64/0x7c
[    1.597061] Modules linked in:
[    1.600170] CPU: 0 PID: 1 Comm: swapper/0 Tainted: G        W       4.5.0-rc7-next-20160314-81361-g4342eec #1
[    1.610134] Hardware name: NVIDIA Tegra SoC (Flattened Device Tree)
[    1.616471] [<c010f200>] (unwind_backtrace) from [<c010a874>] (show_stack+0x10/0x14)
[    1.624271] [<c010a874>] (show_stack) from [<c0339174>] (dump_stack+0x84/0xa4)
[    1.631550] [<c0339174>] (dump_stack) from [<c011f100>] (__warn+0xd4/0x100)
[    1.638569] [<c011f100>] (__warn) from [<c011f14c>] (warn_slowpath_null+0x20/0x28)
[    1.646196] [<c011f14c>] (warn_slowpath_null) from [<c054d17c>] (i2c_register_driver+0x64/0x7c)
[    1.654948] [<c054d17c>] (i2c_register_driver) from [<c0101768>] (do_one_initcall+0x84/0x1d4)
[    1.663529] [<c0101768>] (do_one_initcall) from [<c0b00d94>] (kernel_init_freeable+0x11c/0x1e8)
[    1.672281] [<c0b00d94>] (kernel_init_freeable) from [<c07d99a8>] (kernel_init+0x8/0x118)
[    1.680514] [<c07d99a8>] (kernel_init) from [<c0107938>] (ret_from_fork+0x14/0x3c)
[    1.688150] ---[ end trace ac3b8d60e47a780c ]---
[    1.693768] SCSI subsystem initialized
[    1.696940] libata version 3.00 loaded.
[    1.701262] usbcore: registered new interface driver usbfs
[    1.706246] usbcore: registered new interface driver hub
[    1.711628] usbcore: registered new device driver usb
[    1.717222] ------------[ cut here ]------------
[    1.721250] WARNING: CPU: 0 PID: 1 at drivers/i2c/i2c-core.c:1533 i2c_register_adapter+0x3d8/0x46c
[    1.730273] Modules linked in:
[    1.733379] CPU: 0 PID: 1 Comm: swapper/0 Tainted: G        W       4.5.0-rc7-next-20160314-81361-g4342eec #1
[    1.743341] Hardware name: NVIDIA Tegra SoC (Flattened Device Tree)
[    1.749682] [<c010f200>] (unwind_backtrace) from [<c010a874>] (show_stack+0x10/0x14)
[    1.757479] [<c010a874>] (show_stack) from [<c0339174>] (dump_stack+0x84/0xa4)
[    1.764759] [<c0339174>] (dump_stack) from [<c011f100>] (__warn+0xd4/0x100)
[    1.771776] [<c011f100>] (__warn) from [<c011f14c>] (warn_slowpath_null+0x20/0x28)
[    1.779403] [<c011f14c>] (warn_slowpath_null) from [<c054bd9c>] (i2c_register_adapter+0x3d8/0x46c)
[    1.788419] [<c054bd9c>] (i2c_register_adapter) from [<c054fba0>] (tegra_i2c_probe+0x2d8/0x3bc)
[    1.797174] [<c054fba0>] (tegra_i2c_probe) from [<c0436cf4>] (platform_drv_probe+0x50/0xb0)
[    1.805577] [<c0436cf4>] (platform_drv_probe) from [<c0435720>] (driver_probe_device+0x1f4/0x2b0)
[    1.814502] [<c0435720>] (driver_probe_device) from [<c0435888>] (__driver_attach+0xac/0xb0)
[    1.822994] [<c0435888>] (__driver_attach) from [<c0433d44>] (bus_for_each_dev+0x54/0x88)
[    1.831227] [<c0433d44>] (bus_for_each_dev) from [<c0434d14>] (bus_add_driver+0xe8/0x1f4)
[    1.839461] [<c0434d14>] (bus_add_driver) from [<c0436084>] (driver_register+0x78/0xf4)
[    1.847521] [<c0436084>] (driver_register) from [<c0101768>] (do_one_initcall+0x84/0x1d4)
[    1.855758] [<c0101768>] (do_one_initcall) from [<c0b00d94>] (kernel_init_freeable+0x11c/0x1e8)
[    1.864509] [<c0b00d94>] (kernel_init_freeable) from [<c07d99a8>] (kernel_init+0x8/0x118)
[    1.872740] [<c07d99a8>] (kernel_init) from [<c0107938>] (ret_from_fork+0x14/0x3c)
[    1.880379] ---[ end trace ac3b8d60e47a780d ]---
[    1.885048] tegra-i2c 7000c000.i2c: Failed to add I2C adapter
[    1.890928] tegra-i2c: probe of 7000c000.i2c failed with error -11
[    1.897313] ------------[ cut here ]------------
[    1.901828] WARNING: CPU: 0 PID: 1 at drivers/i2c/i2c-core.c:1533 i2c_register_adapter+0x3d8/0x46c
[    1.910779] Modules linked in:
[    1.913905] CPU: 0 PID: 1 Comm: swapper/0 Tainted: G        W       4.5.0-rc7-next-20160314-81361-g4342eec #1
[    1.923867] Hardware name: NVIDIA Tegra SoC (Flattened Device Tree)
[    1.930207] [<c010f200>] (unwind_backtrace) from [<c010a874>] (show_stack+0x10/0x14)
[    1.938006] [<c010a874>] (show_stack) from [<c0339174>] (dump_stack+0x84/0xa4)
[    1.945284] [<c0339174>] (dump_stack) from [<c011f100>] (__warn+0xd4/0x100)
[    1.952302] [<c011f100>] (__warn) from [<c011f14c>] (warn_slowpath_null+0x20/0x28)
[    1.959930] [<c011f14c>] (warn_slowpath_null) from [<c054bd9c>] (i2c_register_adapter+0x3d8/0x46c)
[    1.968944] [<c054bd9c>] (i2c_register_adapter) from [<c054fba0>] (tegra_i2c_probe+0x2d8/0x3bc)
[    1.977696] [<c054fba0>] (tegra_i2c_probe) from [<c0436cf4>] (platform_drv_probe+0x50/0xb0)
[    1.986102] [<c0436cf4>] (platform_drv_probe) from [<c0435720>] (driver_probe_device+0x1f4/0x2b0)
[    1.995027] [<c0435720>] (driver_probe_device) from [<c0435888>] (__driver_attach+0xac/0xb0)
[    2.003520] [<c0435888>] (__driver_attach) from [<c0433d44>] (bus_for_each_dev+0x54/0x88)
[    2.011752] [<c0433d44>] (bus_for_each_dev) from [<c0434d14>] (bus_add_driver+0xe8/0x1f4)
[    2.019986] [<c0434d14>] (bus_add_driver) from [<c0436084>] (driver_register+0x78/0xf4)
[    2.028047] [<c0436084>] (driver_register) from [<c0101768>] (do_one_initcall+0x84/0x1d4)
[    2.036283] [<c0101768>] (do_one_initcall) from [<c0b00d94>] (kernel_init_freeable+0x11c/0x1e8)
[    2.045034] [<c0b00d94>] (kernel_init_freeable) from [<c07d99a8>] (kernel_init+0x8/0x118)
[    2.053267] [<c07d99a8>] (kernel_init) from [<c0107938>] (ret_from_fork+0x14/0x3c)
[    2.060907] ---[ end trace ac3b8d60e47a780e ]---
[    2.065573] tegra-i2c 7000c700.i2c: Failed to add I2C adapter
[    2.071447] tegra-i2c: probe of 7000c700.i2c failed with error -11
[    2.077838] ------------[ cut here ]------------
[    2.082351] WARNING: CPU: 0 PID: 1 at drivers/i2c/i2c-core.c:1533 i2c_register_adapter+0x3d8/0x46c
[    2.091306] Modules linked in:
[    2.094431] CPU: 0 PID: 1 Comm: swapper/0 Tainted: G        W       4.5.0-rc7-next-20160314-81361-g4342eec #1
[    2.104394] Hardware name: NVIDIA Tegra SoC (Flattened Device Tree)
[    2.110734] [<c010f200>] (unwind_backtrace) from [<c010a874>] (show_stack+0x10/0x14)
[    2.118531] [<c010a874>] (show_stack) from [<c0339174>] (dump_stack+0x84/0xa4)
[    2.125811] [<c0339174>] (dump_stack) from [<c011f100>] (__warn+0xd4/0x100)
[    2.132829] [<c011f100>] (__warn) from [<c011f14c>] (warn_slowpath_null+0x20/0x28)
[    2.140456] [<c011f14c>] (warn_slowpath_null) from [<c054bd9c>] (i2c_register_adapter+0x3d8/0x46c)
[    2.149470] [<c054bd9c>] (i2c_register_adapter) from [<c054fba0>] (tegra_i2c_probe+0x2d8/0x3bc)
[    2.158223] [<c054fba0>] (tegra_i2c_probe) from [<c0436cf4>] (platform_drv_probe+0x50/0xb0)
[    2.166628] [<c0436cf4>] (platform_drv_probe) from [<c0435720>] (driver_probe_device+0x1f4/0x2b0)
[    2.175554] [<c0435720>] (driver_probe_device) from [<c0435888>] (__driver_attach+0xac/0xb0)
[    2.184046] [<c0435888>] (__driver_attach) from [<c0433d44>] (bus_for_each_dev+0x54/0x88)
[    2.192279] [<c0433d44>] (bus_for_each_dev) from [<c0434d14>] (bus_add_driver+0xe8/0x1f4)
[    2.200512] [<c0434d14>] (bus_add_driver) from [<c0436084>] (driver_register+0x78/0xf4)
[    2.208574] [<c0436084>] (driver_register) from [<c0101768>] (do_one_initcall+0x84/0x1d4)
[    2.216810] [<c0101768>] (do_one_initcall) from [<c0b00d94>] (kernel_init_freeable+0x11c/0x1e8)
[    2.225561] [<c0b00d94>] (kernel_init_freeable) from [<c07d99a8>] (kernel_init+0x8/0x118)
[    2.233794] [<c07d99a8>] (kernel_init) from [<c0107938>] (ret_from_fork+0x14/0x3c)
[    2.241432] ---[ end trace ac3b8d60e47a780f ]---
[    2.246100] tegra-i2c 7000d000.i2c: Failed to add I2C adapter
[    2.251971] tegra-i2c: probe of 7000d000.i2c failed with error -11
[    2.258330] Linux video capture interface: v2.00
[    2.262994] pps_core: LinuxPPS API ver. 1 registered
[    2.267849] pps_core: Software ver. 5.3.6 - Copyright 2005-2007 Rodolfo Giometti <giometti@linux.it>
[    2.277144] PTP clock support registered
[    2.282115] Advanced Linux Sound Architecture Driver Initialized.
[    2.288989] Bluetooth: Core ver 2.21
[    2.290882] NET: Registered protocol family 31
[    2.295322] Bluetooth: HCI device and connection manager initialized
[    2.301772] Bluetooth: HCI socket layer initialized
[    2.306688] Bluetooth: L2CAP socket layer initialized
[    2.311850] Bluetooth: SCO socket layer initialized
[    2.318368] clocksource: Switched to clocksource arch_sys_counter
[    2.348510] NET: Registered protocol family 2
[    2.352388] TCP established hash table entries: 8192 (order: 3, 32768 bytes)
[    2.358240] TCP bind hash table entries: 8192 (order: 4, 65536 bytes)
[    2.364849] TCP: Hash tables configured (established 8192 bind 8192)
[    2.371511] UDP hash table entries: 512 (order: 2, 16384 bytes)
[    2.377074] UDP-Lite hash table entries: 512 (order: 2, 16384 bytes)
[    2.383920] NET: Registered protocol family 1
[    2.388658] RPC: Registered named UNIX socket transport module.
[    2.393854] RPC: Registered udp transport module.
[    2.398643] RPC: Registered tcp transport module.
[    2.403388] RPC: Registered tcp NFSv4.1 backchannel transport module.
[    2.409925] PCI: CLS 0 bytes, default 64
[    2.418518] futex hash table entries: 1024 (order: 4, 65536 bytes)
[    2.424028] workingset: timestamp_bits=28 max_order=19 bucket_order=0
[    2.431065] squashfs: version 4.0 (2009/01/31) Phillip Lougher
[    2.436218] NFS: Registering the id_resolver key type
[    2.440482] Key type id_resolver registered
[    2.444623] Key type id_legacy registered
[    2.453354] bounce: pool size: 64 pages
[    2.455373] io scheduler noop registered (default)
[    2.480813] tegra-apbdma 6000a000.dma: Tegra20 APB DMA driver register 32 channels
[    2.487451] tegra-pmc 7000e400.pmc: i2c-thermtrip node not found, emergency thermal reset disabled.
[    2.496445] Serial: 8250/16550 driver, 4 ports, IRQ sharing disabled
[    2.506015] console [ttyS0] disabled
[    2.507813] 70006300.serial: ttyS0 at MMIO 0x70006300 (irq = 329, base_baud = 25500000) is a Tegra
[    2.516870] console [ttyS0] enabled
[    2.516870] console [ttyS0] enabled
[    2.523161] bootconsole [earlycon0] disabled
[    2.523161] bootconsole [earlycon0] disabled
[    2.544502] [drm] Initialized drm 1.1.0 20060810
[    2.550468] tegra-hdmi 54280000.hdmi: failed to get HDMI regulator
[    2.557229] tegra-dsi 54300000.dsi: cannot get VDD supply
[    2.601605] loop: module loaded
[    2.604762] ------------[ cut here ]------------
[    2.609408] WARNING: CPU: 0 PID: 1 at drivers/i2c/i2c-core.c:1930 i2c_register_driver+0x64/0x7c
[    2.618091] Modules linked in:
[    2.621176] CPU: 0 PID: 1 Comm: swapper/0 Tainted: G        W       4.5.0-rc7-next-20160314-81361-g4342eec #1
[    2.631072] Hardware name: NVIDIA Tegra SoC (Flattened Device Tree)
[    2.637349] [<c010f200>] (unwind_backtrace) from [<c010a874>] (show_stack+0x10/0x14)
[    2.645094] [<c010a874>] (show_stack) from [<c0339174>] (dump_stack+0x84/0xa4)
[    2.652317] [<c0339174>] (dump_stack) from [<c011f100>] (__warn+0xd4/0x100)
[    2.659274] [<c011f100>] (__warn) from [<c011f14c>] (warn_slowpath_null+0x20/0x28)
[    2.666838] [<c011f14c>] (warn_slowpath_null) from [<c054d17c>] (i2c_register_driver+0x64/0x7c)
[    2.675530] [<c054d17c>] (i2c_register_driver) from [<c0101768>] (do_one_initcall+0x84/0x1d4)
[    2.684051] [<c0101768>] (do_one_initcall) from [<c0b00d94>] (kernel_init_freeable+0x11c/0x1e8)
[    2.692745] [<c0b00d94>] (kernel_init_freeable) from [<c07d99a8>] (kernel_init+0x8/0x118)
[    2.700915] [<c07d99a8>] (kernel_init) from [<c0107938>] (ret_from_fork+0x14/0x3c)
[    2.708499] ---[ end trace ac3b8d60e47a7810 ]---
[    2.713122] ------------[ cut here ]------------
[    2.717739] WARNING: CPU: 0 PID: 1 at drivers/i2c/i2c-core.c:1930 i2c_register_driver+0x64/0x7c
[    2.726438] Modules linked in:
[    2.729518] CPU: 0 PID: 1 Comm: swapper/0 Tainted: G        W       4.5.0-rc7-next-20160314-81361-g4342eec #1
[    2.739413] Hardware name: NVIDIA Tegra SoC (Flattened Device Tree)
[    2.745681] [<c010f200>] (unwind_backtrace) from [<c010a874>] (show_stack+0x10/0x14)
[    2.753419] [<c010a874>] (show_stack) from [<c0339174>] (dump_stack+0x84/0xa4)
[    2.760636] [<c0339174>] (dump_stack) from [<c011f100>] (__warn+0xd4/0x100)
[    2.767592] [<c011f100>] (__warn) from [<c011f14c>] (warn_slowpath_null+0x20/0x28)
[    2.775156] [<c011f14c>] (warn_slowpath_null) from [<c054d17c>] (i2c_register_driver+0x64/0x7c)
[    2.783845] [<c054d17c>] (i2c_register_driver) from [<c0101768>] (do_one_initcall+0x84/0x1d4)
[    2.792361] [<c0101768>] (do_one_initcall) from [<c0b00d94>] (kernel_init_freeable+0x11c/0x1e8)
[    2.801050] [<c0b00d94>] (kernel_init_freeable) from [<c07d99a8>] (kernel_init+0x8/0x118)
[    2.809218] [<c07d99a8>] (kernel_init) from [<c0107938>] (ret_from_fork+0x14/0x3c)
[    2.816794] ---[ end trace ac3b8d60e47a7811 ]---
[    2.821431] ------------[ cut here ]------------
[    2.826047] WARNING: CPU: 0 PID: 1 at drivers/i2c/i2c-core.c:1930 i2c_register_driver+0x64/0x7c
[    2.834744] Modules linked in:
[    2.837806] CPU: 0 PID: 1 Comm: swapper/0 Tainted: G        W       4.5.0-rc7-next-20160314-81361-g4342eec #1
[    2.847701] Hardware name: NVIDIA Tegra SoC (Flattened Device Tree)
[    2.853967] [<c010f200>] (unwind_backtrace) from [<c010a874>] (show_stack+0x10/0x14)
[    2.861705] [<c010a874>] (show_stack) from [<c0339174>] (dump_stack+0x84/0xa4)
[    2.868923] [<c0339174>] (dump_stack) from [<c011f100>] (__warn+0xd4/0x100)
[    2.875879] [<c011f100>] (__warn) from [<c011f14c>] (warn_slowpath_null+0x20/0x28)
[    2.883443] [<c011f14c>] (warn_slowpath_null) from [<c054d17c>] (i2c_register_driver+0x64/0x7c)
[    2.892132] [<c054d17c>] (i2c_register_driver) from [<c0101768>] (do_one_initcall+0x84/0x1d4)
[    2.900648] [<c0101768>] (do_one_initcall) from [<c0b00d94>] (kernel_init_freeable+0x11c/0x1e8)
[    2.909337] [<c0b00d94>] (kernel_init_freeable) from [<c07d99a8>] (kernel_init+0x8/0x118)
[    2.917504] [<c07d99a8>] (kernel_init) from [<c0107938>] (ret_from_fork+0x14/0x3c)
[    2.925079] ---[ end trace ac3b8d60e47a7812 ]---
[    2.929716] ------------[ cut here ]------------
[    2.934332] WARNING: CPU: 0 PID: 1 at drivers/i2c/i2c-core.c:1930 i2c_register_driver+0x64/0x7c
[    2.943028] Modules linked in:
[    2.946088] CPU: 0 PID: 1 Comm: swapper/0 Tainted: G        W       4.5.0-rc7-next-20160314-81361-g4342eec #1
[    2.955983] Hardware name: NVIDIA Tegra SoC (Flattened Device Tree)
[    2.962248] [<c010f200>] (unwind_backtrace) from [<c010a874>] (show_stack+0x10/0x14)
[    2.969987] [<c010a874>] (show_stack) from [<c0339174>] (dump_stack+0x84/0xa4)
[    2.977204] [<c0339174>] (dump_stack) from [<c011f100>] (__warn+0xd4/0x100)
[    2.984160] [<c011f100>] (__warn) from [<c011f14c>] (warn_slowpath_null+0x20/0x28)
[    2.991723] [<c011f14c>] (warn_slowpath_null) from [<c054d17c>] (i2c_register_driver+0x64/0x7c)
[    3.000413] [<c054d17c>] (i2c_register_driver) from [<c0101768>] (do_one_initcall+0x84/0x1d4)
[    3.008929] [<c0101768>] (do_one_initcall) from [<c0b00d94>] (kernel_init_freeable+0x11c/0x1e8)
[    3.017620] [<c0b00d94>] (kernel_init_freeable) from [<c07d99a8>] (kernel_init+0x8/0x118)
[    3.025789] [<c07d99a8>] (kernel_init) from [<c0107938>] (ret_from_fork+0x14/0x3c)
[    3.033370] ---[ end trace ac3b8d60e47a7813 ]---
[    3.037990] ------------[ cut here ]------------
[    3.042623] WARNING: CPU: 0 PID: 1 at drivers/i2c/i2c-core.c:1930 i2c_register_driver+0x64/0x7c
[    3.051320] Modules linked in:
[    3.054382] CPU: 0 PID: 1 Comm: swapper/0 Tainted: G        W       4.5.0-rc7-next-20160314-81361-g4342eec #1
[    3.064277] Hardware name: NVIDIA Tegra SoC (Flattened Device Tree)
[    3.070543] [<c010f200>] (unwind_backtrace) from [<c010a874>] (show_stack+0x10/0x14)
[    3.078281] [<c010a874>] (show_stack) from [<c0339174>] (dump_stack+0x84/0xa4)
[    3.085499] [<c0339174>] (dump_stack) from [<c011f100>] (__warn+0xd4/0x100)
[    3.092456] [<c011f100>] (__warn) from [<c011f14c>] (warn_slowpath_null+0x20/0x28)
[    3.100019] [<c011f14c>] (warn_slowpath_null) from [<c054d17c>] (i2c_register_driver+0x64/0x7c)
[    3.108709] [<c054d17c>] (i2c_register_driver) from [<c0101768>] (do_one_initcall+0x84/0x1d4)
[    3.117225] [<c0101768>] (do_one_initcall) from [<c0b00d94>] (kernel_init_freeable+0x11c/0x1e8)
[    3.125914] [<c0b00d94>] (kernel_init_freeable) from [<c07d99a8>] (kernel_init+0x8/0x118)
[    3.134081] [<c07d99a8>] (kernel_init) from [<c0107938>] (ret_from_fork+0x14/0x3c)
[    3.141655] ---[ end trace ac3b8d60e47a7814 ]---
[    3.146385] ------------[ cut here ]------------
[    3.151021] WARNING: CPU: 0 PID: 1 at drivers/i2c/i2c-core.c:1930 i2c_register_driver+0x64/0x7c
[    3.159717] Modules linked in:
[    3.162779] CPU: 0 PID: 1 Comm: swapper/0 Tainted: G        W       4.5.0-rc7-next-20160314-81361-g4342eec #1
[    3.172673] Hardware name: NVIDIA Tegra SoC (Flattened Device Tree)
[    3.178939] [<c010f200>] (unwind_backtrace) from [<c010a874>] (show_stack+0x10/0x14)
[    3.186677] [<c010a874>] (show_stack) from [<c0339174>] (dump_stack+0x84/0xa4)
[    3.193895] [<c0339174>] (dump_stack) from [<c011f100>] (__warn+0xd4/0x100)
[    3.200851] [<c011f100>] (__warn) from [<c011f14c>] (warn_slowpath_null+0x20/0x28)
[    3.208415] [<c011f14c>] (warn_slowpath_null) from [<c054d17c>] (i2c_register_driver+0x64/0x7c)
[    3.217104] [<c054d17c>] (i2c_register_driver) from [<c0101768>] (do_one_initcall+0x84/0x1d4)
[    3.225623] [<c0101768>] (do_one_initcall) from [<c0b00d94>] (kernel_init_freeable+0x11c/0x1e8)
[    3.234312] [<c0b00d94>] (kernel_init_freeable) from [<c07d99a8>] (kernel_init+0x8/0x118)
[    3.242480] [<c07d99a8>] (kernel_init) from [<c0107938>] (ret_from_fork+0x14/0x3c)
[    3.250055] ---[ end trace ac3b8d60e47a7815 ]---
[    3.267251] m25p80 spi32766.0: w25q32dw (4096 Kbytes)
[    3.275679] CAN device driver interface
[    3.279663] igb: Intel(R) Gigabit Ethernet Network Driver - version 5.3.0-k
[    3.286612] igb: Copyright (c) 2007-2014 Intel Corporation.
[    3.292575] pegasus: v0.9.3 (2013/04/25), Pegasus/Pegasus II USB Ethernet driver
[    3.300114] usbcore: registered new interface driver pegasus
[    3.305940] usbcore: registered new interface driver asix
[    3.311486] usbcore: registered new interface driver ax88179_178a
[    3.317695] usbcore: registered new interface driver cdc_ether
[    3.323731] usbcore: registered new interface driver smsc75xx
[    3.329669] usbcore: registered new interface driver smsc95xx
[    3.335531] usbcore: registered new interface driver net1080
[    3.341337] usbcore: registered new interface driver cdc_subset
[    3.347372] usbcore: registered new interface driver zaurus
[    3.353162] usbcore: registered new interface driver cdc_ncm
[    3.359317] ehci_hcd: USB 2.0 'Enhanced' Host Controller (EHCI) Driver
[    3.365839] ehci-pci: EHCI PCI platform driver
[    3.370432] tegra-ehci: Tegra EHCI driver
[    3.375162] usbcore: registered new interface driver cdc_acm
[    3.380834] cdc_acm: USB Abstract Control Model driver for USB modems and ISDN adapters
[    3.388971] usbcore: registered new interface driver cdc_wdm
[    3.394810] usbcore: registered new interface driver usb-storage
[    3.401640] mousedev: PS/2 mouse device common for all mice
[    3.408186] ------------[ cut here ]------------
[    3.412826] WARNING: CPU: 0 PID: 1 at drivers/i2c/i2c-core.c:1930 i2c_register_driver+0x64/0x7c
[    3.421526] Modules linked in:
[    3.424590] CPU: 0 PID: 1 Comm: swapper/0 Tainted: G        W       4.5.0-rc7-next-20160314-81361-g4342eec #1
[    3.434484] Hardware name: NVIDIA Tegra SoC (Flattened Device Tree)
[    3.440757] [<c010f200>] (unwind_backtrace) from [<c010a874>] (show_stack+0x10/0x14)
[    3.448499] [<c010a874>] (show_stack) from [<c0339174>] (dump_stack+0x84/0xa4)
[    3.455719] [<c0339174>] (dump_stack) from [<c011f100>] (__warn+0xd4/0x100)
[    3.462677] [<c011f100>] (__warn) from [<c011f14c>] (warn_slowpath_null+0x20/0x28)
[    3.470243] [<c011f14c>] (warn_slowpath_null) from [<c054d17c>] (i2c_register_driver+0x64/0x7c)
[    3.478934] [<c054d17c>] (i2c_register_driver) from [<c0101768>] (do_one_initcall+0x84/0x1d4)
[    3.487454] [<c0101768>] (do_one_initcall) from [<c0b00d94>] (kernel_init_freeable+0x11c/0x1e8)
[    3.496145] [<c0b00d94>] (kernel_init_freeable) from [<c07d99a8>] (kernel_init+0x8/0x118)
[    3.504315] [<c07d99a8>] (kernel_init) from [<c0107938>] (ret_from_fork+0x14/0x3c)
[    3.511983] ---[ end trace ac3b8d60e47a7816 ]---
[    3.516845] ------------[ cut here ]------------
[    3.521481] WARNING: CPU: 0 PID: 1 at drivers/i2c/i2c-core.c:1930 i2c_register_driver+0x64/0x7c
[    3.530183] Modules linked in:
[    3.533245] CPU: 0 PID: 1 Comm: swapper/0 Tainted: G        W       4.5.0-rc7-next-20160314-81361-g4342eec #1
[    3.543140] Hardware name: NVIDIA Tegra SoC (Flattened Device Tree)
[    3.549407] [<c010f200>] (unwind_backtrace) from [<c010a874>] (show_stack+0x10/0x14)
[    3.557146] [<c010a874>] (show_stack) from [<c0339174>] (dump_stack+0x84/0xa4)
[    3.564364] [<c0339174>] (dump_stack) from [<c011f100>] (__warn+0xd4/0x100)
[    3.571321] [<c011f100>] (__warn) from [<c011f14c>] (warn_slowpath_null+0x20/0x28)
[    3.578885] [<c011f14c>] (warn_slowpath_null) from [<c054d17c>] (i2c_register_driver+0x64/0x7c)
[    3.587574] [<c054d17c>] (i2c_register_driver) from [<c0101768>] (do_one_initcall+0x84/0x1d4)
[    3.596091] [<c0101768>] (do_one_initcall) from [<c0b00d94>] (kernel_init_freeable+0x11c/0x1e8)
[    3.604781] [<c0b00d94>] (kernel_init_freeable) from [<c07d99a8>] (kernel_init+0x8/0x118)
[    3.612948] [<c07d99a8>] (kernel_init) from [<c0107938>] (ret_from_fork+0x14/0x3c)
[    3.620533] ---[ end trace ac3b8d60e47a7817 ]---
[    3.625293] ------------[ cut here ]------------
[    3.629932] WARNING: CPU: 0 PID: 1 at drivers/i2c/i2c-core.c:1930 i2c_register_driver+0x64/0x7c
[    3.638631] Modules linked in:
[    3.641691] CPU: 0 PID: 1 Comm: swapper/0 Tainted: G        W       4.5.0-rc7-next-20160314-81361-g4342eec #1
[    3.651584] Hardware name: NVIDIA Tegra SoC (Flattened Device Tree)
[    3.657851] [<c010f200>] (unwind_backtrace) from [<c010a874>] (show_stack+0x10/0x14)
[    3.665590] [<c010a874>] (show_stack) from [<c0339174>] (dump_stack+0x84/0xa4)
[    3.672808] [<c0339174>] (dump_stack) from [<c011f100>] (__warn+0xd4/0x100)
[    3.679764] [<c011f100>] (__warn) from [<c011f14c>] (warn_slowpath_null+0x20/0x28)
[    3.687327] [<c011f14c>] (warn_slowpath_null) from [<c054d17c>] (i2c_register_driver+0x64/0x7c)
[    3.696017] [<c054d17c>] (i2c_register_driver) from [<c0101768>] (do_one_initcall+0x84/0x1d4)
[    3.704534] [<c0101768>] (do_one_initcall) from [<c0b00d94>] (kernel_init_freeable+0x11c/0x1e8)
[    3.713223] [<c0b00d94>] (kernel_init_freeable) from [<c07d99a8>] (kernel_init+0x8/0x118)
[    3.721390] [<c07d99a8>] (kernel_init) from [<c0107938>] (ret_from_fork+0x14/0x3c)
[    3.728965] ---[ end trace ac3b8d60e47a7818 ]---
[    3.733582] ------------[ cut here ]------------
[    3.738197] WARNING: CPU: 0 PID: 1 at drivers/i2c/i2c-core.c:1930 i2c_register_driver+0x64/0x7c
[    3.746895] Modules linked in:
[    3.749974] CPU: 0 PID: 1 Comm: swapper/0 Tainted: G        W       4.5.0-rc7-next-20160314-81361-g4342eec #1
[    3.759868] Hardware name: NVIDIA Tegra SoC (Flattened Device Tree)
[    3.766133] [<c010f200>] (unwind_backtrace) from [<c010a874>] (show_stack+0x10/0x14)
[    3.773872] [<c010a874>] (show_stack) from [<c0339174>] (dump_stack+0x84/0xa4)
[    3.781089] [<c0339174>] (dump_stack) from [<c011f100>] (__warn+0xd4/0x100)
[    3.788045] [<c011f100>] (__warn) from [<c011f14c>] (warn_slowpath_null+0x20/0x28)
[    3.795608] [<c011f14c>] (warn_slowpath_null) from [<c054d17c>] (i2c_register_driver+0x64/0x7c)
[    3.804298] [<c054d17c>] (i2c_register_driver) from [<c0101768>] (do_one_initcall+0x84/0x1d4)
[    3.812815] [<c0101768>] (do_one_initcall) from [<c0b00d94>] (kernel_init_freeable+0x11c/0x1e8)
[    3.821504] [<c0b00d94>] (kernel_init_freeable) from [<c07d99a8>] (kernel_init+0x8/0x118)
[    3.829672] [<c07d99a8>] (kernel_init) from [<c0107938>] (ret_from_fork+0x14/0x3c)
[    3.837249] ---[ end trace ac3b8d60e47a7819 ]---
[    3.843090] tegra_rtc 7000e000.rtc: rtc core: registered 7000e000.rtc as rtc1
[    3.850341] tegra_rtc 7000e000.rtc: Tegra internal Real Time Clock
[    3.856896] i2c /dev entries driver
[    3.860467] Unable to handle kernel NULL pointer dereference at virtual address 0000009c
[    3.868565] pgd = c0004000
[    3.871266] [0000009c] *pgd=00000000
[    3.874848] Internal error: Oops: 5 [#1] PREEMPT SMP ARM
[    3.880150] Modules linked in:
[    3.883210] CPU: 0 PID: 1 Comm: swapper/0 Tainted: G        W       4.5.0-rc7-next-20160314-81361-g4342eec #1
[    3.893104] Hardware name: NVIDIA Tegra SoC (Flattened Device Tree)
[    3.899359] task: ee857380 ti: ee858000 task.ti: ee858000
[    3.904755] PC is at blocking_notifier_chain_register+0x7c/0xd0
[    3.910666] LR is at i2c_dev_init+0x6c/0xdc
[    3.914844] pc : [<c013a114>]    lr : [<c0b20b8c>]    psr: 60000013
[    3.914844] sp : ee859ee0  ip : eeaf5000  fp : 00000000
[    3.926301] r10: 00000000  r9 : c0b3b83c  r8 : c0b20b20
[    3.931518] r7 : c0c5f000  r6 : ee0464c0  r5 : c0c31ec0  r4 : 00000084
[    3.938034] r3 : 00000000  r2 : 00000001  r1 : c0c31ec0  r0 : 00000084
[    3.944551] Flags: nZCv  IRQs on  FIQs on  Mode SVC_32  ISA ARM  Segment none
[    3.951674] Control: 10c5387d  Table: 8000406a  DAC: 00000051
[    3.957411] Process swapper/0 (pid: 1, stack limit = 0xee858210)
[    3.963406] Stack: (0xee859ee0 to 0xee85a000)
[    3.967760] 9ee0: ee046440 00000000 c0cab27c c0b20b8c c086e570 c01ed0f8 c0c0660c c0c0660c
[    3.975927] 9f00: c0c0660c c0101768 efffcc2a c0a746c0 00000000 00000027 00000000 ee859f38
[    3.984093] 9f20: c0138458 c01385e8 efffcc3c c0820594 00000100 c01386dc 00000000 c09f6ac4
[    3.992260] 9f40: c0a743b4 00000000 00000006 00000006 c0c0ae04 efffcbc0 c0b4fc24 00000006
[    4.000427] 9f60: c0b3b830 c0c5f000 00000100 c0b3b83c c0b005a4 c0b00d94 00000006 00000006
[    4.008593] 9f80: 00000000 c0b005a4 00000000 c07d99a0 00000000 00000000 00000000 00000000
[    4.016760] 9fa0: 00000000 c07d99a8 00000000 c0107938 00000000 00000000 00000000 00000000
[    4.024925] 9fc0: 00000000 00000000 00000000 00000000 00000000 00000000 00000000 00000000
[    4.033091] 9fe0: 00000000 00000000 00000000 00000000 00000013 00000000 ffffffff ffffffff
[    4.041264] [<c013a114>] (blocking_notifier_chain_register) from [<c0b20b8c>] (i2c_dev_init+0x6c/0xdc)
[    4.050562] [<c0b20b8c>] (i2c_dev_init) from [<c0101768>] (do_one_initcall+0x84/0x1d4)
[    4.058474] [<c0101768>] (do_one_initcall) from [<c0b00d94>] (kernel_init_freeable+0x11c/0x1e8)
[    4.067164] [<c0b00d94>] (kernel_init_freeable) from [<c07d99a8>] (kernel_init+0x8/0x118)
[    4.075333] [<c07d99a8>] (kernel_init) from [<c0107938>] (ret_from_fork+0x14/0x3c)
[    4.082893] Code: e1a00004 eb008ede e3a00000 e8bd8038 (e5903018) 
[    4.089013] ---[ end trace ac3b8d60e47a781a ]---
[    4.093639] Kernel panic - not syncing: Attempted to kill init! exitcode=0x0000000b
[    4.093639] 
[    4.102765] CPU3: stopping
[    4.105477] CPU: 3 PID: 0 Comm: swapper/3 Tainted: G      D W       4.5.0-rc7-next-20160314-81361-g4342eec #1
[    4.115374] Hardware name: NVIDIA Tegra SoC (Flattened Device Tree)
[    4.121645] [<c010f200>] (unwind_backtrace) from [<c010a874>] (show_stack+0x10/0x14)
[    4.129387] [<c010a874>] (show_stack) from [<c0339174>] (dump_stack+0x84/0xa4)
[    4.136605] [<c0339174>] (dump_stack) from [<c010d998>] (handle_IPI+0x154/0x184)
[    4.143995] [<c010d998>] (handle_IPI) from [<c0101424>] (gic_handle_irq+0x80/0x8c)
[    4.151555] [<c0101424>] (gic_handle_irq) from [<c010b3d4>] (__irq_svc+0x54/0x90)
[    4.159023] Exception stack(0xee881f90 to 0xee881fd8)
[    4.164068] 1f80:                                     00000001 00000000 ee881fe8 c0118d20
[    4.172236] 1fa0: c0c024a0 00000000 c0b545b8 c0c02508 c0c5dcd8 00000001 c0c02500 00000000
[    4.180400] 1fc0: c0b523b8 ee881fe0 c0108374 c0108378 60000013 ffffffff
[    4.187010] [<c010b3d4>] (__irq_svc) from [<c0108378>] (arch_cpu_idle+0x30/0x3c)
[    4.194405] [<c0108378>] (arch_cpu_idle) from [<c01572e8>] (cpu_startup_entry+0x1a4/0x21c)
[    4.202662] [<c01572e8>] (cpu_startup_entry) from [<801014cc>] (0x801014cc)
[    4.209613] CPU1: stopping
[    4.212323] CPU: 1 PID: 0 Comm: swapper/1 Tainted: G      D W       4.5.0-rc7-next-20160314-81361-g4342eec #1
[    4.222221] Hardware name: NVIDIA Tegra SoC (Flattened Device Tree)
[    4.228495] [<c010f200>] (unwind_backtrace) from [<c010a874>] (show_stack+0x10/0x14)
[    4.236237] [<c010a874>] (show_stack) from [<c0339174>] (dump_stack+0x84/0xa4)
[    4.243456] [<c0339174>] (dump_stack) from [<c010d998>] (handle_IPI+0x154/0x184)
[    4.250845] [<c010d998>] (handle_IPI) from [<c0101424>] (gic_handle_irq+0x80/0x8c)
[    4.258406] [<c0101424>] (gic_handle_irq) from [<c010b3d4>] (__irq_svc+0x54/0x90)
[    4.265874] Exception stack(0xee87bf90 to 0xee87bfd8)
[    4.270921] bf80:                                     00000001 00000000 ee87bfe8 c0118d20
[    4.279088] bfa0: c0c024a0 00000000 c0b545b8 c0c02508 c0c5dcd8 00000001 c0c02500 00000000
[    4.287253] bfc0: c0b523b8 ee87bfe0 c0108374 c0108378 60000013 ffffffff
[    4.293863] [<c010b3d4>] (__irq_svc) from [<c0108378>] (arch_cpu_idle+0x30/0x3c)
[    4.301256] [<c0108378>] (arch_cpu_idle) from [<c01572e8>] (cpu_startup_entry+0x1a4/0x21c)
[    4.309512] [<c01572e8>] (cpu_startup_entry) from [<801014cc>] (0x801014cc)
[    4.316463] CPU2: stopping
[    4.319173] CPU: 2 PID: 0 Comm: swapper/2 Tainted: G      D W       4.5.0-rc7-next-20160314-81361-g4342eec #1
[    4.329070] Hardware name: NVIDIA Tegra SoC (Flattened Device Tree)
[    4.335341] [<c010f200>] (unwind_backtrace) from [<c010a874>] (show_stack+0x10/0x14)
[    4.343082] [<c010a874>] (show_stack) from [<c0339174>] (dump_stack+0x84/0xa4)
[    4.350300] [<c0339174>] (dump_stack) from [<c010d998>] (handle_IPI+0x154/0x184)
[    4.357687] [<c010d998>] (handle_IPI) from [<c0101424>] (gic_handle_irq+0x80/0x8c)
[    4.365249] [<c0101424>] (gic_handle_irq) from [<c010b3d4>] (__irq_svc+0x54/0x90)
[    4.372718] Exception stack(0xee87df90 to 0xee87dfd8)
[    4.377763] df80:                                     00000001 00000000 ee87dfe8 c0118d20
[    4.385931] dfa0: c0c024a0 00000000 c0b545b8 c0c02508 c0c5dcd8 00000001 c0c02500 00000000
[    4.394096] dfc0: c0b523b8 ee87dfe0 c0108374 c0108378 60000013 ffffffff
[    4.400706] [<c010b3d4>] (__irq_svc) from [<c0108378>] (arch_cpu_idle+0x30/0x3c)
[    4.408098] [<c0108378>] (arch_cpu_idle) from [<c01572e8>] (cpu_startup_entry+0x1a4/0x21c)
[    4.416353] [<c01572e8>] (cpu_startup_entry) from [<801014cc>] (0x801014cc)
[    4.423310] ---[ end Kernel panic - not syncing: Attempted to kill init! exitcode=0x0000000b
[    4.423310] 
