

U-Boot 2011.03 (Jun 11 2013 - 06:07:37)

T114
Board: NVIDIA Dalmore
DRAM:  2 GiB
MMC:   Tegra2 SD/MMC: 0, Tegra2 SD/MMC: 1
In:    serial
Out:   serial
Err:   serial
Net:   Net Initialization Skipped
No ethernet found.
Hit any key to stop autoboot:  2  1  0 
Dalmore #
Dalmore #usb reset
(Re)start USB...
USB:   Register 10011 NbrPorts 1
USB EHCI 1.10
scanning bus for devices... 2 USB Device(s) found
       scanning bus for storage devices... 0 Storage Device(s) found
       scanning bus for ethernet devices... 1 Ethernet Device(s) found
Dalmore #setenv bootargs 'ignore_loglevel console=ttyS0,115200n8 rw root=/dev/mmcblk0p1 rootwait gpt init=/bin/bash'
Dalmore #setenv ipaddr 192.168.100.100; setenv serverip 192.168.100.1; setenv tftpserverip 192.168.100.1
Dalmore #tftpboot 0x81000000 zImage.tegra_defconfig
Waiting for Ethernet connection... done.
Using asx0 device
TFTP from server 192.168.100.1; our IP address is 192.168.100.100
Filename 'zImage.tegra_defconfig'.
Load address: 0x81000000
Loading: *#################################################  2.8 MiB/s
done
Bytes transferred = 4484360 (446d08 hex)
Dalmore #tftpboot 0x82000000 tegra114-dalmore.dtb
Using asx0 device
TFTP from server 192.168.100.1; our IP address is 192.168.100.100
Filename 'tegra114-dalmore.dtb'.
Load address: 0x82000000
Loading: *#################################################  2.5 MiB/s
done
Bytes transferred = 29073 (7191 hex)
Dalmore #bootz 0x81000000 - 0x82000000
## Flattened Device Tree blob at 82000000
   Booting using the fdt blob at 0x82000000
   Loading Device Tree to 81ff5000, end 81fff190 ... OK

Starting kernel ...

Timer summary in microseconds:
       Mark    Elapsed  Stage
          0          0  awake
  3,003,998  3,003,998  usb_start
  7,007,042  4,003,044  eth_start
  7,007,040         -2  tftp start
 10,977,248  3,970,208  tftp done
 13,019,106  2,041,858  start_kernel
Uncompressing Linux... done, booting the kernel.
[    0.000000] Booting Linux on physical CPU 0x0
[    0.000000] Initializing cgroup subsys cpu
[    0.000000] Initializing cgroup subsys cpuacct
[    0.000000] Linux version 3.11.0-rc7-next-20130902-10723-g110d245 (pwalmsley@tamien) (gcc version 4.5.1 (Sourcery G++ Lite 2010.09-50) ) #1 SMP PREEMPT Mon Sep 2 02:48:07 PDT 2013
[    0.000000] CPU: ARMv7 Processor [412fc0f2] revision 2 (ARMv7), cr=10c5387d
[    0.000000] CPU: PIPT / VIPT nonaliasing data cache, PIPT instruction cache
[    0.000000] Machine: NVIDIA Tegra SoC (Flattened Device Tree), model: NVIDIA Tegra114 Dalmore evaluation board
[    0.000000] debug: ignoring loglevel setting.
[    0.000000] Memory policy: ECC disabled, Data cache writealloc
[    0.000000] On node 0 totalpages: 524032
[    0.000000] free_area_init_node: node 0, pgdat c084d000, node_mem_map c08a5000
[    0.000000]   Normal zone: 1520 pages used for memmap
[    0.000000]   Normal zone: 0 pages reserved
[    0.000000]   Normal zone: 194560 pages, LIFO batch:31
[    0.000000]   HighMem zone: 2574 pages used for memmap
[    0.000000]   HighMem zone: 329472 pages, LIFO batch:31
[    0.000000] Tegra Revision: A01 SKU: 0 CPU Process: 1 Core Process: 1
[    0.000000] PERCPU: Embedded 8 pages/cpu @c18bd000 s9088 r8192 d15488 u32768
[    0.000000] pcpu-alloc: s9088 r8192 d15488 u32768 alloc=8*4096
[    0.000000] pcpu-alloc: [0] 0 [0] 1 [0] 2 [0] 3 
[    0.000000] Built 1 zonelists in Zone order, mobility grouping on.  Total pages: 522512
[    0.000000] Kernel command line: ignore_loglevel console=ttyS0,115200n8 rw root=/dev/mmcblk0p1 rootwait gpt init=/bin/bash
[    0.000000] PID hash table entries: 4096 (order: 2, 16384 bytes)
[    0.000000] Dentry cache hash table entries: 131072 (order: 7, 524288 bytes)
[    0.000000] Inode-cache hash table entries: 65536 (order: 6, 262144 bytes)
[    0.000000] Memory: 2069820K/2096128K available (6107K kernel code, 305K rwdata, 1816K rodata, 236K init, 343K bss, 26308K reserved, 1317888K highmem)
[    0.000000] Virtual kernel memory layout:
[    0.000000]     vector  : 0xffff0000 - 0xffff1000   (   4 kB)
[    0.000000]     fixmap  : 0xfff00000 - 0xfffe0000   ( 896 kB)
[    0.000000]     vmalloc : 0xf0000000 - 0xff000000   ( 240 MB)
[    0.000000]     lowmem  : 0xc0000000 - 0xef800000   ( 760 MB)
[    0.000000]     pkmap   : 0xbfe00000 - 0xc0000000   (   2 MB)
[    0.000000]     modules : 0xbf000000 - 0xbfe00000   (  14 MB)
[    0.000000]       .text : 0xc0008000 - 0xc07c5334   (7925 kB)
[    0.000000]       .init : 0xc07c6000 - 0xc0801380   ( 237 kB)
[    0.000000]       .data : 0xc0802000 - 0xc084e640   ( 306 kB)
[    0.000000]        .bss : 0xc084e64c - 0xc08a43bc   ( 344 kB)
[    0.000000] Preemptible hierarchical RCU implementation.
[    0.000000] NR_IRQS:16 nr_irqs:16 16
[    0.000000] sched_clock: 32 bits at 1MHz, resolution 1000ns, wraps every 4294967ms
[    0.000000] Architected cp15 timer(s) running at 12.00MHz (virt).
[    0.000000] Switching to timer-based delay loop
[    0.000000] sched_clock: ARM arch timer >56 bits at 12000kHz, resolution 83ns
[    0.000000] Console: colour dummy device 80x30
[   13.025858] Calibrating delay loop (skipped), value calculated using timer frequency.. 24.00 BogoMIPS (lpj=120000)
[   13.025875] pid_max: default: 32768 minimum: 301
[   13.026310] Mount-cache hash table entries: 512
[   13.044788] Initializing cgroup subsys debug
[   13.044815] Initializing cgroup subsys freezer
[   13.044872] CPU: Testing write buffer coherency: ok
[   13.045236] /cpus/cpu@0 missing clock-frequency property
[   13.045263] /cpus/cpu@1 missing clock-frequency property
[   13.045289] /cpus/cpu@2 missing clock-frequency property
[   13.045316] /cpus/cpu@3 missing clock-frequency property
[   13.045330] CPU0: thread -1, cpu 0, socket 0, mpidr 80000000
[   13.045358] Setting up static identity map for 0xc05cfeb8 - 0xc05cff50
[   13.105903] CPU1: Booted secondary processor
[   13.105934] CPU1: thread -1, cpu 1, socket 0, mpidr 80000001
[   13.125845] CPU2: Booted secondary processor
[   13.125870] CPU2: thread -1, cpu 2, socket 0, mpidr 80000002
[   13.145784] CPU3: Booted secondary processor
[   13.145808] CPU3: thread -1, cpu 3, socket 0, mpidr 80000003
[   13.145913] Brought up 4 CPUs
[   13.145943] SMP: Total of 4 processors activated (96.00 BogoMIPS).
[   13.145951] CPU: All CPU(s) started in SVC mode.
[   13.146959] devtmpfs: initialized
[   13.159886] VFP support v0.3: implementor 41 architecture 4 part 30 variant f rev 0
[   13.160261] pinctrl core: initialized pinctrl subsystem
[   13.160785] regulator-dummy: no parameters
[   13.163478] NET: Registered protocol family 16
[   13.163748] DMA: preallocated 256 KiB pool for atomic coherent allocations
[   13.164507] cpuidle: using governor ladder
[   13.164518] cpuidle: using governor menu
[   13.175313] No ATAGs?
[   13.175343] hw-breakpoint: found 5 (+1 reserved) breakpoint and 4 watchpoint registers.
[   13.175354] hw-breakpoint: maximum watchpoint size is 8 bytes.
[   13.186546] bio: create slab <bio-0> at 0
[   13.187995] vdd_ac_bat: 5000 mV 
[   13.188317] dvdd_ts: Failed to request enable GPIO61: -517
[   13.188477] reg-fixed-voltage 1.regulator: Failed to register regulator: -517
[   13.188500] platform 1.regulator: Driver reg-fixed-voltage requests probe deferral
[   13.188697] lcd_bl_en: Failed to request enable GPIO58: -517
[   13.188839] reg-fixed-voltage 2.regulator: Failed to register regulator: -517
[   13.188861] platform 2.regulator: Driver reg-fixed-voltage requests probe deferral
[   13.189057] usb1_vbus: Failed to request enable GPIO108: -517
[   13.189196] reg-fixed-voltage 3.regulator: Failed to register regulator: -517
[   13.189218] platform 3.regulator: Driver reg-fixed-voltage requests probe deferral
[   13.189412] usb2_vbus: Failed to request enable GPIO86: -517
[   13.189550] reg-fixed-voltage 4.regulator: Failed to register regulator: -517
[   13.189571] platform 4.regulator: Driver reg-fixed-voltage requests probe deferral
[   13.189763] vdd_hdmi_5v0: Failed to request enable GPIO81: -517
[   13.189902] reg-fixed-voltage 5.regulator: Failed to register regulator: -517
[   13.189923] platform 5.regulator: Driver reg-fixed-voltage requests probe deferral
[   13.189998] platform 6.regulator: Driver reg-fixed-voltage requests probe deferral
[   13.191013] vgaarb: loaded
[   13.192107] SCSI subsystem initialized
[   13.192485] usbcore: registered new interface driver usbfs
[   13.192586] usbcore: registered new interface driver hub
[   13.192747] usbcore: registered new device driver usb
[   13.196645] vdd-cpu: 500 <--> 1520 mV at 1100 mV 
[   13.197278] tps65090 1-0048: No cache defaults, reading back from HW
[   13.203655] vdd-sys-5v0: no parameters
[   13.203702] vdd-sys-5v0: supplied by vdd_ac_bat
[   13.205141] vdd-sys-3v3: no parameters
[   13.205189] vdd-sys-3v3: supplied by vdd_ac_bat
[   13.206622] vdd-ao: no parameters
[   13.206659] vdd-ao: supplied by vdd_ac_bat
[   13.206911] vdd-lcd-bl: no parameters
[   13.206947] vdd-lcd-bl: supplied by vdd_ac_bat
[   13.207196] TPS65090_RAILSFET2: no parameters
[   13.207232] TPS65090_RAILSFET2: supplied by vdd_ac_bat
[   13.207476] vdd-modem-3v3: no parameters
[   13.207510] vdd-modem-3v3: supplied by vdd-sys-3v3
[   13.207778] avdd-lcd: no parameters
[   13.207810] avdd-lcd: supplied by vdd-sys-3v3
[   13.208062] vdd-lvds: no parameters
[   13.208095] vdd-lvds: supplied by vdd-sys-3v3
[   13.208340] vdd-sd-slot: no parameters
[   13.208384] vdd-sd-slot: supplied by vdd-sys-3v3
[   13.208641] vdd-com-3v3: no parameters
[   13.208674] vdd-com-3v3: supplied by vdd-sys-3v3
[   13.208910] vdd-sby-5v0: no parameters
[   13.208944] vdd-sby-5v0: supplied by vdd_ac_bat
[   13.209191] vdd-sby-3v3: no parameters
[   13.209224] vdd-sby-3v3: supplied by vdd_ac_bat
[   13.209592] genirq: Setting trigger mode 8 for irq 118 failed (gic_set_type+0x0/0xf0)
[   13.210022] palmas 1-0058: Irq flag is 0x00000000
[   13.224303] palmas 1-0058: Muxing GPIO ff, PWM 0, LED 0
[   13.233268] vddio-ddr: 1350 mV 
[   13.234111] vddio-ddr: supplied by vdd-ao
[   13.241082] vddio-1v8: 1800 mV 
[   13.241924] vddio-1v8: supplied by vdd-ao
[   13.248875] vdd-core: 900 <--> 1400 mV at 1100 mV 
[   13.249715] vdd-core: supplied by vdd-sys-3v3
[   13.253913] SMPS6: no parameters
[   13.261632] avdd-pll: 1050 mV 
[   13.262475] avdd-pll: supplied by vdd-sys-3v3
[   13.270817] sdhci-vdd-sd-slot: 2800 mV 
[   13.271658] sdhci-vdd-sd-slot: supplied by vdd-sys-3v3
[   13.273502] SMPS10_OUT2: at 5000 mV 
[   13.275315] SMPS10_OUT1: at 5000 mV 
[   13.277928] avdd-cam1: 2800 mV 
[   13.278769] avdd-cam1: supplied by vdd-sys-3v3
[   13.282785] avdd-cam2: 2800 mV 
[   13.283622] avdd-cam2: supplied by vdd-sys-3v3
[   13.288400] avdd-dsi-csi: 1200 mV 
[   13.289239] avdd-dsi-csi: supplied by vddio-1v8
[   13.294038] vpp-fuse: 1800 mV 
[   13.294879] vpp-fuse: supplied by vdd-sys-3v3
[   13.298085] LDO5: at 1200 mV 
[   13.298930] LDO5: supplied by vdd_ac_bat
[   13.301593] vdd-sensor-2v85: 2850 mV 
[   13.302432] vdd-sensor-2v85: supplied by vdd-sys-3v3
[   13.306442] vdd-af-cam1: 2800 mV 
[   13.307283] vdd-af-cam1: supplied by vdd-sys-3v3
[   13.315386] vdd-rtc: 900 mV 
[   13.316224] vdd-rtc: supplied by vdd-ao
[   13.320226] vddio-sdmmc-2: 1800 <--> 3300 mV at 3300 mV 
[   13.321066] vddio-sdmmc-2: supplied by sdhci-vdd-sd-slot
[   13.325871] hvdd-usb: 3300 mV 
[   13.326710] hvdd-usb: supplied by vdd-sys-5v0
[   13.331497] avdd-usb: 3300 mV 
[   13.332338] avdd-usb: supplied by vdd-sys-5v0
[   13.335643] rail-3v3: no parameters
[   13.338014] rail-5v0: no parameters
[   13.339599] REGEN3: no parameters
[   13.339806] SYSEN1: no parameters
[   13.339994] SYSEN2: no parameters
[   13.340472] Linux video capture interface: v2.00
[   13.341180] platform 7000f010.iommu: Driver tegra-smmu requests probe deferral
[   13.341475] Advanced Linux Sound Architecture Driver Initialized.
[   13.342247] Bluetooth: Core ver 2.16
[   13.342319] NET: Registered protocol family 31
[   13.342327] Bluetooth: HCI device and connection manager initialized
[   13.342353] Bluetooth: HCI socket layer initialized
[   13.342375] Bluetooth: L2CAP socket layer initialized
[   13.342423] Bluetooth: SCO socket layer initialized
[   13.343151] cfg80211: Calling CRDA to update world regulatory domain
[   13.344263] Switched to clocksource arch_sys_counter
[   13.358432] NET: Registered protocol family 2
[   13.359343] TCP established hash table entries: 8192 (order: 4, 65536 bytes)
[   13.359541] TCP bind hash table entries: 8192 (order: 4, 65536 bytes)
[   13.359719] TCP: Hash tables configured (established 8192 bind 8192)
[   13.360162] TCP: reno registered
[   13.360180] UDP hash table entries: 512 (order: 2, 16384 bytes)
[   13.360222] UDP-Lite hash table entries: 512 (order: 2, 16384 bytes)
[   13.360637] NET: Registered protocol family 1
[   13.361359] RPC: Registered named UNIX socket transport module.
[   13.361370] RPC: Registered udp transport module.
[   13.361378] RPC: Registered tcp transport module.
[   13.361385] RPC: Registered tcp NFSv4.1 backchannel transport module.
[   13.361398] PCI: CLS 0 bytes, default 64
[   13.365149] bounce pool size: 64 pages
[   13.366820] squashfs: version 4.0 (2009/01/31) Phillip Lougher
[   13.367623] msgmni has been set to 1468
[   13.369278] io scheduler noop registered (default)
[   13.380890] tegra-apbdma 6000a000.dma: Tegra20 APB DMA driver register 32 channels
[   13.381437] Serial: 8250/16550 driver, 4 ports, IRQ sharing disabled
[   13.383534] 70006300.serial: ttyS0 at MMIO 0x70006300 (irq = 122, base_baud = 25500000) is a Tegra
[   14.408374] console [ttyS0] enabled
[   14.412747] [drm] Initialized drm 1.1.0 20060810
[   14.423077] loop: module loaded
[   14.428819] m25p80 spi32766.0: w25q32dw (4096 Kbytes)
[   14.435703] pegasus: v0.9.3 (2013/04/25), Pegasus/Pegasus II USB Ethernet driver
[   14.443155] usbcore: registered new interface driver pegasus
[   14.448870] usbcore: registered new interface driver asix
[   14.454329] usbcore: registered new interface driver ax88179_178a
[   14.460494] usbcore: registered new interface driver cdc_ether
[   14.466362] usbcore: registered new interface driver r815x
[   14.471923] usbcore: registered new interface driver smsc75xx
[   14.477723] usbcore: registered new interface driver smsc95xx
[   14.483520] usbcore: registered new interface driver net1080
[   14.489213] usbcore: registered new interface driver cdc_subset
[   14.495196] usbcore: registered new interface driver zaurus
[   14.500867] usbcore: registered new interface driver cdc_ncm
[   14.506531] ehci_hcd: USB 2.0 'Enhanced' Host Controller (EHCI) Driver
[   14.513039] ehci-pci: EHCI PCI platform driver
[   14.517526] tegra-ehci: Tegra EHCI driver
[   14.521730] platform 7d008000.usb: Driver tegra-ehci requests probe deferral
[   14.529024] usbcore: registered new interface driver cdc_acm
[   14.534668] cdc_acm: USB Abstract Control Model driver for USB modems and ISDN adapters
[   14.542707] usbcore: registered new interface driver cdc_wdm
[   14.548434] usbcore: registered new interface driver usb-storage
[   14.554656] platform 7d008000.usb-phy: Driver tegra-phy requests probe deferral
[   14.562510] mousedev: PS/2 mouse device common for all mice
[   14.580184] palmas-rtc rtc.7: rtc core: registered rtc.7 as rtc0
[   14.590541] tegra_rtc 7000e000.rtc: rtc core: registered 7000e000.rtc as rtc1
[   14.597674] tegra_rtc 7000e000.rtc: Tegra internal Real Time Clock
[   14.605248] sbs-battery 0-000b: sbs_probe: Failed to get device status
[   14.611770] sbs-battery: probe of 0-000b failed with error -121
[   14.621375] sdhci: Secure Digital Host Controller Interface driver
[   14.627520] sdhci: Copyright(c) Pierre Ossman
[   14.631870] sdhci-pltfm: SDHCI platform and OF driver helper
[   14.637912] sdhci-tegra 78000400.sdhci: Got CD GPIO #170.
[   14.644358] mmc0: no vqmmc regulator found
[   14.648438] mmc0: no vmmc regulator found
[   14.652442] mmc0: Invalid maximum block size, assuming 512 bytes
[   14.698843] mmc0: SDHCI controller on 78000400.sdhci [78000400.sdhci] using ADMA
[   14.708389] mmc1: no vqmmc regulator found
[   14.712487] mmc1: no vmmc regulator found
[   14.716475] mmc1: Invalid maximum block size, assuming 512 bytes
[   14.758601] mmc1: SDHCI controller on 78000600.sdhci [78000600.sdhci] using ADMA
[   14.766658] usbcore: registered new interface driver usbhid
[   14.774261] usbhid: USB HID core driver
[   14.890377] mmc1: BKOPS_EN bit is not set
[   14.920784] mmc1: new HS200 MMC card at address 0001
[   14.926305] mmcblk0: mmc1:0001 SEM32G 29.1 GiB 
[   14.931161] mmcblk0boot0: mmc1:0001 SEM32G partition 1 4.00 MiB
[   14.937354] mmcblk0boot1: mmc1:0001 SEM32G partition 2 4.00 MiB
[   14.943530] mmcblk0rpmb: mmc1:0001 SEM32G partition 3 4.00 MiB
[   14.951858] Primary GPT is invalid, using alternate GPT.
[   14.957163]  mmcblk0: p1 p2 p3 p4 p5
[   14.964084]  mmcblk0boot1: unknown partition table
[   14.970527]  mmcblk0boot0: unknown partition table
[   15.218169] tegra-snd-rt5640 sound.4:  rt5640-aif1 <-> 70080400.i2s mapping ok
[   15.230166] input: NVIDIA Tegra Dalmore Headphones as /devices/soc0/sound.4/sound/card0/input0
[   15.240354] TCP: cubic registered
[   15.243930] NET: Registered protocol family 10
[   15.249747] mip6: Mobile IPv6
[   15.252702] sit: IPv6 over IPv4 tunneling driver
[   15.259111] NET: Registered protocol family 17
[   15.263572] NET: Registered protocol family 15
[   15.268197] Bluetooth: RFCOMM socket layer initialized
[   15.273310] Bluetooth: RFCOMM ver 1.11
[   15.277055] Bluetooth: BNEP (Ethernet Emulation) ver 1.3
[   15.282352] Bluetooth: BNEP socket layer initialized
[   15.287303] Bluetooth: HIDP (Human Interface Emulation) ver 1.2
[   15.293204] Bluetooth: HIDP socket layer initialized
[   15.298766] Registering SWP/SWPB emulation handler
[   15.308205] hvdd-usb: disabling
[   15.313734] vdd-af-cam1: disabling
[   15.319851] vdd-sensor-2v85: disabling
[   15.326104] LDO5: disabling
[   15.331619] vpp-fuse: disabling
[   15.337272] avdd-cam2: disabling
[   15.343188] avdd-cam1: disabling
[   15.350237] vdd-com-3v3: disabling
[   15.354216] vdd-lvds: disabling
[   15.357952] avdd-lcd: disabling
[   15.361678] vdd-lcd-bl: disabling
[   15.366289] dvdd_ts: 1800 mV 
[   15.369831] lcd_bl_en: 5000 mV 
[   15.373364] usb1_vbus: 5000 mV 
[   15.376626] usb1_vbus: supplied by vdd-sys-5v0
[   15.381547] usb2_vbus: 5000 mV 
[   15.384724] usb2_vbus: supplied by vdd-sys-5v0
[   15.389566] vdd_hdmi_5v0: 5000 mV 
[   15.392979] vdd_hdmi_5v0: supplied by vdd-sys-5v0
[   15.400039] vdd_cam_1v8_reg: 1800 mV 
[   15.404221] platform 7d008000.usb: Driver tegra-ehci requests probe deferral
[   15.412004] tegra-ehci 7d008000.usb: EHCI Host Controller
[   15.417418] tegra-ehci 7d008000.usb: new USB bus registered, assigned bus number 1
[   15.425127] tegra-ehci 7d008000.usb: irq 129, io mem 0x7d008000
[   15.445970] tegra-ehci 7d008000.usb: USB 2.0 started, EHCI 1.10
[   15.453319] hub 1-0:1.0: USB hub found
[   15.457163] hub 1-0:1.0: 1 port detected
[   15.461868] gpiod_set_debounce: missing set() or set_debounce() operations
[   15.468764] Unable to handle kernel NULL pointer dereference at virtual address 00000000
[   15.476901] pgd = c0004000
[   15.479608] [00000000] *pgd=00000000
[   15.483190] Internal error: Oops: 80000005 [#1] PREEMPT SMP ARM
[   15.489077] Modules linked in:
[   15.492128] CPU: 0 PID: 1 Comm: swapper/0 Not tainted 3.11.0-rc7-next-20130902-10723-g110d245 #1
[   15.500865] task: ef07ea40 ti: ef098000 task.ti: ef098000
[   15.506234] PC is at 0x0
[   15.508764] LR is at gpio_set_debounce+0xa0/0xf4
[   15.513357] pc : [<00000000>]    lr : [<c024a49c>]    psr: 60000113
[   15.513357] sp : ef099e08  ip : ffffffbb  fp : ee882424
[   15.524768] r10: 00000000  r9 : ee87d000  r8 : 00001388
[   15.529962] r7 : a0000113  r6 : 00000000  r5 : c081b9b4  r4 : 000000cf
[   15.536453] r3 : 0044ffbb  r2 : 00001388  r1 : 00000045  r0 : c081b9b4
[   15.542943] Flags: nZCv  IRQs on  FIQs on  Mode SVC_32  ISA ARM  Segment kernel
[   15.550211] Control: 10c5387d  Table: 8000406a  DAC: 00000015
[   15.555923] Process swapper/0 (pid: 1, stack limit = 0xef098240)
[   15.561895] Stack: (0xef099e08 to 0xef09a000)
[   15.566230] 9e00:                   ee86a2dc ee882400 ee882400 ee86a2c0 00000000 c03a800c
[   15.574363] 9e20: ef07ea40 ee8857b8 00000000 00000000 c1ffb204 00000000 c073bc28 c03a8464
[   15.582497] 9e40: ef198c10 ef198c00 ef197810 00000001 c0896b98 ef198c10 c0896b98 c0896ba0
[   15.590629] 9e60: 00000000 00000000 000000b9 c08324e0 00000000 c02f1480 c02f1468 c02f0154
[   15.598763] 9e80: ef07ea40 ef198c10 c08324e0 ef198c44 00000000 c07c6428 c07fe06c c02f0374
[   15.606895] 9ea0: c08324e0 c02f02e8 00000000 c02ee838 ef0870e0 ef1942f4 c08324e0 c0828c38
[   15.615026] 9ec0: ee87bdc0 c02ef960 c073be40 ef098000 ef087080 c08324e0 00000000 ef098000
[   15.623159] 9ee0: 00000000 c07c6428 c07fe06c c02f0988 00000000 c07df8bc 00000007 c0008948
[   15.631291] 9f00: 000000bf c05d86cc ef130840 c0888360 c07f3c00 00000001 c0795dc4 c0811dd8
[   15.639423] 9f20: 60000113 00000000 c05ed7cc c0795dc4 c0796954 c00413a8 ef099f64 00000000
[   15.647555] 9f40: c06f566c 00000000 00000007 00000007 c0811dc8 c07f3c5c 00000007 c084e680
[   15.655688] 9f60: c07f3c3c c07c6428 000000b9 c07fe06c 00000000 c07c6bac 00000007 00000007
[   15.663820] 9f80: c07c6428 db7ffff7 00000000 c05c7728 00000000 00000000 00000000 00000000
[   15.671952] 9fa0: 00000000 c05c7730 00000000 c000ed18 00000000 00000000 00000000 00000000
[   15.680084] 9fc0: 00000000 00000000 00000000 00000000 00000000 00000000 00000000 00000000
[   15.688216] 9fe0: 00000000 00000000 00000000 00000000 00000013 00000000 fffffdff d7fffffd
[   15.696367] [<c024a49c>] (gpio_set_debounce+0xa0/0xf4) from [<c03a800c>] (gpio_keys_probe+0x40c/0x73c)
[   15.705633] [<c03a800c>] (gpio_keys_probe+0x40c/0x73c) from [<c02f1480>] (platform_drv_probe+0x18/0x1c)
[   15.714983] [<c02f1480>] (platform_drv_probe+0x18/0x1c) from [<c02f0154>] (driver_probe_device+0x98/0x22c)
[   15.724588] [<c02f0154>] (driver_probe_device+0x98/0x22c) from [<c02f0374>] (__driver_attach+0x8c/0x90)
[   15.733935] [<c02f0374>] (__driver_attach+0x8c/0x90) from [<c02ee838>] (bus_for_each_dev+0x64/0x88)
[   15.742939] [<c02ee838>] (bus_for_each_dev+0x64/0x88) from [<c02ef960>] (bus_add_driver+0x23c/0x2c4)
[   15.752026] [<c02ef960>] (bus_add_driver+0x23c/0x2c4) from [<c02f0988>] (driver_register+0x78/0xf4)
[   15.761027] [<c02f0988>] (driver_register+0x78/0xf4) from [<c0008948>] (do_one_initcall+0x34/0x148)
[   15.770030] [<c0008948>] (do_one_initcall+0x34/0x148) from [<c07c6bac>] (kernel_init_freeable+0x12c/0x1d0)
[   15.779639] [<c07c6bac>] (kernel_init_freeable+0x12c/0x1d0) from [<c05c7730>] (kernel_init+0x8/0xe8)
[   15.788729] [<c05c7730>] (kernel_init+0x8/0xe8) from [<c000ed18>] (ret_from_fork+0x14/0x3c)
[   15.797035] Code: bad PC value
[   15.800347] ---[ end trace 214547a43f871b35 ]---
[   15.805065] Kernel panic - not syncing: Attempted to kill init! exitcode=0x0000000b
[   15.805065] 
[   15.814185] CPU2: stopping
[   15.816898] CPU: 2 PID: 0 Comm: swapper/2 Tainted: G      D      3.11.0-rc7-next-20130902-10723-g110d245 #1
[   15.826619] [<c0016858>] (unwind_backtrace+0x0/0xf8) from [<c001216c>] (show_stack+0x10/0x14)
[   15.835112] [<c001216c>] (show_stack+0x10/0x14) from [<c05cae44>] (dump_stack+0x80/0xc4)
[   15.843168] [<c05cae44>] (dump_stack+0x80/0xc4) from [<c0015140>] (handle_IPI+0x110/0x120)
[   15.851392] [<c0015140>] (handle_IPI+0x110/0x120) from [<c0008724>] (gic_handle_irq+0x58/0x5c)
[   15.859964] [<c0008724>] (gic_handle_irq+0x58/0x5c) from [<c0012d20>] (__irq_svc+0x40/0x70)
[   15.868266] Exception stack(0xef0b7f88 to 0xef0b7fd0)
[   15.873291] 7f80:                   ffffffed 010ce000 c080b968 00000000 ef0b6000 c084e4c7
[   15.881425] 7fa0: c080a44c c05d2114 c084e4c7 412fc0f2 00000001 00000000 c0873968 ef0b7fd0
[   15.889555] 7fc0: c000f880 c000f878 60000113 ffffffff
[   15.894589] [<c0012d20>] (__irq_svc+0x40/0x70) from [<c000f878>] (arch_cpu_idle+0x2c/0x38)
[   15.902816] [<c000f878>] (arch_cpu_idle+0x2c/0x38) from [<c00676b8>] (cpu_startup_entry+0xa8/0x134)
[   15.911818] [<c00676b8>] (cpu_startup_entry+0xa8/0x134) from [<800087c4>] (0x800087c4)
[   15.919691] CPU3: stopping
[   15.922391] CPU: 3 PID: 0 Comm: swapper/3 Tainted: G      D      3.11.0-rc7-next-20130902-10723-g110d245 #1
[   15.932095] [<c0016858>] (unwind_backtrace+0x0/0xf8) from [<c001216c>] (show_stack+0x10/0x14)
[   15.940583] [<c001216c>] (show_stack+0x10/0x14) from [<c05cae44>] (dump_stack+0x80/0xc4)
[   15.948636] [<c05cae44>] (dump_stack+0x80/0xc4) from [<c0015140>] (handle_IPI+0x110/0x120)
[   15.956859] [<c0015140>] (handle_IPI+0x110/0x120) from [<c0008724>] (gic_handle_irq+0x58/0x5c)
[   15.965429] [<c0008724>] (gic_handle_irq+0x58/0x5c) from [<c0012d20>] (__irq_svc+0x40/0x70)
[   15.973733] Exception stack(0xef0b9f88 to 0xef0b9fd0)
[   15.978759] 9f80:                   ffffffed 010d6000 c080b968 00000000 ef0b8000 c084e4c7
[   15.986892] 9fa0: c080a44c c05d2114 c084e4c7 412fc0f2 00000001 00000000 c0873968 ef0b9fd0
[   15.995022] 9fc0: c000f880 c000f878 60000113 ffffffff
[   16.000056] [<c0012d20>] (__irq_svc+0x40/0x70) from [<c000f878>] (arch_cpu_idle+0x2c/0x38)
[   16.008281] [<c000f878>] (arch_cpu_idle+0x2c/0x38) from [<c00676b8>] (cpu_startup_entry+0xa8/0x134)
[   16.017280] [<c00676b8>] (cpu_startup_entry+0xa8/0x134) from [<800087c4>] (0x800087c4)
[   16.025152] CPU1: stopping
[   16.027852] CPU: 1 PID: 0 Comm: swapper/1 Tainted: G      D      3.11.0-rc7-next-20130902-10723-g110d245 #1
[   16.037553] [<c0016858>] (unwind_backtrace+0x0/0xf8) from [<c001216c>] (show_stack+0x10/0x14)
[   16.046039] [<c001216c>] (show_stack+0x10/0x14) from [<c05cae44>] (dump_stack+0x80/0xc4)
[   16.054092] [<c05cae44>] (dump_stack+0x80/0xc4) from [<c0015140>] (handle_IPI+0x110/0x120)
[   16.062315] [<c0015140>] (handle_IPI+0x110/0x120) from [<c0008724>] (gic_handle_irq+0x58/0x5c)
[   16.070884] [<c0008724>] (gic_handle_irq+0x58/0x5c) from [<c0012d20>] (__irq_svc+0x40/0x70)
[   16.079186] Exception stack(0xef0b5f48 to 0xef0b5f90)
[   16.084211] 5f40:                   ef0b5f90 000001b4 a64a79aa 00000000 a5bebbe6 00000000
[   16.092345] 5f60: c18c60a0 00000001 00000001 412fc0f2 00000001 00000000 3b9aca00 ef0b5f90
[   16.100475] 5f80: c03f93a0 c03d9084 60000113 ffffffff
[   16.105520] [<c0012d20>] (__irq_svc+0x40/0x70) from [<c03d9084>] (cpuidle_enter_state+0x50/0xf0)
[   16.114267] [<c03d9084>] (cpuidle_enter_state+0x50/0xf0) from [<c03d924c>] (cpuidle_idle_call+0x128/0x184)
[   16.123874] [<c03d924c>] (cpuidle_idle_call+0x128/0x184) from [<c000f854>] (arch_cpu_idle+0x8/0x38)
[   16.132875] [<c000f854>] (arch_cpu_idle+0x8/0x38) from [<c00676b8>] (cpu_startup_entry+0xa8/0x134)
[   16.141786] [<c00676b8>] (cpu_startup_entry+0xa8/0x134) from [<800087c4>] (0x800087c4)
