
U-Boot SPL 2014.01-00219-gc4d376f (Feb 18 2014 - 19:57:32)


U-Boot 2014.01-00219-gc4d376f (Feb 18 2014 - 19:57:32)

TEGRA114
Board: NVIDIA Dalmore
I2C:   ready
DRAM:  2 GiB
MMC:   Tegra SD/MMC: 0, Tegra SD/MMC: 1
In:    serial
Out:   serial
Err:   serial
Net:   Net Initialization Skipped
No ethernet found.
Hit any key to stop autoboot:  2  0 
Tegra114 (Dalmore) # 
Tegra114 (Dalmore) # usb reset
(Re)start USB...
USB0:   USB EHCI 1.10
scanning bus 0 for devices... 2 USB Device(s) found
       scanning usb for storage devices... 0 Storage Device(s) found
       scanning usb for ethernet devices... 
Warning: asx0 using MAC address from net device
1 Ethernet Device(s) found
Tegra114 (Dalmore) # setenv bootargs 'ignore_loglevel console=ttyS0,115200n8 rw root=PARTUUID=7369c667-ff51-ec4a-29cd-baabf2fbe346 rootwait gpt debug earlyprintk init=/bin/bash'
Tegra114 (Dalmore) # setenv ipaddr 192.168.100.100; setenv serverip 192.168.100.1; setenv tftpserverip 192.168.100.1
Tegra114 (Dalmore) # tftpboot 0x81000000 zImage.multi_v7_defconfig
Using asx0 device
TFTP from server 192.168.100.1; our IP address is 192.168.100.100
Filename 'zImage.multi_v7_defconfig'.
Load address: 0x81000000
Loading: *#################################################################
	 #################################################################
	 #################################################################
	 #################################################################
	 #################################################################
	 #################################################################
	 #################################################################
	 #################################################################
	 #############################
	 3.2 MiB/s
done
Bytes transferred = 8057344 (7af200 hex)
Tegra114 (Dalmore) # tftpboot 0x82000000 tegra114-dalmore.dtb
Using asx0 device
TFTP from server 192.168.100.1; our IP address is 192.168.100.100
Filename 'tegra114-dalmore.dtb'.
Load address: 0x82000000
Loading: *###
	 3.3 MiB/s
done
Bytes transferred = 34502 (86c6 hex)
Tegra114 (Dalmore) # bootz 0x81000000 - 0x82000000
Kernel image @ 0x81000000 [ 0x000000 - 0x7af200 ]
## Flattened Device Tree blob at 82000000
   Booting using the fdt blob at 0x82000000
   Loading Device Tree to 8fff4000, end 8ffff6c5 ... OK

Starting kernel ...

[    0.000000] Booting Linux on physical CPU 0x0
[    0.000000] Linux version 4.14.0-next-20171116-333567-g785be731fbc6 (jonathanh@tamien) (gcc version 4.7.3 20130328 (prerelease) (crosstool-NG linaro-1.13.1-4.7-2013.04-20130415 - Linaro GCC 2013.04)) #1 SMP Wed Nov 15 20:18:22 PST 2017
[    0.000000] CPU: ARMv7 Processor [412fc0f2] revision 2 (ARMv7), cr=10c5387d
[    0.000000] CPU: div instructions available: patching division code
[    0.000000] CPU: PIPT / VIPT nonaliasing data cache, PIPT instruction cache
[    0.000000] OF: fdt: Machine model: NVIDIA Tegra114 Dalmore evaluation board
[    0.000000] debug: ignoring loglevel setting.
[    0.000000] Memory policy: Data cache writealloc
[    0.000000] efi: Getting EFI parameters from FDT:
[    0.000000] efi: UEFI not found.
[    0.000000] cma: Reserved 64 MiB at 0xfb800000
[    0.000000] On node 0 totalpages: 524032
[    0.000000] free_area_init_node: node 0, pgdat c16807c0, node_mem_map eeff8000
[    0.000000]   DMA zone: 1536 pages used for memmap
[    0.000000]   DMA zone: 0 pages reserved
[    0.000000]   DMA zone: 196608 pages, LIFO batch:31
[    0.000000]   HighMem zone: 327424 pages, LIFO batch:31
[    0.000000] random: fast init done
[    0.000000] percpu: Embedded 17 pages/cpu @eef9b000 s39168 r8192 d22272 u69632
[    0.000000] pcpu-alloc: s39168 r8192 d22272 u69632 alloc=17*4096
[    0.000000] pcpu-alloc: [0] 0 [0] 1 [0] 2 [0] 3 
[    0.000000] Built 1 zonelists, mobility grouping on.  Total pages: 522496
[    0.000000] Kernel command line: ignore_loglevel console=ttyS0,115200n8 rw root=PARTUUID=7369c667-ff51-ec4a-29cd-baabf2fbe346 rootwait gpt debug earlyprintk init=/bin/bash
[    0.000000] Dentry cache hash table entries: 131072 (order: 7, 524288 bytes)
[    0.000000] Inode-cache hash table entries: 65536 (order: 6, 262144 bytes)
[    0.000000] Memory: 1992548K/2096128K available (11264K kernel code, 1602K rwdata, 4296K rodata, 2048K init, 404K bss, 38044K reserved, 65536K cma-reserved, 1244160K highmem)
[    0.000000] Virtual kernel memory layout:
[    0.000000]     vector  : 0xffff0000 - 0xffff1000   (   4 kB)
[    0.000000]     fixmap  : 0xffc00000 - 0xfff00000   (3072 kB)
[    0.000000]     vmalloc : 0xf0800000 - 0xff800000   ( 240 MB)
[    0.000000]     lowmem  : 0xc0000000 - 0xf0000000   ( 768 MB)
[    0.000000]     pkmap   : 0xbfe00000 - 0xc0000000   (   2 MB)
[    0.000000]     modules : 0xbf000000 - 0xbfe00000   (  14 MB)
[    0.000000]       .text : 0xc0208000 - 0xc0e00000   (12256 kB)
[    0.000000]       .init : 0xc1300000 - 0xc1500000   (2048 kB)
[    0.000000]       .data : 0xc1500000 - 0xc1690800   (1602 kB)
[    0.000000]        .bss : 0xc1690800 - 0xc16f5bb4   ( 405 kB)
[    0.000000] SLUB: HWalign=64, Order=0-3, MinObjects=0, CPUs=4, Nodes=1
[    0.000000] Hierarchical RCU implementation.
[    0.000000] 	RCU event tracing is enabled.
[    0.000000] 	RCU restricting CPUs from NR_CPUS=16 to nr_cpu_ids=4.
[    0.000000] RCU: Adjusting geometry for rcu_fanout_leaf=16, nr_cpu_ids=4
[    0.000000] NR_IRQS: 16, nr_irqs: 16, preallocated irqs: 16
[    0.000000] /interrupt-controller@60004000: 160 interrupts forwarded to /interrupt-controller@50041000
[    0.000000] Tegra clk 127: register failed with -17
[    0.000010] sched_clock: 32 bits at 1000kHz, resolution 1000ns, wraps every 2147483647500ns
[    0.000030] clocksource: timer_us: mask: 0xffffffff max_cycles: 0xffffffff, max_idle_ns: 1911260446275 ns
[    0.000045] Switching to timer-based delay loop, resolution 1000ns
[    0.003237] arch_timer: cp15 timer(s) running at 12.00MHz (virt).
[    0.003257] clocksource: arch_sys_counter: mask: 0xffffffffffffff max_cycles: 0x2c47f4ee7, max_idle_ns: 440795202497 ns
[    0.003276] sched_clock: 56 bits at 12MHz, resolution 83ns, wraps every 4398046511096ns
[    0.003290] Switching to timer-based delay loop, resolution 83ns
[    0.003719] Console: colour dummy device 80x30
[    0.003752] Calibrating delay loop (skipped), value calculated using timer frequency.. 24.00 BogoMIPS (lpj=120000)
[    0.003771] pid_max: default: 32768 minimum: 301
[    0.003889] Mount-cache hash table entries: 2048 (order: 1, 8192 bytes)
[    0.003904] Mountpoint-cache hash table entries: 2048 (order: 1, 8192 bytes)
[    0.004427] CPU: Testing write buffer coherency: ok
[    0.004681] /cpus/cpu@0 missing clock-frequency property
[    0.004712] /cpus/cpu@1 missing clock-frequency property
[    0.004742] /cpus/cpu@2 missing clock-frequency property
[    0.004773] /cpus/cpu@3 missing clock-frequency property
[    0.004788] CPU0: thread -1, cpu 0, socket 0, mpidr 80000000
[    0.005098] Setting up static identity map for 0x80300000 - 0x803000a0
[    0.006355] Hierarchical SRCU implementation.
[    0.007743] Tegra Revision: A01 SKU: 0 CPU Process: 1 SoC Process: 0
[    0.008395] EFI services will not be available.
[    0.008551] smp: Bringing up secondary CPUs ...
[    0.009153] CPU1: thread -1, cpu 1, socket 0, mpidr 80000001
[    0.009845] CPU2: thread -1, cpu 2, socket 0, mpidr 80000002
[    0.010529] CPU3: thread -1, cpu 3, socket 0, mpidr 80000003
[    0.010637] smp: Brought up 1 node, 4 CPUs
[    0.010659] SMP: Total of 4 processors activated (96.00 BogoMIPS).
[    0.010668] CPU: All CPU(s) started in SVC mode.
[    0.012168] devtmpfs: initialized
[    0.020046] VFP support v0.3: implementor 41 architecture 4 part 30 variant f rev 0
[    0.020350] clocksource: jiffies: mask: 0xffffffff max_cycles: 0xffffffff, max_idle_ns: 19112604462750000 ns
[    0.020369] futex hash table entries: 1024 (order: 4, 65536 bytes)
[    0.021822] pinctrl core: initialized pinctrl subsystem
[    0.023129] DMI not present or invalid.
[    0.023424] NET: Registered protocol family 16
[    0.025677] DMA: preallocated 256 KiB pool for atomic coherent allocations
[    0.027666] cpuidle: using governor menu
[    0.049205] No ATAGs?
[    0.049339] hw-breakpoint: found 5 (+1 reserved) breakpoint and 4 watchpoint registers.
[    0.049356] hw-breakpoint: maximum watchpoint size is 8 bytes.
[    0.054920] Serial: AMBA PL011 UART driver
[    0.055833] tegra-mc 70019000.memory-controller: no memory timings for RAM code 3 registered
[    0.055965] iommu: Adding device reg-dummy to group 0
[    0.056001] iommu: Adding device 50000000.host1x to group 1
[    0.056041] iommu: Adding device 54140000.gr2d to group 2
[    0.056075] iommu: Adding device 54180000.gr3d to group 3
[    0.056146] iommu: Adding device 54200000.dc to group 4
[    0.056217] iommu: Adding device 54240000.dc to group 5
[    0.056250] iommu: Adding device 54280000.hdmi to group 6
[    0.056283] iommu: Adding device 54300000.dsi to group 7
[    0.056315] iommu: Adding device 60005000.timer to group 8
[    0.056347] iommu: Adding device 60007000.flow-controller to group 9
[    0.056380] iommu: Adding device 6000a000.dma to group 10
[    0.056412] iommu: Adding device 6000c000.ahb to group 11
[    0.056444] iommu: Adding device 6000d000.gpio to group 12
[    0.056480] iommu: Adding device 70000800.apbmisc to group 13
[    0.056521] iommu: Adding device 70000868.pinmux to group 14
[    0.056554] iommu: Adding device 70006300.serial to group 15
[    0.056586] iommu: Adding device 7000a000.pwm to group 16
[    0.056617] iommu: Adding device 7000c000.i2c to group 17
[    0.056650] iommu: Adding device 7000c700.i2c to group 18
[    0.056681] iommu: Adding device 7000d000.i2c to group 19
[    0.056713] iommu: Adding device 7000da00.spi to group 20
[    0.056748] iommu: Adding device 7000e000.rtc to group 21
[    0.056783] iommu: Adding device 7000e400.pmc to group 22
[    0.056820] iommu: Adding device 7000f800.fuse to group 23
[    0.056852] iommu: Adding device 70019000.memory-controller to group 24
[    0.056884] iommu: Adding device 70080000.ahub to group 25
[    0.056916] iommu: Adding device 700e3000.mipi to group 26
[    0.056948] iommu: Adding device 78000400.sdhci to group 27
[    0.056979] iommu: Adding device 78000600.sdhci to group 28
[    0.057010] iommu: Adding device 7d000000.usb to group 29
[    0.057043] iommu: Adding device 7d000000.usb-phy to group 30
[    0.057079] iommu: Adding device 7d008000.usb to group 31
[    0.057111] iommu: Adding device 7d008000.usb-phy to group 32
[    0.057143] iommu: Adding device timer to group 33
[    0.057179] iommu: Adding device backlight to group 34
[    0.057211] iommu: Adding device clocks to group 35
[    0.057243] iommu: Adding device gpio-keys to group 36
[    0.057275] iommu: Adding device regulators to group 37
[    0.057307] iommu: Adding device regulators:regulator@0 to group 38
[    0.057344] iommu: Adding device regulators:regulator@1 to group 39
[    0.057375] iommu: Adding device regulators:regulator@3 to group 40
[    0.057408] iommu: Adding device regulators:regulator@4 to group 41
[    0.057440] iommu: Adding device regulators:regulator@5 to group 42
[    0.057473] iommu: Adding device regulators:regulator@6 to group 43
[    0.057505] iommu: Adding device regulators:regulator@7 to group 44
[    0.057541] iommu: Adding device sound to group 45
[    0.071454] AT91: Could not find identification node
[    0.071941] dvdd_ts: Failed to request enable GPIO61: -517
[    0.071963] reg-fixed-voltage regulators:regulator@1: Failed to register regulator: -517
[    0.072070] usb1_vbus: Failed to request enable GPIO108: -517
[    0.072085] reg-fixed-voltage regulators:regulator@3: Failed to register regulator: -517
[    0.072189] usb2_vbus: Failed to request enable GPIO86: -517
[    0.072203] reg-fixed-voltage regulators:regulator@4: Failed to register regulator: -517
[    0.072621] VDD_5V0_HDMI_CON: Failed to request enable GPIO81: -517
[    0.072636] reg-fixed-voltage regulators:regulator@7: Failed to register regulator: -517
[    0.075074] vgaarb: loaded
[    0.075781] SCSI subsystem initialized
[    0.075956] libata version 3.00 loaded.
[    0.076153] usbcore: registered new interface driver usbfs
[    0.076202] usbcore: registered new interface driver hub
[    0.076273] usbcore: registered new device driver usb
[    0.079510] tps65090 2-0048: No cache defaults, reading back from HW
[    0.080517] iommu: Adding device tps65090-pmic to group 46
[    0.081472] TPS65090_RAILSDCDC1: supplied by vdd_ac_bat
[    0.082549] TPS65090_RAILSDCDC2: supplied by vdd_ac_bat
[    0.083626] TPS65090_RAILSDCDC3: supplied by vdd_ac_bat
[    0.084144] TPS65090_RAILSFET1: supplied by vdd_ac_bat
[    0.084503] TPS65090_RAILSFET2: supplied by vdd_ac_bat
[    0.084854] TPS65090_RAILSFET3: supplied by vdd-sys-3v3
[    0.085366] TPS65090_RAILSFET4: supplied by vdd-sys-3v3
[    0.085891] TPS65090_RAILSFET5: supplied by vdd-sys-3v3
[    0.086397] TPS65090_RAILSFET6: supplied by vdd-sys-3v3
[    0.087235] TPS65090_RAILSFET7: supplied by vdd-sys-3v3
[    0.087746] TPS65090_RAILSLDO1: supplied by vdd_ac_bat
[    0.087930] TPS65090_RAILSLDO2: supplied by vdd_ac_bat
[    0.088249] iommu: Adding device tps65090-charger to group 47
[    0.088867] palmas 2-0058: Irq flag is 0x00000004
[    0.090842] palmas 2-0058: Muxing GPIO ff, PWM 0, LED 0
[    0.091073] iommu: Adding device 7000d000.i2c:tps65913@58:gpio to group 48
[    0.091606] iommu: Adding device 7000d000.i2c:tps65913@58:pmic to group 49
[    0.093455] SMPS12: supplied by vdd-ao
[    0.094462] vdd_hdmi_5v0: supplied by vdd-sys-5v0
[    0.095283] SMPS3: supplied by vdd-ao
[    0.097015] SMPS457: supplied by vdd-sys-3v3
[    0.098658] SMPS6: supplied by regulator-dummy
[    0.100058] SMPS8: supplied by vdd-sys-3v3
[    0.101647] SMPS9: supplied by vdd-sys-3v3
[    0.102175] sdhci-vdd-sd-slot: Bringing 2840000uV into 2800000-2800000uV
[    0.103619] SMPS10_OUT2: supplied by regulator-dummy
[    0.104452] SMPS10_OUT1: supplied by regulator-dummy
[    0.105291] LDO1: supplied by vdd-sys-3v3
[    0.106401] LDO2: supplied by vdd-sys-3v3
[    0.107523] LDO3: supplied by vddio-1v8
[    0.108625] LDO4: supplied by vdd-sys-3v3
[    0.109734] LDO5: supplied by vdd_ac_bat
[    0.110414] LDO6: supplied by vdd-sys-3v3
[    0.110933] vdd-sensor-2v85: Bringing 2900000uV into 2850000-2850000uV
[    0.112267] LDO7: supplied by vdd-sys-3v3
[    0.113925] LDO8: supplied by vdd-ao
[    0.114470] vdd-rtc: Bringing 675000uV into 900000-900000uV
[    0.123966] LDO9: supplied by sdhci-vdd-sd-slot
[    0.134297] LDOLN: supplied by vdd-sys-5v0
[    0.135418] LDOUSB: supplied by vdd-sys-5v0
[    0.145723] iommu: Adding device 7000d000.i2c:tps65913@58:rtc to group 50
[    0.146132] iommu: Adding device 7000d000.i2c:tps65913@58:pinmux to group 51
[    0.146709] pps_core: LinuxPPS API ver. 1 registered
[    0.146719] pps_core: Software ver. 5.3.6 - Copyright 2005-2007 Rodolfo Giometti <giometti@linux.it>
[    0.146742] PTP clock support registered
[    0.146930] EDAC MC: Ver: 3.0.0
[    0.149022] clocksource: Switched to clocksource arch_sys_counter
[    0.200169] NET: Registered protocol family 2
[    0.200682] TCP established hash table entries: 8192 (order: 3, 32768 bytes)
[    0.200783] TCP bind hash table entries: 8192 (order: 4, 65536 bytes)
[    0.200972] TCP: Hash tables configured (established 8192 bind 8192)
[    0.201059] UDP hash table entries: 512 (order: 2, 16384 bytes)
[    0.201103] UDP-Lite hash table entries: 512 (order: 2, 16384 bytes)
[    0.201257] NET: Registered protocol family 1
[    0.201647] RPC: Registered named UNIX socket transport module.
[    0.201658] RPC: Registered udp transport module.
[    0.201667] RPC: Registered tcp transport module.
[    0.201676] RPC: Registered tcp NFSv4.1 backchannel transport module.
[    0.201689] PCI: CLS 0 bytes, default 64
[    0.203144] iommu: Adding device alarmtimer to group 52
[    0.203861] Initialise system trusted keyrings
[    0.204014] workingset: timestamp_bits=30 max_order=19 bucket_order=0
[    0.210742] squashfs: version 4.0 (2009/01/31) Phillip Lougher
[    0.211341] NFS: Registering the id_resolver key type
[    0.211365] Key type id_resolver registered
[    0.211375] Key type id_legacy registered
[    0.211419] ntfs: driver 2.1.32 [Flags: R/O].
[    0.212974] Key type asymmetric registered
[    0.212985] Asymmetric key parser 'x509' registered
[    0.213038] bounce: pool size: 64 pages
[    0.213087] Block layer SCSI generic (bsg) driver version 0.4 loaded (major 247)
[    0.213099] io scheduler noop registered
[    0.213109] io scheduler deadline registered
[    0.213332] io scheduler cfq registered (default)
[    0.213343] io scheduler mq-deadline registered
[    0.213354] io scheduler kyber registered
[    0.245351] tegra-apbdma 6000a000.dma: Tegra20 APB DMA driver register 32 channels
[    0.248251] tegra-pmc 7000e400.pmc: i2c-thermtrip node not found, emergency thermal reset disabled.
[    0.300606] Serial: 8250/16550 driver, 4 ports, IRQ sharing disabled
[    0.300711] iommu: Adding device serial8250 to group 53
[    0.303321] console [ttyS0] disabled
[    0.303363] 70006300.serial: ttyS0 at MMIO 0x70006300 (irq = 329, base_baud = 25500000) is a Tegra
[    1.622314] console [ttyS0] enabled
[    1.626581] SuperH (H)SCI(F) driver initialized
[    1.632111] msm_serial: driver initialized
[    1.636379] STMicroelectronics ASC driver initialized
[    1.663352] tegra-hdmi 54280000.hdmi: failed to get HDMI regulator
[    1.685396] brd: module loaded
[    1.695133] loop: module loaded
[    1.715486] m25p80 spi0.0: w25q32dw (4096 Kbytes)
[    1.722394] iommu: Adding device Fixed MDIO bus.0 to group 54
[    1.728564] libphy: Fixed MDIO Bus: probed
[    1.733651] CAN device driver interface
[    1.738288] bgmac_bcma: Broadcom 47xx GBit MAC driver loaded
[    1.745259] e1000e: Intel(R) PRO/1000 Network Driver - 3.2.6-k
[    1.751102] e1000e: Copyright(c) 1999 - 2015 Intel Corporation.
[    1.757058] igb: Intel(R) Gigabit Ethernet Network Driver - version 5.4.0-k
[    1.764021] igb: Copyright (c) 2007-2014 Intel Corporation.
[    1.773123] pegasus: v0.9.3 (2013/04/25), Pegasus/Pegasus II USB Ethernet driver
[    1.780566] usbcore: registered new interface driver pegasus
[    1.786260] usbcore: registered new interface driver asix
[    1.791701] usbcore: registered new interface driver ax88179_178a
[    1.797816] usbcore: registered new interface driver cdc_ether
[    1.803700] usbcore: registered new interface driver smsc75xx
[    1.809506] usbcore: registered new interface driver smsc95xx
[    1.815271] usbcore: registered new interface driver net1080
[    1.820969] usbcore: registered new interface driver cdc_subset
[    1.826906] usbcore: registered new interface driver zaurus
[    1.832539] usbcore: registered new interface driver cdc_ncm
[    1.838418] tegra-phy 7d000000.usb-phy: no vbus regulator
[    1.845848] ehci_hcd: USB 2.0 'Enhanced' Host Controller (EHCI) Driver
[    1.852390] ehci-pci: EHCI PCI platform driver
[    1.856862] ehci-platform: EHCI generic platform driver
[    1.862281] ehci-orion: EHCI orion driver
[    1.866429] SPEAr-ehci: EHCI SPEAr driver
[    1.870579] ehci-st: EHCI STMicroelectronics driver
[    1.875576] ehci-exynos: EHCI EXYNOS driver
[    1.879916] ehci-atmel: EHCI Atmel driver
[    1.884042] tegra-ehci: Tegra EHCI driver
[    1.888344] ohci_hcd: USB 1.1 'Open' Host Controller (OHCI) Driver
[    1.894547] ohci-pci: OHCI PCI platform driver
[    1.899035] ohci-platform: OHCI generic platform driver
[    1.904420] SPEAr-ohci: OHCI SPEAr driver
[    1.908550] ohci-st: OHCI STMicroelectronics driver
[    1.913570] ohci-atmel: OHCI Atmel driver
[    1.918250] usbcore: registered new interface driver usb-storage
[    1.928341] iommu: Adding device ci_hdrc.0 to group 55
[    1.942163] palmas-rtc 7000d000.i2c:tps65913@58:rtc: rtc core: registered 7000d000.i2c:tps65913@58:rtc as rtc0
[    1.953984] tegra_rtc 7000e000.rtc: rtc core: registered 7000e000.rtc as rtc1
[    1.961172] tegra_rtc 7000e000.rtc: Tegra internal Real Time Clock
[    1.967856] i2c /dev entries driver
[    1.977775] sbs-battery 0-000b: sbs_probe: Failed to get device status
[    1.984329] sbs-battery: probe of 0-000b failed with error -121
[    2.000672] sdhci: Secure Digital Host Controller Interface driver
[    2.006845] sdhci: Copyright(c) Pierre Ossman
[    2.012756] Synopsys Designware Multimedia Card Interface Driver
[    2.020125] sdhci-pltfm: SDHCI platform and OF driver helper
[    2.026509] sdhci-tegra 78000400.sdhci: Got CD GPIO
[    2.031420] sdhci-tegra 78000400.sdhci: Got WP GPIO
[    2.044528] mmc0: Invalid maximum block size, assuming 512 bytes
[    2.109170] mmc0: SDHCI controller on 78000400.sdhci [78000400.sdhci] using ADMA
[    2.125885] mmc1: Invalid maximum block size, assuming 512 bytes
[    2.189066] mmc1: SDHCI controller on 78000600.sdhci [78000600.sdhci] using ADMA
[    2.198474] ledtrig-cpu: registered to indicate activity on CPUs
[    2.204861] usbcore: registered new interface driver usbhid
[    2.210446] usbhid: USB HID core driver
[    2.218204] NET: Registered protocol family 10
[    2.223566] Segment Routing with IPv6
[    2.227293] sit: IPv6, IPv4 and MPLS over IPv4 tunneling driver
[    2.233748] NET: Registered protocol family 17
[    2.238193] can: controller area network core (rev 20170425 abi 9)
[    2.244444] NET: Registered protocol family 29
[    2.248884] can: raw protocol (rev 20170425)
[    2.253174] can: broadcast manager protocol (rev 20170425 t)
[    2.258830] can: netlink gateway (rev 20170425) max_hops=1
[    2.264609] Key type dns_resolver registered
[    2.269411] ThumbEE CPU extension supported.
[    2.273681] Registering SWP/SWPB emulation handler
[    2.278991] Loading compiled-in X.509 certificates
[    2.294994] mmc0: new high speed SDHC card at address aaaa
[    2.297024] usb1_vbus: supplied by vdd-sys-5v0
[    2.305670] usb2_vbus: supplied by vdd-sys-5v0
[    2.309334] mmcblk0: mmc0:aaaa SL16G 14.8 GiB 
[    2.317737] VDD_5V0_HDMI_CON: supplied by vdd-sys-5v0
[    2.327226]  mmcblk0: p1 p2 p3
[    2.331592] [drm] Supports vblank timestamp caching Rev 2 (21.10.2013).
[    2.338213] [drm] No driver support for vblank timestamp query.
[    2.347561] mmc1: new high speed MMC card at address 0001
[    2.353517] mmcblk1: mmc1:0001 SEM32G 29.1 GiB 
[    2.358353] mmcblk1boot0: mmc1:0001 SEM32G partition 1 4.00 MiB
[    2.364660] mmcblk1boot1: mmc1:0001 SEM32G partition 2 4.00 MiB
[    2.371222] mmcblk1rpmb: mmc1:0001 SEM32G partition 3 4.00 MiB, chardev (237:0)
[    2.374288]  mmcblk1: p1 p2 p3 p4 p5 p6 p7 p8
[    2.440223] Console: switching to colour frame buffer device 240x75
[    2.491511] drm drm: fb0:  frame buffer device
[    2.496051] [drm] Initialized tegra 0.0.0 20120330 for drm on minor 0
[    2.505878] tegra-ehci 7d008000.usb: EHCI Host Controller
[    2.511340] tegra-ehci 7d008000.usb: new USB bus registered, assigned bus number 1
[    2.519281] tegra-ehci 7d008000.usb: irq 340, io mem 0x7d008000
[    2.549150] tegra-ehci 7d008000.usb: USB 2.0 started, EHCI 1.10
[    2.556183] hub 1-0:1.0: USB hub found
[    2.560052] hub 1-0:1.0: 1 port detected
[    2.565754] input: gpio-keys as /devices/soc0/gpio-keys/input/input0
[    2.574734] palmas-rtc 7000d000.i2c:tps65913@58:rtc: setting system clock to 2000-04-08 11:20:21 UTC (955192821)
[    2.590892] dvdd_ts: disabling
[    2.593952] usb1_vbus: disabling
[    2.597178] vdd_cam_1v8_reg: disabling
[    2.602716] EXT4-fs (mmcblk1p1): mounting ext3 file system using the ext4 subsystem
[    2.625126] EXT4-fs (mmcblk1p1): recovery complete
[    2.630013] EXT4-fs (mmcblk1p1): mounted filesystem with ordered data mode. Opts: (null)
[    2.638144] VFS: Mounted root (ext3 filesystem) on device 179:17.
[    2.646915] devtmpfs: mounted
[    2.651841] Freeing unused kernel memory: 2048K
bash: cannot set terminal process group (-1): Inappropriate ioctl for device
bash: no job control in this shell
root@(none):/# mount -t sysfs none /sys
root@(none):/# 
root@(none):/# [    3.612231] asix 1-1:1.0 eth0: register 'asix' at usb-7d008000.usb-1, ASIX AX88772 USB 2.0 Ethernet, 00:50:b6:0d:b5:16
mount -t debugfs none /sys/kernel/debug
root@(none):/# 
root@(none):/# rtcwake -d rtc1 -m mem -s 3
rtcwake: assuming RTC uses UTC ...
rtcwake: wakeup from "mem" using /dev/rtc1 at Thu Jan  1 00:00:20 1970
[    5.277001] PM: suspend entry (deep)
[    5.280623] PM: Syncing filesystems ... done.
[    5.322485] Freezing user space processes ... (elapsed 0.001 seconds) done.
[    5.330747] OOM killer disabled.
[    5.333973] Freezing remaining freezable tasks ... (elapsed 0.001 seconds) done.
[    5.342688] Suspending console(s) (use no_console_suspend to debug)
[    5.407313] Disabling non-boot CPUs ...
[    5.509537] IRQ17 no longer affine to CPU2
[    5.570670] Entering suspend state LP1
[    5.570694] Enabling non-boot CPUs ...
[    5.571377] CPU1 is up
[    5.572008] CPU2 is up
[    5.572740] CPU3 is up
[    5.575006] ------------[ cut here ]------------
[    5.575025] WARNING: CPU: 0 PID: 86 at drivers/base/power/runtime.c:1298 pm_runtime_enable+0x80/0xb0
[    5.575031] Enabling runtime PM for inactive device (soc0) with active children
[    5.575036] Modules linked in:
[    5.575051] CPU: 0 PID: 86 Comm: rtcwake Not tainted 4.14.0-next-20171116-333567-g785be731fbc6 #1
[    5.575057] Hardware name: NVIDIA Tegra SoC (Flattened Device Tree)
[    5.575084] [<c03118c8>] (unwind_backtrace) from [<c030c944>] (show_stack+0x10/0x14)
[    5.575101] [<c030c944>] (show_stack) from [<c0cf9de4>] (dump_stack+0x84/0xa4)
[    5.575122] [<c0cf9de4>] (dump_stack) from [<c0342fc4>] (__warn+0xe4/0x110)
[    5.575144] [<c0342fc4>] (__warn) from [<c03430b4>] (warn_slowpath_fmt+0x38/0x48)
[    5.575166] [<c03430b4>] (warn_slowpath_fmt) from [<c08aea78>] (pm_runtime_enable+0x80/0xb0)
[    5.575184] [<c08aea78>] (pm_runtime_enable) from [<c08b1b8c>] (device_resume_early+0x44/0x1e4)
[    5.575200] [<c08b1b8c>] (device_resume_early) from [<c08b2dd4>] (dpm_resume_early+0x118/0x328)
[    5.575223] [<c08b2dd4>] (dpm_resume_early) from [<c038809c>] (suspend_devices_and_enter+0x2f0/0x7b8)
[    5.575248] [<c038809c>] (suspend_devices_and_enter) from [<c038892c>] (pm_suspend+0x3c8/0x5b0)
[    5.575273] [<c038892c>] (pm_suspend) from [<c0386dd0>] (state_store+0x68/0xc8)
[    5.575301] [<c0386dd0>] (state_store) from [<c0cfd87c>] (kobj_attr_store+0x14/0x20)
[    5.575330] [<c0cfd87c>] (kobj_attr_store) from [<c04c4ba4>] (sysfs_kf_write+0x44/0x48)
[    5.575346] [<c04c4ba4>] (sysfs_kf_write) from [<c04c402c>] (kernfs_fop_write+0xec/0x1e4)
[    5.575361] [<c04c402c>] (kernfs_fop_write) from [<c045c7cc>] (__vfs_write+0x2c/0x124)
[    5.575375] [<c045c7cc>] (__vfs_write) from [<c045ca34>] (vfs_write+0xa4/0x164)
[    5.575388] [<c045ca34>] (vfs_write) from [<c045cbf4>] (SyS_write+0x40/0x8c)
[    5.575404] [<c045cbf4>] (SyS_write) from [<c0308200>] (ret_fast_syscall+0x0/0x48)
[    5.575418] ---[ end trace 75ae1e03db928005 ]---
[    5.575431] ------------[ cut here ]------------
[    5.575456] WARNING: CPU: 0 PID: 86 at drivers/base/power/runtime.c:1298 pm_runtime_enable+0x80/0xb0
[    5.575463] Enabling runtime PM for inactive device (50000000.host1x) with active children
[    5.575469] Modules linked in:
[    5.575486] CPU: 0 PID: 86 Comm: rtcwake Tainted: G        W        4.14.0-next-20171116-333567-g785be731fbc6 #1
[    5.575491] Hardware name: NVIDIA Tegra SoC (Flattened Device Tree)
[    5.575517] [<c03118c8>] (unwind_backtrace) from [<c030c944>] (show_stack+0x10/0x14)
[    5.575535] [<c030c944>] (show_stack) from [<c0cf9de4>] (dump_stack+0x84/0xa4)
[    5.575552] [<c0cf9de4>] (dump_stack) from [<c0342fc4>] (__warn+0xe4/0x110)
[    5.575568] [<c0342fc4>] (__warn) from [<c03430b4>] (warn_slowpath_fmt+0x38/0x48)
[    5.575583] [<c03430b4>] (warn_slowpath_fmt) from [<c08aea78>] (pm_runtime_enable+0x80/0xb0)
[    5.575598] [<c08aea78>] (pm_runtime_enable) from [<c08b1b8c>] (device_resume_early+0x44/0x1e4)
[    5.575612] [<c08b1b8c>] (device_resume_early) from [<c08b2dd4>] (dpm_resume_early+0x118/0x328)
[    5.575629] [<c08b2dd4>] (dpm_resume_early) from [<c038809c>] (suspend_devices_and_enter+0x2f0/0x7b8)
[    5.575645] [<c038809c>] (suspend_devices_and_enter) from [<c038892c>] (pm_suspend+0x3c8/0x5b0)
[    5.575665] [<c038892c>] (pm_suspend) from [<c0386dd0>] (state_store+0x68/0xc8)
[    5.575690] [<c0386dd0>] (state_store) from [<c0cfd87c>] (kobj_attr_store+0x14/0x20)
[    5.575721] [<c0cfd87c>] (kobj_attr_store) from [<c04c4ba4>] (sysfs_kf_write+0x44/0x48)
[    5.575741] [<c04c4ba4>] (sysfs_kf_write) from [<c04c402c>] (kernfs_fop_write+0xec/0x1e4)
[    5.575764] [<c04c402c>] (kernfs_fop_write) from [<c045c7cc>] (__vfs_write+0x2c/0x124)
[    5.575781] [<c045c7cc>] (__vfs_write) from [<c045ca34>] (vfs_write+0xa4/0x164)
[    5.575794] [<c045ca34>] (vfs_write) from [<c045cbf4>] (SyS_write+0x40/0x8c)
[    5.575811] [<c045cbf4>] (SyS_write) from [<c0308200>] (ret_fast_syscall+0x0/0x48)
[    5.575823] ---[ end trace 75ae1e03db928006 ]---
[    5.577970] ------------[ cut here ]------------
[    5.577992] WARNING: CPU: 0 PID: 86 at drivers/base/power/runtime.c:1298 pm_runtime_enable+0x80/0xb0
[    5.577997] Enabling runtime PM for inactive device (7d008000.usb) with active children
[    5.578002] Modules linked in:
[    5.578017] CPU: 0 PID: 86 Comm: rtcwake Tainted: G        W        4.14.0-next-20171116-333567-g785be731fbc6 #1
[    5.578022] Hardware name: NVIDIA Tegra SoC (Flattened Device Tree)
[    5.578044] [<c03118c8>] (unwind_backtrace) from [<c030c944>] (show_stack+0x10/0x14)
[    5.578058] [<c030c944>] (show_stack) from [<c0cf9de4>] (dump_stack+0x84/0xa4)
[    5.578075] [<c0cf9de4>] (dump_stack) from [<c0342fc4>] (__warn+0xe4/0x110)
[    5.578090] [<c0342fc4>] (__warn) from [<c03430b4>] (warn_slowpath_fmt+0x38/0x48)
[    5.578103] [<c03430b4>] (warn_slowpath_fmt) from [<c08aea78>] (pm_runtime_enable+0x80/0xb0)
[    5.578117] [<c08aea78>] (pm_runtime_enable) from [<c08b1b8c>] (device_resume_early+0x44/0x1e4)
[    5.578129] [<c08b1b8c>] (device_resume_early) from [<c08b2dd4>] (dpm_resume_early+0x118/0x328)
[    5.578146] [<c08b2dd4>] (dpm_resume_early) from [<c038809c>] (suspend_devices_and_enter+0x2f0/0x7b8)
[    5.578161] [<c038809c>] (suspend_devices_and_enter) from [<c038892c>] (pm_suspend+0x3c8/0x5b0)
[    5.578175] [<c038892c>] (pm_suspend) from [<c0386dd0>] (state_store+0x68/0xc8)
[    5.578190] [<c0386dd0>] (state_store) from [<c0cfd87c>] (kobj_attr_store+0x14/0x20)
[    5.578207] [<c0cfd87c>] (kobj_attr_store) from [<c04c4ba4>] (sysfs_kf_write+0x44/0x48)
[    5.578220] [<c04c4ba4>] (sysfs_kf_write) from [<c04c402c>] (kernfs_fop_write+0xec/0x1e4)
[    5.578233] [<c04c402c>] (kernfs_fop_write) from [<c045c7cc>] (__vfs_write+0x2c/0x124)
[    5.578246] [<c045c7cc>] (__vfs_write) from [<c045ca34>] (vfs_write+0xa4/0x164)
[    5.578257] [<c045ca34>] (vfs_write) from [<c045cbf4>] (SyS_write+0x40/0x8c)
[    5.578271] [<c045cbf4>] (SyS_write) from [<c0308200>] (ret_fast_syscall+0x0/0x48)
[    5.578277] ---[ end trace 75ae1e03db928007 ]---
[    6.749665] OOM killer enabled.
[    6.752800] Restarting tasks ... done.
[    6.782389] PM: suspend exit
root@(none):/# 
root@(none):/# rtcwake -d rtc1 -m mem -s 3
rtcwake: assuming RTC uses UTC ...
rtcwake: wakeup from "mem" using /dev/rtc1 at Thu Jan  1 00:00:30 1970
[    7.531812] PM: suspend entry (deep)
[    7.535397] PM: Syncing filesystems ... done.
[    7.565908] Freezing user space processes ... (elapsed 0.001 seconds) done.
[    7.574218] OOM killer disabled.
[    7.577442] Freezing remaining freezable tasks ... (elapsed 0.001 seconds) done.
[    7.586189] Suspending console(s) (use no_console_suspend to debug)
[    7.657442] Disabling non-boot CPUs ...
[    7.790414] Entering suspend state LP1
[    7.790436] Enabling non-boot CPUs ...
[    7.791120] CPU1 is up
[    7.791736] CPU2 is up
[    7.792471] CPU3 is up
[    7.794691] ------------[ cut here ]------------
[    7.794714] WARNING: CPU: 0 PID: 102 at drivers/base/power/runtime.c:1298 pm_runtime_enable+0x80/0xb0
[    7.794720] Enabling runtime PM for inactive device (soc0) with active children
[    7.794725] Modules linked in:
[    7.794741] CPU: 0 PID: 102 Comm: rtcwake Tainted: G        W        4.14.0-next-20171116-333567-g785be731fbc6 #1
[    7.794746] Hardware name: NVIDIA Tegra SoC (Flattened Device Tree)
[    7.794770] [<c03118c8>] (unwind_backtrace) from [<c030c944>] (show_stack+0x10/0x14)
[    7.794786] [<c030c944>] (show_stack) from [<c0cf9de4>] (dump_stack+0x84/0xa4)
[    7.794807] [<c0cf9de4>] (dump_stack) from [<c0342fc4>] (__warn+0xe4/0x110)
[    7.794827] [<c0342fc4>] (__warn) from [<c03430b4>] (warn_slowpath_fmt+0x38/0x48)
[    7.794849] [<c03430b4>] (warn_slowpath_fmt) from [<c08aea78>] (pm_runtime_enable+0x80/0xb0)
[    7.794870] [<c08aea78>] (pm_runtime_enable) from [<c08b1b8c>] (device_resume_early+0x44/0x1e4)
[    7.794890] [<c08b1b8c>] (device_resume_early) from [<c08b2dd4>] (dpm_resume_early+0x118/0x328)
[    7.794919] [<c08b2dd4>] (dpm_resume_early) from [<c038809c>] (suspend_devices_and_enter+0x2f0/0x7b8)
[    7.794944] [<c038809c>] (suspend_devices_and_enter) from [<c038892c>] (pm_suspend+0x3c8/0x5b0)
[    7.794970] [<c038892c>] (pm_suspend) from [<c0386dd0>] (state_store+0x68/0xc8)
[    7.794999] [<c0386dd0>] (state_store) from [<c0cfd87c>] (kobj_attr_store+0x14/0x20)
[    7.795028] [<c0cfd87c>] (kobj_attr_store) from [<c04c4ba4>] (sysfs_kf_write+0x44/0x48)
[    7.795058] [<c04c4ba4>] (sysfs_kf_write) from [<c04c402c>] (kernfs_fop_write+0xec/0x1e4)
[    7.795083] [<c04c402c>] (kernfs_fop_write) from [<c045c7cc>] (__vfs_write+0x2c/0x124)
[    7.795097] [<c045c7cc>] (__vfs_write) from [<c045ca34>] (vfs_write+0xa4/0x164)
[    7.795110] [<c045ca34>] (vfs_write) from [<c045cbf4>] (SyS_write+0x40/0x8c)
[    7.795127] [<c045cbf4>] (SyS_write) from [<c0308200>] (ret_fast_syscall+0x0/0x48)
[    7.795138] ---[ end trace 75ae1e03db928008 ]---
[    7.795154] ------------[ cut here ]------------
[    7.795168] WARNING: CPU: 0 PID: 102 at drivers/base/power/runtime.c:1298 pm_runtime_enable+0x80/0xb0
[    7.795179] Enabling runtime PM for inactive device (50000000.host1x) with active children
[    7.795185] Modules linked in:
[    7.795202] CPU: 0 PID: 102 Comm: rtcwake Tainted: G        W        4.14.0-next-20171116-333567-g785be731fbc6 #1
[    7.795207] Hardware name: NVIDIA Tegra SoC (Flattened Device Tree)
[    7.795234] [<c03118c8>] (unwind_backtrace) from [<c030c944>] (show_stack+0x10/0x14)
[    7.795251] [<c030c944>] (show_stack) from [<c0cf9de4>] (dump_stack+0x84/0xa4)
[    7.795269] [<c0cf9de4>] (dump_stack) from [<c0342fc4>] (__warn+0xe4/0x110)
[    7.795284] [<c0342fc4>] (__warn) from [<c03430b4>] (warn_slowpath_fmt+0x38/0x48)
[    7.795298] [<c03430b4>] (warn_slowpath_fmt) from [<c08aea78>] (pm_runtime_enable+0x80/0xb0)
[    7.795311] [<c08aea78>] (pm_runtime_enable) from [<c08b1b8c>] (device_resume_early+0x44/0x1e4)
[    7.795324] [<c08b1b8c>] (device_resume_early) from [<c08b2dd4>] (dpm_resume_early+0x118/0x328)
[    7.795340] [<c08b2dd4>] (dpm_resume_early) from [<c038809c>] (suspend_devices_and_enter+0x2f0/0x7b8)
[    7.795357] [<c038809c>] (suspend_devices_and_enter) from [<c038892c>] (pm_suspend+0x3c8/0x5b0)
[    7.795374] [<c038892c>] (pm_suspend) from [<c0386dd0>] (state_store+0x68/0xc8)
[    7.795399] [<c0386dd0>] (state_store) from [<c0cfd87c>] (kobj_attr_store+0x14/0x20)
[    7.795422] [<c0cfd87c>] (kobj_attr_store) from [<c04c4ba4>] (sysfs_kf_write+0x44/0x48)
[    7.795445] [<c04c4ba4>] (sysfs_kf_write) from [<c04c402c>] (kernfs_fop_write+0xec/0x1e4)
[    7.795466] [<c04c402c>] (kernfs_fop_write) from [<c045c7cc>] (__vfs_write+0x2c/0x124)
[    7.795480] [<c045c7cc>] (__vfs_write) from [<c045ca34>] (vfs_write+0xa4/0x164)
[    7.795492] [<c045ca34>] (vfs_write) from [<c045cbf4>] (SyS_write+0x40/0x8c)
[    7.795510] [<c045cbf4>] (SyS_write) from [<c0308200>] (ret_fast_syscall+0x0/0x48)
[    7.795521] ---[ end trace 75ae1e03db928009 ]---
[    7.797752] ------------[ cut here ]------------
[    7.797773] WARNING: CPU: 0 PID: 102 at drivers/base/power/runtime.c:1298 pm_runtime_enable+0x80/0xb0
[    7.797779] Enabling runtime PM for inactive device (7d008000.usb) with active children
[    7.797783] Modules linked in:
[    7.797798] CPU: 0 PID: 102 Comm: rtcwake Tainted: G        W        4.14.0-next-20171116-333567-g785be731fbc6 #1
[    7.797803] Hardware name: NVIDIA Tegra SoC (Flattened Device Tree)
[    7.797825] [<c03118c8>] (unwind_backtrace) from [<c030c944>] (show_stack+0x10/0x14)
[    7.797839] [<c030c944>] (show_stack) from [<c0cf9de4>] (dump_stack+0x84/0xa4)
[    7.797857] [<c0cf9de4>] (dump_stack) from [<c0342fc4>] (__warn+0xe4/0x110)
[    7.797872] [<c0342fc4>] (__warn) from [<c03430b4>] (warn_slowpath_fmt+0x38/0x48)
[    7.797884] [<c03430b4>] (warn_slowpath_fmt) from [<c08aea78>] (pm_runtime_enable+0x80/0xb0)
[    7.797897] [<c08aea78>] (pm_runtime_enable) from [<c08b1b8c>] (device_resume_early+0x44/0x1e4)
[    7.797909] [<c08b1b8c>] (device_resume_early) from [<c08b2dd4>] (dpm_resume_early+0x118/0x328)
[    7.797926] [<c08b2dd4>] (dpm_resume_early) from [<c038809c>] (suspend_devices_and_enter+0x2f0/0x7b8)
[    7.797941] [<c038809c>] (suspend_devices_and_enter) from [<c038892c>] (pm_suspend+0x3c8/0x5b0)
[    7.797955] [<c038892c>] (pm_suspend) from [<c0386dd0>] (state_store+0x68/0xc8)
[    7.797971] [<c0386dd0>] (state_store) from [<c0cfd87c>] (kobj_attr_store+0x14/0x20)
[    7.797987] [<c0cfd87c>] (kobj_attr_store) from [<c04c4ba4>] (sysfs_kf_write+0x44/0x48)
[    7.798000] [<c04c4ba4>] (sysfs_kf_write) from [<c04c402c>] (kernfs_fop_write+0xec/0x1e4)
[    7.798014] [<c04c402c>] (kernfs_fop_write) from [<c045c7cc>] (__vfs_write+0x2c/0x124)
[    7.798027] [<c045c7cc>] (__vfs_write) from [<c045ca34>] (vfs_write+0xa4/0x164)
[    7.798038] [<c045ca34>] (vfs_write) from [<c045cbf4>] (SyS_write+0x40/0x8c)
[    7.798052] [<c045cbf4>] (SyS_write) from [<c0308200>] (ret_fast_syscall+0x0/0x48)
[    7.798058] ---[ end trace 75ae1e03db92800a ]---
[    8.971225] OOM killer enabled.
[    8.974359] Restarting tasks ... done.
[    9.002646] PM: suspend exit
root@(none):/# 
root@(none):/# rtcwake -d rtc1 -m mem -s 3
rtcwake: assuming RTC uses UTC ...
rtcwake: wakeup from "mem" using /dev/rtc1 at Thu Jan  1 00:00:41 1970
[   10.141247] PM: suspend entry (deep)
[   10.144831] PM: Syncing filesystems ... done.
[   10.185921] Freezing user space processes ... (elapsed 0.001 seconds) done.
[   10.194222] OOM killer disabled.
[   10.197446] Freezing remaining freezable tasks ... (elapsed 0.001 seconds) done.
[   10.206188] Suspending console(s) (use no_console_suspend to debug)
[   10.277528] Disabling non-boot CPUs ...
[   10.410337] Entering suspend state LP1
[   10.410360] Enabling non-boot CPUs ...
[   10.411054] CPU1 is up
[   10.411689] CPU2 is up
[   10.412425] CPU3 is up
[   10.414640] ------------[ cut here ]------------
[   10.414663] WARNING: CPU: 0 PID: 107 at drivers/base/power/runtime.c:1298 pm_runtime_enable+0x80/0xb0
[   10.414672] Enabling runtime PM for inactive device (soc0) with active children
[   10.414678] Modules linked in:
[   10.414695] CPU: 0 PID: 107 Comm: rtcwake Tainted: G        W        4.14.0-next-20171116-333567-g785be731fbc6 #1
[   10.414700] Hardware name: NVIDIA Tegra SoC (Flattened Device Tree)
[   10.414725] [<c03118c8>] (unwind_backtrace) from [<c030c944>] (show_stack+0x10/0x14)
[   10.414741] [<c030c944>] (show_stack) from [<c0cf9de4>] (dump_stack+0x84/0xa4)
[   10.414761] [<c0cf9de4>] (dump_stack) from [<c0342fc4>] (__warn+0xe4/0x110)
[   10.414780] [<c0342fc4>] (__warn) from [<c03430b4>] (warn_slowpath_fmt+0x38/0x48)
[   10.414798] [<c03430b4>] (warn_slowpath_fmt) from [<c08aea78>] (pm_runtime_enable+0x80/0xb0)
[   10.414817] [<c08aea78>] (pm_runtime_enable) from [<c08b1b8c>] (device_resume_early+0x44/0x1e4)
[   10.414838] [<c08b1b8c>] (device_resume_early) from [<c08b2dd4>] (dpm_resume_early+0x118/0x328)
[   10.414863] [<c08b2dd4>] (dpm_resume_early) from [<c038809c>] (suspend_devices_and_enter+0x2f0/0x7b8)
[   10.414888] [<c038809c>] (suspend_devices_and_enter) from [<c038892c>] (pm_suspend+0x3c8/0x5b0)
[   10.414911] [<c038892c>] (pm_suspend) from [<c0386dd0>] (state_store+0x68/0xc8)
[   10.414939] [<c0386dd0>] (state_store) from [<c0cfd87c>] (kobj_attr_store+0x14/0x20)
[   10.414967] [<c0cfd87c>] (kobj_attr_store) from [<c04c4ba4>] (sysfs_kf_write+0x44/0x48)
[   10.414991] [<c04c4ba4>] (sysfs_kf_write) from [<c04c402c>] (kernfs_fop_write+0xec/0x1e4)
[   10.415021] [<c04c402c>] (kernfs_fop_write) from [<c045c7cc>] (__vfs_write+0x2c/0x124)
[   10.415045] [<c045c7cc>] (__vfs_write) from [<c045ca34>] (vfs_write+0xa4/0x164)
[   10.415058] [<c045ca34>] (vfs_write) from [<c045cbf4>] (SyS_write+0x40/0x8c)
[   10.415075] [<c045cbf4>] (SyS_write) from [<c0308200>] (ret_fast_syscall+0x0/0x48)
[   10.415085] ---[ end trace 75ae1e03db92800b ]---
[   10.415104] ------------[ cut here ]------------
[   10.415121] WARNING: CPU: 0 PID: 107 at drivers/base/power/runtime.c:1298 pm_runtime_enable+0x80/0xb0
[   10.415127] Enabling runtime PM for inactive device (50000000.host1x) with active children
[   10.415132] Modules linked in:
[   10.415157] CPU: 0 PID: 107 Comm: rtcwake Tainted: G        W        4.14.0-next-20171116-333567-g785be731fbc6 #1
[   10.415163] Hardware name: NVIDIA Tegra SoC (Flattened Device Tree)
[   10.415184] [<c03118c8>] (unwind_backtrace) from [<c030c944>] (show_stack+0x10/0x14)
[   10.415207] [<c030c944>] (show_stack) from [<c0cf9de4>] (dump_stack+0x84/0xa4)
[   10.415226] [<c0cf9de4>] (dump_stack) from [<c0342fc4>] (__warn+0xe4/0x110)
[   10.415242] [<c0342fc4>] (__warn) from [<c03430b4>] (warn_slowpath_fmt+0x38/0x48)
[   10.415255] [<c03430b4>] (warn_slowpath_fmt) from [<c08aea78>] (pm_runtime_enable+0x80/0xb0)
[   10.415268] [<c08aea78>] (pm_runtime_enable) from [<c08b1b8c>] (device_resume_early+0x44/0x1e4)
[   10.415281] [<c08b1b8c>] (device_resume_early) from [<c08b2dd4>] (dpm_resume_early+0x118/0x328)
[   10.415297] [<c08b2dd4>] (dpm_resume_early) from [<c038809c>] (suspend_devices_and_enter+0x2f0/0x7b8)
[   10.415313] [<c038809c>] (suspend_devices_and_enter) from [<c038892c>] (pm_suspend+0x3c8/0x5b0)
[   10.415330] [<c038892c>] (pm_suspend) from [<c0386dd0>] (state_store+0x68/0xc8)
[   10.415353] [<c0386dd0>] (state_store) from [<c0cfd87c>] (kobj_attr_store+0x14/0x20)
[   10.415377] [<c0cfd87c>] (kobj_attr_store) from [<c04c4ba4>] (sysfs_kf_write+0x44/0x48)
[   10.415393] [<c04c4ba4>] (sysfs_kf_write) from [<c04c402c>] (kernfs_fop_write+0xec/0x1e4)
[   10.415416] [<c04c402c>] (kernfs_fop_write) from [<c045c7cc>] (__vfs_write+0x2c/0x124)
[   10.415433] [<c045c7cc>] (__vfs_write) from [<c045ca34>] (vfs_write+0xa4/0x164)
[   10.415445] [<c045ca34>] (vfs_write) from [<c045cbf4>] (SyS_write+0x40/0x8c)
[   10.415463] [<c045cbf4>] (SyS_write) from [<c0308200>] (ret_fast_syscall+0x0/0x48)
[   10.415475] ---[ end trace 75ae1e03db92800c ]---
[   10.417563] ------------[ cut here ]------------
[   10.417584] WARNING: CPU: 0 PID: 107 at drivers/base/power/runtime.c:1298 pm_runtime_enable+0x80/0xb0
[   10.417590] Enabling runtime PM for inactive device (7d008000.usb) with active children
[   10.417594] Modules linked in:
[   10.417610] CPU: 0 PID: 107 Comm: rtcwake Tainted: G        W        4.14.0-next-20171116-333567-g785be731fbc6 #1
[   10.417615] Hardware name: NVIDIA Tegra SoC (Flattened Device Tree)
[   10.417637] [<c03118c8>] (unwind_backtrace) from [<c030c944>] (show_stack+0x10/0x14)
[   10.417650] [<c030c944>] (show_stack) from [<c0cf9de4>] (dump_stack+0x84/0xa4)
[   10.417668] [<c0cf9de4>] (dump_stack) from [<c0342fc4>] (__warn+0xe4/0x110)
[   10.417683] [<c0342fc4>] (__warn) from [<c03430b4>] (warn_slowpath_fmt+0x38/0x48)
[   10.417696] [<c03430b4>] (warn_slowpath_fmt) from [<c08aea78>] (pm_runtime_enable+0x80/0xb0)
[   10.417709] [<c08aea78>] (pm_runtime_enable) from [<c08b1b8c>] (device_resume_early+0x44/0x1e4)
[   10.417722] [<c08b1b8c>] (device_resume_early) from [<c08b2dd4>] (dpm_resume_early+0x118/0x328)
[   10.417738] [<c08b2dd4>] (dpm_resume_early) from [<c038809c>] (suspend_devices_and_enter+0x2f0/0x7b8)
[   10.417754] [<c038809c>] (suspend_devices_and_enter) from [<c038892c>] (pm_suspend+0x3c8/0x5b0)
[   10.417767] [<c038892c>] (pm_suspend) from [<c0386dd0>] (state_store+0x68/0xc8)
[   10.417783] [<c0386dd0>] (state_store) from [<c0cfd87c>] (kobj_attr_store+0x14/0x20)
[   10.417799] [<c0cfd87c>] (kobj_attr_store) from [<c04c4ba4>] (sysfs_kf_write+0x44/0x48)
[   10.417813] [<c04c4ba4>] (sysfs_kf_write) from [<c04c402c>] (kernfs_fop_write+0xec/0x1e4)
[   10.417826] [<c04c402c>] (kernfs_fop_write) from [<c045c7cc>] (__vfs_write+0x2c/0x124)
[   10.417839] [<c045c7cc>] (__vfs_write) from [<c045ca34>] (vfs_write+0xa4/0x164)
[   10.417850] [<c045ca34>] (vfs_write) from [<c045cbf4>] (SyS_write+0x40/0x8c)
[   10.417864] [<c045cbf4>] (SyS_write) from [<c0308200>] (ret_fast_syscall+0x0/0x48)
[   10.417871] ---[ end trace 75ae1e03db92800d ]---
[   11.589328] OOM killer enabled.
[   11.592462] Restarting tasks ... done.
[   11.622413] PM: suspend exit
root@(none):/# 
root@(none):/# rtcwake -d rtc1 -m mem -s 3
rtcwake: assuming RTC uses UTC ...
rtcwake: wakeup from "mem" using /dev/rtc1 at Thu Jan  1 00:00:51 1970
[   12.199357] PM: suspend entry (deep)
[   12.202940] PM: Syncing filesystems ... done.
[   12.239436] Freezing user space processes ... (elapsed 0.001 seconds) done.
[   12.247711] OOM killer disabled.
[   12.250973] Freezing remaining freezable tasks ... (elapsed 0.001 seconds) done.
[   12.259774] Suspending console(s) (use no_console_suspend to debug)
[   12.327756] Disabling non-boot CPUs ...
[   12.460334] Entering suspend state LP1
[   12.460357] Enabling non-boot CPUs ...
[   12.461043] CPU1 is up
[   12.461663] CPU2 is up
[   12.462404] CPU3 is up
[   12.464598] ------------[ cut here ]------------
[   12.464623] WARNING: CPU: 0 PID: 110 at drivers/base/power/runtime.c:1298 pm_runtime_enable+0x80/0xb0
[   12.464631] Enabling runtime PM for inactive device (soc0) with active children
[   12.464639] Modules linked in:
[   12.464659] CPU: 0 PID: 110 Comm: rtcwake Tainted: G        W        4.14.0-next-20171116-333567-g785be731fbc6 #1
[   12.464664] Hardware name: NVIDIA Tegra SoC (Flattened Device Tree)
[   12.464691] [<c03118c8>] (unwind_backtrace) from [<c030c944>] (show_stack+0x10/0x14)
[   12.464709] [<c030c944>] (show_stack) from [<c0cf9de4>] (dump_stack+0x84/0xa4)
[   12.464729] [<c0cf9de4>] (dump_stack) from [<c0342fc4>] (__warn+0xe4/0x110)
[   12.464747] [<c0342fc4>] (__warn) from [<c03430b4>] (warn_slowpath_fmt+0x38/0x48)
[   12.464764] [<c03430b4>] (warn_slowpath_fmt) from [<c08aea78>] (pm_runtime_enable+0x80/0xb0)
[   12.464780] [<c08aea78>] (pm_runtime_enable) from [<c08b1b8c>] (device_resume_early+0x44/0x1e4)
[   12.464801] [<c08b1b8c>] (device_resume_early) from [<c08b2dd4>] (dpm_resume_early+0x118/0x328)
[   12.464825] [<c08b2dd4>] (dpm_resume_early) from [<c038809c>] (suspend_devices_and_enter+0x2f0/0x7b8)
[   12.464851] [<c038809c>] (suspend_devices_and_enter) from [<c038892c>] (pm_suspend+0x3c8/0x5b0)
[   12.464877] [<c038892c>] (pm_suspend) from [<c0386dd0>] (state_store+0x68/0xc8)
[   12.464908] [<c0386dd0>] (state_store) from [<c0cfd87c>] (kobj_attr_store+0x14/0x20)
[   12.464936] [<c0cfd87c>] (kobj_attr_store) from [<c04c4ba4>] (sysfs_kf_write+0x44/0x48)
[   12.464958] [<c04c4ba4>] (sysfs_kf_write) from [<c04c402c>] (kernfs_fop_write+0xec/0x1e4)
[   12.464984] [<c04c402c>] (kernfs_fop_write) from [<c045c7cc>] (__vfs_write+0x2c/0x124)
[   12.465009] [<c045c7cc>] (__vfs_write) from [<c045ca34>] (vfs_write+0xa4/0x164)
[   12.465024] [<c045ca34>] (vfs_write) from [<c045cbf4>] (SyS_write+0x40/0x8c)
[   12.465041] [<c045cbf4>] (SyS_write) from [<c0308200>] (ret_fast_syscall+0x0/0x48)
[   12.465051] ---[ end trace 75ae1e03db92800e ]---
[   12.465068] ------------[ cut here ]------------
[   12.465082] WARNING: CPU: 0 PID: 110 at drivers/base/power/runtime.c:1298 pm_runtime_enable+0x80/0xb0
[   12.465090] Enabling runtime PM for inactive device (50000000.host1x) with active children
[   12.465097] Modules linked in:
[   12.465112] CPU: 0 PID: 110 Comm: rtcwake Tainted: G        W        4.14.0-next-20171116-333567-g785be731fbc6 #1
[   12.465117] Hardware name: NVIDIA Tegra SoC (Flattened Device Tree)
[   12.465145] [<c03118c8>] (unwind_backtrace) from [<c030c944>] (show_stack+0x10/0x14)
[   12.465164] [<c030c944>] (show_stack) from [<c0cf9de4>] (dump_stack+0x84/0xa4)
[   12.465186] [<c0cf9de4>] (dump_stack) from [<c0342fc4>] (__warn+0xe4/0x110)
[   12.465205] [<c0342fc4>] (__warn) from [<c03430b4>] (warn_slowpath_fmt+0x38/0x48)
[   12.465219] [<c03430b4>] (warn_slowpath_fmt) from [<c08aea78>] (pm_runtime_enable+0x80/0xb0)
[   12.465234] [<c08aea78>] (pm_runtime_enable) from [<c08b1b8c>] (device_resume_early+0x44/0x1e4)
[   12.465247] [<c08b1b8c>] (device_resume_early) from [<c08b2dd4>] (dpm_resume_early+0x118/0x328)
[   12.465263] [<c08b2dd4>] (dpm_resume_early) from [<c038809c>] (suspend_devices_and_enter+0x2f0/0x7b8)
[   12.465279] [<c038809c>] (suspend_devices_and_enter) from [<c038892c>] (pm_suspend+0x3c8/0x5b0)
[   12.465293] [<c038892c>] (pm_suspend) from [<c0386dd0>] (state_store+0x68/0xc8)
[   12.465310] [<c0386dd0>] (state_store) from [<c0cfd87c>] (kobj_attr_store+0x14/0x20)
[   12.465330] [<c0cfd87c>] (kobj_attr_store) from [<c04c4ba4>] (sysfs_kf_write+0x44/0x48)
[   12.465346] [<c04c4ba4>] (sysfs_kf_write) from [<c04c402c>] (kernfs_fop_write+0xec/0x1e4)
[   12.465368] [<c04c402c>] (kernfs_fop_write) from [<c045c7cc>] (__vfs_write+0x2c/0x124)
[   12.465385] [<c045c7cc>] (__vfs_write) from [<c045ca34>] (vfs_write+0xa4/0x164)
[   12.465410] [<c045ca34>] (vfs_write) from [<c045cbf4>] (SyS_write+0x40/0x8c)
[   12.465427] [<c045cbf4>] (SyS_write) from [<c0308200>] (ret_fast_syscall+0x0/0x48)
[   12.465438] ---[ end trace 75ae1e03db92800f ]---
[   12.467592] ------------[ cut here ]------------
[   12.467613] WARNING: CPU: 0 PID: 110 at drivers/base/power/runtime.c:1298 pm_runtime_enable+0x80/0xb0
[   12.467619] Enabling runtime PM for inactive device (7d008000.usb) with active children
[   12.467623] Modules linked in:
[   12.467638] CPU: 0 PID: 110 Comm: rtcwake Tainted: G        W        4.14.0-next-20171116-333567-g785be731fbc6 #1
[   12.467643] Hardware name: NVIDIA Tegra SoC (Flattened Device Tree)
[   12.467665] [<c03118c8>] (unwind_backtrace) from [<c030c944>] (show_stack+0x10/0x14)
[   12.467680] [<c030c944>] (show_stack) from [<c0cf9de4>] (dump_stack+0x84/0xa4)
[   12.467697] [<c0cf9de4>] (dump_stack) from [<c0342fc4>] (__warn+0xe4/0x110)
[   12.467712] [<c0342fc4>] (__warn) from [<c03430b4>] (warn_slowpath_fmt+0x38/0x48)
[   12.467725] [<c03430b4>] (warn_slowpath_fmt) from [<c08aea78>] (pm_runtime_enable+0x80/0xb0)
[   12.467738] [<c08aea78>] (pm_runtime_enable) from [<c08b1b8c>] (device_resume_early+0x44/0x1e4)
[   12.467750] [<c08b1b8c>] (device_resume_early) from [<c08b2dd4>] (dpm_resume_early+0x118/0x328)
[   12.467766] [<c08b2dd4>] (dpm_resume_early) from [<c038809c>] (suspend_devices_and_enter+0x2f0/0x7b8)
[   12.467782] [<c038809c>] (suspend_devices_and_enter) from [<c038892c>] (pm_suspend+0x3c8/0x5b0)
[   12.467795] [<c038892c>] (pm_suspend) from [<c0386dd0>] (state_store+0x68/0xc8)
[   12.467811] [<c0386dd0>] (state_store) from [<c0cfd87c>] (kobj_attr_store+0x14/0x20)
[   12.467828] [<c0cfd87c>] (kobj_attr_store) from [<c04c4ba4>] (sysfs_kf_write+0x44/0x48)
[   12.467841] [<c04c4ba4>] (sysfs_kf_write) from [<c04c402c>] (kernfs_fop_write+0xec/0x1e4)
[   12.467855] [<c04c402c>] (kernfs_fop_write) from [<c045c7cc>] (__vfs_write+0x2c/0x124)
[   12.467868] [<c045c7cc>] (__vfs_write) from [<c045ca34>] (vfs_write+0xa4/0x164)
[   12.467879] [<c045ca34>] (vfs_write) from [<c045cbf4>] (SyS_write+0x40/0x8c)
[   12.467893] [<c045cbf4>] (SyS_write) from [<c0308200>] (ret_fast_syscall+0x0/0x48)
[   12.467900] ---[ end trace 75ae1e03db928010 ]---
[   13.640185] OOM killer enabled.
[   13.643320] Restarting tasks ... done.
[   13.672731] PM: suspend exit
root@(none):/# 
root@(none):/# rtcwake -d rtc1 -m mem -s 3
rtcwake: assuming RTC uses UTC ...
rtcwake: wakeup from "mem" using /dev/rtc1 at Thu Jan  1 00:01:01 1970
[   14.434424] PM: suspend entry (deep)
[   14.438007] PM: Syncing filesystems ... done.
[   14.472886] Freezing user space processes ... (elapsed 0.001 seconds) done.
[   14.481182] OOM killer disabled.
[   14.484407] Freezing remaining freezable tasks ... (elapsed 0.001 seconds) done.
[   14.493142] Suspending console(s) (use no_console_suspend to debug)
[   14.557248] Disabling non-boot CPUs ...
[   14.690049] Entering suspend state LP1
[   14.690072] Enabling non-boot CPUs ...
[   14.690759] CPU1 is up
[   14.691381] CPU2 is up
[   14.692116] CPU3 is up
[   14.694325] ------------[ cut here ]------------
[   14.694347] WARNING: CPU: 0 PID: 115 at drivers/base/power/runtime.c:1298 pm_runtime_enable+0x80/0xb0
[   14.694357] Enabling runtime PM for inactive device (soc0) with active children
[   14.694362] Modules linked in:
[   14.694379] CPU: 0 PID: 115 Comm: rtcwake Tainted: G        W        4.14.0-next-20171116-333567-g785be731fbc6 #1
[   14.694384] Hardware name: NVIDIA Tegra SoC (Flattened Device Tree)
[   14.694409] [<c03118c8>] (unwind_backtrace) from [<c030c944>] (show_stack+0x10/0x14)
[   14.694426] [<c030c944>] (show_stack) from [<c0cf9de4>] (dump_stack+0x84/0xa4)
[   14.694446] [<c0cf9de4>] (dump_stack) from [<c0342fc4>] (__warn+0xe4/0x110)
[   14.694465] [<c0342fc4>] (__warn) from [<c03430b4>] (warn_slowpath_fmt+0x38/0x48)
[   14.694485] [<c03430b4>] (warn_slowpath_fmt) from [<c08aea78>] (pm_runtime_enable+0x80/0xb0)
[   14.694504] [<c08aea78>] (pm_runtime_enable) from [<c08b1b8c>] (device_resume_early+0x44/0x1e4)
[   14.694523] [<c08b1b8c>] (device_resume_early) from [<c08b2dd4>] (dpm_resume_early+0x118/0x328)
[   14.694548] [<c08b2dd4>] (dpm_resume_early) from [<c038809c>] (suspend_devices_and_enter+0x2f0/0x7b8)
[   14.694572] [<c038809c>] (suspend_devices_and_enter) from [<c038892c>] (pm_suspend+0x3c8/0x5b0)
[   14.694596] [<c038892c>] (pm_suspend) from [<c0386dd0>] (state_store+0x68/0xc8)
[   14.694625] [<c0386dd0>] (state_store) from [<c0cfd87c>] (kobj_attr_store+0x14/0x20)
[   14.694653] [<c0cfd87c>] (kobj_attr_store) from [<c04c4ba4>] (sysfs_kf_write+0x44/0x48)
[   14.694683] [<c04c4ba4>] (sysfs_kf_write) from [<c04c402c>] (kernfs_fop_write+0xec/0x1e4)
[   14.694713] [<c04c402c>] (kernfs_fop_write) from [<c045c7cc>] (__vfs_write+0x2c/0x124)
[   14.694730] [<c045c7cc>] (__vfs_write) from [<c045ca34>] (vfs_write+0xa4/0x164)
[   14.694743] [<c045ca34>] (vfs_write) from [<c045cbf4>] (SyS_write+0x40/0x8c)
[   14.694759] [<c045cbf4>] (SyS_write) from [<c0308200>] (ret_fast_syscall+0x0/0x48)
[   14.694769] ---[ end trace 75ae1e03db928011 ]---
[   14.694783] ------------[ cut here ]------------
[   14.694800] WARNING: CPU: 0 PID: 115 at drivers/base/power/runtime.c:1298 pm_runtime_enable+0x80/0xb0
[   14.694807] Enabling runtime PM for inactive device (50000000.host1x) with active children
[   14.694813] Modules linked in:
[   14.694828] CPU: 0 PID: 115 Comm: rtcwake Tainted: G        W        4.14.0-next-20171116-333567-g785be731fbc6 #1
[   14.694839] Hardware name: NVIDIA Tegra SoC (Flattened Device Tree)
[   14.694865] [<c03118c8>] (unwind_backtrace) from [<c030c944>] (show_stack+0x10/0x14)
[   14.694880] [<c030c944>] (show_stack) from [<c0cf9de4>] (dump_stack+0x84/0xa4)
[   14.694906] [<c0cf9de4>] (dump_stack) from [<c0342fc4>] (__warn+0xe4/0x110)
[   14.694922] [<c0342fc4>] (__warn) from [<c03430b4>] (warn_slowpath_fmt+0x38/0x48)
[   14.694936] [<c03430b4>] (warn_slowpath_fmt) from [<c08aea78>] (pm_runtime_enable+0x80/0xb0)
[   14.694950] [<c08aea78>] (pm_runtime_enable) from [<c08b1b8c>] (device_resume_early+0x44/0x1e4)
[   14.694963] [<c08b1b8c>] (device_resume_early) from [<c08b2dd4>] (dpm_resume_early+0x118/0x328)
[   14.694979] [<c08b2dd4>] (dpm_resume_early) from [<c038809c>] (suspend_devices_and_enter+0x2f0/0x7b8)
[   14.694995] [<c038809c>] (suspend_devices_and_enter) from [<c038892c>] (pm_suspend+0x3c8/0x5b0)
[   14.695011] [<c038892c>] (pm_suspend) from [<c0386dd0>] (state_store+0x68/0xc8)
[   14.695031] [<c0386dd0>] (state_store) from [<c0cfd87c>] (kobj_attr_store+0x14/0x20)
[   14.695054] [<c0cfd87c>] (kobj_attr_store) from [<c04c4ba4>] (sysfs_kf_write+0x44/0x48)
[   14.695074] [<c04c4ba4>] (sysfs_kf_write) from [<c04c402c>] (kernfs_fop_write+0xec/0x1e4)
[   14.695092] [<c04c402c>] (kernfs_fop_write) from [<c045c7cc>] (__vfs_write+0x2c/0x124)
[   14.695114] [<c045c7cc>] (__vfs_write) from [<c045ca34>] (vfs_write+0xa4/0x164)
[   14.695129] [<c045ca34>] (vfs_write) from [<c045cbf4>] (SyS_write+0x40/0x8c)
[   14.695146] [<c045cbf4>] (SyS_write) from [<c0308200>] (ret_fast_syscall+0x0/0x48)
[   14.695158] ---[ end trace 75ae1e03db928012 ]---
[   14.697336] ------------[ cut here ]------------
[   14.697357] WARNING: CPU: 0 PID: 115 at drivers/base/power/runtime.c:1298 pm_runtime_enable+0x80/0xb0
[   14.697363] Enabling runtime PM for inactive device (7d008000.usb) with active children
[   14.697367] Modules linked in:
[   14.697382] CPU: 0 PID: 115 Comm: rtcwake Tainted: G        W        4.14.0-next-20171116-333567-g785be731fbc6 #1
[   14.697387] Hardware name: NVIDIA Tegra SoC (Flattened Device Tree)
[   14.697409] [<c03118c8>] (unwind_backtrace) from [<c030c944>] (show_stack+0x10/0x14)
[   14.697423] [<c030c944>] (show_stack) from [<c0cf9de4>] (dump_stack+0x84/0xa4)
[   14.697441] [<c0cf9de4>] (dump_stack) from [<c0342fc4>] (__warn+0xe4/0x110)
[   14.697456] [<c0342fc4>] (__warn) from [<c03430b4>] (warn_slowpath_fmt+0x38/0x48)
[   14.697469] [<c03430b4>] (warn_slowpath_fmt) from [<c08aea78>] (pm_runtime_enable+0x80/0xb0)
[   14.697482] [<c08aea78>] (pm_runtime_enable) from [<c08b1b8c>] (device_resume_early+0x44/0x1e4)
[   14.697494] [<c08b1b8c>] (device_resume_early) from [<c08b2dd4>] (dpm_resume_early+0x118/0x328)
[   14.697511] [<c08b2dd4>] (dpm_resume_early) from [<c038809c>] (suspend_devices_and_enter+0x2f0/0x7b8)
[   14.697526] [<c038809c>] (suspend_devices_and_enter) from [<c038892c>] (pm_suspend+0x3c8/0x5b0)
[   14.697540] [<c038892c>] (pm_suspend) from [<c0386dd0>] (state_store+0x68/0xc8)
[   14.697556] [<c0386dd0>] (state_store) from [<c0cfd87c>] (kobj_attr_store+0x14/0x20)
[   14.697572] [<c0cfd87c>] (kobj_attr_store) from [<c04c4ba4>] (sysfs_kf_write+0x44/0x48)
[   14.697585] [<c04c4ba4>] (sysfs_kf_write) from [<c04c402c>] (kernfs_fop_write+0xec/0x1e4)
[   14.697599] [<c04c402c>] (kernfs_fop_write) from [<c045c7cc>] (__vfs_write+0x2c/0x124)
[   14.697612] [<c045c7cc>] (__vfs_write) from [<c045ca34>] (vfs_write+0xa4/0x164)
[   14.697623] [<c045ca34>] (vfs_write) from [<c045cbf4>] (SyS_write+0x40/0x8c)
[   14.697637] [<c045cbf4>] (SyS_write) from [<c0308200>] (ret_fast_syscall+0x0/0x48)
[   14.697643] ---[ end trace 75ae1e03db928013 ]---
[   15.868405] OOM killer enabled.
[   15.871553] Restarting tasks ... done.
[   15.902108] PM: suspend exit
root@(none):/# 
root@(none):/# rtcwake -d rtc1 -m mem -s 3
rtcwake: assuming RTC uses UTC ...
rtcwake: wakeup from "mem" using /dev/rtc1 at Thu Jan  1 00:01:12 1970
[   17.070771] PM: suspend entry (deep)
[   17.074355] PM: Syncing filesystems ... done.
[   17.102055] Freezing user space processes ... (elapsed 0.001 seconds) done.
[   17.110351] OOM killer disabled.
[   17.113575] Freezing remaining freezable tasks ... (elapsed 0.001 seconds) done.
[   17.122331] Suspending console(s) (use no_console_suspend to debug)
[   17.187163] Disabling non-boot CPUs ...
[   17.320016] Entering suspend state LP1
[   17.320039] Enabling non-boot CPUs ...
[   17.320728] CPU1 is up
[   17.321350] CPU2 is up
[   17.322092] CPU3 is up
[   17.324284] ------------[ cut here ]------------
[   17.324314] WARNING: CPU: 0 PID: 118 at drivers/base/power/runtime.c:1298 pm_runtime_enable+0x80/0xb0
[   17.324321] Enabling runtime PM for inactive device (soc0) with active children
[   17.324326] Modules linked in:
[   17.324342] CPU: 0 PID: 118 Comm: rtcwake Tainted: G        W        4.14.0-next-20171116-333567-g785be731fbc6 #1
[   17.324347] Hardware name: NVIDIA Tegra SoC (Flattened Device Tree)
[   17.324372] [<c03118c8>] (unwind_backtrace) from [<c030c944>] (show_stack+0x10/0x14)
[   17.324388] [<c030c944>] (show_stack) from [<c0cf9de4>] (dump_stack+0x84/0xa4)
[   17.324410] [<c0cf9de4>] (dump_stack) from [<c0342fc4>] (__warn+0xe4/0x110)
[   17.324428] [<c0342fc4>] (__warn) from [<c03430b4>] (warn_slowpath_fmt+0x38/0x48)
[   17.324446] [<c03430b4>] (warn_slowpath_fmt) from [<c08aea78>] (pm_runtime_enable+0x80/0xb0)
[   17.324465] [<c08aea78>] (pm_runtime_enable) from [<c08b1b8c>] (device_resume_early+0x44/0x1e4)
[   17.324482] [<c08b1b8c>] (device_resume_early) from [<c08b2dd4>] (dpm_resume_early+0x118/0x328)
[   17.324503] [<c08b2dd4>] (dpm_resume_early) from [<c038809c>] (suspend_devices_and_enter+0x2f0/0x7b8)
[   17.324524] [<c038809c>] (suspend_devices_and_enter) from [<c038892c>] (pm_suspend+0x3c8/0x5b0)
[   17.324540] [<c038892c>] (pm_suspend) from [<c0386dd0>] (state_store+0x68/0xc8)
[   17.324562] [<c0386dd0>] (state_store) from [<c0cfd87c>] (kobj_attr_store+0x14/0x20)
[   17.324590] [<c0cfd87c>] (kobj_attr_store) from [<c04c4ba4>] (sysfs_kf_write+0x44/0x48)
[   17.324612] [<c04c4ba4>] (sysfs_kf_write) from [<c04c402c>] (kernfs_fop_write+0xec/0x1e4)
[   17.324637] [<c04c402c>] (kernfs_fop_write) from [<c045c7cc>] (__vfs_write+0x2c/0x124)
[   17.324657] [<c045c7cc>] (__vfs_write) from [<c045ca34>] (vfs_write+0xa4/0x164)
[   17.324671] [<c045ca34>] (vfs_write) from [<c045cbf4>] (SyS_write+0x40/0x8c)
[   17.324688] [<c045cbf4>] (SyS_write) from [<c0308200>] (ret_fast_syscall+0x0/0x48)
[   17.324697] ---[ end trace 75ae1e03db928014 ]---
[   17.324714] ------------[ cut here ]------------
[   17.324728] WARNING: CPU: 0 PID: 118 at drivers/base/power/runtime.c:1298 pm_runtime_enable+0x80/0xb0
[   17.324734] Enabling runtime PM for inactive device (50000000.host1x) with active children
[   17.324740] Modules linked in:
[   17.324758] CPU: 0 PID: 118 Comm: rtcwake Tainted: G        W        4.14.0-next-20171116-333567-g785be731fbc6 #1
[   17.324764] Hardware name: NVIDIA Tegra SoC (Flattened Device Tree)
[   17.324782] [<c03118c8>] (unwind_backtrace) from [<c030c944>] (show_stack+0x10/0x14)
[   17.324804] [<c030c944>] (show_stack) from [<c0cf9de4>] (dump_stack+0x84/0xa4)
[   17.324829] [<c0cf9de4>] (dump_stack) from [<c0342fc4>] (__warn+0xe4/0x110)
[   17.324848] [<c0342fc4>] (__warn) from [<c03430b4>] (warn_slowpath_fmt+0x38/0x48)
[   17.324867] [<c03430b4>] (warn_slowpath_fmt) from [<c08aea78>] (pm_runtime_enable+0x80/0xb0)
[   17.324881] [<c08aea78>] (pm_runtime_enable) from [<c08b1b8c>] (device_resume_early+0x44/0x1e4)
[   17.324894] [<c08b1b8c>] (device_resume_early) from [<c08b2dd4>] (dpm_resume_early+0x118/0x328)
[   17.324915] [<c08b2dd4>] (dpm_resume_early) from [<c038809c>] (suspend_devices_and_enter+0x2f0/0x7b8)
[   17.324933] [<c038809c>] (suspend_devices_and_enter) from [<c038892c>] (pm_suspend+0x3c8/0x5b0)
[   17.324948] [<c038892c>] (pm_suspend) from [<c0386dd0>] (state_store+0x68/0xc8)
[   17.324965] [<c0386dd0>] (state_store) from [<c0cfd87c>] (kobj_attr_store+0x14/0x20)
[   17.324982] [<c0cfd87c>] (kobj_attr_store) from [<c04c4ba4>] (sysfs_kf_write+0x44/0x48)
[   17.324997] [<c04c4ba4>] (sysfs_kf_write) from [<c04c402c>] (kernfs_fop_write+0xec/0x1e4)
[   17.325011] [<c04c402c>] (kernfs_fop_write) from [<c045c7cc>] (__vfs_write+0x2c/0x124)
[   17.325025] [<c045c7cc>] (__vfs_write) from [<c045ca34>] (vfs_write+0xa4/0x164)
[   17.325039] [<c045ca34>] (vfs_write) from [<c045cbf4>] (SyS_write+0x40/0x8c)
[   17.325063] [<c045cbf4>] (SyS_write) from [<c0308200>] (ret_fast_syscall+0x0/0x48)
[   17.325076] ---[ end trace 75ae1e03db928015 ]---
[   17.327267] ------------[ cut here ]------------
[   17.327288] WARNING: CPU: 0 PID: 118 at drivers/base/power/runtime.c:1298 pm_runtime_enable+0x80/0xb0
[   17.327294] Enabling runtime PM for inactive device (7d008000.usb) with active children
[   17.327298] Modules linked in:
[   17.327313] CPU: 0 PID: 118 Comm: rtcwake Tainted: G        W        4.14.0-next-20171116-333567-g785be731fbc6 #1
[   17.327318] Hardware name: NVIDIA Tegra SoC (Flattened Device Tree)
[   17.327340] [<c03118c8>] (unwind_backtrace) from [<c030c944>] (show_stack+0x10/0x14)
[   17.327354] [<c030c944>] (show_stack) from [<c0cf9de4>] (dump_stack+0x84/0xa4)
[   17.327372] [<c0cf9de4>] (dump_stack) from [<c0342fc4>] (__warn+0xe4/0x110)
[   17.327387] [<c0342fc4>] (__warn) from [<c03430b4>] (warn_slowpath_fmt+0x38/0x48)
[   17.327400] [<c03430b4>] (warn_slowpath_fmt) from [<c08aea78>] (pm_runtime_enable+0x80/0xb0)
[   17.327413] [<c08aea78>] (pm_runtime_enable) from [<c08b1b8c>] (device_resume_early+0x44/0x1e4)
[   17.327425] [<c08b1b8c>] (device_resume_early) from [<c08b2dd4>] (dpm_resume_early+0x118/0x328)
[   17.327441] [<c08b2dd4>] (dpm_resume_early) from [<c038809c>] (suspend_devices_and_enter+0x2f0/0x7b8)
[   17.327456] [<c038809c>] (suspend_devices_and_enter) from [<c038892c>] (pm_suspend+0x3c8/0x5b0)
[   17.327470] [<c038892c>] (pm_suspend) from [<c0386dd0>] (state_store+0x68/0xc8)
[   17.327486] [<c0386dd0>] (state_store) from [<c0cfd87c>] (kobj_attr_store+0x14/0x20)
[   17.327502] [<c0cfd87c>] (kobj_attr_store) from [<c04c4ba4>] (sysfs_kf_write+0x44/0x48)
[   17.327515] [<c04c4ba4>] (sysfs_kf_write) from [<c04c402c>] (kernfs_fop_write+0xec/0x1e4)
[   17.327529] [<c04c402c>] (kernfs_fop_write) from [<c045c7cc>] (__vfs_write+0x2c/0x124)
[   17.327542] [<c045c7cc>] (__vfs_write) from [<c045ca34>] (vfs_write+0xa4/0x164)
[   17.327553] [<c045ca34>] (vfs_write) from [<c045cbf4>] (SyS_write+0x40/0x8c)
[   17.327567] [<c045cbf4>] (SyS_write) from [<c0308200>] (ret_fast_syscall+0x0/0x48)
[   17.327574] ---[ end trace 75ae1e03db928016 ]---
[   18.500284] OOM killer enabled.
[   18.503419] Restarting tasks ... done.
[   18.532089] PM: suspend exit
root@(none):/# 
root@(none):/# rtcwake -d rtc1 -m mem -s 3
rtcwake: assuming RTC uses UTC ...
rtcwake: wakeup from "mem" using /dev/rtc1 at Thu Jan  1 00:01:22 1970
[   19.120020] PM: suspend entry (deep)
[   19.123604] PM: Syncing filesystems ... done.
[   19.165691] Freezing user space processes ... (elapsed 0.001 seconds) done.
[   19.173993] OOM killer disabled.
[   19.177217] Freezing remaining freezable tasks ... (elapsed 0.001 seconds) done.
[   19.185963] Suspending console(s) (use no_console_suspend to debug)
[   19.256944] Disabling non-boot CPUs ...
[   19.390179] Entering suspend state LP1
[   19.390202] Enabling non-boot CPUs ...
[   19.390887] CPU1 is up
[   19.391516] CPU2 is up
[   19.392243] CPU3 is up
[   19.394445] ------------[ cut here ]------------
[   19.394470] WARNING: CPU: 0 PID: 121 at drivers/base/power/runtime.c:1298 pm_runtime_enable+0x80/0xb0
[   19.394478] Enabling runtime PM for inactive device (soc0) with active children
[   19.394483] Modules linked in:
[   19.394505] CPU: 0 PID: 121 Comm: rtcwake Tainted: G        W        4.14.0-next-20171116-333567-g785be731fbc6 #1
[   19.394510] Hardware name: NVIDIA Tegra SoC (Flattened Device Tree)
[   19.394535] [<c03118c8>] (unwind_backtrace) from [<c030c944>] (show_stack+0x10/0x14)
[   19.394552] [<c030c944>] (show_stack) from [<c0cf9de4>] (dump_stack+0x84/0xa4)
[   19.394573] [<c0cf9de4>] (dump_stack) from [<c0342fc4>] (__warn+0xe4/0x110)
[   19.394591] [<c0342fc4>] (__warn) from [<c03430b4>] (warn_slowpath_fmt+0x38/0x48)
[   19.394612] [<c03430b4>] (warn_slowpath_fmt) from [<c08aea78>] (pm_runtime_enable+0x80/0xb0)
[   19.394630] [<c08aea78>] (pm_runtime_enable) from [<c08b1b8c>] (device_resume_early+0x44/0x1e4)
[   19.394648] [<c08b1b8c>] (device_resume_early) from [<c08b2dd4>] (dpm_resume_early+0x118/0x328)
[   19.394671] [<c08b2dd4>] (dpm_resume_early) from [<c038809c>] (suspend_devices_and_enter+0x2f0/0x7b8)
[   19.394693] [<c038809c>] (suspend_devices_and_enter) from [<c038892c>] (pm_suspend+0x3c8/0x5b0)
[   19.394712] [<c038892c>] (pm_suspend) from [<c0386dd0>] (state_store+0x68/0xc8)
[   19.394744] [<c0386dd0>] (state_store) from [<c0cfd87c>] (kobj_attr_store+0x14/0x20)
[   19.394769] [<c0cfd87c>] (kobj_attr_store) from [<c04c4ba4>] (sysfs_kf_write+0x44/0x48)
[   19.394789] [<c04c4ba4>] (sysfs_kf_write) from [<c04c402c>] (kernfs_fop_write+0xec/0x1e4)
[   19.394808] [<c04c402c>] (kernfs_fop_write) from [<c045c7cc>] (__vfs_write+0x2c/0x124)
[   19.394836] [<c045c7cc>] (__vfs_write) from [<c045ca34>] (vfs_write+0xa4/0x164)
[   19.394853] [<c045ca34>] (vfs_write) from [<c045cbf4>] (SyS_write+0x40/0x8c)
[   19.394870] [<c045cbf4>] (SyS_write) from [<c0308200>] (ret_fast_syscall+0x0/0x48)
[   19.394881] ---[ end trace 75ae1e03db928017 ]---
[   19.394898] ------------[ cut here ]------------
[   19.394913] WARNING: CPU: 0 PID: 121 at drivers/base/power/runtime.c:1298 pm_runtime_enable+0x80/0xb0
[   19.394921] Enabling runtime PM for inactive device (50000000.host1x) with active children
[   19.394928] Modules linked in:
[   19.394945] CPU: 0 PID: 121 Comm: rtcwake Tainted: G        W        4.14.0-next-20171116-333567-g785be731fbc6 #1
[   19.394952] Hardware name: NVIDIA Tegra SoC (Flattened Device Tree)
[   19.394978] [<c03118c8>] (unwind_backtrace) from [<c030c944>] (show_stack+0x10/0x14)
[   19.395000] [<c030c944>] (show_stack) from [<c0cf9de4>] (dump_stack+0x84/0xa4)
[   19.395021] [<c0cf9de4>] (dump_stack) from [<c0342fc4>] (__warn+0xe4/0x110)
[   19.395043] [<c0342fc4>] (__warn) from [<c03430b4>] (warn_slowpath_fmt+0x38/0x48)
[   19.395060] [<c03430b4>] (warn_slowpath_fmt) from [<c08aea78>] (pm_runtime_enable+0x80/0xb0)
[   19.395074] [<c08aea78>] (pm_runtime_enable) from [<c08b1b8c>] (device_resume_early+0x44/0x1e4)
[   19.395087] [<c08b1b8c>] (device_resume_early) from [<c08b2dd4>] (dpm_resume_early+0x118/0x328)
[   19.395113] [<c08b2dd4>] (dpm_resume_early) from [<c038809c>] (suspend_devices_and_enter+0x2f0/0x7b8)
[   19.395129] [<c038809c>] (suspend_devices_and_enter) from [<c038892c>] (pm_suspend+0x3c8/0x5b0)
[   19.395143] [<c038892c>] (pm_suspend) from [<c0386dd0>] (state_store+0x68/0xc8)
[   19.395160] [<c0386dd0>] (state_store) from [<c0cfd87c>] (kobj_attr_store+0x14/0x20)
[   19.395177] [<c0cfd87c>] (kobj_attr_store) from [<c04c4ba4>] (sysfs_kf_write+0x44/0x48)
[   19.395192] [<c04c4ba4>] (sysfs_kf_write) from [<c04c402c>] (kernfs_fop_write+0xec/0x1e4)
[   19.395205] [<c04c402c>] (kernfs_fop_write) from [<c045c7cc>] (__vfs_write+0x2c/0x124)
[   19.395218] [<c045c7cc>] (__vfs_write) from [<c045ca34>] (vfs_write+0xa4/0x164)
[   19.395241] [<c045ca34>] (vfs_write) from [<c045cbf4>] (SyS_write+0x40/0x8c)
[   19.395258] [<c045cbf4>] (SyS_write) from [<c0308200>] (ret_fast_syscall+0x0/0x48)
[   19.395267] ---[ end trace 75ae1e03db928018 ]---
[   19.397310] ------------[ cut here ]------------
[   19.397332] WARNING: CPU: 0 PID: 121 at drivers/base/power/runtime.c:1298 pm_runtime_enable+0x80/0xb0
[   19.397338] Enabling runtime PM for inactive device (7d008000.usb) with active children
[   19.397342] Modules linked in:
[   19.397357] CPU: 0 PID: 121 Comm: rtcwake Tainted: G        W        4.14.0-next-20171116-333567-g785be731fbc6 #1
[   19.397362] Hardware name: NVIDIA Tegra SoC (Flattened Device Tree)
[   19.397384] [<c03118c8>] (unwind_backtrace) from [<c030c944>] (show_stack+0x10/0x14)
[   19.397398] [<c030c944>] (show_stack) from [<c0cf9de4>] (dump_stack+0x84/0xa4)
[   19.397416] [<c0cf9de4>] (dump_stack) from [<c0342fc4>] (__warn+0xe4/0x110)
[   19.397432] [<c0342fc4>] (__warn) from [<c03430b4>] (warn_slowpath_fmt+0x38/0x48)
[   19.397445] [<c03430b4>] (warn_slowpath_fmt) from [<c08aea78>] (pm_runtime_enable+0x80/0xb0)
[   19.397458] [<c08aea78>] (pm_runtime_enable) from [<c08b1b8c>] (device_resume_early+0x44/0x1e4)
[   19.397470] [<c08b1b8c>] (device_resume_early) from [<c08b2dd4>] (dpm_resume_early+0x118/0x328)
[   19.397487] [<c08b2dd4>] (dpm_resume_early) from [<c038809c>] (suspend_devices_and_enter+0x2f0/0x7b8)
[   19.397502] [<c038809c>] (suspend_devices_and_enter) from [<c038892c>] (pm_suspend+0x3c8/0x5b0)
[   19.397516] [<c038892c>] (pm_suspend) from [<c0386dd0>] (state_store+0x68/0xc8)
[   19.397532] [<c0386dd0>] (state_store) from [<c0cfd87c>] (kobj_attr_store+0x14/0x20)
[   19.397548] [<c0cfd87c>] (kobj_attr_store) from [<c04c4ba4>] (sysfs_kf_write+0x44/0x48)
[   19.397561] [<c04c4ba4>] (sysfs_kf_write) from [<c04c402c>] (kernfs_fop_write+0xec/0x1e4)
[   19.397575] [<c04c402c>] (kernfs_fop_write) from [<c045c7cc>] (__vfs_write+0x2c/0x124)
[   19.397587] [<c045c7cc>] (__vfs_write) from [<c045ca34>] (vfs_write+0xa4/0x164)
[   19.397599] [<c045ca34>] (vfs_write) from [<c045cbf4>] (SyS_write+0x40/0x8c)
[   19.397612] [<c045cbf4>] (SyS_write) from [<c0308200>] (ret_fast_syscall+0x0/0x48)
[   19.397619] ---[ end trace 75ae1e03db928019 ]---
[   20.567568] OOM killer enabled.
[   20.570716] Restarting tasks ... done.
[   20.601790] PM: suspend exit
root@(none):/# 
root@(none):/# rtcwake -d rtc1 -m mem -s 3
rtcwake: assuming RTC uses UTC ...
rtcwake: wakeup from "mem" using /dev/rtc1 at Thu Jan  1 00:01:32 1970
[   21.351116] PM: suspend entry (deep)
[   21.354699] PM: Syncing filesystems ... done.
[   21.385399] Freezing user space processes ... (elapsed 0.001 seconds) done.
[   21.393623] OOM killer disabled.
[   21.396845] Freezing remaining freezable tasks ... (elapsed 0.001 seconds) done.
[   21.405596] Suspending console(s) (use no_console_suspend to debug)
[   21.476590] Disabling non-boot CPUs ...
[   21.610156] Entering suspend state LP1
[   21.610179] Enabling non-boot CPUs ...
[   21.610868] CPU1 is up
[   21.611488] CPU2 is up
[   21.612226] CPU3 is up
[   21.614459] ------------[ cut here ]------------
[   21.614484] WARNING: CPU: 0 PID: 124 at drivers/base/power/runtime.c:1298 pm_runtime_enable+0x80/0xb0
[   21.614494] Enabling runtime PM for inactive device (soc0) with active children
[   21.614500] Modules linked in:
[   21.614518] CPU: 0 PID: 124 Comm: rtcwake Tainted: G        W        4.14.0-next-20171116-333567-g785be731fbc6 #1
[   21.614523] Hardware name: NVIDIA Tegra SoC (Flattened Device Tree)
[   21.614548] [<c03118c8>] (unwind_backtrace) from [<c030c944>] (show_stack+0x10/0x14)
[   21.614565] [<c030c944>] (show_stack) from [<c0cf9de4>] (dump_stack+0x84/0xa4)
[   21.614585] [<c0cf9de4>] (dump_stack) from [<c0342fc4>] (__warn+0xe4/0x110)
[   21.614604] [<c0342fc4>] (__warn) from [<c03430b4>] (warn_slowpath_fmt+0x38/0x48)
[   21.614624] [<c03430b4>] (warn_slowpath_fmt) from [<c08aea78>] (pm_runtime_enable+0x80/0xb0)
[   21.614641] [<c08aea78>] (pm_runtime_enable) from [<c08b1b8c>] (device_resume_early+0x44/0x1e4)
[   21.614661] [<c08b1b8c>] (device_resume_early) from [<c08b2dd4>] (dpm_resume_early+0x118/0x328)
[   21.614686] [<c08b2dd4>] (dpm_resume_early) from [<c038809c>] (suspend_devices_and_enter+0x2f0/0x7b8)
[   21.614708] [<c038809c>] (suspend_devices_and_enter) from [<c038892c>] (pm_suspend+0x3c8/0x5b0)
[   21.614733] [<c038892c>] (pm_suspend) from [<c0386dd0>] (state_store+0x68/0xc8)
[   21.614762] [<c0386dd0>] (state_store) from [<c0cfd87c>] (kobj_attr_store+0x14/0x20)
[   21.614789] [<c0cfd87c>] (kobj_attr_store) from [<c04c4ba4>] (sysfs_kf_write+0x44/0x48)
[   21.614809] [<c04c4ba4>] (sysfs_kf_write) from [<c04c402c>] (kernfs_fop_write+0xec/0x1e4)
[   21.614835] [<c04c402c>] (kernfs_fop_write) from [<c045c7cc>] (__vfs_write+0x2c/0x124)
[   21.614860] [<c045c7cc>] (__vfs_write) from [<c045ca34>] (vfs_write+0xa4/0x164)
[   21.614874] [<c045ca34>] (vfs_write) from [<c045cbf4>] (SyS_write+0x40/0x8c)
[   21.614891] [<c045cbf4>] (SyS_write) from [<c0308200>] (ret_fast_syscall+0x0/0x48)
[   21.614900] ---[ end trace 75ae1e03db92801a ]---
[   21.614918] ------------[ cut here ]------------
[   21.614935] WARNING: CPU: 0 PID: 124 at drivers/base/power/runtime.c:1298 pm_runtime_enable+0x80/0xb0
[   21.614941] Enabling runtime PM for inactive device (50000000.host1x) with active children
[   21.614947] Modules linked in:
[   21.614964] CPU: 0 PID: 124 Comm: rtcwake Tainted: G        W        4.14.0-next-20171116-333567-g785be731fbc6 #1
[   21.614970] Hardware name: NVIDIA Tegra SoC (Flattened Device Tree)
[   21.615001] [<c03118c8>] (unwind_backtrace) from [<c030c944>] (show_stack+0x10/0x14)
[   21.615017] [<c030c944>] (show_stack) from [<c0cf9de4>] (dump_stack+0x84/0xa4)
[   21.615042] [<c0cf9de4>] (dump_stack) from [<c0342fc4>] (__warn+0xe4/0x110)
[   21.615060] [<c0342fc4>] (__warn) from [<c03430b4>] (warn_slowpath_fmt+0x38/0x48)
[   21.615074] [<c03430b4>] (warn_slowpath_fmt) from [<c08aea78>] (pm_runtime_enable+0x80/0xb0)
[   21.615095] [<c08aea78>] (pm_runtime_enable) from [<c08b1b8c>] (device_resume_early+0x44/0x1e4)
[   21.615110] [<c08b1b8c>] (device_resume_early) from [<c08b2dd4>] (dpm_resume_early+0x118/0x328)
[   21.615126] [<c08b2dd4>] (dpm_resume_early) from [<c038809c>] (suspend_devices_and_enter+0x2f0/0x7b8)
[   21.615142] [<c038809c>] (suspend_devices_and_enter) from [<c038892c>] (pm_suspend+0x3c8/0x5b0)
[   21.615156] [<c038892c>] (pm_suspend) from [<c0386dd0>] (state_store+0x68/0xc8)
[   21.615173] [<c0386dd0>] (state_store) from [<c0cfd87c>] (kobj_attr_store+0x14/0x20)
[   21.615191] [<c0cfd87c>] (kobj_attr_store) from [<c04c4ba4>] (sysfs_kf_write+0x44/0x48)
[   21.615206] [<c04c4ba4>] (sysfs_kf_write) from [<c04c402c>] (kernfs_fop_write+0xec/0x1e4)
[   21.615221] [<c04c402c>] (kernfs_fop_write) from [<c045c7cc>] (__vfs_write+0x2c/0x124)
[   21.615242] [<c045c7cc>] (__vfs_write) from [<c045ca34>] (vfs_write+0xa4/0x164)
[   21.615255] [<c045ca34>] (vfs_write) from [<c045cbf4>] (SyS_write+0x40/0x8c)
[   21.615280] [<c045cbf4>] (SyS_write) from [<c0308200>] (ret_fast_syscall+0x0/0x48)
[   21.615294] ---[ end trace 75ae1e03db92801b ]---
[   21.617470] ------------[ cut here ]------------
[   21.617491] WARNING: CPU: 0 PID: 124 at drivers/base/power/runtime.c:1298 pm_runtime_enable+0x80/0xb0
[   21.617497] Enabling runtime PM for inactive device (7d008000.usb) with active children
[   21.617501] Modules linked in:
[   21.617516] CPU: 0 PID: 124 Comm: rtcwake Tainted: G        W        4.14.0-next-20171116-333567-g785be731fbc6 #1
[   21.617521] Hardware name: NVIDIA Tegra SoC (Flattened Device Tree)
[   21.617544] [<c03118c8>] (unwind_backtrace) from [<c030c944>] (show_stack+0x10/0x14)
[   21.617558] [<c030c944>] (show_stack) from [<c0cf9de4>] (dump_stack+0x84/0xa4)
[   21.617576] [<c0cf9de4>] (dump_stack) from [<c0342fc4>] (__warn+0xe4/0x110)
[   21.617591] [<c0342fc4>] (__warn) from [<c03430b4>] (warn_slowpath_fmt+0x38/0x48)
[   21.617603] [<c03430b4>] (warn_slowpath_fmt) from [<c08aea78>] (pm_runtime_enable+0x80/0xb0)
[   21.617617] [<c08aea78>] (pm_runtime_enable) from [<c08b1b8c>] (device_resume_early+0x44/0x1e4)
[   21.617629] [<c08b1b8c>] (device_resume_early) from [<c08b2dd4>] (dpm_resume_early+0x118/0x328)
[   21.617646] [<c08b2dd4>] (dpm_resume_early) from [<c038809c>] (suspend_devices_and_enter+0x2f0/0x7b8)
[   21.617661] [<c038809c>] (suspend_devices_and_enter) from [<c038892c>] (pm_suspend+0x3c8/0x5b0)
[   21.617675] [<c038892c>] (pm_suspend) from [<c0386dd0>] (state_store+0x68/0xc8)
[   21.617690] [<c0386dd0>] (state_store) from [<c0cfd87c>] (kobj_attr_store+0x14/0x20)
[   21.617707] [<c0cfd87c>] (kobj_attr_store) from [<c04c4ba4>] (sysfs_kf_write+0x44/0x48)
[   21.617720] [<c04c4ba4>] (sysfs_kf_write) from [<c04c402c>] (kernfs_fop_write+0xec/0x1e4)
[   21.617734] [<c04c402c>] (kernfs_fop_write) from [<c045c7cc>] (__vfs_write+0x2c/0x124)
[   21.617747] [<c045c7cc>] (__vfs_write) from [<c045ca34>] (vfs_write+0xa4/0x164)
[   21.617758] [<c045ca34>] (vfs_write) from [<c045cbf4>] (SyS_write+0x40/0x8c)
[   21.617772] [<c045cbf4>] (SyS_write) from [<c0308200>] (ret_fast_syscall+0x0/0x48)
[   21.617779] ---[ end trace 75ae1e03db92801c ]---
[   22.789456] OOM killer enabled.
[   22.792590] Restarting tasks ... done.
[   22.822539] PM: suspend exit
root@(none):/# 
root@(none):/# rtcwake -d rtc1 -m mem -s 3
rtcwake: assuming RTC uses UTC ...
rtcwake: wakeup from "mem" using /dev/rtc1 at Thu Jan  1 00:01:43 1970
[   23.989886] PM: suspend entry (deep)
[   23.993468] PM: Syncing filesystems ... done.
[   24.022445] Freezing user space processes ... (elapsed 0.001 seconds) done.
[   24.030671] OOM killer disabled.
[   24.033894] Freezing remaining freezable tasks ... (elapsed 0.001 seconds) done.
[   24.042647] Suspending console(s) (use no_console_suspend to debug)
[   24.106957] Disabling non-boot CPUs ...
[   24.240084] Entering suspend state LP1
[   24.240107] Enabling non-boot CPUs ...
[   24.240795] CPU1 is up
[   24.241417] CPU2 is up
[   24.242146] CPU3 is up
[   24.244382] ------------[ cut here ]------------
[   24.244407] WARNING: CPU: 0 PID: 127 at drivers/base/power/runtime.c:1298 pm_runtime_enable+0x80/0xb0
[   24.244413] Enabling runtime PM for inactive device (soc0) with active children
[   24.244418] Modules linked in:
[   24.244434] CPU: 0 PID: 127 Comm: rtcwake Tainted: G        W        4.14.0-next-20171116-333567-g785be731fbc6 #1
[   24.244439] Hardware name: NVIDIA Tegra SoC (Flattened Device Tree)
[   24.244463] [<c03118c8>] (unwind_backtrace) from [<c030c944>] (show_stack+0x10/0x14)
[   24.244480] [<c030c944>] (show_stack) from [<c0cf9de4>] (dump_stack+0x84/0xa4)
[   24.244500] [<c0cf9de4>] (dump_stack) from [<c0342fc4>] (__warn+0xe4/0x110)
[   24.244519] [<c0342fc4>] (__warn) from [<c03430b4>] (warn_slowpath_fmt+0x38/0x48)
[   24.244539] [<c03430b4>] (warn_slowpath_fmt) from [<c08aea78>] (pm_runtime_enable+0x80/0xb0)
[   24.244556] [<c08aea78>] (pm_runtime_enable) from [<c08b1b8c>] (device_resume_early+0x44/0x1e4)
[   24.244572] [<c08b1b8c>] (device_resume_early) from [<c08b2dd4>] (dpm_resume_early+0x118/0x328)
[   24.244598] [<c08b2dd4>] (dpm_resume_early) from [<c038809c>] (suspend_devices_and_enter+0x2f0/0x7b8)
[   24.244625] [<c038809c>] (suspend_devices_and_enter) from [<c038892c>] (pm_suspend+0x3c8/0x5b0)
[   24.244648] [<c038892c>] (pm_suspend) from [<c0386dd0>] (state_store+0x68/0xc8)
[   24.244674] [<c0386dd0>] (state_store) from [<c0cfd87c>] (kobj_attr_store+0x14/0x20)
[   24.244699] [<c0cfd87c>] (kobj_attr_store) from [<c04c4ba4>] (sysfs_kf_write+0x44/0x48)
[   24.244723] [<c04c4ba4>] (sysfs_kf_write) from [<c04c402c>] (kernfs_fop_write+0xec/0x1e4)
[   24.244740] [<c04c402c>] (kernfs_fop_write) from [<c045c7cc>] (__vfs_write+0x2c/0x124)
[   24.244755] [<c045c7cc>] (__vfs_write) from [<c045ca34>] (vfs_write+0xa4/0x164)
[   24.244768] [<c045ca34>] (vfs_write) from [<c045cbf4>] (SyS_write+0x40/0x8c)
[   24.244785] [<c045cbf4>] (SyS_write) from [<c0308200>] (ret_fast_syscall+0x0/0x48)
[   24.244795] ---[ end trace 75ae1e03db92801d ]---
[   24.244811] ------------[ cut here ]------------
[   24.244824] WARNING: CPU: 0 PID: 127 at drivers/base/power/runtime.c:1298 pm_runtime_enable+0x80/0xb0
[   24.244835] Enabling runtime PM for inactive device (50000000.host1x) with active children
[   24.244841] Modules linked in:
[   24.244858] CPU: 0 PID: 127 Comm: rtcwake Tainted: G        W        4.14.0-next-20171116-333567-g785be731fbc6 #1
[   24.244864] Hardware name: NVIDIA Tegra SoC (Flattened Device Tree)
[   24.244891] [<c03118c8>] (unwind_backtrace) from [<c030c944>] (show_stack+0x10/0x14)
[   24.244908] [<c030c944>] (show_stack) from [<c0cf9de4>] (dump_stack+0x84/0xa4)
[   24.244926] [<c0cf9de4>] (dump_stack) from [<c0342fc4>] (__warn+0xe4/0x110)
[   24.244943] [<c0342fc4>] (__warn) from [<c03430b4>] (warn_slowpath_fmt+0x38/0x48)
[   24.244958] [<c03430b4>] (warn_slowpath_fmt) from [<c08aea78>] (pm_runtime_enable+0x80/0xb0)
[   24.244973] [<c08aea78>] (pm_runtime_enable) from [<c08b1b8c>] (device_resume_early+0x44/0x1e4)
[   24.244986] [<c08b1b8c>] (device_resume_early) from [<c08b2dd4>] (dpm_resume_early+0x118/0x328)
[   24.245003] [<c08b2dd4>] (dpm_resume_early) from [<c038809c>] (suspend_devices_and_enter+0x2f0/0x7b8)
[   24.245020] [<c038809c>] (suspend_devices_and_enter) from [<c038892c>] (pm_suspend+0x3c8/0x5b0)
[   24.245038] [<c038892c>] (pm_suspend) from [<c0386dd0>] (state_store+0x68/0xc8)
[   24.245062] [<c0386dd0>] (state_store) from [<c0cfd87c>] (kobj_attr_store+0x14/0x20)
[   24.245087] [<c0cfd87c>] (kobj_attr_store) from [<c04c4ba4>] (sysfs_kf_write+0x44/0x48)
[   24.245106] [<c04c4ba4>] (sysfs_kf_write) from [<c04c402c>] (kernfs_fop_write+0xec/0x1e4)
[   24.245129] [<c04c402c>] (kernfs_fop_write) from [<c045c7cc>] (__vfs_write+0x2c/0x124)
[   24.245143] [<c045c7cc>] (__vfs_write) from [<c045ca34>] (vfs_write+0xa4/0x164)
[   24.245155] [<c045ca34>] (vfs_write) from [<c045cbf4>] (SyS_write+0x40/0x8c)
[   24.245172] [<c045cbf4>] (SyS_write) from [<c0308200>] (ret_fast_syscall+0x0/0x48)
[   24.245183] ---[ end trace 75ae1e03db92801e ]---
[   24.247260] ------------[ cut here ]------------
[   24.247281] WARNING: CPU: 0 PID: 127 at drivers/base/power/runtime.c:1298 pm_runtime_enable+0x80/0xb0
[   24.247287] Enabling runtime PM for inactive device (7d008000.usb) with active children
[   24.247291] Modules linked in:
[   24.247306] CPU: 0 PID: 127 Comm: rtcwake Tainted: G        W        4.14.0-next-20171116-333567-g785be731fbc6 #1
[   24.247311] Hardware name: NVIDIA Tegra SoC (Flattened Device Tree)
[   24.247333] [<c03118c8>] (unwind_backtrace) from [<c030c944>] (show_stack+0x10/0x14)
[   24.247347] [<c030c944>] (show_stack) from [<c0cf9de4>] (dump_stack+0x84/0xa4)
[   24.247365] [<c0cf9de4>] (dump_stack) from [<c0342fc4>] (__warn+0xe4/0x110)
[   24.247380] [<c0342fc4>] (__warn) from [<c03430b4>] (warn_slowpath_fmt+0x38/0x48)
[   24.247393] [<c03430b4>] (warn_slowpath_fmt) from [<c08aea78>] (pm_runtime_enable+0x80/0xb0)
[   24.247406] [<c08aea78>] (pm_runtime_enable) from [<c08b1b8c>] (device_resume_early+0x44/0x1e4)
[   24.247418] [<c08b1b8c>] (device_resume_early) from [<c08b2dd4>] (dpm_resume_early+0x118/0x328)
[   24.247435] [<c08b2dd4>] (dpm_resume_early) from [<c038809c>] (suspend_devices_and_enter+0x2f0/0x7b8)
[   24.247450] [<c038809c>] (suspend_devices_and_enter) from [<c038892c>] (pm_suspend+0x3c8/0x5b0)
[   24.247464] [<c038892c>] (pm_suspend) from [<c0386dd0>] (state_store+0x68/0xc8)
[   24.247479] [<c0386dd0>] (state_store) from [<c0cfd87c>] (kobj_attr_store+0x14/0x20)
[   24.247495] [<c0cfd87c>] (kobj_attr_store) from [<c04c4ba4>] (sysfs_kf_write+0x44/0x48)
[   24.247509] [<c04c4ba4>] (sysfs_kf_write) from [<c04c402c>] (kernfs_fop_write+0xec/0x1e4)
[   24.247522] [<c04c402c>] (kernfs_fop_write) from [<c045c7cc>] (__vfs_write+0x2c/0x124)
[   24.247535] [<c045c7cc>] (__vfs_write) from [<c045ca34>] (vfs_write+0xa4/0x164)
[   24.247546] [<c045ca34>] (vfs_write) from [<c045cbf4>] (SyS_write+0x40/0x8c)
[   24.247560] [<c045cbf4>] (SyS_write) from [<c0308200>] (ret_fast_syscall+0x0/0x48)
[   24.247567] ---[ end trace 75ae1e03db92801f ]---
[   25.420096] OOM killer enabled.
[   25.423231] Restarting tasks ... done.
[   25.452510] PM: suspend exit
root@(none):/# 
root@(none):/# rtcwake -d rtc1 -m mem -s 3
rtcwake: assuming RTC uses UTC ...
rtcwake: wakeup from "mem" using /dev/rtc1 at Thu Jan  1 00:01:53 1970
[   26.039606] PM: suspend entry (deep)
[   26.043189] PM: Syncing filesystems ... done.
[   26.086049] Freezing user space processes ... (elapsed 0.001 seconds) done.
[   26.094273] OOM killer disabled.
[   26.097498] Freezing remaining freezable tasks ... (elapsed 0.001 seconds) done.
[   26.106219] Suspending console(s) (use no_console_suspend to debug)
[   26.177091] Disabling non-boot CPUs ...
[   26.330073] Entering suspend state LP1
[   26.330095] Enabling non-boot CPUs ...
[   26.330783] CPU1 is up
[   26.331405] CPU2 is up
[   26.332137] CPU3 is up
[   26.334345] ------------[ cut here ]------------
[   26.334371] WARNING: CPU: 0 PID: 130 at drivers/base/power/runtime.c:1298 pm_runtime_enable+0x80/0xb0
[   26.334378] Enabling runtime PM for inactive device (soc0) with active children
[   26.334383] Modules linked in:
[   26.334400] CPU: 0 PID: 130 Comm: rtcwake Tainted: G        W        4.14.0-next-20171116-333567-g785be731fbc6 #1
[   26.334405] Hardware name: NVIDIA Tegra SoC (Flattened Device Tree)
[   26.334431] [<c03118c8>] (unwind_backtrace) from [<c030c944>] (show_stack+0x10/0x14)
[   26.334447] [<c030c944>] (show_stack) from [<c0cf9de4>] (dump_stack+0x84/0xa4)
[   26.334468] [<c0cf9de4>] (dump_stack) from [<c0342fc4>] (__warn+0xe4/0x110)
[   26.334486] [<c0342fc4>] (__warn) from [<c03430b4>] (warn_slowpath_fmt+0x38/0x48)
[   26.334506] [<c03430b4>] (warn_slowpath_fmt) from [<c08aea78>] (pm_runtime_enable+0x80/0xb0)
[   26.334525] [<c08aea78>] (pm_runtime_enable) from [<c08b1b8c>] (device_resume_early+0x44/0x1e4)
[   26.334547] [<c08b1b8c>] (device_resume_early) from [<c08b2dd4>] (dpm_resume_early+0x118/0x328)
[   26.334575] [<c08b2dd4>] (dpm_resume_early) from [<c038809c>] (suspend_devices_and_enter+0x2f0/0x7b8)
[   26.334602] [<c038809c>] (suspend_devices_and_enter) from [<c038892c>] (pm_suspend+0x3c8/0x5b0)
[   26.334624] [<c038892c>] (pm_suspend) from [<c0386dd0>] (state_store+0x68/0xc8)
[   26.334652] [<c0386dd0>] (state_store) from [<c0cfd87c>] (kobj_attr_store+0x14/0x20)
[   26.334677] [<c0cfd87c>] (kobj_attr_store) from [<c04c4ba4>] (sysfs_kf_write+0x44/0x48)
[   26.334698] [<c04c4ba4>] (sysfs_kf_write) from [<c04c402c>] (kernfs_fop_write+0xec/0x1e4)
[   26.334722] [<c04c402c>] (kernfs_fop_write) from [<c045c7cc>] (__vfs_write+0x2c/0x124)
[   26.334745] [<c045c7cc>] (__vfs_write) from [<c045ca34>] (vfs_write+0xa4/0x164)
[   26.334758] [<c045ca34>] (vfs_write) from [<c045cbf4>] (SyS_write+0x40/0x8c)
[   26.334774] [<c045cbf4>] (SyS_write) from [<c0308200>] (ret_fast_syscall+0x0/0x48)
[   26.334785] ---[ end trace 75ae1e03db928020 ]---
[   26.334804] ------------[ cut here ]------------
[   26.334820] WARNING: CPU: 0 PID: 130 at drivers/base/power/runtime.c:1298 pm_runtime_enable+0x80/0xb0
[   26.334826] Enabling runtime PM for inactive device (50000000.host1x) with active children
[   26.334831] Modules linked in:
[   26.334852] CPU: 0 PID: 130 Comm: rtcwake Tainted: G        W        4.14.0-next-20171116-333567-g785be731fbc6 #1
[   26.334859] Hardware name: NVIDIA Tegra SoC (Flattened Device Tree)
[   26.334882] [<c03118c8>] (unwind_backtrace) from [<c030c944>] (show_stack+0x10/0x14)
[   26.334904] [<c030c944>] (show_stack) from [<c0cf9de4>] (dump_stack+0x84/0xa4)
[   26.334923] [<c0cf9de4>] (dump_stack) from [<c0342fc4>] (__warn+0xe4/0x110)
[   26.334939] [<c0342fc4>] (__warn) from [<c03430b4>] (warn_slowpath_fmt+0x38/0x48)
[   26.334954] [<c03430b4>] (warn_slowpath_fmt) from [<c08aea78>] (pm_runtime_enable+0x80/0xb0)
[   26.334968] [<c08aea78>] (pm_runtime_enable) from [<c08b1b8c>] (device_resume_early+0x44/0x1e4)
[   26.334981] [<c08b1b8c>] (device_resume_early) from [<c08b2dd4>] (dpm_resume_early+0x118/0x328)
[   26.334997] [<c08b2dd4>] (dpm_resume_early) from [<c038809c>] (suspend_devices_and_enter+0x2f0/0x7b8)
[   26.335013] [<c038809c>] (suspend_devices_and_enter) from [<c038892c>] (pm_suspend+0x3c8/0x5b0)
[   26.335028] [<c038892c>] (pm_suspend) from [<c0386dd0>] (state_store+0x68/0xc8)
[   26.335050] [<c0386dd0>] (state_store) from [<c0cfd87c>] (kobj_attr_store+0x14/0x20)
[   26.335075] [<c0cfd87c>] (kobj_attr_store) from [<c04c4ba4>] (sysfs_kf_write+0x44/0x48)
[   26.335093] [<c04c4ba4>] (sysfs_kf_write) from [<c04c402c>] (kernfs_fop_write+0xec/0x1e4)
[   26.335118] [<c04c402c>] (kernfs_fop_write) from [<c045c7cc>] (__vfs_write+0x2c/0x124)
[   26.335133] [<c045c7cc>] (__vfs_write) from [<c045ca34>] (vfs_write+0xa4/0x164)
[   26.335145] [<c045ca34>] (vfs_write) from [<c045cbf4>] (SyS_write+0x40/0x8c)
[   26.335163] [<c045cbf4>] (SyS_write) from [<c0308200>] (ret_fast_syscall+0x0/0x48)
[   26.335176] ---[ end trace 75ae1e03db928021 ]---
[   26.337289] ------------[ cut here ]------------
[   26.337309] WARNING: CPU: 0 PID: 130 at drivers/base/power/runtime.c:1298 pm_runtime_enable+0x80/0xb0
[   26.337315] Enabling runtime PM for inactive device (7d008000.usb) with active children
[   26.337320] Modules linked in:
[   26.337335] CPU: 0 PID: 130 Comm: rtcwake Tainted: G        W        4.14.0-next-20171116-333567-g785be731fbc6 #1
[   26.337340] Hardware name: NVIDIA Tegra SoC (Flattened Device Tree)
[   26.337362] [<c03118c8>] (unwind_backtrace) from [<c030c944>] (show_stack+0x10/0x14)
[   26.337376] [<c030c944>] (show_stack) from [<c0cf9de4>] (dump_stack+0x84/0xa4)
[   26.337393] [<c0cf9de4>] (dump_stack) from [<c0342fc4>] (__warn+0xe4/0x110)
[   26.337408] [<c0342fc4>] (__warn) from [<c03430b4>] (warn_slowpath_fmt+0x38/0x48)
[   26.337421] [<c03430b4>] (warn_slowpath_fmt) from [<c08aea78>] (pm_runtime_enable+0x80/0xb0)
[   26.337434] [<c08aea78>] (pm_runtime_enable) from [<c08b1b8c>] (device_resume_early+0x44/0x1e4)
[   26.337447] [<c08b1b8c>] (device_resume_early) from [<c08b2dd4>] (dpm_resume_early+0x118/0x328)
[   26.337463] [<c08b2dd4>] (dpm_resume_early) from [<c038809c>] (suspend_devices_and_enter+0x2f0/0x7b8)
[   26.337479] [<c038809c>] (suspend_devices_and_enter) from [<c038892c>] (pm_suspend+0x3c8/0x5b0)
[   26.337492] [<c038892c>] (pm_suspend) from [<c0386dd0>] (state_store+0x68/0xc8)
[   26.337508] [<c0386dd0>] (state_store) from [<c0cfd87c>] (kobj_attr_store+0x14/0x20)
[   26.337524] [<c0cfd87c>] (kobj_attr_store) from [<c04c4ba4>] (sysfs_kf_write+0x44/0x48)
[   26.337537] [<c04c4ba4>] (sysfs_kf_write) from [<c04c402c>] (kernfs_fop_write+0xec/0x1e4)
[   26.337551] [<c04c402c>] (kernfs_fop_write) from [<c045c7cc>] (__vfs_write+0x2c/0x124)
[   26.337564] [<c045c7cc>] (__vfs_write) from [<c045ca34>] (vfs_write+0xa4/0x164)
[   26.337575] [<c045ca34>] (vfs_write) from [<c045cbf4>] (SyS_write+0x40/0x8c)
[   26.337588] [<c045cbf4>] (SyS_write) from [<c0308200>] (ret_fast_syscall+0x0/0x48)
[   26.337595] ---[ end trace 75ae1e03db928022 ]---
[   27.509511] OOM killer enabled.
[   27.512647] Restarting tasks ... done.
[   27.542200] PM: suspend exit
root@(none):/# 
root@(none):/# NVTB SYSTEM SUSPEND TEST COMPLETE
