[    0.000000] Booting Linux on physical CPU 0x0
[    0.000000] Linux version 4.4.0-next-20160121+ (pwalmsley@tamien) (gcc version 4.9.2 20140904 (prerelease) (crosstool-NG linaro-1.13.1-4.9-2014.09 - Linaro GCC 4.9-2014.09) ) #1 SMP PREEMPT Wed Jan 20 19:24:15 PST 2016
[    0.000000] Boot CPU: AArch64 Processor [411fd070]
[    0.000000] Memory limited to 1024MB
[    0.000000] efi: Getting EFI parameters from FDT:
[    0.000000] efi: UEFI not found.
[    0.000000] cma: Reserved 16 MiB at 0x000000007f000000
[    0.000000] psci: probing for conduit method from DT.
[    0.000000] psci: PSCIv0.2 detected in firmware.
[    0.000000] psci: Using standard PSCI v0.2 function IDs
[    0.000000] psci: Trusted OS migration not required
[    0.000000] PERCPU: Embedded 20 pages/cpu @ffffffc03efdb000 s41216 r8192 d32512 u81920
[    0.000000] Detected PIPT I-cache on CPU0
[    0.000000] CPU features: enabling workaround for ARM erratum 832075
[    0.000000] CPU features: enabling workaround for ARM erratum 834220
[    0.000000] Built 1 zonelists in Zone order, mobility grouping on.  Total pages: 258048
[    0.000000] Kernel command line: root=/dev/vda2 rw rootwait mem=1024M console=ttyAMA0,38400n8 init=/bin/bash
[    0.000000] PID hash table entries: 4096 (order: 3, 32768 bytes)
[    0.000000] Dentry cache hash table entries: 131072 (order: 8, 1048576 bytes)
[    0.000000] Inode-cache hash table entries: 65536 (order: 7, 524288 bytes)
[    0.000000] software IO TLB [mem 0x79c00000-0x7dc00000] (64MB) mapped at [ffffffc039c00000-ffffffc03dbfffff]
[    0.000000] Memory: 937832K/1048576K available (5964K kernel code, 576K rwdata, 2748K rodata, 692K init, 224K bss, 94360K reserved, 16384K cma-reserved)
[    0.000000] Virtual kernel memory layout:
[    0.000000]     vmalloc : 0xffffff8000000000 - 0xffffffbdbfff0000   (   246 GB)
[    0.000000]     vmemmap : 0xffffffbdc0000000 - 0xffffffbfc0000000   (     8 GB maximum)
[    0.000000]               0xffffffbdc1000000 - 0xffffffbdc2000000   (    16 MB actual)
[    0.000000]     fixed   : 0xffffffbffa7fd000 - 0xffffffbffac00000   (  4108 KB)
[    0.000000]     PCI I/O : 0xffffffbffae00000 - 0xffffffbffbe00000   (    16 MB)
[    0.000000]     modules : 0xffffffbffc000000 - 0xffffffc000000000   (    64 MB)
[    0.000000]     memory  : 0xffffffc000000000 - 0xffffffc040000000   (  1024 MB)
[    0.000000]       .init : 0xffffffc000905000 - 0xffffffc0009b2000   (   692 KB)
[    0.000000]       .text : 0xffffffc000080000 - 0xffffffc000904224   (  8721 KB)
[    0.000000]       .data : 0xffffffc0009b2000 - 0xffffffc000a42200   (   577 KB)
[    0.000000] SLUB: HWalign=64, Order=0-3, MinObjects=0, CPUs=1, Nodes=1
[    0.000000] Preemptible hierarchical RCU implementation.
[    0.000000] 	Build-time adjustment of leaf fanout to 64.
[    0.000000] 	RCU restricting CPUs from NR_CPUS=64 to nr_cpu_ids=1.
[    0.000000] RCU: Adjusting geometry for rcu_fanout_leaf=64, nr_cpu_ids=1
[    0.000000] NR_IRQS:64 nr_irqs:64 0
[    0.000000] Architected cp15 timer(s) running at 62.50MHz (virt).
[    0.000000] clocksource: arch_sys_counter: mask: 0xffffffffffffff max_cycles: 0x1cd42e208c, max_idle_ns: 881590405314 ns
[    0.000155] sched_clock: 56 bits at 62MHz, resolution 16ns, wraps every 4398046511096ns
[    0.006528] Console: colour dummy device 80x25
[    0.007122] Calibrating delay loop (skipped), value calculated using timer frequency.. 125.00 BogoMIPS (lpj=250000)
[    0.007279] pid_max: default: 32768 minimum: 301
[    0.008074] Security Framework initialized
[    0.008509] Mount-cache hash table entries: 2048 (order: 2, 16384 bytes)
[    0.008549] Mountpoint-cache hash table entries: 2048 (order: 2, 16384 bytes)
[    0.031448] ASID allocator initialised with 65536 entries
[    0.054293] EFI services will not be available.
[    0.056914] Brought up 1 CPUs
[    0.056958] SMP: Total of 1 processors activated.
[    0.057188] CPU: All CPU(s) started at EL1
[    0.057825] alternatives: patching kernel code
[    0.070560] devtmpfs: initialized
[    0.078892] DMI not present or invalid.
[    0.080376] clocksource: jiffies: mask: 0xffffffff max_cycles: 0xffffffff, max_idle_ns: 7645041785100000 ns
[    0.085250] pinctrl core: initialized pinctrl subsystem
[    0.113509] NET: Registered protocol family 16
[    0.134672] cpuidle: using governor menu
[    0.136043] vdso: 2 pages (1 code @ ffffffc0009b9000, 1 data @ ffffffc0009b8000)
[    0.136549] hw-breakpoint: found 6 breakpoint and 4 watchpoint registers.
[    0.145134] DMA: preallocated 256 KiB pool for atomic allocations
[    0.147530] Serial: AMBA PL011 UART driver
[    0.183788] 9000000.pl011: ttyAMA0 at MMIO 0x9000000 (irq = 38, base_baud = 0) is a PL011 rev1
[    0.214760] console [ttyAMA0] enabled
[    0.317115] HugeTLB registered 2 MB page size, pre-allocated 0 pages
[    0.341858] vgaarb: loaded
[    0.344943] SCSI subsystem initialized
[    0.355397] usbcore: registered new interface driver usbfs
[    0.357709] usbcore: registered new interface driver hub
[    0.358443] usbcore: registered new device driver usb
[    0.360123] pps_core: LinuxPPS API ver. 1 registered
[    0.360354] pps_core: Software ver. 5.3.6 - Copyright 2005-2007 Rodolfo Giometti <giometti@linux.it>
[    0.361769] PTP clock support registered
[    0.364077] dmi: Firmware registration failed.
[    0.367927] Advanced Linux Sound Architecture Driver Initialized.
[    0.377750] clocksource: Switched to clocksource arch_sys_counter
[    0.379973] VFS: Disk quotas dquot_6.6.0
[    0.380378] VFS: Dquot-cache hash table entries: 512 (order 0, 4096 bytes)
[    0.443612] NET: Registered protocol family 2
[    0.449378] TCP established hash table entries: 8192 (order: 4, 65536 bytes)
[    0.450552] TCP bind hash table entries: 8192 (order: 5, 131072 bytes)
[    0.451146] TCP: Hash tables configured (established 8192 bind 8192)
[    0.452389] UDP hash table entries: 512 (order: 2, 16384 bytes)
[    0.452784] UDP-Lite hash table entries: 512 (order: 2, 16384 bytes)
[    0.455711] NET: Registered protocol family 1
[    0.464530] RPC: Registered named UNIX socket transport module.
[    0.464938] RPC: Registered udp transport module.
[    0.465180] RPC: Registered tcp transport module.
[    0.465632] RPC: Registered tcp NFSv4.1 backchannel transport module.
[    0.471493] kvm [1]: HYP mode not available
[    0.487770] futex hash table entries: 256 (order: 3, 32768 bytes)
[    0.488745] audit: initializing netlink subsys (disabled)
[    0.491001] audit: type=2000 audit(0.456:1): initialized
[    0.565916] squashfs: version 4.0 (2009/01/31) Phillip Lougher
[    0.579563] NFS: Registering the id_resolver key type
[    0.581518] Key type id_resolver registered
[    0.582608] Key type id_legacy registered
[    0.584992] fuse init (API version 7.24)
[    0.598405] 9p: Installing v9fs 9p2000 file system support
[    0.608504] io scheduler noop registered
[    0.610165] io scheduler cfq registered (default)
[    0.672813] Serial: 8250/16550 driver, 4 ports, IRQ sharing disabled
[    0.685114] SuperH (H)SCI(F) driver initialized
[    0.687259] msm_serial: driver initialized
[    0.691109] Unable to detect cache hierarchy from DT for CPU 0
[    0.794484] loop: module loaded
[    0.841979]  vda: vda1 vda2
[    0.879735] tun: Universal TUN/TAP device driver, 1.6
[    0.880120] tun: (C) 1999-2004 Max Krasnyansky <maxk@qualcomm.com>
[    0.900575] sky2: driver version 1.30
[    0.905824] ehci_hcd: USB 2.0 'Enhanced' Host Controller (EHCI) Driver
[    0.906183] ehci-pci: EHCI PCI platform driver
[    0.907120] ehci-platform: EHCI generic platform driver
[    0.908244] ohci_hcd: USB 1.1 'Open' Host Controller (OHCI) Driver
[    0.908619] ohci-pci: OHCI PCI platform driver
[    0.909788] ohci-platform: OHCI generic platform driver
[    0.910941] usbcore: registered new interface driver usb-storage
[    0.914448] mousedev: PS/2 mouse device common for all mice
[    0.936515] sdhci: Secure Digital Host Controller Interface driver
[    0.937104] sdhci: Copyright(c) Pierre Ossman
[    0.939607] Synopsys Designware Multimedia Card Interface Driver
[    0.943199] sdhci-pltfm: SDHCI platform and OF driver helper
[    0.948198] ledtrig-cpu: registered to indicate activity on CPUs
[    0.962225] usbcore: registered new interface driver usbhid
[    0.962721] usbhid: USB HID core driver
[    0.980219] NET: Registered protocol family 17
[    0.983710] 9pnet: Installing 9P2000 support
[    0.985269] Key type dns_resolver registered
[    0.992700] registered taskstats version 1
[    1.006492] hctosys: unable to open rtc device (rtc0)
[    1.010400] ALSA device list:
[    1.010741]   No soundcards found.
[    1.016797] uart-pl011 9000000.pl011: no DMA platform data
[    1.027459] EXT4-fs (vda2): couldn't mount as ext3 due to feature incompatibilities
[    1.227022] EXT4-fs (vda2): recovery complete
[    1.253092] EXT4-fs (vda2): mounted filesystem with ordered data mode. Opts: (null)
[    1.254021] VFS: Mounted root (ext4 filesystem) on device 254:2.
[    1.256409] devtmpfs: mounted
[    1.283318] Freeing unused kernel memory: 692K (ffffffc000905000 - ffffffc0009b2000)
bash: cannot set terminal process group (-1): Inappropriate ioctl for device
bash: no job control in this shell
bash-4.3# 