[0000.779] [TegraBoot] (version 23.00.2015.14-mobile-1ef66670)
[0000.784] Processing in cold boot mode Bootloader 2
[0000.789] A01Q Bootrom Patch rev = 3
[0000.792] Power-up reason: pmu watchdog
[0000.796] No Battery Present
[0000.799] Platform has Ddr4 type ram
[0000.802] max77620 disabling SD1 Remote Sense
[0000.806] Setting Ddr voltage to 1125mv
[0000.811] Serial Number of Pmic Max77663: 0x40daf
[0000.818] Entering ramdump check
[0000.821] Get RamDumpCarveOut = 0x0
[0000.825] RamDumpCarveOut=0x0,  RamDumperFlag=0xe59ff3f8
[0000.830] Last reboot was clean, booting normally!
[0000.834] Sdram initialization is successful 
[0000.838] SecureOs Carveout Base=0xff800000 Size=0x00800000
[0000.844] GSC1 Carveout Base=0xff700000 Size=0x00100000
[0000.870] GSC2 Carveout Base=0xff600000 Size=0x00100000
[0000.897] GSC3 Carveout Base=0xff500000 Size=0x00100000
[0000.902] GSC4 Carveout Base=0xff400000 Size=0x00100000
[0000.907] GSC5 Carveout Base=0xff300000 Size=0x00100000
[0000.912] BpmpFw Carveout Base=0xff2c0000 Size=0x00040000
[0000.918] Lp0 Carveout Base=0xff2bf000 Size=0x00001000
[0000.933] RamDump Carveout Base=0xff23f000 Size=0x00080000
[0000.939] Platform-DebugCarveout: 0
[0000.942] Nck Carveout Base=0xff03f000 Size=0x00200000
[0000.991] Using GPT Primary to query partitions 
[0000.997] Loading Tboot-CPU binary
[0001.046] Verifying bootloader in OdmNonSecureSBK mode
[0001.055] Bootloader load address is 0xa0000000,                            entry address is 0xa0000258
[0001.065] Bootloader downloaded successfully.
[0001.069] Downloaded Tboot-CPU binary to 0xa0000258
[0001.074] MAX77620_GPIO1 Configured.
[0001.078] MAX77620_GPIO5 Configured.
[0001.081] CPU power rail is up
[0001.084] CPU clock enabled
[0001.088] Performing RAM repair
[0001.091] Updating A64 Warmreset Address to 0xa00002e9
[0001.110] Bootloader DTB Load Address: 0x83000000
[0001.127] Kernel DTB Load Address: 0x83080000
[0001.132] Loading cboot binary
[0001.226] Verifying bootloader in OdmNonSecureSBK mode
[0001.314] Bootloader load address is 0x8010fda8,                            entry address is 0x80110000
[0001.323] Bootloader downloaded successfully.
[0001.327] GPT: Partition NOT found ! 
[0001.331] Find Partition via GPT Failed
[0001.334] function NvTbootGetBinaryOffsets: 0x845208 error
[0001.340] Error in NvTbootLoadBinary: 0x845208 !
[0001.344] GPT: Partition NOT found ! 
[0001.348] No FB partition
[0001.350] Next binary entry address: 0x80110000 
[0001.355] BoardId: 2595
[0001.360] dram memory type is 3
[0001.365] WB0 init successful
[0001.392] Bpmp FW successfully loaded
[0001.395] Set NvDecSticky Bits
[0001.398] GSC1 address : ff700000
[0001.402] GSC2 address : ff600000
[0001.406] GSC3 address : ff500000
[0001.410] GSC4 address : ff400000
[0001.413] GSC5 address : ff300000
[0001.417] GSC MC Settings done
[0001.422] TOS old plaintext Image length 61440
[0001.428] *** Secure OS image signature not verified ***
[0001.433] Loading and Validation of Secure OS Successful
[0001.438] NvTbootPackSdramParams: start. 
[0001.443] NvTbootPackSdramParams: done. 
[0001.447] Tegraboot started after 772501 us
[0001.451] Basic modules init took 350304 us
[0001.455] Sec Bootdevice Read Time = 202 ms, Read Size = 8459 KB
[0001.461] Next stage binary read took 14373 us
[0001.465] Carveout took 252701 us
[0001.468] CPU initialization took 92444 us
[0001.472] Total time taken by TegraBoot 709822 us

[0001.477] Starting CPU & Halting co-processor 

64b[0001.612] LPDDR4 Training: Number of tables = 10
[0001.617] EMC Training (SRC-freq: 204000; DST-freq: 408000)
[0001.623] EMC Training Successful
[0001.626] EMC Training (SRC-freq: 204000; DST-freq: 665600)
[0001.632] EMC Training Successful
[0001.635] EMC Training (SRC-freq: 204000; DST-freq: 800000)
[0001.646] EMC Training Successful
[0001.649] EMC Training (SRC-freq: 204000; DST-freq: 1065600)
[0001.672] EMC Training Successful
[0001.675] EMC Training (SRC-freq: 204000; DST-freq: 1331200)
[0001.696] EMC Training Successful
[0001.699] EMC Training (SRC-freq: 204000; DST-freq: 1600000)
[0001.719] EMC Training Successful
[0001.722] Switching to 800000 KHz Success
[0001.755] LPDDR4 Training: Number of tables = 10


U-Boot 2015.07-rc2-g2ac3917 (Nov 09 2015 - 13:12:08 -0800)

TEGRA210
Model: NVIDIA P2371-0000
DRAM:  3 GiB
MC:   Tegra SD/MMC: 0, Tegra SD/MMC: 1
*** Warning - bad CRC, using default environment

In:    serial
Out:   serial
Err:   serial
Net:   Net Initialization Skipped
No ethernet found.
Hit any key to stop autoboot:  2  0 
Tegra210 (P2371-0000) # 
Tegra210 (P2371-0000) # ums 0 mmc 0
UMS: disk start sector: 0x0, count: 0x1d5a000
|/-\|/-\/-\|/-\/-\|/-\/-\|/-\/-\|/-\/-\|/-\/-\|/-\/-\|/-\/-\CTRL+C - Operation aborted
Tegra210 (P2371-0000) # 
Tegra210 (P2371-0000) # env set fdt_copy_node_names /cpus:/psci
Tegra210 (P2371-0000) # setenv rootpart 1
Tegra210 (P2371-0000) # setenv devtype mmc
Tegra210 (P2371-0000) # setenv devnum 0
Tegra210 (P2371-0000) # part uuid ${devtype} ${devnum}:${rootpart} uuid
Tegra210 (P2371-0000) # setenv bootargs ignore_loglevel console=ttyS0,115200n8 earlycon=uart8250,mmio32,0x70006000 rw root=PARTUUID=00000000-0001-0000-788f-a75600000000 rootwait debug earlyprintk init=/bin/bash
Tegra210 (P2371-0000) # load ${devtype} ${devnum}:${rootpart} ${kernel_addr_r} /boot/Image.defconfig
16222720 bytes read in 829 ms (18.7 MiB/s)
Tegra210 (P2371-0000) # load ${devtype} ${devnum}:${rootpart} ${fdt_addr_r} /boot/tegra210-p2371-0000.dtb
45170 bytes read in 454 ms (96.7 KiB/s)
Tegra210 (P2371-0000) # load ${devtype} ${devnum}:${rootpart} ${ramdisk_addr_r} /boot/tegra-ramdisk.img
1627787 bytes read in 494 ms (3.1 MiB/s)
Tegra210 (P2371-0000) # ramdisk_size=${filesize}
Tegra210 (P2371-0000) # booti ${kernel_addr_r} - ${fdt_addr_r}
## Flattened Device Tree blob at 82000000
   Booting using the fdt blob at 0x82000000
   Using Device Tree in place at 0000000082000000, end 000000008200e071

Starting kernel ...

[    0.000000] Booting Linux on physical CPU 0x0
[    0.000000] Linux version 4.13.0-rc4-next-20170811-310618-g91dfed7 (jonathanh@tamien) (gcc version 4.9.2 20140904 (prerelease) (crosstool-NG linaro-1.13.1-4.9-2014.09 - Linaro GCC 4.9-2014.09)) #1 SMP PREEMPT Fri Aug 11 01:54:58 PDT 2017
[    0.000000] Boot CPU: AArch64 Processor [411fd071]
[    0.000000] Machine model: NVIDIA Tegra210 P2371 (P2530/P2595) reference design
[    0.000000] debug: ignoring loglevel setting.
[    0.000000] earlycon: uart8250 at MMIO32 0x0000000070006000 (options '')
[    0.000000] bootconsole [uart8250] enabled
[    0.000000] efi: Getting EFI parameters from FDT:
[    0.000000] efi: UEFI not found.
[    0.000000] cma: Reserved 16 MiB at 0x00000000fe000000
[    0.000000] NUMA: No NUMA configuration found
[    0.000000] NUMA: Faking a node at [mem 0x0000000000000000-0x000000013fffffff]
[    0.000000] NUMA: NODE_DATA [mem 0x13ffaba80-0x13ffad57f]
[    0.000000] Zone ranges:
[    0.000000]   DMA      [mem 0x0000000080000000-0x00000000ffffffff]
[    0.000000]   Normal   [mem 0x0000000100000000-0x000000013fffffff]
[    0.000000] Movable zone start for each node
[    0.000000] Early memory node ranges
[    0.000000]   node   0: [mem 0x0000000080000000-0x00000000ff1fffff]
[    0.000000]   node   0: [mem 0x0000000100000000-0x000000013fffffff]
[    0.000000] Initmem setup node 0 [mem 0x0000000080000000-0x000000013fffffff]
[    0.000000] On node 0 totalpages: 782848
[    0.000000]   DMA zone: 8192 pages used for memmap
[    0.000000]   DMA zone: 0 pages reserved
[    0.000000]   DMA zone: 520704 pages, LIFO batch:31
[    0.000000]   Normal zone: 4096 pages used for memmap
[    0.000000]   Normal zone: 262144 pages, LIFO batch:31
[    0.000000] psci: probing for conduit method from DT.
[    0.000000] psci: PSCIv0.2 detected in firmware.
[    0.000000] psci: Using standard PSCI v0.2 function IDs
[    0.000000] psci: MIGRATE_INFO_TYPE not supported.
[    0.000000] percpu: Embedded 26 pages/cpu @ffff8000bff40000 s68224 r8192 d30080 u106496
[    0.000000] pcpu-alloc: s68224 r8192 d30080 u106496 alloc=26*4096
[    0.000000] pcpu-alloc: [0] 0 [0] 1 [0] 2 [0] 3 
[    0.000000] Detected PIPT I-cache on CPU0
[    0.000000] CPU features: enabling workaround for ARM erratum 832075
[    0.000000] CPU features: enabling workaround for ARM erratum 834220
[    0.000000] Built 1 zonelists, mobility grouping on.  Total pages: 770560
[    0.000000] Policy zone: Normal
[    0.000000] Kernel command line: ignore_loglevel console=ttyS0,115200n8 earlycon=uart8250,mmio32,0x70006000 rw root=PARTUUID=00000000-0001-0000-788f-a75600000000 rootwait debug earlyprintk init=/bin/bash
[    0.000000] PID hash table entries: 4096 (order: 3, 32768 bytes)
[    0.000000] software IO TLB [mem 0xfa000000-0xfe000000] (64MB) mapped at [ffff80007a000000-ffff80007dffffff]
[    0.000000] Memory: 2982784K/3131392K available (9084K kernel code, 1122K rwdata, 4444K rodata, 1152K init, 402K bss, 132224K reserved, 16384K cma-reserved)
[    0.000000] Virtual kernel memory layout:
[    0.000000]     modules : 0xffff000000000000 - 0xffff000008000000   (   128 MB)
[    0.000000]     vmalloc : 0xffff000008000000 - 0xffff7dffbfff0000   (129022 GB)
[    0.000000]       .text : 0xffff000008080000 - 0xffff000008960000   (  9088 KB)
[    0.000000]     .rodata : 0xffff000008960000 - 0xffff000008dc0000   (  4480 KB)
[    0.000000]       .init : 0xffff000008dc0000 - 0xffff000008ee0000   (  1152 KB)
[    0.000000]       .data : 0xffff000008ee0000 - 0xffff000008ff8a00   (  1123 KB)
[    0.000000]        .bss : 0xffff000008ff8a00 - 0xffff00000905d2f0   (   403 KB)
[    0.000000]     fixed   : 0xffff7dfffe7fd000 - 0xffff7dfffec00000   (  4108 KB)
[    0.000000]     PCI I/O : 0xffff7dfffee00000 - 0xffff7dffffe00000   (    16 MB)
[    0.000000]     vmemmap : 0xffff7e0000000000 - 0xffff800000000000   (  2048 GB maximum)
[    0.000000]               0xffff7e0000000000 - 0xffff7e0003000000   (    48 MB actual)
[    0.000000]     memory  : 0xffff800000000000 - 0xffff8000c0000000   (  3072 MB)
[    0.000000] SLUB: HWalign=64, Order=0-3, MinObjects=0, CPUs=4, Nodes=1
[    0.000000] Preemptible hierarchical RCU implementation.
[    0.000000] 	RCU restricting CPUs from NR_CPUS=64 to nr_cpu_ids=4.
[    0.000000] 	Tasks RCU enabled.
[    0.000000] RCU: Adjusting geometry for rcu_fanout_leaf=16, nr_cpu_ids=4
[    0.000000] NR_IRQS: 64, nr_irqs: 64, preallocated irqs: 0
[    0.000000] GIC: Using split EOI/Deactivate mode
[    0.000000] /interrupt-controller@60004000: 192 interrupts forwarded to /interrupt-controller@50041000
[    0.000000] boot misc1 0x0: expected 0x20
[    0.000000]  (comparison mask = 0xffffff)
[    0.000000] PLL_X already enabled. Postponing set full defaults
[    0.000000] arch_timer: cp15 timer(s) running at 19.20MHz (phys).
[    0.000000] clocksource: arch_sys_counter: mask: 0xffffffffffffff max_cycles: 0x46d987e47, max_idle_ns: 440795202767 ns
[    0.000004] sched_clock: 56 bits at 19MHz, resolution 52ns, wraps every 4398046511078ns
[    0.008438] Console: colour dummy device 80x25
[    0.013082] Calibrating delay loop (skipped), value calculated using timer frequency.. 38.40 BogoMIPS (lpj=76800)
[    0.023694] pid_max: default: 32768 minimum: 301
[    0.028540] Security Framework initialized
[    0.035330] Dentry cache hash table entries: 524288 (order: 10, 4194304 bytes)
[    0.044090] Inode-cache hash table entries: 262144 (order: 9, 2097152 bytes)
[    0.051437] Mount-cache hash table entries: 8192 (order: 4, 65536 bytes)
[    0.058411] Mountpoint-cache hash table entries: 8192 (order: 4, 65536 bytes)
[    0.081872] ASID allocator initialised with 65536 entries
[    0.087532] Hierarchical SRCU implementation.
[    0.101023] Speedo Revision 4
[    0.104112] Tegra Revision: A01 SKU: 1 CPU Process: -22 SoC Process: -22
[    0.111942] EFI services will not be available.
[    0.124660] smp: Bringing up secondary CPUs ...
[    0.157486] Detected PIPT I-cache on CPU1
[    0.157528] CPU1: Booted secondary processor [411fd071]
[    0.185549] Detected PIPT I-cache on CPU2
[    0.185582] CPU2: Booted secondary processor [411fd071]
[    0.213614] Detected PIPT I-cache on CPU3
[    0.213645] CPU3: Booted secondary processor [411fd071]
[    0.213715] smp: Brought up 1 node, 4 CPUs
[    0.246602] SMP: Total of 4 processors activated.
[    0.251473] CPU features: detected feature: 32-bit EL0 Support
[    0.257704] CPU: All CPU(s) started at EL2
[    0.261954] alternatives: patching kernel code
[    0.270849] devtmpfs: initialized
[    0.281788] clocksource: jiffies: mask: 0xffffffff max_cycles: 0xffffffff, max_idle_ns: 7645041785100000 ns
[    0.291925] futex hash table entries: 1024 (order: 5, 131072 bytes)
[    0.298896] pinctrl core: initialized pinctrl subsystem
[    0.304477] random: fast init done
[    0.305719] DMI not present or invalid.
[    0.306031] NET: Registered protocol family 16
[    0.318071] cpuidle: using governor menu
[    0.322993] vdso: 2 pages (1 code @ ffff000008966000, 1 data @ ffff000008ee5000)
[    0.330670] hw-breakpoint: found 6 breakpoint and 4 watchpoint registers.
[    0.338638] DMA: preallocated 256 KiB pool for atomic allocations
[    0.346637] Serial: AMBA PL011 UART driver
[    0.371896] HugeTLB registered 2.00 MiB page size, pre-allocated 0 pages
[    0.379736] ACPI: Interpreter disabled.
[    0.384274] vgaarb: loaded
[    0.387302] SCSI subsystem initialized
[    0.392460] libata version 3.00 loaded.
[    0.396695] usbcore: registered new interface driver usbfs
[    0.402440] usbcore: registered new interface driver hub
[    0.408004] usbcore: registered new device driver usb
[    0.414321] pps_core: LinuxPPS API ver. 1 registered
[    0.419464] pps_core: Software ver. 5.3.6 - Copyright 2005-2007 Rodolfo Giometti <giometti@linux.it>
[    0.428932] PTP clock support registered
[    0.433115] EDAC MC: Ver: 3.0.0
[    0.436593] dmi: Firmware registration failed.
[    0.441438] Advanced Linux Sound Architecture Driver Initialized.
[    0.448439] clocksource: Switched to clocksource arch_sys_counter
[    0.454897] VFS: Disk quotas dquot_6.6.0
[    0.459025] VFS: Dquot-cache hash table entries: 512 (order 0, 4096 bytes)
[    0.466315] pnp: PnP ACPI: disabled
[    0.476638] NET: Registered protocol family 2
[    0.481706] TCP established hash table entries: 32768 (order: 6, 262144 bytes)
[    0.489510] TCP bind hash table entries: 32768 (order: 7, 524288 bytes)
[    0.496641] TCP: Hash tables configured (established 32768 bind 32768)
[    0.503526] UDP hash table entries: 2048 (order: 4, 65536 bytes)
[    0.509811] UDP-Lite hash table entries: 2048 (order: 4, 65536 bytes)
[    0.516642] NET: Registered protocol family 1
[    0.521444] RPC: Registered named UNIX socket transport module.
[    0.527588] RPC: Registered udp transport module.
[    0.532466] RPC: Registered tcp transport module.
[    0.537340] RPC: Registered tcp NFSv4.1 backchannel transport module.
[    0.544011] PCI: CLS 0 bytes, default 128
[    0.548791] kvm [1]: 8-bit VMID
[    0.552036] kvm [1]: IDMAP page: 80954000
[    0.556199] kvm [1]: HYP VA range: 800000000000:ffffffffffff
[    0.562908] kvm [1]: Hyp mode initialized successfully
[    0.568281] kvm [1]: vgic-v2@50044000
[    0.572186] kvm [1]: vgic interrupt IRQ1
[    0.576262] kvm [1]: virtual timer IRQ4
[    0.582844] audit: initializing netlink subsys (disabled)
[    0.588544] audit: type=2000 audit(0.519:1): state=initialized audit_enabled=0 res=1
[    0.588777] workingset: timestamp_bits=44 max_order=20 bucket_order=0
[    0.594748] squashfs: version 4.0 (2009/01/31) Phillip Lougher
[    0.595368] NFS: Registering the id_resolver key type
[    0.595387] Key type id_resolver registered
[    0.595390] Key type id_legacy registered
[    0.595400] nfs4filelayout_init: NFSv4 File Layout Driver Registering...
[    0.595555] 9p: Installing v9fs 9p2000 file system support
[    0.597997] Block layer SCSI generic (bsg) driver version 0.4 loaded (major 247)
[    0.598004] io scheduler noop registered
[    0.598187] io scheduler cfq registered (default)
[    0.598192] io scheduler mq-deadline registered
[    0.598195] io scheduler kyber registered
[    0.616156] tegra-apbdma 60020000.dma: Tegra20 APB DMA driver register 32 channels
[    0.617813] tegra-pmc 7000e400.pmc: i2c-thermtrip node not found, emergency thermal reset disabled.
[    0.621449] Serial: 8250/16550 driver, 4 ports, IRQ sharing enabled
[    0.623044] console [ttyS0] disabled
[    0.688598] 70006000.serial: ttyS0 at MMIO 0x70006000 (irq = 313, base_baud = 25500000) is a Tegra
[    0.697924] console [ttyS0] enabled
[    0.697924] console [ttyS0] enabled
[    0.705015] bootconsole [uart8250] disabled
[    0.705015] bootconsole [uart8250] disabled
[    0.713934] SuperH (H)SCI(F) driver initialized
[    0.718732] msm_serial: driver initialized
[    0.723327] cacheinfo: Unable to detect cache hierarchy for CPU 0
[    0.734776] loop: module loaded
[    0.740563] libphy: Fixed MDIO Bus: probed
[    0.745020] tun: Universal TUN/TAP device driver, 1.6
[    0.750805] e1000e: Intel(R) PRO/1000 Network Driver - 3.2.6-k
[    0.756645] e1000e: Copyright(c) 1999 - 2015 Intel Corporation.
[    0.762612] igb: Intel(R) Gigabit Ethernet Network Driver - version 5.4.0-k
[    0.769574] igb: Copyright (c) 2007-2014 Intel Corporation.
[    0.775195] igbvf: Intel(R) Gigabit Virtual Function Network Driver - version 2.4.0-k
[    0.783022] igbvf: Copyright (c) 2009 - 2012 Intel Corporation.
[    0.789195] sky2: driver version 1.30
[    0.793257] VFIO - User Level meta-driver version: 0.3
[    0.799333] ehci_hcd: USB 2.0 'Enhanced' Host Controller (EHCI) Driver
[    0.805867] ehci-pci: EHCI PCI platform driver
[    0.810351] ehci-platform: EHCI generic platform driver
[    0.815660] ehci-orion: EHCI orion driver
[    0.819744] ehci-exynos: EHCI EXYNOS driver
[    0.823998] ehci-msm: Qualcomm On-Chip EHCI Host Controller
[    0.829643] ohci_hcd: USB 1.1 'Open' Host Controller (OHCI) Driver
[    0.835832] ohci-pci: OHCI PCI platform driver
[    0.840315] ohci-platform: OHCI generic platform driver
[    0.845617] ohci-exynos: OHCI EXYNOS driver
[    0.850150] usbcore: registered new interface driver usb-storage
[    0.857960] tegra_rtc 7000e000.rtc: rtc core: registered 7000e000.rtc as rtc1
[    0.865141] tegra_rtc 7000e000.rtc: Tegra internal Real Time Clock
[    0.871458] i2c /dev entries driver
[    0.877264] sdhci: Secure Digital Host Controller Interface driver
[    0.883447] sdhci: Copyright(c) Pierre Ossman
[    0.887952] Synopsys Designware Multimedia Card Interface Driver
[    0.894484] sdhci-pltfm: SDHCI platform and OF driver helper
[    0.908516] mmc0: Unknown controller version (3). You may experience problems.
[    0.960495] mmc0: SDHCI controller on 700b0600.sdhci [700b0600.sdhci] using ADMA 64-bit
[    0.972808] ledtrig-cpu: registered to indicate activity on CPUs
[    0.980124] usbcore: registered new interface driver usbhid
[    0.985804] usbhid: USB HID core driver
[    0.994925] NET: Registered protocol family 17
[    0.999482] 9pnet: Installing 9P2000 support
[    1.003812] Key type dns_resolver registered
[    1.008674] registered taskstats version 1
[    1.025543] hctosys: unable to open rtc device (rtc0)
[    1.031169] ALSA device list:
[    1.034166]   No soundcards found.
[    1.038232] Waiting for root device PARTUUID=00000000-0001-0000-788f-a75600000000...
[    1.040226] mmc0: new high speed MMC card at address 0001
[    1.040586] mmcblk0: mmc0:0001 SDW16G 14.7 GiB 
[    1.040720] mmcblk0boot0: mmc0:0001 SDW16G partition 1 4.00 MiB
[    1.040844] mmcblk0boot1: mmc0:0001 SDW16G partition 2 4.00 MiB
[    1.040965] mmcblk0rpmb: mmc0:0001 SDW16G partition 3 4.00 MiB
[    1.042352]  mmcblk0: p1 p2 p3 p4 p5 p6 p7 p8 p9 p10 p11 p12 p13 p14 p15 p16 p17 p18
[    1.087492] EXT4-fs (mmcblk0p1): couldn't mount as ext3 due to feature incompatibilities
[    1.113664] EXT4-fs (mmcblk0p1): mounted filesystem with ordered data mode. Opts: (null)
[    1.121788] VFS: Mounted root (ext4 filesystem) on device 179:1.
[    1.132010] devtmpfs: mounted
[    1.135680] Freeing unused kernel memory: 1152K
bash: cannot set terminal process group (-1): Inappropriate ioctl for device
bash: no job control in this shell
root@(none):/# 