
U-Boot SPL 2014.01-00219-gc4d376f (Feb 18 2014 - 19:57:18)


U-Boot 2014.01-00219-gc4d376f (Feb 18 2014 - 19:57:18)

TEGRA30
Board: NVIDIA Beaver
I2C:   ready
DRAM:  2 GiB
MMC:   Tegra SD/MMC: 0, Tegra SD/MMC: 1
In:    serial
Out:   serial
Err:   serial
Net:   Net Initialization Skipped
No ethernet found.
Hit any key to stop autoboot:  2  0 
Tegra30 (Beaver) # 
Tegra30 (Beaver) # usb reset
(Re)start USB...
USB0:   USB EHCI 1.00
scanning bus 0 for devices... 2 USB Device(s) found
       scanning usb for storage devices... 0 Storage Device(s) found
       scanning usb for ethernet devices... 
Warning: asx0 using MAC address from net device
1 Ethernet Device(s) found
Tegra30 (Beaver) # setenv bootargs 'ignore_loglevel console=ttyS0,115200n8 rw root=PARTUUID=edbe1840-3633-c751-7993-b0ac834f81e0 rootwait gpt debug noinitrd earlyprintk init=/bin/bash'
Tegra30 (Beaver) # setenv ipaddr 192.168.100.101; setenv serverip 192.168.100.1; setenv tftpserverip 192.168.100.1
Tegra30 (Beaver) # tftpboot 0x81000000 zImage.multi_v7_defconfig
Using asx0 device
TFTP from server 192.168.100.1; our IP address is 192.168.100.101
Filename 'zImage.multi_v7_defconfig'.
Load address: 0x81000000
Loading: *#################################################################
	 #################################################################
	 #################################################################
	 #################################################################
	 #################################################################
	 #################################################################
	 #################################################################
	 #################################################################
	 ##################
	 3 MiB/s
done
Bytes transferred = 7889992 (786448 hex)
Tegra30 (Beaver) # tftpboot 0x82000000 tegra30-beaver.dtb
Using asx0 device
TFTP from server 192.168.100.1; our IP address is 192.168.100.101
Filename 'tegra30-beaver.dtb'.
Load address: 0x82000000
Loading: *####
	 2.7 MiB/s
done
Bytes transferred = 51804 (ca5c hex)
Tegra30 (Beaver) # bootz 0x81000000 - 0x82000000
Kernel image @ 0x81000000 [ 0x000000 - 0x786448 ]
## Flattened Device Tree blob at 82000000
   Booting using the fdt blob at 0x82000000
   Loading Device Tree to 8fff0000, end 8ffffa5b ... OK

Starting kernel ...

[    0.000000] Booting Linux on physical CPU 0x0
[    0.000000] Linux version 4.11.0-rc6-next-20170413-166612-gf4fa27cb (jonathanh@sellafield) (gcc version 4.7.3 20130328 (prerelease) (crosstool-NG linaro-1.13.1-4.7-2013.04-20130415 - Linaro GCC 2013.04) ) #1 SMP Wed Apr 12 22:50:01 PDT 2017
[    0.000000] CPU: ARMv7 Processor [412fc099] revision 9 (ARMv7), cr=10c5387d
[    0.000000] CPU: PIPT / VIPT nonaliasing data cache, VIPT aliasing instruction cache
[    0.000000] OF: fdt: Machine model: NVIDIA Tegra30 Beaver evaluation board
[    0.000000] debug: ignoring loglevel setting.
[    0.000000] efi: Getting EFI parameters from FDT:
[    0.000000] efi: UEFI not found.
[    0.000000] cma: Reserved 64 MiB at 0xfb800000
[    0.000000] Memory policy: Data cache writealloc
[    0.000000] On node 0 totalpages: 524032
[    0.000000] free_area_init_node: node 0, pgdat c157ea80, node_mem_map eeff8000
[    0.000000]   DMA zone: 1536 pages used for memmap
[    0.000000]   DMA zone: 0 pages reserved
[    0.000000]   DMA zone: 196608 pages, LIFO batch:31
[    0.000000]   HighMem zone: 327424 pages, LIFO batch:31
[    0.000000] percpu: Embedded 17 pages/cpu @eef88000 s39040 r8192 d22400 u69632
[    0.000000] pcpu-alloc: s39040 r8192 d22400 u69632 alloc=17*4096
[    0.000000] pcpu-alloc: [0] 0 [0] 1 [0] 2 [0] 3 
[    0.000000] Built 1 zonelists in Zone order, mobility grouping on.  Total pages: 522496
[    0.000000] Kernel command line: ignore_loglevel console=ttyS0,115200n8 rw root=PARTUUID=edbe1840-3633-c751-7993-b0ac834f81e0 rootwait gpt debug noinitrd earlyprintk init=/bin/bash
[    0.000000] PID hash table entries: 4096 (order: 2, 16384 bytes)
[    0.000000] Dentry cache hash table entries: 131072 (order: 7, 524288 bytes)
[    0.000000] Inode-cache hash table entries: 65536 (order: 6, 262144 bytes)
[    0.000000] Memory: 1993468K/2096128K available (10240K kernel code, 1561K rwdata, 4380K rodata, 2048K init, 407K bss, 37124K reserved, 65536K cma-reserved, 1244160K highmem)
[    0.000000] Virtual kernel memory layout:
[    0.000000]     vector  : 0xffff0000 - 0xffff1000   (   4 kB)
[    0.000000]     fixmap  : 0xffc00000 - 0xfff00000   (3072 kB)
[    0.000000]     vmalloc : 0xf0800000 - 0xff800000   ( 240 MB)
[    0.000000]     lowmem  : 0xc0000000 - 0xf0000000   ( 768 MB)
[    0.000000]     pkmap   : 0xbfe00000 - 0xc0000000   (   2 MB)
[    0.000000]     modules : 0xbf000000 - 0xbfe00000   (  14 MB)
[    0.000000]       .text : 0xc0208000 - 0xc0d00000   (11232 kB)
[    0.000000]       .init : 0xc1200000 - 0xc1400000   (2048 kB)
[    0.000000]       .data : 0xc1400000 - 0xc1586628   (1562 kB)
[    0.000000]        .bss : 0xc158fd10 - 0xc15f5b08   ( 408 kB)
[    0.000000] SLUB: HWalign=64, Order=0-3, MinObjects=0, CPUs=4, Nodes=1
[    0.000000] Hierarchical RCU implementation.
[    0.000000] 	RCU debugfs-based tracing is enabled.
[    0.000000] 	RCU restricting CPUs from NR_CPUS=16 to nr_cpu_ids=4.
[    0.000000] RCU: Adjusting geometry for rcu_fanout_leaf=16, nr_cpu_ids=4
[    0.000000] NR_IRQS:16 nr_irqs:16 16
[    0.000000] /interrupt-controller@60004000: 160 interrupts forwarded to /interrupt-controller@50041000
[    0.000000] L2C: platform modifies aux control register: 0x02080000 -> 0x3e480001
[    0.000000] L2C: DT/platform modifies aux control register: 0x02080000 -> 0x3e480001
[    0.000000] L2C-310 erratum 769419 enabled
[    0.000000] L2C-310 enabling early BRESP for Cortex-A9
[    0.000000] L2C-310: enabling full line of zeros but not enabled in Cortex-A9
[    0.000000] L2C-310 dynamic clock gating enabled, standby mode enabled
[    0.000000] L2C-310 cache controller enabled, 8 ways, 1024 kB
[    0.000000] L2C-310: CACHE_ID 0x410000c7, AUX_CTRL 0x4e480001
[    0.000013] sched_clock: 32 bits at 1000kHz, resolution 1000ns, wraps every 2147483647500ns
[    0.000031] clocksource: timer_us: mask: 0xffffffff max_cycles: 0xffffffff, max_idle_ns: 1911260446275 ns
[    0.000040] Switching to timer-based delay loop, resolution 1000ns
[    0.002815] Console: colour dummy device 80x30
[    0.002846] Calibrating delay loop (skipped), value calculated using timer frequency.. 2.00 BogoMIPS (lpj=10000)
[    0.002855] pid_max: default: 32768 minimum: 301
[    0.002927] Mount-cache hash table entries: 2048 (order: 1, 8192 bytes)
[    0.002936] Mountpoint-cache hash table entries: 2048 (order: 1, 8192 bytes)
[    0.003308] CPU: Testing write buffer coherency: ok
[    0.003631] CPU0: thread -1, cpu 0, socket 0, mpidr 80000000
[    0.003847] Setting up static identity map for 0x80300000 - 0x803000a0
[    0.006417] Tegra Revision: A03 SKU: 128 CPU Process: 4 SoC Process: 0
[    0.006969] EFI services will not be available.
[    0.007122] smp: Bringing up secondary CPUs ...
[    0.010377] CPU1: thread -1, cpu 1, socket 0, mpidr 80000001
[    0.020338] CPU2: thread -1, cpu 2, socket 0, mpidr 80000002
[    0.030334] CPU3: thread -1, cpu 3, socket 0, mpidr 80000003
[    0.030379] smp: Brought up 1 node, 4 CPUs
[    0.030392] SMP: Total of 4 processors activated (8.00 BogoMIPS).
[    0.030397] CPU: All CPU(s) started in SVC mode.
[    0.031088] devtmpfs: initialized
[    0.039496] VFP support v0.3: implementor 41 architecture 3 part 30 variant 9 rev 4
[    0.039990] clocksource: jiffies: mask: 0xffffffff max_cycles: 0xffffffff, max_idle_ns: 19112604462750000 ns
[    0.040007] futex hash table entries: 1024 (order: 4, 65536 bytes)
[    0.043342] pinctrl core: initialized pinctrl subsystem
[    0.045116] NET: Registered protocol family 16
[    0.047896] DMA: preallocated 256 KiB pool for atomic coherent allocations
[    0.049605] cpuidle: using governor menu
[    0.064278] No ATAGs?
[    0.064382] hw-breakpoint: found 5 (+1 reserved) breakpoint and 1 watchpoint registers.
[    0.064393] hw-breakpoint: maximum watchpoint size is 4 bytes.
[    0.068765] Serial: AMBA PL011 UART driver
[    0.069243] tegra-mc 7000f000.memory-controller: no memory timings for RAM code 3 registered
[    0.078456] AT91: Could not find identification node
[    0.078923] vdd_5v_sata: Failed to request enable GPIO30: -517
[    0.078938] reg-fixed-voltage regulators:regulator@3: Failed to register regulator: -517
[    0.078982] usb1_vbus: Failed to request enable GPIO238: -517
[    0.078989] reg-fixed-voltage regulators:regulator@4: Failed to register regulator: -517
[    0.079033] usb3_vbus: Failed to request enable GPIO236: -517
[    0.079040] reg-fixed-voltage regulators:regulator@5: Failed to register regulator: -517
[    0.079130] sys_3v3_pexs: Failed to request enable GPIO95: -517
[    0.079137] reg-fixed-voltage regulators:regulator@7: Failed to register regulator: -517
[    0.080983] vgaarb: loaded
[    0.081452] SCSI subsystem initialized
[    0.081563] libata version 3.00 loaded.
[    0.081717] usbcore: registered new interface driver usbfs
[    0.081750] usbcore: registered new interface driver hub
[    0.081783] usbcore: registered new device driver usb
[    0.088877] vrtc: supplied by vdd_5v_in
[    0.092175] vio: supplied by vdd_5v_in
[    0.101828] vdd1: supplied by vdd_5v_in
[    0.103185] vddio_ddr_1v2: Bringing 600000uV into 1200000-1200000uV
[    0.111833] vdd2: supplied by vdd_5v_in
[    0.131823] ldo1: supplied by vdd_1v5_gen
[    0.134212] ldo2: supplied by vdd_1v5_gen
[    0.134683] vdd_sata,avdd_plle: Bringing 1200000uV into 1050000-1050000uV
[    0.136926] ldo3: supplied by vdd_5v_in
[    0.139282] ldo4: supplied by vdd_5v_in
[    0.141831] ldo5: supplied by vdd_5v_in
[    0.151823] ldo6: supplied by vdd_1v8_gen
[    0.152292] avdd_dsi_csi,pwrdet_mipi: Bringing 1000000uV into 1200000-1200000uV
[    0.154560] ldo7: supplied by vdd_1v8_gen
[    0.161820] ldo8: supplied by vdd_1v8_gen
[    0.171937] pps_core: LinuxPPS API ver. 1 registered
[    0.171945] pps_core: Software ver. 5.3.6 - Copyright 2005-2007 Rodolfo Giometti <giometti@linux.it>
[    0.171958] PTP clock support registered
[    0.172091] EDAC MC: Ver: 3.0.0
[    0.173682] clocksource: Switched to clocksource timer_us
[    0.206572] NET: Registered protocol family 2
[    0.206997] TCP established hash table entries: 8192 (order: 3, 32768 bytes)
[    0.207053] TCP bind hash table entries: 8192 (order: 4, 65536 bytes)
[    0.207137] TCP: Hash tables configured (established 8192 bind 8192)
[    0.207284] UDP hash table entries: 512 (order: 2, 16384 bytes)
[    0.207351] UDP-Lite hash table entries: 512 (order: 2, 16384 bytes)
[    0.207520] NET: Registered protocol family 1
[    0.207885] RPC: Registered named UNIX socket transport module.
[    0.207893] RPC: Registered udp transport module.
[    0.207897] RPC: Registered tcp transport module.
[    0.207902] RPC: Registered tcp NFSv4.1 backchannel transport module.
[    0.207911] PCI: CLS 0 bytes, default 64
[    0.208729] hw perfevents: no interrupt-affinity property for /pmu, guessing.
[    0.208929] hw perfevents: enabled with armv7_cortex_a9 PMU driver, 7 counters available
[    0.210220] workingset: timestamp_bits=30 max_order=19 bucket_order=0
[    0.215331] squashfs: version 4.0 (2009/01/31) Phillip Lougher
[    0.215767] NFS: Registering the id_resolver key type
[    0.215794] Key type id_resolver registered
[    0.215799] Key type id_legacy registered
[    0.215828] ntfs: driver 2.1.32 [Flags: R/O].
[    0.216895] bounce: pool size: 64 pages
[    0.216932] Block layer SCSI generic (bsg) driver version 0.4 loaded (major 248)
[    0.216940] io scheduler noop registered
[    0.216944] io scheduler deadline registered
[    0.217053] io scheduler cfq registered (default)
[    0.217059] io scheduler mq-deadline registered
[    0.223074] tegra30-pinctrl 70000868.pinmux: invalid group "sdmmc3_dat6_pd3" for function "rsvd1"
[    0.223089] tegra30-pinctrl 70000868.pinmux: invalid group "sdmmc3_dat7_pd4" for function "rsvd1"
[    0.223103] tegra30-pinctrl 70000868.pinmux: invalid group "vi_vsync_pd6" for function "rsvd1"
[    0.223112] tegra30-pinctrl 70000868.pinmux: invalid group "vi_hsync_pd7" for function "rsvd1"
[    0.223555] tegra30-pinctrl 70000868.pinmux: invalid group "hdmi_int_pn7" for function "rsvd1"
[    0.223597] tegra30-pinctrl 70000868.pinmux: invalid group "ulpi_data3_po4" for function "rsvd1"
[    0.223985] tegra30-pinctrl 70000868.pinmux: invalid group "vi_d10_pt2" for function "rsvd1"
[    0.224000] tegra30-pinctrl 70000868.pinmux: invalid group "vi_d11_pt3" for function "rsvd1"
[    0.224011] tegra30-pinctrl 70000868.pinmux: invalid group "vi_d0_pt4" for function "rsvd1"
[    0.224051] tegra30-pinctrl 70000868.pinmux: invalid group "pu0" for function "rsvd1"
[    0.224080] tegra30-pinctrl 70000868.pinmux: invalid group "pu3" for function "rsvd1"
[    0.224108] tegra30-pinctrl 70000868.pinmux: invalid group "pu6" for function "rsvd1"
[    0.224148] tegra30-pinctrl 70000868.pinmux: invalid group "pv3" for function "rsvd1"
[    0.224625] tegra30-pinctrl 70000868.pinmux: invalid group "pbb0" for function "rsvd1"
[    0.224741] tegra30-pinctrl 70000868.pinmux: invalid group "pcc1" for function "rsvd1"
[    0.229895] tegra-pcie 3000.pcie-controller: 2x3 configuration
[    0.230068] tegra-pcie 3000.pcie-controller: Failed to get supply 'hvdd-pex': -517
[    0.269280] tegra-apbdma 6000a000.dma: Tegra20 APB DMA driver register 32 channels
[    0.270877] tegra-pmc 7000e400.pmc: i2c-thermtrip node not found, emergency thermal reset disabled.
[    0.303105] Serial: 8250/16550 driver, 4 ports, IRQ sharing disabled
[    0.305229] console [ttyS0] disabled
[    0.305270] 70006000.serial: ttyS0 at MMIO 0x70006000 (irq = 331, base_baud = 25500000) is a Tegra
[    1.322809] console [ttyS0] enabled
[    1.326819] SuperH (H)SCI(F) driver initialized
[    1.331906] msm_serial: driver initialized
[    1.336119] STMicroelectronics ASC driver initialized
[    1.344620] tegra-hdmi 54280000.hdmi: failed to get HDMI regulator
[    1.359273] brd: module loaded
[    1.368167] loop: module loaded
[    1.376865] m25p80 spi32766.1: w25q32 (4096 Kbytes)
[    1.383615] libphy: Fixed MDIO Bus: probed
[    1.388447] CAN device driver interface
[    1.392824] bgmac_bcma: Broadcom 47xx GBit MAC driver loaded
[    1.399223] e1000e: Intel(R) PRO/1000 Network Driver - 3.2.6-k
[    1.405051] e1000e: Copyright(c) 1999 - 2015 Intel Corporation.
[    1.410991] igb: Intel(R) Gigabit Ethernet Network Driver - version 5.4.0-k
[    1.417956] igb: Copyright (c) 2007-2014 Intel Corporation.
[    1.425507] pegasus: v0.9.3 (2013/04/25), Pegasus/Pegasus II USB Ethernet driver
[    1.432935] usbcore: registered new interface driver pegasus
[    1.438623] usbcore: registered new interface driver asix
[    1.444039] usbcore: registered new interface driver ax88179_178a
[    1.450134] usbcore: registered new interface driver cdc_ether
[    1.455989] usbcore: registered new interface driver smsc75xx
[    1.461756] usbcore: registered new interface driver smsc95xx
[    1.467517] usbcore: registered new interface driver net1080
[    1.473179] usbcore: registered new interface driver cdc_subset
[    1.479115] usbcore: registered new interface driver zaurus
[    1.484717] usbcore: registered new interface driver cdc_ncm
[    1.491773] ehci_hcd: USB 2.0 'Enhanced' Host Controller (EHCI) Driver
[    1.498296] ehci-pci: EHCI PCI platform driver
[    1.502750] ehci-platform: EHCI generic platform driver
[    1.508092] ehci-orion: EHCI orion driver
[    1.512181] SPEAr-ehci: EHCI SPEAr driver
[    1.516264] ehci-st: EHCI STMicroelectronics driver
[    1.521202] ehci-exynos: EHCI EXYNOS driver
[    1.525472] ehci-atmel: EHCI Atmel driver
[    1.529544] tegra-ehci: Tegra EHCI driver
[    1.533847] ohci_hcd: USB 1.1 'Open' Host Controller (OHCI) Driver
[    1.540021] ohci-pci: OHCI PCI platform driver
[    1.544498] ohci-platform: OHCI generic platform driver
[    1.549813] ohci-omap3: OHCI OMAP3 driver
[    1.553898] SPEAr-ohci: OHCI SPEAr driver
[    1.557972] ohci-st: OHCI STMicroelectronics driver
[    1.562910] ohci-atmel: OHCI Atmel driver
[    1.567352] usbcore: registered new interface driver usb-storage
[    1.575926] tegra_rtc 7000e000.rtc: rtc core: registered 7000e000.rtc as rtc1
[    1.583086] tegra_rtc 7000e000.rtc: Tegra internal Real Time Clock
[    1.591990] random: fast init done
[    1.605296] tps65910-rtc tps65910-rtc: rtc core: registered tps65910-rtc as rtc0
[    1.612867] i2c /dev entries driver
[    1.624539] sdhci: Secure Digital Host Controller Interface driver
[    1.630704] sdhci: Copyright(c) Pierre Ossman
[    1.635971] Synopsys Designware Multimedia Card Interface Driver
[    1.642703] sdhci-pltfm: SDHCI platform and OF driver helper
[    1.648882] sdhci-tegra 78000000.sdhci: Got CD GPIO
[    1.653772] sdhci-tegra 78000000.sdhci: Got WP GPIO
[    1.666936] mmc0: Invalid maximum block size, assuming 512 bytes
[    1.733769] mmc0: SDHCI controller on 78000000.sdhci [78000000.sdhci] using ADMA
[    1.750123] mmc1: Invalid maximum block size, assuming 512 bytes
[    1.813702] mmc1: SDHCI controller on 78000600.sdhci [78000600.sdhci] using ADMA
[    1.822391] ledtrig-cpu: registered to indicate activity on CPUs
[    1.828752] usbcore: registered new interface driver usbhid
[    1.834333] usbhid: USB HID core driver
[    1.841076] NET: Registered protocol family 10
[    1.846181] Segment Routing with IPv6
[    1.849903] sit: IPv6, IPv4 and MPLS over IPv4 tunneling driver
[    1.856249] NET: Registered protocol family 17
[    1.860686] can: controller area network core (rev 20120528 abi 9)
[    1.866904] NET: Registered protocol family 29
[    1.871336] can: raw protocol (rev 20120528)
[    1.875609] can: broadcast manager protocol (rev 20161123 t)
[    1.881256] can: netlink gateway (rev 20130117) max_hops=1
[    1.887011] Key type dns_resolver registered
[    1.891697] ThumbEE CPU extension supported.
[    1.895976] Registering SWP/SWPB emulation handler
[    1.910308] vdd_ddr: supplied by vdd_5v_in
[    1.915291] vdd_5v_sata: supplied by vdd_5v_in
[    1.920089] usb1_vbus: supplied by vdd_5v_in
[    1.924707] usb3_vbus: supplied by vdd_5v_in
[    1.930221] sys_3v3,vdd_3v3_alw: supplied by vdd_5v_in
[    1.936170] sys_3v3_pexs: supplied by sys_3v3,vdd_3v3_alw
[    1.936236] mmc1: new high speed MMC card at address 0001
[    1.938216] mmcblk1: mmc1:0001 SEM16G 14.8 GiB 
[    1.938725] mmcblk1boot0: mmc1:0001 SEM16G partition 1 1.00 MiB
[    1.939226] mmcblk1boot1: mmc1:0001 SEM16G partition 2 1.00 MiB
[    1.940110] mmcblk1rpmb: mmc1:0001 SEM16G partition 3 128 KiB
[    1.969249] +VDD_5V_HDMI: supplied by sys_3v3,vdd_3v3_alw
[    1.975378] tegra-pcie 3000.pcie-controller: 2x3 configuration
[    1.984502] tegra-pcie 3000.pcie-controller: probing port 0, using 2 lanes
[    1.992482] Primary GPT is invalid, using alternate GPT.
[    1.997810]  mmcblk1: p1 p2 p3 p4 p5
[    2.013978] mmc0: new ultra high speed DDR50 SDHC card at address aaaa
[    2.022037] mmcblk0: mmc0:aaaa SS04G 3.69 GiB 
[    2.048417]  mmcblk0: p1 p2 p3
[    2.049722] tegra-pcie 3000.pcie-controller: probing port 2, using 2 lanes
[    2.453546] tegra-pcie 3000.pcie-controller: link 2 down, retrying
[    2.863534] tegra-pcie 3000.pcie-controller: link 2 down, retrying
[    3.273498] tegra-pcie 3000.pcie-controller: link 2 down, retrying
[    3.281684] tegra-pcie 3000.pcie-controller: link 2 down, ignoring
[    3.287981] tegra-pcie 3000.pcie-controller: PCI host bridge to bus 0000:00
[    3.294942] pci_bus 0000:00: root bus resource [io  0x0000-0xffff]
[    3.301107] pci_bus 0000:00: root bus resource [mem 0x20000000-0x27ffffff]
[    3.307973] pci_bus 0000:00: root bus resource [mem 0x28000000-0x3fffffff pref]
[    3.315273] pci_bus 0000:00: root bus resource [bus 00-ff]
[    3.320767] pci 0000:00:01.0: [10de:0e1c] type 01 class 0x060400
[    3.326790] pci_bus 0000:00: 2-byte config write to 0000:00:01.0 offset 0x88 may corrupt adjacent RW1C bits
[    3.336545] pci_bus 0000:00: 2-byte config write to 0000:00:01.0 offset 0x52 may corrupt adjacent RW1C bits
[    3.346287] pci 0000:00:01.0: PME# supported from D0 D1 D2 D3hot D3cold
[    3.352888] pci_bus 0000:00: 2-byte config write to 0000:00:01.0 offset 0x4c may corrupt adjacent RW1C bits
[    3.362768] pci_bus 0000:00: 2-byte config write to 0000:00:01.0 offset 0x3e may corrupt adjacent RW1C bits
[    3.372500] pci_bus 0000:00: 2-byte config write to 0000:00:01.0 offset 0x4 may corrupt adjacent RW1C bits
[    3.382142] pci_bus 0000:00: 1-byte config write to 0000:00:01.0 offset 0xc may corrupt adjacent RW1C bits
[    3.391784] PCI: bus0: Fast back to back transfers disabled
[    3.397351] pci 0000:00:01.0: bridge configuration invalid ([bus 00-00]), reconfiguring
[    3.405344] pci_bus 0000:00: 2-byte config write to 0000:00:01.0 offset 0x3e may corrupt adjacent RW1C bits
[    3.415071] pci_bus 0000:00: 2-byte config write to 0000:00:01.0 offset 0x3e may corrupt adjacent RW1C bits
[    3.424798] pci_bus 0000:00: 2-byte config write to 0000:00:01.0 offset 0x3e may corrupt adjacent RW1C bits
[    3.434524] pci_bus 0000:00: 2-byte config write to 0000:00:01.0 offset 0x6 may corrupt adjacent RW1C bits
[    3.444262] pci 0000:01:00.0: [10ec:8168] type 00 class 0x020000
[    3.450271] pci 0000:01:00.0: reg 0x10: [io  0x0000-0x00ff]
[    3.455857] pci 0000:01:00.0: reg 0x18: [mem 0x00000000-0x00000fff 64bit pref]
[    3.463070] pci 0000:01:00.0: reg 0x20: [mem 0x00000000-0x00003fff 64bit pref]
[    3.470357] pci 0000:01:00.0: supports D1 D2
[    3.474624] pci 0000:01:00.0: PME# supported from D0 D1 D2 D3hot D3cold
[    3.503711] PCI: bus1: Fast back to back transfers disabled
[    3.509272] pci_bus 0000:01: busn_res: [bus 01-ff] end is updated to 01
[    3.515948] pci 0000:00:01.0: BAR 9: assigned [mem 0x28000000-0x280fffff 64bit pref]
[    3.523685] pci 0000:00:01.0: BAR 7: assigned [io  0x1000-0x1fff]
[    3.529767] pci 0000:01:00.0: BAR 4: assigned [mem 0x28000000-0x28003fff 64bit pref]
[    3.537512] pci 0000:01:00.0: BAR 2: assigned [mem 0x28004000-0x28004fff 64bit pref]
[    3.545255] pci 0000:01:00.0: BAR 0: assigned [io  0x1000-0x10ff]
[    3.551337] pci 0000:00:01.0: PCI bridge to [bus 01]
[    3.556296] pci 0000:00:01.0:   bridge window [io  0x1000-0x1fff]
[    3.562375] pci 0000:00:01.0:   bridge window [mem 0x28000000-0x280fffff 64bit pref]
[    3.570123] pci 0000:00:01.0: nv_msi_ht_cap_quirk didn't locate host bridge
[    3.577136] pcieport 0000:00:01.0: enabling device (0140 -> 0143)
[    3.583403] pcieport 0000:00:01.0: Signaling PME with IRQ 374
[    3.589357] r8169 Gigabit Ethernet driver 2.3LK-NAPI loaded
[    3.594946] r8169 0000:01:00.0: enabling device (0140 -> 0143)
[    3.601734] r8169 0000:01:00.0 eth0: RTL8168evl/8111evl at 0xf0afe000, 02:04:4b:01:60:a6, XID 0c900800 IRQ 375
[    3.611738] r8169 0000:01:00.0 eth0: jumbo features [frames: 9200 bytes, tx checksumming: ko]
[    3.627037] utmi_phy_clk_enable: timeout waiting for phy to stabilize
[    3.633484] tegra-ehci 7d004000.usb: EHCI Host Controller
[    3.638908] tegra-ehci 7d004000.usb: new USB bus registered, assigned bus number 1
[    3.646660] tegra-ehci 7d004000.usb: irq 343, io mem 0x7d004000
[    3.673708] tegra-ehci 7d004000.usb: USB 2.0 started, EHCI 1.00
[    3.680596] hub 1-0:1.0: USB hub found
[    3.684372] hub 1-0:1.0: 1 port detected
[    3.689455] tegra-ehci 7d008000.usb: EHCI Host Controller
[    3.694869] tegra-ehci 7d008000.usb: new USB bus registered, assigned bus number 2
[    3.702595] tegra-ehci 7d008000.usb: irq 344, io mem 0x7d008000
[    3.733694] tegra-ehci 7d008000.usb: USB 2.0 started, EHCI 1.00
[    3.740469] hub 2-0:1.0: USB hub found
[    3.744239] hub 2-0:1.0: 1 port detected
[    3.752807] tps65910-rtc tps65910-rtc: setting system clock to 2000-01-01 00:00:02 UTC (946684802)
[    3.762307] vdd_sata,avdd_plle: disabling
[    3.766678] usb1_vbus: disabling
[    3.771313] EXT4-fs (mmcblk1p1): mounting ext3 file system using the ext4 subsystem
[    3.786689] EXT4-fs (mmcblk1p1): warning: mounting fs with errors, running e2fsck is recommended
[    3.796908] EXT4-fs (mmcblk1p1): recovery complete
[    3.801695] EXT4-fs (mmcblk1p1): mounted filesystem with ordered data mode. Opts: (null)
[    3.809810] VFS: Mounted root (ext3 filesystem) on device 179:1.
[    3.826263] devtmpfs: mounted
[    3.831736] Freeing unused kernel memory: 2048K
bash: cannot set terminal process group (-1): Inappropriate ioctl for device
bash: no job control in this shell
root@(none):/# [    4.103706] usb 2-1: new high-speed USB device number 2 using tegra-ehci
[    4.763450] asix 2-1:1.0 eth1: register 'asix' at usb-7d008000.usb-1, ASIX AX88772 USB 2.0 Ethernet, 00:50:b6:0f:67:60
mount -t sysfs none /sys
root@(none):/# 
root@(none):/# mount -t debugfs none /sys/kernel/debug
root@(none):/# 
root@(none):/# rtcwake -d rtc1 -m mem -s 3
rtcwake: wakeup from "mem" using /dev/rtc1 at Thu Jan  1 00:00:22 1970
[    7.494206] PM: Syncing filesystems ... done.
[    7.501431] Freezing user space processes ... (elapsed 0.001 seconds) done.
[    7.509532] OOM killer disabled.
[    7.512750] Freezing remaining freezable tasks ... (elapsed 0.001 seconds) done.
[    7.521362] Suspending console(s) (use no_console_suspend to debug)
[    7.606281] PM: suspend of devices complete after 77.826 msecs
[    7.607970] PM: late suspend of devices complete after 1.681 msecs
[    7.634373] PM: noirq suspend of devices complete after 26.396 msecs
[    7.634377] Disabling non-boot CPUs ...
[    7.634890] IRQ346 no longer affine to CPU1
[    8.024611] IRQ347 no longer affine to CPU2
[    8.094535] IRQ17 no longer affine to CPU3
[    8.094651] IRQ348 no longer affine to CPU3
[    8.124192] Entering suspend state LP1
[    8.124192] Suspended for 2.747 seconds
[    8.124206] Enabling non-boot CPUs ...
[    8.154517] CPU1 is up
[    8.194487] CPU2 is up
[    8.234522] CPU3 is up
[    8.235196] pcieport 0000:00:01.0: nv_msi_ht_cap_quirk didn't locate host bridge
[    8.263758] PM: noirq resume of devices complete after 29.229 msecs
[    8.264802] PM: early resume of devices complete after 0.619 msecs
[    8.797755] PM: resume of devices complete after 532.944 msecs
[    8.881419] OOM killer enabled.
[    8.884555] Restarting tasks ... done.
root@(none):/# 
root@(none):/# rtcwake -d rtc1 -m mem -s 3
rtcwake: wakeup from "mem" using /dev/rtc1 at Thu Jan  1 00:00:27 1970
[    9.804346] PM: Syncing filesystems ... done.
[    9.809692] Freezing user space processes ... (elapsed 0.001 seconds) done.
[    9.817802] OOM killer disabled.
[    9.821017] Freezing remaining freezable tasks ... (elapsed 0.001 seconds) done.
[    9.829621] Suspending console(s) (use no_console_suspend to debug)
[    9.874134] pci_generic_config_write32: 63 callbacks suppressed
[    9.874146] pci_bus 0000:00: 2-byte config write to 0000:00:01.0 offset 0x9c may corrupt adjacent RW1C bits
[    9.916647] PM: suspend of devices complete after 80.015 msecs
[    9.918755] PM: late suspend of devices complete after 2.101 msecs
[    9.919334] pci_bus 0000:01: 2-byte config write to 0000:01:00.0 offset 0x44 may corrupt adjacent RW1C bits
[    9.919348] pci_bus 0000:01: 2-byte config write to 0000:01:00.0 offset 0x44 may corrupt adjacent RW1C bits
[    9.944341] PM: noirq suspend of devices complete after 25.579 msecs
[    9.944344] Disabling non-boot CPUs ...
[    9.944851] IRQ346 no longer affine to CPU1
[   10.014506] IRQ17 no longer affine to CPU2
[   10.014622] IRQ347 no longer affine to CPU2
[   10.074343] IRQ348 no longer affine to CPU3
[   10.104082] Entering suspend state LP1
[   10.104082] Suspended for 3.020 seconds
[   10.104095] Enabling non-boot CPUs ...
[   10.134687] CPU1 is up
[   10.174625] CPU2 is up
[   10.214677] CPU3 is up
[   10.215404] pci_bus 0000:00: 2-byte config write to 0000:00:01.0 offset 0x4c may corrupt adjacent RW1C bits
[   10.215415] pci_bus 0000:00: 2-byte config write to 0000:00:01.0 offset 0x88 may corrupt adjacent RW1C bits
[   10.215420] pci_bus 0000:00: 2-byte config write to 0000:00:01.0 offset 0x90 may corrupt adjacent RW1C bits
[   10.215425] pci_bus 0000:00: 2-byte config write to 0000:00:01.0 offset 0x98 may corrupt adjacent RW1C bits
[   10.215429] pci_bus 0000:00: 2-byte config write to 0000:00:01.0 offset 0x9c may corrupt adjacent RW1C bits
[   10.215449] pci_bus 0000:00: 2-byte config write to 0000:00:01.0 offset 0x52 may corrupt adjacent RW1C bits
[   10.215457] pci_bus 0000:00: 2-byte config write to 0000:00:01.0 offset 0x52 may corrupt adjacent RW1C bits
[   10.215480] pcieport 0000:00:01.0: nv_msi_ht_cap_quirk didn't locate host bridge
[   10.243733] PM: noirq resume of devices complete after 29.048 msecs
[   10.244971] PM: early resume of devices complete after 0.790 msecs
[   10.796086] PM: resume of devices complete after 551.103 msecs
[   10.983153] OOM killer enabled.
[   10.986289] Restarting tasks ... done.
root@(none):/# 
root@(none):/# rtcwake -d rtc1 -m mem -s 3
rtcwake: wakeup from "mem" using /dev/rtc1 at Thu Jan  1 00:00:32 1970
[   11.784774] PM: Syncing filesystems ... done.
[   11.790407] Freezing user space processes ... (elapsed 0.001 seconds) done.
[   11.798565] OOM killer disabled.
[   11.801782] Freezing remaining freezable tasks ... (elapsed 0.001 seconds) done.
[   11.810441] Suspending console(s) (use no_console_suspend to debug)
[   11.897691] PM: suspend of devices complete after 80.007 msecs
[   11.901885] PM: late suspend of devices complete after 4.185 msecs
[   11.924473] PM: noirq suspend of devices complete after 22.578 msecs
[   11.924479] Disabling non-boot CPUs ...
[   11.924928] IRQ17 no longer affine to CPU1
[   11.925118] IRQ346 no longer affine to CPU1
[   12.064138] Entering suspend state LP1
[   12.064138] Suspended for 3.039 seconds
[   12.064155] Enabling non-boot CPUs ...
[   12.094669] CPU1 is up
[   12.134600] CPU2 is up
[   12.174624] CPU3 is up
[   12.175387] pcieport 0000:00:01.0: nv_msi_ht_cap_quirk didn't locate host bridge
[   12.203702] PM: noirq resume of devices complete after 29.069 msecs
[   12.205377] PM: early resume of devices complete after 1.234 msecs
[   12.751369] PM: resume of devices complete after 545.979 msecs
[   12.826965] OOM killer enabled.
[   12.830095] Restarting tasks ... done.
root@(none):/# 
root@(none):/# rtcwake -d rtc1 -m mem -s 3
rtcwake: wakeup from "mem" using /dev/rtc1 at Thu Jan  1 00:00:37 1970
[   13.744709] PM: Syncing filesystems ... done.
[   13.750347] Freezing user space processes ... (elapsed 0.001 seconds) done.
[   13.758495] OOM killer disabled.
[   13.761712] Freezing remaining freezable tasks ... (elapsed 0.001 seconds) done.
[   13.770369] Suspending console(s) (use no_console_suspend to debug)
[   13.857685] PM: suspend of devices complete after 80.074 msecs
[   13.861854] PM: late suspend of devices complete after 4.159 msecs
[   13.884433] PM: noirq suspend of devices complete after 22.567 msecs
[   13.884438] Disabling non-boot CPUs ...
[   13.884882] migrate_irqs: 2 callbacks suppressed
[   13.884887] IRQ17 no longer affine to CPU1
[   13.885075] IRQ346 no longer affine to CPU1
[   13.934789] IRQ347 no longer affine to CPU2
[   13.994414] IRQ348 no longer affine to CPU3
[   14.024093] Entering suspend state LP1
[   14.024093] Suspended for 3.040 seconds
[   14.024109] Enabling non-boot CPUs ...
[   14.054607] CPU1 is up
[   14.094570] CPU2 is up
[   14.134621] CPU3 is up
[   14.135368] pcieport 0000:00:01.0: nv_msi_ht_cap_quirk didn't locate host bridge
[   14.163668] PM: noirq resume of devices complete after 29.038 msecs
[   14.165888] PM: early resume of devices complete after 1.759 msecs
[   14.710246] PM: resume of devices complete after 544.346 msecs
[   14.798805] OOM killer enabled.
[   14.801932] Restarting tasks ... done.
root@(none):/# 
root@(none):/# rtcwake -d rtc1 -m mem -s 3
rtcwake: wakeup from "mem" using /dev/rtc1 at Thu Jan  1 00:00:42 1970
[   15.704705] PM: Syncing filesystems ... done.
[   15.710352] Freezing user space processes ... (elapsed 0.001 seconds) done.
[   15.718506] OOM killer disabled.
[   15.721723] Freezing remaining freezable tasks ... (elapsed 0.001 seconds) done.
[   15.730373] Suspending console(s) (use no_console_suspend to debug)
[   15.774208] pci_generic_config_write32: 65 callbacks suppressed
[   15.774225] pci_bus 0000:00: 2-byte config write to 0000:00:01.0 offset 0x9c may corrupt adjacent RW1C bits
[   15.817632] PM: suspend of devices complete after 80.029 msecs
[   15.821847] PM: late suspend of devices complete after 4.206 msecs
[   15.822587] pci_bus 0000:01: 2-byte config write to 0000:01:00.0 offset 0x44 may corrupt adjacent RW1C bits
[   15.822603] pci_bus 0000:01: 2-byte config write to 0000:01:00.0 offset 0x44 may corrupt adjacent RW1C bits
[   15.844415] PM: noirq suspend of devices complete after 22.561 msecs
[   15.844419] Disabling non-boot CPUs ...
[   15.844872] IRQ17 no longer affine to CPU1
[   15.845061] IRQ346 no longer affine to CPU1
[   15.894756] IRQ347 no longer affine to CPU2
[   15.954394] IRQ348 no longer affine to CPU3
[   15.984094] Entering suspend state LP1
[   15.984094] Suspended for 3.039 seconds
[   15.984110] Enabling non-boot CPUs ...
[   16.014579] CPU1 is up
[   16.054517] CPU2 is up
[   16.094575] CPU3 is up
[   16.095297] pci_bus 0000:00: 2-byte config write to 0000:00:01.0 offset 0x4c may corrupt adjacent RW1C bits
[   16.095310] pci_bus 0000:00: 2-byte config write to 0000:00:01.0 offset 0x88 may corrupt adjacent RW1C bits
[   16.095316] pci_bus 0000:00: 2-byte config write to 0000:00:01.0 offset 0x90 may corrupt adjacent RW1C bits
[   16.095320] pci_bus 0000:00: 2-byte config write to 0000:00:01.0 offset 0x98 may corrupt adjacent RW1C bits
[   16.095326] pci_bus 0000:00: 2-byte config write to 0000:00:01.0 offset 0x9c may corrupt adjacent RW1C bits
[   16.095343] pci_bus 0000:00: 2-byte config write to 0000:00:01.0 offset 0x52 may corrupt adjacent RW1C bits
[   16.095349] pci_bus 0000:00: 2-byte config write to 0000:00:01.0 offset 0x52 may corrupt adjacent RW1C bits
[   16.095376] pcieport 0000:00:01.0: nv_msi_ht_cap_quirk didn't locate host bridge
[   16.123633] PM: noirq resume of devices complete after 29.050 msecs
[   16.124858] PM: early resume of devices complete after 0.784 msecs
[   16.670729] PM: resume of devices complete after 545.860 msecs
[   16.857751] OOM killer enabled.
[   16.860879] Restarting tasks ... done.
root@(none):/# 
root@(none):/# rtcwake -d rtc1 -m mem -s 3
rtcwake: wakeup from "mem" using /dev/rtc1 at Thu Jan  1 00:00:47 1970
[   17.664149] PM: Syncing filesystems ... done.
[   17.669785] Freezing user space processes ... (elapsed 0.001 seconds) done.
[   17.677931] OOM killer disabled.
[   17.681147] Freezing remaining freezable tasks ... (elapsed 0.001 seconds) done.
[   17.689809] Suspending console(s) (use no_console_suspend to debug)
[   17.776624] PM: suspend of devices complete after 79.587 msecs
[   17.780314] PM: late suspend of devices complete after 3.678 msecs
[   17.804365] PM: noirq suspend of devices complete after 24.041 msecs
[   17.804369] Disabling non-boot CPUs ...
[   17.804798] IRQ17 no longer affine to CPU1
[   17.804992] IRQ346 no longer affine to CPU1
[   17.963896] Entering suspend state LP1
[   17.963896] Suspended for 3.020 seconds
[   17.963912] Enabling non-boot CPUs ...
[   17.994512] CPU1 is up
[   18.034482] CPU2 is up
[   18.074527] CPU3 is up
[   18.075274] pcieport 0000:00:01.0: nv_msi_ht_cap_quirk didn't locate host bridge
[   18.103601] PM: noirq resume of devices complete after 29.063 msecs
[   18.105371] PM: early resume of devices complete after 1.315 msecs
[   18.649578] PM: resume of devices complete after 544.192 msecs
[   18.725174] OOM killer enabled.
[   18.728304] Restarting tasks ... done.
root@(none):/# 
root@(none):/# rtcwake -d rtc1 -m mem -s 3
rtcwake: wakeup from "mem" using /dev/rtc1 at Thu Jan  1 00:00:52 1970
[   19.661172] PM: Syncing filesystems ... done.
[   19.667851] Freezing user space processes ... (elapsed 0.001 seconds) done.
[   19.675989] OOM killer disabled.
[   19.679205] Freezing remaining freezable tasks ... (elapsed 0.001 seconds) done.
[   19.687865] Suspending console(s) (use no_console_suspend to debug)
[   19.778092] PM: suspend of devices complete after 82.992 msecs
[   19.780333] PM: late suspend of devices complete after 2.230 msecs
[   19.804326] PM: noirq suspend of devices complete after 23.985 msecs
[   19.804331] Disabling non-boot CPUs ...
[   19.804775] migrate_irqs: 2 callbacks suppressed
[   19.804779] IRQ17 no longer affine to CPU1
[   19.804973] IRQ346 no longer affine to CPU1
[   19.854644] IRQ347 no longer affine to CPU2
[   19.914347] IRQ348 no longer affine to CPU3
[   19.944019] Entering suspend state LP1
[   19.944019] Suspended for 3.019 seconds
[   19.944034] Enabling non-boot CPUs ...
[   19.974524] CPU1 is up
[   20.014479] CPU2 is up
[   20.054499] CPU3 is up
[   20.055239] pcieport 0000:00:01.0: nv_msi_ht_cap_quirk didn't locate host bridge
[   20.083574] PM: noirq resume of devices complete after 29.067 msecs
[   20.084763] PM: early resume of devices complete after 0.747 msecs
[   20.632262] PM: resume of devices complete after 547.484 msecs
[   20.720788] OOM killer enabled.
[   20.723922] Restarting tasks ... done.
root@(none):/# 
root@(none):/# rtcwake -d rtc1 -m mem -s 3
rtcwake: wakeup from "mem" using /dev/rtc1 at Thu Jan  1 00:00:57 1970
[   21.640977] PM: Syncing filesystems ... done.
[   21.647659] Freezing user space processes ... (elapsed 0.001 seconds) done.
[   21.655799] OOM killer disabled.
[   21.659016] Freezing remaining freezable tasks ... (elapsed 0.001 seconds) done.
[   21.667670] Suspending console(s) (use no_console_suspend to debug)
[   21.715095] pci_generic_config_write32: 65 callbacks suppressed
[   21.715111] pci_bus 0000:00: 2-byte config write to 0000:00:01.0 offset 0x9c may corrupt adjacent RW1C bits
[   21.757534] PM: suspend of devices complete after 82.619 msecs
[   21.761734] PM: late suspend of devices complete after 4.192 msecs
[   21.762483] pci_bus 0000:01: 2-byte config write to 0000:01:00.0 offset 0x44 may corrupt adjacent RW1C bits
[   21.762499] pci_bus 0000:01: 2-byte config write to 0000:01:00.0 offset 0x44 may corrupt adjacent RW1C bits
[   21.784300] PM: noirq suspend of devices complete after 22.557 msecs
[   21.784305] Disabling non-boot CPUs ...
[   21.784746] IRQ17 no longer affine to CPU1
[   21.784940] IRQ346 no longer affine to CPU1
[   21.854618] IRQ347 no longer affine to CPU2
[   21.914301] IRQ348 no longer affine to CPU3
[   21.943974] Entering suspend state LP1
[   21.943974] Suspended for 3.000 seconds
[   21.943989] Enabling non-boot CPUs ...
[   21.974488] CPU1 is up
[   22.014442] CPU2 is up
[   22.054457] CPU3 is up
[   22.055152] pci_bus 0000:00: 2-byte config write to 0000:00:01.0 offset 0x4c may corrupt adjacent RW1C bits
[   22.055167] pci_bus 0000:00: 2-byte config write to 0000:00:01.0 offset 0x88 may corrupt adjacent RW1C bits
[   22.055172] pci_bus 0000:00: 2-byte config write to 0000:00:01.0 offset 0x90 may corrupt adjacent RW1C bits
[   22.055178] pci_bus 0000:00: 2-byte config write to 0000:00:01.0 offset 0x98 may corrupt adjacent RW1C bits
[   22.055183] pci_bus 0000:00: 2-byte config write to 0000:00:01.0 offset 0x9c may corrupt adjacent RW1C bits
[   22.055206] pci_bus 0000:00: 2-byte config write to 0000:00:01.0 offset 0x52 may corrupt adjacent RW1C bits
[   22.055214] pci_bus 0000:00: 2-byte config write to 0000:00:01.0 offset 0x52 may corrupt adjacent RW1C bits
[   22.055237] pcieport 0000:00:01.0: nv_msi_ht_cap_quirk didn't locate host bridge
[   22.083536] PM: noirq resume of devices complete after 29.069 msecs
[   22.085724] PM: early resume of devices complete after 1.748 msecs
[   22.635958] PM: resume of devices complete after 550.223 msecs
[   22.822944] OOM killer enabled.
[   22.826079] Restarting tasks ... done.
root@(none):/# 
root@(none):/# rtcwake -d rtc1 -m mem -s 3
rtcwake: wakeup from "mem" using /dev/rtc1 at Thu Jan  1 00:01:02 1970
[   23.640484] PM: Syncing filesystems ... done.
[   23.646676] Freezing user space processes ... (elapsed 0.001 seconds) done.
[   23.654827] OOM killer disabled.
[   23.658045] Freezing remaining freezable tasks ... (elapsed 0.001 seconds) done.
[   23.666696] Suspending console(s) (use no_console_suspend to debug)
[   23.745460] PM: suspend of devices complete after 71.527 msecs
[   23.747118] PM: late suspend of devices complete after 1.648 msecs
[   23.774283] PM: noirq suspend of devices complete after 27.156 msecs
[   23.774288] Disabling non-boot CPUs ...
[   23.774749] IRQ17 no longer affine to CPU1
[   23.774945] IRQ346 no longer affine to CPU1
[   23.933861] Entering suspend state LP1
[   23.933861] Suspended for 3.010 seconds
[   23.933877] Enabling non-boot CPUs ...
[   23.964425] CPU1 is up
[   24.004413] CPU2 is up
[   24.044429] CPU3 is up
[   24.045178] pcieport 0000:00:01.0: nv_msi_ht_cap_quirk didn't locate host bridge
[   24.073498] PM: noirq resume of devices complete after 29.060 msecs
[   24.075192] PM: early resume of devices complete after 1.261 msecs
[   24.626792] PM: resume of devices complete after 551.589 msecs
[   24.702382] OOM killer enabled.
[   24.705520] Restarting tasks ... done.
root@(none):/# 
root@(none):/# rtcwake -d rtc1 -m mem -s 3
rtcwake: wakeup from "mem" using /dev/rtc1 at Thu Jan  1 00:01:07 1970
[   25.630907] PM: Syncing filesystems ... done.
[   25.637582] Freezing user space processes ... (elapsed 0.001 seconds) done.
[   25.645722] OOM killer disabled.
[   25.648939] Freezing remaining freezable tasks ... (elapsed 0.001 seconds) done.
[   25.657603] Suspending console(s) (use no_console_suspend to debug)
[   25.746467] PM: suspend of devices complete after 81.621 msecs
[   25.747645] PM: late suspend of devices complete after 1.169 msecs
[   25.774261] PM: noirq suspend of devices complete after 26.607 msecs
[   25.774265] Disabling non-boot CPUs ...
[   25.774717] migrate_irqs: 2 callbacks suppressed
[   25.774719] IRQ17 no longer affine to CPU1
[   25.774916] IRQ346 no longer affine to CPU1
[   25.814551] IRQ347 no longer affine to CPU2
[   25.874258] IRQ348 no longer affine to CPU3
[   25.903913] Entering suspend state LP1
[   25.903913] Suspended for 3.029 seconds
[   25.903930] Enabling non-boot CPUs ...
[   25.934427] CPU1 is up
[   25.974370] CPU2 is up
[   26.014402] CPU3 is up
[   26.015150] pcieport 0000:00:01.0: nv_msi_ht_cap_quirk didn't locate host bridge
[   26.043476] PM: noirq resume of devices complete after 29.066 msecs
[   26.045724] PM: early resume of devices complete after 1.799 msecs
[   26.592299] PM: resume of devices complete after 546.560 msecs
[   26.680820] OOM killer enabled.
[   26.683955] Restarting tasks ... done.
root@(none):/# 
root@(none):/# NVTB SYSTEM SUSPEND TEST COMPLETE
