
U-Boot SPL 2014.01-00219-gc4d376f (Feb 18 2014 - 19:57:18)


U-Boot 2014.01-00219-gc4d376f (Feb 18 2014 - 19:57:18)

TEGRA30
Board: NVIDIA Beaver
I2C:   ready
DRAM:  2 GiB
MMC:   Tegra SD/MMC: 0, Tegra SD/MMC: 1
In:    serial
Out:   serial
Err:   serial
Net:   Net Initialization Skipped
No ethernet found.
Hit any key to stop autoboot:  2  0 
Tegra30 (Beaver) # 
Tegra30 (Beaver) # usb reset
(Re)start USB...
USB0:   USB EHCI 1.00
scanning bus 0 for devices... 2 USB Device(s) found
       scanning usb for storage devices... 0 Storage Device(s) found
       scanning usb for ethernet devices... 
Warning: asx0 using MAC address from net device
1 Ethernet Device(s) found
Tegra30 (Beaver) # setenv bootargs 'ignore_loglevel console=ttyS0,115200n8 rw root=PARTUUID=edbe1840-3633-c751-7993-b0ac834f81e0 rootwait gpt debug noinitrd earlyprintk init=/bin/bash'
Tegra30 (Beaver) # setenv ipaddr 192.168.100.101; setenv serverip 192.168.100.1; setenv tftpserverip 192.168.100.1
Tegra30 (Beaver) # tftpboot 0x81000000 zImage.multi_v7_defconfig
Using asx0 device
TFTP from server 192.168.100.1; our IP address is 192.168.100.101
Filename 'zImage.multi_v7_defconfig'.
Load address: 0x81000000
Loading: *#################################################################
	 #################################################################
	 #################################################################
	 #################################################################
	 #################################################################
	 #################################################################
	 #################################################################
	 #################################################################
	 ###########################
	 3.3 MiB/s
done
Bytes transferred = 8019696 (7a5ef0 hex)
Tegra30 (Beaver) # tftpboot 0x82000000 tegra30-beaver.dtb
Using asx0 device
TFTP from server 192.168.100.1; our IP address is 192.168.100.101
Filename 'tegra30-beaver.dtb'.
Load address: 0x82000000
Loading: *####
	 2.9 MiB/s
done
Bytes transferred = 51848 (ca88 hex)
Tegra30 (Beaver) # bootz 0x81000000 - 0x82000000
Kernel image @ 0x81000000 [ 0x000000 - 0x7a5ef0 ]
## Flattened Device Tree blob at 82000000
   Booting using the fdt blob at 0x82000000
   Loading Device Tree to 8fff0000, end 8ffffa87 ... OK

Starting kernel ...

[    0.000000] Booting Linux on physical CPU 0x0
[    0.000000] Linux version 4.12.0-next-20170711-185092-g63fe4f1 (jonathanh@sellafield) (gcc version 4.7.3 20130328 (prerelease) (crosstool-NG linaro-1.13.1-4.7-2013.04-20130415 - Linaro GCC 2013.04)) #1 SMP Mon Jul 10 22:21:29 PDT 2017
[    0.000000] CPU: ARMv7 Processor [412fc099] revision 9 (ARMv7), cr=10c5387d
[    0.000000] CPU: PIPT / VIPT nonaliasing data cache, VIPT aliasing instruction cache
[    0.000000] OF: fdt: Machine model: NVIDIA Tegra30 Beaver evaluation board
[    0.000000] debug: ignoring loglevel setting.
[    0.000000] Memory policy: Data cache writealloc
[    0.000000] efi: Getting EFI parameters from FDT:
[    0.000000] efi: UEFI not found.
[    0.000000] cma: Reserved 64 MiB at 0xfb800000
[    0.000000] On node 0 totalpages: 524032
[    0.000000] free_area_init_node: node 0, pgdat c157dd40, node_mem_map eeff8000
[    0.000000]   DMA zone: 1536 pages used for memmap
[    0.000000]   DMA zone: 0 pages reserved
[    0.000000]   DMA zone: 196608 pages, LIFO batch:31
[    0.000000]   HighMem zone: 327424 pages, LIFO batch:31
[    0.000000] percpu: Embedded 17 pages/cpu @eef87000 s39488 r8192 d21952 u69632
[    0.000000] pcpu-alloc: s39488 r8192 d21952 u69632 alloc=17*4096
[    0.000000] pcpu-alloc: [0] 0 [0] 1 [0] 2 [0] 3 
[    0.000000] Built 1 zonelists in Zone order, mobility grouping on.  Total pages: 522496
[    0.000000] Kernel command line: ignore_loglevel console=ttyS0,115200n8 rw root=PARTUUID=edbe1840-3633-c751-7993-b0ac834f81e0 rootwait gpt debug noinitrd earlyprintk init=/bin/bash
[    0.000000] PID hash table entries: 4096 (order: 2, 16384 bytes)
[    0.000000] Dentry cache hash table entries: 131072 (order: 7, 524288 bytes)
[    0.000000] Inode-cache hash table entries: 65536 (order: 6, 262144 bytes)
[    0.000000] Memory: 1993472K/2096128K available (10240K kernel code, 1558K rwdata, 4452K rodata, 2048K init, 402K bss, 37120K reserved, 65536K cma-reserved, 1244160K highmem)
[    0.000000] Virtual kernel memory layout:
[    0.000000]     vector  : 0xffff0000 - 0xffff1000   (   4 kB)
[    0.000000]     fixmap  : 0xffc00000 - 0xfff00000   (3072 kB)
[    0.000000]     vmalloc : 0xf0800000 - 0xff800000   ( 240 MB)
[    0.000000]     lowmem  : 0xc0000000 - 0xf0000000   ( 768 MB)
[    0.000000]     pkmap   : 0xbfe00000 - 0xc0000000   (   2 MB)
[    0.000000]     modules : 0xbf000000 - 0xbfe00000   (  14 MB)
[    0.000000]       .text : 0xc0208000 - 0xc0d00000   (11232 kB)
[    0.000000]       .init : 0xc1200000 - 0xc1400000   (2048 kB)
[    0.000000]       .data : 0xc1400000 - 0xc1585af0   (1559 kB)
[    0.000000]        .bss : 0xc158ecbc - 0xc15f37fc   ( 403 kB)
[    0.000000] SLUB: HWalign=64, Order=0-3, MinObjects=0, CPUs=4, Nodes=1
[    0.000000] Hierarchical RCU implementation.
[    0.000000] 	RCU event tracing is enabled.
[    0.000000] 	RCU restricting CPUs from NR_CPUS=16 to nr_cpu_ids=4.
[    0.000000] RCU: Adjusting geometry for rcu_fanout_leaf=16, nr_cpu_ids=4
[    0.000000] NR_IRQS: 16, nr_irqs: 16, preallocated irqs: 16
[    0.000000] /interrupt-controller@60004000: 160 interrupts forwarded to /interrupt-controller@50041000
[    0.000000] L2C: platform modifies aux control register: 0x02080000 -> 0x3e480001
[    0.000000] L2C: DT/platform modifies aux control register: 0x02080000 -> 0x3e480001
[    0.000000] L2C-310 erratum 769419 enabled
[    0.000000] L2C-310 enabling early BRESP for Cortex-A9
[    0.000000] L2C-310: enabling full line of zeros but not enabled in Cortex-A9
[    0.000000] L2C-310 dynamic clock gating enabled, standby mode enabled
[    0.000000] L2C-310 cache controller enabled, 8 ways, 1024 kB
[    0.000000] L2C-310: CACHE_ID 0x410000c7, AUX_CTRL 0x4e480001
[    0.000013] sched_clock: 32 bits at 1000kHz, resolution 1000ns, wraps every 2147483647500ns
[    0.000030] clocksource: timer_us: mask: 0xffffffff max_cycles: 0xffffffff, max_idle_ns: 1911260446275 ns
[    0.000039] Switching to timer-based delay loop, resolution 1000ns
[    0.002939] Console: colour dummy device 80x30
[    0.002970] Calibrating delay loop (skipped), value calculated using timer frequency.. 2.00 BogoMIPS (lpj=10000)
[    0.002979] pid_max: default: 32768 minimum: 301
[    0.003050] Mount-cache hash table entries: 2048 (order: 1, 8192 bytes)
[    0.003059] Mountpoint-cache hash table entries: 2048 (order: 1, 8192 bytes)
[    0.003421] CPU: Testing write buffer coherency: ok
[    0.003753] CPU0: thread -1, cpu 0, socket 0, mpidr 80000000
[    0.003976] Setting up static identity map for 0x80300000 - 0x803000a0
[    0.005297] Hierarchical SRCU implementation.
[    0.006616] Tegra Revision: A03 SKU: 128 CPU Process: 4 SoC Process: 0
[    0.007182] EFI services will not be available.
[    0.007283] smp: Bringing up secondary CPUs ...
[    0.010384] CPU1: thread -1, cpu 1, socket 0, mpidr 80000001
[    0.020356] CPU2: thread -1, cpu 2, socket 0, mpidr 80000002
[    0.030340] CPU3: thread -1, cpu 3, socket 0, mpidr 80000003
[    0.030395] smp: Brought up 1 node, 4 CPUs
[    0.030407] SMP: Total of 4 processors activated (8.00 BogoMIPS).
[    0.030411] CPU: All CPU(s) started in SVC mode.
[    0.031117] devtmpfs: initialized
[    0.039628] VFP support v0.3: implementor 41 architecture 3 part 30 variant 9 rev 4
[    0.040097] clocksource: jiffies: mask: 0xffffffff max_cycles: 0xffffffff, max_idle_ns: 19112604462750000 ns
[    0.040119] futex hash table entries: 1024 (order: 4, 65536 bytes)
[    0.043515] pinctrl core: initialized pinctrl subsystem
[    0.044992] DMI not present or invalid.
[    0.045198] random: get_random_u32 called from bucket_table_alloc+0xe8/0x254 with crng_init=0
[    0.045256] NET: Registered protocol family 16
[    0.047886] DMA: preallocated 256 KiB pool for atomic coherent allocations
[    0.049659] cpuidle: using governor menu
[    0.063691] No ATAGs?
[    0.063795] hw-breakpoint: found 5 (+1 reserved) breakpoint and 1 watchpoint registers.
[    0.063805] hw-breakpoint: maximum watchpoint size is 4 bytes.
[    0.068014] Serial: AMBA PL011 UART driver
[    0.068481] tegra-mc 7000f000.memory-controller: no memory timings for RAM code 3 registered
[    0.077973] AT91: Could not find identification node
[    0.078459] vdd_5v_sata: Failed to request enable GPIO30: -517
[    0.078472] reg-fixed-voltage regulators:regulator@3: Failed to register regulator: -517
[    0.078521] usb1_vbus: Failed to request enable GPIO238: -517
[    0.078528] reg-fixed-voltage regulators:regulator@4: Failed to register regulator: -517
[    0.078577] usb3_vbus: Failed to request enable GPIO236: -517
[    0.078584] reg-fixed-voltage regulators:regulator@5: Failed to register regulator: -517
[    0.078684] sys_3v3_pexs: Failed to request enable GPIO95: -517
[    0.078692] reg-fixed-voltage regulators:regulator@7: Failed to register regulator: -517
[    0.080470] vgaarb: loaded
[    0.080940] SCSI subsystem initialized
[    0.081079] libata version 3.00 loaded.
[    0.081231] usbcore: registered new interface driver usbfs
[    0.081264] usbcore: registered new interface driver hub
[    0.081298] usbcore: registered new device driver usb
[    0.088359] vrtc: supplied by vdd_5v_in
[    0.091662] vio: supplied by vdd_5v_in
[    0.101836] vdd1: supplied by vdd_5v_in
[    0.102287] random: fast init done
[    0.103193] vddio_ddr_1v2: Bringing 600000uV into 1200000-1200000uV
[    0.111844] vdd2: supplied by vdd_5v_in
[    0.131829] ldo1: supplied by vdd_1v5_gen
[    0.134226] ldo2: supplied by vdd_1v5_gen
[    0.134697] vdd_sata,avdd_plle: Bringing 1200000uV into 1050000-1050000uV
[    0.136934] ldo3: supplied by vdd_5v_in
[    0.139302] ldo4: supplied by vdd_5v_in
[    0.141835] ldo5: supplied by vdd_5v_in
[    0.151836] ldo6: supplied by vdd_1v8_gen
[    0.152306] avdd_dsi_csi,pwrdet_mipi: Bringing 1000000uV into 1200000-1200000uV
[    0.154565] ldo7: supplied by vdd_1v8_gen
[    0.161825] ldo8: supplied by vdd_1v8_gen
[    0.171941] pps_core: LinuxPPS API ver. 1 registered
[    0.171948] pps_core: Software ver. 5.3.6 - Copyright 2005-2007 Rodolfo Giometti <giometti@linux.it>
[    0.171961] PTP clock support registered
[    0.172097] EDAC MC: Ver: 3.0.0
[    0.172344] dmi: Firmware registration failed.
[    0.173655] clocksource: Switched to clocksource timer_us
[    0.206581] NET: Registered protocol family 2
[    0.207016] TCP established hash table entries: 8192 (order: 3, 32768 bytes)
[    0.207072] TCP bind hash table entries: 8192 (order: 4, 65536 bytes)
[    0.207159] TCP: Hash tables configured (established 8192 bind 8192)
[    0.207301] UDP hash table entries: 512 (order: 2, 16384 bytes)
[    0.207369] UDP-Lite hash table entries: 512 (order: 2, 16384 bytes)
[    0.207541] NET: Registered protocol family 1
[    0.207881] RPC: Registered named UNIX socket transport module.
[    0.207889] RPC: Registered udp transport module.
[    0.207893] RPC: Registered tcp transport module.
[    0.207897] RPC: Registered tcp NFSv4.1 backchannel transport module.
[    0.207908] PCI: CLS 0 bytes, default 64
[    0.208699] hw perfevents: no interrupt-affinity property for /pmu, guessing.
[    0.208904] hw perfevents: enabled with armv7_cortex_a9 PMU driver, 7 counters available
[    0.210091] workingset: timestamp_bits=30 max_order=19 bucket_order=0
[    0.214768] squashfs: version 4.0 (2009/01/31) Phillip Lougher
[    0.215221] NFS: Registering the id_resolver key type
[    0.215247] Key type id_resolver registered
[    0.215252] Key type id_legacy registered
[    0.215280] ntfs: driver 2.1.32 [Flags: R/O].
[    0.216372] bounce: pool size: 64 pages
[    0.216411] Block layer SCSI generic (bsg) driver version 0.4 loaded (major 248)
[    0.216419] io scheduler noop registered
[    0.216424] io scheduler deadline registered
[    0.216521] io scheduler cfq registered (default)
[    0.216527] io scheduler mq-deadline registered
[    0.216532] io scheduler kyber registered
[    0.222711] tegra30-pinctrl 70000868.pinmux: invalid group "sdmmc3_dat6_pd3" for function "rsvd1"
[    0.222727] tegra30-pinctrl 70000868.pinmux: invalid group "sdmmc3_dat7_pd4" for function "rsvd1"
[    0.222741] tegra30-pinctrl 70000868.pinmux: invalid group "vi_vsync_pd6" for function "rsvd1"
[    0.222751] tegra30-pinctrl 70000868.pinmux: invalid group "vi_hsync_pd7" for function "rsvd1"
[    0.223209] tegra30-pinctrl 70000868.pinmux: invalid group "hdmi_int_pn7" for function "rsvd1"
[    0.223253] tegra30-pinctrl 70000868.pinmux: invalid group "ulpi_data3_po4" for function "rsvd1"
[    0.223582] tegra30-pinctrl 70000868.pinmux: invalid group "vi_d10_pt2" for function "rsvd1"
[    0.223595] tegra30-pinctrl 70000868.pinmux: invalid group "vi_d11_pt3" for function "rsvd1"
[    0.223607] tegra30-pinctrl 70000868.pinmux: invalid group "vi_d0_pt4" for function "rsvd1"
[    0.223694] tegra30-pinctrl 70000868.pinmux: invalid group "pu0" for function "rsvd1"
[    0.223727] tegra30-pinctrl 70000868.pinmux: invalid group "pu3" for function "rsvd1"
[    0.223758] tegra30-pinctrl 70000868.pinmux: invalid group "pu6" for function "rsvd1"
[    0.223799] tegra30-pinctrl 70000868.pinmux: invalid group "pv3" for function "rsvd1"
[    0.224296] tegra30-pinctrl 70000868.pinmux: invalid group "pbb0" for function "rsvd1"
[    0.224409] tegra30-pinctrl 70000868.pinmux: invalid group "pcc1" for function "rsvd1"
[    0.229445] tegra-pcie 3000.pcie: 2x3 configuration
[    0.229607] tegra-pcie 3000.pcie: Failed to get supply 'hvdd-pex': -517
[    0.235283] tegra-apbdma 6000a000.dma: Tegra20 APB DMA driver register 32 channels
[    0.236721] tegra-pmc 7000e400.pmc: i2c-thermtrip node not found, emergency thermal reset disabled.
[    0.269384] Serial: 8250/16550 driver, 4 ports, IRQ sharing disabled
[    0.271491] console [ttyS0] disabled
[    0.271531] 70006000.serial: ttyS0 at MMIO 0x70006000 (irq = 331, base_baud = 25500000) is a Tegra
[    1.316569] console [ttyS0] enabled
[    1.320588] SuperH (H)SCI(F) driver initialized
[    1.325720] msm_serial: driver initialized
[    1.329908] STMicroelectronics ASC driver initialized
[    1.338358] tegra-hdmi 54280000.hdmi: failed to get HDMI regulator
[    1.352052] brd: module loaded
[    1.360406] loop: module loaded
[    1.369295] m25p80 spi32766.1: w25q32 (4096 Kbytes)
[    1.375951] libphy: Fixed MDIO Bus: probed
[    1.380742] CAN device driver interface
[    1.385120] bgmac_bcma: Broadcom 47xx GBit MAC driver loaded
[    1.391477] e1000e: Intel(R) PRO/1000 Network Driver - 3.2.6-k
[    1.397313] e1000e: Copyright(c) 1999 - 2015 Intel Corporation.
[    1.403252] igb: Intel(R) Gigabit Ethernet Network Driver - version 5.4.0-k
[    1.410205] igb: Copyright (c) 2007-2014 Intel Corporation.
[    1.417836] pegasus: v0.9.3 (2013/04/25), Pegasus/Pegasus II USB Ethernet driver
[    1.425279] usbcore: registered new interface driver pegasus
[    1.430948] usbcore: registered new interface driver asix
[    1.436370] usbcore: registered new interface driver ax88179_178a
[    1.442465] usbcore: registered new interface driver cdc_ether
[    1.448318] usbcore: registered new interface driver smsc75xx
[    1.454089] usbcore: registered new interface driver smsc95xx
[    1.459837] usbcore: registered new interface driver net1080
[    1.465508] usbcore: registered new interface driver cdc_subset
[    1.471428] usbcore: registered new interface driver zaurus
[    1.477035] usbcore: registered new interface driver cdc_ncm
[    1.484135] ehci_hcd: USB 2.0 'Enhanced' Host Controller (EHCI) Driver
[    1.490648] ehci-pci: EHCI PCI platform driver
[    1.495116] ehci-platform: EHCI generic platform driver
[    1.500444] ehci-orion: EHCI orion driver
[    1.504540] SPEAr-ehci: EHCI SPEAr driver
[    1.508610] ehci-st: EHCI STMicroelectronics driver
[    1.513547] ehci-exynos: EHCI EXYNOS driver
[    1.517815] ehci-atmel: EHCI Atmel driver
[    1.521883] tegra-ehci: Tegra EHCI driver
[    1.526199] ohci_hcd: USB 1.1 'Open' Host Controller (OHCI) Driver
[    1.532373] ohci-pci: OHCI PCI platform driver
[    1.536848] ohci-platform: OHCI generic platform driver
[    1.542171] SPEAr-ohci: OHCI SPEAr driver
[    1.546260] ohci-st: OHCI STMicroelectronics driver
[    1.551199] ohci-atmel: OHCI Atmel driver
[    1.555633] usbcore: registered new interface driver usb-storage
[    1.564291] tegra_rtc 7000e000.rtc: rtc core: registered 7000e000.rtc as rtc1
[    1.571449] tegra_rtc 7000e000.rtc: Tegra internal Real Time Clock
[    1.590270] tps65910-rtc tps65910-rtc: rtc core: registered tps65910-rtc as rtc0
[    1.597859] i2c /dev entries driver
[    1.609426] sdhci: Secure Digital Host Controller Interface driver
[    1.615613] sdhci: Copyright(c) Pierre Ossman
[    1.620848] Synopsys Designware Multimedia Card Interface Driver
[    1.627583] sdhci-pltfm: SDHCI platform and OF driver helper
[    1.633772] sdhci-tegra 78000000.sdhci: Got CD GPIO
[    1.638646] sdhci-tegra 78000000.sdhci: Got WP GPIO
[    1.651808] mmc0: Invalid maximum block size, assuming 512 bytes
[    1.713741] mmc0: SDHCI controller on 78000000.sdhci [78000000.sdhci] using ADMA
[    1.730090] mmc1: Invalid maximum block size, assuming 512 bytes
[    1.793675] mmc1: SDHCI controller on 78000600.sdhci [78000600.sdhci] using ADMA
[    1.802337] ledtrig-cpu: registered to indicate activity on CPUs
[    1.808703] usbcore: registered new interface driver usbhid
[    1.814285] usbhid: USB HID core driver
[    1.821112] NET: Registered protocol family 10
[    1.826204] Segment Routing with IPv6
[    1.829913] sit: IPv6, IPv4 and MPLS over IPv4 tunneling driver
[    1.836263] NET: Registered protocol family 17
[    1.840700] can: controller area network core (rev 20170425 abi 9)
[    1.846922] NET: Registered protocol family 29
[    1.851353] can: raw protocol (rev 20170425)
[    1.855628] can: broadcast manager protocol (rev 20170425 t)
[    1.861275] can: netlink gateway (rev 20170425) max_hops=1
[    1.867039] Key type dns_resolver registered
[    1.871733] ThumbEE CPU extension supported.
[    1.876016] Registering SWP/SWPB emulation handler
[    1.890698] vdd_ddr: supplied by vdd_5v_in
[    1.895703] vdd_5v_sata: supplied by vdd_5v_in
[    1.900486] usb1_vbus: supplied by vdd_5v_in
[    1.905098] usb3_vbus: supplied by vdd_5v_in
[    1.910607] sys_3v3,vdd_3v3_alw: supplied by vdd_5v_in
[    1.916553] sys_3v3_pexs: supplied by sys_3v3,vdd_3v3_alw
[    1.922100] +VDD_5V_HDMI: supplied by sys_3v3,vdd_3v3_alw
[    1.928156] tegra-pcie 3000.pcie: 2x3 configuration
[    1.933936] mmc1: new high speed MMC card at address 0001
[    1.939744] mmcblk1: mmc1:0001 SEM16G 14.8 GiB 
[    1.944426] mmcblk1boot0: mmc1:0001 SEM16G partition 1 1.00 MiB
[    1.946249] tegra-pcie 3000.pcie: probing port 0, using 2 lanes
[    1.956798] mmcblk1boot1: mmc1:0001 SEM16G partition 2 1.00 MiB
[    1.962809] mmcblk1rpmb: mmc1:0001 SEM16G partition 3 128 KiB
[    1.972954] Primary GPT is invalid, using alternate GPT.
[    1.978288]  mmcblk1: p1 p2 p3 p4 p5
[    1.990050] mmc0: new ultra high speed DDR50 SDHC card at address aaaa
[    1.996863] mmcblk0: mmc0:aaaa SS04G 3.69 GiB 
[    2.004583] tegra-pcie 3000.pcie: probing port 2, using 2 lanes
[    2.022381]  mmcblk0: p1 p2 p3
[    2.414376] tegra-pcie 3000.pcie: link 2 down, retrying
[    2.823441] tegra-pcie 3000.pcie: link 2 down, retrying
[    3.232156] tegra-pcie 3000.pcie: link 2 down, retrying
[    3.239391] tegra-pcie 3000.pcie: link 2 down, ignoring
[    3.244741] tegra-pcie 3000.pcie: PCI host bridge to bus 0000:00
[    3.250737] pci_bus 0000:00: root bus resource [io  0x0000-0xffff]
[    3.256916] pci_bus 0000:00: root bus resource [mem 0x20000000-0x27ffffff]
[    3.263783] pci_bus 0000:00: root bus resource [mem 0x28000000-0x3fffffff pref]
[    3.271075] pci_bus 0000:00: root bus resource [bus 00-ff]
[    3.276579] pci 0000:00:01.0: [10de:0e1c] type 01 class 0x060400
[    3.282583] pci_bus 0000:00: 2-byte config write to 0000:00:01.0 offset 0x4 may corrupt adjacent RW1C bits
[    3.292226] pci_bus 0000:00: 2-byte config write to 0000:00:01.0 offset 0x4 may corrupt adjacent RW1C bits
[    3.301881] pci_bus 0000:00: 2-byte config write to 0000:00:01.0 offset 0x88 may corrupt adjacent RW1C bits
[    3.311628] pci_bus 0000:00: 2-byte config write to 0000:00:01.0 offset 0x52 may corrupt adjacent RW1C bits
[    3.321372] pci 0000:00:01.0: PME# supported from D0 D1 D2 D3hot D3cold
[    3.327981] pci_bus 0000:00: 2-byte config write to 0000:00:01.0 offset 0x4c may corrupt adjacent RW1C bits
[    3.337873] pci_bus 0000:00: 2-byte config write to 0000:00:01.0 offset 0x3e may corrupt adjacent RW1C bits
[    3.347605] pci_bus 0000:00: 2-byte config write to 0000:00:01.0 offset 0x4 may corrupt adjacent RW1C bits
[    3.357246] pci_bus 0000:00: 1-byte config write to 0000:00:01.0 offset 0xc may corrupt adjacent RW1C bits
[    3.366884] PCI: bus0: Fast back to back transfers disabled
[    3.372443] pci 0000:00:01.0: bridge configuration invalid ([bus 00-00]), reconfiguring
[    3.380435] pci_bus 0000:00: 2-byte config write to 0000:00:01.0 offset 0x3e may corrupt adjacent RW1C bits
[    3.390168] pci_bus 0000:00: 2-byte config write to 0000:00:01.0 offset 0x3e may corrupt adjacent RW1C bits
[    3.399996] pci 0000:01:00.0: [10ec:8168] type 00 class 0x020000
[    3.406024] pci 0000:01:00.0: reg 0x10: [io  0x0000-0x00ff]
[    3.411597] pci 0000:01:00.0: reg 0x18: [mem 0x00000000-0x00000fff 64bit pref]
[    3.418821] pci 0000:01:00.0: reg 0x20: [mem 0x00000000-0x00003fff 64bit pref]
[    3.426102] pci 0000:01:00.0: supports D1 D2
[    3.430359] pci 0000:01:00.0: PME# supported from D0 D1 D2 D3hot D3cold
[    3.463683] PCI: bus1: Fast back to back transfers disabled
[    3.469246] pci_bus 0000:01: busn_res: [bus 01-ff] end is updated to 01
[    3.475881] pci 0000:00:01.0: BAR 9: assigned [mem 0x28000000-0x280fffff 64bit pref]
[    3.483606] pci 0000:00:01.0: BAR 7: assigned [io  0x1000-0x1fff]
[    3.489698] pci 0000:01:00.0: BAR 4: assigned [mem 0x28000000-0x28003fff 64bit pref]
[    3.497444] pci 0000:01:00.0: BAR 2: assigned [mem 0x28004000-0x28004fff 64bit pref]
[    3.505187] pci 0000:01:00.0: BAR 0: assigned [io  0x1000-0x10ff]
[    3.511267] pci 0000:00:01.0: PCI bridge to [bus 01]
[    3.516226] pci 0000:00:01.0:   bridge window [io  0x1000-0x1fff]
[    3.522306] pci 0000:00:01.0:   bridge window [mem 0x28000000-0x280fffff 64bit pref]
[    3.530057] pci 0000:00:01.0: nv_msi_ht_cap_quirk didn't locate host bridge
[    3.537118] pcieport 0000:00:01.0: enabling device (0140 -> 0143)
[    3.543403] pcieport 0000:00:01.0: Signaling PME with IRQ 374
[    3.549369] r8169 Gigabit Ethernet driver 2.3LK-NAPI loaded
[    3.554956] r8169 0000:01:00.0: enabling device (0140 -> 0143)
[    3.561724] r8169 0000:01:00.0 eth0: RTL8168evl/8111evl at 0xf0b1c000, 02:04:4b:01:60:a6, XID 0c900800 IRQ 375
[    3.571726] r8169 0000:01:00.0 eth0: jumbo features [frames: 9200 bytes, tx checksumming: ko]
[    3.587158] utmi_phy_clk_enable: timeout waiting for phy to stabilize
[    3.593609] tegra-ehci 7d004000.usb: EHCI Host Controller
[    3.599044] tegra-ehci 7d004000.usb: new USB bus registered, assigned bus number 1
[    3.606807] tegra-ehci 7d004000.usb: irq 343, io mem 0x7d004000
[    3.633677] tegra-ehci 7d004000.usb: USB 2.0 started, EHCI 1.00
[    3.640562] hub 1-0:1.0: USB hub found
[    3.644347] hub 1-0:1.0: 1 port detected
[    3.649451] tegra-ehci 7d008000.usb: EHCI Host Controller
[    3.654868] tegra-ehci 7d008000.usb: new USB bus registered, assigned bus number 2
[    3.662597] tegra-ehci 7d008000.usb: irq 344, io mem 0x7d008000
[    3.693667] tegra-ehci 7d008000.usb: USB 2.0 started, EHCI 1.00
[    3.700438] hub 2-0:1.0: USB hub found
[    3.704214] hub 2-0:1.0: 1 port detected
[    3.712743] tps65910-rtc tps65910-rtc: setting system clock to 2000-01-01 00:00:02 UTC (946684802)
[    3.722248] vdd_sata,avdd_plle: disabling
[    3.726618] usb1_vbus: disabling
[    3.731436] EXT4-fs (mmcblk1p1): mounting ext3 file system using the ext4 subsystem
[    3.746414] EXT4-fs (mmcblk1p1): warning: mounting fs with errors, running e2fsck is recommended
[    3.756630] EXT4-fs (mmcblk1p1): recovery complete
[    3.761417] EXT4-fs (mmcblk1p1): mounted filesystem with ordered data mode. Opts: (null)
[    3.769539] VFS: Mounted root (ext3 filesystem) on device 179:1.
[    3.785749] devtmpfs: mounted
[    3.791301] Freeing unused kernel memory: 2048K
bash: cannot set terminal process group (-1): Inappropriate ioctl for device
bash: no job control in this shell
root@(none):/# mount -t sysfs none /sys
root@(none):/# 
root@(none):/# [    4.723382] asix 2-1:1.0 eth1: register 'asix' at usb-7d008000.usb-1, ASIX AX88772 USB 2.0 Ethernet, 00:50:b6:0f:67:60
mount -t debugfs none /sys/kernel/debug
root@(none):/# 
root@(none):/# rtcwake -d rtc1 -m mem -s 3
rtcwake: wakeup from "mem" using /dev/rtc1 at Thu Jan  1 00:00:21 1970
[    6.482175] PM: Syncing filesystems ... done.
[    6.487796] Freezing user space processes ... (elapsed 0.001 seconds) done.
[    6.495864] OOM killer disabled.
[    6.499080] Freezing remaining freezable tasks ... (elapsed 0.001 seconds) done.
[    6.507599] Suspending console(s) (use no_console_suspend to debug)
[    6.614248] Disabling non-boot CPUs ...
[    6.654108] IRQ346 no longer affine to CPU1
[    6.713951] IRQ347 no longer affine to CPU2
[    6.773808] IRQ17 no longer affine to CPU3
[    6.773908] IRQ348 no longer affine to CPU3
[    6.774320] Entering suspend state LP1
[    6.774320] Suspended for 3.106 seconds
[    6.774333] Enabling non-boot CPUs ...
[    6.774976] CPU1 is up
[    6.775575] CPU2 is up
[    6.776192] CPU3 is up
[    6.776786] pcieport 0000:00:01.0: nv_msi_ht_cap_quirk didn't locate host bridge
[    7.394077] OOM killer enabled.
[    7.397206] Restarting tasks ... done.
root@(none):/# 
root@(none):/# rtcwake -d rtc1 -m mem -s 3
rtcwake: wakeup from "mem" using /dev/rtc1 at Thu Jan  1 00:00:26 1970
[    8.448594] PM: Syncing filesystems ... done.
[    8.454344] Freezing user space processes ... (elapsed 0.001 seconds) done.
[    8.462394] OOM killer disabled.
[    8.465624] Freezing remaining freezable tasks ... (elapsed 0.001 seconds) done.
[    8.474132] Suspending console(s) (use no_console_suspend to debug)
[    8.514518] pci_generic_config_write32: 68 callbacks suppressed
[    8.514531] pci_bus 0000:00: 2-byte config write to 0000:00:01.0 offset 0x9c may corrupt adjacent RW1C bits
[    8.558170] pci_bus 0000:01: 2-byte config write to 0000:01:00.0 offset 0x44 may corrupt adjacent RW1C bits
[    8.558184] pci_bus 0000:01: 2-byte config write to 0000:01:00.0 offset 0x44 may corrupt adjacent RW1C bits
[    8.584227] Disabling non-boot CPUs ...
[    8.633905] IRQ17 no longer affine to CPU1
[    8.634061] IRQ346 no longer affine to CPU1
[    8.693929] IRQ347 no longer affine to CPU2
[    8.753855] IRQ348 no longer affine to CPU3
[    8.754154] Entering suspend state LP1
[    8.754154] Suspended for 3.020 seconds
[    8.754169] Enabling non-boot CPUs ...
[    8.754987] CPU1 is up
[    8.755739] CPU2 is up
[    8.756503] CPU3 is up
[    8.757179] pci_bus 0000:00: 2-byte config write to 0000:00:01.0 offset 0x4c may corrupt adjacent RW1C bits
[    8.757193] pci_bus 0000:00: 2-byte config write to 0000:00:01.0 offset 0x88 may corrupt adjacent RW1C bits
[    8.757199] pci_bus 0000:00: 2-byte config write to 0000:00:01.0 offset 0x90 may corrupt adjacent RW1C bits
[    8.757204] pci_bus 0000:00: 2-byte config write to 0000:00:01.0 offset 0x98 may corrupt adjacent RW1C bits
[    8.757208] pci_bus 0000:00: 2-byte config write to 0000:00:01.0 offset 0x9c may corrupt adjacent RW1C bits
[    8.757225] pci_bus 0000:00: 2-byte config write to 0000:00:01.0 offset 0x52 may corrupt adjacent RW1C bits
[    8.757233] pci_bus 0000:00: 2-byte config write to 0000:00:01.0 offset 0x52 may corrupt adjacent RW1C bits
[    8.757258] pcieport 0000:00:01.0: nv_msi_ht_cap_quirk didn't locate host bridge
[    9.496594] OOM killer enabled.
[    9.499722] Restarting tasks ... done.
root@(none):/# 
root@(none):/# rtcwake -d rtc1 -m mem -s 3
rtcwake: wakeup from "mem" using /dev/rtc1 at Thu Jan  1 00:00:31 1970
[   10.433846] PM: Syncing filesystems ... done.
[   10.440526] Freezing user space processes ... (elapsed 0.001 seconds) done.
[   10.448638] OOM killer disabled.
[   10.451854] Freezing remaining freezable tasks ... (elapsed 0.001 seconds) done.
[   10.460395] Suspending console(s) (use no_console_suspend to debug)
[   10.574338] Disabling non-boot CPUs ...
[   10.624148] IRQ346 no longer affine to CPU1
[   10.683831] IRQ17 no longer affine to CPU2
[   10.744241] Entering suspend state LP1
[   10.744241] Suspended for 3.009 seconds
[   10.744257] Enabling non-boot CPUs ...
[   10.745081] CPU1 is up
[   10.745840] CPU2 is up
[   10.746620] CPU3 is up
[   10.747344] pcieport 0000:00:01.0: nv_msi_ht_cap_quirk didn't locate host bridge
[   11.362926] OOM killer enabled.
[   11.366061] Restarting tasks ... done.
root@(none):/# 
root@(none):/# rtcwake -d rtc1 -m mem -s 3
rtcwake: wakeup from "mem" using /dev/rtc1 at Thu Jan  1 00:00:36 1970
[   12.423816] PM: Syncing filesystems ... done.
[   12.430489] Freezing user space processes ... (elapsed 0.001 seconds) done.
[   12.438598] OOM killer disabled.
[   12.441816] Freezing remaining freezable tasks ... (elapsed 0.001 seconds) done.
[   12.450358] Suspending console(s) (use no_console_suspend to debug)
[   12.564290] Disabling non-boot CPUs ...
[   12.614141] migrate_irqs: 2 callbacks suppressed
[   12.614144] IRQ346 no longer affine to CPU1
[   12.673787] IRQ17 no longer affine to CPU2
[   12.673915] IRQ347 no longer affine to CPU2
[   12.733836] IRQ348 no longer affine to CPU3
[   12.734336] Entering suspend state LP1
[   12.734336] Suspended for 3.009 seconds
[   12.734352] Enabling non-boot CPUs ...
[   12.735185] CPU1 is up
[   12.735943] CPU2 is up
[   12.736704] CPU3 is up
[   12.737429] pcieport 0000:00:01.0: nv_msi_ht_cap_quirk didn't locate host bridge
[   13.364257] OOM killer enabled.
[   13.367388] Restarting tasks ... done.
root@(none):/# 
root@(none):/# rtcwake -d rtc1 -m mem -s 3
rtcwake: wakeup from "mem" using /dev/rtc1 at Thu Jan  1 00:00:41 1970
[   14.413801] PM: Syncing filesystems ... done.
[   14.420478] Freezing user space processes ... (elapsed 0.001 seconds) done.
[   14.428582] OOM killer disabled.
[   14.431799] Freezing remaining freezable tasks ... (elapsed 0.001 seconds) done.
[   14.440336] Suspending console(s) (use no_console_suspend to debug)
[   14.485161] pci_generic_config_write32: 65 callbacks suppressed
[   14.485177] pci_bus 0000:00: 2-byte config write to 0000:00:01.0 offset 0x9c may corrupt adjacent RW1C bits
[   14.531999] pci_bus 0000:01: 2-byte config write to 0000:01:00.0 offset 0x44 may corrupt adjacent RW1C bits
[   14.532015] pci_bus 0000:01: 2-byte config write to 0000:01:00.0 offset 0x44 may corrupt adjacent RW1C bits
[   14.554264] Disabling non-boot CPUs ...
[   14.604088] IRQ346 no longer affine to CPU1
[   14.663747] IRQ17 no longer affine to CPU2
[   14.663877] IRQ347 no longer affine to CPU2
[   14.723820] IRQ348 no longer affine to CPU3
[   14.724175] Entering suspend state LP1
[   14.724175] Suspended for 3.010 seconds
[   14.724191] Enabling non-boot CPUs ...
[   14.725018] CPU1 is up
[   14.725772] CPU2 is up
[   14.726543] CPU3 is up
[   14.727249] pci_bus 0000:00: 2-byte config write to 0000:00:01.0 offset 0x4c may corrupt adjacent RW1C bits
[   14.727264] pci_bus 0000:00: 2-byte config write to 0000:00:01.0 offset 0x88 may corrupt adjacent RW1C bits
[   14.727269] pci_bus 0000:00: 2-byte config write to 0000:00:01.0 offset 0x90 may corrupt adjacent RW1C bits
[   14.727274] pci_bus 0000:00: 2-byte config write to 0000:00:01.0 offset 0x98 may corrupt adjacent RW1C bits
[   14.727279] pci_bus 0000:00: 2-byte config write to 0000:00:01.0 offset 0x9c may corrupt adjacent RW1C bits
[   14.727297] pci_bus 0000:00: 2-byte config write to 0000:00:01.0 offset 0x52 may corrupt adjacent RW1C bits
[   14.727305] pci_bus 0000:00: 2-byte config write to 0000:00:01.0 offset 0x52 may corrupt adjacent RW1C bits
[   14.727331] pcieport 0000:00:01.0: nv_msi_ht_cap_quirk didn't locate host bridge
[   15.456441] OOM killer enabled.
[   15.459569] Restarting tasks ... done.
root@(none):/# 
root@(none):/# rtcwake -d rtc1 -m mem -s 3
rtcwake: wakeup from "mem" using /dev/rtc1 at Thu Jan  1 00:00:46 1970
[   16.403840] PM: Syncing filesystems ... done.
[   16.410505] Freezing user space processes ... (elapsed 0.001 seconds) done.
[   16.418614] OOM killer disabled.
[   16.421830] Freezing remaining freezable tasks ... (elapsed 0.001 seconds) done.
[   16.430365] Suspending console(s) (use no_console_suspend to debug)
[   16.544237] Disabling non-boot CPUs ...
[   16.593865] IRQ17 no longer affine to CPU1
[   16.594064] IRQ346 no longer affine to CPU1
[   16.714154] Entering suspend state LP1
[   16.714154] Suspended for 3.009 seconds
[   16.714169] Enabling non-boot CPUs ...
[   16.715004] CPU1 is up
[   16.715770] CPU2 is up
[   16.716536] CPU3 is up
[   16.717264] pcieport 0000:00:01.0: nv_msi_ht_cap_quirk didn't locate host bridge
[   17.334932] OOM killer enabled.
[   17.338062] Restarting tasks ... done.
root@(none):/# 
root@(none):/# rtcwake -d rtc1 -m mem -s 3
rtcwake: wakeup from "mem" using /dev/rtc1 at Thu Jan  1 00:00:51 1970
[   18.404607] PM: Syncing filesystems ... done.
[   18.411259] Freezing user space processes ... (elapsed 0.001 seconds) done.
[   18.419368] OOM killer disabled.
[   18.422585] Freezing remaining freezable tasks ... (elapsed 0.001 seconds) done.
[   18.431115] Suspending console(s) (use no_console_suspend to debug)
[   18.544208] Disabling non-boot CPUs ...
[   18.583812] migrate_irqs: 2 callbacks suppressed
[   18.583816] IRQ17 no longer affine to CPU1
[   18.584014] IRQ346 no longer affine to CPU1
[   18.623807] IRQ347 no longer affine to CPU2
[   18.683755] IRQ348 no longer affine to CPU3
[   18.684113] Entering suspend state LP1
[   18.684113] Suspended for 3.030 seconds
[   18.684126] Enabling non-boot CPUs ...
[   18.684955] CPU1 is up
[   18.685719] CPU2 is up
[   18.686487] CPU3 is up
[   18.687193] pcieport 0000:00:01.0: nv_msi_ht_cap_quirk didn't locate host bridge
[   19.314117] OOM killer enabled.
[   19.317246] Restarting tasks ... done.
root@(none):/# 
root@(none):/# rtcwake -d rtc1 -m mem -s 3
rtcwake: wakeup from "mem" using /dev/rtc1 at Thu Jan  1 00:00:56 1970
[   20.365011] PM: Syncing filesystems ... done.
[   20.371690] Freezing user space processes ... (elapsed 0.001 seconds) done.
[   20.379797] OOM killer disabled.
[   20.383014] Freezing remaining freezable tasks ... (elapsed 0.001 seconds) done.
[   20.391544] Suspending console(s) (use no_console_suspend to debug)
[   20.434053] pci_generic_config_write32: 65 callbacks suppressed
[   20.434069] pci_bus 0000:00: 2-byte config write to 0000:00:01.0 offset 0x9c may corrupt adjacent RW1C bits
[   20.481882] pci_bus 0000:01: 2-byte config write to 0000:01:00.0 offset 0x44 may corrupt adjacent RW1C bits
[   20.481898] pci_bus 0000:01: 2-byte config write to 0000:01:00.0 offset 0x44 may corrupt adjacent RW1C bits
[   20.504163] Disabling non-boot CPUs ...
[   20.544000] IRQ346 no longer affine to CPU1
[   20.583787] IRQ347 no longer affine to CPU2
[   20.643612] IRQ17 no longer affine to CPU3
[   20.643724] IRQ348 no longer affine to CPU3
[   20.644171] Entering suspend state LP1
[   20.644171] Suspended for 3.039 seconds
[   20.644184] Enabling non-boot CPUs ...
[   20.645013] CPU1 is up
[   20.645764] CPU2 is up
[   20.646536] CPU3 is up
[   20.647209] pci_bus 0000:00: 2-byte config write to 0000:00:01.0 offset 0x4c may corrupt adjacent RW1C bits
[   20.647225] pci_bus 0000:00: 2-byte config write to 0000:00:01.0 offset 0x88 may corrupt adjacent RW1C bits
[   20.647232] pci_bus 0000:00: 2-byte config write to 0000:00:01.0 offset 0x90 may corrupt adjacent RW1C bits
[   20.647237] pci_bus 0000:00: 2-byte config write to 0000:00:01.0 offset 0x98 may corrupt adjacent RW1C bits
[   20.647242] pci_bus 0000:00: 2-byte config write to 0000:00:01.0 offset 0x9c may corrupt adjacent RW1C bits
[   20.647264] pci_bus 0000:00: 2-byte config write to 0000:00:01.0 offset 0x52 may corrupt adjacent RW1C bits
[   20.647271] pci_bus 0000:00: 2-byte config write to 0000:00:01.0 offset 0x52 may corrupt adjacent RW1C bits
[   20.647296] pcieport 0000:00:01.0: nv_msi_ht_cap_quirk didn't locate host bridge
[   21.382636] OOM killer enabled.
[   21.385777] Restarting tasks ... done.
root@(none):/# 
root@(none):/# rtcwake -d rtc1 -m mem -s 3
rtcwake: wakeup from "mem" using /dev/rtc1 at Thu Jan  1 00:01:01 1970
[   22.324257] PM: Syncing filesystems ... done.
[   22.330927] Freezing user space processes ... (elapsed 0.001 seconds) done.
[   22.339038] OOM killer disabled.
[   22.342255] Freezing remaining freezable tasks ... (elapsed 0.001 seconds) done.
[   22.350799] Suspending console(s) (use no_console_suspend to debug)
[   22.464126] Disabling non-boot CPUs ...
[   22.513944] IRQ346 no longer affine to CPU1
[   22.573630] IRQ17 no longer affine to CPU2
[   22.634029] Entering suspend state LP1
[   22.634029] Suspended for 3.010 seconds
[   22.634044] Enabling non-boot CPUs ...
[   22.634866] CPU1 is up
[   22.635637] CPU2 is up
[   22.636412] CPU3 is up
[   22.637124] pcieport 0000:00:01.0: nv_msi_ht_cap_quirk didn't locate host bridge
[   23.250192] OOM killer enabled.
[   23.253323] Restarting tasks ... done.
root@(none):/# 
root@(none):/# rtcwake -d rtc1 -m mem -s 3
rtcwake: wakeup from "mem" using /dev/rtc1 at Thu Jan  1 00:01:06 1970
[   24.314454] PM: Syncing filesystems ... done.
[   24.321124] Freezing user space processes ... (elapsed 0.001 seconds) done.
[   24.329237] OOM killer disabled.
[   24.332454] Freezing remaining freezable tasks ... (elapsed 0.001 seconds) done.
[   24.340981] Suspending console(s) (use no_console_suspend to debug)
[   24.454094] Disabling non-boot CPUs ...
[   24.503940] migrate_irqs: 2 callbacks suppressed
[   24.503944] IRQ346 no longer affine to CPU1
[   24.543585] IRQ17 no longer affine to CPU2
[   24.543718] IRQ347 no longer affine to CPU2
[   24.603655] IRQ348 no longer affine to CPU3
[   24.604014] Entering suspend state LP1
[   24.604014] Suspended for 3.029 seconds
[   24.604030] Enabling non-boot CPUs ...
[   24.604850] CPU1 is up
[   24.605611] CPU2 is up
[   24.606386] CPU3 is up
[   24.607131] pcieport 0000:00:01.0: nv_msi_ht_cap_quirk didn't locate host bridge
[   25.243539] OOM killer enabled.
[   25.246669] Restarting tasks ... done.
root@(none):/# 
root@(none):/# NVTB SYSTEM SUSPEND TEST COMPLETE
