
U-Boot SPL 2014.01-00219-gc4d376f (Feb 18 2014 - 19:57:32)


U-Boot 2014.01-00219-gc4d376f (Feb 18 2014 - 19:57:32)

TEGRA114
Board: NVIDIA Dalmore
I2C:   ready
DRAM:  2 GiB
MMC:   Tegra SD/MMC: 0, Tegra SD/MMC: 1
In:    serial
Out:   serial
Err:   serial
Net:   Net Initialization Skipped
No ethernet found.
Hit any key to stop autoboot:  2  1  0 
Tegra114 (Dalmore) # 
Tegra114 (Dalmore) # usb reset
(Re)start USB...
USB0:   USB EHCI 1.10
scanning bus 0 for devices... 2 USB Device(s) found
       scanning usb for storage devices... 0 Storage Device(s) found
       scanning usb for ethernet devices... 
Warning: asx0 using MAC address from net device
1 Ethernet Device(s) found
Tegra114 (Dalmore) # setenv bootargs 'ignore_loglevel console=ttyS0,115200n8 rw root=PARTUUID=7369c667-ff51-ec4a-29cd-baabf2fbe346 rootwait gpt debug earlyprintk init=/bin/bash'
Tegra114 (Dalmore) # setenv ipaddr 192.168.100.100; setenv serverip 192.168.100.1; setenv tftpserverip 192.168.100.1
Tegra114 (Dalmore) # tftpboot 0x81000000 zImage.tegra_defconfig
Using asx0 device
TFTP from server 192.168.100.1; our IP address is 192.168.100.100
Filename 'zImage.tegra_defconfig'.
Load address: 0x81000000
Loading: *#################################################################
	 #################################################################
	 #################################################################
	 #################################################################
	 #################################################################
	 ##################################################
	 3.2 MiB/s
done
Bytes transferred = 5491920 (53ccd0 hex)
Tegra114 (Dalmore) # tftpboot 0x82000000 tegra114-dalmore.dtb
Using asx0 device
TFTP from server 192.168.100.1; our IP address is 192.168.100.100
Filename 'tegra114-dalmore.dtb'.
Load address: 0x82000000
Loading: *###
	 3 MiB/s
done
Bytes transferred = 35044 (88e4 hex)
Tegra114 (Dalmore) # bootz 0x81000000 - 0x82000000
Kernel image @ 0x81000000 [ 0x000000 - 0x53ccd0 ]
## Flattened Device Tree blob at 82000000
   Booting using the fdt blob at 0x82000000
   Loading Device Tree to 8fff4000, end 8ffff8e3 ... OK

Starting kernel ...

Uncompressing Linux... done, booting the kernel.
[    0.000000] Booting Linux on physical CPU 0x0
[    0.000000] Linux version 4.9.0-rc6-next-20161124-137288-g4bb7003 (pwalmsley@kaivo) (gcc version 4.7.3 20130328 (prerelease) (crosstool-NG linaro-1.13.1-4.7-2013.04-20130415 - Linaro GCC 2013.04) ) #1 SMP PREEMPT Thu Nov 24 02:33:14 PST 2016
[    0.000000] CPU: ARMv7 Processor [412fc0f2] revision 2 (ARMv7), cr=10c5387d
[    0.000000] CPU: div instructions available: patching division code
[    0.000000] CPU: PIPT / VIPT nonaliasing data cache, PIPT instruction cache
[    0.000000] OF: fdt:Machine model: NVIDIA Tegra114 Dalmore evaluation board
[    0.000000] debug: ignoring loglevel setting.
[    0.000000] bootconsole [earlycon0] enabled
[    0.000000] cma: Reserved 64 MiB at 0xfbc00000
[    0.000000] Memory policy: Data cache writealloc
[    0.000000] On node 0 totalpages: 524032
[    0.000000] free_area_init_node: node 0, pgdat c0d5e3c0, node_mem_map eeff7000
[    0.000000]   Normal zone: 1536 pages used for memmap
[    0.000000]   Normal zone: 0 pages reserved
[    0.000000]   Normal zone: 196608 pages, LIFO batch:31
[    0.000000]   HighMem zone: 327424 pages, LIFO batch:31
[    0.000000] percpu: Embedded 14 pages/cpu @eefa3000 s26240 r8192 d22912 u57344
[    0.000000] pcpu-alloc: s26240 r8192 d22912 u57344 alloc=14*4096
[    0.000000] pcpu-alloc: [0] 0 [0] 1 [0] 2 [0] 3 
[    0.000000] Built 1 zonelists in Zone order, mobility grouping on.  Total pages: 522496
[    0.000000] Kernel command line: ignore_loglevel console=ttyS0,115200n8 rw root=PARTUUID=7369c667-ff51-ec4a-29cd-baabf2fbe346 rootwait gpt debug earlyprintk init=/bin/bash
[    0.000000] PID hash table entries: 4096 (order: 2, 16384 bytes)
[    0.000000] Dentry cache hash table entries: 131072 (order: 7, 524288 bytes)
[    0.000000] Inode-cache hash table entries: 65536 (order: 6, 262144 bytes)
[    0.000000] Memory: 1999960K/2096128K available (8192K kernel code, 382K rwdata, 2468K rodata, 1024K init, 370K bss, 30632K reserved, 65536K cma-reserved, 1244160K highmem)
[    0.000000] Virtual kernel memory layout:
[    0.000000]     vector  : 0xffff0000 - 0xffff1000   (   4 kB)
[    0.000000]     fixmap  : 0xffc00000 - 0xfff00000   (3072 kB)
[    0.000000]     vmalloc : 0xf0800000 - 0xff800000   ( 240 MB)
[    0.000000]     lowmem  : 0xc0000000 - 0xf0000000   ( 768 MB)
[    0.000000]     pkmap   : 0xbfe00000 - 0xc0000000   (   2 MB)
[    0.000000]     modules : 0xbf000000 - 0xbfe00000   (  14 MB)
[    0.000000]       .text : 0xc0008000 - 0xc0900000   (9184 kB)
[    0.000000]       .init : 0xc0c00000 - 0xc0d00000   (1024 kB)
[    0.000000]       .data : 0xc0d00000 - 0xc0d5fa80   ( 383 kB)
[    0.000000]        .bss : 0xc0d61000 - 0xc0dbdb5c   ( 371 kB)
[    0.000000] Preemptible hierarchical RCU implementation.
[    0.000000] 	Build-time adjustment of leaf fanout to 32.
[    0.000000] NR_IRQS:16 nr_irqs:16 16
[    0.000000] /interrupt-controller@60004000: 160 interrupts forwarded to /interrupt-controller@50041000
[    0.000000] Tegra clk 127: register failed with -17
[    0.000007] sched_clock: 32 bits at 1000kHz, resolution 1000ns, wraps every 2147483647500ns
[    0.007759] clocksource: timer_us: mask: 0xffffffff max_cycles: 0xffffffff, max_idle_ns: 1911260446275 ns
[    0.017373] Switching to timer-based delay loop, resolution 1000ns
[    0.024438] arm_arch_timer: Architected cp15 timer(s) running at 12.00MHz (virt).
[    0.031156] clocksource: arch_sys_counter: mask: 0xffffffffffffff max_cycles: 0x2c47f4ee7, max_idle_ns: 440795202497 ns
[    0.041991] sched_clock: 56 bits at 12MHz, resolution 83ns, wraps every 4398046511096ns
[    0.050046] Switching to timer-based delay loop, resolution 83ns
[    0.056558] Console: colour dummy device 80x30
[    0.060631] Calibrating delay loop (skipped), value calculated using timer frequency.. 24.00 BogoMIPS (lpj=120000)
[    0.071015] pid_max: default: 32768 minimum: 301
[    0.076204] Mount-cache hash table entries: 2048 (order: 1, 8192 bytes)
[    0.082386] Mountpoint-cache hash table entries: 2048 (order: 1, 8192 bytes)
[    0.090897] CPU: Testing write buffer coherency: ok
[    0.094691] /cpus/cpu@0 missing clock-frequency property
[    0.099808] /cpus/cpu@1 missing clock-frequency property
[    0.105202] /cpus/cpu@2 missing clock-frequency property
[    0.110556] /cpus/cpu@3 missing clock-frequency property
[    0.115926] CPU0: thread -1, cpu 0, socket 0, mpidr 80000000
[    0.146008] Setting up static identity map for 0x80100000 - 0x80100098
[    0.176449] Tegra Revision: A01 SKU: 0 CPU Process: 1 SoC Process: 0
[    0.181772] smp: Bringing up secondary CPUs ...
[    0.246617] CPU1: thread -1, cpu 1, socket 0, mpidr 80000001
[    0.316709] CPU2: thread -1, cpu 2, socket 0, mpidr 80000002
[    0.386820] CPU3: thread -1, cpu 3, socket 0, mpidr 80000003
[    0.386913] smp: Brought up 1 node, 4 CPUs
[    0.406348] SMP: Total of 4 processors activated (96.00 BogoMIPS).
[    0.412596] CPU: All CPU(s) started in SVC mode.
[    0.419116] devtmpfs: initialized
[    0.447100] VFP support v0.3: implementor 41 architecture 4 part 30 variant f rev 0
[    0.453486] clocksource: jiffies: mask: 0xffffffff max_cycles: 0xffffffff, max_idle_ns: 19112604462750000 ns
[    0.464105] pinctrl core: initialized pinctrl subsystem
[    0.469887] NET: Registered protocol family 16
[    0.473903] DMA: preallocated 256 KiB pool for atomic coherent allocations
[    0.483047] cpuidle: using governor menu
[    0.530303] No ATAGs?[    0.530627] hw-breakpoint: found 5 (+1 reserved) breakpoint and 4 watchpoint registers.
[    0.538575] hw-breakpoint: maximum watchpoint size is 8 bytes.
[    0.545506] tegra-mc 70019000.memory-controller: no memory timings for RAM code 3 registered
[    0.579598] dvdd_ts: Failed to request enable GPIO61: -517
[    0.583289] reg-fixed-voltage regulators:regulator@1: Failed to register regulator: -517
[    0.591522] usb1_vbus: Failed to request enable GPIO108: -517
[    0.597235] reg-fixed-voltage regulators:regulator@3: Failed to register regulator: -517
[    0.605472] usb2_vbus: Failed to request enable GPIO86: -517
[    0.611099] reg-fixed-voltage regulators:regulator@4: Failed to register regulator: -517
[    0.619909] VDD_5V0_HDMI_CON: Failed to request enable GPIO81: -517
[    0.625574] reg-fixed-voltage regulators:regulator@7: Failed to register regulator: -517
[    0.635389] vgaarb: loaded
[    0.637555] SCSI subsystem initialized
[    0.640551] libata version 3.00 loaded.
[    0.644803] usbcore: registered new interface driver usbfs
[    0.649898] usbcore: registered new interface driver hub
[    0.655241] usbcore: registered new device driver usb
[    0.664754] tps65090 2-0048: No cache defaults, reading back from HW
[    0.671445] TPS65090_RAILSDCDC1: supplied by vdd_ac_bat
[    0.675629] vdd_hdmi_5v0: supplied by vdd-sys-5v0
[    0.680434] TPS65090_RAILSDCDC2: supplied by vdd_ac_bat
[    0.686218] TPS65090_RAILSDCDC3: supplied by vdd_ac_bat
[    0.690944] TPS65090_RAILSFET1: supplied by vdd_ac_bat
[    0.695986] TPS65090_RAILSFET2: supplied by vdd_ac_bat
[    0.701204] TPS65090_RAILSFET3: supplied by vdd-sys-3v3
[    0.706636] TPS65090_RAILSFET4: supplied by vdd-sys-3v3
[    0.711919] TPS65090_RAILSFET5: supplied by vdd-sys-3v3
[    0.717202] TPS65090_RAILSFET6: supplied by vdd-sys-3v3
[    0.722822] TPS65090_RAILSFET7: supplied by vdd-sys-3v3
[    0.727766] TPS65090_RAILSLDO1: supplied by vdd_ac_bat
[    0.732671] TPS65090_RAILSLDO2: supplied by vdd_ac_bat
[    0.738720] palmas 2-0058: Irq flag is 0x00000004
[    0.744671] palmas 2-0058: Muxing GPIO ff, PWM 0, LED 0
[    0.750969] SMPS12: supplied by vdd-ao
[    0.754826] SMPS3: supplied by vdd-ao
[    0.758701] SMPS457: supplied by vdd-sys-3v3
[    0.764632] SMPS8: supplied by vdd-sys-3v3
[    0.767879] random: fast init done
[    0.771287] SMPS9: supplied by vdd-sys-3v3
[    0.775086] sdhci-vdd-sd-slot: Bringing 2840000uV into 2800000-2800000uV
[    0.784929] LDO1: supplied by vdd-sys-3v3
[    0.788573] LDO2: supplied by vdd-sys-3v3
[    0.792651] LDO3: supplied by vddio-1v8
[    0.796580] LDO4: supplied by vdd-sys-3v3
[    0.800618] LDO5: supplied by vdd_ac_bat
[    0.804182] LDO6: supplied by vdd-sys-3v3
[    0.807778] vdd-sensor-2v85: Bringing 2900000uV into 2850000-2850000uV
[    0.815486] LDO7: supplied by vdd-sys-3v3
[    0.819908] LDO8: supplied by vdd-ao
[    0.822206] vdd-rtc: Bringing 675000uV into 900000-900000uV
[    0.838894] LDO9: supplied by sdhci-vdd-sd-slot
[    0.849219] LDOLN: supplied by vdd-sys-5v0
[    0.852980] LDOUSB: supplied by vdd-sys-5v0
[    0.863105] Linux video capture interface: v2.00
[    0.865994] pps_core: LinuxPPS API ver. 1 registered
[    0.870945] pps_core: Software ver. 5.3.6 - Copyright 2005-2007 Rodolfo Giometti <giometti@linux.it>
[    0.880157] PTP clock support registered
[    0.885052] Advanced Linux Sound Architecture Driver Initialized.
[    0.891785] Bluetooth: Core ver 2.22
[    0.893954] NET: Registered protocol family 31
[    0.898416] Bluetooth: HCI device and connection manager initialized
[    0.904823] Bluetooth: HCI socket layer initialized
[    0.909777] Bluetooth: L2CAP socket layer initialized
[    0.914905] Bluetooth: SCO socket layer initialized
[    0.921386] clocksource: Switched to clocksource arch_sys_counter
[    0.949646] NET: Registered protocol family 2
[    0.953510] TCP established hash table entries: 8192 (order: 3, 32768 bytes)
[    0.959376] TCP bind hash table entries: 8192 (order: 4, 65536 bytes)
[    0.965988] TCP: Hash tables configured (established 8192 bind 8192)
[    0.972656] UDP hash table entries: 512 (order: 2, 16384 bytes)
[    0.978210] UDP-Lite hash table entries: 512 (order: 2, 16384 bytes)
[    0.984997] NET: Registered protocol family 1
[    0.989858] RPC: Registered named UNIX socket transport module.
[    0.995017] RPC: Registered udp transport module.
[    0.999757] RPC: Registered tcp transport module.
[    1.004541] RPC: Registered tcp NFSv4.1 backchannel transport module.
[    1.011028] PCI: CLS 0 bytes, default 64
[    1.019182] futex hash table entries: 1024 (order: 4, 65536 bytes)
[    1.024591] workingset: timestamp_bits=30 max_order=19 bucket_order=0
[    1.031790] squashfs: version 4.0 (2009/01/31) Phillip Lougher
[    1.036782] NFS: Registering the id_resolver key type
[    1.041064] Key type id_resolver registered
[    1.045362] Key type id_legacy registered
[    1.054051] bounce: pool size: 64 pages
[    1.056064] io scheduler noop registered (default)
[    1.085174] tegra-apbdma 6000a000.dma: Tegra20 APB DMA driver register 32 channels
[    1.091733] tegra-pmc 7000e400.pmc: i2c-thermtrip node not found, emergency thermal reset disabled.
[    1.100715] Serial: 8250/16550 driver, 4 ports, IRQ sharing disabled
[    1.109930] console [ttyS0] disabled
[    1.111746] 70006300.serial: ttyS0 at MMIO 0x70006300 (irq = 329, base_baud = 25500000) is a Tegra
[    1.120736] console [ttyS0] enabled
[    1.120736] console [ttyS0] enabled
[    1.127070] bootconsole [earlycon0] disabled
[    1.127070] bootconsole [earlycon0] disabled
[    1.137972] [drm] Initialized
[    1.142251] tegra-hdmi 54280000.hdmi: failed to get HDMI regulator
[    1.172036] loop: module loaded
[    1.188120] m25p80 spi32766.0: w25q32dw (4096 Kbytes)
[    1.196681] libphy: Fixed MDIO Bus: probed
[    1.200774] CAN device driver interface
[    1.204719] igb: Intel(R) Gigabit Ethernet Network Driver - version 5.4.0-k
[    1.211687] igb: Copyright (c) 2007-2014 Intel Corporation.
[    1.217554] pegasus: v0.9.3 (2013/04/25), Pegasus/Pegasus II USB Ethernet driver
[    1.225085] usbcore: registered new interface driver pegasus
[    1.230888] usbcore: registered new interface driver asix
[    1.236407] usbcore: registered new interface driver ax88179_178a
[    1.242615] usbcore: registered new interface driver cdc_ether
[    1.248585] usbcore: registered new interface driver smsc75xx
[    1.254502] usbcore: registered new interface driver smsc95xx
[    1.260343] usbcore: registered new interface driver net1080
[    1.266118] usbcore: registered new interface driver cdc_subset
[    1.272151] usbcore: registered new interface driver zaurus
[    1.277866] usbcore: registered new interface driver cdc_ncm
[    1.283970] ehci_hcd: USB 2.0 'Enhanced' Host Controller (EHCI) Driver
[    1.290488] ehci-pci: EHCI PCI platform driver
[    1.295083] tegra-ehci: Tegra EHCI driver
[    1.299913] usbcore: registered new interface driver cdc_acm
[    1.305586] cdc_acm: USB Abstract Control Model driver for USB modems and ISDN adapters
[    1.313704] usbcore: registered new interface driver cdc_wdm
[    1.319507] usbcore: registered new interface driver usb-storage
[    1.326258] mousedev: PS/2 mouse device common for all mice
[    1.336936] palmas-rtc 7000d000.i2c:tps65913@58:rtc: rtc core: registered 7000d000.i2c:tps659 as rtc0
[    1.347951] tegra_rtc 7000e000.rtc: rtc core: registered 7000e000.rtc as rtc1
[    1.355199] tegra_rtc 7000e000.rtc: Tegra internal Real Time Clock
[    1.361764] i2c /dev entries driver
[    1.366758] usbcore: registered new interface driver uvcvideo
[    1.372520] USB Video Class driver (1.1.1)
[    1.376609] gspca_main: v2.14.0 registered
[    1.381735] sbs-battery 0-000b: sbs_probe: Failed to get device status
[    1.388266] sbs-battery: probe of 0-000b failed with error -121
[    1.400497] tegra-wdt 60005000.timer: initialized (heartbeat = 120 sec, nowayout = 0)
[    1.409116] sdhci: Secure Digital Host Controller Interface driver
[    1.415386] sdhci: Copyright(c) Pierre Ossman
[    1.419735] sdhci-pltfm: SDHCI platform and OF driver helper
[    1.425765] sdhci-tegra 78000400.sdhci: Got CD GPIO
[    1.430651] sdhci-tegra 78000400.sdhci: Got WP GPIO
[    1.436733] mmc0: Invalid maximum block size, assuming 512 bytes
[    1.501656] mmc0: SDHCI controller on 78000400.sdhci [78000400.sdhci] using ADMA
[    1.509379] mmc1: Invalid maximum block size, assuming 512 bytes
[    1.581449] mmc1: SDHCI controller on 78000600.sdhci [78000600.sdhci] using ADMA
[    1.589798] usbcore: registered new interface driver usbhid
[    1.595450] usbhid: USB HID core driver
[    1.644443] mmc0: new high speed SDHC card at address aaaa
[    1.650894] mmcblk0: mmc0:aaaa SL16G 14.8 GiB 
[    1.672217]  mmcblk0: p1 p2 p3
[    1.678605] mmc1: new high speed MMC card at address 0001
[    1.684989] mmcblk1: mmc1:0001 SEM32G 29.1 GiB 
[    1.689945] mmcblk1boot0: mmc1:0001 SEM32G partition 1 4.00 MiB
[    1.696310] mmcblk1boot1: mmc1:0001 SEM32G partition 2 4.00 MiB
[    1.702665] mmcblk1rpmb: mmc1:0001 SEM32G partition 3 4.00 MiB
[    1.711485]  mmcblk1: p1 p2 p3 p4 p5 p6 p7 p8
[    2.035521] tegra30-i2s 70080400.i2s: DMA channels sourced from device 70080000.ahub
[    2.052530] tegra-snd-rt5640 sound: rt5640-aif1 <-> 70080400.i2s mapping ok
[    2.064862] input: NVIDIA Tegra Dalmore Headphones as /devices/soc0/sound/sound/card0/input0
[    2.075975] NET: Registered protocol family 10
[    2.081927] Segment Routing with IPv6
[    2.085759] mip6: Mobile IPv6
[    2.088725] sit: IPv6, IPv4 and MPLS over IPv4 tunneling driver
[    2.097509] NET: Registered protocol family 17
[    2.102073] NET: Registered protocol family 15
[    2.106510] can: controller area network core (rev 20120528 abi 9)
[    2.112889] NET: Registered protocol family 29
[    2.117328] can: raw protocol (rev 20120528)
[    2.121614] can: broadcast manager protocol (rev 20160617 t)
[    2.127278] can: netlink gateway (rev 20130117) max_hops=1
[    2.132975] Bluetooth: RFCOMM socket layer initialized
[    2.138130] Bluetooth: RFCOMM ver 1.11
[    2.141911] Bluetooth: BNEP (Ethernet Emulation) ver 1.3
[    2.147229] Bluetooth: BNEP socket layer initialized
[    2.152207] Bluetooth: HIDP (Human Interface Emulation) ver 1.2
[    2.158130] Bluetooth: HIDP socket layer initialized
[    2.163407] Key type dns_resolver registered
[    2.168841] Registering SWP/SWPB emulation handler
[    2.191680] usb1_vbus: supplied by vdd-sys-5v0
[    2.197200] usb2_vbus: supplied by vdd-sys-5v0
[    2.205180] VDD_5V0_HDMI_CON: supplied by vdd-sys-5v0
[    2.215877] [drm] Supports vblank timestamp caching Rev 2 (21.10.2013).
[    2.222547] [drm] No driver support for vblank timestamp query.
[    2.290937] Console: switching to colour frame buffer device 240x75
[    2.318645] drm drm: fb0:  frame buffer device
[    2.323249] [drm] Initialized tegra 0.0.0 20120330 on minor 0
[    2.332652] tegra-ehci 7d008000.usb: EHCI Host Controller
[    2.338108] tegra-ehci 7d008000.usb: new USB bus registered, assigned bus number 1
[    2.346111] tegra-ehci 7d008000.usb: irq 339, io mem 0x7d008000
[    2.381471] tegra-ehci 7d008000.usb: USB 2.0 started, EHCI 1.10
[    2.389122] hub 1-0:1.0: USB hub found
[    2.392978] hub 1-0:1.0: 1 port detected
[    2.399164] input: gpio-keys as /devices/soc0/gpio-keys/input/input1
[    2.408873] palmas-rtc 7000d000.i2c:tps65913@58:rtc: setting system clock to 2000-09-17 22:02:02 UTC (969228122)
[    2.425042] dvdd_ts: disabling
[    2.428101] usb1_vbus: disabling
[    2.431326] vdd_cam_1v8_reg: disabling
[    2.435127] ALSA device list:
[    2.438103]   #0: NVIDIA Tegra Dalmore
[    2.443452] EXT4-fs (mmcblk1p1): mounting ext3 file system using the ext4 subsystem
[    2.476053] EXT4-fs (mmcblk1p1): recovery complete
[    2.480856] EXT4-fs (mmcblk1p1): mounted filesystem with ordered data mode. Opts: (null)
[    2.489074] VFS: Mounted root (ext3 filesystem) on device 179:17.
[    2.500999] devtmpfs: mounted
[    2.505093] Freeing unused kernel memory: 1024K
bash: cannot set terminal process group (-1): Inappropriate ioctl for device
bash: no job control in this shell
root@(none):/# [    2.751546] usb 1-1: new high-speed USB device number 2 using tegra-ehci
mount -t sysfs none /sys
root@(none):/# 
root@(none):/# [    3.429089] asix 1-1:1.0 eth0: register 'asix' at usb-7d008000.usb-1, ASIX AX88772 USB 2.0 Ethernet, 00:50:b6:0d:b5:16
mount -t debugfs none /sys/kernel/debug
root@(none):/# 
root@(none):/# rtcwake -d rtc1 -m mem -s 3
rtcwake: assuming RTC uses UTC ...
rtcwake: wakeup from "mem" using /dev/rtc1 at Thu Jan  1 00:00:19 1970
[    5.273641] PM: Syncing filesystems ... done.
[    5.301567] Freezing user space processes ... (elapsed 0.009 seconds) done.
[    5.302909] Freezing remaining freezable tasks ... (elapsed 0.001 seconds) done.
[    5.302913] Suspending console(s) (use no_console_suspend to debug)
[    5.324736] asix 1-1:1.0 eth0: Failed to read reg index 0x0000: -19
[    5.324748] asix 1-1:1.0 eth0: Error reading Medium Status register: ffffffed
[    5.324759] asix 1-1:1.0 eth0: Failed to write reg index 0x0000: -19
[    5.324767] asix 1-1:1.0 eth0: Failed to write Medium Mode mode to 0xfeed: ffffffed
[    5.403530] PM: suspend of devices complete after 78.984 msecs
[    5.405541] PM: late suspend of devices complete after 1.995 msecs
[    5.407139] PM: noirq suspend of devices complete after 1.588 msecs
[    5.407143] Disabling non-boot CPUs ...
[    5.452202] CPU1: shutdown
[    5.552336] CPU2: shutdown
[    5.672229] CPU3: shutdown
[    5.723886] Entering suspend state LP1
[    5.723886] Suspended for 6.917 seconds
[    5.723930] Enabling non-boot CPUs ...
[    5.754338] CPU1 is up
[    5.794802] CPU2 is up
[    5.835440] CPU3 is up
[    5.836314] PM: noirq resume of devices complete after 0.862 msecs
[    5.838389] PM: early resume of devices complete after 1.444 msecs
[    6.414721] PM: resume of devices complete after 576.313 msecs
[    6.509847] Restarting tasks ... done.
root@(none):/# 
root@(none):/# rtcwake -d rtc1 -m mem -s 3
rtcwake: assuming RTC uses UTC ...
rtcwake: wakeup from "mem" using /dev/rtc1 at Thu Jan  1 00:00:28 1970
[    7.379594] PM: Syncing filesystems ... done.
[    7.403014] Freezing user space processes ... (elapsed 0.001 seconds) done.
[    7.404375] Freezing remaining freezable tasks ... (elapsed 0.001 seconds) done.
[    7.404379] Suspending console(s) (use no_console_suspend to debug)
[    7.428661] asix 1-1:1.0 eth0: Failed to read reg index 0x0000: -19
[    7.428670] asix 1-1:1.0 eth0: Error reading Medium Status register: ffffffed
[    7.428683] asix 1-1:1.0 eth0: Failed to write reg index 0x0000: -19
[    7.428690] asix 1-1:1.0 eth0: Failed to write Medium Mode mode to 0xfeed: ffffffed
[    7.503749] PM: suspend of devices complete after 75.323 msecs
[    7.505689] PM: late suspend of devices complete after 1.923 msecs
[    7.507294] PM: noirq suspend of devices complete after 1.594 msecs
[    7.507298] Disabling non-boot CPUs ...
[    7.542137] CPU1: shutdown
[    7.651784] IRQ17 no longer affine to CPU2
[    7.652138] CPU2: shutdown
[    7.752046] CPU3: shutdown
[    7.803610] Entering suspend state LP1
[    7.803610] Suspended for 6.920 seconds
[    7.803653] Enabling non-boot CPUs ...
[    7.834284] CPU1 is up
[    7.874749] CPU2 is up
[    7.915392] CPU3 is up
[    7.916078] PM: noirq resume of devices complete after 0.676 msecs
[    7.918018] PM: early resume of devices complete after 1.281 msecs
[    8.494372] PM: resume of devices complete after 576.337 msecs
[    8.593545] Restarting tasks ... done.
root@(none):/# 
root@(none):/# rtcwake -d rtc1 -m mem -s 3
rtcwake: assuming RTC uses UTC ...
rtcwake: wakeup from "mem" using /dev/rtc1 at Thu Jan  1 00:00:37 1970
[    9.469185] PM: Syncing filesystems ... done.
[    9.492960] Freezing user space processes ... (elapsed 0.001 seconds) done.
[    9.494320] Freezing remaining freezable tasks ... (elapsed 0.001 seconds) done.
[    9.494325] Suspending console(s) (use no_console_suspend to debug)
[    9.518577] asix 1-1:1.0 eth0: Failed to read reg index 0x0000: -19
[    9.518589] asix 1-1:1.0 eth0: Error reading Medium Status register: ffffffed
[    9.518599] asix 1-1:1.0 eth0: Failed to write reg index 0x0000: -19
[    9.518606] asix 1-1:1.0 eth0: Failed to write Medium Mode mode to 0xfeed: ffffffed
[    9.603157] PM: suspend of devices complete after 84.849 msecs
[    9.605166] PM: late suspend of devices complete after 1.993 msecs
[    9.606927] PM: noirq suspend of devices complete after 1.750 msecs
[    9.606931] Disabling non-boot CPUs ...
[    9.642105] CPU1: shutdown
[    9.742083] CPU2: shutdown
[    9.851986] CPU3: shutdown
[    9.903517] Entering suspend state LP1
[    9.903517] Suspended for 8.483 seconds
[    9.903561] Enabling non-boot CPUs ...
[    9.934235] CPU1 is up
[    9.974708] CPU2 is up
[   10.015330] CPU3 is up
[   10.015990] PM: noirq resume of devices complete after 0.649 msecs
[   10.017893] PM: early resume of devices complete after 1.246 msecs
[   10.595142] PM: resume of devices complete after 577.232 msecs
[   10.690206] Restarting tasks ... done.
root@(none):/# 
root@(none):/# rtcwake -d rtc1 -m mem -s 3
rtcwake: assuming RTC uses UTC ...
rtcwake: wakeup from "mem" using /dev/rtc1 at Thu Jan  1 00:00:48 1970
[   11.957197] PM: Syncing filesystems ... done.
[   11.982908] Freezing user space processes ... (elapsed 0.001 seconds) done.
[   11.984273] Freezing remaining freezable tasks ... (elapsed 0.001 seconds) done.
[   11.984277] Suspending console(s) (use no_console_suspend to debug)
[   12.006282] asix 1-1:1.0 eth0: Failed to read reg index 0x0000: -19
[   12.006292] asix 1-1:1.0 eth0: Error reading Medium Status register: ffffffed
[   12.006301] asix 1-1:1.0 eth0: Failed to write reg index 0x0000: -19
[   12.006309] asix 1-1:1.0 eth0: Failed to write Medium Mode mode to 0xfeed: ffffffed
[   12.083218] PM: suspend of devices complete after 77.134 msecs
[   12.085178] PM: late suspend of devices complete after 1.944 msecs
[   12.086771] PM: noirq suspend of devices complete after 1.582 msecs
[   12.086775] Disabling non-boot CPUs ...
[   12.121692] IRQ17 no longer affine to CPU1
[   12.122042] CPU1: shutdown
[   12.232016] CPU2: shutdown
[   12.331938] CPU3: shutdown
[   12.383471] Entering suspend state LP1
[   12.383471] Suspended for 8.103 seconds
[   12.383515] Enabling non-boot CPUs ...
[   12.414192] CPU1 is up
[   12.454646] CPU2 is up
[   12.495267] CPU3 is up
[   12.495933] PM: noirq resume of devices complete after 0.655 msecs
[   12.497977] PM: early resume of devices complete after 1.412 msecs
[   13.073718] PM: resume of devices complete after 575.722 msecs
[   13.172900] Restarting tasks ... done.
root@(none):/# 
root@(none):/# rtcwake -d rtc1 -m mem -s 3
rtcwake: assuming RTC uses UTC ...
rtcwake: wakeup from "mem" using /dev/rtc1 at Thu Jan  1 00:00:58 1970
[   13.891474] PM: Syncing filesystems ... done.
[   13.912854] Freezing user space processes ... (elapsed 0.001 seconds) done.
[   13.914221] Freezing remaining freezable tasks ... (elapsed 0.001 seconds) done.
[   13.914225] Suspending console(s) (use no_console_suspend to debug)
[   13.940492] asix 1-1:1.0 eth0: Failed to read reg index 0x0000: -19
[   13.940502] asix 1-1:1.0 eth0: Error reading Medium Status register: ffffffed
[   13.940513] asix 1-1:1.0 eth0: Failed to write reg index 0x0000: -19
[   13.940523] asix 1-1:1.0 eth0: Failed to write Medium Mode mode to 0xfeed: ffffffed
[   14.012918] PM: suspend of devices complete after 72.588 msecs
[   14.014642] PM: late suspend of devices complete after 1.709 msecs
[   14.016209] PM: noirq suspend of devices complete after 1.557 msecs
[   14.016214] Disabling non-boot CPUs ...
[   14.051995] CPU1: shutdown
[   14.161959] CPU2: shutdown
[   14.271544] IRQ17 no longer affine to CPU3
[   14.271888] CPU3: shutdown
[   14.323431] Entering suspend state LP1
[   14.323431] Suspended for 6.893 seconds
[   14.323476] Enabling non-boot CPUs ...
[   14.354120] CPU1 is up
[   14.394575] CPU2 is up
[   14.435204] CPU3 is up
[   14.435850] PM: noirq resume of devices complete after 0.636 msecs
[   14.437777] PM: early resume of devices complete after 1.275 msecs
[   15.014200] PM: resume of devices complete after 576.404 msecs
[   15.113503] Restarting tasks ... done.
root@(none):/# 
root@(none):/# rtcwake -d rtc1 -m mem -s 3
rtcwake: assuming RTC uses UTC ...
rtcwake: wakeup from "mem" using /dev/rtc1 at Thu Jan  1 00:01:07 1970
[   15.978869] PM: Syncing filesystems ... done.
[   16.002801] Freezing user space processes ... (elapsed 0.001 seconds) done.
[   16.004165] Freezing remaining freezable tasks ... (elapsed 0.001 seconds) done.
[   16.004169] Suspending console(s) (use no_console_suspend to debug)
[   16.028008] asix 1-1:1.0 eth0: Failed to read reg index 0x0000: -19
[   16.028016] asix 1-1:1.0 eth0: Error reading Medium Status register: ffffffed
[   16.028026] asix 1-1:1.0 eth0: Failed to write reg index 0x0000: -19
[   16.028033] asix 1-1:1.0 eth0: Failed to write Medium Mode mode to 0xfeed: ffffffed
[   16.102974] PM: suspend of devices complete after 75.167 msecs
[   16.104682] PM: late suspend of devices complete after 1.692 msecs
[   16.106341] PM: noirq suspend of devices complete after 1.650 msecs
[   16.106346] Disabling non-boot CPUs ...
[   16.141951] CPU1: shutdown
[   16.251559] IRQ17 no longer affine to CPU2
[   16.251909] CPU2: shutdown
[   16.351827] CPU3: shutdown
[   16.403364] Entering suspend state LP1
[   16.403364] Suspended for 6.920 seconds
[   16.403408] Enabling non-boot CPUs ...
[   16.434085] CPU1 is up
[   16.474537] CPU2 is up
[   16.515162] CPU3 is up
[   16.515826] PM: noirq resume of devices complete after 0.653 msecs
[   16.517941] PM: early resume of devices complete after 1.463 msecs
[   17.093935] PM: resume of devices complete after 575.977 msecs
[   17.193064] Restarting tasks ... done.
root@(none):/# 
root@(none):/# rtcwake -d rtc1 -m mem -s 3
rtcwake: assuming RTC uses UTC ...
rtcwake: wakeup from "mem" using /dev/rtc1 at Thu Jan  1 00:01:16 1970
[   18.056913] PM: Syncing filesystems ... done.
[   18.082271] Freezing user space processes ... (elapsed 0.010 seconds) done.
[   18.083635] Freezing remaining freezable tasks ... (elapsed 0.001 seconds) done.
[   18.083640] Suspending console(s) (use no_console_suspend to debug)
[   18.106419] asix 1-1:1.0 eth0: Failed to read reg index 0x0000: -19
[   18.106428] asix 1-1:1.0 eth0: Error reading Medium Status register: ffffffed
[   18.106437] asix 1-1:1.0 eth0: Failed to write reg index 0x0000: -19
[   18.106444] asix 1-1:1.0 eth0: Failed to write Medium Mode mode to 0xfeed: ffffffed
[   18.182878] PM: suspend of devices complete after 77.074 msecs
[   18.184608] PM: late suspend of devices complete after 1.714 msecs
[   18.186223] PM: noirq suspend of devices complete after 1.606 msecs
[   18.186227] Disabling non-boot CPUs ...
[   18.221885] CPU1: shutdown
[   18.321518] IRQ17 no longer affine to CPU2
[   18.321869] CPU2: shutdown
[   18.431775] CPU3: shutdown
[   18.483306] Entering suspend state LP1
[   18.483306] Suspended for 6.920 seconds
[   18.483351] Enabling non-boot CPUs ...
[   18.514021] CPU1 is up
[   18.554489] CPU2 is up
[   18.595121] CPU3 is up
[   18.595822] PM: noirq resume of devices complete after 0.691 msecs
[   18.597676] PM: early resume of devices complete after 1.211 msecs
[   19.174084] PM: resume of devices complete after 576.389 msecs
[   19.273374] Restarting tasks ... done.
root@(none):/# 
root@(none):/# rtcwake -d rtc1 -m mem -s 3
rtcwake: assuming RTC uses UTC ...
rtcwake: wakeup from "mem" using /dev/rtc1 at Thu Jan  1 00:01:25 1970
[   20.139587] PM: Syncing filesystems ... done.
[   20.152795] Freezing user space processes ... (elapsed 0.001 seconds) done.
[   20.154263] Freezing remaining freezable tasks ... (elapsed 0.001 seconds) done.
[   20.154269] Suspending console(s) (use no_console_suspend to debug)
[   20.187915] asix 1-1:1.0 eth0: Failed to read reg index 0x0000: -19
[   20.187931] asix 1-1:1.0 eth0: Error reading Medium Status register: ffffffed
[   20.187943] asix 1-1:1.0 eth0: Failed to write reg index 0x0000: -19
[   20.187950] asix 1-1:1.0 eth0: Failed to write Medium Mode mode to 0xfeed: ffffffed
[   20.263118] PM: suspend of devices complete after 75.518 msecs
[   20.264672] PM: late suspend of devices complete after 1.543 msecs
[   20.266292] PM: noirq suspend of devices complete after 1.611 msecs
[   20.266296] Disabling non-boot CPUs ...
[   20.301827] CPU1: shutdown
[   20.401461] IRQ17 no longer affine to CPU2
[   20.401812] CPU2: shutdown
[   20.511716] CPU3: shutdown
[   20.563273] Entering suspend state LP1
[   20.563273] Suspended for 6.920 seconds
[   20.563317] Enabling non-boot CPUs ...
[   20.593968] CPU1 is up
[   20.634431] CPU2 is up
[   20.675043] CPU3 is up
[   20.675790] PM: noirq resume of devices complete after 0.736 msecs
[   20.678206] PM: early resume of devices complete after 1.779 msecs
[   21.254415] PM: resume of devices complete after 576.190 msecs
[   21.353610] Restarting tasks ... done.
root@(none):/# 
root@(none):/# rtcwake -d rtc1 -m mem -s 3
rtcwake: assuming RTC uses UTC ...
rtcwake: wakeup from "mem" using /dev/rtc1 at Thu Jan  1 00:01:34 1970
[   22.238101] PM: Syncing filesystems ... done.
[   22.252788] Freezing user space processes ... (elapsed 0.001 seconds) done.
[   22.254256] Freezing remaining freezable tasks ... (elapsed 0.001 seconds) done.
[   22.254261] Suspending console(s) (use no_console_suspend to debug)
[   22.286347] asix 1-1:1.0 eth0: Failed to read reg index 0x0000: -19
[   22.286356] asix 1-1:1.0 eth0: Error reading Medium Status register: ffffffed
[   22.286366] asix 1-1:1.0 eth0: Failed to write reg index 0x0000: -19
[   22.286373] asix 1-1:1.0 eth0: Failed to write Medium Mode mode to 0xfeed: ffffffed
[   22.363085] PM: suspend of devices complete after 76.956 msecs
[   22.365094] PM: late suspend of devices complete after 1.992 msecs
[   22.366647] PM: noirq suspend of devices complete after 1.541 msecs
[   22.366651] Disabling non-boot CPUs ...
[   22.401766] CPU1: shutdown
[   22.501405] IRQ17 no longer affine to CPU2
[   22.501759] CPU2: shutdown
[   22.611658] CPU3: shutdown
[   22.663197] Entering suspend state LP1
[   22.663197] Suspended for 8.483 seconds
[   22.663241] Enabling non-boot CPUs ...
[   22.693914] CPU1 is up
[   22.734366] CPU2 is up
[   22.775005] CPU3 is up
[   22.775741] PM: noirq resume of devices complete after 0.725 msecs
[   22.777824] PM: early resume of devices complete after 1.442 msecs
[   23.360336] PM: resume of devices complete after 582.497 msecs
[   23.459632] Restarting tasks ... done.
root@(none):/# 
root@(none):/# rtcwake -d rtc1 -m mem -s 3
rtcwake: assuming RTC uses UTC ...
rtcwake: wakeup from "mem" using /dev/rtc1 at Thu Jan  1 00:01:45 1970
[   24.738701] PM: Syncing filesystems ... done.
[   24.762579] Freezing user space processes ... (elapsed 0.001 seconds) done.
[   24.763940] Freezing remaining freezable tasks ... (elapsed 0.001 seconds) done.
[   24.763945] Suspending console(s) (use no_console_suspend to debug)
[   24.787765] asix 1-1:1.0 eth0: Failed to read reg index 0x0000: -19
[   24.787775] asix 1-1:1.0 eth0: Error reading Medium Status register: ffffffed
[   24.787784] asix 1-1:1.0 eth0: Failed to write reg index 0x0000: -19
[   24.787791] asix 1-1:1.0 eth0: Failed to write Medium Mode mode to 0xfeed: ffffffed
[   24.863323] PM: suspend of devices complete after 75.741 msecs
[   24.865073] PM: late suspend of devices complete after 1.735 msecs
[   24.866667] PM: noirq suspend of devices complete after 1.583 msecs
[   24.866672] Disabling non-boot CPUs ...
[   24.901706] CPU1: shutdown
[   25.021345] IRQ17 no longer affine to CPU2
[   25.021696] CPU2: shutdown
[   25.121617] CPU3: shutdown
[   25.173166] Entering suspend state LP1
[   25.173166] Suspended for 8.073 seconds
[   25.173210] Enabling non-boot CPUs ...
[   25.203850] CPU1 is up
[   25.244351] CPU2 is up
[   25.284948] CPU3 is up
[   25.285667] PM: noirq resume of devices complete after 0.708 msecs
[   25.287495] PM: early resume of devices complete after 1.174 msecs
[   25.864193] PM: resume of devices complete after 576.682 msecs
[   25.963325] Restarting tasks ... done.
root@(none):/# 
root@(none):/# NVTB SYSTEM SUSPEND TEST COMPLETE
