
U-Boot SPL 2014.01-00219-gc4d376f (Feb 18 2014 - 19:57:32)


U-Boot 2014.01-00219-gc4d376f (Feb 18 2014 - 19:57:32)

TEGRA114
Board: NVIDIA Dalmore
I2C:   ready
DRAM:  2 GiB
MMC:   Tegra SD/MMC: 0, Tegra SD/MMC: 1
In:    serial
Out:   serial
Err:   serial
Net:   Net Initialization Skipped
No ethernet found.
Hit any key to stop autoboot:  2  0 
Tegra114 (Dalmore) # 
Tegra114 (Dalmore) # usb reset
(Re)start USB...
USB0:   USB EHCI 1.10
scanning bus 0 for devices... 2 USB Device(s) found
       scanning usb for storage devices... 0 Storage Device(s) found
       scanning usb for ethernet devices... 
Warning: asx0 using MAC address from net device
1 Ethernet Device(s) found
Tegra114 (Dalmore) # setenv bootargs 'ignore_loglevel console=ttyS0,115200n8 rw root=PARTUUID=7369c667-ff51-ec4a-29cd-baabf2fbe346 rootwait gpt debug earlyprintk init=/bin/bash'
Tegra114 (Dalmore) # setenv ipaddr 192.168.100.100; setenv serverip 192.168.100.1; setenv tftpserverip 192.168.100.1
Tegra114 (Dalmore) # tftpboot 0x81000000 zImage.multi_v7_defconfig
Using asx0 device
TFTP from server 192.168.100.1; our IP address is 192.168.100.100
Filename 'zImage.multi_v7_defconfig'.
Load address: 0x81000000
Loading: *#################################################################
	 #################################################################
	 #################################################################
	 #################################################################
	 #################################################################
	 #################################################################
	 #################################################################
	 #################################################################
	 #####################################
	 3.5 MiB/s
done
Bytes transferred = 8163848 (7c9208 hex)
Tegra114 (Dalmore) # tftpboot 0x82000000 tegra114-dalmore.dtb
Using asx0 device
TFTP from server 192.168.100.1; our IP address is 192.168.100.100
Filename 'tegra114-dalmore.dtb'.
Load address: 0x82000000
Loading: *###
	 2.8 MiB/s
done
Bytes transferred = 35036 (88dc hex)
Tegra114 (Dalmore) # bootz 0x81000000 - 0x82000000
Kernel image @ 0x81000000 [ 0x000000 - 0x7c9200 ]
## Flattened Device Tree blob at 82000000
   Booting using the fdt blob at 0x82000000
   Loading Device Tree to 8fff4000, end 8ffff8db ... OK

Starting kernel ...

[    0.000000] Booting Linux on physical CPU 0x0
[    0.000000] Linux version 4.13.0-next-20170913-199818-g6f20b7a (jonathanh@sellafield) (gcc version 4.7.3 20130328 (prerelease) (crosstool-NG linaro-1.13.1-4.7-2013.04-20130415 - Linaro GCC 2013.04)) #1 SMP Tue Sep 12 21:35:43 PDT 2017
[    0.000000] CPU: ARMv7 Processor [412fc0f2] revision 2 (ARMv7), cr=10c5387d
[    0.000000] CPU: div instructions available: patching division code
[    0.000000] CPU: PIPT / VIPT nonaliasing data cache, PIPT instruction cache
[    0.000000] OF: fdt: Machine model: NVIDIA Tegra114 Dalmore evaluation board
[    0.000000] debug: ignoring loglevel setting.
[    0.000000] Memory policy: Data cache writealloc
[    0.000000] efi: Getting EFI parameters from FDT:
[    0.000000] efi: UEFI not found.
[    0.000000] cma: Reserved 64 MiB at 0xfb800000
[    0.000000] On node 0 totalpages: 524032
[    0.000000] free_area_init_node: node 0, pgdat c158eb80, node_mem_map eeff8000
[    0.000000]   DMA zone: 1536 pages used for memmap
[    0.000000]   DMA zone: 0 pages reserved
[    0.000000]   DMA zone: 196608 pages, LIFO batch:31
[    0.000000]   HighMem zone: 327424 pages, LIFO batch:31
[    0.000000] random: fast init done
[    0.000000] percpu: Embedded 17 pages/cpu @eef98000 s39424 r8192 d22016 u69632
[    0.000000] pcpu-alloc: s39424 r8192 d22016 u69632 alloc=17*4096
[    0.000000] pcpu-alloc: [0] 0 [0] 1 [0] 2 [0] 3 
[    0.000000] Built 1 zonelists, mobility grouping on.  Total pages: 522496
[    0.000000] Kernel command line: ignore_loglevel console=ttyS0,115200n8 rw root=PARTUUID=7369c667-ff51-ec4a-29cd-baabf2fbe346 rootwait gpt debug earlyprintk init=/bin/bash
[    0.000000] PID hash table entries: 4096 (order: 2, 16384 bytes)
[    0.000000] Dentry cache hash table entries: 131072 (order: 7, 524288 bytes)
[    0.000000] Inode-cache hash table entries: 65536 (order: 6, 262144 bytes)
[    0.000000] Memory: 1993476K/2096128K available (10240K kernel code, 1628K rwdata, 4508K rodata, 2048K init, 405K bss, 37116K reserved, 65536K cma-reserved, 1244160K highmem)
[    0.000000] Virtual kernel memory layout:
[    0.000000]     vector  : 0xffff0000 - 0xffff1000   (   4 kB)
[    0.000000]     fixmap  : 0xffc00000 - 0xfff00000   (3072 kB)
[    0.000000]     vmalloc : 0xf0800000 - 0xff800000   ( 240 MB)
[    0.000000]     lowmem  : 0xc0000000 - 0xf0000000   ( 768 MB)
[    0.000000]     pkmap   : 0xbfe00000 - 0xc0000000   (   2 MB)
[    0.000000]     modules : 0xbf000000 - 0xbfe00000   (  14 MB)
[    0.000000]       .text : 0xc0208000 - 0xc0d00000   (11232 kB)
[    0.000000]       .init : 0xc1200000 - 0xc1400000   (2048 kB)
[    0.000000]       .data : 0xc1400000 - 0xc1597028   (1629 kB)
[    0.000000]        .bss : 0xc15a0bc0 - 0xc160637c   ( 406 kB)
[    0.000000] SLUB: HWalign=64, Order=0-3, MinObjects=0, CPUs=4, Nodes=1
[    0.000000] Hierarchical RCU implementation.
[    0.000000] 	RCU event tracing is enabled.
[    0.000000] 	RCU restricting CPUs from NR_CPUS=16 to nr_cpu_ids=4.
[    0.000000] RCU: Adjusting geometry for rcu_fanout_leaf=16, nr_cpu_ids=4
[    0.000000] NR_IRQS: 16, nr_irqs: 16, preallocated irqs: 16
[    0.000000] /interrupt-controller@60004000: 160 interrupts forwarded to /interrupt-controller@50041000
[    0.000000] Tegra clk 127: register failed with -17
[    0.000008] sched_clock: 32 bits at 1000kHz, resolution 1000ns, wraps every 2147483647500ns
[    0.000028] clocksource: timer_us: mask: 0xffffffff max_cycles: 0xffffffff, max_idle_ns: 1911260446275 ns
[    0.000044] Switching to timer-based delay loop, resolution 1000ns
[    0.003162] arch_timer: cp15 timer(s) running at 12.00MHz (virt).
[    0.003182] clocksource: arch_sys_counter: mask: 0xffffffffffffff max_cycles: 0x2c47f4ee7, max_idle_ns: 440795202497 ns
[    0.003203] sched_clock: 56 bits at 12MHz, resolution 83ns, wraps every 4398046511096ns
[    0.003217] Switching to timer-based delay loop, resolution 83ns
[    0.003630] Console: colour dummy device 80x30
[    0.003665] Calibrating delay loop (skipped), value calculated using timer frequency.. 24.00 BogoMIPS (lpj=120000)
[    0.003684] pid_max: default: 32768 minimum: 301
[    0.003785] Mount-cache hash table entries: 2048 (order: 1, 8192 bytes)
[    0.003800] Mountpoint-cache hash table entries: 2048 (order: 1, 8192 bytes)
[    0.004313] CPU: Testing write buffer coherency: ok
[    0.004559] /cpus/cpu@0 missing clock-frequency property
[    0.004590] /cpus/cpu@1 missing clock-frequency property
[    0.004620] /cpus/cpu@2 missing clock-frequency property
[    0.004652] /cpus/cpu@3 missing clock-frequency property
[    0.004666] CPU0: thread -1, cpu 0, socket 0, mpidr 80000000
[    0.004973] Setting up static identity map for 0x80300000 - 0x803000a0
[    0.006207] Hierarchical SRCU implementation.
[    0.007548] Tegra Revision: A01 SKU: 0 CPU Process: 1 SoC Process: 0
[    0.008192] EFI services will not be available.
[    0.008345] smp: Bringing up secondary CPUs ...
[    0.008853] CPU1: thread -1, cpu 1, socket 0, mpidr 80000001
[    0.009435] CPU2: thread -1, cpu 2, socket 0, mpidr 80000002
[    0.010018] CPU3: thread -1, cpu 3, socket 0, mpidr 80000003
[    0.010109] smp: Brought up 1 node, 4 CPUs
[    0.010131] SMP: Total of 4 processors activated (96.00 BogoMIPS).
[    0.010140] CPU: All CPU(s) started in SVC mode.
[    0.011636] devtmpfs: initialized
[    0.020839] Built 1 zonelists, mobility grouping on.  Total pages: 514753
[    0.021174] VFP support v0.3: implementor 41 architecture 4 part 30 variant f rev 0
[    0.021514] clocksource: jiffies: mask: 0xffffffff max_cycles: 0xffffffff, max_idle_ns: 19112604462750000 ns
[    0.021535] futex hash table entries: 1024 (order: 4, 65536 bytes)
[    0.021721] pinctrl core: initialized pinctrl subsystem
[    0.022950] DMI not present or invalid.
[    0.023226] NET: Registered protocol family 16
[    0.025253] DMA: preallocated 256 KiB pool for atomic coherent allocations
[    0.027330] cpuidle: using governor menu
[    0.048853] No ATAGs?
[    0.048987] hw-breakpoint: found 5 (+1 reserved) breakpoint and 4 watchpoint registers.
[    0.049003] hw-breakpoint: maximum watchpoint size is 8 bytes.
[    0.054427] Serial: AMBA PL011 UART driver
[    0.055176] tegra-mc 70019000.memory-controller: no memory timings for RAM code 3 registered
[    0.055303] iommu: Adding device reg-dummy to group 0
[    0.055341] iommu: Adding device 50000000.host1x to group 1
[    0.055380] iommu: Adding device 54140000.gr2d to group 2
[    0.055414] iommu: Adding device 54180000.gr3d to group 3
[    0.055484] iommu: Adding device 54200000.dc to group 4
[    0.055552] iommu: Adding device 54240000.dc to group 5
[    0.055587] iommu: Adding device 54280000.hdmi to group 6
[    0.055626] iommu: Adding device 54300000.dsi to group 7
[    0.055658] iommu: Adding device 60005000.timer to group 8
[    0.055695] iommu: Adding device 60007000.flow-controller to group 9
[    0.055728] iommu: Adding device 6000a000.dma to group 10
[    0.055760] iommu: Adding device 6000c000.ahb to group 11
[    0.055793] iommu: Adding device 6000d000.gpio to group 12
[    0.055826] iommu: Adding device 70000800.apbmisc to group 13
[    0.055858] iommu: Adding device 70000868.pinmux to group 14
[    0.055890] iommu: Adding device 70006300.serial to group 15
[    0.055923] iommu: Adding device 7000a000.pwm to group 16
[    0.055960] iommu: Adding device 7000c000.i2c to group 17
[    0.055996] iommu: Adding device 7000c700.i2c to group 18
[    0.056030] iommu: Adding device 7000d000.i2c to group 19
[    0.056063] iommu: Adding device 7000da00.spi to group 20
[    0.056096] iommu: Adding device 7000e000.rtc to group 21
[    0.056129] iommu: Adding device 7000e400.pmc to group 22
[    0.056161] iommu: Adding device 7000f800.fuse to group 23
[    0.056194] iommu: Adding device 70019000.memory-controller to group 24
[    0.056227] iommu: Adding device 70080000.ahub to group 25
[    0.056263] iommu: Adding device 700e3000.mipi to group 26
[    0.056299] iommu: Adding device 78000400.sdhci to group 27
[    0.056336] iommu: Adding device 78000600.sdhci to group 28
[    0.056368] iommu: Adding device 7d000000.usb to group 29
[    0.056401] iommu: Adding device 7d000000.usb-phy to group 30
[    0.056436] iommu: Adding device 7d008000.usb to group 31
[    0.056469] iommu: Adding device 7d008000.usb-phy to group 32
[    0.056501] iommu: Adding device timer to group 33
[    0.056538] iommu: Adding device backlight to group 34
[    0.056570] iommu: Adding device clocks to group 35
[    0.056602] iommu: Adding device gpio-keys to group 36
[    0.056634] iommu: Adding device regulators to group 37
[    0.056668] iommu: Adding device regulators:regulator@0 to group 38
[    0.056704] iommu: Adding device regulators:regulator@1 to group 39
[    0.056738] iommu: Adding device regulators:regulator@3 to group 40
[    0.056771] iommu: Adding device regulators:regulator@4 to group 41
[    0.056804] iommu: Adding device regulators:regulator@5 to group 42
[    0.056841] iommu: Adding device regulators:regulator@6 to group 43
[    0.056874] iommu: Adding device regulators:regulator@7 to group 44
[    0.056907] iommu: Adding device sound to group 45
[    0.070716] AT91: Could not find identification node
[    0.071194] dvdd_ts: Failed to request enable GPIO61: -517
[    0.071216] reg-fixed-voltage regulators:regulator@1: Failed to register regulator: -517
[    0.071321] usb1_vbus: Failed to request enable GPIO108: -517
[    0.071336] reg-fixed-voltage regulators:regulator@3: Failed to register regulator: -517
[    0.071439] usb2_vbus: Failed to request enable GPIO86: -517
[    0.071453] reg-fixed-voltage regulators:regulator@4: Failed to register regulator: -517
[    0.071880] VDD_5V0_HDMI_CON: Failed to request enable GPIO81: -517
[    0.071895] reg-fixed-voltage regulators:regulator@7: Failed to register regulator: -517
[    0.074309] vgaarb: loaded
[    0.074993] SCSI subsystem initialized
[    0.075169] libata version 3.00 loaded.
[    0.075362] usbcore: registered new interface driver usbfs
[    0.075415] usbcore: registered new interface driver hub
[    0.075488] usbcore: registered new device driver usb
[    0.078735] tps65090 2-0048: No cache defaults, reading back from HW
[    0.079737] iommu: Adding device tps65090-pmic to group 46
[    0.080676] TPS65090_RAILSDCDC1: supplied by vdd_ac_bat
[    0.081732] TPS65090_RAILSDCDC2: supplied by vdd_ac_bat
[    0.082777] TPS65090_RAILSDCDC3: supplied by vdd_ac_bat
[    0.083317] TPS65090_RAILSFET1: supplied by vdd_ac_bat
[    0.083690] TPS65090_RAILSFET2: supplied by vdd_ac_bat
[    0.084035] TPS65090_RAILSFET3: supplied by vdd-sys-3v3
[    0.084548] TPS65090_RAILSFET4: supplied by vdd-sys-3v3
[    0.085069] TPS65090_RAILSFET5: supplied by vdd-sys-3v3
[    0.085578] TPS65090_RAILSFET6: supplied by vdd-sys-3v3
[    0.086408] TPS65090_RAILSFET7: supplied by vdd-sys-3v3
[    0.086924] TPS65090_RAILSLDO1: supplied by vdd_ac_bat
[    0.087117] TPS65090_RAILSLDO2: supplied by vdd_ac_bat
[    0.087441] iommu: Adding device tps65090-charger to group 47
[    0.088038] palmas 2-0058: Irq flag is 0x00000004
[    0.089985] palmas 2-0058: Muxing GPIO ff, PWM 0, LED 0
[    0.090225] iommu: Adding device 7000d000.i2c:tps65913@58:gpio to group 48
[    0.090746] iommu: Adding device 7000d000.i2c:tps65913@58:pmic to group 49
[    0.092548] SMPS12: supplied by vdd-ao
[    0.093574] vdd_hdmi_5v0: supplied by vdd-sys-5v0
[    0.094387] SMPS3: supplied by vdd-ao
[    0.096112] SMPS457: supplied by vdd-sys-3v3
[    0.097732] SMPS6: supplied by regulator-dummy
[    0.099127] SMPS8: supplied by vdd-sys-3v3
[    0.100698] SMPS9: supplied by vdd-sys-3v3
[    0.101216] sdhci-vdd-sd-slot: Bringing 2840000uV into 2800000-2800000uV
[    0.102591] SMPS10_OUT2: supplied by regulator-dummy
[    0.103451] SMPS10_OUT1: supplied by regulator-dummy
[    0.104291] LDO1: supplied by vdd-sys-3v3
[    0.105396] LDO2: supplied by vdd-sys-3v3
[    0.106506] LDO3: supplied by vddio-1v8
[    0.107604] LDO4: supplied by vdd-sys-3v3
[    0.108704] LDO5: supplied by vdd_ac_bat
[    0.109381] LDO6: supplied by vdd-sys-3v3
[    0.109893] vdd-sensor-2v85: Bringing 2900000uV into 2850000-2850000uV
[    0.111208] LDO7: supplied by vdd-sys-3v3
[    0.112828] LDO8: supplied by vdd-ao
[    0.113370] vdd-rtc: Bringing 675000uV into 900000-900000uV
[    0.123876] LDO9: supplied by sdhci-vdd-sd-slot
[    0.134204] LDOLN: supplied by vdd-sys-5v0
[    0.135312] LDOUSB: supplied by vdd-sys-5v0
[    0.145633] iommu: Adding device 7000d000.i2c:tps65913@58:rtc to group 50
[    0.146044] iommu: Adding device 7000d000.i2c:tps65913@58:pinmux to group 51
[    0.146613] pps_core: LinuxPPS API ver. 1 registered
[    0.146624] pps_core: Software ver. 5.3.6 - Copyright 2005-2007 Rodolfo Giometti <giometti@linux.it>
[    0.146647] PTP clock support registered
[    0.146828] EDAC MC: Ver: 3.0.0
[    0.147108] dmi: Firmware registration failed.
[    0.148880] clocksource: Switched to clocksource arch_sys_counter
[    0.204737] NET: Registered protocol family 2
[    0.205234] TCP established hash table entries: 8192 (order: 3, 32768 bytes)
[    0.205334] TCP bind hash table entries: 8192 (order: 4, 65536 bytes)
[    0.205522] TCP: Hash tables configured (established 8192 bind 8192)
[    0.205607] UDP hash table entries: 512 (order: 2, 16384 bytes)
[    0.205652] UDP-Lite hash table entries: 512 (order: 2, 16384 bytes)
[    0.205806] NET: Registered protocol family 1
[    0.206148] RPC: Registered named UNIX socket transport module.
[    0.206159] RPC: Registered udp transport module.
[    0.206168] RPC: Registered tcp transport module.
[    0.206177] RPC: Registered tcp NFSv4.1 backchannel transport module.
[    0.206190] PCI: CLS 0 bytes, default 64
[    0.207617] iommu: Adding device alarmtimer to group 52
[    0.208434] workingset: timestamp_bits=30 max_order=19 bucket_order=0
[    0.214341] squashfs: version 4.0 (2009/01/31) Phillip Lougher
[    0.214911] NFS: Registering the id_resolver key type
[    0.214956] Key type id_resolver registered
[    0.214966] Key type id_legacy registered
[    0.215009] ntfs: driver 2.1.32 [Flags: R/O].
[    0.216394] bounce: pool size: 64 pages
[    0.216444] Block layer SCSI generic (bsg) driver version 0.4 loaded (major 248)
[    0.216457] io scheduler noop registered
[    0.216467] io scheduler deadline registered
[    0.216679] io scheduler cfq registered (default)
[    0.216690] io scheduler mq-deadline registered
[    0.216699] io scheduler kyber registered
[    0.247801] tegra-apbdma 6000a000.dma: Tegra20 APB DMA driver register 32 channels
[    0.250520] tegra-pmc 7000e400.pmc: i2c-thermtrip node not found, emergency thermal reset disabled.
[    0.302643] Serial: 8250/16550 driver, 4 ports, IRQ sharing disabled
[    0.302747] iommu: Adding device serial8250 to group 53
[    0.305341] console [ttyS0] disabled
[    0.305383] 70006300.serial: ttyS0 at MMIO 0x70006300 (irq = 329, base_baud = 25500000) is a Tegra
[    1.628120] console [ttyS0] enabled
[    1.632391] SuperH (H)SCI(F) driver initialized
[    1.637880] msm_serial: driver initialized
[    1.642164] STMicroelectronics ASC driver initialized
[    1.653069] tegra-hdmi 54280000.hdmi: failed to get HDMI regulator
[    1.674880] brd: module loaded
[    1.684180] loop: module loaded
[    1.704374] m25p80 spi0.0: w25q32dw (4096 Kbytes)
[    1.711253] iommu: Adding device Fixed MDIO bus.0 to group 54
[    1.717421] libphy: Fixed MDIO Bus: probed
[    1.722565] CAN device driver interface
[    1.727201] bgmac_bcma: Broadcom 47xx GBit MAC driver loaded
[    1.734068] e1000e: Intel(R) PRO/1000 Network Driver - 3.2.6-k
[    1.739910] e1000e: Copyright(c) 1999 - 2015 Intel Corporation.
[    1.745872] igb: Intel(R) Gigabit Ethernet Network Driver - version 5.4.0-k
[    1.752837] igb: Copyright (c) 2007-2014 Intel Corporation.
[    1.761741] pegasus: v0.9.3 (2013/04/25), Pegasus/Pegasus II USB Ethernet driver
[    1.769182] usbcore: registered new interface driver pegasus
[    1.774874] usbcore: registered new interface driver asix
[    1.780318] usbcore: registered new interface driver ax88179_178a
[    1.786430] usbcore: registered new interface driver cdc_ether
[    1.792311] usbcore: registered new interface driver smsc75xx
[    1.798088] usbcore: registered new interface driver smsc95xx
[    1.803872] usbcore: registered new interface driver net1080
[    1.809568] usbcore: registered new interface driver cdc_subset
[    1.815510] usbcore: registered new interface driver zaurus
[    1.821138] usbcore: registered new interface driver cdc_ncm
[    1.827006] tegra-phy 7d000000.usb-phy: no vbus regulator
[    1.834373] ehci_hcd: USB 2.0 'Enhanced' Host Controller (EHCI) Driver
[    1.840912] ehci-pci: EHCI PCI platform driver
[    1.845382] ehci-platform: EHCI generic platform driver
[    1.850795] ehci-orion: EHCI orion driver
[    1.854941] SPEAr-ehci: EHCI SPEAr driver
[    1.859097] ehci-st: EHCI STMicroelectronics driver
[    1.864095] ehci-exynos: EHCI EXYNOS driver
[    1.868416] ehci-atmel: EHCI Atmel driver
[    1.872558] tegra-ehci: Tegra EHCI driver
[    1.876861] ohci_hcd: USB 1.1 'Open' Host Controller (OHCI) Driver
[    1.883063] ohci-pci: OHCI PCI platform driver
[    1.887537] ohci-platform: OHCI generic platform driver
[    1.892937] SPEAr-ohci: OHCI SPEAr driver
[    1.897068] ohci-st: OHCI STMicroelectronics driver
[    1.902091] ohci-atmel: OHCI Atmel driver
[    1.906751] usbcore: registered new interface driver usb-storage
[    1.916625] iommu: Adding device ci_hdrc.0 to group 55
[    1.930315] palmas-rtc 7000d000.i2c:tps65913@58:rtc: rtc core: registered 7000d000.i2c:tps65913@58:rtc as rtc0
[    1.942106] tegra_rtc 7000e000.rtc: rtc core: registered 7000e000.rtc as rtc1
[    1.949297] tegra_rtc 7000e000.rtc: Tegra internal Real Time Clock
[    1.955975] i2c /dev entries driver
[    1.962783] IR NEC protocol handler initialized
[    1.967309] IR RC5(x/sz) protocol handler initialized
[    1.972370] IR RC6 protocol handler initialized
[    1.976893] IR JVC protocol handler initialized
[    1.981430] IR Sony protocol handler initialized
[    1.986039] IR SANYO protocol handler initialized
[    1.990752] IR Sharp protocol handler initialized
[    1.995449] IR MCE Keyboard/mouse protocol handler initialized
[    2.001287] IR XMP protocol handler initialized
[    2.008936] sbs-battery 0-000b: sbs_probe: Failed to get device status
[    2.015469] sbs-battery: probe of 0-000b failed with error -121
[    2.031677] sdhci: Secure Digital Host Controller Interface driver
[    2.037848] sdhci: Copyright(c) Pierre Ossman
[    2.043678] Synopsys Designware Multimedia Card Interface Driver
[    2.050889] sdhci-pltfm: SDHCI platform and OF driver helper
[    2.057266] sdhci-tegra 78000400.sdhci: Got CD GPIO
[    2.062179] sdhci-tegra 78000400.sdhci: Got WP GPIO
[    2.075287] mmc0: Invalid maximum block size, assuming 512 bytes
[    2.139028] mmc0: SDHCI controller on 78000400.sdhci [78000400.sdhci] using ADMA
[    2.155708] mmc1: Invalid maximum block size, assuming 512 bytes
[    2.218924] mmc1: SDHCI controller on 78000600.sdhci [78000600.sdhci] using ADMA
[    2.228331] ledtrig-cpu: registered to indicate activity on CPUs
[    2.234639] usbcore: registered new interface driver usbhid
[    2.240226] usbhid: USB HID core driver
[    2.247864] NET: Registered protocol family 10
[    2.253132] Segment Routing with IPv6
[    2.256855] sit: IPv6, IPv4 and MPLS over IPv4 tunneling driver
[    2.263314] NET: Registered protocol family 17
[    2.267761] can: controller area network core (rev 20170425 abi 9)
[    2.274013] NET: Registered protocol family 29
[    2.278452] can: raw protocol (rev 20170425)
[    2.282743] can: broadcast manager protocol (rev 20170425 t)
[    2.288400] can: netlink gateway (rev 20170425) max_hops=1
[    2.294181] Key type dns_resolver registered
[    2.298969] ThumbEE CPU extension supported.
[    2.303240] Registering SWP/SWPB emulation handler
[    2.324004] usb1_vbus: supplied by vdd-sys-5v0
[    2.325756] mmc0: new high speed SDHC card at address aaaa
[    2.326524] mmcblk0: mmc0:aaaa SL16G 14.8 GiB 
[    2.339597] usb2_vbus: supplied by vdd-sys-5v0
[    2.346310]  mmcblk0: p1 p2 p3
[    2.346480] VDD_5V0_HDMI_CON: supplied by vdd-sys-5v0
[    2.354954] [drm] Supports vblank timestamp caching Rev 2 (21.10.2013).
[    2.361632] [drm] No driver support for vblank timestamp query.
[    2.373698] mmc1: new high speed MMC card at address 0001
[    2.380005] mmcblk1: mmc1:0001 SEM32G 29.1 GiB 
[    2.384821] mmcblk1boot0: mmc1:0001 SEM32G partition 1 4.00 MiB
[    2.391413] mmcblk1boot1: mmc1:0001 SEM32G partition 2 4.00 MiB
[    2.391697] mmcblk1rpmb: mmc1:0001 SEM32G partition 3 4.00 MiB
[    2.395823]  mmcblk1: p1 p2 p3 p4 p5 p6 p7 p8
[    2.465431] Console: switching to colour frame buffer device 240x75
[    2.521190] drm drm: fb0:  frame buffer device
[    2.525728] [drm] Initialized tegra 0.0.0 20120330 for drm on minor 0
[    2.535433] tegra-ehci 7d008000.usb: EHCI Host Controller
[    2.540873] tegra-ehci 7d008000.usb: new USB bus registered, assigned bus number 1
[    2.548728] alloc_contig_range: [fb84b, fb84c) PFNs busy
[    2.554261] alloc_contig_range: [fb850, fb851) PFNs busy
[    2.559771] alloc_contig_range: [fb851, fb852) PFNs busy
[    2.565322] alloc_contig_range: [fb852, fb853) PFNs busy
[    2.570867] alloc_contig_range: [fb853, fb854) PFNs busy
[    2.576353] alloc_contig_range: [fb854, fb855) PFNs busy
[    2.581944] alloc_contig_range: [fb855, fb856) PFNs busy
[    2.587434] alloc_contig_range: [fb856, fb857) PFNs busy
[    2.592939] alloc_contig_range: [fb857, fb858) PFNs busy
[    2.598489] alloc_contig_range: [fb858, fb859) PFNs busy
[    3.675252] tegra-ehci 7d008000.usb: irq 340, io mem 0x7d008000
[    3.709012] tegra-ehci 7d008000.usb: USB 2.0 started, EHCI 1.10
[    3.716060] hub 1-0:1.0: USB hub found
[    3.719933] hub 1-0:1.0: 1 port detected
[    3.725621] input: gpio-keys as /devices/soc0/gpio-keys/input/input0
[    3.734643] palmas-rtc 7000d000.i2c:tps65913@58:rtc: setting system clock to 2000-02-04 11:29:28 UTC (949663768)
[    3.750961] dvdd_ts: disabling
[    3.754021] usb1_vbus: disabling
[    3.757245] vdd_cam_1v8_reg: disabling
[    3.762714] EXT4-fs (mmcblk1p1): mounting ext3 file system using the ext4 subsystem
[    3.785700] EXT4-fs (mmcblk1p1): recovery complete
[    3.790580] EXT4-fs (mmcblk1p1): mounted filesystem with ordered data mode. Opts: (null)
[    3.798709] VFS: Mounted root (ext3 filesystem) on device 179:17.
[    3.807513] devtmpfs: mounted
[    3.812595] Freeing unused kernel memory: 2048K
bash: cannot set terminal process group (-1): Inappropriate ioctl for device
bash: no job control in this shell
root@(none):/# [    4.089010] usb 1-1: new high-speed USB device number 2 using tegra-ehci
[    4.773585] asix 1-1:1.0 eth0: register 'asix' at usb-7d008000.usb-1, ASIX AX88772 USB 2.0 Ethernet, 00:50:b6:0d:b5:16
mount -t sysfs none /sys
root@(none):/# 
root@(none):/# mount -t debugfs none /sys/kernel/debug
root@(none):/# 
root@(none):/# rtcwake -d rtc1 -m mem -s 3
rtcwake: assuming RTC uses UTC ...
rtcwake: wakeup from "mem" using /dev/rtc1 at Thu Jan  1 00:00:21 1970
[    7.347174] PM: suspend entry (deep)
[    7.350812] PM: Syncing filesystems ... done.
[    7.379799] Freezing user space processes ... (elapsed 0.001 seconds) done.
[    7.388029] OOM killer disabled.
[    7.391283] Freezing remaining freezable tasks ... (elapsed 0.001 seconds) done.
[    7.400033] Suspending console(s) (use no_console_suspend to debug)
