
U-Boot SPL 2016.05-rc2 (Apr 21 2016 - 16:23:00)
Trying to boot from RAM


U-Boot 2016.05-rc2 (Apr 21 2016 - 16:23:00 -0700)

TEGRA124
Model: NVIDIA Jetson TK1
Board: NVIDIA Jetson TK1
DRAM:  2 GiB
MC:   Tegra SD/MMC: 0, Tegra SD/MMC: 1
In:    serial
Out:   serial
Err:   serial
Net:   No ethernet found.
Hit any key to stop autoboot:  2  0 
Tegra124 (Jetson TK1) # 
Tegra124 (Jetson TK1) # pci enum
Tegra124 (Jetson TK1) # setenv bootargs 'ignore_loglevel console=ttyS0,115200n8 rw root=PARTUUID=b1791faa-84e8-4e27-83a1-9fb0a77e8803 rootwait gpt debug noinitrd earlyprintk init=/bin/bash'
Tegra124 (Jetson TK1) # setenv ipaddr 192.168.100.102; setenv serverip 192.168.100.1; setenv tftpserverip 192.168.100.1
Tegra124 (Jetson TK1) # tftpboot 0x82000000 zImage.multi_v7_defconfig

Warning: eth_rtl8169 using MAC address from ROM
Using eth_rtl8169 device
TFTP from server 192.168.100.1; our IP address is 192.168.100.102
Filename 'zImage.multi_v7_defconfig'.
Load address: 0x82000000
Loading: *#################################################################
	 #################################################################
	 #################################################################
	 #################################################################
	 #################################################################
	 #################################################################
	 #################################################################
	 #################################################################
	 ##################
	 3.9 MiB/s
done
Bytes transferred = 7895400 (787968 hex)
Tegra124 (Jetson TK1) # tftpboot 0x83000000 tegra124-jetson-tk1.dtb
Using eth_rtl8169 device
TFTP from server 192.168.100.1; our IP address is 192.168.100.102
Filename 'tegra124-jetson-tk1.dtb'.
Load address: 0x83000000
Loading: *#####
	 3.6 MiB/s
done
Bytes transferred = 67133 (1063d hex)
Tegra124 (Jetson TK1) # bootz 0x82000000 - 0x83000000
Kernel image @ 0x82000000 [ 0x000000 - 0x787968 ]
## Flattened Device Tree blob at 83000000
   Booting using the fdt blob at 0x83000000
   Using Device Tree in place at 83000000, end 8301363c

Starting kernel ...

[    0.000000] Booting Linux on physical CPU 0x0
[    0.000000] Linux version 4.11.0-rc7-next-20170418-167227-g495ff9e (jonathanh@sellafield) (gcc version 4.7.3 20130328 (prerelease) (crosstool-NG linaro-1.13.1-4.7-2013.04-20130415 - Linaro GCC 2013.04) ) #1 SMP Tue Apr 18 01:51:00 PDT 2017
[    0.000000] CPU: ARMv7 Processor [413fc0f3] revision 3 (ARMv7), cr=10c5387d
[    0.000000] CPU: div instructions available: patching division code
[    0.000000] CPU: PIPT / VIPT nonaliasing data cache, PIPT instruction cache
[    0.000000] OF: fdt: Machine model: NVIDIA Tegra124 Jetson TK1
[    0.000000] debug: ignoring loglevel setting.
[    0.000000] efi: Getting EFI parameters from FDT:
[    0.000000] efi: UEFI not found.
[    0.000000] cma: Reserved 64 MiB at 0xfb800000
[    0.000000] Memory policy: Data cache writealloc
[    0.000000] On node 0 totalpages: 524032
[    0.000000] free_area_init_node: node 0, pgdat c157f4c0, node_mem_map eeff8000
[    0.000000]   DMA zone: 1536 pages used for memmap
[    0.000000]   DMA zone: 0 pages reserved
[    0.000000]   DMA zone: 196608 pages, LIFO batch:31
[    0.000000]   HighMem zone: 327424 pages, LIFO batch:31
[    0.000000] percpu: Embedded 17 pages/cpu @eef82000 s39040 r8192 d22400 u69632
[    0.000000] pcpu-alloc: s39040 r8192 d22400 u69632 alloc=17*4096
[    0.000000] pcpu-alloc: [0] 0 [0] 1 [0] 2 [0] 3 
[    0.000000] Built 1 zonelists in Zone order, mobility grouping on.  Total pages: 522496
[    0.000000] Kernel command line: ignore_loglevel console=ttyS0,115200n8 rw root=PARTUUID=b1791faa-84e8-4e27-83a1-9fb0a77e8803 rootwait gpt debug noinitrd earlyprintk init=/bin/bash
[    0.000000] PID hash table entries: 4096 (order: 2, 16384 bytes)
[    0.000000] Dentry cache hash table entries: 131072 (order: 7, 524288 bytes)
[    0.000000] Inode-cache hash table entries: 65536 (order: 6, 262144 bytes)
[    0.000000] Memory: 1993424K/2096128K available (10240K kernel code, 1564K rwdata, 4380K rodata, 2048K init, 407K bss, 37168K reserved, 65536K cma-reserved, 1244160K highmem)
[    0.000000] Virtual kernel memory layout:
[    0.000000]     vector  : 0xffff0000 - 0xffff1000   (   4 kB)
[    0.000000]     fixmap  : 0xffc00000 - 0xfff00000   (3072 kB)
[    0.000000]     vmalloc : 0xf0800000 - 0xff800000   ( 240 MB)
[    0.000000]     lowmem  : 0xc0000000 - 0xf0000000   ( 768 MB)
[    0.000000]     pkmap   : 0xbfe00000 - 0xc0000000   (   2 MB)
[    0.000000]     modules : 0xbf000000 - 0xbfe00000   (  14 MB)
[    0.000000]       .text : 0xc0208000 - 0xc0d00000   (11232 kB)
[    0.000000]       .init : 0xc1200000 - 0xc1400000   (2048 kB)
[    0.000000]       .data : 0xc1400000 - 0xc1587068   (1565 kB)
[    0.000000]        .bss : 0xc1590d1c - 0xc15f6b08   ( 408 kB)
[    0.000000] SLUB: HWalign=64, Order=0-3, MinObjects=0, CPUs=4, Nodes=1
[    0.000000] Hierarchical RCU implementation.
[    0.000000] 	RCU debugfs-based tracing is enabled.
[    0.000000] 	RCU restricting CPUs from NR_CPUS=16 to nr_cpu_ids=4.
[    0.000000] RCU: Adjusting geometry for rcu_fanout_leaf=16, nr_cpu_ids=4
[    0.000000] NR_IRQS:16 nr_irqs:16 16
[    0.000000] /interrupt-controller@60004000: 160 interrupts forwarded to /interrupt-controller@50041000
[    0.000000] Tegra clk 127: register failed with -17
[    0.000008] sched_clock: 32 bits at 1000kHz, resolution 1000ns, wraps every 2147483647500ns
[    0.000029] clocksource: timer_us: mask: 0xffffffff max_cycles: 0xffffffff, max_idle_ns: 1911260446275 ns
[    0.000044] Switching to timer-based delay loop, resolution 1000ns
[    0.005606] arm_arch_timer: Architected cp15 timer(s) running at 12.00MHz (virt).
[    0.005625] clocksource: arch_sys_counter: mask: 0xffffffffffffff max_cycles: 0x2c47f4ee7, max_idle_ns: 440795202497 ns
[    0.005645] sched_clock: 56 bits at 12MHz, resolution 83ns, wraps every 4398046511096ns
[    0.005659] Switching to timer-based delay loop, resolution 83ns
[    0.006111] Console: colour dummy device 80x30
[    0.006140] Calibrating delay loop (skipped), value calculated using timer frequency.. 24.00 BogoMIPS (lpj=120000)
[    0.006158] pid_max: default: 32768 minimum: 301
[    0.006253] Mount-cache hash table entries: 2048 (order: 1, 8192 bytes)
[    0.006268] Mountpoint-cache hash table entries: 2048 (order: 1, 8192 bytes)
[    0.006743] CPU: Testing write buffer coherency: ok
[    0.006996] /cpus/cpu@0 missing clock-frequency property
[    0.007040] /cpus/cpu@1 missing clock-frequency property
[    0.007082] /cpus/cpu@2 missing clock-frequency property
[    0.007126] /cpus/cpu@3 missing clock-frequency property
[    0.007139] CPU0: thread -1, cpu 0, socket 0, mpidr 80000000
[    0.007426] Setting up static identity map for 0x80300000 - 0x803000a0
[    0.011267] Tegra Revision: A01 SKU: 129 CPU Process: 1 SoC Process: 1
[    0.012029] EFI services will not be available.
[    0.012255] smp: Bringing up secondary CPUs ...
[    0.012842] CPU1: thread -1, cpu 1, socket 0, mpidr 80000001
[    0.015817] CPU2: thread -1, cpu 2, socket 0, mpidr 80000002
[    0.025827] CPU3: thread -1, cpu 3, socket 0, mpidr 80000003
[    0.035270] smp: Brought up 1 node, 4 CPUs
[    0.035292] SMP: Total of 4 processors activated (96.00 BogoMIPS).
[    0.035301] CPU: All CPU(s) started in SVC mode.
[    0.036788] devtmpfs: initialized
[    0.053140] VFP support v0.3: implementor 41 architecture 4 part 30 variant f rev 0
[    0.053536] clocksource: jiffies: mask: 0xffffffff max_cycles: 0xffffffff, max_idle_ns: 19112604462750000 ns
[    0.053555] futex hash table entries: 1024 (order: 4, 65536 bytes)
[    0.054976] pinctrl core: initialized pinctrl subsystem
[    0.056903] NET: Registered protocol family 16
[    0.059071] DMA: preallocated 256 KiB pool for atomic coherent allocations
[    0.061528] cpuidle: using governor menu
[    0.088461] No ATAGs?
[    0.088587] hw-breakpoint: found 5 (+1 reserved) breakpoint and 4 watchpoint registers.
[    0.088604] hw-breakpoint: maximum watchpoint size is 8 bytes.
[    0.096167] Serial: AMBA PL011 UART driver
[    0.112585] AT91: Could not find identification node
[    0.113127] +5V_SYS: supplied by +VDD_MUX
[    0.113401] +3.3V_SYS: supplied by +VDD_MUX
[    0.113993] +USB0_VBUS_SW: Failed to request enable GPIO108: -517
[    0.114010] reg-fixed-voltage regulators:regulator@7: Failed to register regulator: -517
[    0.114101] +5V_USB_HS: Failed to request enable GPIO109: -517
[    0.114115] reg-fixed-voltage regulators:regulator@8: Failed to register regulator: -517
[    0.114281] +1.05V_RUN_AVDD_HDMI_PLL: Failed to request enable GPIO63: -517
[    0.114295] reg-fixed-voltage regulators:regulator@11: Failed to register regulator: -517
[    0.114384] +5V_HDMI_CON: Failed to request enable GPIO86: -517
[    0.114398] reg-fixed-voltage regulators:regulator@12: Failed to register regulator: -517
[    0.114485] +5V_SATA: Failed to request enable GPIO242: -517
[    0.114498] reg-fixed-voltage regulators:regulator@13: Failed to register regulator: -517
[    0.114584] +12V_SATA: Failed to request enable GPIO242: -517
[    0.114597] reg-fixed-voltage regulators:regulator@14: Failed to register regulator: -517
[    0.117580] vgaarb: loaded
[    0.118365] SCSI subsystem initialized
[    0.118530] libata version 3.00 loaded.
[    0.118774] usbcore: registered new interface driver usbfs
[    0.118832] usbcore: registered new interface driver hub
[    0.118903] usbcore: registered new device driver usb
[    0.122355] pps_core: LinuxPPS API ver. 1 registered
[    0.122367] pps_core: Software ver. 5.3.6 - Copyright 2005-2007 Rodolfo Giometti <giometti@linux.it>
[    0.122390] PTP clock support registered
[    0.122582] EDAC MC: Ver: 3.0.0
[    0.125423] clocksource: Switched to clocksource arch_sys_counter
[    0.181328] NET: Registered protocol family 2
[    0.181851] TCP established hash table entries: 8192 (order: 3, 32768 bytes)
[    0.181951] TCP bind hash table entries: 8192 (order: 4, 65536 bytes)
[    0.182139] TCP: Hash tables configured (established 8192 bind 8192)
[    0.182219] UDP hash table entries: 512 (order: 2, 16384 bytes)
[    0.182263] UDP-Lite hash table entries: 512 (order: 2, 16384 bytes)
[    0.182411] NET: Registered protocol family 1
[    0.182721] RPC: Registered named UNIX socket transport module.
[    0.182732] RPC: Registered udp transport module.
[    0.182741] RPC: Registered tcp transport module.
[    0.182750] RPC: Registered tcp NFSv4.1 backchannel transport module.
[    0.182763] PCI: CLS 0 bytes, default 64
[    0.184187] hw perfevents: enabled with armv7_cortex_a15 PMU driver, 7 counters available
[    0.186041] workingset: timestamp_bits=30 max_order=19 bucket_order=0
[    0.194486] squashfs: version 4.0 (2009/01/31) Phillip Lougher
[    0.195183] NFS: Registering the id_resolver key type
[    0.195206] Key type id_resolver registered
[    0.195215] Key type id_legacy registered
[    0.195256] ntfs: driver 2.1.32 [Flags: R/O].
[    0.196865] bounce: pool size: 64 pages
[    0.196907] Block layer SCSI generic (bsg) driver version 0.4 loaded (major 248)
[    0.196918] io scheduler noop registered
[    0.196928] io scheduler deadline registered
[    0.197089] io scheduler cfq registered (default)
[    0.197100] io scheduler mq-deadline registered
[    0.197109] io scheduler kyber registered
[    0.202437]  usb2-0: usb2-0 supply vbus not found, using dummy regulator
[    0.202549]  usb2-1: usb2-1 supply vbus not found, using dummy regulator
[    0.275484] tegra-xusb-padctl 7009f000.padctl: failed to setup XUSB ports: -517
[    0.291499] tegra-pcie 1003000.pcie-controller: 2x1, 1x1 configuration
[    0.291555] tegra-pcie 1003000.pcie-controller: Failed to get supply 'avddio-pex': -517
[    0.297807] tegra124-dfll 70110000.clock: couldn't get vdd_cpu regulator
[    1.220624] tegra-apbdma 60020000.dma: Tegra20 APB DMA driver register 32 channels
[    1.223339] tegra-pmc 7000e400.pmc: emergency thermal reset enabled
[    1.277901] Serial: 8250/16550 driver, 4 ports, IRQ sharing disabled
[    1.280505] console [ttyS0] disabled
[    1.280544] 70006300.serial: ttyS0 at MMIO 0x70006300 (irq = 335, base_baud = 25500000) is a Tegra
[    2.173602] console [ttyS0] enabled
[    2.177914] SuperH (H)SCI(F) driver initialized
[    2.183417] msm_serial: driver initialized
[    2.187725] STMicroelectronics ASC driver initialized
[    2.193624] 70006000.serial: ttyTHS1 at MMIO 0x70006000 (irq = 333, base_baud = 0) is a TEGRA_UART
[    2.202887] 70006040.serial: ttyTHS2 at MMIO 0x70006040 (irq = 334, base_baud = 0) is a TEGRA_UART
[    2.216948] tegra-hdmi 54280000.hdmi: failed to get HDMI regulator
[    2.236010] brd: module loaded
[    2.246074] loop: module loaded
[    2.250392] at24 0-0056: 256 byte 24c02 EEPROM, writable, 8 bytes/write
[    2.258765] as3722 4-0040: AS3722 with revision 0x1 found
[    2.270536] as3722-sd2: supplied by +5V_SYS
[    2.275137] as3722-sd3: supplied by +5V_SYS
[    2.279649] +1.35V_LP0(sd3): Bringing 0uV into 1350000-1350000uV
[    2.286017] as3722-sd4: supplied by +5V_SYS
[    2.290612] as3722-sd5: supplied by +5V_SYS
[    2.296615] as3722-ldo0: supplied by +1.35V_LP0(sd2)
[    2.302650] +1.8V_RUN_CAM: Bringing 0uV into 1800000-1800000uV
[    2.308852] as3722-ldo2: supplied by +1.8V_VDDIO
[    2.314735] as3722-ldo3: supplied by +3.3V_SYS
[    2.319235] +1.05V_LP0_VDD_RTC: Bringing 1100000uV into 1000000-1000000uV
[    2.327005] as3722-ldo4: supplied by +3.3V_SYS
[    2.331657] +2.8V_RUN_CAM: Bringing 0uV into 2800000-2800000uV
[    2.337865] as3722-ldo5: supplied by +1.8V_VDDIO
[    2.342702] +1.2V_RUN_CAM_FRONT: Bringing 0uV into 1200000-1200000uV
[    2.349627] +VDDIO_SDMMC3: bypassed regulator has no supply!
[    2.355278] +VDDIO_SDMMC3: failed to get the current voltage(-517)
[    2.361479] as3722-regulator as3722-regulator: regulator 13 register failed -517
[    3.248382] tegra-ahci 70027000.sata: couldn't get PHY in node sata: -517
[    3.268074] random: fast init done
[    3.271604] m25p80 spi32765.0: w25q32dw (4096 Kbytes)
[    3.279421] libphy: Fixed MDIO Bus: probed
[    3.284592] CAN device driver interface
[    3.289380] bgmac_bcma: Broadcom 47xx GBit MAC driver loaded
[    3.296426] e1000e: Intel(R) PRO/1000 Network Driver - 3.2.6-k
[    3.302249] e1000e: Copyright(c) 1999 - 2015 Intel Corporation.
[    3.308241] igb: Intel(R) Gigabit Ethernet Network Driver - version 5.4.0-k
[    3.315190] igb: Copyright (c) 2007-2014 Intel Corporation.
[    3.324375] pegasus: v0.9.3 (2013/04/25), Pegasus/Pegasus II USB Ethernet driver
[    3.331827] usbcore: registered new interface driver pegasus
[    3.337540] usbcore: registered new interface driver asix
[    3.342967] usbcore: registered new interface driver ax88179_178a
[    3.349105] usbcore: registered new interface driver cdc_ether
[    3.354982] usbcore: registered new interface driver smsc75xx
[    3.360785] usbcore: registered new interface driver smsc95xx
[    3.366576] usbcore: registered new interface driver net1080
[    3.372261] usbcore: registered new interface driver cdc_subset
[    3.378221] usbcore: registered new interface driver zaurus
[    3.383839] usbcore: registered new interface driver cdc_ncm
[    3.389722] tegra-phy 7d004000.usb-phy: no vbus regulator
[    3.397139] ehci_hcd: USB 2.0 'Enhanced' Host Controller (EHCI) Driver
[    3.403658] ehci-pci: EHCI PCI platform driver
[    3.408157] ehci-platform: EHCI generic platform driver
[    3.413587] ehci-orion: EHCI orion driver
[    3.417766] SPEAr-ehci: EHCI SPEAr driver
[    3.421914] ehci-st: EHCI STMicroelectronics driver
[    3.426944] ehci-exynos: EHCI EXYNOS driver
[    3.431281] ehci-atmel: EHCI Atmel driver
[    3.435436] tegra-ehci: Tegra EHCI driver
[    3.442268] tegra-ehci 7d004000.usb: EHCI Host Controller
[    3.447703] tegra-ehci 7d004000.usb: new USB bus registered, assigned bus number 1
[    3.455444] tegra-ehci 7d004000.usb: irq 354, io mem 0x7d004000
[    3.485450] tegra-ehci 7d004000.usb: USB 2.0 started, EHCI 1.10
[    3.492135] hub 1-0:1.0: USB hub found
[    3.495936] hub 1-0:1.0: 1 port detected
[    3.500363] ohci_hcd: USB 1.1 'Open' Host Controller (OHCI) Driver
[    3.506564] ohci-pci: OHCI PCI platform driver
[    3.511044] ohci-platform: OHCI generic platform driver
[    3.516450] ohci-omap3: OHCI OMAP3 driver
[    3.520592] SPEAr-ohci: OHCI SPEAr driver
[    3.524745] ohci-st: OHCI STMicroelectronics driver
[    3.529771] ohci-atmel: OHCI Atmel driver
[    3.534550] usbcore: registered new interface driver usb-storage
[    3.544936] as3722-rtc as3722-rtc: rtc core: registered as3722-rtc as rtc0
[    3.551835] as3722-rtc as3722-rtc: RTC interrupt 377
[    3.560078] tegra_rtc 7000e000.rtc: rtc core: registered 7000e000.rtc as rtc1
[    3.567260] tegra_rtc 7000e000.rtc: Tegra internal Real Time Clock
[    3.573960] i2c /dev entries driver
[    3.584336] lm90 0-004c: 0-004c supply vcc not found, using dummy regulator
[    3.601750] sdhci: Secure Digital Host Controller Interface driver
[    3.607950] sdhci: Copyright(c) Pierre Ossman
[    3.613938] Synopsys Designware Multimedia Card Interface Driver
[    3.621299] sdhci-pltfm: SDHCI platform and OF driver helper
[    3.627751] sdhci-tegra 700b0400.sdhci: Got CD GPIO
[    3.632639] sdhci-tegra 700b0400.sdhci: Got WP GPIO
[    3.653886] mmc0: Unknown controller version (3). You may experience problems.
[    3.661160] mmc0: Invalid maximum block size, assuming 512 bytes
[    3.725445] mmc0: SDHCI controller on 700b0600.sdhci [700b0600.sdhci] using ADMA
[    3.734787] ledtrig-cpu: registered to indicate activity on CPUs
[    3.741190] usbcore: registered new interface driver usbhid
[    3.746774] usbhid: USB HID core driver
[    3.754530] NET: Registered protocol family 10
[    3.759874] Segment Routing with IPv6
[    3.763592] sit: IPv6, IPv4 and MPLS over IPv4 tunneling driver
[    3.770079] NET: Registered protocol family 17
[    3.774524] can: controller area network core (rev 20120528 abi 9)
[    3.780769] NET: Registered protocol family 29
[    3.785207] can: raw protocol (rev 20120528)
[    3.789489] can: broadcast manager protocol (rev 20161123 t)
[    3.795145] can: netlink gateway (rev 20130117) max_hops=1
[    3.800935] Key type dns_resolver registered
[    3.805766] ThumbEE CPU extension supported.
[    3.810036] Registering SWP/SWPB emulation handler
[    3.828866] +3.3V_RUN: supplied by +3.3V_SYS
[    3.834348] +USB0_VBUS_SW: supplied by +5V_SYS
[    3.839083] +3.3V_AVDD_HDMI_AP_GATED: supplied by +3.3V_RUN
[    3.844987] +5V_USB_HS: supplied by +5V_SYS
[    3.850828] +3.3V_LP0: supplied by +3.3V_SYS
[    3.856813] +5V_HDMI_CON: supplied by +5V_SYS
[    3.861831] +5V_SATA: supplied by +5V_SYS
[    3.866375] +12V_SATA: supplied by +VDD_MUX
[    3.872405]  usb2-0: usb2-0 supply vbus not found, using dummy regulator
[    3.872932] mmc0: new high speed MMC card at address 0001
[    3.880208] mmcblk0: mmc0:0001 SEM16G 14.7 GiB 
[    3.881324] mmcblk0boot0: mmc0:0001 SEM16G partition 1 4.00 MiB
[    3.882259] mmcblk0boot1: mmc0:0001 SEM16G partition 2 4.00 MiB
[    3.883070] mmcblk0rpmb: mmc0:0001 SEM16G partition 3 4.00 MiB
[    3.891782]  mmcblk0: p1
[    3.909527]  usb2-1: usb2-1 supply vbus not found, using dummy regulator
[    3.916599]  usb3-0: usb3-0 supply vbus not found, using dummy regulator
[    3.924472] tegra-pcie 1003000.pcie-controller: 2x1, 1x1 configuration
[    3.931108] tegra-pcie 1003000.pcie-controller: Failed to get supply 'avddio-pex': -517
[    3.942235] tegra124-dfll 70110000.clock: couldn't get vdd_cpu regulator
[    4.867503] tegra-hdmi 54280000.hdmi: failed to get PLL regulator
[    4.910983] as3722-sd2: supplied by +5V_SYS
[    4.915557] as3722-sd3: supplied by +5V_SYS
[    4.919969] as3722-sd4: supplied by +5V_SYS
[    4.924388] as3722-sd5: supplied by +5V_SYS
[    4.930630] as3722-ldo0: supplied by +1.35V_LP0(sd2)
[    4.936631] as3722-ldo1: supplied by +3.3V_RUN
[    4.941379] as3722-ldo2: supplied by +1.8V_VDDIO
[    4.947013] as3722-ldo3: supplied by +3.3V_SYS
[    4.952326] as3722-ldo4: supplied by +3.3V_SYS
[    4.957053] as3722-ldo5: supplied by +1.8V_VDDIO
[    4.961917] as3722-ldo6: supplied by +3.3V_RUN
[    4.966723] as3722-ldo7: supplied by +1.8V_VDDIO
[    4.972105] +1.05V_RUN_CAM_REAR: Bringing 0uV into 1050000-1050000uV
[    4.979214] as3722-ldo9: supplied by +5V_SYS
[    4.984693] +3.3V_RUN_TOUCH: Bringing 0uV into 2800000-2800000uV
[    4.991277] as3722-ldo10: supplied by +5V_SYS
[    4.996230] +2.8V_RUN_CAM_AF: Bringing 0uV into 2800000-2800000uV
[    5.003050] as3722-ldo11: supplied by +3.3V_RUN
[    5.008390] +1.8V_RUN_VPP_FUSE: Bringing 0uV into 1800000-1800000uV
[    5.018340] tegra-ahci 70027000.sata: AHCI 0001.0301 32 slots 2 ports 3 Gbps 0x1 impl platform mode
[    5.027417] tegra-ahci 70027000.sata: flags: 64bit ncq sntf pm led pio slum part sadm sds apst 
[    5.037976] scsi host0: tegra-ahci
[    5.042599] scsi host1: tegra-ahci
[    5.046338] ata1: SATA max UDMA/133 mmio [mem 0x70027000-0x70028fff] port 0x100 irq 345
[    5.054333] ata2: DUMMY
[    5.060091] tegra-ehci 7d008000.usb: EHCI Host Controller
[    5.065548] tegra-ehci 7d008000.usb: new USB bus registered, assigned bus number 2
[    5.073280] tegra-ehci 7d008000.usb: irq 355, io mem 0x7d008000
[    5.105545] tegra-ehci 7d008000.usb: USB 2.0 started, EHCI 1.10
[    5.112592] hub 2-0:1.0: USB hub found
[    5.116446] hub 2-0:1.0: 1 port detected
[    5.167170] sdhci-tegra 700b0400.sdhci: Got CD GPIO
[    5.172062] sdhci-tegra 700b0400.sdhci: Got WP GPIO
[    5.185489] mmc1: Unknown controller version (3). You may experience problems.
[    5.192780] mmc1: Invalid maximum block size, assuming 512 bytes
[    5.265973] mmc1: SDHCI controller on 700b0400.sdhci [700b0400.sdhci] using ADMA
[    5.274073] tegra-pcie 1003000.pcie-controller: 2x1, 1x1 configuration
[    5.282562] tegra-pcie 1003000.pcie-controller: probing port 0, using 2 lanes
[    5.293234] tegra-pcie 1003000.pcie-controller: Slot present pin change, signature: 00000008
[    5.316384] tegra-pcie 1003000.pcie-controller: probing port 1, using 1 lanes
[    5.325692] tegra-pcie 1003000.pcie-controller: Slot present pin change, signature: 00000000
[    5.339819] tegra-pcie 1003000.pcie-controller: PCI host bridge to bus 0000:00
[    5.347095] pci_bus 0000:00: root bus resource [io  0x0000-0xffff]
[    5.353283] pci_bus 0000:00: root bus resource [mem 0x13000000-0x1fffffff]
[    5.360194] pci_bus 0000:00: root bus resource [mem 0x20000000-0x3fffffff pref]
[    5.367552] pci_bus 0000:00: root bus resource [bus 00-ff]
[    5.373080] pci 0000:00:01.0: [10de:0e12] type 01 class 0x060400
[    5.379179] pci_bus 0000:00: 2-byte config write to 0000:00:01.0 offset 0x88 may corrupt adjacent RW1C bits
[    5.389019] pci_bus 0000:00: 2-byte config write to 0000:00:01.0 offset 0x52 may corrupt adjacent RW1C bits
[    5.389062] ata1: SATA link down (SStatus 0 SControl 300)
[    5.404244] pci 0000:00:01.0: PME# supported from D0 D1 D2 D3hot D3cold
[    5.410903] pci_bus 0000:00: 2-byte config write to 0000:00:01.0 offset 0x4c may corrupt adjacent RW1C bits
[    5.420920] pci 0000:00:02.0: [10de:0e13] type 01 class 0x060400
[    5.427008] pci_bus 0000:00: 2-byte config write to 0000:00:02.0 offset 0x88 may corrupt adjacent RW1C bits
[    5.436792] pci_bus 0000:00: 2-byte config write to 0000:00:02.0 offset 0x52 may corrupt adjacent RW1C bits
[    5.446574] pci 0000:00:02.0: PME# supported from D0 D1 D2 D3hot D3cold
[    5.453185] pci_bus 0000:00: 2-byte config write to 0000:00:02.0 offset 0x4c may corrupt adjacent RW1C bits
[    5.463183] pci_bus 0000:00: 2-byte config write to 0000:00:01.0 offset 0x3e may corrupt adjacent RW1C bits
[    5.472962] pci_bus 0000:00: 2-byte config write to 0000:00:02.0 offset 0x3e may corrupt adjacent RW1C bits
[    5.482711] pci_bus 0000:00: 2-byte config write to 0000:00:01.0 offset 0x4 may corrupt adjacent RW1C bits
[    5.492369] pci_bus 0000:00: 1-byte config write to 0000:00:01.0 offset 0xc may corrupt adjacent RW1C bits
[    5.502027] PCI: bus0: Fast back to back transfers disabled
[    5.507617] pci 0000:00:01.0: bridge configuration invalid ([bus 00-00]), reconfiguring
[    5.515670] pci 0000:00:02.0: bridge configuration invalid ([bus 00-00]), reconfiguring
[    5.523892] pci 0000:01:00.0: [8086:4232] type 00 class 0x028000
[    5.529971] pci 0000:01:00.0: reg 0x10: [mem 0x00000000-0x00001fff 64bit]
[    5.537028] pci 0000:01:00.0: PME# supported from D0 D3hot D3cold
[    5.557844] mmc1: new high speed SDHC card at address aaaa
[    5.564343] mmcblk1: mmc1:aaaa SD04G 3.69 GiB 
[    5.569154] PCI: bus1: Fast back to back transfers disabled
[    5.574752] pci_bus 0000:01: busn_res: [bus 01-ff] end is updated to 01
[    5.581606] pci 0000:02:00.0: [10ec:8168] type 00 class 0x020000
[    5.587660] pci 0000:02:00.0: reg 0x10: [io  0x0000-0x00ff]
[    5.593258] pci 0000:02:00.0: reg 0x18: [mem 0x00000000-0x00000fff 64bit]
[    5.600084] pci 0000:02:00.0: reg 0x20: [mem 0x00000000-0x00003fff 64bit pref]
[    5.607464] pci 0000:02:00.0: supports D1 D2
[    5.611731] pci 0000:02:00.0: PME# supported from D0 D1 D2 D3hot D3cold
[    5.631879]  mmcblk1: p1 p2 p3
[    5.645582] PCI: bus2: Fast back to back transfers disabled
[    5.651161] pci_bus 0000:02: busn_res: [bus 02-ff] end is updated to 02
[    5.658001] pci 0000:00:01.0: BAR 8: assigned [mem 0x13000000-0x130fffff]
[    5.664793] pci 0000:00:02.0: BAR 8: assigned [mem 0x13100000-0x131fffff]
[    5.671628] pci 0000:00:02.0: BAR 9: assigned [mem 0x20000000-0x200fffff 64bit pref]
[    5.679408] pci 0000:00:02.0: BAR 7: assigned [io  0x1000-0x1fff]
[    5.685523] pci 0000:01:00.0: BAR 0: assigned [mem 0x13000000-0x13001fff 64bit]
[    5.692853] pci 0000:00:01.0: PCI bridge to [bus 01]
[    5.697860] pci 0000:00:01.0:   bridge window [mem 0x13000000-0x130fffff]
[    5.704660] pci 0000:02:00.0: BAR 4: assigned [mem 0x20000000-0x20003fff 64bit pref]
[    5.712435] pci 0000:02:00.0: BAR 2: assigned [mem 0x13100000-0x13100fff 64bit]
[    5.719797] pci 0000:02:00.0: BAR 0: assigned [io  0x1000-0x10ff]
[    5.725911] pci 0000:00:02.0: PCI bridge to [bus 02]
[    5.730873] pci 0000:00:02.0:   bridge window [io  0x1000-0x1fff]
[    5.737004] pci 0000:00:02.0:   bridge window [mem 0x13100000-0x131fffff]
[    5.743790] pci 0000:00:02.0:   bridge window [mem 0x20000000-0x200fffff 64bit pref]
[    5.751575] pci 0000:00:01.0: nv_msi_ht_cap_quirk didn't locate host bridge
[    5.758663] pcieport 0000:00:01.0: enabling device (0140 -> 0142)
[    5.765003] pcieport 0000:00:01.0: Signaling PME with IRQ 393
[    5.770866] pci 0000:00:02.0: nv_msi_ht_cap_quirk didn't locate host bridge
[    5.777953] pcieport 0000:00:02.0: enabling device (0140 -> 0143)
[    5.784281] pcieport 0000:00:02.0: Signaling PME with IRQ 394
[    5.790325] r8169 Gigabit Ethernet driver 2.3LK-NAPI loaded
[    5.795959] r8169 0000:02:00.0: enabling device (0140 -> 0143)
[    5.827152] r8169 0000:02:00.0 eth0: RTL8168g/8111g at 0xf0b54000, 00:04:4b:3a:d9:81, XID 0c000800 IRQ 395
[    5.836843] r8169 0000:02:00.0 eth0: jumbo features [frames: 9200 bytes, tx checksumming: ko]
[    5.849663] +1.05V_RUN_AVDD_HDMI_PLL: supplied by +1.05V_RUN
[    5.857607] of: dev_pm_opp_of_cpumask_add_table: couldn't find opp table for cpu:0, -19
[    5.865700] cpufreq: cpufreq_online: CPU0: Running at unlisted freq: 696000 KHz
[    5.873016] cpufreq: cpufreq_online: CPU0: Unlisted initial frequency changed to: 714000 KHz
[    5.882150] input: gpio-keys as /devices/soc0/gpio-keys/input/input0
[    5.889408] as3722-rtc as3722-rtc: setting system clock to 2000-01-01 00:02:11 UTC (946684931)
[    5.898330] +3.3V_AVDD_HDMI_AP_GATED: disabling
[    5.902851] +USB0_VBUS_SW: disabling
[    5.906446] +1.05V_RUN_AVDD_HDMI_PLL: disabling
[    5.910972] +5V_HDMI_CON: disabling
[    5.914458] +1.8V_RUN_CAM: disabling
[    5.918269] +2.8V_RUN_CAM: disabling
[    5.922036] +1.2V_RUN_CAM_FRONT: disabling
[    5.926357] +1.05V_RUN_CAM_REAR: disabling
[    5.930606] +3.3V_RUN_TOUCH: disabling
[    5.934505] +2.8V_RUN_CAM_AF: disabling
[    5.938550] +1.8V_RUN_VPP_FUSE: disabling
[    5.943578] EXT4-fs (mmcblk0p1): mounting ext3 file system using the ext4 subsystem
[    5.985982] EXT4-fs (mmcblk0p1): recovery complete
[    5.991649] EXT4-fs (mmcblk0p1): mounted filesystem with ordered data mode. Opts: (null)
[    5.999780] VFS: Mounted root (ext3 filesystem) on device 179:1.
[    6.009661] devtmpfs: mounted
[    6.013246] Freeing unused kernel memory: 2048K
bash: cannot set terminal process group (-1): Inappropriate ioctl for device
bash: no job control in this shell
root@(none):/# 