ercpu: Embedded 20 pages/cpu @ffff8000bff50000 s42880 r8192 d30848 u81920
[    0.000000] Detected PIPT I-cache on CPU0
[    0.000000] CPU features: enabling workaround for ARM erratum 832075
[    0.000000] CPU features: enabling workaround for ARM erratum 834220
[    0.000000] Built 1 zonelists in Zone order, mobility grouping on.  Total pages: 735336
[    0.000000] Kernel command line: cros_secure vpr=0x08000000@0xf6800000 earlycon
[    0.000000] log_buf_len individual max cpu contribution: 4096 bytes
[    0.000000] log_buf_len total cpu_extra contributions: 12288 bytes
[    0.000000] log_buf_len min size: 16384 bytes
[    0.000000] log_buf_len: 32768 bytes
[    0.000000] early log buf free: 14420(88%)
[    0.000000] PID hash table entries: 4096 (order: 3, 32768 bytes)
[    0.000000] Dentry cache hash table entries: 524288 (order: 10, 4194304 bytes)
[    0.000000] Inode-cache hash table entries: 262144 (order: 9, 2097152 bytes)
[    0.000000] software IO TLB [mem 0xf1400000-0xf5400000] (64MB) mapped at [ffff800071400000-ffff8000753fffff]
[    0.000000] Memory: 2833852K/2988032K available (7676K kernel code, 762K rwdata, 3584K rodata, 960K init, 269K bss, 137796K reserved, 16384K cma-reserved)
[    0.000000] Virtual kernel memory layout:
[    0.000000]     modules : 0xffff000000000000 - 0xffff000008000000   (   128 MB)
[    0.000000]     vmalloc : 0xffff000008000000 - 0xffff7dffbfff0000   (129022 GB)
[    0.000000]       .text : 0xffff000008080000 - 0xffff000008800000   (  7680 KB)
[    0.000000]     .rodata : 0xffff000008800000 - 0xffff000008b90000   (  3648 KB)
[    0.000000]       .init : 0xffff000008b90000 - 0xffff000008c80000   (   960 KB)
[    0.000000]       .data : 0xffff000008c80000 - 0xffff000008d3e800   (   762 KB)
[    0.000000]        .bss : 0xffff000008d3e800 - 0xffff000008d81eb8   (   270 KB)
[    0.000000]     fixed   : 0xffff7dfffe7fd000 - 0xffff7dfffec00000   (  4108 KB)
[    0.000000]     PCI I/O : 0xffff7dfffee00000 - 0xffff7dffffe00000   (    16 MB)
[    0.000000]     vmemmap : 0xffff7e0000000000 - 0xffff800000000000   (  2048 GB maximum)
[    0.000000]               0xffff7e0000000000 - 0xffff7e0003000000   (    48 MB actual)
[    0.000000]     memory  : 0xffff800000000000 - 0xffff8000c0000000   (  3072 MB)
[    0.000000] SLUB: HWalign=64, Order=0-3, MinObjects=0, CPUs=4, Nodes=1
[    0.000000] Preemptible hierarchical RCU implementation.
[    0.000000] 	Build-time adjustment of leaf fanout to 64.
[    0.000000] 	RCU restricting CPUs from NR_CPUS=64 to nr_cpu_ids=4.
[    0.000000] RCU: Adjusting geometry for rcu_fanout_leaf=64, nr_cpu_ids=4
[    0.000000] NR_IRQS:64 nr_irqs:64 0
[    0.000000] GIC: Using split EOI/Deactivate mode
[    0.000000] /interrupt-controller@60004000: 192 interrupts forwarded to /interrupt-controller@50041000
[    0.000000] boot misc0 0x0: expected 0x80000
[    0.000000]  (comparison mask = 0x400ffffb)
[    0.000000] boot misc2 0x1f720005: expected 0x1f720f05
[    0.000000]  (comparison mask = 0xffffff17)
[    0.000000] PLL_C already enabled. Postponing set full defaults
[    0.000000] PLL_MB already enabled. Postponing set full defaults
[    0.000000] PLL_U already enabled. Postponing set full defaults
[    0.000000] PLL_D already enabled. Postponing set full defaults
[    0.000000] PLL_DP already enabled. Postponing set full defaults
[    0.000000] boot misc0 0x0: expected 0x20
[    0.000000]  (comparison mask = 0x7ffffff)
[    0.000000] boot misc1 0x90000000: expected 0xc0000000
[    0.000000]  (comparison mask = 0xf8000000)
[    0.000000] boot misc2 0x0: expected 0xf400f0da
[    0.000000]  (comparison mask = 0xffffffff)
[    0.000000] boot misc3 0x9330: expected 0x2004f400
[    0.000000]  (comparison mask = 0xffffffff)
[    0.000000] PLL_P already enabled. Postponing set full defaults
[    0.000000] PLL_X already enabled. Postponing set full defaults
[    0.000000] boot misc1 0x0: expected 0x20
[    0.000000]  (comparison mask = 0xffffff)
[    0.000000] Architected cp15 timer(s) running at 19.20MHz (phys).
[    0.000000] clocksource: arch_sys_counter: mask: 0xffffffffffffff max_cycles: 0x46d987e47, max_idle_ns: 440795202767 ns
[    0.000003] sched_clock: 56 bits at 19MHz, resolution 52ns, wraps every 4398046511078ns
[    0.008314] Console: colour dummy device 80x25
[    0.012882] console [tty0] enabled
[    0.016376] bootconsole [uart0] disabled
[    0.000000] Booting Linux on physical CPU 0x0
[    0.000000] Linux version 4.7.0-rc5-next-20160630+ (pwalmsley@tamien) (gcc version 4.9.2 20140904 (prerelease) (crosstool-NG linaro-1.13.1-4.9-2014.09 - Linaro GCC 4.9-2014.09) ) #1 SMP PREEMPT Tue Jul 12 03:31:12 PDT 2016
[    0.000000] Boot CPU: AArch64 Processor [411fd071]
[    0.000000] earlycon: uart0 at MMIO 0x0000000070006000 (options '115200n8')
[    0.000000] bootconsole [uart0] enabled
[    0.000000] efi: Getting EFI parameters from FDT:
[    0.000000] efi: UEFI not found.
[    0.000000] cma: Reserved 16 MiB at 0x00000000f5400000
[    0.000000] psci: probing for conduit method from DT.
[    0.000000] psci: PSCIv1.0 detected in firmware.
[    0.000000] psci: Using standard PSCI v0.2 function IDs
[    0.000000] psci: MIGRATE_INFO_UP_CPU reported invalid physical ID (0x80000000)
[    0.000000] percpu: Embedded 20 pages/cpu @ffff8000bff50000 s42880 r8192 d30848 u81920
[    0.000000] Detected PIPT I-cache on CPU0
[    0.000000] CPU features: enabling workaround for ARM erratum 832075
[    0.000000] CPU features: enabling workaround for ARM erratum 834220
[    0.000000] Built 1 zonelists in Zone order, mobility grouping on.  Total pages: 735336
[    0.000000] Kernel command line: cros_secure vpr=0x08000000@0xf6800000 earlycon
[    0.000000] log_buf_len individual max cpu contribution: 4096 bytes
[    0.000000] log_buf_len total cpu_extra contributions: 12288 bytes
[    0.000000] log_buf_len min size: 16384 bytes
[    0.000000] log_buf_len: 32768 bytes
[    0.000000] early log buf free: 14420(88%)
[    0.000000] PID hash table entries: 4096 (order: 3, 32768 bytes)
[    0.000000] Dentry cache hash table entries: 524288 (order: 10, 4194304 bytes)
[    0.000000] Inode-cache hash table entries: 262144 (order: 9, 2097152 bytes)
[    0.000000] software IO TLB [mem 0xf1400000-0xf5400000] (64MB) mapped at [ffff800071400000-ffff8000753fffff]
[    0.000000] Memory: 2833852K/2988032K available (7676K kernel code, 762K rwdata, 3584K rodata, 960K init, 269K bss, 137796K reserved, 16384K cma-reserved)
[    0.000000] Virtual kernel memory layout:
[    0.000000]     modules : 0xffff000000000000 - 0xffff000008000000   (   128 MB)
[    0.000000]     vmalloc : 0xffff000008000000 - 0xffff7dffbfff0000   (129022 GB)
[    0.000000]       .text : 0xffff000008080000 - 0xffff000008800000   (  7680 KB)
[    0.000000]     .rodata : 0xffff000008800000 - 0xffff000008b90000   (  3648 KB)
[    0.000000]       .init : 0xffff000008b90000 - 0xffff000008c80000   (   960 KB)
[    0.000000]       .data : 0xffff000008c80000 - 0xffff000008d3e800   (   762 KB)
[    0.000000]        .bss : 0xffff000008d3e800 - 0xffff000008d81eb8   (   270 KB)
[    0.000000]     fixed   : 0xffff7dfffe7fd000 - 0xffff7dfffec00000   (  4108 KB)
[    0.000000]     PCI I/O : 0xffff7dfffee00000 - 0xffff7dffffe00000   (    16 MB)
[    0.000000]     vmemmap : 0xffff7e0000000000 - 0xffff800000000000   (  2048 GB maximum)
[    0.000000]               0xffff7e0000000000 - 0xffff7e0003000000   (    48 MB actual)
[    0.000000]     memory  : 0xffff800000000000 - 0xffff8000c0000000   (  3072 MB)
[    0.000000] SLUB: HWalign=64, Order=0-3, MinObjects=0, CPUs=4, Nodes=1
[    0.000000] Preemptible hierarchical RCU implementation.
[    0.000000] 	Build-time adjustment of leaf fanout to 64.
[    0.000000] 	RCU restricting CPUs from NR_CPUS=64 to nr_cpu_ids=4.
[    0.000000] RCU: Adjusting geometry for rcu_fanout_leaf=64, nr_cpu_ids=4
[    0.000000] NR_IRQS:64 nr_irqs:64 0
[    0.000000] GIC: Using split EOI/Deactivate mode
[    0.000000] /interrupt-controller@60004000: 192 interrupts forwarded to /interrupt-controller@50041000
[    0.000000] boot misc0 0x0: expected 0x80000
[    0.000000]  (comparison mask = 0x400ffffb)
[    0.000000] boot misc2 0x1f720005: expected 0x1f720f05
[    0.000000]  (comparison mask = 0xffffff17)
[    0.000000] PLL_C already enabled. Postponing set full defaults
[    0.000000] PLL_MB already enabled. Postponing set full defaults
[    0.000000] PLL_U already enabled. Postponing set full defaults
[    0.000000] PLL_D already enabled. Postponing set full defaults
[    0.000000] PLL_DP already enabled. Postponing set full defaults
[    0.000000] boot misc0 0x0: expected 0x20
[    0.000000]  (comparison mask = 0x7ffffff)
[    0.000000] boot misc1 0x90000000: expected 0xc0000000
[    0.000000]  (comparison mask = 0xf8000000)
[    0.000000] boot misc2 0x0: expected 0xf400f0da
[    0.000000]  (comparison mask = 0xffffffff)
[    0.000000] boot misc3 0x9330: expected 0x2004f400
[    0.000000]  (comparison mask = 0xffffffff)
[    0.000000] PLL_P already enabled. Postponing set full defaults
[    0.000000] PLL_X already enabled. Postponing set full defaults
[    0.000000] boot misc1 0x0: expected 0x20
[    0.000000]  (comparison mask = 0xffffff)
[    0.000000] Architected cp15 timer(s) running at 19.20MHz (phys).
[    0.000000] clocksource: arch_sys_counter: mask: 0xffffffffffffff max_cycles: 0x46d987e47, max_idle_ns: 440795202767 ns
[    0.000003] sched_clock: 56 bits at 19MHz, resolution 52ns, wraps every 4398046511078ns
[    0.008314] Console: colour dummy device 80x25
[    0.012882] console [tty0] enabled
[    0.016376] bootconsole [uart0] disabled
[    0.020419] Calibrating delay loop (skipped), value calculated using timer frequency.. 38.40 BogoMIPS (lpj=76800)
[    0.020432] pid_max: default: 32768 minimum: 301
[    0.020477] Security Framework initialized
[    0.020506] Mount-cache hash table entries: 8192 (order: 4, 65536 bytes)
[    0.020515] Mountpoint-cache hash table entries: 8192 (order: 4, 65536 bytes)
[    0.021101] ASID allocator initialised with 65536 entries
[    0.044990] Speedo Revision 4
[    0.045009] Tegra Revision: A02 SKU: 19 CPU Process: 0 SoC Process: 0
[    0.045300] EFI services will not be available.
[    0.068585] Detected PIPT I-cache on CPU1
[    0.068612] CPU1: Booted secondary processor [411fd071]
[    0.084594] Detected PIPT I-cache on CPU2
[    0.084613] CPU2: Booted secondary processor [411fd071]
[    0.100616] Detected PIPT I-cache on CPU3
[    0.100634] CPU3: Booted secondary processor [411fd071]
[    0.100674] Brought up 4 CPUs
[    0.100704] SMP: Total of 4 processors activated.
[    0.100712] CPU features: detected feature: 32-bit EL0 Support
[    0.100720] CPU: All CPU(s) started at EL2
[    0.100737] alternatives: patching kernel code
[    0.102704] devtmpfs: initialized
[    0.107818] DMI not present or invalid.
[    0.107957] clocksource: jiffies: mask: 0xffffffff max_cycles: 0xffffffff, max_idle_ns: 7645041785100000 ns
[    0.108212] pinctrl core: initialized pinctrl subsystem
[    0.109054] NET: Registered protocol family 16
[    0.124773] cpuidle: using governor menu
[    0.124862] vdso: 2 pages (1 code @ ffff000008806000, 1 data @ ffff000008c84000)
[    0.124884] hw-breakpoint: found 6 breakpoint and 4 watchpoint registers.
[    0.125319] DMA: preallocated 256 KiB pool for atomic allocations
[    0.125461] Serial: AMBA PL011 UART driver
[    0.153082] HugeTLB registered 2 MB page size, pre-allocated 0 pages
[    0.153638] ACPI: Interpreter disabled.
[    0.154243] vgaarb: loaded
[    0.154396] SCSI subsystem initialized
[    0.154642] usbcore: registered new interface driver usbfs
[    0.154683] usbcore: registered new interface driver hub
[    0.154734] usbcore: registered new device driver usb
[    0.155193] pps_core: LinuxPPS API ver. 1 registered
[    0.155205] pps_core: Software ver. 5.3.6 - Copyright 2005-2007 Rodolfo Giometti <giometti@linux.it>
[    0.155229] PTP clock support registered
[    0.155322] dmi: Firmware registration failed.
[    0.155416] Advanced Linux Sound Architecture Driver Initialized.
[    0.155816] clocksource: Switched to clocksource arch_sys_counter
[    0.155886] VFS: Disk quotas dquot_6.6.0
[    0.155923] VFS: Dquot-cache hash table entries: 512 (order 0, 4096 bytes)
[    0.156068] pnp: PnP ACPI: disabled
[    0.160239] NET: Registered protocol family 2
[    0.160544] TCP established hash table entries: 32768 (order: 6, 262144 bytes)
[    0.160672] TCP bind hash table entries: 32768 (order: 7, 524288 bytes)
[    0.160872] TCP: Hash tables configured (established 32768 bind 32768)
[    0.160933] UDP hash table entries: 2048 (order: 4, 65536 bytes)
[    0.160964] UDP-Lite hash table entries: 2048 (order: 4, 65536 bytes)
[    0.161065] NET: Registered protocol family 1
[    0.161242] RPC: Registered named UNIX socket transport module.
[    0.161255] RPC: Registered udp transport module.
[    0.161264] RPC: Registered tcp transport module.
[    0.161273] RPC: Registered tcp NFSv4.1 backchannel transport module.
[    0.161387] Unpacking initramfs...
[    0.245391] Freeing initrd memory: 2364K (ffff800009f65000 - ffff80000a1b4000)
[    0.246079] kvm [1]: 8-bit VMID
[    0.246092] kvm [1]: Hyp mode initialized successfully
[    0.246138] kvm [1]: vgic-v2@50044000
[    0.246173] kvm [1]: vgic interrupt IRQ1
[    0.246252] kvm [1]: virtual timer IRQ4
[    0.247506] futex hash table entries: 1024 (order: 5, 131072 bytes)
[    0.247575] audit: initializing netlink subsys (disabled)
[    0.247622] audit: type=2000 audit(0.231:1): initialized
[    0.247885] workingset: timestamp_bits=44 max_order=20 bucket_order=0
[    0.253266] squashfs: version 4.0 (2009/01/31) Phillip Lougher
[    0.253724] NFS: Registering the id_resolver key type
[    0.253755] Key type id_resolver registered
[    0.253765] Key type id_legacy registered
[    0.253780] nfs4filelayout_init: NFSv4 File Layout Driver Registering...
[    0.253884] fuse init (API version 7.24)
[    0.254155] 9p: Installing v9fs 9p2000 file system support
[    0.255404] io scheduler noop registered
[    0.255501] io scheduler cfq registered (default)
[    0.255980] libphy: mdio_driver_register: phy-bcm-ns2-pci
[    0.261413] tegra-apbdma 60020000.dma: Tegra20 APB DMA driver register 32 channels
[    0.261761] tegra-pmc 7000e400.pmc: i2c-thermtrip node not found, emergency thermal reset disabled.
[    0.261900] xenfs: not registering filesystem on non-xen platform
[    0.263828] Serial: 8250/16550 driver, 4 ports, IRQ sharing disabled
[    0.264797] 70006000.serial: ttyS0 at MMIO 0x70006000 (irq = 312, base_baud = 25500000) is a Tegra
[    1.167744] console [ttyS0] enabled
[    1.171496] SuperH (H)SCI(F) driver initialized
[    1.176183] msm_serial: driver initialized
[    1.180497] Unable to detect cache hierarchy from DT for CPU 0
[    1.188971] loop: module loaded
[    1.193063] libphy: Fixed MDIO Bus: probed
[    1.197444] tun: Universal TUN/TAP device driver, 1.6
[    1.202494] tun: (C) 1999-2004 Max Krasnyansky <maxk@qualcomm.com>
[    1.208919] e1000e: Intel(R) PRO/1000 Network Driver - 3.2.6-k
[    1.214750] e1000e: Copyright(c) 1999 - 2015 Intel Corporation.
[    1.220707] igb: Intel(R) Gigabit Ethernet Network Driver - version 5.3.0-k
[    1.227663] igb: Copyright (c) 2007-2014 Intel Corporation.
[    1.233261] igbvf: Intel(R) Gigabit Virtual Function Network Driver - version 2.0.2-k
[    1.241087] igbvf: Copyright (c) 2009 - 2012 Intel Corporation.
[    1.247030] sky2: driver version 1.30
[    1.250919] VFIO - User Level meta-driver version: 0.3
[    1.257017] ehci_hcd: USB 2.0 'Enhanced' Host Controller (EHCI) Driver
[    1.263547] ehci-pci: EHCI PCI platform driver
[    1.268017] ehci-platform: EHCI generic platform driver
[    1.273296] ehci-msm: Qualcomm On-Chip EHCI Host Controller
[    1.278905] ohci_hcd: USB 1.1 'Open' Host Controller (OHCI) Driver
[    1.285099] ohci-pci: OHCI PCI platform driver
[    1.289570] ohci-platform: OHCI generic platform driver
[    1.294938] usbcore: registered new interface driver usb-storage
[    1.301449] mousedev: PS/2 mouse device common for all mice
[    1.307588] tegra_rtc 7000e000.rtc: rtc core: registered 7000e000.rtc as rtc0
[    1.314754] tegra_rtc 7000e000.rtc: Tegra internal Real Time Clock
[    1.320998] i2c /dev entries driver
[    1.325313] sdhci: Secure Digital Host Controller Interface driver
[    1.331492] sdhci: Copyright(c) Pierre Ossman
[    1.335866] Synopsys Designware Multimedia Card Interface Driver
[    1.342047] sdhci-pltfm: SDHCI platform and OF driver helper
[    1.347845] mmc0: Unknown controller version (3). You may experience problems.
[    1.391829] mmc0: SDHCI controller on 700b0600.sdhci [700b0600.sdhci] using ADMA 64-bit
[    1.400203] ledtrig-cpu: registered to indicate activity on CPUs
[    1.411728] usbcore: registered new interface driver usbhid
[    1.417386] usbhid: USB HID core driver
[    1.422480] NET: Registered protocol family 17
[    1.427064] 9pnet: Installing 9P2000 support
[    1.431459] Key type dns_resolver registered
[    1.437244] registered taskstats version 1
[    1.447963] input: gpio-keys as /devices/platform/gpio-keys/input/input0
[    1.454839] tegra_rtc 7000e000.rtc: setting system clock to 1970-01-01 00:00:08 UTC (8)
[    1.468415] ALSA device list:
[    1.471385]   No soundcards found.
[    1.475317] Freeing unused kernel memory: 960K (ffff800000b90000 - ffff800000c80000)
[    1.485698] mmc0: new high speed MMC card at address 0001
[    1.491373] mmcblk0: mmc0:0001 BGND3R 29.1 GiB 
[    1.496010] mmcblk0boot0: mmc0:0001 BGND3R partition 1 4.00 MiB
[    1.502024] mmcblk0boot1: mmc0:0001 BGND3R partition 2 4.00 MiB
[    1.508030] mmcblk0rpmb: mmc0:0001 BGND3R partition 3 4.00 MiB
[    1.516327]  mmcblk0: p1 p2 p3 p4 p5 p6 p7 p8 p9 p10 p11

System initialization...

Mounting /proc :[SUCCESS]
Mounting /sys :[SUCCESS]
Mounting /dev :[SUCCESS]
Mounting /dev/pts :[SUCCESS]
Mounting /sys/kernel/debug :[SUCCESS]
Mounting other filesystems :[SUCCESS]
Enabling hot-plug :[SUCCESS]
Populating /dev :[SUCCESS]
Starting syslogd :[SUCCESS]
Starting telnetd :[SUCCESS]

System initialization complete.

Please press Enter to activate this console. 