
U-Boot SPL 2014.01-00219-gc4d376f (Feb 18 2014 - 19:57:32)


U-Boot 2014.01-00219-gc4d376f (Feb 18 2014 - 19:57:32)

TEGRA114
Board: NVIDIA Dalmore
I2C:   ready
DRAM:  2 GiB
MMC:   Tegra SD/MMC: 0, Tegra SD/MMC: 1
In:    serial
Out:   serial
Err:   serial
Net:   Net Initialization Skipped
No ethernet found.
Hit any key to stop autoboot:  2  0 
Tegra114 (Dalmore) # 
Tegra114 (Dalmore) # usb reset
(Re)start USB...
USB0:   USB EHCI 1.10
scanning bus 0 for devices... 2 USB Device(s) found
       scanning usb for storage devices... 0 Storage Device(s) found
       scanning usb for ethernet devices... 
Warning: asx0 using MAC address from net device
1 Ethernet Device(s) found
Tegra114 (Dalmore) # setenv bootargs 'ignore_loglevel console=ttyS0,115200n8 rw root=PARTUUID=7369c667-ff51-ec4a-29cd-baabf2fbe346 rootwait gpt debug earlyprintk init=/bin/bash'
Tegra114 (Dalmore) # setenv ipaddr 192.168.100.100; setenv serverip 192.168.100.1; setenv tftpserverip 192.168.100.1
Tegra114 (Dalmore) # tftpboot 0x81000000 zImage.tegra_defconfig
Using asx0 device
TFTP from server 192.168.100.1; our IP address is 192.168.100.100
Filename 'zImage.tegra_defconfig'.
Load address: 0x81000000
Loading: *#################################################################
	 #################################################################
	 #################################################################
	 #################################################################
	 #################################################################
	 #################################################################
	 ##################################
	 3.1 MiB/s
done
Bytes transferred = 6222728 (5ef388 hex)
Tegra114 (Dalmore) # tftpboot 0x82000000 tegra114-dalmore.dtb
Using asx0 device
TFTP from server 192.168.100.1; our IP address is 192.168.100.100
Filename 'tegra114-dalmore.dtb'.
Load address: 0x82000000
Loading: *###
	 34.2 KiB/s
done
Bytes transferred = 34502 (86c6 hex)
Tegra114 (Dalmore) # bootz 0x81000000 - 0x82000000
Kernel image @ 0x81000000 [ 0x000000 - 0x5ef388 ]
## Flattened Device Tree blob at 82000000
   Booting using the fdt blob at 0x82000000
   Loading Device Tree to 8fff4000, end 8ffff6c5 ... OK

Starting kernel ...

[    0.000000] Booting Linux on physical CPU 0x0
[    0.000000] Linux version 4.15.0-next-20180206-29210-g417c85c (jonathanh@kaivo) (gcc version 4.7.3 20130328 (prerelease) (crosstool-NG linaro-1.13.1-4.7-2013.04-20130415 - Linaro GCC 2013.04)) #1 SMP PREEMPT Tue Feb 6 03:32:23 PST 2018
[    0.000000] CPU: ARMv7 Processor [412fc0f2] revision 2 (ARMv7), cr=10c5387d
[    0.000000] CPU: div instructions available: patching division code
[    0.000000] CPU: PIPT / VIPT nonaliasing data cache, PIPT instruction cache
[    0.000000] OF: fdt: Machine model: NVIDIA Tegra114 Dalmore evaluation board
[    0.000000] debug: ignoring loglevel setting.
[    0.000000] bootconsole [earlycon0] enabled
[    0.000000] Memory policy: Data cache writealloc
[    0.000000] cma: Reserved 64 MiB at 0xfbc00000
[    0.000000] On node 0 totalpages: 524032
[    0.000000]   Normal zone: 1536 pages used for memmap
[    0.000000]   Normal zone: 0 pages reserved
[    0.000000]   Normal zone: 196608 pages, LIFO batch:31
[    0.000000]   HighMem zone: 327424 pages, LIFO batch:31
[    0.000000] random: fast init done
[    0.000000] percpu: Embedded 17 pages/cpu @(ptrval) s39296 r8192 d22144 u69632
[    0.000000] pcpu-alloc: s39296 r8192 d22144 u69632 alloc=17*4096
[    0.000000] pcpu-alloc: [0] 0 [0] 1 [0] 2 [0] 3 
[    0.000000] Built 1 zonelists, mobility grouping on.  Total pages: 522496
[    0.000000] Kernel command line: ignore_loglevel console=ttyS0,115200n8 rw root=PARTUUID=7369c667-ff51-ec4a-29cd-baabf2fbe346 rootwait gpt debug earlyprintk init=/bin/bash
[    0.000000] Dentry cache hash table entries: 131072 (order: 7, 524288 bytes)
[    0.000000] Inode-cache hash table entries: 65536 (order: 6, 262144 bytes)
[    0.000000] Memory: 1998596K/2096128K available (9216K kernel code, 783K rwdata, 2584K rodata, 1024K init, 298K bss, 31996K reserved, 65536K cma-reserved, 1244160K highmem)
[    0.000000] Virtual kernel memory layout:
[    0.000000]     vector  : 0xffff0000 - 0xffff1000   (   4 kB)
[    0.000000]     fixmap  : 0xffc00000 - 0xfff00000   (3072 kB)
[    0.000000]     vmalloc : 0xf0800000 - 0xff800000   ( 240 MB)
[    0.000000]     lowmem  : 0xc0000000 - 0xf0000000   ( 768 MB)
[    0.000000]     pkmap   : 0xbfe00000 - 0xc0000000   (   2 MB)
[    0.000000]     modules : 0xbf000000 - 0xbfe00000   (  14 MB)
[    0.000000]       .text : 0x(ptrval) - 0x(ptrval)   (10208 kB)
[    0.000000]       .init : 0x(ptrval) - 0x(ptrval)   (1024 kB)
[    0.000000]       .data : 0x(ptrval) - 0x(ptrval)   ( 784 kB)
[    0.000000]        .bss : 0x(ptrval) - 0x(ptrval)   ( 299 kB)
[    0.000000] Preemptible hierarchical RCU implementation.
[    0.000000] 	Tasks RCU enabled.
[    0.000000] NR_IRQS: 16, nr_irqs: 16, preallocated irqs: 16
[    0.000000] /interrupt-controller@60004000: 160 interrupts forwarded to /interrupt-controller@50041000
[    0.000000] Tegra clk 127: register failed with -17
[    0.000010] sched_clock: 32 bits at 1000kHz, resolution 1000ns, wraps every 2147483647500ns
[    0.007673] clocksource: timer_us: mask: 0xffffffff max_cycles: 0xffffffff, max_idle_ns: 1911260446275 ns
[    0.017200] Switching to timer-based delay loop, resolution 1000ns
[    0.024059] arch_timer: cp15 timer(s) running at 12.00MHz (virt).
[    0.029425] clocksource: arch_sys_counter: mask: 0xffffffffffffff max_cycles: 0x2c47f4ee7, max_idle_ns: 440795202497 ns
[    0.040172] sched_clock: 56 bits at 12MHz, resolution 83ns, wraps every 4398046511096ns
[    0.048139] Switching to timer-based delay loop, resolution 83ns
[    0.054608] Console: colour dummy device 80x30
[    0.058556] Calibrating delay loop (skipped), value calculated using timer frequency.. 24.00 BogoMIPS (lpj=120000)
[    0.068866] pid_max: default: 32768 minimum: 301
[    0.073956] Mount-cache hash table entries: 2048 (order: 1, 8192 bytes)
[    0.080051] Mountpoint-cache hash table entries: 2048 (order: 1, 8192 bytes)
[    0.087910] CPU: Testing write buffer coherency: ok
[    0.092209] /cpus/cpu@0 missing clock-frequency property
[    0.097208] /cpus/cpu@1 missing clock-frequency property
[    0.102519] /cpus/cpu@2 missing clock-frequency property
[    0.107784] /cpus/cpu@3 missing clock-frequency property
[    0.113067] CPU0: thread -1, cpu 0, socket 0, mpidr 80000000
[    0.153183] Setting up static identity map for 0x80100000 - 0x801000a0
[    0.157942] Hierarchical SRCU implementation.
[    0.173637] Tegra Revision: A01 SKU: 0 CPU Process: 1 SoC Process: 0
[    0.193210] smp: Bringing up secondary CPUs ...
[    0.243868] CPU1: thread -1, cpu 1, socket 0, mpidr 80000001
[    0.313972] CPU2: thread -1, cpu 2, socket 0, mpidr 80000002
[    0.384065] CPU3: thread -1, cpu 3, socket 0, mpidr 80000003
[    0.384180] smp: Brought up 1 node, 4 CPUs
[    0.403286] SMP: Total of 4 processors activated (96.00 BogoMIPS).
[    0.409438] CPU: All CPU(s) started in SVC mode.
[    0.415886] devtmpfs: initialized
[    0.429332] Built 1 zonelists, mobility grouping on.  Total pages: 516033
[    0.434618] VFP support v0.3: implementor 41 architecture 4 part 30 variant f rev 0
[    0.442180] clocksource: jiffies: mask: 0xffffffff max_cycles: 0xffffffff, max_idle_ns: 19112604462750000 ns
[    0.451655] futex hash table entries: 1024 (order: 4, 65536 bytes)
[    0.458040] pinctrl core: initialized pinctrl subsystem
[    0.464266] NET: Registered protocol family 16
[    0.468716] DMA: preallocated 256 KiB pool for atomic coherent allocations
[    0.475735] cpuidle: using governor menu
[    0.498412] No ATAGs?
[    0.498546] hw-breakpoint: found 5 (+1 reserved) breakpoint and 4 watchpoint registers.
[    0.506909] hw-breakpoint: maximum watchpoint size is 8 bytes.
[    0.513689] tegra-mc 70019000.memory-controller: no memory timings for RAM code 3 registered
[    0.521341] iommu: Adding device 54200000.dc to group 0
[    0.526351] iommu: Adding device 54240000.dc to group 0
[    0.548572] dvdd_ts: Failed to request enable GPIO61: -517
[    0.552182] reg-fixed-voltage regulators:regulator@1: Failed to register regulator: -517
[    0.560323] usb1_vbus: Failed to request enable GPIO108: -517
[    0.565984] reg-fixed-voltage regulators:regulator@3: Failed to register regulator: -517
[    0.574100] usb2_vbus: Failed to request enable GPIO86: -517
[    0.579646] reg-fixed-voltage regulators:regulator@4: Failed to register regulator: -517
[    0.588210] VDD_5V0_HDMI_CON: Failed to request enable GPIO81: -517
[    0.593957] reg-fixed-voltage regulators:regulator@7: Failed to register regulator: -517
[    0.603161] vgaarb: loaded
[    0.605473] SCSI subsystem initialized
[    0.608649] libata version 3.00 loaded.
[    0.612538] usbcore: registered new interface driver usbfs
[    0.617759] usbcore: registered new interface driver hub
[    0.623067] usbcore: registered new device driver usb
[    0.631156] tps65090 2-0048: No cache defaults, reading back from HW
[    0.637563] TPS65090_RAILSDCDC1: supplied by vdd_ac_bat
[    0.642053] TPS65090_RAILSDCDC2: supplied by vdd_ac_bat
[    0.647196] TPS65090_RAILSDCDC3: supplied by vdd_ac_bat
[    0.651887] TPS65090_RAILSFET1: supplied by vdd_ac_bat
[    0.656816] TPS65090_RAILSFET2: supplied by vdd_ac_bat
[    0.661949] TPS65090_RAILSFET3: supplied by vdd-sys-3v3
[    0.667300] TPS65090_RAILSFET4: supplied by vdd-sys-3v3
[    0.672509] TPS65090_RAILSFET5: supplied by vdd-sys-3v3
[    0.677688] TPS65090_RAILSFET6: supplied by vdd-sys-3v3
[    0.683240] TPS65090_RAILSFET7: supplied by vdd-sys-3v3
[    0.688096] TPS65090_RAILSLDO1: supplied by vdd_ac_bat
[    0.692906] TPS65090_RAILSLDO2: supplied by vdd_ac_bat
[    0.698552] palmas 2-0058: Irq flag is 0x00000004
[    0.704631] palmas 2-0058: Muxing GPIO ff, PWM 0, LED 0
[    0.710374] SMPS12: supplied by vdd-ao
[    0.713295] vdd_hdmi_5v0: supplied by vdd-sys-5v0
[    0.717729] SMPS3: supplied by vdd-ao
[    0.722337] SMPS457: supplied by vdd-sys-3v3
[    0.726531] SMPS6: supplied by regulator-dummy
[    0.730679] SMPS8: supplied by vdd-sys-3v3
[    0.734942] SMPS9: supplied by vdd-sys-3v3
[    0.737886] sdhci-vdd-sd-slot: Bringing 2840000uV into 2800000-2800000uV
[    0.745458] SMPS10_OUT2: supplied by regulator-dummy
[    0.749865] SMPS10_OUT1: supplied by regulator-dummy
[    0.754809] LDO1: supplied by vdd-sys-3v3
[    0.759096] LDO2: supplied by vdd-sys-3v3
[    0.763058] LDO3: supplied by vddio-1v8
[    0.766881] LDO4: supplied by vdd-sys-3v3
[    0.770871] LDO5: supplied by vdd_ac_bat
[    0.774320] LDO6: supplied by vdd-sys-3v3
[    0.778093] vdd-sensor-2v85: Bringing 2900000uV into 2850000-2850000uV
[    0.785476] LDO7: supplied by vdd-sys-3v3
[    0.789760] LDO8: supplied by vdd-ao
[    0.792133] vdd-rtc: Bringing 675000uV into 900000-900000uV
[    0.807852] LDO9: supplied by sdhci-vdd-sd-slot
[    0.818174] LDOLN: supplied by vdd-sys-5v0
[    0.821546] LDOUSB: supplied by vdd-sys-5v0
[    0.830496] Linux video capture interface: v2.00
[    0.833283] pps_core: LinuxPPS API ver. 1 registered
[    0.838166] pps_core: Software ver. 5.3.6 - Copyright 2005-2007 Rodolfo Giometti <giometti@linux.it>
[    0.847282] PTP clock support registered
[    0.851766] Advanced Linux Sound Architecture Driver Initialized.
[    0.857884] Bluetooth: Core ver 2.22
[    0.860817] NET: Registered protocol family 31
[    0.865203] Bluetooth: HCI device and connection manager initialized
[    0.871516] Bluetooth: HCI socket layer initialized
[    0.876383] Bluetooth: L2CAP socket layer initialized
[    0.881437] Bluetooth: SCO socket layer initialized
[    0.886895] clocksource: Switched to clocksource arch_sys_counter
[    0.989750] NET: Registered protocol family 2
[    0.993213] tcp_listen_portaddr_hash hash table entries: 512 (order: 0, 6144 bytes)
[    0.999939] TCP established hash table entries: 8192 (order: 3, 32768 bytes)
[    1.006972] TCP bind hash table entries: 8192 (order: 4, 65536 bytes)
[    1.013438] TCP: Hash tables configured (established 8192 bind 8192)
[    1.020115] UDP hash table entries: 512 (order: 2, 16384 bytes)
[    1.025521] UDP-Lite hash table entries: 512 (order: 2, 16384 bytes)
[    1.032160] NET: Registered protocol family 1
[    1.036858] RPC: Registered named UNIX socket transport module.
[    1.042062] RPC: Registered udp transport module.
[    1.046712] RPC: Registered tcp transport module.
[    1.051415] RPC: Registered tcp NFSv4.1 backchannel transport module.
[    1.058460] PCI: CLS 0 bytes, default 64
[    1.064314] Initialise system trusted keyrings
[    1.067034] workingset: timestamp_bits=30 max_order=19 bucket_order=0
[    1.074663] squashfs: version 4.0 (2009/01/31) Phillip Lougher
[    1.089898] NFS: Registering the id_resolver key type
[    1.093055] Key type id_resolver registered
[    1.097233] Key type id_legacy registered
[    1.106271] Key type asymmetric registered
[    1.108499] Asymmetric key parser 'x509' registered
[    1.113445] bounce: pool size: 64 pages
[    1.117202] io scheduler noop registered (default)
[    1.121892] io scheduler mq-deadline registered
[    1.126397] io scheduler kyber registered
[    1.147627] tegra-apbdma 6000a000.dma: Tegra20 APB DMA driver register 32 channels
[    1.154442] tegra-pmc 7000e400.pmc: i2c-thermtrip node not found, emergency thermal reset disabled.
[    1.162912] Serial: 8250/16550 driver, 4 ports, IRQ sharing disabled
[    1.170621] console [ttyS0] disabled
[    1.172335] 70006300.serial: ttyS0 at MMIO 0x70006300 (irq = 329, base_baud = 25500000) is a Tegra
[    1.181550] console [ttyS0] enabled
[    1.181550] console [ttyS0] enabled
[    1.187478] bootconsole [earlycon0] disabled
[    1.187478] bootconsole [earlycon0] disabled
[    1.215388] tegra-hdmi 54280000.hdmi: failed to get HDMI regulator
[    1.241013] loop: module loaded
[    1.255749] m25p80 spi0.0: w25q32dw (4096 Kbytes)
[    1.262644] libphy: Fixed MDIO Bus: probed
[    1.266739] CAN device driver interface
[    1.270667] igb: Intel(R) Gigabit Ethernet Network Driver - version 5.4.0-k
[    1.277642] igb: Copyright (c) 2007-2014 Intel Corporation.
[    1.283350] pegasus: v0.9.3 (2013/04/25), Pegasus/Pegasus II USB Ethernet driver
[    1.290828] usbcore: registered new interface driver pegasus
[    1.296555] usbcore: registered new interface driver asix
[    1.302044] usbcore: registered new interface driver ax88179_178a
[    1.308209] usbcore: registered new interface driver cdc_ether
[    1.314100] usbcore: registered new interface driver smsc75xx
[    1.319932] usbcore: registered new interface driver smsc95xx
[    1.325736] usbcore: registered new interface driver net1080
[    1.331466] usbcore: registered new interface driver cdc_subset
[    1.337457] usbcore: registered new interface driver zaurus
[    1.343095] usbcore: registered new interface driver cdc_ncm
[    1.349011] tegra-phy 7d000000.usb-phy: no vbus regulator
[    1.354872] ehci_hcd: USB 2.0 'Enhanced' Host Controller (EHCI) Driver
[    1.361419] ehci-pci: EHCI PCI platform driver
[    1.365926] tegra-ehci: Tegra EHCI driver
[    1.370619] usbcore: registered new interface driver cdc_acm
[    1.376271] cdc_acm: USB Abstract Control Model driver for USB modems and ISDN adapters
[    1.384341] usbcore: registered new interface driver cdc_wdm
[    1.390089] usbcore: registered new interface driver usb-storage
[    1.408185] palmas-rtc 7000d000.i2c:tps65913@58:rtc: rtc core: registered 7000d000.i2c:tps65913@58:rtc as rtc0
[    1.419732] tegra_rtc 7000e000.rtc: rtc core: registered 7000e000.rtc as rtc1
[    1.426940] tegra_rtc 7000e000.rtc: Tegra internal Real Time Clock
[    1.433426] i2c /dev entries driver
[    1.437884] usbcore: registered new interface driver uvcvideo
[    1.443623] USB Video Class driver (1.1.1)
[    1.447739] gspca_main: v2.14.0 registered
[    1.452765] sbs-battery 0-000b: sbs_probe: Failed to get device status
[    1.459324] sbs-battery: probe of 0-000b failed with error -121
[    1.470510] tegra-wdt 60005000.timer: initialized (heartbeat = 120 sec, nowayout = 0)
[    1.479114] sdhci: Secure Digital Host Controller Interface driver
[    1.485287] sdhci: Copyright(c) Pierre Ossman
[    1.489658] sdhci-pltfm: SDHCI platform and OF driver helper
[    1.495608] sdhci-tegra 78000400.sdhci: Got CD GPIO
[    1.500526] sdhci-tegra 78000400.sdhci: Got WP GPIO
[    1.513647] mmc0: Invalid maximum block size, assuming 512 bytes
[    1.550957] mmc0: SDHCI controller on 78000400.sdhci [78000400.sdhci] using ADMA
[    1.565808] mmc1: Invalid maximum block size, assuming 512 bytes
[    1.600821] mmc1: SDHCI controller on 78000600.sdhci [78000600.sdhci] using ADMA
[    1.609213] usbcore: registered new interface driver usbhid
[    1.614816] usbhid: USB HID core driver
[    1.658187] mmc1: new high speed MMC card at address 0001
[    1.669575] mmcblk1: mmc1:0001 SEM32G 29.1 GiB 
[    1.677070] mmc0: new high speed SDHC card at address aaaa
[    1.689405] mmcblk1boot0: mmc1:0001 SEM32G partition 1 4.00 MiB
[    1.697917] mmcblk0: mmc0:aaaa SL16G 14.8 GiB 
[    1.706584] mmcblk1boot1: mmc1:0001 SEM32G partition 2 4.00 MiB
[    1.712781] mmcblk1rpmb: mmc1:0001 SEM32G partition 3 4.00 MiB, chardev (247:0)
[    1.723704]  mmcblk1: p1 p2 p3 p4 p5 p6 p7 p8
[    1.730710]  mmcblk0: p1 p2 p3
[    2.050710] tegra30-i2s 70080400.i2s: DMA channels sourced from device 70080000.ahub
[    2.067339] tegra-snd-rt5640 sound: rt5640-aif1 <-> 70080400.i2s mapping ok
[    2.078943] input: NVIDIA Tegra Dalmore Headphones as /devices/soc0/sound/sound/card0/input0
[    2.089795] NET: Registered protocol family 10
[    2.095639] Segment Routing with IPv6
[    2.099510] mip6: Mobile IPv6
[    2.102478] sit: IPv6, IPv4 and MPLS over IPv4 tunneling driver
[    2.109966] NET: Registered protocol family 17
[    2.114423] NET: Registered protocol family 15
[    2.118883] can: controller area network core (rev 20170425 abi 9)
[    2.125270] NET: Registered protocol family 29
[    2.129730] can: raw protocol (rev 20170425)
[    2.133994] can: broadcast manager protocol (rev 20170425 t)
[    2.139671] can: netlink gateway (rev 20170425) max_hops=1
[    2.145357] Bluetooth: RFCOMM socket layer initialized
[    2.150534] Bluetooth: RFCOMM ver 1.11
[    2.154303] Bluetooth: BNEP (Ethernet Emulation) ver 1.3
[    2.159631] Bluetooth: BNEP socket layer initialized
[    2.164590] Bluetooth: HIDP (Human Interface Emulation) ver 1.2
[    2.170526] Bluetooth: HIDP socket layer initialized
[    2.175690] Key type dns_resolver registered
[    2.180470] Registering SWP/SWPB emulation handler
[    2.186076] Loading compiled-in X.509 certificates
[    2.210332] usb1_vbus: supplied by vdd-sys-5v0
[    2.215415] usb2_vbus: supplied by vdd-sys-5v0
[    2.221601] VDD_5V0_HDMI_CON: supplied by vdd-sys-5v0
[    2.230940] [drm] Supports vblank timestamp caching Rev 2 (21.10.2013).
[    2.237623] [drm] No driver support for vblank timestamp query.
[    2.339247] Console: switching to colour frame buffer device 240x75
[    2.377767] drm drm: fb0:  frame buffer device
[    2.382381] [drm] Initialized tegra 0.0.0 20120330 for drm on minor 0
[    2.390006] tegra-ehci 7d008000.usb: EHCI Host Controller
[    2.395427] tegra-ehci 7d008000.usb: new USB bus registered, assigned bus number 1
[    2.403294] alloc_contig_range: [fbc4b, fbc4c) PFNs busy
[    2.408808] alloc_contig_range: [fbc60, fbc61) PFNs busy
[    2.414295] alloc_contig_range: [fbc61, fbc62) PFNs busy
[    2.419813] alloc_contig_range: [fbc62, fbc63) PFNs busy
[    2.425297] alloc_contig_range: [fbc63, fbc64) PFNs busy
[    2.430806] alloc_contig_range: [fbc64, fbc65) PFNs busy
[    2.436302] alloc_contig_range: [fbc65, fbc66) PFNs busy
[    2.441810] alloc_contig_range: [fbc66, fbc67) PFNs busy
[    2.447318] alloc_contig_range: [fbc67, fbc68) PFNs busy
[    2.452813] alloc_contig_range: [fbc68, fbc69) PFNs busy
[    2.947211] tegra-ehci 7d008000.usb: irq 340, io mem 0x7d008000
[    2.977035] tegra-ehci 7d008000.usb: USB 2.0 started, EHCI 1.10
[    2.984257] hub 1-0:1.0: USB hub found
[    2.988148] hub 1-0:1.0: 1 port detected
[    2.993419] input: gpio-keys as /devices/soc0/gpio-keys/input/input1
[    3.002283] palmas-rtc 7000d000.i2c:tps65913@58:rtc: setting system clock to 2000-06-29 18:37:03 UTC (962303823)
[    3.012789] cfg80211: Loading compiled-in X.509 certificates for regulatory database
[    3.023911] cfg80211: Loaded X.509 cert 'sforshee: 00b28ddf47aef9cea7'
[    3.030760] platform regulatory.0: Direct firmware load for regulatory.db failed with error -2
[    3.039466] cfg80211: failed to load regulatory.db
[    3.046321] dvdd_ts: disabling
[    3.049451] usb1_vbus: disabling
[    3.052693] vdd_cam_1v8_reg: disabling
[    3.056443] ALSA device list:
[    3.059525]   #0: NVIDIA Tegra Dalmore
[    3.064825] EXT4-fs (mmcblk1p1): mounting ext3 file system using the ext4 subsystem
[    3.087655] EXT4-fs (mmcblk1p1): recovery complete
[    3.092461] EXT4-fs (mmcblk1p1): mounted filesystem with ordered data mode. Opts: (null)
[    3.100680] VFS: Mounted root (ext3 filesystem) on device 179:1.
[    3.112872] devtmpfs: mounted
[    3.116876] Freeing unused kernel memory: 1024K
bash: cannot set terminal process group (-1): Inappropriate ioctl for device
bash: no job control in this shell
root@(none):/# [    3.367052] usb 1-1: new high-speed USB device number 2 using tegra-ehci
mount -t sysfs none /sys
[    4.052774] asix 1-1:1.0 eth0: register 'asix' at usb-7d008000.usb-1, ASIX AX88772 USB 2.0 Ethernet, 00:50:b6:0d:b5:16
root@(none):/# 
root@(none):/# mount -t debugfs none /sys/kernel/debug
root@(none):/# 
root@(none):/# rtcwake -d rtc1 -m mem -s 3
rtcwake: assuming RTC uses UTC ...
rtcwake: wakeup from "mem" using /dev/rtc1 at Thu Jan  1 00:00:21 1970
[    6.187887] PM: suspend entry (deep)
[    6.191470] PM: Syncing filesystems ... done.
[    6.198440] Freezing user space processes ... (elapsed 0.008 seconds) done.
[    6.207207] OOM killer disabled.
[    6.207212] Freezing remaining freezable tasks ... (elapsed 0.001 seconds) done.
[    6.208586] Suspending console(s) (use no_console_suspend to debug)
[    6.334949] Disabling non-boot CPUs ...
[    6.527260] IRQ17 no longer affine to CPU3
[    6.528564] Entering suspend state LP1
[    6.528610] Enabling non-boot CPUs ...
[    6.530338] CPU1 is up
[    6.532002] CPU2 is up
[    6.533830] CPU3 is up
[    7.173208] OOM killer enabled.
[    7.176342] Restarting tasks ... done.
root@(none):/# 
root@(none):/# [    7.181026] PM: suspend exit
rtcwake -d rtc1 -m mem -s 3
rtcwake: assuming RTC uses UTC ...
rtcwake: wakeup from "mem" using /dev/rtc1 at Thu Jan  1 00:00:30 1970
[    8.302208] PM: suspend entry (deep)
[    8.305804] PM: Syncing filesystems ... done.
[    8.311292] Freezing user space processes ... (elapsed 0.001 seconds) done.
[    8.312603] OOM killer disabled.
[    8.312608] Freezing remaining freezable tasks ... (elapsed 0.001 seconds) done.
[    8.313971] Suspending console(s) (use no_console_suspend to debug)
[    8.455417] Disabling non-boot CPUs ...
[    8.587287] IRQ17 no longer affine to CPU2
[    8.648232] Entering suspend state LP1
[    8.648278] Enabling non-boot CPUs ...
[    8.650030] CPU1 is up
[    8.651710] CPU2 is up
[    8.653563] CPU3 is up
[    9.300952] OOM killer enabled.
[    9.304087] Restarting tasks ... done.
root@(none):/# 
root@(none):/# [    9.308754] PM: suspend exit
rtcwake -d rtc1 -m mem -s 3
rtcwake: assuming RTC uses UTC ...
rtcwake: wakeup from "mem" using /dev/rtc1 at Thu Jan  1 00:00:40 1970
[    9.832241] PM: suspend entry (deep)
[    9.835827] PM: Syncing filesystems ... done.
[    9.841627] Freezing user space processes ... (elapsed 0.001 seconds) done.
[    9.842965] OOM killer disabled.
[    9.842970] Freezing remaining freezable tasks ... (elapsed 0.001 seconds) done.
[    9.844339] Suspending console(s) (use no_console_suspend to debug)
[    9.994565] Disabling non-boot CPUs ...
[   10.047268] IRQ17 no longer affine to CPU1
[   10.168157] Entering suspend state LP1
[   10.168203] Enabling non-boot CPUs ...
[   10.169956] CPU1 is up
[   10.171629] CPU2 is up
[   10.173468] CPU3 is up
[   10.813464] OOM killer enabled.
[   10.816600] Restarting tasks ... done.
root@(none):/# 
root@(none):/# [   10.821236] PM: suspend exit
rtcwake -d rtc1 -m mem -s 3
rtcwake: assuming RTC uses UTC ...
rtcwake: wakeup from "mem" using /dev/rtc1 at Thu Jan  1 00:00:49 1970
[   11.940110] PM: suspend entry (deep)
[   11.943699] PM: Syncing filesystems ... done.
[   11.949207] Freezing user space processes ... (elapsed 0.001 seconds) done.
[   11.950521] OOM killer disabled.
[   11.950526] Freezing remaining freezable tasks ... (elapsed 0.001 seconds) done.
[   11.951867] Suspending console(s) (use no_console_suspend to debug)
[   12.094762] Disabling non-boot CPUs ...
[   12.227196] IRQ17 no longer affine to CPU2
[   12.308258] Entering suspend state LP1
[   12.308305] Enabling non-boot CPUs ...
[   12.310078] CPU1 is up
[   12.311760] CPU2 is up
[   12.313610] CPU3 is up
[   12.953765] OOM killer enabled.
[   12.956918] Restarting tasks ... done.
root@(none):/# 
root@(none):/# [   12.961536] PM: suspend exit
rtcwake -d rtc1 -m mem -s 3
rtcwake: assuming RTC uses UTC ...
rtcwake: wakeup from "mem" using /dev/rtc1 at Thu Jan  1 00:00:59 1970
[   13.504118] PM: suspend entry (deep)
[   13.507738] PM: Syncing filesystems ... done.
[   13.513189] Freezing user space processes ... (elapsed 0.001 seconds) done.
[   13.514502] OOM killer disabled.
[   13.514507] Freezing remaining freezable tasks ... (elapsed 0.001 seconds) done.
[   13.515862] Suspending console(s) (use no_console_suspend to debug)
[   13.654453] Disabling non-boot CPUs ...
[   13.707187] IRQ17 no longer affine to CPU1
[   13.828063] Entering suspend state LP1
[   13.828109] Enabling non-boot CPUs ...
[   13.829867] CPU1 is up
[   13.831538] CPU2 is up
[   13.833383] CPU3 is up
[   14.481048] OOM killer enabled.
[   14.484190] Restarting tasks ... done.
root@(none):/# 
root@(none):/# [   14.488899] PM: suspend exit
rtcwake -d rtc1 -m mem -s 3
rtcwake: assuming RTC uses UTC ...
rtcwake: wakeup from "mem" using /dev/rtc1 at Thu Jan  1 00:01:08 1970
[   15.599247] PM: suspend entry (deep)
[   15.602826] PM: Syncing filesystems ... done.
[   15.608323] Freezing user space processes ... (elapsed 0.001 seconds) done.
[   15.609629] OOM killer disabled.
[   15.609634] Freezing remaining freezable tasks ... (elapsed 0.001 seconds) done.
[   15.611001] Suspending console(s) (use no_console_suspend to debug)
[   15.755084] Disabling non-boot CPUs ...
[   15.867120] IRQ17 no longer affine to CPU2
[   15.928025] Entering suspend state LP1
[   15.928072] Enabling non-boot CPUs ...
[   15.929841] CPU1 is up
[   15.931525] CPU2 is up
[   15.933380] CPU3 is up
[   16.573160] OOM killer enabled.
[   16.576294] Restarting tasks ... done.
root@(none):/# 
root@(none):/# [   16.581006] PM: suspend exit
rtcwake -d rtc1 -m mem -s 3
rtcwake: assuming RTC uses UTC ...
rtcwake: wakeup from "mem" using /dev/rtc1 at Thu Jan  1 00:01:18 1970
[   17.119958] PM: suspend entry (deep)
[   17.123536] PM: Syncing filesystems ... done.
[   17.128735] Freezing user space processes ... (elapsed 0.001 seconds) done.
[   17.130050] OOM killer disabled.
[   17.130055] Freezing remaining freezable tasks ... (elapsed 0.001 seconds) done.
[   17.131409] Suspending console(s) (use no_console_suspend to debug)
[   17.275225] Disabling non-boot CPUs ...
[   17.387085] IRQ17 no longer affine to CPU2
[   17.448191] Entering suspend state LP1
[   17.448238] Enabling non-boot CPUs ...
[   17.450002] CPU1 is up
[   17.451673] CPU2 is up
[   17.453519] CPU3 is up
[   18.092199] OOM killer enabled.
[   18.095334] Restarting tasks ... done.
root@(none):/# 
root@(none):/# [   18.100034] PM: suspend exit
rtcwake -d rtc1 -m mem -s 3
rtcwake: assuming RTC uses UTC ...
rtcwake: wakeup from "mem" using /dev/rtc1 at Thu Jan  1 00:01:27 1970
[   19.221003] PM: suspend entry (deep)
[   19.224583] PM: Syncing filesystems ... done.
[   19.229763] Freezing user space processes ... (elapsed 0.001 seconds) done.
[   19.231080] OOM killer disabled.
[   19.231085] Freezing remaining freezable tasks ... (elapsed 0.001 seconds) done.
[   19.232455] Suspending console(s) (use no_console_suspend to debug)
[   19.374387] Disabling non-boot CPUs ...
[   19.487040] IRQ17 no longer affine to CPU2
[   19.547928] Entering suspend state LP1
[   19.547974] Enabling non-boot CPUs ...
[   19.549737] CPU1 is up
[   19.551408] CPU2 is up
[   19.553251] CPU3 is up
[   20.193207] OOM killer enabled.
[   20.196343] Restarting tasks ... done.
root@(none):/# 
root@(none):/# [   20.201213] PM: suspend exit
rtcwake -d rtc1 -m mem -s 3
rtcwake: assuming RTC uses UTC ...
rtcwake: wakeup from "mem" using /dev/rtc1 at Thu Jan  1 00:01:37 1970
[   20.739850] PM: suspend entry (deep)
[   20.743429] PM: Syncing filesystems ... done.
[   20.748529] Freezing user space processes ... (elapsed 0.001 seconds) done.
[   20.749832] OOM killer disabled.
[   20.749837] Freezing remaining freezable tasks ... (elapsed 0.001 seconds) done.
[   20.751210] Suspending console(s) (use no_console_suspend to debug)
[   20.894150] Disabling non-boot CPUs ...
[   20.947017] IRQ17 no longer affine to CPU1
[   21.067902] Entering suspend state LP1
[   21.067948] Enabling non-boot CPUs ...
[   21.069710] CPU1 is up
[   21.071388] CPU2 is up
[   21.073229] CPU3 is up
[   21.713341] OOM killer enabled.
[   21.716475] Restarting tasks ... done.
root@(none):/# 
root@(none):/# [   21.721224] PM: suspend exit
rtcwake -d rtc1 -m mem -s 3
rtcwake: assuming RTC uses UTC ...
rtcwake: wakeup from "mem" using /dev/rtc1 at Thu Jan  1 00:01:46 1970
[   22.840190] PM: suspend entry (deep)
[   22.843769] PM: Syncing filesystems ... done.
[   22.849262] Freezing user space processes ... (elapsed 0.001 seconds) done.
[   22.850577] OOM killer disabled.
[   22.850582] Freezing remaining freezable tasks ... (elapsed 0.001 seconds) done.
[   22.851946] Suspending console(s) (use no_console_suspend to debug)
[   22.994422] Disabling non-boot CPUs ...
[   23.106959] IRQ17 no longer affine to CPU2
[   23.167855] Entering suspend state LP1
[   23.167901] Enabling non-boot CPUs ...
[   23.169672] CPU1 is up
[   23.171354] CPU2 is up
[   23.173215] CPU3 is up
[   23.813342] OOM killer enabled.
[   23.816493] Restarting tasks ... done.
root@(none):/# 
root@(none):/# [   23.821119] PM: suspend exit
NVTB SYSTEM SUSPEND TEST COMPLETE
