

U-Boot 2011.03 (Jun 11 2013 - 06:07:37)

T114
Board: NVIDIA Dalmore
DRAM:  2 GiB
MMC:   Tegra2 SD/MMC: 0, Tegra2 SD/MMC: 1
In:    serial
Out:   serial
Err:   serial
Net:   Net Initialization Skipped
No ethernet found.
Hit any key to stop autoboot:  2  0 
Dalmore #
Dalmore #usb reset
(Re)start USB...
USB:   Register 10011 NbrPorts 1
USB EHCI 1.10
scanning bus for devices... 2 USB Device(s) found
       scanning bus for storage devices... 0 Storage Device(s) found
       scanning bus for ethernet devices... 1 Ethernet Device(s) found
Dalmore #setenv bootargs 'ignore_loglevel console=ttyS0,115200n8 rw root=/dev/mmcblk0p1 rootwait gpt init=/bin/bash'
Dalmore #setenv ipaddr 192.168.100.100; setenv serverip 192.168.100.1; setenv tftpserverip 192.168.100.1
Dalmore #tftpboot 0x81000000 zImage.tegra_defconfig%tegra114_mergeconfig
Waiting for Ethernet connection... done.
Using asx0 device
TFTP from server 192.168.100.1; our IP address is 192.168.100.100
Filename 'zImage.tegra_defconfig%tegra114_mergeconfig'.
Load address: 0x81000000
Loading: *#################################################  2.9 MiB/s
done
Bytes transferred = 4444960 (43d320 hex)
Dalmore #tftpboot 0x82000000 tegra114-dalmore.dtb
Using asx0 device
TFTP from server 192.168.100.1; our IP address is 192.168.100.100
Filename 'tegra114-dalmore.dtb'.
Load address: 0x82000000
Loading: *#################################################  2.3 MiB/s
done
Bytes transferred = 29436 (72fc hex)
Dalmore #bootz 0x81000000 - 0x82000000
## Flattened Device Tree blob at 82000000
   Booting using the fdt blob at 0x82000000
   Loading Device Tree to 81ff5000, end 81fff2fb ... OK

Starting kernel ...

Timer summary in microseconds:
       Mark    Elapsed  Stage
          0          0  awake
  2,474,678  2,474,678  usb_start
  6,479,963  4,005,285  eth_start
  6,479,961         -2  tftp start
 10,402,802  3,922,841  tftp done
 12,490,837  2,088,035  start_kernel
Uncompressing Linux... done, booting the kernel.
[    0.000000] Booting Linux on physical CPU 0x0
[    0.000000] Initializing cgroup subsys cpu
[    0.000000] Initializing cgroup subsys cpuacct
[    0.000000] Linux version 3.12.0-rc1-11242-ge03b49d (pwalmsley@kaivo) (gcc version 4.5.1 (Sourcery G++ Lite 2010.09-50) ) #1 SMP PREEMPT Thu Oct 17 05:40:18 PDT 2013
[    0.000000] CPU: ARMv7 Processor [412fc0f2] revision 2 (ARMv7), cr=10c5387d
[    0.000000] CPU: PIPT / VIPT nonaliasing data cache, PIPT instruction cache
[    0.000000] Machine: NVIDIA Tegra SoC (Flattened Device Tree), model: NVIDIA Tegra114 Dalmore evaluation board
[    0.000000] debug: ignoring loglevel setting.
[    0.000000] cma: CMA: reserved 16 MiB at ae800000
[    0.000000] Memory policy: ECC disabled, Data cache writealloc
[    0.000000] On node 0 totalpages: 524032
[    0.000000] free_area_init_node: node 0, pgdat c082ca80, node_mem_map c0884000
[    0.000000]   Normal zone: 1520 pages used for memmap
[    0.000000]   Normal zone: 0 pages reserved
[    0.000000]   Normal zone: 194560 pages, LIFO batch:31
[    0.000000]   HighMem zone: 2574 pages used for memmap
[    0.000000]   HighMem zone: 329472 pages, LIFO batch:31
[    0.000000] Tegra Revision: A01 SKU: 0 CPU Process: 1 Core Process: 1
[    0.000000] PERCPU: Embedded 8 pages/cpu @c189c000 s9024 r8192 d15552 u32768
[    0.000000] pcpu-alloc: s9024 r8192 d15552 u32768 alloc=8*4096
[    0.000000] pcpu-alloc: [0] 0 [0] 1 [0] 2 [0] 3 
[    0.000000] Built 1 zonelists in Zone order, mobility grouping on.  Total pages: 522512
[    0.000000] Kernel command line: ignore_loglevel console=ttyS0,115200n8 rw root=/dev/mmcblk0p1 rootwait gpt init=/bin/bash
[    0.000000] PID hash table entries: 4096 (order: 2, 16384 bytes)
[    0.000000] Dentry cache hash table entries: 131072 (order: 7, 524288 bytes)
[    0.000000] Inode-cache hash table entries: 65536 (order: 6, 262144 bytes)
[    0.000000] Memory: 2053536K/2096128K available (6091K kernel code, 280K rwdata, 1740K rodata, 220K init, 340K bss, 42592K reserved, 1317888K highmem)
[    0.000000] Virtual kernel memory layout:
[    0.000000]     vector  : 0xffff0000 - 0xffff1000   (   4 kB)
[    0.000000]     fixmap  : 0xfff00000 - 0xfffe0000   ( 896 kB)
[    0.000000]     vmalloc : 0xf0000000 - 0xff000000   ( 240 MB)
[    0.000000]     lowmem  : 0xc0000000 - 0xef800000   ( 760 MB)
[    0.000000]     pkmap   : 0xbfe00000 - 0xc0000000   (   2 MB)
[    0.000000]     modules : 0xbf000000 - 0xbfe00000   (  14 MB)
[    0.000000]       .text : 0xc0008000 - 0xc07ae1ec   (7833 kB)
[    0.000000]       .init : 0xc07af000 - 0xc07e6340   ( 221 kB)
[    0.000000]       .data : 0xc07e8000 - 0xc082e0c0   ( 281 kB)
[    0.000000]        .bss : 0xc082e0cc - 0xc08833dc   ( 341 kB)
[    0.000000] Preemptible hierarchical RCU implementation.
[    0.000000] NR_IRQS:16 nr_irqs:16 16
[    0.000000] sched_clock: 32 bits at 1000kHz, resolution 1000ns, wraps every 4294967ms
[    0.000000] Architected cp15 timer(s) running at 12.00MHz (virt).
[    0.000000] Switching to timer-based delay loop
[    0.000000] sched_clock: ARM arch timer >56 bits at 12000kHz, resolution 83ns
[    0.000000] Console: colour dummy device 80x30
[   12.498407] Calibrating delay loop (skipped), value calculated using timer frequency.. 24.00 BogoMIPS (lpj=120000)
[   12.498424] pid_max: default: 32768 minimum: 301
[   12.498867] Mount-cache hash table entries: 512
[   12.518088] Initializing cgroup subsys debug
[   12.518107] Initializing cgroup subsys freezer
[   12.518165] CPU: Testing write buffer coherency: ok
[   12.518515] /cpus/cpu@0 missing clock-frequency property
[   12.518543] /cpus/cpu@1 missing clock-frequency property
[   12.518569] /cpus/cpu@2 missing clock-frequency property
[   12.518596] /cpus/cpu@3 missing clock-frequency property
[   12.518609] CPU0: thread -1, cpu 0, socket 0, mpidr 80000000
[   12.518637] Setting up static identity map for 0xc05caf50 - 0xc05cafe8
[   12.578323] CPU1: Booted secondary processor
[   12.578352] CPU1: thread -1, cpu 1, socket 0, mpidr 80000001
[   12.598220] CPU2: Booted secondary processor
[   12.598245] CPU2: thread -1, cpu 2, socket 0, mpidr 80000002
[   12.618178] CPU3: Booted secondary processor
[   12.618204] CPU3: thread -1, cpu 3, socket 0, mpidr 80000003
[   12.618310] Brought up 4 CPUs
[   12.618338] SMP: Total of 4 processors activated.
[   12.618346] CPU: All CPU(s) started in SVC mode.
[   12.619362] devtmpfs: initialized
[   12.632618] VFP support v0.3: implementor 41 architecture 4 part 30 variant f rev 0
[   12.632998] pinctrl core: initialized pinctrl subsystem
[   12.633524] regulator-dummy: no parameters
[   12.636540] NET: Registered protocol family 16
[   12.637877] DMA: preallocated 256 KiB pool for atomic coherent allocations
[   12.638657] cpuidle: using governor ladder
[   12.638668] cpuidle: using governor menu
[   12.649723] No ATAGs?
[   12.649753] hw-breakpoint: found 5 (+1 reserved) breakpoint and 4 watchpoint registers.
[   12.649763] hw-breakpoint: maximum watchpoint size is 8 bytes.
[   12.660747] bio: create slab <bio-0> at 0
[   12.662182] vdd_ac_bat: 5000 mV 
[   12.662585] dvdd_ts: Failed to request enable GPIO61: -517
[   12.662744] reg-fixed-voltage 1.regulator: Failed to register regulator: -517
[   12.662771] platform 1.regulator: Driver reg-fixed-voltage requests probe deferral
[   12.662970] lcd_bl_en: Failed to request enable GPIO58: -517
[   12.663113] reg-fixed-voltage 2.regulator: Failed to register regulator: -517
[   12.663137] platform 2.regulator: Driver reg-fixed-voltage requests probe deferral
[   12.663334] usb1_vbus: Failed to request enable GPIO108: -517
[   12.663476] reg-fixed-voltage 3.regulator: Failed to register regulator: -517
[   12.663500] platform 3.regulator: Driver reg-fixed-voltage requests probe deferral
[   12.663697] usb2_vbus: Failed to request enable GPIO86: -517
[   12.663839] reg-fixed-voltage 4.regulator: Failed to register regulator: -517
[   12.663863] platform 4.regulator: Driver reg-fixed-voltage requests probe deferral
[   12.664058] vdd_hdmi_5v0: Failed to request enable GPIO81: -517
[   12.664197] reg-fixed-voltage 5.regulator: Failed to register regulator: -517
[   12.664220] platform 5.regulator: Driver reg-fixed-voltage requests probe deferral
[   12.664299] platform 6.regulator: Driver reg-fixed-voltage requests probe deferral
[   12.665324] vgaarb: loaded
[   12.666405] SCSI subsystem initialized
[   12.666773] usbcore: registered new interface driver usbfs
[   12.666865] usbcore: registered new interface driver hub
[   12.667023] usbcore: registered new device driver usb
[   12.671294] vdd-cpu: 500 <--> 1520 mV at 1100 mV 
[   12.671906] tps65090 1-0048: No cache defaults, reading back from HW
[   12.678272] vdd-sys-5v0: no parameters
[   12.678324] vdd-sys-5v0: supplied by vdd_ac_bat
[   12.679783] vdd-sys-3v3: no parameters
[   12.679833] vdd-sys-3v3: supplied by vdd_ac_bat
[   12.681261] vdd-ao: no parameters
[   12.681298] vdd-ao: supplied by vdd_ac_bat
[   12.681551] vdd-lcd-bl: no parameters
[   12.681588] vdd-lcd-bl: supplied by vdd_ac_bat
[   12.681836] TPS65090_RAILSFET2: no parameters
[   12.681872] TPS65090_RAILSFET2: supplied by vdd_ac_bat
[   12.682115] vdd-modem-3v3: no parameters
[   12.682150] vdd-modem-3v3: supplied by vdd-sys-3v3
[   12.682410] avdd-lcd: no parameters
[   12.682444] avdd-lcd: supplied by vdd-sys-3v3
[   12.682695] vdd-lvds: no parameters
[   12.682728] vdd-lvds: supplied by vdd-sys-3v3
[   12.682972] vdd-sd-slot: no parameters
[   12.683016] vdd-sd-slot: supplied by vdd-sys-3v3
[   12.683283] vdd-com-3v3: no parameters
[   12.683318] vdd-com-3v3: supplied by vdd-sys-3v3
[   12.683554] vdd-sby-5v0: no parameters
[   12.683587] vdd-sby-5v0: supplied by vdd_ac_bat
[   12.683838] vdd-sby-3v3: no parameters
[   12.683872] vdd-sby-3v3: supplied by vdd_ac_bat
[   12.684247] genirq: Setting trigger mode 8 for irq 118 failed (gic_set_type+0x0/0xf0)
[   12.684677] palmas 1-0058: Irq flag is 0x00000000
[   12.698972] palmas 1-0058: Muxing GPIO ff, PWM 0, LED 0
[   12.707921] vddio-ddr: 1350 mV 
[   12.708765] vddio-ddr: supplied by vdd-ao
[   12.715724] vddio-1v8: 1800 mV 
[   12.716563] vddio-1v8: supplied by vdd-ao
[   12.723496] vdd-core: 900 <--> 1400 mV at 1100 mV 
[   12.724336] vdd-core: supplied by vdd-sys-3v3
[   12.728535] SMPS6: no parameters
[   12.736234] avdd-pll: 1050 mV 
[   12.737087] avdd-pll: supplied by vdd-sys-3v3
[   12.745401] sdhci-vdd-sd-slot: 2800 mV 
[   12.746241] sdhci-vdd-sd-slot: supplied by vdd-sys-3v3
[   12.748084] SMPS10_OUT2: at 5000 mV 
[   12.749900] SMPS10_OUT1: at 5000 mV 
[   12.752519] avdd-cam1: 2800 mV 
[   12.753358] avdd-cam1: supplied by vdd-sys-3v3
[   12.757383] avdd-cam2: 2800 mV 
[   12.758220] avdd-cam2: supplied by vdd-sys-3v3
[   12.762986] avdd-dsi-csi: 1200 mV 
[   12.763824] avdd-dsi-csi: supplied by vddio-1v8
[   12.768636] vpp-fuse: 1800 mV 
[   12.769473] vpp-fuse: supplied by vdd-sys-3v3
[   12.772687] LDO5: at 1200 mV 
[   12.773531] LDO5: supplied by vdd_ac_bat
[   12.776191] vdd-sensor-2v85: 2850 mV 
[   12.777030] vdd-sensor-2v85: supplied by vdd-sys-3v3
[   12.781031] vdd-af-cam1: 2800 mV 
[   12.781871] vdd-af-cam1: supplied by vdd-sys-3v3
[   12.789975] vdd-rtc: 900 mV 
[   12.790813] vdd-rtc: supplied by vdd-ao
[   12.794808] vddio-sdmmc-2: 1800 <--> 3300 mV at 3300 mV 
[   12.795647] vddio-sdmmc-2: supplied by sdhci-vdd-sd-slot
[   12.800451] hvdd-usb: 3300 mV 
[   12.801289] hvdd-usb: supplied by vdd-sys-5v0
[   12.806063] avdd-usb: 3300 mV 
[   12.806905] avdd-usb: supplied by vdd-sys-5v0
[   12.810193] rail-3v3: no parameters
[   12.812567] rail-5v0: no parameters
[   12.814148] REGEN3: no parameters
[   12.814363] SYSEN1: no parameters
[   12.814552] SYSEN2: no parameters
[   12.815176] Linux video capture interface: v2.00
[   12.815765] platform 7000f010.iommu: Driver tegra-smmu requests probe deferral
[   12.816079] Advanced Linux Sound Architecture Driver Initialized.
[   12.816865] Bluetooth: Core ver 2.16
[   12.816939] NET: Registered protocol family 31
[   12.816948] Bluetooth: HCI device and connection manager initialized
[   12.816973] Bluetooth: HCI socket layer initialized
[   12.816995] Bluetooth: L2CAP socket layer initialized
[   12.817043] Bluetooth: SCO socket layer initialized
[   12.817774] cfg80211: Calling CRDA to update world regulatory domain
[   12.818788] Switched to clocksource arch_sys_counter
[   12.832706] NET: Registered protocol family 2
[   12.833629] TCP established hash table entries: 8192 (order: 4, 65536 bytes)
[   12.833826] TCP bind hash table entries: 8192 (order: 4, 65536 bytes)
[   12.834003] TCP: Hash tables configured (established 8192 bind 8192)
[   12.834457] TCP: reno registered
[   12.834474] UDP hash table entries: 512 (order: 2, 16384 bytes)
[   12.834515] UDP-Lite hash table entries: 512 (order: 2, 16384 bytes)
[   12.834935] NET: Registered protocol family 1
[   12.835640] RPC: Registered named UNIX socket transport module.
[   12.835651] RPC: Registered udp transport module.
[   12.835658] RPC: Registered tcp transport module.
[   12.835665] RPC: Registered tcp NFSv4.1 backchannel transport module.
[   12.835677] PCI: CLS 0 bytes, default 64
[   12.839311] bounce pool size: 64 pages
[   12.840977] squashfs: version 4.0 (2009/01/31) Phillip Lougher
[   12.841797] msgmni has been set to 1468
[   12.843481] io scheduler noop registered (default)
[   12.867054] tegra-apbdma 6000a000.dma: Tegra20 APB DMA driver register 32 channels
[   12.867611] Serial: 8250/16550 driver, 4 ports, IRQ sharing disabled
[   12.869739] 70006300.serial: ttyS0 at MMIO 0x70006300 (irq = 122, base_baud = 25500000) is a Tegra
[   13.896750] console [ttyS0] enabled
[   13.901098] [drm] Initialized drm 1.1.0 20060810
[   13.911520] loop: module loaded
[   13.917555] m25p80 spi32766.0: w25q32dw (4096 Kbytes)
[   13.924495] pegasus: v0.9.3 (2013/04/25), Pegasus/Pegasus II USB Ethernet driver
[   13.931929] usbcore: registered new interface driver pegasus
[   13.937681] usbcore: registered new interface driver asix
[   13.943114] usbcore: registered new interface driver ax88179_178a
[   13.949261] usbcore: registered new interface driver cdc_ether
[   13.955143] usbcore: registered new interface driver r815x
[   13.960689] usbcore: registered new interface driver smsc75xx
[   13.966502] usbcore: registered new interface driver smsc95xx
[   13.972292] usbcore: registered new interface driver net1080
[   13.978009] usbcore: registered new interface driver cdc_subset
[   13.983957] usbcore: registered new interface driver zaurus
[   13.989623] usbcore: registered new interface driver cdc_ncm
[   13.995306] ehci_hcd: USB 2.0 'Enhanced' Host Controller (EHCI) Driver
[   14.001795] ehci-pci: EHCI PCI platform driver
[   14.006298] tegra-ehci: Tegra EHCI driver
[   14.010487] platform 7d008000.usb: Driver tegra-ehci requests probe deferral
[   14.017801] usbcore: registered new interface driver cdc_acm
[   14.023427] cdc_acm: USB Abstract Control Model driver for USB modems and ISDN adapters
[   14.031468] usbcore: registered new interface driver cdc_wdm
[   14.037203] usbcore: registered new interface driver usb-storage
[   14.043421] platform 7d008000.usb-phy: Driver tegra-phy requests probe deferral
[   14.051301] mousedev: PS/2 mouse device common for all mice
[   14.068956] palmas-rtc rtc.7: rtc core: registered rtc.7 as rtc0
[   14.079336] tegra_rtc 7000e000.rtc: rtc core: registered 7000e000.rtc as rtc1
[   14.086480] tegra_rtc 7000e000.rtc: Tegra internal Real Time Clock
[   14.094028] sbs-battery 0-000b: sbs_probe: Failed to get device status
[   14.100532] sbs-battery: probe of 0-000b failed with error -121
[   14.112671] sdhci: Secure Digital Host Controller Interface driver
[   14.118837] sdhci: Copyright(c) Pierre Ossman
[   14.123168] sdhci-pltfm: SDHCI platform and OF driver helper
[   14.129219] sdhci-tegra 78000400.sdhci: Got CD GPIO #170.
[   14.135665] mmc0: no vqmmc regulator found
[   14.139744] mmc0: no vmmc regulator found
[   14.143747] mmc0: Invalid maximum block size, assuming 512 bytes
[   14.193293] mmc0: SDHCI controller on 78000400.sdhci [78000400.sdhci] using ADMA
[   14.202845] mmc1: no vqmmc regulator found
[   14.206944] mmc1: no vmmc regulator found
[   14.210931] mmc1: Invalid maximum block size, assuming 512 bytes
[   14.253048] mmc1: SDHCI controller on 78000600.sdhci [78000600.sdhci] using ADMA
[   14.261108] usbcore: registered new interface driver usbhid
[   14.268712] usbhid: USB HID core driver
[   14.384851] mmc1: BKOPS_EN bit is not set
[   14.415273] mmc1: new HS200 MMC card at address 0001
[   14.420783] mmcblk0: mmc1:0001 SEM32G 29.1 GiB 
[   14.425619] mmcblk0boot0: mmc1:0001 SEM32G partition 1 4.00 MiB
[   14.431801] mmcblk0boot1: mmc1:0001 SEM32G partition 2 4.00 MiB
[   14.437994] mmcblk0rpmb: mmc1:0001 SEM32G partition 3 4.00 MiB
[   14.446325] Primary GPT is invalid, using alternate GPT.
[   14.451631]  mmcblk0: p1 p2 p3 p4 p5
[   14.458471]  mmcblk0boot1: unknown partition table
[   14.464910]  mmcblk0boot0: unknown partition table
[   14.698501] tegra-snd-rt5640 sound.4: ASoC: CPU DAI (null) not registered
[   14.705412] tegra-snd-rt5640 sound.4: snd_soc_register_card failed (-517)
[   14.712203] platform sound.4: Driver tegra-snd-rt5640 requests probe deferral
[   14.720257] TCP: cubic registered
[   14.723867] NET: Registered protocol family 10
[   14.729692] mip6: Mobile IPv6
[   14.732675] sit: IPv6 over IPv4 tunneling driver
[   14.738955] NET: Registered protocol family 17
[   14.743443] NET: Registered protocol family 15
[   14.748029] Bluetooth: RFCOMM socket layer initialized
[   14.753166] Bluetooth: RFCOMM ver 1.11
[   14.756895] Bluetooth: BNEP (Ethernet Emulation) ver 1.3
[   14.762206] Bluetooth: BNEP socket layer initialized
[   14.767141] Bluetooth: HIDP (Human Interface Emulation) ver 1.2
[   14.773056] Bluetooth: HIDP socket layer initialized
[   14.778717] Registering SWP/SWPB emulation handler
[   14.788150] hvdd-usb: disabling
[   14.793722] vdd-af-cam1: disabling
[   14.799777] vdd-sensor-2v85: disabling
[   14.806043] LDO5: disabling
[   14.811502] vpp-fuse: disabling
[   14.817127] avdd-cam2: disabling
[   14.823021] avdd-cam1: disabling
[   14.830738] vdd-com-3v3: disabling
[   14.834733] vdd-lvds: disabling
[   14.838451] avdd-lcd: disabling
[   14.842190] vdd-lcd-bl: disabling
[   14.847080] dvdd_ts: 1800 mV 
[   14.850464] lcd_bl_en: 5000 mV 
[   14.854103] usb1_vbus: 5000 mV 
[   14.857277] usb1_vbus: supplied by vdd-sys-5v0
[   14.862075] usb2_vbus: 5000 mV 
[   14.865230] usb2_vbus: supplied by vdd-sys-5v0
[   14.869999] vdd_hdmi_5v0: 5000 mV 
[   14.873429] vdd_hdmi_5v0: supplied by vdd-sys-5v0
[   14.880587] vdd_cam_1v8_reg: 1800 mV 
[   14.884870] platform 7d008000.usb: Driver tegra-ehci requests probe deferral
[   14.892740] tegra-snd-rt5640 sound.4: ASoC: CPU DAI (null) not registered
[   14.899533] tegra-snd-rt5640 sound.4: snd_soc_register_card failed (-517)
[   14.906321] platform sound.4: Driver tegra-snd-rt5640 requests probe deferral
[   14.913769] tegra-ehci 7d008000.usb: EHCI Host Controller
[   14.919186] tegra-ehci 7d008000.usb: new USB bus registered, assigned bus number 1
[   14.927789] tegra-ehci 7d008000.usb: irq 129, io mem 0x7d008000
[   14.950365] tegra-ehci 7d008000.usb: USB 2.0 started, EHCI 1.10
[   14.957703] hub 1-0:1.0: USB hub found
[   14.961564] hub 1-0:1.0: 1 port detected
[   14.966430] tegra-snd-rt5640 sound.4: ASoC: CPU DAI (null) not registered
[   14.973298] tegra-snd-rt5640 sound.4: snd_soc_register_card failed (-517)
[   14.980095] platform sound.4: Driver tegra-snd-rt5640 requests probe deferral
[   14.988421] input: gpio-keys.2 as /devices/soc0/gpio-keys.2/input/input0
[   14.996637] tegra-snd-rt5640 sound.4: ASoC: CPU DAI (null) not registered
[   15.003446] palmas-rtc rtc.7: setting system clock to 2000-01-11 15:04:48 UTC (947603088)
[   15.003605] tegra-snd-rt5640 sound.4: snd_soc_register_card failed (-517)
[   15.003640] platform sound.4: Driver tegra-snd-rt5640 requests probe deferral
[   15.040017] ALSA device list:
[   15.042989]   No soundcards found.
[   15.073931] kjournald starting.  Commit interval 5 seconds
[   15.080651] EXT3-fs (mmcblk0p1): using internal journal
[   15.085884] EXT3-fs (mmcblk0p1): recovery complete
[   15.090722] EXT3-fs (mmcblk0p1): mounted filesystem with writeback data mode
[   15.097814] VFS: Mounted root (ext3 filesystem) on device 179:1.
[   15.105763] devtmpfs: mounted
[   15.109009] Freeing unused kernel memory: 220K (c07af000 - c07e6000)
bash: cannot set terminal process group (-1): Inappropriate ioctl for device
bash: no job control in this shell
I have no name!@(none):/# [   15.289118] usb 1-1: new high-speed USB device number 2 using tegra-ehci
