

U-Boot 2015.04-00466-gedec83e90172 (Mar 14 2016 - 10:42:01)

TEGRA124
Model: Acer Chromebook 13 CB5-311
DRAM:  4 GiB
:   Tegra SD/MMC: 0, Tegra SD/MMC: 1, Tegra SD/MMC: 2
MMC init failed
Using default environment

In:    serial
Out:   serial
Err:   serial
Net:   Net Initialization Skipped
No ethernet found.
Hit any key to stop autoboot:  2  0 
Tegra124 (Nyan-big) # 
Tegra124 (Nyan-big) # usb start
starting USB...
USB0:   USB EHCI 1.10
scanning bus 0 for devices... 2 USB Device(s) found
USB1:   USB EHCI 1.10
scanning bus 1 for devices... 2 USB Device(s) found
       scanning usb for storage devices... 1 Storage Device(s) found
       scanning usb for ethernet devices... 
Warning: asx0 using MAC address from net device
1 Ethernet Device(s) found
Tegra124 (Nyan-big) # mw 0x7000e4a0 0x00080000
Tegra124 (Nyan-big) # setenv bootargs 'ignore_loglevel console=ttyS0,115200n8 rw root=PARTUUID=4d36e82a-b3c0-4b4b-bfcd-afe5217ac023 rootwait gpt debug noinitrd earlyprintk init=/bin/bash'
Tegra124 (Nyan-big) # setenv ipaddr 192.168.100.102; setenv serverip 192.168.100.1; setenv tftpserverip 192.168.100.1
Tegra124 (Nyan-big) # tftpboot 0x82000000 zImage.multi_v7_defconfig
Using asx0 device
TFTP from server 192.168.100.1; our IP address is 192.168.100.102
Filename 'zImage.multi_v7_defconfig'.
Load address: 0x82000000
Loading: *#################################################################
	 #################################################################
	 #################################################################
	 #################################################################
	 #################################################################
	 #################################################################
	 #################################################################
	 #################################################################
	 #####################
	 3.1 MiB/s
done
Bytes transferred = 7939032 (7923d8 hex)
Tegra124 (Nyan-big) # tftpboot 0x83000000 tegra124-nyan-big.dtb
Using asx0 device
TFTP from server 192.168.100.1; our IP address is 192.168.100.102
Filename 'tegra124-nyan-big.dtb'.
Load address: 0x83000000
Loading: *#####
	 259.8 KiB/s
done
Bytes transferred = 68155 (10a3b hex)
Tegra124 (Nyan-big) # bootz 0x82000000 - 0x83000000
Kernel image @ 0x82000000 [ 0x000000 - 0x7923d8 ]
## Flattened Device Tree blob at 83000000
   Booting using the fdt blob at 0x83000000
   Using Device Tree in place at 83000000, end 83013a3a

Starting kernel ...

[    0.000000] Booting Linux on physical CPU 0x0
[    0.000000] Linux version 4.12.0-rc4-next-20170608-177427-ge4689b9 (jonathanh@sellafield) (gcc version 4.7.3 20130328 (prerelease) (crosstool-NG linaro-1.13.1-4.7-2013.04-20130415 - Linaro GCC 2013.04) ) #1 SMP Thu Jun 8 00:49:22 PDT 2017
[    0.000000] CPU: ARMv7 Processor [413fc0f3] revision 3 (ARMv7), cr=10c5387d
[    0.000000] CPU: div instructions available: patching division code
[    0.000000] CPU: PIPT / VIPT nonaliasing data cache, PIPT instruction cache
[    0.000000] OF: fdt: Machine model: Acer Chromebook 13 CB5-311
[    0.000000] OF: fdt: Ignoring memory range 0x100000000 - 0x17ffff000
[    0.000000] debug: ignoring loglevel setting.
[    0.000000] Memory policy: Data cache writealloc
[    0.000000] efi: Getting EFI parameters from FDT:
[    0.000000] efi: UEFI not found.
[    0.000000] cma: Reserved 64 MiB at 0xfb800000
[    0.000000] On node 0 totalpages: 524287
[    0.000000] free_area_init_node: node 0, pgdat c157dfc0, node_mem_map eeff8000
[    0.000000]   DMA zone: 1536 pages used for memmap
[    0.000000]   DMA zone: 0 pages reserved
[    0.000000]   DMA zone: 196608 pages, LIFO batch:31
[    0.000000]   HighMem zone: 327679 pages, LIFO batch:31
[    0.000000] percpu: Embedded 17 pages/cpu @eef81000 s39232 r8192 d22208 u69632
[    0.000000] pcpu-alloc: s39232 r8192 d22208 u69632 alloc=17*4096
[    0.000000] pcpu-alloc: [0] 0 [0] 1 [0] 2 [0] 3 
[    0.000000] Built 1 zonelists in Zone order, mobility grouping on.  Total pages: 522751
[    0.000000] Kernel command line: ignore_loglevel console=ttyS0,115200n8 rw root=PARTUUID=4d36e82a-b3c0-4b4b-bfcd-afe5217ac023 rootwait gpt debug noinitrd earlyprintk init=/bin/bash
[    0.000000] PID hash table entries: 4096 (order: 2, 16384 bytes)
[    0.000000] Dentry cache hash table entries: 131072 (order: 7, 524288 bytes)
[    0.000000] Inode-cache hash table entries: 65536 (order: 6, 262144 bytes)
[    0.000000] Memory: 1994452K/2097148K available (10240K kernel code, 1559K rwdata, 4412K rodata, 2048K init, 402K bss, 37160K reserved, 65536K cma-reserved, 1245180K highmem)
[    0.000000] Virtual kernel memory layout:
[    0.000000]     vector  : 0xffff0000 - 0xffff1000   (   4 kB)
[    0.000000]     fixmap  : 0xffc00000 - 0xfff00000   (3072 kB)
[    0.000000]     vmalloc : 0xf0800000 - 0xff800000   ( 240 MB)
[    0.000000]     lowmem  : 0xc0000000 - 0xf0000000   ( 768 MB)
[    0.000000]     pkmap   : 0xbfe00000 - 0xc0000000   (   2 MB)
[    0.000000]     modules : 0xbf000000 - 0xbfe00000   (  14 MB)
[    0.000000]       .text : 0xc0208000 - 0xc0d00000   (11232 kB)
[    0.000000]       .init : 0xc1200000 - 0xc1400000   (2048 kB)
[    0.000000]       .data : 0xc1400000 - 0xc1585c30   (1560 kB)
[    0.000000]        .bss : 0xc158ecd4 - 0xc15f36c8   ( 403 kB)
[    0.000000] SLUB: HWalign=64, Order=0-3, MinObjects=0, CPUs=4, Nodes=1
[    0.000000] Hierarchical RCU implementation.
[    0.000000] 	RCU event tracing is enabled.
[    0.000000] 	RCU restricting CPUs from NR_CPUS=16 to nr_cpu_ids=4.
[    0.000000] RCU: Adjusting geometry for rcu_fanout_leaf=16, nr_cpu_ids=4
[    0.000000] NR_IRQS: 16, nr_irqs: 16, preallocated irqs: 16
[    0.000000] /interrupt-controller@60004000: 160 interrupts forwarded to /interrupt-controller@50041000
[    0.000000] Tegra clk 127: register failed with -17
[    0.000003] sched_clock: 32 bits at 1000kHz, resolution 1000ns, wraps every 2147483647500ns
[    0.000011] clocksource: timer_us: mask: 0xffffffff max_cycles: 0xffffffff, max_idle_ns: 1911260446275 ns
[    0.000017] Switching to timer-based delay loop, resolution 1000ns
[    0.001796] arch_timer: cp15 timer(s) running at 12.00MHz (virt).
[    0.001803] clocksource: arch_sys_counter: mask: 0xffffffffffffff max_cycles: 0x2c47f4ee7, max_idle_ns: 440795202497 ns
[    0.001810] sched_clock: 56 bits at 12MHz, resolution 83ns, wraps every 4398046511096ns
[    0.001815] Switching to timer-based delay loop, resolution 83ns
[    0.002030] Console: colour dummy device 80x30
[    0.002043] Calibrating delay loop (skipped), value calculated using timer frequency.. 24.00 BogoMIPS (lpj=120000)
[    0.002050] pid_max: default: 32768 minimum: 301
[    0.002084] Mount-cache hash table entries: 2048 (order: 1, 8192 bytes)
[    0.002089] Mountpoint-cache hash table entries: 2048 (order: 1, 8192 bytes)
[    0.002288] CPU: Testing write buffer coherency: ok
[    0.002407] /cpus/cpu@0 missing clock-frequency property
[    0.002422] /cpus/cpu@1 missing clock-frequency property
[    0.002436] /cpus/cpu@2 missing clock-frequency property
[    0.002450] /cpus/cpu@3 missing clock-frequency property
[    0.002456] CPU0: thread -1, cpu 0, socket 0, mpidr 80000000
[    0.002573] Setting up static identity map for 0x80300000 - 0x803000a0
[    0.003271] Hierarchical SRCU implementation.
[    0.003956] Tegra Revision: A01 SKU: 131 CPU Process: 1 SoC Process: 1
[    0.004227] EFI services will not be available.
[    0.004316] smp: Bringing up secondary CPUs ...
[    0.004614] CPU1: thread -1, cpu 1, socket 0, mpidr 80000001
[    0.012053] CPU2: thread -1, cpu 2, socket 0, mpidr 80000002
[    0.022064] CPU3: thread -1, cpu 3, socket 0, mpidr 80000003
[    0.031773] smp: Brought up 1 node, 4 CPUs
[    0.031781] SMP: Total of 4 processors activated (96.00 BogoMIPS).
[    0.031784] CPU: All CPU(s) started in SVC mode.
[    0.032333] devtmpfs: initialized
[    0.038105] VFP support v0.3: implementor 41 architecture 4 part 30 variant f rev 0
[    0.038297] clocksource: jiffies: mask: 0xffffffff max_cycles: 0xffffffff, max_idle_ns: 19112604462750000 ns
[    0.038305] futex hash table entries: 1024 (order: 4, 65536 bytes)
[    0.038871] pinctrl core: initialized pinctrl subsystem
[    0.039521] DMI not present or invalid.
[    0.039641] NET: Registered protocol family 16
[    0.040387] DMA: preallocated 256 KiB pool for atomic coherent allocations
[    0.041276] cpuidle: using governor menu
[    0.050155] No ATAGs?
[    0.050210] hw-breakpoint: found 5 (+1 reserved) breakpoint and 4 watchpoint registers.
[    0.050217] hw-breakpoint: maximum watchpoint size is 8 bytes.
[    0.052989] Serial: AMBA PL011 UART driver
[    0.053341] tegra-mc 70019000.memory-controller: no memory timings for RAM code 0 registered
[    0.058831] AT91: Could not find identification node
[    0.059039] +5V_SYS: supplied by +VDD_MUX
[    0.059138] +3.3V_SYS: supplied by +VDD_MUX
[    0.059353] +VDD_LED: Failed to request enable GPIO122: -517
[    0.059359] reg-fixed-voltage regulators:regulator@5: Failed to register regulator: -517
[    0.059394] +5V_VDD_TS_SW: Failed to request enable GPIO81: -517
[    0.059398] reg-fixed-voltage regulators:regulator@6: Failed to register regulator: -517
[    0.059431] +5V_USB_HS: Failed to request enable GPIO108: -517
[    0.059436] reg-fixed-voltage regulators:regulator@7: Failed to register regulator: -517
[    0.059469] +5V_USB_SS: Failed to request enable GPIO109: -517
[    0.059473] reg-fixed-voltage regulators:regulator@8: Failed to register regulator: -517
[    0.059562] +1.05V_RUN_AVDD_HDMI_PLL: Failed to request enable GPIO63: -517
[    0.059567] reg-fixed-voltage regulators:regulator@11: Failed to register regulator: -517
[    0.059599] +5V_HDMI_CON: Failed to request enable GPIO86: -517
[    0.059603] reg-fixed-voltage regulators:regulator@12: Failed to register regulator: -517
[    0.060592] vgaarb: loaded
[    0.060872] SCSI subsystem initialized
[    0.060940] libata version 3.00 loaded.
[    0.061030] usbcore: registered new interface driver usbfs
[    0.061051] usbcore: registered new interface driver hub
[    0.061072] usbcore: registered new device driver usb
[    0.062381] pps_core: LinuxPPS API ver. 1 registered
[    0.062385] pps_core: Software ver. 5.3.6 - Copyright 2005-2007 Rodolfo Giometti <giometti@linux.it>
[    0.062393] PTP clock support registered
[    0.062457] EDAC MC: Ver: 3.0.0
[    0.062569] dmi: Firmware registration failed.
[    0.062862] tegra-emc 7001b000.emc: no memory timings for RAM code 0 found in DT
[    0.062872] tegra-emc: probe of 7001b000.emc failed with error -2
[    0.063310] clocksource: Switched to clocksource arch_sys_counter
[    0.082914] NET: Registered protocol family 2
[    0.083110] TCP established hash table entries: 8192 (order: 3, 32768 bytes)
[    0.083144] TCP bind hash table entries: 8192 (order: 4, 65536 bytes)
[    0.083206] TCP: Hash tables configured (established 8192 bind 8192)
[    0.083242] UDP hash table entries: 512 (order: 2, 16384 bytes)
[    0.083257] UDP-Lite hash table entries: 512 (order: 2, 16384 bytes)
[    0.083338] NET: Registered protocol family 1
[    0.083482] RPC: Registered named UNIX socket transport module.
[    0.083486] RPC: Registered udp transport module.
[    0.083489] RPC: Registered tcp transport module.
[    0.083492] RPC: Registered tcp NFSv4.1 backchannel transport module.
[    0.083497] PCI: CLS 0 bytes, default 64
[    0.084041] hw perfevents: enabled with armv7_cortex_a15 PMU driver, 7 counters available
[    0.084708] workingset: timestamp_bits=30 max_order=19 bucket_order=0
[    0.087645] squashfs: version 4.0 (2009/01/31) Phillip Lougher
[    0.087892] NFS: Registering the id_resolver key type
[    0.087906] Key type id_resolver registered
[    0.087910] Key type id_legacy registered
[    0.087926] ntfs: driver 2.1.32 [Flags: R/O].
[    0.088534] bounce: pool size: 64 pages
[    0.088552] Block layer SCSI generic (bsg) driver version 0.4 loaded (major 248)
[    0.088557] io scheduler noop registered
[    0.088561] io scheduler deadline registered
[    0.088572] io scheduler cfq registered (default)
[    0.088576] io scheduler mq-deadline registered
[    0.088580] io scheduler kyber registered
[    0.089793] tegra-xusb-padctl 7009f000.padctl: failed to setup XUSB ports: -517
[    0.099991] tegra-apbdma 60020000.dma: Tegra20 APB DMA driver register 32 channels
[    0.100840] tegra-pmc 7000e400.pmc: i2c-thermtrip node not found, emergency thermal reset disabled.
[    0.119624] Serial: 8250/16550 driver, 4 ports, IRQ sharing disabled
[    0.120671] console [ttyS0] disabled
[    0.120689] 70006000.serial: ttyS0 at MMIO 0x70006000 (irq = 333, base_baud = 25500000) is a Tegra
[    1.021318] console [ttyS0] enabled
[    1.025089] SuperH (H)SCI(F) driver initialized
[    1.029925] msm_serial: driver initialized
[    1.034081] STMicroelectronics ASC driver initialized
[    1.041082] tegra-hdmi 54280000.hdmi: failed to get HDMI regulator
[    1.047620] tegra-dpaux 545c0000.dpaux: failed to get VDD supply: -517
[    1.055044] panel-simple panel: panel supply power not found, using dummy regulator
[    1.066297] brd: module loaded
[    1.072070] loop: module loaded
[    1.076143] as3722 4-0040: AS3722 with revision 0x1 found
[    1.086145] as3722-sd2: supplied by +5V_SYS
[    1.090552] as3722-sd3: supplied by +5V_SYS
[    1.094894] +1.35V_LP0(sd3): Bringing 0uV into 1350000-1350000uV
[    1.101060] as3722-sd4: supplied by +5V_SYS
[    1.105399] +1.05V_RUN: Bringing 0uV into 1050000-1050000uV
[    1.111129] as3722-sd5: supplied by +5V_SYS
[    1.116752] as3722-ldo0: supplied by +1.35V_LP0(sd2)
[    1.122474] +1.8V_RUN_CAM: Bringing 0uV into 1800000-1800000uV
[    1.128488] as3722-ldo2: supplied by +1.8V_VDDIO
[    1.134101] as3722-ldo3: supplied by +3.3V_SYS
[    1.138546] +1.00V_LP0_VDD_RTC: Bringing 1100000uV into 1000000-1000000uV
[    1.146117] as3722-ldo4: supplied by +3.3V_SYS
[    1.150707] +3.3V_RUN_CAM: Bringing 0uV into 2800000-2800000uV
[    1.156722] as3722-ldo5: supplied by +1.8V_VDDIO
[    1.161491] +1.2V_RUN_CAM_FRONT: Bringing 0uV into 1200000-1200000uV
[    1.168172] +VDDIO_SDMMC3: Bringing 0uV into 1800000-1800000uV
[    1.174189] as3722-ldo7: supplied by +1.8V_VDDIO
[    1.178953] +1.05V_RUN_CAM_REAR: Bringing 0uV into 1050000-1050000uV
[    1.185491] as3722-ldo9: supplied by +5V_SYS
[    1.190055] +2.8V_RUN_TOUCH: Bringing 0uV into 2800000-2800000uV
[    1.196248] as3722-ldo10: supplied by +5V_SYS
[    1.200750] +2.8V_RUN_CAM_AF: Bringing 0uV into 2800000-2800000uV
[    1.207180] +1.8V_RUN_VPP_FUSE: Bringing 0uV into 1800000-1800000uV
[    1.219625] random: fast init done
[    1.225458] m25p80 spi32765.0: w25q32dw (4096 Kbytes)
[    1.231524] libphy: Fixed MDIO Bus: probed
[    1.236017] CAN device driver interface
[    1.240154] bgmac_bcma: Broadcom 47xx GBit MAC driver loaded
[    1.246254] e1000e: Intel(R) PRO/1000 Network Driver - 3.2.6-k
[    1.252070] e1000e: Copyright(c) 1999 - 2015 Intel Corporation.
[    1.257997] igb: Intel(R) Gigabit Ethernet Network Driver - version 5.4.0-k
[    1.264947] igb: Copyright (c) 2007-2014 Intel Corporation.
[    1.271765] pegasus: v0.9.3 (2013/04/25), Pegasus/Pegasus II USB Ethernet driver
[    1.279171] usbcore: registered new interface driver pegasus
[    1.284839] usbcore: registered new interface driver asix
[    1.290234] usbcore: registered new interface driver ax88179_178a
[    1.296327] usbcore: registered new interface driver cdc_ether
[    1.302159] usbcore: registered new interface driver smsc75xx
[    1.307911] usbcore: registered new interface driver smsc95xx
[    1.313658] usbcore: registered new interface driver net1080
[    1.319312] usbcore: registered new interface driver cdc_subset
[    1.325231] usbcore: registered new interface driver zaurus
[    1.330808] usbcore: registered new interface driver cdc_ncm
[    1.337106] ehci_hcd: USB 2.0 'Enhanced' Host Controller (EHCI) Driver
[    1.343627] ehci-pci: EHCI PCI platform driver
[    1.348069] ehci-platform: EHCI generic platform driver
[    1.353354] ehci-orion: EHCI orion driver
[    1.357405] SPEAr-ehci: EHCI SPEAr driver
[    1.361448] ehci-st: EHCI STMicroelectronics driver
[    1.366365] ehci-exynos: EHCI EXYNOS driver
[    1.370586] ehci-atmel: EHCI Atmel driver
[    1.374634] tegra-ehci: Tegra EHCI driver
[    1.378691] ohci_hcd: USB 1.1 'Open' Host Controller (OHCI) Driver
[    1.384864] ohci-pci: OHCI PCI platform driver
[    1.389308] ohci-platform: OHCI generic platform driver
[    1.394586] SPEAr-ohci: OHCI SPEAr driver
[    1.398629] ohci-st: OHCI STMicroelectronics driver
[    1.403543] ohci-atmel: OHCI Atmel driver
[    1.407790] usbcore: registered new interface driver usb-storage
[    1.414833] elan_i2c 1-0015: 1-0015 supply vcc not found, using dummy regulator
[    1.423509] as3722-rtc as3722-rtc: rtc core: registered as3722-rtc as rtc0
[    1.430367] as3722-rtc as3722-rtc: RTC interrupt 372
[    1.437261] tegra_rtc 7000e000.rtc: rtc core: registered 7000e000.rtc as rtc1
[    1.444400] tegra_rtc 7000e000.rtc: Tegra internal Real Time Clock
[    1.450741] i2c /dev entries driver
[    1.456558] lm90 0-004c: 0-004c supply vcc not found, using dummy regulator
[    1.467947] sdhci: Secure Digital Host Controller Interface driver
[    1.474128] sdhci: Copyright(c) Pierre Ossman
[    1.479004] Synopsys Designware Multimedia Card Interface Driver
[    1.485431] sdhci-pltfm: SDHCI platform and OF driver helper
[    1.491349] sdhci-tegra 700b0000.sdhci: allocated mmc-pwrseq
[    1.503434] sdhci-tegra 700b0400.sdhci: Got CD GPIO
[    1.508304] sdhci-tegra 700b0400.sdhci: Got WP GPIO
[    1.527335] mmc0: Unknown controller version (3). You may experience problems.
[    1.534576] mmc0: Invalid maximum block size, assuming 512 bytes
[    1.594235] elan_i2c 1-0015: Elan Touchpad: Module ID: 0x002a, Firmware: 0x0005, Sample: 0x0007, IAP: 0x0009
[    1.604081] mmc0: SDHCI controller on 700b0600.sdhci [700b0600.sdhci] using ADMA
[    1.612176] input: Elan Touchpad as /devices/soc0/7000c400.i2c/i2c-1/1-0015/input/input0
[    1.620467] ledtrig-cpu: registered to indicate activity on CPUs
[    1.626647] usbcore: registered new interface driver usbhid
[    1.632203] usbhid: USB HID core driver
[    1.637421] NET: Registered protocol family 10
[    1.643206] Segment Routing with IPv6
[    1.646897] sit: IPv6, IPv4 and MPLS over IPv4 tunneling driver
[    1.653019] NET: Registered protocol family 17
[    1.657458] can: controller area network core (rev 20170425 abi 9)
[    1.663646] NET: Registered protocol family 29
[    1.668077] can: raw protocol (rev 20170425)
[    1.672334] can: broadcast manager protocol (rev 20170425 t)
[    1.677985] can: netlink gateway (rev 20170425) max_hops=1
[    1.683584] Key type dns_resolver registered
[    1.688055] ThumbEE CPU extension supported.
[    1.692314] Registering SWP/SWPB emulation handler
[    1.704152] +3.3V_RUN: supplied by +3.3V_SYS
[    1.709089] +VDD_LED: supplied by +VDD_MUX
[    1.713251] +3.3V_AVDD_HDMI_AP_GATED: supplied by +3.3V_RUN
[    1.718883] +1.8V_RUN_CAM: supplied by +3.3V_RUN
[    1.723604] +VDDIO_SDMMC3: supplied by +3.3V_RUN
[    1.728302] +1.8V_RUN_VPP_FUSE: supplied by +3.3V_RUN
[    1.733671] +5V_VDD_TS_SW: supplied by +5V_SYS
[    1.738372] +5V_USB_HS: supplied by +5V_SYS
[    1.742715] +5V_USB_SS: supplied by +5V_SYS
[    1.747677] +3.3V_PANEL: supplied by +3.3V_RUN
[    1.752734] +3.3V_LP0: supplied by +3.3V_SYS
[    1.757722] +1.05V_RUN_AVDD_HDMI_PLL: supplied by +1.05V_RUN
[    1.763491] elan_i2c 1-0015: failed to read report data: -121
[    1.763699] +5V_HDMI_CON: supplied by +5V_SYS
[    1.764527]  usb3-0: usb3-0 supply vbus not found, using dummy regulator
[    1.764585]  usb3-1: usb3-1 supply vbus not found, using dummy regulator
[    1.787785] tegra-sor 54540000.sor: failed to probe output: -517
[    1.794573] panel-simple panel: panel supply power not found, using dummy regulator
[    1.803046] sdhci-tegra 700b0000.sdhci: allocated mmc-pwrseq
[    1.816907] mmc1: Unknown controller version (3). You may experience problems.
[    1.824266] mmc1: Invalid maximum block size, assuming 512 bytes
[    1.830711] mmc1: Switching to 3.3V signalling voltage failed
[    1.840315] mmc0: new high speed MMC card at address 0001
[    1.846358] mmcblk0: mmc0:0001 MMC16G 14.4 GiB 
[    1.851454] mmcblk0boot0: mmc0:0001 MMC16G partition 1 2.00 MiB
[    1.857953] mmcblk0boot1: mmc0:0001 MMC16G partition 2 2.00 MiB
[    1.864370] mmcblk0rpmb: mmc0:0001 MMC16G partition 3 128 KiB
[    1.873663]  mmcblk0: p1 p2 p3 p4 p5 p6 p7 p8 p9 p10 p11 p12
[    1.893357] mmc1: SDHCI controller on 700b0000.sdhci [700b0000.sdhci] using ADMA
[    1.900807] elan_i2c 1-0015: invalid report id data (ff)
[    1.901727] sdhci-tegra 700b0400.sdhci: Got CD GPIO
[    1.901739] sdhci-tegra 700b0400.sdhci: Got WP GPIO
[    1.910053] mmc2: Unknown controller version (3). You may experience problems.
[    1.910131] mmc2: Invalid maximum block size, assuming 512 bytes
[    1.934956] mmc1: new high speed SDIO card at address 0001
[    1.973616] mmc2: SDHCI controller on 700b0400.sdhci [700b0400.sdhci] using ADMA
[    1.986593] input: gpio-keys as /devices/soc0/gpio-keys/input/input1
[    1.994078] as3722-rtc as3722-rtc: setting system clock to 2000-01-01 00:00:23 UTC (946684823)
[    2.003092] +3.3V_AVDD_HDMI_AP_GATED: disabling
[    2.007654] +1.05V_RUN: disabling
[    2.011089] +1.8V_RUN_CAM: disabling
[    2.014827] +3.3V_RUN_CAM: disabling
[    2.018543] +1.2V_RUN_CAM_FRONT: disabling
[    2.023398] +1.05V_RUN_CAM_REAR: disabling
[    2.027671] +2.8V_RUN_TOUCH: disabling
[    2.031589] +2.8V_RUN_CAM_AF: disabling
[    2.035667] +1.8V_RUN_VPP_FUSE: disabling
[    2.039877] +VDD_LED: disabling
[    2.043018] +5V_VDD_TS_SW: disabling
[    2.046623] +5V_USB_HS: disabling
[    2.049936] +5V_USB_SS: disabling
[    2.053242] +3.3V_PANEL: disabling
[    2.056667] +1.05V_RUN_AVDD_HDMI_PLL: disabling
[    2.061196] +5V_HDMI_CON: disabling
[    2.065618] EXT4-fs (mmcblk0p3): couldn't mount as ext3 due to feature incompatibilities
[    2.074377] EXT4-fs (mmcblk0p3): couldn't mount as ext2 due to feature incompatibilities
[    2.154581] mmc2: new high speed SDHC card at address 0007
[    2.160680] mmcblk2: mmc2:0007 SD08G 7.42 GiB 
[    2.175570] GPT:Primary header alternate_lba != Alt. header my_lba
[    2.181740] GPT:3014591 != 15564799
[    2.185241] GPT:Primary header thinks Alt. header is not at the end of the disk.
[    2.192617] GPT:3014591 != 15564799
[    2.196097] GPT: Use GNU Parted to correct GPT errors.
[    2.201242]  mmcblk2: p1 p2 p3 p4 p5 p6 p7 p8 p9 p10 p11 p12
[    2.362240] EXT4-fs (mmcblk0p3): recovery complete
[    2.367783] EXT4-fs (mmcblk0p3): mounted filesystem with ordered data mode. Opts: (null)
[    2.375914] VFS: Mounted root (ext4 filesystem) on device 179:3.
[    2.382609] devtmpfs: mounted
[    2.386284] Freeing unused kernel memory: 2048K
bash: cannot set terminal process group (-1): Inappropriate ioctl for device
bash: no job control in this shell
root@(none):/# mount -t sysfs none /sys
root@(none):/# 
root@(none):/# mount -t debugfs none /sys/kernel/debug
root@(none):/# 
root@(none):/# rtcwake -d rtc1 -m mem -s 3
rtcwake: assuming RTC uses UTC ...
rtcwake: wakeup from "mem" using /dev/rtc1 at Thu Jan  1 00:00:29 1970
[    6.112471] PM: Syncing filesystems ... done.
[    6.118309] Freezing user space processes ... (elapsed 0.001 seconds) done.
[    6.126496] OOM killer disabled.
[    6.129716] Freezing remaining freezable tasks ... (elapsed 0.001 seconds) done.
[    6.138385] Suspending console(s) (use no_console_suspend to debug)
[    6.162525] PM: suspend of devices complete after 17.336 msecs
[    6.163783] PM: late suspend of devices complete after 1.249 msecs
[    6.164765] PM: noirq suspend of devices complete after 0.977 msecs
[    6.164767] Disabling non-boot CPUs ...
[    6.213592] IRQ352 no longer affine to CPU1
[    6.333691] IRQ353 no longer affine to CPU2
[    6.433557] IRQ17 no longer affine to CPU3
[    6.433658] IRQ354 no longer affine to CPU3
[    6.484647] Entering suspend state LP1
[    6.484647] Suspended for 3.563 seconds
[    6.484657] Enabling non-boot CPUs ...
[    6.514945] CPU1 is up
[    6.554761] CPU2 is up
[    6.594991] CPU3 is up
[    6.595464] PM: noirq resume of devices complete after 0.468 msecs
[    6.596670] PM: early resume of devices complete after 0.899 msecs
[    6.753654] mmc1: Switching to 3.3V signalling voltage failed
[    6.845065] PM: resume of devices complete after 248.386 msecs
[    6.927069] OOM killer enabled.
[    6.930198] Restarting tasks ... done.
root@(none):/# 
root@(none):/# rtcwake -d rtc1 -m mem -s 3
rtcwake: assuming RTC uses UTC ...
rtcwake: wakeup from "mem" using /dev/rtc1 at Thu Jan  1 00:00:34 1970
[    7.620722] PM: Syncing filesystems ... done.
[    7.626196] Freezing user space processes ... (elapsed 0.001 seconds) done.
[    7.634349] OOM killer disabled.
[    7.637565] Freezing remaining freezable tasks ... (elapsed 0.001 seconds) done.
[    7.646185] Suspending console(s) (use no_console_suspend to debug)
[    7.669254] PM: suspend of devices complete after 16.308 msecs
[    7.670523] PM: late suspend of devices complete after 1.260 msecs
[    7.671398] PM: noirq suspend of devices complete after 0.870 msecs
[    7.671400] Disabling non-boot CPUs ...
[    7.733517] IRQ352 no longer affine to CPU1
[    7.833547] IRQ17 no longer affine to CPU2
[    7.833655] IRQ353 no longer affine to CPU2
[    7.933574] IRQ354 no longer affine to CPU3
[    7.984625] Entering suspend state LP1
[    7.984625] Suspended for 3.499 seconds
[    7.984636] Enabling non-boot CPUs ...
[    8.014922] CPU1 is up
[    8.054740] CPU2 is up
[    8.094968] CPU3 is up
[    8.095413] PM: noirq resume of devices complete after 0.441 msecs
[    8.096860] PM: early resume of devices complete after 1.142 msecs
[    8.253691] mmc1: Switching to 3.3V signalling voltage failed
[    8.345309] PM: resume of devices complete after 248.438 msecs
[    8.427324] OOM killer enabled.
[    8.430452] Restarting tasks ... done.
root@(none):/# 
root@(none):/# rtcwake -d rtc1 -m mem -s 3
rtcwake: assuming RTC uses UTC ...
rtcwake: wakeup from "mem" using /dev/rtc1 at Thu Jan  1 00:00:39 1970
[    9.131105] PM: Syncing filesystems ... done.
[    9.136714] Freezing user space processes ... (elapsed 0.001 seconds) done.
[    9.144880] OOM killer disabled.
[    9.148101] Freezing remaining freezable tasks ... (elapsed 0.001 seconds) done.
[    9.156773] Suspending console(s) (use no_console_suspend to debug)
[    9.180019] PM: suspend of devices complete after 16.482 msecs
[    9.181122] PM: late suspend of devices complete after 1.094 msecs
[    9.181964] PM: noirq suspend of devices complete after 0.837 msecs
[    9.181966] Disabling non-boot CPUs ...
[    9.243450] IRQ17 no longer affine to CPU1
[    9.243506] IRQ352 no longer affine to CPU1
[    9.494579] Entering suspend state LP1
[    9.494579] Suspended for 3.489 seconds
[    9.494590] Enabling non-boot CPUs ...
[    9.524903] CPU1 is up
[    9.564710] CPU2 is up
[    9.604920] CPU3 is up
[    9.605362] PM: noirq resume of devices complete after 0.437 msecs
[    9.606883] PM: early resume of devices complete after 1.209 msecs
[    9.763397] mmc1: Switching to 3.3V signalling voltage failed
[    9.855033] PM: resume of devices complete after 248.139 msecs
[    9.928713] OOM killer enabled.
[    9.931841] Restarting tasks ... done.
root@(none):/# 
root@(none):/# rtcwake -d rtc1 -m mem -s 3
rtcwake: assuming RTC uses UTC ...
rtcwake: wakeup from "mem" using /dev/rtc1 at Thu Jan  1 00:00:44 1970
[   10.640731] PM: Syncing filesystems ... done.
[   10.646209] Freezing user space processes ... (elapsed 0.001 seconds) done.
[   10.654269] OOM killer disabled.
[   10.657484] Freezing remaining freezable tasks ... (elapsed 0.001 seconds) done.
[   10.665984] Suspending console(s) (use no_console_suspend to debug)
[   10.689282] PM: suspend of devices complete after 16.586 msecs
[   10.690551] PM: late suspend of devices complete after 1.261 msecs
[   10.691409] PM: noirq suspend of devices complete after 0.854 msecs
[   10.691411] Disabling non-boot CPUs ...
[   10.994635] Entering suspend state LP1
[   10.994635] Suspended for 3.499 seconds
[   10.994646] Enabling non-boot CPUs ...
[   11.024865] CPU1 is up
[   11.064691] CPU2 is up
[   11.104897] CPU3 is up
[   11.105333] PM: noirq resume of devices complete after 0.431 msecs
[   11.106705] PM: early resume of devices complete after 1.061 msecs
[   11.263454] mmc1: Switching to 3.3V signalling voltage failed
[   11.355201] PM: resume of devices complete after 248.487 msecs
[   11.420721] OOM killer enabled.
[   11.423854] Restarting tasks ... done.
root@(none):/# 
root@(none):/# rtcwake -d rtc1 -m mem -s 3
rtcwake: assuming RTC uses UTC ...
rtcwake: wakeup from "mem" using /dev/rtc1 at Thu Jan  1 00:00:49 1970
[   12.141070] PM: Syncing filesystems ... done.
[   12.146667] Freezing user space processes ... (elapsed 0.001 seconds) done.
[   12.154831] OOM killer disabled.
[   12.158047] Freezing remaining freezable tasks ... (elapsed 0.001 seconds) done.
[   12.166547] Suspending console(s) (use no_console_suspend to debug)
[   12.189769] PM: suspend of devices complete after 16.458 msecs
[   12.191068] PM: late suspend of devices complete after 1.290 msecs
[   12.191979] PM: noirq suspend of devices complete after 0.906 msecs
[   12.191981] Disabling non-boot CPUs ...
[   12.243444] migrate_irqs: 6 callbacks suppressed
[   12.243446] IRQ352 no longer affine to CPU1
[   12.343526] IRQ353 no longer affine to CPU2
[   12.453431] IRQ17 no longer affine to CPU3
[   12.453532] IRQ354 no longer affine to CPU3
[   12.494610] Entering suspend state LP1
[   12.494610] Suspended for 3.499 seconds
[   12.494621] Enabling non-boot CPUs ...
[   12.524848] CPU1 is up
[   12.564671] CPU2 is up
[   12.604870] CPU3 is up
[   12.605308] PM: noirq resume of devices complete after 0.433 msecs
[   12.606709] PM: early resume of devices complete after 1.098 msecs
[   12.764412] mmc1: Switching to 3.3V signalling voltage failed
[   12.854998] PM: resume of devices complete after 248.279 msecs
[   12.941764] OOM killer enabled.
[   12.944916] Restarting tasks ... done.
root@(none):/# 
root@(none):/# rtcwake -d rtc1 -m mem -s 3
rtcwake: assuming RTC uses UTC ...
rtcwake: wakeup from "mem" using /dev/rtc1 at Thu Jan  1 00:00:54 1970
[   13.640758] PM: Syncing filesystems ... done.
[   13.646377] Freezing user space processes ... (elapsed 0.001 seconds) done.
[   13.654530] OOM killer disabled.
[   13.657746] Freezing remaining freezable tasks ... (elapsed 0.001 seconds) done.
[   13.666250] Suspending console(s) (use no_console_suspend to debug)
[   13.689166] PM: suspend of devices complete after 16.155 msecs
[   13.690498] PM: late suspend of devices complete after 1.323 msecs
[   13.691406] PM: noirq suspend of devices complete after 0.903 msecs
[   13.691408] Disabling non-boot CPUs ...
[   13.733420] IRQ352 no longer affine to CPU1
[   13.833495] IRQ353 no longer affine to CPU2
[   13.943504] IRQ354 no longer affine to CPU3
[   13.984579] Entering suspend state LP1
[   13.984579] Suspended for 3.509 seconds
[   13.984590] Enabling non-boot CPUs ...
[   14.014818] CPU1 is up
[   14.054636] CPU2 is up
[   14.094858] CPU3 is up
[   14.095292] PM: noirq resume of devices complete after 0.429 msecs
[   14.096162] PM: early resume of devices complete after 0.548 msecs
[   14.253386] mmc1: Switching to 3.3V signalling voltage failed
[   14.345191] PM: resume of devices complete after 249.019 msecs
[   14.423218] OOM killer enabled.
[   14.426347] Restarting tasks ... done.
root@(none):/# 
root@(none):/# rtcwake -d rtc1 -m mem -s 3
rtcwake: assuming RTC uses UTC ...
rtcwake: wakeup from "mem" using /dev/rtc1 at Thu Jan  1 00:00:59 1970
[   15.131016] PM: Syncing filesystems ... done.
[   15.136741] Freezing user space processes ... (elapsed 0.001 seconds) done.
[   15.144899] OOM killer disabled.
[   15.148121] Freezing remaining freezable tasks ... (elapsed 0.001 seconds) done.
[   15.156692] Suspending console(s) (use no_console_suspend to debug)
[   15.179709] PM: suspend of devices complete after 16.247 msecs
[   15.180997] PM: late suspend of devices complete after 1.279 msecs
[   15.181873] PM: noirq suspend of devices complete after 0.871 msecs
[   15.181876] Disabling non-boot CPUs ...
[   15.243394] IRQ352 no longer affine to CPU1
[   15.343469] IRQ353 no longer affine to CPU2
[   15.453475] IRQ354 no longer affine to CPU3
[   15.494549] Entering suspend state LP1
[   15.494549] Suspended for 3.489 seconds
[   15.494560] Enabling non-boot CPUs ...
[   15.524783] CPU1 is up
[   15.564614] CPU2 is up
[   15.604814] CPU3 is up
[   15.605251] PM: noirq resume of devices complete after 0.432 msecs
[   15.606475] PM: early resume of devices complete after 0.892 msecs
[   15.764327] mmc1: Switching to 3.3V signalling voltage failed
[   15.854877] PM: resume of devices complete after 248.392 msecs
[   15.932857] OOM killer enabled.
[   15.935995] Restarting tasks ... done.
root@(none):/# 
root@(none):/# rtcwake -d rtc1 -m mem -s 3
rtcwake: assuming RTC uses UTC ...
rtcwake: wakeup from "mem" using /dev/rtc1 at Thu Jan  1 00:01:04 1970
[   16.640698] PM: Syncing filesystems ... done.
[   16.646320] Freezing user space processes ... (elapsed 0.001 seconds) done.
[   16.654472] OOM killer disabled.
[   16.657688] Freezing remaining freezable tasks ... (elapsed 0.001 seconds) done.
[   16.666192] Suspending console(s) (use no_console_suspend to debug)
[   16.689405] PM: suspend of devices complete after 16.452 msecs
[   16.690746] PM: late suspend of devices complete after 1.332 msecs
[   16.691648] PM: noirq suspend of devices complete after 0.897 msecs
[   16.691650] Disabling non-boot CPUs ...
[   17.004536] Entering suspend state LP1
[   17.004536] Suspended for 3.489 seconds
[   17.004546] Enabling non-boot CPUs ...
[   17.034766] CPU1 is up
[   17.074577] CPU2 is up
[   17.114830] CPU3 is up
[   17.115274] PM: noirq resume of devices complete after 0.440 msecs
[   17.116426] PM: early resume of devices complete after 0.825 msecs
[   17.273340] mmc1: Switching to 3.3V signalling voltage failed
[   17.365166] PM: resume of devices complete after 248.730 msecs
[   17.430679] OOM killer enabled.
[   17.433815] Restarting tasks ... done.
root@(none):/# 
root@(none):/# rtcwake -d rtc1 -m mem -s 3
rtcwake: assuming RTC uses UTC ...
rtcwake: wakeup from "mem" using /dev/rtc1 at Thu Jan  1 00:01:09 1970
[   18.160950] PM: Syncing filesystems ... done.
[   18.166691] Freezing user space processes ... (elapsed 0.001 seconds) done.
[   18.174857] OOM killer disabled.
[   18.178073] Freezing remaining freezable tasks ... (elapsed 0.001 seconds) done.
[   18.186690] Suspending console(s) (use no_console_suspend to debug)
[   18.209901] PM: suspend of devices complete after 16.446 msecs
[   18.211227] PM: late suspend of devices complete after 1.318 msecs
[   18.212138] PM: noirq suspend of devices complete after 0.906 msecs
[   18.212140] Disabling non-boot CPUs ...
[   18.263330] migrate_irqs: 3 callbacks suppressed
[   18.263333] IRQ352 no longer affine to CPU1
[   18.383467] IRQ353 no longer affine to CPU2
[   18.483388] IRQ354 no longer affine to CPU3
[   18.534408] Entering suspend state LP1
[   18.534408] Suspended for 3.469 seconds
[   18.534419] Enabling non-boot CPUs ...
[   18.564713] CPU1 is up
[   18.604551] CPU2 is up
[   18.644760] CPU3 is up
[   18.645201] PM: noirq resume of devices complete after 0.436 msecs
[   18.646593] PM: early resume of devices complete after 1.092 msecs
[   18.803284] mmc1: Switching to 3.3V signalling voltage failed
[   18.894906] PM: resume of devices complete after 248.304 msecs
[   18.977521] OOM killer enabled.
[   18.980650] Restarting tasks ... done.
root@(none):/# 
root@(none):/# rtcwake -d rtc1 -m mem -s 3
rtcwake: assuming RTC uses UTC ...
rtcwake: wakeup from "mem" using /dev/rtc1 at Thu Jan  1 00:01:14 1970
[   19.680222] PM: Syncing filesystems ... done.
[   19.685864] Freezing user space processes ... (elapsed 0.001 seconds) done.
[   19.694013] OOM killer disabled.
[   19.697229] Freezing remaining freezable tasks ... (elapsed 0.001 seconds) done.
[   19.705840] Suspending console(s) (use no_console_suspend to debug)
[   19.729198] PM: suspend of devices complete after 16.595 msecs
[   19.730643] PM: late suspend of devices complete after 1.436 msecs
[   19.731556] PM: noirq suspend of devices complete after 0.908 msecs
[   19.731558] Disabling non-boot CPUs ...
[   19.773303] IRQ352 no longer affine to CPU1
[   19.903435] IRQ353 no longer affine to CPU2
[   19.993355] IRQ354 no longer affine to CPU3
[   20.044386] Entering suspend state LP1
[   20.044386] Suspended for 3.489 seconds
[   20.044397] Enabling non-boot CPUs ...
[   20.074710] CPU1 is up
[   20.114519] CPU2 is up
[   20.154719] CPU3 is up
[   20.155158] PM: noirq resume of devices complete after 0.433 msecs
[   20.156665] PM: early resume of devices complete after 1.184 msecs
[   20.313249] mmc1: Switching to 3.3V signalling voltage failed
[   20.403570] PM: resume of devices complete after 246.896 msecs
[   20.481584] OOM killer enabled.
[   20.484717] Restarting tasks ... done.
root@(none):/# 
root@(none):/# NVTB SYSTEM SUSPEND TEST COMPLETE
