
U-Boot SPL 2013.04-rc2-06423-gf2e8a87-dirty (May 15 2013 - 09:45:39)


U-Boot 2013.04-rc2-06423-gf2e8a87-dirty (May 15 2013 - 09:45:39)

TEGRA30
Board: NVIDIA Beaver
DRAM:  2 GiB
MMC:   Tegra SD/MMC: 0, Tegra SD/MMC: 1
*** Warning - bad CRC, using default environment

In:    serial
Out:   serial
Err:   serial
Hit any key to stop autoboot:  2  0 
Tegra30 (Beaver) # 
Tegra30 (Beaver) # setenv bootargs 'console=ttyS0,230400n8 noinitrd root=/dev/mmcblk0p1 rw rootwait gpt ignore_loglevel debug'
Tegra30 (Beaver) # loady 0x81000000
## Ready for binary (ymodem) download to 0x81000000 at 230400 bps...
CSending: zImage
Sending: 

Transfer complete
yzModem - CRC mode, 9(SOH)/4418(STX)/0(CAN) packets, 3 retries
## Total Size      = 0x00450b28 = 4524840 Bytes
Tegra30 (Beaver) # loady 0x82000000
## Ready for binary (ymodem) download to 0x82000000 at 230400 bps...
CSending: tegra30-beaver.dtb
Sending: 

Transfer complete
xyzModem - CRC mode, 4(SOH)/23(STX)/0(CAN) packets, 3 retries
## Total Size      = 0x00005d00 = 23808 Bytes
Tegra30 (Beaver) # bootz 0x81000000 - 0x82000000
## Flattened Device Tree blob at 82000000
   Booting using the fdt blob at 0x82000000
   Loading Device Tree to 8fff7000, end 8ffffcff ... OK

Starting kernel ...

[    0.000000] Booting Linux on physical CPU 0x0
[    0.000000] Linux version 3.14.0-rc2-next-20140213-15180-gfb4a940 (pwalmsley@kaivo) (gcc version 4.7.3 20130328 (prerelease) (crosstool-NG linaro-1.13.1-4.7-2013.04-20130415 - Linaro GCC 2013.04) ) #1 SMP Wed Feb 12 22:17:20 PST 2014
[    0.000000] CPU: ARMv7 Processor [412fc099] revision 9 (ARMv7), cr=10c5387d
[    0.000000] CPU: PIPT / VIPT nonaliasing data cache, VIPT aliasing instruction cache
[    0.000000] Machine model: NVIDIA Tegra30 Beaver evaluation board
[    0.000000] debug: ignoring loglevel setting.
[    0.000000] cma: CMA: reserved 16 MiB at ae800000
[    0.000000] Memory policy: Data cache writealloc
[    0.000000] On node 0 totalpages: 524032
[    0.000000] free_area_init_node: node 0, pgdat c09407c0, node_mem_map ed7f1000
[    0.000000]   DMA zone: 1520 pages used for memmap
[    0.000000]   DMA zone: 0 pages reserved
[    0.000000]   DMA zone: 194560 pages, LIFO batch:31
[    0.000000]   HighMem zone: 2574 pages used for memmap
[    0.000000]   HighMem zone: 329472 pages, LIFO batch:31
[    0.000000] fuse_speedo_calib: ATE prog ver 3.3
[    0.000000] Tegra30: CPU Speedo ID 5, Soc Speedo ID 2
[    0.000000] Tegra Revision: A03 SKU: 128 CPU Process: 4 Core Process: 0
[    0.000000] L310 cache controller enabled
[    0.000000] l2x0: 8 ways, CACHE_ID 0x410000c7, AUX_CTRL 0x7e480001, Cache size: 1024 kB
[    0.000000] PERCPU: Embedded 7 pages/cpu @ed7bd000 s8192 r8192 d12288 u32768
[    0.000000] pcpu-alloc: s8192 r8192 d12288 u32768 alloc=8*4096
[    0.000000] pcpu-alloc: [0] 0 [0] 1 [0] 2 [0] 3 
[    0.000000] Built 1 zonelists in Zone order, mobility grouping on.  Total pages: 522512
[    0.000000] Kernel command line: console=ttyS0,230400n8 noinitrd root=/dev/mmcblk0p1 rw rootwait gpt ignore_loglevel debug
[    0.000000] PID hash table entries: 4096 (order: 2, 16384 bytes)
[    0.000000] Dentry cache hash table entries: 131072 (order: 7, 524288 bytes)
[    0.000000] Inode-cache hash table entries: 65536 (order: 6, 262144 bytes)
[    0.000000] Memory: 2052540K/2096128K available (5872K kernel code, 713K rwdata, 2348K rodata, 512K init, 288K bss, 43588K reserved, 1317888K highmem)
[    0.000000] Virtual kernel memory layout:
[    0.000000]     vector  : 0xffff0000 - 0xffff1000   (   4 kB)
[    0.000000]     fixmap  : 0xfff00000 - 0xfffe0000   ( 896 kB)
[    0.000000]     vmalloc : 0xf0000000 - 0xff000000   ( 240 MB)
[    0.000000]     lowmem  : 0xc0000000 - 0xef800000   ( 760 MB)
[    0.000000]     pkmap   : 0xbfe00000 - 0xc0000000   (   2 MB)
[    0.000000]     modules : 0xbf000000 - 0xbfe00000   (  14 MB)
[    0.000000]       .text : 0xc0008000 - 0xc080f430   (8222 kB)
[    0.000000]       .init : 0xc0810000 - 0xc0890000   ( 512 kB)
[    0.000000]       .data : 0xc0890000 - 0xc0942460   ( 714 kB)
[    0.000000]        .bss : 0xc0942468 - 0xc098a580   ( 289 kB)
[    0.000000] SLUB: HWalign=64, Order=0-3, MinObjects=0, CPUs=4, Nodes=1
[    0.000000] Hierarchical RCU implementation.
[    0.000000] NR_IRQS:16 nr_irqs:16 16
[  228.834469] sched_clock: 32 bits at 1000kHz, resolution 1000ns, wraps every 2147483648000ns
[    0.000238] Console: colour dummy device 80x30
[    0.000272] Calibrating delay loop... 2793.47 BogoMIPS (lpj=13967360)
[    0.059941] pid_max: default: 32768 minimum: 301
[    0.060071] Mount-cache hash table entries: 512
[    0.062680] CPU: Testing write buffer coherency: ok
[    0.062979] CPU0: thread -1, cpu 0, socket 0, mpidr 80000000
[    0.063021] Setting up static identity map for 0x8058c218 - 0x8058c2b0
[    0.063127] unable to find compatible sirf rstc node in dtb
[    0.064563] CPU1: Booted secondary processor
[    0.119982] CPU1: thread -1, cpu 1, socket 0, mpidr 80000001
[    0.120860] CPU2: Booted secondary processor
[    0.179981] CPU2: thread -1, cpu 2, socket 0, mpidr 80000002
[    0.180840] CPU3: Booted secondary processor
[    0.239981] CPU3: thread -1, cpu 3, socket 0, mpidr 80000003
[    0.240043] Brought up 4 CPUs
[    0.240058] SMP: Total of 4 processors activated.
[    0.240064] CPU: All CPU(s) started in SVC mode.
[    0.240637] devtmpfs: initialized
[    0.243076] VFP support v0.3: implementor 41 architecture 3 part 30 variant 9 rev 4
[    0.243340] pinctrl core: initialized pinctrl subsystem
[    0.243621] regulator-dummy: no parameters
[    0.244711] NET: Registered protocol family 16
[    0.247657] DMA: preallocated 256 KiB pool for atomic coherent allocations
[    0.248139] cpuidle: using governor ladder
[    0.248145] cpuidle: using governor menu
[    0.254633] No ATAGs?
[    0.256226] Serial: AMBA PL011 UART driver
[    0.260598] bio: create slab <bio-0> at 0
[    0.261604] edma-dma-engine edma-dma-engine.0: Can't allocate PaRAM dummy slot
[    0.261624] edma-dma-engine: probe of edma-dma-engine.0 failed with error -5
[    0.261887] vdd_5v_in: 5000 mV 
[    0.261960] platform 1.regulator: Driver reg-fixed-voltage requests probe deferral
[    0.261992] platform 2.regulator: Driver reg-fixed-voltage requests probe deferral
[    0.262082] vdd_5v_sata: 5000 mV 
[    0.262107] vdd_5v_sata: supplied by vdd_5v_in
[    0.262244] usb1_vbus: 5000 mV 
[    0.262267] usb1_vbus: supplied by vdd_5v_in
[    0.262402] usb3_vbus: 5000 mV 
[    0.262423] usb3_vbus: supplied by vdd_5v_in
[    0.262493] platform 6.regulator: Driver reg-fixed-voltage requests probe deferral
[    0.262578] sys_3v3_pexs: 3300 mV 
[    0.262603] reg-fixed-voltage 7.regulator: Failed to find supply vin
[    0.262661] reg-fixed-voltage 7.regulator: Failed to register regulator: -517
[    0.262671] platform 7.regulator: Driver reg-fixed-voltage requests probe deferral
[    0.263278] vgaarb: loaded
[    0.263586] SCSI subsystem initialized
[    0.263722] libata version 3.00 loaded.
[    0.263908] usbcore: registered new interface driver usbfs
[    0.263954] usbcore: registered new interface driver hub
[    0.264015] usbcore: registered new device driver usb
[    0.270788] vdd_1v8_gen: 1800 mV 
[    0.270835] vdd_1v8_gen: supplied by vdd_5v_in
[    0.273904] vddio_ddr_1v2: 1200 mV 
[    0.274389] vddio_ddr_1v2: supplied by vdd_5v_in
[    0.277641] vdd_1v5_gen: 1500 mV 
[    0.277672] vdd_1v5_gen: supplied by vdd_5v_in
[    0.280940] vdd_cpu,vdd_sys: 1000 mV 
[    0.283299] vdd_pexa,vdd_pexb: 1050 mV 
[    0.283331] vdd_pexa,vdd_pexb: supplied by vdd_1v5_gen
[    0.286000] vdd_sata,avdd_plle: 1050 mV 
[    0.286028] vdd_sata,avdd_plle: supplied by vdd_1v5_gen
[    0.288374] vdd_rtc: 1200 mV 
[    0.288403] vdd_rtc: supplied by vdd_5v_in
[    0.290782] vddio_sdmmc,avdd_vdac: 3300 mV 
[    0.290813] vddio_sdmmc,avdd_vdac: supplied by vdd_5v_in
[    0.293484] avdd_dsi_csi,pwrdet_mipi: 1200 mV 
[    0.293523] avdd_dsi_csi,pwrdet_mipi: supplied by vdd_1v8_gen
[    0.295859] vdd_pllm,x,u,a_p_c_s: 1200 mV 
[    0.295887] vdd_pllm,x,u,a_p_c_s: supplied by vdd_1v8_gen
[    0.298576] vdd_ddr_hs: 1000 mV 
[    0.298604] vdd_ddr_hs: supplied by vdd_1v8_gen
[    0.300359] tps62361-vout: 500 <--> 1500 mV at 1160 mV 
[    0.300463] Linux video capture interface: v2.00
[    0.300510] pps_core: LinuxPPS API ver. 1 registered
[    0.300514] pps_core: Software ver. 5.3.6 - Copyright 2005-2007 Rodolfo Giometti <giometti@linux.it>
[    0.300532] PTP clock support registered
[    0.300554] EDAC MC: Ver: 3.0.0
[    0.300955] platform 7000f010.iommu: Driver tegra-smmu requests probe deferral
[    0.301062] Advanced Linux Sound Architecture Driver Initialized.
[    0.301670] Switched to clocksource timer_us
[    0.307467] NET: Registered protocol family 2
[    0.307866] TCP established hash table entries: 8192 (order: 3, 32768 bytes)
[    0.307915] TCP bind hash table entries: 8192 (order: 4, 65536 bytes)
[    0.307999] TCP: Hash tables configured (established 8192 bind 8192)
[    0.308071] TCP: reno registered
[    0.308083] UDP hash table entries: 512 (order: 2, 16384 bytes)
[    0.308146] UDP-Lite hash table entries: 512 (order: 2, 16384 bytes)
[    0.308359] NET: Registered protocol family 1
[    0.308592] RPC: Registered named UNIX socket transport module.
[    0.308598] RPC: Registered udp transport module.
[    0.308602] RPC: Registered tcp transport module.
[    0.308605] RPC: Registered tcp NFSv4.1 backchannel transport module.
[    0.308614] PCI: CLS 0 bytes, default 64
[    0.309710] futex hash table entries: 1024 (order: 4, 65536 bytes)
[    0.310640] bounce pool size: 64 pages
[    0.315970] squashfs: version 4.0 (2009/01/31) Phillip Lougher
[    0.316519] NFS: Registering the id_resolver key type
[    0.316554] Key type id_resolver registered
[    0.316559] Key type id_legacy registered
[    0.316590] msgmni has been set to 1466
[    0.317008] Block layer SCSI generic (bsg) driver version 0.4 loaded (major 250)
[    0.317017] io scheduler noop registered
[    0.317022] io scheduler deadline registered
[    0.317132] io scheduler cfq registered (default)
[    0.318228] platform 3000.pcie-controller: Driver tegra-pcie requests probe deferral
[    0.320784] tegra-apbdma 6000a000.dma: Tegra20 APB DMA driver register 32 channels
[    0.354657] Serial: 8250/16550 driver, 4 ports, IRQ sharing disabled
[    0.355620] Serial: IMX driver
[    0.356207] 70006000.serial: ttyS0 at MMIO 0x70006000 (irq = 68, base_baud = 25500000) is a Tegra
[    0.766784] console [ttyS0] enabled
[    0.768874] STMicroelectronics ASC driver initialized
[    0.771787] serial: Freescale lpuart driver
[    0.774029] [drm] Initialized drm 1.1.0 20060810
[    0.776410] tegra-dc 54200000.dc: missing "nvidia,head" property
[    0.779505] tegra-dc 54240000.dc: missing "nvidia,head" property
[    0.783060] tegra-hdmi 54280000.hdmi: failed to get VDD regulator
[    0.786127] platform 54280000.hdmi: Driver tegra-hdmi requests probe deferral
[    0.793236] loop: module loaded
[    0.797324] m25p80 spi32766.1: w25q32 (4096 Kbytes)
[    0.801079] pegasus: v0.9.3 (2013/04/25), Pegasus/Pegasus II USB Ethernet driver
[    0.804863] usbcore: registered new interface driver pegasus
[    0.807733] usbcore: registered new interface driver asix
[    0.810475] usbcore: registered new interface driver ax88179_178a
[    0.813570] usbcore: registered new interface driver cdc_ether
[    0.816516] usbcore: registered new interface driver r815x
[    0.819297] usbcore: registered new interface driver CoreChips
[    0.822266] usbcore: registered new interface driver smsc75xx
[    0.825177] usbcore: registered new interface driver smsc95xx
[    0.828088] usbcore: registered new interface driver net1080
[    0.830947] usbcore: registered new interface driver cdc_subset
[    0.833948] usbcore: registered new interface driver zaurus
[    0.836795] usbcore: registered new interface driver cdc_ncm
[    0.839652] ehci_hcd: USB 2.0 'Enhanced' Host Controller (EHCI) Driver
[    0.842935] ehci-pci: EHCI PCI platform driver
[    0.845188] ehci-platform: EHCI generic platform driver
[    0.847883] ehci-omap: OMAP-EHCI Host Controller driver
[    0.850559] ehci-orion: EHCI orion driver
[    0.852639] SPEAr-ehci: EHCI SPEAr driver
[    0.854713] tegra-ehci: Tegra EHCI driver
[    0.856848] platform 7d004000.usb: Driver tegra-ehci requests probe deferral
[    0.860428] platform 7d008000.usb: Driver tegra-ehci requests probe deferral
[    0.864243] usbcore: registered new interface driver usb-storage
[    0.867559] platform 7d004000.usb-phy: Driver tegra-phy requests probe deferral
[    0.872864] mousedev: PS/2 mouse device common for all mice
[    0.876597] tegra_rtc 7000e000.rtc: rtc core: registered 7000e000.rtc as rtc1
[    0.880193] tegra_rtc 7000e000.rtc: Tegra internal Real Time Clock
[    0.895987] tps65910-rtc tps65910-rtc: rtc core: registered tps65910-rtc as rtc0
[    0.899786] i2c /dev entries driver
[    0.903585] sdhci: Secure Digital Host Controller Interface driver
[    0.906684] sdhci: Copyright(c) Pierre Ossman
[    0.909163] sdhci-pltfm: SDHCI platform and OF driver helper
[    0.912346] sdhci-tegra 78000000.sdhci: Got CD GPIO #69.
[    0.915021] sdhci-tegra 78000000.sdhci: Got WP GPIO #155.
[    0.918768] mmc0: no vqmmc regulator found
[    0.920825] mmc0: no vmmc regulator found
[    0.922849] mmc0: Invalid maximum block size, assuming 512 bytes
[    0.971678] mmc0: SDHCI controller on 78000000.sdhci [78000000.sdhci] using ADMA
[    0.976446] mmc1: no vqmmc regulator found
[    0.978502] mmc1: no vmmc regulator found
[    0.980512] mmc1: Invalid maximum block size, assuming 512 bytes
[    1.021674] mmc1: SDHCI controller on 78000600.sdhci [78000600.sdhci] using ADMA
[    1.027707] usbcore: registered new interface driver usbhid
[    1.032524] usbhid: USB HID core driver
[    1.180116] mmc1: new high speed MMC card at address 0001
[    1.183169] mmcblk0: mmc1:0001 SEM16G 14.8 GiB 
[    1.185571] mmcblk0boot0: mmc1:0001 SEM16G partition 1 1.00 MiB
[    1.188658] mmcblk0boot1: mmc1:0001 SEM16G partition 2 1.00 MiB
[    1.191765] mmcblk0rpmb: mmc1:0001 SEM16G partition 3 128 KiB
[    1.198548] Primary GPT is invalid, using alternate GPT.
[    1.201228]  mmcblk0: p1 p2 p3 p4 p5
[    1.206774]  mmcblk0boot1: unknown partition table
[    1.212032]  mmcblk0boot0: unknown partition table
[    1.452451] tegra30-i2s 70080400.i2s: DMA channels sourced from device 70080000.ahub
[    1.463692] tegra-snd-rt5640 sound.4: rt5640-aif1 <-> 70080400.i2s mapping ok
[    1.469263] input: NVIDIA Tegra Beaver Headphones as /devices/soc0/sound.4/sound/card0/input0
[    1.474385] TCP: cubic registered
[    1.476055] NET: Registered protocol family 17
[    1.478419] Key type dns_resolver registered
[    1.480872] Registering SWP/SWPB emulation handler
[    1.483647] vdd_sata,avdd_plle: disabling
[    1.487230] chargepump_5v: 5000 mV 
[    1.490408] vdd_ddr: 1500 mV 
[    1.491941] vdd_ddr: supplied by vdd_5v_in
[    1.495098] sys_3v3,vdd_3v3_alw: 3300 mV 
[    1.497130] sys_3v3,vdd_3v3_alw: supplied by vdd_5v_in
[    1.499880] sys_3v3_pexs: 3300 mV 
[    1.501605] sys_3v3_pexs: supplied by sys_3v3,vdd_3v3_alw
[    1.504747] tegra-pcie 3000.pcie-controller: 2x3 configuration
[    1.512185] tegra-pcie 3000.pcie-controller: probing port 0, using 2 lanes
[    1.569883] tegra-pcie 3000.pcie-controller: probing port 2, using 2 lanes
[    1.977110] tegra-pcie 3000.pcie-controller: link 2 down, retrying
[    2.383995] tegra-pcie 3000.pcie-controller: link 2 down, retrying
[    2.790876] tegra-pcie 3000.pcie-controller: link 2 down, retrying
[    2.796011] tegra-pcie 3000.pcie-controller: link 2 down, ignoring
[    2.799237] tegra-pcie 3000.pcie-controller: PCI host bridge to bus 0000:00
[    2.802747] pci_bus 0000:00: root bus resource [mem 0x20000000-0x27ffffff]
[    2.806197] pci_bus 0000:00: root bus resource [mem 0x28000000-0x3fffffff pref]
[    2.809866] pci_bus 0000:00: root bus resource [bus 00-ff]
[    2.812626] pci_bus 0000:00: root bus resource [io  0x1000-0xffff]
[    2.815749] pci 0000:00:01.0: [10de:0e1c] type 01 class 0x060400
[    2.818813] pci 0000:00:01.0: PME# supported from D0 D1 D2 D3hot D3cold
[    2.822264] PCI: bus0: Fast back to back transfers disabled
[    2.825062] pci 0000:00:01.0: bridge configuration invalid ([bus 00-00]), reconfiguring
[    2.829188] pci 0000:01:00.0: [10ec:8168] type 00 class 0x020000
[    2.832229] pci 0000:01:00.0: reg 0x10: [io  0x0000-0x00ff]
[    2.835036] pci 0000:01:00.0: reg 0x18: [mem 0x00000000-0x00000fff 64bit pref]
[    2.838665] pci 0000:01:00.0: reg 0x20: [mem 0x00000000-0x00003fff 64bit pref]
[    2.842340] pci 0000:01:00.0: supports D1 D2
[    2.844482] pci 0000:01:00.0: PME# supported from D0 D1 D2 D3hot D3cold
[    2.847909] PCI: bus1: Fast back to back transfers disabled
[    2.850708] pci_bus 0000:01: busn_res: [bus 01-ff] end is updated to 01
[    2.854066] pci 0000:00:01.0: BAR 9: assigned [mem 0x28000000-0x280fffff 64bit pref]
[    2.857953] pci 0000:00:01.0: BAR 7: assigned [io  0x1000-0x1fff]
[    2.861012] pci 0000:01:00.0: BAR 4: assigned [mem 0x28000000-0x28003fff 64bit pref]
[    2.864914] pci 0000:01:00.0: BAR 2: assigned [mem 0x28004000-0x28004fff 64bit pref]
[    2.868805] pci 0000:01:00.0: BAR 0: assigned [io  0x1000-0x10ff]
[    2.871871] pci 0000:00:01.0: PCI bridge to [bus 01]
[    2.874362] pci 0000:00:01.0:   bridge window [io  0x1000-0x1fff]
[    2.877420] pci 0000:00:01.0:   bridge window [mem 0x28000000-0x280fffff 64bit pref]
[    2.881316] pci 0000:00:01.0: nv_msi_ht_cap_quirk didn't locate host bridge
[    2.884958] r8169 Gigabit Ethernet driver 2.3LK-NAPI loaded
[    2.887787] PCI: enabling device 0000:01:00.0 (0140 -> 0143)
[    2.891167] r8169 0000:01:00.0 eth0: RTL8168evl/8111evl at 0xf002e000, 02:04:4b:01:60:a6, XID 0c900800 IRQ 472
[    2.896201] r8169 0000:01:00.0 eth0: jumbo features [frames: 9200 bytes, tx checksumming: ko]
[    2.902150] [drm] Supports vblank timestamp caching Rev 2 (21.10.2013).
[    2.905470] [drm] No driver support for vblank timestamp query.
[    2.908467] host1x drm: No connectors reported connected with modes
[    2.911614] [drm] Cannot find any crtc or sizes - going 1024x768
[    2.928320] Console: switching to colour frame buffer device 128x48
[    2.937496] host1x drm: fb0:  frame buffer device
[    2.939857] host1x drm: registered panic notifier
[    2.942233] [drm] Initialized tegra 0.0.0 20120330 on minor 0
[    2.945505] platform 7d004000.usb: Driver tegra-ehci requests probe deferral
[    2.952214] utmi_phy_clk_enable: timeout waiting for phy to stabilize
[    2.955450] tegra-ehci 7d008000.usb: EHCI Host Controller
[    2.958172] tegra-ehci 7d008000.usb: new USB bus registered, assigned bus number 1
[    2.962223] tegra-ehci 7d008000.usb: irq 129, io mem 0x7d008000
[    2.981682] tegra-ehci 7d008000.usb: USB 2.0 started, EHCI 1.00
[    2.985092] hub 1-0:1.0: USB hub found
[    2.986994] hub 1-0:1.0: 1 port detected
[    2.990471] tegra-ehci 7d004000.usb: EHCI Host Controller
[    2.993214] tegra-ehci 7d004000.usb: new USB bus registered, assigned bus number 2
[    2.997193] tegra-ehci 7d004000.usb: irq 53, io mem 0x7d004000
[    3.012068] tegra-ehci 7d004000.usb: USB 2.0 started, EHCI 1.00
[    3.015406] hub 2-0:1.0: USB hub found
[    3.017305] hub 2-0:1.0: 1 port detected
[    3.023355] tps65910-rtc tps65910-rtc: setting system clock to 2000-01-01 00:00:02 UTC (946684802)
[    3.027853] spear_cpufreq: Invalid cpufreq_tbl
[    3.033867] ALSA device list:
[    3.035456]   #0: NVIDIA Tegra Beaver
[    3.039963] EXT4-fs (mmcblk0p1): mounting ext3 file system using the ext4 subsystem
[    3.140146] EXT4-fs (mmcblk0p1): recovery complete
[    3.144066] EXT4-fs (mmcblk0p1): mounted filesystem with ordered data mode. Opts: (null)
[    3.148156] VFS: Mounted root (ext3 filesystem) on device 179:1.
[    3.155175] devtmpfs: mounted
[    3.157038] Freeing unused kernel memory: 512K (c0810000 - c0890000)
 
INIT: version 2.88 booting
[info] Using makefile-style concurrent boot in runlevel S.
[....] Starting the hotplug events dispatcher: udevd[    4.105578] udevd[173]: starting version 175
[ ok .
[....] Synthesizing the initial hotplug events...[ ok done.
[....] Waiting for /dev to be fully populated...[ ok done.
[....] Activating swap...[ ok done.
[    5.112628] EXT4-fs (mmcblk0p1): re-mounted. Opts: (null)
[....] Cleaning up temporary files... /tmp[ ok .
[....] Activating lvm and md swap...[ ok done.
[....] Checking file systems...[    6.245663] random: nonblocking pool is initialized
fsck from util-linux 2.20.1
[ ok done.
[....] Mounting local filesystems...[ ok done.
[....] Activating swapfile swap...[ ok done.
[....] Cleaning up temporary files...[ ok .
[....] Setting kernel variables ...[ ok done.
[....] Configuring network interfaces...[ ok done.
[....] Starting rpcbind daemon...rpcbind: cannot create socket for udp6
rpcbind: cannot create socket for tcp6
[ ok .
[....] Starting NFS common utilities: statd idmapd[ ok .
[....] Cleaning up temporary files...[ ok .
[....] Starting network benchmark server[ ok .
INIT: Entering runlevel: 2
[info] Using makefile-style concurrent boot in runlevel 2.
[....] Starting network benchmark server[FAIL failed!
[....] Starting rpcbind daemon...[....] Already running.[ ok .
[....] Starting NFS common utilities: statd idmapd[ ok .
[....] Starting system message bus: dbus[ ok .

Debian GNU/Linux wheezy/sid armel ttyS0

armel login: 