
U-Boot SPL 2015.04-rc3-00209-ga74ef40 (Mar 16 2015 - 14:43:39)


U-Boot 2015.04-rc3-00209-ga74ef40 (Mar 16 2015 - 14:43:39)

TEGRA20
Model: Compulab TrimSlice board
DRAM:  1 GiB
MMC:   Tegra SD/MMC: 0, Tegra SD/MMC: 1
SF: Detected W25Q80BL with page size 256 Bytes, erase size 4 KiB, total 1 MiB
tegra-pcie: PCI regions:
tegra-pcie:   I/O: 0x82000000-0x82010000
tegra-pcie:   non-prefetchable memory: 0xa0000000-0xa8000000
tegra-pcie:   prefetchable memory: 0xa8000000-0xc0000000
tegra-pcie: dual-mode configuration
tegra-pcie: probing port 0, using 2 lanes
In:    serial
Out:   serial
Err:   serial
Net:   RTL8169#0
Hit any key to stop autoboot:  2  1  0 
Tegra20 (TrimSlice) # 
Tegra20 (TrimSlice) # usb reset
resetting USB...
USB0:   USB EHCI 1.00
scanning bus 0 for devices... 3 USB Device(s) found
USB1:   USB EHCI 1.00
scanning bus 1 for devices... 1 USB Device(s) found
USB2:   lowlevel init failed
       scanning usb for storage devices... 0 Storage Device(s) found
       scanning usb for ethernet devices... 
Warning: asx0 using MAC address from net device
1 Ethernet Device(s) found
Tegra20 (TrimSlice) # setenv bootargs 'ignore_loglevel console=ttyS0,115200n8 rw root=PARTUUID=11eb23c1-01 rootwait gpt debug noinitrd earlyprintk init=/bin/bash'
Tegra20 (TrimSlice) # setenv ipaddr 192.168.100.103; setenv serverip 192.168.100.1; setenv tftpserverip 192.168.100.1
Tegra20 (TrimSlice) # tftpboot 0x00408000 zImage.tegra_defconfig
Using RTL8169#0 device
TFTP from server 192.168.100.1; our IP address is 192.168.100.103
Filename 'zImage.tegra_defconfig'.
Load address: 0x408000
Loading: *#################################################################
	 #################################################################
	 #################################################################
	 #################################################################
	 #################################################################
	 #################################################
	 4.1 MiB/s
done
Bytes transferred = 5480144 (539ed0 hex)
Tegra20 (TrimSlice) # tftpboot 0x02408000 tegra20-trimslice.dtb
Using RTL8169#0 device
TFTP from server 192.168.100.1; our IP address is 192.168.100.103
Filename 'tegra20-trimslice.dtb'.
Load address: 0x2408000
Loading: *##
	 3.4 MiB/s
done
Bytes transferred = 21404 (539c hex)
Tegra20 (TrimSlice) # bootz 0x00408000 - 0x02408000
Kernel image @ 0x408000 [ 0x000000 - 0x539ed0 ]
## Flattened Device Tree blob at 02408000
   Booting using the fdt blob at 0x2408000
   Using Device Tree in place at 02408000, end 0241039b

Starting kernel ...

Uncompressing Linux... done, booting the kernel.
[    0.000000] Booting Linux on physical CPU 0x0
[    0.000000] Linux version 4.9.0-rc5-next-20161116-134508-g56c0dbc (pwalmsley@kaivo) (gcc version 4.7.3 20130328 (prerelease) (crosstool-NG linaro-1.13.1-4.7-2013.04-20130415 - Linaro GCC 2013.04) ) #1 SMP PREEMPT Tue Nov 15 20:49:20 PST 2016
[    0.000000] CPU: ARMv7 Processor [411fc090] revision 0 (ARMv7), cr=10c5387d
[    0.000000] CPU: PIPT / VIPT nonaliasing data cache, VIPT aliasing instruction cache
[    0.000000] OF: fdt:Machine model: Compulab TrimSlice board
[    0.000000] debug: ignoring loglevel setting.
[    0.000000] bootconsole [earlycon0] enabled
[    0.000000] cma: Reserved 64 MiB at 0x3c000000
[    0.000000] Memory policy: Data cache writealloc
[    0.000000] On node 0 totalpages: 262144
[    0.000000] free_area_init_node: node 0, pgdat c0d5e180, node_mem_map ef7f7000
[    0.000000]   Normal zone: 1536 pages used for memmap
[    0.000000]   Normal zone: 0 pages reserved
[    0.000000]   Normal zone: 196608 pages, LIFO batch:31
[    0.000000]   HighMem zone: 65536 pages, LIFO batch:15
[    0.000000] percpu: Embedded 14 pages/cpu @ef7c9000 s26240 r8192 d22912 u57344
[    0.000000] pcpu-alloc: s26240 r8192 d22912 u57344 alloc=14*4096
[    0.000000] pcpu-alloc: [0] 0 [0] 1 
[    0.000000] Built 1 zonelists in Zone order, mobility grouping on.  Total pages: 260608
[    0.000000] Kernel command line: ignore_loglevel console=ttyS0,115200n8 rw root=PARTUUID=11eb23c1-01 rootwait gpt debug noinitrd earlyprintk init=/bin/bash
[    0.000000] PID hash table entries: 4096 (order: 2, 16384 bytes)
[    0.000000] Dentry cache hash table entries: 131072 (order: 7, 524288 bytes)
[    0.000000] Inode-cache hash table entries: 65536 (order: 6, 262144 bytes)
[    0.000000] Memory: 960764K/1048576K available (8192K kernel code, 382K rwdata, 2468K rodata, 1024K init, 370K bss, 22276K reserved, 65536K cma-reserved, 196608K highmem)
[    0.000000] Virtual kernel memory layout:
[    0.000000]     vector  : 0xffff0000 - 0xffff1000   (   4 kB)
[    0.000000]     fixmap  : 0xffc00000 - 0xfff00000   (3072 kB)
[    0.000000]     vmalloc : 0xf0800000 - 0xff800000   ( 240 MB)
[    0.000000]     lowmem  : 0xc0000000 - 0xf0000000   ( 768 MB)
[    0.000000]     pkmap   : 0xbfe00000 - 0xc0000000   (   2 MB)
[    0.000000]     modules : 0xbf000000 - 0xbfe00000   (  14 MB)
[    0.000000]       .text : 0xc0008000 - 0xc0900000   (9184 kB)
[    0.000000]       .init : 0xc0c00000 - 0xc0d00000   (1024 kB)
[    0.000000]       .data : 0xc0d00000 - 0xc0d5f840   ( 383 kB)
[    0.000000]        .bss : 0xc0d61000 - 0xc0dbdb1c   ( 371 kB)
[    0.000000] Preemptible hierarchical RCU implementation.
[    0.000000] 	Build-time adjustment of leaf fanout to 32.
[    0.000000] 	RCU restricting CPUs from NR_CPUS=4 to nr_cpu_ids=2.
[    0.000000] RCU: Adjusting geometry for rcu_fanout_leaf=32, nr_cpu_ids=2
[    0.000000] NR_IRQS:16 nr_irqs:16 16
[    0.000000] /interrupt-controller@60004000: 128 interrupts forwarded to /interrupt-controller@50041000
[    0.000000] L2C: platform modifies aux control register: 0x02080000 -> 0x3e480001
[    0.000000] L2C: DT/platform modifies aux control register: 0x02080000 -> 0x3e480001
[    0.000000] L2C-310 errata 727915 769419 enabled
[    0.000000] L2C-310 enabling early BRESP for Cortex-A9
[    0.000000] L2C-310: enabling full line of zeros but not enabled in Cortex-A9
[    0.000000] L2C-310 ID prefetch enabled, offset 1 lines
[    0.000000] L2C-310 cache controller enabled, 8 ways, 1024 kB
[    0.000000] L2C-310: CACHE_ID 0x410000c4, AUX_CTRL 0x7e480001
[    0.000010] sched_clock: 32 bits at 1000kHz, resolution 1000ns, wraps every 2147483647500ns
[    0.008354] clocksource: timer_us: mask: 0xffffffff max_cycles: 0xffffffff, max_idle_ns: 1911260446275 ns
[    0.017969] Switching to timer-based delay loop, resolution 1000ns
[    0.024862] Console: colour dummy device 80x30
[    0.029307] Calibrating delay loop (skipped), value calculated using timer frequency.. 2.00 BogoMIPS (lpj=10000)
[    0.039521] pid_max: default: 32768 minimum: 301
[    0.044664] Mount-cache hash table entries: 2048 (order: 1, 8192 bytes)
[    0.051278] Mountpoint-cache hash table entries: 2048 (order: 1, 8192 bytes)
[    0.060004] CPU: Testing write buffer coherency: ok
[    0.065146] CPU0: thread -1, cpu 0, socket 0, mpidr 80000000
[    0.099994] Setting up static identity map for 0x100000 - 0x100098
[    0.130266] Tegra Revision: A03 prime SKU: 8 CPU Process: 1 SoC Process: 2
[    0.137652] smp: Bringing up secondary CPUs ...
[    0.210577] CPU1: thread -1, cpu 1, socket 0, mpidr 80000001
[    0.210648] smp: Brought up 1 node, 2 CPUs
[    0.220468] SMP: Total of 2 processors activated (4.00 BogoMIPS).
[    0.226608] CPU: All CPU(s) started in SVC mode.
[    0.232363] devtmpfs: initialized
[    0.253025] VFP support v0.3: implementor 41 architecture 3 part 30 variant 9 rev 1
[    0.261264] clocksource: jiffies: mask: 0xffffffff max_cycles: 0xffffffff, max_idle_ns: 19112604462750000 ns
[    0.273843] pinctrl core: initialized pinctrl subsystem
[    0.281100] NET: Registered protocol family 16
[    0.287309] DMA: preallocated 256 KiB pool for atomic coherent allocations
[    0.297819] cpuidle: using governor menu
[    0.348432] No ATAGs?[    0.350471] hw-breakpoint: found 5 (+1 reserved) breakpoint and 1 watchpoint registers.
[    0.358499] hw-breakpoint: maximum watchpoint size is 4 bytes.
[    0.397315] usb1_vbus: Failed to request enable GPIO170: -517
[    0.403077] reg-fixed-voltage regulators:regulator@2: Failed to register regulator: -517
[    0.415183] vgaarb: loaded
[    0.419102] SCSI subsystem initialized
[    0.423154] libata version 3.00 loaded.
[    0.427717] usbcore: registered new interface driver usbfs
[    0.433375] usbcore: registered new interface driver hub
[    0.438807] usbcore: registered new device driver usb
[    0.446887] Linux video capture interface: v2.00
[    0.451636] pps_core: LinuxPPS API ver. 1 registered
[    0.456588] pps_core: Software ver. 5.3.6 - Copyright 2005-2007 Rodolfo Giometti <giometti@linux.it>
[    0.465847] PTP clock support registered
[    0.470845] Advanced Linux Sound Architecture Driver Initialized.
[    0.478700] Bluetooth: Core ver 2.22
[    0.482368] NET: Registered protocol family 31
[    0.486799] Bluetooth: HCI device and connection manager initialized
[    0.493241] Bluetooth: HCI socket layer initialized
[    0.498167] Bluetooth: L2CAP socket layer initialized
[    0.503318] Bluetooth: SCO socket layer initialized
[    0.509905] clocksource: Switched to clocksource timer_us
[    0.541770] NET: Registered protocol family 2
[    0.547332] TCP established hash table entries: 8192 (order: 3, 32768 bytes)
[    0.554450] TCP bind hash table entries: 8192 (order: 4, 65536 bytes)
[    0.560999] TCP: Hash tables configured (established 8192 bind 8192)
[    0.568028] UDP hash table entries: 512 (order: 2, 16384 bytes)
[    0.573997] UDP-Lite hash table entries: 512 (order: 2, 16384 bytes)
[    0.580722] NET: Registered protocol family 1
[    0.585921] RPC: Registered named UNIX socket transport module.
[    0.591850] RPC: Registered udp transport module.
[    0.596594] RPC: Registered tcp transport module.
[    0.601373] RPC: Registered tcp NFSv4.1 backchannel transport module.
[    0.607866] PCI: CLS 0 bytes, default 64
[    0.614253] hw perfevents: enabled with armv7_cortex_a9 PMU driver, 7 counters available
[    0.624687] futex hash table entries: 512 (order: 3, 32768 bytes)
[    0.632435] workingset: timestamp_bits=30 max_order=18 bucket_order=0
[    0.639995] squashfs: version 4.0 (2009/01/31) Phillip Lougher
[    0.646585] NFS: Registering the id_resolver key type
[    0.651680] Key type id_resolver registered
[    0.655870] Key type id_legacy registered
[    0.664413] bounce: pool size: 64 pages
[    0.668243] io scheduler noop registered (default)
[    0.678426] tegra-pcie 80003000.pcie-controller: dual-mode configuration
[    0.686218] tegra-pcie 80003000.pcie-controller: probing port 0, using 2 lanes
[    0.764348] tegra-pcie 80003000.pcie-controller: PCI host bridge to bus 0000:00
[    0.771665] pci_bus 0000:00: root bus resource [io  0x0000-0xffff]
[    0.777885] pci_bus 0000:00: root bus resource [mem 0xa0000000-0xa7ffffff]
[    0.784830] pci_bus 0000:00: root bus resource [mem 0xa8000000-0xbfffffff pref]
[    0.792196] pci_bus 0000:00: root bus resource [bus 00-ff]
[    0.797771] pci 0000:00:01.0: [10de:0bf0] type 01 class 0x060000
[    0.803866] pci 0000:00:01.0: PME# supported from D0 D1 D2 D3hot D3cold
[    0.811122] PCI: bus0: Fast back to back transfers disabled
[    0.816685] pci 0000:00:01.0: bridge configuration invalid ([bus 00-00]), reconfiguring
[    0.825133] pci 0000:01:00.0: [10ec:8168] type 00 class 0x020000
[    0.831156] pci 0000:01:00.0: reg 0x10: [io  0x0000-0x00ff]
[    0.836774] pci 0000:01:00.0: reg 0x18: [mem 0x00000000-0x00000fff 64bit pref]
[    0.844062] pci 0000:01:00.0: reg 0x20: [mem 0x00000000-0x00003fff 64bit pref]
[    0.851336] pci 0000:01:00.0: reg 0x30: [mem 0x00000000-0x0001ffff pref]
[    0.858154] pci 0000:01:00.0: supports D1 D2
[    0.862427] pci 0000:01:00.0: PME# supported from D0 D1 D2 D3hot D3cold
[    0.889943] PCI: bus1: Fast back to back transfers disabled
[    0.895508] pci_bus 0000:01: busn_res: [bus 01-ff] end is updated to 01
[    0.902199] Disabling cpuidle LP2 state, since PCIe IRQs are in use
[    0.908556] pci 0000:00:01.0: BAR 8: assigned [mem 0xa0000000-0xa00fffff]
[    0.915369] pci 0000:00:01.0: BAR 9: assigned [mem 0xa8000000-0xa80fffff 64bit pref]
[    0.923165] pci 0000:00:01.0: BAR 7: assigned [io  0x1000-0x1fff]
[    0.929314] pci 0000:01:00.0: BAR 6: assigned [mem 0xa0000000-0xa001ffff pref]
[    0.936600] pci 0000:01:00.0: BAR 4: assigned [mem 0xa8000000-0xa8003fff 64bit pref]
[    0.944407] pci 0000:01:00.0: BAR 2: assigned [mem 0xa8004000-0xa8004fff 64bit pref]
[    0.952206] pci 0000:01:00.0: BAR 0: assigned [io  0x1000-0x10ff]
[    0.958343] pci 0000:00:01.0: PCI bridge to [bus 01]
[    0.963377] pci 0000:00:01.0:   bridge window [io  0x1000-0x1fff]
[    0.969519] pci 0000:00:01.0:   bridge window [mem 0xa0000000-0xa00fffff]
[    0.976377] pci 0000:00:01.0:   bridge window [mem 0xa8000000-0xa80fffff 64bit pref]
[    0.984189] pci 0000:00:01.0: nv_msi_ht_cap_quirk didn't locate host bridge
[    0.991287] pcieport 0000:00:01.0: enabling device (0140 -> 0143)
[    0.997919] pcieport 0000:00:01.0: Signaling PME through PCIe PME interrupt
[    1.004884] pci 0000:01:00.0: Signaling PME through PCIe PME interrupt
[    1.011467] pcie_pme 0000:00:01.0:pcie001: service driver pcie_pme loaded
[    1.025601] tegra-apbdma 6000a000.dma: Tegra20 APB DMA driver register 16 channels
[    1.034707] Serial: 8250/16550 driver, 4 ports, IRQ sharing disabled
[    1.044834] console [ttyS0] disabled
[    1.048438] 70006000.serial: ttyS0 at MMIO 0x70006000 (irq = 279, base_baud = 13500000) is a Tegra
[    1.057476] console [ttyS0] enabled
[    1.057476] console [ttyS0] enabled
[    1.064449] bootconsole [earlycon0] disabled
[    1.064449] bootconsole [earlycon0] disabled
[    1.075282] [drm] Initialized
[    1.079168] 54280000.hdmi supply hdmi not found, using dummy regulator
[    1.090121] [drm] Supports vblank timestamp caching Rev 2 (21.10.2013).
[    1.096719] [drm] No driver support for vblank timestamp query.
[    1.102693] drm drm: No connectors reported connected with modes
[    1.108753] [drm] Cannot find any crtc or sizes - going 1024x768
[    1.131915] Console: switching to colour frame buffer device 128x48
[    1.145939] drm drm: fb0:  frame buffer device
[    1.150457] [drm] Initialized tegra 0.0.0 20120330 on minor 0
[    1.173274] loop: module loaded
[    1.180487] m25p80 spi32766.0: found s25fl008k, expected w25q80bl
[    1.186572] m25p80 spi32766.0: s25fl008k (1024 Kbytes)
[    1.195343] libphy: Fixed MDIO Bus: probed
[    1.199429] CAN device driver interface
[    1.203403] igb: Intel(R) Gigabit Ethernet Network Driver - version 5.4.0-k
[    1.210360] igb: Copyright (c) 2007-2014 Intel Corporation.
[    1.216208] r8169 Gigabit Ethernet driver 2.3LK-NAPI loaded
[    1.221863] r8169 0000:01:00.0: enabling device (0140 -> 0143)
[    1.229586] r8169 0000:01:00.0 eth0: RTL8168d/8111d at 0xf08e1000, 00:01:c0:13:7d:63, XID 081000c0 IRQ 296
[    1.239250] r8169 0000:01:00.0 eth0: jumbo features [frames: 9200 bytes, tx checksumming: ko]
[    1.247991] pegasus: v0.9.3 (2013/04/25), Pegasus/Pegasus II USB Ethernet driver
[    1.255538] usbcore: registered new interface driver pegasus
[    1.261391] usbcore: registered new interface driver asix
[    1.266918] usbcore: registered new interface driver ax88179_178a
[    1.273145] usbcore: registered new interface driver cdc_ether
[    1.279136] usbcore: registered new interface driver smsc75xx
[    1.285079] usbcore: registered new interface driver smsc95xx
[    1.290956] usbcore: registered new interface driver net1080
[    1.296729] usbcore: registered new interface driver cdc_subset
[    1.302787] usbcore: registered new interface driver zaurus
[    1.308520] usbcore: registered new interface driver cdc_ncm
[    1.314542] tegra-phy c5004000.usb-phy: no vbus regulator
[    1.321068] tegra-phy c5008000.usb-phy: no vbus regulator
[    1.326594] ehci_hcd: USB 2.0 'Enhanced' Host Controller (EHCI) Driver
[    1.333141] ehci-pci: EHCI PCI platform driver
[    1.337713] tegra-ehci: Tegra EHCI driver
[    1.401115] ulpi_phy_power_on: ulpi write failed
[    1.405723] tegra-ehci c5004000.usb: Failed to power on the phy
[    1.411661] tegra-ehci: probe of c5004000.usb failed with error -110
[    1.420673] tegra-ehci c5008000.usb: EHCI Host Controller
[    1.426101] tegra-ehci c5008000.usb: new USB bus registered, assigned bus number 1
[    1.434051] tegra-ehci c5008000.usb: irq 290, io mem 0xc5008000
[    1.469927] tegra-ehci c5008000.usb: USB 2.0 started, EHCI 1.00
[    1.477607] hub 1-0:1.0: USB hub found
[    1.481421] hub 1-0:1.0: 1 port detected
[    1.486811] usbcore: registered new interface driver cdc_acm
[    1.492471] cdc_acm: USB Abstract Control Model driver for USB modems and ISDN adapters
[    1.500629] usbcore: registered new interface driver cdc_wdm
[    1.506478] usbcore: registered new interface driver usb-storage
[    1.513334] mousedev: PS/2 mouse device common for all mice
[    1.521365] rtc-em3027 2-0056: rtc core: registered rtc-em3027 as rtc0
[    1.529051] tegra_rtc 7000e000.rtc: rtc core: registered 7000e000.rtc as rtc1
[    1.536292] tegra_rtc 7000e000.rtc: Tegra internal Real Time Clock
[    1.542865] i2c /dev entries driver
[    1.548015] usbcore: registered new interface driver uvcvideo
[    1.553763] USB Video Class driver (1.1.1)
[    1.557845] gspca_main: v2.14.0 registered
[    1.563997] sdhci: Secure Digital Host Controller Interface driver
[    1.570205] sdhci: Copyright(c) Pierre Ossman
[    1.574548] sdhci-pltfm: SDHCI platform and OF driver helper
[    1.580739] mmc0: Invalid maximum block size, assuming 512 bytes
[    1.639929] mmc0: SDHCI controller on c8000000.sdhci [c8000000.sdhci] using ADMA
[    1.647476] sdhci-tegra c8000600.sdhci: Got CD GPIO
[    1.652411] sdhci-tegra c8000600.sdhci: Got WP GPIO
[    1.657471] mmc1: Invalid maximum block size, assuming 512 bytes
[    1.720117] mmc1: SDHCI controller on c8000600.sdhci [c8000600.sdhci] using ADMA
[    1.728421] usbcore: registered new interface driver usbhid
[    1.734111] usbhid: USB HID core driver
[    1.752712] tlv320aic23-codec 2-001a: Control not supported for path LLINEIN -> [NULL] -> Line Input
[    1.761880] tlv320aic23-codec 2-001a: ASoC: no dapm match for LLINEIN --> NULL --> Line Input
[    1.770500] tlv320aic23-codec 2-001a: ASoC: Failed to add route LLINEIN -> NULL -> Line Input
[    1.779072] tlv320aic23-codec 2-001a: Control not supported for path RLINEIN -> [NULL] -> Line Input
[    1.788286] tlv320aic23-codec 2-001a: ASoC: no dapm match for RLINEIN --> NULL --> Line Input
[    1.796808] tlv320aic23-codec 2-001a: ASoC: Failed to add route RLINEIN -> NULL -> Line Input
[    1.805355] tlv320aic23-codec 2-001a: Control not supported for path MICIN -> [NULL] -> Mic Input
[    1.814285] tlv320aic23-codec 2-001a: ASoC: no dapm match for MICIN --> NULL --> Mic Input
[    1.822612] tlv320aic23-codec 2-001a: ASoC: Failed to add route MICIN -> NULL -> Mic Input
[    1.832178] tegra-snd-trimslice sound: tlv320aic23-hifi <-> 70002800.i2s mapping ok
[    1.843423] NET: Registered protocol family 10
[    1.847885] mmc0: host does not support reading read-only switch, assuming write-enable
[    1.855948] usb 1-1: new high-speed USB device number 2 using tegra-ehci
[    1.856119] mmc0: new high speed SDHC card at address b368
[    1.869365] mmcblk0: mmc0:b368 NCard 3.70 GiB 
[    1.877405]  mmcblk0: p1
[    1.885539] mmc1: new high speed SD card at address b368
[    1.902205] mmcblk1: mmc1:b368 NCard 1.83 GiB (ro)
[    1.910328]  mmcblk1: p1 p2
[    2.019930] IPv6: Attempt to unregister permanent protocol 6
[    2.025624] IPv6: Attempt to unregister permanent protocol 136
[    2.031506] IPv6: Attempt to unregister permanent protocol 17
[    2.042468] hub 1-1:1.0: USB hub found
[    2.046382] hub 1-1:1.0: 4 ports detected
[    2.370007] usb 1-1.2: new high-speed USB device number 3 using tegra-ehci
[    2.450124] NET: Unregistered protocol family 10
[    2.455159] IPv6: ah6_init: can't add xfrm type
[    2.459696] IPv6: esp6_init: can't add xfrm type
[    2.464422] IPv6: ipcomp6_init: can't add xfrm type
[    2.469605] mip6: Mobile IPv6
[    2.472620] mip6: mip6_init: can't add xfrm type(destopt)
[    2.478036] sit: IPv6, IPv4 and MPLS over IPv4 tunneling driver
[    2.493152] NET: Registered protocol family 17
[    2.497712] NET: Registered protocol family 15
[    2.502210] can: controller area network core (rev 20120528 abi 9)
[    2.508968] NET: Registered protocol family 29
[    2.513468] can: raw protocol (rev 20120528)
[    2.517744] can: broadcast manager protocol (rev 20160617 t)
[    2.523482] can: netlink gateway (rev 20130117) max_hops=1
[    2.529503] Bluetooth: RFCOMM socket layer initialized
[    2.534765] Bluetooth: RFCOMM ver 1.11
[    2.538798] Bluetooth: BNEP (Ethernet Emulation) ver 1.3
[    2.544207] Bluetooth: BNEP socket layer initialized
[    2.549176] Bluetooth: HIDP (Human Interface Emulation) ver 1.2
[    2.555175] Bluetooth: HIDP socket layer initialized
[    2.561189] Key type dns_resolver registered
[    2.567817] Registering SWP/SWPB emulation handler
[    2.606964] tegra-ehci c5000000.usb: EHCI Host Controller
[    2.612587] tegra-ehci c5000000.usb: new USB bus registered, assigned bus number 2
[    2.621462] tegra-ehci c5000000.usb: irq 288, io mem 0xc5000000
[    2.649989] tegra-ehci c5000000.usb: USB 2.0 started, EHCI 1.00
[    2.661482] hub 2-0:1.0: USB hub found
[    2.665349] hub 2-0:1.0: 1 port detected
[    2.674614] input: gpio-keys as /devices/soc0/gpio-keys/input/input0
[    2.683638] rtc-em3027 2-0056: setting system clock to 2015-02-05 23:28:14 UTC (1423178894)
[    2.692788] ALSA device list:
[    2.695767]   #0: tegra-trimslice
[    3.002039] asix 1-1.2:1.0 eth1: register 'asix' at usb-c5008000.usb-1.2, ASIX AX88772 USB 2.0 Ethernet, 00:60:6e:60:6c:68
[    3.014242] EXT4-fs (mmcblk0p1): mounting ext3 file system using the ext4 subsystem
[    3.104795] EXT4-fs (mmcblk0p1): recovery complete
[    3.109634] EXT4-fs (mmcblk0p1): mounted filesystem with ordered data mode. Opts: (null)
[    3.118060] VFS: Mounted root (ext3 filesystem) on device 179:1.
[    3.127374] random: fast init done
[    3.138393] devtmpfs: mounted
[    3.145600] Freeing unused kernel memory: 1024K
bash: cannot set terminal process group (-1): Inappropriate ioctl for device
bash: no job control in this shell
root@(none):/# mount -t sysfs none /sys
root@(none):/# 
root@(none):/# mount -t debugfs none /sys/kernel/debug
root@(none):/# 
root@(none):/# rtcwake -d rtc1 -m mem -s 3
rtcwake: assuming RTC uses UTC ...
rtcwake: wakeup from "mem" using /dev/rtc1 at Thu Jan  1 00:00:24 1970
[    8.242202] PM: Syncing filesystems ... done.
[    8.261869] Freezing user space processes ... (elapsed 0.001 seconds) done.
[    8.263323] Freezing remaining freezable tasks ... (elapsed 0.001 seconds) done.
[    8.263333] Suspending console(s) (use no_console_suspend to debug)
[    8.340922] asix 1-1.2:1.0 eth1: Failed to read reg index 0x0000: -19
[    8.340949] asix 1-1.2:1.0 eth1: Error reading Medium Status register: ffffffed
[    8.340976] asix 1-1.2:1.0 eth1: Failed to write reg index 0x0000: -19
[    8.340999] asix 1-1.2:1.0 eth1: Failed to write Medium Mode mode to 0xfeed: ffffffed
[    8.360549] PM: suspend of devices complete after 46.929 msecs
[    8.363039] PM: late suspend of devices complete after 2.459 msecs
[    8.390641] PM: noirq suspend of devices complete after 27.571 msecs
[    8.390653] Disabling non-boot CPUs ...
[    8.452787] CPU1: shutdown
[    8.521295] Entering suspend state LP1
[    8.521295] Suspended for 1.336 seconds
[    8.521392] Enabling non-boot CPUs ...
[    8.563246] CPU1 is up
[    8.564199] pcieport 0000:00:01.0: nv_msi_ht_cap_quirk didn't locate host bridge
[    8.590269] PM: noirq resume of devices complete after 26.991 msecs
[    8.593102] PM: early resume of devices complete after 1.881 msecs
[    9.131499] PM: resume of devices complete after 538.364 msecs
[    9.224621] Restarting tasks ... done.
root@(none):/# 
root@(none):/# rtcwake -d rtc1 -m mem -s 3
rtcwake: assuming RTC uses UTC ...
rtcwake: wakeup from "mem" using /dev/rtc1 at Thu Jan  1 00:00:29 1970
[   10.179664] PM: Syncing filesystems ... done.
[   10.201824] Freezing user space processes ... (elapsed 0.001 seconds) done.
[   10.203276] Freezing remaining freezable tasks ... (elapsed 0.001 seconds) done.
[   10.203286] Suspending console(s) (use no_console_suspend to debug)
[   10.270991] asix 1-1.2:1.0 eth1: Failed to read reg index 0x0000: -19
[   10.271017] asix 1-1.2:1.0 eth1: Error reading Medium Status register: ffffffed
[   10.271045] asix 1-1.2:1.0 eth1: Failed to write reg index 0x0000: -19
[   10.271068] asix 1-1.2:1.0 eth1: Failed to write Medium Mode mode to 0xfeed: ffffffed
[   10.292771] PM: suspend of devices complete after 45.411 msecs
[   10.296274] PM: late suspend of devices complete after 3.470 msecs
[   10.320624] PM: noirq suspend of devices complete after 24.319 msecs
[   10.320635] Disabling non-boot CPUs ...
[   10.371967] CPU1: shutdown
[   10.410345] Entering suspend state LP1
[   10.410345] Suspended for 3.110 seconds
[   10.410442] Enabling non-boot CPUs ...
[   10.453171] CPU1 is up
[   10.454770] pcieport 0000:00:01.0: nv_msi_ht_cap_quirk didn't locate host bridge
[   10.480174] PM: noirq resume of devices complete after 26.971 msecs
[   10.483523] PM: early resume of devices complete after 2.399 msecs
[   11.030922] PM: resume of devices complete after 547.367 msecs
[   11.124198] Restarting tasks ... done.
root@(none):/# 
root@(none):/# rtcwake -d rtc1 -m mem -s 3
rtcwake: assuming RTC uses UTC ...
rtcwake: wakeup from "mem" using /dev/rtc1 at Thu Jan  1 00:00:34 1970
[   12.059186] PM: Syncing filesystems ... done.
[   12.081676] Freezing user space processes ... (elapsed 0.001 seconds) done.
[   12.083120] Freezing remaining freezable tasks ... (elapsed 0.001 seconds) done.
[   12.083130] Suspending console(s) (use no_console_suspend to debug)
[   12.152428] asix 1-1.2:1.0 eth1: Failed to read reg index 0x0000: -19
[   12.152454] asix 1-1.2:1.0 eth1: Error reading Medium Status register: ffffffed
[   12.152482] asix 1-1.2:1.0 eth1: Failed to write reg index 0x0000: -19
[   12.152504] asix 1-1.2:1.0 eth1: Failed to write Medium Mode mode to 0xfeed: ffffffed
[   12.173571] PM: suspend of devices complete after 46.892 msecs
[   12.177239] PM: late suspend of devices complete after 3.636 msecs
[   12.210500] PM: noirq suspend of devices complete after 33.231 msecs
[   12.210511] Disabling non-boot CPUs ...
[   12.251808] CPU1: shutdown
[   12.310153] Entering suspend state LP1
[   12.310153] Suspended for 3.100 seconds
[   12.310251] Enabling non-boot CPUs ...
[   12.353127] CPU1 is up
[   12.354822] pcieport 0000:00:01.0: nv_msi_ht_cap_quirk didn't locate host bridge
[   12.379987] PM: noirq resume of devices complete after 26.827 msecs
[   12.383028] PM: early resume of devices complete after 2.067 msecs
[   12.920769] PM: resume of devices complete after 537.709 msecs
[   13.014052] Restarting tasks ... done.
root@(none):/# 
root@(none):/# rtcwake -d rtc1 -m mem -s 3
rtcwake: assuming RTC uses UTC ...
rtcwake: wakeup from "mem" using /dev/rtc1 at Thu Jan  1 00:00:39 1970
[   13.959364] PM: Syncing filesystems ... done.
[   13.981594] Freezing user space processes ... (elapsed 0.001 seconds) done.
[   13.983054] Freezing remaining freezable tasks ... (elapsed 0.001 seconds) done.
[   13.983064] Suspending console(s) (use no_console_suspend to debug)
[   14.052667] asix 1-1.2:1.0 eth1: Failed to read reg index 0x0000: -19
[   14.052694] asix 1-1.2:1.0 eth1: Error reading Medium Status register: ffffffed
[   14.052719] asix 1-1.2:1.0 eth1: Failed to write reg index 0x0000: -19
[   14.052742] asix 1-1.2:1.0 eth1: Failed to write Medium Mode mode to 0xfeed: ffffffed
[   14.073041] PM: suspend of devices complete after 46.121 msecs
[   14.076730] PM: late suspend of devices complete after 3.657 msecs
[   14.110439] PM: noirq suspend of devices complete after 33.678 msecs
[   14.110451] Disabling non-boot CPUs ...
[   14.151744] CPU1: shutdown
[   14.210298] Entering suspend state LP1
[   14.210298] Suspended for 3.099 seconds
[   14.210394] Enabling non-boot CPUs ...
[   14.252993] CPU1 is up
[   14.254199] pcieport 0000:00:01.0: nv_msi_ht_cap_quirk didn't locate host bridge
[   14.279886] PM: noirq resume of devices complete after 26.861 msecs
[   14.283155] PM: early resume of devices complete after 2.294 msecs
[   14.831770] PM: resume of devices complete after 548.583 msecs
[   14.924957] Restarting tasks ... done.
root@(none):/# 
root@(none):/# rtcwake -d rtc1 -m mem -s 3
rtcwake: assuming RTC uses UTC ...
rtcwake: wakeup from "mem" using /dev/rtc1 at Thu Jan  1 00:00:44 1970
[   15.859031] PM: Syncing filesystems ... done.
[   15.881514] Freezing user space processes ... (elapsed 0.001 seconds) done.
[   15.882971] Freezing remaining freezable tasks ... (elapsed 0.001 seconds) done.
[   15.882981] Suspending console(s) (use no_console_suspend to debug)
[   15.952165] asix 1-1.2:1.0 eth1: Failed to read reg index 0x0000: -19
[   15.952192] asix 1-1.2:1.0 eth1: Error reading Medium Status register: ffffffed
[   15.952219] asix 1-1.2:1.0 eth1: Failed to write reg index 0x0000: -19
[   15.952241] asix 1-1.2:1.0 eth1: Failed to write Medium Mode mode to 0xfeed: ffffffed
[   15.972455] PM: suspend of devices complete after 45.910 msecs
[   15.976221] PM: late suspend of devices complete after 3.736 msecs
[   16.000329] PM: noirq suspend of devices complete after 24.079 msecs
[   16.000340] Disabling non-boot CPUs ...
[   16.041615] CPU1: shutdown
[   16.101434] Entering suspend state LP1
[   16.101434] Suspended for 3.108 seconds
[   16.101530] Enabling non-boot CPUs ...
[   16.142918] CPU1 is up
[   16.144221] pcieport 0000:00:01.0: nv_msi_ht_cap_quirk didn't locate host bridge
[   16.169793] PM: noirq resume of devices complete after 26.843 msecs
[   16.172912] PM: early resume of devices complete after 2.161 msecs
[   16.720870] PM: resume of devices complete after 547.926 msecs
[   16.814882] Restarting tasks ... done.
root@(none):/# 
root@(none):/# rtcwake -d rtc1 -m mem -s 3
rtcwake: assuming RTC uses UTC ...
rtcwake: wakeup from "mem" using /dev/rtc1 at Thu Jan  1 00:00:49 1970
[   17.759004] PM: Syncing filesystems ... done.
[   17.781417] Freezing user space processes ... (elapsed 0.001 seconds) done.
[   17.782878] Freezing remaining freezable tasks ... (elapsed 0.001 seconds) done.
[   17.782888] Suspending console(s) (use no_console_suspend to debug)
[   17.850736] asix 1-1.2:1.0 eth1: Failed to read reg index 0x0000: -19
[   17.850762] asix 1-1.2:1.0 eth1: Error reading Medium Status register: ffffffed
[   17.850791] asix 1-1.2:1.0 eth1: Failed to write reg index 0x0000: -19
[   17.850814] asix 1-1.2:1.0 eth1: Failed to write Medium Mode mode to 0xfeed: ffffffed
[   17.872005] PM: suspend of devices complete after 47.234 msecs
[   17.875742] PM: late suspend of devices complete after 3.707 msecs
[   17.900218] PM: noirq suspend of devices complete after 24.446 msecs
[   17.900230] Disabling non-boot CPUs ...
[   17.951524] CPU1: shutdown
[   17.990038] Entering suspend state LP1
[   17.990038] Suspended for 3.111 seconds
[   17.990136] Enabling non-boot CPUs ...
[   18.032812] CPU1 is up
[   18.034300] pcieport 0000:00:01.0: nv_msi_ht_cap_quirk didn't locate host bridge
[   18.059703] PM: noirq resume of devices complete after 26.858 msecs
[   18.062976] PM: early resume of devices complete after 2.311 msecs
[   18.611479] PM: resume of devices complete after 548.470 msecs
[   18.705467] Restarting tasks ... done.
root@(none):/# 
root@(none):/# rtcwake -d rtc1 -m mem -s 3
rtcwake: assuming RTC uses UTC ...
rtcwake: wakeup from "mem" using /dev/rtc1 at Thu Jan  1 00:00:54 1970
[   19.648952] PM: Syncing filesystems ... done.
[   19.671322] Freezing user space processes ... (elapsed 0.001 seconds) done.
[   19.672782] Freezing remaining freezable tasks ... (elapsed 0.001 seconds) done.
[   19.672793] Suspending console(s) (use no_console_suspend to debug)
[   19.740717] asix 1-1.2:1.0 eth1: Failed to read reg index 0x0000: -19
[   19.740743] asix 1-1.2:1.0 eth1: Error reading Medium Status register: ffffffed
[   19.740770] asix 1-1.2:1.0 eth1: Failed to write reg index 0x0000: -19
[   19.740792] asix 1-1.2:1.0 eth1: Failed to write Medium Mode mode to 0xfeed: ffffffed
[   19.761493] PM: suspend of devices complete after 46.743 msecs
[   19.765243] PM: late suspend of devices complete after 3.719 msecs
[   19.790131] PM: noirq suspend of devices complete after 24.858 msecs
[   19.790143] Disabling non-boot CPUs ...
[   19.831423] CPU1: shutdown
[   19.890009] Entering suspend state LP1
[   19.890009] Suspended for 3.099 seconds
[   19.890110] Enabling non-boot CPUs ...
[   19.932714] CPU1 is up
[   19.934206] pcieport 0000:00:01.0: nv_msi_ht_cap_quirk didn't locate host bridge
[   19.959617] PM: noirq resume of devices complete after 26.871 msecs
[   19.962899] PM: early resume of devices complete after 2.321 msecs
[   20.510796] PM: resume of devices complete after 547.845 msecs
[   20.603996] Restarting tasks ... done.
root@(none):/# 
root@(none):/# rtcwake -d rtc1 -m mem -s 3
rtcwake: assuming RTC uses UTC ...
rtcwake: wakeup from "mem" using /dev/rtc1 at Thu Jan  1 00:00:59 1970
[   21.548952] PM: Syncing filesystems ... done.
[   21.571227] Freezing user space processes ... (elapsed 0.001 seconds) done.
[   21.572706] Freezing remaining freezable tasks ... (elapsed 0.001 seconds) done.
[   21.572717] Suspending console(s) (use no_console_suspend to debug)
[   21.642019] asix 1-1.2:1.0 eth1: Failed to read reg index 0x0000: -19
[   21.642045] asix 1-1.2:1.0 eth1: Error reading Medium Status register: ffffffed
[   21.642073] asix 1-1.2:1.0 eth1: Failed to write reg index 0x0000: -19
[   21.642096] asix 1-1.2:1.0 eth1: Failed to write Medium Mode mode to 0xfeed: ffffffed
[   21.661233] PM: suspend of devices complete after 44.759 msecs
[   21.664982] PM: late suspend of devices complete after 3.719 msecs
[   21.690019] PM: noirq suspend of devices complete after 25.007 msecs
[   21.690030] Disabling non-boot CPUs ...
[   21.741369] CPU1: shutdown
[   21.779686] Entering suspend state LP1
[   21.779686] Suspended for 3.110 seconds
[   21.779782] Enabling non-boot CPUs ...
[   21.822606] CPU1 is up
[   21.824059] pcieport 0000:00:01.0: nv_msi_ht_cap_quirk didn't locate host bridge
[   21.849614] PM: noirq resume of devices complete after 26.975 msecs
[   21.852975] PM: early resume of devices complete after 2.388 msecs
[   22.401209] PM: resume of devices complete after 548.201 msecs
[   22.495239] Restarting tasks ... done.
root@(none):/# 
root@(none):/# rtcwake -d rtc1 -m mem -s 3
rtcwake: assuming RTC uses UTC ...
rtcwake: wakeup from "mem" using /dev/rtc1 at Thu Jan  1 00:01:04 1970
[   23.438692] PM: Syncing filesystems ... done.
[   23.460906] Freezing user space processes ... (elapsed 0.001 seconds) done.
[   23.462242] Freezing remaining freezable tasks ... (elapsed 0.001 seconds) done.
[   23.462250] Suspending console(s) (use no_console_suspend to debug)
[   23.520079] asix 1-1.2:1.0 eth1: Failed to read reg index 0x0000: -19
[   23.520105] asix 1-1.2:1.0 eth1: Error reading Medium Status register: ffffffed
[   23.520131] asix 1-1.2:1.0 eth1: Failed to write reg index 0x0000: -19
[   23.520154] asix 1-1.2:1.0 eth1: Failed to write Medium Mode mode to 0xfeed: ffffffed
[   23.541732] PM: suspend of devices complete after 48.380 msecs
[   23.545252] PM: late suspend of devices complete after 3.489 msecs
[   23.569904] PM: noirq suspend of devices complete after 24.620 msecs
[   23.569915] Disabling non-boot CPUs ...
[   23.621317] CPU1: shutdown
[   23.659047] Entering suspend state LP1
[   23.659047] Suspended for 3.120 seconds
[   23.659278] Enabling non-boot CPUs ...
[   23.702538] CPU1 is up
[   23.704189] pcieport 0000:00:01.0: nv_msi_ht_cap_quirk didn't locate host bridge
[   23.729521] PM: noirq resume of devices complete after 26.951 msecs
[   23.732811] PM: early resume of devices complete after 2.314 msecs
[   24.280710] PM: resume of devices complete after 547.866 msecs
[   24.374711] Restarting tasks ... done.
root@(none):/# 
root@(none):/# rtcwake -d rtc1 -m mem -s 3
rtcwake: assuming RTC uses UTC ...
rtcwake: wakeup from "mem" using /dev/rtc1 at Thu Jan  1 00:01:09 1970
[   25.318698] PM: Syncing filesystems ... done.
[   25.341096] Freezing user space processes ... (elapsed 0.001 seconds) done.
[   25.342572] Freezing remaining freezable tasks ... (elapsed 0.001 seconds) done.
[   25.342582] Suspending console(s) (use no_console_suspend to debug)
[   25.409851] asix 1-1.2:1.0 eth1: Failed to read reg index 0x0000: -19
[   25.409877] asix 1-1.2:1.0 eth1: Error reading Medium Status register: ffffffed
[   25.409903] asix 1-1.2:1.0 eth1: Failed to write reg index 0x0000: -19
[   25.409926] asix 1-1.2:1.0 eth1: Failed to write Medium Mode mode to 0xfeed: ffffffed
[   25.431510] PM: suspend of devices complete after 45.013 msecs
[   25.433783] PM: late suspend of devices complete after 2.242 msecs
[   25.459872] PM: noirq suspend of devices complete after 26.059 msecs
[   25.459884] Disabling non-boot CPUs ...
[   25.511225] CPU1: shutdown
[   25.548778] Entering suspend state LP1
[   25.548778] Suspended for 3.110 seconds
[   25.548874] Enabling non-boot CPUs ...
[   25.592444] CPU1 is up
[   25.594000] pcieport 0000:00:01.0: nv_msi_ht_cap_quirk didn't locate host bridge
[   25.619426] PM: noirq resume of devices complete after 26.949 msecs
[   25.622438] PM: early resume of devices complete after 2.058 msecs
[   26.160707] PM: resume of devices complete after 538.237 msecs
[   26.253867] Restarting tasks ... done.
root@(none):/# 
root@(none):/# NVTB SYSTEM SUSPEND TEST COMPLETE
