
U-Boot SPL 2016.05-rc2 (Apr 21 2016 - 16:23:00)
Trying to boot from RAM


U-Boot 2016.05-rc2 (Apr 21 2016 - 16:23:00 -0700)

TEGRA124
Model: NVIDIA Jetson TK1
Board: NVIDIA Jetson TK1
DRAM:  2 GiB
MMC:   Tegra SD/MMC: 0, Tegra SD/MMC: 1
In:    serial
Out:   serial
Err:   serial
Net:   No ethernet found.
Hit any key to stop autoboot:  2  0 
Tegra124 (Jetson TK1) # 
Tegra124 (Jetson TK1) # pci enum
Tegra124 (Jetson TK1) # setenv bootargs 'ignore_loglevel console=ttyS0,115200n8 rw root=PARTUUID=b1791faa-84e8-4e27-83a1-9fb0a77e8803 rootwait gpt debug noinitrd earlyprintk init=/bin/bash'
Tegra124 (Jetson TK1) # setenv ipaddr 192.168.100.102; setenv serverip 192.168.100.1; setenv tftpserverip 192.168.100.1
Tegra124 (Jetson TK1) # tftpboot 0x82000000 zImage.tegra_defconfig%tegra-fw

Warning: eth_rtl8169 using MAC address from ROM
Using eth_rtl8169 device
TFTP from server 192.168.100.1; our IP address is 192.168.100.102
Filename 'zImage.tegra_defconfig%tegra-fw'.
Load address: 0x82000000
Loading: *#################################################################
	 #################################################################
	 #################################################################
	 #################################################################
	 #################################################################
	 #################################################################
	 #############################################
	 3.4 MiB/s
done
Bytes transferred = 6377936 (6151d0 hex)
Tegra124 (Jetson TK1) # tftpboot 0x83000000 tegra124-jetson-tk1.dtb
Using eth_rtl8169 device
TFTP from server 192.168.100.1; our IP address is 192.168.100.102
Filename 'tegra124-jetson-tk1.dtb'.
Load address: 0x83000000
Loading: *#####
	 3.3 MiB/s
done
Bytes transferred = 66544 (103f0 hex)
Tegra124 (Jetson TK1) # bootz 0x82000000 - 0x83000000
Kernel image @ 0x82000000 [ 0x000000 - 0x6151d0 ]
## Flattened Device Tree blob at 83000000
   Booting using the fdt blob at 0x83000000
   Using Device Tree in place at 83000000, end 830133ef

Starting kernel ...

[    0.000000] Booting Linux on physical CPU 0x0
[    0.000000] Linux version 4.15.0-rc8-next-20180119-228575-g761914d (jonathanh@sellafield) (gcc version 4.7.3 20130328 (prerelease) (crosstool-NG linaro-1.13.1-4.7-2013.04-20130415 - Linaro GCC 2013.04)) #1 SMP PREEMPT Tue Jan 23 09:33:16 PST 2018
[    0.000000] CPU: ARMv7 Processor [413fc0f3] revision 3 (ARMv7), cr=10c5387d
[    0.000000] CPU: div instructions available: patching division code
[    0.000000] CPU: PIPT / VIPT nonaliasing data cache, PIPT instruction cache
[    0.000000] OF: fdt: Machine model: NVIDIA Tegra124 Jetson TK1
[    0.000000] debug: ignoring loglevel setting.
[    0.000000] bootconsole [earlycon0] enabled
[    0.000000] Memory policy: Data cache writealloc
[    0.000000] cma: Reserved 64 MiB at 0xfbc00000
[    0.000000] On node 0 totalpages: 524032
[    0.000000]   Normal zone: 1536 pages used for memmap
[    0.000000]   Normal zone: 0 pages reserved
[    0.000000]   Normal zone: 196608 pages, LIFO batch:31
[    0.000000]   HighMem zone: 327424 pages, LIFO batch:31
[    0.000000] random: fast init done
[    0.000000] percpu: Embedded 17 pages/cpu @(ptrval) s39296 r8192 d22144 u69632
[    0.000000] pcpu-alloc: s39296 r8192 d22144 u69632 alloc=17*4096
[    0.000000] pcpu-alloc: [0] 0 [0] 1 [0] 2 [0] 3 
[    0.000000] Built 1 zonelists, mobility grouping on.  Total pages: 522496
[    0.000000] Kernel command line: ignore_loglevel console=ttyS0,115200n8 rw root=PARTUUID=b1791faa-84e8-4e27-83a1-9fb0a77e8803 rootwait gpt debug noinitrd earlyprintk init=/bin/bash
[    0.000000] Dentry cache hash table entries: 131072 (order: 7, 524288 bytes)
[    0.000000] Inode-cache hash table entries: 65536 (order: 6, 262144 bytes)
[    0.000000] Memory: 1997464K/2096128K available (9216K kernel code, 782K rwdata, 2844K rodata, 1024K init, 298K bss, 33128K reserved, 65536K cma-reserved, 1244160K highmem)
[    0.000000] Virtual kernel memory layout:
[    0.000000]     vector  : 0xffff0000 - 0xffff1000   (   4 kB)
[    0.000000]     fixmap  : 0xffc00000 - 0xfff00000   (3072 kB)
[    0.000000]     vmalloc : 0xf0800000 - 0xff800000   ( 240 MB)
[    0.000000]     lowmem  : 0xc0000000 - 0xf0000000   ( 768 MB)
[    0.000000]     pkmap   : 0xbfe00000 - 0xc0000000   (   2 MB)
[    0.000000]     modules : 0xbf000000 - 0xbfe00000   (  14 MB)
[    0.000000]       .text : 0x(ptrval) - 0x(ptrval)   (10208 kB)
[    0.000000]       .init : 0x(ptrval) - 0x(ptrval)   (1024 kB)
[    0.000000]       .data : 0x(ptrval) - 0x(ptrval)   ( 783 kB)
[    0.000000]        .bss : 0x(ptrval) - 0x(ptrval)   ( 299 kB)
[    0.000000] Preemptible hierarchical RCU implementation.
[    0.000000] 	Tasks RCU enabled.
[    0.000000] NR_IRQS: 16, nr_irqs: 16, preallocated irqs: 16
[    0.000000] /interrupt-controller@60004000: 160 interrupts forwarded to /interrupt-controller@50041000
[    0.000000] Tegra clk 127: register failed with -17
[    0.000009] sched_clock: 32 bits at 1000kHz, resolution 1000ns, wraps every 2147483647500ns
[    0.007455] clocksource: timer_us: mask: 0xffffffff max_cycles: 0xffffffff, max_idle_ns: 1911260446275 ns
[    0.016984] Switching to timer-based delay loop, resolution 1000ns
[    0.024158] arch_timer: cp15 timer(s) running at 12.00MHz (virt).
[    0.029207] clocksource: arch_sys_counter: mask: 0xffffffffffffff max_cycles: 0x2c47f4ee7, max_idle_ns: 440795202497 ns
[    0.039954] sched_clock: 56 bits at 12MHz, resolution 83ns, wraps every 4398046511096ns
[    0.047923] Switching to timer-based delay loop, resolution 83ns
[    0.054393] Console: colour dummy device 80x30
[    0.058339] Calibrating delay loop (skipped), value calculated using timer frequency.. 24.00 BogoMIPS (lpj=120000)
[    0.068648] pid_max: default: 32768 minimum: 301
[    0.073732] Mount-cache hash table entries: 2048 (order: 1, 8192 bytes)
[    0.079833] Mountpoint-cache hash table entries: 2048 (order: 1, 8192 bytes)
[    0.087671] CPU: Testing write buffer coherency: ok
[    0.092005] /cpus/cpu@0 missing clock-frequency property
[    0.097007] /cpus/cpu@1 missing clock-frequency property
[    0.102317] /cpus/cpu@2 missing clock-frequency property
[    0.107580] /cpus/cpu@3 missing clock-frequency property
[    0.112852] CPU0: thread -1, cpu 0, socket 0, mpidr 80000000
[    0.152967] Setting up static identity map for 0x80100000 - 0x801000a0
[    0.157721] Hierarchical SRCU implementation.
[    0.173493] Tegra Revision: A01 SKU: 129 CPU Process: 1 SoC Process: 1
[    0.192990] smp: Bringing up secondary CPUs ...
[    0.243619] CPU1: thread -1, cpu 1, socket 0, mpidr 80000001
[    0.323731] CPU2: thread -1, cpu 2, socket 0, mpidr 80000002
[    0.403849] CPU3: thread -1, cpu 3, socket 0, mpidr 80000003
[    0.413426] smp: Brought up 1 node, 4 CPUs
[    0.432531] SMP: Total of 4 processors activated (96.00 BogoMIPS).
[    0.438683] CPU: All CPU(s) started in SVC mode.
[    0.445115] devtmpfs: initialized
[    0.466729] Built 1 zonelists, mobility grouping on.  Total pages: 515750
[    0.472001] VFP support v0.3: implementor 41 architecture 4 part 30 variant f rev 0
[    0.479594] clocksource: jiffies: mask: 0xffffffff max_cycles: 0xffffffff, max_idle_ns: 19112604462750000 ns
[    0.489055] futex hash table entries: 1024 (order: 4, 65536 bytes)
[    0.495441] pinctrl core: initialized pinctrl subsystem
[    0.501602] NET: Registered protocol family 16
[    0.506042] DMA: preallocated 256 KiB pool for atomic coherent allocations
[    0.513149] cpuidle: using governor menu
[    0.539116] No ATAGs?
[    0.539253] hw-breakpoint: found 5 (+1 reserved) breakpoint and 4 watchpoint registers.
[    0.547615] hw-breakpoint: maximum watchpoint size is 8 bytes.
[    0.555386] iommu: Adding device 50000000.host1x to group 0
[    0.559153] iommu: Adding device 54200000.dc to group 1
[    0.564299] iommu: Adding device 54240000.dc to group 1
[    0.569540] iommu: Adding device 57000000.gpu to group 2
[    0.592245] +5V_SYS: supplied by +VDD_MUX
[    0.594740] +3.3V_SYS: supplied by +VDD_MUX
[    0.599319] +USB0_VBUS_SW: Failed to request enable GPIO108: -517
[    0.604615] reg-fixed-voltage regulators:regulator@7: Failed to register regulator: -517
[    0.612742] +5V_USB_HS: Failed to request enable GPIO109: -517
[    0.618466] reg-fixed-voltage regulators:regulator@8: Failed to register regulator: -517
[    0.626698] +1.05V_RUN_AVDD_HDMI_PLL: Failed to request enable GPIO63: -517
[    0.633495] reg-fixed-voltage regulators:regulator@11: Failed to register regulator: -517
[    0.641688] +5V_HDMI_CON: Failed to request enable GPIO86: -517
[    0.647503] reg-fixed-voltage regulators:regulator@12: Failed to register regulator: -517
[    0.655728] +5V_SATA: Failed to request enable GPIO242: -517
[    0.661278] reg-fixed-voltage regulators:regulator@13: Failed to register regulator: -517
[    0.669507] +12V_SATA: Failed to request enable GPIO242: -517
[    0.675149] reg-fixed-voltage regulators:regulator@14: Failed to register regulator: -517
[    0.684592] vgaarb: loaded
[    0.686754] SCSI subsystem initialized
[    0.689920] libata version 3.00 loaded.
[    0.693830] usbcore: registered new interface driver usbfs
[    0.699044] usbcore: registered new interface driver hub
[    0.704339] usbcore: registered new device driver usb
[    0.712544] Linux video capture interface: v2.00
[    0.715329] pps_core: LinuxPPS API ver. 1 registered
[    0.720212] pps_core: Software ver. 5.3.6 - Copyright 2005-2007 Rodolfo Giometti <giometti@linux.it>
[    0.729329] PTP clock support registered
[    0.734656] Advanced Linux Sound Architecture Driver Initialized.
[    0.739925] Bluetooth: Core ver 2.22
[    0.742864] NET: Registered protocol family 31
[    0.747258] Bluetooth: HCI device and connection manager initialized
[    0.753564] Bluetooth: HCI socket layer initialized
[    0.758440] Bluetooth: L2CAP socket layer initialized
[    0.763472] Bluetooth: SCO socket layer initialized
[    0.768915] clocksource: Switched to clocksource arch_sys_counter
[    0.868867] NET: Registered protocol family 2
[    0.872330] tcp_listen_portaddr_hash hash table entries: 512 (order: 0, 6144 bytes)
[    0.879045] TCP established hash table entries: 8192 (order: 3, 32768 bytes)
[    0.886054] TCP bind hash table entries: 8192 (order: 4, 65536 bytes)
[    0.892577] TCP: Hash tables configured (established 8192 bind 8192)
[    0.899207] UDP hash table entries: 512 (order: 2, 16384 bytes)
[    0.904632] UDP-Lite hash table entries: 512 (order: 2, 16384 bytes)
[    0.911281] NET: Registered protocol family 1
[    0.915959] RPC: Registered named UNIX socket transport module.
[    0.921176] RPC: Registered udp transport module.
[    0.925828] RPC: Registered tcp transport module.
[    0.930530] RPC: Registered tcp NFSv4.1 backchannel transport module.
[    0.937551] PCI: CLS 0 bytes, default 64
[    0.942657] hw perfevents: enabled with armv7_cortex_a15 PMU driver, 7 counters available
[    0.950788] Initialise system trusted keyrings
[    0.953565] workingset: timestamp_bits=30 max_order=19 bucket_order=0
[    0.961212] squashfs: version 4.0 (2009/01/31) Phillip Lougher
[    0.976418] NFS: Registering the id_resolver key type
[    0.979604] Key type id_resolver registered
[    0.983716] Key type id_legacy registered
[    0.992667] Key type asymmetric registered
[    0.994854] Asymmetric key parser 'x509' registered
[    0.999870] bounce: pool size: 64 pages
[    1.003590] io scheduler noop registered (default)
[    1.008288] io scheduler mq-deadline registered
[    1.012819] io scheduler kyber registered
[    1.018633]  usb2-0: usb2-0 supply vbus not found, using dummy regulator
[    1.023674]  usb2-1: usb2-1 supply vbus not found, using dummy regulator
[    1.030579] tegra-xusb-padctl 7009f000.padctl: failed to setup XUSB ports: -517
[    1.046631] tegra-pcie 1003000.pcie: 2x1, 1x1 configuration
[    1.050363] tegra-pcie 1003000.pcie: Failed to get supply 'avddio-pex': -517
[    1.060273] tegra124-dfll 70110000.clock: couldn't get vdd_cpu regulator
[    1.071013] tegra-apbdma 60020000.dma: Tegra20 APB DMA driver register 32 channels
[    1.077975] tegra-pmc 7000e400.pmc: emergency thermal reset enabled
[    1.083622] Serial: 8250/16550 driver, 4 ports, IRQ sharing disabled
[    1.091185] console [ttyS0] disabled
[    1.092896] 70006300.serial: ttyS0 at MMIO 0x70006300 (irq = 335, base_baud = 25500000) is a Tegra
[    1.102218] console [ttyS0] enabled
[    1.102218] console [ttyS0] enabled
[    1.108023] bootconsole [earlycon0] disabled
[    1.108023] bootconsole [earlycon0] disabled
[    1.117429] 70006000.serial: ttyTHS1 at MMIO 0x70006000 (irq = 333, base_baud = 0) is a TEGRA_UART
[    1.128466] 70006040.serial: ttyTHS2 at MMIO 0x70006040 (irq = 334, base_baud = 0) is a TEGRA_UART
[    1.157297] tegra-hdmi 54280000.hdmi: failed to get HDMI regulator
[    1.177264] loop: module loaded
[    1.181893] at24 0-0056: 256 byte 24c02 EEPROM, writable, 8 bytes/write
[    1.189363] as3722 4-0040: AS3722 with revision 0x1 found
[    1.201708] as3722-sd2: supplied by +5V_SYS
[    1.206396] as3722-sd3: supplied by +5V_SYS
[    1.210844] +1.35V_LP0(sd3): Bringing 0uV into 1350000-1350000uV
[    1.217227] as3722-sd4: supplied by +5V_SYS
[    1.221921] as3722-sd5: supplied by +5V_SYS
[    1.228016] as3722-ldo0: supplied by +1.35V_LP0(sd2)
[    1.234231] +1.8V_RUN_CAM: Bringing 0uV into 1800000-1800000uV
[    1.240503] as3722-ldo2: supplied by +1.8V_VDDIO
[    1.246454] as3722-ldo3: supplied by +3.3V_SYS
[    1.250987] +1.05V_LP0_VDD_RTC: Bringing 1100000uV into 1000000-1000000uV
[    1.258788] as3722-ldo4: supplied by +3.3V_SYS
[    1.263489] +2.8V_RUN_CAM: Bringing 0uV into 2800000-2800000uV
[    1.269753] as3722-ldo5: supplied by +1.8V_VDDIO
[    1.274604] +1.2V_RUN_CAM_FRONT: Bringing 0uV into 1200000-1200000uV
[    1.281603] +VDDIO_SDMMC3: bypassed regulator has no supply!
[    1.287256] +VDDIO_SDMMC3: failed to get the current voltage(-517)
[    1.293459] as3722-regulator as3722-regulator: regulator 13 register failed -517
[    1.304770] tegra-ahci 70027000.sata: couldn't get PHY in node sata: -517
[    1.323206] m25p80 spi1.0: w25q32dw (4096 Kbytes)
[    1.330140] libphy: Fixed MDIO Bus: probed
[    1.334233] CAN device driver interface
[    1.338115] igb: Intel(R) Gigabit Ethernet Network Driver - version 5.4.0-k
[    1.345319] igb: Copyright (c) 2007-2014 Intel Corporation.
[    1.351075] pegasus: v0.9.3 (2013/04/25), Pegasus/Pegasus II USB Ethernet driver
[    1.358525] usbcore: registered new interface driver pegasus
[    1.364275] usbcore: registered new interface driver asix
[    1.369744] usbcore: registered new interface driver ax88179_178a
[    1.375883] usbcore: registered new interface driver cdc_ether
[    1.381800] usbcore: registered new interface driver smsc75xx
[    1.387612] usbcore: registered new interface driver smsc95xx
[    1.393428] usbcore: registered new interface driver net1080
[    1.399158] usbcore: registered new interface driver cdc_subset
[    1.405124] usbcore: registered new interface driver zaurus
[    1.410782] usbcore: registered new interface driver cdc_ncm
[    1.416680] tegra-phy 7d000000.usb-phy: no vbus regulator
[    1.422329] tegra-phy 7d004000.usb-phy: no vbus regulator
[    1.428027] ehci_hcd: USB 2.0 'Enhanced' Host Controller (EHCI) Driver
[    1.434569] ehci-pci: EHCI PCI platform driver
[    1.439087] tegra-ehci: Tegra EHCI driver
[    1.445937] tegra-ehci 7d004000.usb: EHCI Host Controller
[    1.451379] tegra-ehci 7d004000.usb: new USB bus registered, assigned bus number 1
[    1.459211] tegra-ehci 7d004000.usb: irq 356, io mem 0x7d004000
[    1.488949] tegra-ehci 7d004000.usb: USB 2.0 started, EHCI 1.10
[    1.495784] hub 1-0:1.0: USB hub found
[    1.499596] hub 1-0:1.0: 1 port detected
[    1.504777] usbcore: registered new interface driver cdc_acm
[    1.510451] cdc_acm: USB Abstract Control Model driver for USB modems and ISDN adapters
[    1.518504] usbcore: registered new interface driver cdc_wdm
[    1.524265] usbcore: registered new interface driver usb-storage
[    1.538721] as3722-rtc as3722-rtc: rtc core: registered as3722-rtc as rtc0
[    1.545616] as3722-rtc as3722-rtc: RTC interrupt 379
[    1.553434] tegra_rtc 7000e000.rtc: rtc core: registered 7000e000.rtc as rtc1
[    1.560635] tegra_rtc 7000e000.rtc: Tegra internal Real Time Clock
[    1.567155] i2c /dev entries driver
[    1.571953] usbcore: registered new interface driver uvcvideo
[    1.577691] USB Video Class driver (1.1.1)
[    1.581805] gspca_main: v2.14.0 registered
[    1.586543] lm90 0-004c: 0-004c supply vcc not found, using dummy regulator
[    1.596881] tegra-wdt 60005000.timer: initialized (heartbeat = 120 sec, nowayout = 0)
[    1.605786] sdhci: Secure Digital Host Controller Interface driver
[    1.612116] sdhci: Copyright(c) Pierre Ossman
[    1.616468] sdhci-pltfm: SDHCI platform and OF driver helper
[    1.622483] sdhci-tegra 700b0400.sdhci: Got CD GPIO
[    1.627375] sdhci-tegra 700b0400.sdhci: Got WP GPIO
[    1.648674] mmc0: Unknown controller version (3). You may experience problems.
[    1.655955] mmc0: Invalid maximum block size, assuming 512 bytes
[    1.693095] mmc0: SDHCI controller on 700b0600.sdhci [700b0600.sdhci] using ADMA
[    1.701489] usbcore: registered new interface driver usbhid
[    1.707097] usbhid: USB HID core driver
[    1.751078] mmc0: new high speed MMC card at address 0001
[    1.761788] mmcblk0: mmc0:0001 SEM16G 14.7 GiB 
[    1.771502] mmcblk0boot0: mmc0:0001 SEM16G partition 1 4.00 MiB
[    1.782536] mmcblk0boot1: mmc0:0001 SEM16G partition 2 4.00 MiB
[    1.788685] mmcblk0rpmb: mmc0:0001 SEM16G partition 3 4.00 MiB, chardev (247:0)
[    1.797865]  mmcblk0: p1
[    2.150348] tegra30-i2s 70301100.i2s: DMA channels sourced from device 70300000.ahub
[    2.170662] tegra-snd-rt5640 sound: rt5640-aif1 <-> 70301100.i2s mapping ok
[    2.181579] input: NVIDIA Tegra Jetson TK1 Headphones as /devices/soc0/sound/sound/card1/input0
[    2.192888] NET: Registered protocol family 10
[    2.198766] Segment Routing with IPv6
[    2.202631] mip6: Mobile IPv6
[    2.205599] sit: IPv6, IPv4 and MPLS over IPv4 tunneling driver
[    2.213054] NET: Registered protocol family 17
[    2.217511] NET: Registered protocol family 15
[    2.222012] can: controller area network core (rev 20170425 abi 9)
[    2.228414] NET: Registered protocol family 29
[    2.232874] can: raw protocol (rev 20170425)
[    2.237139] can: broadcast manager protocol (rev 20170425 t)
[    2.242818] can: netlink gateway (rev 20170425) max_hops=1
[    2.248482] Bluetooth: RFCOMM socket layer initialized
[    2.253690] Bluetooth: RFCOMM ver 1.11
[    2.257458] Bluetooth: BNEP (Ethernet Emulation) ver 1.3
[    2.262788] Bluetooth: BNEP socket layer initialized
[    2.267747] Bluetooth: HIDP (Human Interface Emulation) ver 1.2
[    2.273683] Bluetooth: HIDP socket layer initialized
[    2.278870] Key type dns_resolver registered
[    2.283720] Registering SWP/SWPB emulation handler
[    2.289353] Loading compiled-in X.509 certificates
[    2.314032] +3.3V_RUN: supplied by +3.3V_SYS
[    2.319141] +USB0_VBUS_SW: supplied by +5V_SYS
[    2.323936] +3.3V_AVDD_HDMI_AP_GATED: supplied by +3.3V_RUN
[    2.329855] +5V_USB_HS: supplied by +5V_SYS
[    2.334877] +3.3V_LP0: supplied by +3.3V_SYS
[    2.340456] +5V_HDMI_CON: supplied by +5V_SYS
[    2.345256] +5V_SATA: supplied by +5V_SYS
[    2.349751] +12V_SATA: supplied by +VDD_MUX
[    2.355352]  usb2-0: usb2-0 supply vbus not found, using dummy regulator
[    2.362284]  usb2-1: usb2-1 supply vbus not found, using dummy regulator
[    2.369420]  usb3-0: usb3-0 supply vbus not found, using dummy regulator
[    2.376921] tegra-pcie 1003000.pcie: 2x1, 1x1 configuration
[    2.382561] tegra-pcie 1003000.pcie: Failed to get supply 'avddio-pex': -517
[    2.391703] tegra124-dfll 70110000.clock: couldn't get vdd_cpu regulator
[    2.401029] tegra-hdmi 54280000.hdmi: failed to get PLL regulator
[    2.409399] as3722-sd2: supplied by +5V_SYS
[    2.413895] as3722-sd3: supplied by +5V_SYS
[    2.418386] as3722-sd4: supplied by +5V_SYS
[    2.423085] as3722-sd5: supplied by +5V_SYS
[    2.428788] as3722-ldo0: supplied by +1.35V_LP0(sd2)
[    2.434516] as3722-ldo1: supplied by +3.3V_RUN
[    2.439362] as3722-ldo2: supplied by +1.8V_VDDIO
[    2.444997] as3722-ldo3: supplied by +3.3V_SYS
[    2.450695] as3722-ldo4: supplied by +3.3V_SYS
[    2.455445] as3722-ldo5: supplied by +1.8V_VDDIO
[    2.461352] input: tegra-hda HDMI/DP,pcm=3 as /devices/soc0/70030000.hda/sound/card0/input1
[    2.469991] as3722-ldo6: supplied by +3.3V_RUN
[    2.474995] as3722-ldo7: supplied by +1.8V_VDDIO
[    2.480417] +1.05V_RUN_CAM_REAR: Bringing 0uV into 1050000-1050000uV
[    2.487497] as3722-ldo9: supplied by +5V_SYS
[    2.493009] +3.3V_RUN_TOUCH: Bringing 0uV into 2800000-2800000uV
[    2.499781] as3722-ldo10: supplied by +5V_SYS
[    2.504891] +2.8V_RUN_CAM_AF: Bringing 0uV into 2800000-2800000uV
[    2.511765] as3722-ldo11: supplied by +3.3V_RUN
[    2.517052] +1.8V_RUN_VPP_FUSE: Bringing 0uV into 1800000-1800000uV
[    2.526346] tegra-ahci 70027000.sata: AHCI 0001.0301 32 slots 2 ports 3 Gbps 0x1 impl platform mode
[    2.535425] tegra-ahci 70027000.sata: flags: 64bit ncq sntf pm led pio slum part sadm sds apst 
[    2.545983] scsi host0: tegra-ahci
[    2.550453] scsi host1: tegra-ahci
[    2.554169] ata1: SATA max UDMA/133 mmio [mem 0x70027000-0x70028fff] port 0x100 irq 345
[    2.562213] ata2: DUMMY
[    2.565924] tegra-ehci 7d008000.usb: EHCI Host Controller
[    2.571414] tegra-ehci 7d008000.usb: new USB bus registered, assigned bus number 2
[    2.579304] tegra-ehci 7d008000.usb: irq 357, io mem 0x7d008000
[    2.609048] tegra-ehci 7d008000.usb: USB 2.0 started, EHCI 1.10
[    2.616184] hub 2-0:1.0: USB hub found
[    2.620071] hub 2-0:1.0: 1 port detected
[    2.689670] tegra-xusb 70090000.usb: Firmware timestamp: 2014-09-16 02:10:07 UTC
[    2.697096] tegra-xusb 70090000.usb: xHCI Host Controller
[    2.702543] tegra-xusb 70090000.usb: new USB bus registered, assigned bus number 3
[    2.712686] tegra-xusb 70090000.usb: hcc params 0x0184f525 hci version 0x100 quirks 0x00010010
[    2.721372] tegra-xusb 70090000.usb: irq 347, io mem 0x70090000
[    2.728504] hub 3-0:1.0: USB hub found
[    2.732390] hub 3-0:1.0: 6 ports detected
[    2.737288] tegra-xusb 70090000.usb: xHCI Host Controller
[    2.742765] tegra-xusb 70090000.usb: new USB bus registered, assigned bus number 4
[    2.750531] usb usb4: We don't know the algorithms for LPM for this host, disabling LPM.
[    2.759996] hub 4-0:1.0: USB hub found
[    2.763809] hub 4-0:1.0: 2 ports detected
[    2.769724] sdhci-tegra 700b0400.sdhci: Got CD GPIO
[    2.774621] sdhci-tegra 700b0400.sdhci: Got WP GPIO
[    2.788055] mmc1: Unknown controller version (3). You may experience problems.
[    2.795422] mmc1: Invalid maximum block size, assuming 512 bytes
[    2.832210] mmc1: SDHCI controller on 700b0400.sdhci [700b0400.sdhci] using ADMA
[    2.839970] tegra-pcie 1003000.pcie: 2x1, 1x1 configuration
[    2.847779] tegra-pcie 1003000.pcie: probing port 0, using 2 lanes
[    2.855629] tegra-pcie 1003000.pcie: Slot present pin change, signature: 00000008
[    2.880393] tegra-pcie 1003000.pcie: probing port 1, using 1 lanes
[    2.888697] tegra-pcie 1003000.pcie: Slot present pin change, signature: 00000000
[    2.892298] ata1: SATA link down (SStatus 0 SControl 300)
[    2.902676] tegra-pcie 1003000.pcie: PCI host bridge to bus 0000:00
[    2.908988] pci_bus 0000:00: root bus resource [io  0x0000-0xffff]
[    2.915219] pci_bus 0000:00: root bus resource [mem 0x13000000-0x1fffffff]
[    2.922169] pci_bus 0000:00: root bus resource [mem 0x20000000-0x3fffffff pref]
[    2.929536] pci_bus 0000:00: root bus resource [bus 00-ff]
[    2.935069] pci 0000:00:01.0: [10de:0e12] type 01 class 0x060400
[    2.941140] pci_bus 0000:00: 2-byte config write to 0000:00:01.0 offset 0x4 may corrupt adjacent RW1C bits
[    2.950861] pci_bus 0000:00: 2-byte config write to 0000:00:01.0 offset 0x4 may corrupt adjacent RW1C bits
[    2.960591] pci 0000:00:01.0: enabling Extended Tags
[    2.965557] pci_bus 0000:00: 2-byte config write to 0000:00:01.0 offset 0x88 may corrupt adjacent RW1C bits
[    2.975366] pci_bus 0000:00: 2-byte config write to 0000:00:01.0 offset 0x52 may corrupt adjacent RW1C bits
[    2.985207] pci 0000:00:01.0: PME# supported from D0 D1 D2 D3hot D3cold
[    2.991880] pci_bus 0000:00: 2-byte config write to 0000:00:01.0 offset 0x4c may corrupt adjacent RW1C bits
[    3.001910] pci 0000:00:02.0: [10de:0e13] type 01 class 0x060400
[    3.007968] pci_bus 0000:00: 2-byte config write to 0000:00:02.0 offset 0x4 may corrupt adjacent RW1C bits
[    3.017689] pci_bus 0000:00: 2-byte config write to 0000:00:02.0 offset 0x4 may corrupt adjacent RW1C bits
[    3.027421] pci 0000:00:02.0: enabling Extended Tags
[    3.032407] pci_bus 0000:00: 2-byte config write to 0000:00:02.0 offset 0x88 may corrupt adjacent RW1C bits
[    3.042212] pci_bus 0000:00: 2-byte config write to 0000:00:02.0 offset 0x52 may corrupt adjacent RW1C bits
[    3.052052] pci 0000:00:02.0: PME# supported from D0 D1 D2 D3hot D3cold
[    3.058705] pci_bus 0000:00: 2-byte config write to 0000:00:02.0 offset 0x4c may corrupt adjacent RW1C bits
[    3.068745] PCI: bus0: Fast back to back transfers disabled
[    3.074375] pci 0000:00:01.0: bridge configuration invalid ([bus 00-00]), reconfiguring
[    3.082455] pci 0000:00:02.0: bridge configuration invalid ([bus 00-00]), reconfiguring
[    3.090743] pci 0000:01:00.0: [8086:4232] type 00 class 0x028000
[    3.096892] pci 0000:01:00.0: reg 0x10: [mem 0x00000000-0x00001fff 64bit]
[    3.103971] pci 0000:01:00.0: PME# supported from D0 D3hot D3cold
[    3.121707] mmc1: new high speed SDHC card at address aaaa
[    3.132537] mmcblk1: mmc1:aaaa SD04G 3.69 GiB 
[    3.139035] PCI: bus1: Fast back to back transfers disabled
[    3.144708] pci_bus 0000:01: busn_res: [bus 01-ff] end is updated to 01
[    3.151622] pci 0000:02:00.0: [10ec:8168] type 00 class 0x020000
[    3.157685] pci 0000:02:00.0: reg 0x10: [io  0x0000-0x00ff]
[    3.163608] pci 0000:02:00.0: reg 0x18: [mem 0x00000000-0x00000fff 64bit]
[    3.170601] pci 0000:02:00.0: reg 0x20: [mem 0x00000000-0x00003fff 64bit pref]
[    3.178133] pci 0000:02:00.0: supports D1 D2
[    3.182579] pci 0000:02:00.0: PME# supported from D0 D1 D2 D3hot D3cold
[    3.194611]  mmcblk1: p1 p2 p3
[    3.219113] PCI: bus2: Fast back to back transfers disabled
[    3.224704] pci_bus 0000:02: busn_res: [bus 02-ff] end is updated to 02
[    3.231440] pci 0000:00:01.0: BAR 8: assigned [mem 0x13000000-0x130fffff]
[    3.238223] pci 0000:00:02.0: BAR 8: assigned [mem 0x13100000-0x131fffff]
[    3.245077] pci 0000:00:02.0: BAR 9: assigned [mem 0x20000000-0x200fffff 64bit pref]
[    3.252888] pci 0000:00:02.0: BAR 7: assigned [io  0x1000-0x1fff]
[    3.259011] pci 0000:01:00.0: BAR 0: assigned [mem 0x13000000-0x13001fff 64bit]
[    3.266357] pci 0000:00:01.0: PCI bridge to [bus 01]
[    3.271377] pci 0000:00:01.0:   bridge window [mem 0x13000000-0x130fffff]
[    3.278178] pci 0000:02:00.0: BAR 4: assigned [mem 0x20000000-0x20003fff 64bit pref]
[    3.285950] pci 0000:02:00.0: BAR 2: assigned [mem 0x13100000-0x13100fff 64bit]
[    3.293286] pci 0000:02:00.0: BAR 0: assigned [io  0x1000-0x10ff]
[    3.299398] pci 0000:00:02.0: PCI bridge to [bus 02]
[    3.304359] pci 0000:00:02.0:   bridge window [io  0x1000-0x1fff]
[    3.310467] pci 0000:00:02.0:   bridge window [mem 0x13100000-0x131fffff]
[    3.317249] pci 0000:00:02.0:   bridge window [mem 0x20000000-0x200fffff 64bit pref]
[    3.325031] pci 0000:00:01.0: nv_msi_ht_cap_quirk didn't locate host bridge
[    3.332150] pcieport 0000:00:01.0: enabling device (0140 -> 0142)
[    3.338551] pcieport 0000:00:01.0: Signaling PME with IRQ 395
[    3.344495] pci 0000:00:02.0: nv_msi_ht_cap_quirk didn't locate host bridge
[    3.351576] pcieport 0000:00:02.0: enabling device (0140 -> 0143)
[    3.357931] pcieport 0000:00:02.0: Signaling PME with IRQ 396
[    3.364087] r8169 Gigabit Ethernet driver 2.3LK-NAPI loaded
[    3.369731] r8169 0000:02:00.0: enabling device (0140 -> 0143)
[    3.400803] r8169 0000:02:00.0 eth0: RTL8168g/8111g at 0x3ad0dc5f, 00:04:4b:3a:d9:81, XID 0c000800 IRQ 397
[    3.410481] r8169 0000:02:00.0 eth0: jumbo features [frames: 9200 bytes, tx checksumming: ko]
[    3.422685] +1.05V_RUN_AVDD_HDMI_PLL: supplied by +1.05V_RUN
[    3.431996] [drm] Supports vblank timestamp caching Rev 2 (21.10.2013).
[    3.438622] [drm] No driver support for vblank timestamp query.
[    3.577194] tegra-hdmi 54280000.hdmi: cannot set audio to 48000 Hz at 297000000 Hz pixel clock
[    3.741372] Console: switching to colour frame buffer device 512x135
[    3.837453] drm drm: fb0:  frame buffer device
[    3.842120] [drm] Initialized tegra 0.0.0 20120330 for drm on minor 0
[    3.849602] cpufreq: cpufreq_online: CPU0: Running at unlisted freq: 696000 KHz
[    3.856927] cpufreq: cpufreq_online: CPU0: Unlisted initial frequency changed to: 714000 KHz
[    3.865973] input: gpio-keys as /devices/soc0/gpio-keys/input/input2
[    3.873390] as3722-rtc as3722-rtc: setting system clock to 2000-01-01 00:00:15 UTC (946684815)
[    3.882147] cfg80211: Loading compiled-in X.509 certificates for regulatory database
[    3.891808] cfg80211: Loaded X.509 cert 'sforshee: 00b28ddf47aef9cea7'
[    3.898448] platform regulatory.0: Direct firmware load for regulatory.db failed with error -2
[    3.899221] +USB0_VBUS_SW: disabling
[    3.907115] cfg80211: failed to load regulatory.db
[    3.910689] +1.8V_RUN_CAM: disabling
[    3.919263] +2.8V_RUN_CAM: disabling
[    3.923007] +1.2V_RUN_CAM_FRONT: disabling
[    3.927265] +1.05V_RUN_CAM_REAR: disabling
[    3.931608] +3.3V_RUN_TOUCH: disabling
[    3.935568] +2.8V_RUN_CAM_AF: disabling
[    3.939648] +1.8V_RUN_VPP_FUSE: disabling
[    3.943866] ALSA device list:
[    3.946831]   #0: tegra-hda at 0x70038000 irq 346
[    3.951554]   #1: NVIDIA Tegra Jetson TK1
[    3.956496] EXT4-fs (mmcblk0p1): mounting ext3 file system using the ext4 subsystem
[    4.011977] EXT4-fs (mmcblk0p1): recovery complete
[    4.017722] EXT4-fs (mmcblk0p1): mounted filesystem with ordered data mode. Opts: (null)
[    4.025898] VFS: Mounted root (ext3 filesystem) on device 179:1.
[    4.036926] devtmpfs: mounted
[    4.040325] Freeing unused kernel memory: 1024K
bash: cannot set terminal process group (-1): Inappropriate ioctl for device
bash: no job control in this shell
root@(none):/# 